D/dalvikvm(17641): DexOpt: unable to opt direct call 0x0727 at 0xfc in Landroidx/core/view/accessibility/AccessibilityNodeInfoCompat$AccessibilityActionCompat;.<clinit>
D/dalvikvm(17641): DexOpt: unable to opt direct call 0x0727 at 0x110 in Landroidx/core/view/accessibility/AccessibilityNodeInfoCompat$AccessibilityActionCompat;.<clinit>
D/dalvikvm(17641): DexOpt: unable to opt direct call 0x0727 at 0x139 in Landroidx/core/view/accessibility/AccessibilityNodeInfoCompat$AccessibilityActionCompat;.<clinit>
D/dalvikvm(17641): DexOpt: unable to opt direct call 0x0727 at 0x162 in Landroidx/core/view/accessibility/AccessibilityNodeInfoCompat$AccessibilityActionCompat;.<clinit>
D/dalvikvm(17641): DexOpt: unable to opt direct call 0x0727 at 0x178 in Landroidx/core/view/accessibility/AccessibilityNodeInfoCompat$AccessibilityActionCompat;.<clinit>
D/dalvikvm(17641): DexOpt: unable to opt direct call 0x0727 at 0x18c in Landroidx/core/view/accessibility/AccessibilityNodeInfoCompat$AccessibilityActionCompat;.<clinit>
D/dalvikvm(17641): DexOpt: unable to opt direct call 0x0727 at 0x1a0 in Landroidx/core/view/accessibility/AccessibilityNodeInfoCompat$AccessibilityActionCompat;.<clinit>
D/dalvikvm(17641): DexOpt: unable to opt direct call 0x0727 at 0x1b4 in Landroidx/core/view/accessibility/AccessibilityNodeInfoCompat$AccessibilityActionCompat;.<clinit>
D/dalvikvm(17641): DexOpt: unable to opt direct call 0x0727 at 0x1c8 in Landroidx/core/view/accessibility/AccessibilityNodeInfoCompat$AccessibilityActionCompat;.<clinit>
D/dalvikvm(17641): DexOpt: unable to opt direct call 0x0727 at 0x1de in Landroidx/core/view/accessibility/AccessibilityNodeInfoCompat$AccessibilityActionCompat;.<clinit>
D/dalvikvm(17641): DexOpt: unable to opt direct call 0x0727 at 0x1f4 in Landroidx/core/view/accessibility/AccessibilityNodeInfoCompat$AccessibilityActionCompat;.<clinit>
D/dalvikvm(17641): DexOpt: unable to opt direct call 0x0727 at 0x20a in Landroidx/core/view/accessibility/AccessibilityNodeInfoCompat$AccessibilityActionCompat;.<clinit>
D/dalvikvm(17641): DexOpt: unable to opt direct call 0x0727 at 0x21e in Landroidx/core/view/accessibility/AccessibilityNodeInfoCompat$AccessibilityActionCompat;.<clinit>
D/dalvikvm(17641): DexOpt: unable to opt direct call 0x0727 at 0x11 in Landroidx/core/view/accessibility/AccessibilityNodeInfoCompat$AccessibilityActionCompat;.<init>
I/dalvikvm(17641): Could not find method android.view.ViewConfiguration.shouldShowMenuShortcutsWhenKeyboardPresent, referenced from method androidx.appcompat.view.menu.MenuBuilder.<init>
W/dalvikvm(17641): VFY: unable to resolve virtual method 1517: Landroid/view/ViewConfiguration;.shouldShowMenuShortcutsWhenKeyboardPresent ()Z
D/dalvikvm(17641): VFY: replacing opcode 0x6e at 0x005b
I/dalvikvm(17641): Could not find method android.view.View.setTooltipText, referenced from method androidx.appcompat.R$string.setTooltipText
W/dalvikvm(17641): VFY: unable to resolve virtual method 1492: Landroid/view/View;.setTooltipText (Ljava/lang/CharSequence;)V
D/dalvikvm(17641): VFY: replacing opcode 0x6e at 0x0006
I/dalvikvm(17641): Could not find method android.view.ViewConfiguration.getScaledHoverSlop, referenced from method androidx.appcompat.widget.TooltipCompatHandler.<init>
W/dalvikvm(17641): VFY: unable to resolve virtual method 1509: Landroid/view/ViewConfiguration;.getScaledHoverSlop ()I
D/dalvikvm(17641): VFY: replacing opcode 0x6e at 0x0025
E/dalvikvm(17641): Could not find class 'android.support.v4.app.FragmentActivity', referenced from method a.a.a.ag.c
W/dalvikvm(17641): VFY: unable to resolve check-cast 122 (Landroid/support/v4/app/FragmentActivity;) in La/a/a/ag;
D/dalvikvm(17641): VFY: replacing opcode 0x1f at 0x0008
I/dalvikvm(17641): Could not find method android.support.v4.app.FragmentActivity.getSupportFragmentManager, referenced from method a.a.a.ag.c
W/dalvikvm(17641): VFY: unable to resolve virtual method 750: Landroid/support/v4/app/FragmentActivity;.getSupportFragmentManager ()Landroid/support/v4/app/FragmentManager;
D/dalvikvm(17641): VFY: replacing opcode 0x6e at 0x000e
I/dalvikvm(17641): Could not find method android.support.v4.app.FragmentActivity.getSupportFragmentManager, referenced from method a.a.a.ag.c
W/dalvikvm(17641): VFY: unable to resolve virtual method 750: Landroid/support/v4/app/FragmentActivity;.getSupportFragmentManager ()Landroid/support/v4/app/FragmentManager;
D/dalvikvm(17641): VFY: replacing opcode 0x6e at 0x001a
W/dalvikvm(17641): VFY: unable to find class referenced in signature (Landroid/support/v4/app/Fragment;)
W/dalvikvm(17641): VFY: unable to find class referenced in signature (Landroid/support/v4/app/Fragment;)
I/ActivityManager( 1570): Displayed com.emmanuelmess.itsdicey/.MainActivity: +301ms
D/EGL_emulation( 1949): eglMakeCurrent: 0xb90a06f0: ver 3 0
I/AndroidRipper(17641): [RipperTestCase] Ready to operate after restarting...
I/ContentMaintenance( 2156): Internal cache bytes used: 0; limit: 39526809; download size: 0
I/RealtimeCacheCleanup( 2156): Beginning Realtime garbage collection.
I/RealtimeCacheCleanup( 2156): Finished Realtime garbage collection.
V/RipperService( 5017): PING
V/AndroidRipperService( 5017): mHandler.handleMessage() RECIVED
V/AndroidRipperService( 5017): broadcast()
V/AndroidRipperService( 5017): broadcast() done
V/        ( 5017): ready
I/AndroidRipper(17641): Recived message: PING
V/AndroidRipperService( 5017): send()
V/RipperService( 5017): PING
V/AndroidRipperService( 5017): mHandler.handleMessage() RECIVED
V/AndroidRipperService( 5017): broadcast()
V/AndroidRipperService( 5017): broadcast() done
V/        ( 5017): ready
I/AndroidRipper(17641): Recived message: PING
V/AndroidRipperService( 5017): send()
V/RipperService( 5017): DSC
V/AndroidRipperService( 5017): mHandler.handleMessage() RECIVED
V/AndroidRipperService( 5017): broadcast()
V/AndroidRipperService( 5017): broadcast() done
I/AndroidRipper(17641): Recived message: DSC
V/        ( 5017): ready
I/AndroidRipper(17641): [b] Found widget: id=-1 (android.widget.LinearLayout{9d0dc5b0 V.E..... ......I. 0,0-1080,1794})
I/AndroidRipper(17641): [b] Found widget: id=16909070 (android.view.ViewStub{9d0e0af0 G.E..... ......I. 0,0-0,0 #102030e})
I/AndroidRipper(17641): [b] Found widget: id=-1 (android.widget.FrameLayout{9d0e0f80 V.E..... ......I. 0,66-1080,1794})
I/AndroidRipper(17641): [b] Found widget: id=2131230771 (androidx.appcompat.widget.FitWindowsLinearLayout{9d0b8f30 V.E..... ......I. 0,0-1080,1728 #7f080033 app:id/action_bar_root})
I/AndroidRipper(17641): [b] Found widget: id=2131230782 (androidx.appcompat.widget.ViewStubCompat{9d0916f0 G.E..... ......I. 0,0-0,0 #7f08003e app:id/action_mode_bar_stub})
I/AndroidRipper(17641): [b] Found widget: id=16908290 (androidx.appcompat.widget.ContentFrameLayout{9d08b780 V.ED.... ......I. 0,0-1080,1728 #1020002 android:id/content})
I/AndroidRipper(17641): [b] Found widget: id=-1 (androidx.coordinatorlayout.widget.CoordinatorLayout{9d0911b8 V.E..... ......I. 0,0-1080,1728})
I/AndroidRipper(17641): [b] Found widget: id=-1 (com.google.android.material.appbar.AppBarLayout{9d0a9a60 V.E..... ......I. 0,0-1080,147})
I/AndroidRipper(17641): [b] Found widget: id=2131231108 (androidx.appcompat.widget.Toolbar{9d0b3570 V.E..... ......I. 0,0-1080,147 #7f080184 app:id/toolbar})
I/AndroidRipper(17641): [b] Found widget: id=-1 (androidx.appcompat.widget.AppCompatTextView{9d0fb338 V.ED.... ........ 42,38-261,109})
I/AndroidRipper(17641): [b] Found widget: id=-1 (androidx.appcompat.widget.ActionMenuView{9d0a7df0 V.E..... ......ID 1080,0-1080,147})
I/AndroidRipper(17641): [b] Found widget: id=-1 (androidx.constraintlayout.widget.ConstraintLayout{9d0c74b8 V.E..... ......I. 0,147-1080,1728})
D/dalvikvm(17641): GC_CONCURRENT freed 425K, 16% free 3321K/3948K, paused 2ms+0ms, total 6ms
I/AndroidRipper(17641): [b] Found widget: id=2131230853 (com.emmanuelmess.itsdicey.DiceView{9d0ca0e8 V.ED.... ........ 0,0-1080,1581 #7f080085 app:id/diceView})
I/AndroidRipper(17641): [b] Found widget: id=2131231111 (androidx.appcompat.widget.AppCompatTextView{9d0e1a20 G.ED.... ......I. 0,0-0,0 #7f080187 app:id/touchToRestartTextView})
I/AndroidRipper(17641): [b] Found widget: id=-1 (com.android.internal.policy.impl.PhoneWindow$DecorView{9d0da7d8 V.E..... R.....I. 0,0-1080,1794})
V/AndroidRipperService( 5017): send()
D/dalvikvm( 1570): GC_FOR_ALLOC freed 2397K, 46% free 9302K/17200K, paused 7ms, total 7ms
D/dalvikvm( 5017): GC_FOR_ALLOC freed 480K, 19% free 3090K/3796K, paused 2ms, total 2ms
V/RipperService( 5017): EVT
V/AndroidRipperService( 5017): mHandler.handleMessage() RECIVED
V/AndroidRipperService( 5017): broadcast()
I/AndroidRipper(17641): Recived message: EVT
V/RipperTestCase(17641): START_EVENT[100|1629028892292]
V/AndroidRipperService( 5017): broadcast() done
V/        ( 5017): ready
V/AndroidRipperService( 5017): send()
V/RipperTestCase(17641): END_EVENT[100|1629028893298]
V/RipperService( 5017): PING
V/AndroidRipperService( 5017): mHandler.handleMessage() RECIVED
V/AndroidRipperService( 5017): broadcast()
I/AndroidRipper(17641): Recived message: PING
V/AndroidRipperService( 5017): send()
V/AndroidRipperService( 5017): broadcast() done
V/        ( 5017): ready
V/RipperService( 5017): DSC
V/AndroidRipperService( 5017): mHandler.handleMessage() RECIVED
V/AndroidRipperService( 5017): broadcast()
I/AndroidRipper(17641): Recived message: DSC
V/AndroidRipperService( 5017): broadcast() done
V/        ( 5017): ready
I/AndroidRipper(17641): [b] Found widget: id=-1 (android.widget.LinearLayout{9d0dc5b0 V.E..... ......I. 0,0-1080,1794})
I/AndroidRipper(17641): [b] Found widget: id=16909070 (android.view.ViewStub{9d0e0af0 G.E..... ......I. 0,0-0,0 #102030e})
D/dalvikvm(17641): GC_CONCURRENT freed 340K, 14% free 3407K/3948K, paused 3ms+2ms, total 8ms
I/AndroidRipper(17641): [b] Found widget: id=-1 (android.widget.FrameLayout{9d0e0f80 V.E..... ......I. 0,66-1080,1794})
I/AndroidRipper(17641): [b] Found widget: id=2131230771 (androidx.appcompat.widget.FitWindowsLinearLayout{9d0b8f30 V.E..... ......I. 0,0-1080,1728 #7f080033 app:id/action_bar_root})
I/AndroidRipper(17641): [b] Found widget: id=2131230782 (androidx.appcompat.widget.ViewStubCompat{9d0916f0 G.E..... ......I. 0,0-0,0 #7f08003e app:id/action_mode_bar_stub})
I/AndroidRipper(17641): [b] Found widget: id=16908290 (androidx.appcompat.widget.ContentFrameLayout{9d08b780 V.ED.... ......I. 0,0-1080,1728 #1020002 android:id/content})
I/AndroidRipper(17641): [b] Found widget: id=-1 (androidx.coordinatorlayout.widget.CoordinatorLayout{9d0911b8 V.E..... ......I. 0,0-1080,1728})
I/AndroidRipper(17641): [b] Found widget: id=-1 (com.google.android.material.appbar.AppBarLayout{9d0a9a60 V.E..... ......I. 0,0-1080,147})
I/AndroidRipper(17641): [b] Found widget: id=2131231108 (androidx.appcompat.widget.Toolbar{9d0b3570 V.E..... ......I. 0,0-1080,147 #7f080184 app:id/toolbar})
I/AndroidRipper(17641): [b] Found widget: id=-1 (androidx.appcompat.widget.AppCompatTextView{9d0fb338 V.ED.... ........ 42,38-261,109})
I/AndroidRipper(17641): [b] Found widget: id=-1 (androidx.appcompat.widget.ActionMenuView{9d0a7df0 V.E..... ......ID 1080,0-1080,147})
I/AndroidRipper(17641): [b] Found widget: id=-1 (androidx.constraintlayout.widget.ConstraintLayout{9d0c74b8 V.E..... ......I. 0,147-1080,1728})
I/AndroidRipper(17641): [b] Found widget: id=2131230853 (com.emmanuelmess.itsdicey.DiceView{9d0ca0e8 V.ED.... ........ 0,0-1080,1581 #7f080085 app:id/diceView})
I/AndroidRipper(17641): [b] Found widget: id=2131231111 (androidx.appcompat.widget.AppCompatTextView{9d0e1a20 G.ED.... ......I. 0,0-0,0 #7f080187 app:id/touchToRestartTextView})
I/AndroidRipper(17641): [b] Found widget: id=-1 (com.android.internal.policy.impl.PhoneWindow$DecorView{9d0da7d8 V.E..... R.....I. 0,0-1080,1794})
V/AndroidRipperService( 5017): send()
V/RipperService( 5017): EVT
V/AndroidRipperService( 5017): mHandler.handleMessage() RECIVED
V/AndroidRipperService( 5017): broadcast()
I/AndroidRipper(17641): Recived message: EVT
V/RipperTestCase(17641): START_EVENT[101|1629028893400]
V/AndroidRipperService( 5017): broadcast() done
V/        ( 5017): ready
D/gralloc_ranchu( 1144): gralloc_alloc: Creating ashmem region of size 1323008
D/        ( 1570): HostConnection::get() New Host Connection established 0xb91dc450, tid 1911
D/dalvikvm( 1570): GC_FOR_ALLOC freed 1497K, 47% free 9244K/17200K, paused 9ms, total 9ms
D/EGL_emulation( 1949): eglMakeCurrent: 0xb90a06f0: ver 3 0
D/EGL_emulation( 1949): eglMakeCurrent: 0xb90a06f0: ver 3 0
E/EGL_emulation( 1949): tid 1949: eglSurfaceAttrib(1199): error 0x3009 (EGL_BAD_MATCH)
W/HardwareRenderer( 1949): Backbuffer cannot be preserved
D/dalvikvm( 1949): GC_FOR_ALLOC freed 8843K, 35% free 17882K/27228K, paused 3ms, total 3ms
I/dalvikvm-heap( 1949): Grow heap (frag case) to 24.763MB for 7464972-byte allocation
D/dalvikvm( 1949): GC_FOR_ALLOC freed 1K, 8% free 25170K/27228K, paused 4ms, total 4ms
D/EGL_emulation(17641): eglMakeCurrent: 0xb90302c0: ver 3 0
D/dalvikvm( 1570): GC_FOR_ALLOC freed 914K, 43% free 9885K/17200K, paused 7ms, total 8ms
V/RipperService( 5017): END
V/AndroidRipperService( 5017): mHandler.handleMessage() RECIVED
V/AndroidRipperService( 5017): broadcast()
V/AndroidRipperService( 5017): broadcast() done
V/        ( 5017): ready
D/dalvikvm( 5017): GC_FOR_ALLOC freed 535K, 20% free 3058K/3796K, paused 3ms, total 3ms
D/AndroidRuntime(17710): 
D/AndroidRuntime(17710): >>>>>> AndroidRuntime START com.android.internal.os.RuntimeInit <<<<<<
W/linker  (17710): libdvm.so has text relocations. This is wasting memory and is a security risk. Please fix.
D/AndroidRuntime(17710): CheckJNI is ON
D/dalvikvm(17710): Trying to load lib libjavacore.so 0x0
D/dalvikvm(17710): Added shared lib libjavacore.so 0x0
D/dalvikvm(17710): Trying to load lib libnativehelper.so 0x0
D/dalvikvm(17710): Added shared lib libnativehelper.so 0x0
D/dalvikvm(17710): No JNI_OnLoad found in libnativehelper.so 0x0, skipping init
D/dalvikvm(17710): Note: class Landroid/app/ActivityManagerNative; has 179 unimplemented (abstract) methods
E/memtrack(17710): Couldn't load memtrack module (No such file or directory)
E/android.os.Debug(17710): failed to load memtrack module: -2
D/AndroidRuntime(17710): Calling main entry com.android.commands.pm.Pm
D/AndroidRuntime(17710): Shutting down VM
D/dalvikvm(17710): GC_CONCURRENT freed 93K, 15% free 557K/652K, paused 0ms+0ms, total 0ms
D/AndroidRuntime(17721): 
D/AndroidRuntime(17721): >>>>>> AndroidRuntime START com.android.internal.os.RuntimeInit <<<<<<
W/linker  (17721): libdvm.so has text relocations. This is wasting memory and is a security risk. Please fix.
D/AndroidRuntime(17721): CheckJNI is ON
D/dalvikvm(17721): Trying to load lib libjavacore.so 0x0
D/dalvikvm(17721): Added shared lib libjavacore.so 0x0
D/dalvikvm(17721): Trying to load lib libnativehelper.so 0x0
D/dalvikvm(17721): Added shared lib libnativehelper.so 0x0
D/dalvikvm(17721): No JNI_OnLoad found in libnativehelper.so 0x0, skipping init
D/dalvikvm(17721): Note: class Landroid/app/ActivityManagerNative; has 179 unimplemented (abstract) methods
E/memtrack(17721): Couldn't load memtrack module (No such file or directory)
E/android.os.Debug(17721): failed to load memtrack module: -2
D/AndroidRuntime(17721): Calling main entry com.android.commands.pm.Pm
D/AndroidRuntime(17630): Shutting down VM
D/dalvikvm(17630): GC_CONCURRENT freed 96K, 15% free 557K/656K, paused 0ms+0ms, total 0ms
I/ActivityManager( 1570): Force stopping com.emmanuelmess.itsdicey appid=10174 user=0: clear data
I/ActivityManager( 1570): Killing 17641:com.emmanuelmess.itsdicey/u0a174 (adj 0): stop com.emmanuelmess.itsdicey
W/ActivityManager( 1570): Crash of app com.emmanuelmess.itsdicey running instrumentation ComponentInfo{it.unina.android.ripper/android.test.InstrumentationTestRunner}
D/keystore( 1149): calling clear_uid in state: 3
I/GeofencerStateMachine( 1786): removeGeofences: removeRequest=RemoveGeofencingRequest[REMOVE_ALL packageName=com.emmanuelmess.itsdicey]
D/Documents( 4472): Used cached roots for com.android.providers.downloads.documents
D/Documents( 4472): Used cached roots for com.android.externalstorage.documents
D/Documents( 4472): Used cached roots for com.android.providers.media.documents
D/Documents( 4472): Update found 6 roots in 2ms
I/ActivityManager( 1570): Force stopping com.emmanuelmess.itsdicey appid=10174 user=0: finished inst
D/AndroidRuntime(17721): Shutting down VM
I/Fitness ( 1786): FitCleanupIntentOperation received Intent android.intent.action.PACKAGE_DATA_CLEARED [CONTEXT service_id=17 ]
D/dalvikvm(17721): GC_CONCURRENT freed 93K, 15% free 549K/644K, paused 1ms+0ms, total 1ms
I/Icing   ( 2156): doRemovePackageData com.emmanuelmess.itsdicey
D/AndroidRuntime(17747): 
D/AndroidRuntime(17747): >>>>>> AndroidRuntime START com.android.internal.os.RuntimeInit <<<<<<
W/linker  (17747): libdvm.so has text relocations. This is wasting memory and is a security risk. Please fix.
D/AndroidRuntime(17747): CheckJNI is ON
D/dalvikvm(17747): Trying to load lib libjavacore.so 0x0
D/dalvikvm(17747): Added shared lib libjavacore.so 0x0
D/dalvikvm(17747): Trying to load lib libnativehelper.so 0x0
D/dalvikvm(17747): Added shared lib libnativehelper.so 0x0
D/dalvikvm(17747): No JNI_OnLoad found in libnativehelper.so 0x0, skipping init
D/dalvikvm(17747): Note: class Landroid/app/ActivityManagerNative; has 179 unimplemented (abstract) methods
E/memtrack(17747): Couldn't load memtrack module (No such file or directory)
E/android.os.Debug(17747): failed to load memtrack module: -2
D/AndroidRuntime(17747): Calling main entry com.android.commands.pm.Pm
D/keystore( 1149): calling clear_uid in state: 3
I/ActivityManager( 1570): Force stopping com.emmanuelmess.itsdicey appid=10174 user=-1: uninstall pkg
W/PackageManager( 1570): Couldn't delete native library directory /data/app-lib/com.emmanuelmess.itsdicey
I/ActivityManager( 1570): Force stopping com.emmanuelmess.itsdicey appid=10174 user=0: pkg removed
D/dalvikvm( 2451): GC_EXPLICIT freed 215K, 19% free 3416K/4208K, paused 0ms+0ms, total 3ms
D/dalvikvm( 2665): GC_EXPLICIT freed 163K, 16% free 3508K/4140K, paused 0ms+0ms, total 2ms
W/Launcher.Model( 2665): Nobody to tell about the new app.  Launcher is probably loading.
I/PackageManager( 1570):   Action: "android.intent.action.SENDTO"
I/PackageManager( 1570):   Category: "android.intent.category.DEFAULT"
I/PackageManager( 1570):   Scheme: "sms"
I/PackageManager( 1570): Adding preferred activity ComponentInfo{com.android.mms/com.android.mms.ui.ComposeMessageActivity} for user 0 :
I/GeofencerStateMachine( 1786): removeGeofences: removeRequest=RemoveGeofencingRequest[REMOVE_ALL packageName=com.emmanuelmess.itsdicey]
I/InputReader( 1570): Reconfiguring input devices.  changes=0x00000010
I/PackageManager( 1570):   Action: "android.intent.action.SENDTO"
I/PackageManager( 1570):   Category: "android.intent.category.DEFAULT"
I/PackageManager( 1570):   Scheme: "smsto"
I/PackageManager( 1570): Adding preferred activity ComponentInfo{com.android.mms/com.android.mms.ui.ComposeMessageActivity} for user 0 :
D/Documents( 4472): Used cached roots for com.android.providers.downloads.documents
D/Documents( 4472): Used cached roots for com.android.externalstorage.documents
D/Documents( 4472): Used cached roots for com.android.providers.media.documents
D/Documents( 4472): Update found 6 roots in 9ms
D/VoicemailCleanupService( 1893): Cleaning up data for package: com.emmanuelmess.itsdicey
D/dalvikvm( 1805): GC_FOR_ALLOC freed 459K, 18% free 3635K/4400K, paused 2ms, total 2ms
I/PackageManager( 1570):   Action: "android.intent.action.SENDTO"
I/PackageManager( 1570):   Category: "android.intent.category.DEFAULT"
I/PackageManager( 1570):   Scheme: "mms"
D/BackupManagerService( 1570): Received broadcast Intent { act=android.intent.action.PACKAGE_REMOVED dat=package:com.emmanuelmess.itsdicey flg=0x4000010 (has extras) }
V/BackupManagerService( 1570): removePackageParticipantsLocked: uid=10174 #1
I/PackageManager( 1570): Adding preferred activity ComponentInfo{com.android.mms/com.android.mms.ui.ComposeMessageActivity} for user 0 :
I/PackageManager( 1570):   Action: "android.intent.action.SENDTO"
I/PackageManager( 1570):   Category: "android.intent.category.DEFAULT"
I/PackageManager( 1570):   Scheme: "mmsto"
I/PackageManager( 1570): Adding preferred activity ComponentInfo{com.android.mms/com.android.mms.ui.ComposeMessageActivity} for user 0 :
D/dalvikvm( 2156): GC_EXPLICIT freed 737K, 13% free 21296K/24212K, paused 1ms+2ms, total 48ms
D/dalvikvm( 1570): GC_EXPLICIT freed 1585K, 42% free 10029K/17200K, paused 4ms+0ms, total 19ms
D/dalvikvm( 1570): WAIT_FOR_CONCURRENT_GC blocked 12ms
D/dalvikvm( 1570): WAIT_FOR_CONCURRENT_GC blocked 12ms
D/dalvikvm( 1570): WAIT_FOR_CONCURRENT_GC blocked 5ms
I/PackageManager( 1570):   Action: "android.intent.action.SENDTO"
I/PackageManager( 1570):   Category: "android.intent.category.DEFAULT"
I/PackageManager( 1570):   Scheme: "sms"
D/AndroidRuntime(17747): Shutting down VM
I/PackageManager( 1570): Adding preferred activity ComponentInfo{com.android.mms/com.android.mms.ui.ComposeMessageActivity} for user 0 :
D/dalvikvm(17747): GC_CONCURRENT freed 92K, 15% free 549K/644K, paused 0ms+0ms, total 1ms
I/PackageManager( 1570):   Action: "android.intent.action.SENDTO"
I/PackageManager( 1570):   Category: "android.intent.category.DEFAULT"
I/PackageManager( 1570):   Scheme: "smsto"
I/PackageManager( 1570): Adding preferred activity ComponentInfo{com.android.mms/com.android.mms.ui.ComposeMessageActivity} for user 0 :
D/dalvikvm( 1805): GC_FOR_ALLOC freed 410K, 17% free 3667K/4400K, paused 2ms, total 2ms
I/PackageManager( 1570):   Action: "android.intent.action.SENDTO"
I/PackageManager( 1570):   Category: "android.intent.category.DEFAULT"
I/PackageManager( 1570):   Scheme: "mms"
I/PackageManager( 1570): Adding preferred activity ComponentInfo{com.android.mms/com.android.mms.ui.ComposeMessageActivity} for user 0 :
I/PackageManager( 1570):   Action: "android.intent.action.SENDTO"
I/PackageManager( 1570):   Category: "android.intent.category.DEFAULT"
I/PackageManager( 1570):   Scheme: "mmsto"
I/PackageManager( 1570): Adding preferred activity ComponentInfo{com.android.mms/com.android.mms.ui.ComposeMessageActivity} for user 0 :
W/Launcher( 2665): setApplicationContext called twice! old=com.google.android.velvet.VelvetApplication@9d090c48 new=com.google.android.velvet.VelvetApplication@9d090c48
W/ContextImpl( 4567): Calling a method in the system process without a qualified user: android.app.ContextImpl.startService:1479 android.content.ContextWrapper.startService:494 android.content.ContextWrapper.startService:494 com.android.keychain.KeyChainBroadcastReceiver.onReceive:12 android.app.ActivityThread.handleReceiver:2419 
I/Fitness ( 1786): FitCleanupIntentOperation received Intent android.intent.action.PACKAGE_REMOVED [CONTEXT service_id=17 ]
D/dalvikvm( 4567): GC_FOR_ALLOC freed 515K, 19% free 3127K/3832K, paused 2ms, total 2ms
I/Icing.InternalIcingCorporaProvider( 2451): Updating corpora: A: com.emmanuelmess.itsdicey, C: MAYBE
D/dalvikvm( 1786): GC_FOR_ALLOC freed 2001K, 25% free 9826K/12976K, paused 22ms, total 22ms
I/LatinIME:LogUtils( 1773): Dictionary info: dictionary = main:en ; version = 42 ; date = 1381226516
I/Icing   ( 2156): doRemovePackageData com.emmanuelmess.itsdicey
W/ContextImpl( 2451): Implicit intents with startService are not safe: Intent { act=com.google.android.gms.icing.INDEX_SERVICE } android.content.ContextWrapper.bindService:517 com.google.android.gms.internal.av.a:-1 com.google.android.gms.internal.au.connect:-1 
I/Icing   ( 2156): IndexChimeraService.getServiceInterface callingPackage=com.google.android.googlequicksearchbox componentName=null serviceId=21
I/Icing   ( 2156): IndexChimeraService.getServiceInterface callingPackage=com.google.android.gms componentName=AppsCorpus serviceId=36
W/Icing   ( 2156): No valid account for uploading user actions
I/DownloadManager( 1860): Download 118 starting
W/DownloadManager( 1860): Aborting request for download 118: TYPE_DISALLOWED_BY_REQUESTOR
I/Icing   ( 2156): Usage reports ok 0, Failed Usage reports 0, indexed 0, rejected 0
W/Icing   ( 2156): No valid account for uploading user actions
I/Icing   ( 2156): Usage reports ok 0, Failed Usage reports 0, indexed 0, rejected 0
I/DownloadManager( 1860): Download 118 finished with status WAITING_FOR_NETWORK
I/Icing   ( 2156): Indexing com.google.android.googlequicksearchbox-applications from com.google.android.googlequicksearchbox
I/Icing   ( 2156): Indexing com.google.android.gms-apps from com.google.android.gms
I/Icing   ( 2156): Indexing com.google.android.gms-internal.3p:MobileApplication from com.google.android.gms
I/Icing   ( 2156): Indexing done com.google.android.googlequicksearchbox-applications
I/Icing   ( 2156): Indexing done com.google.android.gms-apps
I/Icing   ( 2156): Indexing done com.google.android.gms-internal.3p:MobileApplication
D/AndroidRuntime(17770): 
D/AndroidRuntime(17770): >>>>>> AndroidRuntime START com.android.internal.os.RuntimeInit <<<<<<
W/linker  (17770): libdvm.so has text relocations. This is wasting memory and is a security risk. Please fix.
D/AndroidRuntime(17770): CheckJNI is ON
D/dalvikvm(17770): Trying to load lib libjavacore.so 0x0
D/dalvikvm(17770): Added shared lib libjavacore.so 0x0
D/dalvikvm(17770): Trying to load lib libnativehelper.so 0x0
D/dalvikvm(17770): Added shared lib libnativehelper.so 0x0
D/dalvikvm(17770): No JNI_OnLoad found in libnativehelper.so 0x0, skipping init
D/dalvikvm(17770): Note: class Landroid/app/ActivityManagerNative; has 179 unimplemented (abstract) methods
E/memtrack(17770): Couldn't load memtrack module (No such file or directory)
E/android.os.Debug(17770): failed to load memtrack module: -2
D/AndroidRuntime(17770): Calling main entry com.android.commands.pm.Pm
D/AndroidRuntime(17770): Shutting down VM
D/dalvikvm(17770): GC_CONCURRENT freed 93K, 15% free 557K/652K, paused 0ms+0ms, total 1ms
D/AndroidRuntime(17781): 
D/AndroidRuntime(17781): >>>>>> AndroidRuntime START com.android.internal.os.RuntimeInit <<<<<<
W/linker  (17781): libdvm.so has text relocations. This is wasting memory and is a security risk. Please fix.
D/AndroidRuntime(17781): CheckJNI is ON
D/dalvikvm(17781): Trying to load lib libjavacore.so 0x0
D/dalvikvm(17781): Added shared lib libjavacore.so 0x0
D/dalvikvm(17781): Trying to load lib libnativehelper.so 0x0
D/dalvikvm(17781): Added shared lib libnativehelper.so 0x0
D/dalvikvm(17781): No JNI_OnLoad found in libnativehelper.so 0x0, skipping init
D/dalvikvm(17781): Note: class Landroid/app/ActivityManagerNative; has 179 unimplemented (abstract) methods
E/memtrack(17781): Couldn't load memtrack module (No such file or directory)
E/android.os.Debug(17781): failed to load memtrack module: -2
D/AndroidRuntime(17781): Calling main entry com.android.commands.pm.Pm
I/GeofencerStateMachine( 1786): removeGeofences: removeRequest=RemoveGeofencingRequest[REMOVE_ALL packageName=it.unina.android.ripper]
D/Documents( 4472): Used cached roots for com.android.providers.downloads.documents
D/Documents( 4472): Used cached roots for com.android.externalstorage.documents
D/Documents( 4472): Used cached roots for com.android.providers.media.documents
D/Documents( 4472): Update found 6 roots in 2ms
D/keystore( 1149): calling clear_uid in state: 3
I/ActivityManager( 1570): Force stopping it.unina.android.ripper appid=10175 user=0: clear data
D/AndroidRuntime(17781): Shutting down VM
D/dalvikvm(17781): GC_CONCURRENT freed 92K, 15% free 549K/644K, paused 0ms+0ms, total 0ms
I/Icing   ( 2156): doRemovePackageData it.unina.android.ripper
I/Fitness ( 1786): FitCleanupIntentOperation received Intent android.intent.action.PACKAGE_DATA_CLEARED [CONTEXT service_id=17 ]
D/AndroidRuntime(17797): 
D/AndroidRuntime(17797): >>>>>> AndroidRuntime START com.android.internal.os.RuntimeInit <<<<<<
W/linker  (17797): libdvm.so has text relocations. This is wasting memory and is a security risk. Please fix.
D/AndroidRuntime(17797): CheckJNI is ON
D/dalvikvm(17797): Trying to load lib libjavacore.so 0x0
D/dalvikvm(17797): Added shared lib libjavacore.so 0x0
D/dalvikvm(17797): Trying to load lib libnativehelper.so 0x0
D/dalvikvm(17797): Added shared lib libnativehelper.so 0x0
D/dalvikvm(17797): No JNI_OnLoad found in libnativehelper.so 0x0, skipping init
D/dalvikvm(17797): Note: class Landroid/app/ActivityManagerNative; has 179 unimplemented (abstract) methods
E/memtrack(17797): Couldn't load memtrack module (No such file or directory)
E/android.os.Debug(17797): failed to load memtrack module: -2
D/AndroidRuntime(17797): Calling main entry com.android.commands.pm.Pm
I/ActivityManager( 1570): Force stopping it.unina.android.ripper appid=10175 user=-1: uninstall pkg
D/keystore( 1149): calling clear_uid in state: 3
I/GeofencerStateMachine( 1786): removeGeofences: removeRequest=RemoveGeofencingRequest[REMOVE_ALL packageName=it.unina.android.ripper]
W/Launcher.Model( 2665): Nobody to tell about the new app.  Launcher is probably loading.
W/PackageManager( 1570): Couldn't delete native library directory /data/app-lib/it.unina.android.ripper
I/ActivityManager( 1570): Force stopping it.unina.android.ripper appid=10175 user=0: pkg removed
I/InputReader( 1570): Reconfiguring input devices.  changes=0x00000010
I/PackageManager( 1570):   Action: "android.intent.action.SENDTO"
I/PackageManager( 1570):   Category: "android.intent.category.DEFAULT"
I/PackageManager( 1570):   Scheme: "sms"
D/Documents( 4472): Used cached roots for com.android.providers.downloads.documents
D/Documents( 4472): Used cached roots for com.android.externalstorage.documents
I/PackageManager( 1570):   Action: "android.intent.action.SENDTO"
I/PackageManager( 1570):   Category: "android.intent.category.DEFAULT"
I/PackageManager( 1570):   Scheme: "smsto"
D/dalvikvm( 4472): GC_FOR_ALLOC freed 532K, 20% free 3072K/3796K, paused 3ms, total 3ms
D/Documents( 4472): Used cached roots for com.android.providers.media.documents
D/Documents( 4472): Update found 6 roots in 10ms
D/dalvikvm( 1805): GC_FOR_ALLOC freed 459K, 18% free 3635K/4400K, paused 3ms, total 3ms
D/VoicemailCleanupService( 1893): Cleaning up data for package: it.unina.android.ripper
I/PackageManager( 1570):   Action: "android.intent.action.SENDTO"
I/PackageManager( 1570):   Category: "android.intent.category.DEFAULT"
I/PackageManager( 1570):   Scheme: "mms"
I/PackageManager( 1570): Adding preferred activity ComponentInfo{com.android.mms/com.android.mms.ui.ComposeMessageActivity} for user 0 :
I/PackageManager( 1570): Adding preferred activity ComponentInfo{com.android.mms/com.android.mms.ui.ComposeMessageActivity} for user 0 :
D/BackupManagerService( 1570): Received broadcast Intent { act=android.intent.action.PACKAGE_REMOVED dat=package:it.unina.android.ripper flg=0x4000010 (has extras) }
V/BackupManagerService( 1570): removePackageParticipantsLocked: uid=10175 #1
I/PackageManager( 1570): Adding preferred activity ComponentInfo{com.android.mms/com.android.mms.ui.ComposeMessageActivity} for user 0 :
I/PackageManager( 1570):   Action: "android.intent.action.SENDTO"
I/PackageManager( 1570):   Category: "android.intent.category.DEFAULT"
I/PackageManager( 1570):   Scheme: "mmsto"
I/PackageManager( 1570): Adding preferred activity ComponentInfo{com.android.mms/com.android.mms.ui.ComposeMessageActivity} for user 0 :
D/dalvikvm( 1570): GC_EXPLICIT freed 1804K, 42% free 9988K/17200K, paused 0ms+2ms, total 37ms
D/dalvikvm( 1570): WAIT_FOR_CONCURRENT_GC blocked 8ms
D/AndroidRuntime(17797): Shutting down VM
D/dalvikvm( 1570): WAIT_FOR_CONCURRENT_GC blocked 9ms
D/dalvikvm(17797): GC_CONCURRENT freed 92K, 15% free 549K/644K, paused 1ms+0ms, total 1ms
I/PackageManager( 1570):   Action: "android.intent.action.SENDTO"
I/PackageManager( 1570):   Category: "android.intent.category.DEFAULT"
I/PackageManager( 1570):   Scheme: "sms"
I/PackageManager( 1570): Adding preferred activity ComponentInfo{com.android.mms/com.android.mms.ui.ComposeMessageActivity} for user 0 :
I/PackageManager( 1570):   Action: "android.intent.action.SENDTO"
I/PackageManager( 1570):   Category: "android.intent.category.DEFAULT"
I/PackageManager( 1570):   Scheme: "smsto"
I/PackageManager( 1570): Adding preferred activity ComponentInfo{com.android.mms/com.android.mms.ui.ComposeMessageActivity} for user 0 :
W/Launcher( 2665): setApplicationContext called twice! old=com.google.android.velvet.VelvetApplication@9d090c48 new=com.google.android.velvet.VelvetApplication@9d090c48
D/dalvikvm( 1805): GC_FOR_ALLOC freed 413K, 17% free 3669K/4400K, paused 2ms, total 3ms
I/Fitness ( 1786): FitCleanupIntentOperation received Intent android.intent.action.PACKAGE_REMOVED [CONTEXT service_id=17 ]
W/ContextImpl( 4567): Calling a method in the system process without a qualified user: android.app.ContextImpl.startService:1479 android.content.ContextWrapper.startService:494 android.content.ContextWrapper.startService:494 com.android.keychain.KeyChainBroadcastReceiver.onReceive:12 android.app.ActivityThread.handleReceiver:2419 
I/PackageManager( 1570):   Action: "android.intent.action.SENDTO"
I/PackageManager( 1570):   Category: "android.intent.category.DEFAULT"
I/PackageManager( 1570):   Scheme: "mms"
I/PackageManager( 1570): Adding preferred activity ComponentInfo{com.android.mms/com.android.mms.ui.ComposeMessageActivity} for user 0 :
I/PackageManager( 1570):   Action: "android.intent.action.SENDTO"
I/PackageManager( 1570):   Category: "android.intent.category.DEFAULT"
I/PackageManager( 1570):   Scheme: "mmsto"
I/PackageManager( 1570): Adding preferred activity ComponentInfo{com.android.mms/com.android.mms.ui.ComposeMessageActivity} for user 0 :
I/Icing.InternalIcingCorporaProvider( 2451): Updating corpora: A: it.unina.android.ripper, C: MAYBE
I/LatinIME:LogUtils( 1773): Dictionary info: dictionary = main:en ; version = 42 ; date = 1381226516
I/Icing   ( 2156): IndexChimeraService.getServiceInterface callingPackage=com.google.android.googlequicksearchbox componentName=null serviceId=21
I/Icing   ( 2156): doRemovePackageData it.unina.android.ripper
W/Icing.InternalIcingCorporaProvider( 2451): Application table change notification failed.
I/DownloadManager( 1860): Download 119 starting
W/DownloadManager( 1860): Aborting request for download 119: TYPE_DISALLOWED_BY_REQUESTOR
W/Icing   ( 2156): No valid account for uploading user actions
I/Icing   ( 2156): Usage reports ok 0, Failed Usage reports 0, indexed 0, rejected 0
I/Icing   ( 2156): Indexing com.google.android.gms-apps from com.google.android.gms
I/DownloadManager( 1860): Download 119 finished with status WAITING_FOR_NETWORK
D/dalvikvm( 2156): GC_FOR_ALLOC freed 1874K, 12% free 21468K/24212K, paused 24ms, total 24ms
I/Icing   ( 2156): Indexing done com.google.android.gms-apps
D/AndroidRuntime(17822): 
D/AndroidRuntime(17822): >>>>>> AndroidRuntime START com.android.internal.os.RuntimeInit <<<<<<
W/linker  (17822): libdvm.so has text relocations. This is wasting memory and is a security risk. Please fix.
D/AndroidRuntime(17822): CheckJNI is ON
D/dalvikvm(17822): Trying to load lib libjavacore.so 0x0
D/dalvikvm(17822): Added shared lib libjavacore.so 0x0
D/dalvikvm(17822): Trying to load lib libnativehelper.so 0x0
D/dalvikvm(17822): Added shared lib libnativehelper.so 0x0
D/dalvikvm(17822): No JNI_OnLoad found in libnativehelper.so 0x0, skipping init
D/dalvikvm(17822): Note: class Landroid/app/ActivityManagerNative; has 179 unimplemented (abstract) methods
E/memtrack(17822): Couldn't load memtrack module (No such file or directory)
E/android.os.Debug(17822): failed to load memtrack module: -2
D/AndroidRuntime(17822): Calling main entry com.android.commands.pm.Pm
W/ActivityManager( 1570): No content provider found for permission revoke: file:///sdcard/aut.apk
W/ActivityManager( 1570): No content provider found for permission revoke: file:///sdcard/aut.apk
I/PackageManager( 1570): Copying native libraries to /data/app-lib/vmdl2078441821
D/dalvikvm( 1570): GC_FOR_ALLOC freed 1479K, 41% free 10260K/17200K, paused 8ms, total 8ms
D/dalvikvm( 1570): GC_FOR_ALLOC freed 1286K, 38% free 10794K/17200K, paused 8ms, total 8ms
D/dalvikvm( 1570): GC_FOR_ALLOC freed 1910K, 37% free 10837K/17200K, paused 7ms, total 7ms
D/dalvikvm( 1570): GC_FOR_ALLOC freed 1955K, 37% free 10849K/17200K, paused 8ms, total 8ms
D/dalvikvm( 1570): GC_FOR_ALLOC freed 1956K, 37% free 10862K/17200K, paused 8ms, total 8ms
I/PackageManager( 1570): Running dexopt on: com.emmanuelmess.itsdicey
W/linker  (17834): libdvm.so has text relocations. This is wasting memory and is a security risk. Please fix.
D/dalvikvm(17834): DexOpt: couldn't find static field Landroid/view/View;.TRANSLATION_Z
I/dalvikvm(17834): DexOpt: illegal method access (call Landroid/widget/TextView;.getTextDirectionHeuristic ()Landroid/text/TextDirectionHeuristic; from Landroidx/appcompat/widget/AppCompatTextViewAutoSizeHelper$Impl29;)
D/dalvikvm(17834): DexOpt: load 14ms, verify+opt 53ms, 1850724 bytes
I/ActivityManager( 1570): Force stopping com.emmanuelmess.itsdicey appid=10176 user=-1: update pkg
D/dalvikvm( 1570): GC_FOR_ALLOC freed 1934K, 37% free 10900K/17200K, paused 8ms, total 8ms
W/Launcher.Model( 2665): Nobody to tell about the new app.  Launcher is probably loading.
D/Documents( 4472): Used cached roots for com.android.providers.downloads.documents
D/Documents( 4472): Used cached roots for com.android.externalstorage.documents
D/Documents( 4472): Used cached roots for com.android.providers.media.documents
D/Documents( 4472): Update found 6 roots in 4ms
I/PackageManager( 1570):   Action: "android.intent.action.SENDTO"
I/PackageManager( 1570):   Category: "android.intent.category.DEFAULT"
I/PackageManager( 1570):   Scheme: "sms"
I/InputReader( 1570): Reconfiguring input devices.  changes=0x00000010
I/PackageManager( 1570): Adding preferred activity ComponentInfo{com.android.mms/com.android.mms.ui.ComposeMessageActivity} for user 0 :
I/PackageManager( 1570):   Action: "android.intent.action.SENDTO"
I/PackageManager( 1570):   Category: "android.intent.category.DEFAULT"
I/PackageManager( 1570):   Scheme: "smsto"
I/PackageManager( 1570): Adding preferred activity ComponentInfo{com.android.mms/com.android.mms.ui.ComposeMessageActivity} for user 0 :
D/dalvikvm( 1805): GC_FOR_ALLOC freed 455K, 18% free 3635K/4400K, paused 2ms, total 10ms
I/PackageManager( 1570):   Action: "android.intent.action.SENDTO"
I/PackageManager( 1570):   Category: "android.intent.category.DEFAULT"
I/PackageManager( 1570):   Scheme: "mms"
W/GCM     ( 1786): Unexpected forwarded intent: Intent { act=android.intent.action.PACKAGE_ADDED dat=package:com.emmanuelmess.itsdicey flg=0x4000010 cmp=com.google.android.gms/.chimera.PersistentIntentOperationService (has extras) }
I/Auth    ( 2156): [SupervisedAccountIntentOperation] onHandleIntent(): android.intent.action.PACKAGE_ADDED
I/ChromeSync( 2156): [Sync,SyncIntentOperation] Handling the intent: Intent { act=android.intent.action.PACKAGE_ADDED dat=package:com.emmanuelmess.itsdicey flg=0x4000010 cmp=com.google.android.gms/.chimera.GmsIntentOperationService (has extras) }.
W/GCM     ( 1786): Unexpected forwarded intent: Intent { act=android.intent.action.PACKAGE_ADDED dat=package:com.emmanuelmess.itsdicey flg=0x4000010 cmp=com.google.android.gms/.chimera.PersistentIntentOperationService (has extras) }
D/BackupManagerService( 1570): Received broadcast Intent { act=android.intent.action.PACKAGE_ADDED dat=package:com.emmanuelmess.itsdicey flg=0x4000010 (has extras) }
V/BackupManagerService( 1570): addPackageParticipantsLocked: #1
I/PackageManager( 1570): Adding preferred activity ComponentInfo{com.android.mms/com.android.mms.ui.ComposeMessageActivity} for user 0 :
I/FontLog ( 2156): Package com.emmanuelmess.itsdicey has no metadata [CONTEXT service_id=132 ]
I/PackageManager( 1570):   Action: "android.intent.action.SENDTO"
I/PackageManager( 1570):   Category: "android.intent.category.DEFAULT"
I/PackageManager( 1570):   Scheme: "mmsto"
E/GmsClient( 2156): unable to connect to service: com.google.android.gms.auth.key.retrieval.service.START on com.google.android.gms
I/Icing.InternalIcingCorporaProvider( 2451): Updating corpora: A: com.emmanuelmess.itsdicey, C: MAYBE
W/ActivityManager( 1570): Unable to start service Intent { act=com.google.android.gms.auth.key.retrieval.service.START pkg=com.google.android.gms } U=0: not found
I/PackageManager( 1570): Adding preferred activity ComponentInfo{com.android.mms/com.android.mms.ui.ComposeMessageActivity} for user 0 :
W/ActivityManager( 1570): Unbind failed: could not find connection for android.os.BinderProxy@9d3ae0e8
I/PackageManager( 1570):   Action: "android.intent.action.SENDTO"
I/PackageManager( 1570):   Category: "android.intent.category.DEFAULT"
I/PackageManager( 1570):   Scheme: "sms"
I/PackageManager( 1570):   Action: "android.intent.action.SENDTO"
I/PackageManager( 1570):   Category: "android.intent.category.DEFAULT"
I/PackageManager( 1570):   Scheme: "smsto"
D/dalvikvm( 1805): GC_FOR_ALLOC freed 413K, 17% free 3668K/4400K, paused 2ms, total 2ms
I/PackageManager( 1570): Adding preferred activity ComponentInfo{com.android.mms/com.android.mms.ui.ComposeMessageActivity} for user 0 :
I/PackageManager( 1570): Adding preferred activity ComponentInfo{com.android.mms/com.android.mms.ui.ComposeMessageActivity} for user 0 :
I/PackageManager( 1570):   Action: "android.intent.action.SENDTO"
I/PackageManager( 1570):   Category: "android.intent.category.DEFAULT"
I/PackageManager( 1570):   Scheme: "mms"
I/PackageManager( 1570): Adding preferred activity ComponentInfo{com.android.mms/com.android.mms.ui.ComposeMessageActivity} for user 0 :
I/PackageManager( 1570):   Action: "android.intent.action.SENDTO"
I/PackageManager( 1570):   Category: "android.intent.category.DEFAULT"
I/PackageManager( 1570):   Scheme: "mmsto"
D/dalvikvm( 1570): GC_EXPLICIT freed 2340K, 42% free 9990K/17200K, paused 0ms+2ms, total 88ms
I/PackageManager( 1570): Adding preferred activity ComponentInfo{com.android.mms/com.android.mms.ui.ComposeMessageActivity} for user 0 :
D/AndroidRuntime(17822): Shutting down VM
D/dalvikvm(17822): GC_CONCURRENT freed 93K, 15% free 552K/648K, paused 0ms+1ms, total 1ms
I/ChromeSync( 2156): [Persistence,AffiliationManager] One of affiliation or grouping data for android://KSmUCdTXmQS-j9D_O8l1jvyu41Pjn2mc5cb0Gvx1e9H1Aj4JCzHs_uTW26nbtH65K-YfijtBsQxGp-8R6k6HFg==@com.emmanuelmess.itsdicey/ was not found. Marking affiliation data as stale...
I/Icing   ( 2156): IndexChimeraService.getServiceInterface callingPackage=com.google.android.googlequicksearchbox componentName=null serviceId=21
W/Icing   ( 2156): No valid account for uploading user actions
I/Icing   ( 2156): Usage reports ok 0, Failed Usage reports 0, indexed 0, rejected 0
I/Icing   ( 2156): Indexing com.google.android.gms-apps from com.google.android.gms
I/Icing   ( 2156): Indexing done com.google.android.gms-apps
I/Icing   ( 2156): Indexing com.google.android.googlequicksearchbox-applications from com.google.android.googlequicksearchbox
I/Icing   ( 2156): Indexing com.google.android.gms-internal.3p:MobileApplication from com.google.android.gms
I/Icing   ( 2156): Indexing done com.google.android.googlequicksearchbox-applications
I/Icing   ( 2156): Indexing done com.google.android.gms-internal.3p:MobileApplication
D/AndroidRuntime(17843): 
D/AndroidRuntime(17843): >>>>>> AndroidRuntime START com.android.internal.os.RuntimeInit <<<<<<
W/linker  (17843): libdvm.so has text relocations. This is wasting memory and is a security risk. Please fix.
D/AndroidRuntime(17843): CheckJNI is ON
D/dalvikvm(17843): Trying to load lib libjavacore.so 0x0
D/dalvikvm(17843): Added shared lib libjavacore.so 0x0
D/dalvikvm(17843): Trying to load lib libnativehelper.so 0x0
D/dalvikvm(17843): Added shared lib libnativehelper.so 0x0
D/dalvikvm(17843): No JNI_OnLoad found in libnativehelper.so 0x0, skipping init
D/dalvikvm(17843): Note: class Landroid/app/ActivityManagerNative; has 179 unimplemented (abstract) methods
E/memtrack(17843): Couldn't load memtrack module (No such file or directory)
E/android.os.Debug(17843): failed to load memtrack module: -2
D/AndroidRuntime(17843): Calling main entry com.android.commands.pm.Pm
D/dalvikvm( 2135): GC_FOR_ALLOC freed 498K, 19% free 3080K/3784K, paused 2ms, total 2ms
I/PackageManager( 1570): Running dexopt on: it.unina.android.ripper
W/ActivityManager( 1570): No content provider found for permission revoke: file:///sdcard/ripper.apk
W/ActivityManager( 1570): No content provider found for permission revoke: file:///sdcard/ripper.apk
I/PackageManager( 1570): Copying native libraries to /data/app-lib/vmdl1997994176
I/PackageParser( 1570): it.unina.android.ripper: compat added android.permission.WRITE_EXTERNAL_STORAGE android.permission.READ_PHONE_STATE
W/linker  (17854): libdvm.so has text relocations. This is wasting memory and is a security risk. Please fix.
D/dalvikvm(17854): DexOpt: load 2ms, verify+opt 17ms, 936700 bytes
I/ActivityManager( 1570): Force stopping it.unina.android.ripper appid=10177 user=-1: update pkg
D/Documents( 4472): Used cached roots for com.android.providers.downloads.documents
D/Documents( 4472): Used cached roots for com.android.externalstorage.documents
D/Documents( 4472): Used cached roots for com.android.providers.media.documents
D/Documents( 4472): Update found 6 roots in 3ms
I/InputReader( 1570): Reconfiguring input devices.  changes=0x00000010
W/Launcher.Model( 2665): Nobody to tell about the new app.  Launcher is probably loading.
I/PackageManager( 1570):   Action: "android.intent.action.SENDTO"
I/PackageManager( 1570):   Category: "android.intent.category.DEFAULT"
I/PackageManager( 1570):   Scheme: "sms"
I/PackageManager( 1570):   Action: "android.intent.action.SENDTO"
I/PackageManager( 1570):   Category: "android.intent.category.DEFAULT"
I/PackageManager( 1570):   Scheme: "smsto"
D/dalvikvm( 1805): GC_FOR_ALLOC freed 454K, 18% free 3635K/4400K, paused 2ms, total 2ms
I/PackageManager( 1570): Adding preferred activity ComponentInfo{com.android.mms/com.android.mms.ui.ComposeMessageActivity} for user 0 :
D/BackupManagerService( 1570): Received broadcast Intent { act=android.intent.action.PACKAGE_ADDED dat=package:it.unina.android.ripper flg=0x4000010 (has extras) }
V/BackupManagerService( 1570): addPackageParticipantsLocked: #1
I/PackageManager( 1570): Adding preferred activity ComponentInfo{com.android.mms/com.android.mms.ui.ComposeMessageActivity} for user 0 :
W/GCM     ( 1786): Unexpected forwarded intent: Intent { act=android.intent.action.PACKAGE_ADDED dat=package:it.unina.android.ripper flg=0x4000010 cmp=com.google.android.gms/.chimera.PersistentIntentOperationService (has extras) }
I/Auth    ( 2156): [SupervisedAccountIntentOperation] onHandleIntent(): android.intent.action.PACKAGE_ADDED
I/ChromeSync( 2156): [Sync,SyncIntentOperation] Handling the intent: Intent { act=android.intent.action.PACKAGE_ADDED dat=package:it.unina.android.ripper flg=0x4000010 cmp=com.google.android.gms/.chimera.GmsIntentOperationService (has extras) }.
I/FontLog ( 2156): Package it.unina.android.ripper has no metadata [CONTEXT service_id=132 ]
I/PackageManager( 1570):   Action: "android.intent.action.SENDTO"
I/PackageManager( 1570):   Category: "android.intent.category.DEFAULT"
I/PackageManager( 1570):   Scheme: "mms"
W/GCM     ( 1786): Unexpected forwarded intent: Intent { act=android.intent.action.PACKAGE_ADDED dat=package:it.unina.android.ripper flg=0x4000010 cmp=com.google.android.gms/.chimera.PersistentIntentOperationService (has extras) }
I/PackageManager( 1570):   Action: "android.intent.action.SENDTO"
I/PackageManager( 1570):   Category: "android.intent.category.DEFAULT"
I/PackageManager( 1570):   Scheme: "mmsto"
I/Icing.InternalIcingCorporaProvider( 2451): Updating corpora: A: it.unina.android.ripper, C: MAYBE
I/PackageManager( 1570): Adding preferred activity ComponentInfo{com.android.mms/com.android.mms.ui.ComposeMessageActivity} for user 0 :
I/PackageManager( 1570): Adding preferred activity ComponentInfo{com.android.mms/com.android.mms.ui.ComposeMessageActivity} for user 0 :
I/ChromeSync( 2156): [Persistence,AffiliationManager] One of affiliation or grouping data for android://KSmUCdTXmQS-j9D_O8l1jvyu41Pjn2mc5cb0Gvx1e9H1Aj4JCzHs_uTW26nbtH65K-YfijtBsQxGp-8R6k6HFg==@it.unina.android.ripper/ was not found. Marking affiliation data as stale...
I/PackageManager( 1570):   Action: "android.intent.action.SENDTO"
I/PackageManager( 1570):   Category: "android.intent.category.DEFAULT"
I/PackageManager( 1570):   Scheme: "sms"
I/PackageManager( 1570): Adding preferred activity ComponentInfo{com.android.mms/com.android.mms.ui.ComposeMessageActivity} for user 0 :
D/dalvikvm( 1570): GC_EXPLICIT freed 1714K, 42% free 10031K/17200K, paused 3ms+1ms, total 65ms
D/dalvikvm( 1570): WAIT_FOR_CONCURRENT_GC blocked 9ms
D/dalvikvm( 1570): WAIT_FOR_CONCURRENT_GC blocked 7ms
D/dalvikvm( 1570): WAIT_FOR_CONCURRENT_GC blocked 6ms
D/dalvikvm( 1570): WAIT_FOR_CONCURRENT_GC blocked 8ms
D/dalvikvm( 1570): WAIT_FOR_CONCURRENT_GC blocked 10ms
D/AndroidRuntime(17843): Shutting down VM
D/dalvikvm( 1570): WAIT_FOR_CONCURRENT_GC blocked 11ms
D/dalvikvm(17843): GC_CONCURRENT freed 93K, 15% free 552K/648K, paused 0ms+0ms, total 1ms
I/PackageManager( 1570):   Action: "android.intent.action.SENDTO"
I/PackageManager( 1570):   Category: "android.intent.category.DEFAULT"
I/PackageManager( 1570):   Scheme: "smsto"
I/PackageManager( 1570): Adding preferred activity ComponentInfo{com.android.mms/com.android.mms.ui.ComposeMessageActivity} for user 0 :
D/dalvikvm( 1805): GC_FOR_ALLOC freed 413K, 17% free 3668K/4400K, paused 1ms, total 1ms
I/PackageManager( 1570):   Action: "android.intent.action.SENDTO"
I/PackageManager( 1570):   Category: "android.intent.category.DEFAULT"
I/PackageManager( 1570):   Scheme: "mms"
I/PackageManager( 1570):   Action: "android.intent.action.SENDTO"
I/PackageManager( 1570):   Category: "android.intent.category.DEFAULT"
