I/AndroidRipper(17346): [b] Found widget: id=16908290 (androidx.appcompat.widget.ContentFrameLayout{9d094530 V.ED.... ......I. 0,0-1080,1728 #1020002 android:id/content})
I/AndroidRipper(17346): [b] Found widget: id=-1 (androidx.coordinatorlayout.widget.CoordinatorLayout{9d099f68 V.E..... ......I. 0,0-1080,1728})
D/dalvikvm(17346): GC_CONCURRENT freed 503K, 17% free 3417K/4104K, paused 1ms+2ms, total 4ms
I/AndroidRipper(17346): [b] Found widget: id=-1 (com.google.android.material.appbar.AppBarLayout{9d0b6f78 V.E..... ......I. 0,0-1080,147})
I/AndroidRipper(17346): [b] Found widget: id=2131231108 (androidx.appcompat.widget.Toolbar{9d09db50 V.E..... ......I. 0,0-1080,147 #7f080184 app:id/toolbar})
I/AndroidRipper(17346): [b] Found widget: id=-1 (androidx.appcompat.widget.AppCompatTextView{9d091e78 V.ED.... ........ 42,38-261,109})
I/AndroidRipper(17346): [b] Found widget: id=-1 (androidx.appcompat.widget.ActionMenuView{9d0f08d0 V.E..... ......ID 1080,0-1080,147})
I/AndroidRipper(17346): [b] Found widget: id=-1 (androidx.constraintlayout.widget.ConstraintLayout{9d07dca0 V.E..... ......I. 0,147-1080,1728})
I/AndroidRipper(17346): [b] Found widget: id=2131230853 (com.emmanuelmess.itsdicey.DiceView{9d080bc0 V.ED.... ........ 0,0-1080,1581 #7f080085 app:id/diceView})
I/AndroidRipper(17346): [b] Found widget: id=2131231111 (androidx.appcompat.widget.AppCompatTextView{9d0e75c0 G.ED.... ......I. 0,0-0,0 #7f080187 app:id/touchToRestartTextView})
I/AndroidRipper(17346): [b] Found widget: id=-1 (com.android.internal.policy.impl.PhoneWindow$DecorView{9d0b2758 V.E..... R.....I. 0,0-1080,1794})
V/AndroidRipperService( 5017): send()
D/dalvikvm( 1570): GC_FOR_ALLOC freed 1575K, 47% free 9245K/17200K, paused 7ms, total 7ms
V/RipperService( 5017): EVT
V/AndroidRipperService( 5017): mHandler.handleMessage() RECIVED
V/AndroidRipperService( 5017): broadcast()
I/AndroidRipper(17346): Recived message: EVT
V/RipperTestCase(17346): START_EVENT[99|1629028864898]
V/AndroidRipperService( 5017): broadcast() done
V/        ( 5017): ready
D/dalvikvm( 5017): GC_FOR_ALLOC freed 496K, 20% free 3058K/3796K, paused 3ms, total 3ms
D/gralloc_ranchu( 1144): gralloc_alloc: Creating ashmem region of size 1323008
D/dalvikvm( 1570): GC_FOR_ALLOC freed 518K, 43% free 9867K/17200K, paused 8ms, total 8ms
D/EGL_emulation( 1949): eglMakeCurrent: 0xb90a06f0: ver 3 0
D/EGL_emulation( 1949): eglMakeCurrent: 0xb90a06f0: ver 3 0
E/EGL_emulation( 1949): tid 1949: eglSurfaceAttrib(1199): error 0x3009 (EGL_BAD_MATCH)
W/HardwareRenderer( 1949): Backbuffer cannot be preserved
D/dalvikvm( 1949): GC_FOR_ALLOC freed 8844K, 35% free 17882K/27228K, paused 2ms, total 2ms
I/dalvikvm-heap( 1949): Grow heap (frag case) to 24.763MB for 7464972-byte allocation
D/dalvikvm( 1949): GC_FOR_ALLOC freed 1K, 8% free 25170K/27228K, paused 3ms, total 3ms
D/EGL_emulation(17346): eglMakeCurrent: 0xb9044a60: ver 3 0
V/RipperService( 5017): END
V/AndroidRipperService( 5017): mHandler.handleMessage() RECIVED
V/AndroidRipperService( 5017): broadcast()
V/AndroidRipperService( 5017): broadcast() done
V/        ( 5017): ready
D/AndroidRuntime(17479): 
D/AndroidRuntime(17479): >>>>>> AndroidRuntime START com.android.internal.os.RuntimeInit <<<<<<
W/linker  (17479): libdvm.so has text relocations. This is wasting memory and is a security risk. Please fix.
D/AndroidRuntime(17479): CheckJNI is ON
D/dalvikvm(17479): Trying to load lib libjavacore.so 0x0
D/dalvikvm(17479): Added shared lib libjavacore.so 0x0
D/dalvikvm(17479): Trying to load lib libnativehelper.so 0x0
D/dalvikvm(17479): Added shared lib libnativehelper.so 0x0
D/dalvikvm(17479): No JNI_OnLoad found in libnativehelper.so 0x0, skipping init
D/dalvikvm(17479): Note: class Landroid/app/ActivityManagerNative; has 179 unimplemented (abstract) methods
E/memtrack(17479): Couldn't load memtrack module (No such file or directory)
E/android.os.Debug(17479): failed to load memtrack module: -2
D/AndroidRuntime(17479): Calling main entry com.android.commands.pm.Pm
D/AndroidRuntime(17479): Shutting down VM
D/dalvikvm(17479): GC_CONCURRENT freed 93K, 15% free 557K/652K, paused 1ms+0ms, total 1ms
D/AndroidRuntime(17490): 
D/AndroidRuntime(17490): >>>>>> AndroidRuntime START com.android.internal.os.RuntimeInit <<<<<<
W/linker  (17490): libdvm.so has text relocations. This is wasting memory and is a security risk. Please fix.
D/AndroidRuntime(17490): CheckJNI is ON
D/dalvikvm(17490): Trying to load lib libjavacore.so 0x0
D/dalvikvm(17490): Added shared lib libjavacore.so 0x0
D/dalvikvm(17490): Trying to load lib libnativehelper.so 0x0
D/dalvikvm(17490): Added shared lib libnativehelper.so 0x0
D/dalvikvm(17490): No JNI_OnLoad found in libnativehelper.so 0x0, skipping init
D/dalvikvm(17490): Note: class Landroid/app/ActivityManagerNative; has 179 unimplemented (abstract) methods
E/memtrack(17490): Couldn't load memtrack module (No such file or directory)
E/android.os.Debug(17490): failed to load memtrack module: -2
D/AndroidRuntime(17490): Calling main entry com.android.commands.pm.Pm
D/AndroidRuntime(17335): Shutting down VM
I/ActivityManager( 1570): Force stopping com.emmanuelmess.itsdicey appid=10172 user=0: clear data
I/ActivityManager( 1570): Killing 17346:com.emmanuelmess.itsdicey/u0a172 (adj 0): stop com.emmanuelmess.itsdicey
W/ActivityManager( 1570): Crash of app com.emmanuelmess.itsdicey running instrumentation ComponentInfo{it.unina.android.ripper/android.test.InstrumentationTestRunner}
D/dalvikvm(17335): GC_CONCURRENT freed 96K, 15% free 557K/656K, paused 0ms+0ms, total 0ms
D/keystore( 1149): calling clear_uid in state: 3
I/GeofencerStateMachine( 1786): removeGeofences: removeRequest=RemoveGeofencingRequest[REMOVE_ALL packageName=com.emmanuelmess.itsdicey]
D/Documents( 4472): Used cached roots for com.android.providers.downloads.documents
D/Documents( 4472): Used cached roots for com.android.externalstorage.documents
D/Documents( 4472): Used cached roots for com.android.providers.media.documents
D/Documents( 4472): Update found 6 roots in 0ms
I/ActivityManager( 1570): Force stopping com.emmanuelmess.itsdicey appid=10172 user=0: finished inst
D/AndroidRuntime(17490): Shutting down VM
I/Fitness ( 1786): FitCleanupIntentOperation received Intent android.intent.action.PACKAGE_DATA_CLEARED [CONTEXT service_id=17 ]
D/dalvikvm(17490): GC_CONCURRENT freed 93K, 15% free 549K/644K, paused 0ms+0ms, total 1ms
I/Icing   ( 2156): doRemovePackageData com.emmanuelmess.itsdicey
D/AndroidRuntime(17516): 
D/AndroidRuntime(17516): >>>>>> AndroidRuntime START com.android.internal.os.RuntimeInit <<<<<<
W/linker  (17516): libdvm.so has text relocations. This is wasting memory and is a security risk. Please fix.
D/AndroidRuntime(17516): CheckJNI is ON
D/dalvikvm(17516): Trying to load lib libjavacore.so 0x0
D/dalvikvm(17516): Added shared lib libjavacore.so 0x0
D/dalvikvm(17516): Trying to load lib libnativehelper.so 0x0
D/dalvikvm(17516): Added shared lib libnativehelper.so 0x0
D/dalvikvm(17516): No JNI_OnLoad found in libnativehelper.so 0x0, skipping init
D/dalvikvm(17516): Note: class Landroid/app/ActivityManagerNative; has 179 unimplemented (abstract) methods
E/memtrack(17516): Couldn't load memtrack module (No such file or directory)
E/android.os.Debug(17516): failed to load memtrack module: -2
D/AndroidRuntime(17516): Calling main entry com.android.commands.pm.Pm
D/dalvikvm( 1570): GC_FOR_ALLOC freed 1710K, 43% free 9880K/17200K, paused 8ms, total 8ms
I/ActivityManager( 1570): Force stopping com.emmanuelmess.itsdicey appid=10172 user=-1: uninstall pkg
W/PackageManager( 1570): Couldn't delete native library directory /data/app-lib/com.emmanuelmess.itsdicey
D/keystore( 1149): calling clear_uid in state: 3
I/ActivityManager( 1570): Force stopping com.emmanuelmess.itsdicey appid=10172 user=0: pkg removed
D/dalvikvm( 2665): GC_EXPLICIT freed 162K, 16% free 3508K/4140K, paused 0ms+0ms, total 2ms
D/dalvikvm( 2451): GC_EXPLICIT freed 215K, 19% free 3416K/4208K, paused 0ms+0ms, total 2ms
I/InputReader( 1570): Reconfiguring input devices.  changes=0x00000010
D/Documents( 4472): Used cached roots for com.android.providers.downloads.documents
D/Documents( 4472): Used cached roots for com.android.externalstorage.documents
D/Documents( 4472): Used cached roots for com.android.providers.media.documents
D/Documents( 4472): Update found 6 roots in 0ms
I/GeofencerStateMachine( 1786): removeGeofences: removeRequest=RemoveGeofencingRequest[REMOVE_ALL packageName=com.emmanuelmess.itsdicey]
W/Launcher.Model( 2665): Nobody to tell about the new app.  Launcher is probably loading.
I/PackageManager( 1570):   Action: "android.intent.action.SENDTO"
I/PackageManager( 1570):   Category: "android.intent.category.DEFAULT"
I/PackageManager( 1570):   Scheme: "sms"
I/PackageManager( 1570): Adding preferred activity ComponentInfo{com.android.mms/com.android.mms.ui.ComposeMessageActivity} for user 0 :
I/PackageManager( 1570):   Action: "android.intent.action.SENDTO"
I/PackageManager( 1570):   Category: "android.intent.category.DEFAULT"
I/PackageManager( 1570):   Scheme: "smsto"
D/dalvikvm( 2156): GC_EXPLICIT freed 721K, 13% free 21293K/24212K, paused 0ms+3ms, total 39ms
D/dalvikvm( 1805): GC_FOR_ALLOC freed 464K, 18% free 3636K/4400K, paused 2ms, total 2ms
D/VoicemailCleanupService( 1893): Cleaning up data for package: com.emmanuelmess.itsdicey
I/PackageManager( 1570):   Action: "android.intent.action.SENDTO"
D/BackupManagerService( 1570): Received broadcast Intent { act=android.intent.action.PACKAGE_REMOVED dat=package:com.emmanuelmess.itsdicey flg=0x4000010 (has extras) }
V/BackupManagerService( 1570): removePackageParticipantsLocked: uid=10172 #1
I/PackageManager( 1570): Adding preferred activity ComponentInfo{com.android.mms/com.android.mms.ui.ComposeMessageActivity} for user 0 :
I/PackageManager( 1570): Adding preferred activity ComponentInfo{com.android.mms/com.android.mms.ui.ComposeMessageActivity} for user 0 :
I/PackageManager( 1570):   Category: "android.intent.category.DEFAULT"
I/PackageManager( 1570):   Scheme: "mms"
I/PackageManager( 1570):   Action: "android.intent.action.SENDTO"
I/PackageManager( 1570):   Category: "android.intent.category.DEFAULT"
I/PackageManager( 1570):   Scheme: "mmsto"
I/PackageManager( 1570): Adding preferred activity ComponentInfo{com.android.mms/com.android.mms.ui.ComposeMessageActivity} for user 0 :
I/Fitness ( 1786): FitCleanupIntentOperation received Intent android.intent.action.PACKAGE_REMOVED [CONTEXT service_id=17 ]
W/Launcher( 2665): setApplicationContext called twice! old=com.google.android.velvet.VelvetApplication@9d090c48 new=com.google.android.velvet.VelvetApplication@9d090c48
I/PackageManager( 1570):   Action: "android.intent.action.SENDTO"
I/PackageManager( 1570):   Category: "android.intent.category.DEFAULT"
I/PackageManager( 1570):   Scheme: "sms"
I/PackageManager( 1570): Adding preferred activity ComponentInfo{com.android.mms/com.android.mms.ui.ComposeMessageActivity} for user 0 :
W/ContextImpl( 4567): Calling a method in the system process without a qualified user: android.app.ContextImpl.startService:1479 android.content.ContextWrapper.startService:494 android.content.ContextWrapper.startService:494 com.android.keychain.KeyChainBroadcastReceiver.onReceive:12 android.app.ActivityThread.handleReceiver:2419 
I/PackageManager( 1570):   Action: "android.intent.action.SENDTO"
I/PackageManager( 1570):   Category: "android.intent.category.DEFAULT"
I/PackageManager( 1570):   Scheme: "smsto"
I/Icing.InternalIcingCorporaProvider( 2451): Updating corpora: A: com.emmanuelmess.itsdicey, C: MAYBE
D/dalvikvm( 1805): GC_FOR_ALLOC freed 422K, 17% free 3665K/4400K, paused 1ms, total 1ms
I/PackageManager( 1570): Adding preferred activity ComponentInfo{com.android.mms/com.android.mms.ui.ComposeMessageActivity} for user 0 :
I/PackageManager( 1570):   Action: "android.intent.action.SENDTO"
I/PackageManager( 1570):   Category: "android.intent.category.DEFAULT"
I/PackageManager( 1570):   Scheme: "mms"
I/PackageManager( 1570):   Action: "android.intent.action.SENDTO"
I/PackageManager( 1570):   Category: "android.intent.category.DEFAULT"
I/PackageManager( 1570):   Scheme: "mmsto"
I/PackageManager( 1570): Adding preferred activity ComponentInfo{com.android.mms/com.android.mms.ui.ComposeMessageActivity} for user 0 :
I/PackageManager( 1570): Adding preferred activity ComponentInfo{com.android.mms/com.android.mms.ui.ComposeMessageActivity} for user 0 :
I/Icing   ( 2156): doRemovePackageData com.emmanuelmess.itsdicey
W/ContextImpl( 2451): Implicit intents with startService are not safe: Intent { act=com.google.android.gms.icing.INDEX_SERVICE } android.content.ContextWrapper.bindService:517 com.google.android.gms.internal.av.a:-1 com.google.android.gms.internal.au.connect:-1 
D/dalvikvm( 1786): GC_FOR_ALLOC freed 2057K, 25% free 9786K/12976K, paused 21ms, total 21ms
I/Icing   ( 2156): IndexChimeraService.getServiceInterface callingPackage=com.google.android.googlequicksearchbox componentName=null serviceId=21
I/LatinIME:LogUtils( 1773): Dictionary info: dictionary = main:en ; version = 42 ; date = 1381226516
D/dalvikvm( 1570): GC_EXPLICIT freed 1538K, 42% free 10071K/17200K, paused 0ms+17ms, total 102ms
D/dalvikvm( 1570): WAIT_FOR_CONCURRENT_GC blocked 2ms
D/AndroidRuntime(17516): Shutting down VM
I/Icing   ( 2156): IndexChimeraService.getServiceInterface callingPackage=com.google.android.gms componentName=AppsCorpus serviceId=36
D/dalvikvm(17516): GC_CONCURRENT freed 92K, 15% free 549K/644K, paused 0ms+0ms, total 0ms
W/Icing   ( 2156): No valid account for uploading user actions
I/DownloadManager( 1860): Download 116 starting
W/DownloadManager( 1860): Aborting request for download 116: TYPE_DISALLOWED_BY_REQUESTOR
I/Icing   ( 2156): Usage reports ok 0, Failed Usage reports 0, indexed 0, rejected 0
I/DownloadManager( 1860): Download 116 finished with status WAITING_FOR_NETWORK
W/Icing   ( 2156): No valid account for uploading user actions
I/Icing   ( 2156): Usage reports ok 0, Failed Usage reports 0, indexed 0, rejected 0
I/Icing   ( 2156): Indexing com.google.android.googlequicksearchbox-applications from com.google.android.googlequicksearchbox
I/Icing   ( 2156): Indexing com.google.android.gms-internal.3p:MobileApplication from com.google.android.gms
I/Icing   ( 2156): Indexing done com.google.android.googlequicksearchbox-applications
I/Icing   ( 2156): Indexing com.google.android.gms-apps from com.google.android.gms
I/Icing   ( 2156): Indexing done com.google.android.gms-internal.3p:MobileApplication
I/Icing   ( 2156): Indexing done com.google.android.gms-apps
D/AndroidRuntime(17540): 
D/AndroidRuntime(17540): >>>>>> AndroidRuntime START com.android.internal.os.RuntimeInit <<<<<<
W/linker  (17540): libdvm.so has text relocations. This is wasting memory and is a security risk. Please fix.
D/AndroidRuntime(17540): CheckJNI is ON
D/dalvikvm(17540): Trying to load lib libjavacore.so 0x0
D/dalvikvm(17540): Added shared lib libjavacore.so 0x0
D/dalvikvm(17540): Trying to load lib libnativehelper.so 0x0
D/dalvikvm(17540): Added shared lib libnativehelper.so 0x0
D/dalvikvm(17540): No JNI_OnLoad found in libnativehelper.so 0x0, skipping init
D/dalvikvm(17540): Note: class Landroid/app/ActivityManagerNative; has 179 unimplemented (abstract) methods
E/memtrack(17540): Couldn't load memtrack module (No such file or directory)
E/android.os.Debug(17540): failed to load memtrack module: -2
D/AndroidRuntime(17540): Calling main entry com.android.commands.pm.Pm
D/AndroidRuntime(17540): Shutting down VM
D/dalvikvm(17540): GC_CONCURRENT freed 93K, 15% free 557K/652K, paused 1ms+0ms, total 1ms
D/AndroidRuntime(17551): 
D/AndroidRuntime(17551): >>>>>> AndroidRuntime START com.android.internal.os.RuntimeInit <<<<<<
W/linker  (17551): libdvm.so has text relocations. This is wasting memory and is a security risk. Please fix.
D/AndroidRuntime(17551): CheckJNI is ON
D/dalvikvm(17551): Trying to load lib libjavacore.so 0x0
D/dalvikvm(17551): Added shared lib libjavacore.so 0x0
D/dalvikvm(17551): Trying to load lib libnativehelper.so 0x0
D/dalvikvm(17551): Added shared lib libnativehelper.so 0x0
D/dalvikvm(17551): No JNI_OnLoad found in libnativehelper.so 0x0, skipping init
D/dalvikvm(17551): Note: class Landroid/app/ActivityManagerNative; has 179 unimplemented (abstract) methods
E/memtrack(17551): Couldn't load memtrack module (No such file or directory)
E/android.os.Debug(17551): failed to load memtrack module: -2
D/AndroidRuntime(17551): Calling main entry com.android.commands.pm.Pm
D/keystore( 1149): calling clear_uid in state: 3
I/GeofencerStateMachine( 1786): removeGeofences: removeRequest=RemoveGeofencingRequest[REMOVE_ALL packageName=it.unina.android.ripper]
D/Documents( 4472): Used cached roots for com.android.providers.downloads.documents
D/Documents( 4472): Used cached roots for com.android.externalstorage.documents
D/Documents( 4472): Used cached roots for com.android.providers.media.documents
D/Documents( 4472): Update found 6 roots in 2ms
D/AndroidRuntime(17551): Shutting down VM
I/ActivityManager( 1570): Force stopping it.unina.android.ripper appid=10173 user=0: clear data
D/dalvikvm(17551): GC_CONCURRENT freed 92K, 15% free 549K/644K, paused 0ms+0ms, total 0ms
I/Icing   ( 2156): doRemovePackageData it.unina.android.ripper
I/Fitness ( 1786): FitCleanupIntentOperation received Intent android.intent.action.PACKAGE_DATA_CLEARED [CONTEXT service_id=17 ]
D/AndroidRuntime(17567): 
D/AndroidRuntime(17567): >>>>>> AndroidRuntime START com.android.internal.os.RuntimeInit <<<<<<
W/linker  (17567): libdvm.so has text relocations. This is wasting memory and is a security risk. Please fix.
D/AndroidRuntime(17567): CheckJNI is ON
D/dalvikvm(17567): Trying to load lib libjavacore.so 0x0
D/dalvikvm(17567): Added shared lib libjavacore.so 0x0
D/dalvikvm(17567): Trying to load lib libnativehelper.so 0x0
D/dalvikvm(17567): Added shared lib libnativehelper.so 0x0
D/dalvikvm(17567): No JNI_OnLoad found in libnativehelper.so 0x0, skipping init
D/dalvikvm(17567): Note: class Landroid/app/ActivityManagerNative; has 179 unimplemented (abstract) methods
E/memtrack(17567): Couldn't load memtrack module (No such file or directory)
E/android.os.Debug(17567): failed to load memtrack module: -2
D/AndroidRuntime(17567): Calling main entry com.android.commands.pm.Pm
I/ActivityManager( 1570): Force stopping it.unina.android.ripper appid=10173 user=-1: uninstall pkg
W/PackageManager( 1570): Couldn't delete native library directory /data/app-lib/it.unina.android.ripper
D/keystore( 1149): calling clear_uid in state: 3
I/ActivityManager( 1570): Force stopping it.unina.android.ripper appid=10173 user=0: pkg removed
W/Launcher.Model( 2665): Nobody to tell about the new app.  Launcher is probably loading.
I/GeofencerStateMachine( 1786): removeGeofences: removeRequest=RemoveGeofencingRequest[REMOVE_ALL packageName=it.unina.android.ripper]
D/Documents( 4472): Used cached roots for com.android.providers.downloads.documents
D/Documents( 4472): Used cached roots for com.android.externalstorage.documents
D/Documents( 4472): Used cached roots for com.android.providers.media.documents
D/Documents( 4472): Update found 6 roots in 6ms
I/InputReader( 1570): Reconfiguring input devices.  changes=0x00000010
D/VoicemailCleanupService( 1893): Cleaning up data for package: it.unina.android.ripper
I/PackageManager( 1570):   Action: "android.intent.action.SENDTO"
I/PackageManager( 1570):   Category: "android.intent.category.DEFAULT"
I/PackageManager( 1570):   Scheme: "sms"
I/PackageManager( 1570):   Action: "android.intent.action.SENDTO"
I/PackageManager( 1570):   Category: "android.intent.category.DEFAULT"
I/PackageManager( 1570):   Scheme: "smsto"
I/PackageManager( 1570): Adding preferred activity ComponentInfo{com.android.mms/com.android.mms.ui.ComposeMessageActivity} for user 0 :
I/PackageManager( 1570): Adding preferred activity ComponentInfo{com.android.mms/com.android.mms.ui.ComposeMessageActivity} for user 0 :
D/dalvikvm( 1805): GC_FOR_ALLOC freed 448K, 18% free 3642K/4400K, paused 2ms, total 2ms
I/PackageManager( 1570):   Action: "android.intent.action.SENDTO"
I/PackageManager( 1570):   Category: "android.intent.category.DEFAULT"
I/PackageManager( 1570):   Scheme: "mms"
D/BackupManagerService( 1570): Received broadcast Intent { act=android.intent.action.PACKAGE_REMOVED dat=package:it.unina.android.ripper flg=0x4000010 (has extras) }
V/BackupManagerService( 1570): removePackageParticipantsLocked: uid=10173 #1
I/PackageManager( 1570): Adding preferred activity ComponentInfo{com.android.mms/com.android.mms.ui.ComposeMessageActivity} for user 0 :
I/PackageManager( 1570):   Action: "android.intent.action.SENDTO"
I/PackageManager( 1570):   Category: "android.intent.category.DEFAULT"
I/PackageManager( 1570):   Scheme: "mmsto"
I/PackageManager( 1570): Adding preferred activity ComponentInfo{com.android.mms/com.android.mms.ui.ComposeMessageActivity} for user 0 :
I/Icing.InternalIcingCorporaProvider( 2451): Updating corpora: A: it.unina.android.ripper, C: MAYBE
I/Fitness ( 1786): FitCleanupIntentOperation received Intent android.intent.action.PACKAGE_REMOVED [CONTEXT service_id=17 ]
I/PackageManager( 1570):   Action: "android.intent.action.SENDTO"
I/PackageManager( 1570):   Category: "android.intent.category.DEFAULT"
I/PackageManager( 1570):   Scheme: "sms"
D/dalvikvm( 1570): GC_EXPLICIT freed 1255K, 41% free 10167K/17200K, paused 1ms+8ms, total 35ms
I/PackageManager( 1570): Adding preferred activity ComponentInfo{com.android.mms/com.android.mms.ui.ComposeMessageActivity} for user 0 :
I/PackageManager( 1570):   Action: "android.intent.action.SENDTO"
I/PackageManager( 1570):   Category: "android.intent.category.DEFAULT"
I/PackageManager( 1570):   Scheme: "smsto"
D/AndroidRuntime(17567): Shutting down VM
W/Launcher( 2665): setApplicationContext called twice! old=com.google.android.velvet.VelvetApplication@9d090c48 new=com.google.android.velvet.VelvetApplication@9d090c48
D/dalvikvm(17567): GC_CONCURRENT freed 92K, 15% free 549K/644K, paused 0ms+0ms, total 0ms
I/PackageManager( 1570): Adding preferred activity ComponentInfo{com.android.mms/com.android.mms.ui.ComposeMessageActivity} for user 0 :
W/ContextImpl( 4567): Calling a method in the system process without a qualified user: android.app.ContextImpl.startService:1479 android.content.ContextWrapper.startService:494 android.content.ContextWrapper.startService:494 com.android.keychain.KeyChainBroadcastReceiver.onReceive:12 android.app.ActivityThread.handleReceiver:2419 
D/dalvikvm( 1805): GC_FOR_ALLOC freed 408K, 17% free 3669K/4400K, paused 2ms, total 3ms
I/Icing   ( 2156): IndexChimeraService.getServiceInterface callingPackage=com.google.android.googlequicksearchbox componentName=null serviceId=21
I/Icing   ( 2156): doRemovePackageData it.unina.android.ripper
I/PackageManager( 1570):   Action: "android.intent.action.SENDTO"
I/PackageManager( 1570):   Category: "android.intent.category.DEFAULT"
I/PackageManager( 1570):   Scheme: "mms"
I/PackageManager( 1570): Adding preferred activity ComponentInfo{com.android.mms/com.android.mms.ui.ComposeMessageActivity} for user 0 :
I/PackageManager( 1570):   Action: "android.intent.action.SENDTO"
I/PackageManager( 1570):   Category: "android.intent.category.DEFAULT"
I/PackageManager( 1570):   Scheme: "mmsto"
I/PackageManager( 1570): Adding preferred activity ComponentInfo{com.android.mms/com.android.mms.ui.ComposeMessageActivity} for user 0 :
D/dalvikvm( 1773): GC_FOR_ALLOC freed 510K, 18% free 3412K/4124K, paused 2ms, total 2ms
I/LatinIME:LogUtils( 1773): Dictionary info: dictionary = main:en ; version = 42 ; date = 1381226516
I/DownloadManager( 1860): Download 117 starting
W/DownloadManager( 1860): Aborting request for download 117: TYPE_DISALLOWED_BY_REQUESTOR
W/Icing.InternalIcingCorporaProvider( 2451): Application table change notification failed.
I/DownloadManager( 1860): Download 117 finished with status WAITING_FOR_NETWORK
W/Icing   ( 2156): No valid account for uploading user actions
I/Icing   ( 2156): Usage reports ok 0, Failed Usage reports 0, indexed 0, rejected 0
I/Icing   ( 2156): Indexing com.google.android.gms-apps from com.google.android.gms
D/dalvikvm( 2156): GC_FOR_ALLOC freed 1876K, 12% free 21464K/24212K, paused 17ms, total 17ms
I/Icing   ( 2156): Indexing done com.google.android.gms-apps
D/AndroidRuntime(17593): 
D/AndroidRuntime(17593): >>>>>> AndroidRuntime START com.android.internal.os.RuntimeInit <<<<<<
W/linker  (17593): libdvm.so has text relocations. This is wasting memory and is a security risk. Please fix.
D/AndroidRuntime(17593): CheckJNI is ON
D/dalvikvm(17593): Trying to load lib libjavacore.so 0x0
D/dalvikvm(17593): Added shared lib libjavacore.so 0x0
D/dalvikvm(17593): Trying to load lib libnativehelper.so 0x0
D/dalvikvm(17593): Added shared lib libnativehelper.so 0x0
D/dalvikvm(17593): No JNI_OnLoad found in libnativehelper.so 0x0, skipping init
D/dalvikvm(17593): Note: class Landroid/app/ActivityManagerNative; has 179 unimplemented (abstract) methods
E/memtrack(17593): Couldn't load memtrack module (No such file or directory)
E/android.os.Debug(17593): failed to load memtrack module: -2
D/AndroidRuntime(17593): Calling main entry com.android.commands.pm.Pm
W/ActivityManager( 1570): No content provider found for permission revoke: file:///sdcard/aut.apk
W/ActivityManager( 1570): No content provider found for permission revoke: file:///sdcard/aut.apk
I/PackageManager( 1570): Copying native libraries to /data/app-lib/vmdl427114280
D/dalvikvm( 1570): GC_FOR_ALLOC freed 1518K, 40% free 10344K/17200K, paused 7ms, total 7ms
D/dalvikvm( 1570): GC_FOR_ALLOC freed 1368K, 38% free 10814K/17200K, paused 8ms, total 8ms
D/dalvikvm( 1570): GC_FOR_ALLOC freed 1917K, 37% free 10851K/17200K, paused 9ms, total 9ms
D/dalvikvm( 1570): GC_FOR_ALLOC freed 1957K, 37% free 10863K/17200K, paused 8ms, total 8ms
D/dalvikvm( 1570): GC_FOR_ALLOC freed 1956K, 37% free 10876K/17200K, paused 8ms, total 8ms
I/PackageManager( 1570): Running dexopt on: com.emmanuelmess.itsdicey
W/linker  (17605): libdvm.so has text relocations. This is wasting memory and is a security risk. Please fix.
D/dalvikvm(17605): DexOpt: couldn't find static field Landroid/view/View;.TRANSLATION_Z
I/dalvikvm(17605): DexOpt: illegal method access (call Landroid/widget/TextView;.getTextDirectionHeuristic ()Landroid/text/TextDirectionHeuristic; from Landroidx/appcompat/widget/AppCompatTextViewAutoSizeHelper$Impl29;)
D/dalvikvm(17605): DexOpt: load 15ms, verify+opt 53ms, 1850724 bytes
I/ActivityManager( 1570): Force stopping com.emmanuelmess.itsdicey appid=10174 user=-1: update pkg
W/Launcher.Model( 2665): Nobody to tell about the new app.  Launcher is probably loading.
I/PackageManager( 1570):   Action: "android.intent.action.SENDTO"
I/PackageManager( 1570):   Category: "android.intent.category.DEFAULT"
I/PackageManager( 1570):   Scheme: "sms"
D/Documents( 4472): Used cached roots for com.android.providers.downloads.documents
D/Documents( 4472): Used cached roots for com.android.externalstorage.documents
D/Documents( 4472): Used cached roots for com.android.providers.media.documents
D/Documents( 4472): Update found 6 roots in 4ms
I/PackageManager( 1570): Adding preferred activity ComponentInfo{com.android.mms/com.android.mms.ui.ComposeMessageActivity} for user 0 :
I/InputReader( 1570): Reconfiguring input devices.  changes=0x00000010
I/PackageManager( 1570):   Action: "android.intent.action.SENDTO"
I/PackageManager( 1570):   Category: "android.intent.category.DEFAULT"
I/PackageManager( 1570):   Scheme: "smsto"
D/BackupManagerService( 1570): Received broadcast Intent { act=android.intent.action.PACKAGE_ADDED dat=package:com.emmanuelmess.itsdicey flg=0x4000010 (has extras) }
V/BackupManagerService( 1570): addPackageParticipantsLocked: #1
I/PackageManager( 1570): Adding preferred activity ComponentInfo{com.android.mms/com.android.mms.ui.ComposeMessageActivity} for user 0 :
D/dalvikvm( 1570): GC_EXPLICIT freed 1891K, 37% free 10962K/17200K, paused 4ms+2ms, total 24ms
D/dalvikvm( 1570): WAIT_FOR_CONCURRENT_GC blocked 10ms
D/dalvikvm( 1570): WAIT_FOR_CONCURRENT_GC blocked 10ms
D/AndroidRuntime(17593): Shutting down VM
D/dalvikvm(17593): GC_CONCURRENT freed 93K, 15% free 552K/648K, paused 0ms+0ms, total 0ms
D/dalvikvm( 1570): WAIT_FOR_CONCURRENT_GC blocked 12ms
D/dalvikvm( 1805): GC_FOR_ALLOC freed 454K, 18% free 3634K/4400K, paused 1ms, total 1ms
I/PackageManager( 1570):   Action: "android.intent.action.SENDTO"
I/PackageManager( 1570):   Category: "android.intent.category.DEFAULT"
I/PackageManager( 1570):   Scheme: "mms"
I/PackageManager( 1570): Adding preferred activity ComponentInfo{com.android.mms/com.android.mms.ui.ComposeMessageActivity} for user 0 :
I/PackageManager( 1570):   Action: "android.intent.action.SENDTO"
I/PackageManager( 1570):   Category: "android.intent.category.DEFAULT"
I/PackageManager( 1570):   Scheme: "mmsto"
W/GCM     ( 1786): Unexpected forwarded intent: Intent { act=android.intent.action.PACKAGE_ADDED dat=package:com.emmanuelmess.itsdicey flg=0x4000010 cmp=com.google.android.gms/.chimera.PersistentIntentOperationService (has extras) }
W/GCM     ( 1786): Unexpected forwarded intent: Intent { act=android.intent.action.PACKAGE_ADDED dat=package:com.emmanuelmess.itsdicey flg=0x4000010 cmp=com.google.android.gms/.chimera.PersistentIntentOperationService (has extras) }
I/PackageManager( 1570): Adding preferred activity ComponentInfo{com.android.mms/com.android.mms.ui.ComposeMessageActivity} for user 0 :
I/PackageManager( 1570):   Action: "android.intent.action.SENDTO"
I/PackageManager( 1570):   Category: "android.intent.category.DEFAULT"
I/PackageManager( 1570):   Scheme: "sms"
I/PackageManager( 1570): Adding preferred activity ComponentInfo{com.android.mms/com.android.mms.ui.ComposeMessageActivity} for user 0 :
I/PackageManager( 1570):   Action: "android.intent.action.SENDTO"
I/PackageManager( 1570):   Category: "android.intent.category.DEFAULT"
I/PackageManager( 1570):   Scheme: "smsto"
I/Auth    ( 2156): [SupervisedAccountIntentOperation] onHandleIntent(): android.intent.action.PACKAGE_ADDED
I/ChromeSync( 2156): [Sync,SyncIntentOperation] Handling the intent: Intent { act=android.intent.action.PACKAGE_ADDED dat=package:com.emmanuelmess.itsdicey flg=0x4000010 cmp=com.google.android.gms/.chimera.GmsIntentOperationService (has extras) }.
I/Icing.InternalIcingCorporaProvider( 2451): Updating corpora: A: com.emmanuelmess.itsdicey, C: MAYBE
I/FontLog ( 2156): Package com.emmanuelmess.itsdicey has no metadata [CONTEXT service_id=132 ]
D/dalvikvm( 1805): GC_FOR_ALLOC freed 415K, 17% free 3668K/4400K, paused 1ms, total 2ms
E/GmsClient( 2156): unable to connect to service: com.google.android.gms.auth.key.retrieval.service.START on com.google.android.gms
I/PackageManager( 1570): Adding preferred activity ComponentInfo{com.android.mms/com.android.mms.ui.ComposeMessageActivity} for user 0 :
W/ActivityManager( 1570): Unable to start service Intent { act=com.google.android.gms.auth.key.retrieval.service.START pkg=com.google.android.gms } U=0: not found
W/ActivityManager( 1570): Unbind failed: could not find connection for android.os.BinderProxy@9d0fe640
I/PackageManager( 1570):   Action: "android.intent.action.SENDTO"
I/PackageManager( 1570):   Category: "android.intent.category.DEFAULT"
I/PackageManager( 1570):   Scheme: "mms"
I/PackageManager( 1570): Adding preferred activity ComponentInfo{com.android.mms/com.android.mms.ui.ComposeMessageActivity} for user 0 :
I/ChromeSync( 2156): [Persistence,AffiliationManager] One of affiliation or grouping data for android://KSmUCdTXmQS-j9D_O8l1jvyu41Pjn2mc5cb0Gvx1e9H1Aj4JCzHs_uTW26nbtH65K-YfijtBsQxGp-8R6k6HFg==@com.emmanuelmess.itsdicey/ was not found. Marking affiliation data as stale...
I/PackageManager( 1570):   Action: "android.intent.action.SENDTO"
I/PackageManager( 1570):   Category: "android.intent.category.DEFAULT"
I/PackageManager( 1570):   Scheme: "mmsto"
I/PackageManager( 1570): Adding preferred activity ComponentInfo{com.android.mms/com.android.mms.ui.ComposeMessageActivity} for user 0 :
I/Icing   ( 2156): IndexChimeraService.getServiceInterface callingPackage=com.google.android.googlequicksearchbox componentName=null serviceId=21
W/Icing   ( 2156): No valid account for uploading user actions
I/Icing   ( 2156): Usage reports ok 0, Failed Usage reports 0, indexed 0, rejected 0
I/Icing   ( 2156): Indexing com.google.android.gms-apps from com.google.android.gms
I/Icing   ( 2156): Indexing com.google.android.googlequicksearchbox-applications from com.google.android.googlequicksearchbox
I/Icing   ( 2156): Indexing done com.google.android.gms-apps
I/Icing   ( 2156): Indexing done com.google.android.googlequicksearchbox-applications
I/Icing   ( 2156): Indexing com.google.android.gms-internal.3p:MobileApplication from com.google.android.gms
I/Icing   ( 2156): Indexing done com.google.android.gms-internal.3p:MobileApplication
D/AndroidRuntime(17612): 
D/AndroidRuntime(17612): >>>>>> AndroidRuntime START com.android.internal.os.RuntimeInit <<<<<<
W/linker  (17612): libdvm.so has text relocations. This is wasting memory and is a security risk. Please fix.
D/AndroidRuntime(17612): CheckJNI is ON
D/dalvikvm(17612): Trying to load lib libjavacore.so 0x0
D/dalvikvm(17612): Added shared lib libjavacore.so 0x0
D/dalvikvm(17612): Trying to load lib libnativehelper.so 0x0
D/dalvikvm(17612): Added shared lib libnativehelper.so 0x0
D/dalvikvm(17612): No JNI_OnLoad found in libnativehelper.so 0x0, skipping init
D/dalvikvm(17612): Note: class Landroid/app/ActivityManagerNative; has 179 unimplemented (abstract) methods
E/memtrack(17612): Couldn't load memtrack module (No such file or directory)
E/android.os.Debug(17612): failed to load memtrack module: -2
D/AndroidRuntime(17612): Calling main entry com.android.commands.pm.Pm
W/ActivityManager( 1570): No content provider found for permission revoke: file:///sdcard/ripper.apk
W/ActivityManager( 1570): No content provider found for permission revoke: file:///sdcard/ripper.apk
I/PackageManager( 1570): Copying native libraries to /data/app-lib/vmdl1549276467
I/PackageParser( 1570): it.unina.android.ripper: compat added android.permission.WRITE_EXTERNAL_STORAGE android.permission.READ_PHONE_STATE
I/PackageManager( 1570): Running dexopt on: it.unina.android.ripper
W/linker  (17623): libdvm.so has text relocations. This is wasting memory and is a security risk. Please fix.
D/dalvikvm(17623): DexOpt: load 2ms, verify+opt 17ms, 936700 bytes
I/ActivityManager( 1570): Force stopping it.unina.android.ripper appid=10175 user=-1: update pkg
I/InputReader( 1570): Reconfiguring input devices.  changes=0x00000010
W/Launcher.Model( 2665): Nobody to tell about the new app.  Launcher is probably loading.
I/PackageManager( 1570):   Action: "android.intent.action.SENDTO"
I/PackageManager( 1570):   Category: "android.intent.category.DEFAULT"
I/PackageManager( 1570):   Scheme: "sms"
D/Documents( 4472): Used cached roots for com.android.providers.downloads.documents
D/Documents( 4472): Used cached roots for com.android.externalstorage.documents
D/Documents( 4472): Used cached roots for com.android.providers.media.documents
D/Documents( 4472): Update found 6 roots in 7ms
I/PackageManager( 1570): Adding preferred activity ComponentInfo{com.android.mms/com.android.mms.ui.ComposeMessageActivity} for user 0 :
D/dalvikvm( 1570): GC_EXPLICIT freed 2937K, 42% free 10023K/17200K, paused 2ms+1ms, total 18ms
D/dalvikvm( 1570): WAIT_FOR_CONCURRENT_GC blocked 13ms
D/dalvikvm( 1570): WAIT_FOR_CONCURRENT_GC blocked 13ms
D/dalvikvm( 1570): WAIT_FOR_CONCURRENT_GC blocked 13ms
D/AndroidRuntime(17612): Shutting down VM
D/dalvikvm(17612): GC_CONCURRENT freed 93K, 15% free 552K/648K, paused 1ms+0ms, total 1ms
D/dalvikvm( 1570): WAIT_FOR_CONCURRENT_GC blocked 14ms
D/dalvikvm( 1570): WAIT_FOR_CONCURRENT_GC blocked 14ms
D/dalvikvm( 1570): WAIT_FOR_CONCURRENT_GC blocked 14ms
D/BackupManagerService( 1570): Received broadcast Intent { act=android.intent.action.PACKAGE_ADDED dat=package:it.unina.android.ripper flg=0x4000010 (has extras) }
V/BackupManagerService( 1570): addPackageParticipantsLocked: #1
W/GCM     ( 1786): Unexpected forwarded intent: Intent { act=android.intent.action.PACKAGE_ADDED dat=package:it.unina.android.ripper flg=0x4000010 cmp=com.google.android.gms/.chimera.PersistentIntentOperationService (has extras) }
I/PackageManager( 1570):   Action: "android.intent.action.SENDTO"
I/PackageManager( 1570):   Category: "android.intent.category.DEFAULT"
I/PackageManager( 1570):   Scheme: "smsto"
W/GCM     ( 1786): Unexpected forwarded intent: Intent { act=android.intent.action.PACKAGE_ADDED dat=package:it.unina.android.ripper flg=0x4000010 cmp=com.google.android.gms/.chimera.PersistentIntentOperationService (has extras) }
I/Auth    ( 2156): [SupervisedAccountIntentOperation] onHandleIntent(): android.intent.action.PACKAGE_ADDED
I/ChromeSync( 2156): [Sync,SyncIntentOperation] Handling the intent: Intent { act=android.intent.action.PACKAGE_ADDED dat=package:it.unina.android.ripper flg=0x4000010 cmp=com.google.android.gms/.chimera.GmsIntentOperationService (has extras) }.
I/FontLog ( 2156): Package it.unina.android.ripper has no metadata [CONTEXT service_id=132 ]
I/PackageManager( 1570): Adding preferred activity ComponentInfo{com.android.mms/com.android.mms.ui.ComposeMessageActivity} for user 0 :
D/dalvikvm( 1805): GC_FOR_ALLOC freed 454K, 18% free 3635K/4400K, paused 2ms, total 2ms
I/PackageManager( 1570):   Action: "android.intent.action.SENDTO"
I/PackageManager( 1570):   Category: "android.intent.category.DEFAULT"
I/PackageManager( 1570):   Scheme: "mms"
I/Icing.InternalIcingCorporaProvider( 2451): Updating corpora: A: it.unina.android.ripper, C: MAYBE
I/PackageManager( 1570):   Action: "android.intent.action.SENDTO"
I/PackageManager( 1570):   Category: "android.intent.category.DEFAULT"
I/PackageManager( 1570):   Scheme: "mmsto"
I/ChromeSync( 2156): [Persistence,AffiliationManager] One of affiliation or grouping data for android://KSmUCdTXmQS-j9D_O8l1jvyu41Pjn2mc5cb0Gvx1e9H1Aj4JCzHs_uTW26nbtH65K-YfijtBsQxGp-8R6k6HFg==@it.unina.android.ripper/ was not found. Marking affiliation data as stale...
I/PackageManager( 1570): Adding preferred activity ComponentInfo{com.android.mms/com.android.mms.ui.ComposeMessageActivity} for user 0 :
I/PackageManager( 1570): Adding preferred activity ComponentInfo{com.android.mms/com.android.mms.ui.ComposeMessageActivity} for user 0 :
I/PackageManager( 1570):   Action: "android.intent.action.SENDTO"
I/PackageManager( 1570):   Category: "android.intent.category.DEFAULT"
I/PackageManager( 1570):   Scheme: "sms"
I/PackageManager( 1570): Adding preferred activity ComponentInfo{com.android.mms/com.android.mms.ui.ComposeMessageActivity} for user 0 :
I/PackageManager( 1570):   Action: "android.intent.action.SENDTO"
I/PackageManager( 1570):   Category: "android.intent.category.DEFAULT"
I/PackageManager( 1570):   Scheme: "smsto"
I/PackageManager( 1570): Adding preferred activity ComponentInfo{com.android.mms/com.android.mms.ui.ComposeMessageActivity} for user 0 :
D/dalvikvm( 1805): GC_FOR_ALLOC freed 413K, 17% free 3668K/4400K, paused 2ms, total 2ms
I/PackageManager( 1570):   Action: "android.intent.action.SENDTO"
I/PackageManager( 1570):   Category: "android.intent.category.DEFAULT"
I/PackageManager( 1570):   Scheme: "mms"
I/PackageManager( 1570): Adding preferred activity ComponentInfo{com.android.mms/com.android.mms.ui.ComposeMessageActivity} for user 0 :
I/PackageManager( 1570):   Action: "android.intent.action.SENDTO"
I/PackageManager( 1570):   Category: "android.intent.category.DEFAULT"
I/PackageManager( 1570):   Scheme: "mmsto"
I/PackageManager( 1570): Adding preferred activity ComponentInfo{com.android.mms/com.android.mms.ui.ComposeMessageActivity} for user 0 :
D/dalvikvm( 2156): GC_FOR_ALLOC freed 2016K, 12% free 21496K/24212K, paused 30ms, total 30ms
I/Icing   ( 2156): IndexChimeraService.getServiceInterface callingPackage=com.google.android.googlequicksearchbox componentName=null serviceId=21
W/Icing.InternalIcingCorporaProvider( 2451): Application table change notification failed.
W/Icing   ( 2156): No valid account for uploading user actions
I/Icing   ( 2156): Usage reports ok 0, Failed Usage reports 0, indexed 0, rejected 0
I/Icing   ( 2156): Indexing com.google.android.gms-apps from com.google.android.gms
I/Icing   ( 2156): Indexing done com.google.android.gms-apps
D/AndroidRuntime(17630): 
D/AndroidRuntime(17630): >>>>>> AndroidRuntime START com.android.internal.os.RuntimeInit <<<<<<
W/linker  (17630): libdvm.so has text relocations. This is wasting memory and is a security risk. Please fix.
D/AndroidRuntime(17630): CheckJNI is ON
D/dalvikvm(17630): Trying to load lib libjavacore.so 0x0
D/dalvikvm(17630): Added shared lib libjavacore.so 0x0
D/dalvikvm(17630): Trying to load lib libnativehelper.so 0x0
D/dalvikvm(17630): Added shared lib libnativehelper.so 0x0
D/dalvikvm(17630): No JNI_OnLoad found in libnativehelper.so 0x0, skipping init
D/dalvikvm(17630): Note: class Landroid/app/ActivityManagerNative; has 179 unimplemented (abstract) methods
E/memtrack(17630): Couldn't load memtrack module (No such file or directory)
E/android.os.Debug(17630): failed to load memtrack module: -2
D/AndroidRuntime(17630): Calling main entry com.android.commands.am.Am
I/ActivityManager( 1570): Force stopping com.emmanuelmess.itsdicey appid=10174 user=0: start instr
I/ActivityManager( 1570): Start proc com.emmanuelmess.itsdicey for added application com.emmanuelmess.itsdicey: pid=17641 uid=10174 gids={50174}
I/TestRunner(17641): started: testApplication(it.unina.android.ripper.RipperTestCase)
V/AndroidRipperService( 5017): register()
I/ActivityManager( 1570): START u0 {act=android.intent.action.MAIN flg=0x10000000 cmp=com.emmanuelmess.itsdicey/.MainActivity} from pid 17641
D/dalvikvm( 1570): GC_FOR_ALLOC freed 1673K, 43% free 9954K/17200K, paused 12ms, total 12ms
I/dalvikvm(17641): Could not find method android.app.AppOpsManager.permissionToOp, referenced from method androidx.core.app.AppOpsManagerCompat.checkSelfPermission
W/dalvikvm(17641): VFY: unable to resolve static method 176: Landroid/app/AppOpsManager;.permissionToOp (Ljava/lang/String;)Ljava/lang/String;
D/dalvikvm(17641): VFY: replacing opcode 0x71 at 0x001b
I/dalvikvm(17641): Could not find method android.content.Context.getSystemService, referenced from method androidx.core.app.AppOpsManagerCompat.checkSelfPermission
W/dalvikvm(17641): VFY: unable to resolve virtual method 259: Landroid/content/Context;.getSystemService (Ljava/lang/Class;)Ljava/lang/Object;
D/dalvikvm(17641): VFY: replacing opcode 0x6e at 0x003d
I/dalvikvm(17641): Could not find method android.widget.CompoundButton.getButtonDrawable, referenced from method androidx.core.app.AppOpsManagerCompat.getButtonDrawable
W/dalvikvm(17641): VFY: unable to resolve virtual method 2164: Landroid/widget/CompoundButton;.getButtonDrawable ()Landroid/graphics/drawable/Drawable;
D/dalvikvm(17641): VFY: replacing opcode 0x6e at 0x0006
I/dalvikvm(17641): Could not find method android.widget.CompoundButton.getButtonTintList, referenced from method androidx.core.app.AppOpsManagerCompat.getButtonTintList
W/dalvikvm(17641): VFY: unable to resolve virtual method 2165: Landroid/widget/CompoundButton;.getButtonTintList ()Landroid/content/res/ColorStateList;
D/dalvikvm(17641): VFY: replacing opcode 0x6e at 0x0006
I/dalvikvm(17641): Could not find method android.widget.TextView.getTextMetricsParams, referenced from method androidx.core.app.AppOpsManagerCompat.getTextMetricsParams
W/dalvikvm(17641): VFY: unable to resolve virtual method 2857: Landroid/widget/TextView;.getTextMetricsParams ()Landroid/text/PrecomputedText$Params;
D/dalvikvm(17641): VFY: replacing opcode 0x6e at 0x0008
I/dalvikvm(17641): Could not find method android.widget.TextView.getBreakStrategy, referenced from method androidx.core.app.AppOpsManagerCompat.getTextMetricsParams
W/dalvikvm(17641): VFY: unable to resolve virtual method 2822: Landroid/widget/TextView;.getBreakStrategy ()I
D/dalvikvm(17641): VFY: replacing opcode 0x6e at 0x0030
I/dalvikvm(17641): Could not find method android.icu.text.DecimalFormatSymbols.getInstance, referenced from method androidx.core.app.AppOpsManagerCompat.getTextMetricsParams
W/dalvikvm(17641): VFY: unable to resolve static method 795: Landroid/icu/text/DecimalFormatSymbols;.getInstance (Ljava/util/Locale;)Landroid/icu/text/DecimalFormatSymbols;
D/dalvikvm(17641): VFY: replacing opcode 0x71 at 0x0055
I/dalvikvm(17641): Could not find method android.animation.ObjectAnimator.ofObject, referenced from method androidx.core.app.AppOpsManagerCompat.ofPointF
W/dalvikvm(17641): VFY: unable to resolve static method 64: Landroid/animation/ObjectAnimator;.ofObject (Ljava/lang/Object;Landroid/util/Property;Landroid/animation/TypeConverter;Landroid/graphics/Path;)Landroid/animation/ObjectAnimator;
D/dalvikvm(17641): VFY: replacing opcode 0x71 at 0x0007
I/dalvikvm(17641): Could not find method android.widget.EdgeEffect.onPull, referenced from method androidx.core.app.AppOpsManagerCompat.onPull
W/dalvikvm(17641): VFY: unable to resolve virtual method 2180: Landroid/widget/EdgeEffect;.onPull (FF)V
D/dalvikvm(17641): VFY: replacing opcode 0x6e at 0x0006
I/dalvikvm(17641): Could not find method android.content.res.TypedArray.getType, referenced from method androidx.core.app.AppOpsManagerCompat.readCerts
W/dalvikvm(17641): VFY: unable to resolve virtual method 416: Landroid/content/res/TypedArray;.getType (I)I
D/dalvikvm(17641): VFY: replacing opcode 0x6e at 0x0025
I/dalvikvm(17641): Could not find method android.content.res.Resources$Theme.rebase, referenced from method androidx.core.app.AppOpsManagerCompat.rebase
W/dalvikvm(17641): VFY: unable to resolve virtual method 345: Landroid/content/res/Resources$Theme;.rebase ()V
D/dalvikvm(17641): VFY: replacing opcode 0x6e at 0x0000
I/dalvikvm(17641): Could not find method android.view.View.saveAttributeDataForStyleable, referenced from method androidx.core.app.AppOpsManagerCompat.saveAttributeDataForStyleable
W/dalvikvm(17641): VFY: unable to resolve virtual method 1446: Landroid/view/View;.saveAttributeDataForStyleable (Landroid/content/Context;[ILandroid/util/AttributeSet;Landroid/content/res/TypedArray;II)V
D/dalvikvm(17641): VFY: replacing opcode 0x74 at 0x0000
I/dalvikvm(17641): Could not find method android.widget.CompoundButton.setButtonTintList, referenced from method androidx.core.app.AppOpsManagerCompat.setButtonTintList
W/dalvikvm(17641): VFY: unable to resolve virtual method 2171: Landroid/widget/CompoundButton;.setButtonTintList (Landroid/content/res/ColorStateList;)V
D/dalvikvm(17641): VFY: replacing opcode 0x6e at 0x0006
I/dalvikvm(17641): Could not find method android.widget.TextView.setFirstBaselineToTopHeight, referenced from method androidx.core.app.AppOpsManagerCompat.setFirstBaselineToTopHeight
W/dalvikvm(17641): VFY: unable to resolve virtual method 2896: Landroid/widget/TextView;.setFirstBaselineToTopHeight (I)V
D/dalvikvm(17641): VFY: replacing opcode 0x6e at 0x0009
I/dalvikvm(17641): Could not find method android.graphics.drawable.Drawable.setHotspot, referenced from method androidx.core.app.AppOpsManagerCompat.setHotspot
W/dalvikvm(17641): VFY: unable to resolve virtual method 734: Landroid/graphics/drawable/Drawable;.setHotspot (FF)V
D/dalvikvm(17641): VFY: replacing opcode 0x6e at 0x0006
I/dalvikvm(17641): Could not find method android.graphics.drawable.Drawable.setHotspotBounds, referenced from method androidx.core.app.AppOpsManagerCompat.setHotspotBounds
W/dalvikvm(17641): VFY: unable to resolve virtual method 735: Landroid/graphics/drawable/Drawable;.setHotspotBounds (IIII)V
D/dalvikvm(17641): VFY: replacing opcode 0x6e at 0x0006
I/dalvikvm(17641): Could not find method android.graphics.drawable.Drawable.setLayoutDirection, referenced from method androidx.core.app.AppOpsManagerCompat.setLayoutDirection
W/dalvikvm(17641): VFY: unable to resolve virtual method 736: Landroid/graphics/drawable/Drawable;.setLayoutDirection (I)Z
D/dalvikvm(17641): VFY: replacing opcode 0x6e at 0x0006
I/dalvikvm(17641): Could not find method android.widget.PopupWindow.setOverlapAnchor, referenced from method androidx.core.app.AppOpsManagerCompat.setOverlapAnchor
W/dalvikvm(17641): VFY: unable to resolve virtual method 2725: Landroid/widget/PopupWindow;.setOverlapAnchor (Z)V
D/dalvikvm(17641): VFY: replacing opcode 0x6e at 0x0006
I/dalvikvm(17641): Could not find method android.widget.TextView.setTextAppearance, referenced from method androidx.core.app.AppOpsManagerCompat.setTextAppearance
W/dalvikvm(17641): VFY: unable to resolve virtual method 2916: Landroid/widget/TextView;.setTextAppearance (I)V
D/dalvikvm(17641): VFY: replacing opcode 0x6e at 0x0006
I/dalvikvm(17641): Could not find method android.graphics.drawable.Drawable.setTint, referenced from method androidx.core.app.AppOpsManagerCompat.setTint
W/dalvikvm(17641): VFY: unable to resolve virtual method 739: Landroid/graphics/drawable/Drawable;.setTint (I)V
D/dalvikvm(17641): VFY: replacing opcode 0x6e at 0x0006
I/dalvikvm(17641): Could not find method android.graphics.drawable.Drawable.setTintList, referenced from method androidx.core.app.AppOpsManagerCompat.setTintList
W/dalvikvm(17641): VFY: unable to resolve virtual method 740: Landroid/graphics/drawable/Drawable;.setTintList (Landroid/content/res/ColorStateList;)V
D/dalvikvm(17641): VFY: replacing opcode 0x6e at 0x0006
I/dalvikvm(17641): Could not find method android.graphics.drawable.Drawable.setTintMode, referenced from method androidx.core.app.AppOpsManagerCompat.setTintMode
W/dalvikvm(17641): VFY: unable to resolve virtual method 741: Landroid/graphics/drawable/Drawable;.setTintMode (Landroid/graphics/PorterDuff$Mode;)V
D/dalvikvm(17641): VFY: replacing opcode 0x6e at 0x0006
