D/AndroidRuntime( 2977): >>>>>> AndroidRuntime START com.android.internal.os.RuntimeInit <<<<<<
W/linker  ( 2977): libdvm.so has text relocations. This is wasting memory and is a security risk. Please fix.
D/AndroidRuntime( 2977): CheckJNI is ON
D/dalvikvm( 2977): Trying to load lib libjavacore.so 0x0
D/dalvikvm( 2977): Added shared lib libjavacore.so 0x0
D/dalvikvm( 2977): Trying to load lib libnativehelper.so 0x0
D/dalvikvm( 2977): Added shared lib libnativehelper.so 0x0
D/dalvikvm( 2977): No JNI_OnLoad found in libnativehelper.so 0x0, skipping init
D/dalvikvm( 2977): Note: class Landroid/app/ActivityManagerNative; has 179 unimplemented (abstract) methods
E/memtrack( 2977): Couldn't load memtrack module (No such file or directory)
E/android.os.Debug( 2977): failed to load memtrack module: -2
D/AndroidRuntime( 2977): Calling main entry com.android.commands.pm.Pm
D/AndroidRuntime( 2977): Shutting down VM
D/jdwp    ( 2977): Got wake-up signal, bailing out of select
D/dalvikvm( 2977): Debugger has detached; object registry had 1 entries
D/AndroidRuntime( 2988): 
D/AndroidRuntime( 2988): >>>>>> AndroidRuntime START com.android.internal.os.RuntimeInit <<<<<<
W/linker  ( 2988): libdvm.so has text relocations. This is wasting memory and is a security risk. Please fix.
D/AndroidRuntime( 2988): CheckJNI is ON
D/dalvikvm( 2988): Trying to load lib libjavacore.so 0x0
D/dalvikvm( 2988): Added shared lib libjavacore.so 0x0
D/dalvikvm( 2988): Trying to load lib libnativehelper.so 0x0
D/dalvikvm( 2988): Added shared lib libnativehelper.so 0x0
D/dalvikvm( 2988): No JNI_OnLoad found in libnativehelper.so 0x0, skipping init
D/dalvikvm( 2988): Note: class Landroid/app/ActivityManagerNative; has 179 unimplemented (abstract) methods
E/memtrack( 2988): Couldn't load memtrack module (No such file or directory)
E/android.os.Debug( 2988): failed to load memtrack module: -2
D/AndroidRuntime( 2988): Calling main entry com.android.commands.pm.Pm
D/AndroidRuntime( 2988): Shutting down VM
D/jdwp    ( 2988): Got wake-up signal, bailing out of select
D/dalvikvm( 2988): Debugger has detached; object registry had 1 entries
I/ActivityManager( 1568): Killing 1974:com.android.externalstorage/u0a6 (adj 15): empty #17
W/Nearby  ( 1775): Failed attempt #3 out of 3 for RestoreDeviceName [CONTEXT service_id=49 ]
W/Nearby  ( 1775): java.lang.IllegalStateException: BluetoothAdapter not ready yet!
W/Nearby  ( 1775): 	at adap.d(:com.google.android.gms@202414005@20.24.14 (000700-319035315):2)
W/Nearby  ( 1775): 	at adao.run(Unknown Source)
W/Nearby  ( 1775): 	at bksp.call(Unknown Source)
W/Nearby  ( 1775): 	at bksu.a(:com.google.android.gms@202414005@20.24.14 (000700-319035315):2)
W/Nearby  ( 1775): 	at bksu.a(:com.google.android.gms@202414005@20.24.14 (000700-319035315):9)
W/Nearby  ( 1775): 	at adan.run(Unknown Source)
W/Nearby  ( 1775): 	at java.lang.Thread.run(Thread.java:841)
W/Nearby  ( 1775): 	at nln.run(Unknown Source)
W/Nearby  ( 1775): 	at java.util.concurrent.ThreadPoolExecutor.runWorker(ThreadPoolExecutor.java:1112)
W/Nearby  ( 1775): 	at java.util.concurrent.ThreadPoolExecutor$Worker.run(ThreadPoolExecutor.java:587)
W/Nearby  ( 1775): 	at nrd.run(:com.google.android.gms@202414005@20.24.14 (000700-319035315):0)
W/Nearby  ( 1775): 	at java.lang.Thread.run(Thread.java:841)
D/AndroidRuntime( 2999): 
D/AndroidRuntime( 2999): >>>>>> AndroidRuntime START com.android.internal.os.RuntimeInit <<<<<<
W/linker  ( 2999): libdvm.so has text relocations. This is wasting memory and is a security risk. Please fix.
D/AndroidRuntime( 2999): CheckJNI is ON
D/dalvikvm( 2999): Trying to load lib libjavacore.so 0x0
D/dalvikvm( 2999): Added shared lib libjavacore.so 0x0
D/dalvikvm( 2999): Trying to load lib libnativehelper.so 0x0
D/dalvikvm( 2999): Added shared lib libnativehelper.so 0x0
D/dalvikvm( 2999): No JNI_OnLoad found in libnativehelper.so 0x0, skipping init
D/dalvikvm( 2999): Note: class Landroid/app/ActivityManagerNative; has 179 unimplemented (abstract) methods
E/memtrack( 2999): Couldn't load memtrack module (No such file or directory)
E/android.os.Debug( 2999): failed to load memtrack module: -2
D/AndroidRuntime( 2999): Calling main entry com.android.commands.am.Am
D/AndroidRuntime( 2999): Shutting down VM
D/jdwp    ( 2999): Got wake-up signal, bailing out of select
D/dalvikvm( 2999): Debugger has detached; object registry had 1 entries
I/ActivityManager( 1568): Start proc it.unina.android.ripper_service:android_ripper_service_process for service it.unina.android.ripper_service/.AndroidRipperService: pid=3010 uid=10057 gids={50057, 3003, 1028, 1015}
V/AndroidRipperService( 3010): onCreate()
V/SERVER  ( 3010): Starting ServerSocket on PORT 18888
V/SERVER  ( 3010): Started ServerSocket on PORT 18888
V/SERVER  ( 3010): Ready to accept connections on port: 18888
I/ChmraDebugLogger( 2083): [78] null
E/ConfigFileUtils( 2083): Failed to read config file: /data/data/com.google.android.gms/app_chimera/next_container.pb: open failed: ENOENT (No such file or directory)
I/DynamiteModule( 2083): Considering local module com.google.android.gms.cronet_dynamite:0 and remote module com.google.android.gms.cronet_dynamite:1311
I/DynamiteModule( 2083): Selected remote version of com.google.android.gms.cronet_dynamite, version >= 1311
I/dalvikvm( 2083): Could not find method android.content.ContextWrapper.createCredentialProtectedStorageContext, referenced from method lkh.createCredentialProtectedStorageContext
W/dalvikvm( 2083): VFY: unable to resolve virtual method 2508: Landroid/content/ContextWrapper;.createCredentialProtectedStorageContext ()Landroid/content/Context;
D/dalvikvm( 2083): VFY: replacing opcode 0x6f at 0x0002
I/dalvikvm( 2083): Could not find method android.content.ContextWrapper.createDeviceProtectedStorageContext, referenced from method lkh.createDeviceProtectedStorageContext
W/dalvikvm( 2083): VFY: unable to resolve virtual method 2509: Landroid/content/ContextWrapper;.createDeviceProtectedStorageContext ()Landroid/content/Context;
D/dalvikvm( 2083): VFY: replacing opcode 0x6f at 0x0002
D/dalvikvm( 2083): Trying to load lib /data/data/com.google.android.gms/app_chimera/m/00000001/n/x86/libcronet.83.0.4103.60.so 0x9dc96a08
I/dalvikvm( 2083): Could not find method android.net.ConnectivityManager.getProcessDefaultNetwork, referenced from method org.chromium.net.NetworkChangeNotifier.isProcessBoundToNetwork
W/dalvikvm( 2083): VFY: unable to resolve static method 225: Landroid/net/ConnectivityManager;.getProcessDefaultNetwork ()Landroid/net/Network;
D/dalvikvm( 2083): VFY: replacing opcode 0x71 at 0x0009
W/dalvikvm( 2083): Unable to resolve superclass of Lcr; (44)
D/dalvikvm( 2083): Added shared lib /data/data/com.google.android.gms/app_chimera/m/00000001/n/x86/libcronet.83.0.4103.60.so 0x9dc96a08
W/dalvikvm( 2083): Link of class 'Lcr;' failed
W/dalvikvm( 2083): Unable to resolve superclass of Lcr; (44)
W/dalvikvm( 2083): Link of class 'Lcr;' failed
I/dalvikvm( 2083): Could not find method android.net.ConnectivityManager.unregisterNetworkCallback, referenced from method org.chromium.net.NetworkChangeNotifier.a
W/dalvikvm( 2083): VFY: unable to resolve virtual method 227: Landroid/net/ConnectivityManager;.unregisterNetworkCallback (Landroid/net/ConnectivityManager$NetworkCallback;)V
D/dalvikvm( 2083): VFY: replacing opcode 0x6e at 0x003e
I/cr_CronetLibraryLoader( 2083): Cronet version: 83.0.4103.60, arch: i686
W/dalvikvm( 2083): VFY: unable to find class referenced in signature (Landroid/net/Network;)
W/dalvikvm( 2083): VFY: unable to find class referenced in signature (Landroid/net/Network;)
W/dalvikvm( 2083): VFY: unable to find class referenced in signature ([Landroid/net/Network;)
W/dalvikvm( 2083): VFY: unable to find class referenced in signature (Landroid/net/Network;)
W/dalvikvm( 2083): VFY: unable to find class referenced in signature (Landroid/net/Network;)
W/dalvikvm( 2083): VFY: unable to find class referenced in signature (Landroid/net/Network;)
D/dalvikvm( 2083): GC_FOR_ALLOC freed 1911K, 10% free 20928K/23192K, paused 22ms, total 22ms
W/dalvikvm( 2083): VFY: unable to find class referenced in signature (Landroid/net/Network;)
W/dalvikvm( 2083): VFY: unable to find class referenced in signature ([Landroid/net/Network;)
W/dalvikvm( 2083): VFY: unable to find class referenced in signature (Landroid/net/Network;)
W/dalvikvm( 2083): VFY: unable to find class referenced in signature (Landroid/net/Network;)
W/dalvikvm( 2083): VFY: unable to find class referenced in signature (Landroid/net/Network;)
W/dalvikvm( 2083): VFY: unable to find class referenced in signature (Landroid/net/Network;)
W/dalvikvm( 2083): Unable to resolve superclass of Lcl; (44)
W/dalvikvm( 2083): Link of class 'Lcl;' failed
W/dalvikvm( 2083): Unable to resolve superclass of Lcl; (44)
W/dalvikvm( 2083): Link of class 'Lcl;' failed
W/dalvikvm( 2083): Unable to resolve superclass of Lcr; (44)
W/dalvikvm( 2083): Link of class 'Lcr;' failed
W/dalvikvm( 2083): Unable to resolve superclass of Lcr; (44)
W/dalvikvm( 2083): Link of class 'Lcr;' failed
W/dalvikvm( 2083): Unable to resolve superclass of Lcr; (44)
W/dalvikvm( 2083): Link of class 'Lcr;' failed
W/dalvikvm( 2083): Unable to resolve superclass of Lcr; (44)
W/dalvikvm( 2083): Link of class 'Lcr;' failed
W/dalvikvm( 2083): VFY: unable to resolve instance field 189
D/dalvikvm( 2083): VFY: replacing opcode 0x54 at 0x002c
W/dalvikvm( 2083): Unable to resolve superclass of Lcr; (44)
W/dalvikvm( 2083): Link of class 'Lcr;' failed
W/dalvikvm( 2083): Unable to resolve superclass of Lcr; (44)
W/dalvikvm( 2083): Link of class 'Lcr;' failed
W/dalvikvm( 2083): Unable to resolve superclass of Lcr; (44)
W/dalvikvm( 2083): Link of class 'Lcr;' failed
W/dalvikvm( 2083): Unable to resolve superclass of Lcr; (44)
W/dalvikvm( 2083): Link of class 'Lcr;' failed
E/dalvikvm( 2083): Could not find class 'cr', referenced from method cv.<init>
W/dalvikvm( 2083): VFY: unable to resolve new-instance 183 (Lcr;) in Lcv;
D/dalvikvm( 2083): VFY: replacing opcode 0x22 at 0x002d
W/dalvikvm( 2083): Unable to resolve superclass of Lcr; (44)
W/dalvikvm( 2083): Link of class 'Lcr;' failed
W/dalvikvm( 2083): Unable to resolve superclass of Lcr; (44)
W/dalvikvm( 2083): Link of class 'Lcr;' failed
W/dalvikvm( 2083): Unable to resolve superclass of Lcl; (44)
W/dalvikvm( 2083): Link of class 'Lcl;' failed
W/dalvikvm( 2083): Unable to resolve superclass of Lcl; (44)
W/dalvikvm( 2083): Link of class 'Lcl;' failed
W/dalvikvm( 2083): VFY: unable to find class referenced in signature (Landroid/net/Network;)
I/ChmraDebugLogger( 2083): [73] 1801
I/dalvikvm( 2083): Could not find method android.net.Network.toString, referenced from method cv.a
W/dalvikvm( 2083): VFY: unable to resolve virtual method 231: Landroid/net/Network;.toString ()Ljava/lang/String;
D/dalvikvm( 2083): VFY: replacing opcode 0x6e at 0x0002
W/dalvikvm( 2083): VFY: unable to find class referenced in signature (Landroid/net/Network;)
I/ChmraDebugLogger( 2083): [30] [VisionOcr.optional:202414000700] permitMetered=true,
I/dalvikvm( 2083): Could not find method android.net.ConnectivityManager.getAllNetworks, referenced from method cv.a
W/dalvikvm( 2083): VFY: unable to resolve virtual method 221: Landroid/net/ConnectivityManager;.getAllNetworks ()[Landroid/net/Network;
D/dalvikvm( 2083): VFY: replacing opcode 0x6e at 0x0002
I/ChimeraConfigService( 2083): Scheduling checkin for one-off execution between [3300,43200] seconds from now (1629047546922)
W/dalvikvm( 2083): Unable to resolve superclass of Lcr; (44)
W/dalvikvm( 2083): Link of class 'Lcr;' failed
W/dalvikvm( 2083): Unable to resolve superclass of Lcr; (44)
W/dalvikvm( 2083): Link of class 'Lcr;' failed
D/dalvikvm( 2083): DexOpt: unable to opt direct call 0x0243 at 0x2f in Lcv;.<init>
D/dalvikvm( 2083): DexOpt: unable to opt direct call 0x00f0 at 0x36 in Lcv;.<init>
W/dalvikvm( 2083): VFY: unable to find class referenced in signature (Landroid/net/Network;)
I/dalvikvm( 2083): Could not find method android.net.Network.bindSocket, referenced from method ck.d
W/dalvikvm( 2083): VFY: unable to resolve virtual method 229: Landroid/net/Network;.bindSocket (Ljava/net/Socket;)V
D/dalvikvm( 2083): VFY: replacing opcode 0x6e at 0x0014
I/ChimeraConfigurator( 2083): Update complete: success
W/dalvikvm( 2083): VFY: unable to find class referenced in signature (Landroid/net/Network;)
I/dalvikvm( 2083): Could not find method android.net.ConnectivityManager.getNetworkInfo, referenced from method ck.a
W/dalvikvm( 2083): VFY: unable to resolve virtual method 224: Landroid/net/ConnectivityManager;.getNetworkInfo (Landroid/net/Network;)Landroid/net/NetworkInfo;
D/dalvikvm( 2083): VFY: replacing opcode 0x6e at 0x0002
I/dalvikvm( 2083): Could not find method android.net.ConnectivityManager.getNetworkInfo, referenced from method ck.a
W/dalvikvm( 2083): VFY: unable to resolve virtual method 224: Landroid/net/ConnectivityManager;.getNetworkInfo (Landroid/net/Network;)Landroid/net/NetworkInfo;
D/dalvikvm( 2083): VFY: replacing opcode 0x6e at 0x000a
W/dalvikvm( 2083): VFY: unable to find class referenced in signature (Landroid/net/Network;)
W/dalvikvm( 2083): VFY: unable to find class referenced in signature (Landroid/net/Network;)
W/dalvikvm( 2083): VFY: unable to find class referenced in signature (Landroid/net/Network;)
I/dalvikvm( 2083): Could not find method android.net.ConnectivityManager.getNetworkCapabilities, referenced from method ck.c
W/dalvikvm( 2083): VFY: unable to resolve virtual method 223: Landroid/net/ConnectivityManager;.getNetworkCapabilities (Landroid/net/Network;)Landroid/net/NetworkCapabilities;
D/dalvikvm( 2083): VFY: replacing opcode 0x6e at 0x0002
D/dalvikvm( 2083): DexOpt: couldn't find static field Landroid/os/Build;.SUPPORTED_ABIS
W/dalvikvm( 2083): VFY: unable to resolve static field 37 (SUPPORTED_ABIS) in Landroid/os/Build;
D/dalvikvm( 2083): VFY: replacing opcode 0x62 at 0x006d
I/GmsModuleFndr( 2083): Beginning GMS chimera module scan
I/ModuleSetMgr( 2083): Computing pending module set with APKs: [[AdsFdrDynamite.integ:21460000000], [Cronetdynamite:202414000700], [Dynamiteloader:202414000700], [Dynamitemodulesa:202414000000], [Dynamitemodulesc:202414000000], [Googlecertificates:202414000000], [Mapsdynamite:202414000000], [Measurementdynamite:202414000000]]
I/ModuleSetMgr( 2083): Pending container module APKs: []
I/ModuleSetMgr( 2083): Pending non-container module APKs: []
D/dalvikvm( 2083): GC_FOR_ALLOC freed 1174K, 10% free 21058K/23192K, paused 17ms, total 17ms
I/dalvikvm-heap( 2083): Grow heap (frag case) to 21.025MB for 228601-byte allocation
D/dalvikvm( 2083): GC_FOR_ALLOC freed <1K, 10% free 21281K/23416K, paused 19ms, total 19ms
D/dalvikvm( 2083): GC_FOR_ALLOC freed 1407K, 8% free 21890K/23580K, paused 18ms, total 18ms
D/dalvikvm( 2083): GC_FOR_ALLOC freed 1911K, 10% free 22009K/24188K, paused 18ms, total 18ms
D/dalvikvm( 2083): GC_FOR_ALLOC freed 843K, 12% free 21503K/24188K, paused 17ms, total 17ms
I/ChimeraCfgMgr( 2083): Updating module config: container:2024149000700 -> container:2024149000700
E/DowngradeHelper( 2083): isModuleDowngradeRequired false
E/ConfigFileUtils( 2083): Failed to read config file: /data/data/com.google.android.gms/app_chimera/current_modules_init.pb: open failed: ENOENT (No such file or directory)
I/ChimeraCfgMgr( 2083): Sending com.google.android.chimera.IntentOperation.NEW_MODULE Intents: 1,false,true
D/dalvikvm( 2083): GC_FOR_ALLOC freed 2692K, 14% free 20859K/24188K, paused 18ms, total 18ms
I/ChmraDebugLogger( 2083): [46] container:2024149000700
I/ChimeraCfgMgr( 2083): Received com.google.android.chimera.IntentOperation.NEW_MODULE(1/0): 1,false
E/PhenotypeRegOp( 2083): Attempting to overwrite config package for com.google.android.gms.games [CONTEXT service_id=231 ]
E/PhenotypeRegOp( 2083): Attempting to overwrite config package for com.google.android.gms.mobile_data_plan [CONTEXT service_id=231 ]
E/PhenotypeRegOp( 2083): Attempting to overwrite config package for com.google.android.gms.signin [CONTEXT service_id=231 ]
E/PhenotypeRegOp( 2083): Attempting to overwrite config package for com.google.android.gms.udc [CONTEXT service_id=231 ]
D/AndroidRuntime( 3032): 
D/AndroidRuntime( 3032): >>>>>> AndroidRuntime START com.android.internal.os.RuntimeInit <<<<<<
W/linker  ( 3032): libdvm.so has text relocations. This is wasting memory and is a security risk. Please fix.
D/AndroidRuntime( 3032): CheckJNI is ON
D/dalvikvm( 3032): Trying to load lib libjavacore.so 0x0
D/dalvikvm( 3032): Added shared lib libjavacore.so 0x0
D/dalvikvm( 3032): Trying to load lib libnativehelper.so 0x0
D/dalvikvm( 3032): Added shared lib libnativehelper.so 0x0
D/dalvikvm( 3032): No JNI_OnLoad found in libnativehelper.so 0x0, skipping init
D/dalvikvm( 3032): Note: class Landroid/app/ActivityManagerNative; has 179 unimplemented (abstract) methods
E/memtrack( 3032): Couldn't load memtrack module (No such file or directory)
E/android.os.Debug( 3032): failed to load memtrack module: -2
D/AndroidRuntime( 3032): Calling main entry com.android.commands.input.Input
I/Input   ( 3032): injectKeyEvent: KeyEvent { action=ACTION_DOWN, keyCode=KEYCODE_MENU, scanCode=0, metaState=0, flags=0x0, repeatCount=0, eventTime=45084, downTime=45084, deviceId=-1, source=0x101 }
I/Input   ( 3032): injectKeyEvent: KeyEvent { action=ACTION_UP, keyCode=KEYCODE_MENU, scanCode=0, metaState=0, flags=0x0, repeatCount=0, eventTime=45084, downTime=45084, deviceId=-1, source=0x101 }
D/dalvikvm( 1963): GC_FOR_ALLOC freed 1552K, 9% free 22980K/25076K, paused 2ms, total 2ms
I/dalvikvm-heap( 1963): Grow heap (frag case) to 24.471MB for 1939932-byte allocation
D/dalvikvm( 1963): GC_FOR_ALLOC freed 2K, 8% free 24872K/26972K, paused 4ms, total 4ms
D/AndroidRuntime( 3032): Shutting down VM
D/jdwp    ( 3032): Got wake-up signal, bailing out of select
D/dalvikvm( 3032): Debugger has detached; object registry had 1 entries
E/SoundPool( 1568): error loading /system/media/audio/ui/Effect_Tick.ogg
W/AudioService( 1568): Soundpool could not load file: /system/media/audio/ui/Effect_Tick.ogg
E/SoundPool( 1568): error loading /system/media/audio/ui/Effect_Tick.ogg
W/AudioService( 1568): Soundpool could not load file: /system/media/audio/ui/Effect_Tick.ogg
E/SoundPool( 1568): error loading /system/media/audio/ui/Effect_Tick.ogg
W/AudioService( 1568): Soundpool could not load file: /system/media/audio/ui/Effect_Tick.ogg
E/SoundPool( 1568): error loading /system/media/audio/ui/Effect_Tick.ogg
W/AudioService( 1568): Soundpool could not load file: /system/media/audio/ui/Effect_Tick.ogg
E/SoundPool( 1568): error loading /system/media/audio/ui/Effect_Tick.ogg
W/AudioService( 1568): Soundpool could not load file: /system/media/audio/ui/Effect_Tick.ogg
E/SoundPool( 1568): error loading /system/media/audio/ui/KeypressStandard.ogg
W/AudioService( 1568): Soundpool could not load file: /system/media/audio/ui/KeypressStandard.ogg
E/SoundPool( 1568): error loading /system/media/audio/ui/KeypressSpacebar.ogg
W/AudioService( 1568): Soundpool could not load file: /system/media/audio/ui/KeypressSpacebar.ogg
E/SoundPool( 1568): error loading /system/media/audio/ui/KeypressDelete.ogg
W/AudioService( 1568): Soundpool could not load file: /system/media/audio/ui/KeypressDelete.ogg
E/SoundPool( 1568): error loading /system/media/audio/ui/KeypressReturn.ogg
W/AudioService( 1568): Soundpool could not load file: /system/media/audio/ui/KeypressReturn.ogg
E/SoundPool( 1568): error loading /system/media/audio/ui/KeypressInvalid.ogg
W/AudioService( 1568): Soundpool could not load file: /system/media/audio/ui/KeypressInvalid.ogg
W/AudioService( 1568): onLoadSoundEffects(), Error -1 while loading samples
D/dalvikvm( 1775): GC_FOR_ALLOC freed 1751K, 22% free 10287K/13136K, paused 12ms, total 12ms
D/EGL_emulation( 1963): eglMakeCurrent: 0xb9427db0: ver 3 0
E/EGL_emulation( 1963): tid 1963: eglSurfaceAttrib(1199): error 0x3009 (EGL_BAD_MATCH)
W/HardwareRenderer( 1963): Backbuffer cannot be preserved
I/ActivityManager( 1568): Killing 1888:com.android.printspooler/u0a44 (adj 15): empty #17
D/AndroidRuntime( 3050): 
D/AndroidRuntime( 3050): >>>>>> AndroidRuntime START com.android.internal.os.RuntimeInit <<<<<<
W/linker  ( 3050): libdvm.so has text relocations. This is wasting memory and is a security risk. Please fix.
D/AndroidRuntime( 3050): CheckJNI is ON
D/dalvikvm( 3050): Trying to load lib libjavacore.so 0x0
D/dalvikvm( 3050): Added shared lib libjavacore.so 0x0
D/dalvikvm( 3050): Trying to load lib libnativehelper.so 0x0
D/dalvikvm( 3050): Added shared lib libnativehelper.so 0x0
D/dalvikvm( 3050): No JNI_OnLoad found in libnativehelper.so 0x0, skipping init
D/dalvikvm( 3050): Note: class Landroid/app/ActivityManagerNative; has 179 unimplemented (abstract) methods
E/memtrack( 3050): Couldn't load memtrack module (No such file or directory)
E/android.os.Debug( 3050): failed to load memtrack module: -2
D/AndroidRuntime( 3050): Calling main entry com.android.commands.pm.Pm
W/ActivityManager( 1568): No content provider found for permission revoke: file:///sdcard/aut.apk
W/ActivityManager( 1568): No content provider found for permission revoke: file:///sdcard/aut.apk
I/PackageManager( 1568): Copying native libraries to /data/app-lib/vmdl-794946952
D/dalvikvm( 1568): GC_FOR_ALLOC freed 825K, 45% free 8175K/14816K, paused 7ms, total 7ms
D/dalvikvm( 1568): GC_FOR_ALLOC freed 881K, 42% free 8595K/14816K, paused 7ms, total 8ms
D/dalvikvm( 1568): GC_FOR_ALLOC freed 641K, 37% free 9359K/14816K, paused 8ms, total 8ms
E/dalvikvm( 1568): JIT code cache full
D/dalvikvm( 1568): JIT code cache reset delayed (523248 bytes 0/1)
D/dalvikvm( 1568): GC_FOR_ALLOC freed 1675K, 38% free 9276K/14816K, paused 8ms, total 8ms
D/dalvikvm( 1568): JIT code cache reset delayed (523248 bytes 0/2)
D/dalvikvm( 1568): GC_FOR_ALLOC freed 1561K, 38% free 9291K/14816K, paused 8ms, total 8ms
D/dalvikvm( 1568): JIT code cache reset delayed (523248 bytes 0/3)
D/dalvikvm( 1568): GC_FOR_ALLOC freed 1568K, 38% free 9302K/14816K, paused 8ms, total 8ms
D/dalvikvm( 1568): JIT code cache reset delayed (523248 bytes 0/4)
D/dalvikvm( 1568): GC_FOR_ALLOC freed 1580K, 38% free 9298K/14816K, paused 8ms, total 8ms
D/dalvikvm( 1568): JIT code cache reset delayed (523248 bytes 0/5)
D/dalvikvm( 1568): GC_FOR_ALLOC freed 1569K, 38% free 9307K/14816K, paused 8ms, total 8ms
D/dalvikvm( 1568): JIT code cache reset delayed (523248 bytes 0/6)
D/dalvikvm( 1568): GC_FOR_ALLOC freed 1562K, 38% free 9322K/14816K, paused 8ms, total 8ms
D/dalvikvm( 1568): JIT code cache reset delayed (523248 bytes 0/7)
D/dalvikvm( 1568): GC_FOR_ALLOC freed 1565K, 37% free 9337K/14816K, paused 8ms, total 8ms
D/dalvikvm( 1568): JIT code cache reset delayed (523248 bytes 0/8)
D/dalvikvm( 1568): GC_FOR_ALLOC freed 1569K, 37% free 9347K/14816K, paused 8ms, total 8ms
I/PackageManager( 1568): Running dexopt on: universe.constellation.orion.viewer
W/linker  ( 3061): libdvm.so has text relocations. This is wasting memory and is a security risk. Please fix.
W/dalvikvm( 3061): method Landroidx/appcompat/widget/DropDownListView;.lookForSelectablePosition incorrectly overrides package-private method with same name in Landroid/widget/ListView;
D/dalvikvm( 3061): DexOpt: couldn't find field Landroid/view/inputmethod/EditorInfo;.contentMimeTypes
D/dalvikvm( 3061): DexOpt: couldn't find static field Landroid/view/View;.TRANSLATION_Z
D/dalvikvm( 3061): DexOpt: load 55ms, verify+opt 204ms, 4232228 bytes
I/ActivityManager( 1568): Force stopping universe.constellation.orion.viewer appid=10058 user=-1: update pkg
I/PackageManager( 1568):   Action: "android.intent.action.SENDTO"
I/PackageManager( 1568):   Category: "android.intent.category.DEFAULT"
I/PackageManager( 1568):   Scheme: "sms"
W/Launcher.Model( 2237): Nobody to tell about the new app.  Launcher is probably loading.
I/PackageManager( 1568): Adding preferred activity ComponentInfo{com.android.mms/com.android.mms.ui.ComposeMessageActivity} for user 0 :
I/InputReader( 1568): Reconfiguring input devices.  changes=0x00000010
D/dalvikvm( 1830): GC_FOR_ALLOC freed 463K, 18% free 3607K/4392K, paused 2ms, total 3ms
I/PackageManager( 1568):   Action: "android.intent.action.SENDTO"
I/PackageManager( 1568):   Category: "android.intent.category.DEFAULT"
I/PackageManager( 1568):   Scheme: "smsto"
I/PackageManager( 1568): Adding preferred activity ComponentInfo{com.android.mms/com.android.mms.ui.ComposeMessageActivity} for user 0 :
W/GCM     ( 1775): Unexpected forwarded intent: Intent { act=android.intent.action.PACKAGE_ADDED dat=package:universe.constellation.orion.viewer flg=0x4000010 cmp=com.google.android.gms/.chimera.PersistentIntentOperationService (has extras) }
W/GCM     ( 1775): Unexpected forwarded intent: Intent { act=android.intent.action.PACKAGE_ADDED dat=package:universe.constellation.orion.viewer flg=0x4000010 cmp=com.google.android.gms/.chimera.PersistentIntentOperationService (has extras) }
I/ChromeSync( 2083): [Sync,SyncIntentOperation] Handling the intent: Intent { act=android.intent.action.PACKAGE_ADDED dat=package:universe.constellation.orion.viewer flg=0x4000010 cmp=com.google.android.gms/.chimera.GmsIntentOperationService (has extras) }.
I/Auth    ( 2083): [SupervisedAccountIntentOperation] onHandleIntent(): android.intent.action.PACKAGE_ADDED
D/BackupManagerService( 1568): Received broadcast Intent { act=android.intent.action.PACKAGE_ADDED dat=package:universe.constellation.orion.viewer flg=0x4000010 (has extras) }
V/BackupManagerService( 1568): addPackageParticipantsLocked: #1
E/GmsClient( 2083): unable to connect to service: com.google.android.gms.auth.key.retrieval.service.START on com.google.android.gms
I/PackageManager( 1568):   Action: "android.intent.action.SENDTO"
I/PackageManager( 1568):   Category: "android.intent.category.DEFAULT"
I/PackageManager( 1568):   Scheme: "mms"
I/Icing.InternalIcingCorporaProvider( 2184): Updating corpora: A: universe.constellation.orion.viewer, C: MAYBE
W/ActivityManager( 1568): Unable to start service Intent { act=com.google.android.gms.auth.key.retrieval.service.START pkg=com.google.android.gms } U=0: not found
W/ActivityManager( 1568): Unbind failed: could not find connection for android.os.BinderProxy@9d1204e0
I/PackageManager( 1568): Adding preferred activity ComponentInfo{com.android.mms/com.android.mms.ui.ComposeMessageActivity} for user 0 :
D/dalvikvm( 1568): JIT code cache reset in 0 ms (523248 bytes 1/8)
I/PackageManager( 1568):   Action: "android.intent.action.SENDTO"
I/PackageManager( 1568):   Category: "android.intent.category.DEFAULT"
I/PackageManager( 1568):   Scheme: "mmsto"
I/PackageManager( 1568): Adding preferred activity ComponentInfo{com.android.mms/com.android.mms.ui.ComposeMessageActivity} for user 0 :
D/dalvikvm( 1568): GC_EXPLICIT freed 2654K, 46% free 8029K/14816K, paused 4ms+1ms, total 63ms
D/AndroidRuntime( 3050): Shutting down VM
D/jdwp    ( 3050): Got wake-up signal, bailing out of select
D/dalvikvm( 3050): Debugger has detached; object registry had 1 entries
I/FontLog ( 2083): Package universe.constellation.orion.viewer has no metadata [CONTEXT service_id=132 ]
I/PackageManager( 1568):   Action: "android.intent.action.SENDTO"
I/PackageManager( 1568):   Category: "android.intent.category.DEFAULT"
I/PackageManager( 1568):   Scheme: "sms"
I/PackageManager( 1568): Adding preferred activity ComponentInfo{com.android.mms/com.android.mms.ui.ComposeMessageActivity} for user 0 :
D/dalvikvm( 1830): GC_FOR_ALLOC freed 405K, 17% free 3663K/4392K, paused 1ms, total 1ms
I/PackageManager( 1568):   Action: "android.intent.action.SENDTO"
I/PackageManager( 1568):   Category: "android.intent.category.DEFAULT"
I/PackageManager( 1568):   Scheme: "smsto"
I/ChromeSync( 2083): [Persistence,AffiliationManager] One of affiliation or grouping data for android://KSmUCdTXmQS-j9D_O8l1jvyu41Pjn2mc5cb0Gvx1e9H1Aj4JCzHs_uTW26nbtH65K-YfijtBsQxGp-8R6k6HFg==@universe.constellation.orion.viewer/ was not found. Marking affiliation data as stale...
I/PackageManager( 1568): Adding preferred activity ComponentInfo{com.android.mms/com.android.mms.ui.ComposeMessageActivity} for user 0 :
W/ContextImpl( 2184): Implicit intents with startService are not safe: Intent { act=com.google.android.gms.icing.INDEX_SERVICE } android.content.ContextWrapper.bindService:517 com.google.android.gms.internal.av.a:-1 com.google.android.gms.internal.au.connect:-1 
I/PackageManager( 1568):   Action: "android.intent.action.SENDTO"
I/PackageManager( 1568):   Category: "android.intent.category.DEFAULT"
I/PackageManager( 1568):   Scheme: "mms"
I/PackageManager( 1568): Adding preferred activity ComponentInfo{com.android.mms/com.android.mms.ui.ComposeMessageActivity} for user 0 :
I/PackageManager( 1568):   Action: "android.intent.action.SENDTO"
I/PackageManager( 1568):   Category: "android.intent.category.DEFAULT"
I/PackageManager( 1568):   Scheme: "mmsto"
I/PackageManager( 1568): Adding preferred activity ComponentInfo{com.android.mms/com.android.mms.ui.ComposeMessageActivity} for user 0 :
I/Icing   ( 2083): IndexChimeraService.getServiceInterface callingPackage=com.google.android.googlequicksearchbox componentName=null serviceId=21
W/Icing   ( 2083): No valid account for uploading user actions
I/Icing   ( 2083): Usage reports ok 0, Failed Usage reports 0, indexed 0, rejected 0
I/Icing   ( 2083): Indexing com.google.android.gms-apps from com.google.android.gms
D/EGL_emulation( 1963): eglMakeCurrent: 0xb9427db0: ver 3 0
I/Icing   ( 2083): Indexing done com.google.android.gms-apps
I/Icing   ( 2083): Indexing com.google.android.googlequicksearchbox-applications from com.google.android.googlequicksearchbox
I/Icing   ( 2083): Indexing com.google.android.gms-internal.3p:MobileApplication from com.google.android.gms
I/Icing   ( 2083): Indexing done com.google.android.googlequicksearchbox-applications
I/Icing   ( 2083): Indexing done com.google.android.gms-internal.3p:MobileApplication
D/dalvikvm( 2083): GC_FOR_ALLOC freed 1906K, 14% free 21000K/24188K, paused 16ms, total 16ms
D/AndroidRuntime( 3075): 
D/AndroidRuntime( 3075): >>>>>> AndroidRuntime START com.android.internal.os.RuntimeInit <<<<<<
W/linker  ( 3075): libdvm.so has text relocations. This is wasting memory and is a security risk. Please fix.
D/AndroidRuntime( 3075): CheckJNI is ON
D/dalvikvm( 3075): Trying to load lib libjavacore.so 0x0
D/dalvikvm( 3075): Added shared lib libjavacore.so 0x0
D/dalvikvm( 3075): Trying to load lib libnativehelper.so 0x0
D/dalvikvm( 3075): Added shared lib libnativehelper.so 0x0
D/dalvikvm( 3075): No JNI_OnLoad found in libnativehelper.so 0x0, skipping init
D/dalvikvm( 3075): Note: class Landroid/app/ActivityManagerNative; has 179 unimplemented (abstract) methods
E/memtrack( 3075): Couldn't load memtrack module (No such file or directory)
E/android.os.Debug( 3075): failed to load memtrack module: -2
D/AndroidRuntime( 3075): Calling main entry com.android.commands.pm.Pm
W/ActivityManager( 1568): No content provider found for permission revoke: file:///sdcard/ripper.apk
W/ActivityManager( 1568): No content provider found for permission revoke: file:///sdcard/ripper.apk
I/PackageManager( 1568): Copying native libraries to /data/app-lib/vmdl-1223213353
I/PackageParser( 1568): it.unina.android.ripper: compat added android.permission.WRITE_EXTERNAL_STORAGE android.permission.READ_PHONE_STATE
I/PackageManager( 1568): Running dexopt on: it.unina.android.ripper
W/linker  ( 3086): libdvm.so has text relocations. This is wasting memory and is a security risk. Please fix.
D/dalvikvm( 3086): DexOpt: load 3ms, verify+opt 19ms, 936700 bytes
I/ActivityManager( 1568): Force stopping it.unina.android.ripper appid=10059 user=-1: update pkg
D/dalvikvm( 1568): GC_FOR_ALLOC freed 1413K, 47% free 7880K/14816K, paused 7ms, total 8ms
W/Launcher.Model( 2237): Nobody to tell about the new app.  Launcher is probably loading.
I/InputReader( 1568): Reconfiguring input devices.  changes=0x00000010
I/PackageManager( 1568):   Action: "android.intent.action.SENDTO"
I/PackageManager( 1568):   Category: "android.intent.category.DEFAULT"
I/PackageManager( 1568):   Scheme: "sms"
I/PackageManager( 1568): Adding preferred activity ComponentInfo{com.android.mms/com.android.mms.ui.ComposeMessageActivity} for user 0 :
D/dalvikvm( 1830): GC_FOR_ALLOC freed 462K, 18% free 3608K/4392K, paused 2ms, total 2ms
I/PackageManager( 1568):   Action: "android.intent.action.SENDTO"
I/PackageManager( 1568):   Category: "android.intent.category.DEFAULT"
I/PackageManager( 1568):   Scheme: "smsto"
I/PackageManager( 1568): Adding preferred activity ComponentInfo{com.android.mms/com.android.mms.ui.ComposeMessageActivity} for user 0 :
I/PackageManager( 1568):   Action: "android.intent.action.SENDTO"
I/PackageManager( 1568):   Category: "android.intent.category.DEFAULT"
I/PackageManager( 1568):   Scheme: "mms"
I/PackageManager( 1568): Adding preferred activity ComponentInfo{com.android.mms/com.android.mms.ui.ComposeMessageActivity} for user 0 :
I/PackageManager( 1568):   Action: "android.intent.action.SENDTO"
I/PackageManager( 1568):   Category: "android.intent.category.DEFAULT"
I/PackageManager( 1568):   Scheme: "mmsto"
W/GCM     ( 1775): Unexpected forwarded intent: Intent { act=android.intent.action.PACKAGE_ADDED dat=package:it.unina.android.ripper flg=0x4000010 cmp=com.google.android.gms/.chimera.PersistentIntentOperationService (has extras) }
W/GCM     ( 1775): Unexpected forwarded intent: Intent { act=android.intent.action.PACKAGE_ADDED dat=package:it.unina.android.ripper flg=0x4000010 cmp=com.google.android.gms/.chimera.PersistentIntentOperationService (has extras) }
I/Auth    ( 2083): [SupervisedAccountIntentOperation] onHandleIntent(): android.intent.action.PACKAGE_ADDED
I/PackageManager( 1568): Adding preferred activity ComponentInfo{com.android.mms/com.android.mms.ui.ComposeMessageActivity} for user 0 :
I/ChromeSync( 2083): [Sync,SyncIntentOperation] Handling the intent: Intent { act=android.intent.action.PACKAGE_ADDED dat=package:it.unina.android.ripper flg=0x4000010 cmp=com.google.android.gms/.chimera.GmsIntentOperationService (has extras) }.
I/PackageManager( 1568):   Action: "android.intent.action.SENDTO"
I/PackageManager( 1568):   Category: "android.intent.category.DEFAULT"
I/PackageManager( 1568):   Scheme: "sms"
I/PackageManager( 1568): Adding preferred activity ComponentInfo{com.android.mms/com.android.mms.ui.ComposeMessageActivity} for user 0 :
I/FontLog ( 2083): Package it.unina.android.ripper has no metadata [CONTEXT service_id=132 ]
D/dalvikvm( 1830): GC_FOR_ALLOC freed 407K, 17% free 3664K/4392K, paused 2ms, total 2ms
D/BackupManagerService( 1568): Received broadcast Intent { act=android.intent.action.PACKAGE_ADDED dat=package:it.unina.android.ripper flg=0x4000010 (has extras) }
V/BackupManagerService( 1568): addPackageParticipantsLocked: #1
D/dalvikvm( 1568): GC_EXPLICIT freed 1273K, 48% free 7833K/14816K, paused 15ms+1ms, total 66ms
D/dalvikvm( 1568): WAIT_FOR_CONCURRENT_GC blocked 8ms
D/dalvikvm( 1568): WAIT_FOR_CONCURRENT_GC blocked 8ms
D/dalvikvm( 1568): WAIT_FOR_CONCURRENT_GC blocked 7ms
D/dalvikvm( 1568): WAIT_FOR_CONCURRENT_GC blocked 10ms
D/dalvikvm( 1568): WAIT_FOR_CONCURRENT_GC blocked 9ms
D/AndroidRuntime( 3075): Shutting down VM
D/dalvikvm( 1568): WAIT_FOR_CONCURRENT_GC blocked 10ms
D/dalvikvm( 1568): WAIT_FOR_CONCURRENT_GC blocked 9ms
D/jdwp    ( 3075): Got wake-up signal, bailing out of select
D/dalvikvm( 3075): Debugger has detached; object registry had 1 entries
I/PackageManager( 1568):   Action: "android.intent.action.SENDTO"
I/PackageManager( 1568):   Category: "android.intent.category.DEFAULT"
I/PackageManager( 1568):   Scheme: "smsto"
I/PackageManager( 1568): Adding preferred activity ComponentInfo{com.android.mms/com.android.mms.ui.ComposeMessageActivity} for user 0 :
I/PackageManager( 1568):   Action: "android.intent.action.SENDTO"
I/PackageManager( 1568):   Category: "android.intent.category.DEFAULT"
I/PackageManager( 1568):   Scheme: "mms"
I/ChromeSync( 2083): [Persistence,AffiliationManager] One of affiliation or grouping data for android://KSmUCdTXmQS-j9D_O8l1jvyu41Pjn2mc5cb0Gvx1e9H1Aj4JCzHs_uTW26nbtH65K-YfijtBsQxGp-8R6k6HFg==@it.unina.android.ripper/ was not found. Marking affiliation data as stale...
I/PackageManager( 1568): Adding preferred activity ComponentInfo{com.android.mms/com.android.mms.ui.ComposeMessageActivity} for user 0 :
I/PackageManager( 1568):   Action: "android.intent.action.SENDTO"
I/PackageManager( 1568):   Category: "android.intent.category.DEFAULT"
I/PackageManager( 1568):   Scheme: "mmsto"
I/PackageManager( 1568): Adding preferred activity ComponentInfo{com.android.mms/com.android.mms.ui.ComposeMessageActivity} for user 0 :
W/ActivityManager( 1568): Unable to start service Intent { act=com.google.android.gms.auth.key.retrieval.service.START pkg=com.google.android.gms } U=0: not found
E/GmsClient( 2083): unable to connect to service: com.google.android.gms.auth.key.retrieval.service.START on com.google.android.gms
I/Icing.InternalIcingCorporaProvider( 2184): Updating corpora: A: it.unina.android.ripper, C: MAYBE
W/ActivityManager( 1568): Unbind failed: could not find connection for android.os.BinderProxy@9d7ce938
I/Icing   ( 2083): Indexing com.google.android.gms-apps from com.google.android.gms
I/Icing   ( 2083): Indexing done com.google.android.gms-apps
I/Icing   ( 2083): IndexChimeraService.getServiceInterface callingPackage=com.google.android.googlequicksearchbox componentName=null serviceId=21
W/Icing   ( 2083): No valid account for uploading user actions
W/Icing.InternalIcingCorporaProvider( 2184): Application table change notification failed.
I/Icing   ( 2083): Usage reports ok 0, Failed Usage reports 0, indexed 0, rejected 0
E/dalvikvm( 2083): JIT code cache full
D/AndroidRuntime( 3095): 
D/AndroidRuntime( 3095): >>>>>> AndroidRuntime START com.android.internal.os.RuntimeInit <<<<<<
W/linker  ( 3095): libdvm.so has text relocations. This is wasting memory and is a security risk. Please fix.
D/AndroidRuntime( 3095): CheckJNI is ON
D/dalvikvm( 3095): Trying to load lib libjavacore.so 0x0
D/dalvikvm( 3095): Added shared lib libjavacore.so 0x0
D/dalvikvm( 3095): Trying to load lib libnativehelper.so 0x0
D/dalvikvm( 3095): Added shared lib libnativehelper.so 0x0
D/dalvikvm( 3095): No JNI_OnLoad found in libnativehelper.so 0x0, skipping init
D/dalvikvm( 3095): Note: class Landroid/app/ActivityManagerNative; has 179 unimplemented (abstract) methods
E/memtrack( 3095): Couldn't load memtrack module (No such file or directory)
E/android.os.Debug( 3095): failed to load memtrack module: -2
D/AndroidRuntime( 3095): Calling main entry com.android.commands.am.Am
I/ActivityManager( 1568): Force stopping universe.constellation.orion.viewer appid=10058 user=0: start instr
I/ActivityManager( 1568): Start proc universe.constellation.orion.viewer for added application universe.constellation.orion.viewer: pid=3106 uid=10058 gids={50058, 1028, 1015}
I/System.out( 3106): Using default android device
I/TestRunner( 3106): started: testApplication(it.unina.android.ripper.RipperTestCase)
D/OrionViewer( 3106): Updating locale to DEFAULT from en
D/OrionViewer( 3106): Orion Viewer 0.81.2
D/OrionViewer( 3106): Device: generic_x86
D/OrionViewer( 3106): Model: Android SDK built for x86
D/OrionViewer( 3106): Manufacturer:  unknown
D/OrionViewer( 3106): Android version :  REL 4.4.2
V/AndroidRipperService( 3010): onBind()
V/AndroidRipperService( 3010): onBind()
V/AndroidRipperService( 3010): register()
D/gralloc_ranchu( 1144): gralloc_alloc: Creating ashmem region of size 1323008
I/ActivityManager( 1568): START u0 {act=android.intent.action.MAIN flg=0x10000000 cmp=universe.constellation.orion.viewer/.filemanager.OrionFileManagerActivity} from pid 3106
D/        ( 1568): HostConnection::get() New Host Connection established 0xb95f5160, tid 1790
D/dalvikvm( 1568): GC_FOR_ALLOC freed 929K, 47% free 7898K/14816K, paused 12ms, total 13ms
I/dalvikvm-heap( 1568): Grow heap (frag case) to 8.525MB for 656856-byte allocation
D/dalvikvm( 1568): GC_FOR_ALLOC freed 8K, 45% free 8531K/15460K, paused 12ms, total 12ms
D/dalvikvm( 1568): GC_FOR_ALLOC freed 7K, 45% free 8530K/15460K, paused 9ms, total 9ms
I/dalvikvm-heap( 1568): Grow heap (frag case) to 9.143MB for 656856-byte allocation
D/dalvikvm( 1568): GC_FOR_ALLOC freed <1K, 44% free 9171K/16104K, paused 10ms, total 10ms
D/OrionViewer( 3106): Using default android device
D/gralloc_ranchu( 1144): gralloc_alloc: Creating ashmem region of size 7753728
I/dalvikvm( 3106): Could not find method android.content.Context.getSystemService, referenced from method androidx.appcompat.app.AppCompatDelegateImpl.mapNightMode
W/dalvikvm( 3106): VFY: unable to resolve virtual method 533: Landroid/content/Context;.getSystemService (Ljava/lang/Class;)Ljava/lang/Object;
D/dalvikvm( 3106): VFY: replacing opcode 0x6e at 0x002d
D/OrionViewer( 3106): Updating locale to DEFAULT from en
I/System.out( 3106): Display orientation -1 screenOrientation -1
I/dalvikvm( 3106): Could not find method android.view.Window$Callback.onPointerCaptureChanged, referenced from method androidx.appcompat.view.WindowCallbackWrapper.onPointerCaptureChanged
W/dalvikvm( 3106): VFY: unable to resolve interface method 2594: Landroid/view/Window$Callback;.onPointerCaptureChanged (Z)V
D/dalvikvm( 3106): VFY: replacing opcode 0x72 at 0x0002
I/dalvikvm( 3106): Could not find method android.view.Window$Callback.onProvideKeyboardShortcuts, referenced from method androidx.appcompat.view.WindowCallbackWrapper.onProvideKeyboardShortcuts
W/dalvikvm( 3106): VFY: unable to resolve interface method 2596: Landroid/view/Window$Callback;.onProvideKeyboardShortcuts (Ljava/util/List;Landroid/view/Menu;I)V
D/dalvikvm( 3106): VFY: replacing opcode 0x72 at 0x0002
W/dalvikvm( 3106): VFY: unable to find class referenced in signature (Landroid/view/SearchEvent;)
I/dalvikvm( 3106): Could not find method android.view.Window$Callback.onSearchRequested, referenced from method androidx.appcompat.view.WindowCallbackWrapper.onSearchRequested
W/dalvikvm( 3106): VFY: unable to resolve interface method 2598: Landroid/view/Window$Callback;.onSearchRequested (Landroid/view/SearchEvent;)Z
D/dalvikvm( 3106): VFY: replacing opcode 0x72 at 0x0002
I/dalvikvm( 3106): Could not find method android.view.Window$Callback.onWindowStartingActionMode, referenced from method androidx.appcompat.view.WindowCallbackWrapper.onWindowStartingActionMode
W/dalvikvm( 3106): VFY: unable to resolve interface method 2602: Landroid/view/Window$Callback;.onWindowStartingActionMode (Landroid/view/ActionMode$Callback;I)Landroid/view/ActionMode;
D/dalvikvm( 3106): VFY: replacing opcode 0x72 at 0x0002
I/dalvikvm( 3106): Could not find method android.content.res.TypedArray.getChangingConfigurations, referenced from method androidx.appcompat.widget.TintTypedArray.getChangingConfigurations
W/dalvikvm( 3106): VFY: unable to resolve virtual method 766: Landroid/content/res/TypedArray;.getChangingConfigurations ()I
D/dalvikvm( 3106): VFY: replacing opcode 0x6e at 0x0002
I/dalvikvm( 3106): Could not find method android.content.res.TypedArray.getType, referenced from method androidx.appcompat.widget.TintTypedArray.getType
W/dalvikvm( 3106): VFY: unable to resolve virtual method 788: Landroid/content/res/TypedArray;.getType (I)I
D/dalvikvm( 3106): VFY: replacing opcode 0x6e at 0x0008
I/dalvikvm( 3106): Could not find method android.content.Context.createDeviceProtectedStorageContext, referenced from method androidx.core.content.ContextCompat.createDeviceProtectedStorageContext
W/dalvikvm( 3106): VFY: unable to resolve virtual method 503: Landroid/content/Context;.createDeviceProtectedStorageContext ()Landroid/content/Context;
D/dalvikvm( 3106): VFY: replacing opcode 0x6e at 0x0006
I/dalvikvm( 3106): Could not find method android.content.Context.getCodeCacheDir, referenced from method androidx.core.content.ContextCompat.getCodeCacheDir
W/dalvikvm( 3106): VFY: unable to resolve virtual method 510: Landroid/content/Context;.getCodeCacheDir ()Ljava/io/File;
D/dalvikvm( 3106): VFY: replacing opcode 0x6e at 0x0006
I/dalvikvm( 3106): Could not find method android.content.Context.getColor, referenced from method androidx.core.content.ContextCompat.getColor
W/dalvikvm( 3106): VFY: unable to resolve virtual method 511: Landroid/content/Context;.getColor (I)I
D/dalvikvm( 3106): VFY: replacing opcode 0x6e at 0x0006
I/dalvikvm( 3106): Could not find method android.content.Context.getColorStateList, referenced from method androidx.core.content.ContextCompat.getColorStateList
W/dalvikvm( 3106): VFY: unable to resolve virtual method 512: Landroid/content/Context;.getColorStateList (I)Landroid/content/res/ColorStateList;
D/dalvikvm( 3106): VFY: replacing opcode 0x6e at 0x0006
I/dalvikvm( 3106): Could not find method android.content.Context.getDataDir, referenced from method androidx.core.content.ContextCompat.getDataDir
W/dalvikvm( 3106): VFY: unable to resolve virtual method 514: Landroid/content/Context;.getDataDir ()Ljava/io/File;
D/dalvikvm( 3106): VFY: replacing opcode 0x6e at 0x0006
I/dalvikvm( 3106): Could not find method android.content.Context.getDrawable, referenced from method androidx.core.content.ContextCompat.getDrawable
W/dalvikvm( 3106): VFY: unable to resolve virtual method 515: Landroid/content/Context;.getDrawable (I)Landroid/graphics/drawable/Drawable;
D/dalvikvm( 3106): VFY: replacing opcode 0x6e at 0x0006
I/dalvikvm( 3106): Could not find method android.content.Context.getMainExecutor, referenced from method androidx.core.content.ContextCompat.getMainExecutor
W/dalvikvm( 3106): VFY: unable to resolve virtual method 522: Landroid/content/Context;.getMainExecutor ()Ljava/util/concurrent/Executor;
D/dalvikvm( 3106): VFY: replacing opcode 0x6e at 0x0006
I/dalvikvm( 3106): Could not find method android.content.Context.getNoBackupFilesDir, referenced from method androidx.core.content.ContextCompat.getNoBackupFilesDir
W/dalvikvm( 3106): VFY: unable to resolve virtual method 524: Landroid/content/Context;.getNoBackupFilesDir ()Ljava/io/File;
D/dalvikvm( 3106): VFY: replacing opcode 0x6e at 0x0006
I/dalvikvm( 3106): Could not find method android.content.Context.getSystemService, referenced from method androidx.core.content.ContextCompat.getSystemService
W/dalvikvm( 3106): VFY: unable to resolve virtual method 533: Landroid/content/Context;.getSystemService (Ljava/lang/Class;)Ljava/lang/Object;
D/dalvikvm( 3106): VFY: replacing opcode 0x6e at 0x0006
I/dalvikvm( 3106): Could not find method android.content.Context.getSystemServiceName, referenced from method androidx.core.content.ContextCompat.getSystemServiceName
W/dalvikvm( 3106): VFY: unable to resolve virtual method 535: Landroid/content/Context;.getSystemServiceName (Ljava/lang/Class;)Ljava/lang/String;
D/dalvikvm( 3106): VFY: replacing opcode 0x6e at 0x0006
I/dalvikvm( 3106): Could not find method android.content.Context.isDeviceProtectedStorage, referenced from method androidx.core.content.ContextCompat.isDeviceProtectedStorage
W/dalvikvm( 3106): VFY: unable to resolve virtual method 538: Landroid/content/Context;.isDeviceProtectedStorage ()Z
D/dalvikvm( 3106): VFY: replacing opcode 0x6e at 0x0006
I/dalvikvm( 3106): Could not find method android.content.Context.startForegroundService, referenced from method androidx.core.content.ContextCompat.startForegroundService
W/dalvikvm( 3106): VFY: unable to resolve virtual method 554: Landroid/content/Context;.startForegroundService (Landroid/content/Intent;)Landroid/content/ComponentName;
D/dalvikvm( 3106): VFY: replacing opcode 0x6e at 0x0006
D/dalvikvm( 3106): GC_FOR_ALLOC freed 317K, 14% free 3188K/3692K, paused 4ms, total 4ms
I/dalvikvm( 3106): Could not find method android.view.View.addKeyboardNavigationClusters, referenced from method androidx.core.view.ViewCompat.addKeyboardNavigationClusters
W/dalvikvm( 3106): VFY: unable to resolve virtual method 2088: Landroid/view/View;.addKeyboardNavigationClusters (Ljava/util/Collection;I)V
D/dalvikvm( 3106): VFY: replacing opcode 0x6e at 0x0006
I/dalvikvm( 3106): Failed resolving Landroidx/core/view/ViewCompat$2; interface 451 'Landroid/view/View$OnUnhandledKeyEventListener;'
W/dalvikvm( 3106): Link of class 'Landroidx/core/view/ViewCompat$2;' failed
E/dalvikvm( 3106): Could not find class 'androidx.core.view.ViewCompat$2', referenced from method androidx.core.view.ViewCompat.addOnUnhandledKeyEventListener
W/dalvikvm( 3106): VFY: unable to resolve new-instance 1466 (Landroidx/core/view/ViewCompat$2;) in Landroidx/core/view/ViewCompat;
D/dalvikvm( 3106): VFY: replacing opcode 0x22 at 0x001a
I/dalvikvm( 3106): Could not find method android.view.View.cancelDragAndDrop, referenced from method androidx.core.view.ViewCompat.cancelDragAndDrop
W/dalvikvm( 3106): VFY: unable to resolve virtual method 2097: Landroid/view/View;.cancelDragAndDrop ()V
D/dalvikvm( 3106): VFY: replacing opcode 0x6e at 0x0006
E/dalvikvm( 3106): Could not find class 'android.view.WindowInsets', referenced from method androidx.core.view.ViewCompat.dispatchApplyWindowInsets
W/dalvikvm( 3106): VFY: unable to resolve check-cast 476 (Landroid/view/WindowInsets;) in Landroidx/core/view/ViewCompat;
D/dalvikvm( 3106): VFY: replacing opcode 0x1f at 0x000a
I/dalvikvm( 3106): Could not find method android.view.View.dispatchNestedFling, referenced from method androidx.core.view.ViewCompat.dispatchNestedFling
W/dalvikvm( 3106): VFY: unable to resolve virtual method 2108: Landroid/view/View;.dispatchNestedFling (FFZ)Z
D/dalvikvm( 3106): VFY: replacing opcode 0x6e at 0x0006
I/dalvikvm( 3106): Could not find method android.view.View.dispatchNestedPreFling, referenced from method androidx.core.view.ViewCompat.dispatchNestedPreFling
W/dalvikvm( 3106): VFY: unable to resolve virtual method 2109: Landroid/view/View;.dispatchNestedPreFling (FF)Z
D/dalvikvm( 3106): VFY: replacing opcode 0x6e at 0x0006
