I/dalvikvm( 1775): Could not find method android.net.ConnectivityManager.isDefaultNetworkActive, referenced from method com.google.android.gms.clearcut.uploader.QosUploaderChimeraService.a
W/dalvikvm( 1775): VFY: unable to resolve virtual method 3874: Landroid/net/ConnectivityManager;.isDefaultNetworkActive ()Z
D/dalvikvm( 1775): VFY: replacing opcode 0x6e at 0x00c6
D/dalvikvm( 1775): GC_FOR_ALLOC freed 2026K, 18% free 10620K/12896K, paused 9ms, total 9ms
I/Icing   ( 2083): Indexing com.google.android.gms-apps from com.google.android.gms
I/Icing   ( 2083): Indexing done com.google.android.gms-apps
I/Icing   ( 2083): Indexing com.google.android.googlequicksearchbox-applications from com.google.android.googlequicksearchbox
I/Icing   ( 2083): Indexing done com.google.android.googlequicksearchbox-applications
I/Icing   ( 2083): Indexing com.google.android.gms-internal.3p:MobileApplication from com.google.android.gms
I/Icing   ( 2083): Indexing done com.google.android.gms-internal.3p:MobileApplication
I/Icing   ( 2083): Indexing com.google.android.gms-apps from com.google.android.gms
I/Icing   ( 2083): Indexing done com.google.android.gms-apps
I/Icing   ( 2083): Indexing com.google.android.googlequicksearchbox-applications from com.google.android.googlequicksearchbox
I/Icing   ( 2083): Indexing done com.google.android.googlequicksearchbox-applications
I/Icing   ( 2083): Indexing com.google.android.googlequicksearchbox-applications from com.google.android.googlequicksearchbox
D/dalvikvm( 2184): GC_FOR_ALLOC freed 484K, 17% free 3501K/4172K, paused 2ms, total 2ms
I/Icing   ( 2083): Indexing done com.google.android.googlequicksearchbox-applications
I/GCM-GMS ( 2083): Registering GMS 745476177629
D/dalvikvm( 2541): GC_FOR_ALLOC freed 836K, 43% free 5594K/9652K, paused 5ms, total 5ms
W/Conscrypt( 2083): Could not set socket write timeout: java.net.SocketException: Socket closed
W/Conscrypt( 2083): 	at com.google.android.gms.org.conscrypt.Platform.setSocketWriteTimeout(:com.google.android.gms@202414005@20.24.14 (000700-319035315):2)
W/Conscrypt( 2083): 	at com.google.android.gms.org.conscrypt.ConscryptFileDescriptorSocket.setSoWriteTimeout(:com.google.android.gms@202414005@20.24.14 (000700-319035315):0)
W/Conscrypt( 2083): Could not set socket write timeout: java.net.SocketException: Socket closed
W/Conscrypt( 2083): 	at com.google.android.gms.org.conscrypt.Platform.setSocketWriteTimeout(:com.google.android.gms@202414005@20.24.14 (000700-319035315):2)
W/Conscrypt( 2083): 	at com.google.android.gms.org.conscrypt.ConscryptFileDescriptorSocket.setSoWriteTimeout(:com.google.android.gms@202414005@20.24.14 (000700-319035315):0)
D/dalvikvm( 1775): GC_FOR_ALLOC freed 2141K, 19% free 10524K/12920K, paused 15ms, total 15ms
D/dalvikvm( 2083): GC_FOR_ALLOC freed 1994K, 28% free 11589K/16064K, paused 12ms, total 15ms
D/dalvikvm( 1775): GC_FOR_ALLOC freed 2631K, 28% free 9346K/12920K, paused 20ms, total 20ms
D/dalvikvm( 1775): GC_FOR_ALLOC freed 336K, 29% free 9196K/12920K, paused 10ms, total 10ms
W/Conscrypt( 1775): Could not set socket write timeout: java.net.SocketException: Socket closed
W/Conscrypt( 1775): 	at com.google.android.gms.org.conscrypt.Platform.setSocketWriteTimeout(:com.google.android.gms@202414005@20.24.14 (000700-319035315):2)
W/Conscrypt( 1775): 	at com.google.android.gms.org.conscrypt.ConscryptFileDescriptorSocket.setSoWriteTimeout(:com.google.android.gms@202414005@20.24.14 (000700-319035315):0)
D/dalvikvm( 1145): GC_EXPLICIT freed 39K, 8% free 2993K/3220K, paused 0ms+0ms, total 2ms
D/dalvikvm( 1145): GC_EXPLICIT freed <1K, 8% free 2993K/3220K, paused 3ms+1ms, total 6ms
D/dalvikvm( 1145): GC_EXPLICIT freed <1K, 8% free 2993K/3220K, paused 0ms+0ms, total 3ms
I/ActivityManager( 1568): Start proc com.google.android.play.games.ui for broadcast com.google.android.play.games/com.google.android.apps.play.games.features.experiments.PhenotypeBroadcastReceiver: pid=2800 uid=10043 gids={50043, 3003}
E/dalvikvm( 2800): Could not find class 'android.app.NotificationChannel', referenced from method com.google.android.apps.play.games.core.PlayGamesApplication.onCreate
W/dalvikvm( 2800): VFY: unable to resolve new-instance 420 (Landroid/app/NotificationChannel;) in Lcom/google/android/apps/play/games/core/PlayGamesApplication;
D/dalvikvm( 2800): VFY: replacing opcode 0x22 at 0x008d
E/dalvikvm( 2800): Could not find class 'android.app.NotificationChannelGroup', referenced from method com.google.android.apps.play.games.core.PlayGamesApplication.onCreate
W/dalvikvm( 2800): VFY: unable to resolve new-instance 421 (Landroid/app/NotificationChannelGroup;) in Lcom/google/android/apps/play/games/core/PlayGamesApplication;
D/dalvikvm( 2800): VFY: replacing opcode 0x22 at 0x0131
D/dalvikvm( 2800): DexOpt: couldn't find static field Landroid/os/Build;.SUPPORTED_ABIS
W/dalvikvm( 2800): VFY: unable to resolve static field 1664 (SUPPORTED_ABIS) in Landroid/os/Build;
D/dalvikvm( 2800): VFY: replacing opcode 0x62 at 0x01a4
E/dalvikvm( 2800): Could not find class 'android.app.NotificationChannel', referenced from method com.google.android.apps.play.games.core.PlayGamesApplication.onCreate
W/dalvikvm( 2800): VFY: unable to resolve new-instance 420 (Landroid/app/NotificationChannel;) in Lcom/google/android/apps/play/games/core/PlayGamesApplication;
D/dalvikvm( 2800): VFY: replacing opcode 0x22 at 0x03e6
D/dalvikvm( 2800): DexOpt: unable to opt direct call 0x0b8a at 0x98 in Lcom/google/android/apps/play/games/core/PlayGamesApplication;.onCreate
D/dalvikvm( 2800): DexOpt: unable to opt direct call 0x0b8a at 0xa9 in Lcom/google/android/apps/play/games/core/PlayGamesApplication;.onCreate
D/dalvikvm( 2800): DexOpt: unable to opt direct call 0x0b8a at 0xba in Lcom/google/android/apps/play/games/core/PlayGamesApplication;.onCreate
D/dalvikvm( 2800): DexOpt: unable to opt direct call 0x0b8a at 0xcb in Lcom/google/android/apps/play/games/core/PlayGamesApplication;.onCreate
D/dalvikvm( 2800): DexOpt: unable to opt direct call 0x0b8a at 0xdc in Lcom/google/android/apps/play/games/core/PlayGamesApplication;.onCreate
D/dalvikvm( 2800): DexOpt: unable to opt direct call 0x0b8a at 0xed in Lcom/google/android/apps/play/games/core/PlayGamesApplication;.onCreate
D/dalvikvm( 2800): DexOpt: unable to opt direct call 0x0b8a at 0x107 in Lcom/google/android/apps/play/games/core/PlayGamesApplication;.onCreate
D/dalvikvm( 2800): DexOpt: unable to opt direct call 0x0b95 at 0x135 in Lcom/google/android/apps/play/games/core/PlayGamesApplication;.onCreate
D/dalvikvm( 2800): DexOpt: unable to opt direct call 0x0b8a at 0x144 in Lcom/google/android/apps/play/games/core/PlayGamesApplication;.onCreate
D/dalvikvm( 2800): DexOpt: unable to opt direct call 0x0b8a at 0x160 in Lcom/google/android/apps/play/games/core/PlayGamesApplication;.onCreate
D/dalvikvm( 2800): DexOpt: unable to opt direct call 0x0b8a at 0x3eb in Lcom/google/android/apps/play/games/core/PlayGamesApplication;.onCreate
I/dalvikvm( 2800): Could not find method android.app.Notification.getChannelId, referenced from method keu.a
W/dalvikvm( 2800): VFY: unable to resolve virtual method 2951: Landroid/app/Notification;.getChannelId ()Ljava/lang/String;
D/dalvikvm( 2800): VFY: replacing opcode 0x6e at 0x0010
I/dalvikvm( 2800): Could not find method android.content.Context.createDeviceProtectedStorageContext, referenced from method hgf.a
W/dalvikvm( 2800): VFY: unable to resolve virtual method 3139: Landroid/content/Context;.createDeviceProtectedStorageContext ()Landroid/content/Context;
D/dalvikvm( 2800): VFY: replacing opcode 0x6e at 0x0029
I/dalvikvm( 2800): Could not find method android.content.Context.getSystemService, referenced from method hgf.a
W/dalvikvm( 2800): VFY: unable to resolve virtual method 3171: Landroid/content/Context;.getSystemService (Ljava/lang/Class;)Ljava/lang/Object;
D/dalvikvm( 2800): VFY: replacing opcode 0x6e at 0x0009
I/dalvikvm( 2800): Could not find method android.content.Context.createDeviceProtectedStorageContext, referenced from method nzv.a
W/dalvikvm( 2800): VFY: unable to resolve virtual method 3139: Landroid/content/Context;.createDeviceProtectedStorageContext ()Landroid/content/Context;
D/dalvikvm( 2800): VFY: replacing opcode 0x6e at 0x0031
I/dalvikvm( 2800): Could not find method android.content.Context.isDeviceProtectedStorage, referenced from method mlu.a
W/dalvikvm( 2800): VFY: unable to resolve virtual method 3177: Landroid/content/Context;.isDeviceProtectedStorage ()Z
D/dalvikvm( 2800): VFY: replacing opcode 0x6e at 0x0018
E/dalvikvm( 2800): Could not find class 'android.app.NotificationChannel', referenced from method fsr.a
W/dalvikvm( 2800): VFY: unable to resolve new-instance 420 (Landroid/app/NotificationChannel;) in Lfsr;
D/dalvikvm( 2800): VFY: replacing opcode 0x22 at 0x0236
D/dalvikvm( 2800): DexOpt: unable to opt direct call 0x0b8a at 0x23d in Lfsr;.a
I/dalvikvm( 2800): Failed resolving Lnok; interface 1015 'Landroid/view/Window$OnFrameMetricsAvailableListener;'
W/dalvikvm( 2800): Link of class 'Lnok;' failed
I/dalvikvm( 2800): Failed resolving Lnok; interface 1015 'Landroid/view/Window$OnFrameMetricsAvailableListener;'
W/dalvikvm( 2800): Link of class 'Lnok;' failed
I/dalvikvm( 2800): Failed resolving Lnok; interface 1015 'Landroid/view/Window$OnFrameMetricsAvailableListener;'
W/dalvikvm( 2800): Link of class 'Lnok;' failed
W/dalvikvm( 2800): VFY: unable to resolve instance field 27376
D/dalvikvm( 2800): VFY: replacing opcode 0x5c at 0x06cf
I/dalvikvm( 2800): Failed resolving Lnok; interface 1015 'Landroid/view/Window$OnFrameMetricsAvailableListener;'
W/dalvikvm( 2800): Link of class 'Lnok;' failed
I/dalvikvm( 2800): Failed resolving Lnok; interface 1015 'Landroid/view/Window$OnFrameMetricsAvailableListener;'
W/dalvikvm( 2800): Link of class 'Lnok;' failed
W/PrimesInit( 2800): Primes instant initialization
D/dalvikvm( 2800): GC_FOR_ALLOC freed 360K, 15% free 3145K/3692K, paused 4ms, total 4ms
W/Conscrypt( 1775): Could not set socket write timeout: java.net.SocketException: Socket closed
W/Conscrypt( 1775): 	at com.google.android.gms.org.conscrypt.Platform.setSocketWriteTimeout(:com.google.android.gms@202414005@20.24.14 (000700-319035315):2)
W/Conscrypt( 1775): 	at com.google.android.gms.org.conscrypt.ConscryptFileDescriptorSocket.setSoWriteTimeout(:com.google.android.gms@202414005@20.24.14 (000700-319035315):0)
I/dalvikvm( 2800): Could not find method android.app.AppOpsManager.permissionToOp, referenced from method rr.a
W/dalvikvm( 2800): VFY: unable to resolve static method 2785: Landroid/app/AppOpsManager;.permissionToOp (Ljava/lang/String;)Ljava/lang/String;
D/dalvikvm( 2800): VFY: replacing opcode 0x71 at 0x000e
I/dalvikvm( 2800): Could not find method android.content.Context.getSystemService, referenced from method rr.a
W/dalvikvm( 2800): VFY: unable to resolve virtual method 3171: Landroid/content/Context;.getSystemService (Ljava/lang/Class;)Ljava/lang/Object;
D/dalvikvm( 2800): VFY: replacing opcode 0x6e at 0x002b
W/Primes  ( 2800): background initialization
I/dalvikvm( 2800): Could not find method android.content.Context.getSystemService, referenced from method mry.a
W/dalvikvm( 2800): VFY: unable to resolve virtual method 3171: Landroid/content/Context;.getSystemService (Ljava/lang/Class;)Ljava/lang/Object;
D/dalvikvm( 2800): VFY: replacing opcode 0x6e at 0x001a
I/dalvikvm( 2800): Could not find method android.os.UserManager.isUserUnlocked, referenced from method mry.a
W/dalvikvm( 2800): VFY: unable to resolve virtual method 4621: Landroid/os/UserManager;.isUserUnlocked ()Z
D/dalvikvm( 2800): VFY: replacing opcode 0x6e at 0x0030
I/dalvikvm( 2800): Could not find method android.content.Context.isDeviceProtectedStorage, referenced from method mry.b
W/dalvikvm( 2800): VFY: unable to resolve virtual method 3177: Landroid/content/Context;.isDeviceProtectedStorage ()Z
D/dalvikvm( 2800): VFY: replacing opcode 0x6e at 0x0000
D/dalvikvm( 1802): GC_EXPLICIT freed 144K, 21% free 6077K/7648K, paused 1ms+1ms, total 8ms
I/dalvikvm( 2800): Could not find method android.content.pm.PackageManager.getPackageInstaller, referenced from method gzw.a
W/dalvikvm( 2800): VFY: unable to resolve virtual method 3338: Landroid/content/pm/PackageManager;.getPackageInstaller ()Landroid/content/pm/PackageInstaller;
D/dalvikvm( 2800): VFY: replacing opcode 0x6e at 0x0024
I/GAv4-SVC( 2800): Google Analytics 16.9.98 is starting up.
I/ahju    ( 1775): Scheduling a periodic sync task every 14400 seconds, with flex of 1800 seconds [CONTEXT service_id=51 ]
E/dalvikvm( 2800): Could not find class 'android.app.job.JobScheduler', referenced from method gss.e
W/dalvikvm( 2800): VFY: unable to resolve check-cast 443 (Landroid/app/job/JobScheduler;) in Lgss;
D/dalvikvm( 2800): VFY: replacing opcode 0x1f at 0x00d7
E/dalvikvm( 2800): Could not find class 'android.app.job.JobScheduler', referenced from method gss.b
W/dalvikvm( 2800): VFY: unable to resolve check-cast 443 (Landroid/app/job/JobScheduler;) in Lgss;
D/dalvikvm( 2800): VFY: replacing opcode 0x1f at 0x02b1
E/dalvikvm( 2800): Could not find class 'android.app.job.JobScheduler', referenced from method gss.b
W/dalvikvm( 2800): VFY: unable to resolve check-cast 443 (Landroid/app/job/JobScheduler;) in Lgss;
D/dalvikvm( 2800): VFY: replacing opcode 0x1f at 0x0672
I/ahju    ( 1775): Scheduling adaptive one off task with window [14400, 604800] in seconds [CONTEXT service_id=51 ]
E/dalvikvm( 2800): Could not find class 'android.app.job.JobScheduler', referenced from method gss.b
W/dalvikvm( 2800): VFY: unable to resolve check-cast 443 (Landroid/app/job/JobScheduler;) in Lgss;
D/dalvikvm( 2800): VFY: replacing opcode 0x1f at 0x0866
E/dalvikvm( 2800): Could not find class 'android.app.job.JobScheduler', referenced from method gss.b
W/dalvikvm( 2800): VFY: unable to resolve check-cast 443 (Landroid/app/job/JobScheduler;) in Lgss;
D/dalvikvm( 2800): VFY: replacing opcode 0x1f at 0x0906
E/dalvikvm( 2800): Could not find class 'android.app.job.JobScheduler', referenced from method gss.b
W/dalvikvm( 2800): VFY: unable to resolve check-cast 443 (Landroid/app/job/JobScheduler;) in Lgss;
D/dalvikvm( 2800): VFY: replacing opcode 0x1f at 0x095c
E/dalvikvm( 2800): Could not find class 'android.app.job.JobScheduler', referenced from method gss.b
W/dalvikvm( 2800): VFY: unable to resolve check-cast 443 (Landroid/app/job/JobScheduler;) in Lgss;
D/dalvikvm( 2800): VFY: replacing opcode 0x1f at 0x09fc
E/dalvikvm( 2800): Could not find class 'android.app.job.JobScheduler', referenced from method gss.b
W/dalvikvm( 2800): VFY: unable to resolve check-cast 443 (Landroid/app/job/JobScheduler;) in Lgss;
D/dalvikvm( 2800): VFY: replacing opcode 0x1f at 0x0a1e
E/dalvikvm( 2800): Could not find class 'android.app.job.JobScheduler', referenced from method gss.b
W/dalvikvm( 2800): VFY: unable to resolve check-cast 443 (Landroid/app/job/JobScheduler;) in Lgss;
D/dalvikvm( 2800): VFY: replacing opcode 0x1f at 0x0a40
E/dalvikvm( 2800): Could not find class 'android.app.job.JobScheduler', referenced from method gss.b
W/dalvikvm( 2800): VFY: unable to resolve check-cast 443 (Landroid/app/job/JobScheduler;) in Lgss;
D/dalvikvm( 2800): VFY: replacing opcode 0x1f at 0x0a62
E/dalvikvm( 2800): Could not find class 'android.app.job.JobScheduler', referenced from method gss.b
W/dalvikvm( 2800): VFY: unable to resolve check-cast 443 (Landroid/app/job/JobScheduler;) in Lgss;
D/dalvikvm( 2800): VFY: replacing opcode 0x1f at 0x0ae8
E/dalvikvm( 2800): Could not find class 'android.app.job.JobScheduler', referenced from method gss.b
W/dalvikvm( 2800): VFY: unable to resolve check-cast 443 (Landroid/app/job/JobScheduler;) in Lgss;
D/dalvikvm( 2800): VFY: replacing opcode 0x1f at 0x0b20
E/dalvikvm( 2800): Could not find class 'android.app.job.JobScheduler', referenced from method gss.c
W/dalvikvm( 2800): VFY: unable to resolve check-cast 443 (Landroid/app/job/JobScheduler;) in Lgss;
D/dalvikvm( 2800): VFY: replacing opcode 0x1f at 0x0077
E/dalvikvm( 2800): Could not find class 'android.app.job.JobScheduler', referenced from method gss.c
W/dalvikvm( 2800): VFY: unable to resolve check-cast 443 (Landroid/app/job/JobScheduler;) in Lgss;
D/dalvikvm( 2800): VFY: replacing opcode 0x1f at 0x012a
E/dalvikvm( 2800): Could not find class 'android.app.job.JobScheduler', referenced from method gss.c
W/dalvikvm( 2800): VFY: unable to resolve check-cast 443 (Landroid/app/job/JobScheduler;) in Lgss;
D/dalvikvm( 2800): VFY: replacing opcode 0x1f at 0x0327
I/PrimesTesting( 2800): GserviceFlagsSupplier.get()
E/dalvikvm( 2800): Could not find class 'android.app.job.JobScheduler', referenced from method gtk.u_
W/dalvikvm( 2800): VFY: unable to resolve check-cast 443 (Landroid/app/job/JobScheduler;) in Lgtk;
D/dalvikvm( 2800): VFY: replacing opcode 0x1f at 0x0080
I/dalvikvm( 2800): Could not find method android.content.pm.PackageManager.isInstantApp, referenced from method hub.a
W/dalvikvm( 2800): VFY: unable to resolve virtual method 3345: Landroid/content/pm/PackageManager;.isInstantApp (Ljava/lang/String;)Z
D/dalvikvm( 2800): VFY: replacing opcode 0x6e at 0x0026
D/dalvikvm( 2800): GC_FOR_ALLOC freed 400K, 16% free 3257K/3844K, paused 3ms, total 3ms
I/dalvikvm( 2800): Could not find method android.app.NotificationManager.getNotificationChannel, referenced from method gzd.a
W/dalvikvm( 2800): VFY: unable to resolve virtual method 2974: Landroid/app/NotificationManager;.getNotificationChannel (Ljava/lang/String;)Landroid/app/NotificationChannel;
D/dalvikvm( 2800): VFY: replacing opcode 0x6e at 0x00c5
D/dalvikvm( 2800): DexOpt: unable to opt direct call 0x0b8a at 0xd2 in Lgzd;.a
E/dalvikvm( 2800): Could not find class 'com.google.common.flogger.backend.google.GooglePlatform', referenced from method plf.a
W/dalvikvm( 2800): VFY: unable to resolve const-class 3003 (Lcom/google/common/flogger/backend/google/GooglePlatform;) in Lplf;
D/dalvikvm( 2800): VFY: replacing opcode 0x1c at 0x0014
I/dalvikvm( 2800): Could not find method com.google.android.chimera.BoundService.getStartIntent, referenced from method hki.a
W/dalvikvm( 2800): VFY: unable to resolve static method 13682: Lcom/google/android/chimera/BoundService;.getStartIntent (Landroid/content/Context;Ljava/lang/String;)Landroid/content/Intent;
D/dalvikvm( 2800): VFY: replacing opcode 0x71 at 0x0024
E/GmsClient( 2800): unable to connect to service: com.google.android.gms.instantapps.START on com.google.android.gms
W/ActivityManager( 1568): Unable to start service Intent { act=com.google.android.gms.instantapps.START pkg=com.google.android.gms } U=0: not found
W/ActivityManager( 1568): Unbind failed: could not find connection for android.os.BinderProxy@9d814eb0
I/dalvikvm( 2800): Could not find method android.content.Context.deleteSharedPreferences, referenced from method fya.c
W/dalvikvm( 2800): VFY: unable to resolve virtual method 3145: Landroid/content/Context;.deleteSharedPreferences (Ljava/lang/String;)Z
D/dalvikvm( 2800): VFY: replacing opcode 0x6e at 0x002a
I/dalvikvm( 2800): Could not find method java.util.Locale.toLanguageTag, referenced from method fvw.a
W/dalvikvm( 2800): VFY: unable to resolve virtual method 33842: Ljava/util/Locale;.toLanguageTag ()Ljava/lang/String;
D/dalvikvm( 2800): VFY: replacing opcode 0x6e at 0x000a
D/dalvikvm( 2800): GC_FOR_ALLOC freed 341K, 14% free 3428K/3956K, paused 2ms, total 2ms
W/ComponentDiscovery( 2800): Application info not found.
W/ComponentDiscovery( 2800): Could not retrieve metadata, returning empty list of registrars.
I/dalvikvm( 2800): Could not find method android.content.Context.getDrawable, referenced from method rj.a
W/dalvikvm( 2800): VFY: unable to resolve virtual method 3157: Landroid/content/Context;.getDrawable (I)Landroid/graphics/drawable/Drawable;
D/dalvikvm( 2800): VFY: replacing opcode 0x6e at 0x0006
I/dalvikvm( 2800): Could not find method android.content.Context.getDataDir, referenced from method rj.a
W/dalvikvm( 2800): VFY: unable to resolve virtual method 3154: Landroid/content/Context;.getDataDir ()Ljava/io/File;
D/dalvikvm( 2800): VFY: replacing opcode 0x6e at 0x0006
I/dalvikvm( 2800): Could not find method android.content.Context.getSystemServiceName, referenced from method rj.a
W/dalvikvm( 2800): VFY: unable to resolve virtual method 3173: Landroid/content/Context;.getSystemServiceName (Ljava/lang/Class;)Ljava/lang/String;
D/dalvikvm( 2800): VFY: replacing opcode 0x6e at 0x000a
I/dalvikvm( 2800): Could not find method android.content.Context.getSystemService, referenced from method rj.a
W/dalvikvm( 2800): VFY: unable to resolve virtual method 3171: Landroid/content/Context;.getSystemService (Ljava/lang/Class;)Ljava/lang/Object;
D/dalvikvm( 2800): VFY: replacing opcode 0x6e at 0x0020
I/dalvikvm( 2800): Could not find method android.content.Context.getColorStateList, referenced from method rj.b
W/dalvikvm( 2800): VFY: unable to resolve virtual method 3152: Landroid/content/Context;.getColorStateList (I)Landroid/content/res/ColorStateList;
D/dalvikvm( 2800): VFY: replacing opcode 0x6e at 0x0006
I/dalvikvm( 2800): Could not find method android.content.Context.getColor, referenced from method rj.c
W/dalvikvm( 2800): VFY: unable to resolve virtual method 3151: Landroid/content/Context;.getColor (I)I
D/dalvikvm( 2800): VFY: replacing opcode 0x6e at 0x0006
I/dalvikvm( 2800): Could not find method android.content.Context.getNoBackupFilesDir, referenced from method rj.d
W/dalvikvm( 2800): VFY: unable to resolve virtual method 3164: Landroid/content/Context;.getNoBackupFilesDir ()Ljava/io/File;
D/dalvikvm( 2800): VFY: replacing opcode 0x6e at 0x0006
I/dalvikvm( 2800): Could not find method android.content.Context.createDeviceProtectedStorageContext, referenced from method rj.e
W/dalvikvm( 2800): VFY: unable to resolve virtual method 3139: Landroid/content/Context;.createDeviceProtectedStorageContext ()Landroid/content/Context;
D/dalvikvm( 2800): VFY: replacing opcode 0x6e at 0x0008
I/dalvikvm( 2800): Could not find method android.content.Context.isDeviceProtectedStorage, referenced from method rj.f
W/dalvikvm( 2800): VFY: unable to resolve virtual method 3177: Landroid/content/Context;.isDeviceProtectedStorage ()Z
D/dalvikvm( 2800): VFY: replacing opcode 0x6e at 0x0008
I/PGAPhenotypeBroadcastRe( 2800): Received Phenotype update.
W/PGAfap  ( 2800): ContentFiltersService is unavailable; not applying content filters.
D/dalvikvm( 1775): GC_FOR_ALLOC freed 1966K, 29% free 9278K/12920K, paused 11ms, total 11ms
I/Auth    ( 1775): [AuthManaged,PasswordComplexityHelperImpl] Updating password complexity components state.
I/Auth    ( 1775): [AuthManaged,PasswordComplexityHelperImpl] Disabling com.google.android.gms.auth.managed.admin.DeviceAdminReceiver
I/Auth    ( 1775): [AuthManaged,PasswordComplexityHelperImpl] Disabling com.google.android.gms.auth.managed.ui.SetNewPasswordActivity
I/GCM-GMS ( 2083): Got GMS registration
D/dalvikvm( 1775): GC_FOR_ALLOC freed 2123K, 29% free 9203K/12920K, paused 9ms, total 9ms
I/ahlt    ( 1775): updateFromConfigurations using legacy put method [CONTEXT service_id=204 ]
I/DynamiteModule( 1802): Considering local module com.google.android.gms.googlecertificates:4 and remote module com.google.android.gms.googlecertificates:4
I/DynamiteModule( 1802): Selected local version of com.google.android.gms.googlecertificates
I/dalvikvm( 1802): Could not find method android.app.Notification$Builder.setLocalOnly, referenced from method com.google.android.gms.common.GoogleCertificatesImpl.isGoogleOrPlatformSigned
W/dalvikvm( 1802): VFY: unable to resolve virtual method 2308: Landroid/app/Notification$Builder;.setLocalOnly (Z)Landroid/app/Notification$Builder;
D/dalvikvm( 1802): VFY: replacing opcode 0x6e at 0x00b1
I/Auth    ( 1775): [AuthManaged,PasswordComplexityHelperImpl] Updating password complexity components state.
I/Auth    ( 1775): [AuthManaged,PasswordComplexityHelperImpl] Disabling com.google.android.gms.auth.managed.admin.DeviceAdminReceiver
I/Auth    ( 1775): [AuthManaged,PasswordComplexityHelperImpl] Disabling com.google.android.gms.auth.managed.ui.SetNewPasswordActivity
I/ahlt    ( 1775): updateFromConfigurations using legacy put method [CONTEXT service_id=204 ]
I/Auth    ( 1775): [AuthManaged,PasswordComplexityHelperImpl] Updating password complexity components state.
I/Auth    ( 1775): [AuthManaged,PasswordComplexityHelperImpl] Disabling com.google.android.gms.auth.managed.admin.DeviceAdminReceiver
I/Auth    ( 1775): [AuthManaged,PasswordComplexityHelperImpl] Disabling com.google.android.gms.auth.managed.ui.SetNewPasswordActivity
D/dalvikvm( 1568): GC_FOR_ALLOC freed 1161K, 48% free 7849K/14816K, paused 10ms, total 10ms
I/Auth    ( 1775): [AuthManaged,PasswordComplexityHelperImpl] Updating password complexity components state.
I/Auth    ( 1775): [AuthManaged,PasswordComplexityHelperImpl] Disabling com.google.android.gms.auth.managed.admin.DeviceAdminReceiver
I/Auth    ( 1775): [AuthManaged,PasswordComplexityHelperImpl] Disabling com.google.android.gms.auth.managed.ui.SetNewPasswordActivity
D/dalvikvm( 1775): GC_FOR_ALLOC freed 1934K, 28% free 9316K/12920K, paused 11ms, total 12ms
I/Auth    ( 1775): [AuthManaged,PasswordComplexityHelperImpl] Updating password complexity components state.
I/Auth    ( 1775): [AuthManaged,PasswordComplexityHelperImpl] Disabling com.google.android.gms.auth.managed.admin.DeviceAdminReceiver
I/Auth    ( 1775): [AuthManaged,PasswordComplexityHelperImpl] Disabling com.google.android.gms.auth.managed.ui.SetNewPasswordActivity
D/dalvikvm( 2327): GC_FOR_ALLOC freed 2625K, 35% free 5236K/8048K, paused 9ms, total 9ms
I/Auth    ( 1775): [AuthManaged,PasswordComplexityHelperImpl] Updating password complexity components state.
I/Auth    ( 1775): [AuthManaged,PasswordComplexityHelperImpl] Disabling com.google.android.gms.auth.managed.admin.DeviceAdminReceiver
I/Auth    ( 1775): [AuthManaged,PasswordComplexityHelperImpl] Disabling com.google.android.gms.auth.managed.ui.SetNewPasswordActivity
E/dalvikvm( 1775): JIT code cache full
I/Authzen ( 2083): [AuthZenEventHandler] Handling event: com.google.android.gms.gcm.REGISTERED
I/GCoreUlr( 1775): GCM registration ID changed: Intent { act=com.google.android.gms.gcm.REGISTERED flg=0x10 pkg=com.google.android.gms cmp=com.google.android.gms/com.google.android.location.reporting.service.GcmRegistrationReceiver }
I/Auth    ( 1775): [AuthManaged,PasswordComplexityHelperImpl] Updating password complexity components state.
I/Auth    ( 1775): [AuthManaged,PasswordComplexityHelperImpl] Disabling com.google.android.gms.auth.managed.admin.DeviceAdminReceiver
I/Auth    ( 1775): [AuthManaged,PasswordComplexityHelperImpl] Disabling com.google.android.gms.auth.managed.ui.SetNewPasswordActivity
E/MDM     ( 2083): [87] aamr.a: No Google accounts; deferring server state update.
I/ChromeSync( 2083): [Sync,SyncIntentOperation] Handling the intent: Intent { act=com.google.android.gms.phenotype.COMMITTED flg=0x10 pkg=com.google.android.gms cmp=com.google.android.gms/.chimera.GmsIntentOperationService (has extras) }.
E/GmsClient( 2083): unable to connect to service: com.google.android.gms.auth.key.retrieval.service.START on com.google.android.gms
W/ActivityManager( 1568): Unable to start service Intent { act=com.google.android.gms.auth.key.retrieval.service.START pkg=com.google.android.gms } U=0: not found
W/ActivityManager( 1568): Unbind failed: could not find connection for android.os.BinderProxy@9d8fef90
I/MdiSyncModule( 2083): flag handling is skipping irrelevant intent.
W/FsaEntryPointSwitcher( 2083): getServiceInfo failed for com.google.android.gms.people.sync.focus.ContactsSyncAdapterService
W/ModuleInitIntentOp( 2083): Dropping unexpected action com.google.android.gms.phenotype.COMMITTED
I/FsaEntryPointSwitcher( 2083): setting component enabled=1 for com.google.android.gms.people.sync.focus.ContactsSyncAdapterService
I/FsaEntryPointSwitcher( 2083): Setting component enabled succeeds.
I/FsaEntryPointSwitcher( 2083): setting component enabled=2 for com.google.android.syncadapters.contacts.ContactsSyncAdapterService
I/FsaEntryPointSwitcher( 2083): Setting component enabled succeeds.
I/Auth    ( 1775): [AuthManaged,PasswordComplexityHelperImpl] Updating password complexity components state.
I/Auth    ( 1775): [AuthManaged,PasswordComplexityHelperImpl] Disabling com.google.android.gms.auth.managed.admin.DeviceAdminReceiver
I/Auth    ( 1775): [AuthManaged,PasswordComplexityHelperImpl] Disabling com.google.android.gms.auth.managed.ui.SetNewPasswordActivity
I/PTCommittedOperation( 1775): Receive new configuration for com.google.android.gms.people
D/dalvikvm( 1802): GC_EXPLICIT freed 272K, 20% free 6179K/7648K, paused 0ms+1ms, total 8ms
I/ChromeSync( 2083): [Sync,SyncIntentOperation] Handling the intent: Intent { act=com.google.android.gms.phenotype.COMMITTED flg=0x10 pkg=com.google.android.gms cmp=com.google.android.gms/.chimera.GmsIntentOperationService (has extras) }.
I/MdiSyncModule( 2083): flag handling is skipping irrelevant intent.
W/ModuleInitIntentOp( 2083): Dropping unexpected action com.google.android.gms.phenotype.COMMITTED
I/Auth    ( 1775): [AuthManaged,PasswordComplexityHelperImpl] Updating password complexity components state.
I/Auth    ( 1775): [AuthManaged,PasswordComplexityHelperImpl] Disabling com.google.android.gms.auth.managed.admin.DeviceAdminReceiver
I/Auth    ( 1775): [AuthManaged,PasswordComplexityHelperImpl] Disabling com.google.android.gms.auth.managed.ui.SetNewPasswordActivity
D/dalvikvm( 1775): JIT code cache reset in 0 ms (522944 bytes 1/0)
D/dalvikvm( 1775): GC_FOR_ALLOC freed 1954K, 28% free 9410K/12920K, paused 11ms, total 12ms
I/PTCommittedOperation( 1775): Receive new configuration for com.google.android.gms.auth_api_phone
I/ChromeSync( 2083): [Sync,SyncIntentOperation] Handling the intent: Intent { act=com.google.android.gms.phenotype.COMMITTED flg=0x10 pkg=com.google.android.gms cmp=com.google.android.gms/.chimera.GmsIntentOperationService (has extras) }.
I/MdiSyncModule( 2083): flag handling is skipping irrelevant intent.
W/ModuleInitIntentOp( 2083): Dropping unexpected action com.google.android.gms.phenotype.COMMITTED
I/GCoreUlr( 1775): Unbound from all signal providers.
I/GCoreUlr( 1775): Stopping handler for UlrDispSvcFast
D/dalvikvm( 2083): GC_FOR_ALLOC freed 1756K, 27% free 11880K/16064K, paused 20ms, total 20ms
I/PTCommittedOperation( 1775): Receive new configuration for com.google.android.gms.auth_api_proxy
I/Auth    ( 1775): [AuthManaged,PasswordComplexityHelperImpl] Updating password complexity components state.
I/Auth    ( 1775): [AuthManaged,PasswordComplexityHelperImpl] Disabling com.google.android.gms.auth.managed.admin.DeviceAdminReceiver
I/Auth    ( 1775): [AuthManaged,PasswordComplexityHelperImpl] Disabling com.google.android.gms.auth.managed.ui.SetNewPasswordActivity
I/ChromeSync( 2083): [Sync,SyncIntentOperation] Handling the intent: Intent { act=com.google.android.gms.phenotype.COMMITTED flg=0x10 pkg=com.google.android.gms cmp=com.google.android.gms/.chimera.GmsIntentOperationService (has extras) }.
W/ActivityManager( 1568): Unable to start service Intent { act=com.google.android.gms.auth.key.retrieval.service.START pkg=com.google.android.gms } U=0: not found
E/GmsClient( 2083): unable to connect to service: com.google.android.gms.auth.key.retrieval.service.START on com.google.android.gms
W/ActivityManager( 1568): Unbind failed: could not find connection for android.os.BinderProxy@9d3632e0
I/MdiSyncModule( 2083): flag handling is skipping irrelevant intent.
W/ModuleInitIntentOp( 2083): Dropping unexpected action com.google.android.gms.phenotype.COMMITTED
I/PTCommittedOperation( 1775): Receive new configuration for com.google.android.gms.reminders
I/PTCommittedOperation( 1775): Receive new configuration for com.google.android.client_error_logging
I/ChromeSync( 2083): [Sync,SyncIntentOperation] Handling the intent: Intent { act=com.google.android.gms.phenotype.COMMITTED flg=0x10 pkg=com.google.android.gms cmp=com.google.android.gms/.chimera.GmsIntentOperationService (has extras) }.
I/MdiSyncModule( 2083): flag handling is skipping irrelevant intent.
W/ModuleInitIntentOp( 2083): Dropping unexpected action com.google.android.gms.phenotype.COMMITTED
I/ChromeSync( 2083): [Sync,SyncIntentOperation] Handling the intent: Intent { act=com.google.android.gms.phenotype.COMMITTED flg=0x10 pkg=com.google.android.gms cmp=com.google.android.gms/.chimera.GmsIntentOperationService (has extras) }.
I/MdiSyncModule( 2083): flag handling is skipping irrelevant intent.
W/ModuleInitIntentOp( 2083): Dropping unexpected action com.google.android.gms.phenotype.COMMITTED
I/PTCommittedOperation( 1775): Receive new configuration for com.google.android.gms.romanesco
I/Auth    ( 1775): [AuthManaged,PasswordComplexityHelperImpl] Updating password complexity components state.
I/Auth    ( 1775): [AuthManaged,PasswordComplexityHelperImpl] Disabling com.google.android.gms.auth.managed.admin.DeviceAdminReceiver
I/Auth    ( 1775): [AuthManaged,PasswordComplexityHelperImpl] Disabling com.google.android.gms.auth.managed.ui.SetNewPasswordActivity
D/dalvikvm( 1775): GC_FOR_ALLOC freed 1893K, 26% free 9564K/12920K, paused 13ms, total 13ms
I/ChromeSync( 2083): [Sync,SyncIntentOperation] Handling the intent: Intent { act=com.google.android.gms.phenotype.COMMITTED flg=0x10 pkg=com.google.android.gms cmp=com.google.android.gms/.chimera.GmsIntentOperationService (has extras) }.
I/MdiSyncModule( 2083): flag handling is skipping irrelevant intent.
I/PTCommittedOperation( 1775): Receive new configuration for com.google.android.gms.platformconfigurator
I/ChromeSync( 2083): [Sync,SyncIntentOperation] Handling the intent: Intent { act=com.google.android.gms.phenotype.COMMITTED flg=0x10 pkg=com.google.android.gms cmp=com.google.android.gms/.chimera.GmsIntentOperationService (has extras) }.
I/MdiSyncModule( 2083): flag handling is skipping irrelevant intent.
W/ModuleInitIntentOp( 2083): Dropping unexpected action com.google.android.gms.phenotype.COMMITTED
I/PTCommittedOperation( 1775): Receive new configuration for com.google.android.gms.accountsettings
I/Auth    ( 1775): [AuthManaged,PasswordComplexityHelperImpl] Updating password complexity components state.
I/Auth    ( 1775): [AuthManaged,PasswordComplexityHelperImpl] Disabling com.google.android.gms.auth.managed.admin.DeviceAdminReceiver
I/Auth    ( 1775): [AuthManaged,PasswordComplexityHelperImpl] Disabling com.google.android.gms.auth.managed.ui.SetNewPasswordActivity
I/ChromeSync( 2083): [Sync,SyncIntentOperation] Handling the intent: Intent { act=com.google.android.gms.phenotype.COMMITTED flg=0x10 pkg=com.google.android.gms cmp=com.google.android.gms/.chimera.GmsIntentOperationService (has extras) }.
I/MdiSyncModule( 2083): flag handling is skipping irrelevant intent.
W/ModuleInitIntentOp( 2083): Dropping unexpected action com.google.android.gms.phenotype.COMMITTED
I/PTCommittedOperation( 1775): Receive new configuration for com.google.android.gms.backup
D/dalvikvm( 1775): GC_FOR_ALLOC freed 2213K, 28% free 9399K/12920K, paused 8ms, total 8ms
I/Auth    ( 1775): [AuthManaged,PasswordComplexityHelperImpl] Updating password complexity components state.
I/Auth    ( 1775): [AuthManaged,PasswordComplexityHelperImpl] Disabling com.google.android.gms.auth.managed.admin.DeviceAdminReceiver
I/Auth    ( 1775): [AuthManaged,PasswordComplexityHelperImpl] Disabling com.google.android.gms.auth.managed.ui.SetNewPasswordActivity
I/ChromeSync( 2083): [Sync,SyncIntentOperation] Handling the intent: Intent { act=com.google.android.gms.phenotype.COMMITTED flg=0x10 pkg=com.google.android.gms cmp=com.google.android.gms/.chimera.GmsIntentOperationService (has extras) }.
I/MdiSyncModule( 2083): flag handling is skipping irrelevant intent.
W/ModuleInitIntentOp( 2083): Dropping unexpected action com.google.android.gms.phenotype.COMMITTED
I/PTCommittedOperation( 1775): Receive new configuration for com.google.android.gms.beacon
I/Auth    ( 1775): [AuthManaged,PasswordComplexityHelperImpl] Updating password complexity components state.
I/Auth    ( 1775): [AuthManaged,PasswordComplexityHelperImpl] Disabling com.google.android.gms.auth.managed.admin.DeviceAdminReceiver
I/Auth    ( 1775): [AuthManaged,PasswordComplexityHelperImpl] Disabling com.google.android.gms.auth.managed.ui.SetNewPasswordActivity
I/ChromeSync( 2083): [Sync,SyncIntentOperation] Handling the intent: Intent { act=com.google.android.gms.phenotype.COMMITTED flg=0x10 pkg=com.google.android.gms cmp=com.google.android.gms/.chimera.GmsIntentOperationService (has extras) }.
I/MdiSyncModule( 2083): flag handling is skipping irrelevant intent.
W/ModuleInitIntentOp( 2083): Dropping unexpected action com.google.android.gms.phenotype.COMMITTED
I/PTCommittedOperation( 1775): Receive new configuration for com.google.android.gms.auth_account
I/ChromeSync( 2083): [Sync,SyncIntentOperation] Handling the intent: Intent { act=com.google.android.gms.phenotype.COMMITTED flg=0x10 pkg=com.google.android.gms cmp=com.google.android.gms/.chimera.GmsIntentOperationService (has extras) }.
I/Auth    ( 1775): [AuthManaged,PasswordComplexityHelperImpl] Updating password complexity components state.
I/Auth    ( 1775): [AuthManaged,PasswordComplexityHelperImpl] Disabling com.google.android.gms.auth.managed.admin.DeviceAdminReceiver
I/Auth    ( 1775): [AuthManaged,PasswordComplexityHelperImpl] Disabling com.google.android.gms.auth.managed.ui.SetNewPasswordActivity
I/MdiSyncModule( 2083): flag handling is skipping irrelevant intent.
W/ModuleInitIntentOp( 2083): Dropping unexpected action com.google.android.gms.phenotype.COMMITTED
I/PTCommittedOperation( 1775): Receive new configuration for com.google.android.gms.family
D/dalvikvm( 1568): GC_FOR_ALLOC freed 1212K, 47% free 7856K/14816K, paused 13ms, total 13ms
I/Auth    ( 1775): [AuthManaged,PasswordComplexityHelperImpl] Updating password complexity components state.
I/Auth    ( 1775): [AuthManaged,PasswordComplexityHelperImpl] Disabling com.google.android.gms.auth.managed.admin.DeviceAdminReceiver
I/Auth    ( 1775): [AuthManaged,PasswordComplexityHelperImpl] Disabling com.google.android.gms.auth.managed.ui.SetNewPasswordActivity
D/dalvikvm( 1775): GC_FOR_ALLOC freed 2002K, 27% free 9444K/12920K, paused 9ms, total 10ms
I/ChromeSync( 2083): [Sync,SyncIntentOperation] Handling the intent: Intent { act=com.google.android.gms.phenotype.COMMITTED flg=0x10 pkg=com.google.android.gms cmp=com.google.android.gms/.chimera.GmsIntentOperationService (has extras) }.
I/MdiSyncModule( 2083): flag handling is skipping irrelevant intent.
W/ModuleInitIntentOp( 2083): Dropping unexpected action com.google.android.gms.phenotype.COMMITTED
I/PTCommittedOperation( 1775): Receive new configuration for com.google.android.gms.smart_profile
I/Auth    ( 1775): [AuthManaged,PasswordComplexityHelperImpl] Updating password complexity components state.
I/Auth    ( 1775): [AuthManaged,PasswordComplexityHelperImpl] Disabling com.google.android.gms.auth.managed.admin.DeviceAdminReceiver
I/Auth    ( 1775): [AuthManaged,PasswordComplexityHelperImpl] Disabling com.google.android.gms.auth.managed.ui.SetNewPasswordActivity
I/ChromeSync( 2083): [Sync,SyncIntentOperation] Handling the intent: Intent { act=com.google.android.gms.phenotype.COMMITTED flg=0x10 pkg=com.google.android.gms cmp=com.google.android.gms/.chimera.GmsIntentOperationService (has extras) }.
I/PTCommittedOperation( 1775): Receive new configuration for com.google.android.location
I/MdiSyncModule( 2083): flag handling is skipping irrelevant intent.
W/ModuleInitIntentOp( 2083): Dropping unexpected action com.google.android.gms.phenotype.COMMITTED
I/Authzen ( 2083): [DeviceStateSyncManager] Device state fast sync is disabled
D/dalvikvm( 1775): GC_FOR_ALLOC freed 1908K, 26% free 9583K/12920K, paused 12ms, total 13ms
I/Auth    ( 1775): [AuthManaged,PasswordComplexityHelperImpl] Updating password complexity components state.
I/Auth    ( 1775): [AuthManaged,PasswordComplexityHelperImpl] Disabling com.google.android.gms.auth.managed.admin.DeviceAdminReceiver
I/ChromeSync( 2083): [Sync,SyncIntentOperation] Handling the intent: Intent { act=com.google.android.gms.phenotype.COMMITTED flg=0x10 pkg=com.google.android.gms cmp=com.google.android.gms/.chimera.GmsIntentOperationService (has extras) }.
I/Auth    ( 1775): [AuthManaged,PasswordComplexityHelperImpl] Disabling com.google.android.gms.auth.managed.ui.SetNewPasswordActivity
I/MdiSyncModule( 2083): flag handling is skipping irrelevant intent.
W/ModuleInitIntentOp( 2083): Dropping unexpected action com.google.android.gms.phenotype.COMMITTED
I/Auth    ( 1775): [AuthManaged,PasswordComplexityHelperImpl] Updating password complexity components state.
I/Auth    ( 1775): [AuthManaged,PasswordComplexityHelperImpl] Disabling com.google.android.gms.auth.managed.admin.DeviceAdminReceiver
I/Auth    ( 1775): [AuthManaged,PasswordComplexityHelperImpl] Disabling com.google.android.gms.auth.managed.ui.SetNewPasswordActivity
I/ChromeSync( 2083): [Sync,SyncIntentOperation] Handling the intent: Intent { act=com.google.android.gms.phenotype.COMMITTED flg=0x10 pkg=com.google.android.gms cmp=com.google.android.gms/.chimera.GmsIntentOperationService (has extras) }.
I/MdiSyncModule( 2083): flag handling is skipping irrelevant intent.
W/ModuleInitIntentOp( 2083): Dropping unexpected action com.google.android.gms.phenotype.COMMITTED
D/dalvikvm( 2083): GC_FOR_ALLOC freed 2208K, 28% free 11719K/16064K, paused 14ms, total 14ms
D/dalvikvm( 1775): GC_FOR_ALLOC freed 1557K, 26% free 9646K/12920K, paused 8ms, total 8ms
I/dalvikvm-heap( 1775): Grow heap (frag case) to 9.783MB for 126004-byte allocation
D/dalvikvm( 1775): GC_FOR_ALLOC freed 13K, 26% free 9756K/13044K, paused 9ms, total 9ms
D/dalvikvm( 1775): GC_FOR_ALLOC freed 190K, 27% free 9591K/13044K, paused 9ms, total 9ms
I/dalvikvm-heap( 1775): Grow heap (frag case) to 9.696MB for 92240-byte allocation
D/dalvikvm( 1775): GC_FOR_ALLOC freed 213K, 28% free 9467K/13136K, paused 10ms, total 10ms
I/PTCommittedOperation( 1775): Receive new configuration for com.google.android.gms.growth
I/Auth    ( 1775): [AuthManaged,PasswordComplexityHelperImpl] Updating password complexity components state.
I/Auth    ( 1775): [AuthManaged,PasswordComplexityHelperImpl] Disabling com.google.android.gms.auth.managed.admin.DeviceAdminReceiver
I/Auth    ( 1775): [AuthManaged,PasswordComplexityHelperImpl] Disabling com.google.android.gms.auth.managed.ui.SetNewPasswordActivity
I/PTCommittedOperation( 1775): Receive new configuration for com.google.android.gms.notifications
I/ChromeSync( 2083): [Sync,SyncIntentOperation] Handling the intent: Intent { act=com.google.android.gms.phenotype.COMMITTED flg=0x10 pkg=com.google.android.gms cmp=com.google.android.gms/.chimera.GmsIntentOperationService (has extras) }.
E/GmsClient( 2083): unable to connect to service: com.google.android.gms.auth.key.retrieval.service.START on com.google.android.gms
W/ActivityManager( 1568): Unable to start service Intent { act=com.google.android.gms.auth.key.retrieval.service.START pkg=com.google.android.gms } U=0: not found
W/ActivityManager( 1568): Unbind failed: could not find connection for android.os.BinderProxy@9d93bd28
I/MdiSyncModule( 2083): flag handling is skipping irrelevant intent.
W/ModuleInitIntentOp( 2083): Dropping unexpected action com.google.android.gms.phenotype.COMMITTED
I/Auth    ( 1775): [AuthManaged,PasswordComplexityHelperImpl] Updating password complexity components state.
I/Auth    ( 1775): [AuthManaged,PasswordComplexityHelperImpl] Disabling com.google.android.gms.auth.managed.admin.DeviceAdminReceiver
I/PTCommittedOperation( 1775): Receive new configuration for com.google.android.gms.nearby
I/Auth    ( 1775): [AuthManaged,PasswordComplexityHelperImpl] Disabling com.google.android.gms.auth.managed.ui.SetNewPasswordActivity
I/NearbySharing( 2083): Runtime state initialization complete. Sharing is disabled. [CONTEXT service_id=194 ]
I/ChromeSync( 2083): [Sync,SyncIntentOperation] Handling the intent: Intent { act=com.google.android.gms.phenotype.COMMITTED flg=0x10 pkg=com.google.android.gms cmp=com.google.android.gms/.chimera.GmsIntentOperationService (has extras) }.
I/MdiSyncModule( 2083): flag handling is skipping irrelevant intent.
W/ModuleInitIntentOp( 2083): Dropping unexpected action com.google.android.gms.phenotype.COMMITTED
D/dalvikvm( 1775): GC_FOR_ALLOC freed 1762K, 26% free 9753K/13136K, paused 12ms, total 12ms
I/PTCommittedOperation( 1775): Receive new configuration for com.google.android.gms.photos
I/Auth    ( 1775): [AuthManaged,PasswordComplexityHelperImpl] Updating password complexity components state.
I/Auth    ( 1775): [AuthManaged,PasswordComplexityHelperImpl] Disabling com.google.android.gms.auth.managed.admin.DeviceAdminReceiver
I/Auth    ( 1775): [AuthManaged,PasswordComplexityHelperImpl] Disabling com.google.android.gms.auth.managed.ui.SetNewPasswordActivity
I/ChromeSync( 2083): [Sync,SyncIntentOperation] Handling the intent: Intent { act=com.google.android.gms.phenotype.COMMITTED flg=0x10 pkg=com.google.android.gms cmp=com.google.android.gms/.chimera.GmsIntentOperationService (has extras) }.
I/MdiSyncModule( 2083): flag handling is skipping irrelevant intent.
W/ModuleInitIntentOp( 2083): Dropping unexpected action com.google.android.gms.phenotype.COMMITTED
D/dalvikvm( 1775): GC_FOR_ALLOC freed 2268K, 28% free 9533K/13136K, paused 14ms, total 14ms
I/Auth    ( 1775): [AuthManaged,PasswordComplexityHelperImpl] Updating password complexity components state.
I/Auth    ( 1775): [AuthManaged,PasswordComplexityHelperImpl] Disabling com.google.android.gms.auth.managed.admin.DeviceAdminReceiver
I/Auth    ( 1775): [AuthManaged,PasswordComplexityHelperImpl] Disabling com.google.android.gms.auth.managed.ui.SetNewPasswordActivity
I/PTCommittedOperation( 1775): Receive new configuration for com.google.android.gms.places
I/ChromeSync( 2083): [Sync,SyncIntentOperation] Handling the intent: Intent { act=com.google.android.gms.phenotype.COMMITTED flg=0x10 pkg=com.google.android.gms cmp=com.google.android.gms/.chimera.GmsIntentOperationService (has extras) }.
I/MdiSyncModule( 2083): flag handling is skipping irrelevant intent.
W/ModuleInitIntentOp( 2083): Dropping unexpected action com.google.android.gms.phenotype.COMMITTED
I/Auth    ( 1775): [AuthManaged,PasswordComplexityHelperImpl] Updating password complexity components state.
I/Auth    ( 1775): [AuthManaged,PasswordComplexityHelperImpl] Disabling com.google.android.gms.auth.managed.admin.DeviceAdminReceiver
I/Auth    ( 1775): [AuthManaged,PasswordComplexityHelperImpl] Disabling com.google.android.gms.auth.managed.ui.SetNewPasswordActivity
I/PTCommittedOperation( 1775): Receive new configuration for com.google.android.gms.signin
I/ChromeSync( 2083): [Sync,SyncIntentOperation] Handling the intent: Intent { act=com.google.android.gms.phenotype.COMMITTED flg=0x10 pkg=com.google.android.gms cmp=com.google.android.gms/.chimera.GmsIntentOperationService (has extras) }.
I/MdiSyncModule( 2083): flag handling is skipping irrelevant intent.
W/ModuleInitIntentOp( 2083): Dropping unexpected action com.google.android.gms.phenotype.COMMITTED
I/SystemUpdate( 2083): [Installation,ReceiverIntentOperation] Received intent: Intent { act=com.google.android.gms.phenotype.COMMITTED flg=0x10 pkg=com.google.android.gms cmp=com.google.android.gms/.chimera.GmsIntentOperationService (has extras) }.
I/Auth    ( 1775): [AuthManaged,PasswordComplexityHelperImpl] Updating password complexity components state.
I/Auth    ( 1775): [AuthManaged,PasswordComplexityHelperImpl] Disabling com.google.android.gms.auth.managed.admin.DeviceAdminReceiver
I/Auth    ( 1775): [AuthManaged,PasswordComplexityHelperImpl] Disabling com.google.android.gms.auth.managed.ui.SetNewPasswordActivity
I/SystemUpdate( 2083): [Execution,InstallationEventIntentOperation] Handling event of type 2.
I/SystemUpdate( 2083): [Execution,InstallationIntentOperation] Received intent: Intent { act=com.google.android.gms.update.INSTALL_UPDATE cat=[targeted_intent_op_prefix:.update.execution.InstallationIntentOperation] cmp=com.google.android.gms/.chimera.GmsIntentOperationService }.
I/PTCommittedOperation( 1775): Receive new configuration for com.google.android.gms.update
I/SystemUpdate( 2083): [Execution,ExecutionManager] Action finished-execution executed for 0.00 seconds.
I/PTCommittedOperation( 1775): Receive new configuration for com.google.android.gms.auth_authzen
I/ChromeSync( 2083): [Sync,SyncIntentOperation] Handling the intent: Intent { act=com.google.android.gms.phenotype.COMMITTED flg=0x10 pkg=com.google.android.gms cmp=com.google.android.gms/.chimera.GmsIntentOperationService (has extras) }.
I/MdiSyncModule( 2083): flag handling is skipping irrelevant intent.
W/ModuleInitIntentOp( 2083): Dropping unexpected action com.google.android.gms.phenotype.COMMITTED
I/Auth    ( 1775): [AuthManaged,PasswordComplexityHelperImpl] Updating password complexity components state.
I/Auth    ( 1775): [AuthManaged,PasswordComplexityHelperImpl] Disabling com.google.android.gms.auth.managed.admin.DeviceAdminReceiver
I/Auth    ( 1775): [AuthManaged,PasswordComplexityHelperImpl] Disabling com.google.android.gms.auth.managed.ui.SetNewPasswordActivity
I/ChromeSync( 2083): [Sync,SyncIntentOperation] Handling the intent: Intent { act=com.google.android.gms.phenotype.COMMITTED flg=0x10 pkg=com.google.android.gms cmp=com.google.android.gms/.chimera.GmsIntentOperationService (has extras) }.
I/MdiSyncModule( 2083): flag handling is skipping irrelevant intent.
W/ModuleInitIntentOp( 2083): Dropping unexpected action com.google.android.gms.phenotype.COMMITTED
D/dalvikvm( 1775): GC_FOR_ALLOC freed 2000K, 28% free 9580K/13136K, paused 11ms, total 11ms
I/PTCommittedOperation( 1775): Receive new configuration for com.google.android.gms.vision
I/Auth    ( 1775): [AuthManaged,PasswordComplexityHelperImpl] Updating password complexity components state.
