I/AndroidGraphics( 4947): framebuffer: (8, 8, 8, 0)
I/AndroidGraphics( 4947): depthbuffer: (24)
I/AndroidGraphics( 4947): stencilbuffer: (8)
I/AndroidGraphics( 4947): samples: (0)
I/AndroidGraphics( 4947): coverage sampling: (false)
I/AndroidGraphics( 4947): Managed meshes/app: { }
I/AndroidGraphics( 4947): Managed textures/app: { }
I/AndroidGraphics( 4947): Managed cubemap/app: { }
I/AndroidGraphics( 4947): Managed shaders/app: { }
I/AndroidGraphics( 4947): Managed buffers/app: { }
I/ActivityManager( 1568): Displayed com.serwylo.beatgame/.AndroidLauncher: +317ms
I/WindowManager( 1568): Screen frozen for +317ms due to Window{9d1c0e90 u0 com.serwylo.beatgame/com.serwylo.beatgame.AndroidLauncher}
E/dalvikvm( 4947): Could not find class 'android.support.v4.app.FragmentActivity', referenced from method a.a.a.ag.c
W/dalvikvm( 4947): VFY: unable to resolve check-cast 122 (Landroid/support/v4/app/FragmentActivity;) in La/a/a/ag;
D/dalvikvm( 4947): VFY: replacing opcode 0x1f at 0x0008
I/dalvikvm( 4947): Could not find method android.support.v4.app.FragmentActivity.getSupportFragmentManager, referenced from method a.a.a.ag.c
W/dalvikvm( 4947): VFY: unable to resolve virtual method 750: Landroid/support/v4/app/FragmentActivity;.getSupportFragmentManager ()Landroid/support/v4/app/FragmentManager;
D/dalvikvm( 4947): VFY: replacing opcode 0x6e at 0x000e
I/dalvikvm( 4947): Could not find method android.support.v4.app.FragmentActivity.getSupportFragmentManager, referenced from method a.a.a.ag.c
W/dalvikvm( 4947): VFY: unable to resolve virtual method 750: Landroid/support/v4/app/FragmentActivity;.getSupportFragmentManager ()Landroid/support/v4/app/FragmentManager;
D/dalvikvm( 4947): VFY: replacing opcode 0x6e at 0x001a
W/dalvikvm( 4947): VFY: unable to find class referenced in signature (Landroid/support/v4/app/Fragment;)
W/dalvikvm( 4947): VFY: unable to find class referenced in signature (Landroid/support/v4/app/Fragment;)
D/EGL_emulation( 1934): eglMakeCurrent: 0xb90d9630: ver 3 0
D/EGL_emulation( 1934): eglMakeCurrent: 0xb90d9630: ver 3 0
D/dalvikvm( 4947): GC_CONCURRENT freed 132K, 10% free 3390K/3732K, paused 0ms+1ms, total 5ms
D/EGL_emulation( 1654): eglMakeCurrent: 0xb907a020: ver 3 0
D/EGL_emulation( 1654): eglMakeCurrent: 0xb907a020: ver 3 0
E/EGL_emulation( 1654): tid 1654: eglSurfaceAttrib(1199): error 0x3009 (EGL_BAD_MATCH)
W/HardwareRenderer( 1654): Backbuffer cannot be preserved
D/Assets  ( 4947): Loading assets...
D/dalvikvm( 4947): GC_FOR_ALLOC freed 192K, 11% free 3426K/3812K, paused 4ms, total 4ms
I/dalvikvm-heap( 4947): Grow heap (frag case) to 3.971MB for 462589-byte allocation
D/dalvikvm( 4947): GC_FOR_ALLOC freed <1K, 10% free 3878K/4264K, paused 4ms, total 4ms
D/dalvikvm( 4947): GC_CONCURRENT freed 0K, 9% free 3882K/4264K, paused 1ms+2ms, total 5ms
D/dalvikvm( 4947): GC_CONCURRENT freed 726K, 21% free 3552K/4472K, paused 2ms+2ms, total 6ms
D/dalvikvm( 4947): GC_CONCURRENT freed 373K, 20% free 3596K/4472K, paused 0ms+1ms, total 2ms
D/dalvikvm( 4947): GC_CONCURRENT freed 382K, 19% free 3635K/4472K, paused 0ms+1ms, total 3ms
D/dalvikvm( 4947): GC_CONCURRENT freed 378K, 18% free 3674K/4472K, paused 0ms+1ms, total 3ms
D/dalvikvm( 4947): GC_CONCURRENT freed 394K, 16% free 3792K/4472K, paused 0ms+0ms, total 3ms
D/dalvikvm( 4947): GC_CONCURRENT freed 436K, 16% free 3768K/4472K, paused 3ms+0ms, total 6ms
D/dalvikvm( 4947): GC_FOR_ALLOC freed 16K, 16% free 3757K/4472K, paused 3ms, total 4ms
I/dalvikvm-heap( 4947): Grow heap (frag case) to 3.895MB for 44312-byte allocation
D/dalvikvm( 4947): GC_FOR_ALLOC freed <1K, 16% free 3800K/4516K, paused 3ms, total 3ms
D/dalvikvm( 4947): GC_FOR_ALLOC freed 390K, 17% free 3785K/4516K, paused 2ms, total 2ms
I/dalvikvm( 4947): Could not find method java.nio.ByteBuffer.clear, referenced from method com.crashinvaders.vfx.gl.VfxGLUtils.isGLEnabled
W/dalvikvm( 4947): VFY: unable to resolve virtual method 19129: Ljava/nio/ByteBuffer;.clear ()Ljava/nio/ByteBuffer;
D/dalvikvm( 4947): VFY: replacing opcode 0x6e at 0x001a
I/VfxGLUtils( 4947): Compiling "screenspace.vert/vignetting.frag"...
D/dalvikvm( 4947): GC_CONCURRENT freed 307K, 15% free 3862K/4516K, paused 4ms+0ms, total 7ms
D/dalvikvm( 4947): GC_FOR_ALLOC freed 158K, 13% free 4001K/4564K, paused 3ms, total 3ms
D/dalvikvm( 4947): GC_CONCURRENT freed 256K, 10% free 4131K/4580K, paused 0ms+0ms, total 3ms
D/Assets  ( 4947): Finished loading assets (470ms)
D/gralloc_ranchu( 1144): gralloc_alloc: Creating ashmem region of size 8294400
I/InputReader( 1568): Reconfiguring input devices.  changes=0x00000004
I/InputReader( 1568): Device reconfigured: id=0, name='qwerty2', size 1080x1920, orientation 0, mode 1, display id 0
D/EGL_emulation( 1654): eglMakeCurrent: 0xb907a020: ver 3 0
I/ActivityManager( 1568): Config changes=480 {1.0 310mcc260mnc en_US ldltr sw411dp w411dp h658dp 420dpi nrml port finger qwerty/v/v dpad/v s.11}
E/EGL_emulation( 1654): tid 1654: eglSurfaceAttrib(1199): error 0x3009 (EGL_BAD_MATCH)
W/HardwareRenderer( 1654): Backbuffer cannot be preserved
D/EGL_emulation( 1654): eglMakeCurrent: 0xb907a020: ver 3 0
E/EGL_emulation( 1654): tid 1654: eglSurfaceAttrib(1199): error 0x3009 (EGL_BAD_MATCH)
W/HardwareRenderer( 1654): Backbuffer cannot be preserved
D/PhoneStatusBar( 1654): mSettingsPanelGravity = 55
D/EGL_emulation( 1654): eglMakeCurrent: 0xb907a020: ver 3 0
D/gralloc_ranchu( 1144): gralloc_alloc: Creating ashmem region of size 8294400
D/EGL_emulation( 4947): eglMakeCurrent: 0xb90573f0: ver 3 0
E/EGL_emulation( 4947): tid 4947: eglSurfaceAttrib(1199): error 0x3009 (EGL_BAD_MATCH)
W/HardwareRenderer( 4947): Backbuffer cannot be preserved
D/EGL_emulation( 1654): eglMakeCurrent: 0xb907a020: ver 3 0
D/EGL_emulation( 1654): eglMakeCurrent: 0xb907a020: ver 3 0
E/EGL_emulation( 1654): tid 1654: eglSurfaceAttrib(1199): error 0x3009 (EGL_BAD_MATCH)
W/HardwareRenderer( 1654): Backbuffer cannot be preserved
D/EGL_emulation( 1654): eglMakeCurrent: 0xb907a020: ver 3 0
D/EGL_emulation( 4947): eglMakeCurrent: 0xb8f38a70: ver 3 0
D/EGL_emulation( 1654): eglMakeCurrent: 0xb907a020: ver 3 0
E/EGL_emulation( 1654): tid 1654: eglSurfaceAttrib(1199): error 0x3009 (EGL_BAD_MATCH)
W/HardwareRenderer( 1654): Backbuffer cannot be preserved
D/EGL_emulation( 1654): eglMakeCurrent: 0xb907a020: ver 3 0
E/EGL_emulation( 1654): tid 1654: eglSurfaceAttrib(1199): error 0x3009 (EGL_BAD_MATCH)
W/HardwareRenderer( 1654): Backbuffer cannot be preserved
I/WindowManager( 1568): Screen frozen for +288ms due to Window{9d1c0e90 u0 com.serwylo.beatgame/com.serwylo.beatgame.AndroidLauncher}
D/EGL_emulation( 1654): eglMakeCurrent: 0xb907a020: ver 3 0
E/EGL_emulation( 1654): tid 1654: eglSurfaceAttrib(1199): error 0x3009 (EGL_BAD_MATCH)
W/HardwareRenderer( 1654): Backbuffer cannot be preserved
I/AndroidRipper( 4947): [RipperTestCase] Ready to operate after restarting...
D/dalvikvm( 1568): GC_EXPLICIT freed 102K, 43% free 9186K/15852K, paused 5ms+0ms, total 23ms
I/Vision  ( 2079): Requesting optional module download of ocr.
I/Vision  ( 2079): Checking for download completion for 271914 -- ocr
I/Vision  ( 2079): Requesting optional module download of ocr.
I/Vision  ( 2079): Checking for download completion for 281926 -- ocr
V/        ( 4858): ready
V/RipperService( 4858): PING
V/AndroidRipperService( 4858): mHandler.handleMessage() RECIVED
V/AndroidRipperService( 4858): broadcast()
I/AndroidRipper( 4947): Recived message: PING
V/AndroidRipperService( 4858): send()
V/AndroidRipperService( 4858): broadcast() done
V/        ( 4858): ready
D/dalvikvm( 4858): GC_CONCURRENT freed 294K, 14% free 3086K/3572K, paused 2ms+2ms, total 8ms
V/RipperService( 4858): PING
V/AndroidRipperService( 4858): mHandler.handleMessage() RECIVED
V/AndroidRipperService( 4858): broadcast()
V/AndroidRipperService( 4858): broadcast() done
V/        ( 4858): ready
I/AndroidRipper( 4947): Recived message: PING
V/AndroidRipperService( 4858): send()
V/RipperService( 4858): DSC
V/AndroidRipperService( 4858): mHandler.handleMessage() RECIVED
V/AndroidRipperService( 4858): broadcast()
V/AndroidRipperService( 4858): broadcast() done
V/        ( 4858): ready
I/AndroidRipper( 4947): Recived message: DSC
I/AndroidRipper( 4947): [b] Found widget: id=-1 (android.widget.LinearLayout{9d048040 V.E..... ........ 0,0-1080,1920})
I/AndroidRipper( 4947): [b] Found widget: id=16909070 (android.view.ViewStub{9d04c4d0 G.E..... ......I. 0,0-0,0 #102030e})
I/AndroidRipper( 4947): [b] Found widget: id=16908290 (android.widget.FrameLayout{9d04c960 V.E..... ........ 0,0-1080,1920 #1020002 android:id/content})
I/AndroidRipper( 4947): [b] Found widget: id=-1 (com.badlogic.gdx.backends.android.surfaceview.GLSurfaceView20{9d02ed60 VFE..... .F...... 0,0-1080,1920})
I/AndroidRipper( 4947): [b] Found widget: id=-1 (com.android.internal.policy.impl.PhoneWindow$DecorView{9d047388 V.E..... R....... 0,0-1080,1920})
D/dalvikvm( 4947): GC_CONCURRENT freed 209K, 9% free 4377K/4788K, paused 2ms+0ms, total 5ms
V/AndroidRipperService( 4858): send()
I/ContentMaintenance( 2079): Internal cache bytes used: 0; limit: 39526809; download size: 0
I/RealtimeCacheCleanup( 2079): Beginning Realtime garbage collection.
I/RealtimeCacheCleanup( 2079): Finished Realtime garbage collection.
V/RipperService( 4858): EVT
V/AndroidRipperService( 4858): mHandler.handleMessage() RECIVED
V/AndroidRipperService( 4858): broadcast()
I/AndroidRipper( 4947): Recived message: EVT
V/RipperTestCase( 4947): START_EVENT[0|1629031677041]
V/AndroidRipperService( 4858): broadcast() done
V/        ( 4858): ready
D/gralloc_ranchu( 1144): gralloc_alloc: Creating ashmem region of size 1323008
D/        ( 1568): HostConnection::get() New Host Connection established 0xb927e310, tid 1868
D/dalvikvm( 1568): GC_FOR_ALLOC freed 1159K, 43% free 9157K/15852K, paused 17ms, total 17ms
I/dalvikvm-heap( 1568): Grow heap (frag case) to 9.758MB for 656856-byte allocation
D/dalvikvm( 1568): GC_FOR_ALLOC freed 4K, 41% free 9793K/16496K, paused 15ms, total 15ms
D/dalvikvm( 1568): GC_FOR_ALLOC freed 11K, 41% free 9807K/16496K, paused 12ms, total 12ms
I/dalvikvm-heap( 1568): Grow heap (frag case) to 10.394MB for 656856-byte allocation
D/dalvikvm( 1568): GC_FOR_ALLOC freed <1K, 40% free 10449K/17140K, paused 10ms, total 10ms
I/AndroidGraphics( 4947): paused
I/AndroidInput( 4947): sensor listener tear down
I/AndroidGraphics( 4947): Managed meshes/app: { }
I/AndroidGraphics( 4947): Managed textures/app: { }
I/AndroidGraphics( 4947): Managed cubemap/app: { }
I/AndroidGraphics( 4947): Managed shaders/app: { }
I/AndroidGraphics( 4947): Managed buffers/app: { }
I/AndroidGraphics( 4947): destroyed
D/EGL_emulation( 1934): eglMakeCurrent: 0xb90d9630: ver 3 0
D/EGL_emulation( 1934): eglMakeCurrent: 0xb90d9630: ver 3 0
E/EGL_emulation( 1934): tid 1934: eglSurfaceAttrib(1199): error 0x3009 (EGL_BAD_MATCH)
W/HardwareRenderer( 1934): Backbuffer cannot be preserved
W/IInputConnectionWrapper( 4947): showStatusIcon on inactive InputConnection
D/dalvikvm( 1934): GC_FOR_ALLOC freed 7751K, 36% free 17815K/27428K, paused 2ms, total 2ms
I/dalvikvm-heap( 1934): Grow heap (frag case) to 24.701MB for 7464972-byte allocation
D/dalvikvm( 1934): GC_FOR_ALLOC freed 8K, 9% free 25096K/27428K, paused 4ms, total 4ms
D/dalvikvm( 1654): GC_FOR_ALLOC freed 18279K, 65% free 9440K/26728K, paused 3ms, total 3ms
I/dalvikvm-heap( 1654): Grow heap (frag case) to 12.329MB for 3072012-byte allocation
D/dalvikvm( 1654): GC_FOR_ALLOC freed 736K, 57% free 11703K/26728K, paused 3ms, total 3ms
D/dalvikvm( 1654): GC_FOR_ALLOC freed <1K, 57% free 11703K/26728K, paused 2ms, total 2ms
I/dalvikvm-heap( 1654): Grow heap (frag case) to 26.463MB for 15575052-byte allocation
D/dalvikvm( 1654): GC_FOR_ALLOC freed 0K, 36% free 26913K/41940K, paused 3ms, total 3ms
D/EGL_emulation( 4947): eglMakeCurrent: 0xb90573f0: ver 3 0
V/RipperService( 4858): END
V/AndroidRipperService( 4858): mHandler.handleMessage() RECIVED
V/AndroidRipperService( 4858): broadcast()
V/AndroidRipperService( 4858): broadcast() done
V/        ( 4858): ready
D/AndroidRuntime( 5010): 
D/AndroidRuntime( 5010): >>>>>> AndroidRuntime START com.android.internal.os.RuntimeInit <<<<<<
W/linker  ( 5010): libdvm.so has text relocations. This is wasting memory and is a security risk. Please fix.
D/AndroidRuntime( 5010): CheckJNI is ON
D/dalvikvm( 5010): Trying to load lib libjavacore.so 0x0
D/dalvikvm( 5010): Added shared lib libjavacore.so 0x0
D/dalvikvm( 5010): Trying to load lib libnativehelper.so 0x0
D/dalvikvm( 5010): Added shared lib libnativehelper.so 0x0
D/dalvikvm( 5010): No JNI_OnLoad found in libnativehelper.so 0x0, skipping init
D/dalvikvm( 5010): Note: class Landroid/app/ActivityManagerNative; has 179 unimplemented (abstract) methods
E/memtrack( 5010): Couldn't load memtrack module (No such file or directory)
E/android.os.Debug( 5010): failed to load memtrack module: -2
D/AndroidRuntime( 5010): Calling main entry com.android.commands.pm.Pm
D/AndroidRuntime( 5010): Shutting down VM
D/dalvikvm( 5010): GC_CONCURRENT freed 93K, 15% free 557K/652K, paused 1ms+0ms, total 1ms
D/AndroidRuntime( 5021): 
D/AndroidRuntime( 5021): >>>>>> AndroidRuntime START com.android.internal.os.RuntimeInit <<<<<<
W/linker  ( 5021): libdvm.so has text relocations. This is wasting memory and is a security risk. Please fix.
D/AndroidRuntime( 5021): CheckJNI is ON
D/dalvikvm( 5021): Trying to load lib libjavacore.so 0x0
D/dalvikvm( 5021): Added shared lib libjavacore.so 0x0
D/dalvikvm( 5021): Trying to load lib libnativehelper.so 0x0
D/dalvikvm( 5021): Added shared lib libnativehelper.so 0x0
D/dalvikvm( 5021): No JNI_OnLoad found in libnativehelper.so 0x0, skipping init
D/dalvikvm( 5021): Note: class Landroid/app/ActivityManagerNative; has 179 unimplemented (abstract) methods
E/memtrack( 5021): Couldn't load memtrack module (No such file or directory)
E/android.os.Debug( 5021): failed to load memtrack module: -2
D/AndroidRuntime( 5021): Calling main entry com.android.commands.pm.Pm
D/AndroidRuntime( 4936): Shutting down VM
D/dalvikvm( 4936): GC_CONCURRENT freed 96K, 15% free 557K/656K, paused 0ms+0ms, total 0ms
I/ActivityManager( 1568): Force stopping com.serwylo.beatgame appid=10063 user=0: clear data
I/ActivityManager( 1568): Killing 4947:com.serwylo.beatgame/u0a63 (adj 0): stop com.serwylo.beatgame
W/ActivityManager( 1568): Crash of app com.serwylo.beatgame running instrumentation ComponentInfo{it.unina.android.ripper/android.test.InstrumentationTestRunner}
D/keystore( 1149): calling clear_uid in state: 3
I/GeofencerStateMachine( 1777): removeGeofences: removeRequest=RemoveGeofencingRequest[REMOVE_ALL packageName=com.serwylo.beatgame]
D/Documents( 3841): Used cached roots for com.android.providers.downloads.documents
D/Documents( 3841): Used cached roots for com.android.externalstorage.documents
D/Documents( 3841): Used cached roots for com.android.providers.media.documents
D/Documents( 3841): Update found 6 roots in 1ms
I/ActivityManager( 1568): Force stopping com.serwylo.beatgame appid=10063 user=0: finished inst
D/AndroidRuntime( 5021): Shutting down VM
D/dalvikvm( 5021): GC_CONCURRENT freed 92K, 15% free 549K/644K, paused 0ms+0ms, total 0ms
I/Icing   ( 2079): doRemovePackageData com.serwylo.beatgame
D/dalvikvm( 1777): GC_FOR_ALLOC freed 1826K, 22% free 10468K/13264K, paused 18ms, total 19ms
I/Fitness ( 1777): FitCleanupIntentOperation received Intent android.intent.action.PACKAGE_DATA_CLEARED [CONTEXT service_id=17 ]
D/AndroidRuntime( 5047): 
D/AndroidRuntime( 5047): >>>>>> AndroidRuntime START com.android.internal.os.RuntimeInit <<<<<<
W/linker  ( 5047): libdvm.so has text relocations. This is wasting memory and is a security risk. Please fix.
D/AndroidRuntime( 5047): CheckJNI is ON
D/dalvikvm( 5047): Trying to load lib libjavacore.so 0x0
D/dalvikvm( 5047): Added shared lib libjavacore.so 0x0
D/dalvikvm( 5047): Trying to load lib libnativehelper.so 0x0
D/dalvikvm( 5047): Added shared lib libnativehelper.so 0x0
D/dalvikvm( 5047): No JNI_OnLoad found in libnativehelper.so 0x0, skipping init
D/dalvikvm( 5047): Note: class Landroid/app/ActivityManagerNative; has 179 unimplemented (abstract) methods
E/memtrack( 5047): Couldn't load memtrack module (No such file or directory)
E/android.os.Debug( 5047): failed to load memtrack module: -2
D/AndroidRuntime( 5047): Calling main entry com.android.commands.pm.Pm
I/ActivityManager( 1568): Force stopping com.serwylo.beatgame appid=10063 user=-1: uninstall pkg
W/PackageManager( 1568): Couldn't delete native library directory /data/app-lib/com.serwylo.beatgame
D/keystore( 1149): calling clear_uid in state: 3
W/Launcher.Model( 2207): Nobody to tell about the new app.  Launcher is probably loading.
I/GeofencerStateMachine( 1777): removeGeofences: removeRequest=RemoveGeofencingRequest[REMOVE_ALL packageName=com.serwylo.beatgame]
I/ActivityManager( 1568): Force stopping com.serwylo.beatgame appid=10063 user=0: pkg removed
D/VoicemailCleanupService( 1847): Cleaning up data for package: com.serwylo.beatgame
I/PackageManager( 1568):   Action: "android.intent.action.SENDTO"
I/PackageManager( 1568):   Category: "android.intent.category.DEFAULT"
I/PackageManager( 1568):   Scheme: "sms"
D/Documents( 3841): Used cached roots for com.android.providers.downloads.documents
D/Documents( 3841): Used cached roots for com.android.externalstorage.documents
D/Documents( 3841): Used cached roots for com.android.providers.media.documents
D/Documents( 3841): Update found 6 roots in 7ms
I/InputReader( 1568): Reconfiguring input devices.  changes=0x00000010
I/PackageManager( 1568): Adding preferred activity ComponentInfo{com.android.mms/com.android.mms.ui.ComposeMessageActivity} for user 0 :
I/PackageManager( 1568):   Action: "android.intent.action.SENDTO"
I/PackageManager( 1568):   Category: "android.intent.category.DEFAULT"
I/PackageManager( 1568):   Scheme: "smsto"
I/PackageManager( 1568): Adding preferred activity ComponentInfo{com.android.mms/com.android.mms.ui.ComposeMessageActivity} for user 0 :
D/BackupManagerService( 1568): Received broadcast Intent { act=android.intent.action.PACKAGE_REMOVED dat=package:com.serwylo.beatgame flg=0x4000010 (has extras) }
D/dalvikvm( 1797): GC_FOR_ALLOC freed 463K, 18% free 3635K/4396K, paused 2ms, total 2ms
I/PackageManager( 1568):   Action: "android.intent.action.SENDTO"
I/PackageManager( 1568):   Category: "android.intent.category.DEFAULT"
I/PackageManager( 1568):   Scheme: "mms"
V/BackupManagerService( 1568): removePackageParticipantsLocked: uid=10063 #1
I/PackageManager( 1568): Adding preferred activity ComponentInfo{com.android.mms/com.android.mms.ui.ComposeMessageActivity} for user 0 :
I/PackageManager( 1568):   Action: "android.intent.action.SENDTO"
I/PackageManager( 1568):   Category: "android.intent.category.DEFAULT"
I/PackageManager( 1568):   Scheme: "mmsto"
I/PackageManager( 1568): Adding preferred activity ComponentInfo{com.android.mms/com.android.mms.ui.ComposeMessageActivity} for user 0 :
D/dalvikvm( 1568): GC_EXPLICIT freed 2388K, 43% free 9930K/17140K, paused 1ms+1ms, total 50ms
D/dalvikvm( 1568): WAIT_FOR_CONCURRENT_GC blocked 8ms
D/dalvikvm( 1568): WAIT_FOR_CONCURRENT_GC blocked 9ms
D/dalvikvm( 1568): WAIT_FOR_CONCURRENT_GC blocked 9ms
W/Launcher( 2207): setApplicationContext called twice! old=com.google.android.velvet.VelvetApplication@9cfffa70 new=com.google.android.velvet.VelvetApplication@9cfffa70
I/PackageManager( 1568):   Action: "android.intent.action.SENDTO"
I/PackageManager( 1568):   Category: "android.intent.category.DEFAULT"
I/PackageManager( 1568):   Scheme: "sms"
D/AndroidRuntime( 5047): Shutting down VM
D/dalvikvm( 5047): GC_CONCURRENT freed 92K, 15% free 549K/644K, paused 0ms+0ms, total 0ms
I/Icing.InternalIcingCorporaProvider( 2178): Updating corpora: A: com.serwylo.beatgame, C: MAYBE
I/PackageManager( 1568): Adding preferred activity ComponentInfo{com.android.mms/com.android.mms.ui.ComposeMessageActivity} for user 0 :
W/ContextImpl( 3894): Calling a method in the system process without a qualified user: android.app.ContextImpl.startService:1479 android.content.ContextWrapper.startService:494 android.content.ContextWrapper.startService:494 com.android.keychain.KeyChainBroadcastReceiver.onReceive:12 android.app.ActivityThread.handleReceiver:2419 
I/Fitness ( 1777): FitCleanupIntentOperation received Intent android.intent.action.PACKAGE_REMOVED [CONTEXT service_id=17 ]
I/PackageManager( 1568):   Action: "android.intent.action.SENDTO"
I/PackageManager( 1568):   Category: "android.intent.category.DEFAULT"
I/PackageManager( 1568):   Scheme: "smsto"
I/PackageManager( 1568): Adding preferred activity ComponentInfo{com.android.mms/com.android.mms.ui.ComposeMessageActivity} for user 0 :
D/dalvikvm( 1797): GC_FOR_ALLOC freed 414K, 17% free 3668K/4396K, paused 2ms, total 2ms
I/PackageManager( 1568):   Action: "android.intent.action.SENDTO"
I/PackageManager( 1568):   Category: "android.intent.category.DEFAULT"
I/PackageManager( 1568):   Scheme: "mms"
I/PackageManager( 1568): Adding preferred activity ComponentInfo{com.android.mms/com.android.mms.ui.ComposeMessageActivity} for user 0 :
W/ContextImpl( 2178): Implicit intents with startService are not safe: Intent { act=com.google.android.gms.icing.INDEX_SERVICE } android.content.ContextWrapper.bindService:517 com.google.android.gms.internal.av.a:-1 com.google.android.gms.internal.au.connect:-1 
I/PackageManager( 1568):   Action: "android.intent.action.SENDTO"
I/PackageManager( 1568):   Category: "android.intent.category.DEFAULT"
I/PackageManager( 1568):   Scheme: "mmsto"
I/Icing   ( 2079): doRemovePackageData com.serwylo.beatgame
I/PackageManager( 1568): Adding preferred activity ComponentInfo{com.android.mms/com.android.mms.ui.ComposeMessageActivity} for user 0 :
I/Icing   ( 2079): IndexChimeraService.getServiceInterface callingPackage=com.google.android.googlequicksearchbox componentName=null serviceId=21
D/dalvikvm( 1763): GC_FOR_ALLOC freed 522K, 18% free 3403K/4112K, paused 2ms, total 12ms
W/Icing   ( 2079): No valid account for uploading user actions
I/Icing   ( 2079): Usage reports ok 0, Failed Usage reports 0, indexed 0, rejected 0
I/LatinIME:LogUtils( 1763): Dictionary info: dictionary = main:en ; version = 42 ; date = 1381226516
I/Icing   ( 2079): Indexing com.google.android.gms-apps from com.google.android.gms
I/Icing   ( 2079): Indexing com.google.android.googlequicksearchbox-applications from com.google.android.googlequicksearchbox
I/DownloadManager( 1858): Download 12 starting
W/DownloadManager( 1858): Aborting request for download 12: TYPE_DISALLOWED_BY_REQUESTOR
I/Icing   ( 2079): Indexing com.google.android.gms-internal.3p:MobileApplication from com.google.android.gms
I/DownloadManager( 1858): Download 12 finished with status WAITING_FOR_NETWORK
I/Icing   ( 2079): Indexing done com.google.android.gms-apps
I/Icing   ( 2079): Indexing done com.google.android.googlequicksearchbox-applications
I/Icing   ( 2079): Indexing done com.google.android.gms-internal.3p:MobileApplication
I/Vision  ( 2079): Requesting optional module download of ocr.
I/Vision  ( 2079): Checking for download completion for 291932 -- ocr
D/AndroidRuntime( 5074): 
D/AndroidRuntime( 5074): >>>>>> AndroidRuntime START com.android.internal.os.RuntimeInit <<<<<<
W/linker  ( 5074): libdvm.so has text relocations. This is wasting memory and is a security risk. Please fix.
D/AndroidRuntime( 5074): CheckJNI is ON
D/dalvikvm( 5074): Trying to load lib libjavacore.so 0x0
D/dalvikvm( 5074): Added shared lib libjavacore.so 0x0
D/dalvikvm( 5074): Trying to load lib libnativehelper.so 0x0
D/dalvikvm( 5074): Added shared lib libnativehelper.so 0x0
D/dalvikvm( 5074): No JNI_OnLoad found in libnativehelper.so 0x0, skipping init
D/dalvikvm( 5074): Note: class Landroid/app/ActivityManagerNative; has 179 unimplemented (abstract) methods
E/memtrack( 5074): Couldn't load memtrack module (No such file or directory)
E/android.os.Debug( 5074): failed to load memtrack module: -2
D/AndroidRuntime( 5074): Calling main entry com.android.commands.pm.Pm
D/AndroidRuntime( 5074): Shutting down VM
D/dalvikvm( 5074): GC_CONCURRENT freed 93K, 15% free 557K/652K, paused 0ms+0ms, total 1ms
D/AndroidRuntime( 5085): 
D/AndroidRuntime( 5085): >>>>>> AndroidRuntime START com.android.internal.os.RuntimeInit <<<<<<
W/linker  ( 5085): libdvm.so has text relocations. This is wasting memory and is a security risk. Please fix.
D/AndroidRuntime( 5085): CheckJNI is ON
D/dalvikvm( 5085): Trying to load lib libjavacore.so 0x0
D/dalvikvm( 5085): Added shared lib libjavacore.so 0x0
D/dalvikvm( 5085): Trying to load lib libnativehelper.so 0x0
D/dalvikvm( 5085): Added shared lib libnativehelper.so 0x0
D/dalvikvm( 5085): No JNI_OnLoad found in libnativehelper.so 0x0, skipping init
D/dalvikvm( 5085): Note: class Landroid/app/ActivityManagerNative; has 179 unimplemented (abstract) methods
E/memtrack( 5085): Couldn't load memtrack module (No such file or directory)
E/android.os.Debug( 5085): failed to load memtrack module: -2
D/AndroidRuntime( 5085): Calling main entry com.android.commands.pm.Pm
D/keystore( 1149): calling clear_uid in state: 3
I/ActivityManager( 1568): Force stopping it.unina.android.ripper appid=10064 user=0: clear data
I/GeofencerStateMachine( 1777): removeGeofences: removeRequest=RemoveGeofencingRequest[REMOVE_ALL packageName=it.unina.android.ripper]
D/Documents( 3841): Used cached roots for com.android.providers.downloads.documents
D/Documents( 3841): Used cached roots for com.android.externalstorage.documents
D/Documents( 3841): Used cached roots for com.android.providers.media.documents
D/Documents( 3841): Update found 6 roots in 2ms
I/Icing   ( 2079): doRemovePackageData it.unina.android.ripper
D/AndroidRuntime( 5085): Shutting down VM
D/dalvikvm( 5085): GC_CONCURRENT freed 92K, 15% free 549K/644K, paused 0ms+0ms, total 0ms
I/Fitness ( 1777): FitCleanupIntentOperation received Intent android.intent.action.PACKAGE_DATA_CLEARED [CONTEXT service_id=17 ]
D/AndroidRuntime( 5101): 
D/AndroidRuntime( 5101): >>>>>> AndroidRuntime START com.android.internal.os.RuntimeInit <<<<<<
W/linker  ( 5101): libdvm.so has text relocations. This is wasting memory and is a security risk. Please fix.
D/AndroidRuntime( 5101): CheckJNI is ON
D/dalvikvm( 5101): Trying to load lib libjavacore.so 0x0
D/dalvikvm( 5101): Added shared lib libjavacore.so 0x0
D/dalvikvm( 5101): Trying to load lib libnativehelper.so 0x0
D/dalvikvm( 5101): Added shared lib libnativehelper.so 0x0
D/dalvikvm( 5101): No JNI_OnLoad found in libnativehelper.so 0x0, skipping init
D/dalvikvm( 5101): Note: class Landroid/app/ActivityManagerNative; has 179 unimplemented (abstract) methods
E/memtrack( 5101): Couldn't load memtrack module (No such file or directory)
E/android.os.Debug( 5101): failed to load memtrack module: -2
D/AndroidRuntime( 5101): Calling main entry com.android.commands.pm.Pm
I/ActivityManager( 1568): Force stopping it.unina.android.ripper appid=10064 user=-1: uninstall pkg
W/PackageManager( 1568): Couldn't delete native library directory /data/app-lib/it.unina.android.ripper
D/keystore( 1149): calling clear_uid in state: 3
W/Launcher.Model( 2207): Nobody to tell about the new app.  Launcher is probably loading.
I/GeofencerStateMachine( 1777): removeGeofences: removeRequest=RemoveGeofencingRequest[REMOVE_ALL packageName=it.unina.android.ripper]
I/ActivityManager( 1568): Force stopping it.unina.android.ripper appid=10064 user=0: pkg removed
D/Documents( 3841): Used cached roots for com.android.providers.downloads.documents
D/Documents( 3841): Used cached roots for com.android.externalstorage.documents
D/Documents( 3841): Used cached roots for com.android.providers.media.documents
D/Documents( 3841): Update found 6 roots in 2ms
I/PackageManager( 1568):   Action: "android.intent.action.SENDTO"
I/PackageManager( 1568):   Category: "android.intent.category.DEFAULT"
I/PackageManager( 1568):   Scheme: "sms"
I/InputReader( 1568): Reconfiguring input devices.  changes=0x00000010
D/VoicemailCleanupService( 1847): Cleaning up data for package: it.unina.android.ripper
I/PackageManager( 1568): Adding preferred activity ComponentInfo{com.android.mms/com.android.mms.ui.ComposeMessageActivity} for user 0 :
I/PackageManager( 1568):   Action: "android.intent.action.SENDTO"
I/PackageManager( 1568):   Category: "android.intent.category.DEFAULT"
I/PackageManager( 1568):   Scheme: "smsto"
I/PackageManager( 1568): Adding preferred activity ComponentInfo{com.android.mms/com.android.mms.ui.ComposeMessageActivity} for user 0 :
D/BackupManagerService( 1568): Received broadcast Intent { act=android.intent.action.PACKAGE_REMOVED dat=package:it.unina.android.ripper flg=0x4000010 (has extras) }
D/dalvikvm( 1797): GC_FOR_ALLOC freed 458K, 18% free 3635K/4396K, paused 4ms, total 4ms
V/BackupManagerService( 1568): removePackageParticipantsLocked: uid=10064 #1
I/PackageManager( 1568):   Action: "android.intent.action.SENDTO"
I/PackageManager( 1568):   Category: "android.intent.category.DEFAULT"
I/PackageManager( 1568):   Scheme: "mms"
I/PackageManager( 1568): Adding preferred activity ComponentInfo{com.android.mms/com.android.mms.ui.ComposeMessageActivity} for user 0 :
D/dalvikvm( 1568): GC_EXPLICIT freed 1776K, 43% free 9893K/17140K, paused 5ms+1ms, total 19ms
D/dalvikvm( 1568): WAIT_FOR_CONCURRENT_GC blocked 8ms
D/dalvikvm( 1568): WAIT_FOR_CONCURRENT_GC blocked 8ms
D/dalvikvm( 1568): WAIT_FOR_CONCURRENT_GC blocked 8ms
D/dalvikvm( 1568): WAIT_FOR_CONCURRENT_GC blocked 8ms
D/dalvikvm( 1568): WAIT_FOR_CONCURRENT_GC blocked 10ms
D/dalvikvm( 1568): WAIT_FOR_CONCURRENT_GC blocked 11ms
I/PackageManager( 1568):   Action: "android.intent.action.SENDTO"
I/PackageManager( 1568):   Category: "android.intent.category.DEFAULT"
I/PackageManager( 1568):   Scheme: "mmsto"
D/AndroidRuntime( 5101): Shutting down VM
D/dalvikvm( 5101): GC_CONCURRENT freed 92K, 15% free 549K/644K, paused 0ms+0ms, total 1ms
I/Fitness ( 1777): FitCleanupIntentOperation received Intent android.intent.action.PACKAGE_REMOVED [CONTEXT service_id=17 ]
I/PackageManager( 1568): Adding preferred activity ComponentInfo{com.android.mms/com.android.mms.ui.ComposeMessageActivity} for user 0 :
W/Launcher( 2207): setApplicationContext called twice! old=com.google.android.velvet.VelvetApplication@9cfffa70 new=com.google.android.velvet.VelvetApplication@9cfffa70
I/PackageManager( 1568):   Action: "android.intent.action.SENDTO"
I/PackageManager( 1568):   Category: "android.intent.category.DEFAULT"
I/PackageManager( 1568):   Scheme: "sms"
W/ContextImpl( 3894): Calling a method in the system process without a qualified user: android.app.ContextImpl.startService:1479 android.content.ContextWrapper.startService:494 android.content.ContextWrapper.startService:494 com.android.keychain.KeyChainBroadcastReceiver.onReceive:12 android.app.ActivityThread.handleReceiver:2419 
I/ActivityManager( 1568): Delay finish: com.android.keychain/.KeyChainBroadcastReceiver
I/PackageManager( 1568): Adding preferred activity ComponentInfo{com.android.mms/com.android.mms.ui.ComposeMessageActivity} for user 0 :
I/Icing.InternalIcingCorporaProvider( 2178): Updating corpora: A: it.unina.android.ripper, C: MAYBE
I/PackageManager( 1568):   Action: "android.intent.action.SENDTO"
I/PackageManager( 1568):   Category: "android.intent.category.DEFAULT"
I/PackageManager( 1568):   Scheme: "smsto"
I/ActivityManager( 1568): Resuming delayed broadcast
I/PackageManager( 1568): Adding preferred activity ComponentInfo{com.android.mms/com.android.mms.ui.ComposeMessageActivity} for user 0 :
D/dalvikvm( 1797): GC_FOR_ALLOC freed 414K, 17% free 3668K/4396K, paused 2ms, total 2ms
I/PackageManager( 1568):   Action: "android.intent.action.SENDTO"
I/PackageManager( 1568):   Category: "android.intent.category.DEFAULT"
I/PackageManager( 1568):   Scheme: "mms"
I/PackageManager( 1568): Adding preferred activity ComponentInfo{com.android.mms/com.android.mms.ui.ComposeMessageActivity} for user 0 :
I/Icing   ( 2079): doRemovePackageData it.unina.android.ripper
I/PackageManager( 1568):   Action: "android.intent.action.SENDTO"
I/PackageManager( 1568):   Category: "android.intent.category.DEFAULT"
I/PackageManager( 1568):   Scheme: "mmsto"
I/PackageManager( 1568): Adding preferred activity ComponentInfo{com.android.mms/com.android.mms.ui.ComposeMessageActivity} for user 0 :
D/dalvikvm( 2178): GC_FOR_ALLOC freed 504K, 17% free 3518K/4212K, paused 2ms, total 2ms
D/dalvikvm( 1777): GC_FOR_ALLOC freed 2466K, 25% free 10050K/13264K, paused 29ms, total 29ms
I/LatinIME:LogUtils( 1763): Dictionary info: dictionary = main:en ; version = 42 ; date = 1381226516
D/dalvikvm( 2079): GC_FOR_ALLOC freed 2108K, 13% free 21503K/24496K, paused 59ms, total 59ms
I/Icing   ( 2079): IndexChimeraService.getServiceInterface callingPackage=com.google.android.googlequicksearchbox componentName=null serviceId=21
I/DownloadManager( 1858): Download 13 starting
W/DownloadManager( 1858): Aborting request for download 13: TYPE_DISALLOWED_BY_REQUESTOR
I/DownloadManager( 1858): Download 13 finished with status WAITING_FOR_NETWORK
W/Icing.InternalIcingCorporaProvider( 2178): Application table change notification failed.
W/Icing   ( 2079): No valid account for uploading user actions
I/Icing   ( 2079): Usage reports ok 0, Failed Usage reports 0, indexed 0, rejected 0
I/Icing   ( 2079): Indexing com.google.android.gms-apps from com.google.android.gms
I/Icing   ( 2079): Indexing done com.google.android.gms-apps
D/AndroidRuntime( 5128): 
D/AndroidRuntime( 5128): >>>>>> AndroidRuntime START com.android.internal.os.RuntimeInit <<<<<<
W/linker  ( 5128): libdvm.so has text relocations. This is wasting memory and is a security risk. Please fix.
D/AndroidRuntime( 5128): CheckJNI is ON
D/dalvikvm( 5128): Trying to load lib libjavacore.so 0x0
D/dalvikvm( 5128): Added shared lib libjavacore.so 0x0
D/dalvikvm( 5128): Trying to load lib libnativehelper.so 0x0
D/dalvikvm( 5128): Added shared lib libnativehelper.so 0x0
D/dalvikvm( 5128): No JNI_OnLoad found in libnativehelper.so 0x0, skipping init
D/dalvikvm( 5128): Note: class Landroid/app/ActivityManagerNative; has 179 unimplemented (abstract) methods
E/memtrack( 5128): Couldn't load memtrack module (No such file or directory)
E/android.os.Debug( 5128): failed to load memtrack module: -2
D/AndroidRuntime( 5128): Calling main entry com.android.commands.pm.Pm
W/ActivityManager( 1568): No content provider found for permission revoke: file:///sdcard/aut.apk
W/ActivityManager( 1568): No content provider found for permission revoke: file:///sdcard/aut.apk
I/PackageManager( 1568): Copying native libraries to /data/app-lib/vmdl382290529
D/dalvikvm( 1568): GC_FOR_ALLOC freed 1590K, 42% free 10033K/17140K, paused 7ms, total 7ms
I/PackageManager( 1568): Running dexopt on: com.serwylo.beatgame
W/linker  ( 5140): libdvm.so has text relocations. This is wasting memory and is a security risk. Please fix.
D/dalvikvm( 5140): Note: class Lcom/badlogic/gdx/graphics/profiling/GLInterceptor; has 162 unimplemented (abstract) methods
D/dalvikvm( 5140): DexOpt: load 20ms, verify+opt 189ms, 3432268 bytes
I/ActivityManager( 1568): Force stopping com.serwylo.beatgame appid=10065 user=-1: update pkg
W/Launcher.Model( 2207): Nobody to tell about the new app.  Launcher is probably loading.
D/Documents( 3841): Used cached roots for com.android.providers.downloads.documents
D/Documents( 3841): Used cached roots for com.android.externalstorage.documents
D/Documents( 3841): Used cached roots for com.android.providers.media.documents
D/Documents( 3841): Update found 6 roots in 4ms
I/PackageManager( 1568):   Action: "android.intent.action.SENDTO"
I/PackageManager( 1568):   Category: "android.intent.category.DEFAULT"
I/PackageManager( 1568):   Scheme: "sms"
I/InputReader( 1568): Reconfiguring input devices.  changes=0x00000010
I/PackageManager( 1568): Adding preferred activity ComponentInfo{com.android.mms/com.android.mms.ui.ComposeMessageActivity} for user 0 :
D/dalvikvm( 1568): GC_EXPLICIT freed 1725K, 42% free 10074K/17140K, paused 4ms+1ms, total 26ms
D/dalvikvm( 1568): WAIT_FOR_CONCURRENT_GC blocked 7ms
I/PackageManager( 1568):   Action: "android.intent.action.SENDTO"
I/PackageManager( 1568):   Category: "android.intent.category.DEFAULT"
I/PackageManager( 1568):   Scheme: "smsto"
W/GCM     ( 1777): Unexpected forwarded intent: Intent { act=android.intent.action.PACKAGE_ADDED dat=package:com.serwylo.beatgame flg=0x4000010 cmp=com.google.android.gms/.chimera.PersistentIntentOperationService (has extras) }
D/dalvikvm( 1568): WAIT_FOR_CONCURRENT_GC blocked 17ms
D/AndroidRuntime( 5128): Shutting down VM
D/dalvikvm( 5128): GC_CONCURRENT freed 93K, 15% free 552K/648K, paused 0ms+0ms, total 1ms
I/Auth    ( 2079): [SupervisedAccountIntentOperation] onHandleIntent(): android.intent.action.PACKAGE_ADDED
D/dalvikvm( 1797): GC_FOR_ALLOC freed 454K, 18% free 3633K/4396K, paused 2ms, total 2ms
I/PackageManager( 1568): Adding preferred activity ComponentInfo{com.android.mms/com.android.mms.ui.ComposeMessageActivity} for user 0 :
I/ChromeSync( 2079): [Sync,SyncIntentOperation] Handling the intent: Intent { act=android.intent.action.PACKAGE_ADDED dat=package:com.serwylo.beatgame flg=0x4000010 cmp=com.google.android.gms/.chimera.GmsIntentOperationService (has extras) }.
I/FontLog ( 2079): Package com.serwylo.beatgame has no metadata [CONTEXT service_id=132 ]
I/PackageManager( 1568):   Action: "android.intent.action.SENDTO"
I/PackageManager( 1568):   Category: "android.intent.category.DEFAULT"
I/PackageManager( 1568):   Scheme: "mms"
E/GmsClient( 2079): unable to connect to service: com.google.android.gms.auth.key.retrieval.service.START on com.google.android.gms
D/BackupManagerService( 1568): Received broadcast Intent { act=android.intent.action.PACKAGE_ADDED dat=package:com.serwylo.beatgame flg=0x4000010 (has extras) }
V/BackupManagerService( 1568): addPackageParticipantsLocked: #1
W/ActivityManager( 1568): Unable to start service Intent { act=com.google.android.gms.auth.key.retrieval.service.START pkg=com.google.android.gms } U=0: not found
I/PackageManager( 1568): Adding preferred activity ComponentInfo{com.android.mms/com.android.mms.ui.ComposeMessageActivity} for user 0 :
W/ActivityManager( 1568): Unbind failed: could not find connection for android.os.BinderProxy@9d14be30
W/GCM     ( 1777): Unexpected forwarded intent: Intent { act=android.intent.action.PACKAGE_ADDED dat=package:com.serwylo.beatgame flg=0x4000010 cmp=com.google.android.gms/.chimera.PersistentIntentOperationService (has extras) }
I/Icing.InternalIcingCorporaProvider( 2178): Updating corpora: A: com.serwylo.beatgame, C: MAYBE
I/PackageManager( 1568):   Action: "android.intent.action.SENDTO"
I/PackageManager( 1568):   Category: "android.intent.category.DEFAULT"
I/PackageManager( 1568):   Scheme: "mmsto"
I/PackageManager( 1568): Adding preferred activity ComponentInfo{com.android.mms/com.android.mms.ui.ComposeMessageActivity} for user 0 :
I/PackageManager( 1568):   Action: "android.intent.action.SENDTO"
I/PackageManager( 1568):   Category: "android.intent.category.DEFAULT"
I/PackageManager( 1568):   Scheme: "sms"
I/PackageManager( 1568): Adding preferred activity ComponentInfo{com.android.mms/com.android.mms.ui.ComposeMessageActivity} for user 0 :
I/PackageManager( 1568):   Action: "android.intent.action.SENDTO"
I/PackageManager( 1568):   Category: "android.intent.category.DEFAULT"
I/PackageManager( 1568):   Scheme: "smsto"
I/PackageManager( 1568): Adding preferred activity ComponentInfo{com.android.mms/com.android.mms.ui.ComposeMessageActivity} for user 0 :
D/dalvikvm( 1797): GC_FOR_ALLOC freed 413K, 17% free 3663K/4396K, paused 1ms, total 1ms
I/PackageManager( 1568):   Action: "android.intent.action.SENDTO"
I/PackageManager( 1568):   Category: "android.intent.category.DEFAULT"
I/PackageManager( 1568):   Scheme: "mms"
I/ChromeSync( 2079): [Persistence,AffiliationManager] One of affiliation or grouping data for android://KSmUCdTXmQS-j9D_O8l1jvyu41Pjn2mc5cb0Gvx1e9H1Aj4JCzHs_uTW26nbtH65K-YfijtBsQxGp-8R6k6HFg==@com.serwylo.beatgame/ was not found. Marking affiliation data as stale...
I/PackageManager( 1568): Adding preferred activity ComponentInfo{com.android.mms/com.android.mms.ui.ComposeMessageActivity} for user 0 :
I/PackageManager( 1568):   Action: "android.intent.action.SENDTO"
I/PackageManager( 1568):   Category: "android.intent.category.DEFAULT"
I/PackageManager( 1568):   Scheme: "mmsto"
I/PackageManager( 1568): Adding preferred activity ComponentInfo{com.android.mms/com.android.mms.ui.ComposeMessageActivity} for user 0 :
I/Icing   ( 2079): IndexChimeraService.getServiceInterface callingPackage=com.google.android.googlequicksearchbox componentName=null serviceId=21
W/Icing   ( 2079): No valid account for uploading user actions
I/Icing   ( 2079): Usage reports ok 0, Failed Usage reports 0, indexed 0, rejected 0
I/Icing   ( 2079): Indexing com.google.android.googlequicksearchbox-applications from com.google.android.googlequicksearchbox
I/Icing   ( 2079): Indexing com.google.android.gms-apps from com.google.android.gms
I/Icing   ( 2079): Indexing com.google.android.gms-internal.3p:MobileApplication from com.google.android.gms
I/Icing   ( 2079): Indexing done com.google.android.googlequicksearchbox-applications
I/Icing   ( 2079): Indexing done com.google.android.gms-apps
I/Icing   ( 2079): Indexing done com.google.android.gms-internal.3p:MobileApplication
D/AndroidRuntime( 5147): 
D/AndroidRuntime( 5147): >>>>>> AndroidRuntime START com.android.internal.os.RuntimeInit <<<<<<
W/linker  ( 5147): libdvm.so has text relocations. This is wasting memory and is a security risk. Please fix.
D/AndroidRuntime( 5147): CheckJNI is ON
D/dalvikvm( 5147): Trying to load lib libjavacore.so 0x0
D/dalvikvm( 5147): Added shared lib libjavacore.so 0x0
D/dalvikvm( 5147): Trying to load lib libnativehelper.so 0x0
D/dalvikvm( 5147): Added shared lib libnativehelper.so 0x0
D/dalvikvm( 5147): No JNI_OnLoad found in libnativehelper.so 0x0, skipping init
D/dalvikvm( 5147): Note: class Landroid/app/ActivityManagerNative; has 179 unimplemented (abstract) methods
E/memtrack( 5147): Couldn't load memtrack module (No such file or directory)
E/android.os.Debug( 5147): failed to load memtrack module: -2
D/AndroidRuntime( 5147): Calling main entry com.android.commands.pm.Pm
D/dalvikvm( 2712): GC_FOR_ALLOC freed 420K, 17% free 3073K/3692K, paused 2ms, total 2ms
W/ActivityManager( 1568): No content provider found for permission revoke: file:///sdcard/ripper.apk
W/ActivityManager( 1568): No content provider found for permission revoke: file:///sdcard/ripper.apk
I/PackageManager( 1568): Copying native libraries to /data/app-lib/vmdl-1897526600
I/PackageParser( 1568): it.unina.android.ripper: compat added android.permission.WRITE_EXTERNAL_STORAGE android.permission.READ_PHONE_STATE
I/PackageManager( 1568): Running dexopt on: it.unina.android.ripper
W/linker  ( 5158): libdvm.so has text relocations. This is wasting memory and is a security risk. Please fix.
D/dalvikvm( 5158): DexOpt: load 2ms, verify+opt 17ms, 936700 bytes
I/ActivityManager( 1568): Force stopping it.unina.android.ripper appid=10066 user=-1: update pkg
D/dalvikvm( 1568): GC_FOR_ALLOC freed 1948K, 43% free 9901K/17140K, paused 6ms, total 6ms
I/InputReader( 1568): Reconfiguring input devices.  changes=0x00000010
W/Launcher.Model( 2207): Nobody to tell about the new app.  Launcher is probably loading.
I/PackageManager( 1568):   Action: "android.intent.action.SENDTO"
I/PackageManager( 1568):   Category: "android.intent.category.DEFAULT"
I/PackageManager( 1568):   Scheme: "sms"
I/PackageManager( 1568): Adding preferred activity ComponentInfo{com.android.mms/com.android.mms.ui.ComposeMessageActivity} for user 0 :
D/Documents( 3841): Used cached roots for com.android.providers.downloads.documents
D/Documents( 3841): Used cached roots for com.android.externalstorage.documents
D/Documents( 3841): Used cached roots for com.android.providers.media.documents
D/Documents( 3841): Update found 6 roots in 4ms
I/PackageManager( 1568):   Action: "android.intent.action.SENDTO"
I/PackageManager( 1568):   Category: "android.intent.category.DEFAULT"
I/PackageManager( 1568):   Scheme: "smsto"
W/GCM     ( 1777): Unexpected forwarded intent: Intent { act=android.intent.action.PACKAGE_ADDED dat=package:it.unina.android.ripper flg=0x4000010 cmp=com.google.android.