I/AndroidRipper( 2995): Recived message: DSC
V/AndroidRipperService( 2810): broadcast() done
V/        ( 2810): ready
V/AndroidRipperService( 2810): send()
D/dalvikvm( 2810): GC_FOR_ALLOC freed 515K, 19% free 3082K/3792K, paused 3ms, total 3ms
V/RipperService( 2810): DSC
V/AndroidRipperService( 2810): mHandler.handleMessage() RECIVED
V/AndroidRipperService( 2810): broadcast()
I/AndroidRipper( 2995): Recived message: DSC
V/AndroidRipperService( 2810): broadcast() done
V/        ( 2810): ready
V/AndroidRipperService( 2810): send()
V/RipperService( 2810): DSC
V/AndroidRipperService( 2810): mHandler.handleMessage() RECIVED
V/AndroidRipperService( 2810): broadcast()
I/AndroidRipper( 2995): Recived message: DSC
V/AndroidRipperService( 2810): broadcast() done
V/        ( 2810): ready
V/AndroidRipperService( 2810): send()
V/RipperService( 2810): DSC
V/AndroidRipperService( 2810): mHandler.handleMessage() RECIVED
V/AndroidRipperService( 2810): broadcast()
I/AndroidRipper( 2995): Recived message: DSC
V/AndroidRipperService( 2810): broadcast() done
V/        ( 2810): ready
V/AndroidRipperService( 2810): send()
V/RipperService( 2810): DSC
V/AndroidRipperService( 2810): mHandler.handleMessage() RECIVED
V/AndroidRipperService( 2810): broadcast()
I/AndroidRipper( 2995): Recived message: DSC
V/AndroidRipperService( 2810): send()
V/AndroidRipperService( 2810): broadcast() done
V/        ( 2810): ready
D/dalvikvm( 1568): GC_FOR_ALLOC freed 1544K, 45% free 9151K/16380K, paused 11ms, total 11ms
V/RipperService( 2810): DSC
V/AndroidRipperService( 2810): mHandler.handleMessage() RECIVED
V/AndroidRipperService( 2810): broadcast()
I/AndroidRipper( 2995): Recived message: DSC
V/AndroidRipperService( 2810): broadcast() done
V/        ( 2810): ready
D/dalvikvm( 2810): GC_FOR_ALLOC freed 528K, 20% free 3058K/3792K, paused 3ms, total 3ms
V/AndroidRipperService( 2810): send()
V/RipperService( 2810): DSC
V/AndroidRipperService( 2810): mHandler.handleMessage() RECIVED
V/AndroidRipperService( 2810): broadcast()
I/AndroidRipper( 2995): Recived message: DSC
V/AndroidRipperService( 2810): broadcast() done
V/        ( 2810): ready
D/dalvikvm( 2995): GC_FOR_ALLOC freed 567K, 15% free 4631K/5388K, paused 2ms, total 2ms
V/AndroidRipperService( 2810): send()
V/RipperService( 2810): DSC
V/AndroidRipperService( 2810): mHandler.handleMessage() RECIVED
V/AndroidRipperService( 2810): broadcast()
V/AndroidRipperService( 2810): broadcast() done
V/        ( 2810): ready
I/AndroidRipper( 2995): Recived message: DSC
V/AndroidRipperService( 2810): send()
V/RipperService( 2810): DSC
V/AndroidRipperService( 2810): mHandler.handleMessage() RECIVED
V/AndroidRipperService( 2810): broadcast()
I/AndroidRipper( 2995): Recived message: DSC
V/AndroidRipperService( 2810): send()
V/AndroidRipperService( 2810): broadcast() done
V/        ( 2810): ready
V/RipperService( 2810): DSC
V/AndroidRipperService( 2810): mHandler.handleMessage() RECIVED
V/AndroidRipperService( 2810): broadcast()
I/AndroidRipper( 2995): Recived message: DSC
V/AndroidRipperService( 2810): broadcast() done
V/        ( 2810): ready
V/AndroidRipperService( 2810): send()
I/MediaFocusControl( 1568):  AudioFocus  abandonAudioFocus() from android.media.AudioManager@9d00a0c8com.android.music.MediaPlaybackService$3@9d008fc8
W/MediaFocusControl( 1568):   RemoteControlClient died
I/ActivityManager( 1568): Killing 2147:com.android.music/u0a36 (adj 15): empty #17
D/dalvikvm( 2810): GC_FOR_ALLOC freed 482K, 19% free 3088K/3792K, paused 3ms, total 3ms
V/RipperService( 2810): DSC
V/AndroidRipperService( 2810): mHandler.handleMessage() RECIVED
V/AndroidRipperService( 2810): broadcast()
I/AndroidRipper( 2995): Recived message: DSC
V/AndroidRipperService( 2810): broadcast() done
V/        ( 2810): ready
V/AndroidRipperService( 2810): send()
V/RipperService( 2810): DSC
V/AndroidRipperService( 2810): mHandler.handleMessage() RECIVED
V/AndroidRipperService( 2810): broadcast()
I/AndroidRipper( 2995): Recived message: DSC
V/AndroidRipperService( 2810): broadcast() done
V/        ( 2810): ready
V/AndroidRipperService( 2810): send()
V/RipperService( 2810): DSC
V/AndroidRipperService( 2810): mHandler.handleMessage() RECIVED
V/AndroidRipperService( 2810): broadcast()
I/AndroidRipper( 2995): Recived message: DSC
V/AndroidRipperService( 2810): send()
V/AndroidRipperService( 2810): broadcast() done
V/        ( 2810): ready
D/dalvikvm( 1568): GC_FOR_ALLOC freed 1548K, 45% free 9149K/16380K, paused 14ms, total 15ms
V/RipperService( 2810): DSC
V/AndroidRipperService( 2810): mHandler.handleMessage() RECIVED
V/AndroidRipperService( 2810): broadcast()
I/AndroidRipper( 2995): Recived message: DSC
V/AndroidRipperService( 2810): send()
V/AndroidRipperService( 2810): broadcast() done
V/        ( 2810): ready
V/RipperService( 2810): DSC
V/AndroidRipperService( 2810): mHandler.handleMessage() RECIVED
V/AndroidRipperService( 2810): broadcast()
V/AndroidRipperService( 2810): broadcast() done
V/        ( 2810): ready
I/AndroidRipper( 2995): Recived message: DSC
V/AndroidRipperService( 2810): send()
D/dalvikvm( 2810): GC_FOR_ALLOC freed 510K, 19% free 3089K/3792K, paused 1ms, total 1ms
V/RipperService( 2810): DSC
V/AndroidRipperService( 2810): mHandler.handleMessage() RECIVED
V/AndroidRipperService( 2810): broadcast()
I/AndroidRipper( 2995): Recived message: DSC
V/AndroidRipperService( 2810): send()
V/AndroidRipperService( 2810): broadcast() done
V/        ( 2810): ready
E/dalvikvm( 2079): JIT code cache full
I/Vision  ( 2079): Requesting optional module download of ocr.
I/Vision  ( 2079): Checking for download completion for 91345 -- ocr
V/RipperService( 2810): DSC
V/AndroidRipperService( 2810): mHandler.handleMessage() RECIVED
V/AndroidRipperService( 2810): broadcast()
I/AndroidRipper( 2995): Recived message: DSC
V/AndroidRipperService( 2810): send()
V/AndroidRipperService( 2810): broadcast() done
V/        ( 2810): ready
V/RipperService( 2810): DSC
V/AndroidRipperService( 2810): mHandler.handleMessage() RECIVED
V/AndroidRipperService( 2810): broadcast()
V/AndroidRipperService( 2810): broadcast() done
V/        ( 2810): ready
I/AndroidRipper( 2995): Recived message: DSC
V/AndroidRipperService( 2810): send()
V/RipperService( 2810): DSC
V/AndroidRipperService( 2810): mHandler.handleMessage() RECIVED
V/AndroidRipperService( 2810): broadcast()
I/AndroidRipper( 2995): Recived message: DSC
V/AndroidRipperService( 2810): send()
V/AndroidRipperService( 2810): broadcast() done
V/        ( 2810): ready
V/RipperService( 2810): DSC
V/AndroidRipperService( 2810): mHandler.handleMessage() RECIVED
V/AndroidRipperService( 2810): broadcast()
V/AndroidRipperService( 2810): broadcast() done
V/        ( 2810): ready
I/AndroidRipper( 2995): Recived message: DSC
V/AndroidRipperService( 2810): send()
D/dalvikvm( 1568): GC_FOR_ALLOC freed 1549K, 45% free 9143K/16380K, paused 14ms, total 14ms
D/dalvikvm( 2810): GC_FOR_ALLOC freed 516K, 19% free 3083K/3792K, paused 3ms, total 3ms
V/RipperService( 2810): DSC
V/AndroidRipperService( 2810): mHandler.handleMessage() RECIVED
V/AndroidRipperService( 2810): broadcast()
I/AndroidRipper( 2995): Recived message: DSC
V/AndroidRipperService( 2810): broadcast() done
V/        ( 2810): ready
V/AndroidRipperService( 2810): send()
V/RipperService( 2810): DSC
V/AndroidRipperService( 2810): mHandler.handleMessage() RECIVED
V/AndroidRipperService( 2810): broadcast()
V/AndroidRipperService( 2810): broadcast() done
V/        ( 2810): ready
I/AndroidRipper( 2995): Recived message: DSC
V/AndroidRipperService( 2810): send()
V/RipperService( 2810): DSC
V/AndroidRipperService( 2810): mHandler.handleMessage() RECIVED
V/AndroidRipperService( 2810): broadcast()
I/AndroidRipper( 2995): Recived message: DSC
V/AndroidRipperService( 2810): broadcast() done
V/        ( 2810): ready
V/AndroidRipperService( 2810): send()
V/RipperService( 2810): DSC
V/AndroidRipperService( 2810): mHandler.handleMessage() RECIVED
V/AndroidRipperService( 2810): broadcast()
I/AndroidRipper( 2995): Recived message: DSC
V/AndroidRipperService( 2810): broadcast() done
V/AndroidRipperService( 2810): send()
V/        ( 2810): ready
V/RipperService( 2810): DSC
V/AndroidRipperService( 2810): mHandler.handleMessage() RECIVED
V/AndroidRipperService( 2810): broadcast()
I/AndroidRipper( 2995): Recived message: DSC
V/AndroidRipperService( 2810): broadcast() done
V/        ( 2810): ready
D/dalvikvm( 2810): GC_FOR_ALLOC freed 528K, 20% free 3058K/3792K, paused 2ms, total 2ms
V/AndroidRipperService( 2810): send()
V/RipperService( 2810): DSC
V/AndroidRipperService( 2810): mHandler.handleMessage() RECIVED
V/AndroidRipperService( 2810): broadcast()
I/AndroidRipper( 2995): Recived message: DSC
V/AndroidRipperService( 2810): broadcast() done
V/        ( 2810): ready
D/dalvikvm( 2995): GC_FOR_ALLOC freed 538K, 14% free 4641K/5388K, paused 5ms, total 5ms
V/AndroidRipperService( 2810): send()
V/RipperService( 2810): DSC
V/AndroidRipperService( 2810): mHandler.handleMessage() RECIVED
V/AndroidRipperService( 2810): broadcast()
V/AndroidRipperService( 2810): broadcast() done
V/        ( 2810): ready
I/AndroidRipper( 2995): Recived message: DSC
V/AndroidRipperService( 2810): send()
D/dalvikvm( 1568): GC_FOR_ALLOC freed 1539K, 45% free 9147K/16380K, paused 14ms, total 14ms
V/RipperService( 2810): DSC
V/AndroidRipperService( 2810): mHandler.handleMessage() RECIVED
V/AndroidRipperService( 2810): broadcast()
I/AndroidRipper( 2995): Recived message: DSC
V/AndroidRipperService( 2810): send()
V/AndroidRipperService( 2810): broadcast() done
V/        ( 2810): ready
V/RipperService( 2810): DSC
V/AndroidRipperService( 2810): mHandler.handleMessage() RECIVED
V/AndroidRipperService( 2810): broadcast()
I/AndroidRipper( 2995): Recived message: DSC
V/AndroidRipperService( 2810): broadcast() done
V/        ( 2810): ready
V/AndroidRipperService( 2810): send()
D/dalvikvm( 2810): GC_FOR_ALLOC freed 482K, 19% free 3088K/3792K, paused 1ms, total 1ms
V/RipperService( 2810): DSC
V/AndroidRipperService( 2810): mHandler.handleMessage() RECIVED
V/AndroidRipperService( 2810): broadcast()
I/AndroidRipper( 2995): Recived message: DSC
V/AndroidRipperService( 2810): broadcast() done
V/        ( 2810): ready
V/AndroidRipperService( 2810): send()
V/RipperService( 2810): DSC
V/AndroidRipperService( 2810): mHandler.handleMessage() RECIVED
V/AndroidRipperService( 2810): broadcast()
I/AndroidRipper( 2995): Recived message: DSC
V/AndroidRipperService( 2810): broadcast() done
V/        ( 2810): ready
V/AndroidRipperService( 2810): send()
V/RipperService( 2810): DSC
V/AndroidRipperService( 2810): mHandler.handleMessage() RECIVED
V/AndroidRipperService( 2810): broadcast()
I/AndroidRipper( 2995): Recived message: DSC
V/AndroidRipperService( 2810): send()
V/AndroidRipperService( 2810): broadcast() done
V/        ( 2810): ready
V/RipperService( 2810): DSC
V/AndroidRipperService( 2810): mHandler.handleMessage() RECIVED
V/AndroidRipperService( 2810): broadcast()
I/AndroidRipper( 2995): Recived message: DSC
V/AndroidRipperService( 2810): send()
V/AndroidRipperService( 2810): broadcast() done
V/        ( 2810): ready
V/RipperService( 2810): DSC
V/AndroidRipperService( 2810): mHandler.handleMessage() RECIVED
V/AndroidRipperService( 2810): broadcast()
I/AndroidRipper( 2995): Recived message: DSC
V/AndroidRipperService( 2810): broadcast() done
V/        ( 2810): ready
V/AndroidRipperService( 2810): send()
D/dalvikvm( 2810): GC_FOR_ALLOC freed 510K, 19% free 3089K/3792K, paused 3ms, total 3ms
V/RipperService( 2810): DSC
V/AndroidRipperService( 2810): mHandler.handleMessage() RECIVED
V/AndroidRipperService( 2810): broadcast()
I/AndroidRipper( 2995): Recived message: DSC
V/AndroidRipperService( 2810): broadcast() done
V/        ( 2810): ready
V/AndroidRipperService( 2810): send()
I/Vision  ( 2079): Requesting optional module download of ocr.
I/Vision  ( 2079): Checking for download completion for 101353 -- ocr
V/RipperService( 2810): DSC
V/AndroidRipperService( 2810): mHandler.handleMessage() RECIVED
V/AndroidRipperService( 2810): broadcast()
V/AndroidRipperService( 2810): broadcast() done
V/        ( 2810): ready
I/AndroidRipper( 2995): Recived message: DSC
V/AndroidRipperService( 2810): send()
D/dalvikvm( 1568): GC_FOR_ALLOC freed 1543K, 45% free 9147K/16380K, paused 14ms, total 14ms
V/RipperService( 2810): DSC
V/AndroidRipperService( 2810): mHandler.handleMessage() RECIVED
V/AndroidRipperService( 2810): broadcast()
I/AndroidRipper( 2995): Recived message: DSC
V/AndroidRipperService( 2810): broadcast() done
V/        ( 2810): ready
V/AndroidRipperService( 2810): send()
V/RipperService( 2810): DSC
V/AndroidRipperService( 2810): mHandler.handleMessage() RECIVED
V/AndroidRipperService( 2810): broadcast()
I/AndroidRipper( 2995): Recived message: DSC
V/AndroidRipperService( 2810): broadcast() done
V/        ( 2810): ready
V/AndroidRipperService( 2810): send()
V/RipperService( 2810): DSC
V/AndroidRipperService( 2810): mHandler.handleMessage() RECIVED
V/AndroidRipperService( 2810): broadcast()
V/AndroidRipperService( 2810): broadcast() done
V/        ( 2810): ready
I/AndroidRipper( 2995): Recived message: DSC
V/AndroidRipperService( 2810): send()
D/dalvikvm( 2810): GC_FOR_ALLOC freed 516K, 19% free 3083K/3792K, paused 2ms, total 2ms
V/RipperService( 2810): DSC
V/AndroidRipperService( 2810): mHandler.handleMessage() RECIVED
V/AndroidRipperService( 2810): broadcast()
I/AndroidRipper( 2995): Recived message: DSC
V/AndroidRipperService( 2810): send()
V/AndroidRipperService( 2810): broadcast() done
V/        ( 2810): ready
V/RipperService( 2810): DSC
V/AndroidRipperService( 2810): mHandler.handleMessage() RECIVED
V/AndroidRipperService( 2810): broadcast()
I/AndroidRipper( 2995): Recived message: DSC
V/AndroidRipperService( 2810): send()
V/AndroidRipperService( 2810): broadcast() done
V/        ( 2810): ready
V/RipperService( 2810): DSC
V/AndroidRipperService( 2810): mHandler.handleMessage() RECIVED
V/AndroidRipperService( 2810): broadcast()
I/AndroidRipper( 2995): Recived message: DSC
V/AndroidRipperService( 2810): broadcast() done
V/        ( 2810): ready
V/AndroidRipperService( 2810): send()
V/RipperService( 2810): DSC
V/AndroidRipperService( 2810): mHandler.handleMessage() RECIVED
V/AndroidRipperService( 2810): broadcast()
I/AndroidRipper( 2995): Recived message: DSC
V/AndroidRipperService( 2810): broadcast() done
V/        ( 2810): ready
V/AndroidRipperService( 2810): send()
V/RipperService( 2810): DSC
V/AndroidRipperService( 2810): mHandler.handleMessage() RECIVED
V/AndroidRipperService( 2810): broadcast()
I/AndroidRipper( 2995): Recived message: DSC
V/AndroidRipperService( 2810): broadcast() done
V/        ( 2810): ready
D/dalvikvm( 2810): GC_FOR_ALLOC freed 528K, 20% free 3058K/3792K, paused 3ms, total 3ms
V/AndroidRipperService( 2810): send()
D/dalvikvm( 1568): GC_FOR_ALLOC freed 1545K, 45% free 9146K/16380K, paused 14ms, total 15ms
V/RipperService( 2810): DSC
V/AndroidRipperService( 2810): mHandler.handleMessage() RECIVED
V/AndroidRipperService( 2810): broadcast()
I/AndroidRipper( 2995): Recived message: DSC
V/AndroidRipperService( 2810): broadcast() done
V/        ( 2810): ready
D/dalvikvm( 2995): GC_FOR_ALLOC freed 550K, 14% free 4643K/5388K, paused 5ms, total 5ms
V/AndroidRipperService( 2810): send()
V/RipperService( 2810): DSC
V/AndroidRipperService( 2810): mHandler.handleMessage() RECIVED
V/AndroidRipperService( 2810): broadcast()
I/AndroidRipper( 2995): Recived message: DSC
V/AndroidRipperService( 2810): broadcast() done
V/AndroidRipperService( 2810): send()
V/        ( 2810): ready
V/RipperService( 2810): DSC
V/AndroidRipperService( 2810): mHandler.handleMessage() RECIVED
V/AndroidRipperService( 2810): broadcast()
V/AndroidRipperService( 2810): broadcast() done
V/        ( 2810): ready
I/AndroidRipper( 2995): Recived message: DSC
V/AndroidRipperService( 2810): send()
V/RipperService( 2810): DSC
V/AndroidRipperService( 2810): mHandler.handleMessage() RECIVED
V/AndroidRipperService( 2810): broadcast()
I/AndroidRipper( 2995): Recived message: DSC
V/AndroidRipperService( 2810): send()
V/AndroidRipperService( 2810): broadcast() done
V/        ( 2810): ready
D/dalvikvm( 2810): GC_FOR_ALLOC freed 482K, 19% free 3088K/3792K, paused 1ms, total 1ms
V/RipperService( 2810): DSC
V/AndroidRipperService( 2810): mHandler.handleMessage() RECIVED
V/AndroidRipperService( 2810): broadcast()
I/AndroidRipper( 2995): Recived message: DSC
V/AndroidRipperService( 2810): broadcast() done
V/        ( 2810): ready
V/AndroidRipperService( 2810): send()
V/RipperService( 2810): DSC
V/AndroidRipperService( 2810): mHandler.handleMessage() RECIVED
V/AndroidRipperService( 2810): broadcast()
I/AndroidRipper( 2995): Recived message: DSC
V/AndroidRipperService( 2810): send()
V/AndroidRipperService( 2810): broadcast() done
V/        ( 2810): ready
V/RipperService( 2810): DSC
V/AndroidRipperService( 2810): mHandler.handleMessage() RECIVED
V/AndroidRipperService( 2810): broadcast()
I/AndroidRipper( 2995): Recived message: DSC
V/AndroidRipperService( 2810): broadcast() done
V/        ( 2810): ready
V/AndroidRipperService( 2810): send()
V/RipperService( 2810): DSC
V/AndroidRipperService( 2810): mHandler.handleMessage() RECIVED
V/AndroidRipperService( 2810): broadcast()
I/AndroidRipper( 2995): Recived message: DSC
V/AndroidRipperService( 2810): broadcast() done
V/AndroidRipperService( 2810): send()
V/        ( 2810): ready
D/dalvikvm( 1568): GC_FOR_ALLOC freed 1542K, 45% free 9147K/16380K, paused 10ms, total 10ms
V/RipperService( 2810): DSC
V/AndroidRipperService( 2810): mHandler.handleMessage() RECIVED
V/AndroidRipperService( 2810): broadcast()
V/AndroidRipperService( 2810): broadcast() done
I/AndroidRipper( 2995): Recived message: DSC
V/AndroidRipperService( 2810): send()
V/        ( 2810): ready
I/Vision  ( 2079): Requesting optional module download of ocr.
I/Vision  ( 2079): Checking for download completion for 111365 -- ocr
D/dalvikvm( 2810): GC_FOR_ALLOC freed 511K, 19% free 3089K/3792K, paused 2ms, total 2ms
V/RipperService( 2810): DSC
V/AndroidRipperService( 2810): mHandler.handleMessage() RECIVED
V/AndroidRipperService( 2810): broadcast()
V/AndroidRipperService( 2810): broadcast() done
I/AndroidRipper( 2995): Recived message: DSC
V/        ( 2810): ready
V/AndroidRipperService( 2810): send()
V/RipperService( 2810): DSC
V/AndroidRipperService( 2810): mHandler.handleMessage() RECIVED
V/AndroidRipperService( 2810): broadcast()
I/AndroidRipper( 2995): Recived message: DSC
V/AndroidRipperService( 2810): send()
V/AndroidRipperService( 2810): broadcast() done
V/        ( 2810): ready
V/RipperService( 2810): DSC
V/AndroidRipperService( 2810): mHandler.handleMessage() RECIVED
V/AndroidRipperService( 2810): broadcast()
I/AndroidRipper( 2995): Recived message: DSC
V/AndroidRipperService( 2810): send()
V/AndroidRipperService( 2810): broadcast() done
V/        ( 2810): ready
I/NetworkScheduler.Stats( 1777): Task com.google.android.gms/com.google.android.gms.auth.account.be.legacy.AuthCronService started execution. cause:4 exec_start_elapsed_seconds: 102 [CONTEXT service_id=218 ]
D/dalvikvm( 2631): GC_FOR_ALLOC freed 811K, 42% free 5589K/9632K, paused 5ms, total 5ms
I/dalvikvm( 1833): Could not find method android.content.Context.getDrawable, referenced from method jk.a
W/dalvikvm( 1833): VFY: unable to resolve virtual method 2472: Landroid/content/Context;.getDrawable (I)Landroid/graphics/drawable/Drawable;
D/dalvikvm( 1833): VFY: replacing opcode 0x6e at 0x0006
I/dalvikvm( 1833): Could not find method android.content.Context.getNoBackupFilesDir, referenced from method jk.b
W/dalvikvm( 1833): VFY: unable to resolve virtual method 2480: Landroid/content/Context;.getNoBackupFilesDir ()Ljava/io/File;
D/dalvikvm( 1833): VFY: replacing opcode 0x6e at 0x0006
W/dalvikvm( 1833): VFY: unable to find class referenced in signature (Landroid/net/Network;)
W/dalvikvm( 1833): VFY: unable to find class referenced in signature (Landroid/net/Network;)
I/dalvikvm( 1833): Could not find method android.net.Network.openConnection, referenced from method wna.a
W/dalvikvm( 1833): VFY: unable to resolve virtual method 5072: Landroid/net/Network;.openConnection (Ljava/net/URL;)Ljava/net/URLConnection;
D/dalvikvm( 1833): VFY: replacing opcode 0x6e at 0x008f
I/Auth    ( 1833): [ReflectiveChannelBinder] Successfully bound channel!
I/dalvikvm( 1833): Could not find method android.os.PowerManager.isInteractive, referenced from method nol.a
W/dalvikvm( 1833): VFY: unable to resolve virtual method 4227: Landroid/os/PowerManager;.isInteractive ()Z
D/dalvikvm( 1833): VFY: replacing opcode 0x6e at 0x0006
V/RipperService( 2810): DSC
V/AndroidRipperService( 2810): mHandler.handleMessage() RECIVED
V/AndroidRipperService( 2810): broadcast()
I/AndroidRipper( 2995): Recived message: DSC
V/AndroidRipperService( 2810): broadcast() done
V/        ( 2810): ready
V/AndroidRipperService( 2810): send()
W/ProviderHelper( 1833): Unknown dynamite feature providerinstaller
I/DynamiteModule( 1833): Considering local module providerinstaller:0 and remote module providerinstaller:0
I/DynamiteModule( 1833): Considering local module providerinstaller:0 and remote module providerinstaller:0
W/Conscrypt( 1833): Could not set socket write timeout: java.net.SocketException: Socket closed
W/Conscrypt( 1833): 	at com.google.android.gms.org.conscrypt.Platform.setSocketWriteTimeout(:com.google.android.gms@202414005@20.24.14 (000700-319035315):2)
W/Conscrypt( 1833): 	at com.google.android.gms.org.conscrypt.ConscryptFileDescriptorSocket.setSoWriteTimeout(:com.google.android.gms@202414005@20.24.14 (000700-319035315):0)
W/Conscrypt( 1833): Could not set socket write timeout: java.net.SocketException: Socket closed
W/Conscrypt( 1833): 	at com.google.android.gms.org.conscrypt.Platform.setSocketWriteTimeout(:com.google.android.gms@202414005@20.24.14 (000700-319035315):2)
W/Conscrypt( 1833): 	at com.google.android.gms.org.conscrypt.ConscryptFileDescriptorSocket.setSoWriteTimeout(:com.google.android.gms@202414005@20.24.14 (000700-319035315):0)
W/GLSUser ( 1833): [AppCertManager] IOException while requesting key: 
W/GLSUser ( 1833): java.io.IOException: Invalid device key response.
W/GLSUser ( 1833): 	at gtl.a(:com.google.android.gms@202414005@20.24.14 (000700-319035315):49)
W/GLSUser ( 1833): 	at gtj.b(:com.google.android.gms@202414005@20.24.14 (000700-319035315):2)
W/GLSUser ( 1833): 	at gte.a(:com.google.android.gms@202414005@20.24.14 (000700-319035315):0)
W/GLSUser ( 1833): 	at gth.a(:com.google.android.gms@202414005@20.24.14 (000700-319035315):10)
W/GLSUser ( 1833): 	at eyt.call(:com.google.android.gms@202414005@20.24.14 (000700-319035315):0)
W/GLSUser ( 1833): 	at java.util.concurrent.FutureTask.run(FutureTask.java:237)
W/GLSUser ( 1833): 	at nlp.b(:com.google.android.gms@202414005@20.24.14 (000700-319035315):12)
W/GLSUser ( 1833): 	at nlp.run(:com.google.android.gms@202414005@20.24.14 (000700-319035315):7)
W/GLSUser ( 1833): 	at java.util.concurrent.ThreadPoolExecutor.runWorker(ThreadPoolExecutor.java:1112)
W/GLSUser ( 1833): 	at java.util.concurrent.ThreadPoolExecutor$Worker.run(ThreadPoolExecutor.java:587)
W/GLSUser ( 1833): 	at nrd.run(:com.google.android.gms@202414005@20.24.14 (000700-319035315):0)
W/GLSUser ( 1833): 	at java.lang.Thread.run(Thread.java:841)
D/dalvikvm( 1833): GC_FOR_ALLOC freed 991K, 17% free 6382K/7640K, paused 6ms, total 6ms
I/NetworkScheduler.Stats( 1777): Task com.google.android.gms/com.google.android.gms.auth.account.be.legacy.AuthCronService finished executing. cause:4 result: 3 elapsed_millis: 484 uptime_millis: 484 exec_start_elapsed_seconds: 102 [CONTEXT service_id=218 ]
D/dalvikvm( 1777): GC_FOR_ALLOC freed 2003K, 23% free 10290K/13264K, paused 12ms, total 12ms
I/NetworkScheduler.Stats( 1777): Task com.google.android.gms/com.google.android.gms.clearcut.uploader.QosUploaderService started execution. cause:5 exec_start_elapsed_seconds: 103 [CONTEXT service_id=218 ]
E/dalvikvm( 1777): Could not find class 'android.system.ErrnoException', referenced from method mck.a
W/dalvikvm( 1777): VFY: unable to resolve instanceof 1082 (Landroid/system/ErrnoException;) in Lmck;
D/dalvikvm( 1777): VFY: replacing opcode 0x20 at 0x000a
W/Conscrypt( 1777): Could not set socket write timeout: java.net.SocketException: Socket closed
W/Conscrypt( 1777): 	at com.google.android.gms.org.conscrypt.Platform.setSocketWriteTimeout(:com.google.android.gms@202414005@20.24.14 (000700-319035315):2)
W/Conscrypt( 1777): 	at com.google.android.gms.org.conscrypt.ConscryptFileDescriptorSocket.setSoWriteTimeout(:com.google.android.gms@202414005@20.24.14 (000700-319035315):0)
W/Conscrypt( 1777): Could not set socket write timeout: java.net.SocketException: Socket closed
W/Conscrypt( 1777): 	at com.google.android.gms.org.conscrypt.Platform.setSocketWriteTimeout(:com.google.android.gms@202414005@20.24.14 (000700-319035315):2)
W/Conscrypt( 1777): 	at com.google.android.gms.org.conscrypt.ConscryptFileDescriptorSocket.setSoWriteTimeout(:com.google.android.gms@202414005@20.24.14 (000700-319035315):0)
V/RipperService( 2810): DSC
V/AndroidRipperService( 2810): mHandler.handleMessage() RECIVED
V/AndroidRipperService( 2810): broadcast()
V/AndroidRipperService( 2810): broadcast() done
V/        ( 2810): ready
I/AndroidRipper( 2995): Recived message: DSC
V/AndroidRipperService( 2810): send()
W/Conscrypt( 1777): Could not set socket write timeout: java.net.SocketException: Socket closed
W/Conscrypt( 1777): 	at com.google.android.gms.org.conscrypt.Platform.setSocketWriteTimeout(:com.google.android.gms@202414005@20.24.14 (000700-319035315):2)
W/Conscrypt( 1777): 	at com.google.android.gms.org.conscrypt.ConscryptFileDescriptorSocket.setSoWriteTimeout(:com.google.android.gms@202414005@20.24.14 (000700-319035315):0)
W/Conscrypt( 1777): Could not set socket write timeout: java.net.SocketException: Socket closed
D/dalvikvm( 1777): GC_FOR_ALLOC freed 2351K, 25% free 9986K/13264K, paused 11ms, total 12ms
W/Conscrypt( 1777): 	at com.google.android.gms.org.conscrypt.Platform.setSocketWriteTimeout(:com.google.android.gms@202414005@20.24.14 (000700-319035315):2)
W/Conscrypt( 1777): 	at com.google.android.gms.org.conscrypt.ConscryptFileDescriptorSocket.setSoWriteTimeout(:com.google.android.gms@202414005@20.24.14 (000700-319035315):0)
I/NetworkScheduler.Stats( 1777): Task com.google.android.gms/com.google.android.gms.clearcut.uploader.QosUploaderService finished executing. cause:5 result: 1 elapsed_millis: 663 uptime_millis: 663 exec_start_elapsed_seconds: 103 [CONTEXT service_id=218 ]
I/NetworkScheduler.Stats( 1777): Task com.google.android.gms/com.google.android.gms.chimera.container.ConfigService started execution. cause:5 exec_start_elapsed_seconds: 104 [CONTEXT service_id=218 ]
I/ChimeraConfigurator( 2079): Starting update, reason: 1 urgentFeatures: 
E/ConfigFileUtils( 2079): Failed to read config file: /data/data/com.google.android.gms/app_chimera/next_container.pb: open failed: ENOENT (No such file or directory)
D/dalvikvm( 2079): JIT code cache reset in 0 ms (523168 bytes 2/0)
D/dalvikvm( 2079): GC_FOR_ALLOC freed 1904K, 15% free 20978K/24496K, paused 24ms, total 24ms
I/ChmraDebugLogger( 2079): [73] 1801
I/ChmraDebugLogger( 2079): [30] [VisionOcr.optional:202414000700] permitMetered=true,
I/ChimeraConfigService( 2079): Scheduling checkin for one-off execution between [3300,43200] seconds from now (1629031502373)
I/ChimeraConfigService( 2079): Scheduling checkin every 43200 seconds, with flex of 1800 seconds
I/NetworkScheduler.Stats( 1777): Task com.google.android.gms/com.google.android.gms.chimera.container.ConfigService finished executing. cause:5 result: 2 elapsed_millis: 134 uptime_millis: 134 exec_start_elapsed_seconds: 104 [CONTEXT service_id=218 ]
D/dalvikvm( 1568): GC_FOR_ALLOC freed 1538K, 45% free 9153K/16380K, paused 8ms, total 8ms
D/dalvikvm( 2810): GC_FOR_ALLOC freed 517K, 19% free 3083K/3792K, paused 1ms, total 1ms
V/RipperService( 2810): DSC
V/AndroidRipperService( 2810): mHandler.handleMessage() RECIVED
V/AndroidRipperService( 2810): broadcast()
I/AndroidRipper( 2995): Recived message: DSC
V/AndroidRipperService( 2810): send()
V/AndroidRipperService( 2810): broadcast() done
V/        ( 2810): ready
I/TelephonySpam( 2079): TelephonySpamChimeraService - Running Telephony Spam Chimera Service
I/NetworkScheduler.Stats( 1777): Task com.google.android.gms/com.google.android.gms.telephonyspam.sync.SpamListSyncTaskService started execution. cause:5 exec_start_elapsed_seconds: 104 [CONTEXT service_id=218 ]
I/NetworkScheduler.Stats( 1777): Task com.google.android.gms/com.google.android.gms.telephonyspam.sync.SpamListSyncTaskService finished executing. cause:5 result: 2 elapsed_millis: 46 uptime_millis: 46 exec_start_elapsed_seconds: 104 [CONTEXT service_id=218 ]
V/RipperService( 2810): DSC
V/AndroidRipperService( 2810): mHandler.handleMessage() RECIVED
V/AndroidRipperService( 2810): broadcast()
V/AndroidRipperService( 2810): broadcast() done
V/        ( 2810): ready
I/AndroidRipper( 2995): Recived message: DSC
V/AndroidRipperService( 2810): send()
V/RipperService( 2810): DSC
V/AndroidRipperService( 2810): mHandler.handleMessage() RECIVED
V/AndroidRipperService( 2810): broadcast()
V/AndroidRipperService( 2810): broadcast() done
V/        ( 2810): ready
I/AndroidRipper( 2995): Recived message: DSC
V/AndroidRipperService( 2810): send()
V/RipperService( 2810): DSC
V/AndroidRipperService( 2810): mHandler.handleMessage() RECIVED
V/AndroidRipperService( 2810): broadcast()
I/AndroidRipper( 2995): Recived message: DSC
V/AndroidRipperService( 2810): send()
V/AndroidRipperService( 2810): broadcast() done
V/        ( 2810): ready
V/RipperService( 2810): DSC
V/AndroidRipperService( 2810): mHandler.handleMessage() RECIVED
V/AndroidRipperService( 2810): broadcast()
V/AndroidRipperService( 2810): broadcast() done
V/        ( 2810): ready
I/AndroidRipper( 2995): Recived message: DSC
D/dalvikvm( 2810): GC_FOR_ALLOC freed 528K, 20% free 3058K/3792K, paused 5ms, total 5ms
V/AndroidRipperService( 2810): send()
V/RipperService( 2810): DSC
V/AndroidRipperService( 2810): mHandler.handleMessage() RECIVED
V/AndroidRipperService( 2810): broadcast()
I/AndroidRipper( 2995): Recived message: DSC
V/AndroidRipperService( 2810): broadcast() done
V/AndroidRipperService( 2810): send()
V/        ( 2810): ready
V/RipperService( 2810): DSC
V/AndroidRipperService( 2810): mHandler.handleMessage() RECIVED
V/AndroidRipperService( 2810): broadcast()
I/AndroidRipper( 2995): Recived message: DSC
V/AndroidRipperService( 2810): broadcast() done
D/dalvikvm( 2995): GC_FOR_ALLOC freed 554K, 14% free 4641K/5388K, paused 4ms, total 4ms
V/        ( 2810): ready
V/AndroidRipperService( 2810): send()
D/dalvikvm( 1777): GC_FOR_ALLOC freed 1724K, 23% free 10310K/13264K, paused 11ms, total 11ms
D/dalvikvm( 1568): GC_FOR_ALLOC freed 1557K, 45% free 9140K/16380K, paused 9ms, total 9ms
V/RipperService( 2810): DSC
V/AndroidRipperService( 2810): mHandler.handleMessage() RECIVED
V/AndroidRipperService( 2810): broadcast()
I/AndroidRipper( 2995): Recived message: DSC
V/AndroidRipperService( 2810): broadcast() done
V/        ( 2810): ready
V/AndroidRipperService( 2810): send()
V/RipperService( 2810): DSC
V/AndroidRipperService( 2810): mHandler.handleMessage() RECIVED
V/AndroidRipperService( 2810): broadcast()
I/AndroidRipper( 2995): Recived message: DSC
V/AndroidRipperService( 2810): broadcast() done
V/        ( 2810): ready
V/AndroidRipperService( 2810): send()
D/dalvikvm( 2810): GC_FOR_ALLOC freed 482K, 19% free 3088K/3792K, paused 3ms, total 3ms
V/RipperService( 2810): DSC
V/AndroidRipperService( 2810): mHandler.handleMessage() RECIVED
V/AndroidRipperService( 2810): broadcast()
V/AndroidRipperService( 2810): broadcast() done
V/        ( 2810): ready
I/AndroidRipper( 2995): Recived message: DSC
V/AndroidRipperService( 2810): send()
V/RipperService( 2810): DSC
V/AndroidRipperService( 2810): mHandler.handleMessage() RECIVED
V/AndroidRipperService( 2810): broadcast()
V/AndroidRipperService( 2810): broadcast() done
V/        ( 2810): ready
I/AndroidRipper( 2995): Recived message: DSC
V/AndroidRipperService( 2810): send()
V/RipperService( 2810): DSC
V/AndroidRipperService( 2810): mHandler.handleMessage() RECIVED
V/AndroidRipperService( 2810): broadcast()
V/AndroidRipperService( 2810): broadcast() done
V/        ( 2810): ready
I/AndroidRipper( 2995): Recived message: DSC
V/AndroidRipperService( 2810): send()
V/RipperService( 2810): DSC
V/AndroidRipperService( 2810): mHandler.handleMessage() RECIVED
V/AndroidRipperService( 2810): broadcast()
I/AndroidRipper( 2995): Recived message: DSC
V/AndroidRipperService( 2810): broadcast() done
V/        ( 2810): ready
V/AndroidRipperService( 2810): send()
V/RipperService( 2810): DSC
V/AndroidRipperService( 2810): mHandler.handleMessage() RECIVED
V/AndroidRipperService( 2810): broadcast()
I/AndroidRipper( 2995): Recived message: DSC
V/AndroidRipperService( 2810): broadcast() done
V/        ( 2810): ready
V/AndroidRipperService( 2810): send()
I/Vision  ( 2079): Requesting optional module download of ocr.
I/Vision  ( 2079): Exceeded maximum feature download tries for ocr
W/Vision  ( 2079): Request of optional module download of ocr failed.
I/Vision  ( 2079): Checking for download completion for 121375 -- ocr
D/dalvikvm( 1568): GC_FOR_ALLOC freed 1548K, 45% free 9134K/16380K, paused 9ms, total 9ms
D/dalvikvm( 2810): GC_FOR_ALLOC freed 510K, 19% free 3089K/3792K, paused 2ms, total 2ms
V/RipperService( 2810): DSC
V/AndroidRipperService( 2810): mHandler.handleMessage() RECIVED
V/AndroidRipperService( 2810): broadcast()
V/AndroidRipperService( 2810): broadcast() done
V/        ( 2810): ready
I/AndroidRipper( 2995): Recived message: DSC
V/AndroidRipperService( 2810): send()
V/RipperService( 2810): DSC
V/AndroidRipperService( 2810): mHandler.handleMessage() RECIVED
V/AndroidRipperService( 2810): broadcast()
I/AndroidRipper( 2995): Recived message: DSC
V/AndroidRipperService( 2810): send()
V/AndroidRipperService( 2810): broadcast() done
V/        ( 2810): ready
V/RipperService( 2810): DSC
V/AndroidRipperService( 2810): mHandler.handleMessage() RECIVED
V/AndroidRipperService( 2810): broadcast()
V/AndroidRipperService( 2810): broadcast() done
V/        ( 2810): ready
I/AndroidRipper( 2995): Recived message: DSC
V/AndroidRipperService( 2810): send()
V/RipperService( 2810): DSC
V/AndroidRipperService( 2810): mHandler.handleMessage() RECIVED
V/AndroidRipperService( 2810): broadcast()
I/AndroidRipper( 2995): Recived message: DSC
V/AndroidRipperService( 2810): send()
V/AndroidRipperService( 2810): broadcast() done
V/        ( 2810): ready
V/RipperService( 2810): DSC
V/AndroidRipperService( 2810): mHandler.handleMessage() RECIVED
V/AndroidRipperService( 2810): broadcast()
I/AndroidRipper( 2995): Recived message: DSC
V/AndroidRipperService( 2810): broadcast() done
V/        ( 2810): ready
V/AndroidRipperService( 2810): send()
D/dalvikvm( 2810): GC_FOR_ALLOC freed 516K, 19% free 3083K/3792K, paused 2ms, total 2ms
V/RipperService( 2810): DSC
V/AndroidRipperService( 2810): mHandler.handleMessage() RECIVED
V/AndroidRipperService( 2810): broadcast()
I/AndroidRipper( 2995): Recived message: DSC
V/AndroidRipperService( 2810): send()
V/AndroidRipperService( 2810): broadcast() done
V/        ( 2810): ready
V/RipperService( 2810): DSC
V/AndroidRipperService( 2810): mHandler.handleMessage() RECIVED
V/AndroidRipperService( 2810): broadcast()
V/AndroidRipperService( 2810): broadcast() done
V/        ( 2810): ready
I/AndroidRipper( 2995): Recived message: DSC
V/AndroidRipperService( 2810): send()
V/RipperService( 2810): DSC
V/AndroidRipperService( 2810): mHandler.handleMessage() RECIVED
V/AndroidRipperService( 2810): broadcast()
I/AndroidRipper( 2995): Recived message: DSC
V/AndroidRipperService( 2810): broadcast() done
V/        ( 2810): ready
V/AndroidRipperService( 2810): send()
D/dalvikvm( 1568): GC_FOR_ALLOC freed 1541K, 45% free 9133K/16380K, paused 9ms, total 9ms
V/RipperService( 2810): DSC
V/AndroidRipperService( 2810): mHandler.handleMessage() RECIVED
V/AndroidRipperService( 2810): broadcast()
I/AndroidRipper( 2995): Recived message: DSC
V/AndroidRipperService( 2810): send()
V/AndroidRipperService( 2810): broadcast() done
V/        ( 2810): ready
V/RipperService( 2810): DSC
V/AndroidRipperService( 2810): mHandler.handleMessage() RECIVED
V/AndroidRipperService( 2810): broadcast()
I/AndroidRipper( 2995): Recived message: DSC
V/AndroidRipperService( 2810): broadcast() done
V/        ( 2810): ready
D/dalvikvm( 2810): GC_FOR_ALLOC freed 528K, 20% free 3058K/3792K, paused 3ms, total 3ms
V/AndroidRipperService( 2810): send()
V/RipperService( 2810): DSC
V/AndroidRipperService( 2810): mHandler.handleMessage() RECIVED
V/AndroidRipperService( 2810): broadcast()
I/AndroidRipper( 2995): Recived message: DSC
V/AndroidRipperService( 2810): send()
V/AndroidRipperService( 2810): broadcast() done
V/        ( 2810): ready
V/RipperService( 2810): DSC
V/AndroidRipperService( 2810): mHandler.handleMessage() RECIVED
V/AndroidRipperService( 2810): broadcast()
V/AndroidRipperService( 2810): broadcast() done
V/        ( 2810): ready
I/AndroidRipper( 2995): Recived message: DSC
D/dalvikvm( 2995): GC_FOR_ALLOC freed 549K, 14% free 4643K/5388K, paused 4ms, total 4ms
V/AndroidRipperService( 2810): send()
V/RipperService( 2810): DSC
V/AndroidRipperService( 2810): mHandler.handleMessage() RECIVED
V/AndroidRipperService( 2810): broadcast()
I/AndroidRipper( 2995): Recived message: DSC
V/AndroidRipperService( 2810): broadcast() done
V/        ( 2810): ready
V/AndroidRipperService( 2810): send()
V/RipperService( 2810): DSC
V/AndroidRipperService( 2810): mHandler.handleMessage() RECIVED
V/AndroidRipperService( 2810): broadcast()
I/AndroidRipper( 2995): Recived message: DSC
V/AndroidRipperService( 2810): broadcast() done
V/        ( 2810): ready
V/AndroidRipperService( 2810): send()
D/dalvikvm( 2810): GC_FOR_ALLOC freed 482K, 19% free 3088K/3792K, paused 2ms, total 3ms
V/RipperService( 2810): DSC
V/AndroidRipperService( 2810): mHandler.handleMessage() RECIVED
V/AndroidRipperService( 2810): broadcast()
I/AndroidRipper( 2995): Recived message: DSC
V/AndroidRipperService( 2810): broadcast() done
V/        ( 2810): ready
V/AndroidRipperService( 2810): send()
V/RipperService( 2810): DSC
V/AndroidRipperService( 2810): mHandler.handleMessage() RECIVED
V/AndroidRipperService( 2810): broadcast()
I/AndroidRipper( 2995): Recived message: DSC
V/AndroidRipperService( 2810): broadcast() done
V/        ( 2810): ready
V/AndroidRipperService( 2810): send()
D/dalvikvm( 1568): GC_FOR_ALLOC freed 1539K, 45% free 9133K/16380K, paused 12ms, total 13ms
V/RipperService( 2810): DSC
V/AndroidRipperService( 2810): mHandler.handleMessage() RECIVED
V/AndroidRipperService( 2810): broadcast()
V/AndroidRipperService( 2810): broadcast() done
V/        ( 2810): ready
I/AndroidRipper( 2995): Recived message: DSC
V/AndroidRipperService( 2810): send()
V/RipperService( 2810): DSC
V/AndroidRipperService( 2810): mHandler.handleMessage() RECIVED
V/AndroidRipperService( 2810): broadcast()
I/AndroidRipper( 2995): Recived message: DSC
V/AndroidRipperService( 2810): send()
V/AndroidRipperService( 2810): broadcast() done
V/        ( 2810): ready
I/Vision  ( 2079): Requesting optional module download of ocr.
I/Vision  ( 2079): Checking for download completion for 131387 -- ocr
I/ChimeraConfigurator( 2079): Starting update, reason: 4 urgentFeatures: vision.ocr:-1
E/ConfigFileUtils( 2079): Failed to read config file: /data/data/com.google.android.gms/app_chimera/next_container.pb: open failed: ENOENT (No such file or directory)
I/ChmraDebugLogger( 2079): [73] 1801
I/ChmraDebugLogger( 2079): [30] [VisionOcr.optional:202414000700] permitMetered=true,
W/ChimeraConfigService( 2079): Retry attempt was throttled.
V/RipperService( 2810): DSC
V/AndroidRipperService( 2810): mHandler.handleMessage() RECIVED
V/AndroidRipperService( 2810): broadcast()
I/AndroidRipper( 2995): Recived message: DSC
V/AndroidRipperService( 2810): send()
V/AndroidRipperService( 2810): broadcast() done
V/        ( 2810): ready
D/dalvikvm( 2810): GC_FOR_ALLOC freed 510K, 19% free 3089K/3792K, paused 2ms, total 2ms
V/RipperService( 2810): DSC
V/AndroidRipperService( 2810): mHandler.handleMessage() RECIVED
V/AndroidRipperService( 2810): broadcast()
I/AndroidRipper( 2995): Recived message: DSC
V/AndroidRipperService( 2810): send()
V/AndroidRipperService( 2810): broadcast() done
V/        ( 2810): ready
V/RipperService( 2810): DSC
V/AndroidRipperService( 2810): mHandler.handleMessage() RECIVED
V/AndroidRipperService( 2810): broadcast()
I/AndroidRipper( 2995): Recived message: DSC
V/AndroidRipperService( 2810): broadcast() done
V/AndroidRipperService( 2810): send()
V/        ( 2810): ready
V/RipperService( 2810): DSC
V/AndroidRipperService( 2810): mHandler.handleMessage() RECIVED
V/AndroidRipperService( 2810): broadcast()
I/AndroidRipper( 2995): Recived message: DSC
V/AndroidRipperService( 2810): broadcast() done
V/        ( 2810): ready
V/AndroidRipperService( 2810): send()
V/RipperService( 2810): DSC
V/AndroidRipperService( 2810): mHandler.handleMessage() RECIVED
V/AndroidRipperService( 2810): broadcast()
I/AndroidRipper( 2995): Recived message: DSC
V/AndroidRipperService( 2810): broadcast() done
V/        ( 2810): ready
V/AndroidRipperService( 2810): send()
D/dalvikvm( 1568): GC_FOR_ALLOC freed 1536K, 45% free 9137K/16380K, paused 14ms, total 14ms
V/RipperService( 2810): DSC
V/AndroidRipperService( 2810): mHandler.handleMessage() RECIVED
V/AndroidRipperService( 2810): broadcast()
I/AndroidRipper( 2995): Recived message: DSC
V/AndroidRipperService( 2810): broadcast() done
V/        ( 2810): ready
V/AndroidRipperService( 2810): send()
D/dalvikvm( 2810): GC_FOR_ALLOC freed 516K, 19% free 3083K/3792K, paused 1ms, total 1ms
V/RipperService( 2810): DSC
V/AndroidRipperService( 2810): mHandler.handleMessage() RECIVED
V/AndroidRipperService( 2810): broadcast()
I/AndroidRipper( 2995): Recived message: DSC
V/AndroidRipperService( 2810): broadcast() done
V/        ( 2810): ready
V/AndroidRipperService( 2810): send()
V/RipperService( 2810): DSC
V/AndroidRipperService( 2810): mHandler.handleMessage() RECIVED
V/AndroidRipperService( 2810): broadcast()
I/AndroidRipper( 2995): Recived message: DSC
V/AndroidRipperService( 2810): broadcast() done
V/        ( 2810): ready
V/AndroidRipperService( 2810): send()
V/RipperService( 2810): DSC
V/AndroidRipperService( 2810): mHandler.handleMessage() RECIVED
V/AndroidRipperService( 2810): broadcast()
V/AndroidRipperService( 2810): broadcast() done
V/        ( 2810): ready
I/AndroidRipper( 2995): Recived message: DSC
V/AndroidRipperService( 2810): send()
D/EGL_emulation( 2995): eglMakeCurrent: 0xb9041f20: ver 3 0
E/EGL_emulation( 2995): tid 2995: eglSurfaceAttrib(1199): error 0x3009 (EGL_BAD_MATCH)
W/HardwareRenderer( 2995): Backbuffer cannot be preserved
W/InputMethodManagerService( 1568): Window already focused, ignoring focus gain of: com.android.internal.view.IInputMethodClient$Stub$Proxy@9d3c0fc0 attribute=null, token = android.os.BinderProxy@9d566f60
V/RipperService( 2810): DSC
V/AndroidRipperService( 2810): mHandler.handleMessage() RECIVED
V/AndroidRipperService( 2810): broadcast()
I/AndroidRipper( 2995): Recived message: DSC
V/AndroidRipperService( 2810): broadcast() done
V/        ( 2810): ready
I/AndroidRipper( 2995): [b] Found widget: id=-1 (android.widget.LinearLayout{9d042630 V.E..... ........ 0,0-1080,1920})
I/AndroidRipper( 2995): [b] Found widget: id=16909070 (android.view.ViewStub{9d046ac0 G.E..... ......I. 0,0-0,0 #102030e})
I/AndroidRipper( 2995): [b] Found widget: id=16908290 (android.widget.FrameLayout{9d046f50 V.E..... ........ 0,0-1080,1920 #1020002 android:id/content})
I/AndroidRipper( 2995): [b] Found widget: id=-1 (com.badlogic.gdx.backends.android.surfaceview.GLSurfaceView20{9d029350 VFE..... .F...... 0,0-1080,1920})
I/AndroidRipper( 2995): [b] Found widget: id=-1 (com.android.internal.policy.impl.PhoneWindow$DecorView{9d041978 V.E..... R....... 0,0-1080,1920})
V/AndroidRipperService( 2810): send()
D/dalvikvm( 2810): GC_FOR_ALLOC freed 505K, 19% free 3090K/3792K, paused 3ms, total 3ms
V/RipperService( 2810): EVT
V/AndroidRipperService( 2810): mHandler.handleMessage() RECIVED
V/AndroidRipperService( 2810): broadcast()
I/AndroidRipper( 2995): Recived message: EVT
V/RipperTestCase( 2995): START_EVENT[2|1629031524799]
V/AndroidRipperService( 2810): broadcast() done
V/        ( 2810): ready
E/SoundPool( 1568): error loading /system/media/audio/ui/Effect_Tick.ogg
W/AudioService( 1568): Soundpool could not load file: /system/media/audio/ui/Effect_Tick.ogg
E/SoundPool( 1568): error loading /system/media/audio/ui/Effect_Tick.ogg
W/AudioService( 1568): Soundpool could not load file: /system/media/audio/ui/Effect_Tick.ogg
E/SoundPool( 1568): error loading /system/media/audio/ui/Effect_Tick.ogg
W/AudioService( 1568): Soundpool could not load file: /system/media/audio/ui/Effect_Tick.ogg
E/SoundPool( 1568): error loading /system/media/audio/ui/Effect_Tick.ogg
W/AudioService( 1568): Soundpool could not load file: /system/media/audio/ui/Effect_Tick.ogg
E/SoundPool( 1568): error loading /system/media/audio/ui/Effect_Tick.ogg
W/AudioService( 1568): Soundpool could not load file: /system/media/audio/ui/Effect_Tick.ogg
E/SoundPool( 1568): error loading /system/media/audio/ui/KeypressStandard.ogg
W/AudioService( 1568): Soundpool could not load file: /system/media/audio/ui/KeypressStandard.ogg
E/SoundPool( 1568): error loading /system/media/audio/ui/KeypressSpacebar.ogg
W/AudioService( 1568): Soundpool could not load file: /system/media/audio/ui/KeypressSpacebar.ogg
E/SoundPool( 1568): error loading /system/media/audio/ui/KeypressDelete.ogg
W/AudioService( 1568): Soundpool could not load file: /system/media/audio/ui/KeypressDelete.ogg
E/SoundPool( 1568): error loading /system/media/audio/ui/KeypressReturn.ogg
W/AudioService( 1568): Soundpool could not load file: /system/media/audio/ui/KeypressReturn.ogg
E/SoundPool( 1568): error loading /system/media/audio/ui/KeypressInvalid.ogg
W/AudioService( 1568): Soundpool could not load file: /system/media/audio/ui/KeypressInvalid.ogg
W/AudioService( 1568): onLoadSoundEffects(), Error -1 while loading samples
D/EGL_emulation( 2995): eglMakeCurrent: 0xb9041f20: ver 3 0
E/EGL_emulation( 2995): tid 2995: eglSurfaceAttrib(1199): error 0x3009 (EGL_BAD_MATCH)
W/HardwareRenderer( 2995): Backbuffer cannot be preserved
V/AndroidRipperService( 2810): send()
V/RipperTestCase( 2995): END_EVENT[2|1629031525805]
V/RipperService( 2810): PING
V/AndroidRipperService( 2810): mHandler.handleMessage() RECIVED
V/AndroidRipperService( 2810): broadcast()
V/AndroidRipperService( 2810): broadcast() done
V/        ( 2810): ready
I/AndroidRipper( 2995): Recived message: PING
V/AndroidRipperService( 2810): send()
D/dalvikvm( 1568): GC_FOR_ALLOC freed 1531K, 45% free 9148K/16380K, paused 11ms, total 11ms
V/RipperService( 2810): DSC
V/AndroidRipperService( 2810): mHandler.handleMessage() RECIVED
V/AndroidRipperService( 2810): broadcast()
I/AndroidRipper( 2995): Recived message: DSC
V/AndroidRipperService( 2810): broadcast() done
V/        ( 2810): ready
D/dalvikvm( 2995): GC_FOR_ALLOC freed 557K, 14% free 4638K/5388K, paused 2ms, total 2ms
V/AndroidRipperService( 2810): send()
V/RipperService( 2810): DSC
V/AndroidRipperService( 2810): mHandler.handleMessage() RECIVED
V/AndroidRipperService( 2810): broadcast()
V/AndroidRipperService( 2810): broadcast() done
V/        ( 2810): ready
I/AndroidRipper( 2995): Recived message: DSC
V/AndroidRipperService( 2810): send()
V/RipperService( 2810): DSC
V/AndroidRipperService( 2810): mHandler.handleMessage() RECIVED
V/AndroidRipperService( 2810): broadcast()
I/AndroidRipper( 2995): Recived message: DSC
V/AndroidRipperService( 2810): broadcast() done
V/        ( 2810): ready
V/AndroidRipperService( 2810): send()
D/dalvikvm( 2810): GC_FOR_ALLOC freed 513K, 19% free 3088K/3792K, paused 1ms, total 1ms
V/RipperService( 2810): DSC
V/AndroidRipperService( 2810): mHandler.handleMessage() RECIVED
V/AndroidRipperService( 2810): broadcast()
I/AndroidRipper( 2995): Recived message: DSC
V/AndroidRipperService( 2810): broadcast() done
V/AndroidRipperService( 2810): send()
V/        ( 2810): ready
V/RipperService( 2810): DSC
V/AndroidRipperService( 2810): mHandler.handleMessage() RECIVED
V/AndroidRipperService( 2810): broadcast()
I/AndroidRipper( 2995): Recived message: DSC
V/AndroidRipperService( 2810): broadcast() done
V/        ( 2810): ready
V/AndroidRipperService( 2810): send()
V/RipperService( 2810): DSC
V/AndroidRipperService( 2810): mHandler.handleMessage() RECIVED
V/AndroidRipperService( 2810): broadcast()
I/AndroidRipper( 2995): Recived message: DSC
V/AndroidRipperService( 2810): broadcast() done
V/AndroidRipperService( 2810): send()
V/        ( 2810): ready
V/RipperService( 2810): DSC
V/AndroidRipperService( 2810): mHandler.handleMessage() RECIVED
V/AndroidRipperService( 2810): broadcast()
I/AndroidRipper( 2995): Recived message: DSC
V/AndroidRipperService( 2810): broadcast() done
V/        ( 2810): ready
V/AndroidRipperService( 2810): send()
I/Vision  ( 2079): Requesting optional module download of ocr.
I/Vision  ( 2079): Checking for download completion for 141400 -- ocr
W/ActivityManager( 1568): Unable to start service Intent { act=com.google.android.gms.drive.ApiService.RESET_AFTER_BOOT flg=0x4 cmp=com.google.android.gms/.drive.api.ApiService (has extras) } U=0: not found
V/RipperService( 2810): DSC
V/AndroidRipperService( 2810): mHandler.handleMessage() RECIVED
V/AndroidRipperService( 2810): broadcast()
V/AndroidRipperService( 2810): broadcast() done
I/AndroidRipper( 2995): Recived message: DSC
V/        ( 2810): ready
V/AndroidRipperService( 2810): send()
D/dalvikvm( 1568): GC_FOR_ALLOC freed 1550K, 45% free 9141K/16380K, paused 10ms, total 10ms
D/EGL_emulation( 1654): eglMakeCurrent: 0xb907a020: ver 3 0
D/dalvikvm( 2810): GC_FOR_ALLOC freed 511K, 19% free 3088K/3792K, paused 3ms, total 3ms
