I/AndroidRipper(20772): [b] Found widget: id=-1 (android.widget.RelativeLayout{9db8f028 V.E..... ........ 0,0-1080,1728})
I/AndroidRipper(20772): [b] Found widget: id=2131099661 (android.widget.TextView{9dba85c8 V.ED.... ........ 318,42-762,120 #7f06000d app:id/manuallyAddPcText})
I/AndroidRipper(20772): [b] Found widget: id=2131099659 (android.widget.EditText{9dc34230 VFED..CL .F...... 42,186-870,288 #7f06000b app:id/hostTextView})
I/AndroidRipper(20772): [b] Found widget: id=2131099648 (android.widget.Button{9db85b48 VFED..C. ........ 870,186-1038,312 #7f060000 app:id/addPcButton})
I/AndroidRipper(20772): [b] Found widget: id=-1 (com.android.internal.policy.impl.PhoneWindow$DecorView{9db949a0 V.E..... R....... 0,0-1080,1794})
V/AndroidRipperService(20188): send()
D/dalvikvm(20188): GC_CONCURRENT freed 440K, 18% free 3086K/3736K, paused 1ms+3ms, total 5ms
V/RipperService(20188): EVT
V/AndroidRipperService(20188): mHandler.handleMessage() RECIVED
V/AndroidRipperService(20188): broadcast()
V/AndroidRipperService(20188): broadcast() done
V/        (20188): ready
I/AndroidRipper(20772): Recived message: EVT
V/RipperTestCase(20772): START_EVENT[3|1629029532078]
E/WifiStateMachine( 1570): Error! unhandled message{ when=0 what=131157 target=com.android.internal.util.StateMachine$SmHandler }
D/EGL_emulation(20772): eglMakeCurrent: 0xb900b270: ver 3 0
E/EGL_emulation(20772): tid 20772: eglSurfaceAttrib(1199): error 0x3009 (EGL_BAD_MATCH)
W/HardwareRenderer(20772): Backbuffer cannot be preserved
D/dalvikvm( 1570): GC_FOR_ALLOC freed 1598K, 46% free 9323K/17200K, paused 9ms, total 9ms
D/EGL_emulation(20772): eglMakeCurrent: 0xb900b270: ver 3 0
D/EGL_emulation(20772): eglMakeCurrent: 0xb900b270: ver 3 0
D/EGL_emulation(20772): eglMakeCurrent: 0xb900b270: ver 3 0
D/dalvikvm(20772): GC_CONCURRENT freed 1648K, 12% free 13815K/15668K, paused 2ms+0ms, total 21ms
D/dalvikvm(20772): WAIT_FOR_CONCURRENT_GC blocked 10ms
D/dalvikvm(20772): WAIT_FOR_CONCURRENT_GC blocked 10ms
D/dalvikvm(20772): WAIT_FOR_CONCURRENT_GC blocked 12ms
I/AndroidRipper(20772): [b] Waiting on Progress Bar #2131099665
I/AndroidRipper(20772): [b] Waiting on Progress Bar #2131099665
I/AndroidRipper(20772): [b] Waiting on Progress Bar #2131099665
I/AndroidRipper(20772): [b] Waiting on Progress Bar #2131099665
I/AndroidRipper(20772): [b] Waiting on Progress Bar #2131099665
I/AndroidRipper(20772): [b] Waiting on Progress Bar #2131099665
V/AndroidRipperService(20188): send()
V/RipperTestCase(20772): END_EVENT[3|1629029537608]
V/RipperService(20188): PING
V/AndroidRipperService(20188): mHandler.handleMessage() RECIVED
V/AndroidRipperService(20188): broadcast()
I/AndroidRipper(20772): Recived message: PING
V/AndroidRipperService(20188): send()
V/AndroidRipperService(20188): broadcast() done
V/        (20188): ready
D/dalvikvm( 1570): GC_FOR_ALLOC freed 1584K, 46% free 9327K/17200K, paused 10ms, total 10ms
V/RipperService(20188): DSC
V/AndroidRipperService(20188): mHandler.handleMessage() RECIVED
V/AndroidRipperService(20188): broadcast()
V/AndroidRipperService(20188): broadcast() done
I/AndroidRipper(20772): Recived message: DSC
V/        (20188): ready
I/AndroidRipper(20772): [b] Found widget: id=-1 (android.widget.LinearLayout{9d0ba138 V.E..... ........ 0,0-1080,1794})
I/AndroidRipper(20772): [b] Found widget: id=16909070 (android.view.ViewStub{9d0be448 G.E..... ......I. 0,0-0,0 #102030e})
I/AndroidRipper(20772): [b] Found widget: id=16908290 (android.widget.FrameLayout{9d0be8d8 V.E..... ........ 0,66-1080,1794 #1020002 android:id/content})
I/AndroidRipper(20772): [b] Found widget: id=-1 (android.widget.RelativeLayout{9d0862f0 V.E..... ........ 0,0-1080,1728})
I/AndroidRipper(20772): [b] Found widget: id=2131099664 (android.widget.RelativeLayout{9d0c9d70 V.E..... ........ 0,171-1080,1728 #7f060010 app:id/pcFragmentContainer})
I/AndroidRipper(20772): [b] Found widget: id=2131099662 (android.widget.RelativeLayout{9d0ca320 V.E..... ........ 0,569-1080,987 #7f06000e app:id/no_pc_found_layout})
I/AndroidRipper(20772): [b] Found widget: id=2131099665 (android.widget.ProgressBar{9d0caa68 V.ED.... ........ 42,0-239,197 #7f060011 app:id/pcs_loading})
I/AndroidRipper(20772): [b] Found widget: id=-1 (android.widget.TextView{9d0cc020 V.ED.... ........ 265,0-1038,418})
I/AndroidRipper(20772): [b] Found widget: id=2131099652 (android.widget.GridView{9d0e2f78 V.ED.VCL ........ 0,0-1080,1557 #7f060004 app:id/fragmentView})
I/System.out(20772): >>>>>> android.widget.FrameLayout>>>>>> android.view.View>>>>>> android.view.ViewGroup>>>>>> android.widget.FrameLayout>>>>>> android.view.View>>>>>> android.view.ViewGroup>>>>>> android.view.View>>>>>> android.widget.AbsListViewDescriptionError: android.widget.GridView cannot be cast to android.widget.ListView
I/AndroidRipper(20772): [b] Found widget: id=2131099667 (android.widget.ImageButton{9d0cd178 VFED..C. ........ 0,0-184,171 #7f060013 app:id/settingsButton})
I/AndroidRipper(20772): [b] Found widget: id=2131099658 (android.widget.ImageButton{9d08b938 VFED..C. ........ 184,0-368,171 #7f06000a app:id/helpButton})
I/AndroidRipper(20772): [b] Found widget: id=2131099660 (android.widget.ImageButton{9d09ee90 VFED..C. ........ 896,0-1080,171 #7f06000c app:id/manuallyAddPc})
I/AndroidRipper(20772): [b] Found widget: id=-1 (com.android.internal.policy.impl.PhoneWindow$DecorView{9d0b8ef8 V.E..... R....... 0,0-1080,1794})
V/AndroidRipperService(20188): send()
D/dalvikvm(20188): GC_CONCURRENT freed 407K, 18% free 3092K/3736K, paused 0ms+2ms, total 4ms
V/RipperService(20188): EVT
V/AndroidRipperService(20188): mHandler.handleMessage() RECIVED
V/AndroidRipperService(20188): broadcast()
I/AndroidRipper(20772): Recived message: EVT
V/RipperTestCase(20772): START_EVENT[4|1629029537793]
V/AndroidRipperService(20188): broadcast() done
V/        (20188): ready
D/dalvikvm(20772): GC_CONCURRENT freed 1950K, 14% free 13786K/15936K, paused 1ms+1ms, total 11ms
D/gralloc_ranchu( 1144): gralloc_alloc: Creating ashmem region of size 1323008
D/dalvikvm( 1570): GC_FOR_ALLOC freed 666K, 43% free 9936K/17200K, paused 12ms, total 12ms
E/WifiStateMachine( 1570): Error! unhandled message{ when=0 what=131156 target=com.android.internal.util.StateMachine$SmHandler }
D/EGL_emulation( 1949): eglMakeCurrent: 0xb90a06f0: ver 3 0
D/EGL_emulation( 1949): eglMakeCurrent: 0xb90a06f0: ver 3 0
E/EGL_emulation( 1949): tid 1949: eglSurfaceAttrib(1199): error 0x3009 (EGL_BAD_MATCH)
W/HardwareRenderer( 1949): Backbuffer cannot be preserved
D/dalvikvm( 1949): GC_FOR_ALLOC freed 8843K, 34% free 18008K/27284K, paused 3ms, total 3ms
I/dalvikvm-heap( 1949): Grow heap (frag case) to 24.887MB for 7464972-byte allocation
D/dalvikvm( 1949): GC_FOR_ALLOC freed 0K, 8% free 25298K/27284K, paused 8ms, total 8ms
D/EGL_emulation(20772): eglMakeCurrent: 0xb900b270: ver 3 0
V/RipperService(20188): END
V/AndroidRipperService(20188): mHandler.handleMessage() RECIVED
V/AndroidRipperService(20188): broadcast()
V/AndroidRipperService(20188): broadcast() done
V/        (20188): ready
D/dalvikvm( 1570): GC_FOR_ALLOC freed 1714K, 43% free 9963K/17200K, paused 8ms, total 8ms
D/AndroidRuntime(20941): 
D/AndroidRuntime(20941): >>>>>> AndroidRuntime START com.android.internal.os.RuntimeInit <<<<<<
W/linker  (20941): libdvm.so has text relocations. This is wasting memory and is a security risk. Please fix.
D/AndroidRuntime(20941): CheckJNI is ON
D/dalvikvm(20941): Trying to load lib libjavacore.so 0x0
D/dalvikvm(20941): Added shared lib libjavacore.so 0x0
D/dalvikvm(20941): Trying to load lib libnativehelper.so 0x0
D/dalvikvm(20941): Added shared lib libnativehelper.so 0x0
D/dalvikvm(20941): No JNI_OnLoad found in libnativehelper.so 0x0, skipping init
D/dalvikvm(20941): Note: class Landroid/app/ActivityManagerNative; has 179 unimplemented (abstract) methods
E/memtrack(20941): Couldn't load memtrack module (No such file or directory)
E/android.os.Debug(20941): failed to load memtrack module: -2
D/AndroidRuntime(20941): Calling main entry com.android.commands.pm.Pm
D/AndroidRuntime(20941): Shutting down VM
D/dalvikvm(20941): GC_CONCURRENT freed 93K, 15% free 557K/652K, paused 0ms+0ms, total 1ms
D/AndroidRuntime(20952): 
D/AndroidRuntime(20952): >>>>>> AndroidRuntime START com.android.internal.os.RuntimeInit <<<<<<
W/linker  (20952): libdvm.so has text relocations. This is wasting memory and is a security risk. Please fix.
D/AndroidRuntime(20952): CheckJNI is ON
D/dalvikvm(20952): Trying to load lib libjavacore.so 0x0
D/dalvikvm(20952): Added shared lib libjavacore.so 0x0
D/dalvikvm(20952): Trying to load lib libnativehelper.so 0x0
D/dalvikvm(20952): Added shared lib libnativehelper.so 0x0
D/dalvikvm(20952): No JNI_OnLoad found in libnativehelper.so 0x0, skipping init
D/dalvikvm(20952): Note: class Landroid/app/ActivityManagerNative; has 179 unimplemented (abstract) methods
E/memtrack(20952): Couldn't load memtrack module (No such file or directory)
E/android.os.Debug(20952): failed to load memtrack module: -2
D/AndroidRuntime(20952): Calling main entry com.android.commands.pm.Pm
I/ActivityManager( 1570): Force stopping com.limelight appid=10190 user=0: clear data
I/ActivityManager( 1570): Killing 20772:com.limelight/u0a190 (adj 0): stop com.limelight
W/ActivityManager( 1570): Crash of app com.limelight running instrumentation ComponentInfo{it.unina.android.ripper/android.test.InstrumentationTestRunner}
D/AndroidRuntime(20761): Shutting down VM
D/dalvikvm(20761): GC_CONCURRENT freed 96K, 15% free 557K/656K, paused 0ms+0ms, total 0ms
I/ActivityManager( 1570): Force stopping com.limelight appid=10190 user=0: finished inst
I/GeofencerStateMachine( 1786): removeGeofences: removeRequest=RemoveGeofencingRequest[REMOVE_ALL packageName=com.limelight]
D/Documents( 4472): Used cached roots for com.android.providers.downloads.documents
D/Documents( 4472): Used cached roots for com.android.externalstorage.documents
D/Documents( 4472): Used cached roots for com.android.providers.media.documents
D/Documents( 4472): Update found 6 roots in 0ms
D/keystore( 1149): calling clear_uid in state: 3
D/AndroidRuntime(20952): Shutting down VM
D/dalvikvm(20952): GC_CONCURRENT freed 92K, 15% free 549K/644K, paused 0ms+0ms, total 1ms
I/Fitness ( 1786): FitCleanupIntentOperation received Intent android.intent.action.PACKAGE_DATA_CLEARED [CONTEXT service_id=17 ]
I/Icing   ( 2156): doRemovePackageData com.limelight
D/AndroidRuntime(20977): 
D/AndroidRuntime(20977): >>>>>> AndroidRuntime START com.android.internal.os.RuntimeInit <<<<<<
W/linker  (20977): libdvm.so has text relocations. This is wasting memory and is a security risk. Please fix.
D/AndroidRuntime(20977): CheckJNI is ON
D/dalvikvm(20977): Trying to load lib libjavacore.so 0x0
D/dalvikvm(20977): Added shared lib libjavacore.so 0x0
D/dalvikvm(20977): Trying to load lib libnativehelper.so 0x0
D/dalvikvm(20977): Added shared lib libnativehelper.so 0x0
D/dalvikvm(20977): No JNI_OnLoad found in libnativehelper.so 0x0, skipping init
D/dalvikvm(20977): Note: class Landroid/app/ActivityManagerNative; has 179 unimplemented (abstract) methods
E/memtrack(20977): Couldn't load memtrack module (No such file or directory)
E/android.os.Debug(20977): failed to load memtrack module: -2
D/AndroidRuntime(20977): Calling main entry com.android.commands.pm.Pm
I/ActivityManager( 1570): Force stopping com.limelight appid=10190 user=-1: uninstall pkg
W/PackageManager( 1570): Couldn't delete native library directory /data/app-lib/com.limelight
D/keystore( 1149): calling clear_uid in state: 3
I/ActivityManager( 1570): Force stopping com.limelight appid=10190 user=0: pkg removed
D/dalvikvm( 2451): GC_EXPLICIT freed 215K, 19% free 3417K/4208K, paused 1ms+1ms, total 3ms
D/dalvikvm( 2665): GC_EXPLICIT freed 162K, 15% free 3634K/4268K, paused 0ms+0ms, total 2ms
I/GeofencerStateMachine( 1786): removeGeofences: removeRequest=RemoveGeofencingRequest[REMOVE_ALL packageName=com.limelight]
W/Launcher.Model( 2665): Nobody to tell about the new app.  Launcher is probably loading.
I/PackageManager( 1570):   Action: "android.intent.action.SENDTO"
I/PackageManager( 1570):   Category: "android.intent.category.DEFAULT"
I/PackageManager( 1570):   Scheme: "sms"
D/Documents( 4472): Used cached roots for com.android.providers.downloads.documents
D/Documents( 4472): Used cached roots for com.android.externalstorage.documents
D/Documents( 4472): Used cached roots for com.android.providers.media.documents
D/Documents( 4472): Update found 6 roots in 4ms
I/InputReader( 1570): Reconfiguring input devices.  changes=0x00000010
D/VoicemailCleanupService( 1893): Cleaning up data for package: com.limelight
I/PackageManager( 1570): Adding preferred activity ComponentInfo{com.android.mms/com.android.mms.ui.ComposeMessageActivity} for user 0 :
I/PackageManager( 1570):   Action: "android.intent.action.SENDTO"
I/PackageManager( 1570):   Category: "android.intent.category.DEFAULT"
I/PackageManager( 1570):   Scheme: "smsto"
I/PackageManager( 1570): Adding preferred activity ComponentInfo{com.android.mms/com.android.mms.ui.ComposeMessageActivity} for user 0 :
D/dalvikvm( 1805): GC_FOR_ALLOC freed 458K, 18% free 3636K/4400K, paused 2ms, total 2ms
I/PackageManager( 1570):   Action: "android.intent.action.SENDTO"
I/PackageManager( 1570):   Category: "android.intent.category.DEFAULT"
I/PackageManager( 1570):   Scheme: "mms"
I/PackageManager( 1570):   Action: "android.intent.action.SENDTO"
I/PackageManager( 1570):   Category: "android.intent.category.DEFAULT"
I/PackageManager( 1570):   Scheme: "mmsto"
I/PackageManager( 1570): Adding preferred activity ComponentInfo{com.android.mms/com.android.mms.ui.ComposeMessageActivity} for user 0 :
I/PackageManager( 1570): Adding preferred activity ComponentInfo{com.android.mms/com.android.mms.ui.ComposeMessageActivity} for user 0 :
I/PackageManager( 1570):   Action: "android.intent.action.SENDTO"
I/PackageManager( 1570):   Category: "android.intent.category.DEFAULT"
I/PackageManager( 1570):   Scheme: "sms"
I/PackageManager( 1570):   Action: "android.intent.action.SENDTO"
I/PackageManager( 1570):   Category: "android.intent.category.DEFAULT"
I/PackageManager( 1570):   Scheme: "smsto"
D/dalvikvm( 2156): GC_EXPLICIT freed 757K, 13% free 21281K/24212K, paused 1ms+1ms, total 56ms
D/BackupManagerService( 1570): Received broadcast Intent { act=android.intent.action.PACKAGE_REMOVED dat=package:com.limelight flg=0x4000010 (has extras) }
V/BackupManagerService( 1570): removePackageParticipantsLocked: uid=10190 #1
I/PackageManager( 1570): Adding preferred activity ComponentInfo{com.android.mms/com.android.mms.ui.ComposeMessageActivity} for user 0 :
I/PackageManager( 1570): Adding preferred activity ComponentInfo{com.android.mms/com.android.mms.ui.ComposeMessageActivity} for user 0 :
D/dalvikvm( 1805): GC_FOR_ALLOC freed 413K, 17% free 3669K/4400K, paused 2ms, total 2ms
I/PackageManager( 1570):   Action: "android.intent.action.SENDTO"
I/PackageManager( 1570):   Category: "android.intent.category.DEFAULT"
I/PackageManager( 1570):   Scheme: "mms"
I/PackageManager( 1570):   Action: "android.intent.action.SENDTO"
I/PackageManager( 1570):   Category: "android.intent.category.DEFAULT"
I/PackageManager( 1570):   Scheme: "mmsto"
I/Icing.InternalIcingCorporaProvider( 2451): Updating corpora: A: com.limelight, C: MAYBE
I/Fitness ( 1786): FitCleanupIntentOperation received Intent android.intent.action.PACKAGE_REMOVED [CONTEXT service_id=17 ]
W/Launcher( 2665): setApplicationContext called twice! old=com.google.android.velvet.VelvetApplication@9d090c48 new=com.google.android.velvet.VelvetApplication@9d090c48
I/PackageManager( 1570): Adding preferred activity ComponentInfo{com.android.mms/com.android.mms.ui.ComposeMessageActivity} for user 0 :
I/PackageManager( 1570): Adding preferred activity ComponentInfo{com.android.mms/com.android.mms.ui.ComposeMessageActivity} for user 0 :
W/ContextImpl( 4567): Calling a method in the system process without a qualified user: android.app.ContextImpl.startService:1479 android.content.ContextWrapper.startService:494 android.content.ContextWrapper.startService:494 com.android.keychain.KeyChainBroadcastReceiver.onReceive:12 android.app.ActivityThread.handleReceiver:2419 
D/dalvikvm( 4472): GC_FOR_ALLOC freed 491K, 19% free 3086K/3796K, paused 1ms, total 1ms
I/ContentMaintenance( 2156): Internal cache bytes used: 0; limit: 39526809; download size: 0
W/ContextImpl( 2451): Implicit intents with startService are not safe: Intent { act=com.google.android.gms.icing.INDEX_SERVICE } android.content.ContextWrapper.bindService:517 com.google.android.gms.internal.av.a:-1 com.google.android.gms.internal.au.connect:-1 
D/dalvikvm( 1570): GC_EXPLICIT freed 1592K, 42% free 10121K/17200K, paused 1ms+3ms, total 65ms
D/dalvikvm( 1570): WAIT_FOR_CONCURRENT_GC blocked 5ms
D/dalvikvm( 1570): WAIT_FOR_CONCURRENT_GC blocked 6ms
D/dalvikvm( 1570): WAIT_FOR_CONCURRENT_GC blocked 6ms
D/dalvikvm( 1570): WAIT_FOR_CONCURRENT_GC blocked 6ms
D/dalvikvm( 1570): WAIT_FOR_CONCURRENT_GC blocked 4ms
D/dalvikvm( 1570): WAIT_FOR_CONCURRENT_GC blocked 4ms
I/Icing   ( 2156): IndexChimeraService.getServiceInterface callingPackage=com.google.android.googlequicksearchbox componentName=null serviceId=21
I/Icing   ( 2156): doRemovePackageData com.limelight
D/AndroidRuntime(20977): Shutting down VM
D/dalvikvm(20977): GC_CONCURRENT freed 92K, 15% free 549K/644K, paused 0ms+0ms, total 0ms
I/LatinIME:LogUtils( 1773): Dictionary info: dictionary = main:en ; version = 42 ; date = 1381226516
I/Icing   ( 2156): IndexChimeraService.getServiceInterface callingPackage=com.google.android.gms componentName=AppsCorpus serviceId=36
D/dalvikvm( 1860): GC_FOR_ALLOC freed 513K, 17% free 3555K/4280K, paused 15ms, total 15ms
I/RealtimeCacheCleanup( 2156): Beginning Realtime garbage collection.
I/RealtimeCacheCleanup( 2156): Finished Realtime garbage collection.
W/Icing   ( 2156): No valid account for uploading user actions
I/Icing   ( 2156): Usage reports ok 0, Failed Usage reports 0, indexed 0, rejected 0
W/Icing   ( 2156): No valid account for uploading user actions
I/Icing   ( 2156): Usage reports ok 0, Failed Usage reports 0, indexed 0, rejected 0
I/DownloadManager( 1860): Download 132 starting
W/DownloadManager( 1860): Aborting request for download 132: TYPE_DISALLOWED_BY_REQUESTOR
I/Icing   ( 2156): Indexing com.google.android.googlequicksearchbox-applications from com.google.android.googlequicksearchbox
I/DownloadManager( 1860): Download 132 finished with status WAITING_FOR_NETWORK
I/Icing   ( 2156): Indexing com.google.android.gms-apps from com.google.android.gms
I/Icing   ( 2156): Indexing com.google.android.gms-internal.3p:MobileApplication from com.google.android.gms
I/Icing   ( 2156): Indexing done com.google.android.googlequicksearchbox-applications
I/Icing   ( 2156): Indexing done com.google.android.gms-apps
I/Icing   ( 2156): Indexing done com.google.android.gms-internal.3p:MobileApplication
D/AndroidRuntime(21004): 
D/AndroidRuntime(21004): >>>>>> AndroidRuntime START com.android.internal.os.RuntimeInit <<<<<<
W/linker  (21004): libdvm.so has text relocations. This is wasting memory and is a security risk. Please fix.
D/AndroidRuntime(21004): CheckJNI is ON
D/dalvikvm(21004): Trying to load lib libjavacore.so 0x0
D/dalvikvm(21004): Added shared lib libjavacore.so 0x0
D/dalvikvm(21004): Trying to load lib libnativehelper.so 0x0
D/dalvikvm(21004): Added shared lib libnativehelper.so 0x0
D/dalvikvm(21004): No JNI_OnLoad found in libnativehelper.so 0x0, skipping init
D/dalvikvm(21004): Note: class Landroid/app/ActivityManagerNative; has 179 unimplemented (abstract) methods
E/memtrack(21004): Couldn't load memtrack module (No such file or directory)
E/android.os.Debug(21004): failed to load memtrack module: -2
D/AndroidRuntime(21004): Calling main entry com.android.commands.pm.Pm
D/AndroidRuntime(21004): Shutting down VM
D/dalvikvm(21004): GC_CONCURRENT freed 93K, 15% free 557K/652K, paused 0ms+0ms, total 1ms
D/AndroidRuntime(21015): 
D/AndroidRuntime(21015): >>>>>> AndroidRuntime START com.android.internal.os.RuntimeInit <<<<<<
W/linker  (21015): libdvm.so has text relocations. This is wasting memory and is a security risk. Please fix.
D/AndroidRuntime(21015): CheckJNI is ON
D/dalvikvm(21015): Trying to load lib libjavacore.so 0x0
D/dalvikvm(21015): Added shared lib libjavacore.so 0x0
D/dalvikvm(21015): Trying to load lib libnativehelper.so 0x0
D/dalvikvm(21015): Added shared lib libnativehelper.so 0x0
D/dalvikvm(21015): No JNI_OnLoad found in libnativehelper.so 0x0, skipping init
D/dalvikvm(21015): Note: class Landroid/app/ActivityManagerNative; has 179 unimplemented (abstract) methods
E/memtrack(21015): Couldn't load memtrack module (No such file or directory)
E/android.os.Debug(21015): failed to load memtrack module: -2
D/AndroidRuntime(21015): Calling main entry com.android.commands.pm.Pm
I/ActivityManager( 1570): Force stopping it.unina.android.ripper appid=10191 user=0: clear data
D/keystore( 1149): calling clear_uid in state: 3
I/GeofencerStateMachine( 1786): removeGeofences: removeRequest=RemoveGeofencingRequest[REMOVE_ALL packageName=it.unina.android.ripper]
D/Documents( 4472): Used cached roots for com.android.providers.downloads.documents
D/Documents( 4472): Used cached roots for com.android.externalstorage.documents
D/Documents( 4472): Used cached roots for com.android.providers.media.documents
D/Documents( 4472): Update found 6 roots in 0ms
I/Icing   ( 2156): doRemovePackageData it.unina.android.ripper
D/AndroidRuntime(21015): Shutting down VM
D/dalvikvm(21015): GC_CONCURRENT freed 92K, 15% free 549K/644K, paused 0ms+0ms, total 0ms
D/dalvikvm( 1786): GC_FOR_ALLOC freed 2041K, 24% free 9862K/12976K, paused 10ms, total 10ms
I/Fitness ( 1786): FitCleanupIntentOperation received Intent android.intent.action.PACKAGE_DATA_CLEARED [CONTEXT service_id=17 ]
D/AndroidRuntime(21031): 
D/AndroidRuntime(21031): >>>>>> AndroidRuntime START com.android.internal.os.RuntimeInit <<<<<<
W/linker  (21031): libdvm.so has text relocations. This is wasting memory and is a security risk. Please fix.
D/AndroidRuntime(21031): CheckJNI is ON
D/dalvikvm(21031): Trying to load lib libjavacore.so 0x0
D/dalvikvm(21031): Added shared lib libjavacore.so 0x0
D/dalvikvm(21031): Trying to load lib libnativehelper.so 0x0
D/dalvikvm(21031): Added shared lib libnativehelper.so 0x0
D/dalvikvm(21031): No JNI_OnLoad found in libnativehelper.so 0x0, skipping init
D/dalvikvm(21031): Note: class Landroid/app/ActivityManagerNative; has 179 unimplemented (abstract) methods
E/memtrack(21031): Couldn't load memtrack module (No such file or directory)
E/android.os.Debug(21031): failed to load memtrack module: -2
D/AndroidRuntime(21031): Calling main entry com.android.commands.pm.Pm
I/ActivityManager( 1570): Force stopping it.unina.android.ripper appid=10191 user=-1: uninstall pkg
W/PackageManager( 1570): Couldn't delete native library directory /data/app-lib/it.unina.android.ripper
D/keystore( 1149): calling clear_uid in state: 3
I/GeofencerStateMachine( 1786): removeGeofences: removeRequest=RemoveGeofencingRequest[REMOVE_ALL packageName=it.unina.android.ripper]
W/Launcher.Model( 2665): Nobody to tell about the new app.  Launcher is probably loading.
D/Documents( 4472): Used cached roots for com.android.providers.downloads.documents
D/Documents( 4472): Used cached roots for com.android.externalstorage.documents
D/Documents( 4472): Used cached roots for com.android.providers.media.documents
D/Documents( 4472): Update found 6 roots in 0ms
I/PackageManager( 1570):   Action: "android.intent.action.SENDTO"
I/PackageManager( 1570):   Category: "android.intent.category.DEFAULT"
I/PackageManager( 1570):   Scheme: "sms"
I/ActivityManager( 1570): Force stopping it.unina.android.ripper appid=10191 user=0: pkg removed
I/PackageManager( 1570): Adding preferred activity ComponentInfo{com.android.mms/com.android.mms.ui.ComposeMessageActivity} for user 0 :
I/InputReader( 1570): Reconfiguring input devices.  changes=0x00000010
I/PackageManager( 1570): Adding preferred activity ComponentInfo{com.android.mms/com.android.mms.ui.ComposeMessageActivity} for user 0 :
I/PackageManager( 1570):   Action: "android.intent.action.SENDTO"
I/PackageManager( 1570):   Category: "android.intent.category.DEFAULT"
I/PackageManager( 1570):   Scheme: "smsto"
D/dalvikvm( 1805): GC_FOR_ALLOC freed 457K, 18% free 3636K/4400K, paused 2ms, total 2ms
D/VoicemailCleanupService( 1893): Cleaning up data for package: it.unina.android.ripper
D/BackupManagerService( 1570): Received broadcast Intent { act=android.intent.action.PACKAGE_REMOVED dat=package:it.unina.android.ripper flg=0x4000010 (has extras) }
V/BackupManagerService( 1570): removePackageParticipantsLocked: uid=10191 #1
I/PackageManager( 1570):   Action: "android.intent.action.SENDTO"
I/PackageManager( 1570):   Category: "android.intent.category.DEFAULT"
I/PackageManager( 1570):   Scheme: "mms"
I/PackageManager( 1570):   Action: "android.intent.action.SENDTO"
I/PackageManager( 1570):   Category: "android.intent.category.DEFAULT"
I/PackageManager( 1570):   Scheme: "mmsto"
I/PackageManager( 1570): Adding preferred activity ComponentInfo{com.android.mms/com.android.mms.ui.ComposeMessageActivity} for user 0 :
I/PackageManager( 1570): Adding preferred activity ComponentInfo{com.android.mms/com.android.mms.ui.ComposeMessageActivity} for user 0 :
I/PackageManager( 1570):   Action: "android.intent.action.SENDTO"
I/PackageManager( 1570):   Category: "android.intent.category.DEFAULT"
I/PackageManager( 1570):   Scheme: "sms"
I/PackageManager( 1570): Adding preferred activity ComponentInfo{com.android.mms/com.android.mms.ui.ComposeMessageActivity} for user 0 :
W/Launcher( 2665): setApplicationContext called twice! old=com.google.android.velvet.VelvetApplication@9d090c48 new=com.google.android.velvet.VelvetApplication@9d090c48
I/Fitness ( 1786): FitCleanupIntentOperation received Intent android.intent.action.PACKAGE_REMOVED [CONTEXT service_id=17 ]
W/ContextImpl( 4567): Calling a method in the system process without a qualified user: android.app.ContextImpl.startService:1479 android.content.ContextWrapper.startService:494 android.content.ContextWrapper.startService:494 com.android.keychain.KeyChainBroadcastReceiver.onReceive:12 android.app.ActivityThread.handleReceiver:2419 
I/PackageManager( 1570):   Action: "android.intent.action.SENDTO"
I/PackageManager( 1570):   Category: "android.intent.category.DEFAULT"
I/PackageManager( 1570):   Scheme: "smsto"
I/PackageManager( 1570): Adding preferred activity ComponentInfo{com.android.mms/com.android.mms.ui.ComposeMessageActivity} for user 0 :
I/Icing.InternalIcingCorporaProvider( 2451): Updating corpora: A: it.unina.android.ripper, C: MAYBE
D/dalvikvm( 1570): GC_EXPLICIT freed 1228K, 40% free 10415K/17200K, paused 1ms+10ms, total 71ms
D/dalvikvm( 1805): GC_FOR_ALLOC freed 413K, 17% free 3669K/4400K, paused 2ms, total 2ms
I/PackageManager( 1570):   Action: "android.intent.action.SENDTO"
I/PackageManager( 1570):   Category: "android.intent.category.DEFAULT"
I/PackageManager( 1570):   Scheme: "mms"
I/PackageManager( 1570):   Action: "android.intent.action.SENDTO"
I/PackageManager( 1570):   Category: "android.intent.category.DEFAULT"
I/PackageManager( 1570):   Scheme: "mmsto"
D/AndroidRuntime(21031): Shutting down VM
I/PackageManager( 1570): Adding preferred activity ComponentInfo{com.android.mms/com.android.mms.ui.ComposeMessageActivity} for user 0 :
I/PackageManager( 1570): Adding preferred activity ComponentInfo{com.android.mms/com.android.mms.ui.ComposeMessageActivity} for user 0 :
D/dalvikvm(21031): GC_CONCURRENT freed 92K, 15% free 549K/644K, paused 0ms+0ms, total 1ms
I/Icing   ( 2156): doRemovePackageData it.unina.android.ripper
I/LatinIME:LogUtils( 1773): Dictionary info: dictionary = main:en ; version = 42 ; date = 1381226516
I/Icing   ( 2156): IndexChimeraService.getServiceInterface callingPackage=com.google.android.googlequicksearchbox componentName=null serviceId=21
I/DownloadManager( 1860): Download 133 starting
W/DownloadManager( 1860): Aborting request for download 133: TYPE_DISALLOWED_BY_REQUESTOR
I/DownloadManager( 1860): Download 133 finished with status WAITING_FOR_NETWORK
D/dalvikvm( 2156): GC_FOR_ALLOC freed 1895K, 12% free 21433K/24212K, paused 27ms, total 27ms
W/Icing.InternalIcingCorporaProvider( 2451): Application table change notification failed.
W/Icing   ( 2156): No valid account for uploading user actions
I/Icing   ( 2156): Usage reports ok 0, Failed Usage reports 0, indexed 0, rejected 0
I/Icing   ( 2156): Indexing com.google.android.gms-apps from com.google.android.gms
I/Icing   ( 2156): Indexing done com.google.android.gms-apps
D/AndroidRuntime(21056): 
D/AndroidRuntime(21056): >>>>>> AndroidRuntime START com.android.internal.os.RuntimeInit <<<<<<
W/linker  (21056): libdvm.so has text relocations. This is wasting memory and is a security risk. Please fix.
D/AndroidRuntime(21056): CheckJNI is ON
D/dalvikvm(21056): Trying to load lib libjavacore.so 0x0
D/dalvikvm(21056): Added shared lib libjavacore.so 0x0
D/dalvikvm(21056): Trying to load lib libnativehelper.so 0x0
D/dalvikvm(21056): Added shared lib libnativehelper.so 0x0
D/dalvikvm(21056): No JNI_OnLoad found in libnativehelper.so 0x0, skipping init
D/dalvikvm(21056): Note: class Landroid/app/ActivityManagerNative; has 179 unimplemented (abstract) methods
E/memtrack(21056): Couldn't load memtrack module (No such file or directory)
E/android.os.Debug(21056): failed to load memtrack module: -2
D/AndroidRuntime(21056): Calling main entry com.android.commands.pm.Pm
W/ActivityManager( 1570): No content provider found for permission revoke: file:///sdcard/aut.apk
W/ActivityManager( 1570): No content provider found for permission revoke: file:///sdcard/aut.apk
I/PackageManager( 1570): Copying native libraries to /data/app-lib/vmdl-86256845
D/dalvikvm( 1570): GC_FOR_ALLOC freed 2134K, 42% free 10136K/17200K, paused 8ms, total 8ms
I/PackageManager( 1570): Running dexopt on: com.limelight
W/linker  (21068): libdvm.so has text relocations. This is wasting memory and is a security risk. Please fix.
W/PackageManager( 1570): Package com.limelight desires unavailable shared library com.sec.android.app.multiwindow; ignoring!
D/dalvikvm(21068): DexOpt: load 12ms, verify+opt 100ms, 2241860 bytes
I/ActivityManager( 1570): Force stopping com.limelight appid=10192 user=-1: update pkg
I/InputReader( 1570): Reconfiguring input devices.  changes=0x00000010
W/Launcher.Model( 2665): Nobody to tell about the new app.  Launcher is probably loading.
W/PackageManager( 1570): Unknown permission com.android.providers.tv.permission.READ_EPG_DATA in package com.limelight
W/PackageManager( 1570): Unknown permission com.android.providers.tv.permission.WRITE_EPG_DATA in package com.limelight
D/Documents( 4472): Used cached roots for com.android.providers.downloads.documents
D/Documents( 4472): Used cached roots for com.android.externalstorage.documents
D/Documents( 4472): Used cached roots for com.android.providers.media.documents
D/Documents( 4472): Update found 6 roots in 3ms
I/PackageManager( 1570):   Action: "android.intent.action.SENDTO"
I/PackageManager( 1570):   Category: "android.intent.category.DEFAULT"
I/PackageManager( 1570):   Scheme: "sms"
I/PackageManager( 1570): Adding preferred activity ComponentInfo{com.android.mms/com.android.mms.ui.ComposeMessageActivity} for user 0 :
I/PackageManager( 1570):   Action: "android.intent.action.SENDTO"
I/PackageManager( 1570):   Category: "android.intent.category.DEFAULT"
I/PackageManager( 1570):   Scheme: "smsto"
D/dalvikvm( 1805): GC_FOR_ALLOC freed 455K, 18% free 3635K/4400K, paused 2ms, total 2ms
I/PackageManager( 1570): Adding preferred activity ComponentInfo{com.android.mms/com.android.mms.ui.ComposeMessageActivity} for user 0 :
D/BackupManagerService( 1570): Received broadcast Intent { act=android.intent.action.PACKAGE_ADDED dat=package:com.limelight flg=0x4000010 (has extras) }
V/BackupManagerService( 1570): addPackageParticipantsLocked: #1
I/PackageManager( 1570):   Action: "android.intent.action.SENDTO"
I/PackageManager( 1570):   Category: "android.intent.category.DEFAULT"
I/PackageManager( 1570):   Scheme: "mms"
I/Auth    ( 2156): [SupervisedAccountIntentOperation] onHandleIntent(): android.intent.action.PACKAGE_ADDED
I/PackageManager( 1570): Adding preferred activity ComponentInfo{com.android.mms/com.android.mms.ui.ComposeMessageActivity} for user 0 :
I/ChromeSync( 2156): [Sync,SyncIntentOperation] Handling the intent: Intent { act=android.intent.action.PACKAGE_ADDED dat=package:com.limelight flg=0x4000010 cmp=com.google.android.gms/.chimera.GmsIntentOperationService (has extras) }.
W/GCM     ( 1786): Unexpected forwarded intent: Intent { act=android.intent.action.PACKAGE_ADDED dat=package:com.limelight flg=0x4000010 cmp=com.google.android.gms/.chimera.PersistentIntentOperationService (has extras) }
I/PackageManager( 1570):   Action: "android.intent.action.SENDTO"
I/PackageManager( 1570):   Category: "android.intent.category.DEFAULT"
I/PackageManager( 1570):   Scheme: "mmsto"
W/GCM     ( 1786): Unexpected forwarded intent: Intent { act=android.intent.action.PACKAGE_ADDED dat=package:com.limelight flg=0x4000010 cmp=com.google.android.gms/.chimera.PersistentIntentOperationService (has extras) }
I/PackageManager( 1570):   Action: "android.intent.action.SENDTO"
I/PackageManager( 1570):   Category: "android.intent.category.DEFAULT"
I/PackageManager( 1570):   Scheme: "sms"
I/Icing.InternalIcingCorporaProvider( 2451): Updating corpora: A: com.limelight, C: MAYBE
E/GmsClient( 2156): unable to connect to service: com.google.android.gms.auth.key.retrieval.service.START on com.google.android.gms
I/PackageManager( 1570): Adding preferred activity ComponentInfo{com.android.mms/com.android.mms.ui.ComposeMessageActivity} for user 0 :
W/ActivityManager( 1570): Unable to start service Intent { act=com.google.android.gms.auth.key.retrieval.service.START pkg=com.google.android.gms } U=0: not found
W/ActivityManager( 1570): Unbind failed: could not find connection for android.os.BinderProxy@9d3c5fa0
I/PackageManager( 1570): Adding preferred activity ComponentInfo{com.android.mms/com.android.mms.ui.ComposeMessageActivity} for user 0 :
I/PackageManager( 1570):   Action: "android.intent.action.SENDTO"
I/PackageManager( 1570):   Category: "android.intent.category.DEFAULT"
I/PackageManager( 1570):   Scheme: "smsto"
I/ChromeSync( 2156): [Persistence,AffiliationManager] One of affiliation or grouping data for android://KSmUCdTXmQS-j9D_O8l1jvyu41Pjn2mc5cb0Gvx1e9H1Aj4JCzHs_uTW26nbtH65K-YfijtBsQxGp-8R6k6HFg==@com.limelight/ was not found. Marking affiliation data as stale...
I/PackageManager( 1570): Adding preferred activity ComponentInfo{com.android.mms/com.android.mms.ui.ComposeMessageActivity} for user 0 :
D/dalvikvm( 1805): GC_FOR_ALLOC freed 410K, 17% free 3668K/4400K, paused 1ms, total 2ms
I/PackageManager( 1570):   Action: "android.intent.action.SENDTO"
I/PackageManager( 1570):   Category: "android.intent.category.DEFAULT"
I/PackageManager( 1570):   Scheme: "mms"
I/PackageManager( 1570): Adding preferred activity ComponentInfo{com.android.mms/com.android.mms.ui.ComposeMessageActivity} for user 0 :
D/dalvikvm( 1570): GC_EXPLICIT freed 1760K, 41% free 10168K/17200K, paused 1ms+5ms, total 100ms
D/dalvikvm( 1570): WAIT_FOR_CONCURRENT_GC blocked 2ms
D/dalvikvm( 1570): WAIT_FOR_CONCURRENT_GC blocked 8ms
D/dalvikvm( 1570): WAIT_FOR_CONCURRENT_GC blocked 9ms
D/AndroidRuntime(21056): Shutting down VM
D/dalvikvm( 1570): WAIT_FOR_CONCURRENT_GC blocked 10ms
D/dalvikvm(21056): GC_CONCURRENT freed 93K, 15% free 552K/648K, paused 0ms+0ms, total 1ms
I/PackageManager( 1570):   Action: "android.intent.action.SENDTO"
I/PackageManager( 1570):   Category: "android.intent.category.DEFAULT"
I/PackageManager( 1570):   Scheme: "mmsto"
I/Icing   ( 2156): IndexChimeraService.getServiceInterface callingPackage=com.google.android.googlequicksearchbox componentName=null serviceId=21
I/PackageManager( 1570): Adding preferred activity ComponentInfo{com.android.mms/com.android.mms.ui.ComposeMessageActivity} for user 0 :
W/Icing   ( 2156): No valid account for uploading user actions
I/Icing   ( 2156): Usage reports ok 0, Failed Usage reports 0, indexed 0, rejected 0
I/Icing   ( 2156): Indexing com.google.android.googlequicksearchbox-applications from com.google.android.googlequicksearchbox
I/Icing   ( 2156): Indexing com.google.android.gms-apps from com.google.android.gms
I/Icing   ( 2156): Indexing done com.google.android.googlequicksearchbox-applications
I/Icing   ( 2156): Indexing done com.google.android.gms-apps
I/Icing   ( 2156): Indexing com.google.android.gms-internal.3p:MobileApplication from com.google.android.gms
I/Icing   ( 2156): Indexing done com.google.android.gms-internal.3p:MobileApplication
D/AndroidRuntime(21076): 
D/AndroidRuntime(21076): >>>>>> AndroidRuntime START com.android.internal.os.RuntimeInit <<<<<<
W/linker  (21076): libdvm.so has text relocations. This is wasting memory and is a security risk. Please fix.
D/AndroidRuntime(21076): CheckJNI is ON
D/dalvikvm(21076): Trying to load lib libjavacore.so 0x0
D/dalvikvm(21076): Added shared lib libjavacore.so 0x0
D/dalvikvm(21076): Trying to load lib libnativehelper.so 0x0
D/dalvikvm(21076): Added shared lib libnativehelper.so 0x0
D/dalvikvm(21076): No JNI_OnLoad found in libnativehelper.so 0x0, skipping init
D/dalvikvm(21076): Note: class Landroid/app/ActivityManagerNative; has 179 unimplemented (abstract) methods
E/memtrack(21076): Couldn't load memtrack module (No such file or directory)
E/android.os.Debug(21076): failed to load memtrack module: -2
D/AndroidRuntime(21076): Calling main entry com.android.commands.pm.Pm
W/ActivityManager( 1570): No content provider found for permission revoke: file:///sdcard/ripper.apk
W/ActivityManager( 1570): No content provider found for permission revoke: file:///sdcard/ripper.apk
I/PackageManager( 1570): Copying native libraries to /data/app-lib/vmdl-1654060153
I/PackageManager( 1570): Running dexopt on: it.unina.android.ripper
I/PackageParser( 1570): it.unina.android.ripper: compat added android.permission.WRITE_EXTERNAL_STORAGE android.permission.READ_PHONE_STATE
W/linker  (21087): libdvm.so has text relocations. This is wasting memory and is a security risk. Please fix.
D/dalvikvm(21087): DexOpt: load 2ms, verify+opt 19ms, 936700 bytes
I/ActivityManager( 1570): Force stopping it.unina.android.ripper appid=10193 user=-1: update pkg
D/BackupManagerService( 1570): Received broadcast Intent { act=android.intent.action.PACKAGE_ADDED dat=package:it.unina.android.ripper flg=0x4000010 (has extras) }
W/Launcher.Model( 2665): Nobody to tell about the new app.  Launcher is probably loading.
D/Documents( 4472): Used cached roots for com.android.providers.downloads.documents
D/Documents( 4472): Used cached roots for com.android.externalstorage.documents
D/Documents( 4472): Used cached roots for com.android.providers.media.documents
D/Documents( 4472): Update found 6 roots in 15ms
I/InputReader( 1570): Reconfiguring input devices.  changes=0x00000010
I/PackageManager( 1570):   Action: "android.intent.action.SENDTO"
I/PackageManager( 1570):   Category: "android.intent.category.DEFAULT"
I/PackageManager( 1570):   Scheme: "sms"
V/BackupManagerService( 1570): addPackageParticipantsLocked: #1
I/PackageManager( 1570): Adding preferred activity ComponentInfo{com.android.mms/com.android.mms.ui.ComposeMessageActivity} for user 0 :
D/dalvikvm( 1570): GC_EXPLICIT freed 1263K, 41% free 10184K/17200K, paused 3ms+7ms, total 29ms
D/AndroidRuntime(21076): Shutting down VM
D/dalvikvm(21076): GC_CONCURRENT freed 93K, 15% free 552K/648K, paused 0ms+0ms, total 5ms
I/Auth    ( 2156): [SupervisedAccountIntentOperation] onHandleIntent(): android.intent.action.PACKAGE_ADDED
I/ChromeSync( 2156): [Sync,SyncIntentOperation] Handling the intent: Intent { act=android.intent.action.PACKAGE_ADDED dat=package:it.unina.android.ripper flg=0x4000010 cmp=com.google.android.gms/.chimera.GmsIntentOperationService (has extras) }.
I/FontLog ( 2156): Package it.unina.android.ripper has no metadata [CONTEXT service_id=132 ]
W/GCM     ( 1786): Unexpected forwarded intent: Intent { act=android.intent.action.PACKAGE_ADDED dat=package:it.unina.android.ripper flg=0x4000010 cmp=com.google.android.gms/.chimera.PersistentIntentOperationService (has extras) }
W/GCM     ( 1786): Unexpected forwarded intent: Intent { act=android.intent.action.PACKAGE_ADDED dat=package:it.unina.android.ripper flg=0x4000010 cmp=com.google.android.gms/.chimera.PersistentIntentOperationService (has extras) }
I/ChromeSync( 2156): [Persistence,AffiliationManager] One of affiliation or grouping data for android://KSmUCdTXmQS-j9D_O8l1jvyu41Pjn2mc5cb0Gvx1e9H1Aj4JCzHs_uTW26nbtH65K-YfijtBsQxGp-8R6k6HFg==@it.unina.android.ripper/ was not found. Marking affiliation data as stale...
I/Icing.InternalIcingCorporaProvider( 2451): Updating corpora: A: it.unina.android.ripper, C: MAYBE
I/PackageManager( 1570):   Action: "android.intent.action.SENDTO"
I/PackageManager( 1570):   Category: "android.intent.category.DEFAULT"
I/PackageManager( 1570):   Scheme: "smsto"
I/PackageManager( 1570): Adding preferred activity ComponentInfo{com.android.mms/com.android.mms.ui.ComposeMessageActivity} for user 0 :
D/dalvikvm( 1805): GC_FOR_ALLOC freed 452K, 18% free 3635K/4400K, paused 2ms, total 3ms
I/PackageManager( 1570):   Action: "android.intent.action.SENDTO"
I/PackageManager( 1570):   Category: "android.intent.category.DEFAULT"
I/PackageManager( 1570):   Scheme: "mms"
I/PackageManager( 1570): Adding preferred activity ComponentInfo{com.android.mms/com.android.mms.ui.ComposeMessageActivity} for user 0 :
I/PackageManager( 1570):   Action: "android.intent.action.SENDTO"
I/PackageManager( 1570):   Category: "android.intent.category.DEFAULT"
I/PackageManager( 1570):   Scheme: "mmsto"
I/PackageManager( 1570): Adding preferred activity ComponentInfo{com.android.mms/com.android.mms.ui.ComposeMessageActivity} for user 0 :
I/PackageManager( 1570):   Action: "android.intent.action.SENDTO"
I/PackageManager( 1570):   Category: "android.intent.category.DEFAULT"
I/PackageManager( 1570):   Scheme: "sms"
I/PackageManager( 1570):   Action: "android.intent.action.SENDTO"
I/PackageManager( 1570):   Category: "android.intent.category.DEFAULT"
I/PackageManager( 1570):   Scheme: "smsto"
I/PackageManager( 1570): Adding preferred activity ComponentInfo{com.android.mms/com.android.mms.ui.ComposeMessageActivity} for user 0 :
I/PackageManager( 1570): Adding preferred activity ComponentInfo{com.android.mms/com.android.mms.ui.ComposeMessageActivity} for user 0 :
D/dalvikvm( 1805): GC_FOR_ALLOC freed 410K, 17% free 3668K/4400K, paused 2ms, total 3ms
D/dalvikvm( 2156): GC_FOR_ALLOC freed 1974K, 12% free 21507K/24212K, paused 40ms, total 40ms
I/PackageManager( 1570):   Action: "android.intent.action.SENDTO"
I/PackageManager( 1570):   Category: "android.intent.category.DEFAULT"
I/PackageManager( 1570):   Scheme: "mms"
I/Icing   ( 2156): IndexChimeraService.getServiceInterface callingPackage=com.google.android.googlequicksearchbox componentName=null serviceId=21
I/PackageManager( 1570):   Action: "android.intent.action.SENDTO"
I/PackageManager( 1570):   Category: "android.intent.category.DEFAULT"
I/PackageManager( 1570):   Scheme: "mmsto"
I/PackageManager( 1570): Adding preferred activity ComponentInfo{com.android.mms/com.android.mms.ui.ComposeMessageActivity} for user 0 :
I/PackageManager( 1570): Adding preferred activity ComponentInfo{com.android.mms/com.android.mms.ui.ComposeMessageActivity} for user 0 :
W/Icing.InternalIcingCorporaProvider( 2451): Application table change notification failed.
W/Icing   ( 2156): No valid account for uploading user actions
I/Icing   ( 2156): Usage reports ok 0, Failed Usage reports 0, indexed 0, rejected 0
I/Icing   ( 2156): Indexing com.google.android.gms-apps from com.google.android.gms
I/Icing   ( 2156): Indexing done com.google.android.gms-apps
D/AndroidRuntime(21093): 
D/AndroidRuntime(21093): >>>>>> AndroidRuntime START com.android.internal.os.RuntimeInit <<<<<<
W/linker  (21093): libdvm.so has text relocations. This is wasting memory and is a security risk. Please fix.
D/AndroidRuntime(21093): CheckJNI is ON
D/dalvikvm(21093): Trying to load lib libjavacore.so 0x0
D/dalvikvm(21093): Added shared lib libjavacore.so 0x0
D/dalvikvm(21093): Trying to load lib libnativehelper.so 0x0
D/dalvikvm(21093): Added shared lib libnativehelper.so 0x0
D/dalvikvm(21093): No JNI_OnLoad found in libnativehelper.so 0x0, skipping init
D/dalvikvm(21093): Note: class Landroid/app/ActivityManagerNative; has 179 unimplemented (abstract) methods
E/memtrack(21093): Couldn't load memtrack module (No such file or directory)
E/android.os.Debug(21093): failed to load memtrack module: -2
D/AndroidRuntime(21093): Calling main entry com.android.commands.am.Am
I/ActivityManager( 1570): Force stopping com.limelight appid=10192 user=0: start instr
D/dalvikvm( 1145): GC_EXPLICIT freed 39K, 8% free 2993K/3220K, paused 0ms+1ms, total 3ms
I/ActivityManager( 1570): Start proc com.limelight for added application com.limelight: pid=21104 uid=10192 gids={50192, 3003}
D/dalvikvm( 1145): GC_EXPLICIT freed <1K, 8% free 2993K/3220K, paused 1ms+0ms, total 5ms
D/dalvikvm( 1145): GC_EXPLICIT freed <1K, 8% free 2993K/3220K, paused 0ms+0ms, total 2ms
I/dalvikvm(21104): Could not find method android.graphics.ImageDecoder.createSource, referenced from method com.limelight.grid.assets.DiskAssetLoader.loadBitmapFromCache
W/dalvikvm(21104): VFY: unable to resolve static method 235: Landroid/graphics/ImageDecoder;.createSource (Ljava/io/File;)Landroid/graphics/ImageDecoder$Source;
D/dalvikvm(21104): VFY: replacing opcode 0x71 at 0x00da
D/dalvikvm(21104): DexOpt: couldn't find static field Landroid/graphics/Bitmap$Config;.HARDWARE
W/dalvikvm(21104): VFY: unable to resolve static field 5 (HARDWARE) in Landroid/graphics/Bitmap$Config;
D/dalvikvm(21104): VFY: replacing opcode 0x62 at 0x00a0
I/dalvikvm(21104): Failed resolving Lcom/limelight/grid/assets/DiskAssetLoader$1; interface 60 'Landroid/graphics/ImageDecoder$OnHeaderDecodedListener;'
W/dalvikvm(21104): Link of class 'Lcom/limelight/grid/assets/DiskAssetLoader$1;' failed
D/dalvikvm(21104): DexOpt: unable to opt direct call 0x063b at 0xe0 in Lcom/limelight/grid/assets/DiskAssetLoader;.loadBitmapFromCache
I/TestRunner(21104): started: testApplication(it.unina.android.ripper.RipperTestCase)
V/AndroidRipperService(20188): register()
I/ActivityManager( 1570): START u0 {act=android.intent.action.MAIN flg=0x10000000 cmp=com.limelight/.PcView} from pid 21104
D/dalvikvm( 1570): GC_FOR_ALLOC freed 1652K, 42% free 10004K/17200K, paused 13ms, total 13ms
D/gralloc_ranchu( 1144): gralloc_alloc: Creating ashmem region of size 7753728
I/dalvikvm(21104): Failed resolving Lcom/limelight/utils/UiHelper$1; interface 160 'Landroid/view/View$OnApplyWindowInsetsListener;'
W/dalvikvm(21104): Link of class 'Lcom/limelight/utils/UiHelper$1;' failed
E/dalvikvm(21104): Could not find class 'com.limelight.utils.UiHelper$1', referenced from method com.limelight.utils.UiHelper.applyStatusBarPadding
W/dalvikvm(21104): VFY: unable to resolve new-instance 456 (Lcom/limelight/utils/UiHelper$1;) in Lcom/limelight/utils/UiHelper;
D/dalvikvm(21104): VFY: replacing opcode 0x22 at 0x0006
D/dalvikvm(21104): DexOpt: couldn't find field Landroid/view/WindowManager$LayoutParams;.layoutInDisplayCutoutMode
W/dalvikvm(21104): VFY: unable to resolve instance field 43
D/dalvikvm(21104): VFY: replacing opcode 0x59 at 0x001e
I/dalvikvm(21104): Failed resolving Lcom/limelight/utils/UiHelper$2; interface 160 'Landroid/view/View$OnApplyWindowInsetsListener;'
W/dalvikvm(21104): Link of class 'Lcom/limelight/utils/UiHelper$2;' failed
E/dalvikvm(21104): Could not find class 'com.limelight.utils.UiHelper$2', referenced from method com.limelight.utils.UiHelper.notifyNewRootView
W/dalvikvm(21104): VFY: unable to resolve new-instance 457 (Lcom/limelight/utils/UiHelper$2;) in Lcom/limelight/utils/UiHelper;
D/dalvikvm(21104): VFY: replacing opcode 0x22 at 0x0045
I/dalvikvm(21104): Failed resolving Lcom/limelight/utils/UiHelper$1; interface 160 'Landroid/view/View$OnApplyWindowInsetsListener;'
W/dalvikvm(21104): Link of class 'Lcom/limelight/utils/UiHelper$1;' failed
D/dalvikvm(21104): DexOpt: unable to opt direct call 0x0862 at 0x08 in Lcom/limelight/utils/UiHelper;.applyStatusBarPadding
I/dalvikvm(21104): Failed resolving Lcom/limelight/utils/UiHelper$2; interface 160 'Landroid/view/View$OnApplyWindowInsetsListener;'
W/dalvikvm(21104): Link of class 'Lcom/limelight/utils/UiHelper$2;' failed
D/dalvikvm(21104): DexOpt: unable to opt direct call 0x0864 at 0x47 in Lcom/limelight/utils/UiHelper;.notifyNewRootView
D/        (21104): HostConnection::get() New Host Connection established 0xb900b280, tid 21104
D/EGL_emulation(21104): eglCreateContext: 0xb900b4c0: maj 3 min 0 rcv 3
D/EGL_emulation(21104): eglMakeCurrent: 0xb900b4c0: ver 3 0
E/eglCodecCommon(21104): glUtilsParamSize: unknow param 0x00008cdf
E/eglCodecCommon(21104): glUtilsParamSize: unknow param 0x00008824
E/EGL_emulation(21104): tid 21104: eglSurfaceAttrib(1199): error 0x3009 (EGL_BAD_MATCH)
W/HardwareRenderer(21104): Backbuffer cannot be preserved
D/OpenGLRenderer(21104): Enabling debug mode 0
D/        (21104): HostConnection::get() New Host Connection established 0xb9029a90, tid 21119
D/EGL_emulation(21104): eglCreateContext: 0xb900b750: maj 1 min 0 rcv 1
D/EGL_emulation(21104): eglMakeCurrent: 0xb900b750: ver 1 0
I/com.limelight.LimeLog(21104): Fetched GL Renderer: Android Emulator OpenGL ES Translator (Intel(R) Iris(TM) Plus Graphics 640)
E/dalvikvm(21104): Could not find class 'android.content.pm.ShortcutManager', referenced from method com.limelight.utils.ShortcutHelper.<init>
W/dalvikvm(21104): VFY: unable to resolve const-class 45 (Landroid/content/pm/ShortcutManager;) in Lcom/limelight/utils/ShortcutHelper;
