E/memtrack(22563): Couldn't load memtrack module (No such file or directory)
E/android.os.Debug(22563): failed to load memtrack module: -2
D/AndroidRuntime(22563): Calling main entry com.android.commands.pm.Pm
D/AndroidRuntime(22563): Shutting down VM
D/dalvikvm(22563): GC_CONCURRENT freed 93K, 15% free 557K/652K, paused 0ms+0ms, total 1ms
D/AndroidRuntime(22576): 
D/AndroidRuntime(22576): >>>>>> AndroidRuntime START com.android.internal.os.RuntimeInit <<<<<<
W/linker  (22576): libdvm.so has text relocations. This is wasting memory and is a security risk. Please fix.
D/AndroidRuntime(22576): CheckJNI is ON
D/dalvikvm(22576): Trying to load lib libjavacore.so 0x0
D/dalvikvm(22576): Added shared lib libjavacore.so 0x0
D/dalvikvm(22576): Trying to load lib libnativehelper.so 0x0
D/dalvikvm(22576): Added shared lib libnativehelper.so 0x0
D/dalvikvm(22576): No JNI_OnLoad found in libnativehelper.so 0x0, skipping init
D/dalvikvm(22576): Note: class Landroid/app/ActivityManagerNative; has 179 unimplemented (abstract) methods
E/memtrack(22576): Couldn't load memtrack module (No such file or directory)
E/android.os.Debug(22576): failed to load memtrack module: -2
D/AndroidRuntime(22576): Calling main entry com.android.commands.pm.Pm
W/InputDispatcher( 1570): channel '9d7ccb30 com.limelight/com.limelight.preferences.AddComputerManually (server)' ~ Consumer closed input channel or an error occurred.  events=0x9
E/InputDispatcher( 1570): channel '9d7ccb30 com.limelight/com.limelight.preferences.AddComputerManually (server)' ~ Channel is unrecoverably broken and will be disposed!
W/InputDispatcher( 1570): channel '9d0ec490 AtchDlg:com.limelight/com.limelight.preferences.AddComputerManually (server)' ~ Consumer closed input channel or an error occurred.  events=0x9
E/InputDispatcher( 1570): channel '9d0ec490 AtchDlg:com.limelight/com.limelight.preferences.AddComputerManually (server)' ~ Channel is unrecoverably broken and will be disposed!
W/InputDispatcher( 1570): channel '9da8ab50 com.limelight/com.limelight.PcView (server)' ~ Consumer closed input channel or an error occurred.  events=0x9
E/InputDispatcher( 1570): channel '9da8ab50 com.limelight/com.limelight.PcView (server)' ~ Channel is unrecoverably broken and will be disposed!
I/ActivityManager( 1570): Force stopping com.limelight appid=10192 user=0: clear data
I/ActivityManager( 1570): Killing 21104:com.limelight/u0a192 (adj 0): stop com.limelight
W/ActivityManager( 1570): Force removing ActivityRecord{9db64008 u0 com.limelight/.preferences.AddComputerManually t69}: app died, no saved state
W/ActivityManager( 1570): Crash of app com.limelight running instrumentation ComponentInfo{it.unina.android.ripper/android.test.InstrumentationTestRunner}
W/InputDispatcher( 1570): Attempted to unregister already unregistered input channel '9da8ab50 com.limelight/com.limelight.PcView (server)'
W/InputDispatcher( 1570): Attempted to unregister already unregistered input channel '9d7ccb30 com.limelight/com.limelight.preferences.AddComputerManually (server)'
W/InputDispatcher( 1570): Attempted to unregister already unregistered input channel '9d0ec490 AtchDlg:com.limelight/com.limelight.preferences.AddComputerManually (server)'
I/GeofencerStateMachine( 1786): removeGeofences: removeRequest=RemoveGeofencingRequest[REMOVE_ALL packageName=com.limelight]
D/EGL_emulation( 1949): eglMakeCurrent: 0xb90a06f0: ver 3 0
D/Documents( 4472): Used cached roots for com.android.providers.downloads.documents
D/Documents( 4472): Used cached roots for com.android.externalstorage.documents
D/Documents( 4472): Used cached roots for com.android.providers.media.documents
D/Documents( 4472): Update found 6 roots in 4ms
D/keystore( 1149): calling clear_uid in state: 3
I/WindowState( 1570): WIN DEATH: Window{9da8ab50 u0 com.limelight/com.limelight.PcView}
I/WindowState( 1570): WIN DEATH: Window{9d7ccb30 u0 com.limelight/com.limelight.preferences.AddComputerManually}
W/WindowManager( 1570): Force-removing child win Window{9d0ec490 u0 AtchDlg:com.limelight/com.limelight.preferences.AddComputerManually} from container Window{9d7ccb30 u0 com.limelight/com.limelight.preferences.AddComputerManually}
I/ActivityManager( 1570): Force stopping com.limelight appid=10192 user=0: finished inst
W/WindowManager( 1570): Failed looking up window
W/WindowManager( 1570): java.lang.IllegalArgumentException: Requested window android.os.BinderProxy@9d0ec270 does not exist
W/WindowManager( 1570): 	at com.android.server.wm.WindowManagerService.windowForClientLocked(WindowManagerService.java:7923)
W/WindowManager( 1570): 	at com.android.server.wm.WindowManagerService.windowForClientLocked(WindowManagerService.java:7914)
W/WindowManager( 1570): 	at com.android.server.wm.WindowState$DeathRecipient.binderDied(WindowState.java:1047)
W/WindowManager( 1570): 	at android.os.BinderProxy.sendDeathNotice(Binder.java:493)
W/WindowManager( 1570): 	at dalvik.system.NativeStart.run(Native Method)
I/WindowState( 1570): WIN DEATH: null
I/ActivityManager( 1570):   Force finishing activity ActivityRecord{9d695e28 u0 com.limelight/.PcView t69}
I/ActivityManager( 1570):   Force finishing activity ActivityRecord{9d695e28 u0 com.limelight/.PcView t69 f}
W/ActivityManager( 1570): Duplicate finish request for ActivityRecord{9d695e28 u0 com.limelight/.PcView t69 f}
D/AndroidRuntime(22576): Shutting down VM
D/dalvikvm(22576): GC_CONCURRENT freed 92K, 15% free 549K/644K, paused 0ms+0ms, total 0ms
I/Fitness ( 1786): FitCleanupIntentOperation received Intent android.intent.action.PACKAGE_DATA_CLEARED [CONTEXT service_id=17 ]
D/EGL_emulation( 1949): eglMakeCurrent: 0xb90a06f0: ver 3 0
E/EGL_emulation( 1949): tid 1949: eglSurfaceAttrib(1199): error 0x3009 (EGL_BAD_MATCH)
W/HardwareRenderer( 1949): Backbuffer cannot be preserved
W/Binder  ( 1773): Caught a RuntimeException from the binder stub implementation.
W/Binder  ( 1773): java.lang.NullPointerException
W/Binder  ( 1773): 	at android.inputmethodservice.IInputMethodWrapper.setSessionEnabled(IInputMethodWrapper.java:280)
W/Binder  ( 1773): 	at com.android.internal.view.IInputMethod$Stub.onTransact(IInputMethod.java:129)
W/Binder  ( 1773): 	at android.os.Binder.execTransact(Binder.java:404)
W/Binder  ( 1773): 	at dalvik.system.NativeStart.run(Native Method)
W/InputMethodManagerService( 1570): Got RemoteException sending setActive(false) notification to pid 21104 uid 10192
I/Icing   ( 2156): doRemovePackageData com.limelight
D/dalvikvm( 1949): GC_FOR_ALLOC freed 8848K, 34% free 18008K/27284K, paused 7ms, total 7ms
I/dalvikvm-heap( 1949): Grow heap (frag case) to 24.887MB for 7464972-byte allocation
D/dalvikvm( 1949): GC_FOR_ALLOC freed 1K, 8% free 25297K/27284K, paused 10ms, total 10ms
D/AndroidRuntime(22600): 
D/AndroidRuntime(22600): >>>>>> AndroidRuntime START com.android.internal.os.RuntimeInit <<<<<<
W/linker  (22600): libdvm.so has text relocations. This is wasting memory and is a security risk. Please fix.
D/AndroidRuntime(22600): CheckJNI is ON
D/dalvikvm(22600): Trying to load lib libjavacore.so 0x0
D/dalvikvm(22600): Added shared lib libjavacore.so 0x0
D/dalvikvm(22600): Trying to load lib libnativehelper.so 0x0
D/dalvikvm(22600): Added shared lib libnativehelper.so 0x0
D/dalvikvm(22600): No JNI_OnLoad found in libnativehelper.so 0x0, skipping init
D/dalvikvm(22600): Note: class Landroid/app/ActivityManagerNative; has 179 unimplemented (abstract) methods
E/memtrack(22600): Couldn't load memtrack module (No such file or directory)
E/android.os.Debug(22600): failed to load memtrack module: -2
D/AndroidRuntime(22600): Calling main entry com.android.commands.pm.Pm
I/ActivityManager( 1570): Force stopping com.limelight appid=10192 user=-1: uninstall pkg
W/PackageManager( 1570): Couldn't delete native library directory /data/app-lib/com.limelight
D/keystore( 1149): calling clear_uid in state: 3
I/ActivityManager( 1570): Force stopping com.limelight appid=10192 user=0: pkg removed
D/dalvikvm( 2665): GC_EXPLICIT freed 161K, 15% free 3634K/4268K, paused 0ms+0ms, total 2ms
D/dalvikvm( 2451): GC_EXPLICIT freed 215K, 19% free 3417K/4208K, paused 1ms+0ms, total 3ms
D/dalvikvm( 2156): GC_EXPLICIT freed 1259K, 13% free 21286K/24212K, paused 1ms+1ms, total 25ms
I/GeofencerStateMachine( 1786): removeGeofences: removeRequest=RemoveGeofencingRequest[REMOVE_ALL packageName=com.limelight]
W/Launcher.Model( 2665): Nobody to tell about the new app.  Launcher is probably loading.
D/Documents( 4472): Used cached roots for com.android.providers.downloads.documents
D/Documents( 4472): Used cached roots for com.android.externalstorage.documents
D/Documents( 4472): Used cached roots for com.android.providers.media.documents
D/Documents( 4472): Update found 6 roots in 1ms
D/dalvikvm( 1570): GC_EXPLICIT freed 2225K, 50% free 8722K/17200K, paused 3ms+7ms, total 21ms
D/dalvikvm( 1570): WAIT_FOR_CONCURRENT_GC blocked 3ms
D/dalvikvm( 1570): WAIT_FOR_CONCURRENT_GC blocked 3ms
D/dalvikvm( 1570): WAIT_FOR_CONCURRENT_GC blocked 3ms
D/dalvikvm( 1570): WAIT_FOR_CONCURRENT_GC blocked 3ms
D/dalvikvm( 1570): WAIT_FOR_CONCURRENT_GC blocked 4ms
D/dalvikvm( 1570): WAIT_FOR_CONCURRENT_GC blocked 4ms
I/PackageManager( 1570):   Action: "android.intent.action.SENDTO"
I/PackageManager( 1570):   Category: "android.intent.category.DEFAULT"
I/PackageManager( 1570):   Scheme: "sms"
I/PackageManager( 1570): Adding preferred activity ComponentInfo{com.android.mms/com.android.mms.ui.ComposeMessageActivity} for user 0 :
D/VoicemailCleanupService( 1893): Cleaning up data for package: com.limelight
I/InputReader( 1570): Reconfiguring input devices.  changes=0x00000010
I/PackageManager( 1570):   Action: "android.intent.action.SENDTO"
I/PackageManager( 1570):   Category: "android.intent.category.DEFAULT"
I/PackageManager( 1570):   Scheme: "smsto"
I/PackageManager( 1570): Adding preferred activity ComponentInfo{com.android.mms/com.android.mms.ui.ComposeMessageActivity} for user 0 :
D/dalvikvm( 1805): GC_FOR_ALLOC freed 510K, 18% free 3637K/4400K, paused 2ms, total 3ms
I/PackageManager( 1570):   Action: "android.intent.action.SENDTO"
I/PackageManager( 1570):   Category: "android.intent.category.DEFAULT"
I/PackageManager( 1570):   Scheme: "mms"
D/BackupManagerService( 1570): Received broadcast Intent { act=android.intent.action.PACKAGE_REMOVED dat=package:com.limelight flg=0x4000010 (has extras) }
V/BackupManagerService( 1570): removePackageParticipantsLocked: uid=10192 #1
I/PackageManager( 1570): Adding preferred activity ComponentInfo{com.android.mms/com.android.mms.ui.ComposeMessageActivity} for user 0 :
I/Fitness ( 1786): FitCleanupIntentOperation received Intent android.intent.action.PACKAGE_REMOVED [CONTEXT service_id=17 ]
I/ContentMaintenance( 2156): Internal cache bytes used: 0; limit: 39526809; download size: 0
I/PackageManager( 1570):   Action: "android.intent.action.SENDTO"
I/PackageManager( 1570):   Category: "android.intent.category.DEFAULT"
I/PackageManager( 1570):   Scheme: "mmsto"
I/PackageManager( 1570):   Action: "android.intent.action.SENDTO"
I/PackageManager( 1570):   Category: "android.intent.category.DEFAULT"
I/PackageManager( 1570):   Scheme: "sms"
I/PackageManager( 1570): Adding preferred activity ComponentInfo{com.android.mms/com.android.mms.ui.ComposeMessageActivity} for user 0 :
I/ActivityManager( 1570): Delay finish: com.google.android.googlequicksearchbox/com.google.android.searchcommon.summons.icing.InternalIcingCorporaProvider$CorporaChangedReceiver
I/PackageManager( 1570): Adding preferred activity ComponentInfo{com.android.mms/com.android.mms.ui.ComposeMessageActivity} for user 0 :
I/Icing.InternalIcingCorporaProvider( 2451): Updating corpora: A: com.limelight, C: MAYBE
I/PackageManager( 1570):   Action: "android.intent.action.SENDTO"
I/PackageManager( 1570):   Category: "android.intent.category.DEFAULT"
I/PackageManager( 1570):   Scheme: "smsto"
I/PackageManager( 1570): Adding preferred activity ComponentInfo{com.android.mms/com.android.mms.ui.ComposeMessageActivity} for user 0 :
D/dalvikvm( 1570): GC_EXPLICIT freed 924K, 49% free 8938K/17200K, paused 5ms+6ms, total 66ms
D/AndroidRuntime(22600): Shutting down VM
D/dalvikvm(22600): GC_CONCURRENT freed 92K, 15% free 549K/644K, paused 0ms+0ms, total 0ms
D/dalvikvm( 1805): GC_FOR_ALLOC freed 395K, 17% free 3667K/4400K, paused 2ms, total 3ms
I/RealtimeCacheCleanup( 2156): Beginning Realtime garbage collection.
I/PackageManager( 1570):   Action: "android.intent.action.SENDTO"
I/PackageManager( 1570):   Category: "android.intent.category.DEFAULT"
I/PackageManager( 1570):   Scheme: "mms"
I/RealtimeCacheCleanup( 2156): Finished Realtime garbage collection.
I/PackageManager( 1570): Adding preferred activity ComponentInfo{com.android.mms/com.android.mms.ui.ComposeMessageActivity} for user 0 :
I/PackageManager( 1570):   Action: "android.intent.action.SENDTO"
I/PackageManager( 1570):   Category: "android.intent.category.DEFAULT"
I/PackageManager( 1570):   Scheme: "mmsto"
I/Icing   ( 2156): doRemovePackageData com.limelight
I/PackageManager( 1570): Adding preferred activity ComponentInfo{com.android.mms/com.android.mms.ui.ComposeMessageActivity} for user 0 :
I/Icing   ( 2156): IndexChimeraService.getServiceInterface callingPackage=com.google.android.gms componentName=AppsCorpus serviceId=36
W/ContextImpl( 2451): Implicit intents with startService are not safe: Intent { act=com.google.android.gms.icing.INDEX_SERVICE } android.content.ContextWrapper.bindService:517 com.google.android.gms.internal.av.a:-1 com.google.android.gms.internal.au.connect:-1 
I/LatinIME:LogUtils( 1773): Dictionary info: dictionary = main:en ; version = 42 ; date = 1381226516
I/Icing   ( 2156): IndexChimeraService.getServiceInterface callingPackage=com.google.android.googlequicksearchbox componentName=null serviceId=21
I/DownloadManager( 1860): Download 134 starting
W/Icing   ( 2156): No valid account for uploading user actions
W/DownloadManager( 1860): Aborting request for download 134: TYPE_DISALLOWED_BY_REQUESTOR
I/DownloadManager( 1860): Download 134 finished with status WAITING_FOR_NETWORK
I/Icing   ( 2156): Usage reports ok 0, Failed Usage reports 0, indexed 0, rejected 0
W/Icing   ( 2156): No valid account for uploading user actions
I/Icing   ( 2156): Usage reports ok 0, Failed Usage reports 0, indexed 0, rejected 0
I/Icing   ( 2156): IndexChimeraService.getServiceInterface callingPackage=com.google.android.gms componentName=null serviceId=30
I/Icing   ( 2156): Indexing com.google.android.gms-apps from com.google.android.gms
I/Icing   ( 2156): Indexing com.google.android.googlequicksearchbox-applications from com.google.android.googlequicksearchbox
I/Icing   ( 2156): Indexing com.google.android.gms-internal.3p:MobileApplication from com.google.android.gms
W/Icing   ( 2156): No valid account for uploading user actions
I/Icing   ( 2156): Usage reports ok 0, Failed Usage reports 0, indexed 0, rejected 0
I/Icing   ( 2156): Indexing done com.google.android.gms-apps
I/Icing   ( 2156): Indexing done com.google.android.googlequicksearchbox-applications
I/Icing   ( 2156): Indexing done com.google.android.gms-internal.3p:MobileApplication
D/AndroidRuntime(22626): 
D/AndroidRuntime(22626): >>>>>> AndroidRuntime START com.android.internal.os.RuntimeInit <<<<<<
W/linker  (22626): libdvm.so has text relocations. This is wasting memory and is a security risk. Please fix.
D/AndroidRuntime(22626): CheckJNI is ON
D/dalvikvm(22626): Trying to load lib libjavacore.so 0x0
D/dalvikvm(22626): Added shared lib libjavacore.so 0x0
D/dalvikvm(22626): Trying to load lib libnativehelper.so 0x0
D/dalvikvm(22626): Added shared lib libnativehelper.so 0x0
D/dalvikvm(22626): No JNI_OnLoad found in libnativehelper.so 0x0, skipping init
D/dalvikvm(22626): Note: class Landroid/app/ActivityManagerNative; has 179 unimplemented (abstract) methods
E/memtrack(22626): Couldn't load memtrack module (No such file or directory)
E/android.os.Debug(22626): failed to load memtrack module: -2
D/AndroidRuntime(22626): Calling main entry com.android.commands.pm.Pm
D/AndroidRuntime(22626): Shutting down VM
D/dalvikvm(22626): GC_CONCURRENT freed 93K, 15% free 557K/652K, paused 0ms+0ms, total 1ms
D/AndroidRuntime(22637): 
D/AndroidRuntime(22637): >>>>>> AndroidRuntime START com.android.internal.os.RuntimeInit <<<<<<
W/linker  (22637): libdvm.so has text relocations. This is wasting memory and is a security risk. Please fix.
D/AndroidRuntime(22637): CheckJNI is ON
D/dalvikvm(22637): Trying to load lib libjavacore.so 0x0
D/dalvikvm(22637): Added shared lib libjavacore.so 0x0
D/dalvikvm(22637): Trying to load lib libnativehelper.so 0x0
D/dalvikvm(22637): Added shared lib libnativehelper.so 0x0
D/dalvikvm(22637): No JNI_OnLoad found in libnativehelper.so 0x0, skipping init
D/dalvikvm(22637): Note: class Landroid/app/ActivityManagerNative; has 179 unimplemented (abstract) methods
E/memtrack(22637): Couldn't load memtrack module (No such file or directory)
E/android.os.Debug(22637): failed to load memtrack module: -2
D/AndroidRuntime(22637): Calling main entry com.android.commands.pm.Pm
D/keystore( 1149): calling clear_uid in state: 3
I/GeofencerStateMachine( 1786): removeGeofences: removeRequest=RemoveGeofencingRequest[REMOVE_ALL packageName=it.unina.android.ripper]
D/Documents( 4472): Used cached roots for com.android.providers.downloads.documents
D/Documents( 4472): Used cached roots for com.android.externalstorage.documents
D/Documents( 4472): Used cached roots for com.android.providers.media.documents
D/Documents( 4472): Update found 6 roots in 0ms
I/ActivityManager( 1570): Force stopping it.unina.android.ripper appid=10193 user=0: clear data
D/AndroidRuntime(22637): Shutting down VM
D/dalvikvm(22637): GC_CONCURRENT freed 92K, 15% free 549K/644K, paused 0ms+0ms, total 1ms
W/Launcher( 2665): setApplicationContext called twice! old=com.google.android.velvet.VelvetApplication@9d090c48 new=com.google.android.velvet.VelvetApplication@9d090c48
I/ActivityManager( 1570): Resuming delayed broadcast
W/ContextImpl( 4567): Calling a method in the system process without a qualified user: android.app.ContextImpl.startService:1479 android.content.ContextWrapper.startService:494 android.content.ContextWrapper.startService:494 com.android.keychain.KeyChainBroadcastReceiver.onReceive:12 android.app.ActivityThread.handleReceiver:2419 
I/ActivityManager( 1570): Delay finish: com.android.keychain/.KeyChainBroadcastReceiver
I/ActivityManager( 1570): Resuming delayed broadcast
D/dalvikvm( 1786): GC_FOR_ALLOC freed 2092K, 25% free 9817K/12976K, paused 13ms, total 14ms
I/Fitness ( 1786): FitCleanupIntentOperation received Intent android.intent.action.PACKAGE_DATA_CLEARED [CONTEXT service_id=17 ]
I/Icing   ( 2156): doRemovePackageData it.unina.android.ripper
D/AndroidRuntime(22654): 
D/AndroidRuntime(22654): >>>>>> AndroidRuntime START com.android.internal.os.RuntimeInit <<<<<<
W/linker  (22654): libdvm.so has text relocations. This is wasting memory and is a security risk. Please fix.
D/AndroidRuntime(22654): CheckJNI is ON
D/dalvikvm(22654): Trying to load lib libjavacore.so 0x0
D/dalvikvm(22654): Added shared lib libjavacore.so 0x0
D/dalvikvm(22654): Trying to load lib libnativehelper.so 0x0
D/dalvikvm(22654): Added shared lib libnativehelper.so 0x0
D/dalvikvm(22654): No JNI_OnLoad found in libnativehelper.so 0x0, skipping init
D/dalvikvm(22654): Note: class Landroid/app/ActivityManagerNative; has 179 unimplemented (abstract) methods
E/memtrack(22654): Couldn't load memtrack module (No such file or directory)
E/android.os.Debug(22654): failed to load memtrack module: -2
D/AndroidRuntime(22654): Calling main entry com.android.commands.pm.Pm
I/ActivityManager( 1570): Force stopping it.unina.android.ripper appid=10193 user=-1: uninstall pkg
W/PackageManager( 1570): Couldn't delete native library directory /data/app-lib/it.unina.android.ripper
D/keystore( 1149): calling clear_uid in state: 3
I/ActivityManager( 1570): Force stopping it.unina.android.ripper appid=10193 user=0: pkg removed
W/Launcher.Model( 2665): Nobody to tell about the new app.  Launcher is probably loading.
I/GeofencerStateMachine( 1786): removeGeofences: removeRequest=RemoveGeofencingRequest[REMOVE_ALL packageName=it.unina.android.ripper]
D/VoicemailCleanupService( 1893): Cleaning up data for package: it.unina.android.ripper
D/Documents( 4472): Used cached roots for com.android.providers.downloads.documents
D/Documents( 4472): Used cached roots for com.android.externalstorage.documents
D/Documents( 4472): Used cached roots for com.android.providers.media.documents
D/Documents( 4472): Update found 6 roots in 5ms
I/PackageManager( 1570):   Action: "android.intent.action.SENDTO"
I/PackageManager( 1570):   Category: "android.intent.category.DEFAULT"
I/PackageManager( 1570):   Scheme: "sms"
I/PackageManager( 1570): Adding preferred activity ComponentInfo{com.android.mms/com.android.mms.ui.ComposeMessageActivity} for user 0 :
I/Fitness ( 1786): FitCleanupIntentOperation received Intent android.intent.action.PACKAGE_REMOVED [CONTEXT service_id=17 ]
I/PackageManager( 1570):   Action: "android.intent.action.SENDTO"
I/PackageManager( 1570):   Category: "android.intent.category.DEFAULT"
I/PackageManager( 1570):   Scheme: "smsto"
I/ActivityManager( 1570): Delay finish: com.google.android.googlequicksearchbox/com.google.android.searchcommon.summons.icing.InternalIcingCorporaProvider$CorporaChangedReceiver
I/PackageManager( 1570): Adding preferred activity ComponentInfo{com.android.mms/com.android.mms.ui.ComposeMessageActivity} for user 0 :
I/InputReader( 1570): Reconfiguring input devices.  changes=0x00000010
I/Icing.InternalIcingCorporaProvider( 2451): Updating corpora: A: it.unina.android.ripper, C: MAYBE
D/dalvikvm( 1805): GC_FOR_ALLOC freed 458K, 18% free 3631K/4400K, paused 2ms, total 2ms
I/PackageManager( 1570):   Action: "android.intent.action.SENDTO"
I/PackageManager( 1570):   Category: "android.intent.category.DEFAULT"
I/PackageManager( 1570):   Scheme: "mms"
I/PackageManager( 1570): Adding preferred activity ComponentInfo{com.android.mms/com.android.mms.ui.ComposeMessageActivity} for user 0 :
I/PackageManager( 1570):   Action: "android.intent.action.SENDTO"
I/PackageManager( 1570):   Category: "android.intent.category.DEFAULT"
I/PackageManager( 1570):   Scheme: "mmsto"
D/BackupManagerService( 1570): Received broadcast Intent { act=android.intent.action.PACKAGE_REMOVED dat=package:it.unina.android.ripper flg=0x4000010 (has extras) }
V/BackupManagerService( 1570): removePackageParticipantsLocked: uid=10193 #1
I/PackageManager( 1570): Adding preferred activity ComponentInfo{com.android.mms/com.android.mms.ui.ComposeMessageActivity} for user 0 :
D/dalvikvm( 1570): GC_EXPLICIT freed 1619K, 49% free 8810K/17200K, paused 0ms+1ms, total 52ms
D/dalvikvm( 1570): WAIT_FOR_CONCURRENT_GC blocked 13ms
D/dalvikvm( 1570): WAIT_FOR_CONCURRENT_GC blocked 12ms
D/dalvikvm( 1570): WAIT_FOR_CONCURRENT_GC blocked 12ms
D/dalvikvm( 1570): WAIT_FOR_CONCURRENT_GC blocked 17ms
D/dalvikvm( 1570): WAIT_FOR_CONCURRENT_GC blocked 17ms
D/dalvikvm( 1570): WAIT_FOR_CONCURRENT_GC blocked 9ms
D/dalvikvm( 1570): WAIT_FOR_CONCURRENT_GC blocked 13ms
D/AndroidRuntime(22654): Shutting down VM
D/dalvikvm(22654): GC_CONCURRENT freed 92K, 15% free 549K/644K, paused 0ms+0ms, total 1ms
I/PackageManager( 1570):   Action: "android.intent.action.SENDTO"
I/PackageManager( 1570):   Category: "android.intent.category.DEFAULT"
I/PackageManager( 1570):   Scheme: "sms"
I/PackageManager( 1570): Adding preferred activity ComponentInfo{com.android.mms/com.android.mms.ui.ComposeMessageActivity} for user 0 :
I/PackageManager( 1570):   Action: "android.intent.action.SENDTO"
I/PackageManager( 1570):   Category: "android.intent.category.DEFAULT"
I/PackageManager( 1570):   Scheme: "smsto"
I/ActivityManager( 1570): Resuming delayed broadcast
I/PackageManager( 1570): Adding preferred activity ComponentInfo{com.android.mms/com.android.mms.ui.ComposeMessageActivity} for user 0 :
W/Launcher( 2665): setApplicationContext called twice! old=com.google.android.velvet.VelvetApplication@9d090c48 new=com.google.android.velvet.VelvetApplication@9d090c48
I/Icing   ( 2156): doRemovePackageData it.unina.android.ripper
D/dalvikvm( 1805): GC_FOR_ALLOC freed 427K, 17% free 3668K/4400K, paused 2ms, total 3ms
I/PackageManager( 1570):   Action: "android.intent.action.SENDTO"
I/PackageManager( 1570):   Category: "android.intent.category.DEFAULT"
I/PackageManager( 1570):   Scheme: "mms"
I/Icing   ( 2156): IndexChimeraService.getServiceInterface callingPackage=com.google.android.googlequicksearchbox componentName=null serviceId=21
W/ContextImpl( 4567): Calling a method in the system process without a qualified user: android.app.ContextImpl.startService:1479 android.content.ContextWrapper.startService:494 android.content.ContextWrapper.startService:494 com.android.keychain.KeyChainBroadcastReceiver.onReceive:12 android.app.ActivityThread.handleReceiver:2419 
I/ActivityManager( 1570): Delay finish: com.android.keychain/.KeyChainBroadcastReceiver
I/PackageManager( 1570): Adding preferred activity ComponentInfo{com.android.mms/com.android.mms.ui.ComposeMessageActivity} for user 0 :
I/ActivityManager( 1570): Resuming delayed broadcast
I/PackageManager( 1570):   Action: "android.intent.action.SENDTO"
I/PackageManager( 1570):   Category: "android.intent.category.DEFAULT"
I/PackageManager( 1570):   Scheme: "mmsto"
I/PackageManager( 1570): Adding preferred activity ComponentInfo{com.android.mms/com.android.mms.ui.ComposeMessageActivity} for user 0 :
D/dalvikvm( 4472): GC_FOR_ALLOC freed 502K, 19% free 3094K/3796K, paused 1ms, total 1ms
I/LatinIME:LogUtils( 1773): Dictionary info: dictionary = main:en ; version = 42 ; date = 1381226516
I/DownloadManager( 1860): Download 135 starting
W/DownloadManager( 1860): Aborting request for download 135: TYPE_DISALLOWED_BY_REQUESTOR
I/DownloadManager( 1860): Download 135 finished with status WAITING_FOR_NETWORK
D/dalvikvm( 2156): GC_FOR_ALLOC freed 1890K, 12% free 21438K/24212K, paused 50ms, total 50ms
W/Icing   ( 2156): No valid account for uploading user actions
W/Icing.InternalIcingCorporaProvider( 2451): Application table change notification failed.
I/Icing   ( 2156): Usage reports ok 0, Failed Usage reports 0, indexed 0, rejected 0
I/Icing   ( 2156): Indexing com.google.android.gms-apps from com.google.android.gms
I/Icing   ( 2156): Indexing done com.google.android.gms-apps
D/AndroidRuntime(22678): 
D/AndroidRuntime(22678): >>>>>> AndroidRuntime START com.android.internal.os.RuntimeInit <<<<<<
W/linker  (22678): libdvm.so has text relocations. This is wasting memory and is a security risk. Please fix.
D/AndroidRuntime(22678): CheckJNI is ON
D/dalvikvm(22678): Trying to load lib libjavacore.so 0x0
D/dalvikvm(22678): Added shared lib libjavacore.so 0x0
D/dalvikvm(22678): Trying to load lib libnativehelper.so 0x0
D/dalvikvm(22678): Added shared lib libnativehelper.so 0x0
D/dalvikvm(22678): No JNI_OnLoad found in libnativehelper.so 0x0, skipping init
D/dalvikvm(22678): Note: class Landroid/app/ActivityManagerNative; has 179 unimplemented (abstract) methods
E/memtrack(22678): Couldn't load memtrack module (No such file or directory)
E/android.os.Debug(22678): failed to load memtrack module: -2
D/AndroidRuntime(22678): Calling main entry com.android.commands.pm.Pm
D/AndroidRuntime(22678): Shutting down VM
D/dalvikvm(22678): GC_CONCURRENT freed 93K, 15% free 557K/652K, paused 0ms+0ms, total 0ms
D/AndroidRuntime(22689): 
D/AndroidRuntime(22689): >>>>>> AndroidRuntime START com.android.internal.os.RuntimeInit <<<<<<
W/linker  (22689): libdvm.so has text relocations. This is wasting memory and is a security risk. Please fix.
D/AndroidRuntime(22689): CheckJNI is ON
D/dalvikvm(22689): Trying to load lib libjavacore.so 0x0
D/dalvikvm(22689): Added shared lib libjavacore.so 0x0
D/dalvikvm(22689): Trying to load lib libnativehelper.so 0x0
D/dalvikvm(22689): Added shared lib libnativehelper.so 0x0
D/dalvikvm(22689): No JNI_OnLoad found in libnativehelper.so 0x0, skipping init
D/dalvikvm(22689): Note: class Landroid/app/ActivityManagerNative; has 179 unimplemented (abstract) methods
E/memtrack(22689): Couldn't load memtrack module (No such file or directory)
E/android.os.Debug(22689): failed to load memtrack module: -2
D/AndroidRuntime(22689): Calling main entry com.android.commands.pm.Pm
I/ActivityManager( 1570): Force stopping it.unina.android.ripper_service appid=10185 user=0: clear data
I/ActivityManager( 1570): Killing 20188:it.unina.android.ripper_service:android_ripper_service_process/u0a185 (adj 5): stop it.unina.android.ripper_service
I/ActivityManager( 1570):   Force stopping service ServiceRecord{9d1e8fe8 u0 it.unina.android.ripper_service/.AndroidRipperService}
D/Documents( 4472): Used cached roots for com.android.providers.downloads.documents
D/Documents( 4472): Used cached roots for com.android.externalstorage.documents
D/Documents( 4472): Used cached roots for com.android.providers.media.documents
D/Documents( 4472): Update found 6 roots in 1ms
I/GeofencerStateMachine( 1786): removeGeofences: removeRequest=RemoveGeofencingRequest[REMOVE_ALL packageName=it.unina.android.ripper_service]
D/keystore( 1149): calling clear_uid in state: 3
I/Fitness ( 1786): FitCleanupIntentOperation received Intent android.intent.action.PACKAGE_DATA_CLEARED [CONTEXT service_id=17 ]
I/Icing   ( 2156): doRemovePackageData it.unina.android.ripper_service
D/AndroidRuntime(22689): Shutting down VM
D/dalvikvm(22689): GC_CONCURRENT freed 93K, 15% free 549K/644K, paused 1ms+0ms, total 1ms
D/AndroidRuntime(22705): 
D/AndroidRuntime(22705): >>>>>> AndroidRuntime START com.android.internal.os.RuntimeInit <<<<<<
W/linker  (22705): libdvm.so has text relocations. This is wasting memory and is a security risk. Please fix.
D/AndroidRuntime(22705): CheckJNI is ON
D/dalvikvm(22705): Trying to load lib libjavacore.so 0x0
D/dalvikvm(22705): Added shared lib libjavacore.so 0x0
D/dalvikvm(22705): Trying to load lib libnativehelper.so 0x0
D/dalvikvm(22705): Added shared lib libnativehelper.so 0x0
D/dalvikvm(22705): No JNI_OnLoad found in libnativehelper.so 0x0, skipping init
D/dalvikvm(22705): Note: class Landroid/app/ActivityManagerNative; has 179 unimplemented (abstract) methods
E/memtrack(22705): Couldn't load memtrack module (No such file or directory)
E/android.os.Debug(22705): failed to load memtrack module: -2
D/AndroidRuntime(22705): Calling main entry com.android.commands.pm.Pm
I/ActivityManager( 1570): Force stopping it.unina.android.ripper_service appid=10185 user=-1: uninstall pkg
W/PackageManager( 1570): Couldn't delete native library directory /data/app-lib/it.unina.android.ripper_service
D/keystore( 1149): calling clear_uid in state: 3
I/ActivityManager( 1570): Force stopping it.unina.android.ripper_service appid=10185 user=0: pkg removed
I/PackageManager( 1570):   Action: "android.intent.action.SENDTO"
I/PackageManager( 1570):   Category: "android.intent.category.DEFAULT"
I/PackageManager( 1570):   Scheme: "sms"
I/GeofencerStateMachine( 1786): removeGeofences: removeRequest=RemoveGeofencingRequest[REMOVE_ALL packageName=it.unina.android.ripper_service]
W/Launcher.Model( 2665): Nobody to tell about the new app.  Launcher is probably loading.
I/PackageManager( 1570): Adding preferred activity ComponentInfo{com.android.mms/com.android.mms.ui.ComposeMessageActivity} for user 0 :
I/InputReader( 1570): Reconfiguring input devices.  changes=0x00000010
D/Documents( 4472): Used cached roots for com.android.providers.downloads.documents
D/Documents( 4472): Used cached roots for com.android.externalstorage.documents
D/Documents( 4472): Used cached roots for com.android.providers.media.documents
D/Documents( 4472): Update found 6 roots in 5ms
D/VoicemailCleanupService( 1893): Cleaning up data for package: it.unina.android.ripper_service
I/PackageManager( 1570):   Action: "android.intent.action.SENDTO"
I/PackageManager( 1570):   Category: "android.intent.category.DEFAULT"
I/PackageManager( 1570):   Scheme: "smsto"
I/PackageManager( 1570): Adding preferred activity ComponentInfo{com.android.mms/com.android.mms.ui.ComposeMessageActivity} for user 0 :
D/dalvikvm( 1570): GC_FOR_ALLOC freed 1472K, 49% free 8797K/17200K, paused 10ms, total 10ms
D/dalvikvm( 1805): GC_FOR_ALLOC freed 459K, 18% free 3635K/4400K, paused 2ms, total 2ms
I/PackageManager( 1570):   Action: "android.intent.action.SENDTO"
I/PackageManager( 1570):   Category: "android.intent.category.DEFAULT"
I/PackageManager( 1570):   Scheme: "mms"
I/PackageManager( 1570): Adding preferred activity ComponentInfo{com.android.mms/com.android.mms.ui.ComposeMessageActivity} for user 0 :
I/PackageManager( 1570):   Action: "android.intent.action.SENDTO"
I/PackageManager( 1570):   Category: "android.intent.category.DEFAULT"
I/PackageManager( 1570):   Scheme: "mmsto"
I/PackageManager( 1570):   Action: "android.intent.action.SENDTO"
I/PackageManager( 1570):   Category: "android.intent.category.DEFAULT"
I/PackageManager( 1570):   Scheme: "sms"
I/PackageManager( 1570): Adding preferred activity ComponentInfo{com.android.mms/com.android.mms.ui.ComposeMessageActivity} for user 0 :
I/PackageManager( 1570): Adding preferred activity ComponentInfo{com.android.mms/com.android.mms.ui.ComposeMessageActivity} for user 0 :
D/BackupManagerService( 1570): Received broadcast Intent { act=android.intent.action.PACKAGE_REMOVED dat=package:it.unina.android.ripper_service flg=0x4000010 (has extras) }
V/BackupManagerService( 1570): removePackageParticipantsLocked: uid=10185 #1
I/ActivityManager( 1570): Delay finish: com.google.android.googlequicksearchbox/com.google.android.searchcommon.summons.icing.InternalIcingCorporaProvider$CorporaChangedReceiver
I/Fitness ( 1786): FitCleanupIntentOperation received Intent android.intent.action.PACKAGE_REMOVED [CONTEXT service_id=17 ]
W/Launcher( 2665): setApplicationContext called twice! old=com.google.android.velvet.VelvetApplication@9d090c48 new=com.google.android.velvet.VelvetApplication@9d090c48
I/PackageManager( 1570):   Action: "android.intent.action.SENDTO"
I/PackageManager( 1570):   Category: "android.intent.category.DEFAULT"
I/PackageManager( 1570):   Scheme: "smsto"
I/ActivityManager( 1570): Resuming delayed broadcast
W/ContextImpl( 4567): Calling a method in the system process without a qualified user: android.app.ContextImpl.startService:1479 android.content.ContextWrapper.startService:494 android.content.ContextWrapper.startService:494 com.android.keychain.KeyChainBroadcastReceiver.onReceive:12 android.app.ActivityThread.handleReceiver:2419 
I/ActivityManager( 1570): Delay finish: com.android.keychain/.KeyChainBroadcastReceiver
I/PackageManager( 1570): Adding preferred activity ComponentInfo{com.android.mms/com.android.mms.ui.ComposeMessageActivity} for user 0 :
I/Icing.InternalIcingCorporaProvider( 2451): Updating corpora: A: it.unina.android.ripper_service, C: MAYBE
I/ActivityManager( 1570): Resuming delayed broadcast
I/Icing   ( 2156): doRemovePackageData it.unina.android.ripper_service
D/dalvikvm( 1805): GC_FOR_ALLOC freed 413K, 17% free 3669K/4400K, paused 2ms, total 2ms
I/PackageManager( 1570):   Action: "android.intent.action.SENDTO"
I/PackageManager( 1570):   Category: "android.intent.category.DEFAULT"
I/PackageManager( 1570):   Scheme: "mms"
D/dalvikvm( 1786): GC_FOR_ALLOC freed 2060K, 25% free 9805K/12976K, paused 14ms, total 14ms
I/PackageManager( 1570): Adding preferred activity ComponentInfo{com.android.mms/com.android.mms.ui.ComposeMessageActivity} for user 0 :
I/PackageManager( 1570):   Action: "android.intent.action.SENDTO"
I/PackageManager( 1570):   Category: "android.intent.category.DEFAULT"
I/PackageManager( 1570):   Scheme: "mmsto"
I/PackageManager( 1570): Adding preferred activity ComponentInfo{com.android.mms/com.android.mms.ui.ComposeMessageActivity} for user 0 :
I/Icing   ( 2156): IndexChimeraService.getServiceInterface callingPackage=com.google.android.googlequicksearchbox componentName=null serviceId=21
I/LatinIME:LogUtils( 1773): Dictionary info: dictionary = main:en ; version = 42 ; date = 1381226516
D/dalvikvm( 1570): GC_EXPLICIT freed 1173K, 50% free 8745K/17200K, paused 3ms+8ms, total 104ms
D/AndroidRuntime(22705): Shutting down VM
D/dalvikvm(22705): GC_CONCURRENT freed 92K, 15% free 549K/644K, paused 1ms+0ms, total 1ms
W/Icing   ( 2156): No valid account for uploading user actions
I/Icing   ( 2156): Usage reports ok 0, Failed Usage reports 0, indexed 0, rejected 0
I/Icing   ( 2156): Indexing com.google.android.gms-apps from com.google.android.gms
I/DownloadManager( 1860): Download 136 starting
W/DownloadManager( 1860): Aborting request for download 136: TYPE_DISALLOWED_BY_REQUESTOR
I/Icing   ( 2156): Indexing com.google.android.googlequicksearchbox-applications from com.google.android.googlequicksearchbox
I/DownloadManager( 1860): Download 136 finished with status WAITING_FOR_NETWORK
I/Icing   ( 2156): Indexing com.google.android.gms-internal.3p:MobileApplication from com.google.android.gms
I/Icing   ( 2156): Indexing done com.google.android.gms-apps
I/Icing   ( 2156): Indexing done com.google.android.googlequicksearchbox-applications
I/Icing   ( 2156): Indexing done com.google.android.gms-internal.3p:MobileApplication
D/AndroidRuntime(22732): 
D/AndroidRuntime(22732): >>>>>> AndroidRuntime START com.android.internal.os.RuntimeInit <<<<<<
W/linker  (22732): libdvm.so has text relocations. This is wasting memory and is a security risk. Please fix.
D/AndroidRuntime(22732): CheckJNI is ON
D/dalvikvm(22732): Trying to load lib libjavacore.so 0x0
D/dalvikvm(22732): Added shared lib libjavacore.so 0x0
D/dalvikvm(22732): Trying to load lib libnativehelper.so 0x0
D/dalvikvm(22732): Added shared lib libnativehelper.so 0x0
D/dalvikvm(22732): No JNI_OnLoad found in libnativehelper.so 0x0, skipping init
D/dalvikvm(22732): Note: class Landroid/app/ActivityManagerNative; has 179 unimplemented (abstract) methods
E/memtrack(22732): Couldn't load memtrack module (No such file or directory)
E/android.os.Debug(22732): failed to load memtrack module: -2
D/AndroidRuntime(22732): Calling main entry com.android.commands.pm.Pm
W/ActivityManager( 1570): No content provider found for permission revoke: file:///data/local/tmp/AndroidRipperService.apk
W/ActivityManager( 1570): No content provider found for permission revoke: file:///data/local/tmp/AndroidRipperService.apk
I/PackageManager( 1570): Copying native libraries to /data/app-lib/vmdl718628188
I/PackageParser( 1570): it.unina.android.ripper_service: compat added android.permission.WRITE_EXTERNAL_STORAGE android.permission.READ_PHONE_STATE
I/PackageManager( 1570): Running dexopt on: it.unina.android.ripper_service
W/linker  (22743): libdvm.so has text relocations. This is wasting memory and is a security risk. Please fix.
D/dalvikvm(22743): DexOpt: load 4ms, verify+opt 20ms, 1117628 bytes
I/ActivityManager( 1570): Force stopping it.unina.android.ripper_service appid=10194 user=-1: update pkg
W/Launcher.Model( 2665): Nobody to tell about the new app.  Launcher is probably loading.
I/InputReader( 1570): Reconfiguring input devices.  changes=0x00000010
I/PackageManager( 1570):   Action: "android.intent.action.SENDTO"
I/PackageManager( 1570):   Category: "android.intent.category.DEFAULT"
I/PackageManager( 1570):   Scheme: "sms"
I/PackageManager( 1570): Adding preferred activity ComponentInfo{com.android.mms/com.android.mms.ui.ComposeMessageActivity} for user 0 :
D/Documents( 4472): Used cached roots for com.android.providers.downloads.documents
D/Documents( 4472): Used cached roots for com.android.externalstorage.documents
D/Documents( 4472): Used cached roots for com.android.providers.media.documents
D/Documents( 4472): Update found 6 roots in 6ms
I/PackageManager( 1570):   Action: "android.intent.action.SENDTO"
I/PackageManager( 1570):   Category: "android.intent.category.DEFAULT"
I/PackageManager( 1570):   Scheme: "smsto"
I/PackageManager( 1570): Adding preferred activity ComponentInfo{com.android.mms/com.android.mms.ui.ComposeMessageActivity} for user 0 :
I/Auth    ( 2156): [SupervisedAccountIntentOperation] onHandleIntent(): android.intent.action.PACKAGE_ADDED
I/ChromeSync( 2156): [Sync,SyncIntentOperation] Handling the intent: Intent { act=android.intent.action.PACKAGE_ADDED dat=package:it.unina.android.ripper_service flg=0x4000010 cmp=com.google.android.gms/.chimera.GmsIntentOperationService (has extras) }.
I/FontLog ( 2156): Package it.unina.android.ripper_service has no metadata [CONTEXT service_id=132 ]
W/GCM     ( 1786): Unexpected forwarded intent: Intent { act=android.intent.action.PACKAGE_ADDED dat=package:it.unina.android.ripper_service flg=0x4000010 cmp=com.google.android.gms/.chimera.PersistentIntentOperationService (has extras) }
E/GmsClient( 2156): unable to connect to service: com.google.android.gms.auth.key.retrieval.service.START on com.google.android.gms
D/dalvikvm( 1805): GC_FOR_ALLOC freed 457K, 18% free 3635K/4400K, paused 9ms, total 9ms
W/ActivityManager( 1570): Unable to start service Intent { act=com.google.android.gms.auth.key.retrieval.service.START pkg=com.google.android.gms } U=0: not found
W/ActivityManager( 1570): Unbind failed: could not find connection for android.os.BinderProxy@9d1d9e30
D/BackupManagerService( 1570): Received broadcast Intent { act=android.intent.action.PACKAGE_ADDED dat=package:it.unina.android.ripper_service flg=0x4000010 (has extras) }
V/BackupManagerService( 1570): addPackageParticipantsLocked: #1
I/PackageManager( 1570):   Action: "android.intent.action.SENDTO"
I/PackageManager( 1570):   Category: "android.intent.category.DEFAULT"
I/PackageManager( 1570):   Scheme: "mms"
W/GCM     ( 1786): Unexpected forwarded intent: Intent { act=android.intent.action.PACKAGE_ADDED dat=package:it.unina.android.ripper_service flg=0x4000010 cmp=com.google.android.gms/.chimera.PersistentIntentOperationService (has extras) }
I/PackageManager( 1570): Adding preferred activity ComponentInfo{com.android.mms/com.android.mms.ui.ComposeMessageActivity} for user 0 :
I/ChromeSync( 2156): [Persistence,AffiliationManager] One of affiliation or grouping data for android://KSmUCdTXmQS-j9D_O8l1jvyu41Pjn2mc5cb0Gvx1e9H1Aj4JCzHs_uTW26nbtH65K-YfijtBsQxGp-8R6k6HFg==@it.unina.android.ripper_service/ was not found. Marking affiliation data as stale...
I/PackageManager( 1570):   Action: "android.intent.action.SENDTO"
I/PackageManager( 1570):   Category: "android.intent.category.DEFAULT"
I/PackageManager( 1570):   Scheme: "mmsto"
I/Icing.InternalIcingCorporaProvider( 2451): Updating corpora: A: it.unina.android.ripper_service, C: MAYBE
I/PackageManager( 1570): Adding preferred activity ComponentInfo{com.android.mms/com.android.mms.ui.ComposeMessageActivity} for user 0 :
D/dalvikvm( 1570): GC_EXPLICIT freed 1349K, 49% free 8839K/17200K, paused 1ms+1ms, total 53ms
D/dalvikvm( 1570): WAIT_FOR_CONCURRENT_GC blocked 10ms
D/dalvikvm( 1570): WAIT_FOR_CONCURRENT_GC blocked 10ms
D/dalvikvm( 1570): WAIT_FOR_CONCURRENT_GC blocked 10ms
D/dalvikvm( 1570): WAIT_FOR_CONCURRENT_GC blocked 13ms
D/AndroidRuntime(22732): Shutting down VM
D/dalvikvm(22732): GC_CONCURRENT freed 93K, 15% free 552K/648K, paused 0ms+0ms, total 1ms
D/dalvikvm( 1570): WAIT_FOR_CONCURRENT_GC blocked 11ms
D/dalvikvm( 1570): WAIT_FOR_CONCURRENT_GC blocked 11ms
I/PackageManager( 1570):   Action: "android.intent.action.SENDTO"
I/PackageManager( 1570):   Category: "android.intent.category.DEFAULT"
I/PackageManager( 1570):   Scheme: "sms"
I/PackageManager( 1570): Adding preferred activity ComponentInfo{com.android.mms/com.android.mms.ui.ComposeMessageActivity} for user 0 :
I/PackageManager( 1570):   Action: "android.intent.action.SENDTO"
I/PackageManager( 1570):   Category: "android.intent.category.DEFAULT"
I/PackageManager( 1570):   Scheme: "smsto"
D/dalvikvm( 1805): GC_FOR_ALLOC freed 410K, 17% free 3667K/4400K, paused 1ms, total 1ms
I/PackageManager( 1570):   Action: "android.intent.action.SENDTO"
I/PackageManager( 1570):   Category: "android.intent.category.DEFAULT"
I/PackageManager( 1570):   Scheme: "mms"
I/PackageManager( 1570): Adding preferred activity ComponentInfo{com.android.mms/com.android.mms.ui.ComposeMessageActivity} for user 0 :
I/PackageManager( 1570): Adding preferred activity ComponentInfo{com.android.mms/com.android.mms.ui.ComposeMe