D/BackupManagerService( 1570): Received broadcast Intent { act=android.intent.action.PACKAGE_ADDED dat=package:it.unina.android.ripper_service flg=0x4000010 (has extras) }
V/BackupManagerService( 1570): addPackageParticipantsLocked: #1
I/PackageManager( 1570): Adding preferred activity ComponentInfo{com.android.mms/com.android.mms.ui.ComposeMessageActivity} for user 0 :
I/PackageManager( 1570): Adding preferred activity ComponentInfo{com.android.mms/com.android.mms.ui.ComposeMessageActivity} for user 0 :
W/ActivityManager( 1570): Unable to start service Intent { act=com.google.android.gms.auth.key.retrieval.service.START pkg=com.google.android.gms } U=0: not found
W/ActivityManager( 1570): Unbind failed: could not find connection for android.os.BinderProxy@9d40f9d0
I/PackageManager( 1570): Adding preferred activity ComponentInfo{com.android.mms/com.android.mms.ui.ComposeMessageActivity} for user 0 :
I/PackageManager( 1570): Adding preferred activity ComponentInfo{com.android.mms/com.android.mms.ui.ComposeMessageActivity} for user 0 :
I/PackageManager( 1570): Adding preferred activity ComponentInfo{com.android.mms/com.android.mms.ui.ComposeMessageActivity} for user 0 :
I/PackageManager( 1570): Adding preferred activity ComponentInfo{com.android.mms/com.android.mms.ui.ComposeMessageActivity} for user 0 :
I/PackageManager( 1570): Adding preferred activity ComponentInfo{com.android.mms/com.android.mms.ui.ComposeMessageActivity} for user 0 :
I/PackageManager( 1570): Adding preferred activity ComponentInfo{com.android.mms/com.android.mms.ui.ComposeMessageActivity} for user 0 :
I/ActivityManager( 1570): Start proc it.unina.android.ripper_service:android_ripper_service_process for service it.unina.android.ripper_service/.AndroidRipperService: pid=20188 uid=10185 gids={50185, 3003, 1028, 1015}
W/ActivityManager( 1570): No content provider found for permission revoke: file:///sdcard/aut.apk
W/ActivityManager( 1570): No content provider found for permission revoke: file:///sdcard/aut.apk
I/PackageManager( 1570): Copying native libraries to /data/app-lib/vmdl-1947414830
W/PackageManager( 1570): Package com.limelight desires unavailable shared library com.sec.android.app.multiwindow; ignoring!
I/ActivityManager( 1570): Force stopping com.limelight appid=10186 user=-1: update pkg
W/PackageManager( 1570): Unknown permission com.android.providers.tv.permission.READ_EPG_DATA in package com.limelight
W/PackageManager( 1570): Unknown permission com.android.providers.tv.permission.WRITE_EPG_DATA in package com.limelight
I/PackageManager( 1570): Adding preferred activity ComponentInfo{com.android.mms/com.android.mms.ui.ComposeMessageActivity} for user 0 :
I/PackageManager( 1570): Adding preferred activity ComponentInfo{com.android.mms/com.android.mms.ui.ComposeMessageActivity} for user 0 :
D/BackupManagerService( 1570): Received broadcast Intent { act=android.intent.action.PACKAGE_ADDED dat=package:com.limelight flg=0x4000010 (has extras) }
V/BackupManagerService( 1570): addPackageParticipantsLocked: #1
I/PackageManager( 1570): Adding preferred activity ComponentInfo{com.android.mms/com.android.mms.ui.ComposeMessageActivity} for user 0 :
I/PackageManager( 1570): Adding preferred activity ComponentInfo{com.android.mms/com.android.mms.ui.ComposeMessageActivity} for user 0 :
I/PackageManager( 1570): Adding preferred activity ComponentInfo{com.android.mms/com.android.mms.ui.ComposeMessageActivity} for user 0 :
W/ActivityManager( 1570): Unable to start service Intent { act=com.google.android.gms.auth.key.retrieval.service.START pkg=com.google.android.gms } U=0: not found
I/PackageManager( 1570): Adding preferred activity ComponentInfo{com.android.mms/com.android.mms.ui.ComposeMessageActivity} for user 0 :
W/ActivityManager( 1570): Unbind failed: could not find connection for android.os.BinderProxy@9db16008
I/PackageManager( 1570): Adding preferred activity ComponentInfo{com.android.mms/com.android.mms.ui.ComposeMessageActivity} for user 0 :
I/PackageManager( 1570): Adding preferred activity ComponentInfo{com.android.mms/com.android.mms.ui.ComposeMessageActivity} for user 0 :
W/ActivityManager( 1570): No content provider found for permission revoke: file:///sdcard/ripper.apk
W/ActivityManager( 1570): No content provider found for permission revoke: file:///sdcard/ripper.apk
I/PackageManager( 1570): Copying native libraries to /data/app-lib/vmdl1810819728
I/PackageParser( 1570): it.unina.android.ripper: compat added android.permission.WRITE_EXTERNAL_STORAGE android.permission.READ_PHONE_STATE
I/ActivityManager( 1570): Force stopping it.unina.android.ripper appid=10187 user=-1: update pkg
D/BackupManagerService( 1570): Received broadcast Intent { act=android.intent.action.PACKAGE_ADDED dat=package:it.unina.android.ripper flg=0x4000010 (has extras) }
V/BackupManagerService( 1570): addPackageParticipantsLocked: #1
I/PackageManager( 1570): Adding preferred activity ComponentInfo{com.android.mms/com.android.mms.ui.ComposeMessageActivity} for user 0 :
I/PackageManager( 1570): Adding preferred activity ComponentInfo{com.android.mms/com.android.mms.ui.ComposeMessageActivity} for user 0 :
I/PackageManager( 1570): Adding preferred activity ComponentInfo{com.android.mms/com.android.mms.ui.ComposeMessageActivity} for user 0 :
I/PackageManager( 1570): Adding preferred activity ComponentInfo{com.android.mms/com.android.mms.ui.ComposeMessageActivity} for user 0 :
I/PackageManager( 1570): Adding preferred activity ComponentInfo{com.android.mms/com.android.mms.ui.ComposeMessageActivity} for user 0 :
I/PackageManager( 1570): Adding preferred activity ComponentInfo{com.android.mms/com.android.mms.ui.ComposeMessageActivity} for user 0 :
I/PackageManager( 1570): Adding preferred activity ComponentInfo{com.android.mms/com.android.mms.ui.ComposeMessageActivity} for user 0 :
I/PackageManager( 1570): Adding preferred activity ComponentInfo{com.android.mms/com.android.mms.ui.ComposeMessageActivity} for user 0 :
I/ActivityManager( 1570): Force stopping com.kaeruct.raumballer appid=10183 user=0: from pid 20257
I/ActivityManager( 1570): Killing 19968:com.kaeruct.raumballer/u0a183 (adj 0): stop com.kaeruct.raumballer
W/ActivityManager( 1570): Force removing ActivityRecord{9d46edd0 u0 com.kaeruct.raumballer/jgame.platform.JGActivity t65}: app died, no saved state
W/ActivityManager( 1570): Crash of app com.kaeruct.raumballer running instrumentation ComponentInfo{it.unina.android.ripper/android.test.InstrumentationTestRunner}
I/WindowState( 1570): WIN DEATH: Window{9d4556e0 u0 com.kaeruct.raumballer/jgame.platform.JGActivity}
W/WindowManager( 1570): Force-removing child win Window{9d35bdd8 u0 AtchDlg:com.kaeruct.raumballer/jgame.platform.JGActivity} from container Window{9d4556e0 u0 com.kaeruct.raumballer/jgame.platform.JGActivity}
I/ActivityManager( 1570): Force stopping com.kaeruct.raumballer appid=10183 user=0: finished inst
W/WindowManager( 1570): Failed looking up window
W/WindowManager( 1570): java.lang.IllegalArgumentException: Requested window android.os.BinderProxy@9d1d5640 does not exist
W/WindowManager( 1570): 	at com.android.server.wm.WindowManagerService.windowForClientLocked(WindowManagerService.java:7923)
W/WindowManager( 1570): 	at com.android.server.wm.WindowManagerService.windowForClientLocked(WindowManagerService.java:7914)
W/WindowManager( 1570): 	at com.android.server.wm.WindowState$DeathRecipient.binderDied(WindowState.java:1047)
W/WindowManager( 1570): 	at android.os.BinderProxy.sendDeathNotice(Binder.java:493)
W/WindowManager( 1570): 	at dalvik.system.NativeStart.run(Native Method)
I/WindowState( 1570): WIN DEATH: null
I/ActivityManager( 1570): Force stopping com.limelight appid=10186 user=0: start instr
I/ActivityManager( 1570): Start proc com.limelight for added application com.limelight: pid=20279 uid=10186 gids={50186, 3003}
I/ActivityManager( 1570): START u0 {act=android.intent.action.MAIN flg=0x10000000 cmp=com.limelight/.PcView} from pid 20279
W/InputMethodManagerService( 1570): Got RemoteException sending setActive(false) notification to pid 19968 uid 10183
I/ActivityManager( 1570): Force stopping com.limelight appid=10186 user=0: clear data
I/ActivityManager( 1570): Killing 20279:com.limelight/u0a186 (adj 0): stop com.limelight
W/ActivityManager( 1570): Crash of app com.limelight running instrumentation ComponentInfo{it.unina.android.ripper/android.test.InstrumentationTestRunner}
I/ActivityManager( 1570): Force stopping com.limelight appid=10186 user=0: finished inst
I/ActivityManager( 1570): Force stopping com.limelight appid=10186 user=-1: uninstall pkg
W/PackageManager( 1570): Couldn't delete native library directory /data/app-lib/com.limelight
I/ActivityManager( 1570): Force stopping com.limelight appid=10186 user=0: pkg removed
I/PackageManager( 1570): Adding preferred activity ComponentInfo{com.android.mms/com.android.mms.ui.ComposeMessageActivity} for user 0 :
I/PackageManager( 1570): Adding preferred activity ComponentInfo{com.android.mms/com.android.mms.ui.ComposeMessageActivity} for user 0 :
D/BackupManagerService( 1570): Received broadcast Intent { act=android.intent.action.PACKAGE_REMOVED dat=package:com.limelight flg=0x4000010 (has extras) }
V/BackupManagerService( 1570): removePackageParticipantsLocked: uid=10186 #1
I/PackageManager( 1570): Adding preferred activity ComponentInfo{com.android.mms/com.android.mms.ui.ComposeMessageActivity} for user 0 :
I/PackageManager( 1570): Adding preferred activity ComponentInfo{com.android.mms/com.android.mms.ui.ComposeMessageActivity} for user 0 :
I/PackageManager( 1570): Adding preferred activity ComponentInfo{com.android.mms/com.android.mms.ui.ComposeMessageActivity} for user 0 :
I/PackageManager( 1570): Adding preferred activity ComponentInfo{com.android.mms/com.android.mms.ui.ComposeMessageActivity} for user 0 :
W/ContextImpl( 4567): Calling a method in the system process without a qualified user: android.app.ContextImpl.startService:1479 android.content.ContextWrapper.startService:494 android.content.ContextWrapper.startService:494 com.android.keychain.KeyChainBroadcastReceiver.onReceive:12 android.app.ActivityThread.handleReceiver:2419 
I/PackageManager( 1570): Adding preferred activity ComponentInfo{com.android.mms/com.android.mms.ui.ComposeMessageActivity} for user 0 :
I/PackageManager( 1570): Adding preferred activity ComponentInfo{com.android.mms/com.android.mms.ui.ComposeMessageActivity} for user 0 :
I/ActivityManager( 1570): Force stopping it.unina.android.ripper appid=10187 user=0: clear data
W/PackageManager( 1570): Couldn't delete native library directory /data/app-lib/it.unina.android.ripper
I/ActivityManager( 1570): Force stopping it.unina.android.ripper appid=10187 user=-1: uninstall pkg
I/ActivityManager( 1570): Force stopping it.unina.android.ripper appid=10187 user=0: pkg removed
I/PackageManager( 1570): Adding preferred activity ComponentInfo{com.android.mms/com.android.mms.ui.ComposeMessageActivity} for user 0 :
D/BackupManagerService( 1570): Received broadcast Intent { act=android.intent.action.PACKAGE_REMOVED dat=package:it.unina.android.ripper flg=0x4000010 (has extras) }
V/BackupManagerService( 1570): removePackageParticipantsLocked: uid=10187 #1
I/PackageManager( 1570): Adding preferred activity ComponentInfo{com.android.mms/com.android.mms.ui.ComposeMessageActivity} for user 0 :
I/PackageManager( 1570): Adding preferred activity ComponentInfo{com.android.mms/com.android.mms.ui.ComposeMessageActivity} for user 0 :
W/ContextImpl( 4567): Calling a method in the system process without a qualified user: android.app.ContextImpl.startService:1479 android.content.ContextWrapper.startService:494 android.content.ContextWrapper.startService:494 com.android.keychain.KeyChainBroadcastReceiver.onReceive:12 android.app.ActivityThread.handleReceiver:2419 
I/PackageManager( 1570): Adding preferred activity ComponentInfo{com.android.mms/com.android.mms.ui.ComposeMessageActivity} for user 0 :
I/PackageManager( 1570): Adding preferred activity ComponentInfo{com.android.mms/com.android.mms.ui.ComposeMessageActivity} for user 0 :
I/PackageManager( 1570): Adding preferred activity ComponentInfo{com.android.mms/com.android.mms.ui.ComposeMessageActivity} for user 0 :
I/PackageManager( 1570): Adding preferred activity ComponentInfo{com.android.mms/com.android.mms.ui.ComposeMessageActivity} for user 0 :
I/PackageManager( 1570): Adding preferred activity ComponentInfo{com.android.mms/com.android.mms.ui.ComposeMessageActivity} for user 0 :
W/ActivityManager( 1570): No content provider found for permission revoke: file:///sdcard/aut.apk
W/ActivityManager( 1570): No content provider found for permission revoke: file:///sdcard/aut.apk
I/PackageManager( 1570): Copying native libraries to /data/app-lib/vmdl423872508
W/PackageManager( 1570): Package com.limelight desires unavailable shared library com.sec.android.app.multiwindow; ignoring!
I/ActivityManager( 1570): Force stopping com.limelight appid=10188 user=-1: update pkg
W/PackageManager( 1570): Unknown permission com.android.providers.tv.permission.READ_EPG_DATA in package com.limelight
W/PackageManager( 1570): Unknown permission com.android.providers.tv.permission.WRITE_EPG_DATA in package com.limelight
I/PackageManager( 1570): Adding preferred activity ComponentInfo{com.android.mms/com.android.mms.ui.ComposeMessageActivity} for user 0 :
I/PackageManager( 1570): Adding preferred activity ComponentInfo{com.android.mms/com.android.mms.ui.ComposeMessageActivity} for user 0 :
I/PackageManager( 1570): Adding preferred activity ComponentInfo{com.android.mms/com.android.mms.ui.ComposeMessageActivity} for user 0 :
D/BackupManagerService( 1570): Received broadcast Intent { act=android.intent.action.PACKAGE_ADDED dat=package:com.limelight flg=0x4000010 (has extras) }
V/BackupManagerService( 1570): addPackageParticipantsLocked: #1
I/PackageManager( 1570): Adding preferred activity ComponentInfo{com.android.mms/com.android.mms.ui.ComposeMessageActivity} for user 0 :
I/PackageManager( 1570): Adding preferred activity ComponentInfo{com.android.mms/com.android.mms.ui.ComposeMessageActivity} for user 0 :
W/ActivityManager( 1570): Unable to start service Intent { act=com.google.android.gms.auth.key.retrieval.service.START pkg=com.google.android.gms } U=0: not found
W/ActivityManager( 1570): Unbind failed: could not find connection for android.os.BinderProxy@9d5aa330
I/PackageManager( 1570): Adding preferred activity ComponentInfo{com.android.mms/com.android.mms.ui.ComposeMessageActivity} for user 0 :
I/PackageManager( 1570): Adding preferred activity ComponentInfo{com.android.mms/com.android.mms.ui.ComposeMessageActivity} for user 0 :
I/PackageManager( 1570): Adding preferred activity ComponentInfo{com.android.mms/com.android.mms.ui.ComposeMessageActivity} for user 0 :
W/ActivityManager( 1570): No content provider found for permission revoke: file:///sdcard/ripper.apk
W/ActivityManager( 1570): No content provider found for permission revoke: file:///sdcard/ripper.apk
I/PackageManager( 1570): Copying native libraries to /data/app-lib/vmdl-1504033637
I/PackageParser( 1570): it.unina.android.ripper: compat added android.permission.WRITE_EXTERNAL_STORAGE android.permission.READ_PHONE_STATE
I/ActivityManager( 1570): Force stopping it.unina.android.ripper appid=10189 user=-1: update pkg
I/PackageManager( 1570): Adding preferred activity ComponentInfo{com.android.mms/com.android.mms.ui.ComposeMessageActivity} for user 0 :
I/PackageManager( 1570): Adding preferred activity ComponentInfo{com.android.mms/com.android.mms.ui.ComposeMessageActivity} for user 0 :
D/BackupManagerService( 1570): Received broadcast Intent { act=android.intent.action.PACKAGE_ADDED dat=package:it.unina.android.ripper flg=0x4000010 (has extras) }
V/BackupManagerService( 1570): addPackageParticipantsLocked: #1
I/PackageManager( 1570): Adding preferred activity ComponentInfo{com.android.mms/com.android.mms.ui.ComposeMessageActivity} for user 0 :
I/PackageManager( 1570): Adding preferred activity ComponentInfo{com.android.mms/com.android.mms.ui.ComposeMessageActivity} for user 0 :
I/PackageManager( 1570): Adding preferred activity ComponentInfo{com.android.mms/com.android.mms.ui.ComposeMessageActivity} for user 0 :
I/PackageManager( 1570): Adding preferred activity ComponentInfo{com.android.mms/com.android.mms.ui.ComposeMessageActivity} for user 0 :
I/PackageManager( 1570): Adding preferred activity ComponentInfo{com.android.mms/com.android.mms.ui.ComposeMessageActivity} for user 0 :
I/PackageManager( 1570): Adding preferred activity ComponentInfo{com.android.mms/com.android.mms.ui.ComposeMessageActivity} for user 0 :
I/ActivityManager( 1570): Force stopping com.limelight appid=10188 user=0: start instr
I/ActivityManager( 1570): Start proc com.limelight for added application com.limelight: pid=20528 uid=10188 gids={50188, 3003}
I/ActivityManager( 1570): START u0 {act=android.intent.action.MAIN flg=0x10000000 cmp=com.limelight/.PcView} from pid 20528
I/ActivityManager( 1570): Force stopping com.limelight appid=10188 user=0: clear data
I/ActivityManager( 1570): Killing 20528:com.limelight/u0a188 (adj 0): stop com.limelight
W/ActivityManager( 1570): Crash of app com.limelight running instrumentation ComponentInfo{it.unina.android.ripper/android.test.InstrumentationTestRunner}
I/ActivityManager( 1570): Force stopping com.limelight appid=10188 user=0: finished inst
I/ActivityManager( 1570): Force stopping com.limelight appid=10188 user=-1: uninstall pkg
W/PackageManager( 1570): Couldn't delete native library directory /data/app-lib/com.limelight
I/ActivityManager( 1570): Force stopping com.limelight appid=10188 user=0: pkg removed
D/BackupManagerService( 1570): Received broadcast Intent { act=android.intent.action.PACKAGE_REMOVED dat=package:com.limelight flg=0x4000010 (has extras) }
V/BackupManagerService( 1570): removePackageParticipantsLocked: uid=10188 #1
I/PackageManager( 1570): Adding preferred activity ComponentInfo{com.android.mms/com.android.mms.ui.ComposeMessageActivity} for user 0 :
I/PackageManager( 1570): Adding preferred activity ComponentInfo{com.android.mms/com.android.mms.ui.ComposeMessageActivity} for user 0 :
I/PackageManager( 1570): Adding preferred activity ComponentInfo{com.android.mms/com.android.mms.ui.ComposeMessageActivity} for user 0 :
I/PackageManager( 1570): Adding preferred activity ComponentInfo{com.android.mms/com.android.mms.ui.ComposeMessageActivity} for user 0 :
W/ContextImpl( 4567): Calling a method in the system process without a qualified user: android.app.ContextImpl.startService:1479 android.content.ContextWrapper.startService:494 android.content.ContextWrapper.startService:494 com.android.keychain.KeyChainBroadcastReceiver.onReceive:12 android.app.ActivityThread.handleReceiver:2419 
I/PackageManager( 1570): Adding preferred activity ComponentInfo{com.android.mms/com.android.mms.ui.ComposeMessageActivity} for user 0 :
I/PackageManager( 1570): Adding preferred activity ComponentInfo{com.android.mms/com.android.mms.ui.ComposeMessageActivity} for user 0 :
I/PackageManager( 1570): Adding preferred activity ComponentInfo{com.android.mms/com.android.mms.ui.ComposeMessageActivity} for user 0 :
I/PackageManager( 1570): Adding preferred activity ComponentInfo{com.android.mms/com.android.mms.ui.ComposeMessageActivity} for user 0 :
I/ActivityManager( 1570): Force stopping it.unina.android.ripper appid=10189 user=0: clear data
I/ActivityManager( 1570): Force stopping it.unina.android.ripper appid=10189 user=-1: uninstall pkg
W/PackageManager( 1570): Couldn't delete native library directory /data/app-lib/it.unina.android.ripper
I/ActivityManager( 1570): Force stopping it.unina.android.ripper appid=10189 user=0: pkg removed
I/PackageManager( 1570): Adding preferred activity ComponentInfo{com.android.mms/com.android.mms.ui.ComposeMessageActivity} for user 0 :
I/PackageManager( 1570): Adding preferred activity ComponentInfo{com.android.mms/com.android.mms.ui.ComposeMessageActivity} for user 0 :
D/BackupManagerService( 1570): Received broadcast Intent { act=android.intent.action.PACKAGE_REMOVED dat=package:it.unina.android.ripper flg=0x4000010 (has extras) }
V/BackupManagerService( 1570): removePackageParticipantsLocked: uid=10189 #1
I/PackageManager( 1570): Adding preferred activity ComponentInfo{com.android.mms/com.android.mms.ui.ComposeMessageActivity} for user 0 :
I/PackageManager( 1570): Adding preferred activity ComponentInfo{com.android.mms/com.android.mms.ui.ComposeMessageActivity} for user 0 :
W/ContextImpl( 4567): Calling a method in the system process without a qualified user: android.app.ContextImpl.startService:1479 android.content.ContextWrapper.startService:494 android.content.ContextWrapper.startService:494 com.android.keychain.KeyChainBroadcastReceiver.onReceive:12 android.app.ActivityThread.handleReceiver:2419 
I/PackageManager( 1570): Adding preferred activity ComponentInfo{com.android.mms/com.android.mms.ui.ComposeMessageActivity} for user 0 :
I/PackageManager( 1570): Adding preferred activity ComponentInfo{com.android.mms/com.android.mms.ui.ComposeMessageActivity} for user 0 :
I/PackageManager( 1570): Adding preferred activity ComponentInfo{com.android.mms/com.android.mms.ui.ComposeMessageActivity} for user 0 :
I/PackageManager( 1570): Adding preferred activity ComponentInfo{com.android.mms/com.android.mms.ui.ComposeMessageActivity} for user 0 :
W/ActivityManager( 1570): No content provider found for permission revoke: file:///sdcard/aut.apk
W/ActivityManager( 1570): No content provider found for permission revoke: file:///sdcard/aut.apk
I/PackageManager( 1570): Copying native libraries to /data/app-lib/vmdl1567708112
W/PackageManager( 1570): Package com.limelight desires unavailable shared library com.sec.android.app.multiwindow; ignoring!
I/ActivityManager( 1570): Force stopping com.limelight appid=10190 user=-1: update pkg
W/PackageManager( 1570): Unknown permission com.android.providers.tv.permission.READ_EPG_DATA in package com.limelight
W/PackageManager( 1570): Unknown permission com.android.providers.tv.permission.WRITE_EPG_DATA in package com.limelight
I/PackageManager( 1570): Adding preferred activity ComponentInfo{com.android.mms/com.android.mms.ui.ComposeMessageActivity} for user 0 :
I/PackageManager( 1570): Adding preferred activity ComponentInfo{com.android.mms/com.android.mms.ui.ComposeMessageActivity} for user 0 :
D/BackupManagerService( 1570): Received broadcast Intent { act=android.intent.action.PACKAGE_ADDED dat=package:com.limelight flg=0x4000010 (has extras) }
V/BackupManagerService( 1570): addPackageParticipantsLocked: #1
W/ActivityManager( 1570): Unable to start service Intent { act=com.google.android.gms.auth.key.retrieval.service.START pkg=com.google.android.gms } U=0: not found
W/ActivityManager( 1570): Unbind failed: could not find connection for android.os.BinderProxy@9d1e9b00
I/PackageManager( 1570): Adding preferred activity ComponentInfo{com.android.mms/com.android.mms.ui.ComposeMessageActivity} for user 0 :
I/PackageManager( 1570): Adding preferred activity ComponentInfo{com.android.mms/com.android.mms.ui.ComposeMessageActivity} for user 0 :
I/PackageManager( 1570): Adding preferred activity ComponentInfo{com.android.mms/com.android.mms.ui.ComposeMessageActivity} for user 0 :
I/PackageManager( 1570): Adding preferred activity ComponentInfo{com.android.mms/com.android.mms.ui.ComposeMessageActivity} for user 0 :
I/PackageManager( 1570): Adding preferred activity ComponentInfo{com.android.mms/com.android.mms.ui.ComposeMessageActivity} for user 0 :
I/PackageManager( 1570): Adding preferred activity ComponentInfo{com.android.mms/com.android.mms.ui.ComposeMessageActivity} for user 0 :
W/ActivityManager( 1570): No content provider found for permission revoke: file:///sdcard/ripper.apk
W/ActivityManager( 1570): No content provider found for permission revoke: file:///sdcard/ripper.apk
I/PackageManager( 1570): Copying native libraries to /data/app-lib/vmdl724328536
I/PackageParser( 1570): it.unina.android.ripper: compat added android.permission.WRITE_EXTERNAL_STORAGE android.permission.READ_PHONE_STATE
I/ActivityManager( 1570): Force stopping it.unina.android.ripper appid=10191 user=-1: update pkg
I/PackageManager( 1570): Adding preferred activity ComponentInfo{com.android.mms/com.android.mms.ui.ComposeMessageActivity} for user 0 :
D/BackupManagerService( 1570): Received broadcast Intent { act=android.intent.action.PACKAGE_ADDED dat=package:it.unina.android.ripper flg=0x4000010 (has extras) }
V/BackupManagerService( 1570): addPackageParticipantsLocked: #1
I/PackageManager( 1570): Adding preferred activity ComponentInfo{com.android.mms/com.android.mms.ui.ComposeMessageActivity} for user 0 :
I/PackageManager( 1570): Adding preferred activity ComponentInfo{com.android.mms/com.android.mms.ui.ComposeMessageActivity} for user 0 :
I/PackageManager( 1570): Adding preferred activity ComponentInfo{com.android.mms/com.android.mms.ui.ComposeMessageActivity} for user 0 :
I/PackageManager( 1570): Adding preferred activity ComponentInfo{com.android.mms/com.android.mms.ui.ComposeMessageActivity} for user 0 :
I/PackageManager( 1570): Adding preferred activity ComponentInfo{com.android.mms/com.android.mms.ui.ComposeMessageActivity} for user 0 :
I/PackageManager( 1570): Adding preferred activity ComponentInfo{com.android.mms/com.android.mms.ui.ComposeMessageActivity} for user 0 :
I/PackageManager( 1570): Adding preferred activity ComponentInfo{com.android.mms/com.android.mms.ui.ComposeMessageActivity} for user 0 :
I/ActivityManager( 1570): Force stopping com.limelight appid=10190 user=0: start instr
I/ActivityManager( 1570): Start proc com.limelight for added application com.limelight: pid=20772 uid=10190 gids={50190, 3003}
I/ActivityManager( 1570): START u0 {act=android.intent.action.MAIN flg=0x10000000 cmp=com.limelight/.PcView} from pid 20772
--------- beginning of /dev/log/main
W/dalvikvm(20772): VFY: unable to resolve static method 340: Landroid/media/tv/TvContract;.buildPreviewProgramsUriForChannel (J)Landroid/net/Uri;
D/dalvikvm(20772): VFY: replacing opcode 0x71 at 0x0006
I/dalvikvm(20772): Could not find method android.media.tv.TvContract.buildChannelLogoUri, referenced from method com.limelight.utils.TvChannelHelper.updateChannelIcon
W/dalvikvm(20772): VFY: unable to resolve static method 337: Landroid/media/tv/TvContract;.buildChannelLogoUri (J)Landroid/net/Uri;
D/dalvikvm(20772): VFY: replacing opcode 0x71 at 0x0011
I/dalvikvm(20772): Could not find method android.media.tv.TvContract.buildPreviewProgramUri, referenced from method com.limelight.utils.TvChannelHelper.addGameToChannel
W/dalvikvm(20772): VFY: unable to resolve static method 339: Landroid/media/tv/TvContract;.buildPreviewProgramUri (J)Landroid/net/Uri;
D/dalvikvm(20772): VFY: replacing opcode 0x71 at 0x00ac
W/dalvikvm(20772): VFY: unable to resolve static field 31 (CONTENT_URI) in Landroid/media/tv/TvContract$PreviewPrograms;
D/dalvikvm(20772): VFY: replacing opcode 0x62 at 0x00be
I/dalvikvm(20772): Could not find method android.media.tv.TvContract.buildChannelUri, referenced from method com.limelight.utils.TvChannelHelper.createTvChannel
W/dalvikvm(20772): VFY: unable to resolve static method 338: Landroid/media/tv/TvContract;.buildChannelUri (J)Landroid/net/Uri;
D/dalvikvm(20772): VFY: replacing opcode 0x71 at 0x0041
W/dalvikvm(20772): VFY: unable to resolve static field 30 (CONTENT_URI) in Landroid/media/tv/TvContract$Channels;
D/dalvikvm(20772): VFY: replacing opcode 0x62 at 0x0053
I/dalvikvm(20772): Could not find method android.media.tv.TvContract.buildChannelUri, referenced from method com.limelight.utils.TvChannelHelper.deleteChannel
W/dalvikvm(20772): VFY: unable to resolve static method 338: Landroid/media/tv/TvContract;.buildChannelUri (J)Landroid/net/Uri;
D/dalvikvm(20772): VFY: replacing opcode 0x71 at 0x0020
I/dalvikvm(20772): Could not find method android.media.tv.TvContract.buildPreviewProgramUri, referenced from method com.limelight.utils.TvChannelHelper.deleteProgram
W/dalvikvm(20772): VFY: unable to resolve static method 339: Landroid/media/tv/TvContract;.buildPreviewProgramUri (J)Landroid/net/Uri;
D/dalvikvm(20772): VFY: replacing opcode 0x71 at 0x0040
D/dalvikvm(20772): Trying to load lib /data/app-lib/com.limelight-1/libmoonlight-core.so 0x9d091c70
D/dalvikvm(20772): Added shared lib /data/app-lib/com.limelight-1/libmoonlight-core.so 0x9d091c70
D/dalvikvm(20772): No JNI_OnLoad found in /data/app-lib/com.limelight-1/libmoonlight-core.so 0x9d091c70, skipping init
D/dalvikvm(20772): GC_CONCURRENT freed 270K, 13% free 3271K/3740K, paused 0ms+1ms, total 3ms
D/dalvikvm(20772): GC_FOR_ALLOC freed 5K, 13% free 3273K/3740K, paused 1ms, total 1ms
I/dalvikvm-heap(20772): Grow heap (frag case) to 5.099MB for 1806348-byte allocation
D/dalvikvm(20772): GC_FOR_ALLOC freed <1K, 9% free 5037K/5508K, paused 4ms, total 4ms
D/dalvikvm(20772): GC_CONCURRENT freed <1K, 9% free 5037K/5508K, paused 1ms+0ms, total 2ms
D/dalvikvm(20772): GC_FOR_ALLOC freed <1K, 9% free 5039K/5508K, paused 2ms, total 2ms
I/dalvikvm-heap(20772): Grow heap (frag case) to 6.824MB for 1806348-byte allocation
D/dalvikvm(20772): GC_CONCURRENT freed <1K, 7% free 6803K/7276K, paused 0ms+1ms, total 2ms
D/dalvikvm(20772): GC_FOR_ALLOC freed <1K, 7% free 6806K/7276K, paused 2ms, total 2ms
I/dalvikvm-heap(20772): Grow heap (frag case) to 8.548MB for 1806348-byte allocation
D/dalvikvm(20772): GC_CONCURRENT freed <1K, 6% free 8570K/9044K, paused 1ms+0ms, total 3ms
W/Resources(20772): Converting to string: TypedValue{t=0x10/d=0x3c a=-1}
W/Resources(20772): Converting to string: TypedValue{t=0x10/d=0x2 a=-1}
I/dalvikvm(20772): Could not find method android.preference.DialogPreference.<init>, referenced from method com.limelight.preferences.ConfirmDeleteOscPreference.<init>
W/dalvikvm(20772): VFY: unable to resolve direct method 394: Landroid/preference/DialogPreference;.<init> (Landroid/content/Context;)V
D/dalvikvm(20772): VFY: replacing opcode 0x70 at 0x0000
I/dalvikvm(20772): Could not find method android.preference.DialogPreference.<init>, referenced from method com.limelight.preferences.ConfirmDeleteOscPreference.<init>
W/dalvikvm(20772): VFY: unable to resolve direct method 397: Landroid/preference/DialogPreference;.<init> (Landroid/content/Context;Landroid/util/AttributeSet;II)V
D/dalvikvm(20772): VFY: replacing opcode 0x70 at 0x0000
I/dalvikvm(20772): Could not find method android.net.ConnectivityManager.getAllNetworks, referenced from method com.limelight.computers.ComputerManagerService.populateExternalAddress
W/dalvikvm(20772): VFY: unable to resolve virtual method 345: Landroid/net/ConnectivityManager;.getAllNetworks ()[Landroid/net/Network;
D/dalvikvm(20772): VFY: replacing opcode 0x6e at 0x001d
I/dalvikvm(20772): Could not find method android.net.ConnectivityManager.bindProcessToNetwork, referenced from method com.limelight.computers.ComputerManagerService.populateExternalAddress
W/dalvikvm(20772): VFY: unable to resolve virtual method 342: Landroid/net/ConnectivityManager;.bindProcessToNetwork (Landroid/net/Network;)Z
D/dalvikvm(20772): VFY: replacing opcode 0x6e at 0x0065
I/dalvikvm(20772): Could not find method android.net.ConnectivityManager.setProcessDefaultNetwork, referenced from method com.limelight.computers.ComputerManagerService.populateExternalAddress
W/dalvikvm(20772): VFY: unable to resolve static method 348: Landroid/net/ConnectivityManager;.setProcessDefaultNetwork (Landroid/net/Network;)Z
D/dalvikvm(20772): VFY: replacing opcode 0x71 at 0x006b
I/com.limelight.LimeLog(20772): Reading UID from disk
I/com.limelight.LimeLog(20772): No UID file found
I/com.limelight.LimeLog(20772): Generating new UID
I/com.limelight.LimeLog(20772): UID written to disk
I/com.limelight.LimeLog(20772): UID is now: 4a37a2894386f8ca
E/SQLiteLog(20772): (14) cannot open file at line 30191 of [00bb9c9ce4]
E/SQLiteLog(20772): (14) os_unix.c:30191: (2) open(/data/data/com.limelight/databases/computers.db) - 
E/SQLiteDatabase(20772): Failed to open database '/data/data/com.limelight/databases/computers.db'.
E/SQLiteDatabase(20772): android.database.sqlite.SQLiteCantOpenDatabaseException: unknown error (code 14): Could not open database
E/SQLiteDatabase(20772): 	at android.database.sqlite.SQLiteConnection.nativeOpen(Native Method)
E/SQLiteDatabase(20772): 	at android.database.sqlite.SQLiteConnection.open(SQLiteConnection.java:209)
E/SQLiteDatabase(20772): 	at android.database.sqlite.SQLiteConnection.open(SQLiteConnection.java:193)
E/SQLiteDatabase(20772): 	at android.database.sqlite.SQLiteConnectionPool.openConnectionLocked(SQLiteConnectionPool.java:463)
E/SQLiteDatabase(20772): 	at android.database.sqlite.SQLiteConnectionPool.open(SQLiteConnectionPool.java:185)
E/SQLiteDatabase(20772): 	at android.database.sqlite.SQLiteConnectionPool.open(SQLiteConnectionPool.java:177)
E/SQLiteDatabase(20772): 	at android.database.sqlite.SQLiteDatabase.openInner(SQLiteDatabase.java:804)
E/SQLiteDatabase(20772): 	at android.database.sqlite.SQLiteDatabase.open(SQLiteDatabase.java:789)
E/SQLiteDatabase(20772): 	at android.database.sqlite.SQLiteDatabase.openDatabase(SQLiteDatabase.java:694)
E/SQLiteDatabase(20772): 	at android.database.sqlite.SQLiteDatabase.openDatabase(SQLiteDatabase.java:669)
E/SQLiteDatabase(20772): 	at com.limelight.computers.LegacyDatabaseReader.migrateAllComputers(LegacyDatabaseReader.java:93)
E/SQLiteDatabase(20772): 	at com.limelight.computers.ComputerDatabaseManager.initializeDb(ComputerDatabaseManager.java:57)
E/SQLiteDatabase(20772): 	at com.limelight.computers.ComputerDatabaseManager.<init>(ComputerDatabaseManager.java:42)
E/SQLiteDatabase(20772): 	at com.limelight.computers.ComputerManagerService.onCreate(ComputerManagerService.java:714)
E/SQLiteDatabase(20772): 	at android.app.ActivityThread.handleCreateService(ActivityThread.java:2572)
E/SQLiteDatabase(20772): 	at android.app.ActivityThread.access$1800(ActivityThread.java:135)
E/SQLiteDatabase(20772): 	at android.app.ActivityThread$H.handleMessage(ActivityThread.java:1278)
E/SQLiteDatabase(20772): 	at android.os.Handler.dispatchMessage(Handler.java:102)
E/SQLiteDatabase(20772): 	at android.os.Looper.loop(Looper.java:136)
E/SQLiteDatabase(20772): 	at android.app.ActivityThread.main(ActivityThread.java:5017)
E/SQLiteDatabase(20772): 	at java.lang.reflect.Method.invokeNative(Native Method)
E/SQLiteDatabase(20772): 	at java.lang.reflect.Method.invoke(Method.java:515)
E/SQLiteDatabase(20772): 	at com.android.internal.os.ZygoteInit$MethodAndArgsCaller.run(ZygoteInit.java:779)
E/SQLiteDatabase(20772): 	at com.android.internal.os.ZygoteInit.main(ZygoteInit.java:595)
E/SQLiteDatabase(20772): 	at dalvik.system.NativeStart.main(Native Method)
E/SQLiteLog(20772): (14) cannot open file at line 30191 of [00bb9c9ce4]
E/SQLiteLog(20772): (14) os_unix.c:30191: (2) open(/data/data/com.limelight/databases/computers2.db) - 
E/SQLiteDatabase(20772): Failed to open database '/data/data/com.limelight/databases/computers2.db'.
E/SQLiteDatabase(20772): android.database.sqlite.SQLiteCantOpenDatabaseException: unknown error (code 14): Could not open database
E/SQLiteDatabase(20772): 	at android.database.sqlite.SQLiteConnection.nativeOpen(Native Method)
E/SQLiteDatabase(20772): 	at android.database.sqlite.SQLiteConnection.open(SQLiteConnection.java:209)
E/SQLiteDatabase(20772): 	at android.database.sqlite.SQLiteConnection.open(SQLiteConnection.java:193)
E/SQLiteDatabase(20772): 	at android.database.sqlite.SQLiteConnectionPool.openConnectionLocked(SQLiteConnectionPool.java:463)
E/SQLiteDatabase(20772): 	at android.database.sqlite.SQLiteConnectionPool.open(SQLiteConnectionPool.java:185)
E/SQLiteDatabase(20772): 	at android.database.sqlite.SQLiteConnectionPool.open(SQLiteConnectionPool.java:177)
E/SQLiteDatabase(20772): 	at android.database.sqlite.SQLiteDatabase.openInner(SQLiteDatabase.java:804)
E/SQLiteDatabase(20772): 	at android.database.sqlite.SQLiteDatabase.open(SQLiteDatabase.java:789)
E/SQLiteDatabase(20772): 	at android.database.sqlite.SQLiteDatabase.openDatabase(SQLiteDatabase.java:694)
E/SQLiteDatabase(20772): 	at android.database.sqlite.SQLiteDatabase.openDatabase(SQLiteDatabase.java:669)
E/SQLiteDatabase(20772): 	at com.limelight.computers.LegacyDatabaseReader2.migrateAllComputers(LegacyDatabaseReader2.java:74)
E/SQLiteDatabase(20772): 	at com.limelight.computers.ComputerDatabaseManager.initializeDb(ComputerDatabaseManager.java:61)
E/SQLiteDatabase(20772): 	at com.limelight.computers.ComputerDatabaseManager.<init>(ComputerDatabaseManager.java:42)
E/SQLiteDatabase(20772): 	at com.limelight.computers.ComputerManagerService.onCreate(ComputerManagerService.java:714)
E/SQLiteDatabase(20772): 	at android.app.ActivityThread.handleCreateService(ActivityThread.java:2572)
E/SQLiteDatabase(20772): 	at android.app.ActivityThread.access$1800(ActivityThread.java:135)
E/SQLiteDatabase(20772): 	at android.app.ActivityThread$H.handleMessage(ActivityThread.java:1278)
E/SQLiteDatabase(20772): 	at android.os.Handler.dispatchMessage(Handler.java:102)
E/SQLiteDatabase(20772): 	at android.os.Looper.loop(Looper.java:136)
E/SQLiteDatabase(20772): 	at android.app.ActivityThread.main(ActivityThread.java:5017)
E/SQLiteDatabase(20772): 	at java.lang.reflect.Method.invokeNative(Native Method)
E/SQLiteDatabase(20772): 	at java.lang.reflect.Method.invoke(Method.java:515)
E/SQLiteDatabase(20772): 	at com.android.internal.os.ZygoteInit$MethodAndArgsCaller.run(ZygoteInit.java:779)
E/SQLiteDatabase(20772): 	at com.android.internal.os.ZygoteInit.main(ZygoteInit.java:595)
E/SQLiteDatabase(20772): 	at dalvik.system.NativeStart.main(Native Method)
D/dalvikvm(20772): GC_FOR_ALLOC freed 192K, 5% free 8804K/9216K, paused 3ms, total 3ms
I/dalvikvm-heap(20772): Grow heap (frag case) to 10.627MB for 1939932-byte allocation
D/dalvikvm(20772): GC_FOR_ALLOC freed 1K, 4% free 10697K/11112K, paused 2ms, total 2ms
D/dalvikvm(20772): GC_CONCURRENT freed 3K, 4% free 10693K/11112K, paused 0ms+0ms, total 2ms
E/dalvikvm(20772): Could not find class 'android.support.v4.app.FragmentActivity', referenced from method a.a.a.ag.c
W/dalvikvm(20772): VFY: unable to resolve check-cast 122 (Landroid/support/v4/app/FragmentActivity;) in La/a/a/ag;
D/dalvikvm(20772): VFY: replacing opcode 0x1f at 0x0008
I/dalvikvm(20772): Could not find method android.support.v4.app.FragmentActivity.getSupportFragmentManager, referenced from method a.a.a.ag.c
W/dalvikvm(20772): VFY: unable to resolve virtual method 750: Landroid/support/v4/app/FragmentActivity;.getSupportFragmentManager ()Landroid/support/v4/app/FragmentManager;
D/dalvikvm(20772): VFY: replacing opcode 0x6e at 0x000e
I/dalvikvm(20772): Could not find method android.support.v4.app.FragmentActivity.getSupportFragmentManager, referenced from method a.a.a.ag.c
W/dalvikvm(20772): VFY: unable to resolve virtual method 750: Landroid/support/v4/app/FragmentActivity;.getSupportFragmentManager ()Landroid/support/v4/app/FragmentManager;
D/dalvikvm(20772): VFY: replacing opcode 0x6e at 0x001a
W/dalvikvm(20772): VFY: unable to find class referenced in signature (Landroid/support/v4/app/Fragment;)
E/WifiStateMachine( 1570): Error! unhandled message{ when=0 what=131157 target=com.android.internal.util.StateMachine$SmHandler }
W/dalvikvm(20772): VFY: unable to find class referenced in signature (Landroid/support/v4/app/Fragment;)
D/EGL_emulation( 1949): eglMakeCurrent: 0xb90a06f0: ver 3 0
I/dalvikvm(20772): Could not find method org.slf4j.impl.StaticLoggerBinder.getSingleton, referenced from method org.slf4j.LoggerFactory.bind
W/dalvikvm(20772): VFY: unable to resolve static method 17656: Lorg/slf4j/impl/StaticLoggerBinder;.getSingleton ()Lorg/slf4j/impl/StaticLoggerBinder;
D/dalvikvm(20772): VFY: replacing opcode 0x71 at 0x000e
I/dalvikvm(20772): Could not find method org.slf4j.impl.StaticLoggerBinder.getSingleton, referenced from method org.slf4j.LoggerFactory.getILoggerFactory
W/dalvikvm(20772): VFY: unable to resolve static method 17656: Lorg/slf4j/impl/StaticLoggerBinder;.getSingleton ()Lorg/slf4j/impl/StaticLoggerBinder;
D/dalvikvm(20772): VFY: replacing opcode 0x71 at 0x002e
I/dalvikvm(20772): Could not find method org.slf4j.impl.StaticLoggerBinder.getSingleton, referenced from method org.slf4j.LoggerFactory.reportActualBinding
W/dalvikvm(20772): VFY: unable to resolve static method 17656: Lorg/slf4j/impl/StaticLoggerBinder;.getSingleton ()Lorg/slf4j/impl/StaticLoggerBinder;
D/dalvikvm(20772): VFY: replacing opcode 0x71 at 0x0012
W/dalvikvm(20772): VFY: unable to resolve static field 7244 (REQUESTED_API_VERSION) in Lorg/slf4j/impl/StaticLoggerBinder;
D/dalvikvm(20772): VFY: replacing opcode 0x62 at 0x0000
W/System.err(20772): SLF4J: Failed to load class "org.slf4j.impl.StaticLoggerBinder".
W/System.err(20772): SLF4J: Defaulting to no-operation (NOP) logger implementation
W/System.err(20772): SLF4J: See http://www.slf4j.org/codes.html#StaticLoggerBinder for further details.
D/dalvikvm(20772): GC_CONCURRENT freed 1038K, 10% free 11596K/12820K, paused 1ms+2ms, total 9ms
I/com.limelight.LimeLog(20772): Missing cert or key; need to generate a new one
D/dalvikvm(20772): GC_CONCURRENT freed 1019K, 9% free 12537K/13740K, paused 0ms+2ms, total 9ms
I/AndroidRipper(20772): [b] Waiting on Progress Bar #2131099665
D/dalvikvm(20772): GC_CONCURRENT freed 1679K, 13% free 12840K/14716K, paused 0ms+1ms, total 14ms
I/com.limelight.LimeLog(20772): Generated a new key pair
I/com.limelight.LimeLog(20772): Saved generated key pair to disk
I/AndroidRipper(20772): [b] Waiting on Progress Bar #2131099665
D/dalvikvm(20772): GC_CONCURRENT freed 1500K, 12% free 13290K/14992K, paused 1ms+1ms, total 14ms
I/AndroidRipper(20772): [b] Waiting on Progress Bar #2131099665
I/AndroidRipper(20772): [b] Waiting on Progress Bar #2131099665
I/AndroidRipper(20772): [b] Waiting on Progress Bar #2131099665
I/AndroidRipper(20772): [b] Waiting on Progress Bar #2131099665
I/AndroidRipper(20772): [RipperTestCase] Ready to operate after restarting...
D/dalvikvm(20772): GC_CONCURRENT freed 1965K, 14% free 13320K/15488K, paused 0ms+0ms, total 18ms
D/dalvikvm(20772): GC_CONCURRENT freed 1961K, 15% free 13295K/15488K, paused 1ms+1ms, total 10ms
D/dalvikvm( 1570): GC_FOR_ALLOC freed 2476K, 46% free 9381K/17200K, paused 10ms, total 10ms
D/dalvikvm(20772): GC_CONCURRENT freed 1980K, 15% free 13304K/15488K, paused 3ms+0ms, total 13ms
V/RipperService(20188): PING
V/AndroidRipperService(20188): mHandler.handleMessage() RECIVED
V/AndroidRipperService(20188): broadcast()
V/AndroidRipperService(20188): broadcast() done
V/        (20188): ready
I/AndroidRipper(20772): Recived message: PING
V/AndroidRipperService(20188): send()
V/RipperService(20188): PING
V/AndroidRipperService(20188): mHandler.handleMessage() RECIVED
V/AndroidRipperService(20188): broadcast()
I/AndroidRipper(20772): Recived message: PING
V/AndroidRipperService(20188): send()
V/AndroidRipperService(20188): broadcast() done
V/        (20188): ready
V/RipperService(20188): DSC
V/AndroidRipperService(20188): mHandler.handleMessage() RECIVED
V/AndroidRipperService(20188): broadcast()
I/AndroidRipper(20772): Recived message: DSC
V/AndroidRipperService(20188): broadcast() done
V/        (20188): ready
D/dalvikvm(20188): GC_CONCURRENT freed 385K, 17% free 3112K/3736K, paused 0ms+1ms, total 3ms
I/AndroidRipper(20772): [b] Found widget: id=-1 (android.widget.LinearLayout{9d0ba138 V.E..... ........ 0,0-1080,1794})
I/AndroidRipper(20772): [b] Found widget: id=16909070 (android.view.ViewStub{9d0be448 G.E..... ......I. 0,0-0,0 #102030e})
I/AndroidRipper(20772): [b] Found widget: id=16908290 (android.widget.FrameLayout{9d0be8d8 V.E..... ........ 0,66-1080,1794 #1020002 android:id/content})
I/AndroidRipper(20772): [b] Found widget: id=-1 (android.widget.RelativeLayout{9d0862f0 V.E..... ........ 0,0-1080,1728})
I/AndroidRipper(20772): [b] Found widget: id=2131099664 (android.widget.RelativeLayout{9d0c9d70 V.E..... ........ 0,171-1080,1728 #7f060010 app:id/pcFragmentContainer})
I/AndroidRipper(20772): [b] Found widget: id=2131099662 (android.widget.RelativeLayout{9d0ca320 V.E..... ........ 0,569-1080,987 #7f06000e app:id/no_pc_found_layout})
I/AndroidRipper(20772): [b] Found widget: id=2131099665 (android.widget.ProgressBar{9d0caa68 V.ED.... ........ 42,0-239,197 #7f060011 app:id/pcs_loading})
I/AndroidRipper(20772): [b] Found widget: id=-1 (android.widget.TextView{9d0cc020 V.ED.... ........ 265,0-1038,418})
I/AndroidRipper(20772): [b] Found widget: id=2131099652 (android.widget.GridView{9d0e2f78 V.ED.VCL ........ 0,0-1080,1557 #7f060004 app:id/fragmentView})
I/System.out(20772): >>>>>> android.view.View>>>>>> android.view.ViewGroup>>>>>> android.view.View>>>>>> android.widget.AbsListViewDescriptionError: android.widget.GridView cannot be cast to android.widget.ListView
I/AndroidRipper(20772): [b] Found widget: id=2131099667 (android.widget.ImageButton{9d0cd178 VFED..C. ........ 0,0-184,171 #7f060013 app:id/settingsButton})
I/AndroidRipper(20772): [b] Found widget: id=2131099658 (android.widget.ImageButton{9d08b938 VFED..C. ........ 184,0-368,171 #7f06000a app:id/helpButton})
I/AndroidRipper(20772): [b] Found widget: id=2131099660 (android.widget.ImageButton{9d09ee90 VFED..C. ........ 896,0-1080,171 #7f06000c app:id/manuallyAddPc})
I/AndroidRipper(20772): [b] Found widget: id=-1 (com.android.internal.policy.impl.PhoneWindow$DecorView{9d0b8ef8 V.E..... R....... 0,0-1080,1794})
V/AndroidRipperService(20188): send()
V/RipperService(20188): EVT
V/AndroidRipperService(20188): mHandler.handleMessage() RECIVED
V/AndroidRipperService(20188): broadcast()
I/AndroidRipper(20772): Recived message: EVT
V/RipperTestCase(20772): START_EVENT[2|1629029529424]
V/AndroidRipperService(20188): broadcast() done
V/        (20188): ready
D/dalvikvm(20772): GC_CONCURRENT freed 1862K, 14% free 13432K/15500K, paused 0ms+1ms, total 6ms
I/AndroidRipper(20772): [b] Retrieved from return list id=2131099660
I/AndroidRipper(20772): [b] Testing for type (android.widget.ImageButton) against the original (button)
I/AndroidRipper(20772): [b] Testing for name () against the original ()
E/SoundPool( 1570): error loading /system/media/audio/ui/Effect_Tick.ogg
W/AudioService( 1570): Soundpool could not load file: /system/media/audio/ui/Effect_Tick.ogg
E/SoundPool( 1570): error loading /system/media/audio/ui/Effect_Tick.ogg
W/AudioService( 1570): Soundpool could not load file: /system/media/audio/ui/Effect_Tick.ogg
E/SoundPool( 1570): error loading /system/media/audio/ui/Effect_Tick.ogg
W/AudioService( 1570): Soundpool could not load file: /system/media/audio/ui/Effect_Tick.ogg
E/SoundPool( 1570): error loading /system/media/audio/ui/Effect_Tick.ogg
W/AudioService( 1570): Soundpool could not load file: /system/media/audio/ui/Effect_Tick.ogg
E/SoundPool( 1570): error loading /system/media/audio/ui/Effect_Tick.ogg
W/AudioService( 1570): Soundpool could not load file: /system/media/audio/ui/Effect_Tick.ogg
E/SoundPool( 1570): error loading /system/media/audio/ui/KeypressStandard.ogg
W/AudioService( 1570): Soundpool could not load file: /system/media/audio/ui/KeypressStandard.ogg
E/SoundPool( 1570): error loading /system/media/audio/ui/KeypressSpacebar.ogg
W/AudioService( 1570): Soundpool could not load file: /system/media/audio/ui/KeypressSpacebar.ogg
E/SoundPool( 1570): error loading /system/media/audio/ui/KeypressDelete.ogg
W/AudioService( 1570): Soundpool could not load file: /system/media/audio/ui/KeypressDelete.ogg
E/SoundPool( 1570): error loading /system/media/audio/ui/KeypressReturn.ogg
W/AudioService( 1570): Soundpool could not load file: /system/media/audio/ui/KeypressReturn.ogg
E/SoundPool( 1570): error loading /system/media/audio/ui/KeypressInvalid.ogg
W/AudioService( 1570): Soundpool could not load file: /system/media/audio/ui/KeypressInvalid.ogg
W/AudioService( 1570): onLoadSoundEffects(), Error -1 while loading samples
I/ActivityManager( 1570): START u0 {cmp=com.limelight/.preferences.AddComputerManually} from pid 20772
E/WifiStateMachine( 1570): Error! unhandled message{ when=0 what=131156 target=com.android.internal.util.StateMachine$SmHandler }
D/EGL_emulation(20772): eglMakeCurrent: 0xb900b270: ver 3 0
E/EGL_emulation(20772): tid 20772: eglSurfaceAttrib(1199): error 0x3009 (EGL_BAD_MATCH)
W/HardwareRenderer(20772): Backbuffer cannot be preserved
D/EGL_emulation(20772): eglMakeCurrent: 0xb900b270: ver 3 0
D/EGL_emulation(20772): eglMakeCurrent: 0xb900b270: ver 3 0
I/ActivityManager( 1570): Displayed com.limelight/.preferences.AddComputerManually: +87ms
D/EGL_emulation(20772): eglMakeCurrent: 0xb900b270: ver 3 0
D/EGL_emulation(20772): eglMakeCurrent: 0xb900b270: ver 3 0
D/EGL_emulation(20772): eglMakeCurrent: 0xb900b270: ver 3 0
D/dalvikvm( 1570): GC_FOR_ALLOC freed 1651K, 46% free 9331K/17200K, paused 8ms, total 8ms
D/EGL_emulation(20772): eglMakeCurrent: 0xb900b270: ver 3 0
V/AndroidRipperService(20188): send()
V/RipperTestCase(20772): END_EVENT[2|1629029531973]
V/RipperService(20188): PING
V/AndroidRipperService(20188): mHandler.handleMessage() RECIVED
V/AndroidRipperService(20188): broadcast()
I/AndroidRipper(20772): Recived message: PING
V/AndroidRipperService(20188): broadcast() done
V/        (20188): ready
V/AndroidRipperService(20188): send()
V/RipperService(20188): DSC
V/AndroidRipperService(20188): mHandler.handleMessage() RECIVED
V/AndroidRipperService(20188): broadcast()
V/AndroidRipperService(20188): broadcast() done
V/        (20188): ready
I/AndroidRipper(20772): Recived message: DSC
I/AndroidRipper(20772): [b] Found widget: id=-1 (android.widget.LinearLayout{9db44750 V.E..... ........ 0,0-1080,1794})
I/AndroidRipper(20772): [b] Found widget: id=16909070 (android.view.ViewStub{9dafd648 G.E..... ......I. 0,0-0,0 #102030e})
I/AndroidRipper(20772): [b] Found widget: id=16908290 (android.widget.FrameLayout{9db8c0b8 V.E..... ........ 0,66-1080,1794 #1020002 android:id/content})
