V/AndroidRipperService(20188): broadcast()
I/AndroidRipper(21104): Recived message: DSC
V/AndroidRipperService(20188): broadcast() done
V/        (20188): ready
V/AndroidRipperService(20188): send()
V/RipperService(20188): DSC
V/AndroidRipperService(20188): mHandler.handleMessage() RECIVED
V/AndroidRipperService(20188): broadcast()
I/AndroidRipper(21104): Recived message: DSC
V/AndroidRipperService(20188): broadcast() done
V/        (20188): ready
V/AndroidRipperService(20188): send()
V/RipperService(20188): DSC
V/AndroidRipperService(20188): mHandler.handleMessage() RECIVED
V/AndroidRipperService(20188): broadcast()
V/AndroidRipperService(20188): broadcast() done
V/        (20188): ready
I/AndroidRipper(21104): Recived message: DSC
V/AndroidRipperService(20188): send()
V/RipperService(20188): DSC
V/AndroidRipperService(20188): mHandler.handleMessage() RECIVED
V/AndroidRipperService(20188): broadcast()
I/AndroidRipper(21104): Recived message: DSC
V/AndroidRipperService(20188): broadcast() done
V/        (20188): ready
V/AndroidRipperService(20188): send()
D/dalvikvm(20188): GC_CONCURRENT freed 432K, 18% free 3115K/3760K, paused 0ms+3ms, total 4ms
V/RipperService(20188): DSC
V/AndroidRipperService(20188): mHandler.handleMessage() RECIVED
V/AndroidRipperService(20188): broadcast()
V/AndroidRipperService(20188): broadcast() done
V/        (20188): ready
I/AndroidRipper(21104): Recived message: DSC
V/AndroidRipperService(20188): send()
V/RipperService(20188): DSC
V/AndroidRipperService(20188): mHandler.handleMessage() RECIVED
V/AndroidRipperService(20188): broadcast()
I/AndroidRipper(21104): Recived message: DSC
V/AndroidRipperService(20188): broadcast() done
V/        (20188): ready
V/AndroidRipperService(20188): send()
D/dalvikvm( 1570): GC_FOR_ALLOC freed 1616K, 46% free 9311K/17200K, paused 10ms, total 10ms
V/RipperService(20188): DSC
V/AndroidRipperService(20188): mHandler.handleMessage() RECIVED
V/AndroidRipperService(20188): broadcast()
I/AndroidRipper(21104): Recived message: DSC
V/AndroidRipperService(20188): broadcast() done
V/        (20188): ready
V/AndroidRipperService(20188): send()
V/RipperService(20188): DSC
V/AndroidRipperService(20188): mHandler.handleMessage() RECIVED
V/AndroidRipperService(20188): broadcast()
I/AndroidRipper(21104): Recived message: DSC
V/AndroidRipperService(20188): broadcast() done
V/        (20188): ready
D/dalvikvm(20188): GC_CONCURRENT freed 432K, 18% free 3113K/3760K, paused 0ms+0ms, total 2ms
V/AndroidRipperService(20188): send()
V/RipperService(20188): DSC
V/AndroidRipperService(20188): mHandler.handleMessage() RECIVED
V/AndroidRipperService(20188): broadcast()
V/AndroidRipperService(20188): broadcast() done
V/        (20188): ready
I/AndroidRipper(21104): Recived message: DSC
V/AndroidRipperService(20188): send()
V/RipperService(20188): DSC
V/AndroidRipperService(20188): mHandler.handleMessage() RECIVED
V/AndroidRipperService(20188): broadcast()
I/AndroidRipper(21104): Recived message: DSC
V/AndroidRipperService(20188): broadcast() done
V/        (20188): ready
V/AndroidRipperService(20188): send()
V/RipperService(20188): DSC
V/AndroidRipperService(20188): mHandler.handleMessage() RECIVED
V/AndroidRipperService(20188): broadcast()
V/AndroidRipperService(20188): broadcast() done
V/        (20188): ready
I/AndroidRipper(21104): Recived message: DSC
V/AndroidRipperService(20188): send()
D/dalvikvm( 1570): GC_FOR_ALLOC freed 1560K, 46% free 9336K/17200K, paused 7ms, total 7ms
V/RipperService(20188): DSC
V/AndroidRipperService(20188): mHandler.handleMessage() RECIVED
V/AndroidRipperService(20188): broadcast()
I/AndroidRipper(21104): Recived message: DSC
V/AndroidRipperService(20188): broadcast() done
V/        (20188): ready
D/dalvikvm(20188): GC_CONCURRENT freed 432K, 18% free 3113K/3760K, paused 0ms+0ms, total 2ms
V/AndroidRipperService(20188): send()
V/RipperService(20188): DSC
V/AndroidRipperService(20188): mHandler.handleMessage() RECIVED
V/AndroidRipperService(20188): broadcast()
I/AndroidRipper(21104): Recived message: DSC
V/AndroidRipperService(20188): broadcast() done
V/        (20188): ready
V/AndroidRipperService(20188): send()
V/RipperService(20188): DSC
V/AndroidRipperService(20188): mHandler.handleMessage() RECIVED
V/AndroidRipperService(20188): broadcast()
I/AndroidRipper(21104): Recived message: DSC
V/AndroidRipperService(20188): broadcast() done
V/        (20188): ready
V/AndroidRipperService(20188): send()
V/RipperService(20188): DSC
V/AndroidRipperService(20188): mHandler.handleMessage() RECIVED
V/AndroidRipperService(20188): broadcast()
I/AndroidRipper(21104): Recived message: DSC
V/AndroidRipperService(20188): broadcast() done
V/        (20188): ready
V/AndroidRipperService(20188): send()
V/RipperService(20188): DSC
V/AndroidRipperService(20188): mHandler.handleMessage() RECIVED
V/AndroidRipperService(20188): broadcast()
I/AndroidRipper(21104): Recived message: DSC
V/AndroidRipperService(20188): broadcast() done
V/        (20188): ready
D/dalvikvm(20188): GC_CONCURRENT freed 432K, 18% free 3113K/3760K, paused 0ms+0ms, total 2ms
V/AndroidRipperService(20188): send()
V/RipperService(20188): DSC
V/AndroidRipperService(20188): mHandler.handleMessage() RECIVED
V/AndroidRipperService(20188): broadcast()
V/AndroidRipperService(20188): broadcast() done
V/        (20188): ready
I/AndroidRipper(21104): Recived message: DSC
V/AndroidRipperService(20188): send()
D/dalvikvm( 1570): GC_FOR_ALLOC freed 1590K, 46% free 9337K/17200K, paused 7ms, total 7ms
V/RipperService(20188): DSC
V/AndroidRipperService(20188): mHandler.handleMessage() RECIVED
V/AndroidRipperService(20188): broadcast()
I/AndroidRipper(21104): Recived message: DSC
V/AndroidRipperService(20188): broadcast() done
V/        (20188): ready
V/AndroidRipperService(20188): send()
V/RipperService(20188): DSC
V/AndroidRipperService(20188): mHandler.handleMessage() RECIVED
V/AndroidRipperService(20188): broadcast()
V/AndroidRipperService(20188): broadcast() done
V/        (20188): ready
I/AndroidRipper(21104): Recived message: DSC
V/AndroidRipperService(20188): send()
V/RipperService(20188): DSC
V/AndroidRipperService(20188): mHandler.handleMessage() RECIVED
V/AndroidRipperService(20188): broadcast()
I/AndroidRipper(21104): Recived message: DSC
V/AndroidRipperService(20188): broadcast() done
V/        (20188): ready
D/dalvikvm(20188): GC_CONCURRENT freed 432K, 18% free 3114K/3760K, paused 0ms+0ms, total 2ms
V/AndroidRipperService(20188): send()
V/RipperService(20188): DSC
V/AndroidRipperService(20188): mHandler.handleMessage() RECIVED
V/AndroidRipperService(20188): broadcast()
I/AndroidRipper(21104): Recived message: DSC
V/AndroidRipperService(20188): broadcast() done
V/        (20188): ready
V/AndroidRipperService(20188): send()
V/RipperService(20188): DSC
V/AndroidRipperService(20188): mHandler.handleMessage() RECIVED
V/AndroidRipperService(20188): broadcast()
V/AndroidRipperService(20188): broadcast() done
I/AndroidRipper(21104): Recived message: DSC
V/        (20188): ready
V/AndroidRipperService(20188): send()
V/RipperService(20188): DSC
V/AndroidRipperService(20188): mHandler.handleMessage() RECIVED
V/AndroidRipperService(20188): broadcast()
V/AndroidRipperService(20188): broadcast() done
V/        (20188): ready
I/AndroidRipper(21104): Recived message: DSC
V/AndroidRipperService(20188): send()
D/dalvikvm( 1570): GC_FOR_ALLOC freed 1604K, 46% free 9312K/17200K, paused 8ms, total 8ms
D/dalvikvm(20188): GC_CONCURRENT freed 412K, 18% free 3088K/3760K, paused 0ms+0ms, total 2ms
V/RipperService(20188): DSC
V/AndroidRipperService(20188): mHandler.handleMessage() RECIVED
V/AndroidRipperService(20188): broadcast()
V/AndroidRipperService(20188): broadcast() done
V/        (20188): ready
I/AndroidRipper(21104): Recived message: DSC
V/AndroidRipperService(20188): send()
V/RipperService(20188): DSC
V/AndroidRipperService(20188): mHandler.handleMessage() RECIVED
V/AndroidRipperService(20188): broadcast()
V/AndroidRipperService(20188): broadcast() done
V/        (20188): ready
I/AndroidRipper(21104): Recived message: DSC
V/AndroidRipperService(20188): send()
V/RipperService(20188): DSC
V/AndroidRipperService(20188): mHandler.handleMessage() RECIVED
V/AndroidRipperService(20188): broadcast()
V/AndroidRipperService(20188): broadcast() done
V/        (20188): ready
I/AndroidRipper(21104): Recived message: DSC
D/dalvikvm(21104): GC_FOR_ALLOC freed 1601K, 15% free 13751K/15996K, paused 4ms, total 4ms
V/AndroidRipperService(20188): send()
V/RipperService(20188): DSC
V/AndroidRipperService(20188): mHandler.handleMessage() RECIVED
V/AndroidRipperService(20188): broadcast()
V/AndroidRipperService(20188): broadcast() done
V/        (20188): ready
I/AndroidRipper(21104): Recived message: DSC
V/AndroidRipperService(20188): send()
D/dalvikvm(20188): GC_CONCURRENT freed 428K, 18% free 3096K/3760K, paused 0ms+0ms, total 2ms
V/RipperService(20188): DSC
V/AndroidRipperService(20188): mHandler.handleMessage() RECIVED
V/AndroidRipperService(20188): broadcast()
I/AndroidRipper(21104): Recived message: DSC
V/AndroidRipperService(20188): broadcast() done
V/        (20188): ready
V/AndroidRipperService(20188): send()
D/dalvikvm( 1570): GC_FOR_ALLOC freed 1561K, 46% free 9336K/17200K, paused 7ms, total 7ms
V/RipperService(20188): DSC
V/AndroidRipperService(20188): mHandler.handleMessage() RECIVED
V/AndroidRipperService(20188): broadcast()
I/AndroidRipper(21104): Recived message: DSC
V/AndroidRipperService(20188): broadcast() done
V/        (20188): ready
V/AndroidRipperService(20188): send()
V/RipperService(20188): DSC
V/AndroidRipperService(20188): mHandler.handleMessage() RECIVED
V/AndroidRipperService(20188): broadcast()
V/AndroidRipperService(20188): broadcast() done
V/        (20188): ready
I/AndroidRipper(21104): Recived message: DSC
V/AndroidRipperService(20188): send()
V/RipperService(20188): DSC
V/AndroidRipperService(20188): mHandler.handleMessage() RECIVED
V/AndroidRipperService(20188): broadcast()
I/AndroidRipper(21104): Recived message: DSC
V/AndroidRipperService(20188): broadcast() done
V/        (20188): ready
V/AndroidRipperService(20188): send()
D/dalvikvm(20188): GC_CONCURRENT freed 438K, 18% free 3095K/3760K, paused 0ms+2ms, total 4ms
V/RipperService(20188): DSC
V/AndroidRipperService(20188): mHandler.handleMessage() RECIVED
V/AndroidRipperService(20188): broadcast()
I/AndroidRipper(21104): Recived message: DSC
V/AndroidRipperService(20188): broadcast() done
V/        (20188): ready
V/AndroidRipperService(20188): send()
V/RipperService(20188): DSC
V/AndroidRipperService(20188): mHandler.handleMessage() RECIVED
V/AndroidRipperService(20188): broadcast()
V/AndroidRipperService(20188): broadcast() done
V/        (20188): ready
I/AndroidRipper(21104): Recived message: DSC
V/AndroidRipperService(20188): send()
V/RipperService(20188): DSC
V/AndroidRipperService(20188): mHandler.handleMessage() RECIVED
V/AndroidRipperService(20188): broadcast()
I/AndroidRipper(21104): Recived message: DSC
V/AndroidRipperService(20188): broadcast() done
V/        (20188): ready
V/AndroidRipperService(20188): send()
D/dalvikvm( 1570): GC_FOR_ALLOC freed 1590K, 46% free 9336K/17200K, paused 8ms, total 8ms
V/RipperService(20188): DSC
V/AndroidRipperService(20188): mHandler.handleMessage() RECIVED
V/AndroidRipperService(20188): broadcast()
V/AndroidRipperService(20188): broadcast() done
V/        (20188): ready
I/AndroidRipper(21104): Recived message: DSC
V/AndroidRipperService(20188): send()
D/dalvikvm(20188): GC_CONCURRENT freed 432K, 18% free 3091K/3760K, paused 0ms+3ms, total 6ms
V/RipperService(20188): DSC
V/AndroidRipperService(20188): mHandler.handleMessage() RECIVED
V/AndroidRipperService(20188): broadcast()
I/AndroidRipper(21104): Recived message: DSC
V/AndroidRipperService(20188): broadcast() done
V/        (20188): ready
V/AndroidRipperService(20188): send()
V/RipperService(20188): DSC
V/AndroidRipperService(20188): mHandler.handleMessage() RECIVED
V/AndroidRipperService(20188): broadcast()
I/AndroidRipper(21104): Recived message: DSC
V/AndroidRipperService(20188): broadcast() done
V/        (20188): ready
V/AndroidRipperService(20188): send()
V/RipperService(20188): DSC
V/AndroidRipperService(20188): mHandler.handleMessage() RECIVED
V/AndroidRipperService(20188): broadcast()
I/AndroidRipper(21104): Recived message: DSC
V/AndroidRipperService(20188): broadcast() done
V/        (20188): ready
V/AndroidRipperService(20188): send()
V/RipperService(20188): DSC
V/AndroidRipperService(20188): mHandler.handleMessage() RECIVED
V/AndroidRipperService(20188): broadcast()
I/AndroidRipper(21104): Recived message: DSC
V/AndroidRipperService(20188): broadcast() done
V/        (20188): ready
V/AndroidRipperService(20188): send()
D/dalvikvm(20188): GC_CONCURRENT freed 430K, 18% free 3092K/3760K, paused 1ms+2ms, total 4ms
V/RipperService(20188): DSC
V/AndroidRipperService(20188): mHandler.handleMessage() RECIVED
V/AndroidRipperService(20188): broadcast()
I/AndroidRipper(21104): Recived message: DSC
V/AndroidRipperService(20188): send()
V/AndroidRipperService(20188): broadcast() done
V/        (20188): ready
D/dalvikvm( 1570): GC_FOR_ALLOC freed 1604K, 46% free 9312K/17200K, paused 9ms, total 9ms
V/RipperService(20188): DSC
V/AndroidRipperService(20188): mHandler.handleMessage() RECIVED
V/AndroidRipperService(20188): broadcast()
I/AndroidRipper(21104): Recived message: DSC
V/AndroidRipperService(20188): broadcast() done
V/        (20188): ready
V/AndroidRipperService(20188): send()
V/RipperService(20188): DSC
V/AndroidRipperService(20188): mHandler.handleMessage() RECIVED
V/AndroidRipperService(20188): broadcast()
V/AndroidRipperService(20188): broadcast() done
V/        (20188): ready
I/AndroidRipper(21104): Recived message: DSC
V/AndroidRipperService(20188): send()
V/RipperService(20188): DSC
V/AndroidRipperService(20188): mHandler.handleMessage() RECIVED
V/AndroidRipperService(20188): broadcast()
V/AndroidRipperService(20188): broadcast() done
V/        (20188): ready
I/AndroidRipper(21104): Recived message: DSC
V/AndroidRipperService(20188): send()
D/dalvikvm(20188): GC_CONCURRENT freed 434K, 18% free 3099K/3760K, paused 1ms+0ms, total 3ms
V/RipperService(20188): DSC
V/AndroidRipperService(20188): mHandler.handleMessage() RECIVED
V/AndroidRipperService(20188): broadcast()
I/AndroidRipper(21104): Recived message: DSC
V/AndroidRipperService(20188): broadcast() done
V/        (20188): ready
V/AndroidRipperService(20188): send()
V/RipperService(20188): DSC
V/AndroidRipperService(20188): mHandler.handleMessage() RECIVED
V/AndroidRipperService(20188): broadcast()
I/AndroidRipper(21104): Recived message: DSC
V/AndroidRipperService(20188): broadcast() done
V/        (20188): ready
V/AndroidRipperService(20188): send()
D/dalvikvm( 1570): GC_FOR_ALLOC freed 1560K, 46% free 9337K/17200K, paused 8ms, total 8ms
V/RipperService(20188): DSC
V/AndroidRipperService(20188): mHandler.handleMessage() RECIVED
V/AndroidRipperService(20188): broadcast()
I/AndroidRipper(21104): Recived message: DSC
V/AndroidRipperService(20188): broadcast() done
V/        (20188): ready
V/AndroidRipperService(20188): send()
V/RipperService(20188): DSC
V/AndroidRipperService(20188): mHandler.handleMessage() RECIVED
V/AndroidRipperService(20188): broadcast()
I/AndroidRipper(21104): Recived message: DSC
V/AndroidRipperService(20188): broadcast() done
V/        (20188): ready
V/AndroidRipperService(20188): send()
D/dalvikvm(20188): GC_CONCURRENT freed 433K, 18% free 3091K/3760K, paused 0ms+3ms, total 4ms
V/RipperService(20188): DSC
V/AndroidRipperService(20188): mHandler.handleMessage() RECIVED
V/AndroidRipperService(20188): broadcast()
I/AndroidRipper(21104): Recived message: DSC
V/AndroidRipperService(20188): send()
V/AndroidRipperService(20188): broadcast() done
V/        (20188): ready
V/RipperService(20188): DSC
V/AndroidRipperService(20188): mHandler.handleMessage() RECIVED
V/AndroidRipperService(20188): broadcast()
V/AndroidRipperService(20188): broadcast() done
V/        (20188): ready
I/AndroidRipper(21104): Recived message: DSC
V/AndroidRipperService(20188): send()
V/RipperService(20188): DSC
V/AndroidRipperService(20188): mHandler.handleMessage() RECIVED
V/AndroidRipperService(20188): broadcast()
I/AndroidRipper(21104): Recived message: DSC
V/AndroidRipperService(20188): broadcast() done
V/        (20188): ready
V/AndroidRipperService(20188): send()
V/RipperService(20188): DSC
V/AndroidRipperService(20188): mHandler.handleMessage() RECIVED
V/AndroidRipperService(20188): broadcast()
I/AndroidRipper(21104): Recived message: DSC
V/AndroidRipperService(20188): broadcast() done
V/        (20188): ready
V/AndroidRipperService(20188): send()
D/dalvikvm( 1570): GC_FOR_ALLOC freed 1591K, 46% free 9337K/17200K, paused 7ms, total 7ms
D/dalvikvm(20188): GC_CONCURRENT freed 432K, 18% free 3098K/3760K, paused 0ms+0ms, total 2ms
V/RipperService(20188): DSC
V/AndroidRipperService(20188): mHandler.handleMessage() RECIVED
V/AndroidRipperService(20188): broadcast()
I/AndroidRipper(21104): Recived message: DSC
V/AndroidRipperService(20188): broadcast() done
V/        (20188): ready
V/AndroidRipperService(20188): send()
V/RipperService(20188): DSC
V/AndroidRipperService(20188): mHandler.handleMessage() RECIVED
V/AndroidRipperService(20188): broadcast()
V/AndroidRipperService(20188): broadcast() done
V/        (20188): ready
I/AndroidRipper(21104): Recived message: DSC
V/AndroidRipperService(20188): send()
V/RipperService(20188): DSC
V/AndroidRipperService(20188): mHandler.handleMessage() RECIVED
V/AndroidRipperService(20188): broadcast()
V/AndroidRipperService(20188): broadcast() done
V/        (20188): ready
I/AndroidRipper(21104): Recived message: DSC
V/AndroidRipperService(20188): send()
V/RipperService(20188): DSC
V/AndroidRipperService(20188): mHandler.handleMessage() RECIVED
V/AndroidRipperService(20188): broadcast()
I/AndroidRipper(21104): Recived message: DSC
V/AndroidRipperService(20188): broadcast() done
V/        (20188): ready
V/AndroidRipperService(20188): send()
D/dalvikvm(20188): GC_CONCURRENT freed 440K, 18% free 3091K/3760K, paused 0ms+1ms, total 2ms
V/RipperService(20188): DSC
V/AndroidRipperService(20188): mHandler.handleMessage() RECIVED
V/AndroidRipperService(20188): broadcast()
I/AndroidRipper(21104): Recived message: DSC
V/AndroidRipperService(20188): broadcast() done
V/        (20188): ready
V/AndroidRipperService(20188): send()
V/RipperService(20188): DSC
V/AndroidRipperService(20188): mHandler.handleMessage() RECIVED
V/AndroidRipperService(20188): broadcast()
I/AndroidRipper(21104): Recived message: DSC
V/AndroidRipperService(20188): broadcast() done
V/        (20188): ready
V/AndroidRipperService(20188): send()
D/dalvikvm( 1570): GC_FOR_ALLOC freed 1603K, 46% free 9312K/17200K, paused 8ms, total 8ms
V/RipperService(20188): DSC
V/AndroidRipperService(20188): mHandler.handleMessage() RECIVED
V/AndroidRipperService(20188): broadcast()
V/AndroidRipperService(20188): broadcast() done
I/AndroidRipper(21104): Recived message: DSC
V/        (20188): ready
V/AndroidRipperService(20188): send()
V/RipperService(20188): DSC
V/AndroidRipperService(20188): mHandler.handleMessage() RECIVED
V/AndroidRipperService(20188): broadcast()
V/AndroidRipperService(20188): broadcast() done
V/        (20188): ready
I/AndroidRipper(21104): Recived message: DSC
V/AndroidRipperService(20188): send()
D/dalvikvm(20188): GC_CONCURRENT freed 433K, 18% free 3095K/3760K, paused 1ms+2ms, total 4ms
V/RipperService(20188): DSC
V/AndroidRipperService(20188): mHandler.handleMessage() RECIVED
V/AndroidRipperService(20188): broadcast()
I/AndroidRipper(21104): Recived message: DSC
V/AndroidRipperService(20188): broadcast() done
V/        (20188): ready
V/AndroidRipperService(20188): send()
V/RipperService(20188): DSC
V/AndroidRipperService(20188): mHandler.handleMessage() RECIVED
V/AndroidRipperService(20188): broadcast()
I/AndroidRipper(21104): Recived message: DSC
V/AndroidRipperService(20188): broadcast() done
V/        (20188): ready
V/AndroidRipperService(20188): send()
V/RipperService(20188): DSC
V/AndroidRipperService(20188): mHandler.handleMessage() RECIVED
V/AndroidRipperService(20188): broadcast()
I/AndroidRipper(21104): Recived message: DSC
V/AndroidRipperService(20188): broadcast() done
V/        (20188): ready
V/AndroidRipperService(20188): send()
I/MS_RegisterService( 2156): Tachyon host: instantmessaging-pa.googleapis.com, Tachyon port: 443
I/MS_RegisterService( 2156): RegisterService intent:Intent { act=com.google.android.gms.matchstick.register_intent_action cat=[targeted_intent_op_prefix:com.google.android.libraries.matchstick.net.SilentRegisterIntentOperation] flg=0x4 cmp=com.google.android.gms/.chimera.GmsIntentOperationService (has extras) } isPeriodic:false
W/DynamiteModule( 2156): Local module descriptor class for providerinstaller not found.
W/ProviderHelper( 2156): Unknown dynamite feature providerinstaller
I/DynamiteModule( 2156): Considering local module providerinstaller:0 and remote module providerinstaller:0
W/ProviderInstaller( 2156): Failed to load providerinstaller module: No acceptable module found. Local version is 0 and remote version is 0.
D/dalvikvm( 1570): GC_FOR_ALLOC freed 1540K, 46% free 9357K/17200K, paused 8ms, total 8ms
V/RipperService(20188): DSC
V/AndroidRipperService(20188): mHandler.handleMessage() RECIVED
V/AndroidRipperService(20188): broadcast()
I/AndroidRipper(21104): Recived message: DSC
V/AndroidRipperService(20188): broadcast() done
V/        (20188): ready
V/AndroidRipperService(20188): send()
D/dalvikvm(20188): GC_CONCURRENT freed 436K, 18% free 3094K/3760K, paused 1ms+0ms, total 3ms
V/RipperService(20188): DSC
V/AndroidRipperService(20188): mHandler.handleMessage() RECIVED
V/AndroidRipperService(20188): broadcast()
I/AndroidRipper(21104): Recived message: DSC
V/AndroidRipperService(20188): broadcast() done
V/        (20188): ready
V/AndroidRipperService(20188): send()
V/RipperService(20188): DSC
V/AndroidRipperService(20188): mHandler.handleMessage() RECIVED
V/AndroidRipperService(20188): broadcast()
V/AndroidRipperService(20188): broadcast() done
V/        (20188): ready
I/AndroidRipper(21104): Recived message: DSC
V/AndroidRipperService(20188): send()
V/RipperService(20188): DSC
V/AndroidRipperService(20188): mHandler.handleMessage() RECIVED
V/AndroidRipperService(20188): broadcast()
I/AndroidRipper(21104): Recived message: DSC
V/AndroidRipperService(20188): broadcast() done
V/        (20188): ready
V/AndroidRipperService(20188): send()
V/RipperService(20188): DSC
V/AndroidRipperService(20188): mHandler.handleMessage() RECIVED
V/AndroidRipperService(20188): broadcast()
I/AndroidRipper(21104): Recived message: DSC
V/AndroidRipperService(20188): broadcast() done
V/        (20188): ready
V/AndroidRipperService(20188): send()
D/dalvikvm( 1570): GC_FOR_ALLOC freed 1602K, 46% free 9351K/17200K, paused 8ms, total 8ms
V/RipperService(20188): DSC
V/AndroidRipperService(20188): mHandler.handleMessage() RECIVED
V/AndroidRipperService(20188): broadcast()
V/AndroidRipperService(20188): broadcast() done
V/        (20188): ready
I/AndroidRipper(21104): Recived message: DSC
D/dalvikvm(20188): GC_CONCURRENT freed 437K, 18% free 3114K/3760K, paused 0ms+2ms, total 4ms
V/AndroidRipperService(20188): send()
V/RipperService(20188): DSC
V/AndroidRipperService(20188): mHandler.handleMessage() RECIVED
V/AndroidRipperService(20188): broadcast()
I/AndroidRipper(21104): Recived message: DSC
V/AndroidRipperService(20188): broadcast() done
V/        (20188): ready
V/AndroidRipperService(20188): send()
V/RipperService(20188): DSC
V/AndroidRipperService(20188): mHandler.handleMessage() RECIVED
V/AndroidRipperService(20188): broadcast()
V/AndroidRipperService(20188): broadcast() done
V/        (20188): ready
I/AndroidRipper(21104): Recived message: DSC
V/AndroidRipperService(20188): send()
V/RipperService(20188): DSC
V/AndroidRipperService(20188): mHandler.handleMessage() RECIVED
V/AndroidRipperService(20188): broadcast()
V/AndroidRipperService(20188): broadcast() done
V/        (20188): ready
I/AndroidRipper(21104): Recived message: DSC
V/AndroidRipperService(20188): send()
V/RipperService(20188): DSC
V/AndroidRipperService(20188): mHandler.handleMessage() RECIVED
V/AndroidRipperService(20188): broadcast()
I/AndroidRipper(21104): Recived message: DSC
V/AndroidRipperService(20188): broadcast() done
V/        (20188): ready
D/dalvikvm(20188): GC_CONCURRENT freed 432K, 18% free 3113K/3760K, paused 0ms+1ms, total 2ms
V/AndroidRipperService(20188): send()
V/RipperService(20188): DSC
V/AndroidRipperService(20188): mHandler.handleMessage() RECIVED
V/AndroidRipperService(20188): broadcast()
I/AndroidRipper(21104): Recived message: DSC
V/AndroidRipperService(20188): broadcast() done
V/        (20188): ready
V/AndroidRipperService(20188): send()
D/dalvikvm( 1570): GC_FOR_ALLOC freed 1594K, 46% free 9351K/17200K, paused 8ms, total 8ms
V/RipperService(20188): DSC
V/AndroidRipperService(20188): mHandler.handleMessage() RECIVED
V/AndroidRipperService(20188): broadcast()
I/AndroidRipper(21104): Recived message: DSC
V/AndroidRipperService(20188): send()
V/AndroidRipperService(20188): broadcast() done
V/        (20188): ready
V/RipperService(20188): DSC
V/AndroidRipperService(20188): mHandler.handleMessage() RECIVED
V/AndroidRipperService(20188): broadcast()
I/AndroidRipper(21104): Recived message: DSC
V/AndroidRipperService(20188): send()
V/AndroidRipperService(20188): broadcast() done
V/        (20188): ready
V/RipperService(20188): DSC
V/AndroidRipperService(20188): mHandler.handleMessage() RECIVED
V/AndroidRipperService(20188): broadcast()
I/AndroidRipper(21104): Recived message: DSC
D/dalvikvm(20188): GC_CONCURRENT freed 432K, 18% free 3090K/3760K, paused 0ms+0ms, total 1ms
V/AndroidRipperService(20188): send()
V/AndroidRipperService(20188): broadcast() done
V/        (20188): ready
V/RipperService(20188): DSC
V/AndroidRipperService(20188): mHandler.handleMessage() RECIVED
V/AndroidRipperService(20188): broadcast()
I/AndroidRipper(21104): Recived message: DSC
V/AndroidRipperService(20188): broadcast() done
V/        (20188): ready
V/AndroidRipperService(20188): send()
V/RipperService(20188): DSC
V/AndroidRipperService(20188): mHandler.handleMessage() RECIVED
V/AndroidRipperService(20188): broadcast()
I/AndroidRipper(21104): Recived message: DSC
V/AndroidRipperService(20188): broadcast() done
V/        (20188): ready
V/AndroidRipperService(20188): send()
V/RipperService(20188): DSC
V/AndroidRipperService(20188): mHandler.handleMessage() RECIVED
V/AndroidRipperService(20188): broadcast()
I/AndroidRipper(21104): Recived message: DSC
V/AndroidRipperService(20188): send()
V/AndroidRipperService(20188): broadcast() done
V/        (20188): ready
D/dalvikvm( 1570): GC_FOR_ALLOC freed 1594K, 46% free 9351K/17200K, paused 8ms, total 8ms
D/dalvikvm(20188): GC_CONCURRENT freed 426K, 18% free 3093K/3760K, paused 0ms+0ms, total 2ms
V/RipperService(20188): DSC
V/AndroidRipperService(20188): mHandler.handleMessage() RECIVED
V/AndroidRipperService(20188): broadcast()
I/AndroidRipper(21104): Recived message: DSC
V/AndroidRipperService(20188): broadcast() done
V/        (20188): ready
V/AndroidRipperService(20188): send()
V/RipperService(20188): DSC
V/AndroidRipperService(20188): mHandler.handleMessage() RECIVED
V/AndroidRipperService(20188): broadcast()
V/AndroidRipperService(20188): broadcast() done
V/        (20188): ready
I/AndroidRipper(21104): Recived message: DSC
V/AndroidRipperService(20188): send()
V/RipperService(20188): DSC
V/AndroidRipperService(20188): mHandler.handleMessage() RECIVED
V/AndroidRipperService(20188): broadcast()
V/AndroidRipperService(20188): broadcast() done
V/        (20188): ready
I/AndroidRipper(21104): Recived message: DSC
D/dalvikvm(21104): GC_FOR_ALLOC freed 1601K, 15% free 13751K/15996K, paused 4ms, total 4ms
V/AndroidRipperService(20188): send()
V/RipperService(20188): DSC
V/AndroidRipperService(20188): mHandler.handleMessage() RECIVED
V/AndroidRipperService(20188): broadcast()
V/AndroidRipperService(20188): broadcast() done
V/        (20188): ready
I/AndroidRipper(21104): Recived message: DSC
V/AndroidRipperService(20188): send()
D/dalvikvm(20188): GC_CONCURRENT freed 434K, 18% free 3094K/3760K, paused 1ms+3ms, total 5ms
V/RipperService(20188): DSC
V/AndroidRipperService(20188): mHandler.handleMessage() RECIVED
V/AndroidRipperService(20188): broadcast()
I/AndroidRipper(21104): Recived message: DSC
V/AndroidRipperService(20188): send()
V/AndroidRipperService(20188): broadcast() done
V/        (20188): ready
D/dalvikvm( 1570): GC_FOR_ALLOC freed 1594K, 46% free 9350K/17200K, paused 8ms, total 9ms
V/RipperService(20188): DSC
V/AndroidRipperService(20188): mHandler.handleMessage() RECIVED
V/AndroidRipperService(20188): broadcast()
I/AndroidRipper(21104): Recived message: DSC
V/AndroidRipperService(20188): broadcast() done
V/        (20188): ready
V/AndroidRipperService(20188): send()
V/RipperService(20188): DSC
V/AndroidRipperService(20188): mHandler.handleMessage() RECIVED
V/AndroidRipperService(20188): broadcast()
V/AndroidRipperService(20188): broadcast() done
V/        (20188): ready
I/AndroidRipper(21104): Recived message: DSC
V/AndroidRipperService(20188): send()
V/RipperService(20188): DSC
V/AndroidRipperService(20188): mHandler.handleMessage() RECIVED
V/AndroidRipperService(20188): broadcast()
I/AndroidRipper(21104): Recived message: DSC
V/AndroidRipperService(20188): broadcast() done
V/        (20188): ready
V/AndroidRipperService(20188): send()
V/RipperService(20188): DSC
D/dalvikvm(20188): GC_CONCURRENT freed 436K, 18% free 3090K/3760K, paused 0ms+2ms, total 4ms
V/AndroidRipperService(20188): mHandler.handleMessage() RECIVED
V/AndroidRipperService(20188): broadcast()
V/AndroidRipperService(20188): broadcast() done
V/        (20188): ready
I/AndroidRipper(21104): Recived message: DSC
V/AndroidRipperService(20188): send()
V/RipperService(20188): DSC
V/AndroidRipperService(20188): mHandler.handleMessage() RECIVED
V/AndroidRipperService(20188): broadcast()
V/AndroidRipperService(20188): broadcast() done
V/        (20188): ready
I/AndroidRipper(21104): Recived message: DSC
V/AndroidRipperService(20188): send()
V/RipperService(20188): DSC
V/AndroidRipperService(20188): mHandler.handleMessage() RECIVED
V/AndroidRipperService(20188): broadcast()
V/AndroidRipperService(20188): broadcast() done
V/        (20188): ready
I/AndroidRipper(21104): Recived message: DSC
V/AndroidRipperService(20188): send()
D/dalvikvm( 1570): GC_FOR_ALLOC freed 1593K, 46% free 9351K/17200K, paused 8ms, total 8ms
V/RipperService(20188): DSC
V/AndroidRipperService(20188): mHandler.handleMessage() RECIVED
V/AndroidRipperService(20188): broadcast()
I/AndroidRipper(21104): Recived message: DSC
V/AndroidRipperService(20188): broadcast() done
V/        (20188): ready
V/AndroidRipperService(20188): send()
V/RipperService(20188): DSC
V/AndroidRipperService(20188): mHandler.handleMessage() RECIVED
V/AndroidRipperService(20188): broadcast()
D/dalvikvm(20188): GC_CONCURRENT freed 432K, 18% free 3090K/3760K, paused 0ms+0ms, total 2ms
I/AndroidRipper(21104): Recived message: DSC
V/AndroidRipperService(20188): broadcast() done
V/        (20188): ready
V/AndroidRipperService(20188): send()
V/RipperService(20188): DSC
V/AndroidRipperService(20188): mHandler.handleMessage() RECIVED
V/AndroidRipperService(20188): broadcast()
I/AndroidRipper(21104): Recived message: DSC
V/AndroidRipperService(20188): broadcast() done
V/        (20188): ready
V/AndroidRipperService(20188): send()
V/RipperService(20188): DSC
V/AndroidRipperService(20188): mHandler.handleMessage() RECIVED
V/AndroidRipperService(20188): broadcast()
I/AndroidRipper(21104): Recived message: DSC
V/AndroidRipperService(20188): broadcast() done
V/        (20188): ready
V/AndroidRipperService(20188): send()
V/RipperService(20188): DSC
V/AndroidRipperService(20188): mHandler.handleMessage() RECIVED
V/AndroidRipperService(20188): broadcast()
V/AndroidRipperService(20188): broadcast() done
V/        (20188): ready
I/AndroidRipper(21104): Recived message: DSC
V/AndroidRipperService(20188): send()
V/RipperService(20188): DSC
V/AndroidRipperService(20188): mHandler.handleMessage() RECIVED
V/AndroidRipperService(20188): broadcast()
D/dalvikvm(20188): GC_CONCURRENT freed 433K, 18% free 3090K/3760K, paused 0ms+1ms, total 2ms
I/AndroidRipper(21104): Recived message: DSC
V/AndroidRipperService(20188): broadcast() done
V/        (20188): ready
V/AndroidRipperService(20188): send()
D/dalvikvm( 1570): GC_FOR_ALLOC freed 1594K, 46% free 9351K/17200K, paused 8ms, total 8ms
V/RipperService(20188): DSC
V/AndroidRipperService(20188): mHandler.handleMessage() RECIVED
V/AndroidRipperService(20188): broadcast()
I/AndroidRipper(21104): Recived message: DSC
V/AndroidRipperService(20188): broadcast() done
V/        (20188): ready
V/AndroidRipperService(20188): send()
V/RipperService(20188): DSC
V/AndroidRipperService(20188): mHandler.handleMessage() RECIVED
V/AndroidRipperService(20188): broadcast()
I/AndroidRipper(21104): Recived message: DSC
V/AndroidRipperService(20188): broadcast() done
V/        (20188): ready
V/AndroidRipperService(20188): send()
V/RipperService(20188): DSC
V/AndroidRipperService(20188): mHandler.handleMessage() RECIVED
V/AndroidRipperService(20188): broadcast()
V/AndroidRipperService(20188): broadcast() done
V/        (20188): ready
I/AndroidRipper(21104): Recived message: DSC
V/AndroidRipperService(20188): send()
D/dalvikvm(20188): GC_CONCURRENT freed 422K, 18% free 3092K/3760K, paused 0ms+1ms, total 2ms
V/RipperService(20188): DSC
V/AndroidRipperService(20188): mHandler.handleMessage() RECIVED
V/AndroidRipperService(20188): broadcast()
I/AndroidRipper(21104): Recived message: DSC
V/AndroidRipperService(20188): broadcast() done
V/        (20188): ready
V/AndroidRipperService(20188): send()
V/RipperService(20188): DSC
V/AndroidRipperService(20188): mHandler.handleMessage() RECIVED
V/AndroidRipperService(20188): broadcast()
I/AndroidRipper(21104): Recived message: DSC
V/AndroidRipperService(20188): broadcast() done
V/        (20188): ready
V/AndroidRipperService(20188): send()
D/dalvikvm( 1570): GC_FOR_ALLOC freed 1594K, 46% free 9351K/17200K, paused 8ms, total 8ms
V/RipperService(20188): DSC
V/AndroidRipperService(20188): mHandler.handleMessage() RECIVED
V/AndroidRipperService(20188): broadcast()
V/AndroidRipperService(20188): broadcast() done
V/        (20188): ready
I/AndroidRipper(21104): Recived message: DSC
V/AndroidRipperService(20188): send()
V/RipperService(20188): DSC
V/AndroidRipperService(20188): mHandler.handleMessage() RECIVED
V/AndroidRipperService(20188): broadcast()
I/AndroidRipper(21104): Recived message: DSC
V/AndroidRipperService(20188): broadcast() done
V/        (20188): ready
V/AndroidRipperService(20188): send()
D/dalvikvm(20188): GC_CONCURRENT freed 429K, 18% free 3094K/3760K, paused 0ms+0ms, total 2ms
V/RipperService(20188): DSC
V/AndroidRipperService(20188): mHandler.handleMessage() RECIVED
V/AndroidRipperService(20188): broadcast()
I/AndroidRipper(21104): Recived message: DSC
V/AndroidRipperService(20188): broadcast() done
V/        (20188): ready
V/AndroidRipperService(20188): send()
V/RipperService(20188): DSC
V/AndroidRipperService(20188): mHandler.handleMessage() RECIVED
V/AndroidRipperService(20188): broadcast()
I/AndroidRipper(21104): Recived message: DSC
V/AndroidRipperService(20188): broadcast() done
V/        (20188): ready
V/AndroidRipperService(20188): send()
V/RipperService(20188): DSC
V/AndroidRipperService(20188): mHandler.handleMessage() RECIVED
V/AndroidRipperService(20188): broadcast()
V/AndroidRipperService(20188): broadcast() done
V/        (20188): ready
I/AndroidRipper(21104): Recived message: DSC
V/AndroidRipperService(20188): send()
V/RipperService(20188): DSC
V/AndroidRipperService(20188): mHandler.handleMessage() RECIVED
V/AndroidRipperService(20188): broadcast()
I/AndroidRipper(21104): Recived message: DSC
V/AndroidRipperService(20188): broadcast() done
V/        (20188): ready
V/AndroidRipperService(20188): send()
D/dalvikvm( 1570): GC_FOR_ALLOC freed 1595K, 46% free 9351K/17200K, paused 8ms, total 8ms
D/dalvikvm(20188): GC_CONCURRENT freed 439K, 18% free 3095K/3760K, paused 1ms+2ms, total 5ms
V/RipperService(20188): DSC
V/AndroidRipperService(20188): mHandler.handleMessage() RECIVED
V/AndroidRipperService(20188): broadcast()
I/AndroidRipper(21104): Recived message: DSC
V/AndroidRipperService(20188): broadcast() done
V/        (20188): ready
V/AndroidRipperService(20188): send()
V/RipperService(20188): DSC
V/AndroidRipperService(20188): mHandler.handleMessage() RECIVED
V/AndroidRipperService(20188): broadcast()
I/AndroidRipper(21104): Recived message: DSC
V/AndroidRipperService(20188): broadcast() done
V/        (20188): ready
V/AndroidRipperService(20188): send()
V/RipperService(20188): DSC
V/AndroidRipperService(20188): mHandler.handleMessage() RECIVED
V/AndroidRipperService(20188): broadcast()
V/AndroidRipperService(20188): broadcast() done
V/        (20188): ready
I/AndroidRipper(21104): Recived message: DSC
V/AndroidRipperService(20188): send()
V/RipperService(20188): DSC
V/AndroidRipperService(20188): mHandler.handleMessage() RECIVED
V/AndroidRipperService(20188): broadcast()
V/AndroidRipperService(20188): broadcast() done
V/        (20188): ready
I/AndroidRipper(21104): Recived message: DSC
V/AndroidRipperService(20188): send()
V/RipperService(20188): DSC
V/AndroidRipperService(20188): mHandler.handleMessage() RECIVED
V/AndroidRipperService(20188): broadcast()
I/AndroidRipper(21104): Recived message: DSC
V/AndroidRipperService(20188): broadcast() done
V/        (20188): ready
D/dalvikvm(20188): GC_CONCURRENT freed 439K, 18% free 3090K/3760K, paused 0ms+0ms, total 1ms
V/AndroidRipperService(20188): send()
V/RipperService(20188): DSC
V/AndroidRipperService(20188): mHandler.handleMessage() RECIVED
V/AndroidRipperService(20188): broadcast()
I/AndroidRipper(21104): Recived message: DSC
V/AndroidRipperService(20188): send()
V/AndroidRipperService(20188): broadcast() done
V/        (20188): ready
D/dalvikvm( 1570): GC_FOR_ALLOC freed 1594K, 46% free 9351K/17200K, paused 8ms, total 8ms
V/RipperService(20188): DSC
V/AndroidRipperService(20188): mHandler.handleMessage() RECIVED
V/AndroidRipperService(20188): broadcast()
I/AndroidRipper(21104): Recived message: DSC
V/AndroidRipperService(20188): send()
V/AndroidRipperService(20188): broadcast() done
V/        (20188): ready
V/RipperService(20188): DSC
V/AndroidRipperService(20188): mHandler.handleMessage() RECIVED
V/AndroidRipperService(20188): broadcast()
V/AndroidRipperService(20188): broadcast() done
V/        (20188): ready
I/AndroidRipper(21104): Recived message: DSC
V/AndroidRipperService(20188): send()
V/RipperService(20188): DSC
D/dalvikvm(20188): GC_CONCURRENT freed 432K, 18% free 3090K/3760K, paused 0ms+2ms, total 4ms
V/AndroidRipperService(20188): mHandler.handleMessage() RECIVED
V/AndroidRipperService(20188): broadcast()
V/AndroidRipperService(20188): broadcast() done
V/        (20188): ready
I/AndroidRipper(21104): Recived message: DSC
V/AndroidRipperService(20188): send()
V/RipperService(20188): DSC
V/AndroidRipperService(20188): mHandler.handleMessage() RECIVED
V/AndroidRipperService(20188): broadcast()
I/AndroidRipper(21104): Recived message: DSC
V/AndroidRipperService(20188): broadcast() done
V/        (20188): ready
V/AndroidRipperService(20188): send()
V/RipperService(20188): DSC
V/AndroidRipperService(20188): mHandler.handleMessage() RECIVED
V/AndroidRipperService(20188): broadcast()
V/AndroidRipperService(20188): broadcast() done
V/        (20188): ready
I/AndroidRipper(21104): Recived message: DSC
V/AndroidRipperService(20188): send()
D/dalvikvm( 1570): GC_FOR_ALLOC freed 1595K, 46% free 9351K/17200K, paused 8ms, total 8ms
V/RipperService(20188): DSC
V/AndroidRipperService(20188): mHandler.handleMessage() RECIVED
V/AndroidRipperService(20188): broadcast()
V/AndroidRipperService(20188): broadcast() done
V/        (20188): ready
I/AndroidRipper(21104): Recived message: DSC
V/AndroidRipperService(20188): send()
V/RipperService(20188): DSC
V/AndroidRipperService(20188): mHandler.handleMessage() RECIVED
V/AndroidRipperService(20188): broadcast()
V/AndroidRipperService(20188): broadcast() done
V/        (20188): ready
I/AndroidRipper(21104): Recived message: DSC
D/dalvikvm(20188): GC_CONCURRENT freed 432K, 18% free 3114K/3760K, paused 1ms+0ms, total 5ms
V/AndroidRipperService(20188): send()
V/RipperService(20188): DSC
V/AndroidRipperService(20188): mHandler.handleMessage() RECIVED
V/AndroidRipperService(20188): broadcast()
I/AndroidRipper(21104): Recived message: DSC
V/AndroidRipperService(20188): broadcast() done
V/        (20188): ready
V/AndroidRipperService(20188): send()
V/RipperService(20188): DSC
V/AndroidRipperService(20188): mHandler.handleMessage() RECIVED
V/AndroidRipperService(20188): broadcast()
I/AndroidRipper(21104): Recived message: DSC
V/AndroidRipperService(20188): broadcast() done
V/AndroidRipperService(20188): send()
V/        (20188): ready
V/RipperService(20188): DSC
V/AndroidRipperService(20188): mHandler.handleMessage() RECIVED
V/AndroidRipperService(20188): broadcast()
V/AndroidRipperService(20188): broadcast() done
V/        (20188): ready
I/AndroidRipper(21104): Recived message: DSC
V/AndroidRipperService(20188): send()
V/RipperService(20188): DSC
V/AndroidRipperService(20188): mHandler.handleMessage() RECIVED
V/AndroidRipperService(20188): broadcast()
I/AndroidRipper(21104): Recived message: DSC
V/AndroidRipperService(20188): broadcast() done
V/        (20188): ready
V/AndroidRipperService(20188): send()
D/dalvikvm(20188): GC_CONCURRENT freed 433K, 18% free 3116K/3760K, paused 1ms+0ms, total 2ms
D/dalvikvm( 1570): GC_FOR_ALLOC freed 1593K, 46% free 9351K/17200K, paused 7ms, total 7ms
V/RipperService(20188): DSC
V/AndroidRipperService(20188): mHandler.handleMessage() RECIVED
V/AndroidRipperService(20188): broadcast()
I/AndroidRipper(21104): Recived message: DSC
V/AndroidRipperService(20188): broadcast() done
V/        (20188): ready
V/AndroidRipperService(20188): send()
V/RipperService(20188): DSC
V/AndroidRipperService(20188): mHandler.handleMessage() RECIVED
V/AndroidRipperService(20188): broadcast()
V/AndroidRipperService(20188): broadcast() done
V/        (20188): ready
I/AndroidRipper(21104): Recived message: DSC
V/AndroidRipperService(20188): send()
V/RipperService(20188): DSC
V/AndroidRipperService(20188): mHandler.handleMessage() RECIVED
V/AndroidRipperService(20188): broadcast()
V/AndroidRipperService(20188): broadcast() done
V/        (20188): ready
I/AndroidRipper(21104): Recived message: DSC
V/AndroidRipperService(20188): send()
V/RipperService(20188): DSC
V/AndroidRipperService(20188): mHandler.handleMessage() RECIVED
V/AndroidRipperService(20188): broadcast()
I/AndroidRipper(21104): Recived message: DSC
V/AndroidRipperService(20188): broadcast() done
V/        (20188): ready
D/dalvikvm(20188): GC_CONCURRENT freed 432K, 18% free 3113K/3760K, paused 0ms+0ms, total 1ms
V/AndroidRipperService(20188): send()
V/RipperService(20188): DSC
V/AndroidRipperService(20188): mHandler.handleMessage() RECIVED
V/AndroidRipperService(20188): broadcast()
I/AndroidRipper(21104): Recived message: DSC
V/AndroidRipperService(20188): broadcast() done
V/        (20188): ready
V/AndroidRipperService(20188): send()
V/RipperService(20188): DSC
V/AndroidRipperService(20188): mHandler.handleMessage() RECIVED
V/AndroidRipperService(20188): broadcast()
V/AndroidRipperService(20188): broadcast() done
V/        (20188): ready
I/AndroidRipper(21104): Recived message: DSC
V/AndroidRipperService(20188): send()
D/dalvikvm( 1570): GC_FOR_ALLOC freed 1593K, 46% free 9352K/17200K, paused 8ms, total 8ms
V/RipperService(20188): DSC
V/AndroidRipperService(20188): mHandler.handleMessage() RECIVED
V/AndroidRipperService(20188): broadcast()
I/AndroidRipper(21104): Recived message: DSC
V/AndroidRipperService(20188): broadcast() done
V/        (20188): ready
V/AndroidRipperService(20188): send()
V/RipperService(20188): DSC
V/AndroidRipperService(20188): mHandler.handleMessage() RECIVED
V/AndroidRipperService(20188): broadcast()
I/AndroidRipper(21104): Recived message: DSC
V/AndroidRipperService(20188): broadcast() done
V/        (20188): ready
D/dalvikvm(20188): GC_CONCURRENT freed 432K, 18% free 3114K/3760K, paused 0ms+1ms, total 2ms
V/AndroidRipperService(20188): send()
V/RipperService(20188): DSC
V/AndroidRipperService(20188): mHandler.handleMessage() RECIVED
V/AndroidRipperService(20188): broadcast()
I/AndroidRipper(21104): Recived message: DSC
V/AndroidRipperService(20188): send()
V/AndroidRipperService(20188): broadcast() done
V/        (20188): ready
V/RipperService(20188): DSC
V/AndroidRipperService(20188): mHandler.handleMessage() RECIVED
V/AndroidRipperService(20188): broadcast()
V/AndroidRipperService(20188): broadcast() done
V/        (20188): ready
I/AndroidRipper(21104): Recived message: DSC
V/AndroidRipperService(20188): send()
V/RipperService(20188): DSC
V/AndroidRipperService(20188): mHandler.handleMessage() RECIVED
V/AndroidRipperService(20188): broadcast()
I/AndroidRipper(21104): Recived message: DSC
V/AndroidRipperService(20188): broadcast() done
V/        (20188): ready
V/AndroidRipperService(20188): send()
D/dalvikvm( 1570): GC_FOR_ALLOC freed 1579K, 46% free 9367K/17200K, paused 8ms, total 8ms
V/RipperService(20188): DSC
V/AndroidRipperService(20188): mHandler.handleMessage() RECIVED
V/AndroidRipperService(20188): broadcast()
I/AndroidRipper(21104): Recived message: DSC
V/AndroidRipperService(20188): broadcast() done
V/        (20188): ready
D/dalvikvm(20188): GC_CONCURRENT freed 432K, 18% free 3113K/3760K, paused 0ms+0ms, total 2ms
V/AndroidRipperService(20188): send()
V/RipperService(20188): DSC
V/AndroidRipperService(20188): mHandler.handleMessage() RECIVED
V/AndroidRipperService(20188): broadcast()
I/AndroidRipper(21104): Recived message: DSC
V/AndroidRipperService(20188): broadcast() done
V/        (20188): ready
V/AndroidRipperService(20188): send()
V/RipperService(20188): DSC
V/AndroidRipperService(20188): mHandler.handleMessage() RECIVED
V/AndroidRipperService(20188): broadcast()
I/AndroidRipper(21104): Recived message: DSC
V/AndroidRipperService(20188): broadcast() done
V/        (20188): ready
D/dalvikvm(21104): GC_FOR_ALLOC freed 1603K, 15% free 13753K/15996K, paused 4ms, total 4ms
V/AndroidRipperService(20188): send()
V/RipperService(20188): DSC
V/AndroidRipperService(20188): mHandler.handleMessage() RECIVED
V/AndroidRipperService(20188): broadcast()
I/AndroidRipper(21104): Recived message: DSC
V/AndroidRipperService(20188): broadcast() done
V/        (20188): ready
V/AndroidRipperService(20188): send()
V/RipperService(20188): DSC
V/AndroidRipperService(20188): mHandler.handleMessage() RECIVED
V/AndroidRipperService(20188): broadcast()
I/AndroidRipper(21104): Recived message: DSC
V/AndroidRipperService(20188): broadcast() done
V/        (20188): ready
D/dalvikvm(20188): GC_CONCURRENT freed 432K, 18% free 3113K/3760K, paused 1ms+0ms, total 2ms
V/AndroidRipperService(20188): send()
V/RipperService(20188): DSC
V/AndroidRipperService(20188): mHandler.handleMessage() RECIVED
V/AndroidRipperService(20188): broadcast()
V/AndroidRipperService(20188): broadcast() done
I/AndroidRipper(21104): Recived message: DSC
V/        (20188): ready
V/AndroidRipperService(20188): send()
D/dalvikvm( 1570): GC_FOR_ALLOC freed 1614K, 46% free 9352K/17200K, paused 8ms, total 8ms
V/RipperService(20188): DSC
V/AndroidRipperService(20188): mHandler.handleMessage() RECIVED
V/AndroidRipperService(20188): broadcast()
I/AndroidRipper(21104): Recived message: DSC
V/AndroidRipperService(20188): broadcast() done
V/        (20188): ready
V/AndroidRipperService(20188): send()
V/RipperService(20188): DSC
V/AndroidRipperService(20188): mHandler.handleMessage() RECIVED
V/AndroidRipperService(20188): broadcast()
I/AndroidRipper(21104): Recived message: DSC
V/AndroidRipperService(20188): broadcast() done
V/        (20188): ready
V/AndroidRipperService(20188): send()
V/RipperService(20188): DSC
V/AndroidRipperService(20188): mHandler.handleMessage() RECIVED
V/AndroidRipperService(20188): broadcast()
I/AndroidRipper(21104): Recived message: DSC
V/AndroidRipperService(20188): broadcast() done
V/        (20188): ready
D/dalvikvm(20188): GC_CONCURRENT freed 432K, 18% free 3114K/3760K, paused 0ms+1ms, total 2ms
V/AndroidRipperService(20188): send()
V/RipperService(20188): DSC
V/AndroidRipperService(20188): mHandler.handleMessage() RECIVED
V/AndroidRipperService(20188): broadcast()
I/AndroidRipper(21104): Recived message: DSC
V/AndroidRipperService(20188): broadcast() done
V/        (20188): ready
V/AndroidRipperService(20188): send()
V/RipperService(20188): DSC
V/AndroidRipperService(20188): mHandler.handleMessage() RECIVED
V/AndroidRipperService(20188): broadcast()
V/AndroidRipperService(20188): broadcast() done
V/        (20188): ready
I/AndroidRipper(21104): Recived message: DSC
V/AndroidRipperService(20188): send()
V/SERVER  (20188): ServerSocket on PORT 18888: offline
V/AndroidRipperService(20188): mHandler.handleMessage() DISCONNECTED
V/SERVER  (20188): Ready to accept connections on port: 18888
D/AndroidRuntime(22563): 
D/AndroidRuntime(22563): >>>>>> AndroidRuntime START com.android.internal.os.RuntimeInit <<<<<<
W/linker  (22563): libdvm.so has text relocations. This is wasting memory and is a security risk. Please fix.
D/AndroidRuntime(22563): CheckJNI is ON
D/dalvikvm(22563): Trying to load lib libjavacore.so 0x0
D/dalvikvm(22563): Added shared lib libjavacore.so 0x0
D/dalvikvm(22563): Trying to load lib libnativehelper.so 0x0
D/dalvikvm(22563): Added shared lib libnativehelper.so 0x0
D/dalvikvm(22563): No JNI_OnLoad found in libnativehelper.so 0x0, skipping init
D/dalvikvm(22563): Note: class Landroid/app/ActivityManagerNative; has 179 unimplemented (abstract) methods
