D/MobileDataStateTracker( 1571): ia: Broadcast received: android.intent.action.ANY_DATA_STATE apnType=ia
D/MobileDataStateTracker( 1571): ia: Received state=DISCONNECTED, old=DISCONNECTED, reason=dataAttached
D/MobileDataStateTracker( 1571): supl: Broadcast received: android.intent.action.ANY_DATA_STATE apnType=supl
D/MobileDataStateTracker( 1571): supl: Received state=DISCONNECTED, old=DISCONNECTED, reason=dataAttached
D/MobileDataStateTracker( 1571): hipri: Broadcast received: android.intent.action.ANY_DATA_STATE apnType=hipri
D/MobileDataStateTracker( 1571): hipri: Received state=DISCONNECTED, old=DISCONNECTED, reason=dataAttached
D/MobileDataStateTracker( 1571): ims: Broadcast received: android.intent.action.ANY_DATA_STATE apnType=ims
D/MobileDataStateTracker( 1571): ims: Received state=DISCONNECTED, old=DISCONNECTED, reason=dataAttached
D/MobileDataStateTracker( 1571): mms: Broadcast received: android.intent.action.ANY_DATA_STATE apnType=mms
D/MobileDataStateTracker( 1571): mms: Received state=DISCONNECTED, old=DISCONNECTED, reason=dataAttached
D/MobileDataStateTracker( 1571): cbs: Broadcast received: android.intent.action.ANY_DATA_STATE apnType=cbs
D/MobileDataStateTracker( 1571): cbs: Received state=DISCONNECTED, old=DISCONNECTED, reason=dataAttached
D/MobileDataStateTracker( 1571): fota: Broadcast received: android.intent.action.ANY_DATA_STATE apnType=fota
D/MobileDataStateTracker( 1571): fota: Received state=DISCONNECTED, old=DISCONNECTED, reason=dataAttached
D/MobileDataStateTracker( 1571): ia: Broadcast received: android.intent.action.ANY_DATA_STATE apnType=ia
D/MobileDataStateTracker( 1571): ia: Received state=DISCONNECTED, old=DISCONNECTED, reason=dataAttached
D/MobileDataStateTracker( 1571): supl: Broadcast received: android.intent.action.ANY_DATA_STATE apnType=supl
W/MediaScanner( 1881): Error opening directory '/storage/sdcard/.android_secure/', skipping: Permission denied.
D/dalvikvm( 1571): GC_FOR_ALLOC freed 947K, 53% free 7114K/14832K, paused 17ms, total 17ms
D/MobileDataStateTracker( 1571): supl: Received state=DISCONNECTED, old=DISCONNECTED, reason=dataAttached
D/MobileDataStateTracker( 1571): hipri: Broadcast received: android.intent.action.ANY_DATA_STATE apnType=hipri
D/MobileDataStateTracker( 1571): hipri: Received state=DISCONNECTED, old=DISCONNECTED, reason=dataAttached
D/MobileDataStateTracker( 1571): ims: Broadcast received: android.intent.action.ANY_DATA_STATE apnType=ims
D/MobileDataStateTracker( 1571): ims: Received state=DISCONNECTED, old=DISCONNECTED, reason=dataAttached
D/MobileDataStateTracker( 1571): mms: Broadcast received: android.intent.action.ANY_DATA_STATE apnType=mms
D/MobileDataStateTracker( 1571): mms: Received state=DISCONNECTED, old=DISCONNECTED, reason=dataAttached
V/MediaScanner( 1881): pruneDeadThumbnailFiles... android.database.sqlite.SQLiteCursor@9d0b0060
V/MediaScanner( 1881): /pruneDeadThumbnailFiles... android.database.sqlite.SQLiteCursor@9d0b0060
D/MobileDataStateTracker( 1571): cbs: Broadcast received: android.intent.action.ANY_DATA_STATE apnType=cbs
D/MobileDataStateTracker( 1571): cbs: Received state=DISCONNECTED, old=DISCONNECTED, reason=dataAttached
D/MccTable( 1832): updateMccMncConfiguration: mcc=310, mnc=260
D/MccTable( 1832): getLocaleFromMcc to en_us mcc=310
D/MccTable( 1832): getLocaleForLanguageCountry: got match
D/MccTable( 1832): getLocaleForLanguageCountry: X locale=en_US
D/MccTable( 1832): WIFI_COUNTRY_CODE set to us
I/WifiService( 1571): WifiService trying to set country code to us with persist set to true
D/MccTable( 1832): updateMccMncConfiguration updateConfig config={1.0 310mcc260mnc en_US ldltr ?swdp ?wdp ?hdp ?density ?lsize ?long ?orien ?uimode ?night ?touch ?keyb/?/? ?nav/?}
I/ActivityManager( 1571): Config changes=3 {1.0 310mcc260mnc en_US ldltr sw411dp w411dp h658dp 420dpi nrml port finger qwerty/v/v dpad/v s.5}
D/        ( 1946): HostConnection::get() New Host Connection established 0xb8017080, tid 1946
D/PermissionCache( 1145): checking android.permission.READ_FRAME_BUFFER for uid=1000 => granted (30 us)
D/gralloc_ranchu( 1145): gralloc_alloc: Creating ashmem region of size 8294400
I/MultiDex( 1792): Renaming to /data/data/com.google.android.gms/code_cache/secondary-dexes/PrebuiltGmsCore.apk.classes2.zip
I/MultiDex( 1792): Extraction succeeded '/data/data/com.google.android.gms/code_cache/secondary-dexes/PrebuiltGmsCore.apk.classes2.zip': length 3623385 - crc: 3535609393
I/MultiDex( 1792): Extraction is needed for file /data/data/com.google.android.gms/code_cache/secondary-dexes/PrebuiltGmsCore.apk.classes3.zip
I/MultiDex( 1792): Extracting /data/data/com.google.android.gms/code_cache/secondary-dexes/tmp-PrebuiltGmsCore.apk.classes169779028.zip
D/EGL_emulation( 1946): eglCreateContext: 0xb803df60: maj 3 min 0 rcv 3
D/EGL_emulation( 1946): eglMakeCurrent: 0xb803df60: ver 3 0
E/eglCodecCommon( 1946): glUtilsParamSize: unknow param 0x00008cdf
E/eglCodecCommon( 1946): glUtilsParamSize: unknow param 0x00008824
E/EGL_emulation( 1946): tid 1946: eglSurfaceAttrib(1199): error 0x3009 (EGL_BAD_MATCH)
W/HardwareRenderer( 1946): Backbuffer cannot be preserved
D/OpenGLRenderer( 1946): Enabling debug mode 0
D/MccTable( 1832): updateMccMncConfiguration: mcc=310, mnc=260
D/MccTable( 1832): getLocaleFromMcc to en_us mcc=310
D/MccTable( 1832): getLocaleForLanguageCountry: skipping already persisted
D/MccTable( 1832): getLocaleForLanguageCountry: X locale=null
D/MccTable( 1832): WIFI_COUNTRY_CODE set to us
I/WifiService( 1571): WifiService trying to set country code to us with persist set to true
D/EGL_emulation( 1666): eglMakeCurrent: 0xb80045b0: ver 3 0
D/MccTable( 1832): updateMccMncConfiguration updateConfig config={1.0 310mcc260mnc ?locale ?layoutDir ?swdp ?wdp ?hdp ?density ?lsize ?long ?orien ?uimode ?night ?touch ?keyb/?/? ?nav/?}
D/dalvikvm( 1946): GC_FOR_ALLOC freed 586K, 8% free 9160K/9952K, paused 3ms, total 4ms
D/dalvikvm( 1832): GC_FOR_ALLOC freed 400K, 15% free 3540K/4140K, paused 4ms, total 14ms
D/EGL_emulation( 1666): eglMakeCurrent: 0xb80045b0: ver 3 0
D/EGL_emulation( 1666): eglMakeCurrent: 0xb80045b0: ver 3 0
I/dalvikvm-heap( 1946): Grow heap (frag case) to 16.260MB for 7464972-byte allocation
D/EGL_emulation( 1666): eglMakeCurrent: 0xb80045b0: ver 3 0
D/dalvikvm( 1946): GC_FOR_ALLOC freed 1K, 5% free 16448K/17244K, paused 4ms, total 4ms
D/PhoneStatusBar( 1666): mSettingsPanelGravity = 55
D/EGL_emulation( 1666): eglMakeCurrent: 0xb80045b0: ver 3 0
D/dalvikvm( 1666): GC_FOR_ALLOC freed 17596K, 67% free 8933K/26728K, paused 4ms, total 7ms
I/dalvikvm-heap( 1666): Grow heap (frag case) to 11.844MB for 3072012-byte allocation
I/DownloadManager( 1881): Download 4 starting
W/DownloadManager( 1881): Aborting request for download 4: NO_CONNECTION
D/dalvikvm( 1832): GC_FOR_ALLOC freed 494K, 17% free 3559K/4252K, paused 3ms, total 3ms
D/dalvikvm( 1666): GC_FOR_ALLOC freed 6K, 56% free 11926K/26728K, paused 2ms, total 2ms
D/dalvikvm( 1666): GC_FOR_ALLOC freed <1K, 56% free 11926K/26728K, paused 3ms, total 3ms
D/MobileDataStateTracker( 1571): fota: Broadcast received: android.intent.action.ANY_DATA_STATE apnType=fota
D/MobileDataStateTracker( 1571): fota: Received state=DISCONNECTED, old=DISCONNECTED, reason=simLoaded
D/MobileDataStateTracker( 1571): ia: Broadcast received: android.intent.action.ANY_DATA_STATE apnType=ia
D/MobileDataStateTracker( 1571): ia: Received state=DISCONNECTED, old=DISCONNECTED, reason=simLoaded
D/MobileDataStateTracker( 1571): supl: Broadcast received: android.intent.action.ANY_DATA_STATE apnType=supl
D/MobileDataStateTracker( 1571): supl: Received state=DISCONNECTED, old=DISCONNECTED, reason=simLoaded
D/MobileDataStateTracker( 1571): hipri: Broadcast received: android.intent.action.ANY_DATA_STATE apnType=hipri
D/MobileDataStateTracker( 1571): hipri: Received state=DISCONNECTED, old=DISCONNECTED, reason=simLoaded
D/MobileDataStateTracker( 1571): ims: Broadcast received: android.intent.action.ANY_DATA_STATE apnType=ims
D/MobileDataStateTracker( 1571): ims: Received state=DISCONNECTED, old=DISCONNECTED, reason=simLoaded
D/MobileDataStateTracker( 1571): mms: Broadcast received: android.intent.action.ANY_DATA_STATE apnType=mms
D/MobileDataStateTracker( 1571): mms: Received state=DISCONNECTED, old=DISCONNECTED, reason=simLoaded
D/MobileDataStateTracker( 1571): cbs: Broadcast received: android.intent.action.ANY_DATA_STATE apnType=cbs
D/MobileDataStateTracker( 1571): cbs: Received state=DISCONNECTED, old=DISCONNECTED, reason=simLoaded
I/DownloadManager( 1881): Download 4 finished with status WAITING_FOR_NETWORK
D/MobileDataStateTracker( 1571): default: Broadcast received: android.intent.action.ANY_DATA_STATE apnType=default
D/MobileDataStateTracker( 1571): default: Received state=CONNECTING, old=DISCONNECTED, reason=simLoaded
D/MobileDataStateTracker( 1571): default: setDetailed state, old =IDLE and new state=CONNECTING
D/MobileDataStateTracker( 1571): fota: Broadcast received: android.intent.action.ANY_DATA_STATE apnType=fota
D/MobileDataStateTracker( 1571): fota: Received state=DISCONNECTED, old=DISCONNECTED, reason=simLoaded
D/MobileDataStateTracker( 1571): ia: Broadcast received: android.intent.action.ANY_DATA_STATE apnType=ia
D/MobileDataStateTracker( 1571): ia: Received state=DISCONNECTED, old=DISCONNECTED, reason=simLoaded
D/MobileDataStateTracker( 1571): supl: Broadcast received: android.intent.action.ANY_DATA_STATE apnType=supl
D/MobileDataStateTracker( 1571): supl: Received state=DISCONNECTED, old=DISCONNECTED, reason=simLoaded
D/MobileDataStateTracker( 1571): hipri: Broadcast received: android.intent.action.ANY_DATA_STATE apnType=hipri
D/MobileDataStateTracker( 1571): hipri: Received state=DISCONNECTED, old=DISCONNECTED, reason=simLoaded
D/MobileDataStateTracker( 1571): ims: Broadcast received: android.intent.action.ANY_DATA_STATE apnType=ims
D/MobileDataStateTracker( 1571): ims: Received state=DISCONNECTED, old=DISCONNECTED, reason=simLoaded
D/MobileDataStateTracker( 1571): mms: Broadcast received: android.intent.action.ANY_DATA_STATE apnType=mms
D/MobileDataStateTracker( 1571): mms: Received state=DISCONNECTED, old=DISCONNECTED, reason=simLoaded
D/MobileDataStateTracker( 1571): cbs: Broadcast received: android.intent.action.ANY_DATA_STATE apnType=cbs
D/MobileDataStateTracker( 1571): cbs: Received state=DISCONNECTED, old=DISCONNECTED, reason=simLoaded
D/MobileDataStateTracker( 1571): default: Broadcast received: android.intent.action.ANY_DATA_STATE apnType=default
D/MobileDataStateTracker( 1571): default: Received state=CONNECTED, old=CONNECTING, reason=connected
D/MobileDataStateTracker( 1571): default: setDetailed state, old =CONNECTING and new state=CONNECTED
D/ConnectivityService( 1571): ConnectivityChange for mobile: CONNECTED/CONNECTED
D/ConnectivityService( 1571): ConnectivityChange checkMobileProvisioning for TYPE_MOBILE or ProvisioningNetwork
D/ConnectivityService( 1571): checkMobileProvisioning: E suggestedTimeOutMs=60000
D/ConnectivityService( 1571): setProvNotificationVisible: E visible=false networkType=5 extraInfo=null url=null
D/ConnectivityService( 1571): checkMobileProvisioning: params={ url=http://clients3.google.com/generate_204 mTimeOutMs=60000 mCb=com.android.server.ConnectivityService$5@9d88bcd0}
D/ConnectivityService( 1571): checkMobileProvisioning: X
D/MobileDataStateTracker( 1571): default: isProvisioningNetwork: retVal=false
D/ConnectivityService( 1571): [CheckMp] isMobileOk: isDefaultProvisioning=false
D/MobileDataStateTracker( 1571): hipri: isProvisioningNetwork: retVal=false
D/ConnectivityService( 1571): [CheckMp] isMobileOk: isHipriProvisioning=false
D/ConnectivityService( 1571): [CheckMp] isMobileOk: start hipri url=http://clients3.google.com/generate_204
D/Nat464Xlat( 1571): requiresClat: netType=0, hasIPv4Address=true
D/ConnectivityService( 1571): startUsingNetworkFeature reconnecting to 0: enableHIPRI
D/dalvikvm( 1832): GC_FOR_ALLOC freed 502K, 17% free 3571K/4272K, paused 3ms, total 3ms
D/ConnectivityService( 1571): startUsingNetworkFeature X: return APN_REQUEST_STARTED
D/ConnectivityService( 1571): [CheckMp] isMobileOk: hipri started
D/ConnectivityService( 1571): [CheckMp] isMobileOk: not connected ni=NetworkInfo: type: mobile_hipri[LTE], state: DISCONNECTED/IDLE, reason: (unspecified), extra: (none), roaming: false, failover: false, isAvailable: true, isConnectedToProvisioningNetwork: false
D/MobileDataStateTracker( 1571): hipri: Broadcast received: android.intent.action.ANY_DATA_STATE apnType=hipri
D/MobileDataStateTracker( 1571): hipri: Received state=CONNECTING, old=DISCONNECTED, reason=dataEnabled
D/MobileDataStateTracker( 1571): hipri: setDetailed state, old =IDLE and new state=CONNECTING
V/RenderScript( 1946): 0xb8022a60 Launching thread(s), CPUs 2
D/MobileDataStateTracker( 1571): fota: Broadcast received: android.intent.action.ANY_DATA_STATE apnType=fota
D/MobileDataStateTracker( 1571): fota: Received state=DISCONNECTED, old=DISCONNECTED, reason=dataEnabled
D/MobileDataStateTracker( 1571): ia: Broadcast received: android.intent.action.ANY_DATA_STATE apnType=ia
D/MobileDataStateTracker( 1571): ia: Received state=DISCONNECTED, old=DISCONNECTED, reason=dataEnabled
D/MobileDataStateTracker( 1571): supl: Broadcast received: android.intent.action.ANY_DATA_STATE apnType=supl
D/MobileDataStateTracker( 1571): supl: Received state=DISCONNECTED, old=DISCONNECTED, reason=dataEnabled
D/MobileDataStateTracker( 1571): ims: Broadcast received: android.intent.action.ANY_DATA_STATE apnType=ims
D/MobileDataStateTracker( 1571): ims: Received state=DISCONNECTED, old=DISCONNECTED, reason=dataEnabled
D/MobileDataStateTracker( 1571): mms: Broadcast received: android.intent.action.ANY_DATA_STATE apnType=mms
D/MobileDataStateTracker( 1571): mms: Received state=DISCONNECTED, old=DISCONNECTED, reason=dataEnabled
D/MobileDataStateTracker( 1571): cbs: Broadcast received: android.intent.action.ANY_DATA_STATE apnType=cbs
D/MobileDataStateTracker( 1571): cbs: Received state=DISCONNECTED, old=DISCONNECTED, reason=dataEnabled
D/MobileDataStateTracker( 1571): hipri: Broadcast received: android.intent.action.ANY_DATA_STATE apnType=hipri
D/MobileDataStateTracker( 1571): hipri: Received state=CONNECTED, old=CONNECTING, reason=dataEnabled
D/MobileDataStateTracker( 1571): hipri: setDetailed state, old =CONNECTING and new state=CONNECTED
D/ConnectivityService( 1571): ConnectivityChange for mobile_hipri: CONNECTED/CONNECTED
I/dalvikvm-heap( 1666): Grow heap (frag case) to 26.692MB for 15575052-byte allocation
D/dalvikvm( 1666): GC_FOR_ALLOC freed 0K, 36% free 27136K/41940K, paused 9ms, total 9ms
W/Launcher.Model( 1946): LoaderTask running with no launcher (loadAllAppsByBatch)
D/Launcher.Model( 1946): going to save icon bitmap for info=ShortcutInfo(title=Browserintent=Intent { act=android.intent.action.MAIN cat=[android.intent.category.LAUNCHER] flg=0x10200000 cmp=com.android.browser/.BrowserActivity }id=12 type=0 container=-101 screen=4 cellX=4 cellY=0 spanX=1 spanY=1 dropPos=null)
D/Nat464Xlat( 1571): requiresClat: netType=5, hasIPv4Address=true
D/gralloc_ranchu( 1145): gralloc_alloc: Creating ashmem region of size 15577088
D/Launcher.Model( 1946): going to save icon bitmap for info=ShortcutInfo(title=Messagingintent=Intent { act=android.intent.action.MAIN cat=[android.intent.category.LAUNCHER] flg=0x10200000 cmp=com.android.mms/.ui.ConversationList }id=10 type=0 container=-101 screen=3 cellX=3 cellY=0 spanX=1 spanY=1 dropPos=null)
D/Launcher.Model( 1946): going to save icon bitmap for info=ShortcutInfo(title=Peopleintent=Intent { act=android.intent.action.MAIN cat=[android.intent.category.LAUNCHER] flg=0x10200000 cmp=com.android.contacts/.activities.PeopleActivity }id=8 type=0 container=-101 screen=1 cellX=1 cellY=0 spanX=1 spanY=1 dropPos=null)
D/Launcher.Model( 1946): going to save icon bitmap for info=ShortcutInfo(title=Settingsintent=Intent { act=android.intent.action.MAIN cat=[android.intent.category.LAUNCHER] flg=0x10200000 cmp=com.android.settings/.Settings }id=4 type=0 container=-100 screen=3 cellX=2 cellY=3 spanX=1 spanY=1 dropPos=null)
D/Launcher.Model( 1946): Reload apps on config change. curr_mcc:310 prevmcc:0
D/Launcher.Model( 1946): going to save icon bitmap for info=ShortcutInfo(title=Phoneintent=Intent { act=android.intent.action.MAIN cat=[android.intent.category.LAUNCHER] flg=0x10200000 cmp=com.android.dialer/.DialtactsActivity }id=6 type=0 container=-101 screen=0 cellX=0 cellY=0 spanX=1 spanY=1 dropPos=null)
W/ActivityManager( 1571): Unable to start service Intent { cmp=com.android.email/.service.AttachmentDownloadService } U=0: not found
D/EGL_emulation( 1946): eglMakeCurrent: 0xb803df60: ver 3 0
E/EGL_emulation( 1946): tid 1946: eglSurfaceAttrib(1199): error 0x3009 (EGL_BAD_MATCH)
W/HardwareRenderer( 1946): Backbuffer cannot be preserved
D/dalvikvm( 1946): GC_FOR_ALLOC freed 8451K, 48% free 9581K/18240K, paused 3ms, total 3ms
I/dalvikvm-heap( 1946): Grow heap (frag case) to 16.670MB for 7464972-byte allocation
I/Email   ( 2018): Observing account changes for notifications
D/dalvikvm( 1946): GC_FOR_ALLOC freed 9K, 8% free 16861K/18240K, paused 7ms, total 7ms
I/Choreographer( 1666): Skipped 34 frames!  The application may be doing too much work on its main thread.
D/EGL_emulation( 1666): eglMakeCurrent: 0xb80045b0: ver 3 0
D/EGL_emulation( 1666): eglMakeCurrent: 0xb80045b0: ver 3 0
I/ActivityManager( 1571): Displayed com.android.launcher/com.android.launcher2.Launcher: +2s53ms (total +2s818ms)
D/dalvikvm( 1946): GC_FOR_ALLOC freed 613K, 7% free 17139K/18304K, paused 8ms, total 8ms
I/SurfaceFlinger( 1145): Boot is finished (11020 ms)
I/WindowManager( 1571): Screen frozen for +764ms due to Window{9d1dde68 u0 com.android.systemui.ImageWallpaper}
D/EGL_emulation( 1666): eglMakeCurrent: 0xb80045b0: ver 3 0
I/dalvikvm-heap( 1946): Grow heap (frag case) to 24.051MB for 7464972-byte allocation
D/dalvikvm( 1946): GC_FOR_ALLOC freed 7K, 5% free 24422K/25596K, paused 5ms, total 5ms
D/dalvikvm( 1946): GC_FOR_ALLOC freed 7302K, 33% free 17176K/25596K, paused 2ms, total 2ms
D/dalvikvm( 1946): GC_FOR_ALLOC freed <1K, 27% free 18727K/25596K, paused 5ms, total 5ms
D/dalvikvm( 2018): GC_FOR_ALLOC freed 291K, 14% free 3207K/3704K, paused 1ms, total 1ms
D/dalvikvm( 1946): GC_FOR_ALLOC freed <1K, 21% free 20278K/25596K, paused 3ms, total 3ms
D/dalvikvm( 1571): GC_FOR_ALLOC freed 894K, 52% free 7248K/14832K, paused 6ms, total 9ms
I/MultiDex( 1792): Renaming to /data/data/com.google.android.gms/code_cache/secondary-dexes/PrebuiltGmsCore.apk.classes3.zip
I/MultiDex( 1792): Extraction succeeded '/data/data/com.google.android.gms/code_cache/secondary-dexes/PrebuiltGmsCore.apk.classes3.zip': length 3069570 - crc: 1812373452
I/MultiDex( 1792): Extraction is needed for file /data/data/com.google.android.gms/code_cache/secondary-dexes/PrebuiltGmsCore.apk.classes4.zip
I/MultiDex( 1792): Extracting /data/data/com.google.android.gms/code_cache/secondary-dexes/tmp-PrebuiltGmsCore.apk.classes818036973.zip
D/dalvikvm( 1946): GC_FOR_ALLOC freed 192K, 14% free 22074K/25596K, paused 2ms, total 4ms
D/dalvikvm( 1946): GC_FOR_ALLOC freed 1310K, 12% free 22766K/25596K, paused 3ms, total 3ms
D/MobileDataStateTracker( 1571): hipri: isProvisioningNetwork: retVal=false
D/ConnectivityService( 1571): [CheckMp] isMobileOk: isProvisioningNetwork is false, continue
D/ConnectivityService( 1571): [CheckMp] isMobileOk: addresses=clients3.google.com/172.217.13.110,clients3.google.com/2607:f8b0:4020:804::200e
D/ConnectivityService( 1571): [CheckMp] isMobileOk: linkHasIpv4=true linkHasIpv6=false
D/ConnectivityService( 1571): requestRouteToHostAddress ok=true
D/ConnectivityService( 1571): [CheckMp] isMobileOk: wait to establish route to hostAddr=clients3.google.com/172.217.13.110
I/MultiDex( 1792): Renaming to /data/data/com.google.android.gms/code_cache/secondary-dexes/PrebuiltGmsCore.apk.classes4.zip
I/MultiDex( 1792): Extraction succeeded '/data/data/com.google.android.gms/code_cache/secondary-dexes/PrebuiltGmsCore.apk.classes4.zip': length 3729559 - crc: 3858303340
I/MultiDex( 1792): Extraction is needed for file /data/data/com.google.android.gms/code_cache/secondary-dexes/PrebuiltGmsCore.apk.classes5.zip
I/MultiDex( 1792): Extracting /data/data/com.google.android.gms/code_cache/secondary-dexes/tmp-PrebuiltGmsCore.apk.classes1019674328.zip
D/AndroidRuntime( 2090): 
D/AndroidRuntime( 2090): >>>>>> AndroidRuntime START com.android.internal.os.RuntimeInit <<<<<<
W/linker  ( 2090): libdvm.so has text relocations. This is wasting memory and is a security risk. Please fix.
D/AndroidRuntime( 2090): CheckJNI is ON
D/dalvikvm( 2090): Trying to load lib libjavacore.so 0x0
D/dalvikvm( 2090): Added shared lib libjavacore.so 0x0
D/dalvikvm( 2090): Trying to load lib libnativehelper.so 0x0
D/dalvikvm( 2090): Added shared lib libnativehelper.so 0x0
D/dalvikvm( 2090): No JNI_OnLoad found in libnativehelper.so 0x0, skipping init
D/dalvikvm( 2090): Note: class Landroid/app/ActivityManagerNative; has 179 unimplemented (abstract) methods
E/memtrack( 2090): Couldn't load memtrack module (No such file or directory)
E/android.os.Debug( 2090): failed to load memtrack module: -2
D/AndroidRuntime( 2090): Calling main entry com.android.commands.pm.Pm
D/AndroidRuntime( 2090): Shutting down VM
D/jdwp    ( 2090): Got wake-up signal, bailing out of select
D/dalvikvm( 2090): Debugger has detached; object registry had 1 entries
I/AndroidRuntime( 2090): NOTE: attach of thread 'Binder_1' failed
D/AndroidRuntime( 2100): 
D/AndroidRuntime( 2100): >>>>>> AndroidRuntime START com.android.internal.os.RuntimeInit <<<<<<
W/linker  ( 2100): libdvm.so has text relocations. This is wasting memory and is a security risk. Please fix.
D/AndroidRuntime( 2100): CheckJNI is ON
D/dalvikvm( 2100): Trying to load lib libjavacore.so 0x0
D/dalvikvm( 2100): Added shared lib libjavacore.so 0x0
D/dalvikvm( 2100): Trying to load lib libnativehelper.so 0x0
D/dalvikvm( 2100): Added shared lib libnativehelper.so 0x0
D/dalvikvm( 2100): No JNI_OnLoad found in libnativehelper.so 0x0, skipping init
D/dalvikvm( 2100): Note: class Landroid/app/ActivityManagerNative; has 179 unimplemented (abstract) methods
E/memtrack( 2100): Couldn't load memtrack module (No such file or directory)
E/android.os.Debug( 2100): failed to load memtrack module: -2
D/AndroidRuntime( 2100): Calling main entry com.android.commands.pm.Pm
D/AndroidRuntime( 2100): Shutting down VM
D/jdwp    ( 2100): Got wake-up signal, bailing out of select
D/dalvikvm( 2100): Debugger has detached; object registry had 1 entries
I/AndroidRuntime( 2100): NOTE: attach of thread 'Binder_2' failed
I/MultiDex( 1792): Renaming to /data/data/com.google.android.gms/code_cache/secondary-dexes/PrebuiltGmsCore.apk.classes5.zip
I/MultiDex( 1792): Extraction succeeded '/data/data/com.google.android.gms/code_cache/secondary-dexes/PrebuiltGmsCore.apk.classes5.zip': length 3584837 - crc: 4123503416
I/MultiDex( 1792): Extraction is needed for file /data/data/com.google.android.gms/code_cache/secondary-dexes/PrebuiltGmsCore.apk.classes6.zip
I/MultiDex( 1792): Extracting /data/data/com.google.android.gms/code_cache/secondary-dexes/tmp-PrebuiltGmsCore.apk.classes513975368.zip
D/AndroidRuntime( 2111): 
D/AndroidRuntime( 2111): >>>>>> AndroidRuntime START com.android.internal.os.RuntimeInit <<<<<<
W/linker  ( 2111): libdvm.so has text relocations. This is wasting memory and is a security risk. Please fix.
D/AndroidRuntime( 2111): CheckJNI is ON
D/dalvikvm( 2111): Trying to load lib libjavacore.so 0x0
D/dalvikvm( 2111): Added shared lib libjavacore.so 0x0
D/dalvikvm( 2111): Trying to load lib libnativehelper.so 0x0
D/dalvikvm( 2111): Added shared lib libnativehelper.so 0x0
D/dalvikvm( 2111): No JNI_OnLoad found in libnativehelper.so 0x0, skipping init
D/dalvikvm( 2111): Note: class Landroid/app/ActivityManagerNative; has 179 unimplemented (abstract) methods
E/memtrack( 2111): Couldn't load memtrack module (No such file or directory)
E/android.os.Debug( 2111): failed to load memtrack module: -2
D/AndroidRuntime( 2111): Calling main entry com.android.commands.pm.Pm
D/AndroidRuntime( 2111): Shutting down VM
D/jdwp    ( 2111): Got wake-up signal, bailing out of select
D/dalvikvm( 2111): Debugger has detached; object registry had 1 entries
I/AndroidRuntime( 2111): NOTE: attach of thread 'Binder_2' failed
D/dalvikvm( 1571): GC_EXPLICIT freed 470K, 53% free 7075K/14832K, paused 1ms+1ms, total 8ms
I/MultiDex( 1792): Renaming to /data/data/com.google.android.gms/code_cache/secondary-dexes/PrebuiltGmsCore.apk.classes6.zip
I/MultiDex( 1792): Extraction succeeded '/data/data/com.google.android.gms/code_cache/secondary-dexes/PrebuiltGmsCore.apk.classes6.zip': length 2190210 - crc: 2261963046
I/MultiDex( 1792): load found 5 secondary dex files
D/dalvikvm( 1792): DexOpt: --- BEGIN 'PrebuiltGmsCore.apk.classes2.zip' (bootstrap=0) ---
W/linker  ( 2123): libdvm.so has text relocations. This is wasting memory and is a security risk. Please fix.
D/AndroidRuntime( 2129): 
D/AndroidRuntime( 2129): >>>>>> AndroidRuntime START com.android.internal.os.RuntimeInit <<<<<<
W/linker  ( 2129): libdvm.so has text relocations. This is wasting memory and is a security risk. Please fix.
D/AndroidRuntime( 2129): CheckJNI is ON
D/dalvikvm( 2129): Trying to load lib libjavacore.so 0x0
D/dalvikvm( 2129): Added shared lib libjavacore.so 0x0
D/dalvikvm( 2129): Trying to load lib libnativehelper.so 0x0
D/dalvikvm( 2129): Added shared lib libnativehelper.so 0x0
D/dalvikvm( 2129): No JNI_OnLoad found in libnativehelper.so 0x0, skipping init
D/dalvikvm( 2129): Note: class Landroid/app/ActivityManagerNative; has 179 unimplemented (abstract) methods
E/memtrack( 2129): Couldn't load memtrack module (No such file or directory)
E/android.os.Debug( 2129): failed to load memtrack module: -2
D/AndroidRuntime( 2129): Calling main entry com.android.commands.pm.Pm
I/PackageManager( 1571): Running dexopt on: com.android.defcontainer
W/linker  ( 2152): libdvm.so has text relocations. This is wasting memory and is a security risk. Please fix.
I/ActivityManager( 1571): Start proc com.android.defcontainer for service com.android.defcontainer/.DefaultContainerService: pid=2139 uid=10003 gids={50003, 1028, 1015, 1023, 2001, 1035}
D/dalvikvm( 2152): DexOpt: load 1ms, verify+opt 3ms, 201428 bytes
E/cutils-trace( 2123): Error opening trace file: Permission denied (13)
D/dalvikvm( 2123): GC_FOR_ALLOC freed 842K, 42% free 1204K/2048K, paused 2ms, total 2ms
W/ActivityManager( 1571): No content provider found for permission revoke: file:///data/local/tmp/AndroidRipperService.apk
W/ActivityManager( 1571): No content provider found for permission revoke: file:///data/local/tmp/AndroidRipperService.apk
I/PackageManager( 1571): Copying native libraries to /data/app-lib/vmdl169779028
I/PackageParser( 1571): it.unina.android.ripper_service: compat added android.permission.WRITE_EXTERNAL_STORAGE android.permission.READ_PHONE_STATE
I/PackageManager( 1571): Running dexopt on: it.unina.android.ripper_service
W/linker  ( 2154): libdvm.so has text relocations. This is wasting memory and is a security risk. Please fix.
D/dalvikvm( 2123): DexOpt: couldn't find field Landroid/os/Message;.sendingUid
D/dalvikvm( 2154): DexOpt: load 11ms, verify+opt 38ms, 1117628 bytes
I/ActivityManager( 1571): Force stopping it.unina.android.ripper_service appid=10057 user=-1: update pkg
I/PackageManager( 1571):   Action: "android.intent.action.SENDTO"
I/PackageManager( 1571):   Category: "android.intent.category.DEFAULT"
I/PackageManager( 1571):   Scheme: "sms"
I/InputReader( 1571): Reconfiguring input devices.  changes=0x00000010
I/PackageManager( 1571): Adding preferred activity ComponentInfo{com.android.mms/com.android.mms.ui.ComposeMessageActivity} for user 0 :
I/PackageManager( 1571):   Action: "android.intent.action.SENDTO"
I/PackageManager( 1571):   Category: "android.intent.category.DEFAULT"
I/PackageManager( 1571):   Scheme: "smsto"
I/PackageManager( 1571): Adding preferred activity ComponentInfo{com.android.mms/com.android.mms.ui.ComposeMessageActivity} for user 0 :
D/BackupManagerService( 1571): Received broadcast Intent { act=android.intent.action.PACKAGE_ADDED dat=package:it.unina.android.ripper_service flg=0x4000010 (has extras) }
D/dalvikvm( 1571): GC_EXPLICIT freed 872K, 52% free 7228K/14832K, paused 10ms+1ms, total 29ms
D/dalvikvm( 1571): WAIT_FOR_CONCURRENT_GC blocked 6ms
D/dalvikvm( 1571): WAIT_FOR_CONCURRENT_GC blocked 11ms
D/Tethering( 1571): MasterInitialState.processMessage what=3
I/PackageManager( 1571):   Action: "android.intent.action.SENDTO"
I/PackageManager( 1571):   Category: "android.intent.category.DEFAULT"
I/PackageManager( 1571):   Scheme: "mms"
D/CaptivePortalTracker( 1571): NoActiveNetworkState{ when=0 what=1 obj=NetworkInfo: type: mobile[LTE], state: CONNECTED/CONNECTED, reason: connected, extra: epc.tmobile.com, roaming: false, failover: false, isAvailable: true, isConnectedToProvisioningNetwork: false target=com.android.internal.util.StateMachine$SmHandler }
D/CaptivePortalTracker( 1571): NoActiveNetworkState not a wifi connectivity change, ignore
D/dalvikvm( 2123): DexOpt: load 189ms, verify+opt 219ms, 9812300 bytes
D/AndroidRuntime( 2129): Shutting down VM
D/jdwp    ( 2129): Got wake-up signal, bailing out of select
D/dalvikvm( 2129): Debugger has detached; object registry had 1 entries
I/PackageManager( 1571):   Action: "android.intent.action.SENDTO"
I/PackageManager( 1571):   Category: "android.intent.category.DEFAULT"
I/PackageManager( 1571):   Scheme: "mmsto"
V/BackupManagerService( 1571): addPackageParticipantsLocked: #1
I/PackageManager( 1571): Adding preferred activity ComponentInfo{com.android.mms/com.android.mms.ui.ComposeMessageActivity} for user 0 :
I/PackageManager( 1571): Adding preferred activity ComponentInfo{com.android.mms/com.android.mms.ui.ComposeMessageActivity} for user 0 :
I/PackageManager( 1571):   Action: "android.intent.action.SENDTO"
I/PackageManager( 1571):   Category: "android.intent.category.DEFAULT"
I/PackageManager( 1571):   Scheme: "sms"
D/dalvikvm( 1832): GC_FOR_ALLOC freed 443K, 16% free 3636K/4280K, paused 1ms, total 2ms
I/PackageManager( 1571): Adding preferred activity ComponentInfo{com.android.mms/com.android.mms.ui.ComposeMessageActivity} for user 0 :
I/PackageManager( 1571):   Action: "android.intent.action.SENDTO"
I/PackageManager( 1571):   Category: "android.intent.category.DEFAULT"
I/PackageManager( 1571):   Scheme: "smsto"
I/PackageManager( 1571):   Action: "android.intent.action.SENDTO"
I/PackageManager( 1571):   Category: "android.intent.category.DEFAULT"
I/PackageManager( 1571):   Scheme: "mms"
I/PackageManager( 1571):   Action: "android.intent.action.SENDTO"
I/PackageManager( 1571):   Category: "android.intent.category.DEFAULT"
I/PackageManager( 1571):   Scheme: "mmsto"
I/PackageManager( 1571): Adding preferred activity ComponentInfo{com.android.mms/com.android.mms.ui.ComposeMessageActivity} for user 0 :
I/PackageManager( 1571): Adding preferred activity ComponentInfo{com.android.mms/com.android.mms.ui.ComposeMessageActivity} for user 0 :
I/PackageManager( 1571): Adding preferred activity ComponentInfo{com.android.mms/com.android.mms.ui.ComposeMessageActivity} for user 0 :
D/dalvikvm( 1792): DexOpt: --- END 'PrebuiltGmsCore.apk.classes2.zip' (success) ---
D/dalvikvm( 1792): DEX prep '/data/data/com.google.android.gms/code_cache/secondary-dexes/PrebuiltGmsCore.apk.classes2.zip': unzip in 74ms, rewrite 530ms
D/Tethering( 1571): MasterInitialState.processMessage what=3
D/CaptivePortalTracker( 1571): NoActiveNetworkState{ when=0 what=1 obj=NetworkInfo: type: mobile_hipri[LTE], state: CONNECTED/CONNECTED, reason: dataEnabled, extra: epc.tmobile.com, roaming: false, failover: false, isAvailable: true, isConnectedToProvisioningNetwork: false target=com.android.internal.util.StateMachine$SmHandler }
D/CaptivePortalTracker( 1571): NoActiveNetworkState not a wifi connectivity change, ignore
D/dalvikvm( 1792): DexOpt: --- BEGIN 'PrebuiltGmsCore.apk.classes3.zip' (bootstrap=0) ---
W/linker  ( 2157): libdvm.so has text relocations. This is wasting memory and is a security risk. Please fix.
E/cutils-trace( 2157): Error opening trace file: Permission denied (13)
D/dalvikvm( 2157): GC_FOR_ALLOC freed 888K, 44% free 1158K/2048K, paused 1ms, total 1ms
D/AndroidRuntime( 2162): 
D/AndroidRuntime( 2162): >>>>>> AndroidRuntime START com.android.internal.os.RuntimeInit <<<<<<
W/linker  ( 2162): libdvm.so has text relocations. This is wasting memory and is a security risk. Please fix.
D/AndroidRuntime( 2162): CheckJNI is ON
D/dalvikvm( 2162): Trying to load lib libjavacore.so 0x0
D/dalvikvm( 2162): Added shared lib libjavacore.so 0x0
D/dalvikvm( 2162): Trying to load lib libnativehelper.so 0x0
D/dalvikvm( 2162): Added shared lib libnativehelper.so 0x0
D/dalvikvm( 2162): No JNI_OnLoad found in libnativehelper.so 0x0, skipping init
D/dalvikvm( 2162): Note: class Landroid/app/ActivityManagerNative; has 179 unimplemented (abstract) methods
D/GpsLocationProvider( 1571): NTP server returned: 1629023175234 (Sun Aug 15 05:26:15 CDT 2021) reference: 15530 certainty: 28 system time offset: 504
D/dalvikvm( 2157): DexOpt: load 33ms, verify+opt 108ms, 4551068 bytes
E/memtrack( 2162): Couldn't load memtrack module (No such file or directory)
E/android.os.Debug( 2162): failed to load memtrack module: -2
D/dalvikvm( 1792): DexOpt: --- END 'PrebuiltGmsCore.apk.classes3.zip' (success) ---
D/dalvikvm( 1792): DEX prep '/data/data/com.google.android.gms/code_cache/secondary-dexes/PrebuiltGmsCore.apk.classes3.zip': unzip in 55ms, rewrite 210ms
D/AndroidRuntime( 2162): Calling main entry com.android.commands.pm.Pm
D/AndroidRuntime( 2162): Shutting down VM
D/jdwp    ( 2162): Got wake-up signal, bailing out of select
D/dalvikvm( 2162): Debugger has detached; object registry had 1 entries
I/AndroidRuntime( 2162): NOTE: attach of thread 'Binder_1' failed
D/dalvikvm( 1571): GC_FOR_ALLOC freed 1053K, 52% free 7223K/14832K, paused 5ms, total 6ms
D/dalvikvm( 1792): DexOpt: --- BEGIN 'PrebuiltGmsCore.apk.classes4.zip' (bootstrap=0) ---
W/linker  ( 2172): libdvm.so has text relocations. This is wasting memory and is a security risk. Please fix.
E/cutils-trace( 2172): Error opening trace file: Permission denied (13)
D/dalvikvm( 2172): GC_FOR_ALLOC freed 953K, 47% free 1093K/2048K, paused 1ms, total 1ms
D/AndroidRuntime( 2173): 
D/AndroidRuntime( 2173): >>>>>> AndroidRuntime START com.android.internal.os.RuntimeInit <<<<<<
W/linker  ( 2173): libdvm.so has text relocations. This is wasting memory and is a security risk. Please fix.
D/AndroidRuntime( 2173): CheckJNI is ON
D/dalvikvm( 2173): Trying to load lib libjavacore.so 0x0
D/dalvikvm( 2173): Added shared lib libjavacore.so 0x0
D/dalvikvm( 2173): Trying to load lib libnativehelper.so 0x0
D/dalvikvm( 2173): Added shared lib libnativehelper.so 0x0
D/dalvikvm( 2173): No JNI_OnLoad found in libnativehelper.so 0x0, skipping init
D/dalvikvm( 2172): DexOpt: load 56ms, verify+opt 80ms, 5853988 bytes
D/dalvikvm( 2173): Note: class Landroid/app/ActivityManagerNative; has 179 unimplemented (abstract) methods
D/dalvikvm( 1792): DexOpt: --- END 'PrebuiltGmsCore.apk.classes4.zip' (success) ---
D/dalvikvm( 1792): DEX prep '/data/data/com.google.android.gms/code_cache/secondary-dexes/PrebuiltGmsCore.apk.classes4.zip': unzip in 62ms, rewrite 211ms
E/memtrack( 2173): Couldn't load memtrack module (No such file or directory)
E/android.os.Debug( 2173): failed to load memtrack module: -2
D/AndroidRuntime( 2173): Calling main entry com.android.commands.pm.Pm
D/AndroidRuntime( 2173): Shutting down VM
D/jdwp    ( 2173): Got wake-up signal, bailing out of select
D/dalvikvm( 2173): Debugger has detached; object registry had 1 entries
I/AndroidRuntime( 2173): NOTE: attach of thread 'Binder_1' failed
D/dalvikvm( 1792): DexOpt: --- BEGIN 'PrebuiltGmsCore.apk.classes5.zip' (bootstrap=0) ---
W/linker  ( 2183): libdvm.so has text relocations. This is wasting memory and is a security risk. Please fix.
E/cutils-trace( 2183): Error opening trace file: Permission denied (13)
D/dalvikvm( 2183): GC_FOR_ALLOC freed 696K, 35% free 1350K/2048K, paused 1ms, total 1ms
D/AndroidRuntime( 2184): 
D/AndroidRuntime( 2184): >>>>>> AndroidRuntime START com.android.internal.os.RuntimeInit <<<<<<
W/linker  ( 2184): libdvm.so has text relocations. This is wasting memory and is a security risk. Please fix.
D/AndroidRuntime( 2184): CheckJNI is ON
D/dalvikvm( 2183): DexOpt: couldn't find static field Landroid/view/View;.TRANSLATION_Z
D/dalvikvm( 2184): Trying to load lib libjavacore.so 0x0
D/dalvikvm( 2184): Added shared lib libjavacore.so 0x0
D/dalvikvm( 2184): Trying to load lib libnativehelper.so 0x0
D/dalvikvm( 2184): Added shared lib libnativehelper.so 0x0
D/dalvikvm( 2184): No JNI_OnLoad found in libnativehelper.so 0x0, skipping init
D/dalvikvm( 2184): Note: class Landroid/app/ActivityManagerNative; has 179 unimplemented (abstract) methods
E/memtrack( 2184): Couldn't load memtrack module (No such file or directory)
E/android.os.Debug( 2184): failed to load memtrack module: -2
D/AndroidRuntime( 2184): Calling main entry com.android.commands.am.Am
D/dalvikvm( 2183): DexOpt: load 67ms, verify+opt 167ms, 6002044 bytes
D/AndroidRuntime( 2184): Shutting down VM
D/jdwp    ( 2184): Got wake-up signal, bailing out of select
D/dalvikvm( 2184): Debugger has detached; object registry had 1 entries
D/dalvikvm( 1146): GC_EXPLICIT freed 39K, 8% free 2994K/3236K, paused 1ms+0ms, total 6ms
I/ActivityManager( 1571): Start proc it.unina.android.ripper_service:android_ripper_service_process for service it.unina.android.ripper_service/.AndroidRipperService: pid=2195 uid=10057 gids={50057, 3003, 1028, 1015}
D/dalvikvm( 1146): GC_EXPLICIT freed <1K, 8% free 2994K/3236K, paused 0ms+0ms, total 7ms
V/AndroidRipperService( 2195): onCreate()
V/SERVER  ( 2195): Starting ServerSocket on PORT 18888
V/SERVER  ( 2195): Started ServerSocket on PORT 18888
V/SERVER  ( 2195): Ready to accept connections on port: 18888
D/dalvikvm( 1146): GC_EXPLICIT freed <1K, 8% free 2994K/3236K, paused 0ms+1ms, total 9ms
D/dalvikvm( 1792): DexOpt: --- END 'PrebuiltGmsCore.apk.classes5.zip' (success) ---
D/dalvikvm( 1792): DEX prep '/data/data/com.google.android.gms/code_cache/secondary-dexes/PrebuiltGmsCore.apk.classes5.zip': unzip in 56ms, rewrite 315ms
D/dalvikvm( 1792): DexOpt: --- BEGIN 'PrebuiltGmsCore.apk.classes6.zip' (bootstrap=0) ---
W/linker  ( 2209): libdvm.so has text relocations. This is wasting memory and is a security risk. Please fix.
D/ConnectivityService( 1571): [CheckMp] isMobileOk: newUrl=https://172.217.13.110/generate_204
W/ActivityThread( 1571): ClassLoader.loadClass: The class loader returned by Thread.getContextClassLoader() may fail for processes that host multiple applications. You should explicitly specify a context class loader. For example: Thread.setContextClassLoader(getClass().getClassLoader());
E/cutils-trace( 2209): Error opening trace file: Permission denied (13)
D/dalvikvm( 2209): GC_FOR_ALLOC freed 1274K, 63% free 772K/2048K, paused 1ms, total 1ms
D/ConnectivityService( 1571): [CheckMp] isMobileOk: hostnameVerify retVal=true hostname=172.217.13.110 orgUriHost=clients3.google.com
D/ConnectivityService( 1571): [CheckMp] isMobileOk: headers={null=[HTTP/1.1 204 No Content], Alt-Svc=[h3=":443"; ma=2592000,h3-29=":443"; ma=2592000,h3-T051=":443"; ma=2592000,h3-Q050=":443"; ma=2592000,h3-Q046=":443"; ma=2592000,h3-Q043=":443"; ma=2592000,quic=":443"; ma=2592000; v="46,43"], Connection=[close], Content-Length=[0], Date=[Sun, 15 Aug 2021 10:26:16 GMT], X-Android-Received-Millis=[1629023175594], X-Android-Response-Source=[NETWORK 204], X-Android-Selected-Transport=[http/1.1], X-Android-Sent-Millis=[1629023175583]}
D/ConnectivityService( 1571): [CheckMp] isMobileOk: X got expected responseCode=204 result=1
D/ConnectivityService( 1571): [CheckMp] isMobileOk: F stop hipri
D/ConnectivityService( 1571): stopUsingNetworkFeature: teardown net 0: enableHIPRI
D/MobileDataStateTracker( 1571): default: setEnableFailFastMobileData(enabled=0)
D/MobileDataStateTracker( 1571): hipri: Broadcast received: android.intent.action.ANY_DATA_STATE apnType=hipri
D/MobileDataStateTracker( 1571): hipri: Received state=DISCONNECTED, old=CONNECTED, reason=dataDisabled
D/MobileDataStateTracker( 1571): hipri: setDetailed state, old =CONNECTED and new state=DISCONNECTED
D/ConnectivityService( 1571): ConnectivityChange for mobile_hipri: DISCONNECTED/DISCONNECTED
D/dalvikvm( 2209): DexOpt: load 43ms, verify+opt 81ms, 4410764 bytes
D/Nat464Xlat( 1571): requiresClat: netType=5, hasIPv4Address=true
D/dalvikvm( 1792): DexOpt: --- END 'PrebuiltGmsCore.apk.classes6.zip' (success) ---
D/dalvikvm( 1792): DEX prep '/data/data/com.google.android.gms/code_cache/secondary-dexes/PrebuiltGmsCore.apk.classes6.zip': unzip in 34ms, rewrite 187ms
I/MultiDex( 1792): install done
I/dalvikvm( 1792): Could not find method android.content.ContentProvider.query, referenced from method brf.superQuery
W/dalvikvm( 1792): VFY: unable to resolve virtual method 2428: Landroid/content/ContentProvider;.query (Landroid/net/Uri;[Ljava/lang/String;Landroid/os/Bundle;Landroid/os/CancellationSignal;)Landroid/database/Cursor;
D/dalvikvm( 1792): VFY: replacing opcode 0x6f at 0x0000
D/dalvikvm( 1792): GC_FOR_ALLOC freed 375K, 13% free 4684K/5352K, paused 2ms, total 2ms
I/dalvikvm( 1792): Could not find method android.os.UserHandle.isOwner, referenced from method nmy.f
W/dalvikvm( 1792): VFY: unable to resolve virtual method 3081: Landroid/os/UserHandle;.isOwner ()Z
D/dalvikvm( 1792): VFY: replacing opcode 0x6e at 0x000a
D/dalvikvm( 1792): DexOpt: couldn't find field Landroid/content/pm/ApplicationInfo;.splitSourceDirs
W/dalvikvm( 1792): VFY: unable to resolve instance field 1475
D/dalvikvm( 1792): VFY: replacing opcode 0x54 at 0x0055
D/dalvikvm( 1792): DexOpt: couldn't find static field Landroid/os/Build;.SUPPORTED_ABIS
W/dalvikvm( 1792): VFY: unable to resolve static field 1540 (SUPPORTED_ABIS) in Landroid/os/Build;
D/dalvikvm( 1792): VFY: replacing opcode 0x62 at 0x00d1
I/dalvikvm( 1792): Could not find method android.system.Os.stat, referenced from method nop.a
W/dalvikvm( 1792): VFY: unable to resolve static method 3146: Landroid/system/Os;.stat (Ljava/lang/String;)Landroid/system/StructStat;
D/dalvikvm( 1792): VFY: replacing opcode 0x71 at 0x0182
I/dalvikvm( 1792): Could not find method android.content.pm.PackageManager.getPackageInstaller, referenced from method men.a
W/dalvikvm( 1792): VFY: unable to resolve virtual method 2608: Landroid/content/pm/PackageManager;.getPackageInstaller ()Landroid/content/pm/PackageInstaller;
D/dalvikvm( 1792): VFY: replacing opcode 0x6e at 0x001c
W/DynamiteModule( 1792): Local module descriptor class for providerinstaller not found.
E/ChimeraCfgMgr( 1792): Failed to read module config: java.io.FileNotFoundException: /data/data/com.google.android.gms/app_chimera/current_config.fb: open failed: ENOENT (No such file or directory)
I/dalvikvm( 1792): Could not find method android.system.Os.readlink, referenced from method bse.a
W/dalvikvm( 1792): VFY: unable to resolve static method 3145: Landroid/system/Os;.readlink (Ljava/lang/String;)Ljava/lang/String;
D/dalvikvm( 1792): VFY: replacing opcode 0x71 at 0x0044
I/dalvikvm( 1792): Could not find method android.system.Os.symlink, referenced from method bse.a
W/dalvikvm( 1792): VFY: unable to resolve static method 3147: Landroid/system/Os;.symlink (Ljava/lang/String;Ljava/lang/String;)V
D/dalvikvm( 1792): VFY: replacing opcode 0x71 at 0x00b0
I/dalvikvm( 1792): Could not find method android.system.Os.stat, referenced from method bse.a
W/dalvikvm( 1792): VFY: unable to resolve static method 3146: Landroid/system/Os;.stat (Ljava/lang/String;)Landroid/system/StructStat;
D/dalvikvm( 1792): VFY: replacing opcode 0x71 at 0x0005
W/dalvikvm( 1792): VFY: unable to resolve static field 1615 (S_IXUSR) in Landroid/system/OsConstants;
D/dalvikvm( 1792): VFY: replacing opcode 0x60 at 0x0007
I/dalvikvm( 1792): Could not find method android.system.Os.stat, referenced from method bse.b
W/dalvikvm( 1792): VFY: unable to resolve static method 3146: Landroid/system/Os;.stat (Ljava/lang/String;)Landroid/system/StructStat;
D/dalvikvm( 1792): VFY: replacing opcode 0x71 at 0x0040
W/dalvikvm( 1792): VFY: unable to resolve static field 1612 (S_IRUSR) in Landroid/system/OsConstants;
D/dalvikvm( 1792): VFY: replacing opcode 0x60 at 0x0007
W/FileUtils( 1792): Failed to set world readable: /data/data/com.google.android.gms/app_chimera/current_config.fb
E/ChimeraCfgMgr( 1792): Failed to read module config: java.io.FileNotFoundException: /data/data/com.google.android.gms/app_chimera/current_config.fb: open failed: ENOENT (No such file or directory)
D/dalvikvm( 1792): DexOpt: couldn't find static field Landroid/os/Build;.SUPPORTED_ABIS
W/dalvikvm( 1792): VFY: unable to resolve static field 1540 (SUPPORTED_ABIS) in Landroid/os/Build;
D/dalvikvm( 1792): VFY: replacing opcode 0x62 at 0x0307
D/dalvikvm( 1792): DexOpt: couldn't find static field Landroid/os/Build;.SUPPORTED_ABIS
W/dalvikvm( 1792): VFY: unable to resolve static field 1540 (SUPPORTED_ABIS) in Landroid/os/Build;
D/dalvikvm( 1792): VFY: replacing opcode 0x62 at 0x06eb
I/dalvikvm( 1792): Could not find method android.content.Context.isCredentialProtectedStorage, referenced from method bry.j
W/dalvikvm( 1792): VFY: unable to resolve virtual method 2490: Landroid/content/Context;.isCredentialProtectedStorage ()Z
D/dalvikvm( 1792): VFY: replacing opcode 0x6e at 0x0087
E/ConfigFileUtils( 1792): Failed to read config file: /data/data/com.google.android.gms/app_chimera/current_fileapks.pb: open failed: ENOENT (No such file or directory)
D/dalvikvm( 1792): GC_FOR_ALLOC freed 1938K, 41% free 3216K/5448K, paused 2ms, total 2ms
I/GmsModuleFndr( 1792): Beginning GMS chimera module scan
E/ChimeraCfgMgr( 1792): Failed to read module config: java.io.FileNotFoundException: /data/data/com.google.android.gms/app_chimera/current_config.fb: open failed: ENOENT (No such file or directory)
I/DynamiteModule( 1792): Considering local module com.google.android.gms.googlecertificates:4 and remote module com.google.android.gms.googlecertificates:0
I/DynamiteModule( 1792): Selected local version of com.google.android.gms.googlecertificates
I/dalvikvm( 1792): Could not find method android.app.Notification$Builder.setLocalOnly, referenced from method com.google.android.gms.common.GoogleCertificatesImpl.isGoogleOrPlatformSigned
W/dalvikvm( 1792): VFY: unable to resolve virtual method 2308: Landroid/app/Notification$Builder;.setLocalOnly (Z)Landroid/app/Notification$Builder;
D/dalvikvm( 1792): VFY: replacing opcode 0x6e at 0x00b1
I/ActivityManager( 1571): Start proc com.google.android.gms for service com.google.android.gms/.chimera.GmsIntentOperationService: pid=2220 uid=10007 gids={50007, 3003, 1007, 1028, 1015, 3002, 3001, 3007, 2001, 3006}
W/dalvikvm( 2220): VFY: unable to resolve static field 1608 (PR_SET_DUMPABLE) in Landroid/system/OsConstants;
D/dalvikvm( 2220): VFY: replacing opcode 0x60 at 0x0017
W/dalvikvm( 2220): VFY: unable to find class referenced in signature (Lyqx;)
W/dalvikvm( 2220): VFY: unable to find class referenced in signature (Lyro;)
E/ChimeraCfgMgr( 1792): Failed to read module config: java.io.FileNotFoundException: /data/data/com.google.android.gms/app_chimera/current_config.fb: open failed: ENOENT (No such file or directory)
I/ModuleSetMgr( 1792): Config file doesn't exist, writing blank config.
I/dalvikvm( 1792): Could not find method com.google.android.chimera.ContextThemeWrapper.createAttributionContext, referenced from method mnu.createAttributionContext
W/dalvikvm( 1792): VFY: unable to resolve virtual method 13785: Lcom/google/android/chimera/ContextThemeWrapper;.createAttributionContext (Ljava/lang/String;)Landroid/content/Context;
D/dalvikvm( 1792): VFY: replacing opcode 0x6f at 0x0002
I/dalvikvm( 1792): Could not find method android.content.ContextWrapper.createCredentialProtectedStorageContext, referenced from method mnu.createCredentialProtectedStorageContext
W/dalvikvm( 1792): VFY: unable to resolve virtual method 2508: Landroid/content/ContextWrapper;.createCredentialProtectedStorageContext ()Landroid/content/Context;
D/dalvikvm( 1792): VFY: replacing opcode 0x6f at 0x0002
I/dalvikvm( 1792): Could not find method android.content.ContextWrapper.createDeviceProtectedStorageContext, referenced from method mnu.createDeviceProtectedStorageContext
W/dalvikvm( 1792): VFY: unable to resolve virtual method 2509: Landroid/content/ContextWrapper;.createDeviceProtectedStorageContext ()Landroid/content/Context;
D/dalvikvm( 1792): VFY: replacing opcode 0x6f at 0x0002
I/dalvikvm( 2220): Could not find method android.system.Os.readlink, referenced from method msk.a
W/dalvikvm( 2220): VFY: unable to resolve static method 3145: Landroid/system/Os;.readlink (Ljava/lang/String;)Ljava/lang/String;
D/dalvikvm( 2220): VFY: replacing opcode 0x71 at 0x00b0
I/dalvikvm( 2220): Could not find method android.os.PowerManager.isInteractive, referenced from method ndc.a
W/dalvikvm( 2220): VFY: unable to resolve virtual method 3046: Landroid/os/PowerManager;.isInteractive ()Z
D/dalvikvm( 2220): VFY: replacing opcode 0x6e at 0x0013
I/dalvikvm( 2220): Could not find method com.google.android.chimera.ModuleContext.getAttributionTag, referenced from method com.google.android.chimera.ModuleContext.createAttributionContext
W/dalvikvm( 2220): VFY: unable to resolve virtual method 14170: Lcom/google/android/chimera/ModuleContext;.getAttributionTag ()Ljava/lang/String;
D/dalvikvm( 2220): VFY: replacing opcode 0x6e at 0x0004
I/dalvikvm( 2220): Could not find method com.google.android.chimera.ContextThemeWrapper.createAttributionContext, referenced from method com.google.android.chimera.ModuleContext.createAttributionContext
