W/dalvikvm( 2220): VFY: unable to resolve virtual method 13785: Lcom/google/android/chimera/ContextThemeWrapper;.createAttributionContext (Ljava/lang/String;)Landroid/content/Context;
D/dalvikvm( 2220): VFY: replacing opcode 0x6f at 0x0035
I/dalvikvm( 2220): Could not find method android.content.ContextWrapper.createCredentialProtectedStorageContext, referenced from method com.google.android.chimera.ModuleContext.createCredentialProtectedStorageContext
W/dalvikvm( 2220): VFY: unable to resolve virtual method 2508: Landroid/content/ContextWrapper;.createCredentialProtectedStorageContext ()Landroid/content/Context;
D/dalvikvm( 2220): VFY: replacing opcode 0x6f at 0x0002
I/dalvikvm( 2220): Could not find method android.content.ContextWrapper.createDeviceProtectedStorageContext, referenced from method com.google.android.chimera.ModuleContext.createDeviceProtectedStorageContext
W/dalvikvm( 2220): VFY: unable to resolve virtual method 2509: Landroid/content/ContextWrapper;.createDeviceProtectedStorageContext ()Landroid/content/Context;
D/dalvikvm( 2220): VFY: replacing opcode 0x6f at 0x0002
I/dalvikvm( 2220): Could not find method com.google.android.chimera.ContextThemeWrapper.sendBroadcastWithMultiplePermissions, referenced from method com.google.android.chimera.ModuleContext.sendBroadcastWithMultiplePermissions
W/dalvikvm( 2220): VFY: unable to resolve virtual method 13795: Lcom/google/android/chimera/ContextThemeWrapper;.sendBroadcastWithMultiplePermissions (Landroid/content/Intent;[Ljava/lang/String;)V
D/dalvikvm( 2220): VFY: replacing opcode 0x6f at 0x0009
E/ConfigFileUtils( 1792): Failed to read config file: /data/data/com.google.android.gms/app_chimera/current_fileapks.pb: open failed: ENOENT (No such file or directory)
I/MultiDex( 2220): VM with version 1.6.0 does not have multidex support
I/MultiDex( 2220): Installing application
I/ModuleSetMgr( 1792): Computing pending module set with APKs: []
I/MultiDex( 2220): MultiDexExtractor(/system/priv-app/PrebuiltGmsCore.apk, /data/data/com.google.android.gms/code_cache/secondary-dexes)
I/MultiDex( 2220): Blocking on lock /data/data/com.google.android.gms/code_cache/secondary-dexes/MultiDex.lock
I/MultiDex( 2220): /data/data/com.google.android.gms/code_cache/secondary-dexes/MultiDex.lock locked
I/MultiDex( 2220): MultiDexExtractor.load(/system/priv-app/PrebuiltGmsCore.apk, false, )
I/MultiDex( 2220): loading existing secondary dex files
I/MultiDex( 2220): load found 5 secondary dex files
I/ModuleSetMgr( 1792): Pending container module APKs: []
I/ModuleSetMgr( 1792): Pending non-container module APKs: []
I/MultiDex( 2220): install done
E/ConfigFileUtils( 1792): Failed to read config file: /data/data/com.google.android.gms/app_chimera/current_fileapks.pb: open failed: ENOENT (No such file or directory)
I/dalvikvm( 2220): Could not find method android.content.ContentProvider.query, referenced from method brf.superQuery
W/dalvikvm( 2220): VFY: unable to resolve virtual method 2428: Landroid/content/ContentProvider;.query (Landroid/net/Uri;[Ljava/lang/String;Landroid/os/Bundle;Landroid/os/CancellationSignal;)Landroid/database/Cursor;
D/dalvikvm( 2220): VFY: replacing opcode 0x6f at 0x0000
E/ChimeraCfgMgr( 1792): Failed to read module config: java.io.FileNotFoundException: /data/data/com.google.android.gms/app_chimera/current_config.fb: open failed: ENOENT (No such file or directory)
W/IntentOperation( 1792): Failed to get Chimera config:com.google.android.chimera.config.InvalidConfigException: java.io.FileNotFoundException: /data/data/com.google.android.gms/app_chimera/current_config.fb: open failed: ENOENT (No such file or directory)
D/dalvikvm( 2220): GC_FOR_ALLOC freed 345K, 15% free 3161K/3708K, paused 2ms, total 2ms
D/dalvikvm( 1792): GC_FOR_ALLOC freed 305K, 39% free 3375K/5448K, paused 3ms, total 3ms
I/dalvikvm-heap( 1792): Grow heap (frag case) to 3.706MB for 228601-byte allocation
D/dalvikvm( 1792): GC_FOR_ALLOC freed 6K, 37% free 3592K/5672K, paused 2ms, total 2ms
I/dalvikvm( 2220): Could not find method android.app.Activity.registerActivityLifecycleCallbacks, referenced from method amh.onActivityPreCreated
W/dalvikvm( 2220): VFY: unable to resolve virtual method 2308: Landroid/app/Activity;.registerActivityLifecycleCallbacks (Landroid/app/Application$ActivityLifecycleCallbacks;)V
D/dalvikvm( 2220): VFY: replacing opcode 0x6e at 0x0005
I/dalvikvm( 2220): Could not find method android.content.Context.getExternalMediaDirs, referenced from method jm.a
W/dalvikvm( 2220): VFY: unable to resolve virtual method 2477: Landroid/content/Context;.getExternalMediaDirs ()[Ljava/io/File;
D/dalvikvm( 2220): VFY: replacing opcode 0x6e at 0x00a8
I/dalvikvm( 2220): Could not find method android.content.Context.getDrawable, referenced from method jk.a
W/dalvikvm( 2220): VFY: unable to resolve virtual method 2472: Landroid/content/Context;.getDrawable (I)Landroid/graphics/drawable/Drawable;
D/dalvikvm( 2220): VFY: replacing opcode 0x6e at 0x0006
I/dalvikvm( 2220): Could not find method android.content.Context.getNoBackupFilesDir, referenced from method jk.b
W/dalvikvm( 2220): VFY: unable to resolve virtual method 2480: Landroid/content/Context;.getNoBackupFilesDir ()Ljava/io/File;
D/dalvikvm( 2220): VFY: replacing opcode 0x6e at 0x0006
I/dalvikvm( 2220): Could not find method android.os.UserHandle.isOwner, referenced from method nmy.f
W/dalvikvm( 2220): VFY: unable to resolve virtual method 3081: Landroid/os/UserHandle;.isOwner ()Z
D/dalvikvm( 2220): VFY: replacing opcode 0x6e at 0x000a
D/dalvikvm( 2220): DexOpt: couldn't find field Landroid/content/pm/ApplicationInfo;.splitSourceDirs
W/dalvikvm( 2220): VFY: unable to resolve instance field 1475
D/dalvikvm( 2220): VFY: replacing opcode 0x54 at 0x0055
D/dalvikvm( 2220): DexOpt: couldn't find static field Landroid/os/Build;.SUPPORTED_ABIS
W/dalvikvm( 2220): VFY: unable to resolve static field 1540 (SUPPORTED_ABIS) in Landroid/os/Build;
D/dalvikvm( 2220): VFY: replacing opcode 0x62 at 0x00d1
I/dalvikvm( 2220): Could not find method android.system.Os.stat, referenced from method nop.a
W/dalvikvm( 2220): VFY: unable to resolve static method 3146: Landroid/system/Os;.stat (Ljava/lang/String;)Landroid/system/StructStat;
D/dalvikvm( 2220): VFY: replacing opcode 0x71 at 0x0182
I/dalvikvm( 2220): Could not find method android.content.pm.PackageManager.getPackageInstaller, referenced from method men.a
W/dalvikvm( 2220): VFY: unable to resolve virtual method 2608: Landroid/content/pm/PackageManager;.getPackageInstaller ()Landroid/content/pm/PackageInstaller;
D/dalvikvm( 2220): VFY: replacing opcode 0x6e at 0x001c
W/DynamiteModule( 2220): Local module descriptor class for providerinstaller not found.
E/ChimeraCfgMgr( 2220): Failed to read module config: java.io.FileNotFoundException: /data/data/com.google.android.gms/app_chimera/current_config.fb: open failed: ENOENT (No such file or directory)
I/dalvikvm( 2220): Could not find method android.system.Os.readlink, referenced from method bse.a
W/dalvikvm( 2220): VFY: unable to resolve static method 3145: Landroid/system/Os;.readlink (Ljava/lang/String;)Ljava/lang/String;
D/dalvikvm( 2220): VFY: replacing opcode 0x71 at 0x0044
I/dalvikvm( 2220): Could not find method android.system.Os.symlink, referenced from method bse.a
W/dalvikvm( 2220): VFY: unable to resolve static method 3147: Landroid/system/Os;.symlink (Ljava/lang/String;Ljava/lang/String;)V
D/dalvikvm( 2220): VFY: replacing opcode 0x71 at 0x00b0
I/dalvikvm( 2220): Could not find method android.system.Os.stat, referenced from method bse.a
W/dalvikvm( 2220): VFY: unable to resolve static method 3146: Landroid/system/Os;.stat (Ljava/lang/String;)Landroid/system/StructStat;
D/dalvikvm( 2220): VFY: replacing opcode 0x71 at 0x0005
W/dalvikvm( 2220): VFY: unable to resolve static field 1615 (S_IXUSR) in Landroid/system/OsConstants;
D/dalvikvm( 2220): VFY: replacing opcode 0x60 at 0x0007
I/dalvikvm( 2220): Could not find method android.system.Os.stat, referenced from method bse.b
W/dalvikvm( 2220): VFY: unable to resolve static method 3146: Landroid/system/Os;.stat (Ljava/lang/String;)Landroid/system/StructStat;
D/dalvikvm( 2220): VFY: replacing opcode 0x71 at 0x0040
W/dalvikvm( 2220): VFY: unable to resolve static field 1612 (S_IRUSR) in Landroid/system/OsConstants;
D/dalvikvm( 2220): VFY: replacing opcode 0x60 at 0x0007
W/FileUtils( 2220): Failed to set world readable: /data/data/com.google.android.gms/app_chimera/current_config.fb
E/ChimeraCfgMgr( 2220): Failed to read module config: java.io.FileNotFoundException: /data/data/com.google.android.gms/app_chimera/current_config.fb: open failed: ENOENT (No such file or directory)
D/dalvikvm( 2220): DexOpt: couldn't find static field Landroid/os/Build;.SUPPORTED_ABIS
W/dalvikvm( 2220): VFY: unable to resolve static field 1540 (SUPPORTED_ABIS) in Landroid/os/Build;
D/dalvikvm( 2220): VFY: replacing opcode 0x62 at 0x0307
D/dalvikvm( 2220): DexOpt: couldn't find static field Landroid/os/Build;.SUPPORTED_ABIS
W/dalvikvm( 2220): VFY: unable to resolve static field 1540 (SUPPORTED_ABIS) in Landroid/os/Build;
D/dalvikvm( 2220): VFY: replacing opcode 0x62 at 0x06eb
I/dalvikvm( 2220): Could not find method android.content.Context.isCredentialProtectedStorage, referenced from method bry.j
W/dalvikvm( 2220): VFY: unable to resolve virtual method 2490: Landroid/content/Context;.isCredentialProtectedStorage ()Z
D/dalvikvm( 2220): VFY: replacing opcode 0x6e at 0x0087
E/ConfigFileUtils( 2220): Failed to read config file: /data/data/com.google.android.gms/app_chimera/current_fileapks.pb: open failed: ENOENT (No such file or directory)
D/dalvikvm( 2220): GC_FOR_ALLOC freed 430K, 17% free 3244K/3876K, paused 2ms, total 2ms
I/GmsModuleFndr( 2220): Beginning GMS chimera module scan
E/ChimeraCfgMgr( 2220): Failed to read module config: java.io.FileNotFoundException: /data/data/com.google.android.gms/app_chimera/current_config.fb: open failed: ENOENT (No such file or directory)
I/DynamiteModule( 2220): Considering local module com.google.android.gms.googlecertificates:4 and remote module com.google.android.gms.googlecertificates:0
I/DynamiteModule( 2220): Selected local version of com.google.android.gms.googlecertificates
I/dalvikvm( 2220): Could not find method android.app.Notification$Builder.setLocalOnly, referenced from method com.google.android.gms.common.GoogleCertificatesImpl.isGoogleOrPlatformSigned
W/dalvikvm( 2220): VFY: unable to resolve virtual method 2308: Landroid/app/Notification$Builder;.setLocalOnly (Z)Landroid/app/Notification$Builder;
D/dalvikvm( 2220): VFY: replacing opcode 0x6e at 0x00b1
D/dalvikvm( 1792): GC_FOR_ALLOC freed 35K, 29% free 4068K/5672K, paused 2ms, total 2ms
E/ChimeraCfgMgr( 2220): Failed to read module config: java.io.FileNotFoundException: /data/data/com.google.android.gms/app_chimera/current_config.fb: open failed: ENOENT (No such file or directory)
I/dalvikvm( 2220): Could not find method com.google.android.chimera.ContextThemeWrapper.createAttributionContext, referenced from method mnu.createAttributionContext
W/dalvikvm( 2220): VFY: unable to resolve virtual method 13785: Lcom/google/android/chimera/ContextThemeWrapper;.createAttributionContext (Ljava/lang/String;)Landroid/content/Context;
D/dalvikvm( 2220): VFY: replacing opcode 0x6f at 0x0002
I/dalvikvm( 2220): Could not find method android.content.ContextWrapper.createCredentialProtectedStorageContext, referenced from method mnu.createCredentialProtectedStorageContext
W/dalvikvm( 2220): VFY: unable to resolve virtual method 2508: Landroid/content/ContextWrapper;.createCredentialProtectedStorageContext ()Landroid/content/Context;
D/dalvikvm( 2220): VFY: replacing opcode 0x6f at 0x0002
I/dalvikvm( 2220): Could not find method android.content.ContextWrapper.createDeviceProtectedStorageContext, referenced from method mnu.createDeviceProtectedStorageContext
W/dalvikvm( 2220): VFY: unable to resolve virtual method 2509: Landroid/content/ContextWrapper;.createDeviceProtectedStorageContext ()Landroid/content/Context;
D/dalvikvm( 2220): VFY: replacing opcode 0x6f at 0x0002
E/ConfigFileUtils( 2220): Failed to read config file: /data/data/com.google.android.gms/app_chimera/current_fileapks.pb: open failed: ENOENT (No such file or directory)
I/ModuleSetMgr( 2220): Computing pending module set with APKs: []
I/ModuleSetMgr( 2220): Pending container module APKs: []
I/ModuleSetMgr( 2220): Pending non-container module APKs: []
E/ConfigFileUtils( 2220): Failed to read config file: /data/data/com.google.android.gms/app_chimera/current_fileapks.pb: open failed: ENOENT (No such file or directory)
D/dalvikvm( 2220): GC_FOR_ALLOC freed 360K, 15% free 3398K/3960K, paused 1ms, total 1ms
E/ChimeraCfgMgr( 2220): Failed to read module config: java.io.FileNotFoundException: /data/data/com.google.android.gms/app_chimera/current_config.fb: open failed: ENOENT (No such file or directory)
W/IntentOperation( 2220): Failed to get Chimera config:com.google.android.chimera.config.InvalidConfigException: java.io.FileNotFoundException: /data/data/com.google.android.gms/app_chimera/current_config.fb: open failed: ENOENT (No such file or directory)
D/dalvikvm( 2220): GC_FOR_ALLOC freed 32K, 15% free 3386K/3960K, paused 2ms, total 2ms
I/dalvikvm-heap( 2220): Grow heap (frag case) to 3.720MB for 228601-byte allocation
D/dalvikvm( 2220): GC_FOR_ALLOC freed <1K, 14% free 3609K/4184K, paused 2ms, total 2ms
D/dalvikvm( 1792): GC_FOR_ALLOC freed 275K, 25% free 4305K/5672K, paused 2ms, total 2ms
D/dalvikvm( 2220): GC_FOR_ALLOC freed 26K, 6% free 4093K/4324K, paused 2ms, total 2ms
D/dalvikvm( 1792): GC_FOR_ALLOC freed 363K, 22% free 4454K/5672K, paused 2ms, total 2ms
D/dalvikvm( 2220): GC_FOR_ALLOC freed 274K, 10% free 4330K/4808K, paused 2ms, total 2ms
D/dalvikvm( 2220): GC_FOR_ALLOC freed 363K, 12% free 4479K/5044K, paused 2ms, total 2ms
D/dalvikvm( 1792): GC_FOR_ALLOC freed 588K, 23% free 4377K/5672K, paused 3ms, total 3ms
D/dalvikvm( 2220): GC_FOR_ALLOC freed 587K, 16% free 4404K/5196K, paused 3ms, total 3ms
D/dalvikvm( 1792): GC_FOR_ALLOC freed 475K, 23% free 4414K/5672K, paused 2ms, total 2ms
D/dalvikvm( 2220): GC_FOR_ALLOC freed 476K, 15% free 4440K/5196K, paused 3ms, total 3ms
D/dalvikvm( 1792): GC_FOR_ALLOC freed 477K, 22% free 4449K/5672K, paused 2ms, total 2ms
D/dalvikvm( 2220): GC_FOR_ALLOC freed 478K, 14% free 4473K/5196K, paused 2ms, total 2ms
D/dalvikvm( 2220): GC_FOR_ALLOC freed 350K, 14% free 4492K/5196K, paused 3ms, total 3ms
D/dalvikvm( 1792): GC_FOR_ALLOC freed 480K, 22% free 4480K/5672K, paused 2ms, total 2ms
D/dalvikvm( 2220): GC_FOR_ALLOC freed 349K, 14% free 4512K/5208K, paused 2ms, total 2ms
D/dalvikvm( 1792): GC_FOR_ALLOC freed 495K, 21% free 4496K/5672K, paused 2ms, total 2ms
D/dalvikvm( 2220): GC_FOR_ALLOC freed 988K, 23% free 4037K/5228K, paused 2ms, total 2ms
D/dalvikvm( 2220): GC_FOR_ALLOC freed 1K, 23% free 4038K/5228K, paused 1ms, total 1ms
I/dalvikvm-heap( 2220): Grow heap (frag case) to 4.408MB for 281612-byte allocation
D/dalvikvm( 2220): GC_FOR_ALLOC freed 0K, 22% free 4313K/5504K, paused 2ms, total 2ms
D/dalvikvm( 1792): GC_FOR_ALLOC freed 718K, 30% free 4012K/5672K, paused 2ms, total 2ms
I/dalvikvm-heap( 1792): Grow heap (frag case) to 4.378MB for 281612-byte allocation
D/dalvikvm( 1792): GC_FOR_ALLOC freed 0K, 28% free 4287K/5948K, paused 2ms, total 2ms
I/ChimeraCfgMgr( 2220): Updating module config: <no config> -> container:2024149000700
E/ConfigFileUtils( 2220): Failed to read config file: /data/data/com.google.android.gms/app_chimera/current_modules_init.pb: open failed: ENOENT (No such file or directory)
I/ChimeraCfgMgr( 1792): Updating module config: <no config> -> container:2024149000700
D/dalvikvm( 1792): DexOpt: couldn't find static field Landroid/os/Build;.SUPPORTED_64_BIT_ABIS
W/dalvikvm( 1792): VFY: unable to resolve static field 1539 (SUPPORTED_64_BIT_ABIS) in Landroid/os/Build;
D/dalvikvm( 1792): VFY: replacing opcode 0x62 at 0x0214
I/ChimeraCfgMgr( 2220): Sending com.google.android.chimera.IntentOperation.NEW_MODULE Intents: 1,true,true
I/ChmraDebugLogger( 2220): [46] 
D/dalvikvm( 2220): DexOpt: couldn't find static field Landroid/os/Build;.SUPPORTED_64_BIT_ABIS
W/dalvikvm( 2220): VFY: unable to resolve static field 1539 (SUPPORTED_64_BIT_ABIS) in Landroid/os/Build;
D/dalvikvm( 2220): VFY: replacing opcode 0x62 at 0x0214
W/ProviderHelper( 1792): Unknown dynamite feature providerinstaller
I/DynamiteModule( 1792): Considering local module providerinstaller:0 and remote module providerinstaller:0
W/ProviderInstaller( 1792): Failed to load providerinstaller module: No acceptable module found. Local version is 0 and remote version is 0.
I/dalvikvm( 1792): Could not find method android.content.ContextWrapper.createCredentialProtectedStorageContext, referenced from method nfr.createCredentialProtectedStorageContext
W/dalvikvm( 1792): VFY: unable to resolve virtual method 2508: Landroid/content/ContextWrapper;.createCredentialProtectedStorageContext ()Landroid/content/Context;
D/dalvikvm( 1792): VFY: replacing opcode 0x6f at 0x0002
I/dalvikvm( 1792): Could not find method android.content.ContextWrapper.createDeviceProtectedStorageContext, referenced from method nfr.createDeviceProtectedStorageContext
W/dalvikvm( 1792): VFY: unable to resolve virtual method 2509: Landroid/content/ContextWrapper;.createDeviceProtectedStorageContext ()Landroid/content/Context;
D/dalvikvm( 1792): VFY: replacing opcode 0x6f at 0x0002
W/ProviderHelper( 2220): Unknown dynamite feature providerinstaller
I/DynamiteModule( 2220): Considering local module providerinstaller:0 and remote module providerinstaller:0
W/ProviderInstaller( 2220): Failed to load providerinstaller module: No acceptable module found. Local version is 0 and remote version is 0.
I/dalvikvm( 2220): Could not find method android.content.ContextWrapper.createCredentialProtectedStorageContext, referenced from method nfr.createCredentialProtectedStorageContext
W/dalvikvm( 2220): VFY: unable to resolve virtual method 2508: Landroid/content/ContextWrapper;.createCredentialProtectedStorageContext ()Landroid/content/Context;
D/dalvikvm( 2220): VFY: replacing opcode 0x6f at 0x0002
I/dalvikvm( 2220): Could not find method android.content.ContextWrapper.createDeviceProtectedStorageContext, referenced from method nfr.createDeviceProtectedStorageContext
W/dalvikvm( 2220): VFY: unable to resolve virtual method 2509: Landroid/content/ContextWrapper;.createDeviceProtectedStorageContext ()Landroid/content/Context;
D/dalvikvm( 2220): VFY: replacing opcode 0x6f at 0x0002
D/dalvikvm( 2220): DexOpt: couldn't find static field Landroid/os/Build;.SUPPORTED_64_BIT_ABIS
D/dalvikvm( 1792): DexOpt: couldn't find static field Landroid/os/Build;.SUPPORTED_64_BIT_ABIS
W/dalvikvm( 1792): VFY: unable to resolve static field 1539 (SUPPORTED_64_BIT_ABIS) in Landroid/os/Build;
D/dalvikvm( 1792): VFY: replacing opcode 0x62 at 0x0080
D/dalvikvm( 1792): DexOpt: couldn't find static field Landroid/os/Build;.SUPPORTED_ABIS
W/dalvikvm( 1792): VFY: unable to resolve static field 1540 (SUPPORTED_ABIS) in Landroid/os/Build;
D/dalvikvm( 1792): VFY: replacing opcode 0x62 at 0x00d3
W/dalvikvm( 2220): VFY: unable to resolve static field 1539 (SUPPORTED_64_BIT_ABIS) in Landroid/os/Build;
D/dalvikvm( 2220): VFY: replacing opcode 0x62 at 0x0080
D/dalvikvm( 2220): DexOpt: couldn't find static field Landroid/os/Build;.SUPPORTED_ABIS
W/dalvikvm( 2220): VFY: unable to resolve static field 1540 (SUPPORTED_ABIS) in Landroid/os/Build;
D/dalvikvm( 2220): VFY: replacing opcode 0x62 at 0x00d3
V/NativeCrypto( 1792): Registering com/google/android/gms/org/conscrypt/NativeCrypto's 286 native methods...
V/NativeCrypto( 2220): Registering com/google/android/gms/org/conscrypt/NativeCrypto's 286 native methods...
W/dalvikvm( 1792): Unable to resolve superclass of Lcom/google/android/gms/org/conscrypt/TrustManagerImpl; (5184)
W/dalvikvm( 1792): Link of class 'Lcom/google/android/gms/org/conscrypt/TrustManagerImpl;' failed
W/dalvikvm( 2220): Unable to resolve superclass of Lcom/google/android/gms/org/conscrypt/TrustManagerImpl; (5184)
W/dalvikvm( 2220): Link of class 'Lcom/google/android/gms/org/conscrypt/TrustManagerImpl;' failed
I/dalvikvm( 1792): Could not find method com.google.android.gms.org.conscrypt.TrustManagerImpl.getDefaultHostnameVerifier, referenced from method com.google.android.gms.org.conscrypt.Conscrypt.getDefaultHostnameVerifier
W/dalvikvm( 1792): VFY: unable to resolve static method 17870: Lcom/google/android/gms/org/conscrypt/TrustManagerImpl;.getDefaultHostnameVerifier ()Lcom/google/android/gms/org/conscrypt/ConscryptHostnameVerifier;
D/dalvikvm( 1792): VFY: replacing opcode 0x71 at 0x0003
I/dalvikvm( 2220): Could not find method com.google.android.gms.org.conscrypt.TrustManagerImpl.getDefaultHostnameVerifier, referenced from method com.google.android.gms.org.conscrypt.Conscrypt.getDefaultHostnameVerifier
W/dalvikvm( 2220): VFY: unable to resolve static method 17870: Lcom/google/android/gms/org/conscrypt/TrustManagerImpl;.getDefaultHostnameVerifier ()Lcom/google/android/gms/org/conscrypt/ConscryptHostnameVerifier;
W/dalvikvm( 1792): Unable to resolve superclass of Lcom/google/android/gms/org/conscrypt/TrustManagerImpl; (5184)
W/dalvikvm( 1792): Link of class 'Lcom/google/android/gms/org/conscrypt/TrustManagerImpl;' failed
D/dalvikvm( 2220): VFY: replacing opcode 0x71 at 0x0003
W/dalvikvm( 1792): VFY: unable to find class referenced in signature (Lcom/google/android/gms/org/conscrypt/TrustManagerImpl;)
W/dalvikvm( 1792): Unable to resolve superclass of Lcom/google/android/gms/org/conscrypt/TrustManagerImpl; (5184)
W/dalvikvm( 1792): Link of class 'Lcom/google/android/gms/org/conscrypt/TrustManagerImpl;' failed
I/dalvikvm( 1792): Could not find method com.google.android.gms.org.conscrypt.TrustManagerImpl.getHostnameVerifier, referenced from method com.google.android.gms.org.conscrypt.Conscrypt.getHostnameVerifier
W/dalvikvm( 1792): VFY: unable to resolve virtual method 17872: Lcom/google/android/gms/org/conscrypt/TrustManagerImpl;.getHostnameVerifier ()Lcom/google/android/gms/org/conscrypt/ConscryptHostnameVerifier;
D/dalvikvm( 1792): VFY: replacing opcode 0x6e at 0x0004
W/dalvikvm( 1792): Unable to resolve superclass of Lcom/google/android/gms/org/conscrypt/TrustManagerImpl; (5184)
W/dalvikvm( 1792): Link of class 'Lcom/google/android/gms/org/conscrypt/TrustManagerImpl;' failed
E/dalvikvm( 1792): Could not find class 'com.google.android.gms.org.conscrypt.TrustManagerImpl', referenced from method com.google.android.gms.org.conscrypt.Conscrypt.isConscrypt
W/dalvikvm( 1792): VFY: unable to resolve instanceof 4452 (Lcom/google/android/gms/org/conscrypt/TrustManagerImpl;) in Lcom/google/android/gms/org/conscrypt/Conscrypt;
D/dalvikvm( 1792): VFY: replacing opcode 0x20 at 0x0000
W/dalvikvm( 1792): Unable to resolve superclass of Lcom/google/android/gms/org/conscrypt/TrustManagerImpl; (5184)
W/dalvikvm( 1792): Link of class 'Lcom/google/android/gms/org/conscrypt/TrustManagerImpl;' failed
I/dalvikvm( 1792): Could not find method com.google.android.gms.org.conscrypt.TrustManagerImpl.setDefaultHostnameVerifier, referenced from method com.google.android.gms.org.conscrypt.Conscrypt.setDefaultHostnameVerifier
W/dalvikvm( 1792): VFY: unable to resolve static method 17882: Lcom/google/android/gms/org/conscrypt/TrustManagerImpl;.setDefaultHostnameVerifier (Lcom/google/android/gms/org/conscrypt/ConscryptHostnameVerifier;)V
D/dalvikvm( 1792): VFY: replacing opcode 0x71 at 0x0003
W/dalvikvm( 1792): Unable to resolve superclass of Lcom/google/android/gms/org/conscrypt/TrustManagerImpl; (5184)
W/dalvikvm( 1792): Link of class 'Lcom/google/android/gms/org/conscrypt/TrustManagerImpl;' failed
W/dalvikvm( 1792): VFY: unable to find class referenced in signature (Lcom/google/android/gms/org/conscrypt/TrustManagerImpl;)
W/dalvikvm( 1792): Unable to resolve superclass of Lcom/google/android/gms/org/conscrypt/TrustManagerImpl; (5184)
W/dalvikvm( 1792): Link of class 'Lcom/google/android/gms/org/conscrypt/TrustManagerImpl;' failed
I/dalvikvm( 1792): Could not find method com.google.android.gms.org.conscrypt.TrustManagerImpl.setHostnameVerifier, referenced from method com.google.android.gms.org.conscrypt.Conscrypt.setHostnameVerifier
W/dalvikvm( 1792): VFY: unable to resolve virtual method 17883: Lcom/google/android/gms/org/conscrypt/TrustManagerImpl;.setHostnameVerifier (Lcom/google/android/gms/org/conscrypt/ConscryptHostnameVerifier;)V
D/dalvikvm( 1792): VFY: replacing opcode 0x6e at 0x0004
D/dalvikvm( 2220): GC_FOR_ALLOC freed 1275K, 36% free 3550K/5504K, paused 7ms, total 8ms
W/dalvikvm( 2220): Unable to resolve superclass of Lcom/google/android/gms/org/conscrypt/TrustManagerImpl; (5184)
W/dalvikvm( 2220): Link of class 'Lcom/google/android/gms/org/conscrypt/TrustManagerImpl;' failed
W/dalvikvm( 2220): VFY: unable to find class referenced in signature (Lcom/google/android/gms/org/conscrypt/TrustManagerImpl;)
W/dalvikvm( 2220): Unable to resolve superclass of Lcom/google/android/gms/org/conscrypt/TrustManagerImpl; (5184)
W/dalvikvm( 2220): Link of class 'Lcom/google/android/gms/org/conscrypt/TrustManagerImpl;' failed
I/dalvikvm( 2220): Could not find method com.google.android.gms.org.conscrypt.TrustManagerImpl.getHostnameVerifier, referenced from method com.google.android.gms.org.conscrypt.Conscrypt.getHostnameVerifier
W/dalvikvm( 2220): VFY: unable to resolve virtual method 17872: Lcom/google/android/gms/org/conscrypt/TrustManagerImpl;.getHostnameVerifier ()Lcom/google/android/gms/org/conscrypt/ConscryptHostnameVerifier;
D/dalvikvm( 2220): VFY: replacing opcode 0x6e at 0x0004
D/dalvikvm( 1792): GC_FOR_ALLOC freed 1394K, 43% free 3404K/5948K, paused 3ms, total 3ms
W/dalvikvm( 1792): Unable to resolve superclass of Lcom/google/android/gms/org/conscrypt/TrustManagerImpl; (5184)
W/dalvikvm( 1792): Link of class 'Lcom/google/android/gms/org/conscrypt/TrustManagerImpl;' failed
E/dalvikvm( 1792): Could not find class 'com.google.android.gms.org.conscrypt.TrustManagerImpl', referenced from method com.google.android.gms.org.conscrypt.Conscrypt.toConscrypt
W/dalvikvm( 1792): VFY: unable to resolve check-cast 4452 (Lcom/google/android/gms/org/conscrypt/TrustManagerImpl;) in Lcom/google/android/gms/org/conscrypt/Conscrypt;
D/dalvikvm( 1792): VFY: replacing opcode 0x1f at 0x002a
W/dalvikvm( 2220): Unable to resolve superclass of Lcom/google/android/gms/org/conscrypt/TrustManagerImpl; (5184)
W/dalvikvm( 2220): Link of class 'Lcom/google/android/gms/org/conscrypt/TrustManagerImpl;' failed
E/dalvikvm( 2220): Could not find class 'com.google.android.gms.org.conscrypt.TrustManagerImpl', referenced from method com.google.android.gms.org.conscrypt.Conscrypt.isConscrypt
W/dalvikvm( 2220): VFY: unable to resolve instanceof 4452 (Lcom/google/android/gms/org/conscrypt/TrustManagerImpl;) in Lcom/google/android/gms/org/conscrypt/Conscrypt;
D/dalvikvm( 2220): VFY: replacing opcode 0x20 at 0x0000
W/dalvikvm( 2220): Unable to resolve superclass of Lcom/google/android/gms/org/conscrypt/TrustManagerImpl; (5184)
W/dalvikvm( 2220): Link of class 'Lcom/google/android/gms/org/conscrypt/TrustManagerImpl;' failed
I/dalvikvm( 2220): Could not find method com.google.android.gms.org.conscrypt.TrustManagerImpl.setDefaultHostnameVerifier, referenced from method com.google.android.gms.org.conscrypt.Conscrypt.setDefaultHostnameVerifier
W/dalvikvm( 2220): VFY: unable to resolve static method 17882: Lcom/google/android/gms/org/conscrypt/TrustManagerImpl;.setDefaultHostnameVerifier (Lcom/google/android/gms/org/conscrypt/ConscryptHostnameVerifier;)V
D/dalvikvm( 2220): VFY: replacing opcode 0x71 at 0x0003
W/dalvikvm( 2220): Unable to resolve superclass of Lcom/google/android/gms/org/conscrypt/TrustManagerImpl; (5184)
W/dalvikvm( 2220): Link of class 'Lcom/google/android/gms/org/conscrypt/TrustManagerImpl;' failed
W/dalvikvm( 2220): VFY: unable to find class referenced in signature (Lcom/google/android/gms/org/conscrypt/TrustManagerImpl;)
W/dalvikvm( 2220): Unable to resolve superclass of Lcom/google/android/gms/org/conscrypt/TrustManagerImpl; (5184)
W/dalvikvm( 2220): Link of class 'Lcom/google/android/gms/org/conscrypt/TrustManagerImpl;' failed
I/dalvikvm( 2220): Could not find method com.google.android.gms.org.conscrypt.TrustManagerImpl.setHostnameVerifier, referenced from method com.google.android.gms.org.conscrypt.Conscrypt.setHostnameVerifier
W/dalvikvm( 2220): VFY: unable to resolve virtual method 17883: Lcom/google/android/gms/org/conscrypt/TrustManagerImpl;.setHostnameVerifier (Lcom/google/android/gms/org/conscrypt/ConscryptHostnameVerifier;)V
D/dalvikvm( 2220): VFY: replacing opcode 0x6e at 0x0004
W/dalvikvm( 2220): Unable to resolve superclass of Lcom/google/android/gms/org/conscrypt/TrustManagerImpl; (5184)
W/dalvikvm( 2220): Link of class 'Lcom/google/android/gms/org/conscrypt/TrustManagerImpl;' failed
E/dalvikvm( 2220): Could not find class 'com.google.android.gms.org.conscrypt.TrustManagerImpl', referenced from method com.google.android.gms.org.conscrypt.Conscrypt.toConscrypt
W/dalvikvm( 2220): VFY: unable to resolve check-cast 4452 (Lcom/google/android/gms/org/conscrypt/TrustManagerImpl;) in Lcom/google/android/gms/org/conscrypt/Conscrypt;
D/dalvikvm( 2220): VFY: replacing opcode 0x1f at 0x002a
D/dalvikvm( 2220): GC_FOR_ALLOC freed 384K, 34% free 3677K/5504K, paused 3ms, total 3ms
D/dalvikvm( 1792): GC_FOR_ALLOC freed 173K, 38% free 3743K/5948K, paused 2ms, total 2ms
D/dalvikvm( 2220): GC_FOR_ALLOC freed 141K, 27% free 4047K/5504K, paused 3ms, total 3ms
D/dalvikvm( 1792): GC_FOR_ALLOC freed 143K, 31% free 4112K/5948K, paused 3ms, total 3ms
D/dalvikvm( 2220): GC_FOR_ALLOC freed 139K, 20% free 4420K/5504K, paused 3ms, total 3ms
D/dalvikvm( 1792): GC_FOR_ALLOC freed 133K, 25% free 4490K/5948K, paused 1ms, total 1ms
D/dalvikvm( 2220): GC_FOR_ALLOC freed 130K, 13% free 4789K/5504K, paused 3ms, total 3ms
E/dalvikvm( 2220): Could not find class 'javax.net.ssl.SNIServerName', referenced from method com.google.android.gms.org.conscrypt.Platform.getSniHostnameFromParams
W/dalvikvm( 2220): VFY: unable to resolve check-cast 5160 (Ljavax/net/ssl/SNIServerName;) in Lcom/google/android/gms/org/conscrypt/Platform;
D/dalvikvm( 2220): VFY: replacing opcode 0x1f at 0x0025
E/dalvikvm( 2220): Could not find class 'javax.net.ssl.SNIHostName', referenced from method com.google.android.gms.org.conscrypt.Platform.setParametersSniHostname
W/dalvikvm( 2220): VFY: unable to resolve new-instance 5159 (Ljavax/net/ssl/SNIHostName;) in Lcom/google/android/gms/org/conscrypt/Platform;
D/dalvikvm( 2220): VFY: replacing opcode 0x22 at 0x0024
E/dalvikvm( 2220): Could not find class 'javax.net.ssl.SNIHostName', referenced from method com.google.android.gms.org.conscrypt.Platform.setParametersSniHostname
W/dalvikvm( 2220): VFY: unable to resolve new-instance 5159 (Ljavax/net/ssl/SNIHostName;) in Lcom/google/android/gms/org/conscrypt/Platform;
D/dalvikvm( 2220): VFY: replacing opcode 0x22 at 0x0024
D/dalvikvm( 1792): GC_FOR_ALLOC freed 147K, 19% free 4855K/5948K, paused 3ms, total 3ms
D/dalvikvm( 2220): GC_FOR_ALLOC freed 232K, 10% free 5073K/5592K, paused 3ms, total 3ms
D/dalvikvm( 2220): DexOpt: unable to opt direct call 0x52f9 at 0x2a in Lcom/google/android/gms/org/conscrypt/Platform;.setParametersSniHostname
D/dalvikvm( 2220): DexOpt: unable to opt direct call 0x52f9 at 0x2a in Lcom/google/android/gms/org/conscrypt/Platform;.setParametersSniHostname
E/dalvikvm( 1792): Could not find class 'javax.net.ssl.SNIServerName', referenced from method com.google.android.gms.org.conscrypt.Platform.getSniHostnameFromParams
W/dalvikvm( 1792): VFY: unable to resolve check-cast 5160 (Ljavax/net/ssl/SNIServerName;) in Lcom/google/android/gms/org/conscrypt/Platform;
D/dalvikvm( 1792): VFY: replacing opcode 0x1f at 0x0025
E/dalvikvm( 1792): Could not find class 'javax.net.ssl.SNIHostName', referenced from method com.google.android.gms.org.conscrypt.Platform.setParametersSniHostname
W/dalvikvm( 1792): VFY: unable to resolve new-instance 5159 (Ljavax/net/ssl/SNIHostName;) in Lcom/google/android/gms/org/conscrypt/Platform;
D/dalvikvm( 1792): VFY: replacing opcode 0x22 at 0x0024
E/dalvikvm( 1792): Could not find class 'javax.net.ssl.SNIHostName', referenced from method com.google.android.gms.org.conscrypt.Platform.setParametersSniHostname
W/dalvikvm( 1792): VFY: unable to resolve new-instance 5159 (Ljavax/net/ssl/SNIHostName;) in Lcom/google/android/gms/org/conscrypt/Platform;
D/dalvikvm( 1792): VFY: replacing opcode 0x22 at 0x0024
D/dalvikvm( 1792): DexOpt: unable to opt direct call 0x52f9 at 0x2a in Lcom/google/android/gms/org/conscrypt/Platform;.setParametersSniHostname
D/dalvikvm( 1792): DexOpt: unable to opt direct call 0x52f9 at 0x2a in Lcom/google/android/gms/org/conscrypt/Platform;.setParametersSniHostname
D/dalvikvm( 1792): GC_FOR_ALLOC freed 426K, 16% free 5051K/5948K, paused 3ms, total 3ms
I/ProviderInstaller( 2220): Installed default security provider GmsCore_OpenSSL
I/Safeboot( 2220): Checking safeboot...
I/Safeboot( 2220): Not entering safeboot; wrong process.
D/dalvikvm( 2220): GC_FOR_ALLOC freed 434K, 12% free 5284K/5972K, paused 3ms, total 3ms
E/dalvikvm( 2220): Could not find class 'com.google.common.flogger.backend.google.GooglePlatform', referenced from method beui.a
W/dalvikvm( 2220): VFY: unable to resolve const-class 4605 (Lcom/google/common/flogger/backend/google/GooglePlatform;) in Lbeui;
D/dalvikvm( 2220): VFY: replacing opcode 0x1c at 0x001b
I/ProviderInstaller( 1792): Installed default security provider GmsCore_OpenSSL
D/dalvikvm( 1816): GC_EXPLICIT freed 458K, 18% free 3196K/3852K, paused 1ms+1ms, total 3ms
I/Safeboot( 1792): Checking safeboot...
I/Safeboot Condition( 1792): No need to enter Safeboot.
E/dalvikvm( 1792): Could not find class 'com.google.common.flogger.backend.google.GooglePlatform', referenced from method beui.a
W/dalvikvm( 1792): VFY: unable to resolve const-class 4605 (Lcom/google/common/flogger/backend/google/GooglePlatform;) in Lbeui;
D/dalvikvm( 1792): VFY: replacing opcode 0x1c at 0x001b
I/auxu    ( 2220): Primes not initialized, returning default (no-op) Primes instance which will ignore all calls. Please call Primes.initialize(...) before using any Primes API.
D/dalvikvm( 2220): GC_FOR_ALLOC freed 303K, 9% free 5690K/6252K, paused 4ms, total 4ms
I/DeviceDrDatabaseHelper( 1792): Creating databases!
I/dalvikvm( 2220): Could not find method android.content.Context.bindService, referenced from method uws.bindService
W/dalvikvm( 2220): VFY: unable to resolve virtual method 2453: Landroid/content/Context;.bindService (Landroid/content/Intent;ILjava/util/concurrent/Executor;Landroid/content/ServiceConnection;)Z
D/dalvikvm( 2220): VFY: replacing opcode 0x6e at 0x0018
I/dalvikvm( 2220): Could not find method android.content.Context.bindService, referenced from method uws.bindService
W/dalvikvm( 2220): VFY: unable to resolve virtual method 2453: Landroid/content/Context;.bindService (Landroid/content/Intent;ILjava/util/concurrent/Executor;Landroid/content/ServiceConnection;)Z
D/dalvikvm( 2220): VFY: replacing opcode 0x6e at 0x0030
I/dalvikvm( 2220): Could not find method android.content.Context.startForegroundService, referenced from method uws.startForegroundService
W/dalvikvm( 2220): VFY: unable to resolve virtual method 2501: Landroid/content/Context;.startForegroundService (Landroid/content/Intent;)Landroid/content/ComponentName;
D/dalvikvm( 2220): VFY: replacing opcode 0x6e at 0x001c
I/dalvikvm( 2220): Could not find method android.content.Context.startForegroundService, referenced from method uws.startForegroundService
W/dalvikvm( 2220): VFY: unable to resolve virtual method 2501: Landroid/content/Context;.startForegroundService (Landroid/content/Intent;)Landroid/content/ComponentName;
D/dalvikvm( 2220): VFY: replacing opcode 0x6e at 0x0028
I/dalvikvm( 2220): Could not find method android.os.PowerManager.isPowerSaveMode, referenced from method uwl.a
W/dalvikvm( 2220): VFY: unable to resolve virtual method 3047: Landroid/os/PowerManager;.isPowerSaveMode ()Z
D/dalvikvm( 2220): VFY: replacing opcode 0x6e at 0x0010
I/auxu    ( 1792): Primes not initialized, returning default (no-op) Primes instance which will ignore all calls. Please call Primes.initialize(...) before using any Primes API.
I/dalvikvm( 1792): Could not find method android.content.Context.bindService, referenced from method uws.bindService
W/dalvikvm( 1792): VFY: unable to resolve virtual method 2453: Landroid/content/Context;.bindService (Landroid/content/Intent;ILjava/util/concurrent/Executor;Landroid/content/ServiceConnection;)Z
D/dalvikvm( 1792): VFY: replacing opcode 0x6e at 0x0018
I/dalvikvm( 1792): Could not find method android.content.Context.bindService, referenced from method uws.bindService
W/dalvikvm( 1792): VFY: unable to resolve virtual method 2453: Landroid/content/Context;.bindService (Landroid/content/Intent;ILjava/util/concurrent/Executor;Landroid/content/ServiceConnection;)Z
D/dalvikvm( 1792): VFY: replacing opcode 0x6e at 0x0030
I/dalvikvm( 1792): Could not find method android.content.Context.startForegroundService, referenced from method uws.startForegroundService
W/dalvikvm( 1792): VFY: unable to resolve virtual method 2501: Landroid/content/Context;.startForegroundService (Landroid/content/Intent;)Landroid/content/ComponentName;
D/dalvikvm( 1792): VFY: replacing opcode 0x6e at 0x001c
I/dalvikvm( 1792): Could not find method android.content.Context.startForegroundService, referenced from method uws.startForegroundService
W/dalvikvm( 1792): VFY: unable to resolve virtual method 2501: Landroid/content/Context;.startForegroundService (Landroid/content/Intent;)Landroid/content/ComponentName;
D/dalvikvm( 1792): VFY: replacing opcode 0x6e at 0x0028
I/dalvikvm( 1792): Could not find method android.os.PowerManager.isPowerSaveMode, referenced from method uwl.a
W/dalvikvm( 1792): VFY: unable to resolve virtual method 3047: Landroid/os/PowerManager;.isPowerSaveMode ()Z
D/dalvikvm( 1792): VFY: replacing opcode 0x6e at 0x0010
D/dalvikvm( 1792): GC_FOR_ALLOC freed 403K, 11% free 5333K/5948K, paused 6ms, total 6ms
D/dalvikvm( 2220): GC_FOR_ALLOC freed 249K, 9% free 6240K/6796K, paused 4ms, total 4ms
I/dalvikvm( 1792): Could not find method android.os.PowerManager.isPowerSaveMode, referenced from method ayli.c
W/dalvikvm( 1792): VFY: unable to resolve virtual method 1679: Landroid/os/PowerManager;.isPowerSaveMode ()Z
D/dalvikvm( 1792): VFY: replacing opcode 0x6e at 0x000a
E/dalvikvm( 1792): Could not find class 'android.content.RestrictionsManager', referenced from method axpy.a
W/dalvikvm( 1792): VFY: unable to resolve check-cast 215 (Landroid/content/RestrictionsManager;) in Laxpy;
D/dalvikvm( 1792): VFY: replacing opcode 0x1f at 0x009b
D/dalvikvm( 1816): GC_FOR_ALLOC freed 494K, 20% free 3212K/3972K, paused 2ms, total 2ms
D/dalvikvm( 2220): GC_FOR_ALLOC freed 262K, 9% free 6924K/7528K, paused 5ms, total 5ms
D/dalvikvm( 1792): GC_FOR_ALLOC freed 611K, 14% free 5478K/6312K, paused 6ms, total 6ms
I/NativeLibraryUtils( 2220): Extraction to /data/data/com.google.android.gms/app_extracted_libs/x86/libAppDataSearch.so true
E/SQLiteLog( 1792): (1) no such table: Packages
I/NativeLibraryUtils( 2220): Extraction to /data/data/com.google.android.gms/app_extracted_libs/x86/libWhisper.so true
D/dalvikvm( 1571): GC_FOR_ALLOC freed 1037K, 52% free 7248K/14832K, paused 11ms, total 12ms
I/NativeLibraryUtils( 2220): Extraction to /data/data/com.google.android.gms/app_extracted_libs/x86/libconscrypt_gmscore_jni.so true
E/ConfigFileUtils( 2220): Failed to read config file: /data/data/com.google.android.gms/app_chimera/current_fileapks.pb: open failed: ENOENT (No such file or directory)
I/GmsModuleFndr( 2220): Beginning GMS chimera module scan
I/NativeLibraryUtils( 2220): Extraction to /data/data/com.google.android.gms/app_extracted_libs/x86/libgcastv2_base.so true
D/dalvikvm( 1792): GC_FOR_ALLOC freed 830K, 17% free 5463K/6508K, paused 6ms, total 6ms
I/dalvikvm( 1792): Could not find method android.content.ServiceConnection.onNullBinding, referenced from method uxb.onNullBinding
W/dalvikvm( 1792): VFY: unable to resolve interface method 2566: Landroid/content/ServiceConnection;.onNullBinding (Landroid/content/ComponentName;)V
D/dalvikvm( 1792): VFY: replacing opcode 0x72 at 0x000f
E/ConfigFileUtils( 2220): Failed to read config file: /data/data/com.google.android.gms/app_chimera/current_fileapks.pb: open failed: ENOENT (No such file or directory)
I/ModuleSetMgr( 2220): Computing pending module set with APKs: []
I/ModuleSetMgr( 2220): Pending container module APKs: []
I/ModuleSetMgr( 2220): Pending non-container module APKs: []
E/ConfigFileUtils( 2220): Failed to read config file: /data/data/com.google.android.gms/app_chimera/current_fileapks.pb: open failed: ENOENT (No such file or directory)
I/NativeLibraryUtils( 2220): Extraction to /data/data/com.google.android.gms/app_extracted_libs/x86/libgcastv2_support.so true
E/ConfigFileUtils( 2220): Failed to read config file: /data/data/com.google.android.gms/app_chimera/current_fileapks.pb: open failed: ENOENT (No such file or directory)
I/GmsModuleFndr( 2220): Beginning GMS chimera module scan
E/ConfigFileUtils( 2220): Failed to read config file: /data/data/com.google.android.gms/app_chimera/current_fileapks.pb: open failed: ENOENT (No such file or directory)
I/ModuleSetMgr( 2220): Computing pending module set with APKs: []
I/ModuleSetMgr( 2220): Pending container module APKs: []
I/ModuleSetMgr( 2220): Pending non-container module APKs: []
E/ConfigFileUtils( 2220): Failed to read config file: /data/data/com.google.android.gms/app_chimera/current_fileapks.pb: open failed: ENOENT (No such file or directory)
E/ConfigFileUtils( 2220): Failed to read config file: /data/data/com.google.android.gms/app_chimera/current_fileapks.pb: open failed: ENOENT (No such file or directory)
I/GmsModuleFndr( 2220): Beginning GMS chimera module scan
E/ConfigFileUtils( 2220): Failed to read config file: /data/data/com.google.android.gms/app_chimera/current_fileapks.pb: open failed: ENOENT (No such file or directory)
I/ModuleSetMgr( 2220): Computing pending module set with APKs: []
I/ModuleSetMgr( 2220): Pending container module APKs: []
I/ModuleSetMgr( 2220): Pending non-container module APKs: []
E/ConfigFileUtils( 2220): Failed to read config file: /data/data/com.google.android.gms/app_chimera/current_fileapks.pb: open failed: ENOENT (No such file or directory)
I/dalvikvm( 2220): Could not find method android.accounts.AccountManager.removeAccount, referenced from method ymq.c
W/dalvikvm( 2220): VFY: unable to resolve virtual method 4165: Landroid/accounts/AccountManager;.removeAccount (Landroid/accounts/Account;Landroid/app/Activity;Landroid/accounts/AccountManagerCallback;Landroid/os/Handler;)Landroid/accounts/AccountManagerFuture;
D/dalvikvm( 2220): VFY: replacing opcode 0x6e at 0x0009
I/dalvikvm( 2220): Could not find method android.accounts.AccountManager.removeAccountExplicitly, referenced from method ymq.d
W/dalvikvm( 2220): VFY: unable to resolve virtual method 4166: Landroid/accounts/AccountManager;.removeAccountExplicitly (Landroid/accounts/Account;)Z
D/dalvikvm( 2220): VFY: replacing opcode 0x6e at 0x0008
I/NativeLibraryUtils( 2220): Extraction to /data/data/com.google.android.gms/app_extracted_libs/x86/libgmscore.so true
D/dalvikvm( 1571): GC_FOR_ALLOC freed 949K, 51% free 7367K/14832K, paused 9ms, total 9ms
D/dalvikvm( 1792): GC_FOR_ALLOC freed 691K, 14% free 5598K/6508K, paused 13ms, total 13ms
I/NativeLibraryUtils( 2220): Extraction to /data/data/com.google.android.gms/app_extracted_libs/x86/libgoogle-ocrclient-v3.so true
D/dalvikvm( 2220): GC_FOR_ALLOC freed 1071K, 17% free 7087K/8440K, paused 6ms, total 6ms
E/StrictMode( 2220): A resource was acquired at attached stack trace but never released. See java.io.Closeable for information on avoiding resource leaks.
E/StrictMode( 2220): java.lang.Throwable: Explicit termination method 'end' not called
E/StrictMode( 2220): 	at dalvik.system.CloseGuard.open(CloseGuard.java:184)
E/StrictMode( 2220): 	at java.util.zip.Inflater.<init>(Inflater.java:82)
E/StrictMode( 2220): 	at java.util.zip.ZipFile.getInputStream(ZipFile.java:310)
E/StrictMode( 2220): 	at npp.d(:com.google.android.gms@202414005@20.24.14 (000700-319035315):36)
E/StrictMode( 2220): 	at mob.run(:com.google.android.gms@202414005@20.24.14 (000700-319035315):0)
I/NativeLibraryUtils( 2220): Extraction to /data/data/com.google.android.gms/app_extracted_libs/x86/libinertial-anchor-jni.so true
I/NativeLibraryUtils( 2220): Extraction to /data/data/com.google.android.gms/app_extracted_libs/x86/libjgcastservice.so true
W/ModuleManager( 1792): Unable to get current module's fulfilled APIs in ModuleManager created with non-module Context
I/dalvikvm( 1792): Could not find method android.system.Os.statvfs, referenced from method mbx.a
W/dalvikvm( 1792): VFY: unable to resolve static method 5777: Landroid/system/Os;.statvfs (Ljava/lang/String;)Landroid/system/StructStatVfs;
D/dalvikvm( 1792): VFY: replacing opcode 0x71 at 0x0029
D/dalvikvm( 1571): GC_FOR_ALLOC freed 1139K, 51% free 7324K/14832K, paused 13ms, total 13ms
I/dalvikvm( 1792): DexOpt: unable to optimize instance field ref 0x076d at 0x2d in Lmbx;.a
D/dalvikvm( 1792): GC_EXPLICIT freed 419K, 15% free 5560K/6508K, paused 0ms+0ms, total 6ms
I/dalvikvm( 1792): Could not find method android.os.UserHandle.isOwner, referenced from method ahls.a
W/dalvikvm( 1792): VFY: unable to resolve virtual method 29745: Landroid/os/UserHandle;.isOwner ()Z
D/dalvikvm( 1792): VFY: replacing opcode 0x6e at 0x000a
I/dalvikvm( 2220): Could not find method android.app.Activity.getMediaController, referenced from method com.google.android.chimera.ActivityBase.getMediaController
W/dalvikvm( 2220): VFY: unable to resolve virtual method 2155: Landroid/app/Activity;.getMediaController ()Landroid/media/session/MediaController;
D/dalvikvm( 2220): VFY: replacing opcode 0x6e at 0x0002
I/dalvikvm( 2220): Could not find method android.app.Activity.getSearchEvent, referenced from method com.google.android.chimera.ActivityBase.getSearchEvent
W/dalvikvm( 2220): VFY: unable to resolve virtual method 2160: Landroid/app/Activity;.getSearchEvent ()Landroid/view/SearchEvent;
D/dalvikvm( 2220): VFY: replacing opcode 0x6e at 0x0002
W/dalvikvm( 2220): VFY: unable to find class referenced in signature (Landroid/app/VoiceInteractor;)
W/dalvikvm( 2220): VFY: unable to find class referenced in signature (Landroid/app/VoiceInteractor;)
W/dalvikvm( 2220): VFY: unable to find class referenced in signature (Landroid/os/PersistableBundle;)
W/dalvikvm( 2220): VFY: unable to find class referenced in signature (Landroid/os/PersistableBundle;)
W/dalvikvm( 2220): VFY: unable to find class referenced in signature (Landroid/os/PersistableBundle;)
W/dalvikvm( 2220): VFY: unable to find class referenced in signature (Landroid/os/PersistableBundle;)
W/dalvikvm( 2220): VFY: unable to find class referenced in signature (Landroid/app/assist/AssistContent;)
W/dalvikvm( 2220): VFY: unable to find class referenced in signature (Landroid/app/assist/AssistContent;)
W/dalvikvm( 2220): VFY: unable to find class referenced in signature (Landroid/os/PersistableBundle;)
W/dalvikvm( 2220): VFY: unable to find class referenced in signature (Landroid/os/PersistableBundle;)
E/BluetoothAdapter( 1847): Bluetooth binder is null
W/dalvikvm( 2220): VFY: unable to find class referenced in signature (Landroid/os/PersistableBundle;)
W/dalvikvm( 2220): VFY: unable to find class referenced in signature (Landroid/os/PersistableBundle;)
I/dalvikvm( 2279): CheckJNI enabled: not enabling JNI app bug workarounds.
W/dalvikvm( 2220): VFY: unable to find class referenced in signature (Landroid/view/SearchEvent;)
W/dalvikvm( 2220): VFY: unable to find class referenced in signature (Landroid/view/SearchEvent;)
I/PackageManager( 1571): Running dexopt on: com.android.music
I/dalvikvm( 2220): Could not find method android.app.Activity.requestPermissions, referenced from method com.google.android.chimera.ActivityBase.requestPermissions
W/dalvikvm( 2220): VFY: unable to resolve virtual method 2194: Landroid/app/Activity;.requestPermissions ([Ljava/lang/String;I)V
D/dalvikvm( 2220): VFY: replacing opcode 0x6e at 0x0002
I/ActivityManager( 1571): Start proc com.android.music for broadcast com.android.music/.MediaButtonIntentReceiver: pid=2279 uid=10036 gids={50036, 3003, 1028, 1015}
W/dalvikvm( 2220): VFY: unable to find class referenced in signature (Landroid/media/session/MediaController;)
I/dalvikvm( 2220): Could not find method android.app.Activity.setMediaController, referenced from method com.google.android.chimera.ActivityBase.setMediaController
W/dalvikvm( 2220): VFY: unable to resolve virtual method 2205: Landroid/app/Activity;.setMediaController (Landroid/media/session/MediaController;)V
D/dalvikvm( 2220): VFY: replacing opcode 0x6e at 0x0002
W/linker  ( 2292): libdvm.so has text relocations. This is wasting memory and is a security risk. Please fix.
D/dalvikvm( 2220): GC_FOR_ALLOC freed 1250K, 18% free 7138K/8656K, paused 11ms, total 11ms
E/dalvikvm( 2220): Could not find class 'android.app.ActivityManager$TaskDescription', referenced from method com.google.android.gms.growth.ui.webview.GrowthWebViewChimeraActivity.onCreate
W/dalvikvm( 2220): VFY: unable to resolve new-instance 1205 (Landroid/app/ActivityManager$TaskDescription;) in Lcom/google/android/gms/growth/ui/webview/GrowthWebViewChimeraActivity;
D/dalvikvm( 2220): VFY: replacing opcode 0x22 at 0x00d9
D/dalvikvm( 2220): DexOpt: unable to opt direct call 0x1060 at 0xe6 in Lcom/google/android/gms/growth/ui/webview/GrowthWebViewChimeraActivity;.onCreate
D/dalvikvm( 2292): DexOpt: load 11ms, verify+opt 19ms, 753588 bytes
D/dalvikvm( 1571): GC_FOR_ALLOC freed 1074K, 51% free 7336K/14832K, paused 10ms, total 11ms
I/NearbyDiscovery( 1792): DiscoveryService created [CONTEXT service_id=49 ]
