W/PackageManager( 1571): Not granting permission android.permission.ACCESS_DOWNLOAD_MANAGER to package com.android.browser (protectionLevel=18 flags=0x89be45)
W/PackageManager( 1571): Not granting permission android.permission.SEND_DOWNLOAD_COMPLETED_INTENTS to package com.android.browser (protectionLevel=2 flags=0x89be45)
W/PackageManager( 1571): Not granting permission android.permission.BIND_APPWIDGET to package com.android.widgetpreview (protectionLevel=18 flags=0x8be44)
W/PackageManager( 1571): Unknown permission android.permission.INSTALL_DRM in package com.android.mms
W/PackageManager( 1571): Unknown permission android.permission.OBSERVE_GRANT_REVOKE_PERMISSIONS in package com.google.android.gms
W/PackageManager( 1571): Unknown permission android.permission.MANAGE_SOUND_TRIGGER in package com.google.android.gms
W/PackageManager( 1571): Unknown permission android.permission.FOREGROUND_SERVICE in package com.google.android.gms
W/PackageManager( 1571): Unknown permission android.permission.START_ACTIVITIES_FROM_BACKGROUND in package com.google.android.gms
W/PackageManager( 1571): Unknown permission android.permission.QUERY_ALL_PACKAGES in package com.google.android.gms
W/PackageManager( 1571): Unknown permission android.permission.REMOTE_DISPLAY_PROVIDER in package com.google.android.gms
W/PackageManager( 1571): Unknown permission android.permission.RECOVERY in package com.google.android.gms
W/PackageManager( 1571): Not granting permission android.permission.READ_DREAM_STATE to package com.google.android.gms (protectionLevel=2 flags=0x40c83e45)
W/PackageManager( 1571): Unknown permission android.permission.PROVIDE_TRUST_AGENT in package com.google.android.gms
W/PackageManager( 1571): Unknown permission android.permission.DISPATCH_PROVISIONING_MESSAGE in package com.google.android.gms
W/PackageManager( 1571): Unknown permission android.permission.RECOVER_KEYSTORE in package com.google.android.gms
W/PackageManager( 1571): Unknown permission android.permission.PRE_FACTORY_RESET in package com.google.android.gms
W/PackageManager( 1571): Unknown permission android.permission.MANAGE_FACTORY_RESET_PROTECTION in package com.google.android.gms
W/PackageManager( 1571): Unknown permission com.google.android.apps.enterprise.dmagent.permission.AutoSyncPermission in package com.google.android.gms
W/PackageManager( 1571): Unknown permission android.permission.CONNECTIVITY_USE_RESTRICTED_NETWORKS in package com.google.android.gms
W/PackageManager( 1571): Unknown permission android.permission.ALLOCATE_AGGRESSIVE in package com.google.android.gms
W/PackageManager( 1571): Unknown permission android.car.permission.CAR_POWER in package com.google.android.gms
W/PackageManager( 1571): Unknown permission android.permission.USE_FINGERPRINT in package com.google.android.gms
W/PackageManager( 1571): Unknown permission android.permission.USE_BIOMETRIC in package com.google.android.gms
W/PackageManager( 1571): Unknown permission android.permission.SEND_SMS_NO_CONFIRMATION in package com.google.android.gms
W/PackageManager( 1571): Unknown permission com.google.android.wearable.WRITE_SETTINGS in package com.google.android.gms
W/PackageManager( 1571): Unknown permission com.felicanetworks.mfc.permission.MFC_ACCESS in package com.google.android.gms
W/PackageManager( 1571): Unknown permission com.felicanetworks.mfc.mfi.permission.MFI_ACCESS in package com.google.android.gms
W/PackageManager( 1571): Unknown permission com.google.android.finsky.permission.INSTANT_APP_STATE in package com.google.android.gms
W/PackageManager( 1571): Unknown permission android.permission.ACCESS_BACKGROUND_LOCATION in package com.google.android.gms
W/PackageManager( 1571): Unknown permission android.permission.ACCESS_NOTIFICATION_POLICY in package com.google.android.gms
W/PackageManager( 1571): Unknown permission com.google.android.googlequicksearchbox.permission.PAUSE_HOTWORD in package com.google.android.gms
W/PackageManager( 1571): Unknown permission android.permission.MANAGE_VOICE_KEYPHRASES in package com.google.android.gms
W/PackageManager( 1571): Unknown permission android.permission.UWB in package com.google.android.gms
W/PackageManager( 1571): Unknown permission android.permission.USE_FULL_SCREEN_INTENT in package com.google.android.gms
W/PackageManager( 1571): Unknown permission android.permission.TETHER_PRIVILEGED in package com.google.android.gms
W/PackageManager( 1571): Unknown permission android.permission.CONTROL_DISPLAY_SATURATION in package com.google.android.gms
W/PackageManager( 1571): Unknown permission android.permission.REAL_GET_TASKS in package com.google.android.gms
I/ActivityManager( 1571): Start proc com.google.android.inputmethod.latin for service com.google.android.inputmethod.latin/com.android.inputmethod.latin.LatinIME: pid=1776 uid=10031 gids={50031, 3003, 1028, 1015}
V/InputMethodManagerService( 1571): Adding window token: android.os.Binder@9d1e64e0
W/PackageManager( 1571): Unknown permission com.google.android.finsky.permission.BIND_GET_INSTALL_REFERRER_SERVICE in package com.google.android.gms
W/PackageManager( 1571): Unknown permission com.google.android.hangouts.START_HANGOUT in package com.google.android.gms
W/PackageManager( 1571): Unknown permission android.permission.READ_OEM_UNLOCK_STATE in package com.google.android.gms
W/PackageManager( 1571): Unknown permission android.permission.SCORE_NETWORKS in package com.google.android.gms
W/PackageManager( 1571): Unknown permission android.permission.OVERRIDE_WIFI_CONFIG in package com.google.android.gms
W/PackageManager( 1571): Unknown permission android.car.permission.CAR_POWERTRAIN in package com.google.android.gms
W/PackageManager( 1571): Unknown permission android.car.permission.CAR_ENERGY in package com.google.android.gms
W/PackageManager( 1571): Unknown permission android.car.permission.CAR_ENERGY_PORTS in package com.google.android.gms
W/PackageManager( 1571): Unknown permission android.car.permission.CAR_EXTERIOR_LIGHTS in package com.google.android.gms
W/PackageManager( 1571): Unknown permission android.car.permission.CAR_INFO in package com.google.android.gms
W/PackageManager( 1571): Unknown permission android.car.permission.CAR_MILEAGE in package com.google.android.gms
W/PackageManager( 1571): Unknown permission android.car.permission.CAR_TIRES in package com.google.android.gms
W/PackageManager( 1571): Unknown permission android.car.permission.CONTROL_CAR_CLIMATE in package com.google.android.gms
W/PackageManager( 1571): Unknown permission android.car.permission.CONTROL_CAR_DOORS in package com.google.android.gms
W/PackageManager( 1571): Unknown permission android.car.permission.CONTROL_CAR_EXTERIOR_LIGHTS in package com.google.android.gms
W/PackageManager( 1571): Unknown permission android.car.permission.CONTROL_CAR_MIRRORS in package com.google.android.gms
W/PackageManager( 1571): Unknown permission android.car.permission.CONTROL_CAR_SEATS in package com.google.android.gms
W/PackageManager( 1571): Unknown permission android.car.permission.CONTROL_CAR_WINDOWS in package com.google.android.gms
W/PackageManager( 1571): Unknown permission android.car.permission.READ_CAR_DISPLAY_UNITS in package com.google.android.gms
W/PackageManager( 1571): Unknown permission android.permission.CONTROL_INCALL_EXPERIENCE in package com.google.android.gms
W/PackageManager( 1571): Unknown permission android.permission.USER_ACTIVITY in package com.google.android.gms
W/PackageManager( 1571): Unknown permission android.permission.MODIFY_AUDIO_ROUTING in package com.google.android.gms
W/PackageManager( 1571): Unknown permission android.permission.MODIFY_DAY_NIGHT_MODE in package com.google.android.gms
W/PackageManager( 1571): Unknown permission com.google.android.finsky.permission.GEARHEAD_SERVICE in package com.google.android.gms
W/PackageManager( 1571): Unknown permission com.google.android.permission.ACCESSIBILITY_SCAN_SERVICE in package com.google.android.gms
W/PackageManager( 1571): Unknown permission android.permission.START_TASKS_FROM_RECENTS in package com.google.android.gms
W/PackageManager( 1571): Not granting permission android.permission.MANAGE_ACTIVITY_STACKS to package com.google.android.gms (protectionLevel=2 flags=0x40c83e45)
W/PackageManager( 1571): Unknown permission android.permission.ACTIVITY_EMBEDDING in package com.google.android.gms
W/PackageManager( 1571): Unknown permission com.google.android.finsky.permission.ACCESS_INSTANT_APP_NOTIFICATION_ENFORCEMENT in package com.google.android.gms
W/PackageManager( 1571): Unknown permission android.permission.PROVIDE_RESOLVER_RANKER_SERVICE in package com.google.android.gms
W/PackageManager( 1571): Unknown permission com.google.android.clockwork.settings.SHOW_FACTORY_RESET_CONFIRMATION in package com.google.android.gms
W/PackageManager( 1571): Unknown permission com.google.android.wearable.READ_SETTINGS in package com.google.android.gms
W/PackageManager( 1571): Unknown permission android.permission.READ_MEDIA_AUDIO in package com.google.android.gms
W/PackageManager( 1571): Unknown permission android.permission.READ_MEDIA_IMAGES in package com.google.android.gms
W/PackageManager( 1571): Unknown permission android.permission.READ_MEDIA_VIDEO in package com.google.android.gms
W/PackageManager( 1571): Unknown permission android.permission.INTENT_FILTER_VERIFICATION_AGENT in package com.google.android.gms
W/PackageManager( 1571): Unknown permission android.permission.LOCAL_MAC_ADDRESS in package com.google.android.gms
W/PackageManager( 1571): Unknown permission android.permission.CHANGE_DEVICE_IDLE_TEMP_WHITELIST in package com.google.android.gms
W/PackageManager( 1571): Unknown permission android.permission.READ_WIFI_CREDENTIAL in package com.google.android.gms
W/PackageManager( 1571): Unknown permission android.permission.SUBSTITUTE_NOTIFICATION_APP_NAME in package com.google.android.gms
W/PackageManager( 1571): Unknown permission android.permission.SUBSTITUTE_SHARE_TARGET_APP_NAME_AND_ICON in package com.google.android.gms
W/PackageManager( 1571): Unknown permission android.permission.ACTIVITY_RECOGNITION in package com.google.android.gms
W/PackageManager( 1571): Unknown permission android.permission.MANAGE_SUBSCRIPTION_PLANS in package com.google.android.gms
W/PackageManager( 1571): Unknown permission android.permission.READ_DEVICE_CONFIG in package com.google.android.gms
W/PackageManager( 1571): Unknown permission android.permission.WRITE_DEVICE_CONFIG in package com.google.android.gms
W/PackageManager( 1571): Unknown permission com.google.android.apps.now.OPT_IN_WIZARD in package com.google.android.gms
W/PackageManager( 1571): Unknown permission com.google.android.setupwizard.SETUP_COMPAT_SERVICE in package com.google.android.gms
W/PackageManager( 1571): Unknown permission android.permission.MANAGE_ROLLBACKS in package com.google.android.gms
W/PackageManager( 1571): Unknown permission android.permission.REQUEST_DELETE_PACKAGES in package com.google.android.gms
W/PackageManager( 1571): Unknown permission android.permission.NOTIFY_PENDING_SYSTEM_UPDATE in package com.google.android.gms
W/PackageManager( 1571): Unknown permission android.permission.BODY_SENSORS in package com.google.android.gms
W/PackageManager( 1571): Unknown permission com.google.android.launcher.permission.RECEIVE_LAUNCH_BROADCASTS in package com.google.android.gms
W/PackageManager( 1571): Unknown permission com.google.android.vending.verifier.ACCESS_VERIFIER in package com.google.android.gms
W/PackageManager( 1571): Unknown permission android.permission.RESET_PASSWORD in package com.google.android.gms
W/PackageManager( 1571): Unknown permission android.permission.LOCK_DEVICE in package com.google.android.gms
W/PackageManager( 1571): Unknown permission android.permission.CONTROL_KEYGUARD_SECURE_NOTIFICATIONS in package com.google.android.gms
W/PackageManager( 1571): Unknown permission com.google.android.gm.permission.READ_GMAIL in package com.google.android.gms
W/PackageManager( 1571): Unknown permission com.android.voicemail.permission.READ_VOICEMAIL in package com.google.android.gms
D/dalvikvm( 1666): GC_FOR_ALLOC freed <1K, 6% free 5513K/5856K, paused 1ms, total 1ms
W/PackageManager( 1571): Unknown permission com.google.android.voicesearch.SHORTCUTS_ACCESS in package com.google.android.googlequicksearchbox
W/PackageManager( 1571): Unknown permission com.google.android.voicesearch.ACCESS_SETTINGS in package com.google.android.googlequicksearchbox
W/PackageManager( 1571): Unknown permission com.google.android.ears.permission.WRITE in package com.google.android.googlequicksearchbox
W/PackageManager( 1571): Unknown permission com.google.android.apps.googlevoice.permission.AUTO_SEND in package com.google.android.googlequicksearchbox
W/PackageManager( 1571): Unknown permission com.google.android.gm.permission.AUTO_SEND in package com.google.android.googlequicksearchbox
W/PackageManager( 1571): Unknown permission android.permission.REQUEST_DELETE_PACKAGES in package com.google.android.play.games
W/PackageManager( 1571): Unknown permission com.google.android.finsky.permission.BIND_GET_INSTALL_REFERRER_SERVICE in package com.google.android.play.games
W/PackageManager( 1571): Not granting permission android.permission.DELETE_PACKAGES to package com.svox.pico (protectionLevel=18 flags=0x88be45)
W/PackageManager( 1571): Not granting permission android.permission.DEVICE_POWER to package com.android.deskclock (protectionLevel=2 flags=0xc8be45)
W/PackageManager( 1571): Not granting permission android.permission.READ_DREAM_STATE to package com.google.android.gsf (protectionLevel=2 flags=0x40883e45)
I/PackageManager( 1571): Running dexopt on: com.google.android.inputmethod.latin
W/linker  ( 1791): libdvm.so has text relocations. This is wasting memory and is a security risk. Please fix.
W/InputMethodManagerService( 1571): Illegal subtype state: old subtype = null, new subtype = android.view.inputmethod.InputMethodSubtype@c9194f98
D/dalvikvm( 1791): DexOpt: load 9ms, verify+opt 43ms, 1425476 bytes
I/PackageManager( 1571): Running dexopt on: com.google.android.gms
W/linker  ( 1805): libdvm.so has text relocations. This is wasting memory and is a security risk. Please fix.
I/ActivityManager( 1571): Start proc com.google.android.gms.persistent for service com.google.android.gms/com.google.android.location.network.NetworkLocationService: pid=1792 uid=10007 gids={50007, 3003, 1007, 1028, 1015, 3002, 3001, 3007, 2001, 3006}
D/dalvikvm( 1805): DexOpt: couldn't find static field Landroid/os/Build;.SUPPORTED_64_BIT_ABIS
D/dalvikvm( 1805): DexOpt: couldn't find static field Landroid/os/Build;.SUPPORTED_64_BIT_ABIS
D/dalvikvm( 1805): DexOpt: couldn't find static field Landroid/os/Build;.SUPPORTED_64_BIT_ABIS
D/dalvikvm( 1805): DexOpt: couldn't find field Landroid/content/pm/ApplicationInfo;.splitSourceDirs
D/dalvikvm( 1805): DexOpt: couldn't find static field Landroid/os/Build;.SUPPORTED_ABIS
D/dalvikvm( 1805): DexOpt: couldn't find static field Landroid/os/Build;.SUPPORTED_64_BIT_ABIS
D/dalvikvm( 1805): DexOpt: load 27ms, verify+opt 160ms, 3112180 bytes
I/PackageManager( 1571): Running dexopt on: com.android.location.fused
W/linker  ( 1810): libdvm.so has text relocations. This is wasting memory and is a security risk. Please fix.
D/dalvikvm( 1666): GC_FOR_ALLOC freed 18K, 5% free 6086K/6376K, paused 2ms, total 3ms
I/LatinIME( 1776): Hardware accelerated drawing: true
D/dalvikvm( 1810): DexOpt: load 1ms, verify+opt 0ms, 150300 bytes
W/dalvikvm( 1792): VFY: unable to resolve static field 1608 (PR_SET_DUMPABLE) in Landroid/system/OsConstants;
D/dalvikvm( 1792): VFY: replacing opcode 0x60 at 0x0017
E/FlpHardwareProvider( 1571): Error hw_get_module 'flp': -2
W/dalvikvm( 1792): VFY: unable to find class referenced in signature (Lyqx;)
W/dalvikvm( 1792): VFY: unable to find class referenced in signature (Lyro;)
E/FlpHardwareProvider( 1571): Error hw_get_module 'flp': -2
I/LatinIME:LogUtils( 1776): Dictionary info: dictionary = PersonalizationPredictionDictio ; version = ? ; date = 1629023167
W/InputAttributes( 1776): No editor info for this field. Bug?
I/CommonTimeManagementService( 1571): No common time service detected on this platform.  Common time services will be unavailable.
V/PhoneStatusBar/NavigationBarView( 1666): touchEnabled:false
I/ResourceUtils( 1776): Found default value: resource=keypress_vibration_durations build=[HARDWARE=ranchu MODEL=Android SDK built for x86 BRAND=generic_x86 MANUFACTURER=unknown] default=-1
I/ResourceUtils( 1776): Found default value: resource=keypress_volumes build=[HARDWARE=ranchu MODEL=Android SDK built for x86 BRAND=generic_x86 MANUFACTURER=unknown] default=-1.0f
I/LatinIME:LogUtils( 1776): Dictionary info: dictionary = personalization.en_US.dict ; version = ? ; date = 1629023167
I/InputReader( 1571): Reconfiguring input devices.  changes=0x00000020
I/InputReader( 1571): Reconfiguring input devices.  changes=0x00000010
I/ActivityManager( 1571): Start proc com.google.process.gapps for content provider com.google.android.gsf/.gservices.GservicesProvider: pid=1816 uid=10007 gids={50007, 3003, 1007, 1028, 1015, 3002, 3001, 3007, 2001, 3006}
D/dalvikvm( 1146): GC_EXPLICIT freed 38K, 8% free 2994K/3232K, paused 0ms+0ms, total 2ms
D/dalvikvm( 1146): GC_EXPLICIT freed <1K, 8% free 2994K/3232K, paused 0ms+0ms, total 2ms
I/ActivityManager( 1571): Start proc com.android.phone for added application com.android.phone: pid=1832 uid=1001 gids={41001, 3002, 3001, 3003, 1028, 1015}
I/ActivityManager( 1571): START u0 {act=android.intent.action.MAIN cat=[android.intent.category.HOME] flg=0x10000000 cmp=com.android.settings/.CryptKeeper} from pid 0
D/dalvikvm( 1776): GC_FOR_ALLOC freed 279K, 13% free 3219K/3696K, paused 3ms, total 3ms
D/dalvikvm( 1146): GC_EXPLICIT freed <1K, 8% free 2994K/3232K, paused 0ms+9ms, total 14ms
D/dalvikvm( 1571): GC_FOR_ALLOC freed 798K, 54% free 6926K/14832K, paused 13ms, total 13ms
I/PackageManager( 1571): Running dexopt on: com.google.android.syncadapters.contacts
D/gralloc_ranchu( 1145): gralloc_alloc: Creating ashmem region of size 8294400
W/linker  ( 1860): libdvm.so has text relocations. This is wasting memory and is a security risk. Please fix.
I/ActivityManager( 1571): Start proc com.android.settings for activity com.android.settings/.CryptKeeper: pid=1847 uid=1000 gids={41000, 1028, 1015, 3002, 3001, 3003}
D/dalvikvm( 1776): GC_FOR_ALLOC freed 411K, 18% free 3233K/3916K, paused 6ms, total 6ms
D/dalvikvm( 1860): DexOpt: load 7ms, verify+opt 25ms, 550756 bytes
I/dalvikvm( 1816): Could not find method android.content.ContentProvider.query, referenced from method brf.superQuery
W/dalvikvm( 1816): VFY: unable to resolve virtual method 2428: Landroid/content/ContentProvider;.query (Landroid/net/Uri;[Ljava/lang/String;Landroid/os/Bundle;Landroid/os/CancellationSignal;)Landroid/database/Cursor;
D/dalvikvm( 1816): VFY: replacing opcode 0x6f at 0x0000
I/FusedLocation( 1571): engine started (com.android.location.fused)
I/PackageManager( 1571): Running dexopt on: com.android.providers.telephony
W/linker  ( 1877): libdvm.so has text relocations. This is wasting memory and is a security risk. Please fix.
I/ActivityManager( 1571): Start proc android.process.acore for content provider com.android.providers.userdictionary/.UserDictionaryProvider: pid=1864 uid=10002 gids={50002, 3003, 1028, 1015}
D/dalvikvm( 1877): DexOpt: load 0ms, verify+opt 6ms, 229852 bytes
I/PackageManager( 1571): Running dexopt on: com.android.phone
W/linker  ( 1879): libdvm.so has text relocations. This is wasting memory and is a security risk. Please fix.
D/dalvikvm( 1879): Note: class Landroid/app/ActivityManagerNative; has 179 unimplemented (abstract) methods
D/dalvikvm( 1879): DexOpt: load 6ms, verify+opt 35ms, 1187044 bytes
I/PackageManager( 1571): Running dexopt on: com.android.settings
W/linker  ( 1880): libdvm.so has text relocations. This is wasting memory and is a security risk. Please fix.
D/dalvikvm( 1880): Note: class Landroid/app/ActivityManagerNative; has 179 unimplemented (abstract) methods
D/dalvikvm( 1880): DexOpt: load 13ms, verify+opt 71ms, 2338852 bytes
I/ActivityManager( 1571): Start proc android.process.media for broadcast com.android.providers.downloads/.DownloadReceiver: pid=1881 uid=10005 gids={50005, 1028, 1015, 1023, 1024, 2001, 3003, 3007}
I/PackageManager( 1571): Running dexopt on: com.android.providers.userdictionary
W/linker  ( 1886): libdvm.so has text relocations. This is wasting memory and is a security risk. Please fix.
D/dalvikvm( 1886): DexOpt: load 1ms, verify+opt 0ms, 173356 bytes
D/dalvikvm( 1666): GC_FOR_ALLOC freed 49K, 4% free 7069K/7316K, paused 8ms, total 8ms
I/ActivityManager( 1571): Start proc com.android.printspooler for service com.android.printspooler/.PrintSpoolerService: pid=1897 uid=10044 gids={50044}
I/PackageManager( 1571): Running dexopt on: com.android.providers.downloads
W/linker  ( 1910): libdvm.so has text relocations. This is wasting memory and is a security risk. Please fix.
I/GservicesProvider( 1816): Gservices pushing to system: true; secure/global: true
D/dalvikvm( 1910): DexOpt: load 3ms, verify+opt 17ms, 540948 bytes
D/dalvikvm( 1864): GC_FOR_ALLOC freed 252K, 13% free 3254K/3708K, paused 2ms, total 2ms
I/PackageManager( 1571): Running dexopt on: com.android.printspooler
W/linker  ( 1914): libdvm.so has text relocations. This is wasting memory and is a security risk. Please fix.
D/dalvikvm( 1914): DexOpt: load 6ms, verify+opt 11ms, 610380 bytes
D/dalvikvm( 1816): GC_FOR_ALLOC freed 270K, 13% free 3222K/3692K, paused 5ms, total 5ms
I/ActivityManager( 1571): START u0 {act=android.intent.action.MAIN cat=[android.intent.category.HOME] flg=0x10000000 cmp=com.android.sdksetup/.DefaultActivity} from pid 0
I/PrintSpoolerService( 1897): No existing print spooler state.
I/ActivityManager( 1571): Start proc com.android.sdksetup for activity com.android.sdksetup/.DefaultActivity: pid=1919 uid=10046 gids={50046}
I/LatinIME:LogUtils( 1776): Dictionary info: dictionary = personalization.en_US.dict ; version = ? ; date = 1629023167
E/BluetoothAdapter( 1666): Bluetooth binder is null
E/BluetoothAdapter( 1666): Bluetooth binder is null
I/dalvikvm( 1792): Could not find method android.system.Os.readlink, referenced from method msk.a
W/dalvikvm( 1792): VFY: unable to resolve static method 3145: Landroid/system/Os;.readlink (Ljava/lang/String;)Ljava/lang/String;
D/dalvikvm( 1792): VFY: replacing opcode 0x71 at 0x00b0
I/dalvikvm( 1792): Could not find method android.os.PowerManager.isInteractive, referenced from method ndc.a
W/dalvikvm( 1792): VFY: unable to resolve virtual method 3046: Landroid/os/PowerManager;.isInteractive ()Z
D/dalvikvm( 1792): VFY: replacing opcode 0x6e at 0x0013
I/LatinIME:LogUtils( 1776): Dictionary info: dictionary = UserHistoryDictionary.en_US.dic ; version = ? ; date = 1629023168
I/dalvikvm( 1792): Could not find method com.google.android.chimera.ModuleContext.getAttributionTag, referenced from method com.google.android.chimera.ModuleContext.createAttributionContext
W/dalvikvm( 1792): VFY: unable to resolve virtual method 14170: Lcom/google/android/chimera/ModuleContext;.getAttributionTag ()Ljava/lang/String;
D/dalvikvm( 1792): VFY: replacing opcode 0x6e at 0x0004
I/dalvikvm( 1792): Could not find method com.google.android.chimera.ContextThemeWrapper.createAttributionContext, referenced from method com.google.android.chimera.ModuleContext.createAttributionContext
W/dalvikvm( 1792): VFY: unable to resolve virtual method 13785: Lcom/google/android/chimera/ContextThemeWrapper;.createAttributionContext (Ljava/lang/String;)Landroid/content/Context;
D/dalvikvm( 1792): VFY: replacing opcode 0x6f at 0x0035
I/dalvikvm( 1792): Could not find method android.content.ContextWrapper.createCredentialProtectedStorageContext, referenced from method com.google.android.chimera.ModuleContext.createCredentialProtectedStorageContext
W/dalvikvm( 1792): VFY: unable to resolve virtual method 2508: Landroid/content/ContextWrapper;.createCredentialProtectedStorageContext ()Landroid/content/Context;
D/dalvikvm( 1792): VFY: replacing opcode 0x6f at 0x0002
I/dalvikvm( 1792): Could not find method android.content.ContextWrapper.createDeviceProtectedStorageContext, referenced from method com.google.android.chimera.ModuleContext.createDeviceProtectedStorageContext
W/dalvikvm( 1792): VFY: unable to resolve virtual method 2509: Landroid/content/ContextWrapper;.createDeviceProtectedStorageContext ()Landroid/content/Context;
D/dalvikvm( 1792): VFY: replacing opcode 0x6f at 0x0002
I/dalvikvm( 1792): Could not find method com.google.android.chimera.ContextThemeWrapper.sendBroadcastWithMultiplePermissions, referenced from method com.google.android.chimera.ModuleContext.sendBroadcastWithMultiplePermissions
W/dalvikvm( 1792): VFY: unable to resolve virtual method 13795: Lcom/google/android/chimera/ContextThemeWrapper;.sendBroadcastWithMultiplePermissions (Landroid/content/Intent;[Ljava/lang/String;)V
D/dalvikvm( 1792): VFY: replacing opcode 0x6f at 0x0009
E/BluetoothAdapter( 1666): Bluetooth binder is null
I/PackageManager( 1571): Running dexopt on: com.android.sdksetup
I/MultiDex( 1792): VM with version 1.6.0 does not have multidex support
I/MultiDex( 1792): Installing application
I/MultiDex( 1792): MultiDexExtractor(/system/priv-app/PrebuiltGmsCore.apk, /data/data/com.google.android.gms/code_cache/secondary-dexes)
I/MultiDex( 1792): Blocking on lock /data/data/com.google.android.gms/code_cache/secondary-dexes/MultiDex.lock
I/MultiDex( 1792): /data/data/com.google.android.gms/code_cache/secondary-dexes/MultiDex.lock locked
I/MultiDex( 1792): MultiDexExtractor.load(/system/priv-app/PrebuiltGmsCore.apk, false, )
I/MultiDex( 1792): Detected that extraction must be performed.
E/BluetoothAdapter( 1666): Bluetooth binder is null
W/linker  ( 1935): libdvm.so has text relocations. This is wasting memory and is a security risk. Please fix.
D/dalvikvm( 1792): GC_FOR_ALLOC freed 252K, 13% free 3246K/3696K, paused 4ms, total 5ms
I/MediaProvider( 1881): Upgrading media database from version 0 to 700, which will destroy all old data
D/dalvikvm( 1935): DexOpt: load 5ms, verify+opt 0ms, 147076 bytes
I/LatinIME:LogUtils( 1776): Dictionary info: dictionary = userunigram.en_US.dict ; version = ? ; date = ?
I/ContactLocale( 1864): AddressBook Labels [en_US]: [, A, B, C, D, E, F, G, H, I, J, K, L, M, N, O, P, Q, R, S, T, U, V, W, X, Y, Z, , , , , , , , , , , , , , , , , , , , , , , , , , , , , , , , , , , , , , , , , , , , , , , , , , , , , , , , , , , , , , , , , , , , , , , , , , , , , , , , , , , , , , , , , , , , , , , , , , , , , , , , , , , , , , , , , , , , , , , , , , , , , , , , , , , , , , , , , , , , , , , , , , , , , , , , , , , , , , , , , , , , , , , , , , , , , , , , , , , , , , #, ]
D/dalvikvm( 1792): GC_FOR_ALLOC freed 142K, 9% free 3608K/3956K, paused 2ms, total 2ms
D/dalvikvm( 1571): GC_FOR_ALLOC freed 828K, 53% free 7020K/14832K, paused 23ms, total 23ms
D/dalvikvm( 1776): GC_FOR_ALLOC freed 460K, 17% free 3286K/3944K, paused 2ms, total 2ms
D/PhoneStatusBar( 1666): disable: < expand icons alerts ticker system_info back home recent clock search >
I/ActivityManager( 1571): Force stopping com.android.sdksetup appid=10046 user=0: pkg changed
I/ActivityManager( 1571): Killing 1919:com.android.sdksetup/u0a46 (adj 0): stop com.android.sdksetup
I/ActivityManager( 1571):   Force finishing activity ActivityRecord{9d9e2488 u0 com.android.sdksetup/.DefaultActivity t2}
I/ActivityManager( 1571): START u0 {act=android.intent.action.MAIN cat=[android.intent.category.HOME] flg=0x10000000 cmp=com.android.launcher/com.android.launcher2.Launcher} from pid 0
D/dalvikvm( 1666): GC_FOR_ALLOC freed 161K, 5% free 8186K/8548K, paused 1ms, total 2ms
D/dalvikvm( 1792): GC_FOR_ALLOC freed 131K, 9% free 3959K/4320K, paused 2ms, total 2ms
I/ActivityManager( 1571): Start proc com.android.launcher for activity com.android.launcher/com.android.launcher2.Launcher: pid=1946 uid=10009 gids={50009}
I/InputReader( 1571): Reconfiguring input devices.  changes=0x00000010
I/PackageManager( 1571): Running dexopt on: com.android.launcher
D/dalvikvm( 1792): GC_FOR_ALLOC freed 119K, 8% free 4303K/4672K, paused 3ms, total 3ms
W/linker  ( 1966): libdvm.so has text relocations. This is wasting memory and is a security risk. Please fix.
E/SQLiteLog( 1881): (1) no such table: album_info
D/dalvikvm( 1792): GC_FOR_ALLOC freed 127K, 8% free 4611K/5012K, paused 3ms, total 3ms
I/MultiDex( 1792): Extraction is needed for file /data/data/com.google.android.gms/code_cache/secondary-dexes/PrebuiltGmsCore.apk.classes2.zip
I/MultiDex( 1792): Extracting /data/data/com.google.android.gms/code_cache/secondary-dexes/tmp-PrebuiltGmsCore.apk.classes-207732134.zip
D/dalvikvm( 1966): DexOpt: load 10ms, verify+opt 46ms, 987780 bytes
E/BluetoothAdapter( 1666): Bluetooth binder is null
D/PhoneStatusBar( 1666): heads up is disabled
D/PhoneStatusBar( 1666): mSettingsPanelGravity = 55
I/Choreographer( 1666): Skipped 48 frames!  The application may be doing too much work on its main thread.
I/PackageManager( 1571):   Action: "android.intent.action.SENDTO"
I/PackageManager( 1571):   Category: "android.intent.category.DEFAULT"
I/PackageManager( 1571):   Scheme: "sms"
V/KeyguardTouchDelegate( 1666): Connected to keyguard
W/BackupManagerService( 1571): dataChanged but no participant pkg='com.android.providers.settings' uid=1001
I/PackageManager( 1571): Adding preferred activity ComponentInfo{com.android.mms/com.android.mms.ui.ComposeMessageActivity} for user 0 :
I/DownloadManager( 1881): Upgrading downloads database from version 0 to version 109, which will destroy all old data
I/PackageManager( 1571):   Action: "android.intent.action.SENDTO"
I/PackageManager( 1571):   Category: "android.intent.category.DEFAULT"
I/PackageManager( 1571):   Scheme: "smsto"
I/PackageManager( 1571):   Action: "android.intent.action.SENDTO"
I/PackageManager( 1571):   Category: "android.intent.category.DEFAULT"
I/PackageManager( 1571):   Scheme: "mms"
I/PackageManager( 1571): Adding preferred activity ComponentInfo{com.android.mms/com.android.mms.ui.ComposeMessageActivity} for user 0 :
I/PackageManager( 1571): Adding preferred activity ComponentInfo{com.android.mms/com.android.mms.ui.ComposeMessageActivity} for user 0 :
D/dalvikvm( 1571): GC_FOR_ALLOC freed 987K, 53% free 7044K/14832K, paused 9ms, total 11ms
I/ActivityManager( 1571): Start proc com.android.externalstorage for broadcast com.android.externalstorage/.MountReceiver: pid=1977 uid=10006 gids={50006, 1028, 1015, 1023}
I/FusedLocation( 1571): engine stopped (com.android.location.fused)
I/FusedLocation( 1571): engine started (com.android.location.fused)
I/PackageManager( 1571): Running dexopt on: com.android.externalstorage
I/PackageManager( 1571):   Action: "android.intent.action.SENDTO"
I/PackageManager( 1571):   Category: "android.intent.category.DEFAULT"
I/PackageManager( 1571):   Scheme: "mmsto"
W/linker  ( 1991): libdvm.so has text relocations. This is wasting memory and is a security risk. Please fix.
I/PackageManager( 1571):   Action: "android.intent.action.SENDTO"
I/PackageManager( 1571):   Category: "android.intent.category.DEFAULT"
I/PackageManager( 1571):   Scheme: "sms"
I/PackageManager( 1571): Adding preferred activity ComponentInfo{com.android.mms/com.android.mms.ui.ComposeMessageActivity} for user 0 :
I/PackageManager( 1571): Adding preferred activity ComponentInfo{com.android.mms/com.android.mms.ui.ComposeMessageActivity} for user 0 :
I/PackageManager( 1571):   Action: "android.intent.action.SENDTO"
I/PackageManager( 1571):   Category: "android.intent.category.DEFAULT"
I/PackageManager( 1571):   Scheme: "smsto"
I/PackageManager( 1571): Adding preferred activity ComponentInfo{com.android.mms/com.android.mms.ui.ComposeMessageActivity} for user 0 :
I/PackageManager( 1571):   Action: "android.intent.action.SENDTO"
I/PackageManager( 1571):   Category: "android.intent.category.DEFAULT"
I/PackageManager( 1571):   Scheme: "mms"
I/PackageManager( 1571):   Action: "android.intent.action.SENDTO"
I/PackageManager( 1571):   Category: "android.intent.category.DEFAULT"
I/PackageManager( 1571):   Scheme: "mmsto"
I/PackageManager( 1571): Adding preferred activity ComponentInfo{com.android.mms/com.android.mms.ui.ComposeMessageActivity} for user 0 :
I/PackageManager( 1571): Adding preferred activity ComponentInfo{com.android.mms/com.android.mms.ui.ComposeMessageActivity} for user 0 :
D/dalvikvm( 1991): DexOpt: load 1ms, verify+opt 2ms, 224484 bytes
D/ExternalStorage( 1977): After updating volumes, found 1 active roots
D/dalvikvm( 1832): GC_FOR_ALLOC freed 245K, 12% free 3252K/3696K, paused 4ms, total 4ms
E/BluetoothAdapter( 1832): Bluetooth binder is null
I/ActivityManager( 1571): Start proc com.android.exchange for content provider com.android.exchange/.provider.ExchangeDirectoryProvider: pid=1995 uid=10027 gids={50027, 3003, 1028, 1015}
I/PackageManager( 1571): Running dexopt on: com.android.exchange
D/        ( 1666): HostConnection::get() New Host Connection established 0xb8004000, tid 1666
D/EGL_emulation( 1666): eglCreateContext: 0xb80045b0: maj 3 min 0 rcv 3
D/        ( 1145): HostConnection::get() New Host Connection established 0xb920bd00, tid 1754
D/EGL_emulation( 1666): eglMakeCurrent: 0xb80045b0: ver 3 0
E/eglCodecCommon( 1666): glUtilsParamSize: unknow param 0x00008cdf
E/eglCodecCommon( 1666): glUtilsParamSize: unknow param 0x00008824
E/EGL_emulation( 1666): tid 1666: eglSurfaceAttrib(1199): error 0x3009 (EGL_BAD_MATCH)
W/HardwareRenderer( 1666): Backbuffer cannot be preserved
D/OpenGLRenderer( 1666): Enabling debug mode 0
W/linker  ( 2009): libdvm.so has text relocations. This is wasting memory and is a security risk. Please fix.
D/EGL_emulation( 1666): eglMakeCurrent: 0xb80045b0: ver 3 0
I/LatinIME:LogUtils( 1776): Dictionary info: dictionary = main:en ; version = 42 ; date = 1381226516
E/EGL_emulation( 1666): tid 1666: eglSurfaceAttrib(1199): error 0x3009 (EGL_BAD_MATCH)
W/HardwareRenderer( 1666): Backbuffer cannot be preserved
I/DownloadManager( 1881): Download 1 starting
W/DownloadManager( 1881): Aborting request for download 1: NO_CONNECTION
D/dalvikvm( 1881): GC_FOR_ALLOC freed 285K, 14% free 3221K/3708K, paused 8ms, total 8ms
I/DownloadManager( 1881): Download 1 finished with status WAITING_FOR_NETWORK
D/dalvikvm( 2009): DexOpt: load 25ms, verify+opt 92ms, 2148036 bytes
D/ExternalStorage( 1977): After updating volumes, found 1 active roots
D/MediaScannerReceiver( 1881): action: android.intent.action.MEDIA_MOUNTED path: /storage/sdcard
E/BluetoothAdapter( 1832): Bluetooth binder is null
D/CallNotifier( 1832): CallNotifier: mSignalInfoToneGenerator created when toneplay
E/BluetoothAdapter( 1832): Bluetooth binder is null
I/LatinIME:LogUtils( 1776): Dictionary info: dictionary = main:en ; version = 42 ; date = 1381226516
I/ActivityManager( 1571): Start proc com.android.email for content provider com.android.email/.provider.EmailProvider: pid=2018 uid=10026 gids={50026, 3003, 1028, 1015}
I/ContactDirectoryManager( 1864): deleted 0 stale rows which don't have any relevant directory
D/AlarmManagerService( 1571): Kernel timezone updated to 240 minutes west of GMT
D/        ( 1832): Setting time of day to sec=1629023170
D/MobileDataStateTracker( 1571): fota: Broadcast received: android.intent.action.ANY_DATA_STATE apnType=fota
D/MobileDataStateTracker( 1571): fota: Received state=DISCONNECTED, old=DISCONNECTED, reason=radioTurnedOff
D/MobileDataStateTracker( 1571): ia: Broadcast received: android.intent.action.ANY_DATA_STATE apnType=ia
D/MobileDataStateTracker( 1571): ia: Received state=DISCONNECTED, old=DISCONNECTED, reason=radioTurnedOff
D/MobileDataStateTracker( 1571): supl: Broadcast received: android.intent.action.ANY_DATA_STATE apnType=supl
D/MobileDataStateTracker( 1571): supl: Received state=DISCONNECTED, old=DISCONNECTED, reason=radioTurnedOff
D/MobileDataStateTracker( 1571): hipri: Broadcast received: android.intent.action.ANY_DATA_STATE apnType=hipri
D/MobileDataStateTracker( 1571): hipri: Received state=DISCONNECTED, old=DISCONNECTED, reason=radioTurnedOff
D/MobileDataStateTracker( 1571): ims: Broadcast received: android.intent.action.ANY_DATA_STATE apnType=ims
D/MobileDataStateTracker( 1571): ims: Received state=DISCONNECTED, old=DISCONNECTED, reason=radioTurnedOff
D/MobileDataStateTracker( 1571): default: Broadcast received: android.intent.action.ANY_DATA_STATE apnType=default
D/MobileDataStateTracker( 1571): default: Received state=DISCONNECTED, old=DISCONNECTED, reason=radioTurnedOff
D/MobileDataStateTracker( 1571): mms: Broadcast received: android.intent.action.ANY_DATA_STATE apnType=mms
D/MobileDataStateTracker( 1571): mms: Received state=DISCONNECTED, old=DISCONNECTED, reason=radioTurnedOff
D/MobileDataStateTracker( 1571): cbs: Broadcast received: android.intent.action.ANY_DATA_STATE apnType=cbs
D/MobileDataStateTracker( 1571): cbs: Received state=DISCONNECTED, old=DISCONNECTED, reason=radioTurnedOff
D/MobileDataStateTracker( 1571): fota: Broadcast received: android.intent.action.ANY_DATA_STATE apnType=fota
D/MobileDataStateTracker( 1571): fota: Received state=DISCONNECTED, old=DISCONNECTED, reason=radioTurnedOff
D/MobileDataStateTracker( 1571): ia: Broadcast received: android.intent.action.ANY_DATA_STATE apnType=ia
D/MobileDataStateTracker( 1571): ia: Received state=DISCONNECTED, old=DISCONNECTED, reason=radioTurnedOff
D/MobileDataStateTracker( 1571): supl: Broadcast received: android.intent.action.ANY_DATA_STATE apnType=supl
D/dalvikvm( 1666): GC_FOR_ALLOC freed 156K, 4% free 8885K/9240K, paused 3ms, total 3ms
D/MobileDataStateTracker( 1571): supl: Received state=DISCONNECTED, old=DISCONNECTED, reason=radioTurnedOff
D/MobileDataStateTracker( 1571): hipri: Broadcast received: android.intent.action.ANY_DATA_STATE apnType=hipri
D/MobileDataStateTracker( 1571): hipri: Received state=DISCONNECTED, old=DISCONNECTED, reason=radioTurnedOff
D/MobileDataStateTracker( 1571): ims: Broadcast received: android.intent.action.ANY_DATA_STATE apnType=ims
D/MobileDataStateTracker( 1571): ims: Received state=DISCONNECTED, old=DISCONNECTED, reason=radioTurnedOff
D/MobileDataStateTracker( 1571): default: Broadcast received: android.intent.action.ANY_DATA_STATE apnType=default
D/MobileDataStateTracker( 1571): default: Received state=DISCONNECTED, old=DISCONNECTED, reason=radioTurnedOff
D/MobileDataStateTracker( 1571): mms: Broadcast received: android.intent.action.ANY_DATA_STATE apnType=mms
D/MobileDataStateTracker( 1571): mms: Received state=DISCONNECTED, old=DISCONNECTED, reason=radioTurnedOff
D/MobileDataStateTracker( 1571): cbs: Broadcast received: android.intent.action.ANY_DATA_STATE apnType=cbs
D/MobileDataStateTracker( 1571): cbs: Received state=DISCONNECTED, old=DISCONNECTED, reason=radioTurnedOff
D/dalvikvm( 1946): GC_FOR_ALLOC freed 198K, 11% free 3279K/3684K, paused 1ms, total 16ms
D/MobileDataStateTracker( 1571): fota: Broadcast received: android.intent.action.ANY_DATA_STATE apnType=fota
D/MobileDataStateTracker( 1571): fota: Received state=DISCONNECTED, old=DISCONNECTED, reason=dataDetached
D/MobileDataStateTracker( 1571): ia: Broadcast received: android.intent.action.ANY_DATA_STATE apnType=ia
D/MobileDataStateTracker( 1571): ia: Received state=DISCONNECTED, old=DISCONNECTED, reason=dataDetached
D/MobileDataStateTracker( 1571): supl: Broadcast received: android.intent.action.ANY_DATA_STATE apnType=supl
D/MobileDataStateTracker( 1571): supl: Received state=DISCONNECTED, old=DISCONNECTED, reason=dataDetached
D/MobileDataStateTracker( 1571): hipri: Broadcast received: android.intent.action.ANY_DATA_STATE apnType=hipri
D/MobileDataStateTracker( 1571): hipri: Received state=DISCONNECTED, old=DISCONNECTED, reason=dataDetached
D/MobileDataStateTracker( 1571): ims: Broadcast received: android.intent.action.ANY_DATA_STATE apnType=ims
D/MobileDataStateTracker( 1571): ims: Received state=DISCONNECTED, old=DISCONNECTED, reason=dataDetached
D/MobileDataStateTracker( 1571): default: Broadcast received: android.intent.action.ANY_DATA_STATE apnType=default
D/MobileDataStateTracker( 1571): default: Received state=DISCONNECTED, old=DISCONNECTED, reason=dataDetached
D/MobileDataStateTracker( 1571): mms: Broadcast received: android.intent.action.ANY_DATA_STATE apnType=mms
D/MobileDataStateTracker( 1571): mms: Received state=DISCONNECTED, old=DISCONNECTED, reason=dataDetached
D/MobileDataStateTracker( 1571): cbs: Broadcast received: android.intent.action.ANY_DATA_STATE apnType=cbs
D/MobileDataStateTracker( 1571): cbs: Received state=DISCONNECTED, old=DISCONNECTED, reason=dataDetached
D/MobileDataStateTracker( 1571): fota: Broadcast received: android.intent.action.ANY_DATA_STATE apnType=fota
D/MobileDataStateTracker( 1571): fota: Received state=DISCONNECTED, old=DISCONNECTED, reason=roamingOff
D/MobileDataStateTracker( 1571): ia: Broadcast received: android.intent.action.ANY_DATA_STATE apnType=ia
D/MobileDataStateTracker( 1571): ia: Received state=DISCONNECTED, old=DISCONNECTED, reason=roamingOff
I/PackageManager( 1571): Running dexopt on: com.android.email
I/LatinIME:LogUtils( 1776): Dictionary info: dictionary = main:en ; version = 42 ; date = 1381226516
D/MobileDataStateTracker( 1571): supl: Broadcast received: android.intent.action.ANY_DATA_STATE apnType=supl
D/MobileDataStateTracker( 1571): supl: Received state=DISCONNECTED, old=DISCONNECTED, reason=roamingOff
D/MobileDataStateTracker( 1571): hipri: Broadcast received: android.intent.action.ANY_DATA_STATE apnType=hipri
D/MobileDataStateTracker( 1571): hipri: Received state=DISCONNECTED, old=DISCONNECTED, reason=roamingOff
W/linker  ( 2034): libdvm.so has text relocations. This is wasting memory and is a security risk. Please fix.
I/ContactDirectoryManager( 1864): Discovered 0 contact directories in 512ms
I/dalvikvm-heap( 1666): Grow heap (frag case) to 11.797MB for 3072012-byte allocation
I/ContactsProvider( 1864): Upgrading aggregation algorithm
I/ContactAggregator( 1864): Marked all visible contacts for aggregation: 0 raw contacts, 0 ms
D/dalvikvm( 1666): GC_FOR_ALLOC freed 5K, 3% free 11879K/12244K, paused 4ms, total 4ms
D/dalvikvm( 1666): GC_FOR_ALLOC freed <1K, 3% free 11879K/12244K, paused 10ms, total 10ms
I/ContactsProvider( 1864): Aggregation algorithm upgraded for 0 raw contacts in 24ms
D/dalvikvm( 1946): GC_FOR_ALLOC freed 51K, 7% free 3712K/3972K, paused 1ms, total 2ms
D/dalvikvm( 1946): GC_FOR_ALLOC freed 27K, 6% free 3876K/4108K, paused 1ms, total 4ms
I/dalvikvm-heap( 1946): Grow heap (frag case) to 8.186MB for 4410012-byte allocation
D/dalvikvm( 1946): GC_FOR_ALLOC freed 2K, 3% free 8180K/8416K, paused 4ms, total 4ms
I/dalvikvm-heap( 1666): Grow heap (frag case) to 25.855MB for 14745612-byte allocation
D/dalvikvm( 1666): GC_FOR_ALLOC freed 0K, 2% free 26279K/26648K, paused 2ms, total 2ms
I/ContactsFTS( 1864): Rebuild contact search index in 121ms, 0 contacts
W/Resources( 1946): Converting to int: TypedValue{t=0x3/d=0x12 "4" a=-1}
W/Resources( 1946): Converting to int: TypedValue{t=0x3/d=0xf "1" a=-1}
D/gralloc_ranchu( 1145): gralloc_alloc: Creating ashmem region of size 14745600
D/dalvikvm( 2034): DexOpt: load 30ms, verify+opt 166ms, 3355068 bytes
W/Resources( 1946): Converting to int: TypedValue{t=0x3/d=0x15 "2" a=-1}
W/Resources( 1946): Converting to int: TypedValue{t=0x3/d=0x15 "2" a=-1}
D/MobileDataStateTracker( 1571): ims: Broadcast received: android.intent.action.ANY_DATA_STATE apnType=ims
D/MobileDataStateTracker( 1571): ims: Received state=DISCONNECTED, old=DISCONNECTED, reason=roamingOff
D/MobileDataStateTracker( 1571): default: Broadcast received: android.intent.action.ANY_DATA_STATE apnType=default
D/MobileDataStateTracker( 1571): default: Received state=DISCONNECTED, old=DISCONNECTED, reason=roamingOff
D/MobileDataStateTracker( 1571): mms: Broadcast received: android.intent.action.ANY_DATA_STATE apnType=mms
D/MobileDataStateTracker( 1571): mms: Received state=DISCONNECTED, old=DISCONNECTED, reason=roamingOff
D/MobileDataStateTracker( 1571): cbs: Broadcast received: android.intent.action.ANY_DATA_STATE apnType=cbs
D/MobileDataStateTracker( 1571): cbs: Received state=DISCONNECTED, old=DISCONNECTED, reason=roamingOff
D/MobileDataStateTracker( 1571): fota: Broadcast received: android.intent.action.ANY_DATA_STATE apnType=fota
D/MobileDataStateTracker( 1571): fota: Received state=DISCONNECTED, old=DISCONNECTED, reason=roamingOff
D/MobileDataStateTracker( 1571): ia: Broadcast received: android.intent.action.ANY_DATA_STATE apnType=ia
D/MobileDataStateTracker( 1571): ia: Received state=DISCONNECTED, old=DISCONNECTED, reason=roamingOff
W/Launcher.LauncherProvider( 1946): Unable to add favorite: com.android.camera2/com.android.camera.CameraLauncher
W/Launcher.LauncherProvider( 1946): android.content.pm.PackageManager$NameNotFoundException: ComponentInfo{com.android.camera2/com.android.camera.CameraLauncher}
W/Launcher.LauncherProvider( 1946): 	at android.app.ApplicationPackageManager.getActivityInfo(ApplicationPackageManager.java:242)
W/Launcher.LauncherProvider( 1946): 	at com.android.launcher2.LauncherProvider$DatabaseHelper.addAppShortcut(LauncherProvider.java:939)
W/Launcher.LauncherProvider( 1946): 	at com.android.launcher2.LauncherProvider$DatabaseHelper.loadFavorites(LauncherProvider.java:843)
W/Launcher.LauncherProvider( 1946): 	at com.android.launcher2.LauncherProvider$DatabaseHelper.access$000(LauncherProvider.java:233)
W/Launcher.LauncherProvider( 1946): 	at com.android.launcher2.LauncherProvider.loadDefaultFavoritesIfNecessary(LauncherProvider.java:228)
W/Launcher.LauncherProvider( 1946): 	at com.android.launcher2.LauncherModel$LoaderTask.loadWorkspace(LauncherModel.java:1263)
W/Launcher.LauncherProvider( 1946): 	at com.android.launcher2.LauncherModel$LoaderTask.loadAndBindWorkspace(LauncherModel.java:1005)
W/Launcher.LauncherProvider( 1946): 	at com.android.launcher2.LauncherModel$LoaderTask.run(LauncherModel.java:1111)
W/Launcher.LauncherProvider( 1946): 	at android.os.Handler.handleCallback(Handler.java:733)
W/Launcher.LauncherProvider( 1946): 	at android.os.Handler.dispatchMessage(Handler.java:95)
W/Launcher.LauncherProvider( 1946): 	at android.os.Looper.loop(Looper.java:136)
W/Launcher.LauncherProvider( 1946): 	at android.os.HandlerThread.run(HandlerThread.java:61)
D/MobileDataStateTracker( 1571): supl: Broadcast received: android.intent.action.ANY_DATA_STATE apnType=supl
D/MobileDataStateTracker( 1571): supl: Received state=DISCONNECTED, old=DISCONNECTED, reason=roamingOff
D/MobileDataStateTracker( 1571): hipri: Broadcast received: android.intent.action.ANY_DATA_STATE apnType=hipri
D/MobileDataStateTracker( 1571): hipri: Received state=DISCONNECTED, old=DISCONNECTED, reason=roamingOff
D/MobileDataStateTracker( 1571): ims: Broadcast received: android.intent.action.ANY_DATA_STATE apnType=ims
D/MobileDataStateTracker( 1571): ims: Received state=DISCONNECTED, old=DISCONNECTED, reason=roamingOff
D/MobileDataStateTracker( 1571): default: Broadcast received: android.intent.action.ANY_DATA_STATE apnType=default
D/MobileDataStateTracker( 1571): default: Received state=DISCONNECTED, old=DISCONNECTED, reason=roamingOff
D/TelephonyDebugService( 1832): TelephonyDebugService()
W/Launcher.LauncherProvider( 1946): Unable to add favorite: com.android.gallery3d/com.android.gallery3d.app.Gallery
W/Launcher.LauncherProvider( 1946): android.content.pm.PackageManager$NameNotFoundException: ComponentInfo{com.android.gallery3d/com.android.gallery3d.app.Gallery}
W/Launcher.LauncherProvider( 1946): 	at android.app.ApplicationPackageManager.getActivityInfo(ApplicationPackageManager.java:242)
W/Launcher.LauncherProvider( 1946): 	at com.android.launcher2.LauncherProvider$DatabaseHelper.addAppShortcut(LauncherProvider.java:939)
W/Launcher.LauncherProvider( 1946): 	at com.android.launcher2.LauncherProvider$DatabaseHelper.loadFavorites(LauncherProvider.java:843)
W/Launcher.LauncherProvider( 1946): 	at com.android.launcher2.LauncherProvider$DatabaseHelper.access$000(LauncherProvider.java:233)
W/Launcher.LauncherProvider( 1946): 	at com.android.launcher2.LauncherProvider.loadDefaultFavoritesIfNecessary(LauncherProvider.java:228)
W/Launcher.LauncherProvider( 1946): 	at com.android.launcher2.LauncherModel$LoaderTask.loadWorkspace(LauncherModel.java:1263)
W/Launcher.LauncherProvider( 1946): 	at com.android.launcher2.LauncherModel$LoaderTask.loadAndBindWorkspace(LauncherModel.java:1005)
W/Launcher.LauncherProvider( 1946): 	at com.android.launcher2.LauncherModel$LoaderTask.run(LauncherModel.java:1111)
W/Launcher.LauncherProvider( 1946): 	at android.os.Handler.handleCallback(Handler.java:733)
W/Launcher.LauncherProvider( 1946): 	at android.os.Handler.dispatchMessage(Handler.java:95)
W/Launcher.LauncherProvider( 1946): 	at android.os.Looper.loop(Looper.java:136)
W/Launcher.LauncherProvider( 1946): 	at android.os.HandlerThread.run(HandlerThread.java:61)
I/Choreographer( 1666): Skipped 56 frames!  The application may be doing too much work on its main thread.
D/EGL_emulation( 1666): eglMakeCurrent: 0xb80045b0: ver 3 0
D/MobileDataStateTracker( 1571): mms: Broadcast received: android.intent.action.ANY_DATA_STATE apnType=mms
D/MobileDataStateTracker( 1571): mms: Received state=DISCONNECTED, old=DISCONNECTED, reason=roamingOff
D/MobileDataStateTracker( 1571): cbs: Broadcast received: android.intent.action.ANY_DATA_STATE apnType=cbs
D/MobileDataStateTracker( 1571): cbs: Received state=DISCONNECTED, old=DISCONNECTED, reason=roamingOff
D/AlarmManagerService( 1571): Kernel timezone updated to 300 minutes west of GMT
D/dalvikvm( 1832): GC_FOR_ALLOC freed 338K, 14% free 3427K/3964K, paused 4ms, total 4ms
I/LatinIME:LogUtils( 1776): Dictionary info: dictionary = main:en ; version = 42 ; date = 1381226516
D/MobileDataStateTracker( 1571): fota: Broadcast received: android.intent.action.ANY_DATA_STATE apnType=fota
D/MobileDataStateTracker( 1571): fota: Received state=DISCONNECTED, old=DISCONNECTED, reason=dataAttached
