W/dalvikvm( 1775): VFY: unable to resolve virtual method 4165: Landroid/accounts/AccountManager;.removeAccount (Landroid/accounts/Account;Landroid/app/Activity;Landroid/accounts/AccountManagerCallback;Landroid/os/Handler;)Landroid/accounts/AccountManagerFuture;
D/dalvikvm( 1775): VFY: replacing opcode 0x6e at 0x0009
I/dalvikvm( 1775): Could not find method android.accounts.AccountManager.removeAccountExplicitly, referenced from method ymq.d
W/dalvikvm( 1775): VFY: unable to resolve virtual method 4166: Landroid/accounts/AccountManager;.removeAccountExplicitly (Landroid/accounts/Account;)Z
D/dalvikvm( 1775): VFY: replacing opcode 0x6e at 0x0008
D/dalvikvm( 1829): GC_FOR_ALLOC freed 212K, 17% free 3272K/3932K, paused 1ms, total 1ms
I/MultiDex( 1829): load found 5 secondary dex files
I/MultiDex( 1829): install done
I/dalvikvm( 1829): Could not find method android.os.UserHandle.isOwner, referenced from method nmy.f
W/dalvikvm( 1829): VFY: unable to resolve virtual method 3081: Landroid/os/UserHandle;.isOwner ()Z
D/dalvikvm( 1829): VFY: replacing opcode 0x6e at 0x000a
D/dalvikvm( 1568): GC_FOR_ALLOC freed 1012K, 51% free 7433K/15144K, paused 17ms, total 18ms
I/PackageManager( 1568):   Action: "android.intent.action.SENDTO"
I/PackageManager( 1568):   Category: "android.intent.category.DEFAULT"
I/PackageManager( 1568):   Scheme: "sms"
I/PackageManager( 1568):   Action: "android.intent.action.SENDTO"
I/PackageManager( 1568):   Category: "android.intent.category.DEFAULT"
I/PackageManager( 1568):   Scheme: "smsto"
E/ActivityThread( 2178): Failed to find provider info for com.google.android.voicesearch
W/ActivityManager( 1568): Unable to start service Intent { act=com.google.android.gms.auth.key.retrieval.service.START pkg=com.google.android.gms } U=0: not found
I/PackageManager( 1568): Adding preferred activity ComponentInfo{com.android.mms/com.android.mms.ui.ComposeMessageActivity} for user 0 :
I/PackageManager( 1568): Adding preferred activity ComponentInfo{com.android.mms/com.android.mms.ui.ComposeMessageActivity} for user 0 :
E/GmsClient( 2088): unable to connect to service: com.google.android.gms.auth.key.retrieval.service.START on com.google.android.gms
D/dalvikvm( 1829): DexOpt: couldn't find field Landroid/content/pm/ApplicationInfo;.splitSourceDirs
W/dalvikvm( 1829): VFY: unable to resolve instance field 1475
D/dalvikvm( 1829): VFY: replacing opcode 0x54 at 0x0055
D/dalvikvm( 1829): DexOpt: couldn't find static field Landroid/os/Build;.SUPPORTED_ABIS
W/dalvikvm( 1829): VFY: unable to resolve static field 1540 (SUPPORTED_ABIS) in Landroid/os/Build;
D/dalvikvm( 1829): VFY: replacing opcode 0x62 at 0x00d1
I/dalvikvm( 1829): Could not find method android.system.Os.stat, referenced from method nop.a
W/dalvikvm( 1829): VFY: unable to resolve static method 3146: Landroid/system/Os;.stat (Ljava/lang/String;)Landroid/system/StructStat;
D/dalvikvm( 1829): VFY: replacing opcode 0x71 at 0x0182
W/ActivityManager( 1568): Unbind failed: could not find connection for android.os.BinderProxy@9d70b670
I/dalvikvm( 1829): Could not find method android.content.pm.PackageManager.getPackageInstaller, referenced from method men.a
I/PackageManager( 1568):   Action: "android.intent.action.SENDTO"
I/PackageManager( 1568):   Category: "android.intent.category.DEFAULT"
I/PackageManager( 1568):   Scheme: "mms"
I/PackageManager( 1568): Adding preferred activity ComponentInfo{com.android.mms/com.android.mms.ui.ComposeMessageActivity} for user 0 :
W/dalvikvm( 1829): VFY: unable to resolve virtual method 2608: Landroid/content/pm/PackageManager;.getPackageInstaller ()Landroid/content/pm/PackageInstaller;
D/dalvikvm( 1829): VFY: replacing opcode 0x6e at 0x001c
D/dalvikvm( 1797): GC_FOR_ALLOC freed 362K, 13% free 3644K/4176K, paused 1ms, total 2ms
W/DynamiteModule( 1829): Local module descriptor class for providerinstaller not found.
I/PackageManager( 1568):   Action: "android.intent.action.SENDTO"
I/PackageManager( 1568):   Category: "android.intent.category.DEFAULT"
I/PackageManager( 1568):   Scheme: "mmsto"
I/PackageManager( 1568): Adding preferred activity ComponentInfo{com.android.mms/com.android.mms.ui.ComposeMessageActivity} for user 0 :
I/dalvikvm( 1829): Could not find method android.system.Os.readlink, referenced from method bse.a
W/dalvikvm( 1829): VFY: unable to resolve static method 3145: Landroid/system/Os;.readlink (Ljava/lang/String;)Ljava/lang/String;
D/dalvikvm( 1829): VFY: replacing opcode 0x71 at 0x0044
I/dalvikvm( 1829): Could not find method android.system.Os.symlink, referenced from method bse.a
W/dalvikvm( 1829): VFY: unable to resolve static method 3147: Landroid/system/Os;.symlink (Ljava/lang/String;Ljava/lang/String;)V
D/dalvikvm( 1829): VFY: replacing opcode 0x71 at 0x00b0
I/dalvikvm( 1829): Could not find method android.system.Os.stat, referenced from method bse.a
W/dalvikvm( 1829): VFY: unable to resolve static method 3146: Landroid/system/Os;.stat (Ljava/lang/String;)Landroid/system/StructStat;
D/dalvikvm( 1829): VFY: replacing opcode 0x71 at 0x0005
W/dalvikvm( 1829): VFY: unable to resolve static field 1615 (S_IXUSR) in Landroid/system/OsConstants;
D/dalvikvm( 1829): VFY: replacing opcode 0x60 at 0x0007
I/dalvikvm( 1829): Could not find method android.system.Os.stat, referenced from method bse.b
W/dalvikvm( 1829): VFY: unable to resolve static method 3146: Landroid/system/Os;.stat (Ljava/lang/String;)Landroid/system/StructStat;
D/dalvikvm( 1829): VFY: replacing opcode 0x71 at 0x0040
W/dalvikvm( 1829): VFY: unable to resolve static field 1612 (S_IRUSR) in Landroid/system/OsConstants;
D/dalvikvm( 1829): VFY: replacing opcode 0x60 at 0x0007
D/dalvikvm( 1775): GC_FOR_ALLOC freed 683K, 12% free 6192K/7000K, paused 8ms, total 8ms
D/dalvikvm( 1829): DexOpt: couldn't find static field Landroid/os/Build;.SUPPORTED_64_BIT_ABIS
W/dalvikvm( 1829): VFY: unable to resolve static field 1539 (SUPPORTED_64_BIT_ABIS) in Landroid/os/Build;
D/dalvikvm( 1829): VFY: replacing opcode 0x62 at 0x0214
D/dalvikvm( 1568): GC_FOR_ALLOC freed 1139K, 52% free 7406K/15144K, paused 7ms, total 7ms
W/ProviderHelper( 1829): Unknown dynamite feature providerinstaller
I/DynamiteModule( 1829): Considering local module providerinstaller:0 and remote module providerinstaller:0
W/ProviderInstaller( 1829): Failed to load providerinstaller module: No acceptable module found. Local version is 0 and remote version is 0.
I/dalvikvm( 1829): Could not find method android.content.ContextWrapper.createCredentialProtectedStorageContext, referenced from method nfr.createCredentialProtectedStorageContext
W/dalvikvm( 1829): VFY: unable to resolve virtual method 2508: Landroid/content/ContextWrapper;.createCredentialProtectedStorageContext ()Landroid/content/Context;
D/dalvikvm( 1829): VFY: replacing opcode 0x6f at 0x0002
I/dalvikvm( 1829): Could not find method android.content.ContextWrapper.createDeviceProtectedStorageContext, referenced from method nfr.createDeviceProtectedStorageContext
W/dalvikvm( 1829): VFY: unable to resolve virtual method 2509: Landroid/content/ContextWrapper;.createDeviceProtectedStorageContext ()Landroid/content/Context;
D/dalvikvm( 1829): VFY: replacing opcode 0x6f at 0x0002
D/dalvikvm( 1829): DexOpt: couldn't find static field Landroid/os/Build;.SUPPORTED_64_BIT_ABIS
W/dalvikvm( 1829): VFY: unable to resolve static field 1539 (SUPPORTED_64_BIT_ABIS) in Landroid/os/Build;
D/dalvikvm( 1829): VFY: replacing opcode 0x62 at 0x0080
D/dalvikvm( 1829): DexOpt: couldn't find static field Landroid/os/Build;.SUPPORTED_ABIS
W/dalvikvm( 1829): VFY: unable to resolve static field 1540 (SUPPORTED_ABIS) in Landroid/os/Build;
D/dalvikvm( 1829): VFY: replacing opcode 0x62 at 0x00d3
V/NativeCrypto( 1829): Registering com/google/android/gms/org/conscrypt/NativeCrypto's 286 native methods...
W/dalvikvm( 1829): Unable to resolve superclass of Lcom/google/android/gms/org/conscrypt/TrustManagerImpl; (5184)
W/dalvikvm( 1829): Link of class 'Lcom/google/android/gms/org/conscrypt/TrustManagerImpl;' failed
I/dalvikvm( 1829): Could not find method com.google.android.gms.org.conscrypt.TrustManagerImpl.getDefaultHostnameVerifier, referenced from method com.google.android.gms.org.conscrypt.Conscrypt.getDefaultHostnameVerifier
W/dalvikvm( 1829): VFY: unable to resolve static method 17870: Lcom/google/android/gms/org/conscrypt/TrustManagerImpl;.getDefaultHostnameVerifier ()Lcom/google/android/gms/org/conscrypt/ConscryptHostnameVerifier;
D/dalvikvm( 1829): VFY: replacing opcode 0x71 at 0x0003
W/dalvikvm( 1829): Unable to resolve superclass of Lcom/google/android/gms/org/conscrypt/TrustManagerImpl; (5184)
W/dalvikvm( 1829): Link of class 'Lcom/google/android/gms/org/conscrypt/TrustManagerImpl;' failed
D/dalvikvm( 2088): GC_FOR_ALLOC freed 839K, 32% free 5996K/8716K, paused 14ms, total 14ms
I/PackageManager( 1568):   Action: "android.intent.action.SENDTO"
I/PackageManager( 1568):   Category: "android.intent.category.DEFAULT"
I/PackageManager( 1568):   Scheme: "sms"
I/PackageManager( 1568): Adding preferred activity ComponentInfo{com.android.mms/com.android.mms.ui.ComposeMessageActivity} for user 0 :
D/dalvikvm( 1829): GC_FOR_ALLOC freed 436K, 15% free 3346K/3932K, paused 13ms, total 13ms
I/PackageManager( 1568):   Action: "android.intent.action.SENDTO"
I/PackageManager( 1568):   Category: "android.intent.category.DEFAULT"
I/PackageManager( 1568):   Scheme: "smsto"
W/dalvikvm( 1829): VFY: unable to find class referenced in signature (Lcom/google/android/gms/org/conscrypt/TrustManagerImpl;)
W/dalvikvm( 1829): Unable to resolve superclass of Lcom/google/android/gms/org/conscrypt/TrustManagerImpl; (5184)
W/dalvikvm( 1829): Link of class 'Lcom/google/android/gms/org/conscrypt/TrustManagerImpl;' failed
I/dalvikvm( 1829): Could not find method com.google.android.gms.org.conscrypt.TrustManagerImpl.getHostnameVerifier, referenced from method com.google.android.gms.org.conscrypt.Conscrypt.getHostnameVerifier
W/dalvikvm( 1829): VFY: unable to resolve virtual method 17872: Lcom/google/android/gms/org/conscrypt/TrustManagerImpl;.getHostnameVerifier ()Lcom/google/android/gms/org/conscrypt/ConscryptHostnameVerifier;
D/dalvikvm( 1829): VFY: replacing opcode 0x6e at 0x0004
W/dalvikvm( 1829): Unable to resolve superclass of Lcom/google/android/gms/org/conscrypt/TrustManagerImpl; (5184)
W/dalvikvm( 1829): Link of class 'Lcom/google/android/gms/org/conscrypt/TrustManagerImpl;' failed
E/dalvikvm( 1829): Could not find class 'com.google.android.gms.org.conscrypt.TrustManagerImpl', referenced from method com.google.android.gms.org.conscrypt.Conscrypt.isConscrypt
W/dalvikvm( 1829): VFY: unable to resolve instanceof 4452 (Lcom/google/android/gms/org/conscrypt/TrustManagerImpl;) in Lcom/google/android/gms/org/conscrypt/Conscrypt;
D/dalvikvm( 1829): VFY: replacing opcode 0x20 at 0x0000
W/dalvikvm( 1829): Unable to resolve superclass of Lcom/google/android/gms/org/conscrypt/TrustManagerImpl; (5184)
W/dalvikvm( 1829): Link of class 'Lcom/google/android/gms/org/conscrypt/TrustManagerImpl;' failed
I/dalvikvm( 1829): Could not find method com.google.android.gms.org.conscrypt.TrustManagerImpl.setDefaultHostnameVerifier, referenced from method com.google.android.gms.org.conscrypt.Conscrypt.setDefaultHostnameVerifier
W/dalvikvm( 1829): VFY: unable to resolve static method 17882: Lcom/google/android/gms/org/conscrypt/TrustManagerImpl;.setDefaultHostnameVerifier (Lcom/google/android/gms/org/conscrypt/ConscryptHostnameVerifier;)V
D/dalvikvm( 1829): VFY: replacing opcode 0x71 at 0x0003
W/dalvikvm( 1829): Unable to resolve superclass of Lcom/google/android/gms/org/conscrypt/TrustManagerImpl; (5184)
W/dalvikvm( 1829): Link of class 'Lcom/google/android/gms/org/conscrypt/TrustManagerImpl;' failed
W/dalvikvm( 1829): VFY: unable to find class referenced in signature (Lcom/google/android/gms/org/conscrypt/TrustManagerImpl;)
W/dalvikvm( 1829): Unable to resolve superclass of Lcom/google/android/gms/org/conscrypt/TrustManagerImpl; (5184)
W/dalvikvm( 1829): Link of class 'Lcom/google/android/gms/org/conscrypt/TrustManagerImpl;' failed
I/dalvikvm( 1829): Could not find method com.google.android.gms.org.conscrypt.TrustManagerImpl.setHostnameVerifier, referenced from method com.google.android.gms.org.conscrypt.Conscrypt.setHostnameVerifier
W/dalvikvm( 1829): VFY: unable to resolve virtual method 17883: Lcom/google/android/gms/org/conscrypt/TrustManagerImpl;.setHostnameVerifier (Lcom/google/android/gms/org/conscrypt/ConscryptHostnameVerifier;)V
D/dalvikvm( 1829): VFY: replacing opcode 0x6e at 0x0004
W/dalvikvm( 1829): Unable to resolve superclass of Lcom/google/android/gms/org/conscrypt/TrustManagerImpl; (5184)
I/PackageManager( 1568):   Action: "android.intent.action.SENDTO"
I/PackageManager( 1568):   Category: "android.intent.category.DEFAULT"
I/PackageManager( 1568):   Scheme: "mms"
W/dalvikvm( 1829): Link of class 'Lcom/google/android/gms/org/conscrypt/TrustManagerImpl;' failed
E/dalvikvm( 1829): Could not find class 'com.google.android.gms.org.conscrypt.TrustManagerImpl', referenced from method com.google.android.gms.org.conscrypt.Conscrypt.toConscrypt
W/dalvikvm( 1829): VFY: unable to resolve check-cast 4452 (Lcom/google/android/gms/org/conscrypt/TrustManagerImpl;) in Lcom/google/android/gms/org/conscrypt/Conscrypt;
D/dalvikvm( 1829): VFY: replacing opcode 0x1f at 0x002a
I/PackageManager( 1568): Adding preferred activity ComponentInfo{com.android.mms/com.android.mms.ui.ComposeMessageActivity} for user 0 :
I/PackageManager( 1568): Adding preferred activity ComponentInfo{com.android.mms/com.android.mms.ui.ComposeMessageActivity} for user 0 :
I/PackageManager( 1568):   Action: "android.intent.action.SENDTO"
I/PackageManager( 1568):   Category: "android.intent.category.DEFAULT"
I/PackageManager( 1568):   Scheme: "mmsto"
I/PackageManager( 1568): Adding preferred activity ComponentInfo{com.android.mms/com.android.mms.ui.ComposeMessageActivity} for user 0 :
D/dalvikvm( 1797): GC_FOR_ALLOC freed 398K, 14% free 3642K/4212K, paused 2ms, total 2ms
I/PackageManager( 1568):   Action: "android.intent.action.SENDTO"
I/PackageManager( 1568):   Category: "android.intent.category.DEFAULT"
I/PackageManager( 1568):   Scheme: "sms"
I/PackageManager( 1568):   Action: "android.intent.action.SENDTO"
I/PackageManager( 1568):   Category: "android.intent.category.DEFAULT"
I/PackageManager( 1568):   Scheme: "smsto"
I/PackageManager( 1568): Adding preferred activity ComponentInfo{com.android.mms/com.android.mms.ui.ComposeMessageActivity} for user 0 :
E/ActivityThread( 2178): Failed to find provider info for com.google.android.partnersetup.rlzappprovider
I/PackageManager( 1568): Adding preferred activity ComponentInfo{com.android.mms/com.android.mms.ui.ComposeMessageActivity} for user 0 :
I/PackageManager( 1568):   Action: "android.intent.action.SENDTO"
I/PackageManager( 1568):   Category: "android.intent.category.DEFAULT"
I/PackageManager( 1568):   Scheme: "mms"
D/dalvikvm( 1829): GC_FOR_ALLOC freed 371K, 13% free 3485K/3984K, paused 6ms, total 6ms
I/PackageManager( 1568):   Action: "android.intent.action.SENDTO"
I/PackageManager( 1568):   Category: "android.intent.category.DEFAULT"
I/PackageManager( 1568):   Scheme: "mmsto"
I/PackageManager( 1568): Adding preferred activity ComponentInfo{com.android.mms/com.android.mms.ui.ComposeMessageActivity} for user 0 :
I/PackageManager( 1568): Adding preferred activity ComponentInfo{com.android.mms/com.android.mms.ui.ComposeMessageActivity} for user 0 :
I/PackageManager( 1568):   Action: "android.intent.action.SENDTO"
I/PackageManager( 1568):   Category: "android.intent.category.DEFAULT"
I/PackageManager( 1568):   Scheme: "sms"
I/PackageManager( 1568): Adding preferred activity ComponentInfo{com.android.mms/com.android.mms.ui.ComposeMessageActivity} for user 0 :
D/dalvikvm( 1568): GC_FOR_ALLOC freed 1073K, 51% free 7437K/15144K, paused 12ms, total 12ms
D/dalvikvm( 1797): GC_FOR_ALLOC freed 440K, 15% free 3600K/4212K, paused 2ms, total 2ms
D/dalvikvm( 1829): GC_FOR_ALLOC freed 140K, 7% free 3845K/4124K, paused 2ms, total 2ms
I/PackageManager( 1568):   Action: "android.intent.action.SENDTO"
I/PackageManager( 1568):   Category: "android.intent.category.DEFAULT"
I/PackageManager( 1568):   Scheme: "smsto"
I/PackageManager( 1568): Adding preferred activity ComponentInfo{com.android.mms/com.android.mms.ui.ComposeMessageActivity} for user 0 :
D/dalvikvm( 2178): GC_FOR_ALLOC freed 281K, 10% free 3224K/3568K, paused 2ms, total 2ms
I/PackageManager( 1568):   Action: "android.intent.action.SENDTO"
I/PackageManager( 1568):   Category: "android.intent.category.DEFAULT"
I/PackageManager( 1568):   Scheme: "mms"
I/PackageManager( 1568):   Action: "android.intent.action.SENDTO"
I/PackageManager( 1568):   Category: "android.intent.category.DEFAULT"
I/PackageManager( 1568):   Scheme: "mmsto"
I/PackageManager( 1568): Adding preferred activity ComponentInfo{com.android.mms/com.android.mms.ui.ComposeMessageActivity} for user 0 :
I/PackageManager( 1568): Adding preferred activity ComponentInfo{com.android.mms/com.android.mms.ui.ComposeMessageActivity} for user 0 :
I/PackageManager( 1568):   Action: "android.intent.action.SENDTO"
I/PackageManager( 1568):   Category: "android.intent.category.DEFAULT"
I/PackageManager( 1568):   Scheme: "sms"
I/PackageManager( 1568):   Action: "android.intent.action.SENDTO"
I/PackageManager( 1568):   Category: "android.intent.category.DEFAULT"
I/PackageManager( 1568):   Scheme: "smsto"
I/PackageManager( 1568): Adding preferred activity ComponentInfo{com.android.mms/com.android.mms.ui.ComposeMessageActivity} for user 0 :
I/PackageManager( 1568): Adding preferred activity ComponentInfo{com.android.mms/com.android.mms.ui.ComposeMessageActivity} for user 0 :
W/ContextImpl( 2178): Implicit intents with startService are not safe: Intent { act=com.google.android.gms.icing.INDEX_SERVICE } android.content.ContextWrapper.bindService:517 com.google.android.gms.internal.av.a:-1 com.google.android.gms.internal.au.connect:-1 
I/PackageManager( 1568):   Action: "android.intent.action.SENDTO"
I/PackageManager( 1568):   Category: "android.intent.category.DEFAULT"
I/PackageManager( 1568):   Scheme: "mms"
I/PackageManager( 1568): Adding preferred activity ComponentInfo{com.android.mms/com.android.mms.ui.ComposeMessageActivity} for user 0 :
D/dalvikvm( 1568): GC_FOR_ALLOC freed 1083K, 51% free 7470K/15144K, paused 8ms, total 8ms
D/AndroidRuntime( 2244): 
D/AndroidRuntime( 2244): >>>>>> AndroidRuntime START com.android.internal.os.RuntimeInit <<<<<<
D/dalvikvm( 1829): GC_FOR_ALLOC freed 137K, 7% free 4187K/4484K, paused 2ms, total 2ms
W/linker  ( 2244): libdvm.so has text relocations. This is wasting memory and is a security risk. Please fix.
D/AndroidRuntime( 2244): CheckJNI is ON
D/dalvikvm( 2244): Trying to load lib libjavacore.so 0x0
D/dalvikvm( 2244): Added shared lib libjavacore.so 0x0
D/dalvikvm( 2244): Trying to load lib libnativehelper.so 0x0
D/dalvikvm( 2244): Added shared lib libnativehelper.so 0x0
D/dalvikvm( 2244): No JNI_OnLoad found in libnativehelper.so 0x0, skipping init
D/dalvikvm( 1829): GC_FOR_ALLOC freed 122K, 7% free 4521K/4824K, paused 2ms, total 2ms
D/dalvikvm( 1568): GC_FOR_ALLOC freed 1131K, 51% free 7463K/15144K, paused 19ms, total 19ms
D/dalvikvm( 2244): Note: class Landroid/app/ActivityManagerNative; has 179 unimplemented (abstract) methods
D/dalvikvm( 1797): GC_FOR_ALLOC freed 406K, 14% free 3651K/4212K, paused 1ms, total 8ms
I/PackageManager( 1568):   Action: "android.intent.action.SENDTO"
I/PackageManager( 1568):   Category: "android.intent.category.DEFAULT"
I/PackageManager( 1568):   Scheme: "mmsto"
I/PackageManager( 1568): Adding preferred activity ComponentInfo{com.android.mms/com.android.mms.ui.ComposeMessageActivity} for user 0 :
I/PackageManager( 1568):   Action: "android.intent.action.SENDTO"
I/PackageManager( 1568):   Category: "android.intent.category.DEFAULT"
I/PackageManager( 1568):   Scheme: "sms"
I/PackageManager( 1568): Adding preferred activity ComponentInfo{com.android.mms/com.android.mms.ui.ComposeMessageActivity} for user 0 :
I/PackageManager( 1568):   Action: "android.intent.action.SENDTO"
I/PackageManager( 1568):   Category: "android.intent.category.DEFAULT"
I/PackageManager( 1568):   Scheme: "smsto"
I/PackageManager( 1568): Adding preferred activity ComponentInfo{com.android.mms/com.android.mms.ui.ComposeMessageActivity} for user 0 :
D/dalvikvm( 1829): GC_FOR_ALLOC freed 133K, 7% free 4842K/5180K, paused 2ms, total 2ms
D/dalvikvm( 1568): GC_FOR_ALLOC freed 1130K, 51% free 7447K/15144K, paused 13ms, total 14ms
E/dalvikvm( 1829): Could not find class 'javax.net.ssl.SNIServerName', referenced from method com.google.android.gms.org.conscrypt.Platform.getSniHostnameFromParams
W/dalvikvm( 1829): VFY: unable to resolve check-cast 5160 (Ljavax/net/ssl/SNIServerName;) in Lcom/google/android/gms/org/conscrypt/Platform;
D/dalvikvm( 1829): VFY: replacing opcode 0x1f at 0x0025
E/dalvikvm( 1829): Could not find class 'javax.net.ssl.SNIHostName', referenced from method com.google.android.gms.org.conscrypt.Platform.setParametersSniHostname
W/dalvikvm( 1829): VFY: unable to resolve new-instance 5159 (Ljavax/net/ssl/SNIHostName;) in Lcom/google/android/gms/org/conscrypt/Platform;
D/dalvikvm( 1829): VFY: replacing opcode 0x22 at 0x0024
E/dalvikvm( 1829): Could not find class 'javax.net.ssl.SNIHostName', referenced from method com.google.android.gms.org.conscrypt.Platform.setParametersSniHostname
W/dalvikvm( 1829): VFY: unable to resolve new-instance 5159 (Ljavax/net/ssl/SNIHostName;) in Lcom/google/android/gms/org/conscrypt/Platform;
D/dalvikvm( 1829): VFY: replacing opcode 0x22 at 0x0024
D/dalvikvm( 1829): DexOpt: unable to opt direct call 0x52f9 at 0x2a in Lcom/google/android/gms/org/conscrypt/Platform;.setParametersSniHostname
D/dalvikvm( 1829): DexOpt: unable to opt direct call 0x52f9 at 0x2a in Lcom/google/android/gms/org/conscrypt/Platform;.setParametersSniHostname
I/dalvikvm( 1775): Could not find method android.app.AlarmManager.setExactAndAllowWhileIdle, referenced from method nio.a
W/dalvikvm( 1775): VFY: unable to resolve virtual method 2384: Landroid/app/AlarmManager;.setExactAndAllowWhileIdle (IJLandroid/app/PendingIntent;)V
D/dalvikvm( 1775): VFY: replacing opcode 0x6e at 0x000b
I/dalvikvm( 1775): Failed resolving Lnin; interface 549 'Landroid/app/AlarmManager$OnAlarmListener;'
W/dalvikvm( 1775): Link of class 'Lnin;' failed
W/dalvikvm( 1775): VFY: unable to find class referenced in signature (Lnin;)
I/dalvikvm( 1775): Could not find method android.app.AlarmManager.set, referenced from method nio.a
W/dalvikvm( 1775): VFY: unable to resolve virtual method 2381: Landroid/app/AlarmManager;.set (IJJJLandroid/app/AlarmManager$OnAlarmListener;Landroid/os/Handler;Landroid/os/WorkSource;)V
D/dalvikvm( 1775): VFY: replacing opcode 0x74 at 0x0024
I/dalvikvm( 1775): Failed resolving Lnin; interface 549 'Landroid/app/AlarmManager$OnAlarmListener;'
W/dalvikvm( 1775): Link of class 'Lnin;' failed
W/dalvikvm( 1775): VFY: unable to find class referenced in signature (Lnin;)
I/dalvikvm( 1775): Could not find method android.app.AlarmManager.cancel, referenced from method nio.a
W/dalvikvm( 1775): VFY: unable to resolve virtual method 2378: Landroid/app/AlarmManager;.cancel (Landroid/app/AlarmManager$OnAlarmListener;)V
D/dalvikvm( 1775): VFY: replacing opcode 0x6e at 0x0002
I/PackageManager( 1568):   Action: "android.intent.action.SENDTO"
I/PackageManager( 1568):   Category: "android.intent.category.DEFAULT"
I/PackageManager( 1568):   Scheme: "mms"
I/PackageManager( 1568):   Action: "android.intent.action.SENDTO"
I/PackageManager( 1568):   Category: "android.intent.category.DEFAULT"
I/PackageManager( 1568):   Scheme: "mmsto"
I/PackageManager( 1568): Adding preferred activity ComponentInfo{com.android.mms/com.android.mms.ui.ComposeMessageActivity} for user 0 :
I/PackageManager( 1568): Adding preferred activity ComponentInfo{com.android.mms/com.android.mms.ui.ComposeMessageActivity} for user 0 :
I/dalvikvm( 1775): Could not find method android.os.UserManager.isManagedProfile, referenced from method ffl.a
W/dalvikvm( 1775): VFY: unable to resolve virtual method 4277: Landroid/os/UserManager;.isManagedProfile ()Z
D/dalvikvm( 1775): VFY: replacing opcode 0x6e at 0x0024
I/PackageManager( 1568):   Action: "android.intent.action.SENDTO"
I/PackageManager( 1568):   Category: "android.intent.category.DEFAULT"
I/PackageManager( 1568):   Scheme: "sms"
I/dalvikvm( 1775): Could not find method android.app.admin.DevicePolicyManager.isProfileOwnerApp, referenced from method hbs.c
W/dalvikvm( 1775): VFY: unable to resolve virtual method 2595: Landroid/app/admin/DevicePolicyManager;.isProfileOwnerApp (Ljava/lang/String;)Z
D/dalvikvm( 1775): VFY: replacing opcode 0x6e at 0x0011
I/dalvikvm( 1775): Could not find method android.app.admin.DevicePolicyManager.getProfileOwner, referenced from method hbs.a
W/dalvikvm( 1775): VFY: unable to resolve virtual method 2591: Landroid/app/admin/DevicePolicyManager;.getProfileOwner ()Landroid/content/ComponentName;
D/dalvikvm( 1775): VFY: replacing opcode 0x6e at 0x0012
I/PackageManager( 1568): Adding preferred activity ComponentInfo{com.android.mms/com.android.mms.ui.ComposeMessageActivity} for user 0 :
D/dalvikvm( 1797): GC_FOR_ALLOC freed 433K, 14% free 3649K/4224K, paused 1ms, total 2ms
I/Fitness ( 1775): OnPackageChangedOperation got intent: Intent { act=android.intent.action.PACKAGE_CHANGED dat=package:com.android.sdksetup flg=0x4000010 cmp=com.google.android.gms/.chimera.PersistentIntentOperationService (has extras) } [CONTEXT service_id=17 ]
I/PackageManager( 1568):   Action: "android.intent.action.SENDTO"
I/PackageManager( 1568):   Category: "android.intent.category.DEFAULT"
I/PackageManager( 1568):   Scheme: "smsto"
E/memtrack( 2244): Couldn't load memtrack module (No such file or directory)
E/android.os.Debug( 2244): failed to load memtrack module: -2
I/PackageManager( 1568): Adding preferred activity ComponentInfo{com.android.mms/com.android.mms.ui.ComposeMessageActivity} for user 0 :
D/dalvikvm( 2088): GC_FOR_ALLOC freed 918K, 31% free 6082K/8716K, paused 18ms, total 18ms
D/dalvikvm( 1829): GC_FOR_ALLOC freed 422K, 11% free 4995K/5608K, paused 16ms, total 16ms
D/AndroidRuntime( 2244): Calling main entry com.android.commands.pm.Pm
I/ProviderInstaller( 1829): Installed default security provider GmsCore_OpenSSL
I/Safeboot( 1829): Checking safeboot...
I/Safeboot( 1829): Not entering safeboot; wrong process.
I/PackageManager( 1568):   Action: "android.intent.action.SENDTO"
I/PackageManager( 1568):   Category: "android.intent.category.DEFAULT"
D/AndroidRuntime( 2244): Shutting down VM
I/PackageManager( 1568):   Scheme: "mms"
D/jdwp    ( 2244): Got wake-up signal, bailing out of select
D/dalvikvm( 2244): Debugger has detached; object registry had 1 entries
I/AndroidRuntime( 2244): NOTE: attach of thread 'Binder_2' failed
I/ActivityManager( 1568): Resuming delayed broadcast
I/PackageManager( 1568): Adding preferred activity ComponentInfo{com.android.mms/com.android.mms.ui.ComposeMessageActivity} for user 0 :
I/PackageManager( 1568):   Action: "android.intent.action.SENDTO"
I/PackageManager( 1568):   Category: "android.intent.category.DEFAULT"
I/PackageManager( 1568):   Scheme: "mmsto"
E/dalvikvm( 1829): Could not find class 'com.google.common.flogger.backend.google.GooglePlatform', referenced from method beui.a
W/dalvikvm( 1829): VFY: unable to resolve const-class 4605 (Lcom/google/common/flogger/backend/google/GooglePlatform;) in Lbeui;
D/dalvikvm( 1829): VFY: replacing opcode 0x1c at 0x001b
I/PackageManager( 1568): Adding preferred activity ComponentInfo{com.android.mms/com.android.mms.ui.ComposeMessageActivity} for user 0 :
I/NearbyDiscovery( 1775): DiscoveryService destroyed [CONTEXT service_id=49 ]
I/ActivityManager( 1568): Start proc com.google.android.googlequicksearchbox:launcher for broadcast com.google.android.googlequicksearchbox/com.google.android.gel.GelStubAppWatcher: pid=2257 uid=10013 gids={50013, 3003, 1028, 3002, 1015}
D/dalvikvm( 1568): GC_FOR_ALLOC freed 1038K, 51% free 7526K/15144K, paused 17ms, total 17ms
D/dalvikvm( 1829): GC_FOR_ALLOC freed 349K, 9% free 5303K/5812K, paused 6ms, total 6ms
I/auxu    ( 1829): Primes not initialized, returning default (no-op) Primes instance which will ignore all calls. Please call Primes.initialize(...) before using any Primes API.
I/dalvikvm( 1829): Could not find method com.google.android.chimera.ContextThemeWrapper.createAttributionContext, referenced from method mnu.createAttributionContext
W/dalvikvm( 1829): VFY: unable to resolve virtual method 13785: Lcom/google/android/chimera/ContextThemeWrapper;.createAttributionContext (Ljava/lang/String;)Landroid/content/Context;
D/dalvikvm( 1829): VFY: replacing opcode 0x6f at 0x0002
I/dalvikvm( 1829): Could not find method android.content.ContextWrapper.createCredentialProtectedStorageContext, referenced from method mnu.createCredentialProtectedStorageContext
W/dalvikvm( 1829): VFY: unable to resolve virtual method 2508: Landroid/content/ContextWrapper;.createCredentialProtectedStorageContext ()Landroid/content/Context;
D/dalvikvm( 1829): VFY: replacing opcode 0x6f at 0x0002
I/dalvikvm( 1829): Could not find method android.content.ContextWrapper.createDeviceProtectedStorageContext, referenced from method mnu.createDeviceProtectedStorageContext
W/dalvikvm( 1829): VFY: unable to resolve virtual method 2509: Landroid/content/ContextWrapper;.createDeviceProtectedStorageContext ()Landroid/content/Context;
D/dalvikvm( 1829): VFY: replacing opcode 0x6f at 0x0002
I/dalvikvm( 1829): Could not find method android.content.Context.bindService, referenced from method uws.bindService
W/dalvikvm( 1829): VFY: unable to resolve virtual method 2453: Landroid/content/Context;.bindService (Landroid/content/Intent;ILjava/util/concurrent/Executor;Landroid/content/ServiceConnection;)Z
D/dalvikvm( 1829): VFY: replacing opcode 0x6e at 0x0018
I/dalvikvm( 1829): Could not find method android.content.Context.bindService, referenced from method uws.bindService
W/dalvikvm( 1829): VFY: unable to resolve virtual method 2453: Landroid/content/Context;.bindService (Landroid/content/Intent;ILjava/util/concurrent/Executor;Landroid/content/ServiceConnection;)Z
D/dalvikvm( 1829): VFY: replacing opcode 0x6e at 0x0030
I/dalvikvm( 1829): Could not find method android.content.Context.startForegroundService, referenced from method uws.startForegroundService
W/dalvikvm( 1829): VFY: unable to resolve virtual method 2501: Landroid/content/Context;.startForegroundService (Landroid/content/Intent;)Landroid/content/ComponentName;
D/dalvikvm( 1829): VFY: replacing opcode 0x6e at 0x001c
I/dalvikvm( 1829): Could not find method android.content.Context.startForegroundService, referenced from method uws.startForegroundService
W/dalvikvm( 1829): VFY: unable to resolve virtual method 2501: Landroid/content/Context;.startForegroundService (Landroid/content/Intent;)Landroid/content/ComponentName;
D/dalvikvm( 1829): VFY: replacing opcode 0x6e at 0x0028
I/dalvikvm( 1829): Could not find method android.os.PowerManager.isPowerSaveMode, referenced from method uwl.a
W/dalvikvm( 1829): VFY: unable to resolve virtual method 3047: Landroid/os/PowerManager;.isPowerSaveMode ()Z
D/dalvikvm( 1829): VFY: replacing opcode 0x6e at 0x0010
E/ConfigFileUtils( 2088): Failed to read config file: /data/data/com.google.android.gms/app_chimera/current_fileapks.pb: open failed: ENOENT (No such file or directory)
I/dalvikvm( 1829): Could not find method android.app.admin.DevicePolicyManager.isProfileOwnerApp, referenced from method hbs.c
W/dalvikvm( 1829): VFY: unable to resolve virtual method 2595: Landroid/app/admin/DevicePolicyManager;.isProfileOwnerApp (Ljava/lang/String;)Z
D/dalvikvm( 1829): VFY: replacing opcode 0x6e at 0x0011
I/dalvikvm( 1829): Could not find method android.app.admin.DevicePolicyManager.getProfileOwner, referenced from method hbs.a
W/dalvikvm( 1829): VFY: unable to resolve virtual method 2591: Landroid/app/admin/DevicePolicyManager;.getProfileOwner ()Landroid/content/ComponentName;
D/dalvikvm( 1829): VFY: replacing opcode 0x6e at 0x0012
D/dalvikvm( 1829): GC_FOR_ALLOC freed 447K, 11% free 5589K/6220K, paused 3ms, total 3ms
V/Launcher( 2257): LauncherAppState inited
I/dalvikvm( 1829): Could not find method android.app.NotificationManager.getCurrentInterruptionFilter, referenced from method nea.b
W/dalvikvm( 1829): VFY: unable to resolve virtual method 2504: Landroid/app/NotificationManager;.getCurrentInterruptionFilter ()I
D/dalvikvm( 1829): VFY: replacing opcode 0x6e at 0x0002
I/dalvikvm( 1829): Could not find method android.accounts.AccountManager.removeAccount, referenced from method ymq.c
W/dalvikvm( 1829): VFY: unable to resolve virtual method 4165: Landroid/accounts/AccountManager;.removeAccount (Landroid/accounts/Account;Landroid/app/Activity;Landroid/accounts/AccountManagerCallback;Landroid/os/Handler;)Landroid/accounts/AccountManagerFuture;
D/dalvikvm( 1829): VFY: replacing opcode 0x6e at 0x0009
I/dalvikvm( 1829): Could not find method android.accounts.AccountManager.removeAccountExplicitly, referenced from method ymq.d
W/dalvikvm( 1829): VFY: unable to resolve virtual method 4166: Landroid/accounts/AccountManager;.removeAccountExplicitly (Landroid/accounts/Account;)Z
D/dalvikvm( 1829): VFY: replacing opcode 0x6e at 0x0008
E/ConfigFileUtils( 2088): Failed to read config file: /data/data/com.google.android.gms/app_chimera/current_fileapks.pb: open failed: ENOENT (No such file or directory)
I/SystemUpdate( 2088): [Installation,ReceiverIntentOperation] Received intent: Intent { act=com.google.android.gms.update.BASE_MODULE_INIT cat=[targeted_intent_op_prefix:.update.control.ReceiverIntentOperation] cmp=com.google.android.gms/.chimera.GmsIntentOperationService }.
I/dalvikvm( 1829): Could not find method android.content.ServiceConnection.onNullBinding, referenced from method uxb.onNullBinding
W/dalvikvm( 1829): VFY: unable to resolve interface method 2566: Landroid/content/ServiceConnection;.onNullBinding (Landroid/content/ComponentName;)V
D/dalvikvm( 1829): VFY: replacing opcode 0x72 at 0x000f
I/dalvikvm( 1775): Could not find method android.os.UserManager.isManagedProfile, referenced from method nmn.g
W/dalvikvm( 1775): VFY: unable to resolve virtual method 4277: Landroid/os/UserManager;.isManagedProfile ()Z
D/dalvikvm( 1775): VFY: replacing opcode 0x6e at 0x0012
I/dalvikvm( 1775): Could not find method android.app.admin.DevicePolicyManager.getAccountTypesWithManagementDisabled, referenced from method nmn.i
W/dalvikvm( 1775): VFY: unable to resolve virtual method 2586: Landroid/app/admin/DevicePolicyManager;.getAccountTypesWithManagementDisabled ()[Ljava/lang/String;
D/dalvikvm( 1775): VFY: replacing opcode 0x6e at 0x002b
I/Icing   ( 2088): Using regular flags by method 2
I/Auth    ( 1829): [Change,AccountsChange] First snapshot
D/CaptivePortalTracker( 1568): NoActiveNetworkState{ when=0 what=1 obj=NetworkInfo: type: mobile_hipri[LTE], state: DISCONNECTED/DISCONNECTED, reason: dataDisabled, extra: epc.tmobile.com, roaming: false, failover: false, isAvailable: true, isConnectedToProvisioningNetwork: false target=com.android.internal.util.StateMachine$SmHandler }
D/Tethering( 1568): MasterInitialState.processMessage what=3
D/CaptivePortalTracker( 1568): NoActiveNetworkState not a wifi connectivity change, ignore
D/CaptivePortalTracker( 1568): NoActiveNetworkState{ when=-1ms what=1 obj=NetworkInfo: type: mobile[LTE], state: CONNECTED/CONNECTED, reason: connected, extra: epc.tmobile.com, roaming: false, failover: false, isAvailable: true, isConnectedToProvisioningNetwork: false target=com.android.internal.util.StateMachine$SmHandler }
D/Tethering( 1568): MasterInitialState.processMessage what=3
D/CaptivePortalTracker( 1568): NoActiveNetworkState not a wifi connectivity change, ignore
D/dalvikvm( 1829): GC_FOR_ALLOC freed 281K, 8% free 6114K/6604K, paused 8ms, total 8ms
D/dalvikvm( 1568): GC_FOR_ALLOC freed 1165K, 51% free 7499K/15144K, paused 10ms, total 10ms
W/WakefulBroadcastReceiv.( 1829): No active wake lock id #1
I/GCoreUlr( 1775): WorldUpdater received intent Intent { act=com.google.android.location.reporting.ACTION_UPDATE_WORLD cmp=com.google.android.gms/com.google.android.location.reporting.service.DispatchingService (has extras) } with receiverAction android.location.PROVIDERS_CHANGED
D/dalvikvm( 1938): GC_FOR_ALLOC freed 2052K, 9% free 22652K/24844K, paused 5ms, total 6ms
I/GCoreUlr( 1775): WorldUpdater:android.location.PROVIDERS_CHANGED: Ensuring that reporting is stopped because of reasons: (no Google accounts)
I/GCoreUlr( 1775): Unbound from all signal providers.
D/dalvikvm( 2088): GC_FOR_ALLOC freed 720K, 27% free 6394K/8716K, paused 31ms, total 33ms
I/dalvikvm( 2088): Could not find method android.app.NotificationManager.getCurrentInterruptionFilter, referenced from method nea.b
W/dalvikvm( 2088): VFY: unable to resolve virtual method 2504: Landroid/app/NotificationManager;.getCurrentInterruptionFilter ()I
D/dalvikvm( 2088): VFY: replacing opcode 0x6e at 0x0002
I/Auth    ( 1775): [WorkAccountServiceImpl] init work authenticator
I/Icing   ( 2088): IndexChimeraService.getServiceInterface callingPackage=com.google.android.googlequicksearchbox componentName=null serviceId=21
D/dalvikvm( 1829): GC_FOR_ALLOC freed 299K, 8% free 6766K/7304K, paused 27ms, total 27ms
D/dalvikvm( 1568): GC_FOR_ALLOC freed 1102K, 51% free 7528K/15144K, paused 23ms, total 23ms
I/Auth    ( 1775): [WorkAccountServiceImpl] updating authenticator enabled state to: false
I/dalvikvm( 2088): Could not find method android.app.admin.DevicePolicyManager.isProfileOwnerApp, referenced from method hbs.c
W/dalvikvm( 2088): VFY: unable to resolve virtual method 2595: Landroid/app/admin/DevicePolicyManager;.isProfileOwnerApp (Ljava/lang/String;)Z
D/dalvikvm( 2088): VFY: replacing opcode 0x6e at 0x0011
I/dalvikvm( 2088): Could not find method android.app.admin.DevicePolicyManager.getProfileOwner, referenced from method hbs.a
W/dalvikvm( 2088): VFY: unable to resolve virtual method 2591: Landroid/app/admin/DevicePolicyManager;.getProfileOwner ()Landroid/content/ComponentName;
D/dalvikvm( 2088): VFY: replacing opcode 0x6e at 0x0012
D/AndroidRuntime( 2302): 
D/AndroidRuntime( 2302): >>>>>> AndroidRuntime START com.android.internal.os.RuntimeInit <<<<<<
W/linker  ( 2302): libdvm.so has text relocations. This is wasting memory and is a security risk. Please fix.
D/AndroidRuntime( 2302): CheckJNI is ON
D/dalvikvm( 2302): Trying to load lib libjavacore.so 0x0
D/dalvikvm( 2302): Added shared lib libjavacore.so 0x0
D/dalvikvm( 2302): Trying to load lib libnativehelper.so 0x0
D/dalvikvm( 2302): Added shared lib libnativehelper.so 0x0
D/dalvikvm( 2302): No JNI_OnLoad found in libnativehelper.so 0x0, skipping init
I/Icing   ( 2088): Storage manager: low false usage 0 Bytes avail 644.05MB capacity 753.91MB
D/dalvikvm( 2302): Note: class Landroid/app/ActivityManagerNative; has 179 unimplemented (abstract) methods
W/Settings( 2088): Setting device_provisioned has moved from android.provider.Settings.Secure to android.provider.Settings.Global.
E/dalvikvm( 2088): Could not find class 'android.net.Network', referenced from method anbj.a
W/dalvikvm( 2088): VFY: unable to resolve check-cast 7930 (Landroid/net/Network;) in Lanbj;
D/dalvikvm( 2088): VFY: replacing opcode 0x1f at 0x01c1
E/memtrack( 2302): Couldn't load memtrack module (No such file or directory)
E/android.os.Debug( 2302): failed to load memtrack module: -2
D/dalvikvm( 1568): GC_FOR_ALLOC freed 1154K, 51% free 7511K/15144K, paused 10ms, total 12ms
D/AndroidRuntime( 2302): Calling main entry com.android.commands.pm.Pm
D/dalvikvm( 2088): GC_FOR_ALLOC freed 755K, 23% free 6767K/8716K, paused 20ms, total 21ms
I/PackageManager( 1568): Running dexopt on: com.android.defcontainer
I/dalvikvm( 2088): Could not find method android.os.UserManager.getUserProfiles, referenced from method apwh.b
W/dalvikvm( 2088): VFY: unable to resolve virtual method 29751: Landroid/os/UserManager;.getUserProfiles ()Ljava/util/List;
D/dalvikvm( 2088): VFY: replacing opcode 0x6e at 0x005b
W/linker  ( 2339): libdvm.so has text relocations. This is wasting memory and is a security risk. Please fix.
I/ActivityManager( 1568): Start proc com.android.defcontainer for service com.android.defcontainer/.DefaultContainerService: pid=2326 uid=10003 gids={50003, 1028, 1015, 1023, 2001, 1035}
D/dalvikvm( 2339): DexOpt: load 0ms, verify+opt 1ms, 201428 bytes
I/ahju    ( 1775): Scheduling Phenotype for a PhenotypeSyncImmediately(6, com.google.android.gms.settings.platform) one off with window [1, 2] in seconds [CONTEXT service_id=51 ]
I/Auth    ( 2088): [SupervisedAccountIntentOperation] onHandleIntent(): com.google.android.chimera.IntentOperation.NEW_MODULE
I/dalvikvm( 2088): Could not find method android.os.UserManager.isManagedProfile, referenced from method nmn.g
W/dalvikvm( 2088): VFY: unable to resolve virtual method 4277: Landroid/os/UserManager;.isManagedProfile ()Z
D/dalvikvm( 2088): VFY: replacing opcode 0x6e at 0x0012
I/dalvikvm( 2088): Could not find method android.app.admin.DevicePolicyManager.getAccountTypesWithManagementDisabled, referenced from method nmn.i
W/dalvikvm( 2088): VFY: unable to resolve virtual method 2586: Landroid/app/admin/DevicePolicyManager;.getAccountTypesWithManagementDisabled ()[Ljava/lang/String;
D/dalvikvm( 2088): VFY: replacing opcode 0x6e at 0x002b
I/Auth    ( 2088): [SupervisedAccountIntentOperation] This operation is disabled
D/dalvikvm( 1775): GC_FOR_ALLOC freed 790K, 13% free 6493K/7408K, paused 31ms, total 32ms
W/ActivityManager( 1568): No content provider found for permission revoke: file:///data/local/tmp/AndroidRipperService.apk
D/dalvikvm( 1568): GC_FOR_ALLOC freed 1092K, 51% free 7552K/15144K, paused 13ms, total 13ms
W/ActivityManager( 1568): No content provider found for permission revoke: file:///data/local/tmp/AndroidRipperService.apk
I/PackageManager( 1568): Copying native libraries to /data/app-lib/vmdl1279858944
I/PackageParser( 1568): it.unina.android.ripper_service: compat added android.permission.WRITE_EXTERNAL_STORAGE android.permission.READ_PHONE_STATE
I/Icing   ( 2088): IndexChimeraService.getServiceInterface callingPackage=com.google.android.gms componentName=null serviceId=36
I/Icing   ( 2088): IndexChimeraService.getServiceInterface callingPackage=com.google.android.gms componentName=AppsCorpus serviceId=32
D/dalvikvm( 2088): GC_FOR_ALLOC freed 1092K, 21% free 6936K/8716K, paused 7ms, total 8ms
I/IcingInternalCorpora( 2088): Delta update with no prior full sync - doing full sync instead.
I/ahju    ( 1775): Scheduling Phenotype for a PhenotypeSyncImmediately(6, com.google.android.gms.settings.platform.boot) one off with window [1, 2] in seconds [CONTEXT service_id=51 ]
I/dalvikvm( 1775): Could not find method android.provider.DeviceConfig.getProperty, referenced from method ahlr.a
W/dalvikvm( 1775): VFY: unable to resolve static method 29770: Landroid/provider/DeviceConfig;.getProperty (Ljava/lang/String;Ljava/lang/String;)Ljava/lang/String;
D/dalvikvm( 1775): VFY: replacing opcode 0x71 at 0x0000
I/dalvikvm( 1775): Could not find method android.provider.DeviceConfig.setProperty, referenced from method ahlr.a
W/dalvikvm( 1775): VFY: unable to resolve static method 29771: Landroid/provider/DeviceConfig;.setProperty (Ljava/lang/String;Ljava/lang/String;Ljava/lang/String;Z)Z
D/dalvikvm( 1775): VFY: replacing opcode 0x71 at 0x0000
D/dalvikvm( 1829): GC_EXPLICIT freed 349K, 9% free 6881K/7508K, paused 0ms+2ms, total 15ms
D/dalvikvm( 1568): GC_FOR_ALLOC freed 1106K, 50% free 7577K/15144K, paused 12ms, total 12ms
I/NearbyDiscovery( 1775): DiscoveryNearbyMessagesManager failed to background unsubscribe [CONTEXT service_id=49 ]
I/NearbyDiscovery( 1775): java.util.concurrent.TimeoutException: Timed out waiting for Task
I/NearbyDiscovery( 1775): 	at amhe.a(:com.google.android.gms@202414005@20.24.14 (000700-319035315):22)
I/NearbyDiscovery( 1775): 	at aceb.b(:com.google.android.gms@202414005@20.24.14 (000700-319035315):5)
I/NearbyDiscovery( 1775): 	at acds.run(:com.google.android.gms@202414005@20.24.14 (000700-319035315):3)
I/NearbyDiscovery( 1775): 	at bkpr.handleMessage(:com.google.android.gms@202414005@20.24.14 (000700-319035315):9)
I/NearbyDiscovery( 1775): 	at android.os.Handler.dispatchMessage(Handler.java:102)
I/NearbyDiscovery( 1775): 	at ypf.a(:com.google.android.gms@202414005@20.24.14 (000700-319035315):2)
I/NearbyDiscovery( 1775): 	at ypf.dispatchMessage(:com.google.android.gms@202414005@20.24.14 (000700-319035315):14)
I/NearbyDiscovery( 1775): 	at android.os.Looper.loop(Looper.java:136)
I/NearbyDiscovery( 1775): 	at android.os.HandlerThread.run(HandlerThread.java:61)
I/SystemUpdate( 2088): [Execution,InstallationEventIntentOperation] Handling event of type 1.
I/PackageManager( 1568): Running dexopt on: it.unina.android.ripper_service
W/linker  ( 2352): libdvm.so has text relocations. This is wasting memory and is a security risk. Please fix.
E/BluetoothAdapter( 1775): Bluetooth binder is null
I/NearbyDiscovery( 1775): FastPair: Skip backfill FastPairItem, adapter is null [CONTEXT service_id=49 ]
D/dalvikvm( 2088): GC_FOR_ALLOC freed 1068K, 18% free 7184K/8716K, paused 16ms, total 17ms
D/dalvikvm( 1568): GC_FOR_ALLOC freed 1149K, 50% free 7579K/15144K, paused 12ms, total 19ms
D/dalvikvm( 2352): DexOpt: load 6ms, verify+opt 34ms, 1117628 bytes
I/NearbyDiscovery( 1775): FastPair: HeadsetPieceImage, grant permission files:0 [CONTEXT service_id=49 ]
I/NearbyDiscovery( 1775): FastPairEventStream: Skip initialize event stream, adapter is null [CONTEXT service_id=49 ]
I/SystemUpdate( 2088): [Execution,InstallationIntentOperation] Received intent: Intent { act=com.google.android.gms.update.INSTALL_UPDATE cat=[targeted_intent_op_prefix:.update.execution.InstallationIntentOperation] cmp=com.google.android.gms/.chimera.GmsIntentOperationService }.
I/ActivityManager( 1568): Force stopping it.unina.android.ripper_service appid=10057 user=-1: update pkg
E/native  ( 2088): filesystem.cc:93 Opening file /data/data/com.google.android.gms/files/AppDataSearch/main/cur/compact_status for read failed: No such file or directory
I/native  ( 2088): permission-checker.cc:74 Creating PermissionChecker based on ACL with config_version 1 having 14 permissions defined.
W/native  ( 2088): words-map.cc:30 INVALID_ARGUMENT: Empty URI
W/native  ( 2088): words-map.cc:34 WordsMap was not properly initialized
W/NearbyShared( 1775): BTConnStateMgr: Already destroyed!
I/NearbyDiscovery( 1775): EventStreamLoggingManager: destroy, unbind service [CONTEXT service_id=49 ]
I/NearbyDiscovery( 1775): Show notifications: 0 total, no changes since last shown, no-op. [CONTEXT service_id=49 ]
I/NearbyDiscovery( 1775): DiscoveryService destroy EventLoop [CONTEXT service_id=49 ]
E/BluetoothAdapter( 1775): Bluetooth binder is null
E/BluetoothAdapter( 1775): Bluetooth binder is null
D/dalvikvm( 1568): GC_FOR_ALLOC freed 1153K, 50% free 7577K/15144K, paused 10ms, total 10ms
D/dalvikvm( 1568): GC_FOR_ALLOC freed 1168K, 51% free 7559K/15144K, paused 6ms, total 6ms
D/dalvikvm( 1568): GC_FOR_ALLOC freed 1125K, 50% free 7580K/15144K, paused 6ms, total 6ms
I/SystemUpdate( 2088): [Control,InstallationControl] Installation progress updated to (0x000, -1.000).
D/dalvikvm( 2257): GC_FOR_ALLOC freed 275K, 10% free 3206K/3544K, paused 1ms, total 1ms
W/Launcher.Model( 2257): Nobody to tell about the new app.  Launcher is probably loading.
D/dalvikvm( 1568): GC_FOR_ALLOC freed 1142K, 50% free 7590K/15144K, paused 14ms, total 14ms
I/InputReader( 1568): Reconfiguring input devices.  changes=0x00000010
I/PackageManager( 1568):   Action: "android.intent.action.SENDTO"
I/PackageManager( 1568):   Category: "android.intent.category.DEFAULT"
I/PackageManager( 1568):   Scheme: "sms"
I/PackageManager( 1568): Adding preferred activity ComponentInfo{com.android.mms/com.android.mms.ui.ComposeMessageActivity} for user 0 :
I/PackageManager( 1568):   Action: "android.intent.action.SENDTO"
I/PackageManager( 1568):   Category: "android.intent.category.DEFAULT"
I/PackageManager( 1568):   Scheme: "smsto"
I/PackageManager( 1568): Adding preferred activity ComponentInfo{com.android.mms/com.android.mms.ui.ComposeMessageActivity} for user 0 :
D/dalvikvm( 1797): GC_FOR_ALLOC freed 444K, 15% free 3617K/4224K, paused 1ms, total 2ms
I/PackageManager( 1568):   Action: "android.intent.action.SENDTO"
I/PackageManager( 1568):   Category: "android.intent.category.DEFAULT"
I/PackageManager( 1568):   Scheme: "mms"
I/PackageManager( 1568): Adding preferred activity ComponentInfo{com.android.mms/com.android.mms.ui.ComposeMessageActivity} for user 0 :
I/PackageManager( 1568):   Action: "android.intent.action.SENDTO"
I/PackageManager( 1568):   Category: "android.intent.category.DEFAULT"
I/PackageManager( 1568):   Scheme: "mmsto"
D/dalvikvm( 2088): GC_FOR_ALLOC freed 1375K, 18% free 7194K/8716K, paused 17ms, total 18ms
D/BackupManagerService( 1568): Received broadcast Intent { act=android.intent.action.PACKAGE_ADDED dat=package:it.unina.android.ripper_service flg=0x4000010 (has extras) }
I/PackageManager( 1568): Adding preferred activity ComponentInfo{com.android.mms/com.android.mms.ui.ComposeMessageActivity} for user 0 :
I/dalvikvm( 1775): Failed resolving Lnin; interface 549 'Landroid/app/AlarmManager$OnAlarmListener;'
W/dalvikvm( 1775): Link of class 'Lnin;' failed
I/Icing   ( 2088): Version not set, assuming clear data.
I/PackageManager( 1568):   Action: "android.intent.action.SENDTO"
I/PackageManager( 1568):   Category: "android.intent.category.DEFAULT"
I/PackageManager( 1568):   Scheme: "sms"
I/Icing   ( 2088): Clearing storage
V/BackupManagerService( 1568): addPackageParticipantsLocked: #1
I/PackageManager( 1568): Adding preferred activity ComponentInfo{com.android.mms/com.android.mms.ui.ComposeMessageActivity} for user 0 :
I/Icing   ( 2088): Clearing CorpusMap, ClientRegistry, Setting
