W/dalvikvm( 2494): VFY: unable to resolve virtual method 3157: Landroid/content/Context;.getDrawable (I)Landroid/graphics/drawable/Drawable;
D/dalvikvm( 2494): VFY: replacing opcode 0x6e at 0x0006
I/dalvikvm( 2494): Could not find method android.content.Context.getDataDir, referenced from method rj.a
W/dalvikvm( 2494): VFY: unable to resolve virtual method 3154: Landroid/content/Context;.getDataDir ()Ljava/io/File;
D/dalvikvm( 2494): VFY: replacing opcode 0x6e at 0x0006
I/dalvikvm( 2494): Could not find method android.content.Context.getSystemServiceName, referenced from method rj.a
W/dalvikvm( 2494): VFY: unable to resolve virtual method 3173: Landroid/content/Context;.getSystemServiceName (Ljava/lang/Class;)Ljava/lang/String;
D/dalvikvm( 2494): VFY: replacing opcode 0x6e at 0x000a
I/dalvikvm( 2494): Could not find method android.content.Context.getSystemService, referenced from method rj.a
W/dalvikvm( 2494): VFY: unable to resolve virtual method 3171: Landroid/content/Context;.getSystemService (Ljava/lang/Class;)Ljava/lang/Object;
D/dalvikvm( 2494): VFY: replacing opcode 0x6e at 0x0020
I/dalvikvm( 2494): Could not find method android.content.Context.getColorStateList, referenced from method rj.b
W/dalvikvm( 2494): VFY: unable to resolve virtual method 3152: Landroid/content/Context;.getColorStateList (I)Landroid/content/res/ColorStateList;
D/dalvikvm( 2494): VFY: replacing opcode 0x6e at 0x0006
I/dalvikvm( 2494): Could not find method android.content.Context.getColor, referenced from method rj.c
W/dalvikvm( 2494): VFY: unable to resolve virtual method 3151: Landroid/content/Context;.getColor (I)I
D/dalvikvm( 2494): VFY: replacing opcode 0x6e at 0x0006
I/dalvikvm( 2494): Could not find method android.content.Context.getNoBackupFilesDir, referenced from method rj.d
W/dalvikvm( 2494): VFY: unable to resolve virtual method 3164: Landroid/content/Context;.getNoBackupFilesDir ()Ljava/io/File;
D/dalvikvm( 2494): VFY: replacing opcode 0x6e at 0x0006
I/dalvikvm( 2494): Could not find method android.content.Context.createDeviceProtectedStorageContext, referenced from method rj.e
W/dalvikvm( 2494): VFY: unable to resolve virtual method 3139: Landroid/content/Context;.createDeviceProtectedStorageContext ()Landroid/content/Context;
D/dalvikvm( 2494): VFY: replacing opcode 0x6e at 0x0008
I/dalvikvm( 2494): Could not find method android.content.Context.isDeviceProtectedStorage, referenced from method rj.f
W/dalvikvm( 2494): VFY: unable to resolve virtual method 3177: Landroid/content/Context;.isDeviceProtectedStorage ()Z
D/dalvikvm( 2494): VFY: replacing opcode 0x6e at 0x0008
I/Notifications( 2494): [ChimeBroadcastReceiver] Intent received for action [android.intent.action.TIMEZONE_CHANGED] package [com.google.android.play.games].
D/dalvikvm( 2481): GC_FOR_ALLOC freed 107K, 5% free 4405K/4628K, paused 16ms, total 16ms
E/dalvikvm( 2494): Could not find class 'android.os.PersistableBundle', referenced from method nit.a
W/dalvikvm( 2494): VFY: unable to resolve new-instance 743 (Landroid/os/PersistableBundle;) in Lnit;
D/dalvikvm( 2494): VFY: replacing opcode 0x22 at 0x0001
D/dalvikvm( 2494): DexOpt: unable to opt direct call 0x11d2 at 0x0b in Lnit;.a
D/dalvikvm( 2494): DexOpt: unable to opt direct call 0x0bbb at 0xa1 in Lnit;.a
I/dalvikvm( 2494): Could not find method android.app.NotificationManager.getNotificationChannels, referenced from method nkj.b
W/dalvikvm( 2494): VFY: unable to resolve virtual method 2976: Landroid/app/NotificationManager;.getNotificationChannels ()Ljava/util/List;
D/dalvikvm( 2494): VFY: replacing opcode 0x6e at 0x0015
I/dalvikvm( 2494): Could not find method android.app.NotificationManager.getNotificationChannels, referenced from method nkj.a
W/dalvikvm( 2494): VFY: unable to resolve virtual method 2976: Landroid/app/NotificationManager;.getNotificationChannels ()Ljava/util/List;
D/dalvikvm( 2494): VFY: replacing opcode 0x6e at 0x0016
I/dalvikvm( 2494): Could not find method android.app.NotificationManager.getNotificationChannel, referenced from method nkj.a
W/dalvikvm( 2494): VFY: unable to resolve virtual method 2974: Landroid/app/NotificationManager;.getNotificationChannel (Ljava/lang/String;)Landroid/app/NotificationChannel;
D/dalvikvm( 2494): VFY: replacing opcode 0x6e at 0x0026
I/dalvikvm( 2494): Could not find method android.app.NotificationManager.getNotificationChannelGroups, referenced from method nkj.b
W/dalvikvm( 2494): VFY: unable to resolve virtual method 2975: Landroid/app/NotificationManager;.getNotificationChannelGroups ()Ljava/util/List;
D/dalvikvm( 2494): VFY: replacing opcode 0x6e at 0x0016
I/dalvikvm( 2494): Could not find method java.util.Locale.toLanguageTag, referenced from method nid.a
W/dalvikvm( 2494): VFY: unable to resolve virtual method 33842: Ljava/util/Locale;.toLanguageTag ()Ljava/lang/String;
D/dalvikvm( 2494): VFY: replacing opcode 0x6e at 0x0025
I/dalvikvm( 2494): Could not find method android.content.res.Configuration.getLocales, referenced from method nid.a
W/dalvikvm( 2494): VFY: unable to resolve virtual method 3393: Landroid/content/res/Configuration;.getLocales ()Landroid/os/LocaleList;
D/dalvikvm( 2494): VFY: replacing opcode 0x6e at 0x0032
I/Notifications( 2494): [ChimeBroadcastReceiver] Validation OK for action [android.intent.action.TIMEZONE_CHANGED].
W/PGAfap  ( 2494): ContentFiltersService is unavailable; not applying content filters.
I/ActivityManager( 1568): Delaying start of: ServiceRecord{9d1aa070 u0 com.google.android.play.games/com.google.android.libraries.notifications.executor.impl.basic.ChimeExecutorApiService}
I/CalendarProvider2( 2451): Sending notification intent: Intent { act=android.intent.action.PROVIDER_CHANGED dat=content://com.android.calendar }
W/ContentResolver( 2451): Failed to get type for: content://com.android.calendar (Unknown URL content://com.android.calendar)
I/Checkin ( 2088): [CheckinChimeraService] onStartCommand
I/Notifications( 2494): [ChimeBroadcastReceiver] Executing action in Service [android.intent.action.TIMEZONE_CHANGED].
I/CheckinCompat( 2088): Disabling old GoogleServicesFramework version [CONTEXT service_id=130 ]
D/dalvikvm( 2481): GC_FOR_ALLOC freed 157K, 6% free 4687K/4980K, paused 8ms, total 8ms
E/dalvikvm( 2481): Could not find class 'javax.net.ssl.SNIServerName', referenced from method com.google.android.gms.org.conscrypt.Platform.getSniHostnameFromParams
W/dalvikvm( 2481): VFY: unable to resolve check-cast 5160 (Ljavax/net/ssl/SNIServerName;) in Lcom/google/android/gms/org/conscrypt/Platform;
D/dalvikvm( 2481): VFY: replacing opcode 0x1f at 0x0025
E/dalvikvm( 2481): Could not find class 'javax.net.ssl.SNIHostName', referenced from method com.google.android.gms.org.conscrypt.Platform.setParametersSniHostname
W/dalvikvm( 2481): VFY: unable to resolve new-instance 5159 (Ljavax/net/ssl/SNIHostName;) in Lcom/google/android/gms/org/conscrypt/Platform;
D/dalvikvm( 2481): VFY: replacing opcode 0x22 at 0x0024
E/dalvikvm( 2481): Could not find class 'javax.net.ssl.SNIHostName', referenced from method com.google.android.gms.org.conscrypt.Platform.setParametersSniHostname
W/dalvikvm( 2481): VFY: unable to resolve new-instance 5159 (Ljavax/net/ssl/SNIHostName;) in Lcom/google/android/gms/org/conscrypt/Platform;
D/dalvikvm( 2481): VFY: replacing opcode 0x22 at 0x0024
D/dalvikvm( 2481): DexOpt: unable to opt direct call 0x52f9 at 0x2a in Lcom/google/android/gms/org/conscrypt/Platform;.setParametersSniHostname
D/dalvikvm( 2481): DexOpt: unable to opt direct call 0x52f9 at 0x2a in Lcom/google/android/gms/org/conscrypt/Platform;.setParametersSniHostname
I/CheckinService( 1829): Preparing to send checkin request
I/EventLogService( 1829): Accumulating logs since 0
D/dalvikvm( 2481): GC_FOR_ALLOC freed 308K, 9% free 4884K/5316K, paused 4ms, total 4ms
I/constellation( 2088): [intent_handler] on init with intent Intent { act=com.google.android.chimera.IntentOperation.NEW_MODULE (has extras) }
I/ProviderInstaller( 2481): Installed default security provider GmsCore_OpenSSL
D/dalvikvm( 1568): GC_FOR_ALLOC freed 1043K, 50% free 7693K/15144K, paused 8ms, total 8ms
I/dalvikvm( 1775): Could not find method android.os.PowerManager.isInteractive, referenced from method nol.a
W/dalvikvm( 1775): VFY: unable to resolve virtual method 4227: Landroid/os/PowerManager;.isInteractive ()Z
D/dalvikvm( 1775): VFY: replacing opcode 0x6e at 0x0006
I/CheckinCompat( 2088): GSF Checkin still active [CONTEXT service_id=130 ]
I/Checkin ( 2088): [CheckinChimeraService] notEnabled return:2
W/ProviderHelper( 1775): Unknown dynamite feature providerinstaller
I/DynamiteModule( 1775): Considering local module providerinstaller:0 and remote module providerinstaller:0
I/DynamiteModule( 1775): Considering local module providerinstaller:0 and remote module providerinstaller:0
V/GoogleSettingsUtils( 1829): pre-froyo android id is 0
D/dalvikvm( 1829): GC_EXPLICIT freed 385K, 28% free 5425K/7508K, paused 1ms+0ms, total 6ms
I/BackupPreLmp( 2088): [ComponentEnabler] Enabling pre-L components
V/BackupPreLmp( 2088): [ComponentEnabler] Enabling Component: com.google.android.gms.backup.component.D2dPreLSourceActivity
I/Safeboot( 2481): Checking safeboot...
I/Safeboot( 2481): Not entering safeboot; wrong process.
V/EmulatedCamera_Camera( 1146): getCameraInfo
V/EmulatedCamera_BaseCamera( 1146): getCameraInfo
I/OcrModelUpStIntentOp( 2088): Updating ocr activity enabled=false (phenotypeFlag=false, lowRamDevice=false, prereqCheck=true)
E/dalvikvm( 2481): Could not find class 'com.google.common.flogger.backend.google.GooglePlatform', referenced from method beui.a
W/dalvikvm( 2481): VFY: unable to resolve const-class 4605 (Lcom/google/common/flogger/backend/google/GooglePlatform;) in Lbeui;
D/dalvikvm( 2481): VFY: replacing opcode 0x1c at 0x001b
I/NetworkScheduler( 1775): Using standalone scheduling engine [CONTEXT service_id=218 ]
D/        ( 1829): HostConnection::get() New Host Connection established 0xb8a0a8b0, tid 2549
D/dalvikvm( 2481): GC_FOR_ALLOC freed 344K, 8% free 5150K/5580K, paused 7ms, total 7ms
I/auxu    ( 2481): Primes not initialized, returning default (no-op) Primes instance which will ignore all calls. Please call Primes.initialize(...) before using any Primes API.
D/EGL_emulation( 1829): eglCreateContext: 0xb8a19800: maj 1 min 0 rcv 1
I/dalvikvm( 2481): Could not find method com.google.android.chimera.ContextThemeWrapper.createAttributionContext, referenced from method mnu.createAttributionContext
W/dalvikvm( 2481): VFY: unable to resolve virtual method 13785: Lcom/google/android/chimera/ContextThemeWrapper;.createAttributionContext (Ljava/lang/String;)Landroid/content/Context;
D/dalvikvm( 2481): VFY: replacing opcode 0x6f at 0x0002
I/dalvikvm( 2481): Could not find method android.content.ContextWrapper.createCredentialProtectedStorageContext, referenced from method mnu.createCredentialProtectedStorageContext
I/dalvikvm( 1775): Could not find method android.os.PowerManager.isPowerSaveMode, referenced from method ajlz.a
W/dalvikvm( 1775): VFY: unable to resolve virtual method 29694: Landroid/os/PowerManager;.isPowerSaveMode ()Z
D/dalvikvm( 1775): VFY: replacing opcode 0x6e at 0x007d
W/dalvikvm( 2481): VFY: unable to resolve virtual method 2508: Landroid/content/ContextWrapper;.createCredentialProtectedStorageContext ()Landroid/content/Context;
D/dalvikvm( 2481): VFY: replacing opcode 0x6f at 0x0002
I/dalvikvm( 2481): Could not find method android.content.ContextWrapper.createDeviceProtectedStorageContext, referenced from method mnu.createDeviceProtectedStorageContext
W/dalvikvm( 2481): VFY: unable to resolve virtual method 2509: Landroid/content/ContextWrapper;.createDeviceProtectedStorageContext ()Landroid/content/Context;
D/dalvikvm( 2481): VFY: replacing opcode 0x6f at 0x0002
I/dalvikvm( 2481): Could not find method android.content.Context.bindService, referenced from method uws.bindService
W/dalvikvm( 2481): VFY: unable to resolve virtual method 2453: Landroid/content/Context;.bindService (Landroid/content/Intent;ILjava/util/concurrent/Executor;Landroid/content/ServiceConnection;)Z
D/dalvikvm( 2481): VFY: replacing opcode 0x6e at 0x0018
I/dalvikvm( 2481): Could not find method android.content.Context.bindService, referenced from method uws.bindService
W/dalvikvm( 2481): VFY: unable to resolve virtual method 2453: Landroid/content/Context;.bindService (Landroid/content/Intent;ILjava/util/concurrent/Executor;Landroid/content/ServiceConnection;)Z
D/dalvikvm( 2481): VFY: replacing opcode 0x6e at 0x0030
I/dalvikvm( 2481): Could not find method android.content.Context.startForegroundService, referenced from method uws.startForegroundService
W/dalvikvm( 2481): VFY: unable to resolve virtual method 2501: Landroid/content/Context;.startForegroundService (Landroid/content/Intent;)Landroid/content/ComponentName;
D/dalvikvm( 2481): VFY: replacing opcode 0x6e at 0x001c
I/dalvikvm( 2481): Could not find method android.content.Context.startForegroundService, referenced from method uws.startForegroundService
W/dalvikvm( 2481): VFY: unable to resolve virtual method 2501: Landroid/content/Context;.startForegroundService (Landroid/content/Intent;)Landroid/content/ComponentName;
D/dalvikvm( 2481): VFY: replacing opcode 0x6e at 0x0028
I/dalvikvm( 2481): Could not find method android.os.PowerManager.isPowerSaveMode, referenced from method uwl.a
W/dalvikvm( 2481): VFY: unable to resolve virtual method 3047: Landroid/os/PowerManager;.isPowerSaveMode ()Z
D/dalvikvm( 2481): VFY: replacing opcode 0x6e at 0x0010
D/EGL_emulation( 1829): eglMakeCurrent: 0xb8a19800: ver 1 0
I/ChimeraSrvcProxy( 1775): com.google.android.gms.chimera.PersistentBoundBrokerService returning NullBinder for action com.google.android.gms.ipa.smsindexer.PERSISTENT_START
E/GCM     ( 1775): Missing checkin config file
I/GeofencerStateMachine( 1775): sendQueryLocationOptIn
D/EGL_emulation( 1829): eglCreateContext: 0xb89c9c30: maj 3 min 0 rcv 3
D/dalvikvm( 1568): GC_FOR_ALLOC freed 1328K, 51% free 7544K/15144K, paused 8ms, total 8ms
W/GCM     ( 1775): GCM FAILED TO INITIALIZE - missing checkin
E/GCM     ( 1775): Missing checkin config file
D/dalvikvm( 2481): GC_FOR_ALLOC freed 384K, 9% free 5439K/5936K, paused 3ms, total 3ms
D/EGL_emulation( 1829): eglMakeCurrent: 0xb89c9c30: ver 3 0
D/dalvikvm( 1775): GC_FOR_ALLOC freed 1458K, 17% free 7910K/9500K, paused 7ms, total 7ms
V/AlarmClock( 2439): AlarmInitReceiver android.intent.action.TIME_SET
E/eglCodecCommon( 1829): glUtilsParamSize: unknow param 0x00008cdf
I/AlarmClock( 2439): Displaying next alarm time: ''
V/AlarmClock( 2439): AlarmInitReceiver finished
E/eglCodecCommon( 1829): glUtilsParamSize: unknow param 0x00008824
W/GCM     ( 1775): GCM FAILED TO INITIALIZE - missing checkin
E/BluetoothAdapter( 1814): Bluetooth binder is null
E/ahif    ( 1775): Phenotype API error. Event # bqfe@3b9c6798, EventCode: 6 [CONTEXT service_id=51 ]
E/ahif    ( 1775): ahhj: 29505: No config packages for log source, or config package not registered
E/ahif    ( 1775): 	at ahiu.b(:com.google.android.gms@202414005@20.24.14 (000700-319035315):7)
E/ahif    ( 1775): 	at ahir.b(:com.google.android.gms@202414005@20.24.14 (000700-319035315):2)
E/ahif    ( 1775): 	at ahif.a(:com.google.android.gms@202414005@20.24.14 (000700-319035315):85)
E/ahif    ( 1775): 	at ahif.a(:com.google.android.gms@202414005@20.24.14 (000700-319035315):80)
E/ahif    ( 1775): 	at uun.run(:com.google.android.gms@202414005@20.24.14 (000700-319035315):9)
E/ahif    ( 1775): 	at bcny.run(:com.google.android.gms@202414005@20.24.14 (000700-319035315):2)
E/ahif    ( 1775): 	at nlp.b(:com.google.android.gms@202414005@20.24.14 (000700-319035315):12)
E/ahif    ( 1775): 	at nlp.run(:com.google.android.gms@202414005@20.24.14 (000700-319035315):7)
E/ahif    ( 1775): 	at java.util.concurrent.ThreadPoolExecutor.runWorker(ThreadPoolExecutor.java:1112)
E/ahif    ( 1775): 	at java.util.concurrent.ThreadPoolExecutor$Worker.run(ThreadPoolExecutor.java:587)
E/ahif    ( 1775): 	at nrd.run(:com.google.android.gms@202414005@20.24.14 (000700-319035315):0)
E/ahif    ( 1775): 	at java.lang.Thread.run(Thread.java:841)
D/EGL_emulation( 1829): eglCreateContext: 0xb8a0e150: maj 1 min 0 rcv 1
E/ahif    ( 1775): Phenotype API error. Event # bqfe@238260b4, EventCode: 5 [CONTEXT service_id=51 ]
E/ahif    ( 1775): ahhj: 29500: Empty (package not registered?) or malformed snapshot token: 
E/ahif    ( 1775): 	at ahii.a(:com.google.android.gms@202414005@20.24.14 (000700-319035315):8)
E/ahif    ( 1775): 	at ahih.b(:com.google.android.gms@202414005@20.24.14 (000700-319035315):2)
E/ahif    ( 1775): 	at ahif.a(:com.google.android.gms@202414005@20.24.14 (000700-319035315):85)
E/ahif    ( 1775): 	at ahif.a(:com.google.android.gms@202414005@20.24.14 (000700-319035315):80)
E/ahif    ( 1775): 	at uun.run(:com.google.android.gms@202414005@20.24.14 (000700-319035315):9)
E/ahif    ( 1775): 	at bcny.run(:com.google.android.gms@202414005@20.24.14 (000700-319035315):2)
E/ahif    ( 1775): 	at nlp.b(:com.google.android.gms@202414005@20.24.14 (000700-319035315):12)
E/ahif    ( 1775): 	at nlp.run(:com.google.android.gms@202414005@20.24.14 (000700-319035315):7)
E/ahif    ( 1775): 	at java.util.concurrent.ThreadPoolExecutor.runWorker(ThreadPoolExecutor.java:1112)
E/ahif    ( 1775): 	at java.util.concurrent.ThreadPoolExecutor$Worker.run(ThreadPoolExecutor.java:587)
E/ahif    ( 1775): 	at nrd.run(:com.google.android.gms@202414005@20.24.14 (000700-319035315):0)
E/ahif    ( 1775): 	at java.lang.Thread.run(Thread.java:841)
D/dalvikvm( 1829): GC_EXPLICIT freed 320K, 28% free 5477K/7508K, paused 4ms+1ms, total 16ms
E/AsyncOperation( 1775): serviceID=51, operation=GetExperimentTokensOperationCall
E/AsyncOperation( 1775): OperationException[Status{statusCode=No config packages for log source, or config package not registered, resolution=null}]
E/AsyncOperation( 1775): 	at ahif.a(:com.google.android.gms@202414005@20.24.14 (000700-319035315):87)
E/AsyncOperation( 1775): 	at ahif.a(:com.google.android.gms@202414005@20.24.14 (000700-319035315):80)
E/AsyncOperation( 1775): 	at uun.run(:com.google.android.gms@202414005@20.24.14 (000700-319035315):9)
E/AsyncOperation( 1775): 	at bcny.run(:com.google.android.gms@202414005@20.24.14 (000700-319035315):2)
E/AsyncOperation( 1775): 	at nlp.b(:com.google.android.gms@202414005@20.24.14 (000700-319035315):12)
E/AsyncOperation( 1775): 	at nlp.run(:com.google.android.gms@202414005@20.24.14 (000700-319035315):7)
E/AsyncOperation( 1775): 	at java.util.concurrent.ThreadPoolExecutor.runWorker(ThreadPoolExecutor.java:1112)
E/AsyncOperation( 1775): 	at java.util.concurrent.ThreadPoolExecutor$Worker.run(ThreadPoolExecutor.java:587)
E/AsyncOperation( 1775): 	at nrd.run(:com.google.android.gms@202414005@20.24.14 (000700-319035315):0)
E/AsyncOperation( 1775): 	at java.lang.Thread.run(Thread.java:841)
E/AsyncOperation( 1775): serviceID=51, operation=CommitToConfigurationOperationCall
E/AsyncOperation( 1775): OperationException[Status{statusCode=Empty (package not registered?) or malformed snapshot token: , resolution=null}]
E/AsyncOperation( 1775): 	at ahif.a(:com.google.android.gms@202414005@20.24.14 (000700-319035315):87)
E/AsyncOperation( 1775): 	at ahif.a(:com.google.android.gms@202414005@20.24.14 (000700-319035315):80)
E/AsyncOperation( 1775): 	at uun.run(:com.google.android.gms@202414005@20.24.14 (000700-319035315):9)
E/AsyncOperation( 1775): 	at bcny.run(:com.google.android.gms@202414005@20.24.14 (000700-319035315):2)
E/AsyncOperation( 1775): 	at nlp.b(:com.google.android.gms@202414005@20.24.14 (000700-319035315):12)
E/AsyncOperation( 1775): 	at nlp.run(:com.google.android.gms@202414005@20.24.14 (000700-319035315):7)
E/AsyncOperation( 1775): 	at java.util.concurrent.ThreadPoolExecutor.runWorker(ThreadPoolExecutor.java:1112)
E/AsyncOperation( 1775): 	at java.util.concurrent.ThreadPoolExecutor$Worker.run(ThreadPoolExecutor.java:587)
E/AsyncOperation( 1775): 	at nrd.run(:com.google.android.gms@202414005@20.24.14 (000700-319035315):0)
E/AsyncOperation( 1775): 	at java.lang.Thread.run(Thread.java:841)
W/PhenotypeFlagCommitter( 2494): Committing snapshot for com.google.android.games.app failed, retrying
D/EGL_emulation( 1829): eglMakeCurrent: 0xb8a0e150: ver 1 0
E/ahif    ( 1775): Phenotype API error. Event # bqfe@238260b4, EventCode: 5 [CONTEXT service_id=51 ]
E/ahif    ( 1775): ahhj: 29500: Empty (package not registered?) or malformed snapshot token: 
E/ahif    ( 1775): 	at ahii.a(:com.google.android.gms@202414005@20.24.14 (000700-319035315):8)
E/ahif    ( 1775): 	at ahih.b(:com.google.android.gms@202414005@20.24.14 (000700-319035315):2)
E/ahif    ( 1775): 	at ahif.a(:com.google.android.gms@202414005@20.24.14 (000700-319035315):85)
E/ahif    ( 1775): 	at ahif.a(:com.google.android.gms@202414005@20.24.14 (000700-319035315):80)
E/ahif    ( 1775): 	at uun.run(:com.google.android.gms@202414005@20.24.14 (000700-319035315):9)
E/ahif    ( 1775): 	at bcny.run(:com.google.android.gms@202414005@20.24.14 (000700-319035315):2)
E/ahif    ( 1775): 	at nlp.b(:com.google.android.gms@202414005@20.24.14 (000700-319035315):12)
E/ahif    ( 1775): 	at nlp.run(:com.google.android.gms@202414005@20.24.14 (000700-319035315):7)
E/ahif    ( 1775): 	at java.util.concurrent.ThreadPoolExecutor.runWorker(ThreadPoolExecutor.java:1112)
E/ahif    ( 1775): 	at java.util.concurrent.ThreadPoolExecutor$Worker.run(ThreadPoolExecutor.java:587)
E/ahif    ( 1775): 	at nrd.run(:com.google.android.gms@202414005@20.24.14 (000700-319035315):0)
E/ahif    ( 1775): 	at java.lang.Thread.run(Thread.java:841)
E/AsyncOperation( 1775): serviceID=51, operation=CommitToConfigurationOperationCall
E/AsyncOperation( 1775): OperationException[Status{statusCode=Empty (package not registered?) or malformed snapshot token: , resolution=null}]
E/AsyncOperation( 1775): 	at ahif.a(:com.google.android.gms@202414005@20.24.14 (000700-319035315):87)
E/AsyncOperation( 1775): 	at ahif.a(:com.google.android.gms@202414005@20.24.14 (000700-319035315):80)
E/AsyncOperation( 1775): 	at uun.run(:com.google.android.gms@202414005@20.24.14 (000700-319035315):9)
E/AsyncOperation( 1775): 	at bcny.run(:com.google.android.gms@202414005@20.24.14 (000700-319035315):2)
E/AsyncOperation( 1775): 	at nlp.b(:com.google.android.gms@202414005@20.24.14 (000700-319035315):12)
E/AsyncOperation( 1775): 	at nlp.run(:com.google.android.gms@202414005@20.24.14 (000700-319035315):7)
E/AsyncOperation( 1775): 	at java.util.concurrent.ThreadPoolExecutor.runWorker(ThreadPoolExecutor.java:1112)
E/AsyncOperation( 1775): 	at java.util.concurrent.ThreadPoolExecutor$Worker.run(ThreadPoolExecutor.java:587)
E/AsyncOperation( 1775): 	at nrd.run(:com.google.android.gms@202414005@20.24.14 (000700-319035315):0)
E/AsyncOperation( 1775): 	at java.lang.Thread.run(Thread.java:841)
W/PhenotypeFlagCommitter( 2494): Committing snapshot for com.google.android.games.app failed, retrying
W/BroadcastQueue( 1568): Permission Denial: broadcasting Intent { act=android.appwidget.action.APPWIDGET_UPDATE_OPTIONS flg=0x10 cmp=com.android.settings/.widget.SettingsAppWidgetProvider (has extras) } from android (pid=1938, uid=10009) is not exported from uid 1000 due to receiver com.android.settings/.widget.SettingsAppWidgetProvider
D/EGL_emulation( 1829): eglCreateContext: 0xb883db70: maj 3 min 0 rcv 3
D/EGL_emulation( 1829): eglMakeCurrent: 0xb883db70: ver 3 0
E/eglCodecCommon( 1829): glUtilsParamSize: unknow param 0x00008cdf
E/eglCodecCommon( 1829): glUtilsParamSize: unknow param 0x00008824
I/ActivityManager( 1568): Start proc com.android.dialer for broadcast com.android.dialer/.calllog.CallLogReceiver: pid=2577 uid=10004 gids={50004, 3003, 1028, 1015}
D/EGL_emulation( 1829): eglCreateContext: 0xb883db70: maj 1 min 0 rcv 1
D/dalvikvm( 2481): GC_FOR_ALLOC freed 223K, 6% free 5952K/6320K, paused 4ms, total 4ms
D/EGL_emulation( 1829): eglMakeCurrent: 0xb883db70: ver 1 0
E/ahif    ( 1775): Phenotype API error. Event # bqfe@a6f27547, EventCode: 5 [CONTEXT service_id=51 ]
E/ahif    ( 1775): ahhj: 29500: Empty (package not registered?) or malformed snapshot token: 
E/ahif    ( 1775): 	at ahii.a(:com.google.android.gms@202414005@20.24.14 (000700-319035315):8)
E/ahif    ( 1775): 	at ahih.b(:com.google.android.gms@202414005@20.24.14 (000700-319035315):2)
E/ahif    ( 1775): 	at ahif.a(:com.google.android.gms@202414005@20.24.14 (000700-319035315):85)
E/ahif    ( 1775): 	at ahif.a(:com.google.android.gms@202414005@20.24.14 (000700-319035315):80)
E/ahif    ( 1775): 	at uun.run(:com.google.android.gms@202414005@20.24.14 (000700-319035315):9)
E/ahif    ( 1775): 	at bcny.run(:com.google.android.gms@202414005@20.24.14 (000700-319035315):2)
E/ahif    ( 1775): 	at nlp.b(:com.google.android.gms@202414005@20.24.14 (000700-319035315):12)
E/ahif    ( 1775): 	at nlp.run(:com.google.android.gms@202414005@20.24.14 (000700-319035315):7)
E/ahif    ( 1775): 	at java.util.concurrent.ThreadPoolExecutor.runWorker(ThreadPoolExecutor.java:1112)
E/ahif    ( 1775): 	at java.util.concurrent.ThreadPoolExecutor$Worker.run(ThreadPoolExecutor.java:587)
E/ahif    ( 1775): 	at nrd.run(:com.google.android.gms@202414005@20.24.14 (000700-319035315):0)
E/ahif    ( 1775): 	at java.lang.Thread.run(Thread.java:841)
E/AsyncOperation( 1775): serviceID=51, operation=CommitToConfigurationOperationCall
E/AsyncOperation( 1775): OperationException[Status{statusCode=Empty (package not registered?) or malformed snapshot token: , resolution=null}]
E/AsyncOperation( 1775): 	at ahif.a(:com.google.android.gms@202414005@20.24.14 (000700-319035315):87)
E/AsyncOperation( 1775): 	at ahif.a(:com.google.android.gms@202414005@20.24.14 (000700-319035315):80)
E/AsyncOperation( 1775): 	at uun.run(:com.google.android.gms@202414005@20.24.14 (000700-319035315):9)
E/AsyncOperation( 1775): 	at bcny.run(:com.google.android.gms@202414005@20.24.14 (000700-319035315):2)
E/AsyncOperation( 1775): 	at nlp.b(:com.google.android.gms@202414005@20.24.14 (000700-319035315):12)
E/AsyncOperation( 1775): 	at nlp.run(:com.google.android.gms@202414005@20.24.14 (000700-319035315):7)
E/AsyncOperation( 1775): 	at java.util.concurrent.ThreadPoolExecutor.runWorker(ThreadPoolExecutor.java:1112)
E/AsyncOperation( 1775): 	at java.util.concurrent.ThreadPoolExecutor$Worker.run(ThreadPoolExecutor.java:587)
E/AsyncOperation( 1775): 	at nrd.run(:com.google.android.gms@202414005@20.24.14 (000700-319035315):0)
E/AsyncOperation( 1775): 	at java.lang.Thread.run(Thread.java:841)
I/PackageManager( 1568): Running dexopt on: com.android.dialer
W/linker  ( 2590): libdvm.so has text relocations. This is wasting memory and is a security risk. Please fix.
D/EGL_emulation( 1829): eglCreateContext: 0xb883db70: maj 3 min 0 rcv 3
D/EGL_emulation( 1829): eglMakeCurrent: 0xb883db70: ver 3 0
E/eglCodecCommon( 1829): glUtilsParamSize: unknow param 0x00008cdf
E/eglCodecCommon( 1829): glUtilsParamSize: unknow param 0x00008824
D/dalvikvm( 2481): GC_FOR_ALLOC freed 247K, 7% free 6577K/7004K, paused 4ms, total 4ms
D/EGL_emulation( 1829): eglCreateContext: 0xb883db70: maj 1 min 0 rcv 1
D/dalvikvm( 2088): GC_FOR_ALLOC freed 1482K, 16% free 8183K/9728K, paused 210ms, total 210ms
D/EGL_emulation( 1829): eglMakeCurrent: 0xb883db70: ver 1 0
D/EGL_emulation( 1829): eglCreateContext: 0xb883db70: maj 3 min 0 rcv 3
D/EGL_emulation( 1829): eglMakeCurrent: 0xb883db70: ver 3 0
E/eglCodecCommon( 1829): glUtilsParamSize: unknow param 0x00008cdf
E/eglCodecCommon( 1829): glUtilsParamSize: unknow param 0x00008824
I/CheckinTask( 1829): Sending checkin request (1577 bytes)
D/dalvikvm( 2088): GC_FOR_ALLOC freed 1856K, 20% free 8034K/9980K, paused 6ms, total 7ms
D/dalvikvm( 2590): DexOpt: load 25ms, verify+opt 59ms, 1622148 bytes
E/WakeLock( 1775): GCM_HB_ALARM release without a matched acquire!
W/WakeLock( 1775): GCM_HB_ALARM counter does not exist
D/ExtensionsFactory( 2577): No custom extensions.
D/dalvikvm( 1568): GC_FOR_ALLOC freed 1171K, 51% free 7515K/15144K, paused 10ms, total 10ms
I/dalvikvm( 2088): Could not find method java.util.Locale.toLanguageTag, referenced from method ablz.a
W/dalvikvm( 2088): VFY: unable to resolve virtual method 19297: Ljava/util/Locale;.toLanguageTag ()Ljava/lang/String;
D/dalvikvm( 2088): VFY: replacing opcode 0x6e at 0x0006
I/SystemUpdate( 2088): [Installation,ReceiverIntentOperation] Received intent: Intent { act=android.intent.action.TIME_SET flg=0x24000010 cmp=com.google.android.gms/.chimera.GmsIntentOperationService$PersistentTrustedReceiver }.
I/ActivityManager( 1568): Delay finish: com.android.dialer/.calllog.CallLogReceiver
E/dalvikvm( 2088): Could not find class 'android.security.keystore.KeyGenParameterSpec$Builder', referenced from method rwq.a
W/dalvikvm( 2088): VFY: unable to resolve new-instance 1527 (Landroid/security/keystore/KeyGenParameterSpec$Builder;) in Lrwq;
D/dalvikvm( 2088): VFY: replacing opcode 0x22 at 0x0034
D/dalvikvm( 2088): DexOpt: unable to opt direct call 0x153f at 0x37 in Lrwq;.a
E/dalvikvm( 2088): Could not find class 'android.security.keystore.KeyGenParameterSpec$Builder', referenced from method rws.a
W/dalvikvm( 2088): VFY: unable to resolve new-instance 1527 (Landroid/security/keystore/KeyGenParameterSpec$Builder;) in Lrws;
D/dalvikvm( 2088): VFY: replacing opcode 0x22 at 0x000b
D/dalvikvm( 2088): DexOpt: unable to opt direct call 0x153f at 0x12 in Lrws;.a
I/ActivityManager( 1568): Resuming delayed broadcast
I/MediaRouter( 2088): Found default route: MediaRouter.RouteInfo{ uniqueId=android/aqi:DEFAULT_ROUTE, name=Phone, description=null, iconUri=null, enabled=true, connectionState=0, canDisconnect=false, playbackType=0, playbackStream=3, deviceType=0, volumeHandling=1, volume=11, volumeMax=15, presentationDisplayId=-1, extras=null, settingsIntent=null, providerPackageName=android }
I/MediaRouter( 2088): Unselecting the current route because it is no longer selectable: null
E/BluetoothAdapter( 1568): Bluetooth binder is null
E/BluetoothAdapter( 1568): Bluetooth binder is null
V/WiredAccessoryManager( 1568): init()
I/PowerManagerService( 1568): Boot animation finished.
E/SoundPool( 1568): error loading /system/media/audio/ui/Effect_Tick.ogg
W/AudioService( 1568): Soundpool could not load file: /system/media/audio/ui/Effect_Tick.ogg
E/SoundPool( 1568): error loading /system/media/audio/ui/Effect_Tick.ogg
W/AudioService( 1568): Soundpool could not load file: /system/media/audio/ui/Effect_Tick.ogg
E/SoundPool( 1568): error loading /system/media/audio/ui/Effect_Tick.ogg
W/AudioService( 1568): Soundpool could not load file: /system/media/audio/ui/Effect_Tick.ogg
E/SoundPool( 1568): error loading /system/media/audio/ui/Effect_Tick.ogg
W/AudioService( 1568): Soundpool could not load file: /system/media/audio/ui/Effect_Tick.ogg
E/SoundPool( 1568): error loading /system/media/audio/ui/Effect_Tick.ogg
W/AudioService( 1568): Soundpool could not load file: /system/media/audio/ui/Effect_Tick.ogg
E/SoundPool( 1568): error loading /system/media/audio/ui/KeypressStandard.ogg
W/AudioService( 1568): Soundpool could not load file: /system/media/audio/ui/KeypressStandard.ogg
E/SoundPool( 1568): error loading /system/media/audio/ui/KeypressSpacebar.ogg
W/AudioService( 1568): Soundpool could not load file: /system/media/audio/ui/KeypressSpacebar.ogg
E/SoundPool( 1568): error loading /system/media/audio/ui/KeypressDelete.ogg
W/AudioService( 1568): Soundpool could not load file: /system/media/audio/ui/KeypressDelete.ogg
E/SoundPool( 1568): error loading /system/media/audio/ui/KeypressReturn.ogg
W/AudioService( 1568): Soundpool could not load file: /system/media/audio/ui/KeypressReturn.ogg
E/SoundPool( 1568): error loading /system/media/audio/ui/KeypressInvalid.ogg
W/AudioService( 1568): Soundpool could not load file: /system/media/audio/ui/KeypressInvalid.ogg
W/AudioService( 1568): onLoadSoundEffects(), Error -1 while loading samples
I/SubscribedFeeds( 2088): Setting ComponentInfo{com.google.android.gms/com.google.android.gms.subscribedfeeds.GcmReceiverService} to 1 [CONTEXT service_id=250 ]
I/RecoverySystem( 1568): No recovery log file
I/ActivityManager( 1568): Delay finish: com.android.providers.downloads/.DownloadReceiver
I/SubscribedFeeds( 2088): Setting ComponentInfo{com.google.android.gms/com.google.android.gms.subscribedfeeds.GmsSubscribedFeedsProvider} to 1 [CONTEXT service_id=250 ]
I/SubscribedFeeds( 2088): Setting ComponentInfo{com.google.android.gsf/com.google.android.gsf.subscribedfeeds.SubscribedFeedsSyncAdapterService} to 2 [CONTEXT service_id=250 ]
I/BootReceiver( 1568): Copying audit failures to DropBox
I/BootReceiver( 1568): Checking for fsck errors
I/SubscribedFeeds( 2088): Setting ComponentInfo{com.google.android.gms/com.google.android.gms.subscribedfeeds.SyncService} to 1 [CONTEXT service_id=250 ]
I/SubscribedFeeds( 2088): Setting ComponentInfo{com.google.android.gms/com.google.android.gms.subscribedfeeds.GmsFeedsSyncService} to 1 [CONTEXT service_id=250 ]
W/Settings( 1775): Setting airplane_mode_on has moved from android.provider.Settings.System to android.provider.Settings.Global, returning read-only value.
I/ActivityManager( 1568): Resuming delayed broadcast
I/GCoreUlr( 1775): WorldUpdater received intent Intent { act=com.google.android.location.reporting.ACTION_UPDATE_WORLD cmp=com.google.android.gms/com.google.android.location.reporting.service.DispatchingService (has extras) } with receiverAction init
W/Settings( 1775): Setting airplane_mode_on has moved from android.provider.Settings.System to android.provider.Settings.Global, returning read-only value.
I/SystemUpdateService( 1829): cancelUpdate (empty URL)
D/dalvikvm( 2088): GC_FOR_ALLOC freed 1518K, 18% free 8199K/9980K, paused 14ms, total 14ms
I/ActivityManager( 1568): Delay finish: com.android.providers.media/.MediaScannerReceiver
I/GCoreUlr( 1775): WorldUpdater:init: Ensuring that reporting is stopped because of reasons: (no Google accounts)
I/SystemUpdate( 2088): [Execution,InstallationEventIntentOperation] Handling event of type 6.
I/ChmraDebugLogger( 2088): [11] com.google.android.gms.flags
I/DynamiteModule( 2088): Considering local module com.google.android.gms.flags:3 and remote module com.google.android.gms.flags:0
I/DynamiteModule( 2088): Selected local version of com.google.android.gms.flags
I/SystemUpdate( 2088): [Execution,InstallationIntentOperation] Received intent: Intent { act=com.google.android.gms.update.INSTALL_UPDATE cat=[targeted_intent_op_prefix:.update.execution.InstallationIntentOperation] cmp=com.google.android.gms/.chimera.GmsIntentOperationService }.
I/SystemUpdate( 2088): [Execution,ExecutionManager] Action finished-execution executed for 0.00 seconds.
I/GCoreUlr( 1775): Unbound from all signal providers.
I/SystemUpdateService( 1829): cancelUpdate (empty URL)
D/dalvikvm( 1829): GC_EXPLICIT freed 684K, 27% free 5543K/7508K, paused 1ms+5ms, total 53ms
I/GCoreUlr( 1775): Unbound from all signal providers.
I/GCoreUlr( 1775): Stopping handler for UlrDispSvcFast
I/dalvikvm( 2088): Could not find method android.net.ConnectivityManager.getAllNetworks, referenced from method npq.a
W/dalvikvm( 2088): VFY: unable to resolve virtual method 3870: Landroid/net/ConnectivityManager;.getAllNetworks ()[Landroid/net/Network;
D/dalvikvm( 2088): VFY: replacing opcode 0x6e at 0x0025
I/dalvikvm( 2088): Could not find method android.net.ConnectivityManager.isDefaultNetworkActive, referenced from method npq.e
W/dalvikvm( 2088): VFY: unable to resolve virtual method 3874: Landroid/net/ConnectivityManager;.isDefaultNetworkActive ()Z
D/dalvikvm( 2088): VFY: replacing opcode 0x6e at 0x000d
I/CastDatabase( 2088): Opening the database
D/dalvikvm( 1568): GC_FOR_ALLOC freed 1020K, 50% free 7630K/15144K, paused 7ms, total 7ms
I/SQLiteCastDBHelper( 2088): Creating cast database
D/dalvikvm( 1775): GC_FOR_ALLOC freed 1270K, 15% free 8305K/9700K, paused 6ms, total 6ms
I/ChimeraCfgMgr( 2088): Received com.google.android.chimera.IntentOperation.NEW_MODULE(1/0): -1,false
W/ChimeraCfgMgr( 2088): Ignoring unexpected com.google.android.chimera.IntentOperation.NEW_MODULE
E/dalvikvm( 1775): Could not find class 'android.telephony.SubscriptionManager', referenced from method amlx.a
W/dalvikvm( 1775): VFY: unable to resolve check-cast 8088 (Landroid/telephony/SubscriptionManager;) in Lamlx;
D/dalvikvm( 1775): VFY: replacing opcode 0x1f at 0x0016
E/GCM     ( 1775): Missing checkin config file
W/GCM     ( 1775): GCM FAILED TO INITIALIZE - missing checkin
I/MediaProvider( 1849): Upgrading media database from version 0 to 700, which will destroy all old data
E/GCM     ( 1775): Missing checkin config file
W/GCM     ( 1775): GCM FAILED TO INITIALIZE - missing checkin
E/WakeLock( 1775): GCM_HB_ALARM release without a matched acquire!
W/WakeLock( 1775): GCM_HB_ALARM counter does not exist
D/dalvikvm( 2088): GC_FOR_ALLOC freed 1527K, 16% free 8411K/10000K, paused 19ms, total 21ms
I/SQLiteCastStore( 2088): 0 CastNetworkInfo instances loaded, 0 CastDeviceInfo instances loaded, 0 paired guest mode devices loaded.
E/ConfigFileUtils( 2088): Failed to read config file: /data/data/com.google.android.gms/app_chimera/current_fileapks.pb: open failed: ENOENT (No such file or directory)
I/Auth    ( 2088): [SupervisedAccountIntentOperation] onHandleIntent(): com.google.android.gms.chimera.container.CONTAINER_UPDATED
I/Auth    ( 2088): [SupervisedAccountIntentOperation] This operation is disabled
I/dalvikvm( 2088): Could not find method android.app.KeyguardManager.isDeviceLocked, referenced from method com.google.android.gms.ads.identifier.settings.g.a
W/dalvikvm( 2088): VFY: unable to resolve virtual method 2478: Landroid/app/KeyguardManager;.isDeviceLocked ()Z
D/dalvikvm( 2088): VFY: replacing opcode 0x6e at 0x0070
I/dalvikvm( 2088): Could not find method android.os.PowerManager.isInteractive, referenced from method com.google.android.gms.ads.identifier.settings.g.a
W/dalvikvm( 2088): VFY: unable to resolve virtual method 4227: Landroid/os/PowerManager;.isInteractive ()Z
D/dalvikvm( 2088): VFY: replacing opcode 0x6e at 0x0093
I/dalvikvm( 2088): Could not find method java.util.Locale.forLanguageTag, referenced from method arfv.a
W/dalvikvm( 2088): VFY: unable to resolve static method 57637: Ljava/util/Locale;.forLanguageTag (Ljava/lang/String;)Ljava/util/Locale;
D/dalvikvm( 2088): VFY: replacing opcode 0x71 at 0x0023
I/ChimeraConfigService( 2088): Scheduling checkin every 120 seconds, with flex of 60 seconds
I/ChromeSync( 2088): [Sync,SyncIntentOperation] Handling the intent: Intent { act=com.google.android.gms.chimera.container.CONTAINER_UPDATED pkg=com.google.android.gms }.
I/constellation( 2088): [periodic_consent_checker] periodic consent checker is disabled.
E/SQLiteLog( 1849): (1) no such table: files
D/dalvikvm( 2088): GC_FOR_ALLOC freed 1598K, 17% free 8624K/10284K, paused 10ms, total 10ms
E/WVMExtractor( 1146): Failed to open libwvm.so
I/dalvikvm( 2088): Could not find method android.telephony.SubscriptionManager.from, referenced from method arew.a
W/dalvikvm( 2088): VFY: unable to resolve static method 1982: Landroid/telephony/SubscriptionManager;.from (Landroid/content/Context;)Landroid/telephony/SubscriptionManager;
D/dalvikvm( 2088): VFY: replacing opcode 0x71 at 0x006c
I/NearbySharing( 2088): Runtime state initialization complete. Sharing is disabled. [CONTEXT service_id=194 ]
D/dalvikvm( 1829): GC_EXPLICIT freed 388K, 26% free 5574K/7508K, paused 2ms+4ms, total 32ms
E/MetadataRetrieverClient( 1146): failed to extract an album art
D/dalvikvm( 1849): GC_FOR_ALLOC freed 349K, 11% free 3385K/3796K, paused 2ms, total 2ms
W/MediaScanner( 1849): Error opening directory '/storage/sdcard/.android_secure/', skipping: Permission denied.
I/CheckinResponseProcessor( 1829): From server: 1141 gservices [full]
V/MediaScanner( 1849): pruneDeadThumbnailFiles... android.database.sqlite.SQLiteCursor@9cfd67e8
V/MediaScanner( 1849): /pruneDeadThumbnailFiles... android.database.sqlite.SQLiteCursor@9cfd67e8
I/ActivityManager( 1568): Resuming delayed broadcast
D/dalvikvm( 1144): GC_EXPLICIT freed 39K, 4% free 2993K/3096K, paused 0ms+0ms, total 4ms
D/dalvikvm( 1144): GC_EXPLICIT freed <1K, 4% free 2993K/3096K, paused 0ms+0ms, total 1ms
D/dalvikvm( 1144): GC_EXPLICIT freed <1K, 4% free 2993K/3096K, paused 0ms+0ms, total 2ms
I/ActivityManager( 1568): Start proc com.android.mms for broadcast com.android.mms/.transaction.MmsSystemEventReceiver: pid=2622 uid=10010 gids={50010, 3003, 1028, 1015}
I/PackageManager( 1568): Running dexopt on: com.android.mms
W/linker  ( 2634): libdvm.so has text relocations. This is wasting memory and is a security risk. Please fix.
D/dalvikvm( 2634): DexOpt: load 15ms, verify+opt 39ms, 1353868 bytes
D/dalvikvm( 1829): GC_FOR_ALLOC freed 326K, 19% free 6132K/7508K, paused 6ms, total 6ms
I/CastSocket( 2088): 19 >= 18. Adding new CastClientAuthKeyManager. [CONTEXT service_id=161 ]
D/CountryDetector( 1568): The first listener is added
V/MmsConfig( 2622): mnc/mcc: 310260
V/MmsConfig( 2622): tag: bool value: enabledMMS - true
V/MmsConfig( 2622): tag: int value: maxMessageSize - 307200
V/MmsConfig( 2622): tag: int value: maxImageHeight - 480
V/MmsConfig( 2622): tag: int value: maxImageWidth - 640
V/MmsConfig( 2622): tag: int value: defaultSMSMessagesPerThread - 10000
V/MmsConfig( 2622): tag: int value: defaultMMSMessagesPerThread - 1000
V/MmsConfig( 2622): tag: int value: minMessageCountPerThread - 10
V/MmsConfig( 2622): tag: int value: maxMessageCountPerThread - 5000
V/MmsConfig( 2622): tag: string value: uaProfUrl - http://www.google.com/oha/rdf/ua-profile-kila.xml
V/MmsConfig( 2622): tag: int value: recipientLimit - -1
V/MmsConfig( 2622): tag: bool value: enableMultipartSMS - true
V/MmsConfig( 2622): tag: int value: smsToMmsTextThreshold - -1
V/MmsConfig( 2622): tag: bool value: enableSlideDuration - true
V/MmsConfig( 2622): tag: int value: maxMessageTextSize - -1
I/dalvikvm( 2088): Could not find method java.util.Locale.toLanguageTag, referenced from method com.google.android.libraries.matchstick.net.SilentRegisterIntentOperation.a
W/dalvikvm( 2088): VFY: unable to resolve virtual method 57646: Ljava/util/Locale;.toLanguageTag ()Ljava/lang/String;
D/dalvikvm( 2088): VFY: replacing opcode 0x6e at 0x0066
I/ActivityManager( 1568): Delay finish: com.android.mms/.transaction.MmsSystemEventReceiver
I/dalvikvm( 2088): Could not find method android.os.PowerManager.isInteractive, referenced from method kjw.a
W/dalvikvm( 2088): VFY: unable to resolve virtual method 4227: Landroid/os/PowerManager;.isInteractive ()Z
D/dalvikvm( 2088): VFY: replacing opcode 0x6e at 0x0012
D/Mms:app ( 2622): cancelNotification
E/BluetoothAdapter( 2088): Bluetooth binder is null
W/dalvikvm( 2088): VFY: unable to find class referenced in signature (Landroid/bluetooth/le/ScanResult;)
I/dalvikvm( 2088): Could not find method android.bluetooth.le.ScanResult.getScanRecord, referenced from method kjg.a
W/dalvikvm( 2088): VFY: unable to resolve virtual method 2766: Landroid/bluetooth/le/ScanResult;.getScanRecord ()Landroid/bluetooth/le/ScanRecord;
D/dalvikvm( 2088): VFY: replacing opcode 0x6e at 0x0005
I/dalvikvm( 2088): Could not find method android.bluetooth.le.BluetoothLeScanner.stopScan, referenced from method kjg.b
W/dalvikvm( 2088): VFY: unable to resolve virtual method 2749: Landroid/bluetooth/le/BluetoothLeScanner;.stopScan (Landroid/bluetooth/le/ScanCallback;)V
D/dalvikvm( 2088): VFY: replacing opcode 0x6e at 0x000f
I/dalvikvm( 2088): Could not find method android.bluetooth.BluetoothAdapter.getBluetoothLeScanner, referenced from method kjg.c
W/dalvikvm( 2088): VFY: unable to resolve virtual method 2729: Landroid/bluetooth/BluetoothAdapter;.getBluetoothLeScanner ()Landroid/bluetooth/le/BluetoothLeScanner;
D/dalvikvm( 2088): VFY: replacing opcode 0x6e at 0x0025
D/dalvikvm( 2088): GC_EXPLICIT freed 1110K, 17% free 8620K/10284K, paused 1ms+3ms, total 21ms
E/StrictMode( 2088): Finalizing a Cursor that has not been deactivated or closed. database = /data/data/com.google.android.gms/databases/matchstickv9.db, table = sharedPreference, query = SELECT * FROM sharedPreference WHERE key = ?
E/StrictMode( 2088): android.database.sqlite.DatabaseObjectNotClosedException: Application did not close the cursor or database object that was opened here
E/StrictMode( 2088): 	at android.database.sqlite.SQLiteCursor.<init>(SQLiteCursor.java:98)
E/StrictMode( 2088): 	at android.database.sqlite.SQLiteDirectCursorDriver.query(SQLiteDirectCursorDriver.java:50)
E/StrictMode( 2088): 	at android.database.sqlite.SQLiteDatabase.rawQueryWithFactory(SQLiteDatabase.java:1314)
E/StrictMode( 2088): 	at android.database.sqlite.SQLiteDatabase.queryWithFactory(SQLiteDatabase.java:1161)
E/StrictMode( 2088): 	at android.database.sqlite.SQLiteDatabase.query(SQLiteDatabase.java:1032)
E/StrictMode( 2088): 	at android.database.sqlite.SQLiteDatabase.query(SQLiteDatabase.java:1200)
E/StrictMode( 2088): 	at aqsg.a(:com.google.android.gms@202414005@20.24.14 (000700-319035315):7)
E/StrictMode( 2088): 	at aqsv.K(:com.google.android.gms@202414005@20.24.14 (000700-319035315):4)
E/StrictMode( 2088): 	at com.google.android.gms.matchstick.intent.MatchstickIntentHandler$OnModuleInitOperation.a(:com.google.android.gms@202414005@20.24.14 (000700-319035315):14)
E/StrictMode( 2088): 	at ljt.onHandleIntent(:com.google.android.gms@202414005@20.24.14 (000700-319035315):7)
E/StrictMode( 2088): 	at com.google.android.chimera.IntentOperation.onHandleIntent(:com.google.android.gms@202414005@20.24.14 (000700-319035315):2)
E/StrictMode( 2088): 	at ljm.onHandleIntent(:com.google.android.gms@202414005@20.24.14 (000700-319035315):4)
E/StrictMode( 2088): 	at bsh.run(:com.google.android.gms@202414005@20.24.14 (000700-319035315):5)
E/StrictMode( 2088): 	at bsg.run(:com.google.android.gms@202414005@20.24.14 (000700-319035315):10)
E/StrictMode( 2088): 	at java.util.concurrent.ThreadPoolExecutor.runWorker(ThreadPoolExecutor.java:1112)
E/StrictMode( 2088): 	at java.util.concurrent.ThreadPoolExecutor$Worker.run(ThreadPoolExecutor.java:587)
E/StrictMode( 2088): 	at java.lang.Thread.run(Thread.java:841)
E/dalvikvm( 2088): Could not find class 'android