I/PackageManager( 1569): Adding preferred activity ComponentInfo{com.android.mms/com.android.mms.ui.ComposeMessageActivity} for user 0 :
I/SystemUpdate( 2105): [Execution,ExecutionManager] Action finished-execution executed for 0.00 seconds.
D/dalvikvm( 1815): GC_FOR_ALLOC freed 346K, 16% free 3667K/4344K, paused 1ms, total 1ms
I/PackageManager( 1569):   Action: "android.intent.action.SENDTO"
I/PackageManager( 1569):   Category: "android.intent.category.DEFAULT"
I/PackageManager( 1569):   Scheme: "smsto"
I/PackageManager( 1569): Adding preferred activity ComponentInfo{com.android.mms/com.android.mms.ui.ComposeMessageActivity} for user 0 :
I/PackageManager( 1569):   Action: "android.intent.action.SENDTO"
I/PackageManager( 1569):   Category: "android.intent.category.DEFAULT"
I/PackageManager( 1569):   Scheme: "mms"
I/PackageManager( 1569): Adding preferred activity ComponentInfo{com.android.mms/com.android.mms.ui.ComposeMessageActivity} for user 0 :
D/dalvikvm( 1569): GC_FOR_ALLOC freed 1070K, 50% free 7547K/14816K, paused 9ms, total 10ms
I/NearbyDiscovery( 1778): DiscoveryService destroy EventLoop [CONTEXT service_id=49 ]
I/PackageManager( 1569):   Action: "android.intent.action.SENDTO"
I/PackageManager( 1569):   Category: "android.intent.category.DEFAULT"
I/PackageManager( 1569):   Scheme: "mmsto"
I/PackageManager( 1569): Adding preferred activity ComponentInfo{com.android.mms/com.android.mms.ui.ComposeMessageActivity} for user 0 :
I/DeletedNullContactsCleanup( 2105): Scheduling the service.
I/PackageManager( 1569):   Action: "android.intent.action.SENDTO"
I/PackageManager( 1569):   Category: "android.intent.category.DEFAULT"
I/PackageManager( 1569):   Scheme: "sms"
I/PackageManager( 1569): Adding preferred activity ComponentInfo{com.android.mms/com.android.mms.ui.ComposeMessageActivity} for user 0 :
D/dalvikvm( 1815): GC_FOR_ALLOC freed 455K, 18% free 3585K/4364K, paused 2ms, total 2ms
I/PackageManager( 1569):   Action: "android.intent.action.SENDTO"
I/PackageManager( 1569):   Category: "android.intent.category.DEFAULT"
I/PackageManager( 1569):   Scheme: "smsto"
I/PackageManager( 1569): Adding preferred activity ComponentInfo{com.android.mms/com.android.mms.ui.ComposeMessageActivity} for user 0 :
D/dalvikvm( 1796): GC_EXPLICIT freed 1655K, 30% free 5379K/7648K, paused 0ms+0ms, total 13ms
I/dalvikvm( 1778): Failed resolving Lnin; interface 549 'Landroid/app/AlarmManager$OnAlarmListener;'
W/dalvikvm( 1778): Link of class 'Lnin;' failed
D/dalvikvm( 2105): GC_FOR_ALLOC freed 1084K, 16% free 6880K/8180K, paused 10ms, total 10ms
D/dalvikvm( 1778): GC_FOR_ALLOC freed 936K, 28% free 6710K/9304K, paused 5ms, total 5ms
I/PackageManager( 1569):   Action: "android.intent.action.SENDTO"
I/PackageManager( 1569):   Category: "android.intent.category.DEFAULT"
I/PackageManager( 1569):   Scheme: "mms"
I/PackageManager( 1569): Adding preferred activity ComponentInfo{com.android.mms/com.android.mms.ui.ComposeMessageActivity} for user 0 :
I/PackageManager( 1569):   Action: "android.intent.action.SENDTO"
I/PackageManager( 1569):   Category: "android.intent.category.DEFAULT"
I/PackageManager( 1569):   Scheme: "mmsto"
I/PackageManager( 1569): Adding preferred activity ComponentInfo{com.android.mms/com.android.mms.ui.ComposeMessageActivity} for user 0 :
I/PackageManager( 1569):   Action: "android.intent.action.SENDTO"
I/PackageManager( 1569):   Category: "android.intent.category.DEFAULT"
I/PackageManager( 1569):   Scheme: "sms"
I/BackupAndSyncValidation( 2105): Scheduling the service.
D/dalvikvm( 1815): GC_FOR_ALLOC freed 370K, 17% free 3658K/4364K, paused 2ms, total 2ms
I/PackageManager( 1569): Adding preferred activity ComponentInfo{com.android.mms/com.android.mms.ui.ComposeMessageActivity} for user 0 :
I/PackageManager( 1569):   Action: "android.intent.action.SENDTO"
I/PackageManager( 1569):   Category: "android.intent.category.DEFAULT"
I/PackageManager( 1569):   Scheme: "smsto"
I/PackageManager( 1569): Adding preferred activity ComponentInfo{com.android.mms/com.android.mms.ui.ComposeMessageActivity} for user 0 :
D/dalvikvm( 1569): GC_FOR_ALLOC freed 1108K, 49% free 7583K/14816K, paused 7ms, total 7ms
E/SQLiteLog( 2105): (1) no such table: owners
I/dalvikvm( 1778): Failed resolving Lnin; interface 549 'Landroid/app/AlarmManager$OnAlarmListener;'
W/dalvikvm( 1778): Link of class 'Lnin;' failed
I/dalvikvm( 1778): Failed resolving Lnin; interface 549 'Landroid/app/AlarmManager$OnAlarmListener;'
W/dalvikvm( 1778): Link of class 'Lnin;' failed
I/dalvikvm( 1778): Failed resolving Lnin; interface 549 'Landroid/app/AlarmManager$OnAlarmListener;'
W/dalvikvm( 1778): Link of class 'Lnin;' failed
W/dalvikvm( 1778): VFY: unable to find class referenced in signature (Lnin;)
I/PeopleInitIntentOp( 2105): Not initializing debuggability [CONTEXT service_id=5 ]
I/PackageManager( 1569):   Action: "android.intent.action.SENDTO"
I/PackageManager( 1569):   Category: "android.intent.category.DEFAULT"
I/PackageManager( 1569):   Scheme: "mms"
I/PackageManager( 1569): Adding preferred activity ComponentInfo{com.android.mms/com.android.mms.ui.ComposeMessageActivity} for user 0 :
I/PackageManager( 1569):   Action: "android.intent.action.SENDTO"
I/PackageManager( 1569):   Category: "android.intent.category.DEFAULT"
I/PackageManager( 1569):   Scheme: "mmsto"
I/PeopleDatabaseHelper( 2105): cleanUpNonGplusAccounts done.
I/PackageManager( 1569): Adding preferred activity ComponentInfo{com.android.mms/com.android.mms.ui.ComposeMessageActivity} for user 0 :
I/PeopleSearchIndexManage( 2105): ICU version changed from unknown to 51.1.0.1
I/PeopleSearchIndexManage( 2105): Rebuilding index...
I/PeopleASM( 2105): Rebuilding autocomplete index...
I/PeopleSearchIndexManage( 2105): Rebuilding index done.
I/dalvikvm( 1778): Could not find method android.os.PowerManager.isInteractive, referenced from method nqg.b
W/dalvikvm( 1778): VFY: unable to resolve virtual method 4227: Landroid/os/PowerManager;.isInteractive ()Z
D/dalvikvm( 1778): VFY: replacing opcode 0x6e at 0x0008
D/dalvikvm( 1569): GC_FOR_ALLOC freed 1192K, 50% free 7543K/14816K, paused 8ms, total 8ms
I/dalvikvm( 2105): Could not find method android.os.UserManager.getUserProfiles, referenced from method apwh.b
W/dalvikvm( 2105): VFY: unable to resolve virtual method 29751: Landroid/os/UserManager;.getUserProfiles ()Ljava/util/List;
D/dalvikvm( 2105): VFY: replacing opcode 0x6e at 0x005b
I/Wear_Controller( 2105): Wear requires a companion app to be installed.
I/Wear_Controller( 2105): onStartup - Wear is not available on this device.
I/ahju    ( 1778): Scheduling Phenotype for a PhenotypeSyncImmediately(6, com.google.android.gms.people) one off with window [1, 2] in seconds [CONTEXT service_id=51 ]
D/dalvikvm( 2105): GC_FOR_ALLOC freed 1191K, 17% free 6983K/8364K, paused 5ms, total 6ms
D/dalvikvm( 1796): GC_EXPLICIT freed 158K, 30% free 5376K/7648K, paused 0ms+0ms, total 5ms
I/GCoreUlr( 1778): Unbound from all signal providers.
I/GCoreUlr( 1778): Stopping handler for UlrDispSvcFast
I/ahju    ( 1778): Scheduling Phenotype for a PhenotypeSyncImmediately(6, com.google.android.gms.people.ui) one off with window [1, 2] in seconds [CONTEXT service_id=51 ]
W/Nearby  ( 1778): Bind call too late - someone already tried to get: interface bkxn [CONTEXT service_id=49 ]
I/ActivityManager( 1569): Start proc com.google.android.gms.ui for service com.google.android.gms/.chimera.UiIntentOperationService: pid=2377 uid=10007 gids={50007, 3003, 1007, 1028, 1015, 3002, 3001, 3007, 2001, 3006}
D/dalvikvm( 1778): GC_FOR_ALLOC freed 979K, 25% free 6992K/9304K, paused 7ms, total 7ms
W/GeofencerStateMachine( 1778): Received SM_HARDWARE_GEOFENCE_CHANGED_CMD in NotInitializedState
W/dalvikvm( 2377): VFY: unable to resolve static field 1608 (PR_SET_DUMPABLE) in Landroid/system/OsConstants;
D/dalvikvm( 2377): VFY: replacing opcode 0x60 at 0x0017
W/dalvikvm( 2377): VFY: unable to find class referenced in signature (Lyqx;)
W/dalvikvm( 2377): VFY: unable to find class referenced in signature (Lyro;)
D/dalvikvm( 1569): GC_FOR_ALLOC freed 1097K, 49% free 7587K/14816K, paused 9ms, total 9ms
E/GeofenceStateCache( 1778): Unable to load state, all registered geofences are lost.
I/NearbyMessages( 1778): OfflineCache: old scanner cache is not enabled [CONTEXT service_id=62 ]
E/dalvikvm( 2105): Could not find class 'android.app.usage.UsageStatsManager', referenced from method vha.a
W/dalvikvm( 2105): VFY: unable to resolve const-class 1242 (Landroid/app/usage/UsageStatsManager;) in Lvha;
D/dalvikvm( 2105): VFY: replacing opcode 0x1c at 0x0009
I/ActivityManager( 1569): Start proc com.google.android.googlequicksearchbox for broadcast com.google.android.googlequicksearchbox/com.google.android.searchcommon.summons.icing.InternalIcingCorporaProvider$CorporaChangedReceiver: pid=2391 uid=10013 gids={50013, 3003, 1028, 3002, 1015}
D/dalvikvm( 1569): GC_FOR_ALLOC freed 1115K, 49% free 7625K/14816K, paused 6ms, total 6ms
I/PackageManager( 1569): Running dexopt on: com.google.android.googlequicksearchbox
W/linker  ( 2408): libdvm.so has text relocations. This is wasting memory and is a security risk. Please fix.
D/dalvikvm( 1569): GC_FOR_ALLOC freed 1189K, 49% free 7599K/14816K, paused 7ms, total 7ms
D/dalvikvm( 1569): GC_FOR_ALLOC freed 1155K, 49% free 7599K/14816K, paused 6ms, total 6ms
D/dalvikvm( 1569): GC_FOR_ALLOC freed 1156K, 49% free 7599K/14816K, paused 6ms, total 6ms
D/dalvikvm( 1569): GC_FOR_ALLOC freed 1155K, 49% free 7599K/14816K, paused 6ms, total 6ms
D/dalvikvm( 2408): DexOpt: 'Landroid/util/Pools$Pool;' has an earlier definition; blocking out
D/dalvikvm( 2408): DexOpt: 'Landroid/util/Pools$SimplePool;' has an earlier definition; blocking out
D/dalvikvm( 2408): DexOpt: 'Landroid/util/Pools$SynchronizedPool;' has an earlier definition; blocking out
D/dalvikvm( 2408): DexOpt: 'Landroid/util/Pools;' has an earlier definition; blocking out
D/dalvikvm( 1569): GC_FOR_ALLOC freed 1156K, 49% free 7599K/14816K, paused 7ms, total 7ms
D/dalvikvm( 2408): DexOpt: not verifying/optimizing 'Landroid/util/Pools$Pool;': multiple definitions
D/dalvikvm( 2408): DexOpt: not verifying/optimizing 'Landroid/util/Pools$SimplePool;': multiple definitions
D/dalvikvm( 2408): DexOpt: not verifying/optimizing 'Landroid/util/Pools$SynchronizedPool;': multiple definitions
D/dalvikvm( 2408): DexOpt: not verifying/optimizing 'Landroid/util/Pools;': multiple definitions
D/dalvikvm( 1569): GC_FOR_ALLOC freed 1155K, 49% free 7599K/14816K, paused 8ms, total 8ms
D/dalvikvm( 1569): GC_FOR_ALLOC freed 1156K, 49% free 7599K/14816K, paused 6ms, total 6ms
I/dalvikvm( 2408): DexOpt: not resolving ambiguous class 'Landroid/util/Pools$Pool;'
I/dalvikvm( 2408): DexOpt: not resolving ambiguous class 'Landroid/util/Pools$SynchronizedPool;'
D/dalvikvm( 1569): GC_FOR_ALLOC freed 1156K, 49% free 7599K/14816K, paused 6ms, total 6ms
D/dalvikvm( 1569): GC_FOR_ALLOC freed 1155K, 49% free 7599K/14816K, paused 6ms, total 6ms
D/dalvikvm( 1569): GC_FOR_ALLOC freed 1155K, 49% free 7599K/14816K, paused 7ms, total 7ms
D/dalvikvm( 1569): GC_FOR_ALLOC freed 1156K, 49% free 7599K/14816K, paused 6ms, total 6ms
D/dalvikvm( 1569): GC_FOR_ALLOC freed 1156K, 49% free 7599K/14816K, paused 7ms, total 7ms
D/dalvikvm( 1569): GC_FOR_ALLOC freed 1155K, 49% free 7599K/14816K, paused 7ms, total 7ms
D/dalvikvm( 2408): DexOpt: load 48ms, verify+opt 224ms, 5311084 bytes
D/dalvikvm( 1569): GC_FOR_ALLOC freed 1155K, 49% free 7599K/14816K, paused 7ms, total 7ms
I/GeofencerStateMachine( 1778): Network location disabled.
D/Tethering( 1569): MasterInitialState.processMessage what=3
D/Tethering( 1569): MasterInitialState.processMessage what=3
D/CaptivePortalTracker( 1569): NoActiveNetworkState{ when=-1ms what=1 obj=NetworkInfo: type: mobile_hipri[LTE], state: DISCONNECTED/DISCONNECTED, reason: dataDisabled, extra: epc.tmobile.com, roaming: false, failover: false, isAvailable: true, isConnectedToProvisioningNetwork: false target=com.android.internal.util.StateMachine$SmHandler }
D/CaptivePortalTracker( 1569): NoActiveNetworkState not a wifi connectivity change, ignore
D/CaptivePortalTracker( 1569): NoActiveNetworkState{ when=-1ms what=1 obj=NetworkInfo: type: mobile[LTE], state: CONNECTED/CONNECTED, reason: connected, extra: epc.tmobile.com, roaming: false, failover: false, isAvailable: true, isConnectedToProvisioningNetwork: false target=com.android.internal.util.StateMachine$SmHandler }
D/CaptivePortalTracker( 1569): NoActiveNetworkState not a wifi connectivity change, ignore
I/dalvikvm( 2377): Could not find method android.system.Os.readlink, referenced from method msk.a
W/dalvikvm( 2377): VFY: unable to resolve static method 3145: Landroid/system/Os;.readlink (Ljava/lang/String;)Ljava/lang/String;
D/dalvikvm( 2377): VFY: replacing opcode 0x71 at 0x00b0
I/dalvikvm( 2377): Could not find method android.os.PowerManager.isInteractive, referenced from method ndc.a
W/dalvikvm( 2377): VFY: unable to resolve virtual method 3046: Landroid/os/PowerManager;.isInteractive ()Z
D/dalvikvm( 2377): VFY: replacing opcode 0x6e at 0x0013
I/dalvikvm( 2377): Could not find method com.google.android.chimera.ModuleContext.getAttributionTag, referenced from method com.google.android.chimera.ModuleContext.createAttributionContext
W/dalvikvm( 2377): VFY: unable to resolve virtual method 14170: Lcom/google/android/chimera/ModuleContext;.getAttributionTag ()Ljava/lang/String;
D/dalvikvm( 2377): VFY: replacing opcode 0x6e at 0x0004
I/dalvikvm( 2377): Could not find method com.google.android.chimera.ContextThemeWrapper.createAttributionContext, referenced from method com.google.android.chimera.ModuleContext.createAttributionContext
W/dalvikvm( 2377): VFY: unable to resolve virtual method 13785: Lcom/google/android/chimera/ContextThemeWrapper;.createAttributionContext (Ljava/lang/String;)Landroid/content/Context;
D/dalvikvm( 2377): VFY: replacing opcode 0x6f at 0x0035
I/dalvikvm( 2377): Could not find method android.content.ContextWrapper.createCredentialProtectedStorageContext, referenced from method com.google.android.chimera.ModuleContext.createCredentialProtectedStorageContext
W/dalvikvm( 2377): VFY: unable to resolve virtual method 2508: Landroid/content/ContextWrapper;.createCredentialProtectedStorageContext ()Landroid/content/Context;
D/dalvikvm( 2377): VFY: replacing opcode 0x6f at 0x0002
I/dalvikvm( 2377): Could not find method android.content.ContextWrapper.createDeviceProtectedStorageContext, referenced from method com.google.android.chimera.ModuleContext.createDeviceProtectedStorageContext
W/dalvikvm( 2377): VFY: unable to resolve virtual method 2509: Landroid/content/ContextWrapper;.createDeviceProtectedStorageContext ()Landroid/content/Context;
D/dalvikvm( 2377): VFY: replacing opcode 0x6f at 0x0002
I/dalvikvm( 2377): Could not find method com.google.android.chimera.ContextThemeWrapper.sendBroadcastWithMultiplePermissions, referenced from method com.google.android.chimera.ModuleContext.sendBroadcastWithMultiplePermissions
W/dalvikvm( 2377): VFY: unable to resolve virtual method 13795: Lcom/google/android/chimera/ContextThemeWrapper;.sendBroadcastWithMultiplePermissions (Landroid/content/Intent;[Ljava/lang/String;)V
D/dalvikvm( 2377): VFY: replacing opcode 0x6f at 0x0009
I/MultiDex( 2377): VM with version 1.6.0 does not have multidex support
I/MultiDex( 2377): Installing application
I/MultiDex( 2377): MultiDexExtractor(/system/priv-app/PrebuiltGmsCore.apk, /data/data/com.google.android.gms/code_cache/secondary-dexes)
I/MultiDex( 2377): Blocking on lock /data/data/com.google.android.gms/code_cache/secondary-dexes/MultiDex.lock
I/MultiDex( 2377): /data/data/com.google.android.gms/code_cache/secondary-dexes/MultiDex.lock locked
I/MultiDex( 2377): MultiDexExtractor.load(/system/priv-app/PrebuiltGmsCore.apk, false, )
I/GCM-GMS ( 2105): Scheduling task to register GMS
I/MultiDex( 2377): loading existing secondary dex files
I/dalvikvm( 1778): Could not find method android.os.UserHandle.isOwner, referenced from method axon.c
W/dalvikvm( 1778): VFY: unable to resolve virtual method 1714: Landroid/os/UserHandle;.isOwner ()Z
D/dalvikvm( 1778): VFY: replacing opcode 0x6e at 0x0186
I/MultiDex( 2377): load found 5 secondary dex files
I/Icing.InternalIcingCorporaProvider( 2391): Updating corpora: A: com.android.sdksetup, C: MAYBE
I/MultiDex( 2377): install done
I/Search.SharedPreferencesProto( 2391): load shared preferences: file not found
I/Search.SharedPreferencesProto( 2391): load shared preferences: file not found
I/ActivityManager( 1569): Start proc com.google.android.googlequicksearchbox:launcher for broadcast com.google.android.googlequicksearchbox/com.google.android.gel.GelStubAppWatcher: pid=2411 uid=10013 gids={50013, 3003, 1028, 3002, 1015}
E/ActivityThread( 2391): Failed to find provider info for com.google.android.voicesearch
I/dalvikvm( 2377): Could not find method android.content.ContentProvider.query, referenced from method brf.superQuery
W/dalvikvm( 2377): VFY: unable to resolve virtual method 2428: Landroid/content/ContentProvider;.query (Landroid/net/Uri;[Ljava/lang/String;Landroid/os/Bundle;Landroid/os/CancellationSignal;)Landroid/database/Cursor;
D/dalvikvm( 2377): VFY: replacing opcode 0x6f at 0x0000
D/dalvikvm( 2377): GC_FOR_ALLOC freed 376K, 16% free 3129K/3692K, paused 2ms, total 4ms
I/dalvikvm( 2377): Could not find method android.os.UserHandle.isOwner, referenced from method nmy.f
W/dalvikvm( 2377): VFY: unable to resolve virtual method 3081: Landroid/os/UserHandle;.isOwner ()Z
D/dalvikvm( 2377): VFY: replacing opcode 0x6e at 0x000a
D/dalvikvm( 2377): DexOpt: couldn't find field Landroid/content/pm/ApplicationInfo;.splitSourceDirs
W/dalvikvm( 2377): VFY: unable to resolve instance field 1475
D/dalvikvm( 2377): VFY: replacing opcode 0x54 at 0x0055
D/dalvikvm( 2377): DexOpt: couldn't find static field Landroid/os/Build;.SUPPORTED_ABIS
W/dalvikvm( 2377): VFY: unable to resolve static field 1540 (SUPPORTED_ABIS) in Landroid/os/Build;
D/dalvikvm( 2377): VFY: replacing opcode 0x62 at 0x00d1
I/dalvikvm( 2377): Could not find method android.system.Os.stat, referenced from method nop.a
W/dalvikvm( 2377): VFY: unable to resolve static method 3146: Landroid/system/Os;.stat (Ljava/lang/String;)Landroid/system/StructStat;
D/dalvikvm( 2377): VFY: replacing opcode 0x71 at 0x0182
E/ActivityThread( 2391): Failed to find provider info for com.google.android.partnersetup.rlzappprovider
I/GCoreUlr( 1778): WorldUpdater received intent Intent { act=com.google.android.location.reporting.ACTION_UPDATE_WORLD cmp=com.google.android.gms/com.google.android.location.reporting.service.DispatchingService (has extras) } with receiverAction android.location.PROVIDERS_CHANGED
I/dalvikvm( 2377): Could not find method android.content.pm.PackageManager.getPackageInstaller, referenced from method men.a
W/dalvikvm( 2377): VFY: unable to resolve virtual method 2608: Landroid/content/pm/PackageManager;.getPackageInstaller ()Landroid/content/pm/PackageInstaller;
D/dalvikvm( 2377): VFY: replacing opcode 0x6e at 0x001c
W/DynamiteModule( 2377): Local module descriptor class for providerinstaller not found.
I/dalvikvm( 2377): Could not find method android.system.Os.readlink, referenced from method bse.a
W/dalvikvm( 2377): VFY: unable to resolve static method 3145: Landroid/system/Os;.readlink (Ljava/lang/String;)Ljava/lang/String;
D/dalvikvm( 2377): VFY: replacing opcode 0x71 at 0x0044
I/dalvikvm( 2377): Could not find method android.system.Os.symlink, referenced from method bse.a
W/dalvikvm( 2377): VFY: unable to resolve static method 3147: Landroid/system/Os;.symlink (Ljava/lang/String;Ljava/lang/String;)V
D/dalvikvm( 2377): VFY: replacing opcode 0x71 at 0x00b0
I/dalvikvm( 2377): Could not find method android.system.Os.stat, referenced from method bse.a
W/dalvikvm( 2377): VFY: unable to resolve static method 3146: Landroid/system/Os;.stat (Ljava/lang/String;)Landroid/system/StructStat;
D/dalvikvm( 2377): VFY: replacing opcode 0x71 at 0x0005
W/dalvikvm( 2377): VFY: unable to resolve static field 1615 (S_IXUSR) in Landroid/system/OsConstants;
D/dalvikvm( 2377): VFY: replacing opcode 0x60 at 0x0007
I/dalvikvm( 2377): Could not find method android.system.Os.stat, referenced from method bse.b
W/dalvikvm( 2377): VFY: unable to resolve static method 3146: Landroid/system/Os;.stat (Ljava/lang/String;)Landroid/system/StructStat;
D/dalvikvm( 2377): VFY: replacing opcode 0x71 at 0x0040
W/dalvikvm( 2377): VFY: unable to resolve static field 1612 (S_IRUSR) in Landroid/system/OsConstants;
D/dalvikvm( 2377): VFY: replacing opcode 0x60 at 0x0007
D/dalvikvm( 2377): DexOpt: couldn't find static field Landroid/os/Build;.SUPPORTED_64_BIT_ABIS
W/dalvikvm( 2377): VFY: unable to resolve static field 1539 (SUPPORTED_64_BIT_ABIS) in Landroid/os/Build;
D/dalvikvm( 2377): VFY: replacing opcode 0x62 at 0x0214
W/ProviderHelper( 2377): Unknown dynamite feature providerinstaller
D/dalvikvm( 1796): GC_EXPLICIT freed 177K, 30% free 5375K/7648K, paused 0ms+1ms, total 4ms
I/DynamiteModule( 2377): Considering local module providerinstaller:0 and remote module providerinstaller:0
W/ProviderInstaller( 2377): Failed to load providerinstaller module: No acceptable module found. Local version is 0 and remote version is 0.
I/dalvikvm( 2377): Could not find method android.content.ContextWrapper.createCredentialProtectedStorageContext, referenced from method nfr.createCredentialProtectedStorageContext
W/dalvikvm( 2377): VFY: unable to resolve virtual method 2508: Landroid/content/ContextWrapper;.createCredentialProtectedStorageContext ()Landroid/content/Context;
D/dalvikvm( 2377): VFY: replacing opcode 0x6f at 0x0002
I/dalvikvm( 2377): Could not find method android.content.ContextWrapper.createDeviceProtectedStorageContext, referenced from method nfr.createDeviceProtectedStorageContext
W/dalvikvm( 2377): VFY: unable to resolve virtual method 2509: Landroid/content/ContextWrapper;.createDeviceProtectedStorageContext ()Landroid/content/Context;
D/dalvikvm( 2377): VFY: replacing opcode 0x6f at 0x0002
D/dalvikvm( 2377): DexOpt: couldn't find static field Landroid/os/Build;.SUPPORTED_64_BIT_ABIS
W/dalvikvm( 2377): VFY: unable to resolve static field 1539 (SUPPORTED_64_BIT_ABIS) in Landroid/os/Build;
D/dalvikvm( 2377): VFY: replacing opcode 0x62 at 0x0080
D/dalvikvm( 2377): DexOpt: couldn't find static field Landroid/os/Build;.SUPPORTED_ABIS
W/dalvikvm( 2377): VFY: unable to resolve static field 1540 (SUPPORTED_ABIS) in Landroid/os/Build;
D/dalvikvm( 2377): VFY: replacing opcode 0x62 at 0x00d3
V/NativeCrypto( 2377): Registering com/google/android/gms/org/conscrypt/NativeCrypto's 286 native methods...
W/dalvikvm( 2377): Unable to resolve superclass of Lcom/google/android/gms/org/conscrypt/TrustManagerImpl; (5184)
V/Launcher( 2411): LauncherAppState inited
W/dalvikvm( 2377): Link of class 'Lcom/google/android/gms/org/conscrypt/TrustManagerImpl;' failed
I/dalvikvm( 2377): Could not find method com.google.android.gms.org.conscrypt.TrustManagerImpl.getDefaultHostnameVerifier, referenced from method com.google.android.gms.org.conscrypt.Conscrypt.getDefaultHostnameVerifier
W/dalvikvm( 2377): VFY: unable to resolve static method 17870: Lcom/google/android/gms/org/conscrypt/TrustManagerImpl;.getDefaultHostnameVerifier ()Lcom/google/android/gms/org/conscrypt/ConscryptHostnameVerifier;
D/dalvikvm( 2377): VFY: replacing opcode 0x71 at 0x0003
W/dalvikvm( 2377): Unable to resolve superclass of Lcom/google/android/gms/org/conscrypt/TrustManagerImpl; (5184)
W/dalvikvm( 2377): Link of class 'Lcom/google/android/gms/org/conscrypt/TrustManagerImpl;' failed
W/dalvikvm( 2377): VFY: unable to find class referenced in signature (Lcom/google/android/gms/org/conscrypt/TrustManagerImpl;)
W/dalvikvm( 2377): Unable to resolve superclass of Lcom/google/android/gms/org/conscrypt/TrustManagerImpl; (5184)
W/dalvikvm( 2377): Link of class 'Lcom/google/android/gms/org/conscrypt/TrustManagerImpl;' failed
I/dalvikvm( 2377): Could not find method com.google.android.gms.org.conscrypt.TrustManagerImpl.getHostnameVerifier, referenced from method com.google.android.gms.org.conscrypt.Conscrypt.getHostnameVerifier
W/dalvikvm( 2377): VFY: unable to resolve virtual method 17872: Lcom/google/android/gms/org/conscrypt/TrustManagerImpl;.getHostnameVerifier ()Lcom/google/android/gms/org/conscrypt/ConscryptHostnameVerifier;
D/dalvikvm( 2377): VFY: replacing opcode 0x6e at 0x0004
W/dalvikvm( 2377): Unable to resolve superclass of Lcom/google/android/gms/org/conscrypt/TrustManagerImpl; (5184)
W/dalvikvm( 2377): Link of class 'Lcom/google/android/gms/org/conscrypt/TrustManagerImpl;' failed
E/dalvikvm( 2377): Could not find class 'com.google.android.gms.org.conscrypt.TrustManagerImpl', referenced from method com.google.android.gms.org.conscrypt.Conscrypt.isConscrypt
W/dalvikvm( 2377): VFY: unable to resolve instanceof 4452 (Lcom/google/android/gms/org/conscrypt/TrustManagerImpl;) in Lcom/google/android/gms/org/conscrypt/Conscrypt;
D/dalvikvm( 2377): VFY: replacing opcode 0x20 at 0x0000
D/dalvikvm( 2377): GC_FOR_ALLOC freed 468K, 18% free 3174K/3828K, paused 2ms, total 2ms
W/dalvikvm( 2377): Unable to resolve superclass of Lcom/google/android/gms/org/conscrypt/TrustManagerImpl; (5184)
W/dalvikvm( 2377): Link of class 'Lcom/google/android/gms/org/conscrypt/TrustManagerImpl;' failed
I/dalvikvm( 2377): Could not find method com.google.android.gms.org.conscrypt.TrustManagerImpl.setDefaultHostnameVerifier, referenced from method com.google.android.gms.org.conscrypt.Conscrypt.setDefaultHostnameVerifier
W/dalvikvm( 2377): VFY: unable to resolve static method 17882: Lcom/google/android/gms/org/conscrypt/TrustManagerImpl;.setDefaultHostnameVerifier (Lcom/google/android/gms/org/conscrypt/ConscryptHostnameVerifier;)V
D/dalvikvm( 2377): VFY: replacing opcode 0x71 at 0x0003
W/dalvikvm( 2377): Unable to resolve superclass of Lcom/google/android/gms/org/conscrypt/TrustManagerImpl; (5184)
W/dalvikvm( 2377): Link of class 'Lcom/google/android/gms/org/conscrypt/TrustManagerImpl;' failed
W/dalvikvm( 2377): VFY: unable to find class referenced in signature (Lcom/google/android/gms/org/conscrypt/TrustManagerImpl;)
W/dalvikvm( 2377): Unable to resolve superclass of Lcom/google/android/gms/org/conscrypt/TrustManagerImpl; (5184)
W/dalvikvm( 2377): Link of class 'Lcom/google/android/gms/org/conscrypt/TrustManagerImpl;' failed
I/dalvikvm( 2377): Could not find method com.google.android.gms.org.conscrypt.TrustManagerImpl.setHostnameVerifier, referenced from method com.google.android.gms.org.conscrypt.Conscrypt.setHostnameVerifier
W/dalvikvm( 2377): VFY: unable to resolve virtual method 17883: Lcom/google/android/gms/org/conscrypt/TrustManagerImpl;.setHostnameVerifier (Lcom/google/android/gms/org/conscrypt/ConscryptHostnameVerifier;)V
D/dalvikvm( 2377): VFY: replacing opcode 0x6e at 0x0004
W/dalvikvm( 2377): Unable to resolve superclass of Lcom/google/android/gms/org/conscrypt/TrustManagerImpl; (5184)
W/dalvikvm( 2377): Link of class 'Lcom/google/android/gms/org/conscrypt/TrustManagerImpl;' failed
E/dalvikvm( 2377): Could not find class 'com.google.android.gms.org.conscrypt.TrustManagerImpl', referenced from method com.google.android.gms.org.conscrypt.Conscrypt.toConscrypt
W/dalvikvm( 2377): VFY: unable to resolve check-cast 4452 (Lcom/google/android/gms/org/conscrypt/TrustManagerImpl;) in Lcom/google/android/gms/org/conscrypt/Conscrypt;
D/dalvikvm( 2377): VFY: replacing opcode 0x1f at 0x002a
I/GCoreUlr( 1778): WorldUpdater:android.location.PROVIDERS_CHANGED: Ensuring that reporting is stopped because of reasons: (no Google accounts)
I/GCoreUlr( 1778): Unbound from all signal providers.
I/dalvikvm( 1778): Could not find method android.content.Context.createDeviceProtectedStorageContext, referenced from method vhu.a
W/dalvikvm( 1778): VFY: unable to resolve virtual method 4497: Landroid/content/Context;.createDeviceProtectedStorageContext ()Landroid/content/Context;
D/dalvikvm( 1778): VFY: replacing opcode 0x6e at 0x001b
I/Fitness ( 1778): OnPackageChangedOperation got intent: Intent { act=android.intent.action.PACKAGE_CHANGED dat=package:com.android.sdksetup flg=0x4000010 cmp=com.google.android.gms/.chimera.PersistentIntentOperationService (has extras) } [CONTEXT service_id=17 ]
I/Herrevad( 1778): [71] wkz.a: updateListenState
E/dalvikvm( 1778): Could not find class 'android.app.usage.UsageStatsManager', referenced from method vha.a
W/dalvikvm( 1778): VFY: unable to resolve const-class 1242 (Landroid/app/usage/UsageStatsManager;) in Lvha;
D/dalvikvm( 1778): VFY: replacing opcode 0x1c at 0x0009
D/dalvikvm( 2377): GC_FOR_ALLOC freed 288K, 13% free 3395K/3872K, paused 2ms, total 2ms
E/BluetoothAdapter( 1778): Bluetooth binder is null
D/dalvikvm( 2391): GC_FOR_ALLOC freed 279K, 13% free 3226K/3692K, paused 1ms, total 1ms
D/dalvikvm( 2377): GC_FOR_ALLOC freed 134K, 9% free 3760K/4096K, paused 1ms, total 1ms
D/dalvikvm( 2105): GC_FOR_ALLOC freed 1063K, 15% free 7254K/8504K, paused 77ms, total 77ms
D/dalvikvm( 2377): GC_FOR_ALLOC freed 131K, 8% free 4108K/4460K, paused 3ms, total 3ms
D/dalvikvm( 2377): GC_FOR_ALLOC freed 105K, 8% free 4406K/4752K, paused 3ms, total 3ms
D/dalvikvm( 1778): GC_FOR_ALLOC freed 1041K, 22% free 7307K/9304K, paused 44ms, total 44ms
D/dalvikvm( 1569): GC_FOR_ALLOC freed 1129K, 49% free 7627K/14816K, paused 19ms, total 20ms
W/ContextImpl( 2391): Implicit intents with startService are not safe: Intent { act=com.google.android.gms.icing.INDEX_SERVICE } android.content.ContextWrapper.bindService:517 com.google.android.gms.internal.av.a:-1 com.google.android.gms.internal.au.connect:-1 
D/dalvikvm( 2377): GC_FOR_ALLOC freed 157K, 9% free 4687K/5104K, paused 7ms, total 7ms
E/dalvikvm( 2377): Could not find class 'javax.net.ssl.SNIServerName', referenced from method com.google.android.gms.org.conscrypt.Platform.getSniHostnameFromParams
W/dalvikvm( 2377): VFY: unable to resolve check-cast 5160 (Ljavax/net/ssl/SNIServerName;) in Lcom/google/android/gms/org/conscrypt/Platform;
D/dalvikvm( 2377): VFY: replacing opcode 0x1f at 0x0025
E/dalvikvm( 2377): Could not find class 'javax.net.ssl.SNIHostName', referenced from method com.google.android.gms.org.conscrypt.Platform.setParametersSniHostname
W/dalvikvm( 2377): VFY: unable to resolve new-instance 5159 (Ljavax/net/ssl/SNIHostName;) in Lcom/google/android/gms/org/conscrypt/Platform;
D/dalvikvm( 2377): VFY: replacing opcode 0x22 at 0x0024
E/dalvikvm( 2377): Could not find class 'javax.net.ssl.SNIHostName', referenced from method com.google.android.gms.org.conscrypt.Platform.setParametersSniHostname
W/dalvikvm( 2377): VFY: unable to resolve new-instance 5159 (Ljavax/net/ssl/SNIHostName;) in Lcom/google/android/gms/org/conscrypt/Platform;
D/dalvikvm( 2377): VFY: replacing opcode 0x22 at 0x0024
D/dalvikvm( 2377): DexOpt: unable to opt direct call 0x52f9 at 0x2a in Lcom/google/android/gms/org/conscrypt/Platform;.setParametersSniHostname
D/dalvikvm( 2377): DexOpt: unable to opt direct call 0x52f9 at 0x2a in Lcom/google/android/gms/org/conscrypt/Platform;.setParametersSniHostname
W/dalvikvm( 1778): VFY: unable to find class referenced in signature (Landroid/net/Network;)
W/dalvikvm( 1778): VFY: unable to find class referenced in signature (Landroid/net/Network;)
I/dalvikvm( 1778): Could not find method android.net.Network.openConnection, referenced from method wna.a
W/dalvikvm( 1778): VFY: unable to resolve virtual method 5072: Landroid/net/Network;.openConnection (Ljava/net/URL;)Ljava/net/URLConnection;
D/dalvikvm( 1778): VFY: replacing opcode 0x6e at 0x008f
D/dalvikvm( 2377): GC_FOR_ALLOC freed 308K, 11% free 4884K/5440K, paused 2ms, total 2ms
I/ProviderInstaller( 2377): Installed default security provider GmsCore_OpenSSL
D/dalvikvm( 1796): GC_EXPLICIT freed 150K, 30% free 5386K/7648K, paused 3ms+0ms, total 16ms
I/Safeboot( 2377): Checking safeboot...
I/Safeboot( 2377): Not entering safeboot; wrong process.
E/dalvikvm( 2377): Could not find class 'com.google.common.flogger.backend.google.GooglePlatform', referenced from method beui.a
W/dalvikvm( 2377): VFY: unable to resolve const-class 4605 (Lcom/google/common/flogger/backend/google/GooglePlatform;) in Lbeui;
D/dalvikvm( 2377): VFY: replacing opcode 0x1c at 0x001b
I/Icing   ( 2105): Storage manager: low false usage 0 Bytes avail 642.65MB capacity 753.91MB
I/Icing   ( 2105): IndexChimeraService.getServiceInterface callingPackage=com.google.android.googlequicksearchbox componentName=null serviceId=21
D/dalvikvm( 2377): GC_FOR_ALLOC freed 347K, 10% free 5149K/5704K, paused 7ms, total 7ms
E/dalvikvm( 2105): Could not find class 'android.telephony.SubscriptionManager', referenced from method com.google.android.gms.checkin.CheckinChimeraService.a
W/dalvikvm( 2105): VFY: unable to resolve check-cast 1109 (Landroid/telephony/SubscriptionManager;) in Lcom/google/android/gms/checkin/CheckinChimeraService;
D/dalvikvm( 2105): VFY: replacing opcode 0x1f at 0x019b
E/dalvikvm( 2105): Could not find class 'android.net.NetworkRequest', referenced from method com.google.android.gms.checkin.CheckinChimeraService.a
W/dalvikvm( 2105): VFY: unable to resolve check-cast 853 (Landroid/net/NetworkRequest;) in Lcom/google/android/gms/checkin/CheckinChimeraService;
D/dalvikvm( 2105): VFY: replacing opcode 0x1f at 0x04d7
I/Icing   ( 2105): IndexChimeraService.getServiceInterface callingPackage=com.google.android.gms componentName=AppsCorpus serviceId=36
I/Icing   ( 2105): IndexChimeraService.getServiceInterface callingPackage=com.google.android.gms componentName=AppsCorpus serviceId=32
I/auxu    ( 2377): Primes not initialized, returning default (no-op) Primes instance which will ignore all calls. Please call Primes.initialize(...) before using any Primes API.
D/dalvikvm( 2105): GC_FOR_ALLOC freed 1304K, 17% free 7373K/8864K, paused 7ms, total 7ms
D/dalvikvm( 1569): GC_FOR_ALLOC freed 1151K, 49% free 7638K/14816K, paused 35ms, total 35ms
D/dalvikvm( 2377): GC_FOR_ALLOC freed 210K, 8% free 5590K/6056K, paused 3ms, total 5ms
I/dalvikvm( 2377): Could not find method com.google.android.chimera.ContextThemeWrapper.createAttributionContext, referenced from method mnu.createAttributionContext
W/dalvikvm( 2377): VFY: unable to resolve virtual method 13785: Lcom/google/android/chimera/ContextThemeWrapper;.createAttributionContext (Ljava/lang/String;)Landroid/content/Context;
D/dalvikvm( 2377): VFY: replacing opcode 0x6f at 0x0002
I/dalvikvm( 2377): Could not find method android.content.ContextWrapper.createCredentialProtectedStorageContext, referenced from method mnu.createCredentialProtectedStorageContext
W/dalvikvm( 2377): VFY: unable to resolve virtual method 2508: Landroid/content/ContextWrapper;.createCredentialProtectedStorageContext ()Landroid/content/Context;
D/dalvikvm( 2377): VFY: replacing opcode 0x6f at 0x0002
I/dalvikvm( 2377): Could not find method android.content.ContextWrapper.createDeviceProtectedStorageContext, referenced from method mnu.createDeviceProtectedStorageContext
W/dalvikvm( 2377): VFY: unable to resolve virtual method 2509: Landroid/content/ContextWrapper;.createDeviceProtectedStorageContext ()Landroid/content/Context;
D/dalvikvm( 2377): VFY: replacing opcode 0x6f at 0x0002
I/dalvikvm( 2377): Could not find method android.content.Context.bindService, referenced from method uws.bindService
W/dalvikvm( 2377): VFY: unable to resolve virtual method 2453: Landroid/content/Context;.bindService (Landroid/content/Intent;ILjava/util/concurrent/Executor;Landroid/content/ServiceConnection;)Z
D/dalvikvm( 2377): VFY: replacing opcode 0x6e at 0x0018
I/dalvikvm( 2377): Could not find method android.content.Context.bindService, referenced from method uws.bindService
W/dalvikvm( 2377): VFY: unable to resolve virtual method 2453: Landroid/content/Context;.bindService (Landroid/content/Intent;ILjava/util/concurrent/Executor;Landroid/content/ServiceConnection;)Z
D/dalvikvm( 2377): VFY: replacing opcode 0x6e at 0x0030
I/dalvikvm( 2377): Could not find method android.content.Context.startForegroundService, referenced from method uws.startForegroundService
W/dalvikvm( 2377): VFY: unable to resolve virtual method 2501: Landroid/content/Context;.startForegroundService (Landroid/content/Intent;)Landroid/content/ComponentName;
D/dalvikvm( 2377): VFY: replacing opcode 0x6e at 0x001c
I/dalvikvm( 2377): Could not find method android.content.Context.startForegroundService, referenced from method uws.startForegroundService
W/dalvikvm( 2377): VFY: unable to resolve virtual method 2501: Landroid/content/Context;.startForegroundService (Landroid/content/Intent;)Landroid/content/ComponentName;
D/dalvikvm( 2377): VFY: replacing opcode 0x6e at 0x0028
I/dalvikvm( 2377): Could not find method android.os.PowerManager.isPowerSaveMode, referenced from method uwl.a
W/dalvikvm( 2377): VFY: unable to resolve virtual method 3047: Landroid/os/PowerManager;.isPowerSaveMode ()Z
D/dalvikvm( 2377): VFY: replacing opcode 0x6e at 0x0010
D/dalvikvm( 2377): GC_FOR_ALLOC freed 373K, 10% free 5987K/6644K, paused 9ms, total 10ms
D/dalvikvm( 1796): GC_EXPLICIT freed 150K, 30% free 5374K/7648K, paused 0ms+0ms, total 4ms
D/dalvikvm( 1569): GC_FOR_ALLOC freed 1086K, 48% free 7718K/14816K, paused 10ms, total 10ms
I/Checkin ( 2105): [CheckinChimeraService] onStartCommand
I/dalvikvm( 1778): Could not find method android.os.PowerManager.isInteractive, referenced from method nol.a
W/dalvikvm( 1778): VFY: unable to resolve virtual method 4227: Landroid/os/PowerManager;.isInteractive ()Z
D/dalvikvm( 1778): VFY: replacing opcode 0x6e at 0x0006
W/ProviderHelper( 1778): Unknown dynamite feature providerinstaller
I/DynamiteModule( 1778): Considering local module providerinstaller:0 and remote module providerinstaller:0
I/DynamiteModule( 1778): Considering local module providerinstaller:0 and remote module providerinstaller:0
I/CheckinCompat( 2105): Disabling old GoogleServicesFramework version [CONTEXT service_id=130 ]
D/dalvikvm( 1569): GC_FOR_ALLOC freed 1329K, 49% free 7574K/14816K, paused 11ms, total 11ms
V/EmulatedCamera_Camera( 1148): getCameraInfo
V/EmulatedCamera_BaseCamera( 1148): getCameraInfo
I/NetworkScheduler( 1778): Using standalone scheduling engine [CONTEXT service_id=218 ]
I/OcrModelUpStIntentOp( 2105): Updating ocr activity enabled=false (phenotypeFlag=false, lowRamDevice=false, prereqCheck=true)
D/dalvikvm( 2377): GC_FOR_ALLOC freed 269K, 8% free 6606K/7176K, paused 6ms, total 6ms
D/dalvikvm( 2105): GC_FOR_ALLOC freed 1142K, 15% free 7695K/9024K, paused 25ms, total 25ms
D/dalvikvm( 1778): GC_FOR_ALLOC freed 1221K, 19% free 7547K/9304K, paused 10ms, total 10ms
I/Checkin ( 2105): [CheckinChimeraService] runCheckinOnNewThread
I/Checkin ( 2105): [CheckinChimeraService] Check queued to run. Is task waiting: false
D/dalvikvm( 1796): GC_EXPLICIT freed 138K, 30% free 5376K/7648K, paused 1ms+0ms, total 6ms
I/dalvikvm( 1778): Could not find method android.os.PowerManager.isPowerSaveMode, referenced from method ajlz.a
W/dalvikvm( 1778): VFY: unable to resolve virtual method 29694: Landroid/os/PowerManager;.isPowerSaveMode ()Z
D/dalvikvm( 1778): VFY: replacing opcode 0x6e at 0x007d
I/Checkin ( 2105): [CheckinChimeraService] Run checkin on new thread return:1
I/Checkin ( 2105): [CheckinChimeraService] Starting Checkin Task: CheckinNowTaskTag Reason : 1 Force : false UserId: 0
I/constellation( 2105): [intent_handler] on init with intent Intent { act=com.google.android.chimera.IntentOperation.NEW_MODULE (has extras) }
D/dalvikvm( 1569): GC_FOR_ALLOC freed 1161K, 49% free 7563K/14816K, paused 14ms, total 14ms
D/dalvikvm( 2105): DexOpt: couldn't find static field Landroid/os/Build;.SUPPORTED_ABIS
W/dalvikvm( 2105): VFY: unable to resolve static field 1191 (SUPPORTED_ABIS) in Landroid/os/Build;
D/dalvikvm( 2105): VFY: replacing opcode 0x62 at 0x02f8
I/dalvikvm( 1778): Could not find method android.hardware.SensorManager.getDefaultSensor, referenced from method ttr.a
W/dalvikvm( 1778): VFY: unable to resolve virtual method 4967: Landroid/hardware/SensorManager;.getDefaultSensor (IZ)Landroid/hardware/Sensor;
D/dalvikvm( 1778): VFY: replacing opcode 0x6e at 0x00b6
W/dalvikvm( 2105): VFY: unable to find class referenced in signature (Landroid/net/NetworkRequest;)
D/dalvikvm( 1778): GC_FOR_ALLOC freed 639K, 19% free 7598K/9304K, paused 15ms, total 15ms
I/Fitness ( 1778): FitCleanupIntentOperation received Intent android.intent.action.PACKAGE_CHANGED [CONTEXT service_id=17 ]
D/dalvikvm( 1569): GC_FOR_ALLOC freed 1145K, 49% free 7565K/14816K, paused 14ms, total 14ms
I/BackupPreLmp( 2105): [ComponentEnabler] Enabling pre-L components
V/BackupPreLmp( 2105): [ComponentEnabler] Enabling Component: com.google.android.gms.backup.component.D2dPreLSourceActivity
I/GCoreUlr( 1778): Unbound from all signal providers.
I/GCoreUlr( 1778): Stopping handler for UlrDispSvcFast
E/GCM     ( 1778): Missing checkin config file
I/dalvikvm( 1778): Could not find method android.os.UserHandle.isOwner, referenced from method ankk.a
W/dalvikvm( 1778): VFY: unable to resolve virtual method 29745: Landroid/os/UserHandle;.isOwner ()Z
D/dalvikvm( 1778): VFY: replacing opcode 0x6e at 0x000a
I/ChimeraSrvcProxy( 1778): com.google.android.gms.chimera.PersistentBoundBrokerService returning NullBinder for action com.google.android.gms.ipa.smsindexer.PERSISTENT_START
W/GCM     ( 1778): GCM FAILED TO INITIALIZE - missing checkin
E/GCM     ( 1778): Missing checkin config file
W/GCM     ( 1778): GCM FAILED TO INITIALIZE - missing checkin
I/constellation( 2105): [sim_state_checker] sim state checker is disabled.
I/dalvikvm( 1778): Could not find method java.util.Locale.toLanguageTag, referenced from method ablz.a
W/dalvikvm( 1778): VFY: unable to resolve virtual method 19297: Ljava/util/Locale;.toLanguageTag ()Ljava/lang/String;
D/dalvikvm( 1778): VFY: replacing opcode 0x6e at 0x0006
I/ActivityManager( 1569): Start proc com.google.android.calendar for broadcast com.google.android.calendar/com.android.calendar.widget.CalendarAppWidgetService$CalendarFactory: pid=2482 uid=10018 gids={50018, 3003}
I/Checkin ( 2105): [EventLogChimeraService] Opted in for usage reporting: false
D/dalvikvm( 1569): GC_FOR_ALLOC freed 1141K, 49% free 7572K/14816K, paused 7ms, total 7ms
I/PackageManager( 1569): Running dexopt on: com.google.android.calendar
W/linker  ( 2498): libdvm.so has text relocations. This is wasting memory and is a security risk. Please fix.
D/dalvikvm( 2105): GC_FOR_ALLOC freed 1605K, 20% free 7654K/9452K, paused 9ms, total 10ms
E/native  ( 2105): filesystem.cc:93 Opening file /data/data/com.google.android.gms/files/AppDataSearch/main/cur/compact_status for read failed: No such file or directory
I/native  ( 2105): permission-checker.cc:74 Creating PermissionChecker based on ACL with config_version 1 having 14 permissions defined.
D/dalvikvm( 1569): GC_FOR_ALLOC freed 1142K, 49% free 7578K/14816K, paused 8ms, total 8ms
W/native  ( 2105): words-map.cc:30 INVALID_ARGUMENT: Empty URI
W/native  ( 2105): words-map.cc:34 WordsMap was not properly initialized
D/dalvikvm( 1569): GC_FOR_ALLOC freed 1152K, 49% free 7576K/14816K, paused 8ms, total 8ms
D/dalvikvm( 1569): GC_FOR_ALLOC freed 1150K, 49% free 7577K/14816K, paused 6ms, total 6ms
D/dalvikvm( 2498): DexOpt: load 14ms, verify+opt 71ms, 1896332 bytes
D/dalvikvm( 1569): GC_FOR_ALLOC freed 1151K, 49% free 7577K/14816K, paused 9ms, total 9ms
E/WakeLock( 1778): GCM_HB_ALARM release without a matched acquire!
W/WakeLock( 1778): GCM_HB_ALARM counter does not exist
I/Checkin ( 2105): [EventLogChimeraService] Opted in for usage reporting: false
I/Checkin ( 2105): [EventLogChimeraService] Accumulating logs since 0
I/Icing   ( 2105): Version not set, assuming clear data.
I/Icing   ( 2105): Clearing storage
I/Icing   ( 2105): Clearing CorpusMap, ClientRegistry, Setting
D/dalvikvm( 1796): GC_EXPLICIT freed 155K, 30% free 5387K/7648K, paused 0ms+19ms, total 71ms
I/ActivityManager( 1569): Start proc com.android.deskclock for broadcast com.android.deskclock/.AlarmInitReceiver: pid=2513 uid=10022 gids={50022, 1028}
D/dalvikvm( 2105): GC_FOR_ALLOC freed 1487K, 19% free 7722K/9452K, paused 10ms, total 10ms
D/dalvikvm( 1569): GC_FOR_ALLOC freed 1110K, 49% free 7617K/14816K, paused 17ms, total 17ms
I/dalvikvm( 2105): Could not find method java.util.Locale.toLanguageTag, referenced from method ablz.a
W/dalvikvm( 2105): VFY: unable to resolve virtual method 19297: Ljava/util/Locale;.toLanguageTag ()Ljava/lang/String;
D/dalvikvm( 2105): VFY: replacing opcode 0x6e at 0x0006
I/PackageManager( 1569): Running dexopt on: com.android.deskclock
I/ActivityManager( 1569): Start proc com.android.providers.calendar for content provider com.android.providers.calendar/.CalendarProvider2: pid=2525 uid=10001 gids={50001, 3003, 1028, 1015}
W/linker  ( 2539): libdvm.so has text relocations. This is wasting memory and is a security risk. Please fix.
D/dalvikvm( 1569): GC_FOR_ALLOC freed 1183K, 49% free 7595K/14816K, paused 7ms, total 7ms
D/dalvikvm( 2539): DexOpt: load 7ms, verify+opt 24ms, 1099492 bytes
D/dalvikvm( 1569): GC_FOR_ALLOC freed 1169K, 49% free 7580K/14816K, paused 10ms, total 10ms
V/AlarmClock( 2513): AlarmInitReceiver android.intent.action.TIMEZONE_CHANGED
I/SubscribedFeeds( 2105): Setting ComponentInfo{com.google.android.gms/com.google.android.gms.subscribedfeeds.GcmReceiverService} to 1 [CONTEXT service_id=250 ]
I/SubscribedFeeds( 2105): Setting ComponentInfo{com.google.android.gms/com.google.android.gms.subscribedfeeds.GmsSubscribedFeedsProvider} to 1 [CONTEXT service_id=250 ]
I/CalendarDatabaseHelper( 2525): Bootstrapping database
D/dalvikvm( 1778): GC_FOR_ALLOC freed 945K, 13% free 8213K/9408K, paused 23ms, total 26ms
I/SubscribedFeeds( 2105): Setting ComponentInfo{com.google.android.gsf/com.google.android.gsf.subscribedfeeds.SubscribedFeedsSyncAdapterService} to 2 [CONTEXT service_id=250 ]
I/SubscribedFeeds( 2105): Setting ComponentInfo{com.google.android.gms/com.google.android.gms.subscribedfeeds.SyncService} to 1 [CONTEXT service_id=250 ]
I/AlarmClock( 2513): Alarms Table created
I/AlarmClock( 2513): Instance table created
I/AlarmClock( 2513): Cities table created
I/AlarmClock( 2513): Inserting default alarms
D/dalvikvm( 1569): GC_FOR_ALLOC freed 1075K, 49% free 7650K/14816K, paused 10ms, total 10ms
I/CalendarProvider2( 2525): Created com.android.providers.calendar.CalendarAlarmManager@9d0256c8(com.android.providers.calendar.CalendarProvider2@9d012478)
I/SubscribedFeeds( 2105): Setting ComponentInfo{com.google.android.gms/com.google.android.gms.subscribedfeeds.GmsFeedsSyncService} to 1 [CONTEXT service_id=250 ]
I/dalvikvm( 2105): Could not find method android.os.UserManager.isManagedProfile, referenced from method lbq.a
W/dalvikvm( 2105): VFY: unable to resolve virtual method 4277: Landroid/os/UserManager;.isManagedProfile ()Z
D/dalvikvm( 2105): VFY: replacing opcode 0x6e at 0x007c
I/AlarmClock( 2513): Displaying next alarm time: ''
V/AlarmClock( 2513): AlarmInitReceiver finished
I/ChmraDebugLogger( 2105): [11] com.google.android.gms.flags
I/DynamiteModule( 2105): Considering local module com.google.android.gms.flags:3 and remote module com.google.android.gms.flags:0
I/DynamiteModule( 2105): Selected local version of com.google.android.gms.flags
W/BackupManagerService( 1569): dataChanged but no participant pkg='com.android.providers.settings' uid=10022
I/ActivityManager( 1569): Start proc com.google.android.play.games for broadcast com.google.android.play.games/com.google.android.libraries.notifications.entrypoints.timezonechanged.TimezoneChangedReceiver: pid=2545 uid=10043 gids={50043, 3003}
I/dalvikvm( 2105): Could not find method android.net.ConnectivityManager.getAllNetworks, referenced from method npq.a
W/dalvikvm( 2105): VFY: unable to resolve virtual method 3870: Landroid/net/ConnectivityManager;.getAllNetworks ()[Landroid/net/Network;
D/dalvikvm( 2105): VFY: replacing opcode 0x6e at 0x0025
I/dalvikvm( 2105): Could not find method android.net.ConnectivityManager.isDefaultNetworkActive, referenced from method npq.e
W/dalvikvm( 2105): VFY: unable to resolve virtual method 3874: Landroid/net/ConnectivityManager;.isDefaultNetworkActive ()Z
D/dalvikvm( 2105): VFY: replacing opcode 0x6e at 0x000d
I/PackageManager( 1569): Running dexopt on: com.google.android.play.games
W/linker  ( 2558): libdvm.so has text relocations. This is wasting memory and is a security risk. Please fix.
E/dalvikvm( 2105): Could not find class 'android.telephony.SubscriptionManager', referenced from method lbk.a
W/dalvikvm( 2105): VFY: unable to resolve check-cast 1109 (Landroid/telephony/SubscriptionManager;) in Llbk;
D/dalvikvm( 2105): VFY: replacing opcode 0x1f at 0x0236
I/dalvikvm( 2105): Could not find method java.util.Locale.toLanguageTag, referenced from method lbk.a
W/dalvikvm( 2105): VFY: unable to resolve virtual method 43769: Ljava/util/Locale;.toLanguageTag ()Ljava/lang/String;
D/dalvikvm( 2105): VFY: replacing opcode 0x6e at 0x0025
W/dalvikvm( 2105): VFY: unable to find class referenced in signature (Landroid/telephony/SubscriptionManager;)
I/dalvikvm( 2105): Could not find method android.telephony.SubscriptionManager.getActiveSubscriptionInfoList, referenced from method lbk.a
W/dalvikvm( 2105): VFY: unable to resolve virtual method 5833: Landroid/telephony/SubscriptionManager;.getActiveSubscriptionInfoList ()Ljava/util/List;
D/dalvikvm( 2105): VFY: replacing opcode 0x74 at 0x0004
I/CheckinRequestBuilder( 2105): Checkin reason type: 5 attempt count: 1 [CONTEXT service_id=130 ]
D/dalvikvm( 1569): GC_FOR_ALLOC freed 1177K, 49% free 7642K/14816K, paused 8ms, total 8ms
D/dalvikvm( 1569): GC_FOR_ALLOC freed 1169K, 49% free 7640K/14816K, paused 7ms, total 8ms
D/dalvikvm( 1569): GC_FOR_ALLOC freed 1166K, 49% free 7640K/14816K, paused 6ms, total 6ms
D/dalvikvm( 1569): GC_FOR_ALLOC freed 1166K, 49% free 7640K/14816K, paused 7ms, total 7ms
D/dalvikvm( 1569): GC_FOR_ALLOC freed 1166K, 49% free 7640K/14816K, paused 6ms, total 6ms
D/dalvikvm( 1569): GC_FOR_ALLOC freed 1166K, 49% free 7640K/14816K, paused 7ms, total 7ms
