E/ConfigFileUtils( 2105): Failed to read config file: /data/data/com.google.android.gms/app_chimera/current_fileapks.pb: open failed: ENOENT (No such file or directory)
E/ChimeraCfgMgr( 2105): Failed to read module config: java.io.FileNotFoundException: /data/data/com.google.android.gms/app_chimera/current_config.fb: open failed: ENOENT (No such file or directory)
W/IntentOperation( 2105): Failed to get Chimera config:com.google.android.chimera.config.InvalidConfigException: java.io.FileNotFoundException: /data/data/com.google.android.gms/app_chimera/current_config.fb: open failed: ENOENT (No such file or directory)
D/dalvikvm( 2105): GC_FOR_ALLOC freed 57K, 15% free 3387K/3944K, paused 2ms, total 2ms
I/dalvikvm-heap( 2105): Grow heap (frag case) to 3.706MB for 228601-byte allocation
D/dalvikvm( 2105): GC_FOR_ALLOC freed <1K, 14% free 3610K/4168K, paused 2ms, total 2ms
D/ConnectivityService( 1569): [CheckMp] isMobileOk: newUrl=https://172.217.13.110/generate_204
W/ActivityThread( 1569): ClassLoader.loadClass: The class loader returned by Thread.getContextClassLoader() may fail for processes that host multiple applications. You should explicitly specify a context class loader. For example: Thread.setContextClassLoader(getClass().getClassLoader());
D/dalvikvm( 1778): GC_FOR_ALLOC freed 362K, 22% free 4454K/5656K, paused 2ms, total 2ms
D/dalvikvm( 2105): GC_FOR_ALLOC freed 27K, 6% free 4092K/4308K, paused 2ms, total 2ms
D/dalvikvm( 2105): GC_FOR_ALLOC freed 274K, 10% free 4330K/4792K, paused 1ms, total 2ms
D/dalvikvm( 1778): GC_FOR_ALLOC freed 587K, 23% free 4379K/5656K, paused 2ms, total 2ms
D/dalvikvm( 2105): GC_FOR_ALLOC freed 362K, 11% free 4479K/5028K, paused 2ms, total 2ms
D/dalvikvm( 2105): GC_FOR_ALLOC freed 587K, 15% free 4404K/5180K, paused 2ms, total 2ms
D/dalvikvm( 1778): GC_FOR_ALLOC freed 476K, 22% free 4414K/5656K, paused 7ms, total 7ms
D/dalvikvm( 2105): GC_FOR_ALLOC freed 476K, 15% free 4440K/5180K, paused 3ms, total 3ms
D/dalvikvm( 1778): GC_FOR_ALLOC freed 479K, 22% free 4447K/5656K, paused 3ms, total 3ms
D/dalvikvm( 2105): GC_FOR_ALLOC freed 478K, 14% free 4473K/5180K, paused 2ms, total 2ms
D/dalvikvm( 1778): GC_FOR_ALLOC freed 479K, 21% free 4480K/5656K, paused 5ms, total 5ms
D/dalvikvm( 2105): GC_FOR_ALLOC freed 350K, 14% free 4492K/5180K, paused 2ms, total 2ms
D/dalvikvm( 1778): GC_FOR_ALLOC freed 495K, 21% free 4496K/5656K, paused 5ms, total 5ms
D/dalvikvm( 2105): GC_FOR_ALLOC freed 349K, 14% free 4512K/5192K, paused 3ms, total 3ms
D/dalvikvm( 1778): GC_FOR_ALLOC freed 718K, 30% free 4012K/5656K, paused 2ms, total 2ms
D/AndroidRuntime( 2133): 
D/AndroidRuntime( 2133): >>>>>> AndroidRuntime START com.android.internal.os.RuntimeInit <<<<<<
W/linker  ( 2133): libdvm.so has text relocations. This is wasting memory and is a security risk. Please fix.
I/dalvikvm-heap( 1778): Grow heap (frag case) to 4.363MB for 281612-byte allocation
D/AndroidRuntime( 2133): CheckJNI is ON
D/dalvikvm( 1778): GC_FOR_ALLOC freed 0K, 28% free 4287K/5932K, paused 2ms, total 2ms
D/dalvikvm( 2133): Trying to load lib libjavacore.so 0x0
D/dalvikvm( 2133): Added shared lib libjavacore.so 0x0
D/dalvikvm( 2133): Trying to load lib libnativehelper.so 0x0
D/dalvikvm( 2133): Added shared lib libnativehelper.so 0x0
D/dalvikvm( 2133): No JNI_OnLoad found in libnativehelper.so 0x0, skipping init
D/dalvikvm( 2105): GC_FOR_ALLOC freed 490K, 13% free 4535K/5212K, paused 3ms, total 3ms
D/dalvikvm( 2105): GC_FOR_ALLOC freed 500K, 23% free 4038K/5212K, paused 2ms, total 2ms
I/dalvikvm-heap( 2105): Grow heap (frag case) to 4.392MB for 281612-byte allocation
D/dalvikvm( 2105): GC_FOR_ALLOC freed 0K, 22% free 4313K/5488K, paused 2ms, total 2ms
D/dalvikvm( 2133): Note: class Landroid/app/ActivityManagerNative; has 179 unimplemented (abstract) methods
D/ConnectivityService( 1569): [CheckMp] isMobileOk: hostnameVerify retVal=true hostname=172.217.13.110 orgUriHost=clients3.google.com
E/memtrack( 2133): Couldn't load memtrack module (No such file or directory)
E/android.os.Debug( 2133): failed to load memtrack module: -2
D/ConnectivityService( 1569): [CheckMp] isMobileOk: headers={null=[HTTP/1.1 204 No Content], Alt-Svc=[h3=":443"; ma=2592000,h3-29=":443"; ma=2592000,h3-T051=":443"; ma=2592000,h3-Q050=":443"; ma=2592000,h3-Q046=":443"; ma=2592000,h3-Q043=":443"; ma=2592000,quic=":443"; ma=2592000; v="46,43"], Connection=[close], Content-Length=[0], Date=[Sun, 15 Aug 2021 14:48:03 GMT], X-Android-Received-Millis=[1629038883250], X-Android-Response-Source=[NETWORK 204], X-Android-Selected-Transport=[http/1.1], X-Android-Sent-Millis=[1629038883232]}
D/ConnectivityService( 1569): [CheckMp] isMobileOk: X got expected responseCode=204 result=1
D/ConnectivityService( 1569): [CheckMp] isMobileOk: F stop hipri
D/AndroidRuntime( 2133): Calling main entry com.android.commands.pm.Pm
D/MobileDataStateTracker( 1569): default: setEnableFailFastMobileData(enabled=0)
D/ConnectivityService( 1569): stopUsingNetworkFeature: teardown net 0: enableHIPRI
D/MobileDataStateTracker( 1569): hipri: Broadcast received: android.intent.action.ANY_DATA_STATE apnType=hipri
D/MobileDataStateTracker( 1569): hipri: Received state=DISCONNECTED, old=CONNECTED, reason=dataDisabled
D/MobileDataStateTracker( 1569): hipri: setDetailed state, old =CONNECTED and new state=DISCONNECTED
D/AndroidRuntime( 2133): Shutting down VM
D/jdwp    ( 2133): Got wake-up signal, bailing out of select
D/dalvikvm( 2133): Debugger has detached; object registry had 1 entries
D/ConnectivityService( 1569): ConnectivityChange for mobile_hipri: DISCONNECTED/DISCONNECTED
I/ChimeraCfgMgr( 1778): Updating module config: <no config> -> container:2024149000700
D/dalvikvm( 1778): DexOpt: couldn't find static field Landroid/os/Build;.SUPPORTED_64_BIT_ABIS
W/dalvikvm( 1778): VFY: unable to resolve static field 1539 (SUPPORTED_64_BIT_ABIS) in Landroid/os/Build;
D/dalvikvm( 1778): VFY: replacing opcode 0x62 at 0x0214
W/ProviderHelper( 1778): Unknown dynamite feature providerinstaller
I/DynamiteModule( 1778): Considering local module providerinstaller:0 and remote module providerinstaller:0
W/ProviderInstaller( 1778): Failed to load providerinstaller module: No acceptable module found. Local version is 0 and remote version is 0.
I/dalvikvm( 1778): Could not find method android.content.ContextWrapper.createCredentialProtectedStorageContext, referenced from method nfr.createCredentialProtectedStorageContext
W/dalvikvm( 1778): VFY: unable to resolve virtual method 2508: Landroid/content/ContextWrapper;.createCredentialProtectedStorageContext ()Landroid/content/Context;
D/dalvikvm( 1778): VFY: replacing opcode 0x6f at 0x0002
I/dalvikvm( 1778): Could not find method android.content.ContextWrapper.createDeviceProtectedStorageContext, referenced from method nfr.createDeviceProtectedStorageContext
W/dalvikvm( 1778): VFY: unable to resolve virtual method 2509: Landroid/content/ContextWrapper;.createDeviceProtectedStorageContext ()Landroid/content/Context;
D/dalvikvm( 1778): VFY: replacing opcode 0x6f at 0x0002
I/ChimeraCfgMgr( 2105): Updating module config: <no config> -> container:2024149000700
D/dalvikvm( 1778): DexOpt: couldn't find static field Landroid/os/Build;.SUPPORTED_64_BIT_ABIS
W/dalvikvm( 1778): VFY: unable to resolve static field 1539 (SUPPORTED_64_BIT_ABIS) in Landroid/os/Build;
D/dalvikvm( 1778): VFY: replacing opcode 0x62 at 0x0080
D/dalvikvm( 1778): DexOpt: couldn't find static field Landroid/os/Build;.SUPPORTED_ABIS
W/dalvikvm( 1778): VFY: unable to resolve static field 1540 (SUPPORTED_ABIS) in Landroid/os/Build;
D/dalvikvm( 1778): VFY: replacing opcode 0x62 at 0x00d3
E/ConfigFileUtils( 2105): Failed to read config file: /data/data/com.google.android.gms/app_chimera/current_modules_init.pb: open failed: ENOENT (No such file or directory)
V/NativeCrypto( 1778): Registering com/google/android/gms/org/conscrypt/NativeCrypto's 286 native methods...
W/dalvikvm( 1778): Unable to resolve superclass of Lcom/google/android/gms/org/conscrypt/TrustManagerImpl; (5184)
W/dalvikvm( 1778): Link of class 'Lcom/google/android/gms/org/conscrypt/TrustManagerImpl;' failed
I/dalvikvm( 1778): Could not find method com.google.android.gms.org.conscrypt.TrustManagerImpl.getDefaultHostnameVerifier, referenced from method com.google.android.gms.org.conscrypt.Conscrypt.getDefaultHostnameVerifier
W/dalvikvm( 1778): VFY: unable to resolve static method 17870: Lcom/google/android/gms/org/conscrypt/TrustManagerImpl;.getDefaultHostnameVerifier ()Lcom/google/android/gms/org/conscrypt/ConscryptHostnameVerifier;
D/dalvikvm( 1778): VFY: replacing opcode 0x71 at 0x0003
W/dalvikvm( 1778): Unable to resolve superclass of Lcom/google/android/gms/org/conscrypt/TrustManagerImpl; (5184)
W/dalvikvm( 1778): Link of class 'Lcom/google/android/gms/org/conscrypt/TrustManagerImpl;' failed
W/dalvikvm( 1778): VFY: unable to find class referenced in signature (Lcom/google/android/gms/org/conscrypt/TrustManagerImpl;)
W/dalvikvm( 1778): Unable to resolve superclass of Lcom/google/android/gms/org/conscrypt/TrustManagerImpl; (5184)
W/dalvikvm( 1778): Link of class 'Lcom/google/android/gms/org/conscrypt/TrustManagerImpl;' failed
I/dalvikvm( 1778): Could not find method com.google.android.gms.org.conscrypt.TrustManagerImpl.getHostnameVerifier, referenced from method com.google.android.gms.org.conscrypt.Conscrypt.getHostnameVerifier
W/dalvikvm( 1778): VFY: unable to resolve virtual method 17872: Lcom/google/android/gms/org/conscrypt/TrustManagerImpl;.getHostnameVerifier ()Lcom/google/android/gms/org/conscrypt/ConscryptHostnameVerifier;
D/dalvikvm( 1778): VFY: replacing opcode 0x6e at 0x0004
W/dalvikvm( 1778): Unable to resolve superclass of Lcom/google/android/gms/org/conscrypt/TrustManagerImpl; (5184)
W/dalvikvm( 1778): Link of class 'Lcom/google/android/gms/org/conscrypt/TrustManagerImpl;' failed
E/dalvikvm( 1778): Could not find class 'com.google.android.gms.org.conscrypt.TrustManagerImpl', referenced from method com.google.android.gms.org.conscrypt.Conscrypt.isConscrypt
W/dalvikvm( 1778): VFY: unable to resolve instanceof 4452 (Lcom/google/android/gms/org/conscrypt/TrustManagerImpl;) in Lcom/google/android/gms/org/conscrypt/Conscrypt;
D/dalvikvm( 1778): VFY: replacing opcode 0x20 at 0x0000
W/dalvikvm( 1778): Unable to resolve superclass of Lcom/google/android/gms/org/conscrypt/TrustManagerImpl; (5184)
W/dalvikvm( 1778): Link of class 'Lcom/google/android/gms/org/conscrypt/TrustManagerImpl;' failed
I/dalvikvm( 1778): Could not find method com.google.android.gms.org.conscrypt.TrustManagerImpl.setDefaultHostnameVerifier, referenced from method com.google.android.gms.org.conscrypt.Conscrypt.setDefaultHostnameVerifier
W/dalvikvm( 1778): VFY: unable to resolve static method 17882: Lcom/google/android/gms/org/conscrypt/TrustManagerImpl;.setDefaultHostnameVerifier (Lcom/google/android/gms/org/conscrypt/ConscryptHostnameVerifier;)V
D/dalvikvm( 1778): VFY: replacing opcode 0x71 at 0x0003
W/dalvikvm( 1778): Unable to resolve superclass of Lcom/google/android/gms/org/conscrypt/TrustManagerImpl; (5184)
W/dalvikvm( 1778): Link of class 'Lcom/google/android/gms/org/conscrypt/TrustManagerImpl;' failed
W/dalvikvm( 1778): VFY: unable to find class referenced in signature (Lcom/google/android/gms/org/conscrypt/TrustManagerImpl;)
W/dalvikvm( 1778): Unable to resolve superclass of Lcom/google/android/gms/org/conscrypt/TrustManagerImpl; (5184)
W/dalvikvm( 1778): Link of class 'Lcom/google/android/gms/org/conscrypt/TrustManagerImpl;' failed
I/dalvikvm( 1778): Could not find method com.google.android.gms.org.conscrypt.TrustManagerImpl.setHostnameVerifier, referenced from method com.google.android.gms.org.conscrypt.Conscrypt.setHostnameVerifier
W/dalvikvm( 1778): VFY: unable to resolve virtual method 17883: Lcom/google/android/gms/org/conscrypt/TrustManagerImpl;.setHostnameVerifier (Lcom/google/android/gms/org/conscrypt/ConscryptHostnameVerifier;)V
D/dalvikvm( 1778): VFY: replacing opcode 0x6e at 0x0004
W/dalvikvm( 1778): Unable to resolve superclass of Lcom/google/android/gms/org/conscrypt/TrustManagerImpl; (5184)
W/dalvikvm( 1778): Link of class 'Lcom/google/android/gms/org/conscrypt/TrustManagerImpl;' failed
D/dalvikvm( 1778): GC_FOR_ALLOC freed 1107K, 38% free 3692K/5932K, paused 3ms, total 3ms
E/dalvikvm( 1778): Could not find class 'com.google.android.gms.org.conscrypt.TrustManagerImpl', referenced from method com.google.android.gms.org.conscrypt.Conscrypt.toConscrypt
W/dalvikvm( 1778): VFY: unable to resolve check-cast 4452 (Lcom/google/android/gms/org/conscrypt/TrustManagerImpl;) in Lcom/google/android/gms/org/conscrypt/Conscrypt;
D/dalvikvm( 1778): VFY: replacing opcode 0x1f at 0x002a
D/Nat464Xlat( 1569): requiresClat: netType=5, hasIPv4Address=true
D/dalvikvm( 1778): GC_FOR_ALLOC freed 163K, 32% free 4040K/5932K, paused 2ms, total 2ms
D/dalvikvm( 1778): GC_FOR_ALLOC freed 143K, 26% free 4409K/5932K, paused 1ms, total 1ms
D/dalvikvm( 1778): GC_FOR_ALLOC freed 133K, 20% free 4787K/5932K, paused 2ms, total 2ms
I/ChimeraCfgMgr( 2105): Sending com.google.android.chimera.IntentOperation.NEW_MODULE Intents: 1,true,true
D/dalvikvm( 1778): GC_FOR_ALLOC freed 183K, 13% free 5204K/5932K, paused 2ms, total 2ms
I/ChmraDebugLogger( 2105): [46] 
E/dalvikvm( 1778): Could not find class 'javax.net.ssl.SNIServerName', referenced from method com.google.android.gms.org.conscrypt.Platform.getSniHostnameFromParams
W/dalvikvm( 1778): VFY: unable to resolve check-cast 5160 (Ljavax/net/ssl/SNIServerName;) in Lcom/google/android/gms/org/conscrypt/Platform;
D/dalvikvm( 1778): VFY: replacing opcode 0x1f at 0x0025
E/dalvikvm( 1778): Could not find class 'javax.net.ssl.SNIHostName', referenced from method com.google.android.gms.org.conscrypt.Platform.setParametersSniHostname
W/dalvikvm( 1778): VFY: unable to resolve new-instance 5159 (Ljavax/net/ssl/SNIHostName;) in Lcom/google/android/gms/org/conscrypt/Platform;
D/dalvikvm( 1778): VFY: replacing opcode 0x22 at 0x0024
E/dalvikvm( 1778): Could not find class 'javax.net.ssl.SNIHostName', referenced from method com.google.android.gms.org.conscrypt.Platform.setParametersSniHostname
W/dalvikvm( 1778): VFY: unable to resolve new-instance 5159 (Ljavax/net/ssl/SNIHostName;) in Lcom/google/android/gms/org/conscrypt/Platform;
D/dalvikvm( 1778): VFY: replacing opcode 0x22 at 0x0024
D/dalvikvm( 2105): DexOpt: couldn't find static field Landroid/os/Build;.SUPPORTED_64_BIT_ABIS
W/dalvikvm( 2105): VFY: unable to resolve static field 1539 (SUPPORTED_64_BIT_ABIS) in Landroid/os/Build;
D/dalvikvm( 2105): VFY: replacing opcode 0x62 at 0x0214
D/dalvikvm( 1778): DexOpt: unable to opt direct call 0x52f9 at 0x2a in Lcom/google/android/gms/org/conscrypt/Platform;.setParametersSniHostname
D/dalvikvm( 1778): DexOpt: unable to opt direct call 0x52f9 at 0x2a in Lcom/google/android/gms/org/conscrypt/Platform;.setParametersSniHostname
W/ProviderHelper( 2105): Unknown dynamite feature providerinstaller
I/DynamiteModule( 2105): Considering local module providerinstaller:0 and remote module providerinstaller:0
W/ProviderInstaller( 2105): Failed to load providerinstaller module: No acceptable module found. Local version is 0 and remote version is 0.
I/dalvikvm( 2105): Could not find method android.content.ContextWrapper.createCredentialProtectedStorageContext, referenced from method nfr.createCredentialProtectedStorageContext
W/dalvikvm( 2105): VFY: unable to resolve virtual method 2508: Landroid/content/ContextWrapper;.createCredentialProtectedStorageContext ()Landroid/content/Context;
D/dalvikvm( 2105): VFY: replacing opcode 0x6f at 0x0002
I/dalvikvm( 2105): Could not find method android.content.ContextWrapper.createDeviceProtectedStorageContext, referenced from method nfr.createDeviceProtectedStorageContext
W/dalvikvm( 2105): VFY: unable to resolve virtual method 2509: Landroid/content/ContextWrapper;.createDeviceProtectedStorageContext ()Landroid/content/Context;
D/dalvikvm( 2105): VFY: replacing opcode 0x6f at 0x0002
D/dalvikvm( 2105): DexOpt: couldn't find static field Landroid/os/Build;.SUPPORTED_64_BIT_ABIS
W/dalvikvm( 2105): VFY: unable to resolve static field 1539 (SUPPORTED_64_BIT_ABIS) in Landroid/os/Build;
D/dalvikvm( 2105): VFY: replacing opcode 0x62 at 0x0080
D/dalvikvm( 2105): DexOpt: couldn't find static field Landroid/os/Build;.SUPPORTED_ABIS
W/dalvikvm( 2105): VFY: unable to resolve static field 1540 (SUPPORTED_ABIS) in Landroid/os/Build;
D/dalvikvm( 2105): VFY: replacing opcode 0x62 at 0x00d3
V/NativeCrypto( 2105): Registering com/google/android/gms/org/conscrypt/NativeCrypto's 286 native methods...
W/dalvikvm( 2105): Unable to resolve superclass of Lcom/google/android/gms/org/conscrypt/TrustManagerImpl; (5184)
W/dalvikvm( 2105): Link of class 'Lcom/google/android/gms/org/conscrypt/TrustManagerImpl;' failed
I/dalvikvm( 2105): Could not find method com.google.android.gms.org.conscrypt.TrustManagerImpl.getDefaultHostnameVerifier, referenced from method com.google.android.gms.org.conscrypt.Conscrypt.getDefaultHostnameVerifier
W/dalvikvm( 2105): VFY: unable to resolve static method 17870: Lcom/google/android/gms/org/conscrypt/TrustManagerImpl;.getDefaultHostnameVerifier ()Lcom/google/android/gms/org/conscrypt/ConscryptHostnameVerifier;
D/dalvikvm( 2105): VFY: replacing opcode 0x71 at 0x0003
D/dalvikvm( 2105): GC_FOR_ALLOC freed 1275K, 36% free 3550K/5488K, paused 2ms, total 2ms
W/dalvikvm( 2105): Unable to resolve superclass of Lcom/google/android/gms/org/conscrypt/TrustManagerImpl; (5184)
W/dalvikvm( 2105): Link of class 'Lcom/google/android/gms/org/conscrypt/TrustManagerImpl;' failed
W/dalvikvm( 2105): VFY: unable to find class referenced in signature (Lcom/google/android/gms/org/conscrypt/TrustManagerImpl;)
W/dalvikvm( 2105): Unable to resolve superclass of Lcom/google/android/gms/org/conscrypt/TrustManagerImpl; (5184)
W/dalvikvm( 2105): Link of class 'Lcom/google/android/gms/org/conscrypt/TrustManagerImpl;' failed
I/dalvikvm( 2105): Could not find method com.google.android.gms.org.conscrypt.TrustManagerImpl.getHostnameVerifier, referenced from method com.google.android.gms.org.conscrypt.Conscrypt.getHostnameVerifier
W/dalvikvm( 2105): VFY: unable to resolve virtual method 17872: Lcom/google/android/gms/org/conscrypt/TrustManagerImpl;.getHostnameVerifier ()Lcom/google/android/gms/org/conscrypt/ConscryptHostnameVerifier;
D/dalvikvm( 2105): VFY: replacing opcode 0x6e at 0x0004
W/dalvikvm( 2105): Unable to resolve superclass of Lcom/google/android/gms/org/conscrypt/TrustManagerImpl; (5184)
W/dalvikvm( 2105): Link of class 'Lcom/google/android/gms/org/conscrypt/TrustManagerImpl;' failed
E/dalvikvm( 2105): Could not find class 'com.google.android.gms.org.conscrypt.TrustManagerImpl', referenced from method com.google.android.gms.org.conscrypt.Conscrypt.isConscrypt
W/dalvikvm( 2105): VFY: unable to resolve instanceof 4452 (Lcom/google/android/gms/org/conscrypt/TrustManagerImpl;) in Lcom/google/android/gms/org/conscrypt/Conscrypt;
D/dalvikvm( 2105): VFY: replacing opcode 0x20 at 0x0000
W/dalvikvm( 2105): Unable to resolve superclass of Lcom/google/android/gms/org/conscrypt/TrustManagerImpl; (5184)
W/dalvikvm( 2105): Link of class 'Lcom/google/android/gms/org/conscrypt/TrustManagerImpl;' failed
I/dalvikvm( 2105): Could not find method com.google.android.gms.org.conscrypt.TrustManagerImpl.setDefaultHostnameVerifier, referenced from method com.google.android.gms.org.conscrypt.Conscrypt.setDefaultHostnameVerifier
W/dalvikvm( 2105): VFY: unable to resolve static method 17882: Lcom/google/android/gms/org/conscrypt/TrustManagerImpl;.setDefaultHostnameVerifier (Lcom/google/android/gms/org/conscrypt/ConscryptHostnameVerifier;)V
D/dalvikvm( 2105): VFY: replacing opcode 0x71 at 0x0003
W/dalvikvm( 2105): Unable to resolve superclass of Lcom/google/android/gms/org/conscrypt/TrustManagerImpl; (5184)
W/dalvikvm( 2105): Link of class 'Lcom/google/android/gms/org/conscrypt/TrustManagerImpl;' failed
W/dalvikvm( 2105): VFY: unable to find class referenced in signature (Lcom/google/android/gms/org/conscrypt/TrustManagerImpl;)
W/dalvikvm( 2105): Unable to resolve superclass of Lcom/google/android/gms/org/conscrypt/TrustManagerImpl; (5184)
W/dalvikvm( 2105): Link of class 'Lcom/google/android/gms/org/conscrypt/TrustManagerImpl;' failed
I/dalvikvm( 2105): Could not find method com.google.android.gms.org.conscrypt.TrustManagerImpl.setHostnameVerifier, referenced from method com.google.android.gms.org.conscrypt.Conscrypt.setHostnameVerifier
W/dalvikvm( 2105): VFY: unable to resolve virtual method 17883: Lcom/google/android/gms/org/conscrypt/TrustManagerImpl;.setHostnameVerifier (Lcom/google/android/gms/org/conscrypt/ConscryptHostnameVerifier;)V
D/dalvikvm( 2105): VFY: replacing opcode 0x6e at 0x0004
W/dalvikvm( 2105): Unable to resolve superclass of Lcom/google/android/gms/org/conscrypt/TrustManagerImpl; (5184)
W/dalvikvm( 2105): Link of class 'Lcom/google/android/gms/org/conscrypt/TrustManagerImpl;' failed
E/dalvikvm( 2105): Could not find class 'com.google.android.gms.org.conscrypt.TrustManagerImpl', referenced from method com.google.android.gms.org.conscrypt.Conscrypt.toConscrypt
W/dalvikvm( 2105): VFY: unable to resolve check-cast 4452 (Lcom/google/android/gms/org/conscrypt/TrustManagerImpl;) in Lcom/google/android/gms/org/conscrypt/Conscrypt;
D/dalvikvm( 2105): VFY: replacing opcode 0x1f at 0x002a
D/dalvikvm( 2105): GC_FOR_ALLOC freed 384K, 33% free 3677K/5488K, paused 2ms, total 2ms
D/dalvikvm( 1778): GC_FOR_ALLOC freed 501K, 12% free 5398K/6124K, paused 3ms, total 3ms
I/ProviderInstaller( 1778): Installed default security provider GmsCore_OpenSSL
I/Safeboot( 1778): Checking safeboot...
D/dalvikvm( 2105): GC_FOR_ALLOC freed 141K, 27% free 4048K/5488K, paused 2ms, total 2ms
D/dalvikvm( 1796): GC_EXPLICIT freed 457K, 17% free 3194K/3836K, paused 1ms+0ms, total 3ms
I/Safeboot Condition( 1778): No need to enter Safeboot.
E/dalvikvm( 1778): Could not find class 'com.google.common.flogger.backend.google.GooglePlatform', referenced from method beui.a
W/dalvikvm( 1778): VFY: unable to resolve const-class 4605 (Lcom/google/common/flogger/backend/google/GooglePlatform;) in Lbeui;
D/dalvikvm( 1778): VFY: replacing opcode 0x1c at 0x001b
D/dalvikvm( 2105): GC_FOR_ALLOC freed 139K, 20% free 4420K/5488K, paused 4ms, total 4ms
I/auxu    ( 1778): Primes not initialized, returning default (no-op) Primes instance which will ignore all calls. Please call Primes.initialize(...) before using any Primes API.
D/dalvikvm( 2105): GC_FOR_ALLOC freed 133K, 13% free 4786K/5488K, paused 3ms, total 3ms
I/DeviceDrDatabaseHelper( 1778): Creating databases!
I/dalvikvm( 1778): Could not find method android.content.Context.bindService, referenced from method uws.bindService
W/dalvikvm( 1778): VFY: unable to resolve virtual method 2453: Landroid/content/Context;.bindService (Landroid/content/Intent;ILjava/util/concurrent/Executor;Landroid/content/ServiceConnection;)Z
D/dalvikvm( 1778): VFY: replacing opcode 0x6e at 0x0018
I/dalvikvm( 1778): Could not find method android.content.Context.bindService, referenced from method uws.bindService
W/dalvikvm( 1778): VFY: unable to resolve virtual method 2453: Landroid/content/Context;.bindService (Landroid/content/Intent;ILjava/util/concurrent/Executor;Landroid/content/ServiceConnection;)Z
D/dalvikvm( 1778): VFY: replacing opcode 0x6e at 0x0030
I/dalvikvm( 1778): Could not find method android.content.Context.startForegroundService, referenced from method uws.startForegroundService
W/dalvikvm( 1778): VFY: unable to resolve virtual method 2501: Landroid/content/Context;.startForegroundService (Landroid/content/Intent;)Landroid/content/ComponentName;
D/dalvikvm( 1778): VFY: replacing opcode 0x6e at 0x001c
I/dalvikvm( 1778): Could not find method android.content.Context.startForegroundService, referenced from method uws.startForegroundService
W/dalvikvm( 1778): VFY: unable to resolve virtual method 2501: Landroid/content/Context;.startForegroundService (Landroid/content/Intent;)Landroid/content/ComponentName;
D/dalvikvm( 1778): VFY: replacing opcode 0x6e at 0x0028
I/dalvikvm( 1778): Could not find method android.os.PowerManager.isPowerSaveMode, referenced from method uwl.a
W/dalvikvm( 1778): VFY: unable to resolve virtual method 3047: Landroid/os/PowerManager;.isPowerSaveMode ()Z
D/dalvikvm( 1778): VFY: replacing opcode 0x6e at 0x0010
I/dalvikvm( 1778): Could not find method android.os.PowerManager.isPowerSaveMode, referenced from method ayli.c
W/dalvikvm( 1778): VFY: unable to resolve virtual method 1679: Landroid/os/PowerManager;.isPowerSaveMode ()Z
D/dalvikvm( 1778): VFY: replacing opcode 0x6e at 0x000a
E/dalvikvm( 2105): Could not find class 'javax.net.ssl.SNIServerName', referenced from method com.google.android.gms.org.conscrypt.Platform.getSniHostnameFromParams
E/dalvikvm( 1778): Could not find class 'android.content.RestrictionsManager', referenced from method axpy.a
W/dalvikvm( 1778): VFY: unable to resolve check-cast 215 (Landroid/content/RestrictionsManager;) in Laxpy;
D/dalvikvm( 1778): VFY: replacing opcode 0x1f at 0x009b
D/dalvikvm( 1778): GC_FOR_ALLOC freed 683K, 14% free 5506K/6384K, paused 5ms, total 5ms
W/dalvikvm( 2105): VFY: unable to resolve check-cast 5160 (Ljavax/net/ssl/SNIServerName;) in Lcom/google/android/gms/org/conscrypt/Platform;
D/dalvikvm( 2105): VFY: replacing opcode 0x1f at 0x0025
E/dalvikvm( 2105): Could not find class 'javax.net.ssl.SNIHostName', referenced from method com.google.android.gms.org.conscrypt.Platform.setParametersSniHostname
W/dalvikvm( 2105): VFY: unable to resolve new-instance 5159 (Ljavax/net/ssl/SNIHostName;) in Lcom/google/android/gms/org/conscrypt/Platform;
D/dalvikvm( 2105): VFY: replacing opcode 0x22 at 0x0024
E/dalvikvm( 2105): Could not find class 'javax.net.ssl.SNIHostName', referenced from method com.google.android.gms.org.conscrypt.Platform.setParametersSniHostname
W/dalvikvm( 2105): VFY: unable to resolve new-instance 5159 (Ljavax/net/ssl/SNIHostName;) in Lcom/google/android/gms/org/conscrypt/Platform;
D/dalvikvm( 2105): VFY: replacing opcode 0x22 at 0x0024
D/dalvikvm( 2105): GC_FOR_ALLOC freed 231K, 10% free 5069K/5572K, paused 3ms, total 3ms
D/dalvikvm( 2105): DexOpt: unable to opt direct call 0x52f9 at 0x2a in Lcom/google/android/gms/org/conscrypt/Platform;.setParametersSniHostname
D/dalvikvm( 2105): DexOpt: unable to opt direct call 0x52f9 at 0x2a in Lcom/google/android/gms/org/conscrypt/Platform;.setParametersSniHostname
D/AndroidRuntime( 2162): 
D/AndroidRuntime( 2162): >>>>>> AndroidRuntime START com.android.internal.os.RuntimeInit <<<<<<
D/dalvikvm( 1796): GC_FOR_ALLOC freed 522K, 20% free 3182K/3956K, paused 1ms, total 1ms
W/linker  ( 2162): libdvm.so has text relocations. This is wasting memory and is a security risk. Please fix.
D/AndroidRuntime( 2162): CheckJNI is ON
D/dalvikvm( 2162): Trying to load lib libjavacore.so 0x0
D/dalvikvm( 2162): Added shared lib libjavacore.so 0x0
D/dalvikvm( 2162): Trying to load lib libnativehelper.so 0x0
D/dalvikvm( 2162): Added shared lib libnativehelper.so 0x0
D/dalvikvm( 2162): No JNI_OnLoad found in libnativehelper.so 0x0, skipping init
I/ProviderInstaller( 2105): Installed default security provider GmsCore_OpenSSL
D/dalvikvm( 2162): Note: class Landroid/app/ActivityManagerNative; has 179 unimplemented (abstract) methods
I/Safeboot( 2105): Checking safeboot...
I/Safeboot( 2105): Not entering safeboot; wrong process.
D/dalvikvm( 2105): GC_FOR_ALLOC freed 433K, 12% free 5280K/5952K, paused 4ms, total 4ms
D/dalvikvm( 1778): GC_FOR_ALLOC freed 331K, 9% free 5946K/6528K, paused 5ms, total 5ms
E/dalvikvm( 2105): Could not find class 'com.google.common.flogger.backend.google.GooglePlatform', referenced from method beui.a
W/dalvikvm( 2105): VFY: unable to resolve const-class 4605 (Lcom/google/common/flogger/backend/google/GooglePlatform;) in Lbeui;
D/dalvikvm( 2105): VFY: replacing opcode 0x1c at 0x001b
E/memtrack( 2162): Couldn't load memtrack module (No such file or directory)
E/android.os.Debug( 2162): failed to load memtrack module: -2
D/AndroidRuntime( 2162): Calling main entry com.android.commands.pm.Pm
D/dalvikvm( 1146): GC_EXPLICIT freed 39K, 8% free 2993K/3220K, paused 0ms+0ms, total 3ms
I/PackageManager( 1569): Running dexopt on: com.android.defcontainer
D/dalvikvm( 1146): GC_EXPLICIT freed 0K, 8% free 2993K/3220K, paused 3ms+0ms, total 5ms
D/dalvikvm( 1146): GC_EXPLICIT freed <1K, 8% free 2993K/3220K, paused 1ms+1ms, total 3ms
I/ActivityManager( 1569): Start proc com.android.defcontainer for service com.android.defcontainer/.DefaultContainerService: pid=2176 uid=10003 gids={50003, 1028, 1015, 1023, 2001, 1035}
D/dalvikvm( 1778): GC_FOR_ALLOC freed 415K, 10% free 6440K/7116K, paused 10ms, total 10ms
W/linker  ( 2189): libdvm.so has text relocations. This is wasting memory and is a security risk. Please fix.
E/SQLiteLog( 1778): (1) no such table: Packages
D/dalvikvm( 2189): DexOpt: load 1ms, verify+opt 1ms, 201428 bytes
I/auxu    ( 2105): Primes not initialized, returning default (no-op) Primes instance which will ignore all calls. Please call Primes.initialize(...) before using any Primes API.
D/dalvikvm( 1569): GC_FOR_ALLOC freed 798K, 51% free 7292K/14816K, paused 6ms, total 7ms
I/dalvikvm( 2105): Could not find method android.content.Context.bindService, referenced from method uws.bindService
W/dalvikvm( 2105): VFY: unable to resolve virtual method 2453: Landroid/content/Context;.bindService (Landroid/content/Intent;ILjava/util/concurrent/Executor;Landroid/content/ServiceConnection;)Z
D/dalvikvm( 2105): VFY: replacing opcode 0x6e at 0x0018
I/dalvikvm( 2105): Could not find method android.content.Context.bindService, referenced from method uws.bindService
W/dalvikvm( 2105): VFY: unable to resolve virtual method 2453: Landroid/content/Context;.bindService (Landroid/content/Intent;ILjava/util/concurrent/Executor;Landroid/content/ServiceConnection;)Z
D/dalvikvm( 2105): VFY: replacing opcode 0x6e at 0x0030
I/dalvikvm( 2105): Could not find method android.content.Context.startForegroundService, referenced from method uws.startForegroundService
W/dalvikvm( 2105): VFY: unable to resolve virtual method 2501: Landroid/content/Context;.startForegroundService (Landroid/content/Intent;)Landroid/content/ComponentName;
D/dalvikvm( 2105): VFY: replacing opcode 0x6e at 0x001c
I/dalvikvm( 2105): Could not find method android.content.Context.startForegroundService, referenced from method uws.startForegroundService
W/dalvikvm( 2105): VFY: unable to resolve virtual method 2501: Landroid/content/Context;.startForegroundService (Landroid/content/Intent;)Landroid/content/ComponentName;
D/dalvikvm( 2105): VFY: replacing opcode 0x6e at 0x0028
I/dalvikvm( 2105): Could not find method android.os.PowerManager.isPowerSaveMode, referenced from method uwl.a
W/dalvikvm( 2105): VFY: unable to resolve virtual method 3047: Landroid/os/PowerManager;.isPowerSaveMode ()Z
D/dalvikvm( 2105): VFY: replacing opcode 0x6e at 0x0010
D/dalvikvm( 1778): GC_FOR_ALLOC freed 566K, 11% free 6930K/7772K, paused 5ms, total 5ms
I/NativeLibraryUtils( 1778): Extraction to /data/data/com.google.android.gms/app_extracted_libs/x86/libAppDataSearch.so true
E/StrictMode( 1778): A resource was acquired at attached stack trace but never released. See java.io.Closeable for information on avoiding resource leaks.
E/StrictMode( 1778): java.lang.Throwable: Explicit termination method 'end' not called
E/StrictMode( 1778): 	at dalvik.system.CloseGuard.open(CloseGuard.java:184)
E/StrictMode( 1778): 	at java.util.zip.Inflater.<init>(Inflater.java:82)
E/StrictMode( 1778): 	at java.util.zip.ZipFile.getInputStream(ZipFile.java:310)
E/StrictMode( 1778): 	at npp.d(:com.google.android.gms@202414005@20.24.14 (000700-319035315):36)
E/StrictMode( 1778): 	at mob.run(:com.google.android.gms@202414005@20.24.14 (000700-319035315):0)
I/NativeLibraryUtils( 1778): Extraction to /data/data/com.google.android.gms/app_extracted_libs/x86/libWhisper.so true
I/dalvikvm( 1778): Could not find method android.content.ServiceConnection.onNullBinding, referenced from method uxb.onNullBinding
W/dalvikvm( 1778): VFY: unable to resolve interface method 2566: Landroid/content/ServiceConnection;.onNullBinding (Landroid/content/ComponentName;)V
D/dalvikvm( 1778): VFY: replacing opcode 0x72 at 0x000f
E/ConfigFileUtils( 2105): Failed to read config file: /data/data/com.google.android.gms/app_chimera/current_fileapks.pb: open failed: ENOENT (No such file or directory)
I/GmsModuleFndr( 2105): Beginning GMS chimera module scan
E/ConfigFileUtils( 2105): Failed to read config file: /data/data/com.google.android.gms/app_chimera/current_fileapks.pb: open failed: ENOENT (No such file or directory)
I/ModuleSetMgr( 2105): Computing pending module set with APKs: []
I/ModuleSetMgr( 2105): Pending container module APKs: []
I/ModuleSetMgr( 2105): Pending non-container module APKs: []
E/ConfigFileUtils( 2105): Failed to read config file: /data/data/com.google.android.gms/app_chimera/current_fileapks.pb: open failed: ENOENT (No such file or directory)
I/NativeLibraryUtils( 1778): Extraction to /data/data/com.google.android.gms/app_extracted_libs/x86/libconscrypt_gmscore_jni.so true
W/ActivityManager( 1569): No content provider found for permission revoke: file:///data/local/tmp/AndroidRipperService.apk
E/ConfigFileUtils( 2105): Failed to read config file: /data/data/com.google.android.gms/app_chimera/current_fileapks.pb: open failed: ENOENT (No such file or directory)
I/GmsModuleFndr( 2105): Beginning GMS chimera module scan
W/ActivityManager( 1569): No content provider found for permission revoke: file:///data/local/tmp/AndroidRipperService.apk
I/PackageManager( 1569): Copying native libraries to /data/app-lib/vmdl863509364
I/PackageParser( 1569): it.unina.android.ripper_service: compat added android.permission.WRITE_EXTERNAL_STORAGE android.permission.READ_PHONE_STATE
E/ConfigFileUtils( 2105): Failed to read config file: /data/data/com.google.android.gms/app_chimera/current_fileapks.pb: open failed: ENOENT (No such file or directory)
I/ModuleSetMgr( 2105): Computing pending module set with APKs: []
I/ModuleSetMgr( 2105): Pending container module APKs: []
I/ModuleSetMgr( 2105): Pending non-container module APKs: []
E/ConfigFileUtils( 2105): Failed to read config file: /data/data/com.google.android.gms/app_chimera/current_fileapks.pb: open failed: ENOENT (No such file or directory)
W/ModuleManager( 1778): Unable to get current module's fulfilled APIs in ModuleManager created with non-module Context
I/NativeLibraryUtils( 1778): Extraction to /data/data/com.google.android.gms/app_extracted_libs/x86/libgcastv2_base.so true
D/dalvikvm( 2105): GC_FOR_ALLOC freed 540K, 12% free 5502K/6232K, paused 7ms, total 7ms
E/ConfigFileUtils( 2105): Failed to read config file: /data/data/com.google.android.gms/app_chimera/current_fileapks.pb: open failed: ENOENT (No such file or directory)
I/GmsModuleFndr( 2105): Beginning GMS chimera module scan
E/ConfigFileUtils( 2105): Failed to read config file: /data/data/com.google.android.gms/app_chimera/current_fileapks.pb: open failed: ENOENT (No such file or directory)
I/ModuleSetMgr( 2105): Computing pending module set with APKs: []
I/ModuleSetMgr( 2105): Pending container module APKs: []
I/dalvikvm( 1778): Could not find method android.system.Os.statvfs, referenced from method mbx.a
W/dalvikvm( 1778): VFY: unable to resolve static method 5777: Landroid/system/Os;.statvfs (Ljava/lang/String;)Landroid/system/StructStatVfs;
D/dalvikvm( 1778): VFY: replacing opcode 0x71 at 0x0029
I/ModuleSetMgr( 2105): Pending non-container module APKs: []
E/ConfigFileUtils( 2105): Failed to read config file: /data/data/com.google.android.gms/app_chimera/current_fileapks.pb: open failed: ENOENT (No such file or directory)
I/NativeLibraryUtils( 1778): Extraction to /data/data/com.google.android.gms/app_extracted_libs/x86/libgcastv2_support.so true
I/dalvikvm( 1778): DexOpt: unable to optimize instance field ref 0x076d at 0x2d in Lmbx;.a
I/NativeLibraryUtils( 1778): Extraction to /data/data/com.google.android.gms/app_extracted_libs/x86/libgmscore.so true
I/NativeLibraryUtils( 1778): Extraction to /data/data/com.google.android.gms/app_extracted_libs/x86/libgoogle-ocrclient-v3.so true
D/dalvikvm( 1778): GC_FOR_ALLOC freed 1012K, 15% free 7189K/8424K, paused 5ms, total 5ms
I/dalvikvm( 2105): Could not find method android.accounts.AccountManager.removeAccount, referenced from method ymq.c
W/dalvikvm( 2105): VFY: unable to resolve virtual method 4165: Landroid/accounts/AccountManager;.removeAccount (Landroid/accounts/Account;Landroid/app/Activity;Landroid/accounts/AccountManagerCallback;Landroid/os/Handler;)Landroid/accounts/AccountManagerFuture;
D/dalvikvm( 2105): VFY: replacing opcode 0x6e at 0x0009
I/dalvikvm( 2105): Could not find method android.accounts.AccountManager.removeAccountExplicitly, referenced from method ymq.d
W/dalvikvm( 2105): VFY: unable to resolve virtual method 4166: Landroid/accounts/AccountManager;.removeAccountExplicitly (Landroid/accounts/Account;)Z
D/dalvikvm( 2105): VFY: replacing opcode 0x6e at 0x0008
I/NativeLibraryUtils( 1778): Extraction to /data/data/com.google.android.gms/app_extracted_libs/x86/libinertial-anchor-jni.so true
I/NativeLibraryUtils( 1778): Extraction to /data/data/com.google.android.gms/app_extracted_libs/x86/libjgcastservice.so true
I/PackageManager( 1569): Running dexopt on: it.unina.android.ripper_service
W/linker  ( 2215): libdvm.so has text relocations. This is wasting memory and is a security risk. Please fix.
D/dalvikvm( 2105): GC_FOR_ALLOC freed 789K, 16% free 5545K/6528K, paused 6ms, total 6ms
D/dalvikvm( 1569): GC_FOR_ALLOC freed 812K, 50% free 7454K/14816K, paused 9ms, total 9ms
D/dalvikvm( 1778): GC_EXPLICIT freed 641K, 16% free 7076K/8424K, paused 1ms+0ms, total 7ms
I/dalvikvm( 2105): Could not find method android.app.Activity.getMediaController, referenced from method com.google.android.chimera.ActivityBase.getMediaController
W/dalvikvm( 2105): VFY: unable to resolve virtual method 2155: Landroid/app/Activity;.getMediaController ()Landroid/media/session/MediaController;
D/dalvikvm( 2105): VFY: replacing opcode 0x6e at 0x0002
I/dalvikvm( 2105): Could not find method android.app.Activity.getSearchEvent, referenced from method com.google.android.chimera.ActivityBase.getSearchEvent
W/dalvikvm( 2105): VFY: unable to resolve virtual method 2160: Landroid/app/Activity;.getSearchEvent ()Landroid/view/SearchEvent;
D/dalvikvm( 2105): VFY: replacing opcode 0x6e at 0x0002
W/dalvikvm( 2105): VFY: unable to find class referenced in signature (Landroid/app/VoiceInteractor;)
W/dalvikvm( 2105): VFY: unable to find class referenced in signature (Landroid/app/VoiceInteractor;)
W/dalvikvm( 2105): VFY: unable to find class referenced in signature (Landroid/os/PersistableBundle;)
W/dalvikvm( 2105): VFY: unable to find class referenced in signature (Landroid/os/PersistableBundle;)
W/dalvikvm( 2105): VFY: unable to find class referenced in signature (Landroid/os/PersistableBundle;)
W/dalvikvm( 2105): VFY: unable to find class referenced in signature (Landroid/os/PersistableBundle;)
W/dalvikvm( 2105): VFY: unable to find class referenced in signature (Landroid/app/assist/AssistContent;)
W/dalvikvm( 2105): VFY: unable to find class referenced in signature (Landroid/app/assist/AssistContent;)
W/dalvikvm( 2105): VFY: unable to find class referenced in signature (Landroid/os/PersistableBundle;)
W/dalvikvm( 2105): VFY: unable to find class referenced in signature (Landroid/os/PersistableBundle;)
W/dalvikvm( 2105): VFY: unable to find class referenced in signature (Landroid/os/PersistableBundle;)
W/dalvikvm( 2105): VFY: unable to find class referenced in signature (Landroid/os/PersistableBundle;)
W/dalvikvm( 2105): VFY: unable to find class referenced in signature (Landroid/view/SearchEvent;)
D/dalvikvm( 2215): DexOpt: load 6ms, verify+opt 67ms, 1117628 bytes
W/dalvikvm( 2105): VFY: unable to find class referenced in signature (Landroid/view/SearchEvent;)
I/dalvikvm( 2105): Could not find method android.app.Activity.requestPermissions, referenced from method com.google.android.chimera.ActivityBase.requestPermissions
W/dalvikvm( 2105): VFY: unable to resolve virtual method 2194: Landroid/app/Activity;.requestPermissions ([Ljava/lang/String;I)V
D/dalvikvm( 2105): VFY: replacing opcode 0x6e at 0x0002
D/dalvikvm( 2105): GC_FOR_ALLOC freed 798K, 16% free 5576K/6584K, paused 15ms, total 15ms
W/dalvikvm( 2105): VFY: unable to find class referenced in signature (Landroid/media/session/MediaController;)
I/dalvikvm( 2105): Could not find method android.app.Activity.setMediaController, referenced from method com.google.android.chimera.ActivityBase.setMediaController
W/dalvikvm( 2105): VFY: unable to resolve virtual method 2205: Landroid/app/Activity;.setMediaController (Landroid/media/session/MediaController;)V
D/dalvikvm( 2105): VFY: replacing opcode 0x6e at 0x0002
I/ActivityManager( 1569): Force stopping it.unina.android.ripper_service appid=10057 user=-1: update pkg
E/dalvikvm( 2105): Could not find class 'android.app.ActivityManager$TaskDescription', referenced from method com.google.android.gms.growth.ui.webview.GrowthWebViewChimeraActivity.onCreate
W/dalvikvm( 2105): VFY: unable to resolve new-instance 1205 (Landroid/app/ActivityManager$TaskDescription;) in Lcom/google/android/gms/growth/ui/webview/GrowthWebViewChimeraActivity;
D/dalvikvm( 2105): VFY: replacing opcode 0x22 at 0x00d9
D/dalvikvm( 2105): DexOpt: unable to opt direct call 0x1060 at 0xe6 in Lcom/google/android/gms/growth/ui/webview/GrowthWebViewChimeraActivity;.onCreate
I/dalvikvm( 1778): Could not find method android.os.UserHandle.isOwner, referenced from method ahls.a
W/dalvikvm( 1778): VFY: unable to resolve virtual method 29745: Landroid/os/UserHandle;.isOwner ()Z
D/dalvikvm( 1778): VFY: replacing opcode 0x6e at 0x000a
E/BluetoothAdapter( 1832): Bluetooth binder is null
I/NearbyDiscovery( 1778): DiscoveryService created [CONTEXT service_id=49 ]
I/ActivityManager( 1569): Start proc com.android.music for broadcast com.android.music/.MediaButtonIntentReceiver: pid=2227 uid=10036 gids={50036, 3003, 1028, 1015}
I/NativeLibraryUtils( 1778): Extraction to /data/data/com.google.android.gms/app_extracted_libs/x86/libjingle_peerconnection_so.so true
I/dalvikvm( 2227): CheckJNI enabled: not enabling JNI app bug workarounds.
I/NativeLibraryUtils( 1778): Extraction to /data/data/com.google.android.gms/app_extracted_libs/x86/libleveldbjni.so true
I/NativeLibraryUtils( 1778): Extraction to /data/data/com.google.android.gms/app_extracted_libs/x86/libmatching.so true
I/NativeLibraryUtils( 1778): Extraction to /data/data/com.google.android.gms/app_extracted_libs/x86/libvcdiffjni.so true
D/dalvikvm( 1569): GC_FOR_ALLOC freed 1171K, 51% free 7403K/14816K, paused 8ms, total 8ms
I/NativeLibraryUtils( 1778): Extraction to /data/data/com.google.android.gms/app_extracted_libs/x86/libwearable-selector.so true
I/PackageManager( 1569): Running dexopt on: com.android.music
W/linker  ( 2240): libdvm.so has text relocations. This is wasting memory and is a security risk. Please fix.
D/dalvikvm( 2240): DexOpt: load 4ms, verify+opt 12ms, 753588 bytes
I/PackageManager( 1569):   Action: "android.intent.action.SENDTO"
I/PackageManager( 1569):   Category: "android.intent.category.DEFAULT"
I/PackageManager( 1569):   Scheme: "sms"
I/PackageManager( 1569): Adding preferred activity ComponentInfo{com.android.mms/com.android.mms.ui.ComposeMessageActivity} for user 0 :
I/dalvikvm( 1778): Could not find method android.app.NotificationManager.getCurrentInterruptionFilter, referenced from method nea.b
W/dalvikvm( 1778): VFY: unable to resolve virtual method 2504: Landroid/app/NotificationManager;.getCurrentInterruptionFilter ()I
I/PackageManager( 1569):   Action: "android.intent.action.SENDTO"
I/PackageManager( 1569):   Category: "android.intent.category.DEFAULT"
I/PackageManager( 1569):   Scheme: "smsto"
I/PackageManager( 1569): Adding preferred activity ComponentInfo{com.android.mms/com.android.mms.ui.ComposeMessageActivity} for user 0 :
D/dalvikvm( 1778): VFY: replacing opcode 0x6e at 0x0002
I/InputReader( 1569): Reconfiguring input devices.  changes=0x00000010
I/dalvikvm( 1778): Could not find method android.os.PowerManager.isInteractive, referenced from method acej.a
W/dalvikvm( 1778): VFY: unable to resolve virtual method 29693: Landroid/os/PowerManager;.isInteractive ()Z
D/dalvikvm( 1778): VFY: replacing opcode 0x6e at 0x0103
D/dalvikvm( 1815): GC_FOR_ALLOC freed 483K, 16% free 3597K/4264K, paused 1ms, total 1ms
I/PackageManager( 1569):   Action: "android.intent.action.SENDTO"
I/PackageManager( 1569):   Category: "android.intent.category.DEFAULT"
I/PackageManager( 1569):   Scheme: "mms"
I/PackageManager( 1569): Adding preferred activity ComponentInfo{com.android.mms/com.android.mms.ui.ComposeMessageActivity} for user 0 :
I/PackageManager( 1569):   Action: "android.intent.action.SENDTO"
I/PackageManager( 1569):   Category: "android.intent.category.DEFAULT"
I/PackageManager( 1569):   Scheme: "mmsto"
D/dalvikvm( 1796): GC_EXPLICIT freed 429K, 19% free 3212K/3956K, paused 0ms+0ms, total 3ms
I/PackageManager( 1569):   Action: "android.intent.action.SENDTO"
I/PackageManager( 1569):   Category: "android.intent.category.DEFAULT"
I/PackageManager( 1569):   Scheme: "sms"
I/PackageManager( 1569): Adding preferred activity ComponentInfo{com.android.mms/com.android.mms.ui.ComposeMessageActivity} for user 0 :
D/BackupManagerService( 1569): Received broadcast Intent { act=android.intent.action.PACKAGE_ADDED dat=package:it.unina.android.ripper_service flg=0x4000010 (has extras) }
I/PackageManager( 1569): Adding preferred activity ComponentInfo{com.android.mms/com.android.mms.ui.ComposeMessageActivity} for user 0 :
I/PackageManager( 1569):   Action: "android.intent.action.SENDTO"
I/PackageManager( 1569):   Category: "android.intent.category.DEFAULT"
I/PackageManager( 1569):   Scheme: "smsto"
I/PackageManager( 1569): Adding preferred activity ComponentInfo{com.android.mms/com.android.mms.ui.ComposeMessageActivity} for user 0 :
D/dalvikvm( 1815): GC_FOR_ALLOC freed 298K, 15% free 3646K/4288K, paused 2ms, total 2ms
V/BackupManagerService( 1569): addPackageParticipantsLocked: #1
I/MediaFocusControl( 1569):   Remote Control   registerMediaButtonIntent() for PendingIntent{9d25c368: PendingIntentRecord{9d976798 com.android.music broadcastIntent}}
I/PackageManager( 1569):   Action: "android.intent.action.SENDTO"
I/PackageManager( 1569):   Category: "android.intent.category.DEFAULT"
I/PackageManager( 1569):   Scheme: "mms"
I/PackageManager( 1569): Adding preferred activity ComponentInfo{com.android.mms/com.android.mms.ui.ComposeMessageActivity} for user 0 :
I/PackageManager( 1569):   Action: "android.intent.action.SENDTO"
I/PackageManager( 1569):   Category: "android.intent.category.DEFAULT"
I/PackageManager( 1569):   Scheme: "mmsto"
D/dalvikvm( 1569): GC_EXPLICIT freed 926K, 48% free 7780K/14816K, paused 1ms+7ms, total 80ms
D/dalvikvm( 1569): WAIT_FOR_CONCURRENT_GC blocked 2ms
D/dalvikvm( 1569): WAIT_FOR_CONCURRENT_GC blocked 2ms
D/dalvikvm( 1569): WAIT_FOR_CONCURRENT_GC blocked 2ms
D/AndroidRuntime( 2162): Shutting down VM
D/SettingsProvider( 1569): User 0 external modification to /data/data/com.android.providers.settings/databases/settings.db; event=2
D/SettingsProvider( 1569): User 0 updating our caches for /data/data/com.android.providers.settings/databases/settings.db
I/PackageManager( 1569): Adding preferred activity ComponentInfo{com.android.mms/com.android.mms.ui.ComposeMessageActivity} for user 0 :
D/jdwp    ( 2162): Got wake-up signal, bailing out of select
D/dalvikvm( 2162): Debugger has detached; object registry had 1 entries
E/dalvikvm( 1778): Could not find class 'android.app.NotificationChannel', referenced from method aciq.a
W/dalvikvm( 1778): VFY: unable to resolve new-instance 7732 (Landroid/app/NotificationChannel;) in Laciq;
D/dalvikvm( 1778): VFY: replacing opcode 0x22 at 0x00a8
D/dalvikvm( 1778): DexOpt: unable to opt direct call 0x6f0e at 0xad in Laciq;.a
E/BluetoothAdapter( 1778): Bluetooth binder is null
W/NearbyShared( 1778): BTConnStateMgr:BluetoothAdapter.getDefaultAdapter() return null!
W/dalvikvm( 1778): VFY: unable to find class referenced in signature (Landroid/bluetooth/le/ScanCallback;)
I/dalvikvm( 1778): Could not find method android.content.Context.getSystemService, referenced from method aclw.a
W/dalvikvm( 1778): VFY: unable to resolve virtual method 28695: Landroid/content/Context;.getSystemService (Ljava/lang/Class;)Ljava/lang/Object;
D/dalvikvm( 1778): VFY: replacing opcode 0x6e at 0x0006
I/dalvikvm( 1778): Could not find method android.content.Context.getDrawable, referenced from method jk.a
W/dalvikvm( 1778): VFY: unable to resolve virtual method 2472: Landroid/content/Context;.getDrawable (I)Landroid/graphics/drawable/Drawable;
D/dalvikvm( 1778): VFY: replacing opcode 0x6e at 0x0006
I/dalvikvm( 1778): Could not find method android.content.Context.getNoBackupFilesDir, referenced from method jk.b
W/dalvikvm( 1778): VFY: unable to resolve virtual method 2480: Landroid/content/Context;.getNoBackupFilesDir ()Ljava/io/File;
D/dalvikvm( 1778): VFY: replacing opcode 0x6e at 0x0006
E/BluetoothAdapter( 1778): Bluetooth binder is null
I/NearbyDiscovery( 1778): FastPair: Skip backfill FastPairItem, adapter is null [CONTEXT service_id=49 ]
I/dalvikvm( 1778): Could not find method android.os.PowerManager.isPowerSaveMode, referenced from method ayei.a
W/dalvikvm( 1778): VFY: unable to resolve virtual method 1679: Landroid/os/PowerManager;.isPowerSaveMode ()Z
D/dalvikvm( 1778): VFY: replacing opcode 0x6e at 0x0154
D/dalvikvm( 2105): GC_FOR_ALLOC freed 764K, 15% free 5662K/6628K, paused 3ms, total 3ms
D/dalvikvm( 1778): GC_FOR_ALLOC freed 942K, 14% free 7520K/8712K, paused 6ms, total 6ms
I/NearbyDiscovery( 1778): FastPair: HeadsetPieceImage, grant permission files:0 [CONTEXT service_id=49 ]
