D/dalvikvm( 2780): VFY: replacing opcode 0x1f at 0x0077
E/dalvikvm( 2780): Could not find class 'android.app.job.JobScheduler', referenced from method gss.c
W/dalvikvm( 2780): VFY: unable to resolve check-cast 443 (Landroid/app/job/JobScheduler;) in Lgss;
D/dalvikvm( 2780): VFY: replacing opcode 0x1f at 0x012a
E/dalvikvm( 2780): Could not find class 'android.app.job.JobScheduler', referenced from method gss.c
W/dalvikvm( 2780): VFY: unable to resolve check-cast 443 (Landroid/app/job/JobScheduler;) in Lgss;
D/dalvikvm( 2780): VFY: replacing opcode 0x1f at 0x0327
E/dalvikvm( 2780): Could not find class 'android.app.job.JobScheduler', referenced from method gtk.u_
W/dalvikvm( 2780): VFY: unable to resolve check-cast 443 (Landroid/app/job/JobScheduler;) in Lgtk;
D/dalvikvm( 2780): VFY: replacing opcode 0x1f at 0x0080
D/dalvikvm( 2076): GC_EXPLICIT freed 9K, 29% free 11385K/15980K, paused 2ms+1ms, total 28ms
I/dalvikvm( 2780): Could not find method android.content.pm.PackageManager.isInstantApp, referenced from method hub.a
W/dalvikvm( 2780): VFY: unable to resolve virtual method 3345: Landroid/content/pm/PackageManager;.isInstantApp (Ljava/lang/String;)Z
D/dalvikvm( 2780): VFY: replacing opcode 0x6e at 0x0026
I/GmsModuleFndr( 2076): Beginning GMS chimera module scan
D/dalvikvm( 2780): GC_FOR_ALLOC freed 400K, 16% free 3258K/3844K, paused 2ms, total 2ms
I/dalvikvm( 2780): Could not find method android.app.NotificationManager.getNotificationChannel, referenced from method gzd.a
W/dalvikvm( 2780): VFY: unable to resolve virtual method 2974: Landroid/app/NotificationManager;.getNotificationChannel (Ljava/lang/String;)Landroid/app/NotificationChannel;
D/dalvikvm( 2780): VFY: replacing opcode 0x6e at 0x00c5
D/dalvikvm( 2780): DexOpt: unable to opt direct call 0x0b8a at 0xd2 in Lgzd;.a
E/dalvikvm( 2780): Could not find class 'com.google.common.flogger.backend.google.GooglePlatform', referenced from method plf.a
W/dalvikvm( 2780): VFY: unable to resolve const-class 3003 (Lcom/google/common/flogger/backend/google/GooglePlatform;) in Lplf;
D/dalvikvm( 2780): VFY: replacing opcode 0x1c at 0x0014
I/dalvikvm( 1776): Could not find method android.net.ConnectivityManager.isDefaultNetworkActive, referenced from method com.google.android.gms.clearcut.uploader.QosUploaderChimeraService.a
W/dalvikvm( 1776): VFY: unable to resolve virtual method 3874: Landroid/net/ConnectivityManager;.isDefaultNetworkActive ()Z
D/dalvikvm( 1776): VFY: replacing opcode 0x6e at 0x00c6
I/ModuleSetMgr( 2076): Computing pending module set with APKs: [[AdsFdrDynamite.integ:21460000000], [Cronetdynamite:202414000700], [Dynamiteloader:202414000700], [Dynamitemodulesa:202414000000], [Dynamitemodulesc:202414000000], [Googlecertificates:202414000000], [Mapsdynamite:202414000000], [Measurementdynamite:202414000000]]
I/ModuleSetMgr( 2076): Pending container module APKs: []
I/ModuleSetMgr( 2076): Pending non-container module APKs: []
I/dalvikvm( 2780): Could not find method com.google.android.chimera.BoundService.getStartIntent, referenced from method hki.a
W/dalvikvm( 2780): VFY: unable to resolve static method 13682: Lcom/google/android/chimera/BoundService;.getStartIntent (Landroid/content/Context;Ljava/lang/String;)Landroid/content/Intent;
D/dalvikvm( 2780): VFY: replacing opcode 0x71 at 0x0024
W/ActivityManager( 1569): Unable to start service Intent { act=com.google.android.gms.instantapps.START pkg=com.google.android.gms } U=0: not found
E/GmsClient( 2780): unable to connect to service: com.google.android.gms.instantapps.START on com.google.android.gms
W/ActivityManager( 1569): Unbind failed: could not find connection for android.os.BinderProxy@9d19a728
I/dalvikvm( 2780): Could not find method android.content.Context.deleteSharedPreferences, referenced from method fya.c
W/dalvikvm( 2780): VFY: unable to resolve virtual method 3145: Landroid/content/Context;.deleteSharedPreferences (Ljava/lang/String;)Z
D/dalvikvm( 2780): VFY: replacing opcode 0x6e at 0x002a
I/dalvikvm( 2780): Could not find method java.util.Locale.toLanguageTag, referenced from method fvw.a
W/dalvikvm( 2780): VFY: unable to resolve virtual method 33842: Ljava/util/Locale;.toLanguageTag ()Ljava/lang/String;
D/dalvikvm( 2780): VFY: replacing opcode 0x6e at 0x000a
D/dalvikvm( 2780): GC_FOR_ALLOC freed 340K, 14% free 3429K/3956K, paused 6ms, total 6ms
D/dalvikvm( 2076): GC_EXPLICIT freed 298K, 29% free 11417K/15980K, paused 2ms+1ms, total 29ms
W/ComponentDiscovery( 2780): Application info not found.
W/ComponentDiscovery( 2780): Could not retrieve metadata, returning empty list of registrars.
I/dalvikvm( 2780): Could not find method android.content.Context.getDrawable, referenced from method rj.a
W/dalvikvm( 2780): VFY: unable to resolve virtual method 3157: Landroid/content/Context;.getDrawable (I)Landroid/graphics/drawable/Drawable;
D/dalvikvm( 2780): VFY: replacing opcode 0x6e at 0x0006
I/dalvikvm( 2780): Could not find method android.content.Context.getDataDir, referenced from method rj.a
W/dalvikvm( 2780): VFY: unable to resolve virtual method 3154: Landroid/content/Context;.getDataDir ()Ljava/io/File;
D/dalvikvm( 2780): VFY: replacing opcode 0x6e at 0x0006
I/dalvikvm( 2780): Could not find method android.content.Context.getSystemServiceName, referenced from method rj.a
W/dalvikvm( 2780): VFY: unable to resolve virtual method 3173: Landroid/content/Context;.getSystemServiceName (Ljava/lang/Class;)Ljava/lang/String;
D/dalvikvm( 2780): VFY: replacing opcode 0x6e at 0x000a
I/dalvikvm( 2780): Could not find method android.content.Context.getSystemService, referenced from method rj.a
W/dalvikvm( 2780): VFY: unable to resolve virtual method 3171: Landroid/content/Context;.getSystemService (Ljava/lang/Class;)Ljava/lang/Object;
D/dalvikvm( 2780): VFY: replacing opcode 0x6e at 0x0020
I/dalvikvm( 2780): Could not find method android.content.Context.getColorStateList, referenced from method rj.b
W/dalvikvm( 2780): VFY: unable to resolve virtual method 3152: Landroid/content/Context;.getColorStateList (I)Landroid/content/res/ColorStateList;
D/dalvikvm( 2780): VFY: replacing opcode 0x6e at 0x0006
I/dalvikvm( 2780): Could not find method android.content.Context.getColor, referenced from method rj.c
W/dalvikvm( 2780): VFY: unable to resolve virtual method 3151: Landroid/content/Context;.getColor (I)I
D/dalvikvm( 2780): VFY: replacing opcode 0x6e at 0x0006
I/dalvikvm( 2780): Could not find method android.content.Context.getNoBackupFilesDir, referenced from method rj.d
W/dalvikvm( 2780): VFY: unable to resolve virtual method 3164: Landroid/content/Context;.getNoBackupFilesDir ()Ljava/io/File;
D/dalvikvm( 2780): VFY: replacing opcode 0x6e at 0x0006
I/dalvikvm( 2780): Could not find method android.content.Context.createDeviceProtectedStorageContext, referenced from method rj.e
W/dalvikvm( 2780): VFY: unable to resolve virtual method 3139: Landroid/content/Context;.createDeviceProtectedStorageContext ()Landroid/content/Context;
D/dalvikvm( 2780): VFY: replacing opcode 0x6e at 0x0008
I/dalvikvm( 2780): Could not find method android.content.Context.isDeviceProtectedStorage, referenced from method rj.f
W/dalvikvm( 2780): VFY: unable to resolve virtual method 3177: Landroid/content/Context;.isDeviceProtectedStorage ()Z
D/dalvikvm( 2780): VFY: replacing opcode 0x6e at 0x0008
D/dalvikvm( 1776): GC_FOR_ALLOC freed 1993K, 25% free 9391K/12384K, paused 11ms, total 12ms
I/PGAPhenotypeBroadcastRe( 2780): Received Phenotype update.
W/PGAfap  ( 2780): ContentFiltersService is unavailable; not applying content filters.
D/ConnectivityService( 1569): handleInetConditionHoldEnd: net=0, condition=100, published condition=0
D/dalvikvm( 2076): GC_EXPLICIT freed 294K, 29% free 11466K/15980K, paused 19ms+2ms, total 115ms
D/dalvikvm( 2465): GC_FOR_ALLOC freed 875K, 43% free 5601K/9672K, paused 4ms, total 12ms
I/Auth    ( 1776): [AuthManaged,PasswordComplexityHelperImpl] Updating password complexity components state.
I/Auth    ( 1776): [AuthManaged,PasswordComplexityHelperImpl] Disabling com.google.android.gms.auth.managed.admin.DeviceAdminReceiver
I/Auth    ( 1776): [AuthManaged,PasswordComplexityHelperImpl] Disabling com.google.android.gms.auth.managed.ui.SetNewPasswordActivity
D/dalvikvm( 2076): GC_EXPLICIT freed 172K, 28% free 11652K/15980K, paused 1ms+87ms, total 145ms
E/PhenotypeRegOp( 2076): Attempting to overwrite config package for com.google.android.gms.games [CONTEXT service_id=231 ]
E/PhenotypeRegOp( 2076): Attempting to overwrite config package for com.google.android.gms.mobile_data_plan [CONTEXT service_id=231 ]
E/PhenotypeRegOp( 2076): Attempting to overwrite config package for com.google.android.gms.signin [CONTEXT service_id=231 ]
E/PhenotypeRegOp( 2076): Attempting to overwrite config package for com.google.android.gms.udc [CONTEXT service_id=231 ]
D/dalvikvm( 1776): GC_FOR_ALLOC freed 1964K, 24% free 9475K/12384K, paused 24ms, total 24ms
D/dalvikvm( 2076): GC_EXPLICIT freed 281K, 29% free 11481K/15980K, paused 1ms+1ms, total 16ms
D/EGL_emulation( 2465): eglCreateContext: 0xb88dc380: maj 3 min 0 rcv 3
D/EGL_emulation( 2465): eglMakeCurrent: 0xb88dc380: ver 3 0
E/eglCodecCommon( 2465): glUtilsParamSize: unknow param 0x00008cdf
E/eglCodecCommon( 2465): glUtilsParamSize: unknow param 0x00008824
D/dalvikvm( 2076): GC_EXPLICIT freed 128K, 29% free 11503K/15980K, paused 0ms+19ms, total 65ms
D/EGL_emulation( 2465): eglCreateContext: 0xb88dc380: maj 3 min 0 rcv 3
D/EGL_emulation( 2465): eglMakeCurrent: 0xb88dc380: ver 3 0
E/eglCodecCommon( 2465): glUtilsParamSize: unknow param 0x00008cdf
E/eglCodecCommon( 2465): glUtilsParamSize: unknow param 0x00008824
I/ahlt    ( 1776): updateFromConfigurations using legacy put method [CONTEXT service_id=204 ]
D/dalvikvm( 2076): GC_EXPLICIT freed 131K, 28% free 11648K/15980K, paused 7ms+2ms, total 75ms
D/dalvikvm( 2299): GC_FOR_ALLOC freed 1039K, 16% free 6738K/7964K, paused 4ms, total 4ms
D/dalvikvm( 2076): GC_EXPLICIT freed 22K, 28% free 11653K/15980K, paused 0ms+3ms, total 34ms
D/dalvikvm( 2076): GC_EXPLICIT freed 77K, 27% free 11707K/15980K, paused 16ms+2ms, total 58ms
I/GmsModuleFndr( 2076): Beginning GMS chimera module scan
D/dalvikvm( 1776): GC_FOR_ALLOC freed 2099K, 24% free 9424K/12384K, paused 17ms, total 17ms
I/ModuleSetMgr( 2076): Computing pending module set with APKs: [[AdsFdrDynamite.integ:21460000000], [Cronetdynamite:202414000700], [Dynamiteloader:202414000700], [Dynamitemodulesa:202414000000], [Dynamitemodulesc:202414000000], [Googlecertificates:202414000000], [Mapsdynamite:202414000000], [Measurementdynamite:202414000000]]
I/ModuleSetMgr( 2076): Pending container module APKs: []
I/ModuleSetMgr( 2076): Pending non-container module APKs: []
W/Launcher( 2213): setApplicationContext called twice! old=com.google.android.velvet.VelvetApplication@9cff5a30 new=com.google.android.velvet.VelvetApplication@9cff5a30
I/Fitness ( 1776): FitCleanupIntentOperation received Intent android.intent.action.PACKAGE_CHANGED [CONTEXT service_id=17 ]
I/Fitness ( 1776): OnPackageChangedOperation got intent: Intent { act=android.intent.action.PACKAGE_CHANGED dat=package:com.android.email flg=0x4000010 cmp=com.google.android.gms/.chimera.PersistentIntentOperationService (has extras) } [CONTEXT service_id=17 ]
I/Icing.InternalIcingCorporaProvider( 2168): Updating corpora: A: com.android.email, C: MAYBE
W/Launcher( 2213): setApplicationContext called twice! old=com.google.android.velvet.VelvetApplication@9cff5a30 new=com.google.android.velvet.VelvetApplication@9cff5a30
D/dalvikvm( 1817): GC_EXPLICIT freed 154K, 20% free 6180K/7644K, paused 1ms+2ms, total 39ms
W/Conscrypt( 2076): Could not set socket write timeout: java.net.SocketException: Socket closed
W/Conscrypt( 2076): 	at com.google.android.gms.org.conscrypt.Platform.setSocketWriteTimeout(:com.google.android.gms@202414005@20.24.14 (000700-319035315):2)
W/Conscrypt( 2076): 	at com.google.android.gms.org.conscrypt.ConscryptFileDescriptorSocket.setSoWriteTimeout(:com.google.android.gms@202414005@20.24.14 (000700-319035315):0)
W/ContextImpl( 2168): Implicit intents with startService are not safe: Intent { act=com.google.android.gms.icing.INDEX_SERVICE } android.content.ContextWrapper.bindService:517 com.google.android.gms.internal.av.a:-1 com.google.android.gms.internal.au.connect:-1 
I/Icing   ( 2076): IndexChimeraService.getServiceInterface callingPackage=com.google.android.googlequicksearchbox componentName=null serviceId=21
W/Conscrypt( 2076): Could not set socket write timeout: java.net.SocketException: Socket closed
W/Conscrypt( 2076): 	at com.google.android.gms.org.conscrypt.Platform.setSocketWriteTimeout(:com.google.android.gms@202414005@20.24.14 (000700-319035315):2)
W/Conscrypt( 2076): 	at com.google.android.gms.org.conscrypt.ConscryptFileDescriptorSocket.setSoWriteTimeout(:com.google.android.gms@202414005@20.24.14 (000700-319035315):0)
I/Fitness ( 1776): OnPackageChangedOperation got intent: Intent { act=android.intent.action.PACKAGE_CHANGED dat=package:com.google.android.gsf flg=0x4000010 cmp=com.google.android.gms/.chimera.PersistentIntentOperationService (has extras) } [CONTEXT service_id=17 ]
I/Icing.InternalIcingCorporaProvider( 2168): Updating corpora: A: com.google.android.gsf, C: MAYBE
I/Icing   ( 2076): IndexChimeraService.getServiceInterface callingPackage=com.google.android.googlequicksearchbox componentName=null serviceId=21
W/Icing   ( 2076): No valid account for uploading user actions
W/Launcher( 2213): setApplicationContext called twice! old=com.google.android.velvet.VelvetApplication@9cff5a30 new=com.google.android.velvet.VelvetApplication@9cff5a30
I/Fitness ( 1776): FitCleanupIntentOperation received Intent android.intent.action.PACKAGE_CHANGED [CONTEXT service_id=17 ]
I/DownloadManager( 1843): Download 3 finished with status SUCCESS
I/Icing   ( 2076): Usage reports ok 0, Failed Usage reports 0, indexed 0, rejected 0
W/Icing   ( 2076): No valid account for uploading user actions
I/Icing   ( 2076): Usage reports ok 0, Failed Usage reports 0, indexed 0, rejected 0
D/dalvikvm( 1569): GC_FOR_ALLOC freed 1184K, 47% free 8062K/15088K, paused 9ms, total 9ms
D/dalvikvm( 1843): GC_FOR_ALLOC freed 576K, 19% free 3405K/4168K, paused 2ms, total 2ms
I/Fitness ( 1776): OnPackageChangedOperation got intent: Intent { act=android.intent.action.PACKAGE_CHANGED dat=package:com.google.android.gms flg=0x4000010 cmp=com.google.android.gms/.chimera.PersistentIntentOperationService (has extras) } [CONTEXT service_id=17 ]
W/Launcher( 2213): setApplicationContext called twice! old=com.google.android.velvet.VelvetApplication@9cff5a30 new=com.google.android.velvet.VelvetApplication@9cff5a30
D/dalvikvm( 2076): GC_FOR_ALLOC freed 1900K, 26% free 11855K/15980K, paused 28ms, total 29ms
I/Icing.InternalIcingCorporaProvider( 2168): Updating corpora: A: com.google.android.gms, C: MAYBE
I/Icing   ( 2076): IndexChimeraService.getServiceInterface callingPackage=com.google.android.googlequicksearchbox componentName=null serviceId=21
W/Icing   ( 2076): No valid account for uploading user actions
I/Icing   ( 2076): Usage reports ok 0, Failed Usage reports 0, indexed 0, rejected 0
I/Icing.InternalIcingCorporaProvider( 2168): Updating corpora: A: com.google.android.inputmethod.latin, C: MAYBE
I/Icing   ( 2076): IndexChimeraService.getServiceInterface callingPackage=com.google.android.googlequicksearchbox componentName=null serviceId=21
I/Fitness ( 1776): OnPackageChangedOperation got intent: Intent { act=android.intent.action.PACKAGE_CHANGED dat=package:com.google.android.inputmethod.latin flg=0x4000010 cmp=com.google.android.gms/.chimera.PersistentIntentOperationService (has extras) } [CONTEXT service_id=17 ]
I/Icing   ( 2076): updateResources: need to parse wwx{com.google.android.gms}
I/Fitness ( 1776): FitCleanupIntentOperation received Intent android.intent.action.PACKAGE_CHANGED [CONTEXT service_id=17 ]
I/Fitness ( 1776): FitCleanupIntentOperation received Intent android.intent.action.PACKAGE_CHANGED [CONTEXT service_id=17 ]
D/dalvikvm( 1776): GC_FOR_ALLOC freed 1938K, 24% free 9533K/12384K, paused 14ms, total 14ms
V/AlarmClock( 2375): AlarmInitReceiver android.intent.action.TIMEZONE_CHANGED
I/AlarmClock( 2375): Displaying next alarm time: ''
V/AlarmClock( 2375): AlarmInitReceiver finished
I/Notifications( 2411): [ChimeBroadcastReceiver] Intent received for action [android.intent.action.TIMEZONE_CHANGED] package [com.google.android.play.games].
I/Notifications( 2411): [ChimeBroadcastReceiver] Validation OK for action [android.intent.action.TIMEZONE_CHANGED].
I/Notifications( 2411): [ChimeBroadcastReceiver] Executing action in Service [android.intent.action.TIMEZONE_CHANGED].
W/Icing   ( 2076): No valid account for uploading user actions
I/Icing   ( 2076): Usage reports ok 0, Failed Usage reports 0, indexed 0, rejected 0
V/AlarmClock( 2375): AlarmInitReceiver android.intent.action.TIME_SET
I/AlarmClock( 2375): Displaying next alarm time: ''
V/AlarmClock( 2375): AlarmInitReceiver finished
D/dalvikvm( 2076): GC_FOR_ALLOC freed 2207K, 27% free 11695K/15980K, paused 17ms, total 17ms
I/SystemUpdate( 2076): [Installation,ReceiverIntentOperation] Received intent: Intent { act=android.intent.action.TIME_SET flg=0x24000010 cmp=com.google.android.gms/.chimera.GmsIntentOperationService$PersistentTrustedReceiver }.
I/SystemUpdate( 2076): [Execution,InstallationEventIntentOperation] Handling event of type 6.
I/SystemUpdate( 2076): [Execution,InstallationIntentOperation] Received intent: Intent { act=com.google.android.gms.update.INSTALL_UPDATE cat=[targeted_intent_op_prefix:.update.execution.InstallationIntentOperation] cmp=com.google.android.gms/.chimera.GmsIntentOperationService }.
I/SystemUpdate( 2076): [Execution,ExecutionManager] Action finished-execution executed for 0.00 seconds.
D/dalvikvm( 1776): GC_FOR_ALLOC freed 2086K, 24% free 9495K/12384K, paused 8ms, total 8ms
D/dalvikvm( 2076): DexOpt: couldn't find static field Landroid/os/Build;.SUPPORTED_ABIS
W/dalvikvm( 2076): VFY: unable to resolve static field 17846 (SUPPORTED_ABIS) in Landroid/os/Build;
D/dalvikvm( 2076): VFY: replacing opcode 0x62 at 0x0006
I/Vision  ( 2076): Supported ABIS: [x86]
I/Vision  ( 2076): Requesting optional module download of ocr.
I/ChmraDebugLogger( 1776): [53] +vision.ocr:-1
I/Vision  ( 2076): Checking for download completion for 43748 -- ocr
E/dalvikvm( 1776): JIT code cache full
I/ChimeraConfigurator( 2076): Starting update, reason: 4 urgentFeatures: vision.ocr:-1
I/Vision  ( 2076): Requesting optional module download of ocr.
I/Vision  ( 2076): Checking for download completion for 43814 -- ocr
E/MS_DownloadManager( 2076): Unsupported Matchstick Download Type: 
E/MS_DownloadManager( 2076): Failed to get download uri for unsupported Matchstick download type: 
I/Auth    ( 1776): [AuthManaged,PasswordComplexityHelperImpl] Updating password complexity components state.
I/Auth    ( 1776): [AuthManaged,PasswordComplexityHelperImpl] Disabling com.google.android.gms.auth.managed.admin.DeviceAdminReceiver
I/Auth    ( 1776): [AuthManaged,PasswordComplexityHelperImpl] Disabling com.google.android.gms.auth.managed.ui.SetNewPasswordActivity
D/dalvikvm( 1569): GC_FOR_ALLOC freed 1385K, 48% free 7949K/15088K, paused 8ms, total 8ms
I/PTCommittedOperation( 1776): Receive new configuration for com.google.android.gms.people
I/Vision  ( 2076): Requesting optional module download of ocr.
I/Vision  ( 2076): Checking for download completion for 43881 -- ocr
I/ChromeSync( 2076): [Sync,SyncIntentOperation] Handling the intent: Intent { act=com.google.android.gms.phenotype.COMMITTED flg=0x10 pkg=com.google.android.gms cmp=com.google.android.gms/.chimera.GmsIntentOperationService (has extras) }.
E/GmsClient( 2076): unable to connect to service: com.google.android.gms.auth.key.retrieval.service.START on com.google.android.gms
W/ActivityManager( 1569): Unable to start service Intent { act=com.google.android.gms.auth.key.retrieval.service.START pkg=com.google.android.gms } U=0: not found
W/ActivityManager( 1569): Unbind failed: could not find connection for android.os.BinderProxy@9d0ed438
D/dalvikvm( 1776): JIT code cache reset in 0 ms (523060 bytes 1/0)
D/dalvikvm( 1776): GC_FOR_ALLOC freed 2082K, 24% free 9460K/12384K, paused 18ms, total 19ms
D/dalvikvm( 2076): GC_FOR_ALLOC freed 2006K, 27% free 11737K/15980K, paused 12ms, total 12ms
I/ahlt    ( 1776): updateFromConfigurations using legacy put method [CONTEXT service_id=204 ]
I/Auth    ( 1776): [AuthManaged,PasswordComplexityHelperImpl] Updating password complexity components state.
I/Auth    ( 1776): [AuthManaged,PasswordComplexityHelperImpl] Disabling com.google.android.gms.auth.managed.admin.DeviceAdminReceiver
I/Auth    ( 1776): [AuthManaged,PasswordComplexityHelperImpl] Disabling com.google.android.gms.auth.managed.ui.SetNewPasswordActivity
I/Auth    ( 1776): [AuthManaged,PasswordComplexityHelperImpl] Updating password complexity components state.
I/Auth    ( 1776): [AuthManaged,PasswordComplexityHelperImpl] Disabling com.google.android.gms.auth.managed.admin.DeviceAdminReceiver
I/Auth    ( 1776): [AuthManaged,PasswordComplexityHelperImpl] Disabling com.google.android.gms.auth.managed.ui.SetNewPasswordActivity
I/MdiSyncModule( 2076): flag handling is skipping irrelevant intent.
W/ModuleInitIntentOp( 2076): Dropping unexpected action com.google.android.gms.phenotype.COMMITTED
W/FsaEntryPointSwitcher( 2076): getServiceInfo failed for com.google.android.gms.people.sync.focus.ContactsSyncAdapterService
I/FsaEntryPointSwitcher( 2076): setting component enabled=1 for com.google.android.gms.people.sync.focus.ContactsSyncAdapterService
I/FsaEntryPointSwitcher( 2076): Setting component enabled succeeds.
I/FsaEntryPointSwitcher( 2076): setting component enabled=2 for com.google.android.syncadapters.contacts.ContactsSyncAdapterService
I/FsaEntryPointSwitcher( 2076): Setting component enabled succeeds.
I/Auth    ( 1776): [AuthManaged,PasswordComplexityHelperImpl] Updating password complexity components state.
I/Auth    ( 1776): [AuthManaged,PasswordComplexityHelperImpl] Disabling com.google.android.gms.auth.managed.admin.DeviceAdminReceiver
I/Auth    ( 1776): [AuthManaged,PasswordComplexityHelperImpl] Disabling com.google.android.gms.auth.managed.ui.SetNewPasswordActivity
I/Icing   ( 2076): Indexing com.google.android.gms-apps from com.google.android.gms
I/ChromeSync( 2076): [Sync,SyncIntentOperation] Handling the intent: Intent { act=com.google.android.gms.phenotype.COMMITTED flg=0x10 pkg=com.google.android.gms cmp=com.google.android.gms/.chimera.GmsIntentOperationService (has extras) }.
I/MdiSyncModule( 2076): flag handling is skipping irrelevant intent.
W/ModuleInitIntentOp( 2076): Dropping unexpected action com.google.android.gms.phenotype.COMMITTED
E/GmsClient( 2076): unable to connect to service: com.google.android.gms.auth.key.retrieval.service.START on com.google.android.gms
W/ActivityManager( 1569): Unable to start service Intent { act=com.google.android.gms.auth.key.retrieval.service.START pkg=com.google.android.gms } U=0: not found
W/ActivityManager( 1569): Unbind failed: could not find connection for android.os.BinderProxy@9d19d418
I/Auth    ( 1776): [AuthManaged,PasswordComplexityHelperImpl] Updating password complexity components state.
I/Auth    ( 1776): [AuthManaged,PasswordComplexityHelperImpl] Disabling com.google.android.gms.auth.managed.admin.DeviceAdminReceiver
I/PTCommittedOperation( 1776): Receive new configuration for org.chromium.net.cronet
I/Auth    ( 1776): [AuthManaged,PasswordComplexityHelperImpl] Disabling com.google.android.gms.auth.managed.ui.SetNewPasswordActivity
I/Icing   ( 2076): Indexing done com.google.android.gms-apps
I/Icing   ( 2076): Indexing com.google.android.googlequicksearchbox-applications from com.google.android.googlequicksearchbox
D/dalvikvm( 1776): GC_FOR_ALLOC freed 2080K, 24% free 9427K/12384K, paused 11ms, total 11ms
I/ChromeSync( 2076): [Sync,SyncIntentOperation] Handling the intent: Intent { act=com.google.android.gms.phenotype.COMMITTED flg=0x10 pkg=com.google.android.gms cmp=com.google.android.gms/.chimera.GmsIntentOperationService (has extras) }.
I/MdiSyncModule( 2076): flag handling is skipping irrelevant intent.
W/ModuleInitIntentOp( 2076): Dropping unexpected action com.google.android.gms.phenotype.COMMITTED
I/Icing   ( 2076): Indexing done com.google.android.googlequicksearchbox-applications
I/Icing   ( 2076): Indexing com.google.android.gms-apps from com.google.android.gms
I/Icing   ( 2076): Indexing done com.google.android.gms-apps
I/PTCommittedOperation( 1776): Receive new configuration for com.google.android.gms.auth_api_phone
I/Auth    ( 1776): [AuthManaged,PasswordComplexityHelperImpl] Updating password complexity components state.
I/Auth    ( 1776): [AuthManaged,PasswordComplexityHelperImpl] Disabling com.google.android.gms.auth.managed.admin.DeviceAdminReceiver
I/Auth    ( 1776): [AuthManaged,PasswordComplexityHelperImpl] Disabling com.google.android.gms.auth.managed.ui.SetNewPasswordActivity
I/Icing   ( 2076): Indexing com.google.android.googlequicksearchbox-applications from com.google.android.googlequicksearchbox
I/Icing   ( 2076): Indexing done com.google.android.googlequicksearchbox-applications
I/Auth    ( 1776): [AuthManaged,PasswordComplexityHelperImpl] Updating password complexity components state.
I/Auth    ( 1776): [AuthManaged,PasswordComplexityHelperImpl] Disabling com.google.android.gms.auth.managed.admin.DeviceAdminReceiver
I/Auth    ( 1776): [AuthManaged,PasswordComplexityHelperImpl] Disabling com.google.android.gms.auth.managed.ui.SetNewPasswordActivity
I/ChromeSync( 2076): [Sync,SyncIntentOperation] Handling the intent: Intent { act=com.google.android.gms.phenotype.COMMITTED flg=0x10 pkg=com.google.android.gms cmp=com.google.android.gms/.chimera.GmsIntentOperationService (has extras) }.
I/MdiSyncModule( 2076): flag handling is skipping irrelevant intent.
W/ModuleInitIntentOp( 2076): Dropping unexpected action com.google.android.gms.phenotype.COMMITTED
D/dalvikvm( 1817): GC_EXPLICIT freed 148K, 20% free 6173K/7644K, paused 0ms+1ms, total 13ms
I/Icing   ( 2076): Indexing com.google.android.gms-internal.3p:MobileApplication from com.google.android.gms
I/Icing   ( 2076): Indexing done com.google.android.gms-internal.3p:MobileApplication
I/Icing   ( 2076): Indexing com.google.android.googlequicksearchbox-applications from com.google.android.googlequicksearchbox
I/Auth    ( 1776): [AuthManaged,PasswordComplexityHelperImpl] Updating password complexity components state.
I/Auth    ( 1776): [AuthManaged,PasswordComplexityHelperImpl] Disabling com.google.android.gms.auth.managed.admin.DeviceAdminReceiver
I/Icing   ( 2076): Indexing done com.google.android.googlequicksearchbox-applications
I/Icing   ( 2076): Indexing com.google.android.gms-apps from com.google.android.gms
I/Icing   ( 2076): Indexing done com.google.android.gms-apps
I/PTCommittedOperation( 1776): Receive new configuration for com.google.android.gms.auth_api_proxy
I/Auth    ( 1776): [AuthManaged,PasswordComplexityHelperImpl] Disabling com.google.android.gms.auth.managed.ui.SetNewPasswordActivity
I/GCM-GMS ( 2076): Registering GMS 745476177629
I/GCM-GMS ( 2076): Got GMS registration
D/dalvikvm( 1776): GC_FOR_ALLOC freed 2076K, 25% free 9399K/12384K, paused 11ms, total 11ms
I/Auth    ( 1776): [AuthManaged,PasswordComplexityHelperImpl] Updating password complexity components state.
I/Auth    ( 1776): [AuthManaged,PasswordComplexityHelperImpl] Disabling com.google.android.gms.auth.managed.admin.DeviceAdminReceiver
I/Auth    ( 1776): [AuthManaged,PasswordComplexityHelperImpl] Disabling com.google.android.gms.auth.managed.ui.SetNewPasswordActivity
I/ChromeSync( 2076): [Sync,SyncIntentOperation] Handling the intent: Intent { act=com.google.android.gms.phenotype.COMMITTED flg=0x10 pkg=com.google.android.gms cmp=com.google.android.gms/.chimera.GmsIntentOperationService (has extras) }.
I/MdiSyncModule( 2076): flag handling is skipping irrelevant intent.
W/ModuleInitIntentOp( 2076): Dropping unexpected action com.google.android.gms.phenotype.COMMITTED
I/PTCommittedOperation( 1776): Receive new configuration for com.google.android.gms.reminders
I/ChromeSync( 2076): [Sync,SyncIntentOperation] Handling the intent: Intent { act=com.google.android.gms.phenotype.COMMITTED flg=0x10 pkg=com.google.android.gms cmp=com.google.android.gms/.chimera.GmsIntentOperationService (has extras) }.
I/MdiSyncModule( 2076): flag handling is skipping irrelevant intent.
W/ModuleInitIntentOp( 2076): Dropping unexpected action com.google.android.gms.phenotype.COMMITTED
I/ChromeSync( 2076): [Sync,SyncIntentOperation] Handling the intent: Intent { act=com.google.android.gms.phenotype.COMMITTED flg=0x10 pkg=com.google.android.gms cmp=com.google.android.gms/.chimera.GmsIntentOperationService (has extras) }.
D/dalvikvm( 2076): GC_FOR_ALLOC freed 1913K, 26% free 11871K/15980K, paused 15ms, total 15ms
I/MdiSyncModule( 2076): flag handling is skipping irrelevant intent.
W/ModuleInitIntentOp( 2076): Dropping unexpected action com.google.android.gms.phenotype.COMMITTED
I/PTCommittedOperation( 1776): Receive new configuration for com.google.android.client_error_logging
I/Icing   ( 2076): Indexing com.google.android.googlequicksearchbox-applications from com.google.android.googlequicksearchbox
D/dalvikvm( 2168): GC_FOR_ALLOC freed 488K, 17% free 3501K/4176K, paused 2ms, total 2ms
I/Auth    ( 1776): [AuthManaged,PasswordComplexityHelperImpl] Updating password complexity components state.
I/Auth    ( 1776): [AuthManaged,PasswordComplexityHelperImpl] Disabling com.google.android.gms.auth.managed.admin.DeviceAdminReceiver
I/Auth    ( 1776): [AuthManaged,PasswordComplexityHelperImpl] Disabling com.google.android.gms.auth.managed.ui.SetNewPasswordActivity
I/PTCommittedOperation( 1776): Receive new configuration for com.google.android.gms.romanesco
I/Icing   ( 2076): Indexing done com.google.android.googlequicksearchbox-applications
I/Icing   ( 2076): Indexing com.google.android.gms-internal.3p:MobileApplication from com.google.android.gms
I/ChromeSync( 2076): [Sync,SyncIntentOperation] Handling the intent: Intent { act=com.google.android.gms.phenotype.COMMITTED flg=0x10 pkg=com.google.android.gms cmp=com.google.android.gms/.chimera.GmsIntentOperationService (has extras) }.
W/ActivityManager( 1569): Unable to start service Intent { act=com.google.android.gms.auth.key.retrieval.service.START pkg=com.google.android.gms } U=0: not found
E/GmsClient( 2076): unable to connect to service: com.google.android.gms.auth.key.retrieval.service.START on com.google.android.gms
I/MdiSyncModule( 2076): flag handling is skipping irrelevant intent.
I/Icing   ( 2076): Indexing done com.google.android.gms-internal.3p:MobileApplication
I/Icing   ( 2076): Indexing com.google.android.gms-apps from com.google.android.gms
W/ActivityManager( 1569): Unbind failed: could not find connection for android.os.BinderProxy@9d2d18f0
I/Icing   ( 2076): Indexing done com.google.android.gms-apps
D/dalvikvm( 1776): GC_FOR_ALLOC freed 1980K, 24% free 9467K/12384K, paused 11ms, total 11ms
I/PTCommittedOperation( 1776): Receive new configuration for com.google.android.gms.platformconfigurator
I/Auth    ( 1776): [AuthManaged,PasswordComplexityHelperImpl] Updating password complexity components state.
I/Auth    ( 1776): [AuthManaged,PasswordComplexityHelperImpl] Disabling com.google.android.gms.auth.managed.admin.DeviceAdminReceiver
I/Auth    ( 1776): [AuthManaged,PasswordComplexityHelperImpl] Disabling com.google.android.gms.auth.managed.ui.SetNewPasswordActivity
I/ChromeSync( 2076): [Sync,SyncIntentOperation] Handling the intent: Intent { act=com.google.android.gms.phenotype.COMMITTED flg=0x10 pkg=com.google.android.gms cmp=com.google.android.gms/.chimera.GmsIntentOperationService (has extras) }.
I/MdiSyncModule( 2076): flag handling is skipping irrelevant intent.
W/ModuleInitIntentOp( 2076): Dropping unexpected action com.google.android.gms.phenotype.COMMITTED
D/dalvikvm( 1569): GC_FOR_ALLOC freed 1307K, 48% free 7885K/15088K, paused 7ms, total 7ms
I/PTCommittedOperation( 1776): Receive new configuration for com.google.android.gms.accountsettings
D/dalvikvm( 1776): GC_FOR_ALLOC freed 2052K, 24% free 9462K/12384K, paused 7ms, total 8ms
I/Auth    ( 1776): [AuthManaged,PasswordComplexityHelperImpl] Updating password complexity components state.
I/Auth    ( 1776): [AuthManaged,PasswordComplexityHelperImpl] Disabling com.google.android.gms.auth.managed.admin.DeviceAdminReceiver
I/Auth    ( 1776): [AuthManaged,PasswordComplexityHelperImpl] Disabling com.google.android.gms.auth.managed.ui.SetNewPasswordActivity
I/ChromeSync( 2076): [Sync,SyncIntentOperation] Handling the intent: Intent { act=com.google.android.gms.phenotype.COMMITTED flg=0x10 pkg=com.google.android.gms cmp=com.google.android.gms/.chimera.GmsIntentOperationService (has extras) }.
I/MdiSyncModule( 2076): flag handling is skipping irrelevant intent.
W/ModuleInitIntentOp( 2076): Dropping unexpected action com.google.android.gms.phenotype.COMMITTED
I/PTCommittedOperation( 1776): Receive new configuration for com.google.android.gms.backup
I/Auth    ( 1776): [AuthManaged,PasswordComplexityHelperImpl] Updating password complexity components state.
I/Auth    ( 1776): [AuthManaged,PasswordComplexityHelperImpl] Disabling com.google.android.gms.auth.managed.admin.DeviceAdminReceiver
I/Auth    ( 1776): [AuthManaged,PasswordComplexityHelperImpl] Disabling com.google.android.gms.auth.managed.ui.SetNewPasswordActivity
I/ChromeSync( 2076): [Sync,SyncIntentOperation] Handling the intent: Intent { act=com.google.android.gms.phenotype.COMMITTED flg=0x10 pkg=com.google.android.gms cmp=com.google.android.gms/.chimera.GmsIntentOperationService (has extras) }.
I/MdiSyncModule( 2076): flag handling is skipping irrelevant intent.
W/ModuleInitIntentOp( 2076): Dropping unexpected action com.google.android.gms.phenotype.COMMITTED
I/PTCommittedOperation( 1776): Receive new configuration for com.google.android.gms.beacon
I/Auth    ( 1776): [AuthManaged,PasswordComplexityHelperImpl] Updating password complexity components state.
I/Auth    ( 1776): [AuthManaged,PasswordComplexityHelperImpl] Disabling com.google.android.gms.auth.managed.admin.DeviceAdminReceiver
I/Auth    ( 1776): [AuthManaged,PasswordComplexityHelperImpl] Disabling com.google.android.gms.auth.managed.ui.SetNewPasswordActivity
I/ChromeSync( 2076): [Sync,SyncIntentOperation] Handling the intent: Intent { act=com.google.android.gms.phenotype.COMMITTED flg=0x10 pkg=com.google.android.gms cmp=com.google.android.gms/.chimera.GmsIntentOperationService (has extras) }.
I/MdiSyncModule( 2076): flag handling is skipping irrelevant intent.
W/ModuleInitIntentOp( 2076): Dropping unexpected action com.google.android.gms.phenotype.COMMITTED
I/PTCommittedOperation( 1776): Receive new configuration for com.google.android.gms.auth_account
I/Auth    ( 1776): [AuthManaged,PasswordComplexityHelperImpl] Updating password complexity components state.
I/Auth    ( 1776): [AuthManaged,PasswordComplexityHelperImpl] Disabling com.google.android.gms.auth.managed.admin.DeviceAdminReceiver
I/Auth    ( 1776): [AuthManaged,PasswordComplexityHelperImpl] Disabling com.google.android.gms.auth.managed.ui.SetNewPasswordActivity
I/ChromeSync( 2076): [Sync,SyncIntentOperation] Handling the intent: Intent { act=com.google.android.gms.phenotype.COMMITTED flg=0x10 pkg=com.google.android.gms cmp=com.google.android.gms/.chimera.GmsIntentOperationService (has extras) }.
I/MdiSyncModule( 2076): flag handling is skipping irrelevant intent.
W/ModuleInitIntentOp( 2076): Dropping unexpected action com.google.android.gms.phenotype.COMMITTED
D/dalvikvm( 1776): GC_FOR_ALLOC freed 2001K, 24% free 9508K/12384K, paused 8ms, total 8ms
I/PTCommittedOperation( 1776): Receive new configuration for com.google.android.gms.family
I/Auth    ( 1776): [AuthManaged,PasswordComplexityHelperImpl] Updating password complexity components state.
I/Auth    ( 1776): [AuthManaged,PasswordComplexityHelperImpl] Disabling com.google.android.gms.auth.managed.admin.DeviceAdminReceiver
I/Auth    ( 1776): [AuthManaged,PasswordComplexityHelperImpl] Disabling com.google.android.gms.auth.managed.ui.SetNewPasswordActivity
I/ChromeSync( 2076): [Sync,SyncIntentOperation] Handling the intent: Intent { act=com.google.android.gms.phenotype.COMMITTED flg=0x10 pkg=com.google.android.gms cmp=com.google.android.gms/.chimera.GmsIntentOperationService (has extras) }.
I/PTCommittedOperation( 1776): Receive new configuration for com.google.android.gms.smart_profile
I/MdiSyncModule( 2076): flag handling is skipping irrelevant intent.
W/ModuleInitIntentOp( 2076): Dropping unexpected action com.google.android.gms.phenotype.COMMITTED
I/Auth    ( 1776): [AuthManaged,PasswordComplexityHelperImpl] Updating password complexity components state.
I/Auth    ( 1776): [AuthManaged,PasswordComplexityHelperImpl] Disabling com.google.android.gms.auth.managed.admin.DeviceAdminReceiver
I/Auth    ( 1776): [AuthManaged,PasswordComplexityHelperImpl] Disabling com.google.android.gms.auth.managed.ui.SetNewPasswordActivity
I/ChromeSync( 2076): [Sync,SyncIntentOperation] Handling the intent: Intent { act=com.google.android.gms.phenotype.COMMITTED flg=0x10 pkg=com.google.android.gms cmp=com.google.android.gms/.chimera.GmsIntentOperationService (has extras) }.
I/MdiSyncModule( 2076): flag handling is skipping irrelevant intent.
W/ModuleInitIntentOp( 2076): Dropping unexpected action com.google.android.gms.phenotype.COMMITTED
I/PTCommittedOperation( 1776): Receive new configuration for com.google.android.location
D/dalvikvm( 1776): GC_FOR_ALLOC freed 1865K, 22% free 9691K/12384K, paused 10ms, total 10ms
I/Auth    ( 1776): [AuthManaged,PasswordComplexityHelperImpl] Updating password complexity components state.
I/Auth    ( 1776): [AuthManaged,PasswordComplexityHelperImpl] Disabling com.google.android.gms.auth.managed.admin.DeviceAdminReceiver
I/Auth    ( 1776): [AuthManaged,PasswordComplexityHelperImpl] Disabling com.google.android.gms.auth.managed.ui.SetNewPasswordActivity
I/ChromeSync( 2076): [Sync,SyncIntentOperation] Handling the intent: Intent { act=com.google.android.gms.phenotype.COMMITTED flg=0x10 pkg=com.google.android.gms cmp=com.google.android.gms/.chimera.GmsIntentOperationService (has extras) }.
I/MdiSyncModule( 2076): flag handling is skipping irrelevant intent.
W/ModuleInitIntentOp( 2076): Dropping unexpected action com.google.android.gms.phenotype.COMMITTED
I/PTCommittedOperation( 1776): Receive new configuration for com.google.android.gms.growth
I/Auth    ( 1776): [AuthManaged,PasswordComplexityHelperImpl] Updating password complexity components state.
I/Auth    ( 1776): [AuthManaged,PasswordComplexityHelperImpl] Disabling com.google.android.gms.auth.managed.admin.DeviceAdminReceiver
I/Auth    ( 1776): [AuthManaged,PasswordComplexityHelperImpl] Disabling com.google.android.gms.auth.managed.ui.SetNewPasswordActivity
I/ChromeSync( 2076): [Sync,SyncIntentOperation] Handling the intent: Intent { act=com.google.android.gms.phenotype.COMMITTED flg=0x10 pkg=com.google.android.gms cmp=com.google.android.gms/.chimera.GmsIntentOperationService (has extras) }.
I/MdiSyncModule( 2076): flag handling is skipping irrelevant intent.
W/ModuleInitIntentOp( 2076): Dropping unexpected action com.google.android.gms.phenotype.COMMITTED
I/PTCommittedOperation( 1776): Receive new configuration for com.google.android.gms.notifications
D/dalvikvm( 1776): GC_FOR_ALLOC freed 2088K, 23% free 9650K/12384K, paused 7ms, total 7ms
D/dalvikvm( 1776): GC_FOR_ALLOC freed 735K, 23% free 9604K/12384K, paused 6ms, total 6ms
I/Auth    ( 1776): [AuthManaged,PasswordComplexityHelperImpl] Updating password complexity components state.
I/Auth    ( 1776): [AuthManaged,PasswordComplexityHelperImpl] Disabling com.google.android.gms.auth.managed.admin.DeviceAdminReceiver
I/Auth    ( 1776): [AuthManaged,PasswordComplexityHelperImpl] Disabling com.google.android.gms.auth.managed.ui.SetNewPasswordActivity
I/ChromeSync( 2076): [Sync,SyncIntentOperation] Handling the intent: Intent { act=com.google.android.gms.phenotype.COMMITTED flg=0x10 pkg=com.google.android.gms cmp=com.google.android.gms/.chimera.GmsIntentOperationService (has extras) }.
I/MdiSyncModule( 2076): flag handling is skipping irrelevant intent.
I/PTCommittedOperation( 1776): Receive new configuration for com.google.android.gms.nearby
W/ModuleInitIntentOp( 2076): Dropping unexpected action com.google.android.gms.phenotype.COMMITTED
I/Auth    ( 1776): [AuthManaged,PasswordComplexityHelperImpl] Updating password complexity components state.
I/Auth    ( 1776): [AuthManaged,PasswordComplexityHelperImpl] Disabling com.google.android.gms.auth.managed.admin.DeviceAdminReceiver
I/Auth    ( 1776): [AuthManaged,PasswordComplexityHelperImpl] Disabling com.google.android.gms.auth.managed.ui.SetNewPasswordActivity
D/dalvikvm( 1776): GC_FOR_ALLOC freed 820K, 19% free 10049K/12384K, paused 9ms, total 9ms
D/dalvikvm( 1776): GC_FOR_ALLOC freed 772K, 20% free 9919K/12384K, paused 7ms, total 7ms
D/dalvikvm( 1776): GC_FOR_ALLOC freed 511K, 21% free 9835K/12384K, paused 9ms, total 9ms
I/NearbySharing( 2076): Runtime state initialization complete. Sharing is disabled. [CONTEXT service_id=194 ]
D/dalvikvm( 2076): GC_FOR_ALLOC freed 2019K, 26% free 11900K/15980K, paused 12ms, total 12ms
I/ChromeSync( 2076): [Sync,SyncIntentOperation] Handling the intent: Intent { act=com.google.android.gms.phenotype.COMMITTED flg=0x10 pkg=com.google.android.gms cmp=com.google.android.gms/.chimera.GmsIntentOperationService (has extras) }.
I/MdiSyncModule( 2076): flag handling is skipping irrelevant intent.
W/ModuleInitIntentOp( 2076): Dropping unexpected action com.google.android.gms.phenotype.COMMITTED
I/PTCommittedOperation( 1776): Receive new configuration for com.google.android.gms.photos
I/Auth    ( 1776): [AuthManaged,PasswordComplexityHelperImpl] Updating password complexity components state.
I/Auth    ( 1776): [AuthManaged,PasswordComplexityHelperImpl] Disabling com.google.android.gms.auth.managed.admin.DeviceAdminReceiver
I/Auth    ( 1776): [AuthManaged,PasswordComplexityHelperImpl] Disabling com.google.android.gms.auth.managed.ui.SetNewPasswordActivity
I/ChromeSync( 2076): [Sync,SyncIntentOperation] Handling the intent: Intent { act=com.google.android.gms.phenotype.COMMITTED flg=0x10 pkg=com.google.android.gms cmp=com.google.android.gms/.chimera.GmsIntentOperationService (has extras) }.
I/MdiSyncModule( 2076): flag handling is skipping irrelevant intent.
W/ModuleInitIntentOp( 2076): Dropping unexpected action com.google.android.gms.phenotype.COMMITTED
I/PTCommittedOperation( 1776): Receive new configuration for com.google.android.gms.places
I/Auth    ( 1776): [AuthManaged,PasswordComplexityHelperImpl] Updating password complexity components state.
I/Auth    ( 1776): [AuthManaged,PasswordComplexityHelperImpl] Disabling com.google.android.gms.auth.managed.admin.DeviceAdminReceiver
I/Auth    ( 1776): [AuthManaged,PasswordComplexityHelperImpl] Disabling com.google.android.gms.auth.managed.ui.SetNewPasswordActivity
I/ChromeSync( 2076): [Sync,SyncIntentOperation] Handling the intent: Intent { act=com.google.android.gms.phenotype.COMMITTED flg=0x10 pkg=com.google.android.gms cmp=com.google.android.gms/.chimera.GmsIntentOperationService (has extras) }.
I/MdiSyncModule( 2076): flag handling is skipping irrelevant intent.
W/ModuleInitIntentOp( 2076): Dropping unexpected action com.google.android.gms.phenotype.COMMITTED
I/PTCommittedOperation( 1776): Receive new configuration for com.google.android.gms.signin
I/Auth    ( 1776): [AuthManaged,PasswordComplexityHelperImpl] Updating password complexity components state.
I/Auth    ( 1776): [AuthManaged,PasswordComplexityHelperImpl] Disabling com.google.android.gms.auth.managed.admin.DeviceAdminReceiver
I/Auth    ( 1776): [AuthManaged,PasswordComplexityHelperImpl] Disabling com.google.android.gms.auth.managed.ui.SetNewPasswordActivity
I/ChromeSync( 2076): [Sync,SyncIntentOperation] Handling the intent: Intent { act=com.google.android.gms.phenotype.COMMITTED flg=0x10 pkg=com.google.android.gms cmp=com.google.android.gms/.chimera.GmsIntentOperationService (has extras) }.
I/MdiSyncModule( 2076): flag handling is skipping irrelevant intent.
W/ModuleInitIntentOp( 2076): Dropping unexpected action com.google.android.gms.phenotype.COMMITTED
I/SystemUpdate( 2076): [Installation,ReceiverIntentOperation] Received intent: Intent { act=com.google.android.gms.phenotype.COMMITTED flg=0x10 pkg=com.google.android.gms cmp=com.google.android.gms/.chimera.GmsIntentOperationService (has extras) }.
D/dalvikvm( 1776): GC_FOR_ALLOC freed 2162K, 22% free 9721K/12384K, paused 12ms, total 12ms
I/PTCommittedOperation( 1776): Receive new configuration for com.google.android.gms.update
I/SystemUpdate( 2076): [Execution,InstallationEventIntentOperation] Handling event of type 2.
I/SystemUpdate( 2076): [Execution,InstallationIntentOperation] Received intent: Intent { act=com.google.android.gms.update.INSTALL_UPDATE cat=[targeted_intent_op_prefix:.update.execution.InstallationIntentOperation] cmp=com.google.android.gms/.chimera.GmsIntentOperationService }.
I/SystemUpdate( 2076): [Execution,ExecutionManager] Action finished-execution executed for 0.00 seconds.
I/Auth    ( 1776): [AuthManaged,PasswordComplexityHelperImpl] Updating password complexity components state.
I/Auth    ( 1776): [AuthManaged,PasswordComplexityHelperImpl] Disabling com.google.android.gms.auth.managed.admin.DeviceAdminReceiver
I/Auth    ( 1776): [AuthManaged,PasswordComplexityHelperImpl] Disabling com.google.android.gms.auth.managed.ui.SetNewPasswordActivity
I/ChromeSync( 2076): [Sync,SyncIntentOperation] Handling the intent: Intent { act=com.google.android.gms.phenotype.COMMITTED flg=0x10 pkg=com.google.android.gms cmp=com.google.android.gms/.chimera.GmsIntentOperationService (has extras) }.
I/MdiSyncModule( 2076): flag handling is skipping irrelevant intent.
I/PTCommittedOperation( 1776): Receive new configuration for com.google.android.gms.auth_authzen
W/ModuleInitIntentOp( 2076): Dropping unexpected action com.google.android.gms.phenotype.COMMITTED
I/Auth    ( 1776): [AuthManaged,PasswordComplexityHelperImpl] Updating password complexity components state.
I/Auth    ( 1776): [AuthManaged,PasswordComplexityHelperImpl] Disabling com.google.android.gms.auth.managed.admin.DeviceAdminReceiver
I/Auth    ( 1776): [AuthManaged,PasswordComplexityHelperImpl] Disabling com.google.android.gms.auth.managed.ui.SetNewPasswordActivity
I/ChromeSync( 2076): [Sync,SyncIntentOperation] Handling the intent: Intent { act=com.google.android.gms.phenotype.COMMITTED flg=0x10 pkg=com.google.android.gms cmp=com.google.android.gms/.chimera.GmsIntentOperationService (has extras) }.
I/MdiSyncModule( 2076): flag handling is skipping irrelevant intent.
W/ModuleInitIntentOp( 2076): Dropping unexpected action com.google.android.gms.phenotype.COMMITTED
I/PTCommittedOperation( 1776): Receive new configuration for com.google.android.gms.vision
I/Auth    ( 1776): [AuthManaged,PasswordComplexityHelperImpl] Updating password complexity components state.
I/Auth    ( 1776): [AuthManaged,PasswordComplexityHelperImpl] Disabling com.google.android.gms.auth.managed.admin.DeviceAdminReceiver
I/Auth    ( 1776): [AuthManaged,PasswordComplexityHelperImpl] Disabling com.google.android.gms.auth.managed.ui.SetNewPasswordActivity
I/ChromeSync( 2076): [Sync,SyncIntentOperation] Handling the intent: Intent { act=com.google.android.gms.phenotype.COMMITTED flg=0x10 pkg=com.google.android.gms cmp=com.google.android.gms/.chimera.GmsIntentOperationService (has extras) }.
I/MdiSyncModule( 2076): flag handling is skipping irrelevant intent.
W/ModuleInitIntentOp( 2076): Dropping unexpected action com.google.android.gms.phenotype.COMMITTED
D/dalvikvm( 1776): GC_FOR_ALLOC freed 2104K, 22% free 9661K/12384K, paused 10ms, total 10ms
I/PTCommittedOperation( 1776): Receive new configuration for com.google.android.gms.wallet
I/Auth    ( 1776): [AuthManaged,PasswordComplexityHelperImpl] Updating password complexity components state.
I/Auth    ( 1776): [AuthManaged,PasswordComplexityHelperImpl] Disabling com.google.android.gms.auth.managed.admin.DeviceAdminReceiver
I/Auth    ( 1776): [AuthManaged,PasswordComplexityHelperImpl] Disabling com.google.android.gms.auth.managed.ui.SetNewPasswordActivity
I/ChromeSync( 2076): [Sync,SyncIntentOperation] Handling the intent: Intent { act=com.google.android.gms.phenotype.COMMITTED flg=0x10 pkg=com.google.android.gms cmp=com.google.android.gms/.chimera.GmsIntentOperationService (has extras) }.
I/PTCommittedOperation( 1776): Receive new configuration for com.google.android.gms.wearable
I/MdiSyncModule( 2076): flag handling is skipping irrelevant intent.
W/ModuleInitIntentOp( 2076): Dropping unexpected action com.google.android.gms.phenotype.COMMITTED
D/dalvikvm( 1569): GC_FOR_ALLOC freed 1248K, 48% free 7864K/15088K, paused 9ms, total 9ms
I/Auth    ( 1776): [AuthManaged,PasswordComplexityHelperImpl] Updating password complexity components state.
I/Auth    ( 1776): [AuthManaged,PasswordComplexityHelperImpl] Disabling com.google.android.gms.auth.managed.admin.DeviceAdminReceiver
I/Auth    ( 1776): [AuthManaged,PasswordComplexityHelperImpl] Disabling com.google.android.gms.auth.managed.ui.SetNewPasswordActivity
I/ChromeSync( 2076): [Sync,SyncIntentOperation] Handling the intent: Intent { act=com.google.android.gms.phenotype.COMMITTED flg=0x10 pkg=com.google.android.gms cmp=com.google.android.gms/.chimera.GmsIntentOperationService (has extras) }.
I/MdiSyncModule( 2076): flag handling is skipping irrelevant intent.
W/ModuleInitIntentOp( 2076): Dropping unexpected action com.google.android.gms.phenotype.COMMITTED
I/PTCommittedOperation( 1776): Receive new configuration for com.google.android.gms.walletp2p.v2
I/Auth    ( 1776): [AuthManaged,PasswordComplexityHelperImpl] Updating password complexity components state.
