I/NetworkScheduler.Stats( 1776): Task com.google.android.gms/com.google.android.gms.phenotype.service.sync.PhenotypeConfigurator started execution. cause:4 exec_start_elapsed_seconds: 42 [CONTEXT service_id=218 ]
I/ahkf    ( 1776): Removed 0 invalid users [CONTEXT service_id=51 ]
D/dalvikvm( 1776): JIT code cache reset in 0 ms (523124 bytes 2/0)
D/dalvikvm( 1776): GC_FOR_ALLOC freed 1318K, 18% free 10324K/12508K, paused 11ms, total 11ms
D/dalvikvm( 2780): GC_FOR_ALLOC freed 381K, 15% free 3543K/4128K, paused 3ms, total 3ms
I/ahju    ( 1776): Scheduling adaptive one off task with window [14400, 604800] in seconds [CONTEXT service_id=51 ]
I/PGAPhenotypeBroadcastRe( 2780): Received Phenotype update.
D/dalvikvm( 1776): GC_FOR_ALLOC freed 2239K, 20% free 10135K/12624K, paused 13ms, total 13ms
I/Auth    ( 1776): [AuthManaged,PasswordComplexityHelperImpl] Updating password complexity components state.
I/Auth    ( 1776): [AuthManaged,PasswordComplexityHelperImpl] Enabling com.google.android.gms.auth.managed.ui.SetNewPasswordActivity
D/dalvikvm( 1776): GC_FOR_ALLOC freed 1261K, 20% free 10139K/12624K, paused 9ms, total 10ms
I/dalvikvm-heap( 1776): Grow heap (frag case) to 10.180MB for 37510-byte allocation
D/dalvikvm( 1776): GC_FOR_ALLOC freed 28K, 20% free 10147K/12664K, paused 11ms, total 11ms
D/dalvikvm( 1776): GC_FOR_ALLOC freed 36K, 20% free 10147K/12664K, paused 8ms, total 8ms
I/dalvikvm-heap( 1776): Grow heap (frag case) to 10.205MB for 56262-byte allocation
D/dalvikvm( 1776): GC_FOR_ALLOC freed 36K, 21% free 10165K/12720K, paused 9ms, total 9ms
I/NetworkScheduler.Stats( 1776): Task com.google.android.gms/com.google.android.gms.phenotype.service.sync.PhenotypeConfigurator finished executing. cause:4 result: 1 elapsed_millis: 691 uptime_millis: 691 exec_start_elapsed_seconds: 42 [CONTEXT service_id=218 ]
I/ChromeSync( 2076): [Sync,SyncIntentOperation] Handling the intent: Intent { act=com.google.android.gms.phenotype.COMMITTED flg=0x10 pkg=com.google.android.gms cmp=com.google.android.gms/.chimera.GmsIntentOperationService (has extras) }.
I/MdiSyncModule( 2076): flag handling is skipping irrelevant intent.
I/PTCommittedOperation( 1776): Receive new configuration for com.google.android.gms.people
W/ActivityManager( 1569): Unable to start service Intent { act=com.google.android.gms.auth.key.retrieval.service.START pkg=com.google.android.gms } U=0: not found
W/ModuleInitIntentOp( 2076): Dropping unexpected action com.google.android.gms.phenotype.COMMITTED
E/GmsClient( 2076): unable to connect to service: com.google.android.gms.auth.key.retrieval.service.START on com.google.android.gms
W/ActivityManager( 1569): Unbind failed: could not find connection for android.os.BinderProxy@9d8bc2c8
D/dalvikvm( 1776): GC_FOR_ALLOC freed 806K, 21% free 10175K/12720K, paused 9ms, total 9ms
D/dalvikvm( 1776): GC_FOR_ALLOC freed 226K, 21% free 10140K/12720K, paused 12ms, total 12ms
I/Auth    ( 1776): [AuthManaged,PasswordComplexityHelperImpl] Updating password complexity components state.
I/Auth    ( 1776): [AuthManaged,PasswordComplexityHelperImpl] Enabling com.google.android.gms.auth.managed.ui.SetNewPasswordActivity
I/PTCommittedOperation( 1776): Receive new configuration for com.google.android.gms.romanesco
I/FsaEntryPointSwitcher( 2076): setting component enabled=1 for com.google.android.gms.people.sync.focus.ContactsSyncAdapterService
I/FsaEntryPointSwitcher( 2076): Setting component enabled succeeds.
I/FsaEntryPointSwitcher( 2076): setting component enabled=2 for com.google.android.syncadapters.contacts.ContactsSyncAdapterService
I/FsaEntryPointSwitcher( 2076): Setting component enabled succeeds.
I/ChromeSync( 2076): [Sync,SyncIntentOperation] Handling the intent: Intent { act=com.google.android.gms.phenotype.COMMITTED flg=0x10 pkg=com.google.android.gms cmp=com.google.android.gms/.chimera.GmsIntentOperationService (has extras) }.
I/MdiSyncModule( 2076): flag handling is skipping irrelevant intent.
W/ModuleInitIntentOp( 2076): Dropping unexpected action com.google.android.gms.phenotype.COMMITTED
I/Auth    ( 1776): [AuthManaged,PasswordComplexityHelperImpl] Updating password complexity components state.
I/Auth    ( 1776): [AuthManaged,PasswordComplexityHelperImpl] Enabling com.google.android.gms.auth.managed.ui.SetNewPasswordActivity
I/ChromeSync( 2076): [Sync,SyncIntentOperation] Handling the intent: Intent { act=com.google.android.gms.phenotype.COMMITTED flg=0x10 pkg=com.google.android.gms cmp=com.google.android.gms/.chimera.GmsIntentOperationService (has extras) }.
I/MdiSyncModule( 2076): flag handling is skipping irrelevant intent.
W/ModuleInitIntentOp( 2076): Dropping unexpected action com.google.android.gms.phenotype.COMMITTED
I/PTCommittedOperation( 1776): Receive new configuration for com.google.android.gms.auth_authzen
I/Auth    ( 1776): [AuthManaged,PasswordComplexityHelperImpl] Updating password complexity components state.
I/Auth    ( 1776): [AuthManaged,PasswordComplexityHelperImpl] Enabling com.google.android.gms.auth.managed.ui.SetNewPasswordActivity
I/Auth    ( 1776): [AuthManaged,PasswordComplexityHelperImpl] Updating password complexity components state.
I/Auth    ( 1776): [AuthManaged,PasswordComplexityHelperImpl] Enabling com.google.android.gms.auth.managed.ui.SetNewPasswordActivity
I/ChromeSync( 2076): [Sync,SyncIntentOperation] Handling the intent: Intent { act=com.google.android.gms.phenotype.COMMITTED flg=0x10 pkg=com.google.android.gms cmp=com.google.android.gms/.chimera.GmsIntentOperationService (has extras) }.
I/MdiSyncModule( 2076): flag handling is skipping irrelevant intent.
W/ModuleInitIntentOp( 2076): Dropping unexpected action com.google.android.gms.phenotype.COMMITTED
I/PTCommittedOperation( 1776): Receive new configuration for com.google.android.gms.clearcut.public
D/dalvikvm( 1776): GC_FOR_ALLOC freed 1969K, 20% free 10218K/12720K, paused 9ms, total 9ms
I/Auth    ( 1776): [AuthManaged,PasswordComplexityHelperImpl] Updating password complexity components state.
I/Auth    ( 1776): [AuthManaged,PasswordComplexityHelperImpl] Enabling com.google.android.gms.auth.managed.ui.SetNewPasswordActivity
I/Auth    ( 1776): [AuthManaged,PasswordComplexityHelperImpl] Updating password complexity components state.
I/Auth    ( 1776): [AuthManaged,PasswordComplexityHelperImpl] Enabling com.google.android.gms.auth.managed.ui.SetNewPasswordActivity
I/ChromeSync( 2076): [Sync,SyncIntentOperation] Handling the intent: Intent { act=com.google.android.gms.phenotype.COMMITTED flg=0x10 pkg=com.google.android.gms cmp=com.google.android.gms/.chimera.GmsIntentOperationService (has extras) }.
I/MdiSyncModule( 2076): flag handling is skipping irrelevant intent.
I/PTCommittedOperation( 1776): Receive new configuration for com.google.android.gms.games
W/ModuleInitIntentOp( 2076): Dropping unexpected action com.google.android.gms.phenotype.COMMITTED
I/Auth    ( 1776): [AuthManaged,PasswordComplexityHelperImpl] Updating password complexity components state.
I/Auth    ( 1776): [AuthManaged,PasswordComplexityHelperImpl] Enabling com.google.android.gms.auth.managed.ui.SetNewPasswordActivity
I/PTCommittedOperation( 1776): Receive new configuration for com.google.android.gms
I/PTCommittedOperation( 1776): Running Fixer Framework for com.google.android.gms
D/dalvikvm( 1776): GC_FOR_ALLOC freed 1880K, 19% free 10385K/12720K, paused 14ms, total 14ms
D/dalvikvm( 1776): GC_FOR_ALLOC freed 470K, 21% free 10116K/12720K, paused 7ms, total 7ms
I/Auth    ( 1776): [AuthManaged,PasswordComplexityHelperImpl] Updating password complexity components state.
I/Auth    ( 1776): [AuthManaged,PasswordComplexityHelperImpl] Enabling com.google.android.gms.auth.managed.ui.SetNewPasswordActivity
W/Nearby  ( 1776): Failed attempt #3 out of 3 for RestoreDeviceName [CONTEXT service_id=49 ]
W/Nearby  ( 1776): java.lang.IllegalStateException: BluetoothAdapter not ready yet!
W/Nearby  ( 1776): 	at adap.d(:com.google.android.gms@202414005@20.24.14 (000700-319035315):2)
W/Nearby  ( 1776): 	at adao.run(Unknown Source)
W/Nearby  ( 1776): 	at bksp.call(Unknown Source)
W/Nearby  ( 1776): 	at bksu.a(:com.google.android.gms@202414005@20.24.14 (000700-319035315):2)
W/Nearby  ( 1776): 	at bksu.a(:com.google.android.gms@202414005@20.24.14 (000700-319035315):9)
W/Nearby  ( 1776): 	at adan.run(Unknown Source)
W/Nearby  ( 1776): 	at java.lang.Thread.run(Thread.java:841)
W/Nearby  ( 1776): 	at nln.run(Unknown Source)
W/Nearby  ( 1776): 	at java.util.concurrent.ThreadPoolExecutor.runWorker(ThreadPoolExecutor.java:1112)
W/Nearby  ( 1776): 	at java.util.concurrent.ThreadPoolExecutor$Worker.run(ThreadPoolExecutor.java:587)
W/Nearby  ( 1776): 	at nrd.run(:com.google.android.gms@202414005@20.24.14 (000700-319035315):0)
W/Nearby  ( 1776): 	at java.lang.Thread.run(Thread.java:841)
I/Vision  ( 2076): Requesting optional module download of ocr.
I/Vision  ( 2076): Exceeded maximum feature download tries for ocr
W/Vision  ( 2076): Request of optional module download of ocr failed.
I/Vision  ( 2076): Checking for download completion for 56351 -- ocr
D/dalvikvm( 1776): GC_FOR_ALLOC freed 738K, 20% free 10200K/12720K, paused 9ms, total 9ms
W/Launcher.Model( 2213): Nobody to tell about the new app.  Launcher is probably loading.
I/InputReader( 1569): Reconfiguring input devices.  changes=0x00000010
I/Fitness ( 1776): OnPackageChangedOperation got intent: Intent { act=android.intent.action.PACKAGE_CHANGED dat=package:com.google.android.gsf flg=0x4000010 cmp=com.google.android.gms/.chimera.PersistentIntentOperationService (has extras) } [CONTEXT service_id=17 ]
I/PackageManager( 1569):   Action: "android.intent.action.SENDTO"
I/PackageManager( 1569):   Category: "android.intent.category.DEFAULT"
I/PackageManager( 1569):   Scheme: "sms"
I/Icing.InternalIcingCorporaProvider( 2168): Updating corpora: A: com.google.android.gsf, C: MAYBE
I/PackageManager( 1569): Adding preferred activity ComponentInfo{com.android.mms/com.android.mms.ui.ComposeMessageActivity} for user 0 :
I/Icing   ( 2076): Indexing com.google.android.gms-apps from com.google.android.gms
W/Launcher( 2213): setApplicationContext called twice! old=com.google.android.velvet.VelvetApplication@9cff5a30 new=com.google.android.velvet.VelvetApplication@9cff5a30
I/Fitness ( 1776): FitCleanupIntentOperation received Intent android.intent.action.PACKAGE_CHANGED [CONTEXT service_id=17 ]
D/dalvikvm( 1795): GC_FOR_ALLOC freed 426K, 18% free 3618K/4380K, paused 10ms, total 10ms
I/PackageManager( 1569):   Action: "android.intent.action.SENDTO"
I/PackageManager( 1569):   Category: "android.intent.category.DEFAULT"
I/PackageManager( 1569):   Scheme: "smsto"
I/Icing   ( 2076): Indexing done com.google.android.gms-apps
I/PackageManager( 1569): Adding preferred activity ComponentInfo{com.android.mms/com.android.mms.ui.ComposeMessageActivity} for user 0 :
I/PackageManager( 1569):   Action: "android.intent.action.SENDTO"
I/PackageManager( 1569):   Category: "android.intent.category.DEFAULT"
I/PackageManager( 1569):   Scheme: "mms"
I/PackageManager( 1569): Adding preferred activity ComponentInfo{com.android.mms/com.android.mms.ui.ComposeMessageActivity} for user 0 :
W/ContextImpl( 2168): Implicit intents with startService are not safe: Intent { act=com.google.android.gms.icing.INDEX_SERVICE } android.content.ContextWrapper.bindService:517 com.google.android.gms.internal.av.a:-1 com.google.android.gms.internal.au.connect:-1 
D/dalvikvm( 1569): GC_FOR_ALLOC freed 1213K, 49% free 7827K/15088K, paused 11ms, total 11ms
I/PackageManager( 1569):   Action: "android.intent.action.SENDTO"
I/PackageManager( 1569):   Category: "android.intent.category.DEFAULT"
I/PackageManager( 1569):   Scheme: "mmsto"
I/PackageManager( 1569): Adding preferred activity ComponentInfo{com.android.mms/com.android.mms.ui.ComposeMessageActivity} for user 0 :
I/PackageManager( 1569):   Action: "android.intent.action.SENDTO"
I/PackageManager( 1569):   Category: "android.intent.category.DEFAULT"
I/PackageManager( 1569):   Scheme: "sms"
I/PackageManager( 1569): Adding preferred activity ComponentInfo{com.android.mms/com.android.mms.ui.ComposeMessageActivity} for user 0 :
D/dalvikvm( 1795): GC_FOR_ALLOC freed 392K, 17% free 3670K/4380K, paused 2ms, total 2ms
I/PackageManager( 1569):   Action: "android.intent.action.SENDTO"
I/PackageManager( 1569):   Category: "android.intent.category.DEFAULT"
I/PackageManager( 1569):   Scheme: "smsto"
I/PackageManager( 1569): Adding preferred activity ComponentInfo{com.android.mms/com.android.mms.ui.ComposeMessageActivity} for user 0 :
I/Icing   ( 2076): IndexChimeraService.getServiceInterface callingPackage=com.google.android.googlequicksearchbox componentName=null serviceId=21
I/PackageManager( 1569):   Action: "android.intent.action.SENDTO"
I/PackageManager( 1569):   Category: "android.intent.category.DEFAULT"
I/PackageManager( 1569):   Scheme: "mms"
I/PackageManager( 1569): Adding preferred activity ComponentInfo{com.android.mms/com.android.mms.ui.ComposeMessageActivity} for user 0 :
W/Icing.InternalIcingCorporaProvider( 2168): Application table change notification failed.
I/PackageManager( 1569):   Action: "android.intent.action.SENDTO"
I/PackageManager( 1569):   Category: "android.intent.category.DEFAULT"
I/PackageManager( 1569):   Scheme: "mmsto"
W/Icing   ( 2076): No valid account for uploading user actions
I/PackageManager( 1569): Adding preferred activity ComponentInfo{com.android.mms/com.android.mms.ui.ComposeMessageActivity} for user 0 :
I/Icing   ( 2076): Usage reports ok 0, Failed Usage reports 0, indexed 0, rejected 0
D/AndroidRuntime( 2907): 
D/AndroidRuntime( 2907): >>>>>> AndroidRuntime START com.android.internal.os.RuntimeInit <<<<<<
W/linker  ( 2907): libdvm.so has text relocations. This is wasting memory and is a security risk. Please fix.
D/AndroidRuntime( 2907): CheckJNI is ON
D/dalvikvm( 2907): Trying to load lib libjavacore.so 0x0
D/dalvikvm( 2907): Added shared lib libjavacore.so 0x0
D/dalvikvm( 2907): Trying to load lib libnativehelper.so 0x0
D/dalvikvm( 2907): Added shared lib libnativehelper.so 0x0
D/dalvikvm( 2907): No JNI_OnLoad found in libnativehelper.so 0x0, skipping init
D/dalvikvm( 2907): Note: class Landroid/app/ActivityManagerNative; has 179 unimplemented (abstract) methods
E/memtrack( 2907): Couldn't load memtrack module (No such file or directory)
E/android.os.Debug( 2907): failed to load memtrack module: -2
D/AndroidRuntime( 2907): Calling main entry com.android.commands.pm.Pm
D/AndroidRuntime( 2907): Shutting down VM
D/jdwp    ( 2907): Got wake-up signal, bailing out of select
D/dalvikvm( 2907): Debugger has detached; object registry had 1 entries
D/AndroidRuntime( 2920): 
D/AndroidRuntime( 2920): >>>>>> AndroidRuntime START com.android.internal.os.RuntimeInit <<<<<<
W/linker  ( 2920): libdvm.so has text relocations. This is wasting memory and is a security risk. Please fix.
D/AndroidRuntime( 2920): CheckJNI is ON
D/dalvikvm( 2920): Trying to load lib libjavacore.so 0x0
D/dalvikvm( 2920): Added shared lib libjavacore.so 0x0
D/dalvikvm( 2920): Trying to load lib libnativehelper.so 0x0
D/dalvikvm( 2920): Added shared lib libnativehelper.so 0x0
D/dalvikvm( 2920): No JNI_OnLoad found in libnativehelper.so 0x0, skipping init
D/dalvikvm( 2920): Note: class Landroid/app/ActivityManagerNative; has 179 unimplemented (abstract) methods
E/memtrack( 2920): Couldn't load memtrack module (No such file or directory)
E/android.os.Debug( 2920): failed to load memtrack module: -2
D/AndroidRuntime( 2920): Calling main entry com.android.commands.pm.Pm
D/AndroidRuntime( 2920): Shutting down VM
D/jdwp    ( 2920): Got wake-up signal, bailing out of select
D/dalvikvm( 2920): Debugger has detached; object registry had 1 entries
D/AndroidRuntime( 2931): 
D/AndroidRuntime( 2931): >>>>>> AndroidRuntime START com.android.internal.os.RuntimeInit <<<<<<
W/linker  ( 2931): libdvm.so has text relocations. This is wasting memory and is a security risk. Please fix.
D/AndroidRuntime( 2931): CheckJNI is ON
D/dalvikvm( 2931): Trying to load lib libjavacore.so 0x0
D/dalvikvm( 2931): Added shared lib libjavacore.so 0x0
D/dalvikvm( 2931): Trying to load lib libnativehelper.so 0x0
D/dalvikvm( 2931): Added shared lib libnativehelper.so 0x0
D/dalvikvm( 2931): No JNI_OnLoad found in libnativehelper.so 0x0, skipping init
D/dalvikvm( 2931): Note: class Landroid/app/ActivityManagerNative; has 179 unimplemented (abstract) methods
E/memtrack( 2931): Couldn't load memtrack module (No such file or directory)
E/android.os.Debug( 2931): failed to load memtrack module: -2
D/AndroidRuntime( 2931): Calling main entry com.android.commands.pm.Pm
D/AndroidRuntime( 2931): Shutting down VM
D/jdwp    ( 2931): Got wake-up signal, bailing out of select
D/dalvikvm( 2931): Debugger has detached; object registry had 1 entries
D/AndroidRuntime( 2947): 
D/AndroidRuntime( 2947): >>>>>> AndroidRuntime START com.android.internal.os.RuntimeInit <<<<<<
W/linker  ( 2947): libdvm.so has text relocations. This is wasting memory and is a security risk. Please fix.
D/AndroidRuntime( 2947): CheckJNI is ON
D/dalvikvm( 2947): Trying to load lib libjavacore.so 0x0
D/dalvikvm( 2947): Added shared lib libjavacore.so 0x0
D/dalvikvm( 2947): Trying to load lib libnativehelper.so 0x0
D/dalvikvm( 2947): Added shared lib libnativehelper.so 0x0
D/dalvikvm( 2947): No JNI_OnLoad found in libnativehelper.so 0x0, skipping init
D/dalvikvm( 2947): Note: class Landroid/app/ActivityManagerNative; has 179 unimplemented (abstract) methods
E/memtrack( 2947): Couldn't load memtrack module (No such file or directory)
E/android.os.Debug( 2947): failed to load memtrack module: -2
D/AndroidRuntime( 2947): Calling main entry com.android.commands.pm.Pm
I/ActivityManager( 1569): Start proc com.android.defcontainer for service com.android.defcontainer/.DefaultContainerService: pid=2957 uid=10003 gids={50003, 1028, 1015, 1023, 2001, 1035}
I/PackageManager( 1569): Running dexopt on: com.android.defcontainer
W/linker  ( 2970): libdvm.so has text relocations. This is wasting memory and is a security risk. Please fix.
D/dalvikvm( 2970): DexOpt: load 1ms, verify+opt 1ms, 201428 bytes
W/ActivityManager( 1569): No content provider found for permission revoke: file:///data/local/tmp/AndroidRipperService.apk
W/ActivityManager( 1569): No content provider found for permission revoke: file:///data/local/tmp/AndroidRipperService.apk
I/PackageManager( 1569): Copying native libraries to /data/app-lib/vmdl370013671
I/PackageParser( 1569): it.unina.android.ripper_service: compat added android.permission.WRITE_EXTERNAL_STORAGE android.permission.READ_PHONE_STATE
I/PackageManager( 1569): Running dexopt on: it.unina.android.ripper_service
W/linker  ( 2972): libdvm.so has text relocations. This is wasting memory and is a security risk. Please fix.
D/InitAlarmsService( 2352): Clearing and rescheduling alarms.
I/ActivityManager( 1569): Killing 1865:com.android.printspooler/u0a44 (adj 15): empty #17
I/ActivityManager( 1569): Killing 1919:com.android.externalstorage/u0a6 (adj 15): empty #18
D/dalvikvm( 2972): DexOpt: load 8ms, verify+opt 28ms, 1117628 bytes
I/ActivityManager( 1569): Force stopping it.unina.android.ripper_service appid=10057 user=-1: update pkg
D/dalvikvm( 1569): GC_FOR_ALLOC freed 1239K, 49% free 7798K/15088K, paused 7ms, total 7ms
I/InputReader( 1569): Reconfiguring input devices.  changes=0x00000010
D/BackupManagerService( 1569): Received broadcast Intent { act=android.intent.action.PACKAGE_ADDED dat=package:it.unina.android.ripper_service flg=0x4000010 (has extras) }
I/PackageManager( 1569):   Action: "android.intent.action.SENDTO"
I/PackageManager( 1569):   Category: "android.intent.category.DEFAULT"
I/PackageManager( 1569):   Scheme: "sms"
D/dalvikvm( 2213): GC_FOR_ALLOC freed 288K, 15% free 3460K/4052K, paused 9ms, total 9ms
W/Launcher.Model( 2213): Nobody to tell about the new app.  Launcher is probably loading.
V/BackupManagerService( 1569): addPackageParticipantsLocked: #1
I/PackageManager( 1569): Adding preferred activity ComponentInfo{com.android.mms/com.android.mms.ui.ComposeMessageActivity} for user 0 :
D/dalvikvm( 1795): GC_FOR_ALLOC freed 462K, 18% free 3603K/4380K, paused 2ms, total 2ms
I/PackageManager( 1569):   Action: "android.intent.action.SENDTO"
I/PackageManager( 1569):   Category: "android.intent.category.DEFAULT"
I/PackageManager( 1569):   Scheme: "smsto"
I/PackageManager( 1569): Adding preferred activity ComponentInfo{com.android.mms/com.android.mms.ui.ComposeMessageActivity} for user 0 :
I/PackageManager( 1569):   Action: "android.intent.action.SENDTO"
I/PackageManager( 1569):   Category: "android.intent.category.DEFAULT"
I/PackageManager( 1569):   Scheme: "mms"
I/PackageManager( 1569):   Action: "android.intent.action.SENDTO"
I/PackageManager( 1569):   Category: "android.intent.category.DEFAULT"
I/PackageManager( 1569):   Scheme: "mmsto"
I/PackageManager( 1569): Adding preferred activity ComponentInfo{com.android.mms/com.android.mms.ui.ComposeMessageActivity} for user 0 :
I/PackageManager( 1569): Adding preferred activity ComponentInfo{com.android.mms/com.android.mms.ui.ComposeMessageActivity} for user 0 :
I/PackageManager( 1569):   Action: "android.intent.action.SENDTO"
I/PackageManager( 1569):   Category: "android.intent.category.DEFAULT"
I/PackageManager( 1569):   Scheme: "sms"
W/GCM     ( 1776): Unexpected forwarded intent: Intent { act=android.intent.action.PACKAGE_ADDED dat=package:it.unina.android.ripper_service flg=0x4000010 cmp=com.google.android.gms/.chimera.PersistentIntentOperationService (has extras) }
I/PackageManager( 1569): Adding preferred activity ComponentInfo{com.android.mms/com.android.mms.ui.ComposeMessageActivity} for user 0 :
D/dalvikvm( 1795): GC_FOR_ALLOC freed 385K, 17% free 3670K/4380K, paused 2ms, total 6ms
W/GCM     ( 1776): Unexpected forwarded intent: Intent { act=android.intent.action.PACKAGE_ADDED dat=package:it.unina.android.ripper_service flg=0x4000010 cmp=com.google.android.gms/.chimera.PersistentIntentOperationService (has extras) }
I/Icing.InternalIcingCorporaProvider( 2168): Updating corpora: A: it.unina.android.ripper_service, C: MAYBE
D/dalvikvm( 1569): GC_EXPLICIT freed 1203K, 49% free 7802K/15088K, paused 1ms+2ms, total 64ms
D/dalvikvm( 1569): WAIT_FOR_CONCURRENT_GC blocked 4ms
D/dalvikvm( 1569): WAIT_FOR_CONCURRENT_GC blocked 6ms
D/dalvikvm( 1569): WAIT_FOR_CONCURRENT_GC blocked 5ms
D/AndroidRuntime( 2947): Shutting down VM
I/PackageManager( 1569):   Action: "android.intent.action.SENDTO"
I/PackageManager( 1569):   Category: "android.intent.category.DEFAULT"
I/PackageManager( 1569):   Scheme: "smsto"
D/jdwp    ( 2947): Got wake-up signal, bailing out of select
D/dalvikvm( 2947): Debugger has detached; object registry had 1 entries
D/dalvikvm( 1569): WAIT_FOR_CONCURRENT_GC blocked 5ms
I/PackageManager( 1569): Adding preferred activity ComponentInfo{com.android.mms/com.android.mms.ui.ComposeMessageActivity} for user 0 :
I/ActivityManager( 1569): Start proc com.svox.pico for broadcast com.svox.pico/.VoiceDataInstallerReceiver: pid=2977 uid=10041 gids={50041, 1028, 1015}
I/PackageManager( 1569):   Action: "android.intent.action.SENDTO"
I/PackageManager( 1569):   Category: "android.intent.category.DEFAULT"
I/PackageManager( 1569):   Scheme: "mms"
I/PackageManager( 1569): Running dexopt on: com.svox.pico
I/PackageManager( 1569): Adding preferred activity ComponentInfo{com.android.mms/com.android.mms.ui.ComposeMessageActivity} for user 0 :
I/PackageManager( 1569):   Action: "android.intent.action.SENDTO"
I/PackageManager( 1569):   Category: "android.intent.category.DEFAULT"
I/PackageManager( 1569):   Scheme: "mmsto"
W/linker  ( 2990): libdvm.so has text relocations. This is wasting memory and is a security risk. Please fix.
W/ContextImpl( 2168): Implicit intents with startService are not safe: Intent { act=com.google.android.gms.icing.INDEX_SERVICE } android.content.ContextWrapper.bindService:517 com.google.android.gms.internal.av.a:-1 com.google.android.gms.internal.au.connect:-1 
I/PackageManager( 1569): Adding preferred activity ComponentInfo{com.android.mms/com.android.mms.ui.ComposeMessageActivity} for user 0 :
D/dalvikvm( 1795): GC_FOR_ALLOC freed 366K, 17% free 3665K/4380K, paused 2ms, total 2ms
W/Nearby  ( 1776): Failed attempt #3 out of 3 for RestoreDeviceName [CONTEXT service_id=49 ]
W/Nearby  ( 1776): java.lang.IllegalStateException: BluetoothAdapter not ready yet!
W/Nearby  ( 1776): 	at adap.d(:com.google.android.gms@202414005@20.24.14 (000700-319035315):2)
W/Nearby  ( 1776): 	at adao.run(Unknown Source)
W/Nearby  ( 1776): 	at bksp.call(Unknown Source)
W/Nearby  ( 1776): 	at bksu.a(:com.google.android.gms@202414005@20.24.14 (000700-319035315):2)
W/Nearby  ( 1776): 	at bksu.a(:com.google.android.gms@202414005@20.24.14 (000700-319035315):9)
W/Nearby  ( 1776): 	at adan.run(Unknown Source)
W/Nearby  ( 1776): 	at java.lang.Thread.run(Thread.java:841)
W/Nearby  ( 1776): 	at nln.run(Unknown Source)
W/Nearby  ( 1776): 	at java.util.concurrent.ThreadPoolExecutor.runWorker(ThreadPoolExecutor.java:1112)
W/Nearby  ( 1776): 	at java.util.concurrent.ThreadPoolExecutor$Worker.run(ThreadPoolExecutor.java:587)
W/Nearby  ( 1776): 	at nrd.run(:com.google.android.gms@202414005@20.24.14 (000700-319035315):0)
W/Nearby  ( 1776): 	at java.lang.Thread.run(Thread.java:841)
D/dalvikvm( 2990): DexOpt: load 1ms, verify+opt 0ms, 225028 bytes
I/Icing   ( 2076): IndexChimeraService.getServiceInterface callingPackage=com.google.android.googlequicksearchbox componentName=null serviceId=21
I/Auth    ( 2076): [SupervisedAccountIntentOperation] onHandleIntent(): android.intent.action.PACKAGE_ADDED
D/dalvikvm( 1948): GC_FOR_ALLOC freed 1925K, 11% free 22765K/25520K, paused 3ms, total 3ms
I/ChromeSync( 2076): [Sync,SyncIntentOperation] Handling the intent: Intent { act=android.intent.action.PACKAGE_ADDED dat=package:it.unina.android.ripper_service flg=0x4000010 cmp=com.google.android.gms/.chimera.GmsIntentOperationService (has extras) }.
W/Icing   ( 2076): No valid account for uploading user actions
I/FontLog ( 2076): Package it.unina.android.ripper_service has no metadata [CONTEXT service_id=132 ]
D/dalvikvm( 2076): GC_FOR_ALLOC freed 2008K, 14% free 20949K/24252K, paused 21ms, total 21ms
I/Icing   ( 2076): Usage reports ok 0, Failed Usage reports 0, indexed 0, rejected 0
I/ActivityManager( 1569): Killing 2500:com.android.dialer/u0a4 (adj 15): empty #17
I/Icing   ( 2076): Indexing com.google.android.googlequicksearchbox-applications from com.google.android.googlequicksearchbox
D/dalvikvm( 1776): GC_FOR_ALLOC freed 901K, 21% free 10086K/12720K, paused 15ms, total 15ms
I/ChromeSync( 2076): [Persistence,AffiliationManager] One of affiliation or grouping data for android://KSmUCdTXmQS-j9D_O8l1jvyu41Pjn2mc5cb0Gvx1e9H1Aj4JCzHs_uTW26nbtH65K-YfijtBsQxGp-8R6k6HFg==@it.unina.android.ripper_service/ was not found. Marking affiliation data as stale...
I/dalvikvm( 2076): Could not find method java.util.Locale.toLanguageTag, referenced from method wkb.a
W/dalvikvm( 2076): VFY: unable to resolve virtual method 19297: Ljava/util/Locale;.toLanguageTag ()Ljava/lang/String;
D/dalvikvm( 2076): VFY: replacing opcode 0x6e at 0x015f
I/Icing   ( 2076): Indexing done com.google.android.googlequicksearchbox-applications
I/Icing   ( 2076): Indexing com.google.android.gms-apps from com.google.android.gms
I/Icing   ( 2076): Indexing done com.google.android.gms-apps
I/Icing   ( 2076): Indexing com.google.android.gms-internal.3p:MobileApplication from com.google.android.gms
I/Icing   ( 2076): Indexing done com.google.android.gms-internal.3p:MobileApplication
D/AndroidRuntime( 3000): 
D/AndroidRuntime( 3000): >>>>>> AndroidRuntime START com.android.internal.os.RuntimeInit <<<<<<
W/linker  ( 3000): libdvm.so has text relocations. This is wasting memory and is a security risk. Please fix.
D/AndroidRuntime( 3000): CheckJNI is ON
D/dalvikvm( 3000): Trying to load lib libjavacore.so 0x0
D/dalvikvm( 3000): Added shared lib libjavacore.so 0x0
D/dalvikvm( 3000): Trying to load lib libnativehelper.so 0x0
D/dalvikvm( 3000): Added shared lib libnativehelper.so 0x0
D/dalvikvm( 3000): No JNI_OnLoad found in libnativehelper.so 0x0, skipping init
D/dalvikvm( 3000): Note: class Landroid/app/ActivityManagerNative; has 179 unimplemented (abstract) methods
E/memtrack( 3000): Couldn't load memtrack module (No such file or directory)
E/android.os.Debug( 3000): failed to load memtrack module: -2
D/AndroidRuntime( 3000): Calling main entry com.android.commands.pm.Pm
D/AndroidRuntime( 3000): Shutting down VM
D/jdwp    ( 3000): Got wake-up signal, bailing out of select
D/dalvikvm( 3000): Debugger has detached; object registry had 1 entries
D/AndroidRuntime( 3011): 
D/AndroidRuntime( 3011): >>>>>> AndroidRuntime START com.android.internal.os.RuntimeInit <<<<<<
W/linker  ( 3011): libdvm.so has text relocations. This is wasting memory and is a security risk. Please fix.
D/AndroidRuntime( 3011): CheckJNI is ON
D/dalvikvm( 3011): Trying to load lib libjavacore.so 0x0
D/dalvikvm( 3011): Added shared lib libjavacore.so 0x0
D/dalvikvm( 3011): Trying to load lib libnativehelper.so 0x0
D/dalvikvm( 3011): Added shared lib libnativehelper.so 0x0
D/dalvikvm( 3011): No JNI_OnLoad found in libnativehelper.so 0x0, skipping init
D/dalvikvm( 3011): Note: class Landroid/app/ActivityManagerNative; has 179 unimplemented (abstract) methods
E/memtrack( 3011): Couldn't load memtrack module (No such file or directory)
E/android.os.Debug( 3011): failed to load memtrack module: -2
D/AndroidRuntime( 3011): Calling main entry com.android.commands.pm.Pm
D/AndroidRuntime( 3011): Shutting down VM
D/jdwp    ( 3011): Got wake-up signal, bailing out of select
D/dalvikvm( 3011): Debugger has detached; object registry had 1 entries
D/AndroidRuntime( 3022): 
D/AndroidRuntime( 3022): >>>>>> AndroidRuntime START com.android.internal.os.RuntimeInit <<<<<<
W/linker  ( 3022): libdvm.so has text relocations. This is wasting memory and is a security risk. Please fix.
D/AndroidRuntime( 3022): CheckJNI is ON
D/dalvikvm( 3022): Trying to load lib libjavacore.so 0x0
D/dalvikvm( 3022): Added shared lib libjavacore.so 0x0
D/dalvikvm( 3022): Trying to load lib libnativehelper.so 0x0
D/dalvikvm( 3022): Added shared lib libnativehelper.so 0x0
D/dalvikvm( 3022): No JNI_OnLoad found in libnativehelper.so 0x0, skipping init
D/dalvikvm( 3022): Note: class Landroid/app/ActivityManagerNative; has 179 unimplemented (abstract) methods
E/memtrack( 3022): Couldn't load memtrack module (No such file or directory)
E/android.os.Debug( 3022): failed to load memtrack module: -2
D/AndroidRuntime( 3022): Calling main entry com.android.commands.am.Am
D/AndroidRuntime( 3022): Shutting down VM
D/jdwp    ( 3022): Got wake-up signal, bailing out of select
D/dalvikvm( 3022): Debugger has detached; object registry had 1 entries
V/AndroidRipperService( 3033): onCreate()
I/ActivityManager( 1569): Start proc it.unina.android.ripper_service:android_ripper_service_process for service it.unina.android.ripper_service/.AndroidRipperService: pid=3033 uid=10057 gids={50057, 3003, 1028, 1015}
V/SERVER  ( 3033): Starting ServerSocket on PORT 18888
V/SERVER  ( 3033): Started ServerSocket on PORT 18888
V/SERVER  ( 3033): Ready to accept connections on port: 18888
D/AndroidRuntime( 3047): 
D/AndroidRuntime( 3047): >>>>>> AndroidRuntime START com.android.internal.os.RuntimeInit <<<<<<
W/linker  ( 3047): libdvm.so has text relocations. This is wasting memory and is a security risk. Please fix.
D/AndroidRuntime( 3047): CheckJNI is ON
D/dalvikvm( 3047): Trying to load lib libjavacore.so 0x0
D/dalvikvm( 3047): Added shared lib libjavacore.so 0x0
D/dalvikvm( 3047): Trying to load lib libnativehelper.so 0x0
D/dalvikvm( 3047): Added shared lib libnativehelper.so 0x0
D/dalvikvm( 3047): No JNI_OnLoad found in libnativehelper.so 0x0, skipping init
D/dalvikvm( 3047): Note: class Landroid/app/ActivityManagerNative; has 179 unimplemented (abstract) methods
E/memtrack( 3047): Couldn't load memtrack module (No such file or directory)
E/android.os.Debug( 3047): failed to load memtrack module: -2
D/AndroidRuntime( 3047): Calling main entry com.android.commands.input.Input
I/Input   ( 3047): injectKeyEvent: KeyEvent { action=ACTION_DOWN, keyCode=KEYCODE_MENU, scanCode=0, metaState=0, flags=0x0, repeatCount=0, eventTime=59255, downTime=59255, deviceId=-1, source=0x101 }
I/Input   ( 3047): injectKeyEvent: KeyEvent { action=ACTION_UP, keyCode=KEYCODE_MENU, scanCode=0, metaState=0, flags=0x0, repeatCount=0, eventTime=59255, downTime=59255, deviceId=-1, source=0x101 }
D/dalvikvm( 1948): GC_FOR_ALLOC freed 117K, 10% free 22969K/25520K, paused 2ms, total 2ms
I/dalvikvm-heap( 1948): Grow heap (frag case) to 24.460MB for 1939932-byte allocation
D/dalvikvm( 1948): GC_FOR_ALLOC freed <1K, 10% free 24863K/27416K, paused 3ms, total 3ms
D/AndroidRuntime( 3047): Shutting down VM
D/jdwp    ( 3047): Got wake-up signal, bailing out of select
D/dalvikvm( 3047): Debugger has detached; object registry had 1 entries
E/SoundPool( 1569): error loading /system/media/audio/ui/Effect_Tick.ogg
W/AudioService( 1569): Soundpool could not load file: /system/media/audio/ui/Effect_Tick.ogg
E/SoundPool( 1569): error loading /system/media/audio/ui/Effect_Tick.ogg
W/AudioService( 1569): Soundpool could not load file: /system/media/audio/ui/Effect_Tick.ogg
E/SoundPool( 1569): error loading /system/media/audio/ui/Effect_Tick.ogg
W/AudioService( 1569): Soundpool could not load file: /system/media/audio/ui/Effect_Tick.ogg
E/SoundPool( 1569): error loading /system/media/audio/ui/Effect_Tick.ogg
W/AudioService( 1569): Soundpool could not load file: /system/media/audio/ui/Effect_Tick.ogg
E/SoundPool( 1569): error loading /system/media/audio/ui/Effect_Tick.ogg
W/AudioService( 1569): Soundpool could not load file: /system/media/audio/ui/Effect_Tick.ogg
E/SoundPool( 1569): error loading /system/media/audio/ui/KeypressStandard.ogg
W/AudioService( 1569): Soundpool could not load file: /system/media/audio/ui/KeypressStandard.ogg
E/SoundPool( 1569): error loading /system/media/audio/ui/KeypressSpacebar.ogg
W/AudioService( 1569): Soundpool could not load file: /system/media/audio/ui/KeypressSpacebar.ogg
E/SoundPool( 1569): error loading /system/media/audio/ui/KeypressDelete.ogg
W/AudioService( 1569): Soundpool could not load file: /system/media/audio/ui/KeypressDelete.ogg
E/SoundPool( 1569): error loading /system/media/audio/ui/KeypressReturn.ogg
W/AudioService( 1569): Soundpool could not load file: /system/media/audio/ui/KeypressReturn.ogg
E/SoundPool( 1569): error loading /system/media/audio/ui/KeypressInvalid.ogg
W/AudioService( 1569): Soundpool could not load file: /system/media/audio/ui/KeypressInvalid.ogg
W/AudioService( 1569): onLoadSoundEffects(), Error -1 while loading samples
D/        ( 1144): HostConnection::get() New Host Connection established 0xb9409fc0, tid 2060
D/EGL_emulation( 1948): eglMakeCurrent: 0xb894d010: ver 3 0
E/EGL_emulation( 1948): tid 1948: eglSurfaceAttrib(1199): error 0x3009 (EGL_BAD_MATCH)
W/HardwareRenderer( 1948): Backbuffer cannot be preserved
D/AndroidRuntime( 3065): 
D/AndroidRuntime( 3065): >>>>>> AndroidRuntime START com.android.internal.os.RuntimeInit <<<<<<
W/linker  ( 3065): libdvm.so has text relocations. This is wasting memory and is a security risk. Please fix.
D/AndroidRuntime( 3065): CheckJNI is ON
D/dalvikvm( 3065): Trying to load lib libjavacore.so 0x0
D/dalvikvm( 3065): Added shared lib libjavacore.so 0x0
D/dalvikvm( 3065): Trying to load lib libnativehelper.so 0x0
D/dalvikvm( 3065): Added shared lib libnativehelper.so 0x0
D/dalvikvm( 3065): No JNI_OnLoad found in libnativehelper.so 0x0, skipping init
D/dalvikvm( 3065): Note: class Landroid/app/ActivityManagerNative; has 179 unimplemented (abstract) methods
E/memtrack( 3065): Couldn't load memtrack module (No such file or directory)
E/android.os.Debug( 3065): failed to load memtrack module: -2
D/AndroidRuntime( 3065): Calling main entry com.android.commands.pm.Pm
W/ActivityManager( 1569): No content provider found for permission revoke: file:///sdcard/aut.apk
W/ActivityManager( 1569): No content provider found for permission revoke: file:///sdcard/aut.apk
I/PackageManager( 1569): Copying native libraries to /data/app-lib/vmdl506674684
I/Vision  ( 2076): Requesting optional module download of ocr.
W/PackageParser( 1569): Unknown element under <manifest>: queries at /data/app/vmdl506674684.tmp Binary XML file line #34
I/Vision  ( 2076): Checking for download completion for 70193 -- ocr
I/ChimeraConfigurator( 2076): Starting update, reason: 4 urgentFeatures: vision.ocr:-1
E/ConfigFileUtils( 2076): Failed to read config file: /data/data/com.google.android.gms/app_chimera/next_container.pb: open failed: ENOENT (No such file or directory)
I/ChmraDebugLogger( 2076): [73] 1801
I/ChmraDebugLogger( 2076): [30] [VisionOcr.optional:202414000700] permitMetered=true,
W/ChimeraConfigService( 2076): Retry attempt was throttled.
D/dalvikvm( 1569): GC_FOR_ALLOC freed 1001K, 47% free 8008K/15088K, paused 8ms, total 8ms
D/dalvikvm( 1569): GC_FOR_ALLOC freed 942K, 45% free 8324K/15088K, paused 7ms, total 7ms
D/dalvikvm( 1569): GC_FOR_ALLOC freed 560K, 40% free 9070K/15088K, paused 8ms, total 8ms
E/dalvikvm( 1569): JIT code cache full
D/dalvikvm( 1569): JIT code cache reset delayed (523200 bytes 0/1)
D/dalvikvm( 1569): GC_FOR_ALLOC freed 1767K, 42% free 8827K/15088K, paused 9ms, total 9ms
D/dalvikvm( 1569): JIT code cache reset delayed (523200 bytes 0/2)
D/dalvikvm( 1569): GC_FOR_ALLOC freed 1454K, 42% free 8836K/15088K, paused 9ms, total 9ms
D/dalvikvm( 1569): JIT code cache reset delayed (523200 bytes 0/3)
D/dalvikvm( 1569): GC_FOR_ALLOC freed 1451K, 42% free 8845K/15088K, paused 10ms, total 10ms
D/dalvikvm( 1569): JIT code cache reset delayed (523200 bytes 0/4)
D/dalvikvm( 1569): GC_FOR_ALLOC freed 1454K, 42% free 8854K/15088K, paused 7ms, total 7ms
D/dalvikvm( 1569): JIT code cache reset delayed (523200 bytes 0/5)
D/dalvikvm( 1569): GC_FOR_ALLOC freed 1456K, 42% free 8862K/15088K, paused 6ms, total 6ms
I/PackageManager( 1569): Running dexopt on: app.seeneva.reader
W/linker  ( 3078): libdvm.so has text relocations. This is wasting memory and is a security risk. Please fix.
D/dalvikvm( 3078): DexOpt: couldn't find static field Landroid/graphics/Bitmap$Config;.RGBA_F16
D/dalvikvm( 3078): DexOpt: couldn't find static field Landroid/graphics/Bitmap$Config;.HARDWARE
D/dalvikvm( 3078): DexOpt: couldn't find static field Landroid/graphics/Bitmap$Config;.RGBA_F16
D/dalvikvm( 3078): DexOpt: couldn't find field Landroid/graphics/BitmapFactory$Options;.outConfig
I/dalvikvm( 3078): DexOpt: illegal method access (call Landroid/widget/TextView;.getTextDirectionHeuristic ()Landroid/text/TextDirectionHeuristic; from Lj/b/i/a0$b;)
D/dalvikvm( 3078): DexOpt: couldn't find static field Landroid/graphics/Bitmap$CompressFormat;.WEBP_LOSSLESS
D/dalvikvm( 3078): DexOpt: load 35ms, verify+opt 125ms, 3474372 bytes
I/ActivityManager( 1569): Force stopping app.seeneva.reader appid=10058 user=-1: update pkg
W/PackageManager( 1569): Unknown permission android.permission.FOREGROUND_SERVICE in package app.seeneva.reader
I/InputReader( 1569): Reconfiguring input devices.  changes=0x00000010
W/Launcher.Model( 2213): Nobody to tell about the new app.  Launcher is probably loading.
I/PackageManager( 1569):   Action: "android.intent.action.SENDTO"
I/PackageManager( 1569):   Category: "android.intent.category.DEFAULT"
I/PackageManager( 1569):   Scheme: "sms"
I/PackageManager( 1569): Adding preferred activity ComponentInfo{com.android.mms/com.android.mms.ui.ComposeMessageActivity} for user 0 :
D/dalvikvm( 1569): JIT code cache reset in 0 ms (523200 bytes 1/5)
D/dalvikvm( 1569): GC_EXPLICIT freed 1430K, 41% free 8904K/15088K, paused 0ms+1ms, total 20ms
D/dalvikvm( 1569): WAIT_FOR_CONCURRENT_GC blocked 9ms
D/dalvikvm( 1569): WAIT_FOR_CONCURRENT_GC blocked 12ms
D/dalvikvm( 1569): WAIT_FOR_CONCURRENT_GC blocked 11ms
D/AndroidRuntime( 3065): Shutting down VM
D/jdwp    ( 3065): Got wake-up signal, bailing out of select
D/dalvikvm( 3065): Debugger has detached; object registry had 1 entries
D/BackupManagerService( 1569): Received broadcast Intent { act=android.intent.action.PACKAGE_ADDED dat=package:app.seeneva.reader flg=0x4000010 (has extras) }
V/BackupManagerService( 1569): addPackageParticipantsLocked: #1
I/PackageManager( 1569):   Action: "android.intent.action.SENDTO"
I/PackageManager( 1569):   Category: "android.intent.category.DEFAULT"
I/PackageManager( 1569):   Scheme: "smsto"
I/PackageManager( 1569): Adding preferred activity ComponentInfo{com.android.mms/com.android.mms.ui.ComposeMessageActivity} for user 0 :
I/PackageManager( 1569):   Action: "android.intent.action.SENDTO"
I/PackageManager( 1569):   Category: "android.intent.category.DEFAULT"
I/PackageManager( 1569):   Scheme: "mms"
W/GCM     ( 1776): Unexpected forwarded intent: Intent { act=android.intent.action.PACKAGE_ADDED dat=package:app.seeneva.reader flg=0x4000010 cmp=com.google.android.gms/.chimera.PersistentIntentOperationService (has extras) }
I/PackageManager( 1569): Adding preferred activity ComponentInfo{com.android.mms/com.android.mms.ui.ComposeMessageActivity} for user 0 :
I/PackageManager( 1569):   Action: "android.intent.action.SENDTO"
I/PackageManager( 1569):   Category: "android.intent.category.DEFAULT"
I/PackageManager( 1569):   Scheme: "mmsto"
W/GCM     ( 1776): Unexpected forwarded intent: Intent { act=android.intent.action.PACKAGE_ADDED dat=package:app.seeneva.reader flg=0x4000010 cmp=com.google.android.gms/.chimera.PersistentIntentOperationService (has extras) }
I/Auth    ( 2076): [SupervisedAccountIntentOperation] onHandleIntent(): android.intent.action.PACKAGE_ADDED
I/ChromeSync( 2076): [Sync,SyncIntentOperation] Handling the intent: Intent { act=android.intent.action.PACKAGE_ADDED dat=package:app.seeneva.reader flg=0x4000010 cmp=com.google.android.gms/.chimera.GmsIntentOperationService (has extras) }.
I/PackageManager( 1569): Adding preferred activity ComponentInfo{com.android.mms/com.android.mms.ui.ComposeMessageActivity} for user 0 :
D/dalvikvm( 1795): GC_FOR_ALLOC freed 395K, 17% free 3669K/4380K, paused 2ms, total 2ms
I/FontLog ( 2076): Package app.seeneva.reader has no metadata [CONTEXT service_id=132 ]
I/PackageManager( 1569):   Action: "android.intent.action.SENDTO"
I/PackageManager( 1569):   Category: "android.intent.category.DEFAULT"
I/PackageManager( 1569):   Scheme: "sms"
I/PackageManager( 1569): Adding preferred activity ComponentInfo{com.android.mms/com.android.mms.ui.ComposeMessageActivity} for user 0 :
I/PackageManager( 1569):   Action: "android.intent.action.SENDTO"
I/PackageManager( 1569):   Category: "android.intent.category.DEFAULT"
I/PackageManager( 1569):   Scheme: "smsto"
I/PackageManager( 1569): Adding preferred activity ComponentInfo{com.android.mms/com.android.mms.ui.ComposeMessageActivity} for user 0 :
I/Icing.InternalIcingCorporaProvider( 2168): Updating corpora: A: app.seeneva.reader, C: MAYBE
I/PackageManager( 1569):   Action: "android.intent.action.SENDTO"
I/PackageManager( 1569):   Category: "android.intent.category.DEFAULT"
I/PackageManager( 1569):   Scheme: "mms"
D/dalvikvm( 1795): GC_FOR_ALLOC freed 355K, 17% free 3667K/4380K, paused 1ms, total 1ms
I/PackageManager( 1569): Adding preferred activity ComponentInfo{com.android.mms/com.android.mms.ui.ComposeMessageActivity} for user 0 :
I/PackageManager( 1569):   Action: "android.intent.action.SENDTO"
I/PackageManager( 1569):   Category: "android.intent.category.DEFAULT"
I/PackageManager( 1569):   Scheme: "mmsto"
I/PackageManager( 1569): Adding preferred activity ComponentInfo{com.android.mms/com.android.mms.ui.ComposeMessageActivity} for user 0 :
W/ContextImpl( 2168): Implicit intents with startService are not safe: Intent { act=com.google.android.gms.icing.INDEX_SERVICE } android.content.ContextWrapper.bindService:517 com.google.android.gms.internal.av.a:-1 com.google.android.gms.internal.au.connect:-1 
D/EGL_emulation( 1948): eglMakeCurrent: 0xb894d010: ver 3 0
D/dalvikvm( 2076): GC_FOR_ALLOC freed 1787K, 13% free 21209K/24252K, paused 27ms, total 28ms
I/ChromeSync( 2076): [Persistence,AffiliationManager] One of affiliation or grouping data for android://KSmUCdTXmQS-j9D_O8l1jvyu41Pjn2mc5cb0Gvx1e9H1Aj4JCzHs_uTW26nbtH65K-YfijtBsQxGp-8R6k6HFg==@app.seeneva.reader/ was not found. Marking affiliation data as stale...
I/Icing   ( 2076): IndexChimeraService.getServiceInterface callingPackage=com.google.android.googlequicksearchbox componentName=null serviceId=21
W/Icing   ( 2076): No valid account for uploading user actions
I/Icing   ( 2076): Usage reports ok 0, Failed Usage reports 0, indexed 0, rejected 0
I/Icing   ( 2076): Indexing com.google.android.googlequicksearchbox-applications from com.google.android.googlequicksearchbox
I/Icing   ( 2076): Indexing done com.google.android.googlequicksearchbox-applications
I/Icing   ( 2076): Indexing com.google.android.gms-apps from com.google.android.gms
I/Icing   ( 2076): Indexing com.google.android.gms-internal.3p:MobileApplication from com.google.android.gms
I/Icing   ( 2076): Indexing done com.google.android.gms-apps
I/Icing   ( 2076): Indexing done com.google.android.gms-internal.3p:MobileApplication
D/AndroidRuntime( 3094): 
D/AndroidRuntime( 3094): >>>>>> AndroidRuntime START com.android.internal.os.RuntimeInit <<<<<<
W/linker  ( 3094): libdvm.so has text relocations. This is wasting memory and is a security risk. Please fix.
D/AndroidRuntime( 3094): CheckJNI is ON
D/dalvikvm( 3094): Trying to load lib libjavacore.so 0x0
D/dalvikvm( 3094): Added shared lib libjavacore.so 0x0
D/dalvikvm( 3094): Trying to load lib libnativehelper.so 0x0
D/dalvikvm( 3094): Added shared lib libnativehelper.so 0x0
D/dalvikvm( 3094): No JNI_OnLoad found in libnativehelper.so 0x0, skipping init
D/dalvikvm( 3094): Note: class Landroid/app/ActivityManagerNative; has 179 unimplemented (abstract) methods
E/memtrack( 3094): Couldn't load memtrack module (No such file or directory)
E/android.os.Debug( 3094): failed to load memtrack module: -2
D/AndroidRuntime( 3094): Calling main entry com.android.commands.pm.Pm
W/ActivityManager( 1569): No content provider found for permission revoke: file:///sdcard/ripper.apk
W/ActivityManager( 1569): No content provider found for permission revoke: file:///sdcard/ripper.apk
I/PackageManager( 1569): Copying native libraries to /data/app-lib/vmdl-1503078437
I/PackageParser( 1569): it.unina.android.ripper: compat added android.permission.WRITE_EXTERNAL_STORAGE android.permission.READ_PHONE_STATE
D/dalvikvm( 1569): GC_FOR_ALLOC freed 2558K, 49% free 7821K/15088K, paused 7ms, total 7ms
I/PackageManager( 1569): Running dexopt on: it.unina.android.ripper
W/linker  ( 3105): libdvm.so has text relocations. This is wasting memory and is a security risk. Please fix.
D/dalvikvm( 3105): DexOpt: load 2ms, verify+opt 16ms, 936700 bytes
I/ActivityManager( 1569): Force stopping it.unina.android.ripper appid=10059 user=-1: update pkg
W/Launcher.Model( 2213): Nobody to tell about the new app.  Launcher is probably loading.
I/PackageManager( 1569):   Action: "android.intent.action.SENDTO"
I/PackageManager( 1569):   Category: "android.intent.category.DEFAULT"
I/PackageManager( 1569):   Scheme: "sms"
I/PackageManager( 1569): Adding preferred activity ComponentInfo{com.android.mms/com.android.mms.ui.ComposeMessageActivity} for user 0 :
I/InputReader( 1569): Reconfiguring input devices.  changes=0x00000010
I/PackageManager( 1569):   Action: "android.intent.action.SENDTO"
I/PackageManager( 1569):   Category: "android.intent.category.DEFAULT"
I/PackageManager( 1569):   Scheme: "smsto"
I/PackageManager( 1569): Adding preferred activity ComponentInfo{com.android.mms/com.android.mms.ui.ComposeMessageActivity} for user 0 :
D/BackupManagerService( 1569): Received broadcast Intent { act=android.intent.action.PACKAGE_ADDED dat=package:it.unina.android.ripper flg=0x4000010 (has extras) }
I/PackageManager( 1569):   Action: "android.intent.action.SENDTO"
I/PackageManager( 1569):   Category: "android.intent.category.DEFAULT"
I/PackageManager( 1569):   Scheme: "mms"
V/BackupManagerService( 1569): addPackageParticipantsLocked: #1
I/PackageManager( 1569): Adding preferred activity ComponentInfo{com.android.mms/com.android.mms.ui.ComposeMessageActivity} for user 0 :
D/dalvikvm( 1569): GC_EXPLICIT freed 1159K, 49% free 7822K/15088K, paused 4ms+1ms, total 43ms
D/dalvikvm( 1795): GC_FOR_ALLOC freed 392K, 17% free 3667K/4380K, paused 2ms, total 2ms
I/PackageManager( 1569):   Action: "android.intent.action.SENDTO"
I/PackageManager( 1569):   Category: "android.intent.category.DEFAULT"
I/PackageManager( 1569):   Scheme: "mmsto"
W/GCM     ( 1776): Unexpected forwarded intent: Intent { act=android.intent.action.PACKAGE_ADDED dat=package:it.unina.android.ripper flg=0x4000010 cmp=com.google.android.gms/.chimera.PersistentIntentOperationService (has extras) }
W/GCM     ( 1776): Unexpected forwarded intent: Intent { act=android.intent.action.PACKAGE_ADDED dat=package:it.unina.android.ripper flg=0x4000010 cmp=com.google.android.gms/.chimera.PersistentIntentOperationService (has extras) }
D/AndroidRuntime( 3094): Shutting down VM
D/jdwp    ( 3094): Got wake-up signal, bailing out of select
D/dalvikvm( 3094): Debugger has detached; object registry had 1 entries
I/ChromeSync( 2076): [Sync,SyncIntentOperation] Handling the intent: Intent { act=android.intent.action.PACKAGE_ADDED dat=package:it.unina.android.ripper flg=0x4000010 cmp=com.google.android.gms/.chimera.GmsIntentOperationService (has extras) }.
I/Auth    ( 2076): [SupervisedAccountIntentOperation] onHandleIntent(): android.intent.action.PACKAGE_ADDED
I/FontLog ( 2076): Package it.unina.android.ripper has no metadata [CONTEXT service_id=132 ]
I/PackageManager( 1569): Adding preferred activity ComponentInfo{com.android.mms/com.android.mms.ui.ComposeMessageActivity} for user 0 :
I/PackageManager( 1569):   Action: "android.intent.action.SENDTO"
