D/dalvikvm( 3124): VFY: replacing opcode 0x71 at 0x0075
E/dalvikvm( 3124): Could not find class 'android.view.textclassifier.TextClassificationManager', referenced from method j.b.i.x.a
W/dalvikvm( 3124): VFY: unable to resolve const-class 464 (Landroid/view/textclassifier/TextClassificationManager;) in Lj/b/i/x;
D/dalvikvm( 3124): VFY: replacing opcode 0x1c at 0x000a
W/dalvikvm( 3124): VFY: unable to find class referenced in signature (Landroid/view/textclassifier/TextClassifier;)
I/dalvikvm( 3124): Could not find method android.graphics.Typeface.create, referenced from method j.b.i.y$a.d
W/dalvikvm( 3124): VFY: unable to resolve static method 988: Landroid/graphics/Typeface;.create (Landroid/graphics/Typeface;IZ)Landroid/graphics/Typeface;
D/dalvikvm( 3124): VFY: replacing opcode 0x71 at 0x0014
I/dalvikvm( 3124): Could not find method android.view.View.setTooltipText, referenced from method j.b.a.c
W/dalvikvm( 3124): VFY: unable to resolve virtual method 2064: Landroid/view/View;.setTooltipText (Ljava/lang/CharSequence;)V
D/dalvikvm( 3124): VFY: replacing opcode 0x6e at 0x0006
I/dalvikvm( 3124): Could not find method android.view.ViewConfiguration.getScaledHoverSlop, referenced from method j.b.i.a1.<init>
W/dalvikvm( 3124): VFY: unable to resolve virtual method 2085: Landroid/view/ViewConfiguration;.getScaledHoverSlop ()I
D/dalvikvm( 3124): VFY: replacing opcode 0x6e at 0x0025
I/dalvikvm( 3124): Could not find method android.view.View.requestApplyInsets, referenced from method l.c.a.a.t.r.onViewAttachedToWindow
W/dalvikvm( 3124): VFY: unable to resolve virtual method 2004: Landroid/view/View;.requestApplyInsets ()V
D/dalvikvm( 3124): VFY: replacing opcode 0x6e at 0x000b
D/dalvikvm( 3124): GC_FOR_ALLOC freed 351K, 13% free 3718K/4256K, paused 3ms, total 3ms
D/dalvikvm( 3124): GC_FOR_ALLOC freed 160K, 9% free 4059K/4416K, paused 2ms, total 2ms
D/dalvikvm( 3124): GC_FOR_ALLOC freed 211K, 10% free 4227K/4680K, paused 4ms, total 4ms
D/dalvikvm( 3124): GC_FOR_ALLOC freed 254K, 13% free 4305K/4904K, paused 2ms, total 2ms
D/dalvikvm( 3124): GC_FOR_ALLOC freed 179K, 12% free 4327K/4904K, paused 2ms, total 2ms
D/dalvikvm( 3124): GC_FOR_ALLOC freed 276K, 10% free 4566K/5028K, paused 4ms, total 4ms
D/dalvikvm( 3124): GC_FOR_ALLOC freed 334K, 10% free 4759K/5280K, paused 3ms, total 3ms
D/dalvikvm( 3124): GC_FOR_ALLOC freed 415K, 11% free 4937K/5540K, paused 3ms, total 3ms
I/dalvikvm( 3124): Could not find method android.view.ViewParent.onNestedFling, referenced from method j.h.j.g.a
W/dalvikvm( 3124): VFY: unable to resolve interface method 2295: Landroid/view/ViewParent;.onNestedFling (Landroid/view/View;FFZ)Z
D/dalvikvm( 3124): VFY: replacing opcode 0x72 at 0x0013
I/dalvikvm( 3124): Could not find method android.view.ViewParent.onNestedPreFling, referenced from method j.h.j.g.b
W/dalvikvm( 3124): VFY: unable to resolve interface method 2296: Landroid/view/ViewParent;.onNestedPreFling (Landroid/view/View;FF)Z
D/dalvikvm( 3124): VFY: replacing opcode 0x72 at 0x0013
I/dalvikvm( 3124): Could not find method android.view.ViewParent.onNestedPreScroll, referenced from method j.h.j.g.c
W/dalvikvm( 3124): VFY: unable to resolve interface method 2297: Landroid/view/ViewParent;.onNestedPreScroll (Landroid/view/View;II[I)V
D/dalvikvm( 3124): VFY: replacing opcode 0x72 at 0x0061
I/dalvikvm( 3124): Could not find method android.view.ViewParent.onNestedScroll, referenced from method j.h.j.g.f
W/dalvikvm( 3124): VFY: unable to resolve interface method 2298: Landroid/view/ViewParent;.onNestedScroll (Landroid/view/View;IIII)V
D/dalvikvm( 3124): VFY: replacing opcode 0x78 at 0x0092
I/dalvikvm( 3124): Could not find method android.view.View.stopNestedScroll, referenced from method j.h.j.g.i
W/dalvikvm( 3124): VFY: unable to resolve virtual method 2076: Landroid/view/View;.stopNestedScroll ()V
D/dalvikvm( 3124): VFY: replacing opcode 0x6e at 0x000e
I/dalvikvm( 3124): Could not find method android.view.ViewParent.onStartNestedScroll, referenced from method j.h.j.g.j
W/dalvikvm( 3124): VFY: unable to resolve interface method 2300: Landroid/view/ViewParent;.onStartNestedScroll (Landroid/view/View;Landroid/view/View;I)Z
D/dalvikvm( 3124): VFY: replacing opcode 0x72 at 0x0036
I/dalvikvm( 3124): Could not find method android.view.ViewParent.onNestedScrollAccepted, referenced from method j.h.j.g.j
W/dalvikvm( 3124): VFY: unable to resolve interface method 2299: Landroid/view/ViewParent;.onNestedScrollAccepted (Landroid/view/View;Landroid/view/View;I)V
D/dalvikvm( 3124): VFY: replacing opcode 0x72 at 0x007d
I/dalvikvm( 3124): Could not find method android.view.ViewParent.onStopNestedScroll, referenced from method j.h.j.g.k
W/dalvikvm( 3124): VFY: unable to resolve interface method 2301: Landroid/view/ViewParent;.onStopNestedScroll (Landroid/view/View;)V
D/dalvikvm( 3124): VFY: replacing opcode 0x72 at 0x001a
I/dalvikvm( 3124): Could not find method android.view.ViewConfiguration.getScaledHorizontalScrollFactor, referenced from method androidx.recyclerview.widget.RecyclerView.<init>
W/dalvikvm( 3124): VFY: unable to resolve virtual method 2084: Landroid/view/ViewConfiguration;.getScaledHorizontalScrollFactor ()F
D/dalvikvm( 3124): VFY: replacing opcode 0x6e at 0x00d6
I/dalvikvm( 3124): Could not find method android.view.ViewConfiguration.getScaledVerticalScrollFactor, referenced from method androidx.recyclerview.widget.RecyclerView.<init>
W/dalvikvm( 3124): VFY: unable to resolve virtual method 2090: Landroid/view/ViewConfiguration;.getScaledVerticalScrollFactor ()F
D/dalvikvm( 3124): VFY: replacing opcode 0x6e at 0x00e3
I/dalvikvm( 3124): Could not find method android.view.View.getImportantForAutofill, referenced from method androidx.recyclerview.widget.RecyclerView.<init>
W/dalvikvm( 3124): VFY: unable to resolve virtual method 1891: Landroid/view/View;.getImportantForAutofill ()I
D/dalvikvm( 3124): VFY: replacing opcode 0x74 at 0x0128
I/dalvikvm( 3124): Could not find method android.view.View.setImportantForAutofill, referenced from method androidx.recyclerview.widget.RecyclerView.<init>
W/dalvikvm( 3124): VFY: unable to resolve virtual method 2033: Landroid/view/View;.setImportantForAutofill (I)V
D/dalvikvm( 3124): VFY: replacing opcode 0x6e at 0x0134
I/dalvikvm( 3124): Could not find method android.view.ViewGroup.saveAttributeDataForStyleable, referenced from method androidx.recyclerview.widget.RecyclerView.<init>
W/dalvikvm( 3124): VFY: unable to resolve virtual method 2250: Landroid/view/ViewGroup;.saveAttributeDataForStyleable (Landroid/content/Context;[ILandroid/util/AttributeSet;Landroid/content/res/TypedArray;II)V
D/dalvikvm( 3124): VFY: replacing opcode 0x74 at 0x016f
I/dalvikvm( 3124): Could not find method android.view.ViewGroup.saveAttributeDataForStyleable, referenced from method androidx.recyclerview.widget.RecyclerView.<init>
W/dalvikvm( 3124): VFY: unable to resolve virtual method 2250: Landroid/view/ViewGroup;.saveAttributeDataForStyleable (Landroid/content/Context;[ILandroid/util/AttributeSet;Landroid/content/res/TypedArray;II)V
D/dalvikvm( 3124): VFY: replacing opcode 0x74 at 0x0369
D/dalvikvm( 3124): GC_FOR_ALLOC freed 426K, 12% free 5132K/5776K, paused 3ms, total 3ms
I/dalvikvm( 3124): Could not find method android.view.accessibility.AccessibilityNodeInfo.setScreenReaderFocusable, referenced from method j.h.j.a$a.onInitializeAccessibilityNodeInfo
W/dalvikvm( 3124): VFY: unable to resolve virtual method 2499: Landroid/view/accessibility/AccessibilityNodeInfo;.setScreenReaderFocusable (Z)V
D/dalvikvm( 3124): VFY: replacing opcode 0x6e at 0x002b
I/dalvikvm( 3124): Could not find method android.view.accessibility.AccessibilityNodeInfo.setHeading, referenced from method j.h.j.a$a.onInitializeAccessibilityNodeInfo
W/dalvikvm( 3124): VFY: unable to resolve virtual method 2491: Landroid/view/accessibility/AccessibilityNodeInfo;.setHeading (Z)V
D/dalvikvm( 3124): VFY: replacing opcode 0x6e at 0x004d
I/dalvikvm( 3124): Could not find method android.view.accessibility.AccessibilityNodeInfo.setPaneTitle, referenced from method j.h.j.a$a.onInitializeAccessibilityNodeInfo
W/dalvikvm( 3124): VFY: unable to resolve virtual method 2495: Landroid/view/accessibility/AccessibilityNodeInfo;.setPaneTitle (Ljava/lang/CharSequence;)V
D/dalvikvm( 3124): VFY: replacing opcode 0x6e at 0x006d
I/dalvikvm( 3124): Could not find method android.widget.AutoCompleteTextView.refreshAutoCompleteResults, referenced from method androidx.appcompat.widget.SearchView.s
W/dalvikvm( 3124): VFY: unable to resolve virtual method 2606: Landroid/widget/AutoCompleteTextView;.refreshAutoCompleteResults ()V
D/dalvikvm( 3124): VFY: replacing opcode 0x6e at 0x0008
I/dalvikvm( 3124): Could not find method android.widget.AutoCompleteTextView.setInputMethodMode, referenced from method androidx.appcompat.widget.SearchView$SearchAutoComplete.a
W/dalvikvm( 3124): VFY: unable to resolve virtual method 2620: Landroid/widget/AutoCompleteTextView;.setInputMethodMode (I)V
D/dalvikvm( 3124): VFY: replacing opcode 0x6e at 0x0007
D/dalvikvm( 3124): DexOpt: couldn't find static field Landroid/graphics/Bitmap$Config;.HARDWARE
W/dalvikvm( 3124): VFY: unable to resolve static field 62 (HARDWARE) in Landroid/graphics/Bitmap$Config;
D/dalvikvm( 3124): VFY: replacing opcode 0x62 at 0x0027
E/dalvikvm( 3124): Could not find class 'android.telephony.SubscriptionManager', referenced from method j.h.c.a$a.<clinit>
W/dalvikvm( 3124): VFY: unable to resolve const-class 302 (Landroid/telephony/SubscriptionManager;) in Lj/h/c/a$a;
D/dalvikvm( 3124): VFY: replacing opcode 0x1c at 0x000d
E/dalvikvm( 3124): Could not find class 'android.app.job.JobScheduler', referenced from method j.h.c.a$a.<clinit>
W/dalvikvm( 3124): VFY: unable to resolve const-class 66 (Landroid/app/job/JobScheduler;) in Lj/h/c/a$a;
D/dalvikvm( 3124): VFY: replacing opcode 0x1c at 0x0034
D/dalvikvm( 3124): DexOpt: couldn't find static field Landroid/graphics/Bitmap$Config;.RGBA_F16
W/dalvikvm( 3124): VFY: unable to resolve static field 63 (RGBA_F16) in Landroid/graphics/Bitmap$Config;
D/dalvikvm( 3124): VFY: replacing opcode 0x62 at 0x001f
D/dalvikvm( 3124): DexOpt: couldn't find static field Landroid/graphics/Bitmap$Config;.RGBA_F16
W/dalvikvm( 3124): VFY: unable to resolve static field 63 (RGBA_F16) in Landroid/graphics/Bitmap$Config;
D/dalvikvm( 3124): VFY: replacing opcode 0x62 at 0x001f
D/dalvikvm( 3124): DexOpt: couldn't find static field Landroid/graphics/Bitmap$Config;.RGBA_F16
W/dalvikvm( 3124): VFY: unable to resolve static field 63 (RGBA_F16) in Landroid/graphics/Bitmap$Config;
D/dalvikvm( 3124): VFY: replacing opcode 0x62 at 0x0028
E/dalvikvm( 3124): Could not find class 'android.graphics.drawable.VectorDrawable', referenced from method k.w.c.d
W/dalvikvm( 3124): VFY: unable to resolve instanceof 209 (Landroid/graphics/drawable/VectorDrawable;) in Lk/w/c;
D/dalvikvm( 3124): VFY: replacing opcode 0x20 at 0x000f
D/dalvikvm( 3124): DexOpt: couldn't find static field Landroid/graphics/Bitmap$Config;.RGBA_F16
W/dalvikvm( 3124): VFY: unable to resolve static field 63 (RGBA_F16) in Landroid/graphics/Bitmap$Config;
D/dalvikvm( 3124): VFY: replacing opcode 0x62 at 0x000f
D/dalvikvm( 3124): DexOpt: couldn't find field Landroid/graphics/BitmapFactory$Options;.outConfig
W/dalvikvm( 3124): VFY: unable to resolve instance field 75
D/dalvikvm( 3124): VFY: replacing opcode 0x54 at 0x00cb
D/dalvikvm( 3124): DexOpt: couldn't find field Landroid/graphics/BitmapFactory$Options;.inPreferredColorSpace
W/dalvikvm( 3124): VFY: unable to resolve instance field 69
D/dalvikvm( 3124): VFY: replacing opcode 0x5b at 0x00df
I/dalvikvm( 3124): Could not find method android.view.ViewGroup.isTransitionGroup, referenced from method j.m.b.k0.f
W/dalvikvm( 3124): VFY: unable to resolve virtual method 2200: Landroid/view/ViewGroup;.isTransitionGroup ()Z
D/dalvikvm( 3124): VFY: replacing opcode 0x6e at 0x0013
D/dalvikvm( 3124): GC_FOR_ALLOC freed 328K, 9% free 5520K/6036K, paused 4ms, total 4ms
D/        ( 3124): HostConnection::get() New Host Connection established 0xb89efc10, tid 3124
D/EGL_emulation( 3124): eglCreateContext: 0xb89efb90: maj 3 min 0 rcv 3
W/ActivityManager( 1569): No permission grants found for app.seeneva.reader
D/dalvikvm( 3124): DexOpt: couldn't find static field Landroid/graphics/Bitmap$Config;.RGBA_F16
W/dalvikvm( 3124): VFY: unable to resolve static field 63 (RGBA_F16) in Landroid/graphics/Bitmap$Config;
D/dalvikvm( 3124): VFY: replacing opcode 0x62 at 0x0048
D/dalvikvm( 3124): DexOpt: couldn't find static field Landroid/graphics/Bitmap$Config;.HARDWARE
W/dalvikvm( 3124): VFY: unable to resolve static field 62 (HARDWARE) in Landroid/graphics/Bitmap$Config;
D/dalvikvm( 3124): VFY: replacing opcode 0x62 at 0x000b
I/WM-WorkerWrapper( 3124): Worker result SUCCESS for Work [ id=d9fc9118-8c39-4b9b-92aa-ee55c731ff46, tags={ app.seeneva.reader.work.worker.SyncWorker } ]
D/EGL_emulation( 3124): eglMakeCurrent: 0xb89efb90: ver 3 0
E/eglCodecCommon( 3124): glUtilsParamSize: unknow param 0x00008cdf
E/eglCodecCommon( 3124): glUtilsParamSize: unknow param 0x00008824
E/EGL_emulation( 3124): tid 3124: eglSurfaceAttrib(1199): error 0x3009 (EGL_BAD_MATCH)
W/HardwareRenderer( 3124): Backbuffer cannot be preserved
D/OpenGLRenderer( 3124): Enabling debug mode 0
E/dalvikvm( 3124): Could not find class 'android.view.accessibility.AccessibilityNodeInfo$AccessibilityAction', referenced from method j.h.j.b0.b$a.<clinit>
W/dalvikvm( 3124): VFY: unable to resolve new-instance 438 (Landroid/view/accessibility/AccessibilityNodeInfo$AccessibilityAction;) in Lj/h/j/b0/b$a;
D/dalvikvm( 3124): VFY: replacing opcode 0x22 at 0x0007
E/dalvikvm( 3124): Could not find class 'android.view.accessibility.AccessibilityNodeInfo$AccessibilityAction', referenced from method j.h.j.b0.b$a.<clinit>
W/dalvikvm( 3124): VFY: unable to resolve new-instance 438 (Landroid/view/accessibility/AccessibilityNodeInfo$AccessibilityAction;) in Lj/h/j/b0/b$a;
D/dalvikvm( 3124): VFY: replacing opcode 0x22 at 0x0012
E/dalvikvm( 3124): Could not find class 'android.view.accessibility.AccessibilityNodeInfo$AccessibilityAction', referenced from method j.h.j.b0.b$a.<clinit>
W/dalvikvm( 3124): VFY: unable to resolve new-instance 438 (Landroid/view/accessibility/AccessibilityNodeInfo$AccessibilityAction;) in Lj/h/j/b0/b$a;
D/dalvikvm( 3124): VFY: replacing opcode 0x22 at 0x001c
E/dalvikvm( 3124): Could not find class 'android.view.accessibility.AccessibilityNodeInfo$AccessibilityAction', referenced from method j.h.j.b0.b$a.<clinit>
W/dalvikvm( 3124): VFY: unable to resolve new-instance 438 (Landroid/view/accessibility/AccessibilityNodeInfo$AccessibilityAction;) in Lj/h/j/b0/b$a;
D/dalvikvm( 3124): VFY: replacing opcode 0x22 at 0x0027
E/dalvikvm( 3124): Could not find class 'android.view.accessibility.AccessibilityNodeInfo$AccessibilityAction', referenced from method j.h.j.b0.b$a.<clinit>
W/dalvikvm( 3124): VFY: unable to resolve new-instance 438 (Landroid/view/accessibility/AccessibilityNodeInfo$AccessibilityAction;) in Lj/h/j/b0/b$a;
D/dalvikvm( 3124): VFY: replacing opcode 0x22 at 0x003b
E/dalvikvm( 3124): Could not find class 'android.view.accessibility.AccessibilityNodeInfo$AccessibilityAction', referenced from method j.h.j.b0.b$a.<clinit>
W/dalvikvm( 3124): VFY: unable to resolve new-instance 438 (Landroid/view/accessibility/AccessibilityNodeInfo$AccessibilityAction;) in Lj/h/j/b0/b$a;
D/dalvikvm( 3124): VFY: replacing opcode 0x22 at 0x0046
E/dalvikvm( 3124): Could not find class 'android.view.accessibility.AccessibilityNodeInfo$AccessibilityAction', referenced from method j.h.j.b0.b$a.<clinit>
W/dalvikvm( 3124): VFY: unable to resolve new-instance 438 (Landroid/view/accessibility/AccessibilityNodeInfo$AccessibilityAction;) in Lj/h/j/b0/b$a;
D/dalvikvm( 3124): VFY: replacing opcode 0x22 at 0x0051
E/dalvikvm( 3124): Could not find class 'android.view.accessibility.AccessibilityNodeInfo$AccessibilityAction', referenced from method j.h.j.b0.b$a.<clinit>
W/dalvikvm( 3124): VFY: unable to resolve new-instance 438 (Landroid/view/accessibility/AccessibilityNodeInfo$AccessibilityAction;) in Lj/h/j/b0/b$a;
D/dalvikvm( 3124): VFY: replacing opcode 0x22 at 0x005c
E/dalvikvm( 3124): Could not find class 'android.view.accessibility.AccessibilityNodeInfo$AccessibilityAction', referenced from method j.h.j.b0.b$a.<clinit>
W/dalvikvm( 3124): VFY: unable to resolve new-instance 438 (Landroid/view/accessibility/AccessibilityNodeInfo$AccessibilityAction;) in Lj/h/j/b0/b$a;
D/dalvikvm( 3124): VFY: replacing opcode 0x22 at 0x0067
E/dalvikvm( 3124): Could not find class 'android.view.accessibility.AccessibilityNodeInfo$AccessibilityAction', referenced from method j.h.j.b0.b$a.<clinit>
W/dalvikvm( 3124): VFY: unable to resolve new-instance 438 (Landroid/view/accessibility/AccessibilityNodeInfo$AccessibilityAction;) in Lj/h/j/b0/b$a;
D/dalvikvm( 3124): VFY: replacing opcode 0x22 at 0x0072
E/dalvikvm( 3124): Could not find class 'android.view.accessibility.AccessibilityNodeInfo$AccessibilityAction', referenced from method j.h.j.b0.b$a.<clinit>
W/dalvikvm( 3124): VFY: unable to resolve new-instance 438 (Landroid/view/accessibility/AccessibilityNodeInfo$AccessibilityAction;) in Lj/h/j/b0/b$a;
D/dalvikvm( 3124): VFY: replacing opcode 0x22 at 0x007d
E/dalvikvm( 3124): Could not find class 'android.view.accessibility.AccessibilityNodeInfo$AccessibilityAction', referenced from method j.h.j.b0.b$a.<clinit>
W/dalvikvm( 3124): VFY: unable to resolve new-instance 438 (Landroid/view/accessibility/AccessibilityNodeInfo$AccessibilityAction;) in Lj/h/j/b0/b$a;
D/dalvikvm( 3124): VFY: replacing opcode 0x22 at 0x009a
E/dalvikvm( 3124): Could not find class 'android.view.accessibility.AccessibilityNodeInfo$AccessibilityAction', referenced from method j.h.j.b0.b$a.<clinit>
W/dalvikvm( 3124): VFY: unable to resolve new-instance 438 (Landroid/view/accessibility/AccessibilityNodeInfo$AccessibilityAction;) in Lj/h/j/b0/b$a;
D/dalvikvm( 3124): VFY: replacing opcode 0x22 at 0x00a6
E/dalvikvm( 3124): Could not find class 'android.view.accessibility.AccessibilityNodeInfo$AccessibilityAction', referenced from method j.h.j.b0.b$a.<clinit>
W/dalvikvm( 3124): VFY: unable to resolve new-instance 438 (Landroid/view/accessibility/AccessibilityNodeInfo$AccessibilityAction;) in Lj/h/j/b0/b$a;
D/dalvikvm( 3124): VFY: replacing opcode 0x22 at 0x00b1
E/dalvikvm( 3124): Could not find class 'android.view.accessibility.AccessibilityNodeInfo$AccessibilityAction', referenced from method j.h.j.b0.b$a.<clinit>
W/dalvikvm( 3124): VFY: unable to resolve new-instance 438 (Landroid/view/accessibility/AccessibilityNodeInfo$AccessibilityAction;) in Lj/h/j/b0/b$a;
D/dalvikvm( 3124): VFY: replacing opcode 0x22 at 0x00bc
E/dalvikvm( 3124): Could not find class 'android.view.accessibility.AccessibilityNodeInfo$AccessibilityAction', referenced from method j.h.j.b0.b$a.<clinit>
W/dalvikvm( 3124): VFY: unable to resolve new-instance 438 (Landroid/view/accessibility/AccessibilityNodeInfo$AccessibilityAction;) in Lj/h/j/b0/b$a;
D/dalvikvm( 3124): VFY: replacing opcode 0x22 at 0x00e2
W/dalvikvm( 3124): VFY: unable to resolve static field 229 (ACTION_SHOW_ON_SCREEN) in Landroid/view/accessibility/AccessibilityNodeInfo$AccessibilityAction;
D/dalvikvm( 3124): VFY: replacing opcode 0x62 at 0x00ed
E/dalvikvm( 3124): Could not find class 'android.view.accessibility.AccessibilityNodeInfo$AccessibilityAction', referenced from method j.h.j.b0.b$a.<clinit>
W/dalvikvm( 3124): VFY: unable to resolve new-instance 438 (Landroid/view/accessibility/AccessibilityNodeInfo$AccessibilityAction;) in Lj/h/j/b0/b$a;
D/dalvikvm( 3124): VFY: replacing opcode 0x22 at 0x00fa
W/dalvikvm( 3124): VFY: unable to resolve static field 226 (ACTION_SCROLL_TO_POSITION) in Landroid/view/accessibility/AccessibilityNodeInfo$AccessibilityAction;
D/dalvikvm( 3124): VFY: replacing opcode 0x62 at 0x0101
E/dalvikvm( 3124): Could not find class 'android.view.accessibility.AccessibilityNodeInfo$AccessibilityAction', referenced from method j.h.j.b0.b$a.<clinit>
W/dalvikvm( 3124): VFY: unable to resolve new-instance 438 (Landroid/view/accessibility/AccessibilityNodeInfo$AccessibilityAction;) in Lj/h/j/b0/b$a;
D/dalvikvm( 3124): VFY: replacing opcode 0x22 at 0x010e
W/dalvikvm( 3124): VFY: unable to resolve static field 227 (ACTION_SCROLL_UP) in Landroid/view/accessibility/AccessibilityNodeInfo$AccessibilityAction;
D/dalvikvm( 3124): VFY: replacing opcode 0x62 at 0x0117
W/dalvikvm( 3124): VFY: unable to resolve static field 224 (ACTION_SCROLL_LEFT) in Landroid/view/accessibility/AccessibilityNodeInfo$AccessibilityAction;
D/dalvikvm( 3124): VFY: replacing opcode 0x62 at 0x012a
E/dalvikvm( 3124): Could not find class 'android.view.accessibility.AccessibilityNodeInfo$AccessibilityAction', referenced from method j.h.j.b0.b$a.<clinit>
W/dalvikvm( 3124): VFY: unable to resolve new-instance 438 (Landroid/view/accessibility/AccessibilityNodeInfo$AccessibilityAction;) in Lj/h/j/b0/b$a;
D/dalvikvm( 3124): VFY: replacing opcode 0x22 at 0x0137
W/dalvikvm( 3124): VFY: unable to resolve static field 223 (ACTION_SCROLL_DOWN) in Landroid/view/accessibility/AccessibilityNodeInfo$AccessibilityAction;
D/dalvikvm( 3124): VFY: replacing opcode 0x62 at 0x0140
W/dalvikvm( 3124): VFY: unable to resolve static field 225 (ACTION_SCROLL_RIGHT) in Landroid/view/accessibility/AccessibilityNodeInfo$AccessibilityAction;
D/dalvikvm( 3124): VFY: replacing opcode 0x62 at 0x0153
E/dalvikvm( 3124): Could not find class 'android.view.accessibility.AccessibilityNodeInfo$AccessibilityAction', referenced from method j.h.j.b0.b$a.<clinit>
W/dalvikvm( 3124): VFY: unable to resolve new-instance 438 (Landroid/view/accessibility/AccessibilityNodeInfo$AccessibilityAction;) in Lj/h/j/b0/b$a;
D/dalvikvm( 3124): VFY: replacing opcode 0x22 at 0x0160
W/dalvikvm( 3124): VFY: unable to resolve static field 222 (ACTION_PAGE_UP) in Landroid/view/accessibility/AccessibilityNodeInfo$AccessibilityAction;
D/dalvikvm( 3124): VFY: replacing opcode 0x62 at 0x0169
E/dalvikvm( 3124): Could not find class 'android.view.accessibility.AccessibilityNodeInfo$AccessibilityAction', referenced from method j.h.j.b0.b$a.<clinit>
W/dalvikvm( 3124): VFY: unable to resolve new-instance 438 (Landroid/view/accessibility/AccessibilityNodeInfo$AccessibilityAction;) in Lj/h/j/b0/b$a;
D/dalvikvm( 3124): VFY: replacing opcode 0x22 at 0x0176
W/dalvikvm( 3124): VFY: unable to resolve static field 219 (ACTION_PAGE_DOWN) in Landroid/view/accessibility/AccessibilityNodeInfo$AccessibilityAction;
D/dalvikvm( 3124): VFY: replacing opcode 0x62 at 0x017d
E/dalvikvm( 3124): Could not find class 'android.view.accessibility.AccessibilityNodeInfo$AccessibilityAction', referenced from method j.h.j.b0.b$a.<clinit>
W/dalvikvm( 3124): VFY: unable to resolve new-instance 438 (Landroid/view/accessibility/AccessibilityNodeInfo$AccessibilityAction;) in Lj/h/j/b0/b$a;
D/dalvikvm( 3124): VFY: replacing opcode 0x22 at 0x018a
W/dalvikvm( 3124): VFY: unable to resolve static field 220 (ACTION_PAGE_LEFT) in Landroid/view/accessibility/AccessibilityNodeInfo$AccessibilityAction;
D/dalvikvm( 3124): VFY: replacing opcode 0x62 at 0x0191
E/dalvikvm( 3124): Could not find class 'android.view.accessibility.AccessibilityNodeInfo$AccessibilityAction', referenced from method j.h.j.b0.b$a.<clinit>
W/dalvikvm( 3124): VFY: unable to resolve new-instance 438 (Landroid/view/accessibility/AccessibilityNodeInfo$AccessibilityAction;) in Lj/h/j/b0/b$a;
D/dalvikvm( 3124): VFY: replacing opcode 0x22 at 0x019e
W/dalvikvm( 3124): VFY: unable to resolve static field 221 (ACTION_PAGE_RIGHT) in Landroid/view/accessibility/AccessibilityNodeInfo$AccessibilityAction;
D/dalvikvm( 3124): VFY: replacing opcode 0x62 at 0x01a5
E/dalvikvm( 3124): Could not find class 'android.view.accessibility.AccessibilityNodeInfo$AccessibilityAction', referenced from method j.h.j.b0.b$a.<clinit>
W/dalvikvm( 3124): VFY: unable to resolve new-instance 438 (Landroid/view/accessibility/AccessibilityNodeInfo$AccessibilityAction;) in Lj/h/j/b0/b$a;
D/dalvikvm( 3124): VFY: replacing opcode 0x22 at 0x01b2
W/dalvikvm( 3124): VFY: unable to resolve static field 216 (ACTION_CONTEXT_CLICK) in Landroid/view/accessibility/AccessibilityNodeInfo$AccessibilityAction;
D/dalvikvm( 3124): VFY: replacing opcode 0x62 at 0x01b9
E/dalvikvm( 3124): Could not find class 'android.view.accessibility.AccessibilityNodeInfo$AccessibilityAction', referenced from method j.h.j.b0.b$a.<clinit>
W/dalvikvm( 3124): VFY: unable to resolve new-instance 438 (Landroid/view/accessibility/AccessibilityNodeInfo$AccessibilityAction;) in Lj/h/j/b0/b$a;
D/dalvikvm( 3124): VFY: replacing opcode 0x22 at 0x01c6
W/dalvikvm( 3124): VFY: unable to resolve static field 228 (ACTION_SET_PROGRESS) in Landroid/view/accessibility/AccessibilityNodeInfo$AccessibilityAction;
D/dalvikvm( 3124): VFY: replacing opcode 0x62 at 0x01d1
W/dalvikvm( 3124): VFY: unable to resolve static field 218 (ACTION_MOVE_WINDOW) in Landroid/view/accessibility/AccessibilityNodeInfo$AccessibilityAction;
D/dalvikvm( 3124): VFY: replacing opcode 0x62 at 0x01e7
E/dalvikvm( 3124): Could not find class 'android.view.accessibility.AccessibilityNodeInfo$AccessibilityAction', referenced from method j.h.j.b0.b$a.<clinit>
W/dalvikvm( 3124): VFY: unable to resolve new-instance 438 (Landroid/view/accessibility/AccessibilityNodeInfo$AccessibilityAction;) in Lj/h/j/b0/b$a;
D/dalvikvm( 3124): VFY: replacing opcode 0x22 at 0x01f4
W/dalvikvm( 3124): VFY: unable to resolve static field 230 (ACTION_SHOW_TOOLTIP) in Landroid/view/accessibility/AccessibilityNodeInfo$AccessibilityAction;
D/dalvikvm( 3124): VFY: replacing opcode 0x62 at 0x01fd
E/dalvikvm( 3124): Could not find class 'android.view.accessibility.AccessibilityNodeInfo$AccessibilityAction', referenced from method j.h.j.b0.b$a.<clinit>
W/dalvikvm( 3124): VFY: unable to resolve new-instance 438 (Landroid/view/accessibility/AccessibilityNodeInfo$AccessibilityAction;) in Lj/h/j/b0/b$a;
D/dalvikvm( 3124): VFY: replacing opcode 0x22 at 0x020a
W/dalvikvm( 3124): VFY: unable to resolve static field 217 (ACTION_HIDE_TOOLTIP) in Landroid/view/accessibility/AccessibilityNodeInfo$AccessibilityAction;
D/dalvikvm( 3124): VFY: replacing opcode 0x62 at 0x0211
E/dalvikvm( 3124): Could not find class 'android.view.accessibility.AccessibilityNodeInfo$AccessibilityAction', referenced from method j.h.j.b0.b$a.<clinit>
W/dalvikvm( 3124): VFY: unable to resolve new-instance 438 (Landroid/view/accessibility/AccessibilityNodeInfo$AccessibilityAction;) in Lj/h/j/b0/b$a;
D/dalvikvm( 3124): VFY: replacing opcode 0x22 at 0x021e
E/dalvikvm( 3124): Could not find class 'android.view.accessibility.AccessibilityNodeInfo$AccessibilityAction', referenced from method j.h.j.b0.b$a.<init>
W/dalvikvm( 3124): VFY: unable to resolve new-instance 438 (Landroid/view/accessibility/AccessibilityNodeInfo$AccessibilityAction;) in Lj/h/j/b0/b$a;
D/dalvikvm( 3124): VFY: replacing opcode 0x22 at 0x000f
E/dalvikvm( 3124): Could not find class 'android.view.accessibility.AccessibilityNodeInfo$AccessibilityAction', referenced from method j.h.j.b0.b$a.a
W/dalvikvm( 3124): VFY: unable to resolve check-cast 438 (Landroid/view/accessibility/AccessibilityNodeInfo$AccessibilityAction;) in Lj/h/j/b0/b$a;
D/dalvikvm( 3124): VFY: replacing opcode 0x1f at 0x0008
D/dalvikvm( 3124): DexOpt: unable to opt direct call 0x0983 at 0x0a in Lj/h/j/b0/b$a;.<clinit>
D/dalvikvm( 3124): DexOpt: unable to opt direct call 0x0983 at 0x14 in Lj/h/j/b0/b$a;.<clinit>
D/dalvikvm( 3124): DexOpt: unable to opt direct call 0x0983 at 0x1e in Lj/h/j/b0/b$a;.<clinit>
D/dalvikvm( 3124): DexOpt: unable to opt direct call 0x0983 at 0x29 in Lj/h/j/b0/b$a;.<clinit>
D/dalvikvm( 3124): DexOpt: unable to opt direct call 0x0983 at 0x3d in Lj/h/j/b0/b$a;.<clinit>
D/dalvikvm( 3124): DexOpt: unable to opt direct call 0x0983 at 0x48 in Lj/h/j/b0/b$a;.<clinit>
D/dalvikvm( 3124): DexOpt: unable to opt direct call 0x0983 at 0x53 in Lj/h/j/b0/b$a;.<clinit>
D/dalvikvm( 3124): DexOpt: unable to opt direct call 0x0983 at 0x5e in Lj/h/j/b0/b$a;.<clinit>
D/dalvikvm( 3124): DexOpt: unable to opt direct call 0x0983 at 0x69 in Lj/h/j/b0/b$a;.<clinit>
D/dalvikvm( 3124): DexOpt: unable to opt direct call 0x0983 at 0x74 in Lj/h/j/b0/b$a;.<clinit>
D/dalvikvm( 3124): DexOpt: unable to opt direct call 0x0983 at 0x7f in Lj/h/j/b0/b$a;.<clinit>
D/dalvikvm( 3124): DexOpt: unable to opt direct call 0x0983 at 0x9c in Lj/h/j/b0/b$a;.<clinit>
D/dalvikvm( 3124): DexOpt: unable to opt direct call 0x0983 at 0xa8 in Lj/h/j/b0/b$a;.<clinit>
D/dalvikvm( 3124): DexOpt: unable to opt direct call 0x0983 at 0xb3 in Lj/h/j/b0/b$a;.<clinit>
D/dalvikvm( 3124): DexOpt: unable to opt direct call 0x0983 at 0xbe in Lj/h/j/b0/b$a;.<clinit>
D/dalvikvm( 3124): DexOpt: unable to opt direct call 0x0983 at 0xe4 in Lj/h/j/b0/b$a;.<clinit>
D/dalvikvm( 3124): DexOpt: unable to opt direct call 0x0983 at 0xfc in Lj/h/j/b0/b$a;.<clinit>
D/dalvikvm( 3124): GC_FOR_ALLOC freed 804K, 16% free 5561K/6552K, paused 4ms, total 4ms
D/dalvikvm( 3124): DexOpt: unable to opt direct call 0x0983 at 0x110 in Lj/h/j/b0/b$a;.<clinit>
D/dalvikvm( 3124): DexOpt: unable to opt direct call 0x0983 at 0x139 in Lj/h/j/b0/b$a;.<clinit>
D/dalvikvm( 3124): DexOpt: unable to opt direct call 0x0983 at 0x162 in Lj/h/j/b0/b$a;.<clinit>
D/dalvikvm( 3124): DexOpt: unable to opt direct call 0x0983 at 0x178 in Lj/h/j/b0/b$a;.<clinit>
D/dalvikvm( 3124): DexOpt: unable to opt direct call 0x0983 at 0x18c in Lj/h/j/b0/b$a;.<clinit>
D/dalvikvm( 3124): DexOpt: unable to opt direct call 0x0983 at 0x1a0 in Lj/h/j/b0/b$a;.<clinit>
D/dalvikvm( 3124): DexOpt: unable to opt direct call 0x0983 at 0x1b4 in Lj/h/j/b0/b$a;.<clinit>
D/dalvikvm( 3124): DexOpt: unable to opt direct call 0x0983 at 0x1c8 in Lj/h/j/b0/b$a;.<clinit>
D/dalvikvm( 3124): DexOpt: unable to opt direct call 0x0983 at 0x1f6 in Lj/h/j/b0/b$a;.<clinit>
D/dalvikvm( 3124): DexOpt: unable to opt direct call 0x0983 at 0x20c in Lj/h/j/b0/b$a;.<clinit>
D/dalvikvm( 3124): DexOpt: unable to opt direct call 0x0983 at 0x220 in Lj/h/j/b0/b$a;.<clinit>
D/dalvikvm( 3124): DexOpt: unable to opt direct call 0x0983 at 0x11 in Lj/h/j/b0/b$a;.<init>
I/ActivityManager( 1569): Displayed app.seeneva.reader/.screen.MainActivity: +731ms
I/dalvikvm( 3124): Could not find method android.view.View.setTranslationZ, referenced from method androidx.constraintlayout.widget.ConstraintLayout.i
W/dalvikvm( 3124): VFY: unable to resolve virtual method 2070: Landroid/view/View;.setTranslationZ (F)V
D/dalvikvm( 3124): VFY: replacing opcode 0x6e at 0x03c2
D/dalvikvm( 3124): GC_FOR_ALLOC freed 385K, 13% free 5760K/6552K, paused 4ms, total 4ms
I/dalvikvm-heap( 3124): Grow heap (frag case) to 6.666MB for 902512-byte allocation
D/dalvikvm( 3124): GC_FOR_ALLOC freed 13K, 11% free 6629K/7436K, paused 9ms, total 9ms
E/dalvikvm( 3124): Could not find class 'android.support.v4.app.FragmentActivity', referenced from method a.a.a.ag.c
W/dalvikvm( 3124): VFY: unable to resolve check-cast 122 (Landroid/support/v4/app/FragmentActivity;) in La/a/a/ag;
D/dalvikvm( 3124): VFY: replacing opcode 0x1f at 0x0008
I/dalvikvm( 3124): Could not find method android.support.v4.app.FragmentActivity.getSupportFragmentManager, referenced from method a.a.a.ag.c
W/dalvikvm( 3124): VFY: unable to resolve virtual method 750: Landroid/support/v4/app/FragmentActivity;.getSupportFragmentManager ()Landroid/support/v4/app/FragmentManager;
D/dalvikvm( 3124): VFY: replacing opcode 0x6e at 0x000e
I/dalvikvm( 3124): Could not find method android.support.v4.app.FragmentActivity.getSupportFragmentManager, referenced from method a.a.a.ag.c
W/dalvikvm( 3124): VFY: unable to resolve virtual method 750: Landroid/support/v4/app/FragmentActivity;.getSupportFragmentManager ()Landroid/support/v4/app/FragmentManager;
D/dalvikvm( 3124): VFY: replacing opcode 0x6e at 0x001a
W/dalvikvm( 3124): VFY: unable to find class referenced in signature (Landroid/support/v4/app/Fragment;)
W/dalvikvm( 3124): VFY: unable to find class referenced in signature (Landroid/support/v4/app/Fragment;)
D/EGL_emulation( 1948): eglMakeCurrent: 0xb894d010: ver 3 0
D/EGL_emulation( 1948): eglMakeCurrent: 0xb894d010: ver 3 0
I/NetworkScheduler.Stats( 1776): Task com.google.android.gms/com.google.android.gms.checkin.CheckinService started execution. cause:4 exec_start_elapsed_seconds: 64 [CONTEXT service_id=218 ]
I/NetworkScheduler.Stats( 1776): Task com.google.android.gms/com.google.android.gms.checkin.CheckinService finished executing. cause:4 result: 3 elapsed_millis: 20 uptime_millis: 20 exec_start_elapsed_seconds: 64 [CONTEXT service_id=218 ]
I/AndroidRipper( 3124): [RipperTestCase] Ready to operate after restarting...
D/ConnectivityService( 1569): Sampling interval elapsed, updating statistics ..
D/ConnectivityService( 1569): Done.
D/ConnectivityService( 1569): Setting timer for 720seconds
D/dalvikvm( 1776): GC_FOR_ALLOC freed 1737K, 19% free 10397K/12720K, paused 10ms, total 10ms
I/Vision  ( 2076): Requesting optional module download of ocr.
I/Vision  ( 2076): Checking for download completion for 80205 -- ocr
I/ActivityManager( 1569): Killing 2018:com.android.email/u0a26 (adj 15): empty #17
W/Launcher.Model( 2213): Nobody to tell about the new app.  Launcher is probably loading.
I/InputReader( 1569): Reconfiguring input devices.  changes=0x00000010
I/Launcher( 1948): Deferring update until onResume
I/Launcher( 1948): Deferring update until onResume
I/PackageManager( 1569):   Action: "android.intent.action.SENDTO"
I/PackageManager( 1569):   Category: "android.intent.category.DEFAULT"
I/PackageManager( 1569):   Scheme: "sms"
I/PackageManager( 1569): Adding preferred activity ComponentInfo{com.android.mms/com.android.mms.ui.ComposeMessageActivity} for user 0 :
D/dalvikvm( 1795): GC_FOR_ALLOC freed 401K, 18% free 3632K/4380K, paused 2ms, total 2ms
I/PackageManager( 1569):   Action: "android.intent.action.SENDTO"
I/PackageManager( 1569):   Category: "android.intent.category.DEFAULT"
I/PackageManager( 1569):   Scheme: "smsto"
I/PackageManager( 1569): Adding preferred activity ComponentInfo{com.android.mms/com.android.mms.ui.ComposeMessageActivity} for user 0 :
I/PackageManager( 1569):   Action: "android.intent.action.SENDTO"
I/PackageManager( 1569):   Category: "android.intent.category.DEFAULT"
I/PackageManager( 1569):   Scheme: "mms"
I/PackageManager( 1569): Adding preferred activity ComponentInfo{com.android.mms/com.android.mms.ui.ComposeMessageActivity} for user 0 :
I/PackageManager( 1569):   Action: "android.intent.action.SENDTO"
I/PackageManager( 1569):   Category: "android.intent.category.DEFAULT"
I/PackageManager( 1569):   Scheme: "mmsto"
W/Launcher( 2213): setApplicationContext called twice! old=com.google.android.velvet.VelvetApplication@9cff5a30 new=com.google.android.velvet.VelvetApplication@9cff5a30
I/Icing.InternalIcingCorporaProvider( 2168): Updating corpora: A: app.seeneva.reader, C: MAYBE
I/PackageManager( 1569): Adding preferred activity ComponentInfo{com.android.mms/com.android.mms.ui.ComposeMessageActivity} for user 0 :
I/Icing   ( 2076): IndexChimeraService.getServiceInterface callingPackage=com.google.android.gms componentName=AppsCorpus serviceId=36
I/PackageManager( 1569):   Action: "android.intent.action.SENDTO"
I/PackageManager( 1569):   Category: "android.intent.category.DEFAULT"
I/PackageManager( 1569):   Scheme: "sms"
I/PackageManager( 1569): Adding preferred activity ComponentInfo{com.android.mms/com.android.mms.ui.ComposeMessageActivity} for user 0 :
I/Fitness ( 1776): OnPackageChangedOperation got intent: Intent { act=android.intent.action.PACKAGE_CHANGED dat=package:app.seeneva.reader flg=0x4000010 cmp=com.google.android.gms/.chimera.PersistentIntentOperationService (has extras) } [CONTEXT service_id=17 ]
D/dalvikvm( 1795): GC_FOR_ALLOC freed 381K, 17% free 3670K/4380K, paused 2ms, total 2ms
I/PackageManager( 1569):   Action: "android.intent.action.SENDTO"
I/PackageManager( 1569):   Category: "android.intent.category.DEFAULT"
I/PackageManager( 1569):   Scheme: "smsto"
I/PackageManager( 1569): Adding preferred activity ComponentInfo{com.android.mms/com.android.mms.ui.ComposeMessageActivity} for user 0 :
I/Fitness ( 1776): FitCleanupIntentOperation received Intent android.intent.action.PACKAGE_CHANGED [CONTEXT service_id=17 ]
I/PackageManager( 1569):   Action: "android.intent.action.SENDTO"
I/PackageManager( 1569):   Category: "android.intent.category.DEFAULT"
I/PackageManager( 1569):   Scheme: "mms"
W/ContextImpl( 2168): Implicit intents with startService are not safe: Intent { act=com.google.android.gms.icing.INDEX_SERVICE } android.content.ContextWrapper.bindService:517 com.google.android.gms.internal.av.a:-1 com.google.android.gms.internal.au.connect:-1 
I/PackageManager( 1569): Adding preferred activity ComponentInfo{com.android.mms/com.android.mms.ui.ComposeMessageActivity} for user 0 :
I/PackageManager( 1569):   Action: "android.intent.action.SENDTO"
I/PackageManager( 1569):   Category: "android.intent.category.DEFAULT"
I/PackageManager( 1569):   Scheme: "mmsto"
I/PackageManager( 1569): Adding preferred activity ComponentInfo{com.android.mms/com.android.mms.ui.ComposeMessageActivity} for user 0 :
D/dalvikvm( 1569): GC_FOR_ALLOC freed 1406K, 44% free 9248K/16376K, paused 11ms, total 11ms
W/Icing   ( 2076): No valid account for uploading user actions
I/Icing   ( 2076): Usage reports ok 0, Failed Usage reports 0, indexed 0, rejected 0
D/dalvikvm( 2076): GC_FOR_ALLOC freed 2260K, 14% free 20997K/24252K, paused 21ms, total 21ms
I/Icing   ( 2076): Indexing com.google.android.gms-apps from com.google.android.gms
I/Icing   ( 2076): IndexChimeraService.getServiceInterface callingPackage=com.google.android.googlequicksearchbox componentName=null serviceId=21
W/Icing   ( 2076): No valid account for uploading user actions
I/Icing   ( 2076): Usage reports ok 0, Failed Usage reports 0, indexed 0, rejected 0
I/Icing   ( 2076): Indexing done com.google.android.gms-apps
I/Icing   ( 2076): Indexing com.google.android.googlequicksearchbox-applications from com.google.android.googlequicksearchbox
I/Icing   ( 2076): Indexing com.google.android.gms-internal.3p:MobileApplication from com.google.android.gms
I/Icing   ( 2076): Indexing done com.google.android.googlequicksearchbox-applications
I/Icing   ( 2076): Indexing done com.google.android.gms-internal.3p:MobileApplication
I/MediaFocusControl( 1569):  AudioFocus  abandonAudioFocus() from android.media.AudioManager@9d000038com.android.music.MediaPlaybackService$3@9cffef38
W/MediaFocusControl( 1569):   RemoteControlClient died
I/ActivityManager( 1569): Killing 2140:com.android.music/u0a36 (adj 15): empty #17
I/Vision  ( 2076): Requesting optional module download of ocr.
I/Vision  ( 2076): Checking for download completion for 90214 -- ocr
V/        ( 3033): ready
V/RipperService( 3033): PING
V/AndroidRipperService( 3033): mHandler.handleMessage() RECIVED
V/AndroidRipperService( 3033): broadcast()
I/AndroidRipper( 3124): Recived message: PING
V/AndroidRipperService( 3033): send()
V/AndroidRipperService( 3033): broadcast() done
V/        ( 3033): ready
V/RipperService( 3033): PING
V/AndroidRipperService( 3033): mHandler.handleMessage() RECIVED
V/AndroidRipperService( 3033): broadcast()
V/AndroidRipperService( 3033): broadcast() done
V/        ( 3033): ready
I/AndroidRipper( 3124): Recived message: PING
V/AndroidRipperService( 3033): send()
V/RipperService( 3033): DSC
V/AndroidRipperService( 3033): mHandler.handleMessage() RECIVED
V/AndroidRipperService( 3033): broadcast()
I/AndroidRipper( 3124): Recived message: DSC
V/AndroidRipperService( 3033): broadcast() done
V/        ( 3033): ready
D/dalvikvm( 3033): GC_FOR_ALLOC freed 435K, 17% free 3056K/3680K, paused 2ms, total 2ms
I/AndroidRipper( 3124): [b] Found widget: id=-1 (android.widget.LinearLayout{9d0aa980 V.E..... ........ 0,0-1080,1794})
I/AndroidRipper( 3124): [b] Found widget: id=16909070 (android.view.ViewStub{9d099cb8 G.E..... ......I. 0,0-0,0 #102030e})
I/AndroidRipper( 3124): [b] Found widget: id=-1 (android.widget.FrameLayout{9d01af78 V.E..... ........ 0,66-1080,1794})
I/AndroidRipper( 3124): [b] Found widget: id=2131230776 (androidx.appcompat.widget.FitWindowsFrameLayout{9d01d8f8 V.E..... ........ 0,0-1080,1728 #7f080038 app:id/action_bar_root})
I/AndroidRipper( 3124): [b] Found widget: id=16908290 (androidx.appcompat.widget.ContentFrameLayout{9d01dfc0 V.ED.... ........ 0,0-1080,1728 #1020002 android:id/content})
I/AndroidRipper( 3124): [b] Found widget: id=-1 (androidx.appcompat.widget.LinearLayoutCompat{9d0b51d0 V.E..... ........ 0,0-1080,1728})
I/AndroidRipper( 3124): [b] Found widget: id=-1 (androidx.coordinatorlayout.widget.CoordinatorLayout{9d0b99c8 V.E..... ........ 0,0-1080,1581})
I/AndroidRipper( 3124): [b] Found widget: id=2131230842 (androidx.fragment.app.FragmentContainerView{9d0c3038 V.E..... ........ 0,147-1080,1728 #7f08007a app:id/container})
I/AndroidRipper( 3124): [b] Found widget: id=-1 (android.widget.FrameLayout{9d2688f8 V.E..... ........ 0,0-1080,1581})
I/AndroidRipper( 3124): [b] Found widget: id=2131230844 (app.seeneva.reader.widget.ContentMessageView{9d268bf0 V.E..... ......I. 0,0-1080,1581 #7f08007c app:id/contentMessageView})
I/AndroidRipper( 3124): [b] Found widget: id=-1 (androidx.constraintlayout.widget.ConstraintLayout{9d326eb8 V.E..... ......I. 42,0-1038,1581})
I/AndroidRipper( 3124): [b] Found widget: id=2131230924 (j.b.i.n{9d32d9f8 V.ED.... ........ 0,517-996,992 #7f0800cc app:id/icon})
I/AndroidRipper( 3124): [b] Found widget: id=2131230956 (com.google.android.material.textview.MaterialTextView{9d32eba0 V.ED.... ........ 318,1013-679,1064 #7f0800ec app:id/message})
I/AndroidRipper( 3124): [b] Found widget: id=2131230898 (androidx.recyclerview.widget.RecyclerView{9d24e850 IFED.... ......I. 0,0-1080,121 #7f0800b2 app:id/filtersRecyclerView})
I/AndroidRipper( 3124): [b] Found widget: id=2131230799 (com.google.android.material.appbar.AppBarLayout{9d0b61a0 V.E..... ........ 0,0-1080,147 #7f08004f app:id/appBarLayout})
I/AndroidRipper( 3124): [b] Found widget: id=2131231135 (com.google.android.material.appbar.MaterialToolbar{9d0a9b68 V.E..... ........ 0,0-1080,147 #7f08019f app:id/toolbar})
I/AndroidRipper( 3124): [b] Found widget: id=-1 (androidx.appcompat.widget.SearchView{9d250600 V....... ........ 42,10-954,136})
I/AndroidRipper( 3124): [b] Found widget: id=2131231050 (android.widget.LinearLayout{9d18ccd8 V....... ........ 0,0-912,126 #7f08014a app:id/search_bar})
I/AndroidRipper( 3124): [b] Found widget: id=2131231049 (com.google.android.material.textview.MaterialTextView{9d1370b0 G..D.... ......I. 0,0-0,0 #7f080149 app:id/search_badge})
I/AndroidRipper( 3124): [b] Found widget: id=2131231051 (j.b.i.n{9d148c08 GF.D..CL ......I. 0,0-0,0 #7f08014b app:id/search_button})
I/AndroidRipper( 3124): [b] Found widget: id=2131231053 (android.widget.LinearLayout{9d25ae00 V....... ........ 21,0-891,126 #7f08014d app:id/search_edit_frame})
I/AndroidRipper( 3124): [b] Found widget: id=2131231055 (j.b.i.n{9d1d1a98 G..D.... ......I. 0,0-0,0 #7f08014f app:id/search_mag_icon})
I/AndroidRipper( 3124): [b] Found widget: id=2131231056 (android.widget.LinearLayout{9d269a10 V....... ........ 0,0-870,126 #7f080150 app:id/search_plate})
I/AndroidRipper( 3124): [b] Found widget: id=2131231057 (androidx.appcompat.widget.SearchView$SearchAutoComplete{9d24ec30 VF.D..CL ........ 2,15-763,110 #7f080151 app:id/search_src_text})
I/AndroidRipper( 3124): [b] Found widget: id=2131231052 (j.b.i.n{9d239b70 VF.D..C. ........ 763,5-868,121 #7f08014c app:id/search_close_btn})
I/AndroidRipper( 3124): [b] Found widget: id=2131231094 (android.widget.LinearLayout{9d269cf8 G....... ......I. 0,0-0,0 #7f080176 app:id/submit_area})
I/AndroidRipper( 3124): [b] Found widget: id=2131231054 (j.b.i.n{9d23e588 GF.D..C. ......I. 0,0-0,0 #7f08014e app:id/search_go_btn})
I/AndroidRipper( 3124): [b] Found widget: id=2131231058 (j.b.i.n{9d261d68 GF.D..C. ......I. 0,0-0,0 #7f080152 app:id/search_voice_btn})
I/AndroidRipper( 3124): [b] Found widget: id=-1 (androidx.appcompat.widget.ActionMenuView{9d1b7ad8 V.E..... ........ 954,0-1080,147})
I/AndroidRipper( 3124): [b] Found widget: id=2131230792 (androidx.appcompat.view.menu.ActionMenuItemView{9d2f68d0 VFED..CL ........ 0,10-126,136 #7f080048 app:id/add})
I/AndroidRipper( 3124): [b] Found widget: id=2131230814 (com.google.android.material.bottomnavigation.BottomNavigationView{9d0b74b0 V.E..... ........ 0,1581-1080,1728 #7f08005e app:id/bottomNavigationView})
I/AndroidRipper( 3124): [b] Found widget: id=-1 (l.c.a.a.h.e{9d0b7bc0 V.E..... ........ 98,0-982,147})
I/AndroidRipper( 3124): [b] Found widget: id=2131230945 (l.c.a.a.h.b{9d0b88f8 VFE...CL .FS..... 0,0-442,147 #7f0800e1 app:id/library})
I/AndroidRipper( 3124): [b] Found widget: id=2131230924 (j.b.i.n{9d0aa1e0 V.ED.... ..S..... 189,21-252,84 #7f0800cc app:id/icon})
I/AndroidRipper( 3124): [b] Found widget: id=-1 (com.google.android.material.internal.BaselineLayout{9d0b6a48 V.E..... ..S..... 170,87-271,147})
I/AndroidRipper( 3124): [b] Found widget: id=2131231070 (com.google.android.material.textview.MaterialTextView{9d0208d8 I.ED.... ..S...I. 0,0-101,43 #7f08015e app:id/smallLabel})
I/AndroidRipper( 3124): [b] Found widget: id=2131230942 (com.google.android.material.textview.MaterialTextView{9d0bc0b8 V.ED.... ..S..... 0,0-101,43 #7f0800de app:id/largeLabel})
I/AndroidRipper( 3124): [b] Found widget: id=2131230734 (l.c.a.a.h.b{9d0c8810 VFE...CL ........ 442,0-884,147 #7f08000e app:id/about})
I/AndroidRipper( 3124): [b] Found widget: id=2131230924 (j.b.i.n{9d0c8d88 V.ED.... ........ 189,21-252,84 #7f0800cc app:id/icon})
I/AndroidRipper( 3124): [b] Found widget: id=-1 (com.google.android.material.internal.Baseline