I/MultiDex( 2157): install done
I/dalvikvm( 2157): Could not find method android.content.ContentProvider.query, referenced from method brf.superQuery
W/dalvikvm( 2157): VFY: unable to resolve virtual method 2428: Landroid/content/ContentProvider;.query (Landroid/net/Uri;[Ljava/lang/String;Landroid/os/Bundle;Landroid/os/CancellationSignal;)Landroid/database/Cursor;
D/dalvikvm( 2157): VFY: replacing opcode 0x6f at 0x0000
I/dalvikvm( 2157): Could not find method android.app.Activity.registerActivityLifecycleCallbacks, referenced from method amh.onActivityPreCreated
W/dalvikvm( 2157): VFY: unable to resolve virtual method 2308: Landroid/app/Activity;.registerActivityLifecycleCallbacks (Landroid/app/Application$ActivityLifecycleCallbacks;)V
D/dalvikvm( 2157): VFY: replacing opcode 0x6e at 0x0005
I/dalvikvm( 2157): Could not find method android.content.Context.getExternalMediaDirs, referenced from method jm.a
W/dalvikvm( 2157): VFY: unable to resolve virtual method 2477: Landroid/content/Context;.getExternalMediaDirs ()[Ljava/io/File;
D/dalvikvm( 2157): VFY: replacing opcode 0x6e at 0x00a8
I/dalvikvm( 2157): Could not find method android.content.Context.getDrawable, referenced from method jk.a
W/dalvikvm( 2157): VFY: unable to resolve virtual method 2472: Landroid/content/Context;.getDrawable (I)Landroid/graphics/drawable/Drawable;
D/dalvikvm( 2157): VFY: replacing opcode 0x6e at 0x0006
I/dalvikvm( 2157): Could not find method android.content.Context.getNoBackupFilesDir, referenced from method jk.b
W/dalvikvm( 2157): VFY: unable to resolve virtual method 2480: Landroid/content/Context;.getNoBackupFilesDir ()Ljava/io/File;
D/dalvikvm( 2157): VFY: replacing opcode 0x6e at 0x0006
I/dalvikvm( 2157): Could not find method android.os.UserHandle.isOwner, referenced from method nmy.f
W/dalvikvm( 2157): VFY: unable to resolve virtual method 3081: Landroid/os/UserHandle;.isOwner ()Z
D/dalvikvm( 2157): VFY: replacing opcode 0x6e at 0x000a
D/dalvikvm( 2157): DexOpt: couldn't find field Landroid/content/pm/ApplicationInfo;.splitSourceDirs
W/dalvikvm( 2157): VFY: unable to resolve instance field 1475
D/dalvikvm( 2157): VFY: replacing opcode 0x54 at 0x0055
D/dalvikvm( 2157): DexOpt: couldn't find static field Landroid/os/Build;.SUPPORTED_ABIS
W/dalvikvm( 2157): VFY: unable to resolve static field 1540 (SUPPORTED_ABIS) in Landroid/os/Build;
D/dalvikvm( 2157): VFY: replacing opcode 0x62 at 0x00d1
I/dalvikvm( 2157): Could not find method android.system.Os.stat, referenced from method nop.a
W/dalvikvm( 2157): VFY: unable to resolve static method 3146: Landroid/system/Os;.stat (Ljava/lang/String;)Landroid/system/StructStat;
D/dalvikvm( 2157): VFY: replacing opcode 0x71 at 0x0182
I/dalvikvm( 2157): Could not find method android.content.pm.PackageManager.getPackageInstaller, referenced from method men.a
W/dalvikvm( 2157): VFY: unable to resolve virtual method 2608: Landroid/content/pm/PackageManager;.getPackageInstaller ()Landroid/content/pm/PackageInstaller;
D/dalvikvm( 2157): VFY: replacing opcode 0x6e at 0x001c
W/DynamiteModule( 2157): Local module descriptor class for providerinstaller not found.
E/ChimeraCfgMgr( 2157): Failed to read module config: java.io.FileNotFoundException: /data/data/com.google.android.gms/app_chimera/current_config.fb: open failed: ENOENT (No such file or directory)
I/dalvikvm( 2157): Could not find method android.system.Os.readlink, referenced from method bse.a
W/dalvikvm( 2157): VFY: unable to resolve static method 3145: Landroid/system/Os;.readlink (Ljava/lang/String;)Ljava/lang/String;
D/dalvikvm( 2157): VFY: replacing opcode 0x71 at 0x0044
I/dalvikvm( 2157): Could not find method android.system.Os.symlink, referenced from method bse.a
W/dalvikvm( 2157): VFY: unable to resolve static method 3147: Landroid/system/Os;.symlink (Ljava/lang/String;Ljava/lang/String;)V
D/dalvikvm( 2157): VFY: replacing opcode 0x71 at 0x00b0
I/dalvikvm( 2157): Could not find method android.system.Os.stat, referenced from method bse.a
W/dalvikvm( 2157): VFY: unable to resolve static method 3146: Landroid/system/Os;.stat (Ljava/lang/String;)Landroid/system/StructStat;
D/dalvikvm( 2157): VFY: replacing opcode 0x71 at 0x0005
W/dalvikvm( 2157): VFY: unable to resolve static field 1615 (S_IXUSR) in Landroid/system/OsConstants;
D/dalvikvm( 2157): VFY: replacing opcode 0x60 at 0x0007
I/dalvikvm( 2157): Could not find method android.system.Os.stat, referenced from method bse.b
W/dalvikvm( 2157): VFY: unable to resolve static method 3146: Landroid/system/Os;.stat (Ljava/lang/String;)Landroid/system/StructStat;
D/dalvikvm( 2157): VFY: replacing opcode 0x71 at 0x0040
W/dalvikvm( 2157): VFY: unable to resolve static field 1612 (S_IRUSR) in Landroid/system/OsConstants;
D/dalvikvm( 2157): VFY: replacing opcode 0x60 at 0x0007
W/FileUtils( 2157): Failed to set world readable: /data/data/com.google.android.gms/app_chimera/current_config.fb
E/ChimeraCfgMgr( 2157): Failed to read module config: java.io.FileNotFoundException: /data/data/com.google.android.gms/app_chimera/current_config.fb: open failed: ENOENT (No such file or directory)
D/dalvikvm( 2157): DexOpt: couldn't find static field Landroid/os/Build;.SUPPORTED_ABIS
W/dalvikvm( 2157): VFY: unable to resolve static field 1540 (SUPPORTED_ABIS) in Landroid/os/Build;
D/dalvikvm( 2157): VFY: replacing opcode 0x62 at 0x0307
D/dalvikvm( 2157): DexOpt: couldn't find static field Landroid/os/Build;.SUPPORTED_ABIS
W/dalvikvm( 2157): VFY: unable to resolve static field 1540 (SUPPORTED_ABIS) in Landroid/os/Build;
D/dalvikvm( 2157): VFY: replacing opcode 0x62 at 0x06eb
I/dalvikvm( 2157): Could not find method android.content.Context.isCredentialProtectedStorage, referenced from method bry.j
W/dalvikvm( 2157): VFY: unable to resolve virtual method 2490: Landroid/content/Context;.isCredentialProtectedStorage ()Z
D/dalvikvm( 2157): VFY: replacing opcode 0x6e at 0x0087
E/ConfigFileUtils( 2157): Failed to read config file: /data/data/com.google.android.gms/app_chimera/current_fileapks.pb: open failed: ENOENT (No such file or directory)
D/dalvikvm( 1777): GC_FOR_ALLOC freed 35K, 29% free 4068K/5656K, paused 3ms, total 3ms
D/dalvikvm( 2157): GC_FOR_ALLOC freed 410K, 16% free 3246K/3844K, paused 2ms, total 2ms
I/GmsModuleFndr( 2157): Beginning GMS chimera module scan
E/ChimeraCfgMgr( 2157): Failed to read module config: java.io.FileNotFoundException: /data/data/com.google.android.gms/app_chimera/current_config.fb: open failed: ENOENT (No such file or directory)
I/DynamiteModule( 2157): Considering local module com.google.android.gms.googlecertificates:4 and remote module com.google.android.gms.googlecertificates:0
I/DynamiteModule( 2157): Selected local version of com.google.android.gms.googlecertificates
I/dalvikvm( 2157): Could not find method android.app.Notification$Builder.setLocalOnly, referenced from method com.google.android.gms.common.GoogleCertificatesImpl.isGoogleOrPlatformSigned
W/dalvikvm( 2157): VFY: unable to resolve virtual method 2308: Landroid/app/Notification$Builder;.setLocalOnly (Z)Landroid/app/Notification$Builder;
D/dalvikvm( 2157): VFY: replacing opcode 0x6e at 0x00b1
E/ChimeraCfgMgr( 2157): Failed to read module config: java.io.FileNotFoundException: /data/data/com.google.android.gms/app_chimera/current_config.fb: open failed: ENOENT (No such file or directory)
I/dalvikvm( 2157): Could not find method com.google.android.chimera.ContextThemeWrapper.createAttributionContext, referenced from method mnu.createAttributionContext
W/dalvikvm( 2157): VFY: unable to resolve virtual method 13785: Lcom/google/android/chimera/ContextThemeWrapper;.createAttributionContext (Ljava/lang/String;)Landroid/content/Context;
D/dalvikvm( 2157): VFY: replacing opcode 0x6f at 0x0002
I/dalvikvm( 2157): Could not find method android.content.ContextWrapper.createCredentialProtectedStorageContext, referenced from method mnu.createCredentialProtectedStorageContext
W/dalvikvm( 2157): VFY: unable to resolve virtual method 2508: Landroid/content/ContextWrapper;.createCredentialProtectedStorageContext ()Landroid/content/Context;
D/dalvikvm( 2157): VFY: replacing opcode 0x6f at 0x0002
I/dalvikvm( 2157): Could not find method android.content.ContextWrapper.createDeviceProtectedStorageContext, referenced from method mnu.createDeviceProtectedStorageContext
W/dalvikvm( 2157): VFY: unable to resolve virtual method 2509: Landroid/content/ContextWrapper;.createDeviceProtectedStorageContext ()Landroid/content/Context;
D/dalvikvm( 2157): VFY: replacing opcode 0x6f at 0x0002
E/ConfigFileUtils( 2157): Failed to read config file: /data/data/com.google.android.gms/app_chimera/current_fileapks.pb: open failed: ENOENT (No such file or directory)
I/ModuleSetMgr( 2157): Computing pending module set with APKs: []
I/ModuleSetMgr( 2157): Pending container module APKs: []
I/ModuleSetMgr( 2157): Pending non-container module APKs: []
D/dalvikvm( 2157): GC_FOR_ALLOC freed 370K, 15% free 3388K/3944K, paused 2ms, total 2ms
E/ConfigFileUtils( 2157): Failed to read config file: /data/data/com.google.android.gms/app_chimera/current_fileapks.pb: open failed: ENOENT (No such file or directory)
E/ChimeraCfgMgr( 2157): Failed to read module config: java.io.FileNotFoundException: /data/data/com.google.android.gms/app_chimera/current_config.fb: open failed: ENOENT (No such file or directory)
W/IntentOperation( 2157): Failed to get Chimera config:com.google.android.chimera.config.InvalidConfigException: java.io.FileNotFoundException: /data/data/com.google.android.gms/app_chimera/current_config.fb: open failed: ENOENT (No such file or directory)
D/dalvikvm( 2157): GC_FOR_ALLOC freed 58K, 15% free 3388K/3944K, paused 1ms, total 1ms
I/dalvikvm-heap( 2157): Grow heap (frag case) to 3.707MB for 228601-byte allocation
D/dalvikvm( 2157): GC_FOR_ALLOC freed <1K, 14% free 3610K/4168K, paused 2ms, total 2ms
D/dalvikvm( 1777): GC_FOR_ALLOC freed 275K, 24% free 4304K/5656K, paused 2ms, total 2ms
D/dalvikvm( 2157): GC_FOR_ALLOC freed 28K, 6% free 4091K/4308K, paused 2ms, total 2ms
D/dalvikvm( 1777): GC_FOR_ALLOC freed 362K, 22% free 4453K/5656K, paused 2ms, total 2ms
D/dalvikvm( 2157): GC_FOR_ALLOC freed 274K, 10% free 4330K/4792K, paused 2ms, total 2ms
D/dalvikvm( 2157): GC_FOR_ALLOC freed 363K, 11% free 4479K/5028K, paused 2ms, total 2ms
D/dalvikvm( 1777): GC_FOR_ALLOC freed 588K, 23% free 4377K/5656K, paused 3ms, total 3ms
D/dalvikvm( 2157): GC_FOR_ALLOC freed 587K, 15% free 4404K/5180K, paused 2ms, total 2ms
D/dalvikvm( 1777): GC_FOR_ALLOC freed 474K, 22% free 4414K/5656K, paused 2ms, total 2ms
D/dalvikvm( 2157): GC_FOR_ALLOC freed 476K, 15% free 4439K/5180K, paused 2ms, total 2ms
D/dalvikvm( 1777): GC_FOR_ALLOC freed 477K, 22% free 4449K/5656K, paused 3ms, total 3ms
D/AndroidRuntime( 2182): 
D/AndroidRuntime( 2182): >>>>>> AndroidRuntime START com.android.internal.os.RuntimeInit <<<<<<
W/linker  ( 2182): libdvm.so has text relocations. This is wasting memory and is a security risk. Please fix.
D/AndroidRuntime( 2182): CheckJNI is ON
D/dalvikvm( 2182): Trying to load lib libjavacore.so 0x0
D/dalvikvm( 2182): Added shared lib libjavacore.so 0x0
D/dalvikvm( 2182): Trying to load lib libnativehelper.so 0x0
D/dalvikvm( 2182): Added shared lib libnativehelper.so 0x0
D/dalvikvm( 2182): No JNI_OnLoad found in libnativehelper.so 0x0, skipping init
D/dalvikvm( 2157): GC_FOR_ALLOC freed 478K, 14% free 4473K/5180K, paused 2ms, total 2ms
D/dalvikvm( 1777): GC_FOR_ALLOC freed 481K, 21% free 4479K/5656K, paused 2ms, total 2ms
D/dalvikvm( 2157): GC_FOR_ALLOC freed 354K, 14% free 4491K/5180K, paused 2ms, total 2ms
D/dalvikvm( 1777): GC_FOR_ALLOC freed 496K, 21% free 4495K/5656K, paused 1ms, total 1ms
D/dalvikvm( 2157): GC_FOR_ALLOC freed 352K, 14% free 4511K/5192K, paused 3ms, total 3ms
D/dalvikvm( 2182): Note: class Landroid/app/ActivityManagerNative; has 179 unimplemented (abstract) methods
D/dalvikvm( 1777): GC_FOR_ALLOC freed 718K, 30% free 4011K/5656K, paused 3ms, total 3ms
I/dalvikvm-heap( 1777): Grow heap (frag case) to 4.363MB for 281612-byte allocation
D/dalvikvm( 1777): GC_FOR_ALLOC freed 0K, 28% free 4286K/5932K, paused 2ms, total 2ms
D/dalvikvm( 2157): GC_FOR_ALLOC freed 984K, 23% free 4038K/5212K, paused 2ms, total 2ms
I/dalvikvm-heap( 2157): Grow heap (frag case) to 4.392MB for 281612-byte allocation
D/dalvikvm( 2157): GC_FOR_ALLOC freed 0K, 22% free 4313K/5488K, paused 1ms, total 1ms
E/memtrack( 2182): Couldn't load memtrack module (No such file or directory)
E/android.os.Debug( 2182): failed to load memtrack module: -2
D/AndroidRuntime( 2182): Calling main entry com.android.commands.am.Am
D/AndroidRuntime( 2182): Shutting down VM
D/jdwp    ( 2182): Got wake-up signal, bailing out of select
D/dalvikvm( 2182): Debugger has detached; object registry had 1 entries
I/AndroidRuntime( 2182): NOTE: attach of thread 'Binder_2' failed
I/ActivityManager( 1567): Start proc it.unina.android.ripper_service:android_ripper_service_process for service it.unina.android.ripper_service/.AndroidRipperService: pid=2192 uid=10057 gids={50057, 3003, 1028, 1015}
I/ChimeraCfgMgr( 2157): Updating module config: <no config> -> container:2024149000700
E/ConfigFileUtils( 2157): Failed to read config file: /data/data/com.google.android.gms/app_chimera/current_modules_init.pb: open failed: ENOENT (No such file or directory)
V/AndroidRipperService( 2192): onCreate()
V/SERVER  ( 2192): Starting ServerSocket on PORT 18888
V/SERVER  ( 2192): Started ServerSocket on PORT 18888
V/SERVER  ( 2192): Ready to accept connections on port: 18888
I/ChimeraCfgMgr( 1777): Updating module config: <no config> -> container:2024149000700
D/dalvikvm( 1777): DexOpt: couldn't find static field Landroid/os/Build;.SUPPORTED_64_BIT_ABIS
W/dalvikvm( 1777): VFY: unable to resolve static field 1539 (SUPPORTED_64_BIT_ABIS) in Landroid/os/Build;
D/dalvikvm( 1777): VFY: replacing opcode 0x62 at 0x0214
I/ChimeraCfgMgr( 2157): Sending com.google.android.chimera.IntentOperation.NEW_MODULE Intents: 1,true,true
I/ChmraDebugLogger( 2157): [46] 
D/dalvikvm( 2157): DexOpt: couldn't find static field Landroid/os/Build;.SUPPORTED_64_BIT_ABIS
W/dalvikvm( 2157): VFY: unable to resolve static field 1539 (SUPPORTED_64_BIT_ABIS) in Landroid/os/Build;
D/dalvikvm( 2157): VFY: replacing opcode 0x62 at 0x0214
W/ProviderHelper( 1777): Unknown dynamite feature providerinstaller
W/ProviderHelper( 2157): Unknown dynamite feature providerinstaller
I/DynamiteModule( 1777): Considering local module providerinstaller:0 and remote module providerinstaller:0
I/DynamiteModule( 2157): Considering local module providerinstaller:0 and remote module providerinstaller:0
W/ProviderInstaller( 1777): Failed to load providerinstaller module: No acceptable module found. Local version is 0 and remote version is 0.
W/ProviderInstaller( 2157): Failed to load providerinstaller module: No acceptable module found. Local version is 0 and remote version is 0.
I/dalvikvm( 1777): Could not find method android.content.ContextWrapper.createCredentialProtectedStorageContext, referenced from method nfr.createCredentialProtectedStorageContext
I/dalvikvm( 2157): Could not find method android.content.ContextWrapper.createCredentialProtectedStorageContext, referenced from method nfr.createCredentialProtectedStorageContext
W/dalvikvm( 1777): VFY: unable to resolve virtual method 2508: Landroid/content/ContextWrapper;.createCredentialProtectedStorageContext ()Landroid/content/Context;
W/dalvikvm( 2157): VFY: unable to resolve virtual method 2508: Landroid/content/ContextWrapper;.createCredentialProtectedStorageContext ()Landroid/content/Context;
D/dalvikvm( 1777): VFY: replacing opcode 0x6f at 0x0002
D/dalvikvm( 2157): VFY: replacing opcode 0x6f at 0x0002
I/dalvikvm( 2157): Could not find method android.content.ContextWrapper.createDeviceProtectedStorageContext, referenced from method nfr.createDeviceProtectedStorageContext
I/dalvikvm( 1777): Could not find method android.content.ContextWrapper.createDeviceProtectedStorageContext, referenced from method nfr.createDeviceProtectedStorageContext
W/dalvikvm( 2157): VFY: unable to resolve virtual method 2509: Landroid/content/ContextWrapper;.createDeviceProtectedStorageContext ()Landroid/content/Context;
W/dalvikvm( 1777): VFY: unable to resolve virtual method 2509: Landroid/content/ContextWrapper;.createDeviceProtectedStorageContext ()Landroid/content/Context;
D/dalvikvm( 2157): VFY: replacing opcode 0x6f at 0x0002
D/dalvikvm( 1777): VFY: replacing opcode 0x6f at 0x0002
D/dalvikvm( 2157): DexOpt: couldn't find static field Landroid/os/Build;.SUPPORTED_64_BIT_ABIS
W/dalvikvm( 2157): VFY: unable to resolve static field 1539 (SUPPORTED_64_BIT_ABIS) in Landroid/os/Build;
D/dalvikvm( 2157): VFY: replacing opcode 0x62 at 0x0080
D/dalvikvm( 2157): DexOpt: couldn't find static field Landroid/os/Build;.SUPPORTED_ABIS
W/dalvikvm( 2157): VFY: unable to resolve static field 1540 (SUPPORTED_ABIS) in Landroid/os/Build;
D/dalvikvm( 2157): VFY: replacing opcode 0x62 at 0x00d3
D/dalvikvm( 1777): DexOpt: couldn't find static field Landroid/os/Build;.SUPPORTED_64_BIT_ABIS
W/dalvikvm( 1777): VFY: unable to resolve static field 1539 (SUPPORTED_64_BIT_ABIS) in Landroid/os/Build;
D/dalvikvm( 1777): VFY: replacing opcode 0x62 at 0x0080
D/dalvikvm( 1777): DexOpt: couldn't find static field Landroid/os/Build;.SUPPORTED_ABIS
W/dalvikvm( 1777): VFY: unable to resolve static field 1540 (SUPPORTED_ABIS) in Landroid/os/Build;
D/dalvikvm( 1777): VFY: replacing opcode 0x62 at 0x00d3
V/NativeCrypto( 1777): Registering com/google/android/gms/org/conscrypt/NativeCrypto's 286 native methods...
V/NativeCrypto( 2157): Registering com/google/android/gms/org/conscrypt/NativeCrypto's 286 native methods...
W/dalvikvm( 1777): Unable to resolve superclass of Lcom/google/android/gms/org/conscrypt/TrustManagerImpl; (5184)
W/dalvikvm( 1777): Link of class 'Lcom/google/android/gms/org/conscrypt/TrustManagerImpl;' failed
I/dalvikvm( 1777): Could not find method com.google.android.gms.org.conscrypt.TrustManagerImpl.getDefaultHostnameVerifier, referenced from method com.google.android.gms.org.conscrypt.Conscrypt.getDefaultHostnameVerifier
W/dalvikvm( 2157): Unable to resolve superclass of Lcom/google/android/gms/org/conscrypt/TrustManagerImpl; (5184)
W/dalvikvm( 2157): Link of class 'Lcom/google/android/gms/org/conscrypt/TrustManagerImpl;' failed
W/dalvikvm( 1777): VFY: unable to resolve static method 17870: Lcom/google/android/gms/org/conscrypt/TrustManagerImpl;.getDefaultHostnameVerifier ()Lcom/google/android/gms/org/conscrypt/ConscryptHostnameVerifier;
I/dalvikvm( 2157): Could not find method com.google.android.gms.org.conscrypt.TrustManagerImpl.getDefaultHostnameVerifier, referenced from method com.google.android.gms.org.conscrypt.Conscrypt.getDefaultHostnameVerifier
D/dalvikvm( 1777): VFY: replacing opcode 0x71 at 0x0003
W/dalvikvm( 2157): VFY: unable to resolve static method 17870: Lcom/google/android/gms/org/conscrypt/TrustManagerImpl;.getDefaultHostnameVerifier ()Lcom/google/android/gms/org/conscrypt/ConscryptHostnameVerifier;
D/dalvikvm( 2157): VFY: replacing opcode 0x71 at 0x0003
W/dalvikvm( 1777): Unable to resolve superclass of Lcom/google/android/gms/org/conscrypt/TrustManagerImpl; (5184)
W/dalvikvm( 1777): Link of class 'Lcom/google/android/gms/org/conscrypt/TrustManagerImpl;' failed
W/dalvikvm( 1777): VFY: unable to find class referenced in signature (Lcom/google/android/gms/org/conscrypt/TrustManagerImpl;)
W/dalvikvm( 1777): Unable to resolve superclass of Lcom/google/android/gms/org/conscrypt/TrustManagerImpl; (5184)
W/dalvikvm( 1777): Link of class 'Lcom/google/android/gms/org/conscrypt/TrustManagerImpl;' failed
I/dalvikvm( 1777): Could not find method com.google.android.gms.org.conscrypt.TrustManagerImpl.getHostnameVerifier, referenced from method com.google.android.gms.org.conscrypt.Conscrypt.getHostnameVerifier
W/dalvikvm( 1777): VFY: unable to resolve virtual method 17872: Lcom/google/android/gms/org/conscrypt/TrustManagerImpl;.getHostnameVerifier ()Lcom/google/android/gms/org/conscrypt/ConscryptHostnameVerifier;
D/dalvikvm( 1777): VFY: replacing opcode 0x6e at 0x0004
W/dalvikvm( 1777): Unable to resolve superclass of Lcom/google/android/gms/org/conscrypt/TrustManagerImpl; (5184)
W/dalvikvm( 1777): Link of class 'Lcom/google/android/gms/org/conscrypt/TrustManagerImpl;' failed
E/dalvikvm( 1777): Could not find class 'com.google.android.gms.org.conscrypt.TrustManagerImpl', referenced from method com.google.android.gms.org.conscrypt.Conscrypt.isConscrypt
W/dalvikvm( 1777): VFY: unable to resolve instanceof 4452 (Lcom/google/android/gms/org/conscrypt/TrustManagerImpl;) in Lcom/google/android/gms/org/conscrypt/Conscrypt;
D/dalvikvm( 1777): VFY: replacing opcode 0x20 at 0x0000
D/dalvikvm( 2157): GC_FOR_ALLOC freed 1275K, 36% free 3549K/5488K, paused 5ms, total 5ms
W/dalvikvm( 1777): Unable to resolve superclass of Lcom/google/android/gms/org/conscrypt/TrustManagerImpl; (5184)
W/dalvikvm( 2157): Unable to resolve superclass of Lcom/google/android/gms/org/conscrypt/TrustManagerImpl; (5184)
W/dalvikvm( 2157): Link of class 'Lcom/google/android/gms/org/conscrypt/TrustManagerImpl;' failed
W/dalvikvm( 2157): VFY: unable to find class referenced in signature (Lcom/google/android/gms/org/conscrypt/TrustManagerImpl;)
W/dalvikvm( 2157): Unable to resolve superclass of Lcom/google/android/gms/org/conscrypt/TrustManagerImpl; (5184)
W/dalvikvm( 2157): Link of class 'Lcom/google/android/gms/org/conscrypt/TrustManagerImpl;' failed
W/dalvikvm( 1777): Link of class 'Lcom/google/android/gms/org/conscrypt/TrustManagerImpl;' failed
I/dalvikvm( 2157): Could not find method com.google.android.gms.org.conscrypt.TrustManagerImpl.getHostnameVerifier, referenced from method com.google.android.gms.org.conscrypt.Conscrypt.getHostnameVerifier
I/dalvikvm( 1777): Could not find method com.google.android.gms.org.conscrypt.TrustManagerImpl.setDefaultHostnameVerifier, referenced from method com.google.android.gms.org.conscrypt.Conscrypt.setDefaultHostnameVerifier
W/dalvikvm( 1777): VFY: unable to resolve static method 17882: Lcom/google/android/gms/org/conscrypt/TrustManagerImpl;.setDefaultHostnameVerifier (Lcom/google/android/gms/org/conscrypt/ConscryptHostnameVerifier;)V
D/dalvikvm( 1777): VFY: replacing opcode 0x71 at 0x0003
W/dalvikvm( 2157): VFY: unable to resolve virtual method 17872: Lcom/google/android/gms/org/conscrypt/TrustManagerImpl;.getHostnameVerifier ()Lcom/google/android/gms/org/conscrypt/ConscryptHostnameVerifier;
D/dalvikvm( 2157): VFY: replacing opcode 0x6e at 0x0004
W/dalvikvm( 1777): Unable to resolve superclass of Lcom/google/android/gms/org/conscrypt/TrustManagerImpl; (5184)
W/dalvikvm( 1777): Link of class 'Lcom/google/android/gms/org/conscrypt/TrustManagerImpl;' failed
W/dalvikvm( 2157): Unable to resolve superclass of Lcom/google/android/gms/org/conscrypt/TrustManagerImpl; (5184)
W/dalvikvm( 2157): Link of class 'Lcom/google/android/gms/org/conscrypt/TrustManagerImpl;' failed
E/dalvikvm( 2157): Could not find class 'com.google.android.gms.org.conscrypt.TrustManagerImpl', referenced from method com.google.android.gms.org.conscrypt.Conscrypt.isConscrypt
W/dalvikvm( 1777): VFY: unable to find class referenced in signature (Lcom/google/android/gms/org/conscrypt/TrustManagerImpl;)
W/dalvikvm( 2157): VFY: unable to resolve instanceof 4452 (Lcom/google/android/gms/org/conscrypt/TrustManagerImpl;) in Lcom/google/android/gms/org/conscrypt/Conscrypt;
D/dalvikvm( 2157): VFY: replacing opcode 0x20 at 0x0000
W/dalvikvm( 1777): Unable to resolve superclass of Lcom/google/android/gms/org/conscrypt/TrustManagerImpl; (5184)
W/dalvikvm( 1777): Link of class 'Lcom/google/android/gms/org/conscrypt/TrustManagerImpl;' failed
I/dalvikvm( 1777): Could not find method com.google.android.gms.org.conscrypt.TrustManagerImpl.setHostnameVerifier, referenced from method com.google.android.gms.org.conscrypt.Conscrypt.setHostnameVerifier
W/dalvikvm( 1777): VFY: unable to resolve virtual method 17883: Lcom/google/android/gms/org/conscrypt/TrustManagerImpl;.setHostnameVerifier (Lcom/google/android/gms/org/conscrypt/ConscryptHostnameVerifier;)V
D/dalvikvm( 1777): VFY: replacing opcode 0x6e at 0x0004
W/dalvikvm( 2157): Unable to resolve superclass of Lcom/google/android/gms/org/conscrypt/TrustManagerImpl; (5184)
W/dalvikvm( 2157): Link of class 'Lcom/google/android/gms/org/conscrypt/TrustManagerImpl;' failed
W/dalvikvm( 1777): Unable to resolve superclass of Lcom/google/android/gms/org/conscrypt/TrustManagerImpl; (5184)
W/dalvikvm( 1777): Link of class 'Lcom/google/android/gms/org/conscrypt/TrustManagerImpl;' failed
I/dalvikvm( 2157): Could not find method com.google.android.gms.org.conscrypt.TrustManagerImpl.setDefaultHostnameVerifier, referenced from method com.google.android.gms.org.conscrypt.Conscrypt.setDefaultHostnameVerifier
W/dalvikvm( 2157): VFY: unable to resolve static method 17882: Lcom/google/android/gms/org/conscrypt/TrustManagerImpl;.setDefaultHostnameVerifier (Lcom/google/android/gms/org/conscrypt/ConscryptHostnameVerifier;)V
D/dalvikvm( 2157): VFY: replacing opcode 0x71 at 0x0003
W/dalvikvm( 2157): Unable to resolve superclass of Lcom/google/android/gms/org/conscrypt/TrustManagerImpl; (5184)
W/dalvikvm( 2157): Link of class 'Lcom/google/android/gms/org/conscrypt/TrustManagerImpl;' failed
W/dalvikvm( 2157): VFY: unable to find class referenced in signature (Lcom/google/android/gms/org/conscrypt/TrustManagerImpl;)
W/dalvikvm( 2157): Unable to resolve superclass of Lcom/google/android/gms/org/conscrypt/TrustManagerImpl; (5184)
W/dalvikvm( 2157): Link of class 'Lcom/google/android/gms/org/conscrypt/TrustManagerImpl;' failed
I/dalvikvm( 2157): Could not find method com.google.android.gms.org.conscrypt.TrustManagerImpl.setHostnameVerifier, referenced from method com.google.android.gms.org.conscrypt.Conscrypt.setHostnameVerifier
W/dalvikvm( 2157): VFY: unable to resolve virtual method 17883: Lcom/google/android/gms/org/conscrypt/TrustManagerImpl;.setHostnameVerifier (Lcom/google/android/gms/org/conscrypt/ConscryptHostnameVerifier;)V
D/dalvikvm( 2157): VFY: replacing opcode 0x6e at 0x0004
W/dalvikvm( 2157): Unable to resolve superclass of Lcom/google/android/gms/org/conscrypt/TrustManagerImpl; (5184)
W/dalvikvm( 2157): Link of class 'Lcom/google/android/gms/org/conscrypt/TrustManagerImpl;' failed
E/dalvikvm( 2157): Could not find class 'com.google.android.gms.org.conscrypt.TrustManagerImpl', referenced from method com.google.android.gms.org.conscrypt.Conscrypt.toConscrypt
W/dalvikvm( 2157): VFY: unable to resolve check-cast 4452 (Lcom/google/android/gms/org/conscrypt/TrustManagerImpl;) in Lcom/google/android/gms/org/conscrypt/Conscrypt;
D/dalvikvm( 2157): VFY: replacing opcode 0x1f at 0x002a
D/dalvikvm( 1777): GC_FOR_ALLOC freed 1396K, 43% free 3402K/5932K, paused 5ms, total 5ms
E/dalvikvm( 1777): Could not find class 'com.google.android.gms.org.conscrypt.TrustManagerImpl', referenced from method com.google.android.gms.org.conscrypt.Conscrypt.toConscrypt
W/dalvikvm( 1777): VFY: unable to resolve check-cast 4452 (Lcom/google/android/gms/org/conscrypt/TrustManagerImpl;) in Lcom/google/android/gms/org/conscrypt/Conscrypt;
D/dalvikvm( 1777): VFY: replacing opcode 0x1f at 0x002a
D/dalvikvm( 2157): GC_FOR_ALLOC freed 383K, 33% free 3678K/5488K, paused 3ms, total 3ms
D/dalvikvm( 2157): GC_FOR_ALLOC freed 141K, 27% free 4048K/5488K, paused 1ms, total 1ms
D/dalvikvm( 1777): GC_FOR_ALLOC freed 170K, 37% free 3743K/5932K, paused 2ms, total 2ms
D/dalvikvm( 2157): GC_FOR_ALLOC freed 139K, 20% free 4420K/5488K, paused 2ms, total 2ms
D/dalvikvm( 1777): GC_FOR_ALLOC freed 143K, 31% free 4111K/5932K, paused 2ms, total 2ms
D/dalvikvm( 2157): GC_FOR_ALLOC freed 129K, 13% free 4788K/5488K, paused 2ms, total 2ms
D/dalvikvm( 1777): GC_FOR_ALLOC freed 133K, 25% free 4490K/5932K, paused 2ms, total 2ms
E/dalvikvm( 2157): Could not find class 'javax.net.ssl.SNIServerName', referenced from method com.google.android.gms.org.conscrypt.Platform.getSniHostnameFromParams
W/dalvikvm( 2157): VFY: unable to resolve check-cast 5160 (Ljavax/net/ssl/SNIServerName;) in Lcom/google/android/gms/org/conscrypt/Platform;
D/dalvikvm( 2157): VFY: replacing opcode 0x1f at 0x0025
E/dalvikvm( 2157): Could not find class 'javax.net.ssl.SNIHostName', referenced from method com.google.android.gms.org.conscrypt.Platform.setParametersSniHostname
W/dalvikvm( 2157): VFY: unable to resolve new-instance 5159 (Ljavax/net/ssl/SNIHostName;) in Lcom/google/android/gms/org/conscrypt/Platform;
D/dalvikvm( 2157): VFY: replacing opcode 0x22 at 0x0024
E/dalvikvm( 2157): Could not find class 'javax.net.ssl.SNIHostName', referenced from method com.google.android.gms.org.conscrypt.Platform.setParametersSniHostname
W/dalvikvm( 2157): VFY: unable to resolve new-instance 5159 (Ljavax/net/ssl/SNIHostName;) in Lcom/google/android/gms/org/conscrypt/Platform;
D/dalvikvm( 2157): VFY: replacing opcode 0x22 at 0x0024
D/dalvikvm( 2157): GC_FOR_ALLOC freed 232K, 10% free 5072K/5576K, paused 2ms, total 2ms
D/dalvikvm( 2157): DexOpt: unable to opt direct call 0x52f9 at 0x2a in Lcom/google/android/gms/org/conscrypt/Platform;.setParametersSniHostname
D/dalvikvm( 2157): DexOpt: unable to opt direct call 0x52f9 at 0x2a in Lcom/google/android/gms/org/conscrypt/Platform;.setParametersSniHostname
D/ConnectivityService( 1567): [CheckMp] isMobileOk: newUrl=https://172.217.13.110/generate_204
W/ActivityThread( 1567): ClassLoader.loadClass: The class loader returned by Thread.getContextClassLoader() may fail for processes that host multiple applications. You should explicitly specify a context class loader. For example: Thread.setContextClassLoader(getClass().getClassLoader());
D/dalvikvm( 1777): GC_FOR_ALLOC freed 147K, 19% free 4855K/5932K, paused 4ms, total 4ms
E/dalvikvm( 1777): Could not find class 'javax.net.ssl.SNIServerName', referenced from method com.google.android.gms.org.conscrypt.Platform.getSniHostnameFromParams
W/dalvikvm( 1777): VFY: unable to resolve check-cast 5160 (Ljavax/net/ssl/SNIServerName;) in Lcom/google/android/gms/org/conscrypt/Platform;
D/dalvikvm( 1777): VFY: replacing opcode 0x1f at 0x0025
E/dalvikvm( 1777): Could not find class 'javax.net.ssl.SNIHostName', referenced from method com.google.android.gms.org.conscrypt.Platform.setParametersSniHostname
W/dalvikvm( 1777): VFY: unable to resolve new-instance 5159 (Ljavax/net/ssl/SNIHostName;) in Lcom/google/android/gms/org/conscrypt/Platform;
D/dalvikvm( 1777): VFY: replacing opcode 0x22 at 0x0024
I/ProviderInstaller( 2157): Installed default security provider GmsCore_OpenSSL
E/dalvikvm( 1777): Could not find class 'javax.net.ssl.SNIHostName', referenced from method com.google.android.gms.org.conscrypt.Platform.setParametersSniHostname
W/dalvikvm( 1777): VFY: unable to resolve new-instance 5159 (Ljavax/net/ssl/SNIHostName;) in Lcom/google/android/gms/org/conscrypt/Platform;
D/dalvikvm( 1777): VFY: replacing opcode 0x22 at 0x0024
D/dalvikvm( 1777): DexOpt: unable to opt direct call 0x52f9 at 0x2a in Lcom/google/android/gms/org/conscrypt/Platform;.setParametersSniHostname
D/dalvikvm( 1777): DexOpt: unable to opt direct call 0x52f9 at 0x2a in Lcom/google/android/gms/org/conscrypt/Platform;.setParametersSniHostname
I/Safeboot( 2157): Checking safeboot...
I/Safeboot( 2157): Not entering safeboot; wrong process.
D/dalvikvm( 2157): GC_FOR_ALLOC freed 434K, 12% free 5284K/5956K, paused 3ms, total 3ms
E/dalvikvm( 2157): Could not find class 'com.google.common.flogger.backend.google.GooglePlatform', referenced from method beui.a
W/dalvikvm( 2157): VFY: unable to resolve const-class 4605 (Lcom/google/common/flogger/backend/google/GooglePlatform;) in Lbeui;
D/dalvikvm( 2157): VFY: replacing opcode 0x1c at 0x001b
D/dalvikvm( 1777): GC_FOR_ALLOC freed 426K, 15% free 5050K/5932K, paused 2ms, total 2ms
I/ProviderInstaller( 1777): Installed default security provider GmsCore_OpenSSL
D/dalvikvm( 1826): GC_EXPLICIT freed 430K, 17% free 3200K/3820K, paused 0ms+0ms, total 2ms
I/Safeboot( 1777): Checking safeboot...
I/auxu    ( 2157): Primes not initialized, returning default (no-op) Primes instance which will ignore all calls. Please call Primes.initialize(...) before using any Primes API.
D/dalvikvm( 2157): GC_FOR_ALLOC freed 302K, 9% free 5690K/6236K, paused 2ms, total 2ms
I/Safeboot Condition( 1777): No need to enter Safeboot.
E/dalvikvm( 1777): Could not find class 'com.google.common.flogger.backend.google.GooglePlatform', referenced from method beui.a
W/dalvikvm( 1777): VFY: unable to resolve const-class 4605 (Lcom/google/common/flogger/backend/google/GooglePlatform;) in Lbeui;
D/dalvikvm( 1777): VFY: replacing opcode 0x1c at 0x001b
I/DeviceDrDatabaseHelper( 1777): Creating databases!
D/dalvikvm( 2157): GC_FOR_ALLOC freed 234K, 8% free 6247K/6780K, paused 3ms, total 3ms
I/auxu    ( 1777): Primes not initialized, returning default (no-op) Primes instance which will ignore all calls. Please call Primes.initialize(...) before using any Primes API.
I/dalvikvm( 2157): Could not find method android.content.Context.bindService, referenced from method uws.bindService
W/dalvikvm( 2157): VFY: unable to resolve virtual method 2453: Landroid/content/Context;.bindService (Landroid/content/Intent;ILjava/util/concurrent/Executor;Landroid/content/ServiceConnection;)Z
D/dalvikvm( 2157): VFY: replacing opcode 0x6e at 0x0018
I/dalvikvm( 2157): Could not find method android.content.Context.bindService, referenced from method uws.bindService
W/dalvikvm( 2157): VFY: unable to resolve virtual method 2453: Landroid/content/Context;.bindService (Landroid/content/Intent;ILjava/util/concurrent/Executor;Landroid/content/ServiceConnection;)Z
D/dalvikvm( 2157): VFY: replacing opcode 0x6e at 0x0030
I/dalvikvm( 2157): Could not find method android.content.Context.startForegroundService, referenced from method uws.startForegroundService
W/dalvikvm( 2157): VFY: unable to resolve virtual method 2501: Landroid/content/Context;.startForegroundService (Landroid/content/Intent;)Landroid/content/ComponentName;
D/dalvikvm( 2157): VFY: replacing opcode 0x6e at 0x001c
I/dalvikvm( 2157): Could not find method android.content.Context.startForegroundService, referenced from method uws.startForegroundService
W/dalvikvm( 2157): VFY: unable to resolve virtual method 2501: Landroid/content/Context;.startForegroundService (Landroid/content/Intent;)Landroid/content/ComponentName;
D/dalvikvm( 2157): VFY: replacing opcode 0x6e at 0x0028
I/dalvikvm( 2157): Could not find method android.os.PowerManager.isPowerSaveMode, referenced from method uwl.a
W/dalvikvm( 2157): VFY: unable to resolve virtual method 3047: Landroid/os/PowerManager;.isPowerSaveMode ()Z
D/dalvikvm( 2157): VFY: replacing opcode 0x6e at 0x0010
I/dalvikvm( 1777): Could not find method android.content.Context.bindService, referenced from method uws.bindService
W/dalvikvm( 1777): VFY: unable to resolve virtual method 2453: Landroid/content/Context;.bindService (Landroid/content/Intent;ILjava/util/concurrent/Executor;Landroid/content/ServiceConnection;)Z
D/dalvikvm( 1777): VFY: replacing opcode 0x6e at 0x0018
I/dalvikvm( 1777): Could not find method android.content.Context.bindService, referenced from method uws.bindService
W/dalvikvm( 1777): VFY: unable to resolve virtual method 2453: Landroid/content/Context;.bindService (Landroid/content/Intent;ILjava/util/concurrent/Executor;Landroid/content/ServiceConnection;)Z
D/dalvikvm( 1777): VFY: replacing opcode 0x6e at 0x0030
I/dalvikvm( 1777): Could not find method android.content.Context.startForegroundService, referenced from method uws.startForegroundService
W/dalvikvm( 1777): VFY: unable to resolve virtual method 2501: Landroid/content/Context;.startForegroundService (Landroid/content/Intent;)Landroid/content/ComponentName;
D/dalvikvm( 1777): VFY: replacing opcode 0x6e at 0x001c
I/dalvikvm( 1777): Could not find method android.content.Context.startForegroundService, referenced from method uws.startForegroundService
W/dalvikvm( 1777): VFY: unable to resolve virtual method 2501: Landroid/content/Context;.startForegroundService (Landroid/content/Intent;)Landroid/content/ComponentName;
D/dalvikvm( 1777): VFY: replacing opcode 0x6e at 0x0028
I/dalvikvm( 1777): Could not find method android.os.PowerManager.isPowerSaveMode, referenced from method uwl.a
W/dalvikvm( 1777): VFY: unable to resolve virtual method 3047: Landroid/os/PowerManager;.isPowerSaveMode ()Z
D/dalvikvm( 1777): VFY: replacing opcode 0x6e at 0x0010
D/dalvikvm( 2157): GC_FOR_ALLOC freed 278K, 8% free 6920K/7520K, paused 8ms, total 8ms
D/ConnectivityService( 1567): [CheckMp] isMobileOk: hostnameVerify retVal=true hostname=172.217.13.110 orgUriHost=clients3.google.com
D/dalvikvm( 1777): GC_FOR_ALLOC freed 404K, 11% free 5333K/5932K, paused 4ms, total 4ms
I/dalvikvm( 1777): Could not find method android.os.PowerManager.isPowerSaveMode, referenced from method ayli.c
W/dalvikvm( 1777): VFY: unable to resolve virtual method 1679: Landroid/os/PowerManager;.isPowerSaveMode ()Z
D/dalvikvm( 1777): VFY: replacing opcode 0x6e at 0x000a
E/dalvikvm( 1777): Could not find class 'android.content.RestrictionsManager', referenced from method axpy.a
W/dalvikvm( 1777): VFY: unable to resolve check-cast 215 (Landroid/content/RestrictionsManager;) in Laxpy;
D/dalvikvm( 1777): VFY: replacing opcode 0x1f at 0x009b
D/dalvikvm( 1826): GC_FOR_ALLOC freed 514K, 20% free 3198K/3964K, paused 2ms, total 2ms
D/ConnectivityService( 1567): [CheckMp] isMobileOk: headers={null=[HTTP/1.1 204 No Content], Alt-Svc=[h3=":443"; ma=2592000,h3-29=":443"; ma=2592000,h3-T051=":443"; ma=2592000,h3-Q050=":443"; ma=2592000,h3-Q046=":443"; ma=2592000,h3-Q043=":443"; ma=2592000,quic=":443"; ma=2592000; v="46,43"], Connection=[close], Content-Length=[0], Date=[Sun, 15 Aug 2021 13:46:12 GMT], X-Android-Received-Millis=[1629035172653], X-Android-Response-Source=[NETWORK 204], X-Android-Selected-Transport=[http/1.1], X-Android-Sent-Millis=[1629035172638]}
D/ConnectivityService( 1567): [CheckMp] isMobileOk: X got expected responseCode=204 result=1
D/ConnectivityService( 1567): [CheckMp] isMobileOk: F stop hipri
D/MobileDataStateTracker( 1567): default: setEnableFailFastMobileData(enabled=0)
D/ConnectivityService( 1567): stopUsingNetworkFeature: teardown net 0: enableHIPRI
I/NativeLibraryUtils( 2157): Extraction to /data/data/com.google.android.gms/app_extracted_libs/x86/libAppDataSearch.so true
D/MobileDataStateTracker( 1567): hipri: Broadcast received: android.intent.action.ANY_DATA_STATE apnType=hipri
D/MobileDataStateTracker( 1567): hipri: Received state=DISCONNECTED, old=CONNECTED, reason=dataDisabled
D/MobileDataStateTracker( 1567): hipri: setDetailed state, old =CONNECTED and new state=DISCONNECTED
D/ConnectivityService( 1567): ConnectivityChange for mobile_hipri: DISCONNECTED/DISCONNECTED
D/Nat464Xlat( 1567): requiresClat: netType=5, hasIPv4Address=true
D/dalvikvm( 1567): GC_FOR_ALLOC freed 1032K, 52% free 7254K/14816K, paused 8ms, total 9ms
I/NativeLibraryUtils( 2157): Extraction to /data/data/com.google.android.gms/app_extracted_libs/x86/libWhisper.so true
D/dalvikvm( 1777): GC_FOR_ALLOC freed 611K, 14% free 5466K/6292K, paused 3ms, total 3ms
E/SQLiteLog( 1777): (1) no such table: Packages
I/NativeLibraryUtils( 2157): Extraction to /data/data/com.google.android.gms/app_extracted_libs/x86/libconscrypt_gmscore_jni.so true
I/NativeLibraryUtils( 2157): Extraction to /data/data/com.google.android.gms/app_extracted_libs/x86/libgcastv2_base.so true
I/NativeLibraryUtils( 2157): Extraction to /data/data/com.google.android.gms/app_extracted_libs/x86/libgcastv2_support.so true
I/NativeLibraryUtils( 2157): Extraction to /data/data/com.google.android.gms/app_extracted_libs/x86/libgmscore.so true
D/dalvikvm( 1777): GC_FOR_ALLOC freed 820K, 16% free 5458K/6476K, paused 3ms, total 3ms
E/ConfigFileUtils( 2157): Failed to read config file: /data/data/com.google.android.gms/app_chimera/current_fileapks.pb: open failed: ENOENT (No such file or directory)
I/GmsModuleFndr( 2157): Beginning GMS chimera module scan
E/ConfigFileUtils( 2157): Failed to read config file: /data/data/com.google.android.gms/app_chimera/current_fileapks.pb: open failed: ENOENT (No such file or directory)
I/ModuleSetMgr( 2157): Computing pending module set with APKs: []
I/ModuleSetMgr( 2157): Pending container module APKs: []
I/ModuleSetMgr( 2157): Pending non-container module APKs: []
E/ConfigFileUtils( 2157): Failed to read config file: /data/data/com.google.android.gms/app_chimera/current_fileapks.pb: open failed: ENOENT (No such file or directory)
I/NativeLibraryUtils( 2157): Extraction to /data/data/com.google.android.gms/app_extracted_libs/x86/libgoogle-ocrclient-v3.so true
I/dalvikvm( 1777): Could not find method android.content.ServiceConnection.onNullBinding, referenced from method uxb.onNullBinding
W/dalvikvm( 1777): VFY: unable to resolve interface method 2566: Landroid/content/ServiceConnection;.onNullBinding (Landroid/content/ComponentName;)V
D/dalvikvm( 1777): VFY: replacing opcode 0x72 at 0x000f
E/ConfigFileUtils( 2157): Failed to read config file: /data/data/com.google.android.gms/app_chimera/current_fileapks.pb: open failed: ENOENT (No such file or directory)
I/GmsModuleFndr( 2157): Beginning GMS chimera module scan
E/ConfigFileUtils( 2157): Failed to read config file: /data/data/com.google.android.gms/app_chimera/current_fileapks.pb: open failed: ENOENT (No such file or directory)
I/ModuleSetMgr( 2157): Computing pending module set with APKs: []
I/ModuleSetMgr( 2157): Pending container module APKs: []
I/ModuleSetMgr( 2157): Pending non-container module APKs: []
E/ConfigFileUtils( 2157): Failed to read config file: /data/data/com.google.android.gms/app_chimera/current_fileapks.pb: open failed: ENOENT (No such file or directory)
I/NativeLibraryUtils( 2157): Extraction to /data/data/com.google.android.gms/app_extracted_libs/x86/libinertial-anchor-jni.so true
I/NativeLibraryUtils( 2157): Extraction to /data/data/com.google.android.gms/app_extracted_libs/x86/libjgcastservice.so true
D/dalvikvm( 1567): GC_FOR_ALLOC freed 946K, 51% free 7378K/14816K, paused 13ms, total 13ms
D/dalvikvm( 1777): GC_FOR_ALLOC freed 680K, 14% free 5602K/6476K, paused 6ms, total 6ms
D/dalvikvm( 2157): GC_FOR_ALLOC freed 1074K, 16% free 7073K/8420K, paused 4ms, total 4ms
E/StrictMode( 2157): A resource was acquired at attached stack trace but never released. See java.io.Closeable for information on avoiding resource leaks.
E/StrictMode( 2157): java.lang.Throwable: Explicit termination method 'end' not called
E/StrictMode( 2157): 	at dalvik.system.CloseGuard.open(CloseGuard.java:184)
E/StrictMode( 2157): 	at java.util.zip.Inflater.<init>(Inflater.java:82)
E/StrictMode( 2157): 	at java.util.zip.ZipFile.getInputStream(ZipFile.java:310)
E/StrictMode( 2157): 	at npp.d(:com.google.android.gms@202414005@20.24.14 (000700-319035315):36)
E/StrictMode( 2157): 	at mob.run(:com.google.android.gms@202414005@20.24.14 (000700-319035315):0)
E/ConfigFileUtils( 2157): Failed to read config file: /data/data/com.google.android.gms/app_chimera/current_fileapks.pb: open failed: ENOENT (No such file or directory)
I/GmsModuleFndr( 2157): Beginning GMS chimera module scan
E/ConfigFileUtils( 2157): Failed to read config file: /data/data/com.google.android.gms/app_chimera/current_fileapks.pb: open failed: ENOENT (No such file or directory)
I/ModuleSetMgr( 2157): Computing pending module set with APKs: []
I/ModuleSetMgr( 2157): Pending container module APKs: []
I/ModuleSetMgr( 2157): Pending non-container module APKs: []
E/ConfigFileUtils( 2157): Failed to read config file: /data/data/com.google.android.gms/app_chimera/current_fileapks.pb: open failed: ENOENT (No such file or directory)
W/ModuleManager( 1777): Unable to get current module's fulfilled APIs in ModuleManager created with non-module Context
I/dalvikvm( 1777): Could not find method android.system.Os.statvfs, referenced from method mbx.a
W/dalvikvm( 1777): VFY: unable to resolve static method 5777: Landroid/system/Os;.statvfs (Ljava/lang/String;)Landroid/system/StructStatVfs;
I/dalvikvm( 2157): Could not find method android.accounts.AccountManager.removeAccount, referenced from method ymq.c
W/dalvikvm( 2157): VFY: unable to resolve virtual method 4165: Landroid/accounts/AccountManager;.removeAccount (Landroid/accounts/Account;Landroid/app/Activity;Landroid/accounts/AccountManagerCallback;Landroid/os/Handler;)Landroid/accounts/AccountManagerFuture;
D/dalvikvm( 2157): VFY: replacing opcode 0x6e at 0x0009
I/dalvikvm( 2157): Could not find method android.accounts.AccountManager.removeAccountExplicitly, referenced from method ymq.d
W/dalvikvm( 2157): VFY: unable to resolve virtual method 4166: Landroid/accounts/AccountManager;.removeAccountExplicitly (Landroid/accounts/Account;)Z
D/dalvikvm( 2157): VFY: replacing opcode 0x6e at 0x0008
D/dalvikvm( 1777): VFY: replacing opcode 0x71 at 0x0029
I/dalvikvm( 1777): DexOpt: unable to optimize instance field ref 0x076d at 0x2d in Lmbx;.a
D/dalvikvm( 1567): GC_FOR_ALLOC freed 1122K, 51% free 7350K/14816K, paused 8ms, total 8ms
D/dalvikvm( 1777): GC_EXPLICIT freed 476K, 15% free 5557K/6476K, paused 4ms+0ms, total 9ms
E/BluetoothAdapter( 1811): Bluetooth binder is null
I/NearbyDiscovery( 1777): DiscoveryService created [CONTEXT service_id=49 ]
I/dalvikvm( 1777): Could not find method android.os.UserHandle.isOwner, referenced from method ahls.a
W/dalvikvm( 1777): VFY: unable to resolve virtual method 29745: Landroid/os/UserHandle;.isOwner ()Z
D/dalvikvm( 1777): VFY: replacing opcode 0x6e at 0x000a
I/NativeLibraryUtils( 2157): Extraction to /data/data/com.google.android.gms/app_extracted_libs/x86/libjingle_peerconnection_so.so true
I/ActivityManager( 1567): Start proc com.android.music for broadcast com.android.music/.MediaButtonIntentReceiver: pid=2260 uid=10036 gids={50036, 3003, 1028, 1015}
I/dalvikvm( 1777): Could not find method android.app.NotificationManager.getCurrentInterruptionFilter, referenced from method nea.b
W/dalvikvm( 1777): VFY: unable to resolve virtual method 2504: Landroid/app/NotificationManager;.getCurrentInterruptionFilter ()I
D/dalvikvm( 1777): VFY: replacing opcode 0x6e at 0x0002
I/dalvikvm( 1777): Could not find method android.os.PowerManager.isInteractive, referenced from method acej.a
W/dalvikvm( 1777): VFY: unable to resolve virtual method 29693: Landroid/os/PowerManager;.isInteractive ()Z
D/dalvikvm( 1777): VFY: replacing opcode 0x6e at 0x0103
I/dalvikvm( 2260): CheckJNI enabled: not enabling JNI app bug workarounds.
I/NativeLibraryUtils( 2157): Extraction to /data/data/com.google.android.gms/app_extracted_libs/x86/libleveldbjni.so true
D/dalvikvm( 1567): GC_FOR_ALLOC freed 1074K, 51% free 7369K/14816K, paused 13ms, total 16ms
I/PackageManager( 1567): Running dexopt on: com.android.music
I/NativeLibraryUtils( 2157): Extraction to /data/data/com.google.android.gms/app_extracted_libs/x86/libmatching.so true
W/linker  ( 2275): libdvm.so has text relocations. This is wasting memory and is a security risk. Please fix.
I/NativeLibraryUtils( 2157): Extraction to /data/data/com.google.android.gms/app_extracted_libs/x86/libvcdiffjni.so true
D/dalvikvm( 2157): GC_FOR_ALLOC freed 1273K, 18% free 7144K/8624K, paused 5ms, total 5ms
I/NativeLibraryUtils( 2157): Extraction to /data/data/com.google.android.gms/app_extracted_libs/x86/libwearable-selector.so true
D/dalvikvm( 2275): DexOpt: load 9ms, verify+opt 14ms, 753588 bytes
D/dalvikvm( 1567): GC_FOR_ALLOC freed 1113K, 51% free 7355K/14816K, paused 8ms, total 8ms
I/MediaFocusControl( 1567):   Remote Control   registerMediaButtonIntent() for PendingIntent{9d923d78: PendingIntentRecord{9d75a758 com.android.music broadcastIntent}}
D/dalvikvm( 1777): GC_FOR_ALLOC freed 546K, 12% free 5889K/6688K, paused 4ms, total 4ms
E/dalvikvm( 1777): Could not find class 'android.app.NotificationChannel', referenced from method aciq.a
W/dalvikvm( 1777): VFY: unable to resolve new-instance 7732 (Landroid/app/NotificationChannel;) in Laciq;
D/dalvikvm( 1777): VFY: replacing opcode 0x22 at 0x00a8
D/dalvikvm( 1777): DexOpt: unable to opt direct call 0x6f0e at 0xad in Laciq;.a
I/dalvikvm( 2157): Could not find method android.app.Activity.getMediaController, referenced from method com.google.android.chimera.ActivityBase.getMediaController
E/BluetoothAdapter( 1777): Bluetooth binder is null
W/dalvikvm( 2157): VFY: unable to resolve virtual method 2155: Landroid/app/Activity;.getMediaController ()Landroid/media/session/MediaController;
D/dalvikvm( 2157): VFY: replacing opcode 0x6e at 0x0002
I/dalvikvm( 2157): Could not find method android.app.Activity.getSearchEvent, referenced from method com.google.android.chimera.ActivityBase.getSearchEvent
W/dalvikvm( 2157): VFY: unable to resolve virtual method 2160: Landroid/app/Activity;.getSearchEvent ()Landroid/view/SearchEvent;
D/dalvikvm( 2157): VFY: replacing opcode 0x6e at 0x0002
W/dalvikvm( 2157): VFY: unable to find class referenced in signature (Landroid/app/VoiceInteractor;)
W/dalvikvm( 2157): VFY: unable to find class referenced in signature (Landroid/app/VoiceInteractor;)
W/dalvikvm( 2157): VFY: unable to find class referenced in signature (Landroid/os/PersistableBundle;)
W/dalvikvm( 2157): VFY: unable to find class referenced in signature (Landroid/os/PersistableBundle;)
W/dalvikvm( 2157): VFY: unable to find class referenced in signature (Landroid/os/PersistableBundle;)
W/dalvikvm( 2157): VFY: unable to find class referenced in signature (Landroid/os/PersistableBundle;)
W/dalvikvm( 2157): VFY: unable to find class referenced in signature (Landroid/app/assist/AssistContent;)
W/dalvikvm( 2157): VFY: unable to find class referenced in signature (Landroid/app/assist/AssistContent;)
W/dalvikvm( 2157): VFY: unable to find class referenced in signature (Landroid/os/PersistableBundle;)
W/dalvikvm( 2157): VFY: unable to find class referenced in signature (Landroid/os/PersistableBundle;)
W/NearbyShared( 1777): BTConnStateMgr:BluetoothAdapter.getDefaultAdapter() return null!
