W/dalvikvm( 2157): VFY: unable to find class referenced in signature (Landroid/os/PersistableBundle;)
W/dalvikvm( 2157): VFY: unable to find class referenced in signature (Landroid/os/PersistableBundle;)
W/dalvikvm( 2157): VFY: unable to find class referenced in signature (Landroid/view/SearchEvent;)
W/dalvikvm( 2157): VFY: unable to find class referenced in signature (Landroid/view/SearchEvent;)
I/dalvikvm( 2157): Could not find method android.app.Activity.requestPermissions, referenced from method com.google.android.chimera.ActivityBase.requestPermissions
W/dalvikvm( 2157): VFY: unable to resolve virtual method 2194: Landroid/app/Activity;.requestPermissions ([Ljava/lang/String;I)V
D/dalvikvm( 2157): VFY: replacing opcode 0x6e at 0x0002
W/dalvikvm( 2157): VFY: unable to find class referenced in signature (Landroid/media/session/MediaController;)
I/dalvikvm( 2157): Could not find method android.app.Activity.setMediaController, referenced from method com.google.android.chimera.ActivityBase.setMediaController
W/dalvikvm( 2157): VFY: unable to resolve virtual method 2205: Landroid/app/Activity;.setMediaController (Landroid/media/session/MediaController;)V
D/dalvikvm( 2157): VFY: replacing opcode 0x6e at 0x0002
E/dalvikvm( 2157): Could not find class 'android.app.ActivityManager$TaskDescription', referenced from method com.google.android.gms.growth.ui.webview.GrowthWebViewChimeraActivity.onCreate
W/dalvikvm( 2157): VFY: unable to resolve new-instance 1205 (Landroid/app/ActivityManager$TaskDescription;) in Lcom/google/android/gms/growth/ui/webview/GrowthWebViewChimeraActivity;
D/dalvikvm( 2157): VFY: replacing opcode 0x22 at 0x00d9
D/dalvikvm( 2157): DexOpt: unable to opt direct call 0x1060 at 0xe6 in Lcom/google/android/gms/growth/ui/webview/GrowthWebViewChimeraActivity;.onCreate
W/dalvikvm( 1777): VFY: unable to find class referenced in signature (Landroid/bluetooth/le/ScanCallback;)
I/dalvikvm( 1777): Could not find method android.content.Context.getSystemService, referenced from method aclw.a
W/dalvikvm( 1777): VFY: unable to resolve virtual method 28695: Landroid/content/Context;.getSystemService (Ljava/lang/Class;)Ljava/lang/Object;
D/dalvikvm( 1777): VFY: replacing opcode 0x6e at 0x0006
D/dalvikvm( 1567): GC_FOR_ALLOC freed 1030K, 50% free 7420K/14816K, paused 5ms, total 5ms
I/dalvikvm( 1777): Could not find method android.content.Context.getDrawable, referenced from method jk.a
W/dalvikvm( 1777): VFY: unable to resolve virtual method 2472: Landroid/content/Context;.getDrawable (I)Landroid/graphics/drawable/Drawable;
D/dalvikvm( 1777): VFY: replacing opcode 0x6e at 0x0006
I/dalvikvm( 1777): Could not find method android.content.Context.getNoBackupFilesDir, referenced from method jk.b
W/dalvikvm( 1777): VFY: unable to resolve virtual method 2480: Landroid/content/Context;.getNoBackupFilesDir ()Ljava/io/File;
D/dalvikvm( 1777): VFY: replacing opcode 0x6e at 0x0006
E/BluetoothAdapter( 1777): Bluetooth binder is null
I/NearbyDiscovery( 1777): FastPair: Skip backfill FastPairItem, adapter is null [CONTEXT service_id=49 ]
W/dalvikvm( 1826): VFY: unable to resolve static field 1608 (PR_SET_DUMPABLE) in Landroid/system/OsConstants;
D/dalvikvm( 1826): VFY: replacing opcode 0x60 at 0x0017
I/Auth    ( 2157): [WorkAccount] update authenticator enabled for boot or update
D/dalvikvm( 1826): GC_FOR_ALLOC freed 488K, 19% free 3222K/3964K, paused 1ms, total 1ms
W/dalvikvm( 1826): VFY: unable to find class referenced in signature (Lyqx;)
W/dalvikvm( 1826): VFY: unable to find class referenced in signature (Lyro;)
I/dalvikvm( 1777): Could not find method android.os.PowerManager.isPowerSaveMode, referenced from method ayei.a
W/dalvikvm( 1777): VFY: unable to resolve virtual method 1679: Landroid/os/PowerManager;.isPowerSaveMode ()Z
D/dalvikvm( 1777): VFY: replacing opcode 0x6e at 0x0154
I/dalvikvm( 2157): Could not find method android.content.ServiceConnection.onNullBinding, referenced from method uxb.onNullBinding
W/dalvikvm( 2157): VFY: unable to resolve interface method 2566: Landroid/content/ServiceConnection;.onNullBinding (Landroid/content/ComponentName;)V
D/dalvikvm( 2157): VFY: replacing opcode 0x72 at 0x000f
I/dalvikvm( 1826): Could not find method android.system.Os.readlink, referenced from method msk.a
W/dalvikvm( 1826): VFY: unable to resolve static method 3145: Landroid/system/Os;.readlink (Ljava/lang/String;)Ljava/lang/String;
D/dalvikvm( 1826): VFY: replacing opcode 0x71 at 0x00b0
I/dalvikvm( 1826): Could not find method android.os.PowerManager.isInteractive, referenced from method ndc.a
W/dalvikvm( 1826): VFY: unable to resolve virtual method 3046: Landroid/os/PowerManager;.isInteractive ()Z
D/dalvikvm( 1826): VFY: replacing opcode 0x6e at 0x0013
I/dalvikvm( 1826): Could not find method com.google.android.chimera.ModuleContext.getAttributionTag, referenced from method com.google.android.chimera.ModuleContext.createAttributionContext
W/dalvikvm( 1826): VFY: unable to resolve virtual method 14170: Lcom/google/android/chimera/ModuleContext;.getAttributionTag ()Ljava/lang/String;
D/dalvikvm( 1826): VFY: replacing opcode 0x6e at 0x0004
I/dalvikvm( 1826): Could not find method com.google.android.chimera.ContextThemeWrapper.createAttributionContext, referenced from method com.google.android.chimera.ModuleContext.createAttributionContext
W/dalvikvm( 1826): VFY: unable to resolve virtual method 13785: Lcom/google/android/chimera/ContextThemeWrapper;.createAttributionContext (Ljava/lang/String;)Landroid/content/Context;
D/dalvikvm( 1826): VFY: replacing opcode 0x6f at 0x0035
I/dalvikvm( 1826): Could not find method android.content.ContextWrapper.createCredentialProtectedStorageContext, referenced from method com.google.android.chimera.ModuleContext.createCredentialProtectedStorageContext
W/dalvikvm( 1826): VFY: unable to resolve virtual method 2508: Landroid/content/ContextWrapper;.createCredentialProtectedStorageContext ()Landroid/content/Context;
D/dalvikvm( 1826): VFY: replacing opcode 0x6f at 0x0002
I/dalvikvm( 1826): Could not find method android.content.ContextWrapper.createDeviceProtectedStorageContext, referenced from method com.google.android.chimera.ModuleContext.createDeviceProtectedStorageContext
W/dalvikvm( 1826): VFY: unable to resolve virtual method 2509: Landroid/content/ContextWrapper;.createDeviceProtectedStorageContext ()Landroid/content/Context;
D/dalvikvm( 1826): VFY: replacing opcode 0x6f at 0x0002
I/dalvikvm( 1826): Could not find method com.google.android.chimera.ContextThemeWrapper.sendBroadcastWithMultiplePermissions, referenced from method com.google.android.chimera.ModuleContext.sendBroadcastWithMultiplePermissions
W/dalvikvm( 1826): VFY: unable to resolve virtual method 13795: Lcom/google/android/chimera/ContextThemeWrapper;.sendBroadcastWithMultiplePermissions (Landroid/content/Intent;[Ljava/lang/String;)V
D/dalvikvm( 1826): VFY: replacing opcode 0x6f at 0x0009
I/MultiDex( 1826): VM with version 1.6.0 does not have multidex support
I/NearbyDiscovery( 1777): FastPair: HeadsetPieceImage, grant permission files:0 [CONTEXT service_id=49 ]
I/MultiDex( 1826): Installing application
I/MultiDex( 1826): MultiDexExtractor(/system/priv-app/PrebuiltGmsCore.apk, /data/data/com.google.android.gms/code_cache/secondary-dexes)
D/dalvikvm( 1826): GC_FOR_ALLOC freed 446K, 18% free 3287K/3984K, paused 2ms, total 2ms
I/NearbyDiscovery( 1777): FastPairEventStream: Skip initialize event stream, adapter is null [CONTEXT service_id=49 ]
D/dalvikvm( 2157): GC_FOR_ALLOC freed 1234K, 17% free 7257K/8720K, paused 4ms, total 4ms
I/MultiDex( 1826): Blocking on lock /data/data/com.google.android.gms/code_cache/secondary-dexes/MultiDex.lock
I/MultiDex( 1826): /data/data/com.google.android.gms/code_cache/secondary-dexes/MultiDex.lock locked
I/MultiDex( 1826): MultiDexExtractor.load(/system/priv-app/PrebuiltGmsCore.apk, false, )
I/MultiDex( 1826): loading existing secondary dex files
D/dalvikvm( 1826): GC_FOR_ALLOC freed 141K, 19% free 3276K/4044K, paused 2ms, total 2ms
I/MultiDex( 1826): load found 5 secondary dex files
I/MultiDex( 1826): install done
W/ModuleManager( 2157): Unable to get current module's fulfilled APIs in ModuleManager created with non-module Context
I/dalvikvm( 1826): Could not find method android.os.UserHandle.isOwner, referenced from method nmy.f
W/dalvikvm( 1826): VFY: unable to resolve virtual method 3081: Landroid/os/UserHandle;.isOwner ()Z
D/dalvikvm( 1826): VFY: replacing opcode 0x6e at 0x000a
D/dalvikvm( 1777): Trying to load lib /data/data/com.google.android.gms/app_extracted_libs/x86/libleveldbjni.so 0x9d0022c0
D/dalvikvm( 1826): DexOpt: couldn't find field Landroid/content/pm/ApplicationInfo;.splitSourceDirs
W/dalvikvm( 1826): VFY: unable to resolve instance field 1475
D/dalvikvm( 1826): VFY: replacing opcode 0x54 at 0x0055
D/dalvikvm( 1826): DexOpt: couldn't find static field Landroid/os/Build;.SUPPORTED_ABIS
W/dalvikvm( 1826): VFY: unable to resolve static field 1540 (SUPPORTED_ABIS) in Landroid/os/Build;
D/dalvikvm( 1826): VFY: replacing opcode 0x62 at 0x00d1
I/dalvikvm( 1826): Could not find method android.system.Os.stat, referenced from method nop.a
W/dalvikvm( 1826): VFY: unable to resolve static method 3146: Landroid/system/Os;.stat (Ljava/lang/String;)Landroid/system/StructStat;
D/dalvikvm( 1826): VFY: replacing opcode 0x71 at 0x0182
E/dalvikvm( 1777): dlopen("/data/data/com.google.android.gms/app_extracted_libs/x86/libleveldbjni.so") failed: dlopen failed: library "/data/data/com.google.android.gms/app_extracted_libs/x86/libleveldbjni.so" not found
I/dalvikvm( 1826): Could not find method android.content.pm.PackageManager.getPackageInstaller, referenced from method men.a
W/dalvikvm( 1826): VFY: unable to resolve virtual method 2608: Landroid/content/pm/PackageManager;.getPackageInstaller ()Landroid/content/pm/PackageInstaller;
D/dalvikvm( 1826): VFY: replacing opcode 0x6e at 0x001c
W/DynamiteModule( 1826): Local module descriptor class for providerinstaller not found.
W/GmsNativeLibraryLoader( 1777): Unable to load native code from existing library /data/data/com.google.android.gms/app_extracted_libs/x86/libleveldbjni.so
W/GmsNativeLibraryLoader( 1777): java.lang.UnsatisfiedLinkError: dlopen failed: library "/data/data/com.google.android.gms/app_extracted_libs/x86/libleveldbjni.so" not found
W/GmsNativeLibraryLoader( 1777): 	at java.lang.Runtime.load(Runtime.java:333)
W/GmsNativeLibraryLoader( 1777): 	at java.lang.System.load(System.java:512)
W/GmsNativeLibraryLoader( 1777): 	at nou.b(:com.google.android.gms@202414005@20.24.14 (000700-319035315):33)
W/GmsNativeLibraryLoader( 1777): 	at npp.b(:com.google.android.gms@202414005@20.24.14 (000700-319035315):5)
W/GmsNativeLibraryLoader( 1777): 	at com.google.android.gms.leveldb.environment.LevelDbPlatform.loadLibrary(:com.google.android.gms@202414005@20.24.14 (000700-319035315):0)
W/GmsNativeLibraryLoader( 1777): 	at com.google.android.gms.leveldb.LevelDb.<clinit>(:com.google.android.gms@202414005@20.24.14 (000700-319035315):0)
W/GmsNativeLibraryLoader( 1777): 	at abtf.e(:com.google.android.gms@202414005@20.24.14 (000700-319035315):2)
W/GmsNativeLibraryLoader( 1777): 	at abtf.d(:com.google.android.gms@202414005@20.24.14 (000700-319035315):1)
W/GmsNativeLibraryLoader( 1777): 	at acex.e(:com.google.android.gms@202414005@20.24.14 (000700-319035315):0)
W/GmsNativeLibraryLoader( 1777): 	at aceu.a(:com.google.android.gms@202414005@20.24.14 (000700-319035315):14)
W/GmsNativeLibraryLoader( 1777): 	at acni.run(:com.google.android.gms@202414005@20.24.14 (000700-319035315):4)
W/GmsNativeLibraryLoader( 1777): 	at bkpr.handleMessage(:com.google.android.gms@202414005@20.24.14 (000700-319035315):9)
W/GmsNativeLibraryLoader( 1777): 	at android.os.Handler.dispatchMessage(Handler.java:102)
W/GmsNativeLibraryLoader( 1777): 	at ypf.a(:com.google.android.gms@202414005@20.24.14 (000700-319035315):2)
W/GmsNativeLibraryLoader( 1777): 	at ypf.dispatchMessage(:com.google.android.gms@202414005@20.24.14 (000700-319035315):14)
W/GmsNativeLibraryLoader( 1777): 	at android.os.Looper.loop(Looper.java:136)
W/GmsNativeLibraryLoader( 1777): 	at android.os.HandlerThread.run(HandlerThread.java:61)
I/dalvikvm( 1826): Could not find method android.system.Os.readlink, referenced from method bse.a
W/dalvikvm( 1826): VFY: unable to resolve static method 3145: Landroid/system/Os;.readlink (Ljava/lang/String;)Ljava/lang/String;
D/dalvikvm( 1826): VFY: replacing opcode 0x71 at 0x0044
I/dalvikvm( 1826): Could not find method android.system.Os.symlink, referenced from method bse.a
W/dalvikvm( 1826): VFY: unable to resolve static method 3147: Landroid/system/Os;.symlink (Ljava/lang/String;Ljava/lang/String;)V
D/dalvikvm( 1826): VFY: replacing opcode 0x71 at 0x00b0
I/dalvikvm( 1826): Could not find method android.system.Os.stat, referenced from method bse.a
W/dalvikvm( 1826): VFY: unable to resolve static method 3146: Landroid/system/Os;.stat (Ljava/lang/String;)Landroid/system/StructStat;
D/dalvikvm( 1826): VFY: replacing opcode 0x71 at 0x0005
W/dalvikvm( 1826): VFY: unable to resolve static field 1615 (S_IXUSR) in Landroid/system/OsConstants;
D/dalvikvm( 1826): VFY: replacing opcode 0x60 at 0x0007
I/dalvikvm( 1826): Could not find method android.system.Os.stat, referenced from method bse.b
W/dalvikvm( 1826): VFY: unable to resolve static method 3146: Landroid/system/Os;.stat (Ljava/lang/String;)Landroid/system/StructStat;
D/dalvikvm( 1826): VFY: replacing opcode 0x71 at 0x0040
W/dalvikvm( 1826): VFY: unable to resolve static field 1612 (S_IRUSR) in Landroid/system/OsConstants;
D/dalvikvm( 1826): VFY: replacing opcode 0x60 at 0x0007
D/dalvikvm( 1826): DexOpt: couldn't find static field Landroid/os/Build;.SUPPORTED_64_BIT_ABIS
W/dalvikvm( 1826): VFY: unable to resolve static field 1539 (SUPPORTED_64_BIT_ABIS) in Landroid/os/Build;
D/dalvikvm( 1826): VFY: replacing opcode 0x62 at 0x0214
W/ProviderHelper( 1826): Unknown dynamite feature providerinstaller
I/DynamiteModule( 1826): Considering local module providerinstaller:0 and remote module providerinstaller:0
W/ProviderInstaller( 1826): Failed to load providerinstaller module: No acceptable module found. Local version is 0 and remote version is 0.
I/dalvikvm( 1826): Could not find method android.content.ContextWrapper.createCredentialProtectedStorageContext, referenced from method nfr.createCredentialProtectedStorageContext
W/dalvikvm( 1826): VFY: unable to resolve virtual method 2508: Landroid/content/ContextWrapper;.createCredentialProtectedStorageContext ()Landroid/content/Context;
D/dalvikvm( 1826): VFY: replacing opcode 0x6f at 0x0002
I/dalvikvm( 1826): Could not find method android.content.ContextWrapper.createDeviceProtectedStorageContext, referenced from method nfr.createDeviceProtectedStorageContext
W/dalvikvm( 1826): VFY: unable to resolve virtual method 2509: Landroid/content/ContextWrapper;.createDeviceProtectedStorageContext ()Landroid/content/Context;
D/dalvikvm( 1826): VFY: replacing opcode 0x6f at 0x0002
D/dalvikvm( 1826): DexOpt: couldn't find static field Landroid/os/Build;.SUPPORTED_64_BIT_ABIS
W/dalvikvm( 1826): VFY: unable to resolve static field 1539 (SUPPORTED_64_BIT_ABIS) in Landroid/os/Build;
D/dalvikvm( 1826): VFY: replacing opcode 0x62 at 0x0080
D/dalvikvm( 1826): DexOpt: couldn't find static field Landroid/os/Build;.SUPPORTED_ABIS
W/dalvikvm( 1826): VFY: unable to resolve static field 1540 (SUPPORTED_ABIS) in Landroid/os/Build;
D/dalvikvm( 1826): VFY: replacing opcode 0x62 at 0x00d3
V/NativeCrypto( 1826): Registering com/google/android/gms/org/conscrypt/NativeCrypto's 286 native methods...
W/dalvikvm( 1826): Unable to resolve superclass of Lcom/google/android/gms/org/conscrypt/TrustManagerImpl; (5184)
W/dalvikvm( 1826): Link of class 'Lcom/google/android/gms/org/conscrypt/TrustManagerImpl;' failed
I/dalvikvm( 1826): Could not find method com.google.android.gms.org.conscrypt.TrustManagerImpl.getDefaultHostnameVerifier, referenced from method com.google.android.gms.org.conscrypt.Conscrypt.getDefaultHostnameVerifier
W/dalvikvm( 1826): VFY: unable to resolve static method 17870: Lcom/google/android/gms/org/conscrypt/TrustManagerImpl;.getDefaultHostnameVerifier ()Lcom/google/android/gms/org/conscrypt/ConscryptHostnameVerifier;
D/dalvikvm( 1826): VFY: replacing opcode 0x71 at 0x0003
W/dalvikvm( 1826): Unable to resolve superclass of Lcom/google/android/gms/org/conscrypt/TrustManagerImpl; (5184)
W/dalvikvm( 1826): Link of class 'Lcom/google/android/gms/org/conscrypt/TrustManagerImpl;' failed
D/dalvikvm( 1826): GC_FOR_ALLOC freed 447K, 18% free 3341K/4044K, paused 1ms, total 1ms
W/dalvikvm( 1826): VFY: unable to find class referenced in signature (Lcom/google/android/gms/org/conscrypt/TrustManagerImpl;)
W/dalvikvm( 1826): Unable to resolve superclass of Lcom/google/android/gms/org/conscrypt/TrustManagerImpl; (5184)
W/dalvikvm( 1826): Link of class 'Lcom/google/android/gms/org/conscrypt/TrustManagerImpl;' failed
I/dalvikvm( 1826): Could not find method com.google.android.gms.org.conscrypt.TrustManagerImpl.getHostnameVerifier, referenced from method com.google.android.gms.org.conscrypt.Conscrypt.getHostnameVerifier
W/dalvikvm( 1826): VFY: unable to resolve virtual method 17872: Lcom/google/android/gms/org/conscrypt/TrustManagerImpl;.getHostnameVerifier ()Lcom/google/android/gms/org/conscrypt/ConscryptHostnameVerifier;
D/dalvikvm( 1826): VFY: replacing opcode 0x6e at 0x0004
W/dalvikvm( 1826): Unable to resolve superclass of Lcom/google/android/gms/org/conscrypt/TrustManagerImpl; (5184)
W/dalvikvm( 1826): Link of class 'Lcom/google/android/gms/org/conscrypt/TrustManagerImpl;' failed
E/dalvikvm( 1826): Could not find class 'com.google.android.gms.org.conscrypt.TrustManagerImpl', referenced from method com.google.android.gms.org.conscrypt.Conscrypt.isConscrypt
W/dalvikvm( 1826): VFY: unable to resolve instanceof 4452 (Lcom/google/android/gms/org/conscrypt/TrustManagerImpl;) in Lcom/google/android/gms/org/conscrypt/Conscrypt;
D/dalvikvm( 1826): VFY: replacing opcode 0x20 at 0x0000
W/dalvikvm( 1826): Unable to resolve superclass of Lcom/google/android/gms/org/conscrypt/TrustManagerImpl; (5184)
W/dalvikvm( 1826): Link of class 'Lcom/google/android/gms/org/conscrypt/TrustManagerImpl;' failed
I/dalvikvm( 1826): Could not find method com.google.android.gms.org.conscrypt.TrustManagerImpl.setDefaultHostnameVerifier, referenced from method com.google.android.gms.org.conscrypt.Conscrypt.setDefaultHostnameVerifier
W/dalvikvm( 1826): VFY: unable to resolve static method 17882: Lcom/google/android/gms/org/conscrypt/TrustManagerImpl;.setDefaultHostnameVerifier (Lcom/google/android/gms/org/conscrypt/ConscryptHostnameVerifier;)V
D/dalvikvm( 1826): VFY: replacing opcode 0x71 at 0x0003
W/dalvikvm( 1826): Unable to resolve superclass of Lcom/google/android/gms/org/conscrypt/TrustManagerImpl; (5184)
W/dalvikvm( 1826): Link of class 'Lcom/google/android/gms/org/conscrypt/TrustManagerImpl;' failed
W/dalvikvm( 1826): VFY: unable to find class referenced in signature (Lcom/google/android/gms/org/conscrypt/TrustManagerImpl;)
W/dalvikvm( 1826): Unable to resolve superclass of Lcom/google/android/gms/org/conscrypt/TrustManagerImpl; (5184)
W/dalvikvm( 1826): Link of class 'Lcom/google/android/gms/org/conscrypt/TrustManagerImpl;' failed
I/dalvikvm( 1826): Could not find method com.google.android.gms.org.conscrypt.TrustManagerImpl.setHostnameVerifier, referenced from method com.google.android.gms.org.conscrypt.Conscrypt.setHostnameVerifier
W/dalvikvm( 1826): VFY: unable to resolve virtual method 17883: Lcom/google/android/gms/org/conscrypt/TrustManagerImpl;.setHostnameVerifier (Lcom/google/android/gms/org/conscrypt/ConscryptHostnameVerifier;)V
D/dalvikvm( 1826): VFY: replacing opcode 0x6e at 0x0004
W/dalvikvm( 1826): Unable to resolve superclass of Lcom/google/android/gms/org/conscrypt/TrustManagerImpl; (5184)
W/dalvikvm( 1826): Link of class 'Lcom/google/android/gms/org/conscrypt/TrustManagerImpl;' failed
E/dalvikvm( 1826): Could not find class 'com.google.android.gms.org.conscrypt.TrustManagerImpl', referenced from method com.google.android.gms.org.conscrypt.Conscrypt.toConscrypt
W/dalvikvm( 1826): VFY: unable to resolve check-cast 4452 (Lcom/google/android/gms/org/conscrypt/TrustManagerImpl;) in Lcom/google/android/gms/org/conscrypt/Conscrypt;
D/dalvikvm( 1826): VFY: replacing opcode 0x1f at 0x002a
D/dalvikvm( 1826): GC_FOR_ALLOC freed 375K, 16% free 3477K/4104K, paused 1ms, total 1ms
D/dalvikvm( 1567): GC_FOR_ALLOC freed 1173K, 51% free 7360K/14816K, paused 13ms, total 13ms
D/dalvikvm( 1826): GC_FOR_ALLOC freed 137K, 10% free 3839K/4240K, paused 2ms, total 2ms
D/dalvikvm( 2157): GC_FOR_ALLOC freed 2823K, 35% free 5813K/8868K, paused 4ms, total 4ms
D/dalvikvm( 1826): GC_FOR_ALLOC freed 130K, 10% free 4185K/4600K, paused 2ms, total 2ms
I/dalvikvm( 1777): Could not find method android.accounts.AccountManager.getPreviousName, referenced from method ayhp.d
W/dalvikvm( 1777): VFY: unable to resolve virtual method 271: Landroid/accounts/AccountManager;.getPreviousName (Landroid/accounts/Account;)Ljava/lang/String;
D/dalvikvm( 1777): VFY: replacing opcode 0x6e at 0x0024
E/BluetoothAdapter( 1777): Bluetooth binder is null
D/dalvikvm( 1826): GC_FOR_ALLOC freed 121K, 9% free 4522K/4948K, paused 2ms, total 2ms
D/dalvikvm( 1777): GC_FOR_ALLOC freed 687K, 14% free 6191K/7128K, paused 28ms, total 28ms
I/dalvikvm( 1777): Could not find method android.accounts.AccountManager.removeAccount, referenced from method ymq.c
I/dalvikvm( 1777): Could not find method android.app.AlarmManager.setExactAndAllowWhileIdle, referenced from method nio.a
W/dalvikvm( 1777): VFY: unable to resolve virtual method 2384: Landroid/app/AlarmManager;.setExactAndAllowWhileIdle (IJLandroid/app/PendingIntent;)V
D/dalvikvm( 1777): VFY: replacing opcode 0x6e at 0x000b
I/dalvikvm( 1777): Failed resolving Lnin; interface 549 'Landroid/app/AlarmManager$OnAlarmListener;'
W/dalvikvm( 1777): Link of class 'Lnin;' failed
W/dalvikvm( 1777): VFY: unable to find class referenced in signature (Lnin;)
I/dalvikvm( 1777): Could not find method android.app.AlarmManager.set, referenced from method nio.a
W/dalvikvm( 1777): VFY: unable to resolve virtual method 2381: Landroid/app/AlarmManager;.set (IJJJLandroid/app/AlarmManager$OnAlarmListener;Landroid/os/Handler;Landroid/os/WorkSource;)V
D/dalvikvm( 1777): VFY: replacing opcode 0x74 at 0x0024
I/dalvikvm( 1777): Failed resolving Lnin; interface 549 'Landroid/app/AlarmManager$OnAlarmListener;'
W/dalvikvm( 1777): Link of class 'Lnin;' failed
W/dalvikvm( 1777): VFY: unable to find class referenced in signature (Lnin;)
I/dalvikvm( 1777): Could not find method android.app.AlarmManager.cancel, referenced from method nio.a
W/dalvikvm( 1777): VFY: unable to resolve virtual method 2378: Landroid/app/AlarmManager;.cancel (Landroid/app/AlarmManager$OnAlarmListener;)V
D/dalvikvm( 1777): VFY: replacing opcode 0x6e at 0x0002
I/dalvikvm( 1777): Could not find method android.os.UserManager.isManagedProfile, referenced from method ffl.a
W/dalvikvm( 1777): VFY: unable to resolve virtual method 4277: Landroid/os/UserManager;.isManagedProfile ()Z
D/dalvikvm( 1777): VFY: replacing opcode 0x6e at 0x0024
W/dalvikvm( 1777): VFY: unable to resolve virtual method 4165: Landroid/accounts/AccountManager;.removeAccount (Landroid/accounts/Account;Landroid/app/Activity;Landroid/accounts/AccountManagerCallback;Landroid/os/Handler;)Landroid/accounts/AccountManagerFuture;
D/dalvikvm( 1777): VFY: replacing opcode 0x6e at 0x0009
I/dalvikvm( 1777): Could not find method android.accounts.AccountManager.removeAccountExplicitly, referenced from method ymq.d
W/dalvikvm( 1777): VFY: unable to resolve virtual method 4166: Landroid/accounts/AccountManager;.removeAccountExplicitly (Landroid/accounts/Account;)Z
D/dalvikvm( 1777): VFY: replacing opcode 0x6e at 0x0008
D/dalvikvm( 1826): GC_FOR_ALLOC freed 135K, 9% free 4840K/5304K, paused 10ms, total 10ms
I/dalvikvm( 1777): Could not find method android.app.admin.DevicePolicyManager.isProfileOwnerApp, referenced from method hbs.c
W/dalvikvm( 1777): VFY: unable to resolve virtual method 2595: Landroid/app/admin/DevicePolicyManager;.isProfileOwnerApp (Ljava/lang/String;)Z
D/dalvikvm( 1777): VFY: replacing opcode 0x6e at 0x0011
I/dalvikvm( 1777): Could not find method android.app.admin.DevicePolicyManager.getProfileOwner, referenced from method hbs.a
W/dalvikvm( 1777): VFY: unable to resolve virtual method 2591: Landroid/app/admin/DevicePolicyManager;.getProfileOwner ()Landroid/content/ComponentName;
D/dalvikvm( 1777): VFY: replacing opcode 0x6e at 0x0012
E/dalvikvm( 1826): Could not find class 'javax.net.ssl.SNIServerName', referenced from method com.google.android.gms.org.conscrypt.Platform.getSniHostnameFromParams
W/dalvikvm( 1826): VFY: unable to resolve check-cast 5160 (Ljavax/net/ssl/SNIServerName;) in Lcom/google/android/gms/org/conscrypt/Platform;
D/dalvikvm( 1826): VFY: replacing opcode 0x1f at 0x0025
E/dalvikvm( 1826): Could not find class 'javax.net.ssl.SNIHostName', referenced from method com.google.android.gms.org.conscrypt.Platform.setParametersSniHostname
W/dalvikvm( 1826): VFY: unable to resolve new-instance 5159 (Ljavax/net/ssl/SNIHostName;) in Lcom/google/android/gms/org/conscrypt/Platform;
D/dalvikvm( 1826): VFY: replacing opcode 0x22 at 0x0024
E/dalvikvm( 1826): Could not find class 'javax.net.ssl.SNIHostName', referenced from method com.google.android.gms.org.conscrypt.Platform.setParametersSniHostname
W/dalvikvm( 1826): VFY: unable to resolve new-instance 5159 (Ljavax/net/ssl/SNIHostName;) in Lcom/google/android/gms/org/conscrypt/Platform;
D/dalvikvm( 1826): VFY: replacing opcode 0x22 at 0x0024
D/dalvikvm( 1826): DexOpt: unable to opt direct call 0x52f9 at 0x2a in Lcom/google/android/gms/org/conscrypt/Platform;.setParametersSniHostname
D/dalvikvm( 1826): DexOpt: unable to opt direct call 0x52f9 at 0x2a in Lcom/google/android/gms/org/conscrypt/Platform;.setParametersSniHostname
I/NearbyDiscovery( 1777): Show notifications: 0 total, no changes since last shown, no-op. [CONTEXT service_id=49 ]
D/dalvikvm( 1826): GC_FOR_ALLOC freed 421K, 13% free 4991K/5728K, paused 3ms, total 3ms
E/BluetoothAdapter( 1777): Bluetooth binder is null
E/BluetoothAdapter( 1777): Bluetooth binder is null
I/NearbyDiscovery( 1777): DiscoveryService destroyed [CONTEXT service_id=49 ]
D/dalvikvm( 2157): GC_FOR_ALLOC freed 881K, 34% free 5875K/8868K, paused 4ms, total 4ms
I/ProviderInstaller( 1826): Installed default security provider GmsCore_OpenSSL
I/Safeboot( 1826): Checking safeboot...
D/dalvikvm( 1567): GC_FOR_ALLOC freed 1098K, 51% free 7358K/14816K, paused 11ms, total 12ms
I/Safeboot( 1826): Not entering safeboot; wrong process.
E/dalvikvm( 1826): Could not find class 'com.google.common.flogger.backend.google.GooglePlatform', referenced from method beui.a
W/dalvikvm( 1826): VFY: unable to resolve const-class 4605 (Lcom/google/common/flogger/backend/google/GooglePlatform;) in Lbeui;
D/dalvikvm( 1826): VFY: replacing opcode 0x1c at 0x001b
I/Auth    ( 1777): [WorkAccountServiceImpl] init work authenticator
I/dalvikvm( 2157): Could not find method android.app.AlarmManager.setExactAndAllowWhileIdle, referenced from method nio.a
W/dalvikvm( 2157): VFY: unable to resolve virtual method 2384: Landroid/app/AlarmManager;.setExactAndAllowWhileIdle (IJLandroid/app/PendingIntent;)V
D/dalvikvm( 2157): VFY: replacing opcode 0x6e at 0x000b
I/dalvikvm( 2157): Failed resolving Lnin; interface 549 'Landroid/app/AlarmManager$OnAlarmListener;'
W/dalvikvm( 2157): Link of class 'Lnin;' failed
W/dalvikvm( 2157): VFY: unable to find class referenced in signature (Lnin;)
I/dalvikvm( 2157): Could not find method android.app.AlarmManager.set, referenced from method nio.a
W/dalvikvm( 2157): VFY: unable to resolve virtual method 2381: Landroid/app/AlarmManager;.set (IJJJLandroid/app/AlarmManager$OnAlarmListener;Landroid/os/Handler;Landroid/os/WorkSource;)V
D/dalvikvm( 2157): VFY: replacing opcode 0x74 at 0x0024
I/dalvikvm( 2157): Failed resolving Lnin; interface 549 'Landroid/app/AlarmManager$OnAlarmListener;'
W/dalvikvm( 2157): Link of class 'Lnin;' failed
W/dalvikvm( 2157): VFY: unable to find class referenced in signature (Lnin;)
I/dalvikvm( 2157): Could not find method android.app.AlarmManager.cancel, referenced from method nio.a
W/dalvikvm( 2157): VFY: unable to resolve virtual method 2378: Landroid/app/AlarmManager;.cancel (Landroid/app/AlarmManager$OnAlarmListener;)V
D/dalvikvm( 2157): VFY: replacing opcode 0x6e at 0x0002
D/dalvikvm( 1826): GC_FOR_ALLOC freed 361K, 11% free 5291K/5932K, paused 3ms, total 3ms
I/Auth    ( 1777): [WorkAccountServiceImpl] updating authenticator enabled state to: false
I/auxu    ( 1826): Primes not initialized, returning default (no-op) Primes instance which will ignore all calls. Please call Primes.initialize(...) before using any Primes API.
I/dalvikvm( 1826): Could not find method com.google.android.chimera.ContextThemeWrapper.createAttributionContext, referenced from method mnu.createAttributionContext
W/dalvikvm( 1826): VFY: unable to resolve virtual method 13785: Lcom/google/android/chimera/ContextThemeWrapper;.createAttributionContext (Ljava/lang/String;)Landroid/content/Context;
D/dalvikvm( 1826): VFY: replacing opcode 0x6f at 0x0002
I/dalvikvm( 1826): Could not find method android.content.ContextWrapper.createCredentialProtectedStorageContext, referenced from method mnu.createCredentialProtectedStorageContext
W/dalvikvm( 1826): VFY: unable to resolve virtual method 2508: Landroid/content/ContextWrapper;.createCredentialProtectedStorageContext ()Landroid/content/Context;
D/dalvikvm( 1826): VFY: replacing opcode 0x6f at 0x0002
I/dalvikvm( 1826): Could not find method android.content.ContextWrapper.createDeviceProtectedStorageContext, referenced from method mnu.createDeviceProtectedStorageContext
W/dalvikvm( 1826): VFY: unable to resolve virtual method 2509: Landroid/content/ContextWrapper;.createDeviceProtectedStorageContext ()Landroid/content/Context;
D/dalvikvm( 1826): VFY: replacing opcode 0x6f at 0x0002
I/dalvikvm( 1826): Could not find method android.content.Context.bindService, referenced from method uws.bindService
W/dalvikvm( 1826): VFY: unable to resolve virtual method 2453: Landroid/content/Context;.bindService (Landroid/content/Intent;ILjava/util/concurrent/Executor;Landroid/content/ServiceConnection;)Z
D/dalvikvm( 1826): VFY: replacing opcode 0x6e at 0x0018
I/dalvikvm( 1826): Could not find method android.content.Context.bindService, referenced from method uws.bindService
W/dalvikvm( 1826): VFY: unable to resolve virtual method 2453: Landroid/content/Context;.bindService (Landroid/content/Intent;ILjava/util/concurrent/Executor;Landroid/content/ServiceConnection;)Z
D/dalvikvm( 1826): VFY: replacing opcode 0x6e at 0x0030
I/dalvikvm( 1826): Could not find method android.content.Context.startForegroundService, referenced from method uws.startForegroundService
W/dalvikvm( 1826): VFY: unable to resolve virtual method 2501: Landroid/content/Context;.startForegroundService (Landroid/content/Intent;)Landroid/content/ComponentName;
D/dalvikvm( 1826): VFY: replacing opcode 0x6e at 0x001c
I/dalvikvm( 1826): Could not find method android.content.Context.startForegroundService, referenced from method uws.startForegroundService
W/dalvikvm( 1826): VFY: unable to resolve virtual method 2501: Landroid/content/Context;.startForegroundService (Landroid/content/Intent;)Landroid/content/ComponentName;
D/dalvikvm( 1826): VFY: replacing opcode 0x6e at 0x0028
I/dalvikvm( 1826): Could not find method android.os.PowerManager.isPowerSaveMode, referenced from method uwl.a
W/dalvikvm( 1826): VFY: unable to resolve virtual method 3047: Landroid/os/PowerManager;.isPowerSaveMode ()Z
D/dalvikvm( 1826): VFY: replacing opcode 0x6e at 0x0010
I/dalvikvm( 1826): Could not find method android.app.admin.DevicePolicyManager.isProfileOwnerApp, referenced from method hbs.c
W/dalvikvm( 1826): VFY: unable to resolve virtual method 2595: Landroid/app/admin/DevicePolicyManager;.isProfileOwnerApp (Ljava/lang/String;)Z
D/dalvikvm( 1826): VFY: replacing opcode 0x6e at 0x0011
I/dalvikvm( 1826): Could not find method android.app.admin.DevicePolicyManager.getProfileOwner, referenced from method hbs.a
W/dalvikvm( 1826): VFY: unable to resolve virtual method 2591: Landroid/app/admin/DevicePolicyManager;.getProfileOwner ()Landroid/content/ComponentName;
D/dalvikvm( 1826): VFY: replacing opcode 0x6e at 0x0012
D/dalvikvm( 1826): GC_FOR_ALLOC freed 441K, 12% free 5583K/6332K, paused 5ms, total 5ms
I/Icing   ( 2157): Using regular flags by method 2
I/dalvikvm( 1826): Could not find method android.app.NotificationManager.getCurrentInterruptionFilter, referenced from method nea.b
W/dalvikvm( 1826): VFY: unable to resolve virtual method 2504: Landroid/app/NotificationManager;.getCurrentInterruptionFilter ()I
D/dalvikvm( 1826): VFY: replacing opcode 0x6e at 0x0002
I/Auth    ( 2157): [SupervisedAccountIntentOperation] onHandleIntent(): com.google.android.chimera.IntentOperation.NEW_MODULE
I/dalvikvm( 1826): Could not find method android.accounts.AccountManager.removeAccount, referenced from method ymq.c
W/dalvikvm( 1826): VFY: unable to resolve virtual method 4165: Landroid/accounts/AccountManager;.removeAccount (Landroid/accounts/Account;Landroid/app/Activity;Landroid/accounts/AccountManagerCallback;Landroid/os/Handler;)Landroid/accounts/AccountManagerFuture;
D/dalvikvm( 1826): VFY: replacing opcode 0x6e at 0x0009
I/dalvikvm( 1826): Could not find method android.accounts.AccountManager.removeAccountExplicitly, referenced from method ymq.d
W/dalvikvm( 1826): VFY: unable to resolve virtual method 4166: Landroid/accounts/AccountManager;.removeAccountExplicitly (Landroid/accounts/Account;)Z
D/dalvikvm( 1826): VFY: replacing opcode 0x6e at 0x0008
I/dalvikvm( 1826): Could not find method android.content.ServiceConnection.onNullBinding, referenced from method uxb.onNullBinding
W/dalvikvm( 1826): VFY: unable to resolve interface method 2566: Landroid/content/ServiceConnection;.onNullBinding (Landroid/content/ComponentName;)V
D/dalvikvm( 1826): VFY: replacing opcode 0x72 at 0x000f
I/dalvikvm( 2157): Could not find method android.os.UserManager.isManagedProfile, referenced from method nmn.g
W/dalvikvm( 2157): VFY: unable to resolve virtual method 4277: Landroid/os/UserManager;.isManagedProfile ()Z
D/dalvikvm( 2157): VFY: replacing opcode 0x6e at 0x0012
I/dalvikvm( 2157): Could not find method android.app.admin.DevicePolicyManager.getAccountTypesWithManagementDisabled, referenced from method nmn.i
W/dalvikvm( 2157): VFY: unable to resolve virtual method 2586: Landroid/app/admin/DevicePolicyManager;.getAccountTypesWithManagementDisabled ()[Ljava/lang/String;
D/dalvikvm( 2157): VFY: replacing opcode 0x6e at 0x002b
D/dalvikvm( 1826): GC_FOR_ALLOC freed 263K, 9% free 6120K/6720K, paused 5ms, total 5ms
W/ActivityManager( 1567): Unable to start service Intent { act=com.google.android.gms.auth.key.retrieval.service.START pkg=com.google.android.gms } U=0: not found
D/dalvikvm( 1567): GC_FOR_ALLOC freed 1062K, 51% free 7392K/14816K, paused 9ms, total 9ms
E/GmsClient( 2157): unable to connect to service: com.google.android.gms.auth.key.retrieval.service.START on com.google.android.gms
I/Auth    ( 2157): [SupervisedAccountIntentOperation] This operation is disabled
W/ActivityManager( 1567): Unbind failed: could not find connection for android.os.BinderProxy@9db3c688
I/ahju    ( 1777): Scheduling Phenotype for a PhenotypeSyncImmediately(6, com.google.android.gms.settings.platform) one off with window [1, 2] in seconds [CONTEXT service_id=51 ]
D/dalvikvm( 1826): GC_FOR_ALLOC freed 288K, 9% free 6778K/7436K, paused 6ms, total 6ms
I/Auth    ( 1826): [Change,AccountsChange] First snapshot
D/dalvikvm( 1567): GC_FOR_ALLOC freed 1085K, 50% free 7408K/14816K, paused 8ms, total 8ms
W/WakefulBroadcastReceiv.( 1826): No active wake lock id #1
I/dalvikvm( 1777): Could not find method android.os.UserManager.isManagedProfile, referenced from method nmn.g
W/dalvikvm( 1777): VFY: unable to resolve virtual method 4277: Landroid/os/UserManager;.isManagedProfile ()Z
D/dalvikvm( 1777): VFY: replacing opcode 0x6e at 0x0012
I/dalvikvm( 1777): Could not find method android.app.admin.DevicePolicyManager.getAccountTypesWithManagementDisabled, referenced from method nmn.i
W/dalvikvm( 1777): VFY: unable to resolve virtual method 2586: Landroid/app/admin/DevicePolicyManager;.getAccountTypesWithManagementDisabled ()[Ljava/lang/String;
D/dalvikvm( 1777): VFY: replacing opcode 0x6e at 0x002b
D/dalvikvm( 1567): GC_FOR_ALLOC freed 1117K, 51% free 7400K/14816K, paused 7ms, total 7ms
D/dalvikvm( 2157): GC_FOR_ALLOC freed 667K, 31% free 6171K/8868K, paused 4ms, total 4ms
I/dalvikvm( 2157): Could not find method android.app.NotificationManager.getCurrentInterruptionFilter, referenced from method nea.b
W/dalvikvm( 2157): VFY: unable to resolve virtual method 2504: Landroid/app/NotificationManager;.getCurrentInterruptionFilter ()I
D/dalvikvm( 2157): VFY: replacing opcode 0x6e at 0x0002
D/dalvikvm( 1777): GC_FOR_ALLOC freed 799K, 14% free 6483K/7532K, paused 7ms, total 7ms
I/GCoreUlr( 1777): WorldUpdater received intent Intent { act=com.google.android.location.reporting.ACTION_UPDATE_WORLD cmp=com.google.android.gms/com.google.android.location.reporting.service.DispatchingService (has extras) } with receiverAction android.location.PROVIDERS_CHANGED
I/ahju    ( 1777): Scheduling Phenotype for a PhenotypeSyncImmediately(6, com.google.android.gms.settings.platform.boot) one off with window [1, 2] in seconds [CONTEXT service_id=51 ]
I/dalvikvm( 1777): Could not find method android.provider.DeviceConfig.getProperty, referenced from method ahlr.a
W/dalvikvm( 1777): VFY: unable to resolve static method 29770: Landroid/provider/DeviceConfig;.getProperty (Ljava/lang/String;Ljava/lang/String;)Ljava/lang/String;
D/dalvikvm( 1777): VFY: replacing opcode 0x71 at 0x0000
I/dalvikvm( 1777): Could not find method android.provider.DeviceConfig.setProperty, referenced from method ahlr.a
W/dalvikvm( 1777): VFY: unable to resolve static method 29771: Landroid/provider/DeviceConfig;.setProperty (Ljava/lang/String;Ljava/lang/String;Ljava/lang/String;Z)Z
D/dalvikvm( 1777): VFY: replacing opcode 0x71 at 0x0000
D/dalvikvm( 1567): GC_FOR_ALLOC freed 1078K, 50% free 7415K/14816K, paused 7ms, total 7ms
I/GCoreUlr( 1777): WorldUpdater:android.location.PROVIDERS_CHANGED: Ensuring that reporting is stopped because of reasons: (no Google accounts)
D/dalvikvm( 1567): GC_FOR_ALLOC freed 1111K, 50% free 7413K/14816K, paused 9ms, total 9ms
D/dalvikvm( 1567): GC_FOR_ALLOC freed 1069K, 50% free 7445K/14816K, paused 8ms, total 8ms
I/GCoreUlr( 1777): Unbound from all signal providers.
I/NearbySharing( 2157): Runtime state initialization complete. Sharing is disabled. [CONTEXT service_id=194 ]
W/ActivityManager( 1567): Unable to start service Intent { act=com.google.android.gms.nearby.discovery:ACTION_INIT_MESSAGES_PATH cmp=com.google.android.gms/.nearby.discovery.service.DiscoveryService } U=0: not found
D/dalvikvm( 2157): GC_FOR_ALLOC freed 913K, 29% free 6320K/8868K, paused 4ms, total 4ms
I/PeopleSync( 2157): First sync
W/dalvikvm( 2157): VFY: unable to find class referenced in signature (Landroid/net/Network;)
W/dalvikvm( 2157): VFY: unable to find class referenced in signature (Landroid/net/Network;)
I/dalvikvm( 2157): Could not find method android.net.Network.openConnection, referenced from method wna.a
W/dalvikvm( 2157): VFY: unable to resolve virtual method 5072: Landroid/net/Network;.openConnection (Ljava/net/URL;)Ljava/net/URLConnection;
D/dalvikvm( 2157): VFY: replacing opcode 0x6e at 0x008f
E/GmsRequestQueue( 2157): Tried to stop global GMSCore RequestQueue. This is likely unintended, so ignoring.
D/dalvikvm( 1567): GC_FOR_ALLOC freed 1145K, 50% free 7418K/14816K, paused 9ms, total 9ms
I/Authzen ( 2157): [AuthZenEventHandler] Handling event: com.google.android.chimera.IntentOperation.NEW_MODULE
E/Authzen ( 2157): [AuthZenEventHandler] unknown action: com.google.android.chimera.IntentOperation.NEW_MODULE
D/dalvikvm( 1826): GC_EXPLICIT freed 343K, 11% free 6878K/7648K, paused 0ms+1ms, total 5ms
I/PeopleSync( 2157): requestAllFullSyncForContainerUpgrade
I/ahgs    ( 1777): No Heterodyne serving version in database [CONTEXT service_id=51 ]
D/dalvikvm( 2157): GC_FOR_ALLOC freed 944K, 27% free 6487K/8868K, paused 5ms, total 5ms
E/ConfigFileUtils( 2157): Failed to read config file: /data/data/com.google.android.gms/app_chimera/current_fileapks.pb: open failed: ENOENT (No such file or directory)
E/ConfigFileUtils( 2157): Failed to read config file: /data/data/com.google.android.gms/app_chimera/current_fileapks.pb: open failed: ENOENT (No such file or directory)
I/SystemUpdate( 2157): [Installation,ReceiverIntentOperation] Received intent: Intent { act=com.google.android.gms.update.BASE_MODULE_INIT cat=[targeted_intent_op_prefix:.update.control.ReceiverIntentOperation] cmp=com.google.android.gms/.chimera.GmsIntentOperationService }.
I/dalvikvm( 2157): Could not find method android.app.admin.DevicePolicyManager.isProfileOwnerApp, referenced from method hbs.c
W/dalvikvm( 2157): VFY: unable to resolve virtual method 2595: Landroid/app/admin/DevicePolicyManager;.isProfileOwnerApp (Ljava/lang/String;)Z
D/dalvikvm( 2157): VFY: replacing opcode 0x6e at 0x0011
I/dalvikvm( 2157): Could not find method android.app.admin.DevicePolicyManager.getProfileOwner, referenced from method hbs.a
W/dalvikvm( 2157): VFY: unable to resolve virtual method 2591: Landroid/app/admin/DevicePolicyManager;.getProfileOwner ()Landroid/content/ComponentName;
D/dalvikvm( 2157): VFY: replacing opcode 0x6e at 0x0012
D/dalvikvm( 1567): GC_FOR_ALLOC freed 1092K, 50% free 7436K/14816K, paused 9ms, total 9ms
D/dalvikvm( 2157): GC_FOR_ALLOC freed 961K, 25% free 6692K/8868K, paused 5ms, total 5ms
W/Settings( 2157): Setting device_provisioned has moved from android.provider.Settings.Secure to android.provider.Settings.Global.
E/dalvikvm( 2157): Could not find class 'android.net.Network', referenced from method anbj.a
W/dalvikvm( 2157): VFY: unable to resolve check-cast 7930 (Landroid/net/Network;) in Lanbj;
D/dalvikvm( 2157): VFY: replacing opcode 0x1f at 0x01c1
D/dalvikvm( 1567): GC_FOR_ALLOC freed 1137K, 50% free 7414K/14816K, paused 8ms, total 8ms
I/DeletedNullContactsCleanup( 2157): Scheduling the service.
D/dalvikvm( 1826): GC_EXPLICIT freed 1645K, 30% free 5374K/7648K, paused 0ms+0ms, total 6ms
I/BackupAndSyncValidation( 2157): Scheduling the service.
E/SQLiteLog( 2157): (1) no such table: owners
D/dalvikvm( 2157): GC_FOR_ALLOC freed 988K, 22% free 6939K/8868K, paused 5ms, total 5ms
D/dalvikvm( 1567): GC_FOR_ALLOC freed 1106K, 50% free 7418K/14816K, paused 7ms, total 7ms
I/PeopleDatabaseHelper( 2157): cleanUpNonGplusAccounts done.
I/PeopleSearchIndexManage( 2157): ICU version changed from unknown to 51.1.0.1
I/PeopleSearchIndexManage( 2157): Rebuilding index...
I/PeopleInitIntentOp( 2157): Not initializing debuggability [CONTEXT service_id=5 ]
I/SystemUpdate( 2157): [Execution,InstallationEventIntentOperation] Handling event of type 1.
I/PeopleASM( 2157): Rebuilding autocomplete index...
I/PeopleSearchIndexManage( 2157): Rebuilding index done.
D/dalvikvm( 1567): GC_FOR_ALLOC freed 1077K, 50% free 7452K/14816K, paused 6ms, total 7ms
I/SystemUpdate( 2157): [Execution,InstallationIntentOperation] Received intent: Intent { act=com.google.android.gms.update.INSTALL_UPDATE cat=[targeted_intent_op_prefix:.update.execution.InstallationIntentOperation] cmp=com.google.android.gms/.chimera.GmsIntentOperationService }.
I/SystemUpdate( 2157): [Control,InstallationControl] Installation progress updated to (0x000, -1.000).
I/dalvikvm( 2157): Could not find method android.os.UserManager.getUserProfiles, referenced from method apwh.b
W/dalvikvm( 2157): VFY: unable to resolve virtual method 29751: Landroid/os/UserManager;.getUserProfiles ()Ljava/util/List;
D/dalvikvm( 2157): VFY: replacing opcode 0x6e at 0x005b
D/dalvikvm( 2157): GC_FOR_ALLOC freed 1242K, 21% free 7009K/8868K, paused 6ms, total 6ms
D/dalvikvm( 1567): GC_FOR_ALLOC freed 1152K, 50% free 7419K/14816K, paused 11ms, total 12ms
I/Wear_Controller( 2157): Wear requires a companion app to be installed.
I/Wear_Controller( 2157): onStartup - Wear is not available on this device.
D/dalvikvm( 2157): GC_FOR_ALLOC freed 747K, 22% free 6937K/8868K, paused 4ms, total 4ms
I/ahju    ( 1777): Scheduling Phenotype for a PhenotypeSyncImmediately(6, com.google.android.gms.people) one off with window [1, 2] in seconds [CONTEXT service_id=51 ]
D/dalvikvm( 1567): GC_FOR_ALLOC freed 1112K, 50% free 7418K/14816K, paused 8ms, total 8ms
I/ahju    ( 1777): Scheduling Phenotype for a PhenotypeSyncImmediately(6, com.google.android.gms.people.ui) one off with window [1, 2] in seconds [CONTEXT service_id=51 ]
I/NearbyDiscovery( 1777): DiscoveryNearbyMessagesManager failed to background unsubscribe [CONTEXT service_id=49 ]
I/NearbyDiscovery( 1777): java.util.concurrent.TimeoutException: Timed out waiting for Task
I/NearbyDiscovery( 1777): 	at amhe.a(:com.google.android.gms@202414005@20.24.14 (000700-319035315):22)
I/NearbyDiscovery( 1777): 	at aceb.b(:com.google.android.gms@202414005@20.24.14 (000700-319035315):5)
I/NearbyDiscovery( 1777): 	at acds.run(:com.google.android.gms@202414005@20.24.14 (000700-319035315):3)
I/NearbyDiscovery( 1777): 	at bkpr.handleMessage(:com.google.android.gms@202414005@20.24.14 (000700-319035315):9)
I/NearbyDiscovery( 1777): 	at android.os.Handler.dispatchMessage(Handler.java:102)
I/NearbyDiscovery( 1777): 	at ypf.a(:com.google.android.gms@202414005@20.24.14 (000700-319035315):2)
I/NearbyDiscovery( 1777): 	at ypf.dispatchMessage(:com.google.android.gms@202414005@20.24.14 (000700-319035315):14)
I/NearbyDiscovery( 1777): 	at android.os.Looper.loop(Looper.java:136)
I/NearbyDiscovery( 1777): 	at android.os.HandlerThread.run(HandlerThread.java:61)
W/NearbyShared( 1777): BTConnStateMgr: Already destroyed!
I/NearbyDiscovery( 1777): EventStreamLoggingManager: destroy, unbind service [CONTEXT service_id=49 ]
I/NearbyDiscovery( 1777): Show notifications: 0 total, no changes since last shown, no-op. [CONTEXT service_id=49 ]
W/Nearby  ( 1777): Bind call too late - someone already tried to get: interface bkxn [CONTEXT service_id=49 ]
I/ActivityManager( 1567): Start proc com.google.android.gms.ui for service com.google.android.gms/.chimera.UiIntentOperationService: pid=2355 uid=10007 gids={50007, 3003, 1007, 1028, 1015, 3002, 3001, 3007, 2001, 3006}
E/BluetoothAdapter( 1811): Bluetooth binder is null
W/ActivityManager( 1567): Unable to start service Intent { act=com.google.android.gms.nearby.discovery:ACTION_PERMISSION_CHANGE cmp=com.google.android.gms/.nearby.discovery.service.DiscoveryService } U=0: not found
I/ActivityManager( 1567): Delay finish: com.android.providers.contacts/.PackageIntentReceiver
I/NearbyDiscovery( 1777): DiscoveryService destroy EventLoop [CONTEXT service_id=49 ]
D/dalvikvm( 2157): GC_FOR_ALLOC freed 682K, 22% free 6969K/8868K, paused 5ms, total 5ms
D/dalvikvm( 1777): GC_FOR_ALLOC freed 967K, 16% free 6704K/7920K, paused 5ms, total 5ms
D/dalvikvm( 1567): GC_FOR_ALLOC freed 1012K, 50% free 7517K/14816K, paused 8ms, total 8ms
W/dalvikvm( 2355): VFY: unable to resolve static field 1608 (PR_SET_DUMPABLE) in Landroid/system/OsConstants;
D/dalvikvm( 2355): VFY: replacing opcode 0x60 at 0x0017
I/SystemUpdate( 2157): [Execution,ExecutionManager] Action pending executed for 0.20 seconds.
W/dalvikvm( 2355): VFY: unable to find class referenced in signature (Lyqx;)
W/dalvikvm( 2355): VFY: unable to find class referenced in signature (Lyro;)
I/SystemUpdate( 2157): [Execution,ExecutionManager] Action finished-execution executed for 0.00 seconds.
I/NearbyMessages( 1777): OfflineCache: old scanner cache is not enabled [CONTEXT service_id=62 ]
I/dalvikvm( 1777): Failed resolving Lnin; interface 549 'Landroid/app/AlarmManager$OnAlarmListener;'
W/dalvikvm( 1777): Link of class 'Lnin;' failed
E/dalvikvm( 2157): Could not find class 'android.app.usage.UsageStatsManager', referenced from method vha.a
W/dalvikvm( 2157): VFY: unable to resolve const-class 1242 (Landroid/app/usage/UsageStatsManager;) in Lvha;
D/dalvikvm( 2157): VFY: replacing opcode 0x1c at 0x0009
I/dalvikvm( 2355): Could not find method android.system.Os.readlink, referenced from method msk.a
W/dalvikvm( 2355): VFY: unable to resolve static method 3145: Landroid/system/Os;.readlink (Ljava/lang/String;)Ljava/lang/String;
D/dalvikvm( 2355): VFY: replacing opcode 0x71 at 0x00b0
I/dalvikvm( 2355): Could not find method android.os.PowerManager.isInteractive, referenced from method ndc.a
W/dalvikvm( 2355): VFY: unable to resolve virtual method 3046: Landroid/os/PowerManager;.isInteractive ()Z
D/dalvikvm( 2355): VFY: replacing opcode 0x6e at 0x0013
I/dalvikvm( 2355): Could not find method com.google.android.chimera.ModuleContext.getAttributionTag, referenced from method com.google.android.chimera.ModuleContext.createAttributionContext
W/dalvikvm( 2355): VFY: unable to resolve virtual method 14170: Lcom/google/android/chimera/ModuleContext;.getAttributionTag ()Ljava/lang/String;
D/dalvikvm( 2355): VFY: replacing opcode 0x6e at 0x0004
I/dalvikvm( 2355): Could not find method com.google.android.chimera.ContextThemeWrapper.createAttributionContext, referenced from method com.google.android.chimera.ModuleContext.createAttributionContext
W/dalvikvm( 2355): VFY: unable to resolve virtual method 13785: Lcom/google/android/chimera/ContextThemeWrapper;.createAttributionContext (Ljava/lang/String;)Landroid/content/Context;
D/dalvikvm( 2355): VFY: replacing opcode 0x6f at 0x0035
I/dalvikvm( 2355): Could not find method android.content.ContextWrapper.createCredentialProtectedStorageContext, referenced from method com.google.android.chimera.ModuleContext.createCredentialProtectedStorageContext
