W/dalvikvm( 2355): VFY: unable to resolve virtual method 2508: Landroid/content/ContextWrapper;.createCredentialProtectedStorageContext ()Landroid/content/Context;
D/dalvikvm( 2355): VFY: replacing opcode 0x6f at 0x0002
I/dalvikvm( 2355): Could not find method android.content.ContextWrapper.createDeviceProtectedStorageContext, referenced from method com.google.android.chimera.ModuleContext.createDeviceProtectedStorageContext
W/dalvikvm( 2355): VFY: unable to resolve virtual method 2509: Landroid/content/ContextWrapper;.createDeviceProtectedStorageContext ()Landroid/content/Context;
D/dalvikvm( 2355): VFY: replacing opcode 0x6f at 0x0002
I/dalvikvm( 2355): Could not find method com.google.android.chimera.ContextThemeWrapper.sendBroadcastWithMultiplePermissions, referenced from method com.google.android.chimera.ModuleContext.sendBroadcastWithMultiplePermissions
W/dalvikvm( 2355): VFY: unable to resolve virtual method 13795: Lcom/google/android/chimera/ContextThemeWrapper;.sendBroadcastWithMultiplePermissions (Landroid/content/Intent;[Ljava/lang/String;)V
D/dalvikvm( 2355): VFY: replacing opcode 0x6f at 0x0009
I/MultiDex( 2355): VM with version 1.6.0 does not have multidex support
I/MultiDex( 2355): Installing application
I/MultiDex( 2355): MultiDexExtractor(/system/priv-app/PrebuiltGmsCore.apk, /data/data/com.google.android.gms/code_cache/secondary-dexes)
I/MultiDex( 2355): Blocking on lock /data/data/com.google.android.gms/code_cache/secondary-dexes/MultiDex.lock
I/MultiDex( 2355): /data/data/com.google.android.gms/code_cache/secondary-dexes/MultiDex.lock locked
I/MultiDex( 2355): MultiDexExtractor.load(/system/priv-app/PrebuiltGmsCore.apk, false, )
I/MultiDex( 2355): loading existing secondary dex files
I/MultiDex( 2355): load found 5 secondary dex files
I/dalvikvm( 1777): Failed resolving Lnin; interface 549 'Landroid/app/AlarmManager$OnAlarmListener;'
W/dalvikvm( 1777): Link of class 'Lnin;' failed
I/MultiDex( 2355): install done
I/dalvikvm( 1777): Failed resolving Lnin; interface 549 'Landroid/app/AlarmManager$OnAlarmListener;'
W/dalvikvm( 1777): Link of class 'Lnin;' failed
I/dalvikvm( 1777): Failed resolving Lnin; interface 549 'Landroid/app/AlarmManager$OnAlarmListener;'
W/dalvikvm( 1777): Link of class 'Lnin;' failed
W/dalvikvm( 1777): VFY: unable to find class referenced in signature (Lnin;)
I/dalvikvm( 2355): Could not find method android.content.ContentProvider.query, referenced from method brf.superQuery
W/dalvikvm( 2355): VFY: unable to resolve virtual method 2428: Landroid/content/ContentProvider;.query (Landroid/net/Uri;[Ljava/lang/String;Landroid/os/Bundle;Landroid/os/CancellationSignal;)Landroid/database/Cursor;
D/dalvikvm( 2355): VFY: replacing opcode 0x6f at 0x0000
I/GCM-GMS ( 2157): Scheduling task to register GMS
D/dalvikvm( 2355): GC_FOR_ALLOC freed 376K, 16% free 3129K/3692K, paused 3ms, total 3ms
I/dalvikvm( 2355): Could not find method android.os.UserHandle.isOwner, referenced from method nmy.f
W/dalvikvm( 2355): VFY: unable to resolve virtual method 3081: Landroid/os/UserHandle;.isOwner ()Z
D/dalvikvm( 2355): VFY: replacing opcode 0x6e at 0x000a
D/dalvikvm( 2355): DexOpt: couldn't find field Landroid/content/pm/ApplicationInfo;.splitSourceDirs
W/dalvikvm( 2355): VFY: unable to resolve instance field 1475
D/dalvikvm( 2355): VFY: replacing opcode 0x54 at 0x0055
D/dalvikvm( 2355): DexOpt: couldn't find static field Landroid/os/Build;.SUPPORTED_ABIS
W/dalvikvm( 2355): VFY: unable to resolve static field 1540 (SUPPORTED_ABIS) in Landroid/os/Build;
D/dalvikvm( 2355): VFY: replacing opcode 0x62 at 0x00d1
I/dalvikvm( 2355): Could not find method android.system.Os.stat, referenced from method nop.a
W/dalvikvm( 2355): VFY: unable to resolve static method 3146: Landroid/system/Os;.stat (Ljava/lang/String;)Landroid/system/StructStat;
D/dalvikvm( 2355): VFY: replacing opcode 0x71 at 0x0182
I/dalvikvm( 2355): Could not find method android.content.pm.PackageManager.getPackageInstaller, referenced from method men.a
W/dalvikvm( 2355): VFY: unable to resolve virtual method 2608: Landroid/content/pm/PackageManager;.getPackageInstaller ()Landroid/content/pm/PackageInstaller;
D/dalvikvm( 2355): VFY: replacing opcode 0x6e at 0x001c
W/DynamiteModule( 2355): Local module descriptor class for providerinstaller not found.
D/dalvikvm( 1826): GC_EXPLICIT freed 135K, 30% free 5381K/7648K, paused 1ms+1ms, total 8ms
I/dalvikvm( 2355): Could not find method android.system.Os.readlink, referenced from method bse.a
W/dalvikvm( 2355): VFY: unable to resolve static method 3145: Landroid/system/Os;.readlink (Ljava/lang/String;)Ljava/lang/String;
D/dalvikvm( 2355): VFY: replacing opcode 0x71 at 0x0044
I/dalvikvm( 2355): Could not find method android.system.Os.symlink, referenced from method bse.a
W/dalvikvm( 2355): VFY: unable to resolve static method 3147: Landroid/system/Os;.symlink (Ljava/lang/String;Ljava/lang/String;)V
D/dalvikvm( 2355): VFY: replacing opcode 0x71 at 0x00b0
I/dalvikvm( 2355): Could not find method android.system.Os.stat, referenced from method bse.a
W/dalvikvm( 2355): VFY: unable to resolve static method 3146: Landroid/system/Os;.stat (Ljava/lang/String;)Landroid/system/StructStat;
D/dalvikvm( 2355): VFY: replacing opcode 0x71 at 0x0005
W/dalvikvm( 2355): VFY: unable to resolve static field 1615 (S_IXUSR) in Landroid/system/OsConstants;
D/dalvikvm( 2355): VFY: replacing opcode 0x60 at 0x0007
I/dalvikvm( 2355): Could not find method android.system.Os.stat, referenced from method bse.b
W/dalvikvm( 2355): VFY: unable to resolve static method 3146: Landroid/system/Os;.stat (Ljava/lang/String;)Landroid/system/StructStat;
D/dalvikvm( 2355): VFY: replacing opcode 0x71 at 0x0040
W/dalvikvm( 2355): VFY: unable to resolve static field 1612 (S_IRUSR) in Landroid/system/OsConstants;
D/dalvikvm( 2355): VFY: replacing opcode 0x60 at 0x0007
I/ActivityManager( 1567): Resuming delayed broadcast
D/dalvikvm( 2355): DexOpt: couldn't find static field Landroid/os/Build;.SUPPORTED_64_BIT_ABIS
W/dalvikvm( 2355): VFY: unable to resolve static field 1539 (SUPPORTED_64_BIT_ABIS) in Landroid/os/Build;
D/dalvikvm( 2355): VFY: replacing opcode 0x62 at 0x0214
W/ProviderHelper( 2355): Unknown dynamite feature providerinstaller
I/DynamiteModule( 2355): Considering local module providerinstaller:0 and remote module providerinstaller:0
W/ProviderInstaller( 2355): Failed to load providerinstaller module: No acceptable module found. Local version is 0 and remote version is 0.
I/dalvikvm( 2355): Could not find method android.content.ContextWrapper.createCredentialProtectedStorageContext, referenced from method nfr.createCredentialProtectedStorageContext
W/dalvikvm( 2355): VFY: unable to resolve virtual method 2508: Landroid/content/ContextWrapper;.createCredentialProtectedStorageContext ()Landroid/content/Context;
D/dalvikvm( 2355): VFY: replacing opcode 0x6f at 0x0002
I/dalvikvm( 2355): Could not find method android.content.ContextWrapper.createDeviceProtectedStorageContext, referenced from method nfr.createDeviceProtectedStorageContext
W/dalvikvm( 2355): VFY: unable to resolve virtual method 2509: Landroid/content/ContextWrapper;.createDeviceProtectedStorageContext ()Landroid/content/Context;
D/dalvikvm( 2355): VFY: replacing opcode 0x6f at 0x0002
D/dalvikvm( 2355): DexOpt: couldn't find static field Landroid/os/Build;.SUPPORTED_64_BIT_ABIS
W/dalvikvm( 2355): VFY: unable to resolve static field 1539 (SUPPORTED_64_BIT_ABIS) in Landroid/os/Build;
D/dalvikvm( 2355): VFY: replacing opcode 0x62 at 0x0080
D/dalvikvm( 2355): DexOpt: couldn't find static field Landroid/os/Build;.SUPPORTED_ABIS
W/dalvikvm( 2355): VFY: unable to resolve static field 1540 (SUPPORTED_ABIS) in Landroid/os/Build;
D/dalvikvm( 2355): VFY: replacing opcode 0x62 at 0x00d3
V/NativeCrypto( 2355): Registering com/google/android/gms/org/conscrypt/NativeCrypto's 286 native methods...
W/dalvikvm( 2355): Unable to resolve superclass of Lcom/google/android/gms/org/conscrypt/TrustManagerImpl; (5184)
W/dalvikvm( 2355): Link of class 'Lcom/google/android/gms/org/conscrypt/TrustManagerImpl;' failed
I/dalvikvm( 2355): Could not find method com.google.android.gms.org.conscrypt.TrustManagerImpl.getDefaultHostnameVerifier, referenced from method com.google.android.gms.org.conscrypt.Conscrypt.getDefaultHostnameVerifier
W/dalvikvm( 2355): VFY: unable to resolve static method 17870: Lcom/google/android/gms/org/conscrypt/TrustManagerImpl;.getDefaultHostnameVerifier ()Lcom/google/android/gms/org/conscrypt/ConscryptHostnameVerifier;
D/dalvikvm( 2355): VFY: replacing opcode 0x71 at 0x0003
W/dalvikvm( 2355): Unable to resolve superclass of Lcom/google/android/gms/org/conscrypt/TrustManagerImpl; (5184)
W/dalvikvm( 2355): Link of class 'Lcom/google/android/gms/org/conscrypt/TrustManagerImpl;' failed
W/dalvikvm( 2355): VFY: unable to find class referenced in signature (Lcom/google/android/gms/org/conscrypt/TrustManagerImpl;)
W/dalvikvm( 2355): Unable to resolve superclass of Lcom/google/android/gms/org/conscrypt/TrustManagerImpl; (5184)
W/dalvikvm( 2355): Link of class 'Lcom/google/android/gms/org/conscrypt/TrustManagerImpl;' failed
I/dalvikvm( 2355): Could not find method com.google.android.gms.org.conscrypt.TrustManagerImpl.getHostnameVerifier, referenced from method com.google.android.gms.org.conscrypt.Conscrypt.getHostnameVerifier
W/dalvikvm( 2355): VFY: unable to resolve virtual method 17872: Lcom/google/android/gms/org/conscrypt/TrustManagerImpl;.getHostnameVerifier ()Lcom/google/android/gms/org/conscrypt/ConscryptHostnameVerifier;
D/dalvikvm( 2355): VFY: replacing opcode 0x6e at 0x0004
W/dalvikvm( 2355): Unable to resolve superclass of Lcom/google/android/gms/org/conscrypt/TrustManagerImpl; (5184)
W/dalvikvm( 2355): Link of class 'Lcom/google/android/gms/org/conscrypt/TrustManagerImpl;' failed
E/dalvikvm( 2355): Could not find class 'com.google.android.gms.org.conscrypt.TrustManagerImpl', referenced from method com.google.android.gms.org.conscrypt.Conscrypt.isConscrypt
W/dalvikvm( 2355): VFY: unable to resolve instanceof 4452 (Lcom/google/android/gms/org/conscrypt/TrustManagerImpl;) in Lcom/google/android/gms/org/conscrypt/Conscrypt;
D/dalvikvm( 2355): VFY: replacing opcode 0x20 at 0x0000
D/dalvikvm( 2355): GC_FOR_ALLOC freed 468K, 18% free 3174K/3828K, paused 2ms, total 2ms
W/dalvikvm( 2355): Unable to resolve superclass of Lcom/google/android/gms/org/conscrypt/TrustManagerImpl; (5184)
W/dalvikvm( 2355): Link of class 'Lcom/google/android/gms/org/conscrypt/TrustManagerImpl;' failed
I/dalvikvm( 2355): Could not find method com.google.android.gms.org.conscrypt.TrustManagerImpl.setDefaultHostnameVerifier, referenced from method com.google.android.gms.org.conscrypt.Conscrypt.setDefaultHostnameVerifier
W/dalvikvm( 2355): VFY: unable to resolve static method 17882: Lcom/google/android/gms/org/conscrypt/TrustManagerImpl;.setDefaultHostnameVerifier (Lcom/google/android/gms/org/conscrypt/ConscryptHostnameVerifier;)V
D/dalvikvm( 2355): VFY: replacing opcode 0x71 at 0x0003
W/dalvikvm( 2355): Unable to resolve superclass of Lcom/google/android/gms/org/conscrypt/TrustManagerImpl; (5184)
W/dalvikvm( 2355): Link of class 'Lcom/google/android/gms/org/conscrypt/TrustManagerImpl;' failed
W/dalvikvm( 2355): VFY: unable to find class referenced in signature (Lcom/google/android/gms/org/conscrypt/TrustManagerImpl;)
W/dalvikvm( 2355): Unable to resolve superclass of Lcom/google/android/gms/org/conscrypt/TrustManagerImpl; (5184)
W/dalvikvm( 2355): Link of class 'Lcom/google/android/gms/org/conscrypt/TrustManagerImpl;' failed
I/dalvikvm( 2355): Could not find method com.google.android.gms.org.conscrypt.TrustManagerImpl.setHostnameVerifier, referenced from method com.google.android.gms.org.conscrypt.Conscrypt.setHostnameVerifier
W/dalvikvm( 2355): VFY: unable to resolve virtual method 17883: Lcom/google/android/gms/org/conscrypt/TrustManagerImpl;.setHostnameVerifier (Lcom/google/android/gms/org/conscrypt/ConscryptHostnameVerifier;)V
D/dalvikvm( 2355): VFY: replacing opcode 0x6e at 0x0004
W/dalvikvm( 2355): Unable to resolve superclass of Lcom/google/android/gms/org/conscrypt/TrustManagerImpl; (5184)
W/dalvikvm( 2355): Link of class 'Lcom/google/android/gms/org/conscrypt/TrustManagerImpl;' failed
I/dalvikvm( 1777): Could not find method android.os.PowerManager.isInteractive, referenced from method nqg.b
W/dalvikvm( 1777): VFY: unable to resolve virtual method 4227: Landroid/os/PowerManager;.isInteractive ()Z
D/dalvikvm( 1777): VFY: replacing opcode 0x6e at 0x0008
E/dalvikvm( 2355): Could not find class 'com.google.android.gms.org.conscrypt.TrustManagerImpl', referenced from method com.google.android.gms.org.conscrypt.Conscrypt.toConscrypt
W/dalvikvm( 2355): VFY: unable to resolve check-cast 4452 (Lcom/google/android/gms/org/conscrypt/TrustManagerImpl;) in Lcom/google/android/gms/org/conscrypt/Conscrypt;
D/dalvikvm( 2355): VFY: replacing opcode 0x1f at 0x002a
D/dalvikvm( 2355): GC_FOR_ALLOC freed 287K, 13% free 3395K/3872K, paused 3ms, total 3ms
D/dalvikvm( 2355): GC_FOR_ALLOC freed 134K, 9% free 3760K/4096K, paused 3ms, total 3ms
D/dalvikvm( 2355): GC_FOR_ALLOC freed 131K, 8% free 4108K/4460K, paused 4ms, total 4ms
I/GCoreUlr( 1777): Unbound from all signal providers.
I/GCoreUlr( 1777): Stopping handler for UlrDispSvcFast
D/dalvikvm( 1567): GC_FOR_ALLOC freed 1127K, 50% free 7526K/14816K, paused 9ms, total 9ms
I/InputReader( 1567): Reconfiguring input devices.  changes=0x00000010
I/InputReader( 1567): Reconfiguring input devices.  changes=0x00000010
I/InputReader( 1567): Reconfiguring input devices.  changes=0x00000010
I/InputReader( 1567): Reconfiguring input devices.  changes=0x00000010
I/PackageManager( 1567):   Action: "android.intent.action.SENDTO"
I/PackageManager( 1567):   Category: "android.intent.category.DEFAULT"
I/PackageManager( 1567):   Scheme: "sms"
D/dalvikvm( 2355): GC_FOR_ALLOC freed 105K, 8% free 4405K/4752K, paused 8ms, total 8ms
D/dalvikvm( 1797): GC_FOR_ALLOC freed 570K, 18% free 3585K/4344K, paused 2ms, total 2ms
I/PackageManager( 1567): Adding preferred activity ComponentInfo{com.android.mms/com.android.mms.ui.ComposeMessageActivity} for user 0 :
I/PackageManager( 1567):   Action: "android.intent.action.SENDTO"
I/PackageManager( 1567):   Category: "android.intent.category.DEFAULT"
I/PackageManager( 1567):   Scheme: "smsto"
I/PackageManager( 1567): Adding preferred activity ComponentInfo{com.android.mms/com.android.mms.ui.ComposeMessageActivity} for user 0 :
I/PackageManager( 1567):   Action: "android.intent.action.SENDTO"
I/PackageManager( 1567):   Category: "android.intent.category.DEFAULT"
I/PackageManager( 1567):   Scheme: "mms"
I/PackageManager( 1567):   Action: "android.intent.action.SENDTO"
I/PackageManager( 1567):   Category: "android.intent.category.DEFAULT"
I/PackageManager( 1567):   Scheme: "mmsto"
I/PackageManager( 1567): Adding preferred activity ComponentInfo{com.android.mms/com.android.mms.ui.ComposeMessageActivity} for user 0 :
I/PackageManager( 1567): Adding preferred activity ComponentInfo{com.android.mms/com.android.mms.ui.ComposeMessageActivity} for user 0 :
D/dalvikvm( 1935): GC_FOR_ALLOC freed 1831K, 10% free 22943K/25388K, paused 3ms, total 3ms
I/PackageManager( 1567):   Action: "android.intent.action.SENDTO"
I/PackageManager( 1567):   Category: "android.intent.category.DEFAULT"
I/PackageManager( 1567):   Scheme: "sms"
I/PackageManager( 1567): Adding preferred activity ComponentInfo{com.android.mms/com.android.mms.ui.ComposeMessageActivity} for user 0 :
D/dalvikvm( 1797): GC_FOR_ALLOC freed 353K, 16% free 3653K/4344K, paused 2ms, total 3ms
I/PackageManager( 1567):   Action: "android.intent.action.SENDTO"
I/PackageManager( 1567):   Category: "android.intent.category.DEFAULT"
I/PackageManager( 1567):   Scheme: "smsto"
D/dalvikvm( 1777): GC_FOR_ALLOC freed 941K, 15% free 7025K/8216K, paused 32ms, total 32ms
I/dalvikvm( 1777): Could not find method android.content.Context.createDeviceProtectedStorageContext, referenced from method vhu.a
W/dalvikvm( 1777): VFY: unable to resolve virtual method 4497: Landroid/content/Context;.createDeviceProtectedStorageContext ()Landroid/content/Context;
D/dalvikvm( 1777): VFY: replacing opcode 0x6e at 0x001b
I/PackageManager( 1567): Adding preferred activity ComponentInfo{com.android.mms/com.android.mms.ui.ComposeMessageActivity} for user 0 :
D/dalvikvm( 1826): GC_EXPLICIT freed 165K, 30% free 5371K/7648K, paused 1ms+0ms, total 4ms
D/dalvikvm( 2355): GC_FOR_ALLOC freed 157K, 9% free 4686K/5104K, paused 5ms, total 5ms
E/dalvikvm( 2355): Could not find class 'javax.net.ssl.SNIServerName', referenced from method com.google.android.gms.org.conscrypt.Platform.getSniHostnameFromParams
W/dalvikvm( 2355): VFY: unable to resolve check-cast 5160 (Ljavax/net/ssl/SNIServerName;) in Lcom/google/android/gms/org/conscrypt/Platform;
D/dalvikvm( 2355): VFY: replacing opcode 0x1f at 0x0025
E/dalvikvm( 2355): Could not find class 'javax.net.ssl.SNIHostName', referenced from method com.google.android.gms.org.conscrypt.Platform.setParametersSniHostname
W/dalvikvm( 2355): VFY: unable to resolve new-instance 5159 (Ljavax/net/ssl/SNIHostName;) in Lcom/google/android/gms/org/conscrypt/Platform;
D/dalvikvm( 2355): VFY: replacing opcode 0x22 at 0x0024
E/dalvikvm( 2355): Could not find class 'javax.net.ssl.SNIHostName', referenced from method com.google.android.gms.org.conscrypt.Platform.setParametersSniHostname
W/dalvikvm( 2355): VFY: unable to resolve new-instance 5159 (Ljavax/net/ssl/SNIHostName;) in Lcom/google/android/gms/org/conscrypt/Platform;
D/dalvikvm( 2355): VFY: replacing opcode 0x22 at 0x0024
D/dalvikvm( 2355): DexOpt: unable to opt direct call 0x52f9 at 0x2a in Lcom/google/android/gms/org/conscrypt/Platform;.setParametersSniHostname
D/dalvikvm( 2355): DexOpt: unable to opt direct call 0x52f9 at 0x2a in Lcom/google/android/gms/org/conscrypt/Platform;.setParametersSniHostname
D/dalvikvm( 1567): GC_FOR_ALLOC freed 1014K, 49% free 7648K/14816K, paused 24ms, total 25ms
I/PackageManager( 1567):   Action: "android.intent.action.SENDTO"
I/PackageManager( 1567):   Category: "android.intent.category.DEFAULT"
I/PackageManager( 1567):   Scheme: "mms"
I/PackageManager( 1567): Adding preferred activity ComponentInfo{com.android.mms/com.android.mms.ui.ComposeMessageActivity} for user 0 :
E/dalvikvm( 1777): Could not find class 'android.app.usage.UsageStatsManager', referenced from method vha.a
W/dalvikvm( 1777): VFY: unable to resolve const-class 1242 (Landroid/app/usage/UsageStatsManager;) in Lvha;
D/dalvikvm( 1777): VFY: replacing opcode 0x1c at 0x0009
I/PackageManager( 1567):   Action: "android.intent.action.SENDTO"
I/PackageManager( 1567):   Category: "android.intent.category.DEFAULT"
I/PackageManager( 1567):   Scheme: "mmsto"
I/PackageManager( 1567): Adding preferred activity ComponentInfo{com.android.mms/com.android.mms.ui.ComposeMessageActivity} for user 0 :
I/Herrevad( 1777): [58] wkz.a: updateListenState
D/dalvikvm( 1797): GC_FOR_ALLOC freed 337K, 16% free 3652K/4344K, paused 2ms, total 2ms
D/dalvikvm( 2355): GC_FOR_ALLOC freed 308K, 11% free 4884K/5440K, paused 6ms, total 6ms
I/ProviderInstaller( 2355): Installed default security provider GmsCore_OpenSSL
I/GCoreUlr( 1777): WorldUpdater received intent Intent { act=com.google.android.location.reporting.ACTION_UPDATE_WORLD cmp=com.google.android.gms/com.google.android.location.reporting.service.DispatchingService (has extras) } with receiverAction android.location.PROVIDERS_CHANGED
D/dalvikvm( 1567): GC_FOR_ALLOC freed 1063K, 49% free 7635K/14816K, paused 12ms, total 12ms
I/Safeboot( 2355): Checking safeboot...
I/Safeboot( 2355): Not entering safeboot; wrong process.
D/dalvikvm( 2157): GC_FOR_ALLOC freed 1046K, 19% free 7251K/8868K, paused 13ms, total 15ms
E/dalvikvm( 2355): Could not find class 'com.google.common.flogger.backend.google.GooglePlatform', referenced from method beui.a
W/dalvikvm( 2355): VFY: unable to resolve const-class 4605 (Lcom/google/common/flogger/backend/google/GooglePlatform;) in Lbeui;
D/dalvikvm( 2355): VFY: replacing opcode 0x1c at 0x001b
W/dalvikvm( 1777): VFY: unable to find class referenced in signature (Landroid/net/Network;)
W/dalvikvm( 1777): VFY: unable to find class referenced in signature (Landroid/net/Network;)
I/dalvikvm( 1777): Could not find method android.net.Network.openConnection, referenced from method wna.a
W/dalvikvm( 1777): VFY: unable to resolve virtual method 5072: Landroid/net/Network;.openConnection (Ljava/net/URL;)Ljava/net/URLConnection;
D/dalvikvm( 1777): VFY: replacing opcode 0x6e at 0x008f
D/AndroidRuntime( 2384): 
D/AndroidRuntime( 2384): >>>>>> AndroidRuntime START com.android.internal.os.RuntimeInit <<<<<<
W/linker  ( 2384): libdvm.so has text relocations. This is wasting memory and is a security risk. Please fix.
I/PackageManager( 1567):   Action: "android.intent.action.SENDTO"
I/PackageManager( 1567):   Category: "android.intent.category.DEFAULT"
I/PackageManager( 1567):   Scheme: "sms"
I/GCoreUlr( 1777): WorldUpdater:android.location.PROVIDERS_CHANGED: Ensuring that reporting is stopped because of reasons: (no Google accounts)
I/PackageManager( 1567):   Action: "android.intent.action.SENDTO"
I/PackageManager( 1567):   Category: "android.intent.category.DEFAULT"
I/PackageManager( 1567):   Scheme: "smsto"
I/PackageManager( 1567): Adding preferred activity ComponentInfo{com.android.mms/com.android.mms.ui.ComposeMessageActivity} for user 0 :
I/PackageManager( 1567): Adding preferred activity ComponentInfo{com.android.mms/com.android.mms.ui.ComposeMessageActivity} for user 0 :
D/AndroidRuntime( 2384): CheckJNI is ON
I/PackageManager( 1567):   Action: "android.intent.action.SENDTO"
I/PackageManager( 1567):   Category: "android.intent.category.DEFAULT"
I/PackageManager( 1567):   Scheme: "mms"
D/dalvikvm( 2384): Trying to load lib libjavacore.so 0x0
D/dalvikvm( 2384): Added shared lib libjavacore.so 0x0
I/PackageManager( 1567): Adding preferred activity ComponentInfo{com.android.mms/com.android.mms.ui.ComposeMessageActivity} for user 0 :
D/dalvikvm( 2384): Trying to load lib libnativehelper.so 0x0
D/dalvikvm( 2384): Added shared lib libnativehelper.so 0x0
D/dalvikvm( 2384): No JNI_OnLoad found in libnativehelper.so 0x0, skipping init
D/dalvikvm( 1567): GC_FOR_ALLOC freed 1295K, 50% free 7497K/14816K, paused 13ms, total 13ms
D/dalvikvm( 2384): Note: class Landroid/app/ActivityManagerNative; has 179 unimplemented (abstract) methods
I/GCoreUlr( 1777): Unbound from all signal providers.
I/PackageManager( 1567):   Action: "android.intent.action.SENDTO"
I/PackageManager( 1567):   Category: "android.intent.category.DEFAULT"
I/PackageManager( 1567):   Scheme: "mmsto"
D/dalvikvm( 2355): GC_FOR_ALLOC freed 320K, 10% free 5165K/5704K, paused 4ms, total 4ms
I/PackageManager( 1567): Adding preferred activity ComponentInfo{com.android.mms/com.android.mms.ui.ComposeMessageActivity} for user 0 :
D/dalvikvm( 1797): GC_FOR_ALLOC freed 376K, 17% free 3652K/4348K, paused 2ms, total 2ms
I/PackageManager( 1567):   Action: "android.intent.action.SENDTO"
I/PackageManager( 1567):   Category: "android.intent.category.DEFAULT"
I/PackageManager( 1567):   Scheme: "sms"
D/dalvikvm( 1826): GC_EXPLICIT freed 136K, 30% free 5374K/7648K, paused 1ms+0ms, total 10ms
I/PackageManager( 1567):   Action: "android.intent.action.SENDTO"
I/PackageManager( 1567):   Category: "android.intent.category.DEFAULT"
I/PackageManager( 1567):   Scheme: "smsto"
I/PackageManager( 1567): Adding preferred activity ComponentInfo{com.android.mms/com.android.mms.ui.ComposeMessageActivity} for user 0 :
I/PackageManager( 1567): Adding preferred activity ComponentInfo{com.android.mms/com.android.mms.ui.ComposeMessageActivity} for user 0 :
I/auxu    ( 2355): Primes not initialized, returning default (no-op) Primes instance which will ignore all calls. Please call Primes.initialize(...) before using any Primes API.
I/PackageManager( 1567):   Action: "android.intent.action.SENDTO"
I/PackageManager( 1567):   Category: "android.intent.category.DEFAULT"
I/PackageManager( 1567):   Scheme: "mms"
I/PackageManager( 1567): Adding preferred activity ComponentInfo{com.android.mms/com.android.mms.ui.ComposeMessageActivity} for user 0 :
I/dalvikvm( 2355): Could not find method com.google.android.chimera.ContextThemeWrapper.createAttributionContext, referenced from method mnu.createAttributionContext
W/dalvikvm( 2355): VFY: unable to resolve virtual method 13785: Lcom/google/android/chimera/ContextThemeWrapper;.createAttributionContext (Ljava/lang/String;)Landroid/content/Context;
D/dalvikvm( 2355): VFY: replacing opcode 0x6f at 0x0002
I/dalvikvm( 2355): Could not find method android.content.ContextWrapper.createCredentialProtectedStorageContext, referenced from method mnu.createCredentialProtectedStorageContext
W/dalvikvm( 2355): VFY: unable to resolve virtual method 2508: Landroid/content/ContextWrapper;.createCredentialProtectedStorageContext ()Landroid/content/Context;
D/dalvikvm( 2355): VFY: replacing opcode 0x6f at 0x0002
I/dalvikvm( 2355): Could not find method android.content.ContextWrapper.createDeviceProtectedStorageContext, referenced from method mnu.createDeviceProtectedStorageContext
W/dalvikvm( 2355): VFY: unable to resolve virtual method 2509: Landroid/content/ContextWrapper;.createDeviceProtectedStorageContext ()Landroid/content/Context;
D/dalvikvm( 2355): VFY: replacing opcode 0x6f at 0x0002
I/PackageManager( 1567):   Action: "android.intent.action.SENDTO"
I/PackageManager( 1567):   Category: "android.intent.category.DEFAULT"
I/PackageManager( 1567):   Scheme: "mmsto"
I/dalvikvm( 2355): Could not find method android.content.Context.bindService, referenced from method uws.bindService
I/PackageManager( 1567): Adding preferred activity ComponentInfo{com.android.mms/com.android.mms.ui.ComposeMessageActivity} for user 0 :
W/dalvikvm( 2355): VFY: unable to resolve virtual method 2453: Landroid/content/Context;.bindService (Landroid/content/Intent;ILjava/util/concurrent/Executor;Landroid/content/ServiceConnection;)Z
D/dalvikvm( 2355): VFY: replacing opcode 0x6e at 0x0018
I/dalvikvm( 2355): Could not find method android.content.Context.bindService, referenced from method uws.bindService
W/dalvikvm( 2355): VFY: unable to resolve virtual method 2453: Landroid/content/Context;.bindService (Landroid/content/Intent;ILjava/util/concurrent/Executor;Landroid/content/ServiceConnection;)Z
D/dalvikvm( 2355): VFY: replacing opcode 0x6e at 0x0030
I/dalvikvm( 2355): Could not find method android.content.Context.startForegroundService, referenced from method uws.startForegroundService
W/dalvikvm( 2355): VFY: unable to resolve virtual method 2501: Landroid/content/Context;.startForegroundService (Landroid/content/Intent;)Landroid/content/ComponentName;
D/dalvikvm( 2355): VFY: replacing opcode 0x6e at 0x001c
I/dalvikvm( 2355): Could not find method android.content.Context.startForegroundService, referenced from method uws.startForegroundService
W/dalvikvm( 2355): VFY: unable to resolve virtual method 2501: Landroid/content/Context;.startForegroundService (Landroid/content/Intent;)Landroid/content/ComponentName;
D/dalvikvm( 2355): VFY: replacing opcode 0x6e at 0x0028
D/dalvikvm( 1567): GC_FOR_ALLOC freed 1152K, 50% free 7476K/14816K, paused 17ms, total 17ms
D/dalvikvm( 2355): GC_FOR_ALLOC freed 254K, 9% free 5582K/6080K, paused 8ms, total 8ms
I/dalvikvm( 2355): Could not find method android.os.PowerManager.isPowerSaveMode, referenced from method uwl.a
W/dalvikvm( 2355): VFY: unable to resolve virtual method 3047: Landroid/os/PowerManager;.isPowerSaveMode ()Z
D/dalvikvm( 2355): VFY: replacing opcode 0x6e at 0x0010
D/dalvikvm( 1797): GC_FOR_ALLOC freed 361K, 17% free 3651K/4348K, paused 2ms, total 2ms
E/dalvikvm( 2157): Could not find class 'android.telephony.SubscriptionManager', referenced from method com.google.android.gms.checkin.CheckinChimeraService.a
W/dalvikvm( 2157): VFY: unable to resolve check-cast 1109 (Landroid/telephony/SubscriptionManager;) in Lcom/google/android/gms/checkin/CheckinChimeraService;
D/dalvikvm( 2157): VFY: replacing opcode 0x1f at 0x019b
E/dalvikvm( 2157): Could not find class 'android.net.NetworkRequest', referenced from method com.google.android.gms.checkin.CheckinChimeraService.a
W/dalvikvm( 2157): VFY: unable to resolve check-cast 853 (Landroid/net/NetworkRequest;) in Lcom/google/android/gms/checkin/CheckinChimeraService;
D/dalvikvm( 2157): VFY: replacing opcode 0x1f at 0x04d7
E/memtrack( 2384): Couldn't load memtrack module (No such file or directory)
E/android.os.Debug( 2384): failed to load memtrack module: -2
I/PackageManager( 1567):   Action: "android.intent.action.SENDTO"
I/PackageManager( 1567):   Category: "android.intent.category.DEFAULT"
I/PackageManager( 1567):   Scheme: "sms"
I/PackageManager( 1567): Adding preferred activity ComponentInfo{com.android.mms/com.android.mms.ui.ComposeMessageActivity} for user 0 :
I/PackageManager( 1567):   Action: "android.intent.action.SENDTO"
I/PackageManager( 1567):   Category: "android.intent.category.DEFAULT"
I/PackageManager( 1567):   Scheme: "smsto"
I/PackageManager( 1567): Adding preferred activity ComponentInfo{com.android.mms/com.android.mms.ui.ComposeMessageActivity} for user 0 :
I/PackageManager( 1567):   Action: "android.intent.action.SENDTO"
I/PackageManager( 1567):   Category: "android.intent.category.DEFAULT"
I/PackageManager( 1567):   Scheme: "mms"
I/PackageManager( 1567): Adding preferred activity ComponentInfo{com.android.mms/com.android.mms.ui.ComposeMessageActivity} for user 0 :
I/PackageManager( 1567):   Action: "android.intent.action.SENDTO"
I/PackageManager( 1567):   Category: "android.intent.category.DEFAULT"
I/PackageManager( 1567):   Scheme: "mmsto"
I/PackageManager( 1567): Adding preferred activity ComponentInfo{com.android.mms/com.android.mms.ui.ComposeMessageActivity} for user 0 :
D/dalvikvm( 1797): GC_FOR_ALLOC freed 375K, 16% free 3664K/4348K, paused 2ms, total 2ms
I/PackageManager( 1567):   Action: "android.intent.action.SENDTO"
I/PackageManager( 1567):   Category: "android.intent.category.DEFAULT"
I/PackageManager( 1567):   Scheme: "sms"
D/dalvikvm( 1826): GC_EXPLICIT freed 141K, 30% free 5369K/7648K, paused 0ms+1ms, total 14ms
I/PackageManager( 1567): Adding preferred activity ComponentInfo{com.android.mms/com.android.mms.ui.ComposeMessageActivity} for user 0 :
D/dalvikvm( 1567): GC_FOR_ALLOC freed 1010K, 49% free 7591K/14816K, paused 13ms, total 13ms
D/AndroidRuntime( 2384): Calling main entry com.android.commands.input.Input
I/Input   ( 2384): injectKeyEvent: KeyEvent { action=ACTION_DOWN, keyCode=KEYCODE_MENU, scanCode=0, metaState=0, flags=0x0, repeatCount=0, eventTime=20084, downTime=20084, deviceId=-1, source=0x101 }
I/Input   ( 2384): injectKeyEvent: KeyEvent { action=ACTION_UP, keyCode=KEYCODE_MENU, scanCode=0, metaState=0, flags=0x0, repeatCount=0, eventTime=20084, downTime=20084, deviceId=-1, source=0x101 }
I/PackageManager( 1567):   Action: "android.intent.action.SENDTO"
I/PackageManager( 1567):   Category: "android.intent.category.DEFAULT"
I/PackageManager( 1567):   Scheme: "smsto"
I/PackageManager( 1567): Adding preferred activity ComponentInfo{com.android.mms/com.android.mms.ui.ComposeMessageActivity} for user 0 :
D/dalvikvm( 2355): GC_FOR_ALLOC freed 387K, 10% free 5982K/6636K, paused 4ms, total 4ms
I/PackageManager( 1567):   Action: "android.intent.action.SENDTO"
I/PackageManager( 1567):   Category: "android.intent.category.DEFAULT"
I/PackageManager( 1567):   Scheme: "mms"
I/PackageManager( 1567): Adding preferred activity ComponentInfo{com.android.mms/com.android.mms.ui.ComposeMessageActivity} for user 0 :
I/PackageManager( 1567):   Action: "android.intent.action.SENDTO"
I/PackageManager( 1567):   Category: "android.intent.category.DEFAULT"
I/PackageManager( 1567):   Scheme: "mmsto"
D/dalvikvm( 1797): GC_FOR_ALLOC freed 375K, 16% free 3661K/4356K, paused 2ms, total 2ms
I/PackageManager( 1567): Adding preferred activity ComponentInfo{com.android.mms/com.android.mms.ui.ComposeMessageActivity} for user 0 :
I/PackageManager( 1567):   Action: "android.intent.action.SENDTO"
I/PackageManager( 1567):   Category: "android.intent.category.DEFAULT"
I/PackageManager( 1567):   Scheme: "sms"
I/PackageManager( 1567):   Action: "android.intent.action.SENDTO"
I/PackageManager( 1567):   Category: "android.intent.category.DEFAULT"
I/PackageManager( 1567):   Scheme: "smsto"
I/PackageManager( 1567): Adding preferred activity ComponentInfo{com.android.mms/com.android.mms.ui.ComposeMessageActivity} for user 0 :
I/PackageManager( 1567): Adding preferred activity ComponentInfo{com.android.mms/com.android.mms.ui.ComposeMessageActivity} for user 0 :
D/dalvikvm( 1567): GC_FOR_ALLOC freed 1134K, 49% free 7611K/14816K, paused 8ms, total 8ms
D/dalvikvm( 1935): GC_FOR_ALLOC freed 1209K, 10% free 22894K/25388K, paused 2ms, total 4ms
I/dalvikvm( 1777): Could not find method android.os.PowerManager.isInteractive, referenced from method nol.a
W/dalvikvm( 1777): VFY: unable to resolve virtual method 4227: Landroid/os/PowerManager;.isInteractive ()Z
D/dalvikvm( 1777): VFY: replacing opcode 0x6e at 0x0006
I/dalvikvm-heap( 1935): Grow heap (frag case) to 24.388MB for 1939932-byte allocation
V/EmulatedCamera_Camera( 1147): getCameraInfo
V/EmulatedCamera_BaseCamera( 1147): getCameraInfo
D/dalvikvm( 1935): GC_FOR_ALLOC freed 13K, 10% free 24775K/27284K, paused 5ms, total 5ms
W/ProviderHelper( 1777): Unknown dynamite feature providerinstaller
I/DynamiteModule( 1777): Considering local module providerinstaller:0 and remote module providerinstaller:0
I/DynamiteModule( 1777): Considering local module providerinstaller:0 and remote module providerinstaller:0
I/Icing   ( 2157): Storage manager: low false usage 0 Bytes avail 649.74MB capacity 753.91MB
W/AudioService( 1567): onLoadSoundEffects() called before boot complete
D/AndroidRuntime( 2384): Shutting down VM
D/jdwp    ( 2384): Got wake-up signal, bailing out of select
D/dalvikvm( 2384): Debugger has detached; object registry had 1 entries
I/PackageManager( 1567):   Action: "android.intent.action.SENDTO"
I/PackageManager( 1567):   Category: "android.intent.category.DEFAULT"
I/PackageManager( 1567):   Scheme: "mms"
D/dalvikvm( 2355): GC_FOR_ALLOC freed 252K, 8% free 6613K/7168K, paused 9ms, total 9ms
I/PackageManager( 1567):   Action: "android.intent.action.SENDTO"
I/PackageManager( 1567):   Category: "android.intent.category.DEFAULT"
I/PackageManager( 1567):   Scheme: "mmsto"
I/PackageManager( 1567): Adding preferred activity ComponentInfo{com.android.mms/com.android.mms.ui.ComposeMessageActivity} for user 0 :
I/PackageManager( 1567): Adding preferred activity ComponentInfo{com.android.mms/com.android.mms.ui.ComposeMessageActivity} for user 0 :
I/PackageManager( 1567):   Action: "android.intent.action.SENDTO"
I/PackageManager( 1567):   Category: "android.intent.category.DEFAULT"
I/PackageManager( 1567):   Scheme: "sms"
I/OcrModelUpStIntentOp( 2157): Updating ocr activity enabled=false (phenotypeFlag=false, lowRamDevice=false, prereqCheck=true)
I/PackageManager( 1567): Adding preferred activity ComponentInfo{com.android.mms/com.android.mms.ui.ComposeMessageActivity} for user 0 :
D/dalvikvm( 1797): GC_FOR_ALLOC freed 433K, 17% free 3648K/4356K, paused 2ms, total 2ms
D/dalvikvm( 1777): GC_FOR_ALLOC freed 1183K, 17% free 7211K/8644K, paused 8ms, total 8ms
D/dalvikvm( 1567): GC_FOR_ALLOC freed 1168K, 49% free 7596K/14816K, paused 19ms, total 19ms
I/NetworkScheduler( 1777): Using standalone scheduling engine [CONTEXT service_id=218 ]
I/PackageManager( 1567):   Action: "android.intent.action.SENDTO"
I/PackageManager( 1567):   Category: "android.intent.category.DEFAULT"
I/PackageManager( 1567):   Scheme: "smsto"
I/PackageManager( 1567): Adding preferred activity ComponentInfo{com.android.mms/com.android.mms.ui.ComposeMessageActivity} for user 0 :
D/EGL_emulation( 1935): eglMakeCurrent: 0xb79bf1b0: ver 3 0
E/EGL_emulation( 1935): tid 1935: eglSurfaceAttrib(1199): error 0x3009 (EGL_BAD_MATCH)
W/HardwareRenderer( 1935): Backbuffer cannot be preserved
I/PackageManager( 1567):   Action: "android.intent.action.SENDTO"
I/PackageManager( 1567):   Category: "android.intent.category.DEFAULT"
I/PackageManager( 1567):   Scheme: "mms"
I/PackageManager( 1567): Adding preferred activity ComponentInfo{com.android.mms/com.android.mms.ui.ComposeMessageActivity} for user 0 :
I/PackageManager( 1567):   Action: "android.intent.action.SENDTO"
I/PackageManager( 1567):   Category: "android.intent.category.DEFAULT"
I/PackageManager( 1567):   Scheme: "mmsto"
I/PackageManager( 1567): Adding preferred activity ComponentInfo{com.android.mms/com.android.mms.ui.ComposeMessageActivity} for user 0 :
I/dalvikvm( 1777): Could not find method android.os.PowerManager.isPowerSaveMode, referenced from method ajlz.a
W/dalvikvm( 1777): VFY: unable to resolve virtual method 29694: Landroid/os/PowerManager;.isPowerSaveMode ()Z
D/dalvikvm( 1777): VFY: replacing opcode 0x6e at 0x007d
E/GeofenceStateCache( 1777): Unable to load state, all registered geofences are lost.
I/Checkin ( 2157): [CheckinChimeraService] onStartCommand
I/PackageManager( 1567): Running dexopt on: com.google.android.googlequicksearchbox
I/ActivityManager( 1567): Start proc com.google.android.googlequicksearchbox for broadcast com.google.android.googlequicksearchbox/com.google.android.searchcommon.summons.icing.InternalIcingCorporaProvider$CorporaChangedReceiver: pid=2418 uid=10013 gids={50013, 3003, 1028, 3002, 1015}
W/linker  ( 2430): libdvm.so has text relocations. This is wasting memory and is a security risk. Please fix.
D/dalvikvm( 1567): GC_FOR_ALLOC freed 1109K, 49% free 7642K/14816K, paused 10ms, total 10ms
D/dalvikvm( 1567): GC_FOR_ALLOC freed 1200K, 49% free 7609K/14816K, paused 12ms, total 12ms
D/dalvikvm( 1567): GC_FOR_ALLOC freed 1160K, 49% free 7609K/14816K, paused 8ms, total 8ms
D/AndroidRuntime( 2437): 
D/AndroidRuntime( 2437): >>>>>> AndroidRuntime START com.android.internal.os.RuntimeInit <<<<<<
W/linker  ( 2437): libdvm.so has text relocations. This is wasting memory and is a security risk. Please fix.
D/AndroidRuntime( 2437): CheckJNI is ON
D/dalvikvm( 1567): GC_FOR_ALLOC freed 1159K, 49% free 7609K/14816K, paused 7ms, total 7ms
D/dalvikvm( 2430): DexOpt: 'Landroid/util/Pools$Pool;' has an earlier definition; blocking out
D/dalvikvm( 2430): DexOpt: 'Landroid/util/Pools$SimplePool;' has an earlier definition; blocking out
D/dalvikvm( 2430): DexOpt: 'Landroid/util/Pools$SynchronizedPool;' has an earlier definition; blocking out
D/dalvikvm( 2430): DexOpt: 'Landroid/util/Pools;' has an earlier definition; blocking out
D/dalvikvm( 2437): Trying to load lib libjavacore.so 0x0
D/dalvikvm( 2437): Added shared lib libjavacore.so 0x0
D/dalvikvm( 2437): Trying to load lib libnativehelper.so 0x0
D/dalvikvm( 2437): Added shared lib libnativehelper.so 0x0
D/dalvikvm( 2437): No JNI_OnLoad found in libnativehelper.so 0x0, skipping init
D/dalvikvm( 2437): Note: class Landroid/app/ActivityManagerNative; has 179 unimplemented (abstract) methods
D/dalvikvm( 1567): GC_FOR_ALLOC freed 1160K, 49% free 7607K/14816K, paused 7ms, total 7ms
D/dalvikvm( 1567): GC_FOR_ALLOC freed 1158K, 49% free 7607K/14816K, paused 7ms, total 7ms
E/memtrack( 2437): Couldn't load memtrack module (No such file or directory)
E/android.os.Debug( 2437): failed to load memtrack module: -2
D/dalvikvm( 1567): GC_FOR_ALLOC freed 1158K, 49% free 7607K/14816K, paused 9ms, total 9ms
D/dalvikvm( 2430): DexOpt: not verifying/optimizing 'Landroid/util/Pools$Pool;': multiple definitions
D/dalvikvm( 2430): DexOpt: not verifying/optimizing 'Landroid/util/Pools$SimplePool;': multiple definitions
D/dalvikvm( 2430): DexOpt: not verifying/optimizing 'Landroid/util/Pools$SynchronizedPool;': multiple definitions
D/dalvikvm( 2430): DexOpt: not verifying/optimizing 'Landroid/util/Pools;': multiple definitions
D/AndroidRuntime( 2437): Calling main entry com.android.commands.pm.Pm
D/dalvikvm( 1567): GC_FOR_ALLOC freed 1157K, 49% free 7608K/14816K, paused 7ms, total 7ms
I/dalvikvm( 2430): DexOpt: not resolving ambiguous class 'Landroid/util/Pools$Pool;'
I/dalvikvm( 2430): DexOpt: not resolving ambiguous class 'Landroid/util/Pools$SynchronizedPool;'
D/dalvikvm( 1567): GC_FOR_ALLOC freed 1158K, 49% free 7608K/14816K, paused 9ms, total 9ms
D/dalvikvm( 1567): GC_FOR_ALLOC freed 1159K, 49% free 7608K/14816K, paused 6ms, total 6ms
D/dalvikvm( 1567): GC_FOR_ALLOC freed 1159K, 49% free 7608K/14816K, paused 6ms, total 6ms
D/dalvikvm( 1567): GC_FOR_ALLOC freed 1159K, 49% free 7608K/14816K, paused 6ms, total 6ms
D/dalvikvm( 1567): GC_FOR_ALLOC freed 1159K, 49% free 7608K/14816K, paused 7ms, total 7ms
D/dalvikvm( 1567): GC_FOR_ALLOC freed 1158K, 49% free 7608K/14816K, paused 6ms, total 6ms
D/dalvikvm( 2430): DexOpt: load 101ms, verify+opt 255ms, 5311084 bytes
D/dalvikvm( 1567): GC_FOR_ALLOC freed 1159K, 49% free 7608K/14816K, paused 8ms, total 8ms
I/GeofencerStateMachine( 1777): Network location disabled.
D/Tethering( 1567): MasterInitialState.processMessage what=3
D/CaptivePortalTracker( 1567): NoActiveNetworkState{ when=0 what=1 obj=NetworkInfo: type: mobile_hipri[LTE], state: DISCONNECTED/DISCONNECTED, reason: dataDisabled, extra: epc.tmobile.com, roaming: false, failover: false, isAvailable: true, isConnectedToProvisioningNetwork: false target=com.android.internal.util.StateMachine$SmHandler }
D/CaptivePortalTracker( 1567): NoActiveNetworkState not a wifi connectivity change, ignore
D/Tethering( 1567): MasterInitialState.processMessage what=3
D/CaptivePortalTracker( 1567): NoActiveNetworkState{ when=0 what=1 obj=NetworkInfo: type: mobile[LTE], state: CONNECTED/CONNECTED, reason: connected, extra: epc.tmobile.com, roaming: false, failover: false, isAvailable: true, isConnectedToProvisioningNetwork: false target=com.android.internal.util.StateMachine$SmHandler }
D/CaptivePortalTracker( 1567): NoActiveNetworkState not a wifi connectivity change, ignore
D/EGL_emulation( 1935): eglMakeCurrent: 0xb79bf1b0: ver 3 0
I/Icing.InternalIcingCorporaProvider( 2418): Updating corpora: A: com.android.sdksetup, C: MAYBE
I/ActivityManager( 1567): Delay finish: com.google.android.googlequicksearchbox/com.google.android.searchcommon.summons.icing.InternalIcingCorporaProvider$CorporaChangedReceiver
I/CheckinCompat( 2157): Disabling old GoogleServicesFramework version [CONTEXT service_id=130 ]
I/Search.SharedPreferencesProto( 2418): load shared preferences: file not found
I/Checkin ( 2157): [CheckinChimeraService] runCheckinOnNewThread
I/Checkin ( 2157): [CheckinChimeraService] Check queued to run. Is task waiting: false
I/Search.SharedPreferencesProto( 2418): load shared preferences: file not found
W/ActivityManager( 1567): No content provider found for permission revoke: file:///sdcard/aut.apk
E/ActivityThread( 2418): Failed to find provider info for com.google.android.voicesearch
I/dalvikvm( 1777): Could not find method android.os.UserHandle.isOwner, referenced from method axon.c
W/dalvikvm( 1777): VFY: unable to resolve virtual method 1714: Landroid/os/UserHandle;.isOwner ()Z
D/dalvikvm( 1777): VFY: replacing opcode 0x6e at 0x0186
I/Checkin ( 2157): [CheckinChimeraService] Run checkin on new thread return:1
I/Checkin ( 2157): [CheckinChimeraService] Starting Checkin Task: CheckinNowTaskTag Reason : 1 Force : false UserId: 0
I/constellation( 2157): [intent_handler] on init with intent Intent { act=com.google.android.chimera.IntentOperation.NEW_MODULE (has extras) }
E/GCM     ( 1777): Missing checkin config file
W/GCM     ( 1777): GCM FAILED TO INITIALIZE - missing checkin
D/dalvikvm( 2157): GC_FOR_ALLOC freed 1254K, 17% free 7418K/8868K, paused 7ms, total 8ms
E/ActivityThread( 2418): Failed to find provider info for com.google.android.partnersetup.rlzappprovider
E/GCM     ( 1777): Missing checkin config file
W/GCM     ( 1777): GCM FAILED TO INITIALIZE - missing checkin
D/dalvikvm( 1567): GC_FOR_ALLOC freed 1268K, 50% free 7498K/14816K, paused 10ms, total 10ms
D/dalvikvm( 2418): GC_FOR_ALLOC freed 284K, 13% free 3222K/3692K, paused 6ms, total 6ms
D/dalvikvm( 1826): GC_EXPLICIT freed 130K, 30% free 5383K/7648K, paused 0ms+7ms, total 24ms
I/BackupPreLmp( 2157): [ComponentEnabler] Enabling pre-L components
V/BackupPreLmp( 2157): [ComponentEnabler] Enabling Component: com.google.android.gms.backup.component.D2dPreLSourceActivity
D/dalvikvm( 2157): DexOpt: couldn't find static field Landroid/os/Build;.SUPPORTED_ABIS
W/dalvikvm( 2157): VFY: unable to resolve static field 1191 (SUPPORTED_ABIS) in Landroid/os/Build;
D/dalvikvm( 2157): VFY: replacing opcode 0x62 at 0x02f8
W/ContextImpl( 2418): Implicit intents with startService are not safe: Intent { act=com.google.android.gms.icing.INDEX_SERVICE } android.content.ContextWrapper.bindService:517 com.google.android.gms.internal.av.a:-1 com.google.android.gms.internal.au.connect:-1 
E/WakeLock( 1777): GCM_HB_ALARM release without a matched acquire!
W/WakeLock( 1777): GCM_HB_ALARM counter does not exist
W/dalvikvm( 2157): VFY: unable to find class referenced in signature (Landroid/net/NetworkRequest;)
I/Icing   ( 2157): IndexChimeraService.getServiceInterface callingPackage=com.google.android.gms componentName=AppsCorpus serviceId=32
I/Icing   ( 2157): IndexChimeraService.getServiceInterface callingPackage=com.google.android.gms componentName=AppsCorpus serviceId=36
E/BluetoothAdapter( 1777): Bluetooth binder is null
D/dalvikvm( 1567): GC_FOR_ALLOC freed 1133K, 50% free 7488K/14816K, paused 13ms, total 13ms
D/dalvikvm( 1777): GC_FOR_ALLOC freed 1141K, 16% free 7494K/8888K, paused 16ms, total 17ms
I/ChimeraSrvcProxy( 1777): com.google.android.gms.chimera.PersistentBoundBrokerService returning NullBinder for action com.google.android.gms.ipa.smsindexer.PERSISTENT_START
I/GCoreUlr( 1777): Unbound from all signal providers.
I/GCoreUlr( 1777): Stopping handler for UlrDispSvcFast
W/ActivityManager( 1567): No content provider found for permission revoke: file:///sdcard/aut.apk
I/PackageManager( 1567): Copying native libraries to /data/app-lib/vmdl1572002077
I/dalvikvm( 1777): Could not find method android.os.UserHandle.isOwner, referenced from method ankk.a
W/dalvikvm( 1777): VFY: unable to resolve virtual method 29745: Landroid/os/UserHandle;.isOwner ()Z
D/dalvikvm( 1777): VFY: replacing opcode 0x6e at 0x000a
I/dalvikvm( 2157): Could not find method java.util.Locale.toLanguageTag, referenced from method ablz.a
W/dalvikvm( 2157): VFY: unable to resolve virtual method 19297: Ljava/util/Locale;.toLanguageTag ()Ljava/lang/String;
D/dalvikvm( 2157): VFY: replacing opcode 0x6e at 0x0006
I/Checkin ( 2157): [EventLogChimeraService] Opted in for usage reporting: false
E/native  ( 2157): filesystem.cc:93 Opening file /data/data/com.google.android.gms/files/AppDataSearch/main/cur/compact_status for read failed: No such file or directory
I/native  ( 2157): permission-checker.cc:74 Creating PermissionChecker based on ACL with config_version 1 having 14 permissions defined.
W/native  ( 2157): words-map.cc:30 INVALID_ARGUMENT: Empty URI
W/native  ( 2157): words-map.cc:34 WordsMap was not properly initialized
D/dalvikvm( 1567): GC_FOR_ALLOC freed 1103K, 50% free 7509K/14816K, paused 21ms, total 21ms
I/Fitness ( 1777): OnPackageChangedOperation got intent: Intent { act=android.intent.action.PACKAGE_CHANGED dat=package:com.android.sdksetup flg=0x4000010 cmp=com.google.android.gms/.chimera.PersistentIntentOperationService (has extras) } [CONTEXT service_id=17 ]
D/dalvikvm( 1826): GC_EXPLICIT freed 157K, 30% free 5385K/7648K, paused 0ms+0ms, total 19ms
D/dalvikvm( 2157): GC_FOR_ALLOC freed 1218K, 16% free 7679K/9084K, paused 18ms, total 18ms
I/dalvikvm( 1777): Could not find method android.hardware.SensorManager.getDefaultSensor, referenced from method ttr.a
W/dalvikvm( 1777): VFY: unable to resolve virtual method 4967: Landroid/hardware/SensorManager;.getDefaultSensor (IZ)Landroid/hardware/Sensor;
D/dalvikvm( 1777): VFY: replacing opcode 0x6e at 0x00b6
I/Fitness ( 1777): FitCleanupIntentOperation received Intent android.intent.action.PACKAGE_CHANGED [CONTEXT service_id=17 ]
D/dalvikvm( 1567): GC_FOR_ALLOC freed 939K, 49% free 7701K/14816K, paused 10ms, total 10ms
I/Checkin ( 2157): [EventLogChimeraService] Opted in for usage reporting: false
I/Icing   ( 2157): Version not set, assuming clear data.
I/Icing   ( 2157): Clearing storage
I/Icing   ( 2157): Clearing CorpusMap, ClientRegistry, Setting
D/EGL_emulation( 1935): eglMakeCurrent: 0xb79bf1b0: ver 3 0
I/Checkin ( 2157): [EventLogChimeraService] Accumulating logs since 0
I/SubscribedFeeds( 2157): Setting ComponentInfo{com.google.android.gms/com.google.android.gms.subscribedfeeds.GcmReceiverService} to 1 [CONTEXT service_id=250 ]
I/SubscribedFeeds( 2157): Setting ComponentInfo{com.google.android.gms/com.google.android.gms.subscribedfeeds.GmsSubscribedFeedsProvider} to 1 [CONTEXT service_id=250 ]
I/SubscribedFeeds( 2157): Setting ComponentInfo{com.google.android.gsf/com.google.android.gsf.subscribedfeeds.SubscribedFeedsSyncAdapterService} to 2 [CONTEXT service_id=250 ]
I/SubscribedFeeds( 2157): Setting ComponentInfo{com.google.android.gms/com.google.android.gms.subscribedfeeds.SyncService} to 1 [CONTEXT service_id=250 ]
I/SubscribedFeeds( 2157): Setting ComponentInfo{com.google.android.gms/com.google.android.gms.subscribedfeeds.GmsFeedsSyncService} to 1 [CONTEXT service_id=250 ]
D/dalvikvm( 1777): GC_FOR_ALLOC freed 1011K, 14% free 8007K/9268K, paused 43ms, total 47ms
D/dalvikvm( 1567): GC_FOR_ALLOC freed 1164K, 48% free 7718K/14816K, paused 18ms, total 18ms
I/ChmraDebugLogger( 2157): [11] com.google.android.gms.flags
I/DynamiteModule( 2157): Considering local module com.google.android.gms.flags:3 and remote module com.google.android.gms.flags:0
I/DynamiteModule( 2157): Selected local version of com.google.android.gms.flags
I/dalvikvm( 2157): Could not find method android.net.ConnectivityManager.getAllNetworks, referenced from method npq.a
