I/PackageManager( 1568): Adding preferred activity ComponentInfo{com.android.mms/com.android.mms.ui.ComposeMessageActivity} for user 0 :
W/ActivityManager( 1568): No content provider found for permission revoke: file:///sdcard/aut.apk
I/ActivityManager( 1568): Resuming delayed broadcast
W/ContextImpl( 3894): Calling a method in the system process without a qualified user: android.app.ContextImpl.startService:1479 android.content.ContextWrapper.startService:494 android.content.ContextWrapper.startService:494 com.android.keychain.KeyChainBroadcastReceiver.onReceive:12 android.app.ActivityThread.handleReceiver:2419 
I/ActivityManager( 1568): Delay finish: com.android.keychain/.KeyChainBroadcastReceiver
I/ActivityManager( 1568): Resuming delayed broadcast
W/ActivityManager( 1568): No content provider found for permission revoke: file:///sdcard/aut.apk
I/PackageManager( 1568): Copying native libraries to /data/app-lib/vmdl-1857872923
I/ActivityManager( 1568): Force stopping com.serwylo.beatgame appid=10077 user=-1: update pkg
I/PackageManager( 1568): Adding preferred activity ComponentInfo{com.android.mms/com.android.mms.ui.ComposeMessageActivity} for user 0 :
I/PackageManager( 1568): Adding preferred activity ComponentInfo{com.android.mms/com.android.mms.ui.ComposeMessageActivity} for user 0 :
I/PackageManager( 1568): Adding preferred activity ComponentInfo{com.android.mms/com.android.mms.ui.ComposeMessageActivity} for user 0 :
D/BackupManagerService( 1568): Received broadcast Intent { act=android.intent.action.PACKAGE_ADDED dat=package:com.serwylo.beatgame flg=0x4000010 (has extras) }
V/BackupManagerService( 1568): addPackageParticipantsLocked: #1
I/PackageManager( 1568): Adding preferred activity ComponentInfo{com.android.mms/com.android.mms.ui.ComposeMessageActivity} for user 0 :
I/ActivityManager( 1568): Delay finish: com.google.android.googlequicksearchbox/com.google.android.searchcommon.summons.icing.InternalIcingCorporaProvider$CorporaChangedReceiver
W/ActivityManager( 1568): Unable to start service Intent { act=com.google.android.gms.auth.key.retrieval.service.START pkg=com.google.android.gms } U=0: not found
I/PackageManager( 1568): Adding preferred activity ComponentInfo{com.android.mms/com.android.mms.ui.ComposeMessageActivity} for user 0 :
W/ActivityManager( 1568): Unbind failed: could not find connection for android.os.BinderProxy@9d0b3af8
I/PackageManager( 1568): Adding preferred activity ComponentInfo{com.android.mms/com.android.mms.ui.ComposeMessageActivity} for user 0 :
I/PackageManager( 1568): Adding preferred activity ComponentInfo{com.android.mms/com.android.mms.ui.ComposeMessageActivity} for user 0 :
I/PackageManager( 1568): Adding preferred activity ComponentInfo{com.android.mms/com.android.mms.ui.ComposeMessageActivity} for user 0 :
I/ActivityManager( 1568): Resuming delayed broadcast
W/ActivityManager( 1568): No content provider found for permission revoke: file:///sdcard/ripper.apk
W/ActivityManager( 1568): No content provider found for permission revoke: file:///sdcard/ripper.apk
I/PackageManager( 1568): Copying native libraries to /data/app-lib/vmdl-1261720308
I/PackageParser( 1568): it.unina.android.ripper: compat added android.permission.WRITE_EXTERNAL_STORAGE android.permission.READ_PHONE_STATE
I/ActivityManager( 1568): Force stopping it.unina.android.ripper appid=10078 user=-1: update pkg
I/PackageManager( 1568): Adding preferred activity ComponentInfo{com.android.mms/com.android.mms.ui.ComposeMessageActivity} for user 0 :
I/PackageManager( 1568): Adding preferred activity ComponentInfo{com.android.mms/com.android.mms.ui.ComposeMessageActivity} for user 0 :
D/BackupManagerService( 1568): Received broadcast Intent { act=android.intent.action.PACKAGE_ADDED dat=package:it.unina.android.ripper flg=0x4000010 (has extras) }
V/BackupManagerService( 1568): addPackageParticipantsLocked: #1
I/PackageManager( 1568): Adding preferred activity ComponentInfo{com.android.mms/com.android.mms.ui.ComposeMessageActivity} for user 0 :
I/PackageManager( 1568): Adding preferred activity ComponentInfo{com.android.mms/com.android.mms.ui.ComposeMessageActivity} for user 0 :
I/ActivityManager( 1568): Delay finish: com.google.android.googlequicksearchbox/com.google.android.searchcommon.summons.icing.InternalIcingCorporaProvider$CorporaChangedReceiver
W/ActivityManager( 1568): Unable to start service Intent { act=com.google.android.gms.auth.key.retrieval.service.START pkg=com.google.android.gms } U=0: not found
W/ActivityManager( 1568): Unbind failed: could not find connection for android.os.BinderProxy@9d911d50
I/PackageManager( 1568): Adding preferred activity ComponentInfo{com.android.mms/com.android.mms.ui.ComposeMessageActivity} for user 0 :
I/PackageManager( 1568): Adding preferred activity ComponentInfo{com.android.mms/com.android.mms.ui.ComposeMessageActivity} for user 0 :
I/PackageManager( 1568): Adding preferred activity ComponentInfo{com.android.mms/com.android.mms.ui.ComposeMessageActivity} for user 0 :
I/PackageManager( 1568): Adding preferred activity ComponentInfo{com.android.mms/com.android.mms.ui.ComposeMessageActivity} for user 0 :
I/ActivityManager( 1568): Resuming delayed broadcast
I/ActivityManager( 1568): Force stopping com.serwylo.beatgame appid=10077 user=0: start instr
I/ActivityManager( 1568): Start proc com.serwylo.beatgame for added application com.serwylo.beatgame: pid=6944 uid=10077 gids={50077}
I/ActivityManager( 1568): START u0 {act=android.intent.action.MAIN flg=0x10000000 cmp=com.serwylo.beatgame/.AndroidLauncher} from pid 6944
I/ActivityManager( 1568): Config changes=480 {1.0 310mcc260mnc en_US ldltr sw411dp w689dp h386dp 420dpi nrml land finger qwerty/v/v dpad/v s.24}
I/WindowManager( 1568): Screen frozen for +274ms due to Window{9d134d00 u0 Starting com.serwylo.beatgame}
I/ActivityManager( 1568): Config changes=480 {1.0 310mcc260mnc en_US ldltr sw411dp w411dp h658dp 420dpi nrml port finger qwerty/v/v dpad/v s.25}
I/WindowManager( 1568): Screen frozen for +195ms due to Window{9d153100 u0 com.serwylo.beatgame/com.serwylo.beatgame.AndroidLauncher}
I/ActivityManager( 1568): Force stopping com.serwylo.beatgame appid=10077 user=0: clear data
I/ActivityManager( 1568): Killing 6944:com.serwylo.beatgame/u0a77 (adj 0): stop com.serwylo.beatgame
W/ActivityManager( 1568): Crash of app com.serwylo.beatgame running instrumentation ComponentInfo{it.unina.android.ripper/android.test.InstrumentationTestRunner}
I/ActivityManager( 1568): Force stopping com.serwylo.beatgame appid=10077 user=0: finished inst
I/ActivityManager( 1568): Force stopping com.serwylo.beatgame appid=10077 user=-1: uninstall pkg
W/PackageManager( 1568): Couldn't delete native library directory /data/app-lib/com.serwylo.beatgame
I/ActivityManager( 1568): Force stopping com.serwylo.beatgame appid=10077 user=0: pkg removed
I/PackageManager( 1568): Adding preferred activity ComponentInfo{com.android.mms/com.android.mms.ui.ComposeMessageActivity} for user 0 :
I/ActivityManager( 1568): Delay finish: com.google.android.gms/.games.chimera.GamesSystemBroadcastReceiverProxy
I/PackageManager( 1568): Adding preferred activity ComponentInfo{com.android.mms/com.android.mms.ui.ComposeMessageActivity} for user 0 :
D/BackupManagerService( 1568): Received broadcast Intent { act=android.intent.action.PACKAGE_REMOVED dat=package:com.serwylo.beatgame flg=0x4000010 (has extras) }
V/BackupManagerService( 1568): removePackageParticipantsLocked: uid=10077 #1
I/PackageManager( 1568): Adding preferred activity ComponentInfo{com.android.mms/com.android.mms.ui.ComposeMessageActivity} for user 0 :
I/PackageManager( 1568): Adding preferred activity ComponentInfo{com.android.mms/com.android.mms.ui.ComposeMessageActivity} for user 0 :
I/PackageManager( 1568): Adding preferred activity ComponentInfo{com.android.mms/com.android.mms.ui.ComposeMessageActivity} for user 0 :
I/ActivityManager( 1568): Resuming delayed broadcast
I/PackageManager( 1568): Adding preferred activity ComponentInfo{com.android.mms/com.android.mms.ui.ComposeMessageActivity} for user 0 :
I/PackageManager( 1568): Adding preferred activity ComponentInfo{com.android.mms/com.android.mms.ui.ComposeMessageActivity} for user 0 :
I/ActivityManager( 1568): Delay finish: com.google.android.googlequicksearchbox/com.google.android.searchcommon.summons.icing.InternalIcingCorporaProvider$CorporaChangedReceiver
I/PackageManager( 1568): Adding preferred activity ComponentInfo{com.android.mms/com.android.mms.ui.ComposeMessageActivity} for user 0 :
I/ActivityManager( 1568): Force stopping it.unina.android.ripper appid=10078 user=0: clear data
I/ActivityManager( 1568): Resuming delayed broadcast
W/ContextImpl( 3894): Calling a method in the system process without a qualified user: android.app.ContextImpl.startService:1479 android.content.ContextWrapper.startService:494 android.content.ContextWrapper.startService:494 com.android.keychain.KeyChainBroadcastReceiver.onReceive:12 android.app.ActivityThread.handleReceiver:2419 
I/ActivityManager( 1568): Delay finish: com.android.keychain/.KeyChainBroadcastReceiver
I/ActivityManager( 1568): Resuming delayed broadcast
I/ActivityManager( 1568): Force stopping it.unina.android.ripper appid=10078 user=-1: uninstall pkg
W/PackageManager( 1568): Couldn't delete native library directory /data/app-lib/it.unina.android.ripper
I/ActivityManager( 1568): Force stopping it.unina.android.ripper appid=10078 user=0: pkg removed
I/PackageManager( 1568): Adding preferred activity ComponentInfo{com.android.mms/com.android.mms.ui.ComposeMessageActivity} for user 0 :
D/BackupManagerService( 1568): Received broadcast Intent { act=android.intent.action.PACKAGE_REMOVED dat=package:it.unina.android.ripper flg=0x4000010 (has extras) }
V/BackupManagerService( 1568): removePackageParticipantsLocked: uid=10078 #1
I/PackageManager( 1568): Adding preferred activity ComponentInfo{com.android.mms/com.android.mms.ui.ComposeMessageActivity} for user 0 :
I/PackageManager( 1568): Adding preferred activity ComponentInfo{com.android.mms/com.android.mms.ui.ComposeMessageActivity} for user 0 :
I/ActivityManager( 1568): Delay finish: com.google.android.gms/.games.chimera.GamesSystemBroadcastReceiverProxy
I/PackageManager( 1568): Adding preferred activity ComponentInfo{com.android.mms/com.android.mms.ui.ComposeMessageActivity} for user 0 :
I/ActivityManager( 1568): Resuming delayed broadcast
I/PackageManager( 1568): Adding preferred activity ComponentInfo{com.android.mms/com.android.mms.ui.ComposeMessageActivity} for user 0 :
I/ActivityManager( 1568): Delay finish: com.google.android.googlequicksearchbox/com.google.android.searchcommon.summons.icing.InternalIcingCorporaProvider$CorporaChangedReceiver
I/PackageManager( 1568): Adding preferred activity ComponentInfo{com.android.mms/com.android.mms.ui.ComposeMessageActivity} for user 0 :
I/PackageManager( 1568): Adding preferred activity ComponentInfo{com.android.mms/com.android.mms.ui.ComposeMessageActivity} for user 0 :
I/PackageManager( 1568): Adding preferred activity ComponentInfo{com.android.mms/com.android.mms.ui.ComposeMessageActivity} for user 0 :
W/ActivityManager( 1568): No content provider found for permission revoke: file:///sdcard/aut.apk
I/ActivityManager( 1568): Resuming delayed broadcast
W/ContextImpl( 3894): Calling a method in the system process without a qualified user: android.app.ContextImpl.startService:1479 android.content.ContextWrapper.startService:494 android.content.ContextWrapper.startService:494 com.android.keychain.KeyChainBroadcastReceiver.onReceive:12 android.app.ActivityThread.handleReceiver:2419 
I/ActivityManager( 1568): Delay finish: com.android.keychain/.KeyChainBroadcastReceiver
I/ActivityManager( 1568): Resuming delayed broadcast
W/ActivityManager( 1568): No content provider found for permission revoke: file:///sdcard/aut.apk
I/PackageManager( 1568): Copying native libraries to /data/app-lib/vmdl-20387953
I/ActivityManager( 1568): Force stopping com.serwylo.beatgame appid=10079 user=-1: update pkg
I/PackageManager( 1568): Adding preferred activity ComponentInfo{com.android.mms/com.android.mms.ui.ComposeMessageActivity} for user 0 :
I/PackageManager( 1568): Adding preferred activity ComponentInfo{com.android.mms/com.android.mms.ui.ComposeMessageActivity} for user 0 :
I/ActivityManager( 1568): Delay finish: com.google.android.googlequicksearchbox/com.google.android.searchcommon.summons.icing.InternalIcingCorporaProvider$CorporaChangedReceiver
W/ActivityManager( 1568): Unable to start service Intent { act=com.google.android.gms.auth.key.retrieval.service.START pkg=com.google.android.gms } U=0: not found
I/PackageManager( 1568): Adding preferred activity ComponentInfo{com.android.mms/com.android.mms.ui.ComposeMessageActivity} for user 0 :
D/BackupManagerService( 1568): Received broadcast Intent { act=android.intent.action.PACKAGE_ADDED dat=package:com.serwylo.beatgame flg=0x4000010 (has extras) }
V/BackupManagerService( 1568): addPackageParticipantsLocked: #1
W/ActivityManager( 1568): Unbind failed: could not find connection for android.os.BinderProxy@9d31c808
I/PackageManager( 1568): Adding preferred activity ComponentInfo{com.android.mms/com.android.mms.ui.ComposeMessageActivity} for user 0 :
I/PackageManager( 1568): Adding preferred activity ComponentInfo{com.android.mms/com.android.mms.ui.ComposeMessageActivity} for user 0 :
I/PackageManager( 1568): Adding preferred activity ComponentInfo{com.android.mms/com.android.mms.ui.ComposeMessageActivity} for user 0 :
I/PackageManager( 1568): Adding preferred activity ComponentInfo{com.android.mms/com.android.mms.ui.ComposeMessageActivity} for user 0 :
I/PackageManager( 1568): Adding preferred activity ComponentInfo{com.android.mms/com.android.mms.ui.ComposeMessageActivity} for user 0 :
I/ActivityManager( 1568): Resuming delayed broadcast
W/ActivityManager( 1568): No content provider found for permission revoke: file:///sdcard/ripper.apk
W/ActivityManager( 1568): No content provider found for permission revoke: file:///sdcard/ripper.apk
I/PackageManager( 1568): Copying native libraries to /data/app-lib/vmdl1780477699
I/PackageParser( 1568): it.unina.android.ripper: compat added android.permission.WRITE_EXTERNAL_STORAGE android.permission.READ_PHONE_STATE
I/ActivityManager( 1568): Force stopping it.unina.android.ripper appid=10080 user=-1: update pkg
I/PackageManager( 1568): Adding preferred activity ComponentInfo{com.android.mms/com.android.mms.ui.ComposeMessageActivity} for user 0 :
I/PackageManager( 1568): Adding preferred activity ComponentInfo{com.android.mms/com.android.mms.ui.ComposeMessageActivity} for user 0 :
D/BackupManagerService( 1568): Received broadcast Intent { act=android.intent.action.PACKAGE_ADDED dat=package:it.unina.android.ripper flg=0x4000010 (has extras) }
V/BackupManagerService( 1568): addPackageParticipantsLocked: #1
I/ActivityManager( 1568): Delay finish: com.google.android.googlequicksearchbox/com.google.android.searchcommon.summons.icing.InternalIcingCorporaProvider$CorporaChangedReceiver
W/ActivityManager( 1568): Unable to start service Intent { act=com.google.android.gms.auth.key.retrieval.service.START pkg=com.google.android.gms } U=0: not found
W/ActivityManager( 1568): Unbind failed: could not find connection for android.os.BinderProxy@9d020188
I/PackageManager( 1568): Adding preferred activity ComponentInfo{com.android.mms/com.android.mms.ui.ComposeMessageActivity} for user 0 :
I/PackageManager( 1568): Adding preferred activity ComponentInfo{com.android.mms/com.android.mms.ui.ComposeMessageActivity} for user 0 :
I/PackageManager( 1568): Adding preferred activity ComponentInfo{com.android.mms/com.android.mms.ui.ComposeMessageActivity} for user 0 :
I/PackageManager( 1568): Adding preferred activity ComponentInfo{com.android.mms/com.android.mms.ui.ComposeMessageActivity} for user 0 :
I/PackageManager( 1568): Adding preferred activity ComponentInfo{com.android.mms/com.android.mms.ui.ComposeMessageActivity} for user 0 :
I/PackageManager( 1568): Adding preferred activity ComponentInfo{com.android.mms/com.android.mms.ui.ComposeMessageActivity} for user 0 :
I/ActivityManager( 1568): Resuming delayed broadcast
I/ActivityManager( 1568): Force stopping com.serwylo.beatgame appid=10079 user=0: start instr
I/ActivityManager( 1568): Start proc com.serwylo.beatgame for added application com.serwylo.beatgame: pid=7192 uid=10079 gids={50079}
I/ActivityManager( 1568): START u0 {act=android.intent.action.MAIN flg=0x10000000 cmp=com.serwylo.beatgame/.AndroidLauncher} from pid 7192
I/ActivityManager( 1568): Config changes=480 {1.0 310mcc260mnc en_US ldltr sw411dp w689dp h386dp 420dpi nrml land finger qwerty/v/v dpad/v s.26}
I/WindowManager( 1568): Screen frozen for +271ms due to Window{9d22ea80 u0 com.serwylo.beatgame/com.serwylo.beatgame.AndroidLauncher}
I/ActivityManager( 1568): Config changes=480 {1.0 310mcc260mnc en_US ldltr sw411dp w411dp h658dp 420dpi nrml port finger qwerty/v/v dpad/v s.27}
I/WindowManager( 1568): Screen frozen for +153ms due to Window{9d22ea80 u0 com.serwylo.beatgame/com.serwylo.beatgame.AndroidLauncher}
W/InputMethodManagerService( 1568): Window already focused, ignoring focus gain of: com.android.internal.view.IInputMethodClient$Stub$Proxy@9d428f58 attribute=null, token = android.os.BinderProxy@9d41eb20
W/InputMethodManagerService( 1568): Window already focused, ignoring focus gain of: com.android.internal.view.IInputMethodClient$Stub$Proxy@9d1ad000 attribute=null, token = android.os.BinderProxy@9d41eb20
W/InputMethodManagerService( 1568): Window already focused, ignoring focus gain of: com.android.internal.view.IInputMethodClient$Stub$Proxy@9d0b4358 attribute=null, token = android.os.BinderProxy@9d41eb20
I/ActivityManager( 1568): Force stopping com.serwylo.beatgame appid=10079 user=0: clear data
I/ActivityManager( 1568): Killing 7192:com.serwylo.beatgame/u0a79 (adj 0): stop com.serwylo.beatgame
W/ActivityManager( 1568): Crash of app com.serwylo.beatgame running instrumentation ComponentInfo{it.unina.android.ripper/android.test.InstrumentationTestRunner}
I/ActivityManager( 1568): Force stopping com.serwylo.beatgame appid=10079 user=0: finished inst
I/ActivityManager( 1568): Force stopping com.serwylo.beatgame appid=10079 user=-1: uninstall pkg
W/PackageManager( 1568): Couldn't delete native library directory /data/app-lib/com.serwylo.beatgame
I/ActivityManager( 1568): Force stopping com.serwylo.beatgame appid=10079 user=0: pkg removed
I/PackageManager( 1568): Adding preferred activity ComponentInfo{com.android.mms/com.android.mms.ui.ComposeMessageActivity} for user 0 :
I/ActivityManager( 1568): Delay finish: com.google.android.gms/.games.chimera.GamesSystemBroadcastReceiverProxy
I/PackageManager( 1568): Adding preferred activity ComponentInfo{com.android.mms/com.android.mms.ui.ComposeMessageActivity} for user 0 :
I/ActivityManager( 1568): Resuming delayed broadcast
I/PackageManager( 1568): Adding preferred activity ComponentInfo{com.android.mms/com.android.mms.ui.ComposeMessageActivity} for user 0 :
I/ActivityManager( 1568): Delay finish: com.google.android.googlequicksearchbox/com.google.android.searchcommon.summons.icing.InternalIcingCorporaProvider$CorporaChangedReceiver
D/BackupManagerService( 1568): Received broadcast Intent { act=android.intent.action.PACKAGE_REMOVED dat=package:com.serwylo.beatgame flg=0x4000010 (has extras) }
I/PackageManager( 1568): Adding preferred activity ComponentInfo{com.android.mms/com.android.mms.ui.ComposeMessageActivity} for user 0 :
V/BackupManagerService( 1568): removePackageParticipantsLocked: uid=10079 #1
I/PackageManager( 1568): Adding preferred activity ComponentInfo{com.android.mms/com.android.mms.ui.ComposeMessageActivity} for user 0 :
I/PackageManager( 1568): Adding preferred activity ComponentInfo{com.android.mms/com.android.mms.ui.ComposeMessageActivity} for user 0 :
I/PackageManager( 1568): Adding preferred activity ComponentInfo{com.android.mms/com.android.mms.ui.ComposeMessageActivity} for user 0 :
I/PackageManager( 1568): Adding preferred activity ComponentInfo{com.android.mms/com.android.mms.ui.ComposeMessageActivity} for user 0 :
I/ActivityManager( 1568): Force stopping it.unina.android.ripper appid=10080 user=0: clear data
I/ActivityManager( 1568): Resuming delayed broadcast
W/ContextImpl( 3894): Calling a method in the system process without a qualified user: android.app.ContextImpl.startService:1479 android.content.ContextWrapper.startService:494 android.content.ContextWrapper.startService:494 com.android.keychain.KeyChainBroadcastReceiver.onReceive:12 android.app.ActivityThread.handleReceiver:2419 
I/ActivityManager( 1568): Delay finish: com.android.keychain/.KeyChainBroadcastReceiver
I/ActivityManager( 1568): Resuming delayed broadcast
I/ActivityManager( 1568): Force stopping it.unina.android.ripper appid=10080 user=-1: uninstall pkg
W/PackageManager( 1568): Couldn't delete native library directory /data/app-lib/it.unina.android.ripper
I/ActivityManager( 1568): Force stopping it.unina.android.ripper appid=10080 user=0: pkg removed
I/PackageManager( 1568): Adding preferred activity ComponentInfo{com.android.mms/com.android.mms.ui.ComposeMessageActivity} for user 0 :
I/ActivityManager( 1568): Delay finish: com.google.android.gms/.games.chimera.GamesSystemBroadcastReceiverProxy
I/PackageManager( 1568): Adding preferred activity ComponentInfo{com.android.mms/com.android.mms.ui.ComposeMessageActivity} for user 0 :
I/ActivityManager( 1568): Resuming delayed broadcast
I/PackageManager( 1568): Adding preferred activity ComponentInfo{com.android.mms/com.android.mms.ui.ComposeMessageActivity} for user 0 :
D/BackupManagerService( 1568): Received broadcast Intent { act=android.intent.action.PACKAGE_REMOVED dat=package:it.unina.android.ripper flg=0x4000010 (has extras) }
V/BackupManagerService( 1568): removePackageParticipantsLocked: uid=10080 #1
I/PackageManager( 1568): Adding preferred activity ComponentInfo{com.android.mms/com.android.mms.ui.ComposeMessageActivity} for user 0 :
I/ActivityManager( 1568): Delay finish: com.google.android.googlequicksearchbox/com.google.android.searchcommon.summons.icing.InternalIcingCorporaProvider$CorporaChangedReceiver
I/PackageManager( 1568): Adding preferred activity ComponentInfo{com.android.mms/com.android.mms.ui.ComposeMessageActivity} for user 0 :
I/PackageManager( 1568): Adding preferred activity ComponentInfo{com.android.mms/com.android.mms.ui.ComposeMessageActivity} for user 0 :
I/PackageManager( 1568): Adding preferred activity ComponentInfo{com.android.mms/com.android.mms.ui.ComposeMessageActivity} for user 0 :
I/PackageManager( 1568): Adding preferred activity ComponentInfo{com.android.mms/com.android.mms.ui.ComposeMessageActivity} for user 0 :
W/ActivityManager( 1568): No content provider found for permission revoke: file:///sdcard/aut.apk
W/ActivityManager( 1568): No content provider found for permission revoke: file:///sdcard/aut.apk
I/PackageManager( 1568): Copying native libraries to /data/app-lib/vmdl2042921714
I/ActivityManager( 1568): Resuming delayed broadcast
W/ContextImpl( 3894): Calling a method in the system process without a qualified user: android.app.ContextImpl.startService:1479 android.content.ContextWrapper.startService:494 android.content.ContextWrapper.startService:494 com.android.keychain.KeyChainBroadcastReceiver.onReceive:12 android.app.ActivityThread.handleReceiver:2419 
I/ActivityManager( 1568): Delay finish: com.android.keychain/.KeyChainBroadcastReceiver
I/ActivityManager( 1568): Resuming delayed broadcast
I/ActivityManager( 1568): Force stopping com.serwylo.beatgame appid=10081 user=-1: update pkg
D/BackupManagerService( 1568): Received broadcast Intent { act=android.intent.action.PACKAGE_ADDED dat=package:com.serwylo.beatgame flg=0x4000010 (has extras) }
V/BackupManagerService( 1568): addPackageParticipantsLocked: #1
I/PackageManager( 1568): Adding preferred activity ComponentInfo{com.android.mms/com.android.mms.ui.ComposeMessageActivity} for user 0 :
I/PackageManager( 1568): Adding preferred activity ComponentInfo{com.android.mms/com.android.mms.ui.ComposeMessageActivity} for user 0 :
I/PackageManager( 1568): Adding preferred activity ComponentInfo{com.android.mms/com.android.mms.ui.ComposeMessageActivity} for user 0 :
I/ActivityManager( 1568): Delay finish: com.google.android.googlequicksearchbox/com.google.android.searchcommon.summons.icing.InternalIcingCorporaProvider$CorporaChangedReceiver
W/ActivityManager( 1568): Unable to start service Intent { act=com.google.android.gms.auth.key.retrieval.service.START pkg=com.google.android.gms } U=0: not found
W/ActivityManager( 1568): Unbind failed: could not find connection for android.os.BinderProxy@9d499050
I/PackageManager( 1568): Adding preferred activity ComponentInfo{com.android.mms/com.android.mms.ui.ComposeMessageActivity} for user 0 :
I/PackageManager( 1568): Adding preferred activity ComponentInfo{com.android.mms/com.android.mms.ui.ComposeMessageActivity} for user 0 :
I/PackageManager( 1568): Adding preferred activity ComponentInfo{com.android.mms/com.android.mms.ui.ComposeMessageActivity} for user 0 :
I/PackageManager( 1568): Adding preferred activity ComponentInfo{com.android.mms/com.android.mms.ui.ComposeMessageActivity} for user 0 :
I/PackageManager( 1568): Adding preferred activity ComponentInfo{com.android.mms/com.android.mms.ui.ComposeMessageActivity} for user 0 :
I/ActivityManager( 1568): Resuming delayed broadcast
W/ActivityManager( 1568): No content provider found for permission revoke: file:///sdcard/ripper.apk
W/ActivityManager( 1568): No content provider found for permission revoke: file:///sdcard/ripper.apk
I/PackageManager( 1568): Copying native libraries to /data/app-lib/vmdl700056933
I/PackageParser( 1568): it.unina.android.ripper: compat added android.permission.WRITE_EXTERNAL_STORAGE android.permission.READ_PHONE_STATE
I/ActivityManager( 1568): Force stopping it.unina.android.ripper appid=10082 user=-1: update pkg
I/PackageManager( 1568): Adding preferred activity ComponentInfo{com.android.mms/com.android.mms.ui.ComposeMessageActivity} for user 0 :
D/BackupManagerService( 1568): Received broadcast Intent { act=android.intent.action.PACKAGE_ADDED dat=package:it.unina.android.ripper flg=0x4000010 (has extras) }
V/BackupManagerService( 1568): addPackageParticipantsLocked: #1
I/PackageManager( 1568): Adding preferred activity ComponentInfo{com.android.mms/com.android.mms.ui.ComposeMessageActivity} for user 0 :
I/PackageManager( 1568): Adding preferred activity ComponentInfo{com.android.mms/com.android.mms.ui.ComposeMessageActivity} for user 0 :
I/PackageManager( 1568): Adding preferred activity ComponentInfo{com.android.mms/com.android.mms.ui.ComposeMessageActivity} for user 0 :
W/ActivityManager( 1568): Unable to start service Intent { act=com.google.android.gms.auth.key.retrieval.service.START pkg=com.google.android.gms } U=0: not found
I/ActivityManager( 1568): Delay finish: com.google.android.googlequicksearchbox/com.google.android.searchcommon.summons.icing.InternalIcingCorporaProvider$CorporaChangedReceiver
W/ActivityManager( 1568): Unbind failed: could not find connection for android.os.BinderProxy@9d121890
I/PackageManager( 1568): Adding preferred activity ComponentInfo{com.android.mms/com.android.mms.ui.ComposeMessageActivity} for user 0 :
I/PackageManager( 1568): Adding preferred activity ComponentInfo{com.android.mms/com.android.mms.ui.ComposeMessageActivity} for user 0 :
I/PackageManager( 1568): Adding preferred activity ComponentInfo{com.android.mms/com.android.mms.ui.ComposeMessageActivity} for user 0 :
I/PackageManager( 1568): Adding preferred activity ComponentInfo{com.android.mms/com.android.mms.ui.ComposeMessageActivity} for user 0 :
I/ActivityManager( 1568): Resuming delayed broadcast
I/ActivityManager( 1568): Force stopping com.serwylo.beatgame appid=10081 user=0: start instr
I/ActivityManager( 1568): Start proc com.serwylo.beatgame for added application com.serwylo.beatgame: pid=7565 uid=10081 gids={50081}
I/ActivityManager( 1568): START u0 {act=android.intent.action.MAIN flg=0x10000000 cmp=com.serwylo.beatgame/.AndroidLauncher} from pid 7565
I/ActivityManager( 1568): Config changes=480 {1.0 310mcc260mnc en_US ldltr sw411dp w689dp h386dp 420dpi nrml land finger qwerty/v/v dpad/v s.28}
I/WindowManager( 1568): Screen frozen for +267ms due to Window{9d087798 u0 Starting com.serwylo.beatgame}
I/ActivityManager( 1568): Config changes=480 {1.0 310mcc260mnc en_US ldltr sw411dp w411dp h658dp 420dpi nrml port finger qwerty/v/v dpad/v s.29}
I/WindowManager( 1568): Screen frozen for +209ms due to Window{9d2ce168 u0 com.serwylo.beatgame/com.serwylo.beatgame.AndroidLauncher}
V/DeadZone( 1654): consuming errant click: (492.96753,19.886719)
I/ActivityManager( 1568): START u0 {act=android.intent.action.MAIN cat=[android.intent.category.HOME] flg=0x10200000 cmp=com.android.launcher/com.android.launcher2.Launcher} from pid 1568
W/InputMethodManagerService( 1568): Window already focused, ignoring focus gain of: com.android.internal.view.IInputMethodClient$Stub$Proxy@9d90d608 attribute=null, token = android.os.BinderProxy@9d0cb360
W/ActivityManager( 1568): Duplicate finish request for ActivityRecord{9d806f68 u0 com.serwylo.beatgame/.AndroidLauncher t15 f}
I/ActivityManager( 1568): Force stopping com.serwylo.beatgame appid=10081 user=0: clear data
I/ActivityManager( 1568): Killing 7565:com.serwylo.beatgame/u0a81 (adj 0): stop com.serwylo.beatgame
I/WindowState( 1568): WIN DEATH: Window{9d3858b8 u0 SurfaceView}
W/ActivityManager( 1568): Crash of app com.serwylo.beatgame running instrumentation ComponentInfo{it.unina.android.ripper/android.test.InstrumentationTestRunner}
I/WindowState( 1568): WIN DEATH: Window{9d2ce168 u0 com.serwylo.beatgame/com.serwylo.beatgame.AndroidLauncher}
I/ActivityManager( 1568): Force stopping com.serwylo.beatgame appid=10081 user=0: finished inst
I/ActivityManager( 1568): Force stopping com.serwylo.beatgame appid=10081 user=-1: uninstall pkg
W/PackageManager( 1568): Couldn't delete native library directory /data/app-lib/com.serwylo.beatgame
I/ActivityManager( 1568): Force stopping com.serwylo.beatgame appid=10081 user=0: pkg removed
I/PackageManager( 1568): Adding preferred activity ComponentInfo{com.android.mms/com.android.mms.ui.ComposeMessageActivity} for user 0 :
I/PackageManager( 1568): Adding preferred activity ComponentInfo{com.android.mms/com.android.mms.ui.ComposeMessageActivity} for user 0 :
D/BackupManagerService( 1568): Received broadcast Intent { act=android.intent.action.PACKAGE_REMOVED dat=package:com.serwylo.beatgame flg=0x4000010 (has extras) }
V/BackupManagerService( 1568): removePackageParticipantsLocked: uid=10081 #1
I/PackageManager( 1568): Adding preferred activity ComponentInfo{com.android.mms/com.android.mms.ui.ComposeMessageActivity} for user 0 :
I/PackageManager( 1568): Adding preferred activity ComponentInfo{com.android.mms/com.android.mms.ui.ComposeMessageActivity} for user 0 :
I/ActivityManager( 1568): Delay finish: com.google.android.googlequicksearchbox/com.google.android.searchcommon.summons.icing.InternalIcingCorporaProvider$CorporaChangedReceiver
I/PackageManager( 1568): Adding preferred activity ComponentInfo{com.android.mms/com.android.mms.ui.ComposeMessageActivity} for user 0 :
I/PackageManager( 1568): Adding preferred activity ComponentInfo{com.android.mms/com.android.mms.ui.ComposeMessageActivity} for user 0 :
I/PackageManager( 1568): Adding preferred activity ComponentInfo{com.android.mms/com.android.mms.ui.ComposeMessageActivity} for user 0 :
I/PackageManager( 1568): Adding preferred activity ComponentInfo{com.android.mms/com.android.mms.ui.ComposeMessageActivity} for user 0 :
I/ActivityManager( 1568): Force stopping it.unina.android.ripper appid=10082 user=0: clear data
I/ActivityManager( 1568): Resuming delayed broadcast
W/ContextImpl( 3894): Calling a method in the system process without a qualified user: android.app.ContextImpl.startService:1479 android.content.ContextWrapper.startService:494 android.content.ContextWrapper.startService:494 com.android.keychain.KeyChainBroadcastReceiver.onReceive:12 android.app.ActivityThread.handleReceiver:2419 
I/ActivityManager( 1568): Force stopping it.unina.android.ripper appid=10082 user=-1: uninstall pkg
W/PackageManager( 1568): Couldn't delete native library directory /data/app-lib/it.unina.android.ripper
I/ActivityManager( 1568): Force stopping it.unina.android.ripper appid=10082 user=0: pkg removed
D/BackupManagerService( 1568): Received broadcast Intent { act=android.intent.action.PACKAGE_REMOVED dat=package:it.unina.android.ripper flg=0x4000010 (has extras) }
I/PackageManager( 1568): Adding preferred activity ComponentInfo{com.android.mms/com.android.mms.ui.ComposeMessageActivity} for user 0 :
V/BackupManagerService( 1568): removePackageParticipantsLocked: uid=10082 #1
I/PackageManager( 1568): Adding preferred activity ComponentInfo{com.android.mms/com.android.mms.ui.ComposeMessageActivity} for user 0 :
I/PackageManager( 1568): Adding preferred activity ComponentInfo{com.android.mms/com.android.mms.ui.ComposeMessageActivity} for user 0 :
I/PackageManager( 1568): Adding preferred activity ComponentInfo{com.android.mms/com.android.mms.ui.ComposeMessageActivity} for user 0 :
I/PackageManager( 1568): Adding preferred activity ComponentInfo{com.android.mms/com.android.mms.ui.ComposeMessageActivity} for user 0 :
I/PackageManager( 1568): Adding preferred activity ComponentInfo{com.android.mms/com.android.mms.ui.ComposeMessageActivity} for user 0 :
I/ActivityManager( 1568): Delay finish: com.google.android.googlequicksearchbox/com.google.android.searchcommon.summons.icing.InternalIcingCorporaProvider$CorporaChangedReceiver
I/PackageManager( 1568): Adding preferred activity ComponentInfo{com.android.mms/com.android.mms.ui.ComposeMessageActivity} for user 0 :
I/PackageManager( 1568): Adding preferred activity ComponentInfo{com.android.mms/com.android.mms.ui.ComposeMessageActivity} for user 0 :
W/ActivityManager( 1568): No content provider found for permission revoke: file:///sdcard/aut.apk
W/ActivityManager( 1568): No content provider found for permission revoke: file:///sdcard/aut.apk
I/PackageManager( 1568): Copying native libraries to /data/app-lib/vmdl877244285
I/ActivityManager( 1568): Resuming delayed broadcast
W/ContextImpl( 3894): Calling a method in the system process without a qualified user: android.app.ContextImpl.startService:1479 android.content.ContextWrapper.startService:494 android.content.ContextWrapper.startService:494 com.android.keychain.KeyChainBroadcastReceiver.onReceive:12 android.app.ActivityThread.handleReceiver:2419 
I/ActivityManager( 1568): Delay finish: com.android.keychain/.KeyChainBroadcastReceiver
I/ActivityManager( 1568): Resuming delayed broadcast
I/ActivityManager( 1568): Force stopping com.serwylo.beatgame appid=10083 user=-1: update pkg
I/PackageManager( 1568): Adding preferred activity ComponentInfo{com.android.mms/com.android.mms.ui.ComposeMessageActivity} for user 0 :
D/BackupManagerService( 1568): Received broadcast Intent { act=android.intent.action.PACKAGE_ADDED dat=package:com.serwylo.beatgame flg=0x4000010 (has extras) }
V/BackupManagerService( 1568): addPackageParticipantsLocked: #1
I/PackageManager( 1568): Adding preferred activity ComponentInfo{com.android.mms/com.android.mms.ui.ComposeMessageActivity} for user 0 :
I/PackageManager( 1568): Adding preferred activity ComponentInfo{com.android.mms/com.android.mms.ui.ComposeMessageActivity} for user 0 :
I/PackageManager( 1568): Adding preferred activity ComponentInfo{com.android.mms/com.android.mms.ui.ComposeMessageActivity} for user 0 :
I/ActivityManager( 1568): Delay finish: com.google.android.googlequicksearchbox/com.google.android.searchcommon.summons.icing.InternalIcingCorporaProvider$CorporaChangedReceiver
I/PackageManager( 1568): Adding preferred activity ComponentInfo{com.android.mms/com.android.mms.ui.ComposeMessageActivity} for user 0 :
I/PackageManager( 1568): Adding preferred activity ComponentInfo{com.android.mms/com.android.mms.ui.ComposeMessageActivity} for user 0 :
W/ActivityManager( 1568): Unable to start service Intent { act=com.google.android.gms.auth.key.retrieval.service.START pkg=com.google.android.gms } U=0: not found
W/ActivityManager( 1568): Unbind failed: could not find connection for android.os.BinderProxy@9d373a30
I/PackageManager( 1568): Adding preferred activity ComponentInfo{com.android.mms/com.android.mms.ui.ComposeMessageActivity} for user 0 :
I/PackageManager( 1568): Adding preferred activity ComponentInfo{com.android.mms/com.android.mms.ui.ComposeMessageActivity} for user 0 :
I/ActivityManager( 1568): Resuming delayed broadcast
W/ActivityManager( 1568): No content provider found for permission revoke: file:///sdcard/ripper.apk
W/ActivityManager( 1568): No content provider found for permission revoke: file:///sdcard/ripper.apk
I/PackageManager( 1568): Copying native libraries to /data/app-lib/vmdl-1537791161
I/PackageParser( 1568): it.unina.android.ripper: compat added android.permission.WRITE_EXTERNAL_STORAGE android.permission.READ_PHONE_STATE
I/ActivityManager( 1568): Force stopping it.unina.android.ripper appid=10084 user=-1: update pkg
I/PackageManager( 1568): Adding preferred activity ComponentInfo{com.android.mms/com.android.mms.ui.ComposeMessageActivity} for user 0 :
D/BackupManagerService( 1568): Received broadcast Intent { act=android.intent.action.PACKAGE_ADDED dat=package:it.unina.android.ripper flg=0x4000010 (has extras) }
V/BackupManagerService( 1568): addPackageParticipantsLocked: #1
I/PackageManager( 1568): Adding preferred activity ComponentInfo{com.android.mms/com.android.mms.ui.ComposeMessageActivity} for user 0 :
I/ActivityManager( 1568): Delay finish: com.google.android.googlequicksearchbox/com.google.android.searchcommon.summons.icing.InternalIcingCorporaProvider$CorporaChangedReceiver
I/PackageManager( 1568): Adding preferred activity ComponentInfo{com.android.mms/com.android.mms.ui.ComposeMessageActivity} for user 0 :
W/ActivityManager( 1568): Unable to start service Intent { act=com.google.android.gms.auth.key.retrieval.service.START pkg=com.google.android.gms } U=0: not found
W/ActivityManager( 1568): Unbind failed: could not find connection for android.os.BinderProxy@9d9095a0
I/PackageManager( 1568): Adding preferred activity ComponentInfo{com.android.mms/com.android.mms.ui.ComposeMessageActivity} for user 0 :
I/PackageManager( 1568): Adding preferred activity ComponentInfo{com.android.mms/com.android.mms.ui.ComposeMessageActivity} for user 0 :
I/PackageManager( 1568): Adding preferred activity ComponentInfo{com.android.mms/com.android.mms.ui.ComposeMessageActivity} for user 0 :
I/PackageManager( 1568): Adding preferred activity ComponentInfo{com.android.mms/com.android.mms.ui.ComposeMessageActivity} for user 0 :
I/PackageManager( 1568): Adding preferred activity ComponentInfo{com.android.mms/com.android.mms.ui.ComposeMessageActivity} for user 0 :
I/ActivityManager( 1568): Resuming delayed broadcast
I/ActivityManager( 1568): Force stopping com.serwylo.beatgame appid=10083 user=0: start instr
I/ActivityManager( 1568): Start proc com.serwylo.beatgame for added application com.serwylo.beatgame: pid=8594 uid=10083 gids={50083}
I/ActivityManager( 1568): START u0 {act=android.intent.action.MAIN flg=0x10000000 cmp=com.serwylo.beatgame/.AndroidLauncher} from pid 8594
W/ActivityManager( 1568): Activity start request from 10083 stopped
I/ActivityManager( 1568): Config changes=480 {1.0 310mcc260mnc en_US ldltr sw411dp w689dp h386dp 420dpi nrml land finger qwerty/v/v dpad/v s.30}
I/WindowManager( 1568): Screen frozen for +300ms due to Window{9d0c11f0 u0 Starting com.serwylo.beatgame}
I/ActivityManager( 1568): Config changes=480 {1.0 310mcc260mnc en_US ldltr sw411dp w411dp h658dp 420dpi nrml port finger qwerty/v/v dpad/v s.31}
I/WindowManager( 1568): Screen frozen for +190ms due to Window{9d0be960 u0 com.serwylo.beatgame/com.serwylo.beatgame.AndroidLauncher}
I/ActivityManager( 1568): Force stopping com.serwylo.beatgame appid=10083 user=0: clear data
I/ActivityManager( 1568): Killing 8594:com.serwylo.beatgame/u0a83 (adj 0): stop com.serwylo.beatgame
W/ActivityManager( 1568): Crash of app com.serwylo.beatgame running instrumentation ComponentInfo{it.unina.android.ripper/android.test.InstrumentationTestRunner}
I/ActivityManager( 1568): Force stopping com.serwylo.beatgame appid=10083 user=0: finished inst
I/ActivityManager( 1568): Force stopping com.serwylo.beatgame appid=10083 user=-1: uninstall pkg
W/PackageManager( 1568): Couldn't delete native library directory /data/app-lib/com.serwylo.beatgame
I/ActivityManager( 1568): Force stopping com.serwylo.beatgame appid=10083 user=0: pkg removed
I/PackageManager( 1568): Adding preferred activity ComponentInfo{com.android.mms/com.android.mms.ui.ComposeMessageActivity} for user 0 :
I/PackageManager( 1568): Adding preferred activity ComponentInfo{com.android.mms/com.android.mms.ui.ComposeMessageActivity} for user 0 :
D/BackupManagerService( 1568): Received broadcast Intent { act=android.intent.action.PACKAGE_REMOVED dat=package:com.serwylo.beatgame flg=0x4000010 (has extras) }
V/BackupManagerService( 1568): removePackageParticipantsLocked: uid=10083 #1
I/PackageManager( 1568): Adding preferred activity ComponentInfo{com.android.mms/com.android.mms.ui.ComposeMessageActivity} for user 0 :
I/ActivityManager( 1568): Delay finish: com.google.android.googlequicksearchbox/com.google.android.searchcommon.summons.icing.InternalIcingCorporaProvider$CorporaChangedReceiver
I/PackageManager( 1568): Adding preferred activity ComponentInfo{com.android.mms/com.android.mms.ui.ComposeMessageActivity} for user 0 :
I/PackageManager( 1568): Adding preferred activity ComponentInfo{com.android.mms/com.android.mms.ui.ComposeMessageActivity} for user 0 :
I/PackageManager( 1568): Adding preferred activity ComponentInfo{com.android.mms/com.android.mms.ui.ComposeMessageActivity} for user 0 :
I/PackageManager( 1568): Adding preferred activity ComponentInfo{com.android.mms/com.android.mms.ui.ComposeMessageActivity} for user 0 :
I/PackageManager( 1568): Adding preferred activity ComponentInfo{com.android.mms/com.android.mms.ui.ComposeMessageActivity} for user 0 :
I/ActivityManager( 1568): Force stopping it.unina.android.ripper appid=10084 user=0: clear data
I/ActivityManager( 1568): Resuming delayed broadcast
W/ContextImpl( 3894): Calling a method in the system process without a qualified user: android.app.ContextImpl.startService:1479 android.content.ContextWrapper.startService:494 android.content.ContextWrapper.startService:494 com.android.keychain.KeyChainBroadcastReceiver.onReceive:12 android.app.ActivityThread.handleReceiver:2419 
I/ActivityManager( 1568): Delay finish: com.android.keychain/.KeyChainBroadcastReceiver
I/ActivityManager( 1568): Resuming delayed broadcast
I/ActivityManager( 1568): Force stopping it.unina.android.ripper appid=10084 user=-1: uninstall pkg
W/PackageManager( 1568): Couldn't delete native library directory /data/app-lib/it.unina.android.ripper
I/ActivityManager( 1568): Force stopping it.unina.android.ripper appid=10084 user=0: pkg removed
I/PackageManager( 1568): Adding preferred activity ComponentInfo{com.android.mms/com.android.mms.ui.ComposeMessageActivity} for user 0 :
I/PackageManager( 1568): Adding preferred activity ComponentInfo{com.android.mms/com.android.mms.ui.ComposeMessageActivity} for user 0 :
I/ActivityManager( 1568): Delay finish: com.google.android.gms/.games.chimera.GamesSystemBroadcastReceiverProxy
I/PackageManager( 1568): Adding preferred activity ComponentInfo{com.android.mms/com.android.mms.ui.ComposeMessageActivity} for user 0 :
D/BackupManagerService( 1568): Received broadcast Intent { act=android.intent.action.PACKAGE_REMOVED dat=package:it.unina.android.ripper flg=0x4000010 (has extras) }
V/BackupManagerService( 1568): removePackageParticipantsLocked: uid=10084 #1
I/PackageManager( 1568): Adding preferred activity ComponentInfo{com.android.mms/com.android.mms.ui.ComposeMessageActivity} for user 0 :
I/PackageManager( 1568): Adding preferred activity ComponentInfo{com.android.mms/com.android.mms.ui.ComposeMessageActivity} for user 0 :
I/ActivityManager( 1568): Resuming delayed broadcast
I/ActivityManager( 1568): Delay finish: com.google.android.googlequicksearchbox/com.google.android.searchcommon.summons.icing.InternalIcingCorporaProvider$CorporaChangedReceiver
I/PackageManager( 1568): Adding preferred activity ComponentInfo{com.android.mms/com.android.mms.ui.ComposeMessageActivity} for user 0 :
I/PackageManager( 1568): Adding preferred activity ComponentInfo{com.android.mms/com.android.mms.ui.ComposeMessageActivity} for user 0 :
I/PackageManager( 1568): Adding preferred activity ComponentInfo{com.android.mms/com.android.mms.ui.ComposeMessageActivity} for user 0 :
W/ActivityManager( 1568): No content provider found for permission revoke: file:///sdcard/aut.apk
W/ActivityManager( 1568): No content provider found for permission revoke: file:///sdcard/aut.apk
I/PackageManager( 1568): Copying native libraries to /data/app-lib/vmdl-842449570
I/ActivityManager( 1568): Resuming delayed broadcast
W/ContextImpl( 3894): Calling a method in the system process without a qualified user: android.app.ContextImpl.startService:1479 android.content.ContextWrapper.startService:494 android.content.ContextWrapper.startService:494 com.android.keychain.KeyChainBroadcastReceiver.onReceive:12 android.app.ActivityThread.handleReceiver:2419 
I/ActivityManager( 1568): Delay finish: com.android.keychain/.KeyChainBroadcastReceiver
I/ActivityManager( 1568): Resuming delayed broadcast
I/ActivityManager( 1568): Force stopping com.serwylo.beatgame appid=10085 user=-1: update pkg
I/PackageManager( 1568): Adding preferred activity ComponentInfo{com.android.mms/com.android.mms.ui.ComposeMessageActivity} for user 0 :
I/PackageManager( 1568): Adding preferred activity ComponentInfo{com.android.mms/com.android.mms.ui.ComposeMessageActivity} for user 0 :
I/PackageManager( 1568): Adding preferred activity ComponentInfo{com.android.mms/com.android.mms.ui.ComposeMessageActivity} for user 0 :
W/ActivityManager( 1568): Unable to start service Intent { act=com.google.android.gms.auth.key.retrieval.service.START pkg=com.google.android.gms } U=0: not found
D/BackupManagerService( 1568): Received broadcast Intent { act=android.intent.action.PACKAGE_ADDED dat=package:com.serwylo.beatgame flg=0x4000010 (has extras) }
W/ActivityManager( 1568): Unbind failed: could not find connection for android.os.BinderProxy@9d0e64c0
V/BackupManagerService( 1568): addPackageParticipantsLocked: #1
I/ActivityManager( 1568): Delay finish: com.google.android.googlequicksearchbox/com.google.android.searchcommon.summons.icing.InternalIcingCorporaProvider$CorporaChangedReceiver
I/PackageManager( 1568): Adding preferred activity ComponentInfo{com.android.mms/com.android.mms.ui.ComposeMessageActivity} for user 0 :
I/PackageManager( 1568): Adding preferred activity ComponentInfo{com.android.mms/com.android.mms.ui.ComposeMessageActivity} for user 0 :
I/PackageManager( 1568): Adding preferred activity ComponentInfo{com.android.mms/com.android.mms.ui.ComposeMessageActivity} for user 0 :
I/PackageManager( 1568): Adding preferred activity ComponentInfo{com.android.mms/com.android.mms.ui.ComposeMessageActivity} for user 0 :
I/PackageManager( 1568): Adding preferred activity ComponentInfo{com.android.mms/com.android.mms.ui.ComposeMessageActivity} for user 0 :
I/ActivityManager( 1568): Resuming delayed broadcast
W/ActivityManager( 1568): No content provider found for permission revoke: file:///sdcard/ripper.apk
W/ActivityManager( 1568): No content provider found for permission revoke: file:///sdcard/ripper.apk
I/PackageManager( 1568): Copying native libraries to /data/app-lib/vmdl-817898514
I/PackageParser( 1568): it.unina.android.ripper: compat added android.permission.WRITE_EXTERNAL_STORAGE android.permission.READ_PHONE_STATE
I/ActivityManager( 1568): Force stopping it.unina.android.ripper appid=10086 user=-1: update pkg
I/PackageManager( 1568): Adding preferred activity ComponentInfo{com.android.mms/com.android.mms.ui.ComposeMessageActivity} for user 0 :
I/PackageManager( 1568): Adding preferred activity ComponentInfo{com.android.mms/com.android.mms.ui.ComposeMessageActivity} for user 0 :
I/PackageManager( 1568): Adding preferred activity ComponentInfo{com.android.mms/com.android.mms.ui.ComposeMessageActivity} for user 0 :
D/BackupManagerService( 1568): Received broadcast Intent { act=android.intent.action.PACKAGE_ADDED dat=package:it.unina.android.ripper flg=0x4000010 (has extras) }
V/BackupManagerService( 1568): addPackageParticipantsLocked: #1
I/PackageManager( 1568): Adding preferred activity ComponentInfo{com.android.mms/com.android.mms.ui.ComposeMessageActivity} for user 0 :
I/PackageManager( 1568): Adding preferred activity ComponentInfo{com.android.mms/com.android.mms.ui.ComposeMessageActivity} for user 0 :
I/PackageManager( 1568): Adding preferred activity ComponentInfo{com.android.mms/com.android.mms.ui.ComposeMessageActivity} for user 0 :
W/ActivityManager( 1568): Unable to start service Intent { act=com.google.android.gms.auth.key.retrieval.service.START pkg=com.google.android.gms } U=0: not found
W/ActivityManager( 1568): Unbind failed: could not find connection for android.os.BinderProxy@9d9ddb00
I/ActivityManager( 1568): Delay finish: com.google.android.googlequicksearchbox/com.google.android.searchcommon.summons.icing.InternalIcingCorporaProvider$CorporaChangedReceiver
I/PackageManager( 1568): Adding preferred activity ComponentInfo{com.android.mms/com.android.mms.ui.ComposeMessageActivity} for user 0 :
I/PackageManager( 1568): Adding preferred activity ComponentInfo{com.android.mms/com.android.mms.ui.ComposeMessageActivity} for user 0 :
I/ActivityManager( 1568): Resuming delayed broadcast
