D/dalvikvm(12631): Trying to load lib libnativehelper.so 0x0
D/dalvikvm(12631): Added shared lib libnativehelper.so 0x0
D/dalvikvm(12631): No JNI_OnLoad found in libnativehelper.so 0x0, skipping init
D/dalvikvm(12631): Note: class Landroid/app/ActivityManagerNative; has 179 unimplemented (abstract) methods
E/memtrack(12631): Couldn't load memtrack module (No such file or directory)
E/android.os.Debug(12631): failed to load memtrack module: -2
D/AndroidRuntime(12631): Calling main entry com.android.commands.pm.Pm
I/GeofencerStateMachine( 1777): removeGeofences: removeRequest=RemoveGeofencingRequest[REMOVE_ALL packageName=it.unina.android.ripper]
I/ActivityManager( 1568): Force stopping it.unina.android.ripper appid=10100 user=0: clear data
D/keystore( 1149): calling clear_uid in state: 3
D/Documents( 3841): Used cached roots for com.android.providers.downloads.documents
D/Documents( 3841): Used cached roots for com.android.externalstorage.documents
D/Documents( 3841): Used cached roots for com.android.providers.media.documents
D/Documents( 3841): Update found 6 roots in 5ms
D/AndroidRuntime(12631): Shutting down VM
I/Fitness ( 1777): FitCleanupIntentOperation received Intent android.intent.action.PACKAGE_DATA_CLEARED [CONTEXT service_id=17 ]
D/dalvikvm(12631): GC_CONCURRENT freed 92K, 15% free 549K/644K, paused 0ms+0ms, total 0ms
I/Icing   ( 2079): doRemovePackageData it.unina.android.ripper
D/dalvikvm( 1777): GC_FOR_ALLOC freed 1998K, 25% free 10039K/13264K, paused 13ms, total 13ms
D/AndroidRuntime(12658): 
D/AndroidRuntime(12658): >>>>>> AndroidRuntime START com.android.internal.os.RuntimeInit <<<<<<
W/linker  (12658): libdvm.so has text relocations. This is wasting memory and is a security risk. Please fix.
D/AndroidRuntime(12658): CheckJNI is ON
D/dalvikvm(12658): Trying to load lib libjavacore.so 0x0
D/dalvikvm(12658): Added shared lib libjavacore.so 0x0
D/dalvikvm(12658): Trying to load lib libnativehelper.so 0x0
D/dalvikvm(12658): Added shared lib libnativehelper.so 0x0
D/dalvikvm(12658): No JNI_OnLoad found in libnativehelper.so 0x0, skipping init
D/dalvikvm(12658): Note: class Landroid/app/ActivityManagerNative; has 179 unimplemented (abstract) methods
E/memtrack(12658): Couldn't load memtrack module (No such file or directory)
E/android.os.Debug(12658): failed to load memtrack module: -2
D/AndroidRuntime(12658): Calling main entry com.android.commands.pm.Pm
I/ActivityManager( 1568): Force stopping it.unina.android.ripper appid=10100 user=-1: uninstall pkg
W/PackageManager( 1568): Couldn't delete native library directory /data/app-lib/it.unina.android.ripper
D/keystore( 1149): calling clear_uid in state: 3
I/ActivityManager( 1568): Force stopping it.unina.android.ripper appid=10100 user=0: pkg removed
I/GeofencerStateMachine( 1777): removeGeofences: removeRequest=RemoveGeofencingRequest[REMOVE_ALL packageName=it.unina.android.ripper]
W/Launcher.Model( 2207): Nobody to tell about the new app.  Launcher is probably loading.
I/InputReader( 1568): Reconfiguring input devices.  changes=0x00000010
I/Launcher( 1934): Deferring update until onResume
I/Launcher( 1934): Deferring update until onResume
D/Documents( 3841): Used cached roots for com.android.providers.downloads.documents
D/Documents( 3841): Used cached roots for com.android.externalstorage.documents
D/Documents( 3841): Used cached roots for com.android.providers.media.documents
D/Documents( 3841): Update found 6 roots in 4ms
I/PackageManager( 1568):   Action: "android.intent.action.SENDTO"
I/PackageManager( 1568):   Category: "android.intent.category.DEFAULT"
I/PackageManager( 1568):   Scheme: "sms"
D/VoicemailCleanupService( 1847): Cleaning up data for package: it.unina.android.ripper
I/PackageManager( 1568): Adding preferred activity ComponentInfo{com.android.mms/com.android.mms.ui.ComposeMessageActivity} for user 0 :
I/PackageManager( 1568):   Action: "android.intent.action.SENDTO"
I/PackageManager( 1568):   Category: "android.intent.category.DEFAULT"
I/PackageManager( 1568):   Scheme: "smsto"
D/dalvikvm(12582): GC_EXPLICIT freed 219K, 10% free 4196K/4620K, paused 0ms+0ms, total 29ms
I/ActivityManager( 1568): Delay finish: com.google.android.gms/.games.chimera.GamesSystemBroadcastReceiverProxy
I/PackageManager( 1568): Adding preferred activity ComponentInfo{com.android.mms/com.android.mms.ui.ComposeMessageActivity} for user 0 :
D/dalvikvm( 1797): GC_FOR_ALLOC freed 475K, 18% free 3635K/4396K, paused 2ms, total 2ms
I/PackageManager( 1568):   Action: "android.intent.action.SENDTO"
I/PackageManager( 1568):   Category: "android.intent.category.DEFAULT"
I/PackageManager( 1568):   Scheme: "mms"
D/BackupManagerService( 1568): Received broadcast Intent { act=android.intent.action.PACKAGE_REMOVED dat=package:it.unina.android.ripper flg=0x4000010 (has extras) }
V/BackupManagerService( 1568): removePackageParticipantsLocked: uid=10100 #1
I/PackageManager( 1568): Adding preferred activity ComponentInfo{com.android.mms/com.android.mms.ui.ComposeMessageActivity} for user 0 :
I/PackageManager( 1568):   Action: "android.intent.action.SENDTO"
I/PackageManager( 1568):   Category: "android.intent.category.DEFAULT"
I/PackageManager( 1568):   Scheme: "mmsto"
I/ActivityManager( 1568): Resuming delayed broadcast
I/PackageManager( 1568): Adding preferred activity ComponentInfo{com.android.mms/com.android.mms.ui.ComposeMessageActivity} for user 0 :
I/Fitness ( 1777): FitCleanupIntentOperation received Intent android.intent.action.PACKAGE_REMOVED [CONTEXT service_id=17 ]
I/PackageManager( 1568):   Action: "android.intent.action.SENDTO"
I/PackageManager( 1568):   Category: "android.intent.category.DEFAULT"
I/PackageManager( 1568):   Scheme: "sms"
I/Icing.InternalIcingCorporaProvider( 2178): Updating corpora: A: it.unina.android.ripper, C: MAYBE
I/ActivityManager( 1568): Delay finish: com.google.android.googlequicksearchbox/com.google.android.searchcommon.summons.icing.InternalIcingCorporaProvider$CorporaChangedReceiver
I/PackageManager( 1568): Adding preferred activity ComponentInfo{com.android.mms/com.android.mms.ui.ComposeMessageActivity} for user 0 :
D/dalvikvm( 1568): GC_EXPLICIT freed 1094K, 45% free 9453K/17140K, paused 4ms+5ms, total 48ms
I/PackageManager( 1568):   Action: "android.intent.action.SENDTO"
I/PackageManager( 1568):   Category: "android.intent.category.DEFAULT"
I/PackageManager( 1568):   Scheme: "smsto"
I/PackageManager( 1568): Adding preferred activity ComponentInfo{com.android.mms/com.android.mms.ui.ComposeMessageActivity} for user 0 :
W/ContextImpl( 2178): Implicit intents with startService are not safe: Intent { act=com.google.android.gms.icing.INDEX_SERVICE } android.content.ContextWrapper.bindService:517 com.google.android.gms.internal.av.a:-1 com.google.android.gms.internal.au.connect:-1 
D/dalvikvm( 1797): GC_FOR_ALLOC freed 414K, 17% free 3668K/4396K, paused 3ms, total 3ms
I/PackageManager( 1568):   Action: "android.intent.action.SENDTO"
I/PackageManager( 1568):   Category: "android.intent.category.DEFAULT"
I/PackageManager( 1568):   Scheme: "mms"
D/AndroidRuntime(12658): Shutting down VM
D/dalvikvm(12658): GC_CONCURRENT freed 92K, 15% free 549K/644K, paused 0ms+0ms, total 0ms
I/PackageManager( 1568): Adding preferred activity ComponentInfo{com.android.mms/com.android.mms.ui.ComposeMessageActivity} for user 0 :
I/PackageManager( 1568):   Action: "android.intent.action.SENDTO"
I/PackageManager( 1568):   Category: "android.intent.category.DEFAULT"
I/PackageManager( 1568):   Scheme: "mmsto"
I/PackageManager( 1568): Adding preferred activity ComponentInfo{com.android.mms/com.android.mms.ui.ComposeMessageActivity} for user 0 :
D/dalvikvm( 2079): GC_FOR_ALLOC freed 2111K, 13% free 21408K/24496K, paused 58ms, total 58ms
I/Icing   ( 2079): IndexChimeraService.getServiceInterface callingPackage=com.google.android.googlequicksearchbox componentName=null serviceId=21
W/Icing.InternalIcingCorporaProvider( 2178): Application table change notification failed.
I/Icing   ( 2079): doRemovePackageData it.unina.android.ripper
I/LatinIME:LogUtils( 1763): Dictionary info: dictionary = main:en ; version = 42 ; date = 1381226516
W/Icing   ( 2079): No valid account for uploading user actions
I/Icing   ( 2079): Usage reports ok 0, Failed Usage reports 0, indexed 0, rejected 0
I/Icing   ( 2079): Indexing com.google.android.gms-apps from com.google.android.gms
I/Icing   ( 2079): Indexing done com.google.android.gms-apps
I/DownloadManager( 1858): Download 48 starting
W/DownloadManager( 1858): Aborting request for download 48: TYPE_DISALLOWED_BY_REQUESTOR
I/DownloadManager( 1858): Download 48 finished with status WAITING_FOR_NETWORK
D/AndroidRuntime(12683): 
D/AndroidRuntime(12683): >>>>>> AndroidRuntime START com.android.internal.os.RuntimeInit <<<<<<
W/linker  (12683): libdvm.so has text relocations. This is wasting memory and is a security risk. Please fix.
D/AndroidRuntime(12683): CheckJNI is ON
D/dalvikvm(12683): Trying to load lib libjavacore.so 0x0
D/dalvikvm(12683): Added shared lib libjavacore.so 0x0
D/dalvikvm(12683): Trying to load lib libnativehelper.so 0x0
D/dalvikvm(12683): Added shared lib libnativehelper.so 0x0
D/dalvikvm(12683): No JNI_OnLoad found in libnativehelper.so 0x0, skipping init
D/dalvikvm(12683): Note: class Landroid/app/ActivityManagerNative; has 179 unimplemented (abstract) methods
E/memtrack(12683): Couldn't load memtrack module (No such file or directory)
E/android.os.Debug(12683): failed to load memtrack module: -2
D/AndroidRuntime(12683): Calling main entry com.android.commands.pm.Pm
D/AndroidRuntime(12683): Shutting down VM
D/dalvikvm(12683): GC_CONCURRENT freed 93K, 15% free 557K/652K, paused 1ms+0ms, total 1ms
D/AndroidRuntime(12694): 
D/AndroidRuntime(12694): >>>>>> AndroidRuntime START com.android.internal.os.RuntimeInit <<<<<<
W/linker  (12694): libdvm.so has text relocations. This is wasting memory and is a security risk. Please fix.
D/AndroidRuntime(12694): CheckJNI is ON
D/dalvikvm(12694): Trying to load lib libjavacore.so 0x0
D/dalvikvm(12694): Added shared lib libjavacore.so 0x0
D/dalvikvm(12694): Trying to load lib libnativehelper.so 0x0
D/dalvikvm(12694): Added shared lib libnativehelper.so 0x0
D/dalvikvm(12694): No JNI_OnLoad found in libnativehelper.so 0x0, skipping init
D/dalvikvm(12694): Note: class Landroid/app/ActivityManagerNative; has 179 unimplemented (abstract) methods
E/memtrack(12694): Couldn't load memtrack module (No such file or directory)
E/android.os.Debug(12694): failed to load memtrack module: -2
D/AndroidRuntime(12694): Calling main entry com.android.commands.pm.Pm
I/ActivityManager( 1568): Force stopping it.unina.android.ripper_service appid=10062 user=0: clear data
I/ActivityManager( 1568): Killing 4858:it.unina.android.ripper_service:android_ripper_service_process/u0a62 (adj 1): stop it.unina.android.ripper_service
I/ActivityManager( 1568):   Force stopping service ServiceRecord{9d78d910 u0 it.unina.android.ripper_service/.AndroidRipperService}
I/GeofencerStateMachine( 1777): removeGeofences: removeRequest=RemoveGeofencingRequest[REMOVE_ALL packageName=it.unina.android.ripper_service]
D/Documents( 3841): Used cached roots for com.android.providers.downloads.documents
D/Documents( 3841): Used cached roots for com.android.externalstorage.documents
D/Documents( 3841): Used cached roots for com.android.providers.media.documents
D/Documents( 3841): Update found 6 roots in 1ms
D/keystore( 1149): calling clear_uid in state: 3
W/Launcher( 2207): setApplicationContext called twice! old=com.google.android.velvet.VelvetApplication@9cfffa70 new=com.google.android.velvet.VelvetApplication@9cfffa70
I/ActivityManager( 1568): Resuming delayed broadcast
W/ContextImpl( 3894): Calling a method in the system process without a qualified user: android.app.ContextImpl.startService:1479 android.content.ContextWrapper.startService:494 android.content.ContextWrapper.startService:494 com.android.keychain.KeyChainBroadcastReceiver.onReceive:12 android.app.ActivityThread.handleReceiver:2419 
D/AndroidRuntime(12694): Shutting down VM
D/dalvikvm(12694): GC_CONCURRENT freed 93K, 15% free 549K/644K, paused 0ms+0ms, total 1ms
I/ActivityManager( 1568): Delay finish: com.android.keychain/.KeyChainBroadcastReceiver
I/ActivityManager( 1568): Resuming delayed broadcast
I/Icing   ( 2079): doRemovePackageData it.unina.android.ripper_service
I/ActivityManager( 1568): Delay finish: com.google.android.gms/.chimera.GmsIntentOperationService$PersistentTrustedReceiver
I/Fitness ( 1777): FitCleanupIntentOperation received Intent android.intent.action.PACKAGE_DATA_CLEARED [CONTEXT service_id=17 ]
I/ActivityManager( 1568): Resuming delayed broadcast
D/AndroidRuntime(12711): 
D/AndroidRuntime(12711): >>>>>> AndroidRuntime START com.android.internal.os.RuntimeInit <<<<<<
W/linker  (12711): libdvm.so has text relocations. This is wasting memory and is a security risk. Please fix.
D/AndroidRuntime(12711): CheckJNI is ON
D/dalvikvm(12711): Trying to load lib libjavacore.so 0x0
D/dalvikvm(12711): Added shared lib libjavacore.so 0x0
D/dalvikvm(12711): Trying to load lib libnativehelper.so 0x0
D/dalvikvm(12711): Added shared lib libnativehelper.so 0x0
D/dalvikvm(12711): No JNI_OnLoad found in libnativehelper.so 0x0, skipping init
D/dalvikvm(12711): Note: class Landroid/app/ActivityManagerNative; has 179 unimplemented (abstract) methods
E/memtrack(12711): Couldn't load memtrack module (No such file or directory)
E/android.os.Debug(12711): failed to load memtrack module: -2
D/AndroidRuntime(12711): Calling main entry com.android.commands.pm.Pm
W/PackageManager( 1568): Couldn't delete native library directory /data/app-lib/it.unina.android.ripper_service
I/ActivityManager( 1568): Force stopping it.unina.android.ripper_service appid=10062 user=-1: uninstall pkg
D/keystore( 1149): calling clear_uid in state: 3
I/ActivityManager( 1568): Force stopping it.unina.android.ripper_service appid=10062 user=0: pkg removed
W/Launcher.Model( 2207): Nobody to tell about the new app.  Launcher is probably loading.
I/GeofencerStateMachine( 1777): removeGeofences: removeRequest=RemoveGeofencingRequest[REMOVE_ALL packageName=it.unina.android.ripper_service]
I/Launcher( 1934): Deferring update until onResume
I/Launcher( 1934): Deferring update until onResume
D/Documents( 3841): Used cached roots for com.android.providers.downloads.documents
D/Documents( 3841): Used cached roots for com.android.externalstorage.documents
D/Documents( 3841): Used cached roots for com.android.providers.media.documents
D/Documents( 3841): Update found 6 roots in 4ms
I/PackageManager( 1568):   Action: "android.intent.action.SENDTO"
I/PackageManager( 1568):   Category: "android.intent.category.DEFAULT"
I/PackageManager( 1568):   Scheme: "sms"
I/InputReader( 1568): Reconfiguring input devices.  changes=0x00000010
D/VoicemailCleanupService( 1847): Cleaning up data for package: it.unina.android.ripper_service
I/PackageManager( 1568): Adding preferred activity ComponentInfo{com.android.mms/com.android.mms.ui.ComposeMessageActivity} for user 0 :
I/ActivityManager( 1568): Delay finish: com.google.android.gms/.games.chimera.GamesSystemBroadcastReceiverProxy
I/PackageManager( 1568):   Action: "android.intent.action.SENDTO"
I/PackageManager( 1568):   Category: "android.intent.category.DEFAULT"
I/PackageManager( 1568):   Scheme: "smsto"
D/dalvikvm( 1797): GC_FOR_ALLOC freed 458K, 18% free 3635K/4396K, paused 2ms, total 2ms
D/BackupManagerService( 1568): Received broadcast Intent { act=android.intent.action.PACKAGE_REMOVED dat=package:it.unina.android.ripper_service flg=0x4000010 (has extras) }
V/BackupManagerService( 1568): removePackageParticipantsLocked: uid=10062 #1
I/PackageManager( 1568): Adding preferred activity ComponentInfo{com.android.mms/com.android.mms.ui.ComposeMessageActivity} for user 0 :
I/PackageManager( 1568):   Action: "android.intent.action.SENDTO"
I/PackageManager( 1568):   Category: "android.intent.category.DEFAULT"
I/PackageManager( 1568):   Scheme: "mms"
I/PackageManager( 1568): Adding preferred activity ComponentInfo{com.android.mms/com.android.mms.ui.ComposeMessageActivity} for user 0 :
D/dalvikvm( 1568): GC_EXPLICIT freed 1515K, 45% free 9456K/17140K, paused 0ms+6ms, total 50ms
D/AndroidRuntime(12711): Shutting down VM
I/PackageManager( 1568):   Action: "android.intent.action.SENDTO"
I/PackageManager( 1568):   Category: "android.intent.category.DEFAULT"
I/PackageManager( 1568):   Scheme: "mmsto"
I/ActivityManager( 1568): Resuming delayed broadcast
I/PackageManager( 1568): Adding preferred activity ComponentInfo{com.android.mms/com.android.mms.ui.ComposeMessageActivity} for user 0 :
D/dalvikvm(12711): GC_CONCURRENT freed 92K, 15% free 549K/644K, paused 1ms+4ms, total 5ms
I/PackageManager( 1568):   Action: "android.intent.action.SENDTO"
I/PackageManager( 1568):   Category: "android.intent.category.DEFAULT"
I/PackageManager( 1568):   Scheme: "sms"
I/PackageManager( 1568): Adding preferred activity ComponentInfo{com.android.mms/com.android.mms.ui.ComposeMessageActivity} for user 0 :
I/PackageManager( 1568):   Action: "android.intent.action.SENDTO"
I/PackageManager( 1568):   Category: "android.intent.category.DEFAULT"
I/PackageManager( 1568):   Scheme: "smsto"
D/dalvikvm( 1797): GC_FOR_ALLOC freed 414K, 17% free 3668K/4396K, paused 2ms, total 2ms
I/PackageManager( 1568): Adding preferred activity ComponentInfo{com.android.mms/com.android.mms.ui.ComposeMessageActivity} for user 0 :
I/PackageManager( 1568):   Action: "android.intent.action.SENDTO"
I/PackageManager( 1568):   Category: "android.intent.category.DEFAULT"
I/PackageManager( 1568):   Scheme: "mms"
I/Icing.InternalIcingCorporaProvider( 2178): Updating corpora: A: it.unina.android.ripper_service, C: MAYBE
I/PackageManager( 1568): Adding preferred activity ComponentInfo{com.android.mms/com.android.mms.ui.ComposeMessageActivity} for user 0 :
I/PackageManager( 1568):   Action: "android.intent.action.SENDTO"
I/PackageManager( 1568):   Category: "android.intent.category.DEFAULT"
I/PackageManager( 1568):   Scheme: "mmsto"
I/Fitness ( 1777): FitCleanupIntentOperation received Intent android.intent.action.PACKAGE_REMOVED [CONTEXT service_id=17 ]
I/PackageManager( 1568): Adding preferred activity ComponentInfo{com.android.mms/com.android.mms.ui.ComposeMessageActivity} for user 0 :
I/ActivityManager( 1568): Delay finish: com.google.android.googlequicksearchbox/com.google.android.searchcommon.summons.icing.InternalIcingCorporaProvider$CorporaChangedReceiver
I/Icing   ( 2079): doRemovePackageData it.unina.android.ripper_service
I/Icing   ( 2079): IndexChimeraService.getServiceInterface callingPackage=com.google.android.googlequicksearchbox componentName=null serviceId=21
I/LatinIME:LogUtils( 1763): Dictionary info: dictionary = main:en ; version = 42 ; date = 1381226516
I/DownloadManager( 1858): Download 49 starting
W/DownloadManager( 1858): Aborting request for download 49: TYPE_DISALLOWED_BY_REQUESTOR
W/Icing   ( 2079): No valid account for uploading user actions
I/Icing   ( 2079): Usage reports ok 0, Failed Usage reports 0, indexed 0, rejected 0
I/Icing   ( 2079): Indexing com.google.android.gms-apps from com.google.android.gms
I/DownloadManager( 1858): Download 49 finished with status WAITING_FOR_NETWORK
I/Icing   ( 2079): Indexing done com.google.android.gms-apps
I/Icing   ( 2079): Indexing com.google.android.googlequicksearchbox-applications from com.google.android.googlequicksearchbox
I/Icing   ( 2079): Indexing com.google.android.gms-internal.3p:MobileApplication from com.google.android.gms
I/Icing   ( 2079): Indexing done com.google.android.googlequicksearchbox-applications
I/Icing   ( 2079): Indexing done com.google.android.gms-internal.3p:MobileApplication
D/AndroidRuntime(12738): 
D/AndroidRuntime(12738): >>>>>> AndroidRuntime START com.android.internal.os.RuntimeInit <<<<<<
W/linker  (12738): libdvm.so has text relocations. This is wasting memory and is a security risk. Please fix.
D/AndroidRuntime(12738): CheckJNI is ON
D/dalvikvm(12738): Trying to load lib libjavacore.so 0x0
D/dalvikvm(12738): Added shared lib libjavacore.so 0x0
D/dalvikvm(12738): Trying to load lib libnativehelper.so 0x0
D/dalvikvm(12738): Added shared lib libnativehelper.so 0x0
D/dalvikvm(12738): No JNI_OnLoad found in libnativehelper.so 0x0, skipping init
D/dalvikvm(12738): Note: class Landroid/app/ActivityManagerNative; has 179 unimplemented (abstract) methods
E/memtrack(12738): Couldn't load memtrack module (No such file or directory)
E/android.os.Debug(12738): failed to load memtrack module: -2
D/AndroidRuntime(12738): Calling main entry com.android.commands.pm.Pm
W/ActivityManager( 1568): No content provider found for permission revoke: file:///data/local/tmp/AndroidRipperService.apk
W/ActivityManager( 1568): No content provider found for permission revoke: file:///data/local/tmp/AndroidRipperService.apk
I/PackageManager( 1568): Copying native libraries to /data/app-lib/vmdl-424182492
I/PackageParser( 1568): it.unina.android.ripper_service: compat added android.permission.WRITE_EXTERNAL_STORAGE android.permission.READ_PHONE_STATE
I/PackageManager( 1568): Running dexopt on: it.unina.android.ripper_service
W/linker  (12749): libdvm.so has text relocations. This is wasting memory and is a security risk. Please fix.
D/dalvikvm(12749): DexOpt: load 6ms, verify+opt 26ms, 1117628 bytes
I/ActivityManager( 1568): Force stopping it.unina.android.ripper_service appid=10101 user=-1: update pkg
D/dalvikvm( 3841): GC_FOR_ALLOC freed 538K, 20% free 3069K/3800K, paused 1ms, total 1ms
D/Documents( 3841): Used cached roots for com.android.providers.downloads.documents
D/Documents( 3841): Used cached roots for com.android.externalstorage.documents
W/Launcher.Model( 2207): Nobody to tell about the new app.  Launcher is probably loading.
D/Documents( 3841): Used cached roots for com.android.providers.media.documents
D/Documents( 3841): Update found 6 roots in 6ms
I/InputReader( 1568): Reconfiguring input devices.  changes=0x00000010
I/Launcher( 1934): Deferring update until onResume
D/dalvikvm( 1568): GC_EXPLICIT freed 1719K, 46% free 9357K/17140K, paused 3ms+1ms, total 23ms
D/dalvikvm( 1568): WAIT_FOR_CONCURRENT_GC blocked 12ms
D/dalvikvm( 1568): WAIT_FOR_CONCURRENT_GC blocked 11ms
I/PackageManager( 1568):   Action: "android.intent.action.SENDTO"
I/PackageManager( 1568):   Category: "android.intent.category.DEFAULT"
I/PackageManager( 1568):   Scheme: "sms"
D/dalvikvm( 1568): WAIT_FOR_CONCURRENT_GC blocked 14ms
D/AndroidRuntime(12738): Shutting down VM
D/dalvikvm( 1568): WAIT_FOR_CONCURRENT_GC blocked 13ms
I/PackageManager( 1568): Adding preferred activity ComponentInfo{com.android.mms/com.android.mms.ui.ComposeMessageActivity} for user 0 :
I/ActivityManager( 1568): Resuming delayed broadcast
D/dalvikvm(12738): GC_CONCURRENT freed 93K, 15% free 552K/648K, paused 0ms+1ms, total 2ms
W/Launcher( 2207): setApplicationContext called twice! old=com.google.android.velvet.VelvetApplication@9cfffa70 new=com.google.android.velvet.VelvetApplication@9cfffa70
D/dalvikvm( 1934): GC_FOR_ALLOC freed 2118K, 53% free 13132K/27412K, paused 2ms, total 2ms
I/PackageManager( 1568):   Action: "android.intent.action.SENDTO"
I/PackageManager( 1568):   Category: "android.intent.category.DEFAULT"
I/PackageManager( 1568):   Scheme: "smsto"
D/BackupManagerService( 1568): Received broadcast Intent { act=android.intent.action.PACKAGE_ADDED dat=package:it.unina.android.ripper_service flg=0x4000010 (has extras) }
V/BackupManagerService( 1568): addPackageParticipantsLocked: #1
W/ContextImpl( 3894): Calling a method in the system process without a qualified user: android.app.ContextImpl.startService:1479 android.content.ContextWrapper.startService:494 android.content.ContextWrapper.startService:494 com.android.keychain.KeyChainBroadcastReceiver.onReceive:12 android.app.ActivityThread.handleReceiver:2419 
I/ActivityManager( 1568): Delay finish: com.android.keychain/.KeyChainBroadcastReceiver
I/PackageManager( 1568): Adding preferred activity ComponentInfo{com.android.mms/com.android.mms.ui.ComposeMessageActivity} for user 0 :
I/Launcher( 1934): Deferring update until onResume
D/dalvikvm( 1797): GC_FOR_ALLOC freed 456K, 18% free 3634K/4396K, paused 3ms, total 3ms
I/ActivityManager( 1568): Resuming delayed broadcast
I/PackageManager( 1568):   Action: "android.intent.action.SENDTO"
I/PackageManager( 1568):   Category: "android.intent.category.DEFAULT"
I/PackageManager( 1568):   Scheme: "mms"
I/PackageManager( 1568): Adding preferred activity ComponentInfo{com.android.mms/com.android.mms.ui.ComposeMessageActivity} for user 0 :
I/PackageManager( 1568):   Action: "android.intent.action.SENDTO"
I/PackageManager( 1568):   Category: "android.intent.category.DEFAULT"
I/PackageManager( 1568):   Scheme: "mmsto"
I/PackageManager( 1568): Adding preferred activity ComponentInfo{com.android.mms/com.android.mms.ui.ComposeMessageActivity} for user 0 :
I/ActivityManager( 1568): Delay finish: com.google.android.gms/.games.chimera.GamesSystemBroadcastReceiverProxy
I/PackageManager( 1568):   Action: "android.intent.action.SENDTO"
I/PackageManager( 1568):   Category: "android.intent.category.DEFAULT"
I/PackageManager( 1568):   Scheme: "sms"
I/PackageManager( 1568): Adding preferred activity ComponentInfo{com.android.mms/com.android.mms.ui.ComposeMessageActivity} for user 0 :
I/PackageManager( 1568):   Action: "android.intent.action.SENDTO"
I/PackageManager( 1568):   Category: "android.intent.category.DEFAULT"
I/PackageManager( 1568):   Scheme: "smsto"
I/PackageManager( 1568): Adding preferred activity ComponentInfo{com.android.mms/com.android.mms.ui.ComposeMessageActivity} for user 0 :
I/ActivityManager( 1568): Resuming delayed broadcast
D/dalvikvm( 1797): GC_FOR_ALLOC freed 414K, 17% free 3667K/4396K, paused 4ms, total 4ms
I/PackageManager( 1568):   Action: "android.intent.action.SENDTO"
I/PackageManager( 1568):   Category: "android.intent.category.DEFAULT"
I/PackageManager( 1568):   Scheme: "mms"
W/GCM     ( 1777): Unexpected forwarded intent: Intent { act=android.intent.action.PACKAGE_ADDED dat=package:it.unina.android.ripper_service flg=0x4000010 cmp=com.google.android.gms/.chimera.PersistentIntentOperationService (has extras) }
W/GCM     ( 1777): Unexpected forwarded intent: Intent { act=android.intent.action.PACKAGE_ADDED dat=package:it.unina.android.ripper_service flg=0x4000010 cmp=com.google.android.gms/.chimera.PersistentIntentOperationService (has extras) }
I/PackageManager( 1568): Adding preferred activity ComponentInfo{com.android.mms/com.android.mms.ui.ComposeMessageActivity} for user 0 :
I/Auth    ( 2079): [SupervisedAccountIntentOperation] onHandleIntent(): android.intent.action.PACKAGE_ADDED
I/ChromeSync( 2079): [Sync,SyncIntentOperation] Handling the intent: Intent { act=android.intent.action.PACKAGE_ADDED dat=package:it.unina.android.ripper_service flg=0x4000010 cmp=com.google.android.gms/.chimera.GmsIntentOperationService (has extras) }.
I/FontLog ( 2079): Package it.unina.android.ripper_service has no metadata [CONTEXT service_id=132 ]
I/ActivityManager( 1568): Delay finish: com.google.android.googlequicksearchbox/com.google.android.searchcommon.summons.icing.InternalIcingCorporaProvider$CorporaChangedReceiver
W/ActivityManager( 1568): Unable to start service Intent { act=com.google.android.gms.auth.key.retrieval.service.START pkg=com.google.android.gms } U=0: not found
I/PackageManager( 1568):   Action: "android.intent.action.SENDTO"
I/PackageManager( 1568):   Category: "android.intent.category.DEFAULT"
I/PackageManager( 1568):   Scheme: "mmsto"
I/ContentMaintenance( 2079): Internal cache bytes used: 0; limit: 39526809; download size: 0
I/Icing.InternalIcingCorporaProvider( 2178): Updating corpora: A: it.unina.android.ripper_service, C: MAYBE
I/PackageManager( 1568): Adding preferred activity ComponentInfo{com.android.mms/com.android.mms.ui.ComposeMessageActivity} for user 0 :
I/ChromeSync( 2079): [Persistence,AffiliationManager] One of affiliation or grouping data for android://KSmUCdTXmQS-j9D_O8l1jvyu41Pjn2mc5cb0Gvx1e9H1Aj4JCzHs_uTW26nbtH65K-YfijtBsQxGp-8R6k6HFg==@it.unina.android.ripper_service/ was not found. Marking affiliation data as stale...
E/GmsClient( 2079): unable to connect to service: com.google.android.gms.auth.key.retrieval.service.START on com.google.android.gms
W/ActivityManager( 1568): Unbind failed: could not find connection for android.os.BinderProxy@9d3522d0
D/dalvikvm( 2079): GC_FOR_ALLOC freed 1878K, 12% free 21577K/24496K, paused 25ms, total 25ms
I/RealtimeCacheCleanup( 2079): Beginning Realtime garbage collection.
I/Icing   ( 2079): IndexChimeraService.getServiceInterface callingPackage=com.google.android.googlequicksearchbox componentName=null serviceId=21
I/RealtimeCacheCleanup( 2079): Finished Realtime garbage collection.
W/Icing   ( 2079): No valid account for uploading user actions
I/Icing   ( 2079): Usage reports ok 0, Failed Usage reports 0, indexed 0, rejected 0
I/Icing   ( 2079): Indexing com.google.android.googlequicksearchbox-applications from com.google.android.googlequicksearchbox
I/Icing   ( 2079): Indexing com.google.android.gms-apps from com.google.android.gms
I/Icing   ( 2079): Indexing com.google.android.gms-internal.3p:MobileApplication from com.google.android.gms
I/Icing   ( 2079): Indexing done com.google.android.googlequicksearchbox-applications
I/Icing   ( 2079): Indexing done com.google.android.gms-apps
I/Icing   ( 2079): Indexing done com.google.android.gms-internal.3p:MobileApplication
I/ActivityManager( 1568): Resuming delayed broadcast
D/AndroidRuntime(12759): 
D/AndroidRuntime(12759): >>>>>> AndroidRuntime START com.android.internal.os.RuntimeInit <<<<<<
W/linker  (12759): libdvm.so has text relocations. This is wasting memory and is a security risk. Please fix.
D/AndroidRuntime(12759): CheckJNI is ON
D/dalvikvm(12759): Trying to load lib libjavacore.so 0x0
D/dalvikvm(12759): Added shared lib libjavacore.so 0x0
D/dalvikvm(12759): Trying to load lib libnativehelper.so 0x0
D/dalvikvm(12759): Added shared lib libnativehelper.so 0x0
D/dalvikvm(12759): No JNI_OnLoad found in libnativehelper.so 0x0, skipping init
D/dalvikvm(12759): Note: class Landroid/app/ActivityManagerNative; has 179 unimplemented (abstract) methods
E/memtrack(12759): Couldn't load memtrack module (No such file or directory)
E/android.os.Debug(12759): failed to load memtrack module: -2
D/AndroidRuntime(12759): Calling main entry com.android.commands.pm.Pm
D/AndroidRuntime(12759): Shutting down VM
D/dalvikvm(12759): GC_CONCURRENT freed 92K, 15% free 547K/644K, paused 1ms+0ms, total 1ms
D/AndroidRuntime(12770): 
D/AndroidRuntime(12770): >>>>>> AndroidRuntime START com.android.internal.os.RuntimeInit <<<<<<
W/linker  (12770): libdvm.so has text relocations. This is wasting memory and is a security risk. Please fix.
D/AndroidRuntime(12770): CheckJNI is ON
D/dalvikvm(12770): Trying to load lib libjavacore.so 0x0
D/dalvikvm(12770): Added shared lib libjavacore.so 0x0
D/dalvikvm(12770): Trying to load lib libnativehelper.so 0x0
D/dalvikvm(12770): Added shared lib libnativehelper.so 0x0
D/dalvikvm(12770): No JNI_OnLoad found in libnativehelper.so 0x0, skipping init
D/dalvikvm(12770): Note: class Landroid/app/ActivityManagerNative; has 179 unimplemented (abstract) methods
E/memtrack(12770): Couldn't load memtrack module (No such file or directory)
E/android.os.Debug(12770): failed to load memtrack module: -2
D/AndroidRuntime(12770): Calling main entry com.android.commands.pm.Pm
D/AndroidRuntime(12770): Shutting down VM
D/dalvikvm(12770): GC_CONCURRENT freed 92K, 15% free 547K/644K, paused 0ms+0ms, total 0ms
D/AndroidRuntime(12784): 
D/AndroidRuntime(12784): >>>>>> AndroidRuntime START com.android.internal.os.RuntimeInit <<<<<<
W/linker  (12784): libdvm.so has text relocations. This is wasting memory and is a security risk. Please fix.
D/AndroidRuntime(12784): CheckJNI is ON
D/dalvikvm(12784): Trying to load lib libjavacore.so 0x0
D/dalvikvm(12784): Added shared lib libjavacore.so 0x0
D/dalvikvm(12784): Trying to load lib libnativehelper.so 0x0
D/dalvikvm(12784): Added shared lib libnativehelper.so 0x0
D/dalvikvm(12784): No JNI_OnLoad found in libnativehelper.so 0x0, skipping init
D/dalvikvm(12784): Note: class Landroid/app/ActivityManagerNative; has 179 unimplemented (abstract) methods
E/memtrack(12784): Couldn't load memtrack module (No such file or directory)
E/android.os.Debug(12784): failed to load memtrack module: -2
D/AndroidRuntime(12784): Calling main entry com.android.commands.am.Am
D/AndroidRuntime(12784): Shutting down VM
D/dalvikvm(12784): GC_CONCURRENT freed 93K, 15% free 575K/672K, paused 1ms+0ms, total 2ms
I/ActivityManager( 1568): Start proc it.unina.android.ripper_service:android_ripper_service_process for service it.unina.android.ripper_service/.AndroidRipperService: pid=12795 uid=10101 gids={50101, 3003, 1028, 1015}
V/AndroidRipperService(12795): onCreate()
V/SERVER  (12795): Starting ServerSocket on PORT 18888
V/SERVER  (12795): Started ServerSocket on PORT 18888
V/SERVER  (12795): Ready to accept connections on port: 18888
D/AndroidRuntime(12809): 
D/AndroidRuntime(12809): >>>>>> AndroidRuntime START com.android.internal.os.RuntimeInit <<<<<<
W/linker  (12809): libdvm.so has text relocations. This is wasting memory and is a security risk. Please fix.
D/AndroidRuntime(12809): CheckJNI is ON
D/dalvikvm(12809): Trying to load lib libjavacore.so 0x0
D/dalvikvm(12809): Added shared lib libjavacore.so 0x0
D/dalvikvm(12809): Trying to load lib libnativehelper.so 0x0
D/dalvikvm(12809): Added shared lib libnativehelper.so 0x0
D/dalvikvm(12809): No JNI_OnLoad found in libnativehelper.so 0x0, skipping init
D/dalvikvm(12809): Note: class Landroid/app/ActivityManagerNative; has 179 unimplemented (abstract) methods
E/memtrack(12809): Couldn't load memtrack module (No such file or directory)
E/android.os.Debug(12809): failed to load memtrack module: -2
D/AndroidRuntime(12809): Calling main entry com.android.commands.input.Input
I/Input   (12809): injectKeyEvent: KeyEvent { action=ACTION_DOWN, keyCode=KEYCODE_MENU, scanCode=0, metaState=0, flags=0x0, repeatCount=0, eventTime=1249218, downTime=1249218, deviceId=-1, source=0x101 }
I/Input   (12809): injectKeyEvent: KeyEvent { action=ACTION_UP, keyCode=KEYCODE_MENU, scanCode=0, metaState=0, flags=0x0, repeatCount=0, eventTime=1249218, downTime=1249218, deviceId=-1, source=0x101 }
D/AndroidRuntime(12809): Shutting down VM
D/dalvikvm(12809): GC_CONCURRENT freed 96K, 15% free 554K/652K, paused 0ms+0ms, total 0ms
E/SoundPool( 1568): error loading /system/media/audio/ui/Effect_Tick.ogg
W/AudioService( 1568): Soundpool could not load file: /system/media/audio/ui/Effect_Tick.ogg
E/SoundPool( 1568): error loading /system/media/audio/ui/Effect_Tick.ogg
W/AudioService( 1568): Soundpool could not load file: /system/media/audio/ui/Effect_Tick.ogg
E/SoundPool( 1568): error loading /system/media/audio/ui/Effect_Tick.ogg
W/AudioService( 1568): Soundpool could not load file: /system/media/audio/ui/Effect_Tick.ogg
E/SoundPool( 1568): error loading /system/media/audio/ui/Effect_Tick.ogg
W/AudioService( 1568): Soundpool could not load file: /system/media/audio/ui/Effect_Tick.ogg
E/SoundPool( 1568): error loading /system/media/audio/ui/Effect_Tick.ogg
W/AudioService( 1568): Soundpool could not load file: /system/media/audio/ui/Effect_Tick.ogg
E/SoundPool( 1568): error loading /system/media/audio/ui/KeypressStandard.ogg
W/AudioService( 1568): Soundpool could not load file: /system/media/audio/ui/KeypressStandard.ogg
E/SoundPool( 1568): error loading /system/media/audio/ui/KeypressSpacebar.ogg
W/AudioService( 1568): Soundpool could not load file: /system/media/audio/ui/KeypressSpacebar.ogg
E/SoundPool( 1568): error loading /system/media/audio/ui/KeypressDelete.ogg
W/AudioService( 1568): Soundpool could not load file: /system/media/audio/ui/KeypressDelete.ogg
E/SoundPool( 1568): error loading /system/media/audio/ui/KeypressReturn.ogg
W/AudioService( 1568): Soundpool could not load file: /system/media/audio/ui/KeypressReturn.ogg
E/SoundPool( 1568): error loading /system/media/audio/ui/KeypressInvalid.ogg
W/AudioService( 1568): Soundpool could not load file: /system/media/audio/ui/KeypressInvalid.ogg
W/AudioService( 1568): onLoadSoundEffects(), Error -1 while loading samples
D/AndroidRuntime(12827): 
D/AndroidRuntime(12827): >>>>>> AndroidRuntime START com.android.internal.os.RuntimeInit <<<<<<
W/linker  (12827): libdvm.so has text relocations. This is wasting memory and is a security risk. Please fix.
D/AndroidRuntime(12827): CheckJNI is ON
D/dalvikvm(12827): Trying to load lib libjavacore.so 0x0
D/dalvikvm(12827): Added shared lib libjavacore.so 0x0
D/dalvikvm(12827): Trying to load lib libnativehelper.so 0x0
D/dalvikvm(12827): Added shared lib libnativehelper.so 0x0
D/dalvikvm(12827): No JNI_OnLoad found in libnativehelper.so 0x0, skipping init
D/dalvikvm(12827): Note: class Landroid/app/ActivityManagerNative; has 179 unimplemented (abstract) methods
E/memtrack(12827): Couldn't load memtrack module (No such file or directory)
E/android.os.Debug(12827): failed to load memtrack module: -2
D/AndroidRuntime(12827): Calling main entry com.android.commands.pm.Pm
W/ActivityManager( 1568): No content provider found for permission revoke: file:///sdcard/aut.apk
W/ActivityManager( 1568): No content provider found for permission revoke: file:///sdcard/aut.apk
I/PackageManager( 1568): Copying native libraries to /data/app-lib/vmdl-841079437
D/dalvikvm( 1568): GC_FOR_ALLOC freed 1609K, 46% free 9343K/17140K, paused 9ms, total 9ms
I/PackageManager( 1568): Running dexopt on: com.serwylo.retrowars
W/linker  (12838): libdvm.so has text relocations. This is wasting memory and is a security risk. Please fix.
D/dalvikvm(12838): Note: class Lcom/badlogic/gdx/graphics/profiling/GLInterceptor; has 162 unimplemented (abstract) methods
D/dalvikvm(12838): DexOpt: load 11ms, verify+opt 109ms, 2140740 bytes
I/ActivityManager( 1568): Force stopping com.serwylo.retrowars appid=10102 user=-1: update pkg
D/dalvikvm( 2207): GC_FOR_ALLOC freed 237K, 15% free 3523K/4120K, paused 2ms, total 2ms
I/Launcher( 1934): Deferring update until onResume
I/InputReader( 1568): Reconfiguring input devices.  changes=0x00000010
D/Documents( 3841): Used cached roots for com.android.providers.downloads.documents
D/Documents( 3841): Used cached roots for com.android.externalstorage.documents
D/Documents( 3841): Used cached roots for com.android.providers.media.documents
D/Documents( 3841): Update found 6 roots in 9ms
I/PackageManager( 1568):   Action: "android.intent.action.SENDTO"
I/PackageManager( 1568):   Category: "android.intent.category.DEFAULT"
I/PackageManager( 1568):   Scheme: "sms"
I/PackageManager( 1568): Adding preferred activity ComponentInfo{com.android.mms/com.android.mms.ui.ComposeMessageActivity} for user 0 :
W/Launcher.Model( 2207): Nobody to tell about the new app.  Launcher is probably loading.
D/dalvikvm( 1568): GC_EXPLICIT freed 1492K, 45% free 9443K/17140K, paused 0ms+2ms, total 32ms
D/dalvikvm( 1568): WAIT_FOR_CONCURRENT_GC blocked 20ms
D/dalvikvm( 1568): WAIT_FOR_CONCURRENT_GC blocked 20ms
D/dalvikvm( 1568): WAIT_FOR_CONCURRENT_GC blocked 20ms
D/dalvikvm( 1568): WAIT_FOR_CONCURRENT_GC blocked 22ms
D/AndroidRuntime(12827): Shutting down VM
D/dalvikvm(12827): GC_CONCURRENT freed 93K, 15% free 552K/648K, paused 0ms+0ms, total 1ms
D/dalvikvm( 1568): WAIT_FOR_CONCURRENT_GC blocked 24ms
I/Launcher( 1934): Deferring update until onResume
D/dalvikvm( 1568): WAIT_FOR_CONCURRENT_GC blocked 28ms
I/PackageManager( 1568):   Action: "android.intent.action.SENDTO"
I/PackageManager( 1568):   Category: "android.intent.category.DEFAULT"
I/PackageManager( 1568):   Scheme: "smsto"
D/BackupManagerService( 1568): Received broadcast Intent { act=android.intent.action.PACKAGE_ADDED dat=package:com.serwylo.retrowars flg=0x4000010 (has extras) }
V/BackupManagerService( 1568): addPackageParticipantsLocked: #1
I/PackageManager( 1568): Adding preferred activity ComponentInfo{com.android.mms/com.android.mms.ui.ComposeMessageActivity} for user 0 :
W/GCM     ( 1777): Unexpected forwarded intent: Intent { act=android.intent.action.PACKAGE_ADDED dat=package:com.serwylo.retrowars flg=0x4000010 cmp=com.google.android.gms/.chimera.PersistentIntentOperationService (has extras) }
W/GCM     ( 1777): Unexpected forwarded intent: Intent { act=android.intent.action.PACKAGE_ADDED dat=package:com.serwylo.retrowars flg=0x4000010 cmp=com.google.android.gms/.chimera.PersistentIntentOperationService (has extras) }
I/Auth    ( 2079): [SupervisedAccountIntentOperation] onHandleIntent(): android.intent.action.PACKAGE_ADDED
I/ChromeSync( 2079): [Sync,SyncIntentOperation] Handling the intent: Intent { act=android.intent.action.PACKAGE_ADDED dat=package:com.serwylo.retrowars flg=0x4000010 cmp=com.google.android.gms/.chimera.GmsIntentOperationService (has extras) }.
D/dalvikvm( 1797): GC_FOR_ALLOC freed 456K, 18% free 3634K/4396K, paused 13ms, total 13ms
I/ActivityManager( 1568): Delay finish: com.google.android.googlequicksearchbox/com.google.android.searchcommon.summons.icing.InternalIcingCorporaProvider$CorporaChangedReceiver
I/Icing.InternalIcingCorporaProvider( 2178): Updating corpora: A: com.serwylo.retrowars, C: MAYBE
I/FontLog ( 2079): Package com.serwylo.retrowars has no metadata [CONTEXT service_id=132 ]
I/PackageManager( 1568):   Action: "android.intent.action.SENDTO"
I/PackageManager( 1568):   Category: "android.intent.category.DEFAULT"
I/PackageManager( 1568):   Scheme: "mms"
I/PackageManager( 1568): Adding preferred activity ComponentInfo{com.android.mms/com.android.mms.ui.ComposeMessageActivity} for user 0 :
I/ChromeSync( 2079): [Persistence,AffiliationManager] One of affiliation or grouping data for android://KSmUCdTXmQS-j9D_O8l1jvyu41Pjn2mc5cb0Gvx1e9H1Aj4JCzHs_uTW26nbtH65K-YfijtBsQxGp-8R6k6HFg==@com.serwylo.retrowars/ was not found. Marking affiliation data as stale...
I/PackageManager( 1568):   Action: "android.intent.action.SENDTO"
I/PackageManager( 1568):   Category: "android.intent.category.DEFAULT"
I/PackageManager( 1568):   Scheme: "mmsto"
I/PackageManager( 1568): Adding preferred activity ComponentInfo{com.android.mms/com.android.mms.ui.ComposeMessageActivity} for user 0 :
I/PackageManager( 1568):   Action: "android.intent.action.SENDTO"
I/PackageManager( 1568):   Category: "android.intent.category.DEFAULT"
I/PackageManager( 1568):   Scheme: "sms"
I/PackageManager( 1568): Adding preferred activity ComponentInfo{com.android.mms/com.android.mms.ui.ComposeMessageActivity} for user 0 :
I/PackageManager( 1568):   Action: "android.intent.action.SENDTO"
I/PackageManager( 1568):   Category: "android.intent.category.DEFAULT"
I/PackageManager( 1568):   Scheme: "smsto"
I/PackageManager( 1568): Adding preferred activity ComponentInfo{com.android.mms/com.android.mms.ui.ComposeMessageActivity} for user 0 :
I/Icing   ( 2079): IndexChimeraService.getServiceInterface callingPackage=com.google.android.googlequicksearchbox componentName=null serviceId=21
D/dalvikvm( 1797): GC_FOR_ALLOC freed 412K, 17% free 3667K/4396K, paused 2ms, total 2ms
I/PackageManager( 1568):   Action: "android.intent.action.SENDTO"
I/PackageManager( 1568):   Category: "android.intent.category.DEFAULT"
I/PackageManager( 1568):   Scheme: "mms"
I/PackageManager( 1568): Adding preferred activity ComponentInfo{com.android.mms/com.android.mms.ui.ComposeMessageActivity} for user 0 :
I/PackageManager( 1568):   Action: "android.intent.action.SENDTO"
I/PackageManager( 1568):   Category: "android.intent.category.DEFAULT"
I/PackageManager( 1568):   Scheme: "mmsto"
W/Icing   ( 2079): No valid account for uploading user actions
I/Icing   ( 2079): Usage reports ok 0, Failed Usage reports 0, indexed 0, rejected 0
I/Icing   ( 2079): Indexing com.google.android.gms-apps from com.google.android.gms
I/PackageManager( 1568): Adding preferred activity ComponentInfo{com.android.mms/com.android.mms.ui.ComposeMessageActivity} for user 0 :
I/Icing   ( 2079): Indexing done com.google.android.gms-apps
I/Icing   ( 2079): Indexing com.google.android.googlequicksearchbox-applications from com.google.android.googlequicksearchbox
I/Icing   ( 2079): Indexing done com.google.android.googlequicksearchbox-applicati