I/ActivityManager( 1568): Force stopping com.serwylo.beatgame appid=10085 user=0: start instr
I/ActivityManager( 1568): Start proc com.serwylo.beatgame for added application com.serwylo.beatgame: pid=8845 uid=10085 gids={50085}
I/ActivityManager( 1568): START u0 {act=android.intent.action.MAIN flg=0x10000000 cmp=com.serwylo.beatgame/.AndroidLauncher} from pid 8845
I/ActivityManager( 1568): Config changes=480 {1.0 310mcc260mnc en_US ldltr sw411dp w689dp h386dp 420dpi nrml land finger qwerty/v/v dpad/v s.32}
I/WindowManager( 1568): Screen frozen for +268ms due to Window{9d0a3238 u0 Starting com.serwylo.beatgame}
I/ActivityManager( 1568): Config changes=480 {1.0 310mcc260mnc en_US ldltr sw411dp w411dp h658dp 420dpi nrml port finger qwerty/v/v dpad/v s.33}
I/WindowManager( 1568): Screen frozen for +196ms due to Window{9d0ec0a8 u0 com.serwylo.beatgame/com.serwylo.beatgame.AndroidLauncher}
I/ActivityManager( 1568): Force stopping com.serwylo.beatgame appid=10085 user=0: clear data
I/ActivityManager( 1568): Killing 8845:com.serwylo.beatgame/u0a85 (adj 0): stop com.serwylo.beatgame
W/ActivityManager( 1568): Crash of app com.serwylo.beatgame running instrumentation ComponentInfo{it.unina.android.ripper/android.test.InstrumentationTestRunner}
I/ActivityManager( 1568): Force stopping com.serwylo.beatgame appid=10085 user=0: finished inst
I/ActivityManager( 1568): Force stopping com.serwylo.beatgame appid=10085 user=-1: uninstall pkg
W/PackageManager( 1568): Couldn't delete native library directory /data/app-lib/com.serwylo.beatgame
I/ActivityManager( 1568): Force stopping com.serwylo.beatgame appid=10085 user=0: pkg removed
I/ActivityManager( 1568): Delay finish: com.google.android.gms/.games.chimera.GamesSystemBroadcastReceiverProxy
I/PackageManager( 1568): Adding preferred activity ComponentInfo{com.android.mms/com.android.mms.ui.ComposeMessageActivity} for user 0 :
I/PackageManager( 1568): Adding preferred activity ComponentInfo{com.android.mms/com.android.mms.ui.ComposeMessageActivity} for user 0 :
I/ActivityManager( 1568): Resuming delayed broadcast
I/PackageManager( 1568): Adding preferred activity ComponentInfo{com.android.mms/com.android.mms.ui.ComposeMessageActivity} for user 0 :
I/ActivityManager( 1568): Delay finish: com.google.android.googlequicksearchbox/com.google.android.searchcommon.summons.icing.InternalIcingCorporaProvider$CorporaChangedReceiver
I/PackageManager( 1568): Adding preferred activity ComponentInfo{com.android.mms/com.android.mms.ui.ComposeMessageActivity} for user 0 :
D/BackupManagerService( 1568): Received broadcast Intent { act=android.intent.action.PACKAGE_REMOVED dat=package:com.serwylo.beatgame flg=0x4000010 (has extras) }
V/BackupManagerService( 1568): removePackageParticipantsLocked: uid=10085 #1
I/PackageManager( 1568): Adding preferred activity ComponentInfo{com.android.mms/com.android.mms.ui.ComposeMessageActivity} for user 0 :
I/PackageManager( 1568): Adding preferred activity ComponentInfo{com.android.mms/com.android.mms.ui.ComposeMessageActivity} for user 0 :
I/PackageManager( 1568): Adding preferred activity ComponentInfo{com.android.mms/com.android.mms.ui.ComposeMessageActivity} for user 0 :
I/PackageManager( 1568): Adding preferred activity ComponentInfo{com.android.mms/com.android.mms.ui.ComposeMessageActivity} for user 0 :
I/ActivityManager( 1568): Force stopping it.unina.android.ripper appid=10086 user=0: clear data
I/ActivityManager( 1568): Resuming delayed broadcast
W/ContextImpl( 3894): Calling a method in the system process without a qualified user: android.app.ContextImpl.startService:1479 android.content.ContextWrapper.startService:494 android.content.ContextWrapper.startService:494 com.android.keychain.KeyChainBroadcastReceiver.onReceive:12 android.app.ActivityThread.handleReceiver:2419 
I/ActivityManager( 1568): Delay finish: com.android.keychain/.KeyChainBroadcastReceiver
I/ActivityManager( 1568): Resuming delayed broadcast
I/ActivityManager( 1568): Delay finish: com.google.android.gms/.chimera.GmsIntentOperationService$PersistentTrustedReceiver
I/ActivityManager( 1568): Resuming delayed broadcast
I/ActivityManager( 1568): Force stopping it.unina.android.ripper appid=10086 user=-1: uninstall pkg
W/PackageManager( 1568): Couldn't delete native library directory /data/app-lib/it.unina.android.ripper
I/ActivityManager( 1568): Force stopping it.unina.android.ripper appid=10086 user=0: pkg removed
I/PackageManager( 1568): Adding preferred activity ComponentInfo{com.android.mms/com.android.mms.ui.ComposeMessageActivity} for user 0 :
I/PackageManager( 1568): Adding preferred activity ComponentInfo{com.android.mms/com.android.mms.ui.ComposeMessageActivity} for user 0 :
D/BackupManagerService( 1568): Received broadcast Intent { act=android.intent.action.PACKAGE_REMOVED dat=package:it.unina.android.ripper flg=0x4000010 (has extras) }
V/BackupManagerService( 1568): removePackageParticipantsLocked: uid=10086 #1
I/ActivityManager( 1568): Delay finish: com.google.android.googlequicksearchbox/com.google.android.searchcommon.summons.icing.InternalIcingCorporaProvider$CorporaChangedReceiver
I/PackageManager( 1568): Adding preferred activity ComponentInfo{com.android.mms/com.android.mms.ui.ComposeMessageActivity} for user 0 :
I/PackageManager( 1568): Adding preferred activity ComponentInfo{com.android.mms/com.android.mms.ui.ComposeMessageActivity} for user 0 :
I/PackageManager( 1568): Adding preferred activity ComponentInfo{com.android.mms/com.android.mms.ui.ComposeMessageActivity} for user 0 :
I/PackageManager( 1568): Adding preferred activity ComponentInfo{com.android.mms/com.android.mms.ui.ComposeMessageActivity} for user 0 :
I/PackageManager( 1568): Adding preferred activity ComponentInfo{com.android.mms/com.android.mms.ui.ComposeMessageActivity} for user 0 :
I/PackageManager( 1568): Adding preferred activity ComponentInfo{com.android.mms/com.android.mms.ui.ComposeMessageActivity} for user 0 :
W/ActivityManager( 1568): No content provider found for permission revoke: file:///sdcard/aut.apk
W/ActivityManager( 1568): No content provider found for permission revoke: file:///sdcard/aut.apk
I/PackageManager( 1568): Copying native libraries to /data/app-lib/vmdl-1633281215
I/ActivityManager( 1568): Resuming delayed broadcast
W/ContextImpl( 3894): Calling a method in the system process without a qualified user: android.app.ContextImpl.startService:1479 android.content.ContextWrapper.startService:494 android.content.ContextWrapper.startService:494 com.android.keychain.KeyChainBroadcastReceiver.onReceive:12 android.app.ActivityThread.handleReceiver:2419 
I/ActivityManager( 1568): Delay finish: com.android.keychain/.KeyChainBroadcastReceiver
I/ActivityManager( 1568): Resuming delayed broadcast
I/ActivityManager( 1568): Force stopping com.serwylo.beatgame appid=10087 user=-1: update pkg
I/PackageManager( 1568): Adding preferred activity ComponentInfo{com.android.mms/com.android.mms.ui.ComposeMessageActivity} for user 0 :
D/BackupManagerService( 1568): Received broadcast Intent { act=android.intent.action.PACKAGE_ADDED dat=package:com.serwylo.beatgame flg=0x4000010 (has extras) }
V/BackupManagerService( 1568): addPackageParticipantsLocked: #1
I/PackageManager( 1568): Adding preferred activity ComponentInfo{com.android.mms/com.android.mms.ui.ComposeMessageActivity} for user 0 :
W/ActivityManager( 1568): Unable to start service Intent { act=com.google.android.gms.auth.key.retrieval.service.START pkg=com.google.android.gms } U=0: not found
I/ActivityManager( 1568): Delay finish: com.google.android.googlequicksearchbox/com.google.android.searchcommon.summons.icing.InternalIcingCorporaProvider$CorporaChangedReceiver
W/ActivityManager( 1568): Unbind failed: could not find connection for android.os.BinderProxy@9d0ab278
I/PackageManager( 1568): Adding preferred activity ComponentInfo{com.android.mms/com.android.mms.ui.ComposeMessageActivity} for user 0 :
I/PackageManager( 1568): Adding preferred activity ComponentInfo{com.android.mms/com.android.mms.ui.ComposeMessageActivity} for user 0 :
I/PackageManager( 1568): Adding preferred activity ComponentInfo{com.android.mms/com.android.mms.ui.ComposeMessageActivity} for user 0 :
I/PackageManager( 1568): Adding preferred activity ComponentInfo{com.android.mms/com.android.mms.ui.ComposeMessageActivity} for user 0 :
I/PackageManager( 1568): Adding preferred activity ComponentInfo{com.android.mms/com.android.mms.ui.ComposeMessageActivity} for user 0 :
I/PackageManager( 1568): Adding preferred activity ComponentInfo{com.android.mms/com.android.mms.ui.ComposeMessageActivity} for user 0 :
I/ActivityManager( 1568): Resuming delayed broadcast
W/ActivityManager( 1568): No content provider found for permission revoke: file:///sdcard/ripper.apk
W/ActivityManager( 1568): No content provider found for permission revoke: file:///sdcard/ripper.apk
I/PackageManager( 1568): Copying native libraries to /data/app-lib/vmdl-1488365722
I/PackageParser( 1568): it.unina.android.ripper: compat added android.permission.WRITE_EXTERNAL_STORAGE android.permission.READ_PHONE_STATE
I/ActivityManager( 1568): Force stopping it.unina.android.ripper appid=10088 user=-1: update pkg
I/PackageManager( 1568): Adding preferred activity ComponentInfo{com.android.mms/com.android.mms.ui.ComposeMessageActivity} for user 0 :
D/BackupManagerService( 1568): Received broadcast Intent { act=android.intent.action.PACKAGE_ADDED dat=package:it.unina.android.ripper flg=0x4000010 (has extras) }
V/BackupManagerService( 1568): addPackageParticipantsLocked: #1
I/PackageManager( 1568): Adding preferred activity ComponentInfo{com.android.mms/com.android.mms.ui.ComposeMessageActivity} for user 0 :
I/PackageManager( 1568): Adding preferred activity ComponentInfo{com.android.mms/com.android.mms.ui.ComposeMessageActivity} for user 0 :
I/PackageManager( 1568): Adding preferred activity ComponentInfo{com.android.mms/com.android.mms.ui.ComposeMessageActivity} for user 0 :
I/ActivityManager( 1568): Delay finish: com.google.android.googlequicksearchbox/com.google.android.searchcommon.summons.icing.InternalIcingCorporaProvider$CorporaChangedReceiver
I/PackageManager( 1568): Adding preferred activity ComponentInfo{com.android.mms/com.android.mms.ui.ComposeMessageActivity} for user 0 :
W/ActivityManager( 1568): Unable to start service Intent { act=com.google.android.gms.auth.key.retrieval.service.START pkg=com.google.android.gms } U=0: not found
I/PackageManager( 1568): Adding preferred activity ComponentInfo{com.android.mms/com.android.mms.ui.ComposeMessageActivity} for user 0 :
W/ActivityManager( 1568): Unbind failed: could not find connection for android.os.BinderProxy@9d3930e8
I/PackageManager( 1568): Adding preferred activity ComponentInfo{com.android.mms/com.android.mms.ui.ComposeMessageActivity} for user 0 :
I/PackageManager( 1568): Adding preferred activity ComponentInfo{com.android.mms/com.android.mms.ui.ComposeMessageActivity} for user 0 :
I/ActivityManager( 1568): Resuming delayed broadcast
I/ActivityManager( 1568): Force stopping com.serwylo.beatgame appid=10087 user=0: start instr
I/ActivityManager( 1568): Start proc com.serwylo.beatgame for added application com.serwylo.beatgame: pid=9068 uid=10087 gids={50087}
I/ActivityManager( 1568): START u0 {act=android.intent.action.MAIN flg=0x10000000 cmp=com.serwylo.beatgame/.AndroidLauncher} from pid 9068
I/ActivityManager( 1568): Config changes=480 {1.0 310mcc260mnc en_US ldltr sw411dp w689dp h386dp 420dpi nrml land finger qwerty/v/v dpad/v s.34}
I/WindowManager( 1568): Screen frozen for +292ms due to Window{9d312708 u0 com.serwylo.beatgame/com.serwylo.beatgame.AndroidLauncher}
I/ActivityManager( 1568): Config changes=480 {1.0 310mcc260mnc en_US ldltr sw411dp w411dp h658dp 420dpi nrml port finger qwerty/v/v dpad/v s.35}
I/WindowManager( 1568): Screen frozen for +160ms due to Window{9d312708 u0 com.serwylo.beatgame/com.serwylo.beatgame.AndroidLauncher}
D/ConnectivityService( 1568): Sampling interval elapsed, updating statistics ..
D/ConnectivityService( 1568): Done.
D/ConnectivityService( 1568): Setting timer for 720seconds
I/ActivityManager( 1568): START u0 {act=android.intent.action.MAIN cat=[android.intent.category.HOME] flg=0x10200000 cmp=com.android.launcher/com.android.launcher2.Launcher} from pid 1568
W/InputMethodManagerService( 1568): Window already focused, ignoring focus gain of: com.android.internal.view.IInputMethodClient$Stub$Proxy@9d8759c0 attribute=null, token = android.os.BinderProxy@9d4726c0
W/ActivityManager( 1568): Duplicate finish request for ActivityRecord{9d806f68 u0 com.serwylo.beatgame/.AndroidLauncher t18 f}
I/ActivityManager( 1568): Force stopping com.serwylo.beatgame appid=10087 user=0: finished inst
I/ActivityManager( 1568): Killing 9068:com.serwylo.beatgame/u0a87 (adj 0): stop com.serwylo.beatgame
I/ActivityManager( 1568): Force stopping com.serwylo.beatgame appid=10087 user=0: clear data
W/WindowManager( 1568): Rebuild removed 3 windows but added 1
W/WindowManager( 1568): java.lang.RuntimeException: here
W/WindowManager( 1568): 	at com.android.server.wm.WindowManagerService.rebuildAppWindowListLocked(WindowManagerService.java:8011)
W/WindowManager( 1568): 	at com.android.server.wm.WindowManagerService.rebuildAppWindowListLocked(WindowManagerService.java:7947)
W/WindowManager( 1568): 	at com.android.server.wm.WindowManagerService.handleAnimatingStoppedAndTransitionLocked(WindowManagerService.java:8691)
W/WindowManager( 1568): 	at com.android.server.wm.WindowManagerService.performLayoutAndPlaceSurfacesLockedInner(WindowManagerService.java:9205)
W/WindowManager( 1568): 	at com.android.server.wm.WindowManagerService.performLayoutAndPlaceSurfacesLockedLoop(WindowManagerService.java:8163)
W/WindowManager( 1568): 	at com.android.server.wm.WindowManagerService.performLayoutAndPlaceSurfacesLocked(WindowManagerService.java:8105)
W/WindowManager( 1568): 	at com.android.server.wm.WindowManagerService.access$300(WindowManagerService.java:157)
W/WindowManager( 1568): 	at com.android.server.wm.WindowManagerService$H.handleMessage(WindowManagerService.java:7139)
W/WindowManager( 1568): 	at android.os.Handler.dispatchMessage(Handler.java:102)
W/WindowManager( 1568): 	at android.os.Looper.loop(Looper.java:136)
W/WindowManager( 1568): 	at android.os.HandlerThread.run(HandlerThread.java:61)
W/WindowManager( 1568): This window was lost: Window{9d3a4c38 u0 SurfaceView}
W/WindowManager( 1568): mDisplayId=0 mSession=Session{9d446d90 9068:u0a10087} mClient=android.os.BinderProxy@9da13090
W/WindowManager( 1568): mOwnerUid=10087 mShowToOwnerOnly=true package=null appop=NONE
W/WindowManager( 1568): mAttrs=WM.LayoutParams{(0,0)(1080x1920) gr=#800033 ty=1001 fl=#4218 pfl=0x40 fmt=4}
W/WindowManager( 1568): Requested w=1080 h=1920 mLayoutSeq=957
W/WindowManager( 1568): mAttachedWindow=Window{9d312708 u0 com.serwylo.beatgame/com.serwylo.beatgame.AndroidLauncher} mLayoutAttached=true
W/WindowManager( 1568): mBaseLayer=21000 mSubLayer=-2 mAnimLayer=21005+0=21005 mLastLayer=22005
W/WindowManager( 1568): mToken=WindowToken{9d4a7bc0 android.os.BinderProxy@9d4726c0}
W/WindowManager( 1568): mRootToken=AppWindowToken{9d88ffc8 token=Token{9d402578 ActivityRecord{9d806f68 u0 com.serwylo.beatgame/.AndroidLauncher t18}}}
W/WindowManager( 1568): mAppToken=AppWindowToken{9d88ffc8 token=Token{9d402578 ActivityRecord{9d806f68 u0 com.serwylo.beatgame/.AndroidLauncher t18}}}
W/WindowManager( 1568): mViewVisibility=0x8 mHaveFrame=true mObscured=false
W/WindowManager( 1568): mSeq=0 mSystemUiVisibility=0x0
W/WindowManager( 1568): mGivenContentInsets=[0,0][0,0] mGivenVisibleInsets=[0,0][0,0]
W/WindowManager( 1568): mConfiguration={1.0 310mcc260mnc en_US ldltr sw411dp w411dp h658dp 420dpi nrml port finger qwerty/v/v dpad/v s.35}
W/WindowManager( 1568): mHasSurface=true mShownFrame=[0.0,0.0][1080.0,1920.0] isReadyForDisplay()=false
W/WindowManager( 1568): mFrame=[0,0][1080,1920] last=[0,0][1080,1920]
W/WindowManager( 1568): mSystemDecorRect=[0,0][1080,1920] last=[0,0][1080,1920]
W/WindowManager( 1568): Frames: containing=[0,0][1080,1920] parent=[0,0][1080,1920]
W/WindowManager( 1568):     display=[-10000,-10000][10000,10000] overscan=[-10000,-10000][10000,10000]
W/WindowManager( 1568):     content=[0,0][1080,1920] visible=[0,0][1080,1920]
W/WindowManager( 1568):     decor=[0,0][1080,1920]
W/WindowManager( 1568): Cur insets: overscan=[0,0][0,0] content=[0,0][0,0] visible=[0,0][0,0]
W/WindowManager( 1568): Lst insets: overscan=[0,0][0,0] content=[0,0][0,0] visible=[0,0][0,0]
W/WindowManager( 1568): WindowStateAnimator{9d7c1440 SurfaceView}:
W/WindowManager( 1568):   mSurface=Surface(name=SurfaceView)
W/WindowManager( 1568):   mDrawState=HAS_DRAWN mLastHidden=true
W/WindowManager( 1568):   Surface: shown=false layer=22005 alpha=0.0 rect=(0.0,0.0) 1080.0 x 1920.0
W/WindowManager( 1568):   mShownAlpha=1.0 mAlpha=1.0 mLastAlpha=0.0
W/WindowManager( 1568): mExiting=false mRemoveOnExit=false mDestroying=true mRemoved=false
W/WindowManager( 1568): mLastFreezeDuration=+137ms
W/WindowManager( 1568): This window was lost: Window{9d312708 u0 com.serwylo.beatgame/com.serwylo.beatgame.AndroidLauncher}
W/WindowManager( 1568): mDisplayId=0 mSession=Session{9d446d90 9068:u0a10087} mClient=android.os.BinderProxy@9d4726c0
W/WindowManager( 1568): mOwnerUid=10087 mShowToOwnerOnly=true package=com.serwylo.beatgame appop=NONE
W/WindowManager( 1568): mAttrs=WM.LayoutParams{(0,0)(fillxfill) sim=#20 ty=1 fl=#1810500 pfl=0x8 fmt=-2 wanim=0x1030000 vsysui=0x1706 sysuil=true}
W/WindowManager( 1568): Requested w=1080 h=1920 mLayoutSeq=962
W/WindowManager( 1568): mBaseLayer=21000 mSubLayer=0 mAnimLayer=21010+0=21010 mLastLayer=22010
W/WindowManager( 1568): mToken=AppWindowToken{9d88ffc8 token=Token{9d402578 ActivityRecord{9d806f68 u0 com.serwylo.beatgame/.AndroidLauncher t18}}}
W/WindowManager( 1568): mRootToken=AppWindowToken{9d88ffc8 token=Token{9d402578 ActivityRecord{9d806f68 u0 com.serwylo.beatgame/.AndroidLauncher t18}}}
W/WindowManager( 1568): mAppToken=AppWindowToken{9d88ffc8 token=Token{9d402578 ActivityRecord{9d806f68 u0 com.serwylo.beatgame/.AndroidLauncher t18}}}
W/WindowManager( 1568): mViewVisibility=0x8 mHaveFrame=true mObscured=false
W/WindowManager( 1568): mSeq=2 mSystemUiVisibility=0x1706
W/WindowManager( 1568): mGivenContentInsets=[0,0][0,0] mGivenVisibleInsets=[0,0][0,0]
W/WindowManager( 1568): mConfiguration={1.0 310mcc260mnc en_US ldltr sw411dp w411dp h658dp 420dpi nrml port finger qwerty/v/v dpad/v s.35}
W/WindowManager( 1568): mHasSurface=true mShownFrame=[0.0,0.0][1080.0,1920.0] isReadyForDisplay()=false
W/WindowManager( 1568): mFrame=[0,0][1080,1920] last=[0,0][1080,1920]
W/WindowManager( 1568): mSystemDecorRect=[0,0][1080,1920] last=[0,0][1080,1920]
W/WindowManager( 1568): Frames: containing=[0,0][1080,1920] parent=[0,0][1080,1920]
W/WindowManager( 1568):     display=[0,0][1080,1920] overscan=[0,0][1080,1920]
W/WindowManager( 1568):     content=[0,0][1080,1794] visible=[0,0][1080,1794]
W/WindowManager( 1568):     decor=[0,0][1080,1920]
W/WindowManager( 1568): Cur insets: overscan=[0,0][0,0] content=[0,0][0,126] visible=[0,0][0,126]
W/WindowManager( 1568): Lst insets: overscan=[0,0][0,0] content=[0,0][0,126] visible=[0,0][0,126]
W/WindowManager( 1568): WindowStateAnimator{9d72ec30 com.serwylo.beatgame/com.serwylo.beatgame.AndroidLauncher}:
W/WindowManager( 1568):   mSurface=Surface(name=com.serwylo.beatgame/com.serwylo.beatgame.AndroidLauncher)
W/WindowManager( 1568):   mDrawState=HAS_DRAWN mLastHidden=true
W/WindowManager( 1568):   Surface: shown=false layer=22010 alpha=0.0 rect=(0.0,0.0) 1080.0 x 1920.0
W/WindowManager( 1568):   mShownAlpha=1.0 mAlpha=1.0 mLastAlpha=0.0
W/WindowManager( 1568): mExiting=false mRemoveOnExit=false mDestroying=true mRemoved=false
W/WindowManager( 1568): mLastFreezeDuration=+157ms
W/WindowManager( 1568): Current app token list:
V/WindowManager( 1568):   Display 0
V/WindowManager( 1568):   #0: Token{9d2bc6a8 ActivityRecord{9d10ece8 u0 com.android.launcher/com.android.launcher2.Launcher t3}}
W/WindowManager( 1568): Final window list:
V/WindowManager( 1568):   #0: Window{9d417200 u0 SearchPanel}
V/WindowManager( 1568):   #1: Window{9d131a50 u0 NavigationBar}
V/WindowManager( 1568):   #2: Window{9d1011d0 u0 StatusBar}
V/WindowManager( 1568):   #3: Window{9d858650 u0 KeyguardScrim}
V/WindowManager( 1568):   #4: Window{9d0c7710 u0 com.android.launcher/com.android.launcher2.Launcher}
V/WindowManager( 1568):   #5: Window{9d095288 u0 com.android.systemui.ImageWallpaper}
I/WindowState( 1568): WIN DEATH: Window{9d312708 u0 com.serwylo.beatgame/com.serwylo.beatgame.AndroidLauncher}
W/WindowManager( 1568): Force-removing child win Window{9d3a4c38 u0 SurfaceView} from container Window{9d312708 u0 com.serwylo.beatgame/com.serwylo.beatgame.AndroidLauncher}
W/WindowManager( 1568): Failed looking up window
W/WindowManager( 1568): java.lang.IllegalArgumentException: Requested window android.os.BinderProxy@9da13090 does not exist
W/WindowManager( 1568): 	at com.android.server.wm.WindowManagerService.windowForClientLocked(WindowManagerService.java:7923)
W/WindowManager( 1568): 	at com.android.server.wm.WindowManagerService.windowForClientLocked(WindowManagerService.java:7914)
W/WindowManager( 1568): 	at com.android.server.wm.WindowState$DeathRecipient.binderDied(WindowState.java:1047)
W/WindowManager( 1568): 	at android.os.BinderProxy.sendDeathNotice(Binder.java:493)
W/WindowManager( 1568): 	at dalvik.system.NativeStart.run(Native Method)
I/WindowState( 1568): WIN DEATH: null
I/ActivityManager( 1568): Force stopping com.serwylo.beatgame appid=10087 user=-1: uninstall pkg
W/PackageManager( 1568): Couldn't delete native library directory /data/app-lib/com.serwylo.beatgame
I/ActivityManager( 1568): Force stopping com.serwylo.beatgame appid=10087 user=0: pkg removed
I/PackageManager( 1568): Adding preferred activity ComponentInfo{com.android.mms/com.android.mms.ui.ComposeMessageActivity} for user 0 :
D/BackupManagerService( 1568): Received broadcast Intent { act=android.intent.action.PACKAGE_REMOVED dat=package:com.serwylo.beatgame flg=0x4000010 (has extras) }
V/BackupManagerService( 1568): removePackageParticipantsLocked: uid=10087 #1
I/PackageManager( 1568): Adding preferred activity ComponentInfo{com.android.mms/com.android.mms.ui.ComposeMessageActivity} for user 0 :
I/PackageManager( 1568): Adding preferred activity ComponentInfo{com.android.mms/com.android.mms.ui.ComposeMessageActivity} for user 0 :
I/PackageManager( 1568): Adding preferred activity ComponentInfo{com.android.mms/com.android.mms.ui.ComposeMessageActivity} for user 0 :
I/ActivityManager( 1568): Delay finish: com.google.android.googlequicksearchbox/com.google.android.searchcommon.summons.icing.InternalIcingCorporaProvider$CorporaChangedReceiver
I/PackageManager( 1568): Adding preferred activity ComponentInfo{com.android.mms/com.android.mms.ui.ComposeMessageActivity} for user 0 :
I/PackageManager( 1568): Adding preferred activity ComponentInfo{com.android.mms/com.android.mms.ui.ComposeMessageActivity} for user 0 :
I/PackageManager( 1568): Adding preferred activity ComponentInfo{com.android.mms/com.android.mms.ui.ComposeMessageActivity} for user 0 :
I/PackageManager( 1568): Adding preferred activity ComponentInfo{com.android.mms/com.android.mms.ui.ComposeMessageActivity} for user 0 :
I/ActivityManager( 1568): Force stopping it.unina.android.ripper appid=10088 user=0: clear data
I/ActivityManager( 1568): Resuming delayed broadcast
W/ContextImpl( 3894): Calling a method in the system process without a qualified user: android.app.ContextImpl.startService:1479 android.content.ContextWrapper.startService:494 android.content.ContextWrapper.startService:494 com.android.keychain.KeyChainBroadcastReceiver.onReceive:12 android.app.ActivityThread.handleReceiver:2419 
I/ActivityManager( 1568): Delay finish: com.android.keychain/.KeyChainBroadcastReceiver
I/ActivityManager( 1568): Resuming delayed broadcast
I/ActivityManager( 1568): Delay finish: com.android.documentsui/.PackageReceiver
I/ActivityManager( 1568): Resuming delayed broadcast
I/ActivityManager( 1568): Force stopping it.unina.android.ripper appid=10088 user=-1: uninstall pkg
W/PackageManager( 1568): Couldn't delete native library directory /data/app-lib/it.unina.android.ripper
I/ActivityManager( 1568): Force stopping it.unina.android.ripper appid=10088 user=0: pkg removed
I/PackageManager( 1568): Adding preferred activity ComponentInfo{com.android.mms/com.android.mms.ui.ComposeMessageActivity} for user 0 :
D/BackupManagerService( 1568): Received broadcast Intent { act=android.intent.action.PACKAGE_REMOVED dat=package:it.unina.android.ripper flg=0x4000010 (has extras) }
V/BackupManagerService( 1568): removePackageParticipantsLocked: uid=10088 #1
I/PackageManager( 1568): Adding preferred activity ComponentInfo{com.android.mms/com.android.mms.ui.ComposeMessageActivity} for user 0 :
I/ActivityManager( 1568): Delay finish: com.google.android.gms/.games.chimera.GamesSystemBroadcastReceiverProxy
I/PackageManager( 1568): Adding preferred activity ComponentInfo{com.android.mms/com.android.mms.ui.ComposeMessageActivity} for user 0 :
I/PackageManager( 1568): Adding preferred activity ComponentInfo{com.android.mms/com.android.mms.ui.ComposeMessageActivity} for user 0 :
I/ActivityManager( 1568): Resuming delayed broadcast
I/PackageManager( 1568): Adding preferred activity ComponentInfo{com.android.mms/com.android.mms.ui.ComposeMessageActivity} for user 0 :
I/PackageManager( 1568): Adding preferred activity ComponentInfo{com.android.mms/com.android.mms.ui.ComposeMessageActivity} for user 0 :
I/ActivityManager( 1568): Delay finish: com.google.android.googlequicksearchbox/com.google.android.searchcommon.summons.icing.InternalIcingCorporaProvider$CorporaChangedReceiver
I/PackageManager( 1568): Adding preferred activity ComponentInfo{com.android.mms/com.android.mms.ui.ComposeMessageActivity} for user 0 :
I/PackageManager( 1568): Adding preferred activity ComponentInfo{com.android.mms/com.android.mms.ui.ComposeMessageActivity} for user 0 :
W/ActivityManager( 1568): No content provider found for permission revoke: file:///sdcard/aut.apk
I/ActivityManager( 1568): Resuming delayed broadcast
W/ContextImpl( 3894): Calling a method in the system process without a qualified user: android.app.ContextImpl.startService:1479 android.content.ContextWrapper.startService:494 android.content.ContextWrapper.startService:494 com.android.keychain.KeyChainBroadcastReceiver.onReceive:12 android.app.ActivityThread.handleReceiver:2419 
I/ActivityManager( 1568): Delay finish: com.android.keychain/.KeyChainBroadcastReceiver
I/ActivityManager( 1568): Resuming delayed broadcast
W/ActivityManager( 1568): No content provider found for permission revoke: file:///sdcard/aut.apk
I/PackageManager( 1568): Copying native libraries to /data/app-lib/vmdl-1696463751
I/ActivityManager( 1568): Force stopping com.serwylo.beatgame appid=10089 user=-1: update pkg
I/PackageManager( 1568): Adding preferred activity ComponentInfo{com.android.mms/com.android.mms.ui.ComposeMessageActivity} for user 0 :
D/BackupManagerService( 1568): Received broadcast Intent { act=android.intent.action.PACKAGE_ADDED dat=package:com.serwylo.beatgame flg=0x4000010 (has extras) }
I/PackageManager( 1568): Adding preferred activity ComponentInfo{com.android.mms/com.android.mms.ui.ComposeMessageActivity} for user 0 :
V/BackupManagerService( 1568): addPackageParticipantsLocked: #1
I/ActivityManager( 1568): Delay finish: com.google.android.googlequicksearchbox/com.google.android.searchcommon.summons.icing.InternalIcingCorporaProvider$CorporaChangedReceiver
W/ActivityManager( 1568): Unable to start service Intent { act=com.google.android.gms.auth.key.retrieval.service.START pkg=com.google.android.gms } U=0: not found
I/PackageManager( 1568): Adding preferred activity ComponentInfo{com.android.mms/com.android.mms.ui.ComposeMessageActivity} for user 0 :
W/ActivityManager( 1568): Unbind failed: could not find connection for android.os.BinderProxy@9d4214d0
I/PackageManager( 1568): Adding preferred activity ComponentInfo{com.android.mms/com.android.mms.ui.ComposeMessageActivity} for user 0 :
I/PackageManager( 1568): Adding preferred activity ComponentInfo{com.android.mms/com.android.mms.ui.ComposeMessageActivity} for user 0 :
I/PackageManager( 1568): Adding preferred activity ComponentInfo{com.android.mms/com.android.mms.ui.ComposeMessageActivity} for user 0 :
I/PackageManager( 1568): Adding preferred activity ComponentInfo{com.android.mms/com.android.mms.ui.ComposeMessageActivity} for user 0 :
I/PackageManager( 1568): Adding preferred activity ComponentInfo{com.android.mms/com.android.mms.ui.ComposeMessageActivity} for user 0 :
I/ActivityManager( 1568): Resuming delayed broadcast
W/ActivityManager( 1568): No content provider found for permission revoke: file:///sdcard/ripper.apk
W/ActivityManager( 1568): No content provider found for permission revoke: file:///sdcard/ripper.apk
I/PackageManager( 1568): Copying native libraries to /data/app-lib/vmdl186563809
I/PackageParser( 1568): it.unina.android.ripper: compat added android.permission.WRITE_EXTERNAL_STORAGE android.permission.READ_PHONE_STATE
I/ActivityManager( 1568): Force stopping it.unina.android.ripper appid=10090 user=-1: update pkg
I/PackageManager( 1568): Adding preferred activity ComponentInfo{com.android.mms/com.android.mms.ui.ComposeMessageActivity} for user 0 :
I/PackageManager( 1568): Adding preferred activity ComponentInfo{com.android.mms/com.android.mms.ui.ComposeMessageActivity} for user 0 :
I/ActivityManager( 1568): Delay finish: com.google.android.googlequicksearchbox/com.google.android.searchcommon.summons.icing.InternalIcingCorporaProvider$CorporaChangedReceiver
W/ActivityManager( 1568): Unable to start service Intent { act=com.google.android.gms.auth.key.retrieval.service.START pkg=com.google.android.gms } U=0: not found
W/ActivityManager( 1568): Unbind failed: could not find connection for android.os.BinderProxy@9d2581e0
D/BackupManagerService( 1568): Received broadcast Intent { act=android.intent.action.PACKAGE_ADDED dat=package:it.unina.android.ripper flg=0x4000010 (has extras) }
V/BackupManagerService( 1568): addPackageParticipantsLocked: #1
I/PackageManager( 1568): Adding preferred activity ComponentInfo{com.android.mms/com.android.mms.ui.ComposeMessageActivity} for user 0 :
I/PackageManager( 1568): Adding preferred activity ComponentInfo{com.android.mms/com.android.mms.ui.ComposeMessageActivity} for user 0 :
I/PackageManager( 1568): Adding preferred activity ComponentInfo{com.android.mms/com.android.mms.ui.ComposeMessageActivity} for user 0 :
I/PackageManager( 1568): Adding preferred activity ComponentInfo{com.android.mms/com.android.mms.ui.ComposeMessageActivity} for user 0 :
I/PackageManager( 1568): Adding preferred activity ComponentInfo{com.android.mms/com.android.mms.ui.ComposeMessageActivity} for user 0 :
I/PackageManager( 1568): Adding preferred activity ComponentInfo{com.android.mms/com.android.mms.ui.ComposeMessageActivity} for user 0 :
I/ActivityManager( 1568): Resuming delayed broadcast
I/ActivityManager( 1568): Force stopping com.serwylo.beatgame appid=10089 user=0: start instr
I/ActivityManager( 1568): Start proc com.serwylo.beatgame for added application com.serwylo.beatgame: pid=9472 uid=10089 gids={50089}
I/ActivityManager( 1568): START u0 {act=android.intent.action.MAIN flg=0x10000000 cmp=com.serwylo.beatgame/.AndroidLauncher} from pid 9472
W/ActivityManager( 1568): Activity start request from 10089 stopped
I/ActivityManager( 1568): Config changes=480 {1.0 310mcc260mnc en_US ldltr sw411dp w689dp h386dp 420dpi nrml land finger qwerty/v/v dpad/v s.36}
I/WindowManager( 1568): Screen frozen for +281ms due to Window{9d074cb0 u0 Starting com.serwylo.beatgame}
I/ActivityManager( 1568): Config changes=480 {1.0 310mcc260mnc en_US ldltr sw411dp w411dp h658dp 420dpi nrml port finger qwerty/v/v dpad/v s.37}
I/WindowManager( 1568): Screen frozen for +210ms due to Window{9d0bdbf8 u0 com.serwylo.beatgame/com.serwylo.beatgame.AndroidLauncher}
I/ActivityManager( 1568): Force stopping com.serwylo.beatgame appid=10089 user=0: clear data
I/ActivityManager( 1568): Killing 9472:com.serwylo.beatgame/u0a89 (adj 0): stop com.serwylo.beatgame
W/ActivityManager( 1568): Crash of app com.serwylo.beatgame running instrumentation ComponentInfo{it.unina.android.ripper/android.test.InstrumentationTestRunner}
I/ActivityManager( 1568): Force stopping com.serwylo.beatgame appid=10089 user=0: finished inst
I/ActivityManager( 1568): Force stopping com.serwylo.beatgame appid=10089 user=-1: uninstall pkg
W/PackageManager( 1568): Couldn't delete native library directory /data/app-lib/com.serwylo.beatgame
I/ActivityManager( 1568): Force stopping com.serwylo.beatgame appid=10089 user=0: pkg removed
I/PackageManager( 1568): Adding preferred activity ComponentInfo{com.android.mms/com.android.mms.ui.ComposeMessageActivity} for user 0 :
D/BackupManagerService( 1568): Received broadcast Intent { act=android.intent.action.PACKAGE_REMOVED dat=package:com.serwylo.beatgame flg=0x4000010 (has extras) }
V/BackupManagerService( 1568): removePackageParticipantsLocked: uid=10089 #1
I/PackageManager( 1568): Adding preferred activity ComponentInfo{com.android.mms/com.android.mms.ui.ComposeMessageActivity} for user 0 :
I/ActivityManager( 1568): Delay finish: com.google.android.gms/.games.chimera.GamesSystemBroadcastReceiverProxy
I/ActivityManager( 1568): Resuming delayed broadcast
I/PackageManager( 1568): Adding preferred activity ComponentInfo{com.android.mms/com.android.mms.ui.ComposeMessageActivity} for user 0 :
I/ActivityManager( 1568): Delay finish: com.google.android.googlequicksearchbox/com.google.android.searchcommon.summons.icing.InternalIcingCorporaProvider$CorporaChangedReceiver
I/PackageManager( 1568): Adding preferred activity ComponentInfo{com.android.mms/com.android.mms.ui.ComposeMessageActivity} for user 0 :
I/PackageManager( 1568): Adding preferred activity ComponentInfo{com.android.mms/com.android.mms.ui.ComposeMessageActivity} for user 0 :
I/PackageManager( 1568): Adding preferred activity ComponentInfo{com.android.mms/com.android.mms.ui.ComposeMessageActivity} for user 0 :
I/PackageManager( 1568): Adding preferred activity ComponentInfo{com.android.mms/com.android.mms.ui.ComposeMessageActivity} for user 0 :
I/PackageManager( 1568): Adding preferred activity ComponentInfo{com.android.mms/com.android.mms.ui.ComposeMessageActivity} for user 0 :
I/ActivityManager( 1568): Force stopping it.unina.android.ripper appid=10090 user=0: clear data
I/ActivityManager( 1568): Resuming delayed broadcast
W/ContextImpl( 3894): Calling a method in the system process without a qualified user: android.app.ContextImpl.startService:1479 android.content.ContextWrapper.startService:494 android.content.ContextWrapper.startService:494 com.android.keychain.KeyChainBroadcastReceiver.onReceive:12 android.app.ActivityThread.handleReceiver:2419 
I/ActivityManager( 1568): Force stopping it.unina.android.ripper appid=10090 user=-1: uninstall pkg
W/PackageManager( 1568): Couldn't delete native library directory /data/app-lib/it.unina.android.ripper
I/ActivityManager( 1568): Force stopping it.unina.android.ripper appid=10090 user=0: pkg removed
D/BackupManagerService( 1568): Received broadcast Intent { act=android.intent.action.PACKAGE_REMOVED dat=package:it.unina.android.ripper flg=0x4000010 (has extras) }
V/BackupManagerService( 1568): removePackageParticipantsLocked: uid=10090 #1
I/PackageManager( 1568): Adding preferred activity ComponentInfo{com.android.mms/com.android.mms.ui.ComposeMessageActivity} for user 0 :
I/ActivityManager( 1568): Delay finish: com.google.android.gms/.games.chimera.GamesSystemBroadcastReceiverProxy
I/PackageManager( 1568): Adding preferred activity ComponentInfo{com.android.mms/com.android.mms.ui.ComposeMessageActivity} for user 0 :
I/PackageManager( 1568): Adding preferred activity ComponentInfo{com.android.mms/com.android.mms.ui.ComposeMessageActivity} for user 0 :
I/ActivityManager( 1568): Resuming delayed broadcast
I/PackageManager( 1568): Adding preferred activity ComponentInfo{com.android.mms/com.android.mms.ui.ComposeMessageActivity} for user 0 :
I/ActivityManager( 1568): Delay finish: com.google.android.googlequicksearchbox/com.google.android.searchcommon.summons.icing.InternalIcingCorporaProvider$CorporaChangedReceiver
I/PackageManager( 1568): Adding preferred activity ComponentInfo{com.android.mms/com.android.mms.ui.ComposeMessageActivity} for user 0 :
I/PackageManager( 1568): Adding preferred activity ComponentInfo{com.android.mms/com.android.mms.ui.ComposeMessageActivity} for user 0 :
I/PackageManager( 1568): Adding preferred activity ComponentInfo{com.android.mms/com.android.mms.ui.ComposeMessageActivity} for user 0 :
I/PackageManager( 1568): Adding preferred activity ComponentInfo{com.android.mms/com.android.mms.ui.ComposeMessageActivity} for user 0 :
W/ActivityManager( 1568): No content provider found for permission revoke: file:///sdcard/aut.apk
I/ActivityManager( 1568): Resuming delayed broadcast
W/ContextImpl( 3894): Calling a method in the system process without a qualified user: android.app.ContextImpl.startService:1479 android.content.ContextWrapper.startService:494 android.content.ContextWrapper.startService:494 com.android.keychain.KeyChainBroadcastReceiver.onReceive:12 android.app.ActivityThread.handleReceiver:2419 
I/ActivityManager( 1568): Delay finish: com.android.keychain/.KeyChainBroadcastReceiver
I/ActivityManager( 1568): Resuming delayed broadcast
W/ActivityManager( 1568): No content provider found for permission revoke: file:///sdcard/aut.apk
I/PackageManager( 1568): Copying native libraries to /data/app-lib/vmdl-913653972
I/ActivityManager( 1568): Force stopping com.serwylo.beatgame appid=10091 user=-1: update pkg
I/PackageManager( 1568): Adding preferred activity ComponentInfo{com.android.mms/com.android.mms.ui.ComposeMessageActivity} for user 0 :
I/PackageManager( 1568): Adding preferred activity ComponentInfo{com.android.mms/com.android.mms.ui.ComposeMessageActivity} for user 0 :
I/PackageManager( 1568): Adding preferred activity ComponentInfo{com.android.mms/com.android.mms.ui.ComposeMessageActivity} for user 0 :
D/BackupManagerService( 1568): Received broadcast Intent { act=android.intent.action.PACKAGE_ADDED dat=package:com.serwylo.beatgame flg=0x4000010 (has extras) }
W/ActivityManager( 1568): Unable to start service Intent { act=com.google.android.gms.auth.key.retrieval.service.START pkg=com.google.android.gms } U=0: not found
W/ActivityManager( 1568): Unbind failed: could not find connection for android.os.BinderProxy@9d8fb090
V/BackupManagerService( 1568): addPackageParticipantsLocked: #1
I/ActivityManager( 1568): Delay finish: com.google.android.googlequicksearchbox/com.google.android.searchcommon.summons.icing.InternalIcingCorporaProvider$CorporaChangedReceiver
I/PackageManager( 1568): Adding preferred activity ComponentInfo{com.android.mms/com.android.mms.ui.ComposeMessageActivity} for user 0 :
I/PackageManager( 1568): Adding preferred activity ComponentInfo{com.android.mms/com.android.mms.ui.ComposeMessageActivity} for user 0 :
I/PackageManager( 1568): Adding preferred activity ComponentInfo{com.android.mms/com.android.mms.ui.ComposeMessageActivity} for user 0 :
I/PackageManager( 1568): Adding preferred activity ComponentInfo{com.android.mms/com.android.mms.ui.ComposeMessageActivity} for user 0 :
I/PackageManager( 1568): Adding preferred activity ComponentInfo{com.android.mms/com.android.mms.ui.ComposeMessageActivity} for user 0 :
I/ActivityManager( 1568): Resuming delayed broadcast
W/ActivityManager( 1568): No content provider found for permission revoke: file:///sdcard/ripper.apk
W/ActivityManager( 1568): No content provider found for permission revoke: file:///sdcard/ripper.apk
I/PackageManager( 1568): Copying native libraries to /data/app-lib/vmdl270582230
I/PackageParser( 1568): it.unina.android.ripper: compat added android.permission.WRITE_EXTERNAL_STORAGE android.permission.READ_PHONE_STATE
I/ActivityManager( 1568): Force stopping it.unina.android.ripper appid=10092 user=-1: update pkg
I/PackageManager( 1568): Adding preferred activity ComponentInfo{com.android.mms/com.android.mms.ui.ComposeMessageActivity} for user 0 :
I/PackageManager( 1568): Adding preferred activity ComponentInfo{com.android.mms/com.android.mms.ui.ComposeMessageActivity} for user 0 :
I/PackageManager( 1568): Adding preferred activity ComponentInfo{com.android.mms/com.android.mms.ui.ComposeMessageActivity} for user 0 :
I/PackageManager( 1568): Adding preferred activity ComponentInfo{com.android.mms/com.android.mms.ui.ComposeMessageActivity} for user 0 :
D/BackupManagerService( 1568): Received broadcast Intent { act=android.intent.action.PACKAGE_ADDED dat=package:it.unina.android.ripper flg=0x4000010 (has extras) }
I/PackageManager( 1568): Adding preferred activity ComponentInfo{com.android.mms/com.android.mms.ui.ComposeMessageActivity} for user 0 :
V/BackupManagerService( 1568): addPackageParticipantsLocked: #1
W/ActivityManager( 1568): Unable to start service Intent { act=com.google.android.gms.auth.key.retrieval.service.START pkg=com.google.android.gms } U=0: not found
I/ActivityManager( 1568): Delay finish: com.google.android.googlequicksearchbox/com.google.android.searchcommon.summons.icing.InternalIcingCorporaProvider$CorporaChangedReceiver
I/PackageManager( 1568): Adding preferred activity ComponentInfo{com.android.mms/com.android.mms.ui.ComposeMessageActivity} for user 0 :
W/ActivityManager( 1568): Unbind failed: could not find connection for android.os.BinderProxy@9d8066b8
I/PackageManager( 1568): Adding preferred activity ComponentInfo{com.android.mms/com.android.mms.ui.ComposeMessageActivity} for user 0 :
I/PackageManager( 1568): Adding preferred activity ComponentInfo{com.android.mms/com.android.mms.ui.ComposeMessageActivity} for user 0 :
I/ActivityManager( 1568): Resuming delayed broadcast
I/ActivityManager( 1568): Force stopping com.serwylo.beatgame appid=10091 user=0: start instr
I/ActivityManager( 1568): Start proc com.serwylo.beatgame for added application com.serwylo.beatgame: pid=9696 uid=10091 gids={50091}
I/ActivityManager( 1568): START u0 {act=android.intent.action.MAIN flg=0x10000000 cmp=com.serwylo.beatgame/.AndroidLauncher} from pid 9696
I/ActivityManager( 1568): Config changes=480 {1.0 310mcc260mnc en_US ldltr sw411dp w689dp h386dp 420dpi nrml land finger qwerty/v/v dpad/v s.38}
I/WindowManager( 1568): Screen frozen for +299ms due to Window{9d061528 u0 com.serwylo.beatgame/com.serwylo.beatgame.AndroidLauncher}
I/ActivityManager( 1568): Config changes=480 {1.0 310mcc260mnc en_US ldltr sw411dp w411dp h658dp 420dpi nrml port finger qwerty/v/v dpad/v s.39}
I/WindowManager( 1568): Screen frozen for +214ms due to Window{9d061528 u0 com.serwylo.beatgame/com.serwylo.beatgame.AndroidLauncher}
W/InputMethodManagerService( 1568): Window already focused, ignoring focus gain of: com.android.internal.view.IInputMethodClient$Stub$Proxy@9d2b3bf0 attribute=null, token = android.os.BinderProxy@9d2d1eb8
W/InputMethodManagerService( 1568): Window already focused, ignoring focus gain of: com.android.internal.view.IInputMethodClient$Stub$Proxy@9d731238 attribute=null, token = android.os.BinderProxy@9d2d1eb8
W/InputMethodManagerService( 1568): Window already focused, ignoring focus gain of: com.android.internal.view.IInputMethodClient$Stub$Proxy@9d3fe420 attribute=null, token = android.os.BinderProxy@9d2d1eb8
W/InputMethodManagerService( 1568): Window already focused, ignoring focus gain of: com.android.internal.view.IInputMethodClient$Stub$Proxy@9d3acff0 attribute=null, token = android.os.BinderProxy@9d2d1eb8
W/InputMethodManagerService( 1568): Window already focused, ignoring focus gain of: com.android.internal.view.IInputMethodClient$Stub$Proxy@9d4010b0 attribute=null, token = android.os.BinderProxy@9d2d1eb8
W/InputMethodManagerService( 1568): Window already focused, ignoring focus gain of: com.android.internal.view.IInputMethodClient$Stub$Proxy@9d2d0f88 attribute=null, token = android.os.BinderProxy@9d2d1eb8
I/ActivityManager( 1568): Force stopping com.serwylo.beatgame appid=10091 user=0: clear data
I/ActivityManager( 1568): Killing 9696:com.serwylo.beatgame/u0a91 (adj 0): stop com.serwylo.beatgame
W/ActivityManager( 1568): Crash of app com.serwylo.beatgame running instrumentation ComponentInfo{it.unina.android.ripper/android.test.InstrumentationTestRunner}
I/ActivityManager( 1568): Force stopping com.serwylo.beatgame appid=10091 user=0: finished inst
I/ActivityManager( 1568): Force stopping com.serwylo.beatgame appid=10091 user=-1: uninstall pkg
W/PackageManager( 1568): Couldn't delete native library directory /data/app-lib/com.serwylo.beatgame
I/ActivityManager( 1568): Force stopping com.serwylo.beatgame appid=10091 user=0: pkg removed
I/PackageManager( 1568): Adding preferred activity ComponentInfo{com.android.mms/com.android.mms.ui.ComposeMessageActivity} for user 0 :
I/PackageManager( 1568): Adding preferred activity ComponentInfo{com.android.mms/com.android.mms.ui.ComposeMessageActivity} for user 0 :
D/BackupManagerService( 1568): Received broadcast Intent { act=android.intent.action.PACKAGE_REMOVED dat=package:com.serwylo.beatgame flg=0x4000010 (has extras) }
V/BackupManagerService( 1568): removePackageParticipantsLocked: uid=10091 #1
I/PackageManager( 1568): Adding preferred activity ComponentInfo{com.android.mms/com.android.mms.ui.ComposeMessageActivity} for user 0 :
I/PackageManager( 1568): Adding preferred activity ComponentInfo{com.android.mms/com.android.mms.ui.ComposeMessageActivity} for user 0 :
I/PackageManager( 1568): Adding preferred activity ComponentInfo{com.android.mms/com.android.mms.ui.ComposeMessageActivity} for user 0 :
I/ActivityManager( 1568): Delay finish: com.google.android.googlequicksearchbox/com.google.android.searchcommon.summons.icing.InternalIcingCorporaProvider$CorporaChangedReceiver
I/PackageManager( 1568): Adding preferred activity ComponentInfo{com.android.mms/com.android.mms.ui.ComposeMessageActivity} for user 0 :
I/PackageManager( 1568): Adding preferred activity ComponentInfo{com.android.mms/com.android.mms.ui.ComposeMessageActivity} for user 0 :
I/PackageManager( 1568): Adding preferred activity ComponentInfo{com.android.mms/com.android.mms.ui.ComposeMessageActivity} for user 0 :
I/ActivityManager( 1568): Force stopping it.unina.android.ripper appid=10092 user=0: clear data
I/ActivityManager( 1568): Resuming delayed broadcast
W/ContextImpl( 3894): Calling a method in the system process without a qualified user: android.app.ContextImpl.startService:1479 android.content.ContextWrapper.startService:494 android.content.ContextWrapper.startService:494 com.android.keychain.KeyChainBroadcastReceiver.onReceive:12 android.app.ActivityThread.handleReceiver:2419 
I/ActivityManager( 1568): Delay finish: com.android.keychain/.KeyChainBroadcastReceiver
I/ActivityManager( 1568): Resuming delayed broadcast
I/ActivityManager( 1568): Force stopping it.unina.android.ripper appid=10092 user=-1: uninstall pkg
W/PackageManager( 1568): Couldn't delete native library directory /data/app-lib/it.unina.android.ripper
I/ActivityManager( 1568): Force stopping it.unina.android.ripper appid=10092 user=0: pkg removed
I/PackageManager( 1568): Adding preferred activity ComponentInfo{com.android.mms/com.android.mms.ui.ComposeMessageActivity} for user 0 :
D/BackupManagerService( 1568): Received broadcast Intent { act=android.intent.action.PACKAGE_REMOVED dat=package:it.unina.android.ripper flg=0x4000010 (has extras) }
V/BackupManagerService( 1568): removePackageParticipantsLocked: uid=10092 #1
I/PackageManager( 1568): Adding preferred activity ComponentInfo{com.android.mms/com.android.mms.ui.ComposeMessageActivity} for user 0 :
I/PackageManager( 1568): Adding preferred activity ComponentInfo{com.android.mms/com.android.mms.ui.ComposeMessageActivity} for user 0 :
I/PackageManager( 1568): Adding preferred activity ComponentInfo{com.android.mms/com.android.mms.ui.ComposeMessageActivity} for user 0 :
I/PackageManager( 1568): Adding preferred activity ComponentInfo{com.android.mms/com.android.mms.ui.ComposeMessageActivity} for user 0 :
I/ActivityManager( 1568): Delay finish: com.google.android.googlequicksearchbox/com.google.android.searchcommon.summons.icing.InternalIcingCorporaProvider$CorporaChangedReceiver
I/PackageManager( 1568): Adding preferred activity ComponentInfo{com.android.mms/com.android.mms.ui.ComposeMessageActivity} for user 0 :
I/PackageManager( 1568): Adding preferred activity ComponentInfo{com.android.mms/com.android.mms.ui.ComposeMessageActivity} for user 0 :
I/PackageManager( 1568): Adding preferred activity ComponentInfo{com.android.mms/com.android.mms.ui.ComposeMessageActivity} for user 0 :
W/ActivityManager( 1568): No content provider found for permission revoke: file:///sdcard/aut.apk
W/ActivityManager( 1568): No content provider found for permission revoke: file:///sdcard/aut.apk
I/PackageManager( 1568): Copying native libraries to /data/app-lib/vmdl664947527
I/ActivityManager( 1568): Resuming delayed broadcast
W/ContextImpl( 3894): Calling a method in the system process without a qualified user: android.app.ContextImpl.startService:1479 android.content.ContextWrapper.startService:494 android.content.ContextWrapper.startService:494 com.android.keychain.KeyChainBroadcastReceiver.onReceive:12 android.app.ActivityThread.handleReceiver:2419 
I/ActivityManager( 1568): Delay finish: com.android.keychain/.KeyChainBroadcastReceiver
I/ActivityManager( 1568): Resuming delayed broadcast
I/ActivityManager( 1568): Force stopping com.serwylo.beatgame appid=10093 user=-1: update pkg
I/PackageManager( 1568): Adding preferred activity ComponentInfo{com.android.mms/com.android.mms.ui.ComposeMessageActivity} for user 0 :
