D/dalvikvm(10577): GC_CONCURRENT freed 384K, 12% free 4466K/5064K, paused 0ms+0ms, total 2ms
V/RipperService( 4858): DSC
V/AndroidRipperService( 4858): mHandler.handleMessage() RECIVED
V/AndroidRipperService( 4858): broadcast()
I/AndroidRipper(10577): Recived message: DSC
V/AndroidRipperService( 4858): broadcast() done
V/        ( 4858): ready
V/AndroidRipperService( 4858): send()
D/dalvikvm( 1568): GC_FOR_ALLOC freed 1583K, 47% free 9190K/17140K, paused 14ms, total 14ms
V/RipperService( 4858): DSC
V/AndroidRipperService( 4858): mHandler.handleMessage() RECIVED
V/AndroidRipperService( 4858): broadcast()
V/AndroidRipperService( 4858): broadcast() done
V/        ( 4858): ready
I/AndroidRipper(10577): Recived message: DSC
V/AndroidRipperService( 4858): send()
D/dalvikvm( 4858): GC_CONCURRENT freed 402K, 18% free 3099K/3768K, paused 2ms+3ms, total 8ms
V/RipperService( 4858): DSC
V/AndroidRipperService( 4858): mHandler.handleMessage() RECIVED
V/AndroidRipperService( 4858): broadcast()
I/AndroidRipper(10577): Recived message: DSC
V/AndroidRipperService( 4858): broadcast() done
V/        ( 4858): ready
V/AndroidRipperService( 4858): send()
V/RipperService( 4858): DSC
V/AndroidRipperService( 4858): mHandler.handleMessage() RECIVED
V/AndroidRipperService( 4858): broadcast()
I/AndroidRipper(10577): Recived message: DSC
V/AndroidRipperService( 4858): broadcast() done
V/        ( 4858): ready
V/AndroidRipperService( 4858): send()
V/RipperService( 4858): DSC
V/AndroidRipperService( 4858): mHandler.handleMessage() RECIVED
V/AndroidRipperService( 4858): broadcast()
V/AndroidRipperService( 4858): broadcast() done
V/        ( 4858): ready
I/AndroidRipper(10577): Recived message: DSC
V/AndroidRipperService( 4858): send()
V/RipperService( 4858): DSC
V/AndroidRipperService( 4858): mHandler.handleMessage() RECIVED
V/AndroidRipperService( 4858): broadcast()
V/AndroidRipperService( 4858): broadcast() done
V/        ( 4858): ready
I/AndroidRipper(10577): Recived message: DSC
V/AndroidRipperService( 4858): send()
D/dalvikvm( 1568): GC_FOR_ALLOC freed 1530K, 47% free 9214K/17140K, paused 14ms, total 15ms
V/RipperService( 4858): DSC
V/AndroidRipperService( 4858): mHandler.handleMessage() RECIVED
V/AndroidRipperService( 4858): broadcast()
D/dalvikvm( 4858): GC_CONCURRENT freed 447K, 18% free 3100K/3768K, paused 0ms+1ms, total 4ms
I/AndroidRipper(10577): Recived message: DSC
V/AndroidRipperService( 4858): broadcast() done
V/        ( 4858): ready
V/AndroidRipperService( 4858): send()
V/RipperService( 4858): DSC
V/AndroidRipperService( 4858): mHandler.handleMessage() RECIVED
V/AndroidRipperService( 4858): broadcast()
I/AndroidRipper(10577): Recived message: DSC
V/AndroidRipperService( 4858): broadcast() done
V/        ( 4858): ready
V/AndroidRipperService( 4858): send()
V/RipperService( 4858): DSC
V/AndroidRipperService( 4858): mHandler.handleMessage() RECIVED
V/AndroidRipperService( 4858): broadcast()
V/AndroidRipperService( 4858): broadcast() done
V/        ( 4858): ready
I/AndroidRipper(10577): Recived message: DSC
V/AndroidRipperService( 4858): send()
V/RipperService( 4858): DSC
V/AndroidRipperService( 4858): mHandler.handleMessage() RECIVED
V/AndroidRipperService( 4858): broadcast()
V/AndroidRipperService( 4858): broadcast() done
V/        ( 4858): ready
I/AndroidRipper(10577): Recived message: DSC
V/AndroidRipperService( 4858): send()
V/RipperService( 4858): DSC
V/AndroidRipperService( 4858): mHandler.handleMessage() RECIVED
V/AndroidRipperService( 4858): broadcast()
D/dalvikvm( 4858): GC_CONCURRENT freed 439K, 18% free 3089K/3768K, paused 0ms+0ms, total 2ms
I/AndroidRipper(10577): Recived message: DSC
V/AndroidRipperService( 4858): broadcast() done
V/        ( 4858): ready
V/AndroidRipperService( 4858): send()
V/RipperService( 4858): DSC
V/AndroidRipperService( 4858): mHandler.handleMessage() RECIVED
V/AndroidRipperService( 4858): broadcast()
V/AndroidRipperService( 4858): broadcast() done
V/        ( 4858): ready
I/AndroidRipper(10577): Recived message: DSC
V/AndroidRipperService( 4858): send()
D/dalvikvm( 1568): GC_FOR_ALLOC freed 1559K, 47% free 9215K/17140K, paused 15ms, total 15ms
V/RipperService( 4858): DSC
V/AndroidRipperService( 4858): mHandler.handleMessage() RECIVED
V/AndroidRipperService( 4858): broadcast()
I/AndroidRipper(10577): Recived message: DSC
V/AndroidRipperService( 4858): broadcast() done
V/        ( 4858): ready
V/AndroidRipperService( 4858): send()
V/RipperService( 4858): DSC
V/AndroidRipperService( 4858): mHandler.handleMessage() RECIVED
V/AndroidRipperService( 4858): broadcast()
I/AndroidRipper(10577): Recived message: DSC
V/AndroidRipperService( 4858): broadcast() done
V/        ( 4858): ready
V/AndroidRipperService( 4858): send()
D/dalvikvm(10577): GC_CONCURRENT freed 386K, 12% free 4477K/5064K, paused 1ms+0ms, total 5ms
V/RipperService( 4858): DSC
V/AndroidRipperService( 4858): mHandler.handleMessage() RECIVED
V/AndroidRipperService( 4858): broadcast()
D/dalvikvm( 4858): GC_CONCURRENT freed 429K, 18% free 3090K/3768K, paused 0ms+0ms, total 2ms
I/AndroidRipper(10577): Recived message: DSC
V/AndroidRipperService( 4858): broadcast() done
V/        ( 4858): ready
V/AndroidRipperService( 4858): send()
V/RipperService( 4858): DSC
V/AndroidRipperService( 4858): mHandler.handleMessage() RECIVED
V/AndroidRipperService( 4858): broadcast()
V/AndroidRipperService( 4858): broadcast() done
V/        ( 4858): ready
I/AndroidRipper(10577): Recived message: DSC
V/AndroidRipperService( 4858): send()
V/RipperService( 4858): DSC
V/AndroidRipperService( 4858): mHandler.handleMessage() RECIVED
V/AndroidRipperService( 4858): broadcast()
V/AndroidRipperService( 4858): broadcast() done
V/        ( 4858): ready
I/AndroidRipper(10577): Recived message: DSC
V/AndroidRipperService( 4858): send()
V/RipperService( 4858): DSC
V/AndroidRipperService( 4858): mHandler.handleMessage() RECIVED
V/AndroidRipperService( 4858): broadcast()
V/AndroidRipperService( 4858): broadcast() done
V/        ( 4858): ready
I/AndroidRipper(10577): Recived message: DSC
V/AndroidRipperService( 4858): send()
D/dalvikvm( 1568): GC_FOR_ALLOC freed 1560K, 47% free 9215K/17140K, paused 12ms, total 12ms
V/RipperService( 4858): DSC
V/AndroidRipperService( 4858): mHandler.handleMessage() RECIVED
V/AndroidRipperService( 4858): broadcast()
D/dalvikvm( 4858): GC_CONCURRENT freed 429K, 18% free 3090K/3768K, paused 1ms+0ms, total 2ms
I/AndroidRipper(10577): Recived message: DSC
V/AndroidRipperService( 4858): broadcast() done
V/AndroidRipperService( 4858): send()
V/        ( 4858): ready
V/RipperService( 4858): DSC
V/AndroidRipperService( 4858): mHandler.handleMessage() RECIVED
V/AndroidRipperService( 4858): broadcast()
I/AndroidRipper(10577): Recived message: DSC
V/AndroidRipperService( 4858): broadcast() done
V/        ( 4858): ready
V/AndroidRipperService( 4858): send()
V/RipperService( 4858): DSC
V/AndroidRipperService( 4858): mHandler.handleMessage() RECIVED
V/AndroidRipperService( 4858): broadcast()
V/AndroidRipperService( 4858): broadcast() done
V/        ( 4858): ready
I/AndroidRipper(10577): Recived message: DSC
V/AndroidRipperService( 4858): send()
V/RipperService( 4858): DSC
V/AndroidRipperService( 4858): mHandler.handleMessage() RECIVED
V/AndroidRipperService( 4858): broadcast()
V/AndroidRipperService( 4858): broadcast() done
V/        ( 4858): ready
I/AndroidRipper(10577): Recived message: DSC
V/AndroidRipperService( 4858): send()
V/RipperService( 4858): DSC
V/AndroidRipperService( 4858): mHandler.handleMessage() RECIVED
V/AndroidRipperService( 4858): broadcast()
I/AndroidRipper(10577): Recived message: DSC
D/dalvikvm( 4858): GC_CONCURRENT freed 429K, 18% free 3090K/3768K, paused 1ms+2ms, total 5ms
V/AndroidRipperService( 4858): send()
V/AndroidRipperService( 4858): broadcast() done
V/        ( 4858): ready
V/RipperService( 4858): DSC
V/AndroidRipperService( 4858): mHandler.handleMessage() RECIVED
V/AndroidRipperService( 4858): broadcast()
I/AndroidRipper(10577): Recived message: DSC
V/AndroidRipperService( 4858): broadcast() done
V/        ( 4858): ready
V/AndroidRipperService( 4858): send()
D/dalvikvm( 1568): GC_FOR_ALLOC freed 1560K, 47% free 9215K/17140K, paused 9ms, total 9ms
V/RipperService( 4858): DSC
V/AndroidRipperService( 4858): mHandler.handleMessage() RECIVED
V/AndroidRipperService( 4858): broadcast()
I/AndroidRipper(10577): Recived message: DSC
V/AndroidRipperService( 4858): broadcast() done
V/        ( 4858): ready
V/AndroidRipperService( 4858): send()
V/RipperService( 4858): DSC
V/AndroidRipperService( 4858): mHandler.handleMessage() RECIVED
V/AndroidRipperService( 4858): broadcast()
V/AndroidRipperService( 4858): broadcast() done
V/        ( 4858): ready
I/AndroidRipper(10577): Recived message: DSC
V/AndroidRipperService( 4858): send()
V/RipperService( 4858): DSC
V/AndroidRipperService( 4858): mHandler.handleMessage() RECIVED
V/AndroidRipperService( 4858): broadcast()
D/dalvikvm( 4858): GC_CONCURRENT freed 429K, 18% free 3090K/3768K, paused 0ms+0ms, total 1ms
I/AndroidRipper(10577): Recived message: DSC
V/AndroidRipperService( 4858): broadcast() done
V/        ( 4858): ready
V/AndroidRipperService( 4858): send()
V/RipperService( 4858): DSC
V/AndroidRipperService( 4858): mHandler.handleMessage() RECIVED
V/AndroidRipperService( 4858): broadcast()
V/AndroidRipperService( 4858): broadcast() done
V/        ( 4858): ready
I/AndroidRipper(10577): Recived message: DSC
V/AndroidRipperService( 4858): send()
D/dalvikvm(10577): GC_CONCURRENT freed 419K, 13% free 4454K/5068K, paused 4ms+1ms, total 9ms
I/NetworkScheduler.Stats( 1777): Task com.google.android.gms/com.google.android.gms.auth.account.be.legacy.AuthCronService started execution. cause:4 exec_start_elapsed_seconds: 1122 [CONTEXT service_id=218 ]
W/Conscrypt( 1833): Could not set socket write timeout: java.net.SocketException: Socket closed
W/Conscrypt( 1833): 	at com.google.android.gms.org.conscrypt.Platform.setSocketWriteTimeout(:com.google.android.gms@202414005@20.24.14 (000700-319035315):2)
W/Conscrypt( 1833): 	at com.google.android.gms.org.conscrypt.ConscryptFileDescriptorSocket.setSoWriteTimeout(:com.google.android.gms@202414005@20.24.14 (000700-319035315):0)
W/Conscrypt( 1833): Could not set socket write timeout: java.net.SocketException: Socket closed
W/Conscrypt( 1833): 	at com.google.android.gms.org.conscrypt.Platform.setSocketWriteTimeout(:com.google.android.gms@202414005@20.24.14 (000700-319035315):2)
W/Conscrypt( 1833): 	at com.google.android.gms.org.conscrypt.ConscryptFileDescriptorSocket.setSoWriteTimeout(:com.google.android.gms@202414005@20.24.14 (000700-319035315):0)
W/GLSUser ( 1833): [AppCertManager] IOException while requesting key: 
W/GLSUser ( 1833): java.io.IOException: Invalid device key response.
W/GLSUser ( 1833): 	at gtl.a(:com.google.android.gms@202414005@20.24.14 (000700-319035315):49)
W/GLSUser ( 1833): 	at gtj.b(:com.google.android.gms@202414005@20.24.14 (000700-319035315):2)
W/GLSUser ( 1833): 	at gte.a(:com.google.android.gms@202414005@20.24.14 (000700-319035315):0)
W/GLSUser ( 1833): 	at gth.a(:com.google.android.gms@202414005@20.24.14 (000700-319035315):10)
W/GLSUser ( 1833): 	at eyt.call(:com.google.android.gms@202414005@20.24.14 (000700-319035315):0)
W/GLSUser ( 1833): 	at java.util.concurrent.FutureTask.run(FutureTask.java:237)
W/GLSUser ( 1833): 	at nlp.b(:com.google.android.gms@202414005@20.24.14 (000700-319035315):12)
W/GLSUser ( 1833): 	at nlp.run(:com.google.android.gms@202414005@20.24.14 (000700-319035315):7)
W/GLSUser ( 1833): 	at java.util.concurrent.ThreadPoolExecutor.runWorker(ThreadPoolExecutor.java:1112)
W/GLSUser ( 1833): 	at java.util.concurrent.ThreadPoolExecutor$Worker.run(ThreadPoolExecutor.java:587)
W/GLSUser ( 1833): 	at nrd.run(:com.google.android.gms@202414005@20.24.14 (000700-319035315):0)
W/GLSUser ( 1833): 	at java.lang.Thread.run(Thread.java:841)
I/NetworkScheduler.Stats( 1777): Task com.google.android.gms/com.google.android.gms.auth.account.be.legacy.AuthCronService finished executing. cause:4 result: 3 elapsed_millis: 243 uptime_millis: 243 exec_start_elapsed_seconds: 1122 [CONTEXT service_id=218 ]
V/RipperService( 4858): DSC
V/AndroidRipperService( 4858): mHandler.handleMessage() RECIVED
V/AndroidRipperService( 4858): broadcast()
V/AndroidRipperService( 4858): broadcast() done
V/        ( 4858): ready
I/AndroidRipper(10577): Recived message: DSC
V/AndroidRipperService( 4858): send()
V/RipperService( 4858): DSC
V/AndroidRipperService( 4858): mHandler.handleMessage() RECIVED
V/AndroidRipperService( 4858): broadcast()
I/AndroidRipper(10577): Recived message: DSC
V/AndroidRipperService( 4858): broadcast() done
V/        ( 4858): ready
V/AndroidRipperService( 4858): send()
D/dalvikvm( 1568): GC_FOR_ALLOC freed 1566K, 47% free 9204K/17140K, paused 14ms, total 14ms
V/RipperService( 4858): DSC
V/AndroidRipperService( 4858): mHandler.handleMessage() RECIVED
D/dalvikvm( 4858): GC_CONCURRENT freed 429K, 18% free 3090K/3768K, paused 3ms+2ms, total 7ms
V/AndroidRipperService( 4858): broadcast()
V/AndroidRipperService( 4858): broadcast() done
I/AndroidRipper(10577): Recived message: DSC
V/        ( 4858): ready
V/AndroidRipperService( 4858): send()
V/RipperService( 4858): DSC
V/AndroidRipperService( 4858): mHandler.handleMessage() RECIVED
V/AndroidRipperService( 4858): broadcast()
V/AndroidRipperService( 4858): broadcast() done
V/        ( 4858): ready
I/AndroidRipper(10577): Recived message: DSC
V/AndroidRipperService( 4858): send()
V/RipperService( 4858): DSC
V/AndroidRipperService( 4858): mHandler.handleMessage() RECIVED
V/AndroidRipperService( 4858): broadcast()
V/AndroidRipperService( 4858): broadcast() done
V/        ( 4858): ready
I/AndroidRipper(10577): Recived message: DSC
V/AndroidRipperService( 4858): send()
V/RipperService( 4858): DSC
V/AndroidRipperService( 4858): mHandler.handleMessage() RECIVED
V/AndroidRipperService( 4858): broadcast()
V/AndroidRipperService( 4858): broadcast() done
V/        ( 4858): ready
I/AndroidRipper(10577): Recived message: DSC
V/AndroidRipperService( 4858): send()
V/RipperService( 4858): DSC
V/AndroidRipperService( 4858): mHandler.handleMessage() RECIVED
V/AndroidRipperService( 4858): broadcast()
I/AndroidRipper(10577): Recived message: DSC
V/AndroidRipperService( 4858): broadcast() done
V/        ( 4858): ready
D/dalvikvm( 4858): GC_CONCURRENT freed 429K, 18% free 3113K/3768K, paused 0ms+0ms, total 2ms
V/AndroidRipperService( 4858): send()
D/dalvikvm( 1568): GC_FOR_ALLOC freed 1539K, 47% free 9222K/17140K, paused 8ms, total 8ms
V/RipperService( 4858): DSC
V/AndroidRipperService( 4858): mHandler.handleMessage() RECIVED
V/AndroidRipperService( 4858): broadcast()
I/AndroidRipper(10577): Recived message: DSC
V/AndroidRipperService( 4858): broadcast() done
V/        ( 4858): ready
V/AndroidRipperService( 4858): send()
V/RipperService( 4858): DSC
V/AndroidRipperService( 4858): mHandler.handleMessage() RECIVED
V/AndroidRipperService( 4858): broadcast()
V/AndroidRipperService( 4858): broadcast() done
V/        ( 4858): ready
I/AndroidRipper(10577): Recived message: DSC
V/AndroidRipperService( 4858): send()
V/RipperService( 4858): DSC
V/AndroidRipperService( 4858): mHandler.handleMessage() RECIVED
V/AndroidRipperService( 4858): broadcast()
V/AndroidRipperService( 4858): broadcast() done
I/AndroidRipper(10577): Recived message: DSC
V/        ( 4858): ready
V/AndroidRipperService( 4858): send()
V/RipperService( 4858): DSC
V/AndroidRipperService( 4858): mHandler.handleMessage() RECIVED
V/AndroidRipperService( 4858): broadcast()
D/dalvikvm( 4858): GC_CONCURRENT freed 460K, 19% free 3059K/3768K, paused 1ms+1ms, total 7ms
V/AndroidRipperService( 4858): broadcast() done
V/        ( 4858): ready
I/AndroidRipper(10577): Recived message: DSC
V/AndroidRipperService( 4858): send()
V/RipperService( 4858): DSC
V/AndroidRipperService( 4858): mHandler.handleMessage() RECIVED
V/AndroidRipperService( 4858): broadcast()
I/AndroidRipper(10577): Recived message: DSC
V/AndroidRipperService( 4858): broadcast() done
V/        ( 4858): ready
V/AndroidRipperService( 4858): send()
V/RipperService( 4858): DSC
V/AndroidRipperService( 4858): mHandler.handleMessage() RECIVED
V/AndroidRipperService( 4858): broadcast()
V/AndroidRipperService( 4858): broadcast() done
V/        ( 4858): ready
I/AndroidRipper(10577): Recived message: DSC
V/AndroidRipperService( 4858): send()
D/dalvikvm( 1568): GC_FOR_ALLOC freed 1565K, 47% free 9220K/17140K, paused 16ms, total 16ms
V/RipperService( 4858): DSC
V/AndroidRipperService( 4858): mHandler.handleMessage() RECIVED
V/AndroidRipperService( 4858): broadcast()
I/AndroidRipper(10577): Recived message: DSC
V/AndroidRipperService( 4858): broadcast() done
V/        ( 4858): ready
V/AndroidRipperService( 4858): send()
D/dalvikvm(10577): GC_CONCURRENT freed 374K, 12% free 4476K/5068K, paused 1ms+0ms, total 3ms
V/RipperService( 4858): DSC
V/AndroidRipperService( 4858): mHandler.handleMessage() RECIVED
D/dalvikvm( 4858): GC_CONCURRENT freed 398K, 18% free 3090K/3768K, paused 0ms+1ms, total 2ms
V/AndroidRipperService( 4858): broadcast()
I/AndroidRipper(10577): Recived message: DSC
V/AndroidRipperService( 4858): broadcast() done
V/        ( 4858): ready
V/AndroidRipperService( 4858): send()
V/RipperService( 4858): DSC
V/AndroidRipperService( 4858): mHandler.handleMessage() RECIVED
V/AndroidRipperService( 4858): broadcast()
I/AndroidRipper(10577): Recived message: DSC
V/AndroidRipperService( 4858): broadcast() done
V/        ( 4858): ready
V/AndroidRipperService( 4858): send()
V/RipperService( 4858): DSC
V/AndroidRipperService( 4858): mHandler.handleMessage() RECIVED
V/AndroidRipperService( 4858): broadcast()
V/AndroidRipperService( 4858): broadcast() done
V/        ( 4858): ready
I/AndroidRipper(10577): Recived message: DSC
V/AndroidRipperService( 4858): send()
V/RipperService( 4858): DSC
V/AndroidRipperService( 4858): mHandler.handleMessage() RECIVED
V/AndroidRipperService( 4858): broadcast()
V/AndroidRipperService( 4858): broadcast() done
V/        ( 4858): ready
I/AndroidRipper(10577): Recived message: DSC
V/AndroidRipperService( 4858): send()
V/RipperService( 4858): DSC
V/AndroidRipperService( 4858): mHandler.handleMessage() RECIVED
V/AndroidRipperService( 4858): broadcast()
I/AndroidRipper(10577): Recived message: DSC
V/AndroidRipperService( 4858): broadcast() done
V/        ( 4858): ready
V/AndroidRipperService( 4858): send()
D/dalvikvm( 4858): GC_CONCURRENT freed 429K, 18% free 3117K/3768K, paused 0ms+1ms, total 6ms
D/dalvikvm( 1568): GC_FOR_ALLOC freed 1562K, 47% free 9219K/17140K, paused 14ms, total 14ms
V/RipperService( 4858): DSC
V/AndroidRipperService( 4858): mHandler.handleMessage() RECIVED
V/AndroidRipperService( 4858): broadcast()
I/AndroidRipper(10577): Recived message: DSC
V/AndroidRipperService( 4858): send()
V/AndroidRipperService( 4858): broadcast() done
V/        ( 4858): ready
V/RipperService( 4858): DSC
V/AndroidRipperService( 4858): mHandler.handleMessage() RECIVED
V/AndroidRipperService( 4858): broadcast()
I/AndroidRipper(10577): Recived message: DSC
V/AndroidRipperService( 4858): broadcast() done
V/        ( 4858): ready
V/AndroidRipperService( 4858): send()
V/RipperService( 4858): DSC
V/AndroidRipperService( 4858): mHandler.handleMessage() RECIVED
V/AndroidRipperService( 4858): broadcast()
V/AndroidRipperService( 4858): broadcast() done
V/        ( 4858): ready
I/AndroidRipper(10577): Recived message: DSC
V/AndroidRipperService( 4858): send()
V/RipperService( 4858): DSC
V/AndroidRipperService( 4858): mHandler.handleMessage() RECIVED
V/AndroidRipperService( 4858): broadcast()
I/AndroidRipper(10577): Recived message: DSC
V/AndroidRipperService( 4858): broadcast() done
V/        ( 4858): ready
V/AndroidRipperService( 4858): send()
D/dalvikvm( 4858): GC_CONCURRENT freed 429K, 18% free 3118K/3768K, paused 2ms+0ms, total 4ms
V/RipperService( 4858): DSC
V/AndroidRipperService( 4858): mHandler.handleMessage() RECIVED
V/AndroidRipperService( 4858): broadcast()
V/AndroidRipperService( 4858): broadcast() done
V/        ( 4858): ready
I/AndroidRipper(10577): Recived message: DSC
V/AndroidRipperService( 4858): send()
V/RipperService( 4858): DSC
V/AndroidRipperService( 4858): mHandler.handleMessage() RECIVED
V/AndroidRipperService( 4858): broadcast()
V/AndroidRipperService( 4858): broadcast() done
V/        ( 4858): ready
I/AndroidRipper(10577): Recived message: DSC
V/AndroidRipperService( 4858): send()
D/dalvikvm( 1568): GC_FOR_ALLOC freed 1562K, 47% free 9219K/17140K, paused 8ms, total 8ms
V/RipperService( 4858): DSC
V/AndroidRipperService( 4858): mHandler.handleMessage() RECIVED
V/AndroidRipperService( 4858): broadcast()
I/AndroidRipper(10577): Recived message: DSC
V/AndroidRipperService( 4858): broadcast() done
V/        ( 4858): ready
V/AndroidRipperService( 4858): send()
V/RipperService( 4858): DSC
V/AndroidRipperService( 4858): mHandler.handleMessage() RECIVED
V/AndroidRipperService( 4858): broadcast()
V/AndroidRipperService( 4858): broadcast() done
V/        ( 4858): ready
I/AndroidRipper(10577): Recived message: DSC
D/dalvikvm( 4858): GC_CONCURRENT freed 429K, 18% free 3114K/3768K, paused 0ms+0ms, total 1ms
V/AndroidRipperService( 4858): send()
V/RipperService( 4858): DSC
V/AndroidRipperService( 4858): mHandler.handleMessage() RECIVED
V/AndroidRipperService( 4858): broadcast()
V/AndroidRipperService( 4858): broadcast() done
V/        ( 4858): ready
I/AndroidRipper(10577): Recived message: DSC
V/AndroidRipperService( 4858): send()
D/dalvikvm(10577): GC_CONCURRENT freed 406K, 12% free 4466K/5064K, paused 3ms+0ms, total 9ms
V/RipperService( 4858): DSC
V/AndroidRipperService( 4858): mHandler.handleMessage() RECIVED
V/AndroidRipperService( 4858): broadcast()
I/AndroidRipper(10577): Recived message: DSC
V/AndroidRipperService( 4858): broadcast() done
V/AndroidRipperService( 4858): send()
V/        ( 4858): ready
V/RipperService( 4858): DSC
V/AndroidRipperService( 4858): mHandler.handleMessage() RECIVED
V/AndroidRipperService( 4858): broadcast()
I/AndroidRipper(10577): Recived message: DSC
V/AndroidRipperService( 4858): broadcast() done
V/        ( 4858): ready
V/AndroidRipperService( 4858): send()
V/RipperService( 4858): DSC
V/AndroidRipperService( 4858): mHandler.handleMessage() RECIVED
V/AndroidRipperService( 4858): broadcast()
I/AndroidRipper(10577): Recived message: DSC
D/dalvikvm( 4858): GC_CONCURRENT freed 429K, 18% free 3090K/3768K, paused 0ms+0ms, total 2ms
V/AndroidRipperService( 4858): send()
V/AndroidRipperService( 4858): broadcast() done
V/        ( 4858): ready
D/dalvikvm( 1568): GC_FOR_ALLOC freed 1561K, 47% free 9219K/17140K, paused 14ms, total 14ms
V/RipperService( 4858): DSC
V/AndroidRipperService( 4858): mHandler.handleMessage() RECIVED
V/AndroidRipperService( 4858): broadcast()
V/AndroidRipperService( 4858): broadcast() done
V/        ( 4858): ready
I/AndroidRipper(10577): Recived message: DSC
V/AndroidRipperService( 4858): send()
V/RipperService( 4858): DSC
V/AndroidRipperService( 4858): mHandler.handleMessage() RECIVED
V/AndroidRipperService( 4858): broadcast()
I/AndroidRipper(10577): Recived message: DSC
V/AndroidRipperService( 4858): broadcast() done
V/        ( 4858): ready
V/AndroidRipperService( 4858): send()
V/RipperService( 4858): DSC
V/AndroidRipperService( 4858): mHandler.handleMessage() RECIVED
V/AndroidRipperService( 4858): broadcast()
I/AndroidRipper(10577): Recived message: DSC
V/AndroidRipperService( 4858): broadcast() done
V/        ( 4858): ready
V/AndroidRipperService( 4858): send()
D/dalvikvm( 4858): GC_CONCURRENT freed 388K, 19% free 3087K/3768K, paused 1ms+0ms, total 4ms
V/RipperService( 4858): DSC
V/AndroidRipperService( 4858): mHandler.handleMessage() RECIVED
V/AndroidRipperService( 4858): broadcast()
I/AndroidRipper(10577): Recived message: DSC
V/AndroidRipperService( 4858): broadcast() done
V/        ( 4858): ready
V/AndroidRipperService( 4858): send()
V/RipperService( 4858): DSC
V/AndroidRipperService( 4858): mHandler.handleMessage() RECIVED
V/AndroidRipperService( 4858): broadcast()
V/AndroidRipperService( 4858): broadcast() done
V/        ( 4858): ready
I/AndroidRipper(10577): Recived message: DSC
V/AndroidRipperService( 4858): send()
V/RipperService( 4858): DSC
V/AndroidRipperService( 4858): mHandler.handleMessage() RECIVED
V/AndroidRipperService( 4858): broadcast()
I/AndroidRipper(10577): Recived message: DSC
V/AndroidRipperService( 4858): send()
V/AndroidRipperService( 4858): broadcast() done
V/        ( 4858): ready
D/dalvikvm( 1568): GC_FOR_ALLOC freed 1562K, 47% free 9219K/17140K, paused 8ms, total 8ms
V/RipperService( 4858): DSC
V/AndroidRipperService( 4858): mHandler.handleMessage() RECIVED
V/AndroidRipperService( 4858): broadcast()
V/AndroidRipperService( 4858): broadcast() done
V/        ( 4858): ready
I/AndroidRipper(10577): Recived message: DSC
V/AndroidRipperService( 4858): send()
D/dalvikvm( 4858): GC_CONCURRENT freed 399K, 19% free 3082K/3768K, paused 0ms+1ms, total 2ms
V/RipperService( 4858): DSC
V/AndroidRipperService( 4858): mHandler.handleMessage() RECIVED
V/AndroidRipperService( 4858): broadcast()
I/AndroidRipper(10577): Recived message: DSC
V/AndroidRipperService( 4858): broadcast() done
V/        ( 4858): ready
V/AndroidRipperService( 4858): send()
D/EGL_emulation(10577): eglMakeCurrent: 0xb9048ad0: ver 3 0
E/EGL_emulation(10577): tid 10577: eglSurfaceAttrib(1199): error 0x3009 (EGL_BAD_MATCH)
W/HardwareRenderer(10577): Backbuffer cannot be preserved
W/InputMethodManagerService( 1568): Window already focused, ignoring focus gain of: com.android.internal.view.IInputMethodClient$Stub$Proxy@9d39bc98 attribute=null, token = android.os.BinderProxy@9d419330
V/RipperService( 4858): DSC
V/AndroidRipperService( 4858): mHandler.handleMessage() RECIVED
V/AndroidRipperService( 4858): broadcast()
I/AndroidRipper(10577): Recived message: DSC
V/AndroidRipperService( 4858): broadcast() done
V/        ( 4858): ready
I/AndroidRipper(10577): [b] Found widget: id=-1 (android.widget.LinearLayout{9d042bc8 V.E..... ........ 0,0-1080,1920})
I/AndroidRipper(10577): [b] Found widget: id=16909070 (android.view.ViewStub{9d047058 G.E..... ......I. 0,0-0,0 #102030e})
I/AndroidRipper(10577): [b] Found widget: id=16908290 (android.widget.FrameLayout{9d0474e8 V.E..... ........ 0,0-1080,1920 #1020002 android:id/content})
I/AndroidRipper(10577): [b] Found widget: id=-1 (com.badlogic.gdx.backends.android.surfaceview.GLSurfaceView20{9d0298e8 VFE..... .F...... 0,0-1080,1920})
I/AndroidRipper(10577): [b] Found widget: id=-1 (com.android.internal.policy.impl.PhoneWindow$DecorView{9d041f10 V.E..... R....... 0,0-1080,1920})
V/AndroidRipperService( 4858): send()
D/dalvikvm(10577): GC_CONCURRENT freed 427K, 13% free 4460K/5080K, paused 0ms+0ms, total 6ms
V/RipperService( 4858): EVT
V/AndroidRipperService( 4858): mHandler.handleMessage() RECIVED
V/AndroidRipperService( 4858): broadcast()
I/AndroidRipper(10577): Recived message: EVT
V/RipperTestCase(10577): START_EVENT[43|1629032542437]
V/AndroidRipperService( 4858): broadcast() done
V/        ( 4858): ready
D/dalvikvm(10577): GC_CONCURRENT freed 354K, 12% free 4542K/5160K, paused 1ms+1ms, total 6ms
D/dalvikvm( 1568): GC_FOR_ALLOC freed 1557K, 47% free 9223K/17140K, paused 15ms, total 15ms
D/dalvikvm(10577): GC_CONCURRENT freed 347K, 12% free 4640K/5240K, paused 3ms+0ms, total 10ms
V/AndroidRipperService( 4858): send()
V/RipperTestCase(10577): END_EVENT[43|1629032544951]
V/RipperService( 4858): PING
V/AndroidRipperService( 4858): mHandler.handleMessage() RECIVED
V/AndroidRipperService( 4858): broadcast()
I/AndroidRipper(10577): Recived message: PING
V/AndroidRipperService( 4858): broadcast() done
V/AndroidRipperService( 4858): send()
D/dalvikvm( 4858): GC_CONCURRENT freed 407K, 18% free 3092K/3768K, paused 1ms+0ms, total 3ms
V/        ( 4858): ready
V/RipperService( 4858): DSC
V/AndroidRipperService( 4858): mHandler.handleMessage() RECIVED
V/AndroidRipperService( 4858): broadcast()
I/AndroidRipper(10577): Recived message: DSC
V/AndroidRipperService( 4858): broadcast() done
V/        ( 4858): ready
I/AndroidRipper(10577): [b] Found widget: id=-1 (android.widget.LinearLayout{9d042bc8 V.E..... ........ 0,0-1080,1920})
I/AndroidRipper(10577): [b] Found widget: id=16909070 (android.view.ViewStub{9d047058 G.E..... ......I. 0,0-0,0 #102030e})
I/AndroidRipper(10577): [b] Found widget: id=16908290 (android.widget.FrameLayout{9d0474e8 V.E..... ........ 0,0-1080,1920 #1020002 android:id/content})
I/AndroidRipper(10577): [b] Found widget: id=-1 (com.badlogic.gdx.backends.android.surfaceview.GLSurfaceView20{9d0298e8 VFE..... .F...... 0,0-1080,1920})
I/AndroidRipper(10577): [b] Found widget: id=-1 (com.android.internal.policy.impl.PhoneWindow$DecorView{9d041f10 V.E..... R....... 0,0-1080,1920})
V/AndroidRipperService( 4858): send()
V/RipperService( 4858): EVT
V/AndroidRipperService( 4858): mHandler.handleMessage() RECIVED
V/AndroidRipperService( 4858): broadcast()
I/AndroidRipper(10577): Recived message: EVT
V/RipperTestCase(10577): START_EVENT[44|1629032545050]
V/AndroidRipperService( 4858): broadcast() done
V/        ( 4858): ready
D/dalvikvm(10577): GC_CONCURRENT freed 420K, 12% free 4646K/5260K, paused 0ms+4ms, total 7ms
D/dalvikvm( 1568): GC_FOR_ALLOC freed 1566K, 47% free 9219K/17140K, paused 15ms, total 15ms
D/dalvikvm(10577): GC_CONCURRENT freed 572K, 15% free 4561K/5340K, paused 3ms+0ms, total 9ms
V/AndroidRipperService( 4858): send()
V/RipperTestCase(10577): END_EVENT[44|1629032547563]
V/RipperService( 4858): PING
V/AndroidRipperService( 4858): mHandler.handleMessage() RECIVED
V/AndroidRipperService( 4858): broadcast()
I/AndroidRipper(10577): Recived message: PING
V/AndroidRipperService( 4858): send()
V/AndroidRipperService( 4858): broadcast() done
V/        ( 4858): ready
D/dalvikvm( 4858): GC_CONCURRENT freed 390K, 19% free 3089K/3768K, paused 2ms+1ms, total 5ms
V/RipperService( 4858): DSC
V/AndroidRipperService( 4858): mHandler.handleMessage() RECIVED
V/AndroidRipperService( 4858): broadcast()
I/AndroidRipper(10577): Recived message: DSC
V/AndroidRipperService( 4858): broadcast() done
V/        ( 4858): ready
I/AndroidRipper(10577): [b] Found widget: id=-1 (android.widget.LinearLayout{9d042bc8 V.E..... ........ 0,0-1080,1920})
I/AndroidRipper(10577): [b] Found widget: id=16909070 (android.view.ViewStub{9d047058 G.E..... ......I. 0,0-0,0 #102030e})
I/AndroidRipper(10577): [b] Found widget: id=16908290 (android.widget.FrameLayout{9d0474e8 V.E..... ........ 0,0-1080,1920 #1020002 android:id/content})
I/AndroidRipper(10577): [b] Found widget: id=-1 (com.badlogic.gdx.backends.android.surfaceview.GLSurfaceView20{9d0298e8 VFE..... .F...... 0,0-1080,1920})
I/AndroidRipper(10577): [b] Found widget: id=-1 (com.android.internal.policy.impl.PhoneWindow$DecorView{9d041f10 V.E..... R....... 0,0-1080,1920})
V/AndroidRipperService( 4858): send()
V/RipperService( 4858): EVT
V/AndroidRipperService( 4858): mHandler.handleMessage() RECIVED
V/AndroidRipperService( 4858): broadcast()
V/AndroidRipperService( 4858): broadcast() done
V/        ( 4858): ready
I/AndroidRipper(10577): Recived message: EVT
V/RipperTestCase(10577): START_EVENT[45|1629032547666]
D/dalvikvm(10577): GC_FOR_ALLOC freed 417K, 16% free 4513K/5340K, paused 7ms, total 8ms
I/dalvikvm-heap(10577): Grow heap (frag case) to 4.723MB for 138510-byte allocation
D/dalvikvm(10577): GC_FOR_ALLOC freed <1K, 16% free 4648K/5476K, paused 3ms, total 3ms
D/dalvikvm(10577): GC_CONCURRENT freed 426K, 15% free 4699K/5476K, paused 0ms+0ms, total 3ms
D/dalvikvm(10577): GC_CONCURRENT freed 482K, 14% free 4710K/5476K, paused 2ms+2ms, total 7ms
D/WorldCache(10577): Loaded precompiled world
D/gralloc_ranchu( 1144): gralloc_alloc: Creating ashmem region of size 1323008
D/dalvikvm( 1568): GC_FOR_ALLOC freed 1414K, 47% free 9194K/17140K, paused 22ms, total 22ms
I/AndroidGraphics(10577): paused
I/AndroidInput(10577): sensor listener tear down
I/AndroidGraphics(10577): Managed meshes/app: { }
I/AndroidGraphics(10577): Managed textures/app: { }
I/AndroidGraphics(10577): Managed cubemap/app: { }
I/AndroidGraphics(10577): Managed shaders/app: { }
I/AndroidGraphics(10577): Managed buffers/app: { }
I/AndroidGraphics(10577): destroyed
D/EGL_emulation( 1934): eglMakeCurrent: 0xb90d9630: ver 3 0
D/dalvikvm( 1568): GC_FOR_ALLOC freed 917K, 43% free 9833K/17140K, paused 7ms, total 8ms
D/EGL_emulation( 1934): eglMakeCurrent: 0xb90d9630: ver 3 0
E/EGL_emulation( 1934): tid 1934: eglSurfaceAttrib(1199): error 0x3009 (EGL_BAD_MATCH)
W/HardwareRenderer( 1934): Backbuffer cannot be preserved
W/IInputConnectionWrapper(10577): showStatusIcon on inactive InputConnection
D/dalvikvm( 1654): GC_FOR_ALLOC freed 18987K, 68% free 8763K/26728K, paused 3ms, total 3ms
I/dalvikvm-heap( 1654): Grow heap (frag case) to 11.672MB for 3072012-byte allocation
D/dalvikvm( 1654): GC_FOR_ALLOC freed 60K, 57% free 11702K/26728K, paused 2ms, total 2ms
D/dalvikvm( 1654): GC_FOR_ALLOC freed <1K, 57% free 11703K/26728K, paused 2ms, total 2ms
I/dalvikvm-heap( 1654): Grow heap (frag case) to 26.467MB for 15575052-byte allocation
D/dalvikvm( 1654): GC_FOR_ALLOC freed 0K, 36% free 26913K/41940K, paused 4ms, total 4ms
D/EGL_emulation(10577): eglMakeCurrent: 0xb9048ad0: ver 3 0
V/RipperService( 4858): END
V/AndroidRipperService( 4858): mHandler.handleMessage() RECIVED
V/AndroidRipperService( 4858): broadcast()
V/AndroidRipperService( 4858): broadcast() done
V/        ( 4858): ready
D/AndroidRuntime(12135): 
D/AndroidRuntime(12135): >>>>>> AndroidRuntime START com.android.internal.os.RuntimeInit <<<<<<
W/linker  (12135): libdvm.so has text relocations. This is wasting memory and is a security risk. Please fix.
D/AndroidRuntime(12135): CheckJNI is ON
D/dalvikvm(12135): Trying to load lib libjavacore.so 0x0
D/dalvikvm(12135): Added shared lib libjavacore.so 0x0
D/dalvikvm(12135): Trying to load lib libnativehelper.so 0x0
D/dalvikvm(12135): Added shared lib libnativehelper.so 0x0
D/dalvikvm(12135): No JNI_OnLoad found in libnativehelper.so 0x0, skipping init
D/dalvikvm(12135): Note: class Landroid/app/ActivityManagerNative; has 179 unimplemented (abstract) methods
E/memtrack(12135): Couldn't load memtrack module (No such file or directory)
E/android.os.Debug(12135): failed to load memtrack module: -2
D/AndroidRuntime(12135): Calling main entry com.android.commands.pm.Pm
D/AndroidRuntime(12135): Shutting down VM
D/dalvikvm(12135): GC_CONCURRENT freed 93K, 15% free 557K/652K, paused 0ms+0ms, total 1ms
D/AndroidRuntime(12146): 
D/AndroidRuntime(12146): >>>>>> AndroidRuntime START com.android.internal.os.RuntimeInit <<<<<<
W/linker  (12146): libdvm.so has text relocations. This is wasting memory and is a security risk. Please fix.
D/AndroidRuntime(12146): CheckJNI is ON
D/dalvikvm(12146): Trying to load lib libjavacore.so 0x0
D/dalvikvm(12146): Added shared lib libjavacore.so 0x0
D/dalvikvm(12146): Trying to load lib libnativehelper.so 0x0
D/dalvikvm(12146): Added shared lib libnativehelper.so 0x0
D/dalvikvm(12146): No JNI_OnLoad found in libnativehelper.so 0x0, skipping init
D/dalvikvm(12146): Note: class Landroid/app/ActivityManagerNative; has 179 unimplemented (abstract) methods
E/memtrack(12146): Couldn't load memtrack module (No such file or directory)
E/android.os.Debug(12146): failed to load memtrack module: -2
D/AndroidRuntime(12146): Calling main entry com.android.commands.pm.Pm
D/AndroidRuntime(10566): Shutting down VM
D/dalvikvm(10566): GC_CONCURRENT freed 96K, 15% free 557K/656K, paused 0ms+0ms, total 1ms
I/ActivityManager( 1568): Force stopping com.serwylo.beatgame appid=10095 user=0: clear data
I/ActivityManager( 1568): Killing 10577:com.serwylo.beatgame/u0a95 (adj 0): stop com.serwylo.beatgame
W/ActivityManager( 1568): Crash of app com.serwylo.beatgame running instrumentation ComponentInfo{it.unina.android.ripper/android.test.InstrumentationTestRunner}
I/GeofencerStateMachine( 1777): removeGeofences: removeRequest=RemoveGeofencingRequest[REMOVE_ALL packageName=com.serwylo.beatgame]
D/Documents( 3841): Used cached roots for com.android.providers.downloads.documents
D/Documents( 3841): Used cached roots for com.android.externalstorage.documents
D/Documents( 3841): Used cached roots for com.android.providers.media.documents
D/Documents( 3841): Update found 6 roots in 2ms
I/ActivityManager( 1568): Force stopping com.serwylo.beatgame appid=10095 user=0: finished inst
D/keystore( 1149): calling clear_uid in state: 3
D/AndroidRuntime(12146): Shutting down VM
I/Fitness ( 1777): FitCleanupIntentOperation received Intent android.intent.action.PACKAGE_DATA_CLEARED [CONTEXT service_id=17 ]
D/dalvikvm(12146): GC_CONCURRENT freed 92K, 15% free 549K/644K, paused 0ms+1ms, total 1ms
I/Icing   ( 2079): doRemovePackageData com.serwylo.beatgame
D/AndroidRuntime(12173): 
D/AndroidRuntime(12173): >>>>>> AndroidRuntime START com.android.internal.os.RuntimeInit <<<<<<
W/linker  (12173): libdvm.so has text relocations. This is wasting memory and is a security risk. Please fix.
D/AndroidRuntime(12173): CheckJNI is ON
D/dalvikvm(12173): Trying to load lib libjavacore.so 0x0
D/dalvikvm(12173): Added shared lib libjavacore.so 0x0
D/dalvikvm(12173): Trying to load lib libnativehelper.so 0x0
D/dalvikvm(12173): Added shared lib libnativehelper.so 0x0
D/dalvikvm(12173): No JNI_OnLoad found in libnativehelper.so 0x0, skipping init
D/dalvikvm(12173): Note: class Landroid/app/ActivityManagerNative; has 179 unimplemented (abstract) methods
E/memtrack(12173): Couldn't load memtrack module (No such file or directory)
E/android.os.Debug(12173): failed to load memtrack module: -2
D/AndroidRuntime(12173): Calling main entry com.android.commands.pm.Pm
I/ActivityManager( 1568): Force stopping com.serwylo.beatgame appid=10095 user=-1: uninstall pkg
W/PackageManager( 1568): Couldn't delete native library directory /data/app-lib/com.serwylo.beatgame
D/keystore( 1149): calling clear_uid in state: 3
I/ActivityManager( 1568): Force stopping com.serwylo.beatgame appid=10095 user=0: pkg removed
I/InputReader( 1568): Reconfiguring input devices.  changes=0x00000010
I/GeofencerStateMachine( 1777): removeGeofences: removeRequest=RemoveGeofencingRequest[REMOVE_ALL packageName=com.serwylo.beatgame]
W/Launcher.Model( 2207): Nobody to tell about the new app.  Launcher is probably loading.
D/Documents( 3841): Used cached roots for com.android.providers.downloads.documents
D/Documents( 3841): Used cached roots for com.android.externalstorage.documents
D/Documents( 3841): Used cached roots for com.android.providers.media.documents
D/Documents( 3841): Update found 6 roots in 2ms
I/PackageManager( 1568):   Action: "android.intent.action.SENDTO"
I/PackageManager( 1568):   Category: "android.intent.category.DEFAULT"
I/PackageManager( 1568):   Scheme: "sms"
I/PackageManager( 1568): Adding preferred activity ComponentInfo{com.android.mms/com.android.mms.ui.ComposeMessageActivity} for user 0 :
I/PackageManager( 1568):   Action: "android.intent.action.SENDTO"
I/PackageManager( 1568):   Category: "android.intent.category.DEFAULT"
I/PackageManager( 1568):   Scheme: "smsto"
D/VoicemailCleanupService( 1847): Cleaning up data for package: com.serwylo.beatgame
I/PackageManager( 1568): Adding preferred activity ComponentInfo{com.android.mms/com.android.mms.ui.ComposeMessageActivity} for user 0 :
D/BackupManagerService( 1568): Received broadcast Intent { act=android.intent.action.PACKAGE_REMOVED dat=package:com.serwylo.beatgame flg=0x4000010 (has extras) }
V/BackupManagerService( 1568): removePackageParticipantsLocked: uid=10095 #1
D/dalvikvm( 1797): GC_FOR_ALLOC freed 514K, 18% free 3641K/4396K, paused 2ms, total 2ms
I/PackageManager( 1568):   Action: "android.intent.action.SENDTO"
I/PackageManager( 1568):   Category: "android.intent.category.DEFAULT"
I/PackageManager( 1568):   Scheme: "mms"
I/PackageManager( 1568): Adding preferred activity ComponentInfo{com.android.mms/com.android.mms.ui.ComposeMessageActivity} for user 0 :
D/dalvikvm( 1568): GC_EXPLICIT freed 1584K, 42% free 9963K/17140K, paused 1ms+1ms, total 17ms
D/dalvikvm( 1568): WAIT_FOR_CONCURRENT_GC blocked 8ms
D/dalvikvm( 1568): WAIT_FOR_CONCURRENT_GC blocked 9ms
I/PackageManager( 1568):   Action: "android.intent.action.SENDTO"
I/PackageManager( 1568):   Category: "android.intent.category.DEFAULT"
I/PackageManager( 1568):   Scheme: "mmsto"
I/PackageManager( 1568): Adding preferred activity ComponentInfo{com.android.mms/com.android.mms.ui.ComposeMessageActivity} for user 0 :
I/PackageManager( 1568):   Action: "android.intent.action.SENDTO"
I/PackageManager( 1568):   Category: "android.intent.category.DEFAULT"
I/PackageManager( 1568):   Scheme: "sms"
I/Fitness ( 1777): FitCleanupIntentOperation received Intent android.intent.action.PACKAGE_REMOVED [CONTEXT service_id=17 ]
I/PackageManager( 1568):   Action: "android.intent.action.SENDTO"
I/PackageManager( 1568):   Category: "android.intent.category.DEFAULT"
I/PackageManager( 1568):   Scheme: "smsto"
I/PackageManager( 1568): Adding preferred activity ComponentInfo{com.android.mms/com.android.mms.ui.ComposeMessageActivity} for user 0 :
I/PackageManager( 1568): Adding preferred activity ComponentInfo{com.android.mms/com.android.mms.ui.ComposeMessageActivity} for user 0 :
D/dalvikvm( 1797): GC_FOR_ALLOC freed 409K, 17% free 3668K/4396K, paused 2ms, total 2ms
I/ContentMaintenance( 2079): Internal cache bytes used: 0; limit: 39526809; download size: 0
I/ActivityManager( 1568): Delay finish: com.google.android.googlequicksearchbox/com.google.android.searchcommon.summons.icing.InternalIcingCorporaProvider$CorporaChangedReceiver
I/Icing.InternalIcingCorporaProvider( 2178): Updating corpora: A: com.serwylo.beatgame, C: MAYBE
I/PackageManager( 1568):   Action: "android.intent.action.SENDTO"
I/PackageManager( 1568):   Category: "android.intent.category.DEFAULT"
I/PackageManager( 1568):   Scheme: "mms"
I/PackageManager( 1568):   Action: "android.intent.action.SENDTO"
I/PackageManager( 1568):   Category: "android.intent.category.DEFAULT"
I/PackageManager( 1568):   Scheme: "mmsto"
I/PackageManager( 1568): Adding preferred activity ComponentInfo{com.android.mms/com.android.mms.ui.ComposeMessageActivity} for user 0 :
I/PackageManager( 1568): Adding preferred activity ComponentInfo{com.android.mms/com.android.mms.ui.ComposeMessageActivity} for user 0 :
D/AndroidRuntime(12173): Shutting down VM
D/dalvikvm(12173): GC_CONCURRENT freed 92K, 15% free 549K/644K, paused 0ms+0ms, total 1ms
I/RealtimeCacheCleanup( 2079): Beginning Realtime garbage collection.
I/Icing   ( 2079): doRemovePackageData com.serwylo.beatgame
W/ContextImpl( 2178): Implicit intents with startService are not safe: Intent { act=com.google.android.gms.icing.INDEX_SERVICE } android.content.ContextWrapper.bindService:517 com.google.android.gms.internal.av.a:-1 com.google.android.gms.internal.au.connect:-1 
I/LatinIME:LogUtils( 1763): Dictionary info: dictionary = main:en ; version = 42 ; date = 1381226516
I/DownloadManager( 1858): Download 44 starting
W/DownloadManager( 1858): Aborting request for download 44: TYPE_DISALLOWED_BY_REQUESTOR
D/dalvikvm( 2079): GC_FOR_ALLOC freed 2168K, 13% free 21412K/24496K, paused 47ms, total 47ms
I/RealtimeCacheCleanup( 2079): Finished Realtime garbage collection.
I/Icing   ( 2079): IndexChimeraService.getServiceInterface callingPackage=com.google.android.googlequicksearchbox componentName=null serviceId=21
I/DownloadManager( 1858): Download 44 finished with status WAITING_FOR_NETWORK
W/Icing   ( 2079): No valid account for uploading user actions
I/Icing   ( 2079): Usage reports ok 0, Failed Usage reports 0, indexed 0, rejected 0
I/Icing   ( 2079): Indexing com.google.android.gms-apps from com.google.android.gms
I/Icing   ( 2079): Indexing com.google.android.gms-internal.3p:MobileApplication from com.google.android.gms
I/Icing   ( 2079): Indexing com.google.android.googlequicksearchbox-applications from com.google.android.googlequicksearchbox
I/Icing   ( 2079): Indexing done com.google.android.gms-apps
I/Icing   ( 2079): Indexing done com.google.android.gms-internal.3p:MobileApplication
I/Icing   ( 2079): Indexing done com.google.android.googlequicksearchbox-applications
D/AndroidRuntime(12196): 
D/AndroidRuntime(12196): >>>>>> AndroidRuntime START com.android.internal.os.RuntimeInit <<<<<<
W/linker  (12196): libdvm.so has text relocations. This is wasting memory and is a security risk. Please fix.
D/AndroidRuntime(12196): CheckJNI is ON
D/dalvikvm(12196): Trying to load lib libjavacore.so 0x0
D/dalvikvm(12196): Added shared lib libjavacore.so 0x0
D/dalvikvm(12196): Trying to load lib libnativehelper.so 0x0
D/dalvikvm(12196): Added shared lib libnativehelper.so 0x0
D/dalvikvm(12196): No JNI_OnLoad found in libnativehelper.so 0x0, skipping init
D/dalvikvm(12196): Note: class Landroid/app/ActivityManagerNative; has 179 unimplemented (abstract) methods
E/memtrack(12196): Couldn't load memtrack module (No such file or directory)
E/android.os.Debug(12196): failed to load memtrack module: -2
D/AndroidRuntime(12196): Calling main entry com.android.commands.pm.Pm
D/AndroidRuntime(12196): Shutting down VM
D/dalvikvm(12196): GC_CONCURRENT freed 93K, 15% free 557K/652K, paused 0ms+0ms, total 0ms
D/AndroidRuntime(12207): 
D/AndroidRuntime(12207): >>>>>> AndroidRuntime START com.android.internal.os.RuntimeInit <<<<<<
W/linker  (12207): libdvm.so has text relocations. This is wasting memory and is a security risk. Please fix.
D/AndroidRuntime(12207): CheckJNI is ON
D/dalvikvm(12207): Trying to load lib libjavacore.so 0x0
D/dalvikvm(12207): Added shared lib libjavacore.so 0x0
D/dalvikvm(12207): Trying to load lib libnativehelper.so 0x0
D/dalvikvm(12207): Added shared lib libnativehelper.so 0x0
D/dalvikvm(12207): No JNI_OnLoad found in libnativehelper.so 0x0, skipping init
D/dalvikvm(12207): Note: class Landroid/app/ActivityManagerNative; has 179 unimplemented (abstract) methods
E/memtrack(12207): Couldn't load memtrack module (No such file or directory)
E/android.os.Debug(12207): failed to load memtrack module: -2
D/AndroidRuntime(12207): Calling main entry com.android.commands.pm.Pm
I/ActivityManager( 1568): Force stopping it.unina.android.ripper appid=10096 user=0: clear data
D/keystore( 1149): calling clear_uid in state: 3
I/GeofencerStateMachine( 1777): removeGeofences: removeRequest=RemoveGeofencingRequest[REMOVE_ALL packageName=it.unina.android.ripper]
D/Documents( 3841): Used cached roots for com.android.providers.downloads.documents
D/Documents( 3841): Used cached roots for com.android.externalstorage.documents
D/Documents( 3841): Used cached roots for com.android.providers.media.documents
D/Documents( 3841): Update found 6 roots in 1ms
D/AndroidRuntime(12207): Shutting down VM
D/dalvikvm(12207): GC_CONCURRENT freed 92K, 15% free 549K/644K, paused 0ms+0ms, total 1ms
W/Launcher( 2207): setApplicationContext called twice! old=com.google.android.velvet.VelvetApplication@9cfffa70 new=com.google.android.velvet.VelvetApplication@9cfffa70
I/ActivityManager( 1568): Resuming delayed broadcast
W/ContextImpl( 3894): Calling a method in the system process without a qualified user: android.app.ContextImpl.startService:1479 android.content.ContextWrapper.startService:494 android.content.ContextWrapper.startService:494 com.android.keychain.KeyChainBroadcastReceiver.onReceive:12 android.app.ActivityThread.handleReceiver:2419 
I/ActivityManager( 1568): Delay finish: com.android.keychain/.KeyChainBroadcastReceiver
I/ActivityManager( 1568): Resuming delayed broadcast
I/Fitness ( 1777): FitCleanupIntentOperation received Intent android.intent.action.PACKAGE_DATA_CLEARED [CONTEXT service_id=17 ]
I/ActivityManager( 1568): Delay finish: com.android.documentsui/.PackageReceiver
I/ActivityManager( 1568): Resuming delayed broadcast
I/Icing   ( 2079): doRemovePackageData it.unina.android.ripper
D/dalvikvm( 1777): GC_FOR_ALLOC freed 2029K, 25% free 10012K/13264K, paused 12ms, total 12ms
D/AndroidRuntime(12224): 
D/AndroidRuntime(12224): >>>>>> AndroidRuntime START com.android.internal.os.RuntimeInit <<<<<<
W/linker  (12224): libdvm.so has text relocations. This is wasting memory and is a security risk. Please fix.
D/AndroidRuntime(12224): CheckJNI is ON
D/dalvikvm(12224): Trying to load lib libjavacore.so 0x0
D/dalvikvm(12224): Added shared lib libjavacore.so 0x0
D/dalvikvm(12224): Trying to load lib libnativehelper.so 0x0
D/dalvikvm(12224): Added shared lib libnativehelper.so 0x0
D/dalvikvm(12224): No JNI_OnLoad found in libnativehelper.so 0x0, skipping init
D/dalvikvm(12224): Note: class Landroid/app/ActivityManagerNative; has 179 unimplemented (abstract) methods
E/memtrack(12224): Couldn't load memtrack module (No such file or directory)
E/android.os.Debug(12224): failed to load memtrack module: -2
D/AndroidRuntime(12224): Calling main entry com.android.commands.pm.Pm
I/ActivityManager( 1568): Force stopping it.unina.android.ripper appid=10096 user=-1: uninstall pkg
W/PackageManager( 1568): Couldn't delete native library directory /data/app-lib/it.unina.android.ripper
D/keystore( 1149): calling clear_uid in state: 3
I/ActivityManager( 1568): Force stopping it.unina.android.ripper appid=10096 user=0: pkg removed
W/Launcher.Model( 2207): Nobody to tell about the new app.  Launcher is probably loading.
I/GeofencerStateMachine( 1777): removeGeofences: removeRequest=RemoveGeofencingRequest[REMOVE_ALL packageName=it.unina.android.ripper]
I/InputReader( 1568): Reconfiguring input devices.  changes=0x00000010
I/PackageManager( 1568):   Action: "android.intent.action.SENDTO"
I/PackageManager( 1568):   Category: "android.intent.category.DEFAULT"
I/PackageManager( 1568):   Scheme: "sms"
D/Documents( 3841): Used cached roots for com.android.providers.downloads.documents
D/Documents( 3841): Used cached roots for com.android.externalstorage.documents
D/Documents( 3841): Used cached roots for com.android.providers.media.documents
D/Documents( 3841): Update found 6 roots in 3ms
