W/dalvikvm( 2355): VFY: unable to resolve static method 3145: Landroid/system/Os;.readlink (Ljava/lang/String;)Ljava/lang/String;
D/dalvikvm( 2355): VFY: replacing opcode 0x71 at 0x0044
I/dalvikvm( 2355): Could not find method android.system.Os.symlink, referenced from method bse.a
W/dalvikvm( 2355): VFY: unable to resolve static method 3147: Landroid/system/Os;.symlink (Ljava/lang/String;Ljava/lang/String;)V
D/dalvikvm( 2355): VFY: replacing opcode 0x71 at 0x00b0
I/dalvikvm( 2355): Could not find method android.system.Os.stat, referenced from method bse.a
W/dalvikvm( 2355): VFY: unable to resolve static method 3146: Landroid/system/Os;.stat (Ljava/lang/String;)Landroid/system/StructStat;
D/dalvikvm( 2355): VFY: replacing opcode 0x71 at 0x0005
W/dalvikvm( 2355): VFY: unable to resolve static field 1615 (S_IXUSR) in Landroid/system/OsConstants;
D/dalvikvm( 2355): VFY: replacing opcode 0x60 at 0x0007
I/dalvikvm( 2355): Could not find method android.system.Os.stat, referenced from method bse.b
W/dalvikvm( 2355): VFY: unable to resolve static method 3146: Landroid/system/Os;.stat (Ljava/lang/String;)Landroid/system/StructStat;
D/dalvikvm( 2355): VFY: replacing opcode 0x71 at 0x0040
W/dalvikvm( 2355): VFY: unable to resolve static field 1612 (S_IRUSR) in Landroid/system/OsConstants;
D/dalvikvm( 2355): VFY: replacing opcode 0x60 at 0x0007
E/dalvikvm( 2405): Could not find class 'android.app.NotificationChannel', referenced from method com.google.android.apps.play.games.core.PlayGamesApplication.onCreate
W/dalvikvm( 2405): VFY: unable to resolve new-instance 420 (Landroid/app/NotificationChannel;) in Lcom/google/android/apps/play/games/core/PlayGamesApplication;
D/dalvikvm( 2405): VFY: replacing opcode 0x22 at 0x008d
E/dalvikvm( 2405): Could not find class 'android.app.NotificationChannelGroup', referenced from method com.google.android.apps.play.games.core.PlayGamesApplication.onCreate
W/dalvikvm( 2405): VFY: unable to resolve new-instance 421 (Landroid/app/NotificationChannelGroup;) in Lcom/google/android/apps/play/games/core/PlayGamesApplication;
D/dalvikvm( 2405): VFY: replacing opcode 0x22 at 0x0131
D/dalvikvm( 2405): DexOpt: couldn't find static field Landroid/os/Build;.SUPPORTED_ABIS
W/dalvikvm( 2405): VFY: unable to resolve static field 1664 (SUPPORTED_ABIS) in Landroid/os/Build;
D/dalvikvm( 2405): VFY: replacing opcode 0x62 at 0x01a4
E/dalvikvm( 2405): Could not find class 'android.app.NotificationChannel', referenced from method com.google.android.apps.play.games.core.PlayGamesApplication.onCreate
W/dalvikvm( 2405): VFY: unable to resolve new-instance 420 (Landroid/app/NotificationChannel;) in Lcom/google/android/apps/play/games/core/PlayGamesApplication;
D/dalvikvm( 2405): VFY: replacing opcode 0x22 at 0x03e6
D/dalvikvm( 2405): DexOpt: unable to opt direct call 0x0b8a at 0x98 in Lcom/google/android/apps/play/games/core/PlayGamesApplication;.onCreate
D/dalvikvm( 2405): DexOpt: unable to opt direct call 0x0b8a at 0xa9 in Lcom/google/android/apps/play/games/core/PlayGamesApplication;.onCreate
D/dalvikvm( 2405): DexOpt: unable to opt direct call 0x0b8a at 0xba in Lcom/google/android/apps/play/games/core/PlayGamesApplication;.onCreate
D/dalvikvm( 2405): DexOpt: unable to opt direct call 0x0b8a at 0xcb in Lcom/google/android/apps/play/games/core/PlayGamesApplication;.onCreate
D/dalvikvm( 2405): DexOpt: unable to opt direct call 0x0b8a at 0xdc in Lcom/google/android/apps/play/games/core/PlayGamesApplication;.onCreate
D/dalvikvm( 2405): DexOpt: unable to opt direct call 0x0b8a at 0xed in Lcom/google/android/apps/play/games/core/PlayGamesApplication;.onCreate
D/dalvikvm( 2405): DexOpt: unable to opt direct call 0x0b8a at 0x107 in Lcom/google/android/apps/play/games/core/PlayGamesApplication;.onCreate
D/dalvikvm( 2405): DexOpt: unable to opt direct call 0x0b95 at 0x135 in Lcom/google/android/apps/play/games/core/PlayGamesApplication;.onCreate
D/dalvikvm( 2405): DexOpt: unable to opt direct call 0x0b8a at 0x144 in Lcom/google/android/apps/play/games/core/PlayGamesApplication;.onCreate
D/dalvikvm( 2405): DexOpt: unable to opt direct call 0x0b8a at 0x160 in Lcom/google/android/apps/play/games/core/PlayGamesApplication;.onCreate
D/dalvikvm( 2405): DexOpt: unable to opt direct call 0x0b8a at 0x3eb in Lcom/google/android/apps/play/games/core/PlayGamesApplication;.onCreate
I/dalvikvm( 2405): Could not find method android.app.Notification.getChannelId, referenced from method keu.a
W/dalvikvm( 2405): VFY: unable to resolve virtual method 2951: Landroid/app/Notification;.getChannelId ()Ljava/lang/String;
D/dalvikvm( 2405): VFY: replacing opcode 0x6e at 0x0010
I/dalvikvm( 2405): Could not find method android.content.Context.createDeviceProtectedStorageContext, referenced from method hgf.a
W/dalvikvm( 2405): VFY: unable to resolve virtual method 3139: Landroid/content/Context;.createDeviceProtectedStorageContext ()Landroid/content/Context;
D/dalvikvm( 2405): VFY: replacing opcode 0x6e at 0x0029
I/dalvikvm( 2405): Could not find method android.content.Context.getSystemService, referenced from method hgf.a
W/dalvikvm( 2405): VFY: unable to resolve virtual method 3171: Landroid/content/Context;.getSystemService (Ljava/lang/Class;)Ljava/lang/Object;
D/dalvikvm( 2405): VFY: replacing opcode 0x6e at 0x0009
I/dalvikvm( 2405): Could not find method android.content.Context.createDeviceProtectedStorageContext, referenced from method nzv.a
W/dalvikvm( 2405): VFY: unable to resolve virtual method 3139: Landroid/content/Context;.createDeviceProtectedStorageContext ()Landroid/content/Context;
D/dalvikvm( 2405): VFY: replacing opcode 0x6e at 0x0031
I/dalvikvm( 2405): Could not find method android.content.Context.isDeviceProtectedStorage, referenced from method mlu.a
W/dalvikvm( 2405): VFY: unable to resolve virtual method 3177: Landroid/content/Context;.isDeviceProtectedStorage ()Z
D/dalvikvm( 2405): VFY: replacing opcode 0x6e at 0x0018
E/dalvikvm( 2405): Could not find class 'android.app.NotificationChannel', referenced from method fsr.a
W/dalvikvm( 2405): VFY: unable to resolve new-instance 420 (Landroid/app/NotificationChannel;) in Lfsr;
D/dalvikvm( 2405): VFY: replacing opcode 0x22 at 0x0236
D/dalvikvm( 2355): DexOpt: couldn't find static field Landroid/os/Build;.SUPPORTED_64_BIT_ABIS
W/dalvikvm( 2355): VFY: unable to resolve static field 1539 (SUPPORTED_64_BIT_ABIS) in Landroid/os/Build;
D/dalvikvm( 2355): VFY: replacing opcode 0x62 at 0x0214
D/dalvikvm( 2405): DexOpt: unable to opt direct call 0x0b8a at 0x23d in Lfsr;.a
E/GmscoreIpa( 2090): Query failed: 8: Not authorized to read requested corpora [CONTEXT service_id=255 ]
W/ProviderHelper( 2355): Unknown dynamite feature providerinstaller
I/dalvikvm( 2405): Failed resolving Lnok; interface 1015 'Landroid/view/Window$OnFrameMetricsAvailableListener;'
W/dalvikvm( 2405): Link of class 'Lnok;' failed
I/dalvikvm( 2405): Failed resolving Lnok; interface 1015 'Landroid/view/Window$OnFrameMetricsAvailableListener;'
W/dalvikvm( 2405): Link of class 'Lnok;' failed
I/dalvikvm( 2405): Failed resolving Lnok; interface 1015 'Landroid/view/Window$OnFrameMetricsAvailableListener;'
I/DynamiteModule( 2355): Considering local module providerinstaller:0 and remote module providerinstaller:0
W/ProviderInstaller( 2355): Failed to load providerinstaller module: No acceptable module found. Local version is 0 and remote version is 0.
I/dalvikvm( 2355): Could not find method android.content.ContextWrapper.createCredentialProtectedStorageContext, referenced from method nfr.createCredentialProtectedStorageContext
W/dalvikvm( 2355): VFY: unable to resolve virtual method 2508: Landroid/content/ContextWrapper;.createCredentialProtectedStorageContext ()Landroid/content/Context;
D/dalvikvm( 2355): VFY: replacing opcode 0x6f at 0x0002
I/dalvikvm( 2355): Could not find method android.content.ContextWrapper.createDeviceProtectedStorageContext, referenced from method nfr.createDeviceProtectedStorageContext
W/dalvikvm( 2355): VFY: unable to resolve virtual method 2509: Landroid/content/ContextWrapper;.createDeviceProtectedStorageContext ()Landroid/content/Context;
D/dalvikvm( 2355): VFY: replacing opcode 0x6f at 0x0002
W/dalvikvm( 2405): Link of class 'Lnok;' failed
W/dalvikvm( 2405): VFY: unable to resolve instance field 27376
D/dalvikvm( 2405): VFY: replacing opcode 0x5c at 0x06cf
D/dalvikvm( 2355): DexOpt: couldn't find static field Landroid/os/Build;.SUPPORTED_64_BIT_ABIS
W/dalvikvm( 2355): VFY: unable to resolve static field 1539 (SUPPORTED_64_BIT_ABIS) in Landroid/os/Build;
D/dalvikvm( 2355): VFY: replacing opcode 0x62 at 0x0080
D/dalvikvm( 2355): DexOpt: couldn't find static field Landroid/os/Build;.SUPPORTED_ABIS
W/dalvikvm( 2355): VFY: unable to resolve static field 1540 (SUPPORTED_ABIS) in Landroid/os/Build;
D/dalvikvm( 2355): VFY: replacing opcode 0x62 at 0x00d3
I/dalvikvm( 2405): Failed resolving Lnok; interface 1015 'Landroid/view/Window$OnFrameMetricsAvailableListener;'
W/dalvikvm( 2405): Link of class 'Lnok;' failed
V/NativeCrypto( 2355): Registering com/google/android/gms/org/conscrypt/NativeCrypto's 286 native methods...
I/dalvikvm( 2405): Failed resolving Lnok; interface 1015 'Landroid/view/Window$OnFrameMetricsAvailableListener;'
W/dalvikvm( 2405): Link of class 'Lnok;' failed
W/PrimesInit( 2405): Primes instant initialization
W/dalvikvm( 2355): Unable to resolve superclass of Lcom/google/android/gms/org/conscrypt/TrustManagerImpl; (5184)
W/dalvikvm( 2355): Link of class 'Lcom/google/android/gms/org/conscrypt/TrustManagerImpl;' failed
I/dalvikvm( 2355): Could not find method com.google.android.gms.org.conscrypt.TrustManagerImpl.getDefaultHostnameVerifier, referenced from method com.google.android.gms.org.conscrypt.Conscrypt.getDefaultHostnameVerifier
W/dalvikvm( 2355): VFY: unable to resolve static method 17870: Lcom/google/android/gms/org/conscrypt/TrustManagerImpl;.getDefaultHostnameVerifier ()Lcom/google/android/gms/org/conscrypt/ConscryptHostnameVerifier;
D/dalvikvm( 2355): VFY: replacing opcode 0x71 at 0x0003
W/dalvikvm( 2355): Unable to resolve superclass of Lcom/google/android/gms/org/conscrypt/TrustManagerImpl; (5184)
W/dalvikvm( 2355): Link of class 'Lcom/google/android/gms/org/conscrypt/TrustManagerImpl;' failed
W/dalvikvm( 2355): VFY: unable to find class referenced in signature (Lcom/google/android/gms/org/conscrypt/TrustManagerImpl;)
W/dalvikvm( 2355): Unable to resolve superclass of Lcom/google/android/gms/org/conscrypt/TrustManagerImpl; (5184)
W/dalvikvm( 2355): Link of class 'Lcom/google/android/gms/org/conscrypt/TrustManagerImpl;' failed
I/dalvikvm( 2355): Could not find method com.google.android.gms.org.conscrypt.TrustManagerImpl.getHostnameVerifier, referenced from method com.google.android.gms.org.conscrypt.Conscrypt.getHostnameVerifier
W/dalvikvm( 2355): VFY: unable to resolve virtual method 17872: Lcom/google/android/gms/org/conscrypt/TrustManagerImpl;.getHostnameVerifier ()Lcom/google/android/gms/org/conscrypt/ConscryptHostnameVerifier;
D/dalvikvm( 2355): VFY: replacing opcode 0x6e at 0x0004
W/dalvikvm( 2355): Unable to resolve superclass of Lcom/google/android/gms/org/conscrypt/TrustManagerImpl; (5184)
W/dalvikvm( 2355): Link of class 'Lcom/google/android/gms/org/conscrypt/TrustManagerImpl;' failed
E/dalvikvm( 2355): Could not find class 'com.google.android.gms.org.conscrypt.TrustManagerImpl', referenced from method com.google.android.gms.org.conscrypt.Conscrypt.isConscrypt
W/dalvikvm( 2355): VFY: unable to resolve instanceof 4452 (Lcom/google/android/gms/org/conscrypt/TrustManagerImpl;) in Lcom/google/android/gms/org/conscrypt/Conscrypt;
D/dalvikvm( 2355): VFY: replacing opcode 0x20 at 0x0000
D/dalvikvm( 2405): GC_FOR_ALLOC freed 370K, 16% free 3136K/3692K, paused 1ms, total 1ms
I/dalvikvm( 2405): Could not find method android.app.AppOpsManager.permissionToOp, referenced from method rr.a
W/dalvikvm( 2405): VFY: unable to resolve static method 2785: Landroid/app/AppOpsManager;.permissionToOp (Ljava/lang/String;)Ljava/lang/String;
D/dalvikvm( 2405): VFY: replacing opcode 0x71 at 0x000e
I/dalvikvm( 2405): Could not find method android.content.Context.getSystemService, referenced from method rr.a
W/dalvikvm( 2405): VFY: unable to resolve virtual method 3171: Landroid/content/Context;.getSystemService (Ljava/lang/Class;)Ljava/lang/Object;
D/dalvikvm( 2405): VFY: replacing opcode 0x6e at 0x002b
W/Primes  ( 2405): background initialization
D/dalvikvm( 2355): GC_FOR_ALLOC freed 467K, 18% free 3171K/3824K, paused 2ms, total 8ms
W/dalvikvm( 2355): Unable to resolve superclass of Lcom/google/android/gms/org/conscrypt/TrustManagerImpl; (5184)
W/dalvikvm( 2355): Link of class 'Lcom/google/android/gms/org/conscrypt/TrustManagerImpl;' failed
I/dalvikvm( 2355): Could not find method com.google.android.gms.org.conscrypt.TrustManagerImpl.setDefaultHostnameVerifier, referenced from method com.google.android.gms.org.conscrypt.Conscrypt.setDefaultHostnameVerifier
W/dalvikvm( 2355): VFY: unable to resolve static method 17882: Lcom/google/android/gms/org/conscrypt/TrustManagerImpl;.setDefaultHostnameVerifier (Lcom/google/android/gms/org/conscrypt/ConscryptHostnameVerifier;)V
D/dalvikvm( 2355): VFY: replacing opcode 0x71 at 0x0003
W/dalvikvm( 2355): Unable to resolve superclass of Lcom/google/android/gms/org/conscrypt/TrustManagerImpl; (5184)
W/dalvikvm( 2355): Link of class 'Lcom/google/android/gms/org/conscrypt/TrustManagerImpl;' failed
W/dalvikvm( 2355): VFY: unable to find class referenced in signature (Lcom/google/android/gms/org/conscrypt/TrustManagerImpl;)
W/dalvikvm( 2355): Unable to resolve superclass of Lcom/google/android/gms/org/conscrypt/TrustManagerImpl; (5184)
W/dalvikvm( 2355): Link of class 'Lcom/google/android/gms/org/conscrypt/TrustManagerImpl;' failed
I/dalvikvm( 2355): Could not find method com.google.android.gms.org.conscrypt.TrustManagerImpl.setHostnameVerifier, referenced from method com.google.android.gms.org.conscrypt.Conscrypt.setHostnameVerifier
W/dalvikvm( 2355): VFY: unable to resolve virtual method 17883: Lcom/google/android/gms/org/conscrypt/TrustManagerImpl;.setHostnameVerifier (Lcom/google/android/gms/org/conscrypt/ConscryptHostnameVerifier;)V
D/dalvikvm( 2355): VFY: replacing opcode 0x6e at 0x0004
W/dalvikvm( 2355): Unable to resolve superclass of Lcom/google/android/gms/org/conscrypt/TrustManagerImpl; (5184)
W/dalvikvm( 2355): Link of class 'Lcom/google/android/gms/org/conscrypt/TrustManagerImpl;' failed
E/dalvikvm( 2355): Could not find class 'com.google.android.gms.org.conscrypt.TrustManagerImpl', referenced from method com.google.android.gms.org.conscrypt.Conscrypt.toConscrypt
W/dalvikvm( 2355): VFY: unable to resolve check-cast 4452 (Lcom/google/android/gms/org/conscrypt/TrustManagerImpl;) in Lcom/google/android/gms/org/conscrypt/Conscrypt;
D/dalvikvm( 2355): VFY: replacing opcode 0x1f at 0x002a
E/dalvikvm( 2090): Could not find class 'android.app.usage.UsageStatsManager', referenced from method vha.a
W/dalvikvm( 2090): VFY: unable to resolve const-class 1242 (Landroid/app/usage/UsageStatsManager;) in Lvha;
D/dalvikvm( 2090): VFY: replacing opcode 0x1c at 0x0009
I/dalvikvm( 1776): Could not find method android.content.Context.createDeviceProtectedStorageContext, referenced from method vhu.a
W/dalvikvm( 1776): VFY: unable to resolve virtual method 4497: Landroid/content/Context;.createDeviceProtectedStorageContext ()Landroid/content/Context;
D/dalvikvm( 1776): VFY: replacing opcode 0x6e at 0x001b
I/dalvikvm( 2405): Could not find method android.content.Context.getSystemService, referenced from method mry.a
W/dalvikvm( 2405): VFY: unable to resolve virtual method 3171: Landroid/content/Context;.getSystemService (Ljava/lang/Class;)Ljava/lang/Object;
D/dalvikvm( 2405): VFY: replacing opcode 0x6e at 0x001a
I/dalvikvm( 2405): Could not find method android.os.UserManager.isUserUnlocked, referenced from method mry.a
E/dalvikvm( 1776): Could not find class 'android.app.usage.UsageStatsManager', referenced from method vha.a
W/dalvikvm( 2405): VFY: unable to resolve virtual method 4621: Landroid/os/UserManager;.isUserUnlocked ()Z
D/dalvikvm( 2405): VFY: replacing opcode 0x6e at 0x0030
I/dalvikvm( 2405): Could not find method android.content.Context.isDeviceProtectedStorage, referenced from method mry.b
W/dalvikvm( 2405): VFY: unable to resolve virtual method 3177: Landroid/content/Context;.isDeviceProtectedStorage ()Z
D/dalvikvm( 2405): VFY: replacing opcode 0x6e at 0x0000
W/dalvikvm( 1776): VFY: unable to resolve const-class 1242 (Landroid/app/usage/UsageStatsManager;) in Lvha;
D/dalvikvm( 1776): VFY: replacing opcode 0x1c at 0x0009
D/dalvikvm( 1838): GC_EXPLICIT freed 146K, 29% free 5380K/7568K, paused 0ms+6ms, total 11ms
I/GCoreUlr( 1776): WorldUpdater:android.location.PROVIDERS_CHANGED: Ensuring that reporting is stopped because of reasons: (no Google accounts)
I/Herrevad( 1776): [69] wkz.a: updateListenState
D/dalvikvm( 2355): GC_FOR_ALLOC freed 291K, 13% free 3393K/3872K, paused 2ms, total 2ms
I/dalvikvm( 2405): Could not find method android.content.pm.PackageManager.getPackageInstaller, referenced from method gzw.a
W/dalvikvm( 2405): VFY: unable to resolve virtual method 3338: Landroid/content/pm/PackageManager;.getPackageInstaller ()Landroid/content/pm/PackageInstaller;
D/dalvikvm( 2405): VFY: replacing opcode 0x6e at 0x0024
I/GCM-GMS ( 2090): Scheduling task to register GMS
I/GCoreUlr( 1776): Unbound from all signal providers.
I/CalendarProvider2( 2341): Sending notification intent: Intent { act=android.intent.action.PROVIDER_CHANGED dat=content://com.android.calendar }
W/ContentResolver( 2341): Failed to get type for: content://com.android.calendar (Unknown URL content://com.android.calendar)
I/GAv4-SVC( 2405): Google Analytics 16.9.98 is starting up.
E/dalvikvm( 2405): Could not find class 'android.app.job.JobScheduler', referenced from method gss.e
W/dalvikvm( 2405): VFY: unable to resolve check-cast 443 (Landroid/app/job/JobScheduler;) in Lgss;
D/dalvikvm( 2405): VFY: replacing opcode 0x1f at 0x00d7
E/dalvikvm( 2405): Could not find class 'android.app.job.JobScheduler', referenced from method gss.b
W/dalvikvm( 2405): VFY: unable to resolve check-cast 443 (Landroid/app/job/JobScheduler;) in Lgss;
D/dalvikvm( 2405): VFY: replacing opcode 0x1f at 0x02b1
E/dalvikvm( 2405): Could not find class 'android.app.job.JobScheduler', referenced from method gss.b
W/dalvikvm( 2405): VFY: unable to resolve check-cast 443 (Landroid/app/job/JobScheduler;) in Lgss;
D/dalvikvm( 2405): VFY: replacing opcode 0x1f at 0x0672
I/PrimesTesting( 2405): GserviceFlagsSupplier.get()
E/dalvikvm( 2405): Could not find class 'android.app.job.JobScheduler', referenced from method gss.b
W/dalvikvm( 2405): VFY: unable to resolve check-cast 443 (Landroid/app/job/JobScheduler;) in Lgss;
D/dalvikvm( 2405): VFY: replacing opcode 0x1f at 0x0866
E/dalvikvm( 2405): Could not find class 'android.app.job.JobScheduler', referenced from method gss.b
W/dalvikvm( 2405): VFY: unable to resolve check-cast 443 (Landroid/app/job/JobScheduler;) in Lgss;
D/dalvikvm( 2405): VFY: replacing opcode 0x1f at 0x0906
E/dalvikvm( 2405): Could not find class 'android.app.job.JobScheduler', referenced from method gss.b
W/dalvikvm( 2405): VFY: unable to resolve check-cast 443 (Landroid/app/job/JobScheduler;) in Lgss;
D/dalvikvm( 2405): VFY: replacing opcode 0x1f at 0x095c
E/dalvikvm( 2405): Could not find class 'android.app.job.JobScheduler', referenced from method gss.b
W/dalvikvm( 2405): VFY: unable to resolve check-cast 443 (Landroid/app/job/JobScheduler;) in Lgss;
D/dalvikvm( 2405): VFY: replacing opcode 0x1f at 0x09fc
E/dalvikvm( 2405): Could not find class 'android.app.job.JobScheduler', referenced from method gss.b
W/dalvikvm( 2405): VFY: unable to resolve check-cast 443 (Landroid/app/job/JobScheduler;) in Lgss;
D/dalvikvm( 2405): VFY: replacing opcode 0x1f at 0x0a1e
E/dalvikvm( 2405): Could not find class 'android.app.job.JobScheduler', referenced from method gss.b
W/dalvikvm( 2405): VFY: unable to resolve check-cast 443 (Landroid/app/job/JobScheduler;) in Lgss;
D/dalvikvm( 2405): VFY: replacing opcode 0x1f at 0x0a40
E/dalvikvm( 2405): Could not find class 'android.app.job.JobScheduler', referenced from method gss.b
W/dalvikvm( 2405): VFY: unable to resolve check-cast 443 (Landroid/app/job/JobScheduler;) in Lgss;
D/dalvikvm( 2405): VFY: replacing opcode 0x1f at 0x0a62
E/dalvikvm( 2405): Could not find class 'android.app.job.JobScheduler', referenced from method gss.b
W/dalvikvm( 2405): VFY: unable to resolve check-cast 443 (Landroid/app/job/JobScheduler;) in Lgss;
D/dalvikvm( 2405): VFY: replacing opcode 0x1f at 0x0ae8
E/dalvikvm( 2405): Could not find class 'android.app.job.JobScheduler', referenced from method gss.b
W/dalvikvm( 2405): VFY: unable to resolve check-cast 443 (Landroid/app/job/JobScheduler;) in Lgss;
D/dalvikvm( 2405): VFY: replacing opcode 0x1f at 0x0b20
E/dalvikvm( 2405): Could not find class 'android.app.job.JobScheduler', referenced from method gss.c
W/dalvikvm( 2405): VFY: unable to resolve check-cast 443 (Landroid/app/job/JobScheduler;) in Lgss;
D/dalvikvm( 2405): VFY: replacing opcode 0x1f at 0x0077
E/dalvikvm( 2405): Could not find class 'android.app.job.JobScheduler', referenced from method gss.c
W/dalvikvm( 2405): VFY: unable to resolve check-cast 443 (Landroid/app/job/JobScheduler;) in Lgss;
D/dalvikvm( 2405): VFY: replacing opcode 0x1f at 0x012a
E/dalvikvm( 2405): Could not find class 'android.app.job.JobScheduler', referenced from method gss.c
W/dalvikvm( 2405): VFY: unable to resolve check-cast 443 (Landroid/app/job/JobScheduler;) in Lgss;
D/dalvikvm( 2405): VFY: replacing opcode 0x1f at 0x0327
E/dalvikvm( 2405): Could not find class 'android.app.job.JobScheduler', referenced from method gtk.u_
W/dalvikvm( 2405): VFY: unable to resolve check-cast 443 (Landroid/app/job/JobScheduler;) in Lgtk;
D/dalvikvm( 2405): VFY: replacing opcode 0x1f at 0x0080
D/dalvikvm( 2355): GC_FOR_ALLOC freed 135K, 9% free 3755K/4092K, paused 4ms, total 4ms
W/dalvikvm( 1776): VFY: unable to find class referenced in signature (Landroid/net/Network;)
W/dalvikvm( 1776): VFY: unable to find class referenced in signature (Landroid/net/Network;)
I/dalvikvm( 1776): Could not find method android.net.Network.openConnection, referenced from method wna.a
W/dalvikvm( 1776): VFY: unable to resolve virtual method 5072: Landroid/net/Network;.openConnection (Ljava/net/URL;)Ljava/net/URLConnection;
D/dalvikvm( 1776): VFY: replacing opcode 0x6e at 0x008f
I/dalvikvm( 2405): Could not find method android.app.NotificationManager.getNotificationChannel, referenced from method gzd.a
W/dalvikvm( 2405): VFY: unable to resolve virtual method 2974: Landroid/app/NotificationManager;.getNotificationChannel (Ljava/lang/String;)Landroid/app/NotificationChannel;
D/dalvikvm( 2405): VFY: replacing opcode 0x6e at 0x00c5
D/dalvikvm( 2405): DexOpt: unable to opt direct call 0x0b8a at 0xd2 in Lgzd;.a
E/dalvikvm( 2405): Could not find class 'com.google.common.flogger.backend.google.GooglePlatform', referenced from method plf.a
W/dalvikvm( 2405): VFY: unable to resolve const-class 3003 (Lcom/google/common/flogger/backend/google/GooglePlatform;) in Lplf;
D/dalvikvm( 2405): VFY: replacing opcode 0x1c at 0x0014
I/dalvikvm( 2405): Could not find method android.content.pm.PackageManager.isInstantApp, referenced from method hub.a
W/dalvikvm( 2405): VFY: unable to resolve virtual method 3345: Landroid/content/pm/PackageManager;.isInstantApp (Ljava/lang/String;)Z
D/dalvikvm( 2405): VFY: replacing opcode 0x6e at 0x0026
D/dalvikvm( 2405): GC_FOR_ALLOC freed 381K, 15% free 3269K/3836K, paused 1ms, total 1ms
E/native  ( 2090): score-accumulator.cc:249 No scoring data for corpus [1]
I/Icing   ( 2090): Indexing done com.google.android.gms-sms
I/dalvikvm( 2405): Could not find method com.google.android.chimera.BoundService.getStartIntent, referenced from method hki.a
W/dalvikvm( 2405): VFY: unable to resolve static method 13682: Lcom/google/android/chimera/BoundService;.getStartIntent (Landroid/content/Context;Ljava/lang/String;)Landroid/content/Intent;
D/dalvikvm( 2405): VFY: replacing opcode 0x71 at 0x0024
D/dalvikvm( 2090): GC_FOR_ALLOC freed 1308K, 17% free 7816K/9312K, paused 11ms, total 12ms
I/dalvikvm( 2405): Could not find method android.content.Context.deleteSharedPreferences, referenced from method fya.c
W/dalvikvm( 2405): VFY: unable to resolve virtual method 3145: Landroid/content/Context;.deleteSharedPreferences (Ljava/lang/String;)Z
D/dalvikvm( 2405): VFY: replacing opcode 0x6e at 0x002a
W/ActivityManager( 1567): Unable to start service Intent { act=com.google.android.gms.instantapps.START pkg=com.google.android.gms } U=0: not found
D/dalvikvm( 1838): GC_EXPLICIT freed 138K, 29% free 5381K/7568K, paused 0ms+0ms, total 5ms
I/Icing   ( 2090): Indexing com.google.android.gms-apps from com.google.android.gms
E/GmsClient( 2405): unable to connect to service: com.google.android.gms.instantapps.START on com.google.android.gms
I/dalvikvm( 2405): Could not find method java.util.Locale.toLanguageTag, referenced from method fvw.a
W/dalvikvm( 2405): VFY: unable to resolve virtual method 33842: Ljava/util/Locale;.toLanguageTag ()Ljava/lang/String;
D/dalvikvm( 2405): VFY: replacing opcode 0x6e at 0x000a
W/ActivityManager( 1567): Unbind failed: could not find connection for android.os.BinderProxy@9d907668
D/dalvikvm( 2355): GC_FOR_ALLOC freed 131K, 8% free 4104K/4456K, paused 2ms, total 2ms
D/AndroidRuntime( 2465): 
D/AndroidRuntime( 2465): >>>>>> AndroidRuntime START com.android.internal.os.RuntimeInit <<<<<<
W/linker  ( 2465): libdvm.so has text relocations. This is wasting memory and is a security risk. Please fix.
D/AndroidRuntime( 2465): CheckJNI is ON
D/dalvikvm( 2465): Trying to load lib libjavacore.so 0x0
D/dalvikvm( 2465): Added shared lib libjavacore.so 0x0
D/dalvikvm( 2465): Trying to load lib libnativehelper.so 0x0
D/dalvikvm( 2465): Added shared lib libnativehelper.so 0x0
D/dalvikvm( 2465): No JNI_OnLoad found in libnativehelper.so 0x0, skipping init
W/ComponentDiscovery( 2405): Application info not found.
W/ComponentDiscovery( 2405): Could not retrieve metadata, returning empty list of registrars.
I/dalvikvm( 2405): Could not find method android.content.Context.getDrawable, referenced from method rj.a
W/dalvikvm( 2405): VFY: unable to resolve virtual method 3157: Landroid/content/Context;.getDrawable (I)Landroid/graphics/drawable/Drawable;
D/dalvikvm( 2405): VFY: replacing opcode 0x6e at 0x0006
I/dalvikvm( 2405): Could not find method android.content.Context.getDataDir, referenced from method rj.a
W/dalvikvm( 2405): VFY: unable to resolve virtual method 3154: Landroid/content/Context;.getDataDir ()Ljava/io/File;
D/dalvikvm( 2405): VFY: replacing opcode 0x6e at 0x0006
I/dalvikvm( 2405): Could not find method android.content.Context.getSystemServiceName, referenced from method rj.a
W/dalvikvm( 2405): VFY: unable to resolve virtual method 3173: Landroid/content/Context;.getSystemServiceName (Ljava/lang/Class;)Ljava/lang/String;
D/dalvikvm( 2405): VFY: replacing opcode 0x6e at 0x000a
I/dalvikvm( 2405): Could not find method android.content.Context.getSystemService, referenced from method rj.a
W/dalvikvm( 2405): VFY: unable to resolve virtual method 3171: Landroid/content/Context;.getSystemService (Ljava/lang/Class;)Ljava/lang/Object;
D/dalvikvm( 2405): VFY: replacing opcode 0x6e at 0x0020
I/dalvikvm( 2405): Could not find method android.content.Context.getColorStateList, referenced from method rj.b
W/dalvikvm( 2405): VFY: unable to resolve virtual method 3152: Landroid/content/Context;.getColorStateList (I)Landroid/content/res/ColorStateList;
D/dalvikvm( 2405): VFY: replacing opcode 0x6e at 0x0006
I/dalvikvm( 2405): Could not find method android.content.Context.getColor, referenced from method rj.c
W/dalvikvm( 2405): VFY: unable to resolve virtual method 3151: Landroid/content/Context;.getColor (I)I
D/dalvikvm( 2405): VFY: replacing opcode 0x6e at 0x0006
I/dalvikvm( 2405): Could not find method android.content.Context.getNoBackupFilesDir, referenced from method rj.d
W/dalvikvm( 2405): VFY: unable to resolve virtual method 3164: Landroid/content/Context;.getNoBackupFilesDir ()Ljava/io/File;
D/dalvikvm( 2405): VFY: replacing opcode 0x6e at 0x0006
I/dalvikvm( 2405): Could not find method android.content.Context.createDeviceProtectedStorageContext, referenced from method rj.e
W/dalvikvm( 2405): VFY: unable to resolve virtual method 3139: Landroid/content/Context;.createDeviceProtectedStorageContext ()Landroid/content/Context;
D/dalvikvm( 2405): VFY: replacing opcode 0x6e at 0x0008
I/dalvikvm( 2405): Could not find method android.content.Context.isDeviceProtectedStorage, referenced from method rj.f
W/dalvikvm( 2405): VFY: unable to resolve virtual method 3177: Landroid/content/Context;.isDeviceProtectedStorage ()Z
D/dalvikvm( 2405): VFY: replacing opcode 0x6e at 0x0008
D/dalvikvm( 2405): GC_FOR_ALLOC freed 337K, 14% free 3445K/3968K, paused 2ms, total 2ms
I/Notifications( 2405): [ChimeBroadcastReceiver] Intent received for action [android.intent.action.TIMEZONE_CHANGED] package [com.google.android.play.games].
E/dalvikvm( 2405): Could not find class 'android.os.PersistableBundle', referenced from method nit.a
W/dalvikvm( 2405): VFY: unable to resolve new-instance 743 (Landroid/os/PersistableBundle;) in Lnit;
D/dalvikvm( 2405): VFY: replacing opcode 0x22 at 0x0001
D/dalvikvm( 2405): DexOpt: unable to opt direct call 0x11d2 at 0x0b in Lnit;.a
D/dalvikvm( 2405): DexOpt: unable to opt direct call 0x0bbb at 0xa1 in Lnit;.a
I/dalvikvm( 2405): Could not find method android.app.NotificationManager.getNotificationChannels, referenced from method nkj.b
W/dalvikvm( 2405): VFY: unable to resolve virtual method 2976: Landroid/app/NotificationManager;.getNotificationChannels ()Ljava/util/List;
D/dalvikvm( 2405): VFY: replacing opcode 0x6e at 0x0015
I/dalvikvm( 2405): Could not find method android.app.NotificationManager.getNotificationChannels, referenced from method nkj.a
W/dalvikvm( 2405): VFY: unable to resolve virtual method 2976: Landroid/app/NotificationManager;.getNotificationChannels ()Ljava/util/List;
D/dalvikvm( 2405): VFY: replacing opcode 0x6e at 0x0016
I/dalvikvm( 2405): Could not find method android.app.NotificationManager.getNotificationChannel, referenced from method nkj.a
W/dalvikvm( 2405): VFY: unable to resolve virtual method 2974: Landroid/app/NotificationManager;.getNotificationChannel (Ljava/lang/String;)Landroid/app/NotificationChannel;
D/dalvikvm( 2405): VFY: replacing opcode 0x6e at 0x0026
I/dalvikvm( 2405): Could not find method android.app.NotificationManager.getNotificationChannelGroups, referenced from method nkj.b
W/dalvikvm( 2405): VFY: unable to resolve virtual method 2975: Landroid/app/NotificationManager;.getNotificationChannelGroups ()Ljava/util/List;
D/dalvikvm( 2405): VFY: replacing opcode 0x6e at 0x0016
I/dalvikvm( 2405): Could not find method java.util.Locale.toLanguageTag, referenced from method nid.a
W/dalvikvm( 2405): VFY: unable to resolve virtual method 33842: Ljava/util/Locale;.toLanguageTag ()Ljava/lang/String;
D/dalvikvm( 2405): VFY: replacing opcode 0x6e at 0x0025
I/dalvikvm( 2405): Could not find method android.content.res.Configuration.getLocales, referenced from method nid.a
W/dalvikvm( 2405): VFY: unable to resolve virtual method 3393: Landroid/content/res/Configuration;.getLocales ()Landroid/os/LocaleList;
D/dalvikvm( 2405): VFY: replacing opcode 0x6e at 0x0032
I/Notifications( 2405): [ChimeBroadcastReceiver] Validation OK for action [android.intent.action.TIMEZONE_CHANGED].
W/PGAfap  ( 2405): ContentFiltersService is unavailable; not applying content filters.
D/dalvikvm( 2355): GC_FOR_ALLOC freed 106K, 8% free 4405K/4752K, paused 7ms, total 7ms
D/dalvikvm( 2465): Note: class Landroid/app/ActivityManagerNative; has 179 unimplemented (abstract) methods
I/Notifications( 2405): [ChimeBroadcastReceiver] Executing action in Service [android.intent.action.TIMEZONE_CHANGED].
D/dalvikvm( 1567): GC_FOR_ALLOC freed 1022K, 50% free 7503K/14816K, paused 8ms, total 8ms
D/dalvikvm( 2355): GC_FOR_ALLOC freed 157K, 9% free 4687K/5104K, paused 6ms, total 6ms
E/dalvikvm( 2355): Could not find class 'javax.net.ssl.SNIServerName', referenced from method com.google.android.gms.org.conscrypt.Platform.getSniHostnameFromParams
W/dalvikvm( 2355): VFY: unable to resolve check-cast 5160 (Ljavax/net/ssl/SNIServerName;) in Lcom/google/android/gms/org/conscrypt/Platform;
D/dalvikvm( 2355): VFY: replacing opcode 0x1f at 0x0025
E/dalvikvm( 2355): Could not find class 'javax.net.ssl.SNIHostName', referenced from method com.google.android.gms.org.conscrypt.Platform.setParametersSniHostname
W/dalvikvm( 2355): VFY: unable to resolve new-instance 5159 (Ljavax/net/ssl/SNIHostName;) in Lcom/google/android/gms/org/conscrypt/Platform;
D/dalvikvm( 2355): VFY: replacing opcode 0x22 at 0x0024
E/dalvikvm( 2355): Could not find class 'javax.net.ssl.SNIHostName', referenced from method com.google.android.gms.org.conscrypt.Platform.setParametersSniHostname
W/dalvikvm( 2355): VFY: unable to resolve new-instance 5159 (Ljavax/net/ssl/SNIHostName;) in Lcom/google/android/gms/org/conscrypt/Platform;
D/dalvikvm( 2355): VFY: replacing opcode 0x22 at 0x0024
D/dalvikvm( 2355): DexOpt: unable to opt direct call 0x52f9 at 0x2a in Lcom/google/android/gms/org/conscrypt/Platform;.setParametersSniHostname
D/dalvikvm( 2355): DexOpt: unable to opt direct call 0x52f9 at 0x2a in Lcom/google/android/gms/org/conscrypt/Platform;.setParametersSniHostname
E/memtrack( 2465): Couldn't load memtrack module (No such file or directory)
E/android.os.Debug( 2465): failed to load memtrack module: -2
D/dalvikvm( 1776): GC_EXPLICIT freed 1049K, 17% free 7777K/9296K, paused 0ms+0ms, total 109ms
D/dalvikvm( 1776): WAIT_FOR_CONCURRENT_GC blocked 106ms
I/CheckinService( 1838): Preparing to send checkin request
I/EventLogService( 1838): Accumulating logs since 0
E/dalvikvm( 2090): Could not find class 'android.telephony.SubscriptionManager', referenced from method com.google.android.gms.checkin.CheckinChimeraService.a
W/dalvikvm( 2090): VFY: unable to resolve check-cast 1109 (Landroid/telephony/SubscriptionManager;) in Lcom/google/android/gms/checkin/CheckinChimeraService;
D/dalvikvm( 2090): VFY: replacing opcode 0x1f at 0x019b
E/dalvikvm( 2090): Could not find class 'android.net.NetworkRequest', referenced from method com.google.android.gms.checkin.CheckinChimeraService.a
W/dalvikvm( 2090): VFY: unable to resolve check-cast 853 (Landroid/net/NetworkRequest;) in Lcom/google/android/gms/checkin/CheckinChimeraService;
D/dalvikvm( 2090): VFY: replacing opcode 0x1f at 0x04d7
D/dalvikvm( 2355): GC_FOR_ALLOC freed 308K, 11% free 4884K/5440K, paused 6ms, total 6ms
I/ProviderInstaller( 2355): Installed default security provider GmsCore_OpenSSL
D/dalvikvm( 1838): GC_EXPLICIT freed 372K, 29% free 5417K/7568K, paused 0ms+2ms, total 9ms
D/AndroidRuntime( 2465): Calling main entry com.android.commands.pm.Pm
V/GoogleSettingsUtils( 1838): pre-froyo android id is 0
I/PackageManager( 1567): Running dexopt on: com.android.defcontainer
W/linker  ( 2504): libdvm.so has text relocations. This is wasting memory and is a security risk. Please fix.
I/ActivityManager( 1567): Start proc com.android.defcontainer for service com.android.defcontainer/.DefaultContainerService: pid=2492 uid=10003 gids={50003, 1028, 1015, 1023, 2001, 1035}
D/dalvikvm( 2504): DexOpt: load 0ms, verify+opt 1ms, 201428 bytes
D/dalvikvm( 2090): GC_FOR_ALLOC freed 1299K, 16% free 8125K/9612K, paused 6ms, total 6ms
I/Safeboot( 2355): Checking safeboot...
I/Safeboot( 2355): Not entering safeboot; wrong process.
I/dalvikvm( 1776): Could not find method android.os.PowerManager.isInteractive, referenced from method nol.a
W/dalvikvm( 1776): VFY: unable to resolve virtual method 4227: Landroid/os/PowerManager;.isInteractive ()Z
D/dalvikvm( 1776): VFY: replacing opcode 0x6e at 0x0006
I/Checkin ( 2090): [CheckinChimeraService] onStartCommand
E/dalvikvm( 2355): Could not find class 'com.google.common.flogger.backend.google.GooglePlatform', referenced from method beui.a
W/dalvikvm( 2355): VFY: unable to resolve const-class 4605 (Lcom/google/common/flogger/backend/google/GooglePlatform;) in Lbeui;
D/dalvikvm( 2355): VFY: replacing opcode 0x1c at 0x001b
D/        ( 1838): HostConnection::get() New Host Connection established 0xb8e632e0, tid 2478
I/CheckinCompat( 2090): Disabling old GoogleServicesFramework version [CONTEXT service_id=130 ]
I/CheckinCompat( 2090): GSF Checkin still active [CONTEXT service_id=130 ]
I/Checkin ( 2090): [CheckinChimeraService] notEnabled return:2
W/ProviderHelper( 1776): Unknown dynamite feature providerinstaller
I/DynamiteModule( 1776): Considering local module providerinstaller:0 and remote module providerinstaller:0
I/DynamiteModule( 1776): Considering local module providerinstaller:0 and remote module providerinstaller:0
V/EmulatedCamera_Camera( 1147): getCameraInfo
V/EmulatedCamera_BaseCamera( 1147): getCameraInfo
I/OcrModelUpStIntentOp( 2090): Updating ocr activity enabled=false (phenotypeFlag=false, lowRamDevice=false, prereqCheck=true)
D/EGL_emulation( 1838): eglCreateContext: 0xb8e5cfe0: maj 1 min 0 rcv 1
I/GCoreUlr( 1776): DispatchingService ignoring Intent { act=com.google.android.location.reporting.CHANGE_ON_LOCATION_DISABLE_FOR_GOOGLE_APP } because ULR inactive
D/EGL_emulation( 1838): eglMakeCurrent: 0xb8e5cfe0: ver 1 0
D/EGL_emulation( 1838): eglCreateContext: 0xb8e61bd0: maj 3 min 0 rcv 3
D/EGL_emulation( 1838): eglMakeCurrent: 0xb8e61bd0: ver 3 0
E/eglCodecCommon( 1838): glUtilsParamSize: unknow param 0x00008cdf
I/NetworkScheduler( 1776): Using standalone scheduling engine [CONTEXT service_id=218 ]
E/eglCodecCommon( 1838): glUtilsParamSize: unknow param 0x00008824
D/dalvikvm( 2355): GC_FOR_ALLOC freed 345K, 10% free 5150K/5704K, paused 6ms, total 6ms
D/dalvikvm( 1838): GC_EXPLICIT freed 188K, 29% free 5434K/7568K, paused 0ms+1ms, total 7ms
I/auxu    ( 2355): Primes not initialized, returning default (no-op) Primes instance which will ignore all calls. Please call Primes.initialize(...) before using any Primes API.
I/dalvikvm( 2355): Could not find method com.google.android.chimera.ContextThemeWrapper.createAttributionContext, referenced from method mnu.createAttributionContext
W/dalvikvm( 2355): VFY: unable to resolve virtual method 13785: Lcom/google/android/chimera/ContextThemeWrapper;.createAttributionContext (Ljava/lang/String;)Landroid/content/Context;
D/dalvikvm( 2355): VFY: replacing opcode 0x6f at 0x0002
I/dalvikvm( 2355): Could not find method android.content.ContextWrapper.createCredentialProtectedStorageContext, referenced from method mnu.createCredentialProtectedStorageContext
W/dalvikvm( 2355): VFY: unable to resolve virtual method 2508: Landroid/content/ContextWrapper;.createCredentialProtectedStorageContext ()Landroid/content/Context;
D/dalvikvm( 2355): VFY: replacing opcode 0x6f at 0x0002
I/dalvikvm( 2355): Could not find method android.content.ContextWrapper.createDeviceProtectedStorageContext, referenced from method mnu.createDeviceProtectedStorageContext
W/dalvikvm( 2355): VFY: unable to resolve virtual method 2509: Landroid/content/ContextWrapper;.createDeviceProtectedStorageContext ()Landroid/content/Context;
D/dalvikvm( 2355): VFY: replacing opcode 0x6f at 0x0002
I/dalvikvm( 2355): Could not find method android.content.Context.bindService, referenced from method uws.bindService
W/dalvikvm( 2355): VFY: unable to resolve virtual method 2453: Landroid/content/Context;.bindService (Landroid/content/Intent;ILjava/util/concurrent/Executor;Landroid/content/ServiceConnection;)Z
D/dalvikvm( 2355): VFY: replacing opcode 0x6e at 0x0018
I/dalvikvm( 2355): Could not find method android.content.Context.bindService, referenced from method uws.bindService
W/dalvikvm( 2355): VFY: unable to resolve virtual method 2453: Landroid/content/Context;.bindService (Landroid/content/Intent;ILjava/util/concurrent/Executor;Landroid/content/ServiceConnection;)Z
D/dalvikvm( 2355): VFY: replacing opcode 0x6e at 0x0030
I/dalvikvm( 2355): Could not find method android.content.Context.startForegroundService, referenced from method uws.startForegroundService
W/dalvikvm( 2355): VFY: unable to resolve virtual method 2501: Landroid/content/Context;.startForegroundService (Landroid/content/Intent;)Landroid/content/ComponentName;
D/dalvikvm( 2355): VFY: replacing opcode 0x6e at 0x001c
I/dalvikvm( 2355): Could not find method android.content.Context.startForegroundService, referenced from method uws.startForegroundService
W/dalvikvm( 2355): VFY: unable to resolve virtual method 2501: Landroid/content/Context;.startForegroundService (Landroid/content/Intent;)Landroid/content/ComponentName;
D/dalvikvm( 2355): VFY: replacing opcode 0x6e at 0x0028
I/dalvikvm( 2355): Could not find method android.os.PowerManager.isPowerSaveMode, referenced from method uwl.a
W/dalvikvm( 2355): VFY: unable to resolve virtual method 3047: Landroid/os/PowerManager;.isPowerSaveMode ()Z
D/dalvikvm( 2355): VFY: replacing opcode 0x6e at 0x0010
I/constellation( 2090): [intent_handler] on init with intent Intent { act=com.google.android.chimera.IntentOperation.NEW_MODULE (has extras) }
D/EGL_emulation( 1838): eglCreateContext: 0xb8e5e930: maj 1 min 0 rcv 1
I/dalvikvm( 1776): Could not find method android.os.PowerManager.isPowerSaveMode, referenced from method ajlz.a
W/dalvikvm( 1776): VFY: unable to resolve virtual method 29694: Landroid/os/PowerManager;.isPowerSaveMode ()Z
D/dalvikvm( 1776): VFY: replacing opcode 0x6e at 0x007d
D/dalvikvm( 2355): GC_FOR_ALLOC freed 382K, 11% free 5439K/6060K, paused 4ms, total 6ms
D/dalvikvm( 1567): GC_FOR_ALLOC freed 1023K, 49% free 7593K/14816K, paused 12ms, total 14ms
D/EGL_emulation( 1838): eglMakeCurrent: 0xb8e5e930: ver 1 0
D/EGL_emulation( 1838): eglCreateContext: 0xb8e5ae30: maj 3 min 0 rcv 3
D/EGL_emulation( 1838): eglMakeCurrent: 0xb8e5ae30: ver 3 0
W/ActivityManager( 1567): No content provider found for permission revoke: file:///data/local/tmp/AndroidRipperService.apk
W/ActivityManager( 1567): No content provider found for permission revoke: file:///data/local/tmp/AndroidRipperService.apk
I/PackageManager( 1567): Copying native libraries to /data/app-lib/vmdl1059568065
I/PackageParser( 1567): it.unina.android.ripper_service: compat added android.permission.WRITE_EXTERNAL_STORAGE android.permission.READ_PHONE_STATE
E/eglCodecCommon( 1838): glUtilsParamSize: unknow param 0x00008cdf
E/eglCodecCommon( 1838): glUtilsParamSize: unknow param 0x00008824
D/EGL_emulation( 1838): eglCreateContext: 0xb8e5ae30: maj 1 min 0 rcv 1
D/dalvikvm( 2355): GC_FOR_ALLOC freed 214K, 8% free 5958K/6444K, paused 5ms, total 5ms
D/EGL_emulation( 1838): eglMakeCurrent: 0xb8e5ae30: ver 1 0
D/EGL_emulation( 1838): eglCreateContext: 0xb8e562c0: maj 3 min 0 rcv 3
D/EGL_emulation( 1838): eglMakeCurrent: 0xb8e562c0: ver 3 0
E/eglCodecCommon( 1838): glUtilsParamSize: unknow param 0x00008cdf
E/eglCodecCommon( 1838): glUtilsParamSize: unknow param 0x00008824
D/EGL_emulation( 1838): eglCreateContext: 0xb8e562c0: maj 1 min 0 rcv 1
I/PackageManager( 1567): Running dexopt on: it.unina.android.ripper_service
I/GCoreUlr( 1776): Unbound from all signal providers.
I/GCoreUlr( 1776): Stopping handler for UlrDispSvcFast
D/EGL_emulation( 1838): eglMakeCurrent: 0xb8e562c0: ver 1 0
I/BackupPreLmp( 2090): [ComponentEnabler] Enabling pre-L components
V/BackupPreLmp( 2090): [ComponentEnabler] Enabling Component: com.google.android.gms.backup.component.D2dPreLSourceActivity
W/linker  ( 2516): libdvm.so has text relocations. This is wasting memory and is a security risk. Please fix.
D/EGL_emulation( 1838): eglCreateContext: 0xb8e562c0: maj 3 min 0 rcv 3
D/EGL_emulation( 1838): eglMakeCurrent: 0xb8e562c0: ver 3 0
E/eglCodecCommon( 1838): glUtilsParamSize: unknow param 0x00008cdf
E/eglCodecCommon( 1838): glUtilsParamSize: unknow param 0x00008824
D/dalvikvm( 2355): GC_FOR_ALLOC freed 257K, 8% free 6578K/7136K, paused 5ms, total 5ms
D/dalvikvm( 1776): GC_FOR_ALLOC freed 1533K, 19% free 7865K/9648K, paused 81ms, total 81ms
I/ChimeraSrvcProxy( 1776): com.google.android.gms.chimera.PersistentBoundBrokerService returning NullBinder for action com.google.android.gms.ipa.smsindexer.PERSISTENT_START
D/dalvikvm( 2516): DexOpt: load 10ms, verify+opt 41ms, 1117628 bytes
E/GCM     ( 1776): Missing checkin config file
W/GCM     ( 1776): GCM FAILED TO INITIALIZE - missing checkin
I/CheckinTask( 1838): Sending checkin request (1578 bytes)
E/GCM     ( 1776): Missing checkin config file
I/ActivityManager( 1567): Force stopping it.unina.android.ripper_service appid=10057 user=-1: update pkg
W/GCM     ( 1776): GCM FAILED TO INITIALIZE - missing checkin
E/ahif    ( 1776): Phenotype API error. Event # bqfe@e84d730f, EventCode: 6 [CONTEXT service_id=51 ]
E/ahif    ( 1776): ahhj: 29505: No config packages for log source, or config package not registered
E/ahif    ( 1776): 	at ahiu.b(:com.google.android.gms@202414005@20.24.14 (000700-319035315):7)
E/ahif    ( 1776): 	at ahir.b(:com.google.android.gms@202414005@20.24.14 (000700-319035315):2)
E/ahif    ( 1776): 	at ahif.a(:com.google.android.gms@202414005@20.24.14 (000700-319035315):85)
E/ahif    ( 1776): 	at ahif.a(:com.google.android.gms@202414005@20.24.14 (000700-319035315):80)
E/ahif    ( 1776): 	at uun.run(:com.google.android.gms@202414005@20.24.14 (000700-319035315):9)
E/ahif    ( 1776): 	at bcny.run(:com.google.android.gms@202414005@20.24.14 (000700-319035315):2)
E/ahif    ( 1776): 	at nlp.b(:com.google.android.gms@202414005@20.24.14 (000700-319035315):12)
E/ahif    ( 1776): 	at nlp.run(:com.google.android.gms@202414005@20.24.14 (000700-319035315):7)
E/ahif    ( 1776): 	at java.util.concurrent.ThreadPoolExecutor.runWorker(ThreadPoolExecutor.java:1112)
E/ahif    ( 1776): 	at java.util.concurrent.ThreadPoolExecutor$Worker.run(ThreadPoolExecutor.java:587)
E/ahif    ( 1776): 	at nrd.run(:com.google.android.gms@202414005@20.24.14 (000700-319035315):0)
E/ahif    ( 1776): 	at java.lang.Thread.run(Thread.java:841)
E/AsyncOperation( 1776): serviceID=51, operation=GetExperimentTokensOperationCall
E/AsyncOperation( 1776): OperationException[Status{statusCode=No config packages for log source, or config package not registered, resolution=null}]
E/AsyncOperation( 1776): 	at ahif.a(:com.google.android.gms@202414005@20.24.14 (000700-319035315):87)
E/AsyncOperation( 1776): 	at ahif.a(:com.google.android.gms@202414005@20.24.14 (000700-319035315):80)
E/AsyncOperation( 1776): 	at uun.run(:com.google.android.gms@202414005@20.24.14 (000700-319035315):9)
E/AsyncOperation( 1776): 	at bcny.run(:com.google.android.gms@202414005@20.24.14 (000700-319035315):2)
E/AsyncOperation( 1776): 	at nlp.b(:com.google.android.gms@202414005@20.24.14 (000700-319035315):12)
E/AsyncOperation( 1776): 	at nlp.run(:com.google.android.gms@202414005@20.24.14 (000700-319035315):7)
E/AsyncOperation( 1776): 	at java.util.concurrent.ThreadPoolExecutor.runWorker(ThreadPoolExecutor.java:1112)
E/AsyncOperation( 1776): 	at java.util.concurrent.ThreadPoolExecutor$Worker.run(ThreadPoolExecutor.java:587)
E/AsyncOperation( 1776): 	at nrd.run(:com.google.android.gms@202414005@20.24.14 (000700-319035315):0)
E/AsyncOperation( 1776): 	at java.lang.Thread.run(Thread.java:841)
E/ahif    ( 1776): Phenotype API error. Event # bqfe@a6f27547, EventCode: 5 [CONTEXT service_id=51 ]
E/ahif    ( 1776): ahhj: 29500: Empty (package not registered?) or malformed snapshot token: 
E/ahif    ( 1776): 	at ahii.a(:com.google.android.gms@202414005@20.24.14 (000700-319035315):8)
E/ahif    ( 1776): 	at ahih.b(:com.google.android.gms@202414005@20.24.14 (000700-319035315):2)
E/ahif    ( 1776): 	at ahif.a(:com.google.android.gms@202414005@20.24.14 (000700-319035315):85)
E/ahif    ( 1776): 	at ahif.a(:com.google.android.gms@202414005@20.24.14 (000700-319035315):80)
E/ahif    ( 1776): 	at uun.run(:com.google.android.gms@202414005@20.24.14 (000700-319035315):9)
E/ahif    ( 1776): 	at bcny.run(:com.google.android.gms@202414005@20.24.14 (000700-319035315):2)
E/ahif    ( 1776): 	at nlp.b(:com.google.android.gms@202414005@20.24.14 (000700-319035315):12)
E/ahif    ( 1776): 	at nlp.run(:com.google.android.gms@202414005@20.24.14 (000700-319035315):7)
E/ahif    ( 1776): 	at java.util.concurrent.ThreadPoolExecutor.runWorker(ThreadPoolExecutor.java:1112)
E/ahif    ( 1776): 	at java.util.concurrent.ThreadPoolExecutor$Worker.run(ThreadPoolExecutor.java:587)
E/ahif    ( 1776): 	at nrd.run(:com.google.android.gms@202414005@20.24.14 (000700-319035315):0)
E/ahif    ( 1776): 	at java.lang.Thread.run(Thread.java:841)
E/AsyncOperation( 1776): serviceID=51, operation=CommitToConfigurationOperationCall
E/AsyncOperation( 1776): OperationException[Status{statusCode=Empty (package not registered?) or malformed snapshot token: , resolution=null}]
E/AsyncOperation( 1776): 	at ahif.a(:com.google.android.gms@202414005@20.24.14 (000700-319035315):87)
E/AsyncOperation( 1776): 	at ahif.a(:com.google.android.gms@202414005@20.24.14 (000700-319035315):80)
E/AsyncOperation( 1776): 	at uun.run(:com.google.android.gms@202414005@20.24.14 (000700-319035315):9)
E/AsyncOperation( 1776): 	at bcny.run(:com.google.android.gms@202414005@20.24.14 (000700-319035315):2)
E/AsyncOperation( 1776): 	at nlp.b(:com.google.android.gms@202414005@20.24.14 (000700-319035315):12)
E/AsyncOperation( 1776): 	at nlp.run(:com.google.android.gms@202414005@20.24.14 (000700-319035315):7)
E/AsyncOperation( 1776): 	at java.util.concurrent.ThreadPoolExecutor.runWorker(ThreadPoolExecutor.java:1112)
E/AsyncOperation( 1776): 	at java.util.concurrent.ThreadPoolExecutor$Worker.run(ThreadPoolExecutor.java:587)
E/AsyncOperation( 1776): 	at nrd.run(:com.google.android.gms@202414005@20.24.14 (000700-319035315):0)
E/AsyncOperation( 1776): 	at java.lang.Thread.run(Thread.java:841)
I/GeofencerStateMachine( 1776): sendQueryLocationOptIn
