I/SystemUpdate( 2090): [Installation,ReceiverIntentOperation] Received intent: Intent { act=android.intent.action.TIME_SET flg=0x24000010 cmp=com.google.android.gms/.chimera.GmsIntentOperationService$PersistentTrustedReceiver }.
W/PhenotypeFlagCommitter( 2405): Committing snapshot for com.google.android.games.app failed, retrying
E/ahif    ( 1776): Phenotype API error. Event # bqfe@238260b4, EventCode: 5 [CONTEXT service_id=51 ]
E/ahif    ( 1776): ahhj: 29500: Empty (package not registered?) or malformed snapshot token: 
E/ahif    ( 1776): 	at ahii.a(:com.google.android.gms@202414005@20.24.14 (000700-319035315):8)
E/ahif    ( 1776): 	at ahih.b(:com.google.android.gms@202414005@20.24.14 (000700-319035315):2)
E/ahif    ( 1776): 	at ahif.a(:com.google.android.gms@202414005@20.24.14 (000700-319035315):85)
E/ahif    ( 1776): 	at ahif.a(:com.google.android.gms@202414005@20.24.14 (000700-319035315):80)
E/ahif    ( 1776): 	at uun.run(:com.google.android.gms@202414005@20.24.14 (000700-319035315):9)
E/ahif    ( 1776): 	at bcny.run(:com.google.android.gms@202414005@20.24.14 (000700-319035315):2)
E/ahif    ( 1776): 	at nlp.b(:com.google.android.gms@202414005@20.24.14 (000700-319035315):12)
E/ahif    ( 1776): 	at nlp.run(:com.google.android.gms@202414005@20.24.14 (000700-319035315):7)
E/ahif    ( 1776): 	at java.util.concurrent.ThreadPoolExecutor.runWorker(ThreadPoolExecutor.java:1112)
E/ahif    ( 1776): 	at java.util.concurrent.ThreadPoolExecutor$Worker.run(ThreadPoolExecutor.java:587)
E/ahif    ( 1776): 	at nrd.run(:com.google.android.gms@202414005@20.24.14 (000700-319035315):0)
E/ahif    ( 1776): 	at java.lang.Thread.run(Thread.java:841)
E/AsyncOperation( 1776): serviceID=51, operation=CommitToConfigurationOperationCall
E/AsyncOperation( 1776): OperationException[Status{statusCode=Empty (package not registered?) or malformed snapshot token: , resolution=null}]
E/AsyncOperation( 1776): 	at ahif.a(:com.google.android.gms@202414005@20.24.14 (000700-319035315):87)
E/AsyncOperation( 1776): 	at ahif.a(:com.google.android.gms@202414005@20.24.14 (000700-319035315):80)
E/AsyncOperation( 1776): 	at uun.run(:com.google.android.gms@202414005@20.24.14 (000700-319035315):9)
E/AsyncOperation( 1776): 	at bcny.run(:com.google.android.gms@202414005@20.24.14 (000700-319035315):2)
E/AsyncOperation( 1776): 	at nlp.b(:com.google.android.gms@202414005@20.24.14 (000700-319035315):12)
E/AsyncOperation( 1776): 	at nlp.run(:com.google.android.gms@202414005@20.24.14 (000700-319035315):7)
E/AsyncOperation( 1776): 	at java.util.concurrent.ThreadPoolExecutor.runWorker(ThreadPoolExecutor.java:1112)
E/AsyncOperation( 1776): 	at java.util.concurrent.ThreadPoolExecutor$Worker.run(ThreadPoolExecutor.java:587)
E/AsyncOperation( 1776): 	at nrd.run(:com.google.android.gms@202414005@20.24.14 (000700-319035315):0)
E/AsyncOperation( 1776): 	at java.lang.Thread.run(Thread.java:841)
W/PhenotypeFlagCommitter( 2405): Committing snapshot for com.google.android.games.app failed, retrying
D/dalvikvm( 2090): GC_FOR_ALLOC freed 1756K, 20% free 8073K/10016K, paused 11ms, total 11ms
E/ahif    ( 1776): Phenotype API error. Event # bqfe@a6f27547, EventCode: 5 [CONTEXT service_id=51 ]
E/ahif    ( 1776): ahhj: 29500: Empty (package not registered?) or malformed snapshot token: 
E/ahif    ( 1776): 	at ahii.a(:com.google.android.gms@202414005@20.24.14 (000700-319035315):8)
E/ahif    ( 1776): 	at ahih.b(:com.google.android.gms@202414005@20.24.14 (000700-319035315):2)
E/ahif    ( 1776): 	at ahif.a(:com.google.android.gms@202414005@20.24.14 (000700-319035315):85)
E/ahif    ( 1776): 	at ahif.a(:com.google.android.gms@202414005@20.24.14 (000700-319035315):80)
E/ahif    ( 1776): 	at uun.run(:com.google.android.gms@202414005@20.24.14 (000700-319035315):9)
E/ahif    ( 1776): 	at bcny.run(:com.google.android.gms@202414005@20.24.14 (000700-319035315):2)
E/ahif    ( 1776): 	at nlp.b(:com.google.android.gms@202414005@20.24.14 (000700-319035315):12)
E/ahif    ( 1776): 	at nlp.run(:com.google.android.gms@202414005@20.24.14 (000700-319035315):7)
E/ahif    ( 1776): 	at java.util.concurrent.ThreadPoolExecutor.runWorker(ThreadPoolExecutor.java:1112)
E/ahif    ( 1776): 	at java.util.concurrent.ThreadPoolExecutor$Worker.run(ThreadPoolExecutor.java:587)
E/ahif    ( 1776): 	at nrd.run(:com.google.android.gms@202414005@20.24.14 (000700-319035315):0)
E/ahif    ( 1776): 	at java.lang.Thread.run(Thread.java:841)
E/AsyncOperation( 1776): serviceID=51, operation=CommitToConfigurationOperationCall
E/AsyncOperation( 1776): OperationException[Status{statusCode=Empty (package not registered?) or malformed snapshot token: , resolution=null}]
E/AsyncOperation( 1776): 	at ahif.a(:com.google.android.gms@202414005@20.24.14 (000700-319035315):87)
E/AsyncOperation( 1776): 	at ahif.a(:com.google.android.gms@202414005@20.24.14 (000700-319035315):80)
E/AsyncOperation( 1776): 	at uun.run(:com.google.android.gms@202414005@20.24.14 (000700-319035315):9)
E/AsyncOperation( 1776): 	at bcny.run(:com.google.android.gms@202414005@20.24.14 (000700-319035315):2)
E/AsyncOperation( 1776): 	at nlp.b(:com.google.android.gms@202414005@20.24.14 (000700-319035315):12)
E/AsyncOperation( 1776): 	at nlp.run(:com.google.android.gms@202414005@20.24.14 (000700-319035315):7)
E/AsyncOperation( 1776): 	at java.util.concurrent.ThreadPoolExecutor.runWorker(ThreadPoolExecutor.java:1112)
E/AsyncOperation( 1776): 	at java.util.concurrent.ThreadPoolExecutor$Worker.run(ThreadPoolExecutor.java:587)
E/AsyncOperation( 1776): 	at nrd.run(:com.google.android.gms@202414005@20.24.14 (000700-319035315):0)
E/AsyncOperation( 1776): 	at java.lang.Thread.run(Thread.java:841)
D/dalvikvm( 1567): GC_FOR_ALLOC freed 1162K, 49% free 7578K/14816K, paused 18ms, total 18ms
V/AlarmClock( 2368): AlarmInitReceiver android.intent.action.TIME_SET
I/SystemUpdate( 2090): [Execution,InstallationEventIntentOperation] Handling event of type 6.
I/AlarmClock( 2368): Displaying next alarm time: ''
V/AlarmClock( 2368): AlarmInitReceiver finished
I/dalvikvm( 2090): Could not find method java.util.Locale.toLanguageTag, referenced from method ablz.a
W/dalvikvm( 2090): VFY: unable to resolve virtual method 19297: Ljava/util/Locale;.toLanguageTag ()Ljava/lang/String;
D/dalvikvm( 2090): VFY: replacing opcode 0x6e at 0x0006
D/dalvikvm( 2228): GC_FOR_ALLOC freed 275K, 13% free 3206K/3668K, paused 2ms, total 2ms
I/PackageManager( 1567):   Action: "android.intent.action.SENDTO"
I/PackageManager( 1567):   Category: "android.intent.category.DEFAULT"
I/PackageManager( 1567):   Scheme: "sms"
I/PackageManager( 1567): Adding preferred activity ComponentInfo{com.android.mms/com.android.mms.ui.ComposeMessageActivity} for user 0 :
W/Launcher.Model( 2228): Nobody to tell about the new app.  Launcher is probably loading.
I/InputReader( 1567): Reconfiguring input devices.  changes=0x00000010
D/dalvikvm( 1799): GC_FOR_ALLOC freed 443K, 18% free 3588K/4344K, paused 4ms, total 4ms
I/PackageManager( 1567):   Action: "android.intent.action.SENDTO"
I/PackageManager( 1567):   Category: "android.intent.category.DEFAULT"
I/PackageManager( 1567):   Scheme: "smsto"
I/PackageManager( 1567): Adding preferred activity ComponentInfo{com.android.mms/com.android.mms.ui.ComposeMessageActivity} for user 0 :
D/BackupManagerService( 1567): Received broadcast Intent { act=android.intent.action.PACKAGE_ADDED dat=package:it.unina.android.ripper_service flg=0x4000010 (has extras) }
V/BackupManagerService( 1567): addPackageParticipantsLocked: #1
I/PackageManager( 1567):   Action: "android.intent.action.SENDTO"
I/PackageManager( 1567):   Category: "android.intent.category.DEFAULT"
I/PackageManager( 1567):   Scheme: "mms"
I/PackageManager( 1567): Adding preferred activity ComponentInfo{com.android.mms/com.android.mms.ui.ComposeMessageActivity} for user 0 :
I/PackageManager( 1567):   Action: "android.intent.action.SENDTO"
I/PackageManager( 1567):   Category: "android.intent.category.DEFAULT"
I/PackageManager( 1567):   Scheme: "mmsto"
E/BluetoothAdapter( 1814): Bluetooth binder is null
I/PackageManager( 1567): Adding preferred activity ComponentInfo{com.android.mms/com.android.mms.ui.ComposeMessageActivity} for user 0 :
E/WakeLock( 1776): GCM_HB_ALARM release without a matched acquire!
W/WakeLock( 1776): GCM_HB_ALARM counter does not exist
D/dalvikvm( 1567): GC_EXPLICIT freed 1118K, 49% free 7612K/14816K, paused 1ms+1ms, total 75ms
D/dalvikvm( 1567): WAIT_FOR_CONCURRENT_GC blocked 13ms
D/dalvikvm( 1567): WAIT_FOR_CONCURRENT_GC blocked 13ms
D/dalvikvm( 1567): WAIT_FOR_CONCURRENT_GC blocked 13ms
D/dalvikvm( 1567): WAIT_FOR_CONCURRENT_GC blocked 11ms
D/dalvikvm( 1567): WAIT_FOR_CONCURRENT_GC blocked 12ms
D/dalvikvm( 1567): WAIT_FOR_CONCURRENT_GC blocked 12ms
D/dalvikvm( 1567): WAIT_FOR_CONCURRENT_GC blocked 11ms
D/dalvikvm( 1567): WAIT_FOR_CONCURRENT_GC blocked 11ms
D/AndroidRuntime( 2465): Shutting down VM
D/jdwp    ( 2465): Got wake-up signal, bailing out of select
D/dalvikvm( 2465): Debugger has detached; object registry had 1 entries
D/dalvikvm( 1838): GC_EXPLICIT freed 354K, 28% free 5474K/7568K, paused 1ms+3ms, total 10ms
I/PackageManager( 1567):   Action: "android.intent.action.SENDTO"
I/PackageManager( 1567):   Category: "android.intent.category.DEFAULT"
I/PackageManager( 1567):   Scheme: "sms"
I/PackageManager( 1567): Adding preferred activity ComponentInfo{com.android.mms/com.android.mms.ui.ComposeMessageActivity} for user 0 :
I/PackageManager( 1567):   Action: "android.intent.action.SENDTO"
I/PackageManager( 1567):   Category: "android.intent.category.DEFAULT"
I/PackageManager( 1567):   Scheme: "smsto"
I/PackageManager( 1567): Adding preferred activity ComponentInfo{com.android.mms/com.android.mms.ui.ComposeMessageActivity} for user 0 :
I/SystemUpdate( 2090): [Execution,InstallationIntentOperation] Received intent: Intent { act=com.google.android.gms.update.INSTALL_UPDATE cat=[targeted_intent_op_prefix:.update.execution.InstallationIntentOperation] cmp=com.google.android.gms/.chimera.GmsIntentOperationService }.
D/dalvikvm( 1799): GC_FOR_ALLOC freed 379K, 17% free 3643K/4344K, paused 2ms, total 3ms
I/SystemUpdate( 2090): [Execution,ExecutionManager] Action finished-execution executed for 0.00 seconds.
I/PackageManager( 1567):   Action: "android.intent.action.SENDTO"
I/PackageManager( 1567):   Category: "android.intent.category.DEFAULT"
I/PackageManager( 1567):   Scheme: "mms"
I/PackageManager( 1567): Adding preferred activity ComponentInfo{com.android.mms/com.android.mms.ui.ComposeMessageActivity} for user 0 :
D/dalvikvm( 1567): GC_FOR_ALLOC freed 1163K, 49% free 7598K/14816K, paused 6ms, total 7ms
I/PackageManager( 1567):   Action: "android.intent.action.SENDTO"
I/PackageManager( 1567):   Category: "android.intent.category.DEFAULT"
I/PackageManager( 1567):   Scheme: "mmsto"
I/PackageManager( 1567): Adding preferred activity ComponentInfo{com.android.mms/com.android.mms.ui.ComposeMessageActivity} for user 0 :
I/FusedLocation( 1567): engine stopped (com.android.location.fused)
E/BluetoothAdapter( 1814): Bluetooth binder is null
I/SubscribedFeeds( 2090): Setting ComponentInfo{com.google.android.gms/com.google.android.gms.subscribedfeeds.GcmReceiverService} to 1 [CONTEXT service_id=250 ]
I/SubscribedFeeds( 2090): Setting ComponentInfo{com.google.android.gms/com.google.android.gms.subscribedfeeds.GmsSubscribedFeedsProvider} to 1 [CONTEXT service_id=250 ]
I/SubscribedFeeds( 2090): Setting ComponentInfo{com.google.android.gsf/com.google.android.gsf.subscribedfeeds.SubscribedFeedsSyncAdapterService} to 2 [CONTEXT service_id=250 ]
I/ActivityManager( 1567): Start proc com.android.dialer for broadcast com.android.dialer/.calllog.CallLogReceiver: pid=2530 uid=10004 gids={50004, 3003, 1028, 1015}
D/dalvikvm( 1776): GC_FOR_ALLOC freed 1252K, 16% free 8262K/9764K, paused 24ms, total 24ms
I/PackageManager( 1567): Running dexopt on: com.android.dialer
W/linker  ( 2543): libdvm.so has text relocations. This is wasting memory and is a security risk. Please fix.
I/SubscribedFeeds( 2090): Setting ComponentInfo{com.google.android.gms/com.google.android.gms.subscribedfeeds.SyncService} to 1 [CONTEXT service_id=250 ]
I/SubscribedFeeds( 2090): Setting ComponentInfo{com.google.android.gms/com.google.android.gms.subscribedfeeds.GmsFeedsSyncService} to 1 [CONTEXT service_id=250 ]
D/dalvikvm( 2090): GC_FOR_ALLOC freed 1607K, 19% free 8161K/10016K, paused 8ms, total 8ms
D/AndroidRuntime( 2547): 
D/AndroidRuntime( 2547): >>>>>> AndroidRuntime START com.android.internal.os.RuntimeInit <<<<<<
W/linker  ( 2547): libdvm.so has text relocations. This is wasting memory and is a security risk. Please fix.
D/AndroidRuntime( 2547): CheckJNI is ON
D/dalvikvm( 2547): Trying to load lib libjavacore.so 0x0
D/dalvikvm( 2547): Added shared lib libjavacore.so 0x0
D/dalvikvm( 2547): Trying to load lib libnativehelper.so 0x0
D/dalvikvm( 2547): Added shared lib libnativehelper.so 0x0
D/dalvikvm( 2547): No JNI_OnLoad found in libnativehelper.so 0x0, skipping init
D/dalvikvm( 2543): DexOpt: load 16ms, verify+opt 51ms, 1622148 bytes
D/dalvikvm( 2547): Note: class Landroid/app/ActivityManagerNative; has 179 unimplemented (abstract) methods
E/GCM     ( 1776): Missing checkin config file
W/Settings( 1776): Setting airplane_mode_on has moved from android.provider.Settings.System to android.provider.Settings.Global, returning read-only value.
D/ExtensionsFactory( 2530): No custom extensions.
I/ActivityManager( 1567): Delay finish: com.android.dialer/.calllog.CallLogReceiver
E/memtrack( 2547): Couldn't load memtrack module (No such file or directory)
E/android.os.Debug( 2547): failed to load memtrack module: -2
W/GCM     ( 1776): GCM FAILED TO INITIALIZE - missing checkin
I/ActivityManager( 1567): Resuming delayed broadcast
E/GCM     ( 1776): Missing checkin config file
E/BluetoothAdapter( 1567): Bluetooth binder is null
E/BluetoothAdapter( 1567): Bluetooth binder is null
W/GCM     ( 1776): GCM FAILED TO INITIALIZE - missing checkin
W/Settings( 1776): Setting airplane_mode_on has moved from android.provider.Settings.System to android.provider.Settings.Global, returning read-only value.
E/SoundPool( 1567): error loading /system/media/audio/ui/Effect_Tick.ogg
W/AudioService( 1567): Soundpool could not load file: /system/media/audio/ui/Effect_Tick.ogg
E/SoundPool( 1567): error loading /system/media/audio/ui/Effect_Tick.ogg
W/AudioService( 1567): Soundpool could not load file: /system/media/audio/ui/Effect_Tick.ogg
E/SoundPool( 1567): error loading /system/media/audio/ui/Effect_Tick.ogg
W/AudioService( 1567): Soundpool could not load file: /system/media/audio/ui/Effect_Tick.ogg
E/SoundPool( 1567): error loading /system/media/audio/ui/Effect_Tick.ogg
W/AudioService( 1567): Soundpool could not load file: /system/media/audio/ui/Effect_Tick.ogg
E/SoundPool( 1567): error loading /system/media/audio/ui/Effect_Tick.ogg
W/AudioService( 1567): Soundpool could not load file: /system/media/audio/ui/Effect_Tick.ogg
E/SoundPool( 1567): error loading /system/media/audio/ui/KeypressStandard.ogg
W/AudioService( 1567): Soundpool could not load file: /system/media/audio/ui/KeypressStandard.ogg
E/SoundPool( 1567): error loading /system/media/audio/ui/KeypressSpacebar.ogg
W/AudioService( 1567): Soundpool could not load file: /system/media/audio/ui/KeypressSpacebar.ogg
E/SoundPool( 1567): error loading /system/media/audio/ui/KeypressDelete.ogg
W/AudioService( 1567): Soundpool could not load file: /system/media/audio/ui/KeypressDelete.ogg
E/SoundPool( 1567): error loading /system/media/audio/ui/KeypressReturn.ogg
W/AudioService( 1567): Soundpool could not load file: /system/media/audio/ui/KeypressReturn.ogg
E/SoundPool( 1567): error loading /system/media/audio/ui/KeypressInvalid.ogg
W/AudioService( 1567): Soundpool could not load file: /system/media/audio/ui/KeypressInvalid.ogg
W/AudioService( 1567): onLoadSoundEffects(), Error -1 while loading samples
V/WiredAccessoryManager( 1567): init()
I/PowerManagerService( 1567): Boot animation finished.
E/WakeLock( 1776): GCM_HB_ALARM release without a matched acquire!
W/WakeLock( 1776): GCM_HB_ALARM counter does not exist
I/GCoreUlr( 1776): WorldUpdater received intent Intent { act=com.google.android.location.reporting.ACTION_UPDATE_WORLD cmp=com.google.android.gms/com.google.android.location.reporting.service.DispatchingService (has extras) } with receiverAction init
D/dalvikvm( 1838): GC_FOR_ALLOC freed 709K, 26% free 5608K/7568K, paused 4ms, total 5ms
D/AndroidRuntime( 2547): Calling main entry com.android.commands.pm.Pm
D/dalvikvm( 1567): GC_FOR_ALLOC freed 1087K, 49% free 7666K/14816K, paused 7ms, total 13ms
D/AndroidRuntime( 2547): Shutting down VM
D/jdwp    ( 2547): Got wake-up signal, bailing out of select
D/dalvikvm( 2547): Debugger has detached; object registry had 1 entries
I/RecoverySystem( 1567): No recovery log file
I/AndroidRuntime( 2547): NOTE: attach of thread 'Binder_2' failed
D/dalvikvm( 2090): GC_FOR_ALLOC freed 1777K, 20% free 8080K/10072K, paused 77ms, total 77ms
I/BootReceiver( 1567): Copying audit failures to DropBox
I/BootReceiver( 1567): Checking for fsck errors
I/ActivityManager( 1567): Delay finish: com.android.providers.downloads/.DownloadReceiver
E/dalvikvm( 2090): Could not find class 'android.security.keystore.KeyGenParameterSpec$Builder', referenced from method rwq.a
W/dalvikvm( 2090): VFY: unable to resolve new-instance 1527 (Landroid/security/keystore/KeyGenParameterSpec$Builder;) in Lrwq;
D/dalvikvm( 2090): VFY: replacing opcode 0x22 at 0x0034
D/dalvikvm( 2090): DexOpt: unable to opt direct call 0x153f at 0x37 in Lrwq;.a
E/dalvikvm( 2090): Could not find class 'android.security.keystore.KeyGenParameterSpec$Builder', referenced from method rws.a
W/dalvikvm( 2090): VFY: unable to resolve new-instance 1527 (Landroid/security/keystore/KeyGenParameterSpec$Builder;) in Lrws;
D/dalvikvm( 2090): VFY: replacing opcode 0x22 at 0x000b
D/dalvikvm( 2090): DexOpt: unable to opt direct call 0x153f at 0x12 in Lrws;.a
I/ChmraDebugLogger( 2090): [11] com.google.android.gms.flags
I/DynamiteModule( 2090): Considering local module com.google.android.gms.flags:3 and remote module com.google.android.gms.flags:0
I/DynamiteModule( 2090): Selected local version of com.google.android.gms.flags
I/GCoreUlr( 1776): WorldUpdater:init: Ensuring that reporting is stopped because of reasons: (no Google accounts)
I/GCoreUlr( 1776): Unbound from all signal providers.
I/MediaRouter( 2090): Found default route: MediaRouter.RouteInfo{ uniqueId=android/aqi:DEFAULT_ROUTE, name=Phone, description=null, iconUri=null, enabled=true, connectionState=0, canDisconnect=false, playbackType=0, playbackStream=3, deviceType=0, volumeHandling=1, volume=11, volumeMax=15, presentationDisplayId=-1, extras=null, settingsIntent=null, providerPackageName=android }
I/MediaRouter( 2090): Unselecting the current route because it is no longer selectable: null
I/GCoreUlr( 1776): Unbound from all signal providers.
I/GCoreUlr( 1776): Stopping handler for UlrDispSvcFast
I/dalvikvm( 2090): Could not find method android.net.ConnectivityManager.getAllNetworks, referenced from method npq.a
W/dalvikvm( 2090): VFY: unable to resolve virtual method 3870: Landroid/net/ConnectivityManager;.getAllNetworks ()[Landroid/net/Network;
D/dalvikvm( 2090): VFY: replacing opcode 0x6e at 0x0025
I/dalvikvm( 2090): Could not find method android.net.ConnectivityManager.isDefaultNetworkActive, referenced from method npq.e
W/dalvikvm( 2090): VFY: unable to resolve virtual method 3874: Landroid/net/ConnectivityManager;.isDefaultNetworkActive ()Z
D/dalvikvm( 2090): VFY: replacing opcode 0x6e at 0x000d
I/ActivityManager( 1567): Resuming delayed broadcast
I/SystemUpdateService( 1838): cancelUpdate (empty URL)
E/dalvikvm( 1776): Could not find class 'android.telephony.SubscriptionManager', referenced from method amlx.a
W/dalvikvm( 1776): VFY: unable to resolve check-cast 8088 (Landroid/telephony/SubscriptionManager;) in Lamlx;
D/dalvikvm( 1776): VFY: replacing opcode 0x1f at 0x0016
I/CheckinResponseProcessor( 1838): From server: 1161 gservices [full]
I/SystemUpdateService( 1838): cancelUpdate (empty URL)
I/PackageManager( 1567): Running dexopt on: com.android.mms
I/ActivityManager( 1567): Start proc com.android.mms for broadcast com.android.mms/.transaction.MmsSystemEventReceiver: pid=2578 uid=10010 gids={50010, 3003, 1028, 1015}
W/linker  ( 2592): libdvm.so has text relocations. This is wasting memory and is a security risk. Please fix.
I/MediaProvider( 1829): Upgrading media database from version 0 to 700, which will destroy all old data
D/dalvikvm( 1829): GC_FOR_ALLOC freed 348K, 14% free 3389K/3924K, paused 2ms, total 2ms
E/SQLiteLog( 1829): (1) no such table: files
E/WVMExtractor( 1147): Failed to open libwvm.so
D/dalvikvm( 2592): DexOpt: load 14ms, verify+opt 41ms, 1353868 bytes
D/dalvikvm( 2090): GC_FOR_ALLOC freed 1470K, 18% free 8309K/10072K, paused 8ms, total 29ms
D/AndroidRuntime( 2593): 
D/AndroidRuntime( 2593): >>>>>> AndroidRuntime START com.android.internal.os.RuntimeInit <<<<<<
W/linker  ( 2593): libdvm.so has text relocations. This is wasting memory and is a security risk. Please fix.
D/AndroidRuntime( 2593): CheckJNI is ON
D/dalvikvm( 2593): Trying to load lib libjavacore.so 0x0
D/dalvikvm( 2593): Added shared lib libjavacore.so 0x0
D/dalvikvm( 2593): Trying to load lib libnativehelper.so 0x0
D/dalvikvm( 2593): Added shared lib libnativehelper.so 0x0
D/dalvikvm( 2593): No JNI_OnLoad found in libnativehelper.so 0x0, skipping init
D/CountryDetector( 1567): The first listener is added
V/MmsConfig( 2578): mnc/mcc: 310260
V/MmsConfig( 2578): tag: bool value: enabledMMS - true
V/MmsConfig( 2578): tag: int value: maxMessageSize - 307200
V/MmsConfig( 2578): tag: int value: maxImageHeight - 480
V/MmsConfig( 2578): tag: int value: maxImageWidth - 640
V/MmsConfig( 2578): tag: int value: defaultSMSMessagesPerThread - 10000
V/MmsConfig( 2578): tag: int value: defaultMMSMessagesPerThread - 1000
V/MmsConfig( 2578): tag: int value: minMessageCountPerThread - 10
V/MmsConfig( 2578): tag: int value: maxMessageCountPerThread - 5000
V/MmsConfig( 2578): tag: string value: uaProfUrl - http://www.google.com/oha/rdf/ua-profile-kila.xml
V/MmsConfig( 2578): tag: int value: recipientLimit - -1
V/MmsConfig( 2578): tag: bool value: enableMultipartSMS - true
V/MmsConfig( 2578): tag: int value: smsToMmsTextThreshold - -1
V/MmsConfig( 2578): tag: bool value: enableSlideDuration - true
V/MmsConfig( 2578): tag: int value: maxMessageTextSize - -1
I/CastDatabase( 2090): Opening the database
I/ChimeraCfgMgr( 2090): Received com.google.android.chimera.IntentOperation.NEW_MODULE(1/0): -1,false
W/ChimeraCfgMgr( 2090): Ignoring unexpected com.google.android.chimera.IntentOperation.NEW_MODULE
E/ConfigFileUtils( 2090): Failed to read config file: /data/data/com.google.android.gms/app_chimera/current_fileapks.pb: open failed: ENOENT (No such file or directory)
D/dalvikvm( 2593): Note: class Landroid/app/ActivityManagerNative; has 179 unimplemented (abstract) methods
I/Auth    ( 2090): [SupervisedAccountIntentOperation] onHandleIntent(): com.google.android.gms.chimera.container.CONTAINER_UPDATED
I/Auth    ( 2090): [SupervisedAccountIntentOperation] This operation is disabled
I/dalvikvm( 2090): Could not find method android.app.KeyguardManager.isDeviceLocked, referenced from method com.google.android.gms.ads.identifier.settings.g.a
W/dalvikvm( 2090): VFY: unable to resolve virtual method 2478: Landroid/app/KeyguardManager;.isDeviceLocked ()Z
D/dalvikvm( 2090): VFY: replacing opcode 0x6e at 0x0070
I/dalvikvm( 2090): Could not find method android.os.PowerManager.isInteractive, referenced from method com.google.android.gms.ads.identifier.settings.g.a
W/dalvikvm( 2090): VFY: unable to resolve virtual method 4227: Landroid/os/PowerManager;.isInteractive ()Z
D/dalvikvm( 2090): VFY: replacing opcode 0x6e at 0x0093
I/SQLiteCastDBHelper( 2090): Creating cast database
E/MetadataRetrieverClient( 1147): failed to extract an album art
I/ActivityManager( 1567): Delay finish: com.android.mms/.transaction.MmsSystemEventReceiver
I/ChimeraConfigService( 2090): Scheduling checkin every 120 seconds, with flex of 60 seconds
E/memtrack( 2593): Couldn't load memtrack module (No such file or directory)
E/android.os.Debug( 2593): failed to load memtrack module: -2
D/dalvikvm( 1567): GC_FOR_ALLOC freed 1086K, 48% free 7746K/14816K, paused 8ms, total 8ms
I/ChromeSync( 2090): [Sync,SyncIntentOperation] Handling the intent: Intent { act=com.google.android.gms.chimera.container.CONTAINER_UPDATED pkg=com.google.android.gms }.
I/SQLiteCastStore( 2090): 0 CastNetworkInfo instances loaded, 0 CastDeviceInfo instances loaded, 0 paired guest mode devices loaded.
I/constellation( 2090): [periodic_consent_checker] periodic consent checker is disabled.
D/AndroidRuntime( 2593): Calling main entry com.android.commands.pm.Pm
D/AndroidRuntime( 2593): Shutting down VM
D/jdwp    ( 2593): Got wake-up signal, bailing out of select
D/dalvikvm( 2593): Debugger has detached; object registry had 1 entries
D/Mms:app ( 2578): cancelNotification
I/AndroidRuntime( 2593): NOTE: attach of thread 'Binder_2' failed
I/ActivityManager( 1567): Resuming delayed broadcast
I/ActivityManager( 1567): Delay finish: com.android.mms/.transaction.SmsReceiver
D/MmsSmsDatabaseHelper( 1799): [MmsSmsDb] tableName: threads hasAutoIncrement: CREATE TABLE threads (_id INTEGER PRIMARY KEY AUTOINCREMENT,date INTEGER DEFAULT 0,message_count INTEGER DEFAULT 0,recipient_ids TEXT,snippet TEXT,snippet_cs INTEGER DEFAULT 0,read INTEGER DEFAULT 1,type INTEGER DEFAULT 0,error INTEGER DEFAULT 0,has_attachment INTEGER DEFAULT 0) result: true
D/MmsSmsDatabaseHelper( 1799): [MmsSmsDb] tableName: canonical_addresses hasAutoIncrement: CREATE TABLE canonical_addresses (_id INTEGER PRIMARY KEY AUTOINCREMENT,address TEXT) result: true
D/MmsSmsDatabaseHelper( 1799): [MmsSmsDb] tableName: part hasAutoIncrement: CREATE TABLE part (_id INTEGER PRIMARY KEY AUTOINCREMENT,mid INTEGER,seq INTEGER DEFAULT 0,ct TEXT,name TEXT,chset INTEGER,cd TEXT,fn TEXT,cid TEXT,cl TEXT,ctt_s INTEGER,ctt_t TEXT,_data TEXT,text TEXT) result: true
D/MmsSmsDatabaseHelper( 1799): [MmsSmsDb] tableName: pdu hasAutoIncrement: CREATE TABLE pdu (_id INTEGER PRIMARY KEY AUTOINCREMENT,thread_id INTEGER,date INTEGER,date_sent INTEGER DEFAULT 0,msg_box INTEGER,read INTEGER DEFAULT 0,m_id TEXT,sub TEXT,sub_cs INTEGER,ct_t TEXT,ct_l TEXT,exp INTEGER,m_cls TEXT,m_type INTEGER,v INTEGER,m_size INTEGER,pri INTEGER,rr INTEGER,rpt_a INTEGER,resp_st INTEGER,st INTEGER,tr_id TEXT,retr_st INTEGER,retr_txt TEXT,retr_txt_cs INTEGER,read_status INTEGER,ct_cls INTEGER,resp_txt TEXT,d_tm INTEGER,d_rpt INTEGER,locked INTEGER DEFAULT 0,seen INTEGER DEFAULT 0,text_only INTEGER DEFAULT 0) result: true
D/MmsSmsDatabaseHelper( 1799): [getWritableDatabase] hasAutoIncrementThreads: true hasAutoIncrementAddresses: true hasAutoIncrementPart: true hasAutoIncrementPdu: true
W/MediaScanner( 1829): Error opening directory '/storage/sdcard/.android_secure/', skipping: Permission denied.
D/dalvikvm( 1838): GC_FOR_ALLOC freed 367K, 19% free 6137K/7568K, paused 18ms, total 18ms
D/Mms:app ( 2578): cancelNotification
D/dalvikvm( 1838): GC_EXPLICIT freed <1K, 19% free 6138K/7568K, paused 3ms+1ms, total 7ms
I/ActivityManager( 1567): Resuming delayed broadcast
I/dalvikvm( 2090): Could not find method java.util.Locale.forLanguageTag, referenced from method arfv.a
W/dalvikvm( 2090): VFY: unable to resolve static method 57637: Ljava/util/Locale;.forLanguageTag (Ljava/lang/String;)Ljava/util/Locale;
D/dalvikvm( 2090): VFY: replacing opcode 0x71 at 0x0023
V/MediaScanner( 1829): pruneDeadThumbnailFiles... android.database.sqlite.SQLiteCursor@9d11dcd8
V/MediaScanner( 1829): /pruneDeadThumbnailFiles... android.database.sqlite.SQLiteCursor@9d11dcd8
D/dalvikvm( 2090): GC_FOR_ALLOC freed 1533K, 17% free 8548K/10268K, paused 7ms, total 7ms
I/NearbySharing( 2090): Runtime state initialization complete. Sharing is disabled. [CONTEXT service_id=194 ]
I/dalvikvm( 2090): Could not find method android.telephony.SubscriptionManager.from, referenced from method arew.a
W/dalvikvm( 2090): VFY: unable to resolve static method 1982: Landroid/telephony/SubscriptionManager;.from (Landroid/content/Context;)Landroid/telephony/SubscriptionManager;
D/dalvikvm( 2090): VFY: replacing opcode 0x71 at 0x006c
D/dalvikvm( 1838): GC_EXPLICIT freed 300K, 14% free 6516K/7568K, paused 1ms+1ms, total 5ms
D/AndroidRuntime( 2619): 
D/AndroidRuntime( 2619): >>>>>> AndroidRuntime START com.android.internal.os.RuntimeInit <<<<<<
W/linker  ( 2619): libdvm.so has text relocations. This is wasting memory and is a security risk. Please fix.
D/AndroidRuntime( 2619): CheckJNI is ON
D/dalvikvm( 2619): Trying to load lib libjavacore.so 0x0
D/dalvikvm( 2619): Added shared lib libjavacore.so 0x0
D/dalvikvm( 2619): Trying to load lib libnativehelper.so 0x0
D/dalvikvm( 2619): Added shared lib libnativehelper.so 0x0
D/dalvikvm( 2619): No JNI_OnLoad found in libnativehelper.so 0x0, skipping init
I/CastSocket( 2090): 19 >= 18. Adding new CastClientAuthKeyManager. [CONTEXT service_id=161 ]
D/dalvikvm( 2619): Note: class Landroid/app/ActivityManagerNative; has 179 unimplemented (abstract) methods
I/CertBlacklister( 1567): Certificate blacklist changed, updating...
I/CertBlacklister( 1567): Certificate blacklist updated
I/dalvikvm( 2090): Could not find method android.os.PowerManager.isInteractive, referenced from method kjw.a
W/dalvikvm( 2090): VFY: unable to resolve virtual method 4227: Landroid/os/PowerManager;.isInteractive ()Z
D/dalvikvm( 2090): VFY: replacing opcode 0x6e at 0x0012
I/DiscoveryManager( 2090): WifiGuestModeDeviceScanner enabled.
E/BluetoothAdapter( 2090): Bluetooth binder is null
E/memtrack( 2619): Couldn't load memtrack module (No such file or directory)
E/android.os.Debug( 2619): failed to load memtrack module: -2
W/dalvikvm( 2090): VFY: unable to find class referenced in signature (Landroid/bluetooth/le/ScanResult;)
I/dalvikvm( 2090): Could not find method android.bluetooth.le.ScanResult.getScanRecord, referenced from method kjg.a
W/dalvikvm( 2090): VFY: unable to resolve virtual method 2766: Landroid/bluetooth/le/ScanResult;.getScanRecord ()Landroid/bluetooth/le/ScanRecord;
D/dalvikvm( 2090): VFY: replacing opcode 0x6e at 0x0005
I/dalvikvm( 2090): Could not find method android.bluetooth.le.BluetoothLeScanner.stopScan, referenced from method kjg.b
W/dalvikvm( 2090): VFY: unable to resolve virtual method 2749: Landroid/bluetooth/le/BluetoothLeScanner;.stopScan (Landroid/bluetooth/le/ScanCallback;)V
D/dalvikvm( 2090): VFY: replacing opcode 0x6e at 0x000f
I/dalvikvm( 2090): Could not find method android.bluetooth.BluetoothAdapter.getBluetoothLeScanner, referenced from method kjg.c
W/dalvikvm( 2090): VFY: unable to resolve virtual method 2729: Landroid/bluetooth/BluetoothAdapter;.getBluetoothLeScanner ()Landroid/bluetooth/le/BluetoothLeScanner;
D/dalvikvm( 2090): VFY: replacing opcode 0x6e at 0x0025
E/dalvikvm( 2090): Could not find class 'android.bluetooth.le.ScanFilter$Builder', referenced from method kjg.c
W/dalvikvm( 2090): VFY: unable to resolve new-instance 624 (Landroid/bluetooth/le/ScanFilter$Builder;) in Lkjg;
D/dalvikvm( 2090): VFY: replacing opcode 0x22 at 0x0035
D/dalvikvm( 2090): DexOpt: unable to opt direct call 0x0abf at 0x37 in Lkjg;.c
D/dalvikvm( 2090): DexOpt: unable to opt direct call 0x0ad0 at 0x49 in Lkjg;.c
W/dalvikvm( 2090): Unable to resolve superclass of Luxp; (1263)
W/dalvikvm( 2090): Link of class 'Luxp;' failed
W/dalvikvm( 2090): Unable to resolve superclass of Lcom/google/android/gms/cast/discovery/BleDeviceScanner$BleScanCallback; (16036)
W/dalvikvm( 2090): Link of class 'Lcom/google/android/gms/cast/discovery/BleDeviceScanner$BleScanCallback;' failed
D/dalvikvm( 2090): DexOpt: unable to opt direct call 0x63e6 at 0x62 in Lkjg;.c
D/AndroidRuntime( 2619): Calling main entry com.android.commands.am.Am
D/dalvikvm( 1145): GC_EXPLICIT freed 39K, 8% free 2993K/3220K, paused 1ms+1ms, total 4ms
D/dalvikvm( 1145): GC_EXPLICIT freed <1K, 8% free 2993K/3220K, paused 0ms+0ms, total 2ms
D/dalvikvm( 1145): GC_EXPLICIT freed <1K, 8% free 2993K/3220K, paused 0ms+0ms, total 3ms
D/AndroidRuntime( 2619): Shutting down VM
D/jdwp    ( 2619): Got wake-up signal, bailing out of select
D/dalvikvm( 2619): Debugger has detached; object registry had 1 entries
I/ActivityManager( 1567): Start proc it.unina.android.ripper_service:android_ripper_service_process for service it.unina.android.ripper_service/.AndroidRipperService: pid=2633 uid=10057 gids={50057, 3003, 1028, 1015}
V/AndroidRipperService( 2633): onCreate()
V/SERVER  ( 2633): Starting ServerSocket on PORT 18888
V/SERVER  ( 2633): Started ServerSocket on PORT 18888
V/SERVER  ( 2633): Ready to accept connections on port: 18888
I/CertBlacklister( 1567): Certificate blacklist changed, updating...
I/CertBlacklister( 1567): Certificate blacklist updated
I/GservicesProvider( 1838): main update completed
D/dalvikvm( 2090): GC_EXPLICIT freed 1120K, 16% free 8654K/10268K, paused 2ms+1ms, total 12ms
E/StrictMode( 2090): Finalizing a Cursor that has not been deactivated or closed. database = /data/data/com.google.android.gms/databases/matchstickv9.db, table = sharedPreference, query = SELECT * FROM sharedPreference WHERE key = ?
E/StrictMode( 2090): android.database.sqlite.DatabaseObjectNotClosedException: Application did not close the cursor or database object that was opened here
E/StrictMode( 2090): 	at android.database.sqlite.SQLiteCursor.<init>(SQLiteCursor.java:98)
E/StrictMode( 2090): 	at android.database.sqlite.SQLiteDirectCursorDriver.query(SQLiteDirectCursorDriver.java:50)
E/StrictMode( 2090): 	at android.database.sqlite.SQLiteDatabase.rawQueryWithFactory(SQLiteDatabase.java:1314)
E/StrictMode( 2090): 	at android.database.sqlite.SQLiteDatabase.queryWithFactory(SQLiteDatabase.java:1161)
E/StrictMode( 2090): 	at android.database.sqlite.SQLiteDatabase.query(SQLiteDatabase.java:1032)
E/StrictMode( 2090): 	at android.database.sqlite.SQLiteDatabase.query(SQLiteDatabase.java:1200)
E/StrictMode( 2090): 	at aqsg.a(:com.google.android.gms@202414005@20.24.14 (000700-319035315):7)
E/StrictMode( 2090): 	at aqsv.K(:com.google.android.gms@202414005@20.24.14 (000700-319035315):4)
E/StrictMode( 2090): 	at com.google.android.gms.matchstick.intent.MatchstickIntentHandler$OnModuleInitOperation.a(:com.google.android.gms@202414005@20.24.14 (000700-319035315):14)
E/StrictMode( 2090): 	at ljt.onHandleIntent(:com.google.android.gms@202414005@20.24.14 (000700-319035315):7)
E/StrictMode( 2090): 	at com.google.android.chimera.IntentOperation.onHandleIntent(:com.google.android.gms@202414005@20.24.14 (000700-319035315):2)
E/StrictMode( 2090): 	at ljm.onHandleIntent(:com.google.android.gms@202414005@20.24.14 (000700-319035315):4)
E/StrictMode( 2090): 	at bsh.run(:com.google.android.gms@202414005@20.24.14 (000700-319035315):5)
E/StrictMode( 2090): 	at bsg.run(:com.google.android.gms@202414005@20.24.14 (000700-319035315):10)
E/StrictMode( 2090): 	at java.util.concurrent.ThreadPoolExecutor.runWorker(ThreadPoolExecutor.java:1112)
E/StrictMode( 2090): 	at java.util.concurrent.ThreadPoolExecutor$Worker.run(ThreadPoolExecutor.java:587)
E/StrictMode( 2090): 	at java.lang.Thread.run(Thread.java:841)
D/EGL_emulation( 1838): eglCreateContext: 0xb8eaadb0: maj 1 min 0 rcv 1
D/dalvikvm( 1838): GC_EXPLICIT freed 220K, 14% free 6551K/7568K, paused 0ms+1ms, total 19ms
D/EGL_emulation( 1838): eglMakeCurrent: 0xb8eaadb0: ver 1 0
D/EGL_emulation( 1838): eglCreateContext: 0xb8e82930: maj 3 min 0 rcv 3
D/EGL_emulation( 1838): eglMakeCurrent: 0xb8e82930: ver 3 0
E/eglCodecCommon( 1838): glUtilsParamSize: unknow param 0x00008cdf
E/eglCodecCommon( 1838): glUtilsParamSize: unknow param 0x00008824
D/EGL_emulation( 1838): eglCreateContext: 0xb8e82930: maj 1 min 0 rcv 1
W/DynamiteModule( 2090): Local module descriptor class for providerinstaller not found.
W/ProviderHelper( 2090): Unknown dynamite feature providerinstaller
D/EGL_emulation( 1838): eglMakeCurrent: 0xb8e82930: ver 1 0
I/DynamiteModule( 2090): Considering local module providerinstaller:0 and remote module providerinstaller:0
W/ProviderInstaller( 2090): Failed to load providerinstaller module: No acceptable module found. Local version is 0 and remote version is 0.
D/EGL_emulation( 1838): eglCreateContext: 0xb8e82930: maj 3 min 0 rcv 3
D/dalvikvm( 2090): GC_FOR_ALLOC freed 329K, 17% free 8570K/10268K, paused 7ms, total 7ms
D/EGL_emulation( 1838): eglMakeCurrent: 0xb8e82930: ver 3 0
E/eglCodecCommon( 1838): glUtilsParamSize: unknow param 0x00008cdf
E/eglCodecCommon( 1838): glUtilsParamSize: unknow param 0x00008824
I/dalvikvm-heap( 2090): Grow heap (frag case) to 9.611MB for 1048588-byte allocation
D/EGL_emulation( 1838): eglCreateContext: 0xb8e82930: maj 1 min 0 rcv 1
D/dalvikvm( 2090): GC_FOR_ALLOC freed 7K, 16% free 9587K/11296K, paused 10ms, total 10ms
D/EGL_emulation( 1838): eglMakeCurrent: 0xb8e82930: ver 1 0
I/dalvikvm( 2090): Could not find method android.system.Os.stat, referenced from method brj.a
W/dalvikvm( 2090): VFY: unable to resolve static method 3146: Landroid/system/Os;.stat (Ljava/lang/String;)Landroid/system/StructStat;
D/dalvikvm( 2090): VFY: replacing opcode 0x71 at 0x00d7
D/EGL_emulation( 1838): eglCreateContext: 0xb8e5bf50: maj 3 min 0 rcv 3
D/EGL_emulation( 1838): eglMakeCurrent: 0xb8e5bf50: ver 3 0
E/eglCodecCommon( 1838): glUtilsParamSize: unknow param 0x00008cdf
E/eglCodecCommon( 1838): glUtilsParamSize: unknow param 0x00008824
D/EGL_emulation( 1838): eglCreateContext: 0xb8e5bf50: maj 1 min 0 rcv 1
I/dalvikvm( 2090): Could not find method android.content.Context.getSystemService, referenced from method com.google.android.gms.chimera.GmsModuleInitializer.initializeModuleV0
W/dalvikvm( 2090): VFY: unable to resolve virtual method 3171: Landroid/content/Context;.getSystemService (Ljava/lang/Class;)Ljava/lang/Object;
D/dalvikvm( 2090): VFY: replacing opcode 0x6e at 0x0018
I/dalvikvm( 2090): Failed resolving Lhne; interface 505 'Landroid/content/pm/PackageManager$OnPermissionsChangedListener;'
W/dalvikvm( 2090): Link of class 'Lhne;' failed
I/dalvikvm( 2090): Failed resolving Lhne; interface 505 'Landroid/content/pm/PackageManager$OnPermissionsChangedListener;'
W/dalvikvm( 2090): Link of class 'Lhne;' failed
E/dalvikvm( 2090): Could not find class 'hne', referenced from method com.google.android.gms.chimera.GmsModuleInitializer.initializeModuleV0
W/dalvikvm( 2090): VFY: unable to resolve new-instance 6487 (Lhne;) in Lcom/google/android/gms/chimera/GmsModuleInitializer;
D/dalvikvm( 2090): VFY: replacing opcode 0x22 at 0x0101
I/dalvikvm( 2090): Failed resolving Lhne; interface 505 'Landroid/content/pm/PackageManager$OnPermissionsChangedListener;'
W/dalvikvm( 2090): Link of class 'Lhne;' failed
I/dalvikvm( 2090): Failed resolving Lhne; interface 505 'Landroid/content/pm/PackageManager$OnPermissionsChangedListener;'
W/dalvikvm( 2090): Link of class 'Lhne;' failed
D/dalvikvm( 2090): DexOpt: unable to opt direct call 0x6e9b at 0x103 in Lcom/google/android/gms/chimera/GmsModuleInitializer;.initializeModuleV0
I/dalvikvm( 2090): Could not find method android.content.Context.createDeviceProtectedStorageContext, referenced from method hgf.a
W/dalvikvm( 2090): VFY: unable to resolve virtual method 3139: Landroid/content/Context;.createDeviceProtectedStorageContext ()Landroid/content/Context;
D/dalvikvm( 2090): VFY: replacing opcode 0x6e at 0x0029
I/dalvikvm( 2090): Could not find method android.content.Context.getSystemService, referenced from method hgf.a
W/dalvikvm( 2090): VFY: unable to resolve virtual method 3171: Landroid/content/Context;.getSystemService (Ljava/lang/Class;)Ljava/lang/Object;
D/dalvikvm( 2090): VFY: replacing opcode 0x6e at 0x0009
D/EGL_emulation( 1838): eglMakeCurrent: 0xb8e5bf50: ver 1 0
I/dalvikvm( 2090): Could not find method android.content.Context.createDeviceProtectedStorageContext, referenced from method nzv.a
W/dalvikvm( 2090): VFY: unable to resolve virtual method 3139: Landroid/content/Context;.createDeviceProtectedStorageContext ()Landroid/content/Context;
D/dalvikvm( 2090): VFY: replacing opcode 0x6e at 0x0031
D/dalvikvm( 2090): GC_EXPLICIT freed 1539K, 26% free 8531K/11528K, paused 3ms+5ms, total 25ms
D/EGL_emulation( 1838): eglCreateContext: 0xb8e5bf50: maj 3 min 0 rcv 3
D/EGL_emulation( 1838): eglMakeCurrent: 0xb8e5bf50: ver 3 0
E/eglCodecCommon( 1838): glUtilsParamSize: unknow param 0x00008cdf
E/eglCodecCommon( 1838): glUtilsParamSize: unknow param 0x00008824
I/dalvikvm( 2090): Could not find method android.app.AppOpsManager.permissionToOp, referenced from method rr.a
W/dalvikvm( 2090): VFY: unable to resolve static method 2785: Landroid/app/AppOpsManager;.permissionToOp (Ljava/lang/String;)Ljava/lang/String;
D/dalvikvm( 2090): VFY: replacing opcode 0x71 at 0x000e
I/dalvikvm( 2090): Could not find method android.content.Context.getSystemService, referenced from method rr.a
W/dalvikvm( 2090): VFY: unable to resolve virtual method 3171: Landroid/content/Context;.getSystemService (Ljava/lang/Class;)Ljava/lang/Object;
D/dalvikvm( 2090): VFY: replacing opcode 0x6e at 0x002b
I/dalvikvm( 2090): Could not find method android.content.Context.getSystemService, referenced from method mry.a
W/dalvikvm( 2090): VFY: unable to resolve virtual method 3171: Landroid/content/Context;.getSystemService (Ljava/lang/Class;)Ljava/lang/Object;
D/dalvikvm( 2090): VFY: replacing opcode 0x6e at 0x001a
I/dalvikvm( 2090): Could not find method android.os.UserManager.isUserUnlocked, referenced from method mry.a
W/dalvikvm( 2090): VFY: unable to resolve virtual method 4621: Landroid/os/UserManager;.isUserUnlocked ()Z
D/dalvikvm( 2090): VFY: replacing opcode 0x6e at 0x0030
I/dalvikvm( 2090): Could not find method android.content.Context.isDeviceProtectedStorage, referenced from method mry.b
W/dalvikvm( 2090): VFY: unable to resolve virtual method 3177: Landroid/content/Context;.isDeviceProtectedStorage ()Z
D/dalvikvm( 2090): VFY: replacing opcode 0x6e at 0x0000
I/CheckinTask( 1838): Checkin success: https://android.clients.google.com/checkin (1 requests sent)
E/dalvikvm( 2090): Could not find class 'android.app.job.JobScheduler', referenced from method mei.<clinit>
W/dalvikvm( 2090): VFY: unable to resolve const-class 443 (Landroid/app/job/JobScheduler;) in Lmei;
D/dalvikvm( 2090): VFY: replacing opcode 0x1c at 0x0007
I/dalvikvm( 2090): Could not find method android.os.PowerManager.isDeviceIdleMode, referenced from method ikv.a
W/dalvikvm( 2090): VFY: unable to resolve virtual method 4576: Landroid/os/PowerManager;.isDeviceIdleMode ()Z
D/dalvikvm( 2090): VFY: replacing opcode 0x6e at 0x0131
I/dalvikvm( 2090): Could not find method android.os.PowerManager.isPowerSaveMode, referenced from method ikv.a
W/dalvikvm( 2090): VFY: unable to resolve virtual method 4578: Landroid/os/PowerManager;.isPowerSaveMode ()Z
D/dalvikvm( 2090): VFY: replacing opcode 0x6e at 0x0145
I/EventLogService( 1838): Aggregate from 1629086383890 (log), 0 (data)
D/dalvikvm( 2090): DexOpt: --- BEGIN 'AdsDynamite.apk' (bootstrap=0) ---
I/dalvikvm( 2090): Could not find method android.app.NotificationManager.getNotificationChannel, referenced from method gzd.a
W/dalvikvm( 2090): VFY: unable to resolve virtual method 2974: Landroid/app/NotificationManager;.getNotificationChannel (Ljava/lang/String;)Landroid/app/NotificationChannel;
D/dalvikvm( 2090): VFY: replacing opcode 0x6e at 0x00c5
D/dalvikvm( 2090): DexOpt: unable to opt direct call 0x0b8a at 0xd2 in Lgzd;.a
I/dalvikvm( 2090): Could not find method android.content.pm.PackageManager.getPackageInstaller, referenced from method gzw.a
W/dalvikvm( 2090): VFY: unable to resolve virtual method 3338: Landroid/content/pm/PackageManager;.getPackageInstaller ()Landroid/content/pm/PackageInstaller;
D/dalvikvm( 2090): VFY: replacing opcode 0x6e at 0x0024
W/linker  ( 2657): libdvm.so has text relocations. This is wasting memory and is a security risk. Please fix.
I/Velvet.VelvetFactory( 2188): refreshing internal icing corpora
I/Search.RefreshSearchDomainTask( 2188): refreshing search domain
I/Search.GservicesUpdateTask( 2188): Updating Gservices keys
I/ActivityManager( 1567): Delay finish: com.google.android.googlequicksearchbox/com.google.android.searchcommon.StartUpReceiver
E/BluetoothAdapter( 1776): Bluetooth binder is null
D/dalvikvm( 1838): GC_EXPLICIT freed 1026K, 21% free 6009K/7568K, paused 1ms+1ms, total 10ms
E/AsyncOperation( 1776): serviceID=51, operation=GetExperimentTokensOperationCall
E/AsyncOperation( 1776): OperationException[Status{statusCode=No config packages for log source, or config package not registered, resolution=null}]
E/AsyncOperation( 1776): 	at ahif.a(:com.google.android.gms@202414005@20.24.14 (000700-319035315):87)
E/AsyncOperation( 1776): 	at ahif.a(:com.google.android.gms@202414005@20.24.14 (000700-319035315):80)
E/AsyncOperation( 1776): 	at uun.run(:com.google.android.gms@202414005@20.24.14 (000700-319035315):9)
E/AsyncOperation( 1776): 	at bcny.run(:com.google.android.gms@202414005@20.24.14 (000700-319035315):2)
E/AsyncOperation( 1776): 	at nlp.b(:com.google.android.gms@202414005@20.24.14 (000700-319035315):12)
E/AsyncOperation( 1776): 	at nlp.run(:com.google.android.gms@202414005@20.24.14 (000700-319035315):7)
E/AsyncOperation( 1776): 	at java.util.concurrent.ThreadPoolExecutor.runWorker(ThreadPoolExecutor.java:1112)
E/AsyncOperation( 1776): 	at java.util.concurrent.ThreadPoolExecutor$Worker.run(ThreadPoolExecutor.java:587)
E/AsyncOperation( 1776): 	at nrd.run(:com.google.android.gms@202414005@20.24.14 (000700-319035315):0)
E/AsyncOperation( 1776): 	at java.lang.Thread.run(Thread.java:841)
I/GStaticConfiguration( 2188): Ignore gservice update: no configuration
W/Search.SearchUrlHelper( 2188): Auth token not ready, no auth header set.
I/ahlt    ( 1776): updateFromConfigurations using legacy put method [CONTEXT service_id=204 ]
D/dalvikvm( 2188): GC_FOR_ALLOC freed 366K, 15% free 3372K/3924K, paused 13ms, total 13ms
I/ahlt    ( 1776): updateFromConfigurations using legacy put method [CONTEXT service_id=204 ]
D/dalvikvm( 1838): GC_EXPLICIT freed 235K, 22% free 5927K/7568K, paused 12ms+0ms, total 16ms
D/dalvikvm( 2090): GC_EXPLICIT freed 848K, 25% free 8743K/11528K, paused 0ms+1ms, total 9ms
D/dalvikvm( 1776): GC_FOR_ALLOC freed 1622K, 19% free 8412K/10292K, paused 7ms, total 15ms
E/ConfigFileUtils( 2090): Failed to read config file: /data/data/com.google.android.gms/app_chimera/current_fileapks.pb: open failed: ENOENT (No such file or directory)
E/ConfigFileUtils( 2090): Failed to read config file: /data/data/com.google.android.gms/app_chimera/current_fileapks.pb: open failed: ENOENT (No such file or directory)
I/GmsModuleFndr( 2090): Beginning GMS chimera module scan
E/ConfigFileUtils( 2090): Failed to read config file: /data/data/com.google.android.gms/app_chimera/current_fileapks.pb: open failed: ENOENT (No such file or directory)
I/ModuleSetMgr( 2090): Computing pending module set with APKs: []
I/dalvikvm( 2090): Could not find method android.os.UserManager.getUserProfiles, referenced from method ajir.g
W/dalvikvm( 2090): VFY: unable to resolve virtual method 29751: Landroid/os/UserManager;.getUserProfiles ()Ljava/util/List;
D/dalvikvm( 2090): VFY: replacing opcode 0x6e at 0x0018
I/dalvikvm( 2090): Could not find method java.util.Locale.toLanguageTag, referenced from method com.google.android.libraries.matchstick.net.SilentRegisterIntentOperation.a
W/dalvikvm( 2090): VFY: unable to resolve virtual method 57646: Ljava/util/Locale;.toLanguageTag ()Ljava/lang/String;
D/dalvikvm( 2090): VFY: replacing opcode 0x6e at 0x0066
I/ModuleSetMgr( 2090): Pending container module APKs: []
I/ModuleSetMgr( 2090): Pending non-container module APKs: []
I/dalvikvm( 2090): Could not find method java.util.Locale.toLanguageTag, referenced from method ing.a
W/dalvikvm( 2090): VFY: unable to resolve virtual method 33842: Ljava/util/Locale;.toLanguageTag ()Ljava/lang/String;
D/dalvikvm( 2090): VFY: replacing opcode 0x6e at 0x0061
I/dalvikvm( 2090): Could not find method java.util.Locale.toLanguageTag, referenced from method ing.b
W/dalvikvm( 2090): VFY: unable to resolve virtual method 33842: Ljava/util/Locale;.toLanguageTag ()Ljava/lang/String;
D/dalvikvm( 2090): VFY: replacing opcode 0x6e at 0x0078
I/dalvikvm( 2090): Could not find method java.util.Locale.toLanguageTag, referenced from method ing.c
W/dalvikvm( 2090): VFY: unable to resolve virtual method 33842: Ljava/util/Locale;.toLanguageTag ()Ljava/lang/String;
D/dalvikvm( 2090): VFY: replacing opcode 0x6e at 0x0010
I/dalvikvm( 2090): Could not find method java.util.Locale.toLanguageTag, referenced from method ing.d
W/dalvikvm( 2090): VFY: unable to resolve virtual method 33842: Ljava/util/Locale;.toLanguageTag ()Ljava/lang/String;
D/dalvikvm( 2090): VFY: replacing opcode 0x6e at 0x000e
E/ConfigFileUtils( 2090): Failed to read config file: /data/data/com.google.android.gms/app_chimera/current_fileapks.pb: open failed: ENOENT (No such file or directory)
I/dalvikvm( 2090): Could not find method java.util.Locale.toLanguageTag, referenced from method inz.a
W/dalvikvm( 2090): VFY: unable to resolve virtual method 33842: Ljava/util/Locale;.toLanguageTag ()Ljava/lang/String;
D/dalvikvm( 2090): VFY: replacing opcode 0x6e at 0x004b
I/dalvikvm( 2090): Could not find method java.util.Locale.toLanguageTag, referenced from method iof.a
W/dalvikvm( 2090): VFY: unable to resolve virtual method 33842: Ljava/util/Locale;.toLanguageTag ()Ljava/lang/String;
D/dalvikvm( 2090): VFY: replacing opcode 0x6e at 0x01b2
I/dalvikvm( 2090): Could not find method java.util.Locale.toLanguageTag, referenced from method iof.e
W/dalvikvm( 2090): VFY: unable to resolve virtual method 33842: Ljava/util/Locale;.toLanguageTag ()Ljava/lang/String;
D/dalvikvm( 2090): VFY: replacing opcode 0x6e at 0x003f
I/dalvikvm( 2090): Could not find method java.util.Locale.toLanguageTag, referenced from method iof.f
