I/Icing   ( 2084): IndexChimeraService.getServiceInterface callingPackage=com.google.android.googlequicksearchbox componentName=null serviceId=21
D/dalvikvm( 1570): GC_FOR_ALLOC freed 1285K, 48% free 7788K/14816K, paused 18ms, total 18ms
I/PackageManager( 1570):   Action: "android.intent.action.SENDTO"
I/PackageManager( 1570):   Category: "android.intent.category.DEFAULT"
I/PackageManager( 1570):   Scheme: "mms"
I/PackageManager( 1570): Adding preferred activity ComponentInfo{com.android.mms/com.android.mms.ui.ComposeMessageActivity} for user 0 :
W/Icing.InternalIcingCorporaProvider( 2187): Application table change notification failed.
I/Icing.InternalIcingCorporaProvider( 2187): Updating corpora: A: com.google.android.gms, C: MAYBE
D/dalvikvm( 1833): GC_FOR_ALLOC freed 369K, 17% free 3662K/4384K, paused 3ms, total 13ms
I/PackageManager( 1570):   Action: "android.intent.action.SENDTO"
I/PackageManager( 1570):   Category: "android.intent.category.DEFAULT"
I/PackageManager( 1570):   Scheme: "mmsto"
I/PackageManager( 1570): Adding preferred activity ComponentInfo{com.android.mms/com.android.mms.ui.ComposeMessageActivity} for user 0 :
I/PackageManager( 1570):   Action: "android.intent.action.SENDTO"
I/PackageManager( 1570):   Category: "android.intent.category.DEFAULT"
I/PackageManager( 1570):   Scheme: "sms"
I/PackageManager( 1570): Adding preferred activity ComponentInfo{com.android.mms/com.android.mms.ui.ComposeMessageActivity} for user 0 :
I/PackageManager( 1570):   Action: "android.intent.action.SENDTO"
I/PackageManager( 1570):   Category: "android.intent.category.DEFAULT"
I/PackageManager( 1570):   Scheme: "smsto"
I/PackageManager( 1570): Adding preferred activity ComponentInfo{com.android.mms/com.android.mms.ui.ComposeMessageActivity} for user 0 :
I/PackageManager( 1570):   Action: "android.intent.action.SENDTO"
I/PackageManager( 1570):   Category: "android.intent.category.DEFAULT"
I/PackageManager( 1570):   Scheme: "mms"
I/Icing   ( 2084): IndexChimeraService.getServiceInterface callingPackage=com.google.android.googlequicksearchbox componentName=null serviceId=21
I/PackageManager( 1570): Adding preferred activity ComponentInfo{com.android.mms/com.android.mms.ui.ComposeMessageActivity} for user 0 :
D/dalvikvm( 1833): GC_FOR_ALLOC freed 407K, 17% free 3662K/4384K, paused 3ms, total 3ms
I/PackageManager( 1570):   Action: "android.intent.action.SENDTO"
I/PackageManager( 1570):   Category: "android.intent.category.DEFAULT"
I/PackageManager( 1570):   Scheme: "mmsto"
I/PackageManager( 1570): Adding preferred activity ComponentInfo{com.android.mms/com.android.mms.ui.ComposeMessageActivity} for user 0 :
I/PackageManager( 1570):   Action: "android.intent.action.SENDTO"
I/PackageManager( 1570):   Category: "android.intent.category.DEFAULT"
I/PackageManager( 1570):   Scheme: "sms"
I/PackageManager( 1570): Adding preferred activity ComponentInfo{com.android.mms/com.android.mms.ui.ComposeMessageActivity} for user 0 :
D/dalvikvm( 1570): GC_FOR_ALLOC freed 1192K, 48% free 7799K/14816K, paused 9ms, total 9ms
W/Icing   ( 2084): No valid account for uploading user actions
I/Icing   ( 2084): Usage reports ok 0, Failed Usage reports 0, indexed 0, rejected 0
I/PackageManager( 1570):   Action: "android.intent.action.SENDTO"
I/PackageManager( 1570):   Category: "android.intent.category.DEFAULT"
I/PackageManager( 1570):   Scheme: "smsto"
I/PackageManager( 1570): Adding preferred activity ComponentInfo{com.android.mms/com.android.mms.ui.ComposeMessageActivity} for user 0 :
I/Icing   ( 2084): updateResources: need to parse wwx{com.google.android.gms}
I/PackageManager( 1570):   Action: "android.intent.action.SENDTO"
I/PackageManager( 1570):   Category: "android.intent.category.DEFAULT"
I/PackageManager( 1570):   Scheme: "mms"
D/dalvikvm( 1833): GC_FOR_ALLOC freed 394K, 17% free 3660K/4384K, paused 2ms, total 2ms
I/PackageManager( 1570): Adding preferred activity ComponentInfo{com.android.mms/com.android.mms.ui.ComposeMessageActivity} for user 0 :
I/MS_RegisterService( 2084): checking registration with Lighter
I/PackageManager( 1570):   Action: "android.intent.action.SENDTO"
I/PackageManager( 1570):   Category: "android.intent.category.DEFAULT"
I/PackageManager( 1570):   Scheme: "mmsto"
I/PackageManager( 1570): Adding preferred activity ComponentInfo{com.android.mms/com.android.mms.ui.ComposeMessageActivity} for user 0 :
D/dalvikvm( 2084): GC_FOR_ALLOC freed 2003K, 10% free 21891K/24148K, paused 33ms, total 33ms
I/LT_StubFactory( 2084): tachyonHostName = instantmessaging-pa.googleapis.com and tachyonPortNumber = 443
D/LT_OkHttpChannelBuilder( 2084): Using Spatula header keyless authentication.
W/GLSUser ( 1797): [DeviceKeyStore] Cannot load key: Device key file not found.
W/GLSUser ( 1797): [DeviceKeyStore] Cannot load key: Device key file not found.
D/dalvikvm( 1776): GC_FOR_ALLOC freed 2128K, 25% free 10035K/13268K, paused 16ms, total 17ms
D/dalvikvm( 2084): GC_FOR_ALLOC freed 1119K, 12% free 21438K/24148K, paused 24ms, total 24ms
I/dalvikvm-heap( 2084): Grow heap (frag case) to 21.445MB for 279784-byte allocation
D/dalvikvm( 2084): GC_FOR_ALLOC freed <1K, 12% free 21711K/24424K, paused 21ms, total 21ms
D/LT_ClntIntrcptrFctryV12( 2084): Spatula header: CjYKFmNvbS5nb29nbGUuYW5kcm9pZC5nbXMaHFdPSEVFejkwUWV3OUxDY0NjS0ZJQXRwSHVnND0YtLTzq86vif04
I/LT_PhenotypeApiImplV12( 2084): Retrieve experiment configurations for: 
I/ahju    ( 1776): Scheduling Phenotype for a PhenotypeSyncImmediately(6, com.google.lighter.android#com.google.android.gms) one off with window [1, 2] in seconds [CONTEXT service_id=51 ]
I/LT_PhenotypeApiImplV12( 2084): Phenotype registration succeeded
W/Icing   ( 2084): No valid account for uploading user actions
I/Icing   ( 2084): Usage reports ok 0, Failed Usage reports 0, indexed 0, rejected 0
W/Icing   ( 2084): No valid account for uploading user actions
I/Icing   ( 2084): Usage reports ok 0, Failed Usage reports 0, indexed 0, rejected 0
I/Icing   ( 2084): Indexing com.google.android.gms-apps from com.google.android.gms
I/Icing   ( 2084): Indexing done com.google.android.gms-apps
I/Icing   ( 2084): Indexing com.google.android.googlequicksearchbox-applications from com.google.android.googlequicksearchbox
I/MS_RegisterService( 2084): checking registration with Lighter
I/Icing   ( 2084): Indexing done com.google.android.googlequicksearchbox-applications
I/Icing   ( 2084): Indexing com.google.android.gms-apps from com.google.android.gms
I/Icing   ( 2084): Indexing done com.google.android.gms-apps
I/Icing   ( 2084): Indexing com.google.android.gms-internal.3p:MobileApplication from com.google.android.gms
I/Icing   ( 2084): Indexing done com.google.android.gms-internal.3p:MobileApplication
I/ChimeraCfgMgr( 2084): Updating module config: container:2024149000700 -> container:2024149000700
E/DowngradeHelper( 2084): isModuleDowngradeRequired false
E/ConfigFileUtils( 2084): Failed to read config file: /data/data/com.google.android.gms/app_chimera/current_modules_init.pb: open failed: ENOENT (No such file or directory)
D/dalvikvm( 2084): GC_FOR_ALLOC freed 2652K, 14% free 21107K/24424K, paused 17ms, total 17ms
I/ChimeraCfgMgr( 2084): Sending com.google.android.chimera.IntentOperation.NEW_MODULE Intents: 1,false,true
I/ChmraDebugLogger( 2084): [46] container:2024149000700
I/ChimeraCfgMgr( 2084): Received com.google.android.chimera.IntentOperation.NEW_MODULE(1/0): 1,false
I/ChimeraConfigurator( 2084): Starting update, reason: 4 urgentFeatures: vision.ocr:-1
E/ConfigFileUtils( 2084): Failed to read config file: /data/data/com.google.android.gms/app_chimera/next_container.pb: open failed: ENOENT (No such file or directory)
I/ChmraDebugLogger( 2084): [73] 1801
I/ChmraDebugLogger( 2084): [30] [VisionOcr.optional:202414000700] permitMetered=true,
W/ChimeraConfigService( 2084): Retry attempt was throttled.
I/dalvikvm( 2084): JIT code cache full after ChainingCell (trace uses 264B)
E/PhenotypeRegOp( 2084): Attempting to overwrite config package for com.google.android.gms.games [CONTEXT service_id=231 ]
E/PhenotypeRegOp( 2084): Attempting to overwrite config package for com.google.android.gms.mobile_data_plan [CONTEXT service_id=231 ]
E/PhenotypeRegOp( 2084): Attempting to overwrite config package for com.google.android.gms.signin [CONTEXT service_id=231 ]
E/PhenotypeRegOp( 2084): Attempting to overwrite config package for com.google.android.gms.udc [CONTEXT service_id=231 ]
D/dalvikvm( 1570): GC_FOR_ALLOC freed 1234K, 48% free 7770K/14816K, paused 7ms, total 7ms
D/dalvikvm( 1776): GC_FOR_ALLOC freed 1752K, 23% free 10330K/13268K, paused 9ms, total 9ms
W/Nearby  ( 1776): Failed attempt #3 out of 3 for RestoreDeviceName [CONTEXT service_id=49 ]
W/Nearby  ( 1776): java.lang.IllegalStateException: BluetoothAdapter not ready yet!
W/Nearby  ( 1776): 	at adap.d(:com.google.android.gms@202414005@20.24.14 (000700-319035315):2)
W/Nearby  ( 1776): 	at adao.run(Unknown Source)
W/Nearby  ( 1776): 	at bksp.call(Unknown Source)
W/Nearby  ( 1776): 	at bksu.a(:com.google.android.gms@202414005@20.24.14 (000700-319035315):2)
W/Nearby  ( 1776): 	at bksu.a(:com.google.android.gms@202414005@20.24.14 (000700-319035315):9)
W/Nearby  ( 1776): 	at adan.run(Unknown Source)
W/Nearby  ( 1776): 	at java.lang.Thread.run(Thread.java:841)
W/Nearby  ( 1776): 	at nln.run(Unknown Source)
W/Nearby  ( 1776): 	at java.util.concurrent.ThreadPoolExecutor.runWorker(ThreadPoolExecutor.java:1112)
W/Nearby  ( 1776): 	at java.util.concurrent.ThreadPoolExecutor$Worker.run(ThreadPoolExecutor.java:587)
W/Nearby  ( 1776): 	at nrd.run(:com.google.android.gms@202414005@20.24.14 (000700-319035315):0)
W/Nearby  ( 1776): 	at java.lang.Thread.run(Thread.java:841)
I/ActivityManager( 1570): Killing 1991:com.android.externalstorage/u0a6 (adj 15): empty #17
I/Vision  ( 2084): Requesting optional module download of ocr.
I/Vision  ( 2084): Checking for download completion for 61262 -- ocr
D/InitAlarmsService( 2338): Clearing and rescheduling alarms.
I/ActivityManager( 1570): Killing 1888:com.android.printspooler/u0a44 (adj 15): empty #17
W/Nearby  ( 1776): Failed attempt #3 out of 3 for RestoreDeviceName [CONTEXT service_id=49 ]
W/Nearby  ( 1776): java.lang.IllegalStateException: BluetoothAdapter not ready yet!
W/Nearby  ( 1776): 	at adap.d(:com.google.android.gms@202414005@20.24.14 (000700-319035315):2)
W/Nearby  ( 1776): 	at adao.run(Unknown Source)
W/Nearby  ( 1776): 	at bksp.call(Unknown Source)
W/Nearby  ( 1776): 	at bksu.a(:com.google.android.gms@202414005@20.24.14 (000700-319035315):2)
W/Nearby  ( 1776): 	at bksu.a(:com.google.android.gms@202414005@20.24.14 (000700-319035315):9)
W/Nearby  ( 1776): 	at adan.run(Unknown Source)
W/Nearby  ( 1776): 	at java.lang.Thread.run(Thread.java:841)
W/Nearby  ( 1776): 	at nln.run(Unknown Source)
W/Nearby  ( 1776): 	at java.util.concurrent.ThreadPoolExecutor.runWorker(ThreadPoolExecutor.java:1112)
W/Nearby  ( 1776): 	at java.util.concurrent.ThreadPoolExecutor$Worker.run(ThreadPoolExecutor.java:587)
W/Nearby  ( 1776): 	at nrd.run(:com.google.android.gms@202414005@20.24.14 (000700-319035315):0)
W/Nearby  ( 1776): 	at java.lang.Thread.run(Thread.java:841)
I/Vision  ( 2084): Requesting optional module download of ocr.
I/Vision  ( 2084): Checking for download completion for 71327 -- ocr
D/dalvikvm( 2084): JIT code cache reset in 0 ms (523024 bytes 2/0)
D/dalvikvm( 2084): GC_FOR_ALLOC freed 2347K, 15% free 20807K/24424K, paused 32ms, total 32ms
E/dalvikvm( 1776): JIT code cache full
D/ConnectivityService( 1570): Sampling interval elapsed, updating statistics ..
D/ConnectivityService( 1570): Done.
D/ConnectivityService( 1570): Setting timer for 720seconds
I/Vision  ( 2084): Requesting optional module download of ocr.
I/Vision  ( 2084): Checking for download completion for 81335 -- ocr
I/MediaFocusControl( 1570):  AudioFocus  abandonAudioFocus() from android.media.AudioManager@9d09afe8com.android.music.MediaPlaybackService$3@9d099ee8
W/MediaFocusControl( 1570):   RemoteControlClient died
I/ActivityManager( 1570): Killing 2151:com.android.music/u0a36 (adj 15): empty #17
I/Vision  ( 2084): Requesting optional module download of ocr.
I/Vision  ( 2084): Checking for download completion for 91342 -- ocr
D/AndroidRuntime( 2908): 
D/AndroidRuntime( 2908): >>>>>> AndroidRuntime START com.android.internal.os.RuntimeInit <<<<<<
W/linker  ( 2908): libdvm.so has text relocations. This is wasting memory and is a security risk. Please fix.
D/AndroidRuntime( 2908): CheckJNI is ON
D/dalvikvm( 2908): Trying to load lib libjavacore.so 0x0
D/dalvikvm( 2908): Added shared lib libjavacore.so 0x0
D/dalvikvm( 2908): Trying to load lib libnativehelper.so 0x0
D/dalvikvm( 2908): Added shared lib libnativehelper.so 0x0
D/dalvikvm( 2908): No JNI_OnLoad found in libnativehelper.so 0x0, skipping init
D/dalvikvm( 2908): Note: class Landroid/app/ActivityManagerNative; has 179 unimplemented (abstract) methods
E/memtrack( 2908): Couldn't load memtrack module (No such file or directory)
E/android.os.Debug( 2908): failed to load memtrack module: -2
D/AndroidRuntime( 2908): Calling main entry com.android.commands.pm.Pm
D/AndroidRuntime( 2908): Shutting down VM
D/jdwp    ( 2908): Got wake-up signal, bailing out of select
D/dalvikvm( 2908): Debugger has detached; object registry had 1 entries
D/AndroidRuntime( 2920): 
D/AndroidRuntime( 2920): >>>>>> AndroidRuntime START com.android.internal.os.RuntimeInit <<<<<<
W/linker  ( 2920): libdvm.so has text relocations. This is wasting memory and is a security risk. Please fix.
D/AndroidRuntime( 2920): CheckJNI is ON
D/dalvikvm( 2920): Trying to load lib libjavacore.so 0x0
D/dalvikvm( 2920): Added shared lib libjavacore.so 0x0
D/dalvikvm( 2920): Trying to load lib libnativehelper.so 0x0
D/dalvikvm( 2920): Added shared lib libnativehelper.so 0x0
D/dalvikvm( 2920): No JNI_OnLoad found in libnativehelper.so 0x0, skipping init
D/dalvikvm( 2920): Note: class Landroid/app/ActivityManagerNative; has 179 unimplemented (abstract) methods
E/memtrack( 2920): Couldn't load memtrack module (No such file or directory)
E/android.os.Debug( 2920): failed to load memtrack module: -2
D/AndroidRuntime( 2920): Calling main entry com.android.commands.pm.Pm
D/AndroidRuntime( 2920): Shutting down VM
D/jdwp    ( 2920): Got wake-up signal, bailing out of select
D/dalvikvm( 2920): Debugger has detached; object registry had 1 entries
D/AndroidRuntime( 2931): 
D/AndroidRuntime( 2931): >>>>>> AndroidRuntime START com.android.internal.os.RuntimeInit <<<<<<
W/linker  ( 2931): libdvm.so has text relocations. This is wasting memory and is a security risk. Please fix.
D/AndroidRuntime( 2931): CheckJNI is ON
D/dalvikvm( 2931): Trying to load lib libjavacore.so 0x0
D/dalvikvm( 2931): Added shared lib libjavacore.so 0x0
D/dalvikvm( 2931): Trying to load lib libnativehelper.so 0x0
D/dalvikvm( 2931): Added shared lib libnativehelper.so 0x0
D/dalvikvm( 2931): No JNI_OnLoad found in libnativehelper.so 0x0, skipping init
D/dalvikvm( 2931): Note: class Landroid/app/ActivityManagerNative; has 179 unimplemented (abstract) methods
E/memtrack( 2931): Couldn't load memtrack module (No such file or directory)
E/android.os.Debug( 2931): failed to load memtrack module: -2
D/AndroidRuntime( 2931): Calling main entry com.android.commands.pm.Pm
D/AndroidRuntime( 2931): Shutting down VM
D/jdwp    ( 2931): Got wake-up signal, bailing out of select
D/dalvikvm( 2931): Debugger has detached; object registry had 1 entries
D/AndroidRuntime( 2947): 
D/AndroidRuntime( 2947): >>>>>> AndroidRuntime START com.android.internal.os.RuntimeInit <<<<<<
W/linker  ( 2947): libdvm.so has text relocations. This is wasting memory and is a security risk. Please fix.
D/AndroidRuntime( 2947): CheckJNI is ON
D/dalvikvm( 2947): Trying to load lib libjavacore.so 0x0
D/dalvikvm( 2947): Added shared lib libjavacore.so 0x0
D/dalvikvm( 2947): Trying to load lib libnativehelper.so 0x0
D/dalvikvm( 2947): Added shared lib libnativehelper.so 0x0
D/dalvikvm( 2947): No JNI_OnLoad found in libnativehelper.so 0x0, skipping init
D/dalvikvm( 2947): Note: class Landroid/app/ActivityManagerNative; has 179 unimplemented (abstract) methods
E/memtrack( 2947): Couldn't load memtrack module (No such file or directory)
E/android.os.Debug( 2947): failed to load memtrack module: -2
D/AndroidRuntime( 2947): Calling main entry com.android.commands.pm.Pm
I/PackageManager( 1570): Running dexopt on: com.android.defcontainer
W/linker  ( 2970): libdvm.so has text relocations. This is wasting memory and is a security risk. Please fix.
I/ActivityManager( 1570): Start proc com.android.defcontainer for service com.android.defcontainer/.DefaultContainerService: pid=2957 uid=10003 gids={50003, 1028, 1015, 1023, 2001, 1035}
D/dalvikvm( 2970): DexOpt: load 1ms, verify+opt 1ms, 201428 bytes
W/ActivityManager( 1570): No content provider found for permission revoke: file:///data/local/tmp/AndroidRipperService.apk
W/ActivityManager( 1570): No content provider found for permission revoke: file:///data/local/tmp/AndroidRipperService.apk
I/PackageManager( 1570): Copying native libraries to /data/app-lib/vmdl65382691
I/PackageParser( 1570): it.unina.android.ripper_service: compat added android.permission.WRITE_EXTERNAL_STORAGE android.permission.READ_PHONE_STATE
I/PackageManager( 1570): Running dexopt on: it.unina.android.ripper_service
W/linker  ( 2972): libdvm.so has text relocations. This is wasting memory and is a security risk. Please fix.
I/Vision  ( 2084): Requesting optional module download of ocr.
I/Vision  ( 2084): Exceeded maximum feature download tries for ocr
W/Vision  ( 2084): Request of optional module download of ocr failed.
I/Vision  ( 2084): Checking for download completion for 101355 -- ocr
D/dalvikvm( 2972): DexOpt: load 6ms, verify+opt 33ms, 1117628 bytes
I/ActivityManager( 1570): Force stopping it.unina.android.ripper_service appid=10057 user=-1: update pkg
D/BackupManagerService( 1570): Received broadcast Intent { act=android.intent.action.PACKAGE_ADDED dat=package:it.unina.android.ripper_service flg=0x4000010 (has extras) }
D/dalvikvm( 2233): GC_FOR_ALLOC freed 276K, 15% free 3460K/4068K, paused 8ms, total 8ms
I/PackageManager( 1570):   Action: "android.intent.action.SENDTO"
I/PackageManager( 1570):   Category: "android.intent.category.DEFAULT"
I/PackageManager( 1570):   Scheme: "sms"
V/BackupManagerService( 1570): addPackageParticipantsLocked: #1
I/PackageManager( 1570): Adding preferred activity ComponentInfo{com.android.mms/com.android.mms.ui.ComposeMessageActivity} for user 0 :
W/Launcher.Model( 2233): Nobody to tell about the new app.  Launcher is probably loading.
I/InputReader( 1570): Reconfiguring input devices.  changes=0x00000010
I/PackageManager( 1570):   Action: "android.intent.action.SENDTO"
I/PackageManager( 1570):   Category: "android.intent.category.DEFAULT"
I/PackageManager( 1570):   Scheme: "smsto"
I/PackageManager( 1570): Adding preferred activity ComponentInfo{com.android.mms/com.android.mms.ui.ComposeMessageActivity} for user 0 :
D/dalvikvm( 1570): GC_EXPLICIT freed 1142K, 48% free 7827K/14816K, paused 6ms+1ms, total 33ms
D/dalvikvm( 1570): WAIT_FOR_CONCURRENT_GC blocked 6ms
D/dalvikvm( 1570): WAIT_FOR_CONCURRENT_GC blocked 7ms
D/dalvikvm( 1570): WAIT_FOR_CONCURRENT_GC blocked 8ms
D/AndroidRuntime( 2947): Shutting down VM
D/jdwp    ( 2947): Got wake-up signal, bailing out of select
D/dalvikvm( 2947): Debugger has detached; object registry had 1 entries
D/dalvikvm( 1833): GC_FOR_ALLOC freed 405K, 17% free 3645K/4384K, paused 2ms, total 2ms
I/PackageManager( 1570):   Action: "android.intent.action.SENDTO"
I/PackageManager( 1570):   Category: "android.intent.category.DEFAULT"
I/PackageManager( 1570):   Scheme: "mms"
I/PackageManager( 1570):   Action: "android.intent.action.SENDTO"
I/PackageManager( 1570):   Category: "android.intent.category.DEFAULT"
I/PackageManager( 1570):   Scheme: "mmsto"
I/PackageManager( 1570): Adding preferred activity ComponentInfo{com.android.mms/com.android.mms.ui.ComposeMessageActivity} for user 0 :
I/PackageManager( 1570): Adding preferred activity ComponentInfo{com.android.mms/com.android.mms.ui.ComposeMessageActivity} for user 0 :
I/PackageManager( 1570):   Action: "android.intent.action.SENDTO"
I/PackageManager( 1570):   Category: "android.intent.category.DEFAULT"
I/PackageManager( 1570):   Scheme: "sms"
I/PackageManager( 1570): Adding preferred activity ComponentInfo{com.android.mms/com.android.mms.ui.ComposeMessageActivity} for user 0 :
I/PackageManager( 1570):   Action: "android.intent.action.SENDTO"
I/PackageManager( 1570):   Category: "android.intent.category.DEFAULT"
I/PackageManager( 1570):   Scheme: "smsto"
I/Icing.InternalIcingCorporaProvider( 2187): Updating corpora: A: it.unina.android.ripper_service, C: MAYBE
I/PackageManager( 1570): Adding preferred activity ComponentInfo{com.android.mms/com.android.mms.ui.ComposeMessageActivity} for user 0 :
D/dalvikvm( 1833): GC_FOR_ALLOC freed 393K, 17% free 3660K/4384K, paused 2ms, total 2ms
I/PackageManager( 1570):   Action: "android.intent.action.SENDTO"
I/PackageManager( 1570):   Category: "android.intent.category.DEFAULT"
I/PackageManager( 1570):   Scheme: "mms"
I/PackageManager( 1570): Adding preferred activity ComponentInfo{com.android.mms/com.android.mms.ui.ComposeMessageActivity} for user 0 :
I/PackageManager( 1570):   Action: "android.intent.action.SENDTO"
I/PackageManager( 1570):   Category: "android.intent.category.DEFAULT"
I/PackageManager( 1570):   Scheme: "mmsto"
I/PackageManager( 1570): Running dexopt on: com.svox.pico
I/ActivityManager( 1570): Start proc com.svox.pico for broadcast com.svox.pico/.VoiceDataInstallerReceiver: pid=2978 uid=10041 gids={50041, 1028, 1015}
I/PackageManager( 1570): Adding preferred activity ComponentInfo{com.android.mms/com.android.mms.ui.ComposeMessageActivity} for user 0 :
W/linker  ( 2991): libdvm.so has text relocations. This is wasting memory and is a security risk. Please fix.
D/dalvikvm( 2991): DexOpt: load 1ms, verify+opt 0ms, 225028 bytes
W/ContextImpl( 2187): Implicit intents with startService are not safe: Intent { act=com.google.android.gms.icing.INDEX_SERVICE } android.content.ContextWrapper.bindService:517 com.google.android.gms.internal.av.a:-1 com.google.android.gms.internal.au.connect:-1 
I/Icing   ( 2084): IndexChimeraService.getServiceInterface callingPackage=com.google.android.googlequicksearchbox componentName=null serviceId=21
I/Auth    ( 2084): [SupervisedAccountIntentOperation] onHandleIntent(): android.intent.action.PACKAGE_ADDED
W/Icing   ( 2084): No valid account for uploading user actions
W/GCM     ( 1776): Unexpected forwarded intent: Intent { act=android.intent.action.PACKAGE_ADDED dat=package:it.unina.android.ripper_service flg=0x4000010 cmp=com.google.android.gms/.chimera.PersistentIntentOperationService (has extras) }
W/GCM     ( 1776): Unexpected forwarded intent: Intent { act=android.intent.action.PACKAGE_ADDED dat=package:it.unina.android.ripper_service flg=0x4000010 cmp=com.google.android.gms/.chimera.PersistentIntentOperationService (has extras) }
D/dalvikvm( 1570): GC_FOR_ALLOC freed 1242K, 48% free 7781K/14816K, paused 17ms, total 17ms
I/FontLog ( 2084): Package it.unina.android.ripper_service has no metadata [CONTEXT service_id=132 ]
I/ChromeSync( 2084): [Sync,SyncIntentOperation] Handling the intent: Intent { act=android.intent.action.PACKAGE_ADDED dat=package:it.unina.android.ripper_service flg=0x4000010 cmp=com.google.android.gms/.chimera.GmsIntentOperationService (has extras) }.
I/ChromeSync( 2084): [Persistence,AffiliationManager] One of affiliation or grouping data for android://KSmUCdTXmQS-j9D_O8l1jvyu41Pjn2mc5cb0Gvx1e9H1Aj4JCzHs_uTW26nbtH65K-YfijtBsQxGp-8R6k6HFg==@it.unina.android.ripper_service/ was not found. Marking affiliation data as stale...
E/GmsClient( 2084): unable to connect to service: com.google.android.gms.auth.key.retrieval.service.START on com.google.android.gms
W/ActivityManager( 1570): Unable to start service Intent { act=com.google.android.gms.auth.key.retrieval.service.START pkg=com.google.android.gms } U=0: not found
W/ActivityManager( 1570): Unbind failed: could not find connection for android.os.BinderProxy@9d98f448
I/Icing   ( 2084): Usage reports ok 0, Failed Usage reports 0, indexed 0, rejected 0
I/Icing   ( 2084): Indexing com.google.android.googlequicksearchbox-applications from com.google.android.googlequicksearchbox
I/dalvikvm( 2084): Could not find method java.util.Locale.toLanguageTag, referenced from method wkb.a
W/dalvikvm( 2084): VFY: unable to resolve virtual method 19297: Ljava/util/Locale;.toLanguageTag ()Ljava/lang/String;
D/dalvikvm( 2084): VFY: replacing opcode 0x6e at 0x015f
I/ActivityManager( 1570): Killing 2463:com.android.dialer/u0a4 (adj 15): empty #17
I/Icing   ( 2084): IndexChimeraService.getServiceInterface callingPackage=com.google.android.gms componentName=AppsCorpus serviceId=36
I/Icing   ( 2084): Indexing done com.google.android.googlequicksearchbox-applications
W/Icing   ( 2084): No valid account for uploading user actions
I/Icing   ( 2084): Usage reports ok 0, Failed Usage reports 0, indexed 0, rejected 0
I/Icing   ( 2084): Indexing com.google.android.gms-apps from com.google.android.gms
I/Icing   ( 2084): Indexing done com.google.android.gms-apps
I/Icing   ( 2084): Indexing com.google.android.gms-internal.3p:MobileApplication from com.google.android.gms
I/Icing   ( 2084): Indexing done com.google.android.gms-internal.3p:MobileApplication
D/AndroidRuntime( 3006): 
D/AndroidRuntime( 3006): >>>>>> AndroidRuntime START com.android.internal.os.RuntimeInit <<<<<<
W/linker  ( 3006): libdvm.so has text relocations. This is wasting memory and is a security risk. Please fix.
D/AndroidRuntime( 3006): CheckJNI is ON
D/dalvikvm( 3006): Trying to load lib libjavacore.so 0x0
D/dalvikvm( 3006): Added shared lib libjavacore.so 0x0
D/dalvikvm( 3006): Trying to load lib libnativehelper.so 0x0
D/dalvikvm( 3006): Added shared lib libnativehelper.so 0x0
D/dalvikvm( 3006): No JNI_OnLoad found in libnativehelper.so 0x0, skipping init
D/dalvikvm( 3006): Note: class Landroid/app/ActivityManagerNative; has 179 unimplemented (abstract) methods
E/memtrack( 3006): Couldn't load memtrack module (No such file or directory)
E/android.os.Debug( 3006): failed to load memtrack module: -2
D/AndroidRuntime( 3006): Calling main entry com.android.commands.pm.Pm
D/AndroidRuntime( 3006): Shutting down VM
D/jdwp    ( 3006): Got wake-up signal, bailing out of select
D/dalvikvm( 3006): Debugger has detached; object registry had 1 entries
D/AndroidRuntime( 3017): 
D/AndroidRuntime( 3017): >>>>>> AndroidRuntime START com.android.internal.os.RuntimeInit <<<<<<
W/linker  ( 3017): libdvm.so has text relocations. This is wasting memory and is a security risk. Please fix.
D/AndroidRuntime( 3017): CheckJNI is ON
D/dalvikvm( 3017): Trying to load lib libjavacore.so 0x0
D/dalvikvm( 3017): Added shared lib libjavacore.so 0x0
D/dalvikvm( 3017): Trying to load lib libnativehelper.so 0x0
D/dalvikvm( 3017): Added shared lib libnativehelper.so 0x0
D/dalvikvm( 3017): No JNI_OnLoad found in libnativehelper.so 0x0, skipping init
D/dalvikvm( 3017): Note: class Landroid/app/ActivityManagerNative; has 179 unimplemented (abstract) methods
E/memtrack( 3017): Couldn't load memtrack module (No such file or directory)
E/android.os.Debug( 3017): failed to load memtrack module: -2
D/AndroidRuntime( 3017): Calling main entry com.android.commands.pm.Pm
D/AndroidRuntime( 3017): Shutting down VM
D/jdwp    ( 3017): Got wake-up signal, bailing out of select
D/dalvikvm( 3017): Debugger has detached; object registry had 1 entries
D/AndroidRuntime( 3028): 
D/AndroidRuntime( 3028): >>>>>> AndroidRuntime START com.android.internal.os.RuntimeInit <<<<<<
W/linker  ( 3028): libdvm.so has text relocations. This is wasting memory and is a security risk. Please fix.
D/AndroidRuntime( 3028): CheckJNI is ON
D/dalvikvm( 3028): Trying to load lib libjavacore.so 0x0
D/dalvikvm( 3028): Added shared lib libjavacore.so 0x0
D/dalvikvm( 3028): Trying to load lib libnativehelper.so 0x0
D/dalvikvm( 3028): Added shared lib libnativehelper.so 0x0
D/dalvikvm( 3028): No JNI_OnLoad found in libnativehelper.so 0x0, skipping init
D/dalvikvm( 3028): Note: class Landroid/app/ActivityManagerNative; has 179 unimplemented (abstract) methods
E/memtrack( 3028): Couldn't load memtrack module (No such file or directory)
E/android.os.Debug( 3028): failed to load memtrack module: -2
D/AndroidRuntime( 3028): Calling main entry com.android.commands.am.Am
D/AndroidRuntime( 3028): Shutting down VM
D/jdwp    ( 3028): Got wake-up signal, bailing out of select
D/dalvikvm( 3028): Debugger has detached; object registry had 1 entries
I/ActivityManager( 1570): Start proc it.unina.android.ripper_service:android_ripper_service_process for service it.unina.android.ripper_service/.AndroidRipperService: pid=3039 uid=10057 gids={50057, 3003, 1028, 1015}
V/AndroidRipperService( 3039): onCreate()
V/SERVER  ( 3039): Starting ServerSocket on PORT 18888
V/SERVER  ( 3039): Started ServerSocket on PORT 18888
V/SERVER  ( 3039): Ready to accept connections on port: 18888
D/AndroidRuntime( 3053): 
D/AndroidRuntime( 3053): >>>>>> AndroidRuntime START com.android.internal.os.RuntimeInit <<<<<<
W/linker  ( 3053): libdvm.so has text relocations. This is wasting memory and is a security risk. Please fix.
D/AndroidRuntime( 3053): CheckJNI is ON
D/dalvikvm( 3053): Trying to load lib libjavacore.so 0x0
D/dalvikvm( 3053): Added shared lib libjavacore.so 0x0
D/dalvikvm( 3053): Trying to load lib libnativehelper.so 0x0
D/dalvikvm( 3053): Added shared lib libnativehelper.so 0x0
D/dalvikvm( 3053): No JNI_OnLoad found in libnativehelper.so 0x0, skipping init
D/dalvikvm( 3053): Note: class Landroid/app/ActivityManagerNative; has 179 unimplemented (abstract) methods
E/memtrack( 3053): Couldn't load memtrack module (No such file or directory)
E/android.os.Debug( 3053): failed to load memtrack module: -2
D/AndroidRuntime( 3053): Calling main entry com.android.commands.input.Input
I/Input   ( 3053): injectKeyEvent: KeyEvent { action=ACTION_DOWN, keyCode=KEYCODE_MENU, scanCode=0, metaState=0, flags=0x0, repeatCount=0, eventTime=95358, downTime=95358, deviceId=-1, source=0x101 }
I/Input   ( 3053): injectKeyEvent: KeyEvent { action=ACTION_UP, keyCode=KEYCODE_MENU, scanCode=0, metaState=0, flags=0x0, repeatCount=0, eventTime=95358, downTime=95358, deviceId=-1, source=0x101 }
D/dalvikvm( 1952): GC_FOR_ALLOC freed 1770K, 10% free 22979K/25504K, paused 2ms, total 2ms
I/dalvikvm-heap( 1952): Grow heap (frag case) to 24.470MB for 1939932-byte allocation
D/dalvikvm( 1952): GC_FOR_ALLOC freed 8K, 10% free 24865K/27400K, paused 2ms, total 2ms
E/SoundPool( 1570): error loading /system/media/audio/ui/Effect_Tick.ogg
W/AudioService( 1570): Soundpool could not load file: /system/media/audio/ui/Effect_Tick.ogg
E/SoundPool( 1570): error loading /system/media/audio/ui/Effect_Tick.ogg
W/AudioService( 1570): Soundpool could not load file: /system/media/audio/ui/Effect_Tick.ogg
E/SoundPool( 1570): error loading /system/media/audio/ui/Effect_Tick.ogg
W/AudioService( 1570): Soundpool could not load file: /system/media/audio/ui/Effect_Tick.ogg
E/SoundPool( 1570): error loading /system/media/audio/ui/Effect_Tick.ogg
W/AudioService( 1570): Soundpool could not load file: /system/media/audio/ui/Effect_Tick.ogg
E/SoundPool( 1570): error loading /system/media/audio/ui/Effect_Tick.ogg
W/AudioService( 1570): Soundpool could not load file: /system/media/audio/ui/Effect_Tick.ogg
E/SoundPool( 1570): error loading /system/media/audio/ui/KeypressStandard.ogg
W/AudioService( 1570): Soundpool could not load file: /system/media/audio/ui/KeypressStandard.ogg
E/SoundPool( 1570): error loading /system/media/audio/ui/KeypressSpacebar.ogg
W/AudioService( 1570): Soundpool could not load file: /system/media/audio/ui/KeypressSpacebar.ogg
E/SoundPool( 1570): error loading /system/media/audio/ui/KeypressDelete.ogg
W/AudioService( 1570): Soundpool could not load file: /system/media/audio/ui/KeypressDelete.ogg
E/SoundPool( 1570): error loading /system/media/audio/ui/KeypressReturn.ogg
W/AudioService( 1570): Soundpool could not load file: /system/media/audio/ui/KeypressReturn.ogg
E/SoundPool( 1570): error loading /system/media/audio/ui/KeypressInvalid.ogg
W/AudioService( 1570): Soundpool could not load file: /system/media/audio/ui/KeypressInvalid.ogg
W/AudioService( 1570): onLoadSoundEffects(), Error -1 while loading samples
D/AndroidRuntime( 3053): Shutting down VM
D/jdwp    ( 3053): Got wake-up signal, bailing out of select
D/dalvikvm( 3053): Debugger has detached; object registry had 1 entries
D/EGL_emulation( 1952): eglMakeCurrent: 0xb7ad6300: ver 3 0
E/EGL_emulation( 1952): tid 1952: eglSurfaceAttrib(1199): error 0x3009 (EGL_BAD_MATCH)
W/HardwareRenderer( 1952): Backbuffer cannot be preserved
D/AndroidRuntime( 3071): 
D/AndroidRuntime( 3071): >>>>>> AndroidRuntime START com.android.internal.os.RuntimeInit <<<<<<
W/linker  ( 3071): libdvm.so has text relocations. This is wasting memory and is a security risk. Please fix.
D/AndroidRuntime( 3071): CheckJNI is ON
D/dalvikvm( 3071): Trying to load lib libjavacore.so 0x0
D/dalvikvm( 3071): Added shared lib libjavacore.so 0x0
D/dalvikvm( 3071): Trying to load lib libnativehelper.so 0x0
D/dalvikvm( 3071): Added shared lib libnativehelper.so 0x0
D/dalvikvm( 3071): No JNI_OnLoad found in libnativehelper.so 0x0, skipping init
D/dalvikvm( 3071): Note: class Landroid/app/ActivityManagerNative; has 179 unimplemented (abstract) methods
E/memtrack( 3071): Couldn't load memtrack module (No such file or directory)
E/android.os.Debug( 3071): failed to load memtrack module: -2
D/AndroidRuntime( 3071): Calling main entry com.android.commands.pm.Pm
W/ActivityManager( 1570): No content provider found for permission revoke: file:///sdcard/aut.apk
W/ActivityManager( 1570): No content provider found for permission revoke: file:///sdcard/aut.apk
W/ResourceType( 1570): Failure getting entry for 0x7f140009 (t=19 e=9) in package 0 (error -75)
I/PackageManager( 1570): Copying native libraries to /data/app-lib/vmdl-937984073
D/dalvikvm( 1570): GC_FOR_ALLOC freed 791K, 45% free 8172K/14816K, paused 7ms, total 7ms
D/dalvikvm( 1570): GC_FOR_ALLOC freed 676K, 41% free 8794K/14816K, paused 7ms, total 7ms
E/dalvikvm( 1570): JIT code cache full
D/dalvikvm( 1570): JIT code cache reset delayed (523124 bytes 0/1)
D/dalvikvm( 1570): GC_FOR_ALLOC freed 1291K, 40% free 8959K/14816K, paused 7ms, total 7ms
D/dalvikvm( 1570): JIT code cache reset delayed (523124 bytes 0/2)
D/dalvikvm( 1570): GC_FOR_ALLOC freed 1469K, 40% free 8984K/14816K, paused 6ms, total 6ms
D/dalvikvm( 1570): JIT code cache reset delayed (523124 bytes 0/3)
D/dalvikvm( 1570): GC_FOR_ALLOC freed 1496K, 40% free 8990K/14816K, paused 7ms, total 7ms
D/dalvikvm( 1570): JIT code cache reset delayed (523124 bytes 0/4)
D/dalvikvm( 1570): GC_FOR_ALLOC freed 1488K, 40% free 9001K/14816K, paused 6ms, total 6ms
D/dalvikvm( 1570): JIT code cache reset delayed (523124 bytes 0/5)
D/dalvikvm( 1570): GC_FOR_ALLOC freed 1498K, 40% free 9009K/14816K, paused 6ms, total 7ms
D/dalvikvm( 1570): JIT code cache reset delayed (523124 bytes 0/6)
D/dalvikvm( 1570): GC_FOR_ALLOC freed 1493K, 40% free 9022K/14816K, paused 7ms, total 7ms
I/PackageManager( 1570): Running dexopt on: apps.amine.bou.readerforselfoss
W/linker  ( 3082): libdvm.so has text relocations. This is wasting memory and is a security risk. Please fix.
E/cutils-trace( 3082): Error opening trace file: Permission denied (13)
D/dalvikvm( 3082): GC_FOR_ALLOC freed 1K, 1% free 2045K/2048K, paused 0ms, total 0ms
D/dalvikvm( 3082): DexOpt: couldn't find field Landroid/content/res/Configuration;.colorMode
D/dalvikvm( 3082): DexOpt: couldn't find static field Landroid/graphics/Bitmap$Config;.HARDWARE
D/dalvikvm( 3082): DexOpt: couldn't find static field Landroid/graphics/Bitmap$Config;.HARDWARE
D/dalvikvm( 3082): DexOpt: couldn't find static field Landroid/view/View;.TRANSLATION_Z
D/dalvikvm( 3082): DexOpt: couldn't find static field Landroid/graphics/Bitmap$Config;.HARDWARE
I/dalvikvm( 3082): DexOpt: illegal method access (call Landroid/widget/TextView;.getTextDirectionHeuristic ()Landroid/text/TextDirectionHeuristic; from Landroidx/appcompat/widget/y$b;)
D/dalvikvm( 3082): DexOpt: load 43ms, verify+opt 152ms, 3812908 bytes
I/ActivityManager( 1570): Force stopping apps.amine.bou.readerforselfoss appid=10058 user=-1: update pkg
D/dalvikvm( 1570): JIT code cache reset delayed (523124 bytes 0/7)
D/dalvikvm( 1570): GC_FOR_ALLOC freed 1472K, 39% free 9062K/14816K, paused 7ms, total 7ms
W/Launcher.Model( 2233): Nobody to tell about the new app.  Launcher is probably loading.
I/InputReader( 1570): Reconfiguring input devices.  changes=0x00000010
I/PackageManager( 1570):   Action: "android.intent.action.SENDTO"
I/PackageManager( 1570):   Category: "android.intent.category.DEFAULT"
I/PackageManager( 1570):   Scheme: "sms"
I/PackageManager( 1570): Adding preferred activity ComponentInfo{com.android.mms/com.android.mms.ui.ComposeMessageActivity} for user 0 :
D/dalvikvm( 1833): GC_FOR_ALLOC freed 416K, 18% free 3626K/4384K, paused 2ms, total 3ms
I/PackageManager( 1570):   Action: "android.intent.action.SENDTO"
I/PackageManager( 1570):   Category: "android.intent.category.DEFAULT"
I/PackageManager( 1570):   Scheme: "smsto"
I/PackageManager( 1570): Adding preferred activity ComponentInfo{com.android.mms/com.android.mms.ui.ComposeMessageActivity} for user 0 :
D/BackupManagerService( 1570): Received broadcast Intent { act=android.intent.action.PACKAGE_ADDED dat=package:apps.amine.bou.readerforselfoss flg=0x4000010 (has extras) }
V/BackupManagerService( 1570): addPackageParticipantsLocked: #1
D/dalvikvm( 1776): JIT code cache reset in 0 ms (522996 bytes 2/0)
I/PackageManager( 1570):   Action: "android.intent.action.SENDTO"
I/PackageManager( 1570):   Category: "android.intent.category.DEFAULT"
I/PackageManager( 1570):   Scheme: "mms"
I/PackageManager( 1570):   Action: "android.intent.action.SENDTO"
I/PackageManager( 1570):   Category: "android.intent.category.DEFAULT"
I/PackageManager( 1570):   Scheme: "mmsto"
I/PackageManager( 1570): Adding preferred activity ComponentInfo{com.android.mms/com.android.mms.ui.ComposeMessageActivity} for user 0 :
I/PackageManager( 1570): Adding preferred activity ComponentInfo{com.android.mms/com.android.mms.ui.ComposeMessageActivity} for user 0 :
D/dalvikvm( 1776): GC_FOR_ALLOC freed 2240K, 24% free 10138K/13268K, paused 23ms, total 29ms
I/PackageManager( 1570):   Action: "android.intent.action.SENDTO"
I/PackageManager( 1570):   Category: "android.intent.category.DEFAULT"
I/PackageManager( 1570):   Scheme: "sms"
I/PackageManager( 1570): Adding preferred activity ComponentInfo{com.android.mms/com.android.mms.ui.ComposeMessageActivity} for user 0 :
D/dalvikvm( 1833): GC_FOR_ALLOC freed 382K, 17% free 3666K/4384K, paused 2ms, total 2ms
I/PackageManager( 1570):   Action: "android.intent.action.SENDTO"
I/PackageManager( 1570):   Category: "android.intent.category.DEFAULT"
I/PackageManager( 1570):   Scheme: "smsto"
W/GCM     ( 1776): Unexpected forwarded intent: Intent { act=android.intent.action.PACKAGE_ADDED dat=package:apps.amine.bou.readerforselfoss flg=0x4000010 cmp=com.google.android.gms/.chimera.PersistentIntentOperationService (has extras) }
I/Icing.InternalIcingCorporaProvider( 2187): Updating corpora: A: apps.amine.bou.readerforselfoss, C: MAYBE
W/GCM     ( 1776): Unexpected forwarded intent: Intent { act=android.intent.action.PACKAGE_ADDED dat=package:apps.amine.bou.readerforselfoss flg=0x4000010 cmp=com.google.android.gms/.chimera.PersistentIntentOperationService (has extras) }
I/PackageManager( 1570): Adding preferred activity ComponentInfo{com.android.mms/com.android.mms.ui.ComposeMessageActivity} for user 0 :
D/dalvikvm( 1570): JIT code cache reset in 1 ms (523124 bytes 1/7)
I/PackageManager( 1570):   Action: "android.intent.action.SENDTO"
I/PackageManager( 1570):   Category: "android.intent.category.DEFAULT"
I/PackageManager( 1570):   Scheme: "mms"
I/PackageManager( 1570): Adding preferred activity ComponentInfo{com.android.mms/com.android.mms.ui.ComposeMessageActivity} for user 0 :
D/dalvikvm( 1570): GC_EXPLICIT freed 2521K, 46% free 8079K/14816K, paused 1ms+5ms, total 103ms
D/AndroidRuntime( 3071): Shutting down VM
D/jdwp    ( 3071): Got wake-up signal, bailing out of select
D/dalvikvm( 3071): Debugger has detached; object registry had 1 entries
I/PackageManager( 1570):   Action: "android.intent.action.SENDTO"
I/PackageManager( 1570):   Category: "android.intent.category.DEFAULT"
I/PackageManager( 1570):   Scheme: "mmsto"
I/PackageManager( 1570): Adding preferred activity ComponentInfo{com.android.mms/com.android.mms.ui.ComposeMessageActivity} for user 0 :
W/ContextImpl( 2187): Implicit intents with startService are not safe: Intent { act=com.google.android.gms.icing.INDEX_SERVICE } android.content.ContextWrapper.bindService:517 com.google.android.gms.internal.av.a:-1 com.google.android.gms.internal.au.connect:-1 
D/EGL_emulation( 1952): eglMakeCurrent: 0xb7ad6300: ver 3 0
D/EGL_emulation( 1952): eglMakeCurrent: 0xb7ad6300: ver 3 0
D/dalvikvm( 2084): GC_FOR_ALLOC freed 1784K, 14% free 21070K/24424K, paused 36ms, total 36ms
I/Auth    ( 2084): [SupervisedAccountIntentOperation] onHandleIntent(): android.intent.action.PACKAGE_ADDED
I/ChromeSync( 2084): [Sync,SyncIntentOperation] Handling the intent: Intent { act=android.intent.action.PACKAGE_ADDED dat=package:apps.amine.bou.readerforselfoss flg=0x4000010 cmp=com.google.android.gms/.chimera.GmsIntentOperationService (has extras) }.
I/Icing   ( 2084): IndexChimeraService.getServiceInterface callingPackage=com.google.android.googlequicksearchbox componentName=null serviceId=21
I/ChromeSync( 2084): [Persistence,AffiliationManager] One of affiliation or grouping data for android://KSmUCdTXmQS-j9D_O8l1jvyu41Pjn2mc5cb0Gvx1e9H1Aj4JCzHs_uTW26nbtH65K-YfijtBsQxGp-8R6k6HFg==@apps.amine.bou.readerforselfoss/ was not found. Marking affiliation data as stale...
W/Icing   ( 2084): No valid account for uploading user actions
I/Icing   ( 2084): Usage reports ok 0, Failed Usage reports 0, indexed 0, rejected 0
I/Icing   ( 2084): Indexing com.google.android.googlequicksearchbox-applications from com.google.android.googlequicksearchbox
I/Icing   ( 2084): Indexing done com.google.android.googlequicksearchbox-applications
I/Icing   ( 2084): Indexing com.google.android.gms-apps from com.google.android.gms
I/Icing   ( 2084): Indexing done com.google.android.gms-apps
I/Icing   ( 2084): Indexing com.google.android.gms-internal.3p:MobileApplication from com.google.android.gms
I/Icing   ( 2084): Indexing done com.google.android.gms-internal.3p:MobileApplication
D/AndroidRuntime( 3101): 
D/AndroidRuntime( 3101): >>>>>> AndroidRuntime START com.android.internal.os.RuntimeInit <<<<<<
W/linker  ( 3101): libdvm.so has text relocations. This is wasting memory and is a security risk. Please fix.
D/AndroidRuntime( 3101): CheckJNI is ON
D/dalvikvm( 3101): Trying to load lib libjavacore.so 0x0
D/dalvikvm( 3101): Added shared lib libjavacore.so 0x0
D/dalvikvm( 3101): Trying to load lib libnativehelper.so 0x0
D/dalvikvm( 3101): Added shared lib libnativehelper.so 0x0
D/dalvikvm( 3101): No JNI_OnLoad found in libnativehelper.so 0x0, skipping init
D/dalvikvm( 3101): Note: class Landroid/app/ActivityManagerNative; has 179 unimplemented (abstract) methods
E/memtrack( 3101): Couldn't load memtrack module (No such file or directory)
E/android.os.Debug( 3101): failed to load memtrack module: -2
D/AndroidRuntime( 3101): Calling main entry com.android.commands.pm.Pm
W/ActivityManager( 1570): No content provider found for permission revoke: file:///sdcard/ripper.apk
W/ActivityManager( 1570): No content provider found for permission revoke: file:///sdcard/ripper.apk
I/PackageManager( 1570): Copying native libraries to /data/app-lib/vmdl1738305981
I/PackageParser( 1570): it.unina.android.ripper: compat added android.permission.WRITE_EXTERNAL_STORAGE android.permission.READ_PHONE_STATE
I/PackageManager( 1570): Running dexopt on: it.unina.android.ripper
W/linker  ( 3112): libdvm.so has text relocations. This is wasting memory and is a security risk. Please fix.
D/dalvikvm( 3112): DexOpt: load 2ms, verify+opt 17ms, 936700 bytes
I/ActivityManager( 1570): Force stopping it.unina.android.ripper appid=10059 user=-1: update pkg
I/PackageManager( 1570):   Action: "android.intent.action.SENDTO"
I/PackageManager( 1570):   Category: "android.intent.category.DEFAULT"
I/PackageManager( 1570):   Scheme: "sms"
I/InputReader( 1570): Reconfiguring input devices.  changes=0x00000010
I/PackageManager( 1570): Adding preferred activity ComponentInfo{com.android.mms/com.android.mms.ui.ComposeMessageActivity} for user 0 :
W/Launcher.Model( 2233): Nobody to tell about the new app.  Launcher is probably loading.
D/dalvikvm( 1833): GC_FOR_ALLOC freed 456K, 18% free 3608K/4384K, paused 2ms, total 2ms
I/PackageManager( 1570):   Action: "android.intent.action.SENDTO"
I/PackageManager( 1570):   Category: "android.intent.category.DEFAULT"
I/PackageManager( 1570):   Scheme: "smsto"
I/PackageManager( 1570): Adding preferred activity ComponentInfo{com.android.mms/com.android.mms.ui.ComposeMessageActivity} for user 0 :
D/dalvikvm( 1570): GC_EXPLICIT freed 1462K, 47% free 7929K/14816K, paused 2ms+1ms, total 21ms
D/dalvikvm( 1570): WAIT_FOR_CONCURRENT_GC blocked 8ms
D/AndroidRuntime( 3101): Shutting down VM
D/jdwp    ( 3101): Got wake-up signal, bailing out of select
D/dalvikvm( 3101): Debugger has detached; object registry had 1 entries
I/PackageManager( 1570):   Action: "android.intent.action.SENDTO"
I/PackageManager( 1570):   Category: "android.intent.category.DEFAULT"
I/PackageManager( 1570):   Scheme: "mms"
D/BackupManagerService( 1570): Received broadcast Intent { act=android.intent.action.PACKAGE_ADDED dat=package:it.unina.android.ripper flg=0x4000010 (has extras) }
V/BackupManagerService( 1570): addPackageParticipantsLocked: #1
I/PackageManager( 1570): Adding preferred activity ComponentInfo{com.android.mms/com.android.mms.ui.ComposeMessageActivity} for user 0 :
I/PackageManager( 1570):   Action: "android.intent.action.SENDTO"
I/PackageManager( 1570):   Category: "android.intent.category.DEFAULT"
I/PackageManager( 1570):   Scheme: "mmsto"
W/GCM     ( 1776): Unexpected forwarded intent: Intent { act=android.intent.action.PACKAGE_ADDED dat=package:it.unina.android.ripper flg=0x4000010 cmp=com.google.android.gms/.chimera.PersistentIntentOperationService (has extras) }
W/GCM     ( 1776): Unexpected forwarded intent: Intent { act=android.intent.action.PACKAGE_ADDED dat=package:it.unina.android.ripper flg=0x4000010 cmp=com.google.android.gms/.chimera.PersistentIntentOperationService (has extras) }
I/PackageManager( 1570):   Action: "android.intent.action.SENDTO"
I/PackageManager( 1570):   Category: "android.intent.category.DEFAULT"
I/PackageManager( 1570):   Scheme: "sms"
I/PackageManager( 1570): Adding preferred activity ComponentInfo{com.android.mms/com.android.mms.ui.ComposeMessageActivity} for user 0 :
I/PackageManager( 1570): Adding preferred activity ComponentInfo{com.android.mms/com.android.mms.ui.ComposeMessageActivity} for user 0 :
I/Auth    ( 2084): [SupervisedAccountIntentOperation] onHandleIntent(): android.intent.action.PACKAGE_ADDED
I/ChromeSync( 2084): [Sync,SyncIntentOperation] Handling the intent: Intent { act=android.intent.action.PACKAGE_ADDED dat=package:it.unina.android.ripper flg=0x4000010 cmp=com.google.android.gms/.chimera.GmsIntentOperationService (has extras) }.
I/FontLog ( 2084): Package it.unina.android.ripper has no metadata [CONTEXT service_id=132 ]
D/dalvikvm( 1833): GC_FOR_ALLOC freed 391K, 17% free 3665K/4384K, paused 1ms, total 2ms
I/PackageManager( 1570):   Action: "android.intent.action.SENDTO"
I/PackageManager( 1570):   Category: "android.intent.category.DEFAULT"
I/PackageManager( 1570):   Scheme: "smsto"
I/PackageManager( 1570): Adding preferred activity ComponentInfo{com.android.mms/com.android.mms.ui.ComposeMessageActivity} for user 0 :
I/ChromeSync( 2084): [Persistence,AffiliationManager] One of affiliation or grouping data for android://KSmUCdTXmQS-j9D_O8l1jvyu41Pjn2mc5cb0Gvx1e9H1Aj4JCzHs_uTW26nbtH65K-YfijtBsQxGp-8R6k6HFg==@it.unina.android.ripper/ was not found. Marking affiliation data as stale...
I/PackageManager( 1570):   Action: "android.intent.action.SENDTO"
I/PackageManager( 1570):   Category: "android.intent.category.DEFAULT"
I/PackageManager( 1570):   Scheme: "mms"
I/PackageManager( 1570): Adding preferred activity ComponentInfo{com.android.mms/com.android.mms.ui.ComposeMessageActivity} for user 0 :
I/Icing.InternalIcingCorporaProvider( 2187): Updating corpora: A: it.unina.android.ripper, C: MAYBE
I/PackageManager( 1570):   Action: "android.intent.action.SENDTO"
I/PackageManager( 1570):   Category: "android.intent.category.DEFAULT"
I/PackageManager( 1570):   Scheme: "mmsto"
I/PackageManager( 1570): Adding preferred activity ComponentInfo{com.android.mms/com.android.mms.ui.ComposeMessageActivity} for user 0 :
I/Icing   ( 2084): Indexing com.google.android.gms-apps from com.google.android.gms
I/Icing   ( 2084): Indexing done com.google.android.gms-apps
I/Icing   ( 2084): IndexChimeraService.getServiceInterface callingPackage=com.google.android.googlequicksearchbox componentName=null serviceId=21
W/Icing   ( 2084): No valid account for uploading user actions
W/Icing.InternalIcingCorporaProvider( 2187): Application table change notification failed.
I/Icing   ( 2084): Usage reports ok 0, Failed Usage reports 0, indexed 0, rejected 0
D/EGL_emulation( 1952): eglMakeCurrent: 0xb7ad6300: ver 3 0
D/dalvikvm( 1570): GC_FOR_ALLOC freed 1322K, 48% free 7846K/14816K, paused 6ms, total 6ms
D/AndroidRuntime( 3120): 
D/AndroidRuntime( 3120): >>>>>> AndroidRuntime START com.android.internal.os.RuntimeInit <<<<<<
W/linker  ( 3120): libdvm.so has text relocations. This is wasting memory and is a security risk. Please fix.
