D/ConnectivityService( 1570): [CheckMp] isMobileOk: linkHasIpv4=true linkHasIpv6=false
D/ConnectivityService( 1570): requestRouteToHostAddress ok=true
D/ConnectivityService( 1570): [CheckMp] isMobileOk: wait to establish route to hostAddr=clients3.google.com/172.217.13.110
I/ActivityManager( 1570): Start proc com.google.android.gms for service com.google.android.gms/.chimera.GmsIntentOperationService: pid=2084 uid=10007 gids={50007, 3003, 1007, 1028, 1015, 3002, 3001, 3007, 2001, 3006}
D/ConnectivityService( 1570): [CheckMp] isMobileOk: newUrl=https://172.217.13.110/generate_204
W/ActivityThread( 1570): ClassLoader.loadClass: The class loader returned by Thread.getContextClassLoader() may fail for processes that host multiple applications. You should explicitly specify a context class loader. For example: Thread.setContextClassLoader(getClass().getClassLoader());
D/ConnectivityService( 1570): [CheckMp] isMobileOk: hostnameVerify retVal=true hostname=172.217.13.110 orgUriHost=clients3.google.com
D/ConnectivityService( 1570): [CheckMp] isMobileOk: headers={null=[HTTP/1.1 204 No Content], Alt-Svc=[h3=":443"; ma=2592000,h3-29=":443"; ma=2592000,h3-T051=":443"; ma=2592000,h3-Q050=":443"; ma=2592000,h3-Q046=":443"; ma=2592000,h3-Q043=":443"; ma=2592000,quic=":443"; ma=2592000; v="46,43"], Connection=[close], Content-Length=[0], Date=[Sun, 15 Aug 2021 15:45:33 GMT], X-Android-Received-Millis=[1629042332668], X-Android-Response-Source=[NETWORK 204], X-Android-Selected-Transport=[http/1.1], X-Android-Sent-Millis=[1629042332630]}
D/ConnectivityService( 1570): [CheckMp] isMobileOk: X got expected responseCode=204 result=1
D/ConnectivityService( 1570): [CheckMp] isMobileOk: F stop hipri
D/MobileDataStateTracker( 1570): default: setEnableFailFastMobileData(enabled=0)
D/ConnectivityService( 1570): stopUsingNetworkFeature: teardown net 0: enableHIPRI
D/MobileDataStateTracker( 1570): hipri: Broadcast received: android.intent.action.ANY_DATA_STATE apnType=hipri
D/MobileDataStateTracker( 1570): hipri: Received state=DISCONNECTED, old=CONNECTED, reason=dataDisabled
D/MobileDataStateTracker( 1570): hipri: setDetailed state, old =CONNECTED and new state=DISCONNECTED
D/ConnectivityService( 1570): ConnectivityChange for mobile_hipri: DISCONNECTED/DISCONNECTED
D/Nat464Xlat( 1570): requiresClat: netType=5, hasIPv4Address=true
I/ActivityManager( 1570): Start proc com.android.music for broadcast com.android.music/.MediaButtonIntentReceiver: pid=2151 uid=10036 gids={50036, 3003, 1028, 1015}
I/ActivityManager( 1570): Start proc com.google.android.googlequicksearchbox for broadcast com.google.android.googlequicksearchbox/com.google.android.searchcommon.summons.icing.InternalIcingCorporaProvider$CorporaChangedReceiver: pid=2187 uid=10013 gids={50013, 3003, 1028, 3002, 1015}
I/ActivityManager( 1570): Delay finish: com.google.android.googlequicksearchbox/com.google.android.searchcommon.summons.icing.InternalIcingCorporaProvider$CorporaChangedReceiver
E/ActivityThread( 2187): Failed to find provider info for com.google.android.voicesearch
E/ActivityThread( 2187): Failed to find provider info for com.google.android.partnersetup.rlzappprovider
W/ActivityManager( 1570): Unable to start service Intent { act=com.google.android.gms.auth.key.retrieval.service.START pkg=com.google.android.gms } U=0: not found
W/ActivityManager( 1570): Unbind failed: could not find connection for android.os.BinderProxy@9d635aa0
I/ActivityManager( 1570): Resuming delayed broadcast
I/ActivityManager( 1570): Start proc com.google.android.googlequicksearchbox:launcher for broadcast com.google.android.googlequicksearchbox/com.google.android.gel.GelStubAppWatcher: pid=2233 uid=10013 gids={50013, 3003, 1028, 3002, 1015}
W/ActivityManager( 1570): Unable to start service Intent { act=com.google.android.gms.nearby.discovery:ACTION_INIT_MESSAGES_PATH cmp=com.google.android.gms/.nearby.discovery.service.DiscoveryService } U=0: not found
I/PackageManager( 1570): Adding preferred activity ComponentInfo{com.android.mms/com.android.mms.ui.ComposeMessageActivity} for user 0 :
I/PackageManager( 1570): Adding preferred activity ComponentInfo{com.android.mms/com.android.mms.ui.ComposeMessageActivity} for user 0 :
I/PackageManager( 1570): Adding preferred activity ComponentInfo{com.android.mms/com.android.mms.ui.ComposeMessageActivity} for user 0 :
I/PackageManager( 1570): Adding preferred activity ComponentInfo{com.android.mms/com.android.mms.ui.ComposeMessageActivity} for user 0 :
I/PackageManager( 1570): Adding preferred activity ComponentInfo{com.android.mms/com.android.mms.ui.ComposeMessageActivity} for user 0 :
I/PackageManager( 1570): Adding preferred activity ComponentInfo{com.android.mms/com.android.mms.ui.ComposeMessageActivity} for user 0 :
I/PackageManager( 1570): Adding preferred activity ComponentInfo{com.android.mms/com.android.mms.ui.ComposeMessageActivity} for user 0 :
I/PackageManager( 1570): Adding preferred activity ComponentInfo{com.android.mms/com.android.mms.ui.ComposeMessageActivity} for user 0 :
I/PackageManager( 1570): Adding preferred activity ComponentInfo{com.android.mms/com.android.mms.ui.ComposeMessageActivity} for user 0 :
I/PackageManager( 1570): Adding preferred activity ComponentInfo{com.android.mms/com.android.mms.ui.ComposeMessageActivity} for user 0 :
I/PackageManager( 1570): Adding preferred activity ComponentInfo{com.android.mms/com.android.mms.ui.ComposeMessageActivity} for user 0 :
I/PackageManager( 1570): Adding preferred activity ComponentInfo{com.android.mms/com.android.mms.ui.ComposeMessageActivity} for user 0 :
I/PackageManager( 1570): Adding preferred activity ComponentInfo{com.android.mms/com.android.mms.ui.ComposeMessageActivity} for user 0 :
I/PackageManager( 1570): Adding preferred activity ComponentInfo{com.android.mms/com.android.mms.ui.ComposeMessageActivity} for user 0 :
I/PackageManager( 1570): Adding preferred activity ComponentInfo{com.android.mms/com.android.mms.ui.ComposeMessageActivity} for user 0 :
I/PackageManager( 1570): Adding preferred activity ComponentInfo{com.android.mms/com.android.mms.ui.ComposeMessageActivity} for user 0 :
I/PackageManager( 1570): Adding preferred activity ComponentInfo{com.android.mms/com.android.mms.ui.ComposeMessageActivity} for user 0 :
I/PackageManager( 1570): Adding preferred activity ComponentInfo{com.android.mms/com.android.mms.ui.ComposeMessageActivity} for user 0 :
I/PackageManager( 1570): Adding preferred activity ComponentInfo{com.android.mms/com.android.mms.ui.ComposeMessageActivity} for user 0 :
I/PackageManager( 1570): Adding preferred activity ComponentInfo{com.android.mms/com.android.mms.ui.ComposeMessageActivity} for user 0 :
I/PackageManager( 1570): Adding preferred activity ComponentInfo{com.android.mms/com.android.mms.ui.ComposeMessageActivity} for user 0 :
I/PackageManager( 1570): Adding preferred activity ComponentInfo{com.android.mms/com.android.mms.ui.ComposeMessageActivity} for user 0 :
I/PackageManager( 1570): Adding preferred activity ComponentInfo{com.android.mms/com.android.mms.ui.ComposeMessageActivity} for user 0 :
I/PackageManager( 1570): Adding preferred activity ComponentInfo{com.android.mms/com.android.mms.ui.ComposeMessageActivity} for user 0 :
I/PackageManager( 1570): Adding preferred activity ComponentInfo{com.android.mms/com.android.mms.ui.ComposeMessageActivity} for user 0 :
I/PackageManager( 1570): Adding preferred activity ComponentInfo{com.android.mms/com.android.mms.ui.ComposeMessageActivity} for user 0 :
I/PackageManager( 1570): Adding preferred activity ComponentInfo{com.android.mms/com.android.mms.ui.ComposeMessageActivity} for user 0 :
I/PackageManager( 1570): Adding preferred activity ComponentInfo{com.android.mms/com.android.mms.ui.ComposeMessageActivity} for user 0 :
I/PackageManager( 1570): Adding preferred activity ComponentInfo{com.android.mms/com.android.mms.ui.ComposeMessageActivity} for user 0 :
I/PackageManager( 1570): Adding preferred activity ComponentInfo{com.android.mms/com.android.mms.ui.ComposeMessageActivity} for user 0 :
I/PackageManager( 1570): Adding preferred activity ComponentInfo{com.android.mms/com.android.mms.ui.ComposeMessageActivity} for user 0 :
I/PackageManager( 1570): Adding preferred activity ComponentInfo{com.android.mms/com.android.mms.ui.ComposeMessageActivity} for user 0 :
W/ActivityManager( 1570): Unable to start service Intent { act=com.google.android.gms.nearby.discovery:ACTION_PERMISSION_CHANGE cmp=com.google.android.gms/.nearby.discovery.service.DiscoveryService } U=0: not found
I/ActivityManager( 1570): Start proc com.google.android.gms.ui for service com.google.android.gms/.chimera.UiIntentOperationService: pid=2325 uid=10007 gids={50007, 3003, 1007, 1028, 1015, 3002, 3001, 3007, 2001, 3006}
I/ActivityManager( 1570): Start proc com.google.android.calendar for broadcast com.google.android.calendar/com.android.calendar.widget.CalendarAppWidgetService$CalendarFactory: pid=2338 uid=10018 gids={50018, 3003}
I/ActivityManager( 1570): Start proc com.android.providers.calendar for content provider com.android.providers.calendar/.CalendarProvider2: pid=2362 uid=10001 gids={50001, 3003, 1028, 1015}
I/ActivityManager( 1570): Start proc com.android.deskclock for broadcast com.android.deskclock/.AlarmInitReceiver: pid=2374 uid=10022 gids={50022, 1028}
W/BackupManagerService( 1570): dataChanged but no participant pkg='com.android.providers.settings' uid=10022
I/ActivityManager( 1570): Start proc com.google.android.play.games for broadcast com.google.android.play.games/com.google.android.libraries.notifications.entrypoints.timezonechanged.TimezoneChangedReceiver: pid=2398 uid=10043 gids={50043, 3003}
D/ConnectivityService( 1570): [CheckMp] isMobileOk: X result=1
D/ConnectivityService( 1570): [CheckMp] onPostExecute: result=1
D/ConnectivityService( 1570): CheckMp.onComplete: result=1
D/ConnectivityService( 1570): CheckMp.onComplete: ignore, connected or no connection
W/ActivityManager( 1570): Unable to start service Intent { act=com.google.android.gms.instantapps.START pkg=com.google.android.gms } U=0: not found
W/ActivityManager( 1570): Unbind failed: could not find connection for android.os.BinderProxy@9d3cabd0
W/BroadcastQueue( 1570): Permission Denial: broadcasting Intent { act=android.appwidget.action.APPWIDGET_UPDATE_OPTIONS flg=0x10 cmp=com.android.settings/.widget.SettingsAppWidgetProvider (has extras) } from android (pid=1952, uid=10009) is not exported from uid 1000 due to receiver com.android.settings/.widget.SettingsAppWidgetProvider
I/ActivityManager( 1570): Start proc com.android.dialer for broadcast com.android.dialer/.calllog.CallLogReceiver: pid=2463 uid=10004 gids={50004, 3003, 1028, 1015}
I/ActivityManager( 1570): Delay finish: com.android.dialer/.calllog.CallLogReceiver
I/ActivityManager( 1570): Resuming delayed broadcast
V/WiredAccessoryManager( 1570): init()
I/PowerManagerService( 1570): Boot animation finished.
I/BootReceiver( 1570): Copying audit failures to DropBox
I/BootReceiver( 1570): Checking for fsck errors
I/ActivityManager( 1570): Delay finish: com.android.providers.downloads/.DownloadReceiver
I/ActivityManager( 1570): Resuming delayed broadcast
I/ActivityManager( 1570): Delay finish: com.android.providers.media/.MediaScannerReceiver
I/SystemUpdateService( 1797): cancelUpdate (empty URL)
I/SystemUpdateService( 1797): cancelUpdate (empty URL)
I/ActivityManager( 1570): Resuming delayed broadcast
I/ActivityManager( 1570): Start proc com.android.mms for broadcast com.android.mms/.transaction.MmsSystemEventReceiver: pid=2506 uid=10010 gids={50010, 3003, 1028, 1015}
D/CountryDetector( 1570): The first listener is added
I/ActivityManager( 1570): Delay finish: com.android.mms/.transaction.MmsSystemEventReceiver
I/ActivityManager( 1570): Resuming delayed broadcast
I/ActivityManager( 1570): Delay finish: com.android.mms/.transaction.SmsReceiver
I/ActivityManager( 1570): Resuming delayed broadcast
I/CertBlacklister( 1570): Certificate blacklist changed, updating...
I/CertBlacklister( 1570): Certificate blacklist updated
I/CertBlacklister( 1570): Certificate blacklist changed, updating...
I/CertBlacklister( 1570): Certificate blacklist updated
I/ActivityManager( 1570): Delay finish: com.google.android.googlequicksearchbox/com.google.android.searchcommon.StartUpReceiver
I/ActivityManager( 1570): Start proc com.google.android.gms.unstable for service com.google.android.gms/.droidguard.DroidGuardService: pid=2600 uid=10007 gids={50007, 3003, 1007, 1028, 1015, 3002, 3001, 3007, 2001, 3006}
W/ActivityManager( 1570): Unable to start service Intent { act=com.google.android.gms.nearby.discovery:ACTION_INIT_MESSAGES_PATH cmp=com.google.android.gms/.nearby.discovery.service.DiscoveryService } U=0: not found
D/ConnectivityService( 1570): handleInetConditionHoldEnd: net=0, condition=0, published condition=0
--------- beginning of /dev/log/main
I/dalvikvm( 1776): Could not find method android.os.UserHandle.isOwner, referenced from method ambv.a
I/GCoreUlr( 1776): WorldUpdater:init: Ensuring that reporting is stopped because of reasons: (no Google accounts)
W/dalvikvm( 1776): VFY: unable to resolve virtual method 29745: Landroid/os/UserHandle;.isOwner ()Z
D/dalvikvm( 1776): VFY: replacing opcode 0x6e at 0x000a
I/GCoreUlr( 1776): Unbound from all signal providers.
I/Icing   ( 2084): IndexChimeraService.getServiceInterface callingPackage=com.google.android.googlequicksearchbox componentName=null serviceId=21
W/Icing.InternalIcingCorporaProvider( 2187): Application table change notification failed.
W/DynamiteModule( 2084): Local module descriptor class for providerinstaller not found.
W/Icing   ( 2084): No valid account for uploading user actions
I/Icing   ( 2084): Usage reports ok 0, Failed Usage reports 0, indexed 0, rejected 0
W/ProviderHelper( 2084): Unknown dynamite feature providerinstaller
I/DynamiteModule( 2084): Considering local module providerinstaller:0 and remote module providerinstaller:0
W/ProviderInstaller( 2084): Failed to load providerinstaller module: No acceptable module found. Local version is 0 and remote version is 0.
I/Icing   ( 2084): IndexChimeraService.getServiceInterface callingPackage=com.google.android.googlequicksearchbox componentName=null serviceId=21
D/dalvikvm( 2084): GC_FOR_ALLOC freed 743K, 20% free 10230K/12644K, paused 10ms, total 10ms
I/dalvikvm-heap( 2084): Grow heap (frag case) to 11.146MB for 958476-byte allocation
I/GCoreUlr( 1776): Unbound from all signal providers.
I/GCoreUlr( 1776): Stopping handler for UlrDispSvcFast
D/dalvikvm( 2084): GC_FOR_ALLOC freed 9K, 18% free 11156K/13584K, paused 9ms, total 9ms
W/Icing   ( 2084): No valid account for uploading user actions
I/Icing   ( 2084): Usage reports ok 0, Failed Usage reports 0, indexed 0, rejected 0
W/Icing.InternalIcingCorporaProvider( 2187): Contacts table change notification failed.
I/ActivityManager( 1570): Resuming delayed broadcast
D/AlertReceiver( 2338): onReceive: a=android.intent.action.BOOT_COMPLETED Intent { act=android.intent.action.BOOT_COMPLETED flg=0x8000010 cmp=com.google.android.calendar/com.android.calendar.alerts.AlertReceiver (has extras) }
D/AlertUtils( 2338): Flushing old alerts from shared prefs table
D/AlertService( 2338): 0 Action = android.intent.action.BOOT_COMPLETED
D/AlertService( 2338): Scheduling next alarm with AlarmScheduler. sEventReminderReceived: null
I/ActivityManager( 1570): Delay finish: com.google.android.calendar/com.android.calendar.alerts.AlertReceiver
D/AlarmScheduler( 2338): No events found starting within 1 week.
D/dalvikvm( 1797): GC_EXPLICIT freed 148K, 22% free 5960K/7608K, paused 0ms+2ms, total 9ms
E/WakeLock( 2084): DG:service ** IS FORCE-RELEASED ON TIMEOUT **
E/dalvikvm( 2600): Could not find class 'android.net.Network', referenced from method quf.a
W/dalvikvm( 2600): VFY: unable to resolve check-cast 1424 (Landroid/net/Network;) in Lquf;
D/dalvikvm( 2600): VFY: replacing opcode 0x1f at 0x0075
D/dalvikvm( 2084): GC_EXPLICIT freed 1440K, 24% free 10353K/13584K, paused 9ms+8ms, total 44ms
D/dalvikvm( 1570): GC_EXPLICIT freed 811K, 48% free 7796K/14816K, paused 1ms+2ms, total 17ms
D/dalvikvm( 2600): GC_FOR_ALLOC freed 640K, 12% free 6852K/7748K, paused 16ms, total 16ms
D/dalvikvm( 2084): DexOpt: --- BEGIN 'DynamiteModulesC.apk' (bootstrap=0) ---
W/linker  ( 2675): libdvm.so has text relocations. This is wasting memory and is a security risk. Please fix.
I/Icing   ( 2084): Indexing com.google.android.gms-internal.3p:MobileApplication from com.google.android.gms
I/Icing   ( 2084): Indexing done com.google.android.gms-internal.3p:MobileApplication
I/Icing   ( 2084): IndexChimeraService.getServiceInterface callingPackage=com.google.android.googlequicksearchbox componentName=null serviceId=21
W/Icing   ( 2084): No valid account for uploading user actions
I/Icing   ( 2084): Usage reports ok 0, Failed Usage reports 0, indexed 0, rejected 0
V/AlarmClock( 2374): AlarmInitReceiver android.intent.action.BOOT_COMPLETED
D/dalvikvm( 2374): GC_FOR_ALLOC freed 426K, 17% free 3069K/3684K, paused 3ms, total 3ms
D/dalvikvm( 2600): GC_FOR_ALLOC freed 2229K, 32% free 5721K/8324K, paused 14ms, total 14ms
V/AlarmClock( 2374): AlarmInitReceiver - Reset timers and clear stopwatch data
V/AlarmClock( 2374): AlarmInitReceiver - resetting volume button default
I/ActivityManager( 1570): Resuming delayed broadcast
D/dalvikvm( 2600): GC_FOR_ALLOC freed 154K, 31% free 5820K/8324K, paused 8ms, total 8ms
I/dalvikvm-heap( 2600): Grow heap (frag case) to 6.317MB for 475686-byte allocation
D/dalvikvm( 2600): GC_FOR_ALLOC freed <1K, 29% free 6284K/8792K, paused 6ms, total 6ms
D/dalvikvm( 2600): GC_FOR_ALLOC freed 0K, 29% free 6284K/8792K, paused 5ms, total 5ms
I/dalvikvm-heap( 2600): Grow heap (frag case) to 6.770MB for 475686-byte allocation
I/AlarmClock( 2374): Displaying next alarm time: ''
V/AlarmClock( 2374): AlarmInitReceiver finished
D/dalvikvm( 2600): GC_FOR_ALLOC freed 0K, 28% free 6749K/9260K, paused 10ms, total 10ms
I/ActivityManager( 1570): Delay finish: com.android.email/.service.EmailUpgradeBroadcastReceiver
D/dalvikvm( 2600): GC_FOR_ALLOC freed 941K, 37% free 5859K/9260K, paused 6ms, total 6ms
D/dalvikvm( 2600): GC_FOR_ALLOC freed 3K, 27% free 6788K/9260K, paused 4ms, total 4ms
I/dalvikvm-heap( 2600): Grow heap (frag case) to 7.215MB for 426603-byte allocation
D/dalvikvm( 2600): GC_FOR_ALLOC freed 1394K, 40% free 5810K/9680K, paused 4ms, total 4ms
I/Email   ( 1975): Onetime initialization: 1
I/Email   ( 1975): Onetime initialization: 2
I/Email   ( 1975): Onetime initialization: completed.
I/ActivityManager( 1570): Resuming delayed broadcast
I/ActivityManager( 1570): Delay finish: com.android.email/.service.EmailBroadcastReceiver
I/ActivityManager( 1570): Delaying start of: ServiceRecord{9d658fd0 u0 com.android.exchange/.service.EmailSyncAdapterService}
D/dalvikvm( 2600): GC_FOR_ALLOC freed 969K, 41% free 5782K/9680K, paused 5ms, total 5ms
D/dalvikvm( 2600): GC_FOR_ALLOC freed 661K, 39% free 5943K/9680K, paused 3ms, total 3ms
D/dalvikvm( 2600): DexOpt: --- BEGIN 'the.apk' (bootstrap=0) ---
I/ActivityManager( 1570): Resuming delayed broadcast
I/ActivityManager( 1570): Delay finish: com.google.android.syncadapters.contacts/.ContactsSyncAdapterBroadcastReceiver
W/linker  ( 2682): libdvm.so has text relocations. This is wasting memory and is a security risk. Please fix.
D/dalvikvm( 2600): GC_FOR_ALLOC freed 1021K, 39% free 5907K/9680K, paused 4ms, total 8ms
D/dalvikvm( 2600): GC_FOR_ALLOC freed 2K, 30% free 6836K/9680K, paused 4ms, total 4ms
I/LauncherIconVisibilityManager( 1762): Boot has been completed
I/ActivityManager( 1570): Resuming delayed broadcast
I/LauncherIconVisibilityManager( 1762): Disable activity: ComponentInfo{com.google.android.inputmethod.latin/com.android.inputmethod.latin.setup.SetupActivity}
D/dalvikvm( 2682): DexOpt: load 1ms, verify+opt 5ms, 207932 bytes
I/Notifications( 2398): [ChimeBroadcastReceiver] Intent received for action [android.intent.action.BOOT_COMPLETED] package [com.google.android.play.games].
I/Notifications( 2398): [ChimeBroadcastReceiver] Validation OK for action [android.intent.action.BOOT_COMPLETED].
D/dalvikvm( 2600): DexOpt: --- END 'the.apk' (success) ---
D/dalvikvm( 2600): DEX prep '/data/data/com.google.android.gms/app_dg_cache/332DF7A96159CC0FFEB819779627D9C94920AA73/the.apk': unzip in 0ms, rewrite 54ms
D/dalvikvm( 2506): GC_FOR_ALLOC freed 243K, 12% free 3263K/3692K, paused 2ms, total 2ms
I/Notifications( 2398): [ChimeBroadcastReceiver] Executing action in Service [android.intent.action.BOOT_COMPLETED].
I/ActivityManager( 1570): Delay finish: com.google.android.gms/.chimera.GmsIntentOperationService$PersistentInternalReceiver
D/dalvikvm( 2600): GC_FOR_ALLOC freed 1926K, 43% free 5585K/9680K, paused 17ms, total 17ms
E/PhenotypeRegOp( 2084): Attempting to overwrite config package for com.google.android.gms.games [CONTEXT service_id=231 ]
D/dalvikvm( 2600): DexOpt: --- BEGIN 'the.apk' (bootstrap=0) ---
E/PhenotypeRegOp( 2084): Attempting to overwrite config package for com.google.android.gms.mobile_data_plan [CONTEXT service_id=231 ]
E/PhenotypeRegOp( 2084): Attempting to overwrite config package for com.google.android.gms.signin [CONTEXT service_id=231 ]
E/PhenotypeRegOp( 2084): Attempting to overwrite config package for com.google.android.gms.udc [CONTEXT service_id=231 ]
D/dalvikvm( 2600): Trying to load lib /data/data/com.google.android.gms/app_dg_cache/332DF7A96159CC0FFEB819779627D9C94920AA73/libdCD96A5AB8310.so 0x9d29fa48
D/dalvikvm( 2600): Added shared lib /data/data/com.google.android.gms/app_dg_cache/332DF7A96159CC0FFEB819779627D9C94920AA73/libdCD96A5AB8310.so 0x9d29fa48
W/linker  ( 2691): libdvm.so has text relocations. This is wasting memory and is a security risk. Please fix.
I/ActivityManager( 1570): Resuming delayed broadcast
D/dalvikvm( 2691): DexOpt: load 1ms, verify+opt 2ms, 207932 bytes
D/dalvikvm( 2600): DexOpt: --- END 'the.apk' (success) ---
D/dalvikvm( 2600): DEX prep '/data/data/com.google.android.gms/app_dg_cache/0BF2C608180009C015A9E5E9AF849125E742EA2A/the.apk': unzip in 0ms, rewrite 31ms
D/dalvikvm( 2600): Trying to load lib /data/data/com.google.android.gms/app_dg_cache/0BF2C608180009C015A9E5E9AF849125E742EA2A/libdCD96A5AB8310.so 0x9d290218
D/dalvikvm( 2600): Added shared lib /data/data/com.google.android.gms/app_dg_cache/0BF2C608180009C015A9E5E9AF849125E742EA2A/libdCD96A5AB8310.so 0x9d290218
I/Fitness ( 1776): OnPackageChangedOperation got intent: Intent { act=android.intent.action.PACKAGE_CHANGED dat=package:com.android.email flg=0x4000010 cmp=com.google.android.gms/.chimera.PersistentIntentOperationService (has extras) } [CONTEXT service_id=17 ]
I/ActivityManager( 1570): Delay finish: com.google.android.googlequicksearchbox/com.google.android.searchcommon.summons.icing.InternalIcingCorporaProvider$CorporaChangedReceiver
I/Fitness ( 1776): FitCleanupIntentOperation received Intent android.intent.action.PACKAGE_CHANGED [CONTEXT service_id=17 ]
I/Icing.InternalIcingCorporaProvider( 2187): Updating corpora: A: com.android.email, C: MAYBE
D/dalvikvm( 2600): GC_FOR_ALLOC freed 948K, 44% free 5503K/9680K, paused 8ms, total 9ms
D/        ( 2600): HostConnection::get() New Host Connection established 0xb7aa2b60, tid 2644
D/EGL_emulation( 2600): eglCreateContext: 0xb7a84a40: maj 3 min 0 rcv 3
D/EGL_emulation( 2600): eglMakeCurrent: 0xb7a84a40: ver 3 0
E/eglCodecCommon( 2600): glUtilsParamSize: unknow param 0x00008cdf
E/eglCodecCommon( 2600): glUtilsParamSize: unknow param 0x00008824
I/Icing   ( 2084): IndexChimeraService.getServiceInterface callingPackage=com.google.android.googlequicksearchbox componentName=null serviceId=21
W/Launcher( 2233): setApplicationContext called twice! old=com.google.android.velvet.VelvetApplication@9d0909e8 new=com.google.android.velvet.VelvetApplication@9d0909e8
D/dalvikvm( 2600): DexOpt: --- BEGIN 'f.apk' (bootstrap=0) ---
I/ActivityManager( 1570): Resuming delayed broadcast
I/Fitness ( 1776): OnPackageChangedOperation got intent: Intent { act=android.intent.action.PACKAGE_CHANGED dat=package:com.google.android.gsf flg=0x4000010 cmp=com.google.android.gms/.chimera.PersistentIntentOperationService (has extras) } [CONTEXT service_id=17 ]
I/Fitness ( 1776): FitCleanupIntentOperation received Intent android.intent.action.PACKAGE_CHANGED [CONTEXT service_id=17 ]
I/ActivityManager( 1570): Delay finish: com.google.android.googlequicksearchbox/com.google.android.searchcommon.summons.icing.InternalIcingCorporaProvider$CorporaChangedReceiver
W/linker  ( 2694): libdvm.so has text relocations. This is wasting memory and is a security risk. Please fix.
W/Icing   ( 2084): No valid account for uploading user actions
I/Icing   ( 2084): Usage reports ok 0, Failed Usage reports 0, indexed 0, rejected 0
I/Icing.InternalIcingCorporaProvider( 2187): Updating corpora: A: com.google.android.gsf, C: MAYBE
D/dalvikvm( 2694): DexOpt: load 0ms, verify+opt 2ms, 123436 bytes
D/EGL_emulation( 2600): eglCreateContext: 0xb7a84a40: maj 3 min 0 rcv 3
D/dalvikvm( 2600): DexOpt: --- END 'f.apk' (success) ---
D/dalvikvm( 2600): DEX prep '/data/data/com.google.android.gms/app_fb/f.apk': unzip in 0ms, rewrite 59ms
D/        ( 2600): HostConnection::get() New Host Connection established 0xb7aa1e60, tid 2612
D/EGL_emulation( 2600): eglCreateContext: 0xb7a99c70: maj 3 min 0 rcv 3
D/EGL_emulation( 2600): eglMakeCurrent: 0xb7a84a40: ver 3 0
E/eglCodecCommon( 2600): glUtilsParamSize: unknow param 0x00008cdf
E/eglCodecCommon( 2600): glUtilsParamSize: unknow param 0x00008824
D/dalvikvm( 2675): DexOpt: load 19ms, verify+opt 584ms, 1684660 bytes
D/EGL_emulation( 2600): eglMakeCurrent: 0xb7a99c70: ver 3 0
E/eglCodecCommon( 2600): glUtilsParamSize: unknow param 0x00008cdf
E/eglCodecCommon( 2600): glUtilsParamSize: unknow param 0x00008824
D/dalvikvm( 2084): GC_FOR_ALLOC freed 1102K, 17% free 11298K/13584K, paused 46ms, total 47ms
D/dalvikvm( 2084): DexOpt: --- END 'DynamiteModulesC.apk' (success) ---
D/dalvikvm( 2084): DEX prep '/data/data/com.google.android.gms/app_chimera/m/00000004/DynamiteModulesC.apk': unzip in 64ms, rewrite 677ms
I/Icing   ( 2084): IndexChimeraService.getServiceInterface callingPackage=com.google.android.googlequicksearchbox componentName=null serviceId=21
W/DynamiteModule( 2084): Local module descriptor class for providerinstaller not found.
I/DynamiteModule( 2084): Considering local module providerinstaller:0 and remote module providerinstaller:0
W/ProviderInstaller( 2084): Failed to load providerinstaller module: No acceptable module found. Local version is 0 and remote version is 0.
E/WakeLock( 2084): DG:service ** IS FORCE-RELEASED ON TIMEOUT **
W/Icing   ( 2084): No valid account for uploading user actions
I/Icing   ( 2084): Usage reports ok 0, Failed Usage reports 0, indexed 0, rejected 0
D/dalvikvm( 2600): GC_FOR_ALLOC freed 802K, 43% free 5539K/9680K, paused 11ms, total 11ms
W/Launcher( 2233): setApplicationContext called twice! old=com.google.android.velvet.VelvetApplication@9d0909e8 new=com.google.android.velvet.VelvetApplication@9d0909e8
I/CheckinUtil( 2084): Classify the device as Phone. [CONTEXT service_id=130 ]
I/ActivityManager( 1570): Resuming delayed broadcast
I/Icing   ( 2084): updateResources: need to parse wwx{com.google.android.gms}
I/ActivityManager( 1570): Delay finish: com.google.android.googlequicksearchbox/com.google.android.searchcommon.summons.icing.InternalIcingCorporaProvider$CorporaChangedReceiver
I/Icing.InternalIcingCorporaProvider( 2187): Updating corpora: A: com.google.android.gms, C: MAYBE
I/Fitness ( 1776): OnPackageChangedOperation got intent: Intent { act=android.intent.action.PACKAGE_CHANGED dat=package:com.google.android.gms flg=0x4000010 cmp=com.google.android.gms/.chimera.PersistentIntentOperationService (has extras) } [CONTEXT service_id=17 ]
D/dalvikvm( 1797): GC_EXPLICIT freed 190K, 22% free 5961K/7608K, paused 0ms+1ms, total 13ms
D/dalvikvm( 2084): GC_EXPLICIT freed 1093K, 17% free 11361K/13584K, paused 8ms+5ms, total 148ms
D/dalvikvm( 2084): DexOpt: --- BEGIN 'GoogleCertificates.apk' (bootstrap=0) ---
W/linker  ( 2702): libdvm.so has text relocations. This is wasting memory and is a security risk. Please fix.
I/Icing   ( 2084): IndexChimeraService.getServiceInterface callingPackage=com.google.android.googlequicksearchbox componentName=null serviceId=21
D/dalvikvm( 2702): DexOpt: load 11ms, verify+opt 13ms, 294780 bytes
D/dalvikvm( 1776): GC_FOR_ALLOC freed 1724K, 19% free 8862K/10836K, paused 95ms, total 96ms
I/Fitness ( 1776): FitCleanupIntentOperation received Intent android.intent.action.PACKAGE_CHANGED [CONTEXT service_id=17 ]
D/dalvikvm( 2084): DexOpt: --- END 'GoogleCertificates.apk' (success) ---
D/dalvikvm( 2084): DEX prep '/data/data/com.google.android.gms/app_chimera/m/00000005/GoogleCertificates.apk': unzip in 0ms, rewrite 94ms
W/Icing   ( 2084): No valid account for uploading user actions
I/Icing   ( 2084): Usage reports ok 0, Failed Usage reports 0, indexed 0, rejected 0
W/Launcher( 2233): setApplicationContext called twice! old=com.google.android.velvet.VelvetApplication@9d0909e8 new=com.google.android.velvet.VelvetApplication@9d0909e8
I/ActivityManager( 1570): Resuming delayed broadcast
I/Fitness ( 1776): OnPackageChangedOperation got intent: Intent { act=android.intent.action.PACKAGE_CHANGED dat=package:com.android.settings flg=0x4000010 cmp=com.google.android.gms/.chimera.PersistentIntentOperationService (has extras) } [CONTEXT service_id=17 ]
I/Fitness ( 1776): FitCleanupIntentOperation received Intent android.intent.action.PACKAGE_CHANGED [CONTEXT service_id=17 ]
I/ActivityManager( 1570): Delay finish: com.google.android.googlequicksearchbox/com.google.android.searchcommon.summons.icing.InternalIcingCorporaProvider$CorporaChangedReceiver
I/Icing.InternalIcingCorporaProvider( 2187): Updating corpora: A: com.android.settings, C: MAYBE
D/dalvikvm( 2187): GC_FOR_ALLOC freed 463K, 16% free 3478K/4128K, paused 2ms, total 2ms
I/Icing   ( 2084): IndexChimeraService.getServiceInterface callingPackage=com.google.android.googlequicksearchbox componentName=null serviceId=21
W/Icing   ( 2084): No valid account for uploading user actions
W/DynamiteModule( 2084): Local module descriptor class for providerinstaller not found.
I/DynamiteModule( 2084): Considering local module providerinstaller:0 and remote module providerinstaller:0
W/ProviderInstaller( 2084): Failed to load providerinstaller module: No acceptable module found. Local version is 0 and remote version is 0.
W/Conscrypt( 2084): Could not set socket write timeout: java.net.SocketException: Socket closed
W/Conscrypt( 2084): 	at com.google.android.gms.org.conscrypt.Platform.setSocketWriteTimeout(:com.google.android.gms@202414005@20.24.14 (000700-319035315):2)
W/Conscrypt( 2084): 	at com.google.android.gms.org.conscrypt.ConscryptFileDescriptorSocket.setSoWriteTimeout(:com.google.android.gms@202414005@20.24.14 (000700-319035315):0)
I/Icing   ( 2084): Usage reports ok 0, Failed Usage reports 0, indexed 0, rejected 0
I/ActivityManager( 1570): Resuming delayed broadcast
W/Launcher( 2233): setApplicationContext called twice! old=com.google.android.velvet.VelvetApplication@9d0909e8 new=com.google.android.velvet.VelvetApplication@9d0909e8
E/BluetoothAdapter( 1847): Bluetooth binder is null
D/dalvikvm( 2084): GC_FOR_ALLOC freed 2124K, 18% free 11227K/13604K, paused 35ms, total 38ms
I/dalvikvm-heap( 2084): Grow heap (frag case) to 12.206MB for 1048588-byte allocation
D/dalvikvm( 2600): GC_FOR_ALLOC freed 854K, 43% free 5536K/9680K, paused 5ms, total 5ms
I/ActivityManager( 1570): Delay finish: com.google.android.gms/.gcm.nts.SchedulerReceiver
I/ActivityManager( 1570): Resuming delayed broadcast
D/dalvikvm( 2084): GC_FOR_ALLOC freed 24K, 17% free 12226K/14632K, paused 52ms, total 52ms
D/AlertReceiver( 2338): onReceive: a=android.intent.action.PROVIDER_CHANGED Intent { act=android.intent.action.PROVIDER_CHANGED dat=content://com.android.calendar flg=0x10 cmp=com.google.android.calendar/com.android.calendar.alerts.AlertReceiver }
I/ActivityManager( 1570): Delay finish: com.google.android.calendar/com.android.calendar.alerts.AlertReceiver
D/AlertService( 2338): 0 Action = android.intent.action.PROVIDER_CHANGED
I/Icing   ( 2084): Indexing com.google.android.googlequicksearchbox-applications from com.google.android.googlequicksearchbox
W/Conscrypt( 2084): Could not set socket write timeout: java.net.SocketException: Socket closed
W/Conscrypt( 2084): 	at com.google.android.gms.org.conscrypt.Platform.setSocketWriteTimeout(:com.google.android.gms@202414005@20.24.14 (000700-319035315):2)
W/Conscrypt( 2084): 	at com.google.android.gms.org.conscrypt.ConscryptFileDescriptorSocket.setSoWriteTimeout(:com.google.android.gms@202414005@20.24.14 (000700-319035315):0)
D/dalvikvm( 1776): GC_FOR_ALLOC freed 1741K, 18% free 9101K/11092K, paused 18ms, total 22ms
D/dalvikvm( 1570): GC_FOR_ALLOC freed 1205K, 48% free 7796K/14816K, paused 10ms, total 10ms
I/FontLog ( 2084): Updating from directory version 0 to 17 from disk [CONTEXT service_id=132 ]
D/dalvikvm( 2084): GC_EXPLICIT freed 1683K, 23% free 11341K/14632K, paused 9ms+2ms, total 35ms
D/dalvikvm( 2084): DexOpt: --- BEGIN 'MapsDynamite.apk' (bootstrap=0) ---
W/linker  ( 2714): libdvm.so has text relocations. This is wasting memory and is a security risk. Please fix.
D/EGL_emulation( 2600): eglCreateContext: 0xb7aa44c0: maj 3 min 0 rcv 3
D/EGL_emulation( 2600): eglMakeCurrent: 0xb7aa44c0: ver 3 0
E/eglCodecCommon( 2600): glUtilsParamSize: unknow param 0x00008cdf
E/eglCodecCommon( 2600): glUtilsParamSize: unknow param 0x00008824
I/Icing   ( 2084): Indexing done com.google.android.googlequicksearchbox-applications
D/EGL_emulation( 2600): eglCreateContext: 0xb7aa44c0: maj 3 min 0 rcv 3
D/EGL_emulation( 2600): eglMakeCurrent: 0xb7aa44c0: ver 3 0
E/eglCodecCommon( 2600): glUtilsParamSize: unknow param 0x00008cdf
E/eglCodecCommon( 2600): glUtilsParamSize: unknow param 0x00008824
D/dalvikvm( 2714): DexOpt: load 21ms, verify+opt 136ms, 1867812 bytes
D/dalvikvm( 2084): DexOpt: --- END 'MapsDynamite.apk' (success) ---
D/dalvikvm( 2084): DEX prep '/data/data/com.google.android.gms/app_chimera/m/00000006/MapsDynamite.apk': unzip in 23ms, rewrite 202ms
W/DynamiteModule( 2084): Local module descriptor class for providerinstaller not found.
I/DynamiteModule( 2084): Considering local module providerinstaller:0 and remote module providerinstaller:0
W/ProviderInstaller( 2084): Failed to load providerinstaller module: No acceptable module found. Local version is 0 and remote version is 0.
I/Icing   ( 2084): Indexing com.google.android.googlequicksearchbox-applications from com.google.android.googlequicksearchbox
I/Icing   ( 2084): Indexing done com.google.android.googlequicksearchbox-applications
I/Icing   ( 2084): Indexing com.google.android.gms-apps from com.google.android.gms
D/dalvikvm( 2084): GC_EXPLICIT freed 964K, 22% free 11511K/14632K, paused 12ms+2ms, total 66ms
D/dalvikvm( 2084): DexOpt: --- BEGIN 'MeasurementDynamite.apk' (bootstrap=0) ---
W/linker  ( 2716): libdvm.so has text relocations. This is wasting memory and is a security risk. Please fix.
D/dalvikvm( 2600): GC_FOR_ALLOC freed 790K, 43% free 5591K/9680K, paused 4ms, total 4ms
I/Icing   ( 2084): Indexing done com.google.android.gms-apps
D/dalvikvm( 2716): DexOpt: load 5ms, verify+opt 28ms, 584588 bytes
I/CheckinResponseProcess( 2084): From server: 1523 gservices [full] [CONTEXT service_id=130 ]
D/dalvikvm( 2084): DexOpt: --- END 'MeasurementDynamite.apk' (success) ---
D/dalvikvm( 2084): DEX prep '/data/data/com.google.android.gms/app_chimera/m/00000007/MeasurementDynamite.apk': unzip in 2ms, rewrite 66ms
D/dalvikvm( 2084): GC_EXPLICIT freed 448K, 20% free 11843K/14632K, paused 3ms+1ms, total 21ms
D/dalvikvm( 2084): GC_EXPLICIT freed 21K, 20% free 11829K/14632K, paused 0ms+1ms, total 10ms
D/dalvikvm( 2084): GC_EXPLICIT freed 7K, 20% free 11829K/14632K, paused 1ms+1ms, total 10ms
D/dalvikvm( 2084): GC_EXPLICIT freed 6K, 20% free 11829K/14632K, paused 0ms+1ms, total 11ms
I/Icing   ( 2084): Indexing com.google.android.googlequicksearchbox-applications from com.google.android.googlequicksearchbox
I/Icing   ( 2084): Indexing done com.google.android.googlequicksearchbox-applications
I/Icing   ( 2084): Indexing com.google.android.gms-apps from com.google.android.gms
I/Icing   ( 2084): Indexing done com.google.android.gms-apps
D/dalvikvm( 2084): GC_EXPLICIT freed 29K, 20% free 11838K/14632K, paused 1ms+1ms, total 14ms
D/dalvikvm( 2084): GC_EXPLICIT freed 17K, 20% free 11828K/14632K, paused 0ms+1ms, total 10ms
D/dalvikvm( 1797): GC_FOR_ALLOC freed 278K, 12% free 6697K/7608K, paused 3ms, total 3ms
D/dalvikvm( 2084): GC_EXPLICIT freed 8K, 20% free 11826K/14632K, paused 1ms+1ms, total 11ms
D/dalvikvm( 2084): GC_EXPLICIT freed 6K, 20% free 11826K/14632K, paused 1ms+1ms, total 11ms
I/GmsModuleFndr( 2084): Beginning GMS chimera module scan
D/dalvikvm( 2084): DexOpt: couldn't find static field Landroid/os/Build;.SUPPORTED_64_BIT_ABIS
W/dalvikvm( 2084): VFY: unable to resolve static field 1539 (SUPPORTED_64_BIT_ABIS) in Landroid/os/Build;
D/dalvikvm( 2084): VFY: replacing opcode 0x62 at 0x002c
D/dalvikvm( 2084): DexOpt: couldn't find static field Landroid/os/Build;.SUPPORTED_32_BIT_ABIS
W/dalvikvm( 2084): VFY: unable to resolve static field 1538 (SUPPORTED_32_BIT_ABIS) in Landroid/os/Build;
D/dalvikvm( 2084): VFY: replacing opcode 0x62 at 0x0032
I/ModuleSetMgr( 2084): Computing pending module set with APKs: [[AdsFdrDynamite.integ:21460000000], [Cronetdynamite:202414000700], [Dynamiteloader:202414000700], [Dynamitemodulesa:202414000000], [Dynamitemodulesc:202414000000], [Googlecertificates:202414000000], [Mapsdynamite:202414000000], [Measurementdynamite:202414000000]]
I/ModuleSetMgr( 2084): Pending container module APKs: []
I/ModuleSetMgr( 2084): Pending non-container module APKs: []
I/GservicesProvider( 1797): main update completed
I/CertBlacklister( 1570): Certificate blacklist changed, updating...
I/CertBlacklister( 1570): Certificate blacklist updated
I/Checkin ( 2084): [CheckinRequestProcessor] CheckinNowTaskTag : Checkin Succeeded: https://android.googleapis.com/checkin (fragment #1).
D/dalvikvm( 1797): GC_EXPLICIT freed 1039K, 21% free 6065K/7608K, paused 2ms+0ms, total 8ms
D/dalvikvm( 2084): GC_EXPLICIT freed 1519K, 16% free 12355K/14632K, paused 2ms+1ms, total 15ms
D/dalvikvm( 2084): WAIT_FOR_CONCURRENT_GC blocked 5ms
D/dalvikvm( 1797): GC_EXPLICIT freed 131K, 21% free 6071K/7608K, paused 1ms+0ms, total 5ms
I/Icing   ( 2084): Indexing com.google.android.gms-internal.3p:MobileApplication from com.google.android.gms
I/Icing   ( 2084): Indexing done com.google.android.gms-internal.3p:MobileApplication
I/Icing   ( 2084): Indexing com.google.android.googlequicksearchbox-applications from com.google.android.googlequicksearchbox
I/Icing   ( 2084): Indexing done com.google.android.googlequicksearchbox-applications
I/Icing   ( 2084): Indexing com.google.android.gms-apps from com.google.android.gms
I/Icing   ( 2084): Indexing done com.google.android.gms-apps
D/dalvikvm( 2084): GC_FOR_ALLOC freed 2288K, 18% free 12114K/14652K, paused 10ms, total 10ms
I/Icing   ( 2084): Indexing com.google.android.googlequicksearchbox-applications from com.google.android.googlequicksearchbox
I/Icing   ( 2084): Indexing done com.google.android.googlequicksearchbox-applications
D/dalvikvm( 2084): GC_FOR_ALLOC freed 2291K, 21% free 11614K/14652K, paused 10ms, total 10ms
I/dalvikvm-heap( 2084): Grow heap (frag case) to 11.845MB for 274504-byte allocation
D/dalvikvm( 2084): GC_FOR_ALLOC freed <1K, 21% free 11881K/14924K, paused 9ms, total 9ms
I/Icing   ( 2084): Indexing com.google.android.gms-apps from com.google.android.gms
I/Icing   ( 2084): Indexing done com.google.android.gms-apps
E/dalvikvm( 2084): JIT code cache full
I/ChimeraCfgMgr( 2084): Updating module config: container:2024149000700 -> container:2024149000700
E/DowngradeHelper( 2084): isModuleDowngradeRequired false
E/ConfigFileUtils( 2084): Failed to read config file: /data/data/com.google.android.gms/app_chimera/current_modules_init.pb: open failed: ENOENT (No such file or directory)
I/Icing   ( 2084): Indexing com.google.android.gms-internal.3p:MobileApplication from com.google.android.gms
I/Icing   ( 2084): Indexing done com.google.android.gms-internal.3p:MobileApplication
I/ChimeraCfgMgr( 2084): Sending com.google.android.chimera.IntentOperation.NEW_MODULE Intents: 1,false,true
I/ChmraDebugLogger( 2084): [46] container:2024149000700
W/DynamiteModule( 2084): Local module descriptor class for providerinstaller not found.
W/ProviderHelper( 2084): Unknown dynamite feature providerinstaller
I/DynamiteModule( 2084): Considering local module providerinstaller:0 and remote module providerinstaller:0
W/ProviderInstaller( 2084): Failed to load providerinstaller module: No acceptable module found. Local version is 0 and remote version is 0.
D/dalvikvm( 2084): JIT code cache reset in 0 ms (523120 bytes 1/0)
D/dalvikvm( 2084): GC_FOR_ALLOC freed 2797K, 26% free 11088K/14924K, paused 9ms, total 10ms
I/dalvikvm-heap( 2084): Grow heap (frag case) to 12.070MB for 1048588-byte allocation
D/dalvikvm( 2084): GC_FOR_ALLOC freed 2K, 25% free 12109K/15952K, paused 9ms, total 9ms
D/dalvikvm( 2084): GC_FOR_ALLOC freed 1055K, 31% free 11057K/15952K, paused 10ms, total 10ms
W/DynamiteModule( 2084): Local module descriptor class for providerinstaller not found.
I/DynamiteModule( 2084): Considering local module providerinstaller:0 and remote module providerinstaller:0
W/ProviderInstaller( 2084): Failed to load providerinstaller module: No acceptable module found. Local version is 0 and remote version is 0.
W/DynamiteModule( 2084): Local module descriptor class for providerinstaller not found.
I/DynamiteModule( 2084): Considering local module providerinstaller:0 and remote module providerinstaller:0
W/ProviderInstaller( 2084): Failed to load providerinstaller module: No acceptable module found. Local version is 0 and remote version is 0.
W/DynamiteModule( 2084): Local module descriptor class for providerinstaller not found.
I/DynamiteModule( 2084): Considering local module providerinstaller:0 and remote module providerinstaller:0
W/ProviderInstaller( 2084): Failed to load providerinstaller module: No acceptable module found. Local version is 0 and remote version is 0.
D/dalvikvm( 2084): GC_FOR_ALLOC freed 1894K, 31% free 11066K/15952K, paused 9ms, total 9ms
W/DynamiteModule( 2084): Local module descriptor class for providerinstaller not found.
I/DynamiteModule( 2084): Considering local module providerinstaller:0 and remote module providerinstaller:0
W/ProviderInstaller( 2084): Failed to load providerinstaller module: No acceptable module found. Local version is 0 and remote version is 0.
D/dalvikvm( 2084): GC_FOR_ALLOC freed 485K, 31% free 11050K/15952K, paused 8ms, total 8ms
W/DynamiteModule( 2084): Local module descriptor class for providerinstaller not found.
I/DynamiteModule( 2084): Considering local module providerinstaller:0 and remote module providerinstaller:0
W/ProviderInstaller( 2084): Failed to load providerinstaller module: No acceptable module found. Local version is 0 and remote version is 0.
D/dalvikvm( 2084): GC_FOR_ALLOC freed 1432K, 31% free 11051K/15952K, paused 11ms, total 11ms
W/DynamiteModule( 2084): Local module descriptor class for providerinstaller not found.
I/DynamiteModule( 2084): Considering local module providerinstaller:0 and remote module providerinstaller:0
W/ProviderInstaller( 2084): Failed to load providerinstaller module: No acceptable module found. Local version is 0 and remote version is 0.
W/DynamiteModule( 2084): Local module descriptor class for providerinstaller not found.
I/DynamiteModule( 2084): Considering local module providerinstaller:0 and remote module providerinstaller:0
W/ProviderInstaller( 2084): Failed to load providerinstaller module: No acceptable module found. Local version is 0 and remote version is 0.
D/dalvikvm( 2084): GC_FOR_ALLOC freed 1509K, 31% free 11055K/15952K, paused 8ms, total 8ms
I/ChimeraCfgMgr( 2084): Received com.google.android.chimera.IntentOperation.NEW_MODULE(1/0): 1,false
D/dalvikvm( 2084): GC_EXPLICIT freed 1233K, 32% free 10979K/15952K, paused 3ms+1ms, total 15ms
D/dalvikvm( 2084): GC_EXPLICIT freed 20K, 32% free 10966K/15952K, paused 0ms+1ms, total 9ms
D/dalvikvm( 2084): GC_EXPLICIT freed 6K, 32% free 10966K/15952K, paused 1ms+1ms, total 9ms
D/dalvikvm( 2084): GC_EXPLICIT freed 7K, 32% free 10966K/15952K, paused 0ms+1ms, total 9ms
D/dalvikvm( 2084): GC_EXPLICIT freed 6K, 32% free 10966K/15952K, paused 1ms+1ms, total 9ms
D/dalvikvm( 2084): GC_EXPLICIT freed 6K, 32% free 10966K/15952K, paused 0ms+0ms, total 9ms
D/dalvikvm( 2084): GC_EXPLICIT freed 6K, 32% free 10966K/15952K, paused 1ms+1ms, total 9ms
D/dalvikvm( 2084): GC_EXPLICIT freed 6K, 32% free 10966K/15952K, paused 1ms+1ms, total 9ms
I/GmsModuleFndr( 2084): Beginning GMS chimera module scan
I/ModuleSetMgr( 2084): Computing pending module set with APKs: [[AdsFdrDynamite.integ:21460000000], [Cronetdynamite:202414000700], [Dynamiteloader:202414000700], [Dynamitemodulesa:202414000000], [Dynamitemodulesc:202414000000], [Googlecertificates:202414000000], [Mapsdynamite:202414000000], [Measurementdynamite:202414000000]]
I/ModuleSetMgr( 2084): Pending container module APKs: []
I/ModuleSetMgr( 2084): Pending non-container module APKs: []
D/dalvikvm( 2084): GC_EXPLICIT freed 255K, 32% free 10999K/15952K, paused 0ms+1ms, total 8ms
D/dalvikvm( 2084): GC_EXPLICIT freed 33K, 32% free 10973K/15952K, paused 1ms+1ms, total 11ms
D/dalvikvm( 2084): GC_EXPLICIT freed 7K, 32% free 10972K/15952K, paused 2ms+0ms, total 13ms
D/dalvikvm( 2084): GC_EXPLICIT freed 6K, 32% free 10973K/15952K, paused 1ms+0ms, total 9ms
D/dalvikvm( 2084): GC_EXPLICIT freed 6K, 32% free 10973K/15952K, paused 1ms+1ms, total 9ms
D/dalvikvm( 2084): GC_EXPLICIT freed 6K, 32% free 10973K/15952K, paused 0ms+1ms, total 9ms
D/dalvikvm( 2084): GC_EXPLICIT freed 6K, 32% free 10973K/15952K, paused 1ms+1ms, total 9ms
D/dalvikvm( 2084): GC_EXPLICIT freed 6K, 32% free 10973K/15952K, paused 0ms+1ms, total 9ms
I/GmsModuleFndr( 2084): Beginning GMS chimera module scan
I/ModuleSetMgr( 2084): Computing pending module set with APKs: [[AdsFdrDynamite.integ:21460000000], [Cronetdynamite:202414000700], [Dynamiteloader:202414000700], [Dynamitemodulesa:202414000000], [Dynamitemodulesc:202414000000], [Googlecertificates:202414000000], [Mapsdynamite:202414000000], [Measurementdynamite:202414000000]]
I/ModuleSetMgr( 2084): Pending container module APKs: []
I/ModuleSetMgr( 2084): Pending non-container module APKs: []
W/DynamiteModule( 2084): Local module descriptor class for providerinstaller not found.
I/DynamiteModule( 2084): Considering local module providerinstaller:0 and remote module providerinstaller:0
W/ProviderInstaller( 2084): Failed to load providerinstaller module: No acceptable module found. Local version is 0 and remote version is 0.
D/dalvikvm( 2084): GC_FOR_ALLOC freed 1286K, 31% free 11072K/15952K, paused 8ms, total 8ms
W/DynamiteModule( 2084): Local module descriptor class for providerinstaller not found.
I/DynamiteModule( 2084): Considering local module providerinstaller:0 and remote module providerinstaller:0
W/ProviderInstaller( 2084): Failed to load providerinstaller module: No acceptable module found. Local version is 0 and remote version is 0.
W/DynamiteModule( 2084): Local module descriptor class for providerinstaller not found.
I/DynamiteModule( 2084): Considering local module providerinstaller:0 and remote module providerinstaller:0
W/ProviderInstaller( 2084): Failed to load providerinstaller module: No acceptable module found. Local version is 0 and remote version is 0.
W/DynamiteModule( 2084): Local module descriptor class for providerinstaller not found.
I/DynamiteModule( 2084): Considering local module providerinstaller:0 and remote module providerinstaller:0
W/ProviderInstaller( 2084): Failed to load providerinstaller module: No acceptable module found. Local version is 0 and remote version is 0.
D/dalvikvm( 2084): GC_FOR_ALLOC freed 1718K, 31% free 11063K/15952K, paused 7ms, total 7ms
W/DynamiteModule( 2084): Local module descriptor class for providerinstaller not found.
I/DynamiteModule( 2084): Considering local module providerinstaller:0 and remote module providerinstaller:0
W/ProviderInstaller( 2084): Failed to load providerinstaller module: No acceptable module found. Local version is 0 and remote version is 0.
D/dalvikvm( 2084): GC_FOR_ALLOC freed 465K, 31% free 11049K/15952K, paused 7ms, total 7ms
W/DynamiteModule( 2084): Local module descriptor class for providerinstaller not found.
I/DynamiteModule( 2084): Considering local module providerinstaller:0 and remote module providerinstaller:0
W/ProviderInstaller( 2084): Failed to load providerinstaller module: No acceptable module found. Local version is 0 and remote version is 0.
D/dalvikvm( 2084): GC_FOR_ALLOC freed 1368K, 31% free 11053K/15952K, paused 7ms, total 7ms
W/DynamiteModule( 2084): Local module descriptor class for providerinstaller not found.
I/DynamiteModule( 2084): Considering local module providerinstaller:0 and remote module providerinstaller:0
W/ProviderInstaller( 2084): Failed to load providerinstaller module: No acceptable module found. Local version is 0 and remote version is 0.
W/DynamiteModule( 2084): Local module descriptor class for providerinstaller not found.
I/DynamiteModule( 2084): Considering local module providerinstaller:0 and remote module providerinstaller:0
W/ProviderInstaller( 2084): Failed to load providerinstaller module: No acceptable module found. Local version is 0 and remote version is 0.
D/dalvikvm( 2084): GC_FOR_ALLOC freed 1443K, 31% free 11058K/15952K, paused 7ms, total 7ms
D/dalvikvm( 2084): GC_EXPLICIT freed 1077K, 32% free 10970K/15952K, paused 0ms+1ms, total 8ms
D/dalvikvm( 2084): GC_EXPLICIT freed 8K, 32% free 10968K/15952K, paused 0ms+1ms, total 9ms
