I/MdiSyncModule( 2084): flag handling is skipping irrelevant intent.
W/ModuleInitIntentOp( 2084): Dropping unexpected action com.google.android.gms.phenotype.COMMITTED
D/dalvikvm( 2084): GC_FOR_ALLOC freed 2111K, 26% free 11880K/15952K, paused 15ms, total 15ms
E/GmsClient( 2084): unable to connect to service: com.google.android.gms.auth.key.retrieval.service.START on com.google.android.gms
I/ChromeSync( 2084): [Sync,SyncIntentOperation] Handling the intent: Intent { act=com.google.android.gms.phenotype.COMMITTED flg=0x10 pkg=com.google.android.gms cmp=com.google.android.gms/.chimera.GmsIntentOperationService (has extras) }.
I/MdiSyncModule( 2084): flag handling is skipping irrelevant intent.
W/ActivityManager( 1570): Unable to start service Intent { act=com.google.android.gms.auth.key.retrieval.service.START pkg=com.google.android.gms } U=0: not found
W/ActivityManager( 1570): Unbind failed: could not find connection for android.os.BinderProxy@9d357828
I/PhoneskyRecoveryLogs( 2084): Experiments updated. Start recovery checks. [CONTEXT service_id=242 ]
W/ModuleInitIntentOp( 2084): Dropping unexpected action com.google.android.gms.phenotype.COMMITTED
I/PTCommittedOperation( 1776): Receive new configuration for com.google.android.gms.phonesky_recovery
I/Auth    ( 1776): [AuthManaged,PasswordComplexityHelperImpl] Updating password complexity components state.
I/Auth    ( 1776): [AuthManaged,PasswordComplexityHelperImpl] Disabling com.google.android.gms.auth.managed.admin.DeviceAdminReceiver
I/Auth    ( 1776): [AuthManaged,PasswordComplexityHelperImpl] Disabling com.google.android.gms.auth.managed.ui.SetNewPasswordActivity
I/ChromeSync( 2084): [Sync,SyncIntentOperation] Handling the intent: Intent { act=com.google.android.gms.phenotype.COMMITTED flg=0x10 pkg=com.google.android.gms cmp=com.google.android.gms/.chimera.GmsIntentOperationService (has extras) }.
I/MdiSyncModule( 2084): flag handling is skipping irrelevant intent.
W/ModuleInitIntentOp( 2084): Dropping unexpected action com.google.android.gms.phenotype.COMMITTED
I/Auth    ( 1776): [AuthManaged,PasswordComplexityHelperImpl] Updating password complexity components state.
I/Auth    ( 1776): [AuthManaged,PasswordComplexityHelperImpl] Disabling com.google.android.gms.auth.managed.admin.DeviceAdminReceiver
I/Auth    ( 1776): [AuthManaged,PasswordComplexityHelperImpl] Disabling com.google.android.gms.auth.managed.ui.SetNewPasswordActivity
I/PTCommittedOperation( 1776): Receive new configuration for com.google.android.gms.icing.mdd
I/Auth    ( 1776): [AuthManaged,PasswordComplexityHelperImpl] Updating password complexity components state.
I/Auth    ( 1776): [AuthManaged,PasswordComplexityHelperImpl] Disabling com.google.android.gms.auth.managed.admin.DeviceAdminReceiver
I/Auth    ( 1776): [AuthManaged,PasswordComplexityHelperImpl] Disabling com.google.android.gms.auth.managed.ui.SetNewPasswordActivity
I/PTCommittedOperation( 1776): Receive new configuration for com.google.android.gms.icing.mdh
D/dalvikvm( 1797): GC_EXPLICIT freed 272K, 19% free 6176K/7608K, paused 0ms+1ms, total 12ms
E/MDD     ( 2084): MDDManager Failed to init shared file metadata.
D/dalvikvm( 1776): GC_FOR_ALLOC freed 1974K, 27% free 9693K/13268K, paused 12ms, total 13ms
I/Auth    ( 1776): [AuthManaged,PasswordComplexityHelperImpl] Updating password complexity components state.
I/Auth    ( 1776): [AuthManaged,PasswordComplexityHelperImpl] Disabling com.google.android.gms.auth.managed.admin.DeviceAdminReceiver
I/Auth    ( 1776): [AuthManaged,PasswordComplexityHelperImpl] Disabling com.google.android.gms.auth.managed.ui.SetNewPasswordActivity
I/Auth    ( 1776): [AuthManaged,PasswordComplexityHelperImpl] Updating password complexity components state.
I/Auth    ( 1776): [AuthManaged,PasswordComplexityHelperImpl] Disabling com.google.android.gms.auth.managed.admin.DeviceAdminReceiver
I/Auth    ( 1776): [AuthManaged,PasswordComplexityHelperImpl] Disabling com.google.android.gms.auth.managed.ui.SetNewPasswordActivity
I/PTCommittedOperation( 1776): Receive new configuration for com.google.android.gms.herrevad
I/Herrevad( 1776): [148] wkz.a: updateListenState
I/PTCommittedOperation( 1776): Receive new configuration for com.google.android.gms.firebase.auth
I/ChromeSync( 2084): [Sync,SyncIntentOperation] Handling the intent: Intent { act=com.google.android.gms.phenotype.COMMITTED flg=0x10 pkg=com.google.android.gms cmp=com.google.android.gms/.chimera.GmsIntentOperationService (has extras) }.
I/MdiSyncModule( 2084): flag handling is skipping irrelevant intent.
I/MobileDataHub( 2084): Scheduling periodic tasks
W/ModuleInitIntentOp( 2084): Dropping unexpected action com.google.android.gms.phenotype.COMMITTED
W/MobileDataHub( 2084): [Service] appsupload-periodic periodic task disabled
I/ChromeSync( 2084): [Sync,SyncIntentOperation] Handling the intent: Intent { act=com.google.android.gms.phenotype.COMMITTED flg=0x10 pkg=com.google.android.gms cmp=com.google.android.gms/.chimera.GmsIntentOperationService (has extras) }.
I/MdiSyncModule( 2084): flag handling is skipping irrelevant intent.
W/ModuleInitIntentOp( 2084): Dropping unexpected action com.google.android.gms.phenotype.COMMITTED
I/ChromeSync( 2084): [Sync,SyncIntentOperation] Handling the intent: Intent { act=com.google.android.gms.phenotype.COMMITTED flg=0x10 pkg=com.google.android.gms cmp=com.google.android.gms/.chimera.GmsIntentOperationService (has extras) }.
I/MdiSyncModule( 2084): flag handling is skipping irrelevant intent.
W/ModuleInitIntentOp( 2084): Dropping unexpected action com.google.android.gms.phenotype.COMMITTED
I/ChromeSync( 2084): [Sync,SyncIntentOperation] Handling the intent: Intent { act=com.google.android.gms.phenotype.COMMITTED flg=0x10 pkg=com.google.android.gms cmp=com.google.android.gms/.chimera.GmsIntentOperationService (has extras) }.
I/MdiSyncModule( 2084): flag handling is skipping irrelevant intent.
W/ModuleInitIntentOp( 2084): Dropping unexpected action com.google.android.gms.phenotype.COMMITTED
I/PTCommittedOperation( 1776): Receive new configuration for com.google.android.gms.ads
I/Auth    ( 1776): [AuthManaged,PasswordComplexityHelperImpl] Updating password complexity components state.
I/Auth    ( 1776): [AuthManaged,PasswordComplexityHelperImpl] Disabling com.google.android.gms.auth.managed.admin.DeviceAdminReceiver
I/Auth    ( 1776): [AuthManaged,PasswordComplexityHelperImpl] Disabling com.google.android.gms.auth.managed.ui.SetNewPasswordActivity
I/ChromeSync( 2084): [Sync,SyncIntentOperation] Handling the intent: Intent { act=com.google.android.gms.phenotype.COMMITTED flg=0x10 pkg=com.google.android.gms cmp=com.google.android.gms/.chimera.GmsIntentOperationService (has extras) }.
I/PTCommittedOperation( 1776): Receive new configuration for com.google.android.gms.gcm
I/MdiSyncModule( 2084): flag handling is skipping irrelevant intent.
W/ModuleInitIntentOp( 2084): Dropping unexpected action com.google.android.gms.phenotype.COMMITTED
D/dalvikvm( 1776): GC_FOR_ALLOC freed 2093K, 28% free 9647K/13268K, paused 10ms, total 10ms
I/Auth    ( 1776): [AuthManaged,PasswordComplexityHelperImpl] Updating password complexity components state.
I/Auth    ( 1776): [AuthManaged,PasswordComplexityHelperImpl] Disabling com.google.android.gms.auth.managed.admin.DeviceAdminReceiver
I/Auth    ( 1776): [AuthManaged,PasswordComplexityHelperImpl] Disabling com.google.android.gms.auth.managed.ui.SetNewPasswordActivity
I/ChromeSync( 2084): [Sync,SyncIntentOperation] Handling the intent: Intent { act=com.google.android.gms.phenotype.COMMITTED flg=0x10 pkg=com.google.android.gms cmp=com.google.android.gms/.chimera.GmsIntentOperationService (has extras) }.
D/dalvikvm( 2084): GC_FOR_ALLOC freed 1933K, 25% free 11995K/15952K, paused 12ms, total 12ms
W/ModuleInitIntentOp( 2084): Dropping unexpected action com.google.android.gms.phenotype.COMMITTED
I/MdiSyncModule( 2084): flag handling is skipping irrelevant intent.
I/PTCommittedOperation( 1776): Receive new configuration for com.google.android.gms.ipa
I/Auth    ( 1776): [AuthManaged,PasswordComplexityHelperImpl] Updating password complexity components state.
I/Auth    ( 1776): [AuthManaged,PasswordComplexityHelperImpl] Disabling com.google.android.gms.auth.managed.admin.DeviceAdminReceiver
I/Auth    ( 1776): [AuthManaged,PasswordComplexityHelperImpl] Disabling com.google.android.gms.auth.managed.ui.SetNewPasswordActivity
I/Auth    ( 1776): [AuthManaged,PasswordComplexityHelperImpl] Updating password complexity components state.
I/Auth    ( 1776): [AuthManaged,PasswordComplexityHelperImpl] Disabling com.google.android.gms.auth.managed.admin.DeviceAdminReceiver
I/Auth    ( 1776): [AuthManaged,PasswordComplexityHelperImpl] Disabling com.google.android.gms.auth.managed.ui.SetNewPasswordActivity
I/ChromeSync( 2084): [Sync,SyncIntentOperation] Handling the intent: Intent { act=com.google.android.gms.phenotype.COMMITTED flg=0x10 pkg=com.google.android.gms cmp=com.google.android.gms/.chimera.GmsIntentOperationService (has extras) }.
E/GmsClient( 2084): unable to connect to service: com.google.android.gms.auth.key.retrieval.service.START on com.google.android.gms
W/ActivityManager( 1570): Unable to start service Intent { act=com.google.android.gms.auth.key.retrieval.service.START pkg=com.google.android.gms } U=0: not found
W/ActivityManager( 1570): Unbind failed: could not find connection for android.os.BinderProxy@9d35a1c8
I/PTCommittedOperation( 1776): Receive new configuration for com.google.android.gms.ocr
I/MdiSyncModule( 2084): flag handling is skipping irrelevant intent.
W/ModuleInitIntentOp( 2084): Dropping unexpected action com.google.android.gms.phenotype.COMMITTED
V/EmulatedCamera_Camera( 1146): getCameraInfo
V/EmulatedCamera_BaseCamera( 1146): getCameraInfo
I/OcrModelUpStIntentOp( 2084): Updating ocr activity enabled=true (phenotypeFlag=true, lowRamDevice=false, prereqCheck=true)
D/dalvikvm( 1776): GC_FOR_ALLOC freed 1948K, 27% free 9747K/13268K, paused 7ms, total 7ms
W/DynamiteModule( 2084): Local module descriptor class for com.google.android.gms.vision.dynamite.ocr not found.
W/ProviderHelper( 2084): Unknown dynamite feature vision.dynamite.ocr
I/DynamiteModule( 2084): Considering local module com.google.android.gms.vision.dynamite.ocr:0 and remote module com.google.android.gms.vision.dynamite.ocr:0
W/ProviderHelper( 2084): Unknown dynamite feature vision.ocr
W/DynamiteModule( 2084): Local module descriptor class for com.google.android.gms.vision.ocr not found.
I/DynamiteModule( 2084): Considering local module com.google.android.gms.vision.ocr:0 and remote module com.google.android.gms.vision.ocr:0
E/Vision  ( 2084): Error loading module com.google.android.gms.vision.ocr optional module true: qxb: No acceptable module found. Local version is 0 and remote version is 0.
W/TextNativeHandle( 2084): Native handle not yet available. Reverting to no-op handle.
W/DynamiteModule( 2084): Local module descriptor class for com.google.android.gms.vision.dynamite.ocr not found.
W/ProviderHelper( 2084): Unknown dynamite feature vision.dynamite.ocr
I/DynamiteModule( 2084): Considering local module com.google.android.gms.vision.dynamite.ocr:0 and remote module com.google.android.gms.vision.dynamite.ocr:0
W/ProviderHelper( 2084): Unknown dynamite feature vision.ocr
W/DynamiteModule( 2084): Local module descriptor class for com.google.android.gms.vision.ocr not found.
I/DynamiteModule( 2084): Considering local module com.google.android.gms.vision.ocr:0 and remote module com.google.android.gms.vision.ocr:0
E/Vision  ( 2084): Error loading module com.google.android.gms.vision.ocr optional module true: qxb: No acceptable module found. Local version is 0 and remote version is 0.
I/OcrModelUpStIntentOp( 2084): Downloading text recognizer
I/PTCommittedOperation( 1776): Receive new configuration for com.google.android.gms.udc
I/ChromeSync( 2084): [Sync,SyncIntentOperation] Handling the intent: Intent { act=com.google.android.gms.phenotype.COMMITTED flg=0x10 pkg=com.google.android.gms cmp=com.google.android.gms/.chimera.GmsIntentOperationService (has extras) }.
I/MdiSyncModule( 2084): flag handling is skipping irrelevant intent.
W/ModuleInitIntentOp( 2084): Dropping unexpected action com.google.android.gms.phenotype.COMMITTED
I/Vision  ( 2084): Requesting optional module download of ocr.
I/Vision  ( 2084): Checking for download completion for 48586 -- ocr
I/Vision  ( 2084): Requesting optional module download of ocr.
I/Vision  ( 2084): Checking for download completion for 48592 -- ocr
D/dalvikvm( 1570): GC_FOR_ALLOC freed 1330K, 47% free 7857K/14816K, paused 10ms, total 10ms
I/Auth    ( 1776): [AuthManaged,PasswordComplexityHelperImpl] Updating password complexity components state.
I/Auth    ( 1776): [AuthManaged,PasswordComplexityHelperImpl] Disabling com.google.android.gms.auth.managed.admin.DeviceAdminReceiver
I/Auth    ( 1776): [AuthManaged,PasswordComplexityHelperImpl] Disabling com.google.android.gms.auth.managed.ui.SetNewPasswordActivity
I/ChromeSync( 2084): [Sync,SyncIntentOperation] Handling the intent: Intent { act=com.google.android.gms.phenotype.COMMITTED flg=0x10 pkg=com.google.android.gms cmp=com.google.android.gms/.chimera.GmsIntentOperationService (has extras) }.
I/MdiSyncModule( 2084): flag handling is skipping irrelevant intent.
I/PTCommittedOperation( 1776): Receive new configuration for com.google.android.gms.ulr
W/ModuleInitIntentOp( 2084): Dropping unexpected action com.google.android.gms.phenotype.COMMITTED
I/Auth    ( 1776): [AuthManaged,PasswordComplexityHelperImpl] Updating password complexity components state.
I/Auth    ( 1776): [AuthManaged,PasswordComplexityHelperImpl] Disabling com.google.android.gms.auth.managed.admin.DeviceAdminReceiver
I/Auth    ( 1776): [AuthManaged,PasswordComplexityHelperImpl] Disabling com.google.android.gms.auth.managed.ui.SetNewPasswordActivity
D/dalvikvm( 1776): GC_FOR_ALLOC freed 2105K, 28% free 9680K/13268K, paused 12ms, total 13ms
I/ChromeSync( 2084): [Sync,SyncIntentOperation] Handling the intent: Intent { act=com.google.android.gms.phenotype.COMMITTED flg=0x10 pkg=com.google.android.gms cmp=com.google.android.gms/.chimera.GmsIntentOperationService (has extras) }.
I/MdiSyncModule( 2084): flag handling is skipping irrelevant intent.
I/PTCommittedOperation( 1776): Receive new configuration for com.google.android.gms.appinvite
W/ModuleInitIntentOp( 2084): Dropping unexpected action com.google.android.gms.phenotype.COMMITTED
I/Auth    ( 1776): [AuthManaged,PasswordComplexityHelperImpl] Updating password complexity components state.
I/Auth    ( 1776): [AuthManaged,PasswordComplexityHelperImpl] Disabling com.google.android.gms.auth.managed.admin.DeviceAdminReceiver
I/Auth    ( 1776): [AuthManaged,PasswordComplexityHelperImpl] Disabling com.google.android.gms.auth.managed.ui.SetNewPasswordActivity
I/GCoreUlr( 1776): WorldUpdater received intent Intent { act=com.google.android.location.reporting.ACTION_UPDATE_WORLD cmp=com.google.android.gms/com.google.android.location.reporting.service.DispatchingService (has extras) } with receiverAction com.google.gservices.intent.action.GSERVICES_CHANGED
I/ChromeSync( 2084): [Sync,SyncIntentOperation] Handling the intent: Intent { act=com.google.android.gms.phenotype.COMMITTED flg=0x10 pkg=com.google.android.gms cmp=com.google.android.gms/.chimera.GmsIntentOperationService (has extras) }.
I/MdiSyncModule( 2084): flag handling is skipping irrelevant intent.
W/ModuleInitIntentOp( 2084): Dropping unexpected action com.google.android.gms.phenotype.COMMITTED
I/PTCommittedOperation( 1776): Receive new configuration for com.google.android.gms.usagereporting
I/GCoreUlr( 1776): WorldUpdater:com.google.gservices.intent.action.GSERVICES_CHANGED: Ensuring that reporting is stopped because of reasons: (no Google accounts)
I/GCoreUlr( 1776): Unbound from all signal providers.
I/Auth    ( 1776): [AuthManaged,PasswordComplexityHelperImpl] Updating password complexity components state.
I/Auth    ( 1776): [AuthManaged,PasswordComplexityHelperImpl] Disabling com.google.android.gms.auth.managed.admin.DeviceAdminReceiver
I/Auth    ( 1776): [AuthManaged,PasswordComplexityHelperImpl] Disabling com.google.android.gms.auth.managed.ui.SetNewPasswordActivity
I/ChromeSync( 2084): [Sync,SyncIntentOperation] Handling the intent: Intent { act=com.google.android.gms.phenotype.COMMITTED flg=0x10 pkg=com.google.android.gms cmp=com.google.android.gms/.chimera.GmsIntentOperationService (has extras) }.
I/MdiSyncModule( 2084): flag handling is skipping irrelevant intent.
W/ModuleInitIntentOp( 2084): Dropping unexpected action com.google.android.gms.phenotype.COMMITTED
I/GCoreUlr( 1776): Unbound from all signal providers.
I/GCoreUlr( 1776): Stopping handler for UlrDispSvcFast
I/PTCommittedOperation( 1776): Receive new configuration for com.google.android.gms.constellation
I/Auth    ( 1776): [AuthManaged,PasswordComplexityHelperImpl] Updating password complexity components state.
I/Auth    ( 1776): [AuthManaged,PasswordComplexityHelperImpl] Disabling com.google.android.gms.auth.managed.admin.DeviceAdminReceiver
I/Auth    ( 1776): [AuthManaged,PasswordComplexityHelperImpl] Disabling com.google.android.gms.auth.managed.ui.SetNewPasswordActivity
D/dalvikvm( 1776): GC_FOR_ALLOC freed 2017K, 27% free 9710K/13268K, paused 8ms, total 8ms
I/ChromeSync( 2084): [Sync,SyncIntentOperation] Handling the intent: Intent { act=com.google.android.gms.phenotype.COMMITTED flg=0x10 pkg=com.google.android.gms cmp=com.google.android.gms/.chimera.GmsIntentOperationService (has extras) }.
I/MdiSyncModule( 2084): flag handling is skipping irrelevant intent.
W/ModuleInitIntentOp( 2084): Dropping unexpected action com.google.android.gms.phenotype.COMMITTED
I/PTCommittedOperation( 1776): Receive new configuration for com.google.android.gms.feedback
I/Auth    ( 1776): [AuthManaged,PasswordComplexityHelperImpl] Updating password complexity components state.
I/Auth    ( 1776): [AuthManaged,PasswordComplexityHelperImpl] Disabling com.google.android.gms.auth.managed.admin.DeviceAdminReceiver
I/Auth    ( 1776): [AuthManaged,PasswordComplexityHelperImpl] Disabling com.google.android.gms.auth.managed.ui.SetNewPasswordActivity
I/ChromeSync( 2084): [Sync,SyncIntentOperation] Handling the intent: Intent { act=com.google.android.gms.phenotype.COMMITTED flg=0x10 pkg=com.google.android.gms cmp=com.google.android.gms/.chimera.GmsIntentOperationService (has extras) }.
I/MdiSyncModule( 2084): flag handling is skipping irrelevant intent.
W/ModuleInitIntentOp( 2084): Dropping unexpected action com.google.android.gms.phenotype.COMMITTED
I/PTCommittedOperation( 1776): Receive new configuration for com.google.android.gms.analytics
I/Auth    ( 1776): [AuthManaged,PasswordComplexityHelperImpl] Updating password complexity components state.
I/Auth    ( 1776): [AuthManaged,PasswordComplexityHelperImpl] Disabling com.google.android.gms.auth.managed.admin.DeviceAdminReceiver
I/Auth    ( 1776): [AuthManaged,PasswordComplexityHelperImpl] Disabling com.google.android.gms.auth.managed.ui.SetNewPasswordActivity
I/ChromeSync( 2084): [Sync,SyncIntentOperation] Handling the intent: Intent { act=com.google.android.gms.phenotype.COMMITTED flg=0x10 pkg=com.google.android.gms cmp=com.google.android.gms/.chimera.GmsIntentOperationService (has extras) }.
I/MdiSyncModule( 2084): flag handling is skipping irrelevant intent.
W/ModuleInitIntentOp( 2084): Dropping unexpected action com.google.android.gms.phenotype.COMMITTED
I/PTCommittedOperation( 1776): Receive new configuration for com.google.android.libraries.personalization.footprints#com.google.android.gms
I/Auth    ( 1776): [AuthManaged,PasswordComplexityHelperImpl] Updating password complexity components state.
I/Auth    ( 1776): [AuthManaged,PasswordComplexityHelperImpl] Disabling com.google.android.gms.auth.managed.admin.DeviceAdminReceiver
I/Auth    ( 1776): [AuthManaged,PasswordComplexityHelperImpl] Disabling com.google.android.gms.auth.managed.ui.SetNewPasswordActivity
I/ChromeSync( 2084): [Sync,SyncIntentOperation] Handling the intent: Intent { act=com.google.android.gms.phenotype.COMMITTED flg=0x10 pkg=com.google.android.gms cmp=com.google.android.gms/.chimera.GmsIntentOperationService (has extras) }.
I/MdiSyncModule( 2084): flag handling is skipping irrelevant intent.
W/ModuleInitIntentOp( 2084): Dropping unexpected action com.google.android.gms.phenotype.COMMITTED
I/Auth    ( 1776): [AuthManaged,PasswordComplexityHelperImpl] Updating password complexity components state.
I/Auth    ( 1776): [AuthManaged,PasswordComplexityHelperImpl] Disabling com.google.android.gms.auth.managed.admin.DeviceAdminReceiver
I/Auth    ( 1776): [AuthManaged,PasswordComplexityHelperImpl] Disabling com.google.android.gms.auth.managed.ui.SetNewPasswordActivity
I/PTCommittedOperation( 1776): Receive new configuration for com.google.android.gms.subscribedfeeds
D/dalvikvm( 1776): GC_FOR_ALLOC freed 2026K, 27% free 9713K/13268K, paused 8ms, total 8ms
I/ChromeSync( 2084): [Sync,SyncIntentOperation] Handling the intent: Intent { act=com.google.android.gms.phenotype.COMMITTED flg=0x10 pkg=com.google.android.gms cmp=com.google.android.gms/.chimera.GmsIntentOperationService (has extras) }.
I/MdiSyncModule( 2084): flag handling is skipping irrelevant intent.
W/ModuleInitIntentOp( 2084): Dropping unexpected action com.google.android.gms.phenotype.COMMITTED
I/Auth    ( 1776): [AuthManaged,PasswordComplexityHelperImpl] Updating password complexity components state.
I/Auth    ( 1776): [AuthManaged,PasswordComplexityHelperImpl] Disabling com.google.android.gms.auth.managed.admin.DeviceAdminReceiver
I/Auth    ( 1776): [AuthManaged,PasswordComplexityHelperImpl] Disabling com.google.android.gms.auth.managed.ui.SetNewPasswordActivity
I/PTCommittedOperation( 1776): Receive new configuration for com.google.android.gms.auth_cryptauth
I/ChromeSync( 2084): [Sync,SyncIntentOperation] Handling the intent: Intent { act=com.google.android.gms.phenotype.COMMITTED flg=0x10 pkg=com.google.android.gms cmp=com.google.android.gms/.chimera.GmsIntentOperationService (has extras) }.
I/PTCommittedOperation( 1776): Receive new configuration for com.google.android.gms.thunderbird
D/dalvikvm( 2084): GC_FOR_ALLOC freed 2006K, 25% free 12036K/15952K, paused 18ms, total 18ms
I/MdiSyncModule( 2084): flag handling is skipping irrelevant intent.
W/ModuleInitIntentOp( 2084): Dropping unexpected action com.google.android.gms.phenotype.COMMITTED
E/dalvikvm( 2084): Could not find class 'android.telephony.SubscriptionManager', referenced from method amlx.a
W/dalvikvm( 2084): VFY: unable to resolve check-cast 8088 (Landroid/telephony/SubscriptionManager;) in Lamlx;
D/dalvikvm( 2084): VFY: replacing opcode 0x1f at 0x0016
I/Auth    ( 1776): [AuthManaged,PasswordComplexityHelperImpl] Updating password complexity components state.
I/Auth    ( 1776): [AuthManaged,PasswordComplexityHelperImpl] Disabling com.google.android.gms.auth.managed.admin.DeviceAdminReceiver
I/Auth    ( 1776): [AuthManaged,PasswordComplexityHelperImpl] Disabling com.google.android.gms.auth.managed.ui.SetNewPasswordActivity
I/ChromeSync( 2084): [Sync,SyncIntentOperation] Handling the intent: Intent { act=com.google.android.gms.phenotype.COMMITTED flg=0x10 pkg=com.google.android.gms cmp=com.google.android.gms/.chimera.GmsIntentOperationService (has extras) }.
E/GmsClient( 2084): unable to connect to service: com.google.android.gms.auth.key.retrieval.service.START on com.google.android.gms
I/MdiSyncModule( 2084): flag handling is skipping irrelevant intent.
W/ModuleInitIntentOp( 2084): Dropping unexpected action com.google.android.gms.phenotype.COMMITTED
W/ActivityManager( 1570): Unable to start service Intent { act=com.google.android.gms.auth.key.retrieval.service.START pkg=com.google.android.gms } U=0: not found
W/ActivityManager( 1570): Unbind failed: could not find connection for android.os.BinderProxy@9d4953a0
I/PTCommittedOperation( 1776): Receive new configuration for com.google.android.metrics
D/dalvikvm( 1776): GC_FOR_ALLOC freed 1951K, 27% free 9809K/13268K, paused 8ms, total 8ms
I/Auth    ( 1776): [AuthManaged,PasswordComplexityHelperImpl] Updating password complexity components state.
I/Auth    ( 1776): [AuthManaged,PasswordComplexityHelperImpl] Disabling com.google.android.gms.auth.managed.admin.DeviceAdminReceiver
I/PTCommittedOperation( 1776): Receive new configuration for com.google.android.gms.matchstick
I/ChromeSync( 2084): [Sync,SyncIntentOperation] Handling the intent: Intent { act=com.google.android.gms.phenotype.COMMITTED flg=0x10 pkg=com.google.android.gms cmp=com.google.android.gms/.chimera.GmsIntentOperationService (has extras) }.
I/MdiSyncModule( 2084): flag handling is skipping irrelevant intent.
I/Auth    ( 1776): [AuthManaged,PasswordComplexityHelperImpl] Disabling com.google.android.gms.auth.managed.ui.SetNewPasswordActivity
W/ModuleInitIntentOp( 2084): Dropping unexpected action com.google.android.gms.phenotype.COMMITTED
I/MS_RegisterService( 2084): Tachyon host: instantmessaging-pa.googleapis.com, Tachyon port: 443
I/dalvikvm( 2084): Could not find method android.telephony.SubscriptionManager.from, referenced from method ardv.a
W/dalvikvm( 2084): VFY: unable to resolve static method 1982: Landroid/telephony/SubscriptionManager;.from (Landroid/content/Context;)Landroid/telephony/SubscriptionManager;
D/dalvikvm( 2084): VFY: replacing opcode 0x71 at 0x0013
I/Auth    ( 1776): [AuthManaged,PasswordComplexityHelperImpl] Updating password complexity components state.
I/Auth    ( 1776): [AuthManaged,PasswordComplexityHelperImpl] Disabling com.google.android.gms.auth.managed.admin.DeviceAdminReceiver
I/Auth    ( 1776): [AuthManaged,PasswordComplexityHelperImpl] Disabling com.google.android.gms.auth.managed.ui.SetNewPasswordActivity
I/ChromeSync( 2084): [Sync,SyncIntentOperation] Handling the intent: Intent { act=com.google.android.gms.phenotype.COMMITTED flg=0x10 pkg=com.google.android.gms cmp=com.google.android.gms/.chimera.GmsIntentOperationService (has extras) }.
I/MS_RegisterService( 2084): RegisterService intent:Intent { act=com.google.android.gms.matchstick.register_intent_action cat=[targeted_intent_op_prefix:com.google.android.libraries.matchstick.net.SilentRegisterIntentOperation] cmp=com.google.android.gms/.chimera.GmsIntentOperationService } isPeriodic:false
I/MdiSyncModule( 2084): flag handling is skipping irrelevant intent.
W/ModuleInitIntentOp( 2084): Dropping unexpected action com.google.android.gms.phenotype.COMMITTED
I/dalvikvm( 2084): Could not find method android.telephony.SubscriptionManager.from, referenced from method aren.a
W/dalvikvm( 2084): VFY: unable to resolve static method 1982: Landroid/telephony/SubscriptionManager;.from (Landroid/content/Context;)Landroid/telephony/SubscriptionManager;
D/dalvikvm( 2084): VFY: replacing opcode 0x71 at 0x000d
I/PTCommittedOperation( 1776): Receive new configuration for com.google.android.mainline.release
W/DynamiteModule( 2084): Local module descriptor class for providerinstaller not found.
W/ProviderHelper( 2084): Unknown dynamite feature providerinstaller
I/DynamiteModule( 2084): Considering local module providerinstaller:0 and remote module providerinstaller:0
W/ProviderInstaller( 2084): Failed to load providerinstaller module: No acceptable module found. Local version is 0 and remote version is 0.
I/PTCommittedOperation( 1776): Receive new configuration for com.google.android.gms.clearcut.public
I/ChromeSync( 2084): [Sync,SyncIntentOperation] Handling the intent: Intent { act=com.google.android.gms.phenotype.COMMITTED flg=0x10 pkg=com.google.android.gms cmp=com.google.android.gms/.chimera.GmsIntentOperationService (has extras) }.
I/MdiSyncModule( 2084): flag handling is skipping irrelevant intent.
W/ModuleInitIntentOp( 2084): Dropping unexpected action com.google.android.gms.phenotype.COMMITTED
D/dalvikvm( 1776): GC_FOR_ALLOC freed 2088K, 27% free 9769K/13268K, paused 15ms, total 15ms
I/Auth    ( 1776): [AuthManaged,PasswordComplexityHelperImpl] Updating password complexity components state.
I/Auth    ( 1776): [AuthManaged,PasswordComplexityHelperImpl] Disabling com.google.android.gms.auth.managed.admin.DeviceAdminReceiver
I/Auth    ( 1776): [AuthManaged,PasswordComplexityHelperImpl] Disabling com.google.android.gms.auth.managed.ui.SetNewPasswordActivity
I/Auth    ( 1776): [AuthManaged,PasswordComplexityHelperImpl] Updating password complexity components state.
I/Auth    ( 1776): [AuthManaged,PasswordComplexityHelperImpl] Disabling com.google.android.gms.auth.managed.admin.DeviceAdminReceiver
I/Auth    ( 1776): [AuthManaged,PasswordComplexityHelperImpl] Disabling com.google.android.gms.auth.managed.ui.SetNewPasswordActivity
I/ChromeSync( 2084): [Sync,SyncIntentOperation] Handling the intent: Intent { act=com.google.android.gms.phenotype.COMMITTED flg=0x10 pkg=com.google.android.gms cmp=com.google.android.gms/.chimera.GmsIntentOperationService (has extras) }.
I/MdiSyncModule( 2084): flag handling is skipping irrelevant intent.
W/ModuleInitIntentOp( 2084): Dropping unexpected action com.google.android.gms.phenotype.COMMITTED
I/PTCommittedOperation( 1776): Receive new configuration for com.google.android.gms.fitness
I/Auth    ( 1776): [AuthManaged,PasswordComplexityHelperImpl] Updating password complexity components state.
I/Auth    ( 1776): [AuthManaged,PasswordComplexityHelperImpl] Disabling com.google.android.gms.auth.managed.admin.DeviceAdminReceiver
I/Auth    ( 1776): [AuthManaged,PasswordComplexityHelperImpl] Disabling com.google.android.gms.auth.managed.ui.SetNewPasswordActivity
I/ChromeSync( 2084): [Sync,SyncIntentOperation] Handling the intent: Intent { act=com.google.android.gms.phenotype.COMMITTED flg=0x10 pkg=com.google.android.gms cmp=com.google.android.gms/.chimera.GmsIntentOperationService (has extras) }.
I/MdiSyncModule( 2084): flag handling is skipping irrelevant intent.
W/ModuleInitIntentOp( 2084): Dropping unexpected action com.google.android.gms.phenotype.COMMITTED
I/PTCommittedOperation( 1776): Receive new configuration for com.google.android.gms.contextmanager
D/dalvikvm( 1776): GC_FOR_ALLOC freed 2113K, 27% free 9702K/13268K, paused 8ms, total 8ms
I/Auth    ( 1776): [AuthManaged,PasswordComplexityHelperImpl] Updating password complexity components state.
I/Auth    ( 1776): [AuthManaged,PasswordComplexityHelperImpl] Enabling com.google.android.gms.auth.managed.ui.SetNewPasswordActivity
I/ChromeSync( 2084): [Sync,SyncIntentOperation] Handling the intent: Intent { act=com.google.android.gms.phenotype.COMMITTED flg=0x10 pkg=com.google.android.gms cmp=com.google.android.gms/.chimera.GmsIntentOperationService (has extras) }.
I/PTCommittedOperation( 1776): Receive new configuration for com.google.android.gms.auth_managed
I/MdiSyncModule( 2084): flag handling is skipping irrelevant intent.
W/ModuleInitIntentOp( 2084): Dropping unexpected action com.google.android.gms.phenotype.COMMITTED
D/dalvikvm( 1570): GC_FOR_ALLOC freed 1224K, 48% free 7848K/14816K, paused 15ms, total 15ms
I/Auth    ( 1776): [AuthManaged,PasswordComplexityHelperImpl] Updating password complexity components state.
I/Auth    ( 1776): [AuthManaged,PasswordComplexityHelperImpl] Enabling com.google.android.gms.auth.managed.ui.SetNewPasswordActivity
I/ChromeSync( 2084): [Sync,SyncIntentOperation] Handling the intent: Intent { act=com.google.android.gms.phenotype.COMMITTED flg=0x10 pkg=com.google.android.gms cmp=com.google.android.gms/.chimera.GmsIntentOperationService (has extras) }.
I/MdiSyncModule( 2084): flag handling is skipping irrelevant intent.
W/ModuleInitIntentOp( 2084): Dropping unexpected action com.google.android.gms.phenotype.COMMITTED
I/PTCommittedOperation( 1776): Receive new configuration for alt.com.google.android.gms
I/Auth    ( 1776): [AuthManaged,PasswordComplexityHelperImpl] Updating password complexity components state.
I/Auth    ( 1776): [AuthManaged,PasswordComplexityHelperImpl] Enabling com.google.android.gms.auth.managed.ui.SetNewPasswordActivity
I/ChromeSync( 2084): [Sync,SyncIntentOperation] Handling the intent: Intent { act=com.google.android.gms.phenotype.COMMITTED flg=0x10 pkg=com.google.android.gms cmp=com.google.android.gms/.chimera.GmsIntentOperationService (has extras) }.
I/MdiSyncModule( 2084): flag handling is skipping irrelevant intent.
W/ModuleInitIntentOp( 2084): Dropping unexpected action com.google.android.gms.phenotype.COMMITTED
I/PTCommittedOperation( 1776): Receive new configuration for com.google.android.gms.measurement
I/Auth    ( 1776): [AuthManaged,PasswordComplexityHelperImpl] Updating password complexity components state.
I/Auth    ( 1776): [AuthManaged,PasswordComplexityHelperImpl] Enabling com.google.android.gms.auth.managed.ui.SetNewPasswordActivity
I/ChromeSync( 2084): [Sync,SyncIntentOperation] Handling the intent: Intent { act=com.google.android.gms.phenotype.COMMITTED flg=0x10 pkg=com.google.android.gms cmp=com.google.android.gms/.chimera.GmsIntentOperationService (has extras) }.
I/PTCommittedOperation( 1776): Receive new configuration for com.google.android.gms.common.download
D/dalvikvm( 2084): GC_FOR_ALLOC freed 1926K, 24% free 12158K/15952K, paused 17ms, total 18ms
W/ModuleInitIntentOp( 2084): Dropping unexpected action com.google.android.gms.phenotype.COMMITTED
I/MdiSyncModule( 2084): flag handling is skipping irrelevant intent.
I/Auth    ( 1776): [AuthManaged,PasswordComplexityHelperImpl] Updating password complexity components state.
I/Auth    ( 1776): [AuthManaged,PasswordComplexityHelperImpl] Enabling com.google.android.gms.auth.managed.ui.SetNewPasswordActivity
I/PTCommittedOperation( 1776): Receive new configuration for com.google.android.gms.vision.sdk
I/ChromeSync( 2084): [Sync,SyncIntentOperation] Handling the intent: Intent { act=com.google.android.gms.phenotype.COMMITTED flg=0x10 pkg=com.google.android.gms cmp=com.google.android.gms/.chimera.GmsIntentOperationService (has extras) }.
I/MdiSyncModule( 2084): flag handling is skipping irrelevant intent.
W/ModuleInitIntentOp( 2084): Dropping unexpected action com.google.android.gms.phenotype.COMMITTED
E/GmsClient( 2084): unable to connect to service: com.google.android.gms.auth.key.retrieval.service.START on com.google.android.gms
W/ActivityManager( 1570): Unable to start service Intent { act=com.google.android.gms.auth.key.retrieval.service.START pkg=com.google.android.gms } U=0: not found
W/ActivityManager( 1570): Unbind failed: could not find connection for android.os.BinderProxy@9d3cf5b8
D/dalvikvm( 1776): GC_FOR_ALLOC freed 1996K, 27% free 9753K/13268K, paused 11ms, total 11ms
I/Auth    ( 1776): [AuthManaged,PasswordComplexityHelperImpl] Updating password complexity components state.
I/Auth    ( 1776): [AuthManaged,PasswordComplexityHelperImpl] Enabling com.google.android.gms.auth.managed.ui.SetNewPasswordActivity
I/ChromeSync( 2084): [Sync,SyncIntentOperation] Handling the intent: Intent { act=com.google.android.gms.phenotype.COMMITTED flg=0x10 pkg=com.google.android.gms cmp=com.google.android.gms/.chimera.GmsIntentOperationService (has extras) }.
I/PTCommittedOperation( 1776): Receive new configuration for com.google.android.gms.security
I/MdiSyncModule( 2084): flag handling is skipping irrelevant intent.
W/ModuleInitIntentOp( 2084): Dropping unexpected action com.google.android.gms.phenotype.COMMITTED
I/FA-SVC  ( 1776): App measurement initialized, version: 202414
I/Auth    ( 1776): [AuthManaged,PasswordComplexityHelperImpl] Updating password complexity components state.
I/Auth    ( 1776): [AuthManaged,PasswordComplexityHelperImpl] Enabling com.google.android.gms.auth.managed.ui.SetNewPasswordActivity
I/ChromeSync( 2084): [Sync,SyncIntentOperation] Handling the intent: Intent { act=com.google.android.gms.phenotype.COMMITTED flg=0x10 pkg=com.google.android.gms cmp=com.google.android.gms/.chimera.GmsIntentOperationService (has extras) }.
I/PTCommittedOperation( 1776): Receive new configuration for com.google.android.gms.locationsharing
I/MdiSyncModule( 2084): flag handling is skipping irrelevant intent.
W/ModuleInitIntentOp( 2084): Dropping unexpected action com.google.android.gms.phenotype.COMMITTED
I/Auth    ( 1776): [AuthManaged,PasswordComplexityHelperImpl] Updating password complexity components state.
I/Auth    ( 1776): [AuthManaged,PasswordComplexityHelperImpl] Enabling com.google.android.gms.auth.managed.ui.SetNewPasswordActivity
I/ChromeSync( 2084): [Sync,SyncIntentOperation] Handling the intent: Intent { act=com.google.android.gms.phenotype.COMMITTED flg=0x10 pkg=com.google.android.gms cmp=com.google.android.gms/.chimera.GmsIntentOperationService (has extras) }.
I/MdiSyncModule( 2084): flag handling is skipping irrelevant intent.
W/ModuleInitIntentOp( 2084): Dropping unexpected action com.google.android.gms.phenotype.COMMITTED
I/PTCommittedOperation( 1776): Receive new configuration for com.google.android.gms.panorama
I/Auth    ( 1776): [AuthManaged,PasswordComplexityHelperImpl] Updating password complexity components state.
I/Auth    ( 1776): [AuthManaged,PasswordComplexityHelperImpl] Enabling com.google.android.gms.auth.managed.ui.SetNewPasswordActivity
I/ChromeSync( 2084): [Sync,SyncIntentOperation] Handling the intent: Intent { act=com.google.android.gms.phenotype.COMMITTED flg=0x10 pkg=com.google.android.gms cmp=com.google.android.gms/.chimera.GmsIntentOperationService (has extras) }.
I/MdiSyncModule( 2084): flag handling is skipping irrelevant intent.
W/ModuleInitIntentOp( 2084): Dropping unexpected action com.google.android.gms.phenotype.COMMITTED
I/PTCommittedOperation( 1776): Receive new configuration for com.google.android.gms.appstate
D/dalvikvm( 1776): GC_FOR_ALLOC freed 1988K, 27% free 9812K/13268K, paused 9ms, total 10ms
I/Auth    ( 1776): [AuthManaged,PasswordComplexityHelperImpl] Updating password complexity components state.
I/Auth    ( 1776): [AuthManaged,PasswordComplexityHelperImpl] Enabling com.google.android.gms.auth.managed.ui.SetNewPasswordActivity
I/ChromeSync( 2084): [Sync,SyncIntentOperation] Handling the intent: Intent { act=com.google.android.gms.phenotype.COMMITTED flg=0x10 pkg=com.google.android.gms cmp=com.google.android.gms/.chimera.GmsIntentOperationService (has extras) }.
I/MdiSyncModule( 2084): flag handling is skipping irrelevant intent.
W/ModuleInitIntentOp( 2084): Dropping unexpected action com.google.android.gms.phenotype.COMMITTED
I/PTCommittedOperation( 1776): Receive new configuration for com.google.android.gms.octarine
I/Auth    ( 1776): [AuthManaged,PasswordComplexityHelperImpl] Updating password complexity components state.
I/Auth    ( 1776): [AuthManaged,PasswordComplexityHelperImpl] Enabling com.google.android.gms.auth.managed.ui.SetNewPasswordActivity
I/ChromeSync( 2084): [Sync,SyncIntentOperation] Handling the intent: Intent { act=com.google.android.gms.phenotype.COMMITTED flg=0x10 pkg=com.google.android.gms cmp=com.google.android.gms/.chimera.GmsIntentOperationService (has extras) }.
I/MdiSyncModule( 2084): flag handling is skipping irrelevant intent.
W/ModuleInitIntentOp( 2084): Dropping unexpected action com.google.android.gms.phenotype.COMMITTED
I/PTCommittedOperation( 1776): Receive new configuration for com.google.android.gms.googlehelp
D/dalvikvm( 1797): GC_EXPLICIT freed 151K, 19% free 6164K/7608K, paused 1ms+1ms, total 8ms
D/dalvikvm( 1776): GC_FOR_ALLOC freed 1761K, 24% free 10098K/13268K, paused 10ms, total 10ms
I/Auth    ( 1776): [AuthManaged,PasswordComplexityHelperImpl] Updating password complexity components state.
I/Auth    ( 1776): [AuthManaged,PasswordComplexityHelperImpl] Enabling com.google.android.gms.auth.managed.ui.SetNewPasswordActivity
I/PTCommittedOperation( 1776): Receive new configuration for com.google.android.gms.chromesync
I/ChromeSync( 2084): [Sync,SyncIntentOperation] Handling the intent: Intent { act=com.google.android.gms.phenotype.COMMITTED flg=0x10 pkg=com.google.android.gms cmp=com.google.android.gms/.chimera.GmsIntentOperationService (has extras) }.
I/MdiSyncModule( 2084): flag handling is skipping irrelevant intent.
W/ModuleInitIntentOp( 2084): Dropping unexpected action com.google.android.gms.phenotype.COMMITTED
I/Auth    ( 1776): [AuthManaged,PasswordComplexityHelperImpl] Updating password complexity components state.
I/Auth    ( 1776): [AuthManaged,PasswordComplexityHelperImpl] Enabling com.google.android.gms.auth.managed.ui.SetNewPasswordActivity
I/ChromeSync( 2084): [Sync,SyncIntentOperation] Handling the intent: Intent { act=com.google.android.gms.phenotype.COMMITTED flg=0x10 pkg=com.google.android.gms cmp=com.google.android.gms/.chimera.GmsIntentOperationService (has extras) }.
I/Auth    ( 1776): [AuthManaged,PasswordComplexityHelperImpl] Updating password complexity components state.
I/Auth    ( 1776): [AuthManaged,PasswordComplexityHelperImpl] Enabling com.google.android.gms.auth.managed.ui.SetNewPasswordActivity
I/MdiSyncModule( 2084): flag handling is skipping irrelevant intent.
I/PTCommittedOperation( 1776): Receive new configuration for com.google.android.gms.credential_manager
W/ModuleInitIntentOp( 2084): Dropping unexpected action com.google.android.gms.phenotype.COMMITTED
I/ChromeSync( 2084): [Sync,SyncIntentOperation] Handling the intent: Intent { act=com.google.android.gms.phenotype.COMMITTED flg=0x10 pkg=com.google.android.gms cmp=com.google.android.gms/.chimera.GmsIntentOperationService (has extras) }.
I/MdiSyncModule( 2084): flag handling is skipping irrelevant intent.
W/ModuleInitIntentOp( 2084): Dropping unexpected action com.google.android.gms.phenotype.COMMITTED
I/PTCommittedOperation( 1776): Receive new configuration for com.google.android.gms.chimera_debug
I/Auth    ( 1776): [AuthManaged,PasswordComplexityHelperImpl] Updating password complexity components state.
I/Auth    ( 1776): [AuthManaged,PasswordComplexityHelperImpl] Enabling com.google.android.gms.auth.managed.ui.SetNewPasswordActivity
I/ChromeSync( 2084): [Sync,SyncIntentOperation] Handling the intent: Intent { act=com.google.android.gms.phenotype.COMMITTED flg=0x10 pkg=com.google.android.gms cmp=com.google.android.gms/.chimera.GmsIntentOperationService (has extras) }.
I/MdiSyncModule( 2084): flag handling is skipping irrelevant intent.
W/ModuleInitIntentOp( 2084): Dropping unexpected action com.google.android.gms.phenotype.COMMITTED
I/PTCommittedOperation( 1776): Receive new configuration for com.google.android.gms.autofill
D/dalvikvm( 2084): GC_FOR_ALLOC freed 1893K, 23% free 12312K/15952K, paused 18ms, total 18ms
D/dalvikvm( 1776): GC_FOR_ALLOC freed 2215K, 26% free 9930K/13268K, paused 8ms, total 8ms
I/Auth    ( 1776): [AuthManaged,PasswordComplexityHelperImpl] Updating password complexity components state.
I/Auth    ( 1776): [AuthManaged,PasswordComplexityHelperImpl] Enabling com.google.android.gms.auth.managed.ui.SetNewPasswordActivity
I/ChromeSync( 2084): [Sync,SyncIntentOperation] Handling the intent: Intent { act=com.google.android.gms.phenotype.COMMITTED flg=0x10 pkg=com.google.android.gms cmp=com.google.android.gms/.chimera.GmsIntentOperationService (has extras) }.
I/MdiSyncModule( 2084): flag handling is skipping irrelevant intent.
E/GmsClient( 2084): unable to connect to service: com.google.android.gms.auth.key.retrieval.service.START on com.google.android.gms
I/PTCommittedOperation( 1776): Receive new configuration for com.google.android.gms.cast
W/ModuleInitIntentOp( 2084): Dropping unexpected action com.google.android.gms.phenotype.COMMITTED
W/ActivityManager( 1570): Unable to start service Intent { act=com.google.android.gms.auth.key.retrieval.service.START pkg=com.google.android.gms } U=0: not found
W/ActivityManager( 1570): Unbind failed: could not find connection for android.os.BinderProxy@9d1fe4f8
I/Auth    ( 1776): [AuthManaged,PasswordComplexityHelperImpl] Updating password complexity components state.
I/Auth    ( 1776): [AuthManaged,PasswordComplexityHelperImpl] Enabling com.google.android.gms.auth.managed.ui.SetNewPasswordActivity
I/ChromeSync( 2084): [Sync,SyncIntentOperation] Handling the intent: Intent { act=com.google.android.gms.phenotype.COMMITTED flg=0x10 pkg=com.google.android.gms cmp=com.google.android.gms/.chimera.GmsIntentOperationService (has extras) }.
I/PTCommittedOperation( 1776): Receive new configuration for com.google.android.gms.fido
I/MdiSyncModule( 2084): flag handling is skipping irrelevant intent.
W/ModuleInitIntentOp( 2084): Dropping unexpected action com.google.android.gms.phenotype.COMMITTED
E/dalvikvm( 1776): Could not find class 'android.security.keystore.KeyGenParameterSpec$Builder', referenced from method rwq.a
W/dalvikvm( 1776): VFY: unable to resolve new-instance 1527 (Landroid/security/keystore/KeyGenParameterSpec$Builder;) in Lrwq;
D/dalvikvm( 1776): VFY: replacing opcode 0x22 at 0x0034
D/dalvikvm( 1776): DexOpt: unable to opt direct call 0x153f at 0x37 in Lrwq;.a
E/dalvikvm( 1776): Could not find class 'android.security.keystore.KeyGenParameterSpec$Builder', referenced from method rws.a
W/dalvikvm( 1776): VFY: unable to resolve new-instance 1527 (Landroid/security/keystore/KeyGenParameterSpec$Builder;) in Lrws;
D/dalvikvm( 1776): VFY: replacing opcode 0x22 at 0x000b
D/dalvikvm( 1776): DexOpt: unable to opt direct call 0x153f at 0x12 in Lrws;.a
I/Auth    ( 1776): [AuthManaged,PasswordComplexityHelperImpl] Updating password complexity components state.
I/Auth    ( 1776): [AuthManaged,PasswordComplexityHelperImpl] Enabling com.google.android.gms.auth.managed.ui.SetNewPasswordActivity
I/PTCommittedOperation( 1776): Receive new configuration for com.google.android.gms.gass
I/ChromeSync( 2084): [Sync,SyncIntentOperation] Handling the intent: Intent { act=com.google.android.gms.phenotype.COMMITTED flg=0x10 pkg=com.google.android.gms cmp=com.google.android.gms/.chimera.GmsIntentOperationService (has extras) }.
I/MdiSyncModule( 2084): flag handling is skipping irrelevant intent.
W/ModuleInitIntentOp( 2084): Dropping unexpected action com.google.android.gms.phenotype.COMMITTED
D/dalvikvm( 2084): GC_FOR_ALLOC freed 932K, 16% free 13427K/15952K, paused 11ms, total 11ms
I/Auth    ( 1776): [AuthManaged,PasswordComplexityHelperImpl] Updating password complexity components state.
I/Auth    ( 1776): [AuthManaged,PasswordComplexityHelperImpl] Enabling com.google.android.gms.auth.managed.ui.SetNewPasswordActivity
I/ChromeSync( 2084): [Sync,SyncIntentOperation] Handling the intent: Intent { act=com.google.android.gms.phenotype.COMMITTED flg=0x10 pkg=com.google.android.gms cmp=com.google.android.gms/.chimera.GmsIntentOperationService (has extras) }.
I/MdiSyncModule( 2084): flag handling is skipping irrelevant intent.
W/ModuleInitIntentOp( 2084): Dropping unexpected action com.google.android.gms.phenotype.COMMITTED
I/PTCommittedOperation( 1776): Receive new configuration for com.google.android.gms.languageprofile
W/ActivityManager( 1570): Unable to start service Intent { act=com.google.android.gms.auth.key.retrieval.service.START pkg=com.google.android.gms } U=0: not found
W/ActivityManager( 1570): Unbind failed: could not find connection for android.os.BinderProxy@9d9437d0
E/GmsClient( 2084): unable to connect to service: com.google.android.gms.auth.key.retrieval.service.START on com.google.android.gms
I/Auth    ( 1776): [AuthManaged,PasswordComplexityHelperImpl] Updating password complexity components state.
I/Auth    ( 1776): [AuthManaged,PasswordComplexityHelperImpl] Enabling com.google.android.gms.auth.managed.ui.SetNewPasswordActivity
I/ChromeSync( 2084): [Sync,SyncIntentOperation] Handling the intent: Intent { act=com.google.android.gms.phenotype.COMMITTED flg=0x10 pkg=com.google.android.gms cmp=com.google.android.gms/.chimera.GmsIntentOperationService (has extras) }.
I/MdiSyncModule( 2084): flag handling is skipping irrelevant intent.
W/ModuleInitIntentOp( 2084): Dropping unexpected action com.google.android.gms.phenotype.COMMITTED
I/PTCommittedOperation( 1776): Receive new configuration for com.google.android.gms.mobile_data_plan
D/dalvikvm( 2084): GC_FOR_ALLOC freed 1292K, 13% free 13992K/15952K, paused 18ms, total 18ms
D/dalvikvm( 1776): GC_FOR_ALLOC freed 2069K, 26% free 9909K/13268K, paused 8ms, total 8ms
D/dalvikvm( 2084): GC_FOR_ALLOC freed 130K, 12% free 14116K/15952K, paused 10ms, total 10ms
I/Auth    ( 1776): [AuthManaged,PasswordComplexityHelperImpl] Updating password complexity components state.
I/Auth    ( 1776): [AuthManaged,PasswordComplexityHelperImpl] Enabling com.google.android.gms.auth.managed.ui.SetNewPasswordActivity
D/dalvikvm( 2084): GC_FOR_ALLOC freed 254K, 10% free 14372K/15952K, paused 9ms, total 12ms
I/PTCommittedOperation( 1776): Receive new configuration for com.google.android.gms.contactinteractions
I/dalvikvm-heap( 2084): Grow heap (frag case) to 15.274MB for 1045060-byte allocation
D/dalvikvm( 2084): GC_FOR_ALLOC freed <1K, 10% free 15392K/16976K, paused 16ms, total 16ms
I/Auth    ( 1776): [AuthManaged,PasswordComplexityHelperImpl] Updating password complexity components state.
I/Auth    ( 1776): [AuthManaged,PasswordComplexityHelperImpl] Enabling com.google.android.gms.auth.managed.ui.SetNewPasswordActivity
I/ChromeSync( 2084): [Sync,SyncIntentOperation] Handling the intent: Intent { act=com.google.android.gms.phenotype.COMMITTED flg=0x10 pkg=com.google.android.gms cmp=com.google.android.gms/.chimera.GmsIntentOperationService (has extras) }.
W/ActivityManager( 1570): Unable to start service Intent { act=com.google.android.gms.auth.key.retrieval.service.START pkg=com.google.android.gms } U=0: not found
I/MdiSyncModule( 2084): flag handling is skipping irrelevant intent.
W/ModuleInitIntentOp( 2084): Dropping unexpected action com.google.android.gms.phenotype.COMMITTED
I/PTCommittedOperation( 1776): Receive new configuration for com.google.android.gms.checkin
W/ActivityManager( 1570): Unbind failed: could not find connection for android.os.BinderProxy@9d3d9b90
E/GmsClient( 2084): unable to connect to service: com.google.android.gms.auth.key.retrieval.service.START on com.google.android.gms
