D/dalvikvm( 2084): GC_EXPLICIT freed 7K, 32% free 10968K/15952K, paused 0ms+0ms, total 9ms
W/Launcher.Model( 2233): Nobody to tell about the new app.  Launcher is probably loading.
W/Launcher.Model( 2233): Nobody to tell about the new app.  Launcher is probably loading.
I/InputReader( 1570): Reconfiguring input devices.  changes=0x00000010
I/PackageManager( 1570):   Action: "android.intent.action.SENDTO"
I/PackageManager( 1570):   Category: "android.intent.category.DEFAULT"
I/PackageManager( 1570):   Scheme: "sms"
I/InputReader( 1570): Reconfiguring input devices.  changes=0x00000010
I/PackageManager( 1570): Adding preferred activity ComponentInfo{com.android.mms/com.android.mms.ui.ComposeMessageActivity} for user 0 :
I/InputReader( 1570): Reconfiguring input devices.  changes=0x00000010
I/InputReader( 1570): Reconfiguring input devices.  changes=0x00000010
D/dalvikvm( 1833): GC_FOR_ALLOC freed 517K, 17% free 3644K/4356K, paused 2ms, total 3ms
I/PackageManager( 1570):   Action: "android.intent.action.SENDTO"
I/PackageManager( 1570):   Category: "android.intent.category.DEFAULT"
I/PackageManager( 1570):   Scheme: "smsto"
I/PackageManager( 1570): Adding preferred activity ComponentInfo{com.android.mms/com.android.mms.ui.ComposeMessageActivity} for user 0 :
D/dalvikvm( 2233): GC_FOR_ALLOC freed 264K, 16% free 3396K/4004K, paused 2ms, total 2ms
W/Launcher.Model( 2233): Nobody to tell about the new app.  Launcher is probably loading.
W/Launcher.Model( 2233): Nobody to tell about the new app.  Launcher is probably loading.
I/PackageManager( 1570):   Action: "android.intent.action.SENDTO"
I/PackageManager( 1570):   Category: "android.intent.category.DEFAULT"
I/PackageManager( 1570):   Scheme: "mms"
I/FusedLocation( 1570): engine stopped (com.android.location.fused)
I/PackageManager( 1570): Adding preferred activity ComponentInfo{com.android.mms/com.android.mms.ui.ComposeMessageActivity} for user 0 :
I/PackageManager( 1570):   Action: "android.intent.action.SENDTO"
I/PackageManager( 1570):   Category: "android.intent.category.DEFAULT"
I/PackageManager( 1570):   Scheme: "mmsto"
I/PackageManager( 1570): Adding preferred activity ComponentInfo{com.android.mms/com.android.mms.ui.ComposeMessageActivity} for user 0 :
I/PackageManager( 1570):   Action: "android.intent.action.SENDTO"
I/PackageManager( 1570):   Category: "android.intent.category.DEFAULT"
I/PackageManager( 1570):   Scheme: "sms"
D/dalvikvm( 1570): GC_FOR_ALLOC freed 1110K, 47% free 7891K/14816K, paused 7ms, total 7ms
I/PackageManager( 1570): Adding preferred activity ComponentInfo{com.android.mms/com.android.mms.ui.ComposeMessageActivity} for user 0 :
D/dalvikvm( 2084): GC_EXPLICIT freed 15K, 32% free 10969K/15952K, paused 1ms+1ms, total 59ms
D/dalvikvm( 1833): GC_FOR_ALLOC freed 396K, 16% free 3661K/4356K, paused 2ms, total 2ms
I/PackageManager( 1570):   Action: "android.intent.action.SENDTO"
I/PackageManager( 1570):   Category: "android.intent.category.DEFAULT"
I/PackageManager( 1570):   Scheme: "smsto"
I/PackageManager( 1570): Adding preferred activity ComponentInfo{com.android.mms/com.android.mms.ui.ComposeMessageActivity} for user 0 :
I/PackageManager( 1570):   Action: "android.intent.action.SENDTO"
I/PackageManager( 1570):   Category: "android.intent.category.DEFAULT"
I/PackageManager( 1570):   Scheme: "mms"
I/PackageManager( 1570):   Action: "android.intent.action.SENDTO"
I/PackageManager( 1570):   Category: "android.intent.category.DEFAULT"
I/PackageManager( 1570):   Scheme: "mmsto"
I/PackageManager( 1570): Adding preferred activity ComponentInfo{com.android.mms/com.android.mms.ui.ComposeMessageActivity} for user 0 :
I/PackageManager( 1570): Adding preferred activity ComponentInfo{com.android.mms/com.android.mms.ui.ComposeMessageActivity} for user 0 :
D/dalvikvm( 2084): GC_EXPLICIT freed 7K, 32% free 10968K/15952K, paused 1ms+2ms, total 26ms
D/dalvikvm( 1833): GC_FOR_ALLOC freed 339K, 16% free 3662K/4356K, paused 2ms, total 3ms
I/PackageManager( 1570):   Action: "android.intent.action.SENDTO"
I/PackageManager( 1570):   Category: "android.intent.category.DEFAULT"
I/PackageManager( 1570):   Scheme: "sms"
I/PackageManager( 1570):   Action: "android.intent.action.SENDTO"
I/PackageManager( 1570):   Category: "android.intent.category.DEFAULT"
I/PackageManager( 1570):   Scheme: "smsto"
I/PackageManager( 1570): Adding preferred activity ComponentInfo{com.android.mms/com.android.mms.ui.ComposeMessageActivity} for user 0 :
I/PackageManager( 1570): Adding preferred activity ComponentInfo{com.android.mms/com.android.mms.ui.ComposeMessageActivity} for user 0 :
I/PackageManager( 1570):   Action: "android.intent.action.SENDTO"
I/PackageManager( 1570):   Category: "android.intent.category.DEFAULT"
I/PackageManager( 1570):   Scheme: "mms"
I/PackageManager( 1570): Adding preferred activity ComponentInfo{com.android.mms/com.android.mms.ui.ComposeMessageActivity} for user 0 :
D/dalvikvm( 1833): GC_FOR_ALLOC freed 337K, 16% free 3664K/4356K, paused 2ms, total 2ms
I/PackageManager( 1570):   Action: "android.intent.action.SENDTO"
I/PackageManager( 1570):   Category: "android.intent.category.DEFAULT"
I/PackageManager( 1570):   Scheme: "mmsto"
I/PackageManager( 1570): Adding preferred activity ComponentInfo{com.android.mms/com.android.mms.ui.ComposeMessageActivity} for user 0 :
D/dalvikvm( 2084): GC_EXPLICIT freed 6K, 32% free 10968K/15952K, paused 1ms+3ms, total 35ms
D/dalvikvm( 1570): GC_FOR_ALLOC freed 1262K, 47% free 7858K/14816K, paused 8ms, total 8ms
I/PackageManager( 1570):   Action: "android.intent.action.SENDTO"
I/PackageManager( 1570):   Category: "android.intent.category.DEFAULT"
I/PackageManager( 1570):   Scheme: "sms"
D/dalvikvm( 1952): GC_FOR_ALLOC freed 2436K, 11% free 22703K/25504K, paused 2ms, total 4ms
I/PackageManager( 1570): Adding preferred activity ComponentInfo{com.android.mms/com.android.mms.ui.ComposeMessageActivity} for user 0 :
I/PackageManager( 1570):   Action: "android.intent.action.SENDTO"
I/PackageManager( 1570):   Category: "android.intent.category.DEFAULT"
I/PackageManager( 1570):   Scheme: "smsto"
D/dalvikvm( 1833): GC_FOR_ALLOC freed 348K, 17% free 3663K/4364K, paused 1ms, total 1ms
I/PackageManager( 1570): Adding preferred activity ComponentInfo{com.android.mms/com.android.mms.ui.ComposeMessageActivity} for user 0 :
I/PackageManager( 1570):   Action: "android.intent.action.SENDTO"
I/PackageManager( 1570):   Category: "android.intent.category.DEFAULT"
I/PackageManager( 1570):   Scheme: "mms"
D/dalvikvm( 2084): GC_EXPLICIT freed 6K, 32% free 10968K/15952K, paused 1ms+2ms, total 32ms
I/PackageManager( 1570):   Action: "android.intent.action.SENDTO"
I/PackageManager( 1570):   Category: "android.intent.category.DEFAULT"
I/PackageManager( 1570):   Scheme: "mmsto"
I/PackageManager( 1570): Adding preferred activity ComponentInfo{com.android.mms/com.android.mms.ui.ComposeMessageActivity} for user 0 :
I/PackageManager( 1570): Adding preferred activity ComponentInfo{com.android.mms/com.android.mms.ui.ComposeMessageActivity} for user 0 :
I/PackageManager( 1570):   Action: "android.intent.action.SENDTO"
I/PackageManager( 1570):   Category: "android.intent.category.DEFAULT"
I/PackageManager( 1570):   Scheme: "sms"
I/PackageManager( 1570):   Action: "android.intent.action.SENDTO"
I/PackageManager( 1570):   Category: "android.intent.category.DEFAULT"
I/PackageManager( 1570):   Scheme: "smsto"
D/dalvikvm( 2084): GC_EXPLICIT freed 6K, 32% free 10968K/15952K, paused 0ms+1ms, total 21ms
I/PackageManager( 1570): Adding preferred activity ComponentInfo{com.android.mms/com.android.mms.ui.ComposeMessageActivity} for user 0 :
I/PackageManager( 1570): Adding preferred activity ComponentInfo{com.android.mms/com.android.mms.ui.ComposeMessageActivity} for user 0 :
D/dalvikvm( 1833): GC_FOR_ALLOC freed 416K, 17% free 3648K/4364K, paused 2ms, total 2ms
I/PackageManager( 1570):   Action: "android.intent.action.SENDTO"
I/PackageManager( 1570):   Category: "android.intent.category.DEFAULT"
I/PackageManager( 1570):   Scheme: "mms"
I/GmsModuleFndr( 2084): Beginning GMS chimera module scan
I/PackageManager( 1570): Adding preferred activity ComponentInfo{com.android.mms/com.android.mms.ui.ComposeMessageActivity} for user 0 :
D/dalvikvm( 1570): GC_FOR_ALLOC freed 1213K, 47% free 7865K/14816K, paused 7ms, total 7ms
I/PackageManager( 1570):   Action: "android.intent.action.SENDTO"
I/PackageManager( 1570):   Category: "android.intent.category.DEFAULT"
I/PackageManager( 1570):   Scheme: "mmsto"
I/PackageManager( 1570): Adding preferred activity ComponentInfo{com.android.mms/com.android.mms.ui.ComposeMessageActivity} for user 0 :
I/PackageManager( 1570):   Action: "android.intent.action.SENDTO"
I/PackageManager( 1570):   Category: "android.intent.category.DEFAULT"
I/PackageManager( 1570):   Scheme: "sms"
I/ModuleSetMgr( 2084): Computing pending module set with APKs: [[AdsFdrDynamite.integ:21460000000], [Cronetdynamite:202414000700], [Dynamiteloader:202414000700], [Dynamitemodulesa:202414000000], [Dynamitemodulesc:202414000000], [Googlecertificates:202414000000], [Mapsdynamite:202414000000], [Measurementdynamite:202414000000]]
I/ModuleSetMgr( 2084): Pending container module APKs: []
I/ModuleSetMgr( 2084): Pending non-container module APKs: []
D/dalvikvm( 1833): GC_FOR_ALLOC freed 353K, 16% free 3685K/4364K, paused 2ms, total 2ms
I/PackageManager( 1570):   Action: "android.intent.action.SENDTO"
I/PackageManager( 1570):   Category: "android.intent.category.DEFAULT"
I/PackageManager( 1570):   Scheme: "smsto"
I/PackageManager( 1570): Adding preferred activity ComponentInfo{com.android.mms/com.android.mms.ui.ComposeMessageActivity} for user 0 :
I/PackageManager( 1570): Adding preferred activity ComponentInfo{com.android.mms/com.android.mms.ui.ComposeMessageActivity} for user 0 :
I/PackageManager( 1570):   Action: "android.intent.action.SENDTO"
I/PackageManager( 1570):   Category: "android.intent.category.DEFAULT"
I/PackageManager( 1570):   Scheme: "mms"
I/PackageManager( 1570): Adding preferred activity ComponentInfo{com.android.mms/com.android.mms.ui.ComposeMessageActivity} for user 0 :
I/PackageManager( 1570):   Action: "android.intent.action.SENDTO"
I/PackageManager( 1570):   Category: "android.intent.category.DEFAULT"
I/PackageManager( 1570):   Scheme: "mmsto"
I/PackageManager( 1570): Adding preferred activity ComponentInfo{com.android.mms/com.android.mms.ui.ComposeMessageActivity} for user 0 :
I/PackageManager( 1570):   Action: "android.intent.action.SENDTO"
I/PackageManager( 1570):   Category: "android.intent.category.DEFAULT"
I/PackageManager( 1570):   Scheme: "sms"
I/PackageManager( 1570): Adding preferred activity ComponentInfo{com.android.mms/com.android.mms.ui.ComposeMessageActivity} for user 0 :
D/dalvikvm( 1833): GC_FOR_ALLOC freed 483K, 18% free 3603K/4384K, paused 4ms, total 4ms
I/PackageManager( 1570):   Action: "android.intent.action.SENDTO"
I/PackageManager( 1570):   Category: "android.intent.category.DEFAULT"
I/PackageManager( 1570):   Scheme: "smsto"
I/PackageManager( 1570): Adding preferred activity ComponentInfo{com.android.mms/com.android.mms.ui.ComposeMessageActivity} for user 0 :
I/PackageManager( 1570):   Action: "android.intent.action.SENDTO"
I/PackageManager( 1570):   Category: "android.intent.category.DEFAULT"
I/PackageManager( 1570):   Scheme: "mms"
I/PackageManager( 1570): Adding preferred activity ComponentInfo{com.android.mms/com.android.mms.ui.ComposeMessageActivity} for user 0 :
D/dalvikvm( 1570): GC_FOR_ALLOC freed 1232K, 47% free 7855K/14816K, paused 10ms, total 11ms
I/PackageManager( 1570):   Action: "android.intent.action.SENDTO"
I/PackageManager( 1570):   Category: "android.intent.category.DEFAULT"
I/PackageManager( 1570):   Scheme: "mmsto"
I/PackageManager( 1570): Adding preferred activity ComponentInfo{com.android.mms/com.android.mms.ui.ComposeMessageActivity} for user 0 :
I/PackageManager( 1570):   Action: "android.intent.action.SENDTO"
I/PackageManager( 1570):   Category: "android.intent.category.DEFAULT"
I/PackageManager( 1570):   Scheme: "sms"
I/PackageManager( 1570): Adding preferred activity ComponentInfo{com.android.mms/com.android.mms.ui.ComposeMessageActivity} for user 0 :
D/dalvikvm( 1833): GC_FOR_ALLOC freed 392K, 17% free 3660K/4384K, paused 2ms, total 2ms
I/PackageManager( 1570):   Action: "android.intent.action.SENDTO"
I/PackageManager( 1570):   Category: "android.intent.category.DEFAULT"
I/PackageManager( 1570):   Scheme: "smsto"
I/PackageManager( 1570): Adding preferred activity ComponentInfo{com.android.mms/com.android.mms.ui.ComposeMessageActivity} for user 0 :
I/PackageManager( 1570):   Action: "android.intent.action.SENDTO"
I/PackageManager( 1570):   Category: "android.intent.category.DEFAULT"
I/PackageManager( 1570):   Scheme: "mms"
I/PackageManager( 1570):   Action: "android.intent.action.SENDTO"
I/PackageManager( 1570):   Category: "android.intent.category.DEFAULT"
I/PackageManager( 1570):   Scheme: "mmsto"
I/PackageManager( 1570): Adding preferred activity ComponentInfo{com.android.mms/com.android.mms.ui.ComposeMessageActivity} for user 0 :
I/PackageManager( 1570): Adding preferred activity ComponentInfo{com.android.mms/com.android.mms.ui.ComposeMessageActivity} for user 0 :
D/AlarmManagerService( 1570): Kernel timezone updated to 240 minutes west of GMT
D/        ( 1833): Setting time of day to sec=1629042348
D/dalvikvm( 1797): GC_EXPLICIT freed 171K, 21% free 6068K/7608K, paused 1ms+0ms, total 7ms
I/ActivityManager( 1570): Waited long enough for: ServiceRecord{9db4c3a0 u0 com.android.music/.MediaPlaybackService}
I/ActivityManager( 1570): Resuming delayed broadcast
E/BluetoothAdapter( 1847): Bluetooth binder is null
V/SmsReceiverService( 2506): onStart: #1 mResultCode: -1 = Activity.RESULT_OK
I/ActivityManager( 1570): Delay finish: com.android.mms/.transaction.SmsReceiver
I/ActivityManager( 1570): Resuming delayed broadcast
I/SystemUpdateService( 1797): cancelUpdate (empty URL)
I/SystemUpdateService( 1797): cancelUpdate (empty URL)
I/ActivityManager( 1570): Delay finish: com.google.android.gms/.auth.account.be.channelid.ChannelBindingBroadcastReceiver
I/GmsModuleFndr( 2084): Beginning GMS chimera module scan
I/ActivityManager( 1570): Resuming delayed broadcast
D/dalvikvm( 1776): GC_EXPLICIT freed 1543K, 22% free 8659K/11092K, paused 1ms+1ms, total 9ms
I/ModuleSetMgr( 2084): Computing pending module set with APKs: [[AdsFdrDynamite.integ:21460000000], [Cronetdynamite:202414000700], [Dynamiteloader:202414000700], [Dynamitemodulesa:202414000000], [Dynamitemodulesc:202414000000], [Googlecertificates:202414000000], [Mapsdynamite:202414000000], [Measurementdynamite:202414000000]]
I/ModuleSetMgr( 2084): Pending container module APKs: []
I/ModuleSetMgr( 2084): Pending non-container module APKs: []
E/GmsClient( 2084): unable to connect to service: com.google.android.gms.auth.key.retrieval.service.START on com.google.android.gms
W/ActivityManager( 1570): Unable to start service Intent { act=com.google.android.gms.auth.key.retrieval.service.START pkg=com.google.android.gms } U=0: not found
W/ActivityManager( 1570): Unbind failed: could not find connection for android.os.BinderProxy@9da09280
I/dalvikvm( 1776): Could not find method android.app.admin.DevicePolicyManager.getProfileOwner, referenced from method com.google.android.gms.auth.managed.intentoperations.SetupWorkProfileSettingsIntentOperation.a
W/dalvikvm( 1776): VFY: unable to resolve virtual method 2591: Landroid/app/admin/DevicePolicyManager;.getProfileOwner ()Landroid/content/ComponentName;
D/dalvikvm( 1776): VFY: replacing opcode 0x6e at 0x0028
I/dalvikvm( 1776): Could not find method android.app.Activity.getMediaController, referenced from method com.google.android.chimera.ActivityBase.getMediaController
W/dalvikvm( 1776): VFY: unable to resolve virtual method 2155: Landroid/app/Activity;.getMediaController ()Landroid/media/session/MediaController;
D/dalvikvm( 1776): VFY: replacing opcode 0x6e at 0x0002
I/dalvikvm( 1776): Could not find method android.app.Activity.getSearchEvent, referenced from method com.google.android.chimera.ActivityBase.getSearchEvent
W/dalvikvm( 1776): VFY: unable to resolve virtual method 2160: Landroid/app/Activity;.getSearchEvent ()Landroid/view/SearchEvent;
D/dalvikvm( 1776): VFY: replacing opcode 0x6e at 0x0002
W/dalvikvm( 1776): VFY: unable to find class referenced in signature (Landroid/app/VoiceInteractor;)
W/dalvikvm( 1776): VFY: unable to find class referenced in signature (Landroid/app/VoiceInteractor;)
W/dalvikvm( 1776): VFY: unable to find class referenced in signature (Landroid/os/PersistableBundle;)
W/dalvikvm( 1776): VFY: unable to find class referenced in signature (Landroid/os/PersistableBundle;)
W/dalvikvm( 1776): VFY: unable to find class referenced in signature (Landroid/os/PersistableBundle;)
W/dalvikvm( 1776): VFY: unable to find class referenced in signature (Landroid/os/PersistableBundle;)
W/dalvikvm( 1776): VFY: unable to find class referenced in signature (Landroid/app/assist/AssistContent;)
W/dalvikvm( 1776): VFY: unable to find class referenced in signature (Landroid/app/assist/AssistContent;)
W/dalvikvm( 1776): VFY: unable to find class referenced in signature (Landroid/os/PersistableBundle;)
W/dalvikvm( 1776): VFY: unable to find class referenced in signature (Landroid/os/PersistableBundle;)
W/dalvikvm( 1776): VFY: unable to find class referenced in signature (Landroid/os/PersistableBundle;)
W/dalvikvm( 1776): VFY: unable to find class referenced in signature (Landroid/os/PersistableBundle;)
W/dalvikvm( 1776): VFY: unable to find class referenced in signature (Landroid/view/SearchEvent;)
W/dalvikvm( 1776): VFY: unable to find class referenced in signature (Landroid/view/SearchEvent;)
I/dalvikvm( 1776): Could not find method android.app.Activity.requestPermissions, referenced from method com.google.android.chimera.ActivityBase.requestPermissions
W/dalvikvm( 1776): VFY: unable to resolve virtual method 2194: Landroid/app/Activity;.requestPermissions ([Ljava/lang/String;I)V
D/dalvikvm( 1776): VFY: replacing opcode 0x6e at 0x0002
W/dalvikvm( 1776): VFY: unable to find class referenced in signature (Landroid/media/session/MediaController;)
I/dalvikvm( 1776): Could not find method android.app.Activity.setMediaController, referenced from method com.google.android.chimera.ActivityBase.setMediaController
W/dalvikvm( 1776): VFY: unable to resolve virtual method 2205: Landroid/app/Activity;.setMediaController (Landroid/media/session/MediaController;)V
D/dalvikvm( 1776): VFY: replacing opcode 0x6e at 0x0002
I/Auth    ( 1776): [AuthManaged,PasswordComplexityHelperImpl] Updating password complexity components state.
I/Herrevad( 1776): [145] wkz.a: updateListenState
I/Search.GservicesUpdateTask( 2187): Updating Gservices keys
I/ActivityManager( 1570): Delay finish: com.google.android.gms/.gcm.nts.SchedulerReceiver
D/dalvikvm( 1570): GC_FOR_ALLOC freed 1301K, 48% free 7774K/14816K, paused 12ms, total 12ms
I/Auth    ( 1776): [AuthManaged,PasswordComplexityHelperImpl] Disabling com.google.android.gms.auth.managed.admin.DeviceAdminReceiver
I/Auth    ( 1776): [AuthManaged,PasswordComplexityHelperImpl] Disabling com.google.android.gms.auth.managed.ui.SetNewPasswordActivity
I/ChromeSync( 2084): [Sync,SyncIntentOperation] Handling the intent: Intent { act=com.google.gservices.intent.action.GSERVICES_CHANGED flg=0x10 cmp=com.google.android.gms/.chimera.GmsIntentOperationService$PersistentInternalReceiver }.
D/dalvikvm( 1797): GC_EXPLICIT freed 272K, 20% free 6097K/7608K, paused 1ms+0ms, total 20ms
D/AlertService( 2338): Beginning updateAlertNotification
D/AlertService( 2338): No fired or scheduled alerts
I/MobileDataHub( 2084): Scheduling periodic tasks
E/dalvikvm( 1776): Could not find class 'android.app.usage.UsageStatsManager', referenced from method cme.j
W/dalvikvm( 1776): VFY: unable to resolve check-cast 613 (Landroid/app/usage/UsageStatsManager;) in Lcme;
D/dalvikvm( 1776): VFY: replacing opcode 0x1f at 0x001e
D/dalvikvm( 1776): DexOpt: unable to opt direct call 0x0a9d at 0x2e in Lcme;.j
I/dalvikvm( 1776): Could not find method android.os.PowerManager.isInteractive, referenced from method cmg.a
W/dalvikvm( 1776): VFY: unable to resolve virtual method 4227: Landroid/os/PowerManager;.isInteractive ()Z
D/dalvikvm( 1776): VFY: replacing opcode 0x6e at 0x0010
I/dalvikvm( 1776): Could not find method android.os.PowerManager.isInteractive, referenced from method clu.j
W/dalvikvm( 1776): VFY: unable to resolve virtual method 4227: Landroid/os/PowerManager;.isInteractive ()Z
D/dalvikvm( 1776): VFY: replacing opcode 0x6e at 0x0011
D/dalvikvm( 2084): GC_EXPLICIT freed 797K, 31% free 11107K/15952K, paused 2ms+2ms, total 31ms
I/GStaticConfiguration( 2187): Ignore gservice update: no configuration
D/AlertService( 2338): Scheduling next alarm with AlarmScheduler. sEventReminderReceived: null
I/dalvikvm( 1776): Could not find method android.app.AlarmManager.getNextAlarmClock, referenced from method ckr.l
W/dalvikvm( 1776): VFY: unable to resolve virtual method 2380: Landroid/app/AlarmManager;.getNextAlarmClock ()Landroid/app/AlarmManager$AlarmClockInfo;
D/dalvikvm( 1776): VFY: replacing opcode 0x6e at 0x0004
I/ActivityManager( 1570): Resuming delayed broadcast
D/AlarmScheduler( 2338): No events found starting within 1 week.
I/dalvikvm( 2084): Could not find method android.location.SettingInjectorService.refreshSettings, referenced from method com.google.android.chimera.SettingInjectorService.refreshSettings
W/dalvikvm( 2084): VFY: unable to resolve static method 3755: Landroid/location/SettingInjectorService;.refreshSettings (Landroid/content/Context;)V
D/dalvikvm( 2084): VFY: replacing opcode 0x71 at 0x0000
D/dalvikvm( 1797): GC_EXPLICIT freed 162K, 21% free 6078K/7608K, paused 1ms+1ms, total 12ms
W/MobileDataHub( 2084): [Service] appsupload-periodic periodic task disabled
I/GCM-GMS ( 2084): Scheduling task to register GMS
W/ctxmgr  ( 1776): [FencePendingIntentCache]Sending CONTEXT_MANAGER_RESTARTED broadcast to com.google.android.apps.wellbeing [CONTEXT service_id=47 ]
I/GeofencerStateMachine( 1776): removeGeofences: removeRequest=RemoveGeofencingRequest[REMOVE_BY_PENDING_INTENT pendingIntent=PendingIntent[creatorPackage=com.google.android.gms], packageName=com.google.android.gms]
I/MdiSyncModule( 2084): flag handling is skipping irrelevant intent.
I/dalvikvm( 2325): Could not find method android.app.admin.DeviceAdminReceiver.onChoosePrivateKeyAlias, referenced from method bpj.a
W/dalvikvm( 2325): VFY: unable to resolve virtual method 2571: Landroid/app/admin/DeviceAdminReceiver;.onChoosePrivateKeyAlias (Landroid/content/Context;Landroid/content/Intent;ILandroid/net/Uri;Ljava/lang/String;)Ljava/lang/String;
D/dalvikvm( 2325): VFY: replacing opcode 0x75 at 0x0000
I/dalvikvm( 2325): Could not find method android.app.admin.DeviceAdminReceiver.onSystemUpdatePending, referenced from method bpj.a
W/dalvikvm( 2325): VFY: unable to resolve virtual method 2583: Landroid/app/admin/DeviceAdminReceiver;.onSystemUpdatePending (Landroid/content/Context;Landroid/content/Intent;J)V
D/dalvikvm( 2325): VFY: replacing opcode 0x6f at 0x0000
I/dalvikvm( 2325): Could not find method android.app.admin.DeviceAdminReceiver.onLockTaskModeEntering, referenced from method bpj.a
W/dalvikvm( 2325): VFY: unable to resolve virtual method 2575: Landroid/app/admin/DeviceAdminReceiver;.onLockTaskModeEntering (Landroid/content/Context;Landroid/content/Intent;Ljava/lang/String;)V
D/dalvikvm( 2325): VFY: replacing opcode 0x6f at 0x0000
I/dalvikvm( 2325): Could not find method android.app.admin.DeviceAdminReceiver.onProfileProvisioningComplete, referenced from method bpj.h
W/dalvikvm( 2325): VFY: unable to resolve virtual method 2581: Landroid/app/admin/DeviceAdminReceiver;.onProfileProvisioningComplete (Landroid/content/Context;Landroid/content/Intent;)V
D/dalvikvm( 2325): VFY: replacing opcode 0x6f at 0x0000
I/dalvikvm( 2325): Could not find method android.app.admin.DeviceAdminReceiver.onReadyForUserInitialization, referenced from method bpj.i
W/dalvikvm( 2325): VFY: unable to resolve virtual method 2582: Landroid/app/admin/DeviceAdminReceiver;.onReadyForUserInitialization (Landroid/content/Context;Landroid/content/Intent;)V
D/dalvikvm( 2325): VFY: replacing opcode 0x6f at 0x0000
I/dalvikvm( 2325): Could not find method android.app.admin.DeviceAdminReceiver.onLockTaskModeExiting, referenced from method bpj.j
W/dalvikvm( 2325): VFY: unable to resolve virtual method 2576: Landroid/app/admin/DeviceAdminReceiver;.onLockTaskModeExiting (Landroid/content/Context;Landroid/content/Intent;)V
D/dalvikvm( 2325): VFY: replacing opcode 0x6f at 0x0000
D/dalvikvm( 1797): GC_EXPLICIT freed 251K, 21% free 6083K/7608K, paused 1ms+1ms, total 6ms
I/dalvikvm( 2325): Could not find method android.app.NotificationManager.getCurrentInterruptionFilter, referenced from method nea.b
W/dalvikvm( 2325): VFY: unable to resolve virtual method 2504: Landroid/app/NotificationManager;.getCurrentInterruptionFilter ()I
D/dalvikvm( 2325): VFY: replacing opcode 0x6e at 0x0002
E/MDM     ( 2084): [85] aamr.a: No Google accounts; deferring server state update.
I/dalvikvm( 2325): Could not find method android.content.ServiceConnection.onNullBinding, referenced from method uxb.onNullBinding
I/SystemUpdate( 2084): [Installation,ReceiverIntentOperation] Received intent: Intent { act=com.google.gservices.intent.action.GSERVICES_CHANGED flg=0x10 cmp=com.google.android.gms/.chimera.GmsIntentOperationService$PersistentInternalReceiver }.
W/dalvikvm( 2325): VFY: unable to resolve interface method 2566: Landroid/content/ServiceConnection;.onNullBinding (Landroid/content/ComponentName;)V
D/dalvikvm( 2325): VFY: replacing opcode 0x72 at 0x000f
I/SystemUpdate( 2084): [Execution,InstallationEventIntentOperation] Handling event of type 2.
I/SystemUpdate( 2084): [Execution,InstallationIntentOperation] Received intent: Intent { act=com.google.android.gms.update.INSTALL_UPDATE cat=[targeted_intent_op_prefix:.update.execution.InstallationIntentOperation] cmp=com.google.android.gms/.chimera.GmsIntentOperationService }.
I/SystemUpdate( 2084): [Execution,ExecutionManager] Action finished-execution executed for 0.00 seconds.
D/dalvikvm( 1776): GC_FOR_ALLOC freed 1676K, 20% free 8896K/11092K, paused 11ms, total 11ms
D/dalvikvm( 1797): GC_EXPLICIT freed 135K, 21% free 6084K/7608K, paused 0ms+0ms, total 5ms
I/GeofencerStateMachine( 1776): removeGeofences: removeRequest=RemoveGeofencingRequest[REMOVE_BY_PENDING_INTENT pendingIntent=PendingIntent[creatorPackage=com.google.android.gms], packageName=com.google.android.gms]
I/ahju    ( 1776): Scheduling Phenotype for a PhenotypeSyncImmediately(6, com.google.android.gms.checkin.binary) one off with window [1, 2] in seconds [CONTEXT service_id=51 ]
D/dalvikvm( 2084): GC_EXPLICIT freed 832K, 30% free 11254K/15952K, paused 20ms+7ms, total 162ms
D/dalvikvm( 2084): WAIT_FOR_CONCURRENT_GC blocked 72ms
I/GCoreUlr( 1776): WorldUpdater received intent Intent { act=com.google.android.location.reporting.ACTION_UPDATE_WORLD cmp=com.google.android.gms/com.google.android.location.reporting.service.DispatchingService (has extras) } with receiverAction com.google.gservices.intent.action.GSERVICES_CHANGED
D/dalvikvm( 1776): DexOpt: couldn't find field Landroid/os/Message;.sendingUid
W/dalvikvm( 1776): VFY: unable to resolve instance field 17858
D/dalvikvm( 1776): VFY: replacing opcode 0x52 at 0x0013
D/dalvikvm( 2084): GC_EXPLICIT freed 215K, 31% free 11054K/15952K, paused 2ms+2ms, total 26ms
D/dalvikvm( 2084): WAIT_FOR_CONCURRENT_GC blocked 14ms
D/dalvikvm( 2084): GC_EXPLICIT freed 22K, 31% free 11048K/15952K, paused 3ms+1ms, total 36ms
I/ahju    ( 1776): Scheduling Phenotype for a PhenotypeSyncImmediately(6, com.google.android.gms.phenotype) one off with window [1, 2] in seconds [CONTEXT service_id=51 ]
D/dalvikvm( 1797): GC_EXPLICIT freed 133K, 20% free 6092K/7608K, paused 0ms+1ms, total 6ms
I/GCoreUlr( 1776): WorldUpdater:com.google.gservices.intent.action.GSERVICES_CHANGED: Ensuring that reporting is stopped because of reasons: (no Google accounts)
I/GCoreUlr( 1776): Unbound from all signal providers.
I/GCoreUlr( 1776): Unbound from all signal providers.
I/GCoreUlr( 1776): Stopping handler for UlrDispSvcFast
D/dalvikvm( 1776): GC_FOR_ALLOC freed 1654K, 18% free 9236K/11140K, paused 10ms, total 10ms
D/dalvikvm( 2084): GC_EXPLICIT freed 44K, 31% free 11080K/15952K, paused 6ms+35ms, total 91ms
I/GCM-GMS ( 2084): Scheduling task to register GMS
I/ahju    ( 1776): Scheduling Phenotype for a PhenotypeSyncImmediately(6, com.google.android.games.app) one off with window [1, 2] in seconds [CONTEXT service_id=51 ]
V/EmulatedCamera_Camera( 1146): getCameraInfo
V/EmulatedCamera_BaseCamera( 1146): getCameraInfo
I/OcrModelUpStIntentOp( 2084): Updating ocr activity enabled=true (phenotypeFlag=true, lowRamDevice=false, prereqCheck=true)
I/GCM-GMS ( 2084): Scheduling task to register GMS
I/OcrModelUpStIntentOp( 2084): Downloading text recognizer
D/dalvikvm( 2084): newInstance failed: no <init>()
I/GCM-GMS ( 2084): Scheduling task to register GMS
D/dalvikvm( 2084): GC_EXPLICIT freed 140K, 30% free 11263K/15952K, paused 39ms+12ms, total 98ms
I/SystemUpdateService( 1797): cancelUpdate (empty URL)
I/GmsModuleFndr( 2084): Beginning GMS chimera module scan
E/GmsClient( 2084): unable to connect to service: com.google.android.gms.auth.key.retrieval.service.START on com.google.android.gms
W/ActivityManager( 1570): Unable to start service Intent { act=com.google.android.gms.auth.key.retrieval.service.START pkg=com.google.android.gms } U=0: not found
W/ActivityManager( 1570): Unbind failed: could not find connection for android.os.BinderProxy@9d9661c8
I/Auth    ( 1776): [AuthManaged,PasswordComplexityHelperImpl] Updating password complexity components state.
I/Auth    ( 1776): [AuthManaged,PasswordComplexityHelperImpl] Disabling com.google.android.gms.auth.managed.admin.DeviceAdminReceiver
I/Herrevad( 1776): [59] wkz.a: updateListenState
I/Auth    ( 1776): [AuthManaged,PasswordComplexityHelperImpl] Disabling com.google.android.gms.auth.managed.ui.SetNewPasswordActivity
I/ModuleSetMgr( 2084): Computing pending module set with APKs: [[AdsFdrDynamite.integ:21460000000], [Cronetdynamite:202414000700], [Dynamiteloader:202414000700], [Dynamitemodulesa:202414000000], [Dynamitemodulesc:202414000000], [Googlecertificates:202414000000], [Mapsdynamite:202414000000], [Measurementdynamite:202414000000]]
I/ModuleSetMgr( 2084): Pending container module APKs: []
I/ModuleSetMgr( 2084): Pending non-container module APKs: []
I/SystemUpdateService( 1797): cancelUpdate (empty URL)
I/Search.GservicesUpdateTask( 2187): Updating Gservices keys
I/GCM-GMS ( 2084): Scheduling task to register GMS
I/ChromeSync( 2084): [Sync,SyncIntentOperation] Handling the intent: Intent { act=com.google.gservices.intent.action.GSERVICES_CHANGED flg=0x10 cmp=com.google.android.gms/.chimera.GmsIntentOperationService$PersistentInternalReceiver }.
I/GStaticConfiguration( 2187): Ignore gservice update: no configuration
I/MobileDataHub( 2084): Scheduling periodic tasks
W/MobileDataHub( 2084): [Service] appsupload-periodic periodic task disabled
I/MdiSyncModule( 2084): flag handling is skipping irrelevant intent.
V/EmulatedCamera_Camera( 1146): getCameraInfo
V/EmulatedCamera_BaseCamera( 1146): getCameraInfo
I/OcrModelUpStIntentOp( 2084): Updating ocr activity enabled=true (phenotypeFlag=true, lowRamDevice=false, prereqCheck=true)
W/Launcher( 2233): setApplicationContext called twice! old=com.google.android.velvet.VelvetApplication@9d0909e8 new=com.google.android.velvet.VelvetApplication@9d0909e8
I/Icing.InternalIcingCorporaProvider( 2187): Updating corpora: A: com.android.email, C: MAYBE
I/OcrModelUpStIntentOp( 2084): Downloading text recognizer
D/dalvikvm( 2084): GC_EXPLICIT freed 540K, 28% free 11574K/15952K, paused 8ms+27ms, total 115ms
W/ContextImpl( 2187): Implicit intents with startService are not safe: Intent { act=com.google.android.gms.icing.INDEX_SERVICE } android.content.ContextWrapper.bindService:517 com.google.android.gms.internal.av.a:-1 com.google.android.gms.internal.au.connect:-1 
I/Fitness ( 1776): OnPackageChangedOperation got intent: Intent { act=android.intent.action.PACKAGE_CHANGED dat=package:com.android.email flg=0x4000010 cmp=com.google.android.gms/.chimera.PersistentIntentOperationService (has extras) } [CONTEXT service_id=17 ]
D/dalvikvm( 1797): GC_EXPLICIT freed 401K, 20% free 6089K/7608K, paused 0ms+1ms, total 14ms
I/GCoreUlr( 1776): WorldUpdater received intent Intent { act=com.google.android.location.reporting.ACTION_UPDATE_WORLD cmp=com.google.android.gms/com.google.android.location.reporting.service.DispatchingService (has extras) } with receiverAction com.google.gservices.intent.action.GSERVICES_CHANGED
D/dalvikvm( 1570): GC_EXPLICIT freed 908K, 47% free 7876K/14816K, paused 0ms+1ms, total 25ms
I/Icing   ( 2084): IndexChimeraService.getServiceInterface callingPackage=com.google.android.googlequicksearchbox componentName=null serviceId=21
I/Fitness ( 1776): FitCleanupIntentOperation received Intent android.intent.action.PACKAGE_CHANGED [CONTEXT service_id=17 ]
W/Launcher( 2233): setApplicationContext called twice! old=com.google.android.velvet.VelvetApplication@9d0909e8 new=com.google.android.velvet.VelvetApplication@9d0909e8
I/Fitness ( 1776): OnPackageChangedOperation got intent: Intent { act=android.intent.action.PACKAGE_CHANGED dat=package:com.google.android.gsf flg=0x4000010 cmp=com.google.android.gms/.chimera.PersistentIntentOperationService (has extras) } [CONTEXT service_id=17 ]
I/SystemUpdate( 2084): [Installation,ReceiverIntentOperation] Received intent: Intent { act=com.google.gservices.intent.action.GSERVICES_CHANGED flg=0x10 cmp=com.google.android.gms/.chimera.GmsIntentOperationService$PersistentInternalReceiver }.
D/dalvikvm( 1776): GC_FOR_ALLOC freed 2017K, 20% free 9269K/11536K, paused 8ms, total 8ms
W/Launcher( 2233): setApplicationContext called twice! old=com.google.android.velvet.VelvetApplication@9d0909e8 new=com.google.android.velvet.VelvetApplication@9d0909e8
E/PhenotypeRegOp( 2084): Attempting to overwrite config package for com.google.android.gms.games [CONTEXT service_id=231 ]
E/PhenotypeRegOp( 2084): Attempting to overwrite config package for com.google.android.gms.mobile_data_plan [CONTEXT service_id=231 ]
I/Fitness ( 1776): FitCleanupIntentOperation received Intent android.intent.action.PACKAGE_CHANGED [CONTEXT service_id=17 ]
I/Fitness ( 1776): OnPackageChangedOperation got intent: Intent { act=android.intent.action.PACKAGE_CHANGED dat=package:com.google.android.gms flg=0x4000010 cmp=com.google.android.gms/.chimera.PersistentIntentOperationService (has extras) } [CONTEXT service_id=17 ]
E/PhenotypeRegOp( 2084): Attempting to overwrite config package for com.google.android.gms.signin [CONTEXT service_id=231 ]
E/PhenotypeRegOp( 2084): Attempting to overwrite config package for com.google.android.gms.udc [CONTEXT service_id=231 ]
W/Launcher( 2233): setApplicationContext called twice! old=com.google.android.velvet.VelvetApplication@9d0909e8 new=com.google.android.velvet.VelvetApplication@9d0909e8
I/Fitness ( 1776): FitCleanupIntentOperation received Intent android.intent.action.PACKAGE_CHANGED [CONTEXT service_id=17 ]
I/Fitness ( 1776): OnPackageChangedOperation got intent: Intent { act=android.intent.action.PACKAGE_CHANGED dat=package:com.google.android.inputmethod.latin flg=0x4000010 cmp=com.google.android.gms/.chimera.PersistentIntentOperationService (has extras) } [CONTEXT service_id=17 ]
I/GCoreUlr( 1776): WorldUpdater:com.google.gservices.intent.action.GSERVICES_CHANGED: Ensuring that reporting is stopped because of reasons: (no Google accounts)
I/Fitness ( 1776): FitCleanupIntentOperation received Intent android.intent.action.PACKAGE_CHANGED [CONTEXT service_id=17 ]
I/GCoreUlr( 1776): Unbound from all signal providers.
I/SystemUpdate( 2084): [Execution,InstallationEventIntentOperation] Handling event of type 2.
D/dalvikvm( 1776): GC_FOR_ALLOC freed 755K, 22% free 9107K/11556K, paused 17ms, total 18ms
D/dalvikvm( 2084): GC_EXPLICIT freed 1293K, 26% free 11892K/15952K, paused 7ms+12ms, total 135ms
I/SystemUpdate( 2084): [Execution,InstallationIntentOperation] Received intent: Intent { act=com.google.android.gms.update.INSTALL_UPDATE cat=[targeted_intent_op_prefix:.update.execution.InstallationIntentOperation] cmp=com.google.android.gms/.chimera.GmsIntentOperationService }.
I/SystemUpdate( 2084): [Execution,ExecutionManager] Action finished-execution executed for 0.00 seconds.
I/DownloadManager( 1862): Download 4 starting
W/ActivityThread( 1862): ClassLoader.loadClass: The class loader returned by Thread.getContextClassLoader() may fail for processes that host multiple applications. You should explicitly specify a context class loader. For example: Thread.setContextClassLoader(getClass().getClassLoader());
V/AlarmClock( 2374): AlarmInitReceiver android.intent.action.TIMEZONE_CHANGED
D/dalvikvm( 2084): GC_EXPLICIT freed 856K, 29% free 11437K/15952K, paused 14ms+1ms, total 36ms
D/dalvikvm( 1862): GC_FOR_ALLOC freed 448K, 16% free 3458K/4092K, paused 6ms, total 8ms
I/GCoreUlr( 1776): Unbound from all signal providers.
I/GCoreUlr( 1776): Stopping handler for UlrDispSvcFast
I/AlarmClock( 2374): Displaying next alarm time: ''
V/AlarmClock( 2374): AlarmInitReceiver finished
I/Notifications( 2398): [ChimeBroadcastReceiver] Intent received for action [android.intent.action.TIMEZONE_CHANGED] package [com.google.android.play.games].
I/Notifications( 2398): [ChimeBroadcastReceiver] Validation OK for action [android.intent.action.TIMEZONE_CHANGED].
W/Icing   ( 2084): No valid account for uploading user actions
I/Notifications( 2398): [ChimeBroadcastReceiver] Executing action in Service [android.intent.action.TIMEZONE_CHANGED].
I/GmsModuleFndr( 2084): Beginning GMS chimera module scan
I/SystemUpdate( 2084): [Installation,ReceiverIntentOperation] Received intent: Intent { act=android.intent.action.TIME_SET flg=0x24000010 cmp=com.google.android.gms/.chimera.GmsIntentOperationService$PersistentTrustedReceiver }.
V/AlarmClock( 2374): AlarmInitReceiver android.intent.action.TIME_SET
I/ModuleSetMgr( 2084): Computing pending module set with APKs: [[AdsFdrDynamite.integ:21460000000], [Cronetdynamite:202414000700], [Dynamiteloader:202414000700], [Dynamitemodulesa:202414000000], [Dynamitemodulesc:202414000000], [Googlecertificates:202414000000], [Mapsdynamite:202414000000], [Measurementdynamite:202414000000]]
I/ModuleSetMgr( 2084): Pending container module APKs: []
I/ModuleSetMgr( 2084): Pending non-container module APKs: []
D/dalvikvm( 1797): GC_EXPLICIT freed 150K, 20% free 6087K/7608K, paused 0ms+1ms, total 5ms
I/AlarmClock( 2374): Displaying next alarm time: ''
V/AlarmClock( 2374): AlarmInitReceiver finished
I/Icing   ( 2084): Usage reports ok 0, Failed Usage reports 0, indexed 0, rejected 0
I/SystemUpdate( 2084): [Execution,InstallationEventIntentOperation] Handling event of type 6.
I/SystemUpdate( 2084): [Execution,InstallationIntentOperation] Received intent: Intent { act=com.google.android.gms.update.INSTALL_UPDATE cat=[targeted_intent_op_prefix:.update.execution.InstallationIntentOperation] cmp=com.google.android.gms/.chimera.GmsIntentOperationService }.
I/SystemUpdate( 2084): [Execution,ExecutionManager] Action finished-execution executed for 0.00 seconds.
D/dalvikvm( 2084): DexOpt: couldn't find static field Landroid/os/Build;.SUPPORTED_ABIS
W/dalvikvm( 2084): VFY: unable to resolve static field 17846 (SUPPORTED_ABIS) in Landroid/os/Build;
D/dalvikvm( 2084): VFY: replacing opcode 0x62 at 0x0006
I/Vision  ( 2084): Supported ABIS: [x86]
I/Icing.InternalIcingCorporaProvider( 2187): Updating corpora: A: com.google.android.gsf, C: MAYBE
I/Icing   ( 2084): IndexChimeraService.getServiceInterface callingPackage=com.google.android.googlequicksearchbox componentName=null serviceId=21
I/Icing   ( 2084): updateResources: need to parse wwx{com.google.android.gms}
I/Vision  ( 2084): Requesting optional module download of ocr.
I/ChmraDebugLogger( 1776): [53] +vision.ocr:-1
D/dalvikvm( 1776): GC_FOR_ALLOC freed 1252K, 20% free 9311K/11556K, paused 14ms, total 14ms
I/Vision  ( 2084): Checking for download completion for 43716 -- ocr
I/Vision  ( 2084): Requesting optional module download of ocr.
I/ChimeraConfigurator( 2084): Starting update, reason: 4 urgentFeatures: vision.ocr:-1
W/GoogleHttpServiceClient( 1776): Interrupted waiting for binder: java.lang.InterruptedException
I/Vision  ( 2084): Checking for download completion for 43735 -- ocr
D/dalvikvm( 2084): GC_EXPLICIT freed 1309K, 28% free 11493K/15952K, paused 1ms+1ms, total 50ms
W/Conscrypt( 1776): Could not set socket write timeout: java.net.SocketException: Socket closed
W/Conscrypt( 1776): 	at com.google.android.gms.org.conscrypt.Platform.setSocketWriteTimeout(:com.google.android.gms@202414005@20.24.14 (000700-319035315):2)
W/Conscrypt( 1776): 	at com.google.android.gms.org.conscrypt.ConscryptFileDescriptorSocket.setSoWriteTimeout(:com.google.android.gms@202414005@20.24.14 (000700-319035315):0)
W/Icing   ( 2084): No valid account for uploading user actions
I/Icing   ( 2084): Usage reports ok 0, Failed Usage reports 0, indexed 0, rejected 0
I/Icing.InternalIcingCorporaProvider( 2187): Updating corpora: A: com.google.android.gms, C: MAYBE
W/Conscrypt( 1776): Could not set socket write timeout: java.net.SocketException: Socket closed
W/Conscrypt( 1776): 	at com.google.android.gms.org.conscrypt.Platform.setSocketWriteTimeout(:com.google.android.gms@202414005@20.24.14 (000700-319035315):2)
W/Conscrypt( 1776): 	at com.google.android.gms.org.conscrypt.ConscryptFileDescriptorSocket.setSoWriteTimeout(:com.google.android.gms@202414005@20.24.14 (000700-319035315):0)
I/Icing   ( 2084): IndexChimeraService.getServiceInterface callingPackage=com.google.android.googlequicksearchbox componentName=null serviceId=21
W/Icing   ( 2084): No valid account for uploading user actions
D/dalvikvm( 2084): GC_EXPLICIT freed 218K, 28% free 11498K/15952K, paused 1ms+32ms, total 80ms
I/Icing   ( 2084): Usage reports ok 0, Failed Usage reports 0, indexed 0, rejected 0
I/Icing.InternalIcingCorporaProvider( 2187): Updating corpora: A: com.google.android.inputmethod.latin, C: MAYBE
D/dalvikvm( 1797): GC_EXPLICIT freed 150K, 21% free 6083K/7608K, paused 0ms+1ms, total 5ms
I/Icing   ( 2084): IndexChimeraService.getServiceInterface callingPackage=com.google.android.googlequicksearchbox componentName=null serviceId=21
D/dalvikvm( 2084): GC_EXPLICIT freed 298K, 29% free 11390K/15952K, paused 2ms+1ms, total 42ms
W/Icing   ( 2084): No valid account for uploading user actions
I/Icing   ( 2084): Usage reports ok 0, Failed Usage reports 0, indexed 0, rejected 0
D/dalvikvm( 2084): GC_EXPLICIT freed 33K, 29% free 11381K/15952K, paused 0ms+1ms, total 18ms
D/dalvikvm( 1776): GC_FOR_ALLOC freed 1669K, 17% free 9689K/11608K, paused 9ms, total 9ms
D/dalvikvm( 2084): GC_EXPLICIT freed 12K, 29% free 11376K/15952K, paused 1ms+3ms, total 25ms
D/dalvikvm( 2084): GC_EXPLICIT freed 7K, 29% free 11375K/15952K, paused 2ms+4ms, total 20ms
D/dalvikvm( 2084): GC_EXPLICIT freed 8K, 29% free 11374K/15952K, paused 1ms+1ms, total 12ms
D/dalvikvm( 2084): GC_EXPLICIT freed 7K, 29% free 11374K/15952K, paused 1ms+2ms, total 19ms
I/GmsModuleFndr( 2084): Beginning GMS chimera module scan
I/ModuleSetMgr( 2084): Computing pending module set with APKs: [[AdsFdrDynamite.integ:21460000000], [Cronetdynamite:202414000700], [Dynamiteloader:202414000700], [Dynamitemodulesa:202414000000], [Dynamitemodulesc:202414000000], [Googlecertificates:202414000000], [Mapsdynamite:202414000000], [Measurementdynamite:202414000000]]
I/ModuleSetMgr( 2084): Pending container module APKs: []
I/ModuleSetMgr( 2084): Pending non-container module APKs: []
D/dalvikvm( 1570): GC_EXPLICIT freed 721K, 48% free 7781K/14816K, paused 0ms+1ms, total 10ms
D/dalvikvm( 1862): GC_FOR_ALLOC freed 571K, 19% free 3399K/4156K, paused 3ms, total 3ms
D/dalvikvm( 1776): GC_FOR_ALLOC freed 1578K, 20% free 9512K/11844K, paused 11ms, total 11ms
I/dalvikvm-heap( 1776): Grow heap (frag case) to 9.781MB for 262156-byte allocation
I/DownloadManager( 1862): Download 4 finished with status SUCCESS
D/dalvikvm( 1776): GC_FOR_ALLOC freed 26K, 20% free 9741K/12104K, paused 8ms, total 8ms
I/Vision  ( 2084): Requesting optional module download of ocr.
I/Vision  ( 2084): Checking for download completion for 44146 -- ocr
E/MS_DownloadManager( 2084): Unsupported Matchstick Download Type: 
E/MS_DownloadManager( 2084): Failed to get download uri for unsupported Matchstick download type: 
D/dalvikvm( 1776): GC_FOR_ALLOC freed 286K, 21% free 9601K/12104K, paused 12ms, total 12ms
I/dalvikvm-heap( 1776): Grow heap (frag case) to 9.989MB for 389513-byte allocation
D/dalvikvm( 1776): GC_FOR_ALLOC freed 504K, 25% free 9477K/12488K, paused 10ms, total 10ms
I/NetworkScheduler( 1776): ignoring stale queue check message
D/ConnectivityService( 1570): handleInetConditionHoldEnd: net=0, condition=100, published condition=0
D/dalvikvm( 1776): GC_FOR_ALLOC freed 679K, 14% free 10845K/12488K, paused 11ms, total 11ms
D/dalvikvm( 1797): GC_EXPLICIT freed 141K, 21% free 6082K/7608K, paused 1ms+0ms, total 6ms
I/ahju    ( 1776): Scheduling Phenotype for a PhenotypeSyncImmediately(6, org.chromium.net.cronet) one off with window [1, 2] in seconds [CONTEXT service_id=51 ]
I/dalvikvm( 1776): Could not find method android.net.ConnectivityManager.isDefaultNetworkActive, referenced from method com.google.android.gms.clearcut.uploader.QosUploaderChimeraService.a
W/dalvikvm( 1776): VFY: unable to resolve virtual method 3874: Landroid/net/ConnectivityManager;.isDefaultNetworkActive ()Z
D/dalvikvm( 1776): VFY: replacing opcode 0x6e at 0x00c6
D/dalvikvm( 1776): GC_FOR_ALLOC freed 2311K, 20% free 10583K/13144K, paused 9ms, total 9ms
I/GCM-GMS ( 2084): Registering GMS 745476177629
I/Icing   ( 2084): Indexing com.google.android.googlequicksearchbox-applications from com.google.android.googlequicksearchbox
D/dalvikvm( 2600): GC_FOR_ALLOC freed 733K, 42% free 5689K/9680K, paused 3ms, total 3ms
I/Icing   ( 2084): Indexing done com.google.android.googlequicksearchbox-applications
I/Icing   ( 2084): Indexing com.google.android.gms-apps from com.google.android.gms
I/Icing   ( 2084): Indexing com.google.android.googlequicksearchbox-applications from com.google.android.googlequicksearchbox
W/Conscrypt( 2084): Could not set socket write timeout: java.net.SocketException: Socket closed
W/Conscrypt( 2084): 	at com.google.android.gms.org.conscrypt.Platform.setSocketWriteTimeout(:com.google.android.gms@202414005@20.24.14 (000700-319035315):2)
W/Conscrypt( 2084): 	at com.google.android.gms.org.conscrypt.ConscryptFileDescriptorSocket.setSoWriteTimeout(:com.google.android.gms@202414005@20.24.14 (000700-319035315):0)
I/Icing   ( 2084): Indexing done com.google.android.googlequicksearchbox-applications
I/Icing   ( 2084): Indexing com.google.android.gms-internal.3p:MobileApplication from com.google.android.gms
W/Conscrypt( 2084): Could not set socket write timeout: java.net.SocketException: Socket closed
I/Icing   ( 2084): Indexing done com.google.android.gms-apps
I/Icing   ( 2084): Indexing done com.google.android.gms-internal.3p:MobileApplication
W/Conscrypt( 2084): 	at com.google.android.gms.org.conscrypt.Platform.setSocketWriteTimeout(:com.google.android.gms@202414005@20.24.14 (000700-319035315):2)
W/Conscrypt( 2084): 	at com.google.android.gms.org.conscrypt.ConscryptFileDescriptorSocket.setSoWriteTimeout(:com.google.android.gms@202414005@20.24.14 (000700-319035315):0)
I/Icing   ( 2084): Indexing com.google.android.googlequicksearchbox-applications from com.google.android.googlequicksearchbox
D/dalvikvm( 1776): GC_FOR_ALLOC freed 3337K, 30% free 9293K/13144K, paused 10ms, total 10ms
I/Icing   ( 2084): Indexing done com.google.android.googlequicksearchbox-applications
I/Icing   ( 2084): Indexing com.google.android.gms-apps from com.google.android.gms
I/Icing   ( 2084): Indexing done com.google.android.gms-apps
D/dalvikvm( 1144): GC_EXPLICIT freed 39K, 8% free 2993K/3220K, paused 0ms+1ms, total 3ms
D/dalvikvm( 1144): GC_EXPLICIT freed <1K, 8% free 2994K/3220K, paused 0ms+0ms, total 2ms
D/dalvikvm( 1144): GC_EXPLICIT freed <1K, 8% free 2994K/3220K, paused 0ms+1ms, total 2ms
I/ActivityManager( 1570): Start proc com.google.android.play.games.ui for broadcast com.google.android.play.games/com.google.android.apps.play.games.features.experiments.PhenotypeBroadcastReceiver: pid=2803 uid=10043 gids={50043, 3003}
E/dalvikvm( 2803): Could not find class 'android.app.NotificationChannel', referenced from method com.google.android.apps.play.games.core.PlayGamesApplication.onCreate
W/dalvikvm( 2803): VFY: unable to resolve new-instance 420 (Landroid/app/NotificationChannel;) in Lcom/google/android/apps/play/games/core/PlayGamesApplication;
D/dalvikvm( 2803): VFY: replacing opcode 0x22 at 0x008d
E/dalvikvm( 2803): Could not find class 'android.app.NotificationChannelGroup', referenced from method com.google.android.apps.play.games.core.PlayGamesApplication.onCreate
W/dalvikvm( 2803): VFY: unable to resolve new-instance 421 (Landroid/app/NotificationChannelGroup;) in Lcom/google/android/apps/play/games/core/PlayGamesApplication;
D/dalvikvm( 2803): VFY: replacing opcode 0x22 at 0x0131
D/dalvikvm( 2803): DexOpt: couldn't find static field Landroid/os/Build;.SUPPORTED_ABIS
W/dalvikvm( 2803): VFY: unable to resolve static field 1664 (SUPPORTED_ABIS) in Landroid/os/Build;
D/dalvikvm( 2803): VFY: replacing opcode 0x62 at 0x01a4
E/dalvikvm( 2803): Could not find class 'android.app.NotificationChannel', referenced from method com.google.android.apps.play.games.core.PlayGamesApplication.onCreate
W/dalvikvm( 2803): VFY: unable to resolve new-instance 420 (Landroid/app/NotificationChannel;) in Lcom/google/android/apps/play/games/core/PlayGamesApplication;
D/dalvikvm( 2803): VFY: replacing opcode 0x22 at 0x03e6
