I/GeofencerStateMachine( 1777): removeGeofences: removeRequest=RemoveGeofencingRequest[REMOVE_ALL packageName=it.unina.android.ripper]
D/Documents( 3841): Used cached roots for com.android.providers.downloads.documents
D/Documents( 3841): Used cached roots for com.android.externalstorage.documents
D/Documents( 3841): Used cached roots for com.android.providers.media.documents
D/Documents( 3841): Update found 6 roots in 1ms
I/InputReader( 1568): Reconfiguring input devices.  changes=0x00000010
D/VoicemailCleanupService( 1847): Cleaning up data for package: it.unina.android.ripper
I/PackageManager( 1568):   Action: "android.intent.action.SENDTO"
I/PackageManager( 1568):   Category: "android.intent.category.DEFAULT"
I/PackageManager( 1568):   Scheme: "sms"
I/PackageManager( 1568):   Action: "android.intent.action.SENDTO"
I/PackageManager( 1568):   Category: "android.intent.category.DEFAULT"
I/PackageManager( 1568):   Scheme: "smsto"
I/ActivityManager( 1568): Delay finish: com.google.android.gms/.games.chimera.GamesSystemBroadcastReceiverProxy
I/PackageManager( 1568): Adding preferred activity ComponentInfo{com.android.mms/com.android.mms.ui.ComposeMessageActivity} for user 0 :
I/PackageManager( 1568): Adding preferred activity ComponentInfo{com.android.mms/com.android.mms.ui.ComposeMessageActivity} for user 0 :
D/dalvikvm( 1797): GC_FOR_ALLOC freed 458K, 18% free 3635K/4396K, paused 2ms, total 2ms
I/PackageManager( 1568):   Action: "android.intent.action.SENDTO"
I/PackageManager( 1568):   Category: "android.intent.category.DEFAULT"
I/PackageManager( 1568):   Scheme: "mms"
D/BackupManagerService( 1568): Received broadcast Intent { act=android.intent.action.PACKAGE_REMOVED dat=package:it.unina.android.ripper flg=0x4000010 (has extras) }
V/BackupManagerService( 1568): removePackageParticipantsLocked: uid=10103 #1
I/ActivityManager( 1568): Resuming delayed broadcast
I/PackageManager( 1568): Adding preferred activity ComponentInfo{com.android.mms/com.android.mms.ui.ComposeMessageActivity} for user 0 :
D/dalvikvm( 1568): GC_EXPLICIT freed 1627K, 42% free 10004K/17140K, paused 0ms+1ms, total 35ms
D/dalvikvm( 1568): WAIT_FOR_CONCURRENT_GC blocked 8ms
D/dalvikvm( 1568): WAIT_FOR_CONCURRENT_GC blocked 9ms
D/dalvikvm( 1568): WAIT_FOR_CONCURRENT_GC blocked 7ms
D/dalvikvm( 1568): WAIT_FOR_CONCURRENT_GC blocked 9ms
D/dalvikvm( 1568): WAIT_FOR_CONCURRENT_GC blocked 9ms
D/AndroidRuntime(13041): Shutting down VM
D/dalvikvm(13041): GC_CONCURRENT freed 92K, 15% free 549K/644K, paused 0ms+0ms, total 0ms
I/PackageManager( 1568):   Action: "android.intent.action.SENDTO"
I/PackageManager( 1568):   Category: "android.intent.category.DEFAULT"
I/PackageManager( 1568):   Scheme: "mmsto"
I/ActivityManager( 1568): Delay finish: com.google.android.googlequicksearchbox/com.google.android.searchcommon.summons.icing.InternalIcingCorporaProvider$CorporaChangedReceiver
I/PackageManager( 1568): Adding preferred activity ComponentInfo{com.android.mms/com.android.mms.ui.ComposeMessageActivity} for user 0 :
I/PackageManager( 1568):   Action: "android.intent.action.SENDTO"
I/PackageManager( 1568):   Category: "android.intent.category.DEFAULT"
I/PackageManager( 1568):   Scheme: "sms"
I/Icing.InternalIcingCorporaProvider( 2178): Updating corpora: A: it.unina.android.ripper, C: MAYBE
I/PackageManager( 1568): Adding preferred activity ComponentInfo{com.android.mms/com.android.mms.ui.ComposeMessageActivity} for user 0 :
I/PackageManager( 1568):   Action: "android.intent.action.SENDTO"
I/PackageManager( 1568):   Category: "android.intent.category.DEFAULT"
I/PackageManager( 1568):   Scheme: "smsto"
D/dalvikvm( 1797): GC_FOR_ALLOC freed 413K, 17% free 3668K/4396K, paused 2ms, total 2ms
I/PackageManager( 1568):   Action: "android.intent.action.SENDTO"
I/PackageManager( 1568):   Category: "android.intent.category.DEFAULT"
I/PackageManager( 1568):   Scheme: "mms"
I/PackageManager( 1568): Adding preferred activity ComponentInfo{com.android.mms/com.android.mms.ui.ComposeMessageActivity} for user 0 :
I/PackageManager( 1568): Adding preferred activity ComponentInfo{com.android.mms/com.android.mms.ui.ComposeMessageActivity} for user 0 :
I/PackageManager( 1568):   Action: "android.intent.action.SENDTO"
I/PackageManager( 1568):   Category: "android.intent.category.DEFAULT"
I/PackageManager( 1568):   Scheme: "mmsto"
I/PackageManager( 1568): Adding preferred activity ComponentInfo{com.android.mms/com.android.mms.ui.ComposeMessageActivity} for user 0 :
I/Icing   ( 2079): doRemovePackageData it.unina.android.ripper
I/Icing   ( 2079): IndexChimeraService.getServiceInterface callingPackage=com.google.android.googlequicksearchbox componentName=null serviceId=21
D/dalvikvm( 1763): GC_FOR_ALLOC freed 440K, 18% free 3400K/4120K, paused 2ms, total 3ms
D/dalvikvm( 1777): GC_FOR_ALLOC freed 2037K, 25% free 10003K/13264K, paused 27ms, total 27ms
W/Icing.InternalIcingCorporaProvider( 2178): Application table change notification failed.
I/Fitness ( 1777): FitCleanupIntentOperation received Intent android.intent.action.PACKAGE_REMOVED [CONTEXT service_id=17 ]
W/Icing   ( 2079): No valid account for uploading user actions
I/Icing   ( 2079): Usage reports ok 0, Failed Usage reports 0, indexed 0, rejected 0
I/LatinIME:LogUtils( 1763): Dictionary info: dictionary = main:en ; version = 42 ; date = 1381226516
I/Icing   ( 2079): Indexing com.google.android.gms-apps from com.google.android.gms
I/Icing   ( 2079): Indexing done com.google.android.gms-apps
I/DownloadManager( 1858): Download 51 starting
W/DownloadManager( 1858): Aborting request for download 51: TYPE_DISALLOWED_BY_REQUESTOR
I/DownloadManager( 1858): Download 51 finished with status WAITING_FOR_NETWORK
D/AndroidRuntime(13064): 
D/AndroidRuntime(13064): >>>>>> AndroidRuntime START com.android.internal.os.RuntimeInit <<<<<<
W/linker  (13064): libdvm.so has text relocations. This is wasting memory and is a security risk. Please fix.
D/AndroidRuntime(13064): CheckJNI is ON
D/dalvikvm(13064): Trying to load lib libjavacore.so 0x0
D/dalvikvm(13064): Added shared lib libjavacore.so 0x0
D/dalvikvm(13064): Trying to load lib libnativehelper.so 0x0
D/dalvikvm(13064): Added shared lib libnativehelper.so 0x0
D/dalvikvm(13064): No JNI_OnLoad found in libnativehelper.so 0x0, skipping init
D/dalvikvm(13064): Note: class Landroid/app/ActivityManagerNative; has 179 unimplemented (abstract) methods
E/memtrack(13064): Couldn't load memtrack module (No such file or directory)
E/android.os.Debug(13064): failed to load memtrack module: -2
D/AndroidRuntime(13064): Calling main entry com.android.commands.pm.Pm
W/ActivityManager( 1568): No content provider found for permission revoke: file:///sdcard/aut.apk
W/ActivityManager( 1568): No content provider found for permission revoke: file:///sdcard/aut.apk
I/PackageManager( 1568): Copying native libraries to /data/app-lib/vmdl899772905
D/dalvikvm( 1568): GC_FOR_ALLOC freed 1731K, 42% free 10028K/17140K, paused 7ms, total 7ms
I/PackageManager( 1568): Running dexopt on: com.serwylo.retrowars
W/linker  (13076): libdvm.so has text relocations. This is wasting memory and is a security risk. Please fix.
D/dalvikvm(13076): Note: class Lcom/badlogic/gdx/graphics/profiling/GLInterceptor; has 162 unimplemented (abstract) methods
W/Launcher( 2207): setApplicationContext called twice! old=com.google.android.velvet.VelvetApplication@9cfffa70 new=com.google.android.velvet.VelvetApplication@9cfffa70
I/ActivityManager( 1568): Resuming delayed broadcast
W/ContextImpl( 3894): Calling a method in the system process without a qualified user: android.app.ContextImpl.startService:1479 android.content.ContextWrapper.startService:494 android.content.ContextWrapper.startService:494 com.android.keychain.KeyChainBroadcastReceiver.onReceive:12 android.app.ActivityThread.handleReceiver:2419 
I/ActivityManager( 1568): Delay finish: com.android.keychain/.KeyChainBroadcastReceiver
I/ActivityManager( 1568): Resuming delayed broadcast
D/dalvikvm(13076): DexOpt: load 10ms, verify+opt 97ms, 2140740 bytes
I/ActivityManager( 1568): Force stopping com.serwylo.retrowars appid=10104 user=-1: update pkg
I/InputReader( 1568): Reconfiguring input devices.  changes=0x00000010
D/Documents( 3841): Used cached roots for com.android.providers.downloads.documents
D/Documents( 3841): Used cached roots for com.android.externalstorage.documents
D/Documents( 3841): Used cached roots for com.android.providers.media.documents
D/Documents( 3841): Update found 6 roots in 1ms
I/PackageManager( 1568):   Action: "android.intent.action.SENDTO"
I/PackageManager( 1568):   Category: "android.intent.category.DEFAULT"
I/PackageManager( 1568):   Scheme: "sms"
W/Launcher.Model( 2207): Nobody to tell about the new app.  Launcher is probably loading.
I/PackageManager( 1568): Adding preferred activity ComponentInfo{com.android.mms/com.android.mms.ui.ComposeMessageActivity} for user 0 :
D/BackupManagerService( 1568): Received broadcast Intent { act=android.intent.action.PACKAGE_ADDED dat=package:com.serwylo.retrowars flg=0x4000010 (has extras) }
V/BackupManagerService( 1568): addPackageParticipantsLocked: #1
I/PackageManager( 1568):   Action: "android.intent.action.SENDTO"
I/PackageManager( 1568):   Category: "android.intent.category.DEFAULT"
I/PackageManager( 1568):   Scheme: "smsto"
D/dalvikvm( 1797): GC_FOR_ALLOC freed 455K, 18% free 3634K/4396K, paused 1ms, total 1ms
I/PackageManager( 1568):   Action: "android.intent.action.SENDTO"
I/PackageManager( 1568):   Category: "android.intent.category.DEFAULT"
I/PackageManager( 1568):   Scheme: "mms"
I/PackageManager( 1568): Adding preferred activity ComponentInfo{com.android.mms/com.android.mms.ui.ComposeMessageActivity} for user 0 :
I/PackageManager( 1568): Adding preferred activity ComponentInfo{com.android.mms/com.android.mms.ui.ComposeMessageActivity} for user 0 :
I/ChromeSync( 2079): [Sync,SyncIntentOperation] Handling the intent: Intent { act=android.intent.action.PACKAGE_ADDED dat=package:com.serwylo.retrowars flg=0x4000010 cmp=com.google.android.gms/.chimera.GmsIntentOperationService (has extras) }.
I/Auth    ( 2079): [SupervisedAccountIntentOperation] onHandleIntent(): android.intent.action.PACKAGE_ADDED
W/GCM     ( 1777): Unexpected forwarded intent: Intent { act=android.intent.action.PACKAGE_ADDED dat=package:com.serwylo.retrowars flg=0x4000010 cmp=com.google.android.gms/.chimera.PersistentIntentOperationService (has extras) }
I/PackageManager( 1568):   Action: "android.intent.action.SENDTO"
I/PackageManager( 1568):   Category: "android.intent.category.DEFAULT"
I/PackageManager( 1568):   Scheme: "mmsto"
I/FontLog ( 2079): Package com.serwylo.retrowars has no metadata [CONTEXT service_id=132 ]
I/PackageManager( 1568): Adding preferred activity ComponentInfo{com.android.mms/com.android.mms.ui.ComposeMessageActivity} for user 0 :
I/ActivityManager( 1568): Delay finish: com.google.android.googlequicksearchbox/com.google.android.searchcommon.summons.icing.InternalIcingCorporaProvider$CorporaChangedReceiver
E/GmsClient( 2079): unable to connect to service: com.google.android.gms.auth.key.retrieval.service.START on com.google.android.gms
I/PackageManager( 1568):   Action: "android.intent.action.SENDTO"
I/PackageManager( 1568):   Category: "android.intent.category.DEFAULT"
I/PackageManager( 1568):   Scheme: "sms"
W/ActivityManager( 1568): Unable to start service Intent { act=com.google.android.gms.auth.key.retrieval.service.START pkg=com.google.android.gms } U=0: not found
W/ActivityManager( 1568): Unbind failed: could not find connection for android.os.BinderProxy@9d84eec0
I/PackageManager( 1568): Adding preferred activity ComponentInfo{com.android.mms/com.android.mms.ui.ComposeMessageActivity} for user 0 :
W/GCM     ( 1777): Unexpected forwarded intent: Intent { act=android.intent.action.PACKAGE_ADDED dat=package:com.serwylo.retrowars flg=0x4000010 cmp=com.google.android.gms/.chimera.PersistentIntentOperationService (has extras) }
I/PackageManager( 1568):   Action: "android.intent.action.SENDTO"
I/PackageManager( 1568):   Category: "android.intent.category.DEFAULT"
I/PackageManager( 1568):   Scheme: "smsto"
I/Icing.InternalIcingCorporaProvider( 2178): Updating corpora: A: com.serwylo.retrowars, C: MAYBE
I/ChromeSync( 2079): [Persistence,AffiliationManager] One of affiliation or grouping data for android://KSmUCdTXmQS-j9D_O8l1jvyu41Pjn2mc5cb0Gvx1e9H1Aj4JCzHs_uTW26nbtH65K-YfijtBsQxGp-8R6k6HFg==@com.serwylo.retrowars/ was not found. Marking affiliation data as stale...
I/PackageManager( 1568): Adding preferred activity ComponentInfo{com.android.mms/com.android.mms.ui.ComposeMessageActivity} for user 0 :
D/dalvikvm( 1568): GC_EXPLICIT freed 1757K, 42% free 10037K/17140K, paused 1ms+2ms, total 59ms
D/dalvikvm( 1568): WAIT_FOR_CONCURRENT_GC blocked 7ms
D/dalvikvm( 1568): WAIT_FOR_CONCURRENT_GC blocked 7ms
D/dalvikvm( 1568): WAIT_FOR_CONCURRENT_GC blocked 6ms
D/dalvikvm( 1568): WAIT_FOR_CONCURRENT_GC blocked 9ms
D/AndroidRuntime(13064): Shutting down VM
D/dalvikvm(13064): GC_CONCURRENT freed 93K, 15% free 552K/648K, paused 0ms+0ms, total 1ms
D/dalvikvm( 1797): GC_FOR_ALLOC freed 412K, 17% free 3667K/4396K, paused 2ms, total 2ms
I/PackageManager( 1568):   Action: "android.intent.action.SENDTO"
I/PackageManager( 1568):   Category: "android.intent.category.DEFAULT"
I/PackageManager( 1568):   Scheme: "mms"
I/PackageManager( 1568):   Action: "android.intent.action.SENDTO"
I/PackageManager( 1568):   Category: "android.intent.category.DEFAULT"
I/PackageManager( 1568):   Scheme: "mmsto"
I/PackageManager( 1568): Adding preferred activity ComponentInfo{com.android.mms/com.android.mms.ui.ComposeMessageActivity} for user 0 :
I/PackageManager( 1568): Adding preferred activity ComponentInfo{com.android.mms/com.android.mms.ui.ComposeMessageActivity} for user 0 :
I/Icing   ( 2079): IndexChimeraService.getServiceInterface callingPackage=com.google.android.googlequicksearchbox componentName=null serviceId=21
W/Icing   ( 2079): No valid account for uploading user actions
I/Icing   ( 2079): Usage reports ok 0, Failed Usage reports 0, indexed 0, rejected 0
I/Icing   ( 2079): Indexing com.google.android.gms-apps from com.google.android.gms
I/Icing   ( 2079): Indexing done com.google.android.gms-apps
I/Icing   ( 2079): Indexing com.google.android.gms-internal.3p:MobileApplication from com.google.android.gms
I/Icing   ( 2079): Indexing com.google.android.googlequicksearchbox-applications from com.google.android.googlequicksearchbox
D/dalvikvm( 2079): GC_FOR_ALLOC freed 2075K, 13% free 21382K/24496K, paused 20ms, total 20ms
I/Icing   ( 2079): Indexing done com.google.android.gms-internal.3p:MobileApplication
I/Icing   ( 2079): Indexing done com.google.android.googlequicksearchbox-applications
I/ActivityManager( 1568): Resuming delayed broadcast
D/AndroidRuntime(13086): 
D/AndroidRuntime(13086): >>>>>> AndroidRuntime START com.android.internal.os.RuntimeInit <<<<<<
W/linker  (13086): libdvm.so has text relocations. This is wasting memory and is a security risk. Please fix.
D/AndroidRuntime(13086): CheckJNI is ON
D/dalvikvm(13086): Trying to load lib libjavacore.so 0x0
D/dalvikvm(13086): Added shared lib libjavacore.so 0x0
D/dalvikvm(13086): Trying to load lib libnativehelper.so 0x0
D/dalvikvm(13086): Added shared lib libnativehelper.so 0x0
D/dalvikvm(13086): No JNI_OnLoad found in libnativehelper.so 0x0, skipping init
D/dalvikvm(13086): Note: class Landroid/app/ActivityManagerNative; has 179 unimplemented (abstract) methods
E/memtrack(13086): Couldn't load memtrack module (No such file or directory)
E/android.os.Debug(13086): failed to load memtrack module: -2
D/AndroidRuntime(13086): Calling main entry com.android.commands.pm.Pm
W/ActivityManager( 1568): No content provider found for permission revoke: file:///sdcard/ripper.apk
W/ActivityManager( 1568): No content provider found for permission revoke: file:///sdcard/ripper.apk
I/PackageManager( 1568): Copying native libraries to /data/app-lib/vmdl792882406
I/PackageParser( 1568): it.unina.android.ripper: compat added android.permission.WRITE_EXTERNAL_STORAGE android.permission.READ_PHONE_STATE
I/PackageManager( 1568): Running dexopt on: it.unina.android.ripper
W/linker  (13097): libdvm.so has text relocations. This is wasting memory and is a security risk. Please fix.
D/dalvikvm(13097): DexOpt: load 2ms, verify+opt 17ms, 936700 bytes
I/ActivityManager( 1568): Force stopping it.unina.android.ripper appid=10105 user=-1: update pkg
I/InputReader( 1568): Reconfiguring input devices.  changes=0x00000010
W/Launcher.Model( 2207): Nobody to tell about the new app.  Launcher is probably loading.
D/Documents( 3841): Used cached roots for com.android.providers.downloads.documents
D/Documents( 3841): Used cached roots for com.android.externalstorage.documents
D/Documents( 3841): Used cached roots for com.android.providers.media.documents
D/Documents( 3841): Update found 6 roots in 1ms
I/PackageManager( 1568):   Action: "android.intent.action.SENDTO"
I/PackageManager( 1568):   Category: "android.intent.category.DEFAULT"
I/PackageManager( 1568):   Scheme: "sms"
I/PackageManager( 1568): Adding preferred activity ComponentInfo{com.android.mms/com.android.mms.ui.ComposeMessageActivity} for user 0 :
I/PackageManager( 1568):   Action: "android.intent.action.SENDTO"
I/PackageManager( 1568):   Category: "android.intent.category.DEFAULT"
I/PackageManager( 1568):   Scheme: "smsto"
D/dalvikvm( 1797): GC_FOR_ALLOC freed 453K, 18% free 3634K/4396K, paused 1ms, total 1ms
I/PackageManager( 1568): Adding preferred activity ComponentInfo{com.android.mms/com.android.mms.ui.ComposeMessageActivity} for user 0 :
W/GCM     ( 1777): Unexpected forwarded intent: Intent { act=android.intent.action.PACKAGE_ADDED dat=package:it.unina.android.ripper flg=0x4000010 cmp=com.google.android.gms/.chimera.PersistentIntentOperationService (has extras) }
W/GCM     ( 1777): Unexpected forwarded intent: Intent { act=android.intent.action.PACKAGE_ADDED dat=package:it.unina.android.ripper flg=0x4000010 cmp=com.google.android.gms/.chimera.PersistentIntentOperationService (has extras) }
D/dalvikvm( 1568): GC_EXPLICIT freed 1700K, 42% free 9989K/17140K, paused 0ms+7ms, total 29ms
D/BackupManagerService( 1568): Received broadcast Intent { act=android.intent.action.PACKAGE_ADDED dat=package:it.unina.android.ripper flg=0x4000010 (has extras) }
V/BackupManagerService( 1568): addPackageParticipantsLocked: #1
I/PackageManager( 1568):   Action: "android.intent.action.SENDTO"
I/PackageManager( 1568):   Category: "android.intent.category.DEFAULT"
I/PackageManager( 1568):   Scheme: "mms"
D/AndroidRuntime(13086): Shutting down VM
D/dalvikvm(13086): GC_CONCURRENT freed 93K, 15% free 552K/648K, paused 0ms+0ms, total 1ms
I/PackageManager( 1568):   Action: "android.intent.action.SENDTO"
I/PackageManager( 1568):   Category: "android.intent.category.DEFAULT"
I/PackageManager( 1568):   Scheme: "mmsto"
I/PackageManager( 1568): Adding preferred activity ComponentInfo{com.android.mms/com.android.mms.ui.ComposeMessageActivity} for user 0 :
I/PackageManager( 1568): Adding preferred activity ComponentInfo{com.android.mms/com.android.mms.ui.ComposeMessageActivity} for user 0 :
I/Auth    ( 2079): [SupervisedAccountIntentOperation] onHandleIntent(): android.intent.action.PACKAGE_ADDED
I/ChromeSync( 2079): [Sync,SyncIntentOperation] Handling the intent: Intent { act=android.intent.action.PACKAGE_ADDED dat=package:it.unina.android.ripper flg=0x4000010 cmp=com.google.android.gms/.chimera.GmsIntentOperationService (has extras) }.
I/FontLog ( 2079): Package it.unina.android.ripper has no metadata [CONTEXT service_id=132 ]
I/ActivityManager( 1568): Delay finish: com.google.android.googlequicksearchbox/com.google.android.searchcommon.summons.icing.InternalIcingCorporaProvider$CorporaChangedReceiver
W/ActivityManager( 1568): Unable to start service Intent { act=com.google.android.gms.auth.key.retrieval.service.START pkg=com.google.android.gms } U=0: not found
W/ActivityManager( 1568): Unbind failed: could not find connection for android.os.BinderProxy@9d44b580
E/GmsClient( 2079): unable to connect to service: com.google.android.gms.auth.key.retrieval.service.START on com.google.android.gms
I/Icing.InternalIcingCorporaProvider( 2178): Updating corpora: A: it.unina.android.ripper, C: MAYBE
I/PackageManager( 1568):   Action: "android.intent.action.SENDTO"
I/PackageManager( 1568):   Category: "android.intent.category.DEFAULT"
I/PackageManager( 1568):   Scheme: "sms"
I/PackageManager( 1568): Adding preferred activity ComponentInfo{com.android.mms/com.android.mms.ui.ComposeMessageActivity} for user 0 :
I/ChromeSync( 2079): [Persistence,AffiliationManager] One of affiliation or grouping data for android://KSmUCdTXmQS-j9D_O8l1jvyu41Pjn2mc5cb0Gvx1e9H1Aj4JCzHs_uTW26nbtH65K-YfijtBsQxGp-8R6k6HFg==@it.unina.android.ripper/ was not found. Marking affiliation data as stale...
I/PackageManager( 1568):   Action: "android.intent.action.SENDTO"
I/PackageManager( 1568):   Category: "android.intent.category.DEFAULT"
I/PackageManager( 1568):   Scheme: "smsto"
I/PackageManager( 1568): Adding preferred activity ComponentInfo{com.android.mms/com.android.mms.ui.ComposeMessageActivity} for user 0 :
D/dalvikvm( 1797): GC_FOR_ALLOC freed 412K, 17% free 3667K/4396K, paused 3ms, total 3ms
I/PackageManager( 1568):   Action: "android.intent.action.SENDTO"
I/PackageManager( 1568):   Category: "android.intent.category.DEFAULT"
I/PackageManager( 1568):   Scheme: "mms"
I/Icing   ( 2079): IndexChimeraService.getServiceInterface callingPackage=com.google.android.googlequicksearchbox componentName=null serviceId=21
I/PackageManager( 1568): Adding preferred activity ComponentInfo{com.android.mms/com.android.mms.ui.ComposeMessageActivity} for user 0 :
I/PackageManager( 1568):   Action: "android.intent.action.SENDTO"
I/PackageManager( 1568):   Category: "android.intent.category.DEFAULT"
I/PackageManager( 1568):   Scheme: "mmsto"
D/dalvikvm( 1934): GC_FOR_ALLOC freed 1883K, 52% free 13265K/27412K, paused 6ms, total 6ms
I/PackageManager( 1568): Adding preferred activity ComponentInfo{com.android.mms/com.android.mms.ui.ComposeMessageActivity} for user 0 :
W/Icing.InternalIcingCorporaProvider( 2178): Application table change notification failed.
W/Icing   ( 2079): No valid account for uploading user actions
I/Icing   ( 2079): Usage reports ok 0, Failed Usage reports 0, indexed 0, rejected 0
I/Icing   ( 2079): Indexing com.google.android.gms-apps from com.google.android.gms
I/Icing   ( 2079): Indexing done com.google.android.gms-apps
I/ActivityManager( 1568): Resuming delayed broadcast
D/AndroidRuntime(13103): 
D/AndroidRuntime(13103): >>>>>> AndroidRuntime START com.android.internal.os.RuntimeInit <<<<<<
W/linker  (13103): libdvm.so has text relocations. This is wasting memory and is a security risk. Please fix.
D/AndroidRuntime(13103): CheckJNI is ON
D/dalvikvm(13103): Trying to load lib libjavacore.so 0x0
D/dalvikvm(13103): Added shared lib libjavacore.so 0x0
D/dalvikvm(13103): Trying to load lib libnativehelper.so 0x0
D/dalvikvm(13103): Added shared lib libnativehelper.so 0x0
D/dalvikvm(13103): No JNI_OnLoad found in libnativehelper.so 0x0, skipping init
D/dalvikvm(13103): Note: class Landroid/app/ActivityManagerNative; has 179 unimplemented (abstract) methods
E/memtrack(13103): Couldn't load memtrack module (No such file or directory)
E/android.os.Debug(13103): failed to load memtrack module: -2
D/AndroidRuntime(13103): Calling main entry com.android.commands.am.Am
I/ActivityManager( 1568): Force stopping com.serwylo.retrowars appid=10104 user=0: start instr
I/ActivityManager( 1568): Start proc com.serwylo.retrowars for added application com.serwylo.retrowars: pid=13114 uid=10104 gids={50104, 3003}
D/dalvikvm(13114): Trying to load lib /data/app-lib/com.serwylo.retrowars-1/libgdx.so 0x9d003b60
D/dalvikvm(13114): Added shared lib /data/app-lib/com.serwylo.retrowars-1/libgdx.so 0x9d003b60
D/dalvikvm(13114): No JNI_OnLoad found in /data/app-lib/com.serwylo.retrowars-1/libgdx.so 0x9d003b60, skipping init
I/TestRunner(13114): started: testApplication(it.unina.android.ripper.RipperTestCase)
V/AndroidRipperService(12795): register()
I/ActivityManager( 1568): START u0 {act=android.intent.action.MAIN flg=0x10000000 cmp=com.serwylo.retrowars/.AndroidLauncher} from pid 13114
D/dalvikvm( 1568): GC_FOR_ALLOC freed 1428K, 43% free 9922K/17140K, paused 13ms, total 13ms
D/gralloc_ranchu( 1144): gralloc_alloc: Creating ashmem region of size 8294400
D/EGL_emulation( 1654): eglMakeCurrent: 0xb907a020: ver 3 0
D/PhoneStatusBar( 1654): mSettingsPanelGravity = 55
I/ActivityManager( 1568): Config changes=480 {1.0 310mcc260mnc en_US ldltr sw411dp w689dp h386dp 420dpi nrml land finger qwerty/v/v dpad/v s.50}
D/EGL_emulation( 1654): eglMakeCurrent: 0xb907a020: ver 3 0
I/InputReader( 1568): Reconfiguring input devices.  changes=0x00000004
I/InputReader( 1568): Device reconfigured: id=0, name='qwerty2', size 1080x1920, orientation 1, mode 1, display id 0
D/EGL_emulation( 1654): eglMakeCurrent: 0xb907a020: ver 3 0
I/dalvikvm(13114): Could not find method android.view.View.getRootWindowInsets, referenced from method com.badlogic.gdx.backends.android.AndroidGraphics.updateSafeAreaInsets
W/dalvikvm(13114): VFY: unable to resolve virtual method 517: Landroid/view/View;.getRootWindowInsets ()Landroid/view/WindowInsets;
D/dalvikvm(13114): VFY: replacing opcode 0x6e at 0x0019
D/        (13114): HostConnection::get() New Host Connection established 0xb9031c90, tid 13114
D/gralloc_ranchu( 1144): gralloc_alloc: Creating ashmem region of size 7819264
D/EGL_emulation( 1654): eglMakeCurrent: 0xb907a020: ver 3 0
E/EGL_emulation( 1654): tid 1654: eglSurfaceAttrib(1199): error 0x3009 (EGL_BAD_MATCH)
W/HardwareRenderer( 1654): Backbuffer cannot be preserved
D/gralloc_ranchu( 1144): gralloc_alloc: Creating ashmem region of size 8294400
I/dalvikvm(13114): Could not find method android.os.VibrationEffect.createOneShot, referenced from method com.badlogic.gdx.backends.android.DefaultAndroidInput.vibrate
W/dalvikvm(13114): VFY: unable to resolve static method 427: Landroid/os/VibrationEffect;.createOneShot (JI)Landroid/os/VibrationEffect;
D/dalvikvm(13114): VFY: replacing opcode 0x71 at 0x000a
I/dalvikvm(13114): Could not find method android.os.VibrationEffect.createWaveform, referenced from method com.badlogic.gdx.backends.android.DefaultAndroidInput.vibrate
W/dalvikvm(13114): VFY: unable to resolve static method 428: Landroid/os/VibrationEffect;.createWaveform ([JI)Landroid/os/VibrationEffect;
D/dalvikvm(13114): VFY: replacing opcode 0x71 at 0x0008
E/dalvikvm(13114): Could not find class 'android.media.AudioAttributes$Builder', referenced from method com.badlogic.gdx.backends.android.DefaultAndroidAudio.<init>
W/dalvikvm(13114): VFY: unable to resolve new-instance 35 (Landroid/media/AudioAttributes$Builder;) in Lcom/badlogic/gdx/backends/android/DefaultAndroidAudio;
D/dalvikvm(13114): VFY: replacing opcode 0x22 at 0x0015
D/dalvikvm(13114): DexOpt: unable to opt direct call 0x0055 at 0x17 in Lcom/badlogic/gdx/backends/android/DefaultAndroidAudio;.<init>
D/dalvikvm(13114): DexOpt: unable to opt direct call 0x0078 at 0x2b in Lcom/badlogic/gdx/backends/android/DefaultAndroidAudio;.<init>
I/AndroidInput(13114): sensor listener setup
D/dalvikvm( 1654): GC_FOR_ALLOC freed 18296K, 66% free 9331K/26728K, paused 4ms, total 4ms
I/dalvikvm-heap( 1654): Grow heap (frag case) to 12.228MB for 3072012-byte allocation
D/dalvikvm( 1654): GC_FOR_ALLOC freed 9K, 54% free 12322K/26728K, paused 4ms, total 4ms
D/dalvikvm( 1654): GC_FOR_ALLOC freed <1K, 54% free 12322K/26728K, paused 2ms, total 2ms
I/dalvikvm-heap( 1654): Grow heap (frag case) to 27.073MB for 15575052-byte allocation
D/dalvikvm( 1654): GC_FOR_ALLOC freed 0K, 35% free 27532K/41940K, paused 4ms, total 4ms
D/EGL_emulation(13114): eglCreateContext: 0xb9055920: maj 3 min 0 rcv 3
D/EGL_emulation(13114): eglMakeCurrent: 0xb9055920: ver 3 0
E/eglCodecCommon(13114): glUtilsParamSize: unknow param 0x00008cdf
E/eglCodecCommon(13114): glUtilsParamSize: unknow param 0x00008824
E/EGL_emulation(13114): tid 13114: eglSurfaceAttrib(1199): error 0x3009 (EGL_BAD_MATCH)
W/HardwareRenderer(13114): Backbuffer cannot be preserved
D/OpenGLRenderer(13114): Enabling debug mode 0
D/gralloc_ranchu( 1144): gralloc_alloc: Creating ashmem region of size 8294400
D/        (13114): HostConnection::get() New Host Connection established 0xb905e040, tid 13128
W/GL2JNIView(13114): creating OpenGL ES 2.0 context
D/EGL_emulation(13114): eglCreateContext: 0xb9054ba0: maj 3 min 0 rcv 3
W/GL2JNIView(13114): Returning a GLES 2 context
D/EGL_emulation(13114): eglMakeCurrent: 0xb9054ba0: ver 3 0
E/eglCodecCommon(13114): glUtilsParamSize: unknow param 0x00008cdf
E/eglCodecCommon(13114): glUtilsParamSize: unknow param 0x00008824
D/dalvikvm(13114): GC_CONCURRENT freed 240K, 13% free 3139K/3572K, paused 2ms+0ms, total 4ms
I/AndroidGraphics(13114): OGL renderer: Android Emulator OpenGL ES Translator (Intel(R) Iris(TM) Plus Graphics 640)
I/AndroidGraphics(13114): OGL vendor: Google (Intel Inc.)
I/AndroidGraphics(13114): OGL version: OpenGL ES 3.0 (4.1 INTEL-16.5.2)
I/AndroidGraphics(13114): OGL extensions: GL_EXT_debug_marker GL_OES_EGL_sync GL_OES_EGL_image GL_OES_EGL_image_external GL_OES_depth24 GL_OES_depth32 GL_OES_element_index_uint GL_OES_texture_float GL_OES_texture_float_linear GL_OES_compressed_paletted_texture GL_OES_compressed_ETC1_RGB8_texture GL_OES_depth_texture GL_OES_texture_npot GL_OES_rgb8_rgba8 GL_EXT_color_buffer_float GL_EXT_color_buffer_half_float GL_EXT_texture_format_BGRA8888 GL_APPLE_texture_format_BGRA8888 ANDROID_EMU_CHECKSUM_HELPER_v1 ANDROID_EMU_async_unmap_buffer ANDROID_EMU_sync_buffer_data GL_OES_EGL_image_external_essl3 GL_OES_vertex_array_object GL_KHR_texture_compression_astc_ldr ANDROID_EMU_host_side_tracing ANDROID_EMU_async_frame_commands ANDROID_EMU_gles_max_version_3_0 
I/AndroidGraphics(13114): framebuffer: (8, 8, 8, 0)
I/AndroidGraphics(13114): depthbuffer: (24)
I/AndroidGraphics(13114): stencilbuffer: (8)
I/AndroidGraphics(13114): samples: (0)
I/AndroidGraphics(13114): coverage sampling: (false)
I/AndroidGraphics(13114): Managed meshes/app: { }
I/AndroidGraphics(13114): Managed textures/app: { }
I/AndroidGraphics(13114): Managed cubemap/app: { }
I/AndroidGraphics(13114): Managed shaders/app: { }
I/AndroidGraphics(13114): Managed buffers/app: { }
W/IInputConnectionWrapper( 1934): showStatusIcon on inactive InputConnection
I/ActivityManager( 1568): Displayed com.serwylo.retrowars/.AndroidLauncher: +292ms
I/WindowManager( 1568): Screen frozen for +293ms due to Window{9d0b31d8 u0 com.serwylo.retrowars/com.serwylo.retrowars.AndroidLauncher}
D/UiAssets(13114): Loading assets...
D/EGL_emulation( 1934): eglMakeCurrent: 0xb90d9630: ver 3 0
E/dalvikvm(13114): Could not find class 'android.support.v4.app.FragmentActivity', referenced from method a.a.a.ag.c
W/dalvikvm(13114): VFY: unable to resolve check-cast 122 (Landroid/support/v4/app/FragmentActivity;) in La/a/a/ag;
D/dalvikvm(13114): VFY: replacing opcode 0x1f at 0x0008
I/dalvikvm(13114): Could not find method android.support.v4.app.FragmentActivity.getSupportFragmentManager, referenced from method a.a.a.ag.c
W/dalvikvm(13114): VFY: unable to resolve virtual method 750: Landroid/support/v4/app/FragmentActivity;.getSupportFragmentManager ()Landroid/support/v4/app/FragmentManager;
D/dalvikvm(13114): VFY: replacing opcode 0x6e at 0x000e
I/dalvikvm(13114): Could not find method android.support.v4.app.FragmentActivity.getSupportFragmentManager, referenced from method a.a.a.ag.c
W/dalvikvm(13114): VFY: unable to resolve virtual method 750: Landroid/support/v4/app/FragmentActivity;.getSupportFragmentManager ()Landroid/support/v4/app/FragmentManager;
D/dalvikvm(13114): VFY: replacing opcode 0x6e at 0x001a
W/dalvikvm(13114): VFY: unable to find class referenced in signature (Landroid/support/v4/app/Fragment;)
D/EGL_emulation( 1654): eglMakeCurrent: 0xb907a020: ver 3 0
W/dalvikvm(13114): VFY: unable to find class referenced in signature (Landroid/support/v4/app/Fragment;)
D/EGL_emulation( 1654): eglMakeCurrent: 0xb907a020: ver 3 0
E/EGL_emulation( 1654): tid 1654: eglSurfaceAttrib(1199): error 0x3009 (EGL_BAD_MATCH)
W/HardwareRenderer( 1654): Backbuffer cannot be preserved
D/dalvikvm(13114): GC_CONCURRENT freed 205K, 11% free 3321K/3720K, paused 3ms+1ms, total 6ms
D/dalvikvm(13114): GC_CONCURRENT freed 312K, 13% free 3431K/3936K, paused 2ms+2ms, total 7ms
D/dalvikvm(13114): GC_CONCURRENT freed 370K, 14% free 3479K/4044K, paused 1ms+1ms, total 3ms
D/dalvikvm(13114): GC_CONCURRENT freed 384K, 15% free 3504K/4088K, paused 1ms+3ms, total 6ms
D/dalvikvm(13114): GC_CONCURRENT freed 369K, 14% free 3556K/4120K, paused 3ms+2ms, total 8ms
D/dalvikvm(13114): GC_CONCURRENT freed 371K, 16% free 3585K/4220K, paused 2ms+0ms, total 5ms
I/b       (13114): Compiling "screenspace.vert/film-grain.frag"...
D/dalvikvm(13114): GC_CONCURRENT freed 231K, 10% free 3803K/4220K, paused 0ms+1ms, total 5ms
I/b       (13114): Compiling "screenspace.vert/convolve-1d.frag" w/ (#define LENGTH 5)...
I/b       (13114): Compiling "screenspace.vert/convolve-1d.frag" w/ (#define LENGTH 5)...
I/b       (13114): Compiling "screenspace.vert/radial-distortion.frag"...
D/UiAssets(13114): Finished loading assets (353ms)
D/dalvikvm(13114): GC_CONCURRENT freed 279K, 11% free 3940K/4412K, paused 3ms+0ms, total 7ms
D/gralloc_ranchu( 1144): gralloc_alloc: Creating ashmem region of size 8294400
I/InputReader( 1568): Reconfiguring input devices.  changes=0x00000004
I/InputReader( 1568): Device reconfigured: id=0, name='qwerty2', size 1080x1920, orientation 0, mode 1, display id 0
I/ActivityManager( 1568): Config changes=480 {1.0 310mcc260mnc en_US ldltr sw411dp w411dp h658dp 420dpi nrml port finger qwerty/v/v dpad/v s.51}
D/EGL_emulation( 1654): eglMakeCurrent: 0xb907a020: ver 3 0
E/EGL_emulation( 1654): tid 1654: eglSurfaceAttrib(1199): error 0x3009 (EGL_BAD_MATCH)
W/HardwareRenderer( 1654): Backbuffer cannot be preserved
D/EGL_emulation( 1654): eglMakeCurrent: 0xb907a020: ver 3 0
E/EGL_emulation( 1654): tid 1654: eglSurfaceAttrib(1199): error 0x3009 (EGL_BAD_MATCH)
W/HardwareRenderer( 1654): Backbuffer cannot be preserved
D/PhoneStatusBar( 1654): mSettingsPanelGravity = 55
D/EGL_emulation( 1654): eglMakeCurrent: 0xb907a020: ver 3 0
D/gralloc_ranchu( 1144): gralloc_alloc: Creating ashmem region of size 8294400
D/EGL_emulation( 1654): eglMakeCurrent: 0xb907a020: ver 3 0
D/EGL_emulation(13114): eglMakeCurrent: 0xb9055920: ver 3 0
E/EGL_emulation(13114): tid 13114: eglSurfaceAttrib(1199): error 0x3009 (EGL_BAD_MATCH)
W/HardwareRenderer(13114): Backbuffer cannot be preserved
D/EGL_emulation( 1654): eglMakeCurrent: 0xb907a020: ver 3 0
E/EGL_emulation( 1654): tid 1654: eglSurfaceAttrib(1199): error 0x3009 (EGL_BAD_MATCH)
W/HardwareRenderer( 1654): Backbuffer cannot be preserved
D/EGL_emulation(13114): eglMakeCurrent: 0xb9054ba0: ver 3 0
D/EGL_emulation( 1654): eglMakeCurrent: 0xb907a020: ver 3 0
D/EGL_emulation( 1654): eglMakeCurrent: 0xb907a020: ver 3 0
E/EGL_emulation( 1654): tid 1654: eglSurfaceAttrib(1199): error 0x3009 (EGL_BAD_MATCH)
W/HardwareRenderer( 1654): Backbuffer cannot be preserved
I/WindowManager( 1568): Screen frozen for +200ms due to Window{9d0b31d8 u0 com.serwylo.retrowars/com.serwylo.retrowars.AndroidLauncher}
I/AndroidRipper(13114): [RipperTestCase] Ready to operate after restarting...
D/dalvikvm( 1568): GC_EXPLICIT freed 1425K, 46% free 9267K/17140K, paused 1ms+1ms, total 13ms
D/dalvikvm(12795): GC_CONCURRENT freed 411K, 17% free 3119K/3720K, paused 1ms+0ms, total 6ms
V/RipperService(12795): PING
V/AndroidRipperService(12795): mHandler.handleMessage() RECIVED
V/AndroidRipperService(12795): broadcast()
I/AndroidRipper(13114): Recived message: PING
V/AndroidRipperService(12795): send()
V/AndroidRipperService(12795): broadcast() done
V/        (12795): ready
V/RipperService(12795): PING
V/AndroidRipperService(12795): mHandler.handleMessage() RECIVED
V/AndroidRipperService(12795): broadcast()
I/AndroidRipper(13114): Recived message: PING
V/AndroidRipperService(12795): send()
V/AndroidRipperService(12795): broadcast() done
V/        (12795): ready
V/RipperService(12795): DSC
V/AndroidRipperService(12795): mHandler.handleMessage() RECIVED
V/AndroidRipperService(12795): broadcast()
I/AndroidRipper(13114): Recived message: DSC
V/AndroidRipperService(12795): broadcast() done
V/        (12795): ready
I/AndroidRipper(13114): [b] Found widget: id=-1 (android.widget.LinearLayout{9d046c50 V.E..... ........ 0,0-1080,1920})
I/AndroidRipper(13114): [b] Found widget: id=16909070 (android.view.ViewStub{9d04b110 G.E..... ......I. 0,0-0,0 #102030e})
I/AndroidRipper(13114): [b] Found widget: id=16908290 (android.widget.FrameLayout{9d04b5a0 V.E..... ........ 0,0-1080,1920 #1020002 android:id/content})
I/AndroidRipper(13114): [b] Found widget: id=-1 (com.badlogic.gdx.backends.android.surfaceview.GLSurfaceView20{9d02d960 VFE..... .F...... 0,0-1080,1920})
I/AndroidRipper(13114): [b] Found widget: id=-1 (com.android.internal.policy.impl.PhoneWindow$DecorView{9d045f98 V.E..... R....... 0,0-1080,1920})
D/dalvikvm(13114): GC_CONCURRENT freed 257K, 10% free 4089K/4532K, paused 1ms+2ms, total 8ms
V/AndroidRipperService(12795): send()
V/RipperService(12795): EVT
V/AndroidRipperService(12795): mHandler.handleMessage() RECIVED
V/AndroidRipperService(12795): broadcast()
I/AndroidRipper(13114): Recived message: EVT
V/RipperTestCase(13114): START_EVENT[1|1629032698542]
V/AndroidRipperService(12795): broadcast() done
V/        (12795): ready
D/gralloc_ranchu( 1144): gralloc_alloc: Creating ashmem region of size 1323008
D/dalvikvm( 1568): GC_FOR_ALLOC freed 1424K, 47% free 9216K/17140K, paused 16ms, total 16ms
I/AndroidGraphics(13114): paused
I/AndroidInput(13114): sensor listener tear down
I/AndroidGraphics(13114): Managed meshes/app: { }
I/AndroidGraphics(13114): Managed textures/app: { }
I/AndroidGraphics(13114): Managed cubemap/app: { }
I/AndroidGraphics(13114): Managed shaders/app: { }
I/AndroidGraphics(13114): Managed buffers/app: { }
I/AndroidGraphics(13114): destroyed
I/dalvikvm( 1568): JIT code cache full after ChainingCell (trace uses 112B)
D/EGL_emulation( 1934): eglMakeCurrent: 0xb90d9630: ver 3 0
E/EGL_emulation( 1934): tid 1934: eglSurfaceAttrib(1199): error 0x3009 (EGL_BAD_MATCH)
W/HardwareRenderer( 1934): Backbuffer cannot be preserved
D/dalvikvm( 1568): JIT code cache reset in 0 ms (523172 bytes 4/1)
D/dalvikvm( 1568): GC_FOR_ALLOC freed 921K, 43% free 9856K/17140K, paused 10ms, total 10ms
W/IInputConnectionWrapper(13114): showStatusIcon on inactive InputConnection
D/dalvikvm( 1654): GC_FOR_ALLOC freed 18946K, 68% free 8760K/26728K, paused 3ms, total 3ms
I/dalvikvm-heap( 1654): Grow heap (frag case) to 11.670MB for 3072012-byte allocation
D/dalvikvm( 1654): GC_FOR_ALLOC freed 57K, 57% free 11703K/26728K, paused 2ms, total 2ms
D/dalvikvm( 1654): GC_FOR_ALLOC freed 1K, 57% free 11702K/26728K, paused 2ms, total 2ms
I/dalvikvm-heap( 1654): Grow heap (frag case) to 26.467MB for 15575052-byte allocation
D/dalvikvm( 1654): GC_FOR_ALLOC freed 0K, 36% free 26912K/41940K, paused 2ms, total 2ms
D/EGL_emulation(13114): eglMakeCurrent: 0xb9055920: ver 3 0
D/dalvikvm(12795): GC_CONCURRENT freed 468K, 18% free 3088K/3748K, paused 0ms+0ms, total 2ms
V/RipperService(12795): END
V/AndroidRipperService(12795): mHandler.handleMessage() RECIVED
V/AndroidRipperService(12795): broadcast()
V/AndroidRipperService(12795): broadcast() done
V/        (12795): ready
D/AndroidRuntime(13172): 
D/AndroidRuntime(13172): >>>>>> AndroidRuntime START com.android.internal.os.RuntimeInit <<<<<<
W/linker  (13172): libdvm.so has text relocations. This is wasting memory and is a security risk. Please fix.
D/AndroidRuntime(13172): CheckJNI is ON
D/dalvikvm(13172): Trying to load lib libjavacore.so 0x0
D/dalvikvm(13172): Added shared lib libjavacore.so 0x0
D/dalvikvm(13172): Trying to load lib libnativehelper.so 0x0
D/dalvikvm(13172): Added shared lib libnativehelper.so 0x0
D/dalvikvm(13172): No JNI_OnLoad found in libnativehelper.so 0x0, skipping init
D/dalvikvm(13172): Note: class Landroid/app/ActivityManagerNative; has 179 unimplemented (abstract) methods
E/memtrack(13172): Couldn't load memtrack module (No such file or directory)
E/android.os.Debug(13172): failed to load memtrack module: -2
D/AndroidRuntime(13172): Calling main entry com.android.commands.pm.Pm
D/AndroidRuntime(13172): Shutting down VM
D/dalvikvm(13172): GC_CONCURRENT freed 93K, 15% free 557K/652K, paused 0ms+0ms, total 1ms
D/AndroidRuntime(13183): 
D/AndroidRuntime(13183): >>>>>> AndroidRuntime START com.android.internal.os.RuntimeInit <<<<<<
W/linker  (13183): libdvm.so has text relocations. This is wasting memory and is a security risk. Please fix.
D/AndroidRuntime(13183): CheckJNI is ON
D/dalvikvm(13183): Trying to load lib libjavacore.so 0x0
D/dalvikvm(13183): Added shared lib libjavacore.so 0x0
D/dalvikvm(13183): Trying to load lib libnativehelper.so 0x0
D/dalvikvm(13183): Added shared lib libnativehelper.so 0x0
D/dalvikvm(13183): No JNI_OnLoad found in libnativehelper.so 0x0, skipping init
D/dalvikvm(13183): Note: class Landroid/app/ActivityManagerNative; has 179 unimplemented (abstract) methods
E/memtrack(13183): Couldn't load memtrack module (No such file or directory)
E/android.os.Debug(13183): failed to load memtrack module: -2
D/AndroidRuntime(13183): Calling main entry com.android.commands.pm.Pm
D/AndroidRuntime(13103): Shutting down VM
I/ActivityManager( 1568): Force stopping com.serwylo.retrowars appid=10104 user=0: clear data
I/ActivityManager( 1568): Killing 13114:com.serwylo.retrowars/u0a104 (adj 0): stop com.serwylo.retrowars
W/ActivityManager( 1568): Crash of app com.serwylo.retrowars running instrumentation ComponentInfo{it.unina.android.ripper/android.test.InstrumentationTestRunner}
D/dalvikvm(13103): GC_CONCURRENT freed 96K, 15% free 557K/656K, paused 0ms+0ms, total 0ms
I/ActivityManager( 1568): Force stopping com.serwylo.retrowars appid=10104 user=0: finished inst
I/GeofencerStateMachine( 1777): removeGeofences: removeRequest=RemoveGeofencingRequest[REMOVE_ALL packageName=com.serwylo.retrowars]
D/Documents( 3841): Used cached roots for com.android.providers.downloads.documents
D/Documents( 3841): Used cached roots for com.android.externalstorage.documents
D/Documents( 3841): Used cached roots for com.android.providers.media.documents
D/Documents( 3841): Update found 6 roots in 1ms
D/keystore( 1149): calling clear_uid in state: 3
D/AndroidRuntime(13183): Shutting down VM
I/Fitness ( 1777): FitCleanupIntentOperation received Intent android.intent.action.PACKAGE_DATA_CLEARED [CONTEXT service_id=17 ]
D/dalvikvm(13183): GC_CONCURRENT freed 92K, 15% free 549K/644K, paused 0ms+0ms, total 0ms
I/Icing   ( 2079): doRemovePackageData com.serwylo.retrowars
D/AndroidRuntime(13209): 
D/AndroidRuntime(13209): >>>>>> AndroidRuntime START com.android.internal.os.RuntimeInit <<<<<<
W/linker  (13209): libdvm.so has text relocations. This is wasting memory and is a security risk. Please fix.
D/AndroidRuntime(13209): CheckJNI is ON
D/dalvikvm(13209): Trying to load lib libjavacore.so 0x0
D/dalvikvm(13209): Added shared lib libjavacore.so 0x0
D/dalvikvm(13209): Trying to load lib libnativehelper.so 0x0
D/dalvikvm(13209): Added shared lib libnativehelper.so 0x0
D/dalvikvm(13209): No JNI_OnLoad found in libnativehelper.so 0x0, skipping init
D/dalvikvm(13209): Note: class Landroid/app/ActivityManagerNative; has 179 unimplemented (abstract) methods
E/memtrack(13209): Couldn't load memtrack module (No such file or directory)
E/android.os.Debug(13209): failed to load memtrack module: -2
D/AndroidRuntime(13209): Calling main entry com.android.commands.pm.Pm
I/ActivityManager( 1568): Force stopping com.serwylo.retrowars appid=10104 user=-1: uninstall pkg
W/PackageManager( 1568): Couldn't delete native library directory /data/app-lib/com.serwylo.retrowars
D/keystore( 1149): calling clear_uid in state: 3
I/ActivityManager( 1568): Force stopping com.serwylo.retrowars appid=10104 user=0: pkg removed
I/InputReader( 1568): Reconfiguring input devices.  changes=0x00000010
I/GeofencerStateMachine( 1777): removeGeofences: removeRequest=RemoveGeofencingRequest[REMOVE_ALL packageName=com.serwylo.retrowars]
W/Launcher.Model( 2207): Nobody to tell about the new app.  Launcher is probably loading.
D/Documents( 3841): Used cached roots for com.android.providers.downloads.documents
D/Documents( 3841): Used cached roots for com.android.externalstorage.documents
D/Documents( 3841): Used cached roots for com.android.providers.media.documents
D/Documents( 3841): Update found 6 roots in 0ms
I/PackageManager( 1568):   Action: "android.intent.action.SENDTO"
I/PackageManager( 1568):   Category: "android.intent.category.DEFAULT"
I/PackageManager( 1568):   Scheme: "sms"
I/PackageManager( 1568): Adding preferred activity ComponentInfo{com.android.mms/com.android.mms.ui.ComposeMessageActivity} for user 0 :
I/PackageManager( 1568):   Action: "android.intent.action.SENDTO"
I/PackageManager( 1568):   Category: "android.intent.category.DEFAULT"
I/PackageManager( 1568):   Scheme: "smsto"
D/VoicemailCleanupService( 1847): Cleaning up data for package: com.serwylo.retrowars
I/PackageManager( 1568): Adding preferred activity ComponentInfo{com.android.mms/com.android.mms.ui.ComposeMessageActivity} for user 0 :
D/dalvikvm( 1797): GC_FOR_ALLOC freed 467K, 18% free 3635K/4396K, paused 1ms, total 1ms
I/PackageManager( 1568):   Action: "android.intent.action.SENDTO"
I/PackageManager( 1568):   Category: "android.intent.category.DEFAULT"
I/PackageManager( 1568):   Scheme: "mms"
D/BackupManagerService( 1568): Received broadcast Intent { act=android.intent.action.PACKAGE_REMOVED dat=package:com.serwylo.retrowars flg=0x4000010 (has extras) }
V/BackupManagerService( 1568): removePackageParticipantsLocked: uid=10104 #1
I/PackageManager( 1568): Adding preferred activity ComponentInfo{com.android.mms/com.android.mms.ui.ComposeMessageActivity} for user 0 :
D/dalvikvm( 1568): GC_EXPLICIT freed 1585K, 42% free 9991K/17140K, paused 1ms+1ms, total 40ms
D/dalvikvm( 1568): WAIT_FOR_CONCURRENT_GC blocked 6ms
D/dalvikvm( 1568): WAIT_FOR_CONCURRENT_GC blocked 7ms
I/PackageManager( 1568):   Action: "android.intent.action.SENDTO"
I/PackageManager( 1568):   Category: "android.intent.category.DEFAULT"
I/PackageManager( 1568):   Scheme: "mmsto"
D/AndroidRuntime(13209): Shutting down VM
D/dalvikvm(13209): GC_CONCURRENT freed 92K, 15% free 549K/644K, paused 0ms+0ms, total 1ms
I/PackageManager( 1568): Adding preferred activity ComponentInfo{com.android.mms/com.android.mms.ui.ComposeMessageActivity} for user 0 :
I/PackageManager( 1568):   Action: "android.intent.action.SENDTO"
I/PackageManager( 1568):   Category: "android.intent.category.DEFAULT"
I/PackageManager( 1568):   Scheme: "sms"
I/PackageManager( 1568): Adding preferred activity ComponentInfo{com.android.mms/com.android.mms.ui.ComposeMessageActivity} for user 0 :
D/dalvikvm( 1858): GC_FOR_ALLOC freed 517K, 17% free 3570K/4288K, paused 4ms, total 4ms
I/PackageManager( 1568):   Action: "android.intent.action.SENDTO"
I/PackageManager( 1568):   Category: "android.intent.category.DEFAULT"
I/PackageManager( 1568):   Scheme: "smsto"
I/PackageManager( 1568): Adding preferred activity ComponentInfo{com.android.mms/com.android.mms.ui.ComposeMessageActivity} for user 0 :
D/dalvikvm( 1797): GC_FOR_ALLOC freed 411K, 17% free 3667K/4396K, paused 2ms, total 2ms
I/Fitness ( 1777): FitCleanupIntentOperation received Intent android.intent.action.PACKAGE_REMOVED [CONTEXT service_id=17 ]
I/ActivityManager( 1568): Delay finish: com.google.android.googlequicksearchbox/com.google.android.searchcommon.summons.icing.InternalIcingCorporaProvider$CorporaChangedReceiver
I/Icing.InternalIcingCorporaProvider( 2178): Updating corpora: A: com.serwylo.retrowars, C: MAYBE
I/PackageManager( 1568):   Action: "android.intent.action.SENDTO"
I/PackageManager( 1568):   Category: "android.intent.category.DEFAULT"
I/PackageManager( 1568):   Scheme: "mms"
I/PackageManager( 1568): Adding preferred activity ComponentInfo{com.android.mms/com.android.mms.ui.ComposeMessageActivity} for user 0 :
I/PackageManager( 1568):   Action: "android.intent.action.SENDTO"
I/PackageManager( 1568):   Category: "android.intent.category.DEFAULT"
I/PackageManager( 1568):   Scheme: "mmsto"
I/PackageManager( 1568): Adding preferred activity ComponentInfo{com.android.mms/com.android.mms.ui.ComposeMessageActivity} for user 0 :
W/MessageQueue( 1858): Handler (android.os.Handler) {9d0d5648} sending message to a Handler on a dead thread
W/MessageQueue( 1858): java.lang.RuntimeException: Handler (android.os.Handler) {9d0d5648} sending message to a Handler on a dead thread
W/MessageQueue( 1858): 	at android.os.MessageQueue.enqueueMessage(MessageQueue.java:320)
W/MessageQueue( 1858): 	at android.os.Handler.enqueueMessage(Handler.java:626)
W/MessageQueue( 1858): 	at android.os.Handler.sendMessageAtTime(Handler.java:595)
W/MessageQueue( 1858): 	at android.os.Handler.sendMessageDelayed(Handler.java:566)
W/MessageQueue( 1858): 	at android.os.Handler.sendMessage(Handler.java:503)
W/MessageQueue( 1858): 	at android.os.Message.sendToTarget(Message.java:360)
W/MessageQueue( 1858): 	at com.android.providers.downloads.DownloadService.enqueueUpdate(DownloadService.java:203)
W/MessageQueue( 1858): 	at com.android.providers.downloads.DownloadService.access$000(DownloadService.java:71)
W/MessageQueue( 1858): 	at com.android.providers.downloads.DownloadService$DownloadManagerContentObserver.onChange(DownloadService.java:130)
W/MessageQueue( 1858): 	at android.database.ContentObserver.onChange(ContentObserver.java:129)
W/MessageQueue( 1858): 	at android.database.ContentObserver$NotificationRunnable.run(ContentObserver.java:180)
W/MessageQueue( 1858): 	at android.os.Handler.handleCallback(Handler.java:733)
