V/AndroidRipperService( 2209): broadcast()
V/AndroidRipperService( 2209): broadcast() done
V/        ( 2209): ready
V/RipperService( 2209): PING
V/AndroidRipperService( 2209): mHandler.handleMessage() RECIVED
V/AndroidRipperService( 2209): broadcast()
V/AndroidRipperService( 2209): broadcast() done
V/        ( 2209): ready
I/Vision  ( 2238): Requesting optional module download of ocr.
I/Vision  ( 2238): Checking for download completion for 120257 -- ocr
D/dalvikvm( 2209): GC_FOR_ALLOC freed 511K, 19% free 3082K/3784K, paused 2ms, total 2ms
V/RipperService( 2209): PING
V/AndroidRipperService( 2209): mHandler.handleMessage() RECIVED
V/AndroidRipperService( 2209): broadcast()
V/AndroidRipperService( 2209): broadcast() done
V/        ( 2209): ready
V/RipperService( 2209): PING
V/AndroidRipperService( 2209): mHandler.handleMessage() RECIVED
V/AndroidRipperService( 2209): broadcast()
V/AndroidRipperService( 2209): broadcast() done
V/        ( 2209): ready
V/RipperService( 2209): PING
V/AndroidRipperService( 2209): mHandler.handleMessage() RECIVED
V/AndroidRipperService( 2209): broadcast()
V/AndroidRipperService( 2209): broadcast() done
V/        ( 2209): ready
V/RipperService( 2209): PING
V/AndroidRipperService( 2209): mHandler.handleMessage() RECIVED
V/AndroidRipperService( 2209): broadcast()
V/AndroidRipperService( 2209): broadcast() done
V/        ( 2209): ready
V/RipperService( 2209): PING
V/AndroidRipperService( 2209): mHandler.handleMessage() RECIVED
V/AndroidRipperService( 2209): broadcast()
V/AndroidRipperService( 2209): broadcast() done
V/        ( 2209): ready
W/ActivityManager( 1572): Unable to start service Intent { act=com.google.android.gms.drive.ApiService.RESET_AFTER_BOOT flg=0x4 cmp=com.google.android.gms/.drive.api.ApiService (has extras) } U=0: not found
I/Vision  ( 2238): Requesting optional module download of ocr.
I/Vision  ( 2238): Exceeded maximum feature download tries for ocr
W/Vision  ( 2238): Request of optional module download of ocr failed.
I/Vision  ( 2238): Checking for download completion for 130268 -- ocr
D/dalvikvm( 1785): GC_FOR_ALLOC freed 1852K, 23% free 10242K/13196K, paused 9ms, total 9ms
D/dalvikvm( 2209): GC_FOR_ALLOC freed 512K, 19% free 3082K/3784K, paused 3ms, total 3ms
V/RipperService( 2209): PING
V/AndroidRipperService( 2209): mHandler.handleMessage() RECIVED
V/AndroidRipperService( 2209): broadcast()
V/AndroidRipperService( 2209): broadcast() done
V/        ( 2209): ready
V/RipperService( 2209): PING
V/AndroidRipperService( 2209): mHandler.handleMessage() RECIVED
V/AndroidRipperService( 2209): broadcast()
V/AndroidRipperService( 2209): broadcast() done
V/        ( 2209): ready
V/RipperService( 2209): PING
V/AndroidRipperService( 2209): mHandler.handleMessage() RECIVED
V/AndroidRipperService( 2209): broadcast()
V/AndroidRipperService( 2209): broadcast() done
V/        ( 2209): ready
V/RipperService( 2209): PING
V/AndroidRipperService( 2209): mHandler.handleMessage() RECIVED
V/AndroidRipperService( 2209): broadcast()
V/AndroidRipperService( 2209): broadcast() done
V/        ( 2209): ready
V/RipperService( 2209): PING
V/AndroidRipperService( 2209): mHandler.handleMessage() RECIVED
V/AndroidRipperService( 2209): broadcast()
V/AndroidRipperService( 2209): broadcast() done
V/        ( 2209): ready
I/Vision  ( 2238): Requesting optional module download of ocr.
I/Vision  ( 2238): Checking for download completion for 140279 -- ocr
I/ChimeraConfigurator( 2238): Starting update, reason: 4 urgentFeatures: vision.ocr:-1
E/ConfigFileUtils( 2238): Failed to read config file: /data/data/com.google.android.gms/app_chimera/next_container.pb: open failed: ENOENT (No such file or directory)
D/dalvikvm( 2238): GC_FOR_ALLOC freed 2043K, 15% free 20947K/24632K, paused 17ms, total 18ms
I/ChmraDebugLogger( 2238): [73] 1801
I/ChmraDebugLogger( 2238): [30] [VisionOcr.optional:202414000700] permitMetered=true,
W/ChimeraConfigService( 2238): Retry attempt was throttled.
D/dalvikvm( 2209): GC_FOR_ALLOC freed 513K, 19% free 3081K/3784K, paused 2ms, total 2ms
V/RipperService( 2209): PING
V/AndroidRipperService( 2209): mHandler.handleMessage() RECIVED
V/AndroidRipperService( 2209): broadcast()
V/AndroidRipperService( 2209): broadcast() done
V/        ( 2209): ready
V/RipperService( 2209): PING
V/AndroidRipperService( 2209): mHandler.handleMessage() RECIVED
V/AndroidRipperService( 2209): broadcast()
V/AndroidRipperService( 2209): broadcast() done
V/        ( 2209): ready
V/RipperService( 2209): PING
V/AndroidRipperService( 2209): mHandler.handleMessage() RECIVED
V/AndroidRipperService( 2209): broadcast()
V/AndroidRipperService( 2209): broadcast() done
V/        ( 2209): ready
V/RipperService( 2209): PING
V/AndroidRipperService( 2209): mHandler.handleMessage() RECIVED
V/AndroidRipperService( 2209): broadcast()
V/AndroidRipperService( 2209): broadcast() done
V/        ( 2209): ready
V/RipperService( 2209): PING
V/AndroidRipperService( 2209): mHandler.handleMessage() RECIVED
V/AndroidRipperService( 2209): broadcast()
V/AndroidRipperService( 2209): broadcast() done
V/        ( 2209): ready
I/Vision  ( 2238): Requesting optional module download of ocr.
I/Vision  ( 2238): Checking for download completion for 150289 -- ocr
D/dalvikvm( 2209): GC_FOR_ALLOC freed 512K, 19% free 3080K/3784K, paused 2ms, total 2ms
V/RipperService( 2209): PING
V/AndroidRipperService( 2209): mHandler.handleMessage() RECIVED
V/AndroidRipperService( 2209): broadcast()
V/AndroidRipperService( 2209): broadcast() done
V/        ( 2209): ready
V/RipperService( 2209): PING
V/AndroidRipperService( 2209): mHandler.handleMessage() RECIVED
V/AndroidRipperService( 2209): broadcast()
V/AndroidRipperService( 2209): broadcast() done
V/        ( 2209): ready
V/RipperService( 2209): PING
V/AndroidRipperService( 2209): mHandler.handleMessage() RECIVED
V/AndroidRipperService( 2209): broadcast()
V/AndroidRipperService( 2209): broadcast() done
V/        ( 2209): ready
V/RipperService( 2209): PING
V/AndroidRipperService( 2209): mHandler.handleMessage() RECIVED
V/AndroidRipperService( 2209): broadcast()
V/AndroidRipperService( 2209): broadcast() done
V/        ( 2209): ready
V/RipperService( 2209): PING
V/AndroidRipperService( 2209): mHandler.handleMessage() RECIVED
V/AndroidRipperService( 2209): broadcast()
V/AndroidRipperService( 2209): broadcast() done
V/        ( 2209): ready
I/Vision  ( 2238): Requesting optional module download of ocr.
I/Vision  ( 2238): Checking for download completion for 160297 -- ocr
D/dalvikvm( 2209): GC_FOR_ALLOC freed 510K, 19% free 3082K/3784K, paused 2ms, total 2ms
V/RipperService( 2209): PING
V/AndroidRipperService( 2209): mHandler.handleMessage() RECIVED
V/AndroidRipperService( 2209): broadcast()
V/AndroidRipperService( 2209): broadcast() done
V/        ( 2209): ready
V/RipperService( 2209): PING
V/AndroidRipperService( 2209): mHandler.handleMessage() RECIVED
V/AndroidRipperService( 2209): broadcast()
V/AndroidRipperService( 2209): broadcast() done
V/        ( 2209): ready
V/RipperService( 2209): PING
V/AndroidRipperService( 2209): mHandler.handleMessage() RECIVED
V/AndroidRipperService( 2209): broadcast()
V/AndroidRipperService( 2209): broadcast() done
V/        ( 2209): ready
V/RipperService( 2209): PING
V/AndroidRipperService( 2209): mHandler.handleMessage() RECIVED
V/AndroidRipperService( 2209): broadcast()
V/AndroidRipperService( 2209): broadcast() done
V/        ( 2209): ready
V/RipperService( 2209): PING
V/AndroidRipperService( 2209): mHandler.handleMessage() RECIVED
V/AndroidRipperService( 2209): broadcast()
V/AndroidRipperService( 2209): broadcast() done
V/        ( 2209): ready
I/Vision  ( 2238): Requesting optional module download of ocr.
I/Vision  ( 2238): Checking for download completion for 170306 -- ocr
D/dalvikvm( 2209): GC_FOR_ALLOC freed 513K, 19% free 3081K/3784K, paused 2ms, total 2ms
V/RipperService( 2209): PING
V/AndroidRipperService( 2209): mHandler.handleMessage() RECIVED
V/AndroidRipperService( 2209): broadcast()
V/AndroidRipperService( 2209): broadcast() done
V/        ( 2209): ready
V/RipperService( 2209): PING
V/AndroidRipperService( 2209): mHandler.handleMessage() RECIVED
V/AndroidRipperService( 2209): broadcast()
V/AndroidRipperService( 2209): broadcast() done
V/        ( 2209): ready
V/RipperService( 2209): PING
V/AndroidRipperService( 2209): mHandler.handleMessage() RECIVED
V/AndroidRipperService( 2209): broadcast()
V/AndroidRipperService( 2209): broadcast() done
V/        ( 2209): ready
V/RipperService( 2209): PING
V/AndroidRipperService( 2209): mHandler.handleMessage() RECIVED
V/AndroidRipperService( 2209): broadcast()
V/AndroidRipperService( 2209): broadcast() done
V/        ( 2209): ready
V/RipperService( 2209): PING
V/AndroidRipperService( 2209): mHandler.handleMessage() RECIVED
V/AndroidRipperService( 2209): broadcast()
V/AndroidRipperService( 2209): broadcast() done
V/        ( 2209): ready
I/Vision  ( 2238): Requesting optional module download of ocr.
I/Vision  ( 2238): Checking for download completion for 180315 -- ocr
D/dalvikvm( 2209): GC_FOR_ALLOC freed 511K, 19% free 3081K/3784K, paused 2ms, total 2ms
V/RipperService( 2209): PING
V/AndroidRipperService( 2209): mHandler.handleMessage() RECIVED
V/AndroidRipperService( 2209): broadcast()
V/AndroidRipperService( 2209): broadcast() done
V/        ( 2209): ready
V/RipperService( 2209): PING
V/AndroidRipperService( 2209): mHandler.handleMessage() RECIVED
V/AndroidRipperService( 2209): broadcast()
V/AndroidRipperService( 2209): broadcast() done
V/        ( 2209): ready
V/RipperService( 2209): PING
V/AndroidRipperService( 2209): mHandler.handleMessage() RECIVED
V/AndroidRipperService( 2209): broadcast()
V/AndroidRipperService( 2209): broadcast() done
V/        ( 2209): ready
V/RipperService( 2209): PING
V/AndroidRipperService( 2209): mHandler.handleMessage() RECIVED
V/AndroidRipperService( 2209): broadcast()
V/AndroidRipperService( 2209): broadcast() done
V/        ( 2209): ready
V/RipperService( 2209): PING
V/AndroidRipperService( 2209): mHandler.handleMessage() RECIVED
V/AndroidRipperService( 2209): broadcast()
V/AndroidRipperService( 2209): broadcast() done
V/        ( 2209): ready
I/Vision  ( 2238): Requesting optional module download of ocr.
I/Vision  ( 2238): Exceeded maximum feature download tries for ocr
W/Vision  ( 2238): Request of optional module download of ocr failed.
I/Vision  ( 2238): Checking for download completion for 190324 -- ocr
D/dalvikvm( 2209): GC_FOR_ALLOC freed 512K, 19% free 3081K/3784K, paused 2ms, total 2ms
V/RipperService( 2209): PING
V/AndroidRipperService( 2209): mHandler.handleMessage() RECIVED
V/AndroidRipperService( 2209): broadcast()
V/AndroidRipperService( 2209): broadcast() done
V/        ( 2209): ready
V/RipperService( 2209): PING
V/AndroidRipperService( 2209): mHandler.handleMessage() RECIVED
V/AndroidRipperService( 2209): broadcast()
V/AndroidRipperService( 2209): broadcast() done
V/        ( 2209): ready
V/RipperService( 2209): PING
V/AndroidRipperService( 2209): mHandler.handleMessage() RECIVED
V/AndroidRipperService( 2209): broadcast()
V/AndroidRipperService( 2209): broadcast() done
V/        ( 2209): ready
V/RipperService( 2209): PING
V/AndroidRipperService( 2209): mHandler.handleMessage() RECIVED
V/AndroidRipperService( 2209): broadcast()
V/AndroidRipperService( 2209): broadcast() done
V/        ( 2209): ready
V/RipperService( 2209): PING
V/AndroidRipperService( 2209): mHandler.handleMessage() RECIVED
V/AndroidRipperService( 2209): broadcast()
V/AndroidRipperService( 2209): broadcast() done
V/        ( 2209): ready
I/Vision  ( 2238): Requesting optional module download of ocr.
I/Vision  ( 2238): Checking for download completion for 200332 -- ocr
I/ChimeraConfigurator( 2238): Starting update, reason: 4 urgentFeatures: vision.ocr:-1
E/ConfigFileUtils( 2238): Failed to read config file: /data/data/com.google.android.gms/app_chimera/next_container.pb: open failed: ENOENT (No such file or directory)
I/ChmraDebugLogger( 2238): [73] 1801
I/ChmraDebugLogger( 2238): [30] [VisionOcr.optional:202414000700] permitMetered=true,
W/ChimeraConfigService( 2238): Retry attempt was throttled.
V/SERVER  ( 2209): ServerSocket on PORT 18888: offline
V/AndroidRipperService( 2209): mHandler.handleMessage() DISCONNECTED
V/SERVER  ( 2209): Ready to accept connections on port: 18888
I/MS_RegisterService( 2238): Tachyon host: instantmessaging-pa.googleapis.com, Tachyon port: 443
I/Vision  ( 2238): Requesting optional module download of ocr.
I/Vision  ( 2238): Checking for download completion for 210345 -- ocr
I/MS_RegisterService( 2238): RegisterService intent:Intent { act=com.google.android.gms.matchstick.register_intent_action cat=[targeted_intent_op_prefix:com.google.android.libraries.matchstick.net.SilentRegisterIntentOperation] flg=0x4 cmp=com.google.android.gms/.chimera.GmsIntentOperationService (has extras) } isPeriodic:false
W/DynamiteModule( 2238): Local module descriptor class for providerinstaller not found.
W/ProviderHelper( 2238): Unknown dynamite feature providerinstaller
I/DynamiteModule( 2238): Considering local module providerinstaller:0 and remote module providerinstaller:0
W/ProviderInstaller( 2238): Failed to load providerinstaller module: No acceptable module found. Local version is 0 and remote version is 0.
I/NetworkScheduler.Stats( 1785): Task com.google.android.gms/com.google.android.gms.auth.account.be.legacy.AuthCronService started execution. cause:4 exec_start_elapsed_seconds: 200 [CONTEXT service_id=218 ]
W/GLSUser ( 1847): [AppCertManager] IOException while requesting key: 
W/GLSUser ( 1847): java.io.IOException: Invalid device key response.
W/GLSUser ( 1847): 	at gtl.a(:com.google.android.gms@202414005@20.24.14 (000700-319035315):49)
W/GLSUser ( 1847): 	at gtj.b(:com.google.android.gms@202414005@20.24.14 (000700-319035315):2)
W/GLSUser ( 1847): 	at gte.a(:com.google.android.gms@202414005@20.24.14 (000700-319035315):0)
W/GLSUser ( 1847): 	at gth.a(:com.google.android.gms@202414005@20.24.14 (000700-319035315):10)
W/GLSUser ( 1847): 	at eyt.call(:com.google.android.gms@202414005@20.24.14 (000700-319035315):0)
W/GLSUser ( 1847): 	at java.util.concurrent.FutureTask.run(FutureTask.java:237)
W/GLSUser ( 1847): 	at nlp.b(:com.google.android.gms@202414005@20.24.14 (000700-319035315):12)
W/GLSUser ( 1847): 	at nlp.run(:com.google.android.gms@202414005@20.24.14 (000700-319035315):7)
W/GLSUser ( 1847): 	at java.util.concurrent.ThreadPoolExecutor.runWorker(ThreadPoolExecutor.java:1112)
W/GLSUser ( 1847): 	at java.util.concurrent.ThreadPoolExecutor$Worker.run(ThreadPoolExecutor.java:587)
W/GLSUser ( 1847): 	at nrd.run(:com.google.android.gms@202414005@20.24.14 (000700-319035315):0)
W/GLSUser ( 1847): 	at java.lang.Thread.run(Thread.java:841)
I/NetworkScheduler.Stats( 1785): Task com.google.android.gms/com.google.android.gms.auth.account.be.legacy.AuthCronService finished executing. cause:4 result: 3 elapsed_millis: 118 uptime_millis: 118 exec_start_elapsed_seconds: 200 [CONTEXT service_id=218 ]
I/Vision  ( 2238): Requesting optional module download of ocr.
I/Vision  ( 2238): Checking for download completion for 220354 -- ocr
I/Vision  ( 2238): Requesting optional module download of ocr.
I/Vision  ( 2238): Checking for download completion for 230362 -- ocr
I/Vision  ( 2238): Requesting optional module download of ocr.
I/Vision  ( 2238): Checking for download completion for 240370 -- ocr
I/Vision  ( 2238): Requesting optional module download of ocr.
I/Vision  ( 2238): Exceeded maximum feature download tries for ocr
W/Vision  ( 2238): Request of optional module download of ocr failed.
I/Vision  ( 2238): Checking for download completion for 250378 -- ocr
I/Vision  ( 2238): Requesting optional module download of ocr.
I/Vision  ( 2238): Checking for download completion for 260392 -- ocr
I/ChimeraConfigurator( 2238): Starting update, reason: 4 urgentFeatures: vision.ocr:-1
E/ConfigFileUtils( 2238): Failed to read config file: /data/data/com.google.android.gms/app_chimera/next_container.pb: open failed: ENOENT (No such file or directory)
I/ChmraDebugLogger( 2238): [73] 1801
I/ChmraDebugLogger( 2238): [30] [VisionOcr.optional:202414000700] permitMetered=true,
W/ChimeraConfigService( 2238): Retry attempt was throttled.
I/Vision  ( 2238): Requesting optional module download of ocr.
I/Vision  ( 2238): Checking for download completion for 270406 -- ocr
I/Vision  ( 2238): Requesting optional module download of ocr.
I/Vision  ( 2238): Checking for download completion for 280418 -- ocr
D/dalvikvm( 2238): GC_FOR_ALLOC freed 2146K, 16% free 20848K/24632K, paused 23ms, total 23ms
I/Vision  ( 2238): Requesting optional module download of ocr.
I/Vision  ( 2238): Checking for download completion for 290452 -- ocr
I/Vision  ( 2238): Requesting optional module download of ocr.
I/Vision  ( 2238): Checking for download completion for 300460 -- ocr
I/Vision  ( 2238): Requesting optional module download of ocr.
I/Vision  ( 2238): Exceeded maximum feature download tries for ocr
W/Vision  ( 2238): Request of optional module download of ocr failed.
I/Vision  ( 2238): Checking for download completion for 310468 -- ocr
D/dalvikvm( 1572): GC_EXPLICIT freed 1116K, 43% free 9276K/16104K, paused 0ms+1ms, total 11ms
I/Vision  ( 2238): Requesting optional module download of ocr.
I/Vision  ( 2238): Checking for download completion for 320491 -- ocr
I/ChimeraConfigurator( 2238): Starting update, reason: 4 urgentFeatures: vision.ocr:-1
E/ConfigFileUtils( 2238): Failed to read config file: /data/data/com.google.android.gms/app_chimera/next_container.pb: open failed: ENOENT (No such file or directory)
I/ChmraDebugLogger( 2238): [73] 1801
I/ChmraDebugLogger( 2238): [30] [VisionOcr.optional:202414000700] permitMetered=true,
W/ChimeraConfigService( 2238): Retry attempt was throttled.
I/Vision  ( 2238): Requesting optional module download of ocr.
I/Vision  ( 2238): Checking for download completion for 330501 -- ocr
I/Vision  ( 2238): Requesting optional module download of ocr.
I/Vision  ( 2238): Checking for download completion for 340508 -- ocr
I/Vision  ( 2238): Requesting optional module download of ocr.
I/Vision  ( 2238): Checking for download completion for 350516 -- ocr
E/SQLiteDatabase( 1785): Error inserting service_kind=0 persistence_level=1 tag=PhenotypeSyncImmediately task_type=0 runtime=1629009216799 required_idleness_state=0 period=2000 retry_strategy={"initial_backoff_seconds":{"30":0},"retry_policy":{"0":0},"maximum_backoff_seconds":{"3600":0}} extras={"fetchPackage":{"com.google.android.gms.lockbox":4},"fetchReason":{"6":0}} target_class=com.google.android.gms.phenotype.service.sync.PhenotypeConfigurator source=16 required_network_type=0 requires_charging=0 last_runtime=0 user_id=0 target_package=com.google.android.gms source_version=202414000 flex_time=1000 job_id=-1
E/SQLiteDatabase( 1785): android.database.sqlite.SQLiteConstraintException: columns tag, target_class, target_package, user_id are not unique (code 19)
E/SQLiteDatabase( 1785): 	at android.database.sqlite.SQLiteConnection.nativeExecuteForLastInsertedRowId(Native Method)
E/SQLiteDatabase( 1785): 	at android.database.sqlite.SQLiteConnection.executeForLastInsertedRowId(SQLiteConnection.java:782)
E/SQLiteDatabase( 1785): 	at android.database.sqlite.SQLiteSession.executeForLastInsertedRowId(SQLiteSession.java:788)
E/SQLiteDatabase( 1785): 	at android.database.sqlite.SQLiteStatement.executeInsert(SQLiteStatement.java:86)
E/SQLiteDatabase( 1785): 	at android.database.sqlite.SQLiteDatabase.insertWithOnConflict(SQLiteDatabase.java:1469)
E/SQLiteDatabase( 1785): 	at android.database.sqlite.SQLiteDatabase.insert(SQLiteDatabase.java:1339)
E/SQLiteDatabase( 1785): 	at ajnd.a(:com.google.android.gms@202414005@20.24.14 (000700-319035315):175)
E/SQLiteDatabase( 1785): 	at ajmf.a(:com.google.android.gms@202414005@20.24.14 (000700-319035315):257)
E/SQLiteDatabase( 1785): 	at ajmf.a(:com.google.android.gms@202414005@20.24.14 (000700-319035315):23)
E/SQLiteDatabase( 1785): 	at ajmf.b(:com.google.android.gms@202414005@20.24.14 (000700-319035315):6)
E/SQLiteDatabase( 1785): 	at ajmf.a(:com.google.android.gms@202414005@20.24.14 (000700-319035315):94)
E/SQLiteDatabase( 1785): 	at ajmb.handleMessage(:com.google.android.gms@202414005@20.24.14 (000700-319035315):16)
E/SQLiteDatabase( 1785): 	at android.os.Handler.dispatchMessage(Handler.java:102)
E/SQLiteDatabase( 1785): 	at ypf.a(:com.google.android.gms@202414005@20.24.14 (000700-319035315):2)
E/SQLiteDatabase( 1785): 	at ypf.dispatchMessage(:com.google.android.gms@202414005@20.24.14 (000700-319035315):14)
E/SQLiteDatabase( 1785): 	at android.os.Looper.loop(Looper.java:136)
E/SQLiteDatabase( 1785): 	at android.os.HandlerThread.run(HandlerThread.java:61)
I/Vision  ( 2238): Requesting optional module download of ocr.
I/NetworkScheduler.Stats( 1785): Task com.google.android.gms/com.google.android.gms.phenotype.service.sync.PhenotypeConfigurator started execution. cause:4 exec_start_elapsed_seconds: 350 [CONTEXT service_id=218 ]
I/NetworkScheduler.Stats( 1785): Task com.google.android.gms/com.google.android.gms.auth.account.be.legacy.AuthCronService started execution. cause:4 exec_start_elapsed_seconds: 350 [CONTEXT service_id=218 ]
I/ahkf    ( 1785): Removed 0 invalid users [CONTEXT service_id=51 ]
D/dalvikvm( 1785): GC_FOR_ALLOC freed 2037K, 23% free 10252K/13196K, paused 11ms, total 11ms
W/GLSUser ( 1847): [AppCertManager] IOException while requesting key: 
W/GLSUser ( 1847): java.io.IOException: Invalid device key response.
W/GLSUser ( 1847): 	at gtl.a(:com.google.android.gms@202414005@20.24.14 (000700-319035315):49)
W/GLSUser ( 1847): 	at gtj.b(:com.google.android.gms@202414005@20.24.14 (000700-319035315):2)
W/GLSUser ( 1847): 	at gte.a(:com.google.android.gms@202414005@20.24.14 (000700-319035315):0)
W/GLSUser ( 1847): 	at gth.a(:com.google.android.gms@202414005@20.24.14 (000700-319035315):10)
W/GLSUser ( 1847): 	at eyt.call(:com.google.android.gms@202414005@20.24.14 (000700-319035315):0)
W/GLSUser ( 1847): 	at java.util.concurrent.FutureTask.run(FutureTask.java:237)
W/GLSUser ( 1847): 	at nlp.b(:com.google.android.gms@202414005@20.24.14 (000700-319035315):12)
W/GLSUser ( 1847): 	at nlp.run(:com.google.android.gms@202414005@20.24.14 (000700-319035315):7)
W/GLSUser ( 1847): 	at java.util.concurrent.ThreadPoolExecutor.runWorker(ThreadPoolExecutor.java:1112)
W/GLSUser ( 1847): 	at java.util.concurrent.ThreadPoolExecutor$Worker.run(ThreadPoolExecutor.java:587)
W/GLSUser ( 1847): 	at nrd.run(:com.google.android.gms@202414005@20.24.14 (000700-319035315):0)
W/GLSUser ( 1847): 	at java.lang.Thread.run(Thread.java:841)
I/NetworkScheduler.Stats( 1785): Task com.google.android.gms/com.google.android.gms.auth.account.be.legacy.AuthCronService finished executing. cause:4 result: 3 elapsed_millis: 123 uptime_millis: 123 exec_start_elapsed_seconds: 350 [CONTEXT service_id=218 ]
D/dalvikvm( 1785): GC_FOR_ALLOC freed 2070K, 23% free 10230K/13196K, paused 9ms, total 9ms
I/PGAPhenotypeBroadcastRe( 3092): Received Phenotype update.
I/ahju    ( 1785): Scheduling a periodic sync task every 86400 seconds, with flex of 1800 seconds [CONTEXT service_id=51 ]
I/ahju    ( 1785): Scheduling adaptive one off task with window [14400, 604800] in seconds [CONTEXT service_id=51 ]
I/Auth    ( 1785): [AuthManaged,PasswordComplexityHelperImpl] Updating password complexity components state.
I/Auth    ( 1785): [AuthManaged,PasswordComplexityHelperImpl] Enabling com.google.android.gms.auth.managed.ui.SetNewPasswordActivity
D/dalvikvm( 1785): GC_FOR_ALLOC freed 2061K, 23% free 10217K/13196K, paused 11ms, total 11ms
I/NetworkScheduler.Stats( 1785): Task com.google.android.gms/com.google.android.gms.phenotype.service.sync.PhenotypeConfigurator finished executing. cause:4 result: 1 elapsed_millis: 670 uptime_millis: 670 exec_start_elapsed_seconds: 350 [CONTEXT service_id=218 ]
I/PTCommittedOperation( 1785): Receive new configuration for com.google.android.gms.people
I/ChromeSync( 2238): [Sync,SyncIntentOperation] Handling the intent: Intent { act=com.google.android.gms.phenotype.COMMITTED flg=0x10 pkg=com.google.android.gms cmp=com.google.android.gms/.chimera.GmsIntentOperationService (has extras) }.
W/ActivityManager( 1572): Unable to start service Intent { act=com.google.android.gms.auth.key.retrieval.service.START pkg=com.google.android.gms } U=0: not found
E/GmsClient( 2238): unable to connect to service: com.google.android.gms.auth.key.retrieval.service.START on com.google.android.gms
I/Auth    ( 1785): [AuthManaged,PasswordComplexityHelperImpl] Updating password complexity components state.
I/Auth    ( 1785): [AuthManaged,PasswordComplexityHelperImpl] Enabling com.google.android.gms.auth.managed.ui.SetNewPasswordActivity
W/ActivityManager( 1572): Unbind failed: could not find connection for android.os.BinderProxy@9d704868
I/PTCommittedOperation( 1785): Receive new configuration for com.google.android.gms.romanesco
I/MdiSyncModule( 2238): flag handling is skipping irrelevant intent.
W/ModuleInitIntentOp( 2238): Dropping unexpected action com.google.android.gms.phenotype.COMMITTED
I/FsaEntryPointSwitcher( 2238): setting component enabled=1 for com.google.android.gms.people.sync.focus.ContactsSyncAdapterService
I/FsaEntryPointSwitcher( 2238): Setting component enabled succeeds.
I/FsaEntryPointSwitcher( 2238): setting component enabled=2 for com.google.android.syncadapters.contacts.ContactsSyncAdapterService
I/FsaEntryPointSwitcher( 2238): Setting component enabled succeeds.
D/dalvikvm( 1785): GC_FOR_ALLOC freed 2107K, 24% free 10157K/13196K, paused 10ms, total 10ms
I/ChromeSync( 2238): [Sync,SyncIntentOperation] Handling the intent: Intent { act=com.google.android.gms.phenotype.COMMITTED flg=0x10 pkg=com.google.android.gms cmp=com.google.android.gms/.chimera.GmsIntentOperationService (has extras) }.
I/MdiSyncModule( 2238): flag handling is skipping irrelevant intent.
W/ModuleInitIntentOp( 2238): Dropping unexpected action com.google.android.gms.phenotype.COMMITTED
I/Auth    ( 1785): [AuthManaged,PasswordComplexityHelperImpl] Updating password complexity components state.
I/Auth    ( 1785): [AuthManaged,PasswordComplexityHelperImpl] Enabling com.google.android.gms.auth.managed.ui.SetNewPasswordActivity
I/Auth    ( 1785): [AuthManaged,PasswordComplexityHelperImpl] Updating password complexity components state.
I/Auth    ( 1785): [AuthManaged,PasswordComplexityHelperImpl] Enabling com.google.android.gms.auth.managed.ui.SetNewPasswordActivity
D/dalvikvm( 1785): GC_FOR_ALLOC freed 1748K, 21% free 10457K/13196K, paused 9ms, total 9ms
I/MS_RegisterService( 2238): Tachyon host: instantmessaging-pa.googleapis.com, Tachyon port: 443
I/MS_RegisterService( 2238): RegisterService intent:Intent { act=com.google.android.gms.matchstick.register_intent_action cat=[targeted_intent_op_prefix:com.google.android.libraries.matchstick.net.SilentRegisterIntentOperation] cmp=com.google.android.gms/.chimera.GmsIntentOperationService } isPeriodic:false
W/DynamiteModule( 2238): Local module descriptor class for providerinstaller not found.
I/DynamiteModule( 2238): Considering local module providerinstaller:0 and remote module providerinstaller:0
W/ProviderInstaller( 2238): Failed to load providerinstaller module: No acceptable module found. Local version is 0 and remote version is 0.
I/Auth    ( 1785): [AuthManaged,PasswordComplexityHelperImpl] Updating password complexity components state.
I/Auth    ( 1785): [AuthManaged,PasswordComplexityHelperImpl] Enabling com.google.android.gms.auth.managed.ui.SetNewPasswordActivity
I/PTCommittedOperation( 1785): Receive new configuration for com.google.android.gms.fitness
I/ChromeSync( 2238): [Sync,SyncIntentOperation] Handling the intent: Intent { act=com.google.android.gms.phenotype.COMMITTED flg=0x10 pkg=com.google.android.gms cmp=com.google.android.gms/.chimera.GmsIntentOperationService (has extras) }.
I/MdiSyncModule( 2238): flag handling is skipping irrelevant intent.
W/ModuleInitIntentOp( 2238): Dropping unexpected action com.google.android.gms.phenotype.COMMITTED
E/dalvikvm( 1785): JIT code cache full
I/Auth    ( 1785): [AuthManaged,PasswordComplexityHelperImpl] Updating password complexity components state.
I/Auth    ( 1785): [AuthManaged,PasswordComplexityHelperImpl] Enabling com.google.android.gms.auth.managed.ui.SetNewPasswordActivity
D/dalvikvm( 2238): GC_FOR_ALLOC freed 1949K, 15% free 20946K/24632K, paused 24ms, total 26ms
I/Auth    ( 1785): [AuthManaged,PasswordComplexityHelperImpl] Updating password complexity components state.
I/Auth    ( 1785): [AuthManaged,PasswordComplexityHelperImpl] Enabling com.google.android.gms.auth.managed.ui.SetNewPasswordActivity
I/PTCommittedOperation( 1785): Receive new configuration for com.google.android.gms.chromesync
I/ChromeSync( 2238): [Sync,SyncIntentOperation] Handling the intent: Intent { act=com.google.android.gms.phenotype.COMMITTED flg=0x10 pkg=com.google.android.gms cmp=com.google.android.gms/.chimera.GmsIntentOperationService (has extras) }.
W/ActivityManager( 1572): Unable to start service Intent { act=com.google.android.gms.auth.key.retrieval.service.START pkg=com.google.android.gms } U=0: not found
E/GmsClient( 2238): unable to connect to service: com.google.android.gms.auth.key.retrieval.service.START on com.google.android.gms
I/MdiSyncModule( 2238): flag handling is skipping irrelevant intent.
W/ModuleInitIntentOp( 2238): Dropping unexpected action com.google.android.gms.phenotype.COMMITTED
W/ActivityManager( 1572): Unbind failed: could not find connection for android.os.BinderProxy@9d3a1330
I/Auth    ( 1785): [AuthManaged,PasswordComplexityHelperImpl] Updating password complexity components state.
I/Auth    ( 1785): [AuthManaged,PasswordComplexityHelperImpl] Enabling com.google.android.gms.auth.managed.ui.SetNewPasswordActivity
I/ChromeSync( 2238): [Sync,SyncIntentOperation] Handling the intent: Intent { act=com.google.android.gms.phenotype.COMMITTED flg=0x10 pkg=com.google.android.gms cmp=com.google.android.gms/.chimera.GmsIntentOperationService (has extras) }.
I/MdiSyncModule( 2238): flag handling is skipping irrelevant intent.
W/ModuleInitIntentOp( 2238): Dropping unexpected action com.google.android.gms.phenotype.COMMITTED
D/dalvikvm( 1785): JIT code cache reset in 0 ms (523264 bytes 2/0)
D/dalvikvm( 1785): GC_FOR_ALLOC freed 2293K, 23% free 10212K/13196K, paused 11ms, total 11ms
I/PTCommittedOperation( 1785): Receive new configuration for com.google.android.gms.games
I/Auth    ( 1785): [AuthManaged,PasswordComplexityHelperImpl] Updating password complexity components state.
I/Auth    ( 1785): [AuthManaged,PasswordComplexityHelperImpl] Enabling com.google.android.gms.auth.managed.ui.SetNewPasswordActivity
I/ChromeSync( 2238): [Sync,SyncIntentOperation] Handling the intent: Intent { act=com.google.android.gms.phenotype.COMMITTED flg=0x10 pkg=com.google.android.gms cmp=com.google.android.gms/.chimera.GmsIntentOperationService (has extras) }.
I/MdiSyncModule( 2238): flag handling is skipping irrelevant intent.
I/Auth    ( 1785): [AuthManaged,PasswordComplexityHelperImpl] Updating password complexity components state.
I/Auth    ( 1785): [AuthManaged,PasswordComplexityHelperImpl] Enabling com.google.android.gms.auth.managed.ui.SetNewPasswordActivity
W/ModuleInitIntentOp( 2238): Dropping unexpected action com.google.android.gms.phenotype.COMMITTED
I/PTCommittedOperation( 1785): Receive new configuration for org.chromium.net.cronet
I/Auth    ( 1785): [AuthManaged,PasswordComplexityHelperImpl] Updating password complexity components state.
I/Auth    ( 1785): [AuthManaged,PasswordComplexityHelperImpl] Enabling com.google.android.gms.auth.managed.ui.SetNewPasswordActivity
I/PTCommittedOperation( 1785): Receive new configuration for com.google.android.gms
I/PTCommittedOperation( 1785): Running Fixer Framework for com.google.android.gms
D/dalvikvm( 1785): GC_FOR_ALLOC freed 2117K, 24% free 10142K/13196K, paused 12ms, total 12ms
I/ActivityManager( 1572): Killing 2065:com.android.email/u0a26 (adj 15): empty #17
I/CastDatabase( 2238): Saving the database
I/SQLiteCastStore( 2238): [CastNetworkInfo] saved: 0, skipped: 0, [CastDeviceInfo]: saved 0, skipped 0, [Paired Guest Mode DeviceInfo] saved: 0, skipped: 0. [ProbedNetworks]: saved 0, skipped: 0, [ProbedSocketAddress]: saved 0, skipped: 0, [Network-Device pairs]: saved: 0
I/NetworkScheduler.Stats( 1785): Task com.google.android.gms/com.google.android.gms.auth.account.be.legacy.AuthCronService started execution. cause:4 exec_start_elapsed_seconds: 722 [CONTEXT service_id=218 ]
W/Conscrypt( 1847): Could not set socket write timeout: java.net.SocketException: Socket closed
W/Conscrypt( 1847): 	at com.google.android.gms.org.conscrypt.Platform.setSocketWriteTimeout(:com.google.android.gms@202414005@20.24.14 (000700-319035315):2)
W/Conscrypt( 1847): 	at com.google.android.gms.org.conscrypt.ConscryptFileDescriptorSocket.setSoWriteTimeout(:com.google.android.gms@202414005@20.24.14 (000700-319035315):0)
W/Conscrypt( 1847): Could not set socket write timeout: java.net.SocketException: Socket closed
W/Conscrypt( 1847): 	at com.google.android.gms.org.conscrypt.Platform.setSocketWriteTimeout(:com.google.android.gms@202414005@20.24.14 (000700-319035315):2)
W/Conscrypt( 1847): 	at com.google.android.gms.org.conscrypt.ConscryptFileDescriptorSocket.setSoWriteTimeout(:com.google.android.gms@202414005@20.24.14 (000700-319035315):0)
W/GLSUser ( 1847): [AppCertManager] IOException while requesting key: 
W/GLSUser ( 1847): java.io.IOException: Invalid device key response.
W/GLSUser ( 1847): 	at gtl.a(:com.google.android.gms@202414005@20.24.14 (000700-319035315):49)
W/GLSUser ( 1847): 	at gtj.b(:com.google.android.gms@202414005@20.24.14 (000700-319035315):2)
W/GLSUser ( 1847): 	at gte.a(:com.google.android.gms@202414005@20.24.14 (000700-319035315):0)
W/GLSUser ( 1847): 	at gth.a(:com.google.android.gms@202414005@20.24.14 (000700-319035315):10)
W/GLSUser ( 1847): 	at eyt.call(:com.google.android.gms@202414005@20.24.14 (000700-319035315):0)
W/GLSUser ( 1847): 	at java.util.concurrent.FutureTask.run(FutureTask.java:237)
W/GLSUser ( 1847): 	at nlp.b(:com.google.android.gms@202414005@20.24.14 (000700-319035315):12)
W/GLSUser ( 1847): 	at nlp.run(:com.google.android.gms@202414005@20.24.14 (000700-319035315):7)
W/GLSUser ( 1847): 	at java.util.concurrent.ThreadPoolExecutor.runWorker(ThreadPoolExecutor.java:1112)
W/GLSUser ( 1847): 	at java.util.concurrent.ThreadPoolExecutor$Worker.run(ThreadPoolExecutor.java:587)
W/GLSUser ( 1847): 	at nrd.run(:com.google.android.gms@202414005@20.24.14 (000700-319035315):0)
W/GLSUser ( 1847): 	at java.lang.Thread.run(Thread.java:841)
I/NetworkScheduler.Stats( 1785): Task com.google.android.gms/com.google.android.gms.auth.account.be.legacy.AuthCronService finished executing. cause:4 result: 3 elapsed_millis: 244 uptime_millis: 244 exec_start_elapsed_seconds: 722 [CONTEXT service_id=218 ]
D/ConnectivityService( 1572): Sampling interval elapsed, updating statistics ..
D/ConnectivityService( 1572): Done.
D/ConnectivityService( 1572): Setting timer for 720seconds
E/SoundPool( 1572): error loading /system/media/audio/ui/Effect_Tick.ogg
W/AudioService( 1572): Soundpool could not load file: /system/media/audio/ui/Effect_Tick.ogg
E/SoundPool( 1572): error loading /system/media/audio/ui/Effect_Tick.ogg
W/AudioService( 1572): Soundpool could not load file: /system/media/audio/ui/Effect_Tick.ogg
E/SoundPool( 1572): error loading /system/media/audio/ui/Effect_Tick.ogg
W/AudioService( 1572): Soundpool could not load file: /system/media/audio/ui/Effect_Tick.ogg
E/SoundPool( 1572): error loading /system/media/audio/ui/Effect_Tick.ogg
W/AudioService( 1572): Soundpool could not load file: /system/media/audio/ui/Effect_Tick.ogg
E/SoundPool( 1572): error loading /system/media/audio/ui/Effect_Tick.ogg
W/AudioService( 1572): Soundpool could not load file: /system/media/audio/ui/Effect_Tick.ogg
E/SoundPool( 1572): error loading /system/media/audio/ui/KeypressStandard.ogg
W/AudioService( 1572): Soundpool could not load file: /system/media/audio/ui/KeypressStandard.ogg
E/SoundPool( 1572): error loading /system/media/audio/ui/KeypressSpacebar.ogg
W/AudioService( 1572): Soundpool could not load file: /system/media/audio/ui/KeypressSpacebar.ogg
E/SoundPool( 1572): error loading /system/media/audio/ui/KeypressDelete.ogg
W/AudioService( 1572): Soundpool could not load file: /system/media/audio/ui/KeypressDelete.ogg
E/SoundPool( 1572): error loading /system/media/audio/ui/KeypressReturn.ogg
W/AudioService( 1572): Soundpool could not load file: /system/media/audio/ui/KeypressReturn.ogg
E/SoundPool( 1572): error loading /system/media/audio/ui/KeypressInvalid.ogg
W/AudioService( 1572): Soundpool could not load file: /system/media/audio/ui/KeypressInvalid.ogg
W/AudioService( 1572): onLoadSoundEffects(), Error -1 while loading samples
D/gralloc_ranchu( 1145): gralloc_alloc: Creating ashmem region of size 1323008
D/        ( 1572): HostConnection::get() New Host Connection established 0xb9b36be0, tid 2691
D/dalvikvm( 1572): GC_FOR_ALLOC freed 1321K, 43% free 9217K/16104K, paused 8ms, total 8ms
I/dalvikvm-heap( 1572): Grow heap (frag case) to 9.814MB for 656856-byte allocation
D/dalvikvm( 1572): GC_FOR_ALLOC freed <1K, 42% free 9859K/16748K, paused 6ms, total 6ms
D/dalvikvm( 1572): GC_FOR_ALLOC freed 113K, 42% free 9746K/16748K, paused 7ms, total 7ms
I/dalvikvm-heap( 1572): Grow heap (frag case) to 10.330MB for 656856-byte allocation
D/dalvikvm( 1572): GC_FOR_ALLOC freed <1K, 41% free 10387K/17392K, paused 6ms, total 6ms
I/ActivityManager( 1572): Killing 2039:com.android.exchange/u0a27 (adj 15): empty #17
D/EGL_emulation( 1958): eglMakeCurrent: 0xb9990530: ver 3 0
W/ActivityManager( 1572): Duplicate finish request for ActivityRecord{9d1c1590 u0 com.asdoi.gymwen/org.acra.dialog.CrashReportDialog t6 f}
D/EGL_emulation( 2725): eglMakeCurrent: 0xb99520d0: ver 3 0
D/EGL_emulation( 2725): eglMakeCurrent: 0xb99520d0: ver 3 0
D/EGL_emulation( 1958): eglMakeCurrent: 0xb9990530: ver 3 0
D/EGL_emulation( 1958): eglMakeCurrent: 0xb9990530: ver 3 0
E/SoundPool( 1572): error loading /system/media/audio/ui/Effect_Tick.ogg
W/AudioService( 1572): Soundpool could not load file: /system/media/audio/ui/Effect_Tick.ogg
E/SoundPool( 1572): error loading /system/media/audio/ui/Effect_Tick.ogg
W/AudioService( 1572): Soundpool could not load file: /system/media/audio/ui/Effect_Tick.ogg
E/SoundPool( 1572): error loading /system/media/audio/ui/Effect_Tick.ogg
W/AudioService( 1572): Soundpool could not load file: /system/media/audio/ui/Effect_Tick.ogg
E/SoundPool( 1572): error loading /system/media/audio/ui/Effect_Tick.ogg
W/AudioService( 1572): Soundpool could not load file: /system/media/audio/ui/Effect_Tick.ogg
E/SoundPool( 1572): error loading /system/media/audio/ui/Effect_Tick.ogg
W/AudioService( 1572): Soundpool could not load file: /system/media/audio/ui/Effect_Tick.ogg
E/SoundPool( 1572): error loading /system/media/audio/ui/KeypressStandard.ogg
W/AudioService( 1572): Soundpool could not load file: /system/media/audio/ui/KeypressStandard.ogg
E/SoundPool( 1572): error loading /system/media/audio/ui/KeypressSpacebar.ogg
W/AudioService( 1572): Soundpool could not load file: /system/media/audio/ui/KeypressSpacebar.ogg
E/SoundPool( 1572): error loading /system/media/audio/ui/KeypressDelete.ogg
W/AudioService( 1572): Soundpool could not load file: /system/media/audio/ui/KeypressDelete.ogg
E/SoundPool( 1572): error loading /system/media/audio/ui/KeypressReturn.ogg
W/AudioService( 1572): Soundpool could not load file: /system/media/audio/ui/KeypressReturn.ogg
E/SoundPool( 1572): error loading /system/media/audio/ui/KeypressInvalid.ogg
W/AudioService( 1572): Soundpool could not load file: /system/media/audio/ui/KeypressInvalid.ogg
W/AudioService( 1572): onLoadSoundEffects(), Error -1 while loading samples
D/gralloc_ranchu( 1145): gralloc_alloc: Creating ashmem region of size 1134592
I/ActivityManager( 1572): START u0 {act=android.intent.action.CHOOSER cmp=android/com.android.internal.app.ChooserActivity (has extras)} from pid 1958
D/EGL_emulation( 1958): eglMakeCurrent: 0xb9990530: ver 3 0
D/dalvikvm( 1958): GC_FOR_ALLOC freed 1451K, 8% free 25424K/27584K, paused 5ms, total 5ms
I/dalvikvm-heap( 1958): Grow heap (frag case) to 26.859MB for 1939932-byte allocation
D/dalvikvm( 1958): GC_FOR_ALLOC freed 17K, 8% free 27301K/29480K, paused 5ms, total 5ms
D/EGL_emulation( 1958): eglMakeCurrent: 0xb9990530: ver 3 0
E/EGL_emulation( 1958): tid 1958: eglSurfaceAttrib(1199): error 0x3009 (EGL_BAD_MATCH)
W/HardwareRenderer( 1958): Backbuffer cannot be preserved
D/EGL_emulation( 1958): eglMakeCurrent: 0xb9990530: ver 3 0
D/EGL_emulation( 1958): eglMakeCurrent: 0xb9990530: ver 3 0
D/EGL_emulation( 1958): eglMakeCurrent: 0xb9990530: ver 3 0
I/ActivityManager( 1572): Displayed android/com.android.internal.app.ChooserActivity: +184ms
D/EGL_emulation( 1958): eglMakeCurrent: 0xb9990530: ver 3 0
D/EGL_emulation( 1958): eglMakeCurrent: 0xb9990530: ver 3 0
D/AndroidRuntime( 3349): 
D/AndroidRuntime( 3349): >>>>>> AndroidRuntime START com.android.internal.os.RuntimeInit <<<<<<
W/linker  ( 3349): libdvm.so has text relocations. This is wasting memory and is a security risk. Please fix.
D/AndroidRuntime( 3349): CheckJNI is ON
D/dalvikvm( 3349): Trying to load lib libjavacore.so 0x0
D/dalvikvm( 3349): Added shared lib libjavacore.so 0x0
D/dalvikvm( 3349): Trying to load lib libnativehelper.so 0x0
D/dalvikvm( 3349): Added shared lib libnativehelper.so 0x0
D/dalvikvm( 3349): No JNI_OnLoad found in libnativehelper.so 0x0, skipping init
D/dalvikvm( 3349): Note: class Landroid/app/ActivityManagerNative; has 179 unimplemented (abstract) methods
E/memtrack( 3349): Couldn't load memtrack module (No such file or directory)
E/android.os.Debug( 3349): failed to load memtrack module: -2
D/AndroidRuntime( 3349): Calling main entry com.android.commands.pm.Pm
D/AndroidRuntime( 3349): Shutting down VM
D/jdwp    ( 3349): Got wake-up signal, bailing out of select
D/dalvikvm( 3349): Debugger has detached; object registry had 1 entries
D/AndroidRuntime( 3362): 
D/AndroidRuntime( 3362): >>>>>> AndroidRuntime START com.android.internal.os.RuntimeInit <<<<<<
W/linker  ( 3362): libdvm.so has text relocations. This is wasting memory and is a security risk. Please fix.
D/AndroidRuntime( 3362): CheckJNI is ON
D/dalvikvm( 3362): Trying to load lib libjavacore.so 0x0
D/dalvikvm( 3362): Added shared lib libjavacore.so 0x0
D/dalvikvm( 3362): Trying to load lib libnativehelper.so 0x0
D/dalvikvm( 3362): Added shared lib libnativehelper.so 0x0
D/dalvikvm( 3362): No JNI_OnLoad found in libnativehelper.so 0x0, skipping init
D/dalvikvm( 3362): Note: class Landroid/app/ActivityManagerNative; has 179 unimplemented (abstract) methods
W/IInputConnectionWrapper( 2725): showStatusIcon on inactive InputConnection
E/memtrack( 3362): Couldn't load memtrack module (No such file or directory)
E/android.os.Debug( 3362): failed to load memtrack module: -2
D/EGL_emulation( 1958): eglMakeCurrent: 0xb9990530: ver 3 0
D/EGL_emulation( 1958): eglMakeCurrent: 0xb9990530: ver 3 0
D/AndroidRuntime( 3362): Calling main entry com.android.commands.pm.Pm
D/keystore( 1150): calling clear_uid in state: 3
I/ActivityManager( 1572): Force stopping com.asdoi.gymwen appid=10058 user=0: clear data
I/ActivityManager( 1572): Killing 2725:com.asdoi.gymwen:acra/u0a58 (adj 9): stop com.asdoi.gymwen
I/GeofencerStateMachine( 1785): removeGeofences: removeRequest=RemoveGeofencingRequest[REMOVE_ALL packageName=com.asdoi.gymwen]
I/ActivityManager( 1572): Start proc com.android.defcontainer for service com.android.defcontainer/.DefaultContainerService: pid=3374 uid=10003 gids={50003, 1028, 1015, 1023, 2001, 1035}
D/EGL_emulation( 1958): eglMakeCurrent: 0xb9990530: ver 3 0
D/EGL_emulation( 1958): eglMakeCurrent: 0xb9990530: ver 3 0
I/ActivityManager( 1572): Start proc com.android.documentsui for broadcast com.android.documentsui/.PackageReceiver: pid=3390 uid=10025 gids={50025}
D/AndroidRuntime( 3362): Shutting down VM
D/jdwp    ( 3362): Got wake-up signal, bailing out of select
D/dalvikvm( 3362): Debugger has detached; object registry had 1 entries
I/Fitness ( 1785): FitCleanupIntentOperation received Intent android.intent.action.PACKAGE_DATA_CLEARED [CONTEXT service_id=17 ]
I/Icing   ( 2238): doRemovePackageData com.asdoi.gymwen
I/PackageManager( 1572): Running dexopt on: com.android.documentsui
W/linker  ( 3412): libdvm.so has text relocations. This is wasting memory and is a security risk. Please fix.
D/dalvikvm( 3412): DexOpt: load 7ms, verify+opt 28ms, 925708 bytes
D/Documents( 3390): Loading roots for com.android.providers.downloads.documents
D/Documents( 3390): Loading roots for com.android.externalstorage.documents
I/ActivityManager( 1572): Start proc com.android.externalstorage for content provider com.android.externalstorage/.ExternalStorageProvider: pid=3415 uid=10006 gids={50006, 1028, 1015, 1023}
I/ActivityManager( 1572): Killing 2981:com.svox.pico/u0a41 (adj 15): empty #17
D/ExternalStorage( 3415): After updating volumes, found 1 active roots
D/Documents( 3390): Updating roots due to change at content://com.android.externalstorage.documents/root
D/Documents( 3390): Loading roots for com.android.providers.media.documents
D/Documents( 3390): Update found 6 roots in 66ms
D/Documents( 3390): Used cached roots for com.android.providers.downloads.documents
D/Documents( 3390): Loading roots for com.android.externalstorage.documents
D/Documents( 3390): Used cached roots for com.android.providers.media.documents
D/Documents( 3390): Update found 6 roots in 9ms
D/dalvikvm( 1785): GC_FOR_ALLOC freed 2067K, 24% free 10122K/13196K, paused 26ms, total 26ms
D/AndroidRuntime( 3431): 
D/AndroidRuntime( 3431): >>>>>> AndroidRuntime START com.android.internal.os.RuntimeInit <<<<<<
W/linker  ( 3431): libdvm.so has text relocations. This is wasting memory and is a security risk. Please fix.
D/AndroidRuntime( 3431): CheckJNI is ON
D/dalvikvm( 3431): Trying to load lib libjavacore.so 0x0
D/dalvikvm( 3431): Added shared lib libjavacore.so 0x0
D/dalvikvm( 3431): Trying to load lib libnativehelper.so 0x0
D/dalvikvm( 3431): Added shared lib libnativehelper.so 0x0
D/dalvikvm( 3431): No JNI_OnLoad found in libnativehelper.so 0x0, skipping init
D/dalvikvm( 3431): Note: class Landroid/app/ActivityManagerNative; has 179 unimplemented (abstract) methods
E/memtrack( 3431): Couldn't load memtrack module (No such file or directory)
E/android.os.Debug( 3431): failed to load memtrack module: -2
D/AndroidRuntime( 3431): Calling main entry com.android.commands.pm.Pm
I/ActivityManager( 1572): Force stopping com.asdoi.gymwen appid=10058 user=-1: uninstall pkg
W/PackageManager( 1572): Couldn't delete native library directory /data/app-lib/com.asdoi.gymwen
D/keystore( 1150): calling clear_uid in state: 3
I/ActivityManager( 1572): Force stopping com.asdoi.gymwen appid=10058 user=0: pkg removed
D/dalvikvm( 2358): GC_EXPLICIT freed 496K, 18% free 3432K/4180K, paused 0ms+1ms, total 3ms
D/dalvikvm( 2407): GC_EXPLICIT freed 159K, 16% free 3445K/4076K, paused 0ms+0ms, total 2ms
I/GeofencerStateMachine( 1785): removeGeofences: removeRequest=RemoveGeofencingRequest[REMOVE_ALL packageName=com.asdoi.gymwen]
W/Launcher.Model( 2407): Nobody to tell about the new app.  Launcher is probably loading.
I/PackageManager( 1572):   Action: "android.intent.action.SENDTO"
I/PackageManager( 1572):   Category: "android.intent.category.DEFAULT"
I/PackageManager( 1572):   Scheme: "sms"
D/Documents( 3390): Used cached roots for com.android.providers.downloads.documents
D/Documents( 3390): Used cached roots for com.android.externalstorage.documents
D/Documents( 3390): Used cached roots for com.android.providers.media.documents
D/Documents( 3390): Update found 6 roots in 10ms
I/InputReader( 1572): Reconfiguring input devices.  changes=0x00000010
I/PackageManager( 1572): Adding preferred activity ComponentInfo{com.android.mms/com.android.mms.ui.ComposeMessageActivity} for user 0 :
D/VoicemailCleanupService( 1901): Cleaning up data for package: com.asdoi.gymwen
D/dalvikvm( 1812): GC_FOR_ALLOC freed 586K, 19% free 3592K/4392K, paused 4ms, total 4ms
I/PackageManager( 1572):   Action: "android.intent.action.SENDTO"
I/PackageManager( 1572):   Category: "android.intent.category.DEFAULT"
I/PackageManager( 1572):   Scheme: "smsto"
D/BackupManagerService( 1572): Received broadcast Intent { act=android.intent.action.PACKAGE_REMOVED dat=package:com.asdoi.gymwen flg=0x4000010 (has extras) }
V/BackupManagerService( 1572): removePackageParticipantsLocked: uid=10058 #1
I/PackageManager( 1572): Adding preferred activity ComponentInfo{com.android.mms/com.android.mms.ui.ComposeMessageActivity} for user 0 :
I/PackageManager( 1572):   Action: "android.intent.action.SENDTO"
I/PackageManager( 1572):   Category: "android.intent.category.DEFAULT"
I/PackageManager( 1572):   Scheme: "mms"
I/PackageManager( 1572): Adding preferred activity ComponentInfo{com.android.mms/com.android.mms.ui.ComposeMessageActivity} for user 0 :
D/dalvikvm( 2238): GC_EXPLICIT freed 1129K, 16% free 20800K/24632K, paused 1ms+1ms, total 61ms
I/PackageManager( 1572):   Action: "android.intent.action.SENDTO"
I/PackageManager( 1572):   Category: "android.intent.category.DEFAULT"
I/PackageManager( 1572):   Scheme: "mmsto"
I/PackageManager( 1572): Adding preferred activity ComponentInfo{com.android.mms/com.android.mms.ui.ComposeMessageActivity} for user 0 :
I/PackageManager( 1572):   Action: "android.intent.action.SENDTO"
I/PackageManager( 1572):   Category: "android.intent.category.DEFAULT"
I/PackageManager( 1572):   Scheme: "sms"
I/PackageManager( 1572): Adding preferred activity ComponentInfo{com.android.mms/com.android.mms.ui.ComposeMessageActivity} for user 0 :
D/dalvikvm( 1572): GC_EXPLICIT freed 2102K, 43% free 10050K/17392K, paused 11ms+3ms, total 33ms
D/AndroidRuntime( 3431): Shutting down VM
D/jdwp    ( 3431): Got wake-up signal, bailing out of select
