W/ActivityThread( 1572): ClassLoader.loadClass: The class loader returned by Thread.getContextClassLoader() may fail for processes that host multiple applications. You should explicitly specify a context class loader. For example: Thread.setContextClassLoader(getClass().getClassLoader());
D/ConnectivityService( 1572): [CheckMp] isMobileOk: hostnameVerify retVal=true hostname=172.217.13.110 orgUriHost=clients3.google.com
D/ConnectivityService( 1572): [CheckMp] isMobileOk: headers={null=[HTTP/1.1 204 No Content], Alt-Svc=[h3=":443"; ma=2592000,h3-29=":443"; ma=2592000,h3-T051=":443"; ma=2592000,h3-Q050=":443"; ma=2592000,h3-Q046=":443"; ma=2592000,h3-Q043=":443"; ma=2592000,quic=":443"; ma=2592000; v="46,43"], Connection=[close], Content-Length=[0], Date=[Sun, 15 Aug 2021 06:33:14 GMT], X-Android-Received-Millis=[1629009193686], X-Android-Response-Source=[NETWORK 204], X-Android-Selected-Transport=[http/1.1], X-Android-Sent-Millis=[1629009193672]}
D/ConnectivityService( 1572): [CheckMp] isMobileOk: X got expected responseCode=204 result=1
D/ConnectivityService( 1572): [CheckMp] isMobileOk: F stop hipri
D/ConnectivityService( 1572): stopUsingNetworkFeature: teardown net 0: enableHIPRI
D/MobileDataStateTracker( 1572): default: setEnableFailFastMobileData(enabled=0)
D/MobileDataStateTracker( 1572): hipri: Broadcast received: android.intent.action.ANY_DATA_STATE apnType=hipri
D/MobileDataStateTracker( 1572): hipri: Received state=DISCONNECTED, old=CONNECTED, reason=dataDisabled
D/MobileDataStateTracker( 1572): hipri: setDetailed state, old =CONNECTED and new state=DISCONNECTED
D/ConnectivityService( 1572): ConnectivityChange for mobile_hipri: DISCONNECTED/DISCONNECTED
D/Nat464Xlat( 1572): requiresClat: netType=5, hasIPv4Address=true
I/ActivityManager( 1572): Start proc com.android.defcontainer for service com.android.defcontainer/.DefaultContainerService: pid=2153 uid=10003 gids={50003, 1028, 1015, 1023, 2001, 1035}
W/ActivityManager( 1572): No content provider found for permission revoke: file:///data/local/tmp/AndroidRipperService.apk
W/ActivityManager( 1572): No content provider found for permission revoke: file:///data/local/tmp/AndroidRipperService.apk
I/PackageManager( 1572): Copying native libraries to /data/app-lib/vmdl-1347245039
I/PackageParser( 1572): it.unina.android.ripper_service: compat added android.permission.WRITE_EXTERNAL_STORAGE android.permission.READ_PHONE_STATE
I/ActivityManager( 1572): Force stopping it.unina.android.ripper_service appid=10057 user=-1: update pkg
I/PackageManager( 1572): Adding preferred activity ComponentInfo{com.android.mms/com.android.mms.ui.ComposeMessageActivity} for user 0 :
I/PackageManager( 1572): Adding preferred activity ComponentInfo{com.android.mms/com.android.mms.ui.ComposeMessageActivity} for user 0 :
D/BackupManagerService( 1572): Received broadcast Intent { act=android.intent.action.PACKAGE_ADDED dat=package:it.unina.android.ripper_service flg=0x4000010 (has extras) }
V/BackupManagerService( 1572): addPackageParticipantsLocked: #1
I/PackageManager( 1572): Adding preferred activity ComponentInfo{com.android.mms/com.android.mms.ui.ComposeMessageActivity} for user 0 :
I/PackageManager( 1572): Adding preferred activity ComponentInfo{com.android.mms/com.android.mms.ui.ComposeMessageActivity} for user 0 :
I/PackageManager( 1572): Adding preferred activity ComponentInfo{com.android.mms/com.android.mms.ui.ComposeMessageActivity} for user 0 :
I/PackageManager( 1572): Adding preferred activity ComponentInfo{com.android.mms/com.android.mms.ui.ComposeMessageActivity} for user 0 :
I/PackageManager( 1572): Adding preferred activity ComponentInfo{com.android.mms/com.android.mms.ui.ComposeMessageActivity} for user 0 :
I/PackageManager( 1572): Adding preferred activity ComponentInfo{com.android.mms/com.android.mms.ui.ComposeMessageActivity} for user 0 :
I/ActivityManager( 1572): Start proc it.unina.android.ripper_service:android_ripper_service_process for service it.unina.android.ripper_service/.AndroidRipperService: pid=2209 uid=10057 gids={50057, 3003, 1028, 1015}
I/PackageManager( 1572): Adding preferred activity ComponentInfo{com.android.mms/com.android.mms.ui.ComposeMessageActivity} for user 0 :
I/PackageManager( 1572): Adding preferred activity ComponentInfo{com.android.mms/com.android.mms.ui.ComposeMessageActivity} for user 0 :
I/PackageManager( 1572): Adding preferred activity ComponentInfo{com.android.mms/com.android.mms.ui.ComposeMessageActivity} for user 0 :
D/ConnectivityService( 1572): [CheckMp] isMobileOk: X result=1
D/ConnectivityService( 1572): [CheckMp] onPostExecute: result=1
D/ConnectivityService( 1572): CheckMp.onComplete: result=1
D/ConnectivityService( 1572): CheckMp.onComplete: ignore, connected or no connection
I/PackageManager( 1572): Adding preferred activity ComponentInfo{com.android.mms/com.android.mms.ui.ComposeMessageActivity} for user 0 :
I/PackageManager( 1572): Adding preferred activity ComponentInfo{com.android.mms/com.android.mms.ui.ComposeMessageActivity} for user 0 :
I/PackageManager( 1572): Adding preferred activity ComponentInfo{com.android.mms/com.android.mms.ui.ComposeMessageActivity} for user 0 :
I/PackageManager( 1572): Adding preferred activity ComponentInfo{com.android.mms/com.android.mms.ui.ComposeMessageActivity} for user 0 :
I/PackageManager( 1572): Adding preferred activity ComponentInfo{com.android.mms/com.android.mms.ui.ComposeMessageActivity} for user 0 :
I/PackageManager( 1572): Adding preferred activity ComponentInfo{com.android.mms/com.android.mms.ui.ComposeMessageActivity} for user 0 :
I/PackageManager( 1572): Adding preferred activity ComponentInfo{com.android.mms/com.android.mms.ui.ComposeMessageActivity} for user 0 :
I/PackageManager( 1572): Adding preferred activity ComponentInfo{com.android.mms/com.android.mms.ui.ComposeMessageActivity} for user 0 :
I/PackageManager( 1572): Adding preferred activity ComponentInfo{com.android.mms/com.android.mms.ui.ComposeMessageActivity} for user 0 :
I/PackageManager( 1572): Adding preferred activity ComponentInfo{com.android.mms/com.android.mms.ui.ComposeMessageActivity} for user 0 :
I/PackageManager( 1572): Adding preferred activity ComponentInfo{com.android.mms/com.android.mms.ui.ComposeMessageActivity} for user 0 :
I/PackageManager( 1572): Adding preferred activity ComponentInfo{com.android.mms/com.android.mms.ui.ComposeMessageActivity} for user 0 :
I/PackageManager( 1572): Adding preferred activity ComponentInfo{com.android.mms/com.android.mms.ui.ComposeMessageActivity} for user 0 :
I/PackageManager( 1572): Adding preferred activity ComponentInfo{com.android.mms/com.android.mms.ui.ComposeMessageActivity} for user 0 :
I/PackageManager( 1572): Adding preferred activity ComponentInfo{com.android.mms/com.android.mms.ui.ComposeMessageActivity} for user 0 :
I/PackageManager( 1572): Adding preferred activity ComponentInfo{com.android.mms/com.android.mms.ui.ComposeMessageActivity} for user 0 :
I/PackageManager( 1572): Adding preferred activity ComponentInfo{com.android.mms/com.android.mms.ui.ComposeMessageActivity} for user 0 :
I/PackageManager( 1572): Adding preferred activity ComponentInfo{com.android.mms/com.android.mms.ui.ComposeMessageActivity} for user 0 :
I/PackageManager( 1572): Adding preferred activity ComponentInfo{com.android.mms/com.android.mms.ui.ComposeMessageActivity} for user 0 :
I/PackageManager( 1572): Adding preferred activity ComponentInfo{com.android.mms/com.android.mms.ui.ComposeMessageActivity} for user 0 :
I/PackageManager( 1572): Adding preferred activity ComponentInfo{com.android.mms/com.android.mms.ui.ComposeMessageActivity} for user 0 :
I/ActivityManager( 1572): Start proc com.google.android.gms for service com.google.android.gms/.chimera.GmsIntentOperationService: pid=2238 uid=10007 gids={50007, 3003, 1007, 1028, 1015, 3002, 3001, 3007, 2001, 3006}
W/ActivityManager( 1572): No content provider found for permission revoke: file:///sdcard/aut.apk
W/ActivityManager( 1572): No content provider found for permission revoke: file:///sdcard/aut.apk
I/PackageManager( 1572): Copying native libraries to /data/app-lib/vmdl1705941172
W/PackageParser( 1572): Unknown element under <manifest>: module at /data/app/vmdl1705941172.tmp Binary XML file line #29
W/PackageParser( 1572): Unknown element under <manifest>: queries at /data/app/vmdl1705941172.tmp Binary XML file line #45
I/ActivityManager( 1572): Start proc com.android.music for broadcast com.android.music/.MediaButtonIntentReceiver: pid=2316 uid=10036 gids={50036, 3003, 1028, 1015}
W/PackageManager( 1572): Unknown permission android.permission.REQUEST_INSTALL_PACKAGES in package com.asdoi.gymwen
W/PackageManager( 1572): Unknown permission android.permission.ACCESS_NOTIFICATION_POLICY in package com.asdoi.gymwen
W/PackageManager( 1572): Unknown permission android.permission.USE_BIOMETRIC in package com.asdoi.gymwen
W/PackageManager( 1572): Unknown permission android.permission.USE_FINGERPRINT in package com.asdoi.gymwen
I/ActivityManager( 1572): Force stopping com.asdoi.gymwen appid=10058 user=-1: update pkg
I/PackageManager( 1572): Adding preferred activity ComponentInfo{com.android.mms/com.android.mms.ui.ComposeMessageActivity} for user 0 :
I/PackageManager( 1572): Adding preferred activity ComponentInfo{com.android.mms/com.android.mms.ui.ComposeMessageActivity} for user 0 :
I/PackageManager( 1572): Adding preferred activity ComponentInfo{com.android.mms/com.android.mms.ui.ComposeMessageActivity} for user 0 :
I/PackageManager( 1572): Adding preferred activity ComponentInfo{com.android.mms/com.android.mms.ui.ComposeMessageActivity} for user 0 :
D/BackupManagerService( 1572): Received broadcast Intent { act=android.intent.action.PACKAGE_ADDED dat=package:com.asdoi.gymwen flg=0x4000010 (has extras) }
V/BackupManagerService( 1572): addPackageParticipantsLocked: #1
I/PackageManager( 1572): Adding preferred activity ComponentInfo{com.android.mms/com.android.mms.ui.ComposeMessageActivity} for user 0 :
I/PackageManager( 1572): Adding preferred activity ComponentInfo{com.android.mms/com.android.mms.ui.ComposeMessageActivity} for user 0 :
I/PackageManager( 1572): Adding preferred activity ComponentInfo{com.android.mms/com.android.mms.ui.ComposeMessageActivity} for user 0 :
I/PackageManager( 1572): Adding preferred activity ComponentInfo{com.android.mms/com.android.mms.ui.ComposeMessageActivity} for user 0 :
I/ActivityManager( 1572): Start proc com.google.android.googlequicksearchbox for broadcast com.google.android.googlequicksearchbox/com.google.android.searchcommon.summons.icing.InternalIcingCorporaProvider$CorporaChangedReceiver: pid=2358 uid=10013 gids={50013, 3003, 1028, 3002, 1015}
W/ActivityManager( 1572): Unable to start service Intent { act=com.google.android.gms.auth.key.retrieval.service.START pkg=com.google.android.gms } U=0: not found
W/ActivityManager( 1572): Unbind failed: could not find connection for android.os.BinderProxy@9d09bf00
W/ActivityManager( 1572): No content provider found for permission revoke: file:///sdcard/ripper.apk
W/ActivityManager( 1572): No content provider found for permission revoke: file:///sdcard/ripper.apk
I/PackageManager( 1572): Copying native libraries to /data/app-lib/vmdl967320128
I/PackageParser( 1572): it.unina.android.ripper: compat added android.permission.WRITE_EXTERNAL_STORAGE android.permission.READ_PHONE_STATE
I/ActivityManager( 1572): Delay finish: com.google.android.googlequicksearchbox/com.google.android.searchcommon.summons.icing.InternalIcingCorporaProvider$CorporaChangedReceiver
E/ActivityThread( 2358): Failed to find provider info for com.google.android.voicesearch
E/ActivityThread( 2358): Failed to find provider info for com.google.android.partnersetup.rlzappprovider
I/ActivityManager( 1572): Force stopping it.unina.android.ripper appid=10059 user=-1: update pkg
I/ActivityManager( 1572): Resuming delayed broadcast
I/ActivityManager( 1572): Start proc com.google.android.googlequicksearchbox:launcher for broadcast com.google.android.googlequicksearchbox/com.google.android.gel.GelStubAppWatcher: pid=2407 uid=10013 gids={50013, 3003, 1028, 3002, 1015}
D/BackupManagerService( 1572): Received broadcast Intent { act=android.intent.action.PACKAGE_ADDED dat=package:it.unina.android.ripper flg=0x4000010 (has extras) }
V/BackupManagerService( 1572): addPackageParticipantsLocked: #1
I/PackageManager( 1572): Adding preferred activity ComponentInfo{com.android.mms/com.android.mms.ui.ComposeMessageActivity} for user 0 :
I/PackageManager( 1572): Adding preferred activity ComponentInfo{com.android.mms/com.android.mms.ui.ComposeMessageActivity} for user 0 :
I/PackageManager( 1572): Adding preferred activity ComponentInfo{com.android.mms/com.android.mms.ui.ComposeMessageActivity} for user 0 :
I/PackageManager( 1572): Adding preferred activity ComponentInfo{com.android.mms/com.android.mms.ui.ComposeMessageActivity} for user 0 :
I/PackageManager( 1572): Adding preferred activity ComponentInfo{com.android.mms/com.android.mms.ui.ComposeMessageActivity} for user 0 :
I/PackageManager( 1572): Adding preferred activity ComponentInfo{com.android.mms/com.android.mms.ui.ComposeMessageActivity} for user 0 :
I/PackageManager( 1572): Adding preferred activity ComponentInfo{com.android.mms/com.android.mms.ui.ComposeMessageActivity} for user 0 :
I/PackageManager( 1572): Adding preferred activity ComponentInfo{com.android.mms/com.android.mms.ui.ComposeMessageActivity} for user 0 :
I/ActivityManager( 1572): Force stopping com.asdoi.gymwen appid=10058 user=0: start instr
I/ActivityManager( 1572): Start proc com.asdoi.gymwen for added application com.asdoi.gymwen: pid=2478 uid=10058 gids={50058, 3003, 1028, 1015}
W/ActivityManager( 1572): Unable to start service Intent { act=com.google.android.gms.nearby.discovery:ACTION_INIT_MESSAGES_PATH cmp=com.google.android.gms/.nearby.discovery.service.DiscoveryService } U=0: not found
I/ActivityManager( 1572): Start proc com.google.android.gms.ui for service com.google.android.gms/.chimera.UiIntentOperationService: pid=2529 uid=10007 gids={50007, 3003, 1007, 1028, 1015, 3002, 3001, 3007, 2001, 3006}
W/ActivityManager( 1572): Unable to start service Intent { act=com.google.android.gms.nearby.discovery:ACTION_PERMISSION_CHANGE cmp=com.google.android.gms/.nearby.discovery.service.DiscoveryService } U=0: not found
I/ActivityManager( 1572): Start proc com.google.android.calendar for broadcast com.google.android.calendar/com.android.calendar.widget.CalendarAppWidgetService$CalendarFactory: pid=2547 uid=10018 gids={50018, 3003}
I/ActivityManager( 1572): Start proc com.android.deskclock for broadcast com.android.deskclock/.AlarmInitReceiver: pid=2576 uid=10022 gids={50022, 1028}
I/ActivityManager( 1572): Start proc com.android.providers.calendar for content provider com.android.providers.calendar/.CalendarProvider2: pid=2589 uid=10001 gids={50001, 3003, 1028, 1015}
I/ActivityManager( 1572): START u0 {act=android.intent.action.MAIN flg=0x10000000 cmp=com.asdoi.gymwen/.ui.activities.MainActivity} from pid 2478
W/BackupManagerService( 1572): dataChanged but no participant pkg='com.android.providers.settings' uid=10022
I/ActivityManager( 1572): Start proc com.google.android.play.games for broadcast com.google.android.play.games/com.google.android.libraries.notifications.entrypoints.timezonechanged.TimezoneChangedReceiver: pid=2610 uid=10043 gids={50043, 3003}
I/ActivityManager( 1572): START u0 {flg=0x10000000 cmp=com.asdoi.gymwen/.ui.activities.AppIntroActivity} from pid 2478
W/ActivityManager( 1572): Duplicate finish request for ActivityRecord{9d1b3840 u0 com.asdoi.gymwen/.ui.activities.MainActivity t4 f}
I/ActivityManager( 1572): START u0 {flg=0x10000000 cmp=com.asdoi.gymwen/org.acra.dialog.CrashReportDialog (has extras)} from pid 2478
I/ActivityManager( 1572): Process com.asdoi.gymwen (pid 2478) has died.
W/ActivityManager( 1572): Crash of app com.asdoi.gymwen running instrumentation ComponentInfo{it.unina.android.ripper/android.test.InstrumentationTestRunner}
I/ActivityManager( 1572): Force stopping com.asdoi.gymwen appid=10058 user=0: finished inst
I/ActivityManager( 1572):   Force finishing activity ActivityRecord{9d51aa40 u0 com.asdoi.gymwen/org.acra.dialog.CrashReportDialog t5}
I/ActivityManager( 1572): Start proc com.asdoi.gymwen for activity com.asdoi.gymwen/.ui.activities.AppIntroActivity: pid=2652 uid=10058 gids={50058, 3003, 1028, 1015}
I/ActivityManager( 1572):   Force finishing activity ActivityRecord{9d39af28 u0 com.asdoi.gymwen/.ui.activities.AppIntroActivity t4}
W/ActivityManager( 1572): Unable to start service Intent { act=com.google.android.gms.instantapps.START pkg=com.google.android.gms } U=0: not found
W/ActivityManager( 1572): Unbind failed: could not find connection for android.os.BinderProxy@9d531188
I/ActivityManager( 1572): Delaying start of: ServiceRecord{9da4ade0 u0 com.google.android.play.games/com.google.android.libraries.notifications.executor.impl.basic.ChimeExecutorApiService}
W/BroadcastQueue( 1572): Permission Denial: broadcasting Intent { act=android.appwidget.action.APPWIDGET_UPDATE_OPTIONS flg=0x10 cmp=com.android.settings/.widget.SettingsAppWidgetProvider (has extras) } from android (pid=1958, uid=10009) is not exported from uid 1000 due to receiver com.android.settings/.widget.SettingsAppWidgetProvider
I/ActivityManager( 1572): Start proc com.android.dialer for broadcast com.android.dialer/.calllog.CallLogReceiver: pid=2711 uid=10004 gids={50004, 3003, 1028, 1015}
I/ActivityManager( 1572): START u0 {flg=0x10000000 cmp=com.asdoi.gymwen/org.acra.dialog.CrashReportDialog (has extras)} from pid 2652
I/ActivityManager( 1572): Start proc com.asdoi.gymwen:acra for activity com.asdoi.gymwen/org.acra.dialog.CrashReportDialog: pid=2725 uid=10058 gids={50058, 3003, 1028, 1015}
I/ActivityManager( 1572): Delay finish: com.android.dialer/.calllog.CallLogReceiver
I/ActivityManager( 1572): Resuming delayed broadcast
V/WiredAccessoryManager( 1572): init()
I/PowerManagerService( 1572): Boot animation finished.
I/BootReceiver( 1572): Copying audit failures to DropBox
I/BootReceiver( 1572): Checking for fsck errors
I/ActivityManager( 1572): Delay finish: com.android.providers.downloads/.DownloadReceiver
I/ActivityManager( 1572): Resuming delayed broadcast
I/ActivityManager( 1572): Delay finish: com.android.providers.media/.MediaScannerReceiver
I/SystemUpdateService( 1847): cancelUpdate (empty URL)
I/SystemUpdateService( 1847): cancelUpdate (empty URL)
I/ActivityManager( 1572): Start proc com.google.android.gms.unstable for service com.google.android.gms/.droidguard.DroidGuardService: pid=2769 uid=10007 gids={50007, 3003, 1007, 1028, 1015, 3002, 3001, 3007, 2001, 3006}
I/ActivityManager( 1572): Resuming delayed broadcast
I/ActivityManager( 1572): Start proc com.android.mms for broadcast com.android.mms/.transaction.MmsSystemEventReceiver: pid=2790 uid=10010 gids={50010, 3003, 1028, 1015}
D/CountryDetector( 1572): The first listener is added
I/ActivityManager( 1572): Delay finish: com.android.mms/.transaction.MmsSystemEventReceiver
I/ActivityManager( 1572): Resuming delayed broadcast
I/ActivityManager( 1572): Delay finish: com.android.mms/.transaction.SmsReceiver
I/ActivityManager( 1572): Resuming delayed broadcast
I/CertBlacklister( 1572): Certificate blacklist changed, updating...
I/CertBlacklister( 1572): Certificate blacklist updated
I/ActivityManager( 1572): Delay finish: com.google.android.googlequicksearchbox/com.google.android.searchcommon.StartUpReceiver
I/CertBlacklister( 1572): Certificate blacklist changed, updating...
I/CertBlacklister( 1572): Certificate blacklist updated
D/ConnectivityService( 1572): handleInetConditionHoldEnd: net=0, condition=0, published condition=0
I/PackageManager( 1572): Adding preferred activity ComponentInfo{com.android.mms/com.android.mms.ui.ComposeMessageActivity} for user 0 :
I/PackageManager( 1572): Adding preferred activity ComponentInfo{com.android.mms/com.android.mms.ui.ComposeMessageActivity} for user 0 :
I/PackageManager( 1572): Adding preferred activity ComponentInfo{com.android.mms/com.android.mms.ui.ComposeMessageActivity} for user 0 :
I/PackageManager( 1572): Adding preferred activity ComponentInfo{com.android.mms/com.android.mms.ui.ComposeMessageActivity} for user 0 :
I/PackageManager( 1572): Adding preferred activity ComponentInfo{com.android.mms/com.android.mms.ui.ComposeMessageActivity} for user 0 :
I/PackageManager( 1572): Adding preferred activity ComponentInfo{com.android.mms/com.android.mms.ui.ComposeMessageActivity} for user 0 :
I/PackageManager( 1572): Adding preferred activity ComponentInfo{com.android.mms/com.android.mms.ui.ComposeMessageActivity} for user 0 :
I/PackageManager( 1572): Adding preferred activity ComponentInfo{com.android.mms/com.android.mms.ui.ComposeMessageActivity} for user 0 :
I/PackageManager( 1572): Adding preferred activity ComponentInfo{com.android.mms/com.android.mms.ui.ComposeMessageActivity} for user 0 :
I/PackageManager( 1572): Adding preferred activity ComponentInfo{com.android.mms/com.android.mms.ui.ComposeMessageActivity} for user 0 :
I/PackageManager( 1572): Adding preferred activity ComponentInfo{com.android.mms/com.android.mms.ui.ComposeMessageActivity} for user 0 :
I/PackageManager( 1572): Adding preferred activity ComponentInfo{com.android.mms/com.android.mms.ui.ComposeMessageActivity} for user 0 :
I/PackageManager( 1572): Adding preferred activity ComponentInfo{com.android.mms/com.android.mms.ui.ComposeMessageActivity} for user 0 :
I/PackageManager( 1572): Adding preferred activity ComponentInfo{com.android.mms/com.android.mms.ui.ComposeMessageActivity} for user 0 :
I/PackageManager( 1572): Adding preferred activity ComponentInfo{com.android.mms/com.android.mms.ui.ComposeMessageActivity} for user 0 :
I/PackageManager( 1572): Adding preferred activity ComponentInfo{com.android.mms/com.android.mms.ui.ComposeMessageActivity} for user 0 :
I/PackageManager( 1572): Adding preferred activity ComponentInfo{com.android.mms/com.android.mms.ui.ComposeMessageActivity} for user 0 :
I/PackageManager( 1572): Adding preferred activity ComponentInfo{com.android.mms/com.android.mms.ui.ComposeMessageActivity} for user 0 :
I/PackageManager( 1572): Adding preferred activity ComponentInfo{com.android.mms/com.android.mms.ui.ComposeMessageActivity} for user 0 :
I/PackageManager( 1572): Adding preferred activity ComponentInfo{com.android.mms/com.android.mms.ui.ComposeMessageActivity} for user 0 :
I/PackageManager( 1572): Adding preferred activity ComponentInfo{com.android.mms/com.android.mms.ui.ComposeMessageActivity} for user 0 :
I/PackageManager( 1572): Adding preferred activity ComponentInfo{com.android.mms/com.android.mms.ui.ComposeMessageActivity} for user 0 :
I/PackageManager( 1572): Adding preferred activity ComponentInfo{com.android.mms/com.android.mms.ui.ComposeMessageActivity} for user 0 :
I/PackageManager( 1572): Adding preferred activity ComponentInfo{com.android.mms/com.android.mms.ui.ComposeMessageActivity} for user 0 :
W/ActivityManager( 1572): Unable to start service Intent { act=com.google.android.gms.nearby.discovery:ACTION_INIT_MESSAGES_PATH cmp=com.google.android.gms/.nearby.discovery.service.DiscoveryService } U=0: not found
I/CertBlacklister( 1572): Certificate blacklist changed, updating...
I/CertBlacklister( 1572): Certificate blacklist updated
I/ActivityManager( 1572): Resuming delayed broadcast
I/ActivityManager( 1572): Delay finish: com.google.android.calendar/com.android.calendar.alerts.AlertReceiver
I/ActivityManager( 1572): Resuming delayed broadcast
I/ActivityManager( 1572): Delay finish: com.android.email/.service.EmailUpgradeBroadcastReceiver
I/ActivityManager( 1572): Resuming delayed broadcast
I/ActivityManager( 1572): Delay finish: com.android.email/.service.EmailBroadcastReceiver
I/ActivityManager( 1572): Delaying start of: ServiceRecord{9d949630 u0 com.android.exchange/.service.EmailSyncAdapterService}
I/ActivityManager( 1572): Resuming delayed broadcast
I/ActivityManager( 1572): Delay finish: com.google.android.syncadapters.contacts/.ContactsSyncAdapterBroadcastReceiver
I/ActivityManager( 1572): Resuming delayed broadcast
I/ActivityManager( 1572): Delay finish: com.android.providers.contacts/.PackageIntentReceiver
I/ActivityManager( 1572): Resuming delayed broadcast
I/ActivityManager( 1572): Delay finish: com.google.android.googlequicksearchbox/com.google.android.searchcommon.summons.icing.InternalIcingCorporaProvider$CorporaChangedReceiver
W/ActivityManager( 1572): Unable to start service Intent { act=com.google.android.gms.auth.key.retrieval.service.START pkg=com.google.android.gms } U=0: not found
W/ActivityManager( 1572): Unbind failed: could not find connection for android.os.BinderProxy@9d9c8b70
I/ActivityManager( 1572): Resuming delayed broadcast
I/ActivityManager( 1572): Start proc com.svox.pico for broadcast com.svox.pico/.VoiceDataInstallerReceiver: pid=2981 uid=10041 gids={50041, 1028, 1015}
I/ActivityManager( 1572): Delay finish: com.android.providers.contacts/.PackageIntentReceiver
I/ActivityManager( 1572): Resuming delayed broadcast
I/ActivityManager( 1572): Killing 1973:com.android.externalstorage/u0a6 (adj 15): empty #17
I/ActivityManager( 1572): Delay finish: com.google.android.googlequicksearchbox/com.google.android.searchcommon.summons.icing.InternalIcingCorporaProvider$CorporaChangedReceiver
I/ActivityManager( 1572): Resuming delayed broadcast
I/ActivityManager( 1572): Delay finish: com.google.android.googlequicksearchbox/com.google.android.searchcommon.summons.icing.InternalIcingCorporaProvider$CorporaChangedReceiver
I/ActivityManager( 1572): Resuming delayed broadcast
I/ActivityManager( 1572): Delay finish: com.google.android.googlequicksearchbox/com.google.android.searchcommon.summons.icing.InternalIcingCorporaProvider$CorporaChangedReceiver
I/ActivityManager( 1572): Resuming delayed broadcast
I/ActivityManager( 1572): Delay finish: com.google.android.googlequicksearchbox/com.google.android.searchcommon.summons.icing.InternalIcingCorporaProvider$CorporaChangedReceiver
W/ActivityManager( 1572): Unable to start service Intent { act=com.google.android.gms.auth.key.retrieval.service.START pkg=com.google.android.gms } U=0: not found
W/ActivityManager( 1572): Unbind failed: could not find connection for android.os.BinderProxy@9d3c0340
I/ActivityManager( 1572): Resuming delayed broadcast
I/ActivityManager( 1572): Delay finish: com.google.android.googlequicksearchbox/com.google.android.searchcommon.summons.icing.InternalIcingCorporaProvider$CorporaChangedReceiver
I/ActivityManager( 1572): Resuming delayed broadcast
I/ActivityManager( 1572): Delay finish: com.google.android.calendar/com.android.calendar.alerts.AlertReceiver
I/ActivityManager( 1572): Killing 1883:com.android.printspooler/u0a44 (adj 15): empty #17
I/ActivityManager( 1572): Waited long enough for: ServiceRecord{9d2d2058 u0 com.android.music/.MediaPlaybackService}
I/ActivityManager( 1572): Resuming delayed broadcast
I/ActivityManager( 1572): Delay finish: com.android.mms/.transaction.SmsReceiver
I/ActivityManager( 1572): Resuming delayed broadcast
I/SystemUpdateService( 1847): cancelUpdate (empty URL)
I/SystemUpdateService( 1847): cancelUpdate (empty URL)
W/ActivityManager( 1572): Unable to start service Intent { act=com.google.android.gms.auth.key.retrieval.service.START pkg=com.google.android.gms } U=0: not found
W/ActivityManager( 1572): Unbind failed: could not find connection for android.os.BinderProxy@9d30d4f0
I/ActivityManager( 1572): Delay finish: com.google.android.gms/.stats.service.DropBoxEntryAddedReceiver
I/ActivityManager( 1572): Resuming delayed broadcast
I/ActivityManager( 1572): Delay finish: com.google.android.googlequicksearchbox/com.google.android.searchcommon.summons.icing.InternalIcingCorporaProvider$CorporaChangedReceiver
I/ActivityManager( 1572): Resuming delayed broadcast
I/ActivityManager( 1572): Delay finish: com.google.android.googlequicksearchbox/com.google.android.searchcommon.summons.icing.InternalIcingCorporaProvider$CorporaChangedReceiver
I/ActivityManager( 1572): Resuming delayed broadcast
I/ActivityManager( 1572): Delay finish: com.google.android.googlequicksearchbox/com.google.android.searchcommon.summons.icing.InternalIcingCorporaProvider$CorporaChangedReceiver
I/ActivityManager( 1572): Resuming delayed broadcast
W/ActivityThread( 1862): ClassLoader.loadClass: The class loader returned by Thread.getContextClassLoader() may fail for processes that host multiple applications. You should explicitly specify a context class loader. For example: Thread.setContextClassLoader(getClass().getClassLoader());
I/ActivityManager( 1572): Delay finish: com.android.providers.calendar/.CalendarProviderBroadcastReceiver
I/ActivityManager( 1572): Resuming delayed broadcast
I/ActivityManager( 1572): Delay finish: com.google.android.gsf/.update.SystemUpdateService$Receiver
I/SystemUpdateService( 1847): cancelUpdate (empty URL)
I/SystemUpdateService( 1847): cancelUpdate (empty URL)
I/ActivityManager( 1572): Resuming delayed broadcast
I/ActivityManager( 1572): Delay finish: com.google.android.gms/.auth.account.be.channelid.ChannelBindingBroadcastReceiver
I/ActivityManager( 1572): Resuming delayed broadcast
W/ActivityManager( 1572): Unable to start service Intent { act=com.google.android.gms.auth.key.retrieval.service.START pkg=com.google.android.gms } U=0: not found
W/ActivityManager( 1572): Unbind failed: could not find connection for android.os.BinderProxy@9d9c5e00
I/ActivityManager( 1572): Delay finish: com.google.android.googlequicksearchbox/com.google.android.searchcommon.GservicesBroadcastReceiver
I/ActivityManager( 1572): Resuming delayed broadcast
D/ConnectivityService( 1572): handleInetConditionHoldEnd: net=0, condition=100, published condition=0
I/ActivityManager( 1572): Start proc com.google.android.play.games.ui for broadcast com.google.android.play.games/com.google.android.apps.play.games.features.experiments.PhenotypeBroadcastReceiver: pid=3092 uid=10043 gids={50043, 3003}
W/ActivityManager( 1572): Unable to start service Intent { act=com.google.android.gms.instantapps.START pkg=com.google.android.gms } U=0: not found
W/ActivityManager( 1572): Unbind failed: could not find connection for android.os.BinderProxy@9db06c38
I/ActivityManager( 1572): Killing 2652:com.asdoi.gymwen/u0a58 (adj 15): empty #17
W/ActivityManager( 1572): Unable to start service Intent { act=com.google.android.gms.auth.key.retrieval.service.START pkg=com.google.android.gms } U=0: not found
W/ActivityManager( 1572): Unbind failed: could not find connection for android.os.BinderProxy@9d53c750
W/ActivityManager( 1572): Unable to start service Intent { act=com.google.android.gms.auth.key.retrieval.service.START pkg=com.google.android.gms } U=0: not found
W/ActivityManager( 1572): Unbind failed: could not find connection for android.os.BinderProxy@9d39d028
I/PackageManager( 1572): Adding preferred activity ComponentInfo{com.android.mms/com.android.mms.ui.ComposeMessageActivity} for user 0 :
I/PackageManager( 1572): Adding preferred activity ComponentInfo{com.android.mms/com.android.mms.ui.ComposeMessageActivity} for user 0 :
I/PackageManager( 1572): Adding preferred activity ComponentInfo{com.android.mms/com.android.mms.ui.ComposeMessageActivity} for user 0 :
I/PackageManager( 1572): Adding preferred activity ComponentInfo{com.android.mms/com.android.mms.ui.ComposeMessageActivity} for user 0 :
I/PackageManager( 1572): Adding preferred activity ComponentInfo{com.android.mms/com.android.mms.ui.ComposeMessageActivity} for user 0 :
I/PackageManager( 1572): Adding preferred activity ComponentInfo{com.android.mms/com.android.mms.ui.ComposeMessageActivity} for user 0 :
I/PackageManager( 1572): Adding preferred activity ComponentInfo{com.android.mms/com.android.mms.ui.ComposeMessageActivity} for user 0 :
I/PackageManager( 1572): Adding preferred activity ComponentInfo{com.android.mms/com.android.mms.ui.ComposeMessageActivity} for user 0 :
I/PackageManager( 1572): Adding preferred activity ComponentInfo{com.android.mms/com.android.mms.ui.ComposeMessageActivity} for user 0 :
I/PackageManager( 1572): Adding preferred activity ComponentInfo{com.android.mms/com.android.mms.ui.ComposeMessageActivity} for user 0 :
I/PackageManager( 1572): Adding preferred activity ComponentInfo{com.android.mms/com.android.mms.ui.ComposeMessageActivity} for user 0 :
I/PackageManager( 1572): Adding preferred activity ComponentInfo{com.android.mms/com.android.mms.ui.ComposeMessageActivity} for user 0 :
I/PackageManager( 1572): Adding preferred activity ComponentInfo{com.android.mms/com.android.mms.ui.ComposeMessageActivity} for user 0 :
I/PackageManager( 1572): Adding preferred activity ComponentInfo{com.android.mms/com.android.mms.ui.ComposeMessageActivity} for user 0 :
I/PackageManager( 1572): Adding preferred activity ComponentInfo{com.android.mms/com.android.mms.ui.ComposeMessageActivity} for user 0 :
I/PackageManager( 1572): Adding preferred activity ComponentInfo{com.android.mms/com.android.mms.ui.ComposeMessageActivity} for user 0 :
I/PackageManager( 1572): Adding preferred activity ComponentInfo{com.android.mms/com.android.mms.ui.ComposeMessageActivity} for user 0 :
I/PackageManager( 1572): Adding preferred activity ComponentInfo{com.android.mms/com.android.mms.ui.ComposeMessageActivity} for user 0 :
I/PackageManager( 1572): Adding preferred activity ComponentInfo{com.android.mms/com.android.mms.ui.ComposeMessageActivity} for user 0 :
I/PackageManager( 1572): Adding preferred activity ComponentInfo{com.android.mms/com.android.mms.ui.ComposeMessageActivity} for user 0 :
I/PackageManager( 1572): Adding preferred activity ComponentInfo{com.android.mms/com.android.mms.ui.ComposeMessageActivity} for user 0 :
I/PackageManager( 1572): Adding preferred activity ComponentInfo{com.android.mms/com.android.mms.ui.ComposeMessageActivity} for user 0 :
I/PackageManager( 1572): Adding preferred activity ComponentInfo{com.android.mms/com.android.mms.ui.ComposeMessageActivity} for user 0 :
I/PackageManager( 1572): Adding preferred activity ComponentInfo{com.android.mms/com.android.mms.ui.ComposeMessageActivity} for user 0 :
I/PackageManager( 1572): Adding preferred activity ComponentInfo{com.android.mms/com.android.mms.ui.ComposeMessageActivity} for user 0 :
I/PackageManager( 1572): Adding preferred activity ComponentInfo{com.android.mms/com.android.mms.ui.ComposeMessageActivity} for user 0 :
I/PackageManager( 1572): Adding preferred activity ComponentInfo{com.android.mms/com.android.mms.ui.ComposeMessageActivity} for user 0 :
I/PackageManager( 1572): Adding preferred activity ComponentInfo{com.android.mms/com.android.mms.ui.ComposeMessageActivity} for user 0 :
I/PackageManager( 1572): Adding preferred activity ComponentInfo{com.android.mms/com.android.mms.ui.ComposeMessageActivity} for user 0 :
I/PackageManager( 1572): Adding preferred activity ComponentInfo{com.android.mms/com.android.mms.ui.ComposeMessageActivity} for user 0 :
I/PackageManager( 1572): Adding preferred activity ComponentInfo{com.android.mms/com.android.mms.ui.ComposeMessageActivity} for user 0 :
I/PackageManager( 1572): Adding preferred activity ComponentInfo{com.android.mms/com.android.mms.ui.ComposeMessageActivity} for user 0 :
I/PackageManager( 1572): Adding preferred activity ComponentInfo{com.android.mms/com.android.mms.ui.ComposeMessageActivity} for user 0 :
I/PackageManager( 1572): Adding preferred activity ComponentInfo{com.android.mms/com.android.mms.ui.ComposeMessageActivity} for user 0 :
I/PackageManager( 1572): Adding preferred activity ComponentInfo{com.android.mms/com.android.mms.ui.ComposeMessageActivity} for user 0 :
I/PackageManager( 1572): Adding preferred activity ComponentInfo{com.android.mms/com.android.mms.ui.ComposeMessageActivity} for user 0 :
I/PackageManager( 1572): Adding preferred activity ComponentInfo{com.android.mms/com.android.mms.ui.ComposeMessageActivity} for user 0 :
I/PackageManager( 1572): Adding preferred activity ComponentInfo{com.android.mms/com.android.mms.ui.ComposeMessageActivity} for user 0 :
I/PackageManager( 1572): Adding preferred activity ComponentInfo{com.android.mms/com.android.mms.ui.ComposeMessageActivity} for user 0 :
I/PackageManager( 1572): Adding preferred activity ComponentInfo{com.android.mms/com.android.mms.ui.ComposeMessageActivity} for user 0 :
W/ActivityManager( 1572): Unable to start service Intent { act=com.google.android.gms.auth.key.retrieval.service.START pkg=com.google.android.gms } U=0: not found
W/ActivityManager( 1572): Unbind failed: could not find connection for android.os.BinderProxy@9d78d588
W/ActivityManager( 1572): Unable to start service Intent { act=com.google.android.gms.auth.key.retrieval.service.START pkg=com.google.android.gms } U=0: not found
W/ActivityManager( 1572): Unbind failed: could not find connection for android.os.BinderProxy@9d3ad780
W/ActivityManager( 1572): Unable to start service Intent { act=com.google.android.gms.auth.key.retrieval.service.START pkg=com.google.android.gms } U=0: not found
W/ActivityManager( 1572): Unbind failed: could not find connection for android.os.BinderProxy@9d9aba40
W/ActivityManager( 1572): Unable to start service Intent { act=com.google.android.gms.auth.key.retrieval.service.START pkg=com.google.android.gms } U=0: not found
W/ActivityManager( 1572): Unbind failed: could not find connection for android.os.BinderProxy@9d3b6aa0
W/ActivityManager( 1572): Unable to start service Intent { act=com.google.android.gms.auth.key.retrieval.service.START pkg=com.google.android.gms } U=0: not found
W/ActivityManager( 1572): Unbind failed: could not find connection for android.os.BinderProxy@9d6cca80
W/ActivityManager( 1572): Unable to start service Intent { act=com.google.android.gms.auth.key.retrieval.service.START pkg=com.google.android.gms } U=0: not found
W/ActivityManager( 1572): Unbind failed: could not find connection for android.os.BinderProxy@9da4bef8
W/ActivityManager( 1572): Unable to start service Intent { act=com.google.android.gms.auth.key.retrieval.service.START pkg=com.google.android.gms } U=0: not found
W/ActivityManager( 1572): Unbind failed: could not find connection for android.os.BinderProxy@9d6cdea0
W/ActivityManager( 1572): Unable to start service Intent { act=com.google.android.gms.auth.key.retrieval.service.START pkg=com.google.android.gms } U=0: not found
W/ActivityManager( 1572): Unbind failed: could not find connection for android.os.BinderProxy@9d21b628
W/ActivityManager( 1572): Unable to start service Intent { act=com.google.android.gms.auth.key.retrieval.service.START pkg=com.google.android.gms } U=0: not found
W/ActivityManager( 1572): Unbind failed: could not find connection for android.os.BinderProxy@9d567800
W/ActivityManager( 1572): Unable to start service Intent { act=com.google.android.gms.auth.key.retrieval.service.START pkg=com.google.android.gms } U=0: not found
W/ActivityManager( 1572): Unbind failed: could not find connection for android.os.BinderProxy@9d35bab0
W/ActivityManager( 1572): Unable to start service Intent { act=com.google.android.gms.auth.key.retrieval.service.START pkg=com.google.android.gms } U=0: not found
W/ActivityManager( 1572): Unbind failed: could not find connection for android.os.BinderProxy@9d1ef628
W/ActivityManager( 1572): Unable to start service Intent { act=com.google.android.gms.auth.key.retrieval.service.START pkg=com.google.android.gms } U=0: not found
W/ActivityManager( 1572): Unbind failed: could not find connection for android.os.BinderProxy@9d9c3dc0
I/ActivityManager( 1572): Waited long enough for: ServiceRecord{9da737b8 u0 com.google.android.calendar/com.android.calendar.alerts.InitAlarmsService}
I/ActivityManager( 1572): Killing 2711:com.android.dialer/u0a4 (adj 15): empty #17
I/PackageManager( 1572): Adding preferred activity ComponentInfo{com.android.mms/com.android.mms.ui.ComposeMessageActivity} for user 0 :
I/PackageManager( 1572): Adding preferred activity ComponentInfo{com.android.mms/com.android.mms.ui.ComposeMessageActivity} for user 0 :
I/PackageManager( 1572): Adding preferred activity ComponentInfo{com.android.mms/com.android.mms.ui.ComposeMessageActivity} for user 0 :
I/PackageManager( 1572): Adding preferred activity ComponentInfo{com.android.mms/com.android.mms.ui.ComposeMessageActivity} for user 0 :
I/PackageManager( 1572): Adding preferred activity ComponentInfo{com.android.mms/com.android.mms.ui.ComposeMessageActivity} for user 0 :
I/PackageManager( 1572): Adding preferred activity ComponentInfo{com.android.mms/com.android.mms.ui.ComposeMessageActivity} for user 0 :
I/PackageManager( 1572): Adding preferred activity ComponentInfo{com.android.mms/com.android.mms.ui.ComposeMessageActivity} for user 0 :
I/PackageManager( 1572): Adding preferred activity ComponentInfo{com.android.mms/com.android.mms.ui.ComposeMessageActivity} for user 0 :
I/PackageManager( 1572): Adding preferred activity ComponentInfo{com.android.mms/com.android.mms.ui.ComposeMessageActivity} for user 0 :
I/PackageManager( 1572): Adding preferred activity ComponentInfo{com.android.mms/com.android.mms.ui.ComposeMessageActivity} for user 0 :
I/PackageManager( 1572): Adding preferred activity ComponentInfo{com.android.mms/com.android.mms.ui.ComposeMessageActivity} for user 0 :
I/PackageManager( 1572): Adding preferred activity ComponentInfo{com.android.mms/com.android.mms.ui.ComposeMessageActivity} for user 0 :
I/PackageManager( 1572): Adding preferred activity ComponentInfo{com.android.mms/com.android.mms.ui.ComposeMessageActivity} for user 0 :
I/PackageManager( 1572): Adding preferred activity ComponentInfo{com.android.mms/com.android.mms.ui.ComposeMessageActivity} for user 0 :
I/PackageManager( 1572): Adding preferred activity ComponentInfo{com.android.mms/com.android.mms.ui.ComposeMessageActivity} for user 0 :
I/PackageManager( 1572): Adding preferred activity ComponentInfo{com.android.mms/com.android.mms.ui.ComposeMessageActivity} for user 0 :
I/ActivityManager( 1572): Killing 2153:com.android.defcontainer/u0a3 (adj 15): empty #17
D/ConnectivityService( 1572): Sampling interval elapsed, updating statistics ..
D/ConnectivityService( 1572): Done.
D/ConnectivityService( 1572): Setting timer for 720seconds
I/ActivityManager( 1572): Killing 2316:com.android.music/u0a36 (adj 15): empty #17
--------- beginning of /dev/log/main
I/DynamiteModule( 1847): Considering local module providerinstaller:0 and remote module providerinstaller:0
I/DynamiteModule( 1847): Considering local module providerinstaller:0 and remote module providerinstaller:0
W/Conscrypt( 1847): Could not set socket write timeout: java.net.SocketException: Socket closed
W/Conscrypt( 1847): 	at com.google.android.gms.org.conscrypt.Platform.setSocketWriteTimeout(:com.google.android.gms@202414005@20.24.14 (000700-319035315):2)
W/Conscrypt( 1847): 	at com.google.android.gms.org.conscrypt.ConscryptFileDescriptorSocket.setSoWriteTimeout(:com.google.android.gms@202414005@20.24.14 (000700-319035315):0)
D/dalvikvm( 1847): GC_FOR_ALLOC freed 950K, 16% free 6419K/7624K, paused 4ms, total 4ms
W/Conscrypt( 1847): Could not set socket write timeout: java.net.SocketException: Socket closed
W/Conscrypt( 1847): 	at com.google.android.gms.org.conscrypt.Platform.setSocketWriteTimeout(:com.google.android.gms@202414005@20.24.14 (000700-319035315):2)
W/Conscrypt( 1847): 	at com.google.android.gms.org.conscrypt.ConscryptFileDescriptorSocket.setSoWriteTimeout(:com.google.android.gms@202414005@20.24.14 (000700-319035315):0)
W/GLSUser ( 1847): [AppCertManager] IOException while requesting key: 
W/GLSUser ( 1847): java.io.IOException: Invalid device key response.
W/GLSUser ( 1847): 	at gtl.a(:com.google.android.gms@202414005@20.24.14 (000700-319035315):49)
W/GLSUser ( 1847): 	at gtj.b(:com.google.android.gms@202414005@20.24.14 (000700-319035315):2)
W/GLSUser ( 1847): 	at gte.a(:com.google.android.gms@202414005@20.24.14 (000700-319035315):0)
W/GLSUser ( 1847): 	at gth.a(:com.google.android.gms@202414005@20.24.14 (000700-319035315):10)
W/GLSUser ( 1847): 	at eyt.call(:com.google.android.gms@202414005@20.24.14 (000700-319035315):0)
W/GLSUser ( 1847): 	at java.util.concurrent.FutureTask.run(FutureTask.java:237)
W/GLSUser ( 1847): 	at nlp.b(:com.google.android.gms@202414005@20.24.14 (000700-319035315):12)
W/GLSUser ( 1847): 	at nlp.run(:com.google.android.gms@202414005@20.24.14 (000700-319035315):7)
W/GLSUser ( 1847): 	at java.util.concurrent.ThreadPoolExecutor.runWorker(ThreadPoolExecutor.java:1112)
W/GLSUser ( 1847): 	at java.util.concurrent.ThreadPoolExecutor$Worker.run(ThreadPoolExecutor.java:587)
W/GLSUser ( 1847): 	at nrd.run(:com.google.android.gms@202414005@20.24.14 (000700-319035315):0)
W/GLSUser ( 1847): 	at java.lang.Thread.run(Thread.java:841)
I/NetworkScheduler.Stats( 1785): Task com.google.android.gms/com.google.android.gms.auth.account.be.legacy.AuthCronService finished executing. cause:4 result: 3 elapsed_millis: 408 uptime_millis: 408 exec_start_elapsed_seconds: 100 [CONTEXT service_id=218 ]
I/NetworkScheduler.Stats( 1785): Task com.google.android.gms/com.google.android.gms.clearcut.uploader.QosUploaderService started execution. cause:5 exec_start_elapsed_seconds: 100 [CONTEXT service_id=218 ]
E/dalvikvm( 1785): Could not find class 'android.system.ErrnoException', referenced from method mck.a
W/dalvikvm( 1785): VFY: unable to resolve instanceof 1082 (Landroid/system/ErrnoException;) in Lmck;
D/dalvikvm( 1785): VFY: replacing opcode 0x20 at 0x000a
W/Conscrypt( 1785): Could not set socket write timeout: java.net.SocketException: Socket closed
W/Conscrypt( 1785): 	at com.google.android.gms.org.conscrypt.Platform.setSocketWriteTimeout(:com.google.android.gms@202414005@20.24.14 (000700-319035315):2)
W/Conscrypt( 1785): 	at com.google.android.gms.org.conscrypt.ConscryptFileDescriptorSocket.setSoWriteTimeout(:com.google.android.gms@202414005@20.24.14 (000700-319035315):0)
W/Conscrypt( 1785): Could not set socket write timeout: java.net.SocketException: Socket closed
W/Conscrypt( 1785): 	at com.google.android.gms.org.conscrypt.Platform.setSocketWriteTimeout(:com.google.android.gms@202414005@20.24.14 (000700-319035315):2)
W/Conscrypt( 1785): 	at com.google.android.gms.org.conscrypt.ConscryptFileDescriptorSocket.setSoWriteTimeout(:com.google.android.gms@202414005@20.24.14 (000700-319035315):0)
D/dalvikvm( 1785): GC_FOR_ALLOC freed 2321K, 24% free 10047K/13196K, paused 9ms, total 9ms
W/Conscrypt( 1785): Could not set socket write timeout: java.net.SocketException: Socket closed
W/Conscrypt( 1785): 	at com.google.android.gms.org.conscrypt.Platform.setSocketWriteTimeout(:com.google.android.gms@202414005@20.24.14 (000700-319035315):2)
W/Conscrypt( 1785): 	at com.google.android.gms.org.conscrypt.ConscryptFileDescriptorSocket.setSoWriteTimeout(:com.google.android.gms@202414005@20.24.14 (000700-319035315):0)
W/Conscrypt( 1785): Could not set socket write timeout: java.net.SocketException: Socket closed
W/Conscrypt( 1785): 	at com.google.android.gms.org.conscrypt.Platform.setSocketWriteTimeout(:com.google.android.gms@202414005@20.24.14 (000700-319035315):2)
W/Conscrypt( 1785): 	at com.google.android.gms.org.conscrypt.ConscryptFileDescriptorSocket.setSoWriteTimeout(:com.google.android.gms@202414005@20.24.14 (000700-319035315):0)
I/NetworkScheduler.Stats( 1785): Task com.google.android.gms/com.google.android.gms.clearcut.uploader.QosUploaderService finished executing. cause:5 result: 1 elapsed_millis: 612 uptime_millis: 612 exec_start_elapsed_seconds: 100 [CONTEXT service_id=218 ]
I/NetworkScheduler.Stats( 1785): Task com.google.android.gms/com.google.android.gms.chimera.container.ConfigService started execution. cause:5 exec_start_elapsed_seconds: 101 [CONTEXT service_id=218 ]
I/ChimeraConfigurator( 2238): Starting update, reason: 1 urgentFeatures: 
E/ConfigFileUtils( 2238): Failed to read config file: /data/data/com.google.android.gms/app_chimera/next_container.pb: open failed: ENOENT (No such file or directory)
I/ChmraDebugLogger( 2238): [73] 1801
I/ChmraDebugLogger( 2238): [30] [VisionOcr.optional:202414000700] permitMetered=true,
I/ChimeraConfigService( 2238): Scheduling checkin for one-off execution between [3300,43200] seconds from now (1629009279433)
I/ChimeraConfigService( 2238): Scheduling checkin every 43200 seconds, with flex of 1800 seconds
I/NetworkScheduler.Stats( 1785): Task com.google.android.gms/com.google.android.gms.chimera.container.ConfigService finished executing. cause:5 result: 2 elapsed_millis: 59 uptime_millis: 59 exec_start_elapsed_seconds: 101 [CONTEXT service_id=218 ]
I/NetworkScheduler.Stats( 1785): Task com.google.android.gms/com.google.android.gms.telephonyspam.sync.SpamListSyncTaskService started execution. cause:5 exec_start_elapsed_seconds: 101 [CONTEXT service_id=218 ]
I/TelephonySpam( 2238): TelephonySpamChimeraService - Running Telephony Spam Chimera Service
I/NetworkScheduler.Stats( 1785): Task com.google.android.gms/com.google.android.gms.telephonyspam.sync.SpamListSyncTaskService finished executing. cause:5 result: 2 elapsed_millis: 10 uptime_millis: 10 exec_start_elapsed_seconds: 101 [CONTEXT service_id=218 ]
D/dalvikvm( 2209): GC_FOR_ALLOC freed 512K, 19% free 3081K/3784K, paused 2ms, total 2ms
V/RipperService( 2209): PING
V/AndroidRipperService( 2209): mHandler.handleMessage() RECIVED
V/AndroidRipperService( 2209): broadcast()
V/AndroidRipperService( 2209): broadcast() done
V/        ( 2209): ready
V/RipperService( 2209): PING
V/AndroidRipperService( 2209): mHandler.handleMessage() RECIVED
V/AndroidRipperService( 2209): broadcast()
V/AndroidRipperService( 2209): broadcast() done
V/        ( 2209): ready
V/RipperService( 2209): PING
V/AndroidRipperService( 2209): mHandler.handleMessage() RECIVED
V/AndroidRipperService( 2209): broadcast()
V/AndroidRipperService( 2209): broadcast() done
V/        ( 2209): ready
V/RipperService( 2209): PING
V/AndroidRipperService( 2209): mHandler.handleMessage() RECIVED
