I/ActivityManager( 1570): Killing 2685:com.android.mms/u0a10 (adj 15): empty #17
D/CountryDetector( 1570): No listener is left
I/NetworkScheduler.Stats( 1779): Task com.google.android.gms/com.google.android.gms.auth.account.be.legacy.AuthCronService started execution. cause:4 exec_start_elapsed_seconds: 96 [CONTEXT service_id=218 ]
D/dalvikvm( 1779): GC_FOR_ALLOC freed 1814K, 21% free 10375K/12972K, paused 9ms, total 9ms
I/dalvikvm( 1844): Could not find method android.content.Context.getDrawable, referenced from method jk.a
W/dalvikvm( 1844): VFY: unable to resolve virtual method 2472: Landroid/content/Context;.getDrawable (I)Landroid/graphics/drawable/Drawable;
D/dalvikvm( 1844): VFY: replacing opcode 0x6e at 0x0006
I/dalvikvm( 1844): Could not find method android.content.Context.getNoBackupFilesDir, referenced from method jk.b
W/dalvikvm( 1844): VFY: unable to resolve virtual method 2480: Landroid/content/Context;.getNoBackupFilesDir ()Ljava/io/File;
D/dalvikvm( 1844): VFY: replacing opcode 0x6e at 0x0006
W/dalvikvm( 1844): VFY: unable to find class referenced in signature (Landroid/net/Network;)
W/dalvikvm( 1844): VFY: unable to find class referenced in signature (Landroid/net/Network;)
I/dalvikvm( 1844): Could not find method android.net.Network.openConnection, referenced from method wna.a
W/dalvikvm( 1844): VFY: unable to resolve virtual method 5072: Landroid/net/Network;.openConnection (Ljava/net/URL;)Ljava/net/URLConnection;
D/dalvikvm( 1844): VFY: replacing opcode 0x6e at 0x008f
I/Auth    ( 1844): [ReflectiveChannelBinder] Successfully bound channel!
I/dalvikvm( 1844): Could not find method android.os.PowerManager.isInteractive, referenced from method nol.a
W/dalvikvm( 1844): VFY: unable to resolve virtual method 4227: Landroid/os/PowerManager;.isInteractive ()Z
D/dalvikvm( 1844): VFY: replacing opcode 0x6e at 0x0006
I/NetworkScheduler.Stats( 1779): Task com.google.android.gms/com.google.android.gms.clearcut.uploader.QosUploaderService started execution. cause:1 exec_start_elapsed_seconds: 96 [CONTEXT service_id=218 ]
W/ProviderHelper( 1844): Unknown dynamite feature providerinstaller
I/DynamiteModule( 1844): Considering local module providerinstaller:0 and remote module providerinstaller:0
I/DynamiteModule( 1844): Considering local module providerinstaller:0 and remote module providerinstaller:0
W/Conscrypt( 1844): Could not set socket write timeout: java.net.SocketException: Socket closed
W/Conscrypt( 1844): 	at com.google.android.gms.org.conscrypt.Platform.setSocketWriteTimeout(:com.google.android.gms@202414005@20.24.14 (000700-319035315):2)
W/Conscrypt( 1844): 	at com.google.android.gms.org.conscrypt.ConscryptFileDescriptorSocket.setSoWriteTimeout(:com.google.android.gms@202414005@20.24.14 (000700-319035315):0)
E/dalvikvm( 1779): Could not find class 'android.system.ErrnoException', referenced from method mck.a
W/dalvikvm( 1779): VFY: unable to resolve instanceof 1082 (Landroid/system/ErrnoException;) in Lmck;
D/dalvikvm( 1779): VFY: replacing opcode 0x20 at 0x000a
W/Conscrypt( 1844): Could not set socket write timeout: java.net.SocketException: Socket closed
D/dalvikvm( 1844): GC_FOR_ALLOC freed 876K, 16% free 6387K/7588K, paused 7ms, total 7ms
W/Conscrypt( 1844): 	at com.google.android.gms.org.conscrypt.Platform.setSocketWriteTimeout(:com.google.android.gms@202414005@20.24.14 (000700-319035315):2)
W/Conscrypt( 1844): 	at com.google.android.gms.org.conscrypt.ConscryptFileDescriptorSocket.setSoWriteTimeout(:com.google.android.gms@202414005@20.24.14 (000700-319035315):0)
W/GLSUser ( 1844): [AppCertManager] IOException while requesting key: 
W/GLSUser ( 1844): java.io.IOException: Invalid device key response.
W/GLSUser ( 1844): 	at gtl.a(:com.google.android.gms@202414005@20.24.14 (000700-319035315):49)
W/GLSUser ( 1844): 	at gtj.b(:com.google.android.gms@202414005@20.24.14 (000700-319035315):2)
W/GLSUser ( 1844): 	at gte.a(:com.google.android.gms@202414005@20.24.14 (000700-319035315):0)
W/GLSUser ( 1844): 	at gth.a(:com.google.android.gms@202414005@20.24.14 (000700-319035315):10)
W/GLSUser ( 1844): 	at eyt.call(:com.google.android.gms@202414005@20.24.14 (000700-319035315):0)
W/GLSUser ( 1844): 	at java.util.concurrent.FutureTask.run(FutureTask.java:237)
W/GLSUser ( 1844): 	at nlp.b(:com.google.android.gms@202414005@20.24.14 (000700-319035315):12)
W/GLSUser ( 1844): 	at nlp.run(:com.google.android.gms@202414005@20.24.14 (000700-319035315):7)
W/GLSUser ( 1844): 	at java.util.concurrent.ThreadPoolExecutor.runWorker(ThreadPoolExecutor.java:1112)
W/GLSUser ( 1844): 	at java.util.concurrent.ThreadPoolExecutor$Worker.run(ThreadPoolExecutor.java:587)
W/GLSUser ( 1844): 	at nrd.run(:com.google.android.gms@202414005@20.24.14 (000700-319035315):0)
W/GLSUser ( 1844): 	at java.lang.Thread.run(Thread.java:841)
I/NetworkScheduler.Stats( 1779): Task com.google.android.gms/com.google.android.gms.auth.account.be.legacy.AuthCronService finished executing. cause:4 result: 3 elapsed_millis: 605 uptime_millis: 605 exec_start_elapsed_seconds: 96 [CONTEXT service_id=218 ]
I/NetworkScheduler.Stats( 1779): Task com.google.android.gms/com.google.android.gms.chimera.container.ConfigService started execution. cause:5 exec_start_elapsed_seconds: 96 [CONTEXT service_id=218 ]
I/ChimeraConfigurator( 2174): Starting update, reason: 1 urgentFeatures: 
E/ConfigFileUtils( 2174): Failed to read config file: /data/data/com.google.android.gms/app_chimera/next_container.pb: open failed: ENOENT (No such file or directory)
I/ChmraDebugLogger( 2174): [73] 1801
I/ChmraDebugLogger( 2174): [30] [VisionOcr.optional:202414000700] permitMetered=true,
I/ChimeraConfigService( 2174): Scheduling checkin for one-off execution between [3300,43200] seconds from now (1629036001698)
I/ChimeraConfigService( 2174): Scheduling checkin every 43200 seconds, with flex of 1800 seconds
D/dalvikvm( 1779): GC_FOR_ALLOC freed 2302K, 22% free 10121K/12972K, paused 12ms, total 12ms
I/NetworkScheduler.Stats( 1779): Task com.google.android.gms/com.google.android.gms.chimera.container.ConfigService finished executing. cause:5 result: 2 elapsed_millis: 72 uptime_millis: 72 exec_start_elapsed_seconds: 96 [CONTEXT service_id=218 ]
I/TelephonySpam( 2174): TelephonySpamChimeraService - Running Telephony Spam Chimera Service
I/NetworkScheduler.Stats( 1779): Task com.google.android.gms/com.google.android.gms.telephonyspam.sync.SpamListSyncTaskService started execution. cause:5 exec_start_elapsed_seconds: 96 [CONTEXT service_id=218 ]
I/NetworkScheduler.Stats( 1779): Task com.google.android.gms/com.google.android.gms.telephonyspam.sync.SpamListSyncTaskService finished executing. cause:5 result: 2 elapsed_millis: 10 uptime_millis: 10 exec_start_elapsed_seconds: 96 [CONTEXT service_id=218 ]
I/Vision  ( 2174): Requesting optional module download of ocr.
I/Vision  ( 2174): Checking for download completion for 110329 -- ocr
D/dalvikvm( 1570): GC_FOR_ALLOC freed 1280K, 47% free 7881K/14816K, paused 9ms, total 9ms
I/ContentMaintenance( 2174): Internal cache bytes used: 0; limit: 39526809; download size: 0
I/RealtimeCacheCleanup( 2174): Beginning Realtime garbage collection.
I/RealtimeCacheCleanup( 2174): Finished Realtime garbage collection.
I/Vision  ( 2174): Requesting optional module download of ocr.
I/Vision  ( 2174): Exceeded maximum feature download tries for ocr
W/Vision  ( 2174): Request of optional module download of ocr failed.
I/Vision  ( 2174): Checking for download completion for 120340 -- ocr
