W/ModuleInitIntentOp( 2174): Dropping unexpected action com.google.android.gms.phenotype.COMMITTED
I/Auth    ( 1779): [AuthManaged,PasswordComplexityHelperImpl] Updating password complexity components state.
I/Auth    ( 1779): [AuthManaged,PasswordComplexityHelperImpl] Enabling com.google.android.gms.auth.managed.ui.SetNewPasswordActivity
I/PTCommittedOperation( 1779): Receive new configuration for com.google.android.gms.fido
D/dalvikvm( 2174): GC_FOR_ALLOC freed 820K, 7% free 17463K/18768K, paused 22ms, total 22ms
I/ChromeSync( 2174): [Sync,SyncIntentOperation] Handling the intent: Intent { act=com.google.android.gms.phenotype.COMMITTED flg=0x10 pkg=com.google.android.gms cmp=com.google.android.gms/.chimera.GmsIntentOperationService (has extras) }.
I/MdiSyncModule( 2174): flag handling is skipping irrelevant intent.
W/ModuleInitIntentOp( 2174): Dropping unexpected action com.google.android.gms.phenotype.COMMITTED
E/GmsClient( 2174): unable to connect to service: com.google.android.gms.auth.key.retrieval.service.START on com.google.android.gms
W/ActivityManager( 1570): Unable to start service Intent { act=com.google.android.gms.auth.key.retrieval.service.START pkg=com.google.android.gms } U=0: not found
W/ActivityManager( 1570): Unbind failed: could not find connection for android.os.BinderProxy@9d7b00d8
E/dalvikvm( 1779): Could not find class 'android.security.keystore.KeyGenParameterSpec$Builder', referenced from method rwq.a
W/dalvikvm( 1779): VFY: unable to resolve new-instance 1527 (Landroid/security/keystore/KeyGenParameterSpec$Builder;) in Lrwq;
D/dalvikvm( 1779): VFY: replacing opcode 0x22 at 0x0034
D/dalvikvm( 1779): DexOpt: unable to opt direct call 0x153f at 0x37 in Lrwq;.a
E/dalvikvm( 1779): Could not find class 'android.security.keystore.KeyGenParameterSpec$Builder', referenced from method rws.a
W/dalvikvm( 1779): VFY: unable to resolve new-instance 1527 (Landroid/security/keystore/KeyGenParameterSpec$Builder;) in Lrws;
D/dalvikvm( 1779): VFY: replacing opcode 0x22 at 0x000b
D/dalvikvm( 1779): DexOpt: unable to opt direct call 0x153f at 0x12 in Lrws;.a
I/Auth    ( 1779): [AuthManaged,PasswordComplexityHelperImpl] Updating password complexity components state.
I/Auth    ( 1779): [AuthManaged,PasswordComplexityHelperImpl] Enabling com.google.android.gms.auth.managed.ui.SetNewPasswordActivity
I/ChromeSync( 2174): [Sync,SyncIntentOperation] Handling the intent: Intent { act=com.google.android.gms.phenotype.COMMITTED flg=0x10 pkg=com.google.android.gms cmp=com.google.android.gms/.chimera.GmsIntentOperationService (has extras) }.
I/MdiSyncModule( 2174): flag handling is skipping irrelevant intent.
W/ModuleInitIntentOp( 2174): Dropping unexpected action com.google.android.gms.phenotype.COMMITTED
I/PTCommittedOperation( 1779): Receive new configuration for com.google.android.gms.gass
I/Auth    ( 1779): [AuthManaged,PasswordComplexityHelperImpl] Updating password complexity components state.
I/Auth    ( 1779): [AuthManaged,PasswordComplexityHelperImpl] Enabling com.google.android.gms.auth.managed.ui.SetNewPasswordActivity
D/dalvikvm( 1779): GC_FOR_ALLOC freed 1965K, 24% free 9939K/12972K, paused 9ms, total 9ms
I/PTCommittedOperation( 1779): Receive new configuration for com.google.android.gms.languageprofile
D/dalvikvm( 2174): GC_FOR_ALLOC freed 860K, 6% free 18650K/19760K, paused 20ms, total 20ms
I/ChromeSync( 2174): [Sync,SyncIntentOperation] Handling the intent: Intent { act=com.google.android.gms.phenotype.COMMITTED flg=0x10 pkg=com.google.android.gms cmp=com.google.android.gms/.chimera.GmsIntentOperationService (has extras) }.
I/MdiSyncModule( 2174): flag handling is skipping irrelevant intent.
W/ModuleInitIntentOp( 2174): Dropping unexpected action com.google.android.gms.phenotype.COMMITTED
I/Auth    ( 1779): [AuthManaged,PasswordComplexityHelperImpl] Updating password complexity components state.
I/Auth    ( 1779): [AuthManaged,PasswordComplexityHelperImpl] Enabling com.google.android.gms.auth.managed.ui.SetNewPasswordActivity
I/ChromeSync( 2174): [Sync,SyncIntentOperation] Handling the intent: Intent { act=com.google.android.gms.phenotype.COMMITTED flg=0x10 pkg=com.google.android.gms cmp=com.google.android.gms/.chimera.GmsIntentOperationService (has extras) }.
I/PTCommittedOperation( 1779): Receive new configuration for com.google.android.gms.mobile_data_plan
I/MdiSyncModule( 2174): flag handling is skipping irrelevant intent.
W/ModuleInitIntentOp( 2174): Dropping unexpected action com.google.android.gms.phenotype.COMMITTED
I/Auth    ( 1779): [AuthManaged,PasswordComplexityHelperImpl] Updating password complexity components state.
I/Auth    ( 1779): [AuthManaged,PasswordComplexityHelperImpl] Enabling com.google.android.gms.auth.managed.ui.SetNewPasswordActivity
I/PTCommittedOperation( 1779): Receive new configuration for com.google.android.gms.contactinteractions
I/ChromeSync( 2174): [Sync,SyncIntentOperation] Handling the intent: Intent { act=com.google.android.gms.phenotype.COMMITTED flg=0x10 pkg=com.google.android.gms cmp=com.google.android.gms/.chimera.GmsIntentOperationService (has extras) }.
I/MdiSyncModule( 2174): flag handling is skipping irrelevant intent.
W/ModuleInitIntentOp( 2174): Dropping unexpected action com.google.android.gms.phenotype.COMMITTED
I/Auth    ( 1779): [AuthManaged,PasswordComplexityHelperImpl] Updating password complexity components state.
I/Auth    ( 1779): [AuthManaged,PasswordComplexityHelperImpl] Enabling com.google.android.gms.auth.managed.ui.SetNewPasswordActivity
I/PTCommittedOperation( 1779): Receive new configuration for com.google.android.gms.checkin
I/ChromeSync( 2174): [Sync,SyncIntentOperation] Handling the intent: Intent { act=com.google.android.gms.phenotype.COMMITTED flg=0x10 pkg=com.google.android.gms cmp=com.google.android.gms/.chimera.GmsIntentOperationService (has extras) }.
I/MdiSyncModule( 2174): flag handling is skipping irrelevant intent.
W/ModuleInitIntentOp( 2174): Dropping unexpected action com.google.android.gms.phenotype.COMMITTED
I/PTCommittedOperation( 1779): Receive new configuration for com.google.android.gms.telephonyspam
I/Auth    ( 1779): [AuthManaged,PasswordComplexityHelperImpl] Updating password complexity components state.
I/Auth    ( 1779): [AuthManaged,PasswordComplexityHelperImpl] Enabling com.google.android.gms.auth.managed.ui.SetNewPasswordActivity
D/dalvikvm( 2174): GC_FOR_ALLOC freed 2030K, 11% free 18668K/20948K, paused 22ms, total 22ms
I/ChromeSync( 2174): [Sync,SyncIntentOperation] Handling the intent: Intent { act=com.google.android.gms.phenotype.COMMITTED flg=0x10 pkg=com.google.android.gms cmp=com.google.android.gms/.chimera.GmsIntentOperationService (has extras) }.
E/GmsClient( 2174): unable to connect to service: com.google.android.gms.auth.key.retrieval.service.START on com.google.android.gms
I/MdiSyncModule( 2174): flag handling is skipping irrelevant intent.
W/ModuleInitIntentOp( 2174): Dropping unexpected action com.google.android.gms.phenotype.COMMITTED
I/TelephonySpam( 2174): SettingsChangedIntentOp - telephonyspam phenotype flag changed
I/TelephonySpam( 2174): SpamListSync - schedulePeriodicTask
W/ActivityManager( 1570): Unable to start service Intent { act=com.google.android.gms.auth.key.retrieval.service.START pkg=com.google.android.gms } U=0: not found
W/ActivityManager( 1570): Unbind failed: could not find connection for android.os.BinderProxy@9d539740
I/Auth    ( 1779): [AuthManaged,PasswordComplexityHelperImpl] Updating password complexity components state.
I/Auth    ( 1779): [AuthManaged,PasswordComplexityHelperImpl] Enabling com.google.android.gms.auth.managed.ui.SetNewPasswordActivity
I/MdiSyncModule( 2174): flag handling is skipping irrelevant intent.
I/ChromeSync( 2174): [Sync,SyncIntentOperation] Handling the intent: Intent { act=com.google.android.gms.phenotype.COMMITTED flg=0x10 pkg=com.google.android.gms cmp=com.google.android.gms/.chimera.GmsIntentOperationService (has extras) }.
W/ModuleInitIntentOp( 2174): Dropping unexpected action com.google.android.gms.phenotype.COMMITTED
D/dalvikvm( 1779): GC_FOR_ALLOC freed 2058K, 24% free 9928K/12972K, paused 15ms, total 15ms
I/PTCommittedOperation( 1779): Receive new configuration for com.google.android.gms.reachability
I/Auth    ( 1779): [AuthManaged,PasswordComplexityHelperImpl] Updating password complexity components state.
I/Auth    ( 1779): [AuthManaged,PasswordComplexityHelperImpl] Enabling com.google.android.gms.auth.managed.ui.SetNewPasswordActivity
I/ChromeSync( 2174): [Sync,SyncIntentOperation] Handling the intent: Intent { act=com.google.android.gms.phenotype.COMMITTED flg=0x10 pkg=com.google.android.gms cmp=com.google.android.gms/.chimera.GmsIntentOperationService (has extras) }.
I/PTCommittedOperation( 1779): Receive new configuration for com.google.android.gms.mdisync
W/ModuleInitIntentOp( 2174): Dropping unexpected action com.google.android.gms.phenotype.COMMITTED
I/MdiSyncModule( 2174): handling relevant flag change...
I/Auth    ( 1779): [AuthManaged,PasswordComplexityHelperImpl] Updating password complexity components state.
I/Auth    ( 1779): [AuthManaged,PasswordComplexityHelperImpl] Enabling com.google.android.gms.auth.managed.ui.SetNewPasswordActivity
I/PTCommittedOperation( 1779): Receive new configuration for com.google.android.gms.admob
I/Auth    ( 1779): [AuthManaged,PasswordComplexityHelperImpl] Updating password complexity components state.
I/Auth    ( 1779): [AuthManaged,PasswordComplexityHelperImpl] Enabling com.google.android.gms.auth.managed.ui.SetNewPasswordActivity
I/PTCommittedOperation( 1779): Receive new configuration for com.google.android.gms.audit
I/Auth    ( 1779): [AuthManaged,PasswordComplexityHelperImpl] Updating password complexity components state.
I/Auth    ( 1779): [AuthManaged,PasswordComplexityHelperImpl] Enabling com.google.android.gms.auth.managed.ui.SetNewPasswordActivity
D/dalvikvm( 2174): GC_FOR_ALLOC freed 1022K, 7% free 19696K/20968K, paused 51ms, total 51ms
I/PTCommittedOperation( 1779): Receive new configuration for com.google.android.gms.drive
I/GmsSyncPolicyEngine( 2174): Periodic sync 3 disabled
I/MdiSyncModule( 2174): flag handling completed
I/ChromeSync( 2174): [Sync,SyncIntentOperation] Handling the intent: Intent { act=com.google.android.gms.phenotype.COMMITTED flg=0x10 pkg=com.google.android.gms cmp=com.google.android.gms/.chimera.GmsIntentOperationService (has extras) }.
I/MdiSyncModule( 2174): flag handling is skipping irrelevant intent.
W/ModuleInitIntentOp( 2174): Dropping unexpected action com.google.android.gms.phenotype.COMMITTED
I/ChromeSync( 2174): [Sync,SyncIntentOperation] Handling the intent: Intent { act=com.google.android.gms.phenotype.COMMITTED flg=0x10 pkg=com.google.android.gms cmp=com.google.android.gms/.chimera.GmsIntentOperationService (has extras) }.
W/ActivityManager( 1570): Unable to start service Intent { act=com.google.android.gms.auth.key.retrieval.service.START pkg=com.google.android.gms } U=0: not found
E/GmsClient( 2174): unable to connect to service: com.google.android.gms.auth.key.retrieval.service.START on com.google.android.gms
I/MdiSyncModule( 2174): flag handling is skipping irrelevant intent.
W/ModuleInitIntentOp( 2174): Dropping unexpected action com.google.android.gms.phenotype.COMMITTED
I/ChromeSync( 2174): [Sync,SyncIntentOperation] Handling the intent: Intent { act=com.google.android.gms.phenotype.COMMITTED flg=0x10 pkg=com.google.android.gms cmp=com.google.android.gms/.chimera.GmsIntentOperationService (has extras) }.
I/MdiSyncModule( 2174): flag handling is skipping irrelevant intent.
W/ModuleInitIntentOp( 2174): Dropping unexpected action com.google.android.gms.phenotype.COMMITTED
W/ActivityManager( 1570): Unbind failed: could not find connection for android.os.BinderProxy@9d1ff5f0
I/Auth    ( 1779): [AuthManaged,PasswordComplexityHelperImpl] Updating password complexity components state.
I/Auth    ( 1779): [AuthManaged,PasswordComplexityHelperImpl] Enabling com.google.android.gms.auth.managed.ui.SetNewPasswordActivity
I/ChromeSync( 2174): [Sync,SyncIntentOperation] Handling the intent: Intent { act=com.google.android.gms.phenotype.COMMITTED flg=0x10 pkg=com.google.android.gms cmp=com.google.android.gms/.chimera.GmsIntentOperationService (has extras) }.
I/PTCommittedOperation( 1779): Receive new configuration for com.google.android.gms.fonts
I/MdiSyncModule( 2174): flag handling is skipping irrelevant intent.
W/ModuleInitIntentOp( 2174): Dropping unexpected action com.google.android.gms.phenotype.COMMITTED
D/dalvikvm( 1779): GC_FOR_ALLOC freed 2078K, 24% free 9898K/12972K, paused 10ms, total 10ms
I/Auth    ( 1779): [AuthManaged,PasswordComplexityHelperImpl] Updating password complexity components state.
I/Auth    ( 1779): [AuthManaged,PasswordComplexityHelperImpl] Enabling com.google.android.gms.auth.managed.ui.SetNewPasswordActivity
I/PTCommittedOperation( 1779): Receive new configuration for com.google.android.gms.games
D/dalvikvm( 2174): GC_FOR_ALLOC freed 1028K, 6% free 20718K/21996K, paused 22ms, total 23ms
I/ChromeSync( 2174): [Sync,SyncIntentOperation] Handling the intent: Intent { act=com.google.android.gms.phenotype.COMMITTED flg=0x10 pkg=com.google.android.gms cmp=com.google.android.gms/.chimera.GmsIntentOperationService (has extras) }.
I/MdiSyncModule( 2174): flag handling is skipping irrelevant intent.
W/ActivityManager( 1570): Unable to start service Intent { act=com.google.android.gms.auth.key.retrieval.service.START pkg=com.google.android.gms } U=0: not found
W/ModuleInitIntentOp( 2174): Dropping unexpected action com.google.android.gms.phenotype.COMMITTED
E/GmsClient( 2174): unable to connect to service: com.google.android.gms.auth.key.retrieval.service.START on com.google.android.gms
W/ActivityManager( 1570): Unbind failed: could not find connection for android.os.BinderProxy@9d31ebd8
I/Auth    ( 1779): [AuthManaged,PasswordComplexityHelperImpl] Updating password complexity components state.
I/Auth    ( 1779): [AuthManaged,PasswordComplexityHelperImpl] Enabling com.google.android.gms.auth.managed.ui.SetNewPasswordActivity
I/ChromeSync( 2174): [Sync,SyncIntentOperation] Handling the intent: Intent { act=com.google.android.gms.phenotype.COMMITTED flg=0x10 pkg=com.google.android.gms cmp=com.google.android.gms/.chimera.GmsIntentOperationService (has extras) }.
I/MdiSyncModule( 2174): flag handling is skipping irrelevant intent.
W/ModuleInitIntentOp( 2174): Dropping unexpected action com.google.android.gms.phenotype.COMMITTED
I/PTCommittedOperation( 1779): Receive new configuration for com.google.android.gms.icing
D/dalvikvm( 1844): GC_EXPLICIT freed 137K, 19% free 6161K/7588K, paused 1ms+1ms, total 5ms
I/MobileDataHub( 2174): Scheduling periodic tasks
W/MobileDataHub( 2174): [Service] appsupload-periodic periodic task disabled
I/Auth    ( 1779): [AuthManaged,PasswordComplexityHelperImpl] Updating password complexity components state.
I/Auth    ( 1779): [AuthManaged,PasswordComplexityHelperImpl] Enabling com.google.android.gms.auth.managed.ui.SetNewPasswordActivity
I/ChromeSync( 2174): [Sync,SyncIntentOperation] Handling the intent: Intent { act=com.google.android.gms.phenotype.COMMITTED flg=0x10 pkg=com.google.android.gms cmp=com.google.android.gms/.chimera.GmsIntentOperationService (has extras) }.
I/MdiSyncModule( 2174): flag handling is skipping irrelevant intent.
W/ModuleInitIntentOp( 2174): Dropping unexpected action com.google.android.gms.phenotype.COMMITTED
I/PTCommittedOperation( 1779): Receive new configuration for com.google.android.gms.droidguard
I/Auth    ( 1779): [AuthManaged,PasswordComplexityHelperImpl] Updating password complexity components state.
I/Auth    ( 1779): [AuthManaged,PasswordComplexityHelperImpl] Enabling com.google.android.gms.auth.managed.ui.SetNewPasswordActivity
I/ChromeSync( 2174): [Sync,SyncIntentOperation] Handling the intent: Intent { act=com.google.android.gms.phenotype.COMMITTED flg=0x10 pkg=com.google.android.gms cmp=com.google.android.gms/.chimera.GmsIntentOperationService (has extras) }.
I/PTCommittedOperation( 1779): Receive new configuration for com.google.android.gms.recaptcha
I/MdiSyncModule( 2174): flag handling is skipping irrelevant intent.
I/Auth    ( 1779): [AuthManaged,PasswordComplexityHelperImpl] Updating password complexity components state.
I/Auth    ( 1779): [AuthManaged,PasswordComplexityHelperImpl] Enabling com.google.android.gms.auth.managed.ui.SetNewPasswordActivity
I/PTCommittedOperation( 1779): Receive new configuration for com.google.android.gms.auth.api.credentials
D/dalvikvm( 2174): GC_FOR_ALLOC freed 1095K, 6% free 21671K/23016K, paused 37ms, total 37ms
W/ModuleInitIntentOp( 2174): Dropping unexpected action com.google.android.gms.phenotype.COMMITTED
D/dalvikvm( 1570): GC_FOR_ALLOC freed 1285K, 47% free 7997K/14816K, paused 10ms, total 10ms
I/ChromeSync( 2174): [Sync,SyncIntentOperation] Handling the intent: Intent { act=com.google.android.gms.phenotype.COMMITTED flg=0x10 pkg=com.google.android.gms cmp=com.google.android.gms/.chimera.GmsIntentOperationService (has extras) }.
W/ActivityManager( 1570): Unable to start service Intent { act=com.google.android.gms.auth.key.retrieval.service.START pkg=com.google.android.gms } U=0: not found
W/ActivityManager( 1570): Unbind failed: could not find connection for android.os.BinderProxy@9d6f4058
I/MdiSyncModule( 2174): flag handling is skipping irrelevant intent.
W/ModuleInitIntentOp( 2174): Dropping unexpected action com.google.android.gms.phenotype.COMMITTED
E/GmsClient( 2174): unable to connect to service: com.google.android.gms.auth.key.retrieval.service.START on com.google.android.gms
D/dalvikvm( 1779): GC_FOR_ALLOC freed 1954K, 23% free 9992K/12972K, paused 36ms, total 36ms
I/Auth    ( 1779): [AuthManaged,PasswordComplexityHelperImpl] Updating password complexity components state.
I/Auth    ( 1779): [AuthManaged,PasswordComplexityHelperImpl] Enabling com.google.android.gms.auth.managed.ui.SetNewPasswordActivity
I/Auth    ( 1779): [AuthManaged,PasswordComplexityHelperImpl] Updating password complexity components state.
I/Auth    ( 1779): [AuthManaged,PasswordComplexityHelperImpl] Enabling com.google.android.gms.auth.managed.ui.SetNewPasswordActivity
I/ChromeSync( 2174): [Sync,SyncIntentOperation] Handling the intent: Intent { act=com.google.android.gms.phenotype.COMMITTED flg=0x10 pkg=com.google.android.gms cmp=com.google.android.gms/.chimera.GmsIntentOperationService (has extras) }.
I/MdiSyncModule( 2174): flag handling is skipping irrelevant intent.
W/ModuleInitIntentOp( 2174): Dropping unexpected action com.google.android.gms.phenotype.COMMITTED
I/Auth    ( 1779): [AuthManaged,PasswordComplexityHelperImpl] Updating password complexity components state.
I/Auth    ( 1779): [AuthManaged,PasswordComplexityHelperImpl] Enabling com.google.android.gms.auth.managed.ui.SetNewPasswordActivity
I/PTCommittedOperation( 1779): Receive new configuration for com.google.android.gms.smartdevice
I/dalvikvm( 2174): Could not find method android.app.Notification$Builder.addExtras, referenced from method aqpx.a
W/dalvikvm( 2174): VFY: unable to resolve virtual method 461: Landroid/app/Notification$Builder;.addExtras (Landroid/os/Bundle;)Landroid/app/Notification$Builder;
D/dalvikvm( 2174): VFY: replacing opcode 0x6e at 0x0069
I/dalvikvm( 2174): Could not find method android.app.Notification$Builder.setColor, referenced from method aqpx.a
W/dalvikvm( 2174): VFY: unable to resolve virtual method 466: Landroid/app/Notification$Builder;.setColor (I)Landroid/app/Notification$Builder;
D/dalvikvm( 2174): VFY: replacing opcode 0x6e at 0x0074
I/dalvikvm( 2174): Could not find method android.app.Notification$Builder.addAction, referenced from method aqpx.a
W/dalvikvm( 2174): VFY: unable to resolve virtual method 460: Landroid/app/Notification$Builder;.addAction (Landroid/app/Notification$Action;)Landroid/app/Notification$Builder;
D/dalvikvm( 2174): VFY: replacing opcode 0x6e at 0x0079
I/Auth    ( 1779): [AuthManaged,PasswordComplexityHelperImpl] Updating password complexity components state.
I/Auth    ( 1779): [AuthManaged,PasswordComplexityHelperImpl] Enabling com.google.android.gms.auth.managed.ui.SetNewPasswordActivity
I/dalvikvm( 2174): Could not find method android.app.Notification$Builder.addPerson, referenced from method aqpx.a
W/dalvikvm( 2174): VFY: unable to resolve virtual method 462: Landroid/app/Notification$Builder;.addPerson (Ljava/lang/String;)Landroid/app/Notification$Builder;
D/dalvikvm( 2174): VFY: replacing opcode 0x6e at 0x01d7
I/Auth    ( 1779): [AuthManaged,PasswordComplexityHelperImpl] Updating password complexity components state.
I/Auth    ( 1779): [AuthManaged,PasswordComplexityHelperImpl] Enabling com.google.android.gms.auth.managed.ui.SetNewPasswordActivity
I/PTCommittedOperation( 1779): Receive new configuration for org.chromium.net.cronet
I/ChromeSync( 2174): [Sync,SyncIntentOperation] Handling the intent: Intent { act=com.google.android.gms.phenotype.COMMITTED flg=0x10 pkg=com.google.android.gms cmp=com.google.android.gms/.chimera.GmsIntentOperationService (has extras) }.
I/MdiSyncModule( 2174): flag handling is skipping irrelevant intent.
W/ModuleInitIntentOp( 2174): Dropping unexpected action com.google.android.gms.phenotype.COMMITTED
I/Auth    ( 1779): [AuthManaged,PasswordComplexityHelperImpl] Updating password complexity components state.
I/Auth    ( 1779): [AuthManaged,PasswordComplexityHelperImpl] Enabling com.google.android.gms.auth.managed.ui.SetNewPasswordActivity
I/ChromeSync( 2174): [Sync,SyncIntentOperation] Handling the intent: Intent { act=com.google.android.gms.phenotype.COMMITTED flg=0x10 pkg=com.google.android.gms cmp=com.google.android.gms/.chimera.GmsIntentOperationService (has extras) }.
I/MdiSyncModule( 2174): flag handling is skipping irrelevant intent.
W/ModuleInitIntentOp( 2174): Dropping unexpected action com.google.android.gms.phenotype.COMMITTED
I/PTCommittedOperation( 1779): Receive new configuration for com.google.android.gms
I/PTCommittedOperation( 1779): Running Fixer Framework for com.google.android.gms
D/dalvikvm( 1779): GC_FOR_ALLOC freed 1889K, 22% free 10150K/12972K, paused 12ms, total 12ms
I/Auth    ( 1779): [AuthManaged,PasswordComplexityHelperImpl] Updating password complexity components state.
I/Auth    ( 1779): [AuthManaged,PasswordComplexityHelperImpl] Enabling com.google.android.gms.auth.managed.ui.SetNewPasswordActivity
I/Auth    ( 1779): [AuthManaged,PasswordComplexityHelperImpl] Updating password complexity components state.
I/Auth    ( 1779): [AuthManaged,PasswordComplexityHelperImpl] Enabling com.google.android.gms.auth.managed.ui.SetNewPasswordActivity
W/GLSUser ( 1844): [DeviceKeyStore] Cannot load key: Device key file not found.
W/GLSUser ( 1844): [DeviceKeyStore] Cannot load key: Device key file not found.
D/dalvikvm( 1779): GC_FOR_ALLOC freed 2072K, 22% free 10125K/12972K, paused 11ms, total 11ms
I/Auth    ( 1779): [AuthManaged,PasswordComplexityHelperImpl] Updating password complexity components state.
I/Auth    ( 1779): [AuthManaged,PasswordComplexityHelperImpl] Enabling com.google.android.gms.auth.managed.ui.SetNewPasswordActivity
D/dalvikvm( 1779): GC_FOR_ALLOC freed 1856K, 21% free 10293K/12972K, paused 8ms, total 8ms
I/Auth    ( 1779): [AuthManaged,PasswordComplexityHelperImpl] Updating password complexity components state.
I/Auth    ( 1779): [AuthManaged,PasswordComplexityHelperImpl] Enabling com.google.android.gms.auth.managed.ui.SetNewPasswordActivity
I/PTCommittedOperation( 1779): Receive new configuration for com.google.android.gms.clearcut.public
I/ChromeSync( 2174): [Sync,SyncIntentOperation] Handling the intent: Intent { act=com.google.android.gms.phenotype.COMMITTED flg=0x10 pkg=com.google.android.gms cmp=com.google.android.gms/.chimera.GmsIntentOperationService (has extras) }.
I/MdiSyncModule( 2174): flag handling is skipping irrelevant intent.
D/dalvikvm( 2174): GC_FOR_ALLOC freed 3195K, 15% free 20526K/23972K, paused 22ms, total 22ms
W/ModuleInitIntentOp( 2174): Dropping unexpected action com.google.android.gms.phenotype.COMMITTED
W/Conscrypt( 2174): Could not set socket write timeout: java.net.SocketException: Socket closed
W/Conscrypt( 2174): 	at com.google.android.gms.org.conscrypt.Platform.setSocketWriteTimeout(:com.google.android.gms@202414005@20.24.14 (000700-319035315):2)
W/Conscrypt( 2174): 	at com.google.android.gms.org.conscrypt.ConscryptFileDescriptorSocket.setSoWriteTimeout(:com.google.android.gms@202414005@20.24.14 (000700-319035315):0)
I/Auth    ( 1779): [AuthManaged,PasswordComplexityHelperImpl] Updating password complexity components state.
I/Auth    ( 1779): [AuthManaged,PasswordComplexityHelperImpl] Enabling com.google.android.gms.auth.managed.ui.SetNewPasswordActivity
I/Auth    ( 1779): [AuthManaged,PasswordComplexityHelperImpl] Updating password complexity components state.
I/Auth    ( 1779): [AuthManaged,PasswordComplexityHelperImpl] Enabling com.google.android.gms.auth.managed.ui.SetNewPasswordActivity
I/PTCommittedOperation( 1779): Receive new configuration for com.google.android.gms.chromesync
I/ChromeSync( 2174): [Sync,SyncIntentOperation] Handling the intent: Intent { act=com.google.android.gms.phenotype.COMMITTED flg=0x10 pkg=com.google.android.gms cmp=com.google.android.gms/.chimera.GmsIntentOperationService (has extras) }.
I/MdiSyncModule( 2174): flag handling is skipping irrelevant intent.
W/ModuleInitIntentOp( 2174): Dropping unexpected action com.google.android.gms.phenotype.COMMITTED
E/GmsClient( 2174): unable to connect to service: com.google.android.gms.auth.key.retrieval.service.START on com.google.android.gms
W/ActivityManager( 1570): Unable to start service Intent { act=com.google.android.gms.auth.key.retrieval.service.START pkg=com.google.android.gms } U=0: not found
W/ActivityManager( 1570): Unbind failed: could not find connection for android.os.BinderProxy@9d858b88
W/Conscrypt( 2174): Could not set socket write timeout: java.net.SocketException: Socket closed
W/Conscrypt( 2174): 	at com.google.android.gms.org.conscrypt.Platform.setSocketWriteTimeout(:com.google.android.gms@202414005@20.24.14 (000700-319035315):2)
W/Conscrypt( 2174): 	at com.google.android.gms.org.conscrypt.ConscryptFileDescriptorSocket.setSoWriteTimeout(:com.google.android.gms@202414005@20.24.14 (000700-319035315):0)
I/Auth    ( 1779): [AuthManaged,PasswordComplexityHelperImpl] Updating password complexity components state.
I/Auth    ( 1779): [AuthManaged,PasswordComplexityHelperImpl] Enabling com.google.android.gms.auth.managed.ui.SetNewPasswordActivity
I/ChromeSync( 2174): [Sync,SyncIntentOperation] Handling the intent: Intent { act=com.google.android.gms.phenotype.COMMITTED flg=0x10 pkg=com.google.android.gms cmp=com.google.android.gms/.chimera.GmsIntentOperationService (has extras) }.
I/PTCommittedOperation( 1779): Receive new configuration for com.google.android.gms.games
I/MdiSyncModule( 2174): flag handling is skipping irrelevant intent.
W/ModuleInitIntentOp( 2174): Dropping unexpected action com.google.android.gms.phenotype.COMMITTED
D/dalvikvm( 1779): GC_FOR_ALLOC freed 2162K, 22% free 10178K/12972K, paused 8ms, total 8ms
I/Auth    ( 1779): [AuthManaged,PasswordComplexityHelperImpl] Updating password complexity components state.
I/Auth    ( 1779): [AuthManaged,PasswordComplexityHelperImpl] Enabling com.google.android.gms.auth.managed.ui.SetNewPasswordActivity
I/Auth    ( 1779): [AuthManaged,PasswordComplexityHelperImpl] Updating password complexity components state.
I/Auth    ( 1779): [AuthManaged,PasswordComplexityHelperImpl] Enabling com.google.android.gms.auth.managed.ui.SetNewPasswordActivity
I/MobileDataHub( 2174): Scheduling periodic tasks
W/MobileDataHub( 2174): [Service] appsupload-periodic periodic task disabled
E/MS_RegisterService( 2174): Exception during register request.
E/MS_RegisterService( 2174): bwqb: UNAUTHENTICATED: Request is missing required authentication credential. Expected OAuth 2 access token, login cookie or other valid authentication credential. See https://developers.google.com/identity/sign-in/web/devconsole-project.
E/MS_RegisterService( 2174): 	at bwqa.c(:com.google.android.gms@202414005@20.24.14 (000700-319035315):3)
E/MS_RegisterService( 2174): 	at ngh.a(:com.google.android.gms@202414005@20.24.14 (000700-319035315):48)
E/MS_RegisterService( 2174): 	at zvl.a(:com.google.android.gms@202414005@20.24.14 (000700-319035315):12)
E/MS_RegisterService( 2174): 	at com.google.android.libraries.matchstick.net.SilentRegisterIntentOperation.a(:com.google.android.gms@202414005@20.24.14 (000700-319035315):218)
E/MS_RegisterService( 2174): 	at com.google.android.libraries.matchstick.net.SilentRegisterIntentOperation.f(:com.google.android.gms@202414005@20.24.14 (000700-319035315):35)
E/MS_RegisterService( 2174): 	at com.google.android.libraries.matchstick.net.SilentRegisterIntentOperation.onHandleIntent(:com.google.android.gms@202414005@20.24.14 (000700-319035315):205)
E/MS_RegisterService( 2174): 	at com.google.android.chimera.IntentOperation.onHandleIntent(:com.google.android.gms@202414005@20.24.14 (000700-319035315):2)
E/MS_RegisterService( 2174): 	at ljm.onHandleIntent(:com.google.android.gms@202414005@20.24.14 (000700-319035315):4)
E/MS_RegisterService( 2174): 	at bsh.run(:com.google.android.gms@202414005@20.24.14 (000700-319035315):5)
E/MS_RegisterService( 2174): 	at bsg.run(:com.google.android.gms@202414005@20.24.14 (000700-319035315):10)
E/MS_RegisterService( 2174): 	at java.util.concurrent.ThreadPoolExecutor.runWorker(ThreadPoolExecutor.java:1112)
E/MS_RegisterService( 2174): 	at java.util.concurrent.ThreadPoolExecutor$Worker.run(ThreadPoolExecutor.java:587)
E/MS_RegisterService( 2174): 	at java.lang.Thread.run(Thread.java:841)
D/dalvikvm( 1779): GC_FOR_ALLOC freed 2095K, 22% free 10130K/12972K, paused 10ms, total 10ms
I/Auth    ( 1779): [AuthManaged,PasswordComplexityHelperImpl] Updating password complexity components state.
I/Auth    ( 1779): [AuthManaged,PasswordComplexityHelperImpl] Enabling com.google.android.gms.auth.managed.ui.SetNewPasswordActivity
I/PTCommittedOperation( 1779): Receive new configuration for com.google.android.gms
I/PTCommittedOperation( 1779): Running Fixer Framework for com.google.android.gms
I/Auth    ( 1779): [AuthManaged,PasswordComplexityHelperImpl] Updating password complexity components state.
I/Auth    ( 1779): [AuthManaged,PasswordComplexityHelperImpl] Enabling com.google.android.gms.auth.managed.ui.SetNewPasswordActivity
I/Auth    ( 1779): [AuthManaged,PasswordComplexityHelperImpl] Updating password complexity components state.
I/Auth    ( 1779): [AuthManaged,PasswordComplexityHelperImpl] Enabling com.google.android.gms.auth.managed.ui.SetNewPasswordActivity
I/Auth    ( 1779): [AuthManaged,PasswordComplexityHelperImpl] Updating password complexity components state.
I/Auth    ( 1779): [AuthManaged,PasswordComplexityHelperImpl] Enabling com.google.android.gms.auth.managed.ui.SetNewPasswordActivity
I/ChromeSync( 2174): [Sync,SyncIntentOperation] Handling the intent: Intent { act=com.google.android.gms.phenotype.COMMITTED flg=0x10 pkg=com.google.android.gms cmp=com.google.android.gms/.chimera.GmsIntentOperationService (has extras) }.
I/MdiSyncModule( 2174): flag handling is skipping irrelevant intent.
W/ModuleInitIntentOp( 2174): Dropping unexpected action com.google.android.gms.phenotype.COMMITTED
I/PTCommittedOperation( 1779): Receive new configuration for com.google.android.gms.auth_authzen
I/MS_RegisterService( 2174): checking registration with Lighter
D/dalvikvm( 1779): GC_FOR_ALLOC freed 2108K, 23% free 10070K/12972K, paused 18ms, total 18ms
I/LT_StubFactory( 2174): tachyonHostName = instantmessaging-pa.googleapis.com and tachyonPortNumber = 443
D/LT_OkHttpChannelBuilder( 2174): Using Spatula header keyless authentication.
W/GLSUser ( 1844): [DeviceKeyStore] Cannot load key: Device key file not found.
W/GLSUser ( 1844): [DeviceKeyStore] Cannot load key: Device key file not found.
D/LT_ClntIntrcptrFctryV12( 2174): Spatula header: CjYKFmNvbS5nb29nbGUuYW5kcm9pZC5nbXMaHFdPSEVFejkwUWV3OUxDY0NjS0ZJQXRwSHVnND0YrJXo9qabqL46
I/Auth    ( 1779): [AuthManaged,PasswordComplexityHelperImpl] Updating password complexity components state.
I/Auth    ( 1779): [AuthManaged,PasswordComplexityHelperImpl] Enabling com.google.android.gms.auth.managed.ui.SetNewPasswordActivity
I/LT_PhenotypeApiImplV12( 2174): Retrieve experiment configurations for: 
I/ahju    ( 1779): Scheduling Phenotype for a PhenotypeSyncImmediately(6, com.google.lighter.android#com.google.android.gms) one off with window [1, 2] in seconds [CONTEXT service_id=51 ]
I/LT_PhenotypeApiImplV12( 2174): Phenotype registration succeeded
I/Auth    ( 1779): [AuthManaged,PasswordComplexityHelperImpl] Updating password complexity components state.
I/Auth    ( 1779): [AuthManaged,PasswordComplexityHelperImpl] Enabling com.google.android.gms.auth.managed.ui.SetNewPasswordActivity
I/Auth    ( 1779): [AuthManaged,PasswordComplexityHelperImpl] Updating password complexity components state.
I/Auth    ( 1779): [AuthManaged,PasswordComplexityHelperImpl] Enabling com.google.android.gms.auth.managed.ui.SetNewPasswordActivity
D/dalvikvm( 1779): GC_FOR_ALLOC freed 1920K, 22% free 10197K/12972K, paused 10ms, total 10ms
I/PTCommittedOperation( 1779): Receive new configuration for com.google.android.gms.chromesync
I/ChromeSync( 2174): [Sync,SyncIntentOperation] Handling the intent: Intent { act=com.google.android.gms.phenotype.COMMITTED flg=0x10 pkg=com.google.android.gms cmp=com.google.android.gms/.chimera.GmsIntentOperationService (has extras) }.
I/MdiSyncModule( 2174): flag handling is skipping irrelevant intent.
I/Auth    ( 1779): [AuthManaged,PasswordComplexityHelperImpl] Updating password complexity components state.
I/Auth    ( 1779): [AuthManaged,PasswordComplexityHelperImpl] Enabling com.google.android.gms.auth.managed.ui.SetNewPasswordActivity
I/PTCommittedOperation( 1779): Receive new configuration for com.google.android.gms.games
I/Auth    ( 1779): [AuthManaged,PasswordComplexityHelperImpl] Updating password complexity components state.
I/Auth    ( 1779): [AuthManaged,PasswordComplexityHelperImpl] Enabling com.google.android.gms.auth.managed.ui.SetNewPasswordActivity
D/dalvikvm( 2174): GC_FOR_ALLOC freed 1788K, 14% free 20786K/23972K, paused 27ms, total 28ms
W/ModuleInitIntentOp( 2174): Dropping unexpected action com.google.android.gms.phenotype.COMMITTED
I/ChromeSync( 2174): [Sync,SyncIntentOperation] Handling the intent: Intent { act=com.google.android.gms.phenotype.COMMITTED flg=0x10 pkg=com.google.android.gms cmp=com.google.android.gms/.chimera.GmsIntentOperationService (has extras) }.
I/MdiSyncModule( 2174): flag handling is skipping irrelevant intent.
W/ModuleInitIntentOp( 2174): Dropping unexpected action com.google.android.gms.phenotype.COMMITTED
I/Auth    ( 1779): [AuthManaged,PasswordComplexityHelperImpl] Updating password complexity components state.
I/Auth    ( 1779): [AuthManaged,PasswordComplexityHelperImpl] Enabling com.google.android.gms.auth.managed.ui.SetNewPasswordActivity
I/PTCommittedOperation( 1779): Receive new configuration for com.google.android.gms
I/PTCommittedOperation( 1779): Running Fixer Framework for com.google.android.gms
W/Launcher.Model( 2379): Nobody to tell about the new app.  Launcher is probably loading.
I/PackageManager( 1570):   Action: "android.intent.action.SENDTO"
I/PackageManager( 1570):   Category: "android.intent.category.DEFAULT"
I/PackageManager( 1570):   Scheme: "sms"
I/PackageManager( 1570): Adding preferred activity ComponentInfo{com.android.mms/com.android.mms.ui.ComposeMessageActivity} for user 0 :
I/InputReader( 1570): Reconfiguring input devices.  changes=0x00000010
D/dalvikvm( 1570): GC_FOR_ALLOC freed 1209K, 46% free 8044K/14816K, paused 7ms, total 7ms
I/PackageManager( 1570):   Action: "android.intent.action.SENDTO"
I/PackageManager( 1570):   Category: "android.intent.category.DEFAULT"
I/PackageManager( 1570):   Scheme: "smsto"
I/PackageManager( 1570): Adding preferred activity ComponentInfo{com.android.mms/com.android.mms.ui.ComposeMessageActivity} for user 0 :
W/Launcher.Model( 2379): Nobody to tell about the new app.  Launcher is probably loading.
W/Launcher.Model( 2379): Nobody to tell about the new app.  Launcher is probably loading.
D/dalvikvm( 1799): GC_FOR_ALLOC freed 457K, 17% free 3647K/4384K, paused 2ms, total 2ms
I/ActivityManager( 1570): Waited long enough for: ServiceRecord{9dae2308 u0 com.google.android.calendar/com.android.calendar.alerts.InitAlarmsService}
I/PackageManager( 1570):   Action: "android.intent.action.SENDTO"
I/PackageManager( 1570):   Category: "android.intent.category.DEFAULT"
I/PackageManager( 1570):   Scheme: "mms"
I/InputReader( 1570): Reconfiguring input devices.  changes=0x00000010
I/PackageManager( 1570):   Action: "android.intent.action.SENDTO"
I/PackageManager( 1570):   Category: "android.intent.category.DEFAULT"
I/PackageManager( 1570):   Scheme: "mmsto"
I/PackageManager( 1570): Adding preferred activity ComponentInfo{com.android.mms/com.android.mms.ui.ComposeMessageActivity} for user 0 :
I/PackageManager( 1570): Adding preferred activity ComponentInfo{com.android.mms/com.android.mms.ui.ComposeMessageActivity} for user 0 :
I/InputReader( 1570): Reconfiguring input devices.  changes=0x00000010
I/PackageManager( 1570):   Action: "android.intent.action.SENDTO"
I/PackageManager( 1570):   Category: "android.intent.category.DEFAULT"
I/PackageManager( 1570):   Scheme: "sms"
D/dalvikvm( 1779): GC_FOR_ALLOC freed 2059K, 22% free 10167K/12972K, paused 41ms, total 41ms
I/PackageManager( 1570):   Action: "android.intent.action.SENDTO"
I/PackageManager( 1570):   Category: "android.intent.category.DEFAULT"
I/PackageManager( 1570):   Scheme: "smsto"
I/PackageManager( 1570): Adding preferred activity ComponentInfo{com.android.mms/com.android.mms.ui.ComposeMessageActivity} for user 0 :
I/PackageManager( 1570): Adding preferred activity ComponentInfo{com.android.mms/com.android.mms.ui.ComposeMessageActivity} for user 0 :
D/dalvikvm( 1799): GC_FOR_ALLOC freed 414K, 17% free 3666K/4384K, paused 2ms, total 2ms
I/PackageManager( 1570):   Action: "android.intent.action.SENDTO"
I/PackageManager( 1570):   Category: "android.intent.category.DEFAULT"
I/PackageManager( 1570):   Scheme: "mms"
I/PackageManager( 1570): Adding preferred activity ComponentInfo{com.android.mms/com.android.mms.ui.ComposeMessageActivity} for user 0 :
W/Launcher( 2379): setApplicationContext called twice! old=com.google.android.velvet.VelvetApplication@9d0326d8 new=com.google.android.velvet.VelvetApplication@9d0326d8
I/Icing.InternalIcingCorporaProvider( 2344): Updating corpora: A: com.google.android.syncadapters.contacts, C: MAYBE
I/PackageManager( 1570):   Action: "android.intent.action.SENDTO"
I/PackageManager( 1570):   Category: "android.intent.category.DEFAULT"
I/PackageManager( 1570):   Scheme: "mmsto"
I/Fitness ( 1779): FitCleanupIntentOperation received Intent android.intent.action.PACKAGE_CHANGED [CONTEXT service_id=17 ]
I/PackageManager( 1570): Adding preferred activity ComponentInfo{com.android.mms/com.android.mms.ui.ComposeMessageActivity} for user 0 :
D/dalvikvm( 1570): GC_FOR_ALLOC freed 1293K, 46% free 8019K/14816K, paused 8ms, total 9ms
I/Fitness ( 1779): OnPackageChangedOperation got intent: Intent { act=android.intent.action.PACKAGE_CHANGED dat=package:com.google.android.syncadapters.contacts flg=0x4000010 cmp=com.google.android.gms/.chimera.PersistentIntentOperationService (has extras) } [CONTEXT service_id=17 ]
W/ContextImpl( 2344): Implicit intents with startService are not safe: Intent { act=com.google.android.gms.icing.INDEX_SERVICE } android.content.ContextWrapper.bindService:517 com.google.android.gms.internal.av.a:-1 com.google.android.gms.internal.au.connect:-1 
I/Icing   ( 2174): IndexChimeraService.getServiceInterface callingPackage=com.google.android.googlequicksearchbox componentName=null serviceId=21
I/PackageManager( 1570):   Action: "android.intent.action.SENDTO"
I/PackageManager( 1570):   Category: "android.intent.category.DEFAULT"
I/PackageManager( 1570):   Scheme: "sms"
I/PackageManager( 1570): Adding preferred activity ComponentInfo{com.android.mms/com.android.mms.ui.ComposeMessageActivity} for user 0 :
I/Icing   ( 2174): Indexing com.google.android.gms-apps from com.google.android.gms
I/PackageManager( 1570):   Action: "android.intent.action.SENDTO"
I/PackageManager( 1570):   Category: "android.intent.category.DEFAULT"
I/PackageManager( 1570):   Scheme: "smsto"
I/Icing   ( 2174): Indexing done com.google.android.gms-apps
W/Icing   ( 2174): No valid account for uploading user actions
I/PackageManager( 1570): Adding preferred activity ComponentInfo{com.android.mms/com.android.mms.ui.ComposeMessageActivity} for user 0 :
I/Icing   ( 2174): Usage reports ok 0, Failed Usage reports 0, indexed 0, rejected 0
D/dalvikvm( 1799): GC_FOR_ALLOC freed 447K, 17% free 3639K/4384K, paused 2ms, total 2ms
I/PackageManager( 1570):   Action: "android.intent.action.SENDTO"
I/PackageManager( 1570):   Category: "android.intent.category.DEFAULT"
I/PackageManager( 1570):   Scheme: "mms"
I/PackageManager( 1570): Adding preferred activity ComponentInfo{com.android.mms/com.android.mms.ui.ComposeMessageActivity} for user 0 :
I/PackageManager( 1570):   Action: "android.intent.action.SENDTO"
I/PackageManager( 1570):   Category: "android.intent.category.DEFAULT"
I/PackageManager( 1570):   Scheme: "mmsto"
W/Icing.InternalIcingCorporaProvider( 2344): Application table change notification failed.
I/PackageManager( 1570): Adding preferred activity ComponentInfo{com.android.mms/com.android.mms.ui.ComposeMessageActivity} for user 0 :
I/PackageManager( 1570):   Action: "android.intent.action.SENDTO"
I/PackageManager( 1570):   Category: "android.intent.category.DEFAULT"
I/PackageManager( 1570):   Scheme: "sms"
I/PackageManager( 1570): Adding preferred activity ComponentInfo{com.android.mms/com.android.mms.ui.ComposeMessageActivity} for user 0 :
I/PackageManager( 1570):   Action: "android.intent.action.SENDTO"
I/PackageManager( 1570):   Category: "android.intent.category.DEFAULT"
I/PackageManager( 1570):   Scheme: "smsto"
I/PackageManager( 1570): Adding preferred activity ComponentInfo{com.android.mms/com.android.mms.ui.ComposeMessageActivity} for user 0 :
D/dalvikvm( 1799): GC_FOR_ALLOC freed 409K, 17% free 3668K/4384K, paused 2ms, total 2ms
W/Launcher( 2379): setApplicationContext called twice! old=com.google.android.velvet.VelvetApplication@9d0326d8 new=com.google.android.velvet.VelvetApplication@9d0326d8
I/PackageManager( 1570):   Action: "android.intent.action.SENDTO"
I/PackageManager( 1570):   Category: "android.intent.category.DEFAULT"
I/PackageManager( 1570):   Scheme: "mms"
I/Icing.InternalIcingCorporaProvider( 2344): Updating corpora: A: com.google.android.gsf, C: MAYBE
I/Fitness ( 1779): OnPackageChangedOperation got intent: Intent { act=android.intent.action.PACKAGE_CHANGED dat=package:com.google.android.gsf flg=0x4000010 cmp=com.google.android.gms/.chimera.PersistentIntentOperationService (has extras) } [CONTEXT service_id=17 ]
I/PackageManager( 1570): Adding preferred activity ComponentInfo{com.android.mms/com.android.mms.ui.ComposeMessageActivity} for user 0 :
I/Fitness ( 1779): FitCleanupIntentOperation received Intent android.intent.action.PACKAGE_CHANGED [CONTEXT service_id=17 ]
D/dalvikvm( 1570): GC_FOR_ALLOC freed 1305K, 47% free 7976K/14816K, paused 9ms, total 9ms
I/PackageManager( 1570):   Action: "android.intent.action.SENDTO"
I/PackageManager( 1570):   Category: "android.intent.category.DEFAULT"
I/PackageManager( 1570):   Scheme: "mmsto"
I/PackageManager( 1570): Adding preferred activity ComponentInfo{com.android.mms/com.android.mms.ui.ComposeMessageActivity} for user 0 :
I/Icing   ( 2174): IndexChimeraService.getServiceInterface callingPackage=com.google.android.googlequicksearchbox componentName=null serviceId=21
I/PackageManager( 1570):   Action: "android.intent.action.SENDTO"
I/PackageManager( 1570):   Category: "android.intent.category.DEFAULT"
I/PackageManager( 1570):   Scheme: "sms"
W/Icing.InternalIcingCorporaProvider( 2344): Application table change notification failed.
I/PackageManager( 1570): Adding preferred activity ComponentInfo{com.android.mms/com.android.mms.ui.ComposeMessageActivity} for user 0 :
W/Icing   ( 2174): No valid account for uploading user actions
I/Fitness ( 1779): OnPackageChangedOperation got intent: Intent { act=android.intent.action.PACKAGE_CHANGED dat=package:com.google.android.gms flg=0x4000010 cmp=com.google.android.gms/.chimera.PersistentIntentOperationService (has extras) } [CONTEXT service_id=17 ]
I/Icing   ( 2174): Usage reports ok 0, Failed Usage reports 0, indexed 0, rejected 0
I/Icing   ( 2174): Indexing com.google.android.gms-apps from com.google.android.gms
I/PackageManager( 1570):   Action: "android.intent.action.SENDTO"
I/PackageManager( 1570):   Category: "android.intent.category.DEFAULT"
I/PackageManager( 1570):   Scheme: "smsto"
I/Icing   ( 2174): Indexing done com.google.android.gms-apps
I/PackageManager( 1570): Adding preferred activity ComponentInfo{com.android.mms/com.android.mms.ui.ComposeMessageActivity} for user 0 :
D/dalvikvm( 1799): GC_FOR_ALLOC freed 455K, 18% free 3634K/4384K, paused 2ms, total 2ms
I/Icing   ( 2174): updateResources: need to parse wwx{com.google.android.gms}
I/PackageManager( 1570):   Action: "android.intent.action.SENDTO"
I/PackageManager( 1570):   Category: "android.intent.category.DEFAULT"
I/PackageManager( 1570):   Scheme: "mms"
I/Icing.InternalIcingCorporaProvider( 2344): Updating corpora: A: com.google.android.gms, C: MAYBE
I/PackageManager( 1570): Adding preferred activity ComponentInfo{com.android.mms/com.android.mms.ui.ComposeMessageActivity} for user 0 :
W/Launcher( 2379): setApplicationContext called twice! old=com.google.android.velvet.VelvetApplication@9d0326d8 new=com.google.android.velvet.VelvetApplication@9d0326d8
I/PackageManager( 1570):   Action: "android.intent.action.SENDTO"
I/PackageManager( 1570):   Category: "android.intent.category.DEFAULT"
I/PackageManager( 1570):   Scheme: "mmsto"
I/PackageManager( 1570): Adding preferred activity ComponentInfo{com.android.mms/com.android.mms.ui.ComposeMessageActivity} for user 0 :
I/PackageManager( 1570):   Action: "android.intent.action.SENDTO"
I/PackageManager( 1570):   Category: "android.intent.category.DEFAULT"
I/PackageManager( 1570):   Scheme: "sms"
I/Fitness ( 1779): FitCleanupIntentOperation received Intent android.intent.action.PACKAGE_CHANGED [CONTEXT service_id=17 ]
I/PackageManager( 1570): Adding preferred activity ComponentInfo{com.android.mms/com.android.mms.ui.ComposeMessageActivity} for user 0 :
I/PackageManager( 1570):   Action: "android.intent.action.SENDTO"
I/PackageManager( 1570):   Category: "android.intent.category.DEFAULT"
I/PackageManager( 1570):   Scheme: "smsto"
I/PackageManager( 1570): Adding preferred activity ComponentInfo{com.android.mms/com.android.mms.ui.ComposeMessageActivity} for user 0 :
D/dalvikvm( 1844): GC_EXPLICIT freed 350K, 19% free 6183K/7588K, paused 0ms+2ms, total 22ms
D/dalvikvm( 1799): GC_FOR_ALLOC freed 413K, 17% free 3667K/4384K, paused 2ms, total 2ms
I/PackageManager( 1570):   Action: "android.intent.action.SENDTO"
I/PackageManager( 1570):   Category: "android.intent.category.DEFAULT"
I/PackageManager( 1570):   Scheme: "mms"
I/PackageManager( 1570): Adding preferred activity ComponentInfo{com.android.mms/com.android.mms.ui.ComposeMessageActivity} for user 0 :
D/dalvikvm( 1570): GC_FOR_ALLOC freed 1271K, 47% free 7956K/14816K, paused 8ms, total 8ms
I/Icing   ( 2174): IndexChimeraService.getServiceInterface callingPackage=com.google.android.googlequicksearchbox componentName=null serviceId=21
I/PackageManager( 1570):   Action: "android.intent.action.SENDTO"
I/PackageManager( 1570):   Category: "android.intent.category.DEFAULT"
I/PackageManager( 1570):   Scheme: "mmsto"
I/PackageManager( 1570): Adding preferred activity ComponentInfo{com.android.mms/com.android.mms.ui.ComposeMessageActivity} for user 0 :
W/Icing   ( 2174): No valid account for uploading user actions
I/Icing   ( 2174): Usage reports ok 0, Failed Usage reports 0, indexed 0, rejected 0
I/Icing   ( 2174): Indexing com.google.android.googlequicksearchbox-applications from com.google.android.googlequicksearchbox
I/Icing   ( 2174): Indexing com.google.android.gms-apps from com.google.android.gms
D/dalvikvm( 2174): GC_FOR_ALLOC freed 2002K, 14% free 20832K/23972K, paused 15ms, total 15ms
I/Icing   ( 2174): Indexing done com.google.android.googlequicksearchbox-applications
I/Icing   ( 2174): Indexing done com.google.android.gms-apps
I/Icing   ( 2174): Indexing com.google.android.gms-internal.3p:MobileApplication from com.google.android.gms
I/Icing   ( 2174): Indexing done com.google.android.gms-internal.3p:MobileApplication
I/CheckinCompat( 2174): Done disabling old GoogleServicesFramework version [CONTEXT service_id=130 ]
I/NetworkScheduler.Stats( 1779): Task com.google.android.gms/com.google.android.gms.phenotype.service.sync.PhenotypeConfigurator started execution. cause:4 exec_start_elapsed_seconds: 45 [CONTEXT service_id=218 ]
D/dalvikvm( 1779): GC_FOR_ALLOC freed 1964K, 21% free 10251K/12972K, paused 9ms, total 9ms
I/ahkf    ( 1779): Removed 0 invalid users [CONTEXT service_id=51 ]
D/dalvikvm( 1779): GC_FOR_ALLOC freed 1871K, 20% free 10427K/12972K, paused 9ms, total 9ms
E/dalvikvm( 1779): JIT code cache full
I/ahju    ( 1779): Scheduling adaptive one off task with window [14400, 604800] in seconds [CONTEXT service_id=51 ]
I/PGAPhenotypeBroadcastRe( 3035): Received Phenotype update.
I/Auth    ( 1779): [AuthManaged,PasswordComplexityHelperImpl] Updating password complexity components state.
I/Auth    ( 1779): [AuthManaged,PasswordComplexityHelperImpl] Enabling com.google.android.gms.auth.managed.ui.SetNewPasswordActivity
D/dalvikvm( 1779): JIT code cache reset in 0 ms (523264 bytes 2/0)
