W/PackageManager( 1567): Unknown permission android.permission.ALLOCATE_AGGRESSIVE in package com.google.android.gms
W/PackageManager( 1567): Unknown permission android.car.permission.CAR_POWER in package com.google.android.gms
W/PackageManager( 1567): Unknown permission android.permission.USE_FINGERPRINT in package com.google.android.gms
W/PackageManager( 1567): Unknown permission android.permission.USE_BIOMETRIC in package com.google.android.gms
W/PackageManager( 1567): Unknown permission android.permission.SEND_SMS_NO_CONFIRMATION in package com.google.android.gms
W/PackageManager( 1567): Unknown permission com.google.android.wearable.WRITE_SETTINGS in package com.google.android.gms
W/PackageManager( 1567): Unknown permission com.felicanetworks.mfc.permission.MFC_ACCESS in package com.google.android.gms
W/PackageManager( 1567): Unknown permission com.felicanetworks.mfc.mfi.permission.MFI_ACCESS in package com.google.android.gms
W/PackageManager( 1567): Unknown permission com.google.android.finsky.permission.INSTANT_APP_STATE in package com.google.android.gms
W/PackageManager( 1567): Unknown permission android.permission.ACCESS_BACKGROUND_LOCATION in package com.google.android.gms
W/PackageManager( 1567): Unknown permission android.permission.ACCESS_NOTIFICATION_POLICY in package com.google.android.gms
W/PackageManager( 1567): Unknown permission com.google.android.googlequicksearchbox.permission.PAUSE_HOTWORD in package com.google.android.gms
W/PackageManager( 1567): Unknown permission android.permission.MANAGE_VOICE_KEYPHRASES in package com.google.android.gms
W/PackageManager( 1567): Unknown permission android.permission.UWB in package com.google.android.gms
W/PackageManager( 1567): Unknown permission android.permission.USE_FULL_SCREEN_INTENT in package com.google.android.gms
W/PackageManager( 1567): Unknown permission android.permission.TETHER_PRIVILEGED in package com.google.android.gms
W/PackageManager( 1567): Unknown permission android.permission.CONTROL_DISPLAY_SATURATION in package com.google.android.gms
W/PackageManager( 1567): Unknown permission android.permission.REAL_GET_TASKS in package com.google.android.gms
W/PackageManager( 1567): Unknown permission com.google.android.finsky.permission.BIND_GET_INSTALL_REFERRER_SERVICE in package com.google.android.gms
W/PackageManager( 1567): Unknown permission com.google.android.hangouts.START_HANGOUT in package com.google.android.gms
W/PackageManager( 1567): Unknown permission android.permission.READ_OEM_UNLOCK_STATE in package com.google.android.gms
W/PackageManager( 1567): Unknown permission android.permission.SCORE_NETWORKS in package com.google.android.gms
W/PackageManager( 1567): Unknown permission android.permission.OVERRIDE_WIFI_CONFIG in package com.google.android.gms
W/PackageManager( 1567): Unknown permission android.car.permission.CAR_POWERTRAIN in package com.google.android.gms
W/PackageManager( 1567): Unknown permission android.car.permission.CAR_ENERGY in package com.google.android.gms
W/PackageManager( 1567): Unknown permission android.car.permission.CAR_ENERGY_PORTS in package com.google.android.gms
W/PackageManager( 1567): Unknown permission android.car.permission.CAR_EXTERIOR_LIGHTS in package com.google.android.gms
W/PackageManager( 1567): Unknown permission android.car.permission.CAR_INFO in package com.google.android.gms
W/PackageManager( 1567): Unknown permission android.car.permission.CAR_MILEAGE in package com.google.android.gms
W/PackageManager( 1567): Unknown permission android.car.permission.CAR_TIRES in package com.google.android.gms
W/PackageManager( 1567): Unknown permission android.car.permission.CONTROL_CAR_CLIMATE in package com.google.android.gms
W/PackageManager( 1567): Unknown permission android.car.permission.CONTROL_CAR_DOORS in package com.google.android.gms
W/PackageManager( 1567): Unknown permission android.car.permission.CONTROL_CAR_EXTERIOR_LIGHTS in package com.google.android.gms
W/PackageManager( 1567): Unknown permission android.car.permission.CONTROL_CAR_MIRRORS in package com.google.android.gms
W/PackageManager( 1567): Unknown permission android.car.permission.CONTROL_CAR_SEATS in package com.google.android.gms
W/PackageManager( 1567): Unknown permission android.car.permission.CONTROL_CAR_WINDOWS in package com.google.android.gms
W/PackageManager( 1567): Unknown permission android.car.permission.READ_CAR_DISPLAY_UNITS in package com.google.android.gms
W/PackageManager( 1567): Unknown permission android.permission.CONTROL_INCALL_EXPERIENCE in package com.google.android.gms
W/PackageManager( 1567): Unknown permission android.permission.USER_ACTIVITY in package com.google.android.gms
W/PackageManager( 1567): Unknown permission android.permission.MODIFY_AUDIO_ROUTING in package com.google.android.gms
W/PackageManager( 1567): Unknown permission android.permission.MODIFY_DAY_NIGHT_MODE in package com.google.android.gms
W/PackageManager( 1567): Unknown permission com.google.android.finsky.permission.GEARHEAD_SERVICE in package com.google.android.gms
W/PackageManager( 1567): Unknown permission com.google.android.permission.ACCESSIBILITY_SCAN_SERVICE in package com.google.android.gms
W/PackageManager( 1567): Unknown permission android.permission.START_TASKS_FROM_RECENTS in package com.google.android.gms
W/PackageManager( 1567): Not granting permission android.permission.MANAGE_ACTIVITY_STACKS to package com.google.android.gms (protectionLevel=2 flags=0x40c83e45)
W/PackageManager( 1567): Unknown permission android.permission.ACTIVITY_EMBEDDING in package com.google.android.gms
W/PackageManager( 1567): Unknown permission com.google.android.finsky.permission.ACCESS_INSTANT_APP_NOTIFICATION_ENFORCEMENT in package com.google.android.gms
W/PackageManager( 1567): Unknown permission android.permission.PROVIDE_RESOLVER_RANKER_SERVICE in package com.google.android.gms
W/PackageManager( 1567): Unknown permission com.google.android.clockwork.settings.SHOW_FACTORY_RESET_CONFIRMATION in package com.google.android.gms
W/PackageManager( 1567): Unknown permission com.google.android.wearable.READ_SETTINGS in package com.google.android.gms
W/PackageManager( 1567): Unknown permission android.permission.READ_MEDIA_AUDIO in package com.google.android.gms
W/PackageManager( 1567): Unknown permission android.permission.READ_MEDIA_IMAGES in package com.google.android.gms
W/PackageManager( 1567): Unknown permission android.permission.READ_MEDIA_VIDEO in package com.google.android.gms
W/PackageManager( 1567): Unknown permission android.permission.INTENT_FILTER_VERIFICATION_AGENT in package com.google.android.gms
W/PackageManager( 1567): Unknown permission android.permission.LOCAL_MAC_ADDRESS in package com.google.android.gms
W/PackageManager( 1567): Unknown permission android.permission.CHANGE_DEVICE_IDLE_TEMP_WHITELIST in package com.google.android.gms
W/PackageManager( 1567): Unknown permission android.permission.READ_WIFI_CREDENTIAL in package com.google.android.gms
W/PackageManager( 1567): Unknown permission android.permission.SUBSTITUTE_NOTIFICATION_APP_NAME in package com.google.android.gms
W/PackageManager( 1567): Unknown permission android.permission.SUBSTITUTE_SHARE_TARGET_APP_NAME_AND_ICON in package com.google.android.gms
W/PackageManager( 1567): Unknown permission android.permission.ACTIVITY_RECOGNITION in package com.google.android.gms
W/PackageManager( 1567): Unknown permission android.permission.MANAGE_SUBSCRIPTION_PLANS in package com.google.android.gms
W/PackageManager( 1567): Unknown permission android.permission.READ_DEVICE_CONFIG in package com.google.android.gms
W/PackageManager( 1567): Unknown permission android.permission.WRITE_DEVICE_CONFIG in package com.google.android.gms
W/PackageManager( 1567): Unknown permission com.google.android.apps.now.OPT_IN_WIZARD in package com.google.android.gms
W/PackageManager( 1567): Unknown permission com.google.android.setupwizard.SETUP_COMPAT_SERVICE in package com.google.android.gms
W/PackageManager( 1567): Unknown permission android.permission.MANAGE_ROLLBACKS in package com.google.android.gms
W/PackageManager( 1567): Unknown permission android.permission.REQUEST_DELETE_PACKAGES in package com.google.android.gms
W/PackageManager( 1567): Unknown permission android.permission.NOTIFY_PENDING_SYSTEM_UPDATE in package com.google.android.gms
W/PackageManager( 1567): Unknown permission android.permission.BODY_SENSORS in package com.google.android.gms
W/PackageManager( 1567): Unknown permission com.google.android.launcher.permission.RECEIVE_LAUNCH_BROADCASTS in package com.google.android.gms
W/PackageManager( 1567): Unknown permission com.google.android.vending.verifier.ACCESS_VERIFIER in package com.google.android.gms
W/PackageManager( 1567): Unknown permission android.permission.RESET_PASSWORD in package com.google.android.gms
W/PackageManager( 1567): Unknown permission android.permission.LOCK_DEVICE in package com.google.android.gms
W/PackageManager( 1567): Unknown permission android.permission.CONTROL_KEYGUARD_SECURE_NOTIFICATIONS in package com.google.android.gms
W/PackageManager( 1567): Unknown permission com.google.android.gm.permission.READ_GMAIL in package com.google.android.gms
W/PackageManager( 1567): Unknown permission com.android.voicemail.permission.READ_VOICEMAIL in package com.google.android.gms
W/PackageManager( 1567): Unknown permission com.google.android.voicesearch.SHORTCUTS_ACCESS in package com.google.android.googlequicksearchbox
W/PackageManager( 1567): Unknown permission com.google.android.voicesearch.ACCESS_SETTINGS in package com.google.android.googlequicksearchbox
W/PackageManager( 1567): Unknown permission com.google.android.ears.permission.WRITE in package com.google.android.googlequicksearchbox
W/PackageManager( 1567): Unknown permission com.google.android.apps.googlevoice.permission.AUTO_SEND in package com.google.android.googlequicksearchbox
W/PackageManager( 1567): Unknown permission com.google.android.gm.permission.AUTO_SEND in package com.google.android.googlequicksearchbox
W/PackageManager( 1567): Unknown permission android.permission.REQUEST_DELETE_PACKAGES in package com.google.android.play.games
W/PackageManager( 1567): Unknown permission com.google.android.finsky.permission.BIND_GET_INSTALL_REFERRER_SERVICE in package com.google.android.play.games
W/PackageManager( 1567): Not granting permission android.permission.DELETE_PACKAGES to package com.svox.pico (protectionLevel=18 flags=0x88be45)
W/PackageManager( 1567): Not granting permission android.permission.DEVICE_POWER to package com.android.deskclock (protectionLevel=2 flags=0xc8be45)
W/PackageManager( 1567): Not granting permission android.permission.READ_DREAM_STATE to package com.google.android.gsf (protectionLevel=2 flags=0x40883e45)
W/InputMethodUtils( 1567): Found no subtypes in a system IME: com.android.inputmethod.pinyin
W/InputMethodManagerService( 1567): Reset the default IME as "Resource" is ready here.
W/InputMethodUtils( 1567): Found no subtypes in a system IME: com.android.inputmethod.pinyin
I/InputMethodManagerService( 1567): Selected default: com.google.android.inputmethod.latin/com.android.inputmethod.latin.LatinIME
D/dalvikvm( 1661): GC_FOR_ALLOC freed 314K, 14% free 3100K/3600K, paused 2ms, total 2ms
W/InputMethodUtils( 1567): NameNotFoundException: com.android.inputmethod.latin
W/InputMethodUtils( 1567): android.content.pm.PackageManager$NameNotFoundException: com.android.inputmethod.latin
W/InputMethodUtils( 1567): 	at android.app.ApplicationPackageManager.getApplicationInfo(ApplicationPackageManager.java:227)
W/InputMethodUtils( 1567): 	at com.android.internal.inputmethod.InputMethodUtils.setNonSelectedSystemImesDisabledUntilUsed(InputMethodUtils.java:441)
W/InputMethodUtils( 1567): 	at com.android.server.InputMethodManagerService.systemRunning(InputMethodManagerService.java:853)
W/InputMethodUtils( 1567): 	at com.android.server.ServerThread$2.run(SystemServer.java:1021)
W/InputMethodUtils( 1567): 	at com.android.server.am.ActivityManagerService.systemReady(ActivityManagerService.java:9363)
W/InputMethodUtils( 1567): 	at com.android.server.am.ActivityManagerService$13$1.run(ActivityManagerService.java:9258)
W/InputMethodUtils( 1567): 	at android.os.Handler.handleCallback(Handler.java:733)
W/InputMethodUtils( 1567): 	at android.os.Handler.dispatchMessage(Handler.java:95)
W/InputMethodUtils( 1567): 	at android.os.Looper.loop(Looper.java:136)
W/InputMethodUtils( 1567): 	at com.android.server.am.ActivityManagerService$AThread.run(ActivityManagerService.java:1870)
I/PackageManager( 1567): Running dexopt on: com.google.android.inputmethod.latin
W/linker  ( 1786): libdvm.so has text relocations. This is wasting memory and is a security risk. Please fix.
I/ActivityManager( 1567): Start proc com.google.android.inputmethod.latin for service com.google.android.inputmethod.latin/com.android.inputmethod.latin.LatinIME: pid=1773 uid=10031 gids={50031, 3003, 1028, 1015}
V/InputMethodManagerService( 1567): Adding window token: android.os.Binder@9d381c10
W/InputMethodManagerService( 1567): Illegal subtype state: old subtype = null, new subtype = android.view.inputmethod.InputMethodSubtype@c9194f98
D/dalvikvm( 1661): GC_FOR_ALLOC freed 36K, 9% free 3451K/3776K, paused 1ms, total 1ms
D/dalvikvm( 1661): GC_FOR_ALLOC freed 4K, 9% free 3619K/3948K, paused 1ms, total 2ms
I/dalvikvm-heap( 1661): Grow heap (frag case) to 5.560MB for 1939932-byte allocation
D/dalvikvm( 1661): GC_FOR_ALLOC freed <1K, 6% free 5513K/5844K, paused 3ms, total 3ms
D/dalvikvm( 1786): DexOpt: load 11ms, verify+opt 39ms, 1425476 bytes
W/GpsLocationProvider( 1567): Could not open GPS configuration file /etc/gps.conf
D/dalvikvm( 1661): GC_FOR_ALLOC freed 18K, 5% free 6086K/6364K, paused 3ms, total 3ms
I/PackageManager( 1567): Running dexopt on: com.android.location.fused
I/ActivityManager( 1567): Start proc com.google.android.gms.persistent for service com.google.android.gms/com.google.android.location.network.NetworkLocationService: pid=1787 uid=10007 gids={50007, 3003, 1007, 1028, 1015, 3002, 3001, 3007, 2001, 3006}
W/linker  ( 1793): libdvm.so has text relocations. This is wasting memory and is a security risk. Please fix.
V/PhoneStatusBar/NavigationBarView( 1661): touchEnabled:false
D/dalvikvm( 1793): DexOpt: load 1ms, verify+opt 0ms, 150300 bytes
I/PackageManager( 1567): Running dexopt on: com.google.android.gms
W/linker  ( 1801): libdvm.so has text relocations. This is wasting memory and is a security risk. Please fix.
I/LatinIME( 1773): Hardware accelerated drawing: true
I/LatinIME:LogUtils( 1773): Dictionary info: dictionary = PersonalizationPredictionDictio ; version = ? ; date = 1629033123
I/LatinIME:LogUtils( 1773): Dictionary info: dictionary = personalization.en_US.dict ; version = ? ; date = 1629033123
D/dalvikvm( 1801): DexOpt: couldn't find static field Landroid/os/Build;.SUPPORTED_64_BIT_ABIS
D/dalvikvm( 1801): DexOpt: couldn't find static field Landroid/os/Build;.SUPPORTED_64_BIT_ABIS
D/dalvikvm( 1801): DexOpt: couldn't find static field Landroid/os/Build;.SUPPORTED_64_BIT_ABIS
D/dalvikvm( 1801): DexOpt: couldn't find field Landroid/content/pm/ApplicationInfo;.splitSourceDirs
D/dalvikvm( 1801): DexOpt: couldn't find static field Landroid/os/Build;.SUPPORTED_ABIS
D/dalvikvm( 1801): DexOpt: couldn't find static field Landroid/os/Build;.SUPPORTED_64_BIT_ABIS
D/dalvikvm( 1801): DexOpt: load 26ms, verify+opt 127ms, 3112180 bytes
E/FlpHardwareProvider( 1567): Error hw_get_module 'flp': -2
E/FlpHardwareProvider( 1567): Error hw_get_module 'flp': -2
D/dalvikvm( 1661): GC_FOR_ALLOC freed 44K, 4% free 7023K/7276K, paused 1ms, total 1ms
W/dalvikvm( 1787): VFY: unable to resolve static field 1608 (PR_SET_DUMPABLE) in Landroid/system/OsConstants;
D/dalvikvm( 1787): VFY: replacing opcode 0x60 at 0x0017
W/dalvikvm( 1787): VFY: unable to find class referenced in signature (Lyqx;)
W/dalvikvm( 1787): VFY: unable to find class referenced in signature (Lyro;)
W/InputAttributes( 1773): No editor info for this field. Bug?
I/ResourceUtils( 1773): Found default value: resource=keypress_vibration_durations build=[HARDWARE=ranchu MODEL=Android SDK built for x86 BRAND=generic_x86 MANUFACTURER=unknown] default=-1
I/ResourceUtils( 1773): Found default value: resource=keypress_volumes build=[HARDWARE=ranchu MODEL=Android SDK built for x86 BRAND=generic_x86 MANUFACTURER=unknown] default=-1.0f
I/CommonTimeManagementService( 1567): No common time service detected on this platform.  Common time services will be unavailable.
I/InputReader( 1567): Reconfiguring input devices.  changes=0x00000020
I/InputReader( 1567): Reconfiguring input devices.  changes=0x00000010
D/dalvikvm( 1567): GC_FOR_ALLOC freed 823K, 54% free 6921K/14816K, paused 8ms, total 8ms
I/ActivityManager( 1567): Start proc com.android.phone for added application com.android.phone: pid=1809 uid=1001 gids={41001, 3002, 3001, 3003, 1028, 1015}
I/ActivityManager( 1567): START u0 {act=android.intent.action.MAIN cat=[android.intent.category.HOME] flg=0x10000000 cmp=com.android.settings/.CryptKeeper} from pid 0
D/gralloc_ranchu( 1144): gralloc_alloc: Creating ashmem region of size 8294400
D/dalvikvm( 1145): GC_EXPLICIT freed 37K, 7% free 2993K/3216K, paused 1ms+1ms, total 3ms
I/ActivityManager( 1567): Start proc com.android.settings for activity com.android.settings/.CryptKeeper: pid=1824 uid=1000 gids={41000, 1028, 1015, 3002, 3001, 3003}
D/dalvikvm( 1773): GC_FOR_ALLOC freed 278K, 13% free 3219K/3680K, paused 2ms, total 2ms
D/dalvikvm( 1145): GC_EXPLICIT freed <1K, 7% free 2993K/3216K, paused 0ms+1ms, total 4ms
D/dalvikvm( 1145): GC_EXPLICIT freed <1K, 7% free 2993K/3216K, paused 0ms+0ms, total 4ms
I/ActivityManager( 1567): Start proc android.process.media for broadcast com.android.providers.downloads/.DownloadReceiver: pid=1839 uid=10005 gids={50005, 1028, 1015, 1023, 1024, 2001, 3003, 3007}
I/PackageManager( 1567): Running dexopt on: com.android.providers.telephony
I/ActivityManager( 1567): Start proc com.google.process.gapps for content provider com.google.android.gsf/.gservices.GservicesProvider: pid=1851 uid=10007 gids={50007, 3003, 1007, 1028, 1015, 3002, 3001, 3007, 2001, 3006}
W/linker  ( 1862): libdvm.so has text relocations. This is wasting memory and is a security risk. Please fix.
D/dalvikvm( 1773): GC_FOR_ALLOC freed 406K, 17% free 3237K/3900K, paused 2ms, total 2ms
D/dalvikvm( 1862): DexOpt: load 0ms, verify+opt 5ms, 229852 bytes
I/PackageManager( 1567): Running dexopt on: com.android.phone
W/linker  ( 1868): libdvm.so has text relocations. This is wasting memory and is a security risk. Please fix.
D/dalvikvm( 1868): Note: class Landroid/app/ActivityManagerNative; has 179 unimplemented (abstract) methods
D/dalvikvm( 1868): DexOpt: load 6ms, verify+opt 31ms, 1187044 bytes
I/PackageManager( 1567): Running dexopt on: com.android.settings
W/linker  ( 1883): libdvm.so has text relocations. This is wasting memory and is a security risk. Please fix.
I/ActivityManager( 1567): Start proc android.process.acore for content provider com.android.providers.userdictionary/.UserDictionaryProvider: pid=1869 uid=10002 gids={50002, 3003, 1028, 1015}
D/dalvikvm( 1883): Note: class Landroid/app/ActivityManagerNative; has 179 unimplemented (abstract) methods
D/dalvikvm( 1883): DexOpt: load 15ms, verify+opt 62ms, 2338852 bytes
I/PackageManager( 1567): Running dexopt on: com.android.providers.downloads
W/linker  ( 1889): libdvm.so has text relocations. This is wasting memory and is a security risk. Please fix.
D/dalvikvm( 1889): DexOpt: load 2ms, verify+opt 10ms, 540948 bytes
I/PackageManager( 1567): Running dexopt on: com.google.android.syncadapters.contacts
E/BluetoothAdapter( 1661): Bluetooth binder is null
E/BluetoothAdapter( 1661): Bluetooth binder is null
W/linker  ( 1890): libdvm.so has text relocations. This is wasting memory and is a security risk. Please fix.
D/dalvikvm( 1890): DexOpt: load 3ms, verify+opt 19ms, 550756 bytes
I/PackageManager( 1567): Running dexopt on: com.android.providers.userdictionary
W/linker  ( 1891): libdvm.so has text relocations. This is wasting memory and is a security risk. Please fix.
D/dalvikvm( 1891): DexOpt: load 1ms, verify+opt 2ms, 173356 bytes
I/dalvikvm( 1851): Could not find method android.content.ContentProvider.query, referenced from method brf.superQuery
W/dalvikvm( 1851): VFY: unable to resolve virtual method 2428: Landroid/content/ContentProvider;.query (Landroid/net/Uri;[Ljava/lang/String;Landroid/os/Bundle;Landroid/os/CancellationSignal;)Landroid/database/Cursor;
D/dalvikvm( 1851): VFY: replacing opcode 0x6f at 0x0000
I/PackageManager( 1567): Running dexopt on: com.android.printspooler
I/ActivityManager( 1567): Start proc com.android.printspooler for service com.android.printspooler/.PrintSpoolerService: pid=1892 uid=10044 gids={50044}
W/linker  ( 1907): libdvm.so has text relocations. This is wasting memory and is a security risk. Please fix.
D/dalvikvm( 1869): GC_FOR_ALLOC freed 253K, 12% free 3253K/3692K, paused 3ms, total 3ms
D/dalvikvm( 1907): DexOpt: load 3ms, verify+opt 14ms, 610380 bytes
E/BluetoothAdapter( 1661): Bluetooth binder is null
I/ActivityManager( 1567): START u0 {act=android.intent.action.MAIN cat=[android.intent.category.HOME] flg=0x10000000 cmp=com.android.sdksetup/.DefaultActivity} from pid 0
I/LatinIME:LogUtils( 1773): Dictionary info: dictionary = PersonalizationPredictionDictio ; version = ? ; date = 1629033123
I/PrintSpoolerService( 1892): No existing print spooler state.
I/ActivityManager( 1567): Start proc com.android.sdksetup for activity com.android.sdksetup/.DefaultActivity: pid=1913 uid=10046 gids={50046}
I/GservicesProvider( 1851): Gservices pushing to system: true; secure/global: true
I/FusedLocation( 1567): engine started (com.android.location.fused)
I/LatinIME:LogUtils( 1773): Dictionary info: dictionary = UserHistoryDictionary.en_US.dic ; version = ? ; date = 1629033124
I/MediaProvider( 1839): Upgrading media database from version 0 to 700, which will destroy all old data
E/BluetoothAdapter( 1661): Bluetooth binder is null
I/LatinIME:LogUtils( 1773): Dictionary info: dictionary = userunigram.en_US.dict ; version = ? ; date = ?
D/dalvikvm( 1773): GC_FOR_ALLOC freed 460K, 17% free 3290K/3932K, paused 3ms, total 3ms
I/PackageManager( 1567): Running dexopt on: com.android.sdksetup
D/dalvikvm( 1851): GC_FOR_ALLOC freed 280K, 13% free 3223K/3692K, paused 2ms, total 2ms
W/linker  ( 1933): libdvm.so has text relocations. This is wasting memory and is a security risk. Please fix.
D/dalvikvm( 1933): DexOpt: load 1ms, verify+opt 0ms, 147076 bytes
I/FusedLocation( 1567): engine stopped (com.android.location.fused)
I/dalvikvm( 1787): Could not find method android.system.Os.readlink, referenced from method msk.a
W/dalvikvm( 1787): VFY: unable to resolve static method 3145: Landroid/system/Os;.readlink (Ljava/lang/String;)Ljava/lang/String;
D/dalvikvm( 1787): VFY: replacing opcode 0x71 at 0x00b0
I/dalvikvm( 1787): Could not find method android.os.PowerManager.isInteractive, referenced from method ndc.a
W/dalvikvm( 1787): VFY: unable to resolve virtual method 3046: Landroid/os/PowerManager;.isInteractive ()Z
D/dalvikvm( 1787): VFY: replacing opcode 0x6e at 0x0013
I/dalvikvm( 1787): Could not find method com.google.android.chimera.ModuleContext.getAttributionTag, referenced from method com.google.android.chimera.ModuleContext.createAttributionContext
W/dalvikvm( 1787): VFY: unable to resolve virtual method 14170: Lcom/google/android/chimera/ModuleContext;.getAttributionTag ()Ljava/lang/String;
D/dalvikvm( 1787): VFY: replacing opcode 0x6e at 0x0004
I/dalvikvm( 1787): Could not find method com.google.android.chimera.ContextThemeWrapper.createAttributionContext, referenced from method com.google.android.chimera.ModuleContext.createAttributionContext
W/dalvikvm( 1787): VFY: unable to resolve virtual method 13785: Lcom/google/android/chimera/ContextThemeWrapper;.createAttributionContext (Ljava/lang/String;)Landroid/content/Context;
D/dalvikvm( 1787): VFY: replacing opcode 0x6f at 0x0035
I/dalvikvm( 1787): Could not find method android.content.ContextWrapper.createCredentialProtectedStorageContext, referenced from method com.google.android.chimera.ModuleContext.createCredentialProtectedStorageContext
W/dalvikvm( 1787): VFY: unable to resolve virtual method 2508: Landroid/content/ContextWrapper;.createCredentialProtectedStorageContext ()Landroid/content/Context;
D/dalvikvm( 1787): VFY: replacing opcode 0x6f at 0x0002
I/dalvikvm( 1787): Could not find method android.content.ContextWrapper.createDeviceProtectedStorageContext, referenced from method com.google.android.chimera.ModuleContext.createDeviceProtectedStorageContext
W/dalvikvm( 1787): VFY: unable to resolve virtual method 2509: Landroid/content/ContextWrapper;.createDeviceProtectedStorageContext ()Landroid/content/Context;
D/dalvikvm( 1787): VFY: replacing opcode 0x6f at 0x0002
I/dalvikvm( 1787): Could not find method com.google.android.chimera.ContextThemeWrapper.sendBroadcastWithMultiplePermissions, referenced from method com.google.android.chimera.ModuleContext.sendBroadcastWithMultiplePermissions
W/dalvikvm( 1787): VFY: unable to resolve virtual method 13795: Lcom/google/android/chimera/ContextThemeWrapper;.sendBroadcastWithMultiplePermissions (Landroid/content/Intent;[Ljava/lang/String;)V
D/dalvikvm( 1787): VFY: replacing opcode 0x6f at 0x0009
I/MultiDex( 1787): VM with version 1.6.0 does not have multidex support
I/MultiDex( 1787): Installing application
I/MultiDex( 1787): MultiDexExtractor(/system/priv-app/PrebuiltGmsCore.apk, /data/data/com.google.android.gms/code_cache/secondary-dexes)
E/SQLiteLog( 1839): (1) no such table: album_info
I/MultiDex( 1787): Blocking on lock /data/data/com.google.android.gms/code_cache/secondary-dexes/MultiDex.lock
I/MultiDex( 1787): /data/data/com.google.android.gms/code_cache/secondary-dexes/MultiDex.lock locked
I/MultiDex( 1787): MultiDexExtractor.load(/system/priv-app/PrebuiltGmsCore.apk, false, )
I/MultiDex( 1787): Detected that extraction must be performed.
D/dalvikvm( 1787): GC_FOR_ALLOC freed 250K, 12% free 3248K/3680K, paused 2ms, total 2ms
D/dalvikvm( 1567): GC_FOR_ALLOC freed 729K, 53% free 7076K/14816K, paused 23ms, total 23ms
I/FusedLocation( 1567): engine started (com.android.location.fused)
D/PhoneStatusBar( 1661): disable: < expand icons alerts ticker system_info back home recent clock search >
D/dalvikvm( 1661): GC_FOR_ALLOC freed 165K, 5% free 8188K/8536K, paused 3ms, total 4ms
D/dalvikvm( 1787): GC_FOR_ALLOC freed 143K, 9% free 3611K/3944K, paused 4ms, total 4ms
I/PackageManager( 1567): Running dexopt on: com.android.externalstorage
I/DownloadManager( 1839): Upgrading downloads database from version 0 to version 109, which will destroy all old data
E/BluetoothAdapter( 1661): Bluetooth binder is null
D/PhoneStatusBar( 1661): heads up is disabled
D/PhoneStatusBar( 1661): mSettingsPanelGravity = 55
I/ActivityManager( 1567): Start proc com.android.externalstorage for broadcast com.android.externalstorage/.MountReceiver: pid=1954 uid=10006 gids={50006, 1028, 1015, 1023}
W/linker  ( 1968): libdvm.so has text relocations. This is wasting memory and is a security risk. Please fix.
I/ContactLocale( 1869): AddressBook Labels [en_US]: [, A, B, C, D, E, F, G, H, I, J, K, L, M, N, O, P, Q, R, S, T, U, V, W, X, Y, Z, , , , , , , , , , , , , , , , , , , , , , , , , , , , , , , , , , , , , , , , , , , , , , , , , , , , , , , , , , , , , , , , , , , , , , , , , , , , , , , , , , , , , , , , , , , , , , , , , , , , , , , , , , , , , , , , , , , , , , , , , , , , , , , , , , , , , , , , , , , , , , , , , , , , , , , , , , , , , , , , , , , , , , , , , , , , , , , , , , , , , , #, ]
D/dalvikvm( 1968): DexOpt: load 3ms, verify+opt 2ms, 224484 bytes
I/DownloadManager( 1839): Download 1 starting
W/DownloadManager( 1839): Aborting request for download 1: NO_CONNECTION
D/dalvikvm( 1787): GC_FOR_ALLOC freed 132K, 9% free 3962K/4308K, paused 11ms, total 11ms
D/ExternalStorage( 1954): After updating volumes, found 1 active roots
I/ActivityManager( 1567): Force stopping com.android.sdksetup appid=10046 user=0: pkg changed
I/ActivityManager( 1567): Killing 1913:com.android.sdksetup/u0a46 (adj 0): stop com.android.sdksetup
I/ActivityManager( 1567):   Force finishing activity ActivityRecord{9d29c050 u0 com.android.sdksetup/.DefaultActivity t2}
I/ActivityManager( 1567): START u0 {act=android.intent.action.MAIN cat=[android.intent.category.HOME] flg=0x10000000 cmp=com.android.launcher/com.android.launcher2.Launcher} from pid 0
I/ActivityManager( 1567): Start proc com.android.launcher for activity com.android.launcher/com.android.launcher2.Launcher: pid=1972 uid=10009 gids={50009}
I/InputReader( 1567): Reconfiguring input devices.  changes=0x00000010
I/Choreographer( 1661): Skipped 49 frames!  The application may be doing too much work on its main thread.
D/ExternalStorage( 1954): After updating volumes, found 1 active roots
V/KeyguardTouchDelegate( 1661): Connected to keyguard
D/MediaScannerReceiver( 1839): action: android.intent.action.MEDIA_MOUNTED path: /storage/sdcard
I/PackageManager( 1567): Running dexopt on: com.android.launcher
W/linker  ( 1985): libdvm.so has text relocations. This is wasting memory and is a security risk. Please fix.
D/dalvikvm( 1787): GC_FOR_ALLOC freed 119K, 8% free 4303K/4656K, paused 2ms, total 2ms
W/BackupManagerService( 1567): dataChanged but no participant pkg='com.android.providers.settings' uid=1001
I/LatinIME:LogUtils( 1773): Dictionary info: dictionary = main:en ; version = 42 ; date = 1381226516
I/DownloadManager( 1839): Download 1 finished with status WAITING_FOR_NETWORK
I/PackageManager( 1567):   Action: "android.intent.action.SENDTO"
I/PackageManager( 1567):   Category: "android.intent.category.DEFAULT"
I/PackageManager( 1567):   Scheme: "sms"
I/PackageManager( 1567): Adding preferred activity ComponentInfo{com.android.mms/com.android.mms.ui.ComposeMessageActivity} for user 0 :
D/dalvikvm( 1787): GC_FOR_ALLOC freed 128K, 8% free 4614K/5000K, paused 2ms, total 2ms
I/MultiDex( 1787): Extraction is needed for file /data/data/com.google.android.gms/code_cache/secondary-dexes/PrebuiltGmsCore.apk.classes2.zip
I/MultiDex( 1787): Extracting /data/data/com.google.android.gms/code_cache/secondary-dexes/tmp-PrebuiltGmsCore.apk.classes411347910.zip
I/PackageManager( 1567):   Action: "android.intent.action.SENDTO"
I/PackageManager( 1567):   Category: "android.intent.category.DEFAULT"
I/PackageManager( 1567):   Scheme: "smsto"
D/dalvikvm( 1567): GC_FOR_ALLOC freed 1090K, 53% free 7004K/14816K, paused 6ms, total 6ms
I/PackageManager( 1567): Adding preferred activity ComponentInfo{com.android.mms/com.android.mms.ui.ComposeMessageActivity} for user 0 :
I/PackageManager( 1567):   Action: "android.intent.action.SENDTO"
I/PackageManager( 1567):   Category: "android.intent.category.DEFAULT"
I/PackageManager( 1567):   Scheme: "mms"
I/PackageManager( 1567): Adding preferred activity ComponentInfo{com.android.mms/com.android.mms.ui.ComposeMessageActivity} for user 0 :
I/PackageManager( 1567):   Action: "android.intent.action.SENDTO"
I/PackageManager( 1567):   Category: "android.intent.category.DEFAULT"
I/PackageManager( 1567):   Scheme: "mmsto"
I/PackageManager( 1567): Adding preferred activity ComponentInfo{com.android.mms/com.android.mms.ui.ComposeMessageActivity} for user 0 :
D/dalvikvm( 1985): DexOpt: load 22ms, verify+opt 44ms, 987780 bytes
D/dalvikvm( 1839): GC_FOR_ALLOC freed 287K, 13% free 3219K/3692K, paused 2ms, total 2ms
I/PackageManager( 1567):   Action: "android.intent.action.SENDTO"
I/PackageManager( 1567):   Category: "android.intent.category.DEFAULT"
I/PackageManager( 1567):   Scheme: "sms"
I/PackageManager( 1567): Adding preferred activity ComponentInfo{com.android.mms/com.android.mms.ui.ComposeMessageActivity} for user 0 :
I/PackageManager( 1567):   Action: "android.intent.action.SENDTO"
I/PackageManager( 1567):   Category: "android.intent.category.DEFAULT"
I/PackageManager( 1567):   Scheme: "smsto"
I/PackageManager( 1567):   Action: "android.intent.action.SENDTO"
I/PackageManager( 1567):   Category: "android.intent.category.DEFAULT"
I/PackageManager( 1567):   Scheme: "mms"
I/PackageManager( 1567): Adding preferred activity ComponentInfo{com.android.mms/com.android.mms.ui.ComposeMessageActivity} for user 0 :
I/PackageManager( 1567): Adding preferred activity ComponentInfo{com.android.mms/com.android.mms.ui.ComposeMessageActivity} for user 0 :
I/PackageManager( 1567):   Action: "android.intent.action.SENDTO"
I/PackageManager( 1567):   Category: "android.intent.category.DEFAULT"
I/PackageManager( 1567):   Scheme: "mmsto"
W/MediaScanner( 1839): Error opening directory '/storage/sdcard/.android_secure/', skipping: Permission denied.
I/PackageManager( 1567): Adding preferred activity ComponentInfo{com.android.mms/com.android.mms.ui.ComposeMessageActivity} for user 0 :
D/        ( 1661): HostConnection::get() New Host Connection established 0xb8203040, tid 1661
D/EGL_emulation( 1661): eglCreateContext: 0xb8204e90: maj 3 min 0 rcv 3
D/dalvikvm( 1809): GC_FOR_ALLOC freed 242K, 12% free 3255K/3680K, paused 3ms, total 3ms
E/BluetoothAdapter( 1809): Bluetooth binder is null
D/EGL_emulation( 1661): eglMakeCurrent: 0xb8204e90: ver 3 0
E/eglCodecCommon( 1661): glUtilsParamSize: unknow param 0x00008cdf
E/eglCodecCommon( 1661): glUtilsParamSize: unknow param 0x00008824
E/EGL_emulation( 1661): tid 1661: eglSurfaceAttrib(1199): error 0x3009 (EGL_BAD_MATCH)
W/HardwareRenderer( 1661): Backbuffer cannot be preserved
D/OpenGLRenderer( 1661): Enabling debug mode 0
E/BluetoothAdapter( 1809): Bluetooth binder is null
D/CallNotifier( 1809): CallNotifier: mSignalInfoToneGenerator created when toneplay
E/BluetoothAdapter( 1809): Bluetooth binder is null
D/EGL_emulation( 1661): eglMakeCurrent: 0xb8204e90: ver 3 0
V/MediaScanner( 1839): pruneDeadThumbnailFiles... android.database.sqlite.SQLiteCursor@9d050e20
V/MediaScanner( 1839): /pruneDeadThumbnailFiles... android.database.sqlite.SQLiteCursor@9d050e20
E/EGL_emulation( 1661): tid 1661: eglSurfaceAttrib(1199): error 0x3009 (EGL_BAD_MATCH)
W/HardwareRenderer( 1661): Backbuffer cannot be preserved
I/LatinIME:LogUtils( 1773): Dictionary info: dictionary = main:en ; version = 42 ; date = 1381226516
D/EGL_emulation( 1661): eglMakeCurrent: 0xb8204e90: ver 3 0
D/AlarmManagerService( 1567): Kernel timezone updated to 240 minutes west of GMT
D/        ( 1809): Setting time of day to sec=1629033125
D/MobileDataStateTracker( 1567): fota: Broadcast received: android.intent.action.ANY_DATA_STATE apnType=fota
D/MobileDataStateTracker( 1567): fota: Received state=DISCONNECTED, old=DISCONNECTED, reason=radioTurnedOff
D/MobileDataStateTracker( 1567): ia: Broadcast received: android.intent.action.ANY_DATA_STATE apnType=ia
D/MobileDataStateTracker( 1567): ia: Received state=DISCONNECTED, old=DISCONNECTED, reason=radioTurnedOff
D/MobileDataStateTracker( 1567): supl: Broadcast received: android.intent.action.ANY_DATA_STATE apnType=supl
D/MobileDataStateTracker( 1567): supl: Received state=DISCONNECTED, old=DISCONNECTED, reason=radioTurnedOff
D/MobileDataStateTracker( 1567): hipri: Broadcast received: android.intent.action.ANY_DATA_STATE apnType=hipri
D/MobileDataStateTracker( 1567): hipri: Received state=DISCONNECTED, old=DISCONNECTED, reason=radioTurnedOff
D/MobileDataStateTracker( 1567): ims: Broadcast received: android.intent.action.ANY_DATA_STATE apnType=ims
D/MobileDataStateTracker( 1567): ims: Received state=DISCONNECTED, old=DISCONNECTED, reason=radioTurnedOff
D/MobileDataStateTracker( 1567): default: Broadcast received: android.intent.action.ANY_DATA_STATE apnType=default
D/MobileDataStateTracker( 1567): default: Received state=DISCONNECTED, old=DISCONNECTED, reason=radioTurnedOff
D/MobileDataStateTracker( 1567): mms: Broadcast received: android.intent.action.ANY_DATA_STATE apnType=mms
D/MobileDataStateTracker( 1567): mms: Received state=DISCONNECTED, old=DISCONNECTED, reason=radioTurnedOff
D/EGL_emulation( 1661): eglMakeCurrent: 0xb8204e90: ver 3 0
D/MobileDataStateTracker( 1567): cbs: Broadcast received: android.intent.action.ANY_DATA_STATE apnType=cbs
D/MobileDataStateTracker( 1567): cbs: Received state=DISCONNECTED, old=DISCONNECTED, reason=radioTurnedOff
D/MobileDataStateTracker( 1567): fota: Broadcast received: android.intent.action.ANY_DATA_STATE apnType=fota
D/MobileDataStateTracker( 1567): fota: Received state=DISCONNECTED, old=DISCONNECTED, reason=radioTurnedOff
D/MobileDataStateTracker( 1567): ia: Broadcast received: android.intent.action.ANY_DATA_STATE apnType=ia
D/MobileDataStateTracker( 1567): ia: Received state=DISCONNECTED, old=DISCONNECTED, reason=radioTurnedOff
D/MobileDataStateTracker( 1567): supl: Broadcast received: android.intent.action.ANY_DATA_STATE apnType=supl
D/MobileDataStateTracker( 1567): supl: Received state=DISCONNECTED, old=DISCONNECTED, reason=radioTurnedOff
D/MobileDataStateTracker( 1567): hipri: Broadcast received: android.intent.action.ANY_DATA_STATE apnType=hipri
D/MobileDataStateTracker( 1567): hipri: Received state=DISCONNECTED, old=DISCONNECTED, reason=radioTurnedOff
D/MobileDataStateTracker( 1567): ims: Broadcast received: android.intent.action.ANY_DATA_STATE apnType=ims
D/MobileDataStateTracker( 1567): ims: Received state=DISCONNECTED, old=DISCONNECTED, reason=radioTurnedOff
D/MobileDataStateTracker( 1567): default: Broadcast received: android.intent.action.ANY_DATA_STATE apnType=default
D/MobileDataStateTracker( 1567): default: Received state=DISCONNECTED, old=DISCONNECTED, reason=radioTurnedOff
D/MobileDataStateTracker( 1567): mms: Broadcast received: android.intent.action.ANY_DATA_STATE apnType=mms
D/MobileDataStateTracker( 1567): mms: Received state=DISCONNECTED, old=DISCONNECTED, reason=radioTurnedOff
D/MobileDataStateTracker( 1567): cbs: Broadcast received: android.intent.action.ANY_DATA_STATE apnType=cbs
D/MobileDataStateTracker( 1567): cbs: Received state=DISCONNECTED, old=DISCONNECTED, reason=radioTurnedOff
D/MobileDataStateTracker( 1567): fota: Broadcast received: android.intent.action.ANY_DATA_STATE apnType=fota
I/LatinIME:LogUtils( 1773): Dictionary info: dictionary = main:en ; version = 42 ; date = 1381226516
I/DownloadManager( 1839): Download 2 starting
D/TelephonyDebugService( 1809): TelephonyDebugService()
D/MobileDataStateTracker( 1567): fota: Received state=DISCONNECTED, old=DISCONNECTED, reason=dataDetached
D/MobileDataStateTracker( 1567): ia: Broadcast received: android.intent.action.ANY_DATA_STATE apnType=ia
W/DownloadManager( 1839): Aborting request for download 2: NO_CONNECTION
D/dalvikvm( 1972): GC_FOR_ALLOC freed 201K, 11% free 3279K/3672K, paused 3ms, total 5ms
D/MobileDataStateTracker( 1567): ia: Received state=DISCONNECTED, old=DISCONNECTED, reason=dataDetached
D/MobileDataStateTracker( 1567): supl: Broadcast received: android.intent.action.ANY_DATA_STATE apnType=supl
D/MobileDataStateTracker( 1567): supl: Received state=DISCONNECTED, old=DISCONNECTED, reason=dataDetached
D/MobileDataStateTracker( 1567): hipri: Broadcast received: android.intent.action.ANY_DATA_STATE apnType=hipri
D/MobileDataStateTracker( 1567): hipri: Received state=DISCONNECTED, old=DISCONNECTED, reason=dataDetached
D/MobileDataStateTracker( 1567): ims: Broadcast received: android.intent.action.ANY_DATA_STATE apnType=ims
D/MobileDataStateTracker( 1567): ims: Received state=DISCONNECTED, old=DISCONNECTED, reason=dataDetached
D/MobileDataStateTracker( 1567): default: Broadcast received: android.intent.action.ANY_DATA_STATE apnType=default
D/MobileDataStateTracker( 1567): default: Received state=DISCONNECTED, old=DISCONNECTED, reason=dataDetached
D/MobileDataStateTracker( 1567): mms: Broadcast received: android.intent.action.ANY_DATA_STATE apnType=mms
D/MobileDataStateTracker( 1567): mms: Received state=DISCONNECTED, old=DISCONNECTED, reason=dataDetached
D/MobileDataStateTracker( 1567): cbs: Broadcast received: android.intent.action.ANY_DATA_STATE apnType=cbs
D/MobileDataStateTracker( 1567): cbs: Received state=DISCONNECTED, old=DISCONNECTED, reason=dataDetached
D/MobileDataStateTracker( 1567): fota: Broadcast received: android.intent.action.ANY_DATA_STATE apnType=fota
D/MobileDataStateTracker( 1567): fota: Received state=DISCONNECTED, old=DISCONNECTED, reason=roamingOff
D/MobileDataStateTracker( 1567): ia: Broadcast received: android.intent.action.ANY_DATA_STATE apnType=ia
D/MobileDataStateTracker( 1567): ia: Received state=DISCONNECTED, old=DISCONNECTED, reason=roamingOff
D/MobileDataStateTracker( 1567): supl: Broadcast received: android.intent.action.ANY_DATA_STATE apnType=supl
D/MobileDataStateTracker( 1567): supl: Received state=DISCONNECTED, old=DISCONNECTED, reason=roamingOff
D/MobileDataStateTracker( 1567): hipri: Broadcast received: android.intent.action.ANY_DATA_STATE apnType=hipri
D/MobileDataStateTracker( 1567): hipri: Received state=DISCONNECTED, old=DISCONNECTED, reason=roamingOff
D/MobileDataStateTracker( 1567): ims: Broadcast received: android.intent.action.ANY_DATA_STATE apnType=ims
D/MobileDataStateTracker( 1567): ims: Received state=DISCONNECTED, old=DISCONNECTED, reason=roamingOff
D/MobileDataStateTracker( 1567): default: Broadcast received: android.intent.action.ANY_DATA_STATE apnType=default
D/MobileDataStateTracker( 1567): default: Received state=DISCONNECTED, old=DISCONNECTED, reason=roamingOff
D/MobileDataStateTracker( 1567): mms: Broadcast received: android.intent.action.ANY_DATA_STATE apnType=mms
D/MobileDataStateTracker( 1567): mms: Received state=DISCONNECTED, old=DISCONNECTED, reason=roamingOff
D/MobileDataStateTracker( 1567): cbs: Broadcast received: android.intent.action.ANY_DATA_STATE apnType=cbs
D/MobileDataStateTracker( 1567): cbs: Received state=DISCONNECTED, old=DISCONNECTED, reason=roamingOff
D/MobileDataStateTracker( 1567): fota: Broadcast received: android.intent.action.ANY_DATA_STATE apnType=fota
D/MobileDataStateTracker( 1567): fota: Received state=DISCONNECTED, old=DISCONNECTED, reason=roamingOff
D/MobileDataStateTracker( 1567): ia: Broadcast received: android.intent.action.ANY_DATA_STATE apnType=ia
D/MobileDataStateTracker( 1567): ia: Received state=DISCONNECTED, old=DISCONNECTED, reason=roamingOff
D/MobileDataStateTracker( 1567): supl: Broadcast received: android.intent.action.ANY_DATA_STATE apnType=supl
D/MobileDataStateTracker( 1567): supl: Received state=DISCONNECTED, old=DISCONNECTED, reason=roamingOff
D/MobileDataStateTracker( 1567): hipri: Broadcast received: android.intent.action.ANY_DATA_STATE apnType=hipri
D/MobileDataStateTracker( 1567): hipri: Received state=DISCONNECTED, old=DISCONNECTED, reason=roamingOff
D/MobileDataStateTracker( 1567): ims: Broadcast received: android.intent.action.ANY_DATA_STATE apnType=ims
D/MobileDataStateTracker( 1567): ims: Received state=DISCONNECTED, old=DISCONNECTED, reason=roamingOff
D/MobileDataStateTracker( 1567): default: Broadcast received: android.intent.action.ANY_DATA_STATE apnType=default
D/MobileDataStateTracker( 1567): default: Received state=DISCONNECTED, old=DISCONNECTED, reason=roamingOff
D/MobileDataStateTracker( 1567): mms: Broadcast received: android.intent.action.ANY_DATA_STATE apnType=mms
D/dalvikvm( 1972): GC_FOR_ALLOC freed 52K, 6% free 3742K/3980K, paused 2ms, total 2ms
D/MobileDataStateTracker( 1567): mms: Received state=DISCONNECTED, old=DISCONNECTED, reason=roamingOff
D/MobileDataStateTracker( 1567): cbs: Broadcast received: android.intent.action.ANY_DATA_STATE apnType=cbs
D/MobileDataStateTracker( 1567): cbs: Received state=DISCONNECTED, old=DISCONNECTED, reason=roamingOff
I/DownloadManager( 1839): Download 2 finished with status WAITING_FOR_NETWORK
D/EGL_emulation( 1661): eglMakeCurrent: 0xb8204e90: ver 3 0
D/AlarmManagerService( 1567): Kernel timezone updated to 300 minutes west of GMT
I/ActivityManager( 1567): Start proc com.android.exchange for content provider com.android.exchange/.provider.ExchangeDirectoryProvider: pid=2004 uid=10027 gids={50027, 3003, 1028, 1015}
D/dalvikvm( 1809): GC_FOR_ALLOC freed 337K, 14% free 3428K/3948K, paused 2ms, total 2ms
I/DownloadManager( 1839): Download 3 starting
D/dalvikvm( 1972): GC_FOR_ALLOC freed 26K, 6% free 3875K/4088K, paused 3ms, total 3ms
I/LatinIME:LogUtils( 1773): Dictionary info: dictionary = main:en ; version = 42 ; date = 1381226516
W/DownloadManager( 1839): Aborting request for download 3: NO_CONNECTION
D/dalvikvm( 1661): GC_FOR_ALLOC freed 160K, 4% free 8901K/9244K, paused 3ms, total 3ms
I/DownloadManager( 1839): Download 3 finished with status WAITING_FOR_NETWORK
I/PackageManager( 1567): Running dexopt on: com.android.exchange
I/dalvikvm-heap( 1661): Grow heap (frag case) to 11.797MB for 3072012-byte allocation
I/dalvikvm-heap( 1972): Grow heap (frag case) to 8.169MB for 4410012-byte allocation
D/dalvikvm( 1972): GC_FOR_ALLOC freed 2K, 3% free 8179K/8396K, paused 4ms, total 4ms
W/linker  ( 2023): libdvm.so has text relocations. This is wasting memory and is a security risk. Please fix.
D/dalvikvm( 1661): GC_FOR_ALLOC freed 4K, 3% free 11896K/12248K, paused 2ms, total 2ms
D/dalvikvm( 1661): GC_FOR_ALLOC freed <1K, 3% free 11896K/12248K, paused 2ms, total 2ms
W/Resources( 1972): Converting to int: TypedValue{t=0x3/d=0x12 "4" a=-1}
W/Resources( 1972): Converting to int: TypedValue{t=0x3/d=0xf "1" a=-1}
I/DownloadManager( 1839): Download 4 starting
W/DownloadManager( 1839): Aborting request for download 4: NO_CONNECTION
I/dalvikvm-heap( 1661): Grow heap (frag case) to 26.647MB for 15575052-byte allocation
I/DownloadManager( 1839): Download 4 finished with status WAITING_FOR_NETWORK
D/dalvikvm( 1661): GC_FOR_ALLOC freed 0K, 2% free 27106K/27460K, paused 4ms, total 4ms
D/gralloc_ranchu( 1144): gralloc_alloc: Creating ashmem region of size 14745600
D/dalvikvm( 2023): DexOpt: load 32ms, verify+opt 152ms, 2148036 bytes
W/Resources( 1972): Converting to int: TypedValue{t=0x3/d=0x15 "2" a=-1}
W/Resources( 1972): Converting to int: TypedValue{t=0x3/d=0x15 "2" a=-1}
D/MobileDataStateTracker( 1567): fota: Broadcast received: android.intent.action.ANY_DATA_STATE apnType=fota
D/MobileDataStateTracker( 1567): fota: Received state=DISCONNECTED, old=DISCONNECTED, reason=dataAttached
D/MobileDataStateTracker( 1567): ia: Broadcast received: android.intent.action.ANY_DATA_STATE apnType=ia
D/MobileDataStateTracker( 1567): ia: Received state=DISCONNECTED, old=DISCONNECTED, reason=dataAttached
D/MobileDataStateTracker( 1567): supl: Broadcast received: android.intent.action.ANY_DATA_STATE apnType=supl
I/Choreographer( 1661): Skipped 31 frames!  The application may be doing too much work on its main thread.
D/MobileDataStateTracker( 1567): supl: Received state=DISCONNECTED, old=DISCONNECTED, reason=dataAttached
D/MobileDataStateTracker( 1567): hipri: Broadcast received: android.intent.action.ANY_DATA_STATE apnType=hipri
D/EGL_emulation( 1661): eglMakeCurrent: 0xb8204e90: ver 3 0
D/dalvikvm( 1567): GC_FOR_ALLOC freed 905K, 53% free 7107K/14816K, paused 11ms, total 12ms
W/Launcher.LauncherProvider( 1972): Unable to add favorite: com.android.camera2/com.android.camera.CameraLauncher
W/Launcher.LauncherProvider( 1972): android.content.pm.PackageManager$NameNotFoundException: ComponentInfo{com.android.camera2/com.android.camera.CameraLauncher}
W/Launcher.LauncherProvider( 1972): 	at android.app.ApplicationPackageManager.getActivityInfo(ApplicationPackageManager.java:242)
W/Launcher.LauncherProvider( 1972): 	at com.android.launcher2.LauncherProvider$DatabaseHelper.addAppShortcut(LauncherProvider.java:939)
W/Launcher.LauncherProvider( 1972): 	at com.android.launcher2.LauncherProvider$DatabaseHelper.loadFavorites(LauncherProvider.java:843)
W/Launcher.LauncherProvider( 1972): 	at com.android.launcher2.LauncherProvider$DatabaseHelper.access$000(LauncherProvider.java:233)
W/Launcher.LauncherProvider( 1972): 	at com.android.launcher2.LauncherProvider.loadDefaultFavoritesIfNecessary(LauncherProvider.java:228)
W/Launcher.LauncherProvider( 1972): 	at com.android.launcher2.LauncherModel$LoaderTask.loadWorkspace(LauncherModel.java:1263)
W/Launcher.LauncherProvider( 1972): 	at com.android.launcher2.LauncherModel$LoaderTask.loadAndBindWorkspace(LauncherModel.java:1005)
W/Launcher.LauncherProvider( 1972): 	at com.android.launcher2.LauncherModel$LoaderTask.run(LauncherModel.java:1111)
W/Launcher.LauncherProvider( 1972): 	at android.os.Handler.handleCallback(Handler.java:733)
W/Launcher.LauncherProvider( 1972): 	at android.os.Handler.dispatchMessage(Handler.java:95)
W/Launcher.LauncherProvider( 1972): 	at android.os.Looper.loop(Looper.java:136)
W/Launcher.LauncherProvider( 1972): 	at android.os.HandlerThread.run(HandlerThread.java:61)
W/Launcher.LauncherProvider( 1972): Unable to add favorite: com.android.gallery3d/com.android.gallery3d.app.Gallery
W/Launcher.LauncherProvider( 1972): android.content.pm.PackageManager$NameNotFoundException: ComponentInfo{com.android.gallery3d/com.android.gallery3d.app.Gallery}
W/Launcher.LauncherProvider( 1972): 	at android.app.ApplicationPackageManager.getActivityInfo(ApplicationPackageManager.java:242)
W/Launcher.LauncherProvider( 1972): 	at com.android.launcher2.LauncherProvider$DatabaseHelper.addAppShortcut(LauncherProvider.java:939)
W/Launcher.LauncherProvider( 1972): 	at com.android.launcher2.LauncherProvider$DatabaseHelper.loadFavorites(LauncherProvider.java:843)
W/Launcher.LauncherProvider( 1972): 	at com.android.launcher2.LauncherProvider$DatabaseHelper.access$000(LauncherProvider.java:233)
W/Launcher.LauncherProvider( 1972): 	at com.android.launcher2.LauncherProvider.loadDefaultFavoritesIfNecessary(LauncherProvider.java:228)
W/Launcher.LauncherProvider( 1972): 	at com.android.launcher2.LauncherModel$LoaderTask.loadWorkspace(LauncherModel.java:1263)
W/Launcher.LauncherProvider( 1972): 	at com.android.launcher2.LauncherModel$LoaderTask.loadAndBindWorkspace(LauncherModel.java:1005)
W/Launcher.LauncherProvider( 1972): 	at com.android.launcher2.LauncherModel$LoaderTask.run(LauncherModel.java:1111)
