I/dalvikvm( 2159): Could not find method android.content.ServiceConnection.onNullBinding, referenced from method uxb.onNullBinding
I/dalvikvm( 1851): Could not find method com.google.android.chimera.ModuleContext.getAttributionTag, referenced from method com.google.android.chimera.ModuleContext.createAttributionContext
W/dalvikvm( 1851): VFY: unable to resolve virtual method 14170: Lcom/google/android/chimera/ModuleContext;.getAttributionTag ()Ljava/lang/String;
D/dalvikvm( 1851): VFY: replacing opcode 0x6e at 0x0004
I/dalvikvm( 1851): Could not find method com.google.android.chimera.ContextThemeWrapper.createAttributionContext, referenced from method com.google.android.chimera.ModuleContext.createAttributionContext
W/dalvikvm( 1851): VFY: unable to resolve virtual method 13785: Lcom/google/android/chimera/ContextThemeWrapper;.createAttributionContext (Ljava/lang/String;)Landroid/content/Context;
D/dalvikvm( 1851): VFY: replacing opcode 0x6f at 0x0035
I/dalvikvm( 1851): Could not find method android.content.ContextWrapper.createCredentialProtectedStorageContext, referenced from method com.google.android.chimera.ModuleContext.createCredentialProtectedStorageContext
W/dalvikvm( 1851): VFY: unable to resolve virtual method 2508: Landroid/content/ContextWrapper;.createCredentialProtectedStorageContext ()Landroid/content/Context;
D/dalvikvm( 1851): VFY: replacing opcode 0x6f at 0x0002
I/dalvikvm( 1851): Could not find method android.content.ContextWrapper.createDeviceProtectedStorageContext, referenced from method com.google.android.chimera.ModuleContext.createDeviceProtectedStorageContext
W/dalvikvm( 1851): VFY: unable to resolve virtual method 2509: Landroid/content/ContextWrapper;.createDeviceProtectedStorageContext ()Landroid/content/Context;
D/dalvikvm( 1851): VFY: replacing opcode 0x6f at 0x0002
I/dalvikvm( 1851): Could not find method com.google.android.chimera.ContextThemeWrapper.sendBroadcastWithMultiplePermissions, referenced from method com.google.android.chimera.ModuleContext.sendBroadcastWithMultiplePermissions
W/dalvikvm( 1851): VFY: unable to resolve virtual method 13795: Lcom/google/android/chimera/ContextThemeWrapper;.sendBroadcastWithMultiplePermissions (Landroid/content/Intent;[Ljava/lang/String;)V
D/dalvikvm( 1851): VFY: replacing opcode 0x6f at 0x0009
I/MultiDex( 1851): VM with version 1.6.0 does not have multidex support
I/MultiDex( 1851): Installing application
I/MultiDex( 1851): MultiDexExtractor(/system/priv-app/PrebuiltGmsCore.apk, /data/data/com.google.android.gms/code_cache/secondary-dexes)
W/dalvikvm( 2159): VFY: unable to resolve interface method 2566: Landroid/content/ServiceConnection;.onNullBinding (Landroid/content/ComponentName;)V
D/dalvikvm( 2159): VFY: replacing opcode 0x72 at 0x000f
I/MultiDex( 1851): Blocking on lock /data/data/com.google.android.gms/code_cache/secondary-dexes/MultiDex.lock
I/dalvikvm( 1787): Could not find method android.os.UserHandle.isOwner, referenced from method ahls.a
W/dalvikvm( 1787): VFY: unable to resolve virtual method 29745: Landroid/os/UserHandle;.isOwner ()Z
D/dalvikvm( 1787): VFY: replacing opcode 0x6e at 0x000a
I/MultiDex( 1851): /data/data/com.google.android.gms/code_cache/secondary-dexes/MultiDex.lock locked
I/MultiDex( 1851): MultiDexExtractor.load(/system/priv-app/PrebuiltGmsCore.apk, false, )
D/dalvikvm( 1851): GC_FOR_ALLOC freed 396K, 18% free 3285K/3964K, paused 7ms, total 7ms
I/MultiDex( 1851): loading existing secondary dex files
I/MultiDex( 1851): load found 5 secondary dex files
I/MultiDex( 1851): install done
I/dalvikvm( 1851): Could not find method android.os.UserHandle.isOwner, referenced from method nmy.f
I/dalvikvm( 1787): Could not find method android.os.UserManager.isManagedProfile, referenced from method ffl.a
W/dalvikvm( 1787): VFY: unable to resolve virtual method 4277: Landroid/os/UserManager;.isManagedProfile ()Z
D/dalvikvm( 1787): VFY: replacing opcode 0x6e at 0x0024
W/dalvikvm( 1851): VFY: unable to resolve virtual method 3081: Landroid/os/UserHandle;.isOwner ()Z
D/dalvikvm( 1851): VFY: replacing opcode 0x6e at 0x000a
I/dalvikvm( 1787): Could not find method android.app.admin.DevicePolicyManager.isProfileOwnerApp, referenced from method hbs.c
W/dalvikvm( 1787): VFY: unable to resolve virtual method 2595: Landroid/app/admin/DevicePolicyManager;.isProfileOwnerApp (Ljava/lang/String;)Z
D/dalvikvm( 1787): VFY: replacing opcode 0x6e at 0x0011
I/dalvikvm( 1787): Could not find method android.app.admin.DevicePolicyManager.getProfileOwner, referenced from method hbs.a
W/dalvikvm( 1787): VFY: unable to resolve virtual method 2591: Landroid/app/admin/DevicePolicyManager;.getProfileOwner ()Landroid/content/ComponentName;
D/dalvikvm( 1787): VFY: replacing opcode 0x6e at 0x0012
D/dalvikvm( 2159): GC_FOR_ALLOC freed 828K, 16% free 5665K/6704K, paused 6ms, total 6ms
D/dalvikvm( 1851): DexOpt: couldn't find field Landroid/content/pm/ApplicationInfo;.splitSourceDirs
W/dalvikvm( 1851): VFY: unable to resolve instance field 1475
D/dalvikvm( 1851): VFY: replacing opcode 0x54 at 0x0055
D/dalvikvm( 1851): DexOpt: couldn't find static field Landroid/os/Build;.SUPPORTED_ABIS
W/dalvikvm( 1851): VFY: unable to resolve static field 1540 (SUPPORTED_ABIS) in Landroid/os/Build;
D/dalvikvm( 1851): VFY: replacing opcode 0x62 at 0x00d1
I/dalvikvm( 1851): Could not find method android.system.Os.stat, referenced from method nop.a
W/dalvikvm( 1851): VFY: unable to resolve static method 3146: Landroid/system/Os;.stat (Ljava/lang/String;)Landroid/system/StructStat;
D/dalvikvm( 1851): VFY: replacing opcode 0x71 at 0x0182
I/dalvikvm( 1851): Could not find method android.content.pm.PackageManager.getPackageInstaller, referenced from method men.a
W/dalvikvm( 1851): VFY: unable to resolve virtual method 2608: Landroid/content/pm/PackageManager;.getPackageInstaller ()Landroid/content/pm/PackageInstaller;
D/dalvikvm( 1851): VFY: replacing opcode 0x6e at 0x001c
W/DynamiteModule( 1851): Local module descriptor class for providerinstaller not found.
I/dalvikvm( 1851): Could not find method android.system.Os.readlink, referenced from method bse.a
W/dalvikvm( 1851): VFY: unable to resolve static method 3145: Landroid/system/Os;.readlink (Ljava/lang/String;)Ljava/lang/String;
D/dalvikvm( 1851): VFY: replacing opcode 0x71 at 0x0044
I/dalvikvm( 1851): Could not find method android.system.Os.symlink, referenced from method bse.a
W/dalvikvm( 1851): VFY: unable to resolve static method 3147: Landroid/system/Os;.symlink (Ljava/lang/String;Ljava/lang/String;)V
D/dalvikvm( 1851): VFY: replacing opcode 0x71 at 0x00b0
I/dalvikvm( 1851): Could not find method android.system.Os.stat, referenced from method bse.a
W/dalvikvm( 1851): VFY: unable to resolve static method 3146: Landroid/system/Os;.stat (Ljava/lang/String;)Landroid/system/StructStat;
D/dalvikvm( 1851): VFY: replacing opcode 0x71 at 0x0005
W/dalvikvm( 1851): VFY: unable to resolve static field 1615 (S_IXUSR) in Landroid/system/OsConstants;
D/dalvikvm( 1851): VFY: replacing opcode 0x60 at 0x0007
I/dalvikvm( 1851): Could not find method android.system.Os.stat, referenced from method bse.b
W/dalvikvm( 1851): VFY: unable to resolve static method 3146: Landroid/system/Os;.stat (Ljava/lang/String;)Landroid/system/StructStat;
D/dalvikvm( 1851): VFY: replacing opcode 0x71 at 0x0040
W/dalvikvm( 1851): VFY: unable to resolve static field 1612 (S_IRUSR) in Landroid/system/OsConstants;
D/dalvikvm( 1851): VFY: replacing opcode 0x60 at 0x0007
I/dalvikvm( 1787): Could not find method android.accounts.AccountManager.removeAccount, referenced from method ymq.c
W/dalvikvm( 1787): VFY: unable to resolve virtual method 4165: Landroid/accounts/AccountManager;.removeAccount (Landroid/accounts/Account;Landroid/app/Activity;Landroid/accounts/AccountManagerCallback;Landroid/os/Handler;)Landroid/accounts/AccountManagerFuture;
D/dalvikvm( 1787): VFY: replacing opcode 0x6e at 0x0009
I/dalvikvm( 1787): Could not find method android.accounts.AccountManager.removeAccountExplicitly, referenced from method ymq.d
W/dalvikvm( 1787): VFY: unable to resolve virtual method 4166: Landroid/accounts/AccountManager;.removeAccountExplicitly (Landroid/accounts/Account;)Z
D/dalvikvm( 1787): VFY: replacing opcode 0x6e at 0x0008
E/BluetoothAdapter( 1824): Bluetooth binder is null
D/dalvikvm( 1851): DexOpt: couldn't find static field Landroid/os/Build;.SUPPORTED_64_BIT_ABIS
W/dalvikvm( 1851): VFY: unable to resolve static field 1539 (SUPPORTED_64_BIT_ABIS) in Landroid/os/Build;
D/dalvikvm( 1851): VFY: replacing opcode 0x62 at 0x0214
W/ProviderHelper( 1851): Unknown dynamite feature providerinstaller
I/DynamiteModule( 1851): Considering local module providerinstaller:0 and remote module providerinstaller:0
W/ProviderInstaller( 1851): Failed to load providerinstaller module: No acceptable module found. Local version is 0 and remote version is 0.
I/dalvikvm( 1851): Could not find method android.content.ContextWrapper.createCredentialProtectedStorageContext, referenced from method nfr.createCredentialProtectedStorageContext
W/dalvikvm( 1851): VFY: unable to resolve virtual method 2508: Landroid/content/ContextWrapper;.createCredentialProtectedStorageContext ()Landroid/content/Context;
D/dalvikvm( 1851): VFY: replacing opcode 0x6f at 0x0002
I/dalvikvm( 1851): Could not find method android.content.ContextWrapper.createDeviceProtectedStorageContext, referenced from method nfr.createDeviceProtectedStorageContext
W/dalvikvm( 1851): VFY: unable to resolve virtual method 2509: Landroid/content/ContextWrapper;.createDeviceProtectedStorageContext ()Landroid/content/Context;
D/dalvikvm( 1851): VFY: replacing opcode 0x6f at 0x0002
D/dalvikvm( 1851): DexOpt: couldn't find static field Landroid/os/Build;.SUPPORTED_64_BIT_ABIS
W/dalvikvm( 1851): VFY: unable to resolve static field 1539 (SUPPORTED_64_BIT_ABIS) in Landroid/os/Build;
D/dalvikvm( 1851): VFY: replacing opcode 0x62 at 0x0080
D/dalvikvm( 1851): DexOpt: couldn't find static field Landroid/os/Build;.SUPPORTED_ABIS
W/dalvikvm( 1851): VFY: unable to resolve static field 1540 (SUPPORTED_ABIS) in Landroid/os/Build;
D/dalvikvm( 1851): VFY: replacing opcode 0x62 at 0x00d3
I/NearbyDiscovery( 1787): DiscoveryService created [CONTEXT service_id=49 ]
D/dalvikvm( 1567): GC_FOR_ALLOC freed 1008K, 50% free 7470K/14816K, paused 6ms, total 9ms
D/dalvikvm( 1851): GC_FOR_ALLOC freed 466K, 18% free 3333K/4048K, paused 2ms, total 2ms
V/NativeCrypto( 1851): Registering com/google/android/gms/org/conscrypt/NativeCrypto's 286 native methods...
W/dalvikvm( 1851): Unable to resolve superclass of Lcom/google/android/gms/org/conscrypt/TrustManagerImpl; (5184)
W/dalvikvm( 1851): Link of class 'Lcom/google/android/gms/org/conscrypt/TrustManagerImpl;' failed
I/dalvikvm( 1851): Could not find method com.google.android.gms.org.conscrypt.TrustManagerImpl.getDefaultHostnameVerifier, referenced from method com.google.android.gms.org.conscrypt.Conscrypt.getDefaultHostnameVerifier
W/dalvikvm( 1851): VFY: unable to resolve static method 17870: Lcom/google/android/gms/org/conscrypt/TrustManagerImpl;.getDefaultHostnameVerifier ()Lcom/google/android/gms/org/conscrypt/ConscryptHostnameVerifier;
D/dalvikvm( 1851): VFY: replacing opcode 0x71 at 0x0003
W/dalvikvm( 1851): Unable to resolve superclass of Lcom/google/android/gms/org/conscrypt/TrustManagerImpl; (5184)
W/dalvikvm( 1851): Link of class 'Lcom/google/android/gms/org/conscrypt/TrustManagerImpl;' failed
W/dalvikvm( 1851): VFY: unable to find class referenced in signature (Lcom/google/android/gms/org/conscrypt/TrustManagerImpl;)
W/dalvikvm( 1851): Unable to resolve superclass of Lcom/google/android/gms/org/conscrypt/TrustManagerImpl; (5184)
W/dalvikvm( 1851): Link of class 'Lcom/google/android/gms/org/conscrypt/TrustManagerImpl;' failed
I/dalvikvm( 1851): Could not find method com.google.android.gms.org.conscrypt.TrustManagerImpl.getHostnameVerifier, referenced from method com.google.android.gms.org.conscrypt.Conscrypt.getHostnameVerifier
W/dalvikvm( 1851): VFY: unable to resolve virtual method 17872: Lcom/google/android/gms/org/conscrypt/TrustManagerImpl;.getHostnameVerifier ()Lcom/google/android/gms/org/conscrypt/ConscryptHostnameVerifier;
D/dalvikvm( 1851): VFY: replacing opcode 0x6e at 0x0004
W/dalvikvm( 1851): Unable to resolve superclass of Lcom/google/android/gms/org/conscrypt/TrustManagerImpl; (5184)
W/dalvikvm( 1851): Link of class 'Lcom/google/android/gms/org/conscrypt/TrustManagerImpl;' failed
E/dalvikvm( 1851): Could not find class 'com.google.android.gms.org.conscrypt.TrustManagerImpl', referenced from method com.google.android.gms.org.conscrypt.Conscrypt.isConscrypt
W/dalvikvm( 1851): VFY: unable to resolve instanceof 4452 (Lcom/google/android/gms/org/conscrypt/TrustManagerImpl;) in Lcom/google/android/gms/org/conscrypt/Conscrypt;
D/dalvikvm( 1851): VFY: replacing opcode 0x20 at 0x0000
W/dalvikvm( 1851): Unable to resolve superclass of Lcom/google/android/gms/org/conscrypt/TrustManagerImpl; (5184)
W/dalvikvm( 1851): Link of class 'Lcom/google/android/gms/org/conscrypt/TrustManagerImpl;' failed
I/dalvikvm( 1851): Could not find method com.google.android.gms.org.conscrypt.TrustManagerImpl.setDefaultHostnameVerifier, referenced from method com.google.android.gms.org.conscrypt.Conscrypt.setDefaultHostnameVerifier
W/dalvikvm( 1851): VFY: unable to resolve static method 17882: Lcom/google/android/gms/org/conscrypt/TrustManagerImpl;.setDefaultHostnameVerifier (Lcom/google/android/gms/org/conscrypt/ConscryptHostnameVerifier;)V
D/dalvikvm( 1851): VFY: replacing opcode 0x71 at 0x0003
W/dalvikvm( 1851): Unable to resolve superclass of Lcom/google/android/gms/org/conscrypt/TrustManagerImpl; (5184)
W/dalvikvm( 1851): Link of class 'Lcom/google/android/gms/org/conscrypt/TrustManagerImpl;' failed
W/dalvikvm( 1851): VFY: unable to find class referenced in signature (Lcom/google/android/gms/org/conscrypt/TrustManagerImpl;)
W/dalvikvm( 1851): Unable to resolve superclass of Lcom/google/android/gms/org/conscrypt/TrustManagerImpl; (5184)
W/dalvikvm( 1851): Link of class 'Lcom/google/android/gms/org/conscrypt/TrustManagerImpl;' failed
I/dalvikvm( 1851): Could not find method com.google.android.gms.org.conscrypt.TrustManagerImpl.setHostnameVerifier, referenced from method com.google.android.gms.org.conscrypt.Conscrypt.setHostnameVerifier
W/dalvikvm( 1851): VFY: unable to resolve virtual method 17883: Lcom/google/android/gms/org/conscrypt/TrustManagerImpl;.setHostnameVerifier (Lcom/google/android/gms/org/conscrypt/ConscryptHostnameVerifier;)V
D/dalvikvm( 1851): VFY: replacing opcode 0x6e at 0x0004
W/dalvikvm( 1851): Unable to resolve superclass of Lcom/google/android/gms/org/conscrypt/TrustManagerImpl; (5184)
W/dalvikvm( 1851): Link of class 'Lcom/google/android/gms/org/conscrypt/TrustManagerImpl;' failed
E/dalvikvm( 1851): Could not find class 'com.google.android.gms.org.conscrypt.TrustManagerImpl', referenced from method com.google.android.gms.org.conscrypt.Conscrypt.toConscrypt
W/dalvikvm( 1851): VFY: unable to resolve check-cast 4452 (Lcom/google/android/gms/org/conscrypt/TrustManagerImpl;) in Lcom/google/android/gms/org/conscrypt/Conscrypt;
D/dalvikvm( 1851): VFY: replacing opcode 0x1f at 0x002a
I/ActivityManager( 1567): Start proc com.android.music for broadcast com.android.music/.MediaButtonIntentReceiver: pid=2286 uid=10036 gids={50036, 3003, 1028, 1015}
I/dalvikvm( 1787): Could not find method android.app.NotificationManager.getCurrentInterruptionFilter, referenced from method nea.b
W/dalvikvm( 1787): VFY: unable to resolve virtual method 2504: Landroid/app/NotificationManager;.getCurrentInterruptionFilter ()I
D/dalvikvm( 1787): VFY: replacing opcode 0x6e at 0x0002
I/dalvikvm( 1787): Could not find method android.os.PowerManager.isInteractive, referenced from method acej.a
W/dalvikvm( 1787): VFY: unable to resolve virtual method 29693: Landroid/os/PowerManager;.isInteractive ()Z
D/dalvikvm( 1787): VFY: replacing opcode 0x6e at 0x0103
I/dalvikvm( 2286): CheckJNI enabled: not enabling JNI app bug workarounds.
I/PackageManager( 1567): Running dexopt on: com.android.music
I/NativeLibraryUtils( 1787): Extraction to /data/data/com.google.android.gms/app_extracted_libs/x86/libjingle_peerconnection_so.so false
I/Auth    ( 1787): [WorkAccountServiceImpl] init work authenticator
W/linker  ( 2299): libdvm.so has text relocations. This is wasting memory and is a security risk. Please fix.
D/dalvikvm( 1851): GC_FOR_ALLOC freed 434K, 17% free 3412K/4096K, paused 16ms, total 16ms
I/Auth    ( 1787): [WorkAccountServiceImpl] updating authenticator enabled state to: false
I/NativeLibraryUtils( 1787): Extraction to /data/data/com.google.android.gms/app_extracted_libs/x86/libleveldbjni.so true
D/dalvikvm( 1851): GC_FOR_ALLOC freed 143K, 10% free 3768K/4172K, paused 1ms, total 1ms
I/NativeLibraryUtils( 1787): Extraction to /data/data/com.google.android.gms/app_extracted_libs/x86/libmatching.so true
D/dalvikvm( 2299): DexOpt: load 4ms, verify+opt 18ms, 753588 bytes
I/NativeLibraryUtils( 1787): Extraction to /data/data/com.google.android.gms/app_extracted_libs/x86/libvcdiffjni.so true
I/NativeLibraryUtils( 1787): Extraction to /data/data/com.google.android.gms/app_extracted_libs/x86/libwearable-selector.so true
I/MediaFocusControl( 1567):   Remote Control   registerMediaButtonIntent() for PendingIntent{9d87da58: PendingIntentRecord{9d860d88 com.android.music broadcastIntent}}
D/dalvikvm( 1851): GC_FOR_ALLOC freed 133K, 10% free 4116K/4532K, paused 11ms, total 11ms
D/dalvikvm( 2159): GC_FOR_ALLOC freed 770K, 15% free 5761K/6744K, paused 4ms, total 4ms
E/dalvikvm( 1787): Could not find class 'android.app.NotificationChannel', referenced from method aciq.a
W/dalvikvm( 1787): VFY: unable to resolve new-instance 7732 (Landroid/app/NotificationChannel;) in Laciq;
D/dalvikvm( 1787): VFY: replacing opcode 0x22 at 0x00a8
D/dalvikvm( 1787): DexOpt: unable to opt direct call 0x6f0e at 0xad in Laciq;.a
D/dalvikvm( 1851): GC_FOR_ALLOC freed 128K, 9% free 4454K/4880K, paused 5ms, total 5ms
I/Auth    ( 2159): [SupervisedAccountIntentOperation] onHandleIntent(): com.google.android.chimera.IntentOperation.NEW_MODULE
E/BluetoothAdapter( 1787): Bluetooth binder is null
W/NearbyShared( 1787): BTConnStateMgr:BluetoothAdapter.getDefaultAdapter() return null!
I/dalvikvm( 2159): Could not find method android.os.UserManager.isManagedProfile, referenced from method nmn.g
W/dalvikvm( 2159): VFY: unable to resolve virtual method 4277: Landroid/os/UserManager;.isManagedProfile ()Z
D/dalvikvm( 2159): VFY: replacing opcode 0x6e at 0x0012
I/dalvikvm( 2159): Could not find method android.app.admin.DevicePolicyManager.getAccountTypesWithManagementDisabled, referenced from method nmn.i
W/dalvikvm( 2159): VFY: unable to resolve virtual method 2586: Landroid/app/admin/DevicePolicyManager;.getAccountTypesWithManagementDisabled ()[Ljava/lang/String;
D/dalvikvm( 2159): VFY: replacing opcode 0x6e at 0x002b
W/ModuleManager( 2159): Unable to get current module's fulfilled APIs in ModuleManager created with non-module Context
W/dalvikvm( 1787): VFY: unable to find class referenced in signature (Landroid/bluetooth/le/ScanCallback;)
I/dalvikvm( 1787): Could not find method android.content.Context.getSystemService, referenced from method aclw.a
I/Auth    ( 2159): [SupervisedAccountIntentOperation] This operation is disabled
W/dalvikvm( 1787): VFY: unable to resolve virtual method 28695: Landroid/content/Context;.getSystemService (Ljava/lang/Class;)Ljava/lang/Object;
D/dalvikvm( 1787): VFY: replacing opcode 0x6e at 0x0006
D/dalvikvm( 1787): GC_FOR_ALLOC freed 960K, 15% free 7463K/8684K, paused 6ms, total 6ms
D/dalvikvm( 1851): GC_FOR_ALLOC freed 139K, 9% free 4757K/5216K, paused 7ms, total 7ms
E/dalvikvm( 1851): Could not find class 'javax.net.ssl.SNIServerName', referenced from method com.google.android.gms.org.conscrypt.Platform.getSniHostnameFromParams
W/dalvikvm( 1851): VFY: unable to resolve check-cast 5160 (Ljavax/net/ssl/SNIServerName;) in Lcom/google/android/gms/org/conscrypt/Platform;
D/dalvikvm( 1851): VFY: replacing opcode 0x1f at 0x0025
E/dalvikvm( 1851): Could not find class 'javax.net.ssl.SNIHostName', referenced from method com.google.android.gms.org.conscrypt.Platform.setParametersSniHostname
W/dalvikvm( 1851): VFY: unable to resolve new-instance 5159 (Ljavax/net/ssl/SNIHostName;) in Lcom/google/android/gms/org/conscrypt/Platform;
D/dalvikvm( 1851): VFY: replacing opcode 0x22 at 0x0024
E/dalvikvm( 1851): Could not find class 'javax.net.ssl.SNIHostName', referenced from method com.google.android.gms.org.conscrypt.Platform.setParametersSniHostname
W/dalvikvm( 1851): VFY: unable to resolve new-instance 5159 (Ljavax/net/ssl/SNIHostName;) in Lcom/google/android/gms/org/conscrypt/Platform;
D/dalvikvm( 1851): VFY: replacing opcode 0x22 at 0x0024
D/dalvikvm( 1851): DexOpt: unable to opt direct call 0x52f9 at 0x2a in Lcom/google/android/gms/org/conscrypt/Platform;.setParametersSniHostname
D/dalvikvm( 1851): DexOpt: unable to opt direct call 0x52f9 at 0x2a in Lcom/google/android/gms/org/conscrypt/Platform;.setParametersSniHostname
I/dalvikvm( 1787): Could not find method android.content.Context.getDrawable, referenced from method jk.a
W/dalvikvm( 1787): VFY: unable to resolve virtual method 2472: Landroid/content/Context;.getDrawable (I)Landroid/graphics/drawable/Drawable;
D/dalvikvm( 1787): VFY: replacing opcode 0x6e at 0x0006
I/dalvikvm( 1787): Could not find method android.content.Context.getNoBackupFilesDir, referenced from method jk.b
W/dalvikvm( 1787): VFY: unable to resolve virtual method 2480: Landroid/content/Context;.getNoBackupFilesDir ()Ljava/io/File;
D/dalvikvm( 1787): VFY: replacing opcode 0x6e at 0x0006
D/dalvikvm( 1851): GC_FOR_ALLOC freed 352K, 13% free 4941K/5620K, paused 4ms, total 4ms
I/dalvikvm( 2159): Could not find method android.app.NotificationManager.getCurrentInterruptionFilter, referenced from method nea.b
W/dalvikvm( 2159): VFY: unable to resolve virtual method 2504: Landroid/app/NotificationManager;.getCurrentInterruptionFilter ()I
D/dalvikvm( 2159): VFY: replacing opcode 0x6e at 0x0002
D/dalvikvm( 1787): Trying to load lib /data/data/com.google.android.gms/app_extracted_libs/x86/libleveldbjni.so 0x9d014180
D/dalvikvm( 1787): Added shared lib /data/data/com.google.android.gms/app_extracted_libs/x86/libleveldbjni.so 0x9d014180
I/dalvikvm( 1787): Could not find method android.os.PowerManager.isPowerSaveMode, referenced from method ayei.a
W/dalvikvm( 1787): VFY: unable to resolve virtual method 1679: Landroid/os/PowerManager;.isPowerSaveMode ()Z
D/dalvikvm( 1787): VFY: replacing opcode 0x6e at 0x0154
I/ProviderInstaller( 1851): Installed default security provider GmsCore_OpenSSL
I/Safeboot( 1851): Checking safeboot...
I/Safeboot( 1851): Not entering safeboot; wrong process.
D/dalvikvm( 2159): GC_FOR_ALLOC freed 761K, 14% free 5925K/6872K, paused 4ms, total 4ms
E/dalvikvm( 1851): Could not find class 'com.google.common.flogger.backend.google.GooglePlatform', referenced from method beui.a
W/dalvikvm( 1851): VFY: unable to resolve const-class 4605 (Lcom/google/common/flogger/backend/google/GooglePlatform;) in Lbeui;
D/dalvikvm( 1851): VFY: replacing opcode 0x1c at 0x001b
D/dalvikvm( 1851): GC_FOR_ALLOC freed 400K, 12% free 5185K/5864K, paused 4ms, total 4ms
D/dalvikvm( 1851): GC_FOR_ALLOC freed 224K, 9% free 5636K/6188K, paused 6ms, total 6ms
I/auxu    ( 1851): Primes not initialized, returning default (no-op) Primes instance which will ignore all calls. Please call Primes.initialize(...) before using any Primes API.
I/dalvikvm( 1851): Could not find method com.google.android.chimera.ContextThemeWrapper.createAttributionContext, referenced from method mnu.createAttributionContext
W/dalvikvm( 1851): VFY: unable to resolve virtual method 13785: Lcom/google/android/chimera/ContextThemeWrapper;.createAttributionContext (Ljava/lang/String;)Landroid/content/Context;
D/dalvikvm( 1851): VFY: replacing opcode 0x6f at 0x0002
I/dalvikvm( 1851): Could not find method android.content.ContextWrapper.createCredentialProtectedStorageContext, referenced from method mnu.createCredentialProtectedStorageContext
W/dalvikvm( 1851): VFY: unable to resolve virtual method 2508: Landroid/content/ContextWrapper;.createCredentialProtectedStorageContext ()Landroid/content/Context;
D/dalvikvm( 1851): VFY: replacing opcode 0x6f at 0x0002
I/dalvikvm( 1851): Could not find method android.content.ContextWrapper.createDeviceProtectedStorageContext, referenced from method mnu.createDeviceProtectedStorageContext
W/dalvikvm( 1851): VFY: unable to resolve virtual method 2509: Landroid/content/ContextWrapper;.createDeviceProtectedStorageContext ()Landroid/content/Context;
D/dalvikvm( 1851): VFY: replacing opcode 0x6f at 0x0002
I/dalvikvm( 1851): Could not find method android.content.Context.bindService, referenced from method uws.bindService
W/dalvikvm( 1851): VFY: unable to resolve virtual method 2453: Landroid/content/Context;.bindService (Landroid/content/Intent;ILjava/util/concurrent/Executor;Landroid/content/ServiceConnection;)Z
D/dalvikvm( 1851): VFY: replacing opcode 0x6e at 0x0018
I/dalvikvm( 1851): Could not find method android.content.Context.bindService, referenced from method uws.bindService
W/dalvikvm( 1851): VFY: unable to resolve virtual method 2453: Landroid/content/Context;.bindService (Landroid/content/Intent;ILjava/util/concurrent/Executor;Landroid/content/ServiceConnection;)Z
D/dalvikvm( 1851): VFY: replacing opcode 0x6e at 0x0030
I/dalvikvm( 1851): Could not find method android.content.Context.startForegroundService, referenced from method uws.startForegroundService
W/dalvikvm( 1851): VFY: unable to resolve virtual method 2501: Landroid/content/Context;.startForegroundService (Landroid/content/Intent;)Landroid/content/ComponentName;
D/dalvikvm( 1851): VFY: replacing opcode 0x6e at 0x001c
I/dalvikvm( 1851): Could not find method android.content.Context.startForegroundService, referenced from method uws.startForegroundService
W/dalvikvm( 1851): VFY: unable to resolve virtual method 2501: Landroid/content/Context;.startForegroundService (Landroid/content/Intent;)Landroid/content/ComponentName;
D/dalvikvm( 1851): VFY: replacing opcode 0x6e at 0x0028
I/dalvikvm( 1851): Could not find method android.os.PowerManager.isPowerSaveMode, referenced from method uwl.a
W/dalvikvm( 1851): VFY: unable to resolve virtual method 3047: Landroid/os/PowerManager;.isPowerSaveMode ()Z
I/dalvikvm( 2159): Could not find method android.app.AlarmManager.setExactAndAllowWhileIdle, referenced from method nio.a
W/dalvikvm( 2159): VFY: unable to resolve virtual method 2384: Landroid/app/AlarmManager;.setExactAndAllowWhileIdle (IJLandroid/app/PendingIntent;)V
D/dalvikvm( 2159): VFY: replacing opcode 0x6e at 0x000b
I/dalvikvm( 2159): Failed resolving Lnin; interface 549 'Landroid/app/AlarmManager$OnAlarmListener;'
W/dalvikvm( 2159): Link of class 'Lnin;' failed
W/dalvikvm( 2159): VFY: unable to find class referenced in signature (Lnin;)
I/dalvikvm( 2159): Could not find method android.app.AlarmManager.set, referenced from method nio.a
W/dalvikvm( 2159): VFY: unable to resolve virtual method 2381: Landroid/app/AlarmManager;.set (IJJJLandroid/app/AlarmManager$OnAlarmListener;Landroid/os/Handler;Landroid/os/WorkSource;)V
D/dalvikvm( 2159): VFY: replacing opcode 0x74 at 0x0024
I/dalvikvm( 2159): Failed resolving Lnin; interface 549 'Landroid/app/AlarmManager$OnAlarmListener;'
W/dalvikvm( 2159): Link of class 'Lnin;' failed
W/dalvikvm( 2159): VFY: unable to find class referenced in signature (Lnin;)
I/dalvikvm( 2159): Could not find method android.app.AlarmManager.cancel, referenced from method nio.a
W/dalvikvm( 2159): VFY: unable to resolve virtual method 2378: Landroid/app/AlarmManager;.cancel (Landroid/app/AlarmManager$OnAlarmListener;)V
D/dalvikvm( 2159): VFY: replacing opcode 0x6e at 0x0002
D/dalvikvm( 1851): VFY: replacing opcode 0x6e at 0x0010
D/dalvikvm( 1567): GC_FOR_ALLOC freed 1080K, 50% free 7512K/14816K, paused 9ms, total 10ms
E/BluetoothAdapter( 1787): Bluetooth binder is null
I/NearbyDiscovery( 1787): Show notifications: 0 total, no changes since last shown, no-op. [CONTEXT service_id=49 ]
D/dalvikvm( 1851): GC_FOR_ALLOC freed 403K, 12% free 6042K/6792K, paused 6ms, total 6ms
D/dalvikvm( 2159): GC_FOR_ALLOC freed 813K, 15% free 6093K/7092K, paused 5ms, total 5ms
I/dalvikvm( 1787): Could not find method android.accounts.AccountManager.getPreviousName, referenced from method ayhp.d
W/dalvikvm( 1787): VFY: unable to resolve virtual method 271: Landroid/accounts/AccountManager;.getPreviousName (Landroid/accounts/Account;)Ljava/lang/String;
D/dalvikvm( 1787): VFY: replacing opcode 0x6e at 0x0024
I/dalvikvm( 1851): Could not find method android.app.admin.DevicePolicyManager.isProfileOwnerApp, referenced from method hbs.c
W/dalvikvm( 1851): VFY: unable to resolve virtual method 2595: Landroid/app/admin/DevicePolicyManager;.isProfileOwnerApp (Ljava/lang/String;)Z
D/dalvikvm( 1851): VFY: replacing opcode 0x6e at 0x0011
I/dalvikvm( 1851): Could not find method android.app.admin.DevicePolicyManager.getProfileOwner, referenced from method hbs.a
W/dalvikvm( 1851): VFY: unable to resolve virtual method 2591: Landroid/app/admin/DevicePolicyManager;.getProfileOwner ()Landroid/content/ComponentName;
D/dalvikvm( 1851): VFY: replacing opcode 0x6e at 0x0012
I/dalvikvm( 1851): Could not find method android.app.NotificationManager.getCurrentInterruptionFilter, referenced from method nea.b
W/dalvikvm( 1851): VFY: unable to resolve virtual method 2504: Landroid/app/NotificationManager;.getCurrentInterruptionFilter ()I
D/dalvikvm( 1851): VFY: replacing opcode 0x6e at 0x0002
W/ActivityManager( 1567): Unable to start service Intent { act=com.google.android.gms.nearby.discovery:ACTION_INIT_MESSAGES_PATH cmp=com.google.android.gms/.nearby.discovery.service.DiscoveryService } U=0: not found
I/NearbySharing( 2159): Runtime state initialization complete. Sharing is disabled. [CONTEXT service_id=194 ]
I/dalvikvm( 1851): Could not find method android.accounts.AccountManager.removeAccount, referenced from method ymq.c
W/dalvikvm( 1851): VFY: unable to resolve virtual method 4165: Landroid/accounts/AccountManager;.removeAccount (Landroid/accounts/Account;Landroid/app/Activity;Landroid/accounts/AccountManagerCallback;Landroid/os/Handler;)Landroid/accounts/AccountManagerFuture;
D/dalvikvm( 1851): VFY: replacing opcode 0x6e at 0x0009
I/dalvikvm( 1851): Could not find method android.accounts.AccountManager.removeAccountExplicitly, referenced from method ymq.d
W/dalvikvm( 1851): VFY: unable to resolve virtual method 4166: Landroid/accounts/AccountManager;.removeAccountExplicitly (Landroid/accounts/Account;)Z
D/dalvikvm( 1851): VFY: replacing opcode 0x6e at 0x0008
W/dalvikvm( 2159): VFY: unable to find class referenced in signature (Landroid/net/Network;)
W/dalvikvm( 2159): VFY: unable to find class referenced in signature (Landroid/net/Network;)
I/dalvikvm( 2159): Could not find method android.net.Network.openConnection, referenced from method wna.a
W/dalvikvm( 2159): VFY: unable to resolve virtual method 5072: Landroid/net/Network;.openConnection (Ljava/net/URL;)Ljava/net/URLConnection;
D/dalvikvm( 2159): VFY: replacing opcode 0x6e at 0x008f
I/dalvikvm( 1851): Could not find method android.content.ServiceConnection.onNullBinding, referenced from method uxb.onNullBinding
E/GmsRequestQueue( 2159): Tried to stop global GMSCore RequestQueue. This is likely unintended, so ignoring.
W/dalvikvm( 1851): VFY: unable to resolve interface method 2566: Landroid/content/ServiceConnection;.onNullBinding (Landroid/content/ComponentName;)V
D/dalvikvm( 1851): VFY: replacing opcode 0x72 at 0x000f
D/dalvikvm( 1851): GC_FOR_ALLOC freed 357K, 10% free 6618K/7332K, paused 7ms, total 7ms
I/Auth    ( 1851): [Change,AccountsChange] First snapshot
W/WakefulBroadcastReceiv.( 1851): No active wake lock id #1
I/PeopleSync( 2159): First sync
I/Authzen ( 2159): [AuthZenEventHandler] Handling event: com.google.android.chimera.IntentOperation.NEW_MODULE
E/Authzen ( 2159): [AuthZenEventHandler] unknown action: com.google.android.chimera.IntentOperation.NEW_MODULE
D/dalvikvm( 2159): GC_FOR_ALLOC freed 846K, 15% free 6283K/7316K, paused 4ms, total 4ms
D/dalvikvm( 1567): GC_FOR_ALLOC freed 1309K, 51% free 7337K/14816K, paused 16ms, total 16ms
I/PeopleSync( 2159): requestAllFullSyncForContainerUpgrade
W/ActivityManager( 1567): Unable to start service Intent { act=com.google.android.gms.auth.key.retrieval.service.START pkg=com.google.android.gms } U=0: not found
E/GmsClient( 2159): unable to connect to service: com.google.android.gms.auth.key.retrieval.service.START on com.google.android.gms
W/ActivityManager( 1567): Unbind failed: could not find connection for android.os.BinderProxy@9d3082b8
I/NativeLibraryUtils( 1851): Extraction to /data/data/com.google.android.gms/app_extracted_libs/x86/libjingle_peerconnection_so.so true
D/dalvikvm( 2159): GC_FOR_ALLOC freed 1009K, 16% free 6373K/7568K, paused 5ms, total 5ms
I/dalvikvm( 1787): Could not find method android.app.AlarmManager.setExactAndAllowWhileIdle, referenced from method nio.a
W/dalvikvm( 1787): VFY: unable to resolve virtual method 2384: Landroid/app/AlarmManager;.setExactAndAllowWhileIdle (IJLandroid/app/PendingIntent;)V
D/dalvikvm( 1787): VFY: replacing opcode 0x6e at 0x000b
I/dalvikvm( 1787): Failed resolving Lnin; interface 549 'Landroid/app/AlarmManager$OnAlarmListener;'
W/dalvikvm( 1787): Link of class 'Lnin;' failed
W/dalvikvm( 1787): VFY: unable to find class referenced in signature (Lnin;)
I/dalvikvm( 1787): Could not find method android.app.AlarmManager.set, referenced from method nio.a
W/dalvikvm( 1787): VFY: unable to resolve virtual method 2381: Landroid/app/AlarmManager;.set (IJJJLandroid/app/AlarmManager$OnAlarmListener;Landroid/os/Handler;Landroid/os/WorkSource;)V
D/dalvikvm( 1787): VFY: replacing opcode 0x74 at 0x0024
I/dalvikvm( 1787): Failed resolving Lnin; interface 549 'Landroid/app/AlarmManager$OnAlarmListener;'
W/dalvikvm( 1787): Link of class 'Lnin;' failed
W/dalvikvm( 1787): VFY: unable to find class referenced in signature (Lnin;)
I/dalvikvm( 1787): Could not find method android.app.AlarmManager.cancel, referenced from method nio.a
W/dalvikvm( 1787): VFY: unable to resolve virtual method 2378: Landroid/app/AlarmManager;.cancel (Landroid/app/AlarmManager$OnAlarmListener;)V
D/dalvikvm( 1787): VFY: replacing opcode 0x6e at 0x0002
I/NearbyDiscovery( 1787): DiscoveryService destroyed [CONTEXT service_id=49 ]
I/DeletedNullContactsCleanup( 2159): Scheduling the service.
I/dalvikvm( 1787): Could not find method android.os.UserManager.isManagedProfile, referenced from method nmn.g
I/Icing   ( 2159): Using regular flags by method 2
W/dalvikvm( 1787): VFY: unable to resolve virtual method 4277: Landroid/os/UserManager;.isManagedProfile ()Z
D/dalvikvm( 1787): VFY: replacing opcode 0x6e at 0x0012
I/dalvikvm( 1787): Could not find method android.app.admin.DevicePolicyManager.getAccountTypesWithManagementDisabled, referenced from method nmn.i
W/dalvikvm( 1787): VFY: unable to resolve virtual method 2586: Landroid/app/admin/DevicePolicyManager;.getAccountTypesWithManagementDisabled ()[Ljava/lang/String;
D/dalvikvm( 1787): VFY: replacing opcode 0x6e at 0x002b
I/BackupAndSyncValidation( 2159): Scheduling the service.
D/dalvikvm( 1851): GC_EXPLICIT freed 444K, 11% free 6878K/7684K, paused 1ms+2ms, total 6ms
E/StrictMode( 1851): A resource was acquired at attached stack trace but never released. See java.io.Closeable for information on avoiding resource leaks.
E/StrictMode( 1851): java.lang.Throwable: Explicit termination method 'end' not called
E/StrictMode( 1851): 	at dalvik.system.CloseGuard.open(CloseGuard.java:184)
E/StrictMode( 1851): 	at java.util.zip.Inflater.<init>(Inflater.java:82)
E/StrictMode( 1851): 	at java.util.zip.ZipFile.getInputStream(ZipFile.java:310)
E/StrictMode( 1851): 	at npp.d(:com.google.android.gms@202414005@20.24.14 (000700-319035315):36)
E/StrictMode( 1851): 	at mob.run(:com.google.android.gms@202414005@20.24.14 (000700-319035315):0)
D/dalvikvm( 2159): GC_FOR_ALLOC freed 937K, 15% free 6553K/7688K, paused 7ms, total 7ms
I/GCoreUlr( 1787): WorldUpdater received intent Intent { act=com.google.android.location.reporting.ACTION_UPDATE_WORLD cmp=com.google.android.gms/com.google.android.location.reporting.service.DispatchingService (has extras) } with receiverAction android.location.PROVIDERS_CHANGED
D/dalvikvm( 1787): GC_FOR_ALLOC freed 2548K, 31% free 6430K/9228K, paused 5ms, total 5ms
E/ConfigFileUtils( 2159): Failed to read config file: /data/data/com.google.android.gms/app_chimera/current_fileapks.pb: open failed: ENOENT (No such file or directory)
D/dalvikvm( 1567): GC_FOR_ALLOC freed 1089K, 51% free 7337K/14816K, paused 13ms, total 14ms
E/ConfigFileUtils( 2159): Failed to read config file: /data/data/com.google.android.gms/app_chimera/current_fileapks.pb: open failed: ENOENT (No such file or directory)
I/PeopleInitIntentOp( 2159): Not initializing debuggability [CONTEXT service_id=5 ]
I/GCoreUlr( 1787): WorldUpdater:android.location.PROVIDERS_CHANGED: Ensuring that reporting is stopped because of reasons: (no Google accounts)
I/GCoreUlr( 1787): Unbound from all signal providers.
D/dalvikvm( 1567): GC_FOR_ALLOC freed 1069K, 51% free 7358K/14816K, paused 9ms, total 9ms
I/ahju    ( 1787): Scheduling Phenotype for a PhenotypeSyncImmediately(6, com.google.android.gms.settings.platform) one off with window [1, 2] in seconds [CONTEXT service_id=51 ]
I/SystemUpdate( 2159): [Installation,ReceiverIntentOperation] Received intent: Intent { act=com.google.android.gms.update.BASE_MODULE_INIT cat=[targeted_intent_op_prefix:.update.control.ReceiverIntentOperation] cmp=com.google.android.gms/.chimera.GmsIntentOperationService }.
D/dalvikvm( 1567): GC_FOR_ALLOC freed 1109K, 51% free 7342K/14816K, paused 9ms, total 9ms
I/dalvikvm( 2159): Could not find method android.app.admin.DevicePolicyManager.isProfileOwnerApp, referenced from method hbs.c
W/dalvikvm( 2159): VFY: unable to resolve virtual method 2595: Landroid/app/admin/DevicePolicyManager;.isProfileOwnerApp (Ljava/lang/String;)Z
D/dalvikvm( 2159): VFY: replacing opcode 0x6e at 0x0011
I/dalvikvm( 2159): Could not find method android.app.admin.DevicePolicyManager.getProfileOwner, referenced from method hbs.a
W/dalvikvm( 2159): VFY: unable to resolve virtual method 2591: Landroid/app/admin/DevicePolicyManager;.getProfileOwner ()Landroid/content/ComponentName;
D/dalvikvm( 2159): VFY: replacing opcode 0x6e at 0x0012
D/dalvikvm( 2159): GC_FOR_ALLOC freed 1017K, 16% free 6724K/7928K, paused 9ms, total 9ms
W/Settings( 2159): Setting device_provisioned has moved from android.provider.Settings.Secure to android.provider.Settings.Global.
E/dalvikvm( 2159): Could not find class 'android.net.Network', referenced from method anbj.a
W/dalvikvm( 2159): VFY: unable to resolve check-cast 7930 (Landroid/net/Network;) in Lanbj;
D/dalvikvm( 2159): VFY: replacing opcode 0x1f at 0x01c1
D/dalvikvm( 1567): GC_FOR_ALLOC freed 1077K, 51% free 7351K/14816K, paused 11ms, total 11ms
D/dalvikvm( 1851): GC_EXPLICIT freed 1654K, 31% free 5377K/7684K, paused 1ms+0ms, total 6ms
I/ahju    ( 1787): Scheduling Phenotype for a PhenotypeSyncImmediately(6, com.google.android.gms.settings.platform.boot) one off with window [1, 2] in seconds [CONTEXT service_id=51 ]
I/ahgs    ( 1787): No Heterodyne serving version in database [CONTEXT service_id=51 ]
I/dalvikvm( 1787): Could not find method android.provider.DeviceConfig.getProperty, referenced from method ahlr.a
W/dalvikvm( 1787): VFY: unable to resolve static method 29770: Landroid/provider/DeviceConfig;.getProperty (Ljava/lang/String;Ljava/lang/String;)Ljava/lang/String;
D/dalvikvm( 1787): VFY: replacing opcode 0x71 at 0x0000
I/dalvikvm( 1787): Could not find method android.provider.DeviceConfig.setProperty, referenced from method ahlr.a
W/dalvikvm( 1787): VFY: unable to resolve static method 29771: Landroid/provider/DeviceConfig;.setProperty (Ljava/lang/String;Ljava/lang/String;Ljava/lang/String;Z)Z
D/dalvikvm( 1787): VFY: replacing opcode 0x71 at 0x0000
E/SQLiteLog( 2159): (1) no such table: owners
I/PeopleDatabaseHelper( 2159): cleanUpNonGplusAccounts done.
I/PeopleSearchIndexManage( 2159): ICU version changed from unknown to 51.1.0.1
I/PeopleSearchIndexManage( 2159): Rebuilding index...
I/dalvikvm( 2159): Could not find method android.os.UserManager.getUserProfiles, referenced from method apwh.b
W/dalvikvm( 2159): VFY: unable to resolve virtual method 29751: Landroid/os/UserManager;.getUserProfiles ()Ljava/util/List;
D/dalvikvm( 2159): VFY: replacing opcode 0x6e at 0x005b
D/dalvikvm( 2159): GC_FOR_ALLOC freed 1065K, 16% free 6905K/8156K, paused 5ms, total 5ms
I/Wear_Controller( 2159): Wear requires a companion app to be installed.
I/Wear_Controller( 2159): onStartup - Wear is not available on this device.
I/PeopleASM( 2159): Rebuilding autocomplete index...
I/PeopleSearchIndexManage( 2159): Rebuilding index done.
I/ahju    ( 1787): Scheduling Phenotype for a PhenotypeSyncImmediately(6, com.google.android.gms.people) one off with window [1, 2] in seconds [CONTEXT service_id=51 ]
D/dalvikvm( 1567): GC_FOR_ALLOC freed 1074K, 51% free 7370K/14816K, paused 7ms, total 8ms
I/SystemUpdate( 2159): [Execution,InstallationEventIntentOperation] Handling event of type 1.
I/ahju    ( 1787): Scheduling Phenotype for a PhenotypeSyncImmediately(6, com.google.android.gms.people.ui) one off with window [1, 2] in seconds [CONTEXT service_id=51 ]
I/ActivityManager( 1567): Start proc com.google.android.gms.ui for service com.google.android.gms/.chimera.UiIntentOperationService: pid=2371 uid=10007 gids={50007, 3003, 1007, 1028, 1015, 3002, 3001, 3007, 2001, 3006}
W/dalvikvm( 2371): VFY: unable to resolve static field 1608 (PR_SET_DUMPABLE) in Landroid/system/OsConstants;
D/dalvikvm( 2371): VFY: replacing opcode 0x60 at 0x0017
W/dalvikvm( 2371): VFY: unable to find class referenced in signature (Lyqx;)
W/dalvikvm( 2371): VFY: unable to find class referenced in signature (Lyro;)
I/dalvikvm( 2371): Could not find method android.system.Os.readlink, referenced from method msk.a
W/dalvikvm( 2371): VFY: unable to resolve static method 3145: Landroid/system/Os;.readlink (Ljava/lang/String;)Ljava/lang/String;
D/dalvikvm( 2371): VFY: replacing opcode 0x71 at 0x00b0
I/dalvikvm( 2371): Could not find method android.os.PowerManager.isInteractive, referenced from method ndc.a
W/dalvikvm( 2371): VFY: unable to resolve virtual method 3046: Landroid/os/PowerManager;.isInteractive ()Z
D/dalvikvm( 2371): VFY: replacing opcode 0x6e at 0x0013
I/dalvikvm( 2371): Could not find method com.google.android.chimera.ModuleContext.getAttributionTag, referenced from method com.google.android.chimera.ModuleContext.createAttributionContext
W/dalvikvm( 2371): VFY: unable to resolve virtual method 14170: Lcom/google/android/chimera/ModuleContext;.getAttributionTag ()Ljava/lang/String;
D/dalvikvm( 2371): VFY: replacing opcode 0x6e at 0x0004
I/dalvikvm( 2371): Could not find method com.google.android.chimera.ContextThemeWrapper.createAttributionContext, referenced from method com.google.android.chimera.ModuleContext.createAttributionContext
I/SystemUpdate( 2159): [Execution,InstallationIntentOperation] Received intent: Intent { act=com.google.android.gms.update.INSTALL_UPDATE cat=[targeted_intent_op_prefix:.update.execution.InstallationIntentOperation] cmp=com.google.android.gms/.chimera.GmsIntentOperationService }.
W/dalvikvm( 2371): VFY: unable to resolve virtual method 13785: Lcom/google/android/chimera/ContextThemeWrapper;.createAttributionContext (Ljava/lang/String;)Landroid/content/Context;
D/dalvikvm( 2371): VFY: replacing opcode 0x6f at 0x0035
I/dalvikvm( 2371): Could not find method android.content.ContextWrapper.createCredentialProtectedStorageContext, referenced from method com.google.android.chimera.ModuleContext.createCredentialProtectedStorageContext
W/dalvikvm( 2371): VFY: unable to resolve virtual method 2508: Landroid/content/ContextWrapper;.createCredentialProtectedStorageContext ()Landroid/content/Context;
D/dalvikvm( 2371): VFY: replacing opcode 0x6f at 0x0002
I/dalvikvm( 2371): Could not find method android.content.ContextWrapper.createDeviceProtectedStorageContext, referenced from method com.google.android.chimera.ModuleContext.createDeviceProtectedStorageContext
W/dalvikvm( 2371): VFY: unable to resolve virtual method 2509: Landroid/content/ContextWrapper;.createDeviceProtectedStorageContext ()Landroid/content/Context;
D/dalvikvm( 2371): VFY: replacing opcode 0x6f at 0x0002
I/dalvikvm( 2371): Could not find method com.google.android.chimera.ContextThemeWrapper.sendBroadcastWithMultiplePermissions, referenced from method com.google.android.chimera.ModuleContext.sendBroadcastWithMultiplePermissions
W/dalvikvm( 2371): VFY: unable to resolve virtual method 13795: Lcom/google/android/chimera/ContextThemeWrapper;.sendBroadcastWithMultiplePermissions (Landroid/content/Intent;[Ljava/lang/String;)V
D/dalvikvm( 2371): VFY: replacing opcode 0x6f at 0x0009
I/MultiDex( 2371): VM with version 1.6.0 does not have multidex support
I/MultiDex( 2371): Installing application
I/MultiDex( 2371): MultiDexExtractor(/system/priv-app/PrebuiltGmsCore.apk, /data/data/com.google.android.gms/code_cache/secondary-dexes)
D/dalvikvm( 1567): GC_FOR_ALLOC freed 1113K, 51% free 7356K/14816K, paused 14ms, total 15ms
I/MultiDex( 2371): Blocking on lock /data/data/com.google.android.gms/code_cache/secondary-dexes/MultiDex.lock
I/MultiDex( 2371): /data/data/com.google.android.gms/code_cache/secondary-dexes/MultiDex.lock locked
I/SystemUpdate( 2159): [Control,InstallationControl] Installation progress updated to (0x000, -1.000).
I/MultiDex( 2371): MultiDexExtractor.load(/system/priv-app/PrebuiltGmsCore.apk, false, )
I/MultiDex( 2371): loading existing secondary dex files
I/MultiDex( 2371): load found 5 secondary dex files
I/MultiDex( 2371): install done
D/dalvikvm( 2159): GC_FOR_ALLOC freed 1238K, 17% free 6976K/8400K, paused 4ms, total 4ms
I/dalvikvm( 2371): Could not find method android.content.ContentProvider.query, referenced from method brf.superQuery
W/dalvikvm( 2371): VFY: unable to resolve virtual method 2428: Landroid/content/ContentProvider;.query (Landroid/net/Uri;[Ljava/lang/String;Landroid/os/Bundle;Landroid/os/CancellationSignal;)Landroid/database/Cursor;
D/dalvikvm( 2371): VFY: replacing opcode 0x6f at 0x0000
D/dalvikvm( 2371): GC_FOR_ALLOC freed 376K, 16% free 3130K/3692K, paused 3ms, total 3ms
I/dalvikvm( 2371): Could not find method android.os.UserHandle.isOwner, referenced from method nmy.f
W/dalvikvm( 2371): VFY: unable to resolve virtual method 3081: Landroid/os/UserHandle;.isOwner ()Z
D/dalvikvm( 2371): VFY: replacing opcode 0x6e at 0x000a
D/dalvikvm( 2371): DexOpt: couldn't find field Landroid/content/pm/ApplicationInfo;.splitSourceDirs
W/dalvikvm( 2371): VFY: unable to resolve instance field 1475
D/dalvikvm( 2371): VFY: replacing opcode 0x54 at 0x0055
D/dalvikvm( 2371): DexOpt: couldn't find static field Landroid/os/Build;.SUPPORTED_ABIS
W/dalvikvm( 2371): VFY: unable to resolve static field 1540 (SUPPORTED_ABIS) in Landroid/os/Build;
D/dalvikvm( 2371): VFY: replacing opcode 0x62 at 0x00d1
I/dalvikvm( 2371): Could not find method android.system.Os.stat, referenced from method nop.a
W/dalvikvm( 2371): VFY: unable to resolve static method 3146: Landroid/system/Os;.stat (Ljava/lang/String;)Landroid/system/StructStat;
D/dalvikvm( 2371): VFY: replacing opcode 0x71 at 0x0182
D/dalvikvm( 1851): GC_EXPLICIT freed 140K, 31% free 5373K/7684K, paused 0ms+0ms, total 7ms
I/dalvikvm( 2371): Could not find method android.content.pm.PackageManager.getPackageInstaller, referenced from method men.a
W/dalvikvm( 2371): VFY: unable to resolve virtual method 2608: Landroid/content/pm/PackageManager;.getPackageInstaller ()Landroid/content/pm/PackageInstaller;
D/dalvikvm( 2371): VFY: replacing opcode 0x6e at 0x001c
W/DynamiteModule( 2371): Local module descriptor class for providerinstaller not found.
I/dalvikvm( 2371): Could not find method android.system.Os.readlink, referenced from method bse.a
W/dalvikvm( 2371): VFY: unable to resolve static method 3145: Landroid/system/Os;.readlink (Ljava/lang/String;)Ljava/lang/String;
D/dalvikvm( 2371): VFY: replacing opcode 0x71 at 0x0044
I/dalvikvm( 2371): Could not find method android.system.Os.symlink, referenced from method bse.a
W/dalvikvm( 2371): VFY: unable to resolve static method 3147: Landroid/system/Os;.symlink (Ljava/lang/String;Ljava/lang/String;)V
D/dalvikvm( 2371): VFY: replacing opcode 0x71 at 0x00b0
I/dalvikvm( 2371): Could not find method android.system.Os.stat, referenced from method bse.a
W/dalvikvm( 2371): VFY: unable to resolve static method 3146: Landroid/system/Os;.stat (Ljava/lang/String;)Landroid/system/StructStat;
D/dalvikvm( 2371): VFY: replacing opcode 0x71 at 0x0005
W/dalvikvm( 2371): VFY: unable to resolve static field 1615 (S_IXUSR) in Landroid/system/OsConstants;
D/dalvikvm( 2371): VFY: replacing opcode 0x60 at 0x0007
D/dalvikvm( 1567): GC_FOR_ALLOC freed 1079K, 51% free 7359K/14816K, paused 9ms, total 9ms
I/dalvikvm( 2371): Could not find method android.system.Os.stat, referenced from method bse.b
W/dalvikvm( 2371): VFY: unable to resolve static method 3146: Landroid/system/Os;.stat (Ljava/lang/String;)Landroid/system/StructStat;
D/dalvikvm( 2371): VFY: replacing opcode 0x71 at 0x0040
W/dalvikvm( 2371): VFY: unable to resolve static field 1612 (S_IRUSR) in Landroid/system/OsConstants;
D/dalvikvm( 2371): VFY: replacing opcode 0x60 at 0x0007
D/dalvikvm( 2371): DexOpt: couldn't find static field Landroid/os/Build;.SUPPORTED_64_BIT_ABIS
W/dalvikvm( 2371): VFY: unable to resolve static field 1539 (SUPPORTED_64_BIT_ABIS) in Landroid/os/Build;
D/dalvikvm( 2371): VFY: replacing opcode 0x62 at 0x0214
W/ProviderHelper( 2371): Unknown dynamite feature providerinstaller
