W/dalvikvm( 4217): VFY: unable to resolve virtual method 4454: Landroid/widget/TextView;.getAutoSizeMinTextSize ()I
D/dalvikvm( 4217): VFY: replacing opcode 0x6f at 0x0004
I/dalvikvm( 4217): Could not find method android.widget.TextView.getAutoSizeStepGranularity, referenced from method androidx.appcompat.widget.AppCompatTextView.getAutoSizeStepGranularity
W/dalvikvm( 4217): VFY: unable to resolve virtual method 4455: Landroid/widget/TextView;.getAutoSizeStepGranularity ()I
D/dalvikvm( 4217): VFY: replacing opcode 0x6f at 0x0004
I/dalvikvm( 4217): Could not find method android.widget.TextView.getAutoSizeTextAvailableSizes, referenced from method androidx.appcompat.widget.AppCompatTextView.getAutoSizeTextAvailableSizes
W/dalvikvm( 4217): VFY: unable to resolve virtual method 4456: Landroid/widget/TextView;.getAutoSizeTextAvailableSizes ()[I
D/dalvikvm( 4217): VFY: replacing opcode 0x6f at 0x0004
I/dalvikvm( 4217): Could not find method android.widget.TextView.getAutoSizeTextType, referenced from method androidx.appcompat.widget.AppCompatTextView.getAutoSizeTextType
W/dalvikvm( 4217): VFY: unable to resolve virtual method 4457: Landroid/widget/TextView;.getAutoSizeTextType ()I
D/dalvikvm( 4217): VFY: replacing opcode 0x6f at 0x0005
I/dalvikvm( 4217): Could not find method android.widget.TextView.getTextClassifier, referenced from method androidx.appcompat.widget.AppCompatTextView.getTextClassifier
W/dalvikvm( 4217): VFY: unable to resolve virtual method 4496: Landroid/widget/TextView;.getTextClassifier ()Landroid/view/textclassifier/TextClassifier;
D/dalvikvm( 4217): VFY: replacing opcode 0x6f at 0x0010
W/dalvikvm( 4217): VFY: unable to find class referenced in signature (Landroid/view/textclassifier/TextClassifier;)
W/dalvikvm( 4217): VFY: unable to find class referenced in signature (Landroid/view/textclassifier/TextClassifier;)
I/dalvikvm( 4217): Could not find method android.widget.TextView.setAutoSizeTextTypeUniformWithConfiguration, referenced from method androidx.appcompat.widget.AppCompatTextView.setAutoSizeTextTypeUniformWithConfiguration
W/dalvikvm( 4217): VFY: unable to resolve virtual method 4527: Landroid/widget/TextView;.setAutoSizeTextTypeUniformWithConfiguration (IIII)V
D/dalvikvm( 4217): VFY: replacing opcode 0x6f at 0x0004
I/dalvikvm( 4217): Could not find method android.widget.TextView.setAutoSizeTextTypeUniformWithPresetSizes, referenced from method androidx.appcompat.widget.AppCompatTextView.setAutoSizeTextTypeUniformWithPresetSizes
W/dalvikvm( 4217): VFY: unable to resolve virtual method 4528: Landroid/widget/TextView;.setAutoSizeTextTypeUniformWithPresetSizes ([II)V
D/dalvikvm( 4217): VFY: replacing opcode 0x6f at 0x0004
I/dalvikvm( 4217): Could not find method android.widget.TextView.setAutoSizeTextTypeWithDefaults, referenced from method androidx.appcompat.widget.AppCompatTextView.setAutoSizeTextTypeWithDefaults
W/dalvikvm( 4217): VFY: unable to resolve virtual method 4529: Landroid/widget/TextView;.setAutoSizeTextTypeWithDefaults (I)V
D/dalvikvm( 4217): VFY: replacing opcode 0x6f at 0x0004
I/dalvikvm( 4217): Could not find method android.widget.TextView.setFirstBaselineToTopHeight, referenced from method androidx.appcompat.widget.AppCompatTextView.setFirstBaselineToTopHeight
W/dalvikvm( 4217): VFY: unable to resolve virtual method 4546: Landroid/widget/TextView;.setFirstBaselineToTopHeight (I)V
D/dalvikvm( 4217): VFY: replacing opcode 0x6f at 0x0006
I/dalvikvm( 4217): Could not find method android.widget.TextView.setLastBaselineToBottomHeight, referenced from method androidx.appcompat.widget.AppCompatTextView.setLastBaselineToBottomHeight
W/dalvikvm( 4217): VFY: unable to resolve virtual method 4553: Landroid/widget/TextView;.setLastBaselineToBottomHeight (I)V
D/dalvikvm( 4217): VFY: replacing opcode 0x6f at 0x0006
W/dalvikvm( 4217): VFY: unable to find class referenced in signature (Landroid/view/textclassifier/TextClassifier;)
I/dalvikvm( 4217): Could not find method android.widget.TextView.setTextClassifier, referenced from method androidx.appcompat.widget.AppCompatTextView.setTextClassifier
W/dalvikvm( 4217): VFY: unable to resolve virtual method 4576: Landroid/widget/TextView;.setTextClassifier (Landroid/view/textclassifier/TextClassifier;)V
D/dalvikvm( 4217): VFY: replacing opcode 0x6f at 0x000f
W/dalvikvm( 4217): VFY: unable to find class referenced in signature (Landroid/view/textclassifier/TextClassifier;)
I/dalvikvm( 4217): Could not find method android.graphics.Typeface.create, referenced from method androidx.appcompat.widget.j.C
W/dalvikvm( 4217): VFY: unable to resolve static method 1207: Landroid/graphics/Typeface;.create (Landroid/graphics/Typeface;IZ)Landroid/graphics/Typeface;
D/dalvikvm( 4217): VFY: replacing opcode 0x71 at 0x0091
I/dalvikvm( 4217): Could not find method android.graphics.Typeface.create, referenced from method androidx.appcompat.widget.j.C
W/dalvikvm( 4217): VFY: unable to resolve static method 1207: Landroid/graphics/Typeface;.create (Landroid/graphics/Typeface;IZ)Landroid/graphics/Typeface;
D/dalvikvm( 4217): VFY: replacing opcode 0x71 at 0x00c1
I/dalvikvm( 4217): Could not find method android.widget.TextView.setFontVariationSettings, referenced from method androidx.appcompat.widget.j.m
W/dalvikvm( 4217): VFY: unable to resolve virtual method 4548: Landroid/widget/TextView;.setFontVariationSettings (Ljava/lang/String;)Z
D/dalvikvm( 4217): VFY: replacing opcode 0x6e at 0x01d4
I/dalvikvm( 4217): Could not find method android.os.LocaleList.forLanguageTags, referenced from method androidx.appcompat.widget.j.m
W/dalvikvm( 4217): VFY: unable to resolve static method 1557: Landroid/os/LocaleList;.forLanguageTags (Ljava/lang/String;)Landroid/os/LocaleList;
D/dalvikvm( 4217): VFY: replacing opcode 0x71 at 0x01df
I/dalvikvm( 4217): Could not find method java.util.Locale.forLanguageTag, referenced from method androidx.appcompat.widget.j.m
W/dalvikvm( 4217): VFY: unable to resolve static method 25351: Ljava/util/Locale;.forLanguageTag (Ljava/lang/String;)Ljava/util/Locale;
D/dalvikvm( 4217): VFY: replacing opcode 0x71 at 0x01f8
I/dalvikvm( 4217): Could not find method android.widget.TextView.getAutoSizeStepGranularity, referenced from method androidx.appcompat.widget.j.m
W/dalvikvm( 4217): VFY: unable to resolve virtual method 4455: Landroid/widget/TextView;.getAutoSizeStepGranularity ()I
D/dalvikvm( 4217): VFY: replacing opcode 0x6e at 0x021d
I/dalvikvm( 4217): Could not find method android.widget.TextView.setFontVariationSettings, referenced from method androidx.appcompat.widget.j.p
W/dalvikvm( 4217): VFY: unable to resolve virtual method 4548: Landroid/widget/TextView;.setFontVariationSettings (Ljava/lang/String;)Z
D/dalvikvm( 4217): VFY: replacing opcode 0x6e at 0x005b
I/dalvikvm( 4217): Could not find method android.text.StaticLayout$Builder.obtain, referenced from method androidx.appcompat.widget.k.f
W/dalvikvm( 4217): VFY: unable to resolve static method 1796: Landroid/text/StaticLayout$Builder;.obtain (Ljava/lang/CharSequence;IILandroid/text/TextPaint;I)Landroid/text/StaticLayout$Builder;
D/dalvikvm( 4217): VFY: replacing opcode 0x71 at 0x0007
I/dalvikvm( 4217): Could not find method android.widget.TextView.isHorizontallyScrollable, referenced from method androidx.appcompat.widget.k.b
W/dalvikvm( 4217): VFY: unable to resolve virtual method 4511: Landroid/widget/TextView;.isHorizontallyScrollable ()Z
D/dalvikvm( 4217): VFY: replacing opcode 0x6e at 0x0025
I/dalvikvm( 4217): Could not find method android.content.Context.getColorStateList, referenced from method androidx.appcompat.content.res.AppCompatResources.getColorStateList
W/dalvikvm( 4217): VFY: unable to resolve virtual method 602: Landroid/content/Context;.getColorStateList (I)Landroid/content/res/ColorStateList;
D/dalvikvm( 4217): VFY: replacing opcode 0x6e at 0x0006
E/dalvikvm( 4217): Could not find class 'android.view.textclassifier.TextClassificationManager', referenced from method androidx.appcompat.widget.i.a
W/dalvikvm( 4217): VFY: unable to resolve const-class 523 (Landroid/view/textclassifier/TextClassificationManager;) in Landroidx/appcompat/widget/i;
D/dalvikvm( 4217): VFY: replacing opcode 0x1c at 0x000a
W/dalvikvm( 4217): VFY: unable to find class referenced in signature (Landroid/view/textclassifier/TextClassifier;)
W/dalvikvm( 4217): VFY: unable to find class referenced in signature (Landroid/view/textclassifier/TextClassifier;)
D/        ( 4217): HostConnection::get() New Host Connection established 0xb913c850, tid 4217
D/EGL_emulation( 4217): eglCreateContext: 0xb915bbc0: maj 3 min 0 rcv 3
D/EGL_emulation( 4217): eglMakeCurrent: 0xb915bbc0: ver 3 0
E/eglCodecCommon( 4217): glUtilsParamSize: unknow param 0x00008cdf
E/eglCodecCommon( 4217): glUtilsParamSize: unknow param 0x00008824
E/EGL_emulation( 4217): tid 4217: eglSurfaceAttrib(1199): error 0x3009 (EGL_BAD_MATCH)
W/HardwareRenderer( 4217): Backbuffer cannot be preserved
D/OpenGLRenderer( 4217): Enabling debug mode 0
I/ActivityManager( 1568): Displayed com.mikifus.padland/.SplashActivity: +323ms
I/ActivityManager( 1568): START u0 {cmp=com.mikifus.padland/.PadListActivity} from pid 4217
D/PadLandDataActivity( 4217): Data activity started running
I/dalvikvm( 4217): Could not find method android.widget.FrameLayout.invalidateOutline, referenced from method androidx.appcompat.widget.ActionBarContainer.setPrimaryBackground
W/dalvikvm( 4217): VFY: unable to resolve virtual method 3727: Landroid/widget/FrameLayout;.invalidateOutline ()V
D/dalvikvm( 4217): VFY: replacing opcode 0x6e at 0x0054
I/dalvikvm( 4217): Could not find method android.widget.FrameLayout.invalidateOutline, referenced from method androidx.appcompat.widget.ActionBarContainer.setSplitBackground
W/dalvikvm( 4217): VFY: unable to resolve virtual method 3727: Landroid/widget/FrameLayout;.invalidateOutline ()V
D/dalvikvm( 4217): VFY: replacing opcode 0x6e at 0x0048
I/dalvikvm( 4217): Could not find method android.widget.FrameLayout.invalidateOutline, referenced from method androidx.appcompat.widget.ActionBarContainer.setStackedBackground
W/dalvikvm( 4217): VFY: unable to resolve virtual method 3727: Landroid/widget/FrameLayout;.invalidateOutline ()V
D/dalvikvm( 4217): VFY: replacing opcode 0x6e at 0x0058
I/dalvikvm( 4217): Could not find method android.widget.FrameLayout.startActionModeForChild, referenced from method androidx.appcompat.widget.ActionBarContainer.startActionModeForChild
W/dalvikvm( 4217): VFY: unable to resolve virtual method 3801: Landroid/widget/FrameLayout;.startActionModeForChild (Landroid/view/View;Landroid/view/ActionMode$Callback;I)Landroid/view/ActionMode;
D/dalvikvm( 4217): VFY: replacing opcode 0x6f at 0x0002
W/dalvikvm( 4217): VFY: unable to find class referenced in signature (Landroid/graphics/Outline;)
I/dalvikvm( 4217): Could not find method android.graphics.drawable.Drawable.getOutline, referenced from method androidx.appcompat.widget.a.getOutline
W/dalvikvm( 4217): VFY: unable to resolve virtual method 1275: Landroid/graphics/drawable/Drawable;.getOutline (Landroid/graphics/Outline;)V
D/dalvikvm( 4217): VFY: replacing opcode 0x6e at 0x000a
I/dalvikvm( 4217): Could not find method android.graphics.drawable.Drawable.getOutline, referenced from method androidx.appcompat.widget.a.getOutline
W/dalvikvm( 4217): VFY: unable to resolve virtual method 1275: Landroid/graphics/drawable/Drawable;.getOutline (Landroid/graphics/Outline;)V
D/dalvikvm( 4217): VFY: replacing opcode 0x6e at 0x0012
D/dalvikvm( 4217): GC_FOR_ALLOC freed 193K, 4% free 10508K/10888K, paused 2ms, total 2ms
I/dalvikvm-heap( 4217): Grow heap (frag case) to 12.291MB for 1939932-byte allocation
D/dalvikvm( 4217): GC_FOR_ALLOC freed 7K, 4% free 12395K/12784K, paused 2ms, total 2ms
I/dalvikvm( 4217): Could not find method android.widget.ImageButton.setElevation, referenced from method com.google.android.material.floatingactionbutton.FloatingActionButton.setElevation
W/dalvikvm( 4217): VFY: unable to resolve virtual method 3925: Landroid/widget/ImageButton;.setElevation (F)V
D/dalvikvm( 4217): VFY: replacing opcode 0x6f at 0x0000
I/dalvikvm( 4217): Could not find method android.widget.ImageButton.setTranslationZ, referenced from method com.google.android.material.floatingactionbutton.FloatingActionButton.setTranslationZ
W/dalvikvm( 4217): VFY: unable to resolve virtual method 3947: Landroid/widget/ImageButton;.setTranslationZ (F)V
D/dalvikvm( 4217): VFY: replacing opcode 0x6f at 0x0000
D/AndroidRuntime( 4217): Shutting down VM
W/dalvikvm( 4217): threadid=1: thread exiting with uncaught exception (group=0x9cd6fb20)
E/AndroidRuntime( 4217): FATAL EXCEPTION: main
E/AndroidRuntime( 4217): Process: com.mikifus.padland, PID: 4217
E/AndroidRuntime( 4217): java.lang.RuntimeException: Unable to start activity ComponentInfo{com.mikifus.padland/com.mikifus.padland.PadListActivity}: android.view.InflateException: Binary XML file line #34: Error inflating class com.google.android.material.floatingactionbutton.FloatingActionButton
E/AndroidRuntime( 4217): 	at android.app.ActivityThread.performLaunchActivity(ActivityThread.java:2195)
E/AndroidRuntime( 4217): 	at android.app.ActivityThread.handleLaunchActivity(ActivityThread.java:2245)
E/AndroidRuntime( 4217): 	at android.app.ActivityThread.access$800(ActivityThread.java:135)
E/AndroidRuntime( 4217): 	at android.app.ActivityThread$H.handleMessage(ActivityThread.java:1196)
E/AndroidRuntime( 4217): 	at android.os.Handler.dispatchMessage(Handler.java:102)
E/AndroidRuntime( 4217): 	at android.os.Looper.loop(Looper.java:136)
E/AndroidRuntime( 4217): 	at android.app.ActivityThread.main(ActivityThread.java:5017)
E/AndroidRuntime( 4217): 	at java.lang.reflect.Method.invokeNative(Native Method)
E/AndroidRuntime( 4217): 	at java.lang.reflect.Method.invoke(Method.java:515)
E/AndroidRuntime( 4217): 	at com.android.internal.os.ZygoteInit$MethodAndArgsCaller.run(ZygoteInit.java:779)
E/AndroidRuntime( 4217): 	at com.android.internal.os.ZygoteInit.main(ZygoteInit.java:595)
E/AndroidRuntime( 4217): 	at dalvik.system.NativeStart.main(Native Method)
E/AndroidRuntime( 4217): Caused by: android.view.InflateException: Binary XML file line #34: Error inflating class com.google.android.material.floatingactionbutton.FloatingActionButton
E/AndroidRuntime( 4217): 	at android.view.LayoutInflater.createView(LayoutInflater.java:621)
E/AndroidRuntime( 4217): 	at android.view.LayoutInflater.createViewFromTag(LayoutInflater.java:697)
E/AndroidRuntime( 4217): 	at android.view.LayoutInflater.rInflate(LayoutInflater.java:756)
E/AndroidRuntime( 4217): 	at android.view.LayoutInflater.rInflate(LayoutInflater.java:759)
E/AndroidRuntime( 4217): 	at android.view.LayoutInflater.inflate(LayoutInflater.java:492)
E/AndroidRuntime( 4217): 	at android.view.LayoutInflater.inflate(LayoutInflater.java:397)
E/AndroidRuntime( 4217): 	at android.view.LayoutInflater.inflate(LayoutInflater.java:353)
E/AndroidRuntime( 4217): 	at androidx.appcompat.app.AppCompatDelegateImpl.setContentView(SourceFile:9)
E/AndroidRuntime( 4217): 	at androidx.appcompat.app.AppCompatActivity.setContentView(SourceFile:1)
E/AndroidRuntime( 4217): 	at com.mikifus.padland.PadListActivity.onCreate(SourceFile:3)
E/AndroidRuntime( 4217): 	at android.app.Activity.performCreate(Activity.java:5231)
E/AndroidRuntime( 4217): 	at android.app.Instrumentation.callActivityOnCreate(Instrumentation.java:1087)
E/AndroidRuntime( 4217): 	at android.app.ActivityThread.performLaunchActivity(ActivityThread.java:2159)
E/AndroidRuntime( 4217): 	... 11 more
E/AndroidRuntime( 4217): Caused by: java.lang.reflect.InvocationTargetException
E/AndroidRuntime( 4217): 	at java.lang.reflect.Constructor.constructNative(Native Method)
E/AndroidRuntime( 4217): 	at java.lang.reflect.Constructor.newInstance(Constructor.java:423)
E/AndroidRuntime( 4217): 	at android.view.LayoutInflater.createView(LayoutInflater.java:595)
E/AndroidRuntime( 4217): 	... 23 more
E/AndroidRuntime( 4217): Caused by: android.content.res.Resources$NotFoundException: File res/drawable/ic_group_add_inverted.xml from drawable resource ID #0x7f08007b
E/AndroidRuntime( 4217): 	at android.content.res.Resources.loadDrawable(Resources.java:2101)
E/AndroidRuntime( 4217): 	at android.content.res.TypedArray.getDrawable(TypedArray.java:602)
E/AndroidRuntime( 4217): 	at android.widget.ImageView.<init>(ImageView.java:129)
E/AndroidRuntime( 4217): 	at android.widget.ImageButton.<init>(ImageButton.java:87)
E/AndroidRuntime( 4217): 	at com.google.android.material.internal.VisibilityAwareImageButton.<init>(SourceFile:3)
E/AndroidRuntime( 4217): 	at com.google.android.material.floatingactionbutton.FloatingActionButton.<init>(SourceFile:3)
E/AndroidRuntime( 4217): 	at com.google.android.material.floatingactionbutton.FloatingActionButton.<init>(SourceFile:2)
E/AndroidRuntime( 4217): 	... 26 more
E/AndroidRuntime( 4217): Caused by: org.xmlpull.v1.XmlPullParserException: Binary XML file line #1: invalid drawable tag vector
E/AndroidRuntime( 4217): 	at android.graphics.drawable.Drawable.createFromXmlInner(Drawable.java:933)
E/AndroidRuntime( 4217): 	at android.graphics.drawable.Drawable.createFromXml(Drawable.java:877)
E/AndroidRuntime( 4217): 	at android.content.res.Resources.loadDrawable(Resources.java:2097)
E/AndroidRuntime( 4217): 	... 32 more
W/ActivityManager( 1568):   Force finishing activity com.mikifus.padland/.PadListActivity
D/dalvikvm( 1568): GC_FOR_ALLOC freed 1494K, 40% free 10058K/16548K, paused 8ms, total 8ms
I/dalvikvm-heap( 1568): Grow heap (frag case) to 11.858MB for 1939932-byte allocation
D/dalvikvm( 1568): GC_FOR_ALLOC freed 1K, 36% free 11951K/18444K, paused 10ms, total 10ms
D/gralloc_ranchu( 1144): gralloc_alloc: Creating ashmem region of size 1114112
D/        ( 1568): HostConnection::get() New Host Connection established 0xb9283960, tid 1583
W/ActivityManager( 1568): Activity pause timeout for ActivityRecord{9d583ad0 u0 com.mikifus.padland/.PadListActivity t9 f}
D/EGL_emulation( 1988): eglMakeCurrent: 0xb9198580: ver 3 0
D/EGL_emulation( 1988): eglMakeCurrent: 0xb9198580: ver 3 0
E/EGL_emulation( 1988): tid 1988: eglSurfaceAttrib(1199): error 0x3009 (EGL_BAD_MATCH)
W/HardwareRenderer( 1988): Backbuffer cannot be preserved
I/ActivityManager( 1568): Killing 2364:com.google.android.play.games/u0a43 (adj 15): empty #17
D/gralloc_ranchu( 1144): gralloc_alloc: Creating ashmem region of size 1114112
D/gralloc_ranchu( 1144): gralloc_alloc: Creating ashmem region of size 1114112
I/Vision  ( 2085): Requesting optional module download of ocr.
I/Vision  ( 2085): Checking for download completion for 273955 -- ocr
I/ChimeraConfigurator( 2085): Starting update, reason: 4 urgentFeatures: vision.ocr:-1
E/ConfigFileUtils( 2085): Failed to read config file: /data/data/com.google.android.gms/app_chimera/next_container.pb: open failed: ENOENT (No such file or directory)
I/ChmraDebugLogger( 2085): [73] 1801
I/ChmraDebugLogger( 2085): [30] [VisionOcr.optional:202414000700] permitMetered=true,
W/ChimeraConfigService( 2085): Retry attempt was throttled.
I/Process ( 4217): Sending signal. PID: 4217 SIG: 9
W/InputDispatcher( 1568): channel '9d25a530 com.mikifus.padland/com.mikifus.padland.SplashActivity (server)' ~ Consumer closed input channel or an error occurred.  events=0x9
E/InputDispatcher( 1568): channel '9d25a530 com.mikifus.padland/com.mikifus.padland.SplashActivity (server)' ~ Channel is unrecoverably broken and will be disposed!
W/InputDispatcher( 1568): Attempted to unregister already unregistered input channel '9d25a530 com.mikifus.padland/com.mikifus.padland.SplashActivity (server)'
E/SoundPool( 1568): error loading /system/media/audio/ui/Effect_Tick.ogg
W/AudioService( 1568): Soundpool could not load file: /system/media/audio/ui/Effect_Tick.ogg
E/SoundPool( 1568): error loading /system/media/audio/ui/Effect_Tick.ogg
W/AudioService( 1568): Soundpool could not load file: /system/media/audio/ui/Effect_Tick.ogg
E/SoundPool( 1568): error loading /system/media/audio/ui/Effect_Tick.ogg
W/AudioService( 1568): Soundpool could not load file: /system/media/audio/ui/Effect_Tick.ogg
E/SoundPool( 1568): error loading /system/media/audio/ui/Effect_Tick.ogg
W/AudioService( 1568): Soundpool could not load file: /system/media/audio/ui/Effect_Tick.ogg
E/SoundPool( 1568): error loading /system/media/audio/ui/Effect_Tick.ogg
W/AudioService( 1568): Soundpool could not load file: /system/media/audio/ui/Effect_Tick.ogg
E/SoundPool( 1568): error loading /system/media/audio/ui/KeypressStandard.ogg
W/AudioService( 1568): Soundpool could not load file: /system/media/audio/ui/KeypressStandard.ogg
E/SoundPool( 1568): error loading /system/media/audio/ui/KeypressSpacebar.ogg
W/AudioService( 1568): Soundpool could not load file: /system/media/audio/ui/KeypressSpacebar.ogg
E/SoundPool( 1568): error loading /system/media/audio/ui/KeypressDelete.ogg
W/AudioService( 1568): Soundpool could not load file: /system/media/audio/ui/KeypressDelete.ogg
E/SoundPool( 1568): error loading /system/media/audio/ui/KeypressReturn.ogg
W/AudioService( 1568): Soundpool could not load file: /system/media/audio/ui/KeypressReturn.ogg
E/SoundPool( 1568): error loading /system/media/audio/ui/KeypressInvalid.ogg
W/AudioService( 1568): Soundpool could not load file: /system/media/audio/ui/KeypressInvalid.ogg
W/AudioService( 1568): onLoadSoundEffects(), Error -1 while loading samples
W/Binder  ( 1762): Caught a RuntimeException from the binder stub implementation.
W/Binder  ( 1762): java.lang.NullPointerException
W/Binder  ( 1762): 	at android.inputmethodservice.IInputMethodWrapper.setSessionEnabled(IInputMethodWrapper.java:280)
W/Binder  ( 1762): 	at com.android.internal.view.IInputMethod$Stub.onTransact(IInputMethod.java:129)
W/Binder  ( 1762): 	at android.os.Binder.execTransact(Binder.java:404)
W/Binder  ( 1762): 	at dalvik.system.NativeStart.run(Native Method)
I/ActivityManager( 1568): Process com.mikifus.padland (pid 4217) has died.
I/WindowState( 1568): WIN DEATH: Window{9d25a530 u0 com.mikifus.padland/com.mikifus.padland.SplashActivity}
W/InputMethodManagerService( 1568): Got RemoteException sending setActive(false) notification to pid 4217 uid 10065
I/Vision  ( 2085): Requesting optional module download of ocr.
I/Vision  ( 2085): Checking for download completion for 283967 -- ocr
I/Vision  ( 2085): Requesting optional module download of ocr.
I/Vision  ( 2085): Checking for download completion for 293979 -- ocr
D/dalvikvm( 2085): GC_FOR_ALLOC freed 2430K, 12% free 21397K/24272K, paused 22ms, total 22ms
I/Vision  ( 2085): Requesting optional module download of ocr.
I/Vision  ( 2085): Checking for download completion for 304009 -- ocr
I/Vision  ( 2085): Requesting optional module download of ocr.
I/Vision  ( 2085): Checking for download completion for 314017 -- ocr
D/EGL_emulation( 1654): eglMakeCurrent: 0xb914d8e0: ver 3 0
I/Vision  ( 2085): Requesting optional module download of ocr.
I/Vision  ( 2085): Exceeded maximum feature download tries for ocr
W/Vision  ( 2085): Request of optional module download of ocr failed.
I/Vision  ( 2085): Checking for download completion for 324023 -- ocr
D/AndroidRuntime( 4257): 
D/AndroidRuntime( 4257): >>>>>> AndroidRuntime START com.android.internal.os.RuntimeInit <<<<<<
W/linker  ( 4257): libdvm.so has text relocations. This is wasting memory and is a security risk. Please fix.
D/AndroidRuntime( 4257): CheckJNI is ON
D/dalvikvm( 4257): Trying to load lib libjavacore.so 0x0
D/dalvikvm( 4257): Added shared lib libjavacore.so 0x0
D/dalvikvm( 4257): Trying to load lib libnativehelper.so 0x0
D/dalvikvm( 4257): Added shared lib libnativehelper.so 0x0
D/dalvikvm( 4257): No JNI_OnLoad found in libnativehelper.so 0x0, skipping init
D/dalvikvm( 4257): Note: class Landroid/app/ActivityManagerNative; has 179 unimplemented (abstract) methods
E/memtrack( 4257): Couldn't load memtrack module (No such file or directory)
E/android.os.Debug( 4257): failed to load memtrack module: -2
D/AndroidRuntime( 4257): Calling main entry com.android.commands.pm.Pm
D/AndroidRuntime( 4257): Shutting down VM
D/jdwp    ( 4257): Got wake-up signal, bailing out of select
D/dalvikvm( 4257): Debugger has detached; object registry had 1 entries
D/AndroidRuntime( 4270): 
D/AndroidRuntime( 4270): >>>>>> AndroidRuntime START com.android.internal.os.RuntimeInit <<<<<<
W/linker  ( 4270): libdvm.so has text relocations. This is wasting memory and is a security risk. Please fix.
D/AndroidRuntime( 4270): CheckJNI is ON
D/dalvikvm( 4270): Trying to load lib libjavacore.so 0x0
D/dalvikvm( 4270): Added shared lib libjavacore.so 0x0
D/dalvikvm( 4270): Trying to load lib libnativehelper.so 0x0
D/dalvikvm( 4270): Added shared lib libnativehelper.so 0x0
D/dalvikvm( 4270): No JNI_OnLoad found in libnativehelper.so 0x0, skipping init
D/dalvikvm( 4270): Note: class Landroid/app/ActivityManagerNative; has 179 unimplemented (abstract) methods
E/memtrack( 4270): Couldn't load memtrack module (No such file or directory)
E/android.os.Debug( 4270): failed to load memtrack module: -2
D/AndroidRuntime( 4270): Calling main entry com.android.commands.pm.Pm
D/AndroidRuntime( 4270): Shutting down VM
D/jdwp    ( 4270): Got wake-up signal, bailing out of select
D/dalvikvm( 4270): Debugger has detached; object registry had 1 entries
D/AndroidRuntime( 4281): 
D/AndroidRuntime( 4281): >>>>>> AndroidRuntime START com.android.internal.os.RuntimeInit <<<<<<
W/linker  ( 4281): libdvm.so has text relocations. This is wasting memory and is a security risk. Please fix.
D/AndroidRuntime( 4281): CheckJNI is ON
D/dalvikvm( 4281): Trying to load lib libjavacore.so 0x0
D/dalvikvm( 4281): Added shared lib libjavacore.so 0x0
D/dalvikvm( 4281): Trying to load lib libnativehelper.so 0x0
D/dalvikvm( 4281): Added shared lib libnativehelper.so 0x0
D/dalvikvm( 4281): No JNI_OnLoad found in libnativehelper.so 0x0, skipping init
D/dalvikvm( 4281): Note: class Landroid/app/ActivityManagerNative; has 179 unimplemented (abstract) methods
E/memtrack( 4281): Couldn't load memtrack module (No such file or directory)
E/android.os.Debug( 4281): failed to load memtrack module: -2
D/AndroidRuntime( 4281): Calling main entry com.android.commands.pm.Pm
I/ActivityManager( 1568): Force stopping it.unina.android.ripper appid=10066 user=0: clear data
I/GeofencerStateMachine( 1776): removeGeofences: removeRequest=RemoveGeofencingRequest[REMOVE_ALL packageName=it.unina.android.ripper]
D/Documents( 3243): Used cached roots for com.android.providers.downloads.documents
D/Documents( 3243): Used cached roots for com.android.externalstorage.documents
D/Documents( 3243): Used cached roots for com.android.providers.media.documents
D/Documents( 3243): Update found 6 roots in 1ms
D/keystore( 1149): calling clear_uid in state: 3
I/Fitness ( 1776): FitCleanupIntentOperation received Intent android.intent.action.PACKAGE_DATA_CLEARED [CONTEXT service_id=17 ]
D/AndroidRuntime( 4281): Shutting down VM
D/jdwp    ( 4281): Got wake-up signal, bailing out of select
D/dalvikvm( 4281): Debugger has detached; object registry had 1 entries
I/Icing   ( 2085): doRemovePackageData it.unina.android.ripper
D/AndroidRuntime( 4305): 
D/AndroidRuntime( 4305): >>>>>> AndroidRuntime START com.android.internal.os.RuntimeInit <<<<<<
W/linker  ( 4305): libdvm.so has text relocations. This is wasting memory and is a security risk. Please fix.
D/AndroidRuntime( 4305): CheckJNI is ON
D/dalvikvm( 4305): Trying to load lib libjavacore.so 0x0
D/dalvikvm( 4305): Added shared lib libjavacore.so 0x0
D/dalvikvm( 4305): Trying to load lib libnativehelper.so 0x0
D/dalvikvm( 4305): Added shared lib libnativehelper.so 0x0
D/dalvikvm( 4305): No JNI_OnLoad found in libnativehelper.so 0x0, skipping init
D/dalvikvm( 4305): Note: class Landroid/app/ActivityManagerNative; has 179 unimplemented (abstract) methods
E/memtrack( 4305): Couldn't load memtrack module (No such file or directory)
E/android.os.Debug( 4305): failed to load memtrack module: -2
D/AndroidRuntime( 4305): Calling main entry com.android.commands.pm.Pm
I/ActivityManager( 1568): Force stopping it.unina.android.ripper appid=10066 user=-1: uninstall pkg
W/PackageManager( 1568): Couldn't delete native library directory /data/app-lib/it.unina.android.ripper
D/keystore( 1149): calling clear_uid in state: 3
I/ActivityManager( 1568): Force stopping it.unina.android.ripper appid=10066 user=0: pkg removed
W/Launcher.Model( 2217): Nobody to tell about the new app.  Launcher is probably loading.
I/GeofencerStateMachine( 1776): removeGeofences: removeRequest=RemoveGeofencingRequest[REMOVE_ALL packageName=it.unina.android.ripper]
I/InputReader( 1568): Reconfiguring input devices.  changes=0x00000010
D/Documents( 3243): Used cached roots for com.android.providers.downloads.documents
D/Documents( 3243): Used cached roots for com.android.externalstorage.documents
D/Documents( 3243): Used cached roots for com.android.providers.media.documents
D/Documents( 3243): Update found 6 roots in 8ms
D/BackupManagerService( 1568): Received broadcast Intent { act=android.intent.action.PACKAGE_REMOVED dat=package:it.unina.android.ripper flg=0x4000010 (has extras) }
V/BackupManagerService( 1568): removePackageParticipantsLocked: uid=10066 #1
I/PackageManager( 1568):   Action: "android.intent.action.SENDTO"
I/PackageManager( 1568):   Category: "android.intent.category.DEFAULT"
I/PackageManager( 1568):   Scheme: "sms"
I/PackageManager( 1568): Adding preferred activity ComponentInfo{com.android.mms/com.android.mms.ui.ComposeMessageActivity} for user 0 :
D/VoicemailCleanupService( 1817): Cleaning up data for package: it.unina.android.ripper
D/dalvikvm( 1832): GC_FOR_ALLOC freed 489K, 18% free 3609K/4380K, paused 2ms, total 2ms
I/PackageManager( 1568):   Action: "android.intent.action.SENDTO"
I/PackageManager( 1568):   Category: "android.intent.category.DEFAULT"
I/PackageManager( 1568):   Scheme: "smsto"
I/PackageManager( 1568): Adding preferred activity ComponentInfo{com.android.mms/com.android.mms.ui.ComposeMessageActivity} for user 0 :
I/PackageManager( 1568):   Action: "android.intent.action.SENDTO"
I/PackageManager( 1568):   Category: "android.intent.category.DEFAULT"
I/PackageManager( 1568):   Scheme: "mms"
I/PackageManager( 1568): Adding preferred activity ComponentInfo{com.android.mms/com.android.mms.ui.ComposeMessageActivity} for user 0 :
I/PackageManager( 1568):   Action: "android.intent.action.SENDTO"
I/PackageManager( 1568):   Category: "android.intent.category.DEFAULT"
I/PackageManager( 1568):   Scheme: "mmsto"
I/PackageManager( 1568): Adding preferred activity ComponentInfo{com.android.mms/com.android.mms.ui.ComposeMessageActivity} for user 0 :
D/dalvikvm( 1568): GC_EXPLICIT freed 1636K, 37% free 11677K/18444K, paused 8ms+7ms, total 66ms
D/AndroidRuntime( 4305): Shutting down VM
D/jdwp    ( 4305): Got wake-up signal, bailing out of select
D/dalvikvm( 4305): Debugger has detached; object registry had 1 entries
I/PackageManager( 1568):   Action: "android.intent.action.SENDTO"
I/PackageManager( 1568):   Category: "android.intent.category.DEFAULT"
I/PackageManager( 1568):   Scheme: "sms"
I/PackageManager( 1568): Adding preferred activity ComponentInfo{com.android.mms/com.android.mms.ui.ComposeMessageActivity} for user 0 :
D/dalvikvm( 1832): GC_FOR_ALLOC freed 385K, 17% free 3667K/4380K, paused 3ms, total 3ms
I/PackageManager( 1568):   Action: "android.intent.action.SENDTO"
I/PackageManager( 1568):   Category: "android.intent.category.DEFAULT"
I/PackageManager( 1568):   Scheme: "smsto"
I/PackageManager( 1568): Adding preferred activity ComponentInfo{com.android.mms/com.android.mms.ui.ComposeMessageActivity} for user 0 :
I/PackageManager( 1568):   Action: "android.intent.action.SENDTO"
I/PackageManager( 1568):   Category: "android.intent.category.DEFAULT"
I/PackageManager( 1568):   Scheme: "mms"
I/PackageManager( 1568): Adding preferred activity ComponentInfo{com.android.mms/com.android.mms.ui.ComposeMessageActivity} for user 0 :
I/PackageManager( 1568):   Action: "android.intent.action.SENDTO"
I/PackageManager( 1568):   Category: "android.intent.category.DEFAULT"
I/PackageManager( 1568):   Scheme: "mmsto"
I/PackageManager( 1568): Adding preferred activity ComponentInfo{com.android.mms/com.android.mms.ui.ComposeMessageActivity} for user 0 :
I/LatinIME:LogUtils( 1762): Dictionary info: dictionary = main:en ; version = 42 ; date = 1381226516
I/DownloadManager( 1870): Download 14 starting
W/DownloadManager( 1870): Aborting request for download 14: TYPE_DISALLOWED_BY_REQUESTOR
I/DownloadManager( 1870): Download 14 finished with status WAITING_FOR_NETWORK
W/Launcher( 2217): setApplicationContext called twice! old=com.google.android.velvet.VelvetApplication@9d0870e8 new=com.google.android.velvet.VelvetApplication@9d0870e8
I/Fitness ( 1776): FitCleanupIntentOperation received Intent android.intent.action.PACKAGE_REMOVED [CONTEXT service_id=17 ]
W/ContextImpl( 3300): Calling a method in the system process without a qualified user: android.app.ContextImpl.startService:1479 android.content.ContextWrapper.startService:494 android.content.ContextWrapper.startService:494 com.android.keychain.KeyChainBroadcastReceiver.onReceive:12 android.app.ActivityThread.handleReceiver:2419 
I/ContentMaintenance( 2085): Internal cache bytes used: 0; limit: 39526809; download size: 0
I/Icing.InternalIcingCorporaProvider( 2176): Updating corpora: A: it.unina.android.ripper, C: MAYBE
W/ContextImpl( 2176): Implicit intents with startService are not safe: Intent { act=com.google.android.gms.icing.INDEX_SERVICE } android.content.ContextWrapper.bindService:517 com.google.android.gms.internal.av.a:-1 com.google.android.gms.internal.au.connect:-1 
I/Icing   ( 2085): IndexChimeraService.getServiceInterface callingPackage=com.google.android.gms componentName=AppsCorpus serviceId=36
I/Icing   ( 2085): IndexChimeraService.getServiceInterface callingPackage=com.google.android.googlequicksearchbox componentName=null serviceId=21
D/AndroidRuntime( 4329): 
D/AndroidRuntime( 4329): >>>>>> AndroidRuntime START com.android.internal.os.RuntimeInit <<<<<<
W/linker  ( 4329): libdvm.so has text relocations. This is wasting memory and is a security risk. Please fix.
D/AndroidRuntime( 4329): CheckJNI is ON
D/dalvikvm( 4329): Trying to load lib libjavacore.so 0x0
D/dalvikvm( 1776): GC_FOR_ALLOC freed 2192K, 24% free 10315K/13428K, paused 36ms, total 39ms
D/dalvikvm( 4329): Added shared lib libjavacore.so 0x0
D/dalvikvm( 4329): Trying to load lib libnativehelper.so 0x0
D/dalvikvm( 4329): Added shared lib libnativehelper.so 0x0
D/dalvikvm( 4329): No JNI_OnLoad found in libnativehelper.so 0x0, skipping init
D/dalvikvm( 4329): Note: class Landroid/app/ActivityManagerNative; has 179 unimplemented (abstract) methods
I/Icing   ( 2085): doRemovePackageData it.unina.android.ripper
I/RealtimeCacheCleanup( 2085): Beginning Realtime garbage collection.
I/RealtimeCacheCleanup( 2085): Finished Realtime garbage collection.
E/memtrack( 4329): Couldn't load memtrack module (No such file or directory)
E/android.os.Debug( 4329): failed to load memtrack module: -2
W/Icing.InternalIcingCorporaProvider( 2176): Application table change notification failed.
W/Icing   ( 2085): No valid account for uploading user actions
I/Icing   ( 2085): Usage reports ok 0, Failed Usage reports 0, indexed 0, rejected 0
I/Icing   ( 2085): IndexChimeraService.getServiceInterface callingPackage=com.google.android.gms componentName=null serviceId=30
W/Icing   ( 2085): No valid account for uploading user actions
I/Icing   ( 2085): Usage reports ok 0, Failed Usage reports 0, indexed 0, rejected 0
D/AndroidRuntime( 4329): Calling main entry com.android.commands.pm.Pm
W/Icing   ( 2085): No valid account for uploading user actions
D/AndroidRuntime( 4329): Shutting down VM
D/jdwp    ( 4329): Got wake-up signal, bailing out of select
D/dalvikvm( 4329): Debugger has detached; object registry had 1 entries
I/Icing   ( 2085): Usage reports ok 0, Failed Usage reports 0, indexed 0, rejected 0
I/Icing   ( 2085): Indexing com.google.android.gms-apps from com.google.android.gms
I/Icing   ( 2085): Indexing done com.google.android.gms-apps
D/AndroidRuntime( 4342): 
D/AndroidRuntime( 4342): >>>>>> AndroidRuntime START com.android.internal.os.RuntimeInit <<<<<<
W/linker  ( 4342): libdvm.so has text relocations. This is wasting memory and is a security risk. Please fix.
D/AndroidRuntime( 4342): CheckJNI is ON
D/dalvikvm( 4342): Trying to load lib libjavacore.so 0x0
D/dalvikvm( 4342): Added shared lib libjavacore.so 0x0
D/dalvikvm( 4342): Trying to load lib libnativehelper.so 0x0
D/dalvikvm( 4342): Added shared lib libnativehelper.so 0x0
D/dalvikvm( 4342): No JNI_OnLoad found in libnativehelper.so 0x0, skipping init
D/dalvikvm( 4342): Note: class Landroid/app/ActivityManagerNative; has 179 unimplemented (abstract) methods
E/memtrack( 4342): Couldn't load memtrack module (No such file or directory)
E/android.os.Debug( 4342): failed to load memtrack module: -2
D/AndroidRuntime( 4342): Calling main entry com.android.commands.pm.Pm
I/ActivityManager( 1568): Force stopping it.unina.android.ripper_service appid=10064 user=0: clear data
I/ActivityManager( 1568): Killing 3967:it.unina.android.ripper_service:android_ripper_service_process/u0a64 (adj 5): stop it.unina.android.ripper_service
I/ActivityManager( 1568):   Force stopping service ServiceRecord{9db5a5b8 u0 it.unina.android.ripper_service/.AndroidRipperService}
D/Documents( 3243): Used cached roots for com.android.providers.downloads.documents
D/Documents( 3243): Used cached roots for com.android.externalstorage.documents
D/Documents( 3243): Used cached roots for com.android.providers.media.documents
D/Documents( 3243): Update found 6 roots in 1ms
I/GeofencerStateMachine( 1776): removeGeofences: removeRequest=RemoveGeofencingRequest[REMOVE_ALL packageName=it.unina.android.ripper_service]
D/keystore( 1149): calling clear_uid in state: 3
I/Icing   ( 2085): doRemovePackageData it.unina.android.ripper_service
D/AndroidRuntime( 4342): Shutting down VM
D/jdwp    ( 4342): Got wake-up signal, bailing out of select
D/dalvikvm( 4342): Debugger has detached; object registry had 1 entries
I/Fitness ( 1776): FitCleanupIntentOperation received Intent android.intent.action.PACKAGE_DATA_CLEARED [CONTEXT service_id=17 ]
D/AndroidRuntime( 4359): 
D/AndroidRuntime( 4359): >>>>>> AndroidRuntime START com.android.internal.os.RuntimeInit <<<<<<
W/linker  ( 4359): libdvm.so has text relocations. This is wasting memory and is a security risk. Please fix.
D/AndroidRuntime( 4359): CheckJNI is ON
D/dalvikvm( 4359): Trying to load lib libjavacore.so 0x0
D/dalvikvm( 4359): Added shared lib libjavacore.so 0x0
D/dalvikvm( 4359): Trying to load lib libnativehelper.so 0x0
D/dalvikvm( 4359): Added shared lib libnativehelper.so 0x0
D/dalvikvm( 4359): No JNI_OnLoad found in libnativehelper.so 0x0, skipping init
D/dalvikvm( 4359): Note: class Landroid/app/ActivityManagerNative; has 179 unimplemented (abstract) methods
E/memtrack( 4359): Couldn't load memtrack module (No such file or directory)
E/android.os.Debug( 4359): failed to load memtrack module: -2
D/AndroidRuntime( 4359): Calling main entry com.android.commands.pm.Pm
I/ActivityManager( 1568): Force stopping it.unina.android.ripper_service appid=10064 user=-1: uninstall pkg
W/PackageManager( 1568): Couldn't delete native library directory /data/app-lib/it.unina.android.ripper_service
D/keystore( 1149): calling clear_uid in state: 3
I/ActivityManager( 1568): Force stopping it.unina.android.ripper_service appid=10064 user=0: pkg removed
D/dalvikvm( 1988): GC_EXPLICIT freed 22140K, 42% free 24453K/41524K, paused 0ms+1ms, total 5ms
D/dalvikvm( 2176): GC_EXPLICIT freed 367K, 18% free 3433K/4180K, paused 0ms+0ms, total 2ms
D/dalvikvm( 2217): GC_EXPLICIT freed 320K, 17% free 3509K/4184K, paused 0ms+0ms, total 2ms
I/GeofencerStateMachine( 1776): removeGeofences: removeRequest=RemoveGeofencingRequest[REMOVE_ALL packageName=it.unina.android.ripper_service]
W/Launcher.Model( 2217): Nobody to tell about the new app.  Launcher is probably loading.
I/PackageManager( 1568):   Action: "android.intent.action.SENDTO"
I/PackageManager( 1568):   Category: "android.intent.category.DEFAULT"
I/PackageManager( 1568):   Scheme: "sms"
I/InputReader( 1568): Reconfiguring input devices.  changes=0x00000010
I/PackageManager( 1568): Adding preferred activity ComponentInfo{com.android.mms/com.android.mms.ui.ComposeMessageActivity} for user 0 :
D/Documents( 3243): Used cached roots for com.android.providers.downloads.documents
D/Documents( 3243): Used cached roots for com.android.externalstorage.documents
D/Documents( 3243): Used cached roots for com.android.providers.media.documents
D/Documents( 3243): Update found 6 roots in 15ms
D/dalvikvm( 1832): GC_FOR_ALLOC freed 474K, 18% free 3600K/4380K, paused 4ms, total 4ms
D/BackupManagerService( 1568): Received broadcast Intent { act=android.intent.action.PACKAGE_REMOVED dat=package:it.unina.android.ripper_service flg=0x4000010 (has extras) }
V/BackupManagerService( 1568): removePackageParticipantsLocked: uid=10064 #1
I/PackageManager( 1568):   Action: "android.intent.action.SENDTO"
I/PackageManager( 1568):   Category: "android.intent.category.DEFAULT"
I/PackageManager( 1568):   Scheme: "smsto"
D/dalvikvm( 2085): GC_EXPLICIT freed 1447K, 12% free 21383K/24272K, paused 0ms+2ms, total 53ms
D/VoicemailCleanupService( 1817): Cleaning up data for package: it.unina.android.ripper_service
I/PackageManager( 1568): Adding preferred activity ComponentInfo{com.android.mms/com.android.mms.ui.ComposeMessageActivity} for user 0 :
I/PackageManager( 1568):   Action: "android.intent.action.SENDTO"
I/PackageManager( 1568):   Category: "android.intent.category.DEFAULT"
I/PackageManager( 1568):   Scheme: "mms"
I/PackageManager( 1568):   Action: "android.intent.action.SENDTO"
I/PackageManager( 1568):   Category: "android.intent.category.DEFAULT"
I/PackageManager( 1568):   Scheme: "mmsto"
I/PackageManager( 1568): Adding preferred activity ComponentInfo{com.android.mms/com.android.mms.ui.ComposeMessageActivity} for user 0 :
I/PackageManager( 1568): Adding preferred activity ComponentInfo{com.android.mms/com.android.mms.ui.ComposeMessageActivity} for user 0 :
I/PackageManager( 1568):   Action: "android.intent.action.SENDTO"
I/PackageManager( 1568):   Category: "android.intent.category.DEFAULT"
I/PackageManager( 1568):   Scheme: "sms"
I/PackageManager( 1568): Adding preferred activity ComponentInfo{com.android.mms/com.android.mms.ui.ComposeMessageActivity} for user 0 :
D/dalvikvm( 1568): GC_EXPLICIT freed 2023K, 37% free 11679K/18444K, paused 2ms+3ms, total 37ms
D/dalvikvm( 1832): GC_FOR_ALLOC freed 399K, 17% free 3663K/4380K, paused 2ms, total 2ms
I/PackageManager( 1568):   Action: "android.intent.action.SENDTO"
I/PackageManager( 1568):   Category: "android.intent.category.DEFAULT"
I/PackageManager( 1568):   Scheme: "smsto"
D/AndroidRuntime( 4359): Shutting down VM
I/PackageManager( 1568): Adding preferred activity ComponentInfo{com.android.mms/com.android.mms.ui.ComposeMessageActivity} for user 0 :
D/jdwp    ( 4359): Got wake-up signal, bailing out of select
D/dalvikvm( 4359): Debugger has detached; object registry had 1 entries
D/dalvikvm( 1870): GC_FOR_ALLOC freed 477K, 16% free 3577K/4240K, paused 4ms, total 5ms
I/PackageManager( 1568):   Action: "android.intent.action.SENDTO"
I/PackageManager( 1568):   Category: "android.intent.category.DEFAULT"
I/PackageManager( 1568):   Scheme: "mms"
I/PackageManager( 1568): Adding preferred activity ComponentInfo{com.android.mms/com.android.mms.ui.ComposeMessageActivity} for user 0 :
I/PackageManager( 1568):   Action: "android.intent.action.SENDTO"
I/PackageManager( 1568):   Category: "android.intent.category.DEFAULT"
I/PackageManager( 1568):   Scheme: "mmsto"
I/PackageManager( 1568): Adding preferred activity ComponentInfo{com.android.mms/com.android.mms.ui.ComposeMessageActivity} for user 0 :
I/LatinIME:LogUtils( 1762): Dictionary info: dictionary = main:en ; version = 42 ; date = 1381226516
I/DownloadManager( 1870): Download 15 starting
W/DownloadManager( 1870): Aborting request for download 15: TYPE_DISALLOWED_BY_REQUESTOR
I/DownloadManager( 1870): Download 15 finished with status WAITING_FOR_NETWORK
W/Launcher( 2217): setApplicationContext called twice! old=com.google.android.velvet.VelvetApplication@9d0870e8 new=com.google.android.velvet.VelvetApplication@9d0870e8
I/Fitness ( 1776): FitCleanupIntentOperation received Intent android.intent.action.PACKAGE_REMOVED [CONTEXT service_id=17 ]
W/ContextImpl( 3300): Calling a method in the system process without a qualified user: android.app.ContextImpl.startService:1479 android.content.ContextWrapper.startService:494 android.content.ContextWrapper.startService:494 com.android.keychain.KeyChainBroadcastReceiver.onReceive:12 android.app.ActivityThread.handleReceiver:2419 
I/Icing   ( 2085): doRemovePackageData it.unina.android.ripper_service
I/Icing.InternalIcingCorporaProvider( 2176): Updating corpora: A: it.unina.android.ripper_service, C: MAYBE
I/Icing   ( 2085): IndexChimeraService.getServiceInterface callingPackage=com.google.android.googlequicksearchbox componentName=null serviceId=21
W/Icing   ( 2085): No valid account for uploading user actions
I/Icing   ( 2085): Usage reports ok 0, Failed Usage reports 0, indexed 0, rejected 0
I/Icing   ( 2085): Indexing com.google.android.gms-apps from com.google.android.gms
I/Icing   ( 2085): Indexing com.google.android.gms-internal.3p:MobileApplication from com.google.android.gms
I/Icing   ( 2085): Indexing done com.google.android.gms-apps
I/Icing   ( 2085): Indexing com.google.android.googlequicksearchbox-applications from com.google.android.googlequicksearchbox
I/Icing   ( 2085): Indexing done com.google.android.gms-internal.3p:MobileApplication
I/Icing   ( 2085): Indexing done com.google.android.googlequicksearchbox-applications
D/AndroidRuntime( 4386): 
D/AndroidRuntime( 4386): >>>>>> AndroidRuntime START com.android.internal.os.RuntimeInit <<<<<<
W/linker  ( 4386): libdvm.so has text relocations. This is wasting memory and is a security risk. Please fix.
D/AndroidRuntime( 4386): CheckJNI is ON
D/dalvikvm( 4386): Trying to load lib libjavacore.so 0x0
D/dalvikvm( 4386): Added shared lib libjavacore.so 0x0
D/dalvikvm( 4386): Trying to load lib libnativehelper.so 0x0
D/dalvikvm( 4386): Added shared lib libnativehelper.so 0x0
D/dalvikvm( 4386): No JNI_OnLoad found in libnativehelper.so 0x0, skipping init
D/dalvikvm( 4386): Note: class Landroid/app/ActivityManagerNative; has 179 unimplemented (abstract) methods
E/memtrack( 4386): Couldn't load memtrack module (No such file or directory)
E/android.os.Debug( 4386): failed to load memtrack module: -2
D/AndroidRuntime( 4386): Calling main entry com.android.commands.pm.Pm
W/ActivityManager( 1568): No content provider found for permission revoke: file:///data/local/tmp/AndroidRipperService.apk
D/dalvikvm( 2962): GC_FOR_ALLOC freed 428K, 17% free 3073K/3688K, paused 1ms, total 1ms
W/ActivityManager( 1568): No content provider found for permission revoke: file:///data/local/tmp/AndroidRipperService.apk
I/PackageManager( 1568): Copying native libraries to /data/app-lib/vmdl-1802497980
I/PackageParser( 1568): it.unina.android.ripper_service: compat added android.permission.WRITE_EXTERNAL_STORAGE android.permission.READ_PHONE_STATE
I/PackageManager( 1568): Running dexopt on: it.unina.android.ripper_service
W/linker  ( 4397): libdvm.so has text relocations. This is wasting memory and is a security risk. Please fix.
D/dalvikvm( 4397): DexOpt: load 6ms, verify+opt 38ms, 1117628 bytes
I/ActivityManager( 1568): Force stopping it.unina.android.ripper_service appid=10067 user=-1: update pkg
W/Launcher.Model( 2217): Nobody to tell about the new app.  Launcher is probably loading.
D/Documents( 3243): Used cached roots for com.android.providers.downloads.documents
D/Documents( 3243): Used cached roots for com.android.externalstorage.documents
D/Documents( 3243): Used cached roots for com.android.providers.media.documents
D/Documents( 3243): Update found 6 roots in 2ms
I/InputReader( 1568): Reconfiguring input devices.  changes=0x00000010
D/BackupManagerService( 1568): Received broadcast Intent { act=android.intent.action.PACKAGE_ADDED dat=package:it.unina.android.ripper_service flg=0x4000010 (has extras) }
V/BackupManagerService( 1568): addPackageParticipantsLocked: #1
I/PackageManager( 1568):   Action: "android.intent.action.SENDTO"
I/PackageManager( 1568):   Category: "android.intent.category.DEFAULT"
I/PackageManager( 1568):   Scheme: "sms"
I/PackageManager( 1568): Adding preferred activity ComponentInfo{com.android.mms/com.android.mms.ui.ComposeMessageActivity} for user 0 :
D/dalvikvm( 1832): GC_FOR_ALLOC freed 473K, 18% free 3601K/4380K, paused 2ms, total 2ms
I/PackageManager( 1568):   Action: "android.intent.action.SENDTO"
I/PackageManager( 1568):   Category: "android.intent.category.DEFAULT"
I/PackageManager( 1568):   Scheme: "smsto"
W/GCM     ( 1776): Unexpected forwarded intent: Intent { act=android.intent.action.PACKAGE_ADDED dat=package:it.unina.android.ripper_service flg=0x4000010 cmp=com.google.android.gms/.chimera.PersistentIntentOperationService (has extras) }
I/PackageManager( 1568): Adding preferred activity ComponentInfo{com.android.mms/com.android.mms.ui.ComposeMessageActivity} for user 0 :
W/GCM     ( 1776): Unexpected forwarded intent: Intent { act=android.intent.action.PACKAGE_ADDED dat=package:it.unina.android.ripper_service flg=0x4000010 cmp=com.google.android.gms/.chimera.PersistentIntentOperationService (has extras) }
I/PackageManager( 1568):   Action: "android.intent.action.SENDTO"
I/PackageManager( 1568):   Category: "android.intent.category.DEFAULT"
I/PackageManager( 1568):   Scheme: "mms"
I/PackageManager( 1568): Adding preferred activity ComponentInfo{com.android.mms/com.android.mms.ui.ComposeMessageActivity} for user 0 :
I/Auth    ( 2085): [SupervisedAccountIntentOperation] onHandleIntent(): android.intent.action.PACKAGE_ADDED
