I/PackageManager( 1568): Adding preferred activity ComponentInfo{com.android.mms/com.android.mms.ui.ComposeMessageActivity} for user 0 :
D/BackupManagerService( 1568): Received broadcast Intent { act=android.intent.action.PACKAGE_ADDED dat=package:com.mikifus.padland flg=0x4000010 (has extras) }
V/BackupManagerService( 1568): addPackageParticipantsLocked: #1
I/PackageManager( 1568): Adding preferred activity ComponentInfo{com.android.mms/com.android.mms.ui.ComposeMessageActivity} for user 0 :
I/PackageManager( 1568): Adding preferred activity ComponentInfo{com.android.mms/com.android.mms.ui.ComposeMessageActivity} for user 0 :
I/PackageManager( 1568): Adding preferred activity ComponentInfo{com.android.mms/com.android.mms.ui.ComposeMessageActivity} for user 0 :
W/ActivityManager( 1568): Unable to start service Intent { act=com.google.android.gms.auth.key.retrieval.service.START pkg=com.google.android.gms } U=0: not found
I/PackageManager( 1568): Adding preferred activity ComponentInfo{com.android.mms/com.android.mms.ui.ComposeMessageActivity} for user 0 :
W/ActivityManager( 1568): Unbind failed: could not find connection for android.os.BinderProxy@9d647040
I/PackageManager( 1568): Adding preferred activity ComponentInfo{com.android.mms/com.android.mms.ui.ComposeMessageActivity} for user 0 :
I/PackageManager( 1568): Adding preferred activity ComponentInfo{com.android.mms/com.android.mms.ui.ComposeMessageActivity} for user 0 :
I/PackageManager( 1568): Adding preferred activity ComponentInfo{com.android.mms/com.android.mms.ui.ComposeMessageActivity} for user 0 :
W/ActivityManager( 1568): No content provider found for permission revoke: file:///sdcard/ripper.apk
W/ActivityManager( 1568): No content provider found for permission revoke: file:///sdcard/ripper.apk
I/PackageManager( 1568): Copying native libraries to /data/app-lib/vmdl367807954
I/PackageParser( 1568): it.unina.android.ripper: compat added android.permission.WRITE_EXTERNAL_STORAGE android.permission.READ_PHONE_STATE
I/ActivityManager( 1568): Force stopping it.unina.android.ripper appid=10061 user=-1: update pkg
I/PackageManager( 1568): Adding preferred activity ComponentInfo{com.android.mms/com.android.mms.ui.ComposeMessageActivity} for user 0 :
D/BackupManagerService( 1568): Received broadcast Intent { act=android.intent.action.PACKAGE_ADDED dat=package:it.unina.android.ripper flg=0x4000010 (has extras) }
V/BackupManagerService( 1568): addPackageParticipantsLocked: #1
I/PackageManager( 1568): Adding preferred activity ComponentInfo{com.android.mms/com.android.mms.ui.ComposeMessageActivity} for user 0 :
W/ActivityManager( 1568): Unable to start service Intent { act=com.google.android.gms.auth.key.retrieval.service.START pkg=com.google.android.gms } U=0: not found
W/ActivityManager( 1568): Unbind failed: could not find connection for android.os.BinderProxy@9d241600
I/PackageManager( 1568): Adding preferred activity ComponentInfo{com.android.mms/com.android.mms.ui.ComposeMessageActivity} for user 0 :
I/PackageManager( 1568): Adding preferred activity ComponentInfo{com.android.mms/com.android.mms.ui.ComposeMessageActivity} for user 0 :
I/PackageManager( 1568): Adding preferred activity ComponentInfo{com.android.mms/com.android.mms.ui.ComposeMessageActivity} for user 0 :
I/PackageManager( 1568): Adding preferred activity ComponentInfo{com.android.mms/com.android.mms.ui.ComposeMessageActivity} for user 0 :
I/PackageManager( 1568): Adding preferred activity ComponentInfo{com.android.mms/com.android.mms.ui.ComposeMessageActivity} for user 0 :
I/PackageManager( 1568): Adding preferred activity ComponentInfo{com.android.mms/com.android.mms.ui.ComposeMessageActivity} for user 0 :
I/ActivityManager( 1568): Force stopping com.mikifus.padland appid=10060 user=0: start instr
I/ActivityManager( 1568): Start proc com.mikifus.padland for added application com.mikifus.padland: pid=3454 uid=10060 gids={50060, 3003}
I/ActivityManager( 1568): START u0 {act=android.intent.action.MAIN flg=0x10000000 cmp=com.mikifus.padland/.SplashActivity} from pid 3454
I/ActivityManager( 1568): START u0 {cmp=com.mikifus.padland/.IntroActivity} from pid 3454
W/ActivityManager( 1568): Unable to start service Intent { act=com.google.android.gms.drive.ApiService.RESET_AFTER_BOOT flg=0x4 cmp=com.google.android.gms/.drive.api.ApiService (has extras) } U=0: not found
I/ActivityManager( 1568): Force stopping com.mikifus.padland appid=10060 user=0: clear data
I/ActivityManager( 1568): Killing 3454:com.mikifus.padland/u0a60 (adj 0): stop com.mikifus.padland
W/ActivityManager( 1568): Crash of app com.mikifus.padland running instrumentation ComponentInfo{it.unina.android.ripper/android.test.InstrumentationTestRunner}
I/ActivityManager( 1568): Force stopping com.mikifus.padland appid=10060 user=0: finished inst
I/ActivityManager( 1568): Force stopping com.mikifus.padland appid=10060 user=-1: uninstall pkg
W/PackageManager( 1568): Couldn't delete native library directory /data/app-lib/com.mikifus.padland
I/ActivityManager( 1568): Force stopping com.mikifus.padland appid=10060 user=0: pkg removed
I/PackageManager( 1568): Adding preferred activity ComponentInfo{com.android.mms/com.android.mms.ui.ComposeMessageActivity} for user 0 :
D/BackupManagerService( 1568): Received broadcast Intent { act=android.intent.action.PACKAGE_REMOVED dat=package:com.mikifus.padland flg=0x4000010 (has extras) }
V/BackupManagerService( 1568): removePackageParticipantsLocked: uid=10060 #1
I/PackageManager( 1568): Adding preferred activity ComponentInfo{com.android.mms/com.android.mms.ui.ComposeMessageActivity} for user 0 :
I/PackageManager( 1568): Adding preferred activity ComponentInfo{com.android.mms/com.android.mms.ui.ComposeMessageActivity} for user 0 :
I/PackageManager( 1568): Adding preferred activity ComponentInfo{com.android.mms/com.android.mms.ui.ComposeMessageActivity} for user 0 :
I/PackageManager( 1568): Adding preferred activity ComponentInfo{com.android.mms/com.android.mms.ui.ComposeMessageActivity} for user 0 :
I/PackageManager( 1568): Adding preferred activity ComponentInfo{com.android.mms/com.android.mms.ui.ComposeMessageActivity} for user 0 :
W/ContextImpl( 3300): Calling a method in the system process without a qualified user: android.app.ContextImpl.startService:1479 android.content.ContextWrapper.startService:494 android.content.ContextWrapper.startService:494 com.android.keychain.KeyChainBroadcastReceiver.onReceive:12 android.app.ActivityThread.handleReceiver:2419 
I/PackageManager( 1568): Adding preferred activity ComponentInfo{com.android.mms/com.android.mms.ui.ComposeMessageActivity} for user 0 :
I/PackageManager( 1568): Adding preferred activity ComponentInfo{com.android.mms/com.android.mms.ui.ComposeMessageActivity} for user 0 :
I/ActivityManager( 1568): Force stopping it.unina.android.ripper appid=10061 user=0: clear data
I/ActivityManager( 1568): Force stopping it.unina.android.ripper appid=10061 user=-1: uninstall pkg
W/PackageManager( 1568): Couldn't delete native library directory /data/app-lib/it.unina.android.ripper
I/ActivityManager( 1568): Force stopping it.unina.android.ripper appid=10061 user=0: pkg removed
I/PackageManager( 1568): Adding preferred activity ComponentInfo{com.android.mms/com.android.mms.ui.ComposeMessageActivity} for user 0 :
I/PackageManager( 1568): Adding preferred activity ComponentInfo{com.android.mms/com.android.mms.ui.ComposeMessageActivity} for user 0 :
I/PackageManager( 1568): Adding preferred activity ComponentInfo{com.android.mms/com.android.mms.ui.ComposeMessageActivity} for user 0 :
I/PackageManager( 1568): Adding preferred activity ComponentInfo{com.android.mms/com.android.mms.ui.ComposeMessageActivity} for user 0 :
D/BackupManagerService( 1568): Received broadcast Intent { act=android.intent.action.PACKAGE_REMOVED dat=package:it.unina.android.ripper flg=0x4000010 (has extras) }
I/PackageManager( 1568): Adding preferred activity ComponentInfo{com.android.mms/com.android.mms.ui.ComposeMessageActivity} for user 0 :
V/BackupManagerService( 1568): removePackageParticipantsLocked: uid=10061 #1
I/PackageManager( 1568): Adding preferred activity ComponentInfo{com.android.mms/com.android.mms.ui.ComposeMessageActivity} for user 0 :
I/PackageManager( 1568): Adding preferred activity ComponentInfo{com.android.mms/com.android.mms.ui.ComposeMessageActivity} for user 0 :
I/PackageManager( 1568): Adding preferred activity ComponentInfo{com.android.mms/com.android.mms.ui.ComposeMessageActivity} for user 0 :
W/ContextImpl( 3300): Calling a method in the system process without a qualified user: android.app.ContextImpl.startService:1479 android.content.ContextWrapper.startService:494 android.content.ContextWrapper.startService:494 com.android.keychain.KeyChainBroadcastReceiver.onReceive:12 android.app.ActivityThread.handleReceiver:2419 
W/ActivityManager( 1568): No content provider found for permission revoke: file:///sdcard/aut.apk
W/ActivityManager( 1568): No content provider found for permission revoke: file:///sdcard/aut.apk
I/PackageManager( 1568): Copying native libraries to /data/app-lib/vmdl2086909169
I/ActivityManager( 1568): Force stopping com.mikifus.padland appid=10062 user=-1: update pkg
I/PackageManager( 1568): Adding preferred activity ComponentInfo{com.android.mms/com.android.mms.ui.ComposeMessageActivity} for user 0 :
D/BackupManagerService( 1568): Received broadcast Intent { act=android.intent.action.PACKAGE_ADDED dat=package:com.mikifus.padland flg=0x4000010 (has extras) }
V/BackupManagerService( 1568): addPackageParticipantsLocked: #1
I/PackageManager( 1568): Adding preferred activity ComponentInfo{com.android.mms/com.android.mms.ui.ComposeMessageActivity} for user 0 :
I/PackageManager( 1568): Adding preferred activity ComponentInfo{com.android.mms/com.android.mms.ui.ComposeMessageActivity} for user 0 :
I/PackageManager( 1568): Adding preferred activity ComponentInfo{com.android.mms/com.android.mms.ui.ComposeMessageActivity} for user 0 :
W/ActivityManager( 1568): Unable to start service Intent { act=com.google.android.gms.auth.key.retrieval.service.START pkg=com.google.android.gms } U=0: not found
W/ActivityManager( 1568): Unbind failed: could not find connection for android.os.BinderProxy@9d81e9f8
I/PackageManager( 1568): Adding preferred activity ComponentInfo{com.android.mms/com.android.mms.ui.ComposeMessageActivity} for user 0 :
I/PackageManager( 1568): Adding preferred activity ComponentInfo{com.android.mms/com.android.mms.ui.ComposeMessageActivity} for user 0 :
I/PackageManager( 1568): Adding preferred activity ComponentInfo{com.android.mms/com.android.mms.ui.ComposeMessageActivity} for user 0 :
I/PackageManager( 1568): Adding preferred activity ComponentInfo{com.android.mms/com.android.mms.ui.ComposeMessageActivity} for user 0 :
W/ActivityManager( 1568): No content provider found for permission revoke: file:///sdcard/ripper.apk
W/ActivityManager( 1568): No content provider found for permission revoke: file:///sdcard/ripper.apk
I/PackageManager( 1568): Copying native libraries to /data/app-lib/vmdl1996062516
I/PackageParser( 1568): it.unina.android.ripper: compat added android.permission.WRITE_EXTERNAL_STORAGE android.permission.READ_PHONE_STATE
I/ActivityManager( 1568): Force stopping it.unina.android.ripper appid=10063 user=-1: update pkg
I/PackageManager( 1568): Adding preferred activity ComponentInfo{com.android.mms/com.android.mms.ui.ComposeMessageActivity} for user 0 :
D/BackupManagerService( 1568): Received broadcast Intent { act=android.intent.action.PACKAGE_ADDED dat=package:it.unina.android.ripper flg=0x4000010 (has extras) }
V/BackupManagerService( 1568): addPackageParticipantsLocked: #1
I/PackageManager( 1568): Adding preferred activity ComponentInfo{com.android.mms/com.android.mms.ui.ComposeMessageActivity} for user 0 :
I/PackageManager( 1568): Adding preferred activity ComponentInfo{com.android.mms/com.android.mms.ui.ComposeMessageActivity} for user 0 :
I/PackageManager( 1568): Adding preferred activity ComponentInfo{com.android.mms/com.android.mms.ui.ComposeMessageActivity} for user 0 :
I/PackageManager( 1568): Adding preferred activity ComponentInfo{com.android.mms/com.android.mms.ui.ComposeMessageActivity} for user 0 :
I/PackageManager( 1568): Adding preferred activity ComponentInfo{com.android.mms/com.android.mms.ui.ComposeMessageActivity} for user 0 :
I/PackageManager( 1568): Adding preferred activity ComponentInfo{com.android.mms/com.android.mms.ui.ComposeMessageActivity} for user 0 :
I/PackageManager( 1568): Adding preferred activity ComponentInfo{com.android.mms/com.android.mms.ui.ComposeMessageActivity} for user 0 :
I/ActivityManager( 1568): Force stopping com.mikifus.padland appid=10062 user=0: start instr
I/ActivityManager( 1568): Start proc com.mikifus.padland for added application com.mikifus.padland: pid=3683 uid=10062 gids={50062, 3003}
I/ActivityManager( 1568): START u0 {act=android.intent.action.MAIN flg=0x10000000 cmp=com.mikifus.padland/.SplashActivity} from pid 3683
--------- beginning of /dev/log/main
W/dalvikvm( 3683): VFY: unable to resolve virtual method 2353: Landroid/view/View;.getSystemGestureExclusionRects ()Ljava/util/List;
D/dalvikvm( 3683): VFY: replacing opcode 0x6e at 0x0006
I/dalvikvm( 3683): Could not find method android.view.View.getTransitionName, referenced from method androidx.core.view.ViewCompat.getTransitionName
W/dalvikvm( 3683): VFY: unable to resolve virtual method 2358: Landroid/view/View;.getTransitionName ()Ljava/lang/String;
D/dalvikvm( 3683): VFY: replacing opcode 0x6e at 0x0006
I/dalvikvm( 3683): Could not find method android.view.View.getTranslationZ, referenced from method androidx.core.view.ViewCompat.getTranslationZ
W/dalvikvm( 3683): VFY: unable to resolve virtual method 2361: Landroid/view/View;.getTranslationZ ()F
D/dalvikvm( 3683): VFY: replacing opcode 0x6e at 0x0006
I/dalvikvm( 3683): Could not find method android.view.View.getZ, referenced from method androidx.core.view.ViewCompat.getZ
W/dalvikvm( 3683): VFY: unable to resolve virtual method 2372: Landroid/view/View;.getZ ()F
D/dalvikvm( 3683): VFY: replacing opcode 0x6e at 0x0006
I/dalvikvm( 3683): Could not find method android.view.View.hasExplicitFocusable, referenced from method androidx.core.view.ViewCompat.hasExplicitFocusable
W/dalvikvm( 3683): VFY: unable to resolve virtual method 2373: Landroid/view/View;.hasExplicitFocusable ()Z
D/dalvikvm( 3683): VFY: replacing opcode 0x6e at 0x0006
I/dalvikvm( 3683): Could not find method android.view.View.hasNestedScrollingParent, referenced from method androidx.core.view.ViewCompat.hasNestedScrollingParent
W/dalvikvm( 3683): VFY: unable to resolve virtual method 2376: Landroid/view/View;.hasNestedScrollingParent ()Z
D/dalvikvm( 3683): VFY: replacing opcode 0x6e at 0x0006
I/dalvikvm( 3683): Could not find method android.view.View.isFocusedByDefault, referenced from method androidx.core.view.ViewCompat.isFocusedByDefault
W/dalvikvm( 3683): VFY: unable to resolve virtual method 2388: Landroid/view/View;.isFocusedByDefault ()Z
D/dalvikvm( 3683): VFY: replacing opcode 0x6e at 0x0006
I/dalvikvm( 3683): Could not find method android.view.View.isImportantForAutofill, referenced from method androidx.core.view.ViewCompat.isImportantForAutofill
W/dalvikvm( 3683): VFY: unable to resolve virtual method 2390: Landroid/view/View;.isImportantForAutofill ()Z
D/dalvikvm( 3683): VFY: replacing opcode 0x6e at 0x0006
I/dalvikvm( 3683): Could not find method android.view.View.isKeyboardNavigationCluster, referenced from method androidx.core.view.ViewCompat.isKeyboardNavigationCluster
W/dalvikvm( 3683): VFY: unable to resolve virtual method 2393: Landroid/view/View;.isKeyboardNavigationCluster ()Z
D/dalvikvm( 3683): VFY: replacing opcode 0x6e at 0x0006
I/dalvikvm( 3683): Could not find method android.view.View.isNestedScrollingEnabled, referenced from method androidx.core.view.ViewCompat.isNestedScrollingEnabled
W/dalvikvm( 3683): VFY: unable to resolve virtual method 2398: Landroid/view/View;.isNestedScrollingEnabled ()Z
D/dalvikvm( 3683): VFY: replacing opcode 0x6e at 0x0006
I/dalvikvm( 3683): Could not find method android.view.View.keyboardNavigationClusterSearch, referenced from method androidx.core.view.ViewCompat.keyboardNavigationClusterSearch
W/dalvikvm( 3683): VFY: unable to resolve virtual method 2405: Landroid/view/View;.keyboardNavigationClusterSearch (Landroid/view/View;I)Landroid/view/View;
D/dalvikvm( 3683): VFY: replacing opcode 0x6e at 0x0006
W/dalvikvm( 3683): VFY: unable to find class referenced in signature (Landroid/view/WindowInsets;)
I/dalvikvm( 3683): Could not find method android.view.View.onApplyWindowInsets, referenced from method androidx.core.view.ViewCompat.onApplyWindowInsets
W/dalvikvm( 3683): VFY: unable to resolve virtual method 2410: Landroid/view/View;.onApplyWindowInsets (Landroid/view/WindowInsets;)Landroid/view/WindowInsets;
D/dalvikvm( 3683): VFY: replacing opcode 0x6e at 0x000a
E/dalvikvm( 3683): Could not find class 'android.view.View$OnUnhandledKeyEventListener', referenced from method androidx.core.view.ViewCompat.removeOnUnhandledKeyEventListener
W/dalvikvm( 3683): VFY: unable to resolve check-cast 458 (Landroid/view/View$OnUnhandledKeyEventListener;) in Landroidx/core/view/ViewCompat;
D/dalvikvm( 3683): VFY: replacing opcode 0x1f at 0x0015
I/dalvikvm( 3683): Could not find method android.view.View.requestApplyInsets, referenced from method androidx.core.view.ViewCompat.requestApplyInsets
W/dalvikvm( 3683): VFY: unable to resolve virtual method 2444: Landroid/view/View;.requestApplyInsets ()V
D/dalvikvm( 3683): VFY: replacing opcode 0x6e at 0x0006
I/dalvikvm( 3683): Could not find method android.view.View.requireViewById, referenced from method androidx.core.view.ViewCompat.requireViewById
W/dalvikvm( 3683): VFY: unable to resolve virtual method 2450: Landroid/view/View;.requireViewById (I)Landroid/view/View;
D/dalvikvm( 3683): VFY: replacing opcode 0x6e at 0x0006
I/dalvikvm( 3683): Could not find method android.view.View.restoreDefaultFocus, referenced from method androidx.core.view.ViewCompat.restoreDefaultFocus
W/dalvikvm( 3683): VFY: unable to resolve virtual method 2452: Landroid/view/View;.restoreDefaultFocus ()Z
D/dalvikvm( 3683): VFY: replacing opcode 0x6e at 0x0006
I/dalvikvm( 3683): Could not find method android.view.View.setAutofillHints, referenced from method androidx.core.view.ViewCompat.setAutofillHints
W/dalvikvm( 3683): VFY: unable to resolve virtual method 2464: Landroid/view/View;.setAutofillHints ([Ljava/lang/String;)V
D/dalvikvm( 3683): VFY: replacing opcode 0x6e at 0x0006
I/dalvikvm( 3683): Could not find method android.view.View.setBackgroundTintList, referenced from method androidx.core.view.ViewCompat.setBackgroundTintList
W/dalvikvm( 3683): VFY: unable to resolve virtual method 2468: Landroid/view/View;.setBackgroundTintList (Landroid/content/res/ColorStateList;)V
D/dalvikvm( 3683): VFY: replacing opcode 0x6e at 0x0006
I/dalvikvm( 3683): Could not find method android.view.View.setBackgroundTintMode, referenced from method androidx.core.view.ViewCompat.setBackgroundTintMode
W/dalvikvm( 3683): VFY: unable to resolve virtual method 2469: Landroid/view/View;.setBackgroundTintMode (Landroid/graphics/PorterDuff$Mode;)V
D/dalvikvm( 3683): VFY: replacing opcode 0x6e at 0x0006
I/dalvikvm( 3683): Could not find method android.view.View.setElevation, referenced from method androidx.core.view.ViewCompat.setElevation
W/dalvikvm( 3683): VFY: unable to resolve virtual method 2473: Landroid/view/View;.setElevation (F)V
D/dalvikvm( 3683): VFY: replacing opcode 0x6e at 0x0006
I/dalvikvm( 3683): Could not find method android.view.View.setFocusedByDefault, referenced from method androidx.core.view.ViewCompat.setFocusedByDefault
W/dalvikvm( 3683): VFY: unable to resolve virtual method 2477: Landroid/view/View;.setFocusedByDefault (Z)V
D/dalvikvm( 3683): VFY: replacing opcode 0x6e at 0x0006
I/dalvikvm( 3683): Could not find method android.view.View.setImportantForAutofill, referenced from method androidx.core.view.ViewCompat.setImportantForAutofill
W/dalvikvm( 3683): VFY: unable to resolve virtual method 2481: Landroid/view/View;.setImportantForAutofill (I)V
D/dalvikvm( 3683): VFY: replacing opcode 0x6e at 0x0006
I/dalvikvm( 3683): Could not find method android.view.View.setKeyboardNavigationCluster, referenced from method androidx.core.view.ViewCompat.setKeyboardNavigationCluster
W/dalvikvm( 3683): VFY: unable to resolve virtual method 2482: Landroid/view/View;.setKeyboardNavigationCluster (Z)V
D/dalvikvm( 3683): VFY: replacing opcode 0x6e at 0x0006
I/dalvikvm( 3683): Could not find method android.view.View.setNestedScrollingEnabled, referenced from method androidx.core.view.ViewCompat.setNestedScrollingEnabled
W/dalvikvm( 3683): VFY: unable to resolve virtual method 2493: Landroid/view/View;.setNestedScrollingEnabled (Z)V
D/dalvikvm( 3683): VFY: replacing opcode 0x6e at 0x0006
I/dalvikvm( 3683): Could not find method android.view.View.setNextClusterForwardId, referenced from method androidx.core.view.ViewCompat.setNextClusterForwardId
W/dalvikvm( 3683): VFY: unable to resolve virtual method 2494: Landroid/view/View;.setNextClusterForwardId (I)V
D/dalvikvm( 3683): VFY: replacing opcode 0x6e at 0x0006
I/dalvikvm( 3683): Could not find method android.view.View.setOnApplyWindowInsetsListener, referenced from method androidx.core.view.ViewCompat.setOnApplyWindowInsetsListener
W/dalvikvm( 3683): VFY: unable to resolve virtual method 2495: Landroid/view/View;.setOnApplyWindowInsetsListener (Landroid/view/View$OnApplyWindowInsetsListener;)V
D/dalvikvm( 3683): VFY: replacing opcode 0x6e at 0x0009
I/dalvikvm( 3683): Failed resolving Landroidx/core/view/ViewCompat$a; interface 448 'Landroid/view/View$OnApplyWindowInsetsListener;'
W/dalvikvm( 3683): Link of class 'Landroidx/core/view/ViewCompat$a;' failed
E/dalvikvm( 3683): Could not find class 'androidx.core.view.ViewCompat$a', referenced from method androidx.core.view.ViewCompat.setOnApplyWindowInsetsListener
W/dalvikvm( 3683): VFY: unable to resolve new-instance 1501 (Landroidx/core/view/ViewCompat$a;) in Landroidx/core/view/ViewCompat;
D/dalvikvm( 3683): VFY: replacing opcode 0x22 at 0x000d
I/dalvikvm( 3683): Could not find method android.view.View.setPointerIcon, referenced from method androidx.core.view.ViewCompat.setPointerIcon
W/dalvikvm( 3683): VFY: unable to resolve virtual method 2507: Landroid/view/View;.setPointerIcon (Landroid/view/PointerIcon;)V
D/dalvikvm( 3683): VFY: replacing opcode 0x6e at 0x0010
I/dalvikvm( 3683): Could not find method android.view.View.setScrollIndicators, referenced from method androidx.core.view.ViewCompat.setScrollIndicators
W/dalvikvm( 3683): VFY: unable to resolve virtual method 2516: Landroid/view/View;.setScrollIndicators (I)V
D/dalvikvm( 3683): VFY: replacing opcode 0x6e at 0x0006
I/dalvikvm( 3683): Could not find method android.view.View.setScrollIndicators, referenced from method androidx.core.view.ViewCompat.setScrollIndicators
W/dalvikvm( 3683): VFY: unable to resolve virtual method 2517: Landroid/view/View;.setScrollIndicators (II)V
D/dalvikvm( 3683): VFY: replacing opcode 0x6e at 0x0006
I/dalvikvm( 3683): Could not find method android.view.View.setSystemGestureExclusionRects, referenced from method androidx.core.view.ViewCompat.setSystemGestureExclusionRects
W/dalvikvm( 3683): VFY: unable to resolve virtual method 2522: Landroid/view/View;.setSystemGestureExclusionRects (Ljava/util/List;)V
D/dalvikvm( 3683): VFY: replacing opcode 0x6e at 0x0006
I/dalvikvm( 3683): Could not find method android.view.View.setTooltipText, referenced from method androidx.core.view.ViewCompat.setTooltipText
W/dalvikvm( 3683): VFY: unable to resolve virtual method 2526: Landroid/view/View;.setTooltipText (Ljava/lang/CharSequence;)V
D/dalvikvm( 3683): VFY: replacing opcode 0x6e at 0x0006
I/dalvikvm( 3683): Could not find method android.view.View.setTransitionName, referenced from method androidx.core.view.ViewCompat.setTransitionName
W/dalvikvm( 3683): VFY: unable to resolve virtual method 2528: Landroid/view/View;.setTransitionName (Ljava/lang/String;)V
D/dalvikvm( 3683): VFY: replacing opcode 0x6e at 0x0006
I/dalvikvm( 3683): Could not find method android.view.View.setTranslationZ, referenced from method androidx.core.view.ViewCompat.setTranslationZ
W/dalvikvm( 3683): VFY: unable to resolve virtual method 2532: Landroid/view/View;.setTranslationZ (F)V
D/dalvikvm( 3683): VFY: replacing opcode 0x6e at 0x0006
I/dalvikvm( 3683): Could not find method android.view.View.setZ, referenced from method androidx.core.view.ViewCompat.setZ
W/dalvikvm( 3683): VFY: unable to resolve virtual method 2537: Landroid/view/View;.setZ (F)V
D/dalvikvm( 3683): VFY: replacing opcode 0x6e at 0x0006
I/dalvikvm( 3683): Could not find method android.view.View.startDragAndDrop, referenced from method androidx.core.view.ViewCompat.startDragAndDrop
W/dalvikvm( 3683): VFY: unable to resolve virtual method 2540: Landroid/view/View;.startDragAndDrop (Landroid/content/ClipData;Landroid/view/View$DragShadowBuilder;Ljava/lang/Object;I)Z
D/dalvikvm( 3683): VFY: replacing opcode 0x6e at 0x0006
I/dalvikvm( 3683): Could not find method android.view.View.startNestedScroll, referenced from method androidx.core.view.ViewCompat.startNestedScroll
W/dalvikvm( 3683): VFY: unable to resolve virtual method 2541: Landroid/view/View;.startNestedScroll (I)Z
D/dalvikvm( 3683): VFY: replacing opcode 0x6e at 0x0006
I/dalvikvm( 3683): Could not find method android.view.View.stopNestedScroll, referenced from method androidx.core.view.ViewCompat.stopNestedScroll
W/dalvikvm( 3683): VFY: unable to resolve virtual method 2542: Landroid/view/View;.stopNestedScroll ()V
D/dalvikvm( 3683): VFY: replacing opcode 0x6e at 0x0006
I/dalvikvm( 3683): Could not find method android.view.View.updateDragShadow, referenced from method androidx.core.view.ViewCompat.updateDragShadow
W/dalvikvm( 3683): VFY: unable to resolve virtual method 2545: Landroid/view/View;.updateDragShadow (Landroid/view/View$DragShadowBuilder;)V
D/dalvikvm( 3683): VFY: replacing opcode 0x6e at 0x0006
I/dalvikvm( 3683): Failed resolving Landroidx/core/view/ViewCompat$b; interface 458 'Landroid/view/View$OnUnhandledKeyEventListener;'
W/dalvikvm( 3683): Link of class 'Landroidx/core/view/ViewCompat$b;' failed
D/dalvikvm( 3683): DexOpt: unable to opt direct call 0x2d17 at 0x1a in Landroidx/core/view/ViewCompat;.addOnUnhandledKeyEventListener
D/dalvikvm( 3683): DexOpt: unable to opt direct call 0x0b52 at 0x16 in Landroidx/core/view/ViewCompat;.dispatchApplyWindowInsets
D/dalvikvm( 3683): DexOpt: unable to opt direct call 0x0b52 at 0x16 in Landroidx/core/view/ViewCompat;.onApplyWindowInsets
I/dalvikvm( 3683): Failed resolving Landroidx/core/view/ViewCompat$a; interface 448 'Landroid/view/View$OnApplyWindowInsetsListener;'
W/dalvikvm( 3683): Link of class 'Landroidx/core/view/ViewCompat$a;' failed
D/dalvikvm( 3683): DexOpt: unable to opt direct call 0x2d15 at 0x0f in Landroidx/core/view/ViewCompat;.setOnApplyWindowInsetsListener
I/dalvikvm( 3683): Could not find method android.content.res.Resources.getDrawable, referenced from method androidx.appcompat.widget.m.getDrawable
W/dalvikvm( 3683): VFY: unable to resolve virtual method 822: Landroid/content/res/Resources;.getDrawable (ILandroid/content/res/Resources$Theme;)Landroid/graphics/drawable/Drawable;
D/dalvikvm( 3683): VFY: replacing opcode 0x6e at 0x0002
I/dalvikvm( 3683): Could not find method android.content.res.Resources.getDrawableForDensity, referenced from method androidx.appcompat.widget.m.getDrawableForDensity
W/dalvikvm( 3683): VFY: unable to resolve virtual method 824: Landroid/content/res/Resources;.getDrawableForDensity (IILandroid/content/res/Resources$Theme;)Landroid/graphics/drawable/Drawable;
D/dalvikvm( 3683): VFY: replacing opcode 0x6e at 0x0002
D/dalvikvm( 3683): GC_FOR_ALLOC freed 137K, 11% free 3194K/3584K, paused 1ms, total 1ms
I/dalvikvm-heap( 3683): Grow heap (frag case) to 10.189MB for 7225356-byte allocation
D/dalvikvm( 3683): GC_FOR_ALLOC freed <1K, 4% free 10249K/10644K, paused 4ms, total 4ms
D/dalvikvm( 3683): GC_CONCURRENT freed <1K, 4% free 10249K/10644K, paused 0ms+0ms, total 2ms
E/dalvikvm( 3683): Could not find class 'android.graphics.drawable.RippleDrawable', referenced from method androidx.appcompat.widget.AppCompatImageHelper.e
W/dalvikvm( 3683): VFY: unable to resolve instanceof 224 (Landroid/graphics/drawable/RippleDrawable;) in Landroidx/appcompat/widget/AppCompatImageHelper;
D/dalvikvm( 3683): VFY: replacing opcode 0x20 at 0x000c
I/dalvikvm( 3683): Could not find method android.widget.TextView.getAutoSizeMaxTextSize, referenced from method androidx.appcompat.widget.AppCompatTextView.getAutoSizeMaxTextSize
W/dalvikvm( 3683): VFY: unable to resolve virtual method 4453: Landroid/widget/TextView;.getAutoSizeMaxTextSize ()I
D/dalvikvm( 3683): VFY: replacing opcode 0x6f at 0x0004
I/dalvikvm( 3683): Could not find method android.widget.TextView.getAutoSizeMinTextSize, referenced from method androidx.appcompat.widget.AppCompatTextView.getAutoSizeMinTextSize
W/dalvikvm( 3683): VFY: unable to resolve virtual method 4454: Landroid/widget/TextView;.getAutoSizeMinTextSize ()I
D/dalvikvm( 3683): VFY: replacing opcode 0x6f at 0x0004
I/dalvikvm( 3683): Could not find method android.widget.TextView.getAutoSizeStepGranularity, referenced from method androidx.appcompat.widget.AppCompatTextView.getAutoSizeStepGranularity
W/dalvikvm( 3683): VFY: unable to resolve virtual method 4455: Landroid/widget/TextView;.getAutoSizeStepGranularity ()I
D/dalvikvm( 3683): VFY: replacing opcode 0x6f at 0x0004
I/dalvikvm( 3683): Could not find method android.widget.TextView.getAutoSizeTextAvailableSizes, referenced from method androidx.appcompat.widget.AppCompatTextView.getAutoSizeTextAvailableSizes
W/dalvikvm( 3683): VFY: unable to resolve virtual method 4456: Landroid/widget/TextView;.getAutoSizeTextAvailableSizes ()[I
D/dalvikvm( 3683): VFY: replacing opcode 0x6f at 0x0004
I/dalvikvm( 3683): Could not find method android.widget.TextView.getAutoSizeTextType, referenced from method androidx.appcompat.widget.AppCompatTextView.getAutoSizeTextType
W/dalvikvm( 3683): VFY: unable to resolve virtual method 4457: Landroid/widget/TextView;.getAutoSizeTextType ()I
D/dalvikvm( 3683): VFY: replacing opcode 0x6f at 0x0005
I/dalvikvm( 3683): Could not find method android.widget.TextView.getTextClassifier, referenced from method androidx.appcompat.widget.AppCompatTextView.getTextClassifier
W/dalvikvm( 3683): VFY: unable to resolve virtual method 4496: Landroid/widget/TextView;.getTextClassifier ()Landroid/view/textclassifier/TextClassifier;
D/dalvikvm( 3683): VFY: replacing opcode 0x6f at 0x0010
W/dalvikvm( 3683): VFY: unable to find class referenced in signature (Landroid/view/textclassifier/TextClassifier;)
W/dalvikvm( 3683): VFY: unable to find class referenced in signature (Landroid/view/textclassifier/TextClassifier;)
I/dalvikvm( 3683): Could not find method android.widget.TextView.setAutoSizeTextTypeUniformWithConfiguration, referenced from method androidx.appcompat.widget.AppCompatTextView.setAutoSizeTextTypeUniformWithConfiguration
W/dalvikvm( 3683): VFY: unable to resolve virtual method 4527: Landroid/widget/TextView;.setAutoSizeTextTypeUniformWithConfiguration (IIII)V
D/dalvikvm( 3683): VFY: replacing opcode 0x6f at 0x0004
I/dalvikvm( 3683): Could not find method android.widget.TextView.setAutoSizeTextTypeUniformWithPresetSizes, referenced from method androidx.appcompat.widget.AppCompatTextView.setAutoSizeTextTypeUniformWithPresetSizes
W/dalvikvm( 3683): VFY: unable to resolve virtual method 4528: Landroid/widget/TextView;.setAutoSizeTextTypeUniformWithPresetSizes ([II)V
D/dalvikvm( 3683): VFY: replacing opcode 0x6f at 0x0004
I/dalvikvm( 3683): Could not find method android.widget.TextView.setAutoSizeTextTypeWithDefaults, referenced from method androidx.appcompat.widget.AppCompatTextView.setAutoSizeTextTypeWithDefaults
W/dalvikvm( 3683): VFY: unable to resolve virtual method 4529: Landroid/widget/TextView;.setAutoSizeTextTypeWithDefaults (I)V
D/dalvikvm( 3683): VFY: replacing opcode 0x6f at 0x0004
I/dalvikvm( 3683): Could not find method android.widget.TextView.setFirstBaselineToTopHeight, referenced from method androidx.appcompat.widget.AppCompatTextView.setFirstBaselineToTopHeight
W/dalvikvm( 3683): VFY: unable to resolve virtual method 4546: Landroid/widget/TextView;.setFirstBaselineToTopHeight (I)V
D/dalvikvm( 3683): VFY: replacing opcode 0x6f at 0x0006
I/dalvikvm( 3683): Could not find method android.widget.TextView.setLastBaselineToBottomHeight, referenced from method androidx.appcompat.widget.AppCompatTextView.setLastBaselineToBottomHeight
W/dalvikvm( 3683): VFY: unable to resolve virtual method 4553: Landroid/widget/TextView;.setLastBaselineToBottomHeight (I)V
D/dalvikvm( 3683): VFY: replacing opcode 0x6f at 0x0006
W/dalvikvm( 3683): VFY: unable to find class referenced in signature (Landroid/view/textclassifier/TextClassifier;)
I/dalvikvm( 3683): Could not find method android.widget.TextView.setTextClassifier, referenced from method androidx.appcompat.widget.AppCompatTextView.setTextClassifier
W/dalvikvm( 3683): VFY: unable to resolve virtual method 4576: Landroid/widget/TextView;.setTextClassifier (Landroid/view/textclassifier/TextClassifier;)V
D/dalvikvm( 3683): VFY: replacing opcode 0x6f at 0x000f
W/dalvikvm( 3683): VFY: unable to find class referenced in signature (Landroid/view/textclassifier/TextClassifier;)
I/dalvikvm( 3683): Could not find method android.graphics.Typeface.create, referenced from method androidx.appcompat.widget.j.C
W/dalvikvm( 3683): VFY: unable to resolve static method 1207: Landroid/graphics/Typeface;.create (Landroid/graphics/Typeface;IZ)Landroid/graphics/Typeface;
D/dalvikvm( 3683): VFY: replacing opcode 0x71 at 0x0091
I/dalvikvm( 3683): Could not find method android.graphics.Typeface.create, referenced from method androidx.appcompat.widget.j.C
W/dalvikvm( 3683): VFY: unable to resolve static method 1207: Landroid/graphics/Typeface;.create (Landroid/graphics/Typeface;IZ)Landroid/graphics/Typeface;
D/dalvikvm( 3683): VFY: replacing opcode 0x71 at 0x00c1
I/dalvikvm( 3683): Could not find method android.widget.TextView.setFontVariationSettings, referenced from method androidx.appcompat.widget.j.m
W/dalvikvm( 3683): VFY: unable to resolve virtual method 4548: Landroid/widget/TextView;.setFontVariationSettings (Ljava/lang/String;)Z
D/dalvikvm( 3683): VFY: replacing opcode 0x6e at 0x01d4
I/dalvikvm( 3683): Could not find method android.os.LocaleList.forLanguageTags, referenced from method androidx.appcompat.widget.j.m
W/dalvikvm( 3683): VFY: unable to resolve static method 1557: Landroid/os/LocaleList;.forLanguageTags (Ljava/lang/String;)Landroid/os/LocaleList;
D/dalvikvm( 3683): VFY: replacing opcode 0x71 at 0x01df
I/dalvikvm( 3683): Could not find method java.util.Locale.forLanguageTag, referenced from method androidx.appcompat.widget.j.m
W/dalvikvm( 3683): VFY: unable to resolve static method 25351: Ljava/util/Locale;.forLanguageTag (Ljava/lang/String;)Ljava/util/Locale;
D/dalvikvm( 3683): VFY: replacing opcode 0x71 at 0x01f8
I/dalvikvm( 3683): Could not find method android.widget.TextView.getAutoSizeStepGranularity, referenced from method androidx.appcompat.widget.j.m
W/dalvikvm( 3683): VFY: unable to resolve virtual method 4455: Landroid/widget/TextView;.getAutoSizeStepGranularity ()I
D/dalvikvm( 3683): VFY: replacing opcode 0x6e at 0x021d
I/dalvikvm( 3683): Could not find method android.widget.TextView.setFontVariationSettings, referenced from method androidx.appcompat.widget.j.p
W/dalvikvm( 3683): VFY: unable to resolve virtual method 4548: Landroid/widget/TextView;.setFontVariationSettings (Ljava/lang/String;)Z
D/dalvikvm( 3683): VFY: replacing opcode 0x6e at 0x005b
I/dalvikvm( 3683): Could not find method android.text.StaticLayout$Builder.obtain, referenced from method androidx.appcompat.widget.k.f
W/dalvikvm( 3683): VFY: unable to resolve static method 1796: Landroid/text/StaticLayout$Builder;.obtain (Ljava/lang/CharSequence;IILandroid/text/TextPaint;I)Landroid/text/StaticLayout$Builder;
D/dalvikvm( 3683): VFY: replacing opcode 0x71 at 0x0007
I/dalvikvm( 3683): Could not find method android.widget.TextView.isHorizontallyScrollable, referenced from method androidx.appcompat.widget.k.b
W/dalvikvm( 3683): VFY: unable to resolve virtual method 4511: Landroid/widget/TextView;.isHorizontallyScrollable ()Z
D/dalvikvm( 3683): VFY: replacing opcode 0x6e at 0x0025
I/dalvikvm( 3683): Could not find method android.content.Context.getColorStateList, referenced from method androidx.appcompat.content.res.AppCompatResources.getColorStateList
W/dalvikvm( 3683): VFY: unable to resolve virtual method 602: Landroid/content/Context;.getColorStateList (I)Landroid/content/res/ColorStateList;
D/dalvikvm( 3683): VFY: replacing opcode 0x6e at 0x0006
E/dalvikvm( 3683): Could not find class 'android.view.textclassifier.TextClassificationManager', referenced from method androidx.appcompat.widget.i.a
W/dalvikvm( 3683): VFY: unable to resolve const-class 523 (Landroid/view/textclassifier/TextClassificationManager;) in Landroidx/appcompat/widget/i;
D/dalvikvm( 3683): VFY: replacing opcode 0x1c at 0x000a
W/dalvikvm( 3683): VFY: unable to find class referenced in signature (Landroid/view/textclassifier/TextClassifier;)
W/dalvikvm( 3683): VFY: unable to find class referenced in signature (Landroid/view/textclassifier/TextClassifier;)
D/        ( 3683): HostConnection::get() New Host Connection established 0xb90180d0, tid 3683
D/EGL_emulation( 3683): eglCreateContext: 0xb9158670: maj 3 min 0 rcv 3
D/EGL_emulation( 3683): eglMakeCurrent: 0xb9158670: ver 3 0
E/eglCodecCommon( 3683): glUtilsParamSize: unknow param 0x00008cdf
E/eglCodecCommon( 3683): glUtilsParamSize: unknow param 0x00008824
E/EGL_emulation( 3683): tid 3683: eglSurfaceAttrib(1199): error 0x3009 (EGL_BAD_MATCH)
W/HardwareRenderer( 3683): Backbuffer cannot be preserved
D/OpenGLRenderer( 3683): Enabling debug mode 0
E/dalvikvm( 3683): Could not find class 'android.support.v4.app.FragmentActivity', referenced from method a.a.a.ag.c
W/dalvikvm( 3683): VFY: unable to resolve check-cast 122 (Landroid/support/v4/app/FragmentActivity;) in La/a/a/ag;
D/dalvikvm( 3683): VFY: replacing opcode 0x1f at 0x0008
I/dalvikvm( 3683): Could not find method android.support.v4.app.FragmentActivity.getSupportFragmentManager, referenced from method a.a.a.ag.c
W/dalvikvm( 3683): VFY: unable to resolve virtual method 750: Landroid/support/v4/app/FragmentActivity;.getSupportFragmentManager ()Landroid/support/v4/app/FragmentManager;
D/dalvikvm( 3683): VFY: replacing opcode 0x6e at 0x000e
I/dalvikvm( 3683): Could not find method android.support.v4.app.FragmentActivity.getSupportFragmentManager, referenced from method a.a.a.ag.c
W/dalvikvm( 3683): VFY: unable to resolve virtual method 750: Landroid/support/v4/app/FragmentActivity;.getSupportFragmentManager ()Landroid/support/v4/app/FragmentManager;
D/dalvikvm( 3683): VFY: replacing opcode 0x6e at 0x001a
W/dalvikvm( 3683): VFY: unable to find class referenced in signature (Landroid/support/v4/app/Fragment;)
W/dalvikvm( 3683): VFY: unable to find class referenced in signature (Landroid/support/v4/app/Fragment;)
I/ActivityManager( 1568): Displayed com.mikifus.padland/.SplashActivity: +305ms
D/EGL_emulation( 1988): eglMakeCurrent: 0xb9198580: ver 3 0
I/dalvikvm( 3683): Could not find method android.view.Window.setNavigationBarColor, referenced from method com.github.paolorotolo.appintro.AppIntroBase.setNavBarColor
W/dalvikvm( 3683): VFY: unable to resolve virtual method 2892: Landroid/view/Window;.setNavigationBarColor (I)V
D/dalvikvm( 3683): VFY: replacing opcode 0x6e at 0x000e
I/dalvikvm( 3683): Could not find method android.view.Window.setNavigationBarColor, referenced from method com.github.paolorotolo.appintro.AppIntroBase.setNavBarColor
W/dalvikvm( 3683): VFY: unable to resolve virtual method 2892: Landroid/view/Window;.setNavigationBarColor (I)V
D/dalvikvm( 3683): VFY: replacing opcode 0x6e at 0x000e
I/ActivityManager( 1568): START u0 {cmp=com.mikifus.padland/.IntroActivity} from pid 3683
D/dalvikvm( 3683): GC_FOR_ALLOC freed 235K, 4% free 10506K/10928K, paused 1ms, total 1ms
I/dalvikvm-heap( 3683): Grow heap (frag case) to 12.290MB for 1939932-byte allocation
D/dalvikvm( 3683): GC_FOR_ALLOC freed 2K, 4% free 12398K/12824K, paused 4ms, total 4ms
I/dalvikvm( 3683): Could not find method android.app.Activity.requestPermissions, referenced from method com.github.paolorotolo.appintro.AppIntroBase$NextButtonOnClickListener.onClick
W/dalvikvm( 3683): VFY: unable to resolve virtual method 207: Landroid/app/Activity;.requestPermissions ([Ljava/lang/String;I)V
D/dalvikvm( 3683): VFY: replacing opcode 0x6e at 0x0054
D/dalvikvm( 3683): GC_FOR_ALLOC freed 181K, 3% free 12554K/12924K, paused 2ms, total 2ms
I/dalvikvm-heap( 3683): Grow heap (frag case) to 40.655MB for 29586072-byte allocation
D/dalvikvm( 3683): GC_CONCURRENT freed 17K, 1% free 41429K/41820K, paused 0ms+1ms, total 2ms
D/dalvikvm( 3683): GC_FOR_ALLOC freed 9K, 1% free 41440K/41820K, paused 1ms, total 2ms
I/dalvikvm-heap( 3683): Grow heap (frag case) to 43.785MB for 3288324-byte allocation
D/dalvikvm( 3683): GC_CONCURRENT freed 1K, 1% free 44650K/45032K, paused 3ms+0ms, total 5ms
D/EGL_emulation( 3683): eglMakeCurrent: 0xb9158670: ver 3 0
E/EGL_emulation( 3683): tid 3683: eglSurfaceAttrib(1199): error 0x3009 (EGL_BAD_MATCH)
W/HardwareRenderer( 3683): Backbuffer cannot be preserved
I/AndroidRipper( 3683): [RipperTestCase] Ready to operate after restarting...
I/ActivityManager( 1568): Displayed com.mikifus.padland/.IntroActivity: +480ms
I/Vision  ( 2085): Requesting optional module download of ocr.
I/Vision  ( 2085): Checking for download completion for 151395 -- ocr
I/Vision  ( 2085): Requesting optional module download of ocr.
I/Vision  ( 2085): Exceeded maximum feature download tries for ocr
W/Vision  ( 2085): Request of optional module download of ocr failed.
I/Vision  ( 2085): Checking for download completion for 161405 -- ocr
E/SoundPool( 1568): error loading /system/media/audio/ui/Effect_Tick.ogg
W/AudioService( 1568): Soundpool could not load file: /system/media/audio/ui/Effect_Tick.ogg
E/SoundPool( 1568): error loading /system/media/audio/ui/Effect_Tick.ogg
W/AudioService( 1568): Soundpool could not load file: /system/media/audio/ui/Effect_Tick.ogg
E/SoundPool( 1568): error loading /system/media/audio/ui/Effect_Tick.ogg
W/AudioService( 1568): Soundpool could not load file: /system/media/audio/ui/Effect_Tick.ogg
E/SoundPool( 1568): error loading /system/media/audio/ui/Effect_Tick.ogg
W/AudioService( 1568): Soundpool could not load file: /system/media/audio/ui/Effect_Tick.ogg
E/SoundPool( 1568): error loading /system/media/audio/ui/Effect_Tick.ogg
W/AudioService( 1568): Soundpool could not load file: /system/media/audio/ui/Effect_Tick.ogg
E/SoundPool( 1568): error loading /system/media/audio/ui/KeypressStandard.ogg
W/AudioService( 1568): Soundpool could not load file: /system/media/audio/ui/KeypressStandard.ogg
E/SoundPool( 1568): error loading /system/media/audio/ui/KeypressSpacebar.ogg
W/AudioService( 1568): Soundpool could not load file: /system/media/audio/ui/KeypressSpacebar.ogg
E/SoundPool( 1568): error loading /system/media/audio/ui/KeypressDelete.ogg
W/AudioService( 1568): Soundpool could not load file: /system/media/audio/ui/KeypressDelete.ogg
E/SoundPool( 1568): error loading /system/media/audio/ui/KeypressReturn.ogg
W/AudioService( 1568): Soundpool could not load file: /system/media/audio/ui/KeypressReturn.ogg
E/SoundPool( 1568): error loading /system/media/audio/ui/KeypressInvalid.ogg
W/AudioService( 1568): Soundpool could not load file: /system/media/audio/ui/KeypressInvalid.ogg
W/AudioService( 1568): onLoadSoundEffects(), Error -1 while loading samples
I/ActivityManager( 1568): START u0 {cmp=com.mikifus.padland/.PadListActivity} from pid 3683
D/PadLandDataActivity( 3683): Data activity started running
I/dalvikvm( 3683): Could not find method android.widget.FrameLayout.invalidateOutline, referenced from method androidx.appcompat.widget.ActionBarContainer.setPrimaryBackground
W/dalvikvm( 3683): VFY: unable to resolve virtual method 3727: Landroid/widget/FrameLayout;.invalidateOutline ()V
D/dalvikvm( 3683): VFY: replacing opcode 0x6e at 0x0054
I/dalvikvm( 3683): Could not find method android.widget.FrameLayout.invalidateOutline, referenced from method androidx.appcompat.widget.ActionBarContainer.setSplitBackground
W/dalvikvm( 3683): VFY: unable to resolve virtual method 3727: Landroid/widget/FrameLayout;.invalidateOutline ()V
D/dalvikvm( 3683): VFY: replacing opcode 0x6e at 0x0048
I/dalvikvm( 3683): Could not find method android.widget.FrameLayout.invalidateOutline, referenced from method androidx.appcompat.widget.ActionBarContainer.setStackedBackground
W/dalvikvm( 3683): VFY: unable to resolve virtual method 3727: Landroid/widget/FrameLayout;.invalidateOutline ()V
D/dalvikvm( 3683): VFY: replacing opcode 0x6e at 0x0058
I/dalvikvm( 3683): Could not find method android.widget.FrameLayout.startActionModeForChild, referenced from method androidx.appcompat.widget.ActionBarContainer.startActionModeForChild
W/dalvikvm( 3683): VFY: unable to resolve virtual method 3801: Landroid/widget/FrameLayout;.startActionModeForChild (Landroid/view/View;Landroid/view/ActionMode$Callback;I)Landroid/view/ActionMode;
D/dalvikvm( 3683): VFY: replacing opcode 0x6f at 0x0002
W/dalvikvm( 3683): VFY: unable to find class referenced in signature (Landroid/graphics/Outline;)
I/dalvikvm( 3683): Could not find method android.graphics.drawable.Drawable.getOutline, referenced from method androidx.appcompat.widget.a.getOutline
W/dalvikvm( 3683): VFY: unable to resolve virtual method 1275: Landroid/graphics/drawable/Drawable;.getOutline (Landroid/graphics/Outline;)V
D/dalvikvm( 3683): VFY: replacing opcode 0x6e at 0x000a
I/dalvikvm( 3683): Could not find method android.graphics.drawable.Drawable.getOutline, referenced from method androidx.appcompat.widget.a.getOutline
W/dalvikvm( 3683): VFY: unable to resolve virtual method 1275: Landroid/graphics/drawable/Drawable;.getOutline (Landroid/graphics/Outline;)V
D/dalvikvm( 3683): VFY: replacing opcode 0x6e at 0x0012
I/dalvikvm( 3683): Could not find method android.widget.ImageButton.setElevation, referenced from method com.google.android.material.floatingactionbutton.FloatingActionButton.setElevation
W/dalvikvm( 3683): VFY: unable to resolve virtual method 3925: Landroid/widget/ImageButton;.setElevation (F)V
D/dalvikvm( 3683): VFY: replacing opcode 0x6f at 0x0000
I/dalvikvm( 3683): Could not find method android.widget.ImageButton.setTranslationZ, referenced from method com.google.android.material.floatingactionbutton.FloatingActionButton.setTranslationZ
W/dalvikvm( 3683): VFY: unable to resolve virtual method 3947: Landroid/widget/ImageButton;.setTranslationZ (F)V
D/dalvikvm( 3683): VFY: replacing opcode 0x6f at 0x0000
D/AndroidRuntime( 3683): Shutting down VM
W/dalvikvm( 3683): threadid=1: thread exiting with uncaught exception (group=0x9cd6fb20)
D/AndroidRuntime( 3672): Shutting down VM
D/jdwp    ( 3672): Got wake-up signal, bailing out of select
D/dalvikvm( 3672): Debugger has detached; object registry had 1 entries
E/AndroidRuntime( 3683): FATAL EXCEPTION: main
E/AndroidRuntime( 3683): Process: com.mikifus.padland, PID: 3683
E/AndroidRuntime( 3683): java.lang.RuntimeException: Unable to start activity ComponentInfo{com.mikifus.padland/com.mikifus.padland.PadListActivity}: android.view.InflateException: Binary XML file line #34: Error inflating class com.google.android.material.floatingactionbutton.FloatingActionButton
E/AndroidRuntime( 3683): 	at android.app.ActivityThread.performLaunchActivity(ActivityThread.java:2195)
E/AndroidRuntime( 3683): 	at android.app.ActivityThread.handleLaunchActivity(ActivityThread.java:2245)
E/AndroidRuntime( 3683): 	at android.app.ActivityThread.access$800(ActivityThread.java:135)
E/AndroidRuntime( 3683): 	at android.app.ActivityThread$H.handleMessage(ActivityThread.java:1196)
E/AndroidRuntime( 3683): 	at android.os.Handler.dispatchMessage(Handler.java:102)
E/AndroidRuntime( 3683): 	at android.os.Looper.loop(Looper.java:136)
E/AndroidRuntime( 3683): 	at android.app.ActivityThread.main(ActivityThread.java:5017)
E/AndroidRuntime( 3683): 	at java.lang.reflect.Method.invokeNative(Native Method)
E/AndroidRuntime( 3683): 	at java.lang.reflect.Method.invoke(Method.java:515)
E/AndroidRuntime( 3683): 	at com.android.internal.os.ZygoteInit$MethodAndArgsCaller.run(ZygoteInit.java:779)
E/AndroidRuntime( 3683): 	at com.android.internal.os.ZygoteInit.main(ZygoteInit.java:595)
E/AndroidRuntime( 3683): 	at dalvik.system.NativeStart.main(Native Method)
E/AndroidRuntime( 3683): Caused by: android.view.InflateException: Binary XML file line #34: Error inflating class com.google.android.material.floatingactionbutton.FloatingActionButton
E/AndroidRuntime( 3683): 	at android.view.LayoutInflater.createView(LayoutInflater.java:621)
E/AndroidRuntime( 3683): 	at android.view.LayoutInflater.createViewFromTag(LayoutInflater.java:697)
E/AndroidRuntime( 3683): 	at android.view.LayoutInflater.rInflate(LayoutInflater.java:756)
E/AndroidRuntime( 3683): 	at android.view.LayoutInflater.rInflate(LayoutInflater.java:759)
E/AndroidRuntime( 3683): 	at android.view.LayoutInflater.inflate(LayoutInflater.java:492)
E/AndroidRuntime( 3683): 	at android.view.LayoutInflater.inflate(LayoutInflater.java:397)
E/AndroidRuntime( 3683): 	at android.view.LayoutInflater.inflate(LayoutInflater.java:353)
E/AndroidRuntime( 3683): 	at androidx.appcompat.app.AppCompatDelegateImpl.setContentView(SourceFile:9)
E/AndroidRuntime( 3683): 	at androidx.appcompat.app.AppCompatActivity.setContentView(SourceFile:1)
E/AndroidRuntime( 3683): 	at com.mikifus.padland.PadListActivity.onCreate(SourceFile:3)
