D/dalvikvm( 1988): GC_FOR_ALLOC freed 9513K, 52% free 13031K/26944K, paused 7ms, total 7ms
E/SoundPool( 1568): error loading /system/media/audio/ui/Effect_Tick.ogg
W/AudioService( 1568): Soundpool could not load file: /system/media/audio/ui/Effect_Tick.ogg
E/SoundPool( 1568): error loading /system/media/audio/ui/Effect_Tick.ogg
W/AudioService( 1568): Soundpool could not load file: /system/media/audio/ui/Effect_Tick.ogg
E/SoundPool( 1568): error loading /system/media/audio/ui/Effect_Tick.ogg
W/AudioService( 1568): Soundpool could not load file: /system/media/audio/ui/Effect_Tick.ogg
E/SoundPool( 1568): error loading /system/media/audio/ui/Effect_Tick.ogg
W/AudioService( 1568): Soundpool could not load file: /system/media/audio/ui/Effect_Tick.ogg
E/SoundPool( 1568): error loading /system/media/audio/ui/Effect_Tick.ogg
W/AudioService( 1568): Soundpool could not load file: /system/media/audio/ui/Effect_Tick.ogg
E/SoundPool( 1568): error loading /system/media/audio/ui/KeypressStandard.ogg
W/AudioService( 1568): Soundpool could not load file: /system/media/audio/ui/KeypressStandard.ogg
E/SoundPool( 1568): error loading /system/media/audio/ui/KeypressSpacebar.ogg
W/AudioService( 1568): Soundpool could not load file: /system/media/audio/ui/KeypressSpacebar.ogg
E/SoundPool( 1568): error loading /system/media/audio/ui/KeypressDelete.ogg
W/AudioService( 1568): Soundpool could not load file: /system/media/audio/ui/KeypressDelete.ogg
E/SoundPool( 1568): error loading /system/media/audio/ui/KeypressReturn.ogg
W/AudioService( 1568): Soundpool could not load file: /system/media/audio/ui/KeypressReturn.ogg
E/SoundPool( 1568): error loading /system/media/audio/ui/KeypressInvalid.ogg
W/AudioService( 1568): Soundpool could not load file: /system/media/audio/ui/KeypressInvalid.ogg
W/AudioService( 1568): onLoadSoundEffects(), Error -1 while loading samples
I/ActivityManager( 1568): START u0 {act=android.intent.action.MAIN cat=[android.intent.category.LAUNCHER] flg=0x10200000 cmp=com.android.browser/.BrowserActivity bnds=[802,1605][970,1773]} from pid 1988
D/dalvikvm( 1568): GC_FOR_ALLOC freed 940K, 49% free 8585K/16548K, paused 11ms, total 11ms
D/gralloc_ranchu( 1144): gralloc_alloc: Creating ashmem region of size 7753728
I/PackageManager( 1568): Running dexopt on: com.android.browser
W/linker  ( 4114): libdvm.so has text relocations. This is wasting memory and is a security risk. Please fix.
I/ActivityManager( 1568): Start proc com.android.browser for activity com.android.browser/.BrowserActivity: pid=4101 uid=10016 gids={50016, 3003, 1028, 1015}
D/dalvikvm( 4114): DexOpt: load 16ms, verify+opt 30ms, 1500796 bytes
D/EGL_emulation( 1988): eglMakeCurrent: 0xb9198580: ver 3 0
D/EGL_emulation( 1988): eglMakeCurrent: 0xb9198580: ver 3 0
D/EGL_emulation( 1988): eglMakeCurrent: 0xb9198580: ver 3 0
V/WebViewChromium( 4101): Binding Chromium to the main looper Looper (main, tid 1) {9d07f218}
I/chromium( 4101): [INFO:library_loader_hooks.cc(112)] Chromium logging enabled: level = 0, default verbosity = 0
I/BrowserProcessMain( 4101): Initializing chromium process, renderers=0
W/chromium( 4101): [WARNING:proxy_service.cc(888)] PAC support disabled because there is no system implementation
D/        ( 4101): HostConnection::get() New Host Connection established 0xb9131cb0, tid 4101
D/EGL_emulation( 4101): eglCreateContext: 0xb91329f0: maj 3 min 0 rcv 3
D/EGL_emulation( 4101): eglMakeCurrent: 0xb91329f0: ver 3 0
E/eglCodecCommon( 4101): glUtilsParamSize: unknow param 0x00008cdf
E/eglCodecCommon( 4101): glUtilsParamSize: unknow param 0x00008824
D/dalvikvm( 4101): GC_CONCURRENT freed 158K, 10% free 3266K/3612K, paused 1ms+0ms, total 2ms
D/dalvikvm( 4101): GC_FOR_ALLOC freed 66K, 7% free 3560K/3828K, paused 1ms, total 1ms
D/dalvikvm( 4101): GC_FOR_ALLOC freed 3K, 7% free 3729K/4000K, paused 2ms, total 3ms
I/dalvikvm-heap( 4101): Grow heap (frag case) to 5.671MB for 1939932-byte allocation
D/dalvikvm( 4101): GC_FOR_ALLOC freed <1K, 5% free 5623K/5896K, paused 1ms, total 1ms
D/dalvikvm( 4101): GC_CONCURRENT freed <1K, 5% free 5623K/5896K, paused 0ms+1ms, total 2ms
D/WebViewTimersControl( 4101): onBrowserActivityResume
D/WebViewTimersControl( 4101): Resuming webview timers, view=com.android.browser.BrowserWebView{9d0cf9c8 VFEDHVCL .F....I. 0,0-0,0}
D/dalvikvm( 4101): GC_CONCURRENT freed 123K, 5% free 6263K/6580K, paused 1ms+0ms, total 3ms
V/NFC     ( 4101): this device does not have NFC support
D/EGL_emulation( 4101): eglCreateContext: 0xb9238e80: maj 3 min 0 rcv 3
D/dalvikvm( 1794): GC_EXPLICIT freed 1047K, 17% free 6420K/7720K, paused 0ms+2ms, total 13ms
D/EGL_emulation( 4101): eglMakeCurrent: 0xb9238e80: ver 3 0
E/eglCodecCommon( 4101): glUtilsParamSize: unknow param 0x00008cdf
E/eglCodecCommon( 4101): glUtilsParamSize: unknow param 0x00008824
E/EGL_emulation( 4101): tid 4101: eglSurfaceAttrib(1199): error 0x3009 (EGL_BAD_MATCH)
W/HardwareRenderer( 4101): Backbuffer cannot be preserved
D/OpenGLRenderer( 4101): Enabling debug mode 0
W/AwContents( 4101): nativeOnDraw failed; clearing to background color.
E/SQLiteLog( 4101): (1) no such table: _sync_state_metadata
I/ActivityManager( 1568): Displayed com.android.browser/.BrowserActivity: +450ms
W/AwContents( 4101): nativeOnDraw failed; clearing to background color.
I/chromium( 4101): [INFO:simple_index_file.cc(397)] Simple Cache Index is being restored from disk.
D/dalvikvm( 4101): GC_CONCURRENT freed 891K, 15% free 6453K/7532K, paused 0ms+0ms, total 3ms
D/dalvikvm( 4101): GC_FOR_ALLOC freed 24K, 15% free 6465K/7532K, paused 2ms, total 2ms
I/dalvikvm-heap( 4101): Grow heap (frag case) to 9.771MB for 3436572-byte allocation
D/dalvikvm( 4101): GC_FOR_ALLOC freed <1K, 10% free 9821K/10892K, paused 5ms, total 5ms
W/AwContents( 4101): nativeOnDraw failed; clearing to background color.
D/dalvikvm( 4101): GC_CONCURRENT freed 1K, 10% free 9823K/10892K, paused 1ms+2ms, total 13ms
I/chromium( 4101): [INFO:async_pixel_transfer_manager_android.cc(56)] Async pixel transfers not supported
I/chromium( 4101): [INFO:async_pixel_transfer_manager_android.cc(56)] Async pixel transfers not supported
D/gralloc_ranchu( 4101): gralloc_alloc: Creating ashmem region of size 589824
D/gralloc_ranchu( 4101): gralloc_alloc: Creating ashmem region of size 589824
D/gralloc_ranchu( 4101): gralloc_alloc: Creating ashmem region of size 589824
D/gralloc_ranchu( 4101): gralloc_alloc: Creating ashmem region of size 589824
D/gralloc_ranchu( 4101): gralloc_alloc: Creating ashmem region of size 589824
D/gralloc_ranchu( 4101): gralloc_alloc: Creating ashmem region of size 589824
D/gralloc_ranchu( 4101): gralloc_alloc: Creating ashmem region of size 589824
D/gralloc_ranchu( 4101): gralloc_alloc: Creating ashmem region of size 589824
D/gralloc_ranchu( 4101): gralloc_alloc: Creating ashmem region of size 589824
D/gralloc_ranchu( 4101): gralloc_alloc: Creating ashmem region of size 589824
D/gralloc_ranchu( 4101): gralloc_alloc: Creating ashmem region of size 589824
D/gralloc_ranchu( 4101): gralloc_alloc: Creating ashmem region of size 589824
D/gralloc_ranchu( 4101): gralloc_alloc: Creating ashmem region of size 589824
D/gralloc_ranchu( 4101): gralloc_alloc: Creating ashmem region of size 589824
D/gralloc_ranchu( 4101): gralloc_alloc: Creating ashmem region of size 589824
D/gralloc_ranchu( 4101): gralloc_alloc: Creating ashmem region of size 196608
D/gralloc_ranchu( 4101): gralloc_alloc: Creating ashmem region of size 589824
D/gralloc_ranchu( 4101): gralloc_alloc: Creating ashmem region of size 589824
D/gralloc_ranchu( 4101): gralloc_alloc: Creating ashmem region of size 589824
D/gralloc_ranchu( 4101): gralloc_alloc: Creating ashmem region of size 589824
D/gralloc_ranchu( 4101): gralloc_alloc: Creating ashmem region of size 196608
D/gralloc_ranchu( 4101): gralloc_alloc: Creating ashmem region of size 589824
D/gralloc_ranchu( 4101): gralloc_alloc: Creating ashmem region of size 589824
D/gralloc_ranchu( 4101): gralloc_alloc: Creating ashmem region of size 589824
D/gralloc_ranchu( 4101): gralloc_alloc: Creating ashmem region of size 589824
D/gralloc_ranchu( 4101): gralloc_alloc: Creating ashmem region of size 589824
D/gralloc_ranchu( 4101): gralloc_alloc: Creating ashmem region of size 589824
D/gralloc_ranchu( 4101): gralloc_alloc: Creating ashmem region of size 589824
D/gralloc_ranchu( 4101): gralloc_alloc: Creating ashmem region of size 589824
D/gralloc_ranchu( 4101): gralloc_alloc: Creating ashmem region of size 589824
D/gralloc_ranchu( 4101): gralloc_alloc: Creating ashmem region of size 589824
D/gralloc_ranchu( 4101): gralloc_alloc: Creating ashmem region of size 589824
D/dalvikvm( 1568): GC_FOR_ALLOC freed 768K, 45% free 9221K/16548K, paused 7ms, total 7ms
I/ContentMaintenance( 2085): Internal cache bytes used: 0; limit: 39526809; download size: 0
I/RealtimeCacheCleanup( 2085): Beginning Realtime garbage collection.
I/RealtimeCacheCleanup( 2085): Finished Realtime garbage collection.
I/Vision  ( 2085): Requesting optional module download of ocr.
I/Vision  ( 2085): Exceeded maximum feature download tries for ocr
W/Vision  ( 2085): Request of optional module download of ocr failed.
I/Vision  ( 2085): Checking for download completion for 263948 -- ocr
D/EGL_emulation( 1654): eglMakeCurrent: 0xb914d8e0: ver 3 0
D/gralloc_ranchu( 1144): gralloc_alloc: Creating ashmem region of size 1323008
D/        ( 1568): HostConnection::get() New Host Connection established 0xb92a9070, tid 1580
D/dalvikvm( 1568): GC_FOR_ALLOC freed 368K, 41% free 9813K/16548K, paused 13ms, total 13ms
D/gralloc_ranchu( 1144): gralloc_alloc: Creating ashmem region of size 1323008
D/        ( 1568): HostConnection::get() New Host Connection established 0xb92f9f60, tid 1672
E/SoundPool( 1568): error loading /system/media/audio/ui/Effect_Tick.ogg
W/AudioService( 1568): Soundpool could not load file: /system/media/audio/ui/Effect_Tick.ogg
E/SoundPool( 1568): error loading /system/media/audio/ui/Effect_Tick.ogg
W/AudioService( 1568): Soundpool could not load file: /system/media/audio/ui/Effect_Tick.ogg
E/SoundPool( 1568): error loading /system/media/audio/ui/Effect_Tick.ogg
W/AudioService( 1568): Soundpool could not load file: /system/media/audio/ui/Effect_Tick.ogg
E/SoundPool( 1568): error loading /system/media/audio/ui/Effect_Tick.ogg
W/AudioService( 1568): Soundpool could not load file: /system/media/audio/ui/Effect_Tick.ogg
E/SoundPool( 1568): error loading /system/media/audio/ui/Effect_Tick.ogg
W/AudioService( 1568): Soundpool could not load file: /system/media/audio/ui/Effect_Tick.ogg
E/SoundPool( 1568): error loading /system/media/audio/ui/KeypressStandard.ogg
W/AudioService( 1568): Soundpool could not load file: /system/media/audio/ui/KeypressStandard.ogg
E/SoundPool( 1568): error loading /system/media/audio/ui/KeypressSpacebar.ogg
W/AudioService( 1568): Soundpool could not load file: /system/media/audio/ui/KeypressSpacebar.ogg
E/SoundPool( 1568): error loading /system/media/audio/ui/KeypressDelete.ogg
W/AudioService( 1568): Soundpool could not load file: /system/media/audio/ui/KeypressDelete.ogg
E/SoundPool( 1568): error loading /system/media/audio/ui/KeypressReturn.ogg
W/AudioService( 1568): Soundpool could not load file: /system/media/audio/ui/KeypressReturn.ogg
E/SoundPool( 1568): error loading /system/media/audio/ui/KeypressInvalid.ogg
W/AudioService( 1568): Soundpool could not load file: /system/media/audio/ui/KeypressInvalid.ogg
W/AudioService( 1568): onLoadSoundEffects(), Error -1 while loading samples
D/dalvikvm( 1568): GC_FOR_ALLOC freed 665K, 41% free 9807K/16548K, paused 13ms, total 13ms
D/dalvikvm( 1568): GC_FOR_ALLOC freed 644K, 41% free 9805K/16548K, paused 12ms, total 12ms
I/ActivityManager( 1568): START u0 {act=android.intent.action.MAIN cat=[android.intent.category.HOME] flg=0x10200000 cmp=com.android.launcher/com.android.launcher2.Launcher} from pid 1568
D/dalvikvm( 1568): GC_FOR_ALLOC freed 646K, 41% free 9809K/16548K, paused 8ms, total 8ms
D/WebViewTimersControl( 4101): onBrowserActivityPause
D/WebViewTimersControl( 4101): Pausing webview timers, view=com.android.browser.BrowserWebView{9d0cf9c8 VFEDHVCL .F...... 0,0-1080,1294}
D/EGL_emulation( 1654): eglMakeCurrent: 0xb914d8e0: ver 3 0
D/EGL_emulation( 1654): eglMakeCurrent: 0xb914d8e0: ver 3 0
D/EGL_emulation( 1988): eglMakeCurrent: 0xb9198580: ver 3 0
E/EGL_emulation( 1988): tid 1988: eglSurfaceAttrib(1199): error 0x3009 (EGL_BAD_MATCH)
W/HardwareRenderer( 1988): Backbuffer cannot be preserved
W/IInputConnectionWrapper( 4101): showStatusIcon on inactive InputConnection
W/InputMethodManagerService( 1568): Starting input on non-focused client com.android.internal.view.IInputMethodClient$Stub$Proxy@9d642518 (uid=10016 pid=4101)
D/dalvikvm( 4101): GC_CONCURRENT freed 1462K, 14% free 10322K/11972K, paused 1ms+3ms, total 12ms
D/EGL_emulation( 4101): eglMakeCurrent: 0xb9238e80: ver 3 0
E/SoundPool( 1568): error loading /system/media/audio/ui/Effect_Tick.ogg
W/AudioService( 1568): Soundpool could not load file: /system/media/audio/ui/Effect_Tick.ogg
E/SoundPool( 1568): error loading /system/media/audio/ui/Effect_Tick.ogg
W/AudioService( 1568): Soundpool could not load file: /system/media/audio/ui/Effect_Tick.ogg
E/SoundPool( 1568): error loading /system/media/audio/ui/Effect_Tick.ogg
W/AudioService( 1568): Soundpool could not load file: /system/media/audio/ui/Effect_Tick.ogg
E/SoundPool( 1568): error loading /system/media/audio/ui/Effect_Tick.ogg
W/AudioService( 1568): Soundpool could not load file: /system/media/audio/ui/Effect_Tick.ogg
E/SoundPool( 1568): error loading /system/media/audio/ui/Effect_Tick.ogg
W/AudioService( 1568): Soundpool could not load file: /system/media/audio/ui/Effect_Tick.ogg
E/SoundPool( 1568): error loading /system/media/audio/ui/KeypressStandard.ogg
W/AudioService( 1568): Soundpool could not load file: /system/media/audio/ui/KeypressStandard.ogg
E/SoundPool( 1568): error loading /system/media/audio/ui/KeypressSpacebar.ogg
W/AudioService( 1568): Soundpool could not load file: /system/media/audio/ui/KeypressSpacebar.ogg
E/SoundPool( 1568): error loading /system/media/audio/ui/KeypressDelete.ogg
W/AudioService( 1568): Soundpool could not load file: /system/media/audio/ui/KeypressDelete.ogg
E/SoundPool( 1568): error loading /system/media/audio/ui/KeypressReturn.ogg
W/AudioService( 1568): Soundpool could not load file: /system/media/audio/ui/KeypressReturn.ogg
E/SoundPool( 1568): error loading /system/media/audio/ui/KeypressInvalid.ogg
W/AudioService( 1568): Soundpool could not load file: /system/media/audio/ui/KeypressInvalid.ogg
W/AudioService( 1568): onLoadSoundEffects(), Error -1 while loading samples
D/dalvikvm( 1988): GC_FOR_ALLOC freed 1545K, 50% free 13534K/26944K, paused 2ms, total 2ms
D/dalvikvm( 1988): GC_FOR_ALLOC freed 206K, 51% free 13351K/26944K, paused 3ms, total 3ms
I/dalvikvm-heap( 1988): Grow heap (frag case) to 17.425MB for 4410012-byte allocation
D/dalvikvm( 1988): GC_FOR_ALLOC freed <1K, 35% free 17657K/26944K, paused 5ms, total 5ms
D/dalvikvm( 1988): GC_FOR_ALLOC freed 658K, 30% free 18915K/26944K, paused 5ms, total 5ms
D/dalvikvm( 1988): GC_FOR_ALLOC freed 4K, 29% free 19385K/26944K, paused 2ms, total 2ms
I/dalvikvm-heap( 1988): Grow heap (frag case) to 26.231MB for 7464972-byte allocation
D/dalvikvm( 1988): GC_FOR_ALLOC freed <1K, 23% free 26675K/34236K, paused 4ms, total 4ms
D/dalvikvm( 1988): GC_FOR_ALLOC freed 286K, 18% free 28282K/34236K, paused 3ms, total 3ms
I/dalvikvm-heap( 1988): Grow heap (frag case) to 30.504MB for 2834844-byte allocation
D/dalvikvm( 1988): GC_FOR_ALLOC freed 471K, 11% free 30579K/34236K, paused 3ms, total 3ms
D/dalvikvm( 1988): GC_FOR_ALLOC freed 2779K, 14% free 29607K/34236K, paused 5ms, total 5ms
D/dalvikvm( 1988): GC_FOR_ALLOC freed 406K, 14% free 29606K/34236K, paused 4ms, total 4ms
I/dalvikvm-heap( 1988): Grow heap (frag case) to 36.212MB for 7464972-byte allocation
D/dalvikvm( 1988): GC_FOR_ALLOC freed <1K, 12% free 36895K/41528K, paused 3ms, total 3ms
D/dalvikvm( 1988): GC_FOR_ALLOC freed 7833K, 26% free 31087K/41528K, paused 4ms, total 4ms
D/dalvikvm( 1988): GC_FOR_ALLOC freed 72K, 22% free 32483K/41528K, paused 5ms, total 5ms
I/dalvikvm-heap( 1988): Grow heap (frag case) to 33.975MB for 2172684-byte allocation
D/dalvikvm( 1988): GC_FOR_ALLOC freed 512K, 18% free 34092K/41528K, paused 6ms, total 6ms
D/dalvikvm( 1988): GC_FOR_ALLOC freed 2196K, 19% free 33924K/41528K, paused 2ms, total 2ms
D/dalvikvm( 1988): GC_FOR_ALLOC freed 876K, 16% free 34905K/41528K, paused 4ms, total 4ms
D/dalvikvm( 1988): GC_FOR_ALLOC freed 582K, 13% free 36279K/41528K, paused 6ms, total 6ms
D/dalvikvm( 1988): GC_FOR_ALLOC freed 5K, 9% free 38007K/41528K, paused 3ms, total 3ms
D/dalvikvm( 1988): GC_FOR_ALLOC freed 1497K, 9% free 38060K/41528K, paused 8ms, total 8ms
D/dalvikvm( 1988): GC_FOR_ALLOC freed 1845K, 11% free 37321K/41528K, paused 4ms, total 4ms
D/dalvikvm( 1988): GC_FOR_ALLOC freed 1624K, 10% free 37735K/41528K, paused 5ms, total 5ms
D/dalvikvm( 1988): GC_FOR_ALLOC freed 1118K, 10% free 37640K/41528K, paused 4ms, total 4ms
I/dalvikvm-heap( 1988): Grow heap (frag case) to 44.058MB for 7464972-byte allocation
D/dalvikvm( 1988): GC_FOR_ALLOC freed <1K, 8% free 44930K/48820K, paused 3ms, total 3ms
E/SoundPool( 1568): error loading /system/media/audio/ui/Effect_Tick.ogg
W/AudioService( 1568): Soundpool could not load file: /system/media/audio/ui/Effect_Tick.ogg
E/SoundPool( 1568): error loading /system/media/audio/ui/Effect_Tick.ogg
W/AudioService( 1568): Soundpool could not load file: /system/media/audio/ui/Effect_Tick.ogg
E/SoundPool( 1568): error loading /system/media/audio/ui/Effect_Tick.ogg
W/AudioService( 1568): Soundpool could not load file: /system/media/audio/ui/Effect_Tick.ogg
E/SoundPool( 1568): error loading /system/media/audio/ui/Effect_Tick.ogg
W/AudioService( 1568): Soundpool could not load file: /system/media/audio/ui/Effect_Tick.ogg
E/SoundPool( 1568): error loading /system/media/audio/ui/Effect_Tick.ogg
W/AudioService( 1568): Soundpool could not load file: /system/media/audio/ui/Effect_Tick.ogg
E/SoundPool( 1568): error loading /system/media/audio/ui/KeypressStandard.ogg
W/AudioService( 1568): Soundpool could not load file: /system/media/audio/ui/KeypressStandard.ogg
E/SoundPool( 1568): error loading /system/media/audio/ui/KeypressSpacebar.ogg
W/AudioService( 1568): Soundpool could not load file: /system/media/audio/ui/KeypressSpacebar.ogg
E/SoundPool( 1568): error loading /system/media/audio/ui/KeypressDelete.ogg
W/AudioService( 1568): Soundpool could not load file: /system/media/audio/ui/KeypressDelete.ogg
E/SoundPool( 1568): error loading /system/media/audio/ui/KeypressReturn.ogg
W/AudioService( 1568): Soundpool could not load file: /system/media/audio/ui/KeypressReturn.ogg
E/SoundPool( 1568): error loading /system/media/audio/ui/KeypressInvalid.ogg
W/AudioService( 1568): Soundpool could not load file: /system/media/audio/ui/KeypressInvalid.ogg
W/AudioService( 1568): onLoadSoundEffects(), Error -1 while loading samples
D/dalvikvm( 1988): GC_FOR_ALLOC freed 7295K, 23% free 37636K/48820K, paused 6ms, total 6ms
I/dalvikvm-heap( 1988): Grow heap (frag case) to 44.054MB for 7464972-byte allocation
D/dalvikvm( 1988): GC_FOR_ALLOC freed <1K, 8% free 44926K/48820K, paused 4ms, total 4ms
D/dalvikvm( 1568): GC_FOR_ALLOC freed 1629K, 41% free 9886K/16548K, paused 9ms, total 9ms
E/SoundPool( 1568): error loading /system/media/audio/ui/Effect_Tick.ogg
W/AudioService( 1568): Soundpool could not load file: /system/media/audio/ui/Effect_Tick.ogg
E/SoundPool( 1568): error loading /system/media/audio/ui/Effect_Tick.ogg
W/AudioService( 1568): Soundpool could not load file: /system/media/audio/ui/Effect_Tick.ogg
E/SoundPool( 1568): error loading /system/media/audio/ui/Effect_Tick.ogg
W/AudioService( 1568): Soundpool could not load file: /system/media/audio/ui/Effect_Tick.ogg
E/SoundPool( 1568): error loading /system/media/audio/ui/Effect_Tick.ogg
W/AudioService( 1568): Soundpool could not load file: /system/media/audio/ui/Effect_Tick.ogg
E/SoundPool( 1568): error loading /system/media/audio/ui/Effect_Tick.ogg
W/AudioService( 1568): Soundpool could not load file: /system/media/audio/ui/Effect_Tick.ogg
E/SoundPool( 1568): error loading /system/media/audio/ui/KeypressStandard.ogg
W/AudioService( 1568): Soundpool could not load file: /system/media/audio/ui/KeypressStandard.ogg
E/SoundPool( 1568): error loading /system/media/audio/ui/KeypressSpacebar.ogg
W/AudioService( 1568): Soundpool could not load file: /system/media/audio/ui/KeypressSpacebar.ogg
E/SoundPool( 1568): error loading /system/media/audio/ui/KeypressDelete.ogg
W/AudioService( 1568): Soundpool could not load file: /system/media/audio/ui/KeypressDelete.ogg
E/SoundPool( 1568): error loading /system/media/audio/ui/KeypressReturn.ogg
W/AudioService( 1568): Soundpool could not load file: /system/media/audio/ui/KeypressReturn.ogg
E/SoundPool( 1568): error loading /system/media/audio/ui/KeypressInvalid.ogg
W/AudioService( 1568): Soundpool could not load file: /system/media/audio/ui/KeypressInvalid.ogg
W/AudioService( 1568): onLoadSoundEffects(), Error -1 while loading samples
I/ActivityManager( 1568): START u0 {act=android.intent.action.MAIN cat=[android.intent.category.LAUNCHER] flg=0x10200000 cmp=com.mikifus.padland/.SplashActivity} from pid 1988
D/EGL_emulation( 1988): eglMakeCurrent: 0xb9198580: ver 3 0
D/EGL_emulation( 1988): eglMakeCurrent: 0xb9198580: ver 3 0
D/gralloc_ranchu( 1144): gralloc_alloc: Creating ashmem region of size 7753728
I/ActivityManager( 1568): Start proc com.mikifus.padland for activity com.mikifus.padland/.SplashActivity: pid=4217 uid=10065 gids={50065, 3003}
I/dalvikvm( 4217): Could not find method android.content.Context.getSystemService, referenced from method androidx.appcompat.app.AppCompatDelegateImpl.H
W/dalvikvm( 4217): VFY: unable to resolve virtual method 623: Landroid/content/Context;.getSystemService (Ljava/lang/Class;)Ljava/lang/Object;
D/dalvikvm( 4217): VFY: replacing opcode 0x6e at 0x002d
I/dalvikvm( 4217): Could not find method android.view.Window$Callback.onPointerCaptureChanged, referenced from method androidx.appcompat.view.WindowCallbackWrapper.onPointerCaptureChanged
W/dalvikvm( 4217): VFY: unable to resolve interface method 2863: Landroid/view/Window$Callback;.onPointerCaptureChanged (Z)V
D/dalvikvm( 4217): VFY: replacing opcode 0x72 at 0x0002
I/dalvikvm( 4217): Could not find method android.view.Window$Callback.onProvideKeyboardShortcuts, referenced from method androidx.appcompat.view.WindowCallbackWrapper.onProvideKeyboardShortcuts
W/dalvikvm( 4217): VFY: unable to resolve interface method 2865: Landroid/view/Window$Callback;.onProvideKeyboardShortcuts (Ljava/util/List;Landroid/view/Menu;I)V
D/dalvikvm( 4217): VFY: replacing opcode 0x72 at 0x0002
W/dalvikvm( 4217): VFY: unable to find class referenced in signature (Landroid/view/SearchEvent;)
I/dalvikvm( 4217): Could not find method android.view.Window$Callback.onSearchRequested, referenced from method androidx.appcompat.view.WindowCallbackWrapper.onSearchRequested
W/dalvikvm( 4217): VFY: unable to resolve interface method 2867: Landroid/view/Window$Callback;.onSearchRequested (Landroid/view/SearchEvent;)Z
D/dalvikvm( 4217): VFY: replacing opcode 0x72 at 0x0002
I/dalvikvm( 4217): Could not find method android.view.Window$Callback.onWindowStartingActionMode, referenced from method androidx.appcompat.view.WindowCallbackWrapper.onWindowStartingActionMode
W/dalvikvm( 4217): VFY: unable to resolve interface method 2871: Landroid/view/Window$Callback;.onWindowStartingActionMode (Landroid/view/ActionMode$Callback;I)Landroid/view/ActionMode;
D/dalvikvm( 4217): VFY: replacing opcode 0x72 at 0x0002
I/dalvikvm( 4217): Could not find method android.content.res.TypedArray.getChangingConfigurations, referenced from method androidx.appcompat.widget.TintTypedArray.getChangingConfigurations
W/dalvikvm( 4217): VFY: unable to resolve virtual method 859: Landroid/content/res/TypedArray;.getChangingConfigurations ()I
D/dalvikvm( 4217): VFY: replacing opcode 0x6e at 0x0002
I/dalvikvm( 4217): Could not find method android.content.res.TypedArray.getType, referenced from method androidx.appcompat.widget.TintTypedArray.getType
W/dalvikvm( 4217): VFY: unable to resolve virtual method 881: Landroid/content/res/TypedArray;.getType (I)I
D/dalvikvm( 4217): VFY: replacing opcode 0x6e at 0x0008
I/dalvikvm( 4217): Could not find method android.content.Context.createDeviceProtectedStorageContext, referenced from method androidx.core.content.ContextCompat.createDeviceProtectedStorageContext
W/dalvikvm( 4217): VFY: unable to resolve virtual method 593: Landroid/content/Context;.createDeviceProtectedStorageContext ()Landroid/content/Context;
D/dalvikvm( 4217): VFY: replacing opcode 0x6e at 0x0006
I/dalvikvm( 4217): Could not find method android.content.Context.getCodeCacheDir, referenced from method androidx.core.content.ContextCompat.getCodeCacheDir
W/dalvikvm( 4217): VFY: unable to resolve virtual method 600: Landroid/content/Context;.getCodeCacheDir ()Ljava/io/File;
D/dalvikvm( 4217): VFY: replacing opcode 0x6e at 0x0006
I/dalvikvm( 4217): Could not find method android.content.Context.getColor, referenced from method androidx.core.content.ContextCompat.getColor
W/dalvikvm( 4217): VFY: unable to resolve virtual method 601: Landroid/content/Context;.getColor (I)I
D/dalvikvm( 4217): VFY: replacing opcode 0x6e at 0x0006
I/dalvikvm( 4217): Could not find method android.content.Context.getColorStateList, referenced from method androidx.core.content.ContextCompat.getColorStateList
W/dalvikvm( 4217): VFY: unable to resolve virtual method 602: Landroid/content/Context;.getColorStateList (I)Landroid/content/res/ColorStateList;
D/dalvikvm( 4217): VFY: replacing opcode 0x6e at 0x0006
I/dalvikvm( 4217): Could not find method android.content.Context.getDataDir, referenced from method androidx.core.content.ContextCompat.getDataDir
W/dalvikvm( 4217): VFY: unable to resolve virtual method 604: Landroid/content/Context;.getDataDir ()Ljava/io/File;
D/dalvikvm( 4217): VFY: replacing opcode 0x6e at 0x0006
I/dalvikvm( 4217): Could not find method android.content.Context.getDrawable, referenced from method androidx.core.content.ContextCompat.getDrawable
W/dalvikvm( 4217): VFY: unable to resolve virtual method 605: Landroid/content/Context;.getDrawable (I)Landroid/graphics/drawable/Drawable;
D/dalvikvm( 4217): VFY: replacing opcode 0x6e at 0x0006
I/dalvikvm( 4217): Could not find method android.content.Context.getMainExecutor, referenced from method androidx.core.content.ContextCompat.getMainExecutor
W/dalvikvm( 4217): VFY: unable to resolve virtual method 612: Landroid/content/Context;.getMainExecutor ()Ljava/util/concurrent/Executor;
D/dalvikvm( 4217): VFY: replacing opcode 0x6e at 0x0006
I/dalvikvm( 4217): Could not find method android.content.Context.getNoBackupFilesDir, referenced from method androidx.core.content.ContextCompat.getNoBackupFilesDir
W/dalvikvm( 4217): VFY: unable to resolve virtual method 614: Landroid/content/Context;.getNoBackupFilesDir ()Ljava/io/File;
D/dalvikvm( 4217): VFY: replacing opcode 0x6e at 0x0006
I/dalvikvm( 4217): Could not find method android.content.Context.getSystemService, referenced from method androidx.core.content.ContextCompat.getSystemService
W/dalvikvm( 4217): VFY: unable to resolve virtual method 623: Landroid/content/Context;.getSystemService (Ljava/lang/Class;)Ljava/lang/Object;
D/dalvikvm( 4217): VFY: replacing opcode 0x6e at 0x0006
I/dalvikvm( 4217): Could not find method android.content.Context.getSystemServiceName, referenced from method androidx.core.content.ContextCompat.getSystemServiceName
W/dalvikvm( 4217): VFY: unable to resolve virtual method 625: Landroid/content/Context;.getSystemServiceName (Ljava/lang/Class;)Ljava/lang/String;
D/dalvikvm( 4217): VFY: replacing opcode 0x6e at 0x0006
I/dalvikvm( 4217): Could not find method android.content.Context.isDeviceProtectedStorage, referenced from method androidx.core.content.ContextCompat.isDeviceProtectedStorage
W/dalvikvm( 4217): VFY: unable to resolve virtual method 628: Landroid/content/Context;.isDeviceProtectedStorage ()Z
D/dalvikvm( 4217): VFY: replacing opcode 0x6e at 0x0006
I/dalvikvm( 4217): Could not find method android.content.Context.startForegroundService, referenced from method androidx.core.content.ContextCompat.startForegroundService
W/dalvikvm( 4217): VFY: unable to resolve virtual method 644: Landroid/content/Context;.startForegroundService (Landroid/content/Intent;)Landroid/content/ComponentName;
D/dalvikvm( 4217): VFY: replacing opcode 0x6e at 0x0006
I/dalvikvm( 4217): Could not find method android.view.View.addKeyboardNavigationClusters, referenced from method androidx.core.view.ViewCompat.addKeyboardNavigationClusters
W/dalvikvm( 4217): VFY: unable to resolve virtual method 2250: Landroid/view/View;.addKeyboardNavigationClusters (Ljava/util/Collection;I)V
D/dalvikvm( 4217): VFY: replacing opcode 0x6e at 0x0006
I/dalvikvm( 4217): Failed resolving Landroidx/core/view/ViewCompat$b; interface 458 'Landroid/view/View$OnUnhandledKeyEventListener;'
W/dalvikvm( 4217): Link of class 'Landroidx/core/view/ViewCompat$b;' failed
E/dalvikvm( 4217): Could not find class 'androidx.core.view.ViewCompat$b', referenced from method androidx.core.view.ViewCompat.addOnUnhandledKeyEventListener
W/dalvikvm( 4217): VFY: unable to resolve new-instance 1502 (Landroidx/core/view/ViewCompat$b;) in Landroidx/core/view/ViewCompat;
D/dalvikvm( 4217): VFY: replacing opcode 0x22 at 0x0018
I/dalvikvm( 4217): Could not find method android.view.View.cancelDragAndDrop, referenced from method androidx.core.view.ViewCompat.cancelDragAndDrop
W/dalvikvm( 4217): VFY: unable to resolve virtual method 2259: Landroid/view/View;.cancelDragAndDrop ()V
D/dalvikvm( 4217): VFY: replacing opcode 0x6e at 0x0006
W/dalvikvm( 4217): VFY: unable to find class referenced in signature (Landroid/view/WindowInsets;)
I/dalvikvm( 4217): Could not find method android.view.View.dispatchApplyWindowInsets, referenced from method androidx.core.view.ViewCompat.dispatchApplyWindowInsets
W/dalvikvm( 4217): VFY: unable to resolve virtual method 2266: Landroid/view/View;.dispatchApplyWindowInsets (Landroid/view/WindowInsets;)Landroid/view/WindowInsets;
D/dalvikvm( 4217): VFY: replacing opcode 0x6e at 0x000a
I/dalvikvm( 4217): Could not find method android.view.View.dispatchNestedFling, referenced from method androidx.core.view.ViewCompat.dispatchNestedFling
W/dalvikvm( 4217): VFY: unable to resolve virtual method 2272: Landroid/view/View;.dispatchNestedFling (FFZ)Z
D/dalvikvm( 4217): VFY: replacing opcode 0x6e at 0x0006
I/dalvikvm( 4217): Could not find method android.view.View.dispatchNestedPreFling, referenced from method androidx.core.view.ViewCompat.dispatchNestedPreFling
W/dalvikvm( 4217): VFY: unable to resolve virtual method 2273: Landroid/view/View;.dispatchNestedPreFling (FF)Z
D/dalvikvm( 4217): VFY: replacing opcode 0x6e at 0x0006
I/dalvikvm( 4217): Could not find method android.view.View.dispatchNestedPreScroll, referenced from method androidx.core.view.ViewCompat.dispatchNestedPreScroll
W/dalvikvm( 4217): VFY: unable to resolve virtual method 2274: Landroid/view/View;.dispatchNestedPreScroll (II[I[I)Z
D/dalvikvm( 4217): VFY: replacing opcode 0x6e at 0x0006
I/dalvikvm( 4217): Could not find method android.view.View.dispatchNestedScroll, referenced from method androidx.core.view.ViewCompat.dispatchNestedScroll
W/dalvikvm( 4217): VFY: unable to resolve virtual method 2275: Landroid/view/View;.dispatchNestedScroll (IIII[I)Z
D/dalvikvm( 4217): VFY: replacing opcode 0x74 at 0x0006
I/dalvikvm( 4217): Could not find method android.view.View.getBackgroundTintList, referenced from method androidx.core.view.ViewCompat.getBackgroundTintList
W/dalvikvm( 4217): VFY: unable to resolve virtual method 2293: Landroid/view/View;.getBackgroundTintList ()Landroid/content/res/ColorStateList;
D/dalvikvm( 4217): VFY: replacing opcode 0x6e at 0x0006
I/dalvikvm( 4217): Could not find method android.view.View.getBackgroundTintMode, referenced from method androidx.core.view.ViewCompat.getBackgroundTintMode
W/dalvikvm( 4217): VFY: unable to resolve virtual method 2294: Landroid/view/View;.getBackgroundTintMode ()Landroid/graphics/PorterDuff$Mode;
D/dalvikvm( 4217): VFY: replacing opcode 0x6e at 0x0006
I/dalvikvm( 4217): Could not find method android.view.View.getElevation, referenced from method androidx.core.view.ViewCompat.getElevation
W/dalvikvm( 4217): VFY: unable to resolve virtual method 2304: Landroid/view/View;.getElevation ()F
D/dalvikvm( 4217): VFY: replacing opcode 0x6e at 0x0006
I/dalvikvm( 4217): Could not find method android.view.View.getImportantForAutofill, referenced from method androidx.core.view.ViewCompat.getImportantForAutofill
W/dalvikvm( 4217): VFY: unable to resolve virtual method 2311: Landroid/view/View;.getImportantForAutofill ()I
D/dalvikvm( 4217): VFY: replacing opcode 0x6e at 0x0006
I/dalvikvm( 4217): Could not find method android.view.View.getNextClusterForwardId, referenced from method androidx.core.view.ViewCompat.getNextClusterForwardId
W/dalvikvm( 4217): VFY: unable to resolve virtual method 2329: Landroid/view/View;.getNextClusterForwardId ()I
D/dalvikvm( 4217): VFY: replacing opcode 0x6e at 0x0006
I/dalvikvm( 4217): Could not find method android.view.View.getScrollIndicators, referenced from method androidx.core.view.ViewCompat.getScrollIndicators
W/dalvikvm( 4217): VFY: unable to resolve virtual method 2350: Landroid/view/View;.getScrollIndicators ()I
D/dalvikvm( 4217): VFY: replacing opcode 0x6e at 0x0006
I/dalvikvm( 4217): Could not find method android.view.View.getSystemGestureExclusionRects, referenced from method androidx.core.view.ViewCompat.getSystemGestureExclusionRects
W/dalvikvm( 4217): VFY: unable to resolve virtual method 2353: Landroid/view/View;.getSystemGestureExclusionRects ()Ljava/util/List;
D/dalvikvm( 4217): VFY: replacing opcode 0x6e at 0x0006
I/dalvikvm( 4217): Could not find method android.view.View.getTransitionName, referenced from method androidx.core.view.ViewCompat.getTransitionName
W/dalvikvm( 4217): VFY: unable to resolve virtual method 2358: Landroid/view/View;.getTransitionName ()Ljava/lang/String;
D/dalvikvm( 4217): VFY: replacing opcode 0x6e at 0x0006
I/dalvikvm( 4217): Could not find method android.view.View.getTranslationZ, referenced from method androidx.core.view.ViewCompat.getTranslationZ
W/dalvikvm( 4217): VFY: unable to resolve virtual method 2361: Landroid/view/View;.getTranslationZ ()F
D/dalvikvm( 4217): VFY: replacing opcode 0x6e at 0x0006
I/dalvikvm( 4217): Could not find method android.view.View.getZ, referenced from method androidx.core.view.ViewCompat.getZ
W/dalvikvm( 4217): VFY: unable to resolve virtual method 2372: Landroid/view/View;.getZ ()F
D/dalvikvm( 4217): VFY: replacing opcode 0x6e at 0x0006
I/dalvikvm( 4217): Could not find method android.view.View.hasExplicitFocusable, referenced from method androidx.core.view.ViewCompat.hasExplicitFocusable
W/dalvikvm( 4217): VFY: unable to resolve virtual method 2373: Landroid/view/View;.hasExplicitFocusable ()Z
D/dalvikvm( 4217): VFY: replacing opcode 0x6e at 0x0006
I/dalvikvm( 4217): Could not find method android.view.View.hasNestedScrollingParent, referenced from method androidx.core.view.ViewCompat.hasNestedScrollingParent
W/dalvikvm( 4217): VFY: unable to resolve virtual method 2376: Landroid/view/View;.hasNestedScrollingParent ()Z
D/dalvikvm( 4217): VFY: replacing opcode 0x6e at 0x0006
I/dalvikvm( 4217): Could not find method android.view.View.isFocusedByDefault, referenced from method androidx.core.view.ViewCompat.isFocusedByDefault
W/dalvikvm( 4217): VFY: unable to resolve virtual method 2388: Landroid/view/View;.isFocusedByDefault ()Z
D/dalvikvm( 4217): VFY: replacing opcode 0x6e at 0x0006
I/dalvikvm( 4217): Could not find method android.view.View.isImportantForAutofill, referenced from method androidx.core.view.ViewCompat.isImportantForAutofill
W/dalvikvm( 4217): VFY: unable to resolve virtual method 2390: Landroid/view/View;.isImportantForAutofill ()Z
D/dalvikvm( 4217): VFY: replacing opcode 0x6e at 0x0006
I/dalvikvm( 4217): Could not find method android.view.View.isKeyboardNavigationCluster, referenced from method androidx.core.view.ViewCompat.isKeyboardNavigationCluster
W/dalvikvm( 4217): VFY: unable to resolve virtual method 2393: Landroid/view/View;.isKeyboardNavigationCluster ()Z
D/dalvikvm( 4217): VFY: replacing opcode 0x6e at 0x0006
I/dalvikvm( 4217): Could not find method android.view.View.isNestedScrollingEnabled, referenced from method androidx.core.view.ViewCompat.isNestedScrollingEnabled
W/dalvikvm( 4217): VFY: unable to resolve virtual method 2398: Landroid/view/View;.isNestedScrollingEnabled ()Z
D/dalvikvm( 4217): VFY: replacing opcode 0x6e at 0x0006
I/dalvikvm( 4217): Could not find method android.view.View.keyboardNavigationClusterSearch, referenced from method androidx.core.view.ViewCompat.keyboardNavigationClusterSearch
W/dalvikvm( 4217): VFY: unable to resolve virtual method 2405: Landroid/view/View;.keyboardNavigationClusterSearch (Landroid/view/View;I)Landroid/view/View;
D/dalvikvm( 4217): VFY: replacing opcode 0x6e at 0x0006
W/dalvikvm( 4217): VFY: unable to find class referenced in signature (Landroid/view/WindowInsets;)
I/dalvikvm( 4217): Could not find method android.view.View.onApplyWindowInsets, referenced from method androidx.core.view.ViewCompat.onApplyWindowInsets
W/dalvikvm( 4217): VFY: unable to resolve virtual method 2410: Landroid/view/View;.onApplyWindowInsets (Landroid/view/WindowInsets;)Landroid/view/WindowInsets;
D/dalvikvm( 4217): VFY: replacing opcode 0x6e at 0x000a
E/dalvikvm( 4217): Could not find class 'android.view.View$OnUnhandledKeyEventListener', referenced from method androidx.core.view.ViewCompat.removeOnUnhandledKeyEventListener
W/dalvikvm( 4217): VFY: unable to resolve check-cast 458 (Landroid/view/View$OnUnhandledKeyEventListener;) in Landroidx/core/view/ViewCompat;
D/dalvikvm( 4217): VFY: replacing opcode 0x1f at 0x0015
I/dalvikvm( 4217): Could not find method android.view.View.requestApplyInsets, referenced from method androidx.core.view.ViewCompat.requestApplyInsets
W/dalvikvm( 4217): VFY: unable to resolve virtual method 2444: Landroid/view/View;.requestApplyInsets ()V
D/dalvikvm( 4217): VFY: replacing opcode 0x6e at 0x0006
I/dalvikvm( 4217): Could not find method android.view.View.requireViewById, referenced from method androidx.core.view.ViewCompat.requireViewById
W/dalvikvm( 4217): VFY: unable to resolve virtual method 2450: Landroid/view/View;.requireViewById (I)Landroid/view/View;
D/dalvikvm( 4217): VFY: replacing opcode 0x6e at 0x0006
I/dalvikvm( 4217): Could not find method android.view.View.restoreDefaultFocus, referenced from method androidx.core.view.ViewCompat.restoreDefaultFocus
W/dalvikvm( 4217): VFY: unable to resolve virtual method 2452: Landroid/view/View;.restoreDefaultFocus ()Z
D/dalvikvm( 4217): VFY: replacing opcode 0x6e at 0x0006
I/dalvikvm( 4217): Could not find method android.view.View.setAutofillHints, referenced from method androidx.core.view.ViewCompat.setAutofillHints
W/dalvikvm( 4217): VFY: unable to resolve virtual method 2464: Landroid/view/View;.setAutofillHints ([Ljava/lang/String;)V
D/dalvikvm( 4217): VFY: replacing opcode 0x6e at 0x0006
I/dalvikvm( 4217): Could not find method android.view.View.setBackgroundTintList, referenced from method androidx.core.view.ViewCompat.setBackgroundTintList
W/dalvikvm( 4217): VFY: unable to resolve virtual method 2468: Landroid/view/View;.setBackgroundTintList (Landroid/content/res/ColorStateList;)V
D/dalvikvm( 4217): VFY: replacing opcode 0x6e at 0x0006
I/dalvikvm( 4217): Could not find method android.view.View.setBackgroundTintMode, referenced from method androidx.core.view.ViewCompat.setBackgroundTintMode
W/dalvikvm( 4217): VFY: unable to resolve virtual method 2469: Landroid/view/View;.setBackgroundTintMode (Landroid/graphics/PorterDuff$Mode;)V
D/dalvikvm( 4217): VFY: replacing opcode 0x6e at 0x0006
I/dalvikvm( 4217): Could not find method android.view.View.setElevation, referenced from method androidx.core.view.ViewCompat.setElevation
W/dalvikvm( 4217): VFY: unable to resolve virtual method 2473: Landroid/view/View;.setElevation (F)V
D/dalvikvm( 4217): VFY: replacing opcode 0x6e at 0x0006
I/dalvikvm( 4217): Could not find method android.view.View.setFocusedByDefault, referenced from method androidx.core.view.ViewCompat.setFocusedByDefault
W/dalvikvm( 4217): VFY: unable to resolve virtual method 2477: Landroid/view/View;.setFocusedByDefault (Z)V
D/dalvikvm( 4217): VFY: replacing opcode 0x6e at 0x0006
I/dalvikvm( 4217): Could not find method android.view.View.setImportantForAutofill, referenced from method androidx.core.view.ViewCompat.setImportantForAutofill
W/dalvikvm( 4217): VFY: unable to resolve virtual method 2481: Landroid/view/View;.setImportantForAutofill (I)V
D/dalvikvm( 4217): VFY: replacing opcode 0x6e at 0x0006
I/dalvikvm( 4217): Could not find method android.view.View.setKeyboardNavigationCluster, referenced from method androidx.core.view.ViewCompat.setKeyboardNavigationCluster
W/dalvikvm( 4217): VFY: unable to resolve virtual method 2482: Landroid/view/View;.setKeyboardNavigationCluster (Z)V
D/dalvikvm( 4217): VFY: replacing opcode 0x6e at 0x0006
I/dalvikvm( 4217): Could not find method android.view.View.setNestedScrollingEnabled, referenced from method androidx.core.view.ViewCompat.setNestedScrollingEnabled
W/dalvikvm( 4217): VFY: unable to resolve virtual method 2493: Landroid/view/View;.setNestedScrollingEnabled (Z)V
D/dalvikvm( 4217): VFY: replacing opcode 0x6e at 0x0006
I/dalvikvm( 4217): Could not find method android.view.View.setNextClusterForwardId, referenced from method androidx.core.view.ViewCompat.setNextClusterForwardId
W/dalvikvm( 4217): VFY: unable to resolve virtual method 2494: Landroid/view/View;.setNextClusterForwardId (I)V
D/dalvikvm( 4217): VFY: replacing opcode 0x6e at 0x0006
I/dalvikvm( 4217): Could not find method android.view.View.setOnApplyWindowInsetsListener, referenced from method androidx.core.view.ViewCompat.setOnApplyWindowInsetsListener
W/dalvikvm( 4217): VFY: unable to resolve virtual method 2495: Landroid/view/View;.setOnApplyWindowInsetsListener (Landroid/view/View$OnApplyWindowInsetsListener;)V
D/dalvikvm( 4217): VFY: replacing opcode 0x6e at 0x0009
I/dalvikvm( 4217): Failed resolving Landroidx/core/view/ViewCompat$a; interface 448 'Landroid/view/View$OnApplyWindowInsetsListener;'
W/dalvikvm( 4217): Link of class 'Landroidx/core/view/ViewCompat$a;' failed
E/dalvikvm( 4217): Could not find class 'androidx.core.view.ViewCompat$a', referenced from method androidx.core.view.ViewCompat.setOnApplyWindowInsetsListener
W/dalvikvm( 4217): VFY: unable to resolve new-instance 1501 (Landroidx/core/view/ViewCompat$a;) in Landroidx/core/view/ViewCompat;
D/dalvikvm( 4217): VFY: replacing opcode 0x22 at 0x000d
I/dalvikvm( 4217): Could not find method android.view.View.setPointerIcon, referenced from method androidx.core.view.ViewCompat.setPointerIcon
W/dalvikvm( 4217): VFY: unable to resolve virtual method 2507: Landroid/view/View;.setPointerIcon (Landroid/view/PointerIcon;)V
D/dalvikvm( 4217): VFY: replacing opcode 0x6e at 0x0010
I/dalvikvm( 4217): Could not find method android.view.View.setScrollIndicators, referenced from method androidx.core.view.ViewCompat.setScrollIndicators
W/dalvikvm( 4217): VFY: unable to resolve virtual method 2516: Landroid/view/View;.setScrollIndicators (I)V
D/dalvikvm( 4217): VFY: replacing opcode 0x6e at 0x0006
I/dalvikvm( 4217): Could not find method android.view.View.setScrollIndicators, referenced from method androidx.core.view.ViewCompat.setScrollIndicators
W/dalvikvm( 4217): VFY: unable to resolve virtual method 2517: Landroid/view/View;.setScrollIndicators (II)V
D/dalvikvm( 4217): VFY: replacing opcode 0x6e at 0x0006
I/dalvikvm( 4217): Could not find method android.view.View.setSystemGestureExclusionRects, referenced from method androidx.core.view.ViewCompat.setSystemGestureExclusionRects
W/dalvikvm( 4217): VFY: unable to resolve virtual method 2522: Landroid/view/View;.setSystemGestureExclusionRects (Ljava/util/List;)V
D/dalvikvm( 4217): VFY: replacing opcode 0x6e at 0x0006
I/dalvikvm( 4217): Could not find method android.view.View.setTooltipText, referenced from method androidx.core.view.ViewCompat.setTooltipText
W/dalvikvm( 4217): VFY: unable to resolve virtual method 2526: Landroid/view/View;.setTooltipText (Ljava/lang/CharSequence;)V
D/dalvikvm( 4217): VFY: replacing opcode 0x6e at 0x0006
I/dalvikvm( 4217): Could not find method android.view.View.setTransitionName, referenced from method androidx.core.view.ViewCompat.setTransitionName
W/dalvikvm( 4217): VFY: unable to resolve virtual method 2528: Landroid/view/View;.setTransitionName (Ljava/lang/String;)V
D/dalvikvm( 4217): VFY: replacing opcode 0x6e at 0x0006
I/dalvikvm( 4217): Could not find method android.view.View.setTranslationZ, referenced from method androidx.core.view.ViewCompat.setTranslationZ
W/dalvikvm( 4217): VFY: unable to resolve virtual method 2532: Landroid/view/View;.setTranslationZ (F)V
D/dalvikvm( 4217): VFY: replacing opcode 0x6e at 0x0006
I/dalvikvm( 4217): Could not find method android.view.View.setZ, referenced from method androidx.core.view.ViewCompat.setZ
W/dalvikvm( 4217): VFY: unable to resolve virtual method 2537: Landroid/view/View;.setZ (F)V
D/dalvikvm( 4217): VFY: replacing opcode 0x6e at 0x0006
I/dalvikvm( 4217): Could not find method android.view.View.startDragAndDrop, referenced from method androidx.core.view.ViewCompat.startDragAndDrop
W/dalvikvm( 4217): VFY: unable to resolve virtual method 2540: Landroid/view/View;.startDragAndDrop (Landroid/content/ClipData;Landroid/view/View$DragShadowBuilder;Ljava/lang/Object;I)Z
D/dalvikvm( 4217): VFY: replacing opcode 0x6e at 0x0006
I/dalvikvm( 4217): Could not find method android.view.View.startNestedScroll, referenced from method androidx.core.view.ViewCompat.startNestedScroll
W/dalvikvm( 4217): VFY: unable to resolve virtual method 2541: Landroid/view/View;.startNestedScroll (I)Z
D/dalvikvm( 4217): VFY: replacing opcode 0x6e at 0x0006
I/dalvikvm( 4217): Could not find method android.view.View.stopNestedScroll, referenced from method androidx.core.view.ViewCompat.stopNestedScroll
W/dalvikvm( 4217): VFY: unable to resolve virtual method 2542: Landroid/view/View;.stopNestedScroll ()V
D/dalvikvm( 4217): VFY: replacing opcode 0x6e at 0x0006
I/dalvikvm( 4217): Could not find method android.view.View.updateDragShadow, referenced from method androidx.core.view.ViewCompat.updateDragShadow
W/dalvikvm( 4217): VFY: unable to resolve virtual method 2545: Landroid/view/View;.updateDragShadow (Landroid/view/View$DragShadowBuilder;)V
D/dalvikvm( 4217): VFY: replacing opcode 0x6e at 0x0006
I/dalvikvm( 4217): Failed resolving Landroidx/core/view/ViewCompat$b; interface 458 'Landroid/view/View$OnUnhandledKeyEventListener;'
W/dalvikvm( 4217): Link of class 'Landroidx/core/view/ViewCompat$b;' failed
D/dalvikvm( 4217): DexOpt: unable to opt direct call 0x2d17 at 0x1a in Landroidx/core/view/ViewCompat;.addOnUnhandledKeyEventListener
D/dalvikvm( 4217): DexOpt: unable to opt direct call 0x0b52 at 0x16 in Landroidx/core/view/ViewCompat;.dispatchApplyWindowInsets
D/dalvikvm( 4217): GC_CONCURRENT freed 232K, 12% free 3146K/3568K, paused 2ms+0ms, total 4ms
D/dalvikvm( 4217): DexOpt: unable to opt direct call 0x0b52 at 0x16 in Landroidx/core/view/ViewCompat;.onApplyWindowInsets
I/dalvikvm( 4217): Failed resolving Landroidx/core/view/ViewCompat$a; interface 448 'Landroid/view/View$OnApplyWindowInsetsListener;'
W/dalvikvm( 4217): Link of class 'Landroidx/core/view/ViewCompat$a;' failed
D/dalvikvm( 4217): DexOpt: unable to opt direct call 0x2d15 at 0x0f in Landroidx/core/view/ViewCompat;.setOnApplyWindowInsetsListener
I/dalvikvm( 4217): Could not find method android.content.res.Resources.getDrawable, referenced from method androidx.appcompat.widget.m.getDrawable
W/dalvikvm( 4217): VFY: unable to resolve virtual method 822: Landroid/content/res/Resources;.getDrawable (ILandroid/content/res/Resources$Theme;)Landroid/graphics/drawable/Drawable;
D/dalvikvm( 4217): VFY: replacing opcode 0x6e at 0x0002
I/dalvikvm( 4217): Could not find method android.content.res.Resources.getDrawableForDensity, referenced from method androidx.appcompat.widget.m.getDrawableForDensity
W/dalvikvm( 4217): VFY: unable to resolve virtual method 824: Landroid/content/res/Resources;.getDrawableForDensity (IILandroid/content/res/Resources$Theme;)Landroid/graphics/drawable/Drawable;
D/dalvikvm( 4217): VFY: replacing opcode 0x6e at 0x0002
D/dalvikvm( 4217): GC_FOR_ALLOC freed 23K, 12% free 3151K/3568K, paused 2ms, total 2ms
D/EGL_emulation( 1988): eglMakeCurrent: 0xb9198580: ver 3 0
I/dalvikvm-heap( 4217): Grow heap (frag case) to 10.148MB for 7225356-byte allocation
D/dalvikvm( 4217): GC_FOR_ALLOC freed <1K, 4% free 10207K/10628K, paused 2ms, total 2ms
D/dalvikvm( 4217): GC_CONCURRENT freed <1K, 4% free 10207K/10628K, paused 0ms+1ms, total 2ms
E/dalvikvm( 4217): Could not find class 'android.graphics.drawable.RippleDrawable', referenced from method androidx.appcompat.widget.AppCompatImageHelper.e
W/dalvikvm( 4217): VFY: unable to resolve instanceof 224 (Landroid/graphics/drawable/RippleDrawable;) in Landroidx/appcompat/widget/AppCompatImageHelper;
D/dalvikvm( 4217): VFY: replacing opcode 0x20 at 0x000c
I/dalvikvm( 4217): Could not find method android.widget.TextView.getAutoSizeMaxTextSize, referenced from method androidx.appcompat.widget.AppCompatTextView.getAutoSizeMaxTextSize
W/dalvikvm( 4217): VFY: unable to resolve virtual method 4453: Landroid/widget/TextView;.getAutoSizeMaxTextSize ()I
D/dalvikvm( 4217): VFY: replacing opcode 0x6f at 0x0004
I/dalvikvm( 4217): Could not find method android.widget.TextView.getAutoSizeMinTextSize, referenced from method androidx.appcompat.widget.AppCompatTextView.getAutoSizeMinTextSize
