W/Icing   ( 2096): No valid account for uploading user actions
I/Icing   ( 2096): Usage reports ok 0, Failed Usage reports 0, indexed 0, rejected 0
I/dalvikvm( 2697): Could not find method android.os.PowerManager.isInteractive, referenced from method nol.a
W/dalvikvm( 2697): VFY: unable to resolve virtual method 4227: Landroid/os/PowerManager;.isInteractive ()Z
D/dalvikvm( 2697): VFY: replacing opcode 0x6e at 0x0006
W/dalvikvm( 2096): VFY: unable to resolve check-cast 1109 (Landroid/telephony/SubscriptionManager;) in Llbk;
D/dalvikvm( 2096): VFY: replacing opcode 0x1f at 0x0236
I/ActivityManager( 1571): Resuming delayed broadcast
I/dalvikvm( 2096): Could not find method java.util.Locale.toLanguageTag, referenced from method lbk.a
W/dalvikvm( 2096): VFY: unable to resolve virtual method 43769: Ljava/util/Locale;.toLanguageTag ()Ljava/lang/String;
D/dalvikvm( 2096): VFY: replacing opcode 0x6e at 0x0025
W/Launcher( 2242): setApplicationContext called twice! old=com.google.android.velvet.VelvetApplication@9d004a10 new=com.google.android.velvet.VelvetApplication@9d004a10
W/dalvikvm( 2096): VFY: unable to find class referenced in signature (Landroid/telephony/SubscriptionManager;)
I/dalvikvm( 2096): Could not find method android.telephony.SubscriptionManager.getActiveSubscriptionInfoList, referenced from method lbk.a
W/dalvikvm( 2096): VFY: unable to resolve virtual method 5833: Landroid/telephony/SubscriptionManager;.getActiveSubscriptionInfoList ()Ljava/util/List;
D/dalvikvm( 2096): VFY: replacing opcode 0x74 at 0x0004
I/Fitness ( 1776): OnPackageChangedOperation got intent: Intent { act=android.intent.action.PACKAGE_CHANGED dat=package:com.google.android.gsf flg=0x4000010 cmp=com.google.android.gms/.chimera.PersistentIntentOperationService (has extras) } [CONTEXT service_id=17 ]
I/Fitness ( 1776): FitCleanupIntentOperation received Intent android.intent.action.PACKAGE_CHANGED [CONTEXT service_id=17 ]
I/CheckinRequestBuilder( 2096): Checkin reason type: 5 attempt count: 1 [CONTEXT service_id=130 ]
I/Icing.InternalIcingCorporaProvider( 2191): Updating corpora: A: com.google.android.gsf, C: MAYBE
I/ActivityManager( 1571): Delay finish: com.google.android.googlequicksearchbox/com.google.android.searchcommon.summons.icing.InternalIcingCorporaProvider$CorporaChangedReceiver
I/Icing   ( 2096): IndexChimeraService.getServiceInterface callingPackage=com.google.android.googlequicksearchbox componentName=null serviceId=21
D/dalvikvm( 1798): GC_EXPLICIT freed 227K, 23% free 5984K/7752K, paused 0ms+2ms, total 34ms
W/Icing   ( 2096): No valid account for uploading user actions
I/Icing   ( 2096): Usage reports ok 0, Failed Usage reports 0, indexed 0, rejected 0
I/ActivityManager( 1571): Resuming delayed broadcast
W/Launcher( 2242): setApplicationContext called twice! old=com.google.android.velvet.VelvetApplication@9d004a10 new=com.google.android.velvet.VelvetApplication@9d004a10
I/GCoreUlr( 1776): WorldUpdater:init: Ensuring that reporting is stopped because of reasons: (no Google accounts)
I/GCoreUlr( 1776): Unbound from all signal providers.
I/Fitness ( 1776): OnPackageChangedOperation got intent: Intent { act=android.intent.action.PACKAGE_CHANGED dat=package:com.google.android.gms flg=0x4000010 cmp=com.google.android.gms/.chimera.PersistentIntentOperationService (has extras) } [CONTEXT service_id=17 ]
I/Fitness ( 1776): FitCleanupIntentOperation received Intent android.intent.action.PACKAGE_CHANGED [CONTEXT service_id=17 ]
I/ActivityManager( 1571): Delay finish: com.google.android.googlequicksearchbox/com.google.android.searchcommon.summons.icing.InternalIcingCorporaProvider$CorporaChangedReceiver
I/Icing.InternalIcingCorporaProvider( 2191): Updating corpora: A: com.google.android.gms, C: MAYBE
I/GCoreUlr( 1776): Unbound from all signal providers.
I/GCoreUlr( 1776): Stopping handler for UlrDispSvcFast
D/dalvikvm( 2096): GC_FOR_ALLOC freed 1358K, 13% free 11057K/12684K, paused 16ms, total 17ms
E/WakeLock( 2096): DG:service ** IS FORCE-RELEASED ON TIMEOUT **
I/Icing   ( 2096): IndexChimeraService.getServiceInterface callingPackage=com.google.android.googlequicksearchbox componentName=null serviceId=21
I/Icing   ( 2096): updateResources: need to parse wwx{com.google.android.gms}
D/dalvikvm( 2795): DexOpt: load 109ms, verify+opt 135ms, 775212 bytes
D/dalvikvm( 2096): DexOpt: --- END 'DynamiteModulesA.apk' (success) ---
D/dalvikvm( 2096): DEX prep '/data/data/com.google.android.gms/app_chimera/m/00000003/DynamiteModulesA.apk': unzip in 2ms, rewrite 359ms
D/dalvikvm( 2697): GC_FOR_ALLOC freed 787K, 13% free 6845K/7860K, paused 3ms, total 3ms
D/dalvikvm( 1776): GC_FOR_ALLOC freed 1604K, 17% free 9125K/10980K, paused 18ms, total 18ms
W/DynamiteModule( 2096): Local module descriptor class for providerinstaller not found.
D/dalvikvm( 2697): GC_FOR_ALLOC freed 1948K, 33% free 5652K/8316K, paused 4ms, total 4ms
I/DynamiteModule( 2096): Considering local module providerinstaller:0 and remote module providerinstaller:0
W/ProviderInstaller( 2096): Failed to load providerinstaller module: No acceptable module found. Local version is 0 and remote version is 0.
D/dalvikvm( 2697): GC_FOR_ALLOC freed 182K, 31% free 5772K/8316K, paused 2ms, total 2ms
I/dalvikvm-heap( 2697): Grow heap (frag case) to 6.271MB for 475777-byte allocation
D/dalvikvm( 2697): GC_FOR_ALLOC freed <1K, 29% free 6237K/8784K, paused 4ms, total 4ms
D/dalvikvm( 2697): GC_FOR_ALLOC freed <1K, 29% free 6236K/8784K, paused 2ms, total 2ms
I/dalvikvm-heap( 2697): Grow heap (frag case) to 6.724MB for 475777-byte allocation
D/dalvikvm( 2697): GC_FOR_ALLOC freed <1K, 28% free 6701K/9252K, paused 5ms, total 5ms
D/dalvikvm( 2697): GC_FOR_ALLOC freed 941K, 38% free 5811K/9252K, paused 2ms, total 2ms
D/dalvikvm( 2697): GC_FOR_ALLOC freed 3K, 28% free 6741K/9252K, paused 2ms, total 2ms
I/dalvikvm-heap( 2697): Grow heap (frag case) to 7.170MB for 426603-byte allocation
D/dalvikvm( 2697): GC_FOR_ALLOC freed 1394K, 41% free 5763K/9672K, paused 4ms, total 4ms
D/dalvikvm( 2096): GC_FOR_ALLOC freed 995K, 12% free 11239K/12752K, paused 23ms, total 36ms
I/dalvikvm-heap( 2096): Grow heap (frag case) to 12.132MB for 958476-byte allocation
D/dalvikvm( 2697): DexOpt: --- BEGIN 'the.apk' (bootstrap=0) ---
D/dalvikvm( 2096): GC_FOR_ALLOC freed 17K, 12% free 12157K/13692K, paused 14ms, total 14ms
W/linker  ( 2811): libdvm.so has text relocations. This is wasting memory and is a security risk. Please fix.
D/dalvikvm( 2811): DexOpt: load 1ms, verify+opt 2ms, 207932 bytes
D/dalvikvm( 2697): DexOpt: --- END 'the.apk' (success) ---
D/dalvikvm( 2697): DEX prep '/data/data/com.google.android.gms/app_dg_cache/0BF2C608180009C015A9E5E9AF849125E742EA2A/the.apk': unzip in 0ms, rewrite 37ms
D/dalvikvm( 1571): GC_EXPLICIT freed 587K, 47% free 7898K/14816K, paused 0ms+1ms, total 13ms
W/Launcher( 2242): setApplicationContext called twice! old=com.google.android.velvet.VelvetApplication@9d004a10 new=com.google.android.velvet.VelvetApplication@9d004a10
I/ActivityManager( 1571): Resuming delayed broadcast
W/Icing   ( 2096): No valid account for uploading user actions
I/Icing   ( 2096): Usage reports ok 0, Failed Usage reports 0, indexed 0, rejected 0
I/Fitness ( 1776): OnPackageChangedOperation got intent: Intent { act=android.intent.action.PACKAGE_CHANGED dat=package:com.android.settings flg=0x4000010 cmp=com.google.android.gms/.chimera.PersistentIntentOperationService (has extras) } [CONTEXT service_id=17 ]
I/Fitness ( 1776): FitCleanupIntentOperation received Intent android.intent.action.PACKAGE_CHANGED [CONTEXT service_id=17 ]
I/ActivityManager( 1571): Delay finish: com.google.android.googlequicksearchbox/com.google.android.searchcommon.summons.icing.InternalIcingCorporaProvider$CorporaChangedReceiver
D/dalvikvm( 2697): Trying to load lib /data/data/com.google.android.gms/app_dg_cache/0BF2C608180009C015A9E5E9AF849125E742EA2A/libdCD96A5AB8310.so 0x9d176238
D/dalvikvm( 2697): Added shared lib /data/data/com.google.android.gms/app_dg_cache/0BF2C608180009C015A9E5E9AF849125E742EA2A/libdCD96A5AB8310.so 0x9d176238
I/Icing.InternalIcingCorporaProvider( 2191): Updating corpora: A: com.android.settings, C: MAYBE
D/dalvikvm( 2191): GC_FOR_ALLOC freed 456K, 16% free 3478K/4120K, paused 2ms, total 2ms
D/dalvikvm( 2697): GC_FOR_ALLOC freed 1230K, 44% free 5459K/9672K, paused 3ms, total 4ms
E/dalvikvm( 2697): Could not find class 'android.net.Network', referenced from method quf.a
W/dalvikvm( 2697): VFY: unable to resolve check-cast 1424 (Landroid/net/Network;) in Lquf;
D/dalvikvm( 2697): VFY: replacing opcode 0x1f at 0x0075
I/Icing   ( 2096): IndexChimeraService.getServiceInterface callingPackage=com.google.android.googlequicksearchbox componentName=null serviceId=21
W/Icing   ( 2096): No valid account for uploading user actions
I/Icing   ( 2096): Usage reports ok 0, Failed Usage reports 0, indexed 0, rejected 0
W/Launcher( 2242): setApplicationContext called twice! old=com.google.android.velvet.VelvetApplication@9d004a10 new=com.google.android.velvet.VelvetApplication@9d004a10
E/BluetoothAdapter( 1832): Bluetooth binder is null
I/ActivityManager( 1571): Resuming delayed broadcast
D/AlertReceiver( 2342): onReceive: a=android.intent.action.PROVIDER_CHANGED Intent { act=android.intent.action.PROVIDER_CHANGED dat=content://com.android.calendar flg=0x10 cmp=com.google.android.calendar/com.android.calendar.alerts.AlertReceiver }
I/ActivityManager( 1571): Delay finish: com.google.android.calendar/com.android.calendar.alerts.AlertReceiver
D/AlertService( 2342): 0 Action = android.intent.action.PROVIDER_CHANGED
D/dalvikvm( 2096): GC_EXPLICIT freed 1963K, 17% free 11446K/13692K, paused 20ms+5ms, total 58ms
I/Icing   ( 2096): Indexing com.google.android.googlequicksearchbox-applications from com.google.android.googlequicksearchbox
D/dalvikvm( 2697): GC_FOR_ALLOC freed 761K, 43% free 5522K/9672K, paused 7ms, total 9ms
D/        ( 2697): HostConnection::get() New Host Connection established 0xb8b87bf0, tid 2709
D/EGL_emulation( 2697): eglCreateContext: 0xb8bb5430: maj 3 min 0 rcv 3
D/EGL_emulation( 2697): eglMakeCurrent: 0xb8bb5430: ver 3 0
E/eglCodecCommon( 2697): glUtilsParamSize: unknow param 0x00008cdf
E/eglCodecCommon( 2697): glUtilsParamSize: unknow param 0x00008824
E/WakeLock( 2096): DG:service ** IS FORCE-RELEASED ON TIMEOUT **
D/dalvikvm( 2096): DexOpt: --- BEGIN 'DynamiteModulesC.apk' (bootstrap=0) ---
W/linker  ( 2817): libdvm.so has text relocations. This is wasting memory and is a security risk. Please fix.
D/EGL_emulation( 2697): eglCreateContext: 0xb8bb5980: maj 3 min 0 rcv 3
D/EGL_emulation( 2697): eglMakeCurrent: 0xb8bb5980: ver 3 0
E/eglCodecCommon( 2697): glUtilsParamSize: unknow param 0x00008cdf
E/eglCodecCommon( 2697): glUtilsParamSize: unknow param 0x00008824
D/        ( 2697): HostConnection::get() New Host Connection established 0xb8bb3320, tid 2798
D/EGL_emulation( 2697): eglCreateContext: 0xb8bb5430: maj 3 min 0 rcv 3
D/EGL_emulation( 2697): eglMakeCurrent: 0xb8bb5430: ver 3 0
E/eglCodecCommon( 2697): glUtilsParamSize: unknow param 0x00008cdf
E/eglCodecCommon( 2697): glUtilsParamSize: unknow param 0x00008824
D/EGL_emulation( 2697): eglCreateContext: 0xb8c1b310: maj 3 min 0 rcv 3
D/EGL_emulation( 2697): eglMakeCurrent: 0xb8c1b310: ver 3 0
E/eglCodecCommon( 2697): glUtilsParamSize: unknow param 0x00008cdf
E/eglCodecCommon( 2697): glUtilsParamSize: unknow param 0x00008824
I/Icing   ( 2096): Indexing done com.google.android.googlequicksearchbox-applications
I/FontLog ( 2096): Updating from directory version 0 to 17 from disk [CONTEXT service_id=132 ]
I/CheckinUtil( 2096): Classify the device as Phone. [CONTEXT service_id=130 ]
D/dalvikvm( 2817): DexOpt: load 16ms, verify+opt 213ms, 1684660 bytes
D/dalvikvm( 2697): GC_FOR_ALLOC freed 773K, 43% free 5554K/9672K, paused 4ms, total 4ms
D/dalvikvm( 2096): DexOpt: --- END 'DynamiteModulesC.apk' (success) ---
D/dalvikvm( 2096): DEX prep '/data/data/com.google.android.gms/app_chimera/m/00000004/DynamiteModulesC.apk': unzip in 64ms, rewrite 292ms
W/DynamiteModule( 2096): Local module descriptor class for providerinstaller not found.
I/DynamiteModule( 2096): Considering local module providerinstaller:0 and remote module providerinstaller:0
W/ProviderInstaller( 2096): Failed to load providerinstaller module: No acceptable module found. Local version is 0 and remote version is 0.
D/dalvikvm( 2096): GC_EXPLICIT freed 1971K, 19% free 11159K/13692K, paused 1ms+1ms, total 18ms
D/dalvikvm( 2096): DexOpt: --- BEGIN 'GoogleCertificates.apk' (bootstrap=0) ---
I/Icing   ( 2096): Indexing com.google.android.gms-apps from com.google.android.gms
W/linker  ( 2823): libdvm.so has text relocations. This is wasting memory and is a security risk. Please fix.
D/dalvikvm( 2823): DexOpt: load 1ms, verify+opt 5ms, 294780 bytes
I/Icing   ( 2096): Indexing done com.google.android.gms-apps
I/Icing   ( 2096): Indexing com.google.android.googlequicksearchbox-applications from com.google.android.googlequicksearchbox
I/Icing   ( 2096): Indexing done com.google.android.googlequicksearchbox-applications
W/Conscrypt( 2096): Could not set socket write timeout: java.net.SocketException: Socket closed
W/Conscrypt( 2096): 	at com.google.android.gms.org.conscrypt.Platform.setSocketWriteTimeout(:com.google.android.gms@202414005@20.24.14 (000700-319035315):2)
W/Conscrypt( 2096): 	at com.google.android.gms.org.conscrypt.ConscryptFileDescriptorSocket.setSoWriteTimeout(:com.google.android.gms@202414005@20.24.14 (000700-319035315):0)
D/dalvikvm( 2096): DexOpt: --- END 'GoogleCertificates.apk' (success) ---
D/dalvikvm( 2096): DEX prep '/data/data/com.google.android.gms/app_chimera/m/00000005/GoogleCertificates.apk': unzip in 0ms, rewrite 43ms
W/DynamiteModule( 2096): Local module descriptor class for providerinstaller not found.
I/DynamiteModule( 2096): Considering local module providerinstaller:0 and remote module providerinstaller:0
W/ProviderInstaller( 2096): Failed to load providerinstaller module: No acceptable module found. Local version is 0 and remote version is 0.
D/dalvikvm( 2096): GC_FOR_ALLOC freed 614K, 19% free 11174K/13692K, paused 9ms, total 9ms
I/dalvikvm-heap( 2096): Grow heap (frag case) to 12.155MB for 1048588-byte allocation
D/dalvikvm( 2096): GC_FOR_ALLOC freed 4K, 18% free 12194K/14720K, paused 11ms, total 11ms
I/Icing   ( 2096): Indexing com.google.android.gms-apps from com.google.android.gms
I/Icing   ( 2096): Indexing done com.google.android.gms-apps
I/Icing   ( 2096): Indexing com.google.android.gms-internal.3p:MobileApplication from com.google.android.gms
W/Conscrypt( 2096): Could not set socket write timeout: java.net.SocketException: Socket closed
D/dalvikvm( 2096): GC_EXPLICIT freed 1471K, 24% free 11224K/14720K, paused 3ms+8ms, total 24ms
D/dalvikvm( 2697): GC_FOR_ALLOC freed 708K, 42% free 5698K/9672K, paused 3ms, total 3ms
W/Conscrypt( 2096): 	at com.google.android.gms.org.conscrypt.Platform.setSocketWriteTimeout(:com.google.android.gms@202414005@20.24.14 (000700-319035315):2)
W/Conscrypt( 2096): 	at com.google.android.gms.org.conscrypt.ConscryptFileDescriptorSocket.setSoWriteTimeout(:com.google.android.gms@202414005@20.24.14 (000700-319035315):0)
I/Icing   ( 2096): Indexing done com.google.android.gms-internal.3p:MobileApplication
D/dalvikvm( 2697): GC_FOR_ALLOC freed 362K, 39% free 5933K/9672K, paused 2ms, total 2ms
I/Icing   ( 2096): Indexing com.google.android.googlequicksearchbox-applications from com.google.android.googlequicksearchbox
D/dalvikvm( 2697): GC_FOR_ALLOC freed 942K, 39% free 5968K/9672K, paused 4ms, total 4ms
D/dalvikvm( 2697): GC_FOR_ALLOC freed 2K, 29% free 6898K/9672K, paused 2ms, total 2ms
D/dalvikvm( 2096): DexOpt: --- BEGIN 'MapsDynamite.apk' (bootstrap=0) ---
I/Icing   ( 2096): Indexing done com.google.android.googlequicksearchbox-applications
D/dalvikvm( 2697): GC_FOR_ALLOC freed 1841K, 43% free 5579K/9672K, paused 4ms, total 4ms
W/linker  ( 2824): libdvm.so has text relocations. This is wasting memory and is a security risk. Please fix.
D/dalvikvm( 2697): DexOpt: --- BEGIN 'the.apk' (bootstrap=0) ---
W/linker  ( 2825): libdvm.so has text relocations. This is wasting memory and is a security risk. Please fix.
D/dalvikvm( 2825): DexOpt: load 1ms, verify+opt 2ms, 207932 bytes
D/dalvikvm( 2697): DexOpt: --- END 'the.apk' (success) ---
D/dalvikvm( 2697): DEX prep '/data/data/com.google.android.gms/app_dg_cache/332DF7A96159CC0FFEB819779627D9C94920AA73/the.apk': unzip in 0ms, rewrite 28ms
D/dalvikvm( 2697): Trying to load lib /data/data/com.google.android.gms/app_dg_cache/332DF7A96159CC0FFEB819779627D9C94920AA73/libdCD96A5AB8310.so 0x9d2566a8
D/dalvikvm( 2697): Added shared lib /data/data/com.google.android.gms/app_dg_cache/332DF7A96159CC0FFEB819779627D9C94920AA73/libdCD96A5AB8310.so 0x9d2566a8
E/DG      ( 2697): FSC error [CONTEXT service_id=25 ]
E/DG      ( 2697): java.lang.NullPointerException
E/DG      ( 2697): 	at bnwi.a(:com.google.android.gms@202414005@20.24.14 (000700-319035315):16)
E/DG      ( 2697): 	at com.google.android.gms.droidguard.DroidGuardChimeraService.a(:com.google.android.gms@202414005@20.24.14 (000700-319035315):39)
E/DG      ( 2697): 	at com.google.android.gms.droidguard.DroidGuardChimeraService.a(:com.google.android.gms@202414005@20.24.14 (000700-319035315):71)
E/DG      ( 2697): 	at com.google.android.gms.framework.tracing.wrapper.TracingIntentService.onHandleIntent(:com.google.android.gms@202414005@20.24.14 (000700-319035315):1)
E/DG      ( 2697): 	at bpq.handleMessage(:com.google.android.gms@202414005@20.24.14 (000700-319035315):0)
E/DG      ( 2697): 	at android.os.Handler.dispatchMessage(Handler.java:102)
E/DG      ( 2697): 	at android.os.Looper.loop(Looper.java:136)
E/DG      ( 2697): 	at android.os.HandlerThread.run(HandlerThread.java:61)
D/dalvikvm( 2697): GC_FOR_ALLOC freed 880K, 43% free 5564K/9672K, paused 3ms, total 3ms
D/dalvikvm( 2824): DexOpt: load 28ms, verify+opt 112ms, 1867812 bytes
D/dalvikvm( 2096): DexOpt: --- END 'MapsDynamite.apk' (success) ---
D/dalvikvm( 2096): DEX prep '/data/data/com.google.android.gms/app_chimera/m/00000006/MapsDynamite.apk': unzip in 26ms, rewrite 180ms
W/DynamiteModule( 2096): Local module descriptor class for providerinstaller not found.
I/DynamiteModule( 2096): Considering local module providerinstaller:0 and remote module providerinstaller:0
W/ProviderInstaller( 2096): Failed to load providerinstaller module: No acceptable module found. Local version is 0 and remote version is 0.
D/EGL_emulation( 2697): eglCreateContext: 0xb8c0b040: maj 3 min 0 rcv 3
D/EGL_emulation( 2697): eglMakeCurrent: 0xb8c0b040: ver 3 0
E/eglCodecCommon( 2697): glUtilsParamSize: unknow param 0x00008cdf
E/eglCodecCommon( 2697): glUtilsParamSize: unknow param 0x00008824
D/dalvikvm( 2096): GC_EXPLICIT freed 672K, 25% free 11153K/14720K, paused 0ms+2ms, total 19ms
D/dalvikvm( 2096): DexOpt: --- BEGIN 'MeasurementDynamite.apk' (bootstrap=0) ---
W/linker  ( 2827): libdvm.so has text relocations. This is wasting memory and is a security risk. Please fix.
D/EGL_emulation( 2697): eglCreateContext: 0xb8c0b040: maj 3 min 0 rcv 3
D/EGL_emulation( 2697): eglMakeCurrent: 0xb8c0b040: ver 3 0
E/eglCodecCommon( 2697): glUtilsParamSize: unknow param 0x00008cdf
E/eglCodecCommon( 2697): glUtilsParamSize: unknow param 0x00008824
I/Icing   ( 2096): Indexing com.google.android.gms-apps from com.google.android.gms
I/Icing   ( 2096): Indexing done com.google.android.gms-apps
I/Icing   ( 2096): Indexing com.google.android.googlequicksearchbox-applications from com.google.android.googlequicksearchbox
I/Icing   ( 2096): Indexing done com.google.android.googlequicksearchbox-applications
I/Icing   ( 2096): Indexing com.google.android.gms-internal.3p:MobileApplication from com.google.android.gms
I/Icing   ( 2096): Indexing done com.google.android.gms-internal.3p:MobileApplication
D/dalvikvm( 2827): DexOpt: load 2ms, verify+opt 32ms, 584588 bytes
D/dalvikvm( 2096): DexOpt: --- END 'MeasurementDynamite.apk' (success) ---
D/dalvikvm( 2096): DEX prep '/data/data/com.google.android.gms/app_chimera/m/00000007/MeasurementDynamite.apk': unzip in 3ms, rewrite 85ms
I/Icing   ( 2096): Indexing com.google.android.gms-apps from com.google.android.gms
I/Icing   ( 2096): Indexing done com.google.android.gms-apps
D/dalvikvm( 2096): GC_EXPLICIT freed 367K, 21% free 11630K/14720K, paused 1ms+13ms, total 28ms
I/CheckinResponseProcess( 2096): From server: 1527 gservices [full] [CONTEXT service_id=130 ]
I/Icing   ( 2096): Indexing com.google.android.googlequicksearchbox-applications from com.google.android.googlequicksearchbox
I/Icing   ( 2096): Indexing done com.google.android.googlequicksearchbox-applications
D/dalvikvm( 2096): GC_EXPLICIT freed 57K, 20% free 11869K/14720K, paused 2ms+3ms, total 25ms
I/Icing   ( 2096): Indexing com.google.android.gms-internal.3p:MobileApplication from com.google.android.gms
I/Icing   ( 2096): Indexing done com.google.android.gms-internal.3p:MobileApplication
D/dalvikvm( 2096): GC_EXPLICIT freed 30K, 20% free 11869K/14720K, paused 4ms+3ms, total 23ms
D/dalvikvm( 2096): GC_EXPLICIT freed 23K, 20% free 11860K/14720K, paused 0ms+1ms, total 10ms
D/dalvikvm( 2096): GC_EXPLICIT freed 8K, 20% free 11858K/14720K, paused 1ms+1ms, total 10ms
D/dalvikvm( 2096): GC_EXPLICIT freed 7K, 20% free 11858K/14720K, paused 0ms+1ms, total 10ms
D/dalvikvm( 2697): GC_FOR_ALLOC freed 772K, 42% free 5629K/9672K, paused 3ms, total 3ms
D/dalvikvm( 2096): GC_EXPLICIT freed 6K, 20% free 11858K/14720K, paused 1ms+0ms, total 30ms
D/dalvikvm( 2096): GC_EXPLICIT freed 6K, 20% free 11858K/14720K, paused 1ms+1ms, total 12ms
I/GmsModuleFndr( 2096): Beginning GMS chimera module scan
D/dalvikvm( 2096): DexOpt: couldn't find static field Landroid/os/Build;.SUPPORTED_64_BIT_ABIS
W/dalvikvm( 2096): VFY: unable to resolve static field 1539 (SUPPORTED_64_BIT_ABIS) in Landroid/os/Build;
D/dalvikvm( 2096): VFY: replacing opcode 0x62 at 0x002c
D/dalvikvm( 2096): DexOpt: couldn't find static field Landroid/os/Build;.SUPPORTED_32_BIT_ABIS
W/dalvikvm( 2096): VFY: unable to resolve static field 1538 (SUPPORTED_32_BIT_ABIS) in Landroid/os/Build;
D/dalvikvm( 2096): VFY: replacing opcode 0x62 at 0x0032
I/ModuleSetMgr( 2096): Computing pending module set with APKs: [[AdsFdrDynamite.integ:21460000000], [Cronetdynamite:202414000700], [Dynamiteloader:202414000700], [Dynamitemodulesa:202414000000], [Dynamitemodulesc:202414000000], [Googlecertificates:202414000000], [Mapsdynamite:202414000000], [Measurementdynamite:202414000000]]
I/ModuleSetMgr( 2096): Pending container module APKs: []
I/ModuleSetMgr( 2096): Pending non-container module APKs: []
D/dalvikvm( 1798): GC_FOR_ALLOC freed 292K, 15% free 6658K/7752K, paused 4ms, total 4ms
I/GservicesProvider( 1798): main update completed
I/CertBlacklister( 1571): Certificate blacklist changed, updating...
I/CertBlacklister( 1571): Certificate blacklist updated
I/Checkin ( 2096): [CheckinRequestProcessor] CheckinNowTaskTag : Checkin Succeeded: https://android.googleapis.com/checkin (fragment #1).
D/dalvikvm( 1776): GC_FOR_ALLOC freed 2357K, 23% free 8817K/11424K, paused 8ms, total 8ms
D/dalvikvm( 1798): GC_EXPLICIT freed 1121K, 22% free 6073K/7752K, paused 1ms+1ms, total 6ms
D/dalvikvm( 2096): GC_FOR_ALLOC freed 1770K, 18% free 12135K/14720K, paused 12ms, total 12ms
D/dalvikvm( 1798): GC_EXPLICIT freed 135K, 22% free 6075K/7752K, paused 0ms+0ms, total 5ms
D/dalvikvm( 1776): DexOpt: couldn't find field Landroid/os/Message;.sendingUid
W/dalvikvm( 1776): VFY: unable to resolve instance field 17858
D/dalvikvm( 1776): VFY: replacing opcode 0x52 at 0x0013
I/GCM-GMS ( 2096): Registering GMS 745476177629
D/dalvikvm( 2096): GC_FOR_ALLOC freed 2050K, 18% free 12132K/14720K, paused 10ms, total 10ms
I/ahju    ( 1776): Scheduling Phenotype for a PhenotypeSyncImmediately(6, com.google.android.gms.phenotype) one off with window [1, 2] in seconds [CONTEXT service_id=51 ]
I/ahju    ( 1776): Scheduling Phenotype for a PhenotypeSyncImmediately(6, com.google.android.games.app) one off with window [1, 2] in seconds [CONTEXT service_id=51 ]
D/dalvikvm( 1776): GC_EXPLICIT freed 1859K, 24% free 8781K/11424K, paused 0ms+1ms, total 9ms
D/dalvikvm( 1798): GC_EXPLICIT freed 138K, 22% free 6075K/7752K, paused 0ms+1ms, total 4ms
E/dalvikvm( 2096): JIT code cache full
I/ChimeraCfgMgr( 2096): Updating module config: container:2024149000700 -> container:2024149000700
E/DowngradeHelper( 2096): isModuleDowngradeRequired false
E/ConfigFileUtils( 2096): Failed to read config file: /data/data/com.google.android.gms/app_chimera/current_modules_init.pb: open failed: ENOENT (No such file or directory)
W/Conscrypt( 1776): Could not set socket write timeout: java.net.SocketException: Socket closed
W/Conscrypt( 1776): 	at com.google.android.gms.org.conscrypt.Platform.setSocketWriteTimeout(:com.google.android.gms@202414005@20.24.14 (000700-319035315):2)
W/Conscrypt( 1776): 	at com.google.android.gms.org.conscrypt.ConscryptFileDescriptorSocket.setSoWriteTimeout(:com.google.android.gms@202414005@20.24.14 (000700-319035315):0)
D/AndroidRuntime( 2836): 
D/AndroidRuntime( 2836): >>>>>> AndroidRuntime START com.android.internal.os.RuntimeInit <<<<<<
W/linker  ( 2836): libdvm.so has text relocations. This is wasting memory and is a security risk. Please fix.
D/AndroidRuntime( 2836): CheckJNI is ON
D/dalvikvm( 2836): Trying to load lib libjavacore.so 0x0
D/dalvikvm( 2836): Added shared lib libjavacore.so 0x0
D/dalvikvm( 2836): Trying to load lib libnativehelper.so 0x0
D/dalvikvm( 2836): Added shared lib libnativehelper.so 0x0
D/dalvikvm( 2836): No JNI_OnLoad found in libnativehelper.so 0x0, skipping init
W/Conscrypt( 1776): Could not set socket write timeout: java.net.SocketException: Socket closed
W/Conscrypt( 1776): 	at com.google.android.gms.org.conscrypt.Platform.setSocketWriteTimeout(:com.google.android.gms@202414005@20.24.14 (000700-319035315):2)
W/Conscrypt( 1776): 	at com.google.android.gms.org.conscrypt.ConscryptFileDescriptorSocket.setSoWriteTimeout(:com.google.android.gms@202414005@20.24.14 (000700-319035315):0)
I/InputReader( 1571): Reconfiguring input devices.  changes=0x00000010
D/dalvikvm( 2836): Note: class Landroid/app/ActivityManagerNative; has 179 unimplemented (abstract) methods
W/Launcher.Model( 2242): Nobody to tell about the new app.  Launcher is probably loading.
I/PackageManager( 1571):   Action: "android.intent.action.SENDTO"
I/PackageManager( 1571):   Category: "android.intent.category.DEFAULT"
I/PackageManager( 1571):   Scheme: "sms"
I/PackageManager( 1571): Adding preferred activity ComponentInfo{com.android.mms/com.android.mms.ui.ComposeMessageActivity} for user 0 :
E/memtrack( 2836): Couldn't load memtrack module (No such file or directory)
E/android.os.Debug( 2836): failed to load memtrack module: -2
I/InputReader( 1571): Reconfiguring input devices.  changes=0x00000010
W/Launcher.Model( 2242): Nobody to tell about the new app.  Launcher is probably loading.
I/PackageManager( 1571):   Action: "android.intent.action.SENDTO"
I/PackageManager( 1571):   Category: "android.intent.category.DEFAULT"
I/PackageManager( 1571):   Scheme: "smsto"
I/PackageManager( 1571): Adding preferred activity ComponentInfo{com.android.mms/com.android.mms.ui.ComposeMessageActivity} for user 0 :
D/dalvikvm( 2242): GC_FOR_ALLOC freed 211K, 14% free 3332K/3860K, paused 2ms, total 2ms
I/PackageManager( 1571):   Action: "android.intent.action.SENDTO"
I/PackageManager( 1571):   Category: "android.intent.category.DEFAULT"
I/PackageManager( 1571):   Scheme: "mms"
W/Launcher.Model( 2242): Nobody to tell about the new app.  Launcher is probably loading.
I/PackageManager( 1571): Adding preferred activity ComponentInfo{com.android.mms/com.android.mms.ui.ComposeMessageActivity} for user 0 :
D/AndroidRuntime( 2836): Calling main entry com.android.commands.input.Input
I/Input   ( 2836): injectKeyEvent: KeyEvent { action=ACTION_DOWN, keyCode=KEYCODE_MENU, scanCode=0, metaState=0, flags=0x0, repeatCount=0, eventTime=29401, downTime=29401, deviceId=-1, source=0x101 }
D/dalvikvm( 1814): GC_FOR_ALLOC freed 373K, 16% free 3681K/4356K, paused 1ms, total 2ms
I/PackageManager( 1571):   Action: "android.intent.action.SENDTO"
I/PackageManager( 1571):   Category: "android.intent.category.DEFAULT"
I/PackageManager( 1571):   Scheme: "mmsto"
I/PackageManager( 1571): Adding preferred activity ComponentInfo{com.android.mms/com.android.mms.ui.ComposeMessageActivity} for user 0 :
D/dalvikvm( 1571): GC_FOR_ALLOC freed 1226K, 47% free 7903K/14816K, paused 16ms, total 16ms
I/Input   ( 2836): injectKeyEvent: KeyEvent { action=ACTION_UP, keyCode=KEYCODE_MENU, scanCode=0, metaState=0, flags=0x0, repeatCount=0, eventTime=29401, downTime=29401, deviceId=-1, source=0x101 }
I/PackageManager( 1571):   Action: "android.intent.action.SENDTO"
I/PackageManager( 1571):   Category: "android.intent.category.DEFAULT"
I/PackageManager( 1571):   Scheme: "sms"
I/InputReader( 1571): Reconfiguring input devices.  changes=0x00000010
W/Launcher.Model( 2242): Nobody to tell about the new app.  Launcher is probably loading.
I/PackageManager( 1571):   Action: "android.intent.action.SENDTO"
I/PackageManager( 1571):   Category: "android.intent.category.DEFAULT"
I/PackageManager( 1571):   Scheme: "smsto"
I/InputReader( 1571): Reconfiguring input devices.  changes=0x00000010
I/PackageManager( 1571): Adding preferred activity ComponentInfo{com.android.mms/com.android.mms.ui.ComposeMessageActivity} for user 0 :
I/PackageManager( 1571): Adding preferred activity ComponentInfo{com.android.mms/com.android.mms.ui.ComposeMessageActivity} for user 0 :
D/dalvikvm( 1937): GC_FOR_ALLOC freed 1630K, 9% free 22877K/25080K, paused 4ms, total 13ms
I/PackageManager( 1571):   Action: "android.intent.action.SENDTO"
I/PackageManager( 1571):   Category: "android.intent.category.DEFAULT"
I/PackageManager( 1571):   Scheme: "mms"
I/PackageManager( 1571): Adding preferred activity ComponentInfo{com.android.mms/com.android.mms.ui.ComposeMessageActivity} for user 0 :
D/dalvikvm( 1814): GC_FOR_ALLOC freed 411K, 17% free 3667K/4376K, paused 3ms, total 3ms
I/PackageManager( 1571):   Action: "android.intent.action.SENDTO"
I/PackageManager( 1571):   Category: "android.intent.category.DEFAULT"
I/PackageManager( 1571):   Scheme: "mmsto"
I/PackageManager( 1571): Adding preferred activity ComponentInfo{com.android.mms/com.android.mms.ui.ComposeMessageActivity} for user 0 :
I/PackageManager( 1571):   Action: "android.intent.action.SENDTO"
I/PackageManager( 1571):   Category: "android.intent.category.DEFAULT"
I/PackageManager( 1571):   Scheme: "sms"
I/PackageManager( 1571): Adding preferred activity ComponentInfo{com.android.mms/com.android.mms.ui.ComposeMessageActivity} for user 0 :
D/dalvikvm( 1937): GC_FOR_ALLOC freed 31K, 9% free 23054K/25080K, paused 2ms, total 2ms
I/PackageManager( 1571):   Action: "android.intent.action.SENDTO"
I/PackageManager( 1571):   Category: "android.intent.category.DEFAULT"
I/PackageManager( 1571):   Scheme: "smsto"
I/dalvikvm-heap( 1937): Grow heap (frag case) to 24.544MB for 1939932-byte allocation
I/PackageManager( 1571): Adding preferred activity ComponentInfo{com.android.mms/com.android.mms.ui.ComposeMessageActivity} for user 0 :
D/dalvikvm( 1937): GC_FOR_ALLOC freed <1K, 8% free 24949K/26976K, paused 8ms, total 8ms
D/dalvikvm( 1571): GC_FOR_ALLOC freed 1207K, 47% free 7929K/14816K, paused 13ms, total 13ms
D/AndroidRuntime( 2836): Shutting down VM
D/jdwp    ( 2836): Got wake-up signal, bailing out of select
D/dalvikvm( 2836): Debugger has detached; object registry had 1 entries
I/PackageManager( 1571):   Action: "android.intent.action.SENDTO"
I/PackageManager( 1571):   Category: "android.intent.category.DEFAULT"
I/PackageManager( 1571):   Scheme: "mms"
E/SoundPool( 1571): error loading /system/media/audio/ui/Effect_Tick.ogg
W/AudioService( 1571): Soundpool could not load file: /system/media/audio/ui/Effect_Tick.ogg
E/SoundPool( 1571): error loading /system/media/audio/ui/Effect_Tick.ogg
W/AudioService( 1571): Soundpool could not load file: /system/media/audio/ui/Effect_Tick.ogg
E/SoundPool( 1571): error loading /system/media/audio/ui/Effect_Tick.ogg
W/AudioService( 1571): Soundpool could not load file: /system/media/audio/ui/Effect_Tick.ogg
E/SoundPool( 1571): error loading /system/media/audio/ui/Effect_Tick.ogg
W/AudioService( 1571): Soundpool could not load file: /system/media/audio/ui/Effect_Tick.ogg
E/SoundPool( 1571): error loading /system/media/audio/ui/Effect_Tick.ogg
W/AudioService( 1571): Soundpool could not load file: /system/media/audio/ui/Effect_Tick.ogg
E/SoundPool( 1571): error loading /system/media/audio/ui/KeypressStandard.ogg
W/AudioService( 1571): Soundpool could not load file: /system/media/audio/ui/KeypressStandard.ogg
E/SoundPool( 1571): error loading /system/media/audio/ui/KeypressSpacebar.ogg
W/AudioService( 1571): Soundpool could not load file: /system/media/audio/ui/KeypressSpacebar.ogg
I/PackageManager( 1571): Adding preferred activity ComponentInfo{com.android.mms/com.android.mms.ui.ComposeMessageActivity} for user 0 :
E/SoundPool( 1571): error loading /system/media/audio/ui/KeypressDelete.ogg
W/AudioService( 1571): Soundpool could not load file: /system/media/audio/ui/KeypressDelete.ogg
E/SoundPool( 1571): error loading /system/media/audio/ui/KeypressReturn.ogg
W/AudioService( 1571): Soundpool could not load file: /system/media/audio/ui/KeypressReturn.ogg
E/SoundPool( 1571): error loading /system/media/audio/ui/KeypressInvalid.ogg
W/AudioService( 1571): Soundpool could not load file: /system/media/audio/ui/KeypressInvalid.ogg
W/AudioService( 1571): onLoadSoundEffects(), Error -1 while loading samples
D/dalvikvm( 1814): GC_FOR_ALLOC freed 413K, 17% free 3662K/4376K, paused 3ms, total 3ms
I/PackageManager( 1571):   Action: "android.intent.action.SENDTO"
I/PackageManager( 1571):   Category: "android.intent.category.DEFAULT"
I/PackageManager( 1571):   Scheme: "mmsto"
I/PackageManager( 1571): Adding preferred activity ComponentInfo{com.android.mms/com.android.mms.ui.ComposeMessageActivity} for user 0 :
I/PackageManager( 1571):   Action: "android.intent.action.SENDTO"
I/PackageManager( 1571):   Category: "android.intent.category.DEFAULT"
I/PackageManager( 1571):   Scheme: "sms"
I/PackageManager( 1571): Adding preferred activity ComponentInfo{com.android.mms/com.android.mms.ui.ComposeMessageActivity} for user 0 :
I/PackageManager( 1571):   Action: "android.intent.action.SENDTO"
I/PackageManager( 1571):   Category: "android.intent.category.DEFAULT"
I/PackageManager( 1571):   Scheme: "smsto"
I/PackageManager( 1571): Adding preferred activity ComponentInfo{com.android.mms/com.android.mms.ui.ComposeMessageActivity} for user 0 :
D/dalvikvm( 1814): GC_FOR_ALLOC freed 380K, 17% free 3665K/4376K, paused 2ms, total 2ms
I/PackageManager( 1571):   Action: "android.intent.action.SENDTO"
I/PackageManager( 1571):   Category: "android.intent.category.DEFAULT"
I/PackageManager( 1571):   Scheme: "mms"
I/PackageManager( 1571): Adding preferred activity ComponentInfo{com.android.mms/com.android.mms.ui.ComposeMessageActivity} for user 0 :
I/PackageManager( 1571):   Action: "android.intent.action.SENDTO"
I/PackageManager( 1571):   Category: "android.intent.category.DEFAULT"
I/PackageManager( 1571):   Scheme: "mmsto"
I/PackageManager( 1571): Adding preferred activity ComponentInfo{com.android.mms/com.android.mms.ui.ComposeMessageActivity} for user 0 :
D/EGL_emulation( 1937): eglMakeCurrent: 0xb8bf6270: ver 3 0
E/EGL_emulation( 1937): tid 1937: eglSurfaceAttrib(1199): error 0x3009 (EGL_BAD_MATCH)
W/HardwareRenderer( 1937): Backbuffer cannot be preserved
D/EGL_emulation( 1937): eglMakeCurrent: 0xb8bf6270: ver 3 0
I/PackageManager( 1571):   Action: "android.intent.action.SENDTO"
I/PackageManager( 1571):   Category: "android.intent.category.DEFAULT"
I/PackageManager( 1571):   Scheme: "sms"
I/PackageManager( 1571): Adding preferred activity ComponentInfo{com.android.mms/com.android.mms.ui.ComposeMessageActivity} for user 0 :
D/dalvikvm( 1571): GC_FOR_ALLOC freed 1192K, 47% free 7972K/14816K, paused 18ms, total 18ms
I/PackageManager( 1571):   Action: "android.intent.action.SENDTO"
I/PackageManager( 1571):   Category: "android.intent.category.DEFAULT"
I/PackageManager( 1571):   Scheme: "smsto"
I/PackageManager( 1571): Adding preferred activity ComponentInfo{com.android.mms/com.android.mms.ui.ComposeMessageActivity} for user 0 :
D/dalvikvm( 1776): GC_FOR_ALLOC freed 980K, 22% free 8956K/11424K, paused 84ms, total 85ms
I/dalvikvm-heap( 1776): Grow heap (frag case) to 9.051MB for 65548-byte allocation
D/dalvikvm( 1814): GC_FOR_ALLOC freed 432K, 17% free 3670K/4376K, paused 2ms, total 2ms
I/PackageManager( 1571):   Action: "android.intent.action.SENDTO"
I/PackageManager( 1571):   Category: "android.intent.category.DEFAULT"
I/PackageManager( 1571):   Scheme: "mms"
I/PackageManager( 1571): Adding preferred activity ComponentInfo{com.android.mms/com.android.mms.ui.ComposeMessageActivity} for user 0 :
D/dalvikvm( 1776): GC_FOR_ALLOC freed 10K, 22% free 9010K/11492K, paused 13ms, total 13ms
I/PackageManager( 1571):   Action: "android.intent.action.SENDTO"
I/PackageManager( 1571):   Category: "android.intent.category.DEFAULT"
I/PackageManager( 1571):   Scheme: "mmsto"
I/PackageManager( 1571): Adding preferred activity ComponentInfo{com.android.mms/com.android.mms.ui.ComposeMessageActivity} for user 0 :
I/PackageManager( 1571):   Action: "android.intent.action.SENDTO"
I/PackageManager( 1571):   Category: "android.intent.category.DEFAULT"
I/PackageManager( 1571):   Scheme: "sms"
I/PackageManager( 1571): Adding preferred activity ComponentInfo{com.android.mms/com.android.mms.ui.ComposeMessageActivity} for user 0 :
I/PackageManager( 1571):   Action: "android.intent.action.SENDTO"
I/PackageManager( 1571):   Category: "android.intent.category.DEFAULT"
I/PackageManager( 1571):   Scheme: "smsto"
D/EGL_emulation( 1937): eglMakeCurrent: 0xb8bf6270: ver 3 0
D/dalvikvm( 2096): JIT code cache reset in 1 ms (522844 bytes 1/0)
I/PackageManager( 1571): Adding preferred activity ComponentInfo{com.android.mms/com.android.mms.ui.ComposeMessageActivity} for user 0 :
D/dalvikvm( 1814): GC_FOR_ALLOC freed 403K, 16% free 3691K/4376K, paused 4ms, total 4ms
D/EGL_emulation( 1937): eglMakeCurrent: 0xb8bf6270: ver 3 0
D/dalvikvm( 2096): GC_FOR_ALLOC freed 2926K, 24% free 11253K/14720K, paused 65ms, total 65ms
I/PackageManager( 1571):   Action: "android.intent.action.SENDTO"
I/PackageManager( 1571):   Category: "android.intent.category.DEFAULT"
I/PackageManager( 1571):   Scheme: "mms"
I/PackageManager( 1571): Adding preferred activity ComponentInfo{com.android.mms/com.android.mms.ui.ComposeMessageActivity} for user 0 :
I/PackageManager( 1571):   Action: "android.intent.action.SENDTO"
I/PackageManager( 1571):   Category: "android.intent.category.DEFAULT"
I/PackageManager( 1571):   Scheme: "mmsto"
I/PackageManager( 1571): Adding preferred activity ComponentInfo{com.android.mms/com.android.mms.ui.ComposeMessageActivity} for user 0 :
I/PackageManager( 1571):   Action: "android.intent.action.SENDTO"
I/PackageManager( 1571):   Category: "android.intent.category.DEFAULT"
I/PackageManager( 1571):   Scheme: "sms"
D/EGL_emulation( 1937): eglMakeCurrent: 0xb8bf6270: ver 3 0
I/PackageManager( 1571): Adding preferred activity ComponentInfo{com.android.mms/com.android.mms.ui.ComposeMessageActivity} for user 0 :
D/dalvikvm( 1571): GC_FOR_ALLOC freed 1340K, 47% free 7881K/14816K, paused 11ms, total 11ms
D/EGL_emulation( 1937): eglMakeCurrent: 0xb8bf6270: ver 3 0
I/PackageManager( 1571):   Action: "android.intent.action.SENDTO"
I/PackageManager( 1571):   Category: "android.intent.category.DEFAULT"
I/PackageManager( 1571):   Scheme: "smsto"
I/PackageManager( 1571): Adding preferred activity ComponentInfo{com.android.mms/com.android.mms.ui.ComposeMessageActivity} for user 0 :
D/dalvikvm( 1814): GC_FOR_ALLOC freed 485K, 18% free 3631K/4388K, paused 3ms, total 3ms
I/PackageManager( 1571):   Action: "android.intent.action.SENDTO"
I/PackageManager( 1571):   Category: "android.intent.category.DEFAULT"
I/PackageManager( 1571):   Scheme: "mms"
I/PackageManager( 1571): Adding preferred activity ComponentInfo{com.android.mms/com.android.mms.ui.ComposeMessageActivity} for user 0 :
I/PackageManager( 1571):   Action: "android.intent.action.SENDTO"
I/PackageManager( 1571):   Category: "android.intent.category.DEFAULT"
I/PackageManager( 1571):   Scheme: "mmsto"
I/PackageManager( 1571): Adding preferred activity ComponentInfo{com.android.mms/com.android.mms.ui.ComposeMessageActivity} for user 0 :
I/PackageManager( 1571):   Action: "android.intent.action.SENDTO"
I/PackageManager( 1571):   Category: "android.intent.category.DEFAULT"
I/PackageManager( 1571):   Scheme: "sms"
I/PackageManager( 1571): Adding preferred activity ComponentInfo{com.android.mms/com.android.mms.ui.ComposeMessageActivity} for user 0 :
I/PackageManager( 1571):   Action: "android.intent.action.SENDTO"
I/PackageManager( 1571):   Category: "android.intent.category.DEFAULT"
I/PackageManager( 1571):   Scheme: "smsto"
I/PackageManager( 1571): Adding preferred activity ComponentInfo{com.android.mms/com.android.mms.ui.ComposeMessageActivity} for user 0 :
D/dalvikvm( 1776): GC_FOR_ALLOC freed 281K, 24% free 8753K/11492K, paused 118ms, total 128ms
I/dalvikvm-heap( 1776): Grow heap (frag case) to 8.916MB for 131084-byte allocation
D/dalvikvm( 1814): GC_FOR_ALLOC freed 412K, 17% free 3664K/4388K, paused 3ms, total 3ms
I/PackageManager( 1571):   Action: "android.intent.action.SENDTO"
I/PackageManager( 1571):   Category: "android.intent.category.DEFAULT"
I/PackageManager( 1571):   Scheme: "mms"
I/PackageManager( 1571): Adding preferred activity ComponentInfo{com.android.mms/com.android.mms.ui.ComposeMessageActivity} for user 0 :
I/PackageManager( 1571):   Action: "android.intent.action.SENDTO"
I/PackageManager( 1571):   Category: "android.intent.category.DEFAULT"
I/PackageManager( 1571):   Scheme: "mmsto"
I/PackageManager( 1571): Adding preferred activity ComponentInfo{com.android.mms/com.android.mms.ui.ComposeMessageActivity} for user 0 :
D/dalvikvm( 1776): GC_FOR_ALLOC freed <1K, 24% free 8881K/11624K, paused 42ms, total 42ms
D/dalvikvm( 1776): GC_FOR_ALLOC freed 14K, 24% free 8887K/11624K, paused 29ms, total 29ms
I/dalvikvm-heap( 1776): Grow heap (frag case) to 9.171MB for 262156-byte allocation
D/dalvikvm( 1776): GC_FOR_ALLOC freed 0K, 24% free 9143K/11884K, paused 36ms, total 36ms
I/ChimeraCfgMgr( 2096): Sending com.google.android.chimera.IntentOperation.NEW_MODULE Intents: 1,false,true
D/dalvikvm( 1776): GC_FOR_ALLOC freed 26K, 24% free 9143K/11884K, paused 14ms, total 14ms
I/dalvikvm-heap( 1776): Grow heap (frag case) to 9.542MB for 389388-byte allocation
I/ChmraDebugLogger( 2096): [46] container:2024149000700
D/dalvikvm( 1776): GC_FOR_ALLOC freed 504K, 27% free 9019K/12268K, paused 31ms, total 31ms
W/DynamiteModule( 2096): Local module descriptor class for providerinstaller not found.
W/ProviderHelper( 2096): Unknown dynamite feature providerinstaller
D/AndroidRuntime( 2855): 
D/AndroidRuntime( 2855): >>>>>> AndroidRuntime START com.android.internal.os.RuntimeInit <<<<<<
I/DynamiteModule( 2096): Considering local module providerinstaller:0 and remote module providerinstaller:0
W/ProviderInstaller( 2096): Failed to load providerinstaller module: No acceptable module found. Local version is 0 and remote version is 0.
W/linker  ( 2855): libdvm.so has text relocations. This is wasting memory and is a security risk. Please fix.
D/dalvikvm( 1571): GC_FOR_ALLOC freed 1255K, 48% free 7852K/14816K, paused 11ms, total 12ms
D/AndroidRuntime( 2855): CheckJNI is ON
D/dalvikvm( 2855): Trying to load lib libjavacore.so 0x0
D/dalvikvm( 2855): Added shared lib libjavacore.so 0x0
D/dalvikvm( 2855): Trying to load lib libnativehelper.so 0x0
D/dalvikvm( 2855): Added shared lib libnativehelper.so 0x0
D/dalvikvm( 2855): No JNI_OnLoad found in libnativehelper.so 0x0, skipping init
D/dalvikvm( 2096): GC_FOR_ALLOC freed 2148K, 25% free 11067K/14720K, paused 19ms, total 19ms
I/dalvikvm-heap( 2096): Grow heap (frag case) to 12.050MB for 1048588-byte allocation
D/dalvikvm( 2096): GC_FOR_ALLOC freed 1K, 24% free 12089K/15748K, paused 10ms, total 10ms
D/dalvikvm( 2855): Note: class Landroid/app/ActivityManagerNative; has 179 unimplemented (abstract) methods
I/ChimeraCfgMgr( 2096): Received com.google.android.chimera.IntentOperation.NEW_MODULE(1/0): 1,false
D/dalvikvm( 2096): GC_FOR_ALLOC freed 1242K, 30% free 11060K/15748K, paused 12ms, total 12ms
E/memtrack( 2855): Couldn't load memtrack module (No such file or directory)
E/android.os.Debug( 2855): failed to load memtrack module: -2
W/DynamiteModule( 2096): Local module descriptor class for providerinstaller not found.
I/DynamiteModule( 2096): Considering local module providerinstaller:0 and remote module providerinstaller:0
W/ProviderInstaller( 2096): Failed to load providerinstaller module: No acceptable module found. Local version is 0 and remote version is 0.
W/DynamiteModule( 2096): Local module descriptor class for providerinstaller not found.
I/DynamiteModule( 2096): Considering local module providerinstaller:0 and remote module providerinstaller:0
W/ProviderInstaller( 2096): Failed to load providerinstaller module: No acceptable module found. Local version is 0 and remote version is 0.
W/DynamiteModule( 2096): Local module descriptor class for providerinstaller not found.
I/DynamiteModule( 2096): Considering local module providerinstaller:0 and remote module providerinstaller:0
W/ProviderInstaller( 2096): Failed to load providerins