W/dalvikvm( 1776): VFY: unable to resolve virtual method 4277: Landroid/os/UserManager;.isManagedProfile ()Z
D/dalvikvm( 1776): VFY: replacing opcode 0x6e at 0x0012
I/dalvikvm( 1776): Could not find method android.app.admin.DevicePolicyManager.getAccountTypesWithManagementDisabled, referenced from method nmn.i
W/dalvikvm( 1776): VFY: unable to resolve virtual method 2586: Landroid/app/admin/DevicePolicyManager;.getAccountTypesWithManagementDisabled ()[Ljava/lang/String;
D/dalvikvm( 1776): VFY: replacing opcode 0x6e at 0x002b
I/ahgs    ( 1776): No Heterodyne serving version in database [CONTEXT service_id=51 ]
I/GCoreUlr( 1776): WorldUpdater received intent Intent { act=com.google.android.location.reporting.ACTION_UPDATE_WORLD cmp=com.google.android.gms/com.google.android.location.reporting.service.DispatchingService (has extras) } with receiverAction android.location.PROVIDERS_CHANGED
D/dalvikvm( 2096): GC_FOR_ALLOC freed 622K, 29% free 6319K/8784K, paused 8ms, total 9ms
D/dalvikvm( 1798): GC_EXPLICIT freed 519K, 12% free 6876K/7752K, paused 0ms+14ms, total 18ms
D/dalvikvm( 1571): GC_FOR_ALLOC freed 1107K, 50% free 7542K/14816K, paused 14ms, total 14ms
I/Icing   ( 2096): IndexChimeraService.getServiceInterface callingPackage=com.google.android.googlequicksearchbox componentName=null serviceId=21
I/Icing   ( 2096): Storage manager: low false usage 0 Bytes avail 644.23MB capacity 753.91MB
I/dalvikvm( 2096): Could not find method android.app.NotificationManager.getCurrentInterruptionFilter, referenced from method nea.b
W/dalvikvm( 2096): VFY: unable to resolve virtual method 2504: Landroid/app/NotificationManager;.getCurrentInterruptionFilter ()I
D/dalvikvm( 2096): VFY: replacing opcode 0x6e at 0x0002
D/dalvikvm( 1571): GC_FOR_ALLOC freed 1139K, 50% free 7544K/14816K, paused 10ms, total 10ms
I/GCoreUlr( 1776): WorldUpdater:android.location.PROVIDERS_CHANGED: Ensuring that reporting is stopped because of reasons: (no Google accounts)
I/GCoreUlr( 1776): Unbound from all signal providers.
D/dalvikvm( 2096): GC_FOR_ALLOC freed 1027K, 28% free 6403K/8784K, paused 6ms, total 7ms
D/dalvikvm( 1571): GC_FOR_ALLOC freed 1149K, 50% free 7537K/14816K, paused 6ms, total 6ms
E/ConfigFileUtils( 2096): Failed to read config file: /data/data/com.google.android.gms/app_chimera/current_fileapks.pb: open failed: ENOENT (No such file or directory)
E/ConfigFileUtils( 2096): Failed to read config file: /data/data/com.google.android.gms/app_chimera/current_fileapks.pb: open failed: ENOENT (No such file or directory)
I/SystemUpdate( 2096): [Installation,ReceiverIntentOperation] Received intent: Intent { act=com.google.android.gms.update.BASE_MODULE_INIT cat=[targeted_intent_op_prefix:.update.control.ReceiverIntentOperation] cmp=com.google.android.gms/.chimera.GmsIntentOperationService }.
D/dalvikvm( 1571): GC_FOR_ALLOC freed 1133K, 50% free 7534K/14816K, paused 10ms, total 10ms
I/dalvikvm( 2096): Could not find method android.app.admin.DevicePolicyManager.isProfileOwnerApp, referenced from method hbs.c
W/dalvikvm( 2096): VFY: unable to resolve virtual method 2595: Landroid/app/admin/DevicePolicyManager;.isProfileOwnerApp (Ljava/lang/String;)Z
D/dalvikvm( 2096): VFY: replacing opcode 0x6e at 0x0011
I/dalvikvm( 2096): Could not find method android.app.admin.DevicePolicyManager.getProfileOwner, referenced from method hbs.a
W/dalvikvm( 2096): VFY: unable to resolve virtual method 2591: Landroid/app/admin/DevicePolicyManager;.getProfileOwner ()Landroid/content/ComponentName;
D/dalvikvm( 2096): VFY: replacing opcode 0x6e at 0x0012
D/dalvikvm( 2096): GC_FOR_ALLOC freed 913K, 25% free 6630K/8784K, paused 9ms, total 9ms
D/dalvikvm( 1571): GC_FOR_ALLOC freed 1103K, 49% free 7571K/14816K, paused 11ms, total 11ms
W/dalvikvm( 2096): VFY: unable to find class referenced in signature (Landroid/net/Network;)
W/dalvikvm( 2096): VFY: unable to find class referenced in signature (Landroid/net/Network;)
I/dalvikvm( 2096): Could not find method android.net.Network.openConnection, referenced from method wna.a
W/dalvikvm( 2096): VFY: unable to resolve virtual method 5072: Landroid/net/Network;.openConnection (Ljava/net/URL;)Ljava/net/URLConnection;
D/dalvikvm( 2096): VFY: replacing opcode 0x6e at 0x008f
I/NearbySharing( 2096): Runtime state initialization complete. Sharing is disabled. [CONTEXT service_id=194 ]
E/native  ( 2096): filesystem.cc:93 Opening file /data/data/com.google.android.gms/files/AppDataSearch/main/cur/compact_status for read failed: No such file or directory
W/Settings( 2096): Setting device_provisioned has moved from android.provider.Settings.Secure to android.provider.Settings.Global.
E/dalvikvm( 2096): Could not find class 'android.net.Network', referenced from method anbj.a
W/dalvikvm( 2096): VFY: unable to resolve check-cast 7930 (Landroid/net/Network;) in Lanbj;
D/dalvikvm( 2096): VFY: replacing opcode 0x1f at 0x01c1
I/native  ( 2096): permission-checker.cc:74 Creating PermissionChecker based on ACL with config_version 1 having 14 permissions defined.
E/GmsRequestQueue( 2096): Tried to stop global GMSCore RequestQueue. This is likely unintended, so ignoring.
D/dalvikvm( 1798): GC_EXPLICIT freed 1643K, 31% free 5372K/7752K, paused 0ms+0ms, total 8ms
W/ActivityManager( 1571): Unable to start service Intent { act=com.google.android.gms.nearby.discovery:ACTION_INIT_MESSAGES_PATH cmp=com.google.android.gms/.nearby.discovery.service.DiscoveryService } U=0: not found
W/native  ( 2096): words-map.cc:30 INVALID_ARGUMENT: Empty URI
W/native  ( 2096): words-map.cc:34 WordsMap was not properly initialized
I/PeopleSync( 2096): First sync
I/Authzen ( 2096): [AuthZenEventHandler] Handling event: com.google.android.chimera.IntentOperation.NEW_MODULE
E/Authzen ( 2096): [AuthZenEventHandler] unknown action: com.google.android.chimera.IntentOperation.NEW_MODULE
D/dalvikvm( 1571): GC_FOR_ALLOC freed 1181K, 50% free 7539K/14816K, paused 16ms, total 16ms
D/dalvikvm( 2096): GC_FOR_ALLOC freed 933K, 22% free 6912K/8784K, paused 7ms, total 7ms
I/PeopleSync( 2096): requestAllFullSyncForContainerUpgrade
I/dalvikvm( 2096): Could not find method android.os.UserManager.getUserProfiles, referenced from method apwh.b
W/dalvikvm( 2096): VFY: unable to resolve virtual method 29751: Landroid/os/UserManager;.getUserProfiles ()Ljava/util/List;
D/dalvikvm( 2096): VFY: replacing opcode 0x6e at 0x005b
I/NearbyDiscovery( 1776): DiscoveryNearbyMessagesManager failed to background unsubscribe [CONTEXT service_id=49 ]
I/NearbyDiscovery( 1776): java.util.concurrent.TimeoutException: Timed out waiting for Task
I/NearbyDiscovery( 1776): 	at amhe.a(:com.google.android.gms@202414005@20.24.14 (000700-319035315):22)
I/NearbyDiscovery( 1776): 	at aceb.b(:com.google.android.gms@202414005@20.24.14 (000700-319035315):5)
I/NearbyDiscovery( 1776): 	at acds.run(:com.google.android.gms@202414005@20.24.14 (000700-319035315):3)
I/NearbyDiscovery( 1776): 	at bkpr.handleMessage(:com.google.android.gms@202414005@20.24.14 (000700-319035315):9)
I/NearbyDiscovery( 1776): 	at android.os.Handler.dispatchMessage(Handler.java:102)
I/NearbyDiscovery( 1776): 	at ypf.a(:com.google.android.gms@202414005@20.24.14 (000700-319035315):2)
I/NearbyDiscovery( 1776): 	at ypf.dispatchMessage(:com.google.android.gms@202414005@20.24.14 (000700-319035315):14)
I/NearbyDiscovery( 1776): 	at android.os.Looper.loop(Looper.java:136)
I/NearbyDiscovery( 1776): 	at android.os.HandlerThread.run(HandlerThread.java:61)
W/NearbyShared( 1776): BTConnStateMgr: Already destroyed!
I/NearbyDiscovery( 1776): EventStreamLoggingManager: destroy, unbind service [CONTEXT service_id=49 ]
I/NearbyDiscovery( 1776): Show notifications: 0 total, no changes since last shown, no-op. [CONTEXT service_id=49 ]
I/NearbyDiscovery( 1776): DiscoveryService destroy EventLoop [CONTEXT service_id=49 ]
D/dalvikvm( 1571): GC_FOR_ALLOC freed 1135K, 50% free 7545K/14816K, paused 14ms, total 14ms
I/dalvikvm( 1776): Failed resolving Lnin; interface 549 'Landroid/app/AlarmManager$OnAlarmListener;'
W/dalvikvm( 1776): Link of class 'Lnin;' failed
I/Icing   ( 2096): Version not set, assuming clear data.
I/Icing   ( 2096): Clearing storage
I/Icing   ( 2096): Clearing CorpusMap, ClientRegistry, Setting
I/dalvikvm( 1776): Failed resolving Lnin; interface 549 'Landroid/app/AlarmManager$OnAlarmListener;'
W/dalvikvm( 1776): Link of class 'Lnin;' failed
I/dalvikvm( 1776): Failed resolving Lnin; interface 549 'Landroid/app/AlarmManager$OnAlarmListener;'
W/dalvikvm( 1776): Link of class 'Lnin;' failed
I/dalvikvm( 1776): Failed resolving Lnin; interface 549 'Landroid/app/AlarmManager$OnAlarmListener;'
W/dalvikvm( 1776): Link of class 'Lnin;' failed
W/dalvikvm( 1776): VFY: unable to find class referenced in signature (Lnin;)
D/dalvikvm( 2096): GC_FOR_ALLOC freed 1016K, 18% free 7205K/8784K, paused 10ms, total 10ms
I/IcingInternalCorpora( 2096): Delta update with no prior full sync - doing full sync instead.
I/Icing   ( 2096): IndexChimeraService.getServiceInterface callingPackage=com.google.android.gms componentName=null serviceId=36
I/Icing   ( 2096): IndexChimeraService.getServiceInterface callingPackage=com.google.android.gms componentName=AppsCorpus serviceId=36
I/SystemUpdate( 2096): [Execution,InstallationEventIntentOperation] Handling event of type 1.
D/dalvikvm( 1776): GC_FOR_ALLOC freed 863K, 15% free 6815K/7928K, paused 25ms, total 26ms
I/dalvikvm( 1776): Could not find method android.os.PowerManager.isInteractive, referenced from method nqg.b
W/dalvikvm( 1776): VFY: unable to resolve virtual method 4227: Landroid/os/PowerManager;.isInteractive ()Z
D/dalvikvm( 1776): VFY: replacing opcode 0x6e at 0x0008
D/dalvikvm( 1798): GC_EXPLICIT freed 137K, 31% free 5372K/7752K, paused 1ms+0ms, total 5ms
D/dalvikvm( 1571): GC_FOR_ALLOC freed 1125K, 49% free 7563K/14816K, paused 12ms, total 12ms
D/dalvikvm( 2096): GC_FOR_ALLOC freed 1284K, 17% free 7327K/8800K, paused 6ms, total 7ms
I/DeletedNullContactsCleanup( 2096): Scheduling the service.
I/SystemUpdate( 2096): [Execution,InstallationIntentOperation] Received intent: Intent { act=com.google.android.gms.update.INSTALL_UPDATE cat=[targeted_intent_op_prefix:.update.execution.InstallationIntentOperation] cmp=com.google.android.gms/.chimera.GmsIntentOperationService }.
I/BackupAndSyncValidation( 2096): Scheduling the service.
I/SystemUpdate( 2096): [Control,InstallationControl] Installation progress updated to (0x000, -1.000).
E/SQLiteLog( 2096): (1) no such table: owners
D/dalvikvm( 1571): GC_FOR_ALLOC freed 1193K, 50% free 7513K/14816K, paused 8ms, total 9ms
E/BluetoothAdapter( 1776): Bluetooth binder is null
E/BluetoothAdapter( 1776): Bluetooth binder is null
D/dalvikvm( 2096): GC_FOR_ALLOC freed 1266K, 17% free 7505K/8960K, paused 12ms, total 12ms
D/dalvikvm( 1798): GC_EXPLICIT freed 160K, 31% free 5371K/7752K, paused 0ms+1ms, total 4ms
I/PeopleInitIntentOp( 2096): Not initializing debuggability [CONTEXT service_id=5 ]
I/PeopleDatabaseHelper( 2096): cleanUpNonGplusAccounts done.
I/PeopleSearchIndexManage( 2096): ICU version changed from unknown to 51.1.0.1
I/PeopleSearchIndexManage( 2096): Rebuilding index...
I/dalvikvm( 1776): Could not find method android.hardware.SensorManager.getDefaultSensor, referenced from method ttr.a
W/dalvikvm( 1776): VFY: unable to resolve virtual method 4967: Landroid/hardware/SensorManager;.getDefaultSensor (IZ)Landroid/hardware/Sensor;
D/dalvikvm( 1776): VFY: replacing opcode 0x6e at 0x00b6
I/Fitness ( 1776): FitCleanupIntentOperation received Intent android.intent.action.PACKAGE_CHANGED [CONTEXT service_id=17 ]
I/PeopleASM( 2096): Rebuilding autocomplete index...
I/PeopleSearchIndexManage( 2096): Rebuilding index done.
W/GeofencerStateMachine( 1776): Received SM_HARDWARE_GEOFENCE_CHANGED_CMD in NotInitializedState
I/ahju    ( 1776): Scheduling Phenotype for a PhenotypeSyncImmediately(6, com.google.android.gms.people) one off with window [1, 2] in seconds [CONTEXT service_id=51 ]
D/dalvikvm( 1571): GC_FOR_ALLOC freed 1237K, 50% free 7411K/14816K, paused 9ms, total 9ms
I/GCoreUlr( 1776): Unbound from all signal providers.
I/GCoreUlr( 1776): Stopping handler for UlrDispSvcFast
D/dalvikvm( 2096): GC_FOR_ALLOC freed 1355K, 17% free 7647K/9196K, paused 10ms, total 10ms
D/dalvikvm( 1776): GC_FOR_ALLOC freed 1013K, 16% free 7099K/8364K, paused 13ms, total 13ms
E/GeofenceStateCache( 1776): Unable to load state, all registered geofences are lost.
I/GeofencerStateMachine( 1776): Network location disabled.
I/constellation( 2096): [sim_state_checker] sim state checker is disabled.
I/ahju    ( 1776): Scheduling Phenotype for a PhenotypeSyncImmediately(6, com.google.android.gms.people.ui) one off with window [1, 2] in seconds [CONTEXT service_id=51 ]
I/dalvikvm( 1776): Could not find method android.os.UserHandle.isOwner, referenced from method axon.c
W/dalvikvm( 1776): VFY: unable to resolve virtual method 1714: Landroid/os/UserHandle;.isOwner ()Z
D/dalvikvm( 1776): VFY: replacing opcode 0x6e at 0x0186
I/SystemUpdate( 2096): [Execution,ExecutionManager] Action pending executed for 0.33 seconds.
I/SystemUpdate( 2096): [Execution,ExecutionManager] Action finished-execution executed for 0.00 seconds.
I/ActivityManager( 1571): Start proc com.google.android.gms.ui for service com.google.android.gms/.chimera.UiIntentOperationService: pid=2319 uid=10007 gids={50007, 3003, 1007, 1028, 1015, 3002, 3001, 3007, 2001, 3006}
I/Icing   ( 2096): updateResources: need to parse wwx{com.google.android.gms}
W/dalvikvm( 2319): VFY: unable to resolve static field 1608 (PR_SET_DUMPABLE) in Landroid/system/OsConstants;
D/dalvikvm( 2319): VFY: replacing opcode 0x60 at 0x0017
W/dalvikvm( 2319): VFY: unable to find class referenced in signature (Lyqx;)
W/dalvikvm( 2319): VFY: unable to find class referenced in signature (Lyro;)
D/dalvikvm( 1571): GC_FOR_ALLOC freed 1092K, 50% free 7427K/14816K, paused 15ms, total 15ms
I/dalvikvm( 2319): Could not find method android.system.Os.readlink, referenced from method msk.a
W/dalvikvm( 2319): VFY: unable to resolve static method 3145: Landroid/system/Os;.readlink (Ljava/lang/String;)Ljava/lang/String;
D/dalvikvm( 2319): VFY: replacing opcode 0x71 at 0x00b0
I/dalvikvm( 2319): Could not find method android.os.PowerManager.isInteractive, referenced from method ndc.a
W/dalvikvm( 2319): VFY: unable to resolve virtual method 3046: Landroid/os/PowerManager;.isInteractive ()Z
D/dalvikvm( 2319): VFY: replacing opcode 0x6e at 0x0013
I/dalvikvm( 2319): Could not find method com.google.android.chimera.ModuleContext.getAttributionTag, referenced from method com.google.android.chimera.ModuleContext.createAttributionContext
W/dalvikvm( 2319): VFY: unable to resolve virtual method 14170: Lcom/google/android/chimera/ModuleContext;.getAttributionTag ()Ljava/lang/String;
D/dalvikvm( 2319): VFY: replacing opcode 0x6e at 0x0004
I/dalvikvm( 2319): Could not find method com.google.android.chimera.ContextThemeWrapper.createAttributionContext, referenced from method com.google.android.chimera.ModuleContext.createAttributionContext
W/dalvikvm( 2319): VFY: unable to resolve virtual method 13785: Lcom/google/android/chimera/ContextThemeWrapper;.createAttributionContext (Ljava/lang/String;)Landroid/content/Context;
D/dalvikvm( 2319): VFY: replacing opcode 0x6f at 0x0035
I/dalvikvm( 2319): Could not find method android.content.ContextWrapper.createCredentialProtectedStorageContext, referenced from method com.google.android.chimera.ModuleContext.createCredentialProtectedStorageContext
W/dalvikvm( 2319): VFY: unable to resolve virtual method 2508: Landroid/content/ContextWrapper;.createCredentialProtectedStorageContext ()Landroid/content/Context;
D/dalvikvm( 2319): VFY: replacing opcode 0x6f at 0x0002
I/dalvikvm( 2319): Could not find method android.content.ContextWrapper.createDeviceProtectedStorageContext, referenced from method com.google.android.chimera.ModuleContext.createDeviceProtectedStorageContext
W/dalvikvm( 2319): VFY: unable to resolve virtual method 2509: Landroid/content/ContextWrapper;.createDeviceProtectedStorageContext ()Landroid/content/Context;
D/dalvikvm( 2319): VFY: replacing opcode 0x6f at 0x0002
I/dalvikvm( 2319): Could not find method com.google.android.chimera.ContextThemeWrapper.sendBroadcastWithMultiplePermissions, referenced from method com.google.android.chimera.ModuleContext.sendBroadcastWithMultiplePermissions
W/dalvikvm( 2319): VFY: unable to resolve virtual method 13795: Lcom/google/android/chimera/ContextThemeWrapper;.sendBroadcastWithMultiplePermissions (Landroid/content/Intent;[Ljava/lang/String;)V
D/dalvikvm( 2319): VFY: replacing opcode 0x6f at 0x0009
I/MultiDex( 2319): VM with version 1.6.0 does not have multidex support
I/MultiDex( 2319): Installing application
I/MultiDex( 2319): MultiDexExtractor(/system/priv-app/PrebuiltGmsCore.apk, /data/data/com.google.android.gms/code_cache/secondary-dexes)
I/MultiDex( 2319): Blocking on lock /data/data/com.google.android.gms/code_cache/secondary-dexes/MultiDex.lock
I/MultiDex( 2319): /data/data/com.google.android.gms/code_cache/secondary-dexes/MultiDex.lock locked
I/MultiDex( 2319): MultiDexExtractor.load(/system/priv-app/PrebuiltGmsCore.apk, false, )
I/MultiDex( 2319): loading existing secondary dex files
I/MultiDex( 2319): load found 5 secondary dex files
I/MultiDex( 2319): install done
W/Nearby  ( 1776): Bind call too late - someone already tried to get: interface bkxn [CONTEXT service_id=49 ]
I/dalvikvm( 2319): Could not find method android.content.ContentProvider.query, referenced from method brf.superQuery
W/dalvikvm( 2319): VFY: unable to resolve virtual method 2428: Landroid/content/ContentProvider;.query (Landroid/net/Uri;[Ljava/lang/String;Landroid/os/Bundle;Landroid/os/CancellationSignal;)Landroid/database/Cursor;
D/dalvikvm( 2319): VFY: replacing opcode 0x6f at 0x0000
D/dalvikvm( 2319): GC_FOR_ALLOC freed 376K, 16% free 3129K/3692K, paused 2ms, total 2ms
I/dalvikvm( 2319): Could not find method android.os.UserHandle.isOwner, referenced from method nmy.f
W/dalvikvm( 2319): VFY: unable to resolve virtual method 3081: Landroid/os/UserHandle;.isOwner ()Z
D/dalvikvm( 2319): VFY: replacing opcode 0x6e at 0x000a
E/BluetoothAdapter( 1776): Bluetooth binder is null
D/dalvikvm( 2319): DexOpt: couldn't find field Landroid/content/pm/ApplicationInfo;.splitSourceDirs
W/dalvikvm( 2319): VFY: unable to resolve instance field 1475
D/dalvikvm( 2319): VFY: replacing opcode 0x54 at 0x0055
D/dalvikvm( 2319): DexOpt: couldn't find static field Landroid/os/Build;.SUPPORTED_ABIS
W/dalvikvm( 2319): VFY: unable to resolve static field 1540 (SUPPORTED_ABIS) in Landroid/os/Build;
D/dalvikvm( 2319): VFY: replacing opcode 0x62 at 0x00d1
I/dalvikvm( 2319): Could not find method android.system.Os.stat, referenced from method nop.a
W/dalvikvm( 2319): VFY: unable to resolve static method 3146: Landroid/system/Os;.stat (Ljava/lang/String;)Landroid/system/StructStat;
D/dalvikvm( 2319): VFY: replacing opcode 0x71 at 0x0182
I/dalvikvm( 1776): Could not find method java.util.Locale.toLanguageTag, referenced from method ablz.a
W/dalvikvm( 1776): VFY: unable to resolve virtual method 19297: Ljava/util/Locale;.toLanguageTag ()Ljava/lang/String;
D/dalvikvm( 1776): VFY: replacing opcode 0x6e at 0x0006
I/dalvikvm( 2319): Could not find method android.content.pm.PackageManager.getPackageInstaller, referenced from method men.a
W/dalvikvm( 2319): VFY: unable to resolve virtual method 2608: Landroid/content/pm/PackageManager;.getPackageInstaller ()Landroid/content/pm/PackageInstaller;
D/dalvikvm( 2319): VFY: replacing opcode 0x6e at 0x001c
W/DynamiteModule( 2319): Local module descriptor class for providerinstaller not found.
I/dalvikvm( 2319): Could not find method android.system.Os.readlink, referenced from method bse.a
W/dalvikvm( 2319): VFY: unable to resolve static method 3145: Landroid/system/Os;.readlink (Ljava/lang/String;)Ljava/lang/String;
D/dalvikvm( 2319): VFY: replacing opcode 0x71 at 0x0044
I/dalvikvm( 2319): Could not find method android.system.Os.symlink, referenced from method bse.a
W/dalvikvm( 2319): VFY: unable to resolve static method 3147: Landroid/system/Os;.symlink (Ljava/lang/String;Ljava/lang/String;)V
D/dalvikvm( 2319): VFY: replacing opcode 0x71 at 0x00b0
I/dalvikvm( 2319): Could not find method android.system.Os.stat, referenced from method bse.a
W/dalvikvm( 2319): VFY: unable to resolve static method 3146: Landroid/system/Os;.stat (Ljava/lang/String;)Landroid/system/StructStat;
D/dalvikvm( 2319): VFY: replacing opcode 0x71 at 0x0005
W/dalvikvm( 2319): VFY: unable to resolve static field 1615 (S_IXUSR) in Landroid/system/OsConstants;
D/dalvikvm( 2319): VFY: replacing opcode 0x60 at 0x0007
I/dalvikvm( 2319): Could not find method android.system.Os.stat, referenced from method bse.b
W/dalvikvm( 2319): VFY: unable to resolve static method 3146: Landroid/system/Os;.stat (Ljava/lang/String;)Landroid/system/StructStat;
D/dalvikvm( 2319): VFY: replacing opcode 0x71 at 0x0040
W/dalvikvm( 2319): VFY: unable to resolve static field 1612 (S_IRUSR) in Landroid/system/OsConstants;
D/dalvikvm( 2319): VFY: replacing opcode 0x60 at 0x0007
D/dalvikvm( 2096): GC_FOR_ALLOC freed 1592K, 19% free 7606K/9388K, paused 56ms, total 64ms
D/dalvikvm( 2319): DexOpt: couldn't find static field Landroid/os/Build;.SUPPORTED_64_BIT_ABIS
W/dalvikvm( 2319): VFY: unable to resolve static field 1539 (SUPPORTED_64_BIT_ABIS) in Landroid/os/Build;
D/dalvikvm( 2319): VFY: replacing opcode 0x62 at 0x0214
W/ProviderHelper( 2319): Unknown dynamite feature providerinstaller
I/DynamiteModule( 2319): Considering local module providerinstaller:0 and remote module providerinstaller:0
W/ProviderInstaller( 2319): Failed to load providerinstaller module: No acceptable module found. Local version is 0 and remote version is 0.
I/dalvikvm( 2319): Could not find method android.content.ContextWrapper.createCredentialProtectedStorageContext, referenced from method nfr.createCredentialProtectedStorageContext
W/dalvikvm( 2319): VFY: unable to resolve virtual method 2508: Landroid/content/ContextWrapper;.createCredentialProtectedStorageContext ()Landroid/content/Context;
D/dalvikvm( 2319): VFY: replacing opcode 0x6f at 0x0002
I/dalvikvm( 2319): Could not find method android.content.ContextWrapper.createDeviceProtectedStorageContext, referenced from method nfr.createDeviceProtectedStorageContext
W/dalvikvm( 2319): VFY: unable to resolve virtual method 2509: Landroid/content/ContextWrapper;.createDeviceProtectedStorageContext ()Landroid/content/Context;
D/dalvikvm( 2319): VFY: replacing opcode 0x6f at 0x0002
D/dalvikvm( 2319): DexOpt: couldn't find static field Landroid/os/Build;.SUPPORTED_64_BIT_ABIS
W/dalvikvm( 2319): VFY: unable to resolve static field 1539 (SUPPORTED_64_BIT_ABIS) in Landroid/os/Build;
D/dalvikvm( 2319): VFY: replacing opcode 0x62 at 0x0080
D/dalvikvm( 2319): DexOpt: couldn't find static field Landroid/os/Build;.SUPPORTED_ABIS
W/dalvikvm( 2319): VFY: unable to resolve static field 1540 (SUPPORTED_ABIS) in Landroid/os/Build;
D/dalvikvm( 2319): VFY: replacing opcode 0x62 at 0x00d3
V/NativeCrypto( 2319): Registering com/google/android/gms/org/conscrypt/NativeCrypto's 286 native methods...
W/dalvikvm( 2319): Unable to resolve superclass of Lcom/google/android/gms/org/conscrypt/TrustManagerImpl; (5184)
W/dalvikvm( 2319): Link of class 'Lcom/google/android/gms/org/conscrypt/TrustManagerImpl;' failed
I/dalvikvm( 2319): Could not find method com.google.android.gms.org.conscrypt.TrustManagerImpl.getDefaultHostnameVerifier, referenced from method com.google.android.gms.org.conscrypt.Conscrypt.getDefaultHostnameVerifier
W/dalvikvm( 2319): VFY: unable to resolve static method 17870: Lcom/google/android/gms/org/conscrypt/TrustManagerImpl;.getDefaultHostnameVerifier ()Lcom/google/android/gms/org/conscrypt/ConscryptHostnameVerifier;
D/dalvikvm( 2319): VFY: replacing opcode 0x71 at 0x0003
W/dalvikvm( 2319): Unable to resolve superclass of Lcom/google/android/gms/org/conscrypt/TrustManagerImpl; (5184)
W/dalvikvm( 2319): Link of class 'Lcom/google/android/gms/org/conscrypt/TrustManagerImpl;' failed
W/dalvikvm( 2319): VFY: unable to find class referenced in signature (Lcom/google/android/gms/org/conscrypt/TrustManagerImpl;)
D/ConnectivityService( 1571): [CheckMp] isMobileOk: X result=1
D/ConnectivityService( 1571): [CheckMp] onPostExecute: result=1
D/ConnectivityService( 1571): CheckMp.onComplete: result=1
D/ConnectivityService( 1571): CheckMp.onComplete: ignore, connected or no connection
W/dalvikvm( 2319): Unable to resolve superclass of Lcom/google/android/gms/org/conscrypt/TrustManagerImpl; (5184)
W/dalvikvm( 2319): Link of class 'Lcom/google/android/gms/org/conscrypt/TrustManagerImpl;' failed
I/dalvikvm( 2319): Could not find method com.google.android.gms.org.conscrypt.TrustManagerImpl.getHostnameVerifier, referenced from method com.google.android.gms.org.conscrypt.Conscrypt.getHostnameVerifier
W/dalvikvm( 2319): VFY: unable to resolve virtual method 17872: Lcom/google/android/gms/org/conscrypt/TrustManagerImpl;.getHostnameVerifier ()Lcom/google/android/gms/org/conscrypt/ConscryptHostnameVerifier;
D/dalvikvm( 2319): VFY: replacing opcode 0x6e at 0x0004
W/dalvikvm( 2319): Unable to resolve superclass of Lcom/google/android/gms/org/conscrypt/TrustManagerImpl; (5184)
W/dalvikvm( 2319): Link of class 'Lcom/google/android/gms/org/conscrypt/TrustManagerImpl;' failed
E/dalvikvm( 2319): Could not find class 'com.google.android.gms.org.conscrypt.TrustManagerImpl', referenced from method com.google.android.gms.org.conscrypt.Conscrypt.isConscrypt
W/dalvikvm( 2319): VFY: unable to resolve instanceof 4452 (Lcom/google/android/gms/org/conscrypt/TrustManagerImpl;) in Lcom/google/android/gms/org/conscrypt/Conscrypt;
D/dalvikvm( 2319): VFY: replacing opcode 0x20 at 0x0000
D/dalvikvm( 2319): GC_FOR_ALLOC freed 468K, 18% free 3174K/3828K, paused 2ms, total 2ms
W/dalvikvm( 2319): Unable to resolve superclass of Lcom/google/android/gms/org/conscrypt/TrustManagerImpl; (5184)
W/dalvikvm( 2319): Link of class 'Lcom/google/android/gms/org/conscrypt/TrustManagerImpl;' failed
I/dalvikvm( 2319): Could not find method com.google.android.gms.org.conscrypt.TrustManagerImpl.setDefaultHostnameVerifier, referenced from method com.google.android.gms.org.conscrypt.Conscrypt.setDefaultHostnameVerifier
W/dalvikvm( 2319): VFY: unable to resolve static method 17882: Lcom/google/android/gms/org/conscrypt/TrustManagerImpl;.setDefaultHostnameVerifier (Lcom/google/android/gms/org/conscrypt/ConscryptHostnameVerifier;)V
D/dalvikvm( 2319): VFY: replacing opcode 0x71 at 0x0003
W/dalvikvm( 2319): Unable to resolve superclass of Lcom/google/android/gms/org/conscrypt/TrustManagerImpl; (5184)
W/dalvikvm( 2319): Link of class 'Lcom/google/android/gms/org/conscrypt/TrustManagerImpl;' failed
W/dalvikvm( 2319): VFY: unable to find class referenced in signature (Lcom/google/android/gms/org/conscrypt/TrustManagerImpl;)
W/dalvikvm( 2319): Unable to resolve superclass of Lcom/google/android/gms/org/conscrypt/TrustManagerImpl; (5184)
W/dalvikvm( 2319): Link of class 'Lcom/google/android/gms/org/conscrypt/TrustManagerImpl;' failed
I/dalvikvm( 2319): Could not find method com.google.android.gms.org.conscrypt.TrustManagerImpl.setHostnameVerifier, referenced from method com.google.android.gms.org.conscrypt.Conscrypt.setHostnameVerifier
W/dalvikvm( 2319): VFY: unable to resolve virtual method 17883: Lcom/google/android/gms/org/conscrypt/TrustManagerImpl;.setHostnameVerifier (Lcom/google/android/gms/org/conscrypt/ConscryptHostnameVerifier;)V
D/dalvikvm( 2319): VFY: replacing opcode 0x6e at 0x0004
W/dalvikvm( 2319): Unable to resolve superclass of Lcom/google/android/gms/org/conscrypt/TrustManagerImpl; (5184)
W/dalvikvm( 2319): Link of class 'Lcom/google/android/gms/org/conscrypt/TrustManagerImpl;' failed
E/dalvikvm( 2319): Could not find class 'com.google.android.gms.org.conscrypt.TrustManagerImpl', referenced from method com.google.android.gms.org.conscrypt.Conscrypt.toConscrypt
W/dalvikvm( 2319): VFY: unable to resolve check-cast 4452 (Lcom/google/android/gms/org/conscrypt/TrustManagerImpl;) in Lcom/google/android/gms/org/conscrypt/Conscrypt;
D/dalvikvm( 2319): VFY: replacing opcode 0x1f at 0x002a
W/ActivityManager( 1571): Unable to start service Intent { act=com.google.android.gms.nearby.discovery:ACTION_PERMISSION_CHANGE cmp=com.google.android.gms/.nearby.discovery.service.DiscoveryService } U=0: not found
E/BluetoothAdapter( 1832): Bluetooth binder is null
D/dalvikvm( 2319): GC_FOR_ALLOC freed 287K, 13% free 3396K/3872K, paused 3ms, total 3ms
I/Wear_Controller( 2096): Wear requires a companion app to be installed.
I/Wear_Controller( 2096): onStartup - Wear is not available on this device.
D/dalvikvm( 1571): GC_FOR_ALLOC freed 1111K, 50% free 7429K/14816K, paused 11ms, total 11ms
I/ActivityManager( 1571): Start proc com.google.android.calendar for broadcast com.google.android.calendar/com.android.calendar.widget.CalendarAppWidgetService$CalendarFactory: pid=2342 uid=10018 gids={50018, 3003}
I/PackageManager( 1571): Running dexopt on: com.google.android.calendar
W/linker  ( 2355): libdvm.so has text relocations. This is wasting memory and is a security risk. Please fix.
D/dalvikvm( 1798): GC_EXPLICIT freed 156K, 31% free 5375K/7752K, paused 1ms+0ms, total 85ms
D/dalvikvm( 2319): GC_FOR_ALLOC freed 134K, 9% free 3760K/4096K, paused 2ms, total 2ms
D/dalvikvm( 2319): GC_FOR_ALLOC freed 131K, 8% free 4108K/4460K, paused 2ms, total 2ms
D/dalvikvm( 2319): GC_FOR_ALLOC freed 106K, 8% free 4405K/4752K, paused 2ms, total 2ms
D/dalvikvm( 2319): GC_FOR_ALLOC freed 157K, 9% free 4686K/5104K, paused 2ms, total 2ms
E/dalvikvm( 2319): Could not find class 'javax.net.ssl.SNIServerName', referenced from method com.google.android.gms.org.conscrypt.Platform.getSniHostnameFromParams
W/dalvikvm( 2319): VFY: unable to resolve check-cast 5160 (Ljavax/net/ssl/SNIServerName;) in Lcom/google/android/gms/org/conscrypt/Platform;
D/dalvikvm( 2319): VFY: replacing opcode 0x1f at 0x0025
E/dalvikvm( 2319): Could not find class 'javax.net.ssl.SNIHostName', referenced from method com.google.android.gms.org.conscrypt.Platform.setParametersSniHostname
W/dalvikvm( 2319): VFY: unable to resolve new-instance 5159 (Ljavax/net/ssl/SNIHostName;) in Lcom/google/android/gms/org/conscrypt/Platform;
D/dalvikvm( 2319): VFY: replacing opcode 0x22 at 0x0024
E/dalvikvm( 2319): Could not find class 'javax.net.ssl.SNIHostName', referenced from method com.google.android.gms.org.conscrypt.Platform.setParametersSniHostname
W/dalvikvm( 2319): VFY: unable to resolve new-instance 5159 (Ljavax/net/ssl/SNIHostName;) in Lcom/google/android/gms/org/conscrypt/Platform;
D/dalvikvm( 2319): VFY: replacing opcode 0x22 at 0x0024
D/dalvikvm( 2319): DexOpt: unable to opt direct call 0x52f9 at 0x2a in Lcom/google/android/gms/org/conscrypt/Platform;.setParametersSniHostname
D/dalvikvm( 2319): DexOpt: unable to opt direct call 0x52f9 at 0x2a in Lcom/google/android/gms/org/conscrypt/Platform;.setParametersSniHostname
D/dalvikvm( 2319): GC_FOR_ALLOC freed 308K, 11% free 4884K/5440K, paused 4ms, total 4ms
I/ProviderInstaller( 2319): Installed default security provider GmsCore_OpenSSL
D/dalvikvm( 2096): GC_FOR_ALLOC freed 1480K, 19% free 7666K/9388K, paused 8ms, total 8ms
D/dalvikvm( 2355): DexOpt: load 25ms, verify+opt 88ms, 1896332 bytes
I/NearbyMessages( 1776): OfflineCache: old scanner cache is not enabled [CONTEXT service_id=62 ]
I/Safeboot( 2319): Checking safeboot...
I/Safeboot( 2319): Not entering safeboot; wrong process.
E/dalvikvm( 2319): Could not find class 'com.google.common.flogger.backend.google.GooglePlatform', referenced from method beui.a
W/dalvikvm( 2319): VFY: unable to resolve const-class 4605 (Lcom/google/common/flogger/backend/google/GooglePlatform;) in Lbeui;
D/dalvikvm( 2319): VFY: replacing opcode 0x1c at 0x001b
D/dalvikvm( 1776): GC_FOR_ALLOC freed 1095K, 16% free 7395K/8740K, paused 26ms, total 27ms
I/ActivityManager( 1571): Start proc com.android.providers.calendar for content provider com.android.providers.calendar/.CalendarProvider2: pid=2366 uid=10001 gids={50001, 3003, 1028, 1015}
I/ActivityManager( 1571): Start proc com.android.deskclock for broadcast com.android.deskclock/.AlarmInitReceiver: pid=2374 uid=10022 gids={50022, 1028}
I/PackageManager( 1571): Running dexopt on: com.android.deskclock
W/linker  ( 2392): libdvm.so has text relocations. This is wasting memory and is a security risk. Please fix.
D/dalvikvm( 2392): DexOpt: load 10ms, verify+opt 32ms, 1099492 bytes
V/AlarmClock( 2374): AlarmInitReceiver android.intent.action.TIMEZONE_CHANGED
I/GCoreUlr( 1776): WorldUpdater received intent Intent { act=com.google.android.location.reporting.ACTION_UPDATE_WORLD cmp=com.google.android.gms/com.google.android.location.reporting.service.DispatchingService (has extras) } with receiverAction android.location.PROVIDERS_CHANGED
D/dalvikvm( 2319): GC_FOR_ALLOC freed 345K, 10% free 5149K/5704K, paused 6ms, total 6ms
I/CalendarDatabaseHelper( 2366): Bootstrapping database
I/Icing   ( 2096): Internal init done: storage state 0
I/auxu    ( 2319): Primes not initialized, returning default (no-op) Primes instance which will ignore all calls. Please call Primes.initialize(...) before using any Primes API.
I/CalendarProvider2( 2366): Created com.android.providers.calendar.CalendarAlarmManager@9d024c28(com.android.providers.calendar.CalendarProvider2@9d0119d8)
E/dalvikvm( 2096): Could not find class 'android.app.usage.UsageStatsManager', referenced from method vha.a
W/dalvikvm( 2096): VFY: unable to resolve const-class 1242 (Landroid/app/usage/UsageStatsManager;) in Lvha;
D/dalvikvm( 2096): VFY: replacing opcode 0x1c at 0x0009
I/GCoreUlr( 1776): WorldUpdater:android.location.PROVIDERS_CHANGED: Ensuring that reporting is stopped because of reasons: (no Google accounts)
I/dalvikvm( 2319): Could not find method com.google.android.chimera.ContextThemeWrapper.createAttributionContext, referenced from method mnu.createAttributionContext
W/dalvikvm( 2319): VFY: unable to resolve virtual method 13785: Lcom/google/android/chimera/ContextThemeWrapper;.createAttributionContext (Ljava/lang/String;)Landroid/content/Context;
D/dalvikvm( 2319): VFY: replacing opcode 0x6f at 0x0002
I/dalvikvm( 2319): Could not find method android.content.ContextWrapper.createCredentialProtectedStorageContext, referenced from method mnu.createCredentialProtectedStorageContext
W/dalvikvm( 2319): VFY: unable to resolve virtual method 2508: Landroid/content/ContextWrapper;.createCredentialProtectedStorageContext ()Landroid/content/Context;
D/dalvikvm( 2319): VFY: replacing opcode 0x6f at 0x0002
I/dalvikvm( 2319): Could not find method android.content.ContextWrapper.createDeviceProtectedStorageContext, referenced from method mnu.createDeviceProtectedStorageContext
W/dalvikvm( 2319): VFY: unable to resolve virtual method 2509: Landroid/content/ContextWrapper;.createDeviceProtectedStorageContext ()Landroid/content/Context;
D/dalvikvm( 2319): VFY: replacing opcode 0x6f at 0x0002
I/AlarmClock( 2374): Alarms Table created
I/AlarmClock( 2374): Instance table created
I/AlarmClock( 2374): Cities table created
I/AlarmClock( 2374): Inserting default alarms
I/dalvikvm( 2319): Could not find method android.content.Context.bindService, referenced from method uws.bindService
W/dalvikvm( 2319): VFY: unable to resolve virtual method 2453: Landroid/content/Context;.bindService (Landroid/content/Intent;ILjava/util/concurrent/Executor;Landroid/content/ServiceConnection;)Z
D/dalvikvm( 2319): VFY: replacing opcode 0x6e at 0x0018
I/dalvikvm( 2319): Could not find method android.content.Context.bindService, referenced from method uws.bindService
W/dalvikvm( 2319): VFY: unable to resolve virtual method 2453: Landroid/content/Context;.bindService (Landroid/content/Intent;ILjava/util/concurrent/Executor;Landroid/content/ServiceConnection;)Z
D/dalvikvm( 2319): VFY: replacing opcode 0x6e at 0x0030
I/dalvikvm( 2319): Could not find method android.content.Context.startForegroundService, referenced from method uws.startForegroundService
W/dalvikvm( 2319): VFY: unable to resolve virtual method 2501: Landroid/content/Context;.startForegroundService (Landroid/content/Intent;)Landroid/content/ComponentName;
D/dalvikvm( 2319): VFY: replacing opcode 0x6e at 0x001c
I/dalvikvm( 2319): Could not find method android.content.Context.startForegroundService, referenced from method uws.startForegroundService
W/dalvikvm( 2319): VFY: unable to resolve virtual method 2501: Landroid/content/Context;.startForegroundService (Landroid/content/Intent;)Landroid/content/ComponentName;
D/dalvikvm( 2319): VFY: replacing opcode 0x6e at 0x0028
D/dalvikvm( 2319): GC_FOR_ALLOC freed 336K, 10% free 5470K/6056K, paused 4ms, total 4ms
I/dalvikvm( 2319): Could not find method android.os.PowerManager.isPowerSaveMode, referenced from method uwl.a
W/dalvikvm( 2319): VFY: unable to resolve virtual method 3047: Landroid/os/PowerManager;.isPowerSaveMode ()Z
D/dalvikvm( 2319): VFY: replacing opcode 0x6e at 0x0010
I/AlarmClock( 2374): Displaying next alarm time: ''
I/dalvikvm( 1776): Could not find method android.content.Context.createDeviceProtectedStorageContext, referenced from method vhu.a
W/dalvikvm( 1776): VFY: unable to resolve virtual method 4497: Landroid/content/Context;.createDeviceProtectedStorageContext ()Landroid/content/Context;
D/dalvikvm( 1776): VFY: replacing opcode 0x6e at 0x001b
I/Herrevad( 1776): [59] wkz.a: updateListenState
E/dalvikvm( 1776): Could not find class 'android.app.usage.UsageStatsManager', referenced from method vha.a
W/dalvikvm( 1776): VFY: unable to resolve const-class 1242 (Landroid/app/usage/UsageStatsManager;) in Lvha;
D/dalvikvm( 1776): VFY: replacing opcode 0x1c at 0x0009
V/AlarmClock( 2374): AlarmInitReceiver finished
W/BackupManagerService( 1571): dataChanged but no participant pkg='com.android.providers.settings' uid=10022
D/dalvikvm( 2096): GC_FOR_ALLOC freed 1581K, 19% free 7645K/9412K, paused 34ms, total 36ms
I/Icing   ( 2096): Indexing com.google.android.gms-sms from com.google.android.gms
I/GCoreUlr( 1776): Unbound from all signal providers.
I/ActivityManager( 1571): Start proc com.google.android.play.games for broadcast com.google.android.play.games/com.google.android.libraries.notifications.entrypoints.timezonechanged.TimezoneChangedReceiver: pid=2401 uid=10043 gids={50043, 3003}
I/PackageManager( 1571): Running dexopt on: com.google.android.play.games
I/GCM-GMS ( 2096): Scheduling task to register GMS
W/linker  ( 2416): libdvm.so has text relocations. This is wasting memory and is a security risk. Please fix.
D/dalvikvm( 2319): GC_FOR_ALLOC freed 263K, 9% free 5954K/6488K, paused 6ms, total 6ms
D/dalvikvm( 2319): GC_FOR_ALLOC freed 246K, 8% free 6582K/7132K, paused 7ms, total 7ms
E/cutils-trace( 2416): Error opening trace file: Permission denied (13)
D/dalvikvm( 2416): GC_FOR_ALLOC freed 16K, 1% free 2030K/2048K, paused 1ms, total 1ms
D/dalvikvm( 2416): DexOpt: couldn't find static field Landroid/view/View;.TRANSLATION_Z
D/dalvikvm( 2416): DexOpt: couldn't find static field Landroid/graphics/Bitmap$Config;.HARDWARE
D/dalvikvm( 2416): DexOpt: couldn't find static field Landroid/graphics/Bitmap$Config;.RGBA_F16
D/dalvikvm( 2416): DexOpt: couldn't find static field Landroid/graphics/Bitmap$Config;.HARDWARE
D/dalvikvm( 2416): DexOpt: couldn't find static field Landroid/graphics/Bitmap$Config;.RGBA_F16
D/dalvikvm( 2416): DexOpt: couldn't find static field Landroid/graphics/Bitmap$Config;.RGBA_F16
D/dalvikvm( 2416): DexOpt: couldn't find field Landroid/content/pm/ApplicationInfo;.category
D/dalvikvm( 2416): DexOpt: couldn't find field Landroid/content/pm/ResolveInfo;.isInstantAppAvailable
D/dalvikvm( 2416): DexOpt: couldn't find static field Landroid/hardware/camera2/CameraCharacteristics;.LENS_FACING
D/dalvikvm( 2416): DexOpt: couldn't find field Landroid/os/Message;.sendingUid
D/dalvikvm( 2416): DexOpt: load 76ms, verify+opt 436ms, 7544340 bytes
D/dalvikvm( 1798): GC_EXPLICIT freed 144K, 31% free 5372K/7752K, paused 0ms+1ms, total 5ms
E/dalvikvm( 2401): Could not find class 'android.app.NotificationChannel', referenced from method com.google.android.apps.play.games.core.PlayGamesApplication.onCreate
W/dalvikvm( 2401): VFY: unable to resolve new-instance 420 (Landroid/app/NotificationChannel;) in Lcom/google/android/apps/play/games/core/PlayGamesApplication;
D/dalvikvm( 2401): VFY: replacing opcode 0x22 at 0x008d
E/dalvikvm( 2401): Could not find class 'android.app.NotificationChannelGroup', referenced from method com.google.android.apps.play.games.core.PlayGamesApplication.onCreate
W/dalvikvm( 2401): VFY: unable to resolve new-instance 421 (Landroid/app/NotificationChannelGroup;) in Lcom/google/android/apps/play/games/core/PlayGamesApplication;
D/dalvikvm( 2401): VFY: replacing opcode 0x22 at 0x0131
D/dalvikvm( 2401): DexOpt: couldn't find static field Landroid/os/Build;.SUPPORTED_ABIS
W/dalvikvm( 2401): VFY: unable to resolve static field 1664 (SUPPORTED_ABIS) in Landroid/os/Build;
D/dalvikvm( 2401): VFY: replacing opcode 0x62 at 0x01a4
E/dalvikvm( 2401): Could not find class 'android.app.NotificationChannel', referenced from method com.google.android.apps.play.games.core.PlayGamesApplication.onCreate
W/dalvikvm( 2401): VFY: unable to resolve new-instance 420 (Landroid/app/NotificationChannel;) in Lcom/google/android/apps/play/games/core/PlayGamesApplication;
D/dalvikvm( 2401): VFY: replacing opcode 0x22 at 0x03e6
D/dalvikvm( 2401): DexOpt: unable to opt direct call 0x0b8a at 0x98 in Lcom/google/android/apps/play/games/core/PlayGamesApplication;.onCreate
D/dalvikvm( 2401): DexOpt: unable to opt direct call 0x0b8a at 0xa9 in Lcom/google/android/apps/play/games/core/PlayGamesApplication;.onCreate
D/dalvikvm( 2401): DexOpt: unable to opt direct call 0x0b8a at 0xba in Lcom/google/android/apps/play/games/core/PlayGamesApplication;.onCreate
D/dalvikvm( 2401): DexOpt: unable to opt direct call 0x0b8a at 0xcb in Lcom/google/android/apps/play/games/core/PlayGamesApplication;.onCreate
D/dalvikvm( 2401): DexOpt: unable to opt direct call 0x0b8a at 0xdc in Lcom/google/android/apps/play/games/core/PlayGamesApplication;.onCreate
D/dalvikvm( 2401): DexOpt: unable to opt direct call 0x0b8a at 0xed in Lcom/google/android/apps/play/games/core/PlayGamesApplication;.onCreate
D/dalvikvm( 2401): DexOpt: unable to opt direct call 0x0b8a at 0x107 in Lcom/google/android/apps/play/games/core/PlayGamesApplication;.onCreate
D/dalvikvm( 2401): DexOpt: unable to opt direct call 0x0b95 at 0x135 in Lcom/google/android/apps/play/games/core/PlayGamesApplication;.onCreate
D/dalvikvm( 2401): DexOpt: unable to opt direct call 0x0b8a at 0x144 in Lcom/google/android/apps/play/games/core/PlayGamesApplication;.onCreate
D/dalvikvm( 2401): DexOpt: unable to opt direct call 0x0b8a at 0x160 in Lcom/google/android/apps/play/games/core/PlayGamesApplication;.onCreate
D/dalvikvm( 2401): DexOpt: unable to opt direct call 0x0b8a at 0x3eb in Lcom/google/android/apps/play/games/core/PlayGamesApplication;.onCreate
I/dalvikvm( 2401): Could not find method android.app.Notification.getChannelId, referenced from method keu.a
W/dalvikvm( 2401): VFY: unable to resolve virtual method 2951: Landroid/app/Notification;.getChannelId ()Ljava/lang/String;
D/dalvikvm( 2401): VFY: replacing opcode 0x6e at 0x0010
I/dalvikvm( 2401): Could not find method android.content.Context.createDeviceProtectedStorageContext, referenced from method hgf.a
W/dalvikvm( 2401): VFY: unable to resolve virtual method 3139: Landroid/content/Context;.createDeviceProtectedStorageContext ()Landroid/content/Context;
D/dalvikvm( 2401): VFY: replacing opcode 0x6e at 0x0029
I/dalvikvm( 2401): Could not find method android.content.Context.getSystemService, referenced from method hgf.a
W/dalvikvm( 2401): VFY: unable to resolve virtual method 3171: Landroid/content/Context;.getSystemService (Ljava/lang/Class;)Ljava/lang/Object;
D/dalvikvm( 2401): VFY: replacing opcode 0x6e at 0x0009
I/Icing   ( 2096): IndexChimeraService.getServiceInterface callingPackage=com.google.android.gms componentName=AppsCorpus serviceId=32
I/dalvikvm( 2401): Could not find method android.content.Context.createDeviceProtectedStorageContext, referenced from method nzv.a
W/dalvikvm( 2401): VFY: unable to resolve virtual method 3139: Landroid/content/Context;.createDeviceProtectedStorageContext ()Landroid/content/Context;
D/dalvikvm( 2401): VFY: replacing opcode 0x6e at 0x0031
I/dalvikvm( 2401): Could not find method android.content.Context.isDeviceProtectedStorage, referenced from method mlu.a
W/dalvikvm( 2401): VFY: unable to resolve virtual method 3177: Landroid/content/Context;.isDeviceProtectedStorage ()Z
D/dalvikvm( 2401): VFY: replacing opcode 0x6e at 0x0018
E/dalvikvm( 2401): Could not find class 'android.app.NotificationChannel', referenced from method fsr.a
W/dalvikvm( 2401): VFY: unable to resolve new-instance 420 (Landroid/app/NotificationChannel;) in Lfsr;
D/dalvikvm( 2401): VFY: replacing opcode 0x22 at 0x0236
D/dalvikvm( 2401): DexOpt: unable to opt direct call 0x0b8a at 0x23d in Lfsr;.a
I/dalvikvm( 2401): Failed resolving Lnok; interface 1015 'Landroid/view/Window$OnFrameMetricsAvailableListener;'
W/dalvikvm( 2401): Link of class 'Lnok;' failed
I/dalvikvm( 2401): Failed resolving Lnok; interface 1015 'Landroid/view/Window$OnFrameMetricsAvailableListener;'
W/dalvikvm( 2401): Link of class 'Lnok;' failed
I/dalvikvm( 2401): Failed resolving Lnok; interface 1015 'Landroid/view/Window$OnFrameMetricsAvailableListener;'
W/dalvikvm( 2401): Link of class 'Lnok;' failed
W/dalvikvm( 2401): VFY: unable to resolve instance field 27376
D/dalvikvm( 2401): VFY: replacing opcode 0x5c at 0x06cf
I/dalvikvm( 2401): Failed resolving Lnok; interface 1015 'Landroid/view/Window$OnFrameMetricsAvailableListener;'
W/dalvikvm( 2401): Link of class 'Lnok;' failed
I/dalvikvm( 2401): Failed resolving Lnok; interface 1015 'Landroid/view/Window$OnFrameMetricsAvailableListener;'
W/dalvikvm( 2401): Link of class 'Lnok;' failed
W/PrimesInit( 2401): Primes instant initialization
D/dalvikvm( 2401): GC_FOR_ALLOC freed 369K, 16% free 3136K/3692K, paused 3ms, total 3ms
I/dalvikvm( 2401): Could not find method android.app.AppOpsManager.permissionToOp, referenced from method rr.a
W/dalvikvm( 2401): VFY: unable to resolve static method 2785: Landroid/app/AppOpsManager;.permissionToOp (Ljava/lang/String;)Ljava/lang/String;
D/dalvikvm( 2401): VFY: replacing opcode 0x71 at 0x000e
I/dalvikvm( 2401): Could not find method android.content.Context.getSystemService, referenced from method rr.a
W/dalvikvm( 2401): VFY: unable to resolve virtual method 3171: Landroid/content/Context;.getSystemService (Ljava/lang/Class;)Ljava/lang/Object;
D/dalvikvm( 2401): VFY: replacing opcode 0x6e at 0x002b
W/Primes  ( 2401): background initialization
I/Icing   ( 2096): IndexChimeraService.getServiceInterface callingPackage=com.google.android.gms componentName=IpaAppsCorpus serviceId=32
I/dalvikvm( 2401): Could not find method android.content.Context.getSystemService, referenced from method mry.a
W/dalvikvm( 2401): VFY: unable to resolve virtual method 3171: Landroid/content/Context;.getSystemService (Ljava/lang/Class;)Ljava/lang/Object;
D/dalvikvm( 2401): VFY: replacing opcode 0x6e at 0x001a
I/dalvikvm( 2401): Could not find method android.os.UserManager.isUserUnlocked, referenced from method mry.a
W/dalvikvm( 2401): VFY: unable to resolve virtual method 4621: Landroid/os/UserManager;.isUserUnlocked ()Z
D/dalvikvm( 2401): VFY: replacing opcode 0x6e at 0x0030
I/dalvikvm( 2401): Could not find method android.content.Context.isDeviceProtectedStorage, referenced from method mry.b
W/dalvikvm( 2401): VFY: unable to resolve virtual method 3177: Landroid/content/Context;.isDeviceProtectedStorage ()Z
D/dalvikvm( 2401): VFY: replacing opcode 0x6e at 0x0000
I/Icing   ( 2096): Indexing done com.google.android.gms-sms
I/Icing   ( 2096): Indexing com.google.android.gms-apps from com.google.android.gms
I/PrimesTesting( 2401): GserviceFlagsSupplier.get()
W/dalvikvm( 1776): VFY: unable to find class referenced in signature (Landroid/net/Network;)
W/dalvikvm( 1776): VFY: unable to find class referenced in signature (Landroid/net/Network;)
I/dalvikvm( 1776): Could not find method android.net.Network.openConnection, referenced from method wna.a
W/dalvikvm( 1776): VFY: unable to resolve virtual method 5072: Landroid/net/Network;.openConnection (Ljava/net/URL;)Ljava/net/URLConnection;
D/dalvikvm( 1776): VFY: replacing opcode 0x6e at 0x008f
I/dalvikvm( 2401): Could not find method android.content.pm.PackageManager.getPackageInstaller, referenced from method gzw.a
W/dalvikvm( 2401): VFY: unable to resolve virtual method 3338: Landroid/content/pm/PackageManager;.getPackageInstaller ()Landroid/content/pm/PackageInstaller;
D/dalvikvm( 2401): VFY: replacing opcode 0x6e at 0x0024
I/GAv4-SVC( 2401): Google Analytics 16.9.98 is starting up.
E/dalvikvm( 2401): Could not find class 'android.app.job.JobScheduler', referenced from method gss.e
W/dalvikvm( 2401): VFY: unable to resolve check-cast 443 (Landroid/app/job/JobScheduler;) in Lgss;
D/dalvikvm( 2401): VFY: replacing opcode 0x1f at 0x00d7
E/dalvikvm( 2401): Could not find class 'android.app.job.JobScheduler', referenced from method gss.b
W/dalvikvm( 2401): VFY: unable to resolve check-cast 443 (Landroid/app/job/JobScheduler;) in Lgss;
D/dalvikvm( 2401): VFY: replacing opcode 0x1f at 0x02b1
E/dalvikvm( 2401): Could not find class 'android.app.job.JobScheduler', referenced from method gss.b
W/dalvikvm( 2401): VFY: unable to resolve check-cast 443 (Landroid/app/job/JobScheduler;) in Lgss;
D/dalvikvm( 2401): VFY: replacing opcode 0x1f at 0x0672
E/dalvikvm( 2401): Could not find class 'android.app.job.JobScheduler', referenced from method gss.b
W/dalvikvm( 2401): VFY: unable to resolve check-cast 443 (Landroid/app/job/JobScheduler;) in Lgss;
D/dalvikvm( 2401): VFY: replacing opcode 0x1f at 0x0866
