W/DynamiteModule( 2096): Local module descriptor class for providerinstaller not found.
I/DynamiteModule( 2096): Considering local module providerinstaller:0 and remote module providerinstaller:0
W/ProviderInstaller( 2096): Failed to load providerinstaller module: No acceptable module found. Local version is 0 and remote version is 0.
E/memtrack( 2649): Couldn't load memtrack module (No such file or directory)
E/android.os.Debug( 2649): failed to load memtrack module: -2
D/AndroidRuntime( 2649): Calling main entry com.android.commands.pm.Pm
D/AndroidRuntime( 2649): Shutting down VM
D/jdwp    ( 2649): Got wake-up signal, bailing out of select
D/dalvikvm( 2649): Debugger has detached; object registry had 1 entries
I/AndroidRuntime( 2649): NOTE: attach of thread 'Binder_1' failed
D/dalvikvm( 2096): GC_FOR_ALLOC freed 327K, 19% free 9548K/11656K, paused 21ms, total 21ms
I/dalvikvm-heap( 2096): Grow heap (frag case) to 10.567MB for 1048588-byte allocation
D/dalvikvm( 1776): GC_EXPLICIT freed 1481K, 17% free 8631K/10364K, paused 12ms+2ms, total 34ms
W/GCoreFlp( 1776): No location to return for getLastLocation()
D/dalvikvm( 2096): GC_FOR_ALLOC freed <1K, 17% free 10571K/12684K, paused 20ms, total 20ms
D/dalvikvm( 1798): GC_EXPLICIT freed 145K, 24% free 5912K/7752K, paused 0ms+1ms, total 5ms
D/dalvikvm( 2096): GC_FOR_ALLOC freed 1040K, 25% free 9538K/12684K, paused 12ms, total 12ms
I/MdiSyncModule( 2096): initializing module...
I/GmsSyncPolicyEngine( 2096): Periodic sync 3 disabled
I/MdiSyncModule( 2096): module initialization completed
I/Icing   ( 2096): Indexing com.google.android.googlequicksearchbox-applications from com.google.android.googlequicksearchbox
D/dalvikvm( 2191): GC_FOR_ALLOC freed 467K, 17% free 3422K/4076K, paused 8ms, total 8ms
D/dalvikvm( 1798): GC_EXPLICIT freed 144K, 24% free 5904K/7752K, paused 0ms+0ms, total 6ms
I/Icing   ( 2096): Indexing done com.google.android.googlequicksearchbox-applications
I/Icing   ( 2096): Indexing done com.google.android.gms-internal.3p:MobileApplication
I/Icing   ( 2096): Indexing com.google.android.googlequicksearchbox-contacts from com.google.android.googlequicksearchbox
D/dalvikvm( 2096): GC_EXPLICIT freed 1811K, 24% free 9706K/12684K, paused 0ms+3ms, total 34ms
D/dalvikvm( 2096): DexOpt: --- BEGIN 'CronetDynamite.apk' (bootstrap=0) ---
W/linker  ( 2666): libdvm.so has text relocations. This is wasting memory and is a security risk. Please fix.
I/Ads     ( 2096): Parental control value is stale. Refreshing.
W/Ads     ( 2096): Play store is not installed or the service for parental controls is not available.
I/Ads     ( 2096): Initialized AdMob in container 20.24.14 (000700-319035315)
D/AndroidRuntime( 2663): 
D/AndroidRuntime( 2663): >>>>>> AndroidRuntime START com.android.internal.os.RuntimeInit <<<<<<
W/linker  ( 2663): libdvm.so has text relocations. This is wasting memory and is a security risk. Please fix.
D/AndroidRuntime( 2663): CheckJNI is ON
D/dalvikvm( 2663): Trying to load lib libjavacore.so 0x0
D/dalvikvm( 2663): Added shared lib libjavacore.so 0x0
D/dalvikvm( 2663): Trying to load lib libnativehelper.so 0x0
D/dalvikvm( 2663): Added shared lib libnativehelper.so 0x0
D/dalvikvm( 2663): No JNI_OnLoad found in libnativehelper.so 0x0, skipping init
E/dalvikvm( 2096): Could not find class 'android.system.ErrnoException', referenced from method usb.b
W/dalvikvm( 2096): VFY: unable to resolve instanceof 1540 (Landroid/system/ErrnoException;) in Lusb;
D/dalvikvm( 2096): VFY: replacing opcode 0x20 at 0x0043
I/Icing   ( 2096): Indexing done com.google.android.googlequicksearchbox-contacts
D/dalvikvm( 2666): DexOpt: couldn't find static field Landroid/os/Build;.SUPPORTED_ABIS
D/dalvikvm( 2663): Note: class Landroid/app/ActivityManagerNative; has 179 unimplemented (abstract) methods
I/FontLog ( 2096): No directory on disk newer than version 0 [CONTEXT service_id=132 ]
I/dalvikvm( 2096): Could not find method android.os.PowerManager.isInteractive, referenced from method nol.a
W/dalvikvm( 2096): VFY: unable to resolve virtual method 4227: Landroid/os/PowerManager;.isInteractive ()Z
D/dalvikvm( 2096): VFY: replacing opcode 0x6e at 0x0006
I/Icing   ( 2096): IndexChimeraService.getServiceInterface callingPackage=com.google.android.googlequicksearchbox componentName=null serviceId=21
D/dalvikvm( 1798): GC_EXPLICIT freed 130K, 24% free 5910K/7752K, paused 0ms+1ms, total 6ms
I/ahju    ( 1776): Scheduling Phenotype for a PhenotypeSyncImmediately(6, com.google.android.gms.lockbox) one off with window [1, 2] in seconds [CONTEXT service_id=51 ]
W/Icing.InternalIcingCorporaProvider( 2191): Application table change notification failed.
I/ahju    ( 1776): Scheduling Phenotype for a PhenotypeSyncImmediately(6, com.google.android.gms.auth_api_phone) one off with window [1, 2] in seconds [CONTEXT service_id=51 ]
D/dalvikvm( 2666): DexOpt: load 1ms, verify+opt 73ms, 472172 bytes
I/Auth    ( 2096): [WorkAccount] update authenticator enabled for boot or update
I/Auth    ( 1776): [WorkAccountServiceImpl] init work authenticator
E/memtrack( 2663): Couldn't load memtrack module (No such file or directory)
E/android.os.Debug( 2663): failed to load memtrack module: -2
I/Icing   ( 2096): IndexChimeraService.getServiceInterface callingPackage=com.google.android.googlequicksearchbox componentName=null serviceId=21
W/Icing   ( 2096): No valid account for uploading user actions
I/Icing   ( 2096): Usage reports ok 0, Failed Usage reports 0, indexed 0, rejected 0
I/MobileDataHub( 2096): Scheduling periodic tasks
W/Icing.InternalIcingCorporaProvider( 2191): Contacts table change notification failed.
I/SystemUpdate( 2096): [Installation,ReceiverIntentOperation] Received intent: Intent { act=com.google.android.gms.update.BASE_MODULE_INIT cat=[targeted_intent_op_prefix:.update.control.ReceiverIntentOperation] cmp=com.google.android.gms/.chimera.GmsIntentOperationService }.
I/Ads     ( 2096): Initialized AdMob in container 20.24.14 (000700-319035315)
W/dalvikvm( 2096): VFY: unable to find class referenced in signature (Landroid/service/persistentdata/PersistentDataBlockManager;)
E/dalvikvm( 2096): Could not find class 'android.service.persistentdata.PersistentDataBlockManager', referenced from method eyr.a
W/dalvikvm( 2096): VFY: unable to resolve check-cast 972 (Landroid/service/persistentdata/PersistentDataBlockManager;) in Leyr;
D/dalvikvm( 2096): VFY: replacing opcode 0x1f at 0x0022
W/dalvikvm( 2096): VFY: unable to find class referenced in signature (Landroid/service/persistentdata/PersistentDataBlockManager;)
I/dalvikvm( 2096): Could not find method android.service.persistentdata.PersistentDataBlockManager.getMaximumDataBlockSize, referenced from method eyr.a
W/dalvikvm( 2096): VFY: unable to resolve virtual method 4350: Landroid/service/persistentdata/PersistentDataBlockManager;.getMaximumDataBlockSize ()J
D/dalvikvm( 2096): VFY: replacing opcode 0x6e at 0x001e
I/Auth    ( 2096): [SupervisedAccountIntentOperation] onHandleIntent(): android.intent.action.BOOT_COMPLETED
I/dalvikvm( 2096): Could not find method android.service.persistentdata.PersistentDataBlockManager.read, referenced from method eyr.b
W/dalvikvm( 2096): VFY: unable to resolve virtual method 4351: Landroid/service/persistentdata/PersistentDataBlockManager;.read ()[B
D/dalvikvm( 2096): VFY: replacing opcode 0x6e at 0x000d
I/Auth    ( 2096): [SupervisedAccountIntentOperation] This operation is disabled
I/ActivityManager( 1571): Resuming delayed broadcast
D/AlertReceiver( 2342): onReceive: a=android.intent.action.BOOT_COMPLETED Intent { act=android.intent.action.BOOT_COMPLETED flg=0x8000010 cmp=com.google.android.calendar/com.android.calendar.alerts.AlertReceiver (has extras) }
I/ActivityManager( 1571): Delay finish: com.google.android.calendar/com.android.calendar.alerts.AlertReceiver
W/WakefulBroadcastReceiv.( 1798): No active wake lock id #3
D/dalvikvm( 2096): DexOpt: --- END 'CronetDynamite.apk' (success) ---
D/dalvikvm( 2096): DEX prep '/data/data/com.google.android.gms/app_chimera/m/00000001/CronetDynamite.apk': unzip in 1ms, rewrite 161ms
I/Auth    ( 2096): [AuthManaged,PasswordComplexityHelperImpl] Updating password complexity components state.
I/Auth    ( 2096): [AuthManaged,PasswordComplexityHelperImpl] Disabling com.google.android.gms.auth.managed.admin.DeviceAdminReceiver
I/Auth    ( 2096): [AuthManaged,PasswordComplexityHelperImpl] Disabling com.google.android.gms.auth.managed.ui.SetNewPasswordActivity
I/AutofillModuleInitInten( 2096): AutofillModuleInitIntentOperation onInitRuntimeState(3) [CONTEXT service_id=177 ]
I/BackupPreLmp( 2096): [ComponentEnabler] Enabling pre-L components
D/AlertUtils( 2342): Flushing old alerts from shared prefs table
I/Authzen ( 2096): [AuthZenEventHandler] Handling event: android.intent.action.BOOT_COMPLETED
I/Authzen ( 2096): [TransactionCache] Clearing transaction cache
V/BackupPreLmp( 2096): [ComponentEnabler] Enabling Component: com.google.android.gms.backup.component.D2dPreLSourceActivity
D/AlertService( 2342): 0 Action = android.intent.action.BOOT_COMPLETED
W/Icing   ( 2096): No valid account for uploading user actions
I/ChromeSync( 2096): [Sync,SyncIntentOperation] Handling the intent: Intent { act=android.intent.action.BOOT_COMPLETED flg=0x8000010 cmp=com.google.android.gms/.chimera.GmsIntentOperationService (has extras) }.
D/AlertService( 2342): Scheduling next alarm with AlarmScheduler. sEventReminderReceived: null
D/AndroidRuntime( 2663): Calling main entry com.android.commands.pm.Pm
I/Icing   ( 2096): Usage reports ok 0, Failed Usage reports 0, indexed 0, rejected 0
I/Icing   ( 2096): Indexing com.google.android.gms-apps from com.google.android.gms
D/AlarmScheduler( 2342): No events found starting within 1 week.
D/AndroidRuntime( 2663): Shutting down VM
D/jdwp    ( 2663): Got wake-up signal, bailing out of select
D/dalvikvm( 2663): Debugger has detached; object registry had 1 entries
I/CCTBootCount( 1776): (BOOT_COMPLETE intent)Device boot count in Clearcut increased.
D/dalvikvm( 2096): GC_FOR_ALLOC freed 1976K, 24% free 9762K/12684K, paused 16ms, total 16ms
W/DynamiteModule( 2096): Local module descriptor class for providerinstaller not found.
I/DynamiteModule( 2096): Considering local module providerinstaller:0 and remote module providerinstaller:0
W/ProviderInstaller( 2096): Failed to load providerinstaller module: No acceptable module found. Local version is 0 and remote version is 0.
W/MobileDataHub( 2096): [Service] appsupload-periodic periodic task disabled
I/Icing   ( 2096): Indexing done com.google.android.gms-apps
I/ahju    ( 1776): Scheduling Phenotype for a PhenotypeSyncImmediately(16, com.google.android.gms.icing.mdd) one off with window [1, 2] in seconds [CONTEXT service_id=51 ]
D/dalvikvm( 1798): GC_EXPLICIT freed 411K, 24% free 5958K/7752K, paused 0ms+1ms, total 7ms
I/Checkin ( 2096): [CheckinChimeraService] onStartCommand
E/JavaBinder( 2096): !!! FAILED BINDER TRANSACTION !!!
I/constellation( 2096): [intent_handler] Received onBootCompleted intent
I/constellation( 2096): [reboot_checker] Reboot checker check status.
I/constellation( 2096): [reboot_checker] reboot checker is disabled.
I/constellation( 2096): [intent_handler] on init with intent Intent { act=android.intent.action.BOOT_COMPLETED flg=0x8000010 cmp=com.google.android.gms/.chimera.GmsIntentOperationService (has extras) }
I/Checkin ( 2096): [CheckinChimeraService] runCheckinOnNewThread
I/Checkin ( 2096): [CheckinChimeraService] Check queued to run. Is task waiting: false
I/dalvikvm( 2096): Could not find method android.os.UserManager.getUserProfiles, referenced from method alze.a
W/dalvikvm( 2096): VFY: unable to resolve virtual method 29751: Landroid/os/UserManager;.getUserProfiles ()Ljava/util/List;
D/dalvikvm( 2096): VFY: replacing opcode 0x6e at 0x006a
I/Fido    ( 2096): [FidoInitIntentOperation] Initializing Fido module, InitRuntimeState=3
I/Checkin ( 2096): [CheckinChimeraService] Run checkin on new thread return:1
I/Checkin ( 2096): [CheckinChimeraService] Starting Checkin Task: CheckinNowTaskTag Reason : 1 Force : false UserId: 0
I/GCM-GMS ( 2096): Scheduling task to register GMS
I/SystemUpdate( 2096): [Execution,InstallationEventIntentOperation] Handling event of type 1.
I/SystemUpdate( 2096): [Execution,InstallationIntentOperation] Received intent: Intent { act=com.google.android.gms.update.INSTALL_UPDATE cat=[targeted_intent_op_prefix:.update.execution.InstallationIntentOperation] cmp=com.google.android.gms/.chimera.GmsIntentOperationService }.
I/SystemUpdate( 2096): [Execution,ExecutionManager] Action finished-execution executed for 0.00 seconds.
I/MobileDataHub( 2096): Scheduling periodic tasks
W/MobileDataHub( 2096): [Service] appsupload-periodic periodic task disabled
I/Herrevad( 1776): [59] wkz.a: updateListenState
I/NewModuleOp( 2096): Schedule LanguageProfileGcmTaskChimeraService tasks. [CONTEXT service_id=167 ]
I/LPGcmTaskChimeraService( 2096): Unscheduling sync tasks. [CONTEXT service_id=167 ]
W/ProviderHelper( 2096): Unknown dynamite feature providerinstaller
I/DynamiteModule( 2096): Considering local module providerinstaller:0 and remote module providerinstaller:0
I/DynamiteModule( 2096): Considering local module providerinstaller:0 and remote module providerinstaller:0
W/Conscrypt( 2096): Could not set socket write timeout: java.net.SocketException: Socket closed
W/Conscrypt( 2096): 	at com.google.android.gms.org.conscrypt.Platform.setSocketWriteTimeout(:com.google.android.gms@202414005@20.24.14 (000700-319035315):2)
W/Conscrypt( 2096): 	at com.google.android.gms.org.conscrypt.ConscryptFileDescriptorSocket.setSoWriteTimeout(:com.google.android.gms@202414005@20.24.14 (000700-319035315):0)
I/Icing   ( 2096): Indexing com.google.android.gms-apps from com.google.android.gms
D/dalvikvm( 1146): GC_EXPLICIT freed 40K, 8% free 2993K/3220K, paused 0ms+2ms, total 7ms
I/ActivityManager( 1571): Start proc com.google.android.gms.unstable for service com.google.android.gms/.droidguard.DroidGuardService: pid=2697 uid=10007 gids={50007, 3003, 1007, 1028, 1015, 3002, 3001, 3007, 2001, 3006}
I/Icing   ( 2096): MaintenanceDriver: Registering all GCM Tasks.
D/dalvikvm( 1146): GC_EXPLICIT freed <1K, 8% free 2993K/3220K, paused 5ms+0ms, total 14ms
W/dalvikvm( 2697): VFY: unable to resolve static field 1608 (PR_SET_DUMPABLE) in Landroid/system/OsConstants;
D/dalvikvm( 1146): GC_EXPLICIT freed <1K, 8% free 2993K/3220K, paused 1ms+0ms, total 7ms
D/dalvikvm( 2697): VFY: replacing opcode 0x60 at 0x0017
W/dalvikvm( 2697): VFY: unable to find class referenced in signature (Lyqx;)
W/dalvikvm( 2697): VFY: unable to find class referenced in signature (Lyro;)
I/dalvikvm( 2096): Could not find method android.os.UserHandle.isOwner, referenced from method ambv.a
W/dalvikvm( 2096): VFY: unable to resolve virtual method 29745: Landroid/os/UserHandle;.isOwner ()Z
D/dalvikvm( 2096): VFY: replacing opcode 0x6e at 0x000a
D/dalvikvm( 1798): GC_EXPLICIT freed 141K, 24% free 5954K/7752K, paused 0ms+1ms, total 5ms
D/dalvikvm( 2096): GC_EXPLICIT freed 1811K, 22% free 9910K/12684K, paused 6ms+3ms, total 133ms
I/GoogleSettingsUtils( 2096): Updated ID in checkin_id_token file [CONTEXT service_id=130 ]
D/dalvikvm( 2096): DexOpt: --- BEGIN 'DynamiteLoader.apk' (bootstrap=0) ---
D/dalvikvm( 1571): GC_EXPLICIT freed 1099K, 48% free 7776K/14816K, paused 0ms+1ms, total 13ms
D/dalvikvm( 1776): GC_EXPLICIT freed 1795K, 20% free 8705K/10752K, paused 11ms+8ms, total 36ms
W/GCoreFlp( 1776): No location to return for getLastLocation()
I/dalvikvm( 2697): Could not find method android.system.Os.readlink, referenced from method msk.a
W/dalvikvm( 2697): VFY: unable to resolve static method 3145: Landroid/system/Os;.readlink (Ljava/lang/String;)Ljava/lang/String;
D/dalvikvm( 2697): VFY: replacing opcode 0x71 at 0x00b0
I/dalvikvm( 2697): Could not find method android.os.PowerManager.isInteractive, referenced from method ndc.a
W/dalvikvm( 2697): VFY: unable to resolve virtual method 3046: Landroid/os/PowerManager;.isInteractive ()Z
D/dalvikvm( 2697): VFY: replacing opcode 0x6e at 0x0013
I/dalvikvm( 2697): Could not find method com.google.android.chimera.ModuleContext.getAttributionTag, referenced from method com.google.android.chimera.ModuleContext.createAttributionContext
W/dalvikvm( 2697): VFY: unable to resolve virtual method 14170: Lcom/google/android/chimera/ModuleContext;.getAttributionTag ()Ljava/lang/String;
D/dalvikvm( 2697): VFY: replacing opcode 0x6e at 0x0004
I/dalvikvm( 2697): Could not find method com.google.android.chimera.ContextThemeWrapper.createAttributionContext, referenced from method com.google.android.chimera.ModuleContext.createAttributionContext
W/dalvikvm( 2697): VFY: unable to resolve virtual method 13785: Lcom/google/android/chimera/ContextThemeWrapper;.createAttributionContext (Ljava/lang/String;)Landroid/content/Context;
D/dalvikvm( 2697): VFY: replacing opcode 0x6f at 0x0035
I/dalvikvm( 2697): Could not find method android.content.ContextWrapper.createCredentialProtectedStorageContext, referenced from method com.google.android.chimera.ModuleContext.createCredentialProtectedStorageContext
W/dalvikvm( 2697): VFY: unable to resolve virtual method 2508: Landroid/content/ContextWrapper;.createCredentialProtectedStorageContext ()Landroid/content/Context;
D/dalvikvm( 2697): VFY: replacing opcode 0x6f at 0x0002
I/dalvikvm( 2697): Could not find method android.content.ContextWrapper.createDeviceProtectedStorageContext, referenced from method com.google.android.chimera.ModuleContext.createDeviceProtectedStorageContext
W/dalvikvm( 2697): VFY: unable to resolve virtual method 2509: Landroid/content/ContextWrapper;.createDeviceProtectedStorageContext ()Landroid/content/Context;
D/dalvikvm( 2697): VFY: replacing opcode 0x6f at 0x0002
I/dalvikvm( 2697): Could not find method com.google.android.chimera.ContextThemeWrapper.sendBroadcastWithMultiplePermissions, referenced from method com.google.android.chimera.ModuleContext.sendBroadcastWithMultiplePermissions
W/dalvikvm( 2697): VFY: unable to resolve virtual method 13795: Lcom/google/android/chimera/ContextThemeWrapper;.sendBroadcastWithMultiplePermissions (Landroid/content/Intent;[Ljava/lang/String;)V
D/dalvikvm( 2697): VFY: replacing opcode 0x6f at 0x0009
I/MultiDex( 2697): VM with version 1.6.0 does not have multidex support
I/MultiDex( 2697): Installing application
I/MultiDex( 2697): MultiDexExtractor(/system/priv-app/PrebuiltGmsCore.apk, /data/data/com.google.android.gms/code_cache/secondary-dexes)
I/MultiDex( 2697): Blocking on lock /data/data/com.google.android.gms/code_cache/secondary-dexes/MultiDex.lock
I/MdiSyncModule( 2096): initializing module...
I/MultiDex( 2697): /data/data/com.google.android.gms/code_cache/secondary-dexes/MultiDex.lock locked
I/MultiDex( 2697): MultiDexExtractor.load(/system/priv-app/PrebuiltGmsCore.apk, false, )
I/LockboxService( 1776): Completed task: true [CONTEXT service_id=26 ]
D/AndroidRuntime( 2716): 
D/AndroidRuntime( 2716): >>>>>> AndroidRuntime START com.android.internal.os.RuntimeInit <<<<<<
I/MultiDex( 2697): loading existing secondary dex files
I/LockboxService( 1776): Completed task: true [CONTEXT service_id=26 ]
I/MultiDex( 2697): load found 5 secondary dex files
I/MultiDex( 2697): install done
W/linker  ( 2716): libdvm.so has text relocations. This is wasting memory and is a security risk. Please fix.
D/AndroidRuntime( 2716): CheckJNI is ON
I/Icing   ( 2096): Indexing done com.google.android.gms-apps
D/dalvikvm( 2716): Trying to load lib libjavacore.so 0x0
D/dalvikvm( 2716): Added shared lib libjavacore.so 0x0
D/dalvikvm( 2716): Trying to load lib libnativehelper.so 0x0
D/dalvikvm( 2716): Added shared lib libnativehelper.so 0x0
D/dalvikvm( 2716): No JNI_OnLoad found in libnativehelper.so 0x0, skipping init
D/dalvikvm( 2697): GC_FOR_ALLOC freed 393K, 16% free 3112K/3692K, paused 4ms, total 4ms
I/dalvikvm( 2697): Could not find method android.os.UserHandle.isOwner, referenced from method nmy.f
W/dalvikvm( 2697): VFY: unable to resolve virtual method 3081: Landroid/os/UserHandle;.isOwner ()Z
D/dalvikvm( 2697): VFY: replacing opcode 0x6e at 0x000a
W/linker  ( 2715): libdvm.so has text relocations. This is wasting memory and is a security risk. Please fix.
I/dalvikvm( 2697): Could not find method android.content.pm.PackageManager.getPackageInstaller, referenced from method men.a
W/dalvikvm( 2697): VFY: unable to resolve virtual method 2608: Landroid/content/pm/PackageManager;.getPackageInstaller ()Landroid/content/pm/PackageInstaller;
D/dalvikvm( 2697): VFY: replacing opcode 0x6e at 0x001c
W/DynamiteModule( 2697): Local module descriptor class for providerinstaller not found.
I/dalvikvm( 2697): Could not find method android.system.Os.readlink, referenced from method bse.a
W/dalvikvm( 2697): VFY: unable to resolve static method 3145: Landroid/system/Os;.readlink (Ljava/lang/String;)Ljava/lang/String;
D/dalvikvm( 2697): VFY: replacing opcode 0x71 at 0x0044
I/dalvikvm( 2697): Could not find method android.system.Os.symlink, referenced from method bse.a
W/dalvikvm( 2697): VFY: unable to resolve static method 3147: Landroid/system/Os;.symlink (Ljava/lang/String;Ljava/lang/String;)V
D/dalvikvm( 2697): VFY: replacing opcode 0x71 at 0x00b0
I/dalvikvm( 2697): Could not find method android.system.Os.stat, referenced from method bse.a
W/dalvikvm( 2697): VFY: unable to resolve static method 3146: Landroid/system/Os;.stat (Ljava/lang/String;)Landroid/system/StructStat;
D/dalvikvm( 2697): VFY: replacing opcode 0x71 at 0x0005
W/dalvikvm( 2697): VFY: unable to resolve static field 1615 (S_IXUSR) in Landroid/system/OsConstants;
D/dalvikvm( 2697): VFY: replacing opcode 0x60 at 0x0007
I/dalvikvm( 2697): Could not find method android.system.Os.stat, referenced from method bse.b
W/dalvikvm( 2697): VFY: unable to resolve static method 3146: Landroid/system/Os;.stat (Ljava/lang/String;)Landroid/system/StructStat;
D/dalvikvm( 2697): VFY: replacing opcode 0x71 at 0x0040
W/dalvikvm( 2697): VFY: unable to resolve static field 1612 (S_IRUSR) in Landroid/system/OsConstants;
D/dalvikvm( 2697): VFY: replacing opcode 0x60 at 0x0007
I/GmsSyncPolicyEngine( 2096): Periodic sync 3 disabled
I/MdiSyncModule( 2096): module initialization completed
D/dalvikvm( 2697): DexOpt: couldn't find static field Landroid/os/Build;.SUPPORTED_64_BIT_ABIS
W/dalvikvm( 2697): VFY: unable to resolve static field 1539 (SUPPORTED_64_BIT_ABIS) in Landroid/os/Build;
D/dalvikvm( 2697): VFY: replacing opcode 0x62 at 0x0214
W/ProviderHelper( 2697): Unknown dynamite feature providerinstaller
I/DynamiteModule( 2697): Considering local module providerinstaller:0 and remote module providerinstaller:0
W/ProviderInstaller( 2697): Failed to load providerinstaller module: No acceptable module found. Local version is 0 and remote version is 0.
I/dalvikvm( 2697): Could not find method android.content.ContextWrapper.createCredentialProtectedStorageContext, referenced from method nfr.createCredentialProtectedStorageContext
W/dalvikvm( 2697): VFY: unable to resolve virtual method 2508: Landroid/content/ContextWrapper;.createCredentialProtectedStorageContext ()Landroid/content/Context;
D/dalvikvm( 2697): VFY: replacing opcode 0x6f at 0x0002
I/dalvikvm( 2697): Could not find method android.content.ContextWrapper.createDeviceProtectedStorageContext, referenced from method nfr.createDeviceProtectedStorageContext
W/dalvikvm( 2697): VFY: unable to resolve virtual method 2509: Landroid/content/ContextWrapper;.createDeviceProtectedStorageContext ()Landroid/content/Context;
D/dalvikvm( 2697): VFY: replacing opcode 0x6f at 0x0002
W/dalvikvm( 2096): VFY: unable to find class referenced in signature (Landroid/net/NetworkRequest;)
D/dalvikvm( 2697): DexOpt: couldn't find static field Landroid/os/Build;.SUPPORTED_64_BIT_ABIS
W/dalvikvm( 2697): VFY: unable to resolve static field 1539 (SUPPORTED_64_BIT_ABIS) in Landroid/os/Build;
D/dalvikvm( 2697): VFY: replacing opcode 0x62 at 0x0080
D/dalvikvm( 2697): DexOpt: couldn't find static field Landroid/os/Build;.SUPPORTED_ABIS
W/dalvikvm( 2697): VFY: unable to resolve static field 1540 (SUPPORTED_ABIS) in Landroid/os/Build;
D/dalvikvm( 2697): VFY: replacing opcode 0x62 at 0x00d3
V/NativeCrypto( 2697): Registering com/google/android/gms/org/conscrypt/NativeCrypto's 286 native methods...
D/dalvikvm( 2716): Note: class Landroid/app/ActivityManagerNative; has 179 unimplemented (abstract) methods
W/dalvikvm( 2697): Unable to resolve superclass of Lcom/google/android/gms/org/conscrypt/TrustManagerImpl; (5184)
W/dalvikvm( 2697): Link of class 'Lcom/google/android/gms/org/conscrypt/TrustManagerImpl;' failed
I/dalvikvm( 2697): Could not find method com.google.android.gms.org.conscrypt.TrustManagerImpl.getDefaultHostnameVerifier, referenced from method com.google.android.gms.org.conscrypt.Conscrypt.getDefaultHostnameVerifier
W/dalvikvm( 2697): VFY: unable to resolve static method 17870: Lcom/google/android/gms/org/conscrypt/TrustManagerImpl;.getDefaultHostnameVerifier ()Lcom/google/android/gms/org/conscrypt/ConscryptHostnameVerifier;
D/dalvikvm( 2697): VFY: replacing opcode 0x71 at 0x0003
W/dalvikvm( 2697): Unable to resolve superclass of Lcom/google/android/gms/org/conscrypt/TrustManagerImpl; (5184)
W/dalvikvm( 2697): Link of class 'Lcom/google/android/gms/org/conscrypt/TrustManagerImpl;' failed
W/dalvikvm( 2697): VFY: unable to find class referenced in signature (Lcom/google/android/gms/org/conscrypt/TrustManagerImpl;)
W/dalvikvm( 2697): Unable to resolve superclass of Lcom/google/android/gms/org/conscrypt/TrustManagerImpl; (5184)
W/dalvikvm( 2697): Link of class 'Lcom/google/android/gms/org/conscrypt/TrustManagerImpl;' failed
I/dalvikvm( 2697): Could not find method com.google.android.gms.org.conscrypt.TrustManagerImpl.getHostnameVerifier, referenced from method com.google.android.gms.org.conscrypt.Conscrypt.getHostnameVerifier
W/dalvikvm( 2697): VFY: unable to resolve virtual method 17872: Lcom/google/android/gms/org/conscrypt/TrustManagerImpl;.getHostnameVerifier ()Lcom/google/android/gms/org/conscrypt/ConscryptHostnameVerifier;
D/dalvikvm( 2697): VFY: replacing opcode 0x6e at 0x0004
W/dalvikvm( 2697): Unable to resolve superclass of Lcom/google/android/gms/org/conscrypt/TrustManagerImpl; (5184)
W/dalvikvm( 2697): Link of class 'Lcom/google/android/gms/org/conscrypt/TrustManagerImpl;' failed
E/dalvikvm( 2697): Could not find class 'com.google.android.gms.org.conscrypt.TrustManagerImpl', referenced from method com.google.android.gms.org.conscrypt.Conscrypt.isConscrypt
W/dalvikvm( 2697): VFY: unable to resolve instanceof 4452 (Lcom/google/android/gms/org/conscrypt/TrustManagerImpl;) in Lcom/google/android/gms/org/conscrypt/Conscrypt;
D/dalvikvm( 2697): VFY: replacing opcode 0x20 at 0x0000
I/NearbySharing( 2096): Runtime state initialization complete. Sharing is disabled. [CONTEXT service_id=194 ]
D/dalvikvm( 2697): GC_FOR_ALLOC freed 475K, 18% free 3151K/3812K, paused 4ms, total 4ms
W/dalvikvm( 2697): Unable to resolve superclass of Lcom/google/android/gms/org/conscrypt/TrustManagerImpl; (5184)
W/dalvikvm( 2697): Link of class 'Lcom/google/android/gms/org/conscrypt/TrustManagerImpl;' failed
I/dalvikvm( 2697): Could not find method com.google.android.gms.org.conscrypt.TrustManagerImpl.setDefaultHostnameVerifier, referenced from method com.google.android.gms.org.conscrypt.Conscrypt.setDefaultHostnameVerifier
W/dalvikvm( 2697): VFY: unable to resolve static method 17882: Lcom/google/android/gms/org/conscrypt/TrustManagerImpl;.setDefaultHostnameVerifier (Lcom/google/android/gms/org/conscrypt/ConscryptHostnameVerifier;)V
D/dalvikvm( 2697): VFY: replacing opcode 0x71 at 0x0003
W/ActivityManager( 1571): Unable to start service Intent { act=com.google.android.gms.nearby.discovery:ACTION_INIT_MESSAGES_PATH cmp=com.google.android.gms/.nearby.discovery.service.DiscoveryService } U=0: not found
W/dalvikvm( 2697): Unable to resolve superclass of Lcom/google/android/gms/org/conscrypt/TrustManagerImpl; (5184)
W/dalvikvm( 2697): Link of class 'Lcom/google/android/gms/org/conscrypt/TrustManagerImpl;' failed
W/dalvikvm( 2697): VFY: unable to find class referenced in signature (Lcom/google/android/gms/org/conscrypt/TrustManagerImpl;)
W/dalvikvm( 2697): Unable to resolve superclass of Lcom/google/android/gms/org/conscrypt/TrustManagerImpl; (5184)
W/dalvikvm( 2697): Link of class 'Lcom/google/android/gms/org/conscrypt/TrustManagerImpl;' failed
I/dalvikvm( 2697): Could not find method com.google.android.gms.org.conscrypt.TrustManagerImpl.setHostnameVerifier, referenced from method com.google.android.gms.org.conscrypt.Conscrypt.setHostnameVerifier
W/dalvikvm( 2697): VFY: unable to resolve virtual method 17883: Lcom/google/android/gms/org/conscrypt/TrustManagerImpl;.setHostnameVerifier (Lcom/google/android/gms/org/conscrypt/ConscryptHostnameVerifier;)V
D/dalvikvm( 2697): VFY: replacing opcode 0x6e at 0x0004
W/dalvikvm( 2697): Unable to resolve superclass of Lcom/google/android/gms/org/conscrypt/TrustManagerImpl; (5184)
W/dalvikvm( 2697): Link of class 'Lcom/google/android/gms/org/conscrypt/TrustManagerImpl;' failed
E/dalvikvm( 2697): Could not find class 'com.google.android.gms.org.conscrypt.TrustManagerImpl', referenced from method com.google.android.gms.org.conscrypt.Conscrypt.toConscrypt
W/dalvikvm( 2697): VFY: unable to resolve check-cast 4452 (Lcom/google/android/gms/org/conscrypt/TrustManagerImpl;) in Lcom/google/android/gms/org/conscrypt/Conscrypt;
D/dalvikvm( 2697): VFY: replacing opcode 0x1f at 0x002a
I/DeletedNullContactsCleanup( 2096): Scheduling the service.
I/NearbyDiscovery( 2096): FastPair: HeadsetPieceImage, grant permission files:0 [CONTEXT service_id=49 ]
I/dalvikvm( 1776): Could not find method android.os.UserHandle.isOwner, referenced from method ankk.a
W/dalvikvm( 1776): VFY: unable to resolve virtual method 29745: Landroid/os/UserHandle;.isOwner ()Z
W/MDM     ( 2096): [86] aamr.c: Device admin action is a no-op. Action: true
E/AsyncOperation( 1776): serviceID=51, operation=GetExperimentTokensOperationCall
E/AsyncOperation( 1776): OperationException[Status{statusCode=No config packages for log source, or config package not registered, resolution=null}]
E/AsyncOperation( 1776): 	at ahif.a(:com.google.android.gms@202414005@20.24.14 (000700-319035315):87)
E/AsyncOperation( 1776): 	at ahif.a(:com.google.android.gms@202414005@20.24.14 (000700-319035315):80)
E/AsyncOperation( 1776): 	at uun.run(:com.google.android.gms@202414005@20.24.14 (000700-319035315):9)
E/AsyncOperation( 1776): 	at bcny.run(:com.google.android.gms@202414005@20.24.14 (000700-319035315):2)
E/AsyncOperation( 1776): 	at nlp.b(:com.google.android.gms@202414005@20.24.14 (000700-319035315):12)
E/AsyncOperation( 1776): 	at nlp.run(:com.google.android.gms@202414005@20.24.14 (000700-319035315):7)
E/AsyncOperation( 1776): 	at java.util.concurrent.ThreadPoolExecutor.runWorker(ThreadPoolExecutor.java:1112)
E/AsyncOperation( 1776): 	at java.util.concurrent.ThreadPoolExecutor$Worker.run(ThreadPoolExecutor.java:587)
E/AsyncOperation( 1776): 	at nrd.run(:com.google.android.gms@202414005@20.24.14 (000700-319035315):0)
E/AsyncOperation( 1776): 	at java.lang.Thread.run(Thread.java:841)
D/dalvikvm( 1776): VFY: replacing opcode 0x6e at 0x000a
V/SmartDevice( 2096): [service,SmartDeviceIntentHandlers] OnUpgradeOrBootOperation got intent: Intent { act=android.intent.action.BOOT_COMPLETED flg=0x8000010 cmp=com.google.android.gms/.chimera.GmsIntentOperationService (has extras) } with flag 3
D/dalvikvm( 1798): GC_EXPLICIT freed 135K, 23% free 5969K/7752K, paused 0ms+1ms, total 8ms
I/ahlt    ( 1776): updateFromConfigurations using legacy put method [CONTEXT service_id=204 ]
I/Checkin ( 2096): [EventLogChimeraService] Opted in for usage reporting: false
I/BackupAndSyncValidation( 2096): Scheduling the service.
D/ConnectivityService( 1571): handleInetConditionHoldEnd: net=0, condition=0, published condition=0
D/dalvikvm( 2697): GC_FOR_ALLOC freed 289K, 13% free 3375K/3852K, paused 2ms, total 2ms
I/PeopleInitIntentOp( 2096): Not initializing debuggability [CONTEXT service_id=5 ]
I/TelephonySpam( 2096): TelephonySpamInit - On boot completed TelephonySpam module initialized
I/TelephonySpam( 2096): TelephonySpamInit - onModuleUpdated TelephonySpam module initialized
I/TelephonySpam( 2096): SpamListSync - scheduleSyncTasks
I/TelephonySpam( 2096): SpamListSync - schedulePeriodicTask
I/TelephonySpam( 2096): SpamListSync - scheduleOneTimeTask
E/memtrack( 2716): Couldn't load memtrack module (No such file or directory)
E/android.os.Debug( 2716): failed to load memtrack module: -2
D/AndroidRuntime( 2716): Calling main entry com.android.commands.am.Am
D/dalvikvm( 2697): GC_FOR_ALLOC freed 135K, 9% free 3738K/4076K, paused 3ms, total 5ms
D/dalvikvm( 2096): GC_EXPLICIT freed 1198K, 21% free 10057K/12684K, paused 2ms+19ms, total 45ms
D/AndroidRuntime( 2716): Shutting down VM
D/jdwp    ( 2716): Got wake-up signal, bailing out of select
D/dalvikvm( 2716): Debugger has detached; object registry had 1 entries
I/ActivityManager( 1571): Start proc it.unina.android.ripper_service:android_ripper_service_process for service it.unina.android.ripper_service/.AndroidRipperService: pid=2740 uid=10057 gids={50057, 3003, 1028, 1015}
D/dalvikvm( 2715): DexOpt: couldn't find static field Landroid/os/Build;.SUPPORTED_64_BIT_ABIS
V/AndroidRipperService( 2740): onCreate()
V/SERVER  ( 2740): Starting ServerSocket on PORT 18888
V/SERVER  ( 2740): Started ServerSocket on PORT 18888
V/SERVER  ( 2740): Ready to accept connections on port: 18888
D/dalvikvm( 2715): DexOpt: couldn't find static field Landroid/os/Build;.SUPPORTED_64_BIT_ABIS
D/dalvikvm( 2715): DexOpt: couldn't find static field Landroid/os/Build;.SUPPORTED_64_BIT_ABIS
I/Wear_Controller( 2096): Wear requires a companion app to be installed.
I/Wear_Controller( 2096): onStartup - Wear is not available on this device.
I/Checkin ( 2096): [EventLogChimeraService] Opted in for usage reporting: false
D/dalvikvm( 2697): GC_FOR_ALLOC freed 131K, 8% free 4087K/4440K, paused 7ms, total 7ms
I/ahlt    ( 1776): updateFromConfigurations using legacy put method [CONTEXT service_id=204 ]
D/dalvikvm( 2715): DexOpt: load 79ms, verify+opt 94ms, 376300 bytes
I/Checkin ( 2096): [EventLogChimeraService] Accumulating logs since 0
I/Icing   ( 2096): IndexChimeraService.getServiceInterface callingPackage=com.google.android.googlequicksearchbox componentName=null serviceId=21
W/Icing   ( 2096): No valid account for uploading user actions
I/Icing   ( 2096): Usage reports ok 0, Failed Usage reports 0, indexed 0, rejected 0
D/dalvikvm( 2096): DexOpt: --- END 'DynamiteLoader.apk' (success) ---
D/dalvikvm( 2096): DEX prep '/data/data/com.google.android.gms/app_chimera/m/00000002/DynamiteLoader.apk': unzip in 19ms, rewrite 380ms
D/dalvikvm( 2697): GC_FOR_ALLOC freed 105K, 8% free 4385K/4732K, paused 3ms, total 3ms
V/AlarmClock( 2374): AlarmInitReceiver android.intent.action.BOOT_COMPLETED
D/dalvikvm( 2374): GC_FOR_ALLOC freed 426K, 17% free 3068K/3684K, paused 1ms, total 1ms
I/ActivityManager( 1571): Resuming delayed broadcast
V/AlarmClock( 2374): AlarmInitReceiver - Reset timers and clear stopwatch data
V/AlarmClock( 2374): AlarmInitReceiver - resetting volume button default
D/dalvikvm( 2697): GC_FOR_ALLOC freed 157K, 9% free 4667K/5084K, paused 5ms, total 5ms
I/AlarmClock( 2374): Displaying next alarm time: ''
V/AlarmClock( 2374): AlarmInitReceiver finished
I/ActivityManager( 1571): Delay finish: com.android.email/.service.EmailUpgradeBroadcastReceiver
E/dalvikvm( 2697): Could not find class 'javax.net.ssl.SNIServerName', referenced from method com.google.android.gms.org.conscrypt.Platform.getSniHostnameFromParams
W/dalvikvm( 2697): VFY: unable to resolve check-cast 5160 (Ljavax/net/ssl/SNIServerName;) in Lcom/google/android/gms/org/conscrypt/Platform;
D/dalvikvm( 2697): VFY: replacing opcode 0x1f at 0x0025
E/dalvikvm( 2697): Could not find class 'javax.net.ssl.SNIHostName', referenced from method com.google.android.gms.org.conscrypt.Platform.setParametersSniHostname
W/dalvikvm( 2697): VFY: unable to resolve new-instance 5159 (Ljavax/net/ssl/SNIHostName;) in Lcom/google/android/gms/org/conscrypt/Platform;
D/dalvikvm( 2697): VFY: replacing opcode 0x22 at 0x0024
E/dalvikvm( 2697): Could not find class 'javax.net.ssl.SNIHostName', referenced from method com.google.android.gms.org.conscrypt.Platform.setParametersSniHostname
W/dalvikvm( 2697): VFY: unable to resolve new-instance 5159 (Ljavax/net/ssl/SNIHostName;) in Lcom/google/android/gms/org/conscrypt/Platform;
D/dalvikvm( 2697): VFY: replacing opcode 0x22 at 0x0024
D/dalvikvm( 2697): DexOpt: unable to opt direct call 0x52f9 at 0x2a in Lcom/google/android/gms/org/conscrypt/Platform;.setParametersSniHostname
D/dalvikvm( 2697): DexOpt: unable to opt direct call 0x52f9 at 0x2a in Lcom/google/android/gms/org/conscrypt/Platform;.setParametersSniHostname
I/GCoreUlr( 1776): WorldUpdater received intent Intent { act=com.google.android.location.reporting.ACTION_UPDATE_WORLD cmp=com.google.android.gms/com.google.android.location.reporting.service.DispatchingService (has extras) } with receiverAction init
W/DynamiteModule( 2096): Local module descriptor class for providerinstaller not found.
I/dalvikvm( 1776): Could not find method android.os.UserManager.getUserProfiles, referenced from method alze.a
W/dalvikvm( 1776): VFY: unable to resolve virtual method 29751: Landroid/os/UserManager;.getUserProfiles ()Ljava/util/List;
D/dalvikvm( 1776): VFY: replacing opcode 0x6e at 0x006a
W/Conscrypt( 2096): Could not set socket write timeout: java.net.SocketException: Socket closed
V/SmartDevice( 2096): [service,SmartDeviceIntentHandlers] OnUpgradeOrBootOperation got intent: Intent { act=com.google.android.chimera.IntentOperation.NEW_MODULE (has extras) } with flag 12
W/Conscrypt( 2096): 	at com.google.android.gms.org.conscrypt.Platform.setSocketWriteTimeout(:com.google.android.gms@202414005@20.24.14 (000700-319035315):2)
W/Conscrypt( 2096): 	at com.google.android.gms.org.conscrypt.ConscryptFileDescriptorSocket.setSoWriteTimeout(:com.google.android.gms@202414005@20.24.14 (000700-319035315):0)
D/dalvikvm( 2697): GC_FOR_ALLOC freed 305K, 11% free 4862K/5416K, paused 4ms, total 4ms
W/ProviderHelper( 2096): Unknown dynamite feature providerinstaller
I/DynamiteModule( 2096): Considering local module providerinstaller:0 and remote module providerinstaller:0
I/ActivityManager( 1571): Resuming delayed broadcast
W/ProviderInstaller( 2096): Failed to load providerinstaller module: No acceptable module found. Local version is 0 and remote version is 0.
I/Icing   ( 2096): Indexing com.google.android.gms-internal.3p:MobileApplication from com.google.android.gms
I/ChimeraCfgMgr( 2096): Received com.google.android.chimera.IntentOperation.NEW_MODULE(1/0): 1,true
I/dalvikvm( 1776): Could not find method android.os.UserHandle.isOwner, referenced from method ambv.a
W/dalvikvm( 1776): VFY: unable to resolve virtual method 29745: Landroid/os/UserHandle;.isOwner ()Z
D/dalvikvm( 1776): VFY: replacing opcode 0x6e at 0x000a
I/ActivityManager( 1571): Delay finish: com.android.email/.service.EmailBroadcastReceiver
I/ProviderInstaller( 2697): Installed default security provider GmsCore_OpenSSL
I/Email   ( 2020): Onetime initialization: 1
I/Email   ( 2020): Onetime initialization: 2
I/Email   ( 2020): Onetime initialization: completed.
I/ActivityManager( 1571): Delaying start of: ServiceRecord{9d307e28 u0 com.android.exchange/.service.EmailSyncAdapterService}
I/Safeboot( 2697): Checking safeboot...
I/Safeboot( 2697): Not entering safeboot; wrong process.
I/Icing   ( 2096): Indexing done com.google.android.gms-internal.3p:MobileApplication
E/dalvikvm( 2697): Could not find class 'com.google.common.flogger.backend.google.GooglePlatform', referenced from method beui.a
W/dalvikvm( 2697): VFY: unable to resolve const-class 4605 (Lcom/google/common/flogger/backend/google/GooglePlatform;) in Lbeui;
D/dalvikvm( 2697): VFY: replacing opcode 0x1c at 0x001b
I/LauncherIconVisibilityManager( 1762): Boot has been completed
I/LauncherIconVisibilityManager( 1762): Disable activity: ComponentInfo{com.google.android.inputmethod.latin/com.android.inputmethod.latin.setup.SetupActivity}
I/ActivityManager( 1571): Resuming delayed broadcast
I/Notifications( 2401): [ChimeBroadcastReceiver] Intent received for action [android.intent.action.BOOT_COMPLETED] package [com.google.android.play.games].
I/Notifications( 2401): [ChimeBroadcastReceiver] Validation OK for action [android.intent.action.BOOT_COMPLETED].
D/dalvikvm( 1571): GC_FOR_ALLOC freed 1058K, 47% free 7868K/14816K, paused 8ms, total 9ms
I/Notifications( 2401): [ChimeBroadcastReceiver] Executing action in Service [android.intent.action.BOOT_COMPLETED].
D/dalvikvm( 1798): GC_EXPLICIT freed 213K, 23% free 6008K/7752K, paused 6ms+8ms, total 113ms
D/dalvikvm( 2697): DexOpt: couldn't find field Landroid/content/pm/ApplicationInfo;.splitSourceDirs
W/dalvikvm( 2697): VFY: unable to resolve instance field 1475
D/dalvikvm( 2697): VFY: replacing opcode 0x54 at 0x0055
D/dalvikvm( 2697): DexOpt: couldn't find static field Landroid/os/Build;.SUPPORTED_ABIS
W/dalvikvm( 2697): VFY: unable to resolve static field 1540 (SUPPORTED_ABIS) in Landroid/os/Build;
D/dalvikvm( 2697): VFY: replacing opcode 0x62 at 0x00d1
D/dalvikvm( 2496): GC_FOR_ALLOC freed 245K, 12% free 3261K/3692K, paused 2ms, total 2ms
D/dalvikvm( 2697): GC_FOR_ALLOC freed 345K, 10% free 5122K/5676K, paused 5ms, total 5ms
I/ActivityManager( 1571): Delay finish: com.google.android.gms/.chimera.GmsIntentOperationService$PersistentInternalReceiver
I/auxu    ( 2697): Primes not initialized, returning default (no-op) Primes instance which will ignore all calls. Please call Primes.initialize(...) before using any Primes API.
I/ActivityManager( 1571): Resuming delayed broadcast
I/dalvikvm( 2697): Could not find method com.google.android.chimera.ContextThemeWrapper.createAttributionContext, referenced from method mnu.createAttributionContext
W/dalvikvm( 2697): VFY: unable to resolve virtual method 13785: Lcom/google/android/chimera/ContextThemeWrapper;.createAttributionContext (Ljava/lang/String;)Landroid/content/Context;
D/dalvikvm( 2697): VFY: replacing opcode 0x6f at 0x0002
I/dalvikvm( 2697): Could not find method android.content.ContextWrapper.createCredentialProtectedStorageContext, referenced from method mnu.createCredentialProtectedStorageContext
W/dalvikvm( 2697): VFY: unable to resolve virtual method 2508: Landroid/content/ContextWrapper;.createCredentialProtectedStorageContext ()Landroid/content/Context;
D/dalvikvm( 2697): VFY: replacing opcode 0x6f at 0x0002
I/dalvikvm( 2697): Could not find method android.content.ContextWrapper.createDeviceProtectedStorageContext, referenced from method mnu.createDeviceProtectedStorageContext
W/dalvikvm( 2697): VFY: unable to resolve virtual method 2509: Landroid/content/ContextWrapper;.createDeviceProtectedStorageContext ()Landroid/content/Context;
D/dalvikvm( 2697): VFY: replacing opcode 0x6f at 0x0002
I/dalvikvm( 2697): Could not find method android.content.Context.bindService, referenced from method uws.bindService
W/dalvikvm( 2697): VFY: unable to resolve virtual method 2453: Landroid/content/Context;.bindService (Landroid/content/Intent;ILjava/util/concurrent/Executor;Landroid/content/ServiceConnection;)Z
D/dalvikvm( 2697): VFY: replacing opcode 0x6e at 0x0018
I/dalvikvm( 2697): Could not find method android.content.Context.bindService, referenced from method uws.bindService
W/dalvikvm( 2697): VFY: unable to resolve virtual method 2453: Landroid/content/Context;.bindService (Landroid/content/Intent;ILjava/util/concurrent/Executor;Landroid/content/ServiceConnection;)Z
D/dalvikvm( 2697): VFY: replacing opcode 0x6e at 0x0030
I/dalvikvm( 2697): Could not find method android.content.Context.startForegroundService, referenced from method uws.startForegroundService
W/dalvikvm( 2697): VFY: unable to resolve virtual method 2501: Landroid/content/Context;.startForegroundService (Landroid/content/Intent;)Landroid/content/ComponentName;
D/dalvikvm( 2697): VFY: replacing opcode 0x6e at 0x001c
I/dalvikvm( 2697): Could not find method android.content.Context.startForegroundService, referenced from method uws.startForegroundService
W/dalvikvm( 2697): VFY: unable to resolve virtual method 2501: Landroid/content/Context;.startForegroundService (Landroid/content/Intent;)Landroid/content/ComponentName;
D/dalvikvm( 2697): VFY: replacing opcode 0x6e at 0x0028
I/dalvikvm( 2697): Could not find method android.os.PowerManager.isPowerSaveMode, referenced from method uwl.a
W/dalvikvm( 2697): VFY: unable to resolve virtual method 3047: Landroid/os/PowerManager;.isPowerSaveMode ()Z
D/dalvikvm( 2697): VFY: replacing opcode 0x6e at 0x0010
E/PhenotypeRegOp( 2096): Attempting to overwrite config package for com.google.android.gms.games [CONTEXT service_id=231 ]
D/dalvikvm( 2697): GC_FOR_ALLOC freed 400K, 11% free 5391K/6024K, paused 9ms, total 9ms
E/PhenotypeRegOp( 2096): Attempting to overwrite config package for com.google.android.gms.mobile_data_plan [CONTEXT service_id=231 ]
E/dalvikvm( 2697): Could not find class 'android.net.Network', referenced from method quq.a
W/dalvikvm( 2697): VFY: unable to resolve check-cast 1424 (Landroid/net/Network;) in Lquq;
D/dalvikvm( 2697): VFY: replacing opcode 0x1f at 0x0066
E/PhenotypeRegOp( 2096): Attempting to overwrite config package for com.google.android.gms.signin [CONTEXT service_id=231 ]
E/PhenotypeRegOp( 2096): Attempting to overwrite config package for com.google.android.gms.udc [CONTEXT service_id=231 ]
I/dalvikvm( 2697): Could not find method android.content.ServiceConnection.onNullBinding, referenced from method uxb.onNullBinding
W/dalvikvm( 2697): VFY: unable to resolve interface method 2566: Landroid/content/ServiceConnection;.onNullBinding (Landroid/content/ComponentName;)V
D/dalvikvm( 2697): VFY: replacing opcode 0x72 at 0x000f
D/dalvikvm( 2096): GC_EXPLICIT freed 1808K, 19% free 10368K/12684K, paused 3ms+11ms, total 75ms
D/dalvikvm( 2096): DexOpt: --- BEGIN 'DynamiteModulesA.apk' (bootstrap=0) ---
D/dalvikvm( 2096): WAIT_FOR_CONCURRENT_GC blocked 34ms
D/dalvikvm( 2697): GC_FOR_ALLOC freed 232K, 8% free 5884K/6380K, paused 6ms, total 6ms
I/dalvikvm( 2096): Could not find method android.os.UserManager.isManagedProfile, referenced from method lbq.a
W/dalvikvm( 2096): VFY: unable to resolve virtual method 4277: Landroid/os/UserManager;.isManagedProfile ()Z
D/dalvikvm( 2096): VFY: replacing opcode 0x6e at 0x007c
W/linker  ( 2795): libdvm.so has text relocations. This is wasting memory and is a security risk. Please fix.
D/dalvikvm( 2697): GC_FOR_ALLOC freed 237K, 8% free 6503K/7036K, paused 3ms, total 3ms
D/dalvikvm( 1776): GC_EXPLICIT freed 1682K, 19% free 8778K/10752K, paused 18ms+40ms, total 73ms
I/dalvikvm( 2697): Could not find method android.system.Os.stat, referenced from method nop.a
W/dalvikvm( 2697): VFY: unable to resolve static method 3146: Landroid/system/Os;.stat (Ljava/lang/String;)Landroid/system/StructStat;
D/dalvikvm( 2697): VFY: replacing opcode 0x71 at 0x0182
I/dalvikvm( 2697): Could not find method android.net.Network.openConnection, referenced from method qsu.a
W/dalvikvm( 2697): VFY: unable to resolve virtual method 5072: Landroid/net/Network;.openConnection (Ljava/net/URL;)Ljava/net/URLConnection;
D/dalvikvm( 2697): VFY: replacing opcode 0x6e at 0x000f
I/Fitness ( 1776): FitCleanupIntentOperation received Intent android.intent.action.PACKAGE_CHANGED [CONTEXT service_id=17 ]
I/ActivityManager( 1571): Delay finish: com.google.android.googlequicksearchbox/com.google.android.searchcommon.summons.icing.InternalIcingCorporaProvider$CorporaChangedReceiver
I/dalvikvm( 1776): Could not find method android.os.PowerManager.isInteractive, referenced from method ayde.a
I/Fitness ( 1776): OnPackageChangedOperation got intent: Intent { act=android.intent.action.PACKAGE_CHANGED dat=package:com.android.email flg=0x4000010 cmp=com.google.android.gms/.chimera.PersistentIntentOperationService (has extras) } [CONTEXT service_id=17 ]
W/dalvikvm( 1776): VFY: unable to resolve virtual method 1678: Landroid/os/PowerManager;.isInteractive ()Z
D/dalvikvm( 1776): VFY: replacing opcode 0x6e at 0x003d
I/Icing.InternalIcingCorporaProvider( 2191): Updating corpora: A: com.android.email, C: MAYBE
E/dalvikvm( 2096): Could not find class 'android.telephony.SubscriptionManager', referenced from method lbk.a
I/Icing   ( 2096): IndexChimeraService.getServiceInterface callingPackage=com.google.android.googlequicksearchbox componentName=null serviceId=21
I/dalvikvm( 2697): Could not find method android.os.UserManager.isManagedProfile, referenced from method nmn.g
W/dalvikvm( 2697): VFY: unable to resolve virtual method 4277: Landroid/os/UserManager;.isManagedProfile ()Z
D/dalvikvm( 2697): VFY: replacing opcode 0x6e at 0x0012
I/dalvikvm( 2697): Could not find method android.app.admin.DevicePolicyManager.getAccountTypesWithManagementDisabled, referenced from method nmn.i
W/dalvikvm( 2697): VFY: unable to resolve virtual method 2586: Landroid/app/admin/DevicePolicyManager;.getAccountTypesWithManagementDisabled ()[Ljava/lang/String;
D/dalvikvm( 2697): VFY: replacing opcode 0x6e at 0x002b
I/dalvikvm( 2697): Could not find method android.accounts.AccountManager.removeAccount, referenced from method ymq.c
W/dalvikvm( 2697): VFY: unable to resolve virtual method 4165: Landroid/accounts/AccountManager;.removeAccount (Landroid/accounts/Account;Landroid/app/Activity;Landroid/accounts/AccountManagerCallback;Landroid/os/Handler;)Landroid/accounts/AccountManagerFuture;
D/dalvikvm( 2697): VFY: replacing opcode 0x6e at 0x0009
I/dalvikvm( 2697): Could not find method android.accounts.AccountManager.removeAccountExplicitly, referenced from method ymq.d
W/dalvikvm( 2697): VFY: unable to resolve virtual method 4166: Landroid/accounts/AccountManager;.removeAccountExplicitly (Landroid/accounts/Account;)Z
D/dalvikvm( 2697): VFY: replacing opcode 0x6e at 0x0008
