D/ConnectivityService( 1568): [CheckMp] isMobileOk: linkHasIpv4=true linkHasIpv6=false
D/ConnectivityService( 1568): requestRouteToHostAddress ok=true
D/ConnectivityService( 1568): [CheckMp] isMobileOk: wait to establish route to hostAddr=clients3.google.com/172.217.13.110
I/ActivityManager( 1568): Start proc com.google.android.gms for service com.google.android.gms/.chimera.GmsIntentOperationService: pid=2072 uid=10007 gids={50007, 3003, 1007, 1028, 1015, 3002, 3001, 3007, 2001, 3006}
D/ConnectivityService( 1568): [CheckMp] isMobileOk: newUrl=https://172.217.13.110/generate_204
W/ActivityThread( 1568): ClassLoader.loadClass: The class loader returned by Thread.getContextClassLoader() may fail for processes that host multiple applications. You should explicitly specify a context class loader. For example: Thread.setContextClassLoader(getClass().getClassLoader());
D/ConnectivityService( 1568): [CheckMp] isMobileOk: hostnameVerify retVal=true hostname=172.217.13.110 orgUriHost=clients3.google.com
D/ConnectivityService( 1568): [CheckMp] isMobileOk: headers={null=[HTTP/1.1 204 No Content], Alt-Svc=[h3=":443"; ma=2592000,h3-29=":443"; ma=2592000,h3-T051=":443"; ma=2592000,h3-Q050=":443"; ma=2592000,h3-Q046=":443"; ma=2592000,h3-Q043=":443"; ma=2592000,quic=":443"; ma=2592000; v="46,43"], Connection=[close], Content-Length=[0], Date=[Sun, 15 Aug 2021 09:22:01 GMT], X-Android-Received-Millis=[1629019321258], X-Android-Response-Source=[NETWORK 204], X-Android-Selected-Transport=[http/1.1], X-Android-Sent-Millis=[1629019321245]}
D/ConnectivityService( 1568): [CheckMp] isMobileOk: X got expected responseCode=204 result=1
D/ConnectivityService( 1568): [CheckMp] isMobileOk: F stop hipri
D/MobileDataStateTracker( 1568): default: setEnableFailFastMobileData(enabled=0)
D/ConnectivityService( 1568): stopUsingNetworkFeature: teardown net 0: enableHIPRI
D/MobileDataStateTracker( 1568): hipri: Broadcast received: android.intent.action.ANY_DATA_STATE apnType=hipri
D/MobileDataStateTracker( 1568): hipri: Received state=DISCONNECTED, old=CONNECTED, reason=dataDisabled
D/MobileDataStateTracker( 1568): hipri: setDetailed state, old =CONNECTED and new state=DISCONNECTED
D/ConnectivityService( 1568): ConnectivityChange for mobile_hipri: DISCONNECTED/DISCONNECTED
D/Nat464Xlat( 1568): requiresClat: netType=5, hasIPv4Address=true
I/ActivityManager( 1568): Start proc com.android.music for broadcast com.android.music/.MediaButtonIntentReceiver: pid=2136 uid=10036 gids={50036, 3003, 1028, 1015}
I/ActivityManager( 1568): Start proc com.google.android.googlequicksearchbox for broadcast com.google.android.googlequicksearchbox/com.google.android.searchcommon.summons.icing.InternalIcingCorporaProvider$CorporaChangedReceiver: pid=2168 uid=10013 gids={50013, 3003, 1028, 3002, 1015}
I/ActivityManager( 1568): Delay finish: com.google.android.googlequicksearchbox/com.google.android.searchcommon.summons.icing.InternalIcingCorporaProvider$CorporaChangedReceiver
E/ActivityThread( 2168): Failed to find provider info for com.google.android.voicesearch
E/ActivityThread( 2168): Failed to find provider info for com.google.android.partnersetup.rlzappprovider
I/ActivityManager( 1568): Resuming delayed broadcast
I/ActivityManager( 1568): Start proc com.google.android.googlequicksearchbox:launcher for broadcast com.google.android.googlequicksearchbox/com.google.android.gel.GelStubAppWatcher: pid=2206 uid=10013 gids={50013, 3003, 1028, 3002, 1015}
W/ActivityManager( 1568): Unable to start service Intent { act=com.google.android.gms.auth.key.retrieval.service.START pkg=com.google.android.gms } U=0: not found
W/ActivityManager( 1568): Unbind failed: could not find connection for android.os.BinderProxy@9d33ac20
W/ActivityManager( 1568): Unable to start service Intent { act=com.google.android.gms.nearby.discovery:ACTION_INIT_MESSAGES_PATH cmp=com.google.android.gms/.nearby.discovery.service.DiscoveryService } U=0: not found
I/PackageManager( 1568): Adding preferred activity ComponentInfo{com.android.mms/com.android.mms.ui.ComposeMessageActivity} for user 0 :
I/PackageManager( 1568): Adding preferred activity ComponentInfo{com.android.mms/com.android.mms.ui.ComposeMessageActivity} for user 0 :
I/PackageManager( 1568): Adding preferred activity ComponentInfo{com.android.mms/com.android.mms.ui.ComposeMessageActivity} for user 0 :
I/PackageManager( 1568): Adding preferred activity ComponentInfo{com.android.mms/com.android.mms.ui.ComposeMessageActivity} for user 0 :
I/PackageManager( 1568): Adding preferred activity ComponentInfo{com.android.mms/com.android.mms.ui.ComposeMessageActivity} for user 0 :
I/PackageManager( 1568): Adding preferred activity ComponentInfo{com.android.mms/com.android.mms.ui.ComposeMessageActivity} for user 0 :
I/PackageManager( 1568): Adding preferred activity ComponentInfo{com.android.mms/com.android.mms.ui.ComposeMessageActivity} for user 0 :
I/PackageManager( 1568): Adding preferred activity ComponentInfo{com.android.mms/com.android.mms.ui.ComposeMessageActivity} for user 0 :
W/ActivityManager( 1568): Unable to start service Intent { act=com.google.android.gms.nearby.discovery:ACTION_PERMISSION_CHANGE cmp=com.google.android.gms/.nearby.discovery.service.DiscoveryService } U=0: not found
I/ActivityManager( 1568): Start proc com.google.android.gms.ui for service com.google.android.gms/.chimera.UiIntentOperationService: pid=2307 uid=10007 gids={50007, 3003, 1007, 1028, 1015, 3002, 3001, 3007, 2001, 3006}
I/PackageManager( 1568): Adding preferred activity ComponentInfo{com.android.mms/com.android.mms.ui.ComposeMessageActivity} for user 0 :
I/PackageManager( 1568): Adding preferred activity ComponentInfo{com.android.mms/com.android.mms.ui.ComposeMessageActivity} for user 0 :
I/PackageManager( 1568): Adding preferred activity ComponentInfo{com.android.mms/com.android.mms.ui.ComposeMessageActivity} for user 0 :
I/PackageManager( 1568): Adding preferred activity ComponentInfo{com.android.mms/com.android.mms.ui.ComposeMessageActivity} for user 0 :
I/PackageManager( 1568): Adding preferred activity ComponentInfo{com.android.mms/com.android.mms.ui.ComposeMessageActivity} for user 0 :
I/PackageManager( 1568): Adding preferred activity ComponentInfo{com.android.mms/com.android.mms.ui.ComposeMessageActivity} for user 0 :
I/PackageManager( 1568): Adding preferred activity ComponentInfo{com.android.mms/com.android.mms.ui.ComposeMessageActivity} for user 0 :
I/PackageManager( 1568): Adding preferred activity ComponentInfo{com.android.mms/com.android.mms.ui.ComposeMessageActivity} for user 0 :
I/PackageManager( 1568): Adding preferred activity ComponentInfo{com.android.mms/com.android.mms.ui.ComposeMessageActivity} for user 0 :
I/PackageManager( 1568): Adding preferred activity ComponentInfo{com.android.mms/com.android.mms.ui.ComposeMessageActivity} for user 0 :
I/ActivityManager( 1568): Start proc com.google.android.calendar for broadcast com.google.android.calendar/com.android.calendar.widget.CalendarAppWidgetService$CalendarFactory: pid=2332 uid=10018 gids={50018, 3003}
I/PackageManager( 1568): Adding preferred activity ComponentInfo{com.android.mms/com.android.mms.ui.ComposeMessageActivity} for user 0 :
I/PackageManager( 1568): Adding preferred activity ComponentInfo{com.android.mms/com.android.mms.ui.ComposeMessageActivity} for user 0 :
I/PackageManager( 1568): Adding preferred activity ComponentInfo{com.android.mms/com.android.mms.ui.ComposeMessageActivity} for user 0 :
I/PackageManager( 1568): Adding preferred activity ComponentInfo{com.android.mms/com.android.mms.ui.ComposeMessageActivity} for user 0 :
I/PackageManager( 1568): Adding preferred activity ComponentInfo{com.android.mms/com.android.mms.ui.ComposeMessageActivity} for user 0 :
I/PackageManager( 1568): Adding preferred activity ComponentInfo{com.android.mms/com.android.mms.ui.ComposeMessageActivity} for user 0 :
I/PackageManager( 1568): Adding preferred activity ComponentInfo{com.android.mms/com.android.mms.ui.ComposeMessageActivity} for user 0 :
I/PackageManager( 1568): Adding preferred activity ComponentInfo{com.android.mms/com.android.mms.ui.ComposeMessageActivity} for user 0 :
I/PackageManager( 1568): Adding preferred activity ComponentInfo{com.android.mms/com.android.mms.ui.ComposeMessageActivity} for user 0 :
I/PackageManager( 1568): Adding preferred activity ComponentInfo{com.android.mms/com.android.mms.ui.ComposeMessageActivity} for user 0 :
I/PackageManager( 1568): Adding preferred activity ComponentInfo{com.android.mms/com.android.mms.ui.ComposeMessageActivity} for user 0 :
I/PackageManager( 1568): Adding preferred activity ComponentInfo{com.android.mms/com.android.mms.ui.ComposeMessageActivity} for user 0 :
I/PackageManager( 1568): Adding preferred activity ComponentInfo{com.android.mms/com.android.mms.ui.ComposeMessageActivity} for user 0 :
I/PackageManager( 1568): Adding preferred activity ComponentInfo{com.android.mms/com.android.mms.ui.ComposeMessageActivity} for user 0 :
I/ActivityManager( 1568): Start proc com.android.providers.calendar for content provider com.android.providers.calendar/.CalendarProvider2: pid=2356 uid=10001 gids={50001, 3003, 1028, 1015}
I/ActivityManager( 1568): Start proc com.android.deskclock for broadcast com.android.deskclock/.AlarmInitReceiver: pid=2369 uid=10022 gids={50022, 1028}
W/BackupManagerService( 1568): dataChanged but no participant pkg='com.android.providers.settings' uid=10022
I/ActivityManager( 1568): Start proc com.google.android.play.games for broadcast com.google.android.play.games/com.google.android.libraries.notifications.entrypoints.timezonechanged.TimezoneChangedReceiver: pid=2396 uid=10043 gids={50043, 3003}
W/ActivityManager( 1568): Unable to start service Intent { act=com.google.android.gms.instantapps.START pkg=com.google.android.gms } U=0: not found
W/ActivityManager( 1568): Unbind failed: could not find connection for android.os.BinderProxy@9d1d97d0
D/ConnectivityService( 1568): [CheckMp] isMobileOk: X result=1
D/ConnectivityService( 1568): [CheckMp] onPostExecute: result=1
D/ConnectivityService( 1568): CheckMp.onComplete: result=1
D/ConnectivityService( 1568): CheckMp.onComplete: ignore, connected or no connection
W/BroadcastQueue( 1568): Permission Denial: broadcasting Intent { act=android.appwidget.action.APPWIDGET_UPDATE_OPTIONS flg=0x10 cmp=com.android.settings/.widget.SettingsAppWidgetProvider (has extras) } from android (pid=1965, uid=10009) is not exported from uid 1000 due to receiver com.android.settings/.widget.SettingsAppWidgetProvider
I/ActivityManager( 1568): Start proc com.android.dialer for broadcast com.android.dialer/.calllog.CallLogReceiver: pid=2448 uid=10004 gids={50004, 3003, 1028, 1015}
I/ActivityManager( 1568): Delay finish: com.android.dialer/.calllog.CallLogReceiver
I/ActivityManager( 1568): Resuming delayed broadcast
V/WiredAccessoryManager( 1568): init()
I/PowerManagerService( 1568): Boot animation finished.
I/BootReceiver( 1568): Copying audit failures to DropBox
I/BootReceiver( 1568): Checking for fsck errors
I/ActivityManager( 1568): Delay finish: com.android.providers.downloads/.DownloadReceiver
I/ActivityManager( 1568): Resuming delayed broadcast
I/SystemUpdateService( 1797): cancelUpdate (empty URL)
I/ActivityManager( 1568): Start proc com.android.mms for broadcast com.android.mms/.transaction.MmsSystemEventReceiver: pid=2482 uid=10010 gids={50010, 3003, 1028, 1015}
I/SystemUpdateService( 1797): cancelUpdate (empty URL)
D/CountryDetector( 1568): The first listener is added
I/ActivityManager( 1568): Delay finish: com.android.mms/.transaction.MmsSystemEventReceiver
I/ActivityManager( 1568): Resuming delayed broadcast
I/ActivityManager( 1568): Delay finish: com.android.mms/.transaction.SmsReceiver
I/ActivityManager( 1568): Resuming delayed broadcast
I/CertBlacklister( 1568): Certificate blacklist changed, updating...
I/CertBlacklister( 1568): Certificate blacklist updated
I/CertBlacklister( 1568): Certificate blacklist changed, updating...
I/CertBlacklister( 1568): Certificate blacklist updated
I/ActivityManager( 1568): Delay finish: com.google.android.googlequicksearchbox/com.google.android.searchcommon.StartUpReceiver
I/ActivityManager( 1568): Start proc com.google.android.gms.unstable for service com.google.android.gms/.droidguard.DroidGuardService: pid=2588 uid=10007 gids={50007, 3003, 1007, 1028, 1015, 3002, 3001, 3007, 2001, 3006}
I/ActivityManager( 1568): Resuming delayed broadcast
I/ActivityManager( 1568): Delay finish: com.google.android.calendar/com.android.calendar.alerts.AlertReceiver
W/ActivityManager( 1568): Unable to start service Intent { act=com.google.android.gms.nearby.discovery:ACTION_INIT_MESSAGES_PATH cmp=com.google.android.gms/.nearby.discovery.service.DiscoveryService } U=0: not found
I/ActivityManager( 1568): Resuming delayed broadcast
D/ConnectivityService( 1568): handleInetConditionHoldEnd: net=0, condition=0, published condition=0
I/ActivityManager( 1568): Delay finish: com.android.email/.service.EmailUpgradeBroadcastReceiver
I/ActivityManager( 1568): Resuming delayed broadcast
I/ActivityManager( 1568): Delay finish: com.android.email/.service.EmailBroadcastReceiver
I/ActivityManager( 1568): Delaying start of: ServiceRecord{9dad8cb8 u0 com.android.exchange/.service.EmailSyncAdapterService}
I/ActivityManager( 1568): Resuming delayed broadcast
I/ActivityManager( 1568): Delay finish: com.google.android.play.games/com.google.android.libraries.notifications.entrypoints.restart.RestartReceiver
I/ActivityManager( 1568): Resuming delayed broadcast
I/ActivityManager( 1568): Delay finish: com.google.android.gms/.chimera.GmsIntentOperationService$PersistentInternalReceiver
I/ActivityManager( 1568): Resuming delayed broadcast
I/ActivityManager( 1568): Delay finish: com.google.android.googlequicksearchbox/com.google.android.searchcommon.summons.icing.InternalIcingCorporaProvider$CorporaChangedReceiver
I/ActivityManager( 1568): Resuming delayed broadcast
I/ActivityManager( 1568): Delay finish: com.google.android.googlequicksearchbox/com.google.android.searchcommon.summons.icing.InternalIcingCorporaProvider$CorporaChangedReceiver
I/ActivityManager( 1568): Resuming delayed broadcast
I/ActivityManager( 1568): Delay finish: com.google.android.googlequicksearchbox/com.google.android.searchcommon.summons.icing.InternalIcingCorporaProvider$CorporaChangedReceiver
I/ActivityManager( 1568): Resuming delayed broadcast
I/ActivityManager( 1568): Delay finish: com.google.android.googlequicksearchbox/com.google.android.searchcommon.summons.icing.InternalIcingCorporaProvider$CorporaChangedReceiver
I/ActivityManager( 1568): Resuming delayed broadcast
I/ActivityManager( 1568): Delay finish: com.google.android.gms/.gcm.nts.SchedulerReceiver
I/ActivityManager( 1568): Resuming delayed broadcast
I/ActivityManager( 1568): Delay finish: com.google.android.calendar/com.android.calendar.alerts.AlertReceiver
I/CertBlacklister( 1568): Certificate blacklist changed, updating...
I/CertBlacklister( 1568): Certificate blacklist updated
I/PackageManager( 1568): Adding preferred activity ComponentInfo{com.android.mms/com.android.mms.ui.ComposeMessageActivity} for user 0 :
I/PackageManager( 1568): Adding preferred activity ComponentInfo{com.android.mms/com.android.mms.ui.ComposeMessageActivity} for user 0 :
I/PackageManager( 1568): Adding preferred activity ComponentInfo{com.android.mms/com.android.mms.ui.ComposeMessageActivity} for user 0 :
I/PackageManager( 1568): Adding preferred activity ComponentInfo{com.android.mms/com.android.mms.ui.ComposeMessageActivity} for user 0 :
I/PackageManager( 1568): Adding preferred activity ComponentInfo{com.android.mms/com.android.mms.ui.ComposeMessageActivity} for user 0 :
I/PackageManager( 1568): Adding preferred activity ComponentInfo{com.android.mms/com.android.mms.ui.ComposeMessageActivity} for user 0 :
I/PackageManager( 1568): Adding preferred activity ComponentInfo{com.android.mms/com.android.mms.ui.ComposeMessageActivity} for user 0 :
I/PackageManager( 1568): Adding preferred activity ComponentInfo{com.android.mms/com.android.mms.ui.ComposeMessageActivity} for user 0 :
I/PackageManager( 1568): Adding preferred activity ComponentInfo{com.android.mms/com.android.mms.ui.ComposeMessageActivity} for user 0 :
I/PackageManager( 1568): Adding preferred activity ComponentInfo{com.android.mms/com.android.mms.ui.ComposeMessageActivity} for user 0 :
I/PackageManager( 1568): Adding preferred activity ComponentInfo{com.android.mms/com.android.mms.ui.ComposeMessageActivity} for user 0 :
I/PackageManager( 1568): Adding preferred activity ComponentInfo{com.android.mms/com.android.mms.ui.ComposeMessageActivity} for user 0 :
I/PackageManager( 1568): Adding preferred activity ComponentInfo{com.android.mms/com.android.mms.ui.ComposeMessageActivity} for user 0 :
I/PackageManager( 1568): Adding preferred activity ComponentInfo{com.android.mms/com.android.mms.ui.ComposeMessageActivity} for user 0 :
I/PackageManager( 1568): Adding preferred activity ComponentInfo{com.android.mms/com.android.mms.ui.ComposeMessageActivity} for user 0 :
I/PackageManager( 1568): Adding preferred activity ComponentInfo{com.android.mms/com.android.mms.ui.ComposeMessageActivity} for user 0 :
I/PackageManager( 1568): Adding preferred activity ComponentInfo{com.android.mms/com.android.mms.ui.ComposeMessageActivity} for user 0 :
I/PackageManager( 1568): Adding preferred activity ComponentInfo{com.android.mms/com.android.mms.ui.ComposeMessageActivity} for user 0 :
I/PackageManager( 1568): Adding preferred activity ComponentInfo{com.android.mms/com.android.mms.ui.ComposeMessageActivity} for user 0 :
I/PackageManager( 1568): Adding preferred activity ComponentInfo{com.android.mms/com.android.mms.ui.ComposeMessageActivity} for user 0 :
I/PackageManager( 1568): Adding preferred activity ComponentInfo{com.android.mms/com.android.mms.ui.ComposeMessageActivity} for user 0 :
I/PackageManager( 1568): Adding preferred activity ComponentInfo{com.android.mms/com.android.mms.ui.ComposeMessageActivity} for user 0 :
I/PackageManager( 1568): Adding preferred activity ComponentInfo{com.android.mms/com.android.mms.ui.ComposeMessageActivity} for user 0 :
I/PackageManager( 1568): Adding preferred activity ComponentInfo{com.android.mms/com.android.mms.ui.ComposeMessageActivity} for user 0 :
I/PackageManager( 1568): Adding preferred activity ComponentInfo{com.android.mms/com.android.mms.ui.ComposeMessageActivity} for user 0 :
I/PackageManager( 1568): Adding preferred activity ComponentInfo{com.android.mms/com.android.mms.ui.ComposeMessageActivity} for user 0 :
I/PackageManager( 1568): Adding preferred activity ComponentInfo{com.android.mms/com.android.mms.ui.ComposeMessageActivity} for user 0 :
I/PackageManager( 1568): Adding preferred activity ComponentInfo{com.android.mms/com.android.mms.ui.ComposeMessageActivity} for user 0 :
I/PackageManager( 1568): Adding preferred activity ComponentInfo{com.android.mms/com.android.mms.ui.ComposeMessageActivity} for user 0 :
I/PackageManager( 1568): Adding preferred activity ComponentInfo{com.android.mms/com.android.mms.ui.ComposeMessageActivity} for user 0 :
I/PackageManager( 1568): Adding preferred activity ComponentInfo{com.android.mms/com.android.mms.ui.ComposeMessageActivity} for user 0 :
I/PackageManager( 1568): Adding preferred activity ComponentInfo{com.android.mms/com.android.mms.ui.ComposeMessageActivity} for user 0 :
I/ActivityManager( 1568): Resuming delayed broadcast
I/ActivityManager( 1568): Delay finish: com.android.mms/.transaction.SmsReceiver
I/ActivityManager( 1568): Resuming delayed broadcast
I/SystemUpdateService( 1797): cancelUpdate (empty URL)
I/SystemUpdateService( 1797): cancelUpdate (empty URL)
I/ActivityManager( 1568): Delay finish: com.google.android.gms/.auth.account.be.channelid.ChannelBindingBroadcastReceiver
I/ActivityManager( 1568): Resuming delayed broadcast
W/ActivityManager( 1568): Unable to start service Intent { act=com.google.android.gms.auth.key.retrieval.service.START pkg=com.google.android.gms } U=0: not found
W/ActivityManager( 1568): Unbind failed: could not find connection for android.os.BinderProxy@9d51ab18
I/ActivityManager( 1568): Delay finish: com.google.android.gms/.stats.service.DropBoxEntryAddedReceiver
I/ActivityManager( 1568): Resuming delayed broadcast
I/ActivityManager( 1568): Waited long enough for: ServiceRecord{9d42c390 u0 com.android.music/.MediaPlaybackService}
I/SystemUpdateService( 1797): cancelUpdate (empty URL)
I/SystemUpdateService( 1797): cancelUpdate (empty URL)
W/ActivityManager( 1568): Unable to start service Intent { act=com.google.android.gms.auth.key.retrieval.service.START pkg=com.google.android.gms } U=0: not found
W/ActivityManager( 1568): Unbind failed: could not find connection for android.os.BinderProxy@9d3cf7a0
W/ActivityThread( 1863): ClassLoader.loadClass: The class loader returned by Thread.getContextClassLoader() may fail for processes that host multiple applications. You should explicitly specify a context class loader. For example: Thread.setContextClassLoader(getClass().getClassLoader());
D/ConnectivityService( 1568): handleInetConditionHoldEnd: net=0, condition=100, published condition=0
I/ActivityManager( 1568): Start proc com.google.android.play.games.ui for broadcast com.google.android.play.games/com.google.android.apps.play.games.features.experiments.PhenotypeBroadcastReceiver: pid=2791 uid=10043 gids={50043, 3003}
W/ActivityManager( 1568): Unable to start service Intent { act=com.google.android.gms.instantapps.START pkg=com.google.android.gms } U=0: not found
W/ActivityManager( 1568): Unbind failed: could not find connection for android.os.BinderProxy@9d837d88
W/ActivityManager( 1568): Unable to start service Intent { act=com.google.android.gms.auth.key.retrieval.service.START pkg=com.google.android.gms } U=0: not found
W/ActivityManager( 1568): Unbind failed: could not find connection for android.os.BinderProxy@9d3a8078
W/ActivityManager( 1568): Unable to start service Intent { act=com.google.android.gms.auth.key.retrieval.service.START pkg=com.google.android.gms } U=0: not found
W/ActivityManager( 1568): Unbind failed: could not find connection for android.os.BinderProxy@9d3be580
W/ActivityManager( 1568): Unable to start service Intent { act=com.google.android.gms.auth.key.retrieval.service.START pkg=com.google.android.gms } U=0: not found
W/ActivityManager( 1568): Unbind failed: could not find connection for android.os.BinderProxy@9d8fcab8
I/ActivityManager( 1568): Waited long enough for: ServiceRecord{9d603ba0 u0 com.google.android.calendar/com.android.calendar.alerts.InitAlarmsService}
W/ActivityManager( 1568): Unable to start service Intent { act=com.google.android.gms.auth.key.retrieval.service.START pkg=com.google.android.gms } U=0: not found
W/ActivityManager( 1568): Unbind failed: could not find connection for android.os.BinderProxy@9d636fc8
W/ActivityManager( 1568): Unable to start service Intent { act=com.google.android.gms.auth.key.retrieval.service.START pkg=com.google.android.gms } U=0: not found
W/ActivityManager( 1568): Unbind failed: could not find connection for android.os.BinderProxy@9d422ab0
W/ActivityManager( 1568): Unable to start service Intent { act=com.google.android.gms.auth.key.retrieval.service.START pkg=com.google.android.gms } U=0: not found
W/ActivityManager( 1568): Unbind failed: could not find connection for android.os.BinderProxy@9d2962e8
W/ActivityManager( 1568): Unable to start service Intent { act=com.google.android.gms.auth.key.retrieval.service.START pkg=com.google.android.gms } U=0: not found
W/ActivityManager( 1568): Unbind failed: could not find connection for android.os.BinderProxy@9d51b298
W/ActivityManager( 1568): Unable to start service Intent { act=com.google.android.gms.auth.key.retrieval.service.START pkg=com.google.android.gms } U=0: not found
W/ActivityManager( 1568): Unbind failed: could not find connection for android.os.BinderProxy@9d8b25b0
W/ActivityManager( 1568): Unable to start service Intent { act=com.google.android.gms.auth.key.retrieval.service.START pkg=com.google.android.gms } U=0: not found
W/ActivityManager( 1568): Unbind failed: could not find connection for android.os.BinderProxy@9d7ed708
I/PackageManager( 1568): Adding preferred activity ComponentInfo{com.android.mms/com.android.mms.ui.ComposeMessageActivity} for user 0 :
I/PackageManager( 1568): Adding preferred activity ComponentInfo{com.android.mms/com.android.mms.ui.ComposeMessageActivity} for user 0 :
I/PackageManager( 1568): Adding preferred activity ComponentInfo{com.android.mms/com.android.mms.ui.ComposeMessageActivity} for user 0 :
I/PackageManager( 1568): Adding preferred activity ComponentInfo{com.android.mms/com.android.mms.ui.ComposeMessageActivity} for user 0 :
I/PackageManager( 1568): Adding preferred activity ComponentInfo{com.android.mms/com.android.mms.ui.ComposeMessageActivity} for user 0 :
I/PackageManager( 1568): Adding preferred activity ComponentInfo{com.android.mms/com.android.mms.ui.ComposeMessageActivity} for user 0 :
I/PackageManager( 1568): Adding preferred activity ComponentInfo{com.android.mms/com.android.mms.ui.ComposeMessageActivity} for user 0 :
I/PackageManager( 1568): Adding preferred activity ComponentInfo{com.android.mms/com.android.mms.ui.ComposeMessageActivity} for user 0 :
I/PackageManager( 1568): Adding preferred activity ComponentInfo{com.android.mms/com.android.mms.ui.ComposeMessageActivity} for user 0 :
I/PackageManager( 1568): Adding preferred activity ComponentInfo{com.android.mms/com.android.mms.ui.ComposeMessageActivity} for user 0 :
I/PackageManager( 1568): Adding preferred activity ComponentInfo{com.android.mms/com.android.mms.ui.ComposeMessageActivity} for user 0 :
I/PackageManager( 1568): Adding preferred activity ComponentInfo{com.android.mms/com.android.mms.ui.ComposeMessageActivity} for user 0 :
I/PackageManager( 1568): Adding preferred activity ComponentInfo{com.android.mms/com.android.mms.ui.ComposeMessageActivity} for user 0 :
I/PackageManager( 1568): Adding preferred activity ComponentInfo{com.android.mms/com.android.mms.ui.ComposeMessageActivity} for user 0 :
I/PackageManager( 1568): Adding preferred activity ComponentInfo{com.android.mms/com.android.mms.ui.ComposeMessageActivity} for user 0 :
I/PackageManager( 1568): Adding preferred activity ComponentInfo{com.android.mms/com.android.mms.ui.ComposeMessageActivity} for user 0 :
I/PackageManager( 1568): Adding preferred activity ComponentInfo{com.android.mms/com.android.mms.ui.ComposeMessageActivity} for user 0 :
I/PackageManager( 1568): Adding preferred activity ComponentInfo{com.android.mms/com.android.mms.ui.ComposeMessageActivity} for user 0 :
I/PackageManager( 1568): Adding preferred activity ComponentInfo{com.android.mms/com.android.mms.ui.ComposeMessageActivity} for user 0 :
I/PackageManager( 1568): Adding preferred activity ComponentInfo{com.android.mms/com.android.mms.ui.ComposeMessageActivity} for user 0 :
I/PackageManager( 1568): Adding preferred activity ComponentInfo{com.android.mms/com.android.mms.ui.ComposeMessageActivity} for user 0 :
I/PackageManager( 1568): Adding preferred activity ComponentInfo{com.android.mms/com.android.mms.ui.ComposeMessageActivity} for user 0 :
I/PackageManager( 1568): Adding preferred activity ComponentInfo{com.android.mms/com.android.mms.ui.ComposeMessageActivity} for user 0 :
I/PackageManager( 1568): Adding preferred activity ComponentInfo{com.android.mms/com.android.mms.ui.ComposeMessageActivity} for user 0 :
W/ActivityManager( 1568): Unable to start service Intent { act=com.google.android.gms.auth.key.retrieval.service.START pkg=com.google.android.gms } U=0: not found
W/ActivityManager( 1568): Unbind failed: could not find connection for android.os.BinderProxy@9d481680
W/ActivityManager( 1568): Unable to start service Intent { act=com.google.android.gms.auth.key.retrieval.service.START pkg=com.google.android.gms } U=0: not found
W/ActivityManager( 1568): Unbind failed: could not find connection for android.os.BinderProxy@9d4d7b90
W/ActivityManager( 1568): Unable to start service Intent { act=com.google.android.gms.auth.key.retrieval.service.START pkg=com.google.android.gms } U=0: not found
W/ActivityManager( 1568): Unbind failed: could not find connection for android.os.BinderProxy@9d8eaaf8
W/ActivityManager( 1568): Unable to start service Intent { act=com.google.android.gms.auth.key.retrieval.service.START pkg=com.google.android.gms } U=0: not found
W/ActivityManager( 1568): Unbind failed: could not find connection for android.os.BinderProxy@9d4677b0
I/ActivityManager( 1568): Killing 1952:com.android.externalstorage/u0a6 (adj 15): empty #17
I/PackageManager( 1568): Adding preferred activity ComponentInfo{com.android.mms/com.android.mms.ui.ComposeMessageActivity} for user 0 :
I/PackageManager( 1568): Adding preferred activity ComponentInfo{com.android.mms/com.android.mms.ui.ComposeMessageActivity} for user 0 :
I/PackageManager( 1568): Adding preferred activity ComponentInfo{com.android.mms/com.android.mms.ui.ComposeMessageActivity} for user 0 :
I/PackageManager( 1568): Adding preferred activity ComponentInfo{com.android.mms/com.android.mms.ui.ComposeMessageActivity} for user 0 :
I/PackageManager( 1568): Adding preferred activity ComponentInfo{com.android.mms/com.android.mms.ui.ComposeMessageActivity} for user 0 :
I/PackageManager( 1568): Adding preferred activity ComponentInfo{com.android.mms/com.android.mms.ui.ComposeMessageActivity} for user 0 :
I/PackageManager( 1568): Adding preferred activity ComponentInfo{com.android.mms/com.android.mms.ui.ComposeMessageActivity} for user 0 :
I/PackageManager( 1568): Adding preferred activity ComponentInfo{com.android.mms/com.android.mms.ui.ComposeMessageActivity} for user 0 :
I/ActivityManager( 1568): Killing 1883:com.android.printspooler/u0a44 (adj 15): empty #17
D/ConnectivityService( 1568): Sampling interval elapsed, updating statistics ..
D/ConnectivityService( 1568): Done.
D/ConnectivityService( 1568): Setting timer for 720seconds
I/ActivityManager( 1568): Killing 2136:com.android.music/u0a36 (adj 15): empty #17
I/ActivityManager( 1568): Start proc com.android.defcontainer for service com.android.defcontainer/.DefaultContainerService: pid=2950 uid=10003 gids={50003, 1028, 1015, 1023, 2001, 1035}
W/ActivityManager( 1568): No content provider found for permission revoke: file:///data/local/tmp/AndroidRipperService.apk
W/ActivityManager( 1568): No content provider found for permission revoke: file:///data/local/tmp/AndroidRipperService.apk
I/PackageManager( 1568): Copying native libraries to /data/app-lib/vmdl540996405
I/PackageParser( 1568): it.unina.android.ripper_service: compat added android.permission.WRITE_EXTERNAL_STORAGE android.permission.READ_PHONE_STATE
I/ActivityManager( 1568): Force stopping it.unina.android.ripper_service appid=10057 user=-1: update pkg
I/PackageManager( 1568): Adding preferred activity ComponentInfo{com.android.mms/com.android.mms.ui.ComposeMessageActivity} for user 0 :
D/BackupManagerService( 1568): Received broadcast Intent { act=android.intent.action.PACKAGE_ADDED dat=package:it.unina.android.ripper_service flg=0x4000010 (has extras) }
I/PackageManager( 1568): Adding preferred activity ComponentInfo{com.android.mms/com.android.mms.ui.ComposeMessageActivity} for user 0 :
V/BackupManagerService( 1568): addPackageParticipantsLocked: #1
I/PackageManager( 1568): Adding preferred activity ComponentInfo{com.android.mms/com.android.mms.ui.ComposeMessageActivity} for user 0 :
I/PackageManager( 1568): Adding preferred activity ComponentInfo{com.android.mms/com.android.mms.ui.ComposeMessageActivity} for user 0 :
I/PackageManager( 1568): Adding preferred activity ComponentInfo{com.android.mms/com.android.mms.ui.ComposeMessageActivity} for user 0 :
I/PackageManager( 1568): Adding preferred activity ComponentInfo{com.android.mms/com.android.mms.ui.ComposeMessageActivity} for user 0 :
I/PackageManager( 1568): Adding preferred activity ComponentInfo{com.android.mms/com.android.mms.ui.ComposeMessageActivity} for user 0 :
I/PackageManager( 1568): Adding preferred activity ComponentInfo{com.android.mms/com.android.mms.ui.ComposeMessageActivity} for user 0 :
I/ActivityManager( 1568): Start proc com.svox.pico for broadcast com.svox.pico/.VoiceDataInstallerReceiver: pid=2971 uid=10041 gids={50041, 1028, 1015}
W/ActivityManager( 1568): Unable to start service Intent { act=com.google.android.gms.auth.key.retrieval.service.START pkg=com.google.android.gms } U=0: not found
W/ActivityManager( 1568): Unbind failed: could not find connection for android.os.BinderProxy@9d162a08
I/ActivityManager( 1568): Killing 2448:com.android.dialer/u0a4 (adj 15): empty #17
I/ActivityManager( 1568): Start proc it.unina.android.ripper_service:android_ripper_service_process for service it.unina.android.ripper_service/.AndroidRipperService: pid=3031 uid=10057 gids={50057, 3003, 1028, 1015}
W/ActivityManager( 1568): No content provider found for permission revoke: file:///sdcard/aut.apk
W/ActivityManager( 1568): No content provider found for permission revoke: file:///sdcard/aut.apk
I/PackageManager( 1568): Copying native libraries to /data/app-lib/vmdl-1150981604
I/ActivityManager( 1568): Force stopping dev.pesic.rpncalc appid=10058 user=-1: update pkg
I/PackageManager( 1568): Adding preferred activity ComponentInfo{com.android.mms/com.android.mms.ui.ComposeMessageActivity} for user 0 :
D/BackupManagerService( 1568): Received broadcast Intent { act=android.intent.action.PACKAGE_ADDED dat=package:dev.pesic.rpncalc flg=0x4000010 (has extras) }
V/BackupManagerService( 1568): addPackageParticipantsLocked: #1
I/PackageManager( 1568): Adding preferred activity ComponentInfo{com.android.mms/com.android.mms.ui.ComposeMessageActivity} for user 0 :
I/PackageManager( 1568): Adding preferred activity ComponentInfo{com.android.mms/com.android.mms.ui.ComposeMessageActivity} for user 0 :
I/PackageManager( 1568): Adding preferred activity ComponentInfo{com.android.mms/com.android.mms.ui.ComposeMessageActivity} for user 0 :
I/PackageManager( 1568): Adding preferred activity ComponentInfo{com.android.mms/com.android.mms.ui.ComposeMessageActivity} for user 0 :
I/PackageManager( 1568): Adding preferred activity ComponentInfo{com.android.mms/com.android.mms.ui.ComposeMessageActivity} for user 0 :
I/PackageManager( 1568): Adding preferred activity ComponentInfo{com.android.mms/com.android.mms.ui.ComposeMessageActivity} for user 0 :
I/PackageManager( 1568): Adding preferred activity ComponentInfo{com.android.mms/com.android.mms.ui.ComposeMessageActivity} for user 0 :
W/ActivityManager( 1568): No content provider found for permission revoke: file:///sdcard/ripper.apk
W/ActivityManager( 1568): No content provider found for permission revoke: file:///sdcard/ripper.apk
I/PackageManager( 1568): Copying native libraries to /data/app-lib/vmdl544312309
I/PackageParser( 1568): it.unina.android.ripper: compat added android.permission.WRITE_EXTERNAL_STORAGE android.permission.READ_PHONE_STATE
I/ActivityManager( 1568): Force stopping it.unina.android.ripper appid=10059 user=-1: update pkg
I/PackageManager( 1568): Adding preferred activity ComponentInfo{com.android.mms/com.android.mms.ui.ComposeMessageActivity} for user 0 :
I/PackageManager( 1568): Adding preferred activity ComponentInfo{com.android.mms/com.android.mms.ui.ComposeMessageActivity} for user 0 :
D/BackupManagerService( 1568): Received broadcast Intent { act=android.intent.action.PACKAGE_ADDED dat=package:it.unina.android.ripper flg=0x4000010 (has extras) }
V/BackupManagerService( 1568): addPackageParticipantsLocked: #1
I/PackageManager( 1568): Adding preferred activity ComponentInfo{com.android.mms/com.android.mms.ui.ComposeMessageActivity} for user 0 :
I/PackageManager( 1568): Adding preferred activity ComponentInfo{com.android.mms/com.android.mms.ui.ComposeMessageActivity} for user 0 :
I/PackageManager( 1568): Adding preferred activity ComponentInfo{com.android.mms/com.android.mms.ui.ComposeMessageActivity} for user 0 :
I/PackageManager( 1568): Adding preferred activity ComponentInfo{com.android.mms/com.android.mms.ui.ComposeMessageActivity} for user 0 :
W/ActivityManager( 1568): Unable to start service Intent { act=com.google.android.gms.auth.key.retrieval.service.START pkg=com.google.android.gms } U=0: not found
W/ActivityManager( 1568): Unbind failed: could not find connection for android.os.BinderProxy@9d5aa060
I/PackageManager( 1568): Adding preferred activity ComponentInfo{com.android.mms/com.android.mms.ui.ComposeMessageActivity} for user 0 :
I/PackageManager( 1568): Adding preferred activity ComponentInfo{com.android.mms/com.android.mms.ui.ComposeMessageActivity} for user 0 :
I/ActivityManager( 1568): Force stopping dev.pesic.rpncalc appid=10058 user=0: start instr
I/ActivityManager( 1568): Start proc dev.pesic.rpncalc for added application dev.pesic.rpncalc: pid=3123 uid=10058 gids={50058}
I/ActivityManager( 1568): START u0 {act=android.intent.action.MAIN flg=0x10000000 cmp=dev.pesic.rpncalc/.MainActivity} from pid 3123
E/AndroidRuntime( 3123): FATAL EXCEPTION: main
E/AndroidRuntime( 3123): Process: dev.pesic.rpncalc, PID: 3123
E/AndroidRuntime( 3123): java.lang.RuntimeException: Unable to start activity ComponentInfo{dev.pesic.rpncalc/dev.pesic.rpncalc.MainActivity}: java.lang.RuntimeException: java.util.concurrent.ExecutionException: java.lang.UnsatisfiedLinkError: Couldn't load flutter from loader dalvik.system.PathClassLoader[DexPathList[[zip file "/system/framework/android.test.runner.jar", zip file "/data/app/it.unina.android.ripper-1.apk", zip file "/data/app/dev.pesic.rpncalc-1.apk"],nativeLibraryDirectories=[/data/app-lib/it.unina.android.ripper-1, /data/app-lib/dev.pesic.rpncalc-1, /vendor/lib, /system/lib]]]: findLibrary returned null
E/AndroidRuntime( 3123): 	at android.app.ActivityThread.performLaunchActivity(ActivityThread.java:2195)
E/AndroidRuntime( 3123): 	at android.app.ActivityThread.handleLaunchActivity(ActivityThread.java:2245)
E/AndroidRuntime( 3123): 	at android.app.ActivityThread.access$800(ActivityThread.java:135)
E/AndroidRuntime( 3123): 	at android.app.ActivityThread$H.handleMessage(ActivityThread.java:1196)
E/AndroidRuntime( 3123): 	at android.os.Handler.dispatchMessage(Handler.java:102)
E/AndroidRuntime( 3123): 	at android.os.Looper.loop(Looper.java:136)
E/AndroidRuntime( 3123): 	at android.app.ActivityThread.main(ActivityThread.java:5017)
E/AndroidRuntime( 3123): 	at java.lang.reflect.Method.invokeNative(Native Method)
E/AndroidRuntime( 3123): 	at java.lang.reflect.Method.invoke(Method.java:515)
E/AndroidRuntime( 3123): 	at com.android.internal.os.ZygoteInit$MethodAndArgsCaller.run(ZygoteInit.java:779)
E/AndroidRuntime( 3123): 	at com.android.internal.os.ZygoteInit.main(ZygoteInit.java:595)
E/AndroidRuntime( 3123): 	at dalvik.system.NativeStart.main(Native Method)
E/AndroidRuntime( 3123): Caused by: java.lang.RuntimeException: java.util.concurrent.ExecutionException: java.lang.UnsatisfiedLinkError: Couldn't load flutter from loader dalvik.system.PathClassLoader[DexPathList[[zip file "/system/framework/android.test.runner.jar", zip file "/data/app/it.unina.android.ripper-1.apk", zip file "/data/app/dev.pesic.rpncalc-1.apk"],nativeLibraryDirectories=[/data/app-lib/it.unina.android.ripper-1, /data/app-lib/dev.pesic.rpncalc-1, /vendor/lib, /system/lib]]]: findLibrary returned null
E/AndroidRuntime( 3123): 	at io.flutter.embedding.engine.g.c.a()
E/AndroidRuntime( 3123): 	at io.flutter.embedding.engine.a.<init>()
E/AndroidRuntime( 3123): 	at io.flutter.embedding.engine.a.<init>()
E/AndroidRuntime( 3123): 	at io.flutter.embedding.android.f.o()
E/AndroidRuntime( 3123): 	at io.flutter.embedding.android.f.a()
E/AndroidRuntime( 3123): 	at io.flutter.embedding.android.e.onCreate()
E/AndroidRuntime( 3123): 	at android.app.Activity.performCreate(Activity.java:5231)
E/AndroidRuntime( 3123): 	at android.app.Instrumentation.callActivityOnCreate(Instrumentation.java:1087)
E/AndroidRuntime( 3123): 	at android.app.ActivityThread.performLaunchActivity(ActivityThread.java:2159)
E/AndroidRuntime( 3123): 	... 11 more
E/AndroidRuntime( 3123): Caused by: java.util.concurrent.ExecutionException: java.lang.UnsatisfiedLinkError: Couldn't load flutter from loader dalvik.system.PathClassLoader[DexPathList[[zip file "/system/framework/android.test.runner.jar", zip file "/data/app/it.unina.android.ripper-1.apk", zip file "/data/app/dev.pesic.rpncalc-1.apk"],nativeLibraryDirectories=[/data/app-lib/it.unina.android.ripper-1, /data/app-lib/dev.pesic.rpncalc-1, /vendor/lib, /system/lib]]]: findLibrary returned null
E/AndroidRuntime( 3123): 	at java.util.concurrent.FutureTask.report(FutureTask.java:93)
E/AndroidRuntime( 3123): 	at java.util.concurrent.FutureTask.get(FutureTask.java:163)
E/AndroidRuntime( 3123): 	... 20 more
E/AndroidRuntime( 3123): Caused by: java.lang.UnsatisfiedLinkError: Couldn't load flutter from loader dalvik.system.PathClassLoader[DexPathList[[zip file "/system/framework/android.test.runner.jar", zip file "/data/app/it.unina.android.ripper-1.apk", zip file "/data/app/dev.pesic.rpncalc-1.apk"],nativeLibraryDirectories=[/data/app-lib/it.unina.android.ripper-1, /data/app-lib/dev.pesic.rpncalc-1, /vendor/lib, /system/lib]]]: findLibrary returned null
E/AndroidRuntime( 3123): 	at java.lang.Runtime.loadLibrary(Runtime.java:358)
E/AndroidRuntime( 3123): 	at java.lang.System.loadLibrary(System.java:526)
E/AndroidRuntime( 3123): 	at io.flutter.embedding.engine.FlutterJNI.loadLibrary()
E/AndroidRuntime( 3123): 	at io.flutter.embedding.engine.g.c$a.call()
E/AndroidRuntime( 3123): 	at io.flutter.embedding.engine.g.c$a.call()
E/AndroidRuntime( 3123): 	at java.util.concurrent.FutureTask.run(FutureTask.java:237)
E/AndroidRuntime( 3123): 	at java.util.concurrent.ThreadPoolExecutor.runWorker(ThreadPoolExecutor.java:1112)
E/AndroidRuntime( 3123): 	at java.util.concurrent.ThreadPoolExecutor$Worker.run(ThreadPoolExecutor.java:587)
E/AndroidRuntime( 3123): 	at java.lang.Thread.run(Thread.java:841)
W/ActivityManager( 1568): Error in app dev.pesic.rpncalc running instrumentation ComponentInfo{it.unina.android.ripper/android.test.InstrumentationTestRunner}:
W/ActivityManager( 1568):   java.lang.UnsatisfiedLinkError
W/ActivityManager( 1568):   java.lang.UnsatisfiedLinkError: Couldn't load flutter from loader dalvik.system.PathClassLoader[DexPathList[[zip file "/system/framework/android.test.runner.jar", zip file "/data/app/it.unina.android.ripper-1.apk", zip file "/data/app/dev.pesic.rpncalc-1.apk"],nativeLibraryDirectories=[/data/app-lib/it.unina.android.ripper-1, /data/app-lib/dev.pesic.rpncalc-1, /vendor/lib, /system/lib]]]: findLibrary returned null
I/ActivityManager( 1568): Force stopping dev.pesic.rpncalc appid=10058 user=0: finished inst
I/ActivityManager( 1568): Killing 3123:dev.pesic.rpncalc/u0a58 (adj 0): stop dev.pesic.rpncalc
I/ActivityManager( 1568):   Force finishing activity ActivityRecord{9d0a4748 u0 dev.pesic.rpncalc/.MainActivity t4}
W/InputMethodManagerService( 1568): Window already focused, ignoring focus gain of: com.android.internal.view.IInputMethodClient$Stub$Proxy@9d61a510 attribute=null, token = android.os.BinderProxy@9d832130
I/ActivityManager( 1568): Killing 1981:com.android.email/u0a26 (adj 15): empty #17
W/ActivityManager( 1568): Unable to start service Intent { act=com.google.android.gms.drive.ApiService.RESET_AFTER_BOOT flg=0x4 cmp=com.google.android.gms/.drive.api.ApiService (has extras) } U=0: not found
I/ActivityManager( 1568): Force stopping dev.pesic.rpncalc appid=10058 user=0: clear data
I/ActivityManager( 1568): Start proc com.android.documentsui for broadcast com.android.documentsui/.PackageReceiver: pid=3540 uid=10025 gids={50025}
I/ActivityManager( 1568): Killing 1928:com.android.exchange/u0a27 (adj 15): empty #17
I/ActivityManager( 1568): Start proc com.android.externalstorage for content provider com.android.externalstorage/.ExternalStorageProvider: pid=3564 uid=10006 gids={50006, 1028, 1015, 1023}
I/ActivityManager( 1568): Killing 1848:com.android.settings/1000 (adj 15): empty #17
I/ActivityManager( 1568): Force stopping dev.pesic.rpncalc appid=10058 user=-1: uninstall pkg
W/PackageManager( 1568): Couldn't delete native library directory /data/app-lib/dev.pesic.rpncalc
I/ActivityManager( 1568): Force stopping dev.pesic.rpncalc appid=10058 user=0: pkg removed
I/PackageManager( 1568): Adding preferred activity ComponentInfo{com.android.mms/com.android.mms.ui.ComposeMessageActivity} for user 0 :
I/PackageManager( 1568): Adding preferred activity ComponentInfo{com.android.mms/com.android.mms.ui.ComposeMessageActivity} for user 0 :
D/BackupManagerService( 1568): Received broadcast Intent { act=android.intent.action.PACKAGE_REMOVED dat=package:dev.pesic.rpncalc flg=0x4000010 (has extras) }
V/BackupManagerService( 1568): removePackageParticipantsLocked: uid=10058 #1
I/PackageManager( 1568): Adding preferred activity ComponentInfo{com.android.mms/com.android.mms.ui.ComposeMessageActivity} for user 0 :
I/PackageManager( 1568): Adding preferred activity ComponentInfo{com.android.mms/com.android.mms.ui.ComposeMessageActivity} for user 0 :
I/PackageManager( 1568): Adding preferred activity ComponentInfo{com.android.mms/com.android.mms.ui.ComposeMessageActivity} for user 0 :
I/ActivityManager( 1568): Start proc com.android.keychain for broadcast com.android.keychain/.KeyChainBroadcastReceiver: pid=3598 uid=1000 gids={41000, 1028, 1015, 3002, 3001, 3003}
I/PackageManager( 1568): Adding preferred activity ComponentInfo{com.android.mms/com.android.mms.ui.ComposeMessageActivity} for user 0 :
I/PackageManager( 1568): Adding preferred activity ComponentInfo{com.android.mms/com.android.mms.ui.ComposeMessageActivity} for user 0 :
I/PackageManager( 1568): Adding preferred activity ComponentInfo{com.android.mms/com.android.mms.ui.ComposeMessageActivity} for user 0 :
W/ContextImpl( 3598): Calling a method in the system process without a qualified user: android.app.ContextImpl.startService:1479 android.content.ContextWrapper.startService:494 android.content.ContextWrapper.startService:494 com.android.keychain.KeyChainBroadcastReceiver.onReceive:12 android.app.ActivityThread.handleReceiver:2419 
I/ActivityManager( 1568): Killing 2482:com.android.mms/u0a10 (adj 15): empty #17
D/CountryDetector( 1568): No listener is left
I/ActivityManager( 1568): Force stopping it.unina.android.ripper appid=10059 user=0: clear data
I/ActivityManager( 1568): Force stopping it.unina.android.ripper appid=10059 user=-1: uninstall pkg
W/PackageManager( 1568): Couldn't delete native library directory /data/app-lib/it.unina.android.ripper
I/ActivityManager( 1568): Force stopping it.unina.android.ripper appid=10059 user=0: pkg removed
I/PackageManager( 1568): Adding preferred activity ComponentInfo{com.android.mms/com.android.mms.ui.ComposeMessageActivity} for user 0 :
I/PackageManager( 1568): Adding preferred activity ComponentInfo{com.android.mms/com.android.mms.ui.ComposeMessageActivity} for user 0 :
I/PackageManager( 1568): Adding preferred activity ComponentInfo{com.android.mms/com.android.mms.ui.ComposeMessageActivity} for user 0 :
I/PackageManager( 1568): Adding preferred activity ComponentInfo{com.android.mms/com.android.mms.ui.ComposeMessageActivity} for user 0 :
D/BackupManagerService( 1568): Received broadcast Intent { act=android.intent.action.PACKAGE_REMOVED dat=package:it.unina.android.ripper flg=0x4000010 (has extras) }
V/BackupManagerService( 1568): removePackageParticipantsLocked: uid=10059 #1
I/PackageManager( 1568): Adding preferred activity ComponentInfo{com.android.mms/com.android.mms.ui.ComposeMessageActivity} for user 0 :
I/PackageManager( 1568): Adding preferred activity ComponentInfo{com.android.mms/com.android.mms.ui.ComposeMessageActivity} for user 0 :
W/ContextImpl( 3598): Calling a method in the system process without a qualified user: android.app.ContextImpl.startService:1479 android.content.ContextWrapper.startService:494 android.content.ContextWrapper.startService:494 com.android.keychain.KeyChainBroadcastReceiver.onReceive:12 android.app.ActivityThread.handleReceiver:2419 
I/PackageManager( 1568): Adding preferred activity ComponentInfo{com.android.mms/com.android.mms.ui.ComposeMessageActivity} for user 0 :
I/PackageManager( 1568): Adding preferred activity ComponentInfo{com.android.mms/com.android.mms.ui.ComposeMessageActivity} for user 0 :
I/ActivityManager( 1568): Force stopping it.unina.android.ripper_service appid=10057 user=0: clear data
I/ActivityManager( 1568): Killing 3031:it.unina.android.ripper_service:android_ripper_service_process/u0a57 (adj 5): stop it.unina.android.ripper_service
I/ActivityManager( 1568):   Force stopping service ServiceRecord{9d988a20 u0 it.unina.android.ripper_service/.AndroidRipperService}
I/ActivityManager( 1568): Force stopping it.unina.android.ripper_service appid=10057 user=-1: uninstall pkg
W/PackageManager( 1568): Couldn't delete native library directory /data/app-lib/it.unina.android.ripper_service
I/ActivityManager( 1568): Force stopping it.unina.android.ripper_service appid=10057 user=0: pkg removed
I/PackageManager( 1568): Adding preferred activity ComponentInfo{com.android.mms/com.android.mms.ui.ComposeMessageActivity} for user 0 :
D/BackupManagerService( 1568): Received broadcast Intent { act=android.intent.action.PACKAGE_REMOVED dat=package:it.unina.android.ripper_service flg=0x4000010 (has extras) }
V/BackupManagerService( 1568): removePackageParticipantsLocked: uid=10057 #1
I/PackageManager( 1568): Adding preferred activity ComponentInfo{com.android.mms/com.android.mms.ui.ComposeMessageActivity} for user 0 :
I/PackageManager( 1568): Adding preferred activity ComponentInfo{com.android.mms/com.android.mms.ui.ComposeMessageActivity} for user 0 :
I/PackageManager( 1568): Adding preferred activity ComponentInfo{com.android.mms/com.android.mms.ui.ComposeMessageActivity} for user 0 :
