D/dalvikvm( 2173): GC_FOR_ALLOC freed 2418K, 14% free 16184K/18740K, paused 13ms, total 13ms
I/Auth    ( 1788): [AuthManaged,PasswordComplexityHelperImpl] Updating password complexity components state.
I/Auth    ( 1788): [AuthManaged,PasswordComplexityHelperImpl] Enabling com.google.android.gms.auth.managed.ui.SetNewPasswordActivity
I/ChromeSync( 2173): [Sync,SyncIntentOperation] Handling the intent: Intent { act=com.google.android.gms.phenotype.COMMITTED flg=0x10 pkg=com.google.android.gms cmp=com.google.android.gms/.chimera.GmsIntentOperationService (has extras) }.
I/MdiSyncModule( 2173): flag handling is skipping irrelevant intent.
W/ModuleInitIntentOp( 2173): Dropping unexpected action com.google.android.gms.phenotype.COMMITTED
E/GmsClient( 2173): unable to connect to service: com.google.android.gms.auth.key.retrieval.service.START on com.google.android.gms
I/PTCommittedOperation( 1788): Receive new configuration for com.google.android.gms.gass
W/ActivityManager( 1571): Unable to start service Intent { act=com.google.android.gms.auth.key.retrieval.service.START pkg=com.google.android.gms } U=0: not found
W/ActivityManager( 1571): Unbind failed: could not find connection for android.os.BinderProxy@9d9f9250
I/Auth    ( 1788): [AuthManaged,PasswordComplexityHelperImpl] Updating password complexity components state.
I/Auth    ( 1788): [AuthManaged,PasswordComplexityHelperImpl] Enabling com.google.android.gms.auth.managed.ui.SetNewPasswordActivity
I/ChromeSync( 2173): [Sync,SyncIntentOperation] Handling the intent: Intent { act=com.google.android.gms.phenotype.COMMITTED flg=0x10 pkg=com.google.android.gms cmp=com.google.android.gms/.chimera.GmsIntentOperationService (has extras) }.
I/MdiSyncModule( 2173): flag handling is skipping irrelevant intent.
W/ModuleInitIntentOp( 2173): Dropping unexpected action com.google.android.gms.phenotype.COMMITTED
I/PTCommittedOperation( 1788): Receive new configuration for com.google.android.gms.languageprofile
I/Auth    ( 1788): [AuthManaged,PasswordComplexityHelperImpl] Updating password complexity components state.
I/Auth    ( 1788): [AuthManaged,PasswordComplexityHelperImpl] Enabling com.google.android.gms.auth.managed.ui.SetNewPasswordActivity
I/ChromeSync( 2173): [Sync,SyncIntentOperation] Handling the intent: Intent { act=com.google.android.gms.phenotype.COMMITTED flg=0x10 pkg=com.google.android.gms cmp=com.google.android.gms/.chimera.GmsIntentOperationService (has extras) }.
I/MdiSyncModule( 2173): flag handling is skipping irrelevant intent.
W/ModuleInitIntentOp( 2173): Dropping unexpected action com.google.android.gms.phenotype.COMMITTED
I/PTCommittedOperation( 1788): Receive new configuration for com.google.android.gms.mobile_data_plan
I/Auth    ( 1788): [AuthManaged,PasswordComplexityHelperImpl] Updating password complexity components state.
I/Auth    ( 1788): [AuthManaged,PasswordComplexityHelperImpl] Enabling com.google.android.gms.auth.managed.ui.SetNewPasswordActivity
I/ChromeSync( 2173): [Sync,SyncIntentOperation] Handling the intent: Intent { act=com.google.android.gms.phenotype.COMMITTED flg=0x10 pkg=com.google.android.gms cmp=com.google.android.gms/.chimera.GmsIntentOperationService (has extras) }.
I/PTCommittedOperation( 1788): Receive new configuration for com.google.android.gms.contactinteractions
I/MdiSyncModule( 2173): flag handling is skipping irrelevant intent.
W/ModuleInitIntentOp( 2173): Dropping unexpected action com.google.android.gms.phenotype.COMMITTED
I/Auth    ( 1788): [AuthManaged,PasswordComplexityHelperImpl] Updating password complexity components state.
I/Auth    ( 1788): [AuthManaged,PasswordComplexityHelperImpl] Enabling com.google.android.gms.auth.managed.ui.SetNewPasswordActivity
I/PTCommittedOperation( 1788): Receive new configuration for com.google.android.gms.checkin
D/dalvikvm( 2173): GC_FOR_ALLOC freed 1014K, 9% free 17218K/18740K, paused 33ms, total 33ms
I/Auth    ( 1788): [AuthManaged,PasswordComplexityHelperImpl] Updating password complexity components state.
I/Auth    ( 1788): [AuthManaged,PasswordComplexityHelperImpl] Enabling com.google.android.gms.auth.managed.ui.SetNewPasswordActivity
E/GmsClient( 2173): unable to connect to service: com.google.android.gms.auth.key.retrieval.service.START on com.google.android.gms
I/PTCommittedOperation( 1788): Receive new configuration for com.google.android.gms.telephonyspam
W/ActivityManager( 1571): Unable to start service Intent { act=com.google.android.gms.auth.key.retrieval.service.START pkg=com.google.android.gms } U=0: not found
W/ActivityManager( 1571): Unbind failed: could not find connection for android.os.BinderProxy@9d2b3758
I/ChromeSync( 2173): [Sync,SyncIntentOperation] Handling the intent: Intent { act=com.google.android.gms.phenotype.COMMITTED flg=0x10 pkg=com.google.android.gms cmp=com.google.android.gms/.chimera.GmsIntentOperationService (has extras) }.
I/MdiSyncModule( 2173): flag handling is skipping irrelevant intent.
W/ModuleInitIntentOp( 2173): Dropping unexpected action com.google.android.gms.phenotype.COMMITTED
I/ChromeSync( 2173): [Sync,SyncIntentOperation] Handling the intent: Intent { act=com.google.android.gms.phenotype.COMMITTED flg=0x10 pkg=com.google.android.gms cmp=com.google.android.gms/.chimera.GmsIntentOperationService (has extras) }.
I/MdiSyncModule( 2173): flag handling is skipping irrelevant intent.
W/ModuleInitIntentOp( 2173): Dropping unexpected action com.google.android.gms.phenotype.COMMITTED
I/TelephonySpam( 2173): SettingsChangedIntentOp - telephonyspam phenotype flag changed
I/TelephonySpam( 2173): SpamListSync - schedulePeriodicTask
D/dalvikvm( 1788): GC_FOR_ALLOC freed 2094K, 25% free 9871K/13148K, paused 9ms, total 9ms
I/Auth    ( 1788): [AuthManaged,PasswordComplexityHelperImpl] Updating password complexity components state.
I/Auth    ( 1788): [AuthManaged,PasswordComplexityHelperImpl] Enabling com.google.android.gms.auth.managed.ui.SetNewPasswordActivity
I/PTCommittedOperation( 1788): Receive new configuration for com.google.android.gms.reachability
D/dalvikvm( 2173): GC_FOR_ALLOC freed 833K, 6% free 18420K/19392K, paused 27ms, total 27ms
I/Auth    ( 1788): [AuthManaged,PasswordComplexityHelperImpl] Updating password complexity components state.
I/Auth    ( 1788): [AuthManaged,PasswordComplexityHelperImpl] Enabling com.google.android.gms.auth.managed.ui.SetNewPasswordActivity
I/ChromeSync( 2173): [Sync,SyncIntentOperation] Handling the intent: Intent { act=com.google.android.gms.phenotype.COMMITTED flg=0x10 pkg=com.google.android.gms cmp=com.google.android.gms/.chimera.GmsIntentOperationService (has extras) }.
I/PTCommittedOperation( 1788): Receive new configuration for com.google.android.gms.mdisync
W/ModuleInitIntentOp( 2173): Dropping unexpected action com.google.android.gms.phenotype.COMMITTED
I/MdiSyncModule( 2173): flag handling is skipping irrelevant intent.
I/ChromeSync( 2173): [Sync,SyncIntentOperation] Handling the intent: Intent { act=com.google.android.gms.phenotype.COMMITTED flg=0x10 pkg=com.google.android.gms cmp=com.google.android.gms/.chimera.GmsIntentOperationService (has extras) }.
I/MdiSyncModule( 2173): handling relevant flag change...
W/ModuleInitIntentOp( 2173): Dropping unexpected action com.google.android.gms.phenotype.COMMITTED
E/GmsClient( 2173): unable to connect to service: com.google.android.gms.auth.key.retrieval.service.START on com.google.android.gms
I/GmsSyncPolicyEngine( 2173): Periodic sync 3 disabled
I/MdiSyncModule( 2173): flag handling completed
I/Auth    ( 1788): [AuthManaged,PasswordComplexityHelperImpl] Updating password complexity components state.
I/Auth    ( 1788): [AuthManaged,PasswordComplexityHelperImpl] Enabling com.google.android.gms.auth.managed.ui.SetNewPasswordActivity
W/ActivityManager( 1571): Unable to start service Intent { act=com.google.android.gms.auth.key.retrieval.service.START pkg=com.google.android.gms } U=0: not found
W/ActivityManager( 1571): Unbind failed: could not find connection for android.os.BinderProxy@9d1aee28
I/PTCommittedOperation( 1788): Receive new configuration for com.google.android.gms.admob
I/ChromeSync( 2173): [Sync,SyncIntentOperation] Handling the intent: Intent { act=com.google.android.gms.phenotype.COMMITTED flg=0x10 pkg=com.google.android.gms cmp=com.google.android.gms/.chimera.GmsIntentOperationService (has extras) }.
I/MdiSyncModule( 2173): flag handling is skipping irrelevant intent.
W/ModuleInitIntentOp( 2173): Dropping unexpected action com.google.android.gms.phenotype.COMMITTED
I/Auth    ( 1788): [AuthManaged,PasswordComplexityHelperImpl] Updating password complexity components state.
I/Auth    ( 1788): [AuthManaged,PasswordComplexityHelperImpl] Enabling com.google.android.gms.auth.managed.ui.SetNewPasswordActivity
I/MdiSyncModule( 2173): flag handling is skipping irrelevant intent.
I/ChromeSync( 2173): [Sync,SyncIntentOperation] Handling the intent: Intent { act=com.google.android.gms.phenotype.COMMITTED flg=0x10 pkg=com.google.android.gms cmp=com.google.android.gms/.chimera.GmsIntentOperationService (has extras) }.
W/ModuleInitIntentOp( 2173): Dropping unexpected action com.google.android.gms.phenotype.COMMITTED
I/PTCommittedOperation( 1788): Receive new configuration for com.google.android.gms.audit
I/Auth    ( 1788): [AuthManaged,PasswordComplexityHelperImpl] Updating password complexity components state.
I/Auth    ( 1788): [AuthManaged,PasswordComplexityHelperImpl] Enabling com.google.android.gms.auth.managed.ui.SetNewPasswordActivity
I/ChromeSync( 2173): [Sync,SyncIntentOperation] Handling the intent: Intent { act=com.google.android.gms.phenotype.COMMITTED flg=0x10 pkg=com.google.android.gms cmp=com.google.android.gms/.chimera.GmsIntentOperationService (has extras) }.
I/MdiSyncModule( 2173): flag handling is skipping irrelevant intent.
W/ModuleInitIntentOp( 2173): Dropping unexpected action com.google.android.gms.phenotype.COMMITTED
I/PTCommittedOperation( 1788): Receive new configuration for com.google.android.gms.drive
I/Auth    ( 1788): [AuthManaged,PasswordComplexityHelperImpl] Updating password complexity components state.
I/Auth    ( 1788): [AuthManaged,PasswordComplexityHelperImpl] Enabling com.google.android.gms.auth.managed.ui.SetNewPasswordActivity
D/dalvikvm( 2173): GC_FOR_ALLOC freed 1659K, 9% free 18653K/20452K, paused 18ms, total 18ms
I/PTCommittedOperation( 1788): Receive new configuration for com.google.android.gms.fonts
I/dalvikvm-heap( 2173): Grow heap (frag case) to 18.916MB for 594454-byte allocation
I/Auth    ( 1788): [AuthManaged,PasswordComplexityHelperImpl] Updating password complexity components state.
I/Auth    ( 1788): [AuthManaged,PasswordComplexityHelperImpl] Enabling com.google.android.gms.auth.managed.ui.SetNewPasswordActivity
D/dalvikvm( 2173): GC_FOR_ALLOC freed 1K, 9% free 19232K/21036K, paused 22ms, total 22ms
I/ChromeSync( 2173): [Sync,SyncIntentOperation] Handling the intent: Intent { act=com.google.android.gms.phenotype.COMMITTED flg=0x10 pkg=com.google.android.gms cmp=com.google.android.gms/.chimera.GmsIntentOperationService (has extras) }.
E/GmsClient( 2173): unable to connect to service: com.google.android.gms.auth.key.retrieval.service.START on com.google.android.gms
W/ActivityManager( 1571): Unable to start service Intent { act=com.google.android.gms.auth.key.retrieval.service.START pkg=com.google.android.gms } U=0: not found
W/ActivityManager( 1571): Unbind failed: could not find connection for android.os.BinderProxy@9d34fca8
I/MdiSyncModule( 2173): flag handling is skipping irrelevant intent.
W/ModuleInitIntentOp( 2173): Dropping unexpected action com.google.android.gms.phenotype.COMMITTED
D/dalvikvm( 1788): GC_FOR_ALLOC freed 2034K, 25% free 9885K/13148K, paused 26ms, total 26ms
I/PTCommittedOperation( 1788): Receive new configuration for com.google.android.gms.games
I/ChromeSync( 2173): [Sync,SyncIntentOperation] Handling the intent: Intent { act=com.google.android.gms.phenotype.COMMITTED flg=0x10 pkg=com.google.android.gms cmp=com.google.android.gms/.chimera.GmsIntentOperationService (has extras) }.
I/MdiSyncModule( 2173): flag handling is skipping irrelevant intent.
W/ModuleInitIntentOp( 2173): Dropping unexpected action com.google.android.gms.phenotype.COMMITTED
I/Auth    ( 1788): [AuthManaged,PasswordComplexityHelperImpl] Updating password complexity components state.
I/Auth    ( 1788): [AuthManaged,PasswordComplexityHelperImpl] Enabling com.google.android.gms.auth.managed.ui.SetNewPasswordActivity
I/PTCommittedOperation( 1788): Receive new configuration for com.google.android.gms.icing
I/ChromeSync( 2173): [Sync,SyncIntentOperation] Handling the intent: Intent { act=com.google.android.gms.phenotype.COMMITTED flg=0x10 pkg=com.google.android.gms cmp=com.google.android.gms/.chimera.GmsIntentOperationService (has extras) }.
I/MdiSyncModule( 2173): flag handling is skipping irrelevant intent.
W/ModuleInitIntentOp( 2173): Dropping unexpected action com.google.android.gms.phenotype.COMMITTED
I/Auth    ( 1788): [AuthManaged,PasswordComplexityHelperImpl] Updating password complexity components state.
I/Auth    ( 1788): [AuthManaged,PasswordComplexityHelperImpl] Enabling com.google.android.gms.auth.managed.ui.SetNewPasswordActivity
D/dalvikvm( 1830): GC_EXPLICIT freed 135K, 19% free 6167K/7572K, paused 0ms+0ms, total 6ms
I/PTCommittedOperation( 1788): Receive new configuration for com.google.android.gms.droidguard
I/Auth    ( 1788): [AuthManaged,PasswordComplexityHelperImpl] Updating password complexity components state.
I/Auth    ( 1788): [AuthManaged,PasswordComplexityHelperImpl] Enabling com.google.android.gms.auth.managed.ui.SetNewPasswordActivity
I/PTCommittedOperation( 1788): Receive new configuration for com.google.android.gms.recaptcha
D/dalvikvm( 2173): GC_FOR_ALLOC freed 1612K, 9% free 19669K/21420K, paused 36ms, total 36ms
I/MobileDataHub( 2173): Scheduling periodic tasks
W/MobileDataHub( 2173): [Service] appsupload-periodic periodic task disabled
I/ChromeSync( 2173): [Sync,SyncIntentOperation] Handling the intent: Intent { act=com.google.android.gms.phenotype.COMMITTED flg=0x10 pkg=com.google.android.gms cmp=com.google.android.gms/.chimera.GmsIntentOperationService (has extras) }.
I/MdiSyncModule( 2173): flag handling is skipping irrelevant intent.
E/GmsClient( 2173): unable to connect to service: com.google.android.gms.auth.key.retrieval.service.START on com.google.android.gms
W/ModuleInitIntentOp( 2173): Dropping unexpected action com.google.android.gms.phenotype.COMMITTED
W/ActivityManager( 1571): Unable to start service Intent { act=com.google.android.gms.auth.key.retrieval.service.START pkg=com.google.android.gms } U=0: not found
W/ActivityManager( 1571): Unbind failed: could not find connection for android.os.BinderProxy@9d9732a0
I/ChromeSync( 2173): [Sync,SyncIntentOperation] Handling the intent: Intent { act=com.google.android.gms.phenotype.COMMITTED flg=0x10 pkg=com.google.android.gms cmp=com.google.android.gms/.chimera.GmsIntentOperationService (has extras) }.
I/MdiSyncModule( 2173): flag handling is skipping irrelevant intent.
I/Auth    ( 1788): [AuthManaged,PasswordComplexityHelperImpl] Updating password complexity components state.
I/Auth    ( 1788): [AuthManaged,PasswordComplexityHelperImpl] Enabling com.google.android.gms.auth.managed.ui.SetNewPasswordActivity
I/PTCommittedOperation( 1788): Receive new configuration for com.google.android.gms.auth.api.credentials
I/Auth    ( 1788): [AuthManaged,PasswordComplexityHelperImpl] Updating password complexity components state.
I/Auth    ( 1788): [AuthManaged,PasswordComplexityHelperImpl] Enabling com.google.android.gms.auth.managed.ui.SetNewPasswordActivity
W/ModuleInitIntentOp( 2173): Dropping unexpected action com.google.android.gms.phenotype.COMMITTED
I/MdiSyncModule( 2173): flag handling is skipping irrelevant intent.
I/ChromeSync( 2173): [Sync,SyncIntentOperation] Handling the intent: Intent { act=com.google.android.gms.phenotype.COMMITTED flg=0x10 pkg=com.google.android.gms cmp=com.google.android.gms/.chimera.GmsIntentOperationService (has extras) }.
I/Auth    ( 1788): [AuthManaged,PasswordComplexityHelperImpl] Updating password complexity components state.
I/Auth    ( 1788): [AuthManaged,PasswordComplexityHelperImpl] Enabling com.google.android.gms.auth.managed.ui.SetNewPasswordActivity
W/ModuleInitIntentOp( 2173): Dropping unexpected action com.google.android.gms.phenotype.COMMITTED
I/PTCommittedOperation( 1788): Receive new configuration for com.google.android.gms.smartdevice
I/ChromeSync( 2173): [Sync,SyncIntentOperation] Handling the intent: Intent { act=com.google.android.gms.phenotype.COMMITTED flg=0x10 pkg=com.google.android.gms cmp=com.google.android.gms/.chimera.GmsIntentOperationService (has extras) }.
I/MdiSyncModule( 2173): flag handling is skipping irrelevant intent.
W/ModuleInitIntentOp( 2173): Dropping unexpected action com.google.android.gms.phenotype.COMMITTED
D/dalvikvm( 1788): GC_FOR_ALLOC freed 1976K, 25% free 9956K/13148K, paused 15ms, total 15ms
I/Auth    ( 1788): [AuthManaged,PasswordComplexityHelperImpl] Updating password complexity components state.
I/Auth    ( 1788): [AuthManaged,PasswordComplexityHelperImpl] Enabling com.google.android.gms.auth.managed.ui.SetNewPasswordActivity
I/Auth    ( 1788): [AuthManaged,PasswordComplexityHelperImpl] Updating password complexity components state.
I/Auth    ( 1788): [AuthManaged,PasswordComplexityHelperImpl] Enabling com.google.android.gms.auth.managed.ui.SetNewPasswordActivity
I/Auth    ( 1788): [AuthManaged,PasswordComplexityHelperImpl] Updating password complexity components state.
I/Auth    ( 1788): [AuthManaged,PasswordComplexityHelperImpl] Enabling com.google.android.gms.auth.managed.ui.SetNewPasswordActivity
D/dalvikvm( 2173): GC_FOR_ALLOC freed 1125K, 6% free 20593K/21856K, paused 20ms, total 20ms
I/Auth    ( 1788): [AuthManaged,PasswordComplexityHelperImpl] Updating password complexity components state.
I/Auth    ( 1788): [AuthManaged,PasswordComplexityHelperImpl] Enabling com.google.android.gms.auth.managed.ui.SetNewPasswordActivity
I/PTCommittedOperation( 1788): Receive new configuration for com.google.android.gms
I/PTCommittedOperation( 1788): Running Fixer Framework for com.google.android.gms
I/ChromeSync( 2173): [Sync,SyncIntentOperation] Handling the intent: Intent { act=com.google.android.gms.phenotype.COMMITTED flg=0x10 pkg=com.google.android.gms cmp=com.google.android.gms/.chimera.GmsIntentOperationService (has extras) }.
I/MdiSyncModule( 2173): flag handling is skipping irrelevant intent.
W/ModuleInitIntentOp( 2173): Dropping unexpected action com.google.android.gms.phenotype.COMMITTED
W/ActivityManager( 1571): Unable to start service Intent { act=com.google.android.gms.auth.key.retrieval.service.START pkg=com.google.android.gms } U=0: not found
D/dalvikvm( 1788): GC_FOR_ALLOC freed 1723K, 22% free 10280K/13148K, paused 8ms, total 8ms
D/dalvikvm( 2173): GC_FOR_ALLOC freed 2405K, 12% free 20237K/22780K, paused 18ms, total 18ms
E/GmsClient( 2173): unable to connect to service: com.google.android.gms.auth.key.retrieval.service.START on com.google.android.gms
I/dalvikvm( 2173): Could not find method android.app.Notification$Builder.addExtras, referenced from method aqpx.a
W/dalvikvm( 2173): VFY: unable to resolve virtual method 461: Landroid/app/Notification$Builder;.addExtras (Landroid/os/Bundle;)Landroid/app/Notification$Builder;
D/dalvikvm( 2173): VFY: replacing opcode 0x6e at 0x0069
I/dalvikvm( 2173): Could not find method android.app.Notification$Builder.setColor, referenced from method aqpx.a
W/dalvikvm( 2173): VFY: unable to resolve virtual method 466: Landroid/app/Notification$Builder;.setColor (I)Landroid/app/Notification$Builder;
D/dalvikvm( 2173): VFY: replacing opcode 0x6e at 0x0074
I/dalvikvm( 2173): Could not find method android.app.Notification$Builder.addAction, referenced from method aqpx.a
W/dalvikvm( 2173): VFY: unable to resolve virtual method 460: Landroid/app/Notification$Builder;.addAction (Landroid/app/Notification$Action;)Landroid/app/Notification$Builder;
D/dalvikvm( 2173): VFY: replacing opcode 0x6e at 0x0079
I/dalvikvm( 2173): Could not find method android.app.Notification$Builder.addPerson, referenced from method aqpx.a
W/dalvikvm( 2173): VFY: unable to resolve virtual method 462: Landroid/app/Notification$Builder;.addPerson (Ljava/lang/String;)Landroid/app/Notification$Builder;
D/dalvikvm( 2173): VFY: replacing opcode 0x6e at 0x01d7
W/ActivityManager( 1571): Unbind failed: could not find connection for android.os.BinderProxy@9d90d600
D/dalvikvm( 2821): GC_FOR_ALLOC freed 901K, 42% free 5551K/9508K, paused 4ms, total 4ms
D/dalvikvm( 1788): GC_FOR_ALLOC freed 1036K, 24% free 10060K/13148K, paused 7ms, total 7ms
W/GLSUser ( 1830): [DeviceKeyStore] Cannot load key: Device key file not found.
W/GLSUser ( 1830): [DeviceKeyStore] Cannot load key: Device key file not found.
W/Conscrypt( 2173): Could not set socket write timeout: java.net.SocketException: Socket closed
W/Conscrypt( 2173): 	at com.google.android.gms.org.conscrypt.Platform.setSocketWriteTimeout(:com.google.android.gms@202414005@20.24.14 (000700-319035315):2)
W/Conscrypt( 2173): 	at com.google.android.gms.org.conscrypt.ConscryptFileDescriptorSocket.setSoWriteTimeout(:com.google.android.gms@202414005@20.24.14 (000700-319035315):0)
W/Conscrypt( 2173): Could not set socket write timeout: java.net.SocketException: Socket closed
W/Conscrypt( 2173): 	at com.google.android.gms.org.conscrypt.Platform.setSocketWriteTimeout(:com.google.android.gms@202414005@20.24.14 (000700-319035315):2)
W/Conscrypt( 2173): 	at com.google.android.gms.org.conscrypt.ConscryptFileDescriptorSocket.setSoWriteTimeout(:com.google.android.gms@202414005@20.24.14 (000700-319035315):0)
E/MS_RegisterService( 2173): Exception during register request.
E/MS_RegisterService( 2173): bwqb: UNAUTHENTICATED: Request is missing required authentication credential. Expected OAuth 2 access token, login cookie or other valid authentication credential. See https://developers.google.com/identity/sign-in/web/devconsole-project.
E/MS_RegisterService( 2173): 	at bwqa.c(:com.google.android.gms@202414005@20.24.14 (000700-319035315):3)
E/MS_RegisterService( 2173): 	at ngh.a(:com.google.android.gms@202414005@20.24.14 (000700-319035315):48)
E/MS_RegisterService( 2173): 	at zvl.a(:com.google.android.gms@202414005@20.24.14 (000700-319035315):12)
E/MS_RegisterService( 2173): 	at com.google.android.libraries.matchstick.net.SilentRegisterIntentOperation.a(:com.google.android.gms@202414005@20.24.14 (000700-319035315):218)
E/MS_RegisterService( 2173): 	at com.google.android.libraries.matchstick.net.SilentRegisterIntentOperation.f(:com.google.android.gms@202414005@20.24.14 (000700-319035315):35)
E/MS_RegisterService( 2173): 	at com.google.android.libraries.matchstick.net.SilentRegisterIntentOperation.onHandleIntent(:com.google.android.gms@202414005@20.24.14 (000700-319035315):205)
E/MS_RegisterService( 2173): 	at com.google.android.chimera.IntentOperation.onHandleIntent(:com.google.android.gms@202414005@20.24.14 (000700-319035315):2)
E/MS_RegisterService( 2173): 	at ljm.onHandleIntent(:com.google.android.gms@202414005@20.24.14 (000700-319035315):4)
E/MS_RegisterService( 2173): 	at bsh.run(:com.google.android.gms@202414005@20.24.14 (000700-319035315):5)
E/MS_RegisterService( 2173): 	at bsg.run(:com.google.android.gms@202414005@20.24.14 (000700-319035315):10)
E/MS_RegisterService( 2173): 	at java.util.concurrent.ThreadPoolExecutor.runWorker(ThreadPoolExecutor.java:1112)
E/MS_RegisterService( 2173): 	at java.util.concurrent.ThreadPoolExecutor$Worker.run(ThreadPoolExecutor.java:587)
E/MS_RegisterService( 2173): 	at java.lang.Thread.run(Thread.java:841)
D/dalvikvm( 1571): GC_EXPLICIT freed 1112K, 45% free 8574K/15348K, paused 0ms+1ms, total 9ms
I/MS_RegisterService( 2173): checking registration with Lighter
D/dalvikvm( 2173): GC_FOR_ALLOC freed 1416K, 10% free 20647K/22780K, paused 20ms, total 20ms
I/LT_StubFactory( 2173): tachyonHostName = instantmessaging-pa.googleapis.com and tachyonPortNumber = 443
D/LT_OkHttpChannelBuilder( 2173): Using Spatula header keyless authentication.
W/GLSUser ( 1830): [DeviceKeyStore] Cannot load key: Device key file not found.
W/GLSUser ( 1830): [DeviceKeyStore] Cannot load key: Device key file not found.
D/LT_ClntIntrcptrFctryV12( 2173): Spatula header: CjYKFmNvbS5nb29nbGUuYW5kcm9pZC5nbXMaHFdPSEVFejkwUWV3OUxDY0NjS0ZJQXRwSHVnND0Y1dansJDJivY5
I/LT_PhenotypeApiImplV12( 2173): Retrieve experiment configurations for: 
I/ahju    ( 1788): Scheduling Phenotype for a PhenotypeSyncImmediately(6, com.google.lighter.android#com.google.android.gms) one off with window [1, 2] in seconds [CONTEXT service_id=51 ]
I/LT_PhenotypeApiImplV12( 2173): Phenotype registration succeeded
I/ActivityManager( 1571): Waited long enough for: ServiceRecord{9daa04f8 u0 com.google.android.calendar/com.android.calendar.alerts.InitAlarmsService}
W/Launcher.Model( 2369): Nobody to tell about the new app.  Launcher is probably loading.
I/CheckinCompat( 2173): Done disabling old GoogleServicesFramework version [CONTEXT service_id=130 ]
I/InputReader( 1571): Reconfiguring input devices.  changes=0x00000010
I/PackageManager( 1571):   Action: "android.intent.action.SENDTO"
I/PackageManager( 1571):   Category: "android.intent.category.DEFAULT"
I/PackageManager( 1571):   Scheme: "sms"
I/PackageManager( 1571): Adding preferred activity ComponentInfo{com.android.mms/com.android.mms.ui.ComposeMessageActivity} for user 0 :
I/PackageManager( 1571):   Action: "android.intent.action.SENDTO"
I/PackageManager( 1571):   Category: "android.intent.category.DEFAULT"
I/PackageManager( 1571):   Scheme: "smsto"
D/dalvikvm( 1848): GC_FOR_ALLOC freed 463K, 15% free 3639K/4272K, paused 2ms, total 2ms
I/PackageManager( 1571): Adding preferred activity ComponentInfo{com.android.mms/com.android.mms.ui.ComposeMessageActivity} for user 0 :
I/PackageManager( 1571):   Action: "android.intent.action.SENDTO"
I/PackageManager( 1571):   Category: "android.intent.category.DEFAULT"
I/PackageManager( 1571):   Scheme: "mms"
W/Launcher.Model( 2369): Nobody to tell about the new app.  Launcher is probably loading.
I/PackageManager( 1571): Adding preferred activity ComponentInfo{com.android.mms/com.android.mms.ui.ComposeMessageActivity} for user 0 :
I/InputReader( 1571): Reconfiguring input devices.  changes=0x00000010
W/Launcher( 2369): setApplicationContext called twice! old=com.google.android.velvet.VelvetApplication@9cffe6e0 new=com.google.android.velvet.VelvetApplication@9cffe6e0
I/InputReader( 1571): Reconfiguring input devices.  changes=0x00000010
D/dalvikvm( 2369): GC_FOR_ALLOC freed 294K, 13% free 3521K/4016K, paused 1ms, total 1ms
W/Launcher.Model( 2369): Nobody to tell about the new app.  Launcher is probably loading.
I/Fitness ( 1788): FitCleanupIntentOperation received Intent android.intent.action.PACKAGE_CHANGED [CONTEXT service_id=17 ]
I/PackageManager( 1571):   Action: "android.intent.action.SENDTO"
I/PackageManager( 1571):   Category: "android.intent.category.DEFAULT"
I/PackageManager( 1571):   Scheme: "mmsto"
I/PackageManager( 1571): Adding preferred activity ComponentInfo{com.android.mms/com.android.mms.ui.ComposeMessageActivity} for user 0 :
I/Icing.InternalIcingCorporaProvider( 2324): Updating corpora: A: com.google.android.syncadapters.contacts, C: MAYBE
I/Fitness ( 1788): OnPackageChangedOperation got intent: Intent { act=android.intent.action.PACKAGE_CHANGED dat=package:com.google.android.syncadapters.contacts flg=0x4000010 cmp=com.google.android.gms/.chimera.PersistentIntentOperationService (has extras) } [CONTEXT service_id=17 ]
I/PackageManager( 1571):   Action: "android.intent.action.SENDTO"
I/PackageManager( 1571):   Category: "android.intent.category.DEFAULT"
I/PackageManager( 1571):   Scheme: "sms"
I/PackageManager( 1571): Adding preferred activity ComponentInfo{com.android.mms/com.android.mms.ui.ComposeMessageActivity} for user 0 :
W/Launcher( 2369): setApplicationContext called twice! old=com.google.android.velvet.VelvetApplication@9cffe6e0 new=com.google.android.velvet.VelvetApplication@9cffe6e0
I/PackageManager( 1571):   Action: "android.intent.action.SENDTO"
I/PackageManager( 1571):   Category: "android.intent.category.DEFAULT"
I/PackageManager( 1571):   Scheme: "smsto"
I/Fitness ( 1788): OnPackageChangedOperation got intent: Intent { act=android.intent.action.PACKAGE_CHANGED dat=package:com.google.android.gsf flg=0x4000010 cmp=com.google.android.gms/.chimera.PersistentIntentOperationService (has extras) } [CONTEXT service_id=17 ]
I/PackageManager( 1571): Adding preferred activity ComponentInfo{com.android.mms/com.android.mms.ui.ComposeMessageActivity} for user 0 :
D/dalvikvm( 1571): GC_FOR_ALLOC freed 1338K, 44% free 8636K/15348K, paused 12ms, total 12ms
W/ContextImpl( 2324): Implicit intents with startService are not safe: Intent { act=com.google.android.gms.icing.INDEX_SERVICE } android.content.ContextWrapper.bindService:517 com.google.android.gms.internal.av.a:-1 com.google.android.gms.internal.au.connect:-1 
I/Fitness ( 1788): FitCleanupIntentOperation received Intent android.intent.action.PACKAGE_CHANGED [CONTEXT service_id=17 ]
I/Icing   ( 2173): IndexChimeraService.getServiceInterface callingPackage=com.google.android.googlequicksearchbox componentName=null serviceId=21
W/Launcher( 2369): setApplicationContext called twice! old=com.google.android.velvet.VelvetApplication@9cffe6e0 new=com.google.android.velvet.VelvetApplication@9cffe6e0
D/dalvikvm( 1848): GC_FOR_ALLOC freed 417K, 15% free 3664K/4272K, paused 1ms, total 1ms
I/PackageManager( 1571):   Action: "android.intent.action.SENDTO"
I/PackageManager( 1571):   Category: "android.intent.category.DEFAULT"
I/PackageManager( 1571):   Scheme: "mms"
I/PackageManager( 1571):   Action: "android.intent.action.SENDTO"
I/PackageManager( 1571):   Category: "android.intent.category.DEFAULT"
I/PackageManager( 1571):   Scheme: "mmsto"
I/PackageManager( 1571): Adding preferred activity ComponentInfo{com.android.mms/com.android.mms.ui.ComposeMessageActivity} for user 0 :
I/PackageManager( 1571): Adding preferred activity ComponentInfo{com.android.mms/com.android.mms.ui.ComposeMessageActivity} for user 0 :
I/Fitness ( 1788): OnPackageChangedOperation got intent: Intent { act=android.intent.action.PACKAGE_CHANGED dat=package:com.google.android.gms flg=0x4000010 cmp=com.google.android.gms/.chimera.PersistentIntentOperationService (has extras) } [CONTEXT service_id=17 ]
I/PackageManager( 1571):   Action: "android.intent.action.SENDTO"
I/PackageManager( 1571):   Category: "android.intent.category.DEFAULT"
I/PackageManager( 1571):   Scheme: "sms"
I/Fitness ( 1788): FitCleanupIntentOperation received Intent android.intent.action.PACKAGE_CHANGED [CONTEXT service_id=17 ]
I/PackageManager( 1571): Adding preferred activity ComponentInfo{com.android.mms/com.android.mms.ui.ComposeMessageActivity} for user 0 :
I/PackageManager( 1571):   Action: "android.intent.action.SENDTO"
I/PackageManager( 1571):   Category: "android.intent.category.DEFAULT"
I/PackageManager( 1571):   Scheme: "smsto"
W/Icing.InternalIcingCorporaProvider( 2324): Application table change notification failed.
I/Icing.InternalIcingCorporaProvider( 2324): Updating corpora: A: com.google.android.gsf, C: MAYBE
I/PackageManager( 1571): Adding preferred activity ComponentInfo{com.android.mms/com.android.mms.ui.ComposeMessageActivity} for user 0 :
D/dalvikvm( 1848): GC_FOR_ALLOC freed 454K, 15% free 3636K/4272K, paused 5ms, total 5ms
I/PackageManager( 1571):   Action: "android.intent.action.SENDTO"
I/PackageManager( 1571):   Category: "android.intent.category.DEFAULT"
I/PackageManager( 1571):   Scheme: "mms"
I/PackageManager( 1571):   Action: "android.intent.action.SENDTO"
I/PackageManager( 1571):   Category: "android.intent.category.DEFAULT"
I/PackageManager( 1571):   Scheme: "mmsto"
I/PackageManager( 1571): Adding preferred activity ComponentInfo{com.android.mms/com.android.mms.ui.ComposeMessageActivity} for user 0 :
I/PackageManager( 1571): Adding preferred activity ComponentInfo{com.android.mms/com.android.mms.ui.ComposeMessageActivity} for user 0 :
I/PackageManager( 1571):   Action: "android.intent.action.SENDTO"
I/PackageManager( 1571):   Category: "android.intent.category.DEFAULT"
I/PackageManager( 1571):   Scheme: "sms"
I/Icing   ( 2173): IndexChimeraService.getServiceInterface callingPackage=com.google.android.googlequicksearchbox componentName=null serviceId=21
I/PackageManager( 1571): Adding preferred activity ComponentInfo{com.android.mms/com.android.mms.ui.ComposeMessageActivity} for user 0 :
W/Icing.InternalIcingCorporaProvider( 2324): Application table change notification failed.
I/PackageManager( 1571):   Action: "android.intent.action.SENDTO"
I/PackageManager( 1571):   Category: "android.intent.category.DEFAULT"
I/PackageManager( 1571):   Scheme: "smsto"
I/PackageManager( 1571): Adding preferred activity ComponentInfo{com.android.mms/com.android.mms.ui.ComposeMessageActivity} for user 0 :
I/Icing.InternalIcingCorporaProvider( 2324): Updating corpora: A: com.google.android.gms, C: MAYBE
I/Icing   ( 2173): updateResources: need to parse wwx{com.google.android.gms}
D/dalvikvm( 1848): GC_FOR_ALLOC freed 406K, 15% free 3663K/4272K, paused 2ms, total 2ms
D/dalvikvm( 1571): GC_FOR_ALLOC freed 1524K, 45% free 8527K/15348K, paused 8ms, total 8ms
I/PackageManager( 1571):   Action: "android.intent.action.SENDTO"
I/PackageManager( 1571):   Category: "android.intent.category.DEFAULT"
I/PackageManager( 1571):   Scheme: "mms"
I/PackageManager( 1571): Adding preferred activity ComponentInfo{com.android.mms/com.android.mms.ui.ComposeMessageActivity} for user 0 :
I/PackageManager( 1571):   Action: "android.intent.action.SENDTO"
I/PackageManager( 1571):   Category: "android.intent.category.DEFAULT"
I/PackageManager( 1571):   Scheme: "mmsto"
I/Icing   ( 2173): IndexChimeraService.getServiceInterface callingPackage=com.google.android.googlequicksearchbox componentName=null serviceId=21
I/PackageManager( 1571): Adding preferred activity ComponentInfo{com.android.mms/com.android.mms.ui.ComposeMessageActivity} for user 0 :
I/PackageManager( 1571):   Action: "android.intent.action.SENDTO"
I/PackageManager( 1571):   Category: "android.intent.category.DEFAULT"
I/PackageManager( 1571):   Scheme: "sms"
I/PackageManager( 1571): Adding preferred activity ComponentInfo{com.android.mms/com.android.mms.ui.ComposeMessageActivity} for user 0 :
I/PackageManager( 1571):   Action: "android.intent.action.SENDTO"
I/PackageManager( 1571):   Category: "android.intent.category.DEFAULT"
I/PackageManager( 1571):   Scheme: "smsto"
D/dalvikvm( 1848): GC_FOR_ALLOC freed 447K, 16% free 3629K/4272K, paused 3ms, total 3ms
I/PackageManager( 1571): Adding preferred activity ComponentInfo{com.android.mms/com.android.mms.ui.ComposeMessageActivity} for user 0 :
I/PackageManager( 1571):   Action: "android.intent.action.SENDTO"
I/PackageManager( 1571):   Category: "android.intent.category.DEFAULT"
I/PackageManager( 1571):   Scheme: "mms"
D/dalvikvm( 1964): GC_FOR_ALLOC freed 2161K, 9% free 25033K/27272K, paused 3ms, total 12ms
I/PackageManager( 1571):   Action: "android.intent.action.SENDTO"
I/PackageManager( 1571):   Category: "android.intent.category.DEFAULT"
I/PackageManager( 1571):   Scheme: "mmsto"
I/PackageManager( 1571): Adding preferred activity ComponentInfo{com.android.mms/com.android.mms.ui.ComposeMessageActivity} for user 0 :
I/PackageManager( 1571): Adding preferred activity ComponentInfo{com.android.mms/com.android.mms.ui.ComposeMessageActivity} for user 0 :
D/dalvikvm( 1788): GC_FOR_ALLOC freed 2068K, 24% free 10038K/13148K, paused 22ms, total 22ms
I/PackageManager( 1571):   Action: "android.intent.action.SENDTO"
I/PackageManager( 1571):   Category: "android.intent.category.DEFAULT"
I/PackageManager( 1571):   Scheme: "sms"
I/PackageManager( 1571): Adding preferred activity ComponentInfo{com.android.mms/com.android.mms.ui.ComposeMessageActivity} for user 0 :
I/PackageManager( 1571):   Action: "android.intent.action.SENDTO"
I/PackageManager( 1571):   Category: "android.intent.category.DEFAULT"
I/PackageManager( 1571):   Scheme: "smsto"
I/PackageManager( 1571): Adding preferred activity ComponentInfo{com.android.mms/com.android.mms.ui.ComposeMessageActivity} for user 0 :
D/dalvikvm( 1848): GC_FOR_ALLOC freed 412K, 15% free 3663K/4272K, paused 2ms, total 2ms
I/PackageManager( 1571):   Action: "android.intent.action.SENDTO"
I/PackageManager( 1571):   Category: "android.intent.category.DEFAULT"
I/PackageManager( 1571):   Scheme: "mms"
I/PackageManager( 1571): Adding preferred activity ComponentInfo{com.android.mms/com.android.mms.ui.ComposeMessageActivity} for user 0 :
D/dalvikvm( 1571): GC_FOR_ALLOC freed 1384K, 45% free 8531K/15348K, paused 9ms, total 9ms
I/PackageManager( 1571):   Action: "android.intent.action.SENDTO"
I/PackageManager( 1571):   Category: "android.intent.category.DEFAULT"
I/PackageManager( 1571):   Scheme: "mmsto"
D/dalvikvm( 2173): GC_FOR_ALLOC freed 1437K, 9% free 20850K/22836K, paused 49ms, total 49ms
I/PackageManager( 1571): Adding preferred activity ComponentInfo{com.android.mms/com.android.mms.ui.ComposeMessageActivity} for user 0 :
W/Icing   ( 2173): No valid account for uploading user actions
I/Icing   ( 2173): Usage reports ok 0, Failed Usage reports 0, indexed 0, rejected 0
W/Icing   ( 2173): No valid account for uploading user actions
I/Icing   ( 2173): Usage reports ok 0, Failed Usage reports 0, indexed 0, rejected 0
W/Icing   ( 2173): No valid account for uploading user actions
I/Icing   ( 2173): Usage reports ok 0, Failed Usage reports 0, indexed 0, rejected 0
I/Icing   ( 2173): Indexing com.google.android.gms-apps from com.google.android.gms
I/Icing   ( 2173): Indexing done com.google.android.gms-apps
I/Icing   ( 2173): Indexing com.google.android.gms-apps from com.google.android.gms
I/Icing   ( 2173): Indexing com.google.android.googlequicksearchbox-applications from com.google.android.googlequicksearchbox
I/Icing   ( 2173): Indexing done com.google.android.gms-apps
I/Icing   ( 2173): Indexing done com.google.android.googlequicksearchbox-applications
I/Icing   ( 2173): Indexing com.google.android.gms-internal.3p:MobileApplication from com.google.android.gms
I/Icing   ( 2173): Indexing com.google.android.gms-apps from com.google.android.gms
I/Icing   ( 2173): Indexing done com.google.android.gms-apps
I/Icing   ( 2173): Indexing done com.google.android.gms-internal.3p:MobileApplication
W/Nearby  ( 1788): Failed attempt #3 out of 3 for RestoreDeviceName [CONTEXT service_id=49 ]
W/Nearby  ( 1788): java.lang.IllegalStateException: BluetoothAdapter not ready yet!
W/Nearby  ( 1788): 	at adap.d(:com.google.android.gms@202414005@20.24.14 (000700-319035315):2)
W/Nearby  ( 1788): 	at adao.run(Unknown Source)
W/Nearby  ( 1788): 	at bksp.call(Unknown Source)
W/Nearby  ( 1788): 	at bksu.a(:com.google.android.gms@202414005@20.24.14 (000700-319035315):2)
W/Nearby  ( 1788): 	at bksu.a(:com.google.android.gms@202414005@20.24.14 (000700-319035315):9)
W/Nearby  ( 1788): 	at adan.run(Unknown Source)
W/Nearby  ( 1788): 	at java.lang.Thread.run(Thread.java:841)
W/Nearby  ( 1788): 	at nln.run(Unknown Source)
W/Nearby  ( 1788): 	at java.util.concurrent.ThreadPoolExecutor.runWorker(ThreadPoolExecutor.java:1112)
W/Nearby  ( 1788): 	at java.util.concurrent.ThreadPoolExecutor$Worker.run(ThreadPoolExecutor.java:587)
W/Nearby  ( 1788): 	at nrd.run(:com.google.android.gms@202414005@20.24.14 (000700-319035315):0)
W/Nearby  ( 1788): 	at java.lang.Thread.run(Thread.java:841)
I/ChmraDebugLogger( 2173): [78] null
E/ConfigFileUtils( 2173): Failed to read config file: /data/data/com.google.android.gms/app_chimera/next_container.pb: open failed: ENOENT (No such file or directory)
I/DynamiteModule( 2173): Considering local module com.google.android.gms.cronet_dynamite:0 and remote module com.google.android.gms.cronet_dynamite:1311
I/DynamiteModule( 2173): Selected remote version of com.google.android.gms.cronet_dynamite, version >= 1311
I/dalvikvm( 2173): Could not find method android.content.ContextWrapper.createCredentialProtectedStorageContext, referenced from method lkh.createCredentialProtectedStorageContext
W/dalvikvm( 2173): VFY: unable to resolve virtual method 2508: Landroid/content/ContextWrapper;.createCredentialProtectedStorageContext ()Landroid/content/Context;
D/dalvikvm( 2173): VFY: replacing opcode 0x6f at 0x0002
I/dalvikvm( 2173): Could not find method android.content.ContextWrapper.createDeviceProtectedStorageContext, referenced from method lkh.createDeviceProtectedStorageContext
W/dalvikvm( 2173): VFY: unable to resolve virtual method 2509: Landroid/content/ContextWrapper;.createDeviceProtectedStorageContext ()Landroid/content/Context;
D/dalvikvm( 2173): VFY: replacing opcode 0x6f at 0x0002
D/dalvikvm( 2173): Trying to load lib /data/data/com.google.android.gms/app_chimera/m/00000001/n/x86/libcronet.83.0.4103.60.so 0x9d02b528
I/dalvikvm( 2173): Could not find method android.net.ConnectivityManager.getProcessDefaultNetwork, referenced from method org.chromium.net.NetworkChangeNotifier.isProcessBoundToNetwork
W/dalvikvm( 2173): VFY: unable to resolve static method 225: Landroid/net/ConnectivityManager;.getProcessDefaultNetwork ()Landroid/net/Network;
D/dalvikvm( 2173): VFY: replacing opcode 0x71 at 0x0009
D/dalvikvm( 2173): Added shared lib /data/data/com.google.android.gms/app_chimera/m/00000001/n/x86/libcronet.83.0.4103.60.so 0x9d02b528
W/dalvikvm( 2173): Unable to resolve superclass of Lcr; (44)
W/dalvikvm( 2173): Link of class 'Lcr;' failed
W/dalvikvm( 2173): Unable to resolve superclass of Lcr; (44)
I/cr_CronetLibraryLoader( 2173): Cronet version: 83.0.4103.60, arch: i686
W/dalvikvm( 2173): Link of class 'Lcr;' failed
I/dalvikvm( 2173): Could not find method android.net.ConnectivityManager.unregisterNetworkCallback, referenced from method org.chromium.net.NetworkChangeNotifier.a
W/dalvikvm( 2173): VFY: unable to resolve virtual method 227: Landroid/net/ConnectivityManager;.unregisterNetworkCallback (Landroid/net/ConnectivityManager$NetworkCallback;)V
D/dalvikvm( 2173): VFY: replacing opcode 0x6e at 0x003e
W/dalvikvm( 2173): VFY: unable to find class referenced in signature (Landroid/net/Network;)
W/dalvikvm( 2173): VFY: unable to find class referenced in signature (Landroid/net/Network;)
W/dalvikvm( 2173): VFY: unable to find class referenced in signature ([Landroid/net/Network;)
W/dalvikvm( 2173): VFY: unable to find class referenced in signature (Landroid/net/Network;)
W/dalvikvm( 2173): VFY: unable to find class referenced in signature (Landroid/net/Network;)
W/dalvikvm( 2173): VFY: unable to find class referenced in signature (Landroid/net/Network;)
W/dalvikvm( 2173): VFY: unable to find class referenced in signature (Landroid/net/Network;)
W/dalvikvm( 2173): VFY: unable to find class referenced in signature ([Landroid/net/Network;)
W/dalvikvm( 2173): VFY: unable to find class referenced in signature (Landroid/net/Network;)
W/dalvikvm( 2173): VFY: unable to find class referenced in signature (Landroid/net/Network;)
W/dalvikvm( 2173): VFY: unable to find class referenced in signature (Landroid/net/Network;)
W/dalvikvm( 2173): VFY: unable to find class referenced in signature (Landroid/net/Network;)
W/dalvikvm( 2173): Unable to resolve superclass of Lcl; (44)
W/dalvikvm( 2173): Link of class 'Lcl;' failed
W/dalvikvm( 2173): Unable to resolve superclass of Lcl; (44)
W/dalvikvm( 2173): Link of class 'Lcl;' failed
W/dalvikvm( 2173): Unable to resolve superclass of Lcr; (44)
W/dalvikvm( 2173): Link of class 'Lcr;' failed
W/dalvikvm( 2173): Unable to resolve superclass of Lcr; (44)
W/dalvikvm( 2173): Link of class 'Lcr;' failed
D/dalvikvm( 2173): GC_FOR_ALLOC freed 1711K, 10% free 20886K/23036K, paused 17ms, total 17ms
W/dalvikvm( 2173): Unable to resolve superclass of Lcr; (44)
W/dalvikvm( 2173): Link of class 'Lcr;' failed
W/dalvikvm( 2173): Unable to resolve superclass of Lcr; (44)
W/dalvikvm( 2173): Link of class 'Lcr;' failed
W/dalvikvm( 2173): VFY: unable to resolve instance field 189
D/dalvikvm( 2173): VFY: replacing opcode 0x54 at 0x002c
W/dalvikvm( 2173): Unable to resolve superclass of Lcr; (44)
W/dalvikvm( 2173): Link of class 'Lcr;' failed
W/dalvikvm( 2173): Unable to resolve superclass of Lcr; (44)
W/dalvikvm( 2173): Link of class 'Lcr;' failed
W/dalvikvm( 2173): Unable to resolve superclass of Lcr; (44)
W/dalvikvm( 2173): Link of class 'Lcr;' failed
W/dalvikvm( 2173): Unable to resolve superclass of Lcr; (44)
W/dalvikvm( 2173): Link of class 'Lcr;' failed
E/dalvikvm( 2173): Could not find class 'cr', referenced from method cv.<init>
W/dalvikvm( 2173): VFY: unable to resolve new-instance 183 (Lcr;) in Lcv;
D/dalvikvm( 2173): VFY: replacing opcode 0x22 at 0x002d
W/dalvikvm( 2173): Unable to resolve superclass of Lcr; (44)
W/dalvikvm( 2173): Link of class 'Lcr;' failed
W/dalvikvm( 2173): Unable to resolve superclass of Lcr; (44)
W/dalvikvm( 2173): Link of class 'Lcr;' failed
W/dalvikvm( 2173): Unable to resolve superclass of Lcl; (44)
W/dalvikvm( 2173): Link of class 'Lcl;' failed
W/dalvikvm( 2173): Unable to resolve superclass of Lcl; (44)
W/dalvikvm( 2173): Link of class 'Lcl;' failed
W/dalvikvm( 2173): VFY: unable to find class referenced in signature (Landroid/net/Network;)
I/dalvikvm( 2173): Could not find method android.net.Network.toString, referenced from method cv.a
W/dalvikvm( 2173): VFY: unable to resolve virtual method 231: Landroid/net/Network;.toString ()Ljava/lang/String;
D/dalvikvm( 2173): VFY: replacing opcode 0x6e at 0x0002
W/dalvikvm( 2173): VFY: unable to find class referenced in signature (Landroid/net/Network;)
I/dalvikvm( 2173): Could not find method android.net.ConnectivityManager.getAllNetworks, referenced from method cv.a
I/ChmraDebugLogger( 2173): [73] 1801
W/dalvikvm( 2173): VFY: unable to resolve virtual method 221: Landroid/net/ConnectivityManager;.getAllNetworks ()[Landroid/net/Network;
D/dalvikvm( 2173): VFY: replacing opcode 0x6e at 0x0002
I/ChmraDebugLogger( 2173): [30] [VisionOcr.optional:202414000700] permitMetered=true,
W/dalvikvm( 2173): Unable to resolve superclass of Lcr; (44)
W/dalvikvm( 2173): Link of class 'Lcr;' failed
W/dalvikvm( 2173): Unable to resolve superclass of Lcr; (44)
W/dalvikvm( 2173): Link of class 'Lcr;' failed
D/dalvikvm( 2173): DexOpt: unable to opt direct call 0x0243 at 0x2f in Lcv;.<init>
D/dalvikvm( 2173): DexOpt: unable to opt direct call 0x00f0 at 0x36 in Lcv;.<init>
W/dalvikvm( 2173): VFY: unable to find class referenced in signature (Landroid/net/Network;)
I/dalvikvm( 2173): Could not find method android.net.Network.bindSocket, referenced from method ck.d
W/dalvikvm( 2173): VFY: unable to resolve virtual method 229: Landroid/net/Network;.bindSocket (Ljava/net/Socket;)V
D/dalvikvm( 2173): VFY: replacing opcode 0x6e at 0x0014
I/ChimeraConfigService( 2173): Scheduling checkin for one-off execution between [3300,43200] seconds from now (1629034510139)
W/dalvikvm( 2173): VFY: unable to find class referenced in signature (Landroid/net/Network;)
I/dalvikvm( 2173): Could not find method android.net.ConnectivityManager.getNetworkInfo, referenced from method ck.a
W/dalvikvm( 2173): VFY: unable to resolve virtual method 224: Landroid/net/ConnectivityManager;.getNetworkInfo (Landroid/net/Network;)Landroid/net/NetworkInfo;
D/dalvikvm( 2173): VFY: replacing opcode 0x6e at 0x0002
I/dalvikvm( 2173): Could not find method android.net.ConnectivityManager.getNetworkInfo, referenced from method ck.a
W/dalvikvm( 2173): VFY: unable to resolve virtual method 224: Landroid/net/ConnectivityManager;.getNetworkInfo (Landroid/net/Network;)Landroid/net/NetworkInfo;
D/dalvikvm( 2173): VFY: replacing opcode 0x6e at 0x000a
W/dalvikvm( 2173): VFY: unable to find class referenced in signature (Landroid/net/Network;)
W/dalvikvm( 2173): VFY: unable to find class referenced in signature (Landroid/net/Network;)
W/dalvikvm( 2173): VFY: unable to find class referenced in signature (Landroid/net/Network;)
I/dalvikvm( 2173): Could not find method android.net.ConnectivityManager.getNetworkCapabilities, referenced from method ck.c
W/dalvikvm( 2173): VFY: unable to resolve virtual method 223: Landroid/net/ConnectivityManager;.getNetworkCapabilities (Landroid/net/Network;)Landroid/net/NetworkCapabilities;
D/dalvikvm( 2173): VFY: replacing opcode 0x6e at 0x0002
I/ChimeraConfigurator( 2173): Update complete: success
D/dalvikvm( 2173): DexOpt: couldn't find static field Landroid/os/Build;.SUPPORTED_ABIS
W/dalvikvm( 2173): VFY: unable to resolve static field 37 (SUPPORTED_ABIS) in Landroid/os/Build;
D/dalvikvm( 2173): VFY: replacing opcode 0x62 at 0x006d
I/GmsModuleFndr( 2173): Beginning GMS chimera module scan
I/ModuleSetMgr( 2173): Computing pending module set with APKs: [[AdsFdrDynamite.integ:21460000000], [Cronetdynamite:202414000700], [Dynamiteloader:202414000700], [Dynamitemodulesa:202414000000], [Dynamitemodulesc:202414000000], [Googlecertificates:202414000000], [Mapsdynamite:202414000000], [Measurementdynamite:202414000000]]
I/ModuleSetMgr( 2173): Pending container module APKs: []
I/ModuleSetMgr( 2173): Pending non-container module APKs: []
D/dalvikvm( 2173): GC_FOR_ALLOC freed 1023K, 9% free 20994K/23036K, paused 16ms, total 17ms
I/dalvikvm-heap( 2173): Grow heap (frag case) to 20.853MB for 228601-byte allocation
D/dalvikvm( 2173): GC_FOR_ALLOC freed <1K, 9% free 21216K/23260K, paused 17ms, total 17ms
D/dalvikvm( 2173): GC_FOR_ALLOC freed 1412K, 7% free 21825K/23404K, paused 18ms, total 18ms
D/dalvikvm( 2173): GC_FOR_ALLOC freed 1915K, 9% free 21941K/24012K, paused 19ms, total 19ms
I/ChimeraCfgMgr( 2173): Updating module config: container:2024149000700 -> container:2024149000700
E/DowngradeHelper( 2173): isModuleDowngradeRequired false
E/ConfigFileUtils( 2173): Failed to read config file: /data/data/com.google.android.gms/app_chimera/current_modules_init.pb: open failed: ENOENT (No such file or directory)
