D/dalvikvm( 3583): VFY: replacing opcode 0x6e at 0x0038
I/dalvikvm( 3583): Could not find method android.widget.ImageView.getImageTintMode, referenced from method b.b.p.m.a
W/dalvikvm( 3583): VFY: unable to resolve virtual method 2677: Landroid/widget/ImageView;.getImageTintMode ()Landroid/graphics/PorterDuff$Mode;
D/dalvikvm( 3583): VFY: replacing opcode 0x6e at 0x0055
I/dalvikvm( 3583): Could not find method android.widget.ImageView.setImageTintList, referenced from method b.b.p.m.a
W/dalvikvm( 3583): VFY: unable to resolve virtual method 2705: Landroid/widget/ImageView;.setImageTintList (Landroid/content/res/ColorStateList;)V
D/dalvikvm( 3583): VFY: replacing opcode 0x6e at 0x004a
I/dalvikvm( 3583): Could not find method android.widget.ImageView.setImageTintMode, referenced from method b.b.p.m.a
W/dalvikvm( 3583): VFY: unable to resolve virtual method 2706: Landroid/widget/ImageView;.setImageTintMode (Landroid/graphics/PorterDuff$Mode;)V
D/dalvikvm( 3583): VFY: replacing opcode 0x6e at 0x0093
E/dalvikvm( 3583): Could not find class 'android.graphics.drawable.RippleDrawable', referenced from method b.b.p.m.b
W/dalvikvm( 3583): VFY: unable to resolve instanceof 144 (Landroid/graphics/drawable/RippleDrawable;) in Lb/b/p/m;
D/dalvikvm( 3583): VFY: replacing opcode 0x20 at 0x000c
I/dalvikvm( 3583): Could not find method android.widget.TextView.getAutoSizeMaxTextSize, referenced from method b.b.p.z.getAutoSizeMaxTextSize
W/dalvikvm( 3583): VFY: unable to resolve virtual method 3024: Landroid/widget/TextView;.getAutoSizeMaxTextSize ()I
D/dalvikvm( 3583): VFY: replacing opcode 0x6f at 0x0004
I/dalvikvm( 3583): Could not find method android.widget.TextView.getAutoSizeMinTextSize, referenced from method b.b.p.z.getAutoSizeMinTextSize
W/dalvikvm( 3583): VFY: unable to resolve virtual method 3025: Landroid/widget/TextView;.getAutoSizeMinTextSize ()I
D/dalvikvm( 3583): VFY: replacing opcode 0x6f at 0x0004
I/dalvikvm( 3583): Could not find method android.widget.TextView.getAutoSizeStepGranularity, referenced from method b.b.p.z.getAutoSizeStepGranularity
W/dalvikvm( 3583): VFY: unable to resolve virtual method 3026: Landroid/widget/TextView;.getAutoSizeStepGranularity ()I
D/dalvikvm( 3583): VFY: replacing opcode 0x6f at 0x0004
I/dalvikvm( 3583): Could not find method android.widget.TextView.getAutoSizeTextAvailableSizes, referenced from method b.b.p.z.getAutoSizeTextAvailableSizes
W/dalvikvm( 3583): VFY: unable to resolve virtual method 3027: Landroid/widget/TextView;.getAutoSizeTextAvailableSizes ()[I
D/dalvikvm( 3583): VFY: replacing opcode 0x6f at 0x0004
I/dalvikvm( 3583): Could not find method android.widget.TextView.getAutoSizeTextType, referenced from method b.b.p.z.getAutoSizeTextType
W/dalvikvm( 3583): VFY: unable to resolve virtual method 3028: Landroid/widget/TextView;.getAutoSizeTextType ()I
D/dalvikvm( 3583): VFY: replacing opcode 0x6f at 0x0005
I/dalvikvm( 3583): Could not find method android.widget.TextView.getTextClassifier, referenced from method b.b.p.z.getTextClassifier
W/dalvikvm( 3583): VFY: unable to resolve virtual method 3057: Landroid/widget/TextView;.getTextClassifier ()Landroid/view/textclassifier/TextClassifier;
D/dalvikvm( 3583): VFY: replacing opcode 0x6f at 0x0010
W/dalvikvm( 3583): VFY: unable to find class referenced in signature (Landroid/view/textclassifier/TextClassifier;)
W/dalvikvm( 3583): VFY: unable to find class referenced in signature (Landroid/view/textclassifier/TextClassifier;)
I/dalvikvm( 3583): Could not find method android.widget.TextView.setAutoSizeTextTypeUniformWithConfiguration, referenced from method b.b.p.z.setAutoSizeTextTypeUniformWithConfiguration
W/dalvikvm( 3583): VFY: unable to resolve virtual method 3086: Landroid/widget/TextView;.setAutoSizeTextTypeUniformWithConfiguration (IIII)V
D/dalvikvm( 3583): VFY: replacing opcode 0x6f at 0x0004
I/dalvikvm( 3583): Could not find method android.widget.TextView.setAutoSizeTextTypeUniformWithPresetSizes, referenced from method b.b.p.z.setAutoSizeTextTypeUniformWithPresetSizes
W/dalvikvm( 3583): VFY: unable to resolve virtual method 3087: Landroid/widget/TextView;.setAutoSizeTextTypeUniformWithPresetSizes ([II)V
D/dalvikvm( 3583): VFY: replacing opcode 0x6f at 0x0004
I/dalvikvm( 3583): Could not find method android.widget.TextView.setAutoSizeTextTypeWithDefaults, referenced from method b.b.p.z.setAutoSizeTextTypeWithDefaults
W/dalvikvm( 3583): VFY: unable to resolve virtual method 3088: Landroid/widget/TextView;.setAutoSizeTextTypeWithDefaults (I)V
D/dalvikvm( 3583): VFY: replacing opcode 0x6f at 0x0004
I/dalvikvm( 3583): Could not find method android.widget.TextView.setFirstBaselineToTopHeight, referenced from method b.b.p.z.setFirstBaselineToTopHeight
W/dalvikvm( 3583): VFY: unable to resolve virtual method 3102: Landroid/widget/TextView;.setFirstBaselineToTopHeight (I)V
D/dalvikvm( 3583): VFY: replacing opcode 0x6f at 0x0006
I/dalvikvm( 3583): Could not find method android.widget.TextView.setLastBaselineToBottomHeight, referenced from method b.b.p.z.setLastBaselineToBottomHeight
W/dalvikvm( 3583): VFY: unable to resolve virtual method 3107: Landroid/widget/TextView;.setLastBaselineToBottomHeight (I)V
D/dalvikvm( 3583): VFY: replacing opcode 0x6f at 0x0006
W/dalvikvm( 3583): VFY: unable to find class referenced in signature (Landroid/view/textclassifier/TextClassifier;)
I/dalvikvm( 3583): Could not find method android.widget.TextView.setTextClassifier, referenced from method b.b.p.z.setTextClassifier
W/dalvikvm( 3583): VFY: unable to resolve virtual method 3121: Landroid/widget/TextView;.setTextClassifier (Landroid/view/textclassifier/TextClassifier;)V
D/dalvikvm( 3583): VFY: replacing opcode 0x6f at 0x000e
I/dalvikvm( 3583): Could not find method android.widget.TextView.setBreakStrategy, referenced from method b.b.p.z.setTextMetricsParamsCompat
W/dalvikvm( 3583): VFY: unable to resolve virtual method 3091: Landroid/widget/TextView;.setBreakStrategy (I)V
D/dalvikvm( 3583): VFY: replacing opcode 0x6e at 0x006f
I/dalvikvm( 3583): Could not find method android.widget.TextView.setFontVariationSettings, referenced from method b.b.p.y.a
W/dalvikvm( 3583): VFY: unable to resolve virtual method 3103: Landroid/widget/TextView;.setFontVariationSettings (Ljava/lang/String;)Z
D/dalvikvm( 3583): VFY: replacing opcode 0x6e at 0x006c
I/dalvikvm( 3583): Could not find method android.graphics.Typeface.create, referenced from method b.b.p.y.a
W/dalvikvm( 3583): VFY: unable to resolve static method 798: Landroid/graphics/Typeface;.create (Landroid/graphics/Typeface;IZ)Landroid/graphics/Typeface;
D/dalvikvm( 3583): VFY: replacing opcode 0x71 at 0x0095
I/dalvikvm( 3583): Could not find method android.graphics.Typeface.create, referenced from method b.b.p.y.a
W/dalvikvm( 3583): VFY: unable to resolve static method 798: Landroid/graphics/Typeface;.create (Landroid/graphics/Typeface;IZ)Landroid/graphics/Typeface;
D/dalvikvm( 3583): VFY: replacing opcode 0x71 at 0x00c4
I/dalvikvm( 3583): Could not find method android.widget.TextView.setFontVariationSettings, referenced from method b.b.p.y.a
W/dalvikvm( 3583): VFY: unable to resolve virtual method 3103: Landroid/widget/TextView;.setFontVariationSettings (Ljava/lang/String;)Z
D/dalvikvm( 3583): VFY: replacing opcode 0x6e at 0x020b
I/dalvikvm( 3583): Could not find method android.os.LocaleList.forLanguageTags, referenced from method b.b.p.y.a
W/dalvikvm( 3583): VFY: unable to resolve static method 1061: Landroid/os/LocaleList;.forLanguageTags (Ljava/lang/String;)Landroid/os/LocaleList;
D/dalvikvm( 3583): VFY: replacing opcode 0x71 at 0x0218
I/dalvikvm( 3583): Could not find method java.util.Locale.forLanguageTag, referenced from method b.b.p.y.a
W/dalvikvm( 3583): VFY: unable to resolve static method 11599: Ljava/util/Locale;.forLanguageTag (Ljava/lang/String;)Ljava/util/Locale;
D/dalvikvm( 3583): VFY: replacing opcode 0x71 at 0x0231
I/dalvikvm( 3583): Could not find method android.widget.TextView.getAutoSizeStepGranularity, referenced from method b.b.p.y.a
W/dalvikvm( 3583): VFY: unable to resolve virtual method 3026: Landroid/widget/TextView;.getAutoSizeStepGranularity ()I
D/dalvikvm( 3583): VFY: replacing opcode 0x6e at 0x0315
I/dalvikvm( 3583): Could not find method android.widget.TextView.setCompoundDrawableTintList, referenced from method b.b.p.y.a
W/dalvikvm( 3583): VFY: unable to resolve virtual method 3092: Landroid/widget/TextView;.setCompoundDrawableTintList (Landroid/content/res/ColorStateList;)V
D/dalvikvm( 3583): VFY: replacing opcode 0x6e at 0x043d
I/dalvikvm( 3583): Could not find method android.widget.TextView.setCompoundDrawableTintMode, referenced from method b.b.p.y.a
W/dalvikvm( 3583): VFY: unable to resolve virtual method 3093: Landroid/widget/TextView;.setCompoundDrawableTintMode (Landroid/graphics/PorterDuff$Mode;)V
D/dalvikvm( 3583): VFY: replacing opcode 0x6e at 0x046b
I/dalvikvm( 3583): Could not find method android.text.StaticLayout$Builder.obtain, referenced from method b.b.p.a0.a
W/dalvikvm( 3583): VFY: unable to resolve static method 1241: Landroid/text/StaticLayout$Builder;.obtain (Ljava/lang/CharSequence;IILandroid/text/TextPaint;I)Landroid/text/StaticLayout$Builder;
D/dalvikvm( 3583): VFY: replacing opcode 0x71 at 0x0075
I/dalvikvm( 3583): Could not find method android.widget.TextView.isHorizontallyScrollable, referenced from method b.b.p.a0.a
W/dalvikvm( 3583): VFY: unable to resolve virtual method 3071: Landroid/widget/TextView;.isHorizontallyScrollable ()Z
D/dalvikvm( 3583): VFY: replacing opcode 0x6e at 0x0030
E/dalvikvm( 3583): Could not find class 'android.view.textclassifier.TextClassificationManager', referenced from method b.b.p.x.a
W/dalvikvm( 3583): VFY: unable to resolve const-class 363 (Landroid/view/textclassifier/TextClassificationManager;) in Lb/b/p/x;
D/dalvikvm( 3583): VFY: replacing opcode 0x1c at 0x000a
W/dalvikvm( 3583): VFY: unable to find class referenced in signature (Landroid/view/textclassifier/TextClassifier;)
I/System.out( 3583): invoked get_data_from_memory method
I/System.out( 3583): sp_active = false
I/System.out( 3583): invoked get_data_from_memory 2nd method
I/System.out( 3583): is_game_won = false
I/System.out( 3583): MainActivity: is_sp_active = false
E/cutils-trace( 1147): Error opening trace file: Permission denied (13)
D/dalvikvm( 3583): GC_FOR_ALLOC freed 208K, 8% free 3465K/3748K, paused 2ms, total 3ms
I/dalvikvm-heap( 3583): Grow heap (frag case) to 32.166MB for 30105612-byte allocation
D/dalvikvm( 3583): GC_FOR_ALLOC freed 1K, 1% free 32864K/33152K, paused 4ms, total 4ms
D/dalvikvm( 3583): GC_CONCURRENT freed 2K, 1% free 32862K/33152K, paused 1ms+0ms, total 3ms
I/dalvikvm( 3583): Could not find method android.view.ViewGroup.isTransitionGroup, referenced from method b.k.d.l0.a
W/dalvikvm( 3583): VFY: unable to resolve virtual method 1882: Landroid/view/ViewGroup;.isTransitionGroup ()Z
D/dalvikvm( 3583): VFY: replacing opcode 0x6e at 0x0013
E/MediaPlayer( 3583): Should have subtitle controller already set
D/        ( 3583): HostConnection::get() New Host Connection established 0xb8b91450, tid 3583
D/EGL_emulation( 3583): eglCreateContext: 0xb8b8fdf0: maj 3 min 0 rcv 3
D/gralloc_ranchu( 1144): gralloc_alloc: Creating ashmem region of size 8294400
D/EGL_emulation( 3583): eglMakeCurrent: 0xb8b8fdf0: ver 3 0
E/eglCodecCommon( 3583): glUtilsParamSize: unknow param 0x00008cdf
E/eglCodecCommon( 3583): glUtilsParamSize: unknow param 0x00008824
E/EGL_emulation( 3583): tid 3583: eglSurfaceAttrib(1199): error 0x3009 (EGL_BAD_MATCH)
W/HardwareRenderer( 3583): Backbuffer cannot be preserved
D/OpenGLRenderer( 3583): Enabling debug mode 0
I/dalvikvm( 3583): Could not find method android.view.ViewConfiguration.getScaledHoverSlop, referenced from method b.h.l.s.a
W/dalvikvm( 3583): VFY: unable to resolve virtual method 1773: Landroid/view/ViewConfiguration;.getScaledHoverSlop ()I
D/dalvikvm( 3583): VFY: replacing opcode 0x6e at 0x0006
I/dalvikvm( 3583): Could not find method android.view.ViewConfiguration.getScaledHorizontalScrollFactor, referenced from method b.h.l.s.b
W/dalvikvm( 3583): VFY: unable to resolve virtual method 1772: Landroid/view/ViewConfiguration;.getScaledHorizontalScrollFactor ()F
D/dalvikvm( 3583): VFY: replacing opcode 0x6e at 0x0006
I/dalvikvm( 3583): Could not find method android.view.ViewConfiguration.shouldShowMenuShortcutsWhenKeyboardPresent, referenced from method b.h.l.s.c
W/dalvikvm( 3583): VFY: unable to resolve virtual method 1782: Landroid/view/ViewConfiguration;.shouldShowMenuShortcutsWhenKeyboardPresent ()Z
D/dalvikvm( 3583): VFY: replacing opcode 0x6e at 0x0006
I/dalvikvm( 3583): Could not find method android.view.MenuItem.setContentDescription, referenced from method b.b.o.f$b.a
W/dalvikvm( 3583): VFY: unable to resolve interface method 1496: Landroid/view/MenuItem;.setContentDescription (Ljava/lang/CharSequence;)Landroid/view/MenuItem;
D/dalvikvm( 3583): VFY: replacing opcode 0x72 at 0x0101
I/dalvikvm( 3583): Could not find method android.view.MenuItem.setTooltipText, referenced from method b.b.o.f$b.a
W/dalvikvm( 3583): VFY: unable to resolve interface method 1512: Landroid/view/MenuItem;.setTooltipText (Ljava/lang/CharSequence;)Landroid/view/MenuItem;
D/dalvikvm( 3583): VFY: replacing opcode 0x72 at 0x0113
I/dalvikvm( 3583): Could not find method android.view.MenuItem.setAlphabeticShortcut, referenced from method b.b.o.f$b.a
W/dalvikvm( 3583): VFY: unable to resolve interface method 1493: Landroid/view/MenuItem;.setAlphabeticShortcut (CI)Landroid/view/MenuItem;
D/dalvikvm( 3583): VFY: replacing opcode 0x72 at 0x0127
I/dalvikvm( 3583): Could not find method android.view.MenuItem.setNumericShortcut, referenced from method b.b.o.f$b.a
W/dalvikvm( 3583): VFY: unable to resolve interface method 1504: Landroid/view/MenuItem;.setNumericShortcut (CI)Landroid/view/MenuItem;
D/dalvikvm( 3583): VFY: replacing opcode 0x72 at 0x013b
I/dalvikvm( 3583): Could not find method android.view.MenuItem.setIconTintMode, referenced from method b.b.o.f$b.a
W/dalvikvm( 3583): VFY: unable to resolve interface method 1501: Landroid/view/MenuItem;.setIconTintMode (Landroid/graphics/PorterDuff$Mode;)Landroid/view/MenuItem;
D/dalvikvm( 3583): VFY: replacing opcode 0x72 at 0x014f
I/dalvikvm( 3583): Could not find method android.view.MenuItem.setIconTintList, referenced from method b.b.o.f$b.a
W/dalvikvm( 3583): VFY: unable to resolve interface method 1500: Landroid/view/MenuItem;.setIconTintList (Landroid/content/res/ColorStateList;)Landroid/view/MenuItem;
D/dalvikvm( 3583): VFY: replacing opcode 0x72 at 0x0162
D/        ( 1144): HostConnection::get() New Host Connection established 0xb8dfa400, tid 2784
E/dalvikvm( 3583): Could not find class 'android.support.v4.app.FragmentActivity', referenced from method a.a.a.ag.c
W/dalvikvm( 3583): VFY: unable to resolve check-cast 122 (Landroid/support/v4/app/FragmentActivity;) in La/a/a/ag;
D/dalvikvm( 3583): VFY: replacing opcode 0x1f at 0x0008
I/dalvikvm( 3583): Could not find method android.support.v4.app.FragmentActivity.getSupportFragmentManager, referenced from method a.a.a.ag.c
W/dalvikvm( 3583): VFY: unable to resolve virtual method 750: Landroid/support/v4/app/FragmentActivity;.getSupportFragmentManager ()Landroid/support/v4/app/FragmentManager;
D/dalvikvm( 3583): VFY: replacing opcode 0x6e at 0x000e
I/dalvikvm( 3583): Could not find method android.support.v4.app.FragmentActivity.getSupportFragmentManager, referenced from method a.a.a.ag.c
W/dalvikvm( 3583): VFY: unable to resolve virtual method 750: Landroid/support/v4/app/FragmentActivity;.getSupportFragmentManager ()Landroid/support/v4/app/FragmentManager;
D/dalvikvm( 3583): VFY: replacing opcode 0x6e at 0x001a
W/dalvikvm( 3583): VFY: unable to find class referenced in signature (Landroid/support/v4/app/Fragment;)
W/dalvikvm( 3583): VFY: unable to find class referenced in signature (Landroid/support/v4/app/Fragment;)
I/ActivityManager( 1571): Displayed ml.vivekthazhathattil.chalachithram/.MainActivity: +954ms
D/EGL_emulation( 1964): eglMakeCurrent: 0xb8c10ac0: ver 3 0
D/gralloc_ranchu( 1144): gralloc_alloc: Creating ashmem region of size 8294400
D/        ( 1571): HostConnection::get() New Host Connection established 0xb8dae0f0, tid 1590
D/gralloc_ranchu( 1144): gralloc_alloc: Creating ashmem region of size 8294400
D/gralloc_ranchu( 1144): gralloc_alloc: Creating ashmem region of size 8294400
I/AndroidRipper( 3583): [RipperTestCase] Ready to operate after restarting...
I/Vision  ( 2173): Requesting optional module download of ocr.
I/Vision  ( 2173): Checking for download completion for 127156 -- ocr
I/ChimeraConfigurator( 2173): Starting update, reason: 4 urgentFeatures: vision.ocr:-1
E/ConfigFileUtils( 2173): Failed to read config file: /data/data/com.google.android.gms/app_chimera/next_container.pb: open failed: ENOENT (No such file or directory)
I/ChmraDebugLogger( 2173): [73] 1801
I/ChmraDebugLogger( 2173): [30] [VisionOcr.optional:202414000700] permitMetered=true,
W/ChimeraConfigService( 2173): Retry attempt was throttled.
W/ActivityManager( 1571): Unable to start service Intent { act=com.google.android.gms.drive.ApiService.RESET_AFTER_BOOT flg=0x4 cmp=com.google.android.gms/.drive.api.ApiService (has extras) } U=0: not found
I/Vision  ( 2173): Requesting optional module download of ocr.
I/Vision  ( 2173): Checking for download completion for 137166 -- ocr
E/SoundPool( 1571): error loading /system/media/audio/ui/Effect_Tick.ogg
W/AudioService( 1571): Soundpool could not load file: /system/media/audio/ui/Effect_Tick.ogg
E/SoundPool( 1571): error loading /system/media/audio/ui/Effect_Tick.ogg
W/AudioService( 1571): Soundpool could not load file: /system/media/audio/ui/Effect_Tick.ogg
E/SoundPool( 1571): error loading /system/media/audio/ui/Effect_Tick.ogg
W/AudioService( 1571): Soundpool could not load file: /system/media/audio/ui/Effect_Tick.ogg
E/SoundPool( 1571): error loading /system/media/audio/ui/Effect_Tick.ogg
W/AudioService( 1571): Soundpool could not load file: /system/media/audio/ui/Effect_Tick.ogg
E/SoundPool( 1571): error loading /system/media/audio/ui/Effect_Tick.ogg
W/AudioService( 1571): Soundpool could not load file: /system/media/audio/ui/Effect_Tick.ogg
E/SoundPool( 1571): error loading /system/media/audio/ui/KeypressStandard.ogg
W/AudioService( 1571): Soundpool could not load file: /system/media/audio/ui/KeypressStandard.ogg
E/SoundPool( 1571): error loading /system/media/audio/ui/KeypressSpacebar.ogg
W/AudioService( 1571): Soundpool could not load file: /system/media/audio/ui/KeypressSpacebar.ogg
E/SoundPool( 1571): error loading /system/media/audio/ui/KeypressDelete.ogg
W/AudioService( 1571): Soundpool could not load file: /system/media/audio/ui/KeypressDelete.ogg
E/SoundPool( 1571): error loading /system/media/audio/ui/KeypressReturn.ogg
W/AudioService( 1571): Soundpool could not load file: /system/media/audio/ui/KeypressReturn.ogg
E/SoundPool( 1571): error loading /system/media/audio/ui/KeypressInvalid.ogg
W/AudioService( 1571): Soundpool could not load file: /system/media/audio/ui/KeypressInvalid.ogg
W/AudioService( 1571): onLoadSoundEffects(), Error -1 while loading samples
E/SoundPool( 1571): error loading /system/media/audio/ui/Effect_Tick.ogg
W/AudioService( 1571): Soundpool could not load file: /system/media/audio/ui/Effect_Tick.ogg
E/SoundPool( 1571): error loading /system/media/audio/ui/Effect_Tick.ogg
W/AudioService( 1571): Soundpool could not load file: /system/media/audio/ui/Effect_Tick.ogg
E/SoundPool( 1571): error loading /system/media/audio/ui/Effect_Tick.ogg
W/AudioService( 1571): Soundpool could not load file: /system/media/audio/ui/Effect_Tick.ogg
E/SoundPool( 1571): error loading /system/media/audio/ui/Effect_Tick.ogg
W/AudioService( 1571): Soundpool could not load file: /system/media/audio/ui/Effect_Tick.ogg
E/SoundPool( 1571): error loading /system/media/audio/ui/Effect_Tick.ogg
W/AudioService( 1571): Soundpool could not load file: /system/media/audio/ui/Effect_Tick.ogg
E/SoundPool( 1571): error loading /system/media/audio/ui/KeypressStandard.ogg
W/AudioService( 1571): Soundpool could not load file: /system/media/audio/ui/KeypressStandard.ogg
E/SoundPool( 1571): error loading /system/media/audio/ui/KeypressSpacebar.ogg
W/AudioService( 1571): Soundpool could not load file: /system/media/audio/ui/KeypressSpacebar.ogg
E/SoundPool( 1571): error loading /system/media/audio/ui/KeypressDelete.ogg
W/AudioService( 1571): Soundpool could not load file: /system/media/audio/ui/KeypressDelete.ogg
E/SoundPool( 1571): error loading /system/media/audio/ui/KeypressReturn.ogg
W/AudioService( 1571): Soundpool could not load file: /system/media/audio/ui/KeypressReturn.ogg
E/SoundPool( 1571): error loading /system/media/audio/ui/KeypressInvalid.ogg
W/AudioService( 1571): Soundpool could not load file: /system/media/audio/ui/KeypressInvalid.ogg
W/AudioService( 1571): onLoadSoundEffects(), Error -1 while loading samples
D/dalvikvm( 3583): GC_FOR_ALLOC freed 141K, 1% free 32993K/33212K, paused 3ms, total 3ms
I/dalvikvm-heap( 3583): Grow heap (frag case) to 48.440MB for 16934412-byte allocation
D/dalvikvm( 3583): GC_FOR_ALLOC freed 3K, 1% free 49527K/49752K, paused 2ms, total 2ms
I/System.out( 3583): invoked get_data_from_memory 3rd method
I/System.out( 3583): is_music_on = true
D/AudioSink( 1147): bufferCount (4) is too small and increased to 12
V/        ( 3503): ready
V/RipperService( 3503): PING
V/AndroidRipperService( 3503): mHandler.handleMessage() RECIVED
V/AndroidRipperService( 3503): broadcast()
I/AndroidRipper( 3583): Recived message: PING
V/AndroidRipperService( 3503): send()
V/AndroidRipperService( 3503): broadcast() done
V/        ( 3503): ready
V/RipperService( 3503): PING
V/AndroidRipperService( 3503): mHandler.handleMessage() RECIVED
V/AndroidRipperService( 3503): broadcast()
I/AndroidRipper( 3583): Recived message: PING
V/AndroidRipperService( 3503): send()
V/AndroidRipperService( 3503): broadcast() done
V/        ( 3503): ready
D/dalvikvm( 1571): GC_FOR_ALLOC freed 660K, 40% free 9272K/15348K, paused 10ms, total 10ms
D/dalvikvm( 3503): GC_FOR_ALLOC freed 418K, 14% free 3087K/3580K, paused 4ms, total 4ms
V/RipperService( 3503): DSC
V/AndroidRipperService( 3503): mHandler.handleMessage() RECIVED
V/AndroidRipperService( 3503): broadcast()
I/AndroidRipper( 3583): Recived message: DSC
V/AndroidRipperService( 3503): broadcast() done
V/        ( 3503): ready
I/ContentMaintenance( 2173): Internal cache bytes used: 0; limit: 39526809; download size: 0
I/RealtimeCacheCleanup( 2173): Beginning Realtime garbage collection.
I/RealtimeCacheCleanup( 2173): Finished Realtime garbage collection.
I/Vision  ( 2173): Requesting optional module download of ocr.
I/Vision  ( 2173): Checking for download completion for 147181 -- ocr
E/SoundPool( 1571): error loading /system/media/audio/ui/Effect_Tick.ogg
W/AudioService( 1571): Soundpool could not load file: /system/media/audio/ui/Effect_Tick.ogg
E/SoundPool( 1571): error loading /system/media/audio/ui/Effect_Tick.ogg
W/AudioService( 1571): Soundpool could not load file: /system/media/audio/ui/Effect_Tick.ogg
E/SoundPool( 1571): error loading /system/media/audio/ui/Effect_Tick.ogg
W/AudioService( 1571): Soundpool could not load file: /system/media/audio/ui/Effect_Tick.ogg
E/SoundPool( 1571): error loading /system/media/audio/ui/Effect_Tick.ogg
W/AudioService( 1571): Soundpool could not load file: /system/media/audio/ui/Effect_Tick.ogg
E/SoundPool( 1571): error loading /system/media/audio/ui/Effect_Tick.ogg
W/AudioService( 1571): Soundpool could not load file: /system/media/audio/ui/Effect_Tick.ogg
E/SoundPool( 1571): error loading /system/media/audio/ui/KeypressStandard.ogg
W/AudioService( 1571): Soundpool could not load file: /system/media/audio/ui/KeypressStandard.ogg
E/SoundPool( 1571): error loading /system/media/audio/ui/KeypressSpacebar.ogg
W/AudioService( 1571): Soundpool could not load file: /system/media/audio/ui/KeypressSpacebar.ogg
E/SoundPool( 1571): error loading /system/media/audio/ui/KeypressDelete.ogg
W/AudioService( 1571): Soundpool could not load file: /system/media/audio/ui/KeypressDelete.ogg
E/SoundPool( 1571): error loading /system/media/audio/ui/KeypressReturn.ogg
W/AudioService( 1571): Soundpool could not load file: /system/media/audio/ui/KeypressReturn.ogg
E/SoundPool( 1571): error loading /system/media/audio/ui/KeypressInvalid.ogg
W/AudioService( 1571): Soundpool could not load file: /system/media/audio/ui/KeypressInvalid.ogg
W/AudioService( 1571): onLoadSoundEffects(), Error -1 while loading samples
D/dalvikvm( 3583): GC_FOR_ALLOC freed 28K, 1% free 50217K/50376K, paused 3ms, total 3ms
I/dalvikvm-heap( 3583): Grow heap (frag case) to 65.261MB for 16934412-byte allocation
D/dalvikvm( 3583): GC_FOR_ALLOC freed 7K, 1% free 66747K/66916K, paused 3ms, total 3ms
I/dalvikvm( 3583): Could not find method android.widget.Button.getAutoSizeMaxTextSize, referenced from method b.b.p.f.getAutoSizeMaxTextSize
W/dalvikvm( 3583): VFY: unable to resolve virtual method 2244: Landroid/widget/Button;.getAutoSizeMaxTextSize ()I
D/dalvikvm( 3583): VFY: replacing opcode 0x6f at 0x0004
I/dalvikvm( 3583): Could not find method android.widget.Button.getAutoSizeMinTextSize, referenced from method b.b.p.f.getAutoSizeMinTextSize
W/dalvikvm( 3583): VFY: unable to resolve virtual method 2245: Landroid/widget/Button;.getAutoSizeMinTextSize ()I
D/dalvikvm( 3583): VFY: replacing opcode 0x6f at 0x0004
I/dalvikvm( 3583): Could not find method android.widget.Button.getAutoSizeStepGranularity, referenced from method b.b.p.f.getAutoSizeStepGranularity
W/dalvikvm( 3583): VFY: unable to resolve virtual method 2246: Landroid/widget/Button;.getAutoSizeStepGranularity ()I
D/dalvikvm( 3583): VFY: replacing opcode 0x6f at 0x0004
I/dalvikvm( 3583): Could not find method android.widget.Button.getAutoSizeTextAvailableSizes, referenced from method b.b.p.f.getAutoSizeTextAvailableSizes
W/dalvikvm( 3583): VFY: unable to resolve virtual method 2247: Landroid/widget/Button;.getAutoSizeTextAvailableSizes ()[I
D/dalvikvm( 3583): VFY: replacing opcode 0x6f at 0x0004
I/dalvikvm( 3583): Could not find method android.widget.Button.getAutoSizeTextType, referenced from method b.b.p.f.getAutoSizeTextType
W/dalvikvm( 3583): VFY: unable to resolve virtual method 2248: Landroid/widget/Button;.getAutoSizeTextType ()I
D/dalvikvm( 3583): VFY: replacing opcode 0x6f at 0x0005
I/dalvikvm( 3583): Could not find method android.widget.Button.setAutoSizeTextTypeUniformWithConfiguration, referenced from method b.b.p.f.setAutoSizeTextTypeUniformWithConfiguration
W/dalvikvm( 3583): VFY: unable to resolve virtual method 2279: Landroid/widget/Button;.setAutoSizeTextTypeUniformWithConfiguration (IIII)V
D/dalvikvm( 3583): VFY: replacing opcode 0x6f at 0x0004
I/dalvikvm( 3583): Could not find method android.widget.Button.setAutoSizeTextTypeUniformWithPresetSizes, referenced from method b.b.p.f.setAutoSizeTextTypeUniformWithPresetSizes
W/dalvikvm( 3583): VFY: unable to resolve virtual method 2280: Landroid/widget/Button;.setAutoSizeTextTypeUniformWithPresetSizes ([II)V
D/dalvikvm( 3583): VFY: replacing opcode 0x6f at 0x0004
I/dalvikvm( 3583): Could not find method android.widget.Button.setAutoSizeTextTypeWithDefaults, referenced from method b.b.p.f.setAutoSizeTextTypeWithDefaults
W/dalvikvm( 3583): VFY: unable to resolve virtual method 2281: Landroid/widget/Button;.setAutoSizeTextTypeWithDefaults (I)V
D/dalvikvm( 3583): VFY: replacing opcode 0x6f at 0x0004
D/AndroidRuntime( 3583): Shutting down VM
W/dalvikvm( 3583): threadid=1: thread exiting with uncaught exception (group=0x9cd00b20)
D/AndroidRuntime( 3572): Shutting down VM
D/jdwp    ( 3572): Got wake-up signal, bailing out of select
D/dalvikvm( 3572): Debugger has detached; object registry had 1 entries
E/AndroidRuntime( 3583): FATAL EXCEPTION: main
E/AndroidRuntime( 3583): Process: ml.vivekthazhathattil.chalachithram, PID: 3583
E/AndroidRuntime( 3583): android.view.InflateException: Binary XML file line #101: Error inflating class ImageButton
E/AndroidRuntime( 3583): 	at android.view.LayoutInflater.createViewFromTag(LayoutInflater.java:714)
E/AndroidRuntime( 3583): 	at android.view.LayoutInflater.rInflate(LayoutInflater.java:756)
E/AndroidRuntime( 3583): 	at android.view.LayoutInflater.inflate(LayoutInflater.java:492)
E/AndroidRuntime( 3583): 	at android.view.LayoutInflater.inflate(LayoutInflater.java:397)
E/AndroidRuntime( 3583): 	at ml.vivekthazhathattil.chalachithram.game_mode.a()
E/AndroidRuntime( 3583): 	at androidx.fragment.app.Fragment.b()
E/AndroidRuntime( 3583): 	at b.k.d.r.a(:88)
E/AndroidRuntime( 3583): 	at b.k.d.r.a()
E/AndroidRuntime( 3583): 	at b.k.d.r.a(:38)
E/AndroidRuntime( 3583): 	at b.k.d.r.c()
E/AndroidRuntime( 3583): 	at b.k.d.r.d()
E/AndroidRuntime( 3583): 	at b.k.d.r$d.run()
E/AndroidRuntime( 3583): 	at android.os.Handler.handleCallback(Handler.java:733)
E/AndroidRuntime( 3583): 	at android.os.Handler.dispatchMessage(Handler.java:95)
E/AndroidRuntime( 3583): 	at android.os.Looper.loop(Looper.java:136)
E/AndroidRuntime( 3583): 	at android.app.ActivityThread.main(ActivityThread.java:5017)
E/AndroidRuntime( 3583): 	at java.lang.reflect.Method.invokeNative(Native Method)
E/AndroidRuntime( 3583): 	at java.lang.reflect.Method.invoke(Method.java:515)
E/AndroidRuntime( 3583): 	at com.android.internal.os.ZygoteInit$MethodAndArgsCaller.run(ZygoteInit.java:779)
E/AndroidRuntime( 3583): 	at com.android.internal.os.ZygoteInit.main(ZygoteInit.java:595)
E/AndroidRuntime( 3583): 	at dalvik.system.NativeStart.main(Native Method)
E/AndroidRuntime( 3583): Caused by: android.content.res.Resources$NotFoundException: File res/drawable/abc_vector_test.xml from drawable resource ID #0x7f07005c
E/AndroidRuntime( 3583): 	at android.content.res.Resources.loadDrawable(Resources.java:2101)
E/AndroidRuntime( 3583): 	at android.content.res.TypedArray.getDrawable(TypedArray.java:602)
E/AndroidRuntime( 3583): 	at android.widget.ImageView.<init>(ImageView.java:129)
E/AndroidRuntime( 3583): 	at android.widget.ImageButton.<init>(ImageButton.java:87)
E/AndroidRuntime( 3583): 	at b.b.p.l.<init>()
E/AndroidRuntime( 3583): 	at b.b.p.l.<init>()
E/AndroidRuntime( 3583): 	at androidx.appcompat.app.AppCompatViewInflater.createImageButton()
E/AndroidRuntime( 3583): 	at androidx.appcompat.app.AppCompatViewInflater.createView()
E/AndroidRuntime( 3583): 	at b.b.k.k.onCreateView(:3)
E/AndroidRuntime( 3583): 	at android.view.LayoutInflater$FactoryMerger.onCreateView(LayoutInflater.java:172)
E/AndroidRuntime( 3583): 	at android.view.LayoutInflater.createViewFromTag(LayoutInflater.java:685)
E/AndroidRuntime( 3583): 	... 20 more
E/AndroidRuntime( 3583): Caused by: org.xmlpull.v1.XmlPullParserException: Binary XML file line #17: invalid drawable tag vector
E/AndroidRuntime( 3583): 	at android.graphics.drawable.Drawable.createFromXmlInner(Drawable.java:933)
E/AndroidRuntime( 3583): 	at android.graphics.drawable.Drawable.createFromXml(Drawable.java:877)
E/AndroidRuntime( 3583): 	at android.content.res.Resources.loadDrawable(Resources.java:2097)
E/AndroidRuntime( 3583): 	... 30 more
W/ActivityManager( 1571): Error in app ml.vivekthazhathattil.chalachithram running instrumentation ComponentInfo{it.unina.android.ripper/android.test.InstrumentationTestRunner}:
W/ActivityManager( 1571):   org.xmlpull.v1.XmlPullParserException
W/ActivityManager( 1571):   org.xmlpull.v1.XmlPullParserException: Binary XML file line #17: invalid drawable tag vector
D/EGL_emulation( 1964): eglMakeCurrent: 0xb8c10ac0: ver 3 0
W/InputDispatcher( 1571): channel '9d3baf48 ml.vivekthazhathattil.chalachithram/ml.vivekthazhathattil.chalachithram.MainActivity (server)' ~ Consumer closed input channel or an error occurred.  events=0x9
E/InputDispatcher( 1571): channel '9d3baf48 ml.vivekthazhathattil.chalachithram/ml.vivekthazhathattil.chalachithram.MainActivity (server)' ~ Channel is unrecoverably broken and will be disposed!
I/ActivityManager( 1571): Force stopping ml.vivekthazhathattil.chalachithram appid=10061 user=0: finished inst
I/ActivityManager( 1571): Killing 3583:ml.vivekthazhathattil.chalachithram/u0a61 (adj 0): stop ml.vivekthazhathattil.chalachithram
W/ActivityManager( 1571): Force removing ActivityRecord{9da8b568 u0 ml.vivekthazhathattil.chalachithram/.MainActivity t5}: app died, no saved state
W/InputDispatcher( 1571): Attempted to unregister already unregistered input channel '9d3baf48 ml.vivekthazhathattil.chalachithram/ml.vivekthazhathattil.chalachithram.MainActivity (server)'
I/WindowState( 1571): WIN DEATH: Window{9d3baf48 u0 ml.vivekthazhathattil.chalachithram/ml.vivekthazhathattil.chalachithram.MainActivity}
D/EGL_emulation( 1964): eglMakeCurrent: 0xb8c10ac0: ver 3 0
E/EGL_emulation( 1964): tid 1964: eglSurfaceAttrib(1199): error 0x3009 (EGL_BAD_MATCH)
W/HardwareRenderer( 1964): Backbuffer cannot be preserved
W/Binder  ( 1774): Caught a RuntimeException from the binder stub implementation.
W/Binder  ( 1774): java.lang.NullPointerException
W/Binder  ( 1774): 	at android.inputmethodservice.IInputMethodWrapper.setSessionEnabled(IInputMethodWrapper.java:280)
W/Binder  ( 1774): 	at com.android.internal.view.IInputMethod$Stub.onTransact(IInputMethod.java:129)
W/Binder  ( 1774): 	at android.os.Binder.execTransact(Binder.java:404)
W/Binder  ( 1774): 	at dalvik.system.NativeStart.run(Native Method)
W/InputMethodManagerService( 1571): Got RemoteException sending setActive(false) notification to pid 3583 uid 10061
D/dalvikvm( 1964): GC_FOR_ALLOC freed 8909K, 35% free 17889K/27272K, paused 2ms, total 2ms
I/dalvikvm-heap( 1964): Grow heap (frag case) to 24.661MB for 7464972-byte allocation
D/dalvikvm( 1964): GC_FOR_ALLOC freed 1K, 8% free 25178K/27272K, paused 5ms, total 5ms
D/dalvikvm( 1964): GC_FOR_ALLOC freed 20K, 8% free 25162K/27272K, paused 3ms, total 3ms
I/dalvikvm-heap( 1964): Grow heap (frag case) to 31.764MB for 7464972-byte allocation
D/dalvikvm( 1964): GC_FOR_ALLOC freed <1K, 7% free 32452K/34564K, paused 5ms, total 5ms
E/SoundPool( 1571): error loading /system/media/audio/ui/Effect_Tick.ogg
W/AudioService( 1571): Soundpool could not load file: /system/media/audio/ui/Effect_Tick.ogg
E/SoundPool( 1571): error loading /system/media/audio/ui/Effect_Tick.ogg
W/AudioService( 1571): Soundpool could not load file: /system/media/audio/ui/Effect_Tick.ogg
E/SoundPool( 1571): error loading /system/media/audio/ui/Effect_Tick.ogg
W/AudioService( 1571): Soundpool could not load file: /system/media/audio/ui/Effect_Tick.ogg
E/SoundPool( 1571): error loading /system/media/audio/ui/Effect_Tick.ogg
W/AudioService( 1571): Soundpool could not load file: /system/media/audio/ui/Effect_Tick.ogg
E/SoundPool( 1571): error loading /system/media/audio/ui/Effect_Tick.ogg
W/AudioService( 1571): Soundpool could not load file: /system/media/audio/ui/Effect_Tick.ogg
E/SoundPool( 1571): error loading /system/media/audio/ui/KeypressStandard.ogg
W/AudioService( 1571): Soundpool could not load file: /system/media/audio/ui/KeypressStandard.ogg
E/SoundPool( 1571): error loading /system/media/audio/ui/KeypressSpacebar.ogg
W/AudioService( 1571): Soundpool could not load file: /system/media/audio/ui/KeypressSpacebar.ogg
E/SoundPool( 1571): error loading /system/media/audio/ui/KeypressDelete.ogg
W/AudioService( 1571): Soundpool could not load file: /system/media/audio/ui/KeypressDelete.ogg
E/SoundPool( 1571): error loading /system/media/audio/ui/KeypressReturn.ogg
W/AudioService( 1571): Soundpool could not load file: /system/media/audio/ui/KeypressReturn.ogg
E/SoundPool( 1571): error loading /system/media/audio/ui/KeypressInvalid.ogg
W/AudioService( 1571): Soundpool could not load file: /system/media/audio/ui/KeypressInvalid.ogg
W/AudioService( 1571): onLoadSoundEffects(), Error -1 while loading samples
D/dalvikvm( 1964): GC_FOR_ALLOC freed 7294K, 28% free 25163K/34564K, paused 2ms, total 3ms
I/dalvikvm-heap( 1964): Grow heap (frag case) to 31.764MB for 7464972-byte allocation
D/dalvikvm( 1964): GC_FOR_ALLOC freed <1K, 7% free 32452K/34564K, paused 4ms, total 4ms
V/RipperService( 3503): DSC
V/AndroidRipperService( 3503): mHandler.handleMessage() RECIVED
V/AndroidRipperService( 3503): broadcast()
V/AndroidRipperService( 3503): broadcast() done
V/        ( 3503): ready
I/Vision  ( 2173): Requesting optional module download of ocr.
I/Vision  ( 2173): Checking for download completion for 157189 -- ocr
V/SERVER  ( 3503): ServerSocket on PORT 18888: offline
V/AndroidRipperService( 3503): mHandler.handleMessage() DISCONNECTED
V/SERVER  ( 3503): Ready to accept connections on port: 18888
I/Vision  ( 2173): Requesting optional module download of ocr.
I/Vision  ( 2173): Checking for download completion for 167197 -- ocr
I/Vision  ( 2173): Requesting optional module download of ocr.
I/Vision  ( 2173): Exceeded maximum feature download tries for ocr
W/Vision  ( 2173): Request of optional module download of ocr failed.
I/Vision  ( 2173): Checking for download completion for 177204 -- ocr
I/Vision  ( 2173): Requesting optional module download of ocr.
I/Vision  ( 2173): Checking for download completion for 187215 -- ocr
I/ChimeraConfigurator( 2173): Starting update, reason: 4 urgentFeatures: vision.ocr:-1
E/ConfigFileUtils( 2173): Failed to read config file: /data/data/com.google.android.gms/app_chimera/next_container.pb: open failed: ENOENT (No such file or directory)
I/ChmraDebugLogger( 2173): [73] 1801
I/ChmraDebugLogger( 2173): [30] [VisionOcr.optional:202414000700] permitMetered=true,
W/ChimeraConfigService( 2173): Retry attempt was throttled.
I/Vision  ( 2173): Requesting optional module download of ocr.
I/Vision  ( 2173): Checking for download completion for 197224 -- ocr
I/Vision  ( 2173): Requesting optional module download of ocr.
I/Vision  ( 2173): Checking for download completion for 207237 -- ocr
I/NetworkScheduler.Stats( 1788): Task com.google.android.gms/com.google.android.gms.auth.account.be.legacy.AuthCronService started execution. cause:4 exec_start_elapsed_seconds: 197 [CONTEXT service_id=218 ]
W/GLSUser ( 1830): [AppCertManager] IOException while requesting key: 
W/GLSUser ( 1830): java.io.IOException: Invalid device key response.
W/GLSUser ( 1830): 	at gtl.a(:com.google.android.gms@202414005@20.24.14 (000700-319035315):49)
W/GLSUser ( 1830): 	at gtj.b(:com.google.android.gms@202414005@20.24.14 (000700-319035315):2)
W/GLSUser ( 1830): 	at gte.a(:com.google.android.gms@202414005@20.24.14 (000700-319035315):0)
W/GLSUser ( 1830): 	at gth.a(:com.google.android.gms@202414005@20.24.14 (000700-319035315):10)
W/GLSUser ( 1830): 	at eyt.call(:com.google.android.gms@202414005@20.24.14 (000700-319035315):0)
W/GLSUser ( 1830): 	at java.util.concurrent.FutureTask.run(FutureTask.java:237)
W/GLSUser ( 1830): 	at nlp.b(:com.google.android.gms@202414005@20.24.14 (000700-319035315):12)
W/GLSUser ( 1830): 	at nlp.run(:com.google.android.gms@202414005@20.24.14 (000700-319035315):7)
W/GLSUser ( 1830): 	at java.util.concurrent.ThreadPoolExecutor.runWorker(ThreadPoolExecutor.java:1112)
W/GLSUser ( 1830): 	at java.util.concurrent.ThreadPoolExecutor$Worker.run(ThreadPoolExecutor.java:587)
W/GLSUser ( 1830): 	at nrd.run(:com.google.android.gms@202414005@20.24.14 (000700-319035315):0)
W/GLSUser ( 1830): 	at java.lang.Thread.run(Thread.java:841)
I/NetworkScheduler.Stats( 1788): Task com.google.android.gms/com.google.android.gms.auth.account.be.legacy.AuthCronService finished executing. cause:4 result: 3 elapsed_millis: 110 uptime_millis: 110 exec_start_elapsed_seconds: 197 [CONTEXT service_id=218 ]
I/Vision  ( 2173): Requesting optional module download of ocr.
I/Vision  ( 2173): Checking for download completion for 217250 -- ocr
I/Vision  ( 2173): Requesting optional module download of ocr.
I/Vision  ( 2173): Checking for download completion for 227262 -- ocr
D/dalvikvm( 2173): GC_FOR_ALLOC freed 2175K, 12% free 21355K/24128K, paused 24ms, total 24ms
I/Vision  ( 2173): Requesting optional module download of ocr.
I/Vision  ( 2173): Exceeded maximum feature download tries for ocr
W/Vision  ( 2173): Request of optional module download of ocr failed.
I/Vision  ( 2173): Checking for download completion for 237269 -- ocr
I/Vision  ( 2173): Requesting optional module download of ocr.
I/Vision  ( 2173): Checking for download completion for 247282 -- ocr
I/ChimeraConfigurator( 2173): Starting update, reason: 4 urgentFeatures: vision.ocr:-1
E/ConfigFileUtils( 2173): Failed to read config file: /data/data/com.google.android.gms/app_chimera/next_container.pb: open failed: ENOENT (No such file or directory)
I/ChmraDebugLogger( 2173): [73] 1801
I/ChmraDebugLogger( 2173): [30] [VisionOcr.optional:202414000700] permitMetered=true,
W/ChimeraConfigService( 2173): Retry attempt was throttled.
I/Vision  ( 2173): Requesting optional module download of ocr.
I/Vision  ( 2173): Checking for download completion for 257291 -- ocr
I/Vision  ( 2173): Requesting optional module download of ocr.
I/Vision  ( 2173): Checking for download completion for 267299 -- ocr
I/Vision  ( 2173): Requesting optional module download of ocr.
I/Vision  ( 2173): Checking for download completion for 277307 -- ocr
I/Vision  ( 2173): Requesting optional module download of ocr.
I/Vision  ( 2173): Checking for download completion for 287314 -- ocr
I/Vision  ( 2173): Requesting optional module download of ocr.
I/Vision  ( 2173): Exceeded maximum feature download tries for ocr
W/Vision  ( 2173): Request of optional module download of ocr failed.
I/Vision  ( 2173): Checking for download completion for 297322 -- ocr
I/Vision  ( 2173): Requesting optional module download of ocr.
I/Vision  ( 2173): Checking for download completion for 307330 -- ocr
I/ChimeraConfigurator( 2173): Starting update, reason: 4 urgentFeatures: vision.ocr:-1
E/ConfigFileUtils( 2173): Failed to read config file: /data/data/com.google.android.gms/app_chimera/next_container.pb: open failed: ENOENT (No such file or directory)
I/ChmraDebugLogger( 2173): [73] 1801
I/ChmraDebugLogger( 2173): [30] [VisionOcr.optional:202414000700] permitMetered=true,
W/ChimeraConfigService( 2173): Retry attempt was throttled.
D/AndroidRuntime( 3682): 
D/AndroidRuntime( 3682): >>>>>> AndroidRuntime START com.android.internal.os.RuntimeInit <<<<<<
W/linker  ( 3682): libdvm.so has text relocations. This is wasting memory and is a security risk. Please fix.
D/AndroidRuntime( 3682): CheckJNI is ON
D/dalvikvm( 3682): Trying to load lib libjavacore.so 0x0
D/dalvikvm( 3682): Added shared lib libjavacore.so 0x0
D/dalvikvm( 3682): Trying to load lib libnativehelper.so 0x0
D/dalvikvm( 3682): Added shared lib libnativehelper.so 0x0
D/dalvikvm( 3682): No JNI_OnLoad found in libnativehelper.so 0x0, skipping init
D/dalvikvm( 3682): Note: class Landroid/app/ActivityManagerNative; has 179 unimplemented (abstract) methods
E/memtrack( 3682): Couldn't load memtrack module (No such file or directory)
E/android.os.Debug( 3682): failed to load memtrack module: -2
D/AndroidRuntime( 3682): Calling main entry com.android.commands.pm.Pm
D/AndroidRuntime( 3682): Shutting down VM
D/dalvikvm( 3682): GC_CONCURRENT freed 92K, 15% free 547K/644K, paused 0ms+0ms, total 0ms
D/AndroidRuntime( 3695): 
D/AndroidRuntime( 3695): >>>>>> AndroidRuntime START com.android.internal.os.RuntimeInit <<<<<<
W/linker  ( 3695): libdvm.so has text relocations. This is wasting memory and is a security risk. Please fix.
D/AndroidRuntime( 3695): CheckJNI is ON
D/dalvikvm( 3695): Trying to load lib libjavacore.so 0x0
D/dalvikvm( 3695): Added shared lib libjavacore.so 0x0
D/dalvikvm( 3695): Trying to load lib libnativehelper.so 0x0
D/dalvikvm( 3695): Added shared lib libnativehelper.so 0x0
D/dalvikvm( 3695): No JNI_OnLoad found in libnativehelper.so 0x0, skipping init
D/dalvikvm( 3695): Note: class Landroid/app/ActivityManagerNative; has 179 unimplemented (abstract) methods
E/memtrack( 3695): Couldn't load memtrack module (No such file or directory)
E/android.os.Debug( 3695): failed to load memtrack module: -2
D/AndroidRuntime( 3695): Calling main entry com.android.commands.pm.Pm
D/AndroidRuntime( 3695): Shutting down VM
D/dalvikvm( 3695): GC_CONCURRENT freed 93K, 15% free 557K/652K, paused 0ms+0ms, total 0ms
D/AndroidRuntime( 3706): 
D/AndroidRuntime( 3706): >>>>>> AndroidRuntime START com.android.internal.os.RuntimeInit <<<<<<
W/linker  ( 3706): libdvm.so has text relocations. This is wasting memory and is a security risk. Please fix.
D/AndroidRuntime( 3706): CheckJNI is ON
D/dalvikvm( 3706): Trying to load lib libjavacore.so 0x0
D/dalvikvm( 3706): Added shared lib libjavacore.so 0x0
D/dalvikvm( 3706): Trying to load lib libnativehelper.so 0x0
D/dalvikvm( 3706): Added shared lib libnativehelper.so 0x0
D/dalvikvm( 3706): No JNI_OnLoad found in libnativehelper.so 0x0, skipping init
D/dalvikvm( 3706): Note: class Landroid/app/ActivityManagerNative; has 179 unimplemented (abstract) methods
E/memtrack( 3706): Couldn't load memtrack module (No such file or directory)
E/android.os.Debug( 3706): failed to load memtrack module: -2
D/AndroidRuntime( 3706): Calling main entry com.android.commands.pm.Pm
D/keystore( 1149): calling clear_uid in state: 3
I/ActivityManager( 1571): Force stopping it.unina.android.ripper appid=10062 user=0: clear data
D/Documents( 3297): Used cached roots for com.android.providers.downloads.documents
D/Documents( 3297): Used cached roots for com.android.externalstorage.documents
D/Documents( 3297): Used cached roots for com.android.providers.media.documents
D/Documents( 3297): Update found 6 roots in 0ms
I/GeofencerStateMachine( 1788): removeGeofences: removeRequest=RemoveGeofencingRequest[REMOVE_ALL packageName=it.unina.android.ripper]
D/AndroidRuntime( 3706): Shutting down VM
D/dalvikvm( 3706): GC_CONCURRENT freed 92K, 15% free 549K/644K, paused 0ms+0ms, total 1ms
I/Icing   ( 2173): doRemovePackageData it.unina.android.ripper
I/Fitness ( 1788): FitCleanupIntentOperation received Intent android.intent.action.PACKAGE_DATA_CLEARED [CONTEXT service_id=17 ]
D/AndroidRuntime( 3729): 
D/AndroidRuntime( 3729): >>>>>> AndroidRuntime START com.android.internal.os.RuntimeInit <<<<<<
W/linker  ( 3729): libdvm.so has text relocations. This is wasting memory and is a security risk. Please fix.
D/AndroidRuntime( 3729): CheckJNI is ON
D/dalvikvm( 3729): Trying to load lib libjavacore.so 0x0
D/dalvikvm( 3729): Added shared lib libjavacore.so 0x0
D/dalvikvm( 3729): Trying to load lib libnativehelper.so 0x0
D/dalvikvm( 3729): Added shared lib libnativehelper.so 0x0
D/dalvikvm( 3729): No JNI_OnLoad found in libnativehelper.so 0x0, skipping init
D/dalvikvm( 3729): Note: class Landroid/app/ActivityManagerNative; has 179 unimplemented (abstract) methods
E/memtrack( 3729): Couldn't load memtrack module (No such file or directory)
E/android.os.Debug( 3729): failed to load memtrack module: -2
D/AndroidRuntime( 3729): Calling main entry com.android.commands.pm.Pm
I/ActivityManager( 1571): Force stopping it.unina.android.ripper appid=10062 user=-1: uninstall pkg
W/PackageManager( 1571): Couldn't delete native library directory /data/app-lib/it.unina.android.ripper
D/keystore( 1149): calling clear_uid in state: 3
W/Launcher.Model( 2369): Nobody to tell about the new app.  Launcher is probably loading.
I/GeofencerStateMachine( 1788): removeGeofences: removeRequest=RemoveGeofencingRequest[REMOVE_ALL packageName=it.unina.android.ripper]
I/ActivityManager( 1571): Force stopping it.unina.android.ripper appid=10062 user=0: pkg removed
D/Documents( 3297): Used cached roots for com.android.providers.downloads.documents
D/Documents( 3297): Used cached roots for com.android.externalstorage.documents
D/Documents( 3297): Used cached roots for com.android.providers.media.documents
D/Documents( 3297): Update found 6 roots in 2ms
I/InputReader( 1571): Reconfiguring input devices.  changes=0x00000010
D/VoicemailCleanupService( 1812): Cleaning up data for package: it.unina.android.ripper
I/PackageManager( 1571):   Action: "android.intent.action.SENDTO"
I/PackageManager( 1571):   Category: "android.intent.category.DEFAULT"
I/PackageManager( 1571):   Scheme: "sms"
I/PackageManager( 1571): Adding preferred activity ComponentInfo{com.android.mms/com.android.mms.ui.ComposeMessageActivity} for user 0 :
D/BackupManagerService( 1571): Received broadcast Intent { act=android.intent.action.PACKAGE_REMOVED dat=package:it.unina.android.ripper flg=0x4000010 (has extras) }
V/BackupManagerService( 1571): removePackageParticipantsLocked: uid=10062 #1
D/dalvikvm( 1848): GC_FOR_ALLOC freed 466K, 16% free 3627K/4272K, paused 2ms, total 2ms
I/PackageManager( 1571):   Action: "android.intent.action.SENDTO"
I/PackageManager( 1571):   Category: "android.intent.category.DEFAULT"
I/PackageManager( 1571):   Scheme: "smsto"
I/PackageManager( 1571): Adding preferred activity ComponentInfo{com.android.mms/com.android.mms.ui.ComposeMessageActivity} for user 0 :
I/ContentMaintenance( 2173): Internal cache bytes used: 0; limit: 39526809; download size: 0
I/Icing.InternalIcingCorporaProvider( 2324): Updating corpora: A: it.unina.android.ripper, C: MAYBE
I/PackageManager( 1571):   Action: "android.intent.action.SENDTO"
I/PackageManager( 1571):   Category: "android.intent.category.DEFAULT"
I/PackageManager( 1571):   Scheme: "mms"
I/PackageManager( 1571): Adding preferred activity ComponentInfo{com.android.mms/com.android.mms.ui.ComposeMessageActivity} for user 0 :
D/dalvikvm( 1571): GC_EXPLICIT freed 2141K, 44% free 8702K/15348K, paused 0ms+1ms, total 66ms
D/dalvikvm( 1571): WAIT_FOR_CONCURRENT_GC blocked 16ms
D/AndroidRuntime( 3729): Shutting down VM
D/dalvikvm( 3729): GC_CONCURRENT freed 92K, 15% free 549K/644K, paused 0ms+0ms, total 1ms
W/Launcher( 2369): setApplicationContext called twice! old=com.google.android.velvet.VelvetApplication@9cffe6e0 new=com.google.android.velvet.VelvetApplication@9cffe6e0
I/Fitness ( 1788): FitCleanupIntentOperation received Intent android.intent.action.PACKAGE_REMOVED [CONTEXT service_id=17 ]
