D/dalvikvm( 3934): Note: class Landroid/app/ActivityManagerNative; has 179 unimplemented (abstract) methods
E/memtrack( 3934): Couldn't load memtrack module (No such file or directory)
E/android.os.Debug( 3934): failed to load memtrack module: -2
D/AndroidRuntime( 3934): Calling main entry com.android.commands.pm.Pm
W/ActivityManager( 1571): No content provider found for permission revoke: file:///sdcard/ripper.apk
W/ActivityManager( 1571): No content provider found for permission revoke: file:///sdcard/ripper.apk
I/PackageManager( 1571): Copying native libraries to /data/app-lib/vmdl720444029
I/PackageParser( 1571): it.unina.android.ripper: compat added android.permission.WRITE_EXTERNAL_STORAGE android.permission.READ_PHONE_STATE
I/PackageManager( 1571): Running dexopt on: it.unina.android.ripper
W/linker  ( 3945): libdvm.so has text relocations. This is wasting memory and is a security risk. Please fix.
D/dalvikvm( 3945): DexOpt: load 3ms, verify+opt 17ms, 936700 bytes
I/ActivityManager( 1571): Force stopping it.unina.android.ripper appid=10065 user=-1: update pkg
I/InputReader( 1571): Reconfiguring input devices.  changes=0x00000010
W/Launcher.Model( 2369): Nobody to tell about the new app.  Launcher is probably loading.
D/Documents( 3297): Used cached roots for com.android.providers.downloads.documents
D/Documents( 3297): Used cached roots for com.android.externalstorage.documents
D/Documents( 3297): Used cached roots for com.android.providers.media.documents
D/Documents( 3297): Update found 6 roots in 3ms
I/PackageManager( 1571):   Action: "android.intent.action.SENDTO"
I/PackageManager( 1571):   Category: "android.intent.category.DEFAULT"
I/PackageManager( 1571):   Scheme: "sms"
I/PackageManager( 1571): Adding preferred activity ComponentInfo{com.android.mms/com.android.mms.ui.ComposeMessageActivity} for user 0 :
D/dalvikvm( 1571): GC_EXPLICIT freed 2036K, 44% free 8643K/15348K, paused 0ms+1ms, total 27ms
D/dalvikvm( 1571): WAIT_FOR_CONCURRENT_GC blocked 8ms
D/dalvikvm( 1571): WAIT_FOR_CONCURRENT_GC blocked 8ms
D/dalvikvm( 1571): WAIT_FOR_CONCURRENT_GC blocked 7ms
I/PackageManager( 1571):   Action: "android.intent.action.SENDTO"
I/PackageManager( 1571):   Category: "android.intent.category.DEFAULT"
I/PackageManager( 1571):   Scheme: "smsto"
D/AndroidRuntime( 3934): Shutting down VM
D/dalvikvm( 3934): GC_CONCURRENT freed 93K, 15% free 552K/648K, paused 0ms+0ms, total 1ms
W/GCM     ( 1788): Unexpected forwarded intent: Intent { act=android.intent.action.PACKAGE_ADDED dat=package:it.unina.android.ripper flg=0x4000010 cmp=com.google.android.gms/.chimera.PersistentIntentOperationService (has extras) }
I/Auth    ( 2173): [SupervisedAccountIntentOperation] onHandleIntent(): android.intent.action.PACKAGE_ADDED
I/ChromeSync( 2173): [Sync,SyncIntentOperation] Handling the intent: Intent { act=android.intent.action.PACKAGE_ADDED dat=package:it.unina.android.ripper flg=0x4000010 cmp=com.google.android.gms/.chimera.GmsIntentOperationService (has extras) }.
W/GCM     ( 1788): Unexpected forwarded intent: Intent { act=android.intent.action.PACKAGE_ADDED dat=package:it.unina.android.ripper flg=0x4000010 cmp=com.google.android.gms/.chimera.PersistentIntentOperationService (has extras) }
I/FontLog ( 2173): Package it.unina.android.ripper has no metadata [CONTEXT service_id=132 ]
I/PackageManager( 1571): Adding preferred activity ComponentInfo{com.android.mms/com.android.mms.ui.ComposeMessageActivity} for user 0 :
D/dalvikvm( 1848): GC_FOR_ALLOC freed 455K, 15% free 3631K/4272K, paused 2ms, total 2ms
I/ChromeSync( 2173): [Persistence,AffiliationManager] One of affiliation or grouping data for android://KSmUCdTXmQS-j9D_O8l1jvyu41Pjn2mc5cb0Gvx1e9H1Aj4JCzHs_uTW26nbtH65K-YfijtBsQxGp-8R6k6HFg==@it.unina.android.ripper/ was not found. Marking affiliation data as stale...
I/PackageManager( 1571):   Action: "android.intent.action.SENDTO"
I/PackageManager( 1571):   Category: "android.intent.category.DEFAULT"
I/PackageManager( 1571):   Scheme: "mms"
D/BackupManagerService( 1571): Received broadcast Intent { act=android.intent.action.PACKAGE_ADDED dat=package:it.unina.android.ripper flg=0x4000010 (has extras) }
I/PackageManager( 1571): Adding preferred activity ComponentInfo{com.android.mms/com.android.mms.ui.ComposeMessageActivity} for user 0 :
V/BackupManagerService( 1571): addPackageParticipantsLocked: #1
I/Icing.InternalIcingCorporaProvider( 2324): Updating corpora: A: it.unina.android.ripper, C: MAYBE
I/PackageManager( 1571):   Action: "android.intent.action.SENDTO"
I/PackageManager( 1571):   Category: "android.intent.category.DEFAULT"
I/PackageManager( 1571):   Scheme: "mmsto"
I/PackageManager( 1571): Adding preferred activity ComponentInfo{com.android.mms/com.android.mms.ui.ComposeMessageActivity} for user 0 :
I/PackageManager( 1571):   Action: "android.intent.action.SENDTO"
I/PackageManager( 1571):   Category: "android.intent.category.DEFAULT"
I/PackageManager( 1571):   Scheme: "sms"
I/PackageManager( 1571):   Action: "android.intent.action.SENDTO"
I/PackageManager( 1571):   Category: "android.intent.category.DEFAULT"
I/PackageManager( 1571):   Scheme: "smsto"
I/PackageManager( 1571): Adding preferred activity ComponentInfo{com.android.mms/com.android.mms.ui.ComposeMessageActivity} for user 0 :
I/PackageManager( 1571): Adding preferred activity ComponentInfo{com.android.mms/com.android.mms.ui.ComposeMessageActivity} for user 0 :
I/Icing   ( 2173): IndexChimeraService.getServiceInterface callingPackage=com.google.android.googlequicksearchbox componentName=null serviceId=21
D/dalvikvm( 1848): GC_FOR_ALLOC freed 413K, 15% free 3664K/4272K, paused 2ms, total 2ms
I/PackageManager( 1571):   Action: "android.intent.action.SENDTO"
I/PackageManager( 1571):   Category: "android.intent.category.DEFAULT"
I/PackageManager( 1571):   Scheme: "mms"
I/PackageManager( 1571): Adding preferred activity ComponentInfo{com.android.mms/com.android.mms.ui.ComposeMessageActivity} for user 0 :
W/Icing.InternalIcingCorporaProvider( 2324): Application table change notification failed.
I/PackageManager( 1571):   Action: "android.intent.action.SENDTO"
I/PackageManager( 1571):   Category: "android.intent.category.DEFAULT"
I/PackageManager( 1571):   Scheme: "mmsto"
I/PackageManager( 1571): Adding preferred activity ComponentInfo{com.android.mms/com.android.mms.ui.ComposeMessageActivity} for user 0 :
D/dalvikvm( 2173): GC_FOR_ALLOC freed 2018K, 12% free 21446K/24128K, paused 22ms, total 23ms
W/Icing   ( 2173): No valid account for uploading user actions
I/Icing   ( 2173): Usage reports ok 0, Failed Usage reports 0, indexed 0, rejected 0
I/Icing   ( 2173): Indexing com.google.android.gms-apps from com.google.android.gms
I/Icing   ( 2173): Indexing done com.google.android.gms-apps
D/AndroidRuntime( 3953): 
D/AndroidRuntime( 3953): >>>>>> AndroidRuntime START com.android.internal.os.RuntimeInit <<<<<<
W/linker  ( 3953): libdvm.so has text relocations. This is wasting memory and is a security risk. Please fix.
D/AndroidRuntime( 3953): CheckJNI is ON
D/dalvikvm( 3953): Trying to load lib libjavacore.so 0x0
D/dalvikvm( 3953): Added shared lib libjavacore.so 0x0
D/dalvikvm( 3953): Trying to load lib libnativehelper.so 0x0
D/dalvikvm( 3953): Added shared lib libnativehelper.so 0x0
D/dalvikvm( 3953): No JNI_OnLoad found in libnativehelper.so 0x0, skipping init
D/dalvikvm( 3953): Note: class Landroid/app/ActivityManagerNative; has 179 unimplemented (abstract) methods
E/memtrack( 3953): Couldn't load memtrack module (No such file or directory)
E/android.os.Debug( 3953): failed to load memtrack module: -2
D/AndroidRuntime( 3953): Calling main entry com.android.commands.am.Am
D/dalvikvm( 1145): GC_EXPLICIT freed 40K, 4% free 2993K/3108K, paused 0ms+0ms, total 1ms
I/ActivityManager( 1571): Force stopping org.petero.droidfish appid=10064 user=0: start instr
D/dalvikvm( 1145): GC_EXPLICIT freed <1K, 4% free 2993K/3108K, paused 0ms+0ms, total 2ms
D/dalvikvm( 1145): GC_EXPLICIT freed <1K, 4% free 2993K/3108K, paused 0ms+0ms, total 2ms
I/ActivityManager( 1571): Start proc org.petero.droidfish for added application org.petero.droidfish: pid=3964 uid=10064 gids={50064, 1028, 1015, 3003}
I/dalvikvm( 3964): Could not find method android.content.Context.getExternalMediaDirs, referenced from method androidx.core.content.FileProvider.parsePathStrategy
W/dalvikvm( 3964): VFY: unable to resolve virtual method 549: Landroid/content/Context;.getExternalMediaDirs ()[Ljava/io/File;
D/dalvikvm( 3964): VFY: replacing opcode 0x6e at 0x009d
E/dalvikvm( 3964): Could not find class 'android.app.NotificationChannel', referenced from method org.petero.droidfish.DroidFish.setNotification
W/dalvikvm( 3964): VFY: unable to resolve new-instance 62 (Landroid/app/NotificationChannel;) in Lorg/petero/droidfish/DroidFish;
D/dalvikvm( 3964): VFY: replacing opcode 0x22 at 0x001e
D/dalvikvm( 3964): DexOpt: unable to opt direct call 0x018c at 0x23 in Lorg/petero/droidfish/DroidFish;.setNotification
I/TestRunner( 3964): started: testApplication(it.unina.android.ripper.RipperTestCase)
V/AndroidRipperService( 3875): onBind()
V/AndroidRipperService( 3875): onBind()
V/AndroidRipperService( 3875): register()
I/ActivityManager( 1571): START u0 {act=android.intent.action.MAIN flg=0x10000000 cmp=org.petero.droidfish/.DroidFish} from pid 3964
D/dalvikvm( 1571): GC_FOR_ALLOC freed 1461K, 45% free 8592K/15348K, paused 11ms, total 11ms
I/dalvikvm( 3964): Could not find method android.content.Context.createDeviceProtectedStorageContext, referenced from method androidx.core.content.ContextCompat.createDeviceProtectedStorageContext
W/dalvikvm( 3964): VFY: unable to resolve virtual method 532: Landroid/content/Context;.createDeviceProtectedStorageContext ()Landroid/content/Context;
D/dalvikvm( 3964): VFY: replacing opcode 0x6e at 0x0006
I/dalvikvm( 3964): Could not find method android.content.Context.getCodeCacheDir, referenced from method androidx.core.content.ContextCompat.getCodeCacheDir
W/dalvikvm( 3964): VFY: unable to resolve virtual method 539: Landroid/content/Context;.getCodeCacheDir ()Ljava/io/File;
D/dalvikvm( 3964): VFY: replacing opcode 0x6e at 0x0006
I/dalvikvm( 3964): Could not find method android.content.Context.getColor, referenced from method androidx.core.content.ContextCompat.getColor
W/dalvikvm( 3964): VFY: unable to resolve virtual method 540: Landroid/content/Context;.getColor (I)I
D/dalvikvm( 3964): VFY: replacing opcode 0x6e at 0x0006
D/dalvikvm( 3964): GC_CONCURRENT freed 279K, 11% free 3110K/3464K, paused 2ms+2ms, total 7ms
I/dalvikvm( 3964): Could not find method android.content.Context.getColorStateList, referenced from method androidx.core.content.ContextCompat.getColorStateList
W/dalvikvm( 3964): VFY: unable to resolve virtual method 541: Landroid/content/Context;.getColorStateList (I)Landroid/content/res/ColorStateList;
D/dalvikvm( 3964): VFY: replacing opcode 0x6e at 0x0006
I/dalvikvm( 3964): Could not find method android.content.Context.getDataDir, referenced from method androidx.core.content.ContextCompat.getDataDir
W/dalvikvm( 3964): VFY: unable to resolve virtual method 543: Landroid/content/Context;.getDataDir ()Ljava/io/File;
D/dalvikvm( 3964): VFY: replacing opcode 0x6e at 0x0006
I/dalvikvm( 3964): Could not find method android.content.Context.getDrawable, referenced from method androidx.core.content.ContextCompat.getDrawable
W/dalvikvm( 3964): VFY: unable to resolve virtual method 544: Landroid/content/Context;.getDrawable (I)Landroid/graphics/drawable/Drawable;
D/dalvikvm( 3964): VFY: replacing opcode 0x6e at 0x0006
I/dalvikvm( 3964): Could not find method android.content.Context.getMainExecutor, referenced from method androidx.core.content.ContextCompat.getMainExecutor
W/dalvikvm( 3964): VFY: unable to resolve virtual method 551: Landroid/content/Context;.getMainExecutor ()Ljava/util/concurrent/Executor;
D/dalvikvm( 3964): VFY: replacing opcode 0x6e at 0x0006
I/dalvikvm( 3964): Could not find method android.content.Context.getNoBackupFilesDir, referenced from method androidx.core.content.ContextCompat.getNoBackupFilesDir
W/dalvikvm( 3964): VFY: unable to resolve virtual method 553: Landroid/content/Context;.getNoBackupFilesDir ()Ljava/io/File;
D/dalvikvm( 3964): VFY: replacing opcode 0x6e at 0x0006
I/dalvikvm( 3964): Could not find method android.content.Context.getSystemService, referenced from method androidx.core.content.ContextCompat.getSystemService
W/dalvikvm( 3964): VFY: unable to resolve virtual method 562: Landroid/content/Context;.getSystemService (Ljava/lang/Class;)Ljava/lang/Object;
D/dalvikvm( 3964): VFY: replacing opcode 0x6e at 0x0006
I/dalvikvm( 3964): Could not find method android.content.Context.getSystemServiceName, referenced from method androidx.core.content.ContextCompat.getSystemServiceName
W/dalvikvm( 3964): VFY: unable to resolve virtual method 564: Landroid/content/Context;.getSystemServiceName (Ljava/lang/Class;)Ljava/lang/String;
D/dalvikvm( 3964): VFY: replacing opcode 0x6e at 0x0006
I/dalvikvm( 3964): Could not find method android.content.Context.isDeviceProtectedStorage, referenced from method androidx.core.content.ContextCompat.isDeviceProtectedStorage
W/dalvikvm( 3964): VFY: unable to resolve virtual method 567: Landroid/content/Context;.isDeviceProtectedStorage ()Z
D/dalvikvm( 3964): VFY: replacing opcode 0x6e at 0x0006
I/dalvikvm( 3964): Could not find method android.content.Context.startForegroundService, referenced from method androidx.core.content.ContextCompat.startForegroundService
W/dalvikvm( 3964): VFY: unable to resolve virtual method 583: Landroid/content/Context;.startForegroundService (Landroid/content/Intent;)Landroid/content/ComponentName;
D/dalvikvm( 3964): VFY: replacing opcode 0x6e at 0x0006
D/gralloc_ranchu( 1144): gralloc_alloc: Creating ashmem region of size 7753728
W/Resources( 3964): Converting to string: TypedValue{t=0x10/d=0x1 a=-1}
W/Resources( 3964): Converting to string: TypedValue{t=0x10/d=0x1 a=-1}
D/dalvikvm( 3964): GC_CONCURRENT freed 45K, 7% free 3457K/3680K, paused 3ms+1ms, total 5ms
D/EGL_emulation( 1964): eglMakeCurrent: 0xb8c10ac0: ver 3 0
I/dalvikvm( 3964): Failed resolving Landroidx/drawerlayout/widget/DrawerLayout$1; interface 448 'Landroid/view/View$OnApplyWindowInsetsListener;'
W/dalvikvm( 3964): Link of class 'Landroidx/drawerlayout/widget/DrawerLayout$1;' failed
E/dalvikvm( 3964): Could not find class 'androidx.drawerlayout.widget.DrawerLayout$1', referenced from method androidx.drawerlayout.widget.DrawerLayout.<init>
W/dalvikvm( 3964): VFY: unable to resolve new-instance 1880 (Landroidx/drawerlayout/widget/DrawerLayout$1;) in Landroidx/drawerlayout/widget/DrawerLayout;
D/dalvikvm( 3964): VFY: replacing opcode 0x22 at 0x0095
E/dalvikvm( 3964): Could not find class 'android.view.WindowInsets', referenced from method androidx.drawerlayout.widget.DrawerLayout.onDraw
W/dalvikvm( 3964): VFY: unable to resolve check-cast 484 (Landroid/view/WindowInsets;) in Landroidx/drawerlayout/widget/DrawerLayout;
D/dalvikvm( 3964): VFY: replacing opcode 0x1f at 0x0016
E/dalvikvm( 3964): Could not find class 'android.view.WindowInsets', referenced from method androidx.drawerlayout.widget.DrawerLayout.onMeasure
W/dalvikvm( 3964): VFY: unable to resolve check-cast 484 (Landroid/view/WindowInsets;) in Landroidx/drawerlayout/widget/DrawerLayout;
D/dalvikvm( 3964): VFY: replacing opcode 0x1f at 0x0079
E/dalvikvm( 3964): Could not find class 'android.view.WindowInsets', referenced from method androidx.drawerlayout.widget.DrawerLayout.onMeasure
W/dalvikvm( 3964): VFY: unable to resolve check-cast 484 (Landroid/view/WindowInsets;) in Landroidx/drawerlayout/widget/DrawerLayout;
D/dalvikvm( 3964): VFY: replacing opcode 0x1f at 0x00ab
I/dalvikvm( 3964): Failed resolving Landroidx/drawerlayout/widget/DrawerLayout$1; interface 448 'Landroid/view/View$OnApplyWindowInsetsListener;'
W/dalvikvm( 3964): Link of class 'Landroidx/drawerlayout/widget/DrawerLayout$1;' failed
D/dalvikvm( 3964): DexOpt: unable to opt direct call 0x39b8 at 0x97 in Landroidx/drawerlayout/widget/DrawerLayout;.<init>
I/dalvikvm( 3964): Could not find method android.view.View.addKeyboardNavigationClusters, referenced from method androidx.core.view.ViewCompat.addKeyboardNavigationClusters
W/dalvikvm( 3964): VFY: unable to resolve virtual method 2146: Landroid/view/View;.addKeyboardNavigationClusters (Ljava/util/Collection;I)V
D/dalvikvm( 3964): VFY: replacing opcode 0x6e at 0x0006
I/dalvikvm( 3964): Failed resolving Landroidx/core/view/ViewCompat$2; interface 458 'Landroid/view/View$OnUnhandledKeyEventListener;'
W/dalvikvm( 3964): Link of class 'Landroidx/core/view/ViewCompat$2;' failed
E/dalvikvm( 3964): Could not find class 'androidx.core.view.ViewCompat$2', referenced from method androidx.core.view.ViewCompat.addOnUnhandledKeyEventListener
W/dalvikvm( 3964): VFY: unable to resolve new-instance 1551 (Landroidx/core/view/ViewCompat$2;) in Landroidx/core/view/ViewCompat;
D/dalvikvm( 3964): VFY: replacing opcode 0x22 at 0x001a
I/dalvikvm( 3964): Could not find method android.view.View.cancelDragAndDrop, referenced from method androidx.core.view.ViewCompat.cancelDragAndDrop
W/dalvikvm( 3964): VFY: unable to resolve virtual method 2155: Landroid/view/View;.cancelDragAndDrop ()V
D/dalvikvm( 3964): VFY: replacing opcode 0x6e at 0x0006
E/dalvikvm( 3964): Could not find class 'android.view.WindowInsets', referenced from method androidx.core.view.ViewCompat.dispatchApplyWindowInsets
W/dalvikvm( 3964): VFY: unable to resolve check-cast 484 (Landroid/view/WindowInsets;) in Landroidx/core/view/ViewCompat;
D/dalvikvm( 3964): VFY: replacing opcode 0x1f at 0x000a
I/dalvikvm( 3964): Could not find method android.view.View.dispatchNestedFling, referenced from method androidx.core.view.ViewCompat.dispatchNestedFling
W/dalvikvm( 3964): VFY: unable to resolve virtual method 2166: Landroid/view/View;.dispatchNestedFling (FFZ)Z
D/dalvikvm( 3964): VFY: replacing opcode 0x6e at 0x0006
I/dalvikvm( 3964): Could not find method android.view.View.dispatchNestedPreFling, referenced from method androidx.core.view.ViewCompat.dispatchNestedPreFling
W/dalvikvm( 3964): VFY: unable to resolve virtual method 2167: Landroid/view/View;.dispatchNestedPreFling (FF)Z
D/dalvikvm( 3964): VFY: replacing opcode 0x6e at 0x0006
I/dalvikvm( 3964): Could not find method android.view.View.dispatchNestedPreScroll, referenced from method androidx.core.view.ViewCompat.dispatchNestedPreScroll
W/dalvikvm( 3964): VFY: unable to resolve virtual method 2168: Landroid/view/View;.dispatchNestedPreScroll (II[I[I)Z
D/dalvikvm( 3964): VFY: replacing opcode 0x6e at 0x0006
I/dalvikvm( 3964): Could not find method android.view.View.dispatchNestedScroll, referenced from method androidx.core.view.ViewCompat.dispatchNestedScroll
W/dalvikvm( 3964): VFY: unable to resolve virtual method 2169: Landroid/view/View;.dispatchNestedScroll (IIII[I)Z
D/dalvikvm( 3964): VFY: replacing opcode 0x74 at 0x0006
I/dalvikvm( 3964): Could not find method android.view.View.getBackgroundTintList, referenced from method androidx.core.view.ViewCompat.getBackgroundTintList
W/dalvikvm( 3964): VFY: unable to resolve virtual method 2185: Landroid/view/View;.getBackgroundTintList ()Landroid/content/res/ColorStateList;
D/dalvikvm( 3964): VFY: replacing opcode 0x6e at 0x0006
I/dalvikvm( 3964): Could not find method android.view.View.getBackgroundTintMode, referenced from method androidx.core.view.ViewCompat.getBackgroundTintMode
W/dalvikvm( 3964): VFY: unable to resolve virtual method 2186: Landroid/view/View;.getBackgroundTintMode ()Landroid/graphics/PorterDuff$Mode;
D/dalvikvm( 3964): VFY: replacing opcode 0x6e at 0x0006
I/dalvikvm( 3964): Could not find method android.view.View.getElevation, referenced from method androidx.core.view.ViewCompat.getElevation
W/dalvikvm( 3964): VFY: unable to resolve virtual method 2195: Landroid/view/View;.getElevation ()F
D/dalvikvm( 3964): VFY: replacing opcode 0x6e at 0x0006
I/dalvikvm( 3964): Could not find method android.view.View.getImportantForAutofill, referenced from method androidx.core.view.ViewCompat.getImportantForAutofill
W/dalvikvm( 3964): VFY: unable to resolve virtual method 2202: Landroid/view/View;.getImportantForAutofill ()I
D/dalvikvm( 3964): VFY: replacing opcode 0x6e at 0x0006
I/dalvikvm( 3964): Could not find method android.view.View.getNextClusterForwardId, referenced from method androidx.core.view.ViewCompat.getNextClusterForwardId
W/dalvikvm( 3964): VFY: unable to resolve virtual method 2220: Landroid/view/View;.getNextClusterForwardId ()I
D/dalvikvm( 3964): VFY: replacing opcode 0x6e at 0x0006
I/dalvikvm( 3964): Could not find method android.view.View.getScrollIndicators, referenced from method androidx.core.view.ViewCompat.getScrollIndicators
W/dalvikvm( 3964): VFY: unable to resolve virtual method 2241: Landroid/view/View;.getScrollIndicators ()I
D/dalvikvm( 3964): VFY: replacing opcode 0x6e at 0x0006
I/dalvikvm( 3964): Could not find method android.view.View.getTransitionName, referenced from method androidx.core.view.ViewCompat.getTransitionName
W/dalvikvm( 3964): VFY: unable to resolve virtual method 2248: Landroid/view/View;.getTransitionName ()Ljava/lang/String;
D/dalvikvm( 3964): VFY: replacing opcode 0x6e at 0x0006
I/dalvikvm( 3964): Could not find method android.view.View.getTranslationZ, referenced from method androidx.core.view.ViewCompat.getTranslationZ
W/dalvikvm( 3964): VFY: unable to resolve virtual method 2251: Landroid/view/View;.getTranslationZ ()F
D/dalvikvm( 3964): VFY: replacing opcode 0x6e at 0x0006
I/dalvikvm( 3964): Could not find method android.view.View.getZ, referenced from method androidx.core.view.ViewCompat.getZ
W/dalvikvm( 3964): VFY: unable to resolve virtual method 2262: Landroid/view/View;.getZ ()F
D/dalvikvm( 3964): VFY: replacing opcode 0x6e at 0x0006
I/dalvikvm( 3964): Could not find method android.view.View.hasExplicitFocusable, referenced from method androidx.core.view.ViewCompat.hasExplicitFocusable
W/dalvikvm( 3964): VFY: unable to resolve virtual method 2263: Landroid/view/View;.hasExplicitFocusable ()Z
D/dalvikvm( 3964): VFY: replacing opcode 0x6e at 0x0006
I/dalvikvm( 3964): Could not find method android.view.View.hasNestedScrollingParent, referenced from method androidx.core.view.ViewCompat.hasNestedScrollingParent
W/dalvikvm( 3964): VFY: unable to resolve virtual method 2266: Landroid/view/View;.hasNestedScrollingParent ()Z
D/dalvikvm( 3964): VFY: replacing opcode 0x6e at 0x0006
I/dalvikvm( 3964): Could not find method android.view.View.isFocusedByDefault, referenced from method androidx.core.view.ViewCompat.isFocusedByDefault
W/dalvikvm( 3964): VFY: unable to resolve virtual method 2278: Landroid/view/View;.isFocusedByDefault ()Z
D/dalvikvm( 3964): VFY: replacing opcode 0x6e at 0x0006
I/dalvikvm( 3964): Could not find method android.view.View.isImportantForAutofill, referenced from method androidx.core.view.ViewCompat.isImportantForAutofill
W/dalvikvm( 3964): VFY: unable to resolve virtual method 2280: Landroid/view/View;.isImportantForAutofill ()Z
D/dalvikvm( 3964): VFY: replacing opcode 0x6e at 0x0006
I/dalvikvm( 3964): Could not find method android.view.View.isKeyboardNavigationCluster, referenced from method androidx.core.view.ViewCompat.isKeyboardNavigationCluster
W/dalvikvm( 3964): VFY: unable to resolve virtual method 2283: Landroid/view/View;.isKeyboardNavigationCluster ()Z
D/dalvikvm( 3964): VFY: replacing opcode 0x6e at 0x0006
I/dalvikvm( 3964): Could not find method android.view.View.isNestedScrollingEnabled, referenced from method androidx.core.view.ViewCompat.isNestedScrollingEnabled
W/dalvikvm( 3964): VFY: unable to resolve virtual method 2288: Landroid/view/View;.isNestedScrollingEnabled ()Z
D/dalvikvm( 3964): VFY: replacing opcode 0x6e at 0x0006
I/dalvikvm( 3964): Could not find method android.view.View.keyboardNavigationClusterSearch, referenced from method androidx.core.view.ViewCompat.keyboardNavigationClusterSearch
W/dalvikvm( 3964): VFY: unable to resolve virtual method 2295: Landroid/view/View;.keyboardNavigationClusterSearch (Landroid/view/View;I)Landroid/view/View;
D/dalvikvm( 3964): VFY: replacing opcode 0x6e at 0x0006
E/dalvikvm( 3964): Could not find class 'android.view.WindowInsets', referenced from method androidx.core.view.ViewCompat.onApplyWindowInsets
W/dalvikvm( 3964): VFY: unable to resolve check-cast 484 (Landroid/view/WindowInsets;) in Landroidx/core/view/ViewCompat;
D/dalvikvm( 3964): VFY: replacing opcode 0x1f at 0x000a
E/dalvikvm( 3964): Could not find class 'android.view.View$OnUnhandledKeyEventListener', referenced from method androidx.core.view.ViewCompat.removeOnUnhandledKeyEventListener
W/dalvikvm( 3964): VFY: unable to resolve check-cast 458 (Landroid/view/View$OnUnhandledKeyEventListener;) in Landroidx/core/view/ViewCompat;
D/dalvikvm( 3964): VFY: replacing opcode 0x1f at 0x0015
I/dalvikvm( 3964): Could not find method android.view.View.requestApplyInsets, referenced from method androidx.core.view.ViewCompat.requestApplyInsets
W/dalvikvm( 3964): VFY: unable to resolve virtual method 2326: Landroid/view/View;.requestApplyInsets ()V
D/dalvikvm( 3964): VFY: replacing opcode 0x6e at 0x0006
I/dalvikvm( 3964): Could not find method android.view.View.requireViewById, referenced from method androidx.core.view.ViewCompat.requireViewById
W/dalvikvm( 3964): VFY: unable to resolve virtual method 2332: Landroid/view/View;.requireViewById (I)Landroid/view/View;
D/dalvikvm( 3964): VFY: replacing opcode 0x6e at 0x0006
I/dalvikvm( 3964): Could not find method android.view.View.restoreDefaultFocus, referenced from method androidx.core.view.ViewCompat.restoreDefaultFocus
W/dalvikvm( 3964): VFY: unable to resolve virtual method 2334: Landroid/view/View;.restoreDefaultFocus ()Z
D/dalvikvm( 3964): VFY: replacing opcode 0x6e at 0x0006
I/dalvikvm( 3964): Could not find method android.view.View.setAutofillHints, referenced from method androidx.core.view.ViewCompat.setAutofillHints
W/dalvikvm( 3964): VFY: unable to resolve virtual method 2346: Landroid/view/View;.setAutofillHints ([Ljava/lang/String;)V
D/dalvikvm( 3964): VFY: replacing opcode 0x6e at 0x0006
I/dalvikvm( 3964): Could not find method android.view.View.setBackgroundTintList, referenced from method androidx.core.view.ViewCompat.setBackgroundTintList
W/dalvikvm( 3964): VFY: unable to resolve virtual method 2350: Landroid/view/View;.setBackgroundTintList (Landroid/content/res/ColorStateList;)V
D/dalvikvm( 3964): VFY: replacing opcode 0x6e at 0x0006
I/dalvikvm( 3964): Could not find method android.view.View.setBackgroundTintMode, referenced from method androidx.core.view.ViewCompat.setBackgroundTintMode
W/dalvikvm( 3964): VFY: unable to resolve virtual method 2351: Landroid/view/View;.setBackgroundTintMode (Landroid/graphics/PorterDuff$Mode;)V
D/dalvikvm( 3964): VFY: replacing opcode 0x6e at 0x0006
I/dalvikvm( 3964): Could not find method android.view.View.setElevation, referenced from method androidx.core.view.ViewCompat.setElevation
W/dalvikvm( 3964): VFY: unable to resolve virtual method 2355: Landroid/view/View;.setElevation (F)V
D/dalvikvm( 3964): VFY: replacing opcode 0x6e at 0x0006
I/dalvikvm( 3964): Could not find method android.view.View.setFocusedByDefault, referenced from method androidx.core.view.ViewCompat.setFocusedByDefault
W/dalvikvm( 3964): VFY: unable to resolve virtual method 2359: Landroid/view/View;.setFocusedByDefault (Z)V
D/dalvikvm( 3964): VFY: replacing opcode 0x6e at 0x0006
I/dalvikvm( 3964): Could not find method android.view.View.setImportantForAutofill, referenced from method androidx.core.view.ViewCompat.setImportantForAutofill
W/dalvikvm( 3964): VFY: unable to resolve virtual method 2364: Landroid/view/View;.setImportantForAutofill (I)V
D/dalvikvm( 3964): VFY: replacing opcode 0x6e at 0x0006
I/dalvikvm( 3964): Could not find method android.view.View.setKeyboardNavigationCluster, referenced from method androidx.core.view.ViewCompat.setKeyboardNavigationCluster
W/dalvikvm( 3964): VFY: unable to resolve virtual method 2365: Landroid/view/View;.setKeyboardNavigationCluster (Z)V
D/dalvikvm( 3964): VFY: replacing opcode 0x6e at 0x0006
I/dalvikvm( 3964): Could not find method android.view.View.setNestedScrollingEnabled, referenced from method androidx.core.view.ViewCompat.setNestedScrollingEnabled
W/dalvikvm( 3964): VFY: unable to resolve virtual method 2375: Landroid/view/View;.setNestedScrollingEnabled (Z)V
D/dalvikvm( 3964): VFY: replacing opcode 0x6e at 0x0006
I/dalvikvm( 3964): Could not find method android.view.View.setNextClusterForwardId, referenced from method androidx.core.view.ViewCompat.setNextClusterForwardId
W/dalvikvm( 3964): VFY: unable to resolve virtual method 2376: Landroid/view/View;.setNextClusterForwardId (I)V
D/dalvikvm( 3964): VFY: replacing opcode 0x6e at 0x0006
I/dalvikvm( 3964): Could not find method android.view.View.setOnApplyWindowInsetsListener, referenced from method androidx.core.view.ViewCompat.setOnApplyWindowInsetsListener
W/dalvikvm( 3964): VFY: unable to resolve virtual method 2377: Landroid/view/View;.setOnApplyWindowInsetsListener (Landroid/view/View$OnApplyWindowInsetsListener;)V
D/dalvikvm( 3964): VFY: replacing opcode 0x6e at 0x0009
I/dalvikvm( 3964): Failed resolving Landroidx/core/view/ViewCompat$1; interface 448 'Landroid/view/View$OnApplyWindowInsetsListener;'
W/dalvikvm( 3964): Link of class 'Landroidx/core/view/ViewCompat$1;' failed
E/dalvikvm( 3964): Could not find class 'androidx.core.view.ViewCompat$1', referenced from method androidx.core.view.ViewCompat.setOnApplyWindowInsetsListener
W/dalvikvm( 3964): VFY: unable to resolve new-instance 1550 (Landroidx/core/view/ViewCompat$1;) in Landroidx/core/view/ViewCompat;
D/dalvikvm( 3964): VFY: replacing opcode 0x22 at 0x000d
I/dalvikvm( 3964): Could not find method android.view.View.setPointerIcon, referenced from method androidx.core.view.ViewCompat.setPointerIcon
W/dalvikvm( 3964): VFY: unable to resolve virtual method 2389: Landroid/view/View;.setPointerIcon (Landroid/view/PointerIcon;)V
D/dalvikvm( 3964): VFY: replacing opcode 0x6e at 0x0012
I/dalvikvm( 3964): Could not find method android.view.View.setScrollIndicators, referenced from method androidx.core.view.ViewCompat.setScrollIndicators
W/dalvikvm( 3964): VFY: unable to resolve virtual method 2398: Landroid/view/View;.setScrollIndicators (I)V
D/dalvikvm( 3964): VFY: replacing opcode 0x6e at 0x0006
I/dalvikvm( 3964): Could not find method android.view.View.setScrollIndicators, referenced from method androidx.core.view.ViewCompat.setScrollIndicators
W/dalvikvm( 3964): VFY: unable to resolve virtual method 2399: Landroid/view/View;.setScrollIndicators (II)V
D/dalvikvm( 3964): VFY: replacing opcode 0x6e at 0x0006
I/dalvikvm( 3964): Could not find method android.view.View.setTooltipText, referenced from method androidx.core.view.ViewCompat.setTooltipText
W/dalvikvm( 3964): VFY: unable to resolve virtual method 2406: Landroid/view/View;.setTooltipText (Ljava/lang/CharSequence;)V
D/dalvikvm( 3964): VFY: replacing opcode 0x6e at 0x0006
I/dalvikvm( 3964): Could not find method android.view.View.setTransitionName, referenced from method androidx.core.view.ViewCompat.setTransitionName
W/dalvikvm( 3964): VFY: unable to resolve virtual method 2408: Landroid/view/View;.setTransitionName (Ljava/lang/String;)V
D/dalvikvm( 3964): VFY: replacing opcode 0x6e at 0x0006
I/dalvikvm( 3964): Could not find method android.view.View.setTranslationZ, referenced from method androidx.core.view.ViewCompat.setTranslationZ
W/dalvikvm( 3964): VFY: unable to resolve virtual method 2412: Landroid/view/View;.setTranslationZ (F)V
D/dalvikvm( 3964): VFY: replacing opcode 0x6e at 0x0006
I/dalvikvm( 3964): Could not find method android.view.View.setZ, referenced from method androidx.core.view.ViewCompat.setZ
W/dalvikvm( 3964): VFY: unable to resolve virtual method 2418: Landroid/view/View;.setZ (F)V
D/dalvikvm( 3964): VFY: replacing opcode 0x6e at 0x0006
I/dalvikvm( 3964): Could not find method android.view.View.startDragAndDrop, referenced from method androidx.core.view.ViewCompat.startDragAndDrop
W/dalvikvm( 3964): VFY: unable to resolve virtual method 2421: Landroid/view/View;.startDragAndDrop (Landroid/content/ClipData;Landroid/view/View$DragShadowBuilder;Ljava/lang/Object;I)Z
D/dalvikvm( 3964): VFY: replacing opcode 0x6e at 0x0006
I/dalvikvm( 3964): Could not find method android.view.View.startNestedScroll, referenced from method androidx.core.view.ViewCompat.startNestedScroll
W/dalvikvm( 3964): VFY: unable to resolve virtual method 2422: Landroid/view/View;.startNestedScroll (I)Z
D/dalvikvm( 3964): VFY: replacing opcode 0x6e at 0x0006
I/dalvikvm( 3964): Could not find method android.view.View.stopNestedScroll, referenced from method androidx.core.view.ViewCompat.stopNestedScroll
W/dalvikvm( 3964): VFY: unable to resolve virtual method 2423: Landroid/view/View;.stopNestedScroll ()V
D/dalvikvm( 3964): VFY: replacing opcode 0x6e at 0x0006
I/dalvikvm( 3964): Could not find method android.view.View.updateDragShadow, referenced from method androidx.core.view.ViewCompat.updateDragShadow
W/dalvikvm( 3964): VFY: unable to resolve virtual method 2426: Landroid/view/View;.updateDragShadow (Landroid/view/View$DragShadowBuilder;)V
D/dalvikvm( 3964): VFY: replacing opcode 0x6e at 0x0006
I/dalvikvm( 3964): Failed resolving Landroidx/core/view/ViewCompat$2; interface 458 'Landroid/view/View$OnUnhandledKeyEventListener;'
W/dalvikvm( 3964): Link of class 'Landroidx/core/view/ViewCompat$2;' failed
D/dalvikvm( 3964): DexOpt: unable to opt direct call 0x318d at 0x1c in Landroidx/core/view/ViewCompat;.addOnUnhandledKeyEventListener
D/dalvikvm( 3964): DexOpt: unable to opt direct call 0x0a85 at 0x18 in Landroidx/core/view/ViewCompat;.dispatchApplyWindowInsets
D/dalvikvm( 3964): DexOpt: unable to opt direct call 0x0a85 at 0x18 in Landroidx/core/view/ViewCompat;.onApplyWindowInsets
I/dalvikvm( 3964): Failed resolving Landroidx/core/view/ViewCompat$1; interface 448 'Landroid/view/View$OnApplyWindowInsetsListener;'
W/dalvikvm( 3964): Link of class 'Landroidx/core/view/ViewCompat$1;' failed
D/dalvikvm( 3964): DexOpt: unable to opt direct call 0x318b at 0x0f in Landroidx/core/view/ViewCompat;.setOnApplyWindowInsetsListener
D/dalvikvm( 3964): GC_CONCURRENT freed 365K, 12% free 3514K/3956K, paused 0ms+0ms, total 3ms
D/dalvikvm( 3964): GC_FOR_ALLOC freed 324K, 13% free 3518K/4004K, paused 2ms, total 2ms
D/dalvikvm( 3964): GC_FOR_ALLOC freed 95K, 11% free 3595K/4004K, paused 4ms, total 4ms
I/dalvikvm-heap( 3964): Grow heap (frag case) to 5.431MB for 1939932-byte allocation
D/dalvikvm( 3964): GC_FOR_ALLOC freed <1K, 7% free 5489K/5900K, paused 3ms, total 3ms
D/dalvikvm( 3964): GC_CONCURRENT freed <1K, 7% free 5489K/5900K, paused 0ms+0ms, total 3ms
D/dalvikvm( 3964): Trying to load lib /data/app-lib/org.petero.droidfish-1/libnativeutil.so 0x9d003010
D/dalvikvm( 3964): Added shared lib /data/app-lib/org.petero.droidfish-1/libnativeutil.so 0x9d003010
D/dalvikvm( 3964): No JNI_OnLoad found in /data/app-lib/org.petero.droidfish-1/libnativeutil.so 0x9d003010, skipping init
D/dalvikvm( 3964): GC_CONCURRENT freed 493K, 9% free 5754K/6320K, paused 1ms+1ms, total 4ms
D/dalvikvm( 3964): Trying to load lib /data/app-lib/org.petero.droidfish-1/libgtb.so 0x9d003010
D/dalvikvm( 3964): Added shared lib /data/app-lib/org.petero.droidfish-1/libgtb.so 0x9d003010
D/dalvikvm( 3964): No JNI_OnLoad found in /data/app-lib/org.petero.droidfish-1/libgtb.so 0x9d003010, skipping init
D/dalvikvm( 3964): Trying to load lib /data/app-lib/org.petero.droidfish-1/librtb.so 0x9d003010
D/dalvikvm( 3964): Added shared lib /data/app-lib/org.petero.droidfish-1/librtb.so 0x9d003010
D/dalvikvm( 3964): No JNI_OnLoad found in /data/app-lib/org.petero.droidfish-1/librtb.so 0x9d003010, skipping init
D/dalvikvm( 3964): GC_CONCURRENT freed 864K, 15% free 5735K/6672K, paused 3ms+1ms, total 7ms
D/dalvikvm( 3964): GC_CONCURRENT freed 672K, 12% free 5930K/6680K, paused 0ms+1ms, total 4ms
D/dalvikvm( 3964): GC_FOR_ALLOC freed 359K, 13% free 6066K/6960K, paused 3ms, total 3ms
D/dalvikvm( 3964): GC_CONCURRENT freed 483K, 7% free 6675K/7112K, paused 2ms+0ms, total 11ms
D/dalvikvm( 3964): GC_CONCURRENT freed 702K, 10% free 7202K/7980K, paused 1ms+0ms, total 4ms
D/dalvikvm( 3964): WAIT_FOR_CONCURRENT_GC blocked 3ms
D/dalvikvm( 3964): WAIT_FOR_CONCURRENT_GC blocked 12ms
D/dalvikvm( 3964): GC_CONCURRENT freed 1036K, 13% free 7558K/8668K, paused 1ms+1ms, total 7ms
I/dalvikvm( 3964): Could not find method android.app.NotificationManager.areNotificationsEnabled, referenced from method androidx.core.app.NotificationManagerCompat.areNotificationsEnabled
W/dalvikvm( 3964): VFY: unable to resolve virtual method 398: Landroid/app/NotificationManager;.areNotificationsEnabled ()Z
D/dalvikvm( 3964): VFY: replacing opcode 0x6e at 0x0008
W/dalvikvm( 3964): VFY: unable to find class referenced in signature (Landroid/app/NotificationChannel;)
I/dalvikvm( 3964): Could not find method android.app.NotificationManager.createNotificationChannel, referenced from method androidx.core.app.NotificationManagerCompat.createNotificationChannel
W/dalvikvm( 3964): VFY: unable to resolve virtual method 401: Landroid/app/NotificationManager;.createNotificationChannel (Landroid/app/NotificationChannel;)V
D/dalvikvm( 3964): VFY: replacing opcode 0x6e at 0x0008
W/dalvikvm( 3964): VFY: unable to find class referenced in signature (Landroid/app/NotificationChannelGroup;)
I/dalvikvm( 3964): Could not find method android.app.NotificationManager.createNotificationChannelGroup, referenced from method androidx.core.app.NotificationManagerCompat.createNotificationChannelGroup
W/dalvikvm( 3964): VFY: unable to resolve virtual method 402: Landroid/app/NotificationManager;.createNotificationChannelGroup (Landroid/app/NotificationChannelGroup;)V
D/dalvikvm( 3964): VFY: replacing opcode 0x6e at 0x0008
I/dalvikvm( 3964): Could not find method android.app.NotificationManager.createNotificationChannelGroups, referenced from method androidx.core.app.NotificationManagerCompat.createNotificationChannelGroups
W/dalvikvm( 3964): VFY: unable to resolve virtual method 403: Landroid/app/NotificationManager;.createNotificationChannelGroups (Ljava/util/List;)V
D/dalvikvm( 3964): VFY: replacing opcode 0x6e at 0x0008
I/dalvikvm( 3964): Could not find method android.app.NotificationManager.createNotificationChannels, referenced from method androidx.core.app.NotificationManagerCompat.createNotificationChannels
W/dalvikvm( 3964): VFY: unable to resolve virtual method 404: Landroid/app/NotificationManager;.createNotificationChannels (Ljava/util/List;)V
D/dalvikvm( 3964): VFY: replacing opcode 0x6e at 0x0008
I/dalvikvm( 3964): Could not find method android.app.NotificationManager.deleteNotificationChannel, referenced from method androidx.core.app.NotificationManagerCompat.deleteNotificationChannel
W/dalvikvm( 3964): VFY: unable to resolve virtual method 405: Landroid/app/NotificationManager;.deleteNotificationChannel (Ljava/lang/String;)V
D/dalvikvm( 3964): VFY: replacing opcode 0x6e at 0x0008
I/dalvikvm( 3964): Could not find method android.app.NotificationManager.deleteNotificationChannelGroup, referenced from method androidx.core.app.NotificationManagerCompat.deleteNotificationChannelGroup
W/dalvikvm( 3964): VFY: unable to resolve virtual method 406: Landroid/app/NotificationManager;.deleteNotificationChannelGroup (Ljava/lang/String;)V
D/dalvikvm( 3964): VFY: replacing opcode 0x6e at 0x0008
I/dalvikvm( 3964): Could not find method android.app.NotificationManager.getImportance, referenced from method androidx.core.app.NotificationManagerCompat.getImportance
W/dalvikvm( 3964): VFY: unable to resolve virtual method 407: Landroid/app/NotificationManager;.getImportance ()I
D/dalvikvm( 3964): VFY: replacing opcode 0x6e at 0x0008
I/dalvikvm( 3964): Could not find method android.app.NotificationManager.getNotificationChannel, referenced from method androidx.core.app.NotificationManagerCompat.getNotificationChannel
W/dalvikvm( 3964): VFY: unable to resolve virtual method 408: Landroid/app/NotificationManager;.getNotificationChannel (Ljava/lang/String;)Landroid/app/NotificationChannel;
D/dalvikvm( 3964): VFY: replacing opcode 0x6e at 0x0008
W/dalvikvm( 3964): VFY: unable to find class referenced in signature (Landroid/app/NotificationChannel;)
I/dalvikvm( 3964): Could not find method android.app.NotificationManager.getNotificationChannelGroup, referenced from method androidx.core.app.NotificationManagerCompat.getNotificationChannelGroup
W/dalvikvm( 3964): VFY: unable to resolve virtual method 409: Landroid/app/NotificationManager;.getNotificationChannelGroup (Ljava/lang/String;)Landroid/app/NotificationChannelGroup;
D/dalvikvm( 3964): VFY: replacing opcode 0x6e at 0x0008
E/dalvikvm( 3964): Could not find class 'android.app.NotificationChannelGroup', referenced from method androidx.core.app.NotificationManagerCompat.getNotificationChannelGroup
W/dalvikvm( 3964): VFY: unable to resolve check-cast 63 (Landroid/app/NotificationChannelGroup;) in Landroidx/core/app/NotificationManagerCompat;
D/dalvikvm( 3964): VFY: replacing opcode 0x1f at 0x0026
W/dalvikvm( 3964): VFY: unable to find class referenced in signature (Landroid/app/NotificationChannelGroup;)
I/dalvikvm( 3964): Could not find method android.app.NotificationManager.getNotificationChannelGroups, referenced from method androidx.core.app.NotificationManagerCompat.getNotificationChannelGroups
W/dalvikvm( 3964): VFY: unable to resolve virtual method 410: Landroid/app/NotificationManager;.getNotificationChannelGroups ()Ljava/util/List;
D/dalvikvm( 3964): VFY: replacing opcode 0x6e at 0x0008
I/dalvikvm( 3964): Could not find method android.app.NotificationManager.getNotificationChannels, referenced from method androidx.core.app.NotificationManagerCompat.getNotificationChannels
W/dalvikvm( 3964): VFY: unable to resolve virtual method 411: Landroid/app/NotificationManager;.getNotificationChannels ()Ljava/util/List;
D/dalvikvm( 3964): VFY: replacing opcode 0x6e at 0x0008
D/        ( 3964): HostConnection::get() New Host Connection established 0xb8c10250, tid 3964
D/EGL_emulation( 3964): eglCreateContext: 0xb8bb9e00: maj 3 min 0 rcv 3
D/EGL_emulation( 3964): eglMakeCurrent: 0xb8bb9e00: ver 3 0
E/eglCodecCommon( 3964): glUtilsParamSize: unknow param 0x00008cdf
E/eglCodecCommon( 3964): glUtilsParamSize: unknow param 0x00008824
E/EGL_emulation( 3964): tid 3964: eglSurfaceAttrib(1199): error 0x3009 (EGL_BAD_MATCH)
W/HardwareRenderer( 3964): Backbuffer cannot be preserved
D/OpenGLRenderer( 3964): Enabling debug mode 0
D/tourguide( 3964): enforceMotionType 1
D/tourguide( 3964): enforceMotionType 2
I/dalvikvm( 3964): Could not find method android.content.res.Resources.getDrawable, referenced from method androidx.appcompat.widget.ResourcesWrapper.getDrawable
W/dalvikvm( 3964): VFY: unable to resolve virtual method 757: Landroid/content/res/Resources;.getDrawable (ILandroid/content/res/Resources$Theme;)Landroid/graphics/drawable/Drawable;
D/dalvikvm( 3964): VFY: replacing opcode 0x6e at 0x0002
I/dalvikvm( 3964): Could not find method android.content.res.Resources.getDrawableForDensity, referenced from method androidx.appcompat.widget.ResourcesWrapper.getDrawableForDensity
W/dalvikvm( 3964): VFY: unable to resolve virtual method 759: Landroid/content/res/Resources;.getDrawableForDensity (IILandroid/content/res/Resources$Theme;)Landroid/graphics/drawable/Drawable;
D/dalvikvm( 3964): VFY: replacing opcode 0x6e at 0x0002
I/dalvikvm( 3964): Could not find method android.content.res.TypedArray.getChangingConfigurations, referenced from method androidx.appcompat.widget.TintTypedArray.getChangingConfigurations
W/dalvikvm( 3964): VFY: unable to resolve virtual method 794: Landroid/content/res/TypedArray;.getChangingConfigurations ()I
D/dalvikvm( 3964): VFY: replacing opcode 0x6e at 0x0002
I/dalvikvm( 3964): Could not find method android.content.res.TypedArray.getType, referenced from method androidx.appcompat.widget.TintTypedArray.getType
W/dalvikvm( 3964): VFY: unable to resolve virtual method 816: Landroid/content/res/TypedArray;.getType (I)I
D/dalvikvm( 3964): VFY: replacing opcode 0x6e at 0x0008
I/dalvikvm( 3964): Could not find method android.content.Context.getColorStateList, referenced from method androidx.appcompat.content.res.AppCompatResources.getColorStateList
W/dalvikvm( 3964): VFY: unable to resolve virtual method 541: Landroid/content/Context;.getColorStateList (I)Landroid/content/res/ColorStateList;
D/dalvikvm( 3964): VFY: replacing opcode 0x6e at 0x0006
I/dalvikvm( 3964): Could not find method android.graphics.Color.getModel, referenced from method androidx.core.graphics.ColorUtils.compositeColors
W/dalvikvm( 3964): VFY: unable to resolve virtual method 948: Landroid/graphics/Color;.getModel ()Landroid/graphics/ColorSpace$Model;
D/dalvikvm( 3964): VFY: replacing opcode 0x6e at 0x0000
E/dalvikvm( 3964): Could not find class 'android.graphics.drawable.RippleDrawable', referenced from method androidx.appcompat.widget.AppCompatImageHelper.hasOverlappingRendering
W/dalvikvm( 3964): VFY: unable to resolve instanceof 219 (Landroid/graphics/drawable/RippleDrawable;) in Landroidx/appcompat/widget/AppCompatImageHelper;
D/dalvikvm( 3964): VFY: replacing opcode 0x20 at 0x000c
I/dalvikvm( 3964): Could not find method android.content.Context.getColor, referenced from method androidx.databinding.ViewDataBinding.getColorFromResource
W/dalvikvm( 3964): VFY: unable to resolve virtual method 540: Landroid/content/Context;.getColor (I)I
D/dalvikvm( 3964): VFY: replacing opcode 0x6e at 0x000a
I/dalvikvm( 3964): Could not find method android.content.Context.getColorStateList, referenced from method androidx.databinding.ViewDataBinding.getColorStateListFromRe