W/ContextImpl( 3359): Calling a method in the system process without a qualified user: android.app.ContextImpl.startService:1479 android.content.ContextWrapper.startService:494 android.content.ContextWrapper.startService:494 com.android.keychain.KeyChainBroadcastReceiver.onReceive:12 android.app.ActivityThread.handleReceiver:2419 
W/ContextImpl( 2324): Implicit intents with startService are not safe: Intent { act=com.google.android.gms.icing.INDEX_SERVICE } android.content.ContextWrapper.bindService:517 com.google.android.gms.internal.av.a:-1 com.google.android.gms.internal.au.connect:-1 
I/PackageManager( 1571):   Action: "android.intent.action.SENDTO"
I/PackageManager( 1571):   Category: "android.intent.category.DEFAULT"
I/PackageManager( 1571):   Scheme: "mmsto"
E/SQLiteDatabase( 1788): Error inserting service_kind=0 persistence_level=1 tag=PhenotypeSyncImmediately task_type=0 runtime=1629034498051 required_idleness_state=0 period=2000 retry_strategy={"initial_backoff_seconds":{"30":0},"retry_policy":{"0":0},"maximum_backoff_seconds":{"3600":0}} extras={"fetchPackage":{"com.google.android.gms.auth_api_phone":4},"fetchReason":{"6":0}} target_class=com.google.android.gms.phenotype.service.sync.PhenotypeConfigurator source=16 required_network_type=0 requires_charging=0 last_runtime=0 user_id=0 target_package=com.google.android.gms source_version=202414000 flex_time=1000 job_id=-1
E/SQLiteDatabase( 1788): android.database.sqlite.SQLiteConstraintException: columns tag, target_class, target_package, user_id are not unique (code 19)
E/SQLiteDatabase( 1788): 	at android.database.sqlite.SQLiteConnection.nativeExecuteForLastInsertedRowId(Native Method)
E/SQLiteDatabase( 1788): 	at android.database.sqlite.SQLiteConnection.executeForLastInsertedRowId(SQLiteConnection.java:782)
E/SQLiteDatabase( 1788): 	at android.database.sqlite.SQLiteSession.executeForLastInsertedRowId(SQLiteSession.java:788)
E/SQLiteDatabase( 1788): 	at android.database.sqlite.SQLiteStatement.executeInsert(SQLiteStatement.java:86)
E/SQLiteDatabase( 1788): 	at android.database.sqlite.SQLiteDatabase.insertWithOnConflict(SQLiteDatabase.java:1469)
E/SQLiteDatabase( 1788): 	at android.database.sqlite.SQLiteDatabase.insert(SQLiteDatabase.java:1339)
E/SQLiteDatabase( 1788): 	at ajnd.a(:com.google.android.gms@202414005@20.24.14 (000700-319035315):175)
E/SQLiteDatabase( 1788): 	at ajmf.a(:com.google.android.gms@202414005@20.24.14 (000700-319035315):257)
E/SQLiteDatabase( 1788): 	at ajmf.a(:com.google.android.gms@202414005@20.24.14 (000700-319035315):23)
E/SQLiteDatabase( 1788): 	at ajmf.b(:com.google.android.gms@202414005@20.24.14 (000700-319035315):6)
E/SQLiteDatabase( 1788): 	at ajmf.a(:com.google.android.gms@202414005@20.24.14 (000700-319035315):94)
E/SQLiteDatabase( 1788): 	at ajmb.handleMessage(:com.google.android.gms@202414005@20.24.14 (000700-319035315):16)
E/SQLiteDatabase( 1788): 	at android.os.Handler.dispatchMessage(Handler.java:102)
E/SQLiteDatabase( 1788): 	at ypf.a(:com.google.android.gms@202414005@20.24.14 (000700-319035315):2)
E/SQLiteDatabase( 1788): 	at ypf.dispatchMessage(:com.google.android.gms@202414005@20.24.14 (000700-319035315):14)
E/SQLiteDatabase( 1788): 	at android.os.Looper.loop(Looper.java:136)
E/SQLiteDatabase( 1788): 	at android.os.HandlerThread.run(HandlerThread.java:61)
I/PackageManager( 1571): Adding preferred activity ComponentInfo{com.android.mms/com.android.mms.ui.ComposeMessageActivity} for user 0 :
I/PackageManager( 1571):   Action: "android.intent.action.SENDTO"
I/PackageManager( 1571):   Category: "android.intent.category.DEFAULT"
I/PackageManager( 1571):   Scheme: "sms"
I/Icing   ( 2173): doRemovePackageData it.unina.android.ripper
I/PackageManager( 1571): Adding preferred activity ComponentInfo{com.android.mms/com.android.mms.ui.ComposeMessageActivity} for user 0 :
I/PackageManager( 1571):   Action: "android.intent.action.SENDTO"
I/PackageManager( 1571):   Category: "android.intent.category.DEFAULT"
I/PackageManager( 1571):   Scheme: "smsto"
I/PackageManager( 1571): Adding preferred activity ComponentInfo{com.android.mms/com.android.mms.ui.ComposeMessageActivity} for user 0 :
D/dalvikvm( 1848): GC_FOR_ALLOC freed 440K, 15% free 3662K/4272K, paused 4ms, total 4ms
I/PackageManager( 1571):   Action: "android.intent.action.SENDTO"
I/PackageManager( 1571):   Category: "android.intent.category.DEFAULT"
I/PackageManager( 1571):   Scheme: "mms"
I/PackageManager( 1571): Adding preferred activity ComponentInfo{com.android.mms/com.android.mms.ui.ComposeMessageActivity} for user 0 :
I/PackageManager( 1571):   Action: "android.intent.action.SENDTO"
I/PackageManager( 1571):   Category: "android.intent.category.DEFAULT"
I/PackageManager( 1571):   Scheme: "mmsto"
I/PackageManager( 1571): Adding preferred activity ComponentInfo{com.android.mms/com.android.mms.ui.ComposeMessageActivity} for user 0 :
D/dalvikvm( 2173): GC_FOR_ALLOC freed 1882K, 12% free 21381K/24128K, paused 47ms, total 47ms
I/RealtimeCacheCleanup( 2173): Beginning Realtime garbage collection.
I/Icing   ( 2173): IndexChimeraService.getServiceInterface callingPackage=com.google.android.gms componentName=AppsCorpus serviceId=36
I/Icing   ( 2173): IndexChimeraService.getServiceInterface callingPackage=com.google.android.googlequicksearchbox componentName=null serviceId=21
I/RealtimeCacheCleanup( 2173): Finished Realtime garbage collection.
W/Icing.InternalIcingCorporaProvider( 2324): Application table change notification failed.
I/LatinIME:LogUtils( 1774): Dictionary info: dictionary = main:en ; version = 42 ; date = 1381226516
D/dalvikvm( 1788): GC_FOR_ALLOC freed 1963K, 24% free 10107K/13148K, paused 8ms, total 8ms
W/Icing   ( 2173): No valid account for uploading user actions
I/Icing   ( 2173): Usage reports ok 0, Failed Usage reports 0, indexed 0, rejected 0
I/NetworkScheduler.Stats( 1788): Task com.google.android.gms/com.google.android.gms.phenotype.service.sync.PhenotypeConfigurator started execution. cause:7 exec_start_elapsed_seconds: 303 [CONTEXT service_id=218 ]
W/Icing   ( 2173): No valid account for uploading user actions
I/Icing   ( 2173): Usage reports ok 0, Failed Usage reports 0, indexed 0, rejected 0
I/Icing   ( 2173): Indexing com.google.android.gms-apps from com.google.android.gms
I/Icing   ( 2173): Indexing done com.google.android.gms-apps
I/DownloadManager( 1876): Download 8 starting
W/DownloadManager( 1876): Aborting request for download 8: TYPE_DISALLOWED_BY_REQUESTOR
I/DownloadManager( 1876): Download 8 finished with status WAITING_FOR_NETWORK
I/ahkf    ( 1788): Removed 0 invalid users [CONTEXT service_id=51 ]
D/AndroidRuntime( 3757): 
D/AndroidRuntime( 3757): >>>>>> AndroidRuntime START com.android.internal.os.RuntimeInit <<<<<<
W/linker  ( 3757): libdvm.so has text relocations. This is wasting memory and is a security risk. Please fix.
D/AndroidRuntime( 3757): CheckJNI is ON
D/dalvikvm( 3757): Trying to load lib libjavacore.so 0x0
D/dalvikvm( 3757): Added shared lib libjavacore.so 0x0
D/dalvikvm( 3757): Trying to load lib libnativehelper.so 0x0
D/dalvikvm( 3757): Added shared lib libnativehelper.so 0x0
D/dalvikvm( 3757): No JNI_OnLoad found in libnativehelper.so 0x0, skipping init
D/dalvikvm( 3757): Note: class Landroid/app/ActivityManagerNative; has 179 unimplemented (abstract) methods
E/memtrack( 3757): Couldn't load memtrack module (No such file or directory)
E/android.os.Debug( 3757): failed to load memtrack module: -2
D/AndroidRuntime( 3757): Calling main entry com.android.commands.pm.Pm
D/AndroidRuntime( 3757): Shutting down VM
D/dalvikvm( 3757): GC_CONCURRENT freed 93K, 15% free 557K/652K, paused 0ms+0ms, total 0ms
I/AndroidRuntime( 3757): NOTE: attach of thread 'Binder_2' failed
D/AndroidRuntime( 3768): 
D/AndroidRuntime( 3768): >>>>>> AndroidRuntime START com.android.internal.os.RuntimeInit <<<<<<
W/linker  ( 3768): libdvm.so has text relocations. This is wasting memory and is a security risk. Please fix.
D/AndroidRuntime( 3768): CheckJNI is ON
D/dalvikvm( 3768): Trying to load lib libjavacore.so 0x0
D/dalvikvm( 3768): Added shared lib libjavacore.so 0x0
D/dalvikvm( 3768): Trying to load lib libnativehelper.so 0x0
D/dalvikvm( 3768): Added shared lib libnativehelper.so 0x0
D/dalvikvm( 3768): No JNI_OnLoad found in libnativehelper.so 0x0, skipping init
D/dalvikvm( 3768): Note: class Landroid/app/ActivityManagerNative; has 179 unimplemented (abstract) methods
E/memtrack( 3768): Couldn't load memtrack module (No such file or directory)
E/android.os.Debug( 3768): failed to load memtrack module: -2
D/AndroidRuntime( 3768): Calling main entry com.android.commands.pm.Pm
I/GeofencerStateMachine( 1788): removeGeofences: removeRequest=RemoveGeofencingRequest[REMOVE_ALL packageName=it.unina.android.ripper_service]
D/Documents( 3297): Used cached roots for com.android.providers.downloads.documents
D/Documents( 3297): Used cached roots for com.android.externalstorage.documents
D/Documents( 3297): Used cached roots for com.android.providers.media.documents
D/Documents( 3297): Update found 6 roots in 1ms
I/ActivityManager( 1571): Force stopping it.unina.android.ripper_service appid=10060 user=0: clear data
I/ActivityManager( 1571): Killing 3503:it.unina.android.ripper_service:android_ripper_service_process/u0a60 (adj 8): stop it.unina.android.ripper_service
I/ActivityManager( 1571):   Force stopping service ServiceRecord{9d453310 u0 it.unina.android.ripper_service/.AndroidRipperService}
D/keystore( 1149): calling clear_uid in state: 3
I/Fitness ( 1788): FitCleanupIntentOperation received Intent android.intent.action.PACKAGE_DATA_CLEARED [CONTEXT service_id=17 ]
I/Icing   ( 2173): doRemovePackageData it.unina.android.ripper_service
D/AndroidRuntime( 3768): Shutting down VM
D/dalvikvm( 3768): GC_CONCURRENT freed 93K, 15% free 549K/644K, paused 0ms+0ms, total 0ms
D/dalvikvm( 1788): GC_FOR_ALLOC freed 1732K, 21% free 10400K/13148K, paused 12ms, total 12ms
I/dalvikvm( 1788): JIT code cache full after ChainingCell (trace uses 52B)
I/ahju    ( 1788): Scheduling a periodic sync task every 86400 seconds, with flex of 1800 seconds [CONTEXT service_id=51 ]
I/ahju    ( 1788): Scheduling adaptive one off task with window [14400, 604800] in seconds [CONTEXT service_id=51 ]
D/AndroidRuntime( 3784): 
D/AndroidRuntime( 3784): >>>>>> AndroidRuntime START com.android.internal.os.RuntimeInit <<<<<<
W/linker  ( 3784): libdvm.so has text relocations. This is wasting memory and is a security risk. Please fix.
D/AndroidRuntime( 3784): CheckJNI is ON
D/dalvikvm( 3784): Trying to load lib libjavacore.so 0x0
D/dalvikvm( 3784): Added shared lib libjavacore.so 0x0
D/dalvikvm( 3784): Trying to load lib libnativehelper.so 0x0
I/PGAPhenotypeBroadcastRe( 3040): Received Phenotype update.
D/dalvikvm( 3784): Added shared lib libnativehelper.so 0x0
D/dalvikvm( 3784): No JNI_OnLoad found in libnativehelper.so 0x0, skipping init
D/dalvikvm( 3784): Note: class Landroid/app/ActivityManagerNative; has 179 unimplemented (abstract) methods
D/dalvikvm( 1788): JIT code cache reset in 0 ms (523224 bytes 2/0)
D/dalvikvm( 1788): GC_FOR_ALLOC freed 2330K, 24% free 10118K/13148K, paused 13ms, total 14ms
E/memtrack( 3784): Couldn't load memtrack module (No such file or directory)
E/android.os.Debug( 3784): failed to load memtrack module: -2
I/NetworkScheduler.Stats( 1788): Task com.google.android.gms/com.google.android.gms.phenotype.service.sync.PhenotypeConfigurator finished executing. cause:7 result: 1 elapsed_millis: 588 uptime_millis: 588 exec_start_elapsed_seconds: 303 [CONTEXT service_id=218 ]
D/AndroidRuntime( 3784): Calling main entry com.android.commands.pm.Pm
I/ActivityManager( 1571): Force stopping it.unina.android.ripper_service appid=10060 user=-1: uninstall pkg
W/PackageManager( 1571): Couldn't delete native library directory /data/app-lib/it.unina.android.ripper_service
D/dalvikvm( 1571): GC_FOR_ALLOC freed 1441K, 44% free 8693K/15348K, paused 8ms, total 8ms
D/keystore( 1149): calling clear_uid in state: 3
I/ActivityManager( 1571): Force stopping it.unina.android.ripper_service appid=10060 user=0: pkg removed
D/dalvikvm( 1964): GC_EXPLICIT freed 12301K, 24% free 20573K/27028K, paused 0ms+1ms, total 3ms
D/dalvikvm( 2324): GC_EXPLICIT freed 301K, 17% free 3417K/4076K, paused 0ms+1ms, total 3ms
D/dalvikvm( 2369): GC_EXPLICIT freed 97K, 13% free 3571K/4080K, paused 0ms+0ms, total 2ms
W/Launcher.Model( 2369): Nobody to tell about the new app.  Launcher is probably loading.
D/Documents( 3297): Used cached roots for com.android.providers.downloads.documents
D/Documents( 3297): Used cached roots for com.android.externalstorage.documents
D/Documents( 3297): Used cached roots for com.android.providers.media.documents
D/Documents( 3297): Update found 6 roots in 6ms
I/PackageManager( 1571):   Action: "android.intent.action.SENDTO"
I/PackageManager( 1571):   Category: "android.intent.category.DEFAULT"
I/PackageManager( 1571):   Scheme: "sms"
I/PackageManager( 1571): Adding preferred activity ComponentInfo{com.android.mms/com.android.mms.ui.ComposeMessageActivity} for user 0 :
I/GeofencerStateMachine( 1788): removeGeofences: removeRequest=RemoveGeofencingRequest[REMOVE_ALL packageName=it.unina.android.ripper_service]
I/InputReader( 1571): Reconfiguring input devices.  changes=0x00000010
I/Auth    ( 1788): [AuthManaged,PasswordComplexityHelperImpl] Updating password complexity components state.
I/Auth    ( 1788): [AuthManaged,PasswordComplexityHelperImpl] Enabling com.google.android.gms.auth.managed.ui.SetNewPasswordActivity
I/PackageManager( 1571):   Action: "android.intent.action.SENDTO"
I/PackageManager( 1571):   Category: "android.intent.category.DEFAULT"
I/PackageManager( 1571):   Scheme: "smsto"
D/dalvikvm( 1848): GC_FOR_ALLOC freed 460K, 16% free 3628K/4272K, paused 1ms, total 1ms
I/PackageManager( 1571): Adding preferred activity ComponentInfo{com.android.mms/com.android.mms.ui.ComposeMessageActivity} for user 0 :
I/PackageManager( 1571):   Action: "android.intent.action.SENDTO"
I/PackageManager( 1571):   Category: "android.intent.category.DEFAULT"
I/PackageManager( 1571):   Scheme: "mms"
I/PackageManager( 1571):   Action: "android.intent.action.SENDTO"
I/PackageManager( 1571):   Category: "android.intent.category.DEFAULT"
I/PackageManager( 1571):   Scheme: "mmsto"
I/PackageManager( 1571): Adding preferred activity ComponentInfo{com.android.mms/com.android.mms.ui.ComposeMessageActivity} for user 0 :
I/PackageManager( 1571): Adding preferred activity ComponentInfo{com.android.mms/com.android.mms.ui.ComposeMessageActivity} for user 0 :
I/PackageManager( 1571):   Action: "android.intent.action.SENDTO"
I/PackageManager( 1571):   Category: "android.intent.category.DEFAULT"
I/PackageManager( 1571):   Scheme: "sms"
D/dalvikvm( 1830): GC_EXPLICIT freed 316K, 16% free 6408K/7572K, paused 1ms+0ms, total 6ms
I/PackageManager( 1571):   Action: "android.intent.action.SENDTO"
I/PackageManager( 1571):   Category: "android.intent.category.DEFAULT"
I/PackageManager( 1571):   Scheme: "smsto"
I/PackageManager( 1571): Adding preferred activity ComponentInfo{com.android.mms/com.android.mms.ui.ComposeMessageActivity} for user 0 :
I/PackageManager( 1571): Adding preferred activity ComponentInfo{com.android.mms/com.android.mms.ui.ComposeMessageActivity} for user 0 :
D/dalvikvm( 1848): GC_FOR_ALLOC freed 425K, 15% free 3665K/4272K, paused 5ms, total 5ms
I/PackageManager( 1571):   Action: "android.intent.action.SENDTO"
I/PackageManager( 1571):   Category: "android.intent.category.DEFAULT"
I/PackageManager( 1571):   Scheme: "mms"
I/PackageManager( 1571): Adding preferred activity ComponentInfo{com.android.mms/com.android.mms.ui.ComposeMessageActivity} for user 0 :
I/PackageManager( 1571):   Action: "android.intent.action.SENDTO"
I/PackageManager( 1571):   Category: "android.intent.category.DEFAULT"
I/PackageManager( 1571):   Scheme: "mmsto"
I/PackageManager( 1571): Adding preferred activity ComponentInfo{com.android.mms/com.android.mms.ui.ComposeMessageActivity} for user 0 :
D/dalvikvm( 1571): GC_EXPLICIT freed 1420K, 44% free 8702K/15348K, paused 11ms+2ms, total 61ms
D/dalvikvm( 1571): WAIT_FOR_CONCURRENT_GC blocked 13ms
D/dalvikvm( 1571): WAIT_FOR_CONCURRENT_GC blocked 12ms
D/dalvikvm( 1571): WAIT_FOR_CONCURRENT_GC blocked 11ms
D/dalvikvm( 1571): WAIT_FOR_CONCURRENT_GC blocked 14ms
D/BackupManagerService( 1571): Received broadcast Intent { act=android.intent.action.PACKAGE_REMOVED dat=package:it.unina.android.ripper_service flg=0x4000010 (has extras) }
V/BackupManagerService( 1571): removePackageParticipantsLocked: uid=10060 #1
D/AndroidRuntime( 3784): Shutting down VM
D/VoicemailCleanupService( 1812): Cleaning up data for package: it.unina.android.ripper_service
D/dalvikvm( 3784): GC_CONCURRENT freed 92K, 15% free 549K/644K, paused 0ms+0ms, total 1ms
W/Launcher( 2369): setApplicationContext called twice! old=com.google.android.velvet.VelvetApplication@9cffe6e0 new=com.google.android.velvet.VelvetApplication@9cffe6e0
W/ContextImpl( 3359): Calling a method in the system process without a qualified user: android.app.ContextImpl.startService:1479 android.content.ContextWrapper.startService:494 android.content.ContextWrapper.startService:494 com.android.keychain.KeyChainBroadcastReceiver.onReceive:12 android.app.ActivityThread.handleReceiver:2419 
I/ActivityManager( 1571): Delay finish: com.android.keychain/.KeyChainBroadcastReceiver
I/Fitness ( 1788): FitCleanupIntentOperation received Intent android.intent.action.PACKAGE_REMOVED [CONTEXT service_id=17 ]
D/dalvikvm( 1812): GC_FOR_ALLOC freed 501K, 15% free 3391K/3964K, paused 12ms, total 12ms
I/ActivityManager( 1571): Resuming delayed broadcast
I/Icing.InternalIcingCorporaProvider( 2324): Updating corpora: A: it.unina.android.ripper_service, C: MAYBE
D/dalvikvm( 3297): GC_FOR_ALLOC freed 522K, 17% free 3096K/3692K, paused 1ms, total 1ms
I/Icing   ( 2173): IndexChimeraService.getServiceInterface callingPackage=com.google.android.googlequicksearchbox componentName=null serviceId=21
D/dalvikvm( 1788): GC_FOR_ALLOC freed 1926K, 23% free 10239K/13148K, paused 27ms, total 29ms
I/Auth    ( 1788): [AuthManaged,PasswordComplexityHelperImpl] Updating password complexity components state.
I/Auth    ( 1788): [AuthManaged,PasswordComplexityHelperImpl] Enabling com.google.android.gms.auth.managed.ui.SetNewPasswordActivity
W/Icing   ( 2173): No valid account for uploading user actions
I/Icing   ( 2173): Usage reports ok 0, Failed Usage reports 0, indexed 0, rejected 0
I/LatinIME:LogUtils( 1774): Dictionary info: dictionary = main:en ; version = 42 ; date = 1381226516
D/dalvikvm( 1876): GC_FOR_ALLOC freed 365K, 13% free 3544K/4044K, paused 3ms, total 4ms
I/DownloadManager( 1876): Download 9 starting
I/Icing   ( 2173): doRemovePackageData it.unina.android.ripper_service
W/DownloadManager( 1876): Aborting request for download 9: TYPE_DISALLOWED_BY_REQUESTOR
I/Icing   ( 2173): Indexing com.google.android.googlequicksearchbox-applications from com.google.android.googlequicksearchbox
I/Icing   ( 2173): Indexing com.google.android.gms-internal.3p:MobileApplication from com.google.android.gms
I/DownloadManager( 1876): Download 9 finished with status WAITING_FOR_NETWORK
I/Icing   ( 2173): Indexing com.google.android.gms-apps from com.google.android.gms
I/ChromeSync( 2173): [Sync,SyncIntentOperation] Handling the intent: Intent { act=com.google.android.gms.phenotype.COMMITTED flg=0x10 pkg=com.google.android.gms cmp=com.google.android.gms/.chimera.GmsIntentOperationService (has extras) }.
I/PTCommittedOperation( 1788): Receive new configuration for com.google.android.gms.people
E/GmsClient( 2173): unable to connect to service: com.google.android.gms.auth.key.retrieval.service.START on com.google.android.gms
W/ActivityManager( 1571): Unable to start service Intent { act=com.google.android.gms.auth.key.retrieval.service.START pkg=com.google.android.gms } U=0: not found
W/ActivityManager( 1571): Unbind failed: could not find connection for android.os.BinderProxy@9d98e8f8
I/MdiSyncModule( 2173): flag handling is skipping irrelevant intent.
W/ModuleInitIntentOp( 2173): Dropping unexpected action com.google.android.gms.phenotype.COMMITTED
I/Icing   ( 2173): Indexing done com.google.android.googlequicksearchbox-applications
I/Icing   ( 2173): Indexing done com.google.android.gms-internal.3p:MobileApplication
I/Icing   ( 2173): Indexing done com.google.android.gms-apps
D/dalvikvm( 1788): GC_FOR_ALLOC freed 1956K, 22% free 10330K/13148K, paused 9ms, total 9ms
I/FsaEntryPointSwitcher( 2173): setting component enabled=1 for com.google.android.gms.people.sync.focus.ContactsSyncAdapterService
I/FsaEntryPointSwitcher( 2173): Setting component enabled succeeds.
I/FsaEntryPointSwitcher( 2173): setting component enabled=2 for com.google.android.syncadapters.contacts.ContactsSyncAdapterService
I/FsaEntryPointSwitcher( 2173): Setting component enabled succeeds.
I/Auth    ( 1788): [AuthManaged,PasswordComplexityHelperImpl] Updating password complexity components state.
I/Auth    ( 1788): [AuthManaged,PasswordComplexityHelperImpl] Enabling com.google.android.gms.auth.managed.ui.SetNewPasswordActivity
D/AndroidRuntime( 3819): 
D/AndroidRuntime( 3819): >>>>>> AndroidRuntime START com.android.internal.os.RuntimeInit <<<<<<
W/linker  ( 3819): libdvm.so has text relocations. This is wasting memory and is a security risk. Please fix.
D/AndroidRuntime( 3819): CheckJNI is ON
D/dalvikvm( 3819): Trying to load lib libjavacore.so 0x0
D/dalvikvm( 3819): Added shared lib libjavacore.so 0x0
D/dalvikvm( 1788): GC_FOR_ALLOC freed 1134K, 21% free 10395K/13148K, paused 10ms, total 11ms
D/dalvikvm( 3819): Trying to load lib libnativehelper.so 0x0
D/dalvikvm( 3819): Added shared lib libnativehelper.so 0x0
D/dalvikvm( 3819): No JNI_OnLoad found in libnativehelper.so 0x0, skipping init
D/dalvikvm( 3819): Note: class Landroid/app/ActivityManagerNative; has 179 unimplemented (abstract) methods
D/dalvikvm( 2173): GC_FOR_ALLOC freed 1907K, 11% free 21520K/24128K, paused 19ms, total 19ms
E/memtrack( 3819): Couldn't load memtrack module (No such file or directory)
E/android.os.Debug( 3819): failed to load memtrack module: -2
I/MS_RegisterService( 2173): Tachyon host: instantmessaging-pa.googleapis.com, Tachyon port: 443
I/MS_RegisterService( 2173): RegisterService intent:Intent { act=com.google.android.gms.matchstick.register_intent_action cat=[targeted_intent_op_prefix:com.google.android.libraries.matchstick.net.SilentRegisterIntentOperation] cmp=com.google.android.gms/.chimera.GmsIntentOperationService } isPeriodic:false
W/DynamiteModule( 2173): Local module descriptor class for providerinstaller not found.
W/ProviderHelper( 2173): Unknown dynamite feature providerinstaller
I/DynamiteModule( 2173): Considering local module providerinstaller:0 and remote module providerinstaller:0
W/ProviderInstaller( 2173): Failed to load providerinstaller module: No acceptable module found. Local version is 0 and remote version is 0.
D/AndroidRuntime( 3819): Calling main entry com.android.commands.pm.Pm
W/ActivityManager( 1571): No content provider found for permission revoke: file:///data/local/tmp/AndroidRipperService.apk
W/ActivityManager( 1571): No content provider found for permission revoke: file:///data/local/tmp/AndroidRipperService.apk
I/PackageManager( 1571): Copying native libraries to /data/app-lib/vmdl884050648
I/PackageParser( 1571): it.unina.android.ripper_service: compat added android.permission.WRITE_EXTERNAL_STORAGE android.permission.READ_PHONE_STATE
I/Auth    ( 1788): [AuthManaged,PasswordComplexityHelperImpl] Updating password complexity components state.
I/Auth    ( 1788): [AuthManaged,PasswordComplexityHelperImpl] Enabling com.google.android.gms.auth.managed.ui.SetNewPasswordActivity
I/PackageManager( 1571): Running dexopt on: it.unina.android.ripper_service
W/linker  ( 3830): libdvm.so has text relocations. This is wasting memory and is a security risk. Please fix.
I/Auth    ( 1788): [AuthManaged,PasswordComplexityHelperImpl] Updating password complexity components state.
I/Auth    ( 1788): [AuthManaged,PasswordComplexityHelperImpl] Enabling com.google.android.gms.auth.managed.ui.SetNewPasswordActivity
I/PTCommittedOperation( 1788): Receive new configuration for com.google.android.gms.games
I/ChromeSync( 2173): [Sync,SyncIntentOperation] Handling the intent: Intent { act=com.google.android.gms.phenotype.COMMITTED flg=0x10 pkg=com.google.android.gms cmp=com.google.android.gms/.chimera.GmsIntentOperationService (has extras) }.
E/GmsClient( 2173): unable to connect to service: com.google.android.gms.auth.key.retrieval.service.START on com.google.android.gms
W/ActivityManager( 1571): Unable to start service Intent { act=com.google.android.gms.auth.key.retrieval.service.START pkg=com.google.android.gms } U=0: not found
W/ActivityManager( 1571): Unbind failed: could not find connection for android.os.BinderProxy@9d501e08
I/MdiSyncModule( 2173): flag handling is skipping irrelevant intent.
W/ModuleInitIntentOp( 2173): Dropping unexpected action com.google.android.gms.phenotype.COMMITTED
D/dalvikvm( 3830): DexOpt: load 3ms, verify+opt 30ms, 1117628 bytes
I/ActivityManager( 1571): Force stopping it.unina.android.ripper_service appid=10063 user=-1: update pkg
I/Auth    ( 1788): [AuthManaged,PasswordComplexityHelperImpl] Updating password complexity components state.
I/Auth    ( 1788): [AuthManaged,PasswordComplexityHelperImpl] Enabling com.google.android.gms.auth.managed.ui.SetNewPasswordActivity
I/InputReader( 1571): Reconfiguring input devices.  changes=0x00000010
W/Launcher.Model( 2369): Nobody to tell about the new app.  Launcher is probably loading.
D/Documents( 3297): Used cached roots for com.android.providers.downloads.documents
D/Documents( 3297): Used cached roots for com.android.externalstorage.documents
D/Documents( 3297): Used cached roots for com.android.providers.media.documents
D/Documents( 3297): Update found 6 roots in 4ms
I/PackageManager( 1571):   Action: "android.intent.action.SENDTO"
I/PackageManager( 1571):   Category: "android.intent.category.DEFAULT"
I/PackageManager( 1571):   Scheme: "sms"
I/PackageManager( 1571): Adding preferred activity ComponentInfo{com.android.mms/com.android.mms.ui.ComposeMessageActivity} for user 0 :
D/dalvikvm( 1571): GC_FOR_ALLOC freed 1365K, 43% free 8769K/15348K, paused 12ms, total 12ms
I/Auth    ( 1788): [AuthManaged,PasswordComplexityHelperImpl] Updating password complexity components state.
I/Auth    ( 1788): [AuthManaged,PasswordComplexityHelperImpl] Enabling com.google.android.gms.auth.managed.ui.SetNewPasswordActivity
I/PackageManager( 1571):   Action: "android.intent.action.SENDTO"
I/PackageManager( 1571):   Category: "android.intent.category.DEFAULT"
I/PackageManager( 1571):   Scheme: "smsto"
I/MobileDataHub( 2173): Scheduling periodic tasks
W/MobileDataHub( 2173): [Service] appsupload-periodic periodic task disabled
I/PackageManager( 1571): Adding preferred activity ComponentInfo{com.android.mms/com.android.mms.ui.ComposeMessageActivity} for user 0 :
D/dalvikvm( 1788): GC_FOR_ALLOC freed 2138K, 22% free 10305K/13148K, paused 8ms, total 8ms
D/dalvikvm( 1848): GC_FOR_ALLOC freed 455K, 16% free 3630K/4272K, paused 2ms, total 2ms
I/PackageManager( 1571):   Action: "android.intent.action.SENDTO"
I/PackageManager( 1571):   Category: "android.intent.category.DEFAULT"
I/PackageManager( 1571):   Scheme: "mms"
I/PackageManager( 1571):   Action: "android.intent.action.SENDTO"
I/PackageManager( 1571):   Category: "android.intent.category.DEFAULT"
I/PackageManager( 1571):   Scheme: "mmsto"
D/BackupManagerService( 1571): Received broadcast Intent { act=android.intent.action.PACKAGE_ADDED dat=package:it.unina.android.ripper_service flg=0x4000010 (has extras) }
V/BackupManagerService( 1571): addPackageParticipantsLocked: #1
I/PackageManager( 1571): Adding preferred activity ComponentInfo{com.android.mms/com.android.mms.ui.ComposeMessageActivity} for user 0 :
I/PackageManager( 1571): Adding preferred activity ComponentInfo{com.android.mms/com.android.mms.ui.ComposeMessageActivity} for user 0 :
I/ChromeSync( 2173): [Sync,SyncIntentOperation] Handling the intent: Intent { act=android.intent.action.PACKAGE_ADDED dat=package:it.unina.android.ripper_service flg=0x4000010 cmp=com.google.android.gms/.chimera.GmsIntentOperationService (has extras) }.
I/Auth    ( 2173): [SupervisedAccountIntentOperation] onHandleIntent(): android.intent.action.PACKAGE_ADDED
W/GCM     ( 1788): Unexpected forwarded intent: Intent { act=android.intent.action.PACKAGE_ADDED dat=package:it.unina.android.ripper_service flg=0x4000010 cmp=com.google.android.gms/.chimera.PersistentIntentOperationService (has extras) }
W/GCM     ( 1788): Unexpected forwarded intent: Intent { act=android.intent.action.PACKAGE_ADDED dat=package:it.unina.android.ripper_service flg=0x4000010 cmp=com.google.android.gms/.chimera.PersistentIntentOperationService (has extras) }
I/Auth    ( 1788): [AuthManaged,PasswordComplexityHelperImpl] Updating password complexity components state.
I/Auth    ( 1788): [AuthManaged,PasswordComplexityHelperImpl] Enabling com.google.android.gms.auth.managed.ui.SetNewPasswordActivity
I/FontLog ( 2173): Package it.unina.android.ripper_service has no metadata [CONTEXT service_id=132 ]
I/PackageManager( 1571):   Action: "android.intent.action.SENDTO"
I/PackageManager( 1571):   Category: "android.intent.category.DEFAULT"
I/PackageManager( 1571):   Scheme: "sms"
I/PackageManager( 1571): Adding preferred activity ComponentInfo{com.android.mms/com.android.mms.ui.ComposeMessageActivity} for user 0 :
I/ChromeSync( 2173): [Persistence,AffiliationManager] One of affiliation or grouping data for android://KSmUCdTXmQS-j9D_O8l1jvyu41Pjn2mc5cb0Gvx1e9H1Aj4JCzHs_uTW26nbtH65K-YfijtBsQxGp-8R6k6HFg==@it.unina.android.ripper_service/ was not found. Marking affiliation data as stale...
I/PackageManager( 1571):   Action: "android.intent.action.SENDTO"
I/PackageManager( 1571):   Category: "android.intent.category.DEFAULT"
I/PackageManager( 1571):   Scheme: "smsto"
I/PackageManager( 1571): Adding preferred activity ComponentInfo{com.android.mms/com.android.mms.ui.ComposeMessageActivity} for user 0 :
D/dalvikvm( 1848): GC_FOR_ALLOC freed 415K, 15% free 3664K/4272K, paused 2ms, total 2ms
I/PackageManager( 1571):   Action: "android.intent.action.SENDTO"
I/PackageManager( 1571):   Category: "android.intent.category.DEFAULT"
I/PackageManager( 1571):   Scheme: "mms"
I/PackageManager( 1571): Adding preferred activity ComponentInfo{com.android.mms/com.android.mms.ui.ComposeMessageActivity} for user 0 :
I/Auth    ( 1788): [AuthManaged,PasswordComplexityHelperImpl] Updating password complexity components state.
I/Auth    ( 1788): [AuthManaged,PasswordComplexityHelperImpl] Enabling com.google.android.gms.auth.managed.ui.SetNewPasswordActivity
I/PackageManager( 1571):   Action: "android.intent.action.SENDTO"
I/PackageManager( 1571):   Category: "android.intent.category.DEFAULT"
I/PackageManager( 1571):   Scheme: "mmsto"
I/MdiSyncModule( 2173): flag handling is skipping irrelevant intent.
I/PackageManager( 1571): Adding preferred activity ComponentInfo{com.android.mms/com.android.mms.ui.ComposeMessageActivity} for user 0 :
I/Icing.InternalIcingCorporaProvider( 2324): Updating corpora: A: it.unina.android.ripper_service, C: MAYBE
I/PTCommittedOperation( 1788): Receive new configuration for org.chromium.net.cronet
W/ModuleInitIntentOp( 2173): Dropping unexpected action com.google.android.gms.phenotype.COMMITTED
I/ChromeSync( 2173): [Sync,SyncIntentOperation] Handling the intent: Intent { act=com.google.android.gms.phenotype.COMMITTED flg=0x10 pkg=com.google.android.gms cmp=com.google.android.gms/.chimera.GmsIntentOperationService (has extras) }.
D/dalvikvm( 1571): GC_EXPLICIT freed 1291K, 43% free 8767K/15348K, paused 3ms+4ms, total 120ms
D/AndroidRuntime( 3819): Shutting down VM
D/dalvikvm( 3819): GC_CONCURRENT freed 93K, 15% free 552K/648K, paused 0ms+0ms, total 0ms
I/Icing   ( 2173): IndexChimeraService.getServiceInterface callingPackage=com.google.android.googlequicksearchbox componentName=null serviceId=21
W/Icing   ( 2173): No valid account for uploading user actions
I/Icing   ( 2173): Usage reports ok 0, Failed Usage reports 0, indexed 0, rejected 0
I/Icing   ( 2173): Indexing com.google.android.gms-apps from com.google.android.gms
I/Icing   ( 2173): Indexing com.google.android.googlequicksearchbox-applications from com.google.android.googlequicksearchbox
I/Icing   ( 2173): Indexing done com.google.android.gms-apps
I/Icing   ( 2173): Indexing done com.google.android.googlequicksearchbox-applications
I/Icing   ( 2173): Indexing com.google.android.gms-internal.3p:MobileApplication from com.google.android.gms
I/Icing   ( 2173): Indexing done com.google.android.gms-internal.3p:MobileApplication
I/Auth    ( 1788): [AuthManaged,PasswordComplexityHelperImpl] Updating password complexity components state.
I/Auth    ( 1788): [AuthManaged,PasswordComplexityHelperImpl] Enabling com.google.android.gms.auth.managed.ui.SetNewPasswordActivity
I/PTCommittedOperation( 1788): Receive new configuration for com.google.android.gms
I/PTCommittedOperation( 1788): Running Fixer Framework for com.google.android.gms
D/dalvikvm( 2173): GC_FOR_ALLOC freed 2151K, 12% free 21416K/24128K, paused 23ms, total 23ms
D/AndroidRuntime( 3842): 
D/AndroidRuntime( 3842): >>>>>> AndroidRuntime START com.android.internal.os.RuntimeInit <<<<<<
W/linker  ( 3842): libdvm.so has text relocations. This is wasting memory and is a security risk. Please fix.
D/AndroidRuntime( 3842): CheckJNI is ON
D/dalvikvm( 3842): Trying to load lib libjavacore.so 0x0
D/dalvikvm( 3842): Added shared lib libjavacore.so 0x0
D/dalvikvm( 3842): Trying to load lib libnativehelper.so 0x0
D/dalvikvm( 3842): Added shared lib libnativehelper.so 0x0
D/dalvikvm( 3842): No JNI_OnLoad found in libnativehelper.so 0x0, skipping init
D/dalvikvm( 3842): Note: class Landroid/app/ActivityManagerNative; has 179 unimplemented (abstract) methods
E/memtrack( 3842): Couldn't load memtrack module (No such file or directory)
E/android.os.Debug( 3842): failed to load memtrack module: -2
D/AndroidRuntime( 3842): Calling main entry com.android.commands.pm.Pm
D/AndroidRuntime( 3842): Shutting down VM
D/dalvikvm( 3842): GC_CONCURRENT freed 92K, 15% free 547K/644K, paused 0ms+0ms, total 0ms
D/AndroidRuntime( 3853): 
D/AndroidRuntime( 3853): >>>>>> AndroidRuntime START com.android.internal.os.RuntimeInit <<<<<<
W/linker  ( 3853): libdvm.so has text relocations. This is wasting memory and is a security risk. Please fix.
D/AndroidRuntime( 3853): CheckJNI is ON
D/dalvikvm( 3853): Trying to load lib libjavacore.so 0x0
D/dalvikvm( 3853): Added shared lib libjavacore.so 0x0
D/dalvikvm( 3853): Trying to load lib libnativehelper.so 0x0
D/dalvikvm( 3853): Added shared lib libnativehelper.so 0x0
D/dalvikvm( 3853): No JNI_OnLoad found in libnativehelper.so 0x0, skipping init
D/dalvikvm( 3853): Note: class Landroid/app/ActivityManagerNative; has 179 unimplemented (abstract) methods
E/memtrack( 3853): Couldn't load memtrack module (No such file or directory)
E/android.os.Debug( 3853): failed to load memtrack module: -2
D/AndroidRuntime( 3853): Calling main entry com.android.commands.pm.Pm
D/AndroidRuntime( 3853): Shutting down VM
D/dalvikvm( 3853): GC_CONCURRENT freed 92K, 15% free 547K/644K, paused 0ms+0ms, total 1ms
D/AndroidRuntime( 3864): 
D/AndroidRuntime( 3864): >>>>>> AndroidRuntime START com.android.internal.os.RuntimeInit <<<<<<
W/linker  ( 3864): libdvm.so has text relocations. This is wasting memory and is a security risk. Please fix.
D/AndroidRuntime( 3864): CheckJNI is ON
D/dalvikvm( 3864): Trying to load lib libjavacore.so 0x0
D/dalvikvm( 3864): Added shared lib libjavacore.so 0x0
D/dalvikvm( 3864): Trying to load lib libnativehelper.so 0x0
D/dalvikvm( 3864): Added shared lib libnativehelper.so 0x0
D/dalvikvm( 3864): No JNI_OnLoad found in libnativehelper.so 0x0, skipping init
D/dalvikvm( 3864): Note: class Landroid/app/ActivityManagerNative; has 179 unimplemented (abstract) methods
E/memtrack( 3864): Couldn't load memtrack module (No such file or directory)
E/android.os.Debug( 3864): failed to load memtrack module: -2
D/AndroidRuntime( 3864): Calling main entry com.android.commands.am.Am
D/AndroidRuntime( 3864): Shutting down VM
D/dalvikvm( 3864): GC_CONCURRENT freed 93K, 15% free 575K/672K, paused 0ms+1ms, total 1ms
I/ActivityManager( 1571): Start proc it.unina.android.ripper_service:android_ripper_service_process for service it.unina.android.ripper_service/.AndroidRipperService: pid=3875 uid=10063 gids={50063, 3003, 1028, 1015}
V/AndroidRipperService( 3875): onCreate()
V/SERVER  ( 3875): Starting ServerSocket on PORT 18888
V/SERVER  ( 3875): Started ServerSocket on PORT 18888
V/SERVER  ( 3875): Ready to accept connections on port: 18888
I/Vision  ( 2173): Requesting optional module download of ocr.
I/Vision  ( 2173): Checking for download completion for 317336 -- ocr
D/AndroidRuntime( 3889): 
D/AndroidRuntime( 3889): >>>>>> AndroidRuntime START com.android.internal.os.RuntimeInit <<<<<<
W/linker  ( 3889): libdvm.so has text relocations. This is wasting memory and is a security risk. Please fix.
D/AndroidRuntime( 3889): CheckJNI is ON
D/dalvikvm( 3889): Trying to load lib libjavacore.so 0x0
D/dalvikvm( 3889): Added shared lib libjavacore.so 0x0
D/dalvikvm( 3889): Trying to load lib libnativehelper.so 0x0
D/dalvikvm( 3889): Added shared lib libnativehelper.so 0x0
D/dalvikvm( 3889): No JNI_OnLoad found in libnativehelper.so 0x0, skipping init
D/dalvikvm( 3889): Note: class Landroid/app/ActivityManagerNative; has 179 unimplemented (abstract) methods
E/memtrack( 3889): Couldn't load memtrack module (No such file or directory)
E/android.os.Debug( 3889): failed to load memtrack module: -2
D/AndroidRuntime( 3889): Calling main entry com.android.commands.input.Input
I/Input   ( 3889): injectKeyEvent: KeyEvent { action=ACTION_DOWN, keyCode=KEYCODE_MENU, scanCode=0, metaState=0, flags=0x0, repeatCount=0, eventTime=308604, downTime=308604, deviceId=-1, source=0x101 }
I/Input   ( 3889): injectKeyEvent: KeyEvent { action=ACTION_UP, keyCode=KEYCODE_MENU, scanCode=0, metaState=0, flags=0x0, repeatCount=0, eventTime=308604, downTime=308604, deviceId=-1, source=0x101 }
D/AndroidRuntime( 3889): Shutting down VM
E/SoundPool( 1571): error loading /system/media/audio/ui/Effect_Tick.ogg
W/AudioService( 1571): Soundpool could not load file: /system/media/audio/ui/Effect_Tick.ogg
E/SoundPool( 1571): error loading /system/media/audio/ui/Effect_Tick.ogg
W/AudioService( 1571): Soundpool could not load file: /system/media/audio/ui/Effect_Tick.ogg
E/SoundPool( 1571): error loading /system/media/audio/ui/Effect_Tick.ogg
W/AudioService( 1571): Soundpool could not load file: /system/media/audio/ui/Effect_Tick.ogg
E/SoundPool( 1571): error loading /system/media/audio/ui/Effect_Tick.ogg
W/AudioService( 1571): Soundpool could not load file: /system/media/audio/ui/Effect_Tick.ogg
E/SoundPool( 1571): error loading /system/media/audio/ui/Effect_Tick.ogg
W/AudioService( 1571): Soundpool could not load file: /system/media/audio/ui/Effect_Tick.ogg
E/SoundPool( 1571): error loading /system/media/audio/ui/KeypressStandard.ogg
W/AudioService( 1571): Soundpool could not load file: /system/media/audio/ui/KeypressStandard.ogg
E/SoundPool( 1571): error loading /system/media/audio/ui/KeypressSpacebar.ogg
W/AudioService( 1571): Soundpool could not load file: /system/media/audio/ui/KeypressSpacebar.ogg
E/SoundPool( 1571): error loading /system/media/audio/ui/KeypressDelete.ogg
W/AudioService( 1571): Soundpool could not load file: /system/media/audio/ui/KeypressDelete.ogg
E/SoundPool( 1571): error loading /system/media/audio/ui/KeypressReturn.ogg
W/AudioService( 1571): Soundpool could not load file: /system/media/audio/ui/KeypressReturn.ogg
E/SoundPool( 1571): error loading /system/media/audio/ui/KeypressInvalid.ogg
W/AudioService( 1571): Soundpool could not load file: /system/media/audio/ui/KeypressInvalid.ogg
W/AudioService( 1571): onLoadSoundEffects(), Error -1 while loading samples
D/dalvikvm( 3889): GC_CONCURRENT freed 96K, 15% free 554K/652K, paused 0ms+0ms, total 0ms
D/EGL_emulation( 1964): eglMakeCurrent: 0xb8c10ac0: ver 3 0
E/EGL_emulation( 1964): tid 1964: eglSurfaceAttrib(1199): error 0x3009 (EGL_BAD_MATCH)
W/HardwareRenderer( 1964): Backbuffer cannot be preserved
D/AndroidRuntime( 3908): 
D/AndroidRuntime( 3908): >>>>>> AndroidRuntime START com.android.internal.os.RuntimeInit <<<<<<
W/linker  ( 3908): libdvm.so has text relocations. This is wasting memory and is a security risk. Please fix.
D/AndroidRuntime( 3908): CheckJNI is ON
D/dalvikvm( 3908): Trying to load lib libjavacore.so 0x0
D/dalvikvm( 3908): Added shared lib libjavacore.so 0x0
D/dalvikvm( 3908): Trying to load lib libnativehelper.so 0x0
D/dalvikvm( 3908): Added shared lib libnativehelper.so 0x0
D/dalvikvm( 3908): No JNI_OnLoad found in libnativehelper.so 0x0, skipping init
D/dalvikvm( 3908): Note: class Landroid/app/ActivityManagerNative; has 179 unimplemented (abstract) methods
E/memtrack( 3908): Couldn't load memtrack module (No such file or directory)
E/android.os.Debug( 3908): failed to load memtrack module: -2
D/AndroidRuntime( 3908): Calling main entry com.android.commands.pm.Pm
W/ActivityManager( 1571): No content provider found for permission revoke: file:///sdcard/aut.apk
W/ActivityManager( 1571): No content provider found for permission revoke: file:///sdcard/aut.apk
I/PackageManager( 1571): Copying native libraries to /data/app-lib/vmdl1451032824
D/dalvikvm( 1571): GC_FOR_ALLOC freed 1046K, 41% free 9170K/15348K, paused 8ms, total 8ms
D/dalvikvm( 1571): GC_FOR_ALLOC freed 1304K, 39% free 9408K/15348K, paused 9ms, total 9ms
D/dalvikvm( 1571): GC_FOR_ALLOC freed 1579K, 39% free 9438K/15348K, paused 9ms, total 9ms
D/dalvikvm( 1571): GC_FOR_ALLOC freed 1614K, 39% free 9440K/15348K, paused 10ms, total 10ms
D/dalvikvm( 1571): GC_FOR_ALLOC freed 1604K, 39% free 9453K/15348K, paused 9ms, total 9ms
D/dalvikvm( 1571): GC_FOR_ALLOC freed 1608K, 39% free 9460K/15348K, paused 10ms, total 10ms
I/PackageManager( 1571): Running dexopt on: org.petero.droidfish
W/linker  ( 3919): libdvm.so has text relocations. This is wasting memory and is a security risk. Please fix.
W/dalvikvm( 3919): method Landroidx/appcompat/widget/DropDownListView;.lookForSelectablePosition incorrectly overrides package-private method with same name in Landroid/widget/ListView;
D/dalvikvm( 3919): DexOpt: couldn't find field Landroid/view/inputmethod/EditorInfo;.contentMimeTypes
D/dalvikvm( 3919): DexOpt: couldn't find static field Landroid/view/View;.TRANSLATION_Z
D/dalvikvm( 3919): DexOpt: load 35ms, verify+opt 130ms, 3522820 bytes
I/ActivityManager( 1571): Force stopping org.petero.droidfish appid=10064 user=-1: update pkg
D/dalvikvm( 1571): GC_FOR_ALLOC freed 1567K, 39% free 9502K/15348K, paused 7ms, total 7ms
W/Launcher.Model( 2369): Nobody to tell about the new app.  Launcher is probably loading.
D/Documents( 3297): Used cached roots for com.android.providers.downloads.documents
D/Documents( 3297): Used cached roots for com.android.externalstorage.documents
D/Documents( 3297): Used cached roots for com.android.providers.media.documents
D/Documents( 3297): Update found 6 roots in 4ms
I/PackageManager( 1571):   Action: "android.intent.action.SENDTO"
I/PackageManager( 1571):   Category: "android.intent.category.DEFAULT"
I/PackageManager( 1571):   Scheme: "sms"
I/InputReader( 1571): Reconfiguring input devices.  changes=0x00000010
I/PackageManager( 1571): Adding preferred activity ComponentInfo{com.android.mms/com.android.mms.ui.ComposeMessageActivity} for user 0 :
I/PackageManager( 1571):   Action: "android.intent.action.SENDTO"
I/PackageManager( 1571):   Category: "android.intent.category.DEFAULT"
I/PackageManager( 1571):   Scheme: "smsto"
I/PackageManager( 1571): Adding preferred activity ComponentInfo{com.android.mms/com.android.mms.ui.ComposeMessageActivity} for user 0 :
D/dalvikvm( 1848): GC_FOR_ALLOC freed 456K, 15% free 3631K/4272K, paused 2ms, total 2ms
I/PackageManager( 1571):   Action: "android.intent.action.SENDTO"
I/PackageManager( 1571):   Category: "android.intent.category.DEFAULT"
I/PackageManager( 1571):   Scheme: "mms"
D/BackupManagerService( 1571): Received broadcast Intent { act=android.intent.action.PACKAGE_ADDED dat=package:org.petero.droidfish flg=0x4000010 (has extras) }
V/BackupManagerService( 1571): addPackageParticipantsLocked: #1
I/PackageManager( 1571): Adding preferred activity ComponentInfo{com.android.mms/com.android.mms.ui.ComposeMessageActivity} for user 0 :
I/PackageManager( 1571):   Action: "android.intent.action.SENDTO"
I/PackageManager( 1571):   Category: "android.intent.category.DEFAULT"
I/PackageManager( 1571):   Scheme: "mmsto"
W/GCM     ( 1788): Unexpected forwarded intent: Intent { act=android.intent.action.PACKAGE_ADDED dat=package:org.petero.droidfish flg=0x4000010 cmp=com.google.android.gms/.chimera.PersistentIntentOperationService (has extras) }
W/GCM     ( 1788): Unexpected forwarded intent: Intent { act=android.intent.action.PACKAGE_ADDED dat=package:org.petero.droidfish flg=0x4000010 cmp=com.google.android.gms/.chimera.PersistentIntentOperationService (has extras) }
I/PackageManager( 1571):   Action: "android.intent.action.SENDTO"
I/PackageManager( 1571):   Category: "android.intent.category.DEFAULT"
I/PackageManager( 1571):   Scheme: "sms"
I/PackageManager( 1571): Adding preferred activity ComponentInfo{com.android.mms/com.android.mms.ui.ComposeMessageActivity} for user 0 :
W/ActivityManager( 1571): Unable to start service Intent { act=com.google.android.gms.auth.key.retrieval.service.START pkg=com.google.android.gms } U=0: not found
I/PackageManager( 1571): Adding preferred activity ComponentInfo{com.android.mms/com.android.mms.ui.ComposeMessageActivity} for user 0 :
I/Icing.InternalIcingCorporaProvider( 2324): Updating corpora: A: org.petero.droidfish, C: MAYBE
D/dalvikvm( 1571): GC_EXPLICIT freed 1299K, 41% free 9137K/15348K, paused 0ms+3ms, total 45ms
D/AndroidRuntime( 3908): Shutting down VM
E/GmsClient( 2173): unable to connect to service: com.google.android.gms.auth.key.retrieval.service.START on com.google.android.gms
D/dalvikvm( 3908): GC_CONCURRENT freed 93K, 15% free 552K/648K, paused 1ms+0ms, total 2ms
I/PackageManager( 1571):   Action: "android.intent.action.SENDTO"
I/PackageManager( 1571):   Category: "android.intent.category.DEFAULT"
I/PackageManager( 1571):   Scheme: "smsto"
W/ActivityManager( 1571): Unbind failed: could not find connection for android.os.BinderProxy@9d82a5c8
I/PackageManager( 1571): Adding preferred activity ComponentInfo{com.android.mms/com.android.mms.ui.ComposeMessageActivity} for user 0 :
I/Auth    ( 2173): [SupervisedAccountIntentOperation] onHandleIntent(): android.intent.action.PACKAGE_ADDED
I/ChromeSync( 2173): [Sync,SyncIntentOperation] Handling the intent: Intent { act=android.intent.action.PACKAGE_ADDED dat=package:org.petero.droidfish flg=0x4000010 cmp=com.google.android.gms/.chimera.GmsIntentOperationService (has extras) }.
D/dalvikvm( 1848): GC_FOR_ALLOC freed 413K, 15% free 3664K/4272K, paused 2ms, total 2ms
I/PackageManager( 1571):   Action: "android.intent.action.SENDTO"
I/PackageManager( 1571):   Category: "android.intent.category.DEFAULT"
I/PackageManager( 1571):   Scheme: "mms"
I/PackageManager( 1571): Adding preferred activity ComponentInfo{com.android.mms/com.android.mms.ui.ComposeMessageActivity} for user 0 :
I/PackageManager( 1571):   Action: "android.intent.action.SENDTO"
I/PackageManager( 1571):   Category: "android.intent.category.DEFAULT"
I/PackageManager( 1571):   Scheme: "mmsto"
I/PackageManager( 1571): Adding preferred activity ComponentInfo{com.android.mms/com.android.mms.ui.ComposeMessageActivity} for user 0 :
W/ContextImpl( 2324): Implicit intents with startService are not safe: Intent { act=com.google.android.gms.icing.INDEX_SERVICE } android.content.ContextWrapper.bindService:517 com.google.android.gms.internal.av.a:-1 com.google.android.gms.internal.au.connect:-1 
I/ChromeSync( 2173): [Persistence,AffiliationManager] One of affiliation or grouping data for android://KSmUCdTXmQS-j9D_O8l1jvyu41Pjn2mc5cb0Gvx1e9H1Aj4JCzHs_uTW26nbtH65K-YfijtBsQxGp-8R6k6HFg==@org.petero.droidfish/ was not found. Marking affiliation data as stale...
I/Icing   ( 2173): IndexChimeraService.getServiceInterface callingPackage=com.google.android.googlequicksearchbox componentName=null serviceId=21
D/EGL_emulation( 1964): eglMakeCurrent: 0xb8c10ac0: ver 3 0
W/Icing   ( 2173): No valid account for uploading user actions
I/Icing   ( 2173): Usage reports ok 0, Failed Usage reports 0, indexed 0, rejected 0
I/Icing   ( 2173): Indexing com.google.android.googlequicksearchbox-applications from com.google.android.googlequicksearchbox
D/dalvikvm( 1788): GC_FOR_ALLOC freed 2185K, 23% free 10168K/13148K, paused 8ms, total 8ms
I/Icing   ( 2173): Indexing done com.google.android.googlequicksearchbox-applications
I/Icing   ( 2173): Indexing com.google.android.gms-apps from com.google.android.gms
I/Icing   ( 2173): Indexing com.google.android.gms-internal.3p:MobileApplication from com.google.android.gms
I/Icing   ( 2173): Indexing done com.google.android.gms-apps
I/Icing   ( 2173): Indexing done com.google.android.gms-internal.3p:MobileApplication
D/AndroidRuntime( 3934): 
D/AndroidRuntime( 3934): >>>>>> AndroidRuntime START com.android.internal.os.RuntimeInit <<<<<<
W/linker  ( 3934): libdvm.so has text relocations. This is wasting memory and is a security risk. Please fix.
D/AndroidRuntime( 3934): CheckJNI is ON
D/dalvikvm( 3934): Trying to load lib libjavacore.so 0x0
D/dalvikvm( 3934): Added shared lib libjavacore.so 0x0
D/dalvikvm( 3934): Trying to load lib libnativehelper.so 0x0
D/dalvikvm( 3934): Added shared lib libnativehelper.so 0x0
D/dalvikvm( 3934): No JNI_OnLoad found in libnativehelper.so 0x0, skipping init
