W/Launcher.LauncherProvider( 1937): 	at com.android.launcher2.LauncherProvider$DatabaseHelper.addAppShortcut(LauncherProvider.java:939)
W/Launcher.LauncherProvider( 1937): 	at com.android.launcher2.LauncherProvider$DatabaseHelper.loadFavorites(LauncherProvider.java:843)
W/Launcher.LauncherProvider( 1937): 	at com.android.launcher2.LauncherProvider$DatabaseHelper.access$000(LauncherProvider.java:233)
W/Launcher.LauncherProvider( 1937): 	at com.android.launcher2.LauncherProvider.loadDefaultFavoritesIfNecessary(LauncherProvider.java:228)
W/Launcher.LauncherProvider( 1937): 	at com.android.launcher2.LauncherModel$LoaderTask.loadWorkspace(LauncherModel.java:1263)
W/Launcher.LauncherProvider( 1937): 	at com.android.launcher2.LauncherModel$LoaderTask.loadAndBindWorkspace(LauncherModel.java:1005)
W/Launcher.LauncherProvider( 1937): 	at com.android.launcher2.LauncherModel$LoaderTask.run(LauncherModel.java:1111)
W/Launcher.LauncherProvider( 1937): 	at android.os.Handler.handleCallback(Handler.java:733)
W/Launcher.LauncherProvider( 1937): 	at android.os.Handler.dispatchMessage(Handler.java:95)
W/Launcher.LauncherProvider( 1937): 	at android.os.Looper.loop(Looper.java:136)
W/Launcher.LauncherProvider( 1937): 	at android.os.HandlerThread.run(HandlerThread.java:61)
D/MobileDataStateTracker( 1568): hipri: Broadcast received: android.intent.action.ANY_DATA_STATE apnType=hipri
D/MobileDataStateTracker( 1568): hipri: Received state=DISCONNECTED, old=DISCONNECTED, reason=dataAttached
D/MobileDataStateTracker( 1568): ims: Broadcast received: android.intent.action.ANY_DATA_STATE apnType=ims
D/MobileDataStateTracker( 1568): ims: Received state=DISCONNECTED, old=DISCONNECTED, reason=dataAttached
D/MobileDataStateTracker( 1568): mms: Broadcast received: android.intent.action.ANY_DATA_STATE apnType=mms
D/MobileDataStateTracker( 1568): mms: Received state=DISCONNECTED, old=DISCONNECTED, reason=dataAttached
D/MobileDataStateTracker( 1568): cbs: Broadcast received: android.intent.action.ANY_DATA_STATE apnType=cbs
I/PackageManager( 1568): Running dexopt on: com.android.email
D/MobileDataStateTracker( 1568): cbs: Received state=DISCONNECTED, old=DISCONNECTED, reason=dataAttached
I/ContactDirectoryManager( 1880): Discovered 0 contact directories in 478ms
I/ContactDirectoryManager( 1880): deleted 0 stale rows which don't have any relevant directory
I/LatinIME:LogUtils( 1762): Dictionary info: dictionary = main:en ; version = 42 ; date = 1381226516
D/        ( 1937): HostConnection::get() New Host Connection established 0xb85a5ee0, tid 1937
D/EGL_emulation( 1937): eglCreateContext: 0xb85a6010: maj 3 min 0 rcv 3
W/linker  ( 2031): libdvm.so has text relocations. This is wasting memory and is a security risk. Please fix.
I/ContactDirectoryManager( 1880): Discovered 0 contact directories in 610ms
D/EGL_emulation( 1937): eglMakeCurrent: 0xb85a6010: ver 3 0
E/eglCodecCommon( 1937): glUtilsParamSize: unknow param 0x00008cdf
E/eglCodecCommon( 1937): glUtilsParamSize: unknow param 0x00008824
E/EGL_emulation( 1937): tid 1937: eglSurfaceAttrib(1199): error 0x3009 (EGL_BAD_MATCH)
W/HardwareRenderer( 1937): Backbuffer cannot be preserved
D/OpenGLRenderer( 1937): Enabling debug mode 0
I/ContactsProvider( 1880): Upgrading aggregation algorithm
I/ContactsProvider( 1880): Upgrading aggregation algorithm
I/ContactAggregator( 1880): Marked all visible contacts for aggregation: 0 raw contacts, 0 ms
D/dalvikvm( 1568): GC_FOR_ALLOC freed 1064K, 52% free 7161K/14816K, paused 11ms, total 11ms
D/dalvikvm( 1937): GC_FOR_ALLOC freed 313K, 6% free 8906K/9408K, paused 3ms, total 3ms
I/dalvikvm-heap( 1937): Grow heap (frag case) to 15.997MB for 7464972-byte allocation
D/dalvikvm( 1937): GC_FOR_ALLOC freed 1K, 4% free 16194K/16700K, paused 7ms, total 7ms
I/ContactsProvider( 1880): Aggregation algorithm upgraded for 0 raw contacts in 135ms
I/ContactAggregator( 1880): Marked all visible contacts for aggregation: 0 raw contacts, 0 ms
D/EGL_emulation( 1655): eglMakeCurrent: 0xb8592e00: ver 3 0
I/ContactsProvider( 1880): Aggregation algorithm upgraded for 0 raw contacts in 166ms
I/ContactsFTS( 1880): Rebuild contact search index in 73ms, 0 contacts
V/RenderScript( 1937): 0xb85ee6f0 Launching thread(s), CPUs 2
D/dalvikvm( 1937): GC_FOR_ALLOC freed 284K, 5% free 16730K/17436K, paused 2ms, total 2ms
I/dalvikvm-heap( 1937): Grow heap (frag case) to 23.637MB for 7464972-byte allocation
D/dalvikvm( 1937): GC_FOR_ALLOC freed 3K, 3% free 24017K/24728K, paused 4ms, total 4ms
D/dalvikvm( 2031): DexOpt: load 60ms, verify+opt 195ms, 3355068 bytes
I/ActivityManager( 1568): Displayed com.android.launcher/com.android.launcher2.Launcher: +1s482ms (total +2s256ms)
D/MccTable( 1798): updateMccMncConfiguration: mcc=310, mnc=260
D/MccTable( 1798): getLocaleFromMcc to en_us mcc=310
D/MccTable( 1798): getLocaleForLanguageCountry: got match
D/MccTable( 1798): getLocaleForLanguageCountry: X locale=en_US
D/MccTable( 1798): WIFI_COUNTRY_CODE set to us
I/WifiService( 1568): WifiService trying to set country code to us with persist set to true
I/Choreographer( 1655): Skipped 41 frames!  The application may be doing too much work on its main thread.
D/EGL_emulation( 1655): eglMakeCurrent: 0xb8592e00: ver 3 0
D/MccTable( 1798): updateMccMncConfiguration updateConfig config={1.0 310mcc260mnc en_US ldltr ?swdp ?wdp ?hdp ?density ?lsize ?long ?orien ?uimode ?night ?touch ?keyb/?/? ?nav/?}
I/ActivityManager( 1568): Config changes=3 {1.0 310mcc260mnc en_US ldltr sw411dp w411dp h658dp 420dpi nrml port finger qwerty/v/v dpad/v s.5}
D/PermissionCache( 1144): checking android.permission.READ_FRAME_BUFFER for uid=1000 => granted (29 us)
D/gralloc_ranchu( 1144): gralloc_alloc: Creating ashmem region of size 8294400
I/DownloadManager( 1829): Download 2 starting
W/DownloadManager( 1829): Aborting request for download 2: NO_CONNECTION
I/DownloadManager( 1829): Download 2 finished with status WAITING_FOR_NETWORK
D/dalvikvm( 1655): GC_FOR_ALLOC freed 17563K, 67% free 8866K/26664K, paused 2ms, total 2ms
I/dalvikvm-heap( 1655): Grow heap (frag case) to 11.764MB for 3072012-byte allocation
D/ActivityThread( 2018): Loading provider com.android.email.provider;com.android.email.notifier: com.android.email.provider.EmailProvider
D/MccTable( 1798): updateMccMncConfiguration: mcc=310, mnc=260
D/MccTable( 1798): getLocaleFromMcc to en_us mcc=310
D/MccTable( 1798): getLocaleForLanguageCountry: skipping already persisted
D/MccTable( 1798): getLocaleForLanguageCountry: X locale=null
D/MccTable( 1798): WIFI_COUNTRY_CODE set to us
I/WifiService( 1568): WifiService trying to set country code to us with persist set to true
D/MccTable( 1798): updateMccMncConfiguration updateConfig config={1.0 310mcc260mnc ?locale ?layoutDir ?swdp ?wdp ?hdp ?density ?lsize ?long ?orien ?uimode ?night ?touch ?keyb/?/? ?nav/?}
D/dalvikvm( 1937): GC_FOR_ALLOC freed 7307K, 33% free 16775K/24728K, paused 16ms, total 17ms
D/dalvikvm( 1655): GC_FOR_ALLOC freed 3K, 56% free 11863K/26664K, paused 3ms, total 3ms
I/LatinIME:LogUtils( 1762): Dictionary info: dictionary = main:en ; version = 42 ; date = 1381226516
D/dalvikvm( 1655): GC_FOR_ALLOC freed <1K, 56% free 11863K/26664K, paused 3ms, total 3ms
D/dalvikvm( 1937): GC_FOR_ALLOC freed 2K, 26% free 18323K/24728K, paused 3ms, total 3ms
D/dalvikvm( 1798): GC_FOR_ALLOC freed 400K, 15% free 3541K/4124K, paused 3ms, total 3ms
I/LatinIME:LogUtils( 1762): Dictionary info: dictionary = main:en ; version = 42 ; date = 1381226516
D/dalvikvm( 1937): GC_FOR_ALLOC freed <1K, 20% free 19874K/24728K, paused 18ms, total 20ms
I/LatinIME:LogUtils( 1762): Dictionary info: dictionary = main:en ; version = 42 ; date = 1381226516
I/dalvikvm-heap( 1655): Grow heap (frag case) to 26.615MB for 15575052-byte allocation
D/dalvikvm( 1798): GC_FOR_ALLOC freed 493K, 16% free 3560K/4236K, paused 2ms, total 2ms
D/dalvikvm( 1655): GC_FOR_ALLOC freed 0K, 36% free 27073K/41876K, paused 5ms, total 5ms
D/MobileDataStateTracker( 1568): fota: Broadcast received: android.intent.action.ANY_DATA_STATE apnType=fota
D/MobileDataStateTracker( 1568): fota: Received state=DISCONNECTED, old=DISCONNECTED, reason=simLoaded
D/MobileDataStateTracker( 1568): ia: Broadcast received: android.intent.action.ANY_DATA_STATE apnType=ia
D/MobileDataStateTracker( 1568): ia: Received state=DISCONNECTED, old=DISCONNECTED, reason=simLoaded
D/MobileDataStateTracker( 1568): supl: Broadcast received: android.intent.action.ANY_DATA_STATE apnType=supl
D/MobileDataStateTracker( 1568): supl: Received state=DISCONNECTED, old=DISCONNECTED, reason=simLoaded
D/MobileDataStateTracker( 1568): hipri: Broadcast received: android.intent.action.ANY_DATA_STATE apnType=hipri
D/MobileDataStateTracker( 1568): hipri: Received state=DISCONNECTED, old=DISCONNECTED, reason=simLoaded
D/MobileDataStateTracker( 1568): ims: Broadcast received: android.intent.action.ANY_DATA_STATE apnType=ims
D/MobileDataStateTracker( 1568): ims: Received state=DISCONNECTED, old=DISCONNECTED, reason=simLoaded
D/MobileDataStateTracker( 1568): mms: Broadcast received: android.intent.action.ANY_DATA_STATE apnType=mms
D/MobileDataStateTracker( 1568): mms: Received state=DISCONNECTED, old=DISCONNECTED, reason=simLoaded
D/MobileDataStateTracker( 1568): cbs: Broadcast received: android.intent.action.ANY_DATA_STATE apnType=cbs
D/MobileDataStateTracker( 1568): cbs: Received state=DISCONNECTED, old=DISCONNECTED, reason=simLoaded
W/Launcher.Model( 1937): LoaderTask running with no launcher (loadAllAppsByBatch)
D/Launcher.Model( 1937): going to save icon bitmap for info=ShortcutInfo(title=Messagingintent=Intent { act=android.intent.action.MAIN cat=[android.intent.category.LAUNCHER] flg=0x10200000 cmp=com.android.mms/.ui.ConversationList }id=10 type=0 container=-101 screen=3 cellX=3 cellY=0 spanX=1 spanY=1 dropPos=null)
D/MobileDataStateTracker( 1568): default: Broadcast received: android.intent.action.ANY_DATA_STATE apnType=default
D/MobileDataStateTracker( 1568): default: Received state=CONNECTING, old=DISCONNECTED, reason=simLoaded
D/MobileDataStateTracker( 1568): default: setDetailed state, old =IDLE and new state=CONNECTING
D/MobileDataStateTracker( 1568): fota: Broadcast received: android.intent.action.ANY_DATA_STATE apnType=fota
D/MobileDataStateTracker( 1568): fota: Received state=DISCONNECTED, old=DISCONNECTED, reason=simLoaded
D/MobileDataStateTracker( 1568): ia: Broadcast received: android.intent.action.ANY_DATA_STATE apnType=ia
D/MobileDataStateTracker( 1568): ia: Received state=DISCONNECTED, old=DISCONNECTED, reason=simLoaded
D/MobileDataStateTracker( 1568): supl: Broadcast received: android.intent.action.ANY_DATA_STATE apnType=supl
D/MobileDataStateTracker( 1568): supl: Received state=DISCONNECTED, old=DISCONNECTED, reason=simLoaded
D/MobileDataStateTracker( 1568): hipri: Broadcast received: android.intent.action.ANY_DATA_STATE apnType=hipri
D/MobileDataStateTracker( 1568): hipri: Received state=DISCONNECTED, old=DISCONNECTED, reason=simLoaded
D/MobileDataStateTracker( 1568): ims: Broadcast received: android.intent.action.ANY_DATA_STATE apnType=ims
D/MobileDataStateTracker( 1568): ims: Received state=DISCONNECTED, old=DISCONNECTED, reason=simLoaded
D/MobileDataStateTracker( 1568): mms: Broadcast received: android.intent.action.ANY_DATA_STATE apnType=mms
D/MobileDataStateTracker( 1568): mms: Received state=DISCONNECTED, old=DISCONNECTED, reason=simLoaded
D/MobileDataStateTracker( 1568): cbs: Broadcast received: android.intent.action.ANY_DATA_STATE apnType=cbs
D/MobileDataStateTracker( 1568): cbs: Received state=DISCONNECTED, old=DISCONNECTED, reason=simLoaded
D/MobileDataStateTracker( 1568): default: Broadcast received: android.intent.action.ANY_DATA_STATE apnType=default
D/MobileDataStateTracker( 1568): default: Received state=CONNECTED, old=CONNECTING, reason=connected
D/MobileDataStateTracker( 1568): default: setDetailed state, old =CONNECTING and new state=CONNECTED
D/ConnectivityService( 1568): ConnectivityChange for mobile: CONNECTED/CONNECTED
D/ConnectivityService( 1568): ConnectivityChange checkMobileProvisioning for TYPE_MOBILE or ProvisioningNetwork
D/ConnectivityService( 1568): checkMobileProvisioning: E suggestedTimeOutMs=60000
D/ConnectivityService( 1568): setProvNotificationVisible: E visible=false networkType=5 extraInfo=null url=null
D/ConnectivityService( 1568): checkMobileProvisioning: params={ url=http://clients3.google.com/generate_204 mTimeOutMs=60000 mCb=com.android.server.ConnectivityService$5@9d986948}
D/ConnectivityService( 1568): checkMobileProvisioning: X
D/Launcher.Model( 1937): going to save icon bitmap for info=ShortcutInfo(title=Peopleintent=Intent { act=android.intent.action.MAIN cat=[android.intent.category.LAUNCHER] flg=0x10200000 cmp=com.android.contacts/.activities.PeopleActivity }id=8 type=0 container=-101 screen=1 cellX=1 cellY=0 spanX=1 spanY=1 dropPos=null)
I/MultiDex( 1776): Renaming to /data/data/com.google.android.gms/code_cache/secondary-dexes/PrebuiltGmsCore.apk.classes2.zip
I/MultiDex( 1776): Extraction succeeded '/data/data/com.google.android.gms/code_cache/secondary-dexes/PrebuiltGmsCore.apk.classes2.zip': length 3623385 - crc: 3535609393
I/MultiDex( 1776): Extraction is needed for file /data/data/com.google.android.gms/code_cache/secondary-dexes/PrebuiltGmsCore.apk.classes3.zip
I/MultiDex( 1776): Extracting /data/data/com.google.android.gms/code_cache/secondary-dexes/tmp-PrebuiltGmsCore.apk.classes-114072702.zip
D/Nat464Xlat( 1568): requiresClat: netType=0, hasIPv4Address=true
D/dalvikvm( 1798): GC_FOR_ALLOC freed 503K, 17% free 3570K/4256K, paused 2ms, total 3ms
D/MobileDataStateTracker( 1568): default: isProvisioningNetwork: retVal=false
D/ConnectivityService( 1568): [CheckMp] isMobileOk: isDefaultProvisioning=false
D/MobileDataStateTracker( 1568): hipri: isProvisioningNetwork: retVal=false
D/ConnectivityService( 1568): [CheckMp] isMobileOk: isHipriProvisioning=false
D/ConnectivityService( 1568): [CheckMp] isMobileOk: start hipri url=http://clients3.google.com/generate_204
D/ConnectivityService( 1568): startUsingNetworkFeature reconnecting to 0: enableHIPRI
D/ConnectivityService( 1568): startUsingNetworkFeature X: return APN_REQUEST_STARTED
D/ConnectivityService( 1568): [CheckMp] isMobileOk: hipri started
D/MobileDataStateTracker( 1568): hipri: Broadcast received: android.intent.action.ANY_DATA_STATE apnType=hipri
D/MobileDataStateTracker( 1568): hipri: Received state=CONNECTING, old=DISCONNECTED, reason=dataEnabled
D/MobileDataStateTracker( 1568): hipri: setDetailed state, old =IDLE and new state=CONNECTING
D/MobileDataStateTracker( 1568): fota: Broadcast received: android.intent.action.ANY_DATA_STATE apnType=fota
D/MobileDataStateTracker( 1568): fota: Received state=DISCONNECTED, old=DISCONNECTED, reason=dataEnabled
D/MobileDataStateTracker( 1568): ia: Broadcast received: android.intent.action.ANY_DATA_STATE apnType=ia
D/MobileDataStateTracker( 1568): ia: Received state=DISCONNECTED, old=DISCONNECTED, reason=dataEnabled
D/ConnectivityService( 1568): [CheckMp] isMobileOk: not connected ni=NetworkInfo: type: mobile_hipri[LTE], state: CONNECTING/CONNECTING, reason: dataEnabled, extra: epc.tmobile.com, roaming: false, failover: false, isAvailable: true, isConnectedToProvisioningNetwork: false
D/MobileDataStateTracker( 1568): supl: Broadcast received: android.intent.action.ANY_DATA_STATE apnType=supl
D/MobileDataStateTracker( 1568): supl: Received state=DISCONNECTED, old=DISCONNECTED, reason=dataEnabled
D/MobileDataStateTracker( 1568): ims: Broadcast received: android.intent.action.ANY_DATA_STATE apnType=ims
D/MobileDataStateTracker( 1568): ims: Received state=DISCONNECTED, old=DISCONNECTED, reason=dataEnabled
D/MobileDataStateTracker( 1568): mms: Broadcast received: android.intent.action.ANY_DATA_STATE apnType=mms
D/MobileDataStateTracker( 1568): mms: Received state=DISCONNECTED, old=DISCONNECTED, reason=dataEnabled
D/MobileDataStateTracker( 1568): cbs: Broadcast received: android.intent.action.ANY_DATA_STATE apnType=cbs
D/MobileDataStateTracker( 1568): cbs: Received state=DISCONNECTED, old=DISCONNECTED, reason=dataEnabled
D/MobileDataStateTracker( 1568): hipri: Broadcast received: android.intent.action.ANY_DATA_STATE apnType=hipri
D/MobileDataStateTracker( 1568): hipri: Received state=CONNECTED, old=CONNECTING, reason=dataEnabled
D/MobileDataStateTracker( 1568): hipri: setDetailed state, old =CONNECTING and new state=CONNECTED
D/ConnectivityService( 1568): ConnectivityChange for mobile_hipri: CONNECTED/CONNECTED
D/dalvikvm( 1937): GC_FOR_ALLOC freed 12207K, 45% free 9715K/17420K, paused 2ms, total 2ms
D/Launcher.Model( 1937): going to save icon bitmap for info=ShortcutInfo(title=Browserintent=Intent { act=android.intent.action.MAIN cat=[android.intent.category.LAUNCHER] flg=0x10200000 cmp=com.android.browser/.BrowserActivity }id=12 type=0 container=-101 screen=4 cellX=4 cellY=0 spanX=1 spanY=1 dropPos=null)
D/gralloc_ranchu( 1144): gralloc_alloc: Creating ashmem region of size 15577088
I/DownloadManager( 1829): Download 5 starting
W/DownloadManager( 1829): Aborting request for download 5: TYPE_DISALLOWED_BY_REQUESTOR
D/Launcher.Model( 1937): going to save icon bitmap for info=ShortcutInfo(title=Settingsintent=Intent { act=android.intent.action.MAIN cat=[android.intent.category.LAUNCHER] flg=0x10200000 cmp=com.android.settings/.Settings }id=4 type=0 container=-100 screen=3 cellX=2 cellY=3 spanX=1 spanY=1 dropPos=null)
D/Launcher.Model( 1937): Reload apps on config change. curr_mcc:310 prevmcc:0
I/DownloadManager( 1829): Download 5 finished with status WAITING_FOR_NETWORK
D/Launcher.Model( 1937): going to save icon bitmap for info=ShortcutInfo(title=Phoneintent=Intent { act=android.intent.action.MAIN cat=[android.intent.category.LAUNCHER] flg=0x10200000 cmp=com.android.dialer/.DialtactsActivity }id=6 type=0 container=-101 screen=0 cellX=0 cellY=0 spanX=1 spanY=1 dropPos=null)
D/EGL_emulation( 1937): eglMakeCurrent: 0xb85a6010: ver 3 0
E/EGL_emulation( 1937): tid 1937: eglSurfaceAttrib(1199): error 0x3009 (EGL_BAD_MATCH)
W/HardwareRenderer( 1937): Backbuffer cannot be preserved
D/Nat464Xlat( 1568): requiresClat: netType=5, hasIPv4Address=true
D/dalvikvm( 1937): GC_FOR_ALLOC freed 1134K, 45% free 9738K/17420K, paused 5ms, total 6ms
I/dalvikvm-heap( 1937): Grow heap (frag case) to 16.809MB for 7464972-byte allocation
D/dalvikvm( 1937): GC_FOR_ALLOC freed 6K, 32% free 17022K/24712K, paused 4ms, total 4ms
I/Choreographer( 1655): Skipped 31 frames!  The application may be doing too much work on its main thread.
D/EGL_emulation( 1655): eglMakeCurrent: 0xb8592e00: ver 3 0
D/EGL_emulation( 1655): eglMakeCurrent: 0xb8592e00: ver 3 0
D/PhoneStatusBar( 1655): mSettingsPanelGravity = 55
D/EGL_emulation( 1655): eglMakeCurrent: 0xb8592e00: ver 3 0
D/EGL_emulation( 1655): eglMakeCurrent: 0xb8592e00: ver 3 0
I/SurfaceFlinger( 1144): Boot is finished (12060 ms)
D/EGL_emulation( 1655): eglMakeCurrent: 0xb8592e00: ver 3 0
D/dalvikvm( 1937): GC_FOR_ALLOC freed 155K, 30% free 17468K/24712K, paused 2ms, total 8ms
I/WindowManager( 1568): Screen frozen for +605ms due to Window{9d329e18 u0 com.android.launcher/com.android.launcher2.Launcher}
I/dalvikvm-heap( 1937): Grow heap (frag case) to 24.358MB for 7464972-byte allocation
D/dalvikvm( 1937): GC_FOR_ALLOC freed 5K, 23% free 24753K/32004K, paused 8ms, total 8ms
W/ActivityManager( 1568): Unable to start service Intent { cmp=com.android.email/.service.AttachmentDownloadService } U=0: not found
W/ActivityManager( 1568): Unable to start service Intent { cmp=com.android.email/.service.AttachmentDownloadService } U=0: not found
D/dalvikvm( 2018): GC_FOR_ALLOC freed 314K, 14% free 3192K/3692K, paused 14ms, total 14ms
I/Email   ( 2018): Observing account changes for notifications
D/dalvikvm( 1937): GC_FOR_ALLOC freed 7300K, 41% free 19057K/32004K, paused 3ms, total 3ms
D/dalvikvm( 1937): GC_FOR_ALLOC freed 1K, 36% free 20607K/32004K, paused 2ms, total 2ms
D/dalvikvm( 1568): GC_FOR_ALLOC freed 912K, 51% free 7294K/14816K, paused 17ms, total 19ms
D/dalvikvm( 1937): GC_FOR_ALLOC freed 187K, 30% free 22467K/32004K, paused 2ms, total 7ms
D/dalvikvm( 1937): GC_FOR_ALLOC freed 1711K, 29% free 22769K/32004K, paused 3ms, total 3ms
I/MultiDex( 1776): Renaming to /data/data/com.google.android.gms/code_cache/secondary-dexes/PrebuiltGmsCore.apk.classes3.zip
I/MultiDex( 1776): Extraction succeeded '/data/data/com.google.android.gms/code_cache/secondary-dexes/PrebuiltGmsCore.apk.classes3.zip': length 3069570 - crc: 1812373452
I/MultiDex( 1776): Extraction is needed for file /data/data/com.google.android.gms/code_cache/secondary-dexes/PrebuiltGmsCore.apk.classes4.zip
I/MultiDex( 1776): Extracting /data/data/com.google.android.gms/code_cache/secondary-dexes/tmp-PrebuiltGmsCore.apk.classes-1216811416.zip
D/MobileDataStateTracker( 1568): hipri: isProvisioningNetwork: retVal=false
D/ConnectivityService( 1568): [CheckMp] isMobileOk: isProvisioningNetwork is false, continue
D/ConnectivityService( 1568): [CheckMp] isMobileOk: addresses=clients3.google.com/172.217.13.110,clients3.google.com/2607:f8b0:4020:804::200e
D/ConnectivityService( 1568): [CheckMp] isMobileOk: linkHasIpv4=true linkHasIpv6=false
D/ConnectivityService( 1568): requestRouteToHostAddress ok=true
D/ConnectivityService( 1568): [CheckMp] isMobileOk: wait to establish route to hostAddr=clients3.google.com/172.217.13.110
I/MultiDex( 1776): Renaming to /data/data/com.google.android.gms/code_cache/secondary-dexes/PrebuiltGmsCore.apk.classes4.zip
I/MultiDex( 1776): Extraction succeeded '/data/data/com.google.android.gms/code_cache/secondary-dexes/PrebuiltGmsCore.apk.classes4.zip': length 3729559 - crc: 3858303340
I/MultiDex( 1776): Extraction is needed for file /data/data/com.google.android.gms/code_cache/secondary-dexes/PrebuiltGmsCore.apk.classes5.zip
I/MultiDex( 1776): Extracting /data/data/com.google.android.gms/code_cache/secondary-dexes/tmp-PrebuiltGmsCore.apk.classes1463233381.zip
I/MultiDex( 1776): Renaming to /data/data/com.google.android.gms/code_cache/secondary-dexes/PrebuiltGmsCore.apk.classes5.zip
I/MultiDex( 1776): Extraction succeeded '/data/data/com.google.android.gms/code_cache/secondary-dexes/PrebuiltGmsCore.apk.classes5.zip': length 3584837 - crc: 4123503416
I/MultiDex( 1776): Extraction is needed for file /data/data/com.google.android.gms/code_cache/secondary-dexes/PrebuiltGmsCore.apk.classes6.zip
I/MultiDex( 1776): Extracting /data/data/com.google.android.gms/code_cache/secondary-dexes/tmp-PrebuiltGmsCore.apk.classes-1125327180.zip
D/AndroidRuntime( 2086): 
D/AndroidRuntime( 2086): >>>>>> AndroidRuntime START com.android.internal.os.RuntimeInit <<<<<<
W/linker  ( 2086): libdvm.so has text relocations. This is wasting memory and is a security risk. Please fix.
D/AndroidRuntime( 2086): CheckJNI is ON
D/dalvikvm( 1568): GC_EXPLICIT freed 446K, 53% free 7093K/14816K, paused 1ms+1ms, total 11ms
D/dalvikvm( 2086): Trying to load lib libjavacore.so 0x0
D/dalvikvm( 2086): Added shared lib libjavacore.so 0x0
D/dalvikvm( 2086): Trying to load lib libnativehelper.so 0x0
D/dalvikvm( 2086): Added shared lib libnativehelper.so 0x0
D/dalvikvm( 2086): No JNI_OnLoad found in libnativehelper.so 0x0, skipping init
D/dalvikvm( 2086): Note: class Landroid/app/ActivityManagerNative; has 179 unimplemented (abstract) methods
E/memtrack( 2086): Couldn't load memtrack module (No such file or directory)
E/android.os.Debug( 2086): failed to load memtrack module: -2
I/MultiDex( 1776): Renaming to /data/data/com.google.android.gms/code_cache/secondary-dexes/PrebuiltGmsCore.apk.classes6.zip
I/MultiDex( 1776): Extraction succeeded '/data/data/com.google.android.gms/code_cache/secondary-dexes/PrebuiltGmsCore.apk.classes6.zip': length 2190210 - crc: 2261963046
D/AndroidRuntime( 2086): Calling main entry com.android.commands.pm.Pm
D/AndroidRuntime( 2086): Shutting down VM
D/jdwp    ( 2086): Got wake-up signal, bailing out of select
D/dalvikvm( 2086): Debugger has detached; object registry had 1 entries
I/MultiDex( 1776): load found 5 secondary dex files
D/dalvikvm( 1776): DexOpt: --- BEGIN 'PrebuiltGmsCore.apk.classes2.zip' (bootstrap=0) ---
W/linker  ( 2098): libdvm.so has text relocations. This is wasting memory and is a security risk. Please fix.
E/cutils-trace( 2098): Error opening trace file: Permission denied (13)
D/dalvikvm( 2098): GC_FOR_ALLOC freed 842K, 42% free 1204K/2048K, paused 0ms, total 0ms
D/AndroidRuntime( 2099): 
D/AndroidRuntime( 2099): >>>>>> AndroidRuntime START com.android.internal.os.RuntimeInit <<<<<<
W/linker  ( 2099): libdvm.so has text relocations. This is wasting memory and is a security risk. Please fix.
D/AndroidRuntime( 2099): CheckJNI is ON
D/dalvikvm( 2099): Trying to load lib libjavacore.so 0x0
D/dalvikvm( 2099): Added shared lib libjavacore.so 0x0
D/dalvikvm( 2099): Trying to load lib libnativehelper.so 0x0
D/dalvikvm( 2099): Added shared lib libnativehelper.so 0x0
D/dalvikvm( 2099): No JNI_OnLoad found in libnativehelper.so 0x0, skipping init
D/dalvikvm( 2098): DexOpt: couldn't find field Landroid/os/Message;.sendingUid
D/dalvikvm( 2099): Note: class Landroid/app/ActivityManagerNative; has 179 unimplemented (abstract) methods
E/memtrack( 2099): Couldn't load memtrack module (No such file or directory)
E/android.os.Debug( 2099): failed to load memtrack module: -2
D/AndroidRuntime( 2099): Calling main entry com.android.commands.pm.Pm
D/AndroidRuntime( 2099): Shutting down VM
D/jdwp    ( 2099): Got wake-up signal, bailing out of select
D/dalvikvm( 2099): Debugger has detached; object registry had 1 entries
D/dalvikvm( 2098): DexOpt: load 79ms, verify+opt 139ms, 9812300 bytes
D/dalvikvm( 1776): DexOpt: --- END 'PrebuiltGmsCore.apk.classes2.zip' (success) ---
D/dalvikvm( 1776): DEX prep '/data/data/com.google.android.gms/code_cache/secondary-dexes/PrebuiltGmsCore.apk.classes2.zip': unzip in 65ms, rewrite 306ms
D/dalvikvm( 1776): DexOpt: --- BEGIN 'PrebuiltGmsCore.apk.classes3.zip' (bootstrap=0) ---
W/linker  ( 2110): libdvm.so has text relocations. This is wasting memory and is a security risk. Please fix.
E/cutils-trace( 2110): Error opening trace file: Permission denied (13)
D/dalvikvm( 2110): GC_FOR_ALLOC freed 888K, 44% free 1158K/2048K, paused 1ms, total 1ms
D/AndroidRuntime( 2111): 
D/AndroidRuntime( 2111): >>>>>> AndroidRuntime START com.android.internal.os.RuntimeInit <<<<<<
W/linker  ( 2111): libdvm.so has text relocations. This is wasting memory and is a security risk. Please fix.
D/AndroidRuntime( 2111): CheckJNI is ON
D/dalvikvm( 2111): Trying to load lib libjavacore.so 0x0
D/dalvikvm( 2111): Added shared lib libjavacore.so 0x0
D/dalvikvm( 2111): Trying to load lib libnativehelper.so 0x0
D/Tethering( 1568): MasterInitialState.processMessage what=3
D/CaptivePortalTracker( 1568): NoActiveNetworkState{ when=0 what=1 obj=NetworkInfo: type: mobile[LTE], state: CONNECTED/CONNECTED, reason: connected, extra: epc.tmobile.com, roaming: false, failover: false, isAvailable: true, isConnectedToProvisioningNetwork: false target=com.android.internal.util.StateMachine$SmHandler }
D/CaptivePortalTracker( 1568): NoActiveNetworkState not a wifi connectivity change, ignore
D/dalvikvm( 2111): Added shared lib libnativehelper.so 0x0
D/dalvikvm( 2111): No JNI_OnLoad found in libnativehelper.so 0x0, skipping init
D/dalvikvm( 2111): Note: class Landroid/app/ActivityManagerNative; has 179 unimplemented (abstract) methods
E/memtrack( 2111): Couldn't load memtrack module (No such file or directory)
E/android.os.Debug( 2111): failed to load memtrack module: -2
D/AndroidRuntime( 2111): Calling main entry com.android.commands.pm.Pm
D/AndroidRuntime( 2111): Shutting down VM
D/jdwp    ( 2111): Got wake-up signal, bailing out of select
D/dalvikvm( 2111): Debugger has detached; object registry had 1 entries
I/AndroidRuntime( 2111): NOTE: attach of thread 'Binder_1' failed
D/dalvikvm( 2110): DexOpt: load 48ms, verify+opt 91ms, 4551068 bytes
D/dalvikvm( 1776): DexOpt: --- END 'PrebuiltGmsCore.apk.classes3.zip' (success) ---
D/dalvikvm( 1776): DEX prep '/data/data/com.google.android.gms/code_cache/secondary-dexes/PrebuiltGmsCore.apk.classes3.zip': unzip in 49ms, rewrite 212ms
D/Tethering( 1568): MasterInitialState.processMessage what=3
D/CaptivePortalTracker( 1568): NoActiveNetworkState{ when=0 what=1 obj=NetworkInfo: type: mobile_hipri[LTE], state: CONNECTED/CONNECTED, reason: dataEnabled, extra: epc.tmobile.com, roaming: false, failover: false, isAvailable: true, isConnectedToProvisioningNetwork: false target=com.android.internal.util.StateMachine$SmHandler }
D/CaptivePortalTracker( 1568): NoActiveNetworkState not a wifi connectivity change, ignore
D/dalvikvm( 1776): DexOpt: --- BEGIN 'PrebuiltGmsCore.apk.classes4.zip' (bootstrap=0) ---
W/linker  ( 2123): libdvm.so has text relocations. This is wasting memory and is a security risk. Please fix.
D/GpsLocationProvider( 1568): NTP server returned: 1629021687324 (Sun Aug 15 05:01:27 CDT 2021) reference: 16526 certainty: 7 system time offset: 577
E/cutils-trace( 2123): Error opening trace file: Permission denied (13)
D/dalvikvm( 2123): GC_FOR_ALLOC freed 953K, 47% free 1093K/2048K, paused 1ms, total 1ms
D/AndroidRuntime( 2130): 
D/AndroidRuntime( 2130): >>>>>> AndroidRuntime START com.android.internal.os.RuntimeInit <<<<<<
W/linker  ( 2130): libdvm.so has text relocations. This is wasting memory and is a security risk. Please fix.
D/AndroidRuntime( 2130): CheckJNI is ON
D/dalvikvm( 2130): Trying to load lib libjavacore.so 0x0
D/dalvikvm( 2130): Added shared lib libjavacore.so 0x0
D/dalvikvm( 2130): Trying to load lib libnativehelper.so 0x0
D/dalvikvm( 2130): Added shared lib libnativehelper.so 0x0
D/dalvikvm( 2130): No JNI_OnLoad found in libnativehelper.so 0x0, skipping init
D/dalvikvm( 2130): Note: class Landroid/app/ActivityManagerNative; has 179 unimplemented (abstract) methods
E/memtrack( 2130): Couldn't load memtrack module (No such file or directory)
E/android.os.Debug( 2130): failed to load memtrack module: -2
D/dalvikvm( 2123): DexOpt: load 63ms, verify+opt 102ms, 5853988 bytes
D/AndroidRuntime( 2130): Calling main entry com.android.commands.pm.Pm
I/PackageManager( 1568): Running dexopt on: com.android.defcontainer
W/linker  ( 2153): libdvm.so has text relocations. This is wasting memory and is a security risk. Please fix.
I/ActivityManager( 1568): Start proc com.android.defcontainer for service com.android.defcontainer/.DefaultContainerService: pid=2140 uid=10003 gids={50003, 1028, 1015, 1023, 2001, 1035}
D/dalvikvm( 1776): DexOpt: --- END 'PrebuiltGmsCore.apk.classes4.zip' (success) ---
D/dalvikvm( 1776): DEX prep '/data/data/com.google.android.gms/code_cache/secondary-dexes/PrebuiltGmsCore.apk.classes4.zip': unzip in 58ms, rewrite 257ms
D/dalvikvm( 2153): DexOpt: load 1ms, verify+opt 3ms, 201428 bytes
W/ActivityManager( 1568): No content provider found for permission revoke: file:///data/local/tmp/AndroidRipperService.apk
W/ActivityManager( 1568): No content provider found for permission revoke: file:///data/local/tmp/AndroidRipperService.apk
I/PackageManager( 1568): Copying native libraries to /data/app-lib/vmdl-114072702
I/PackageParser( 1568): it.unina.android.ripper_service: compat added android.permission.WRITE_EXTERNAL_STORAGE android.permission.READ_PHONE_STATE
I/PackageManager( 1568): Running dexopt on: it.unina.android.ripper_service
W/linker  ( 2155): libdvm.so has text relocations. This is wasting memory and is a security risk. Please fix.
D/dalvikvm( 1776): DexOpt: --- BEGIN 'PrebuiltGmsCore.apk.classes5.zip' (bootstrap=0) ---
W/linker  ( 2156): libdvm.so has text relocations. This is wasting memory and is a security risk. Please fix.
D/dalvikvm( 2155): DexOpt: load 6ms, verify+opt 31ms, 1117628 bytes
I/ActivityManager( 1568): Force stopping it.unina.android.ripper_service appid=10057 user=-1: update pkg
I/InputReader( 1568): Reconfiguring input devices.  changes=0x00000010
D/BackupManagerService( 1568): Received broadcast Intent { act=android.intent.action.PACKAGE_ADDED dat=package:it.unina.android.ripper_service flg=0x4000010 (has extras) }
I/PackageManager( 1568):   Action: "android.intent.action.SENDTO"
I/PackageManager( 1568):   Category: "android.intent.category.DEFAULT"
I/PackageManager( 1568):   Scheme: "sms"
V/BackupManagerService( 1568): addPackageParticipantsLocked: #1
I/PackageManager( 1568): Adding preferred activity ComponentInfo{com.android.mms/com.android.mms.ui.ComposeMessageActivity} for user 0 :
I/PackageManager( 1568):   Action: "android.intent.action.SENDTO"
I/PackageManager( 1568):   Category: "android.intent.category.DEFAULT"
I/PackageManager( 1568):   Scheme: "smsto"
I/PackageManager( 1568): Adding preferred activity ComponentInfo{com.android.mms/com.android.mms.ui.ComposeMessageActivity} for user 0 :
D/dalvikvm( 1568): GC_EXPLICIT freed 902K, 52% free 7219K/14816K, paused 8ms+2ms, total 21ms
D/dalvikvm( 1568): WAIT_FOR_CONCURRENT_GC blocked 11ms
I/PackageManager( 1568):   Action: "android.intent.action.SENDTO"
I/PackageManager( 1568):   Category: "android.intent.category.DEFAULT"
I/PackageManager( 1568):   Scheme: "mms"
D/dalvikvm( 1568): WAIT_FOR_CONCURRENT_GC blocked 11ms
D/dalvikvm( 1568): WAIT_FOR_CONCURRENT_GC blocked 12ms
I/PackageManager( 1568): Adding preferred activity ComponentInfo{com.android.mms/com.android.mms.ui.ComposeMessageActivity} for user 0 :
D/AndroidRuntime( 2130): Shutting down VM
D/jdwp    ( 2130): Got wake-up signal, bailing out of select
D/dalvikvm( 2130): Debugger has detached; object registry had 1 entries
I/PackageManager( 1568):   Action: "android.intent.action.SENDTO"
I/PackageManager( 1568):   Category: "android.intent.category.DEFAULT"
I/PackageManager( 1568):   Scheme: "mmsto"
I/PackageManager( 1568): Adding preferred activity ComponentInfo{com.android.mms/com.android.mms.ui.ComposeMessageActivity} for user 0 :
D/dalvikvm( 1798): GC_FOR_ALLOC freed 425K, 15% free 3647K/4260K, paused 3ms, total 3ms
I/PackageManager( 1568):   Action: "android.intent.action.SENDTO"
I/PackageManager( 1568):   Category: "android.intent.category.DEFAULT"
I/PackageManager( 1568):   Scheme: "sms"
I/PackageManager( 1568): Adding preferred activity ComponentInfo{com.android.mms/com.android.mms.ui.ComposeMessageActivity} for user 0 :
I/PackageManager( 1568):   Action: "android.intent.action.SENDTO"
I/PackageManager( 1568):   Category: "android.intent.category.DEFAULT"
I/PackageManager( 1568):   Scheme: "smsto"
I/PackageManager( 1568):   Action: "android.intent.action.SENDTO"
I/PackageManager( 1568):   Category: "android.intent.category.DEFAULT"
I/PackageManager( 1568):   Scheme: "mms"
I/PackageManager( 1568): Adding preferred activity ComponentInfo{com.android.mms/com.android.mms.ui.ComposeMessageActivity} for user 0 :
I/PackageManager( 1568): Adding preferred activity ComponentInfo{com.android.mms/com.android.mms.ui.ComposeMessageActivity} for user 0 :
I/PackageManager( 1568):   Action: "android.intent.action.SENDTO"
I/PackageManager( 1568):   Category: "android.intent.category.DEFAULT"
I/PackageManager( 1568):   Scheme: "mmsto"
I/PackageManager( 1568): Adding preferred activity ComponentInfo{com.android.mms/com.android.mms.ui.ComposeMessageActivity} for user 0 :
E/cutils-trace( 2156): Error opening trace file: Permission denied (13)
D/dalvikvm( 2156): GC_FOR_ALLOC freed 696K, 35% free 1350K/2048K, paused 1ms, total 1ms
D/dalvikvm( 2156): DexOpt: couldn't find static field Landroid/view/View;.TRANSLATION_Z
D/dalvikvm( 2156): DexOpt: load 104ms, verify+opt 142ms, 6002044 bytes
D/dalvikvm( 1776): DexOpt: --- END 'PrebuiltGmsCore.apk.classes5.zip' (success) ---
D/dalvikvm( 1776): DEX prep '/data/data/com.google.android.gms/code_cache/secondary-dexes/PrebuiltGmsCore.apk.classes5.zip': unzip in 78ms, rewrite 342ms
D/AndroidRuntime( 2161): 
D/AndroidRuntime( 2161): >>>>>> AndroidRuntime START com.android.internal.os.RuntimeInit <<<<<<
W/linker  ( 2161): libdvm.so has text relocations. This is wasting memory and is a security risk. Please fix.
D/AndroidRuntime( 2161): CheckJNI is ON
D/dalvikvm( 2161): Trying to load lib libjavacore.so 0x0
D/dalvikvm( 2161): Added shared lib libjavacore.so 0x0
D/dalvikvm( 2161): Trying to load lib libnativehelper.so 0x0
D/dalvikvm( 2161): Added shared lib libnativehelper.so 0x0
D/dalvikvm( 2161): No JNI_OnLoad found in libnativehelper.so 0x0, skipping init
D/dalvikvm( 2161): Note: class Landroid/app/ActivityManagerNative; has 179 unimplemented (abstract) methods
D/dalvikvm( 1776): DexOpt: --- BEGIN 'PrebuiltGmsCore.apk.classes6.zip' (bootstrap=0) ---
W/linker  ( 2170): libdvm.so has text relocations. This is wasting memory and is a security risk. Please fix.
E/memtrack( 2161): Couldn't load memtrack module (No such file or directory)
E/android.os.Debug( 2161): failed to load memtrack module: -2
D/AndroidRuntime( 2161): Calling main entry com.android.commands.pm.Pm
D/AndroidRuntime( 2161): Shutting down VM
D/jdwp    ( 2161): Got wake-up signal, bailing out of select
D/dalvikvm( 2161): Debugger has detached; object registry had 1 entries
I/AndroidRuntime( 2161): NOTE: attach of thread 'Binder_1' failed
E/cutils-trace( 2170): Error opening trace file: Permission denied (13)
D/dalvikvm( 2170): GC_FOR_ALLOC freed 1274K, 63% free 772K/2048K, paused 0ms, total 0ms
D/dalvikvm( 2170): DexOpt: load 34ms, verify+opt 65ms, 4410764 bytes
D/dalvikvm( 1776): DexOpt: --- END 'PrebuiltGmsCore.apk.classes6.zip' (success) ---
D/dalvikvm( 1776): DEX prep '/data/data/com.google.android.gms/code_cache/secondary-dexes/PrebuiltGmsCore.apk.classes6.zip': unzip in 38ms, rewrite 166ms
I/MultiDex( 1776): install done
I/dalvikvm( 1776): Could not find method android.content.ContentProvider.query, referenced from method brf.superQuery
W/dalvikvm( 1776): VFY: unable to resolve virtual method 2428: Landroid/content/ContentProvider;.query (Landroid/net/Uri;[Ljava/lang/String;Landroid/os/Bundle;Landroid/os/CancellationSignal;)Landroid/database/Cursor;
D/dalvikvm( 1776): VFY: replacing opcode 0x6f at 0x0000
D/dalvikvm( 1776): GC_FOR_ALLOC freed 370K, 13% free 4681K/5332K, paused 3ms, total 3ms
I/dalvikvm( 1776): Could not find method android.os.UserHandle.isOwner, referenced from method nmy.f
W/dalvikvm( 1776): VFY: unable to resolve virtual method 3081: Landroid/os/UserHandle;.isOwner ()Z
D/dalvikvm( 1776): VFY: replacing opcode 0x6e at 0x000a
D/dalvikvm( 1776): DexOpt: couldn't find field Landroid/content/pm/ApplicationInfo;.splitSourceDirs
W/dalvikvm( 1776): VFY: unable to resolve instance field 1475
D/dalvikvm( 1776): VFY: replacing opcode 0x54 at 0x0055
D/dalvikvm( 1776): DexOpt: couldn't find static field Landroid/os/Build;.SUPPORTED_ABIS
W/dalvikvm( 1776): VFY: unable to resolve static field 1540 (SUPPORTED_ABIS) in Landroid/os/Build;
D/dalvikvm( 1776): VFY: replacing opcode 0x62 at 0x00d1
I/dalvikvm( 1776): Could not find method android.system.Os.stat, referenced from method nop.a
W/dalvikvm( 1776): VFY: unable to resolve static method 3146: Landroid/system/Os;.stat (Ljava/lang/String;)Landroid/system/StructStat;
D/dalvikvm( 1776): VFY: replacing opcode 0x71 at 0x0182
I/dalvikvm( 1776): Could not find method android.content.pm.PackageManager.getPackageInstaller, referenced from method men.a
W/dalvikvm( 1776): VFY: unable to resolve virtual method 2608: Landroid/content/pm/PackageManager;.getPackageInstaller ()Landroid/content/pm/PackageInstaller;
D/dalvikvm( 1776): VFY: replacing opcode 0x6e at 0x001c
W/DynamiteModule( 1776): Local module descriptor class for providerinstaller not found.
E/ChimeraCfgMgr( 1776): Failed to read module config: java.io.FileNotFoundException: /data/data/com.google.android.gms/app_chimera/current_config.fb: open failed: ENOENT (No such file or directory)
I/dalvikvm( 1776): Could not find method android.system.Os.readlink, referenced from method bse.a
W/dalvikvm( 1776): VFY: unable to resolve static method 3145: Landroid/system/Os;.readlink (Ljava/lang/String;)Ljava/lang/String;
D/dalvikvm( 1776): VFY: replacing opcode 0x71 at 0x0044
I/dalvikvm( 1776): Could not find method android.system.Os.symlink, referenced from method bse.a
W/dalvikvm( 1776): VFY: unable to resolve static method 3147: Landroid/system/Os;.symlink (Ljava/lang/String;Ljava/lang/String;)V
D/dalvikvm( 1776): VFY: replacing opcode 0x71 at 0x00b0
I/dalvikvm( 1776): Could not find method android.system.Os.stat, referenced from method bse.a
W/dalvikvm( 1776): VFY: unable to resolve static method 3146: Landroid/system/Os;.stat (Ljava/lang/String;)Landroid/system/StructStat;
D/dalvikvm( 1776): VFY: replacing opcode 0x71 at 0x0005
W/dalvikvm( 1776): VFY: unable to resolve static field 1615 (S_IXUSR) in Landroid/system/OsConstants;
D/dalvikvm( 1776): VFY: replacing opcode 0x60 at 0x0007
I/dalvikvm( 1776): Could not find method android.system.Os.stat, referenced from method bse.b
W/dalvikvm( 1776): VFY: unable to resolve static method 3146: Landroid/system/Os;.stat (Ljava/lang/String;)Landroid/system/StructStat;
D/dalvikvm( 1776): VFY: replacing opcode 0x71 at 0x0040
W/dalvikvm( 1776): VFY: unable to resolve static field 1612 (S_IRUSR) in Landroid/system/OsConstants;
D/dalvikvm( 1776): VFY: replacing opcode 0x60 at 0x0007
W/FileUtils( 1776): Failed to set world readable: /data/data/com.google.android.gms/app_chimera/current_config.fb
E/ChimeraCfgMgr( 1776): Failed to read module config: java.io.FileNotFoundException: /data/data/com.google.android.gms/app_chimera/current_config.fb: open failed: ENOENT (No such file or directory)
D/dalvikvm( 1776): DexOpt: couldn't find static field Landroid/os/Build;.SUPPORTED_ABIS
W/dalvikvm( 1776): VFY: unable to resolve static field 1540 (SUPPORTED_ABIS) in Landroid/os/Build;
D/dalvikvm( 1776): VFY: replacing opcode 0x62 at 0x0307
D/dalvikvm( 1776): DexOpt: couldn't find static field Landroid/os/Build;.SUPPORTED_ABIS
W/dalvikvm( 1776): VFY: unable to resolve static field 1540 (SUPPORTED_ABIS) in Landroid/os/Build;
D/dalvikvm( 1776): VFY: replacing opcode 0x62 at 0x06eb
I/dalvikvm( 1776): Could not find method android.content.Context.isCredentialProtectedStorage, referenced from method bry.j
W/dalvikvm( 1776): VFY: unable to resolve virtual method 2490: Landroid/content/Context;.isCredentialProtectedStorage ()Z
D/dalvikvm( 1776): VFY: replacing opcode 0x6e at 0x0087
E/ConfigFileUtils( 1776): Failed to read config file: /data/data/com.google.android.gms/app_chimera/current_fileapks.pb: open failed: ENOENT (No such file or directory)
D/dalvikvm( 1776): GC_FOR_ALLOC freed 1930K, 41% free 3219K/5428K, paused 2ms, total 2ms
D/ConnectivityService( 1568): [CheckMp] isMobileOk: newUrl=https://172.217.13.110/generate_204
W/ActivityThread( 1568): ClassLoader.loadClass: The class loader returned by Thread.getContextClassLoader() may fail for processes that host multiple applications. You should explicitly specify a context class loader. For example: Thread.setContextClassLoader(getClass().getClassLoader());
I/GmsModuleFndr( 1776): Beginning GMS chimera module scan
E/ChimeraCfgMgr( 1776): Failed to read module config: java.io.FileNotFoundException: /data/data/com.google.android.gms/app_chimera/current_config.fb: open failed: ENOENT (No such file or directory)
D/dalvikvm( 1145): GC_EXPLICIT freed 39K, 8% free 2993K/3220K, paused 0ms+0ms, total 2ms
D/dalvikvm( 1145): GC_EXPLICIT freed <1K, 8% free 2993K/3220K, paused 0ms+0ms, total 1ms
D/dalvikvm( 1568): GC_FOR_ALLOC freed 1011K, 51% free 7269K/14816K, paused 9ms, total 9ms
D/dalvikvm( 1145): GC_EXPLICIT freed <1K, 8% free 2993K/3220K, paused 2ms+0ms, total 5ms
I/DynamiteModule( 1776): Considering local module com.google.android.gms.googlecertificates:4 and remote module com.google.android.gms.googlecertificates:0
I/DynamiteModule( 1776): Selected local version of com.google.android.gms.googlecertificates
I/dalvikvm( 1776): Could not find method android.app.Notification$Builder.setLocalOnly, referenced from method com.google.android.gms.common.GoogleCertificatesImpl.isGoogleOrPlatformSigned
W/dalvikvm( 1776): VFY: unable to resolve virtual method 2308: Landroid/app/Notification$Builder;.setLocalOnly (Z)Landroid/app/Notification$Builder;
D/dalvikvm( 1776): VFY: replacing opcode 0x6e at 0x00b1
I/ActivityManager( 1568): Start proc com.google.android.gms for service com.google.android.gms/.chimera.GmsIntentOperationService: pid=2174 uid=10007 gids={50007, 3003, 1007, 1028, 1015, 3002, 3001, 3007, 2001, 3006}
W/dalvikvm( 2174): VFY: unable to resolve static field 1608 (PR_SET_DUMPABLE) in Landroid/system/OsConstants;
D/dalvikvm( 2174): VFY: replacing opcode 0x60 at 0x0017
W/dalvikvm( 2174): VFY: unable to find class referenced in signature (Lyqx;)
W/dalvikvm( 2174): VFY: unable to find class referenced in signature (Lyro;)
E/ChimeraCfgMgr( 1776): Failed to read module config: java.io.FileNotFoundException: /data/data/com.google.android.gms/app_chimera/current_config.fb: open failed: ENOENT (No such file or directory)
I/ModuleSetMgr( 1776): Config file doesn't exist, writing blank config.
I/dalvikvm( 1776): Could not find method com.google.android.chimera.ContextThemeWrapper.createAttributionContext, referenced from method mnu.createAttributionContext
W/dalvikvm( 1776): VFY: unable to resolve virtual method 13785: Lcom/google/android/chimera/ContextThemeWrapper;.createAttributionContext (Ljava/lang/String;)Landroid/content/Context;
D/dalvikvm( 1776): VFY: replacing opcode 0x6f at 0x0002
I/dalvikvm( 1776): Could not find method android.content.ContextWrapper.createCredentialProtectedStorageContext, referenced from method mnu.createCredentialProtectedStorageContext
W/dalvikvm( 1776): VFY: unable to resolve virtual method 2508: Landroid/content/ContextWrapper;.createCredentialProtectedStorageContext ()Landroid/content/Context;
D/dalvikvm( 1776): VFY: replacing opcode 0x6f at 0x0002
I/dalvikvm( 1776): Could not find method android.content.ContextWrapper.createDeviceProtectedStorageContext, referenced from method mnu.createDeviceProtectedStorageContext
W/dalvikvm( 1776): VFY: unable to resolve virtual method 2509: Landroid/content/ContextWrapper;.createDeviceProtectedStorageContext ()Landroid/content/Context;
D/dalvikvm( 1776): VFY: replacing opcode 0x6f at 0x0002
I/dalvikvm( 2174): Could not find method android.system.Os.readlink, referenced from method msk.a
W/dalvikvm( 2174): VFY: unable to resolve static method 3145: Landroid/system/Os;.readlink (Ljava/lang/String;)Ljava/lang/String;
D/dalvikvm( 2174): VFY: replacing opcode 0x71 at 0x00b0
E/ConfigFileUtils( 1776): Failed to read config file: /data/data/com.google.android.gms/app_chimera/current_fileapks.pb: open failed: ENOENT (No such file or directory)
I/ModuleSetMgr( 1776): Computing pending module set with APKs: []
I/dalvikvm( 2174): Could not find method android.os.PowerManager.isInteractive, referenced from method ndc.a
W/dalvikvm( 2174): VFY: unable to resolve virtual method 3046: Landroid/os/PowerManager;.isInteractive ()Z
D/dalvikvm( 2174): VFY: replacing opcode 0x6e at 0x0013
I/dalvikvm( 2174): Could not find method com.google.android.chimera.ModuleContext.getAttributionTag, referenced from method com.google.android.chimera.ModuleContext.createAttributionContext
W/dalvikvm( 2174): VFY: unable to resolve virtual method 14170: Lcom/google/android/chimera/ModuleContext;.getAttributionTag ()Ljava/lang/String;
D/dalvikvm( 2174): VFY: replacing opcode 0x6e at 0x0004
I/dalvikvm( 2174): Could not find method com.google.android.chimera.ContextThemeWrapper.createAttributionContext, referenced from method com.google.android.chimera.ModuleContext.createAttributionContext
W/dalvikvm( 2174): VFY: unable to resolve virtual method 13785: Lcom/google/android/chimera/ContextThemeWrapper;.createAttributionContext (Ljava/lang/String;)Landroid/content/Context;
D/dalvikvm( 2174): VFY: replacing opcode 0x6f at 0x0035
I/dalvikvm( 2174): Could not find method android.content.ContextWrapper.createCredentialProtectedStorageContext, referenced from method com.google.android.chimera.ModuleContext.createCredentialProtectedStorageContext
W/dalvikvm( 2174): VFY: unable to resolve virtual method 2508: Landroid/content/ContextWrapper;.createCredentialProtectedStorageContext ()Landroid/content/Context;
D/dalvikvm( 2174): VFY: replacing opcode 0x6f at 0x0002
I/dalvikvm( 2174): Could not find method android.content.ContextWrapper.createDeviceProtectedStorageContext, referenced from method com.google.android.chimera.ModuleContext.createDeviceProtectedStorageContext
W/dalvikvm( 2174): VFY: unable to resolve virtual method 2509: Landroid/content/ContextWrapper;.createDeviceProtectedStorageContext ()Landroid/content/Context;
D/dalvikvm( 2174): VFY: replacing opcode 0x6f at 0x0002
I/dalvikvm( 2174): Could not find method com.google.android.chimera.ContextThemeWrapper.sendBroadcastWithMultiplePermissions, referenced from method com.google.android.chimera.ModuleContext.sendBroadcastWithMultiplePermissions
W/dalvikvm( 2174): VFY: unable to resolve virtual method 13795: Lcom/google/android/chimera/ContextThemeWrapper;.sendBroadcastWithMultiplePermissions (Landroid/content/Intent;[Ljava/lang/String;)V
D/dalvikvm( 2174): VFY: replacing opcode 0x6f at 0x0009
I/MultiDex( 2174): VM with version 1.6.0 does not have multidex support
I/MultiDex( 2174): Installing application
I/MultiDex( 2174): MultiDexExtractor(/system/priv-app/PrebuiltGmsCore.apk, /data/data/com.google.android.gms/code_cache/secondary-dexes)
I/MultiDex( 2174): Blocking on lock /data/data/com.google.android.gms/code_cache/secondary-dexes/MultiDex.lock
I/MultiDex( 2174): /data/data/com.google.android.gms/code_cache/secondary-dexes/MultiDex.lock locked
I/MultiDex( 2174): MultiDexExtractor.load(/system/priv-app/PrebuiltGmsCore.apk, false, )
I/MultiDex( 2174): loading existing secondary dex files
I/MultiDex( 2174): load found 5 secondary dex files
D/dalvikvm( 2174): GC_FOR_ALLOC freed 361K, 15% free 3144K/3692K, paused 2ms, total 2ms
I/MultiDex( 2174): install done
I/dalvikvm( 2174): Could not find method android.content.ContentProvider.query, referenced from method brf.superQuery
