I/ChromeSync( 2159): [Sync,SyncIntentOperation] Handling the intent: Intent { act=com.google.android.gms.phenotype.COMMITTED flg=0x10 pkg=com.google.android.gms cmp=com.google.android.gms/.chimera.GmsIntentOperationService (has extras) }.
I/MdiSyncModule( 2159): flag handling is skipping irrelevant intent.
W/ModuleInitIntentOp( 2159): Dropping unexpected action com.google.android.gms.phenotype.COMMITTED
I/PTCommittedOperation( 1787): Receive new configuration for com.google.android.gms
I/PTCommittedOperation( 1787): Running Fixer Framework for com.google.android.gms
D/dalvikvm( 1787): JIT code cache reset in 0 ms (523252 bytes 2/1)
D/dalvikvm( 1787): GC_FOR_ALLOC freed 1730K, 22% free 10422K/13284K, paused 12ms, total 12ms
I/Auth    ( 1787): [AuthManaged,PasswordComplexityHelperImpl] Updating password complexity components state.
I/Auth    ( 1787): [AuthManaged,PasswordComplexityHelperImpl] Enabling com.google.android.gms.auth.managed.ui.SetNewPasswordActivity
I/ahlt    ( 1787): updateFromConfigurations using legacy put method [CONTEXT service_id=204 ]
I/Auth    ( 1787): [AuthManaged,PasswordComplexityHelperImpl] Updating password complexity components state.
I/Auth    ( 1787): [AuthManaged,PasswordComplexityHelperImpl] Enabling com.google.android.gms.auth.managed.ui.SetNewPasswordActivity
I/Auth    ( 1787): [AuthManaged,PasswordComplexityHelperImpl] Updating password complexity components state.
I/Auth    ( 1787): [AuthManaged,PasswordComplexityHelperImpl] Enabling com.google.android.gms.auth.managed.ui.SetNewPasswordActivity
W/Conscrypt( 2159): Could not set socket write timeout: java.net.SocketException: Socket closed
W/Conscrypt( 2159): 	at com.google.android.gms.org.conscrypt.Platform.setSocketWriteTimeout(:com.google.android.gms@202414005@20.24.14 (000700-319035315):2)
W/Conscrypt( 2159): 	at com.google.android.gms.org.conscrypt.ConscryptFileDescriptorSocket.setSoWriteTimeout(:com.google.android.gms@202414005@20.24.14 (000700-319035315):0)
I/Auth    ( 1787): [AuthManaged,PasswordComplexityHelperImpl] Updating password complexity components state.
I/Auth    ( 1787): [AuthManaged,PasswordComplexityHelperImpl] Enabling com.google.android.gms.auth.managed.ui.SetNewPasswordActivity
I/ChromeSync( 2159): [Sync,SyncIntentOperation] Handling the intent: Intent { act=com.google.android.gms.phenotype.COMMITTED flg=0x10 pkg=com.google.android.gms cmp=com.google.android.gms/.chimera.GmsIntentOperationService (has extras) }.
I/MdiSyncModule( 2159): flag handling is skipping irrelevant intent.
W/ModuleInitIntentOp( 2159): Dropping unexpected action com.google.android.gms.phenotype.COMMITTED
I/PTCommittedOperation( 1787): Receive new configuration for com.google.android.gms.romanesco
W/Conscrypt( 2159): Could not set socket write timeout: java.net.SocketException: Socket closed
W/Conscrypt( 2159): 	at com.google.android.gms.org.conscrypt.Platform.setSocketWriteTimeout(:com.google.android.gms@202414005@20.24.14 (000700-319035315):2)
W/Conscrypt( 2159): 	at com.google.android.gms.org.conscrypt.ConscryptFileDescriptorSocket.setSoWriteTimeout(:com.google.android.gms@202414005@20.24.14 (000700-319035315):0)
I/Auth    ( 1787): [AuthManaged,PasswordComplexityHelperImpl] Updating password complexity components state.
I/Auth    ( 1787): [AuthManaged,PasswordComplexityHelperImpl] Enabling com.google.android.gms.auth.managed.ui.SetNewPasswordActivity
D/dalvikvm( 1787): GC_FOR_ALLOC freed 2297K, 24% free 10173K/13284K, paused 9ms, total 9ms
V/EmulatedCamera_Camera( 1147): getCameraInfo
V/EmulatedCamera_BaseCamera( 1147): getCameraInfo
I/OcrModelUpStIntentOp( 2159): Updating ocr activity enabled=true (phenotypeFlag=true, lowRamDevice=false, prereqCheck=true)
W/DynamiteModule( 2159): Local module descriptor class for com.google.android.gms.vision.dynamite.ocr not found.
W/ProviderHelper( 2159): Unknown dynamite feature vision.dynamite.ocr
I/DynamiteModule( 2159): Considering local module com.google.android.gms.vision.dynamite.ocr:0 and remote module com.google.android.gms.vision.dynamite.ocr:0
W/ProviderHelper( 2159): Unknown dynamite feature vision.ocr
W/DynamiteModule( 2159): Local module descriptor class for com.google.android.gms.vision.ocr not found.
I/DynamiteModule( 2159): Considering local module com.google.android.gms.vision.ocr:0 and remote module com.google.android.gms.vision.ocr:0
E/Vision  ( 2159): Error loading module com.google.android.gms.vision.ocr optional module true: qxb: No acceptable module found. Local version is 0 and remote version is 0.
W/TextNativeHandle( 2159): Native handle not yet available. Reverting to no-op handle.
W/DynamiteModule( 2159): Local module descriptor class for com.google.android.gms.vision.dynamite.ocr not found.
W/ProviderHelper( 2159): Unknown dynamite feature vision.dynamite.ocr
I/DynamiteModule( 2159): Considering local module com.google.android.gms.vision.dynamite.ocr:0 and remote module com.google.android.gms.vision.dynamite.ocr:0
W/ProviderHelper( 2159): Unknown dynamite feature vision.ocr
W/DynamiteModule( 2159): Local module descriptor class for com.google.android.gms.vision.ocr not found.
I/DynamiteModule( 2159): Considering local module com.google.android.gms.vision.ocr:0 and remote module com.google.android.gms.vision.ocr:0
E/Vision  ( 2159): Error loading module com.google.android.gms.vision.ocr optional module true: qxb: No acceptable module found. Local version is 0 and remote version is 0.
I/OcrModelUpStIntentOp( 2159): Downloading text recognizer
I/Vision  ( 2159): Requesting optional module download of ocr.
I/Vision  ( 2159): Checking for download completion for 51910 -- ocr
I/Vision  ( 2159): Requesting optional module download of ocr.
I/Vision  ( 2159): Checking for download completion for 51921 -- ocr
I/Auth    ( 1787): [AuthManaged,PasswordComplexityHelperImpl] Updating password complexity components state.
I/Auth    ( 1787): [AuthManaged,PasswordComplexityHelperImpl] Enabling com.google.android.gms.auth.managed.ui.SetNewPasswordActivity
E/MS_RegisterService( 2159): Exception during register request.
E/MS_RegisterService( 2159): bwqb: UNAUTHENTICATED: Request is missing required authentication credential. Expected OAuth 2 access token, login cookie or other valid authentication credential. See https://developers.google.com/identity/sign-in/web/devconsole-project.
E/MS_RegisterService( 2159): 	at bwqa.c(:com.google.android.gms@202414005@20.24.14 (000700-319035315):3)
E/MS_RegisterService( 2159): 	at ngh.a(:com.google.android.gms@202414005@20.24.14 (000700-319035315):48)
E/MS_RegisterService( 2159): 	at zvl.a(:com.google.android.gms@202414005@20.24.14 (000700-319035315):12)
E/MS_RegisterService( 2159): 	at com.google.android.libraries.matchstick.net.SilentRegisterIntentOperation.a(:com.google.android.gms@202414005@20.24.14 (000700-319035315):218)
E/MS_RegisterService( 2159): 	at com.google.android.libraries.matchstick.net.SilentRegisterIntentOperation.f(:com.google.android.gms@202414005@20.24.14 (000700-319035315):35)
E/MS_RegisterService( 2159): 	at com.google.android.libraries.matchstick.net.SilentRegisterIntentOperation.onHandleIntent(:com.google.android.gms@202414005@20.24.14 (000700-319035315):205)
E/MS_RegisterService( 2159): 	at com.google.android.chimera.IntentOperation.onHandleIntent(:com.google.android.gms@202414005@20.24.14 (000700-319035315):2)
E/MS_RegisterService( 2159): 	at ljm.onHandleIntent(:com.google.android.gms@202414005@20.24.14 (000700-319035315):4)
E/MS_RegisterService( 2159): 	at bsh.run(:com.google.android.gms@202414005@20.24.14 (000700-319035315):5)
E/MS_RegisterService( 2159): 	at bsg.run(:com.google.android.gms@202414005@20.24.14 (000700-319035315):10)
E/MS_RegisterService( 2159): 	at java.util.concurrent.ThreadPoolExecutor.runWorker(ThreadPoolExecutor.java:1112)
E/MS_RegisterService( 2159): 	at java.util.concurrent.ThreadPoolExecutor$Worker.run(ThreadPoolExecutor.java:587)
E/MS_RegisterService( 2159): 	at java.lang.Thread.run(Thread.java:841)
D/dalvikvm( 2159): GC_FOR_ALLOC freed 1742K, 14% free 20673K/23796K, paused 16ms, total 18ms
I/Icing   ( 2159): Indexing com.google.android.googlequicksearchbox-applications from com.google.android.googlequicksearchbox
D/dalvikvm( 1567): GC_EXPLICIT freed 1474K, 42% free 9386K/16104K, paused 0ms+2ms, total 12ms
I/Auth    ( 1787): [AuthManaged,PasswordComplexityHelperImpl] Updating password complexity components state.
I/Auth    ( 1787): [AuthManaged,PasswordComplexityHelperImpl] Enabling com.google.android.gms.auth.managed.ui.SetNewPasswordActivity
I/Icing   ( 2159): Indexing com.google.android.gms-apps from com.google.android.gms
I/Icing   ( 2159): Indexing done com.google.android.gms-apps
I/Icing   ( 2159): Indexing com.google.android.gms-internal.3p:MobileApplication from com.google.android.gms
I/MS_RegisterService( 2159): checking registration with Lighter
D/dalvikvm( 1787): GC_FOR_ALLOC freed 1977K, 23% free 10244K/13284K, paused 13ms, total 13ms
I/LT_StubFactory( 2159): tachyonHostName = instantmessaging-pa.googleapis.com and tachyonPortNumber = 443
D/LT_OkHttpChannelBuilder( 2159): Using Spatula header keyless authentication.
W/GLSUser ( 1851): [DeviceKeyStore] Cannot load key: Device key file not found.
I/Icing   ( 2159): Indexing done com.google.android.googlequicksearchbox-applications
W/GLSUser ( 1851): [DeviceKeyStore] Cannot load key: Device key file not found.
I/Icing   ( 2159): Indexing done com.google.android.gms-internal.3p:MobileApplication
I/Auth    ( 1787): [AuthManaged,PasswordComplexityHelperImpl] Updating password complexity components state.
I/Auth    ( 1787): [AuthManaged,PasswordComplexityHelperImpl] Enabling com.google.android.gms.auth.managed.ui.SetNewPasswordActivity
I/LT_PhenotypeApiImplV12( 2159): Retrieve experiment configurations for: 
I/MS_RegisterService( 2159): RegisterService intent:Intent { act=com.google.android.gms.matchstick.register_intent_action cat=[targeted_intent_op_prefix:com.google.android.libraries.matchstick.net.SilentRegisterIntentOperation] cmp=com.google.android.gms/.chimera.GmsIntentOperationService } isPeriodic:false
I/Auth    ( 1787): [AuthManaged,PasswordComplexityHelperImpl] Updating password complexity components state.
I/Auth    ( 1787): [AuthManaged,PasswordComplexityHelperImpl] Enabling com.google.android.gms.auth.managed.ui.SetNewPasswordActivity
I/PTCommittedOperation( 1787): Receive new configuration for com.google.android.gms.games
I/ChromeSync( 2159): [Sync,SyncIntentOperation] Handling the intent: Intent { act=com.google.android.gms.phenotype.COMMITTED flg=0x10 pkg=com.google.android.gms cmp=com.google.android.gms/.chimera.GmsIntentOperationService (has extras) }.
I/MdiSyncModule( 2159): flag handling is skipping irrelevant intent.
I/ahju    ( 1787): Scheduling Phenotype for a PhenotypeSyncImmediately(6, com.google.lighter.android#com.google.android.gms) one off with window [1, 2] in seconds [CONTEXT service_id=51 ]
W/ModuleInitIntentOp( 2159): Dropping unexpected action com.google.android.gms.phenotype.COMMITTED
W/DynamiteModule( 2159): Local module descriptor class for providerinstaller not found.
W/ProviderHelper( 2159): Unknown dynamite feature providerinstaller
I/DynamiteModule( 2159): Considering local module providerinstaller:0 and remote module providerinstaller:0
W/ProviderInstaller( 2159): Failed to load providerinstaller module: No acceptable module found. Local version is 0 and remote version is 0.
E/GmsClient( 2159): unable to connect to service: com.google.android.gms.auth.key.retrieval.service.START on com.google.android.gms
W/ActivityManager( 1567): Unable to start service Intent { act=com.google.android.gms.auth.key.retrieval.service.START pkg=com.google.android.gms } U=0: not found
W/ActivityManager( 1567): Unbind failed: could not find connection for android.os.BinderProxy@9d681bb8
I/LT_PhenotypeApiImplV12( 2159): Phenotype registration succeeded
D/LT_ClntIntrcptrFctryV12( 2159): Spatula header: CjYKFmNvbS5nb29nbGUuYW5kcm9pZC5nbXMaHFdPSEVFejkwUWV3OUxDY0NjS0ZJQXRwSHVnND0Y/bGx+euiv+Q8
D/dalvikvm( 1787): GC_FOR_ALLOC freed 2006K, 23% free 10285K/13284K, paused 8ms, total 8ms
I/Auth    ( 1787): [AuthManaged,PasswordComplexityHelperImpl] Updating password complexity components state.
I/Auth    ( 1787): [AuthManaged,PasswordComplexityHelperImpl] Enabling com.google.android.gms.auth.managed.ui.SetNewPasswordActivity
I/Auth    ( 1787): [AuthManaged,PasswordComplexityHelperImpl] Updating password complexity components state.
I/Auth    ( 1787): [AuthManaged,PasswordComplexityHelperImpl] Enabling com.google.android.gms.auth.managed.ui.SetNewPasswordActivity
I/Auth    ( 1787): [AuthManaged,PasswordComplexityHelperImpl] Updating password complexity components state.
I/Auth    ( 1787): [AuthManaged,PasswordComplexityHelperImpl] Enabling com.google.android.gms.auth.managed.ui.SetNewPasswordActivity
I/MobileDataHub( 2159): Scheduling periodic tasks
W/MobileDataHub( 2159): [Service] appsupload-periodic periodic task disabled
I/Auth    ( 1787): [AuthManaged,PasswordComplexityHelperImpl] Updating password complexity components state.
I/Auth    ( 1787): [AuthManaged,PasswordComplexityHelperImpl] Enabling com.google.android.gms.auth.managed.ui.SetNewPasswordActivity
I/PTCommittedOperation( 1787): Receive new configuration for com.google.android.gms.romanesco
I/ChromeSync( 2159): [Sync,SyncIntentOperation] Handling the intent: Intent { act=com.google.android.gms.phenotype.COMMITTED flg=0x10 pkg=com.google.android.gms cmp=com.google.android.gms/.chimera.GmsIntentOperationService (has extras) }.
I/MdiSyncModule( 2159): flag handling is skipping irrelevant intent.
W/ModuleInitIntentOp( 2159): Dropping unexpected action com.google.android.gms.phenotype.COMMITTED
I/Auth    ( 1787): [AuthManaged,PasswordComplexityHelperImpl] Updating password complexity components state.
I/Auth    ( 1787): [AuthManaged,PasswordComplexityHelperImpl] Enabling com.google.android.gms.auth.managed.ui.SetNewPasswordActivity
I/ChromeSync( 2159): [Sync,SyncIntentOperation] Handling the intent: Intent { act=com.google.android.gms.phenotype.COMMITTED flg=0x10 pkg=com.google.android.gms cmp=com.google.android.gms/.chimera.GmsIntentOperationService (has extras) }.
I/MdiSyncModule( 2159): flag handling is skipping irrelevant intent.
W/ModuleInitIntentOp( 2159): Dropping unexpected action com.google.android.gms.phenotype.COMMITTED
I/PTCommittedOperation( 1787): Receive new configuration for com.google.android.gms.auth_authzen
D/dalvikvm( 1787): GC_FOR_ALLOC freed 2060K, 23% free 10268K/13284K, paused 8ms, total 8ms
I/Auth    ( 1787): [AuthManaged,PasswordComplexityHelperImpl] Updating password complexity components state.
I/Auth    ( 1787): [AuthManaged,PasswordComplexityHelperImpl] Enabling com.google.android.gms.auth.managed.ui.SetNewPasswordActivity
D/dalvikvm( 1851): GC_EXPLICIT freed 184K, 19% free 6285K/7744K, paused 0ms+1ms, total 5ms
I/Auth    ( 1787): [AuthManaged,PasswordComplexityHelperImpl] Updating password complexity components state.
I/Auth    ( 1787): [AuthManaged,PasswordComplexityHelperImpl] Enabling com.google.android.gms.auth.managed.ui.SetNewPasswordActivity
V/EmulatedCamera_Camera( 1147): getCameraInfo
V/EmulatedCamera_BaseCamera( 1147): getCameraInfo
I/OcrModelUpStIntentOp( 2159): Updating ocr activity enabled=true (phenotypeFlag=true, lowRamDevice=false, prereqCheck=true)
W/DynamiteModule( 2159): Local module descriptor class for com.google.android.gms.vision.dynamite.ocr not found.
W/ProviderHelper( 2159): Unknown dynamite feature vision.dynamite.ocr
I/DynamiteModule( 2159): Considering local module com.google.android.gms.vision.dynamite.ocr:0 and remote module com.google.android.gms.vision.dynamite.ocr:0
W/ProviderHelper( 2159): Unknown dynamite feature vision.ocr
W/DynamiteModule( 2159): Local module descriptor class for com.google.android.gms.vision.ocr not found.
I/DynamiteModule( 2159): Considering local module com.google.android.gms.vision.ocr:0 and remote module com.google.android.gms.vision.ocr:0
E/Vision  ( 2159): Error loading module com.google.android.gms.vision.ocr optional module true: qxb: No acceptable module found. Local version is 0 and remote version is 0.
W/TextNativeHandle( 2159): Native handle not yet available. Reverting to no-op handle.
W/DynamiteModule( 2159): Local module descriptor class for com.google.android.gms.vision.dynamite.ocr not found.
W/ProviderHelper( 2159): Unknown dynamite feature vision.dynamite.ocr
I/Vision  ( 2159): Requesting optional module download of ocr.
I/Vision  ( 2159): Checking for download completion for 52469 -- ocr
I/DynamiteModule( 2159): Considering local module com.google.android.gms.vision.dynamite.ocr:0 and remote module com.google.android.gms.vision.dynamite.ocr:0
W/ProviderHelper( 2159): Unknown dynamite feature vision.ocr
D/dalvikvm( 2159): GC_FOR_ALLOC freed 1838K, 13% free 20881K/23796K, paused 21ms, total 21ms
W/DynamiteModule( 2159): Local module descriptor class for com.google.android.gms.vision.ocr not found.
I/DynamiteModule( 2159): Considering local module com.google.android.gms.vision.ocr:0 and remote module com.google.android.gms.vision.ocr:0
E/Vision  ( 2159): Error loading module com.google.android.gms.vision.ocr optional module true: qxb: No acceptable module found. Local version is 0 and remote version is 0.
I/OcrModelUpStIntentOp( 2159): Downloading text recognizer
I/Vision  ( 2159): Requesting optional module download of ocr.
I/Vision  ( 2159): Checking for download completion for 52501 -- ocr
I/Auth    ( 1787): [AuthManaged,PasswordComplexityHelperImpl] Updating password complexity components state.
I/Auth    ( 1787): [AuthManaged,PasswordComplexityHelperImpl] Enabling com.google.android.gms.auth.managed.ui.SetNewPasswordActivity
D/dalvikvm( 1787): GC_FOR_ALLOC freed 1902K, 22% free 10414K/13284K, paused 8ms, total 8ms
I/Auth    ( 1787): [AuthManaged,PasswordComplexityHelperImpl] Updating password complexity components state.
I/Auth    ( 1787): [AuthManaged,PasswordComplexityHelperImpl] Enabling com.google.android.gms.auth.managed.ui.SetNewPasswordActivity
I/MS_RegisterService( 2159): Tachyon host: instantmessaging-pa.googleapis.com, Tachyon port: 443
I/MS_RegisterService( 2159): RegisterService intent:Intent { act=com.google.android.gms.matchstick.register_intent_action cat=[targeted_intent_op_prefix:com.google.android.libraries.matchstick.net.SilentRegisterIntentOperation] cmp=com.google.android.gms/.chimera.GmsIntentOperationService } isPeriodic:false
W/DynamiteModule( 2159): Local module descriptor class for providerinstaller not found.
W/ProviderHelper( 2159): Unknown dynamite feature providerinstaller
I/DynamiteModule( 2159): Considering local module providerinstaller:0 and remote module providerinstaller:0
W/ProviderInstaller( 2159): Failed to load providerinstaller module: No acceptable module found. Local version is 0 and remote version is 0.
I/Auth    ( 1787): [AuthManaged,PasswordComplexityHelperImpl] Updating password complexity components state.
I/Auth    ( 1787): [AuthManaged,PasswordComplexityHelperImpl] Enabling com.google.android.gms.auth.managed.ui.SetNewPasswordActivity
D/dalvikvm( 1787): GC_FOR_ALLOC freed 2217K, 23% free 10244K/13284K, paused 16ms, total 16ms
I/ActivityManager( 1567): Waited long enough for: ServiceRecord{9d845830 u0 com.google.android.calendar/com.android.calendar.alerts.InitAlarmsService}
I/Auth    ( 1787): [AuthManaged,PasswordComplexityHelperImpl] Updating password complexity components state.
I/Auth    ( 1787): [AuthManaged,PasswordComplexityHelperImpl] Enabling com.google.android.gms.auth.managed.ui.SetNewPasswordActivity
I/ChromeSync( 2159): [Sync,SyncIntentOperation] Handling the intent: Intent { act=com.google.android.gms.phenotype.COMMITTED flg=0x10 pkg=com.google.android.gms cmp=com.google.android.gms/.chimera.GmsIntentOperationService (has extras) }.
I/PTCommittedOperation( 1787): Receive new configuration for com.google.android.gms.games
I/MdiSyncModule( 2159): flag handling is skipping irrelevant intent.
E/GmsClient( 2159): unable to connect to service: com.google.android.gms.auth.key.retrieval.service.START on com.google.android.gms
W/ActivityManager( 1567): Unable to start service Intent { act=com.google.android.gms.auth.key.retrieval.service.START pkg=com.google.android.gms } U=0: not found
W/ActivityManager( 1567): Unbind failed: could not find connection for android.os.BinderProxy@9d1c07c0
W/ModuleInitIntentOp( 2159): Dropping unexpected action com.google.android.gms.phenotype.COMMITTED
I/Auth    ( 1787): [AuthManaged,PasswordComplexityHelperImpl] Updating password complexity components state.
I/Auth    ( 1787): [AuthManaged,PasswordComplexityHelperImpl] Enabling com.google.android.gms.auth.managed.ui.SetNewPasswordActivity
I/Auth    ( 1787): [AuthManaged,PasswordComplexityHelperImpl] Updating password complexity components state.
I/Auth    ( 1787): [AuthManaged,PasswordComplexityHelperImpl] Enabling com.google.android.gms.auth.managed.ui.SetNewPasswordActivity
I/Auth    ( 1787): [AuthManaged,PasswordComplexityHelperImpl] Updating password complexity components state.
I/Auth    ( 1787): [AuthManaged,PasswordComplexityHelperImpl] Enabling com.google.android.gms.auth.managed.ui.SetNewPasswordActivity
I/PTCommittedOperation( 1787): Receive new configuration for com.google.android.gms.romanesco
I/ChromeSync( 2159): [Sync,SyncIntentOperation] Handling the intent: Intent { act=com.google.android.gms.phenotype.COMMITTED flg=0x10 pkg=com.google.android.gms cmp=com.google.android.gms/.chimera.GmsIntentOperationService (has extras) }.
I/MdiSyncModule( 2159): flag handling is skipping irrelevant intent.
W/ModuleInitIntentOp( 2159): Dropping unexpected action com.google.android.gms.phenotype.COMMITTED
I/Auth    ( 1787): [AuthManaged,PasswordComplexityHelperImpl] Updating password complexity components state.
I/Auth    ( 1787): [AuthManaged,PasswordComplexityHelperImpl] Enabling com.google.android.gms.auth.managed.ui.SetNewPasswordActivity
I/ChromeSync( 2159): [Sync,SyncIntentOperation] Handling the intent: Intent { act=com.google.android.gms.phenotype.COMMITTED flg=0x10 pkg=com.google.android.gms cmp=com.google.android.gms/.chimera.GmsIntentOperationService (has extras) }.
I/PTCommittedOperation( 1787): Receive new configuration for com.google.android.gms.auth_authzen
I/MdiSyncModule( 2159): flag handling is skipping irrelevant intent.
W/ModuleInitIntentOp( 2159): Dropping unexpected action com.google.android.gms.phenotype.COMMITTED
I/Auth    ( 1787): [AuthManaged,PasswordComplexityHelperImpl] Updating password complexity components state.
I/Auth    ( 1787): [AuthManaged,PasswordComplexityHelperImpl] Enabling com.google.android.gms.auth.managed.ui.SetNewPasswordActivity
D/dalvikvm( 1787): GC_FOR_ALLOC freed 2109K, 24% free 10183K/13284K, paused 9ms, total 9ms
I/Auth    ( 1787): [AuthManaged,PasswordComplexityHelperImpl] Updating password complexity components state.
I/Auth    ( 1787): [AuthManaged,PasswordComplexityHelperImpl] Enabling com.google.android.gms.auth.managed.ui.SetNewPasswordActivity
D/dalvikvm( 1787): GC_FOR_ALLOC freed 1903K, 23% free 10293K/13284K, paused 10ms, total 10ms
I/Auth    ( 1787): [AuthManaged,PasswordComplexityHelperImpl] Updating password complexity components state.
I/Auth    ( 1787): [AuthManaged,PasswordComplexityHelperImpl] Enabling com.google.android.gms.auth.managed.ui.SetNewPasswordActivity
I/MS_RegisterService( 2159): Tachyon host: instantmessaging-pa.googleapis.com, Tachyon port: 443
I/MS_RegisterService( 2159): RegisterService intent:Intent { act=com.google.android.gms.matchstick.register_intent_action cat=[targeted_intent_op_prefix:com.google.android.libraries.matchstick.net.SilentRegisterIntentOperation] cmp=com.google.android.gms/.chimera.GmsIntentOperationService } isPeriodic:false
D/dalvikvm( 1567): GC_EXPLICIT freed 1148K, 43% free 9258K/16104K, paused 1ms+1ms, total 11ms
W/DynamiteModule( 2159): Local module descriptor class for providerinstaller not found.
I/DynamiteModule( 2159): Considering local module providerinstaller:0 and remote module providerinstaller:0
W/ProviderInstaller( 2159): Failed to load providerinstaller module: No acceptable module found. Local version is 0 and remote version is 0.
I/Auth    ( 1787): [AuthManaged,PasswordComplexityHelperImpl] Updating password complexity components state.
I/Auth    ( 1787): [AuthManaged,PasswordComplexityHelperImpl] Enabling com.google.android.gms.auth.managed.ui.SetNewPasswordActivity
I/Auth    ( 1787): [AuthManaged,PasswordComplexityHelperImpl] Updating password complexity components state.
I/Auth    ( 1787): [AuthManaged,PasswordComplexityHelperImpl] Enabling com.google.android.gms.auth.managed.ui.SetNewPasswordActivity
I/ChromeSync( 2159): [Sync,SyncIntentOperation] Handling the intent: Intent { act=com.google.android.gms.phenotype.COMMITTED flg=0x10 pkg=com.google.android.gms cmp=com.google.android.gms/.chimera.GmsIntentOperationService (has extras) }.
I/MdiSyncModule( 2159): flag handling is skipping irrelevant intent.
W/ModuleInitIntentOp( 2159): Dropping unexpected action com.google.android.gms.phenotype.COMMITTED
I/PTCommittedOperation( 1787): Receive new configuration for com.google.android.gms.games
D/dalvikvm( 1787): GC_FOR_ALLOC freed 2125K, 24% free 10215K/13284K, paused 9ms, total 9ms
I/Auth    ( 1787): [AuthManaged,PasswordComplexityHelperImpl] Updating password complexity components state.
I/Auth    ( 1787): [AuthManaged,PasswordComplexityHelperImpl] Enabling com.google.android.gms.auth.managed.ui.SetNewPasswordActivity
I/PTCommittedOperation( 1787): Receive new configuration for com.google.android.gms
I/PTCommittedOperation( 1787): Running Fixer Framework for com.google.android.gms
I/System.out( 2647): Sound cache cleared
I/System.out( 2647): Sound click loaded from sounds/click.mp3
E/cutils-trace( 1147): Error opening trace file: Permission denied (13)
I/NetworkScheduler.Stats( 1787): Task com.google.android.gms/com.google.android.gms.phenotype.service.sync.PhenotypeConfigurator started execution. cause:4 exec_start_elapsed_seconds: 44 [CONTEXT service_id=218 ]
I/ahkf    ( 1787): Removed 0 invalid users [CONTEXT service_id=51 ]
D/dalvikvm( 1787): GC_FOR_ALLOC freed 2062K, 24% free 10201K/13284K, paused 9ms, total 9ms
D/dalvikvm( 2647): GC_FOR_ALLOC freed 638K, 14% free 5160K/5984K, paused 3ms, total 3ms
D/dalvikvm( 2647): GC_FOR_ALLOC freed 726K, 16% free 5160K/6072K, paused 3ms, total 3ms
D/dalvikvm( 2647): GC_FOR_ALLOC freed 628K, 14% free 5257K/6072K, paused 6ms, total 6ms
D/dalvikvm( 1787): GC_FOR_ALLOC freed 1925K, 23% free 10323K/13284K, paused 10ms, total 10ms
I/System.out( 2647): Mountainlike generation for Mountain
I/System.out( 2647): Hill-like generation for Hill
I/PGAPhenotypeBroadcastRe( 3080): Received Phenotype update.
I/Auth    ( 1787): [AuthManaged,PasswordComplexityHelperImpl] Updating password complexity components state.
I/Auth    ( 1787): [AuthManaged,PasswordComplexityHelperImpl] Enabling com.google.android.gms.auth.managed.ui.SetNewPasswordActivity
I/ahlt    ( 1787): updateFromConfigurations using legacy put method [CONTEXT service_id=204 ]
D/dalvikvm( 2647): GC_FOR_ALLOC freed 615K, 13% free 5399K/6200K, paused 4ms, total 4ms
I/ahju    ( 1787): Scheduling adaptive one off task with window [14400, 604800] in seconds [CONTEXT service_id=51 ]
I/Auth    ( 1787): [AuthManaged,PasswordComplexityHelperImpl] Updating password complexity components state.
I/Auth    ( 1787): [AuthManaged,PasswordComplexityHelperImpl] Enabling com.google.android.gms.auth.managed.ui.SetNewPasswordActivity
D/dalvikvm( 1787): GC_FOR_ALLOC freed 2082K, 23% free 10289K/13284K, paused 12ms, total 12ms
I/Auth    ( 1787): [AuthManaged,PasswordComplexityHelperImpl] Updating password complexity components state.
I/Auth    ( 1787): [AuthManaged,PasswordComplexityHelperImpl] Enabling com.google.android.gms.auth.managed.ui.SetNewPasswordActivity
D/dalvikvm( 2159): GC_FOR_ALLOC freed 2016K, 13% free 20912K/23796K, paused 26ms, total 27ms
I/NetworkScheduler.Stats( 1787): Task com.google.android.gms/com.google.android.gms.phenotype.service.sync.PhenotypeConfigurator finished executing. cause:4 result: 1 elapsed_millis: 631 uptime_millis: 631 exec_start_elapsed_seconds: 44 [CONTEXT service_id=218 ]
I/Auth    ( 1787): [AuthManaged,PasswordComplexityHelperImpl] Updating password complexity components state.
I/Auth    ( 1787): [AuthManaged,PasswordComplexityHelperImpl] Enabling com.google.android.gms.auth.managed.ui.SetNewPasswordActivity
D/dalvikvm( 2647): GC_FOR_ALLOC freed 769K, 15% free 5437K/6392K, paused 3ms, total 9ms
I/PTCommittedOperation( 1787): Receive new configuration for com.google.android.gms.people
I/ChromeSync( 2159): [Sync,SyncIntentOperation] Handling the intent: Intent { act=com.google.android.gms.phenotype.COMMITTED flg=0x10 pkg=com.google.android.gms cmp=com.google.android.gms/.chimera.GmsIntentOperationService (has extras) }.
I/MdiSyncModule( 2159): flag handling is skipping irrelevant intent.
W/ModuleInitIntentOp( 2159): Dropping unexpected action com.google.android.gms.phenotype.COMMITTED
E/GmsClient( 2159): unable to connect to service: com.google.android.gms.auth.key.retrieval.service.START on com.google.android.gms
W/ActivityManager( 1567): Unable to start service Intent { act=com.google.android.gms.auth.key.retrieval.service.START pkg=com.google.android.gms } U=0: not found
W/ActivityManager( 1567): Unbind failed: could not find connection for android.os.BinderProxy@9daf7f30
D/dalvikvm( 1787): GC_FOR_ALLOC freed 2007K, 23% free 10312K/13284K, paused 9ms, total 9ms
I/Auth    ( 1787): [AuthManaged,PasswordComplexityHelperImpl] Updating password complexity components state.
I/Auth    ( 1787): [AuthManaged,PasswordComplexityHelperImpl] Enabling com.google.android.gms.auth.managed.ui.SetNewPasswordActivity
I/FsaEntryPointSwitcher( 2159): setting component enabled=1 for com.google.android.gms.people.sync.focus.ContactsSyncAdapterService
I/FsaEntryPointSwitcher( 2159): Setting component enabled succeeds.
I/FsaEntryPointSwitcher( 2159): setting component enabled=2 for com.google.android.syncadapters.contacts.ContactsSyncAdapterService
I/FsaEntryPointSwitcher( 2159): Setting component enabled succeeds.
V/EmulatedCamera_Camera( 1147): getCameraInfo
V/EmulatedCamera_BaseCamera( 1147): getCameraInfo
I/OcrModelUpStIntentOp( 2159): Updating ocr activity enabled=true (phenotypeFlag=true, lowRamDevice=false, prereqCheck=true)
W/DynamiteModule( 2159): Local module descriptor class for com.google.android.gms.vision.dynamite.ocr not found.
W/ProviderHelper( 2159): Unknown dynamite feature vision.dynamite.ocr
I/DynamiteModule( 2159): Considering local module com.google.android.gms.vision.dynamite.ocr:0 and remote module com.google.android.gms.vision.dynamite.ocr:0
W/ProviderHelper( 2159): Unknown dynamite feature vision.ocr
W/DynamiteModule( 2159): Local module descriptor class for com.google.android.gms.vision.ocr not found.
I/DynamiteModule( 2159): Considering local module com.google.android.gms.vision.ocr:0 and remote module com.google.android.gms.vision.ocr:0
E/Vision  ( 2159): Error loading module com.google.android.gms.vision.ocr optional module true: qxb: No acceptable module found. Local version is 0 and remote version is 0.
W/TextNativeHandle( 2159): Native handle not yet available. Reverting to no-op handle.
W/DynamiteModule( 2159): Local module descriptor class for com.google.android.gms.vision.dynamite.ocr not found.
W/ProviderHelper( 2159): Unknown dynamite feature vision.dynamite.ocr
I/DynamiteModule( 2159): Considering local module com.google.android.gms.vision.dynamite.ocr:0 and remote module com.google.android.gms.vision.dynamite.ocr:0
W/ProviderHelper( 2159): Unknown dynamite feature vision.ocr
W/DynamiteModule( 2159): Local module descriptor class for com.google.android.gms.vision.ocr not found.
I/DynamiteModule( 2159): Considering local module com.google.android.gms.vision.ocr:0 and remote module com.google.android.gms.vision.ocr:0
E/Vision  ( 2159): Error loading module com.google.android.gms.vision.ocr optional module true: qxb: No acceptable module found. Local version is 0 and remote version is 0.
I/Vision  ( 2159): Requesting optional module download of ocr.
I/OcrModelUpStIntentOp( 2159): Downloading text recognizer
I/Vision  ( 2159): Exceeded maximum feature download tries for ocr
W/Vision  ( 2159): Request of optional module download of ocr failed.
I/Vision  ( 2159): Checking for download completion for 55014 -- ocr
I/Vision  ( 2159): Requesting optional module download of ocr.
I/Vision  ( 2159): Checking for download completion for 55026 -- ocr
I/Auth    ( 1787): [AuthManaged,PasswordComplexityHelperImpl] Updating password complexity components state.
I/Auth    ( 1787): [AuthManaged,PasswordComplexityHelperImpl] Enabling com.google.android.gms.auth.managed.ui.SetNewPasswordActivity
I/System.out( 2647): Natural Wonders for this game: [Grand Mesa]
I/Auth    ( 1787): [AuthManaged,PasswordComplexityHelperImpl] Updating password complexity components state.
I/Auth    ( 1787): [AuthManaged,PasswordComplexityHelperImpl] Enabling com.google.android.gms.auth.managed.ui.SetNewPasswordActivity
I/ChromeSync( 2159): [Sync,SyncIntentOperation] Handling the intent: Intent { act=com.google.android.gms.phenotype.COMMITTED flg=0x10 pkg=com.google.android.gms cmp=com.google.android.gms/.chimera.GmsIntentOperationService (has extras) }.
I/PTCommittedOperation( 1787): Receive new configuration for com.google.android.gms.chromesync
I/MdiSyncModule( 2159): flag handling is skipping irrelevant intent.
W/ModuleInitIntentOp( 2159): Dropping unexpected action com.google.android.gms.phenotype.COMMITTED
I/Auth    ( 1787): [AuthManaged,PasswordComplexityHelperImpl] Updating password complexity components state.
I/Auth    ( 1787): [AuthManaged,PasswordComplexityHelperImpl] Enabling com.google.android.gms.auth.managed.ui.SetNewPasswordActivity
I/ChmraDebugLogger( 2159): [78] null
E/ConfigFileUtils( 2159): Failed to read config file: /data/data/com.google.android.gms/app_chimera/next_container.pb: open failed: ENOENT (No such file or directory)
D/dalvikvm( 2647): GC_FOR_ALLOC freed 807K, 16% free 5446K/6440K, paused 4ms, total 4ms
I/DynamiteModule( 2159): Considering local module com.google.android.gms.cronet_dynamite:0 and remote module com.google.android.gms.cronet_dynamite:1311
I/DynamiteModule( 2159): Selected remote version of com.google.android.gms.cronet_dynamite, version >= 1311
I/dalvikvm( 2159): Could not find method android.content.ContextWrapper.createCredentialProtectedStorageContext, referenced from method lkh.createCredentialProtectedStorageContext
W/dalvikvm( 2159): VFY: unable to resolve virtual method 2508: Landroid/content/ContextWrapper;.createCredentialProtectedStorageContext ()Landroid/content/Context;
D/dalvikvm( 2159): VFY: replacing opcode 0x6f at 0x0002
I/dalvikvm( 2159): Could not find method android.content.ContextWrapper.createDeviceProtectedStorageContext, referenced from method lkh.createDeviceProtectedStorageContext
W/dalvikvm( 2159): VFY: unable to resolve virtual method 2509: Landroid/content/ContextWrapper;.createDeviceProtectedStorageContext ()Landroid/content/Context;
D/dalvikvm( 2159): VFY: replacing opcode 0x6f at 0x0002
I/ChromeSync( 2159): [Sync,SyncIntentOperation] Handling the intent: Intent { act=com.google.android.gms.phenotype.COMMITTED flg=0x10 pkg=com.google.android.gms cmp=com.google.android.gms/.chimera.GmsIntentOperationService (has extras) }.
I/MdiSyncModule( 2159): flag handling is skipping irrelevant intent.
W/ModuleInitIntentOp( 2159): Dropping unexpected action com.google.android.gms.phenotype.COMMITTED
I/PTCommittedOperation( 1787): Receive new configuration for com.google.android.gms.games
I/Auth    ( 1787): [AuthManaged,PasswordComplexityHelperImpl] Updating password complexity components state.
I/Auth    ( 1787): [AuthManaged,PasswordComplexityHelperImpl] Enabling com.google.android.gms.auth.managed.ui.SetNewPasswordActivity
D/dalvikvm( 2159): Trying to load lib /data/data/com.google.android.gms/app_chimera/m/00000001/n/x86/libcronet.83.0.4103.60.so 0x9de09048
D/dalvikvm( 2159): Added shared lib /data/data/com.google.android.gms/app_chimera/m/00000001/n/x86/libcronet.83.0.4103.60.so 0x9de09048
I/cr_CronetLibraryLoader( 2159): Cronet version: 83.0.4103.60, arch: i686
I/dalvikvm( 2159): Could not find method android.net.ConnectivityManager.getProcessDefaultNetwork, referenced from method org.chromium.net.NetworkChangeNotifier.isProcessBoundToNetwork
W/dalvikvm( 2159): VFY: unable to resolve static method 225: Landroid/net/ConnectivityManager;.getProcessDefaultNetwork ()Landroid/net/Network;
D/dalvikvm( 2159): VFY: replacing opcode 0x71 at 0x0009
W/dalvikvm( 2159): Unable to resolve superclass of Lcr; (44)
W/dalvikvm( 2159): Link of class 'Lcr;' failed
W/dalvikvm( 2159): Unable to resolve superclass of Lcr; (44)
W/dalvikvm( 2159): Link of class 'Lcr;' failed
I/dalvikvm( 2159): Could not find method android.net.ConnectivityManager.unregisterNetworkCallback, referenced from method org.chromium.net.NetworkChangeNotifier.a
W/dalvikvm( 2159): VFY: unable to resolve virtual method 227: Landroid/net/ConnectivityManager;.unregisterNetworkCallback (Landroid/net/ConnectivityManager$NetworkCallback;)V
D/dalvikvm( 2159): VFY: replacing opcode 0x6e at 0x003e
W/dalvikvm( 2159): VFY: unable to find class referenced in signature (Landroid/net/Network;)
W/dalvikvm( 2159): VFY: unable to find class referenced in signature (Landroid/net/Network;)
W/dalvikvm( 2159): VFY: unable to find class referenced in signature ([Landroid/net/Network;)
W/dalvikvm( 2159): VFY: unable to find class referenced in signature (Landroid/net/Network;)
W/dalvikvm( 2159): VFY: unable to find class referenced in signature (Landroid/net/Network;)
W/dalvikvm( 2159): VFY: unable to find class referenced in signature (Landroid/net/Network;)
W/dalvikvm( 2159): VFY: unable to find class referenced in signature (Landroid/net/Network;)
W/dalvikvm( 2159): VFY: unable to find class referenced in signature ([Landroid/net/Network;)
W/dalvikvm( 2159): VFY: unable to find class referenced in signature (Landroid/net/Network;)
W/dalvikvm( 2159): VFY: unable to find class referenced in signature (Landroid/net/Network;)
W/dalvikvm( 2159): VFY: unable to find class referenced in signature (Landroid/net/Network;)
W/dalvikvm( 2159): VFY: unable to find class referenced in signature (Landroid/net/Network;)
W/dalvikvm( 2159): Unable to resolve superclass of Lcl; (44)
W/dalvikvm( 2159): Link of class 'Lcl;' failed
W/dalvikvm( 2159): Unable to resolve superclass of Lcl; (44)
W/dalvikvm( 2159): Link of class 'Lcl;' failed
W/dalvikvm( 2159): Unable to resolve superclass of Lcr; (44)
W/dalvikvm( 2159): Link of class 'Lcr;' failed
W/dalvikvm( 2159): Unable to resolve superclass of Lcr; (44)
W/dalvikvm( 2159): Link of class 'Lcr;' failed
W/dalvikvm( 2159): Unable to resolve superclass of Lcr; (44)
W/dalvikvm( 2159): Link of class 'Lcr;' failed
W/dalvikvm( 2159): Unable to resolve superclass of Lcr; (44)
W/dalvikvm( 2159): Link of class 'Lcr;' failed
W/dalvikvm( 2159): VFY: unable to resolve instance field 189
D/dalvikvm( 2159): VFY: replacing opcode 0x54 at 0x002c
D/dalvikvm( 1787): GC_FOR_ALLOC freed 2115K, 23% free 10244K/13284K, paused 23ms, total 23ms
W/dalvikvm( 2159): Unable to resolve superclass of Lcr; (44)
W/dalvikvm( 2159): Link of class 'Lcr;' failed
I/Auth    ( 1787): [AuthManaged,PasswordComplexityHelperImpl] Updating password complexity components state.
I/Auth    ( 1787): [AuthManaged,PasswordComplexityHelperImpl] Enabling com.google.android.gms.auth.managed.ui.SetNewPasswordActivity
W/dalvikvm( 2159): Unable to resolve superclass of Lcr; (44)
W/dalvikvm( 2159): Link of class 'Lcr;' failed
W/dalvikvm( 2159): Unable to resolve superclass of Lcr; (44)
W/dalvikvm( 2159): Link of class 'Lcr;' failed
W/dalvikvm( 2159): Unable to resolve superclass of Lcr; (44)
W/dalvikvm( 2159): Link of class 'Lcr;' failed
E/dalvikvm( 2159): Could not find class 'cr', referenced from method cv.<init>
W/dalvikvm( 2159): VFY: unable to resolve new-instance 183 (Lcr;) in Lcv;
D/dalvikvm( 2159): VFY: replacing opcode 0x22 at 0x002d
W/dalvikvm( 2159): Unable to resolve superclass of Lcr; (44)
W/dalvikvm( 2159): Link of class 'Lcr;' failed
I/PTCommittedOperation( 1787): Receive new configuration for com.google.android.gms
I/PTCommittedOperation( 1787): Running Fixer Framework for com.google.android.gms
I/Auth    ( 1787): [AuthManaged,PasswordComplexityHelperImpl] Updating password complexity components state.
I/Auth    ( 1787): [AuthManaged,PasswordComplexityHelperImpl] Enabling com.google.android.gms.auth.managed.ui.SetNewPasswordActivity
V/        ( 2231): ready
I/Auth    ( 1787): [AuthManaged,PasswordComplexityHelperImpl] Updating password complexity components state.
I/Auth    ( 1787): [AuthManaged,PasswordComplexityHelperImpl] Enabling com.google.android.gms.auth.managed.ui.SetNewPasswordActivity
D/dalvikvm( 2159): GC_FOR_ALLOC freed 2025K, 13% free 20934K/23796K, paused 71ms, total 71ms
W/dalvikvm( 2159): Unable to resolve superclass of Lcr; (44)
W/dalvikvm( 2159): Link of class 'Lcr;' failed
W/dalvikvm( 2159): Unable to resolve superclass of Lcl; (44)
W/dalvikvm( 2159): Link of class 'Lcl;' failed
W/dalvikvm( 2159): Unable to resolve superclass of Lcl; (44)
W/dalvikvm( 2159): Link of class 'Lcl;' failed
W/dalvikvm( 2159): VFY: unable to find class referenced in signature (Landroid/net/Network;)
I/dalvikvm( 2159): Could not find method android.net.Network.toString, referenced from method cv.a
W/dalvikvm( 2159): VFY: unable to resolve virtual method 231: Landroid/net/Network;.toString ()Ljava/lang/String;
D/dalvikvm( 2159): VFY: replacing opcode 0x6e at 0x0002
W/dalvikvm( 2159): VFY: unable to find class referenced in signature (Landroid/net/Network;)
I/dalvikvm( 2159): Could not find method android.net.ConnectivityManager.getAllNetworks, referenced from method cv.a
W/dalvikvm( 2159): VFY: unable to resolve virtual method 221: Landroid/net/ConnectivityManager;.getAllNetworks ()[Landroid/net/Network;
D/dalvikvm( 2159): VFY: replacing opcode 0x6e at 0x0002
W/dalvikvm( 2159): Unable to resolve superclass of Lcr; (44)
W/dalvikvm( 2159): Link of class 'Lcr;' failed
W/dalvikvm( 2159): Unable to resolve superclass of Lcr; (44)
W/dalvikvm( 2159): Link of class 'Lcr;' failed
D/dalvikvm( 2159): DexOpt: unable to opt direct call 0x0243 at 0x2f in Lcv;.<init>
D/dalvikvm( 2159): DexOpt: unable to opt direct call 0x00f0 at 0x36 in Lcv;.<init>
W/dalvikvm( 2159): VFY: unable to find class referenced in signature (Landroid/net/Network;)
I/dalvikvm( 2159): Could not find method android.net.Network.bindSocket, referenced from method ck.d
W/dalvikvm( 2159): VFY: unable to resolve virtual method 229: Landroid/net/Network;.bindSocket (Ljava/net/Socket;)V
D/dalvikvm( 2159): VFY: replacing opcode 0x6e at 0x0014
W/dalvikvm( 2159): VFY: unable to find class referenced in signature (Landroid/net/Network;)
I/dalvikvm( 2159): Could not find method android.net.ConnectivityManager.getNetworkInfo, referenced from method ck.a
W/dalvikvm( 2159): VFY: unable to resolve virtual method 224: Landroid/net/ConnectivityManager;.getNetworkInfo (Landroid/net/Network;)Landroid/net/NetworkInfo;
D/dalvikvm( 2159): VFY: replacing opcode 0x6e at 0x0002
I/dalvikvm( 2159): Could not find method android.net.ConnectivityManager.getNetworkInfo, referenced from method ck.a
W/dalvikvm( 2159): VFY: unable to resolve virtual method 224: Landroid/net/ConnectivityManager;.getNetworkInfo (Landroid/net/Network;)Landroid/net/NetworkInfo;
D/dalvikvm( 2159): VFY: replacing opcode 0x6e at 0x000a
W/dalvikvm( 2159): VFY: unable to find class referenced in signature (Landroid/net/Network;)
W/dalvikvm( 2159): VFY: unable to find class referenced in signature (Landroid/net/Network;)
W/dalvikvm( 2159): VFY: unable to find class referenced in signature (Landroid/net/Network;)
I/dalvikvm( 2159): Could not find method android.net.ConnectivityManager.getNetworkCapabilities, referenced from method ck.c
W/dalvikvm( 2159): VFY: unable to resolve virtual method 223: Landroid/net/ConnectivityManager;.getNetworkCapabilities (Landroid/net/Network;)Landroid/net/NetworkCapabilities;
D/dalvikvm( 2159): VFY: replacing opcode 0x6e at 0x0002
D/dalvikvm( 2159): DexOpt: couldn't find static field Landroid/os/Build;.SUPPORTED_ABIS
W/dalvikvm( 2159): VFY: unable to resolve static field 37 (SUPPORTED_ABIS) in Landroid/os/Build;
D/dalvikvm( 2159): VFY: replacing opcode 0x62 at 0x006d
I/ChmraDebugLogger( 2159): [73] 1801
I/ChmraDebugLogger( 2159): [30] [VisionOcr.optional:202414000700] permitMetered=true,
I/ChimeraConfigService( 2159): Scheduling checkin for one-off execution between [3300,43200] seconds from now (1629033161259)
I/ChimeraConfigurator( 2159): Update complete: success
V/RipperService( 2231): PING
V/AndroidRipperService( 2231): mHandler.handleMessage() RECIVED
V/AndroidRipperService( 2231): broadcast()
I/AndroidRipper( 2647): Recived message: PING
V/AndroidRipperService( 2231): send()
V/AndroidRipperService( 2231): broadcast() done
V/        ( 2231): ready
I/GmsModuleFndr( 2159): Beginning GMS chimera module scan
I/ModuleSetMgr( 2159): Computing pending module set with APKs: [[AdsFdrDynamite.integ:21460000000], [Cronetdynamite:202414000700], [Dynamiteloader:202414000700], [Dynamitemodulesa:202414000000], [Dynamitemodulesc:202414000000], [Googlecertificates:202414000000], [Mapsdynamite:202414000000], [Measurementdynamite:202414000000]]
I/ModuleSetMgr( 2159): Pending container module APKs: []
I/ModuleSetMgr( 2159): Pending non-container module APKs: []
D/dalvikvm( 2647): GC_FOR_ALLOC freed 811K, 16% free 5452K/6452K, paused 9ms, total 9ms
D/dalvikvm( 2159): GC_FOR_ALLOC freed 1081K, 12% free 21009K/23796K, paused 21ms, total 21ms
I/dalvikvm-heap( 2159): Grow heap (frag case) to 20.977MB for 228601-byte allocation
D/dalvikvm( 2159): GC_FOR_ALLOC freed <1K, 12% free 21232K/24020K, paused 26ms, total 26ms
V/RipperService( 2231): PING
V/AndroidRipperService( 2231): mHandler.handleMessage() RECIVED
V/AndroidRipperService( 2231): broadcast()
I/AndroidRipper( 2647): Recived message: PING
V/AndroidRipperService( 2231): send()
V/AndroidRipperService( 2231): broadcast() done
V/        ( 2231): ready
D/dalvikvm( 2647): GC_FOR_ALLOC freed 751K, 16% free 5452K/6460K, paused 3ms, total 3ms
V/RipperService( 2231): DSC
V/AndroidRipperService( 2231): mHandler.handleMessage() RECIVED
V/AndroidRipperService( 2231): broadcast()
I/AndroidRipper( 2647): Recived message: DSC
V/AndroidRipperService( 2231): broadcast() done
V/        ( 2231): ready
I/AndroidRipper( 2647): [b] Found widget: id=-1 (android.widget.LinearLayout{9d0024c8 V.E..... ........ 0,0-1080,1920})
I/AndroidRipper( 2647): [b] Found widget: id=16909070 (android.view.ViewStub{9d07bfb8 G.E..... ......I. 0,0-0,0 #102030e})
I/AndroidRipper( 2647): [b] Found widget: id=16908290 (android.widget.FrameLayout{9d07c448 V.E..... ........ 0,0-1080,1920 #1020002 android:id/content})
I/AndroidRipper( 2647): [b] Found widget: id=-1 (com.badlogic.gdx.backends.android.surfaceview.GLSurfaceView20{9d029e50 VFE..... .F...... 0,0-1080,1920})
I/AndroidRipper( 2647): [b] Found widget: id=-1 (com.android.internal.policy.impl.PhoneWindow$DecorView{9d001810 V.E..... R....... 0,0-1080,1920})
D/dalvikvm( 2231): GC_FOR_ALLOC freed 430K, 17% free 3057K/3676K, paused 4ms, total 4ms
E/dalvikvm( 2159): JIT code cache full
D/dalvikvm( 2647): GC_FOR_ALLOC freed 559K, 14% free 5580K/6460K, paused 7ms, total 7ms
V/AndroidRipperService( 2231): send()
D/dalvikvm( 2647): GC_FOR_ALLOC freed 598K, 12% free 5848K/6632K, paused 5ms, total 5ms
D/dalvikvm( 2647): GC_FOR_ALLOC freed 50K, 4% free 6752K/6988K, paused 6ms, total 6ms
D/dalvikvm( 2159): JIT code cache reset in 0 ms (523120 bytes 2/0)
D/dalvikvm( 2159): GC_FOR_ALLOC freed 1438K, 10% free 21842K/24020K, paused 28ms, total 28ms
D/dalvikvm( 2647): GC_FOR_ALLOC freed 66K, 4% free 7943K/8196K, paused 7ms, total 7ms
D/dalvikvm( 2647): GC_FOR_ALLOC freed 87K, 3% free 9511K/9784K, paused 6ms, total 6ms
V/RipperService( 2231): EVT
V/AndroidRipperService( 2231): mHandler.handleMessage() RECIVED
V/AndroidRipperService( 2231): broadcast()
I/AndroidRipper( 2647): Recived message: EVT
V/AndroidRipperService( 2231): broadcast() done
V/RipperTestCase( 2647): START_EVENT[0|1629033161627]
V/        ( 2231): ready
D/dalvikvm( 2647): GC_FOR_ALLOC freed 108K, 3% free 11453K/11748K, paused 9ms, total 9ms
D/dalvikvm( 2159): GC_FOR_ALLOC freed 1914K, 10% free 21958K/24140K, paused 20ms, total 20ms
D/dalvikvm( 2647): GC_FOR_ALLOC freed 502K, 6% free 12999K/13688K, paused 8ms, total 8ms
D/dalvikvm( 2159): GC_FOR_ALLOC freed 818K, 12% free 21449K/24140K, paused 18ms, total 18ms
I/dalvikvm-heap( 2159): Grow heap (frag case) to 21.456MB for 279784-byte allocation
D/dalvikvm( 2159): GC_FOR_ALLOC freed 0K, 12% free 21722K/24416K, paused 16ms, total 16ms
D/dalvikvm( 2647): GC_FOR_ALLOC freed 1475K, 11% free 13575K/15236K, paused 10ms, total 10ms
I/ChimeraCfgMgr( 2159): Updating module config: container:2024149000700 -> container:2024149000700
E/DowngradeHelper( 2159): isModuleDowngradeRequired false
E/ConfigFileUtils( 2159): Failed to read config file: /data/data/com.google.android.gms/app_chimera/current_modules_init.pb: open failed: ENOENT (No such file or directory)
I/ChimeraCfgMgr( 2159): Sending com.google.android.chimera.IntentOperation.NEW_MODULE Intents: 1,false,true
I/ChmraDebugLogger( 2159): [46] container:2024149000700
I/ChimeraCfgMgr( 2159): Received com.google.android.chimera.IntentOperation.NEW_MODULE(1/0): 1,false
D/dalvikvm( 2159): GC_FOR_ALLOC freed 2916K, 15% free 20849K/24416K, paused 27ms, total 27ms
I/ChimeraConfigurator( 2159): Starting update, reason: 4 urgentFeatures: vision.ocr:-1
E/ConfigFileUtils( 2159): Failed to read config file: /data/data/com.google.android.gms/app_chimera/next_container.pb: open failed: ENOENT (No such file or directory)
I/ChmraDebugLogger( 2159): [73] 1801
