V/BackupManagerService( 1567): addPackageParticipantsLocked: #1
I/PackageManager( 1567): Adding preferred activity ComponentInfo{com.android.mms/com.android.mms.ui.ComposeMessageActivity} for user 0 :
I/PackageManager( 1567): Adding preferred activity ComponentInfo{com.android.mms/com.android.mms.ui.ComposeMessageActivity} for user 0 :
I/PackageManager( 1567):   Action: "android.intent.action.SENDTO"
I/PackageManager( 1567):   Category: "android.intent.category.DEFAULT"
I/PackageManager( 1567):   Scheme: "sms"
W/GCM     ( 1787): Unexpected forwarded intent: Intent { act=android.intent.action.PACKAGE_ADDED dat=package:com.unciv.app flg=0x4000010 cmp=com.google.android.gms/.chimera.PersistentIntentOperationService (has extras) }
W/GCM     ( 1787): Unexpected forwarded intent: Intent { act=android.intent.action.PACKAGE_ADDED dat=package:com.unciv.app flg=0x4000010 cmp=com.google.android.gms/.chimera.PersistentIntentOperationService (has extras) }
I/PackageManager( 1567): Adding preferred activity ComponentInfo{com.android.mms/com.android.mms.ui.ComposeMessageActivity} for user 0 :
D/dalvikvm( 1809): GC_FOR_ALLOC freed 399K, 17% free 3669K/4372K, paused 1ms, total 1ms
I/Auth    ( 2159): [SupervisedAccountIntentOperation] onHandleIntent(): android.intent.action.PACKAGE_ADDED
I/ChromeSync( 2159): [Sync,SyncIntentOperation] Handling the intent: Intent { act=android.intent.action.PACKAGE_ADDED dat=package:com.unciv.app flg=0x4000010 cmp=com.google.android.gms/.chimera.GmsIntentOperationService (has extras) }.
I/FontLog ( 2159): Package com.unciv.app has no metadata [CONTEXT service_id=132 ]
I/PackageManager( 1567):   Action: "android.intent.action.SENDTO"
I/PackageManager( 1567):   Category: "android.intent.category.DEFAULT"
I/PackageManager( 1567):   Scheme: "smsto"
I/Icing.InternalIcingCorporaProvider( 2466): Updating corpora: A: com.unciv.app, C: MAYBE
W/ActivityManager( 1567): Unable to start service Intent { act=com.google.android.gms.auth.key.retrieval.service.START pkg=com.google.android.gms } U=0: not found
I/PackageManager( 1567): Adding preferred activity ComponentInfo{com.android.mms/com.android.mms.ui.ComposeMessageActivity} for user 0 :
D/dalvikvm( 1567): GC_EXPLICIT freed 1407K, 45% free 8911K/16104K, paused 0ms+2ms, total 69ms
D/dalvikvm( 1567): WAIT_FOR_CONCURRENT_GC blocked 12ms
D/dalvikvm( 1567): WAIT_FOR_CONCURRENT_GC blocked 15ms
D/dalvikvm( 1567): WAIT_FOR_CONCURRENT_GC blocked 15ms
D/dalvikvm( 1567): WAIT_FOR_CONCURRENT_GC blocked 15ms
D/dalvikvm( 1567): WAIT_FOR_CONCURRENT_GC blocked 15ms
D/dalvikvm( 1567): WAIT_FOR_CONCURRENT_GC blocked 15ms
D/dalvikvm( 1567): WAIT_FOR_CONCURRENT_GC blocked 15ms
D/dalvikvm( 1567): WAIT_FOR_CONCURRENT_GC blocked 15ms
E/GmsClient( 2159): unable to connect to service: com.google.android.gms.auth.key.retrieval.service.START on com.google.android.gms
D/dalvikvm( 1567): WAIT_FOR_CONCURRENT_GC blocked 14ms
D/dalvikvm( 1567): WAIT_FOR_CONCURRENT_GC blocked 13ms
D/dalvikvm( 1567): WAIT_FOR_CONCURRENT_GC blocked 16ms
D/dalvikvm( 1567): WAIT_FOR_CONCURRENT_GC blocked 14ms
D/dalvikvm( 1567): WAIT_FOR_CONCURRENT_GC blocked 14ms
W/ActivityManager( 1567): Unbind failed: could not find connection for android.os.BinderProxy@9d869970
D/AndroidRuntime( 3462): Shutting down VM
D/jdwp    ( 3462): Got wake-up signal, bailing out of select
D/dalvikvm( 3462): Debugger has detached; object registry had 1 entries
I/PackageManager( 1567):   Action: "android.intent.action.SENDTO"
I/PackageManager( 1567):   Category: "android.intent.category.DEFAULT"
I/PackageManager( 1567):   Scheme: "mms"
I/PackageManager( 1567): Adding preferred activity ComponentInfo{com.android.mms/com.android.mms.ui.ComposeMessageActivity} for user 0 :
I/PackageManager( 1567):   Action: "android.intent.action.SENDTO"
I/PackageManager( 1567):   Category: "android.intent.category.DEFAULT"
I/PackageManager( 1567):   Scheme: "mmsto"
I/PackageManager( 1567): Adding preferred activity ComponentInfo{com.android.mms/com.android.mms.ui.ComposeMessageActivity} for user 0 :
I/Icing   ( 2159): IndexChimeraService.getServiceInterface callingPackage=com.google.android.googlequicksearchbox componentName=null serviceId=21
I/ChromeSync( 2159): [Persistence,AffiliationManager] One of affiliation or grouping data for android://KSmUCdTXmQS-j9D_O8l1jvyu41Pjn2mc5cb0Gvx1e9H1Aj4JCzHs_uTW26nbtH65K-YfijtBsQxGp-8R6k6HFg==@com.unciv.app/ was not found. Marking affiliation data as stale...
D/dalvikvm( 1787): GC_FOR_ALLOC freed 1593K, 22% free 10410K/13284K, paused 31ms, total 32ms
W/Icing   ( 2159): No valid account for uploading user actions
I/Icing   ( 2159): Usage reports ok 0, Failed Usage reports 0, indexed 0, rejected 0
I/Icing   ( 2159): Indexing com.google.android.googlequicksearchbox-applications from com.google.android.googlequicksearchbox
I/Icing   ( 2159): Indexing done com.google.android.googlequicksearchbox-applications
I/Icing   ( 2159): Indexing com.google.android.gms-apps from com.google.android.gms
I/Icing   ( 2159): Indexing com.google.android.gms-internal.3p:MobileApplication from com.google.android.gms
I/Icing   ( 2159): Indexing done com.google.android.gms-apps
I/Icing   ( 2159): Indexing done com.google.android.gms-internal.3p:MobileApplication
D/AndroidRuntime( 3483): 
D/AndroidRuntime( 3483): >>>>>> AndroidRuntime START com.android.internal.os.RuntimeInit <<<<<<
W/linker  ( 3483): libdvm.so has text relocations. This is wasting memory and is a security risk. Please fix.
D/AndroidRuntime( 3483): CheckJNI is ON
D/dalvikvm( 3483): Trying to load lib libjavacore.so 0x0
D/dalvikvm( 3483): Added shared lib libjavacore.so 0x0
D/dalvikvm( 3483): Trying to load lib libnativehelper.so 0x0
D/dalvikvm( 3483): Added shared lib libnativehelper.so 0x0
D/dalvikvm( 3483): No JNI_OnLoad found in libnativehelper.so 0x0, skipping init
D/dalvikvm( 3483): Note: class Landroid/app/ActivityManagerNative; has 179 unimplemented (abstract) methods
E/memtrack( 3483): Couldn't load memtrack module (No such file or directory)
E/android.os.Debug( 3483): failed to load memtrack module: -2
D/AndroidRuntime( 3483): Calling main entry com.android.commands.pm.Pm
W/ActivityManager( 1567): No content provider found for permission revoke: file:///sdcard/ripper.apk
W/ActivityManager( 1567): No content provider found for permission revoke: file:///sdcard/ripper.apk
I/PackageManager( 1567): Copying native libraries to /data/app-lib/vmdl1827210397
I/PackageParser( 1567): it.unina.android.ripper: compat added android.permission.WRITE_EXTERNAL_STORAGE android.permission.READ_PHONE_STATE
I/PackageManager( 1567): Running dexopt on: it.unina.android.ripper
W/linker  ( 3494): libdvm.so has text relocations. This is wasting memory and is a security risk. Please fix.
W/Nearby  ( 1787): Failed attempt #3 out of 3 for RestoreDeviceName [CONTEXT service_id=49 ]
W/Nearby  ( 1787): java.lang.IllegalStateException: BluetoothAdapter not ready yet!
W/Nearby  ( 1787): 	at adap.d(:com.google.android.gms@202414005@20.24.14 (000700-319035315):2)
W/Nearby  ( 1787): 	at adao.run(Unknown Source)
W/Nearby  ( 1787): 	at bksp.call(Unknown Source)
W/Nearby  ( 1787): 	at bksu.a(:com.google.android.gms@202414005@20.24.14 (000700-319035315):2)
W/Nearby  ( 1787): 	at bksu.a(:com.google.android.gms@202414005@20.24.14 (000700-319035315):9)
W/Nearby  ( 1787): 	at adan.run(Unknown Source)
W/Nearby  ( 1787): 	at java.lang.Thread.run(Thread.java:841)
W/Nearby  ( 1787): 	at nln.run(Unknown Source)
W/Nearby  ( 1787): 	at java.util.concurrent.ThreadPoolExecutor.runWorker(ThreadPoolExecutor.java:1112)
W/Nearby  ( 1787): 	at java.util.concurrent.ThreadPoolExecutor$Worker.run(ThreadPoolExecutor.java:587)
W/Nearby  ( 1787): 	at nrd.run(:com.google.android.gms@202414005@20.24.14 (000700-319035315):0)
W/Nearby  ( 1787): 	at java.lang.Thread.run(Thread.java:841)
D/dalvikvm( 3494): DexOpt: load 2ms, verify+opt 18ms, 936700 bytes
I/ActivityManager( 1567): Force stopping it.unina.android.ripper appid=10061 user=-1: update pkg
W/Launcher.Model( 2677): Nobody to tell about the new app.  Launcher is probably loading.
I/InputReader( 1567): Reconfiguring input devices.  changes=0x00000010
D/Documents( 3318): Used cached roots for com.android.providers.downloads.documents
D/Documents( 3318): Used cached roots for com.android.externalstorage.documents
D/Documents( 3318): Used cached roots for com.android.providers.media.documents
D/Documents( 3318): Update found 6 roots in 3ms
I/PackageManager( 1567):   Action: "android.intent.action.SENDTO"
I/PackageManager( 1567):   Category: "android.intent.category.DEFAULT"
I/PackageManager( 1567):   Scheme: "sms"
I/PackageManager( 1567): Adding preferred activity ComponentInfo{com.android.mms/com.android.mms.ui.ComposeMessageActivity} for user 0 :
D/dalvikvm( 1809): GC_FOR_ALLOC freed 474K, 18% free 3605K/4372K, paused 1ms, total 1ms
D/dalvikvm( 1567): GC_EXPLICIT freed 1703K, 47% free 8693K/16104K, paused 0ms+1ms, total 24ms
D/dalvikvm( 1567): WAIT_FOR_CONCURRENT_GC blocked 9ms
D/dalvikvm( 1567): WAIT_FOR_CONCURRENT_GC blocked 6ms
D/dalvikvm( 1567): WAIT_FOR_CONCURRENT_GC blocked 10ms
D/AndroidRuntime( 3483): Shutting down VM
D/jdwp    ( 3483): Got wake-up signal, bailing out of select
D/dalvikvm( 3483): Debugger has detached; object registry had 1 entries
W/GCM     ( 1787): Unexpected forwarded intent: Intent { act=android.intent.action.PACKAGE_ADDED dat=package:it.unina.android.ripper flg=0x4000010 cmp=com.google.android.gms/.chimera.PersistentIntentOperationService (has extras) }
I/PackageManager( 1567):   Action: "android.intent.action.SENDTO"
I/PackageManager( 1567):   Category: "android.intent.category.DEFAULT"
I/PackageManager( 1567):   Scheme: "smsto"
W/GCM     ( 1787): Unexpected forwarded intent: Intent { act=android.intent.action.PACKAGE_ADDED dat=package:it.unina.android.ripper flg=0x4000010 cmp=com.google.android.gms/.chimera.PersistentIntentOperationService (has extras) }
I/Auth    ( 2159): [SupervisedAccountIntentOperation] onHandleIntent(): android.intent.action.PACKAGE_ADDED
I/ChromeSync( 2159): [Sync,SyncIntentOperation] Handling the intent: Intent { act=android.intent.action.PACKAGE_ADDED dat=package:it.unina.android.ripper flg=0x4000010 cmp=com.google.android.gms/.chimera.GmsIntentOperationService (has extras) }.
I/PackageManager( 1567): Adding preferred activity ComponentInfo{com.android.mms/com.android.mms.ui.ComposeMessageActivity} for user 0 :
I/FontLog ( 2159): Package it.unina.android.ripper has no metadata [CONTEXT service_id=132 ]
I/PackageManager( 1567):   Action: "android.intent.action.SENDTO"
I/PackageManager( 1567):   Category: "android.intent.category.DEFAULT"
I/PackageManager( 1567):   Scheme: "mms"
I/PackageManager( 1567): Adding preferred activity ComponentInfo{com.android.mms/com.android.mms.ui.ComposeMessageActivity} for user 0 :
I/PackageManager( 1567):   Action: "android.intent.action.SENDTO"
I/PackageManager( 1567):   Category: "android.intent.category.DEFAULT"
I/PackageManager( 1567):   Scheme: "mmsto"
I/Icing.InternalIcingCorporaProvider( 2466): Updating corpora: A: it.unina.android.ripper, C: MAYBE
I/PackageManager( 1567): Adding preferred activity ComponentInfo{com.android.mms/com.android.mms.ui.ComposeMessageActivity} for user 0 :
I/ChromeSync( 2159): [Persistence,AffiliationManager] One of affiliation or grouping data for android://KSmUCdTXmQS-j9D_O8l1jvyu41Pjn2mc5cb0Gvx1e9H1Aj4JCzHs_uTW26nbtH65K-YfijtBsQxGp-8R6k6HFg==@it.unina.android.ripper/ was not found. Marking affiliation data as stale...
I/PackageManager( 1567):   Action: "android.intent.action.SENDTO"
I/PackageManager( 1567):   Category: "android.intent.category.DEFAULT"
I/PackageManager( 1567):   Scheme: "sms"
D/BackupManagerService( 1567): Received broadcast Intent { act=android.intent.action.PACKAGE_ADDED dat=package:it.unina.android.ripper flg=0x4000010 (has extras) }
V/BackupManagerService( 1567): addPackageParticipantsLocked: #1
I/PackageManager( 1567): Adding preferred activity ComponentInfo{com.android.mms/com.android.mms.ui.ComposeMessageActivity} for user 0 :
D/dalvikvm( 1809): GC_FOR_ALLOC freed 408K, 17% free 3665K/4372K, paused 3ms, total 3ms
I/PackageManager( 1567):   Action: "android.intent.action.SENDTO"
I/PackageManager( 1567):   Category: "android.intent.category.DEFAULT"
I/PackageManager( 1567):   Scheme: "smsto"
I/PackageManager( 1567): Adding preferred activity ComponentInfo{com.android.mms/com.android.mms.ui.ComposeMessageActivity} for user 0 :
I/PackageManager( 1567):   Action: "android.intent.action.SENDTO"
I/PackageManager( 1567):   Category: "android.intent.category.DEFAULT"
I/PackageManager( 1567):   Scheme: "mms"
I/PackageManager( 1567):   Action: "android.intent.action.SENDTO"
I/PackageManager( 1567):   Category: "android.intent.category.DEFAULT"
I/PackageManager( 1567):   Scheme: "mmsto"
I/PackageManager( 1567): Adding preferred activity ComponentInfo{com.android.mms/com.android.mms.ui.ComposeMessageActivity} for user 0 :
I/PackageManager( 1567): Adding preferred activity ComponentInfo{com.android.mms/com.android.mms.ui.ComposeMessageActivity} for user 0 :
D/dalvikvm( 2159): GC_FOR_ALLOC freed 1933K, 12% free 21519K/24416K, paused 33ms, total 33ms
I/Icing   ( 2159): IndexChimeraService.getServiceInterface callingPackage=com.google.android.googlequicksearchbox componentName=null serviceId=21
W/Icing.InternalIcingCorporaProvider( 2466): Application table change notification failed.
W/Icing   ( 2159): No valid account for uploading user actions
I/Icing   ( 2159): Usage reports ok 0, Failed Usage reports 0, indexed 0, rejected 0
I/Icing   ( 2159): Indexing com.google.android.gms-apps from com.google.android.gms
I/Icing   ( 2159): Indexing done com.google.android.gms-apps
D/AndroidRuntime( 3501): 
D/AndroidRuntime( 3501): >>>>>> AndroidRuntime START com.android.internal.os.RuntimeInit <<<<<<
W/linker  ( 3501): libdvm.so has text relocations. This is wasting memory and is a security risk. Please fix.
D/AndroidRuntime( 3501): CheckJNI is ON
D/dalvikvm( 3501): Trying to load lib libjavacore.so 0x0
D/dalvikvm( 3501): Added shared lib libjavacore.so 0x0
D/dalvikvm( 3501): Trying to load lib libnativehelper.so 0x0
D/dalvikvm( 3501): Added shared lib libnativehelper.so 0x0
D/dalvikvm( 3501): No JNI_OnLoad found in libnativehelper.so 0x0, skipping init
D/dalvikvm( 3501): Note: class Landroid/app/ActivityManagerNative; has 179 unimplemented (abstract) methods
E/memtrack( 3501): Couldn't load memtrack module (No such file or directory)
E/android.os.Debug( 3501): failed to load memtrack module: -2
D/AndroidRuntime( 3501): Calling main entry com.android.commands.am.Am
I/ActivityManager( 1567): Force stopping com.unciv.app appid=10060 user=0: start instr
D/dalvikvm( 1567): GC_FOR_ALLOC freed 1458K, 47% free 8665K/16104K, paused 8ms, total 8ms
I/ActivityManager( 1567): Start proc com.unciv.app for added application com.unciv.app: pid=3512 uid=10060 gids={50060, 3003}
I/dalvikvm( 3512): Could not find method android.os.Trace.isEnabled, referenced from method androidx.tracing.Trace.isEnabled
W/dalvikvm( 3512): VFY: unable to resolve static method 1617: Landroid/os/Trace;.isEnabled ()Z
D/dalvikvm( 3512): VFY: replacing opcode 0x71 at 0x0004
D/WM-WrkMgrInitializer( 3512): Initializing WorkManager with default configuration.
I/dalvikvm( 3512): Could not find method android.os.Handler.createAsync, referenced from method androidx.core.os.HandlerCompat.createAsync
W/dalvikvm( 3512): VFY: unable to resolve static method 1488: Landroid/os/Handler;.createAsync (Landroid/os/Looper;)Landroid/os/Handler;
D/dalvikvm( 3512): VFY: replacing opcode 0x71 at 0x0006
I/dalvikvm( 3512): Could not find method android.os.Handler.createAsync, referenced from method androidx.core.os.HandlerCompat.createAsync
W/dalvikvm( 3512): VFY: unable to resolve static method 1489: Landroid/os/Handler;.createAsync (Landroid/os/Looper;Landroid/os/Handler$Callback;)Landroid/os/Handler;
D/dalvikvm( 3512): VFY: replacing opcode 0x71 at 0x0006
I/dalvikvm( 3512): Could not find method android.os.Handler.postDelayed, referenced from method androidx.core.os.HandlerCompat.postDelayed
W/dalvikvm( 3512): VFY: unable to resolve virtual method 1499: Landroid/os/Handler;.postDelayed (Ljava/lang/Runnable;Ljava/lang/Object;J)Z
D/dalvikvm( 3512): VFY: replacing opcode 0x6e at 0x0006
I/dalvikvm( 3512): Could not find method android.content.Context.isDeviceProtectedStorage, referenced from method androidx.work.impl.WorkManagerImpl.internalInit
W/dalvikvm( 3512): VFY: unable to resolve virtual method 440: Landroid/content/Context;.isDeviceProtectedStorage ()Z
D/dalvikvm( 3512): VFY: replacing opcode 0x6e at 0x0020
I/dalvikvm( 3512): Could not find method android.content.Context.getNoBackupFilesDir, referenced from method androidx.work.impl.WorkDatabasePathHelper.getNoBackupPath
W/dalvikvm( 3512): VFY: unable to resolve virtual method 427: Landroid/content/Context;.getNoBackupFilesDir ()Ljava/io/File;
D/dalvikvm( 3512): VFY: replacing opcode 0x6e at 0x0002
I/dalvikvm( 3512): Could not find method android.content.Context.getNoBackupFilesDir, referenced from method androidx.sqlite.db.framework.FrameworkSQLiteOpenHelper.getDelegate
W/dalvikvm( 3512): VFY: unable to resolve virtual method 427: Landroid/content/Context;.getNoBackupFilesDir ()Ljava/io/File;
D/dalvikvm( 3512): VFY: replacing opcode 0x6e at 0x001c
W/dalvikvm( 3512): Unable to resolve superclass of Landroidx/work/impl/background/systemjob/SystemJobService; (69)
W/dalvikvm( 3512): Link of class 'Landroidx/work/impl/background/systemjob/SystemJobService;' failed
E/dalvikvm( 3512): Could not find class 'androidx.work.impl.background.systemjob.SystemJobService', referenced from method androidx.work.impl.Schedulers.createBestAvailableBackgroundScheduler
W/dalvikvm( 3512): VFY: unable to resolve const-class 1517 (Landroidx/work/impl/background/systemjob/SystemJobService;) in Landroidx/work/impl/Schedulers;
D/dalvikvm( 3512): VFY: replacing opcode 0x1c at 0x000d
W/dalvikvm( 3512): Unable to resolve superclass of Landroidx/work/impl/constraints/trackers/NetworkStateTracker$NetworkStateCallback; (242)
W/dalvikvm( 3512): Link of class 'Landroidx/work/impl/constraints/trackers/NetworkStateTracker$NetworkStateCallback;' failed
E/dalvikvm( 3512): Could not find class 'androidx.work.impl.constraints.trackers.NetworkStateTracker$NetworkStateCallback', referenced from method androidx.work.impl.constraints.trackers.NetworkStateTracker.<init>
W/dalvikvm( 3512): VFY: unable to resolve new-instance 1541 (Landroidx/work/impl/constraints/trackers/NetworkStateTracker$NetworkStateCallback;) in Landroidx/work/impl/constraints/trackers/NetworkStateTracker;
D/dalvikvm( 3512): VFY: replacing opcode 0x22 at 0x0015
I/dalvikvm( 3512): Could not find method android.net.ConnectivityManager.getActiveNetwork, referenced from method androidx.work.impl.constraints.trackers.NetworkStateTracker.isActiveNetworkValidated
W/dalvikvm( 3512): VFY: unable to resolve virtual method 1108: Landroid/net/ConnectivityManager;.getActiveNetwork ()Landroid/net/Network;
D/dalvikvm( 3512): VFY: replacing opcode 0x6e at 0x000b
W/dalvikvm( 3512): Unable to resolve superclass of Landroidx/work/impl/constraints/trackers/NetworkStateTracker$NetworkStateCallback; (242)
W/dalvikvm( 3512): Link of class 'Landroidx/work/impl/constraints/trackers/NetworkStateTracker$NetworkStateCallback;' failed
I/dalvikvm( 3512): Could not find method android.net.ConnectivityManager.registerDefaultNetworkCallback, referenced from method androidx.work.impl.constraints.trackers.NetworkStateTracker.startTracking
W/dalvikvm( 3512): VFY: unable to resolve virtual method 1114: Landroid/net/ConnectivityManager;.registerDefaultNetworkCallback (Landroid/net/ConnectivityManager$NetworkCallback;)V
D/dalvikvm( 3512): VFY: replacing opcode 0x6e at 0x0018
W/dalvikvm( 3512): Unable to resolve superclass of Landroidx/work/impl/constraints/trackers/NetworkStateTracker$NetworkStateCallback; (242)
W/dalvikvm( 3512): Link of class 'Landroidx/work/impl/constraints/trackers/NetworkStateTracker$NetworkStateCallback;' failed
I/dalvikvm( 3512): Could not find method android.net.ConnectivityManager.unregisterNetworkCallback, referenced from method androidx.work.impl.constraints.trackers.NetworkStateTracker.stopTracking
W/dalvikvm( 3512): VFY: unable to resolve virtual method 1115: Landroid/net/ConnectivityManager;.unregisterNetworkCallback (Landroid/net/ConnectivityManager$NetworkCallback;)V
D/dalvikvm( 3512): VFY: replacing opcode 0x6e at 0x0018
W/dalvikvm( 3512): Unable to resolve superclass of Landroidx/work/impl/constraints/trackers/NetworkStateTracker$NetworkStateCallback; (242)
W/dalvikvm( 3512): Link of class 'Landroidx/work/impl/constraints/trackers/NetworkStateTracker$NetworkStateCallback;' failed
D/dalvikvm( 3512): DexOpt: unable to opt direct call 0x24bd at 0x17 in Landroidx/work/impl/constraints/trackers/NetworkStateTracker;.<init>
D/dalvikvm( 3512): Trying to load lib /data/app-lib/com.unciv.app-1/libgdx.so 0x9d00eef0
D/dalvikvm( 3512): Added shared lib /data/app-lib/com.unciv.app-1/libgdx.so 0x9d00eef0
D/dalvikvm( 3512): No JNI_OnLoad found in /data/app-lib/com.unciv.app-1/libgdx.so 0x9d00eef0, skipping init
I/TestRunner( 3512): started: testApplication(it.unina.android.ripper.RipperTestCase)
V/AndroidRipperService( 2231): register()
I/ActivityManager( 1567): START u0 {act=android.intent.action.MAIN flg=0x10000000 cmp=com.unciv.app/.AndroidLauncher} from pid 3512
I/dalvikvm( 3512): Could not find method android.app.NotificationManager.getNotificationChannel, referenced from method com.unciv.app.MultiplayerTurnCheckWorker$Companion.destroyOldChannels
W/dalvikvm( 3512): VFY: unable to resolve virtual method 258: Landroid/app/NotificationManager;.getNotificationChannel (Ljava/lang/String;)Landroid/app/NotificationChannel;
D/dalvikvm( 3512): VFY: replacing opcode 0x6e at 0x001b
E/dalvikvm( 3512): Could not find class 'android.app.NotificationChannel', referenced from method com.unciv.app.MultiplayerTurnCheckWorker$Companion.createNotificationChannelInfo
W/dalvikvm( 3512): VFY: unable to resolve new-instance 47 (Landroid/app/NotificationChannel;) in Lcom/unciv/app/MultiplayerTurnCheckWorker$Companion;
D/dalvikvm( 3512): VFY: replacing opcode 0x22 at 0x002c
E/dalvikvm( 3512): Could not find class 'android.app.NotificationChannel', referenced from method com.unciv.app.MultiplayerTurnCheckWorker$Companion.createNotificationChannelService
W/dalvikvm( 3512): VFY: unable to resolve new-instance 47 (Landroid/app/NotificationChannel;) in Lcom/unciv/app/MultiplayerTurnCheckWorker$Companion;
D/dalvikvm( 3512): VFY: replacing opcode 0x22 at 0x002c
D/dalvikvm( 3512): DexOpt: unable to opt direct call 0x00f2 at 0x32 in Lcom/unciv/app/MultiplayerTurnCheckWorker$Companion;.createNotificationChannelInfo
D/dalvikvm( 3512): GC_FOR_ALLOC freed 360K, 15% free 3145K/3692K, paused 3ms, total 3ms
D/dalvikvm( 3512): DexOpt: unable to opt direct call 0x00f2 at 0x33 in Lcom/unciv/app/MultiplayerTurnCheckWorker$Companion;.createNotificationChannelService
D/gralloc_ranchu( 1144): gralloc_alloc: Creating ashmem region of size 7753728
D/gralloc_ranchu( 1144): gralloc_alloc: Creating ashmem region of size 8294400
I/ActivityManager( 1567): Config changes=480 {1.0 310mcc260mnc en_US ldltr sw411dp w689dp h386dp 420dpi nrml land finger qwerty/v/v dpad/v s.8}
I/InputReader( 1567): Reconfiguring input devices.  changes=0x00000004
I/InputReader( 1567): Device reconfigured: id=0, name='qwerty2', size 1080x1920, orientation 1, mode 1, display id 0
I/InputReader( 1567): Reconfiguring input devices.  changes=0x00000004
D/dalvikvm( 1661): GC_FOR_ALLOC freed 18212K, 70% free 8695K/28288K, paused 5ms, total 5ms
I/dalvikvm-heap( 1661): Grow heap (frag case) to 11.597MB for 3072012-byte allocation
D/dalvikvm( 1661): GC_FOR_ALLOC freed <1K, 59% free 11694K/28288K, paused 6ms, total 6ms
D/dalvikvm( 1661): GC_FOR_ALLOC freed <1K, 59% free 11695K/28288K, paused 2ms, total 2ms
I/dalvikvm-heap( 1661): Grow heap (frag case) to 26.451MB for 15575052-byte allocation
D/dalvikvm( 1661): GC_FOR_ALLOC freed 0K, 5% free 26905K/28288K, paused 2ms, total 2ms
I/dalvikvm( 3512): Could not find method java.util.LinkedHashMap.getOrDefault, referenced from method com.unciv.models.translations.Translations.getOrDefault
W/dalvikvm( 3512): VFY: unable to resolve virtual method 35229: Ljava/util/LinkedHashMap;.getOrDefault (Ljava/lang/Object;Ljava/lang/Object;)Ljava/lang/Object;
D/dalvikvm( 3512): VFY: replacing opcode 0x6f at 0x0000
I/dalvikvm( 3512): Could not find method java.util.LinkedHashMap.remove, referenced from method com.unciv.models.translations.Translations.remove
W/dalvikvm( 3512): VFY: unable to resolve virtual method 35235: Ljava/util/LinkedHashMap;.remove (Ljava/lang/Object;Ljava/lang/Object;)Z
D/dalvikvm( 3512): VFY: replacing opcode 0x6f at 0x0000
I/dalvikvm( 3512): Could not find method android.view.View.getRootWindowInsets, referenced from method com.badlogic.gdx.backends.android.AndroidGraphics.updateSafeAreaInsets
W/dalvikvm( 3512): VFY: unable to resolve virtual method 2131: Landroid/view/View;.getRootWindowInsets ()Landroid/view/WindowInsets;
D/dalvikvm( 3512): VFY: replacing opcode 0x6e at 0x0019
D/        ( 3512): HostConnection::get() New Host Connection established 0xb822de40, tid 3512
D/gralloc_ranchu( 1144): gralloc_alloc: Creating ashmem region of size 7819264
I/dalvikvm( 3512): Could not find method android.os.VibrationEffect.createOneShot, referenced from method com.badlogic.gdx.backends.android.DefaultAndroidInput.vibrate
W/dalvikvm( 3512): VFY: unable to resolve static method 1620: Landroid/os/VibrationEffect;.createOneShot (JI)Landroid/os/VibrationEffect;
D/dalvikvm( 3512): VFY: replacing opcode 0x71 at 0x000a
I/dalvikvm( 3512): Could not find method android.os.VibrationEffect.createWaveform, referenced from method com.badlogic.gdx.backends.android.DefaultAndroidInput.vibrate
W/dalvikvm( 3512): VFY: unable to resolve static method 1621: Landroid/os/VibrationEffect;.createWaveform ([JI)Landroid/os/VibrationEffect;
D/dalvikvm( 3512): VFY: replacing opcode 0x71 at 0x0008
E/dalvikvm( 3512): Could not find class 'android.media.AudioAttributes$Builder', referenced from method com.badlogic.gdx.backends.android.DefaultAndroidAudio.<init>
W/dalvikvm( 3512): VFY: unable to resolve new-instance 229 (Landroid/media/AudioAttributes$Builder;) in Lcom/badlogic/gdx/backends/android/DefaultAndroidAudio;
D/dalvikvm( 3512): VFY: replacing opcode 0x22 at 0x0015
D/dalvikvm( 3512): DexOpt: unable to opt direct call 0x041d at 0x17 in Lcom/badlogic/gdx/backends/android/DefaultAndroidAudio;.<init>
D/dalvikvm( 3512): DexOpt: unable to opt direct call 0x0441 at 0x2b in Lcom/badlogic/gdx/backends/android/DefaultAndroidAudio;.<init>
I/dalvikvm( 3512): Could not find method android.os.Handler.createAsync, referenced from method androidx.arch.core.executor.DefaultTaskExecutor.createAsync
W/dalvikvm( 3512): VFY: unable to resolve static method 1488: Landroid/os/Handler;.createAsync (Landroid/os/Looper;)Landroid/os/Handler;
D/dalvikvm( 3512): VFY: replacing opcode 0x71 at 0x0006
I/dalvikvm( 3512): Could not find method android.app.NotificationManager.areNotificationsEnabled, referenced from method androidx.core.app.NotificationManagerCompat.areNotificationsEnabled
W/dalvikvm( 3512): VFY: unable to resolve virtual method 247: Landroid/app/NotificationManager;.areNotificationsEnabled ()Z
D/dalvikvm( 3512): VFY: replacing opcode 0x6e at 0x0008
W/dalvikvm( 3512): VFY: unable to find class referenced in signature (Landroid/app/NotificationChannel;)
I/dalvikvm( 3512): Could not find method android.app.NotificationManager.createNotificationChannel, referenced from method androidx.core.app.NotificationManagerCompat.createNotificationChannel
W/dalvikvm( 3512): VFY: unable to resolve virtual method 251: Landroid/app/NotificationManager;.createNotificationChannel (Landroid/app/NotificationChannel;)V
D/dalvikvm( 3512): VFY: replacing opcode 0x6e at 0x0008
W/dalvikvm( 3512): VFY: unable to find class referenced in signature (Landroid/app/NotificationChannelGroup;)
I/dalvikvm( 3512): Could not find method android.app.NotificationManager.createNotificationChannelGroup, referenced from method androidx.core.app.NotificationManagerCompat.createNotificationChannelGroup
W/dalvikvm( 3512): VFY: unable to resolve virtual method 252: Landroid/app/NotificationManager;.createNotificationChannelGroup (Landroid/app/NotificationChannelGroup;)V
D/dalvikvm( 3512): VFY: replacing opcode 0x6e at 0x0008
I/dalvikvm( 3512): Could not find method android.app.NotificationManager.createNotificationChannelGroups, referenced from method androidx.core.app.NotificationManagerCompat.createNotificationChannelGroups
W/dalvikvm( 3512): VFY: unable to resolve virtual method 253: Landroid/app/NotificationManager;.createNotificationChannelGroups (Ljava/util/List;)V
D/dalvikvm( 3512): VFY: replacing opcode 0x6e at 0x0008
I/dalvikvm( 3512): Could not find method android.app.NotificationManager.createNotificationChannels, referenced from method androidx.core.app.NotificationManagerCompat.createNotificationChannels
W/dalvikvm( 3512): VFY: unable to resolve virtual method 254: Landroid/app/NotificationManager;.createNotificationChannels (Ljava/util/List;)V
D/dalvikvm( 3512): VFY: replacing opcode 0x6e at 0x0008
I/dalvikvm( 3512): Could not find method android.app.NotificationManager.deleteNotificationChannel, referenced from method androidx.core.app.NotificationManagerCompat.deleteNotificationChannel
W/dalvikvm( 3512): VFY: unable to resolve virtual method 255: Landroid/app/NotificationManager;.deleteNotificationChannel (Ljava/lang/String;)V
D/dalvikvm( 3512): VFY: replacing opcode 0x6e at 0x0008
I/dalvikvm( 3512): Could not find method android.app.NotificationManager.deleteNotificationChannelGroup, referenced from method androidx.core.app.NotificationManagerCompat.deleteNotificationChannelGroup
W/dalvikvm( 3512): VFY: unable to resolve virtual method 256: Landroid/app/NotificationManager;.deleteNotificationChannelGroup (Ljava/lang/String;)V
D/dalvikvm( 3512): VFY: replacing opcode 0x6e at 0x0008
I/dalvikvm( 3512): Could not find method android.app.NotificationManager.getImportance, referenced from method androidx.core.app.NotificationManagerCompat.getImportance
W/dalvikvm( 3512): VFY: unable to resolve virtual method 257: Landroid/app/NotificationManager;.getImportance ()I
D/dalvikvm( 3512): VFY: replacing opcode 0x6e at 0x0008
I/dalvikvm( 3512): Could not find method android.app.NotificationManager.getNotificationChannel, referenced from method androidx.core.app.NotificationManagerCompat.getNotificationChannel
W/dalvikvm( 3512): VFY: unable to resolve virtual method 258: Landroid/app/NotificationManager;.getNotificationChannel (Ljava/lang/String;)Landroid/app/NotificationChannel;
D/dalvikvm( 3512): VFY: replacing opcode 0x6e at 0x0008
W/dalvikvm( 3512): VFY: unable to find class referenced in signature (Landroid/app/NotificationChannel;)
I/dalvikvm( 3512): Could not find method android.app.NotificationManager.getNotificationChannelGroup, referenced from method androidx.core.app.NotificationManagerCompat.getNotificationChannelGroup
W/dalvikvm( 3512): VFY: unable to resolve virtual method 259: Landroid/app/NotificationManager;.getNotificationChannelGroup (Ljava/lang/String;)Landroid/app/NotificationChannelGroup;
D/dalvikvm( 3512): VFY: replacing opcode 0x6e at 0x0008
E/dalvikvm( 3512): Could not find class 'android.app.NotificationChannelGroup', referenced from method androidx.core.app.NotificationManagerCompat.getNotificationChannelGroup
W/dalvikvm( 3512): VFY: unable to resolve check-cast 48 (Landroid/app/NotificationChannelGroup;) in Landroidx/core/app/NotificationManagerCompat;
D/dalvikvm( 3512): VFY: replacing opcode 0x1f at 0x0026
W/dalvikvm( 3512): VFY: unable to find class referenced in signature (Landroid/app/NotificationChannelGroup;)
I/dalvikvm( 3512): Could not find method android.app.NotificationManager.getNotificationChannelGroups, referenced from method androidx.core.app.NotificationManagerCompat.getNotificationChannelGroups
W/dalvikvm( 3512): VFY: unable to resolve virtual method 260: Landroid/app/NotificationManager;.getNotificationChannelGroups ()Ljava/util/List;
D/dalvikvm( 3512): VFY: replacing opcode 0x6e at 0x0008
I/dalvikvm( 3512): Could not find method android.app.NotificationManager.getNotificationChannels, referenced from method androidx.core.app.NotificationManagerCompat.getNotificationChannels
W/dalvikvm( 3512): VFY: unable to resolve virtual method 261: Landroid/app/NotificationManager;.getNotificationChannels ()Ljava/util/List;
D/dalvikvm( 3512): VFY: replacing opcode 0x6e at 0x0008
D/gralloc_ranchu( 1144): gralloc_alloc: Creating ashmem region of size 8294400
I/AndroidInput( 3512): sensor listener setup
D/EGL_emulation( 1661): eglMakeCurrent: 0xb8204e90: ver 3 0
D/EGL_emulation( 1661): eglMakeCurrent: 0xb8204e90: ver 3 0
D/PhoneStatusBar( 1661): mSettingsPanelGravity = 55
D/EGL_emulation( 1661): eglMakeCurrent: 0xb8204e90: ver 3 0
D/EGL_emulation( 3512): eglCreateContext: 0xb81f1c20: maj 3 min 0 rcv 3
D/EGL_emulation( 1661): eglMakeCurrent: 0xb8204e90: ver 3 0
D/EGL_emulation( 3512): eglMakeCurrent: 0xb81f1c20: ver 3 0
E/eglCodecCommon( 3512): glUtilsParamSize: unknow param 0x00008cdf
E/eglCodecCommon( 3512): glUtilsParamSize: unknow param 0x00008824
D/gralloc_ranchu( 1144): gralloc_alloc: Creating ashmem region of size 8294400
E/EGL_emulation( 3512): tid 3512: eglSurfaceAttrib(1199): error 0x3009 (EGL_BAD_MATCH)
W/HardwareRenderer( 3512): Backbuffer cannot be preserved
D/EGL_emulation( 1661): eglMakeCurrent: 0xb8204e90: ver 3 0
E/EGL_emulation( 1661): tid 1661: eglSurfaceAttrib(1199): error 0x3009 (EGL_BAD_MATCH)
W/HardwareRenderer( 1661): Backbuffer cannot be preserved
D/InitAlarmsService( 2694): Clearing and rescheduling alarms.
D/OpenGLRenderer( 3512): Enabling debug mode 0
D/        ( 3512): HostConnection::get() New Host Connection established 0xb8248620, tid 3528
D/EGL_emulation( 1661): eglMakeCurrent: 0xb8204e90: ver 3 0
W/GL2JNIView( 3512): creating OpenGL ES 2.0 context
D/EGL_emulation( 3512): eglCreateContext: 0xb8233210: maj 3 min 0 rcv 3
W/GL2JNIView( 3512): Returning a GLES 2 context
D/EGL_emulation( 3512): eglMakeCurrent: 0xb8233210: ver 3 0
E/eglCodecCommon( 3512): glUtilsParamSize: unknow param 0x00008cdf
E/eglCodecCommon( 3512): glUtilsParamSize: unknow param 0x00008824
D/EGL_emulation( 1661): eglMakeCurrent: 0xb8204e90: ver 3 0
E/EGL_emulation( 1661): tid 1661: eglSurfaceAttrib(1199): error 0x3009 (EGL_BAD_MATCH)
W/HardwareRenderer( 1661): Backbuffer cannot be preserved
I/AndroidGraphics( 3512): OGL renderer: Android Emulator OpenGL ES Translator (Intel(R) Iris(TM) Plus Graphics 640)
I/AndroidGraphics( 3512): OGL vendor: Google (Intel Inc.)
I/AndroidGraphics( 3512): OGL version: OpenGL ES 3.0 (4.1 INTEL-16.5.2)
I/AndroidGraphics( 3512): OGL extensions: GL_EXT_debug_marker GL_OES_EGL_sync GL_OES_EGL_image GL_OES_EGL_image_external GL_OES_depth24 GL_OES_depth32 GL_OES_element_index_uint GL_OES_texture_float GL_OES_texture_float_linear GL_OES_compressed_paletted_texture GL_OES_compressed_ETC1_RGB8_texture GL_OES_depth_texture GL_OES_texture_npot GL_OES_rgb8_rgba8 GL_EXT_color_buffer_float GL_EXT_color_buffer_half_float GL_EXT_texture_format_BGRA8888 GL_APPLE_texture_format_BGRA8888 ANDROID_EMU_CHECKSUM_HELPER_v1 ANDROID_EMU_async_unmap_buffer ANDROID_EMU_sync_buffer_data GL_OES_EGL_image_external_essl3 GL_OES_vertex_array_object GL_KHR_texture_compression_astc_ldr ANDROID_EMU_host_side_tracing ANDROID_EMU_async_frame_commands ANDROID_EMU_gles_max_version_3_0 
I/AndroidGraphics( 3512): framebuffer: (8, 8, 8, 0)
I/AndroidGraphics( 3512): depthbuffer: (24)
I/AndroidGraphics( 3512): stencilbuffer: (8)
I/AndroidGraphics( 3512): samples: (0)
I/AndroidGraphics( 3512): coverage sampling: (false)
W/IInputConnectionWrapper( 1972): showStatusIcon on inactive InputConnection
D/EGL_emulation( 1661): eglMakeCurrent: 0xb8204e90: ver 3 0
I/AndroidGraphics( 3512): Managed meshes/app: { }
I/AndroidGraphics( 3512): Managed textures/app: { }
I/AndroidGraphics( 3512): Managed cubemap/app: { }
I/AndroidGraphics( 3512): Managed shaders/app: { }
I/AndroidGraphics( 3512): Managed buffers/app: { }
I/ActivityManager( 1567): Displayed com.unciv.app/.AndroidLauncher: +383ms
I/ActivityManager( 1567): Killing 1824:com.android.settings/1000 (adj 15): empty #17
I/WindowManager( 1567): Screen frozen for +343ms due to Window{9d180fc8 u0 com.unciv.app/com.unciv.app.AndroidLauncher}
E/EGL_emulation( 1661): tid 1661: eglSurfaceAttrib(1199): error 0x3009 (EGL_BAD_MATCH)
W/HardwareRenderer( 1661): Backbuffer cannot be preserved
D/EGL_emulation( 1661): eglMakeCurrent: 0xb8204e90: ver 3 0
D/EGL_emulation( 1972): eglMakeCurrent: 0xb823d6b0: ver 3 0
E/EGL_emulation( 1661): tid 1661: eglSurfaceAttrib(1199): error 0x3009 (EGL_BAD_MATCH)
W/HardwareRenderer( 1661): Backbuffer cannot be preserved
D/dalvikvm( 3512): GC_FOR_ALLOC freed 319K, 14% free 3339K/3844K, paused 2ms, total 2ms
E/dalvikvm( 3512): Could not find class 'android.support.v4.app.FragmentActivity', referenced from method a.a.a.ag.c
W/dalvikvm( 3512): VFY: unable to resolve check-cast 122 (Landroid/support/v4/app/FragmentActivity;) in La/a/a/ag;
D/dalvikvm( 3512): VFY: replacing opcode 0x1f at 0x0008
I/dalvikvm( 3512): Could not find method android.support.v4.app.FragmentActivity.getSupportFragmentManager, referenced from method a.a.a.ag.c
W/dalvikvm( 3512): VFY: unable to resolve virtual method 750: Landroid/support/v4/app/FragmentActivity;.getSupportFragmentManager ()Landroid/support/v4/app/FragmentManager;
D/dalvikvm( 3512): VFY: replacing opcode 0x6e at 0x000e
I/dalvikvm( 3512): Could not find method android.support.v4.app.FragmentActivity.getSupportFragmentManager, referenced from method a.a.a.ag.c
W/dalvikvm( 3512): VFY: unable to resolve virtual method 750: Landroid/support/v4/app/FragmentActivity;.getSupportFragmentManager ()Landroid/support/v4/app/FragmentManager;
D/dalvikvm( 3512): VFY: replacing opcode 0x6e at 0x001a
W/dalvikvm( 3512): VFY: unable to find class referenced in signature (Landroid/support/v4/app/Fragment;)
W/dalvikvm( 3512): VFY: unable to find class referenced in signature (Landroid/support/v4/app/Fragment;)
D/dalvikvm( 3512): GC_FOR_ALLOC freed 477K, 17% free 3372K/4040K, paused 2ms, total 2ms
D/dalvikvm( 3512): GC_FOR_ALLOC freed 444K, 16% free 3432K/4072K, paused 2ms, total 2ms
D/dalvikvm( 3512): GC_FOR_ALLOC freed 59K, 16% free 3427K/4072K, paused 3ms, total 3ms
I/dalvikvm-heap( 3512): Grow heap (frag case) to 4.588MB for 1112994-byte allocation
D/dalvikvm( 3512): GC_FOR_ALLOC freed <1K, 13% free 4514K/5160K, paused 2ms, total 2ms
D/dalvikvm( 3512): GC_FOR_ALLOC freed 1342K, 33% free 3511K/5172K, paused 2ms, total 2ms
D/dalvikvm( 3512): GC_FOR_ALLOC freed 475K, 32% free 3547K/5172K, paused 2ms, total 2ms
D/dalvikvm( 3512): GC_FOR_ALLOC freed 178K, 32% free 3561K/5172K, paused 1ms, total 1ms
I/dalvikvm( 3512): Could not find method java.util.HashMap.getOrDefault, referenced from method com.unciv.models.tilesets.TileSetCache.getOrDefault
W/dalvikvm( 3512): VFY: unable to resolve virtual method 35193: Ljava/util/HashMap;.getOrDefault (Ljava/lang/Object;Ljava/lang/Object;)Ljava/lang/Object;
D/dalvikvm( 3512): VFY: replacing opcode 0x6f at 0x0000
I/dalvikvm( 3512): Could not find method java.util.HashMap.remove, referenced from method com.unciv.models.tilesets.TileSetCache.remove
W/dalvikvm( 3512): VFY: unable to resolve virtual method 35199: Ljava/util/HashMap;.remove (Ljava/lang/Object;Ljava/lang/Object;)Z
D/dalvikvm( 3512): VFY: replacing opcode 0x6f at 0x0000
D/dalvikvm( 3512): GC_FOR_ALLOC freed 452K, 30% free 3620K/5172K, paused 1ms, total 2ms
I/dalvikvm( 3512): Could not find method java.util.HashMap.getOrDefault, referenced from method com.unciv.ui.utils.KeyPressDispatcher.getOrDefault
W/dalvikvm( 3512): VFY: unable to resolve virtual method 35193: Ljava/util/HashMap;.getOrDefault (Ljava/lang/Object;Ljava/lang/Object;)Ljava/lang/Object;
D/dalvikvm( 3512): VFY: replacing opcode 0x6f at 0x0000
I/dalvikvm( 3512): Could not find method java.util.HashMap.remove, referenced from method com.unciv.ui.utils.KeyPressDispatcher.remove
W/dalvikvm( 3512): VFY: unable to resolve virtual method 35199: Ljava/util/HashMap;.remove (Ljava/lang/Object;Ljava/lang/Object;)Z
D/dalvikvm( 3512): VFY: replacing opcode 0x6f at 0x0000
I/dalvikvm( 3512): Could not find method java.util.HashMap.getOrDefault, referenced from method com.unciv.models.ruleset.RulesetCache.getOrDefault
W/dalvikvm( 3512): VFY: unable to resolve virtual method 35193: Ljava/util/HashMap;.getOrDefault (Ljava/lang/Object;Ljava/lang/Object;)Ljava/lang/Object;
D/dalvikvm( 3512): VFY: replacing opcode 0x6f at 0x0000
I/dalvikvm( 3512): Could not find method java.util.HashMap.remove, referenced from method com.unciv.models.ruleset.RulesetCache.remove
W/dalvikvm( 3512): VFY: unable to resolve virtual method 35199: Ljava/util/HashMap;.remove (Ljava/lang/Object;Ljava/lang/Object;)Z
D/dalvikvm( 3512): VFY: replacing opcode 0x6f at 0x0000
D/gralloc_ranchu( 1144): gralloc_alloc: Creating ashmem region of size 8294400
D/dalvikvm( 3512): GC_FOR_ALLOC freed 194K, 24% free 3938K/5172K, paused 3ms, total 3ms
I/dalvikvm( 3512): Could not find method java.util.LinkedHashMap.getOrDefault, referenced from method com.unciv.models.Counter.getOrDefault
W/dalvikvm( 3512): VFY: unable to resolve virtual method 35229: Ljava/util/LinkedHashMap;.getOrDefault (Ljava/lang/Object;Ljava/lang/Object;)Ljava/lang/Object;
D/dalvikvm( 3512): VFY: replacing opcode 0x6f at 0x0000
I/dalvikvm( 3512): Could not find method java.util.LinkedHashMap.remove, referenced from method com.unciv.models.Counter.remove
W/dalvikvm( 3512): VFY: unable to resolve virtual method 35235: Ljava/util/LinkedHashMap;.remove (Ljava/lang/Object;Ljava/lang/Object;)Z
D/dalvikvm( 3512): VFY: replacing opcode 0x6f at 0x0000
D/dalvikvm( 3512): GC_FOR_ALLOC freed 293K, 20% free 4156K/5172K, paused 4ms, total 4ms
I/ActivityManager( 1567): Config changes=480 {1.0 310mcc260mnc en_US ldltr sw411dp w411dp h658dp 420dpi nrml port finger qwerty/v/v dpad/v s.9}
D/EGL_emulation( 1661): eglMakeCurrent: 0xb8204e90: ver 3 0
D/EGL_emulation( 1661): eglMakeCurrent: 0xb8204e90: ver 3 0
D/PhoneStatusBar( 1661): mSettingsPanelGravity = 55
D/EGL_emulation( 1661): eglMakeCurrent: 0xb8204e90: ver 3 0
I/InputReader( 1567): Reconfiguring input devices.  changes=0x00000004
I/InputReader( 1567): Device reconfigured: id=0, name='qwerty2', size 1080x1920, orientation 0, mode 1, display id 0
D/EGL_emulation( 1661): eglMakeCurrent: 0xb8204e90: ver 3 0
D/EGL_emulation( 1661): eglMakeCurrent: 0xb8204e90: ver 3 0
D/gralloc_ranchu( 1144): gralloc_alloc: Creating ashmem region of size 8294400
E/EGL_emulation( 1661): tid 1661: eglSurfaceAttrib(1199): error 0x3009 (EGL_BAD_MATCH)
W/HardwareRenderer( 1661): Backbuffer cannot be preserved
D/dalvikvm( 3512): GC_FOR_ALLOC freed 524K, 20% free 4144K/5172K, paused 12ms, total 12ms
D/EGL_emulation( 3512): eglMakeCurrent: 0xb81f1c20: ver 3 0
E/EGL_emulation( 3512): tid 3512: eglSurfaceAttrib(1199): error 0x3009 (EGL_BAD_MATCH)
W/HardwareRenderer( 3512): Backbuffer cannot be preserved
D/EGL_emulation( 3512): eglMakeCurrent: 0xb8233210: ver 3 0
D/EGL_emulation( 1661): eglMakeCurrent: 0xb8204e90: ver 3 0
D/dalvikvm( 3512): GC_FOR_ALLOC freed 188K, 14% free 4467K/5172K, paused 5ms, total 5ms
I/WindowManager( 1567): Screen frozen for +238ms due to Window{9d180fc8 u0 com.unciv.app/com.unciv.app.AndroidLauncher}
D/EGL_emulation( 1661): eglMakeCurrent: 0xb8204e90: ver 3 0
E/EGL_emulation( 1661): tid 1661: eglSurfaceAttrib(1199): error 0x3009 (EGL_BAD_MATCH)
W/HardwareRenderer( 1661): Backbuffer cannot be preserved
D/dalvikvm( 3512): GC_FOR_ALLOC freed 632K, 16% free 4347K/5172K, paused 2ms, total 2ms
D/dalvikvm( 3512): GC_FOR_ALLOC freed 75K, 16% free 4370K/5172K, paused 1ms, total 2ms
I/dalvikvm-heap( 3512): Grow heap (frag case) to 4.594MB for 154208-byte allocation
D/dalvikvm( 3512): GC_FOR_ALLOC freed <1K, 16% free 4521K/5324K, paused 7ms, total 7ms
D/dalvikvm( 3512): GC_FOR_ALLOC freed 28K, 16% free 4520K/5324K, paused 3ms, total 3ms
I/dalvikvm-heap( 3512): Grow heap (frag case) to 4.741MB for 154108-byte allocation
D/dalvikvm( 3512): GC_FOR_ALLOC freed <1K, 15% free 4671K/5476K, paused 8ms, total 8ms
D/dalvikvm( 3512): GC_FOR_ALLOC freed 589K, 16% free 4643K/5476K, paused 6ms, total 6ms
I/System.out( 3512): Loading ruleset - 470ms
D/dalvikvm( 3512): GC_FOR_ALLOC freed 538K, 15% free 4658K/5476K, paused 3ms, total 3ms
D/dalvikvm( 3512): GC_FOR_ALLOC freed 558K, 15% free 4658K/5476K, paused 3ms, total 3ms
I/dalvikvm( 3512): Could not find method java.util.HashMap.getOrDefault, referenced from method com.unciv.models.translations.TranslationEntry.getOrDefault
W/dalvikvm( 3512): VFY: unable to resolve virtual method 35193: Ljava/util/HashMap;.getOrDefault (Ljava/lang/Object;Ljava/lang/Object;)Ljava/lang/Object;
D/dalvikvm( 3512): VFY: replacing opcode 0x6f at 0x0000
I/dalvikvm( 3512): Could not find method java.util.HashMap.remove, referenced from method com.unciv.models.translations.TranslationEntry.remove
W/dalvikvm( 3512): VFY: unable to resolve virtual method 35199: Ljava/util/HashMap;.remove (Ljava/lang/Object;Ljava/lang/Object;)Z
D/dalvikvm( 3512): VFY: replacing opcode 0x6f at 0x0000
I/System.out( 3512): Loading percent complete of languages - 2ms
D/dalvikvm( 3512): GC_FOR_ALLOC freed 498K, 14% free 4716K/5476K, paused 3ms, total 3ms
I/System.out( 3512): TileSetConfig loaded successfully: FantasyHex.json
D/dalvikvm( 3512): GC_FOR_ALLOC freed 241K, 13% free 4816K/5476K, paused 5ms, total 5ms
D/dalvikvm( 3512): GC_FOR_ALLOC freed 319K, 12% free 4948K/5612K, paused 4ms, total 4ms
D/dalvikvm( 3512): GC_FOR_ALLOC freed 573K, 14% free 5028K/5788K, paused 3ms, total 3ms
I/AndroidRipper( 3512): [RipperTestCase] Ready to operate after restarting...
I/System.out( 3512): Sound cache cleared
I/System.out( 3512): Sound click loaded from sounds/click.mp3
D/dalvikvm( 1567): GC_EXPLICIT freed 431K, 43% free 9206K/16104K, paused 1ms+1ms, total 12ms
D/dalvikvm( 3512): GC_FOR_ALLOC freed 615K, 14% free 5095K/5896K, paused 4ms, total 4ms
D/dalvikvm( 3512): GC_FOR_ALLOC freed 703K, 15% free 5093K/5984K, paused 3ms, total 3ms
D/dalvikvm( 3512): GC_FOR_ALLOC freed 678K, 15% free 5119K/5984K, paused 4ms, total 4ms
I/System.out( 3512): Mountainlike generation for Mountain
I/System.out( 3512): Hill-like generation for Hill
D/dalvikvm( 3512): GC_FOR_ALLOC freed 499K, 12% free 5331K/6016K, paused 3ms, total 3ms
D/dalvikvm( 3512): GC_FOR_ALLOC freed 741K, 15% free 5373K/6300K, paused 4ms, total 4ms
D/dalvikvm( 3512): GC_FOR_ALLOC freed 788K, 16% free 5377K/6356K, paused 4ms, total 4ms
I/System.out( 3512): Natural Wonders for this game: [Barringer Crater]
D/dalvikvm( 3512): GC_FOR_ALLOC freed 783K, 16% free 5391K/6360K, paused 3ms, total 3ms
D/dalvikvm( 3512): GC_FOR_ALLOC freed 789K, 16% free 5392K/6380K, paused 4ms, total 4ms
D/dalvikvm( 3512): GC_FOR_ALLOC freed 741K, 16% free 5393K/6380K, paused 4ms, total 4ms
D/dalvikvm( 3512): GC_FOR_ALLOC freed 676K, 16% free 5392K/6384K, paused 3ms, total 3ms
D/dalvikvm( 3512): GC_FOR_ALLOC freed 259K, 8% free 5935K/6384K, paused 4ms, total 4ms
D/dalvikvm( 2730): GC_FOR_ALLOC freed 294K, 14% free 3211K/3692K, paused 2ms, total 2ms
D/dalvikvm( 3512): GC_FOR_ALLOC freed 51K, 4% free 6866K/7104K, paused 6ms, total 6ms
D/dalvikvm( 3512): GC_FOR_ALLOC freed 68K, 4% free 8094K/8348K, paused 6ms, total 6ms
D/dalvikvm( 3512): GC_FOR_ALLOC freed 89K, 3% free 9708K/9984K, paused 6ms, total 6ms
D/dalvikvm( 3512): GC_FOR_ALLOC freed 108K, 3% free 11650K/11944K, paused 6ms, total 6ms
D/dalvikvm( 3512): GC_FOR_ALLOC freed 749K, 7% free 12949K/13884K, paused 8ms, total 8ms
D/dalvikvm( 3512): GC_FOR_ALLOC freed 1462K, 11% free 13536K/15184K, paused 9ms, total 9ms
I/System.out( 3512): Mountainlike generation for Mountain
I/System.out( 3512): Hill-like generation for Hill
D/dalvikvm( 3512): GC_FOR_ALLOC freed 1381K, 10% free 14205K/15772K, paused 9ms, total 9ms
E/dalvikvm( 3512): JIT code cache full
D/dalvikvm( 3512): JIT code cache reset in 0 ms (523264 bytes 1/0)
D/dalvikvm( 3512): GC_FOR_ALLOC freed 1981K, 14% free 14272K/16440K, paused 9ms, total 9ms
I/System.out( 3512): Natural Wonders for this game: [Mount Fuji, Grand Mesa]
D/dalvikvm( 3512): GC_FOR_ALLOC freed 2031K, 14% free 14291K/16508K, paused 9ms, total 9ms
D/dalvikvm( 3512): GC_FOR_ALLOC freed 2036K, 14% free 14284K/16524K, paused 9ms, total 9ms
I/dalvikvm( 3512): Could not find method java.util.HashMap.getOrDefault, referenced from method com.unciv.models.ruleset.UniqueMap.getOrDefault
W/dalvikvm( 3512): VFY: unable to resolve virtual method 35193: Ljava/util/HashMap;.getOrDefault (Ljava/lang/Object;Ljava/lang/Object;)Ljava/lang/Object;
D/dalvikvm( 3512): VFY: replacing opcode 0x6f at 0x0000
I/dalvikvm( 3512): Could not find method java.util.HashMap.remove, referenced from method com.unciv.models.ruleset.UniqueMap.remove
W/dalvikvm( 3512): VFY: unable to resolve virtual method 35199: Ljava/util/HashMap;.remove (Ljava/lang/Object;Ljava/lang/Object;)Z
D/dalvikvm( 3512): VFY: replacing opcode 0x6f at 0x0000
D/dalvikvm( 3512): GC_FOR_ALLOC freed 1976K, 14% free 14356K/16524K, paused 10ms, total 10ms
D/dalvikvm( 3512): GC_FOR_ALLOC freed 2022K, 14% free 14383K/16592K, paused 10ms, total 10ms
D/dalvikvm( 3512): GC_FOR_ALLOC freed 2051K, 14% free 14383K/16620K, paused 9ms, total 9ms
D/dalvikvm( 3512): GC_FOR_ALLOC freed 2026K, 14% free 14404K/16620K, paused 13ms, total 13ms
D/dalvikvm( 3512): GC_FOR_ALLOC freed 2025K, 14% free 14428K/16640K, paused 10ms, total 10ms
D/dalvikvm( 3512): GC_FOR_ALLOC freed 1866K, 14% free 14480K/16664K, paused 9ms, total 9ms
D/dalvikvm( 3512): GC_FOR_ALLOC freed 784K, 14% free 14481K/16712K, paused 8ms, total 8ms
D/dalvikvm( 3512): GC_FOR_ALLOC freed 1579K, 14% free 14475K/16712K, paused 9ms, total 9ms
