I/PackageManager( 1567): Running dexopt on: it.unina.android.ripper_service
W/linker  ( 3805): libdvm.so has text relocations. This is wasting memory and is a security risk. Please fix.
D/dalvikvm( 3805): DexOpt: load 4ms, verify+opt 21ms, 1117628 bytes
I/ActivityManager( 1567): Force stopping it.unina.android.ripper_service appid=10062 user=-1: update pkg
D/dalvikvm( 2677): GC_FOR_ALLOC freed 269K, 16% free 3450K/4076K, paused 1ms, total 1ms
I/InputReader( 1567): Reconfiguring input devices.  changes=0x00000010
D/Documents( 3318): Used cached roots for com.android.providers.downloads.documents
D/Documents( 3318): Used cached roots for com.android.externalstorage.documents
D/Documents( 3318): Used cached roots for com.android.providers.media.documents
D/Documents( 3318): Update found 6 roots in 1ms
I/PackageManager( 1567):   Action: "android.intent.action.SENDTO"
I/PackageManager( 1567):   Category: "android.intent.category.DEFAULT"
I/PackageManager( 1567):   Scheme: "sms"
W/Launcher.Model( 2677): Nobody to tell about the new app.  Launcher is probably loading.
D/dalvikvm( 1972): GC_FOR_ALLOC freed 21137K, 53% free 13235K/27860K, paused 2ms, total 10ms
D/dalvikvm( 1809): GC_FOR_ALLOC freed 469K, 18% free 3603K/4372K, paused 1ms, total 1ms
I/PackageManager( 1567): Adding preferred activity ComponentInfo{com.android.mms/com.android.mms.ui.ComposeMessageActivity} for user 0 :
D/dalvikvm( 1567): GC_EXPLICIT freed 1451K, 47% free 8622K/16104K, paused 1ms+1ms, total 28ms
D/dalvikvm( 1567): WAIT_FOR_CONCURRENT_GC blocked 8ms
D/dalvikvm( 1567): WAIT_FOR_CONCURRENT_GC blocked 10ms
D/dalvikvm( 1567): WAIT_FOR_CONCURRENT_GC blocked 12ms
D/dalvikvm( 1567): WAIT_FOR_CONCURRENT_GC blocked 9ms
I/PackageManager( 1567):   Action: "android.intent.action.SENDTO"
I/PackageManager( 1567):   Category: "android.intent.category.DEFAULT"
I/PackageManager( 1567):   Scheme: "smsto"
W/GCM     ( 1787): Unexpected forwarded intent: Intent { act=android.intent.action.PACKAGE_ADDED dat=package:it.unina.android.ripper_service flg=0x4000010 cmp=com.google.android.gms/.chimera.PersistentIntentOperationService (has extras) }
W/GCM     ( 1787): Unexpected forwarded intent: Intent { act=android.intent.action.PACKAGE_ADDED dat=package:it.unina.android.ripper_service flg=0x4000010 cmp=com.google.android.gms/.chimera.PersistentIntentOperationService (has extras) }
D/AndroidRuntime( 3794): Shutting down VM
D/jdwp    ( 3794): Got wake-up signal, bailing out of select
D/dalvikvm( 3794): Debugger has detached; object registry had 1 entries
I/PackageManager( 1567): Adding preferred activity ComponentInfo{com.android.mms/com.android.mms.ui.ComposeMessageActivity} for user 0 :
I/Auth    ( 2159): [SupervisedAccountIntentOperation] onHandleIntent(): android.intent.action.PACKAGE_ADDED
I/ChromeSync( 2159): [Sync,SyncIntentOperation] Handling the intent: Intent { act=android.intent.action.PACKAGE_ADDED dat=package:it.unina.android.ripper_service flg=0x4000010 cmp=com.google.android.gms/.chimera.GmsIntentOperationService (has extras) }.
I/FontLog ( 2159): Package it.unina.android.ripper_service has no metadata [CONTEXT service_id=132 ]
D/BackupManagerService( 1567): Received broadcast Intent { act=android.intent.action.PACKAGE_ADDED dat=package:it.unina.android.ripper_service flg=0x4000010 (has extras) }
V/BackupManagerService( 1567): addPackageParticipantsLocked: #1
I/PackageManager( 1567):   Action: "android.intent.action.SENDTO"
I/PackageManager( 1567):   Category: "android.intent.category.DEFAULT"
I/PackageManager( 1567):   Scheme: "mms"
I/PackageManager( 1567): Adding preferred activity ComponentInfo{com.android.mms/com.android.mms.ui.ComposeMessageActivity} for user 0 :
I/PackageManager( 1567):   Action: "android.intent.action.SENDTO"
I/PackageManager( 1567):   Category: "android.intent.category.DEFAULT"
I/PackageManager( 1567):   Scheme: "mmsto"
I/ChromeSync( 2159): [Persistence,AffiliationManager] One of affiliation or grouping data for android://KSmUCdTXmQS-j9D_O8l1jvyu41Pjn2mc5cb0Gvx1e9H1Aj4JCzHs_uTW26nbtH65K-YfijtBsQxGp-8R6k6HFg==@it.unina.android.ripper_service/ was not found. Marking affiliation data as stale...
W/ActivityManager( 1567): Unable to start service Intent { act=com.google.android.gms.auth.key.retrieval.service.START pkg=com.google.android.gms } U=0: not found
I/PackageManager( 1567): Adding preferred activity ComponentInfo{com.android.mms/com.android.mms.ui.ComposeMessageActivity} for user 0 :
W/ActivityManager( 1567): Unbind failed: could not find connection for android.os.BinderProxy@9d5f1f30
E/GmsClient( 2159): unable to connect to service: com.google.android.gms.auth.key.retrieval.service.START on com.google.android.gms
I/PackageManager( 1567):   Action: "android.intent.action.SENDTO"
I/PackageManager( 1567):   Category: "android.intent.category.DEFAULT"
I/PackageManager( 1567):   Scheme: "sms"
I/Icing.InternalIcingCorporaProvider( 2466): Updating corpora: A: it.unina.android.ripper_service, C: MAYBE
I/PackageManager( 1567): Adding preferred activity ComponentInfo{com.android.mms/com.android.mms.ui.ComposeMessageActivity} for user 0 :
D/dalvikvm( 1809): GC_FOR_ALLOC freed 399K, 17% free 3669K/4372K, paused 2ms, total 3ms
I/PackageManager( 1567):   Action: "android.intent.action.SENDTO"
I/PackageManager( 1567):   Category: "android.intent.category.DEFAULT"
I/PackageManager( 1567):   Scheme: "smsto"
I/PackageManager( 1567): Adding preferred activity ComponentInfo{com.android.mms/com.android.mms.ui.ComposeMessageActivity} for user 0 :
I/PackageManager( 1567):   Action: "android.intent.action.SENDTO"
I/PackageManager( 1567):   Category: "android.intent.category.DEFAULT"
I/PackageManager( 1567):   Scheme: "mms"
I/PackageManager( 1567): Adding preferred activity ComponentInfo{com.android.mms/com.android.mms.ui.ComposeMessageActivity} for user 0 :
I/PackageManager( 1567):   Action: "android.intent.action.SENDTO"
I/PackageManager( 1567):   Category: "android.intent.category.DEFAULT"
I/PackageManager( 1567):   Scheme: "mmsto"
I/PackageManager( 1567): Adding preferred activity ComponentInfo{com.android.mms/com.android.mms.ui.ComposeMessageActivity} for user 0 :
I/Icing   ( 2159): Indexing com.google.android.gms-apps from com.google.android.gms
I/Icing   ( 2159): Indexing done com.google.android.gms-apps
I/Icing   ( 2159): Indexing com.google.android.gms-internal.3p:MobileApplication from com.google.android.gms
I/Icing   ( 2159): IndexChimeraService.getServiceInterface callingPackage=com.google.android.googlequicksearchbox componentName=null serviceId=21
D/dalvikvm( 2159): GC_FOR_ALLOC freed 1981K, 13% free 21470K/24416K, paused 17ms, total 17ms
W/Icing   ( 2159): No valid account for uploading user actions
I/Icing   ( 2159): Usage reports ok 0, Failed Usage reports 0, indexed 0, rejected 0
I/Icing   ( 2159): Indexing done com.google.android.gms-internal.3p:MobileApplication
I/Icing   ( 2159): Indexing com.google.android.googlequicksearchbox-applications from com.google.android.googlequicksearchbox
I/Icing   ( 2159): Indexing done com.google.android.googlequicksearchbox-applications
D/AndroidRuntime( 3815): 
D/AndroidRuntime( 3815): >>>>>> AndroidRuntime START com.android.internal.os.RuntimeInit <<<<<<
W/linker  ( 3815): libdvm.so has text relocations. This is wasting memory and is a security risk. Please fix.
D/AndroidRuntime( 3815): CheckJNI is ON
D/dalvikvm( 3815): Trying to load lib libjavacore.so 0x0
D/dalvikvm( 3815): Added shared lib libjavacore.so 0x0
D/dalvikvm( 3815): Trying to load lib libnativehelper.so 0x0
D/dalvikvm( 3815): Added shared lib libnativehelper.so 0x0
D/dalvikvm( 3815): No JNI_OnLoad found in libnativehelper.so 0x0, skipping init
D/dalvikvm( 3815): Note: class Landroid/app/ActivityManagerNative; has 179 unimplemented (abstract) methods
E/memtrack( 3815): Couldn't load memtrack module (No such file or directory)
E/android.os.Debug( 3815): failed to load memtrack module: -2
D/AndroidRuntime( 3815): Calling main entry com.android.commands.pm.Pm
D/AndroidRuntime( 3815): Shutting down VM
D/jdwp    ( 3815): Got wake-up signal, bailing out of select
D/dalvikvm( 3815): Debugger has detached; object registry had 1 entries
D/AndroidRuntime( 3826): 
D/AndroidRuntime( 3826): >>>>>> AndroidRuntime START com.android.internal.os.RuntimeInit <<<<<<
W/linker  ( 3826): libdvm.so has text relocations. This is wasting memory and is a security risk. Please fix.
D/AndroidRuntime( 3826): CheckJNI is ON
D/dalvikvm( 3826): Trying to load lib libjavacore.so 0x0
D/dalvikvm( 3826): Added shared lib libjavacore.so 0x0
D/dalvikvm( 3826): Trying to load lib libnativehelper.so 0x0
D/dalvikvm( 3826): Added shared lib libnativehelper.so 0x0
D/dalvikvm( 3826): No JNI_OnLoad found in libnativehelper.so 0x0, skipping init
D/dalvikvm( 3826): Note: class Landroid/app/ActivityManagerNative; has 179 unimplemented (abstract) methods
E/memtrack( 3826): Couldn't load memtrack module (No such file or directory)
E/android.os.Debug( 3826): failed to load memtrack module: -2
D/AndroidRuntime( 3826): Calling main entry com.android.commands.pm.Pm
D/AndroidRuntime( 3826): Shutting down VM
D/jdwp    ( 3826): Got wake-up signal, bailing out of select
D/dalvikvm( 3826): Debugger has detached; object registry had 1 entries
D/AndroidRuntime( 3837): 
D/AndroidRuntime( 3837): >>>>>> AndroidRuntime START com.android.internal.os.RuntimeInit <<<<<<
W/linker  ( 3837): libdvm.so has text relocations. This is wasting memory and is a security risk. Please fix.
D/AndroidRuntime( 3837): CheckJNI is ON
D/dalvikvm( 3837): Trying to load lib libjavacore.so 0x0
D/dalvikvm( 3837): Added shared lib libjavacore.so 0x0
D/dalvikvm( 3837): Trying to load lib libnativehelper.so 0x0
D/dalvikvm( 3837): Added shared lib libnativehelper.so 0x0
D/dalvikvm( 3837): No JNI_OnLoad found in libnativehelper.so 0x0, skipping init
D/dalvikvm( 3837): Note: class Landroid/app/ActivityManagerNative; has 179 unimplemented (abstract) methods
E/memtrack( 3837): Couldn't load memtrack module (No such file or directory)
E/android.os.Debug( 3837): failed to load memtrack module: -2
D/AndroidRuntime( 3837): Calling main entry com.android.commands.am.Am
D/AndroidRuntime( 3837): Shutting down VM
D/jdwp    ( 3837): Got wake-up signal, bailing out of select
D/dalvikvm( 3837): Debugger has detached; object registry had 1 entries
I/ActivityManager( 1567): Start proc it.unina.android.ripper_service:android_ripper_service_process for service it.unina.android.ripper_service/.AndroidRipperService: pid=3848 uid=10062 gids={50062, 3003, 1028, 1015}
V/AndroidRipperService( 3848): onCreate()
V/SERVER  ( 3848): Starting ServerSocket on PORT 18888
V/SERVER  ( 3848): Started ServerSocket on PORT 18888
V/SERVER  ( 3848): Ready to accept connections on port: 18888
D/AndroidRuntime( 3863): 
D/AndroidRuntime( 3863): >>>>>> AndroidRuntime START com.android.internal.os.RuntimeInit <<<<<<
W/linker  ( 3863): libdvm.so has text relocations. This is wasting memory and is a security risk. Please fix.
D/AndroidRuntime( 3863): CheckJNI is ON
D/dalvikvm( 3863): Trying to load lib libjavacore.so 0x0
D/dalvikvm( 3863): Added shared lib libjavacore.so 0x0
D/dalvikvm( 3863): Trying to load lib libnativehelper.so 0x0
D/dalvikvm( 3863): Added shared lib libnativehelper.so 0x0
D/dalvikvm( 3863): No JNI_OnLoad found in libnativehelper.so 0x0, skipping init
D/dalvikvm( 3863): Note: class Landroid/app/ActivityManagerNative; has 179 unimplemented (abstract) methods
E/memtrack( 3863): Couldn't load memtrack module (No such file or directory)
E/android.os.Debug( 3863): failed to load memtrack module: -2
D/AndroidRuntime( 3863): Calling main entry com.android.commands.input.Input
I/Input   ( 3863): injectKeyEvent: KeyEvent { action=ACTION_DOWN, keyCode=KEYCODE_MENU, scanCode=0, metaState=0, flags=0x0, repeatCount=0, eventTime=136748, downTime=136748, deviceId=-1, source=0x101 }
I/Input   ( 3863): injectKeyEvent: KeyEvent { action=ACTION_UP, keyCode=KEYCODE_MENU, scanCode=0, metaState=0, flags=0x0, repeatCount=0, eventTime=136748, downTime=136748, deviceId=-1, source=0x101 }
D/AndroidRuntime( 3863): Shutting down VM
D/dalvikvm( 3863): GC_CONCURRENT freed 96K, 15% free 554K/652K, paused 1ms+0ms, total 1ms
E/SoundPool( 1567): error loading /system/media/audio/ui/Effect_Tick.ogg
W/AudioService( 1567): Soundpool could not load file: /system/media/audio/ui/Effect_Tick.ogg
E/SoundPool( 1567): error loading /system/media/audio/ui/Effect_Tick.ogg
W/AudioService( 1567): Soundpool could not load file: /system/media/audio/ui/Effect_Tick.ogg
E/SoundPool( 1567): error loading /system/media/audio/ui/Effect_Tick.ogg
W/AudioService( 1567): Soundpool could not load file: /system/media/audio/ui/Effect_Tick.ogg
E/SoundPool( 1567): error loading /system/media/audio/ui/Effect_Tick.ogg
W/AudioService( 1567): Soundpool could not load file: /system/media/audio/ui/Effect_Tick.ogg
E/SoundPool( 1567): error loading /system/media/audio/ui/Effect_Tick.ogg
W/AudioService( 1567): Soundpool could not load file: /system/media/audio/ui/Effect_Tick.ogg
E/SoundPool( 1567): error loading /system/media/audio/ui/KeypressStandard.ogg
W/AudioService( 1567): Soundpool could not load file: /system/media/audio/ui/KeypressStandard.ogg
E/SoundPool( 1567): error loading /system/media/audio/ui/KeypressSpacebar.ogg
W/AudioService( 1567): Soundpool could not load file: /system/media/audio/ui/KeypressSpacebar.ogg
E/SoundPool( 1567): error loading /system/media/audio/ui/KeypressDelete.ogg
W/AudioService( 1567): Soundpool could not load file: /system/media/audio/ui/KeypressDelete.ogg
E/SoundPool( 1567): error loading /system/media/audio/ui/KeypressReturn.ogg
W/AudioService( 1567): Soundpool could not load file: /system/media/audio/ui/KeypressReturn.ogg
E/SoundPool( 1567): error loading /system/media/audio/ui/KeypressInvalid.ogg
W/AudioService( 1567): Soundpool could not load file: /system/media/audio/ui/KeypressInvalid.ogg
W/AudioService( 1567): onLoadSoundEffects(), Error -1 while loading samples
D/EGL_emulation( 1972): eglMakeCurrent: 0xb823d6b0: ver 3 0
E/EGL_emulation( 1972): tid 1972: eglSurfaceAttrib(1199): error 0x3009 (EGL_BAD_MATCH)
W/HardwareRenderer( 1972): Backbuffer cannot be preserved
D/AndroidRuntime( 3881): 
D/AndroidRuntime( 3881): >>>>>> AndroidRuntime START com.android.internal.os.RuntimeInit <<<<<<
W/linker  ( 3881): libdvm.so has text relocations. This is wasting memory and is a security risk. Please fix.
D/AndroidRuntime( 3881): CheckJNI is ON
D/dalvikvm( 3881): Trying to load lib libjavacore.so 0x0
D/dalvikvm( 3881): Added shared lib libjavacore.so 0x0
D/dalvikvm( 3881): Trying to load lib libnativehelper.so 0x0
D/dalvikvm( 3881): Added shared lib libnativehelper.so 0x0
D/dalvikvm( 3881): No JNI_OnLoad found in libnativehelper.so 0x0, skipping init
D/dalvikvm( 3881): Note: class Landroid/app/ActivityManagerNative; has 179 unimplemented (abstract) methods
E/memtrack( 3881): Couldn't load memtrack module (No such file or directory)
E/android.os.Debug( 3881): failed to load memtrack module: -2
D/AndroidRuntime( 3881): Calling main entry com.android.commands.pm.Pm
W/ActivityManager( 1567): No content provider found for permission revoke: file:///sdcard/aut.apk
W/ActivityManager( 1567): No content provider found for permission revoke: file:///sdcard/aut.apk
I/PackageManager( 1567): Copying native libraries to /data/app-lib/vmdl1213485724
D/dalvikvm( 1567): GC_FOR_ALLOC freed 1436K, 47% free 8595K/16104K, paused 7ms, total 7ms
D/dalvikvm( 1567): GC_FOR_ALLOC freed 986K, 45% free 9013K/16104K, paused 6ms, total 6ms
D/dalvikvm( 1567): GC_FOR_ALLOC freed 1001K, 41% free 9519K/16104K, paused 8ms, total 8ms
D/dalvikvm( 1567): GC_FOR_ALLOC freed 1601K, 41% free 9551K/16104K, paused 7ms, total 7ms
D/dalvikvm( 1567): GC_FOR_ALLOC freed 1628K, 41% free 9560K/16104K, paused 8ms, total 8ms
D/dalvikvm( 1567): GC_FOR_ALLOC freed 1635K, 41% free 9572K/16104K, paused 8ms, total 8ms
D/dalvikvm( 1567): GC_FOR_ALLOC freed 1638K, 41% free 9582K/16104K, paused 7ms, total 7ms
I/PackageManager( 1567): Running dexopt on: de.stefan_oltmann.kaesekaestchen
W/linker  ( 3892): libdvm.so has text relocations. This is wasting memory and is a security risk. Please fix.
I/dalvikvm( 3892): DexOpt: illegal method access (call Landroid/widget/TextView;.getTextDirectionHeuristic ()Landroid/text/TextDirectionHeuristic; from Lh/b/h/a0$b;)
D/dalvikvm( 3892): DexOpt: load 15ms, verify+opt 60ms, 2068308 bytes
I/ActivityManager( 1567): Force stopping de.stefan_oltmann.kaesekaestchen appid=10063 user=-1: update pkg
W/Launcher.Model( 2677): Nobody to tell about the new app.  Launcher is probably loading.
D/Documents( 3318): Used cached roots for com.android.providers.downloads.documents
D/Documents( 3318): Used cached roots for com.android.externalstorage.documents
D/Documents( 3318): Used cached roots for com.android.providers.media.documents
D/Documents( 3318): Update found 6 roots in 5ms
I/PackageManager( 1567):   Action: "android.intent.action.SENDTO"
I/PackageManager( 1567):   Category: "android.intent.category.DEFAULT"
I/PackageManager( 1567):   Scheme: "sms"
I/InputReader( 1567): Reconfiguring input devices.  changes=0x00000010
D/dalvikvm( 1809): GC_FOR_ALLOC freed 470K, 18% free 3604K/4372K, paused 2ms, total 2ms
I/PackageManager( 1567): Adding preferred activity ComponentInfo{com.android.mms/com.android.mms.ui.ComposeMessageActivity} for user 0 :
D/BackupManagerService( 1567): Received broadcast Intent { act=android.intent.action.PACKAGE_ADDED dat=package:de.stefan_oltmann.kaesekaestchen flg=0x4000010 (has extras) }
V/BackupManagerService( 1567): addPackageParticipantsLocked: #1
I/PackageManager( 1567):   Action: "android.intent.action.SENDTO"
I/PackageManager( 1567):   Category: "android.intent.category.DEFAULT"
I/PackageManager( 1567):   Scheme: "smsto"
I/PackageManager( 1567):   Action: "android.intent.action.SENDTO"
I/PackageManager( 1567):   Category: "android.intent.category.DEFAULT"
I/PackageManager( 1567):   Scheme: "mms"
I/PackageManager( 1567): Adding preferred activity ComponentInfo{com.android.mms/com.android.mms.ui.ComposeMessageActivity} for user 0 :
I/PackageManager( 1567): Adding preferred activity ComponentInfo{com.android.mms/com.android.mms.ui.ComposeMessageActivity} for user 0 :
W/GCM     ( 1787): Unexpected forwarded intent: Intent { act=android.intent.action.PACKAGE_ADDED dat=package:de.stefan_oltmann.kaesekaestchen flg=0x4000010 cmp=com.google.android.gms/.chimera.PersistentIntentOperationService (has extras) }
W/GCM     ( 1787): Unexpected forwarded intent: Intent { act=android.intent.action.PACKAGE_ADDED dat=package:de.stefan_oltmann.kaesekaestchen flg=0x4000010 cmp=com.google.android.gms/.chimera.PersistentIntentOperationService (has extras) }
D/dalvikvm( 1567): GC_EXPLICIT freed 1610K, 41% free 9624K/16104K, paused 5ms+5ms, total 61ms
D/dalvikvm( 1567): WAIT_FOR_CONCURRENT_GC blocked 11ms
D/AndroidRuntime( 3881): Shutting down VM
D/dalvikvm( 1567): WAIT_FOR_CONCURRENT_GC blocked 18ms
D/dalvikvm( 3881): GC_CONCURRENT freed 93K, 15% free 552K/648K, paused 0ms+0ms, total 0ms
I/PackageManager( 1567):   Action: "android.intent.action.SENDTO"
I/PackageManager( 1567):   Category: "android.intent.category.DEFAULT"
I/PackageManager( 1567):   Scheme: "mmsto"
I/PackageManager( 1567): Adding preferred activity ComponentInfo{com.android.mms/com.android.mms.ui.ComposeMessageActivity} for user 0 :
I/Auth    ( 2159): [SupervisedAccountIntentOperation] onHandleIntent(): android.intent.action.PACKAGE_ADDED
I/ChromeSync( 2159): [Sync,SyncIntentOperation] Handling the intent: Intent { act=android.intent.action.PACKAGE_ADDED dat=package:de.stefan_oltmann.kaesekaestchen flg=0x4000010 cmp=com.google.android.gms/.chimera.GmsIntentOperationService (has extras) }.
I/PackageManager( 1567):   Action: "android.intent.action.SENDTO"
I/PackageManager( 1567):   Category: "android.intent.category.DEFAULT"
I/PackageManager( 1567):   Scheme: "sms"
W/ActivityManager( 1567): Unable to start service Intent { act=com.google.android.gms.auth.key.retrieval.service.START pkg=com.google.android.gms } U=0: not found
I/PackageManager( 1567): Adding preferred activity ComponentInfo{com.android.mms/com.android.mms.ui.ComposeMessageActivity} for user 0 :
I/Icing.InternalIcingCorporaProvider( 2466): Updating corpora: A: de.stefan_oltmann.kaesekaestchen, C: MAYBE
I/FontLog ( 2159): Package de.stefan_oltmann.kaesekaestchen has no metadata [CONTEXT service_id=132 ]
D/dalvikvm( 1809): GC_FOR_ALLOC freed 400K, 17% free 3669K/4372K, paused 2ms, total 4ms
I/PackageManager( 1567):   Action: "android.intent.action.SENDTO"
I/PackageManager( 1567):   Category: "android.intent.category.DEFAULT"
I/PackageManager( 1567):   Scheme: "smsto"
E/GmsClient( 2159): unable to connect to service: com.google.android.gms.auth.key.retrieval.service.START on com.google.android.gms
W/ActivityManager( 1567): Unbind failed: could not find connection for android.os.BinderProxy@9d860ca0
I/PackageManager( 1567): Adding preferred activity ComponentInfo{com.android.mms/com.android.mms.ui.ComposeMessageActivity} for user 0 :
I/ChromeSync( 2159): [Persistence,AffiliationManager] One of affiliation or grouping data for android://KSmUCdTXmQS-j9D_O8l1jvyu41Pjn2mc5cb0Gvx1e9H1Aj4JCzHs_uTW26nbtH65K-YfijtBsQxGp-8R6k6HFg==@de.stefan_oltmann.kaesekaestchen/ was not found. Marking affiliation data as stale...
I/PackageManager( 1567):   Action: "android.intent.action.SENDTO"
I/PackageManager( 1567):   Category: "android.intent.category.DEFAULT"
I/PackageManager( 1567):   Scheme: "mms"
I/PackageManager( 1567): Adding preferred activity ComponentInfo{com.android.mms/com.android.mms.ui.ComposeMessageActivity} for user 0 :
I/PackageManager( 1567):   Action: "android.intent.action.SENDTO"
I/PackageManager( 1567):   Category: "android.intent.category.DEFAULT"
I/PackageManager( 1567):   Scheme: "mmsto"
I/PackageManager( 1567): Adding preferred activity ComponentInfo{com.android.mms/com.android.mms.ui.ComposeMessageActivity} for user 0 :
I/Icing   ( 2159): IndexChimeraService.getServiceInterface callingPackage=com.google.android.googlequicksearchbox componentName=null serviceId=21
W/Icing   ( 2159): No valid account for uploading user actions
I/Icing   ( 2159): Usage reports ok 0, Failed Usage reports 0, indexed 0, rejected 0
I/Icing   ( 2159): Indexing com.google.android.gms-apps from com.google.android.gms
D/dalvikvm( 2466): GC_FOR_ALLOC freed 500K, 19% free 3438K/4200K, paused 5ms, total 5ms
I/Icing   ( 2159): Indexing done com.google.android.gms-apps
I/Icing   ( 2159): Indexing com.google.android.gms-internal.3p:MobileApplication from com.google.android.gms
D/EGL_emulation( 1972): eglMakeCurrent: 0xb823d6b0: ver 3 0
I/Icing   ( 2159): Indexing com.google.android.googlequicksearchbox-applications from com.google.android.googlequicksearchbox
I/Icing   ( 2159): Indexing done com.google.android.gms-internal.3p:MobileApplication
I/Icing   ( 2159): Indexing done com.google.android.googlequicksearchbox-applications
D/AndroidRuntime( 3899): 
D/AndroidRuntime( 3899): >>>>>> AndroidRuntime START com.android.internal.os.RuntimeInit <<<<<<
W/linker  ( 3899): libdvm.so has text relocations. This is wasting memory and is a security risk. Please fix.
D/AndroidRuntime( 3899): CheckJNI is ON
D/dalvikvm( 3899): Trying to load lib libjavacore.so 0x0
D/dalvikvm( 3899): Added shared lib libjavacore.so 0x0
D/dalvikvm( 3899): Trying to load lib libnativehelper.so 0x0
D/dalvikvm( 3899): Added shared lib libnativehelper.so 0x0
D/dalvikvm( 3899): No JNI_OnLoad found in libnativehelper.so 0x0, skipping init
D/dalvikvm( 3899): Note: class Landroid/app/ActivityManagerNative; has 179 unimplemented (abstract) methods
E/memtrack( 3899): Couldn't load memtrack module (No such file or directory)
E/android.os.Debug( 3899): failed to load memtrack module: -2
D/AndroidRuntime( 3899): Calling main entry com.android.commands.pm.Pm
W/ActivityManager( 1567): No content provider found for permission revoke: file:///sdcard/ripper.apk
W/ActivityManager( 1567): No content provider found for permission revoke: file:///sdcard/ripper.apk
I/PackageManager( 1567): Copying native libraries to /data/app-lib/vmdl-1203529415
I/PackageParser( 1567): it.unina.android.ripper: compat added android.permission.WRITE_EXTERNAL_STORAGE android.permission.READ_PHONE_STATE
I/PackageManager( 1567): Running dexopt on: it.unina.android.ripper
W/linker  ( 3910): libdvm.so has text relocations. This is wasting memory and is a security risk. Please fix.
D/EGL_emulation( 1972): eglMakeCurrent: 0xb823d6b0: ver 3 0
D/dalvikvm( 3910): DexOpt: load 2ms, verify+opt 18ms, 936700 bytes
I/ActivityManager( 1567): Force stopping it.unina.android.ripper appid=10064 user=-1: update pkg
D/dalvikvm( 1567): GC_FOR_ALLOC freed 2680K, 47% free 8606K/16104K, paused 10ms, total 10ms
W/Launcher.Model( 2677): Nobody to tell about the new app.  Launcher is probably loading.
I/InputReader( 1567): Reconfiguring input devices.  changes=0x00000010
D/dalvikvm( 1869): GC_FOR_ALLOC freed 513K, 18% free 3388K/4088K, paused 2ms, total 2ms
I/PackageManager( 1567):   Action: "android.intent.action.SENDTO"
I/PackageManager( 1567):   Category: "android.intent.category.DEFAULT"
I/PackageManager( 1567):   Scheme: "sms"
D/Documents( 3318): Used cached roots for com.android.providers.downloads.documents
D/Documents( 3318): Used cached roots for com.android.externalstorage.documents
D/Documents( 3318): Used cached roots for com.android.providers.media.documents
D/Documents( 3318): Update found 6 roots in 13ms
I/PackageManager( 1567): Adding preferred activity ComponentInfo{com.android.mms/com.android.mms.ui.ComposeMessageActivity} for user 0 :
D/dalvikvm( 1809): GC_FOR_ALLOC freed 468K, 18% free 3603K/4372K, paused 2ms, total 2ms
I/PackageManager( 1567):   Action: "android.intent.action.SENDTO"
I/PackageManager( 1567):   Category: "android.intent.category.DEFAULT"
I/PackageManager( 1567):   Scheme: "smsto"
I/PackageManager( 1567): Adding preferred activity ComponentInfo{com.android.mms/com.android.mms.ui.ComposeMessageActivity} for user 0 :
I/PackageManager( 1567):   Action: "android.intent.action.SENDTO"
I/PackageManager( 1567):   Category: "android.intent.category.DEFAULT"
I/PackageManager( 1567):   Scheme: "mms"
I/PackageManager( 1567): Adding preferred activity ComponentInfo{com.android.mms/com.android.mms.ui.ComposeMessageActivity} for user 0 :
W/GCM     ( 1787): Unexpected forwarded intent: Intent { act=android.intent.action.PACKAGE_ADDED dat=package:it.unina.android.ripper flg=0x4000010 cmp=com.google.android.gms/.chimera.PersistentIntentOperationService (has extras) }
W/GCM     ( 1787): Unexpected forwarded intent: Intent { act=android.intent.action.PACKAGE_ADDED dat=package:it.unina.android.ripper flg=0x4000010 cmp=com.google.android.gms/.chimera.PersistentIntentOperationService (has extras) }
D/BackupManagerService( 1567): Received broadcast Intent { act=android.intent.action.PACKAGE_ADDED dat=package:it.unina.android.ripper flg=0x4000010 (has extras) }
V/BackupManagerService( 1567): addPackageParticipantsLocked: #1
I/Auth    ( 2159): [SupervisedAccountIntentOperation] onHandleIntent(): android.intent.action.PACKAGE_ADDED
I/ChromeSync( 2159): [Sync,SyncIntentOperation] Handling the intent: Intent { act=android.intent.action.PACKAGE_ADDED dat=package:it.unina.android.ripper flg=0x4000010 cmp=com.google.android.gms/.chimera.GmsIntentOperationService (has extras) }.
I/FontLog ( 2159): Package it.unina.android.ripper has no metadata [CONTEXT service_id=132 ]
I/Icing.InternalIcingCorporaProvider( 2466): Updating corpora: A: it.unina.android.ripper, C: MAYBE
D/dalvikvm( 1567): GC_EXPLICIT freed 593K, 46% free 8704K/16104K, paused 5ms+14ms, total 80ms
D/AndroidRuntime( 3899): Shutting down VM
D/dalvikvm( 3899): GC_CONCURRENT freed 93K, 15% free 552K/648K, paused 1ms+0ms, total 1ms
I/PackageManager( 1567):   Action: "android.intent.action.SENDTO"
I/PackageManager( 1567):   Category: "android.intent.category.DEFAULT"
I/PackageManager( 1567):   Scheme: "mmsto"
I/ChromeSync( 2159): [Persistence,AffiliationManager] One of affiliation or grouping data for android://KSmUCdTXmQS-j9D_O8l1jvyu41Pjn2mc5cb0Gvx1e9H1Aj4JCzHs_uTW26nbtH65K-YfijtBsQxGp-8R6k6HFg==@it.unina.android.ripper/ was not found. Marking affiliation data as stale...
I/PackageManager( 1567): Adding preferred activity ComponentInfo{com.android.mms/com.android.mms.ui.ComposeMessageActivity} for user 0 :
I/PackageManager( 1567):   Action: "android.intent.action.SENDTO"
I/PackageManager( 1567):   Category: "android.intent.category.DEFAULT"
I/PackageManager( 1567):   Scheme: "sms"
I/PackageManager( 1567): Adding preferred activity ComponentInfo{com.android.mms/com.android.mms.ui.ComposeMessageActivity} for user 0 :
D/dalvikvm( 1809): GC_FOR_ALLOC freed 399K, 17% free 3669K/4372K, paused 3ms, total 3ms
I/PackageManager( 1567):   Action: "android.intent.action.SENDTO"
I/PackageManager( 1567):   Category: "android.intent.category.DEFAULT"
I/PackageManager( 1567):   Scheme: "smsto"
I/PackageManager( 1567): Adding preferred activity ComponentInfo{com.android.mms/com.android.mms.ui.ComposeMessageActivity} for user 0 :
I/Icing   ( 2159): IndexChimeraService.getServiceInterface callingPackage=com.google.android.googlequicksearchbox componentName=null serviceId=21
I/PackageManager( 1567):   Action: "android.intent.action.SENDTO"
I/PackageManager( 1567):   Category: "android.intent.category.DEFAULT"
I/PackageManager( 1567):   Scheme: "mms"
I/PackageManager( 1567): Adding preferred activity ComponentInfo{com.android.mms/com.android.mms.ui.ComposeMessageActivity} for user 0 :
W/Icing.InternalIcingCorporaProvider( 2466): Application table change notification failed.
I/PackageManager( 1567):   Action: "android.intent.action.SENDTO"
I/PackageManager( 1567):   Category: "android.intent.category.DEFAULT"
I/PackageManager( 1567):   Scheme: "mmsto"
I/PackageManager( 1567): Adding preferred activity ComponentInfo{com.android.mms/com.android.mms.ui.ComposeMessageActivity} for user 0 :
W/Icing   ( 2159): No valid account for uploading user actions
I/Icing   ( 2159): Usage reports ok 0, Failed Usage reports 0, indexed 0, rejected 0
D/EGL_emulation( 1972): eglMakeCurrent: 0xb823d6b0: ver 3 0
I/Icing   ( 2159): Indexing com.google.android.gms-apps from com.google.android.gms
I/Icing   ( 2159): Indexing done com.google.android.gms-apps
D/EGL_emulation( 1972): eglMakeCurrent: 0xb823d6b0: ver 3 0
D/AndroidRuntime( 3917): 
D/AndroidRuntime( 3917): >>>>>> AndroidRuntime START com.android.internal.os.RuntimeInit <<<<<<
W/linker  ( 3917): libdvm.so has text relocations. This is wasting memory and is a security risk. Please fix.
D/AndroidRuntime( 3917): CheckJNI is ON
D/dalvikvm( 3917): Trying to load lib libjavacore.so 0x0
D/dalvikvm( 3917): Added shared lib libjavacore.so 0x0
D/dalvikvm( 3917): Trying to load lib libnativehelper.so 0x0
D/dalvikvm( 3917): Added shared lib libnativehelper.so 0x0
D/dalvikvm( 3917): No JNI_OnLoad found in libnativehelper.so 0x0, skipping init
D/dalvikvm( 3917): Note: class Landroid/app/ActivityManagerNative; has 179 unimplemented (abstract) methods
E/memtrack( 3917): Couldn't load memtrack module (No such file or directory)
E/android.os.Debug( 3917): failed to load memtrack module: -2
D/AndroidRuntime( 3917): Calling main entry com.android.commands.am.Am
I/ActivityManager( 1567): Force stopping de.stefan_oltmann.kaesekaestchen appid=10063 user=0: start instr
I/ActivityManager( 1567): Start proc de.stefan_oltmann.kaesekaestchen for added application de.stefan_oltmann.kaesekaestchen: pid=3928 uid=10063 gids={50063}
I/dalvikvm( 3928): Could not find method android.app.Activity.registerActivityLifecycleCallbacks, referenced from method h.o.u.onActivityPreCreated
W/dalvikvm( 3928): VFY: unable to resolve virtual method 164: Landroid/app/Activity;.registerActivityLifecycleCallbacks (Landroid/app/Application$ActivityLifecycleCallbacks;)V
D/dalvikvm( 3928): VFY: replacing opcode 0x6e at 0x0005
I/TestRunner( 3928): started: testApplication(it.unina.android.ripper.RipperTestCase)
V/AndroidRipperService( 3848): onBind()
V/AndroidRipperService( 3848): onBind()
V/AndroidRipperService( 3848): register()
I/ActivityManager( 1567): START u0 {act=android.intent.action.MAIN flg=0x10000000 cmp=de.stefan_oltmann.kaesekaestchen/.ui.activities.SplashScreenActivity} from pid 3928
D/dalvikvm( 1567): GC_FOR_ALLOC freed 1166K, 47% free 8586K/16104K, paused 11ms, total 11ms
W/WindowManager( 1567): Token{9d304f68 ActivityRecord{9d3a54d8 u0 de.stefan_oltmann.kaesekaestchen/.ui.activities.SplashScreenActivity t6}} failed creating starting window
W/WindowManager( 1567): android.content.res.Resources$NotFoundException: File res/drawable/splash_screen_background.xml from drawable resource ID #0x7f070096
W/WindowManager( 1567): 	at android.content.res.Resources.loadDrawable(Resources.java:2101)
W/WindowManager( 1567): 	at android.content.res.Resources.getDrawable(Resources.java:700)
W/WindowManager( 1567): 	at com.android.internal.policy.impl.PhoneWindow.generateLayout(PhoneWindow.java:3042)
W/WindowManager( 1567): 	at com.android.internal.policy.impl.PhoneWindow.installDecor(PhoneWindow.java:3085)
W/WindowManager( 1567): 	at com.android.internal.policy.impl.PhoneWindow.getDecorView(PhoneWindow.java:1678)
W/WindowManager( 1567): 	at com.android.internal.policy.impl.PhoneWindowManager.addStartingWindow(PhoneWindowManager.java:1653)
W/WindowManager( 1567): 	at com.android.server.wm.WindowManagerService$H.handleMessage(WindowManagerService.java:7157)
W/WindowManager( 1567): 	at android.os.Handler.dispatchMessage(Handler.java:102)
W/WindowManager( 1567): 	at android.os.Looper.loop(Looper.java:136)
W/WindowManager( 1567): 	at android.os.HandlerThread.run(HandlerThread.java:61)
W/WindowManager( 1567): Caused by: android.content.res.Resources$NotFoundException: File res/drawable/ic_icon.xml from drawable resource ID #0x7f07006e
W/WindowManager( 1567): 	at android.content.res.Resources.loadDrawable(Resources.java:2101)
W/WindowManager( 1567): 	at android.content.res.Resources.getDrawable(Resources.java:700)
W/WindowManager( 1567): 	at android.graphics.drawable.LayerDrawable.inflate(LayerDrawable.java:159)
W/WindowManager( 1567): 	at android.graphics.drawable.Drawable.createFromXmlInner(Drawable.java:937)
W/WindowManager( 1567): 	at android.graphics.drawable.Drawable.createFromXml(Drawable.java:877)
W/WindowManager( 1567): 	at android.content.res.Resources.loadDrawable(Resources.java:2097)
W/WindowManager( 1567): 	... 9 more
W/WindowManager( 1567): Caused by: org.xmlpull.v1.XmlPullParserException: Binary XML file line #1: invalid drawable tag vector
W/WindowManager( 1567): 	at android.graphics.drawable.Drawable.createFromXmlInner(Drawable.java:933)
W/WindowManager( 1567): 	at android.graphics.drawable.Drawable.createFromXml(Drawable.java:877)
W/WindowManager( 1567): 	at android.content.res.Resources.loadDrawable(Resources.java:2097)
W/WindowManager( 1567): 	... 14 more
I/dalvikvm( 3928): Could not find method android.widget.TextView.getTextMetricsParams, referenced from method h.h.b.e.H
W/dalvikvm( 3928): VFY: unable to resolve virtual method 3028: Landroid/widget/TextView;.getTextMetricsParams ()Landroid/text/PrecomputedText$Params;
D/dalvikvm( 3928): VFY: replacing opcode 0x6e at 0x0008
I/dalvikvm( 3928): Could not find method android.widget.TextView.getBreakStrategy, referenced from method h.h.b.e.H
W/dalvikvm( 3928): VFY: unable to resolve virtual method 2995: Landroid/widget/TextView;.getBreakStrategy ()I
D/dalvikvm( 3928): VFY: replacing opcode 0x6e at 0x002e
I/dalvikvm( 3928): Could not find method android.icu.text.DecimalFormatSymbols.getInstance, referenced from method h.h.b.e.H
W/dalvikvm( 3928): VFY: unable to resolve static method 824: Landroid/icu/text/DecimalFormatSymbols;.getInstance (Ljava/util/Locale;)Landroid/icu/text/DecimalFormatSymbols;
D/dalvikvm( 3928): VFY: replacing opcode 0x71 at 0x0053
I/dalvikvm( 3928): Could not find method android.widget.EdgeEffect.onPull, referenced from method h.h.b.e.Q
W/dalvikvm( 3928): VFY: unable to resolve virtual method 2345: Landroid/widget/EdgeEffect;.onPull (FF)V
D/dalvikvm( 3928): VFY: replacing opcode 0x6e at 0x0006
I/dalvikvm( 3928): Could not find method android.content.res.TypedArray.getType, referenced from method h.h.b.e.S
W/dalvikvm( 3928): VFY: unable to resolve virtual method 444: Landroid/content/res/TypedArray;.getType (I)I
D/dalvikvm( 3928): VFY: replacing opcode 0x6e at 0x0025
I/dalvikvm( 3928): Could not find method android.widget.CompoundButton.setButtonTintList, referenced from method h.h.b.e.U
W/dalvikvm( 3928): VFY: unable to resolve virtual method 2336: Landroid/widget/CompoundButton;.setButtonTintList (Landroid/content/res/ColorStateList;)V
D/dalvikvm( 3928): VFY: replacing opcode 0x6e at 0x0006
I/dalvikvm( 3928): Could not find method android.widget.TextView.setFirstBaselineToTopHeight, referenced from method h.h.b.e.X
W/dalvikvm( 3928): VFY: unable to resolve virtual method 3067: Landroid/widget/TextView;.setFirstBaselineToTopHeight (I)V
D/dalvikvm( 3928): VFY: replacing opcode 0x6e at 0x0009
I/dalvikvm( 3928): Could not find method android.graphics.drawable.Drawable.setHotspot, referenced from method h.h.b.e.Y
W/dalvikvm( 3928): VFY: unable to resolve virtual method 763: Landroid/graphics/drawable/Drawable;.setHotspot (FF)V
D/dalvikvm( 3928): VFY: replacing opcode 0x6e at 0x0006
I/dalvikvm( 3928): Could not find method android.graphics.drawable.Drawable.setHotspotBounds, referenced from method h.h.b.e.Z
W/dalvikvm( 3928): VFY: unable to resolve virtual method 764: Landroid/graphics/drawable/Drawable;.setHotspotBounds (IIII)V
D/dalvikvm( 3928): VFY: replacing opcode 0x6e at 0x0006
I/dalvikvm( 3928): Could not find method android.graphics.drawable.Drawable.setLayoutDirection, referenced from method h.h.b.e.b0
W/dalvikvm( 3928): VFY: unable to resolve virtual method 765: Landroid/graphics/drawable/Drawable;.setLayoutDirection (I)Z
D/dalvikvm( 3928): VFY: replacing opcode 0x6e at 0x0006
I/dalvikvm( 3928): Could not find method android.widget.PopupWindow.setOverlapAnchor, referenced from method h.h.b.e.d0
W/dalvikvm( 3928): VFY: unable to resolve virtual method 2891: Landroid/widget/PopupWindow;.setOverlapAnchor (Z)V
D/dalvikvm( 3928): VFY: replacing opcode 0x6e at 0x0006
I/dalvikvm( 3928): Could not find method android.app.AppOpsManager.permissionToOp, referenced from method h.h.b.e.g
W/dalvikvm( 3928): VFY: unable to resolve static method 180: Landroid/app/AppOpsManager;.permissionToOp (Ljava/lang/String;)Ljava/lang/String;
D/dalvikvm( 3928): VFY: replacing opcode 0x71 at 0x001b
I/dalvikvm( 3928): Could not find method android.content.Context.getSystemService, referenced from method h.h.b.e.g
W/dalvikvm( 3928): VFY: unable to resolve virtual method 274: Landroid/content/Context;.getSystemService (Ljava/lang/Class;)Ljava/lang/Object;
D/dalvikvm( 3928): VFY: replacing opcode 0x6e at 0x003d
I/dalvikvm( 3928): Could not find method android.widget.TextView.setTextAppearance, referenced from method h.h.b.e.g0
W/dalvikvm( 3928): VFY: unable to resolve virtual method 3087: Landroid/widget/TextView;.setTextAppearance (I)V
D/dalvikvm( 3928): VFY: replacing opcode 0x6e at 0x0006
I/dalvikvm( 3928): Could not find method android.graphics.drawable.Drawable.setTint, referenced from method h.h.b.e.h0
W/dalvikvm( 3928): VFY: unable to resolve virtual method 768: Landroid/graphics/drawable/Drawable;.setTint (I)V
D/dalvikvm( 3928): VFY: replacing opcode 0x6e at 0x0006
I/dalvikvm( 3928): Could not find method android.graphics.drawable.Drawable.setTintList, referenced from method h.h.b.e.i0
W/dalvikvm( 3928): VFY: unable to resolve virtual method 769: Landroid/graphics/drawable/Drawable;.setTintList (Landroid/content/res/ColorStateList;)V
D/dalvikvm( 3928): VFY: replacing opcode 0x6e at 0x0006
I/dalvikvm( 3928): Could not find method android.graphics.drawable.Drawable.setTintMode, referenced from method h.h.b.e.j0
W/dalvikvm( 3928): VFY: unable to resolve virtual method 770: Landroid/graphics/drawable/Drawable;.setTintMode (Landroid/graphics/PorterDuff$Mode;)V
D/dalvikvm( 3928): VFY: replacing opcode 0x6e at 0x0006
I/dalvikvm( 3928): Could not find method android.widget.CompoundButton.getButtonDrawable, referenced from method h.h.b.e.y
W/dalvikvm( 3928): VFY: unable to resolve virtual method 2329: Landroid/widget/CompoundButton;.getButtonDrawable ()Landroid/graphics/drawable/Drawable;
D/dalvikvm( 3928): VFY: replacing opcode 0x6e at 0x0006
I/dalvikvm( 3928): Could not find method android.widget.CompoundButton.getButtonTintList, referenced from method h.h.b.e.z
W/dalvikvm( 3928): VFY: unable to resolve virtual method 2330: Landroid/widget/CompoundButton;.getButtonTintList ()Landroid/content/res/ColorStateList;
D/dalvikvm( 3928): VFY: replacing opcode 0x6e at 0x0006
I/dalvikvm( 3928): Could not find method android.content.Context.getSystemService, referenced from method h.b.c.k.S
W/dalvikvm( 3928): VFY: unable to resolve virtual method 274: Landroid/content/Context;.getSystemService (Ljava/lang/Class;)Ljava/lang/Object;
D/dalvikvm( 3928): VFY: replacing opcode 0x6e at 0x0038
I/dalvikvm( 3928): Could not find method android.view.View.getRootWindowInsets, referenced from method h.b.c.k.Y
W/dalvikvm( 3928): VFY: unable to resolve virtual method 1537: Landroid/view/View;.getRootWindowInsets ()Landroid/view/WindowInsets;
D/dalvikvm( 3928): VFY: replacing opcode 0x6e at 0x0071
I/dalvikvm( 3928): Could not find method android.content.res.Resources$Theme.rebase, referenced from method h.b.c.k.d
W/dalvikvm( 3928): VFY: unable to resolve virtual method 373: Landroid/content/res/Resources$Theme;.rebase ()V
D/dalvikvm( 3928): VFY: replacing opcode 0x6e at 0x01a3
I/dalvikvm( 3928): Could not find method android.content.res.Configuration.getLocales, referenced from method h.b.c.k.d
W/dalvikvm( 3928): VFY: unable to resolve virtual method 362: Landroid/content/res/Configuration;.getLocales ()Landroid/os/LocaleList;
D/dalvikvm( 3928): VFY: replacing opcode 0x6e at 0x008a
D/dalvikvm( 3928): DexOpt: couldn't find field Landroid/content/res/Configuration;.colorMode
W/dalvikvm( 3928): VFY: unable to resolve instance field 16
D/dalvikvm( 3928): VFY: replacing opcode 0x52 at 0x011e
I/dalvikvm( 3928): Could not find method android.view.Window$Callback.onProvideKeyboardShortcuts, referenced from method h.b.c.k$e.onProvideKeyboardShortcuts
W/dalvikvm( 3928): VFY: unable to resolve interface method 1932: Landroid/view/Window$Callback;.onProvideKeyboardShortcuts (Ljava/util/List;Landroid/view/Menu;I)V
D/dalvikvm( 3928): VFY: replacing opcode 0x72 at 0x000d
I/dalvikvm( 3928): Could not find method android.view.Window$Callback.onProvideKeyboardShortcuts, referenced from method h.b.c.k$e.onProvideKeyboardShortcuts
W/dalvikvm( 3928): VFY: unable to resolve interface method 1932: Landroid/view/Window$Callback;.onProvideKeyboardShortcuts (Ljava/util/List;Landroid/view/Menu;I)V
D/dalvikvm( 3928): VFY: replacing opcode 0x72 at 0x0013
I/dalvikvm( 3928): Could not find method android.view.Window$Callback.onWindowStartingActionMode, referenced from method h.b.c.k$e.onWindowStartingActionMode
W/dalvikvm( 3928): VFY: unable to resolve interface method 1938: Landroid/view/Window$Callback;.onWindowStartingActionMode (Landroid/view/ActionMode$Callback;I)Landroid/view/ActionMode;
D/dalvikvm( 3928): VFY: replacing opcode 0x72 at 0x0009
I/dalvikvm( 3928): Could not find method android.view.Window$Callback.onPointerCaptureChanged, referenced from method h.b.g.h.onPointerCaptureChanged
W/dalvikvm( 3928): VFY: unable to resolve interface method 1930: Landroid/view/Window$Callback;.onPointerCaptureChanged (Z)V
D/dalvikvm( 3928): VFY: replacing opcode 0x72 at 0x0002
I/dalvikvm( 3928): Could not find method android.view.Window$Callback.onProvideKeyboardShortcuts, referenced from method h.b.g.h.onProvideKeyboardShortcuts
W/dalvikvm( 3928): VFY: unable to resolve interface method 1932: Landroid/view/Window$Callback;.onProvideKeyboardShortcuts (Ljava/util/List;Landroid/view/Menu;I)V
D/dalvikvm( 3928): VFY: replacing opcode 0x72 at 0x0002
W/dalvikvm( 3928): VFY: unable to find class referenced in signature (Landroid/view/SearchEvent;)
I/dalvikvm( 3928): Could not find method android.view.Window$Callback.onSearchRequested, referenced from method h.b.g.h.onSearchRequested
W/dalvikvm( 3928): VFY: unable to resolve interface method 1934: Landroid/view/Window$Callback;.onSearchRequested (Landroid/view/SearchEvent;)Z
D/dalvikvm( 3928): VFY: replacing opcode 0x72 at 0x0002
I/dalvikvm( 3928): Could not find method android.view.Window$Callback.onWindowStartingActionMode, referenced from method h.b.g.h.onWindowStartingActionMode
W/dalvikvm( 3928): VFY: unable to resolve interface method 1938: Landroid/view/Window$Callback;.onWindowStartingActionMode (Landroid/view/ActionMode$Callback;I)Landroid/view/ActionMode;
D/dalvikvm( 3928): VFY: replacing opcode 0x72 at 0x0002
I/dalvikvm( 3928): Could not find method android.graphics.drawable.Drawable.canApplyTheme, referenced from method h.v.a.a.g.canApplyTheme
W/dalvikvm( 3928): VFY: unable to resolve virtual method 712: Landroid/graphics/drawable/Drawable;.canApplyTheme ()Z
D/dalvikvm( 3928): VFY: replacing opcode 0x6e at 0x000a
I/dalvikvm( 3928): Could not find method android.graphics.drawable.Drawable.getColorFilter, referenced from method h.v.a.a.g.getColorFilter
W/dalvikvm( 3928): VFY: unable to resolve virtual method 723: Landroid/graphics/drawable/Drawable;.getColorFilter ()Landroid/graphics/ColorFilter;
D/dalvikvm( 3928): VFY: replacing opcode 0x6e at 0x000a
I/dalvikvm( 3928): Could not find method android.graphics.drawable.Drawable.inflate, referenced from method h.v.a.a.g.inflate
W/dalvikvm( 3928): VFY: unable to resolve virtual method 740: Landroid/graphics/drawable/Drawable;.inflate (Landroid/content/res/Resources;Lorg/xmlpull/v1/XmlPullParser;Landroid/util/AttributeSet;Landroid/content/res/Resources$Theme;)V
D/dalvikvm( 3928): VFY: replacing opcode 0x6e at 0x0014
I/dalvikvm( 3928): Could not find method android.graphics.drawable.Drawable.applyTheme, referenced from method h.v.a.a.f.applyTheme
W/dalvikvm( 3928): VFY: unable to resolve virtual method 711: Landroid/graphics/drawable/Drawable;.applyTheme (Landroid/content/res/Resources$Theme;)V
D/dalvikvm( 3928): VFY: replacing opcode 0x6e at 0x000a
I/dalvikvm( 3928): Could not find method android.content.Context.getColor, referenced from method h.h.c.a.a
W/dalvikvm( 3928): VFY: unable to resolve virtual method 263: Landroid/content/Context;.getColor (I)I
D/dalvikvm( 3928): VFY: replacing opcode 0x6e at 0x0006
I/dalvikvm( 3928): Could not find method android.content.Context.getDrawable, referenced from method h.h.c.a.b
W/dalvikvm( 3928): VFY: unable to resolve virtual method 266: Landroid/content/Context;.getDrawable (I)Landroid/graphics/drawable/Drawable;
D/dalvikvm( 3928): VFY: replacing opcode 0x6e at 0x0006
D/AndroidRuntime( 3928): Shutting down VM
W/dalvikvm( 3928): threadid=1: thread exiting with uncaught exception (group=0x9ccf3b20)
D/dalvikvm( 3928): GC_CONCURRENT freed 309K, 14% free 3178K/3668K, paused 3ms+2ms, total 7ms
E/AndroidRuntime( 3928): FATAL EXCEPTION: main
E/AndroidRuntime( 3928): Process: de.stefan_oltmann.kaesekaestchen, PID: 3928
E/AndroidRuntime( 3928): java.lang.RuntimeException: Unable to start activity ComponentInfo{de.stefan_oltmann.kaesekaestchen/de.stefan_oltmann.kaesekaestchen.ui.activities.SplashScreenActivity}: android.content.res.Resources$NotFoundException: File res/drawable/splash_screen_background.xml from drawable resource ID #0x7f070096
E/AndroidRuntime( 3928): 	at android.app.ActivityThread.performLaunchActivity(ActivityThread.java:2195)
E/AndroidRuntime( 3928): 	at android.app.ActivityThread.handleLaunchActivity(ActivityThread.java:2245)
E/AndroidRuntime( 3928): 	at android.app.ActivityThread.access$800(ActivityThread.java:135)
E/AndroidRuntime( 3928): 	at android.app.ActivityThread$H.handleMessage(ActivityThread.java:1196)
E/AndroidRuntime( 3928): 	at android.os.Handler.dispatchMessage(Handler.java:102)
E/AndroidRuntime( 3928): 	at android.os.Looper.loop(Looper.java:136)
E/AndroidRuntime( 3928): 	at android.app.ActivityThread.main(ActivityThread.java:5017)
E/AndroidRuntime( 3928): 	at java.lang.reflect.Method.invokeNative(Native Method)
E/AndroidRuntime( 3928): 	at java.lang.reflect.Method.invoke(Method.java:515)
E/AndroidRuntime( 3928): 	at com.android.internal.os.ZygoteInit$MethodAndArgsCaller.run(ZygoteInit.java:779)
E/AndroidRuntime( 3928): 	at com.android.internal.os.ZygoteInit.main(ZygoteInit.java:595)
E/AndroidRuntime( 3928): 	at dalvik.system.NativeStart.main(Native Method)
E/AndroidRuntime( 3928): Caused by: android.content.res.Resources$NotFoundException: File res/drawable/splash_screen_background.xml from drawable resource ID #0x7f070096
E/AndroidRuntime( 3928): 	at android.content.res.Resources.loadDrawable(Resources.java:2101)
E/AndroidRuntime( 3928): 	at android.content.res.Resources.getDrawable(Resources.java:700)
E/AndroidRuntime( 3928): 	at h.h.c.a.b()
E/AndroidRuntime( 3928): 	at h.b.h.n0.g(:3)
E/AndroidRuntime( 3928): 	at h.b.h.x0.h(:1)
E/AndroidRuntime( 3928): 	at h.b.c.k.C()
E/AndroidRuntime( 3928): 	at h.b.c.k.L()
E/AndroidRuntime( 3928): 	at h.b.c.k.l()
E/AndroidRuntime( 3928): 	at h.b.c.h.onCreate()
E/AndroidRuntime( 3928): 	at de.stefan_oltmann.kaesekaestchen.ui.activities.SplashScreenActivity.onCreate()
E/AndroidRuntime( 3928): 	at android.app.Activity.performCreate(Activity.java:5231)
E/AndroidRuntime( 3928): 	at android.app.Instrumentation.callActivityOnCreate(Instrumentation.java:1087)
E/AndroidRuntime( 3928): 	at android.app.ActivityThread.performLaunchActivity(ActivityThread.java:2159)
E/AndroidRuntime( 3928): 	... 11 more
E/AndroidRuntime( 3928): Caused by: android.content.res.Resources$NotFoundException: File res/drawable/ic_icon.xml from drawable resource ID #0x7f07006e
