E/dalvikvm( 2249): Could not find class 'com.google.android.gms.org.conscrypt.TrustManagerImpl', referenced from method com.google.android.gms.org.conscrypt.Conscrypt.toConscrypt
W/dalvikvm( 2249): VFY: unable to resolve check-cast 4452 (Lcom/google/android/gms/org/conscrypt/TrustManagerImpl;) in Lcom/google/android/gms/org/conscrypt/Conscrypt;
D/dalvikvm( 2249): VFY: replacing opcode 0x1f at 0x002a
E/BluetoothAdapter( 1778): Bluetooth binder is null
D/dalvikvm( 1570): GC_FOR_ALLOC freed 1109K, 50% free 7454K/14816K, paused 9ms, total 9ms
D/dalvikvm( 2249): GC_FOR_ALLOC freed 282K, 13% free 3395K/3868K, paused 1ms, total 1ms
D/dalvikvm( 2249): GC_FOR_ALLOC freed 134K, 9% free 3760K/4096K, paused 2ms, total 2ms
I/ActivityManager( 1570): Start proc com.google.android.googlequicksearchbox for broadcast com.google.android.googlequicksearchbox/com.google.android.searchcommon.summons.icing.InternalIcingCorporaProvider$CorporaChangedReceiver: pid=2278 uid=10013 gids={50013, 3003, 1028, 3002, 1015}
I/PackageManager( 1570): Running dexopt on: com.google.android.googlequicksearchbox
I/NearbyMessages( 1778): OfflineCache: old scanner cache is not enabled [CONTEXT service_id=62 ]
W/linker  ( 2293): libdvm.so has text relocations. This is wasting memory and is a security risk. Please fix.
D/dalvikvm( 2249): GC_FOR_ALLOC freed 131K, 8% free 4108K/4460K, paused 2ms, total 2ms
D/dalvikvm( 2249): GC_FOR_ALLOC freed 105K, 8% free 4405K/4752K, paused 2ms, total 2ms
D/dalvikvm( 2249): GC_FOR_ALLOC freed 157K, 9% free 4687K/5104K, paused 2ms, total 2ms
E/dalvikvm( 2249): Could not find class 'javax.net.ssl.SNIServerName', referenced from method com.google.android.gms.org.conscrypt.Platform.getSniHostnameFromParams
W/dalvikvm( 2249): VFY: unable to resolve check-cast 5160 (Ljavax/net/ssl/SNIServerName;) in Lcom/google/android/gms/org/conscrypt/Platform;
D/dalvikvm( 2249): VFY: replacing opcode 0x1f at 0x0025
E/dalvikvm( 2249): Could not find class 'javax.net.ssl.SNIHostName', referenced from method com.google.android.gms.org.conscrypt.Platform.setParametersSniHostname
W/dalvikvm( 2249): VFY: unable to resolve new-instance 5159 (Ljavax/net/ssl/SNIHostName;) in Lcom/google/android/gms/org/conscrypt/Platform;
D/dalvikvm( 2249): VFY: replacing opcode 0x22 at 0x0024
E/dalvikvm( 2249): Could not find class 'javax.net.ssl.SNIHostName', referenced from method com.google.android.gms.org.conscrypt.Platform.setParametersSniHostname
W/dalvikvm( 2249): VFY: unable to resolve new-instance 5159 (Ljavax/net/ssl/SNIHostName;) in Lcom/google/android/gms/org/conscrypt/Platform;
D/dalvikvm( 2249): VFY: replacing opcode 0x22 at 0x0024
D/dalvikvm( 2249): DexOpt: unable to opt direct call 0x52f9 at 0x2a in Lcom/google/android/gms/org/conscrypt/Platform;.setParametersSniHostname
D/dalvikvm( 2249): DexOpt: unable to opt direct call 0x52f9 at 0x2a in Lcom/google/android/gms/org/conscrypt/Platform;.setParametersSniHostname
D/dalvikvm( 2249): GC_FOR_ALLOC freed 308K, 11% free 4885K/5440K, paused 2ms, total 2ms
I/ProviderInstaller( 2249): Installed default security provider GmsCore_OpenSSL
D/dalvikvm( 1570): GC_FOR_ALLOC freed 1092K, 50% free 7482K/14816K, paused 7ms, total 8ms
D/dalvikvm( 1570): GC_FOR_ALLOC freed 1131K, 50% free 7478K/14816K, paused 7ms, total 7ms
D/dalvikvm( 2293): DexOpt: 'Landroid/util/Pools$Pool;' has an earlier definition; blocking out
D/dalvikvm( 2293): DexOpt: 'Landroid/util/Pools$SimplePool;' has an earlier definition; blocking out
D/dalvikvm( 2293): DexOpt: 'Landroid/util/Pools$SynchronizedPool;' has an earlier definition; blocking out
D/dalvikvm( 2293): DexOpt: 'Landroid/util/Pools;' has an earlier definition; blocking out
D/dalvikvm( 1570): GC_FOR_ALLOC freed 1126K, 50% free 7478K/14816K, paused 6ms, total 6ms
D/dalvikvm( 1570): GC_FOR_ALLOC freed 1125K, 50% free 7479K/14816K, paused 7ms, total 7ms
D/dalvikvm( 2293): DexOpt: not verifying/optimizing 'Landroid/util/Pools$Pool;': multiple definitions
D/dalvikvm( 2293): DexOpt: not verifying/optimizing 'Landroid/util/Pools$SimplePool;': multiple definitions
D/dalvikvm( 2293): DexOpt: not verifying/optimizing 'Landroid/util/Pools$SynchronizedPool;': multiple definitions
D/dalvikvm( 2293): DexOpt: not verifying/optimizing 'Landroid/util/Pools;': multiple definitions
D/dalvikvm( 1570): GC_FOR_ALLOC freed 1126K, 50% free 7478K/14816K, paused 6ms, total 6ms
I/dalvikvm( 2293): DexOpt: not resolving ambiguous class 'Landroid/util/Pools$Pool;'
I/dalvikvm( 2293): DexOpt: not resolving ambiguous class 'Landroid/util/Pools$SynchronizedPool;'
D/dalvikvm( 1570): GC_FOR_ALLOC freed 1125K, 50% free 7479K/14816K, paused 6ms, total 6ms
D/dalvikvm( 1570): GC_FOR_ALLOC freed 1126K, 50% free 7479K/14816K, paused 6ms, total 6ms
D/dalvikvm( 1570): GC_FOR_ALLOC freed 1126K, 50% free 7479K/14816K, paused 6ms, total 6ms
D/dalvikvm( 1570): GC_FOR_ALLOC freed 1126K, 50% free 7479K/14816K, paused 6ms, total 6ms
D/dalvikvm( 1570): GC_FOR_ALLOC freed 1126K, 50% free 7479K/14816K, paused 6ms, total 6ms
D/dalvikvm( 1570): GC_FOR_ALLOC freed 1126K, 50% free 7479K/14816K, paused 7ms, total 7ms
D/dalvikvm( 1570): GC_FOR_ALLOC freed 1126K, 50% free 7479K/14816K, paused 5ms, total 5ms
D/dalvikvm( 2293): DexOpt: load 54ms, verify+opt 219ms, 5311084 bytes
D/dalvikvm( 1570): GC_FOR_ALLOC freed 1126K, 50% free 7479K/14816K, paused 7ms, total 7ms
I/Safeboot( 2249): Checking safeboot...
I/Safeboot( 2249): Not entering safeboot; wrong process.
E/dalvikvm( 2249): Could not find class 'com.google.common.flogger.backend.google.GooglePlatform', referenced from method beui.a
W/dalvikvm( 2249): VFY: unable to resolve const-class 4605 (Lcom/google/common/flogger/backend/google/GooglePlatform;) in Lbeui;
D/dalvikvm( 2249): VFY: replacing opcode 0x1c at 0x001b
D/dalvikvm( 1778): GC_FOR_ALLOC freed 1088K, 18% free 7164K/8676K, paused 8ms, total 11ms
I/dalvikvm( 1778): Could not find method android.content.Context.createDeviceProtectedStorageContext, referenced from method vhu.a
W/dalvikvm( 1778): VFY: unable to resolve virtual method 4497: Landroid/content/Context;.createDeviceProtectedStorageContext ()Landroid/content/Context;
D/dalvikvm( 1778): VFY: replacing opcode 0x6e at 0x001b
E/dalvikvm( 1778): Could not find class 'android.app.usage.UsageStatsManager', referenced from method vha.a
W/dalvikvm( 1778): VFY: unable to resolve const-class 1242 (Landroid/app/usage/UsageStatsManager;) in Lvha;
D/dalvikvm( 1778): VFY: replacing opcode 0x1c at 0x0009
I/ActivityManager( 1570): Delay finish: com.google.android.googlequicksearchbox/com.google.android.searchcommon.summons.icing.InternalIcingCorporaProvider$CorporaChangedReceiver
I/Herrevad( 1778): [76] wkz.a: updateListenState
I/Icing.InternalIcingCorporaProvider( 2278): Updating corpora: A: com.android.sdksetup, C: MAYBE
I/Search.SharedPreferencesProto( 2278): load shared preferences: file not found
I/Search.SharedPreferencesProto( 2278): load shared preferences: file not found
E/ActivityThread( 2278): Failed to find provider info for com.google.android.voicesearch
I/GCoreUlr( 1778): WorldUpdater received intent Intent { act=com.google.android.location.reporting.ACTION_UPDATE_WORLD cmp=com.google.android.gms/com.google.android.location.reporting.service.DispatchingService (has extras) } with receiverAction android.location.PROVIDERS_CHANGED
D/dalvikvm( 2249): GC_FOR_ALLOC freed 344K, 10% free 5150K/5704K, paused 8ms, total 8ms
I/auxu    ( 2249): Primes not initialized, returning default (no-op) Primes instance which will ignore all calls. Please call Primes.initialize(...) before using any Primes API.
D/dalvikvm( 1800): GC_EXPLICIT freed 145K, 30% free 5378K/7640K, paused 1ms+0ms, total 13ms
I/GCoreUlr( 1778): WorldUpdater:android.location.PROVIDERS_CHANGED: Ensuring that reporting is stopped because of reasons: (no Google accounts)
I/dalvikvm( 2249): Could not find method com.google.android.chimera.ContextThemeWrapper.createAttributionContext, referenced from method mnu.createAttributionContext
W/dalvikvm( 2249): VFY: unable to resolve virtual method 13785: Lcom/google/android/chimera/ContextThemeWrapper;.createAttributionContext (Ljava/lang/String;)Landroid/content/Context;
D/dalvikvm( 2249): VFY: replacing opcode 0x6f at 0x0002
I/dalvikvm( 2249): Could not find method android.content.ContextWrapper.createCredentialProtectedStorageContext, referenced from method mnu.createCredentialProtectedStorageContext
W/dalvikvm( 2249): VFY: unable to resolve virtual method 2508: Landroid/content/ContextWrapper;.createCredentialProtectedStorageContext ()Landroid/content/Context;
D/dalvikvm( 2249): VFY: replacing opcode 0x6f at 0x0002
I/dalvikvm( 2249): Could not find method android.content.ContextWrapper.createDeviceProtectedStorageContext, referenced from method mnu.createDeviceProtectedStorageContext
W/dalvikvm( 2249): VFY: unable to resolve virtual method 2509: Landroid/content/ContextWrapper;.createDeviceProtectedStorageContext ()Landroid/content/Context;
D/dalvikvm( 2249): VFY: replacing opcode 0x6f at 0x0002
E/ActivityThread( 2278): Failed to find provider info for com.google.android.partnersetup.rlzappprovider
I/dalvikvm( 2249): Could not find method android.content.Context.bindService, referenced from method uws.bindService
W/dalvikvm( 2249): VFY: unable to resolve virtual method 2453: Landroid/content/Context;.bindService (Landroid/content/Intent;ILjava/util/concurrent/Executor;Landroid/content/ServiceConnection;)Z
D/dalvikvm( 2249): VFY: replacing opcode 0x6e at 0x0018
I/dalvikvm( 2249): Could not find method android.content.Context.bindService, referenced from method uws.bindService
W/dalvikvm( 2249): VFY: unable to resolve virtual method 2453: Landroid/content/Context;.bindService (Landroid/content/Intent;ILjava/util/concurrent/Executor;Landroid/content/ServiceConnection;)Z
D/dalvikvm( 2249): VFY: replacing opcode 0x6e at 0x0030
I/dalvikvm( 2249): Could not find method android.content.Context.startForegroundService, referenced from method uws.startForegroundService
W/dalvikvm( 2249): VFY: unable to resolve virtual method 2501: Landroid/content/Context;.startForegroundService (Landroid/content/Intent;)Landroid/content/ComponentName;
D/dalvikvm( 2249): VFY: replacing opcode 0x6e at 0x001c
I/dalvikvm( 2249): Could not find method android.content.Context.startForegroundService, referenced from method uws.startForegroundService
W/dalvikvm( 2249): VFY: unable to resolve virtual method 2501: Landroid/content/Context;.startForegroundService (Landroid/content/Intent;)Landroid/content/ComponentName;
D/dalvikvm( 2249): VFY: replacing opcode 0x6e at 0x0028
I/dalvikvm( 2249): Could not find method android.os.PowerManager.isPowerSaveMode, referenced from method uwl.a
W/dalvikvm( 2249): VFY: unable to resolve virtual method 3047: Landroid/os/PowerManager;.isPowerSaveMode ()Z
D/dalvikvm( 2249): VFY: replacing opcode 0x6e at 0x0010
I/GCoreUlr( 1778): Unbound from all signal providers.
D/dalvikvm( 2249): GC_FOR_ALLOC freed 377K, 11% free 5442K/6060K, paused 9ms, total 9ms
D/dalvikvm( 2278): GC_FOR_ALLOC freed 282K, 13% free 3224K/3692K, paused 6ms, total 6ms
W/ContextImpl( 2278): Implicit intents with startService are not safe: Intent { act=com.google.android.gms.icing.INDEX_SERVICE } android.content.ContextWrapper.bindService:517 com.google.android.gms.internal.av.a:-1 com.google.android.gms.internal.au.connect:-1 
D/dalvikvm( 2249): GC_FOR_ALLOC freed 209K, 8% free 5965K/6448K, paused 2ms, total 2ms
D/dalvikvm( 1570): GC_FOR_ALLOC freed 1099K, 50% free 7506K/14816K, paused 9ms, total 9ms
W/dalvikvm( 1778): VFY: unable to find class referenced in signature (Landroid/net/Network;)
W/dalvikvm( 1778): VFY: unable to find class referenced in signature (Landroid/net/Network;)
I/dalvikvm( 1778): Could not find method android.net.Network.openConnection, referenced from method wna.a
W/dalvikvm( 1778): VFY: unable to resolve virtual method 5072: Landroid/net/Network;.openConnection (Ljava/net/URL;)Ljava/net/URLConnection;
D/dalvikvm( 1778): VFY: replacing opcode 0x6e at 0x008f
D/dalvikvm( 2249): GC_FOR_ALLOC freed 258K, 8% free 6584K/7144K, paused 7ms, total 7ms
D/dalvikvm( 1570): GC_FOR_ALLOC freed 1136K, 50% free 7503K/14816K, paused 9ms, total 9ms
I/Icing   ( 2082): Storage manager: low false usage 0 Bytes avail 644.20MB capacity 753.91MB
D/dalvikvm( 2082): GC_FOR_ALLOC freed 965K, 14% free 7337K/8488K, paused 5ms, total 5ms
D/dalvikvm( 1570): GC_FOR_ALLOC freed 1120K, 50% free 7515K/14816K, paused 10ms, total 10ms
D/dalvikvm( 1778): GC_FOR_ALLOC freed 1084K, 16% free 7495K/8828K, paused 6ms, total 6ms
I/Icing   ( 2082): IndexChimeraService.getServiceInterface callingPackage=com.google.android.googlequicksearchbox componentName=null serviceId=21
I/Icing   ( 2082): IndexChimeraService.getServiceInterface callingPackage=com.google.android.gms componentName=AppsCorpus serviceId=36
D/dalvikvm( 1570): GC_FOR_ALLOC freed 1132K, 50% free 7517K/14816K, paused 10ms, total 11ms
D/dalvikvm( 1800): GC_EXPLICIT freed 138K, 30% free 5377K/7640K, paused 2ms+0ms, total 15ms
D/dalvikvm( 1570): GC_FOR_ALLOC freed 1021K, 50% free 7525K/14816K, paused 9ms, total 9ms
I/NetworkScheduler( 1778): Using standalone scheduling engine [CONTEXT service_id=218 ]
D/dalvikvm( 2082): GC_FOR_ALLOC freed 1297K, 17% free 7492K/8976K, paused 8ms, total 9ms
I/dalvikvm( 1778): Could not find method android.os.PowerManager.isInteractive, referenced from method nol.a
W/dalvikvm( 1778): VFY: unable to resolve virtual method 4227: Landroid/os/PowerManager;.isInteractive ()Z
D/dalvikvm( 1778): VFY: replacing opcode 0x6e at 0x0006
D/dalvikvm( 1570): GC_FOR_ALLOC freed 1044K, 49% free 7618K/14816K, paused 10ms, total 10ms
I/dalvikvm( 1778): Could not find method android.os.PowerManager.isPowerSaveMode, referenced from method ajlz.a
W/dalvikvm( 1778): VFY: unable to resolve virtual method 29694: Landroid/os/PowerManager;.isPowerSaveMode ()Z
D/dalvikvm( 1778): VFY: replacing opcode 0x6e at 0x007d
W/ProviderHelper( 1778): Unknown dynamite feature providerinstaller
I/DynamiteModule( 1778): Considering local module providerinstaller:0 and remote module providerinstaller:0
I/DynamiteModule( 1778): Considering local module providerinstaller:0 and remote module providerinstaller:0
I/Fitness ( 1778): OnPackageChangedOperation got intent: Intent { act=android.intent.action.PACKAGE_CHANGED dat=package:com.android.sdksetup flg=0x4000010 cmp=com.google.android.gms/.chimera.PersistentIntentOperationService (has extras) } [CONTEXT service_id=17 ]
D/ConnectivityService( 1570): [CheckMp] isMobileOk: X result=1
D/ConnectivityService( 1570): [CheckMp] onPostExecute: result=1
D/ConnectivityService( 1570): CheckMp.onComplete: result=1
D/ConnectivityService( 1570): CheckMp.onComplete: ignore, connected or no connection
I/GCoreUlr( 1778): Unbound from all signal providers.
I/GCoreUlr( 1778): Stopping handler for UlrDispSvcFast
E/dalvikvm( 2082): Could not find class 'android.telephony.SubscriptionManager', referenced from method com.google.android.gms.checkin.CheckinChimeraService.a
W/dalvikvm( 2082): VFY: unable to resolve check-cast 1109 (Landroid/telephony/SubscriptionManager;) in Lcom/google/android/gms/checkin/CheckinChimeraService;
D/dalvikvm( 2082): VFY: replacing opcode 0x1f at 0x019b
E/dalvikvm( 2082): Could not find class 'android.net.NetworkRequest', referenced from method com.google.android.gms.checkin.CheckinChimeraService.a
W/dalvikvm( 2082): VFY: unable to resolve check-cast 853 (Landroid/net/NetworkRequest;) in Lcom/google/android/gms/checkin/CheckinChimeraService;
D/dalvikvm( 2082): VFY: replacing opcode 0x1f at 0x04d7
D/dalvikvm( 1800): GC_EXPLICIT freed 142K, 30% free 5370K/7640K, paused 0ms+1ms, total 5ms
I/ChimeraSrvcProxy( 1778): com.google.android.gms.chimera.PersistentBoundBrokerService returning NullBinder for action com.google.android.gms.ipa.smsindexer.PERSISTENT_START
I/Checkin ( 2082): [CheckinChimeraService] onStartCommand
I/dalvikvm( 1778): Could not find method android.hardware.SensorManager.getDefaultSensor, referenced from method ttr.a
W/dalvikvm( 1778): VFY: unable to resolve virtual method 4967: Landroid/hardware/SensorManager;.getDefaultSensor (IZ)Landroid/hardware/Sensor;
D/dalvikvm( 1778): VFY: replacing opcode 0x6e at 0x00b6
I/CheckinCompat( 2082): Disabling old GoogleServicesFramework version [CONTEXT service_id=130 ]
I/Fitness ( 1778): FitCleanupIntentOperation received Intent android.intent.action.PACKAGE_CHANGED [CONTEXT service_id=17 ]
I/Checkin ( 2082): [CheckinChimeraService] runCheckinOnNewThread
I/Checkin ( 2082): [CheckinChimeraService] Check queued to run. Is task waiting: false
D/dalvikvm( 1778): GC_FOR_ALLOC freed 1217K, 16% free 7802K/9268K, paused 7ms, total 7ms
D/dalvikvm( 2082): GC_FOR_ALLOC freed 1263K, 16% free 7714K/9164K, paused 10ms, total 10ms
I/Checkin ( 2082): [CheckinChimeraService] Run checkin on new thread return:1
I/Checkin ( 2082): [CheckinChimeraService] Starting Checkin Task: CheckinNowTaskTag Reason : 1 Force : false UserId: 0
V/EmulatedCamera_Camera( 1147): getCameraInfo
V/EmulatedCamera_BaseCamera( 1147): getCameraInfo
I/OcrModelUpStIntentOp( 2082): Updating ocr activity enabled=false (phenotypeFlag=false, lowRamDevice=false, prereqCheck=true)
D/dalvikvm( 1800): GC_EXPLICIT freed 131K, 30% free 5374K/7640K, paused 1ms+2ms, total 7ms
I/constellation( 2082): [intent_handler] on init with intent Intent { act=com.google.android.chimera.IntentOperation.NEW_MODULE (has extras) }
E/GCM     ( 1778): Missing checkin config file
W/GCM     ( 1778): GCM FAILED TO INITIALIZE - missing checkin
E/GCM     ( 1778): Missing checkin config file
W/GCM     ( 1778): GCM FAILED TO INITIALIZE - missing checkin
D/dalvikvm( 1570): GC_FOR_ALLOC freed 1089K, 49% free 7689K/14816K, paused 9ms, total 12ms
D/dalvikvm( 2082): DexOpt: couldn't find static field Landroid/os/Build;.SUPPORTED_ABIS
W/dalvikvm( 2082): VFY: unable to resolve static field 1191 (SUPPORTED_ABIS) in Landroid/os/Build;
D/dalvikvm( 2082): VFY: replacing opcode 0x62 at 0x02f8
E/WakeLock( 1778): GCM_HB_ALARM release without a matched acquire!
W/WakeLock( 1778): GCM_HB_ALARM counter does not exist
I/BackupPreLmp( 2082): [ComponentEnabler] Enabling pre-L components
V/BackupPreLmp( 2082): [ComponentEnabler] Enabling Component: com.google.android.gms.backup.component.D2dPreLSourceActivity
W/dalvikvm( 2082): VFY: unable to find class referenced in signature (Landroid/net/NetworkRequest;)
E/native  ( 2082): filesystem.cc:93 Opening file /data/data/com.google.android.gms/files/AppDataSearch/main/cur/compact_status for read failed: No such file or directory
I/native  ( 2082): permission-checker.cc:74 Creating PermissionChecker based on ACL with config_version 1 having 14 permissions defined.
W/native  ( 2082): words-map.cc:30 INVALID_ARGUMENT: Empty URI
W/native  ( 2082): words-map.cc:34 WordsMap was not properly initialized
I/dalvikvm( 1778): Could not find method android.os.UserHandle.isOwner, referenced from method ankk.a
W/dalvikvm( 1778): VFY: unable to resolve virtual method 29745: Landroid/os/UserHandle;.isOwner ()Z
D/dalvikvm( 1778): VFY: replacing opcode 0x6e at 0x000a
I/Checkin ( 2082): [EventLogChimeraService] Opted in for usage reporting: false
I/dalvikvm( 2082): Could not find method java.util.Locale.toLanguageTag, referenced from method ablz.a
W/dalvikvm( 2082): VFY: unable to resolve virtual method 19297: Ljava/util/Locale;.toLanguageTag ()Ljava/lang/String;
D/dalvikvm( 2082): VFY: replacing opcode 0x6e at 0x0006
D/dalvikvm( 1800): GC_EXPLICIT freed 138K, 30% free 5377K/7640K, paused 1ms+1ms, total 10ms
I/Checkin ( 2082): [EventLogChimeraService] Opted in for usage reporting: false
I/Icing   ( 2082): Version not set, assuming clear data.
I/Icing   ( 2082): Clearing storage
I/Icing   ( 2082): Clearing CorpusMap, ClientRegistry, Setting
W/Settings( 1778): Setting airplane_mode_on has moved from android.provider.Settings.System to android.provider.Settings.Global, returning read-only value.
D/dalvikvm( 2082): GC_FOR_ALLOC freed 1577K, 19% free 7706K/9472K, paused 8ms, total 8ms
W/Settings( 1778): Setting airplane_mode_on has moved from android.provider.Settings.System to android.provider.Settings.Global, returning read-only value.
I/Checkin ( 2082): [EventLogChimeraService] Accumulating logs since 0
I/GCoreUlr( 1778): WorldUpdater received intent Intent { act=com.google.android.location.reporting.ACTION_UPDATE_WORLD cmp=com.google.android.gms/com.google.android.location.reporting.service.DispatchingService (has extras) } with receiverAction init
I/SubscribedFeeds( 2082): Setting ComponentInfo{com.google.android.gms/com.google.android.gms.subscribedfeeds.GcmReceiverService} to 1 [CONTEXT service_id=250 ]
I/SubscribedFeeds( 2082): Setting ComponentInfo{com.google.android.gms/com.google.android.gms.subscribedfeeds.GmsSubscribedFeedsProvider} to 1 [CONTEXT service_id=250 ]
I/SubscribedFeeds( 2082): Setting ComponentInfo{com.google.android.gsf/com.google.android.gsf.subscribedfeeds.SubscribedFeedsSyncAdapterService} to 2 [CONTEXT service_id=250 ]
D/dalvikvm( 1570): GC_FOR_ALLOC freed 1199K, 49% free 7661K/14816K, paused 9ms, total 9ms
I/SubscribedFeeds( 2082): Setting ComponentInfo{com.google.android.gms/com.google.android.gms.subscribedfeeds.SyncService} to 1 [CONTEXT service_id=250 ]
I/SubscribedFeeds( 2082): Setting ComponentInfo{com.google.android.gms/com.google.android.gms.subscribedfeeds.GmsFeedsSyncService} to 1 [CONTEXT service_id=250 ]
D/dalvikvm( 1778): GC_FOR_ALLOC freed 1147K, 15% free 8284K/9680K, paused 19ms, total 19ms
I/GCoreUlr( 1778): WorldUpdater:init: Ensuring that reporting is stopped because of reasons: (no Google accounts)
I/GCoreUlr( 1778): Unbound from all signal providers.
I/ChmraDebugLogger( 2082): [11] com.google.android.gms.flags
I/DynamiteModule( 2082): Considering local module com.google.android.gms.flags:3 and remote module com.google.android.gms.flags:0
I/DynamiteModule( 2082): Selected local version of com.google.android.gms.flags
I/dalvikvm( 2082): Could not find method android.net.ConnectivityManager.getAllNetworks, referenced from method npq.a
W/dalvikvm( 2082): VFY: unable to resolve virtual method 3870: Landroid/net/ConnectivityManager;.getAllNetworks ()[Landroid/net/Network;
D/dalvikvm( 2082): VFY: replacing opcode 0x6e at 0x0025
I/dalvikvm( 2082): Could not find method android.net.ConnectivityManager.isDefaultNetworkActive, referenced from method npq.e
W/dalvikvm( 2082): VFY: unable to resolve virtual method 3874: Landroid/net/ConnectivityManager;.isDefaultNetworkActive ()Z
D/dalvikvm( 2082): VFY: replacing opcode 0x6e at 0x000d
I/dalvikvm( 2082): Could not find method android.os.UserManager.isManagedProfile, referenced from method lbq.a
W/dalvikvm( 2082): VFY: unable to resolve virtual method 4277: Landroid/os/UserManager;.isManagedProfile ()Z
D/dalvikvm( 2082): VFY: replacing opcode 0x6e at 0x007c
I/GCoreUlr( 1778): Unbound from all signal providers.
I/GCoreUlr( 1778): Stopping handler for UlrDispSvcFast
D/dalvikvm( 2082): GC_FOR_ALLOC freed 1424K, 18% free 7854K/9472K, paused 10ms, total 10ms
E/GCM     ( 1778): Missing checkin config file
W/GCM     ( 1778): GCM FAILED TO INITIALIZE - missing checkin
E/GCM     ( 1778): Missing checkin config file
W/GCM     ( 1778): GCM FAILED TO INITIALIZE - missing checkin
E/WakeLock( 1778): GCM_HB_ALARM release without a matched acquire!
W/WakeLock( 1778): GCM_HB_ALARM counter does not exist
E/dalvikvm( 1778): Could not find class 'android.telephony.SubscriptionManager', referenced from method amlx.a
W/dalvikvm( 1778): VFY: unable to resolve check-cast 8088 (Landroid/telephony/SubscriptionManager;) in Lamlx;
D/dalvikvm( 1778): VFY: replacing opcode 0x1f at 0x0016
E/dalvikvm( 2082): Could not find class 'android.telephony.SubscriptionManager', referenced from method lbk.a
W/dalvikvm( 2082): VFY: unable to resolve check-cast 1109 (Landroid/telephony/SubscriptionManager;) in Llbk;
D/dalvikvm( 2082): VFY: replacing opcode 0x1f at 0x0236
D/dalvikvm( 1800): GC_EXPLICIT freed 140K, 30% free 5381K/7640K, paused 1ms+0ms, total 6ms
I/ChimeraCfgMgr( 2082): Received com.google.android.chimera.IntentOperation.NEW_MODULE(1/0): -1,false
W/ChimeraCfgMgr( 2082): Ignoring unexpected com.google.android.chimera.IntentOperation.NEW_MODULE
E/ConfigFileUtils( 2082): Failed to read config file: /data/data/com.google.android.gms/app_chimera/current_fileapks.pb: open failed: ENOENT (No such file or directory)
I/dalvikvm( 2082): Could not find method java.util.Locale.toLanguageTag, referenced from method lbk.a
W/dalvikvm( 2082): VFY: unable to resolve virtual method 43769: Ljava/util/Locale;.toLanguageTag ()Ljava/lang/String;
D/dalvikvm( 2082): VFY: replacing opcode 0x6e at 0x0025
W/dalvikvm( 2082): VFY: unable to find class referenced in signature (Landroid/telephony/SubscriptionManager;)
I/dalvikvm( 2082): Could not find method android.telephony.SubscriptionManager.getActiveSubscriptionInfoList, referenced from method lbk.a
W/dalvikvm( 2082): VFY: unable to resolve virtual method 5833: Landroid/telephony/SubscriptionManager;.getActiveSubscriptionInfoList ()Ljava/util/List;
D/dalvikvm( 2082): VFY: replacing opcode 0x74 at 0x0004
I/dalvikvm( 2082): Could not find method android.app.KeyguardManager.isDeviceLocked, referenced from method com.google.android.gms.ads.identifier.settings.g.a
W/dalvikvm( 2082): VFY: unable to resolve virtual method 2478: Landroid/app/KeyguardManager;.isDeviceLocked ()Z
D/dalvikvm( 2082): VFY: replacing opcode 0x6e at 0x0070
I/dalvikvm( 2082): Could not find method android.os.PowerManager.isInteractive, referenced from method com.google.android.gms.ads.identifier.settings.g.a
W/dalvikvm( 2082): VFY: unable to resolve virtual method 4227: Landroid/os/PowerManager;.isInteractive ()Z
D/dalvikvm( 2082): VFY: replacing opcode 0x6e at 0x0093
I/CheckinRequestBuilder( 2082): Checkin reason type: 5 attempt count: 1 [CONTEXT service_id=130 ]
I/Auth    ( 2082): [SupervisedAccountIntentOperation] onHandleIntent(): com.google.android.gms.chimera.container.CONTAINER_UPDATED
I/Auth    ( 2082): [SupervisedAccountIntentOperation] This operation is disabled
I/ChromeSync( 2082): [Sync,SyncIntentOperation] Handling the intent: Intent { act=com.google.android.gms.chimera.container.CONTAINER_UPDATED pkg=com.google.android.gms }.
I/ChimeraConfigService( 2082): Scheduling checkin every 120 seconds, with flex of 60 seconds
I/constellation( 2082): [periodic_consent_checker] periodic consent checker is disabled.
D/dalvikvm( 1570): GC_FOR_ALLOC freed 1122K, 48% free 7707K/14816K, paused 9ms, total 10ms
I/dalvikvm( 2082): Could not find method java.util.Locale.forLanguageTag, referenced from method arfv.a
W/dalvikvm( 2082): VFY: unable to resolve static method 57637: Ljava/util/Locale;.forLanguageTag (Ljava/lang/String;)Ljava/util/Locale;
D/dalvikvm( 2082): VFY: replacing opcode 0x71 at 0x0023
D/dalvikvm( 2082): GC_FOR_ALLOC freed 1404K, 17% free 8074K/9664K, paused 6ms, total 6ms
I/Icing   ( 2082): updateResources: need to parse wwx{com.google.android.gms}
I/NearbySharing( 2082): Runtime state initialization complete. Sharing is disabled. [CONTEXT service_id=194 ]
I/dalvikvm( 2082): Could not find method android.telephony.SubscriptionManager.from, referenced from method arew.a
W/dalvikvm( 2082): VFY: unable to resolve static method 1982: Landroid/telephony/SubscriptionManager;.from (Landroid/content/Context;)Landroid/telephony/SubscriptionManager;
D/dalvikvm( 2082): VFY: replacing opcode 0x71 at 0x006c
D/        ( 2082): HostConnection::get() New Host Connection established 0xb9402b80, tid 2343
D/EGL_emulation( 2082): eglCreateContext: 0xb93d1bd0: maj 1 min 0 rcv 1
D/EGL_emulation( 2082): eglMakeCurrent: 0xb93d1bd0: ver 1 0
D/EGL_emulation( 2082): eglCreateContext: 0xb93e3440: maj 3 min 0 rcv 3
D/EGL_emulation( 2082): eglMakeCurrent: 0xb93e3440: ver 3 0
E/eglCodecCommon( 2082): glUtilsParamSize: unknow param 0x00008cdf
E/eglCodecCommon( 2082): glUtilsParamSize: unknow param 0x00008824
I/ActivityManager( 1570): Start proc com.google.android.gms.unstable for service com.google.android.gms/.droidguard.DroidGuardService: pid=2367 uid=10007 gids={50007, 3003, 1007, 1028, 1015, 3002, 3001, 3007, 2001, 3006}
W/dalvikvm( 2367): VFY: unable to resolve static field 1608 (PR_SET_DUMPABLE) in Landroid/system/OsConstants;
D/dalvikvm( 2367): VFY: replacing opcode 0x60 at 0x0017
W/dalvikvm( 2367): VFY: unable to find class referenced in signature (Lyqx;)
W/dalvikvm( 2367): VFY: unable to find class referenced in signature (Lyro;)
I/dalvikvm( 2367): Could not find method android.system.Os.readlink, referenced from method msk.a
W/dalvikvm( 2367): VFY: unable to resolve static method 3145: Landroid/system/Os;.readlink (Ljava/lang/String;)Ljava/lang/String;
D/dalvikvm( 2367): VFY: replacing opcode 0x71 at 0x00b0
I/dalvikvm( 2367): Could not find method android.os.PowerManager.isInteractive, referenced from method ndc.a
W/dalvikvm( 2367): VFY: unable to resolve virtual method 3046: Landroid/os/PowerManager;.isInteractive ()Z
D/dalvikvm( 2367): VFY: replacing opcode 0x6e at 0x0013
I/dalvikvm( 2367): Could not find method com.google.android.chimera.ModuleContext.getAttributionTag, referenced from method com.google.android.chimera.ModuleContext.createAttributionContext
W/dalvikvm( 2367): VFY: unable to resolve virtual method 14170: Lcom/google/android/chimera/ModuleContext;.getAttributionTag ()Ljava/lang/String;
D/dalvikvm( 2367): VFY: replacing opcode 0x6e at 0x0004
I/dalvikvm( 2367): Could not find method com.google.android.chimera.ContextThemeWrapper.createAttributionContext, referenced from method com.google.android.chimera.ModuleContext.createAttributionContext
W/dalvikvm( 2367): VFY: unable to resolve virtual method 13785: Lcom/google/android/chimera/ContextThemeWrapper;.createAttributionContext (Ljava/lang/String;)Landroid/content/Context;
D/dalvikvm( 2367): VFY: replacing opcode 0x6f at 0x0035
I/dalvikvm( 2367): Could not find method android.content.ContextWrapper.createCredentialProtectedStorageContext, referenced from method com.google.android.chimera.ModuleContext.createCredentialProtectedStorageContext
W/dalvikvm( 2367): VFY: unable to resolve virtual method 2508: Landroid/content/ContextWrapper;.createCredentialProtectedStorageContext ()Landroid/content/Context;
D/dalvikvm( 2367): VFY: replacing opcode 0x6f at 0x0002
I/dalvikvm( 2367): Could not find method android.content.ContextWrapper.createDeviceProtectedStorageContext, referenced from method com.google.android.chimera.ModuleContext.createDeviceProtectedStorageContext
W/dalvikvm( 2367): VFY: unable to resolve virtual method 2509: Landroid/content/ContextWrapper;.createDeviceProtectedStorageContext ()Landroid/content/Context;
D/dalvikvm( 2367): VFY: replacing opcode 0x6f at 0x0002
I/dalvikvm( 2367): Could not find method com.google.android.chimera.ContextThemeWrapper.sendBroadcastWithMultiplePermissions, referenced from method com.google.android.chimera.ModuleContext.sendBroadcastWithMultiplePermissions
W/dalvikvm( 2367): VFY: unable to resolve virtual method 13795: Lcom/google/android/chimera/ContextThemeWrapper;.sendBroadcastWithMultiplePermissions (Landroid/content/Intent;[Ljava/lang/String;)V
D/dalvikvm( 2367): VFY: replacing opcode 0x6f at 0x0009
I/MultiDex( 2367): VM with version 1.6.0 does not have multidex support
I/MultiDex( 2367): Installing application
I/MultiDex( 2367): MultiDexExtractor(/system/priv-app/PrebuiltGmsCore.apk, /data/data/com.google.android.gms/code_cache/secondary-dexes)
I/MultiDex( 2367): Blocking on lock /data/data/com.google.android.gms/code_cache/secondary-dexes/MultiDex.lock
I/MultiDex( 2367): /data/data/com.google.android.gms/code_cache/secondary-dexes/MultiDex.lock locked
I/MultiDex( 2367): MultiDexExtractor.load(/system/priv-app/PrebuiltGmsCore.apk, false, )
I/MultiDex( 2367): loading existing secondary dex files
I/MultiDex( 2367): load found 5 secondary dex files
I/MultiDex( 2367): install done
I/dalvikvm( 2367): Could not find method android.os.UserHandle.isOwner, referenced from method nmy.f
W/dalvikvm( 2367): VFY: unable to resolve virtual method 3081: Landroid/os/UserHandle;.isOwner ()Z
D/dalvikvm( 2367): VFY: replacing opcode 0x6e at 0x000a
D/dalvikvm( 2367): GC_FOR_ALLOC freed 377K, 16% free 3118K/3684K, paused 1ms, total 1ms
I/dalvikvm( 2367): Could not find method android.content.pm.PackageManager.getPackageInstaller, referenced from method men.a
W/dalvikvm( 2367): VFY: unable to resolve virtual method 2608: Landroid/content/pm/PackageManager;.getPackageInstaller ()Landroid/content/pm/PackageInstaller;
D/dalvikvm( 2367): VFY: replacing opcode 0x6e at 0x001c
W/DynamiteModule( 2367): Local module descriptor class for providerinstaller not found.
I/dalvikvm( 2367): Could not find method android.system.Os.readlink, referenced from method bse.a
W/dalvikvm( 2367): VFY: unable to resolve static method 3145: Landroid/system/Os;.readlink (Ljava/lang/String;)Ljava/lang/String;
D/dalvikvm( 2367): VFY: replacing opcode 0x71 at 0x0044
I/dalvikvm( 2367): Could not find method android.system.Os.symlink, referenced from method bse.a
W/dalvikvm( 2367): VFY: unable to resolve static method 3147: Landroid/system/Os;.symlink (Ljava/lang/String;Ljava/lang/String;)V
D/dalvikvm( 2367): VFY: replacing opcode 0x71 at 0x00b0
I/dalvikvm( 2367): Could not find method android.system.Os.stat, referenced from method bse.a
W/dalvikvm( 2367): VFY: unable to resolve static method 3146: Landroid/system/Os;.stat (Ljava/lang/String;)Landroid/system/StructStat;
D/dalvikvm( 2367): VFY: replacing opcode 0x71 at 0x0005
W/dalvikvm( 2367): VFY: unable to resolve static field 1615 (S_IXUSR) in Landroid/system/OsConstants;
D/dalvikvm( 2367): VFY: replacing opcode 0x60 at 0x0007
I/dalvikvm( 2367): Could not find method android.system.Os.stat, referenced from method bse.b
W/dalvikvm( 2367): VFY: unable to resolve static method 3146: Landroid/system/Os;.stat (Ljava/lang/String;)Landroid/system/StructStat;
D/dalvikvm( 2367): VFY: replacing opcode 0x71 at 0x0040
W/dalvikvm( 2367): VFY: unable to resolve static field 1612 (S_IRUSR) in Landroid/system/OsConstants;
D/dalvikvm( 2367): VFY: replacing opcode 0x60 at 0x0007
D/dalvikvm( 2367): DexOpt: couldn't find static field Landroid/os/Build;.SUPPORTED_64_BIT_ABIS
W/dalvikvm( 2367): VFY: unable to resolve static field 1539 (SUPPORTED_64_BIT_ABIS) in Landroid/os/Build;
D/dalvikvm( 2367): VFY: replacing opcode 0x62 at 0x0214
W/ProviderHelper( 2367): Unknown dynamite feature providerinstaller
I/DynamiteModule( 2367): Considering local module providerinstaller:0 and remote module providerinstaller:0
W/ProviderInstaller( 2367): Failed to load providerinstaller module: No acceptable module found. Local version is 0 and remote version is 0.
I/dalvikvm( 2367): Could not find method android.content.ContextWrapper.createCredentialProtectedStorageContext, referenced from method nfr.createCredentialProtectedStorageContext
W/dalvikvm( 2367): VFY: unable to resolve virtual method 2508: Landroid/content/ContextWrapper;.createCredentialProtectedStorageContext ()Landroid/content/Context;
D/dalvikvm( 2367): VFY: replacing opcode 0x6f at 0x0002
I/dalvikvm( 2367): Could not find method android.content.ContextWrapper.createDeviceProtectedStorageContext, referenced from method nfr.createDeviceProtectedStorageContext
W/dalvikvm( 2367): VFY: unable to resolve virtual method 2509: Landroid/content/ContextWrapper;.createDeviceProtectedStorageContext ()Landroid/content/Context;
D/dalvikvm( 2367): VFY: replacing opcode 0x6f at 0x0002
D/dalvikvm( 2367): DexOpt: couldn't find static field Landroid/os/Build;.SUPPORTED_64_BIT_ABIS
W/dalvikvm( 2367): VFY: unable to resolve static field 1539 (SUPPORTED_64_BIT_ABIS) in Landroid/os/Build;
D/dalvikvm( 2367): VFY: replacing opcode 0x62 at 0x0080
D/dalvikvm( 2367): DexOpt: couldn't find static field Landroid/os/Build;.SUPPORTED_ABIS
W/dalvikvm( 2367): VFY: unable to resolve static field 1540 (SUPPORTED_ABIS) in Landroid/os/Build;
D/dalvikvm( 2367): VFY: replacing opcode 0x62 at 0x00d3
V/NativeCrypto( 2367): Registering com/google/android/gms/org/conscrypt/NativeCrypto's 286 native methods...
W/dalvikvm( 2367): Unable to resolve superclass of Lcom/google/android/gms/org/conscrypt/TrustManagerImpl; (5184)
W/dalvikvm( 2367): Link of class 'Lcom/google/android/gms/org/conscrypt/TrustManagerImpl;' failed
I/dalvikvm( 2367): Could not find method com.google.android.gms.org.conscrypt.TrustManagerImpl.getDefaultHostnameVerifier, referenced from method com.google.android.gms.org.conscrypt.Conscrypt.getDefaultHostnameVerifier
W/dalvikvm( 2367): VFY: unable to resolve static method 17870: Lcom/google/android/gms/org/conscrypt/TrustManagerImpl;.getDefaultHostnameVerifier ()Lcom/google/android/gms/org/conscrypt/ConscryptHostnameVerifier;
D/dalvikvm( 2367): VFY: replacing opcode 0x71 at 0x0003
W/dalvikvm( 2367): Unable to resolve superclass of Lcom/google/android/gms/org/conscrypt/TrustManagerImpl; (5184)
W/dalvikvm( 2367): Link of class 'Lcom/google/android/gms/org/conscrypt/TrustManagerImpl;' failed
W/dalvikvm( 2367): VFY: unable to find class referenced in signature (Lcom/google/android/gms/org/conscrypt/TrustManagerImpl;)
W/dalvikvm( 2367): Unable to resolve superclass of Lcom/google/android/gms/org/conscrypt/TrustManagerImpl; (5184)
W/dalvikvm( 2367): Link of class 'Lcom/google/android/gms/org/conscrypt/TrustManagerImpl;' failed
I/dalvikvm( 2367): Could not find method com.google.android.gms.org.conscrypt.TrustManagerImpl.getHostnameVerifier, referenced from method com.google.android.gms.org.conscrypt.Conscrypt.getHostnameVerifier
W/dalvikvm( 2367): VFY: unable to resolve virtual method 17872: Lcom/google/android/gms/org/conscrypt/TrustManagerImpl;.getHostnameVerifier ()Lcom/google/android/gms/org/conscrypt/ConscryptHostnameVerifier;
D/dalvikvm( 2367): VFY: replacing opcode 0x6e at 0x0004
W/dalvikvm( 2367): Unable to resolve superclass of Lcom/google/android/gms/org/conscrypt/TrustManagerImpl; (5184)
W/dalvikvm( 2367): Link of class 'Lcom/google/android/gms/org/conscrypt/TrustManagerImpl;' failed
E/dalvikvm( 2367): Could not find class 'com.google.android.gms.org.conscrypt.TrustManagerImpl', referenced from method com.google.android.gms.org.conscrypt.Conscrypt.isConscrypt
W/dalvikvm( 2367): VFY: unable to resolve instanceof 4452 (Lcom/google/android/gms/org/conscrypt/TrustManagerImpl;) in Lcom/google/android/gms/org/conscrypt/Conscrypt;
D/dalvikvm( 2367): VFY: replacing opcode 0x20 at 0x0000
D/dalvikvm( 2367): GC_FOR_ALLOC freed 475K, 18% free 3154K/3816K, paused 2ms, total 2ms
W/dalvikvm( 2367): Unable to resolve superclass of Lcom/google/android/gms/org/conscrypt/TrustManagerImpl; (5184)
W/dalvikvm( 2367): Link of class 'Lcom/google/android/gms/org/conscrypt/TrustManagerImpl;' failed
I/dalvikvm( 2367): Could not find method com.google.android.gms.org.conscrypt.TrustManagerImpl.setDefaultHostnameVerifier, referenced from method com.google.android.gms.org.conscrypt.Conscrypt.setDefaultHostnameVerifier
W/dalvikvm( 2367): VFY: unable to resolve static method 17882: Lcom/google/android/gms/org/conscrypt/TrustManagerImpl;.setDefaultHostnameVerifier (Lcom/google/android/gms/org/conscrypt/ConscryptHostnameVerifier;)V
D/dalvikvm( 2367): VFY: replacing opcode 0x71 at 0x0003
W/dalvikvm( 2367): Unable to resolve superclass of Lcom/google/android/gms/org/conscrypt/TrustManagerImpl; (5184)
W/dalvikvm( 2367): Link of class 'Lcom/google/android/gms/org/conscrypt/TrustManagerImpl;' failed
W/dalvikvm( 2367): VFY: unable to find class referenced in signature (Lcom/google/android/gms/org/conscrypt/TrustManagerImpl;)
W/dalvikvm( 2367): Unable to resolve superclass of Lcom/google/android/gms/org/conscrypt/TrustManagerImpl; (5184)
W/dalvikvm( 2367): Link of class 'Lcom/google/android/gms/org/conscrypt/TrustManagerImpl;' failed
I/dalvikvm( 2367): Could not find method com.google.android.gms.org.conscrypt.TrustManagerImpl.setHostnameVerifier, referenced from method com.google.android.gms.org.conscrypt.Conscrypt.setHostnameVerifier
W/dalvikvm( 2367): VFY: unable to resolve virtual method 17883: Lcom/google/android/gms/org/conscrypt/TrustManagerImpl;.setHostnameVerifier (Lcom/google/android/gms/org/conscrypt/ConscryptHostnameVerifier;)V
D/dalvikvm( 2367): VFY: replacing opcode 0x6e at 0x0004
W/dalvikvm( 2367): Unable to resolve superclass of Lcom/google/android/gms/org/conscrypt/TrustManagerImpl; (5184)
W/dalvikvm( 2367): Link of class 'Lcom/google/android/gms/org/conscrypt/TrustManagerImpl;' failed
E/dalvikvm( 2367): Could not find class 'com.google.android.gms.org.conscrypt.TrustManagerImpl', referenced from method com.google.android.gms.org.conscrypt.Conscrypt.toConscrypt
W/dalvikvm( 2367): VFY: unable to resolve check-cast 4452 (Lcom/google/android/gms/org/conscrypt/TrustManagerImpl;) in Lcom/google/android/gms/org/conscrypt/Conscrypt;
D/dalvikvm( 2367): VFY: replacing opcode 0x1f at 0x002a
D/dalvikvm( 2367): GC_FOR_ALLOC freed 277K, 13% free 3377K/3844K, paused 2ms, total 2ms
D/dalvikvm( 2367): GC_FOR_ALLOC freed 134K, 9% free 3740K/4076K, paused 8ms, total 8ms
D/AndroidRuntime( 2387): 
D/AndroidRuntime( 2387): >>>>>> AndroidRuntime START com.android.internal.os.RuntimeInit <<<<<<
W/linker  ( 2387): libdvm.so has text relocations. This is wasting memory and is a security risk. Please fix.
D/dalvikvm( 2367): GC_FOR_ALLOC freed 130K, 8% free 4088K/4440K, paused 2ms, total 2ms
D/AndroidRuntime( 2387): CheckJNI is ON
D/dalvikvm( 2387): Trying to load lib libjavacore.so 0x0
D/dalvikvm( 2387): Added shared lib libjavacore.so 0x0
D/dalvikvm( 2387): Trying to load lib libnativehelper.so 0x0
D/dalvikvm( 2387): Added shared lib libnativehelper.so 0x0
D/dalvikvm( 2387): No JNI_OnLoad found in libnativehelper.so 0x0, skipping init
D/dalvikvm( 2387): Note: class Landroid/app/ActivityManagerNative; has 179 unimplemented (abstract) methods
D/dalvikvm( 2367): GC_FOR_ALLOC freed 105K, 8% free 4387K/4732K, paused 6ms, total 6ms
D/dalvikvm( 2367): GC_FOR_ALLOC freed 156K, 9% free 4667K/5084K, paused 2ms, total 2ms
E/dalvikvm( 2367): Could not find class 'javax.net.ssl.SNIServerName', referenced from method com.google.android.gms.org.conscrypt.Platform.getSniHostnameFromParams
W/dalvikvm( 2367): VFY: unable to resolve check-cast 5160 (Ljavax/net/ssl/SNIServerName;) in Lcom/google/android/gms/org/conscrypt/Platform;
D/dalvikvm( 2367): VFY: replacing opcode 0x1f at 0x0025
E/dalvikvm( 2367): Could not find class 'javax.net.ssl.SNIHostName', referenced from method com.google.android.gms.org.conscrypt.Platform.setParametersSniHostname
W/dalvikvm( 2367): VFY: unable to resolve new-instance 5159 (Ljavax/net/ssl/SNIHostName;) in Lcom/google/android/gms/org/conscrypt/Platform;
D/dalvikvm( 2367): VFY: replacing opcode 0x22 at 0x0024
E/dalvikvm( 2367): Could not find class 'javax.net.ssl.SNIHostName', referenced from method com.google.android.gms.org.conscrypt.Platform.setParametersSniHostname
W/dalvikvm( 2367): VFY: unable to resolve new-instance 5159 (Ljavax/net/ssl/SNIHostName;) in Lcom/google/android/gms/org/conscrypt/Platform;
D/dalvikvm( 2367): VFY: replacing opcode 0x22 at 0x0024
D/dalvikvm( 2367): DexOpt: unable to opt direct call 0x52f9 at 0x2a in Lcom/google/android/gms/org/conscrypt/Platform;.setParametersSniHostname
D/dalvikvm( 2367): DexOpt: unable to opt direct call 0x52f9 at 0x2a in Lcom/google/android/gms/org/conscrypt/Platform;.setParametersSniHostname
E/memtrack( 2387): Couldn't load memtrack module (No such file or directory)
E/android.os.Debug( 2387): failed to load memtrack module: -2
D/dalvikvm( 2367): GC_FOR_ALLOC freed 305K, 11% free 4862K/5416K, paused 3ms, total 3ms
I/ProviderInstaller( 2367): Installed default security provider GmsCore_OpenSSL
I/Safeboot( 2367): Checking safeboot...
I/Safeboot( 2367): Not entering safeboot; wrong process.
E/dalvikvm( 2367): Could not find class 'com.google.common.flogger.backend.google.GooglePlatform', referenced from method beui.a
W/dalvikvm( 2367): VFY: unable to resolve const-class 4605 (Lcom/google/common/flogger/backend/google/GooglePlatform;) in Lbeui;
D/dalvikvm( 2367): VFY: replacing opcode 0x1c at 0x001b
D/AndroidRuntime( 2387): Calling main entry com.android.commands.pm.Pm
D/AndroidRuntime( 2387): Shutting down VM
D/jdwp    ( 2387): Got wake-up signal, bailing out of select
D/dalvikvm( 2387): Debugger has detached; object registry had 1 entries
D/dalvikvm( 2367): DexOpt: couldn't find field Landroid/content/pm/ApplicationInfo;.splitSourceDirs
W/dalvikvm( 2367): VFY: unable to resolve instance field 1475
D/dalvikvm( 2367): VFY: replacing opcode 0x54 at 0x0055
D/dalvikvm( 2367): DexOpt: couldn't find static field Landroid/os/Build;.SUPPORTED_ABIS
W/dalvikvm( 2367): VFY: unable to resolve static field 1540 (SUPPORTED_ABIS) in Landroid/os/Build;
D/dalvikvm( 2367): VFY: replacing opcode 0x62 at 0x00d1
D/dalvikvm( 1800): GC_EXPLICIT freed 152K, 30% free 5374K/7640K, paused 1ms+1ms, total 5ms
D/dalvikvm( 2367): GC_FOR_ALLOC freed 346K, 10% free 5122K/5676K, paused 5ms, total 5ms
I/auxu    ( 2367): Primes not initialized, returning default (no-op) Primes instance which will ignore all calls. Please call Primes.initialize(...) before using any Primes API.
I/dalvikvm( 2367): Could not find method com.google.android.chimera.ContextThemeWrapper.createAttributionContext, referenced from method mnu.createAttributionContext
W/dalvikvm( 2367): VFY: unable to resolve virtual method 13785: Lcom/google/android/chimera/ContextThemeWrapper;.createAttributionContext (Ljava/lang/String;)Landroid/content/Context;
D/dalvikvm( 2367): VFY: replacing opcode 0x6f at 0x0002
I/dalvikvm( 2367): Could not find method android.content.ContextWrapper.createCredentialProtectedStorageContext, referenced from method mnu.createCredentialProtectedStorageContext
W/dalvikvm( 2367): VFY: unable to resolve virtual method 2508: Landroid/content/ContextWrapper;.createCredentialProtectedStorageContext ()Landroid/content/Context;
D/dalvikvm( 2367): VFY: replacing opcode 0x6f at 0x0002
I/dalvikvm( 2367): Could not find method android.content.ContextWrapper.createDeviceProtectedStorageContext, referenced from method mnu.createDeviceProtectedStorageContext
W/dalvikvm( 2367): VFY: unable to resolve virtual method 2509: Landroid/content/ContextWrapper;.createDeviceProtectedStorageContext ()Landroid/content/Context;
D/dalvikvm( 2367): VFY: replacing opcode 0x6f at 0x0002
I/dalvikvm( 2367): Could not find method android.content.Context.bindService, referenced from method uws.bindService
W/dalvikvm( 2367): VFY: unable to resolve virtual method 2453: Landroid/content/Context;.bindService (Landroid/content/Intent;ILjava/util/concurrent/Executor;Landroid/content/ServiceConnection;)Z
D/dalvikvm( 2367): VFY: replacing opcode 0x6e at 0x0018
I/dalvikvm( 2367): Could not find method android.content.Context.bindService, referenced from method uws.bindService
W/dalvikvm( 2367): VFY: unable to resolve virtual method 2453: Landroid/content/Context;.bindService (Landroid/content/Intent;ILjava/util/concurrent/Executor;Landroid/content/ServiceConnection;)Z
D/dalvikvm( 2367): VFY: replacing opcode 0x6e at 0x0030
I/dalvikvm( 2367): Could not find method android.content.Context.startForegroundService, referenced from method uws.startForegroundService
W/dalvikvm( 2367): VFY: unable to resolve virtual method 2501: Landroid/content/Context;.startForegroundService (Landroid/content/Intent;)Landroid/content/ComponentName;
D/dalvikvm( 2367): VFY: replacing opcode 0x6e at 0x001c
I/dalvikvm( 2367): Could not find method android.content.Context.startForegroundService, referenced from method uws.startForegroundService
W/dalvikvm( 2367): VFY: unable to resolve virtual method 2501: Landroid/content/Context;.startForegroundService (Landroid/content/Intent;)Landroid/content/ComponentName;
D/dalvikvm( 2367): VFY: replacing opcode 0x6e at 0x0028
I/dalvikvm( 2367): Could not find method android.os.PowerManager.isPowerSaveMode, referenced from method uwl.a
W/dalvikvm( 2367): VFY: unable to resolve virtual method 3047: Landroid/os/PowerManager;.isPowerSaveMode ()Z
D/dalvikvm( 2367): VFY: replacing opcode 0x6e at 0x0010
D/dalvikvm( 2367): GC_FOR_ALLOC freed 381K, 11% free 5399K/6020K, paused 6ms, total 6ms
W/DynamiteModule( 2082): Local module descriptor class for providerinstaller not found.
W/ProviderHelper( 2082): Unknown dynamite feature providerinstaller
I/DynamiteModule( 2082): Considering local module providerinstaller:0 and remote module providerinstaller:0
W/ProviderInstaller( 2082): Failed to load providerinstaller module: No acceptable module found. Local version is 0 and remote version is 0.
E/dalvikvm( 2367): Could not find class 'android.net.Network', referenced from method quq.a
W/dalvikvm( 2367): VFY: unable to resolve check-cast 1424 (Landroid/net/Network;) in Lquq;
D/dalvikvm( 2367): VFY: replacing opcode 0x1f at 0x0066
I/dalvikvm( 2367): Could not find method android.content.ServiceConnection.onNullBinding, referenced from method uxb.onNullBinding
W/dalvikvm( 2367): VFY: unable to resolve interface method 2566: Landroid/content/ServiceConnection;.onNullBinding (Landroid/content/ComponentName;)V
D/dalvikvm( 2367): VFY: replacing opcode 0x72 at 0x000f
D/dalvikvm( 2082): GC_FOR_ALLOC freed 872K, 15% free 8290K/9732K, paused 18ms, total 19ms
I/dalvikvm-heap( 2082): Grow heap (frag case) to 9.275MB for 1048588-byte allocation
D/dalvikvm( 2367): GC_FOR_ALLOC freed 247K, 8% free 5881K/6392K, paused 5ms, total 5ms
D/dalvikvm( 2082): GC_FOR_ALLOC freed 5K, 14% free 9309K/10760K, paused 10ms, total 10ms
E/StrictMode( 2082): Finalizing a Cursor that has not been deactivated or closed. database = /data/data/com.google.android.gms/databases/matchstickv9.db, table = sharedPreference, query = SELECT * FROM sharedPreference WHERE key = ?
E/StrictMode( 2082): android.database.sqlite.DatabaseObjectNotClosedException: Application did not close the cursor or database object that was opened here
E/StrictMode( 2082): 	at android.database.sqlite.SQLiteCursor.<init>(SQLiteCursor.java:98)
