E/StrictMode( 2082): 	at android.database.sqlite.SQLiteDirectCursorDriver.query(SQLiteDirectCursorDriver.java:50)
E/StrictMode( 2082): 	at android.database.sqlite.SQLiteDatabase.rawQueryWithFactory(SQLiteDatabase.java:1314)
E/StrictMode( 2082): 	at android.database.sqlite.SQLiteDatabase.queryWithFactory(SQLiteDatabase.java:1161)
E/StrictMode( 2082): 	at android.database.sqlite.SQLiteDatabase.query(SQLiteDatabase.java:1032)
E/StrictMode( 2082): 	at android.database.sqlite.SQLiteDatabase.query(SQLiteDatabase.java:1200)
E/StrictMode( 2082): 	at aqsg.a(:com.google.android.gms@202414005@20.24.14 (000700-319035315):7)
E/StrictMode( 2082): 	at aqsv.K(:com.google.android.gms@202414005@20.24.14 (000700-319035315):4)
E/StrictMode( 2082): 	at com.google.android.gms.matchstick.intent.MatchstickIntentHandler$OnModuleInitOperation.a(:com.google.android.gms@202414005@20.24.14 (000700-319035315):14)
E/StrictMode( 2082): 	at ljt.onHandleIntent(:com.google.android.gms@202414005@20.24.14 (000700-319035315):7)
E/StrictMode( 2082): 	at com.google.android.chimera.IntentOperation.onHandleIntent(:com.google.android.gms@202414005@20.24.14 (000700-319035315):2)
E/StrictMode( 2082): 	at ljm.onHandleIntent(:com.google.android.gms@202414005@20.24.14 (000700-319035315):4)
E/StrictMode( 2082): 	at bsh.run(:com.google.android.gms@202414005@20.24.14 (000700-319035315):5)
E/StrictMode( 2082): 	at bsg.run(:com.google.android.gms@202414005@20.24.14 (000700-319035315):10)
E/StrictMode( 2082): 	at java.util.concurrent.ThreadPoolExecutor.runWorker(ThreadPoolExecutor.java:1112)
E/StrictMode( 2082): 	at java.util.concurrent.ThreadPoolExecutor$Worker.run(ThreadPoolExecutor.java:587)
E/StrictMode( 2082): 	at java.lang.Thread.run(Thread.java:841)
I/dalvikvm( 2367): Could not find method android.net.Network.openConnection, referenced from method qsu.a
W/dalvikvm( 2367): VFY: unable to resolve virtual method 5072: Landroid/net/Network;.openConnection (Ljava/net/URL;)Ljava/net/URLConnection;
D/dalvikvm( 2367): VFY: replacing opcode 0x6e at 0x000f
I/dalvikvm( 2082): Could not find method android.system.Os.stat, referenced from method brj.a
W/dalvikvm( 2082): VFY: unable to resolve static method 3146: Landroid/system/Os;.stat (Ljava/lang/String;)Landroid/system/StructStat;
D/dalvikvm( 2082): VFY: replacing opcode 0x71 at 0x00d7
D/dalvikvm( 2082): GC_EXPLICIT freed 1619K, 27% free 8133K/10992K, paused 4ms+1ms, total 14ms
I/dalvikvm( 2082): Could not find method java.util.Locale.toLanguageTag, referenced from method com.google.android.libraries.matchstick.net.SilentRegisterIntentOperation.a
W/dalvikvm( 2082): VFY: unable to resolve virtual method 57646: Ljava/util/Locale;.toLanguageTag ()Ljava/lang/String;
D/dalvikvm( 2082): VFY: replacing opcode 0x6e at 0x0066
D/dalvikvm( 2367): GC_FOR_ALLOC freed 312K, 9% free 6436K/7032K, paused 4ms, total 5ms
E/dalvikvm( 2367): Could not find class 'android.net.Network', referenced from method quf.a
W/dalvikvm( 2367): VFY: unable to resolve check-cast 1424 (Landroid/net/Network;) in Lquf;
D/dalvikvm( 2367): VFY: replacing opcode 0x1f at 0x0075
I/dalvikvm( 2367): Could not find method android.os.UserManager.isManagedProfile, referenced from method nmn.g
W/dalvikvm( 2367): VFY: unable to resolve virtual method 4277: Landroid/os/UserManager;.isManagedProfile ()Z
D/dalvikvm( 2367): VFY: replacing opcode 0x6e at 0x0012
I/dalvikvm( 2367): Could not find method android.app.admin.DevicePolicyManager.getAccountTypesWithManagementDisabled, referenced from method nmn.i
W/dalvikvm( 2367): VFY: unable to resolve virtual method 2586: Landroid/app/admin/DevicePolicyManager;.getAccountTypesWithManagementDisabled ()[Ljava/lang/String;
D/dalvikvm( 2367): VFY: replacing opcode 0x6e at 0x002b
I/dalvikvm( 2367): Could not find method android.accounts.AccountManager.removeAccount, referenced from method ymq.c
W/dalvikvm( 2367): VFY: unable to resolve virtual method 4165: Landroid/accounts/AccountManager;.removeAccount (Landroid/accounts/Account;Landroid/app/Activity;Landroid/accounts/AccountManagerCallback;Landroid/os/Handler;)Landroid/accounts/AccountManagerFuture;
D/dalvikvm( 2367): VFY: replacing opcode 0x6e at 0x0009
I/dalvikvm( 2367): Could not find method android.accounts.AccountManager.removeAccountExplicitly, referenced from method ymq.d
W/dalvikvm( 2367): VFY: unable to resolve virtual method 4166: Landroid/accounts/AccountManager;.removeAccountExplicitly (Landroid/accounts/Account;)Z
D/dalvikvm( 2367): VFY: replacing opcode 0x6e at 0x0008
I/dalvikvm( 2367): Could not find method android.system.Os.stat, referenced from method nop.a
I/ahju    ( 2082): Cancel all previously scheduled polling [CONTEXT service_id=51 ]
I/ahju    ( 2082): Scheduling Phenotype for first execution 8943 seconds from now (1629044005527) [CONTEXT service_id=51 ]
I/dalvikvm( 2367): Could not find method android.os.PowerManager.isInteractive, referenced from method nol.a
W/dalvikvm( 2367): VFY: unable to resolve virtual method 4227: Landroid/os/PowerManager;.isInteractive ()Z
D/dalvikvm( 2367): VFY: replacing opcode 0x6e at 0x0006
D/AndroidRuntime( 2408): 
D/AndroidRuntime( 2408): >>>>>> AndroidRuntime START com.android.internal.os.RuntimeInit <<<<<<
W/dalvikvm( 2367): VFY: unable to resolve static method 3146: Landroid/system/Os;.stat (Ljava/lang/String;)Landroid/system/StructStat;
D/dalvikvm( 2367): VFY: replacing opcode 0x71 at 0x0182
W/linker  ( 2408): libdvm.so has text relocations. This is wasting memory and is a security risk. Please fix.
I/Auth    ( 2082): [AuthManaged,AuthManagedModuleInitIntentOperation] enabling com.google.android.gms.auth.managed.ui.EmmActivity
D/AndroidRuntime( 2408): CheckJNI is ON
D/dalvikvm( 2408): Trying to load lib libjavacore.so 0x0
D/dalvikvm( 2408): Added shared lib libjavacore.so 0x0
D/dalvikvm( 2408): Trying to load lib libnativehelper.so 0x0
D/dalvikvm( 2408): Added shared lib libnativehelper.so 0x0
D/dalvikvm( 2408): No JNI_OnLoad found in libnativehelper.so 0x0, skipping init
I/Auth    ( 2082): [AuthManaged,AuthManagedModuleInitIntentOperation] enabling com.google.android.gms.auth.managed.ui.PhoneskyDpcInstallActivity
D/dalvikvm( 2408): Note: class Landroid/app/ActivityManagerNative; has 179 unimplemented (abstract) methods
I/Auth    ( 2082): [AuthManaged,AuthManagedModuleInitIntentOperation] disabling com.google.android.gms.auth.managed.ui.SettingsSecurityDeviceOwnerActivity
I/dalvikvm( 2082): Could not find method android.app.admin.DevicePolicyManager.getProfileOwner, referenced from method com.google.android.gms.auth.managed.intentoperations.SetupWorkProfileSettingsIntentOperation.a
W/dalvikvm( 2082): VFY: unable to resolve virtual method 2591: Landroid/app/admin/DevicePolicyManager;.getProfileOwner ()Landroid/content/ComponentName;
D/dalvikvm( 2082): VFY: replacing opcode 0x6e at 0x0028
I/Auth    ( 2082): [AuthManaged,PasswordComplexityHelperImpl] Updating password complexity components state.
I/Auth    ( 2082): [AuthManaged,PasswordComplexityHelperImpl] Disabling com.google.android.gms.auth.managed.admin.DeviceAdminReceiver
I/Auth    ( 2082): [AuthManaged,PasswordComplexityHelperImpl] Disabling com.google.android.gms.auth.managed.ui.SetNewPasswordActivity
D/dalvikvm( 2082): DexOpt: --- BEGIN 'AdsDynamite.apk' (bootstrap=0) ---
W/linker  ( 2422): libdvm.so has text relocations. This is wasting memory and is a security risk. Please fix.
E/memtrack( 2408): Couldn't load memtrack module (No such file or directory)
E/android.os.Debug( 2408): failed to load memtrack module: -2
D/AndroidRuntime( 2408): Calling main entry com.android.commands.pm.Pm
D/AndroidRuntime( 2408): Shutting down VM
D/jdwp    ( 2408): Got wake-up signal, bailing out of select
D/dalvikvm( 2408): Debugger has detached; object registry had 1 entries
D/dalvikvm( 2367): GC_FOR_ALLOC freed 687K, 12% free 6848K/7772K, paused 5ms, total 6ms
I/ChromeSync( 2082): [Sync,SyncIntentOperation] Handling the intent: Intent { act=com.google.android.chimera.IntentOperation.NEW_MODULE (has extras) }.
D/dalvikvm( 1570): GC_FOR_ALLOC freed 1360K, 50% free 7523K/14816K, paused 7ms, total 8ms
I/FA-SVC  ( 2082): App measurement initialized, version: 202414
I/AutofillModuleInitInten( 2082): AutofillModuleInitIntentOperation onInitRuntimeState(12) [CONTEXT service_id=177 ]
I/Icing   ( 2082): Internal init done: storage state 0
I/Icing   ( 2082): Indexing com.google.android.gms-sms from com.google.android.gms
D/dalvikvm( 2082): GC_FOR_ALLOC freed 1468K, 24% free 8402K/10992K, paused 10ms, total 12ms
I/dalvikvm( 2082): Failed resolving Lnkj; interface 845 'Landroid/net/ConnectivityManager$OnNetworkActiveListener;'
W/dalvikvm( 2082): Link of class 'Lnkj;' failed
I/Icing   ( 2082): IndexChimeraService.getServiceInterface callingPackage=com.google.android.gms componentName=AppsCorpus serviceId=32
I/dalvikvm( 2082): Could not find method nkj.a, referenced from method com.google.android.gms.common.stats.GmsCoreStatsChimeraService.onCreate
W/dalvikvm( 2082): VFY: unable to resolve static method 54667: Lnkj;.a ()Lnkj;
D/dalvikvm( 2082): VFY: replacing opcode 0x71 at 0x0009
I/dalvikvm( 2082): Failed resolving Lnkj; interface 845 'Landroid/net/ConnectivityManager$OnNetworkActiveListener;'
W/dalvikvm( 2082): Link of class 'Lnkj;' failed
I/dalvikvm( 2082): Could not find method nkj.a, referenced from method com.google.android.gms.common.stats.GmsCoreStatsChimeraService.onDestroy
W/dalvikvm( 2082): VFY: unable to resolve static method 54667: Lnkj;.a ()Lnkj;
D/dalvikvm( 2082): VFY: replacing opcode 0x71 at 0x0009
I/dalvikvm( 1778): Failed resolving Lnkj; interface 845 'Landroid/net/ConnectivityManager$OnNetworkActiveListener;'
W/dalvikvm( 1778): Link of class 'Lnkj;' failed
I/dalvikvm( 1778): Could not find method nkj.a, referenced from method com.google.android.gms.common.stats.GmsCoreStatsChimeraService.onCreate
W/dalvikvm( 1778): VFY: unable to resolve static method 54667: Lnkj;.a ()Lnkj;
D/dalvikvm( 1778): VFY: replacing opcode 0x71 at 0x0009
I/dalvikvm( 1778): Failed resolving Lnkj; interface 845 'Landroid/net/ConnectivityManager$OnNetworkActiveListener;'
W/dalvikvm( 1778): Link of class 'Lnkj;' failed
I/dalvikvm( 1778): Could not find method nkj.a, referenced from method com.google.android.gms.common.stats.GmsCoreStatsChimeraService.onDestroy
W/dalvikvm( 1778): VFY: unable to resolve static method 54667: Lnkj;.a ()Lnkj;
D/dalvikvm( 1778): VFY: replacing opcode 0x71 at 0x0009
D/dalvikvm( 2367): GC_FOR_ALLOC freed 2067K, 32% free 5689K/8324K, paused 4ms, total 4ms
D/dalvikvm( 2367): GC_FOR_ALLOC freed 169K, 31% free 5800K/8324K, paused 4ms, total 4ms
I/dalvikvm-heap( 2367): Grow heap (frag case) to 6.296MB for 475319-byte allocation
I/Icing   ( 2082): IndexChimeraService.getServiceInterface callingPackage=com.google.android.gms componentName=null serviceId=36
D/dalvikvm( 2367): GC_FOR_ALLOC freed <1K, 29% free 6264K/8792K, paused 5ms, total 5ms
D/dalvikvm( 2367): GC_FOR_ALLOC freed <1K, 29% free 6263K/8792K, paused 3ms, total 3ms
I/Icing   ( 2082): IndexChimeraService.getServiceInterface callingPackage=com.google.android.gms componentName=IpaAppsCorpus serviceId=32
I/dalvikvm-heap( 2367): Grow heap (frag case) to 6.750MB for 475319-byte allocation
D/dalvikvm( 2367): GC_FOR_ALLOC freed 464K, 33% free 6263K/9260K, paused 2ms, total 2ms
I/Icing   ( 2082): IndexChimeraService.getServiceInterface callingPackage=com.google.android.gms componentName=null serviceId=30
D/AndroidRuntime( 2432): 
D/AndroidRuntime( 2432): >>>>>> AndroidRuntime START com.android.internal.os.RuntimeInit <<<<<<
W/linker  ( 2432): libdvm.so has text relocations. This is wasting memory and is a security risk. Please fix.
I/Fido    ( 2082): [FidoInitIntentOperation] Initializing Fido module, InitRuntimeState=12
D/AndroidRuntime( 2432): CheckJNI is ON
D/dalvikvm( 2432): Trying to load lib libjavacore.so 0x0
D/dalvikvm( 2432): Added shared lib libjavacore.so 0x0
D/dalvikvm( 2432): Trying to load lib libnativehelper.so 0x0
D/dalvikvm( 2432): Added shared lib libnativehelper.so 0x0
D/dalvikvm( 2432): No JNI_OnLoad found in libnativehelper.so 0x0, skipping init
D/dalvikvm( 2367): GC_FOR_ALLOC freed 476K, 33% free 6255K/9260K, paused 4ms, total 4ms
D/dalvikvm( 2367): GC_FOR_ALLOC freed 3K, 27% free 6767K/9260K, paused 2ms, total 3ms
I/dalvikvm-heap( 2367): Grow heap (frag case) to 7.195MB for 426603-byte allocation
D/dalvikvm( 2367): GC_FOR_ALLOC freed 930K, 36% free 6253K/9680K, paused 8ms, total 8ms
D/dalvikvm( 2432): Note: class Landroid/app/ActivityManagerNative; has 179 unimplemented (abstract) methods
D/dalvikvm( 2367): DexOpt: --- BEGIN 'the.apk' (bootstrap=0) ---
W/linker  ( 2441): libdvm.so has text relocations. This is wasting memory and is a security risk. Please fix.
D/dalvikvm( 1800): GC_EXPLICIT freed 135K, 30% free 5374K/7640K, paused 0ms+0ms, total 28ms
E/dalvikvm( 2082): Could not find class 'android.security.keystore.KeyGenParameterSpec$Builder', referenced from method rwq.a
W/dalvikvm( 2082): VFY: unable to resolve new-instance 1527 (Landroid/security/keystore/KeyGenParameterSpec$Builder;) in Lrwq;
D/dalvikvm( 2082): VFY: replacing opcode 0x22 at 0x0034
D/dalvikvm( 2082): DexOpt: unable to opt direct call 0x153f at 0x37 in Lrwq;.a
E/dalvikvm( 2082): Could not find class 'android.security.keystore.KeyGenParameterSpec$Builder', referenced from method rws.a
W/dalvikvm( 2082): VFY: unable to resolve new-instance 1527 (Landroid/security/keystore/KeyGenParameterSpec$Builder;) in Lrws;
D/dalvikvm( 2082): VFY: replacing opcode 0x22 at 0x000b
D/dalvikvm( 2082): DexOpt: unable to opt direct call 0x153f at 0x12 in Lrws;.a
I/Icing   ( 2082): Indexing done com.google.android.gms-sms
E/memtrack( 2432): Couldn't load memtrack module (No such file or directory)
E/android.os.Debug( 2432): failed to load memtrack module: -2
I/Icing   ( 2082): Indexing com.google.android.gms-apps from com.google.android.gms
D/dalvikvm( 2441): DexOpt: load 3ms, verify+opt 4ms, 207932 bytes
D/AndroidRuntime( 2432): Calling main entry com.android.commands.pm.Pm
D/dalvikvm( 2367): DexOpt: --- END 'the.apk' (success) ---
D/dalvikvm( 2367): DEX prep '/data/data/com.google.android.gms/app_dg_cache/332DF7A96159CC0FFEB819779627D9C94920AA73/the.apk': unzip in 0ms, rewrite 72ms
D/AndroidRuntime( 2432): Shutting down VM
D/jdwp    ( 2432): Got wake-up signal, bailing out of select
D/dalvikvm( 2432): Debugger has detached; object registry had 1 entries
I/ahju    ( 1778): Scheduling Phenotype for a PhenotypeSyncImmediately(6, com.google.android.gms.lockbox) one off with window [1, 2] in seconds [CONTEXT service_id=51 ]
D/dalvikvm( 2367): Trying to load lib /data/data/com.google.android.gms/app_dg_cache/332DF7A96159CC0FFEB819779627D9C94920AA73/libdCD96A5AB8310.so 0x9d1cdad0
D/dalvikvm( 2367): Added shared lib /data/data/com.google.android.gms/app_dg_cache/332DF7A96159CC0FFEB819779627D9C94920AA73/libdCD96A5AB8310.so 0x9d1cdad0
D/dalvikvm( 2422): DexOpt: couldn't find field Landroid/view/WindowManager$LayoutParams;.layoutInDisplayCutoutMode
D/dalvikvm( 1570): GC_FOR_ALLOC freed 1106K, 50% free 7550K/14816K, paused 7ms, total 7ms
I/NewModuleOp( 2082): Enable component: com.google.android.gms.languageprofile.GcmReceiverService [CONTEXT service_id=167 ]
I/NewModuleOp( 2082): Enable component: com.google.android.gms.languageprofile.GcmTaskService [CONTEXT service_id=167 ]
I/Icing   ( 2082): Query from package: com.google.android.gms, component: AppsCorpus, restrict package: com.google.android.gms, start: 0, num: 100 maxNumSlices: 2147483647
I/Icing   ( 2082): Query from package: com.google.android.gms, component: IpaAppsCorpus, restrict package: com.google.android.gms, start: 0, num: 100 maxNumSlices: 2147483647
I/NewModuleOp( 2082): Schedule LanguageProfileGcmTaskChimeraService tasks. [CONTEXT service_id=167 ]
D/dalvikvm( 2082): GC_FOR_ALLOC freed 1500K, 21% free 8728K/10992K, paused 21ms, total 21ms
I/LockboxService( 1778): Completed task: true [CONTEXT service_id=26 ]
D/dalvikvm( 2367): GC_FOR_ALLOC freed 1830K, 44% free 5512K/9680K, paused 5ms, total 5ms
I/LPGcmTaskChimeraService( 2082): Unscheduling sync tasks. [CONTEXT service_id=167 ]
E/native  ( 2082): score-accumulator.cc:249 No scoring data for corpus [1]
D/AndroidRuntime( 2454): 
D/AndroidRuntime( 2454): >>>>>> AndroidRuntime START com.android.internal.os.RuntimeInit <<<<<<
W/linker  ( 2454): libdvm.so has text relocations. This is wasting memory and is a security risk. Please fix.
D/AndroidRuntime( 2454): CheckJNI is ON
D/dalvikvm( 2454): Trying to load lib libjavacore.so 0x0
D/dalvikvm( 2454): Added shared lib libjavacore.so 0x0
D/dalvikvm( 2454): Trying to load lib libnativehelper.so 0x0
D/dalvikvm( 2454): Added shared lib libnativehelper.so 0x0
D/dalvikvm( 2454): No JNI_OnLoad found in libnativehelper.so 0x0, skipping init
E/GmscoreIpa( 2082): Query failed: 8: Not authorized to read requested corpora [CONTEXT service_id=255 ]
I/TelephonySpam( 2082): TelephonySpamInit - onModuleUpdated TelephonySpam module initialized
I/TelephonySpam( 2082): SpamListSync - scheduleSyncTasks
I/TelephonySpam( 2082): SpamListSync - schedulePeriodicTask
I/TelephonySpam( 2082): SpamListSync - scheduleOneTimeTask
D/dalvikvm( 2454): Note: class Landroid/app/ActivityManagerNative; has 179 unimplemented (abstract) methods
D/dalvikvm( 1800): GC_EXPLICIT freed 138K, 30% free 5372K/7640K, paused 0ms+0ms, total 15ms
D/        ( 2367): HostConnection::get() New Host Connection established 0xb91e3000, tid 2378
D/EGL_emulation( 2367): eglCreateContext: 0xb925e790: maj 3 min 0 rcv 3
D/EGL_emulation( 2367): eglMakeCurrent: 0xb925e790: ver 3 0
E/eglCodecCommon( 2367): glUtilsParamSize: unknow param 0x00008cdf
E/eglCodecCommon( 2367): glUtilsParamSize: unknow param 0x00008824
E/memtrack( 2454): Couldn't load memtrack module (No such file or directory)
E/android.os.Debug( 2454): failed to load memtrack module: -2
D/dalvikvm( 2367): GC_FOR_ALLOC freed 836K, 43% free 5518K/9680K, paused 3ms, total 3ms
D/AndroidRuntime( 2454): Calling main entry com.android.commands.pm.Pm
I/PackageManager( 1570): Running dexopt on: com.android.defcontainer
I/ActivityManager( 1570): Start proc com.android.defcontainer for service com.android.defcontainer/.DefaultContainerService: pid=2468 uid=10003 gids={50003, 1028, 1015, 1023, 2001, 1035}
W/linker  ( 2480): libdvm.so has text relocations. This is wasting memory and is a security risk. Please fix.
D/EGL_emulation( 2367): eglCreateContext: 0xb9220460: maj 3 min 0 rcv 3
D/EGL_emulation( 2367): eglMakeCurrent: 0xb9220460: ver 3 0
E/eglCodecCommon( 2367): glUtilsParamSize: unknow param 0x00008cdf
E/eglCodecCommon( 2367): glUtilsParamSize: unknow param 0x00008824
D/dalvikvm( 2480): DexOpt: load 1ms, verify+opt 5ms, 201428 bytes
W/ActivityManager( 1570): No content provider found for permission revoke: file:///data/local/tmp/AndroidRipperService.apk
W/ActivityManager( 1570): No content provider found for permission revoke: file:///data/local/tmp/AndroidRipperService.apk
I/PackageManager( 1570): Copying native libraries to /data/app-lib/vmdl415400868
W/GCoreFlp( 1778): No location to return for getLastLocation()
I/PackageParser( 1570): it.unina.android.ripper_service: compat added android.permission.WRITE_EXTERNAL_STORAGE android.permission.READ_PHONE_STATE
D/dalvikvm( 2422): DexOpt: load 53ms, verify+opt 825ms, 2655180 bytes
D/        ( 2367): HostConnection::get() New Host Connection established 0xb92058e0, tid 2406
D/EGL_emulation( 2367): eglCreateContext: 0xb91e1fd0: maj 3 min 0 rcv 3
D/EGL_emulation( 2367): eglMakeCurrent: 0xb91e1fd0: ver 3 0
E/eglCodecCommon( 2367): glUtilsParamSize: unknow param 0x00008cdf
E/eglCodecCommon( 2367): glUtilsParamSize: unknow param 0x00008824
I/PackageManager( 1570): Running dexopt on: it.unina.android.ripper_service
W/linker  ( 2485): libdvm.so has text relocations. This is wasting memory and is a security risk. Please fix.
D/dalvikvm( 2082): GC_FOR_ALLOC freed 1617K, 18% free 9046K/10992K, paused 11ms, total 11ms
I/MdiSyncModule( 2082): initializing module...
E/ahif    ( 1778): Phenotype API error. Event # bqfe@ef0d798f, EventCode: 32 [CONTEXT service_id=51 ]
E/ahif    ( 1778): ahhj: 29503
E/ahif    ( 1778): 	at ahjk.b(:com.google.android.gms@202414005@20.24.14 (000700-319035315):7)
E/ahif    ( 1778): 	at ahif.a(:com.google.android.gms@202414005@20.24.14 (000700-319035315):85)
E/ahif    ( 1778): 	at ahif.a(:com.google.android.gms@202414005@20.24.14 (000700-319035315):80)
E/ahif    ( 1778): 	at uun.run(:com.google.android.gms@202414005@20.24.14 (000700-319035315):9)
E/ahif    ( 1778): 	at bcny.run(:com.google.android.gms@202414005@20.24.14 (000700-319035315):2)
E/ahif    ( 1778): 	at nlp.b(:com.google.android.gms@202414005@20.24.14 (000700-319035315):12)
E/ahif    ( 1778): 	at nlp.run(:com.google.android.gms@202414005@20.24.14 (000700-319035315):7)
E/ahif    ( 1778): 	at java.util.concurrent.ThreadPoolExecutor.runWorker(ThreadPoolExecutor.java:1112)
E/ahif    ( 1778): 	at java.util.concurrent.ThreadPoolExecutor$Worker.run(ThreadPoolExecutor.java:587)
E/ahif    ( 1778): 	at nrd.run(:com.google.android.gms@202414005@20.24.14 (000700-319035315):0)
E/ahif    ( 1778): 	at java.lang.Thread.run(Thread.java:841)
I/CheckinUtil( 2082): Classify the device as Phone. [CONTEXT service_id=130 ]
D/dalvikvm( 2082): DexOpt: --- END 'AdsDynamite.apk' (success) ---
D/dalvikvm( 2082): DEX prep '/data/data/com.google.android.gms/app_chimera/m/00000000/AdsDynamite.apk': unzip in 185ms, rewrite 1014ms
D/EGL_emulation( 2367): eglCreateContext: 0xb91e5d80: maj 3 min 0 rcv 3
D/EGL_emulation( 2367): eglMakeCurrent: 0xb91e5d80: ver 3 0
E/eglCodecCommon( 2367): glUtilsParamSize: unknow param 0x00008cdf
E/eglCodecCommon( 2367): glUtilsParamSize: unknow param 0x00008824
I/GmsSyncPolicyEngine( 2082): Periodic sync 3 disabled
I/MdiSyncModule( 2082): module initialization completed
E/AsyncOperation( 1778): serviceID=51, operation=SetAppSpecificPropertiesOperationCall
E/AsyncOperation( 1778): OperationException[Status{statusCode=unknown status code: 29503, resolution=null}]
E/AsyncOperation( 1778): 	at ahif.a(:com.google.android.gms@202414005@20.24.14 (000700-319035315):87)
E/AsyncOperation( 1778): 	at ahif.a(:com.google.android.gms@202414005@20.24.14 (000700-319035315):80)
E/AsyncOperation( 1778): 	at uun.run(:com.google.android.gms@202414005@20.24.14 (000700-319035315):9)
E/AsyncOperation( 1778): 	at bcny.run(:com.google.android.gms@202414005@20.24.14 (000700-319035315):2)
E/AsyncOperation( 1778): 	at nlp.b(:com.google.android.gms@202414005@20.24.14 (000700-319035315):12)
E/AsyncOperation( 1778): 	at nlp.run(:com.google.android.gms@202414005@20.24.14 (000700-319035315):7)
E/AsyncOperation( 1778): 	at java.util.concurrent.ThreadPoolExecutor.runWorker(ThreadPoolExecutor.java:1112)
E/AsyncOperation( 1778): 	at java.util.concurrent.ThreadPoolExecutor$Worker.run(ThreadPoolExecutor.java:587)
E/AsyncOperation( 1778): 	at nrd.run(:com.google.android.gms@202414005@20.24.14 (000700-319035315):0)
E/AsyncOperation( 1778): 	at java.lang.Thread.run(Thread.java:841)
D/dalvikvm( 1800): GC_EXPLICIT freed 137K, 30% free 5373K/7640K, paused 1ms+0ms, total 5ms
D/dalvikvm( 2485): DexOpt: load 15ms, verify+opt 65ms, 1117628 bytes
I/ActivityManager( 1570): Force stopping it.unina.android.ripper_service appid=10057 user=-1: update pkg
D/dalvikvm( 2082): GC_EXPLICIT freed 1300K, 18% free 9050K/10992K, paused 3ms+1ms, total 12ms
W/DynamiteModule( 2082): Local module descriptor class for providerinstaller not found.
I/DynamiteModule( 2082): Considering local module providerinstaller:0 and remote module providerinstaller:0
W/ProviderInstaller( 2082): Failed to load providerinstaller module: No acceptable module found. Local version is 0 and remote version is 0.
I/dalvikvm( 2082): Could not find method android.os.PowerManager.isInteractive, referenced from method nol.a
W/dalvikvm( 2082): VFY: unable to resolve virtual method 4227: Landroid/os/PowerManager;.isInteractive ()Z
D/dalvikvm( 2082): VFY: replacing opcode 0x6e at 0x0006
D/dalvikvm( 2082): GC_FOR_ALLOC freed 290K, 19% free 9012K/10992K, paused 9ms, total 9ms
I/dalvikvm-heap( 2082): Grow heap (frag case) to 10.042MB for 1048588-byte allocation
D/dalvikvm( 2082): GC_FOR_ALLOC freed 5K, 17% free 10031K/12020K, paused 11ms, total 16ms
D/dalvikvm( 1570): GC_FOR_ALLOC freed 1082K, 49% free 7601K/14816K, paused 8ms, total 8ms
D/dalvikvm( 2082): GC_FOR_ALLOC freed 1249K, 26% free 9014K/12020K, paused 11ms, total 11ms
I/InputReader( 1570): Reconfiguring input devices.  changes=0x00000010
D/BackupManagerService( 1570): Received broadcast Intent { act=android.intent.action.PACKAGE_ADDED dat=package:it.unina.android.ripper_service flg=0x4000010 (has extras) }
V/BackupManagerService( 1570): addPackageParticipantsLocked: #1
I/PackageManager( 1570):   Action: "android.intent.action.SENDTO"
I/PackageManager( 1570):   Category: "android.intent.category.DEFAULT"
I/PackageManager( 1570):   Scheme: "sms"
I/PackageManager( 1570): Adding preferred activity ComponentInfo{com.android.mms/com.android.mms.ui.ComposeMessageActivity} for user 0 :
I/Ads     ( 2082): Parental control value is stale. Refreshing.
I/PackageManager( 1570):   Action: "android.intent.action.SENDTO"
I/PackageManager( 1570):   Category: "android.intent.category.DEFAULT"
I/PackageManager( 1570):   Scheme: "smsto"
I/PackageManager( 1570): Adding preferred activity ComponentInfo{com.android.mms/com.android.mms.ui.ComposeMessageActivity} for user 0 :
W/Ads     ( 2082): Play store is not installed or the service for parental controls is not available.
I/Ads     ( 2082): Initialized AdMob in container 20.24.14 (000700-319035315)
I/PackageManager( 1570):   Action: "android.intent.action.SENDTO"
I/PackageManager( 1570):   Category: "android.intent.category.DEFAULT"
I/PackageManager( 1570):   Scheme: "mms"
I/PackageManager( 1570): Adding preferred activity ComponentInfo{com.android.mms/com.android.mms.ui.ComposeMessageActivity} for user 0 :
D/dalvikvm( 1837): GC_FOR_ALLOC freed 341K, 17% free 3649K/4356K, paused 3ms, total 3ms
I/PackageManager( 1570):   Action: "android.intent.action.SENDTO"
I/PackageManager( 1570):   Category: "android.intent.category.DEFAULT"
I/PackageManager( 1570):   Scheme: "mmsto"
D/dalvikvm( 1570): GC_EXPLICIT freed 910K, 48% free 7712K/14816K, paused 3ms+2ms, total 28ms
D/AndroidRuntime( 2454): Shutting down VM
D/jdwp    ( 2454): Got wake-up signal, bailing out of select
D/dalvikvm( 2454): Debugger has detached; object registry had 1 entries
I/PackageManager( 1570): Adding preferred activity ComponentInfo{com.android.mms/com.android.mms.ui.ComposeMessageActivity} for user 0 :
I/PackageManager( 1570):   Action: "android.intent.action.SENDTO"
I/PackageManager( 1570):   Category: "android.intent.category.DEFAULT"
I/PackageManager( 1570):   Scheme: "sms"
I/PackageManager( 1570): Adding preferred activity ComponentInfo{com.android.mms/com.android.mms.ui.ComposeMessageActivity} for user 0 :
I/PackageManager( 1570):   Action: "android.intent.action.SENDTO"
I/PackageManager( 1570):   Category: "android.intent.category.DEFAULT"
I/PackageManager( 1570):   Scheme: "smsto"
I/PackageManager( 1570): Adding preferred activity ComponentInfo{com.android.mms/com.android.mms.ui.ComposeMessageActivity} for user 0 :
E/dalvikvm( 2082): Could not find class 'android.system.ErrnoException', referenced from method usb.b
W/dalvikvm( 2082): VFY: unable to resolve instanceof 1540 (Landroid/system/ErrnoException;) in Lusb;
D/dalvikvm( 2082): VFY: replacing opcode 0x20 at 0x0043
I/FusedLocation( 1570): engine stopped (com.android.location.fused)
I/PackageManager( 1570):   Action: "android.intent.action.SENDTO"
I/PackageManager( 1570):   Category: "android.intent.category.DEFAULT"
I/PackageManager( 1570):   Scheme: "mms"
I/PackageManager( 1570): Adding preferred activity ComponentInfo{com.android.mms/com.android.mms.ui.ComposeMessageActivity} for user 0 :
D/dalvikvm( 1837): GC_FOR_ALLOC freed 374K, 17% free 3640K/4356K, paused 3ms, total 3ms
I/PackageManager( 1570):   Action: "android.intent.action.SENDTO"
I/PackageManager( 1570):   Category: "android.intent.category.DEFAULT"
I/PackageManager( 1570):   Scheme: "mmsto"
I/PackageManager( 1570): Adding preferred activity ComponentInfo{com.android.mms/com.android.mms.ui.ComposeMessageActivity} for user 0 :
D/dalvikvm( 1778): GC_FOR_ALLOC freed 1587K, 18% free 8483K/10320K, paused 31ms, total 31ms
D/dalvikvm( 2367): GC_FOR_ALLOC freed 699K, 42% free 5658K/9680K, paused 4ms, total 4ms
D/dalvikvm( 2367): GC_FOR_ALLOC freed 350K, 39% free 5914K/9680K, paused 3ms, total 3ms
W/ProviderHelper( 2082): Unknown dynamite feature providerinstaller
I/DynamiteModule( 2082): Considering local module providerinstaller:0 and remote module providerinstaller:0
D/dalvikvm( 2367): GC_FOR_ALLOC freed 955K, 40% free 5894K/9680K, paused 3ms, total 3ms
I/FontLog ( 2082): No directory on disk newer than version 0 [CONTEXT service_id=132 ]
D/dalvikvm( 2367): GC_FOR_ALLOC freed 1K, 30% free 6830K/9680K, paused 3ms, total 3ms
D/dalvikvm( 2082): GC_FOR_ALLOC freed 1961K, 25% free 9072K/12020K, paused 13ms, total 13ms
I/DynamiteModule( 2082): Considering local module providerinstaller:0 and remote module providerinstaller:0
W/Conscrypt( 2082): Could not set socket write timeout: java.net.SocketException: Socket closed
W/Conscrypt( 2082): 	at com.google.android.gms.org.conscrypt.Platform.setSocketWriteTimeout(:com.google.android.gms@202414005@20.24.14 (000700-319035315):2)
W/Conscrypt( 2082): 	at com.google.android.gms.org.conscrypt.ConscryptFileDescriptorSocket.setSoWriteTimeout(:com.google.android.gms@202414005@20.24.14 (000700-319035315):0)
D/dalvikvm( 1819): GC_FOR_ALLOC freed 366K, 14% free 3380K/3928K, paused 1ms, total 1ms
I/MobileDataHub( 2082): Scheduling periodic tasks
D/dalvikvm( 1800): GC_EXPLICIT freed 132K, 30% free 5377K/7640K, paused 1ms+1ms, total 5ms
D/dalvikvm( 2082): GC_FOR_ALLOC freed 2062K, 25% free 9057K/12020K, paused 10ms, total 10ms
W/MobileDataHub( 2082): [Service] appsupload-periodic periodic task disabled
W/Conscrypt( 2082): Could not set socket write timeout: java.net.SocketException: Socket closed
W/Conscrypt( 2082): 	at com.google.android.gms.org.conscrypt.Platform.setSocketWriteTimeout(:com.google.android.gms@202414005@20.24.14 (000700-319035315):2)
W/Conscrypt( 2082): 	at com.google.android.gms.org.conscrypt.ConscryptFileDescriptorSocket.setSoWriteTimeout(:com.google.android.gms@202414005@20.24.14 (000700-319035315):0)
D/dalvikvm( 2082): GC_EXPLICIT freed 159K, 26% free 8992K/12020K, paused 2ms+0ms, total 9ms
D/dalvikvm( 2082): DexOpt: --- BEGIN 'CronetDynamite.apk' (bootstrap=0) ---
D/AndroidRuntime( 2500): 
D/AndroidRuntime( 2500): >>>>>> AndroidRuntime START com.android.internal.os.RuntimeInit <<<<<<
W/linker  ( 2500): libdvm.so has text relocations. This is wasting memory and is a security risk. Please fix.
D/AndroidRuntime( 2500): CheckJNI is ON
D/dalvikvm( 2500): Trying to load lib libjavacore.so 0x0
D/dalvikvm( 2500): Added shared lib libjavacore.so 0x0
D/dalvikvm( 2500): Trying to load lib libnativehelper.so 0x0
D/dalvikvm( 2500): Added shared lib libnativehelper.so 0x0
D/dalvikvm( 2500): No JNI_OnLoad found in libnativehelper.so 0x0, skipping init
W/linker  ( 2503): libdvm.so has text relocations. This is wasting memory and is a security risk. Please fix.
D/dalvikvm( 2500): Note: class Landroid/app/ActivityManagerNative; has 179 unimplemented (abstract) methods
W/Conscrypt( 2082): Could not set socket write timeout: java.net.SocketException: Socket closed
I/dalvikvm( 2082): Could not find method android.os.UserManager.getUserProfiles, referenced from method alze.a
W/dalvikvm( 2082): VFY: unable to resolve virtual method 29751: Landroid/os/UserManager;.getUserProfiles ()Ljava/util/List;
D/dalvikvm( 2082): VFY: replacing opcode 0x6e at 0x006a
W/Conscrypt( 2082): 	at com.google.android.gms.org.conscrypt.Platform.setSocketWriteTimeout(:com.google.android.gms@202414005@20.24.14 (000700-319035315):2)
W/Conscrypt( 2082): 	at com.google.android.gms.org.conscrypt.ConscryptFileDescriptorSocket.setSoWriteTimeout(:com.google.android.gms@202414005@20.24.14 (000700-319035315):0)
E/memtrack( 2500): Couldn't load memtrack module (No such file or directory)
E/android.os.Debug( 2500): failed to load memtrack module: -2
D/dalvikvm( 1570): GC_FOR_ALLOC freed 1233K, 49% free 7664K/14816K, paused 18ms, total 18ms
D/AndroidRuntime( 2500): Calling main entry com.android.commands.pm.Pm
D/AndroidRuntime( 2500): Shutting down VM
I/AndroidRuntime( 2500): NOTE: attach of thread 'Binder_1' failed
D/jdwp    ( 2500): Got wake-up signal, bailing out of select
D/dalvikvm( 2500): Debugger has detached; object registry had 1 entries
W/Conscrypt( 2082): Could not set socket write timeout: java.net.SocketException: Socket closed
I/Icing   ( 2082): MaintenanceDriver: Registering all GCM Tasks.
D/dalvikvm( 2503): DexOpt: couldn't find static field Landroid/os/Build;.SUPPORTED_ABIS
W/Conscrypt( 2082): 	at com.google.android.gms.org.conscrypt.Platform.setSocketWriteTimeout(:com.google.android.gms@202414005@20.24.14 (000700-319035315):2)
W/Conscrypt( 2082): 	at com.google.android.gms.org.conscrypt.ConscryptFileDescriptorSocket.setSoWriteTimeout(:com.google.android.gms@202414005@20.24.14 (000700-319035315):0)
I/dalvikvm( 2082): Could not find method android.os.UserHandle.isOwner, referenced from method ambv.a
W/dalvikvm( 2082): VFY: unable to resolve virtual method 29745: Landroid/os/UserHandle;.isOwner ()Z
D/dalvikvm( 2082): VFY: replacing opcode 0x6e at 0x000a
D/dalvikvm( 2503): DexOpt: load 3ms, verify+opt 26ms, 472172 bytes
D/dalvikvm( 2082): DexOpt: --- END 'CronetDynamite.apk' (success) ---
D/dalvikvm( 2082): DEX prep '/data/data/com.google.android.gms/app_chimera/m/00000001/CronetDynamite.apk': unzip in 1ms, rewrite 138ms
W/DynamiteModule( 2082): Local module descriptor class for providerinstaller not found.
D/dalvikvm( 2082): GC_FOR_ALLOC freed 1804K, 24% free 9211K/12020K, paused 9ms, total 10ms
W/ProviderHelper( 2082): Unknown dynamite feature providerinstaller
I/DynamiteModule( 2082): Considering local module providerinstaller:0 and remote module providerinstaller:0
W/ProviderInstaller( 2082): Failed to load providerinstaller module: No acceptable module found. Local version is 0 and remote version is 0.
D/dalvikvm( 2082): GC_EXPLICIT freed 1075K, 21% free 9583K/12020K, paused 4ms+5ms, total 42ms
D/dalvikvm( 2082): DexOpt: --- BEGIN 'DynamiteLoader.apk' (bootstrap=0) ---
I/dalvikvm( 1778): Could not find method android.os.UserManager.getUserProfiles, referenced from method alze.a
W/dalvikvm( 1778): VFY: unable to resolve virtual method 29751: Landroid/os/UserManager;.getUserProfiles ()Ljava/util/List;
D/dalvikvm( 1778): VFY: replacing opcode 0x6e at 0x006a
W/linker  ( 2534): libdvm.so has text relocations. This is wasting memory and is a security risk. Please fix.
I/dalvikvm( 1778): Could not find method android.os.UserHandle.isOwner, referenced from method ambv.a
W/dalvikvm( 1778): VFY: unable to resolve virtual method 29745: Landroid/os/UserHandle;.isOwner ()Z
D/dalvikvm( 1778): VFY: replacing opcode 0x6e at 0x000a
V/SmartDevice( 2082): [service,SmartDeviceIntentHandlers] OnUpgradeOrBootOperation got intent: Intent { act=com.google.android.chimera.IntentOperation.NEW_MODULE (has extras) } with flag 12
D/dalvikvm( 2534): DexOpt: couldn't find static field Landroid/os/Build;.SUPPORTED_64_BIT_ABIS
D/dalvikvm( 2534): DexOpt: couldn't find static field Landroid/os/Build;.SUPPORTED_64_BIT_ABIS
D/dalvikvm( 2534): DexOpt: couldn't find static field Landroid/os/Build;.SUPPORTED_64_BIT_ABIS
I/ChimeraCfgMgr( 2082): Received com.google.android.chimera.IntentOperation.NEW_MODULE(1/0): 1,true
D/AndroidRuntime( 2536): 
D/AndroidRuntime( 2536): >>>>>> AndroidRuntime START com.android.internal.os.RuntimeInit <<<<<<
D/dalvikvm( 2534): DexOpt: load 7ms, verify+opt 41ms, 376300 bytes
W/linker  ( 2536): libdvm.so has text relocations. This is wasting memory and is a security risk. Please fix.
D/AndroidRuntime( 2536): CheckJNI is ON
D/dalvikvm( 2536): Trying to load lib libjavacore.so 0x0
D/dalvikvm( 2536): Added shared lib libjavacore.so 0x0
D/dalvikvm( 2082): DexOpt: --- END 'DynamiteLoader.apk' (success) ---
D/dalvikvm( 2082): DEX prep '/data/data/com.google.android.gms/app_chimera/m/00000002/DynamiteLoader.apk': unzip in 1ms, rewrite 101ms
D/dalvikvm( 2536): Trying to load lib libnativehelper.so 0x0
D/dalvikvm( 2536): Added shared lib libnativehelper.so 0x0
D/dalvikvm( 2536): No JNI_OnLoad found in libnativehelper.so 0x0, skipping init
D/dalvikvm( 2536): Note: class Landroid/app/ActivityManagerNative; has 179 unimplemented (abstract) methods
W/DynamiteModule( 2082): Local module descriptor class for providerinstaller not found.
I/DynamiteModule( 2082): Considering local module providerinstaller:0 and remote module providerinstaller:0
W/ProviderInstaller( 2082): Failed to load providerinstaller module: No acceptable module found. Local version is 0 and remote version is 0.
D/dalvikvm( 2367): GC_FOR_ALLOC freed 2216K, 42% free 5621K/9680K, paused 4ms, total 5ms
E/memtrack( 2536): Couldn't load memtrack module (No such file or directory)
E/android.os.Debug( 2536): failed to load memtrack module: -2
D/AndroidRuntime( 2536): Calling main entry com.android.commands.pm.Pm
D/AndroidRuntime( 2536): Shutting down VM
D/jdwp    ( 2536): Got wake-up signal, bailing out of select
D/dalvikvm( 2536): Debugger has detached; object registry had 1 entries
I/AndroidRuntime( 2536): NOTE: attach of thread 'Binder_1' failed
D/EGL_emulation( 2367): eglCreateContext: 0xb91dc6d0: maj 3 min 0 rcv 3
D/EGL_emulation( 2367): eglMakeCurrent: 0xb91dc6d0: ver 3 0
E/eglCodecCommon( 2367): glUtilsParamSize: unknow param 0x00008cdf
E/eglCodecCommon( 2367): glUtilsParamSize: unknow param 0x00008824
D/dalvikvm( 2082): GC_EXPLICIT freed 1678K, 18% free 9953K/12020K, paused 5ms+1ms, total 18ms
D/dalvikvm( 2082): WAIT_FOR_CONCURRENT_GC blocked 11ms
D/dalvikvm( 2082): WAIT_FOR_CONCURRENT_GC blocked 11ms
D/dalvikvm( 2082): DexOpt: --- BEGIN 'DynamiteModulesA.apk' (bootstrap=0) ---
W/linker  ( 2547): libdvm.so has text relocations. This is wasting memory and is a security risk. Please fix.
D/EGL_emulation( 2367): eglCreateContext: 0xb922f7d0: maj 3 min 0 rcv 3
D/EGL_emulation( 2367): eglMakeCurrent: 0xb922f7d0: ver 3 0
E/eglCodecCommon( 2367): glUtilsParamSize: unknow param 0x00008cdf
E/eglCodecCommon( 2367): glUtilsParamSize: unknow param 0x00008824
D/dalvikvm( 2547): DexOpt: load 6ms, verify+opt 43ms, 775212 bytes
D/dalvikvm( 2082): DexOpt: --- END 'DynamiteModulesA.apk' (success) ---
D/dalvikvm( 2082): DEX prep '/data/data/com.google.android.gms/app_chimera/m/00000003/DynamiteModulesA.apk': unzip in 8ms, rewrite 128ms
I/GoogleSettingsUtils( 2082): Updated ID in checkin_id_token file [CONTEXT service_id=130 ]
D/ConnectivityService( 1570): handleInetConditionHoldEnd: net=0, condition=0, published condition=0
W/DynamiteModule( 2082): Local module descriptor class for providerinstaller not found.
I/DynamiteModule( 2082): Considering local module providerinstaller:0 and remote module providerinstaller:0
W/ProviderInstaller( 2082): Failed to load providerinstaller module: No acceptable module found. Local version is 0 and remote version is 0.
D/AndroidRuntime( 2548): 
D/AndroidRuntime( 2548): >>>>>> AndroidRuntime START com.android.internal.os.RuntimeInit <<<<<<
W/linker  ( 2548): libdvm.so has text relocations. This is wasting memory and is a security risk. Please fix.
D/AndroidRuntime( 2548): CheckJNI is ON
D/dalvikvm( 2548): Trying to load lib libjavacore.so 0x0
D/dalvikvm( 2548): Added shared lib libjavacore.so 0x0
D/dalvikvm( 2548): Trying to load lib libnativehelper.so 0x0
D/dalvikvm( 2548): Added shared lib libnativehelper.so 0x0
D/dalvikvm( 2548): No JNI_OnLoad found in libnativehelper.so 0x0, skipping init
D/dalvikvm( 2548): Note: class Landroid/app/ActivityManagerNative; has 179 unimplemented (abstract) methods
D/dalvikvm( 2082): GC_FOR_ALLOC freed 1186K, 12% free 10803K/12252K, paused 11ms, total 12ms
E/memtrack( 2548): Couldn't load memtrack module (No such file or directory)
E/android.os.Debug( 2548): failed to load memtrack module: -2
D/dalvikvm( 2082): GC_FOR_ALLOC freed <1K, 12% free 10815K/12252K, paused 14ms, total 14ms
I/dalvikvm-heap( 2082): Grow heap (frag case) to 11.717MB for 958476-byte allocation
D/AndroidRuntime( 2548): Calling main entry com.android.commands.am.Am
D/dalvikvm( 2082): GC_FOR_ALLOC freed <1K, 11% free 11750K/13192K, paused 24ms, total 24ms
D/AndroidRuntime( 2548): Shutting down VM
D/jdwp    ( 2548): Got wake-up signal, bailing out of select
D/dalvikvm( 2548): Debugger has detached; object registry had 1 entries
I/ActivityManager( 1570): Start proc it.unina.android.ripper_service:android_ripper_service_process for service it.unina.android.ripper_service/.AndroidRipperService: pid=2559 uid=10057 gids={50057, 3003, 1028, 1015}
V/AndroidRipperService( 2559): onCreate()
V/SERVER  ( 2559): Starting ServerSocket on PORT 18888
V/SERVER  ( 2559): Started ServerSocket on PORT 18888
V/SERVER  ( 2559): Ready to accept connections on port: 18888
I/CheckinResponseProcess( 2082): From server: 1518 gservices [full] [CONTEXT service_id=130 ]
I/Icing   ( 2082): Indexing com.google.android.gms-contacts_contact_id from com.google.android.gms
D/dalvikvm( 1800): GC_FOR_ALLOC freed 235K, 22% free 5960K/7640K, paused 4ms, total 4ms
I/Icing   ( 2082): Indexing done com.google.android.gms-contacts_contact_id
I/Icing   ( 2082): Indexing com.google.android.gms-emails_data_id from com.google.android.gms
I/Icing   ( 2082): Indexing done com.google.android.gms-emails_data_id
I/Icing   ( 2082): Indexing com.google.android.gms-phones_data_id from com.google.android.gms
I/Icing   ( 2082): Indexing done com.google.android.gms-phones_data_id
I/Icing   ( 2082): Indexing com.google.android.gms-postals_data_id from com.google.android.gms
D/dalvikvm( 2082): GC_EXPLICIT freed 1719K, 15% free 11281K/13268K, paused 10ms+14ms, total 36ms
I/Icing   ( 2082): Indexing done com.google.android.gms-postals_data_id
I/Icing   ( 2082): Post-init done
D/dalvikvm( 2082): DexOpt: --- BEGIN 'DynamiteModulesC.apk' (bootstrap=0) ---
W/linker  ( 2573): libdvm.so has text relocations. This is wasting memory and is a security risk. Please fix.
W/Icing   ( 2082): No valid account for uploading user actions
I/Icing   ( 2082): Usage reports ok 0, Failed Usage reports 0, indexed 0, rejected 0
W/Icing   ( 2082): No valid account for uploading user actions
I/Icing   ( 2082): Usage reports ok 0, Failed Usage reports 0, indexed 0, rejected 0
W/Icing   ( 2082): No valid account for uploading user actions
I/Icing   ( 2082): Usage reports ok 0, Failed Usage reports 0, indexed 0, rejected 0
W/Icing   ( 2082): No valid account for uploading user actions
I/Icing   ( 2082): Usage reports ok 0, Failed Usage reports 0, indexed 0, rejected 0
W/Icing   ( 2082): No valid account for uploading user actions
I/Icing   ( 2082): Usage reports ok 0, Failed Usage reports 0, indexed 0, rejected 0
W/Icing   ( 2082): No valid account for uploading user actions
I/Icing   ( 2082): Usage reports ok 0, Failed Usage reports 0, indexed 0, rejected 0
I/CertBlacklister( 1570): Certificate blacklist changed, updating...
I/CertBlacklister( 1570): Certificate blacklist updated
I/dalvikvm( 2082): Could not find method android.os.PowerManager.isPowerSaveMode, referenced from method xvf.a
W/dalvikvm( 2082): VFY: unable to resolve virtual method 5368: Landroid/os/PowerManager;.isPowerSaveMode ()Z
D/dalvikvm( 2082): VFY: replacing opcode 0x6e at 0x00d8
I/FontLog ( 2082): Updating from directory version 0 to 17 from disk [CONTEXT service_id=132 ]
I/Icing   ( 2082): Indexing done com.google.android.gms-apps
D/dalvikvm( 2573): DexOpt: load 11ms, verify+opt 135ms, 1684660 bytes
D/dalvikvm( 2082): DexOpt: --- END 'DynamiteModulesC.apk' (success) ---
D/dalvikvm( 2082): DEX prep '/data/data/com.google.android.gms/app_chimera/m/00000004/DynamiteModulesC.apk': unzip in 20ms, rewrite 199ms
W/DynamiteModule( 2082): Local module descriptor class for providerinstaller not found.
I/DynamiteModule( 2082): Considering local module providerinstaller:0 and remote module providerinstaller:0
W/ProviderInstaller( 2082): Failed to load providerinstaller module: No acceptable module found. Local version is 0 and remote version is 0.
I/CertBlacklister( 1570): Certificate blacklist changed, updating...
I/CertBlacklister( 1570): Certificate blacklist updated
I/Icing   ( 2082): Indexing com.google.android.gms-internal.3p:MobileApplication from com.google.android.gms
D/dalvikvm( 2082): GC_EXPLICIT freed 2298K, 19% free 10975K/13532K, paused 1ms+2ms, total 20ms
D/dalvikvm( 2082): DexOpt: --- BEGIN 'GoogleCertificates.apk' (bootstrap=0) ---
W/linker  ( 2576): libdvm.so has text relocations. This is wasting memory and is a security risk. Please fix.
D/dalvikvm( 2576): DexOpt: load 1ms, verify+opt 4ms, 294780 bytes
D/dalvikvm( 2082): DexOpt: --- END 'GoogleCertificates.apk' (success) ---
D/dalvikvm( 2082): DEX prep '/data/data/com.google.android.gms/app_chimera/m/00000005/GoogleCertificates.apk': unzip in 1ms, rewrite 27ms
W/DynamiteModule( 2082): Local module descriptor class for providerinstaller not found.
I/DynamiteModule( 2082): Considering local module providerinstaller:0 and remote module providerinstaller:0
W/ProviderInstaller( 2082): Failed to load providerinstaller module: No acceptable module found. Local version is 0 and remote version is 0.
D/dalvikvm( 2082): GC_FOR_ALLOC freed 367K, 20% free 10951K/13532K, paused 20ms, total 20ms
I/dalvikvm-heap( 2082): Grow heap (frag case) to 11.936MB for 1048588-byte allocation
I/GservicesProvider( 1800): main update completed
D/dalvikvm( 2082): GC_FOR_ALLOC freed 5K, 18% free 11970K/14560K, paused 17ms, total 17ms
I/Checkin ( 2082): [CheckinRequestProcessor] CheckinNowTaskTag : Checkin Succeeded: https://android.googleapis.com/checkin (fragment #1).
E/WakeLock( 2082): DG:service ** IS FORCE-RELEASED ON TIMEOUT **
D/dalvikvm( 2082): GC_EXPLICIT freed 2193K, 29% free 10430K/14560K, paused 3ms+2ms, total 23ms
D/dalvikvm( 2082): DexOpt: --- BEGIN 'MapsDynamite.apk' (bootstrap=0) ---
W/linker  ( 2581): libdvm.so has text relocations. This is wasting memory and is a security risk. Please fix.
D/dalvikvm( 1800): GC_EXPLICIT freed 807K, 24% free 5867K/7640K, paused 0ms+0ms, total 5ms
I/Icing   ( 2082): Indexing com.google.android.googlequicksearchbox-contacts from com.google.android.googlequicksearchbox
I/Icing   ( 2082): Indexing done com.google.android.googlequicksearchbox-contacts
I/Icing   ( 2082): Indexing done com.google.android.gms-internal.3p:MobileApplication
I/Icing   ( 2082): Indexing com.google.android.googlequicksearchbox-applications from com.google.android.googlequicksearchbox
I/Icing   ( 2082): Indexing done com.google.android.googlequicksearchbox-applications
D/dalvikvm( 2581): DexOpt: load 15ms, verify+opt 125ms, 1867812 bytes
I/Icing   ( 2082): IndexChimeraService.getServiceInterface callingPackage=com.google.android.googlequicksearchbox componentName=null serviceId=21
W/Icing   ( 2082): No valid account for uploading user actions
W/Icing.InternalIcingCorporaProvider( 2278): Application table change notification failed.
I/Icing   ( 2082): Usage reports ok 0, Failed Usage reports 0, indexed 0, rejected 0
D/dalvikvm( 2082): DexOpt: --- END 'MapsDynamite.apk' (success) ---
D/dalvikvm( 2082): DEX prep '/data/data/com.google.android.gms/app_chimera/m/00000006/MapsDynamite.apk': unzip in 14ms, rewrite 187ms
W/DynamiteModule( 2082): Local module descriptor class for providerinstaller not found.
I/DynamiteModule( 2082): Considering local module providerinstaller:0 and remote module providerinstaller:0
W/ProviderInstaller( 2082): Failed to load providerinstaller module: No acceptable module found. Local version is 0 and remote version is 0.
I/Icing   ( 2082): IndexChimeraService.getServiceInterface callingPackage=com.google.android.googlequicksearchbox componentName=null serviceId=21
W/Icing.InternalIcingCorporaProvider( 2278): Contacts table change notification failed.
W/Icing   ( 2082): No valid account for uploading user actions
I/Icing   ( 2082): Usage reports ok 0, Failed Usage reports 0, indexed 0, rejected 0
I/ActivityManager( 1570): Resuming delayed broadcast
I/ActivityManager( 1570): Start proc com.google.android.googlequicksearchbox:launcher for broadcast com.google.android.googlequicksearchbox/com.google.android.gel.GelStubAppWatcher: pid=2584 uid=10013 gids={50013, 3003, 1028, 3002, 1015}
D/dalvikvm( 2082): GC_EXPLICIT freed 1186K, 32% free 10044K/14560K, paused 1ms+1ms, total 21ms
D/dalvikvm( 2082): DexOpt: --- BEGIN 'MeasurementDynamite.apk' (bootstrap=0) ---
W/linker  ( 2597): libdvm.so has text relocations. This is wasting memory and is a security risk. Please fix.
D/dalvikvm( 2597): DexOpt: load 2ms, verify+opt 24ms, 584588 bytes
V/Launcher( 2584): LauncherAppState inited
D/dalvikvm( 2082): DexOpt: --- END 'MeasurementDynamite.apk' (success) ---
D/dalvikvm( 2082): DEX prep '/data/data/com.google.android.gms/app_chimera/m/00000007/MeasurementDynamite.apk': unzip in 2ms, rewrite 53ms
I/Checkin ( 2082): [CheckinChimeraService] onStartCommand
I/dalvikvm( 1778): Could not find method java.util.Locale.toLanguageTag, referenced from method ablz.a
W/dalvikvm( 1778): VFY: unable to resolve virtual method 19297: Ljava/util/Locale;.toLanguageTag ()Ljava/lang/String;
D/dalvikvm( 1778): VFY: replacing opcode 0x6e at 0x0006
I/PackageManager( 1570): Running dexopt on: com.google.android.calendar
W/linker  ( 2614): libdvm.so has text relocations. This is wasting memory and is a security risk. Please fix.
I/ActivityManager( 1570): Start proc com.google.android.calendar for broadcast com.google.android.calendar/com.android.calendar.widget.CalendarAppWidgetService$CalendarFactory: pid=2601 uid=10018 gids={50018, 3003}
D/dalvikvm( 2082): GC_EXPLICIT freed 190K, 32% free 9950K/14560K, paused 2ms+1ms, total 26ms
