I/PackageManager( 1569): Adding preferred activity ComponentInfo{com.android.mms/com.android.mms.ui.ComposeMessageActivity} for user 0 :
I/PackageManager( 1569):   Action: "android.intent.action.SENDTO"
I/PackageManager( 1569):   Category: "android.intent.category.DEFAULT"
I/PackageManager( 1569):   Scheme: "mmsto"
D/dalvikvm( 2164): GC_FOR_ALLOC freed 1862K, 12% free 21552K/24416K, paused 42ms, total 42ms
I/PackageManager( 1569): Adding preferred activity ComponentInfo{com.android.mms/com.android.mms.ui.ComposeMessageActivity} for user 0 :
I/ChromeSync( 2164): [Persistence,AffiliationManager] One of affiliation or grouping data for android://KSmUCdTXmQS-j9D_O8l1jvyu41Pjn2mc5cb0Gvx1e9H1Aj4JCzHs_uTW26nbtH65K-YfijtBsQxGp-8R6k6HFg==@org.billthefarmer.notes/ was not found. Marking affiliation data as stale...
I/Icing   ( 2164): IndexChimeraService.getServiceInterface callingPackage=com.google.android.googlequicksearchbox componentName=null serviceId=21
W/Icing   ( 2164): No valid account for uploading user actions
I/Icing   ( 2164): Usage reports ok 0, Failed Usage reports 0, indexed 0, rejected 0
I/Icing   ( 2164): Indexing com.google.android.googlequicksearchbox-applications from com.google.android.googlequicksearchbox
I/Icing   ( 2164): Indexing com.google.android.gms-apps from com.google.android.gms
I/Icing   ( 2164): Indexing com.google.android.gms-internal.3p:MobileApplication from com.google.android.gms
I/Icing   ( 2164): Indexing done com.google.android.googlequicksearchbox-applications
I/Icing   ( 2164): Indexing done com.google.android.gms-apps
I/Icing   ( 2164): Indexing done com.google.android.gms-internal.3p:MobileApplication
D/AndroidRuntime( 4181): 
D/AndroidRuntime( 4181): >>>>>> AndroidRuntime START com.android.internal.os.RuntimeInit <<<<<<
W/linker  ( 4181): libdvm.so has text relocations. This is wasting memory and is a security risk. Please fix.
D/AndroidRuntime( 4181): CheckJNI is ON
D/dalvikvm( 4181): Trying to load lib libjavacore.so 0x0
D/dalvikvm( 4181): Added shared lib libjavacore.so 0x0
D/dalvikvm( 4181): Trying to load lib libnativehelper.so 0x0
D/dalvikvm( 4181): Added shared lib libnativehelper.so 0x0
D/dalvikvm( 4181): No JNI_OnLoad found in libnativehelper.so 0x0, skipping init
D/dalvikvm( 4181): Note: class Landroid/app/ActivityManagerNative; has 179 unimplemented (abstract) methods
E/memtrack( 4181): Couldn't load memtrack module (No such file or directory)
E/android.os.Debug( 4181): failed to load memtrack module: -2
D/AndroidRuntime( 4181): Calling main entry com.android.commands.pm.Pm
W/ActivityManager( 1569): No content provider found for permission revoke: file:///sdcard/ripper.apk
W/ActivityManager( 1569): No content provider found for permission revoke: file:///sdcard/ripper.apk
I/PackageManager( 1569): Copying native libraries to /data/app-lib/vmdl746621121
I/PackageParser( 1569): it.unina.android.ripper: compat added android.permission.WRITE_EXTERNAL_STORAGE android.permission.READ_PHONE_STATE
I/PackageManager( 1569): Running dexopt on: it.unina.android.ripper
W/linker  ( 4192): libdvm.so has text relocations. This is wasting memory and is a security risk. Please fix.
D/dalvikvm( 4192): DexOpt: load 2ms, verify+opt 17ms, 936700 bytes
I/ActivityManager( 1569): Force stopping it.unina.android.ripper appid=10065 user=-1: update pkg
D/dalvikvm( 1569): GC_FOR_ALLOC freed 1919K, 39% free 9897K/16104K, paused 8ms, total 8ms
W/Launcher.Model( 2346): Nobody to tell about the new app.  Launcher is probably loading.
D/Documents( 3190): Used cached roots for com.android.providers.downloads.documents
D/Documents( 3190): Used cached roots for com.android.externalstorage.documents
D/Documents( 3190): Used cached roots for com.android.providers.media.documents
D/Documents( 3190): Update found 6 roots in 2ms
I/PackageManager( 1569):   Action: "android.intent.action.SENDTO"
I/PackageManager( 1569):   Category: "android.intent.category.DEFAULT"
I/PackageManager( 1569):   Scheme: "sms"
I/InputReader( 1569): Reconfiguring input devices.  changes=0x00000010
I/PackageManager( 1569): Adding preferred activity ComponentInfo{com.android.mms/com.android.mms.ui.ComposeMessageActivity} for user 0 :
I/PackageManager( 1569):   Action: "android.intent.action.SENDTO"
I/PackageManager( 1569):   Category: "android.intent.category.DEFAULT"
I/PackageManager( 1569):   Scheme: "smsto"
W/GCM     ( 1771): Unexpected forwarded intent: Intent { act=android.intent.action.PACKAGE_ADDED dat=package:it.unina.android.ripper flg=0x4000010 cmp=com.google.android.gms/.chimera.PersistentIntentOperationService (has extras) }
W/GCM     ( 1771): Unexpected forwarded intent: Intent { act=android.intent.action.PACKAGE_ADDED dat=package:it.unina.android.ripper flg=0x4000010 cmp=com.google.android.gms/.chimera.PersistentIntentOperationService (has extras) }
I/Auth    ( 2164): [SupervisedAccountIntentOperation] onHandleIntent(): android.intent.action.PACKAGE_ADDED
I/ChromeSync( 2164): [Sync,SyncIntentOperation] Handling the intent: Intent { act=android.intent.action.PACKAGE_ADDED dat=package:it.unina.android.ripper flg=0x4000010 cmp=com.google.android.gms/.chimera.GmsIntentOperationService (has extras) }.
I/PackageManager( 1569): Adding preferred activity ComponentInfo{com.android.mms/com.android.mms.ui.ComposeMessageActivity} for user 0 :
D/BackupManagerService( 1569): Received broadcast Intent { act=android.intent.action.PACKAGE_ADDED dat=package:it.unina.android.ripper flg=0x4000010 (has extras) }
V/BackupManagerService( 1569): addPackageParticipantsLocked: #1
I/FontLog ( 2164): Package it.unina.android.ripper has no metadata [CONTEXT service_id=132 ]
D/dalvikvm( 1794): GC_FOR_ALLOC freed 448K, 18% free 3643K/4392K, paused 5ms, total 5ms
I/ChromeSync( 2164): [Persistence,AffiliationManager] One of affiliation or grouping data for android://KSmUCdTXmQS-j9D_O8l1jvyu41Pjn2mc5cb0Gvx1e9H1Aj4JCzHs_uTW26nbtH65K-YfijtBsQxGp-8R6k6HFg==@it.unina.android.ripper/ was not found. Marking affiliation data as stale...
I/PackageManager( 1569):   Action: "android.intent.action.SENDTO"
I/PackageManager( 1569):   Category: "android.intent.category.DEFAULT"
I/PackageManager( 1569):   Scheme: "mms"
I/Icing.InternalIcingCorporaProvider( 2305): Updating corpora: A: it.unina.android.ripper, C: MAYBE
I/PackageManager( 1569): Adding preferred activity ComponentInfo{com.android.mms/com.android.mms.ui.ComposeMessageActivity} for user 0 :
I/PackageManager( 1569):   Action: "android.intent.action.SENDTO"
I/PackageManager( 1569):   Category: "android.intent.category.DEFAULT"
I/PackageManager( 1569):   Scheme: "mmsto"
I/PackageManager( 1569):   Action: "android.intent.action.SENDTO"
I/PackageManager( 1569):   Category: "android.intent.category.DEFAULT"
I/PackageManager( 1569):   Scheme: "sms"
D/dalvikvm( 1569): GC_EXPLICIT freed 1021K, 37% free 10184K/16104K, paused 0ms+10ms, total 80ms
D/AndroidRuntime( 4181): Shutting down VM
I/PackageManager( 1569):   Action: "android.intent.action.SENDTO"
I/PackageManager( 1569):   Category: "android.intent.category.DEFAULT"
I/PackageManager( 1569):   Scheme: "smsto"
I/PackageManager( 1569): Adding preferred activity ComponentInfo{com.android.mms/com.android.mms.ui.ComposeMessageActivity} for user 0 :
I/PackageManager( 1569): Adding preferred activity ComponentInfo{com.android.mms/com.android.mms.ui.ComposeMessageActivity} for user 0 :
I/PackageManager( 1569): Adding preferred activity ComponentInfo{com.android.mms/com.android.mms.ui.ComposeMessageActivity} for user 0 :
D/dalvikvm( 4181): GC_CONCURRENT freed 93K, 15% free 552K/648K, paused 0ms+0ms, total 1ms
I/Icing   ( 2164): IndexChimeraService.getServiceInterface callingPackage=com.google.android.googlequicksearchbox componentName=null serviceId=21
D/dalvikvm( 1794): GC_FOR_ALLOC freed 419K, 17% free 3667K/4392K, paused 4ms, total 4ms
I/PackageManager( 1569):   Action: "android.intent.action.SENDTO"
I/PackageManager( 1569):   Category: "android.intent.category.DEFAULT"
I/PackageManager( 1569):   Scheme: "mms"
W/Icing.InternalIcingCorporaProvider( 2305): Application table change notification failed.
I/PackageManager( 1569): Adding preferred activity ComponentInfo{com.android.mms/com.android.mms.ui.ComposeMessageActivity} for user 0 :
I/PackageManager( 1569):   Action: "android.intent.action.SENDTO"
I/PackageManager( 1569):   Category: "android.intent.category.DEFAULT"
I/PackageManager( 1569):   Scheme: "mmsto"
I/PackageManager( 1569): Adding preferred activity ComponentInfo{com.android.mms/com.android.mms.ui.ComposeMessageActivity} for user 0 :
W/Icing   ( 2164): No valid account for uploading user actions
I/Icing   ( 2164): Usage reports ok 0, Failed Usage reports 0, indexed 0, rejected 0
I/Icing   ( 2164): Indexing com.google.android.gms-apps from com.google.android.gms
I/Icing   ( 2164): Indexing done com.google.android.gms-apps
D/dalvikvm( 1771): GC_FOR_ALLOC freed 2003K, 22% free 10285K/13116K, paused 9ms, total 9ms
D/AndroidRuntime( 4198): 
D/AndroidRuntime( 4198): >>>>>> AndroidRuntime START com.android.internal.os.RuntimeInit <<<<<<
W/linker  ( 4198): libdvm.so has text relocations. This is wasting memory and is a security risk. Please fix.
D/AndroidRuntime( 4198): CheckJNI is ON
D/dalvikvm( 4198): Trying to load lib libjavacore.so 0x0
D/dalvikvm( 4198): Added shared lib libjavacore.so 0x0
D/dalvikvm( 4198): Trying to load lib libnativehelper.so 0x0
D/dalvikvm( 4198): Added shared lib libnativehelper.so 0x0
D/dalvikvm( 4198): No JNI_OnLoad found in libnativehelper.so 0x0, skipping init
D/dalvikvm( 4198): Note: class Landroid/app/ActivityManagerNative; has 179 unimplemented (abstract) methods
E/memtrack( 4198): Couldn't load memtrack module (No such file or directory)
E/android.os.Debug( 4198): failed to load memtrack module: -2
D/AndroidRuntime( 4198): Calling main entry com.android.commands.am.Am
D/dalvikvm( 1145): GC_EXPLICIT freed 39K, 8% free 2993K/3220K, paused 0ms+1ms, total 3ms
I/ActivityManager( 1569): Force stopping org.billthefarmer.notes appid=10064 user=0: start instr
I/ActivityManager( 1569): Start proc org.billthefarmer.notes for added application org.billthefarmer.notes: pid=4209 uid=10064 gids={50064, 1028, 1015, 3003}
D/dalvikvm( 1145): GC_EXPLICIT freed <1K, 8% free 2994K/3220K, paused 1ms+0ms, total 3ms
D/dalvikvm( 1145): GC_EXPLICIT freed <1K, 8% free 2994K/3220K, paused 0ms+0ms, total 2ms
I/dalvikvm( 4209): Could not find method org.billthefarmer.notes.Notes.checkSelfPermission, referenced from method org.billthefarmer.notes.Notes.getNote
W/dalvikvm( 4209): VFY: unable to resolve virtual method 837: Lorg/billthefarmer/notes/Notes;.checkSelfPermission (Ljava/lang/String;)I
D/dalvikvm( 4209): VFY: replacing opcode 0x6e at 0x0008
I/dalvikvm( 4209): Could not find method org.billthefarmer.notes.Notes.checkSelfPermission, referenced from method org.billthefarmer.notes.Notes.loadTemplate
W/dalvikvm( 4209): VFY: unable to resolve virtual method 837: Lorg/billthefarmer/notes/Notes;.checkSelfPermission (Ljava/lang/String;)I
D/dalvikvm( 4209): VFY: replacing opcode 0x6e at 0x000a
I/dalvikvm( 4209): Could not find method org.billthefarmer.notes.Notes.checkSelfPermission, referenced from method org.billthefarmer.notes.Notes.readNote
W/dalvikvm( 4209): VFY: unable to resolve virtual method 837: Lorg/billthefarmer/notes/Notes;.checkSelfPermission (Ljava/lang/String;)I
D/dalvikvm( 4209): VFY: replacing opcode 0x6e at 0x000d
I/dalvikvm( 4209): Could not find method org.billthefarmer.notes.Notes.checkSelfPermission, referenced from method org.billthefarmer.notes.Notes.saveNote
W/dalvikvm( 4209): VFY: unable to resolve virtual method 837: Lorg/billthefarmer/notes/Notes;.checkSelfPermission (Ljava/lang/String;)I
D/dalvikvm( 4209): VFY: replacing opcode 0x6e at 0x0008
I/dalvikvm( 4209): Failed resolving Lorg/billthefarmer/notes/-$$Lambda$Notes$5FBo531Dl1VU2LuAk9lRQ2cWP1A; interface 83 'Landroid/view/View$OnScrollChangeListener;'
W/dalvikvm( 4209): Link of class 'Lorg/billthefarmer/notes/-$$Lambda$Notes$5FBo531Dl1VU2LuAk9lRQ2cWP1A;' failed
E/dalvikvm( 4209): Could not find class 'org.billthefarmer.notes.-$$Lambda$Notes$5FBo531Dl1VU2LuAk9lRQ2cWP1A', referenced from method org.billthefarmer.notes.Notes.setListeners
W/dalvikvm( 4209): VFY: unable to resolve new-instance 213 (Lorg/billthefarmer/notes/-$$Lambda$Notes$5FBo531Dl1VU2LuAk9lRQ2cWP1A;) in Lorg/billthefarmer/notes/Notes;
D/dalvikvm( 4209): VFY: replacing opcode 0x22 at 0x001b
I/dalvikvm( 4209): Failed resolving Lorg/billthefarmer/notes/-$$Lambda$Notes$DIDjoWLNlPJ4kqrZWuHRyIhoc_w; interface 83 'Landroid/view/View$OnScrollChangeListener;'
W/dalvikvm( 4209): Link of class 'Lorg/billthefarmer/notes/-$$Lambda$Notes$DIDjoWLNlPJ4kqrZWuHRyIhoc_w;' failed
E/dalvikvm( 4209): Could not find class 'org.billthefarmer.notes.-$$Lambda$Notes$DIDjoWLNlPJ4kqrZWuHRyIhoc_w', referenced from method org.billthefarmer.notes.Notes.setListeners
W/dalvikvm( 4209): VFY: unable to resolve new-instance 215 (Lorg/billthefarmer/notes/-$$Lambda$Notes$DIDjoWLNlPJ4kqrZWuHRyIhoc_w;) in Lorg/billthefarmer/notes/Notes;
D/dalvikvm( 4209): VFY: replacing opcode 0x22 at 0x008a
I/dalvikvm( 4209): Failed resolving Lorg/billthefarmer/notes/-$$Lambda$Notes$5FBo531Dl1VU2LuAk9lRQ2cWP1A; interface 83 'Landroid/view/View$OnScrollChangeListener;'
W/dalvikvm( 4209): Link of class 'Lorg/billthefarmer/notes/-$$Lambda$Notes$5FBo531Dl1VU2LuAk9lRQ2cWP1A;' failed
D/dalvikvm( 4209): DexOpt: unable to opt direct call 0x027c at 0x1d in Lorg/billthefarmer/notes/Notes;.setListeners
I/dalvikvm( 4209): Failed resolving Lorg/billthefarmer/notes/-$$Lambda$Notes$DIDjoWLNlPJ4kqrZWuHRyIhoc_w; interface 83 'Landroid/view/View$OnScrollChangeListener;'
W/dalvikvm( 4209): Link of class 'Lorg/billthefarmer/notes/-$$Lambda$Notes$DIDjoWLNlPJ4kqrZWuHRyIhoc_w;' failed
D/dalvikvm( 4209): DexOpt: unable to opt direct call 0x0280 at 0x8c in Lorg/billthefarmer/notes/Notes;.setListeners
I/TestRunner( 4209): started: testApplication(it.unina.android.ripper.RipperTestCase)
V/AndroidRipperService( 2214): register()
I/ActivityManager( 1569): START u0 {act=android.intent.action.MAIN flg=0x10000000 cmp=org.billthefarmer.notes/.Notes} from pid 4209
D/dalvikvm( 4209): GC_CONCURRENT freed 224K, 12% free 3157K/3568K, paused 2ms+0ms, total 7ms
D/dalvikvm( 4209): GC_FOR_ALLOC freed 10K, 9% free 3473K/3804K, paused 2ms, total 2ms
I/dalvikvm-heap( 4209): Grow heap (frag case) to 5.421MB for 1939932-byte allocation
D/dalvikvm( 4209): GC_FOR_ALLOC freed 1K, 6% free 5366K/5700K, paused 3ms, total 3ms
D/dalvikvm( 4209): GC_CONCURRENT freed 2K, 6% free 5364K/5700K, paused 0ms+0ms, total 4ms
D/gralloc_ranchu( 1144): gralloc_alloc: Creating ashmem region of size 7753728
V/WebViewChromium( 4209): Binding Chromium to the background looper Looper (main, tid 1) {9cfef7c8}
I/chromium( 4209): [INFO:library_loader_hooks.cc(112)] Chromium logging enabled: level = 0, default verbosity = 0
I/BrowserProcessMain( 4209): Initializing chromium process, renderers=0
W/chromium( 4209): [WARNING:proxy_service.cc(888)] PAC support disabled because there is no system implementation
D/        ( 4209): HostConnection::get() New Host Connection established 0xb8249830, tid 4209
D/EGL_emulation( 4209): eglCreateContext: 0xb824a570: maj 3 min 0 rcv 3
D/EGL_emulation( 4209): eglMakeCurrent: 0xb824a570: ver 3 0
E/eglCodecCommon( 4209): glUtilsParamSize: unknow param 0x00008cdf
E/eglCodecCommon( 4209): glUtilsParamSize: unknow param 0x00008824
D/gralloc_ranchu( 1144): gralloc_alloc: Creating ashmem region of size 7753728
I/chromium( 4209): [INFO:simple_index_file.cc(397)] Simple Cache Index is being restored from disk.
D/EGL_emulation( 4209): eglCreateContext: 0xb825a570: maj 3 min 0 rcv 3
D/EGL_emulation( 4209): eglMakeCurrent: 0xb825a570: ver 3 0
E/eglCodecCommon( 4209): glUtilsParamSize: unknow param 0x00008cdf
E/eglCodecCommon( 4209): glUtilsParamSize: unknow param 0x00008824
E/EGL_emulation( 4209): tid 4209: eglSurfaceAttrib(1199): error 0x3009 (EGL_BAD_MATCH)
W/HardwareRenderer( 4209): Backbuffer cannot be preserved
D/OpenGLRenderer( 4209): Enabling debug mode 0
D/dalvikvm( 4209): GC_CONCURRENT freed 106K, 5% free 6007K/6276K, paused 0ms+0ms, total 2ms
W/AwContents( 4209): nativeOnDraw failed; clearing to background color.
W/AwContents( 4209): nativeOnDraw failed; clearing to background color.
I/ActivityManager( 1569): Displayed org.billthefarmer.notes/.Notes: +250ms
E/dalvikvm( 4209): Could not find class 'android.support.v4.app.FragmentActivity', referenced from method a.a.a.ag.c
W/dalvikvm( 4209): VFY: unable to resolve check-cast 122 (Landroid/support/v4/app/FragmentActivity;) in La/a/a/ag;
D/dalvikvm( 4209): VFY: replacing opcode 0x1f at 0x0008
I/dalvikvm( 4209): Could not find method android.support.v4.app.FragmentActivity.getSupportFragmentManager, referenced from method a.a.a.ag.c
W/dalvikvm( 4209): VFY: unable to resolve virtual method 750: Landroid/support/v4/app/FragmentActivity;.getSupportFragmentManager ()Landroid/support/v4/app/FragmentManager;
D/dalvikvm( 4209): VFY: replacing opcode 0x6e at 0x000e
I/dalvikvm( 4209): Could not find method android.support.v4.app.FragmentActivity.getSupportFragmentManager, referenced from method a.a.a.ag.c
W/dalvikvm( 4209): VFY: unable to resolve virtual method 750: Landroid/support/v4/app/FragmentActivity;.getSupportFragmentManager ()Landroid/support/v4/app/FragmentManager;
D/dalvikvm( 4209): VFY: replacing opcode 0x6e at 0x001a
W/dalvikvm( 4209): VFY: unable to find class referenced in signature (Landroid/support/v4/app/Fragment;)
W/dalvikvm( 4209): VFY: unable to find class referenced in signature (Landroid/support/v4/app/Fragment;)
D/EGL_emulation( 1931): eglMakeCurrent: 0xb8290b60: ver 3 0
W/AwContents( 4209): nativeOnDraw failed; clearing to background color.
W/AwContents( 4209): nativeOnDraw failed; clearing to background color.
W/AwContents( 4209): nativeOnDraw failed; clearing to background color.
W/AwContents( 4209): nativeOnDraw failed; clearing to background color.
W/AwContents( 4209): nativeOnDraw failed; clearing to background color.
W/AwContents( 4209): nativeOnDraw failed; clearing to background color.
W/AwContents( 4209): nativeOnDraw failed; clearing to background color.
W/AwContents( 4209): nativeOnDraw failed; clearing to background color.
W/AwContents( 4209): nativeOnDraw failed; clearing to background color.
W/AwContents( 4209): nativeOnDraw failed; clearing to background color.
W/AwContents( 4209): nativeOnDraw failed; clearing to background color.
W/AwContents( 4209): nativeOnDraw failed; clearing to background color.
W/AwContents( 4209): nativeOnDraw failed; clearing to background color.
W/AwContents( 4209): nativeOnDraw failed; clearing to background color.
W/AwContents( 4209): nativeOnDraw failed; clearing to background color.
W/AwContents( 4209): nativeOnDraw failed; clearing to background color.
W/AwContents( 4209): nativeOnDraw failed; clearing to background color.
I/AndroidRipper( 4209): [RipperTestCase] Ready to operate after restarting...
I/Vision  ( 2164): Requesting optional module download of ocr.
I/Vision  ( 2164): Checking for download completion for 140022 -- ocr
I/Vision  ( 2164): Requesting optional module download of ocr.
I/Vision  ( 2164): Checking for download completion for 150032 -- ocr
D/dalvikvm( 1569): GC_FOR_ALLOC freed 2533K, 42% free 9453K/16104K, paused 7ms, total 7ms
V/RipperService( 2214): PING
V/AndroidRipperService( 2214): mHandler.handleMessage() RECIVED
V/AndroidRipperService( 2214): broadcast()
I/AndroidRipper( 4209): Recived message: PING
V/AndroidRipperService( 2214): send()
V/AndroidRipperService( 2214): broadcast() done
V/        ( 2214): ready
V/RipperService( 2214): PING
V/AndroidRipperService( 2214): mHandler.handleMessage() RECIVED
V/AndroidRipperService( 2214): broadcast()
I/AndroidRipper( 4209): Recived message: PING
V/AndroidRipperService( 2214): send()
V/AndroidRipperService( 2214): broadcast() done
V/        ( 2214): ready
V/RipperService( 2214): PING
V/AndroidRipperService( 2214): mHandler.handleMessage() RECIVED
V/AndroidRipperService( 2214): broadcast()
I/AndroidRipper( 4209): Recived message: PING
V/AndroidRipperService( 2214): broadcast() done
V/        ( 2214): ready
V/AndroidRipperService( 2214): send()
D/dalvikvm( 2214): GC_FOR_ALLOC freed 481K, 19% free 3089K/3784K, paused 1ms, total 1ms
V/RipperService( 2214): PING
V/AndroidRipperService( 2214): mHandler.handleMessage() RECIVED
V/AndroidRipperService( 2214): broadcast()
I/AndroidRipper( 4209): Recived message: PING
V/AndroidRipperService( 2214): send()
V/AndroidRipperService( 2214): broadcast() done
V/        ( 2214): ready
V/RipperService( 2214): PING
V/AndroidRipperService( 2214): mHandler.handleMessage() RECIVED
V/AndroidRipperService( 2214): broadcast()
I/AndroidRipper( 4209): Recived message: PING
V/AndroidRipperService( 2214): send()
V/AndroidRipperService( 2214): broadcast() done
V/        ( 2214): ready
V/RipperService( 2214): PING
V/AndroidRipperService( 2214): mHandler.handleMessage() RECIVED
V/AndroidRipperService( 2214): broadcast()
I/AndroidRipper( 4209): Recived message: PING
V/AndroidRipperService( 2214): send()
V/AndroidRipperService( 2214): broadcast() done
V/        ( 2214): ready
V/RipperService( 2214): PING
V/AndroidRipperService( 2214): mHandler.handleMessage() RECIVED
V/AndroidRipperService( 2214): broadcast()
I/AndroidRipper( 4209): Recived message: PING
V/AndroidRipperService( 2214): send()
V/AndroidRipperService( 2214): broadcast() done
V/        ( 2214): ready
V/RipperService( 2214): PING
V/AndroidRipperService( 2214): mHandler.handleMessage() RECIVED
V/AndroidRipperService( 2214): broadcast()
I/AndroidRipper( 4209): Recived message: PING
V/AndroidRipperService( 2214): send()
V/AndroidRipperService( 2214): broadcast() done
V/        ( 2214): ready
D/dalvikvm( 2214): GC_FOR_ALLOC freed 513K, 19% free 3089K/3788K, paused 1ms, total 1ms
V/RipperService( 2214): PING
V/AndroidRipperService( 2214): mHandler.handleMessage() RECIVED
V/AndroidRipperService( 2214): broadcast()
I/AndroidRipper( 4209): Recived message: PING
V/AndroidRipperService( 2214): send()
V/AndroidRipperService( 2214): broadcast() done
V/        ( 2214): ready
V/RipperService( 2214): PING
V/AndroidRipperService( 2214): mHandler.handleMessage() RECIVED
V/AndroidRipperService( 2214): broadcast()
I/AndroidRipper( 4209): Recived message: PING
V/AndroidRipperService( 2214): send()
V/AndroidRipperService( 2214): broadcast() done
V/        ( 2214): ready
V/RipperService( 2214): PING
V/AndroidRipperService( 2214): mHandler.handleMessage() RECIVED
V/AndroidRipperService( 2214): broadcast()
I/AndroidRipper( 4209): Recived message: PING
V/AndroidRipperService( 2214): send()
V/AndroidRipperService( 2214): broadcast() done
V/        ( 2214): ready
V/RipperService( 2214): PING
V/AndroidRipperService( 2214): mHandler.handleMessage() RECIVED
V/AndroidRipperService( 2214): broadcast()
I/AndroidRipper( 4209): Recived message: PING
V/AndroidRipperService( 2214): send()
V/AndroidRipperService( 2214): broadcast() done
V/        ( 2214): ready
V/RipperService( 2214): PING
V/AndroidRipperService( 2214): mHandler.handleMessage() RECIVED
V/AndroidRipperService( 2214): broadcast()
I/AndroidRipper( 4209): Recived message: PING
V/AndroidRipperService( 2214): send()
V/AndroidRipperService( 2214): broadcast() done
V/        ( 2214): ready
D/dalvikvm( 2214): GC_FOR_ALLOC freed 511K, 19% free 3089K/3788K, paused 3ms, total 3ms
V/RipperService( 2214): PING
V/AndroidRipperService( 2214): mHandler.handleMessage() RECIVED
V/AndroidRipperService( 2214): broadcast()
I/AndroidRipper( 4209): Recived message: PING
V/AndroidRipperService( 2214): send()
V/AndroidRipperService( 2214): broadcast() done
V/        ( 2214): ready
V/RipperService( 2214): PING
V/AndroidRipperService( 2214): mHandler.handleMessage() RECIVED
V/AndroidRipperService( 2214): broadcast()
I/AndroidRipper( 4209): Recived message: PING
V/AndroidRipperService( 2214): send()
V/AndroidRipperService( 2214): broadcast() done
V/        ( 2214): ready
V/RipperService( 2214): PING
V/AndroidRipperService( 2214): mHandler.handleMessage() RECIVED
V/AndroidRipperService( 2214): broadcast()
V/AndroidRipperService( 2214): broadcast() done
V/        ( 2214): ready
I/AndroidRipper( 4209): Recived message: PING
V/AndroidRipperService( 2214): send()
V/RipperService( 2214): PING
V/AndroidRipperService( 2214): mHandler.handleMessage() RECIVED
V/AndroidRipperService( 2214): broadcast()
I/AndroidRipper( 4209): Recived message: PING
V/AndroidRipperService( 2214): send()
V/AndroidRipperService( 2214): broadcast() done
V/        ( 2214): ready
V/RipperService( 2214): PING
V/AndroidRipperService( 2214): mHandler.handleMessage() RECIVED
V/AndroidRipperService( 2214): broadcast()
I/AndroidRipper( 4209): Recived message: PING
V/AndroidRipperService( 2214): send()
V/AndroidRipperService( 2214): broadcast() done
V/        ( 2214): ready
D/dalvikvm( 2214): GC_FOR_ALLOC freed 511K, 19% free 3090K/3788K, paused 2ms, total 2ms
V/RipperService( 2214): PING
V/AndroidRipperService( 2214): mHandler.handleMessage() RECIVED
V/AndroidRipperService( 2214): broadcast()
I/AndroidRipper( 4209): Recived message: PING
V/AndroidRipperService( 2214): send()
V/AndroidRipperService( 2214): broadcast() done
V/        ( 2214): ready
V/RipperService( 2214): PING
V/AndroidRipperService( 2214): mHandler.handleMessage() RECIVED
V/AndroidRipperService( 2214): broadcast()
I/AndroidRipper( 4209): Recived message: PING
V/AndroidRipperService( 2214): send()
V/AndroidRipperService( 2214): broadcast() done
V/        ( 2214): ready
V/RipperService( 2214): PING
V/AndroidRipperService( 2214): mHandler.handleMessage() RECIVED
V/AndroidRipperService( 2214): broadcast()
I/AndroidRipper( 4209): Recived message: PING
V/AndroidRipperService( 2214): send()
V/AndroidRipperService( 2214): broadcast() done
V/        ( 2214): ready
V/RipperService( 2214): PING
V/AndroidRipperService( 2214): mHandler.handleMessage() RECIVED
V/AndroidRipperService( 2214): broadcast()
V/AndroidRipperService( 2214): broadcast() done
V/        ( 2214): ready
I/AndroidRipper( 4209): Recived message: PING
V/AndroidRipperService( 2214): send()
V/RipperService( 2214): PING
V/AndroidRipperService( 2214): mHandler.handleMessage() RECIVED
V/AndroidRipperService( 2214): broadcast()
I/AndroidRipper( 4209): Recived message: PING
V/AndroidRipperService( 2214): send()
V/AndroidRipperService( 2214): broadcast() done
V/        ( 2214): ready
D/dalvikvm( 2214): GC_FOR_ALLOC freed 513K, 19% free 3088K/3788K, paused 2ms, total 2ms
V/RipperService( 2214): PING
V/AndroidRipperService( 2214): mHandler.handleMessage() RECIVED
V/AndroidRipperService( 2214): broadcast()
I/AndroidRipper( 4209): Recived message: PING
V/AndroidRipperService( 2214): send()
V/AndroidRipperService( 2214): broadcast() done
V/        ( 2214): ready
V/RipperService( 2214): PING
V/AndroidRipperService( 2214): mHandler.handleMessage() RECIVED
V/AndroidRipperService( 2214): broadcast()
I/AndroidRipper( 4209): Recived message: PING
V/AndroidRipperService( 2214): send()
V/AndroidRipperService( 2214): broadcast() done
V/        ( 2214): ready
V/RipperService( 2214): PING
V/AndroidRipperService( 2214): mHandler.handleMessage() RECIVED
V/AndroidRipperService( 2214): broadcast()
I/AndroidRipper( 4209): Recived message: PING
V/AndroidRipperService( 2214): send()
V/AndroidRipperService( 2214): broadcast() done
V/        ( 2214): ready
V/RipperService( 2214): PING
V/AndroidRipperService( 2214): mHandler.handleMessage() RECIVED
V/AndroidRipperService( 2214): broadcast()
I/AndroidRipper( 4209): Recived message: PING
V/AndroidRipperService( 2214): send()
V/AndroidRipperService( 2214): broadcast() done
V/        ( 2214): ready
V/RipperService( 2214): PING
V/AndroidRipperService( 2214): mHandler.handleMessage() RECIVED
V/AndroidRipperService( 2214): broadcast()
I/AndroidRipper( 4209): Recived message: PING
V/AndroidRipperService( 2214): send()
V/AndroidRipperService( 2214): broadcast() done
V/        ( 2214): ready
D/dalvikvm( 2214): GC_FOR_ALLOC freed 512K, 19% free 3088K/3788K, paused 2ms, total 2ms
V/RipperService( 2214): PING
V/AndroidRipperService( 2214): mHandler.handleMessage() RECIVED
V/AndroidRipperService( 2214): broadcast()
I/AndroidRipper( 4209): Recived message: PING
V/AndroidRipperService( 2214): send()
V/AndroidRipperService( 2214): broadcast() done
V/        ( 2214): ready
V/RipperService( 2214): PING
V/AndroidRipperService( 2214): mHandler.handleMessage() RECIVED
V/AndroidRipperService( 2214): broadcast()
I/AndroidRipper( 4209): Recived message: PING
V/AndroidRipperService( 2214): send()
V/AndroidRipperService( 2214): broadcast() done
V/        ( 2214): ready
V/RipperService( 2214): PING
V/AndroidRipperService( 2214): mHandler.handleMessage() RECIVED
V/AndroidRipperService( 2214): broadcast()
I/AndroidRipper( 4209): Recived message: PING
V/AndroidRipperService( 2214): send()
V/AndroidRipperService( 2214): broadcast() done
V/        ( 2214): ready
V/RipperService( 2214): PING
V/AndroidRipperService( 2214): mHandler.handleMessage() RECIVED
V/AndroidRipperService( 2214): broadcast()
I/AndroidRipper( 4209): Recived message: PING
V/AndroidRipperService( 2214): send()
V/AndroidRipperService( 2214): broadcast() done
V/        ( 2214): ready
V/RipperService( 2214): PING
V/AndroidRipperService( 2214): mHandler.handleMessage() RECIVED
V/AndroidRipperService( 2214): broadcast()
I/AndroidRipper( 4209): Recived message: PING
V/AndroidRipperService( 2214): send()
V/AndroidRipperService( 2214): broadcast() done
V/        ( 2214): ready
D/dalvikvm( 2214): GC_FOR_ALLOC freed 519K, 20% free 3059K/3788K, paused 2ms, total 2ms
V/RipperService( 2214): PING
V/AndroidRipperService( 2214): mHandler.handleMessage() RECIVED
V/AndroidRipperService( 2214): broadcast()
I/AndroidRipper( 4209): Recived message: PING
V/AndroidRipperService( 2214): send()
V/AndroidRipperService( 2214): broadcast() done
V/        ( 2214): ready
V/RipperService( 2214): PING
V/AndroidRipperService( 2214): mHandler.handleMessage() RECIVED
V/AndroidRipperService( 2214): broadcast()
I/AndroidRipper( 4209): Recived message: PING
V/AndroidRipperService( 2214): send()
V/AndroidRipperService( 2214): broadcast() done
V/        ( 2214): ready
V/RipperService( 2214): PING
V/AndroidRipperService( 2214): mHandler.handleMessage() RECIVED
V/AndroidRipperService( 2214): broadcast()
I/AndroidRipper( 4209): Recived message: PING
V/AndroidRipperService( 2214): broadcast() done
V/AndroidRipperService( 2214): send()
V/        ( 2214): ready
V/RipperService( 2214): PING
V/AndroidRipperService( 2214): mHandler.handleMessage() RECIVED
V/AndroidRipperService( 2214): broadcast()
V/AndroidRipperService( 2214): broadcast() done
V/        ( 2214): ready
I/AndroidRipper( 4209): Recived message: PING
V/AndroidRipperService( 2214): send()
D/dalvikvm( 2214): GC_FOR_ALLOC freed 481K, 19% free 3090K/3788K, paused 2ms, total 2ms
V/RipperService( 2214): PING
V/AndroidRipperService( 2214): mHandler.handleMessage() RECIVED
V/AndroidRipperService( 2214): broadcast()
I/AndroidRipper( 4209): Recived message: PING
V/AndroidRipperService( 2214): send()
V/AndroidRipperService( 2214): broadcast() done
V/        ( 2214): ready
V/RipperService( 2214): PING
V/AndroidRipperService( 2214): mHandler.handleMessage() RECIVED
V/AndroidRipperService( 2214): broadcast()
I/AndroidRipper( 4209): Recived message: PING
V/AndroidRipperService( 2214): broadcast() done
V/        ( 2214): ready
V/AndroidRipperService( 2214): send()
V/RipperService( 2214): PING
V/AndroidRipperService( 2214): mHandler.handleMessage() RECIVED
V/AndroidRipperService( 2214): broadcast()
V/AndroidRipperService( 2214): broadcast() done
V/        ( 2214): ready
I/AndroidRipper( 4209): Recived message: PING
V/AndroidRipperService( 2214): send()
V/RipperService( 2214): PING
V/AndroidRipperService( 2214): mHandler.handleMessage() RECIVED
V/AndroidRipperService( 2214): broadcast()
I/AndroidRipper( 4209): Recived message: PING
V/AndroidRipperService( 2214): send()
V/AndroidRipperService( 2214): broadcast() done
V/        ( 2214): ready
V/RipperService( 2214): PING
V/AndroidRipperService( 2214): mHandler.handleMessage() RECIVED
V/AndroidRipperService( 2214): broadcast()
I/AndroidRipper( 4209): Recived message: PING
V/AndroidRipperService( 2214): send()
V/AndroidRipperService( 2214): broadcast() done
V/        ( 2214): ready
D/dalvikvm( 2214): GC_FOR_ALLOC freed 512K, 19% free 3089K/3788K, paused 2ms, total 2ms
V/RipperService( 2214): PING
V/AndroidRipperService( 2214): mHandler.handleMessage() RECIVED
V/AndroidRipperService( 2214): broadcast()
V/AndroidRipperService( 2214): broadcast() done
V/        ( 2214): ready
I/AndroidRipper( 4209): Recived message: PING
V/AndroidRipperService( 2214): send()
V/RipperService( 2214): PING
V/AndroidRipperService( 2214): mHandler.handleMessage() RECIVED
V/AndroidRipperService( 2214): broadcast()
I/AndroidRipper( 4209): Recived message: PING
V/AndroidRipperService( 2214): send()
V/AndroidRipperService( 2214): broadcast() done
V/        ( 2214): ready
V/RipperService( 2214): PING
V/AndroidRipperService( 2214): mHandler.handleMessage() RECIVED
V/AndroidRipperService( 2214): broadcast()
I/AndroidRipper( 4209): Recived message: PING
V/AndroidRipperService( 2214): send()
V/AndroidRipperService( 2214): broadcast() done
V/        ( 2214): ready
V/RipperService( 2214): PING
V/AndroidRipperService( 2214): mHandler.handleMessage() RECIVED
V/AndroidRipperService( 2214): broadcast()
I/AndroidRipper( 4209): Recived message: PING
V/AndroidRipperService( 2214): send()
V/AndroidRipperService( 2214): broadcast() done
V/        ( 2214): ready
V/RipperService( 2214): PING
V/AndroidRipperService( 2214): mHandler.handleMessage() RECIVED
V/AndroidRipperService( 2214): broadcast()
V/AndroidRipperService( 2214): broadcast() done
V/        ( 2214): ready
I/AndroidRipper( 4209): Recived message: PING
V/AndroidRipperService( 2214): send()
D/dalvikvm( 2214): GC_FOR_ALLOC freed 511K, 19% free 3090K/3788K, paused 2ms, total 2ms
V/RipperService( 2214): PING
V/AndroidRipperService( 2214): mHandler.handleMessage() RECIVED
V/AndroidRipperService( 2214): broadcast()
V/AndroidRipperService( 2214): broadcast() done
V/        ( 2214): ready
I/AndroidRipper( 4209): Recived message: PING
V/AndroidRipperService( 2214): send()
V/RipperService( 2214): PING
V/AndroidRipperService( 2214): mHandler.handleMessage() RECIVED
V/AndroidRipperService( 2214): broadcast()
I/AndroidRipper( 4209): Recived message: PING
V/AndroidRipperService( 2214): broadcast() done
V/        ( 2214): ready
V/AndroidRipperService( 2214): send()
V/RipperService( 2214): PING
V/AndroidRipperService( 2214): mHandler.handleMessage() RECIVED
V/AndroidRipperService( 2214): broadcast()
V/AndroidRipperService( 2214): broadcast() done
V/        ( 2214): ready
V/RipperService( 2214): PING
I/AndroidRipper( 4209): Recived message: PING
V/AndroidRipperService( 2214): send()
V/AndroidRipperService( 2214): mHandler.handleMessage() RECIVED
V/AndroidRipperService( 2214): broadcast()
V/AndroidRipperService( 2214): broadcast() done
I/AndroidRipper( 4209): Recived message: PING
V/        ( 2214): ready
V/AndroidRipperService( 2214): send()
V/RipperService( 2214): PING
V/AndroidRipperService( 2214): mHandler.handleMessage() RECIVED
V/AndroidRipperService( 2214): broadcast()
V/AndroidRipperService( 2214): broadcast() done
V/        ( 2214): ready
I/AndroidRipper( 4209): Recived message: PING
V/AndroidRipperService( 2214): send()
D/dalvikvm( 2214): GC_FOR_ALLOC freed 513K, 19% free 3088K/3788K, paused 2ms, total 2ms
V/RipperService( 2214): PING
V/AndroidRipperService( 2214): mHandler.handleMessage() RECIVED
V/AndroidRipperService( 2214): broadcast()
I/AndroidRipper( 4209): Recived message: PING
V/AndroidRipperService( 2214): send()
V/AndroidRipperService( 2214): broadcast() done
V/        ( 2214): ready
V/RipperService( 2214): PING
V/AndroidRipperService( 2214): mHandler.handleMessage() RECIVED
V/AndroidRipperService( 2214): broadcast()
I/AndroidRipper( 4209): Recived message: PING
V/AndroidRipperService( 2214): send()
V/AndroidRipperService( 2214): broadcast() done
V/        ( 2214): ready
V/RipperService( 2214): PING
V/AndroidRipperService( 2214): mHandler.handleMessage() RECIVED
V/AndroidRipperService( 2214): broadcast()
V/AndroidRipperService( 2214): broadcast() done
I/AndroidRipper( 4209): Recived message: PING
V/AndroidRipperService( 2214): send()
V/        ( 2214): ready
V/RipperService( 2214): PING
V/AndroidRipperService( 2214): mHandler.handleMessage() RECIVED
V/AndroidRipperService( 2214): broadcast()
I/AndroidRipper( 4209): Recived message: PING
V/AndroidRipperService( 2214): broadcast() done
V/        ( 2214): ready
V/AndroidRipperService( 2214): send()
V/RipperService( 2214): PING
V/AndroidRipperService( 2214): mHandler.handleMessage() RECIVED
V/AndroidRipperService( 2214): broadcast()
I/AndroidRipper( 4209): Recived message: PING
V/AndroidRipperService( 2214): broadcast() done
V/        ( 2214): ready
V/AndroidRipperService( 2214): send()
D/dalvikvm( 2214): GC_FOR_ALLOC freed 511K, 19% free 3088K/3788K, paused 1ms, total 1ms
V/RipperService( 2214): PING
V/AndroidRipperService( 2214): mHandler.handleMessage() RECIVED
V/AndroidRipperService( 2214): broadcast()
I/AndroidRipper( 4209): Recived message: PING
V/AndroidRipperService( 2214): send()
V/AndroidRipperService( 2214): broadcast() done
V/        ( 2214): ready
V/RipperService( 2214): PING
V/AndroidRipperService( 2214): mHandler.handleMessage() RECIVED
V/AndroidRipperService( 2214): broadcast()
I/AndroidRipper( 4209): Recived message: PING
V/AndroidRipperService( 2214): send()
V/AndroidRipperService( 2214): broadcast() done
V/        ( 2214): ready
V/RipperService( 2214): PING
V/AndroidRipperService( 2214): mHandler.handleMessage() RECIVED
V/AndroidRipperService( 2214): broadcast()
I/AndroidRipper( 4209): Recived message: PING
V/AndroidRipperService( 2214): send()
V/AndroidRipperService( 2214): broadcast() done
V/        ( 2214): ready
V/RipperService( 2214): PING
V/AndroidRipperService( 2214): mHandler.handleMessage() RECIVED
V/AndroidRipperService( 2214): broadcast()
I/AndroidRipper( 4209): Recived message: PING
V/AndroidRipperService( 2214): send()
V/AndroidRipperService( 2214): broadcast() done
V/        ( 2214): ready
V/RipperService( 2214): PING
V/AndroidRipperService( 2214): mHandler.handleMessage() RECIVED
V/AndroidRipperService( 2214): broadcast()
I/AndroidRipper( 4209): Recived message: PING
V/AndroidRipperService( 2214): send()
V/AndroidRipperService( 2214): broadcast() done
V/        ( 2214): ready
D/dalvikvm( 2214): GC_FOR_ALLOC freed 512K, 19% free 3088K/3788K, paused 2ms, total 2ms
V/RipperService( 2214): PING
V/AndroidRipperService( 2214): mHandler.handleMessage() RECIVED
V/AndroidRipperService( 2214): broadcast()
I/AndroidRipper( 4209): Recived message: PING
V/AndroidRipperService( 2214): send()
V/AndroidRipperService( 2214): broadcast() done
V/        ( 2214): ready
V/RipperService( 2214): PING
V/AndroidRipperService( 2214): mHandler.handleMessage() RECIVED
V/AndroidRipperService( 2214): broadcast()
I/AndroidRipper( 4209): Recived message: PING
V/AndroidRipperService( 2214): send()
V/AndroidRipperService( 2214): broadcast() done
V/        ( 2214): ready
V/RipperService( 2214): PING
V/AndroidRipperService( 2214): mHandler.handleMessage() RECIVED
V/AndroidRipperService( 2214): broadcast()
I/AndroidRipper( 4209): Recived message: PING
V/AndroidRipperService( 2214): send()
V/AndroidRipperService( 2214): broadcast() done
V/        ( 2214): ready
V/RipperService( 2214): PING
V/AndroidRipperService( 2214): mHandler.handleMessage() RECIVED
V/AndroidRipperService( 2214): broadcast()
I/AndroidRipper( 4209): Recived message: PING
V/AndroidRipperService( 2214): send()
V/AndroidRipperService( 2214): broadcast() done
V/        ( 2214): ready
V/RipperService( 2214): PING
V/AndroidRipperService( 2214): mHandler.handleMessage() RECIVED
V/AndroidRipperService( 2214): broadcast()
I/AndroidRipper( 4209): Recived message: PING
V/AndroidRipperService( 2214): send()
V/AndroidRipperService( 2214): broadcast() done
V/        ( 2214): ready
D/dalvikvm( 2214): GC_FOR_ALLOC freed 517K, 19% free 3083K/3788K, paused 2ms, total 2ms
V/RipperService( 2214): PING
V/AndroidRipperService( 2214): mHandler.handleMessage() RECIVED
V/AndroidRipperService( 2214): broadcast()
I/AndroidRipper( 4209): Recived message: PING
V/AndroidRipperService( 2214): send()
V/AndroidRipperService( 2214): broadcast() done
V/        ( 2214): ready
V/RipperService( 2214): PING
V/AndroidRipperService( 2214): mHandler.handleMessage() RECIVED
V/AndroidRipperService( 2214): broadcast()
I/AndroidRipper( 4209): Recived message: PING
V/AndroidRipperService( 2214): send()
V/AndroidRipperService( 2214): broadcast() done
V/        ( 2214): ready
V/RipperService( 2214): PING
V/AndroidRipperService( 2214): mHandler.handleMessage() RECIVED
V/AndroidRipperService( 2214): broadcast()
I/AndroidRipper( 4209): Recived message: PING
V/AndroidRipperService( 2214): send()
V/AndroidRipperService( 2214): broadcast() done
V/        ( 2214): ready
V/RipperService( 2214): PING
V/AndroidRipperService( 2214): mHandler.handleMessage() RECIVED
V/AndroidRipperService( 2214): broadcast()
I/AndroidRipper( 4209): Recived message: PING
V/AndroidRipperService( 2214): send()
V/AndroidRipperService( 2214): broadcast() done
V/        ( 2214): ready
V/RipperService( 2214): PING
V/AndroidRipperService( 2214): mHandler.handleMessage() RECIVED
V/AndroidRipperService( 2214): broadcast()
I/AndroidRipper( 4209): Recived message: PING
V/AndroidRipperService( 2214): send()
V/AndroidRipperService( 2214): broadcast() done
V/        ( 2214): ready
D/dalvikvm( 2214): GC_FOR_ALLOC freed 523K, 20% free 3059K/3788K, paused 3ms, total 3ms
V/SERVER  ( 2214): ServerSocket on PORT 18888: offline
V/AndroidRipperService( 2214): mHandler.handleMessage() DISCONNECTED
V/SERVER  ( 2214): Ready to accept connections on port: 18888
I/Vision  ( 2164): Requesting optional module download of ocr.
I/Vision  ( 2164): Checking for download completion for 160040 -- ocr
I/ContentMaintenance( 2164): Internal cache bytes used: 0; limit: 39526809; download size: 0
I/RealtimeCacheCleanup( 2164): Beginning Realtime garbage collection.
I/RealtimeCacheCleanup( 2164): Finished Realtime garbage collection.
I/Vision  ( 2164): Requesting optional module download of ocr.
I/Vision  ( 2164): Checking for download completion for 170052 -- ocr
I/Vision  ( 2164): Requesting optional module download of ocr.
I/Vision  ( 2164): Exceeded maximum feature download tries for ocr
W/Vision  ( 2164): Request of optional module download of ocr failed.
I/Vision  ( 2164): Checking for download completion for 180062 -- ocr
I/Vision  ( 2164): Requesting optional module download of ocr.
I/Vision  ( 2164): Checking for download completion for 190077 -- ocr
D/dalvikvm( 2164): GC_FOR_ALLOC freed 2171K, 13% free 21429K/24416K, paused 20ms, total 20ms
I/ChimeraConfigurator( 2164): Starting update, reason: 4 urgentFeatures: vision.ocr:-1
E/ConfigFileUtils( 2164): Failed to read config file: /data/data/com.google.android.gms/app_chimera/next_container.pb: open failed: ENOENT (No such file or directory)
I/ChmraDebugLogger( 2164): [73] 1801
I/ChmraDebugLogger( 2164): [30] [VisionOcr.optional:202414000700] permitMetered=true,
W/ChimeraConfigService( 2164): Retry attempt was throttled.
I/Vision  ( 2164): Requesting optional module download of ocr.
I/Vision  ( 2164): Checking for download completion for 200084 -- ocr
D/AndroidRuntime( 4265): 
D/AndroidRuntime( 4265): >>>>>> AndroidRuntime START com.android.internal.os.RuntimeInit <<<<<<
W/linker  ( 4265): libdvm.so has text relocations. This is wasting memory and is a security risk. Please fix.
D/AndroidRuntime( 4265): CheckJNI is ON
D/dalvikvm( 4265): Trying to load lib libjavacore.so 0x0
D/dalvikvm( 4265): Added shared lib libjavacore.so 0x0
D/dalvikvm( 4265): Trying to load lib libnativehelper.so 0x0
D/dalvikvm( 4265): Added shared lib libnativehelper.so 0x0
D/dalvikvm( 4265): No JNI_OnLoad found in libnativehelper.so 0x0, skipping init
D/dalvikvm( 4265): Note: class Landroid/app/ActivityManagerNative; has 179 unimplemented (abstract) methods
E/memtrack( 4265): Couldn't load memtrack module (No such file or directory)
E/android.os.Debug( 4265): failed to load memtrack module: -2
D/AndroidRuntime( 4265): Calling main entry com.android.commands.pm.Pm
D/AndroidRuntime( 4265): Shutting down VM
D/dalvikvm( 4265): GC_CONCURRENT freed 92K, 15% free 557K/652K, paused 0ms+0ms, total 0ms
I/AndroidRuntime( 4265): NOTE: attach of thread 'Binder_1' failed
D/AndroidRuntime( 4277): 
D/AndroidRuntime( 4277): >>>>>> AndroidRuntime START com.android.internal.os.RuntimeInit <<<<<<
W/linker  ( 4277): libdvm.so has text relocations. This is wasting memory and is a security risk. Please fix.
D/AndroidRuntime( 4277): CheckJNI is ON
D/dalvikvm( 4277): Trying to load lib libjavacore.so 0x0
D/dalvikvm( 4277): Added shared lib libjavacore.so 0x0
D/dalvikvm( 4277): Trying to load lib libnativehelper.so 0x0
D/dalvikvm( 4277): Added shared lib libnativehelper.so 0x0
D/dalvikvm( 4277): No JNI_OnLoad found in libnativehelper.so 0x0, skipping init
D/dalvikvm( 4277): Note: class Landroid/app/ActivityManagerNative; has 179 unimplemented (abstract) methods
E/memtrack( 4277): Couldn't load memtrack module (No such file or directory)
E/android.os.Debug( 4277): failed to load memtrack module: -2
D/AndroidRuntime( 4277): Calling main entry com.android.commands.pm.Pm
W/InputDispatcher( 1569): channel '9d1c7770 org.billthefarmer.notes/org.billthefarmer.notes.Notes (server)' ~ Consumer closed input channel or an error occurred.  events=0x9
E/InputDispatcher( 1569): channel '9d1c7770 org.billthefarmer.notes/org.billthefarmer.notes.Notes (server)' ~ Channel is unrecoverably broken and will be disposed!
E/JavaBinder( 1569): !!! FAILED BINDER TRANSACTION !!!
W/InputDispatcher( 1569): Attempted to unregister already unregistered input channel '9d1c7770 org.billthefarmer.notes/org.billthefarmer.notes.Notes (server)'
D/keystore( 1149): calling clear_uid in state: 3
I/ActivityManager( 1569): Force stopping org.billthefarmer.notes appid=10064 user=0: clear data
I/ActivityManager( 1569): Killing 4209:org.billthefarmer.notes/u0a64 (adj 0): stop org.billthefarmer.notes
W/ActivityManager( 1569): Force removing ActivityRecord{9d886c50 u0 org.billthefarmer.notes/.Notes t7}: app died, no saved state
W/ActivityManager( 1569): Crash of app org.billthefarmer.notes running instrumentation ComponentInfo{it.unina.android.ripper/android.test.InstrumentationTestRunner}
I/WindowState( 1569): WIN DEATH: Window{9d1c7770 u0 org.billthefarmer.notes/org.billthefarmer.notes.Notes}
I/ActivityManager( 1569): Force stopping org.billthefarmer.notes appid=10064 user=0: finished inst
I/GeofencerStateMachine( 1771): removeGeofences: removeRequest=RemoveGeofencingRequest[REMOVE_ALL packageName=org.billthefarmer.notes]
D/Documents( 3190): Used cached roots for com.android.providers.downloads.documents
D/Documents( 3190): Used cached roots for com.android.externalstorage.documents
D/Documents( 3190): Used cached roots for com.android.providers.media.documents
D/Documents( 3190): Update found 6 roots in 3ms
D/EGL_emulation( 1931): eglMakeCurrent: 0xb8290b60: ver 3 0
D/AndroidRuntime( 4277): Shutting down VM
D/dalvikvm( 4277): GC_CONCURRENT freed 92K, 15% free 549K/644K, paused 0ms+0ms, total 0ms
I/Icing   ( 2164): doRemovePackageData org.billthefarmer.notes
D/EGL_emulation( 1931): eglMakeCurrent: 0xb8290b60: ver 3 0
E/EGL_emulation( 1931): tid 1931: eglSurfaceAttrib(1199): error 0x3009 (EGL_BAD_MATCH)
W/HardwareRenderer( 1931): Backbuffer cannot be preserved
W/Binder  ( 1764): Caught a RuntimeException from the binder stub implementation.
W/Binder  ( 1764): java.lang.NullPointerException
W/Binder  ( 1764): 	at android.inputmethodservice.IInputMethodWrapper.setSessionEnabled(IInputMethodWrapper.java:280)
W/Binder  ( 1764): 	at com.android.internal.view.IInputMethod$Stub.onTransact(IInputMethod.java:129)
W/Binder  ( 1764): 	at android.os.Binder.execTransact(Binder.java:404)
W/Binder  ( 1764): 	at dalvik.system.NativeStart.run(Native Method)
W/InputMethodManagerService( 1569): Got RemoteException sending setActive(false) notification to pid 4209 uid 10064
I/Fitness ( 1771): FitCleanupIntentOperation received Intent android.intent.action.PACKAGE_DATA_CLEARED [CONTEXT service_id=17 ]
D/dalvikvm( 1931): GC_FOR_ALLOC freed 8836K, 35% free 17826K/27216K, paused 9ms, total 9ms
I/dalvikvm-heap( 1931): Grow heap (frag case) to 24.707MB for 7464972-byte allocation
D/dalvikvm( 1931): GC_FOR_ALLOC freed 2K, 8% free 25113K/27216K, paused 6ms, total 6ms
D/AndroidRuntime( 4303): 
D/AndroidRuntime( 4303): >>>>>> AndroidRuntime START com.android.internal.os.RuntimeInit <<<<<<
W/linker  ( 4303): libdvm.so has text relocations. This is wasting memory and is a security risk. Please fix.
D/AndroidRuntime( 4303): CheckJNI is ON
D/dalvikvm( 4303): Trying to load lib libjavacore.so 0x0
D/dalvikvm( 4303): Added shared lib libjavacore.so 0x0
D/dalvikvm( 4303): Trying to load lib libnativehelper.so 0x0
D/dalvikvm( 4303): Added shared lib libnativehelper.so 0x0
D/dalvikvm( 4303): No JNI_OnLoad found in libnativehelper.so 0x0, skipping init
D/dalvikvm( 4303): Note: class Landroid/app/ActivityManagerNative; has 179 unimplemented (abstract) methods
E/memtrack( 4303): Couldn't load memtrack module (No such file or directory)
E/android.os.Debug( 4303): failed to load memtrack module: -2
D/AndroidRuntime( 4303): Calling main entry com.android.commands.pm.Pm
I/ActivityManager( 1569): Force stopping org.billthefarmer.notes appid=10064 user=-1: uninstall pkg
W/PackageManager( 1569): Couldn't delete native library directory /data/app-lib/org.billthefarmer.notes
D/keystore( 1149): calling clear_uid in state: 3
I/ActivityManager( 1569): Force stopping org.billthefarmer.notes appid=10064 user=0: pkg removed
