I/AndroidRipper( 3643): [b] Testing for type (android.widget.ListPopupWindow$DropDownListView) against the original (listView)
I/AndroidRipper( 3643): [b] Testing for name () against the original ()
V/AndroidRipperService( 2214): broadcast() done
I/AndroidRipper( 3643): [b] Swapping to listview item 3
V/        ( 2214): ready
D/dalvikvm( 1569): GC_FOR_ALLOC freed 1549K, 44% free 9165K/16104K, paused 7ms, total 7ms
E/SoundPool( 1569): error loading /system/media/audio/ui/Effect_Tick.ogg
W/AudioService( 1569): Soundpool could not load file: /system/media/audio/ui/Effect_Tick.ogg
E/SoundPool( 1569): error loading /system/media/audio/ui/Effect_Tick.ogg
W/AudioService( 1569): Soundpool could not load file: /system/media/audio/ui/Effect_Tick.ogg
E/SoundPool( 1569): error loading /system/media/audio/ui/Effect_Tick.ogg
W/AudioService( 1569): Soundpool could not load file: /system/media/audio/ui/Effect_Tick.ogg
E/SoundPool( 1569): error loading /system/media/audio/ui/Effect_Tick.ogg
W/AudioService( 1569): Soundpool could not load file: /system/media/audio/ui/Effect_Tick.ogg
E/SoundPool( 1569): error loading /system/media/audio/ui/Effect_Tick.ogg
W/AudioService( 1569): Soundpool could not load file: /system/media/audio/ui/Effect_Tick.ogg
E/SoundPool( 1569): error loading /system/media/audio/ui/KeypressStandard.ogg
W/AudioService( 1569): Soundpool could not load file: /system/media/audio/ui/KeypressStandard.ogg
E/SoundPool( 1569): error loading /system/media/audio/ui/KeypressSpacebar.ogg
W/AudioService( 1569): Soundpool could not load file: /system/media/audio/ui/KeypressSpacebar.ogg
E/SoundPool( 1569): error loading /system/media/audio/ui/KeypressDelete.ogg
W/AudioService( 1569): Soundpool could not load file: /system/media/audio/ui/KeypressDelete.ogg
E/SoundPool( 1569): error loading /system/media/audio/ui/KeypressReturn.ogg
W/AudioService( 1569): Soundpool could not load file: /system/media/audio/ui/KeypressReturn.ogg
E/SoundPool( 1569): error loading /system/media/audio/ui/KeypressInvalid.ogg
W/AudioService( 1569): Soundpool could not load file: /system/media/audio/ui/KeypressInvalid.ogg
W/AudioService( 1569): onLoadSoundEffects(), Error -1 while loading samples
I/Vision  ( 2164): Requesting optional module download of ocr.
W/ActivityManager( 1569): Unable to start service Intent { act=com.google.android.gms.drive.ApiService.RESET_AFTER_BOOT flg=0x4 cmp=com.google.android.gms/.drive.api.ApiService (has extras) } U=0: not found
I/Vision  ( 2164): Checking for download completion for 130015 -- ocr
I/ChimeraConfigurator( 2164): Starting update, reason: 4 urgentFeatures: vision.ocr:-1
E/ConfigFileUtils( 2164): Failed to read config file: /data/data/com.google.android.gms/app_chimera/next_container.pb: open failed: ENOENT (No such file or directory)
E/SoundPool( 1569): error loading /system/media/audio/ui/Effect_Tick.ogg
W/AudioService( 1569): Soundpool could not load file: /system/media/audio/ui/Effect_Tick.ogg
E/SoundPool( 1569): error loading /system/media/audio/ui/Effect_Tick.ogg
W/AudioService( 1569): Soundpool could not load file: /system/media/audio/ui/Effect_Tick.ogg
E/SoundPool( 1569): error loading /system/media/audio/ui/Effect_Tick.ogg
W/AudioService( 1569): Soundpool could not load file: /system/media/audio/ui/Effect_Tick.ogg
E/SoundPool( 1569): error loading /system/media/audio/ui/Effect_Tick.ogg
W/AudioService( 1569): Soundpool could not load file: /system/media/audio/ui/Effect_Tick.ogg
E/SoundPool( 1569): error loading /system/media/audio/ui/Effect_Tick.ogg
W/AudioService( 1569): Soundpool could not load file: /system/media/audio/ui/Effect_Tick.ogg
E/SoundPool( 1569): error loading /system/media/audio/ui/KeypressStandard.ogg
W/AudioService( 1569): Soundpool could not load file: /system/media/audio/ui/KeypressStandard.ogg
E/SoundPool( 1569): error loading /system/media/audio/ui/KeypressSpacebar.ogg
W/AudioService( 1569): Soundpool could not load file: /system/media/audio/ui/KeypressSpacebar.ogg
E/SoundPool( 1569): error loading /system/media/audio/ui/KeypressDelete.ogg
W/AudioService( 1569): Soundpool could not load file: /system/media/audio/ui/KeypressDelete.ogg
E/SoundPool( 1569): error loading /system/media/audio/ui/KeypressReturn.ogg
W/AudioService( 1569): Soundpool could not load file: /system/media/audio/ui/KeypressReturn.ogg
E/SoundPool( 1569): error loading /system/media/audio/ui/KeypressInvalid.ogg
W/AudioService( 1569): Soundpool could not load file: /system/media/audio/ui/KeypressInvalid.ogg
W/AudioService( 1569): onLoadSoundEffects(), Error -1 while loading samples
I/ChmraDebugLogger( 2164): [73] 1801
I/ChmraDebugLogger( 2164): [30] [VisionOcr.optional:202414000700] permitMetered=true,
W/ChimeraConfigService( 2164): Retry attempt was throttled.
E/SoundPool( 1569): error loading /system/media/audio/ui/Effect_Tick.ogg
W/AudioService( 1569): Soundpool could not load file: /system/media/audio/ui/Effect_Tick.ogg
E/SoundPool( 1569): error loading /system/media/audio/ui/Effect_Tick.ogg
W/AudioService( 1569): Soundpool could not load file: /system/media/audio/ui/Effect_Tick.ogg
E/SoundPool( 1569): error loading /system/media/audio/ui/Effect_Tick.ogg
W/AudioService( 1569): Soundpool could not load file: /system/media/audio/ui/Effect_Tick.ogg
E/SoundPool( 1569): error loading /system/media/audio/ui/Effect_Tick.ogg
W/AudioService( 1569): Soundpool could not load file: /system/media/audio/ui/Effect_Tick.ogg
E/SoundPool( 1569): error loading /system/media/audio/ui/Effect_Tick.ogg
W/AudioService( 1569): Soundpool could not load file: /system/media/audio/ui/Effect_Tick.ogg
E/SoundPool( 1569): error loading /system/media/audio/ui/KeypressStandard.ogg
W/AudioService( 1569): Soundpool could not load file: /system/media/audio/ui/KeypressStandard.ogg
E/SoundPool( 1569): error loading /system/media/audio/ui/KeypressSpacebar.ogg
W/AudioService( 1569): Soundpool could not load file: /system/media/audio/ui/KeypressSpacebar.ogg
E/SoundPool( 1569): error loading /system/media/audio/ui/KeypressDelete.ogg
W/AudioService( 1569): Soundpool could not load file: /system/media/audio/ui/KeypressDelete.ogg
E/SoundPool( 1569): error loading /system/media/audio/ui/KeypressReturn.ogg
W/AudioService( 1569): Soundpool could not load file: /system/media/audio/ui/KeypressReturn.ogg
E/SoundPool( 1569): error loading /system/media/audio/ui/KeypressInvalid.ogg
W/AudioService( 1569): Soundpool could not load file: /system/media/audio/ui/KeypressInvalid.ogg
W/AudioService( 1569): onLoadSoundEffects(), Error -1 while loading samples
D/EGL_emulation( 3643): eglMakeCurrent: 0xb8255560: ver 3 0
E/EGL_emulation( 3643): tid 3643: eglSurfaceAttrib(1199): error 0x3009 (EGL_BAD_MATCH)
W/HardwareRenderer( 3643): Backbuffer cannot be preserved
V/AndroidRipperService( 2214): send()
V/RipperTestCase( 3643): END_EVENT[14|1629115946888]
D/dalvikvm( 2214): GC_FOR_ALLOC freed 480K, 19% free 3090K/3784K, paused 2ms, total 2ms
V/RipperService( 2214): PING
V/AndroidRipperService( 2214): mHandler.handleMessage() RECIVED
V/AndroidRipperService( 2214): broadcast()
I/AndroidRipper( 3643): Recived message: PING
V/AndroidRipperService( 2214): send()
V/AndroidRipperService( 2214): broadcast() done
V/        ( 2214): ready
V/RipperService( 2214): DSC
V/AndroidRipperService( 2214): mHandler.handleMessage() RECIVED
V/AndroidRipperService( 2214): broadcast()
I/AndroidRipper( 3643): Recived message: DSC
V/AndroidRipperService( 2214): broadcast() done
V/        ( 2214): ready
I/AndroidRipper( 3643): [b] Found widget: id=-1 (android.widget.FrameLayout{9d342ef8 V.E..... ........ 0,0-1026,680})
I/AndroidRipper( 3643): [b] Found widget: id=16908290 (android.widget.FrameLayout{9d3e79d0 V.E..... ........ 0,0-1026,680 #1020002 android:id/content})
I/AndroidRipper( 3643): [b] Found widget: id=16908909 (android.widget.LinearLayout{9d3e7c00 V.E..... ........ 21,0-1005,680 #102026d android:id/parentPanel})
I/AndroidRipper( 3643): [b] Found widget: id=16908910 (android.widget.LinearLayout{9d3e7e40 V.E..... ........ 0,0-984,194 #102026e android:id/topPanel})
I/AndroidRipper( 3643): [b] Found widget: id=16908920 (android.view.View{9d3e8080 G.ED.... ......ID 0,0-0,0 #1020278 android:id/titleDividerTop})
I/AndroidRipper( 3643): [b] Found widget: id=16908911 (android.widget.LinearLayout{9d32e690 V.E..... ........ 63,21-921,189 #102026f android:id/title_template})
I/AndroidRipper( 3643): [b] Found widget: id=16908294 (android.widget.ImageView{9d32e8d0 G.ED.... ......I. 0,0-0,0 #1020006 android:id/icon})
I/AndroidRipper( 3643): [b] Found widget: id=16908912 (com.android.internal.widget.DialogTitle{9d32eab0 V.ED.... ........ 0,45-858,123 #1020270 android:id/alertTitle})
I/AndroidRipper( 3643): [b] Found widget: id=16908913 (android.view.View{9d01e098 V.ED.... ........ 21,189-963,194 #1020271 android:id/titleDivider})
I/AndroidRipper( 3643): [b] Found widget: id=16908917 (android.widget.LinearLayout{9d01e210 V.E..... ........ 0,194-984,362 #1020275 android:id/contentPanel})
I/AndroidRipper( 3643): [b] Found widget: id=16908918 (android.widget.ScrollView{9d01e450 V.ED.V.. ........ 21,0-963,105 #1020276 android:id/scrollView})
I/AndroidRipper( 3643): [b] Found widget: id=16908299 (android.widget.TextView{9d01e6d8 V.ED.... ........ 0,0-942,105 #102000b android:id/message})
I/AndroidRipper( 3643): [b] Found widget: id=16908919 (android.widget.FrameLayout{9d01e988 V.E..... ........ 0,362-984,530 #1020277 android:id/customPanel})
I/AndroidRipper( 3643): [b] Found widget: id=16908331 (android.widget.FrameLayout{9d01ebb8 V.E..... ........ 21,0-963,102 #102002b android:id/custom})
I/AndroidRipper( 3643): [b] Found widget: id=2130968598 (android.widget.EditText{9d3262d8 VFED..CL .F...... 40,0-902,102 #7f040016 app:id/path_text})
I/AndroidRipper( 3643): [b] Found widget: id=16908914 (android.widget.LinearLayout{9d01ede8 V.ED.... ........ 0,530-984,680 #1020272 android:id/buttonPanel})
I/AndroidRipper( 3643): [b] Found widget: id=-1 (android.widget.LinearLayout{9d3273f8 V.ED.... ........ 21,3-963,129})
I/AndroidRipper( 3643): [b] Found widget: id=16908314 (android.widget.Button{9d327638 VFED..C. ........ 0,0-312,126 #102001a android:id/button2})
I/AndroidRipper( 3643): [b] Found widget: id=16908315 (android.widget.Button{9d327cf8 VFED..C. ........ 315,0-627,126 #102001b android:id/button3})
I/AndroidRipper( 3643): [b] Found widget: id=16908313 (android.widget.Button{9d327fa8 VFED..C. ........ 630,0-942,126 #1020019 android:id/button1})
I/AndroidRipper( 3643): [b] Found widget: id=16909070 (android.view.ViewStub{9d33ffe8 G.E..... ......I. 0,0-0,0 #102030e})
I/AndroidRipper( 3643): [b] Found widget: id=-1 (com.android.internal.policy.impl.PhoneWindow$DecorView{9d342c80 V.E..... R....... 0,0-1026,680})
V/AndroidRipperService( 2214): send()
V/RipperService( 2214): INP
V/AndroidRipperService( 2214): mHandler.handleMessage() RECIVED
V/AndroidRipperService( 2214): broadcast()
V/AndroidRipperService( 2214): broadcast() done
V/        ( 2214): ready
I/AndroidRipper( 3643): Recived message: INP
V/RipperTestCase( 3643): START_INPUT[15|0+|1629115946995]
I/AndroidRipper( 3643): [b] Retrieving widgets
I/AndroidRipper( 3643): [b] Found widget: id=-1 (android.widget.FrameLayout{9d342ef8 V.E..... ........ 0,0-1026,680})
I/AndroidRipper( 3643): [b] Found widget: id=16908290 (android.widget.FrameLayout{9d3e79d0 V.E..... ........ 0,0-1026,680 #1020002 android:id/content})
I/AndroidRipper( 3643): [b] Found widget: id=16908909 (android.widget.LinearLayout{9d3e7c00 V.E..... ........ 21,0-1005,680 #102026d android:id/parentPanel})
I/AndroidRipper( 3643): [b] Found widget: id=16908910 (android.widget.LinearLayout{9d3e7e40 V.E..... ........ 0,0-984,194 #102026e android:id/topPanel})
I/AndroidRipper( 3643): [b] Found widget: id=16908920 (android.view.View{9d3e8080 G.ED.... ......ID 0,0-0,0 #1020278 android:id/titleDividerTop})
I/AndroidRipper( 3643): [b] Found widget: id=16908911 (android.widget.LinearLayout{9d32e690 V.E..... ........ 63,21-921,189 #102026f android:id/title_template})
I/AndroidRipper( 3643): [b] Found widget: id=16908294 (android.widget.ImageView{9d32e8d0 G.ED.... ......I. 0,0-0,0 #1020006 android:id/icon})
I/AndroidRipper( 3643): [b] Found widget: id=16908912 (com.android.internal.widget.DialogTitle{9d32eab0 V.ED.... ........ 0,45-858,123 #1020270 android:id/alertTitle}): Save
I/AndroidRipper( 3643): [b] Found widget: id=16908913 (android.view.View{9d01e098 V.ED.... ........ 21,189-963,194 #1020271 android:id/titleDivider})
I/AndroidRipper( 3643): [b] Found widget: id=16908917 (android.widget.LinearLayout{9d01e210 V.E..... ........ 0,194-984,362 #1020275 android:id/contentPanel})
I/AndroidRipper( 3643): [b] Found widget: id=16908918 (android.widget.ScrollView{9d01e450 V.ED.V.. ........ 21,0-963,105 #1020276 android:id/scrollView})
I/AndroidRipper( 3643): [b] Found widget: id=16908299 (android.widget.TextView{9d01e6d8 V.ED.... ........ 0,0-942,105 #102000b android:id/message}): Choose a file name
I/AndroidRipper( 3643): [b] Found widget: id=16908919 (android.widget.FrameLayout{9d01e988 V.E..... ........ 0,362-984,530 #1020277 android:id/customPanel})
I/AndroidRipper( 3643): [b] Found widget: id=16908331 (android.widget.FrameLayout{9d01ebb8 V.E..... ........ 21,0-963,102 #102002b android:id/custom})
I/AndroidRipper( 3643): [b] Found widget: id=2130968598 (android.widget.EditText{9d3262d8 VFED..CL .F...... 40,0-902,102 #7f040016 app:id/path_text}): Notes/Notes.md
I/AndroidRipper( 3643): [b] Found widget: id=16908914 (android.widget.LinearLayout{9d01ede8 V.ED.... ........ 0,530-984,680 #1020272 android:id/buttonPanel})
I/AndroidRipper( 3643): [b] Found widget: id=-1 (android.widget.LinearLayout{9d3273f8 V.ED.... ........ 21,3-963,129})
I/AndroidRipper( 3643): [b] Found widget: id=16908314 (android.widget.Button{9d327638 VFED..C. ........ 0,0-312,126 #102001a android:id/button2}): Cancel
I/AndroidRipper( 3643): [b] Found widget: id=16908315 (android.widget.Button{9d327cf8 VFED..C. ........ 315,0-627,126 #102001b android:id/button3}): Storage
I/AndroidRipper( 3643): [b] Found widget: id=16908313 (android.widget.Button{9d327fa8 VFED..C. ........ 630,0-942,126 #1020019 android:id/button1}): Save
I/AndroidRipper( 3643): [b] Found widget: id=16909070 (android.view.ViewStub{9d33ffe8 G.E..... ......I. 0,0-0,0 #102030e})
I/AndroidRipper( 3643): [b] Found widget: id=-1 (com.android.internal.policy.impl.PhoneWindow$DecorView{9d342c80 V.E..... R....... 0,0-1026,680})
V/RipperService( 2214): EVT
V/AndroidRipperService( 2214): mHandler.handleMessage() RECIVED
V/AndroidRipperService( 2214): broadcast()
V/AndroidRipperService( 2214): broadcast() done
V/        ( 2214): ready
V/AndroidRipperService( 2214): send()
V/RipperTestCase( 3643): END_INPUT[15|0|1629115947015]
I/AndroidRipper( 3643): Recived message: EVT
V/RipperTestCase( 3643): START_EVENT[15|1629115947016]
I/AndroidRipper( 3643): [b] Retrieved from return list id=16908315
I/AndroidRipper( 3643): [b] Testing for type (android.widget.Button) against the original (button)
I/AndroidRipper( 3643): [b] Testing for name (Storage) against the original (Storage)
D/dalvikvm( 1569): GC_FOR_ALLOC freed 1535K, 44% free 9178K/16104K, paused 15ms, total 15ms
V/RipperService( 2214): PING
V/AndroidRipperService( 2214): mHandler.handleMessage() RECIVED
V/AndroidRipperService( 2214): broadcast()
V/AndroidRipperService( 2214): broadcast() done
V/        ( 2214): ready
D/dalvikvm( 2214): GC_FOR_ALLOC freed 516K, 20% free 3059K/3784K, paused 1ms, total 1ms
E/SoundPool( 1569): error loading /system/media/audio/ui/Effect_Tick.ogg
W/AudioService( 1569): Soundpool could not load file: /system/media/audio/ui/Effect_Tick.ogg
E/SoundPool( 1569): error loading /system/media/audio/ui/Effect_Tick.ogg
W/AudioService( 1569): Soundpool could not load file: /system/media/audio/ui/Effect_Tick.ogg
E/SoundPool( 1569): error loading /system/media/audio/ui/Effect_Tick.ogg
W/AudioService( 1569): Soundpool could not load file: /system/media/audio/ui/Effect_Tick.ogg
E/SoundPool( 1569): error loading /system/media/audio/ui/Effect_Tick.ogg
W/AudioService( 1569): Soundpool could not load file: /system/media/audio/ui/Effect_Tick.ogg
E/SoundPool( 1569): error loading /system/media/audio/ui/Effect_Tick.ogg
W/AudioService( 1569): Soundpool could not load file: /system/media/audio/ui/Effect_Tick.ogg
E/SoundPool( 1569): error loading /system/media/audio/ui/KeypressStandard.ogg
W/AudioService( 1569): Soundpool could not load file: /system/media/audio/ui/KeypressStandard.ogg
E/SoundPool( 1569): error loading /system/media/audio/ui/KeypressSpacebar.ogg
W/AudioService( 1569): Soundpool could not load file: /system/media/audio/ui/KeypressSpacebar.ogg
E/SoundPool( 1569): error loading /system/media/audio/ui/KeypressDelete.ogg
W/AudioService( 1569): Soundpool could not load file: /system/media/audio/ui/KeypressDelete.ogg
E/SoundPool( 1569): error loading /system/media/audio/ui/KeypressReturn.ogg
W/AudioService( 1569): Soundpool could not load file: /system/media/audio/ui/KeypressReturn.ogg
E/SoundPool( 1569): error loading /system/media/audio/ui/KeypressInvalid.ogg
W/AudioService( 1569): Soundpool could not load file: /system/media/audio/ui/KeypressInvalid.ogg
W/AudioService( 1569): onLoadSoundEffects(), Error -1 while loading samples
I/ActivityManager( 1569): START u0 {act=android.intent.action.CREATE_DOCUMENT cat=[android.intent.category.OPENABLE] typ=text/* cmp=com.android.documentsui/.DocumentsActivity} from pid 3643
D/dalvikvm( 3190): GC_FOR_ALLOC freed 119K, 16% free 3211K/3808K, paused 1ms, total 1ms
D/dalvikvm( 3190): GC_FOR_ALLOC freed 128K, 15% free 3317K/3896K, paused 3ms, total 3ms
D/dalvikvm( 3190): GC_FOR_ALLOC freed 5K, 14% free 3475K/4016K, paused 2ms, total 2ms
D/dalvikvm( 3190): GC_FOR_ALLOC freed 4K, 14% free 3591K/4128K, paused 4ms, total 4ms
D/dalvikvm( 3190): GC_FOR_ALLOC freed 15K, 13% free 3664K/4192K, paused 2ms, total 2ms
D/dalvikvm( 3190): GC_FOR_ALLOC freed 1K, 13% free 3835K/4364K, paused 2ms, total 2ms
I/dalvikvm-heap( 3190): Grow heap (frag case) to 5.775MB for 1939932-byte allocation
D/dalvikvm( 3190): GC_FOR_ALLOC freed <1K, 9% free 5729K/6260K, paused 2ms, total 2ms
D/Documents( 3190): Current stack: 
D/Documents( 3190):  * null
D/        ( 3190): HostConnection::get() New Host Connection established 0xb82656c0, tid 3190
D/EGL_emulation( 3190): eglCreateContext: 0xb82672e0: maj 3 min 0 rcv 3
D/EGL_emulation( 3190): eglMakeCurrent: 0xb82672e0: ver 3 0
E/eglCodecCommon( 3190): glUtilsParamSize: unknow param 0x00008cdf
E/eglCodecCommon( 3190): glUtilsParamSize: unknow param 0x00008824
E/EGL_emulation( 3190): tid 3190: eglSurfaceAttrib(1199): error 0x3009 (EGL_BAD_MATCH)
W/HardwareRenderer( 3190): Backbuffer cannot be preserved
D/OpenGLRenderer( 3190): Enabling debug mode 0
I/ActivityManager( 1569): Displayed com.android.documentsui/.DocumentsActivity: +284ms
D/EGL_emulation( 3643): eglMakeCurrent: 0xb8255560: ver 3 0
V/AndroidRipperService( 2214): send()
V/RipperTestCase( 3643): END_EVENT[15|1629115948343]
I/AndroidRipper( 3643): Recived message: PING
V/AndroidRipperService( 2214): send()
V/RipperService( 2214): END
V/AndroidRipperService( 2214): mHandler.handleMessage() RECIVED
V/AndroidRipperService( 2214): broadcast()
I/AndroidRipper( 3643): Recived message: END
V/AndroidRipperService( 2214): send()
V/AndroidRipperService( 2214): broadcast() done
V/        ( 2214): ready
D/AndroidRuntime( 4049): 
D/AndroidRuntime( 4049): >>>>>> AndroidRuntime START com.android.internal.os.RuntimeInit <<<<<<
W/linker  ( 4049): libdvm.so has text relocations. This is wasting memory and is a security risk. Please fix.
D/AndroidRuntime( 4049): CheckJNI is ON
D/dalvikvm( 4049): Trying to load lib libjavacore.so 0x0
D/dalvikvm( 4049): Added shared lib libjavacore.so 0x0
D/dalvikvm( 4049): Trying to load lib libnativehelper.so 0x0
D/dalvikvm( 4049): Added shared lib libnativehelper.so 0x0
D/dalvikvm( 4049): No JNI_OnLoad found in libnativehelper.so 0x0, skipping init
D/dalvikvm( 4049): Note: class Landroid/app/ActivityManagerNative; has 179 unimplemented (abstract) methods
E/memtrack( 4049): Couldn't load memtrack module (No such file or directory)
E/android.os.Debug( 4049): failed to load memtrack module: -2
D/AndroidRuntime( 4049): Calling main entry com.android.commands.pm.Pm
D/AndroidRuntime( 4049): Shutting down VM
D/dalvikvm( 4049): GC_CONCURRENT freed 93K, 15% free 557K/652K, paused 0ms+0ms, total 1ms
D/AndroidRuntime( 4060): 
D/AndroidRuntime( 4060): >>>>>> AndroidRuntime START com.android.internal.os.RuntimeInit <<<<<<
W/linker  ( 4060): libdvm.so has text relocations. This is wasting memory and is a security risk. Please fix.
D/AndroidRuntime( 4060): CheckJNI is ON
D/dalvikvm( 4060): Trying to load lib libjavacore.so 0x0
D/dalvikvm( 4060): Added shared lib libjavacore.so 0x0
D/dalvikvm( 4060): Trying to load lib libnativehelper.so 0x0
D/dalvikvm( 4060): Added shared lib libnativehelper.so 0x0
D/dalvikvm( 4060): No JNI_OnLoad found in libnativehelper.so 0x0, skipping init
D/dalvikvm( 4060): Note: class Landroid/app/ActivityManagerNative; has 179 unimplemented (abstract) methods
E/memtrack( 4060): Couldn't load memtrack module (No such file or directory)
E/android.os.Debug( 4060): failed to load memtrack module: -2
D/AndroidRuntime( 4060): Calling main entry com.android.commands.pm.Pm
D/AndroidRuntime( 3632): Shutting down VM
D/dalvikvm( 3632): GC_CONCURRENT freed 96K, 15% free 557K/656K, paused 0ms+0ms, total 0ms
W/InputDispatcher( 1569): channel '9d179810 org.billthefarmer.notes/org.billthefarmer.notes.Notes (server)' ~ Consumer closed input channel or an error occurred.  events=0x9
E/InputDispatcher( 1569): channel '9d179810 org.billthefarmer.notes/org.billthefarmer.notes.Notes (server)' ~ Channel is unrecoverably broken and will be disposed!
I/ActivityManager( 1569): Force stopping org.billthefarmer.notes appid=10062 user=0: clear data
I/ActivityManager( 1569): Killing 3643:org.billthefarmer.notes/u0a62 (adj 0): stop org.billthefarmer.notes
W/ActivityManager( 1569): Crash of app org.billthefarmer.notes running instrumentation ComponentInfo{it.unina.android.ripper/android.test.InstrumentationTestRunner}
W/InputDispatcher( 1569): Attempted to unregister already unregistered input channel '9d179810 org.billthefarmer.notes/org.billthefarmer.notes.Notes (server)'
I/WindowState( 1569): WIN DEATH: Window{9d179810 u0 org.billthefarmer.notes/org.billthefarmer.notes.Notes}
D/gralloc_ranchu( 1144): gralloc_alloc: Creating ashmem region of size 1323008
I/ActivityManager( 1569): Force stopping org.billthefarmer.notes appid=10062 user=0: finished inst
I/ActivityManager( 1569):   Force finishing activity ActivityRecord{9d5124a8 u0 org.billthefarmer.notes/.Notes t6}
I/ActivityManager( 1569):   Force finishing activity ActivityRecord{9d1c3a30 u0 com.android.documentsui/.DocumentsActivity t6}
D/        ( 1569): HostConnection::get() New Host Connection established 0xb83fee90, tid 2411
D/dalvikvm( 1569): GC_FOR_ALLOC freed 579K, 40% free 9794K/16104K, paused 13ms, total 13ms
D/keystore( 1149): calling clear_uid in state: 3
I/GeofencerStateMachine( 1771): removeGeofences: removeRequest=RemoveGeofencingRequest[REMOVE_ALL packageName=org.billthefarmer.notes]
I/ActivityManager( 1569):   Force finishing activity ActivityRecord{9d5124a8 u0 org.billthefarmer.notes/.Notes t6 f}
W/ActivityManager( 1569): Duplicate finish request for ActivityRecord{9d5124a8 u0 org.billthefarmer.notes/.Notes t6 f}
I/ActivityManager( 1569):   Force finishing activity ActivityRecord{9d1c3a30 u0 com.android.documentsui/.DocumentsActivity t6 f}
W/ActivityManager( 1569): Duplicate finish request for ActivityRecord{9d1c3a30 u0 com.android.documentsui/.DocumentsActivity t6 f}
I/Icing   ( 2164): doRemovePackageData org.billthefarmer.notes
D/AndroidRuntime( 4060): Shutting down VM
D/dalvikvm( 4060): GC_CONCURRENT freed 92K, 15% free 549K/644K, paused 0ms+0ms, total 0ms
D/Documents( 3190): Used cached roots for com.android.providers.downloads.documents
D/Documents( 3190): Used cached roots for com.android.externalstorage.documents
D/Documents( 3190): Used cached roots for com.android.providers.media.documents
D/Documents( 3190): Update found 6 roots in 0ms
D/EGL_emulation( 1931): eglMakeCurrent: 0xb8290b60: ver 3 0
I/Fitness ( 1771): FitCleanupIntentOperation received Intent android.intent.action.PACKAGE_DATA_CLEARED [CONTEXT service_id=17 ]
D/EGL_emulation( 1931): eglMakeCurrent: 0xb8290b60: ver 3 0
E/EGL_emulation( 1931): tid 1931: eglSurfaceAttrib(1199): error 0x3009 (EGL_BAD_MATCH)
W/HardwareRenderer( 1931): Backbuffer cannot be preserved
D/dalvikvm( 1931): GC_FOR_ALLOC freed 8844K, 35% free 17825K/27216K, paused 3ms, total 3ms
I/dalvikvm-heap( 1931): Grow heap (frag case) to 24.707MB for 7464972-byte allocation
D/dalvikvm( 1931): GC_FOR_ALLOC freed 8K, 8% free 25107K/27216K, paused 8ms, total 8ms
D/AndroidRuntime( 4079): 
D/AndroidRuntime( 4079): >>>>>> AndroidRuntime START com.android.internal.os.RuntimeInit <<<<<<
W/linker  ( 4079): libdvm.so has text relocations. This is wasting memory and is a security risk. Please fix.
D/AndroidRuntime( 4079): CheckJNI is ON
D/dalvikvm( 4079): Trying to load lib libjavacore.so 0x0
D/dalvikvm( 4079): Added shared lib libjavacore.so 0x0
D/dalvikvm( 4079): Trying to load lib libnativehelper.so 0x0
D/dalvikvm( 4079): Added shared lib libnativehelper.so 0x0
D/dalvikvm( 4079): No JNI_OnLoad found in libnativehelper.so 0x0, skipping init
D/dalvikvm( 4079): Note: class Landroid/app/ActivityManagerNative; has 179 unimplemented (abstract) methods
E/memtrack( 4079): Couldn't load memtrack module (No such file or directory)
E/android.os.Debug( 4079): failed to load memtrack module: -2
D/AndroidRuntime( 4079): Calling main entry com.android.commands.pm.Pm
I/ActivityManager( 1569): Force stopping org.billthefarmer.notes appid=10062 user=-1: uninstall pkg
W/PackageManager( 1569): Couldn't delete native library directory /data/app-lib/org.billthefarmer.notes
D/keystore( 1149): calling clear_uid in state: 3
D/dalvikvm( 2346): GC_EXPLICIT freed 163K, 17% free 3445K/4140K, paused 0ms+1ms, total 3ms
I/ActivityManager( 1569): Force stopping org.billthefarmer.notes appid=10062 user=0: pkg removed
D/dalvikvm( 2305): GC_EXPLICIT freed 216K, 19% free 3403K/4176K, paused 0ms+0ms, total 3ms
D/Documents( 3190): Used cached roots for com.android.providers.downloads.documents
D/Documents( 3190): Used cached roots for com.android.externalstorage.documents
D/Documents( 3190): Used cached roots for com.android.providers.media.documents
D/Documents( 3190): Update found 6 roots in 2ms
W/Launcher.Model( 2346): Nobody to tell about the new app.  Launcher is probably loading.
I/GeofencerStateMachine( 1771): removeGeofences: removeRequest=RemoveGeofencingRequest[REMOVE_ALL packageName=org.billthefarmer.notes]
I/InputReader( 1569): Reconfiguring input devices.  changes=0x00000010
I/PackageManager( 1569):   Action: "android.intent.action.SENDTO"
I/PackageManager( 1569):   Category: "android.intent.category.DEFAULT"
I/PackageManager( 1569):   Scheme: "sms"
I/PackageManager( 1569): Adding preferred activity ComponentInfo{com.android.mms/com.android.mms.ui.ComposeMessageActivity} for user 0 :
D/VoicemailCleanupService( 1881): Cleaning up data for package: org.billthefarmer.notes
I/PackageManager( 1569):   Action: "android.intent.action.SENDTO"
I/PackageManager( 1569):   Category: "android.intent.category.DEFAULT"
I/PackageManager( 1569):   Scheme: "smsto"
D/BackupManagerService( 1569): Received broadcast Intent { act=android.intent.action.PACKAGE_REMOVED dat=package:org.billthefarmer.notes flg=0x4000010 (has extras) }
V/BackupManagerService( 1569): removePackageParticipantsLocked: uid=10062 #1
I/PackageManager( 1569): Adding preferred activity ComponentInfo{com.android.mms/com.android.mms.ui.ComposeMessageActivity} for user 0 :
D/dalvikvm( 1881): GC_FOR_ALLOC freed 517K, 18% free 3384K/4088K, paused 2ms, total 2ms
D/dalvikvm( 1794): GC_FOR_ALLOC freed 454K, 17% free 3649K/4392K, paused 6ms, total 6ms
I/PackageManager( 1569):   Action: "android.intent.action.SENDTO"
I/PackageManager( 1569):   Category: "android.intent.category.DEFAULT"
I/PackageManager( 1569):   Scheme: "mms"
I/PackageManager( 1569): Adding preferred activity ComponentInfo{com.android.mms/com.android.mms.ui.ComposeMessageActivity} for user 0 :
I/PackageManager( 1569):   Action: "android.intent.action.SENDTO"
I/PackageManager( 1569):   Category: "android.intent.category.DEFAULT"
I/PackageManager( 1569):   Scheme: "mmsto"
D/dalvikvm( 1569): GC_EXPLICIT freed 1459K, 38% free 10040K/16104K, paused 4ms+10ms, total 39ms
D/dalvikvm( 1569): WAIT_FOR_CONCURRENT_GC blocked 4ms
D/dalvikvm( 1569): WAIT_FOR_CONCURRENT_GC blocked 3ms
I/PackageManager( 1569): Adding preferred activity ComponentInfo{com.android.mms/com.android.mms.ui.ComposeMessageActivity} for user 0 :
I/PackageManager( 1569):   Action: "android.intent.action.SENDTO"
I/PackageManager( 1569):   Category: "android.intent.category.DEFAULT"
I/PackageManager( 1569):   Scheme: "sms"
D/AndroidRuntime( 4079): Shutting down VM
D/dalvikvm( 4079): GC_CONCURRENT freed 92K, 15% free 549K/644K, paused 0ms+0ms, total 1ms
I/PackageManager( 1569):   Action: "android.intent.action.SENDTO"
I/PackageManager( 1569):   Category: "android.intent.category.DEFAULT"
I/PackageManager( 1569):   Scheme: "smsto"
I/PackageManager( 1569): Adding preferred activity ComponentInfo{com.android.mms/com.android.mms.ui.ComposeMessageActivity} for user 0 :
I/PackageManager( 1569): Adding preferred activity ComponentInfo{com.android.mms/com.android.mms.ui.ComposeMessageActivity} for user 0 :
D/dalvikvm( 1794): GC_FOR_ALLOC freed 415K, 17% free 3669K/4392K, paused 2ms, total 2ms
I/PackageManager( 1569):   Action: "android.intent.action.SENDTO"
I/PackageManager( 1569):   Category: "android.intent.category.DEFAULT"
I/PackageManager( 1569):   Scheme: "mms"
I/PackageManager( 1569): Adding preferred activity ComponentInfo{com.android.mms/com.android.mms.ui.ComposeMessageActivity} for user 0 :
D/dalvikvm( 2164): GC_EXPLICIT freed 1655K, 13% free 21367K/24416K, paused 1ms+1ms, total 106ms
I/PackageManager( 1569):   Action: "android.intent.action.SENDTO"
I/PackageManager( 1569):   Category: "android.intent.category.DEFAULT"
I/PackageManager( 1569):   Scheme: "mmsto"
I/PackageManager( 1569): Adding preferred activity ComponentInfo{com.android.mms/com.android.mms.ui.ComposeMessageActivity} for user 0 :
I/Fitness ( 1771): FitCleanupIntentOperation received Intent android.intent.action.PACKAGE_REMOVED [CONTEXT service_id=17 ]
I/Icing.InternalIcingCorporaProvider( 2305): Updating corpora: A: org.billthefarmer.notes, C: MAYBE
W/Launcher( 2346): setApplicationContext called twice! old=com.google.android.velvet.VelvetApplication@9cff07e0 new=com.google.android.velvet.VelvetApplication@9cff07e0
W/ContextImpl( 3243): Calling a method in the system process without a qualified user: android.app.ContextImpl.startService:1479 android.content.ContextWrapper.startService:494 android.content.ContextWrapper.startService:494 com.android.keychain.KeyChainBroadcastReceiver.onReceive:12 android.app.ActivityThread.handleReceiver:2419 
I/ContentMaintenance( 2164): Internal cache bytes used: 0; limit: 39526809; download size: 0
W/ContextImpl( 2305): Implicit intents with startService are not safe: Intent { act=com.google.android.gms.icing.INDEX_SERVICE } android.content.ContextWrapper.bindService:517 com.google.android.gms.internal.av.a:-1 com.google.android.gms.internal.au.connect:-1 
I/LatinIME:LogUtils( 1764): Dictionary info: dictionary = main:en ; version = 42 ; date = 1381226516
I/Icing   ( 2164): IndexChimeraService.getServiceInterface callingPackage=com.google.android.googlequicksearchbox componentName=null serviceId=21
I/Icing   ( 2164): doRemovePackageData org.billthefarmer.notes
I/RealtimeCacheCleanup( 2164): Beginning Realtime garbage collection.
I/RealtimeCacheCleanup( 2164): Finished Realtime garbage collection.
D/EGL_emulation( 3190): eglMakeCurrent: 0xb82672e0: ver 3 0
D/EGL_emulation( 3190): eglMakeCurrent: 0xb82672e0: ver 3 0
I/Icing   ( 2164): IndexChimeraService.getServiceInterface callingPackage=com.google.android.gms componentName=AppsCorpus serviceId=36
I/DownloadManager( 1819): Download 10 starting
W/DownloadManager( 1819): Aborting request for download 10: TYPE_DISALLOWED_BY_REQUESTOR
W/Icing   ( 2164): No valid account for uploading user actions
I/DownloadManager( 1819): Download 10 finished with status WAITING_FOR_NETWORK
I/Icing   ( 2164): Usage reports ok 0, Failed Usage reports 0, indexed 0, rejected 0
W/Icing   ( 2164): No valid account for uploading user actions
I/Icing   ( 2164): Usage reports ok 0, Failed Usage reports 0, indexed 0, rejected 0
I/Icing   ( 2164): Indexing com.google.android.googlequicksearchbox-applications from com.google.android.googlequicksearchbox
I/Icing   ( 2164): Indexing com.google.android.gms-apps from com.google.android.gms
I/Icing   ( 2164): Indexing com.google.android.gms-internal.3p:MobileApplication from com.google.android.gms
I/Icing   ( 2164): Indexing done com.google.android.googlequicksearchbox-applications
I/Icing   ( 2164): Indexing done com.google.android.gms-apps
I/Icing   ( 2164): Indexing done com.google.android.gms-internal.3p:MobileApplication
D/AndroidRuntime( 4110): 
D/AndroidRuntime( 4110): >>>>>> AndroidRuntime START com.android.internal.os.RuntimeInit <<<<<<
W/linker  ( 4110): libdvm.so has text relocations. This is wasting memory and is a security risk. Please fix.
D/AndroidRuntime( 4110): CheckJNI is ON
D/dalvikvm( 4110): Trying to load lib libjavacore.so 0x0
D/dalvikvm( 4110): Added shared lib libjavacore.so 0x0
D/dalvikvm( 4110): Trying to load lib libnativehelper.so 0x0
D/dalvikvm( 4110): Added shared lib libnativehelper.so 0x0
D/dalvikvm( 4110): No JNI_OnLoad found in libnativehelper.so 0x0, skipping init
D/dalvikvm( 4110): Note: class Landroid/app/ActivityManagerNative; has 179 unimplemented (abstract) methods
E/memtrack( 4110): Couldn't load memtrack module (No such file or directory)
E/android.os.Debug( 4110): failed to load memtrack module: -2
D/AndroidRuntime( 4110): Calling main entry com.android.commands.pm.Pm
D/AndroidRuntime( 4110): Shutting down VM
D/dalvikvm( 4110): GC_CONCURRENT freed 93K, 15% free 557K/652K, paused 0ms+0ms, total 0ms
D/AndroidRuntime( 4121): 
D/AndroidRuntime( 4121): >>>>>> AndroidRuntime START com.android.internal.os.RuntimeInit <<<<<<
W/linker  ( 4121): libdvm.so has text relocations. This is wasting memory and is a security risk. Please fix.
D/AndroidRuntime( 4121): CheckJNI is ON
D/dalvikvm( 4121): Trying to load lib libjavacore.so 0x0
D/dalvikvm( 4121): Added shared lib libjavacore.so 0x0
D/dalvikvm( 4121): Trying to load lib libnativehelper.so 0x0
D/dalvikvm( 4121): Added shared lib libnativehelper.so 0x0
D/dalvikvm( 4121): No JNI_OnLoad found in libnativehelper.so 0x0, skipping init
D/dalvikvm( 4121): Note: class Landroid/app/ActivityManagerNative; has 179 unimplemented (abstract) methods
E/memtrack( 4121): Couldn't load memtrack module (No such file or directory)
E/android.os.Debug( 4121): failed to load memtrack module: -2
D/AndroidRuntime( 4121): Calling main entry com.android.commands.pm.Pm
D/keystore( 1149): calling clear_uid in state: 3
I/GeofencerStateMachine( 1771): removeGeofences: removeRequest=RemoveGeofencingRequest[REMOVE_ALL packageName=it.unina.android.ripper]
D/Documents( 3190): Used cached roots for com.android.providers.downloads.documents
D/Documents( 3190): Used cached roots for com.android.externalstorage.documents
D/Documents( 3190): Used cached roots for com.android.providers.media.documents
D/Documents( 3190): Update found 6 roots in 1ms
I/Fitness ( 1771): FitCleanupIntentOperation received Intent android.intent.action.PACKAGE_DATA_CLEARED [CONTEXT service_id=17 ]
I/Icing   ( 2164): doRemovePackageData it.unina.android.ripper
I/ActivityManager( 1569): Force stopping it.unina.android.ripper appid=10063 user=0: clear data
D/AndroidRuntime( 4121): Shutting down VM
D/dalvikvm( 4121): GC_CONCURRENT freed 92K, 15% free 549K/644K, paused 0ms+0ms, total 1ms
D/dalvikvm( 1771): GC_FOR_ALLOC freed 2011K, 22% free 10241K/13116K, paused 14ms, total 15ms
D/AndroidRuntime( 4137): 
D/AndroidRuntime( 4137): >>>>>> AndroidRuntime START com.android.internal.os.RuntimeInit <<<<<<
W/linker  ( 4137): libdvm.so has text relocations. This is wasting memory and is a security risk. Please fix.
D/AndroidRuntime( 4137): CheckJNI is ON
D/dalvikvm( 4137): Trying to load lib libjavacore.so 0x0
D/dalvikvm( 4137): Added shared lib libjavacore.so 0x0
D/dalvikvm( 4137): Trying to load lib libnativehelper.so 0x0
D/dalvikvm( 4137): Added shared lib libnativehelper.so 0x0
D/dalvikvm( 4137): No JNI_OnLoad found in libnativehelper.so 0x0, skipping init
D/dalvikvm( 4137): Note: class Landroid/app/ActivityManagerNative; has 179 unimplemented (abstract) methods
E/memtrack( 4137): Couldn't load memtrack module (No such file or directory)
E/android.os.Debug( 4137): failed to load memtrack module: -2
D/AndroidRuntime( 4137): Calling main entry com.android.commands.pm.Pm
I/ActivityManager( 1569): Force stopping it.unina.android.ripper appid=10063 user=-1: uninstall pkg
W/PackageManager( 1569): Couldn't delete native library directory /data/app-lib/it.unina.android.ripper
D/keystore( 1149): calling clear_uid in state: 3
W/Launcher.Model( 2346): Nobody to tell about the new app.  Launcher is probably loading.
I/GeofencerStateMachine( 1771): removeGeofences: removeRequest=RemoveGeofencingRequest[REMOVE_ALL packageName=it.unina.android.ripper]
I/ActivityManager( 1569): Force stopping it.unina.android.ripper appid=10063 user=0: pkg removed
D/Documents( 3190): Used cached roots for com.android.providers.downloads.documents
D/Documents( 3190): Used cached roots for com.android.externalstorage.documents
D/Documents( 3190): Used cached roots for com.android.providers.media.documents
D/Documents( 3190): Update found 6 roots in 0ms
D/VoicemailCleanupService( 1881): Cleaning up data for package: it.unina.android.ripper
I/InputReader( 1569): Reconfiguring input devices.  changes=0x00000010
I/PackageManager( 1569):   Action: "android.intent.action.SENDTO"
I/PackageManager( 1569):   Category: "android.intent.category.DEFAULT"
I/PackageManager( 1569):   Scheme: "sms"
I/PackageManager( 1569): Adding preferred activity ComponentInfo{com.android.mms/com.android.mms.ui.ComposeMessageActivity} for user 0 :
I/PackageManager( 1569):   Action: "android.intent.action.SENDTO"
I/PackageManager( 1569):   Category: "android.intent.category.DEFAULT"
I/PackageManager( 1569):   Scheme: "smsto"
I/Icing.InternalIcingCorporaProvider( 2305): Updating corpora: A: it.unina.android.ripper, C: MAYBE
W/Launcher( 2346): setApplicationContext called twice! old=com.google.android.velvet.VelvetApplication@9cff07e0 new=com.google.android.velvet.VelvetApplication@9cff07e0
D/BackupManagerService( 1569): Received broadcast Intent { act=android.intent.action.PACKAGE_REMOVED dat=package:it.unina.android.ripper flg=0x4000010 (has extras) }
V/BackupManagerService( 1569): removePackageParticipantsLocked: uid=10063 #1
I/PackageManager( 1569): Adding preferred activity ComponentInfo{com.android.mms/com.android.mms.ui.ComposeMessageActivity} for user 0 :
W/ContextImpl( 3243): Calling a method in the system process without a qualified user: android.app.ContextImpl.startService:1479 android.content.ContextWrapper.startService:494 android.content.ContextWrapper.startService:494 com.android.keychain.KeyChainBroadcastReceiver.onReceive:12 android.app.ActivityThread.handleReceiver:2419 
D/dalvikvm( 1794): GC_FOR_ALLOC freed 447K, 18% free 3644K/4392K, paused 3ms, total 3ms
I/PackageManager( 1569):   Action: "android.intent.action.SENDTO"
I/PackageManager( 1569):   Category: "android.intent.category.DEFAULT"
I/PackageManager( 1569):   Scheme: "mms"
I/Fitness ( 1771): FitCleanupIntentOperation received Intent android.intent.action.PACKAGE_REMOVED [CONTEXT service_id=17 ]
I/PackageManager( 1569): Adding preferred activity ComponentInfo{com.android.mms/com.android.mms.ui.ComposeMessageActivity} for user 0 :
I/ActivityManager( 1569): Delay finish: com.android.keychain/.KeyChainBroadcastReceiver
I/ActivityManager( 1569): Resuming delayed broadcast
I/PackageManager( 1569):   Action: "android.intent.action.SENDTO"
I/PackageManager( 1569):   Category: "android.intent.category.DEFAULT"
I/PackageManager( 1569):   Scheme: "mmsto"
I/PackageManager( 1569): Adding preferred activity ComponentInfo{com.android.mms/com.android.mms.ui.ComposeMessageActivity} for user 0 :
D/dalvikvm( 1569): GC_EXPLICIT freed 1904K, 39% free 9903K/16104K, paused 0ms+1ms, total 65ms
D/dalvikvm( 1569): WAIT_FOR_CONCURRENT_GC blocked 9ms
D/dalvikvm( 1569): WAIT_FOR_CONCURRENT_GC blocked 9ms
D/dalvikvm( 1569): WAIT_FOR_CONCURRENT_GC blocked 8ms
D/dalvikvm( 1569): WAIT_FOR_CONCURRENT_GC blocked 8ms
D/dalvikvm( 1569): WAIT_FOR_CONCURRENT_GC blocked 11ms
D/dalvikvm( 1569): WAIT_FOR_CONCURRENT_GC blocked 12ms
D/dalvikvm( 1569): WAIT_FOR_CONCURRENT_GC blocked 10ms
D/dalvikvm( 1569): WAIT_FOR_CONCURRENT_GC blocked 12ms
D/AndroidRuntime( 4137): Shutting down VM
D/dalvikvm( 4137): GC_CONCURRENT freed 92K, 15% free 549K/644K, paused 0ms+0ms, total 1ms
I/PackageManager( 1569):   Action: "android.intent.action.SENDTO"
I/PackageManager( 1569):   Category: "android.intent.category.DEFAULT"
I/PackageManager( 1569):   Scheme: "sms"
I/PackageManager( 1569): Adding preferred activity ComponentInfo{com.android.mms/com.android.mms.ui.ComposeMessageActivity} for user 0 :
I/Icing   ( 2164): IndexChimeraService.getServiceInterface callingPackage=com.google.android.googlequicksearchbox componentName=null serviceId=21
I/Icing   ( 2164): doRemovePackageData it.unina.android.ripper
I/PackageManager( 1569):   Action: "android.intent.action.SENDTO"
I/PackageManager( 1569):   Category: "android.intent.category.DEFAULT"
I/PackageManager( 1569):   Scheme: "smsto"
I/PackageManager( 1569): Adding preferred activity ComponentInfo{com.android.mms/com.android.mms.ui.ComposeMessageActivity} for user 0 :
D/dalvikvm( 1794): GC_FOR_ALLOC freed 419K, 17% free 3665K/4392K, paused 3ms, total 3ms
I/PackageManager( 1569):   Action: "android.intent.action.SENDTO"
I/PackageManager( 1569):   Category: "android.intent.category.DEFAULT"
I/PackageManager( 1569):   Scheme: "mms"
I/PackageManager( 1569): Adding preferred activity ComponentInfo{com.android.mms/com.android.mms.ui.ComposeMessageActivity} for user 0 :
I/PackageManager( 1569):   Action: "android.intent.action.SENDTO"
I/PackageManager( 1569):   Category: "android.intent.category.DEFAULT"
I/PackageManager( 1569):   Scheme: "mmsto"
W/Icing.InternalIcingCorporaProvider( 2305): Application table change notification failed.
W/Icing   ( 2164): No valid account for uploading user actions
I/Icing   ( 2164): Usage reports ok 0, Failed Usage reports 0, indexed 0, rejected 0
I/Icing   ( 2164): Indexing com.google.android.gms-apps from com.google.android.gms
I/PackageManager( 1569): Adding preferred activity ComponentInfo{com.android.mms/com.android.mms.ui.ComposeMessageActivity} for user 0 :
I/LatinIME:LogUtils( 1764): Dictionary info: dictionary = main:en ; version = 42 ; date = 1381226516
I/Icing   ( 2164): Indexing done com.google.android.gms-apps
I/DownloadManager( 1819): Download 11 starting
W/DownloadManager( 1819): Aborting request for download 11: TYPE_DISALLOWED_BY_REQUESTOR
I/DownloadManager( 1819): Download 11 finished with status WAITING_FOR_NETWORK
D/AndroidRuntime( 4161): 
D/AndroidRuntime( 4161): >>>>>> AndroidRuntime START com.android.internal.os.RuntimeInit <<<<<<
W/linker  ( 4161): libdvm.so has text relocations. This is wasting memory and is a security risk. Please fix.
D/AndroidRuntime( 4161): CheckJNI is ON
D/dalvikvm( 4161): Trying to load lib libjavacore.so 0x0
D/dalvikvm( 4161): Added shared lib libjavacore.so 0x0
D/dalvikvm( 4161): Trying to load lib libnativehelper.so 0x0
D/dalvikvm( 4161): Added shared lib libnativehelper.so 0x0
D/dalvikvm( 4161): No JNI_OnLoad found in libnativehelper.so 0x0, skipping init
D/dalvikvm( 4161): Note: class Landroid/app/ActivityManagerNative; has 179 unimplemented (abstract) methods
E/memtrack( 4161): Couldn't load memtrack module (No such file or directory)
E/android.os.Debug( 4161): failed to load memtrack module: -2
D/AndroidRuntime( 4161): Calling main entry com.android.commands.pm.Pm
W/ActivityManager( 1569): No content provider found for permission revoke: file:///sdcard/aut.apk
W/ActivityManager( 1569): No content provider found for permission revoke: file:///sdcard/aut.apk
I/PackageManager( 1569): Copying native libraries to /data/app-lib/vmdl-1370165237
W/PackageParser( 1569): Unknown element under <manifest>: meta-data at /data/app/vmdl-1370165237.tmp Binary XML file line #16
D/dalvikvm( 1569): GC_FOR_ALLOC freed 1621K, 38% free 10009K/16104K, paused 9ms, total 9ms
I/PackageManager( 1569): Running dexopt on: org.billthefarmer.notes
W/linker  ( 4173): libdvm.so has text relocations. This is wasting memory and is a security risk. Please fix.
D/dalvikvm( 4173): DexOpt: load 3ms, verify+opt 8ms, 682988 bytes
I/ActivityManager( 1569): Force stopping org.billthefarmer.notes appid=10064 user=-1: update pkg
W/Launcher.Model( 2346): Nobody to tell about the new app.  Launcher is probably loading.
D/Documents( 3190): Used cached roots for com.android.providers.downloads.documents
D/Documents( 3190): Used cached roots for com.android.externalstorage.documents
D/Documents( 3190): Used cached roots for com.android.providers.media.documents
D/Documents( 3190): Update found 6 roots in 5ms
I/InputReader( 1569): Reconfiguring input devices.  changes=0x00000010
I/PackageManager( 1569):   Action: "android.intent.action.SENDTO"
I/PackageManager( 1569):   Category: "android.intent.category.DEFAULT"
I/PackageManager( 1569):   Scheme: "sms"
I/PackageManager( 1569): Adding preferred activity ComponentInfo{com.android.mms/com.android.mms.ui.ComposeMessageActivity} for user 0 :
D/dalvikvm( 1569): GC_EXPLICIT freed 1716K, 38% free 10052K/16104K, paused 6ms+1ms, total 16ms
D/dalvikvm( 1569): WAIT_FOR_CONCURRENT_GC blocked 10ms
D/dalvikvm( 1569): WAIT_FOR_CONCURRENT_GC blocked 13ms
D/dalvikvm( 1569): WAIT_FOR_CONCURRENT_GC blocked 11ms
D/AndroidRuntime( 4161): Shutting down VM
D/dalvikvm( 4161): GC_CONCURRENT freed 93K, 15% free 552K/648K, paused 0ms+0ms, total 0ms
I/PackageManager( 1569):   Action: "android.intent.action.SENDTO"
I/PackageManager( 1569):   Category: "android.intent.category.DEFAULT"
I/PackageManager( 1569):   Scheme: "smsto"
I/Auth    ( 2164): [SupervisedAccountIntentOperation] onHandleIntent(): android.intent.action.PACKAGE_ADDED
I/PackageManager( 1569): Adding preferred activity ComponentInfo{com.android.mms/com.android.mms.ui.ComposeMessageActivity} for user 0 :
W/GCM     ( 1771): Unexpected forwarded intent: Intent { act=android.intent.action.PACKAGE_ADDED dat=package:org.billthefarmer.notes flg=0x4000010 cmp=com.google.android.gms/.chimera.PersistentIntentOperationService (has extras) }
I/ChromeSync( 2164): [Sync,SyncIntentOperation] Handling the intent: Intent { act=android.intent.action.PACKAGE_ADDED dat=package:org.billthefarmer.notes flg=0x4000010 cmp=com.google.android.gms/.chimera.GmsIntentOperationService (has extras) }.
D/dalvikvm( 1794): GC_FOR_ALLOC freed 449K, 18% free 3643K/4392K, paused 1ms, total 1ms
I/FontLog ( 2164): Package org.billthefarmer.notes has no metadata [CONTEXT service_id=132 ]
E/GmsClient( 2164): unable to connect to service: com.google.android.gms.auth.key.retrieval.service.START on com.google.android.gms
D/BackupManagerService( 1569): Received broadcast Intent { act=android.intent.action.PACKAGE_ADDED dat=package:org.billthefarmer.notes flg=0x4000010 (has extras) }
W/ActivityManager( 1569): Unable to start service Intent { act=com.google.android.gms.auth.key.retrieval.service.START pkg=com.google.android.gms } U=0: not found
W/ActivityManager( 1569): Unbind failed: could not find connection for android.os.BinderProxy@9d778358
I/Icing.InternalIcingCorporaProvider( 2305): Updating corpora: A: org.billthefarmer.notes, C: MAYBE
I/PackageManager( 1569):   Action: "android.intent.action.SENDTO"
I/PackageManager( 1569):   Category: "android.intent.category.DEFAULT"
I/PackageManager( 1569):   Scheme: "mms"
W/GCM     ( 1771): Unexpected forwarded intent: Intent { act=android.intent.action.PACKAGE_ADDED dat=package:org.billthefarmer.notes flg=0x4000010 cmp=com.google.android.gms/.chimera.PersistentIntentOperationService (has extras) }
I/PackageManager( 1569):   Action: "android.intent.action.SENDTO"
I/PackageManager( 1569):   Category: "android.intent.category.DEFAULT"
I/PackageManager( 1569):   Scheme: "mmsto"
I/PackageManager( 1569):   Action: "android.intent.action.SENDTO"
I/PackageManager( 1569):   Category: "android.intent.category.DEFAULT"
I/PackageManager( 1569):   Scheme: "sms"
I/PackageManager( 1569): Adding preferred activity ComponentInfo{com.android.mms/com.android.mms.ui.ComposeMessageActivity} for user 0 :
I/PackageManager( 1569): Adding preferred activity ComponentInfo{com.android.mms/com.android.mms.ui.ComposeMessageActivity} for user 0 :
V/BackupManagerService( 1569): addPackageParticipantsLocked: #1
I/PackageManager( 1569): Adding preferred activity ComponentInfo{com.android.mms/com.android.mms.ui.ComposeMessageActivity} for user 0 :
I/PackageManager( 1569):   Action: "android.intent.action.SENDTO"
I/PackageManager( 1569):   Category: "android.intent.category.DEFAULT"
I/PackageManager( 1569):   Scheme: "smsto"
D/dalvikvm( 1794): GC_FOR_ALLOC freed 419K, 17% free 3667K/4392K, paused 2ms, total 2ms
I/PackageManager( 1569):   Action: "android.intent.action.SENDTO"
I/PackageManager( 1569):   Category: "android.intent.category.DEFAULT"
I/PackageManager( 1569):   Scheme: "mms"
I/PackageManager( 1569): Adding preferred activity ComponentInfo{com.android.mms/com.android.mms.ui.ComposeMessageActivity} for user 0 :
