D/Documents( 3243): Used cached roots for com.android.externalstorage.documents
D/Documents( 3243): Used cached roots for com.android.providers.media.documents
D/Documents( 3243): Update found 6 roots in 2ms
D/AndroidRuntime( 3751): Shutting down VM
D/dalvikvm( 3751): GC_CONCURRENT freed 92K, 15% free 549K/644K, paused 0ms+0ms, total 1ms
I/Icing   ( 2085): doRemovePackageData com.mikifus.padland
I/Fitness ( 1776): FitCleanupIntentOperation received Intent android.intent.action.PACKAGE_DATA_CLEARED [CONTEXT service_id=17 ]
D/AndroidRuntime( 3773): 
D/AndroidRuntime( 3773): >>>>>> AndroidRuntime START com.android.internal.os.RuntimeInit <<<<<<
W/linker  ( 3773): libdvm.so has text relocations. This is wasting memory and is a security risk. Please fix.
D/AndroidRuntime( 3773): CheckJNI is ON
D/dalvikvm( 3773): Trying to load lib libjavacore.so 0x0
D/dalvikvm( 3773): Added shared lib libjavacore.so 0x0
D/dalvikvm( 3773): Trying to load lib libnativehelper.so 0x0
D/dalvikvm( 3773): Added shared lib libnativehelper.so 0x0
D/dalvikvm( 3773): No JNI_OnLoad found in libnativehelper.so 0x0, skipping init
D/dalvikvm( 3773): Note: class Landroid/app/ActivityManagerNative; has 179 unimplemented (abstract) methods
E/memtrack( 3773): Couldn't load memtrack module (No such file or directory)
E/android.os.Debug( 3773): failed to load memtrack module: -2
D/AndroidRuntime( 3773): Calling main entry com.android.commands.pm.Pm
I/ActivityManager( 1568): Force stopping com.mikifus.padland appid=10062 user=-1: uninstall pkg
W/PackageManager( 1568): Couldn't delete native library directory /data/app-lib/com.mikifus.padland
D/keystore( 1149): calling clear_uid in state: 3
D/dalvikvm( 2176): GC_EXPLICIT freed 213K, 19% free 3405K/4180K, paused 0ms+0ms, total 2ms
D/dalvikvm( 2217): GC_EXPLICIT freed 163K, 14% free 3508K/4056K, paused 1ms+0ms, total 2ms
I/ActivityManager( 1568): Force stopping com.mikifus.padland appid=10062 user=0: pkg removed
D/dalvikvm( 1988): GC_EXPLICIT freed 11924K, 24% free 20501K/26944K, paused 0ms+7ms, total 9ms
D/dalvikvm( 1568): GC_EXPLICIT freed 2897K, 49% free 8582K/16548K, paused 2ms+1ms, total 13ms
I/GeofencerStateMachine( 1776): removeGeofences: removeRequest=RemoveGeofencingRequest[REMOVE_ALL packageName=com.mikifus.padland]
W/Launcher.Model( 2217): Nobody to tell about the new app.  Launcher is probably loading.
I/InputReader( 1568): Reconfiguring input devices.  changes=0x00000010
D/dalvikvm( 2085): GC_EXPLICIT freed 1287K, 13% free 21328K/24272K, paused 1ms+1ms, total 30ms
D/Documents( 3243): Used cached roots for com.android.providers.downloads.documents
D/Documents( 3243): Used cached roots for com.android.externalstorage.documents
D/Documents( 3243): Used cached roots for com.android.providers.media.documents
D/Documents( 3243): Update found 6 roots in 9ms
D/BackupManagerService( 1568): Received broadcast Intent { act=android.intent.action.PACKAGE_REMOVED dat=package:com.mikifus.padland flg=0x4000010 (has extras) }
V/BackupManagerService( 1568): removePackageParticipantsLocked: uid=10062 #1
I/PackageManager( 1568):   Action: "android.intent.action.SENDTO"
I/PackageManager( 1568):   Category: "android.intent.category.DEFAULT"
I/PackageManager( 1568):   Scheme: "sms"
D/VoicemailCleanupService( 1817): Cleaning up data for package: com.mikifus.padland
I/PackageManager( 1568): Adding preferred activity ComponentInfo{com.android.mms/com.android.mms.ui.ComposeMessageActivity} for user 0 :
D/dalvikvm( 1832): GC_FOR_ALLOC freed 491K, 18% free 3602K/4380K, paused 3ms, total 7ms
W/Launcher( 2217): setApplicationContext called twice! old=com.google.android.velvet.VelvetApplication@9d0870e8 new=com.google.android.velvet.VelvetApplication@9d0870e8
W/ContextImpl( 3300): Calling a method in the system process without a qualified user: android.app.ContextImpl.startService:1479 android.content.ContextWrapper.startService:494 android.content.ContextWrapper.startService:494 com.android.keychain.KeyChainBroadcastReceiver.onReceive:12 android.app.ActivityThread.handleReceiver:2419 
I/Fitness ( 1776): FitCleanupIntentOperation received Intent android.intent.action.PACKAGE_REMOVED [CONTEXT service_id=17 ]
I/Icing.InternalIcingCorporaProvider( 2176): Updating corpora: A: com.mikifus.padland, C: MAYBE
I/PackageManager( 1568):   Action: "android.intent.action.SENDTO"
I/PackageManager( 1568):   Category: "android.intent.category.DEFAULT"
I/PackageManager( 1568):   Scheme: "smsto"
I/PackageManager( 1568): Adding preferred activity ComponentInfo{com.android.mms/com.android.mms.ui.ComposeMessageActivity} for user 0 :
I/ContentMaintenance( 2085): Internal cache bytes used: 0; limit: 39526809; download size: 0
I/PackageManager( 1568):   Action: "android.intent.action.SENDTO"
I/PackageManager( 1568):   Category: "android.intent.category.DEFAULT"
I/PackageManager( 1568):   Scheme: "mms"
I/PackageManager( 1568): Adding preferred activity ComponentInfo{com.android.mms/com.android.mms.ui.ComposeMessageActivity} for user 0 :
W/ContextImpl( 2176): Implicit intents with startService are not safe: Intent { act=com.google.android.gms.icing.INDEX_SERVICE } android.content.ContextWrapper.bindService:517 com.google.android.gms.internal.av.a:-1 com.google.android.gms.internal.au.connect:-1 
I/PackageManager( 1568):   Action: "android.intent.action.SENDTO"
I/PackageManager( 1568):   Category: "android.intent.category.DEFAULT"
I/PackageManager( 1568):   Scheme: "mmsto"
I/PackageManager( 1568): Adding preferred activity ComponentInfo{com.android.mms/com.android.mms.ui.ComposeMessageActivity} for user 0 :
I/PackageManager( 1568):   Action: "android.intent.action.SENDTO"
I/PackageManager( 1568):   Category: "android.intent.category.DEFAULT"
I/PackageManager( 1568):   Scheme: "sms"
I/RealtimeCacheCleanup( 2085): Beginning Realtime garbage collection.
I/PackageManager( 1568): Adding preferred activity ComponentInfo{com.android.mms/com.android.mms.ui.ComposeMessageActivity} for user 0 :
D/dalvikvm( 1832): GC_FOR_ALLOC freed 378K, 17% free 3667K/4380K, paused 3ms, total 3ms
I/PackageManager( 1568):   Action: "android.intent.action.SENDTO"
I/PackageManager( 1568):   Category: "android.intent.category.DEFAULT"
I/PackageManager( 1568):   Scheme: "smsto"
D/dalvikvm( 1776): GC_FOR_ALLOC freed 2052K, 26% free 10028K/13428K, paused 23ms, total 26ms
I/PackageManager( 1568): Adding preferred activity ComponentInfo{com.android.mms/com.android.mms.ui.ComposeMessageActivity} for user 0 :
I/RealtimeCacheCleanup( 2085): Finished Realtime garbage collection.
E/SQLiteDatabase( 1776): Error inserting service_kind=0 persistence_level=1 tag=PhenotypeSyncImmediately task_type=0 runtime=1629083300767 required_idleness_state=0 period=2000 retry_strategy={"initial_backoff_seconds":{"30":0},"retry_policy":{"0":0},"maximum_backoff_seconds":{"3600":0}} extras={"fetchPackage":{"com.google.android.gms.auth_api_phone":4},"fetchReason":{"6":0}} target_class=com.google.android.gms.phenotype.service.sync.PhenotypeConfigurator source=16 required_network_type=0 requires_charging=0 last_runtime=0 user_id=0 target_package=com.google.android.gms source_version=202414000 flex_time=1000 job_id=-1
E/SQLiteDatabase( 1776): android.database.sqlite.SQLiteConstraintException: columns tag, target_class, target_package, user_id are not unique (code 19)
E/SQLiteDatabase( 1776): 	at android.database.sqlite.SQLiteConnection.nativeExecuteForLastInsertedRowId(Native Method)
E/SQLiteDatabase( 1776): 	at android.database.sqlite.SQLiteConnection.executeForLastInsertedRowId(SQLiteConnection.java:782)
E/SQLiteDatabase( 1776): 	at android.database.sqlite.SQLiteSession.executeForLastInsertedRowId(SQLiteSession.java:788)
E/SQLiteDatabase( 1776): 	at android.database.sqlite.SQLiteStatement.executeInsert(SQLiteStatement.java:86)
E/SQLiteDatabase( 1776): 	at android.database.sqlite.SQLiteDatabase.insertWithOnConflict(SQLiteDatabase.java:1469)
E/SQLiteDatabase( 1776): 	at android.database.sqlite.SQLiteDatabase.insert(SQLiteDatabase.java:1339)
E/SQLiteDatabase( 1776): 	at ajnd.a(:com.google.android.gms@202414005@20.24.14 (000700-319035315):175)
E/SQLiteDatabase( 1776): 	at ajmf.a(:com.google.android.gms@202414005@20.24.14 (000700-319035315):257)
E/SQLiteDatabase( 1776): 	at ajmf.a(:com.google.android.gms@202414005@20.24.14 (000700-319035315):23)
E/SQLiteDatabase( 1776): 	at ajmf.b(:com.google.android.gms@202414005@20.24.14 (000700-319035315):6)
E/SQLiteDatabase( 1776): 	at ajmf.a(:com.google.android.gms@202414005@20.24.14 (000700-319035315):94)
E/SQLiteDatabase( 1776): 	at ajmb.handleMessage(:com.google.android.gms@202414005@20.24.14 (000700-319035315):16)
E/SQLiteDatabase( 1776): 	at android.os.Handler.dispatchMessage(Handler.java:102)
E/SQLiteDatabase( 1776): 	at ypf.a(:com.google.android.gms@202414005@20.24.14 (000700-319035315):2)
E/SQLiteDatabase( 1776): 	at ypf.dispatchMessage(:com.google.android.gms@202414005@20.24.14 (000700-319035315):14)
E/SQLiteDatabase( 1776): 	at android.os.Looper.loop(Looper.java:136)
E/SQLiteDatabase( 1776): 	at android.os.HandlerThread.run(HandlerThread.java:61)
I/PackageManager( 1568):   Action: "android.intent.action.SENDTO"
I/PackageManager( 1568):   Category: "android.intent.category.DEFAULT"
I/PackageManager( 1568):   Scheme: "mms"
I/Icing   ( 2085): IndexChimeraService.getServiceInterface callingPackage=com.google.android.googlequicksearchbox componentName=null serviceId=21
I/PackageManager( 1568): Adding preferred activity ComponentInfo{com.android.mms/com.android.mms.ui.ComposeMessageActivity} for user 0 :
I/PackageManager( 1568):   Action: "android.intent.action.SENDTO"
I/PackageManager( 1568):   Category: "android.intent.category.DEFAULT"
I/PackageManager( 1568):   Scheme: "mmsto"
D/dalvikvm( 1568): GC_EXPLICIT freed 1289K, 48% free 8753K/16548K, paused 0ms+2ms, total 118ms
D/AndroidRuntime( 3773): Shutting down VM
D/dalvikvm( 3773): GC_CONCURRENT freed 92K, 15% free 549K/644K, paused 0ms+0ms, total 0ms
I/PackageManager( 1568): Adding preferred activity ComponentInfo{com.android.mms/com.android.mms.ui.ComposeMessageActivity} for user 0 :
D/dalvikvm( 1832): GC_FOR_ALLOC freed 352K, 17% free 3663K/4380K, paused 1ms, total 2ms
I/Icing   ( 2085): doRemovePackageData com.mikifus.padland
I/Icing   ( 2085): IndexChimeraService.getServiceInterface callingPackage=com.google.android.gms componentName=AppsCorpus serviceId=36
W/Icing   ( 2085): No valid account for uploading user actions
I/Icing   ( 2085): Usage reports ok 0, Failed Usage reports 0, indexed 0, rejected 0
I/NetworkScheduler.Stats( 1776): Task com.google.android.gms/com.google.android.gms.phenotype.service.sync.PhenotypeConfigurator started execution. cause:7 exec_start_elapsed_seconds: 222 [CONTEXT service_id=218 ]
W/Icing   ( 2085): No valid account for uploading user actions
I/Icing   ( 2085): Usage reports ok 0, Failed Usage reports 0, indexed 0, rejected 0
I/Icing   ( 2085): Indexing com.google.android.googlequicksearchbox-applications from com.google.android.googlequicksearchbox
I/LatinIME:LogUtils( 1762): Dictionary info: dictionary = main:en ; version = 42 ; date = 1381226516
I/DownloadManager( 1870): Download 11 starting
I/Icing   ( 2085): Indexing com.google.android.gms-apps from com.google.android.gms
W/DownloadManager( 1870): Aborting request for download 11: TYPE_DISALLOWED_BY_REQUESTOR
I/ahkf    ( 1776): Removed 0 invalid users [CONTEXT service_id=51 ]
I/Icing   ( 2085): Indexing com.google.android.gms-internal.3p:MobileApplication from com.google.android.gms
I/DownloadManager( 1870): Download 11 finished with status WAITING_FOR_NETWORK
I/Icing   ( 2085): Indexing done com.google.android.googlequicksearchbox-applications
I/Icing   ( 2085): Indexing done com.google.android.gms-apps
I/Icing   ( 2085): Indexing done com.google.android.gms-internal.3p:MobileApplication
D/AndroidRuntime( 3804): 
D/AndroidRuntime( 3804): >>>>>> AndroidRuntime START com.android.internal.os.RuntimeInit <<<<<<
W/linker  ( 3804): libdvm.so has text relocations. This is wasting memory and is a security risk. Please fix.
D/AndroidRuntime( 3804): CheckJNI is ON
D/dalvikvm( 3804): Trying to load lib libjavacore.so 0x0
D/dalvikvm( 3804): Added shared lib libjavacore.so 0x0
D/dalvikvm( 3804): Trying to load lib libnativehelper.so 0x0
D/dalvikvm( 3804): Added shared lib libnativehelper.so 0x0
D/dalvikvm( 3804): No JNI_OnLoad found in libnativehelper.so 0x0, skipping init
D/dalvikvm( 3804): Note: class Landroid/app/ActivityManagerNative; has 179 unimplemented (abstract) methods
E/memtrack( 3804): Couldn't load memtrack module (No such file or directory)
E/android.os.Debug( 3804): failed to load memtrack module: -2
D/AndroidRuntime( 3804): Calling main entry com.android.commands.pm.Pm
D/AndroidRuntime( 3804): Shutting down VM
D/dalvikvm( 3804): GC_CONCURRENT freed 93K, 15% free 557K/652K, paused 0ms+0ms, total 0ms
D/AndroidRuntime( 3815): 
D/AndroidRuntime( 3815): >>>>>> AndroidRuntime START com.android.internal.os.RuntimeInit <<<<<<
W/linker  ( 3815): libdvm.so has text relocations. This is wasting memory and is a security risk. Please fix.
D/AndroidRuntime( 3815): CheckJNI is ON
D/dalvikvm( 3815): Trying to load lib libjavacore.so 0x0
D/dalvikvm( 3815): Added shared lib libjavacore.so 0x0
D/dalvikvm( 3815): Trying to load lib libnativehelper.so 0x0
D/dalvikvm( 3815): Added shared lib libnativehelper.so 0x0
D/dalvikvm( 3815): No JNI_OnLoad found in libnativehelper.so 0x0, skipping init
D/dalvikvm( 3815): Note: class Landroid/app/ActivityManagerNative; has 179 unimplemented (abstract) methods
D/dalvikvm( 1776): GC_FOR_ALLOC freed 1659K, 23% free 10407K/13428K, paused 13ms, total 15ms
E/memtrack( 3815): Couldn't load memtrack module (No such file or directory)
E/android.os.Debug( 3815): failed to load memtrack module: -2
D/AndroidRuntime( 3815): Calling main entry com.android.commands.pm.Pm
I/GeofencerStateMachine( 1776): removeGeofences: removeRequest=RemoveGeofencingRequest[REMOVE_ALL packageName=it.unina.android.ripper]
D/Documents( 3243): Used cached roots for com.android.providers.downloads.documents
D/Documents( 3243): Used cached roots for com.android.externalstorage.documents
D/Documents( 3243): Used cached roots for com.android.providers.media.documents
D/Documents( 3243): Update found 6 roots in 2ms
I/ActivityManager( 1568): Force stopping it.unina.android.ripper appid=10063 user=0: clear data
I/Icing   ( 2085): doRemovePackageData it.unina.android.ripper
D/keystore( 1149): calling clear_uid in state: 3
D/AndroidRuntime( 3815): Shutting down VM
D/dalvikvm( 3815): GC_CONCURRENT freed 92K, 15% free 549K/644K, paused 1ms+0ms, total 1ms
I/Fitness ( 1776): FitCleanupIntentOperation received Intent android.intent.action.PACKAGE_DATA_CLEARED [CONTEXT service_id=17 ]
D/dalvikvm( 1776): GC_FOR_ALLOC freed 2350K, 25% free 10105K/13428K, paused 9ms, total 9ms
I/ahju    ( 1776): Scheduling a periodic sync task every 86400 seconds, with flex of 1800 seconds [CONTEXT service_id=51 ]
I/ahju    ( 1776): Scheduling adaptive one off task with window [14400, 604800] in seconds [CONTEXT service_id=51 ]
I/Auth    ( 1776): [AuthManaged,PasswordComplexityHelperImpl] Updating password complexity components state.
I/Auth    ( 1776): [AuthManaged,PasswordComplexityHelperImpl] Enabling com.google.android.gms.auth.managed.ui.SetNewPasswordActivity
I/ahlt    ( 1776): updateFromConfigurations using legacy put method [CONTEXT service_id=204 ]
D/AndroidRuntime( 3833): 
D/AndroidRuntime( 3833): >>>>>> AndroidRuntime START com.android.internal.os.RuntimeInit <<<<<<
W/linker  ( 3833): libdvm.so has text relocations. This is wasting memory and is a security risk. Please fix.
D/AndroidRuntime( 3833): CheckJNI is ON
D/dalvikvm( 3833): Trying to load lib libjavacore.so 0x0
D/dalvikvm( 3833): Added shared lib libjavacore.so 0x0
D/dalvikvm( 3833): Trying to load lib libnativehelper.so 0x0
D/dalvikvm( 3833): Added shared lib libnativehelper.so 0x0
D/dalvikvm( 3833): No JNI_OnLoad found in libnativehelper.so 0x0, skipping init
I/Auth    ( 1776): [AuthManaged,PasswordComplexityHelperImpl] Updating password complexity components state.
I/Auth    ( 1776): [AuthManaged,PasswordComplexityHelperImpl] Enabling com.google.android.gms.auth.managed.ui.SetNewPasswordActivity
D/dalvikvm( 3833): Note: class Landroid/app/ActivityManagerNative; has 179 unimplemented (abstract) methods
E/memtrack( 3833): Couldn't load memtrack module (No such file or directory)
E/android.os.Debug( 3833): failed to load memtrack module: -2
D/dalvikvm( 1776): GC_FOR_ALLOC freed 2050K, 25% free 10102K/13428K, paused 10ms, total 10ms
D/AndroidRuntime( 3833): Calling main entry com.android.commands.pm.Pm
I/ActivityManager( 1568): Force stopping it.unina.android.ripper appid=10063 user=-1: uninstall pkg
W/PackageManager( 1568): Couldn't delete native library directory /data/app-lib/it.unina.android.ripper
D/keystore( 1149): calling clear_uid in state: 3
I/NetworkScheduler.Stats( 1776): Task com.google.android.gms/com.google.android.gms.phenotype.service.sync.PhenotypeConfigurator finished executing. cause:7 result: 1 elapsed_millis: 711 uptime_millis: 711 exec_start_elapsed_seconds: 222 [CONTEXT service_id=218 ]
I/ActivityManager( 1568): Force stopping it.unina.android.ripper appid=10063 user=0: pkg removed
I/PackageManager( 1568):   Action: "android.intent.action.SENDTO"
I/PackageManager( 1568):   Category: "android.intent.category.DEFAULT"
I/PackageManager( 1568):   Scheme: "sms"
W/Launcher.Model( 2217): Nobody to tell about the new app.  Launcher is probably loading.
I/GeofencerStateMachine( 1776): removeGeofences: removeRequest=RemoveGeofencingRequest[REMOVE_ALL packageName=it.unina.android.ripper]
D/Documents( 3243): Used cached roots for com.android.providers.downloads.documents
D/Documents( 3243): Used cached roots for com.android.externalstorage.documents
D/Documents( 3243): Used cached roots for com.android.providers.media.documents
D/Documents( 3243): Update found 6 roots in 4ms
I/PackageManager( 1568): Adding preferred activity ComponentInfo{com.android.mms/com.android.mms.ui.ComposeMessageActivity} for user 0 :
I/PackageManager( 1568): Adding preferred activity ComponentInfo{com.android.mms/com.android.mms.ui.ComposeMessageActivity} for user 0 :
I/PackageManager( 1568):   Action: "android.intent.action.SENDTO"
I/PackageManager( 1568):   Category: "android.intent.category.DEFAULT"
I/PackageManager( 1568):   Scheme: "smsto"
I/InputReader( 1568): Reconfiguring input devices.  changes=0x00000010
D/VoicemailCleanupService( 1817): Cleaning up data for package: it.unina.android.ripper
I/PackageManager( 1568):   Action: "android.intent.action.SENDTO"
I/PackageManager( 1568):   Category: "android.intent.category.DEFAULT"
I/PackageManager( 1568):   Scheme: "mms"
I/PackageManager( 1568): Adding preferred activity ComponentInfo{com.android.mms/com.android.mms.ui.ComposeMessageActivity} for user 0 :
D/BackupManagerService( 1568): Received broadcast Intent { act=android.intent.action.PACKAGE_REMOVED dat=package:it.unina.android.ripper flg=0x4000010 (has extras) }
I/PackageManager( 1568):   Action: "android.intent.action.SENDTO"
I/PackageManager( 1568):   Category: "android.intent.category.DEFAULT"
I/PackageManager( 1568):   Scheme: "mmsto"
V/BackupManagerService( 1568): removePackageParticipantsLocked: uid=10063 #1
I/PackageManager( 1568): Adding preferred activity ComponentInfo{com.android.mms/com.android.mms.ui.ComposeMessageActivity} for user 0 :
D/dalvikvm( 1832): GC_FOR_ALLOC freed 408K, 17% free 3664K/4380K, paused 1ms, total 1ms
I/Auth    ( 1776): [AuthManaged,PasswordComplexityHelperImpl] Updating password complexity components state.
I/Auth    ( 1776): [AuthManaged,PasswordComplexityHelperImpl] Enabling com.google.android.gms.auth.managed.ui.SetNewPasswordActivity
I/PackageManager( 1568):   Action: "android.intent.action.SENDTO"
I/PackageManager( 1568):   Category: "android.intent.category.DEFAULT"
I/PackageManager( 1568):   Scheme: "sms"
I/PackageManager( 1568): Adding preferred activity ComponentInfo{com.android.mms/com.android.mms.ui.ComposeMessageActivity} for user 0 :
D/dalvikvm( 1568): GC_EXPLICIT freed 1520K, 48% free 8686K/16548K, paused 1ms+1ms, total 62ms
D/dalvikvm( 1568): WAIT_FOR_CONCURRENT_GC blocked 12ms
I/PackageManager( 1568):   Action: "android.intent.action.SENDTO"
I/PackageManager( 1568):   Category: "android.intent.category.DEFAULT"
I/PackageManager( 1568):   Scheme: "smsto"
I/PackageManager( 1568): Adding preferred activity ComponentInfo{com.android.mms/com.android.mms.ui.ComposeMessageActivity} for user 0 :
D/AndroidRuntime( 3833): Shutting down VM
D/dalvikvm( 3833): GC_CONCURRENT freed 92K, 15% free 549K/644K, paused 0ms+0ms, total 0ms
I/PackageManager( 1568):   Action: "android.intent.action.SENDTO"
I/PackageManager( 1568):   Category: "android.intent.category.DEFAULT"
I/PackageManager( 1568):   Scheme: "mms"
I/Icing.InternalIcingCorporaProvider( 2176): Updating corpora: A: it.unina.android.ripper, C: MAYBE
I/PackageManager( 1568): Adding preferred activity ComponentInfo{com.android.mms/com.android.mms.ui.ComposeMessageActivity} for user 0 :
D/dalvikvm( 1832): GC_FOR_ALLOC freed 356K, 17% free 3662K/4380K, paused 2ms, total 2ms
W/Launcher( 2217): setApplicationContext called twice! old=com.google.android.velvet.VelvetApplication@9d0870e8 new=com.google.android.velvet.VelvetApplication@9d0870e8
W/ContextImpl( 3300): Calling a method in the system process without a qualified user: android.app.ContextImpl.startService:1479 android.content.ContextWrapper.startService:494 android.content.ContextWrapper.startService:494 com.android.keychain.KeyChainBroadcastReceiver.onReceive:12 android.app.ActivityThread.handleReceiver:2419 
I/PackageManager( 1568):   Action: "android.intent.action.SENDTO"
I/PackageManager( 1568):   Category: "android.intent.category.DEFAULT"
I/PackageManager( 1568):   Scheme: "mmsto"
I/PackageManager( 1568): Adding preferred activity ComponentInfo{com.android.mms/com.android.mms.ui.ComposeMessageActivity} for user 0 :
I/Fitness ( 1776): FitCleanupIntentOperation received Intent android.intent.action.PACKAGE_REMOVED [CONTEXT service_id=17 ]
I/Icing   ( 2085): doRemovePackageData it.unina.android.ripper
I/Icing   ( 2085): IndexChimeraService.getServiceInterface callingPackage=com.google.android.googlequicksearchbox componentName=null serviceId=21
I/LatinIME:LogUtils( 1762): Dictionary info: dictionary = main:en ; version = 42 ; date = 1381226516
I/PTCommittedOperation( 1776): Receive new configuration for com.google.android.gms.people
I/PTCommittedOperation( 1776): Receive new configuration for com.google.android.gms.auth_authzen
I/DownloadManager( 1870): Download 12 starting
W/DownloadManager( 1870): Aborting request for download 12: TYPE_DISALLOWED_BY_REQUESTOR
I/DownloadManager( 1870): Download 12 finished with status WAITING_FOR_NETWORK
D/dalvikvm( 1776): GC_FOR_ALLOC freed 1944K, 24% free 10206K/13428K, paused 18ms, total 18ms
D/dalvikvm( 2085): GC_FOR_ALLOC freed 1773K, 12% free 21598K/24272K, paused 81ms, total 81ms
I/ChromeSync( 2085): [Sync,SyncIntentOperation] Handling the intent: Intent { act=com.google.android.gms.phenotype.COMMITTED flg=0x10 pkg=com.google.android.gms cmp=com.google.android.gms/.chimera.GmsIntentOperationService (has extras) }.
W/ActivityManager( 1568): Unable to start service Intent { act=com.google.android.gms.auth.key.retrieval.service.START pkg=com.google.android.gms } U=0: not found
W/ActivityManager( 1568): Unbind failed: could not find connection for android.os.BinderProxy@9d6c7b80
E/GmsClient( 2085): unable to connect to service: com.google.android.gms.auth.key.retrieval.service.START on com.google.android.gms
I/MdiSyncModule( 2085): flag handling is skipping irrelevant intent.
I/FsaEntryPointSwitcher( 2085): setting component enabled=1 for com.google.android.gms.people.sync.focus.ContactsSyncAdapterService
W/ModuleInitIntentOp( 2085): Dropping unexpected action com.google.android.gms.phenotype.COMMITTED
I/FsaEntryPointSwitcher( 2085): Setting component enabled succeeds.
I/FsaEntryPointSwitcher( 2085): setting component enabled=2 for com.google.android.syncadapters.contacts.ContactsSyncAdapterService
I/FsaEntryPointSwitcher( 2085): Setting component enabled succeeds.
I/ChromeSync( 2085): [Sync,SyncIntentOperation] Handling the intent: Intent { act=com.google.android.gms.phenotype.COMMITTED flg=0x10 pkg=com.google.android.gms cmp=com.google.android.gms/.chimera.GmsIntentOperationService (has extras) }.
I/MdiSyncModule( 2085): flag handling is skipping irrelevant intent.
W/ModuleInitIntentOp( 2085): Dropping unexpected action com.google.android.gms.phenotype.COMMITTED
W/Icing.InternalIcingCorporaProvider( 2176): Application table change notification failed.
W/Icing   ( 2085): No valid account for uploading user actions
I/Auth    ( 1776): [AuthManaged,PasswordComplexityHelperImpl] Updating password complexity components state.
I/Auth    ( 1776): [AuthManaged,PasswordComplexityHelperImpl] Enabling com.google.android.gms.auth.managed.ui.SetNewPasswordActivity
I/Icing   ( 2085): Usage reports ok 0, Failed Usage reports 0, indexed 0, rejected 0
I/Icing   ( 2085): Indexing com.google.android.gms-apps from com.google.android.gms
I/Icing   ( 2085): Indexing done com.google.android.gms-apps
I/Auth    ( 1776): [AuthManaged,PasswordComplexityHelperImpl] Updating password complexity components state.
I/Auth    ( 1776): [AuthManaged,PasswordComplexityHelperImpl] Enabling com.google.android.gms.auth.managed.ui.SetNewPasswordActivity
V/EmulatedCamera_Camera( 1147): getCameraInfo
V/EmulatedCamera_BaseCamera( 1147): getCameraInfo
I/OcrModelUpStIntentOp( 2085): Updating ocr activity enabled=true (phenotypeFlag=true, lowRamDevice=false, prereqCheck=true)
W/DynamiteModule( 2085): Local module descriptor class for com.google.android.gms.vision.dynamite.ocr not found.
W/ProviderHelper( 2085): Unknown dynamite feature vision.dynamite.ocr
I/DynamiteModule( 2085): Considering local module com.google.android.gms.vision.dynamite.ocr:0 and remote module com.google.android.gms.vision.dynamite.ocr:0
W/ProviderHelper( 2085): Ignoring optional dynamite feature vision.ocr
W/DynamiteModule( 2085): Local module descriptor class for com.google.android.gms.vision.ocr not found.
I/DynamiteModule( 2085): Considering local module com.google.android.gms.vision.ocr:0 and remote module com.google.android.gms.vision.ocr:0
E/Vision  ( 2085): Error loading module com.google.android.gms.vision.ocr optional module true: qxb: No acceptable module found. Local version is 0 and remote version is 0.
W/TextNativeHandle( 2085): Native handle not yet available. Reverting to no-op handle.
W/DynamiteModule( 2085): Local module descriptor class for com.google.android.gms.vision.dynamite.ocr not found.
W/ProviderHelper( 2085): Unknown dynamite feature vision.dynamite.ocr
I/DynamiteModule( 2085): Considering local module com.google.android.gms.vision.dynamite.ocr:0 and remote module com.google.android.gms.vision.dynamite.ocr:0
W/ProviderHelper( 2085): Ignoring optional dynamite feature vision.ocr
W/DynamiteModule( 2085): Local module descriptor class for com.google.android.gms.vision.ocr not found.
I/DynamiteModule( 2085): Considering local module com.google.android.gms.vision.ocr:0 and remote module com.google.android.gms.vision.ocr:0
E/Vision  ( 2085): Error loading module com.google.android.gms.vision.ocr optional module true: qxb: No acceptable module found. Local version is 0 and remote version is 0.
I/OcrModelUpStIntentOp( 2085): Downloading text recognizer
I/Vision  ( 2085): Requesting optional module download of ocr.
I/Vision  ( 2085): Checking for download completion for 233917 -- ocr
I/Vision  ( 2085): Requesting optional module download of ocr.
I/Vision  ( 2085): Checking for download completion for 233921 -- ocr
D/AndroidRuntime( 3860): 
D/AndroidRuntime( 3860): >>>>>> AndroidRuntime START com.android.internal.os.RuntimeInit <<<<<<
W/linker  ( 3860): libdvm.so has text relocations. This is wasting memory and is a security risk. Please fix.
D/AndroidRuntime( 3860): CheckJNI is ON
D/dalvikvm( 3860): Trying to load lib libjavacore.so 0x0
D/dalvikvm( 3860): Added shared lib libjavacore.so 0x0
D/dalvikvm( 3860): Trying to load lib libnativehelper.so 0x0
D/dalvikvm( 3860): Added shared lib libnativehelper.so 0x0
D/dalvikvm( 3860): No JNI_OnLoad found in libnativehelper.so 0x0, skipping init
D/dalvikvm( 3860): Note: class Landroid/app/ActivityManagerNative; has 179 unimplemented (abstract) methods
E/memtrack( 3860): Couldn't load memtrack module (No such file or directory)
E/android.os.Debug( 3860): failed to load memtrack module: -2
D/AndroidRuntime( 3860): Calling main entry com.android.commands.pm.Pm
I/Auth    ( 1776): [AuthManaged,PasswordComplexityHelperImpl] Updating password complexity components state.
I/Auth    ( 1776): [AuthManaged,PasswordComplexityHelperImpl] Enabling com.google.android.gms.auth.managed.ui.SetNewPasswordActivity
D/AndroidRuntime( 3860): Shutting down VM
D/dalvikvm( 3860): GC_CONCURRENT freed 93K, 15% free 557K/652K, paused 0ms+0ms, total 1ms
I/AndroidRuntime( 3860): NOTE: attach of thread 'Binder_1' failed
D/AndroidRuntime( 3870): 
D/AndroidRuntime( 3870): >>>>>> AndroidRuntime START com.android.internal.os.RuntimeInit <<<<<<
W/linker  ( 3870): libdvm.so has text relocations. This is wasting memory and is a security risk. Please fix.
D/AndroidRuntime( 3870): CheckJNI is ON
D/dalvikvm( 3870): Trying to load lib libjavacore.so 0x0
D/dalvikvm( 3870): Added shared lib libjavacore.so 0x0
D/dalvikvm( 3870): Trying to load lib libnativehelper.so 0x0
D/dalvikvm( 3870): Added shared lib libnativehelper.so 0x0
D/dalvikvm( 3870): No JNI_OnLoad found in libnativehelper.so 0x0, skipping init
D/dalvikvm( 1776): GC_FOR_ALLOC freed 1825K, 23% free 10427K/13428K, paused 13ms, total 14ms
D/dalvikvm( 3870): Note: class Landroid/app/ActivityManagerNative; has 179 unimplemented (abstract) methods
I/Auth    ( 1776): [AuthManaged,PasswordComplexityHelperImpl] Updating password complexity components state.
I/Auth    ( 1776): [AuthManaged,PasswordComplexityHelperImpl] Enabling com.google.android.gms.auth.managed.ui.SetNewPasswordActivity
I/ChromeSync( 2085): [Sync,SyncIntentOperation] Handling the intent: Intent { act=com.google.android.gms.phenotype.COMMITTED flg=0x10 pkg=com.google.android.gms cmp=com.google.android.gms/.chimera.GmsIntentOperationService (has extras) }.
I/MdiSyncModule( 2085): flag handling is skipping irrelevant intent.
W/ModuleInitIntentOp( 2085): Dropping unexpected action com.google.android.gms.phenotype.COMMITTED
I/PTCommittedOperation( 1776): Receive new configuration for com.google.android.gms.chromesync
I/Auth    ( 1776): [AuthManaged,PasswordComplexityHelperImpl] Updating password complexity components state.
I/Auth    ( 1776): [AuthManaged,PasswordComplexityHelperImpl] Enabling com.google.android.gms.auth.managed.ui.SetNewPasswordActivity
I/ChromeSync( 2085): [Sync,SyncIntentOperation] Handling the intent: Intent { act=com.google.android.gms.phenotype.COMMITTED flg=0x10 pkg=com.google.android.gms cmp=com.google.android.gms/.chimera.GmsIntentOperationService (has extras) }.
I/MdiSyncModule( 2085): flag handling is skipping irrelevant intent.
W/ModuleInitIntentOp( 2085): Dropping unexpected action com.google.android.gms.phenotype.COMMITTED
I/PTCommittedOperation( 1776): Receive new configuration for com.google.android.gms.games
E/memtrack( 3870): Couldn't load memtrack module (No such file or directory)
E/android.os.Debug( 3870): failed to load memtrack module: -2
D/AndroidRuntime( 3870): Calling main entry com.android.commands.pm.Pm
I/ActivityManager( 1568): Force stopping it.unina.android.ripper_service appid=10057 user=0: clear data
I/ActivityManager( 1568): Killing 3044:it.unina.android.ripper_service:android_ripper_service_process/u0a57 (adj 8): stop it.unina.android.ripper_service
I/ActivityManager( 1568):   Force stopping service ServiceRecord{9d6367d8 u0 it.unina.android.ripper_service/.AndroidRipperService}
D/keystore( 1149): calling clear_uid in state: 3
I/GeofencerStateMachine( 1776): removeGeofences: removeRequest=RemoveGeofencingRequest[REMOVE_ALL packageName=it.unina.android.ripper_service]
D/Documents( 3243): Used cached roots for com.android.providers.downloads.documents
D/Documents( 3243): Used cached roots for com.android.externalstorage.documents
D/Documents( 3243): Used cached roots for com.android.providers.media.documents
D/Documents( 3243): Update found 6 roots in 1ms
I/Icing   ( 2085): doRemovePackageData it.unina.android.ripper_service
D/AndroidRuntime( 3870): Shutting down VM
D/dalvikvm( 3870): GC_CONCURRENT freed 93K, 15% free 549K/644K, paused 0ms+0ms, total 1ms
D/dalvikvm( 1776): GC_FOR_ALLOC freed 2263K, 24% free 10211K/13428K, paused 9ms, total 9ms
I/Fitness ( 1776): FitCleanupIntentOperation received Intent android.intent.action.PACKAGE_DATA_CLEARED [CONTEXT service_id=17 ]
I/Auth    ( 1776): [AuthManaged,PasswordComplexityHelperImpl] Updating password complexity components state.
I/Auth    ( 1776): [AuthManaged,PasswordComplexityHelperImpl] Enabling com.google.android.gms.auth.managed.ui.SetNewPasswordActivity
I/Auth    ( 1776): [AuthManaged,PasswordComplexityHelperImpl] Updating password complexity components state.
I/Auth    ( 1776): [AuthManaged,PasswordComplexityHelperImpl] Enabling com.google.android.gms.auth.managed.ui.SetNewPasswordActivity
I/Auth    ( 1776): [AuthManaged,PasswordComplexityHelperImpl] Updating password complexity components state.
I/Auth    ( 1776): [AuthManaged,PasswordComplexityHelperImpl] Enabling com.google.android.gms.auth.managed.ui.SetNewPasswordActivity
I/Auth    ( 1776): [AuthManaged,PasswordComplexityHelperImpl] Updating password complexity components state.
I/Auth    ( 1776): [AuthManaged,PasswordComplexityHelperImpl] Enabling com.google.android.gms.auth.managed.ui.SetNewPasswordActivity
I/MobileDataHub( 2085): Scheduling periodic tasks
W/MobileDataHub( 2085): [Service] appsupload-periodic periodic task disabled
D/AndroidRuntime( 3887): 
D/AndroidRuntime( 3887): >>>>>> AndroidRuntime START com.android.internal.os.RuntimeInit <<<<<<
W/linker  ( 3887): libdvm.so has text relocations. This is wasting memory and is a security risk. Please fix.
D/AndroidRuntime( 3887): CheckJNI is ON
D/dalvikvm( 3887): Trying to load lib libjavacore.so 0x0
D/dalvikvm( 3887): Added shared lib libjavacore.so 0x0
D/dalvikvm( 3887): Trying to load lib libnativehelper.so 0x0
D/dalvikvm( 3887): Added shared lib libnativehelper.so 0x0
D/dalvikvm( 3887): No JNI_OnLoad found in libnativehelper.so 0x0, skipping init
D/dalvikvm( 3887): Note: class Landroid/app/ActivityManagerNative; has 179 unimplemented (abstract) methods
E/memtrack( 3887): Couldn't load memtrack module (No such file or directory)
E/android.os.Debug( 3887): failed to load memtrack module: -2
D/AndroidRuntime( 3887): Calling main entry com.android.commands.pm.Pm
I/ActivityManager( 1568): Force stopping it.unina.android.ripper_service appid=10057 user=-1: uninstall pkg
W/PackageManager( 1568): Couldn't delete native library directory /data/app-lib/it.unina.android.ripper_service
D/keystore( 1149): calling clear_uid in state: 3
I/ActivityManager( 1568): Force stopping it.unina.android.ripper_service appid=10057 user=0: pkg removed
W/Launcher.Model( 2217): Nobody to tell about the new app.  Launcher is probably loading.
I/GeofencerStateMachine( 1776): removeGeofences: removeRequest=RemoveGeofencingRequest[REMOVE_ALL packageName=it.unina.android.ripper_service]
D/Documents( 3243): Used cached roots for com.android.providers.downloads.documents
D/Documents( 3243): Used cached roots for com.android.externalstorage.documents
D/Documents( 3243): Used cached roots for com.android.providers.media.documents
D/Documents( 3243): Update found 6 roots in 5ms
I/InputReader( 1568): Reconfiguring input devices.  changes=0x00000010
I/PackageManager( 1568):   Action: "android.intent.action.SENDTO"
I/PackageManager( 1568):   Category: "android.intent.category.DEFAULT"
I/PackageManager( 1568):   Scheme: "sms"
D/VoicemailCleanupService( 1817): Cleaning up data for package: it.unina.android.ripper_service
I/PackageManager( 1568): Adding preferred activity ComponentInfo{com.android.mms/com.android.mms.ui.ComposeMessageActivity} for user 0 :
D/dalvikvm( 1568): GC_EXPLICIT freed 1522K, 49% free 8592K/16548K, paused 1ms+1ms, total 29ms
D/dalvikvm( 1568): WAIT_FOR_CONCURRENT_GC blocked 9ms
D/dalvikvm( 1568): WAIT_FOR_CONCURRENT_GC blocked 9ms
D/dalvikvm( 1568): WAIT_FOR_CONCURRENT_GC blocked 10ms
D/dalvikvm( 1568): WAIT_FOR_CONCURRENT_GC blocked 10ms
D/dalvikvm( 1568): WAIT_FOR_CONCURRENT_GC blocked 9ms
I/PackageManager( 1568):   Action: "android.intent.action.SENDTO"
I/PackageManager( 1568):   Category: "android.intent.category.DEFAULT"
I/PackageManager( 1568):   Scheme: "smsto"
D/dalvikvm( 1568): WAIT_FOR_CONCURRENT_GC blocked 13ms
I/Fitness ( 1776): FitCleanupIntentOperation received Intent android.intent.action.PACKAGE_REMOVED [CONTEXT service_id=17 ]
D/AndroidRuntime( 3887): Shutting down VM
D/dalvikvm( 3887): GC_CONCURRENT freed 92K, 15% free 549K/644K, paused 0ms+1ms, total 1ms
D/BackupManagerService( 1568): Received broadcast Intent { act=android.intent.action.PACKAGE_REMOVED dat=package:it.unina.android.ripper_service flg=0x4000010 (has extras) }
I/PackageManager( 1568): Adding preferred activity ComponentInfo{com.android.mms/com.android.mms.ui.ComposeMessageActivity} for user 0 :
V/BackupManagerService( 1568): removePackageParticipantsLocked: uid=10057 #1
I/PackageManager( 1568):   Action: "android.intent.action.SENDTO"
I/PackageManager( 1568):   Category: "android.intent.category.DEFAULT"
I/PackageManager( 1568):   Scheme: "mms"
D/dalvikvm( 1762): GC_FOR_ALLOC freed 514K, 17% free 3404K/4100K, paused 2ms, total 2ms
I/PackageManager( 1568): Adding preferred activity ComponentInfo{com.android.mms/com.android.mms.ui.ComposeMessageActivity} for user 0 :
D/dalvikvm( 1832): GC_FOR_ALLOC freed 408K, 17% free 3662K/4380K, paused 2ms, total 2ms
I/Icing.InternalIcingCorporaProvider( 2176): Updating corpora: A: it.unina.android.ripper_service, C: MAYBE
W/Launcher( 2217): setApplicationContext called twice! old=com.google.android.velvet.VelvetApplication@9d0870e8 new=com.google.android.velvet.VelvetApplication@9d0870e8
I/PackageManager( 1568):   Action: "android.intent.action.SENDTO"
I/PackageManager( 1568):   Category: "android.intent.category.DEFAULT"
I/PackageManager( 1568):   Scheme: "mmsto"
I/PackageManager( 1568): Adding preferred activity ComponentInfo{com.android.mms/com.android.mms.ui.ComposeMessageActivity} for user 0 :
W/ContextImpl( 3300): Calling a method in the system process without a qualified user: android.app.ContextImpl.startService:1479 android.content.ContextWrapper.startService:494 android.content.ContextWrapper.startService:494 com.android.keychain.KeyChainBroadcastReceiver.onReceive:12 android.app.ActivityThread.handleReceiver:2419 
I/ActivityManager( 1568): Delay finish: com.android.keychain/.KeyChainBroadcastReceiver
I/ActivityManager( 1568): Resuming delayed broadcast
I/Icing   ( 2085): doRemovePackageData it.unina.android.ripper_service
I/PackageManager( 1568):   Action: "android.intent.action.SENDTO"
I/PackageManager( 1568):   Category: "android.intent.category.DEFAULT"
I/PackageManager( 1568):   Scheme: "sms"
I/PackageManager( 1568): Adding preferred activity ComponentInfo{com.android.mms/com.android.mms.ui.ComposeMessageActivity} for user 0 :
I/PackageManager( 1568):   Action: "android.intent.action.SENDTO"
I/PackageManager( 1568):   Category: "android.intent.category.DEFAULT"
I/PackageManager( 1568):   Scheme: "smsto"
I/PackageManager( 1568): Adding preferred activity ComponentInfo{com.android.mms/com.android.mms.ui.ComposeMessageActivity} for user 0 :
D/dalvikvm( 1832): GC_FOR_ALLOC freed 360K, 17% free 3663K/4380K, paused 2ms, total 2ms
I/PackageManager( 1568):   Action: "android.intent.action.SENDTO"
I/PackageManager( 1568):   Category: "android.intent.category.DEFAULT"
I/PackageManager( 1568):   Scheme: "mms"
I/PackageManager( 1568): Adding preferred activity ComponentInfo{com.android.mms/com.android.mms.ui.ComposeMessageActivity} for user 0 :
I/PackageManager( 1568):   Action: "android.intent.action.SENDTO"
I/PackageManager( 1568):   Category: "android.intent.category.DEFAULT"
I/PackageManager( 1568):   Scheme: "mmsto"
I/PackageManager( 1568): Adding preferred activity ComponentInfo{com.android.mms/com.android.mms.ui.ComposeMessageActivity} for user 0 :
I/Icing   ( 2085): Indexing com.google.android.gms-apps from com.google.android.gms
I/LatinIME:LogUtils( 1762): Dictionary info: dictionary = main:en ; version = 42 ; date = 1381226516
I/DownloadManager( 1870): Download 13 starting
W/DownloadManager( 1870): Aborting request for download 13: TYPE_DISALLOWED_BY_REQUESTOR
I/Icing   ( 2085): IndexChimeraService.getServiceInterface callingPackage=com.google.android.googlequicksearchbox componentName=null serviceId=21
I/Icing   ( 2085): Indexing com.google.android.gms-internal.3p:MobileApplication from com.google.android.gms
I/DownloadManager( 1870): Download 13 finished with status WAITING_FOR_NETWORK
D/dalvikvm( 2085): GC_FOR_ALLOC freed 2170K, 12% free 21475K/24272K, paused 20ms, total 20ms
I/Icing   ( 2085): Indexing done com.google.android.gms-apps
W/Icing   ( 2085): No valid account for uploading user actions
I/Icing   ( 2085): Usage reports ok 0, Failed Usage reports 0, indexed 0, rejected 0
I/Icing   ( 2085): Indexing done com.google.android.gms-internal.3p:MobileApplication
I/Icing   ( 2085): Indexing com.google.android.googlequicksearchbox-applications from com.google.android.googlequicksearchbox
I/Icing   ( 2085): Indexing done com.google.android.googlequicksearchbox-applications
D/dalvikvm( 1776): GC_FOR_ALLOC freed 1796K, 23% free 10463K/13428K, paused 10ms, total 10ms
D/AndroidRuntime( 3916): 
D/AndroidRuntime( 3916): >>>>>> AndroidRuntime START com.android.internal.os.RuntimeInit <<<<<<
W/linker  ( 3916): libdvm.so has text relocations. This is wasting memory and is a security risk. Please fix.
D/AndroidRuntime( 3916): CheckJNI is ON
D/dalvikvm( 3916): Trying to load lib libjavacore.so 0x0
D/dalvikvm( 3916): Added shared lib libjavacore.so 0x0
D/dalvikvm( 3916): Trying to load lib libnativehelper.so 0x0
D/dalvikvm( 3916): Added shared lib libnativehelper.so 0x0
D/dalvikvm( 3916): No JNI_OnLoad found in libnativehelper.so 0x0, skipping init
D/dalvikvm( 3916): Note: class Landroid/app/ActivityManagerNative; has 179 unimplemented (abstract) methods
E/memtrack( 3916): Couldn't load memtrack module (No such file or directory)
E/android.os.Debug( 3916): failed to load memtrack module: -2
D/AndroidRuntime( 3916): Calling main entry com.android.commands.pm.Pm
W/ActivityManager( 1568): No content provider found for permission revoke: file:///data/local/tmp/AndroidRipperService.apk
W/ActivityManager( 1568): No content provider found for permission revoke: file:///data/local/tmp/AndroidRipperService.apk
I/PackageManager( 1568): Copying native libraries to /data/app-lib/vmdl1470612735
I/PackageParser( 1568): it.unina.android.ripper_service: compat added android.permission.WRITE_EXTERNAL_STORAGE android.permission.READ_PHONE_STATE
D/dalvikvm( 1568): GC_FOR_ALLOC freed 1435K, 49% free 8556K/16548K, paused 7ms, total 7ms
I/PackageManager( 1568): Running dexopt on: it.unina.android.ripper_service
W/linker  ( 3927): libdvm.so has text relocations. This is wasting memory and is a security risk. Please fix.
D/dalvikvm( 3927): DexOpt: load 3ms, verify+opt 20ms, 1117628 bytes
I/ActivityManager( 1568): Force stopping it.unina.android.ripper_service appid=10064 user=-1: update pkg
W/Launcher.Model( 2217): Nobody to tell about the new app.  Launcher is probably loading.
D/Documents( 3243): Used cached roots for com.android.providers.downloads.documents
D/Documents( 3243): Used cached roots for com.android.externalstorage.documents
D/Documents( 3243): Used cached roots for com.android.providers.media.documents
D/Documents( 3243): Update found 6 roots in 3ms
D/BackupManagerService( 1568): Received broadcast Intent { act=android.intent.action.PACKAGE_ADDED dat=package:it.unina.android.ripper_service flg=0x4000010 (has extras) }
V/BackupManagerService( 1568): addPackageParticipantsLocked: #1
I/InputReader( 1568): Reconfiguring input devices.  changes=0x00000010
I/PackageManager( 1568):   Action: "android.intent.action.SENDTO"
I/PackageManager( 1568):   Category: "android.intent.category.DEFAULT"
I/PackageManager( 1568):   Scheme: "sms"
I/PackageManager( 1568):   Action: "android.intent.action.SENDTO"
I/PackageManager( 1568):   Category: "android.intent.category.DEFAULT"
I/PackageManager( 1568):   Scheme: "smsto"
D/dalvikvm( 1832): GC_FOR_ALLOC freed 428K, 17% free 3638K/4380K, paused 2ms, total 2ms
I/PackageManager( 1568): Adding preferred activity ComponentInfo{com.android.mms/com.android.mms.ui.ComposeMessageActivity} for user 0 :
I/PackageManager( 1568): Adding preferred activity ComponentInfo{com.android.mms/com.android.mms.ui.ComposeMessageActivity} for user 0 :
I/PackageManager( 1568):   Action: "android.intent.action.SENDTO"
I/PackageManager( 1568):   Category: "android.intent.category.DEFAULT"
I/PackageManager( 1568):   Scheme: "mms"
W/GCM     ( 1776): Unexpected forwarded intent: Intent { act=android.intent.action.PACKAGE_ADDED dat=package:it.unina.android.ripper_service flg=0x4000010 cmp=com.google.android.gms/.chimera.PersistentIntentOperationService (has extras) }
I/PackageManager( 1568):   Action: "android.intent.action.SENDTO"
I/PackageManager( 1568):   Category: "android.intent.category.DEFAULT"
I/PackageManager( 1568):   Scheme: "mmsto"
I/PackageManager( 1568): Adding preferred activity ComponentInfo{com.android.mms/com.android.mms.ui.ComposeMessageActivity} for user 0 :
I/PackageManager( 1568): Adding preferred activity ComponentInfo{com.android.mms/com.android.mms.ui.ComposeMessageActivity} for user 0 :
W/GCM     ( 1776): Unexpected forwarded intent: Intent { act=android.intent.action.PACKAGE_ADDED dat=package:it.unina.android.ripper_service flg=0x4000010 cmp=com.google.android.gms/.chimera.PersistentIntentOperationService (has extras) }
I/PackageManager( 1568):   Action: "android.intent.action.SENDTO"
I/PackageManager( 1568):   Category: "android.intent.category.DEFAULT"
I/PackageManager( 1568):   Scheme: "sms"
I/PackageManager( 1568): Adding preferred activity ComponentInfo{com.android.mms/com.android.mms.ui.ComposeMessageActivity} for user 0 :
D/dalvikvm( 1568): GC_EXPLICIT freed 1312K, 48% free 8616K/16548K, paused 1ms+2ms, total 47ms
D/AndroidRuntime( 3916): Shutting down VM
D/dalvikvm( 3916): GC_CONCURRENT freed 93K, 15% free 552K/648K, paused 0ms+0ms, total 1ms
I/ChromeSync( 2085): [Sync,SyncIntentOperation] Handling the intent: Intent { act=android.intent.action.PACKAGE_ADDED dat=package:it.unina.android.ripper_service flg=0x4000010 cmp=com.google.android.gms/.chimera.GmsIntentOperationService (has extras) }.
I/Auth    ( 2085): [SupervisedAccountIntentOperation] onHandleIntent(): android.intent.action.PACKAGE_ADDED
I/FontLog ( 2085): Package it.unina.android.ripper_service has no metadata [CONTEXT service_id=132 ]
E/GmsClient( 2085): unable to connect to service: com.google.android.gms.auth.key.retrieval.service.START on com.google.android.gms
I/Icing.InternalIcingCorporaProvider( 2176): Updating corpora: A: it.unina.android.ripper_service, C: MAYBE
W/ActivityManager( 1568): Unable to start service Intent { act=com.google.android.gms.auth.key.retrieval.service.START pkg=com.google.android.gms } U=0: not found
W/ActivityManager( 1568): Unbind failed: could not find connection for android.os.BinderProxy@9d3e93b8
I/PackageManager( 1568):   Action: "android.intent.action.SENDTO"
I/PackageManager( 1568):   Category: "android.intent.category.DEFAULT"
I/PackageManager( 1568):   Scheme: "smsto"
I/PackageManager( 1568): Adding preferred activity ComponentInfo{com.android.mms/com.android.mms.ui.ComposeMessageActivity} for user 0 :
I/ChromeSync( 2085): [Persistence,AffiliationManager] One of affiliation or grouping data for android://KSmUCdTXmQS-j9D_O8l1jvyu41Pjn2mc5cb0Gvx1e9H1Aj4JCzHs_uTW26nbtH65K-YfijtBsQxGp-8R6k6HFg==@it.unina.android.ripper_service/ was not found. Marking affiliation data as stale...
D/dalvikvm( 1832): GC_FOR_ALLOC freed 383K, 17% free 3658K/4380K, paused 1ms, total 1ms
I/PackageManager( 1568):   Action: "android.intent.action.SENDTO"
I/PackageManager( 1568):   Category: "android.intent.category.DEFAULT"
I/PackageManager( 1568):   Scheme: "mms"
I/PackageManager( 1568): Adding preferred activity ComponentInfo{com.android.mms/com.android.mms.ui.ComposeMessageActivity} for user 0 :
I/PackageManager( 1568):   Action: "android.intent.action.SENDTO"
I/PackageManager( 1568):   Category: "android.intent.category.DEFAULT"
I/PackageManager( 1568):   Scheme: "mmsto"
I/PackageManager( 1568): Adding preferred activity ComponentInfo{com.android.mms/com.android.mms.ui.ComposeMessageActivity} for user 0 :
I/Icing   ( 2085): IndexChimeraService.getServiceInterface callingPackage=com.google.android.googlequicksearchbox componentName=null serviceId=21
W/Icing   ( 2085): No valid account for uploading user actions
I/Icing   ( 2085): Usage reports ok 0, Failed Usage reports 0, indexed 0, rejected 0
I/Icing   ( 2085): Indexing com.google.android.gms-apps from com.google.android.gms
I/Icing   ( 2085): Indexing com.google.android.gms-internal.3p:MobileApplication from com.google.android.gms
I/Icing   ( 2085): Indexing com.google.android.googlequicksearchbox-applications from com.google.android.googlequicksearchbox
I/Icing   ( 2085): Indexing done com.google.android.gms-apps
I/Icing   ( 2085): Indexing done com.google.android.gms-internal.3p:MobileApplication
I/Icing   ( 2085): Indexing done com.google.android.googlequicksearchbox-applications
D/AndroidRuntime( 3934): 
D/AndroidRuntime( 3934): >>>>>> AndroidRuntime START com.android.internal.os.RuntimeInit <<<<<<
