W/linker  ( 3934): libdvm.so has text relocations. This is wasting memory and is a security risk. Please fix.
D/AndroidRuntime( 3934): CheckJNI is ON
D/dalvikvm( 3934): Trying to load lib libjavacore.so 0x0
D/dalvikvm( 3934): Added shared lib libjavacore.so 0x0
D/dalvikvm( 3934): Trying to load lib libnativehelper.so 0x0
D/dalvikvm( 3934): Added shared lib libnativehelper.so 0x0
D/dalvikvm( 3934): No JNI_OnLoad found in libnativehelper.so 0x0, skipping init
D/dalvikvm( 3934): Note: class Landroid/app/ActivityManagerNative; has 179 unimplemented (abstract) methods
E/memtrack( 3934): Couldn't load memtrack module (No such file or directory)
E/android.os.Debug( 3934): failed to load memtrack module: -2
D/AndroidRuntime( 3934): Calling main entry com.android.commands.pm.Pm
D/AndroidRuntime( 3934): Shutting down VM
D/dalvikvm( 3934): GC_CONCURRENT freed 92K, 15% free 547K/644K, paused 0ms+0ms, total 0ms
D/AndroidRuntime( 3945): 
D/AndroidRuntime( 3945): >>>>>> AndroidRuntime START com.android.internal.os.RuntimeInit <<<<<<
W/linker  ( 3945): libdvm.so has text relocations. This is wasting memory and is a security risk. Please fix.
D/AndroidRuntime( 3945): CheckJNI is ON
D/dalvikvm( 3945): Trying to load lib libjavacore.so 0x0
D/dalvikvm( 3945): Added shared lib libjavacore.so 0x0
D/dalvikvm( 3945): Trying to load lib libnativehelper.so 0x0
D/dalvikvm( 3945): Added shared lib libnativehelper.so 0x0
D/dalvikvm( 3945): No JNI_OnLoad found in libnativehelper.so 0x0, skipping init
D/dalvikvm( 3945): Note: class Landroid/app/ActivityManagerNative; has 179 unimplemented (abstract) methods
E/memtrack( 3945): Couldn't load memtrack module (No such file or directory)
E/android.os.Debug( 3945): failed to load memtrack module: -2
D/AndroidRuntime( 3945): Calling main entry com.android.commands.pm.Pm
D/AndroidRuntime( 3945): Shutting down VM
D/dalvikvm( 3945): GC_CONCURRENT freed 92K, 15% free 547K/644K, paused 1ms+0ms, total 1ms
D/AndroidRuntime( 3956): 
D/AndroidRuntime( 3956): >>>>>> AndroidRuntime START com.android.internal.os.RuntimeInit <<<<<<
W/linker  ( 3956): libdvm.so has text relocations. This is wasting memory and is a security risk. Please fix.
D/AndroidRuntime( 3956): CheckJNI is ON
D/dalvikvm( 3956): Trying to load lib libjavacore.so 0x0
D/dalvikvm( 3956): Added shared lib libjavacore.so 0x0
D/dalvikvm( 3956): Trying to load lib libnativehelper.so 0x0
D/dalvikvm( 3956): Added shared lib libnativehelper.so 0x0
D/dalvikvm( 3956): No JNI_OnLoad found in libnativehelper.so 0x0, skipping init
D/dalvikvm( 3956): Note: class Landroid/app/ActivityManagerNative; has 179 unimplemented (abstract) methods
E/memtrack( 3956): Couldn't load memtrack module (No such file or directory)
E/android.os.Debug( 3956): failed to load memtrack module: -2
D/AndroidRuntime( 3956): Calling main entry com.android.commands.am.Am
D/AndroidRuntime( 3956): Shutting down VM
I/ActivityManager( 1568): Start proc it.unina.android.ripper_service:android_ripper_service_process for service it.unina.android.ripper_service/.AndroidRipperService: pid=3967 uid=10064 gids={50064, 3003, 1028, 1015}
D/dalvikvm( 3956): GC_CONCURRENT freed 93K, 15% free 575K/672K, paused 0ms+0ms, total 0ms
V/AndroidRipperService( 3967): onCreate()
V/SERVER  ( 3967): Starting ServerSocket on PORT 18888
V/SERVER  ( 3967): Started ServerSocket on PORT 18888
V/SERVER  ( 3967): Ready to accept connections on port: 18888
D/AndroidRuntime( 3981): 
D/AndroidRuntime( 3981): >>>>>> AndroidRuntime START com.android.internal.os.RuntimeInit <<<<<<
W/linker  ( 3981): libdvm.so has text relocations. This is wasting memory and is a security risk. Please fix.
D/AndroidRuntime( 3981): CheckJNI is ON
D/dalvikvm( 3981): Trying to load lib libjavacore.so 0x0
D/dalvikvm( 3981): Added shared lib libjavacore.so 0x0
D/dalvikvm( 3981): Trying to load lib libnativehelper.so 0x0
D/dalvikvm( 3981): Added shared lib libnativehelper.so 0x0
D/dalvikvm( 3981): No JNI_OnLoad found in libnativehelper.so 0x0, skipping init
D/dalvikvm( 3981): Note: class Landroid/app/ActivityManagerNative; has 179 unimplemented (abstract) methods
E/memtrack( 3981): Couldn't load memtrack module (No such file or directory)
E/android.os.Debug( 3981): failed to load memtrack module: -2
D/AndroidRuntime( 3981): Calling main entry com.android.commands.input.Input
I/Input   ( 3981): injectKeyEvent: KeyEvent { action=ACTION_DOWN, keyCode=KEYCODE_MENU, scanCode=0, metaState=0, flags=0x0, repeatCount=0, eventTime=228872, downTime=228872, deviceId=-1, source=0x101 }
I/Input   ( 3981): injectKeyEvent: KeyEvent { action=ACTION_UP, keyCode=KEYCODE_MENU, scanCode=0, metaState=0, flags=0x0, repeatCount=0, eventTime=228872, downTime=228872, deviceId=-1, source=0x101 }
D/AndroidRuntime( 3981): Shutting down VM
E/SoundPool( 1568): error loading /system/media/audio/ui/Effect_Tick.ogg
W/AudioService( 1568): Soundpool could not load file: /system/media/audio/ui/Effect_Tick.ogg
E/SoundPool( 1568): error loading /system/media/audio/ui/Effect_Tick.ogg
W/AudioService( 1568): Soundpool could not load file: /system/media/audio/ui/Effect_Tick.ogg
E/SoundPool( 1568): error loading /system/media/audio/ui/Effect_Tick.ogg
W/AudioService( 1568): Soundpool could not load file: /system/media/audio/ui/Effect_Tick.ogg
E/SoundPool( 1568): error loading /system/media/audio/ui/Effect_Tick.ogg
W/AudioService( 1568): Soundpool could not load file: /system/media/audio/ui/Effect_Tick.ogg
E/SoundPool( 1568): error loading /system/media/audio/ui/Effect_Tick.ogg
W/AudioService( 1568): Soundpool could not load file: /system/media/audio/ui/Effect_Tick.ogg
E/SoundPool( 1568): error loading /system/media/audio/ui/KeypressStandard.ogg
W/AudioService( 1568): Soundpool could not load file: /system/media/audio/ui/KeypressStandard.ogg
E/SoundPool( 1568): error loading /system/media/audio/ui/KeypressSpacebar.ogg
W/AudioService( 1568): Soundpool could not load file: /system/media/audio/ui/KeypressSpacebar.ogg
E/SoundPool( 1568): error loading /system/media/audio/ui/KeypressDelete.ogg
W/AudioService( 1568): Soundpool could not load file: /system/media/audio/ui/KeypressDelete.ogg
E/SoundPool( 1568): error loading /system/media/audio/ui/KeypressReturn.ogg
W/AudioService( 1568): Soundpool could not load file: /system/media/audio/ui/KeypressReturn.ogg
E/SoundPool( 1568): error loading /system/media/audio/ui/KeypressInvalid.ogg
W/AudioService( 1568): Soundpool could not load file: /system/media/audio/ui/KeypressInvalid.ogg
W/AudioService( 1568): onLoadSoundEffects(), Error -1 while loading samples
D/dalvikvm( 3981): GC_CONCURRENT freed 96K, 15% free 554K/652K, paused 0ms+1ms, total 1ms
D/EGL_emulation( 1988): eglMakeCurrent: 0xb9198580: ver 3 0
E/EGL_emulation( 1988): tid 1988: eglSurfaceAttrib(1199): error 0x3009 (EGL_BAD_MATCH)
W/HardwareRenderer( 1988): Backbuffer cannot be preserved
D/AndroidRuntime( 3999): 
D/AndroidRuntime( 3999): >>>>>> AndroidRuntime START com.android.internal.os.RuntimeInit <<<<<<
W/linker  ( 3999): libdvm.so has text relocations. This is wasting memory and is a security risk. Please fix.
D/AndroidRuntime( 3999): CheckJNI is ON
D/dalvikvm( 3999): Trying to load lib libjavacore.so 0x0
D/dalvikvm( 3999): Added shared lib libjavacore.so 0x0
D/dalvikvm( 3999): Trying to load lib libnativehelper.so 0x0
D/dalvikvm( 3999): Added shared lib libnativehelper.so 0x0
D/dalvikvm( 3999): No JNI_OnLoad found in libnativehelper.so 0x0, skipping init
D/dalvikvm( 3999): Note: class Landroid/app/ActivityManagerNative; has 179 unimplemented (abstract) methods
E/memtrack( 3999): Couldn't load memtrack module (No such file or directory)
E/android.os.Debug( 3999): failed to load memtrack module: -2
D/AndroidRuntime( 3999): Calling main entry com.android.commands.pm.Pm
W/ActivityManager( 1568): No content provider found for permission revoke: file:///sdcard/aut.apk
W/ActivityManager( 1568): No content provider found for permission revoke: file:///sdcard/aut.apk
I/PackageManager( 1568): Copying native libraries to /data/app-lib/vmdl1426670336
D/dalvikvm( 1568): GC_FOR_ALLOC freed 1209K, 47% free 8818K/16548K, paused 6ms, total 6ms
D/dalvikvm( 1568): GC_FOR_ALLOC freed 921K, 44% free 9358K/16548K, paused 7ms, total 7ms
D/dalvikvm( 1568): GC_FOR_ALLOC freed 1494K, 43% free 9460K/16548K, paused 6ms, total 6ms
D/dalvikvm( 1568): GC_FOR_ALLOC freed 1600K, 43% free 9476K/16548K, paused 6ms, total 6ms
D/dalvikvm( 1568): GC_FOR_ALLOC freed 1614K, 43% free 9486K/16548K, paused 6ms, total 7ms
D/dalvikvm( 1568): GC_FOR_ALLOC freed 1617K, 43% free 9496K/16548K, paused 7ms, total 7ms
D/dalvikvm( 1568): GC_FOR_ALLOC freed 1630K, 43% free 9496K/16548K, paused 6ms, total 6ms
I/PackageManager( 1568): Running dexopt on: com.mikifus.padland
W/linker  ( 4010): libdvm.so has text relocations. This is wasting memory and is a security risk. Please fix.
W/dalvikvm( 4010): method Landroidx/appcompat/widget/l;.lookForSelectablePosition incorrectly overrides package-private method with same name in Landroid/widget/ListView;
D/dalvikvm( 4010): DexOpt: couldn't find field Landroid/view/inputmethod/EditorInfo;.contentMimeTypes
D/dalvikvm( 4010): DexOpt: couldn't find static field Landroid/view/View;.TRANSLATION_Z
D/dalvikvm( 4010): DexOpt: load 24ms, verify+opt 83ms, 3162540 bytes
I/ActivityManager( 1568): Force stopping com.mikifus.padland appid=10065 user=-1: update pkg
I/InputReader( 1568): Reconfiguring input devices.  changes=0x00000010
W/Launcher.Model( 2217): Nobody to tell about the new app.  Launcher is probably loading.
I/PackageManager( 1568):   Action: "android.intent.action.SENDTO"
I/PackageManager( 1568):   Category: "android.intent.category.DEFAULT"
I/PackageManager( 1568):   Scheme: "sms"
D/Documents( 3243): Used cached roots for com.android.providers.downloads.documents
I/PackageManager( 1568): Adding preferred activity ComponentInfo{com.android.mms/com.android.mms.ui.ComposeMessageActivity} for user 0 :
D/dalvikvm( 1832): GC_FOR_ALLOC freed 421K, 18% free 3615K/4380K, paused 2ms, total 3ms
W/GCM     ( 1776): Unexpected forwarded intent: Intent { act=android.intent.action.PACKAGE_ADDED dat=package:com.mikifus.padland flg=0x4000010 cmp=com.google.android.gms/.chimera.PersistentIntentOperationService (has extras) }
D/dalvikvm( 3243): GC_FOR_ALLOC freed 529K, 20% free 3073K/3804K, paused 9ms, total 9ms
D/Documents( 3243): Used cached roots for com.android.externalstorage.documents
D/Documents( 3243): Used cached roots for com.android.providers.media.documents
D/Documents( 3243): Update found 6 roots in 20ms
W/GCM     ( 1776): Unexpected forwarded intent: Intent { act=android.intent.action.PACKAGE_ADDED dat=package:com.mikifus.padland flg=0x4000010 cmp=com.google.android.gms/.chimera.PersistentIntentOperationService (has extras) }
I/Icing.InternalIcingCorporaProvider( 2176): Updating corpora: A: com.mikifus.padland, C: MAYBE
I/PackageManager( 1568):   Action: "android.intent.action.SENDTO"
I/PackageManager( 1568):   Category: "android.intent.category.DEFAULT"
I/PackageManager( 1568):   Scheme: "smsto"
I/Auth    ( 2085): [SupervisedAccountIntentOperation] onHandleIntent(): android.intent.action.PACKAGE_ADDED
I/PackageManager( 1568):   Action: "android.intent.action.SENDTO"
I/PackageManager( 1568):   Category: "android.intent.category.DEFAULT"
I/PackageManager( 1568):   Scheme: "mms"
I/ChromeSync( 2085): [Sync,SyncIntentOperation] Handling the intent: Intent { act=android.intent.action.PACKAGE_ADDED dat=package:com.mikifus.padland flg=0x4000010 cmp=com.google.android.gms/.chimera.GmsIntentOperationService (has extras) }.
I/PackageManager( 1568): Adding preferred activity ComponentInfo{com.android.mms/com.android.mms.ui.ComposeMessageActivity} for user 0 :
I/PackageManager( 1568): Adding preferred activity ComponentInfo{com.android.mms/com.android.mms.ui.ComposeMessageActivity} for user 0 :
I/PackageManager( 1568):   Action: "android.intent.action.SENDTO"
I/PackageManager( 1568):   Category: "android.intent.category.DEFAULT"
I/PackageManager( 1568):   Scheme: "mmsto"
I/PackageManager( 1568): Adding preferred activity ComponentInfo{com.android.mms/com.android.mms.ui.ComposeMessageActivity} for user 0 :
D/BackupManagerService( 1568): Received broadcast Intent { act=android.intent.action.PACKAGE_ADDED dat=package:com.mikifus.padland flg=0x4000010 (has extras) }
V/BackupManagerService( 1568): addPackageParticipantsLocked: #1
I/ChromeSync( 2085): [Persistence,AffiliationManager] One of affiliation or grouping data for android://KSmUCdTXmQS-j9D_O8l1jvyu41Pjn2mc5cb0Gvx1e9H1Aj4JCzHs_uTW26nbtH65K-YfijtBsQxGp-8R6k6HFg==@com.mikifus.padland/ was not found. Marking affiliation data as stale...
I/PackageManager( 1568):   Action: "android.intent.action.SENDTO"
I/PackageManager( 1568):   Category: "android.intent.category.DEFAULT"
I/PackageManager( 1568):   Scheme: "sms"
I/PackageManager( 1568): Adding preferred activity ComponentInfo{com.android.mms/com.android.mms.ui.ComposeMessageActivity} for user 0 :
I/Icing   ( 2085): IndexChimeraService.getServiceInterface callingPackage=com.google.android.googlequicksearchbox componentName=null serviceId=21
D/dalvikvm( 1832): GC_FOR_ALLOC freed 392K, 17% free 3661K/4380K, paused 9ms, total 9ms
I/PackageManager( 1568):   Action: "android.intent.action.SENDTO"
I/PackageManager( 1568):   Category: "android.intent.category.DEFAULT"
I/PackageManager( 1568):   Scheme: "smsto"
I/PackageManager( 1568): Adding preferred activity ComponentInfo{com.android.mms/com.android.mms.ui.ComposeMessageActivity} for user 0 :
I/PackageManager( 1568):   Action: "android.intent.action.SENDTO"
I/PackageManager( 1568):   Category: "android.intent.category.DEFAULT"
I/PackageManager( 1568):   Scheme: "mms"
D/EGL_emulation( 1988): eglMakeCurrent: 0xb9198580: ver 3 0
D/dalvikvm( 1568): GC_EXPLICIT freed 2416K, 47% free 8880K/16548K, paused 14ms+3ms, total 93ms
D/AndroidRuntime( 3999): Shutting down VM
I/PackageManager( 1568): Adding preferred activity ComponentInfo{com.android.mms/com.android.mms.ui.ComposeMessageActivity} for user 0 :
D/dalvikvm( 3999): GC_CONCURRENT freed 93K, 15% free 552K/648K, paused 0ms+0ms, total 1ms
I/PackageManager( 1568):   Action: "android.intent.action.SENDTO"
I/PackageManager( 1568):   Category: "android.intent.category.DEFAULT"
I/PackageManager( 1568):   Scheme: "mmsto"
I/PackageManager( 1568): Adding preferred activity ComponentInfo{com.android.mms/com.android.mms.ui.ComposeMessageActivity} for user 0 :
D/dalvikvm( 2085): GC_FOR_ALLOC freed 1743K, 11% free 21779K/24272K, paused 34ms, total 34ms
W/Icing   ( 2085): No valid account for uploading user actions
I/Icing   ( 2085): Usage reports ok 0, Failed Usage reports 0, indexed 0, rejected 0
I/Icing   ( 2085): Indexing com.google.android.googlequicksearchbox-applications from com.google.android.googlequicksearchbox
I/Icing   ( 2085): Indexing com.google.android.gms-apps from com.google.android.gms
I/Icing   ( 2085): Indexing done com.google.android.googlequicksearchbox-applications
I/Icing   ( 2085): Indexing done com.google.android.gms-apps
I/Icing   ( 2085): Indexing com.google.android.gms-internal.3p:MobileApplication from com.google.android.gms
I/Icing   ( 2085): Indexing done com.google.android.gms-internal.3p:MobileApplication
D/AndroidRuntime( 4020): 
D/AndroidRuntime( 4020): >>>>>> AndroidRuntime START com.android.internal.os.RuntimeInit <<<<<<
W/linker  ( 4020): libdvm.so has text relocations. This is wasting memory and is a security risk. Please fix.
D/AndroidRuntime( 4020): CheckJNI is ON
D/dalvikvm( 4020): Trying to load lib libjavacore.so 0x0
D/dalvikvm( 4020): Added shared lib libjavacore.so 0x0
D/dalvikvm( 4020): Trying to load lib libnativehelper.so 0x0
D/dalvikvm( 4020): Added shared lib libnativehelper.so 0x0
D/dalvikvm( 4020): No JNI_OnLoad found in libnativehelper.so 0x0, skipping init
D/dalvikvm( 4020): Note: class Landroid/app/ActivityManagerNative; has 179 unimplemented (abstract) methods
E/memtrack( 4020): Couldn't load memtrack module (No such file or directory)
E/android.os.Debug( 4020): failed to load memtrack module: -2
D/AndroidRuntime( 4020): Calling main entry com.android.commands.pm.Pm
W/ActivityManager( 1568): No content provider found for permission revoke: file:///sdcard/ripper.apk
W/ActivityManager( 1568): No content provider found for permission revoke: file:///sdcard/ripper.apk
I/PackageManager( 1568): Copying native libraries to /data/app-lib/vmdl1060904192
I/PackageParser( 1568): it.unina.android.ripper: compat added android.permission.WRITE_EXTERNAL_STORAGE android.permission.READ_PHONE_STATE
D/EGL_emulation( 1988): eglMakeCurrent: 0xb9198580: ver 3 0
I/PackageManager( 1568): Running dexopt on: it.unina.android.ripper
W/linker  ( 4031): libdvm.so has text relocations. This is wasting memory and is a security risk. Please fix.
D/dalvikvm( 4031): DexOpt: load 4ms, verify+opt 29ms, 936700 bytes
I/ActivityManager( 1568): Force stopping it.unina.android.ripper appid=10066 user=-1: update pkg
I/InputReader( 1568): Reconfiguring input devices.  changes=0x00000010
W/Launcher.Model( 2217): Nobody to tell about the new app.  Launcher is probably loading.
D/Documents( 3243): Used cached roots for com.android.providers.downloads.documents
D/Documents( 3243): Used cached roots for com.android.externalstorage.documents
D/Documents( 3243): Used cached roots for com.android.providers.media.documents
D/Documents( 3243): Update found 6 roots in 7ms
I/PackageManager( 1568):   Action: "android.intent.action.SENDTO"
I/PackageManager( 1568):   Category: "android.intent.category.DEFAULT"
I/PackageManager( 1568):   Scheme: "sms"
I/PackageManager( 1568): Adding preferred activity ComponentInfo{com.android.mms/com.android.mms.ui.ComposeMessageActivity} for user 0 :
D/BackupManagerService( 1568): Received broadcast Intent { act=android.intent.action.PACKAGE_ADDED dat=package:it.unina.android.ripper flg=0x4000010 (has extras) }
V/BackupManagerService( 1568): addPackageParticipantsLocked: #1
I/Auth    ( 2085): [SupervisedAccountIntentOperation] onHandleIntent(): android.intent.action.PACKAGE_ADDED
W/GCM     ( 1776): Unexpected forwarded intent: Intent { act=android.intent.action.PACKAGE_ADDED dat=package:it.unina.android.ripper flg=0x4000010 cmp=com.google.android.gms/.chimera.PersistentIntentOperationService (has extras) }
I/ChromeSync( 2085): [Sync,SyncIntentOperation] Handling the intent: Intent { act=android.intent.action.PACKAGE_ADDED dat=package:it.unina.android.ripper flg=0x4000010 cmp=com.google.android.gms/.chimera.GmsIntentOperationService (has extras) }.
W/GCM     ( 1776): Unexpected forwarded intent: Intent { act=android.intent.action.PACKAGE_ADDED dat=package:it.unina.android.ripper flg=0x4000010 cmp=com.google.android.gms/.chimera.PersistentIntentOperationService (has extras) }
I/FontLog ( 2085): Package it.unina.android.ripper has no metadata [CONTEXT service_id=132 ]
I/ChromeSync( 2085): [Persistence,AffiliationManager] One of affiliation or grouping data for android://KSmUCdTXmQS-j9D_O8l1jvyu41Pjn2mc5cb0Gvx1e9H1Aj4JCzHs_uTW26nbtH65K-YfijtBsQxGp-8R6k6HFg==@it.unina.android.ripper/ was not found. Marking affiliation data as stale...
D/dalvikvm( 1832): GC_FOR_ALLOC freed 464K, 18% free 3608K/4380K, paused 3ms, total 5ms
I/PackageManager( 1568):   Action: "android.intent.action.SENDTO"
I/PackageManager( 1568):   Category: "android.intent.category.DEFAULT"
I/PackageManager( 1568):   Scheme: "smsto"
I/Icing.InternalIcingCorporaProvider( 2176): Updating corpora: A: it.unina.android.ripper, C: MAYBE
I/PackageManager( 1568): Adding preferred activity ComponentInfo{com.android.mms/com.android.mms.ui.ComposeMessageActivity} for user 0 :
I/PackageManager( 1568):   Action: "android.intent.action.SENDTO"
I/PackageManager( 1568):   Category: "android.intent.category.DEFAULT"
I/PackageManager( 1568):   Scheme: "mms"
I/PackageManager( 1568): Adding preferred activity ComponentInfo{com.android.mms/com.android.mms.ui.ComposeMessageActivity} for user 0 :
I/PackageManager( 1568):   Action: "android.intent.action.SENDTO"
I/PackageManager( 1568):   Category: "android.intent.category.DEFAULT"
I/PackageManager( 1568):   Scheme: "mmsto"
I/PackageManager( 1568): Adding preferred activity ComponentInfo{com.android.mms/com.android.mms.ui.ComposeMessageActivity} for user 0 :
D/dalvikvm( 1568): GC_EXPLICIT freed 1775K, 49% free 8582K/16548K, paused 0ms+1ms, total 95ms
D/dalvikvm( 1568): WAIT_FOR_CONCURRENT_GC blocked 7ms
D/AndroidRuntime( 4020): Shutting down VM
D/dalvikvm( 1568): WAIT_FOR_CONCURRENT_GC blocked 11ms
D/dalvikvm( 4020): GC_CONCURRENT freed 93K, 15% free 552K/648K, paused 0ms+0ms, total 0ms
D/dalvikvm( 1568): WAIT_FOR_CONCURRENT_GC blocked 9ms
I/PackageManager( 1568):   Action: "android.intent.action.SENDTO"
I/PackageManager( 1568):   Category: "android.intent.category.DEFAULT"
I/PackageManager( 1568):   Scheme: "sms"
I/PackageManager( 1568): Adding preferred activity ComponentInfo{com.android.mms/com.android.mms.ui.ComposeMessageActivity} for user 0 :
I/Icing   ( 2085): IndexChimeraService.getServiceInterface callingPackage=com.google.android.googlequicksearchbox componentName=null serviceId=21
D/dalvikvm( 1832): GC_FOR_ALLOC freed 395K, 17% free 3663K/4380K, paused 2ms, total 2ms
I/PackageManager( 1568):   Action: "android.intent.action.SENDTO"
I/PackageManager( 1568):   Category: "android.intent.category.DEFAULT"
I/PackageManager( 1568):   Scheme: "smsto"
I/PackageManager( 1568): Adding preferred activity ComponentInfo{com.android.mms/com.android.mms.ui.ComposeMessageActivity} for user 0 :
I/PackageManager( 1568):   Action: "android.intent.action.SENDTO"
I/PackageManager( 1568):   Category: "android.intent.category.DEFAULT"
I/PackageManager( 1568):   Scheme: "mms"
I/PackageManager( 1568): Adding preferred activity ComponentInfo{com.android.mms/com.android.mms.ui.ComposeMessageActivity} for user 0 :
I/PackageManager( 1568):   Action: "android.intent.action.SENDTO"
I/PackageManager( 1568):   Category: "android.intent.category.DEFAULT"
I/PackageManager( 1568):   Scheme: "mmsto"
W/Icing.InternalIcingCorporaProvider( 2176): Application table change notification failed.
I/PackageManager( 1568): Adding preferred activity ComponentInfo{com.android.mms/com.android.mms.ui.ComposeMessageActivity} for user 0 :
W/Icing   ( 2085): No valid account for uploading user actions
I/Icing   ( 2085): Usage reports ok 0, Failed Usage reports 0, indexed 0, rejected 0
I/Icing   ( 2085): Indexing com.google.android.gms-apps from com.google.android.gms
I/Icing   ( 2085): Indexing done com.google.android.gms-apps
D/EGL_emulation( 1988): eglMakeCurrent: 0xb9198580: ver 3 0
D/AndroidRuntime( 4037): 
D/AndroidRuntime( 4037): >>>>>> AndroidRuntime START com.android.internal.os.RuntimeInit <<<<<<
W/linker  ( 4037): libdvm.so has text relocations. This is wasting memory and is a security risk. Please fix.
D/AndroidRuntime( 4037): CheckJNI is ON
D/dalvikvm( 4037): Trying to load lib libjavacore.so 0x0
D/dalvikvm( 4037): Added shared lib libjavacore.so 0x0
D/dalvikvm( 4037): Trying to load lib libnativehelper.so 0x0
D/dalvikvm( 4037): Added shared lib libnativehelper.so 0x0
D/dalvikvm( 4037): No JNI_OnLoad found in libnativehelper.so 0x0, skipping init
D/dalvikvm( 4037): Note: class Landroid/app/ActivityManagerNative; has 179 unimplemented (abstract) methods
E/memtrack( 4037): Couldn't load memtrack module (No such file or directory)
E/android.os.Debug( 4037): failed to load memtrack module: -2
D/AndroidRuntime( 4037): Calling main entry com.android.commands.am.Am
I/ActivityManager( 1568): Force stopping com.mikifus.padland appid=10065 user=0: start instr
D/dalvikvm( 1145): GC_EXPLICIT freed 39K, 8% free 2993K/3220K, paused 1ms+0ms, total 3ms
I/ActivityManager( 1568): Start proc com.mikifus.padland for added application com.mikifus.padland: pid=4048 uid=10065 gids={50065, 3003}
D/dalvikvm( 1145): GC_EXPLICIT freed <1K, 8% free 2993K/3220K, paused 0ms+0ms, total 3ms
D/dalvikvm( 1145): GC_EXPLICIT freed <1K, 8% free 2993K/3220K, paused 0ms+0ms, total 2ms
I/TestRunner( 4048): started: testApplication(it.unina.android.ripper.RipperTestCase)
V/AndroidRipperService( 3967): onBind()
V/AndroidRipperService( 3967): onBind()
V/AndroidRipperService( 3967): register()
I/ActivityManager( 1568): START u0 {act=android.intent.action.MAIN flg=0x10000000 cmp=com.mikifus.padland/.SplashActivity} from pid 4048
D/dalvikvm( 1568): GC_FOR_ALLOC freed 1089K, 49% free 8552K/16548K, paused 9ms, total 9ms
I/dalvikvm( 4048): Could not find method android.content.Context.getSystemService, referenced from method androidx.appcompat.app.AppCompatDelegateImpl.H
W/dalvikvm( 4048): VFY: unable to resolve virtual method 623: Landroid/content/Context;.getSystemService (Ljava/lang/Class;)Ljava/lang/Object;
D/dalvikvm( 4048): VFY: replacing opcode 0x6e at 0x002d
I/dalvikvm( 4048): Could not find method android.view.Window$Callback.onPointerCaptureChanged, referenced from method androidx.appcompat.view.WindowCallbackWrapper.onPointerCaptureChanged
W/dalvikvm( 4048): VFY: unable to resolve interface method 2863: Landroid/view/Window$Callback;.onPointerCaptureChanged (Z)V
D/dalvikvm( 4048): VFY: replacing opcode 0x72 at 0x0002
I/dalvikvm( 4048): Could not find method android.view.Window$Callback.onProvideKeyboardShortcuts, referenced from method androidx.appcompat.view.WindowCallbackWrapper.onProvideKeyboardShortcuts
W/dalvikvm( 4048): VFY: unable to resolve interface method 2865: Landroid/view/Window$Callback;.onProvideKeyboardShortcuts (Ljava/util/List;Landroid/view/Menu;I)V
D/dalvikvm( 4048): VFY: replacing opcode 0x72 at 0x0002
W/dalvikvm( 4048): VFY: unable to find class referenced in signature (Landroid/view/SearchEvent;)
I/dalvikvm( 4048): Could not find method android.view.Window$Callback.onSearchRequested, referenced from method androidx.appcompat.view.WindowCallbackWrapper.onSearchRequested
W/dalvikvm( 4048): VFY: unable to resolve interface method 2867: Landroid/view/Window$Callback;.onSearchRequested (Landroid/view/SearchEvent;)Z
D/dalvikvm( 4048): VFY: replacing opcode 0x72 at 0x0002
I/dalvikvm( 4048): Could not find method android.view.Window$Callback.onWindowStartingActionMode, referenced from method androidx.appcompat.view.WindowCallbackWrapper.onWindowStartingActionMode
W/dalvikvm( 4048): VFY: unable to resolve interface method 2871: Landroid/view/Window$Callback;.onWindowStartingActionMode (Landroid/view/ActionMode$Callback;I)Landroid/view/ActionMode;
D/dalvikvm( 4048): VFY: replacing opcode 0x72 at 0x0002
I/dalvikvm( 4048): Could not find method android.content.res.TypedArray.getChangingConfigurations, referenced from method androidx.appcompat.widget.TintTypedArray.getChangingConfigurations
W/dalvikvm( 4048): VFY: unable to resolve virtual method 859: Landroid/content/res/TypedArray;.getChangingConfigurations ()I
D/dalvikvm( 4048): VFY: replacing opcode 0x6e at 0x0002
I/dalvikvm( 4048): Could not find method android.content.res.TypedArray.getType, referenced from method androidx.appcompat.widget.TintTypedArray.getType
W/dalvikvm( 4048): VFY: unable to resolve virtual method 881: Landroid/content/res/TypedArray;.getType (I)I
D/dalvikvm( 4048): VFY: replacing opcode 0x6e at 0x0008
I/dalvikvm( 4048): Could not find method android.content.Context.createDeviceProtectedStorageContext, referenced from method androidx.core.content.ContextCompat.createDeviceProtectedStorageContext
W/dalvikvm( 4048): VFY: unable to resolve virtual method 593: Landroid/content/Context;.createDeviceProtectedStorageContext ()Landroid/content/Context;
D/dalvikvm( 4048): VFY: replacing opcode 0x6e at 0x0006
I/dalvikvm( 4048): Could not find method android.content.Context.getCodeCacheDir, referenced from method androidx.core.content.ContextCompat.getCodeCacheDir
W/dalvikvm( 4048): VFY: unable to resolve virtual method 600: Landroid/content/Context;.getCodeCacheDir ()Ljava/io/File;
D/gralloc_ranchu( 1144): gralloc_alloc: Creating ashmem region of size 7753728
D/dalvikvm( 4048): VFY: replacing opcode 0x6e at 0x0006
I/dalvikvm( 4048): Could not find method android.content.Context.getColor, referenced from method androidx.core.content.ContextCompat.getColor
W/dalvikvm( 4048): VFY: unable to resolve virtual method 601: Landroid/content/Context;.getColor (I)I
D/dalvikvm( 4048): VFY: replacing opcode 0x6e at 0x0006
I/dalvikvm( 4048): Could not find method android.content.Context.getColorStateList, referenced from method androidx.core.content.ContextCompat.getColorStateList
W/dalvikvm( 4048): VFY: unable to resolve virtual method 602: Landroid/content/Context;.getColorStateList (I)Landroid/content/res/ColorStateList;
D/dalvikvm( 4048): VFY: replacing opcode 0x6e at 0x0006
I/dalvikvm( 4048): Could not find method android.content.Context.getDataDir, referenced from method androidx.core.content.ContextCompat.getDataDir
W/dalvikvm( 4048): VFY: unable to resolve virtual method 604: Landroid/content/Context;.getDataDir ()Ljava/io/File;
D/dalvikvm( 4048): VFY: replacing opcode 0x6e at 0x0006
I/dalvikvm( 4048): Could not find method android.content.Context.getDrawable, referenced from method androidx.core.content.ContextCompat.getDrawable
W/dalvikvm( 4048): VFY: unable to resolve virtual method 605: Landroid/content/Context;.getDrawable (I)Landroid/graphics/drawable/Drawable;
D/dalvikvm( 4048): VFY: replacing opcode 0x6e at 0x0006
D/dalvikvm( 4048): GC_CONCURRENT freed 235K, 12% free 3147K/3572K, paused 0ms+7ms, total 16ms
I/dalvikvm( 4048): Could not find method android.content.Context.getMainExecutor, referenced from method androidx.core.content.ContextCompat.getMainExecutor
W/dalvikvm( 4048): VFY: unable to resolve virtual method 612: Landroid/content/Context;.getMainExecutor ()Ljava/util/concurrent/Executor;
D/dalvikvm( 4048): VFY: replacing opcode 0x6e at 0x0006
I/dalvikvm( 4048): Could not find method android.content.Context.getNoBackupFilesDir, referenced from method androidx.core.content.ContextCompat.getNoBackupFilesDir
W/dalvikvm( 4048): VFY: unable to resolve virtual method 614: Landroid/content/Context;.getNoBackupFilesDir ()Ljava/io/File;
D/dalvikvm( 4048): VFY: replacing opcode 0x6e at 0x0006
I/dalvikvm( 4048): Could not find method android.content.Context.getSystemService, referenced from method androidx.core.content.ContextCompat.getSystemService
W/dalvikvm( 4048): VFY: unable to resolve virtual method 623: Landroid/content/Context;.getSystemService (Ljava/lang/Class;)Ljava/lang/Object;
D/dalvikvm( 4048): VFY: replacing opcode 0x6e at 0x0006
I/dalvikvm( 4048): Could not find method android.content.Context.getSystemServiceName, referenced from method androidx.core.content.ContextCompat.getSystemServiceName
W/dalvikvm( 4048): VFY: unable to resolve virtual method 625: Landroid/content/Context;.getSystemServiceName (Ljava/lang/Class;)Ljava/lang/String;
D/dalvikvm( 4048): VFY: replacing opcode 0x6e at 0x0006
I/dalvikvm( 4048): Could not find method android.content.Context.isDeviceProtectedStorage, referenced from method androidx.core.content.ContextCompat.isDeviceProtectedStorage
W/dalvikvm( 4048): VFY: unable to resolve virtual method 628: Landroid/content/Context;.isDeviceProtectedStorage ()Z
D/dalvikvm( 4048): VFY: replacing opcode 0x6e at 0x0006
I/dalvikvm( 4048): Could not find method android.content.Context.startForegroundService, referenced from method androidx.core.content.ContextCompat.startForegroundService
W/dalvikvm( 4048): VFY: unable to resolve virtual method 644: Landroid/content/Context;.startForegroundService (Landroid/content/Intent;)Landroid/content/ComponentName;
D/dalvikvm( 4048): VFY: replacing opcode 0x6e at 0x0006
I/dalvikvm( 4048): Could not find method android.view.View.addKeyboardNavigationClusters, referenced from method androidx.core.view.ViewCompat.addKeyboardNavigationClusters
W/dalvikvm( 4048): VFY: unable to resolve virtual method 2250: Landroid/view/View;.addKeyboardNavigationClusters (Ljava/util/Collection;I)V
D/dalvikvm( 4048): VFY: replacing opcode 0x6e at 0x0006
I/dalvikvm( 4048): Failed resolving Landroidx/core/view/ViewCompat$b; interface 458 'Landroid/view/View$OnUnhandledKeyEventListener;'
W/dalvikvm( 4048): Link of class 'Landroidx/core/view/ViewCompat$b;' failed
E/dalvikvm( 4048): Could not find class 'androidx.core.view.ViewCompat$b', referenced from method androidx.core.view.ViewCompat.addOnUnhandledKeyEventListener
W/dalvikvm( 4048): VFY: unable to resolve new-instance 1502 (Landroidx/core/view/ViewCompat$b;) in Landroidx/core/view/ViewCompat;
D/dalvikvm( 4048): VFY: replacing opcode 0x22 at 0x0018
I/dalvikvm( 4048): Could not find method android.view.View.cancelDragAndDrop, referenced from method androidx.core.view.ViewCompat.cancelDragAndDrop
W/dalvikvm( 4048): VFY: unable to resolve virtual method 2259: Landroid/view/View;.cancelDragAndDrop ()V
D/dalvikvm( 4048): VFY: replacing opcode 0x6e at 0x0006
W/dalvikvm( 4048): VFY: unable to find class referenced in signature (Landroid/view/WindowInsets;)
I/dalvikvm( 4048): Could not find method android.view.View.dispatchApplyWindowInsets, referenced from method androidx.core.view.ViewCompat.dispatchApplyWindowInsets
W/dalvikvm( 4048): VFY: unable to resolve virtual method 2266: Landroid/view/View;.dispatchApplyWindowInsets (Landroid/view/WindowInsets;)Landroid/view/WindowInsets;
D/dalvikvm( 4048): VFY: replacing opcode 0x6e at 0x000a
I/dalvikvm( 4048): Could not find method android.view.View.dispatchNestedFling, referenced from method androidx.core.view.ViewCompat.dispatchNestedFling
W/dalvikvm( 4048): VFY: unable to resolve virtual method 2272: Landroid/view/View;.dispatchNestedFling (FFZ)Z
D/dalvikvm( 4048): VFY: replacing opcode 0x6e at 0x0006
I/dalvikvm( 4048): Could not find method android.view.View.dispatchNestedPreFling, referenced from method androidx.core.view.ViewCompat.dispatchNestedPreFling
W/dalvikvm( 4048): VFY: unable to resolve virtual method 2273: Landroid/view/View;.dispatchNestedPreFling (FF)Z
D/dalvikvm( 4048): VFY: replacing opcode 0x6e at 0x0006
I/dalvikvm( 4048): Could not find method android.view.View.dispatchNestedPreScroll, referenced from method androidx.core.view.ViewCompat.dispatchNestedPreScroll
W/dalvikvm( 4048): VFY: unable to resolve virtual method 2274: Landroid/view/View;.dispatchNestedPreScroll (II[I[I)Z
D/dalvikvm( 4048): VFY: replacing opcode 0x6e at 0x0006
I/dalvikvm( 4048): Could not find method android.view.View.dispatchNestedScroll, referenced from method androidx.core.view.ViewCompat.dispatchNestedScroll
W/dalvikvm( 4048): VFY: unable to resolve virtual method 2275: Landroid/view/View;.dispatchNestedScroll (IIII[I)Z
D/dalvikvm( 4048): VFY: replacing opcode 0x74 at 0x0006
I/dalvikvm( 4048): Could not find method android.view.View.getBackgroundTintList, referenced from method androidx.core.view.ViewCompat.getBackgroundTintList
W/dalvikvm( 4048): VFY: unable to resolve virtual method 2293: Landroid/view/View;.getBackgroundTintList ()Landroid/content/res/ColorStateList;
D/dalvikvm( 4048): VFY: replacing opcode 0x6e at 0x0006
I/dalvikvm( 4048): Could not find method android.view.View.getBackgroundTintMode, referenced from method androidx.core.view.ViewCompat.getBackgroundTintMode
W/dalvikvm( 4048): VFY: unable to resolve virtual method 2294: Landroid/view/View;.getBackgroundTintMode ()Landroid/graphics/PorterDuff$Mode;
D/dalvikvm( 4048): VFY: replacing opcode 0x6e at 0x0006
I/dalvikvm( 4048): Could not find method android.view.View.getElevation, referenced from method androidx.core.view.ViewCompat.getElevation
W/dalvikvm( 4048): VFY: unable to resolve virtual method 2304: Landroid/view/View;.getElevation ()F
D/dalvikvm( 4048): VFY: replacing opcode 0x6e at 0x0006
I/dalvikvm( 4048): Could not find method android.view.View.getImportantForAutofill, referenced from method androidx.core.view.ViewCompat.getImportantForAutofill
W/dalvikvm( 4048): VFY: unable to resolve virtual method 2311: Landroid/view/View;.getImportantForAutofill ()I
D/dalvikvm( 4048): VFY: replacing opcode 0x6e at 0x0006
I/dalvikvm( 4048): Could not find method android.view.View.getNextClusterForwardId, referenced from method androidx.core.view.ViewCompat.getNextClusterForwardId
W/dalvikvm( 4048): VFY: unable to resolve virtual method 2329: Landroid/view/View;.getNextClusterForwardId ()I
D/dalvikvm( 4048): VFY: replacing opcode 0x6e at 0x0006
I/dalvikvm( 4048): Could not find method android.view.View.getScrollIndicators, referenced from method androidx.core.view.ViewCompat.getScrollIndicators
W/dalvikvm( 4048): VFY: unable to resolve virtual method 2350: Landroid/view/View;.getScrollIndicators ()I
D/dalvikvm( 4048): VFY: replacing opcode 0x6e at 0x0006
I/dalvikvm( 4048): Could not find method android.view.View.getSystemGestureExclusionRects, referenced from method androidx.core.view.ViewCompat.getSystemGestureExclusionRects
W/dalvikvm( 4048): VFY: unable to resolve virtual method 2353: Landroid/view/View;.getSystemGestureExclusionRects ()Ljava/util/List;
D/dalvikvm( 4048): VFY: replacing opcode 0x6e at 0x0006
I/dalvikvm( 4048): Could not find method android.view.View.getTransitionName, referenced from method androidx.core.view.ViewCompat.getTransitionName
W/dalvikvm( 4048): VFY: unable to resolve virtual method 2358: Landroid/view/View;.getTransitionName ()Ljava/lang/String;
D/dalvikvm( 4048): VFY: replacing opcode 0x6e at 0x0006
I/dalvikvm( 4048): Could not find method android.view.View.getTranslationZ, referenced from method androidx.core.view.ViewCompat.getTranslationZ
W/dalvikvm( 4048): VFY: unable to resolve virtual method 2361: Landroid/view/View;.getTranslationZ ()F
D/dalvikvm( 4048): VFY: replacing opcode 0x6e at 0x0006
I/dalvikvm( 4048): Could not find method android.view.View.getZ, referenced from method androidx.core.view.ViewCompat.getZ
W/dalvikvm( 4048): VFY: unable to resolve virtual method 2372: Landroid/view/View;.getZ ()F
D/dalvikvm( 4048): VFY: replacing opcode 0x6e at 0x0006
I/dalvikvm( 4048): Could not find method android.view.View.hasExplicitFocusable, referenced from method androidx.core.view.ViewCompat.hasExplicitFocusable
W/dalvikvm( 4048): VFY: unable to resolve virtual method 2373: Landroid/view/View;.hasExplicitFocusable ()Z
D/dalvikvm( 4048): VFY: replacing opcode 0x6e at 0x0006
I/dalvikvm( 4048): Could not find method android.view.View.hasNestedScrollingParent, referenced from method androidx.core.view.ViewCompat.hasNestedScrollingParent
W/dalvikvm( 4048): VFY: unable to resolve virtual method 2376: Landroid/view/View;.hasNestedScrollingParent ()Z
D/dalvikvm( 4048): VFY: replacing opcode 0x6e at 0x0006
I/dalvikvm( 4048): Could not find method android.view.View.isFocusedByDefault, referenced from method androidx.core.view.ViewCompat.isFocusedByDefault
W/dalvikvm( 4048): VFY: unable to resolve virtual method 2388: Landroid/view/View;.isFocusedByDefault ()Z
D/dalvikvm( 4048): VFY: replacing opcode 0x6e at 0x0006
I/dalvikvm( 4048): Could not find method android.view.View.isImportantForAutofill, referenced from method androidx.core.view.ViewCompat.isImportantForAutofill
W/dalvikvm( 4048): VFY: unable to resolve virtual method 2390: Landroid/view/View;.isImportantForAutofill ()Z
D/dalvikvm( 4048): VFY: replacing opcode 0x6e at 0x0006
I/dalvikvm( 4048): Could not find method android.view.View.isKeyboardNavigationCluster, referenced from method androidx.core.view.ViewCompat.isKeyboardNavigationCluster
W/dalvikvm( 4048): VFY: unable to resolve virtual method 2393: Landroid/view/View;.isKeyboardNavigationCluster ()Z
D/dalvikvm( 4048): VFY: replacing opcode 0x6e at 0x0006
I/dalvikvm( 4048): Could not find method android.view.View.isNestedScrollingEnabled, referenced from method androidx.core.view.ViewCompat.isNestedScrollingEnabled
W/dalvikvm( 4048): VFY: unable to resolve virtual method 2398: Landroid/view/View;.isNestedScrollingEnabled ()Z
D/dalvikvm( 4048): VFY: replacing opcode 0x6e at 0x0006
I/dalvikvm( 4048): Could not find method android.view.View.keyboardNavigationClusterSearch, referenced from method androidx.core.view.ViewCompat.keyboardNavigationClusterSearch
W/dalvikvm( 4048): VFY: unable to resolve virtual method 2405: Landroid/view/View;.keyboardNavigationClusterSearch (Landroid/view/View;I)Landroid/view/View;
D/dalvikvm( 4048): VFY: replacing opcode 0x6e at 0x0006
W/dalvikvm( 4048): VFY: unable to find class referenced in signature (Landroid/view/WindowInsets;)
I/dalvikvm( 4048): Could not find method android.view.View.onApplyWindowInsets, referenced from method androidx.core.view.ViewCompat.onApplyWindowInsets
W/dalvikvm( 4048): VFY: unable to resolve virtual method 2410: Landroid/view/View;.onApplyWindowInsets (Landroid/view/WindowInsets;)Landroid/view/WindowInsets;
D/dalvikvm( 4048): VFY: replacing opcode 0x6e at 0x000a
E/dalvikvm( 4048): Could not find class 'android.view.View$OnUnhandledKeyEventListener', referenced from method androidx.core.view.ViewCompat.removeOnUnhandledKeyEventListener
W/dalvikvm( 4048): VFY: unable to resolve check-cast 458 (Landroid/view/View$OnUnhandledKeyEventListener;) in Landroidx/core/view/ViewCompat;
D/dalvikvm( 4048): VFY: replacing opcode 0x1f at 0x0015
I/dalvikvm( 4048): Could not find method android.view.View.requestApplyInsets, referenced from method androidx.core.view.ViewCompat.requestApplyInsets
W/dalvikvm( 4048): VFY: unable to resolve virtual method 2444: Landroid/view/View;.requestApplyInsets ()V
D/dalvikvm( 4048): VFY: replacing opcode 0x6e at 0x0006
I/dalvikvm( 4048): Could not find method android.view.View.requireViewById, referenced from method androidx.core.view.ViewCompat.requireViewById
W/dalvikvm( 4048): VFY: unable to resolve virtual method 2450: Landroid/view/View;.requireViewById (I)Landroid/view/View;
D/dalvikvm( 4048): VFY: replacing opcode 0x6e at 0x0006
I/dalvikvm( 4048): Could not find method android.view.View.restoreDefaultFocus, referenced from method androidx.core.view.ViewCompat.restoreDefaultFocus
W/dalvikvm( 4048): VFY: unable to resolve virtual method 2452: Landroid/view/View;.restoreDefaultFocus ()Z
D/dalvikvm( 4048): VFY: replacing opcode 0x6e at 0x0006
I/dalvikvm( 4048): Could not find method android.view.View.setAutofillHints, referenced from method androidx.core.view.ViewCompat.setAutofillHints
W/dalvikvm( 4048): VFY: unable to resolve virtual method 2464: Landroid/view/View;.setAutofillHints ([Ljava/lang/String;)V
D/dalvikvm( 4048): VFY: replacing opcode 0x6e at 0x0006
I/dalvikvm( 4048): Could not find method android.view.View.setBackgroundTintList, referenced from method androidx.core.view.ViewCompat.setBackgroundTintList
W/dalvikvm( 4048): VFY: unable to resolve virtual method 2468: Landroid/view/View;.setBackgroundTintList (Landroid/content/res/ColorStateList;)V
D/dalvikvm( 4048): VFY: replacing opcode 0x6e at 0x0006
I/dalvikvm( 4048): Could not find method android.view.View.setBackgroundTintMode, referenced from method androidx.core.view.ViewCompat.setBackgroundTintMode
W/dalvikvm( 4048): VFY: unable to resolve virtual method 2469: Landroid/view/View;.setBackgroundTintMode (Landroid/graphics/PorterDuff$Mode;)V
D/dalvikvm( 4048): VFY: replacing opcode 0x6e at 0x0006
I/dalvikvm( 4048): Could not find method android.view.View.setElevation, referenced from method androidx.core.view.ViewCompat.setElevation
W/dalvikvm( 4048): VFY: unable to resolve virtual method 2473: Landroid/view/View;.setElevation (F)V
D/dalvikvm( 4048): VFY: replacing opcode 0x6e at 0x0006
I/dalvikvm( 4048): Could not find method android.view.View.setFocusedByDefault, referenced from method androidx.core.view.ViewCompat.setFocusedByDefault
W/dalvikvm( 4048): VFY: unable to resolve virtual method 2477: Landroid/view/View;.setFocusedByDefault (Z)V
D/dalvikvm( 4048): VFY: replacing opcode 0x6e at 0x0006
I/dalvikvm( 4048): Could not find method android.view.View.setImportantForAutofill, referenced from method androidx.core.view.ViewCompat.setImportantForAutofill
W/dalvikvm( 4048): VFY: unable to resolve virtual method 2481: Landroid/view/View;.setImportantForAutofill (I)V
D/dalvikvm( 4048): VFY: replacing opcode 0x6e at 0x0006
I/dalvikvm( 4048): Could not find method android.view.View.setKeyboardNavigationCluster, referenced from method androidx.core.view.ViewCompat.setKeyboardNavigationCluster
W/dalvikvm( 4048): VFY: unable to resolve virtual method 2482: Landroid/view/View;.setKeyboardNavigationCluster (Z)V
D/dalvikvm( 4048): VFY: replacing opcode 0x6e at 0x0006
I/dalvikvm( 4048): Could not find method android.view.View.setNestedScrollingEnabled, referenced from method androidx.core.view.ViewCompat.setNestedScrollingEnabled
W/dalvikvm( 4048): VFY: unable to resolve virtual method 2493: Landroid/view/View;.setNestedScrollingEnabled (Z)V
D/dalvikvm( 4048): VFY: replacing opcode 0x6e at 0x0006
I/dalvikvm( 4048): Could not find method android.view.View.setNextClusterForwardId, referenced from method androidx.core.view.ViewCompat.setNextClusterForwardId
W/dalvikvm( 4048): VFY: unable to resolve virtual method 2494: Landroid/view/View;.setNextClusterForwardId (I)V
D/dalvikvm( 4048): VFY: replacing opcode 0x6e at 0x0006
I/dalvikvm( 4048): Could not find method android.view.View.setOnApplyWindowInsetsListener, referenced from method androidx.core.view.ViewCompat.setOnApplyWindowInsetsListener
W/dalvikvm( 4048): VFY: unable to resolve virtual method 2495: Landroid/view/View;.setOnApplyWindowInsetsListener (Landroid/view/View$OnApplyWindowInsetsListener;)V
D/dalvikvm( 4048): VFY: replacing opcode 0x6e at 0x0009
I/dalvikvm( 4048): Failed resolving Landroidx/core/view/ViewCompat$a; interface 448 