W/dalvikvm( 3454): VFY: unable to resolve interface method 2867: Landroid/view/Window$Callback;.onSearchRequested (Landroid/view/SearchEvent;)Z
D/dalvikvm( 3454): VFY: replacing opcode 0x72 at 0x0002
I/dalvikvm( 3454): Could not find method android.view.Window$Callback.onWindowStartingActionMode, referenced from method androidx.appcompat.view.WindowCallbackWrapper.onWindowStartingActionMode
W/dalvikvm( 3454): VFY: unable to resolve interface method 2871: Landroid/view/Window$Callback;.onWindowStartingActionMode (Landroid/view/ActionMode$Callback;I)Landroid/view/ActionMode;
D/dalvikvm( 3454): VFY: replacing opcode 0x72 at 0x0002
I/dalvikvm( 3454): Could not find method android.content.res.TypedArray.getChangingConfigurations, referenced from method androidx.appcompat.widget.TintTypedArray.getChangingConfigurations
W/dalvikvm( 3454): VFY: unable to resolve virtual method 859: Landroid/content/res/TypedArray;.getChangingConfigurations ()I
D/dalvikvm( 3454): VFY: replacing opcode 0x6e at 0x0002
I/dalvikvm( 3454): Could not find method android.content.res.TypedArray.getType, referenced from method androidx.appcompat.widget.TintTypedArray.getType
W/dalvikvm( 3454): VFY: unable to resolve virtual method 881: Landroid/content/res/TypedArray;.getType (I)I
D/dalvikvm( 3454): VFY: replacing opcode 0x6e at 0x0008
I/dalvikvm( 3454): Could not find method android.content.Context.createDeviceProtectedStorageContext, referenced from method androidx.core.content.ContextCompat.createDeviceProtectedStorageContext
W/dalvikvm( 3454): VFY: unable to resolve virtual method 593: Landroid/content/Context;.createDeviceProtectedStorageContext ()Landroid/content/Context;
D/dalvikvm( 3454): VFY: replacing opcode 0x6e at 0x0006
I/dalvikvm( 3454): Could not find method android.content.Context.getCodeCacheDir, referenced from method androidx.core.content.ContextCompat.getCodeCacheDir
W/dalvikvm( 3454): VFY: unable to resolve virtual method 600: Landroid/content/Context;.getCodeCacheDir ()Ljava/io/File;
D/dalvikvm( 3454): VFY: replacing opcode 0x6e at 0x0006
I/dalvikvm( 3454): Could not find method android.content.Context.getColor, referenced from method androidx.core.content.ContextCompat.getColor
W/dalvikvm( 3454): VFY: unable to resolve virtual method 601: Landroid/content/Context;.getColor (I)I
D/dalvikvm( 3454): VFY: replacing opcode 0x6e at 0x0006
I/dalvikvm( 3454): Could not find method android.content.Context.getColorStateList, referenced from method androidx.core.content.ContextCompat.getColorStateList
W/dalvikvm( 3454): VFY: unable to resolve virtual method 602: Landroid/content/Context;.getColorStateList (I)Landroid/content/res/ColorStateList;
D/dalvikvm( 3454): VFY: replacing opcode 0x6e at 0x0006
I/dalvikvm( 3454): Could not find method android.content.Context.getDataDir, referenced from method androidx.core.content.ContextCompat.getDataDir
W/dalvikvm( 3454): VFY: unable to resolve virtual method 604: Landroid/content/Context;.getDataDir ()Ljava/io/File;
D/dalvikvm( 3454): VFY: replacing opcode 0x6e at 0x0006
I/dalvikvm( 3454): Could not find method android.content.Context.getDrawable, referenced from method androidx.core.content.ContextCompat.getDrawable
W/dalvikvm( 3454): VFY: unable to resolve virtual method 605: Landroid/content/Context;.getDrawable (I)Landroid/graphics/drawable/Drawable;
D/dalvikvm( 3454): VFY: replacing opcode 0x6e at 0x0006
I/dalvikvm( 3454): Could not find method android.content.Context.getMainExecutor, referenced from method androidx.core.content.ContextCompat.getMainExecutor
W/dalvikvm( 3454): VFY: unable to resolve virtual method 612: Landroid/content/Context;.getMainExecutor ()Ljava/util/concurrent/Executor;
D/dalvikvm( 3454): VFY: replacing opcode 0x6e at 0x0006
I/dalvikvm( 3454): Could not find method android.content.Context.getNoBackupFilesDir, referenced from method androidx.core.content.ContextCompat.getNoBackupFilesDir
W/dalvikvm( 3454): VFY: unable to resolve virtual method 614: Landroid/content/Context;.getNoBackupFilesDir ()Ljava/io/File;
D/dalvikvm( 3454): VFY: replacing opcode 0x6e at 0x0006
I/dalvikvm( 3454): Could not find method android.content.Context.getSystemService, referenced from method androidx.core.content.ContextCompat.getSystemService
W/dalvikvm( 3454): VFY: unable to resolve virtual method 623: Landroid/content/Context;.getSystemService (Ljava/lang/Class;)Ljava/lang/Object;
D/dalvikvm( 3454): VFY: replacing opcode 0x6e at 0x0006
I/dalvikvm( 3454): Could not find method android.content.Context.getSystemServiceName, referenced from method androidx.core.content.ContextCompat.getSystemServiceName
W/dalvikvm( 3454): VFY: unable to resolve virtual method 625: Landroid/content/Context;.getSystemServiceName (Ljava/lang/Class;)Ljava/lang/String;
D/dalvikvm( 3454): VFY: replacing opcode 0x6e at 0x0006
I/dalvikvm( 3454): Could not find method android.content.Context.isDeviceProtectedStorage, referenced from method androidx.core.content.ContextCompat.isDeviceProtectedStorage
W/dalvikvm( 3454): VFY: unable to resolve virtual method 628: Landroid/content/Context;.isDeviceProtectedStorage ()Z
D/dalvikvm( 3454): VFY: replacing opcode 0x6e at 0x0006
I/dalvikvm( 3454): Could not find method android.content.Context.startForegroundService, referenced from method androidx.core.content.ContextCompat.startForegroundService
W/dalvikvm( 3454): VFY: unable to resolve virtual method 644: Landroid/content/Context;.startForegroundService (Landroid/content/Intent;)Landroid/content/ComponentName;
D/dalvikvm( 3454): VFY: replacing opcode 0x6e at 0x0006
D/gralloc_ranchu( 1144): gralloc_alloc: Creating ashmem region of size 7753728
I/dalvikvm( 3454): Could not find method android.view.View.addKeyboardNavigationClusters, referenced from method androidx.core.view.ViewCompat.addKeyboardNavigationClusters
W/dalvikvm( 3454): VFY: unable to resolve virtual method 2250: Landroid/view/View;.addKeyboardNavigationClusters (Ljava/util/Collection;I)V
D/dalvikvm( 3454): VFY: replacing opcode 0x6e at 0x0006
I/dalvikvm( 3454): Failed resolving Landroidx/core/view/ViewCompat$b; interface 458 'Landroid/view/View$OnUnhandledKeyEventListener;'
W/dalvikvm( 3454): Link of class 'Landroidx/core/view/ViewCompat$b;' failed
E/dalvikvm( 3454): Could not find class 'androidx.core.view.ViewCompat$b', referenced from method androidx.core.view.ViewCompat.addOnUnhandledKeyEventListener
W/dalvikvm( 3454): VFY: unable to resolve new-instance 1502 (Landroidx/core/view/ViewCompat$b;) in Landroidx/core/view/ViewCompat;
D/dalvikvm( 3454): VFY: replacing opcode 0x22 at 0x0018
I/dalvikvm( 3454): Could not find method android.view.View.cancelDragAndDrop, referenced from method androidx.core.view.ViewCompat.cancelDragAndDrop
W/dalvikvm( 3454): VFY: unable to resolve virtual method 2259: Landroid/view/View;.cancelDragAndDrop ()V
D/dalvikvm( 3454): VFY: replacing opcode 0x6e at 0x0006
W/dalvikvm( 3454): VFY: unable to find class referenced in signature (Landroid/view/WindowInsets;)
I/dalvikvm( 3454): Could not find method android.view.View.dispatchApplyWindowInsets, referenced from method androidx.core.view.ViewCompat.dispatchApplyWindowInsets
W/dalvikvm( 3454): VFY: unable to resolve virtual method 2266: Landroid/view/View;.dispatchApplyWindowInsets (Landroid/view/WindowInsets;)Landroid/view/WindowInsets;
D/dalvikvm( 3454): VFY: replacing opcode 0x6e at 0x000a
I/dalvikvm( 3454): Could not find method android.view.View.dispatchNestedFling, referenced from method androidx.core.view.ViewCompat.dispatchNestedFling
W/dalvikvm( 3454): VFY: unable to resolve virtual method 2272: Landroid/view/View;.dispatchNestedFling (FFZ)Z
D/dalvikvm( 3454): VFY: replacing opcode 0x6e at 0x0006
I/dalvikvm( 3454): Could not find method android.view.View.dispatchNestedPreFling, referenced from method androidx.core.view.ViewCompat.dispatchNestedPreFling
W/dalvikvm( 3454): VFY: unable to resolve virtual method 2273: Landroid/view/View;.dispatchNestedPreFling (FF)Z
D/dalvikvm( 3454): VFY: replacing opcode 0x6e at 0x0006
I/dalvikvm( 3454): Could not find method android.view.View.dispatchNestedPreScroll, referenced from method androidx.core.view.ViewCompat.dispatchNestedPreScroll
W/dalvikvm( 3454): VFY: unable to resolve virtual method 2274: Landroid/view/View;.dispatchNestedPreScroll (II[I[I)Z
D/dalvikvm( 3454): VFY: replacing opcode 0x6e at 0x0006
I/dalvikvm( 3454): Could not find method android.view.View.dispatchNestedScroll, referenced from method androidx.core.view.ViewCompat.dispatchNestedScroll
W/dalvikvm( 3454): VFY: unable to resolve virtual method 2275: Landroid/view/View;.dispatchNestedScroll (IIII[I)Z
D/dalvikvm( 3454): VFY: replacing opcode 0x74 at 0x0006
I/dalvikvm( 3454): Could not find method android.view.View.getBackgroundTintList, referenced from method androidx.core.view.ViewCompat.getBackgroundTintList
W/dalvikvm( 3454): VFY: unable to resolve virtual method 2293: Landroid/view/View;.getBackgroundTintList ()Landroid/content/res/ColorStateList;
D/dalvikvm( 3454): VFY: replacing opcode 0x6e at 0x0006
I/dalvikvm( 3454): Could not find method android.view.View.getBackgroundTintMode, referenced from method androidx.core.view.ViewCompat.getBackgroundTintMode
W/dalvikvm( 3454): VFY: unable to resolve virtual method 2294: Landroid/view/View;.getBackgroundTintMode ()Landroid/graphics/PorterDuff$Mode;
D/dalvikvm( 3454): VFY: replacing opcode 0x6e at 0x0006
I/dalvikvm( 3454): Could not find method android.view.View.getElevation, referenced from method androidx.core.view.ViewCompat.getElevation
W/dalvikvm( 3454): VFY: unable to resolve virtual method 2304: Landroid/view/View;.getElevation ()F
D/dalvikvm( 3454): VFY: replacing opcode 0x6e at 0x0006
I/dalvikvm( 3454): Could not find method android.view.View.getImportantForAutofill, referenced from method androidx.core.view.ViewCompat.getImportantForAutofill
W/dalvikvm( 3454): VFY: unable to resolve virtual method 2311: Landroid/view/View;.getImportantForAutofill ()I
D/dalvikvm( 3454): VFY: replacing opcode 0x6e at 0x0006
I/dalvikvm( 3454): Could not find method android.view.View.getNextClusterForwardId, referenced from method androidx.core.view.ViewCompat.getNextClusterForwardId
W/dalvikvm( 3454): VFY: unable to resolve virtual method 2329: Landroid/view/View;.getNextClusterForwardId ()I
D/dalvikvm( 3454): VFY: replacing opcode 0x6e at 0x0006
I/dalvikvm( 3454): Could not find method android.view.View.getScrollIndicators, referenced from method androidx.core.view.ViewCompat.getScrollIndicators
W/dalvikvm( 3454): VFY: unable to resolve virtual method 2350: Landroid/view/View;.getScrollIndicators ()I
D/dalvikvm( 3454): VFY: replacing opcode 0x6e at 0x0006
I/dalvikvm( 3454): Could not find method android.view.View.getSystemGestureExclusionRects, referenced from method androidx.core.view.ViewCompat.getSystemGestureExclusionRects
W/dalvikvm( 3454): VFY: unable to resolve virtual method 2353: Landroid/view/View;.getSystemGestureExclusionRects ()Ljava/util/List;
D/dalvikvm( 3454): VFY: replacing opcode 0x6e at 0x0006
I/dalvikvm( 3454): Could not find method android.view.View.getTransitionName, referenced from method androidx.core.view.ViewCompat.getTransitionName
W/dalvikvm( 3454): VFY: unable to resolve virtual method 2358: Landroid/view/View;.getTransitionName ()Ljava/lang/String;
D/dalvikvm( 3454): VFY: replacing opcode 0x6e at 0x0006
I/dalvikvm( 3454): Could not find method android.view.View.getTranslationZ, referenced from method androidx.core.view.ViewCompat.getTranslationZ
W/dalvikvm( 3454): VFY: unable to resolve virtual method 2361: Landroid/view/View;.getTranslationZ ()F
D/dalvikvm( 3454): VFY: replacing opcode 0x6e at 0x0006
I/dalvikvm( 3454): Could not find method android.view.View.getZ, referenced from method androidx.core.view.ViewCompat.getZ
W/dalvikvm( 3454): VFY: unable to resolve virtual method 2372: Landroid/view/View;.getZ ()F
D/dalvikvm( 3454): VFY: replacing opcode 0x6e at 0x0006
I/dalvikvm( 3454): Could not find method android.view.View.hasExplicitFocusable, referenced from method androidx.core.view.ViewCompat.hasExplicitFocusable
W/dalvikvm( 3454): VFY: unable to resolve virtual method 2373: Landroid/view/View;.hasExplicitFocusable ()Z
D/dalvikvm( 3454): VFY: replacing opcode 0x6e at 0x0006
I/dalvikvm( 3454): Could not find method android.view.View.hasNestedScrollingParent, referenced from method androidx.core.view.ViewCompat.hasNestedScrollingParent
W/dalvikvm( 3454): VFY: unable to resolve virtual method 2376: Landroid/view/View;.hasNestedScrollingParent ()Z
D/dalvikvm( 3454): VFY: replacing opcode 0x6e at 0x0006
I/dalvikvm( 3454): Could not find method android.view.View.isFocusedByDefault, referenced from method androidx.core.view.ViewCompat.isFocusedByDefault
W/dalvikvm( 3454): VFY: unable to resolve virtual method 2388: Landroid/view/View;.isFocusedByDefault ()Z
D/dalvikvm( 3454): VFY: replacing opcode 0x6e at 0x0006
I/dalvikvm( 3454): Could not find method android.view.View.isImportantForAutofill, referenced from method androidx.core.view.ViewCompat.isImportantForAutofill
W/dalvikvm( 3454): VFY: unable to resolve virtual method 2390: Landroid/view/View;.isImportantForAutofill ()Z
D/dalvikvm( 3454): VFY: replacing opcode 0x6e at 0x0006
I/dalvikvm( 3454): Could not find method android.view.View.isKeyboardNavigationCluster, referenced from method androidx.core.view.ViewCompat.isKeyboardNavigationCluster
W/dalvikvm( 3454): VFY: unable to resolve virtual method 2393: Landroid/view/View;.isKeyboardNavigationCluster ()Z
D/dalvikvm( 3454): VFY: replacing opcode 0x6e at 0x0006
I/dalvikvm( 3454): Could not find method android.view.View.isNestedScrollingEnabled, referenced from method androidx.core.view.ViewCompat.isNestedScrollingEnabled
W/dalvikvm( 3454): VFY: unable to resolve virtual method 2398: Landroid/view/View;.isNestedScrollingEnabled ()Z
D/dalvikvm( 3454): VFY: replacing opcode 0x6e at 0x0006
I/dalvikvm( 3454): Could not find method android.view.View.keyboardNavigationClusterSearch, referenced from method androidx.core.view.ViewCompat.keyboardNavigationClusterSearch
W/dalvikvm( 3454): VFY: unable to resolve virtual method 2405: Landroid/view/View;.keyboardNavigationClusterSearch (Landroid/view/View;I)Landroid/view/View;
D/dalvikvm( 3454): VFY: replacing opcode 0x6e at 0x0006
W/dalvikvm( 3454): VFY: unable to find class referenced in signature (Landroid/view/WindowInsets;)
I/dalvikvm( 3454): Could not find method android.view.View.onApplyWindowInsets, referenced from method androidx.core.view.ViewCompat.onApplyWindowInsets
W/dalvikvm( 3454): VFY: unable to resolve virtual method 2410: Landroid/view/View;.onApplyWindowInsets (Landroid/view/WindowInsets;)Landroid/view/WindowInsets;
D/dalvikvm( 3454): VFY: replacing opcode 0x6e at 0x000a
E/dalvikvm( 3454): Could not find class 'android.view.View$OnUnhandledKeyEventListener', referenced from method androidx.core.view.ViewCompat.removeOnUnhandledKeyEventListener
W/dalvikvm( 3454): VFY: unable to resolve check-cast 458 (Landroid/view/View$OnUnhandledKeyEventListener;) in Landroidx/core/view/ViewCompat;
D/dalvikvm( 3454): VFY: replacing opcode 0x1f at 0x0015
I/dalvikvm( 3454): Could not find method android.view.View.requestApplyInsets, referenced from method androidx.core.view.ViewCompat.requestApplyInsets
W/dalvikvm( 3454): VFY: unable to resolve virtual method 2444: Landroid/view/View;.requestApplyInsets ()V
D/dalvikvm( 3454): VFY: replacing opcode 0x6e at 0x0006
I/dalvikvm( 3454): Could not find method android.view.View.requireViewById, referenced from method androidx.core.view.ViewCompat.requireViewById
W/dalvikvm( 3454): VFY: unable to resolve virtual method 2450: Landroid/view/View;.requireViewById (I)Landroid/view/View;
D/dalvikvm( 3454): VFY: replacing opcode 0x6e at 0x0006
I/dalvikvm( 3454): Could not find method android.view.View.restoreDefaultFocus, referenced from method androidx.core.view.ViewCompat.restoreDefaultFocus
W/dalvikvm( 3454): VFY: unable to resolve virtual method 2452: Landroid/view/View;.restoreDefaultFocus ()Z
D/dalvikvm( 3454): VFY: replacing opcode 0x6e at 0x0006
I/dalvikvm( 3454): Could not find method android.view.View.setAutofillHints, referenced from method androidx.core.view.ViewCompat.setAutofillHints
W/dalvikvm( 3454): VFY: unable to resolve virtual method 2464: Landroid/view/View;.setAutofillHints ([Ljava/lang/String;)V
D/dalvikvm( 3454): VFY: replacing opcode 0x6e at 0x0006
I/dalvikvm( 3454): Could not find method android.view.View.setBackgroundTintList, referenced from method androidx.core.view.ViewCompat.setBackgroundTintList
W/dalvikvm( 3454): VFY: unable to resolve virtual method 2468: Landroid/view/View;.setBackgroundTintList (Landroid/content/res/ColorStateList;)V
D/dalvikvm( 3454): VFY: replacing opcode 0x6e at 0x0006
I/dalvikvm( 3454): Could not find method android.view.View.setBackgroundTintMode, referenced from method androidx.core.view.ViewCompat.setBackgroundTintMode
W/dalvikvm( 3454): VFY: unable to resolve virtual method 2469: Landroid/view/View;.setBackgroundTintMode (Landroid/graphics/PorterDuff$Mode;)V
D/dalvikvm( 3454): VFY: replacing opcode 0x6e at 0x0006
I/dalvikvm( 3454): Could not find method android.view.View.setElevation, referenced from method androidx.core.view.ViewCompat.setElevation
W/dalvikvm( 3454): VFY: unable to resolve virtual method 2473: Landroid/view/View;.setElevation (F)V
D/dalvikvm( 3454): VFY: replacing opcode 0x6e at 0x0006
I/dalvikvm( 3454): Could not find method android.view.View.setFocusedByDefault, referenced from method androidx.core.view.ViewCompat.setFocusedByDefault
W/dalvikvm( 3454): VFY: unable to resolve virtual method 2477: Landroid/view/View;.setFocusedByDefault (Z)V
D/dalvikvm( 3454): VFY: replacing opcode 0x6e at 0x0006
I/dalvikvm( 3454): Could not find method android.view.View.setImportantForAutofill, referenced from method androidx.core.view.ViewCompat.setImportantForAutofill
W/dalvikvm( 3454): VFY: unable to resolve virtual method 2481: Landroid/view/View;.setImportantForAutofill (I)V
D/dalvikvm( 3454): VFY: replacing opcode 0x6e at 0x0006
I/dalvikvm( 3454): Could not find method android.view.View.setKeyboardNavigationCluster, referenced from method androidx.core.view.ViewCompat.setKeyboardNavigationCluster
W/dalvikvm( 3454): VFY: unable to resolve virtual method 2482: Landroid/view/View;.setKeyboardNavigationCluster (Z)V
D/dalvikvm( 3454): VFY: replacing opcode 0x6e at 0x0006
I/dalvikvm( 3454): Could not find method android.view.View.setNestedScrollingEnabled, referenced from method androidx.core.view.ViewCompat.setNestedScrollingEnabled
W/dalvikvm( 3454): VFY: unable to resolve virtual method 2493: Landroid/view/View;.setNestedScrollingEnabled (Z)V
D/dalvikvm( 3454): VFY: replacing opcode 0x6e at 0x0006
I/dalvikvm( 3454): Could not find method android.view.View.setNextClusterForwardId, referenced from method androidx.core.view.ViewCompat.setNextClusterForwardId
W/dalvikvm( 3454): VFY: unable to resolve virtual method 2494: Landroid/view/View;.setNextClusterForwardId (I)V
D/dalvikvm( 3454): VFY: replacing opcode 0x6e at 0x0006
I/dalvikvm( 3454): Could not find method android.view.View.setOnApplyWindowInsetsListener, referenced from method androidx.core.view.ViewCompat.setOnApplyWindowInsetsListener
W/dalvikvm( 3454): VFY: unable to resolve virtual method 2495: Landroid/view/View;.setOnApplyWindowInsetsListener (Landroid/view/View$OnApplyWindowInsetsListener;)V
D/dalvikvm( 3454): VFY: replacing opcode 0x6e at 0x0009
I/dalvikvm( 3454): Failed resolving Landroidx/core/view/ViewCompat$a; interface 448 'Landroid/view/View$OnApplyWindowInsetsListener;'
W/dalvikvm( 3454): Link of class 'Landroidx/core/view/ViewCompat$a;' failed
D/dalvikvm( 3454): GC_FOR_ALLOC freed 318K, 14% free 3188K/3692K, paused 8ms, total 8ms
E/dalvikvm( 3454): Could not find class 'androidx.core.view.ViewCompat$a', referenced from method androidx.core.view.ViewCompat.setOnApplyWindowInsetsListener
W/dalvikvm( 3454): VFY: unable to resolve new-instance 1501 (Landroidx/core/view/ViewCompat$a;) in Landroidx/core/view/ViewCompat;
D/dalvikvm( 3454): VFY: replacing opcode 0x22 at 0x000d
I/dalvikvm( 3454): Could not find method android.view.View.setPointerIcon, referenced from method androidx.core.view.ViewCompat.setPointerIcon
W/dalvikvm( 3454): VFY: unable to resolve virtual method 2507: Landroid/view/View;.setPointerIcon (Landroid/view/PointerIcon;)V
D/dalvikvm( 3454): VFY: replacing opcode 0x6e at 0x0010
I/dalvikvm( 3454): Could not find method android.view.View.setScrollIndicators, referenced from method androidx.core.view.ViewCompat.setScrollIndicators
W/dalvikvm( 3454): VFY: unable to resolve virtual method 2516: Landroid/view/View;.setScrollIndicators (I)V
D/dalvikvm( 3454): VFY: replacing opcode 0x6e at 0x0006
I/dalvikvm( 3454): Could not find method android.view.View.setScrollIndicators, referenced from method androidx.core.view.ViewCompat.setScrollIndicators
W/dalvikvm( 3454): VFY: unable to resolve virtual method 2517: Landroid/view/View;.setScrollIndicators (II)V
D/dalvikvm( 3454): VFY: replacing opcode 0x6e at 0x0006
I/dalvikvm( 3454): Could not find method android.view.View.setSystemGestureExclusionRects, referenced from method androidx.core.view.ViewCompat.setSystemGestureExclusionRects
W/dalvikvm( 3454): VFY: unable to resolve virtual method 2522: Landroid/view/View;.setSystemGestureExclusionRects (Ljava/util/List;)V
D/dalvikvm( 3454): VFY: replacing opcode 0x6e at 0x0006
I/dalvikvm( 3454): Could not find method android.view.View.setTooltipText, referenced from method androidx.core.view.ViewCompat.setTooltipText
W/dalvikvm( 3454): VFY: unable to resolve virtual method 2526: Landroid/view/View;.setTooltipText (Ljava/lang/CharSequence;)V
D/dalvikvm( 3454): VFY: replacing opcode 0x6e at 0x0006
I/dalvikvm( 3454): Could not find method android.view.View.setTransitionName, referenced from method androidx.core.view.ViewCompat.setTransitionName
W/dalvikvm( 3454): VFY: unable to resolve virtual method 2528: Landroid/view/View;.setTransitionName (Ljava/lang/String;)V
D/dalvikvm( 3454): VFY: replacing opcode 0x6e at 0x0006
I/dalvikvm( 3454): Could not find method android.view.View.setTranslationZ, referenced from method androidx.core.view.ViewCompat.setTranslationZ
W/dalvikvm( 3454): VFY: unable to resolve virtual method 2532: Landroid/view/View;.setTranslationZ (F)V
D/dalvikvm( 3454): VFY: replacing opcode 0x6e at 0x0006
I/dalvikvm( 3454): Could not find method android.view.View.setZ, referenced from method androidx.core.view.ViewCompat.setZ
W/dalvikvm( 3454): VFY: unable to resolve virtual method 2537: Landroid/view/View;.setZ (F)V
D/dalvikvm( 3454): VFY: replacing opcode 0x6e at 0x0006
I/dalvikvm( 3454): Could not find method android.view.View.startDragAndDrop, referenced from method androidx.core.view.ViewCompat.startDragAndDrop
W/dalvikvm( 3454): VFY: unable to resolve virtual method 2540: Landroid/view/View;.startDragAndDrop (Landroid/content/ClipData;Landroid/view/View$DragShadowBuilder;Ljava/lang/Object;I)Z
D/dalvikvm( 3454): VFY: replacing opcode 0x6e at 0x0006
I/dalvikvm( 3454): Could not find method android.view.View.startNestedScroll, referenced from method androidx.core.view.ViewCompat.startNestedScroll
W/dalvikvm( 3454): VFY: unable to resolve virtual method 2541: Landroid/view/View;.startNestedScroll (I)Z
D/dalvikvm( 3454): VFY: replacing opcode 0x6e at 0x0006
I/dalvikvm( 3454): Could not find method android.view.View.stopNestedScroll, referenced from method androidx.core.view.ViewCompat.stopNestedScroll
W/dalvikvm( 3454): VFY: unable to resolve virtual method 2542: Landroid/view/View;.stopNestedScroll ()V
D/dalvikvm( 3454): VFY: replacing opcode 0x6e at 0x0006
I/dalvikvm( 3454): Could not find method android.view.View.updateDragShadow, referenced from method androidx.core.view.ViewCompat.updateDragShadow
W/dalvikvm( 3454): VFY: unable to resolve virtual method 2545: Landroid/view/View;.updateDragShadow (Landroid/view/View$DragShadowBuilder;)V
D/dalvikvm( 3454): VFY: replacing opcode 0x6e at 0x0006
I/dalvikvm( 3454): Failed resolving Landroidx/core/view/ViewCompat$b; interface 458 'Landroid/view/View$OnUnhandledKeyEventListener;'
W/dalvikvm( 3454): Link of class 'Landroidx/core/view/ViewCompat$b;' failed
D/dalvikvm( 3454): DexOpt: unable to opt direct call 0x2d17 at 0x1a in Landroidx/core/view/ViewCompat;.addOnUnhandledKeyEventListener
D/dalvikvm( 3454): DexOpt: unable to opt direct call 0x0b52 at 0x16 in Landroidx/core/view/ViewCompat;.dispatchApplyWindowInsets
D/dalvikvm( 3454): DexOpt: unable to opt direct call 0x0b52 at 0x16 in Landroidx/core/view/ViewCompat;.onApplyWindowInsets
I/dalvikvm( 3454): Failed resolving Landroidx/core/view/ViewCompat$a; interface 448 'Landroid/view/View$OnApplyWindowInsetsListener;'
W/dalvikvm( 3454): Link of class 'Landroidx/core/view/ViewCompat$a;' failed
D/dalvikvm( 3454): DexOpt: unable to opt direct call 0x2d15 at 0x0f in Landroidx/core/view/ViewCompat;.setOnApplyWindowInsetsListener
I/dalvikvm( 3454): Could not find method android.content.res.Resources.getDrawable, referenced from method androidx.appcompat.widget.m.getDrawable
W/dalvikvm( 3454): VFY: unable to resolve virtual method 822: Landroid/content/res/Resources;.getDrawable (ILandroid/content/res/Resources$Theme;)Landroid/graphics/drawable/Drawable;
D/dalvikvm( 3454): VFY: replacing opcode 0x6e at 0x0002
I/dalvikvm( 3454): Could not find method android.content.res.Resources.getDrawableForDensity, referenced from method androidx.appcompat.widget.m.getDrawableForDensity
W/dalvikvm( 3454): VFY: unable to resolve virtual method 824: Landroid/content/res/Resources;.getDrawableForDensity (IILandroid/content/res/Resources$Theme;)Landroid/graphics/drawable/Drawable;
D/dalvikvm( 3454): VFY: replacing opcode 0x6e at 0x0002
D/dalvikvm( 3454): GC_FOR_ALLOC freed 59K, 14% free 3193K/3692K, paused 2ms, total 2ms
I/dalvikvm-heap( 3454): Grow heap (frag case) to 10.189MB for 7225356-byte allocation
D/dalvikvm( 3454): GC_FOR_ALLOC freed <1K, 5% free 10249K/10752K, paused 5ms, total 5ms
E/dalvikvm( 3454): Could not find class 'android.graphics.drawable.RippleDrawable', referenced from method androidx.appcompat.widget.AppCompatImageHelper.e
W/dalvikvm( 3454): VFY: unable to resolve instanceof 224 (Landroid/graphics/drawable/RippleDrawable;) in Landroidx/appcompat/widget/AppCompatImageHelper;
D/dalvikvm( 3454): VFY: replacing opcode 0x20 at 0x000c
I/dalvikvm( 3454): Could not find method android.widget.TextView.getAutoSizeMaxTextSize, referenced from method androidx.appcompat.widget.AppCompatTextView.getAutoSizeMaxTextSize
W/dalvikvm( 3454): VFY: unable to resolve virtual method 4453: Landroid/widget/TextView;.getAutoSizeMaxTextSize ()I
D/dalvikvm( 3454): VFY: replacing opcode 0x6f at 0x0004
I/dalvikvm( 3454): Could not find method android.widget.TextView.getAutoSizeMinTextSize, referenced from method androidx.appcompat.widget.AppCompatTextView.getAutoSizeMinTextSize
W/dalvikvm( 3454): VFY: unable to resolve virtual method 4454: Landroid/widget/TextView;.getAutoSizeMinTextSize ()I
D/dalvikvm( 3454): VFY: replacing opcode 0x6f at 0x0004
I/dalvikvm( 3454): Could not find method android.widget.TextView.getAutoSizeStepGranularity, referenced from method androidx.appcompat.widget.AppCompatTextView.getAutoSizeStepGranularity
W/dalvikvm( 3454): VFY: unable to resolve virtual method 4455: Landroid/widget/TextView;.getAutoSizeStepGranularity ()I
D/dalvikvm( 3454): VFY: replacing opcode 0x6f at 0x0004
I/dalvikvm( 3454): Could not find method android.widget.TextView.getAutoSizeTextAvailableSizes, referenced from method androidx.appcompat.widget.AppCompatTextView.getAutoSizeTextAvailableSizes
W/dalvikvm( 3454): VFY: unable to resolve virtual method 4456: Landroid/widget/TextView;.getAutoSizeTextAvailableSizes ()[I
D/dalvikvm( 3454): VFY: replacing opcode 0x6f at 0x0004
I/dalvikvm( 3454): Could not find method android.widget.TextView.getAutoSizeTextType, referenced from method androidx.appcompat.widget.AppCompatTextView.getAutoSizeTextType
W/dalvikvm( 3454): VFY: unable to resolve virtual method 4457: Landroid/widget/TextView;.getAutoSizeTextType ()I
D/dalvikvm( 3454): VFY: replacing opcode 0x6f at 0x0005
I/dalvikvm( 3454): Could not find method android.widget.TextView.getTextClassifier, referenced from method androidx.appcompat.widget.AppCompatTextView.getTextClassifier
W/dalvikvm( 3454): VFY: unable to resolve virtual method 4496: Landroid/widget/TextView;.getTextClassifier ()Landroid/view/textclassifier/TextClassifier;
D/dalvikvm( 3454): VFY: replacing opcode 0x6f at 0x0010
W/dalvikvm( 3454): VFY: unable to find class referenced in signature (Landroid/view/textclassifier/TextClassifier;)
W/dalvikvm( 3454): VFY: unable to find class referenced in signature (Landroid/view/textclassifier/TextClassifier;)
I/dalvikvm( 3454): Could not find method android.widget.TextView.setAutoSizeTextTypeUniformWithConfiguration, referenced from method androidx.appcompat.widget.AppCompatTextView.setAutoSizeTextTypeUniformWithConfiguration
W/dalvikvm( 3454): VFY: unable to resolve virtual method 4527: Landroid/widget/TextView;.setAutoSizeTextTypeUniformWithConfiguration (IIII)V
D/dalvikvm( 3454): VFY: replacing opcode 0x6f at 0x0004
I/dalvikvm( 3454): Could not find method android.widget.TextView.setAutoSizeTextTypeUniformWithPresetSizes, referenced from method androidx.appcompat.widget.AppCompatTextView.setAutoSizeTextTypeUniformWithPresetSizes
W/dalvikvm( 3454): VFY: unable to resolve virtual method 4528: Landroid/widget/TextView;.setAutoSizeTextTypeUniformWithPresetSizes ([II)V
D/dalvikvm( 3454): VFY: replacing opcode 0x6f at 0x0004
I/dalvikvm( 3454): Could not find method android.widget.TextView.setAutoSizeTextTypeWithDefaults, referenced from method androidx.appcompat.widget.AppCompatTextView.setAutoSizeTextTypeWithDefaults
W/dalvikvm( 3454): VFY: unable to resolve virtual method 4529: Landroid/widget/TextView;.setAutoSizeTextTypeWithDefaults (I)V
D/dalvikvm( 3454): VFY: replacing opcode 0x6f at 0x0004
I/dalvikvm( 3454): Could not find method android.widget.TextView.setFirstBaselineToTopHeight, referenced from method androidx.appcompat.widget.AppCompatTextView.setFirstBaselineToTopHeight
W/dalvikvm( 3454): VFY: unable to resolve virtual method 4546: Landroid/widget/TextView;.setFirstBaselineToTopHeight (I)V
D/dalvikvm( 3454): VFY: replacing opcode 0x6f at 0x0006
I/dalvikvm( 3454): Could not find method android.widget.TextView.setLastBaselineToBottomHeight, referenced from method androidx.appcompat.widget.AppCompatTextView.setLastBaselineToBottomHeight
W/dalvikvm( 3454): VFY: unable to resolve virtual method 4553: Landroid/widget/TextView;.setLastBaselineToBottomHeight (I)V
D/dalvikvm( 3454): VFY: replacing opcode 0x6f at 0x0006
W/dalvikvm( 3454): VFY: unable to find class referenced in signature (Landroid/view/textclassifier/TextClassifier;)
I/dalvikvm( 3454): Could not find method android.widget.TextView.setTextClassifier, referenced from method androidx.appcompat.widget.AppCompatTextView.setTextClassifier
W/dalvikvm( 3454): VFY: unable to resolve virtual method 4576: Landroid/widget/TextView;.setTextClassifier (Landroid/view/textclassifier/TextClassifier;)V
D/dalvikvm( 3454): VFY: replacing opcode 0x6f at 0x000f
W/dalvikvm( 3454): VFY: unable to find class referenced in signature (Landroid/view/textclassifier/TextClassifier;)
I/dalvikvm( 3454): Could not find method android.graphics.Typeface.create, referenced from method androidx.appcompat.widget.j.C
W/dalvikvm( 3454): VFY: unable to resolve static method 1207: Landroid/graphics/Typeface;.create (Landroid/graphics/Typeface;IZ)Landroid/graphics/Typeface;
D/dalvikvm( 3454): VFY: replacing opcode 0x71 at 0x0091
I/dalvikvm( 3454): Could not find method android.graphics.Typeface.create, referenced from method androidx.appcompat.widget.j.C
W/dalvikvm( 3454): VFY: unable to resolve static method 1207: Landroid/graphics/Typeface;.create (Landroid/graphics/Typeface;IZ)Landroid/graphics/Typeface;
D/dalvikvm( 3454): VFY: replacing opcode 0x71 at 0x00c1
I/dalvikvm( 3454): Could not find method android.widget.TextView.setFontVariationSettings, referenced from method androidx.appcompat.widget.j.m
W/dalvikvm( 3454): VFY: unable to resolve virtual method 4548: Landroid/widget/TextView;.setFontVariationSettings (Ljava/lang/String;)Z
D/dalvikvm( 3454): VFY: replacing opcode 0x6e at 0x01d4
I/dalvikvm( 3454): Could not find method android.os.LocaleList.forLanguageTags, referenced from method androidx.appcompat.widget.j.m
W/dalvikvm( 3454): VFY: unable to resolve static method 1557: Landroid/os/LocaleList;.forLanguageTags (Ljava/lang/String;)Landroid/os/LocaleList;
D/dalvikvm( 3454): VFY: replacing opcode 0x71 at 0x01df
I/dalvikvm( 3454): Could not find method java.util.Locale.forLanguageTag, referenced from method androidx.appcompat.widget.j.m
W/dalvikvm( 3454): VFY: unable to resolve static method 25351: Ljava/util/Locale;.forLanguageTag (Ljava/lang/String;)Ljava/util/Locale;
D/dalvikvm( 3454): VFY: replacing opcode 0x71 at 0x01f8
I/dalvikvm( 3454): Could not find method android.widget.TextView.getAutoSizeStepGranularity, referenced from method androidx.appcompat.widget.j.m
W/dalvikvm( 3454): VFY: unable to resolve virtual method 4455: Landroid/widget/TextView;.getAutoSizeStepGranularity ()I
D/dalvikvm( 3454): VFY: replacing opcode 0x6e at 0x021d
I/dalvikvm( 3454): Could not find method android.widget.TextView.setFontVariationSettings, referenced from method androidx.appcompat.widget.j.p
W/dalvikvm( 3454): VFY: unable to resolve virtual method 4548: Landroid/widget/TextView;.setFontVariationSettings (Ljava/lang/String;)Z
D/dalvikvm( 3454): VFY: replacing opcode 0x6e at 0x005b
I/dalvikvm( 3454): Could not find method android.text.StaticLayout$Builder.obtain, referenced from method androidx.appcompat.widget.k.f
W/dalvikvm( 3454): VFY: unable to resolve static method 1796: Landroid/text/StaticLayout$Builder;.obtain (Ljava/lang/CharSequence;IILandroid/text/TextPaint;I)Landroid/text/StaticLayout$Builder;
D/dalvikvm( 3454): VFY: replacing opcode 0x71 at 0x0007
I/dalvikvm( 3454): Could not find method android.widget.TextView.isHorizontallyScrollable, referenced from method androidx.appcompat.widget.k.b
W/dalvikvm( 3454): VFY: unable to resolve virtual method 4511: Landroid/widget/TextView;.isHorizontallyScrollable ()Z
D/dalvikvm( 3454): VFY: replacing opcode 0x6e at 0x0025
I/dalvikvm( 3454): Could not find method android.content.Context.getColorStateList, referenced from method androidx.appcompat.content.res.AppCompatResources.getColorStateList
W/dalvikvm( 3454): VFY: unable to resolve virtual method 602: Landroid/content/Context;.getColorStateList (I)Landroid/content/res/ColorStateList;
D/dalvikvm( 3454): VFY: replacing opcode 0x6e at 0x0006
E/dalvikvm( 3454): Could not find class 'android.view.textclassifier.TextClassificationManager', referenced from method androidx.appcompat.widget.i.a
W/dalvikvm( 3454): VFY: unable to resolve const-class 523 (Landroid/view/textclassifier/TextClassificationManager;) in Landroidx/appcompat/widget/i;
D/dalvikvm( 3454): VFY: replacing opcode 0x1c at 0x000a
W/dalvikvm( 3454): VFY: unable to find class referenced in signature (Landroid/view/textclassifier/TextClassifier;)
W/dalvikvm( 3454): VFY: unable to find class referenced in signature (Landroid/view/textclassifier/TextClassifier;)
D/        ( 3454): HostConnection::get() New Host Connection established 0xb914ba20, tid 3454
D/EGL_emulation( 3454): eglCreateContext: 0xb9158e80: maj 3 min 0 rcv 3
D/EGL_emulation( 3454): eglMakeCurrent: 0xb9158e80: ver 3 0
E/eglCodecCommon( 3454): glUtilsParamSize: unknow param 0x00008cdf
E/eglCodecCommon( 3454): glUtilsParamSize: unknow param 0x00008824
E/EGL_emulation( 3454): tid 3454: eglSurfaceAttrib(1199): error 0x3009 (EGL_BAD_MATCH)
W/HardwareRenderer( 3454): Backbuffer cannot be preserved
D/OpenGLRenderer( 3454): Enabling debug mode 0
E/dalvikvm( 3454): Could not find class 'android.support.v4.app.FragmentActivity', referenced from method a.a.a.ag.c
W/dalvikvm( 3454): VFY: unable to resolve check-cast 122 (Landroid/support/v4/app/FragmentActivity;) in La/a/a/ag;
D/dalvikvm( 3454): VFY: replacing opcode 0x1f at 0x0008
I/dalvikvm( 3454): Could not find method android.support.v4.app.FragmentActivity.getSupportFragmentManager, referenced from method a.a.a.ag.c
W/dalvikvm( 3454): VFY: unable to resolve virtual method 750: Landroid/support/v4/app/FragmentActivity;.getSupportFragmentManager ()Landroid/support/v4/app/FragmentManager;
D/dalvikvm( 3454): VFY: replacing opcode 0x6e at 0x000e
I/dalvikvm( 3454): Could not find method android.support.v4.app.FragmentActivity.getSupportFragmentManager, referenced from method a.a.a.ag.c
W/dalvikvm( 3454): VFY: unable to resolve virtual method 750: Landroid/support/v4/app/FragmentActivity;.getSupportFragmentManager ()Landroid/support/v4/app/FragmentManager;
D/dalvikvm( 3454): VFY: replacing opcode 0x6e at 0x001a
W/dalvikvm( 3454): VFY: unable to find class referenced in signature (Landroid/support/v4/app/Fragment;)
W/dalvikvm( 3454): VFY: unable to find class referenced in signature (Landroid/support/v4/app/Fragment;)
I/ActivityManager( 1568): Displayed com.mikifus.padland/.SplashActivity: +476ms
D/EGL_emulation( 1988): eglMakeCurrent: 0xb9198580: ver 3 0
I/ActivityManager( 1568): START u0 {cmp=com.mikifus.padland/.IntroActivity} from pid 3454
I/dalvikvm( 3454): Could not find method android.view.Window.setNavigationBarColor, referenced from method com.github.paolorotolo.appintro.AppIntroBase.setNavBarColor
W/dalvikvm( 3454): VFY: unable to resolve virtual method 2892: Landroid/view/Window;.setNavigationBarColor (I)V
D/dalvikvm( 3454): VFY: replacing opcode 0x6e at 0x000e
I/dalvikvm( 3454): Could not find method android.view.Window.setNavigationBarColor, referenced from method com.github.paolorotolo.appintro.AppIntroBase.setNavBarColor
W/dalvikvm( 3454): VFY: unable to resolve virtual method 2892: Landroid/view/Window;.setNavigationBarColor (I)V
D/dalvikvm( 3454): VFY: replacing opcode 0x6e at 0x000e
D/dalvikvm( 3454): GC_FOR_ALLOC freed 235K, 4% free 10507K/10928K, paused 2ms, total 2ms
I/dalvikvm-heap( 3454): Grow heap (frag case) to 12.291MB for 1939932-byte allocation
D/dalvikvm( 3454): GC_FOR_ALLOC freed 2K, 4% free 12399K/12824K, paused 4ms, total 4ms
I/dalvikvm( 3454): Could not find method android.app.Activity.requestPermissions, referenced from method com.github.paolorotolo.appintro.AppIntroBase$NextButtonOnClickListener.onClick
W/dalvikvm( 3454): VFY: unable to resolve virtual method 207: Landroid/app/Activity;.requestPermissions ([Ljava/lang/String;I)V
D/dalvikvm( 3454): VFY: replacing opcode 0x6e at 0x0054
D/dalvikvm( 3454): GC_FOR_ALLOC freed 181K, 3% free 12554K/12924K, paused 1ms, total 1ms
I/dalvikvm-heap( 3454): Grow heap (frag case) to 40.656MB for 29586072-byte allocation
D/dalvikvm( 3454): GC_FOR_ALLOC freed 1K, 1% free 41446K/41820K, paused 5ms, total 5ms
D/dalvikvm( 3454): GC_FOR_ALLOC freed 25K, 1% free 41440K/41820K, paused 1ms, total 2ms
I/dalvikvm-heap( 3454): Grow heap (frag case) to 43.785MB for 3288324-byte allocation
D/dalvikvm( 3454): GC_FOR_ALLOC freed 1K, 1% free 44651K/45032K, paused 3ms, total 3ms
D/EGL_emulation( 3454): eglMakeCurrent: 0xb9158e80: ver 3 0
E/EGL_emulation( 3454): tid 3454: eglSurfaceAttrib(1199): error 0x3009 (EGL_BAD_MATCH)
W/HardwareRenderer( 3454): Backbuffer cannot be preserved
I/AndroidRipper( 3454): [RipperTestCase] Ready to operate after restarting...
I/ActivityManager( 1568): Displayed com.mikifus.padland/.IntroActivity: +473ms
I/Vision  ( 2085): Requesting optional module download of ocr.
I/Vision  ( 2085): Checking for download completion for 119409 -- ocr
I/Vision  ( 2085): Requesting optional module download of ocr.
I/Vision  ( 2085): Checking for download completion for 129423 -- ocr
I/ContentMaintenance( 2085): Internal cache bytes used: 0; limit: 39526809; download size: 0
I/RealtimeCacheCleanup( 2085): Beginning Realtime garbage collection.
I/RealtimeCacheCleanup( 2085): Finished Realtime garbage collection.
V/RipperService( 3044): PING
V/AndroidRipperService( 3044): mHandler.handleMessage() RECIVED
V/AndroidRipperService( 3044): broadcast()
I/AndroidRipper( 3454): Recived message: PING
V/AndroidRipperService( 3044): send()
V/AndroidRipperService( 3044): broadcast() done
V/        ( 3044): ready
D/dalvikvm( 1568): GC_FOR_ALLOC freed 864K, 40% free 9190K/15260K, paused 10ms, total 10ms
V/RipperService( 3044): PING
V/AndroidRipperService( 3044): mHandler.handleMessage() RECIVED
V/AndroidRipperService( 3044): broadcast()
V/AndroidRipperService( 3044): broadcast() done
V/        ( 3044): ready
I/AndroidRipper( 3454): Recived message: PING
V/AndroidRipperService( 3044): send()
V/RipperService( 3044): DSC
V/AndroidRipperService( 3044): mHandler.handleMessage() RECIVED
V/AndroidRipperService( 3044): broadcast()
I/AndroidRipper( 3454): Recived message: DSC
V/AndroidRipperService( 3044): broadcast() done
V/        ( 3044): ready
I/AndroidRipper( 3454): [b] Found widget: id=-1 (android.widget.LinearLayout{9d080e18 V.E..... ......I. 0,0-1080,1794})
I/AndroidRipper( 3454): [b] Found widget: id=16909070 (android.view.ViewStub{9d0effd8 G.E..... ......I. 0,0-0,0 #102030e})
I/AndroidRipper( 3454): [b] Found widget: id=-1 (android.widget.FrameLayout{9d0f02b0 V.E..... ......I. 0,66-1080,1794})
I/AndroidRipper( 3454): [b] Found widget: id=2131296302 (androidx.appcompat.widget.FitWindowsLinearLayout{9d7dc9e0 V.E..... ......I. 0,0-1080,1728 #7f09002e app:id/action_bar_root})
D/dalvikvm( 3044): GC_FOR_ALLOC freed 521K, 19% free 3057K/3768K, paused 3ms, total 3ms
I/AndroidRipper( 3454): [b] Found widget: id=2131296313 (androidx.appcompat.widget.ViewStubCompat{9d7dcd10 G.E..... ......I. 0,0-0,0 #7f090039 app:id/action_mode_bar_stub})
I/AndroidRipper( 3454): [b] Found widget: id=16908290 (androidx.appcompat.widget.ContentFrameLayout{9d7dd1c8 V.ED.... ......I. 0,0-1080,1728 #1020002 android:id/content})
I/AndroidRipper( 3454): [b] Found widget: id=-1 (android.widget.RelativeLayout{9d7de8e8 V.E..... ......I. 0,0-1080,1728})
I/AndroidRipper( 3454): [b] Found widget: id=2131296331 (android.widget.FrameLayout{9d7def70 V.E..... ........ 0,0-1080,1728 #7f09004b app:id/background})
I/AndroidRipper( 3454): [b] Found widget: id=2131296599 (com.github.paolorotolo.appintro.AppIntroViewPager{9d7e0010 VFED.... .F....I. 0,0-1080,1728 #7f090157 app:id/view_pager})
I/AndroidRipper( 3454): [b] Found widget: id=2131296430 (android.widget.LinearLayout{9d9fc158 V.E..... ......I. 0,0-1080,1728 #7f0900ae app:id/main})
I/AndroidRipper( 3454): [b] Found widget: id=2131296573 (androidx.appcompat.widget.AppCompatTextView{9d9fcd58 V.ED.... ........ 105,0-975,425 #7f09013d app:id/title})
I/AndroidRipper( 3454): [b] Found widget: id=-1 (android.widget.LinearLayout{9d9fd390 V.E..... ......I. 0,425-1080,1134})
I/AndroidRipper( 3454): [b] Found widget: id=2131296410 (androidx.appcompat.widget.AppCompatImageView{9d9fd728 V.ED.... ........ 0,0-1080,709 #7f09009a app:id/image})
I/AndroidRipper( 3454): [b] Found widget: id=-1 (android.widget.LinearLayout{9d9fdb40 V.E..... ......I. 0,1134-1080,1560})
I/AndroidRipper( 3454): [b] Found widget: id=2131296369 (androidx.appcompat.widget.AppCompatTextView{9d9fde90 V.ED.... ........ 54,135-1026,290 #7f090071 app:id/description})
I/AndroidRipper( 3454): [b] Found widget: id=2131296430 (android.widget.LinearLayout{9d0e43f8 V.E..... ......ID 1080,0-2160,1728 #7f0900ae app:id/main})
I/AndroidRipper( 3454): [b] Found widget: id=2131296573 (androidx.appcompat.widget.AppCompatTextView{9d9f7a78 V.ED.... ......ID 75,0-1004,425 #7f09013d app:id/title})
I/AndroidRipper( 3454): [b] Found widget: id=-1 (android.widget.LinearLayout{9d0dda88 V.E..... ......ID 0,425-1080,1134})
I/AndroidRipper( 3454): [b] Found widget: id=2131296410 (androidx.appcompat.widget.AppCompatImageView{9d0974d8 V.ED.... ......ID 0,27-1080,681 #7f09009a app:id/image})
I/AndroidRipper( 3454): [b] Found widget: id=-1 (android.widget.LinearLayout{9d9fb848 V.E..... ......ID 0,1134-1080,1560})
I/AndroidRipper( 3454): [b] Found widget: id=2131296369 (androidx.appcompat.widget.AppCompatTextView{9d0f15b0 V.ED.... ......ID 54,135-1026,290 #7f090071 app:id/description})
I/AndroidRipper( 3454): [b] Found widget: id=2131296335 (android.widget.LinearLayout{9d07aaa8 V.E..... ......I. 0,1518-1080,1728 #7f09004f app:id/bottom})
I/AndroidRipper( 3454): [b] Found widget: id=2131296336 (androidx.appcompat.widget.AppCompatTextView{9d0a4400 G.ED.... ......I. 0,0-0,0 #7f090050 app:id/bottom_separator})
I/AndroidRipper( 3454): [b] Found widget: id=-1 (android.widget.FrameLayout{9d088b00 V.E..... ......I. 0,42-1080,168})
I/AndroidRipper( 3454): [b] Found widget: id=2131296411 (android.widget.FrameLayout{9d0983c8 V.E..... ......I. 455,41-625,85 #7f09009b app:id/indicator_container})
I/AndroidRipper( 3454): [b] Found widget: id=-1 (android.widget.LinearLayout{9d9eaeb0 V.E..... ......I. 0,0-170,44})
I/AndroidRipper( 3454): [b] Found widget: id=-1 (android.widget.ImageView{9d9eb250 V.ED.... ........ 0,0-34,44})
I/AndroidRipper( 3454): [b] Found widget: id=-1 (android.widget.ImageView{9d9eca70 V.ED.... ........ 34,0-68,44})
I/AndroidRipper( 3454): [b] Found widget: id=-1 (android.widget.ImageView{9d9ed220 V.ED.... ........ 68,0-102,44})
I/AndroidRipper( 3454): [b] Found widget: id=-1 (android.widget.ImageView{9d9ed9d0 V.ED.... ........ 102,0-136,44})
I/AndroidRipper( 3454): [b] Found widget: id=-1 (android.widget.ImageView{9d9ee180 V.ED.... ........ 136,0-170,44})
I/AndroidRipper( 3454): [b] Found widget: id=2131296524 (androidx.appcompat.widget.AppCompatImageButton{9d0bb2f0 VFED..C. ........ 42,0-273,126 #7f09010c app:id/skip})
I/AndroidRipper( 3454): [b] Found widget: id=2131296330 (androidx.appcompat.widget.AppCompatImageButton{9d0bbed8 IFED..C. ......I. 42,0-273,126 #7f09004a app:id/back})
I/AndroidRipper( 3454): [b] Found widget: id=2131296472 (androidx.appcompat.widget.AppCompatImageButton{9d0cbd68 VFED..C. ........ 807,0-1038,126 #7f0900d8 app:id/next})
I/AndroidRipper( 3454): [b] Found widget: id=2131296377 (androidx.appcompat.widget.AppCompatImageButton{9d0d37c0 IFED..C. ......I. 807,0-1038,126 #7f090079 app:id/done})
I/AndroidRipper( 3454): [b] Found widget: id=-1 (com.android.internal.policy.impl.PhoneWindow$DecorView{9d07fda0 V.E..... R.....I. 0,0-1080,1794})
V/AndroidRipperService( 3044): send()
V/RipperService( 3044): EVT
V/AndroidRipperService( 3044): mHandler.handleMessage() RECIVED
V/AndroidRipperService( 3044): broadcast()
I/AndroidRipper( 3454): Recived message: EVT
V/RipperTestCase( 3454): START_EVENT[2|1629083401182]
V/AndroidRipperService( 3044): broadcast() done
V/        ( 3044): ready
I/Vision  ( 2085): Requesting optional module download of ocr.
I/Vision  ( 2085): Checking for download completion for 141387 -- ocr
W/ActivityManager( 1568): Unable to start service Intent { act=com.google.android.gms.drive.ApiService.RESET_AFTER_BOOT flg=0x4 cmp=com.google.android.gms/.drive.api.ApiService (has extras) } U=0: not found
D/gralloc_ranchu( 1144): gralloc_alloc: Creating ashmem region of size 1323008
D/        ( 1568): HostConnection::get() New Host Connection established 0xb93712a0, tid 1844
D/dalvikvm( 1568): GC_FOR_ALLOC freed 687K, 41% free 9129K/15260K, paused 10ms, total 10ms
I/dalvikvm-heap( 1568): Grow heap (frag case) to 9.727MB for 656856-byte allocation
D/dalvikvm( 1568): GC_FOR_ALLOC freed 1K, 39% free 9769K/15904K, paused 11ms, total 11ms
D/dalvikvm( 1568): GC_FOR_ALLOC freed 4K, 39% free 9791K/15904K, paused 7ms, total 7ms
I/dalvikvm-heap( 1568): Grow heap (frag case) to 10.374MB for 656856-byte allocation
D/dalvikvm( 1568): GC_FOR_ALLOC freed <1K, 37% free 10432K/16548K, paused 10ms, total 10ms
D/EGL_emulation( 1988): eglMakeCurrent: 0xb9198580: ver 3 0
D/EGL_emulation( 1988): eglMakeCurrent: 0xb9198580: ver 3 0
E/EGL_emulation( 1988): tid 1988: eglSurfaceAttrib(1199): error 0x3009 (EGL_BAD_MATCH)
W/HardwareRenderer( 1988): Backbuffer cannot be preserved
D/dalvikvm( 1988): GC_FOR_ALLOC freed 8853K, 35% free 17826K/27284K, paused 2ms, total 2ms
I/dalvikvm-heap( 1988): Grow heap (frag case) to 24.708MB for 7464972-byte allocation
D/dalvikvm( 1988): GC_FOR_ALLOC freed 2K, 8% free 25114K/27284K, paused 7ms, total 7ms
D/EGL_emulation( 3454): eglMakeCurrent: 0xb9158e80: ver 3 0
V/RipperService( 3044): END
V/AndroidRipperService( 3044): mHandler.handleMessage() RECIVED
V/AndroidRipperService( 3044): broadcast()
V/AndroidRipperService( 3044): broadcast() done
V/        ( 3044): ready
D/AndroidRuntime( 3516): 
D/AndroidRuntime( 3516): >>>>>> AndroidRuntime START com.android.internal.os.RuntimeInit <<<<<<
W/linker  ( 3516): libdvm.so has text relocations. This is wasting memory and is a security risk. Please fix.
D/AndroidRuntime( 3516): CheckJNI is ON
D/dalvikvm( 3516): Trying to load lib libjavacore.so 0x0
D/dalvikvm( 3516): Added shared lib libjavacore.so 0x0
D/dalvikvm( 3516): Trying to load lib libnativehelper.so 0x0
D/dalvikvm( 3516): Added shared lib libnativehelper.so 0x0
D/dalvikvm( 3516): No JNI_OnLoad found in libnativehelper.so 0x0, skipping init
D/dalvikvm( 3516): Note: class Landroid/app/ActivityManagerNative; has 179 unimplemented (abstract) methods
E/memtrack( 3516): Couldn't load memtrack module (No such file or directory)
E/android.os.Debug( 3516): failed to load memtrack module: -2
D/AndroidRuntime( 3516): Calling main entry com.android.commands.pm.Pm
D/AndroidRuntime( 3516): Shutting down VM
D/dalvikvm( 3516): GC_CONCURRENT freed 93K, 15% free 557K/652K, paused 0ms+0ms, total 1ms
D/AndroidRuntime( 3527): 
D/AndroidRuntime( 3527): >>>>>> AndroidRuntime START com.android.internal.os.RuntimeInit <<<<<<
W/linker  ( 3527): libdvm.so has text relocations. This is wasting memory and is a security risk. Please fix.
D/AndroidRuntime( 3527): CheckJNI is ON
D/dalvikvm( 3527): Trying to load lib libjavacore.so 0x0
D/dalvikvm( 3527): Added shared lib libjavacore.so 0x0
D/dalvikvm( 3527): Trying to load lib libnativehelper.so 0x0
