D/AndroidRuntime(12256): Shutting down VM
D/dalvikvm(12256): GC_CONCURRENT freed 92K, 15% free 549K/644K, paused 0ms+0ms, total 0ms
I/PackageManager( 1571):   Action: "android.intent.action.SENDTO"
I/PackageManager( 1571):   Category: "android.intent.category.DEFAULT"
I/PackageManager( 1571):   Scheme: "sms"
D/dalvikvm( 1798): GC_FOR_ALLOC freed 385K, 17% free 3671K/4384K, paused 1ms, total 1ms
W/Launcher( 2302): setApplicationContext called twice! old=com.google.android.velvet.VelvetApplication@9d070968 new=com.google.android.velvet.VelvetApplication@9d070968
I/PackageManager( 1571): Adding preferred activity ComponentInfo{com.android.mms/com.android.mms.ui.ComposeMessageActivity} for user 0 :
W/ContextImpl( 3249): Calling a method in the system process without a qualified user: android.app.ContextImpl.startService:1479 android.content.ContextWrapper.startService:494 android.content.ContextWrapper.startService:494 com.android.keychain.KeyChainBroadcastReceiver.onReceive:12 android.app.ActivityThread.handleReceiver:2419 
I/PackageManager( 1571):   Action: "android.intent.action.SENDTO"
I/PackageManager( 1571):   Category: "android.intent.category.DEFAULT"
I/PackageManager( 1571):   Scheme: "smsto"
I/PackageManager( 1571): Adding preferred activity ComponentInfo{com.android.mms/com.android.mms.ui.ComposeMessageActivity} for user 0 :
I/PackageManager( 1571):   Action: "android.intent.action.SENDTO"
I/PackageManager( 1571):   Category: "android.intent.category.DEFAULT"
I/PackageManager( 1571):   Scheme: "mms"
I/PackageManager( 1571): Adding preferred activity ComponentInfo{com.android.mms/com.android.mms.ui.ComposeMessageActivity} for user 0 :
D/dalvikvm( 2556): GC_FOR_ALLOC freed 512K, 19% free 3080K/3784K, paused 4ms, total 4ms
I/PackageManager( 1571):   Action: "android.intent.action.SENDTO"
I/PackageManager( 1571):   Category: "android.intent.category.DEFAULT"
I/PackageManager( 1571):   Scheme: "mmsto"
I/PackageManager( 1571): Adding preferred activity ComponentInfo{com.android.mms/com.android.mms.ui.ComposeMessageActivity} for user 0 :
D/dalvikvm( 3193): GC_FOR_ALLOC freed 496K, 19% free 3087K/3792K, paused 2ms, total 2ms
I/Icing   ( 2093): doRemovePackageData it.unina.android.ripper
I/Icing   ( 2093): IndexChimeraService.getServiceInterface callingPackage=com.google.android.googlequicksearchbox componentName=null serviceId=21
W/Icing.InternalIcingCorporaProvider( 2284): Application table change notification failed.
I/LatinIME:LogUtils( 1763): Dictionary info: dictionary = main:en ; version = 42 ; date = 1381226516
I/Icing   ( 2093): Indexing com.google.android.gms-apps from com.google.android.gms
I/Icing   ( 2093): Indexing done com.google.android.gms-apps
W/Icing   ( 2093): No valid account for uploading user actions
I/Icing   ( 2093): Usage reports ok 0, Failed Usage reports 0, indexed 0, rejected 0
I/DownloadManager( 1830): Download 81 starting
W/DownloadManager( 1830): Aborting request for download 81: TYPE_DISALLOWED_BY_REQUESTOR
I/DownloadManager( 1830): Download 81 finished with status WAITING_FOR_NETWORK
D/AndroidRuntime(12281): 
D/AndroidRuntime(12281): >>>>>> AndroidRuntime START com.android.internal.os.RuntimeInit <<<<<<
W/linker  (12281): libdvm.so has text relocations. This is wasting memory and is a security risk. Please fix.
D/AndroidRuntime(12281): CheckJNI is ON
D/dalvikvm(12281): Trying to load lib libjavacore.so 0x0
D/dalvikvm(12281): Added shared lib libjavacore.so 0x0
D/dalvikvm(12281): Trying to load lib libnativehelper.so 0x0
D/dalvikvm(12281): Added shared lib libnativehelper.so 0x0
D/dalvikvm(12281): No JNI_OnLoad found in libnativehelper.so 0x0, skipping init
D/dalvikvm(12281): Note: class Landroid/app/ActivityManagerNative; has 179 unimplemented (abstract) methods
E/memtrack(12281): Couldn't load memtrack module (No such file or directory)
E/android.os.Debug(12281): failed to load memtrack module: -2
D/AndroidRuntime(12281): Calling main entry com.android.commands.pm.Pm
W/ActivityManager( 1571): No content provider found for permission revoke: file:///sdcard/aut.apk
W/ActivityManager( 1571): No content provider found for permission revoke: file:///sdcard/aut.apk
I/PackageManager( 1571): Copying native libraries to /data/app-lib/vmdl1563761569
D/dalvikvm( 1571): GC_FOR_ALLOC freed 1462K, 39% free 10248K/16748K, paused 7ms, total 7ms
D/dalvikvm( 1571): GC_FOR_ALLOC freed 1257K, 36% free 10808K/16748K, paused 7ms, total 7ms
D/dalvikvm( 1571): GC_FOR_ALLOC freed 1909K, 36% free 10857K/16748K, paused 7ms, total 7ms
D/dalvikvm( 1571): GC_FOR_ALLOC freed 1967K, 36% free 10859K/16748K, paused 8ms, total 8ms
D/dalvikvm( 1571): GC_FOR_ALLOC freed 1957K, 36% free 10872K/16748K, paused 9ms, total 9ms
D/dalvikvm( 1571): GC_FOR_ALLOC freed 1950K, 35% free 10893K/16748K, paused 8ms, total 8ms
I/PackageManager( 1571): Running dexopt on: com.improvement_roll
W/linker  (12293): libdvm.so has text relocations. This is wasting memory and is a security risk. Please fix.
W/dalvikvm(12293): method Landroidx/appcompat/widget/DropDownListView;.lookForSelectablePosition incorrectly overrides package-private method with same name in Landroid/widget/ListView;
W/dalvikvm(12293): method Lcom/horcrux/svg/VirtualView;.setPointerEvents incorrectly overrides package-private method with same name in Lcom/facebook/react/views/view/ReactViewGroup;
D/dalvikvm(12293): DexOpt: couldn't find field Landroid/view/inputmethod/EditorInfo;.contentMimeTypes
E/cutils-trace(12293): Error opening trace file: Permission denied (13)
D/dalvikvm(12293): GC_FOR_ALLOC freed 4K, 1% free 2043K/2048K, paused 0ms, total 0ms
D/dalvikvm(12293): DexOpt: couldn't find static field Landroid/graphics/Bitmap$Config;.HARDWARE
D/dalvikvm(12293): DexOpt: couldn't find static field Landroid/graphics/Bitmap$Config;.RGBA_F16
D/dalvikvm(12293): DexOpt: couldn't find field Landroid/graphics/BitmapFactory$Options;.outColorSpace
D/dalvikvm(12293): DexOpt: couldn't find field Landroid/content/pm/ApplicationInfo;.splitSourceDirs
D/dalvikvm(12293): DexOpt: couldn't find static field Landroid/os/Build;.SUPPORTED_ABIS
D/dalvikvm(12293): DexOpt: couldn't find static field Landroid/view/View;.TRANSLATION_Z
D/dalvikvm(12293): DexOpt: couldn't find field Landroid/graphics/BitmapFactory$Options;.outColorSpace
D/dalvikvm(12293): DexOpt: load 40ms, verify+opt 178ms, 4902820 bytes
I/ActivityManager( 1571): Force stopping com.improvement_roll appid=10132 user=-1: update pkg
W/Launcher.Model( 2302): Nobody to tell about the new app.  Launcher is probably loading.
I/PackageManager( 1571):   Action: "android.intent.action.SENDTO"
I/PackageManager( 1571):   Category: "android.intent.category.DEFAULT"
I/PackageManager( 1571):   Scheme: "sms"
D/Documents( 3193): Used cached roots for com.android.providers.downloads.documents
D/Documents( 3193): Used cached roots for com.android.externalstorage.documents
D/Documents( 3193): Used cached roots for com.android.providers.media.documents
D/Documents( 3193): Update found 6 roots in 2ms
I/PackageManager( 1571): Adding preferred activity ComponentInfo{com.android.mms/com.android.mms.ui.ComposeMessageActivity} for user 0 :
I/InputReader( 1571): Reconfiguring input devices.  changes=0x00000010
D/dalvikvm( 1798): GC_FOR_ALLOC freed 462K, 18% free 3601K/4384K, paused 3ms, total 4ms
I/PackageManager( 1571):   Action: "android.intent.action.SENDTO"
I/PackageManager( 1571):   Category: "android.intent.category.DEFAULT"
I/PackageManager( 1571):   Scheme: "smsto"
I/PackageManager( 1571): Adding preferred activity ComponentInfo{com.android.mms/com.android.mms.ui.ComposeMessageActivity} for user 0 :
D/dalvikvm( 1777): GC_FOR_ALLOC freed 2037K, 25% free 9688K/12792K, paused 10ms, total 10ms
W/GCM     ( 1777): Unexpected forwarded intent: Intent { act=android.intent.action.PACKAGE_ADDED dat=package:com.improvement_roll flg=0x4000010 cmp=com.google.android.gms/.chimera.PersistentIntentOperationService (has extras) }
W/GCM     ( 1777): Unexpected forwarded intent: Intent { act=android.intent.action.PACKAGE_ADDED dat=package:com.improvement_roll flg=0x4000010 cmp=com.google.android.gms/.chimera.PersistentIntentOperationService (has extras) }
I/PackageManager( 1571):   Action: "android.intent.action.SENDTO"
I/PackageManager( 1571):   Category: "android.intent.category.DEFAULT"
I/PackageManager( 1571):   Scheme: "mms"
I/Icing.InternalIcingCorporaProvider( 2284): Updating corpora: A: com.improvement_roll, C: MAYBE
I/PackageManager( 1571): Adding preferred activity ComponentInfo{com.android.mms/com.android.mms.ui.ComposeMessageActivity} for user 0 :
I/PackageManager( 1571):   Action: "android.intent.action.SENDTO"
I/PackageManager( 1571):   Category: "android.intent.category.DEFAULT"
I/PackageManager( 1571):   Scheme: "mmsto"
I/PackageManager( 1571):   Action: "android.intent.action.SENDTO"
I/PackageManager( 1571):   Category: "android.intent.category.DEFAULT"
I/PackageManager( 1571):   Scheme: "sms"
I/PackageManager( 1571): Adding preferred activity ComponentInfo{com.android.mms/com.android.mms.ui.ComposeMessageActivity} for user 0 :
D/BackupManagerService( 1571): Received broadcast Intent { act=android.intent.action.PACKAGE_ADDED dat=package:com.improvement_roll flg=0x4000010 (has extras) }
V/BackupManagerService( 1571): addPackageParticipantsLocked: #1
I/PackageManager( 1571): Adding preferred activity ComponentInfo{com.android.mms/com.android.mms.ui.ComposeMessageActivity} for user 0 :
D/dalvikvm( 2093): GC_FOR_ALLOC freed 1858K, 13% free 21475K/24584K, paused 34ms, total 34ms
I/Auth    ( 2093): [SupervisedAccountIntentOperation] onHandleIntent(): android.intent.action.PACKAGE_ADDED
I/ChromeSync( 2093): [Sync,SyncIntentOperation] Handling the intent: Intent { act=android.intent.action.PACKAGE_ADDED dat=package:com.improvement_roll flg=0x4000010 cmp=com.google.android.gms/.chimera.GmsIntentOperationService (has extras) }.
I/FontLog ( 2093): Package com.improvement_roll has no metadata [CONTEXT service_id=132 ]
I/Icing   ( 2093): IndexChimeraService.getServiceInterface callingPackage=com.google.android.googlequicksearchbox componentName=null serviceId=21
E/GmsClient( 2093): unable to connect to service: com.google.android.gms.auth.key.retrieval.service.START on com.google.android.gms
W/ActivityManager( 1571): Unable to start service Intent { act=com.google.android.gms.auth.key.retrieval.service.START pkg=com.google.android.gms } U=0: not found
W/ActivityManager( 1571): Unbind failed: could not find connection for android.os.BinderProxy@9d8a8ad0
D/dalvikvm( 1798): GC_FOR_ALLOC freed 412K, 17% free 3670K/4384K, paused 14ms, total 14ms
I/PackageManager( 1571):   Action: "android.intent.action.SENDTO"
I/PackageManager( 1571):   Category: "android.intent.category.DEFAULT"
I/PackageManager( 1571):   Scheme: "smsto"
I/PackageManager( 1571): Adding preferred activity ComponentInfo{com.android.mms/com.android.mms.ui.ComposeMessageActivity} for user 0 :
I/PackageManager( 1571):   Action: "android.intent.action.SENDTO"
I/PackageManager( 1571):   Category: "android.intent.category.DEFAULT"
I/PackageManager( 1571):   Scheme: "mms"
W/Icing   ( 2093): No valid account for uploading user actions
I/PackageManager( 1571): Adding preferred activity ComponentInfo{com.android.mms/com.android.mms.ui.ComposeMessageActivity} for user 0 :
I/Icing   ( 2093): Usage reports ok 0, Failed Usage reports 0, indexed 0, rejected 0
I/PackageManager( 1571):   Action: "android.intent.action.SENDTO"
I/PackageManager( 1571):   Category: "android.intent.category.DEFAULT"
I/PackageManager( 1571):   Scheme: "mmsto"
I/PackageManager( 1571): Adding preferred activity ComponentInfo{com.android.mms/com.android.mms.ui.ComposeMessageActivity} for user 0 :
I/ChromeSync( 2093): [Persistence,AffiliationManager] One of affiliation or grouping data for android://KSmUCdTXmQS-j9D_O8l1jvyu41Pjn2mc5cb0Gvx1e9H1Aj4JCzHs_uTW26nbtH65K-YfijtBsQxGp-8R6k6HFg==@com.improvement_roll/ was not found. Marking affiliation data as stale...
D/dalvikvm( 1571): GC_EXPLICIT freed 1849K, 34% free 11198K/16748K, paused 0ms+18ms, total 126ms
D/AndroidRuntime(12281): Shutting down VM
D/dalvikvm(12281): GC_CONCURRENT freed 93K, 15% free 552K/648K, paused 0ms+1ms, total 1ms
I/Icing   ( 2093): Indexing com.google.android.googlequicksearchbox-applications from com.google.android.googlequicksearchbox
I/Icing   ( 2093): Indexing done com.google.android.googlequicksearchbox-applications
I/Icing   ( 2093): Indexing com.google.android.gms-apps from com.google.android.gms
I/Icing   ( 2093): Indexing com.google.android.gms-internal.3p:MobileApplication from com.google.android.gms
I/Icing   ( 2093): Indexing done com.google.android.gms-apps
I/Icing   ( 2093): Indexing done com.google.android.gms-internal.3p:MobileApplication
V/SERVER  ( 2714): ServerSocket on PORT 18888: offline
V/AndroidRipperService( 2714): mHandler.handleMessage() DISCONNECTED
V/SERVER  ( 2714): Ready to accept connections on port: 18888
I/ContentMaintenance( 2093): Internal cache bytes used: 0; limit: 39526809; download size: 0
I/RealtimeCacheCleanup( 2093): Beginning Realtime garbage collection.
I/RealtimeCacheCleanup( 2093): Finished Realtime garbage collection.
D/AndroidRuntime(12302): 
D/AndroidRuntime(12302): >>>>>> AndroidRuntime START com.android.internal.os.RuntimeInit <<<<<<
W/linker  (12302): libdvm.so has text relocations. This is wasting memory and is a security risk. Please fix.
D/AndroidRuntime(12302): CheckJNI is ON
D/dalvikvm(12302): Trying to load lib libjavacore.so 0x0
D/dalvikvm(12302): Added shared lib libjavacore.so 0x0
D/dalvikvm(12302): Trying to load lib libnativehelper.so 0x0
D/dalvikvm(12302): Added shared lib libnativehelper.so 0x0
D/dalvikvm(12302): No JNI_OnLoad found in libnativehelper.so 0x0, skipping init
D/dalvikvm(12302): Note: class Landroid/app/ActivityManagerNative; has 179 unimplemented (abstract) methods
E/memtrack(12302): Couldn't load memtrack module (No such file or directory)
E/android.os.Debug(12302): failed to load memtrack module: -2
D/AndroidRuntime(12302): Calling main entry com.android.commands.pm.Pm
D/AndroidRuntime(12302): Shutting down VM
D/dalvikvm(12302): GC_CONCURRENT freed 91K, 15% free 547K/640K, paused 0ms+0ms, total 1ms
I/AndroidRuntime(12302): NOTE: attach of thread 'Binder_1' failed
D/AndroidRuntime(12314): 
D/AndroidRuntime(12314): >>>>>> AndroidRuntime START com.android.internal.os.RuntimeInit <<<<<<
W/linker  (12314): libdvm.so has text relocations. This is wasting memory and is a security risk. Please fix.
D/AndroidRuntime(12314): CheckJNI is ON
D/dalvikvm(12314): Trying to load lib libjavacore.so 0x0
D/dalvikvm(12314): Added shared lib libjavacore.so 0x0
D/dalvikvm(12314): Trying to load lib libnativehelper.so 0x0
D/dalvikvm(12314): Added shared lib libnativehelper.so 0x0
D/dalvikvm(12314): No JNI_OnLoad found in libnativehelper.so 0x0, skipping init
D/dalvikvm(12314): Note: class Landroid/app/ActivityManagerNative; has 179 unimplemented (abstract) methods
E/memtrack(12314): Couldn't load memtrack module (No such file or directory)
E/android.os.Debug(12314): failed to load memtrack module: -2
D/AndroidRuntime(12314): Calling main entry com.android.commands.pm.Pm
D/AndroidRuntime(12314): Shutting down VM
D/dalvikvm(12314): GC_CONCURRENT freed 92K, 15% free 547K/644K, paused 0ms+0ms, total 1ms
D/AndroidRuntime(12325): 
D/AndroidRuntime(12325): >>>>>> AndroidRuntime START com.android.internal.os.RuntimeInit <<<<<<
W/linker  (12325): libdvm.so has text relocations. This is wasting memory and is a security risk. Please fix.
D/AndroidRuntime(12325): CheckJNI is ON
D/dalvikvm(12325): Trying to load lib libjavacore.so 0x0
D/dalvikvm(12325): Added shared lib libjavacore.so 0x0
D/dalvikvm(12325): Trying to load lib libnativehelper.so 0x0
D/dalvikvm(12325): Added shared lib libnativehelper.so 0x0
D/dalvikvm(12325): No JNI_OnLoad found in libnativehelper.so 0x0, skipping init
D/dalvikvm(12325): Note: class Landroid/app/ActivityManagerNative; has 179 unimplemented (abstract) methods
E/memtrack(12325): Couldn't load memtrack module (No such file or directory)
E/android.os.Debug(12325): failed to load memtrack module: -2
D/AndroidRuntime(12325): Calling main entry com.android.commands.pm.Pm
D/AndroidRuntime(12325): Shutting down VM
D/dalvikvm(12325): GC_CONCURRENT freed 93K, 15% free 557K/652K, paused 0ms+0ms, total 1ms
D/AndroidRuntime(12336): 
D/AndroidRuntime(12336): >>>>>> AndroidRuntime START com.android.internal.os.RuntimeInit <<<<<<
W/linker  (12336): libdvm.so has text relocations. This is wasting memory and is a security risk. Please fix.
D/AndroidRuntime(12336): CheckJNI is ON
D/dalvikvm(12336): Trying to load lib libjavacore.so 0x0
D/dalvikvm(12336): Added shared lib libjavacore.so 0x0
D/dalvikvm(12336): Trying to load lib libnativehelper.so 0x0
D/dalvikvm(12336): Added shared lib libnativehelper.so 0x0
D/dalvikvm(12336): No JNI_OnLoad found in libnativehelper.so 0x0, skipping init
D/dalvikvm(12336): Note: class Landroid/app/ActivityManagerNative; has 179 unimplemented (abstract) methods
E/memtrack(12336): Couldn't load memtrack module (No such file or directory)
E/android.os.Debug(12336): failed to load memtrack module: -2
D/AndroidRuntime(12336): Calling main entry com.android.commands.pm.Pm
I/ActivityManager( 1571): Force stopping it.unina.android.ripper_service appid=10057 user=0: clear data
I/ActivityManager( 1571): Killing 2714:it.unina.android.ripper_service:android_ripper_service_process/u0a57 (adj 5): stop it.unina.android.ripper_service
I/ActivityManager( 1571):   Force stopping service ServiceRecord{9d23e380 u0 it.unina.android.ripper_service/.AndroidRipperService}
D/keystore( 1149): calling clear_uid in state: 3
I/GeofencerStateMachine( 1777): removeGeofences: removeRequest=RemoveGeofencingRequest[REMOVE_ALL packageName=it.unina.android.ripper_service]
D/Documents( 3193): Used cached roots for com.android.providers.downloads.documents
D/Documents( 3193): Used cached roots for com.android.externalstorage.documents
D/Documents( 3193): Used cached roots for com.android.providers.media.documents
D/Documents( 3193): Update found 6 roots in 2ms
D/AndroidRuntime(12336): Shutting down VM
D/dalvikvm(12336): GC_CONCURRENT freed 93K, 15% free 549K/644K, paused 0ms+0ms, total 1ms
I/Fitness ( 1777): FitCleanupIntentOperation received Intent android.intent.action.PACKAGE_DATA_CLEARED [CONTEXT service_id=17 ]
I/Icing   ( 2093): doRemovePackageData it.unina.android.ripper_service
D/AndroidRuntime(12363): 
D/AndroidRuntime(12363): >>>>>> AndroidRuntime START com.android.internal.os.RuntimeInit <<<<<<
W/linker  (12363): libdvm.so has text relocations. This is wasting memory and is a security risk. Please fix.
D/AndroidRuntime(12363): CheckJNI is ON
D/dalvikvm(12363): Trying to load lib libjavacore.so 0x0
D/dalvikvm(12363): Added shared lib libjavacore.so 0x0
D/dalvikvm(12363): Trying to load lib libnativehelper.so 0x0
D/dalvikvm(12363): Added shared lib libnativehelper.so 0x0
D/dalvikvm(12363): No JNI_OnLoad found in libnativehelper.so 0x0, skipping init
D/dalvikvm(12363): Note: class Landroid/app/ActivityManagerNative; has 179 unimplemented (abstract) methods
E/memtrack(12363): Couldn't load memtrack module (No such file or directory)
E/android.os.Debug(12363): failed to load memtrack module: -2
D/AndroidRuntime(12363): Calling main entry com.android.commands.pm.Pm
I/ActivityManager( 1571): Force stopping it.unina.android.ripper_service appid=10057 user=-1: uninstall pkg
W/PackageManager( 1571): Couldn't delete native library directory /data/app-lib/it.unina.android.ripper_service
D/keystore( 1149): calling clear_uid in state: 3
D/dalvikvm( 1941): GC_EXPLICIT freed 1074K, 11% free 25107K/27984K, paused 0ms+1ms, total 3ms
I/ActivityManager( 1571): Force stopping it.unina.android.ripper_service appid=10057 user=0: pkg removed
D/dalvikvm( 2284): GC_EXPLICIT freed 183K, 19% free 3412K/4180K, paused 0ms+0ms, total 2ms
D/dalvikvm( 2302): GC_EXPLICIT freed 159K, 16% free 3444K/4056K, paused 0ms+0ms, total 2ms
I/GeofencerStateMachine( 1777): removeGeofences: removeRequest=RemoveGeofencingRequest[REMOVE_ALL packageName=it.unina.android.ripper_service]
D/Documents( 3193): Used cached roots for com.android.providers.downloads.documents
D/Documents( 3193): Used cached roots for com.android.externalstorage.documents
D/Documents( 3193): Used cached roots for com.android.providers.media.documents
D/Documents( 3193): Update found 6 roots in 2ms
I/InputReader( 1571): Reconfiguring input devices.  changes=0x00000010
W/Launcher.Model( 2302): Nobody to tell about the new app.  Launcher is probably loading.
D/VoicemailCleanupService( 1847): Cleaning up data for package: it.unina.android.ripper_service
D/BackupManagerService( 1571): Received broadcast Intent { act=android.intent.action.PACKAGE_REMOVED dat=package:it.unina.android.ripper_service flg=0x4000010 (has extras) }
V/BackupManagerService( 1571): removePackageParticipantsLocked: uid=10057 #1
I/PackageManager( 1571):   Action: "android.intent.action.SENDTO"
I/PackageManager( 1571):   Category: "android.intent.category.DEFAULT"
I/PackageManager( 1571):   Scheme: "sms"
I/PackageManager( 1571): Adding preferred activity ComponentInfo{com.android.mms/com.android.mms.ui.ComposeMessageActivity} for user 0 :
D/dalvikvm( 1798): GC_FOR_ALLOC freed 475K, 18% free 3609K/4384K, paused 2ms, total 2ms
I/PackageManager( 1571):   Action: "android.intent.action.SENDTO"
I/PackageManager( 1571):   Category: "android.intent.category.DEFAULT"
I/PackageManager( 1571):   Scheme: "smsto"
I/PackageManager( 1571):   Action: "android.intent.action.SENDTO"
I/PackageManager( 1571):   Category: "android.intent.category.DEFAULT"
I/PackageManager( 1571):   Scheme: "mms"
I/PackageManager( 1571): Adding preferred activity ComponentInfo{com.android.mms/com.android.mms.ui.ComposeMessageActivity} for user 0 :
I/PackageManager( 1571): Adding preferred activity ComponentInfo{com.android.mms/com.android.mms.ui.ComposeMessageActivity} for user 0 :
I/PackageManager( 1571):   Action: "android.intent.action.SENDTO"
I/PackageManager( 1571):   Category: "android.intent.category.DEFAULT"
I/PackageManager( 1571):   Scheme: "mmsto"
D/dalvikvm( 2093): GC_EXPLICIT freed 1609K, 14% free 21349K/24584K, paused 1ms+5ms, total 50ms
I/PackageManager( 1571): Adding preferred activity ComponentInfo{com.android.mms/com.android.mms.ui.ComposeMessageActivity} for user 0 :
I/PackageManager( 1571):   Action: "android.intent.action.SENDTO"
I/PackageManager( 1571):   Category: "android.intent.category.DEFAULT"
I/PackageManager( 1571):   Scheme: "sms"
I/PackageManager( 1571): Adding preferred activity ComponentInfo{com.android.mms/com.android.mms.ui.ComposeMessageActivity} for user 0 :
D/dalvikvm( 1798): GC_FOR_ALLOC freed 404K, 17% free 3667K/4384K, paused 4ms, total 4ms
I/PackageManager( 1571):   Action: "android.intent.action.SENDTO"
I/PackageManager( 1571):   Category: "android.intent.category.DEFAULT"
I/PackageManager( 1571):   Scheme: "smsto"
I/PackageManager( 1571): Adding preferred activity ComponentInfo{com.android.mms/com.android.mms.ui.ComposeMessageActivity} for user 0 :
W/Launcher( 2302): setApplicationContext called twice! old=com.google.android.velvet.VelvetApplication@9d070968 new=com.google.android.velvet.VelvetApplication@9d070968
W/ContextImpl( 3249): Calling a method in the system process without a qualified user: android.app.ContextImpl.startService:1479 android.content.ContextWrapper.startService:494 android.content.ContextWrapper.startService:494 com.android.keychain.KeyChainBroadcastReceiver.onReceive:12 android.app.ActivityThread.handleReceiver:2419 
I/PackageManager( 1571):   Action: "android.intent.action.SENDTO"
I/PackageManager( 1571):   Category: "android.intent.category.DEFAULT"
I/PackageManager( 1571):   Scheme: "mms"
I/PackageManager( 1571): Adding preferred activity ComponentInfo{com.android.mms/com.android.mms.ui.ComposeMessageActivity} for user 0 :
I/Fitness ( 1777): FitCleanupIntentOperation received Intent android.intent.action.PACKAGE_REMOVED [CONTEXT service_id=17 ]
I/Icing.InternalIcingCorporaProvider( 2284): Updating corpora: A: it.unina.android.ripper_service, C: MAYBE
I/PackageManager( 1571):   Action: "android.intent.action.SENDTO"
I/PackageManager( 1571):   Category: "android.intent.category.DEFAULT"
I/PackageManager( 1571):   Scheme: "mmsto"
I/PackageManager( 1571): Adding preferred activity ComponentInfo{com.android.mms/com.android.mms.ui.ComposeMessageActivity} for user 0 :
D/dalvikvm( 1571): GC_EXPLICIT freed 2733K, 39% free 10360K/16748K, paused 12ms+23ms, total 111ms
D/AndroidRuntime(12363): Shutting down VM
D/dalvikvm(12363): GC_CONCURRENT freed 92K, 15% free 549K/644K, paused 0ms+0ms, total 0ms
I/Icing   ( 2093): doRemovePackageData it.unina.android.ripper_service
I/LatinIME:LogUtils( 1763): Dictionary info: dictionary = main:en ; version = 42 ; date = 1381226516
W/ContextImpl( 2284): Implicit intents with startService are not safe: Intent { act=com.google.android.gms.icing.INDEX_SERVICE } android.content.ContextWrapper.bindService:517 com.google.android.gms.internal.av.a:-1 com.google.android.gms.internal.au.connect:-1 
I/Icing   ( 2093): IndexChimeraService.getServiceInterface callingPackage=com.google.android.googlequicksearchbox componentName=null serviceId=21
I/Icing   ( 2093): IndexChimeraService.getServiceInterface callingPackage=com.google.android.gms componentName=AppsCorpus serviceId=36
I/DownloadManager( 1830): Download 82 starting
W/Icing   ( 2093): No valid account for uploading user actions
W/DownloadManager( 1830): Aborting request for download 82: TYPE_DISALLOWED_BY_REQUESTOR
I/DownloadManager( 1830): Download 82 finished with status WAITING_FOR_NETWORK
I/Icing   ( 2093): Usage reports ok 0, Failed Usage reports 0, indexed 0, rejected 0
W/Icing   ( 2093): No valid account for uploading user actions
I/Icing   ( 2093): Usage reports ok 0, Failed Usage reports 0, indexed 0, rejected 0
I/Icing   ( 2093): Indexing com.google.android.gms-internal.3p:MobileApplication from com.google.android.gms
I/Icing   ( 2093): Indexing com.google.android.gms-apps from com.google.android.gms
I/Icing   ( 2093): Indexing com.google.android.googlequicksearchbox-applications from com.google.android.googlequicksearchbox
I/Icing   ( 2093): Indexing done com.google.android.gms-internal.3p:MobileApplication
I/Icing   ( 2093): Indexing done com.google.android.gms-apps
I/Icing   ( 2093): Indexing done com.google.android.googlequicksearchbox-applications
D/AndroidRuntime(12393): 
D/AndroidRuntime(12393): >>>>>> AndroidRuntime START com.android.internal.os.RuntimeInit <<<<<<
W/linker  (12393): libdvm.so has text relocations. This is wasting memory and is a security risk. Please fix.
D/AndroidRuntime(12393): CheckJNI is ON
D/dalvikvm(12393): Trying to load lib libjavacore.so 0x0
D/dalvikvm(12393): Added shared lib libjavacore.so 0x0
D/dalvikvm(12393): Trying to load lib libnativehelper.so 0x0
D/dalvikvm(12393): Added shared lib libnativehelper.so 0x0
D/dalvikvm(12393): No JNI_OnLoad found in libnativehelper.so 0x0, skipping init
D/dalvikvm(12393): Note: class Landroid/app/ActivityManagerNative; has 179 unimplemented (abstract) methods
E/memtrack(12393): Couldn't load memtrack module (No such file or directory)
E/android.os.Debug(12393): failed to load memtrack module: -2
D/AndroidRuntime(12393): Calling main entry com.android.commands.pm.Pm
W/ActivityManager( 1571): No content provider found for permission revoke: file:///data/local/tmp/AndroidRipperService.apk
W/ActivityManager( 1571): No content provider found for permission revoke: file:///data/local/tmp/AndroidRipperService.apk
I/PackageManager( 1571): Copying native libraries to /data/app-lib/vmdl-1033285018
I/PackageParser( 1571): it.unina.android.ripper_service: compat added android.permission.WRITE_EXTERNAL_STORAGE android.permission.READ_PHONE_STATE
I/PackageManager( 1571): Running dexopt on: it.unina.android.ripper_service
W/linker  (12404): libdvm.so has text relocations. This is wasting memory and is a security risk. Please fix.
D/dalvikvm(12404): DexOpt: load 4ms, verify+opt 20ms, 1117628 bytes
I/ActivityManager( 1571): Force stopping it.unina.android.ripper_service appid=10133 user=-1: update pkg
W/Launcher.Model( 2302): Nobody to tell about the new app.  Launcher is probably loading.
D/Documents( 3193): Used cached roots for com.android.providers.downloads.documents
D/Documents( 3193): Used cached roots for com.android.externalstorage.documents
D/Documents( 3193): Used cached roots for com.android.providers.media.documents
D/Documents( 3193): Update found 6 roots in 2ms
I/PackageManager( 1571):   Action: "android.intent.action.SENDTO"
I/PackageManager( 1571):   Category: "android.intent.category.DEFAULT"
I/PackageManager( 1571):   Scheme: "sms"
I/PackageManager( 1571): Adding preferred activity ComponentInfo{com.android.mms/com.android.mms.ui.ComposeMessageActivity} for user 0 :
I/InputReader( 1571): Reconfiguring input devices.  changes=0x00000010
D/dalvikvm( 1798): GC_FOR_ALLOC freed 467K, 18% free 3619K/4384K, paused 2ms, total 2ms
D/BackupManagerService( 1571): Received broadcast Intent { act=android.intent.action.PACKAGE_ADDED dat=package:it.unina.android.ripper_service flg=0x4000010 (has extras) }
I/PackageManager( 1571):   Action: "android.intent.action.SENDTO"
I/PackageManager( 1571):   Category: "android.intent.category.DEFAULT"
I/PackageManager( 1571):   Scheme: "smsto"
I/PackageManager( 1571):   Action: "android.intent.action.SENDTO"
I/PackageManager( 1571):   Category: "android.intent.category.DEFAULT"
I/PackageManager( 1571):   Scheme: "mms"
I/PackageManager( 1571): Adding preferred activity ComponentInfo{com.android.mms/com.android.mms.ui.ComposeMessageActivity} for user 0 :
V/BackupManagerService( 1571): addPackageParticipantsLocked: #1
I/PackageManager( 1571): Adding preferred activity ComponentInfo{com.android.mms/com.android.mms.ui.ComposeMessageActivity} for user 0 :
W/GCM     ( 1777): Unexpected forwarded intent: Intent { act=android.intent.action.PACKAGE_ADDED dat=package:it.unina.android.ripper_service flg=0x4000010 cmp=com.google.android.gms/.chimera.PersistentIntentOperationService (has extras) }
W/GCM     ( 1777): Unexpected forwarded intent: Intent { act=android.intent.action.PACKAGE_ADDED dat=package:it.unina.android.ripper_service flg=0x4000010 cmp=com.google.android.gms/.chimera.PersistentIntentOperationService (has extras) }
I/Auth    ( 2093): [SupervisedAccountIntentOperation] onHandleIntent(): android.intent.action.PACKAGE_ADDED
I/ChromeSync( 2093): [Sync,SyncIntentOperation] Handling the intent: Intent { act=android.intent.action.PACKAGE_ADDED dat=package:it.unina.android.ripper_service flg=0x4000010 cmp=com.google.android.gms/.chimera.GmsIntentOperationService (has extras) }.
I/PackageManager( 1571):   Action: "android.intent.action.SENDTO"
I/PackageManager( 1571):   Category: "android.intent.category.DEFAULT"
I/PackageManager( 1571):   Scheme: "mmsto"
I/PackageManager( 1571): Adding preferred activity ComponentInfo{com.android.mms/com.android.mms.ui.ComposeMessageActivity} for user 0 :
I/FontLog ( 2093): Package it.unina.android.ripper_service has no metadata [CONTEXT service_id=132 ]
E/GmsClient( 2093): unable to connect to service: com.google.android.gms.auth.key.retrieval.service.START on com.google.android.gms
I/PackageManager( 1571):   Action: "android.intent.action.SENDTO"
I/PackageManager( 1571):   Category: "android.intent.category.DEFAULT"
I/PackageManager( 1571):   Scheme: "sms"
W/ActivityManager( 1571): Unable to start service Intent { act=com.google.android.gms.auth.key.retrieval.service.START pkg=com.google.android.gms } U=0: not found
W/ActivityManager( 1571): Unbind failed: could not find connection for android.os.BinderProxy@9d0d7298
I/PackageManager( 1571): Adding preferred activity ComponentInfo{com.android.mms/com.android.mms.ui.ComposeMessageActivity} for user 0 :
I/Icing.InternalIcingCorporaProvider( 2284): Updating corpora: A: it.unina.android.ripper_service, C: MAYBE
D/dalvikvm( 1571): GC_EXPLICIT freed 1842K, 39% free 10261K/16748K, paused 1ms+2ms, total 55ms
D/dalvikvm( 1798): GC_FOR_ALLOC freed 397K, 17% free 3670K/4384K, paused 2ms, total 2ms
I/PackageManager( 1571):   Action: "android.intent.action.SENDTO"
I/PackageManager( 1571):   Category: "android.intent.category.DEFAULT"
I/PackageManager( 1571):   Scheme: "smsto"
D/AndroidRuntime(12393): Shutting down VM
D/dalvikvm(12393): GC_CONCURRENT freed 93K, 15% free 552K/648K, paused 0ms+0ms, total 1ms
I/PackageManager( 1571): Adding preferred activity ComponentInfo{com.android.mms/com.android.mms.ui.ComposeMessageActivity} for user 0 :
I/PackageManager( 1571):   Action: "android.intent.action.SENDTO"
I/PackageManager( 1571):   Category: "android.intent.category.DEFAULT"
I/PackageManager( 1571):   Scheme: "mms"
I/ChromeSync( 2093): [Persistence,AffiliationManager] One of affiliation or grouping data for android://KSmUCdTXmQS-j9D_O8l1jvyu41Pjn2mc5cb0Gvx1e9H1Aj4JCzHs_uTW26nbtH65K-YfijtBsQxGp-8R6k6HFg==@it.unina.android.ripper_service/ was not found. Marking affiliation data as stale...
I/PackageManager( 1571):   Action: "android.intent.action.SENDTO"
I/PackageManager( 1571):   Category: "android.intent.category.DEFAULT"
I/PackageManager( 1571):   Scheme: "mmsto"
I/PackageManager( 1571): Adding preferred activity ComponentInfo{com.android.mms/com.android.mms.ui.ComposeMessageActivity} for user 0 :
I/PackageManager( 1571): Adding preferred activity ComponentInfo{com.android.mms/com.android.mms.ui.ComposeMessageActivity} for user 0 :
I/Icing   ( 2093): IndexChimeraService.getServiceInterface callingPackage=com.google.android.googlequicksearchbox componentName=null serviceId=21
W/Icing   ( 2093): No valid account for uploading user actions
I/Icing   ( 2093): Usage reports ok 0, Failed Usage reports 0, indexed 0, rejected 0
D/dalvikvm( 2093): GC_FOR_ALLOC freed 1974K, 13% free 21422K/24584K, paused 30ms, total 30ms
I/Icing   ( 2093): Indexing com.google.android.gms-apps from com.google.android.gms
I/Icing   ( 2093): Indexing com.google.android.googlequicksearchbox-applications from com.google.android.googlequicksearchbox
I/Icing   ( 2093): Indexing done com.google.android.gms-apps
I/Icing   ( 2093): Indexing com.google.android.gms-internal.3p:MobileApplication from com.google.android.gms
I/Icing   ( 2093): Indexing done com.google.android.googlequicksearchbox-applications
I/Icing   ( 2093): Indexing done com.google.android.gms-internal.3p:MobileApplication
D/AndroidRuntime(12412): 
D/AndroidRuntime(12412): >>>>>> AndroidRuntime START com.android.internal.os.RuntimeInit <<<<<<
W/linker  (12412): libdvm.so has text relocations. This is wasting memory and is a security risk. Please fix.
D/AndroidRuntime(12412): CheckJNI is ON
D/dalvikvm(12412): Trying to load lib libjavacore.so 0x0
D/dalvikvm(12412): Added shared lib libjavacore.so 0x0
D/dalvikvm(12412): Trying to load lib libnativehelper.so 0x0
D/dalvikvm(12412): Added shared lib libnativehelper.so 0x0
D/dalvikvm(12412): No JNI_OnLoad found in libnativehelper.so 0x0, skipping init
D/dalvikvm(12412): Note: class Landroid/app/ActivityManagerNative; has 179 unimplemented (abstract) methods
E/memtrack(12412): Couldn't load memtrack module (No such file or directory)
E/android.os.Debug(12412): failed to load memtrack module: -2
D/AndroidRuntime(12412): Calling main entry com.android.commands.pm.Pm
D/AndroidRuntime(12412): Shutting down VM
D/dalvikvm(12412): GC_CONCURRENT freed 92K, 15% free 547K/644K, paused 0ms+1ms, total 1ms
D/AndroidRuntime(12423): 
D/AndroidRuntime(12423): >>>>>> AndroidRuntime START com.android.internal.os.RuntimeInit <<<<<<
W/linker  (12423): libdvm.so has text relocations. This is wasting memory and is a security risk. Please fix.
D/AndroidRuntime(12423): CheckJNI is ON
D/dalvikvm(12423): Trying to load lib libjavacore.so 0x0
D/dalvikvm(12423): Added shared lib libjavacore.so 0x0
D/dalvikvm(12423): Trying to load lib libnativehelper.so 0x0
D/dalvikvm(12423): Added shared lib libnativehelper.so 0x0
D/dalvikvm(12423): No JNI_OnLoad found in libnativehelper.so 0x0, skipping init
D/dalvikvm(12423): Note: class Landroid/app/ActivityManagerNative; has 179 unimplemented (abstract) methods
E/memtrack(12423): Couldn't load memtrack module (No such file or directory)
E/android.os.Debug(12423): failed to load memtrack module: -2
D/AndroidRuntime(12423): Calling main entry com.android.commands.pm.Pm
D/AndroidRuntime(12423): Shutting down VM
D/dalvikvm(12423): GC_CONCURRENT freed 92K, 15% free 547K/644K, paused 0ms+0ms, total 0ms
D/AndroidRuntime(12434): 
D/AndroidRuntime(12434): >>>>>> AndroidRuntime START com.android.internal.os.RuntimeInit <<<<<<
W/linker  (12434): libdvm.so has text relocations. This is wasting memory and is a security risk. Please fix.
D/AndroidRuntime(12434): CheckJNI is ON
D/dalvikvm(12434): Trying to load lib libjavacore.so 0x0
D/dalvikvm(12434): Added shared lib libjavacore.so 0x0
D/dalvikvm(12434): Trying to load lib libnativehelper.so 0x0
D/dalvikvm(12434): Added shared lib libnativehelper.so 0x0
D/dalvikvm(12434): No JNI_OnLoad found in libnativehelper.so 0x0, skipping init
D/dalvikvm(12434): Note: class Landroid/app/ActivityManagerNative; has 179 unimplemented (abstract) methods
E/memtrack(12434): Couldn't load memtrack module (No such file or directory)
E/android.os.Debug(12434): failed to load memtrack module: -2
D/AndroidRuntime(12434): Calling main entry com.android.commands.am.Am
D/dalvikvm( 1145): GC_EXPLICIT freed 40K, 8% free 2993K/3220K, paused 1ms+0ms, total 2ms
D/dalvikvm( 1145): GC_EXPLICIT freed <1K, 8% free 2993K/3220K, paused 0ms+0ms, total 2ms
D/dalvikvm( 1145): GC_EXPLICIT freed <1K, 8% free 2993K/3220K, paused 0ms+0ms, total 2ms
D/AndroidRuntime(12434): Shutting down VM
D/dalvikvm(12434): GC_CONCURRENT freed 93K, 15% free 575K/672K, paused 1ms+0ms, total 1ms
V/AndroidRipperService(12445): onCreate()
V/SERVER  (12445): Starting ServerSocket on PORT 18888
V/SERVER  (12445): Started ServerSocket on PORT 18888
V/SERVER  (12445): Ready to accept connections on port: 18888
I/ActivityManager( 1571): Start proc it.unina.android.ripper_service:android_ripper_service_process for service it.unina.android.ripper_service/.AndroidRipperService: pid=12445 uid=10133 gids={50133, 3003, 1028, 1015}
D/AndroidRuntime(12459): 
D/AndroidRuntime(12459): >>>>>> AndroidRuntime START com.android.internal.os.RuntimeInit <<<<<<
W/linker  (12459): libdvm.so has text relocations. This is wasting memory and is a security risk. Please fix.
D/AndroidRuntime(12459): CheckJNI is ON
D/dalvikvm(12459): Trying to load lib libjavacore.so 0x0
D/dalvikvm(12459): Added shared lib libjavacore.so 0x0
D/dalvikvm(12459): Trying to load lib libnativehelper.so 0x0
D/dalvikvm(12459): Added shared lib libnativehelper.so 0x0
D/dalvikvm(12459): No JNI_OnLoad found in libnativehelper.so 0x0, skipping init
D/dalvikvm(12459): Note: class Landroid/app/ActivityManagerNative; has 179 unimplemented (abstract) methods
E/memtrack(12459): Couldn't load memtrack module (No such file or directory)
E/android.os.Debug(12459): failed to load memtrack module: -2
D/AndroidRuntime(12459): Calling main entry com.android.commands.input.Input
I/Input   (12459): injectKeyEvent: KeyEvent { action=ACTION_DOWN, keyCode=KEYCODE_MENU, scanCode=0, metaState=0, flags=0x0, repeatCount=0, eventTime=1157571, downTime=1157571, deviceId=-1, source=0x101 }
I/Input   (12459): injectKeyEvent: KeyEvent { action=ACTION_UP, keyCode=KEYCODE_MENU, scanCode=0, metaState=0, flags=0x0, repeatCount=0, eventTime=1157571, downTime=1157571, deviceId=-1, source=0x101 }
D/AndroidRuntime(12459): Shutting down VM
E/SoundPool( 1571): error loading /system/media/audio/ui/Effect_Tick.ogg
W/AudioService( 1571): Soundpool could not load file: /system/media/audio/ui/Effect_Tick.ogg
E/SoundPool( 1571): error loading /system/media/audio/ui/Effect_Tick.ogg
W/AudioService( 1571): Soundpool could not load file: /system/media/audio/ui/Effect_Tick.ogg
E/SoundPool( 1571): error loading /system/media/audio/ui/Effect_Tick.ogg
W/AudioService( 1571): Soundpool could not load file: /system/media/audio/ui/Effect_Tick.ogg
E/SoundPool( 1571): error loading /system/media/audio/ui/Effect_Tick.ogg
W/AudioService( 1571): Soundpool could not load file: /system/media/audio/ui/Effect_Tick.ogg
E/SoundPool( 1571): error loading /system/media/audio/ui/Effect_Tick.ogg
W/AudioService( 1571): Soundpool could not load file: /system/media/audio/ui/Effect_Tick.ogg
E/SoundPool( 1571): error loading /system/media/audio/ui/KeypressStandard.ogg
W/AudioService( 1571): Soundpool could not load file: /system/media/audio/ui/KeypressStandard.ogg
E/SoundPool( 1571): error loading /system/media/audio/ui/KeypressSpacebar.ogg
W/AudioService( 1571): Soundpool could not load file: /system/media/audio/ui/KeypressSpacebar.ogg
E/SoundPool( 1571): error loading /system/media/audio/ui/KeypressDelete.ogg
W/AudioService( 1571): Soundpool could not load file: /system/media/audio/ui/KeypressDelete.ogg
E/SoundPool( 1571): error loading /system/media/audio/ui/KeypressReturn.ogg
W/AudioService( 1571): Soundpool could not load file: /system/media/audio/ui/KeypressReturn.ogg
E/SoundPool( 1571): error loading /system/media/audio/ui/KeypressInvalid.ogg
W/AudioService( 1571): Soundpool could not load file: /system/media/audio/ui/KeypressInvalid.ogg
W/AudioService( 1571): onLoadSoundEffects(), Error -1 while loading samples
D/dalvikvm(12459): GC_CONCURRENT freed 96K, 15% free 554K/652K, paused 0ms+0ms, total 0ms
D/EGL_emulation( 1941): eglMakeCurrent: 0xb7d63b70: ver 3 0
E/EGL_emulation( 1941): tid 1941: eglSurfaceAttrib(1199): error 0x3009 (EGL_BAD_MATCH)
W/HardwareRenderer( 1941): Backbuffer cannot be preserved
D/AndroidRuntime(12477): 
D/AndroidRuntime(12477): >>>>>> AndroidRuntime START com.android.internal.os.RuntimeInit <<<<<<
W/linker  (12477): libdvm.so has text relocations. This is wasting memory and is a security risk. Please fix.
D/AndroidRuntime(12477): CheckJNI is ON
D/dalvikvm(12477): Trying to load lib libjavacore.so 0x0
D/dalvikvm(12477): Added shared lib libjavacore.so 0x0
D/dalvikvm(12477): Trying to load lib libnativehelper.so 0x0
D/dalvikvm(12477): Added shared lib libnativehelper.so 0x0
D/dalvikvm(12477): No JNI_OnLoad found in libnativehelper.so 0x0, skipping init
D/dalvikvm(12477): Note: class Landroid/app/ActivityManagerNative; has 179 unimplemented (abstract) methods
E/memtrack(12477): Couldn't load memtrack module (No such file or directory)
E/android.os.Debug(12477): failed to load memtrack module: -2
D/AndroidRuntime(12477): Calling main entry com.android.commands.pm.Pm
W/ActivityManager( 1571): No content provider found for permission revoke: file:///sdcard/aut.apk
W/ActivityManager( 1571): No content provider found for permission revoke: file:///sdcard/aut.apk
I/PackageManager( 1571): Copying native libraries to /data/app-lib/vmdl-1341157128
D/dalvikvm( 1571): GC_FOR_ALLOC freed 1607K, 38% free 10477K/16748K, paused 9ms, total 9ms
D/dalvikvm( 1571): GC_FOR_ALLOC freed 1784K, 37% free 10566K/16748K, paused 6ms, total 6ms
D/dalvikvm( 1571): GC_FOR_ALLOC freed 1872K, 37% free 10586K/16748K, paused 7ms, total 7ms
D/dalvikvm( 1571): GC_FOR_ALLOC freed 1891K, 37% free 10599K/16748K, paused 7ms, total 7ms
I/PackageManager( 1571): Running dexopt on: com.maxistar.textpad
W/linker  (12488): libdvm.so has text relocations. This is wasting memory and is a security risk. Please fix.
W/dalvikvm(12488): method Landroidx/appcompat/widget/DropDownListView;.lookForSelectablePosition incorrectly overrides package-private method with same name in Landroid/widget/ListView;
D/dalvikvm(12488): DexOpt: couldn't find field Landroid/content/res/Configuration;.colorMode
D/dalvikvm(12488): DexOpt: couldn't find field Landroid/view/inputmethod/EditorInfo;.contentMimeTypes
I/dalvikvm(12488): DexOpt: illegal method access (call Landroid/widget/TextView;.getTextDirectionHeuristic ()Landroid/text/TextDirectionHeuristic; from Landroidx/appcompat/widget/AppCompatTextViewAutoSizeHelper$Impl29;)
D/dalvikvm(12488): DexOpt: load 14ms, verify+opt 49ms, 2064596 bytes
D/dalvikvm( 1777): GC_FOR_ALLOC freed 1835K, 23% free 9875K/12792K, paused 8ms, total 8ms
I/ActivityManager( 1571): Force stopping com.maxistar.textpad appid=10134 user=-1: update pkg
D/Documents( 3193): Used cached roots for com.android.providers.downloads.documents
D/Documents( 3193): Used cached roots for com.android.externalstorage.documents
D/Documents( 3193): Used cached roots for com.android.providers.media.documents
D/Documents( 3193): Update found 6 roots in 1ms
W/Launcher.Model( 2302): Nobody to tell about the new app.  Launcher is probably loading.
I/InputReader( 1571): Reconfiguring input devices.  changes=0x00000010
I/PackageManager( 1571):   Action: "android.intent.action.SENDTO"
I/PackageManager( 1571):   Category: "android.intent.category.DEFAULT"
I/PackageManager( 1571):   Scheme: "sms"
I/PackageManager( 1571): Adding preferred activity ComponentInfo{com.android.mms/com.android.mms.ui.ComposeMessageActivity} for user 0 :
D/dalvikvm( 1798): GC_FOR_ALLOC freed 463K, 18% free 3619K/4384K, paused 1ms, total 1ms
I/PackageManager( 1571):   Action: "android.intent.action.SENDTO"
I/PackageManager( 1571):   Category: "android.intent.category.DEFAULT"
I/PackageManager( 1571):   Scheme: "smsto"
W/GCM     ( 1777): Unexpected forwarded intent: Intent { act=android.intent.action.PACKAGE_ADDED dat=package:com.maxistar.textpad flg=0x4000010 cmp=com.google.android.gms/.chimera.PersistentIntentOperationService (has extras) }
W/GCM     ( 1777): Unexpected forwarded intent: Intent { act=android.intent.action.PACKAGE_ADDED dat=package:com.maxistar.textpad flg=0x4000010 cmp=com.google.android.gms/.chimera.PersistentIntentOperationService (has extras) }
I/PackageManager( 1571): Adding preferred activity ComponentInfo{com.android.mms/com.android.mms.ui.ComposeMessageActivity} for user 0 :
D/BackupManagerService( 1571): Received broadcast Intent { 