D/dalvikvm( 1571): GC_FOR_ALLOC freed 1897K, 38% free 10609K/17052K, paused 6ms, total 7ms
D/dalvikvm( 1571): GC_FOR_ALLOC freed 1893K, 38% free 10619K/17052K, paused 7ms, total 7ms
I/PackageManager( 1571): Running dexopt on: de.nproth.pin
W/linker  ( 2519): libdvm.so has text relocations. This is wasting memory and is a security risk. Please fix.
W/dalvikvm( 2519): method Landroid/support/v7/widget/DropDownListView;.lookForSelectablePosition incorrectly overrides package-private method with same name in Landroid/widget/ListView;
D/dalvikvm( 2519): DexOpt: couldn't find field Landroid/view/inputmethod/EditorInfo;.contentMimeTypes
D/dalvikvm( 2519): DexOpt: couldn't find static field Landroid/view/View;.TRANSLATION_Z
D/dalvikvm( 2519): DexOpt: load 30ms, verify+opt 81ms, 2633500 bytes
I/PackageManager( 1571): Running dexopt on: com.google.android.calendar
W/linker  ( 2521): libdvm.so has text relocations. This is wasting memory and is a security risk. Please fix.
D/dalvikvm( 2521): DexOpt: load 9ms, verify+opt 58ms, 1896332 bytes
I/ActivityManager( 1571): Force stopping de.nproth.pin appid=10058 user=-1: update pkg
I/NearbySharing( 2146): Runtime state initialization complete. Sharing is disabled. [CONTEXT service_id=194 ]
I/PackageManager( 1571):   Action: "android.intent.action.SENDTO"
I/PackageManager( 1571):   Category: "android.intent.category.DEFAULT"
I/PackageManager( 1571):   Scheme: "sms"
D/dalvikvm( 2340): GC_FOR_ALLOC freed 282K, 11% free 3205K/3564K, paused 9ms, total 9ms
W/Launcher.Model( 2340): Nobody to tell about the new app.  Launcher is probably loading.
I/PackageManager( 1571): Adding preferred activity ComponentInfo{com.android.mms/com.android.mms.ui.ComposeMessageActivity} for user 0 :
E/GCM     ( 1779): Missing checkin config file
W/GCM     ( 1779): GCM FAILED TO INITIALIZE - missing checkin
D/dalvikvm( 2146): GC_FOR_ALLOC freed 1297K, 15% free 8207K/9580K, paused 14ms, total 15ms
I/InputReader( 1571): Reconfiguring input devices.  changes=0x00000010
I/PackageManager( 1571):   Action: "android.intent.action.SENDTO"
I/PackageManager( 1571):   Category: "android.intent.category.DEFAULT"
I/PackageManager( 1571):   Scheme: "smsto"
E/StrictMode( 2146): Finalizing a Cursor that has not been deactivated or closed. database = /data/data/com.google.android.gms/databases/matchstickv9.db, table = sharedPreference, query = SELECT * FROM sharedPreference WHERE key = ?
E/StrictMode( 2146): android.database.sqlite.DatabaseObjectNotClosedException: Application did not close the cursor or database object that was opened here
E/StrictMode( 2146): 	at android.database.sqlite.SQLiteCursor.<init>(SQLiteCursor.java:98)
E/StrictMode( 2146): 	at android.database.sqlite.SQLiteDirectCursorDriver.query(SQLiteDirectCursorDriver.java:50)
E/StrictMode( 2146): 	at android.database.sqlite.SQLiteDatabase.rawQueryWithFactory(SQLiteDatabase.java:1314)
E/StrictMode( 2146): 	at android.database.sqlite.SQLiteDatabase.queryWithFactory(SQLiteDatabase.java:1161)
E/StrictMode( 2146): 	at android.database.sqlite.SQLiteDatabase.query(SQLiteDatabase.java:1032)
E/StrictMode( 2146): 	at android.database.sqlite.SQLiteDatabase.query(SQLiteDatabase.java:1200)
E/StrictMode( 2146): 	at aqsg.a(:com.google.android.gms@202414005@20.24.14 (000700-319035315):7)
E/StrictMode( 2146): 	at aqsv.K(:com.google.android.gms@202414005@20.24.14 (000700-319035315):4)
E/StrictMode( 2146): 	at com.google.android.gms.matchstick.intent.MatchstickIntentHandler$OnModuleInitOperation.a(:com.google.android.gms@202414005@20.24.14 (000700-319035315):14)
E/StrictMode( 2146): 	at ljt.onHandleIntent(:com.google.android.gms@202414005@20.24.14 (000700-319035315):7)
E/StrictMode( 2146): 	at com.google.android.chimera.IntentOperation.onHandleIntent(:com.google.android.gms@202414005@20.24.14 (000700-319035315):2)
E/StrictMode( 2146): 	at ljm.onHandleIntent(:com.google.android.gms@202414005@20.24.14 (000700-319035315):4)
E/StrictMode( 2146): 	at bsh.run(:com.google.android.gms@202414005@20.24.14 (000700-319035315):5)
E/StrictMode( 2146): 	at bsg.run(:com.google.android.gms@202414005@20.24.14 (000700-319035315):10)
E/StrictMode( 2146): 	at java.util.concurrent.ThreadPoolExecutor.runWorker(ThreadPoolExecutor.java:1112)
E/StrictMode( 2146): 	at java.util.concurrent.ThreadPoolExecutor$Worker.run(ThreadPoolExecutor.java:587)
E/StrictMode( 2146): 	at java.lang.Thread.run(Thread.java:841)
I/PackageManager( 1571): Adding preferred activity ComponentInfo{com.android.mms/com.android.mms.ui.ComposeMessageActivity} for user 0 :
D/BackupManagerService( 1571): Received broadcast Intent { act=android.intent.action.PACKAGE_ADDED dat=package:de.nproth.pin flg=0x4000010 (has extras) }
I/PackageManager( 1571):   Action: "android.intent.action.SENDTO"
I/PackageManager( 1571):   Category: "android.intent.category.DEFAULT"
I/PackageManager( 1571):   Scheme: "mms"
V/BackupManagerService( 1571): addPackageParticipantsLocked: #1
I/PackageManager( 1571): Adding preferred activity ComponentInfo{com.android.mms/com.android.mms.ui.ComposeMessageActivity} for user 0 :
D/dalvikvm( 1801): GC_FOR_ALLOC freed 440K, 15% free 3636K/4236K, paused 2ms, total 2ms
I/PackageManager( 1571):   Action: "android.intent.action.SENDTO"
I/PackageManager( 1571):   Category: "android.intent.category.DEFAULT"
I/PackageManager( 1571):   Scheme: "mmsto"
E/GCM     ( 1779): Missing checkin config file
W/GCM     ( 1779): GCM FAILED TO INITIALIZE - missing checkin
I/PackageManager( 1571): Adding preferred activity ComponentInfo{com.android.mms/com.android.mms.ui.ComposeMessageActivity} for user 0 :
I/PackageManager( 1571):   Action: "android.intent.action.SENDTO"
I/PackageManager( 1571):   Category: "android.intent.category.DEFAULT"
I/PackageManager( 1571):   Scheme: "sms"
E/dalvikvm( 2146): Could not find class 'android.telephony.SubscriptionManager', referenced from method lbk.a
W/dalvikvm( 2146): VFY: unable to resolve check-cast 1109 (Landroid/telephony/SubscriptionManager;) in Llbk;
D/dalvikvm( 2146): VFY: replacing opcode 0x1f at 0x0236
I/PackageManager( 1571):   Action: "android.intent.action.SENDTO"
I/PackageManager( 1571):   Category: "android.intent.category.DEFAULT"
I/PackageManager( 1571):   Scheme: "smsto"
I/dalvikvm( 2146): Could not find method java.util.Locale.toLanguageTag, referenced from method com.google.android.libraries.matchstick.net.SilentRegisterIntentOperation.a
W/dalvikvm( 2146): VFY: unable to resolve virtual method 57646: Ljava/util/Locale;.toLanguageTag ()Ljava/lang/String;
D/dalvikvm( 2146): VFY: replacing opcode 0x6e at 0x0066
I/PackageManager( 1571): Adding preferred activity ComponentInfo{com.android.mms/com.android.mms.ui.ComposeMessageActivity} for user 0 :
I/PackageManager( 1571): Adding preferred activity ComponentInfo{com.android.mms/com.android.mms.ui.ComposeMessageActivity} for user 0 :
I/PackageManager( 1571):   Action: "android.intent.action.SENDTO"
I/PackageManager( 1571):   Category: "android.intent.category.DEFAULT"
I/PackageManager( 1571):   Scheme: "mms"
I/PackageManager( 1571): Adding preferred activity ComponentInfo{com.android.mms/com.android.mms.ui.ComposeMessageActivity} for user 0 :
E/WakeLock( 1779): GCM_HB_ALARM release without a matched acquire!
W/WakeLock( 1779): GCM_HB_ALARM counter does not exist
D/dalvikvm( 1801): GC_FOR_ALLOC freed 369K, 14% free 3651K/4236K, paused 2ms, total 2ms
D/dalvikvm( 1571): GC_EXPLICIT freed 1652K, 37% free 10743K/17052K, paused 2ms+5ms, total 92ms
D/AndroidRuntime( 2466): Shutting down VM
D/jdwp    ( 2466): Got wake-up signal, bailing out of select
D/dalvikvm( 2466): Debugger has detached; object registry had 1 entries
I/dalvikvm( 2146): Could not find method java.util.Locale.toLanguageTag, referenced from method lbk.a
W/dalvikvm( 2146): VFY: unable to resolve virtual method 43769: Ljava/util/Locale;.toLanguageTag ()Ljava/lang/String;
D/dalvikvm( 2146): VFY: replacing opcode 0x6e at 0x0025
W/dalvikvm( 2146): VFY: unable to find class referenced in signature (Landroid/telephony/SubscriptionManager;)
I/PackageManager( 1571):   Action: "android.intent.action.SENDTO"
I/PackageManager( 1571):   Category: "android.intent.category.DEFAULT"
I/PackageManager( 1571):   Scheme: "mmsto"
I/dalvikvm( 2146): Could not find method android.telephony.SubscriptionManager.getActiveSubscriptionInfoList, referenced from method lbk.a
W/dalvikvm( 2146): VFY: unable to resolve virtual method 5833: Landroid/telephony/SubscriptionManager;.getActiveSubscriptionInfoList ()Ljava/util/List;
D/dalvikvm( 2146): VFY: replacing opcode 0x74 at 0x0004
I/CheckinRequestBuilder( 2146): Checkin reason type: 5 attempt count: 1 [CONTEXT service_id=130 ]
I/PackageManager( 1571): Adding preferred activity ComponentInfo{com.android.mms/com.android.mms.ui.ComposeMessageActivity} for user 0 :
I/ActivityManager( 1571): Start proc com.android.providers.calendar for content provider com.android.providers.calendar/.CalendarProvider2: pid=2536 uid=10001 gids={50001, 3003, 1028, 1015}
I/PackageManager( 1571): Running dexopt on: com.android.deskclock
I/ActivityManager( 1571): Start proc com.android.deskclock for broadcast com.android.deskclock/.AlarmInitReceiver: pid=2550 uid=10022 gids={50022, 1028}
W/linker  ( 2565): libdvm.so has text relocations. This is wasting memory and is a security risk. Please fix.
W/DynamiteModule( 2146): Local module descriptor class for providerinstaller not found.
W/ProviderHelper( 2146): Unknown dynamite feature providerinstaller
I/DynamiteModule( 2146): Considering local module providerinstaller:0 and remote module providerinstaller:0
W/ProviderInstaller( 2146): Failed to load providerinstaller module: No acceptable module found. Local version is 0 and remote version is 0.
D/dalvikvm( 2146): GC_FOR_ALLOC freed 565K, 14% free 8300K/9648K, paused 8ms, total 9ms
I/CalendarDatabaseHelper( 2536): Bootstrapping database
I/dalvikvm-heap( 2146): Grow heap (frag case) to 9.176MB for 1048588-byte allocation
D/dalvikvm( 2146): GC_FOR_ALLOC freed 4K, 13% free 9320K/10676K, paused 7ms, total 7ms
I/dalvikvm( 2146): Could not find method android.system.Os.stat, referenced from method brj.a
W/dalvikvm( 2146): VFY: unable to resolve static method 3146: Landroid/system/Os;.stat (Ljava/lang/String;)Landroid/system/StructStat;
D/dalvikvm( 2146): VFY: replacing opcode 0x71 at 0x00d7
D/dalvikvm( 2565): DexOpt: load 10ms, verify+opt 30ms, 1099492 bytes
I/FusedLocation( 1571): engine stopped (com.android.location.fused)
I/CalendarProvider2( 2536): Created com.android.providers.calendar.CalendarAlarmManager@9cfd2828(com.android.providers.calendar.CalendarProvider2@9cfbf5d8)
V/AlarmClock( 2550): AlarmInitReceiver android.intent.action.TIMEZONE_CHANGED
I/GCoreUlr( 1779): WorldUpdater received intent Intent { act=com.google.android.location.reporting.ACTION_UPDATE_WORLD cmp=com.google.android.gms/com.google.android.location.reporting.service.DispatchingService (has extras) } with receiverAction android.location.PROVIDERS_CHANGED
I/Icing   ( 2146): Internal init done: storage state 0
I/AlarmClock( 2550): Alarms Table created
I/AlarmClock( 2550): Instance table created
I/AlarmClock( 2550): Cities table created
I/AlarmClock( 2550): Inserting default alarms
D/dalvikvm( 2146): GC_EXPLICIT freed 1622K, 25% free 8196K/10908K, paused 4ms+6ms, total 45ms
I/GCoreUlr( 1779): WorldUpdater:android.location.PROVIDERS_CHANGED: Ensuring that reporting is stopped because of reasons: (no Google accounts)
I/Icing   ( 2146): Indexing com.google.android.gms-sms from com.google.android.gms
I/AlarmClock( 2550): Displaying next alarm time: ''
V/AlarmClock( 2550): AlarmInitReceiver finished
W/BackupManagerService( 1571): dataChanged but no participant pkg='com.android.providers.settings' uid=10022
I/ActivityManager( 1571): Start proc com.google.android.play.games for broadcast com.google.android.play.games/com.google.android.libraries.notifications.entrypoints.timezonechanged.TimezoneChangedReceiver: pid=2572 uid=10043 gids={50043, 3003}
I/GCoreUlr( 1779): Unbound from all signal providers.
I/PackageManager( 1571): Running dexopt on: com.google.android.play.games
W/linker  ( 2586): libdvm.so has text relocations. This is wasting memory and is a security risk. Please fix.
D/AndroidRuntime( 2588): 
D/AndroidRuntime( 2588): >>>>>> AndroidRuntime START com.android.internal.os.RuntimeInit <<<<<<
W/linker  ( 2588): libdvm.so has text relocations. This is wasting memory and is a security risk. Please fix.
D/AndroidRuntime( 2588): CheckJNI is ON
D/dalvikvm( 2588): Trying to load lib libjavacore.so 0x0
D/dalvikvm( 2588): Added shared lib libjavacore.so 0x0
D/dalvikvm( 2588): Trying to load lib libnativehelper.so 0x0
D/dalvikvm( 2588): Added shared lib libnativehelper.so 0x0
D/dalvikvm( 2588): No JNI_OnLoad found in libnativehelper.so 0x0, skipping init
I/Icing   ( 2146): IndexChimeraService.getServiceInterface callingPackage=com.google.android.gms componentName=null serviceId=36
I/Icing   ( 2146): IndexChimeraService.getServiceInterface callingPackage=com.google.android.gms componentName=IpaAppsCorpus serviceId=32
I/Icing   ( 2146): IndexChimeraService.getServiceInterface callingPackage=com.google.android.gms componentName=null serviceId=30
D/dalvikvm( 2588): Note: class Landroid/app/ActivityManagerNative; has 179 unimplemented (abstract) methods
D/dalvikvm( 2146): DexOpt: --- BEGIN 'AdsDynamite.apk' (bootstrap=0) ---
W/linker  ( 2597): libdvm.so has text relocations. This is wasting memory and is a security risk. Please fix.
E/memtrack( 2588): Couldn't load memtrack module (No such file or directory)
E/android.os.Debug( 2588): failed to load memtrack module: -2
D/AndroidRuntime( 2588): Calling main entry com.android.commands.pm.Pm
D/dalvikvm( 2597): DexOpt: couldn't find field Landroid/view/WindowManager$LayoutParams;.layoutInDisplayCutoutMode
E/cutils-trace( 2586): Error opening trace file: Permission denied (13)
D/dalvikvm( 2586): GC_FOR_ALLOC freed 16K, 1% free 2030K/2048K, paused 1ms, total 1ms
D/dalvikvm( 2586): DexOpt: couldn't find static field Landroid/view/View;.TRANSLATION_Z
D/dalvikvm( 2597): DexOpt: load 27ms, verify+opt 166ms, 2655180 bytes
D/dalvikvm( 2146): DexOpt: --- END 'AdsDynamite.apk' (success) ---
D/dalvikvm( 2146): DEX prep '/data/data/com.google.android.gms/app_chimera/m/00000000/AdsDynamite.apk': unzip in 119ms, rewrite 289ms
D/dalvikvm( 2586): DexOpt: couldn't find static field Landroid/graphics/Bitmap$Config;.HARDWARE
D/dalvikvm( 2586): DexOpt: couldn't find static field Landroid/graphics/Bitmap$Config;.RGBA_F16
D/dalvikvm( 2586): DexOpt: couldn't find static field Landroid/graphics/Bitmap$Config;.HARDWARE
D/dalvikvm( 2586): DexOpt: couldn't find static field Landroid/graphics/Bitmap$Config;.RGBA_F16
D/dalvikvm( 2586): DexOpt: couldn't find static field Landroid/graphics/Bitmap$Config;.RGBA_F16
W/DynamiteModule( 2146): Local module descriptor class for providerinstaller not found.
I/DynamiteModule( 2146): Considering local module providerinstaller:0 and remote module providerinstaller:0
W/ProviderInstaller( 2146): Failed to load providerinstaller module: No acceptable module found. Local version is 0 and remote version is 0.
D/dalvikvm( 2146): GC_FOR_ALLOC freed 1382K, 24% free 8308K/10908K, paused 6ms, total 6ms
D/dalvikvm( 2586): DexOpt: couldn't find field Landroid/content/pm/ApplicationInfo;.category
D/dalvikvm( 2586): DexOpt: couldn't find field Landroid/content/pm/ResolveInfo;.isInstantAppAvailable
D/dalvikvm( 2146): GC_EXPLICIT freed 1310K, 25% free 8204K/10908K, paused 1ms+0ms, total 9ms
D/dalvikvm( 2146): DexOpt: --- BEGIN 'CronetDynamite.apk' (bootstrap=0) ---
W/linker  ( 2601): libdvm.so has text relocations. This is wasting memory and is a security risk. Please fix.
D/dalvikvm( 2601): DexOpt: couldn't find static field Landroid/os/Build;.SUPPORTED_ABIS
D/dalvikvm( 2601): DexOpt: load 2ms, verify+opt 7ms, 472172 bytes
D/dalvikvm( 2146): DexOpt: --- END 'CronetDynamite.apk' (success) ---
D/dalvikvm( 2146): DEX prep '/data/data/com.google.android.gms/app_chimera/m/00000001/CronetDynamite.apk': unzip in 1ms, rewrite 35ms
W/DynamiteModule( 2146): Local module descriptor class for providerinstaller not found.
I/DynamiteModule( 2146): Considering local module providerinstaller:0 and remote module providerinstaller:0
W/ProviderInstaller( 2146): Failed to load providerinstaller module: No acceptable module found. Local version is 0 and remote version is 0.
D/dalvikvm( 2146): GC_EXPLICIT freed 312K, 25% free 8214K/10908K, paused 1ms+0ms, total 8ms
D/dalvikvm( 2146): DexOpt: --- BEGIN 'DynamiteLoader.apk' (bootstrap=0) ---
W/linker  ( 2602): libdvm.so has text relocations. This is wasting memory and is a security risk. Please fix.
D/dalvikvm( 2602): DexOpt: couldn't find static field Landroid/os/Build;.SUPPORTED_64_BIT_ABIS
D/dalvikvm( 2602): DexOpt: couldn't find static field Landroid/os/Build;.SUPPORTED_64_BIT_ABIS
D/dalvikvm( 2602): DexOpt: couldn't find static field Landroid/os/Build;.SUPPORTED_64_BIT_ABIS
D/dalvikvm( 2602): DexOpt: load 1ms, verify+opt 7ms, 376300 bytes
D/dalvikvm( 2146): DexOpt: --- END 'DynamiteLoader.apk' (success) ---
D/dalvikvm( 2146): DEX prep '/data/data/com.google.android.gms/app_chimera/m/00000002/DynamiteLoader.apk': unzip in 0ms, rewrite 23ms
W/DynamiteModule( 2146): Local module descriptor class for providerinstaller not found.
I/DynamiteModule( 2146): Considering local module providerinstaller:0 and remote module providerinstaller:0
W/ProviderInstaller( 2146): Failed to load providerinstaller module: No acceptable module found. Local version is 0 and remote version is 0.
D/dalvikvm( 2146): GC_EXPLICIT freed 590K, 25% free 8249K/10908K, paused 0ms+1ms, total 7ms
D/dalvikvm( 2146): DexOpt: --- BEGIN 'DynamiteModulesA.apk' (bootstrap=0) ---
W/linker  ( 2603): libdvm.so has text relocations. This is wasting memory and is a security risk. Please fix.
D/dalvikvm( 2603): DexOpt: load 6ms, verify+opt 27ms, 775212 bytes
D/dalvikvm( 2146): DexOpt: --- END 'DynamiteModulesA.apk' (success) ---
D/dalvikvm( 2146): DEX prep '/data/data/com.google.android.gms/app_chimera/m/00000003/DynamiteModulesA.apk': unzip in 3ms, rewrite 49ms
W/DynamiteModule( 2146): Local module descriptor class for providerinstaller not found.
I/DynamiteModule( 2146): Considering local module providerinstaller:0 and remote module providerinstaller:0
W/ProviderInstaller( 2146): Failed to load providerinstaller module: No acceptable module found. Local version is 0 and remote version is 0.
D/dalvikvm( 2586): DexOpt: couldn't find static field Landroid/hardware/camera2/CameraCharacteristics;.LENS_FACING
D/dalvikvm( 2586): DexOpt: couldn't find field Landroid/os/Message;.sendingUid
D/dalvikvm( 2146): GC_EXPLICIT freed 1356K, 22% free 8557K/10908K, paused 0ms+0ms, total 8ms
D/dalvikvm( 2146): DexOpt: --- BEGIN 'DynamiteModulesC.apk' (bootstrap=0) ---
W/linker  ( 2604): libdvm.so has text relocations. This is wasting memory and is a security risk. Please fix.
D/dalvikvm( 2586): DexOpt: load 78ms, verify+opt 479ms, 7544340 bytes
D/dalvikvm( 2604): DexOpt: load 12ms, verify+opt 70ms, 1684660 bytes
D/dalvikvm( 2146): DexOpt: --- END 'DynamiteModulesC.apk' (success) ---
D/dalvikvm( 2146): DEX prep '/data/data/com.google.android.gms/app_chimera/m/00000004/DynamiteModulesC.apk': unzip in 7ms, rewrite 109ms
W/DynamiteModule( 2146): Local module descriptor class for providerinstaller not found.
I/DynamiteModule( 2146): Considering local module providerinstaller:0 and remote module providerinstaller:0
W/ProviderInstaller( 2146): Failed to load providerinstaller module: No acceptable module found. Local version is 0 and remote version is 0.
E/dalvikvm( 2572): Could not find class 'android.app.NotificationChannel', referenced from method com.google.android.apps.play.games.core.PlayGamesApplication.onCreate
W/dalvikvm( 2572): VFY: unable to resolve new-instance 420 (Landroid/app/NotificationChannel;) in Lcom/google/android/apps/play/games/core/PlayGamesApplication;
I/GCoreUlr( 1779): WorldUpdater received intent Intent { act=com.google.android.location.reporting.ACTION_UPDATE_WORLD cmp=com.google.android.gms/com.google.android.location.reporting.service.DispatchingService (has extras) } with receiverAction init
D/dalvikvm( 2572): VFY: replacing opcode 0x22 at 0x008d
E/dalvikvm( 2572): Could not find class 'android.app.NotificationChannelGroup', referenced from method com.google.android.apps.play.games.core.PlayGamesApplication.onCreate
W/dalvikvm( 2572): VFY: unable to resolve new-instance 421 (Landroid/app/NotificationChannelGroup;) in Lcom/google/android/apps/play/games/core/PlayGamesApplication;
D/dalvikvm( 2572): VFY: replacing opcode 0x22 at 0x0131
D/dalvikvm( 2572): DexOpt: couldn't find static field Landroid/os/Build;.SUPPORTED_ABIS
W/dalvikvm( 2572): VFY: unable to resolve static field 1664 (SUPPORTED_ABIS) in Landroid/os/Build;
D/dalvikvm( 2572): VFY: replacing opcode 0x62 at 0x01a4
E/dalvikvm( 2572): Could not find class 'android.app.NotificationChannel', referenced from method com.google.android.apps.play.games.core.PlayGamesApplication.onCreate
W/dalvikvm( 2572): VFY: unable to resolve new-instance 420 (Landroid/app/NotificationChannel;) in Lcom/google/android/apps/play/games/core/PlayGamesApplication;
D/dalvikvm( 2572): VFY: replacing opcode 0x22 at 0x03e6
D/dalvikvm( 2572): DexOpt: unable to opt direct call 0x0b8a at 0x98 in Lcom/google/android/apps/play/games/core/PlayGamesApplication;.onCreate
D/dalvikvm( 2572): DexOpt: unable to opt direct call 0x0b8a at 0xa9 in Lcom/google/android/apps/play/games/core/PlayGamesApplication;.onCreate
D/dalvikvm( 2572): DexOpt: unable to opt direct call 0x0b8a at 0xba in Lcom/google/android/apps/play/games/core/PlayGamesApplication;.onCreate
D/dalvikvm( 2572): DexOpt: unable to opt direct call 0x0b8a at 0xcb in Lcom/google/android/apps/play/games/core/PlayGamesApplication;.onCreate
D/dalvikvm( 2572): DexOpt: unable to opt direct call 0x0b8a at 0xdc in Lcom/google/android/apps/play/games/core/PlayGamesApplication;.onCreate
D/dalvikvm( 2572): DexOpt: unable to opt direct call 0x0b8a at 0xed in Lcom/google/android/apps/play/games/core/PlayGamesApplication;.onCreate
W/ActivityManager( 1571): No content provider found for permission revoke: file:///sdcard/ripper.apk
W/ActivityManager( 1571): No content provider found for permission revoke: file:///sdcard/ripper.apk
I/PackageManager( 1571): Copying native libraries to /data/app-lib/vmdl1564384902
D/dalvikvm( 2572): DexOpt: unable to opt direct call 0x0b8a at 0x107 in Lcom/google/android/apps/play/games/core/PlayGamesApplication;.onCreate
D/dalvikvm( 2572): DexOpt: unable to opt direct call 0x0b95 at 0x135 in Lcom/google/android/apps/play/games/core/PlayGamesApplication;.onCreate
D/dalvikvm( 2572): DexOpt: unable to opt direct call 0x0b8a at 0x144 in Lcom/google/android/apps/play/games/core/PlayGamesApplication;.onCreate
D/dalvikvm( 2572): DexOpt: unable to opt direct call 0x0b8a at 0x160 in Lcom/google/android/apps/play/games/core/PlayGamesApplication;.onCreate
D/dalvikvm( 2572): DexOpt: unable to opt direct call 0x0b8a at 0x3eb in Lcom/google/android/apps/play/games/core/PlayGamesApplication;.onCreate
I/dalvikvm( 2572): Could not find method android.app.Notification.getChannelId, referenced from method keu.a
W/dalvikvm( 2572): VFY: unable to resolve virtual method 2951: Landroid/app/Notification;.getChannelId ()Ljava/lang/String;
D/dalvikvm( 2572): VFY: replacing opcode 0x6e at 0x0010
I/dalvikvm( 2572): Could not find method android.content.Context.createDeviceProtectedStorageContext, referenced from method hgf.a
W/dalvikvm( 2572): VFY: unable to resolve virtual method 3139: Landroid/content/Context;.createDeviceProtectedStorageContext ()Landroid/content/Context;
D/dalvikvm( 2572): VFY: replacing opcode 0x6e at 0x0029
I/dalvikvm( 2572): Could not find method android.content.Context.getSystemService, referenced from method hgf.a
W/dalvikvm( 2572): VFY: unable to resolve virtual method 3171: Landroid/content/Context;.getSystemService (Ljava/lang/Class;)Ljava/lang/Object;
D/dalvikvm( 2572): VFY: replacing opcode 0x6e at 0x0009
I/dalvikvm( 2572): Could not find method android.content.Context.createDeviceProtectedStorageContext, referenced from method nzv.a
W/dalvikvm( 2572): VFY: unable to resolve virtual method 3139: Landroid/content/Context;.createDeviceProtectedStorageContext ()Landroid/content/Context;
D/dalvikvm( 2572): VFY: replacing opcode 0x6e at 0x0031
I/dalvikvm( 2572): Could not find method android.content.Context.isDeviceProtectedStorage, referenced from method mlu.a
W/dalvikvm( 2572): VFY: unable to resolve virtual method 3177: Landroid/content/Context;.isDeviceProtectedStorage ()Z
D/dalvikvm( 2572): VFY: replacing opcode 0x6e at 0x0018
E/dalvikvm( 2572): Could not find class 'android.app.NotificationChannel', referenced from method fsr.a
W/dalvikvm( 2572): VFY: unable to resolve new-instance 420 (Landroid/app/NotificationChannel;) in Lfsr;
D/dalvikvm( 2572): VFY: replacing opcode 0x22 at 0x0236
D/dalvikvm( 2572): DexOpt: unable to opt direct call 0x0b8a at 0x23d in Lfsr;.a
I/PackageParser( 1571): it.unina.android.ripper: compat added android.permission.WRITE_EXTERNAL_STORAGE android.permission.READ_PHONE_STATE
I/dalvikvm( 2572): Failed resolving Lnok; interface 1015 'Landroid/view/Window$OnFrameMetricsAvailableListener;'
W/dalvikvm( 2572): Link of class 'Lnok;' failed
I/dalvikvm( 2572): Failed resolving Lnok; interface 1015 'Landroid/view/Window$OnFrameMetricsAvailableListener;'
W/dalvikvm( 2572): Link of class 'Lnok;' failed
I/dalvikvm( 2572): Failed resolving Lnok; interface 1015 'Landroid/view/Window$OnFrameMetricsAvailableListener;'
W/dalvikvm( 2572): Link of class 'Lnok;' failed
W/dalvikvm( 2572): VFY: unable to resolve instance field 27376
D/dalvikvm( 2572): VFY: replacing opcode 0x5c at 0x06cf
I/dalvikvm( 2572): Failed resolving Lnok; interface 1015 'Landroid/view/Window$OnFrameMetricsAvailableListener;'
W/dalvikvm( 2572): Link of class 'Lnok;' failed
I/dalvikvm( 2572): Failed resolving Lnok; interface 1015 'Landroid/view/Window$OnFrameMetricsAvailableListener;'
W/dalvikvm( 2572): Link of class 'Lnok;' failed
W/PrimesInit( 2572): Primes instant initialization
I/GCoreUlr( 1779): WorldUpdater:init: Ensuring that reporting is stopped because of reasons: (no Google accounts)
D/dalvikvm( 2572): GC_FOR_ALLOC freed 370K, 13% free 3135K/3580K, paused 2ms, total 2ms
I/dalvikvm( 2572): Could not find method android.app.AppOpsManager.permissionToOp, referenced from method rr.a
W/dalvikvm( 2572): VFY: unable to resolve static method 2785: Landroid/app/AppOpsManager;.permissionToOp (Ljava/lang/String;)Ljava/lang/String;
D/dalvikvm( 2572): VFY: replacing opcode 0x71 at 0x000e
I/dalvikvm( 2572): Could not find method android.content.Context.getSystemService, referenced from method rr.a
W/dalvikvm( 2572): VFY: unable to resolve virtual method 3171: Landroid/content/Context;.getSystemService (Ljava/lang/Class;)Ljava/lang/Object;
D/dalvikvm( 2572): VFY: replacing opcode 0x6e at 0x002b
W/Primes  ( 2572): background initialization
I/GCoreUlr( 1779): Unbound from all signal providers.
I/dalvikvm( 2572): Could not find method android.content.Context.getSystemService, referenced from method mry.a
W/dalvikvm( 2572): VFY: unable to resolve virtual method 3171: Landroid/content/Context;.getSystemService (Ljava/lang/Class;)Ljava/lang/Object;
D/dalvikvm( 2572): VFY: replacing opcode 0x6e at 0x001a
I/dalvikvm( 2572): Could not find method android.os.UserManager.isUserUnlocked, referenced from method mry.a
W/dalvikvm( 2572): VFY: unable to resolve virtual method 4621: Landroid/os/UserManager;.isUserUnlocked ()Z
D/dalvikvm( 2572): VFY: replacing opcode 0x6e at 0x0030
I/dalvikvm( 2572): Could not find method android.content.Context.isDeviceProtectedStorage, referenced from method mry.b
W/dalvikvm( 2572): VFY: unable to resolve virtual method 3177: Landroid/content/Context;.isDeviceProtectedStorage ()Z
D/dalvikvm( 2572): VFY: replacing opcode 0x6e at 0x0000
I/Icing   ( 2146): Query from package: com.google.android.gms, component: AppsCorpus, restrict package: com.google.android.gms, start: 0, num: 100 maxNumSlices: 2147483647
I/dalvikvm( 2572): Could not find method android.content.pm.PackageManager.getPackageInstaller, referenced from method gzw.a
W/dalvikvm( 2572): VFY: unable to resolve virtual method 3338: Landroid/content/pm/PackageManager;.getPackageInstaller ()Landroid/content/pm/PackageInstaller;
D/dalvikvm( 2572): VFY: replacing opcode 0x6e at 0x0024
I/GAv4-SVC( 2572): Google Analytics 16.9.98 is starting up.
D/dalvikvm( 1841): GC_EXPLICIT freed 169K, 29% free 5412K/7588K, paused 0ms+12ms, total 49ms
I/PrimesTesting( 2572): GserviceFlagsSupplier.get()
I/GCoreUlr( 1779): Unbound from all signal providers.
I/GCoreUlr( 1779): Stopping handler for UlrDispSvcFast
E/dalvikvm( 2572): Could not find class 'android.app.job.JobScheduler', referenced from method gss.e
W/dalvikvm( 2572): VFY: unable to resolve check-cast 443 (Landroid/app/job/JobScheduler;) in Lgss;
D/dalvikvm( 2572): VFY: replacing opcode 0x1f at 0x00d7
E/dalvikvm( 2572): Could not find class 'android.app.job.JobScheduler', referenced from method gss.b
W/dalvikvm( 2572): VFY: unable to resolve check-cast 443 (Landroid/app/job/JobScheduler;) in Lgss;
D/dalvikvm( 2572): VFY: replacing opcode 0x1f at 0x02b1
E/dalvikvm( 2572): Could not find class 'android.app.job.JobScheduler', referenced from method gss.b
W/dalvikvm( 2572): VFY: unable to resolve check-cast 443 (Landroid/app/job/JobScheduler;) in Lgss;
D/dalvikvm( 2572): VFY: replacing opcode 0x1f at 0x0672
E/dalvikvm( 2572): Could not find class 'android.app.job.JobScheduler', referenced from method gss.b
W/dalvikvm( 2572): VFY: unable to resolve check-cast 443 (Landroid/app/job/JobScheduler;) in Lgss;
D/dalvikvm( 2572): VFY: replacing opcode 0x1f at 0x0866
E/dalvikvm( 2572): Could not find class 'android.app.job.JobScheduler', referenced from method gss.b
W/dalvikvm( 2572): VFY: unable to resolve check-cast 443 (Landroid/app/job/JobScheduler;) in Lgss;
D/dalvikvm( 2572): VFY: replacing opcode 0x1f at 0x0906
E/dalvikvm( 2572): Could not find class 'android.app.job.JobScheduler', referenced from method gss.b
W/dalvikvm( 2572): VFY: unable to resolve check-cast 443 (Landroid/app/job/JobScheduler;) in Lgss;
D/dalvikvm( 2572): VFY: replacing opcode 0x1f at 0x095c
E/dalvikvm( 2572): Could not find class 'android.app.job.JobScheduler', referenced from method gss.b
W/dalvikvm( 2572): VFY: unable to resolve check-cast 443 (Landroid/app/job/JobScheduler;) in Lgss;
D/dalvikvm( 2572): VFY: replacing opcode 0x1f at 0x09fc
E/dalvikvm( 2572): Could not find class 'android.app.job.JobScheduler', referenced from method gss.b
W/dalvikvm( 2572): VFY: unable to resolve check-cast 443 (Landroid/app/job/JobScheduler;) in Lgss;
D/dalvikvm( 2572): VFY: replacing opcode 0x1f at 0x0a1e
E/dalvikvm( 2572): Could not find class 'android.app.job.JobScheduler', referenced from method gss.b
W/dalvikvm( 2572): VFY: unable to resolve check-cast 443 (Landroid/app/job/JobScheduler;) in Lgss;
D/dalvikvm( 2572): VFY: replacing opcode 0x1f at 0x0a40
E/dalvikvm( 2572): Could not find class 'android.app.job.JobScheduler', referenced from method gss.b
W/dalvikvm( 2572): VFY: unable to resolve check-cast 443 (Landroid/app/job/JobScheduler;) in Lgss;
D/dalvikvm( 2572): VFY: replacing opcode 0x1f at 0x0a62
E/dalvikvm( 2572): Could not find class 'android.app.job.JobScheduler', referenced from method gss.b
W/dalvikvm( 2572): VFY: unable to resolve check-cast 443 (Landroid/app/job/JobScheduler;) in Lgss;
D/dalvikvm( 2572): VFY: replacing opcode 0x1f at 0x0ae8
E/dalvikvm( 2572): Could not find class 'android.app.job.JobScheduler', referenced from method gss.b
W/dalvikvm( 2572): VFY: unable to resolve check-cast 443 (Landroid/app/job/JobScheduler;) in Lgss;
D/dalvikvm( 2572): VFY: replacing opcode 0x1f at 0x0b20
I/ahju    ( 2146): Cancel all previously scheduled polling [CONTEXT service_id=51 ]
E/dalvikvm( 2572): Could not find class 'android.app.job.JobScheduler', referenced from method gss.c
W/dalvikvm( 2572): VFY: unable to resolve check-cast 443 (Landroid/app/job/JobScheduler;) in Lgss;
D/dalvikvm( 2572): VFY: replacing opcode 0x1f at 0x0077
E/dalvikvm( 2572): Could not find class 'android.app.job.JobScheduler', referenced from method gss.c
W/dalvikvm( 2572): VFY: unable to resolve check-cast 443 (Landroid/app/job/JobScheduler;) in Lgss;
D/dalvikvm( 2572): VFY: replacing opcode 0x1f at 0x012a
E/dalvikvm( 2572): Could not find class 'android.app.job.JobScheduler', referenced from method gss.c
W/dalvikvm( 2572): VFY: unable to resolve check-cast 443 (Landroid/app/job/JobScheduler;) in Lgss;
D/dalvikvm( 2572): VFY: replacing opcode 0x1f at 0x0327
I/ahju    ( 2146): Scheduling Phenotype for first execution 6125 seconds from now (1629084286444) [CONTEXT service_id=51 ]
E/native  ( 2146): score-accumulator.cc:249 No scoring data for corpus [1]
E/dalvikvm( 2572): Could not find class 'android.app.job.JobScheduler', referenced from method gtk.u_
W/dalvikvm( 2572): VFY: unable to resolve check-cast 443 (Landroid/app/job/JobScheduler;) in Lgtk;
D/dalvikvm( 2572): VFY: replacing opcode 0x1f at 0x0080
I/PackageManager( 1571): Running dexopt on: it.unina.android.ripper
W/linker  ( 2613): libdvm.so has text relocations. This is wasting memory and is a security risk. Please fix.
D/dalvikvm( 2146): GC_EXPLICIT freed 954K, 23% free 8414K/10908K, paused 24ms+17ms, total 118ms
D/dalvikvm( 2146): DexOpt: --- BEGIN 'GoogleCertificates.apk' (bootstrap=0) ---
I/Icing   ( 2146): Query from package: com.google.android.gms, component: IpaAppsCorpus, restrict package: com.google.android.gms, start: 0, num: 100 maxNumSlices: 2147483647
I/CalendarProvider2( 2536): Sending notification intent: Intent { act=android.intent.action.PROVIDER_CHANGED dat=content://com.android.calendar }
W/ContentResolver( 2536): Failed to get type for: content://com.android.calendar (Unknown URL content://com.android.calendar)
I/dalvikvm( 2572): Could not find method android.content.pm.PackageManager.isInstantApp, referenced from method hub.a
E/GmscoreIpa( 2146): Query failed: 8: Not authorized to read requested corpora [CONTEXT service_id=255 ]
W/dalvikvm( 2572): VFY: unable to resolve virtual method 3345: Landroid/content/pm/PackageManager;.isInstantApp (Ljava/lang/String;)Z
D/dalvikvm( 2572): VFY: replacing opcode 0x6e at 0x0026
I/Auth    ( 2146): [AuthManaged,AuthManagedModuleInitIntentOperation] enabling com.google.android.gms.auth.managed.ui.EmmActivity
I/Icing   ( 2146): Indexing done com.google.android.gms-sms
I/Icing   ( 2146): Indexing com.google.android.gms-apps from com.google.android.gms
I/dalvikvm( 2572): Could not find method android.app.NotificationManager.getNotificationChannel, referenced from method gzd.a
W/dalvikvm( 2572): VFY: unable to resolve virtual method 2974: Landroid/app/NotificationManager;.getNotificationChannel (Ljava/lang/String;)Landroid/app/NotificationChannel;
D/dalvikvm( 2572): VFY: replacing opcode 0x6e at 0x00c5
D/dalvikvm( 2572): DexOpt: unable to opt direct call 0x0b8a at 0xd2 in Lgzd;.a
E/dalvikvm( 2572): Could not find class 'com.google.common.flogger.backend.google.GooglePlatform', referenced from method plf.a
W/dalvikvm( 2572): VFY: unable to resolve const-class 3003 (Lcom/google/common/flogger/backend/google/GooglePlatform;) in Lplf;
D/dalvikvm( 2572): VFY: replacing opcode 0x1c at 0x0014
I/Auth    ( 2146): [AuthManaged,AuthManagedModuleInitIntentOperation] enabling com.google.android.gms.auth.managed.ui.PhoneskyDpcInstallActivity
W/linker  ( 2619): libdvm.so has text relocations. This is wasting memory and is a security risk. Please fix.
D/dalvikvm( 2613): DexOpt: load 3ms, verify+opt 42ms, 936700 bytes
D/dalvikvm( 2572): GC_FOR_ALLOC freed 382K, 13% free 3267K/3724K, paused 13ms, total 13ms
I/dalvikvm( 2572): Could not find method com.google.android.chimera.BoundService.getStartIntent, referenced from method hki.a
W/dalvikvm( 2572): VFY: unable to resolve static method 13682: Lcom/google/android/chimera/BoundService;.getStartIntent (Landroid/content/Context;Ljava/lang/String;)Landroid/content/Intent;
D/dalvikvm( 2572): VFY: replacing opcode 0x71 at 0x0024
I/ActivityManager( 1571): Force stopping it.unina.android.ripper appid=10059 user=-1: update pkg
W/ActivityManager( 1571): Unable to start service Intent { act=com.google.android.gms.instantapps.START pkg=com.google.android.gms } U=0: not found
E/GmsClient( 2572): unable to connect to service: com.google.android.gms.instantapps.START on com.google.android.gms
I/Auth    ( 2146): [AuthManaged,AuthManagedModuleInitIntentOperation] disabling com.google.android.gms.auth.managed.ui.SettingsSecurityDeviceOwnerActivity
W/ActivityManager( 1571): Unbind failed: could not find connection for android.os.BinderProxy@9d08bb00
D/dalvikvm( 2619): DexOpt: load 1ms, verify+opt 5ms, 294780 bytes
D/dalvikvm( 2146): DexOpt: --- END 'GoogleCertificates.apk' (success) ---
D/dalvikvm( 2146): DEX prep '/data/data/com.google.android.gms/app_chimera/m/00000005/GoogleCertificates.apk': unzip in 0ms, rewrite 87ms
I/dalvikvm( 2146): Could not find method android.app.admin.DevicePolicyManager.getProfileOwner, referenced from method com.google.android.gms.auth.managed.intentoperations.SetupWorkProfileSettingsIntentOperation.a
W/dalvikvm( 2146): VFY: unable to resolve virtual method 2591: Landroid/app/admin/DevicePolicyManager;.getProfileOwner ()Landroid/content/ComponentName;
D/dalvikvm( 2146): VFY: replacing opcode 0x6e at 0x0028
W/DynamiteModule( 2146): Local module descriptor class for providerinstaller not found.
I/DynamiteModule( 2146): Considering local module providerinstaller:0 and remote module providerinstaller:0
W/ProviderInstaller( 2146): Failed to load providerinstaller module: No acceptable module found. Local version is 0 and remote version is 0.
D/dalvikvm( 1841): GC_EXPLICIT freed 166K, 30% free 5385K/7588K, paused 0ms+0ms, total 4ms
D/dalvikvm( 1779): GC_EXPLICIT freed 1189K, 14% free 8266K/9596K, paused 1ms+1ms, total 9ms
W/Launcher.Model( 2340): Nobody to tell about the new app.  Launcher is probably loading.
D/dalvikvm( 2146): GC_FOR_ALLOC freed 701K, 22% free 8587K/10908K, paused 31ms, total 32ms
D/BackupManagerService( 1571): Received broadcast Intent { act=android.intent.action.PACKAGE_ADDED dat=package:it.unina.android.ripper flg=0x4000010 (has extras) }
V/BackupManagerService( 1571): addPackageParticipantsLocked: #1
I/InputReader( 1571): Reconfiguring input devices.  changes=0x00000010
I/PackageManager( 1571):   Action: "android.intent.action.SENDTO"
I/PackageManager( 1571):   Category: "android.intent.category.DEFAULT"
I/PackageManager( 1571):   Scheme: "sms"
I/Auth    ( 2146): [AuthManaged,PasswordComplexityHelperImpl] Updating password complexity components state.
I/PackageManager( 1571): Adding preferred activity ComponentInfo{com.android.mms/com.android.mms.ui.ComposeMessageActivity} for user 0 :
D/dalvikvm( 1571): GC_EXPLICIT freed 2688K, 42% free 9998K/17052K, paused 5ms+2ms, total 30ms
D/dalvikvm( 1571): WAIT_FOR_CONCURRENT_GC blocked 12ms
D/AndroidRuntime( 2588): Shutting down VM
D/jdwp    ( 2588): Got wake-up signal, bailing out of select
D/dalvikvm( 2588): Debugger has detached; object registry had 1 entries
D/dalvikvm( 1571): WAIT_FOR_CONCURRENT_GC blocked 13ms
D/dalvikvm( 1571): WAIT_FOR_CONCURRENT_GC blocked 11ms
D/dalvikvm( 1571): WAIT_FOR_CONCURRENT_GC blocked 13ms
D/dalvikvm( 1571): WAIT_FOR_CONCURRENT_GC blocked 15ms
D/dalvikvm( 1571): WAIT_FOR_CONCURRENT_GC blocked 14ms
D/dalvikvm( 1571): WAIT_FOR_CONCURRENT_GC blocked 15ms
I/PackageManager( 1571):   Action: "android.intent.action.SENDTO"
I/PackageManager( 1571):   Category: "android.intent.category.DEFAULT"
I/PackageManager( 1571):   Scheme: "smsto"
I/PackageManager( 1571): Adding preferred activity ComponentInfo{com.android.mms/com.android.mms.ui.ComposeMessageActivity} for user 0 :
D/        ( 2146): HostConnection::get() New Host Connection established 0xb7cb0290, tid 2463
I/dalvikvm( 2572): Could not find method android.content.Context.deleteSharedPreferences, referenced from method fya.c
W/dalvikvm( 2572): VFY: unable to resolve virtual method 3145: Landroid/content/Context;.deleteSharedPreferences (Ljava/lang/String;)Z
D/dalvikvm( 2572): VFY: replacing opcode 0x6e at 0x002a
D/dalvikvm( 1801): GC_FOR_ALLOC freed 347K, 15% free 3638K/4236K, paused 2ms, total 3ms
D/EGL_emulation( 2146): eglCreateContext: 0xb7cafd20: maj 1 min 0 rcv 1
I/PackageManager( 1571):   Action: "android.intent.action.SENDTO"
I/PackageManager( 1571):   Category: "android.intent.category.DEFAULT"
I/PackageManager( 1571):   Scheme: "mms"
I/Auth    ( 2146): [AuthManaged,PasswordComplexityHelperImpl] Disabling com.google.android.gms.auth.managed.admin.DeviceAdminReceiver
I/PackageManager( 1571): Adding preferred activity ComponentInfo{com.android.mms/com.android.mms.ui.ComposeMessageActivity} for user 0 :
I/Auth    ( 2146): [AuthManaged,PasswordComplexityHelperImpl] Disabling com.google.android.gms.auth.managed.ui.SetNewPasswordActivity
D/EGL_emulation( 2146): eglMakeCurrent: 0xb7cafd20: ver 1 0
D/EGL_emulation( 2146): eglCreateContext: 0xb7c8ea70: maj 3 min 0 rcv 3
D/EGL_emulation( 2146): eglMakeCurrent: 0xb7c8ea70: ver 3 0
I/PackageManager( 1571):   Action: "android.intent.action.SENDTO"
I/PackageManager( 1571):   Category: "android.intent.category.DEFAULT"
I/PackageManager( 1571):   Scheme: "mmsto"
I/PackageManager( 1571): Adding preferred activity ComponentInfo{com.android.mms/com.android.mms.ui.ComposeMessageActivity} for user 0 :
I/dalvikvm( 2572): Could not find method java.util.Locale.toLanguageTag, referenced from method fvw.a
W/dalvikvm( 2572): VFY: unable to resolve virtual method 33842: Ljava/util/Locale;.toLanguageTag ()Ljava/lang/String;
D/dalvikvm( 2572): VFY: replacing opcode 0x6e at 0x000a
E/eglCodecCommon( 2146): glUtilsParamSize: unknow param 0x00008cdf
E/eglCodecCommon( 2146): glUtilsParamSize: unknow param 0x00008824
I/PackageManager( 1571):   Action: "android.intent.action.SENDTO"
I/PackageManager( 1571):   Category: "android.intent.category.DEFAULT"
I/PackageManager( 1571):   Scheme: "sms"
I/PackageManager( 1571): Adding preferred activity ComponentInfo{com.android.mms/com.android.mms.ui.ComposeMessageActivity} for user 0 :
D/dalvikvm( 1801): GC_FOR_ALLOC freed 348K, 14% free 3653K/4236K, paused 4ms, total 4ms
I/PackageManager( 1571):   Action: "android.intent.action.SENDTO"
I/PackageManager( 1571):   Category: "android.intent.category.DEFAULT"
I/PackageManager( 1571):   Scheme: "smsto"
W/Settings( 1779): Setting airplane_mode_on has moved from android.provider.Settings.System to android.provider.Settings.Global, returning read-only value.
I/PackageManager( 1571):   Action: "android.intent.action.SENDTO"
I/PackageManager( 1571):   Category: "android.intent.category.DEFAULT"
I/PackageManager( 1571):   Scheme: "mms"
I/PackageManager( 1571): Adding preferred activity ComponentInfo{com.android.mms/com.android.mms.ui.ComposeMessageActivity} for user 0 :
I/PackageManager( 1571): Adding preferred activity ComponentInfo{com.android.mms/com.android.mms.ui.ComposeMessageActivity} for user 0 :
I/PackageManager( 1571):   Action: "android.intent.action.SENDTO"
I/PackageManager( 1571):   Category: "android.intent.category.DEFAULT"
I/PackageManager( 1571):   Scheme: "mmsto"
D/dalvikvm( 1801): GC_FOR_ALLOC freed 325K, 14% free 3657K/4236K, paused 2ms, total 2ms
I/PackageManager( 1571): Adding preferred activity ComponentInfo{com.android.mms/com.android.mms.ui.ComposeMessageActivity} for user 0 :
W/Settings( 1779): Setting airplane_mode_on has moved from android.provider.Settings.System to android.provider.Settings.Global, returning read-only value.
D/dalvikvm( 2146): GC_FOR_ALLOC freed 1784K, 21% free 8689K/10908K, paused 27ms, total 27ms
W/ComponentDiscovery( 2572): Application info not found.
W/ComponentDiscovery( 2572): Could not retrieve metadata, returning empty list of registrars.
D/dalvikvm( 2572): GC_FOR_ALLOC freed 335K, 11% free 3446K/3856K, paused 2ms, total 2ms
I/dalvikvm( 2572): Could not find method android.content.Context.getDrawable, referenced from method rj.a
W/dalvikvm( 2572): VFY: unable to resolve virtual method 3157: Landroid/content/Context;.getDrawable (I)Landroid/graphics/drawable/Drawable;
D/dalvikvm( 2572): VFY: replacing opcode 0x6e at 0x0006
I/dalvikvm( 2572): Could not find method android.content.Context.getDataDir, referenced from method rj.a
W/dalvikvm( 2572): VFY: unable to resolve virtual method 3154: Landroid/content/Context;.getDataDir ()Ljava/io/File;
D/dalvikvm( 2572): VFY: replacing opcode 0x6e at 0x0006
I/dalvikvm( 2572): Could not find method android.content.Context.getSystemServiceName, referenced from method rj.a
W/dalvikvm( 2572): VFY: unable to resolve virtual method 3173: Landroid/content/Context;.getSystemServiceName (Ljava/lang/Class;)Ljava/lang/String;
D/dalvikvm( 2572): VFY: replacing opcode 0x6e at 0x000a
I/dalvikvm( 2572): Could not find method android.content.Context.getSystemService, referenced from method rj.a
W/dalvikvm( 2572): VFY: unable to resolve virtual method 3171: Landroid/content/Context;.getSystemService (Ljava/lang/Class;)Ljava/lang/Object;
D/dalvikvm( 2572): VFY: replacing opcode 0x6e at 0x0020
I/dalvikvm( 2572): Could not find method android.content.Context.getColorStateList, referenced from method rj.b
W/dalvikvm( 2572): VFY: unable to resolve virtual method 3152: Landroid/content/Context;.getColorStateList (I)Landroid/content/res/ColorStateList;
D/dalvikvm( 2572): VFY: replacing opcode 0x6e at 0x0006
I/dalvikvm( 2572): Could not find method android.content.Context.getColor, referenced from method rj.c
W/dalvikvm( 2572): VFY: unable to resolve virtual method 3151: Landroid/content/Co