I/ActivityManager( 1571): Start proc com.android.music for broadcast com.android.music/.MediaButtonIntentReceiver: pid=2256 uid=10036 gids={50036, 3003, 1028, 1015}
I/NativeLibraryUtils( 2146): Extraction to /data/data/com.google.android.gms/app_extracted_libs/x86/libmatching.so true
D/dalvikvm( 1571): GC_FOR_ALLOC freed 1515K, 44% free 9643K/17052K, paused 21ms, total 22ms
I/PackageManager( 1571): Running dexopt on: com.android.music
W/linker  ( 2269): libdvm.so has text relocations. This is wasting memory and is a security risk. Please fix.
I/NativeLibraryUtils( 2146): Extraction to /data/data/com.google.android.gms/app_extracted_libs/x86/libvcdiffjni.so true
I/NativeLibraryUtils( 2146): Extraction to /data/data/com.google.android.gms/app_extracted_libs/x86/libwearable-selector.so true
D/dalvikvm( 2269): DexOpt: load 5ms, verify+opt 21ms, 753588 bytes
W/dalvikvm( 1841): VFY: unable to resolve static field 1608 (PR_SET_DUMPABLE) in Landroid/system/OsConstants;
D/dalvikvm( 1841): VFY: replacing opcode 0x60 at 0x0017
I/dalvikvm( 1779): Could not find method android.app.NotificationManager.getCurrentInterruptionFilter, referenced from method nea.b
W/dalvikvm( 1779): VFY: unable to resolve virtual method 2504: Landroid/app/NotificationManager;.getCurrentInterruptionFilter ()I
D/dalvikvm( 1779): VFY: replacing opcode 0x6e at 0x0002
I/dalvikvm( 1779): Could not find method android.os.PowerManager.isInteractive, referenced from method acej.a
W/dalvikvm( 1779): VFY: unable to resolve virtual method 29693: Landroid/os/PowerManager;.isInteractive ()Z
D/dalvikvm( 1779): VFY: replacing opcode 0x6e at 0x0103
I/Auth    ( 2146): [WorkAccount] update authenticator enabled for boot or update
W/dalvikvm( 1841): VFY: unable to find class referenced in signature (Lyqx;)
W/dalvikvm( 1841): VFY: unable to find class referenced in signature (Lyro;)
D/dalvikvm( 1841): GC_FOR_ALLOC freed 500K, 17% free 3210K/3852K, paused 7ms, total 7ms
D/dalvikvm( 1571): GC_FOR_ALLOC freed 1690K, 44% free 9620K/17052K, paused 13ms, total 13ms
I/MediaFocusControl( 1571):   Remote Control   registerMediaButtonIntent() for PendingIntent{9da5f468: PendingIntentRecord{9d70fe38 com.android.music broadcastIntent}}
D/dalvikvm( 2146): GC_FOR_ALLOC freed 1260K, 17% free 7170K/8560K, paused 8ms, total 8ms
I/dalvikvm( 1841): Could not find method android.system.Os.readlink, referenced from method msk.a
W/dalvikvm( 1841): VFY: unable to resolve static method 3145: Landroid/system/Os;.readlink (Ljava/lang/String;)Ljava/lang/String;
D/dalvikvm( 1841): VFY: replacing opcode 0x71 at 0x00b0
I/dalvikvm( 1841): Could not find method android.os.PowerManager.isInteractive, referenced from method ndc.a
W/dalvikvm( 1841): VFY: unable to resolve virtual method 3046: Landroid/os/PowerManager;.isInteractive ()Z
D/dalvikvm( 1841): VFY: replacing opcode 0x6e at 0x0013
I/dalvikvm( 1841): Could not find method com.google.android.chimera.ModuleContext.getAttributionTag, referenced from method com.google.android.chimera.ModuleContext.createAttributionContext
W/dalvikvm( 1841): VFY: unable to resolve virtual method 14170: Lcom/google/android/chimera/ModuleContext;.getAttributionTag ()Ljava/lang/String;
D/dalvikvm( 1841): VFY: replacing opcode 0x6e at 0x0004
I/dalvikvm( 1841): Could not find method com.google.android.chimera.ContextThemeWrapper.createAttributionContext, referenced from method com.google.android.chimera.ModuleContext.createAttributionContext
W/dalvikvm( 1841): VFY: unable to resolve virtual method 13785: Lcom/google/android/chimera/ContextThemeWrapper;.createAttributionContext (Ljava/lang/String;)Landroid/content/Context;
D/dalvikvm( 1841): VFY: replacing opcode 0x6f at 0x0035
I/dalvikvm( 1841): Could not find method android.content.ContextWrapper.createCredentialProtectedStorageContext, referenced from method com.google.android.chimera.ModuleContext.createCredentialProtectedStorageContext
W/dalvikvm( 1841): VFY: unable to resolve virtual method 2508: Landroid/content/ContextWrapper;.createCredentialProtectedStorageContext ()Landroid/content/Context;
D/dalvikvm( 1841): VFY: replacing opcode 0x6f at 0x0002
I/dalvikvm( 1841): Could not find method android.content.ContextWrapper.createDeviceProtectedStorageContext, referenced from method com.google.android.chimera.ModuleContext.createDeviceProtectedStorageContext
W/dalvikvm( 1841): VFY: unable to resolve virtual method 2509: Landroid/content/ContextWrapper;.createDeviceProtectedStorageContext ()Landroid/content/Context;
D/dalvikvm( 1841): VFY: replacing opcode 0x6f at 0x0002
I/dalvikvm( 1841): Could not find method com.google.android.chimera.ContextThemeWrapper.sendBroadcastWithMultiplePermissions, referenced from method com.google.android.chimera.ModuleContext.sendBroadcastWithMultiplePermissions
W/dalvikvm( 1841): VFY: unable to resolve virtual method 13795: Lcom/google/android/chimera/ContextThemeWrapper;.sendBroadcastWithMultiplePermissions (Landroid/content/Intent;[Ljava/lang/String;)V
D/dalvikvm( 1841): VFY: replacing opcode 0x6f at 0x0009
I/dalvikvm( 2146): Could not find method android.content.ServiceConnection.onNullBinding, referenced from method uxb.onNullBinding
W/dalvikvm( 2146): VFY: unable to resolve interface method 2566: Landroid/content/ServiceConnection;.onNullBinding (Landroid/content/ComponentName;)V
D/dalvikvm( 2146): VFY: replacing opcode 0x72 at 0x000f
I/MultiDex( 1841): VM with version 1.6.0 does not have multidex support
I/MultiDex( 1841): Installing application
I/MultiDex( 1841): MultiDexExtractor(/system/priv-app/PrebuiltGmsCore.apk, /data/data/com.google.android.gms/code_cache/secondary-dexes)
I/MultiDex( 1841): Blocking on lock /data/data/com.google.android.gms/code_cache/secondary-dexes/MultiDex.lock
I/MultiDex( 1841): /data/data/com.google.android.gms/code_cache/secondary-dexes/MultiDex.lock locked
I/MultiDex( 1841): MultiDexExtractor.load(/system/priv-app/PrebuiltGmsCore.apk, false, )
D/dalvikvm( 1841): GC_FOR_ALLOC freed 410K, 15% free 3285K/3852K, paused 4ms, total 4ms
I/MultiDex( 1841): loading existing secondary dex files
I/MultiDex( 1841): load found 5 secondary dex files
I/MultiDex( 1841): install done
I/dalvikvm( 1841): Could not find method android.os.UserHandle.isOwner, referenced from method nmy.f
W/dalvikvm( 1841): VFY: unable to resolve virtual method 3081: Landroid/os/UserHandle;.isOwner ()Z
D/dalvikvm( 1841): VFY: replacing opcode 0x6e at 0x000a
D/dalvikvm( 1841): DexOpt: couldn't find field Landroid/content/pm/ApplicationInfo;.splitSourceDirs
W/dalvikvm( 1841): VFY: unable to resolve instance field 1475
D/dalvikvm( 1841): VFY: replacing opcode 0x54 at 0x0055
D/dalvikvm( 1841): DexOpt: couldn't find static field Landroid/os/Build;.SUPPORTED_ABIS
W/dalvikvm( 1841): VFY: unable to resolve static field 1540 (SUPPORTED_ABIS) in Landroid/os/Build;
D/dalvikvm( 1841): VFY: replacing opcode 0x62 at 0x00d1
I/dalvikvm( 1841): Could not find method android.system.Os.stat, referenced from method nop.a
W/dalvikvm( 1841): VFY: unable to resolve static method 3146: Landroid/system/Os;.stat (Ljava/lang/String;)Landroid/system/StructStat;
D/dalvikvm( 1841): VFY: replacing opcode 0x71 at 0x0182
I/dalvikvm( 1841): Could not find method android.content.pm.PackageManager.getPackageInstaller, referenced from method men.a
D/dalvikvm( 1779): GC_FOR_ALLOC freed 555K, 11% free 5882K/6576K, paused 10ms, total 10ms
W/dalvikvm( 1841): VFY: unable to resolve virtual method 2608: Landroid/content/pm/PackageManager;.getPackageInstaller ()Landroid/content/pm/PackageInstaller;
D/dalvikvm( 1841): VFY: replacing opcode 0x6e at 0x001c
W/DynamiteModule( 1841): Local module descriptor class for providerinstaller not found.
I/dalvikvm( 1841): Could not find method android.system.Os.readlink, referenced from method bse.a
W/dalvikvm( 1841): VFY: unable to resolve static method 3145: Landroid/system/Os;.readlink (Ljava/lang/String;)Ljava/lang/String;
D/dalvikvm( 1841): VFY: replacing opcode 0x71 at 0x0044
I/dalvikvm( 1841): Could not find method android.system.Os.symlink, referenced from method bse.a
W/dalvikvm( 1841): VFY: unable to resolve static method 3147: Landroid/system/Os;.symlink (Ljava/lang/String;Ljava/lang/String;)V
D/dalvikvm( 1841): VFY: replacing opcode 0x71 at 0x00b0
I/dalvikvm( 1841): Could not find method android.system.Os.stat, referenced from method bse.a
W/dalvikvm( 1841): VFY: unable to resolve static method 3146: Landroid/system/Os;.stat (Ljava/lang/String;)Landroid/system/StructStat;
D/dalvikvm( 1841): VFY: replacing opcode 0x71 at 0x0005
W/dalvikvm( 1841): VFY: unable to resolve static field 1615 (S_IXUSR) in Landroid/system/OsConstants;
D/dalvikvm( 1841): VFY: replacing opcode 0x60 at 0x0007
I/dalvikvm( 1841): Could not find method android.system.Os.stat, referenced from method bse.b
W/dalvikvm( 1841): VFY: unable to resolve static method 3146: Landroid/system/Os;.stat (Ljava/lang/String;)Landroid/system/StructStat;
D/dalvikvm( 1841): VFY: replacing opcode 0x71 at 0x0040
W/dalvikvm( 1841): VFY: unable to resolve static field 1612 (S_IRUSR) in Landroid/system/OsConstants;
D/dalvikvm( 1841): VFY: replacing opcode 0x60 at 0x0007
D/dalvikvm( 1841): DexOpt: couldn't find static field Landroid/os/Build;.SUPPORTED_64_BIT_ABIS
W/dalvikvm( 1841): VFY: unable to resolve static field 1539 (SUPPORTED_64_BIT_ABIS) in Landroid/os/Build;
D/dalvikvm( 1841): VFY: replacing opcode 0x62 at 0x0214
W/ProviderHelper( 1841): Unknown dynamite feature providerinstaller
I/DynamiteModule( 1841): Considering local module providerinstaller:0 and remote module providerinstaller:0
W/ProviderInstaller( 1841): Failed to load providerinstaller module: No acceptable module found. Local version is 0 and remote version is 0.
I/dalvikvm( 1841): Could not find method android.content.ContextWrapper.createCredentialProtectedStorageContext, referenced from method nfr.createCredentialProtectedStorageContext
W/dalvikvm( 1841): VFY: unable to resolve virtual method 2508: Landroid/content/ContextWrapper;.createCredentialProtectedStorageContext ()Landroid/content/Context;
D/dalvikvm( 1841): VFY: replacing opcode 0x6f at 0x0002
I/dalvikvm( 1841): Could not find method android.content.ContextWrapper.createDeviceProtectedStorageContext, referenced from method nfr.createDeviceProtectedStorageContext
W/dalvikvm( 1841): VFY: unable to resolve virtual method 2509: Landroid/content/ContextWrapper;.createDeviceProtectedStorageContext ()Landroid/content/Context;
D/dalvikvm( 1841): VFY: replacing opcode 0x6f at 0x0002
D/dalvikvm( 1841): DexOpt: couldn't find static field Landroid/os/Build;.SUPPORTED_64_BIT_ABIS
W/dalvikvm( 1841): VFY: unable to resolve static field 1539 (SUPPORTED_64_BIT_ABIS) in Landroid/os/Build;
D/dalvikvm( 1841): VFY: replacing opcode 0x62 at 0x0080
D/dalvikvm( 1841): DexOpt: couldn't find static field Landroid/os/Build;.SUPPORTED_ABIS
W/dalvikvm( 1841): VFY: unable to resolve static field 1540 (SUPPORTED_ABIS) in Landroid/os/Build;
D/dalvikvm( 1841): VFY: replacing opcode 0x62 at 0x00d3
D/dalvikvm( 1841): GC_FOR_ALLOC freed 466K, 16% free 3332K/3936K, paused 2ms, total 2ms
V/NativeCrypto( 1841): Registering com/google/android/gms/org/conscrypt/NativeCrypto's 286 native methods...
W/dalvikvm( 1841): Unable to resolve superclass of Lcom/google/android/gms/org/conscrypt/TrustManagerImpl; (5184)
W/dalvikvm( 1841): Link of class 'Lcom/google/android/gms/org/conscrypt/TrustManagerImpl;' failed
I/dalvikvm( 1841): Could not find method com.google.android.gms.org.conscrypt.TrustManagerImpl.getDefaultHostnameVerifier, referenced from method com.google.android.gms.org.conscrypt.Conscrypt.getDefaultHostnameVerifier
W/dalvikvm( 1841): VFY: unable to resolve static method 17870: Lcom/google/android/gms/org/conscrypt/TrustManagerImpl;.getDefaultHostnameVerifier ()Lcom/google/android/gms/org/conscrypt/ConscryptHostnameVerifier;
D/dalvikvm( 1841): VFY: replacing opcode 0x71 at 0x0003
W/dalvikvm( 1841): Unable to resolve superclass of Lcom/google/android/gms/org/conscrypt/TrustManagerImpl; (5184)
W/dalvikvm( 1841): Link of class 'Lcom/google/android/gms/org/conscrypt/TrustManagerImpl;' failed
W/dalvikvm( 1841): VFY: unable to find class referenced in signature (Lcom/google/android/gms/org/conscrypt/TrustManagerImpl;)
W/dalvikvm( 1841): Unable to resolve superclass of Lcom/google/android/gms/org/conscrypt/TrustManagerImpl; (5184)
W/dalvikvm( 1841): Link of class 'Lcom/google/android/gms/org/conscrypt/TrustManagerImpl;' failed
I/dalvikvm( 1841): Could not find method com.google.android.gms.org.conscrypt.TrustManagerImpl.getHostnameVerifier, referenced from method com.google.android.gms.org.conscrypt.Conscrypt.getHostnameVerifier
W/dalvikvm( 1841): VFY: unable to resolve virtual method 17872: Lcom/google/android/gms/org/conscrypt/TrustManagerImpl;.getHostnameVerifier ()Lcom/google/android/gms/org/conscrypt/ConscryptHostnameVerifier;
D/dalvikvm( 1841): VFY: replacing opcode 0x6e at 0x0004
W/dalvikvm( 1841): Unable to resolve superclass of Lcom/google/android/gms/org/conscrypt/TrustManagerImpl; (5184)
W/dalvikvm( 1841): Link of class 'Lcom/google/android/gms/org/conscrypt/TrustManagerImpl;' failed
E/dalvikvm( 1841): Could not find class 'com.google.android.gms.org.conscrypt.TrustManagerImpl', referenced from method com.google.android.gms.org.conscrypt.Conscrypt.isConscrypt
W/dalvikvm( 1841): VFY: unable to resolve instanceof 4452 (Lcom/google/android/gms/org/conscrypt/TrustManagerImpl;) in Lcom/google/android/gms/org/conscrypt/Conscrypt;
D/dalvikvm( 1841): VFY: replacing opcode 0x20 at 0x0000
W/dalvikvm( 1841): Unable to resolve superclass of Lcom/google/android/gms/org/conscrypt/TrustManagerImpl; (5184)
W/dalvikvm( 1841): Link of class 'Lcom/google/android/gms/org/conscrypt/TrustManagerImpl;' failed
I/dalvikvm( 1841): Could not find method com.google.android.gms.org.conscrypt.TrustManagerImpl.setDefaultHostnameVerifier, referenced from method com.google.android.gms.org.conscrypt.Conscrypt.setDefaultHostnameVerifier
W/dalvikvm( 1841): VFY: unable to resolve static method 17882: Lcom/google/android/gms/org/conscrypt/TrustManagerImpl;.setDefaultHostnameVerifier (Lcom/google/android/gms/org/conscrypt/ConscryptHostnameVerifier;)V
D/dalvikvm( 1841): VFY: replacing opcode 0x71 at 0x0003
W/dalvikvm( 1841): Unable to resolve superclass of Lcom/google/android/gms/org/conscrypt/TrustManagerImpl; (5184)
W/dalvikvm( 1841): Link of class 'Lcom/google/android/gms/org/conscrypt/TrustManagerImpl;' failed
W/dalvikvm( 1841): VFY: unable to find class referenced in signature (Lcom/google/android/gms/org/conscrypt/TrustManagerImpl;)
W/dalvikvm( 1841): Unable to resolve superclass of Lcom/google/android/gms/org/conscrypt/TrustManagerImpl; (5184)
W/dalvikvm( 1841): Link of class 'Lcom/google/android/gms/org/conscrypt/TrustManagerImpl;' failed
I/dalvikvm( 1841): Could not find method com.google.android.gms.org.conscrypt.TrustManagerImpl.setHostnameVerifier, referenced from method com.google.android.gms.org.conscrypt.Conscrypt.setHostnameVerifier
W/dalvikvm( 1841): VFY: unable to resolve virtual method 17883: Lcom/google/android/gms/org/conscrypt/TrustManagerImpl;.setHostnameVerifier (Lcom/google/android/gms/org/conscrypt/ConscryptHostnameVerifier;)V
D/dalvikvm( 1841): VFY: replacing opcode 0x6e at 0x0004
W/dalvikvm( 1841): Unable to resolve superclass of Lcom/google/android/gms/org/conscrypt/TrustManagerImpl; (5184)
W/dalvikvm( 1841): Link of class 'Lcom/google/android/gms/org/conscrypt/TrustManagerImpl;' failed
E/dalvikvm( 1841): Could not find class 'com.google.android.gms.org.conscrypt.TrustManagerImpl', referenced from method com.google.android.gms.org.conscrypt.Conscrypt.toConscrypt
W/dalvikvm( 1841): VFY: unable to resolve check-cast 4452 (Lcom/google/android/gms/org/conscrypt/TrustManagerImpl;) in Lcom/google/android/gms/org/conscrypt/Conscrypt;
D/dalvikvm( 1841): VFY: replacing opcode 0x1f at 0x002a
E/dalvikvm( 1779): Could not find class 'android.app.NotificationChannel', referenced from method aciq.a
W/dalvikvm( 1779): VFY: unable to resolve new-instance 7732 (Landroid/app/NotificationChannel;) in Laciq;
D/dalvikvm( 1779): VFY: replacing opcode 0x22 at 0x00a8
D/dalvikvm( 1779): DexOpt: unable to opt direct call 0x6f0e at 0xad in Laciq;.a
D/dalvikvm( 1841): GC_FOR_ALLOC freed 434K, 15% free 3411K/3984K, paused 1ms, total 1ms
E/BluetoothAdapter( 1779): Bluetooth binder is null
W/NearbyShared( 1779): BTConnStateMgr:BluetoothAdapter.getDefaultAdapter() return null!
W/ModuleManager( 2146): Unable to get current module's fulfilled APIs in ModuleManager created with non-module Context
W/dalvikvm( 1779): VFY: unable to find class referenced in signature (Landroid/bluetooth/le/ScanCallback;)
I/dalvikvm( 1779): Could not find method android.content.Context.getSystemService, referenced from method aclw.a
W/dalvikvm( 1779): VFY: unable to resolve virtual method 28695: Landroid/content/Context;.getSystemService (Ljava/lang/Class;)Ljava/lang/Object;
D/dalvikvm( 1779): VFY: replacing opcode 0x6e at 0x0006
I/dalvikvm( 1779): Could not find method android.content.Context.getDrawable, referenced from method jk.a
W/dalvikvm( 1779): VFY: unable to resolve virtual method 2472: Landroid/content/Context;.getDrawable (I)Landroid/graphics/drawable/Drawable;
D/dalvikvm( 1779): VFY: replacing opcode 0x6e at 0x0006
I/dalvikvm( 1779): Could not find method android.content.Context.getNoBackupFilesDir, referenced from method jk.b
W/dalvikvm( 1779): VFY: unable to resolve virtual method 2480: Landroid/content/Context;.getNoBackupFilesDir ()Ljava/io/File;
D/dalvikvm( 1779): VFY: replacing opcode 0x6e at 0x0006
D/dalvikvm( 1841): GC_FOR_ALLOC freed 149K, 8% free 3765K/4060K, paused 3ms, total 3ms
D/dalvikvm( 1841): GC_FOR_ALLOC freed 140K, 8% free 4106K/4416K, paused 2ms, total 2ms
E/BluetoothAdapter( 1779): Bluetooth binder is null
I/NearbyDiscovery( 1779): FastPair: Skip backfill FastPairItem, adapter is null [CONTEXT service_id=49 ]
I/dalvikvm( 1779): Could not find method android.os.PowerManager.isPowerSaveMode, referenced from method ayei.a
W/dalvikvm( 1779): VFY: unable to resolve virtual method 1679: Landroid/os/PowerManager;.isPowerSaveMode ()Z
D/dalvikvm( 1779): VFY: replacing opcode 0x6e at 0x0154
D/dalvikvm( 2146): GC_FOR_ALLOC freed 2664K, 33% free 5827K/8640K, paused 5ms, total 5ms
D/dalvikvm( 1841): GC_FOR_ALLOC freed 124K, 7% free 4443K/4756K, paused 2ms, total 2ms
I/NearbyDiscovery( 1779): FastPair: HeadsetPieceImage, grant permission files:0 [CONTEXT service_id=49 ]
D/dalvikvm( 1841): GC_FOR_ALLOC freed 135K, 7% free 4750K/5096K, paused 2ms, total 2ms
I/NearbyDiscovery( 1779): FastPairEventStream: Skip initialize event stream, adapter is null [CONTEXT service_id=49 ]
E/dalvikvm( 1841): Could not find class 'javax.net.ssl.SNIServerName', referenced from method com.google.android.gms.org.conscrypt.Platform.getSniHostnameFromParams
W/dalvikvm( 1841): VFY: unable to resolve check-cast 5160 (Ljavax/net/ssl/SNIServerName;) in Lcom/google/android/gms/org/conscrypt/Platform;
D/dalvikvm( 1841): VFY: replacing opcode 0x1f at 0x0025
E/dalvikvm( 1841): Could not find class 'javax.net.ssl.SNIHostName', referenced from method com.google.android.gms.org.conscrypt.Platform.setParametersSniHostname
W/dalvikvm( 1841): VFY: unable to resolve new-instance 5159 (Ljavax/net/ssl/SNIHostName;) in Lcom/google/android/gms/org/conscrypt/Platform;
D/dalvikvm( 1841): VFY: replacing opcode 0x22 at 0x0024
E/dalvikvm( 1841): Could not find class 'javax.net.ssl.SNIHostName', referenced from method com.google.android.gms.org.conscrypt.Platform.setParametersSniHostname
W/dalvikvm( 1841): VFY: unable to resolve new-instance 5159 (Ljavax/net/ssl/SNIHostName;) in Lcom/google/android/gms/org/conscrypt/Platform;
D/dalvikvm( 1841): VFY: replacing opcode 0x22 at 0x0024
D/dalvikvm( 1841): DexOpt: unable to opt direct call 0x52f9 at 0x2a in Lcom/google/android/gms/org/conscrypt/Platform;.setParametersSniHostname
D/dalvikvm( 1841): DexOpt: unable to opt direct call 0x52f9 at 0x2a in Lcom/google/android/gms/org/conscrypt/Platform;.setParametersSniHostname
D/dalvikvm( 1841): GC_FOR_ALLOC freed 343K, 11% free 4936K/5496K, paused 6ms, total 6ms
I/dalvikvm( 1779): Could not find method android.os.UserManager.isManagedProfile, referenced from method ffl.a
W/dalvikvm( 1779): VFY: unable to resolve virtual method 4277: Landroid/os/UserManager;.isManagedProfile ()Z
D/dalvikvm( 1779): VFY: replacing opcode 0x6e at 0x0024
I/dalvikvm( 1779): Could not find method android.app.admin.DevicePolicyManager.isProfileOwnerApp, referenced from method hbs.c
W/dalvikvm( 1779): VFY: unable to resolve virtual method 2595: Landroid/app/admin/DevicePolicyManager;.isProfileOwnerApp (Ljava/lang/String;)Z
D/dalvikvm( 1779): VFY: replacing opcode 0x6e at 0x0011
I/dalvikvm( 1779): Could not find method android.app.admin.DevicePolicyManager.getProfileOwner, referenced from method hbs.a
W/dalvikvm( 1779): VFY: unable to resolve virtual method 2591: Landroid/app/admin/DevicePolicyManager;.getProfileOwner ()Landroid/content/ComponentName;
D/dalvikvm( 1779): VFY: replacing opcode 0x6e at 0x0012
I/dalvikvm( 1779): Could not find method android.accounts.AccountManager.removeAccount, referenced from method ymq.c
W/dalvikvm( 1779): VFY: unable to resolve virtual method 4165: Landroid/accounts/AccountManager;.removeAccount (Landroid/accounts/Account;Landroid/app/Activity;Landroid/accounts/AccountManagerCallback;Landroid/os/Handler;)Landroid/accounts/AccountManagerFuture;
D/dalvikvm( 1779): VFY: replacing opcode 0x6e at 0x0009
I/dalvikvm( 1779): Could not find method android.accounts.AccountManager.removeAccountExplicitly, referenced from method ymq.d
W/dalvikvm( 1779): VFY: unable to resolve virtual method 4166: Landroid/accounts/AccountManager;.removeAccountExplicitly (Landroid/accounts/Account;)Z
D/dalvikvm( 1779): VFY: replacing opcode 0x6e at 0x0008
I/ActivityManager( 1571): Start proc com.google.android.googlequicksearchbox for broadcast com.google.android.googlequicksearchbox/com.google.android.searchcommon.summons.icing.InternalIcingCorporaProvider$CorporaChangedReceiver: pid=2291 uid=10013 gids={50013, 3003, 1028, 3002, 1015}
I/Auth    ( 1779): [WorkAccountServiceImpl] init work authenticator
I/ProviderInstaller( 1841): Installed default security provider GmsCore_OpenSSL
I/Safeboot( 1841): Checking safeboot...
I/Safeboot( 1841): Not entering safeboot; wrong process.
E/dalvikvm( 1841): Could not find class 'com.google.common.flogger.backend.google.GooglePlatform', referenced from method beui.a
W/dalvikvm( 1841): VFY: unable to resolve const-class 4605 (Lcom/google/common/flogger/backend/google/GooglePlatform;) in Lbeui;
D/dalvikvm( 1841): VFY: replacing opcode 0x1c at 0x001b
D/dalvikvm( 1571): GC_FOR_ALLOC freed 1644K, 44% free 9638K/17052K, paused 24ms, total 25ms
I/Auth    ( 1779): [WorkAccountServiceImpl] updating authenticator enabled state to: false
I/PackageManager( 1571): Running dexopt on: com.google.android.googlequicksearchbox
W/linker  ( 2307): libdvm.so has text relocations. This is wasting memory and is a security risk. Please fix.
I/dalvikvm( 2146): Could not find method android.app.AlarmManager.setExactAndAllowWhileIdle, referenced from method nio.a
W/dalvikvm( 2146): VFY: unable to resolve virtual method 2384: Landroid/app/AlarmManager;.setExactAndAllowWhileIdle (IJLandroid/app/PendingIntent;)V
D/dalvikvm( 2146): VFY: replacing opcode 0x6e at 0x000b
I/dalvikvm( 2146): Failed resolving Lnin; interface 549 'Landroid/app/AlarmManager$OnAlarmListener;'
W/dalvikvm( 2146): Link of class 'Lnin;' failed
W/dalvikvm( 2146): VFY: unable to find class referenced in signature (Lnin;)
I/dalvikvm( 2146): Could not find method android.app.AlarmManager.set, referenced from method nio.a
W/dalvikvm( 2146): VFY: unable to resolve virtual method 2381: Landroid/app/AlarmManager;.set (IJJJLandroid/app/AlarmManager$OnAlarmListener;Landroid/os/Handler;Landroid/os/WorkSource;)V
D/dalvikvm( 2146): VFY: replacing opcode 0x74 at 0x0024
I/dalvikvm( 2146): Failed resolving Lnin; interface 549 'Landroid/app/AlarmManager$OnAlarmListener;'
W/dalvikvm( 2146): Link of class 'Lnin;' failed
W/dalvikvm( 2146): VFY: unable to find class referenced in signature (Lnin;)
I/dalvikvm( 2146): Could not find method android.app.AlarmManager.cancel, referenced from method nio.a
W/dalvikvm( 2146): VFY: unable to resolve virtual method 2378: Landroid/app/AlarmManager;.cancel (Landroid/app/AlarmManager$OnAlarmListener;)V
D/dalvikvm( 2146): VFY: replacing opcode 0x6e at 0x0002
D/dalvikvm( 1571): GC_FOR_ALLOC freed 1665K, 44% free 9639K/17052K, paused 7ms, total 7ms
D/dalvikvm( 1571): GC_FOR_ALLOC freed 1667K, 44% free 9639K/17052K, paused 6ms, total 6ms
D/dalvikvm( 2307): DexOpt: 'Landroid/util/Pools$Pool;' has an earlier definition; blocking out
D/dalvikvm( 2307): DexOpt: 'Landroid/util/Pools$SimplePool;' has an earlier definition; blocking out
D/dalvikvm( 2307): DexOpt: 'Landroid/util/Pools$SynchronizedPool;' has an earlier definition; blocking out
D/dalvikvm( 2307): DexOpt: 'Landroid/util/Pools;' has an earlier definition; blocking out
D/dalvikvm( 1571): GC_FOR_ALLOC freed 1666K, 44% free 9640K/17052K, paused 8ms, total 8ms
D/dalvikvm( 1571): GC_FOR_ALLOC freed 1666K, 44% free 9640K/17052K, paused 7ms, total 7ms
D/dalvikvm( 2307): DexOpt: not verifying/optimizing 'Landroid/util/Pools$Pool;': multiple definitions
D/dalvikvm( 2307): DexOpt: not verifying/optimizing 'Landroid/util/Pools$SimplePool;': multiple definitions
D/dalvikvm( 2307): DexOpt: not verifying/optimizing 'Landroid/util/Pools$SynchronizedPool;': multiple definitions
D/dalvikvm( 2307): DexOpt: not verifying/optimizing 'Landroid/util/Pools;': multiple definitions
D/dalvikvm( 1571): GC_FOR_ALLOC freed 1667K, 44% free 9640K/17052K, paused 7ms, total 7ms
I/dalvikvm( 2307): DexOpt: not resolving ambiguous class 'Landroid/util/Pools$Pool;'
I/dalvikvm( 2307): DexOpt: not resolving ambiguous class 'Landroid/util/Pools$SynchronizedPool;'
D/dalvikvm( 1571): GC_FOR_ALLOC freed 1666K, 44% free 9640K/17052K, paused 6ms, total 6ms
D/dalvikvm( 1571): GC_FOR_ALLOC freed 1666K, 44% free 9641K/17052K, paused 7ms, total 7ms
D/dalvikvm( 1571): GC_FOR_ALLOC freed 1667K, 44% free 9641K/17052K, paused 6ms, total 6ms
D/dalvikvm( 1571): GC_FOR_ALLOC freed 1667K, 44% free 9641K/17052K, paused 6ms, total 6ms
D/dalvikvm( 1571): GC_FOR_ALLOC freed 1667K, 44% free 9641K/17052K, paused 7ms, total 7ms
D/dalvikvm( 2307): DexOpt: load 52ms, verify+opt 228ms, 5311084 bytes
D/dalvikvm( 1841): GC_FOR_ALLOC freed 397K, 10% free 5175K/5744K, paused 4ms, total 4ms
D/dalvikvm( 1571): GC_FOR_ALLOC freed 1655K, 44% free 9653K/17052K, paused 15ms, total 15ms
I/InputReader( 1571): Reconfiguring input devices.  changes=0x00000010
I/InputReader( 1571): Reconfiguring input devices.  changes=0x00000010
I/InputReader( 1571): Reconfiguring input devices.  changes=0x00000010
I/InputReader( 1571): Reconfiguring input devices.  changes=0x00000010
I/PackageManager( 1571):   Action: "android.intent.action.SENDTO"
I/PackageManager( 1571):   Category: "android.intent.category.DEFAULT"
I/PackageManager( 1571):   Scheme: "sms"
I/PackageManager( 1571): Adding preferred activity ComponentInfo{com.android.mms/com.android.mms.ui.ComposeMessageActivity} for user 0 :
D/dalvikvm( 2146): GC_FOR_ALLOC freed 827K, 32% free 5948K/8640K, paused 6ms, total 6ms
D/dalvikvm( 1801): GC_FOR_ALLOC freed 557K, 15% free 3590K/4220K, paused 2ms, total 2ms
I/PackageManager( 1571):   Action: "android.intent.action.SENDTO"
I/PackageManager( 1571):   Category: "android.intent.category.DEFAULT"
I/PackageManager( 1571):   Scheme: "smsto"
I/PackageManager( 1571): Adding preferred activity ComponentInfo{com.android.mms/com.android.mms.ui.ComposeMessageActivity} for user 0 :
I/Auth    ( 2146): [SupervisedAccountIntentOperation] onHandleIntent(): com.google.android.chimera.IntentOperation.NEW_MODULE
I/dalvikvm( 2146): Could not find method android.os.UserManager.isManagedProfile, referenced from method nmn.g
W/dalvikvm( 2146): VFY: unable to resolve virtual method 4277: Landroid/os/UserManager;.isManagedProfile ()Z
D/dalvikvm( 2146): VFY: replacing opcode 0x6e at 0x0012
I/dalvikvm( 2146): Could not find method android.app.admin.DevicePolicyManager.getAccountTypesWithManagementDisabled, referenced from method nmn.i
W/dalvikvm( 2146): VFY: unable to resolve virtual method 2586: Landroid/app/admin/DevicePolicyManager;.getAccountTypesWithManagementDisabled ()[Ljava/lang/String;
D/dalvikvm( 2146): VFY: replacing opcode 0x6e at 0x002b
I/PackageManager( 1571):   Action: "android.intent.action.SENDTO"
I/PackageManager( 1571):   Category: "android.intent.category.DEFAULT"
I/PackageManager( 1571):   Scheme: "mms"
I/ActivityManager( 1571): Delay finish: com.google.android.googlequicksearchbox/com.google.android.searchcommon.summons.icing.InternalIcingCorporaProvider$CorporaChangedReceiver
I/PackageManager( 1571): Adding preferred activity ComponentInfo{com.android.mms/com.android.mms.ui.ComposeMessageActivity} for user 0 :
I/PackageManager( 1571):   Action: "android.intent.action.SENDTO"
I/PackageManager( 1571):   Category: "android.intent.category.DEFAULT"
I/PackageManager( 1571):   Scheme: "mmsto"
I/PackageManager( 1571): Adding preferred activity ComponentInfo{com.android.mms/com.android.mms.ui.ComposeMessageActivity} for user 0 :
I/PackageManager( 1571):   Action: "android.intent.action.SENDTO"
I/PackageManager( 1571):   Category: "android.intent.category.DEFAULT"
I/PackageManager( 1571):   Scheme: "sms"
I/Icing.InternalIcingCorporaProvider( 2291): Updating corpora: A: com.android.sdksetup, C: MAYBE
I/Search.SharedPreferencesProto( 2291): load shared preferences: file not found
D/dalvikvm( 1933): GC_FOR_ALLOC freed 1402K, 7% free 23452K/24996K, paused 2ms, total 7ms
W/ActivityManager( 1571): Unable to start service Intent { act=com.google.android.gms.auth.key.retrieval.service.START pkg=com.google.android.gms } U=0: not found
I/PackageManager( 1571): Adding preferred activity ComponentInfo{com.android.mms/com.android.mms.ui.ComposeMessageActivity} for user 0 :
I/PackageManager( 1571):   Action: "android.intent.action.SENDTO"
I/PackageManager( 1571):   Category: "android.intent.category.DEFAULT"
I/PackageManager( 1571):   Scheme: "smsto"
I/Search.SharedPreferencesProto( 2291): load shared preferences: file not found
E/BluetoothAdapter( 1779): Bluetooth binder is null
I/PackageManager( 1571):   Action: "android.intent.action.SENDTO"
I/PackageManager( 1571):   Category: "android.intent.category.DEFAULT"
I/PackageManager( 1571):   Scheme: "mms"
I/auxu    ( 1841): Primes not initialized, returning default (no-op) Primes instance which will ignore all calls. Please call Primes.initialize(...) before using any Primes API.
I/PackageManager( 1571): Adding preferred activity ComponentInfo{com.android.mms/com.android.mms.ui.ComposeMessageActivity} for user 0 :
I/PackageManager( 1571): Adding preferred activity ComponentInfo{com.android.mms/com.android.mms.ui.ComposeMessageActivity} for user 0 :
I/Auth    ( 2146): [SupervisedAccountIntentOperation] This operation is disabled
D/dalvikvm( 1801): GC_FOR_ALLOC freed 389K, 14% free 3651K/4220K, paused 2ms, total 2ms
I/PackageManager( 1571):   Action: "android.intent.action.SENDTO"
I/PackageManager( 1571):   Category: "android.intent.category.DEFAULT"
I/PackageManager( 1571):   Scheme: "mmsto"
I/PackageManager( 1571): Adding preferred activity ComponentInfo{com.android.mms/com.android.mms.ui.ComposeMessageActivity} for user 0 :
E/ActivityThread( 2291): Failed to find provider info for com.google.android.voicesearch
E/GmsClient( 2146): unable to connect to service: com.google.android.gms.auth.key.retrieval.service.START on com.google.android.gms
W/ActivityManager( 1571): Unbind failed: could not find connection for android.os.BinderProxy@9d4f8b38
D/dalvikvm( 1841): GC_FOR_ALLOC freed 243K, 8% free 5615K/6064K, paused 9ms, total 9ms
I/dalvikvm( 1841): Could not find method com.google.android.chimera.ContextThemeWrapper.createAttributionContext, referenced from method mnu.createAttributionContext
W/dalvikvm( 1841): VFY: unable to resolve virtual method 13785: Lcom/google/android/chimera/ContextThemeWrapper;.createAttributionContext (Ljava/lang/String;)Landroid/content/Context;
D/dalvikvm( 1841): VFY: replacing opcode 0x6f at 0x0002
I/dalvikvm( 1841): Could not find method android.content.ContextWrapper.createCredentialProtectedStorageContext, referenced from method mnu.createCredentialProtectedStorageContext
W/dalvikvm( 1841): VFY: unable to resolve virtual method 2508: Landroid/content/ContextWrapper;.createCredentialProtectedStorageContext ()Landroid/content/Context;
D/dalvikvm( 1841): VFY: replacing opcode 0x6f at 0x0002
I/dalvikvm( 1841): Could not find method android.content.ContextWrapper.createDeviceProtectedStorageContext, referenced from method mnu.createDeviceProtectedStorageContext
W/dalvikvm( 1841): VFY: unable to resolve virtual method 2509: Landroid/content/ContextWrapper;.createDeviceProtectedStorageContext ()Landroid/content/Context;
D/dalvikvm( 1841): VFY: replacing opcode 0x6f at 0x0002
D/dalvikvm( 1571): GC_FOR_ALLOC freed 1482K, 43% free 9835K/17052K, paused 24ms, total 24ms
I/NearbyDiscovery( 1779): Show notifications: 0 total, no changes since last shown, no-op. [CONTEXT service_id=49 ]
I/dalvikvm( 1841): Could not find method android.content.Context.bindService, referenced from method uws.bindService
W/dalvikvm( 1841): VFY: unable to resolve virtual method 2453: Landroid/content/Context;.bindService (Landroid/content/Intent;ILjava/util/concurrent/Executor;Landroid/content/ServiceConnection;)Z
D/dalvikvm( 1841): VFY: replacing opcode 0x6e at 0x0018
I/dalvikvm( 1841): Could not find method android.content.Context.bindService, referenced from method uws.bindService
W/dalvikvm( 1841): VFY: unable to resolve virtual method 2453: Landroid/content/Context;.bindService (Landroid/content/Intent;ILjava/util/concurrent/Executor;Landroid/content/ServiceConnection;)Z
D/dalvikvm( 1841): VFY: replacing opcode 0x6e at 0x0030
I/dalvikvm( 1841): Could not find method android.content.Context.startForegroundService, referenced from method uws.startForegroundService
W/dalvikvm( 1841): VFY: unable to resolve virtual method 2501: Landroid/content/Context;.startForegroundService (Landroid/content/Intent;)Landroid/content/ComponentName;
D/dalvikvm( 1841): VFY: replacing opcode 0x6e at 0x001c
I/dalvikvm( 1841): Could not find method android.content.Context.startForegroundService, referenced from method uws.startForegroundService
W/dalvikvm( 1841): VFY: unable to resolve virtual method 2501: Landroid/content/Context;.startForegroundService (Landroid/content/Intent;)Landroid/content/ComponentName;
D/dalvikvm( 1841): VFY: replacing opcode 0x6e at 0x0028
I/dalvikvm( 1841): Could not find method android.os.PowerManager.isPowerSaveMode, referenced from method uwl.a
W/dalvikvm( 1841): VFY: unable to resolve virtual method 3047: Landroid/os/PowerManager;.isPowerSaveMode ()Z
D/dalvikvm( 1841): VFY: replacing opcode 0x6e at 0x0010
I/PackageManager( 1571):   Action: "android.intent.action.SENDTO"
I/PackageManager( 1571):   Category: "android.intent.category.DEFAULT"
I/PackageManager( 1571):   Scheme: "sms"
D/dalvikvm( 1841): GC_FOR_ALLOC freed 396K, 10% free 6020K/6652K, paused 7ms, total 7ms
I/PackageManager( 1571): Adding preferred activity ComponentInfo{com.android.mms/com.android.mms.ui.ComposeMessageActivity} for user 0 :
I/PackageManager( 1571):   Action: "android.intent.action.SENDTO"
I/PackageManager( 1571):   Category: "android.intent.category.DEFAULT"
I/PackageManager( 1571):   Scheme: "smsto"
I/dalvikvm( 1779): Could not find method android.accounts.AccountManager.getPreviousName, referenced from method ayhp.d
I/PackageManager( 1571):   Action: "android.intent.action.SENDTO"
I/PackageManager( 1571):   Category: "android.intent.category.DEFAULT"
I/PackageManager( 1571):   Scheme: "mms"
I/PackageManager( 1571): Adding preferred activity ComponentInfo{com.android.mms/com.android.mms.ui.ComposeMessageActivity} for user 0 :
I/PackageManager( 1571): Adding preferred activity ComponentInfo{com.android.mms/com.android.mms.ui.ComposeMessageActivity} for user 0 :
I/PackageManager( 1571):   Action: "android.intent.action.SENDTO"
I/PackageManager( 1571):   Category: "android.intent.category.DEFAULT"
I/PackageManager( 1571):   Scheme: "mmsto"
I/PackageManager( 1571): Adding preferred activity ComponentInfo{com.android.mms/com.android.mms.ui.ComposeMessageActivity} for user 0 :
D/dalvikvm( 1801): GC_FOR_ALLOC freed 409K, 14% free 3652K/4236K, paused 2ms, total 2ms
I/PackageManager( 1571):   Action: "android.intent.action.SENDTO"
I/PackageManager( 1571):   Category: "android.intent.category.DEFAULT"
I/PackageManager( 1571):   Scheme: "sms"
W/dalvikvm( 1779): VFY: unable to resolve virtual method 271: Landroid/accounts/AccountManager;.getPreviousName (Landroid/accounts/Account;)Ljava/lang/String;
D/dalvikvm( 1779): VFY: replacing opcode 0x6e at 0x0024
I/PackageManager( 1571):   Action: "android.intent.action.SENDTO"
I/PackageManager( 1571):   Category: "android.intent.category.DEFAULT"
I/PackageManager( 1571):   Scheme: "smsto"
I/PackageManager( 1571): Adding preferred activity ComponentInfo{com.android.mms/com.android.mms.ui.ComposeMessageActivity} for user 0 :
I/PackageManager( 1571): Adding preferred activity ComponentInfo{com.android.mms/com.android.mms.ui.ComposeMessageActivity} for user 0 :
I/dalvikvm( 1841): Could not find method android.app.admin.DevicePolicyManager.isProfileOwnerApp, referenced from method hbs.c
W/dalvikvm( 1841): VFY: unable to resolve virtual method 2595: Landroid/app/admin/DevicePolicyManager;.isProfileOwnerApp (Ljava/lang/String;)Z
D/dalvikvm( 1841): VFY: replacing opcode 0x6e at 0x0011
I/dalvikvm( 1841): Could not find method android.app.admin.DevicePolicyManager.getProfileOwner, referenced from method hbs.a
W/dalvikvm( 1841): VFY: unable to resolve virtual method 2591: Landroid/app/admin/DevicePolicyManager;.getProfileOwner ()Landroid/content/ComponentName;
D/dalvikvm( 1841): VFY: replacing opcode 0x6e at 0x0012
D/dalvikvm( 1571): GC_FOR_ALLOC freed 1898K, 44% free 9653K/17052K, paused 11ms, total 11ms
I/PackageManager( 1571):   Action: "android.intent.action.SENDTO"
I/PackageManager( 1571):   Category: "android.intent.category.DEFAULT"
I/PackageManager( 1571):   Scheme: "mms"
I/dalvikvm( 1841): Could not find method android.app.NotificationManager.getCurrentInterruptionFilter, referenced from method nea.b
W/dalvikvm( 1841): VFY: unable to resolve virtual method 2504: Landroid/app/NotificationManager;.getCurrentInterruptionFilter ()I
D/dalvikvm( 1841): VFY: replacing opcode 0x6e at 0x0002
E/ActivityThread( 2291): Failed to find provider info for com.google.android.partnersetup.rlzappprovider
I/PackageManager( 1571): Adding preferred activity ComponentInfo{com.android.mms/com.android.mms.ui.ComposeMessageActivity} for user 0 :
I/PackageManager( 1571):   Action: "android.intent.action.SENDTO"
I/PackageManager( 1571):   Category: "android.intent.category.DEFAULT"
I/PackageManager( 1571):   Scheme: "mmsto"
I/PackageManager( 1571): Adding preferred activity ComponentInfo{com.android.mms/com.android.mms.ui.ComposeMessageActivity} for user 0 :
I/dalvikvm( 1841): Could not find method android.accounts.AccountManager.removeAccount, referenced from method ymq.c
W/dalvikvm( 1841): VFY: unable to resolve virtual method 4165: Landroid/accounts/AccountManager;.removeAccount (Landroid/accounts/Account;Landroid/app/Activity;Landroid/accounts/AccountManagerCallback;Landroid/os/Handler;)Landroid/accounts/AccountManagerFuture;
D/dalvikvm( 1841): VFY: replacing opcode 0x6e at 0x0009
I/dalvikvm( 1841): Could not find method android.accounts.AccountManager.removeAccountExplicitly, referenced from method ymq.d
W/dalvikvm( 1841): VFY: unable to resolve virtual method 4166: Landroid/accounts/AccountManager;.removeAccountExplicitly (Landroid/accounts/Account;)Z
D/dalvikvm( 1841): VFY: replacing opcode 0x6e at 0x0008
I/PackageManager( 1571):   Action: "android.intent.action.SENDTO"
I/PackageManager( 1571):   Category: "android.intent.category.DEFAULT"
I/PackageManager( 1571):   Scheme: "sms"
I/PackageManager( 1571): Adding preferred activity ComponentInfo{com.android.mms/com.android.mms.ui.ComposeMessageActivity} for user 0 :
I/PackageManager( 1571):   Action: "android.intent.action.SENDTO"
I/PackageManager( 1571):   Category: "android.intent.category.DEFAULT"
I/PackageManager( 1571):   Scheme: "smsto"
I/PackageManager( 1571): Adding preferred activity ComponentInfo{com.android.mms/com.android.mms.ui.ComposeMessageActivity} for user 0 :
D/dalvikvm( 1801): GC_FOR_ALLOC freed 469K, 15% free 3613K/4236K, paused 1ms, total 2ms
D/dalvikvm( 2291): GC_FOR_ALLOC freed 285K, 11% free 3221K/3580K, paused 2ms, total 2ms
I/PackageManager( 1571):   Action: "android.intent.action.SENDTO"
I/PackageManager( 1571):   Category: "android.intent.category.DEFAULT"
I/PackageManager( 1571):   Scheme: "mms"
I/PackageManager( 1571): Adding preferred activity ComponentInfo{com.android.mms/com.android.mms.ui.ComposeMessageActivity} for user 0 :
D/dalvikvm( 1841): GC_FOR_ALLOC freed 345K, 9% free 6599K/7192K, paused 28ms, total 28ms
I/dalvikvm( 1841): Could not find method android.content.ServiceConnection.onNullBinding, referenced from method uxb.onNullBinding
W/dalvikvm( 1841): VFY: unable to resolve interface method 2566: Landroid/content/ServiceConnection;.onNullBinding (Landroid/content/ComponentName;)V
D/dalvikvm( 1841): VFY: replacing opcode 0x72 at 0x000f
I/PackageManager( 1571):   Action: "android.intent.action.SENDTO"
I/PackageManager( 1571):   Category: "android.intent.category.DEFAULT"
I/PackageManager( 1571):   Scheme: "mmsto"
I/PackageManager( 1571): Adding preferred activity ComponentInfo{com.android.mms/com.android.mms.ui.ComposeMessageActivity} for user 0 :
I/dalvikvm( 2146): Could not find method android.app.NotificationManager.getCurrentInterruptionFilter, referenced from method nea.b
W/dalvikvm( 2146): VFY: unable to resolve virtual method 2504: Landroid/app/NotificationManager;.getCurrentInterruptionFilter ()I
D/dalvikvm( 2146): VFY: replacing opcode 0x6e at 0x0002
I/Auth    ( 1841): [Change,AccountsChange] First snapshot
I/PackageManager( 1571):   Action: "android.intent.action.SENDTO"
I/PackageManager( 1571):   Category: "android.intent.category.DEFAULT"
I/PackageManager( 1571):   Scheme: "sms"
I/PackageManager( 1571): Adding preferred activity ComponentInfo{com.android.mms/com.android.mms.ui.ComposeMessageActivity} for user 0 :
W/WakefulBroadcastReceiv.( 1841): No active wake lock id #1
I/PackageManager( 1571):   Action: "android.intent.action.SENDTO"
I/PackageManager( 1571):   Category: "android.intent.category.DEFAULT"
I/PackageManager( 1571):   Scheme: "smsto"
I/PackageManager( 1571):   Action: "android.intent.action.SENDTO"
I/PackageManager( 1571):   Category: "android.intent.category.DEFAULT"
I/PackageManager( 1571):   Scheme: "mms"
I/PackageManager( 1571): Adding preferred activity ComponentInfo{com.android.mms/com.android.mms.ui.ComposeMessageActivity} for user 0 :
I/PackageManager( 1571): Adding preferred activity ComponentInfo{com.android.mms/com.android.mms.ui.ComposeMessageActivity} for user 0 :
D/dalvikvm( 1571): GC_FOR_ALLOC freed 1609K, 44% free 9714K/17052K, paused 10ms, total 10ms
I/PackageManager( 1571):   Action: "android.intent.action.SENDTO"
I/PackageManager( 1571):   Category: "android.intent.category.DEFAULT"
I/PackageManager( 1571):   Scheme: "mmsto"
I/PackageManager( 1571): Adding preferred activity ComponentInfo{com.android.mms/com.android.mms.ui.ComposeMessageActivity} for user 0 :
D/dalvikvm( 1779): GC_FOR_ALLOC freed 666K, 12% free 6204K/7008K, paused 68ms, total 68ms
I/ActivityManager( 1571): Resuming delayed broadcast
D/dalvikvm( 1801): GC_FOR_ALLOC freed 414K, 14% free 3657K/4236K, paused 2ms, total 2ms
I/PackageManager( 1571):   Action: "android.intent.action.SENDTO"
I/PackageManager( 1571):   Category: "android.intent.category.DEFAULT"
I/PackageManager( 1571):   Scheme: "sms"
I/ActivityManager( 1571): Start proc com.google.android.googlequicksearchbox:launcher for broadcast com.google.android.googlequicksearchbox/com.google.android.gel.GelStubAppWatcher: pid=2340 uid=10013 gids={50013, 3003, 1028, 3002, 1015}
I/PackageManager( 1571): Adding preferred activity ComponentInfo{com.android.mms/com.android.mms.ui.ComposeMessageActivity} for user 0 :
I/PackageManager( 1571):   Action: "android.intent.action.SENDTO"
I/PackageManager( 1571):   Category: "android.intent.category.DEFAULT"
I/PackageManager( 1571):   Scheme: "smsto"
I/PackageManager( 1571):   Action: "android.intent.action.SENDTO"
I/PackageManager( 1571):   Category: "android.intent.category.DEFAULT"
I/PackageManager( 1571):   Scheme: "mms"
I/PackageManager( 1571): Adding preferred activity ComponentInfo{com.android.mms/com.android.mms.ui.ComposeMessageActivity} for user 0 :
I/PackageManager( 1571): Adding preferred activity ComponentInfo{com.android.mms/com.android.mms.ui.ComposeMessageActivity} for user 0 :
I/PackageManager( 1571):   Action: "android.intent.action.SENDTO"
I/PackageManager( 1571):   Category: "android.intent.category.DEFAULT"
I/PackageManager( 1571):   Scheme: "mmsto"
I/PackageManager( 1571): Adding preferred activity ComponentInfo{com.android.mms/com.android.mms.ui.ComposeMessageActivity} for user 0 :
I/PackageManager( 1571):   Action: "android.intent.action.SENDTO"
I/PackageManager( 1571):   Category: "android.intent.category.DEFAULT"
I/PackageManager( 1571):   Scheme: "sms"
I/PackageManager( 1571): Adding preferred activity ComponentInfo{com.android.mms/com.android.mms.ui.ComposeMessageActivity} for user 0 :
I/PackageManager( 1571):   Action: "android.intent.action.SENDTO"
I/PackageManager( 1571):   Category: "android.intent.category.DEFAULT"
I/PackageManager( 1571):   Scheme: "smsto"
I/PackageManager( 1571): Adding preferred activity ComponentInfo{com.android.mms/com.android.mms.ui.ComposeMessageActivity} for user 0 :
D/dalvikvm( 1801): GC_FOR_ALLOC freed 438K, 14% free 3647K/4236K, paused 4ms, total 4ms
I/PackageManager( 1571):   Action: "android.intent.action.SENDTO"
I/PackageManager( 1571):   Category: "android.intent.category.DEFAULT"
I/PackageManager( 1571):   Scheme: "mms"
I/PackageManager( 1571): Adding preferred activity ComponentInfo{com.android.mms/com.android.mms.ui.ComposeMessageActivity} for user 0 :
I/PackageManager( 1571):   Action: "android.intent.action.SENDTO"
I/PackageManager( 1571):   Category: "android.intent.category.DEFAULT"
I/PackageManager( 1571):   Scheme: "mmsto"
I/PackageManager( 1571): Adding preferred activity ComponentInfo{com.android.mms/com.android.mms.ui.ComposeMessageActivity} for user 0 :
D/dalvikvm( 1571): GC_FOR_ALLOC freed 1745K, 44% free 9654K/17052K, paused 8ms, total 8ms
I/dalvikvm( 1779): Could not find method android.app.AlarmManager.setExactAndAllowWhileIdle, referenced from method nio.a
W/dalvikvm( 1779): VFY: unable to resolve virtual method 2384: Landroid/app/AlarmManager;.setExactAndAllowWhileIdle (IJLandroid/app/PendingIntent;)V
D/dalvikvm( 1779): VFY: replacing opcode 0x6e at 0x000b
I/dalvikvm( 1779): Failed resolving Lnin; interface 549 'Landroid/app/AlarmManager$OnAlarmListener;'
W/dalvikvm( 1779): Link of class 'Lnin;' failed
W/dalvikvm( 1779): VFY: unable to find class referenced in signature (Lnin;)
I/dalvikvm( 1779): Could not find method android.app.AlarmManager.set, referenced from method nio.a
W/dalvikvm( 1779): VFY: unable to resolve virtual method 2381: Landroid/app/AlarmManager;.set (IJJJLandroid/app/AlarmManager$OnAlarmListener;Landroid/os/Handler;Landroid/os/WorkSource;)V
D/dalvikvm( 1779): VFY: replacing opcode 0x74 at 0x0024
I/dalvikvm( 1779): Failed resolving Lnin; interface 549 'Landroid/app/AlarmManager$OnAlarmListener;'
W/dalvikvm( 1779): Link of class 'Lnin;' failed
W/dalvikvm( 1779): VFY: unable to find class referenced in signature (Lnin;)
I/dalvikvm( 1779): Could not find method android.app.AlarmManager.cancel, referenced from method nio.a
W/dalvikvm( 1779): VFY: unable to resolve virtual method 2378: Landroid/app/AlarmManager;.cancel (Landroid/app/AlarmManager$OnAlarmListener;)V
D/dalvikvm( 1779): VFY: replacing opcode 0x6e at 0x0002
I/NearbyDiscovery( 1779): DiscoveryService destroyed [CONTEXT service_id=49 ]
D/dalvikvm( 2146): GC_FOR_ALLOC freed 859K, 30% free 6075K/8640K, paused 10ms, total 11ms
V/Launcher( 2340): LauncherAppState inited
I/Fitness ( 1779): OnPackageChangedOperation got intent: Intent { act=android.intent.action.PACKAGE_CHANGED dat=package:com.android.sdksetup flg=0x4000010 cmp=com.google.android.gms/.chimera.PersistentIntentOperationService (has extras) } [CONTEXT service_id=17 ]
W/ContextImpl( 2291): Implicit intents with startService are not safe: Intent { act=com.google.android.gms.icing.INDEX_SERVICE } android.content.ContextWrapper.bindService:517 com.google.android.gms.internal.av.a:-1 com.google.android.gms.internal.au.connect:-1 
W/dalvikvm( 2146): VFY: unable to find class referenced in signature (Landroid/net/Network;)
W/dalvikvm( 2146): VFY: unable to find class referenced in signature (Landroid/net/Network;)
I/dalvikvm( 2146): Could not find method android.net.Network.openConnection, referenced from method wna.a
W/dalvikvm( 2146): VFY: unable to resolve virtual method 5072: Landroid/net/Network;.openConnection (Ljava/net/URL;)Ljava/net/URLConnection;
D/dalvikvm( 2146): VFY: replacing opcode 0x6e at 0x008f
E/GmsRequestQueue( 2146): Tried to stop global GMSCore RequestQueue. This is likely unintended, so ignoring.
I/Authzen ( 2146): [AuthZenEventHandler] Handling event: com.google.android.chimera.IntentOperation.NEW_MODULE
E/Authzen ( 2146): [AuthZenEventHandler] unknown action: com.google.android.chimera.IntentOperation.NEW_MODULE
I/Icing   ( 2146): Using regular flags by method 2
D/dalvikvm( 1571): GC_FOR_ALLOC freed 1632K, 44% free 9680K/17052K, paused 10ms, total 10ms
