W/Resources( 1933): Converting to int: TypedValue{t=0x3/d=0x15 "2" a=-1}
W/Resources( 1933): Converting to int: TypedValue{t=0x3/d=0x15 "2" a=-1}
D/gralloc_ranchu( 1144): gralloc_alloc: Creating ashmem region of size 1298432
D/        ( 1571): HostConnection::get() New Host Connection established 0xb7b30dd0, tid 1586
D/gralloc_ranchu( 1144): gralloc_alloc: Creating ashmem region of size 14745600
D/MccTable( 1801): updateMccMncConfiguration: mcc=310, mnc=260
D/MccTable( 1801): getLocaleFromMcc to en_us mcc=310
D/MccTable( 1801): getLocaleForLanguageCountry: skipping already persisted
D/MccTable( 1801): getLocaleForLanguageCountry: X locale=null
D/MccTable( 1801): WIFI_COUNTRY_CODE set to us
I/WifiService( 1571): WifiService trying to set country code to us with persist set to true
D/MccTable( 1801): updateMccMncConfiguration updateConfig config={1.0 310mcc260mnc ?locale ?layoutDir ?swdp ?wdp ?hdp ?density ?lsize ?long ?orien ?uimode ?night ?touch ?keyb/?/? ?nav/?}
I/PackageManager( 1571): Running dexopt on: com.android.exchange
I/ActivityManager( 1571): Start proc com.android.exchange for content provider com.android.exchange/.provider.ExchangeDirectoryProvider: pid=1998 uid=10027 gids={50027, 3003, 1028, 1015}
W/linker  ( 2010): libdvm.so has text relocations. This is wasting memory and is a security risk. Please fix.
D/dalvikvm( 1801): GC_FOR_ALLOC freed 398K, 12% free 3543K/4012K, paused 3ms, total 3ms
I/Choreographer( 1658): Skipped 47 frames!  The application may be doing too much work on its main thread.
D/EGL_emulation( 1658): eglMakeCurrent: 0xb79ed160: ver 3 0
D/EGL_emulation( 1658): eglMakeCurrent: 0xb79ed160: ver 3 0
I/SurfaceFlinger( 1144): Boot is finished (10961 ms)
D/dalvikvm( 2010): DexOpt: load 56ms, verify+opt 170ms, 2148036 bytes
W/Launcher.LauncherProvider( 1933): Unable to add favorite: com.android.camera2/com.android.camera.CameraLauncher
W/Launcher.LauncherProvider( 1933): android.content.pm.PackageManager$NameNotFoundException: ComponentInfo{com.android.camera2/com.android.camera.CameraLauncher}
W/Launcher.LauncherProvider( 1933): 	at android.app.ApplicationPackageManager.getActivityInfo(ApplicationPackageManager.java:242)
W/Launcher.LauncherProvider( 1933): 	at com.android.launcher2.LauncherProvider$DatabaseHelper.addAppShortcut(LauncherProvider.java:939)
W/Launcher.LauncherProvider( 1933): 	at com.android.launcher2.LauncherProvider$DatabaseHelper.loadFavorites(LauncherProvider.java:843)
W/Launcher.LauncherProvider( 1933): 	at com.android.launcher2.LauncherProvider$DatabaseHelper.access$000(LauncherProvider.java:233)
W/Launcher.LauncherProvider( 1933): 	at com.android.launcher2.LauncherProvider.loadDefaultFavoritesIfNecessary(LauncherProvider.java:228)
W/Launcher.LauncherProvider( 1933): 	at com.android.launcher2.LauncherModel$LoaderTask.loadWorkspace(LauncherModel.java:1263)
W/Launcher.LauncherProvider( 1933): 	at com.android.launcher2.LauncherModel$LoaderTask.loadAndBindWorkspace(LauncherModel.java:1005)
W/Launcher.LauncherProvider( 1933): 	at com.android.launcher2.LauncherModel$LoaderTask.run(LauncherModel.java:1111)
W/Launcher.LauncherProvider( 1933): 	at android.os.Handler.handleCallback(Handler.java:733)
W/Launcher.LauncherProvider( 1933): 	at android.os.Handler.dispatchMessage(Handler.java:95)
W/Launcher.LauncherProvider( 1933): 	at android.os.Looper.loop(Looper.java:136)
W/Launcher.LauncherProvider( 1933): 	at android.os.HandlerThread.run(HandlerThread.java:61)
W/Launcher.LauncherProvider( 1933): Unable to add favorite: com.android.gallery3d/com.android.gallery3d.app.Gallery
W/Launcher.LauncherProvider( 1933): android.content.pm.PackageManager$NameNotFoundException: ComponentInfo{com.android.gallery3d/com.android.gallery3d.app.Gallery}
W/Launcher.LauncherProvider( 1933): 	at android.app.ApplicationPackageManager.getActivityInfo(ApplicationPackageManager.java:242)
W/Launcher.LauncherProvider( 1933): 	at com.android.launcher2.LauncherProvider$DatabaseHelper.addAppShortcut(LauncherProvider.java:939)
W/Launcher.LauncherProvider( 1933): 	at com.android.launcher2.LauncherProvider$DatabaseHelper.loadFavorites(LauncherProvider.java:843)
W/Launcher.LauncherProvider( 1933): 	at com.android.launcher2.LauncherProvider$DatabaseHelper.access$000(LauncherProvider.java:233)
W/Launcher.LauncherProvider( 1933): 	at com.android.launcher2.LauncherProvider.loadDefaultFavoritesIfNecessary(LauncherProvider.java:228)
W/Launcher.LauncherProvider( 1933): 	at com.android.launcher2.LauncherModel$LoaderTask.loadWorkspace(LauncherModel.java:1263)
W/Launcher.LauncherProvider( 1933): 	at com.android.launcher2.LauncherModel$LoaderTask.loadAndBindWorkspace(LauncherModel.java:1005)
W/Launcher.LauncherProvider( 1933): 	at com.android.launcher2.LauncherModel$LoaderTask.run(LauncherModel.java:1111)
W/Launcher.LauncherProvider( 1933): 	at android.os.Handler.handleCallback(Handler.java:733)
W/Launcher.LauncherProvider( 1933): 	at android.os.Handler.dispatchMessage(Handler.java:95)
W/Launcher.LauncherProvider( 1933): 	at android.os.Looper.loop(Looper.java:136)
W/Launcher.LauncherProvider( 1933): 	at android.os.HandlerThread.run(HandlerThread.java:61)
D/dalvikvm( 1801): GC_FOR_ALLOC freed 494K, 14% free 3563K/4128K, paused 10ms, total 10ms
D/EGL_emulation( 1658): eglMakeCurrent: 0xb79ed160: ver 3 0
I/ContactDirectoryManager( 1880): deleted 0 stale rows which don't have any relevant directory
I/ActivityManager( 1571): Start proc com.android.email for content provider com.android.email/.provider.EmailProvider: pid=2017 uid=10026 gids={50026, 3003, 1028, 1015}
D/PhoneStatusBar( 1658): mSettingsPanelGravity = 55
D/EGL_emulation( 1658): eglMakeCurrent: 0xb79ed160: ver 3 0
D/MobileDataStateTracker( 1571): fota: Broadcast received: android.intent.action.ANY_DATA_STATE apnType=fota
D/MobileDataStateTracker( 1571): fota: Received state=DISCONNECTED, old=DISCONNECTED, reason=simLoaded
D/MobileDataStateTracker( 1571): ia: Broadcast received: android.intent.action.ANY_DATA_STATE apnType=ia
D/MobileDataStateTracker( 1571): ia: Received state=DISCONNECTED, old=DISCONNECTED, reason=simLoaded
D/MobileDataStateTracker( 1571): supl: Broadcast received: android.intent.action.ANY_DATA_STATE apnType=supl
D/MobileDataStateTracker( 1571): supl: Received state=DISCONNECTED, old=DISCONNECTED, reason=simLoaded
D/MobileDataStateTracker( 1571): hipri: Broadcast received: android.intent.action.ANY_DATA_STATE apnType=hipri
D/MobileDataStateTracker( 1571): hipri: Received state=DISCONNECTED, old=DISCONNECTED, reason=simLoaded
D/MobileDataStateTracker( 1571): ims: Broadcast received: android.intent.action.ANY_DATA_STATE apnType=ims
D/MobileDataStateTracker( 1571): ims: Received state=DISCONNECTED, old=DISCONNECTED, reason=simLoaded
D/MobileDataStateTracker( 1571): mms: Broadcast received: android.intent.action.ANY_DATA_STATE apnType=mms
D/MobileDataStateTracker( 1571): mms: Received state=DISCONNECTED, old=DISCONNECTED, reason=simLoaded
D/MobileDataStateTracker( 1571): cbs: Broadcast received: android.intent.action.ANY_DATA_STATE apnType=cbs
D/MobileDataStateTracker( 1571): cbs: Received state=DISCONNECTED, old=DISCONNECTED, reason=simLoaded
D/MobileDataStateTracker( 1571): default: Broadcast received: android.intent.action.ANY_DATA_STATE apnType=default
D/MobileDataStateTracker( 1571): default: Received state=CONNECTING, old=DISCONNECTED, reason=simLoaded
D/MobileDataStateTracker( 1571): default: setDetailed state, old =IDLE and new state=CONNECTING
D/MobileDataStateTracker( 1571): fota: Broadcast received: android.intent.action.ANY_DATA_STATE apnType=fota
D/MobileDataStateTracker( 1571): fota: Received state=DISCONNECTED, old=DISCONNECTED, reason=simLoaded
D/MobileDataStateTracker( 1571): ia: Broadcast received: android.intent.action.ANY_DATA_STATE apnType=ia
D/MobileDataStateTracker( 1571): ia: Received state=DISCONNECTED, old=DISCONNECTED, reason=simLoaded
I/PackageManager( 1571): Running dexopt on: com.android.email
D/MobileDataStateTracker( 1571): supl: Broadcast received: android.intent.action.ANY_DATA_STATE apnType=supl
D/MobileDataStateTracker( 1571): supl: Received state=DISCONNECTED, old=DISCONNECTED, reason=simLoaded
D/MobileDataStateTracker( 1571): hipri: Broadcast received: android.intent.action.ANY_DATA_STATE apnType=hipri
D/MobileDataStateTracker( 1571): hipri: Received state=DISCONNECTED, old=DISCONNECTED, reason=simLoaded
D/MobileDataStateTracker( 1571): ims: Broadcast received: android.intent.action.ANY_DATA_STATE apnType=ims
D/MobileDataStateTracker( 1571): ims: Received state=DISCONNECTED, old=DISCONNECTED, reason=simLoaded
D/MobileDataStateTracker( 1571): mms: Broadcast received: android.intent.action.ANY_DATA_STATE apnType=mms
D/MobileDataStateTracker( 1571): mms: Received state=DISCONNECTED, old=DISCONNECTED, reason=simLoaded
D/MobileDataStateTracker( 1571): cbs: Broadcast received: android.intent.action.ANY_DATA_STATE apnType=cbs
D/MobileDataStateTracker( 1571): cbs: Received state=DISCONNECTED, old=DISCONNECTED, reason=simLoaded
W/linker  ( 2031): libdvm.so has text relocations. This is wasting memory and is a security risk. Please fix.
I/ContactDirectoryManager( 1880): Discovered 0 contact directories in 849ms
I/ContactsProvider( 1880): Upgrading aggregation algorithm
I/ContactAggregator( 1880): Marked all visible contacts for aggregation: 0 raw contacts, 0 ms
I/ContactsProvider( 1880): Aggregation algorithm upgraded for 0 raw contacts in 23ms
I/ContactsFTS( 1880): Rebuild contact search index in 39ms, 0 contacts
D/gralloc_ranchu( 1144): gralloc_alloc: Creating ashmem region of size 1298432
D/dalvikvm( 2031): DexOpt: load 42ms, verify+opt 177ms, 3355068 bytes
I/Choreographer( 1658): Skipped 50 frames!  The application may be doing too much work on its main thread.
I/MultiDex( 1779): Renaming to /data/data/com.google.android.gms/code_cache/secondary-dexes/PrebuiltGmsCore.apk.classes2.zip
I/MultiDex( 1779): Extraction succeeded '/data/data/com.google.android.gms/code_cache/secondary-dexes/PrebuiltGmsCore.apk.classes2.zip': length 3623385 - crc: 3535609393
I/MultiDex( 1779): Extraction is needed for file /data/data/com.google.android.gms/code_cache/secondary-dexes/PrebuiltGmsCore.apk.classes3.zip
I/MultiDex( 1779): Extracting /data/data/com.google.android.gms/code_cache/secondary-dexes/tmp-PrebuiltGmsCore.apk.classes712938726.zip
D/MobileDataStateTracker( 1571): default: Broadcast received: android.intent.action.ANY_DATA_STATE apnType=default
D/MobileDataStateTracker( 1571): default: Received state=CONNECTED, old=CONNECTING, reason=connected
D/MobileDataStateTracker( 1571): default: setDetailed state, old =CONNECTING and new state=CONNECTED
D/ConnectivityService( 1571): ConnectivityChange for mobile: CONNECTED/CONNECTED
D/ConnectivityService( 1571): ConnectivityChange checkMobileProvisioning for TYPE_MOBILE or ProvisioningNetwork
D/ConnectivityService( 1571): checkMobileProvisioning: E suggestedTimeOutMs=60000
D/EGL_emulation( 1658): eglMakeCurrent: 0xb79ed160: ver 3 0
D/Launcher.Model( 1933): Reload apps on config change. curr_mcc:310 prevmcc:0
I/Choreographer( 1933): Skipped 57 frames!  The application may be doing too much work on its main thread.
D/Launcher.Model( 1933): going to save icon bitmap for info=ShortcutInfo(title=Browserintent=Intent { act=android.intent.action.MAIN cat=[android.intent.category.LAUNCHER] flg=0x10200000 cmp=com.android.browser/.BrowserActivity }id=12 type=0 container=-101 screen=4 cellX=4 cellY=0 spanX=1 spanY=1 dropPos=null)
D/ConnectivityService( 1571): setProvNotificationVisible: E visible=false networkType=5 extraInfo=null url=null
D/ConnectivityService( 1571): checkMobileProvisioning: params={ url=http://clients3.google.com/generate_204 mTimeOutMs=60000 mCb=com.android.server.ConnectivityService$5@9d244318}
D/ConnectivityService( 1571): checkMobileProvisioning: X
D/EGL_emulation( 1658): eglMakeCurrent: 0xb79ed160: ver 3 0
D/Nat464Xlat( 1571): requiresClat: netType=0, hasIPv4Address=true
D/MobileDataStateTracker( 1571): default: isProvisioningNetwork: retVal=false
D/ConnectivityService( 1571): [CheckMp] isMobileOk: isDefaultProvisioning=false
D/MobileDataStateTracker( 1571): hipri: isProvisioningNetwork: retVal=false
D/ConnectivityService( 1571): [CheckMp] isMobileOk: isHipriProvisioning=false
D/ConnectivityService( 1571): [CheckMp] isMobileOk: start hipri url=http://clients3.google.com/generate_204
D/ConnectivityService( 1571): startUsingNetworkFeature reconnecting to 0: enableHIPRI
D/dalvikvm( 1933): GC_FOR_ALLOC freed 752K, 9% free 9143K/9972K, paused 3ms, total 3ms
D/dalvikvm( 1801): GC_FOR_ALLOC freed 503K, 14% free 3573K/4148K, paused 21ms, total 22ms
D/        ( 1933): HostConnection::get() New Host Connection established 0xb790b3c0, tid 1933
D/ConnectivityService( 1571): startUsingNetworkFeature X: return APN_REQUEST_STARTED
D/EGL_emulation( 1933): eglCreateContext: 0xb79c7a80: maj 3 min 0 rcv 3
D/Launcher.Model( 1933): going to save icon bitmap for info=ShortcutInfo(title=Phoneintent=Intent { act=android.intent.action.MAIN cat=[android.intent.category.LAUNCHER] flg=0x10200000 cmp=com.android.dialer/.DialtactsActivity }id=6 type=0 container=-101 screen=0 cellX=0 cellY=0 spanX=1 spanY=1 dropPos=null)
D/ConnectivityService( 1571): [CheckMp] isMobileOk: hipri started
D/EGL_emulation( 1933): eglMakeCurrent: 0xb79c7a80: ver 3 0
E/eglCodecCommon( 1933): glUtilsParamSize: unknow param 0x00008cdf
E/eglCodecCommon( 1933): glUtilsParamSize: unknow param 0x00008824
E/EGL_emulation( 1933): tid 1933: eglSurfaceAttrib(1199): error 0x3009 (EGL_BAD_MATCH)
W/HardwareRenderer( 1933): Backbuffer cannot be preserved
D/ConnectivityService( 1571): [CheckMp] isMobileOk: not connected ni=NetworkInfo: type: mobile_hipri[LTE], state: DISCONNECTED/IDLE, reason: (unspecified), extra: (none), roaming: false, failover: false, isAvailable: true, isConnectedToProvisioningNetwork: false
D/gralloc_ranchu( 1144): gralloc_alloc: Creating ashmem region of size 1298432
D/Launcher.Model( 1933): going to save icon bitmap for info=ShortcutInfo(title=Settingsintent=Intent { act=android.intent.action.MAIN cat=[android.intent.category.LAUNCHER] flg=0x10200000 cmp=com.android.settings/.Settings }id=4 type=0 container=-100 screen=3 cellX=2 cellY=3 spanX=1 spanY=1 dropPos=null)
D/OpenGLRenderer( 1933): Enabling debug mode 0
D/dalvikvm( 1658): GC_FOR_ALLOC freed 17807K, 68% free 8738K/26620K, paused 19ms, total 19ms
D/MobileDataStateTracker( 1571): hipri: Broadcast received: android.intent.action.ANY_DATA_STATE apnType=hipri
D/MobileDataStateTracker( 1571): hipri: Received state=CONNECTING, old=DISCONNECTED, reason=dataEnabled
D/MobileDataStateTracker( 1571): hipri: setDetailed state, old =IDLE and new state=CONNECTING
D/MobileDataStateTracker( 1571): fota: Broadcast received: android.intent.action.ANY_DATA_STATE apnType=fota
D/MobileDataStateTracker( 1571): fota: Received state=DISCONNECTED, old=DISCONNECTED, reason=dataEnabled
D/MobileDataStateTracker( 1571): ia: Broadcast received: android.intent.action.ANY_DATA_STATE apnType=ia
D/MobileDataStateTracker( 1571): ia: Received state=DISCONNECTED, old=DISCONNECTED, reason=dataEnabled
D/MobileDataStateTracker( 1571): supl: Broadcast received: android.intent.action.ANY_DATA_STATE apnType=supl
D/MobileDataStateTracker( 1571): supl: Received state=DISCONNECTED, old=DISCONNECTED, reason=dataEnabled
D/MobileDataStateTracker( 1571): ims: Broadcast received: android.intent.action.ANY_DATA_STATE apnType=ims
D/MobileDataStateTracker( 1571): ims: Received state=DISCONNECTED, old=DISCONNECTED, reason=dataEnabled
D/MobileDataStateTracker( 1571): mms: Broadcast received: android.intent.action.ANY_DATA_STATE apnType=mms
D/MobileDataStateTracker( 1571): mms: Received state=DISCONNECTED, old=DISCONNECTED, reason=dataEnabled
D/MobileDataStateTracker( 1571): cbs: Broadcast received: android.intent.action.ANY_DATA_STATE apnType=cbs
D/MobileDataStateTracker( 1571): cbs: Received state=DISCONNECTED, old=DISCONNECTED, reason=dataEnabled
D/MobileDataStateTracker( 1571): hipri: Broadcast received: android.intent.action.ANY_DATA_STATE apnType=hipri
D/MobileDataStateTracker( 1571): hipri: Received state=CONNECTED, old=CONNECTING, reason=dataEnabled
D/MobileDataStateTracker( 1571): hipri: setDetailed state, old =CONNECTING and new state=CONNECTED
D/ConnectivityService( 1571): ConnectivityChange for mobile_hipri: CONNECTED/CONNECTED
I/dalvikvm-heap( 1658): Grow heap (frag case) to 11.531MB for 3072012-byte allocation
D/dalvikvm( 1933): GC_FOR_ALLOC freed 306K, 9% free 9268K/10124K, paused 26ms, total 26ms
D/Nat464Xlat( 1571): requiresClat: netType=5, hasIPv4Address=true
D/dalvikvm( 1658): GC_FOR_ALLOC freed 6K, 56% free 11732K/26620K, paused 11ms, total 11ms
D/dalvikvm( 1658): GC_FOR_ALLOC freed <1K, 56% free 11733K/26620K, paused 5ms, total 5ms
I/dalvikvm-heap( 1933): Grow heap (frag case) to 16.242MB for 7464972-byte allocation
D/dalvikvm( 1933): GC_FOR_ALLOC freed 1K, 5% free 16556K/17416K, paused 5ms, total 5ms
D/Launcher.Model( 1933): going to save icon bitmap for info=ShortcutInfo(title=Messagingintent=Intent { act=android.intent.action.MAIN cat=[android.intent.category.LAUNCHER] flg=0x10200000 cmp=com.android.mms/.ui.ConversationList }id=10 type=0 container=-101 screen=3 cellX=3 cellY=0 spanX=1 spanY=1 dropPos=null)
I/dalvikvm-heap( 1658): Grow heap (frag case) to 26.378MB for 15575052-byte allocation
D/dalvikvm( 1658): GC_FOR_ALLOC freed 0K, 36% free 26943K/41832K, paused 7ms, total 7ms
D/Launcher.Model( 1933): going to save icon bitmap for info=ShortcutInfo(title=Peopleintent=Intent { act=android.intent.action.MAIN cat=[android.intent.category.LAUNCHER] flg=0x10200000 cmp=com.android.contacts/.activities.PeopleActivity }id=8 type=0 container=-101 screen=1 cellX=1 cellY=0 spanX=1 spanY=1 dropPos=null)
D/gralloc_ranchu( 1144): gralloc_alloc: Creating ashmem region of size 15577088
V/RenderScript( 1933): 0xb7a83330 Launching thread(s), CPUs 2
I/Choreographer( 1658): Skipped 35 frames!  The application may be doing too much work on its main thread.
D/EGL_emulation( 1658): eglMakeCurrent: 0xb79ed160: ver 3 0
I/ActivityManager( 1571): Displayed com.android.launcher/com.android.launcher2.Launcher: +2s512ms (total +3s270ms)
I/WindowManager( 1571): Screen frozen for +1s789ms due to Window{9d726698 u0 com.android.launcher/com.android.launcher2.Launcher}
D/dalvikvm( 1933): GC_FOR_ALLOC freed 230K, 5% free 16918K/17704K, paused 4ms, total 4ms
I/dalvikvm-heap( 1933): Grow heap (frag case) to 23.711MB for 7464972-byte allocation
D/dalvikvm( 1933): GC_FOR_ALLOC freed 2K, 4% free 24205K/24996K, paused 3ms, total 3ms
W/ActivityManager( 1571): Unable to start service Intent { cmp=com.android.email/.service.AttachmentDownloadService } U=0: not found
D/dalvikvm( 2017): GC_FOR_ALLOC freed 287K, 11% free 3206K/3576K, paused 7ms, total 7ms
I/Email   ( 2017): Observing account changes for notifications
D/dalvikvm( 1933): GC_FOR_ALLOC freed 7303K, 33% free 16959K/24996K, paused 2ms, total 2ms
D/dalvikvm( 1933): GC_FOR_ALLOC freed <1K, 26% free 18509K/24996K, paused 2ms, total 2ms
D/dalvikvm( 1933): GC_FOR_ALLOC freed <1K, 20% free 20060K/24996K, paused 1ms, total 1ms
D/dalvikvm( 1933): GC_FOR_ALLOC freed 187K, 13% free 21861K/24996K, paused 4ms, total 4ms
D/dalvikvm( 1933): GC_FOR_ALLOC freed 999K, 9% free 22864K/24996K, paused 4ms, total 4ms
D/MobileDataStateTracker( 1571): hipri: isProvisioningNetwork: retVal=false
D/ConnectivityService( 1571): [CheckMp] isMobileOk: isProvisioningNetwork is false, continue
I/MultiDex( 1779): Renaming to /data/data/com.google.android.gms/code_cache/secondary-dexes/PrebuiltGmsCore.apk.classes3.zip
I/MultiDex( 1779): Extraction succeeded '/data/data/com.google.android.gms/code_cache/secondary-dexes/PrebuiltGmsCore.apk.classes3.zip': length 3069570 - crc: 1812373452
I/MultiDex( 1779): Extraction is needed for file /data/data/com.google.android.gms/code_cache/secondary-dexes/PrebuiltGmsCore.apk.classes4.zip
I/MultiDex( 1779): Extracting /data/data/com.google.android.gms/code_cache/secondary-dexes/tmp-PrebuiltGmsCore.apk.classes-64469219.zip
D/dalvikvm( 1571): GC_FOR_ALLOC freed 1336K, 45% free 9384K/17052K, paused 6ms, total 6ms
D/ConnectivityService( 1571): [CheckMp] isMobileOk: addresses=clients3.google.com/172.217.13.110,clients3.google.com/2607:f8b0:4020:804::200e
D/ConnectivityService( 1571): [CheckMp] isMobileOk: linkHasIpv4=true linkHasIpv6=false
D/ConnectivityService( 1571): requestRouteToHostAddress ok=true
D/ConnectivityService( 1571): [CheckMp] isMobileOk: wait to establish route to hostAddr=clients3.google.com/172.217.13.110
I/MultiDex( 1779): Renaming to /data/data/com.google.android.gms/code_cache/secondary-dexes/PrebuiltGmsCore.apk.classes4.zip
I/MultiDex( 1779): Extraction succeeded '/data/data/com.google.android.gms/code_cache/secondary-dexes/PrebuiltGmsCore.apk.classes4.zip': length 3729559 - crc: 3858303340
I/MultiDex( 1779): Extraction is needed for file /data/data/com.google.android.gms/code_cache/secondary-dexes/PrebuiltGmsCore.apk.classes5.zip
I/MultiDex( 1779): Extracting /data/data/com.google.android.gms/code_cache/secondary-dexes/tmp-PrebuiltGmsCore.apk.classes1564384902.zip
I/MultiDex( 1779): Renaming to /data/data/com.google.android.gms/code_cache/secondary-dexes/PrebuiltGmsCore.apk.classes5.zip
I/MultiDex( 1779): Extraction succeeded '/data/data/com.google.android.gms/code_cache/secondary-dexes/PrebuiltGmsCore.apk.classes5.zip': length 3584837 - crc: 4123503416
I/MultiDex( 1779): Extraction is needed for file /data/data/com.google.android.gms/code_cache/secondary-dexes/PrebuiltGmsCore.apk.classes6.zip
I/MultiDex( 1779): Extracting /data/data/com.google.android.gms/code_cache/secondary-dexes/tmp-PrebuiltGmsCore.apk.classes-304195045.zip
I/MultiDex( 1779): Renaming to /data/data/com.google.android.gms/code_cache/secondary-dexes/PrebuiltGmsCore.apk.classes6.zip
I/MultiDex( 1779): Extraction succeeded '/data/data/com.google.android.gms/code_cache/secondary-dexes/PrebuiltGmsCore.apk.classes6.zip': length 2190210 - crc: 2261963046
I/MultiDex( 1779): load found 5 secondary dex files
D/dalvikvm( 1571): GC_EXPLICIT freed 89K, 46% free 9316K/17052K, paused 1ms+1ms, total 11ms
D/dalvikvm( 1779): DexOpt: --- BEGIN 'PrebuiltGmsCore.apk.classes2.zip' (bootstrap=0) ---
W/linker  ( 2063): libdvm.so has text relocations. This is wasting memory and is a security risk. Please fix.
D/AndroidRuntime( 2066): 
D/AndroidRuntime( 2066): >>>>>> AndroidRuntime START com.android.internal.os.RuntimeInit <<<<<<
W/linker  ( 2066): libdvm.so has text relocations. This is wasting memory and is a security risk. Please fix.
D/AndroidRuntime( 2066): CheckJNI is ON
D/dalvikvm( 2066): Trying to load lib libjavacore.so 0x0
D/dalvikvm( 2066): Added shared lib libjavacore.so 0x0
D/dalvikvm( 2066): Trying to load lib libnativehelper.so 0x0
D/dalvikvm( 2066): Added shared lib libnativehelper.so 0x0
D/dalvikvm( 2066): No JNI_OnLoad found in libnativehelper.so 0x0, skipping init
D/dalvikvm( 2066): Note: class Landroid/app/ActivityManagerNative; has 179 unimplemented (abstract) methods
E/cutils-trace( 2063): Error opening trace file: Permission denied (13)
D/dalvikvm( 2063): GC_FOR_ALLOC freed 842K, 42% free 1204K/2048K, paused 1ms, total 1ms
D/Tethering( 1571): MasterInitialState.processMessage what=3
D/CaptivePortalTracker( 1571): NoActiveNetworkState{ when=0 what=1 obj=NetworkInfo: type: mobile[LTE], state: CONNECTED/CONNECTED, reason: connected, extra: epc.tmobile.com, roaming: false, failover: false, isAvailable: true, isConnectedToProvisioningNetwork: false target=com.android.internal.util.StateMachine$SmHandler }
D/CaptivePortalTracker( 1571): NoActiveNetworkState not a wifi connectivity change, ignore
E/memtrack( 2066): Couldn't load memtrack module (No such file or directory)
E/android.os.Debug( 2066): failed to load memtrack module: -2
D/AndroidRuntime( 2066): Calling main entry com.android.commands.pm.Pm
D/AndroidRuntime( 2066): Shutting down VM
D/jdwp    ( 2066): Got wake-up signal, bailing out of select
D/dalvikvm( 2066): Debugger has detached; object registry had 1 entries
D/dalvikvm( 2063): DexOpt: couldn't find field Landroid/os/Message;.sendingUid
D/dalvikvm( 2063): DexOpt: load 203ms, verify+opt 126ms, 9812300 bytes
D/dalvikvm( 1779): DexOpt: --- END 'PrebuiltGmsCore.apk.classes2.zip' (success) ---
D/dalvikvm( 1779): DEX prep '/data/data/com.google.android.gms/code_cache/secondary-dexes/PrebuiltGmsCore.apk.classes2.zip': unzip in 72ms, rewrite 413ms
D/dalvikvm( 1779): DexOpt: --- BEGIN 'PrebuiltGmsCore.apk.classes3.zip' (bootstrap=0) ---
W/linker  ( 2079): libdvm.so has text relocations. This is wasting memory and is a security risk. Please fix.
D/CaptivePortalTracker( 1571): NoActiveNetworkState{ when=0 what=1 obj=NetworkInfo: type: mobile_hipri[LTE], state: CONNECTED/CONNECTED, reason: dataEnabled, extra: epc.tmobile.com, roaming: false, failover: false, isAvailable: true, isConnectedToProvisioningNetwork: false target=com.android.internal.util.StateMachine$SmHandler }
D/CaptivePortalTracker( 1571): NoActiveNetworkState not a wifi connectivity change, ignore
D/Tethering( 1571): MasterInitialState.processMessage what=3
D/AndroidRuntime( 2080): 
D/AndroidRuntime( 2080): >>>>>> AndroidRuntime START com.android.internal.os.RuntimeInit <<<<<<
W/linker  ( 2080): libdvm.so has text relocations. This is wasting memory and is a security risk. Please fix.
D/AndroidRuntime( 2080): CheckJNI is ON
D/dalvikvm( 2080): Trying to load lib libjavacore.so 0x0
D/dalvikvm( 2080): Added shared lib libjavacore.so 0x0
D/dalvikvm( 2080): Trying to load lib libnativehelper.so 0x0
D/dalvikvm( 2080): Added shared lib libnativehelper.so 0x0
D/dalvikvm( 2080): No JNI_OnLoad found in libnativehelper.so 0x0, skipping init
D/dalvikvm( 2080): Note: class Landroid/app/ActivityManagerNative; has 179 unimplemented (abstract) methods
E/cutils-trace( 2079): Error opening trace file: Permission denied (13)
D/dalvikvm( 2079): GC_FOR_ALLOC freed 888K, 44% free 1158K/2048K, paused 1ms, total 1ms
E/memtrack( 2080): Couldn't load memtrack module (No such file or directory)
E/android.os.Debug( 2080): failed to load memtrack module: -2
D/GpsLocationProvider( 1571): NTP server returned: 1629084279234 (Sun Aug 15 22:24:39 CDT 2021) reference: 16268 certainty: 27 system time offset: 671
D/AndroidRuntime( 2080): Calling main entry com.android.commands.pm.Pm
D/AndroidRuntime( 2080): Shutting down VM
D/jdwp    ( 2080): Got wake-up signal, bailing out of select
D/dalvikvm( 2080): Debugger has detached; object registry had 1 entries
I/AndroidRuntime( 2080): NOTE: attach of thread 'Binder_1' failed
D/dalvikvm( 2079): DexOpt: load 34ms, verify+opt 71ms, 4551068 bytes
D/dalvikvm( 1779): DexOpt: --- END 'PrebuiltGmsCore.apk.classes3.zip' (success) ---
D/dalvikvm( 1779): DEX prep '/data/data/com.google.android.gms/code_cache/secondary-dexes/PrebuiltGmsCore.apk.classes3.zip': unzip in 42ms, rewrite 175ms
D/dalvikvm( 1779): DexOpt: --- BEGIN 'PrebuiltGmsCore.apk.classes4.zip' (bootstrap=0) ---
W/linker  ( 2090): libdvm.so has text relocations. This is wasting memory and is a security risk. Please fix.
E/cutils-trace( 2090): Error opening trace file: Permission denied (13)
D/dalvikvm( 2090): GC_FOR_ALLOC freed 953K, 47% free 1093K/2048K, paused 1ms, total 1ms
D/AndroidRuntime( 2091): 
D/AndroidRuntime( 2091): >>>>>> AndroidRuntime START com.android.internal.os.RuntimeInit <<<<<<
W/linker  ( 2091): libdvm.so has text relocations. This is wasting memory and is a security risk. Please fix.
D/AndroidRuntime( 2091): CheckJNI is ON
D/dalvikvm( 2091): Trying to load lib libjavacore.so 0x0
D/dalvikvm( 2091): Added shared lib libjavacore.so 0x0
D/dalvikvm( 2091): Trying to load lib libnativehelper.so 0x0
D/dalvikvm( 2091): Added shared lib libnativehelper.so 0x0
D/dalvikvm( 2091): No JNI_OnLoad found in libnativehelper.so 0x0, skipping init
D/dalvikvm( 2091): Note: class Landroid/app/ActivityManagerNative; has 179 unimplemented (abstract) methods
E/memtrack( 2091): Couldn't load memtrack module (No such file or directory)
E/android.os.Debug( 2091): failed to load memtrack module: -2
D/AndroidRuntime( 2091): Calling main entry com.android.commands.pm.Pm
D/AndroidRuntime( 2091): Shutting down VM
D/jdwp    ( 2091): Got wake-up signal, bailing out of select
D/dalvikvm( 2091): Debugger has detached; object registry had 1 entries
D/dalvikvm( 2090): DexOpt: load 53ms, verify+opt 82ms, 5853988 bytes
D/dalvikvm( 1779): DexOpt: --- END 'PrebuiltGmsCore.apk.classes4.zip' (success) ---
D/dalvikvm( 1779): DEX prep '/data/data/com.google.android.gms/code_cache/secondary-dexes/PrebuiltGmsCore.apk.classes4.zip': unzip in 52ms, rewrite 211ms
D/dalvikvm( 1779): DexOpt: --- BEGIN 'PrebuiltGmsCore.apk.classes5.zip' (bootstrap=0) ---
W/linker  ( 2102): libdvm.so has text relocations. This is wasting memory and is a security risk. Please fix.
E/cutils-trace( 2102): Error opening trace file: Permission denied (13)
D/dalvikvm( 2102): GC_FOR_ALLOC freed 696K, 35% free 1350K/2048K, paused 1ms, total 1ms
D/AndroidRuntime( 2108): 
D/AndroidRuntime( 2108): >>>>>> AndroidRuntime START com.android.internal.os.RuntimeInit <<<<<<
W/linker  ( 2108): libdvm.so has text relocations. This is wasting memory and is a security risk. Please fix.
D/AndroidRuntime( 2108): CheckJNI is ON
D/dalvikvm( 2108): Trying to load lib libjavacore.so 0x0
D/dalvikvm( 2108): Added shared lib libjavacore.so 0x0
D/dalvikvm( 2108): Trying to load lib libnativehelper.so 0x0
D/dalvikvm( 2108): Added shared lib libnativehelper.so 0x0
D/dalvikvm( 2108): No JNI_OnLoad found in libnativehelper.so 0x0, skipping init
D/dalvikvm( 2108): Note: class Landroid/app/ActivityManagerNative; has 179 unimplemented (abstract) methods
D/dalvikvm( 2102): DexOpt: couldn't find static field Landroid/view/View;.TRANSLATION_Z
E/memtrack( 2108): Couldn't load memtrack module (No such file or directory)
E/android.os.Debug( 2108): failed to load memtrack module: -2
D/AndroidRuntime( 2108): Calling main entry com.android.commands.pm.Pm
I/PackageManager( 1571): Running dexopt on: com.android.defcontainer
W/linker  ( 2131): libdvm.so has text relocations. This is wasting memory and is a security risk. Please fix.
I/ActivityManager( 1571): Start proc com.android.defcontainer for service com.android.defcontainer/.DefaultContainerService: pid=2118 uid=10003 gids={50003, 1028, 1015, 1023, 2001, 1035}
D/dalvikvm( 2131): DexOpt: load 1ms, verify+opt 1ms, 201428 bytes
D/dalvikvm( 2102): DexOpt: load 57ms, verify+opt 155ms, 6002044 bytes
W/ActivityManager( 1571): No content provider found for permission revoke: file:///data/local/tmp/AndroidRipperService.apk
W/ActivityManager( 1571): No content provider found for permission revoke: file:///data/local/tmp/AndroidRipperService.apk
I/PackageManager( 1571): Copying native libraries to /data/app-lib/vmdl712938726
I/PackageParser( 1571): it.unina.android.ripper_service: compat added android.permission.WRITE_EXTERNAL_STORAGE android.permission.READ_PHONE_STATE
I/PackageManager( 1571): Running dexopt on: it.unina.android.ripper_service
W/linker  ( 2133): libdvm.so has text relocations. This is wasting memory and is a security risk. Please fix.
D/dalvikvm( 1779): DexOpt: --- END 'PrebuiltGmsCore.apk.classes5.zip' (success) ---
D/dalvikvm( 1779): DEX prep '/data/data/com.google.android.gms/code_cache/secondary-dexes/PrebuiltGmsCore.apk.classes5.zip': unzip in 50ms, rewrite 282ms
D/dalvikvm( 1779): DexOpt: --- BEGIN 'PrebuiltGmsCore.apk.classes6.zip' (bootstrap=0) ---
W/linker  ( 2134): libdvm.so has text relocations. This is wasting memory and is a security risk. Please fix.
D/dalvikvm( 2133): DexOpt: load 6ms, verify+opt 23ms, 1117628 bytes
I/ActivityManager( 1571): Force stopping it.unina.android.ripper_service appid=10057 user=-1: update pkg
I/InputReader( 1571): Reconfiguring input devices.  changes=0x00000010
D/BackupManagerService( 1571): Received broadcast Intent { act=android.intent.action.PACKAGE_ADDED dat=package:it.unina.android.ripper_service flg=0x4000010 (has extras) }
V/BackupManagerService( 1571): addPackageParticipantsLocked: #1
I/PackageManager( 1571):   Action: "android.intent.action.SENDTO"
I/PackageManager( 1571):   Category: "android.intent.category.DEFAULT"
I/PackageManager( 1571):   Scheme: "sms"
I/PackageManager( 1571): Adding preferred activity ComponentInfo{com.android.mms/com.android.mms.ui.ComposeMessageActivity} for user 0 :
I/PackageManager( 1571):   Action: "android.intent.action.SENDTO"
I/PackageManager( 1571):   Category: "android.intent.category.DEFAULT"
I/PackageManager( 1571):   Scheme: "smsto"
I/PackageManager( 1571): Adding preferred activity ComponentInfo{com.android.mms/com.android.mms.ui.ComposeMessageActivity} for user 0 :
I/PackageManager( 1571):   Action: "android.intent.action.SENDTO"
I/PackageManager( 1571):   Category: "android.intent.category.DEFAULT"
I/PackageManager( 1571):   Scheme: "mms"
I/PackageManager( 1571): Adding preferred activity ComponentInfo{com.android.mms/com.android.mms.ui.ComposeMessageActivity} for user 0 :
I/PackageManager( 1571):   Action: "android.intent.action.SENDTO"
I/PackageManager( 1571):   Category: "android.intent.category.DEFAULT"
I/PackageManager( 1571):   Scheme: "mmsto"
E/cutils-trace( 2134): Error opening trace file: Permission denied (13)
D/dalvikvm( 2134): GC_FOR_ALLOC freed 1274K, 63% free 772K/2048K, paused 1ms, total 1ms
I/PackageManager( 1571): Adding preferred activity ComponentInfo{com.android.mms/com.android.mms.ui.ComposeMessageActivity} for user 0 :
D/dalvikvm( 1801): GC_FOR_ALLOC freed 447K, 13% free 3636K/4156K, paused 5ms, total 5ms
I/PackageManager( 1571):   Action: "android.intent.action.SENDTO"
I/PackageManager( 1571):   Category: "android.intent.category.DEFAULT"
I/PackageManager( 1571):   Scheme: "sms"
I/PackageManager( 1571): Adding preferred activity ComponentInfo{com.android.mms/com.android.mms.ui.ComposeMessageActivity} for user 0 :
D/dalvikvm( 1571): GC_EXPLICIT freed 1176K, 45% free 9513K/17052K, paused 15ms+1ms, total 83ms
D/AndroidRuntime( 2108): Shutting down VM
I/PackageManager( 1571):   Action: "android.intent.action.SENDTO"
I/PackageManager( 1571):   Category: "android.intent.category.DEFAULT"
I/PackageManager( 1571):   Scheme: "smsto"
D/jdwp    ( 2108): Got wake-up signal, bailing out of select
D/dalvikvm( 2108): Debugger has detached; object registry had 1 entries
I/PackageManager( 1571): Adding preferred activity ComponentInfo{com.android.mms/com.android.mms.ui.ComposeMessageActivity} for user 0 :
I/PackageManager( 1571):   Action: "android.intent.action.SENDTO"
I/PackageManager( 1571):   Category: "android.intent.category.DEFAULT"
I/PackageManager( 1571):   Scheme: "mms"
I/PackageManager( 1571):   Action: "android.intent.action.SENDTO"
I/PackageManager( 1571):   Category: "android.intent.category.DEFAULT"
I/PackageManager( 1571):   Scheme: "mmsto"
I/PackageManager( 1571): Adding preferred activity ComponentInfo{com.android.mms/com.android.mms.ui.ComposeMessageActivity} for user 0 :
I/PackageManager( 1571): Adding preferred activity ComponentInfo{com.android.mms/com.android.mms.ui.ComposeMessageActivity} for user 0 :
D/ConnectivityService( 1571): [CheckMp] isMobileOk: newUrl=https://172.217.13.110/generate_204
W/ActivityThread( 1571): ClassLoader.loadClass: The class loader returned by Thread.getContextClassLoader() may fail for processes that host multiple applications. You should explicitly specify a context class loader. For example: Thread.setContextClassLoader(getClass().getClassLoader());
D/dalvikvm( 2134): DexOpt: load 76ms, verify+opt 119ms, 4410764 bytes
D/dalvikvm( 1779): DexOpt: --- END 'PrebuiltGmsCore.apk.classes6.zip' (success) ---
D/dalvikvm( 1779): DEX prep '/data/data/com.google.android.gms/code_cache/secondary-dexes/PrebuiltGmsCore.apk.classes6.zip': unzip in 34ms, rewrite 263ms
I/MultiDex( 1779): install done
I/dalvikvm( 1779): Could not find method android.content.ContentProvider.query, referenced from method brf.superQuery
W/dalvikvm( 1779): VFY: unable to resolve virtual method 2428: Landroid/content/ContentProvider;.query (Landroid/net/Uri;[Ljava/lang/String;Landroid/os/Bundle;Landroid/os/CancellationSignal;)Landroid/database/Cursor;
D/dalvikvm( 1779): VFY: replacing opcode 0x6f at 0x0000
D/ConnectivityService( 1571): [CheckMp] isMobileOk: hostnameVerify retVal=true hostname=172.217.13.110 orgUriHost=clients3.google.com
I/dalvikvm( 1779): Could not find method android.os.UserHandle.isOwner, referenced from method nmy.f
W/dalvikvm( 1779): VFY: unable to resolve virtual method 3081: Landroid/os/UserHandle;.isOwner ()Z
D/dalvikvm( 1779): VFY: replacing opcode 0x6e at 0x000a
D/dalvikvm( 1779): GC_FOR_ALLOC freed 375K, 11% free 4684K/5228K, paused 2ms, total 2ms
D/dalvikvm( 1779): DexOpt: couldn't find field Landroid/content/pm/ApplicationInfo;.splitSourceDirs
W/dalvikvm( 1779): VFY: unable to resolve instance field 1475
D/dalvikvm( 1779): VFY: replacing opcode 0x54 at 0x0055
D/dalvikvm( 1779): DexOpt: couldn't find static field Landroid/os/Build;.SUPPORTED_ABIS
W/dalvikvm( 1779): VFY: unable to resolve static field 1540 (SUPPORTED_ABIS) in Landroid/os/Build;
D/ConnectivityService( 1571): [CheckMp] isMobileOk: headers={null=[HTTP/1.1 204 No Content], Alt-Svc=[h3=":443"; ma=2592000,h3-29=":443"; ma=2592000,h3-T051=":443"; ma=2592000,h3-Q050=":443"; ma=2592000,h3-Q046=":443"; ma=2592000,h3-Q043=":443"; ma=2592000,quic=":443"; ma=2592000; v="46,43"], Connection=[close], Content-Length=[0], Date=[Mon, 16 Aug 2021 03:24:40 GMT], X-Android-Received-Millis=[1629084279554], X-Android-Response-Source=[NETWORK 204], X-Android-Selected-Transport=[http/1.1], X-Android-Sent-Millis=[1629084279541]}
D/ConnectivityService( 1571): [CheckMp] isMobileOk: X got expected responseCode=204 result=1
D/ConnectivityService( 1571): [CheckMp] isMobileOk: F stop hipri
D/MobileDataStateTracker( 1571): default: setEnableFailFastMobileData(enabled=0)
D/dalvikvm( 1779): VFY: replacing opcode 0x62 at 0x00d1
I/dalvikvm( 1779): Could not find method android.system.Os.stat, referenced from method nop.a
W/dalvikvm( 1779): VFY: unable to resolve static method 3146: Landroid/system/Os;.stat (Ljava/lang/String;)Landroid/system/StructStat;
D/dalvikvm( 1779): VFY: replacing opcode 0x71 at 0x0182
D/ConnectivityService( 1571): stopUsingNetworkFeature: teardown net 0: enableHIPRI
D/MobileDataStateTracker( 1571): hipri: Broadcast received: android.intent.action.ANY_DATA_STATE apnType=hipri
D/MobileDataStateTracker( 1571): hipri: Received state=DISCONNECTED, old=CONNECTED, reason=dataDisabled
D/MobileDataStateTracker( 1571): hipri: setDetailed state, old =CONNECTED and new state=DISCONNECTED
D/ConnectivityService( 1571): ConnectivityChange for mobile_hipri: DISCONNECTED/DISCONNECTED
I/dalvikvm( 1779): Could not find method android.content.pm.PackageManager.getPackageInstaller, referenced from method men.a
W/dalvikvm( 1779): VFY: unable to resolve virtual method 2608: Landroid/content/pm/PackageManager;.getPackageInstaller ()Landroid/content/pm/PackageInstaller;
D/dalvikvm( 1779): VFY: replacing opcode 0x6e at 0x001c
W/DynamiteModule( 1779): Local module descriptor class for providerinstaller not found.
E/ChimeraCfgMgr( 1779): Failed to read module config: java.io.FileNotFoundException: /data/data/com.google.android.gms/app_chimera/current_config.fb: open failed: ENOENT (No such file or directory)
I/dalvikvm( 1779): Could not find method android.system.Os.readlink, referenced from method bse.a
W/dalvikvm( 1779): VFY: unable to resolve static method 3145: Landroid/system/Os;.readlink (Ljava/lang/String;)Ljava/lang/String;
D/dalvikvm( 1779): VFY: replacing opcode 0x71 at 0x0044
I/dalvikvm( 1779): Could not find method android.system.Os.symlink, referenced from method bse.a
W/dalvikvm( 1779): VFY: unable to resolve static method 3147: Landroid/system/Os;.symlink (Ljava/lang/String;Ljava/lang/String;)V
D/dalvikvm( 1779): VFY: replacing opcode 0x71 at 0x00b0
I/dalvikvm( 1779): Could not find method android.system.Os.stat, referenced from method bse.a
W/dalvikvm( 1779): VFY: unable to resolve static method 3146: Landroid/system/Os;.stat (Ljava/lang/String;)Landroid/system/StructStat;
D/dalvikvm( 1779): VFY: replacing opcode 0x71 at 0x0005
W/dalvikvm( 1779): VFY: unable to resolve static field 1615 (S_IXUSR) in Landroid/system/OsConstants;
D/dalvikvm( 1779): VFY: replacing opcode 0x60 at 0x0007
I/dalvikvm( 1779): Could not find method android.system.Os.stat, referenced from method bse.b
W/dalvikvm( 1779): VFY: unable to resolve static method 3146: Landroid/system/Os;.stat (Ljava/lang/String;)Landroid/system/StructStat;
D/dalvikvm( 1779): VFY: replacing opcode 0x71 at 0x0040
W/dalvikvm( 1779): VFY: unable to resolve static field 1612 (S_IRUSR) in Landroid/system/OsConstants;
D/dalvikvm( 1779): VFY: replacing opcode 0x60 at 0x0007
W/FileUtils( 1779): Failed to set world readable: /data/data/com.google.android.gms/app_chimera/current_config.fb
D/Nat464Xlat( 1571): requiresClat: netType=5, hasIPv4Address=true
E/ChimeraCfgMgr( 1779): Failed to read module config: java.io.FileNotFoundException: /data/data/com.google.android.gms/app_chimera/current_config.fb: open failed: ENOENT (No such file or directory)
D/dalvikvm( 1779): DexOpt: couldn't find static field Landroid/os/Build;.SUPPORTED_ABIS
W/dalvikvm( 1779): VFY: unable to resolve static field 1540 (SUPPORTED_ABIS) in Landroid/os/Build;
D/dalvikvm( 1779): VFY: replacing opcode 0x62 at 0x0307
D/dalvikvm( 1779): DexOpt: couldn't find static field Landroid/os/Build;.SUPPORTED_ABIS
W/dalvikvm( 1779): VFY: unable to resolve static field 1540 (SUPPORTED_ABIS) in Landroid/os/Build;
D/dalvikvm( 1779): VFY: replacing opcode 0x62 at 0x06eb
I/dalvikvm( 1779): Could not find method android.content.Context.isCredentialProtectedStorage, referenced from method bry.j
W/dalvikvm( 1779): VFY: unable to resolve virtual method 2490: Landroid/content/Context;.isCredentialProtectedStorage ()Z
D/dalvikvm( 1779): VFY: replacing opcode 0x6e at 0x0087
E/ConfigFileUtils( 1779): Failed to read config file: /data/data/com.google.android.gms/app_chimera/current_fileapks.pb: open failed: ENOENT (No such file or directory)
D/dalvikvm( 1779): GC_FOR_ALLOC freed 1931K, 40% free 3218K/5320K, paused 2ms, total 3ms
I/GmsModuleFndr( 1779): Beginning GMS chimera module scan
E/ChimeraCfgMgr( 1779): Failed to read module config: java.io.FileNotFoundException: /data/data/com.google.android.gms/app_chimera/current_config.fb: open failed: ENOENT (No such file or directory)
D/dalvikvm( 1145): GC_EXPLICIT freed 39K, 4% free 2993K/3108K, paused 0ms+0ms, total 2ms
D/dalvikvm( 1145): GC_EXPLICIT freed <1K, 4% free 2993K/3108K, paused 1ms+1ms, total 3ms
D/dalvikvm( 1145): GC_EXPLICIT freed <1K, 4% free 2993K/3108K, paused 0ms+1ms, total 2ms
I/DynamiteModule( 1779): Considering local module com.google.android.gms.googlecertificates:4 and remote module com.google.android.gms.googlecertificates:0
I/DynamiteModule( 1779): Selected local version of com.google.android.gms.googlecertificates
I/dalvikvm( 1779): Could not find method android.app.Notification$Builder.setLocalOnly, referenced from method com.google.android.gms.common.GoogleCertificatesImpl.isGoogleOrPlatformSigned
W/dalvikvm( 1779): VFY: unable to resolve virtual method 2308: Landroid/app/Notification$Builder;.setLocalOnly (Z)Landroid/app/Notification$Builder;
D/dalvikvm( 1779): VFY: replacing opcode 0x6e at 0x00b1
I/ActivityManager( 1571): Start proc com.google.android.gms for service com.google.android.gms/.chimera.GmsIntentOperationService: pid=2146 uid=10007 gids={50007, 3003, 1007, 1028, 1015, 3002, 3001, 3007, 2001, 3006}
W/dalvikvm( 2146): VFY: unable to resolve static field 1608 (PR_SET_DUMPABLE) in Landroid/system/OsConstants;
D/dalvikvm( 2146): VFY: replacing opcode 0x60 at 0x0017
W/dalvikvm( 2146): VFY: unable to find class referenced in signature (Lyqx;)
W/dalvikvm( 2146): VFY: unable to find class referenced in signature (Lyro;)
E/ChimeraCfgMgr( 1779): Failed to read module config: java.io.FileNotFoundException: /data/data/com.google.android.gms/app_chimera/current_config.fb: open failed: ENOENT (No such file or directory)
I/dalvikvm( 2146): Could not find method android.system.Os.readlink, referenced from method msk.a
W/dalvikvm( 2146): VFY: unable to resolve static method 3145: Landroid/system/Os;.readlink (Ljava/lang/String;)Ljava/lang/String;
D/dalvikvm( 2146): VFY: replacing opcode 0x71 at 0x00b0
I/ModuleSetMgr( 1779): Config file doesn't exist, writing blank config.
I/dalvikvm( 1779): Could not find method com.google.android.chimera.ContextThemeWrapper.createAttributionContext, referenced from method mnu.createAttributionContext
W/dalvikvm( 1779): VFY: unable to resolve virtual method 13785: Lcom/google/android/chimera/ContextThemeWrapper;.createAttributionContext (Ljava/lang/String;)Landroid/content/Context;
D/dalvikvm( 1779): VFY: replacing opcode 0x6f at 0x0002
I/dalvikvm( 1779): Could not find method android.content.ContextWrapper.createCredentialProtectedStorageContext, referenced from method mnu.createCredentialProtectedStorageContext
W/dalvikvm( 1779): VFY: unable to resolve virtual method 2508: Landroid/content/ContextWrapper;.createCredentialProtectedStorageContext ()Landroid/content/Context;
D/dalvikvm( 1779): VFY: replacing opcode 0x6f at 0x0002
I/dalvikvm( 1779): Could not find method android.content.ContextWrapper.createDeviceProtectedStorageContext, referenced from method mnu.createDeviceProtectedStorageContext
W/dalvikvm( 1779): VFY: unable to resolve virtual method 2509: Landroid/content/ContextWrapper;.createDeviceProtectedStorageContext ()Landroid/content/Context;
D/dalvikvm( 1779): VFY: replacing opcode 0x6f at 0x0002
I/dalvikvm( 2146): Could not find method android.os.PowerManager.isInteractive, referenced from method ndc.a
W/dalvikvm( 2146): VFY: unable to resolve virtual method 3046: Landroid/os/PowerManager;.isInteractive ()Z
D/dalvikvm( 2146): VFY: replacing opcode 0x6e at 0x0013
I/dalvikvm( 2146): Could not find method com.google.android.chimera.ModuleContext.getAttributionTag, referenced from method com.google.android.chimera.ModuleContext.createAttributionContext
W/dalvikvm( 2146): VFY: unable to resolve virtual method 14170: Lcom/google/android/chimera/ModuleContext;.getAttributionTag ()Ljava/lang/String;
D/dalvikvm( 2146): VFY: replacing opcode 0x6e at 0x0004
I/dalvikvm( 2146): Could not find method com.google.android.chimera.ContextThemeWrapper.createAttributionContext, referenced from method com.google.android.chimera.ModuleContext.createAttributionContext
W/dalvikvm( 2146): VFY: unable to resolve virtual method 13785: Lcom/google/android/chimera/ContextThemeWrapper;.createAttributionContext (Ljava/lang/String;)Landroid/content/Context;
D/dalvikvm( 2146): VFY: replacing opcode 0x6f at 0x0035
E/ConfigFileUtils( 1779): Failed to read config file: /data/data/com.google.android.gms/app_chimera/current_fileapks.pb: open failed: ENOENT (No such file or directory)
I/dalvikvm( 2146): Could not find method android.content.ContextWrapper.createCredentialProtectedStorageContext, referenced from method com.google.android.chimera.ModuleContext.createCredentialProtectedStorageContext
W/dalvikvm( 2146): VFY: unable to resolve virtual method 2508: Landroid/content/ContextWrapper;.createCredentialProtectedStorageContext ()Landroid/content/Context;
D/dalvikvm( 2146): VFY: replacing opcode 0x6f at 0x0002
I/ModuleSetMgr( 1779): Computing pending module set with APKs: []
I/dalvikvm( 2146): Could not find method android.content.ContextWrapper.createDeviceProtectedStorageContext, referenced from method com.google.android.chimera.ModuleContext.createDeviceProtectedStorageContext
W/dalvikvm( 2146): VFY: unable to resolve virtual method 2509: Landroid/content/ContextWrapper;.createDeviceProtectedStorageContext ()Landroid/content/Context;
D/dalvikvm( 2146): VFY: replacing opcode 0x6f at 0x0002
I/dalvikvm( 2146): Could not find method com.google.android.chimera.ContextThemeWrapper.sendBroadcastWithMultiplePermissions, referenced from method com.google.android.chimera.ModuleContext.sendBroadcastWithMultiplePermissions
W/dalvikvm( 2146): VFY: unable to resolve virtual method 13795: Lcom/google/android/chimera/ContextThemeWrapper;.sendBroadcastWithMultiplePermissions (Landroid/content/Intent;[Ljava/lang/String;)V
D/dalvikvm( 2146): VFY: replacing opcode 0x6f at 0x0009
I/MultiDex( 2146): VM with version 1.6.0 does not have multidex support
I/MultiDex( 2146): Installing application
I/MultiDex( 2146): MultiDexExtractor(/system/priv-app/PrebuiltGmsCore.apk, /data/data/com.google.android.gms/code_cache/secondary-dexes)
I/MultiDex( 2146): Blocking on lock /data/data/com.google.android.gms/code_cache/secondary-dexes/MultiDex.lock
I/MultiDex( 2146): /data/data/com.google.android.gms/code_cache/secondary-dexes/MultiDex.lock locked
I/MultiDex( 2146): MultiDexExtractor.load(/system/priv-app/PrebuiltGmsCore.apk, false, )
I/MultiDex( 2146): loading existing secondary dex files
I/MultiDex( 2146): load found 5 secondary dex files
D/dalvikvm( 2146): GC_FOR_ALLOC freed 361K, 13% free 3144K/3580K, paused 2ms, total 2ms
I/MultiDex( 2146): install done
I/dalvikvm( 2146): Could not find method android.content.ContentProvider.query, referenced from method brf.superQuery
W/dalvikvm( 2146): VFY: unable to resolve virtual method 2428: Landroid/content/ContentProvider;.query (Landroid/net/Uri;[Ljava/lang/String;Landroid/os/Bundle;Landroid/os/CancellationSignal;)Landroid/database/Cursor;
D/dalvikvm( 2146): VFY: replacing opcode 0x6f at 0x0000
I/ModuleSetMgr( 1779): Pending container module APKs: []
I/ModuleSetMgr( 1779): Pending non-container module APKs: []
E/ConfigFileUtils( 1779): Failed to read config file: /data/data/com.google.android.gms/app_chimera/current_fileapks.pb: open failed: ENOENT (No such file or directory)
I/dalvikvm( 2146): Could not find method android.app.Activity.registerActivityLifecycleCallbacks, referenced from method amh.onActivityPreCreated
