W/PackageManager( 1571): Unknown permission com.android.vending.billing.ADD_CREDIT_CARD in package com.google.android.gsf.login
W/PackageManager( 1571): Unknown permission com.android.vending.billing.IBillingAccountService.BIND2 in package com.google.android.gsf.login
W/PackageManager( 1571): Unknown permission com.android.vending.TOS_ACKED in package com.google.android.gsf.login
W/PackageManager( 1571): Unknown permission com.android.chrome.TOS_ACKED in package com.google.android.gsf.login
W/PackageManager( 1571): Not granting permission android.permission.ACCESS_DOWNLOAD_MANAGER to package com.android.browser (protectionLevel=18 flags=0x89be45)
W/PackageManager( 1571): Not granting permission android.permission.SEND_DOWNLOAD_COMPLETED_INTENTS to package com.android.browser (protectionLevel=2 flags=0x89be45)
W/PackageManager( 1571): Not granting permission android.permission.BIND_APPWIDGET to package com.android.widgetpreview (protectionLevel=18 flags=0x8be44)
W/PackageManager( 1571): Unknown permission android.permission.INSTALL_DRM in package com.android.mms
W/PackageManager( 1571): Unknown permission android.permission.OBSERVE_GRANT_REVOKE_PERMISSIONS in package com.google.android.gms
W/PackageManager( 1571): Unknown permission android.permission.MANAGE_SOUND_TRIGGER in package com.google.android.gms
W/PackageManager( 1571): Unknown permission android.permission.FOREGROUND_SERVICE in package com.google.android.gms
W/PackageManager( 1571): Unknown permission android.permission.START_ACTIVITIES_FROM_BACKGROUND in package com.google.android.gms
W/PackageManager( 1571): Unknown permission android.permission.QUERY_ALL_PACKAGES in package com.google.android.gms
W/PackageManager( 1571): Unknown permission android.permission.REMOTE_DISPLAY_PROVIDER in package com.google.android.gms
W/PackageManager( 1571): Unknown permission android.permission.RECOVERY in package com.google.android.gms
W/PackageManager( 1571): Not granting permission android.permission.READ_DREAM_STATE to package com.google.android.gms (protectionLevel=2 flags=0x40c83e45)
W/PackageManager( 1571): Unknown permission android.permission.PROVIDE_TRUST_AGENT in package com.google.android.gms
W/PackageManager( 1571): Unknown permission android.permission.DISPATCH_PROVISIONING_MESSAGE in package com.google.android.gms
W/PackageManager( 1571): Unknown permission android.permission.RECOVER_KEYSTORE in package com.google.android.gms
W/PackageManager( 1571): Unknown permission android.permission.PRE_FACTORY_RESET in package com.google.android.gms
W/PackageManager( 1571): Unknown permission android.permission.MANAGE_FACTORY_RESET_PROTECTION in package com.google.android.gms
W/PackageManager( 1571): Unknown permission com.google.android.apps.enterprise.dmagent.permission.AutoSyncPermission in package com.google.android.gms
W/PackageManager( 1571): Unknown permission android.permission.CONNECTIVITY_USE_RESTRICTED_NETWORKS in package com.google.android.gms
W/PackageManager( 1571): Unknown permission android.permission.ALLOCATE_AGGRESSIVE in package com.google.android.gms
W/PackageManager( 1571): Unknown permission android.car.permission.CAR_POWER in package com.google.android.gms
W/PackageManager( 1571): Unknown permission android.permission.USE_FINGERPRINT in package com.google.android.gms
W/PackageManager( 1571): Unknown permission android.permission.USE_BIOMETRIC in package com.google.android.gms
W/PackageManager( 1571): Unknown permission android.permission.SEND_SMS_NO_CONFIRMATION in package com.google.android.gms
W/PackageManager( 1571): Unknown permission com.google.android.wearable.WRITE_SETTINGS in package com.google.android.gms
W/PackageManager( 1571): Unknown permission com.felicanetworks.mfc.permission.MFC_ACCESS in package com.google.android.gms
W/PackageManager( 1571): Unknown permission com.felicanetworks.mfc.mfi.permission.MFI_ACCESS in package com.google.android.gms
W/PackageManager( 1571): Unknown permission com.google.android.finsky.permission.INSTANT_APP_STATE in package com.google.android.gms
W/PackageManager( 1571): Unknown permission android.permission.ACCESS_BACKGROUND_LOCATION in package com.google.android.gms
W/PackageManager( 1571): Unknown permission android.permission.ACCESS_NOTIFICATION_POLICY in package com.google.android.gms
W/PackageManager( 1571): Unknown permission com.google.android.googlequicksearchbox.permission.PAUSE_HOTWORD in package com.google.android.gms
W/PackageManager( 1571): Unknown permission android.permission.MANAGE_VOICE_KEYPHRASES in package com.google.android.gms
W/PackageManager( 1571): Unknown permission android.permission.UWB in package com.google.android.gms
W/PackageManager( 1571): Unknown permission android.permission.USE_FULL_SCREEN_INTENT in package com.google.android.gms
W/PackageManager( 1571): Unknown permission android.permission.TETHER_PRIVILEGED in package com.google.android.gms
W/PackageManager( 1571): Unknown permission android.permission.CONTROL_DISPLAY_SATURATION in package com.google.android.gms
W/PackageManager( 1571): Unknown permission android.permission.REAL_GET_TASKS in package com.google.android.gms
W/PackageManager( 1571): Unknown permission com.google.android.finsky.permission.BIND_GET_INSTALL_REFERRER_SERVICE in package com.google.android.gms
W/PackageManager( 1571): Unknown permission com.google.android.hangouts.START_HANGOUT in package com.google.android.gms
W/PackageManager( 1571): Unknown permission android.permission.READ_OEM_UNLOCK_STATE in package com.google.android.gms
W/PackageManager( 1571): Unknown permission android.permission.SCORE_NETWORKS in package com.google.android.gms
W/PackageManager( 1571): Unknown permission android.permission.OVERRIDE_WIFI_CONFIG in package com.google.android.gms
W/PackageManager( 1571): Unknown permission android.car.permission.CAR_POWERTRAIN in package com.google.android.gms
W/PackageManager( 1571): Unknown permission android.car.permission.CAR_ENERGY in package com.google.android.gms
W/PackageManager( 1571): Unknown permission android.car.permission.CAR_ENERGY_PORTS in package com.google.android.gms
W/PackageManager( 1571): Unknown permission android.car.permission.CAR_EXTERIOR_LIGHTS in package com.google.android.gms
W/PackageManager( 1571): Unknown permission android.car.permission.CAR_INFO in package com.google.android.gms
W/PackageManager( 1571): Unknown permission android.car.permission.CAR_MILEAGE in package com.google.android.gms
W/PackageManager( 1571): Unknown permission android.car.permission.CAR_TIRES in package com.google.android.gms
W/PackageManager( 1571): Unknown permission android.car.permission.CONTROL_CAR_CLIMATE in package com.google.android.gms
W/PackageManager( 1571): Unknown permission android.car.permission.CONTROL_CAR_DOORS in package com.google.android.gms
W/PackageManager( 1571): Unknown permission android.car.permission.CONTROL_CAR_EXTERIOR_LIGHTS in package com.google.android.gms
W/PackageManager( 1571): Unknown permission android.car.permission.CONTROL_CAR_MIRRORS in package com.google.android.gms
W/PackageManager( 1571): Unknown permission android.car.permission.CONTROL_CAR_SEATS in package com.google.android.gms
W/PackageManager( 1571): Unknown permission android.car.permission.CONTROL_CAR_WINDOWS in package com.google.android.gms
W/PackageManager( 1571): Unknown permission android.car.permission.READ_CAR_DISPLAY_UNITS in package com.google.android.gms
W/PackageManager( 1571): Unknown permission android.permission.CONTROL_INCALL_EXPERIENCE in package com.google.android.gms
W/PackageManager( 1571): Unknown permission android.permission.USER_ACTIVITY in package com.google.android.gms
W/PackageManager( 1571): Unknown permission android.permission.MODIFY_AUDIO_ROUTING in package com.google.android.gms
W/PackageManager( 1571): Unknown permission android.permission.MODIFY_DAY_NIGHT_MODE in package com.google.android.gms
W/PackageManager( 1571): Unknown permission com.google.android.finsky.permission.GEARHEAD_SERVICE in package com.google.android.gms
W/PackageManager( 1571): Unknown permission com.google.android.permission.ACCESSIBILITY_SCAN_SERVICE in package com.google.android.gms
W/PackageManager( 1571): Unknown permission android.permission.START_TASKS_FROM_RECENTS in package com.google.android.gms
W/PackageManager( 1571): Not granting permission android.permission.MANAGE_ACTIVITY_STACKS to package com.google.android.gms (protectionLevel=2 flags=0x40c83e45)
W/PackageManager( 1571): Unknown permission android.permission.ACTIVITY_EMBEDDING in package com.google.android.gms
W/PackageManager( 1571): Unknown permission com.google.android.finsky.permission.ACCESS_INSTANT_APP_NOTIFICATION_ENFORCEMENT in package com.google.android.gms
W/PackageManager( 1571): Unknown permission android.permission.PROVIDE_RESOLVER_RANKER_SERVICE in package com.google.android.gms
W/PackageManager( 1571): Unknown permission com.google.android.clockwork.settings.SHOW_FACTORY_RESET_CONFIRMATION in package com.google.android.gms
W/PackageManager( 1571): Unknown permission com.google.android.wearable.READ_SETTINGS in package com.google.android.gms
W/PackageManager( 1571): Unknown permission android.permission.READ_MEDIA_AUDIO in package com.google.android.gms
W/PackageManager( 1571): Unknown permission android.permission.READ_MEDIA_IMAGES in package com.google.android.gms
W/PackageManager( 1571): Unknown permission android.permission.READ_MEDIA_VIDEO in package com.google.android.gms
W/PackageManager( 1571): Unknown permission android.permission.INTENT_FILTER_VERIFICATION_AGENT in package com.google.android.gms
W/PackageManager( 1571): Unknown permission android.permission.LOCAL_MAC_ADDRESS in package com.google.android.gms
W/PackageManager( 1571): Unknown permission android.permission.CHANGE_DEVICE_IDLE_TEMP_WHITELIST in package com.google.android.gms
W/PackageManager( 1571): Unknown permission android.permission.READ_WIFI_CREDENTIAL in package com.google.android.gms
W/PackageManager( 1571): Unknown permission android.permission.SUBSTITUTE_NOTIFICATION_APP_NAME in package com.google.android.gms
W/PackageManager( 1571): Unknown permission android.permission.SUBSTITUTE_SHARE_TARGET_APP_NAME_AND_ICON in package com.google.android.gms
W/PackageManager( 1571): Unknown permission android.permission.ACTIVITY_RECOGNITION in package com.google.android.gms
W/PackageManager( 1571): Unknown permission android.permission.MANAGE_SUBSCRIPTION_PLANS in package com.google.android.gms
W/PackageManager( 1571): Unknown permission android.permission.READ_DEVICE_CONFIG in package com.google.android.gms
W/PackageManager( 1571): Unknown permission android.permission.WRITE_DEVICE_CONFIG in package com.google.android.gms
W/PackageManager( 1571): Unknown permission com.google.android.apps.now.OPT_IN_WIZARD in package com.google.android.gms
W/PackageManager( 1571): Unknown permission com.google.android.setupwizard.SETUP_COMPAT_SERVICE in package com.google.android.gms
W/PackageManager( 1571): Unknown permission android.permission.MANAGE_ROLLBACKS in package com.google.android.gms
W/PackageManager( 1571): Unknown permission android.permission.REQUEST_DELETE_PACKAGES in package com.google.android.gms
W/PackageManager( 1571): Unknown permission android.permission.NOTIFY_PENDING_SYSTEM_UPDATE in package com.google.android.gms
W/PackageManager( 1571): Unknown permission android.permission.BODY_SENSORS in package com.google.android.gms
W/PackageManager( 1571): Unknown permission com.google.android.launcher.permission.RECEIVE_LAUNCH_BROADCASTS in package com.google.android.gms
W/PackageManager( 1571): Unknown permission com.google.android.vending.verifier.ACCESS_VERIFIER in package com.google.android.gms
W/PackageManager( 1571): Unknown permission android.permission.RESET_PASSWORD in package com.google.android.gms
W/PackageManager( 1571): Unknown permission android.permission.LOCK_DEVICE in package com.google.android.gms
W/PackageManager( 1571): Unknown permission android.permission.CONTROL_KEYGUARD_SECURE_NOTIFICATIONS in package com.google.android.gms
W/PackageManager( 1571): Unknown permission com.google.android.gm.permission.READ_GMAIL in package com.google.android.gms
W/PackageManager( 1571): Unknown permission com.android.voicemail.permission.READ_VOICEMAIL in package com.google.android.gms
W/PackageManager( 1571): Unknown permission com.google.android.voicesearch.SHORTCUTS_ACCESS in package com.google.android.googlequicksearchbox
W/PackageManager( 1571): Unknown permission com.google.android.voicesearch.ACCESS_SETTINGS in package com.google.android.googlequicksearchbox
W/PackageManager( 1571): Unknown permission com.google.android.ears.permission.WRITE in package com.google.android.googlequicksearchbox
W/PackageManager( 1571): Unknown permission com.google.android.apps.googlevoice.permission.AUTO_SEND in package com.google.android.googlequicksearchbox
W/PackageManager( 1571): Unknown permission com.google.android.gm.permission.AUTO_SEND in package com.google.android.googlequicksearchbox
W/PackageManager( 1571): Unknown permission android.permission.REQUEST_DELETE_PACKAGES in package com.google.android.play.games
W/PackageManager( 1571): Unknown permission com.google.android.finsky.permission.BIND_GET_INSTALL_REFERRER_SERVICE in package com.google.android.play.games
W/PackageManager( 1571): Not granting permission android.permission.DELETE_PACKAGES to package com.svox.pico (protectionLevel=18 flags=0x88be45)
W/PackageManager( 1571): Not granting permission android.permission.DEVICE_POWER to package com.android.deskclock (protectionLevel=2 flags=0xc8be45)
W/PackageManager( 1571): Not granting permission android.permission.READ_DREAM_STATE to package com.google.android.gsf (protectionLevel=2 flags=0x40883e45)
W/InputMethodManagerService( 1571): Illegal subtype state: old subtype = null, new subtype = android.view.inputmethod.InputMethodSubtype@c9194f98
D/dalvikvm( 1778): DexOpt: load 24ms, verify+opt 67ms, 1425476 bytes
W/GpsLocationProvider( 1571): Could not open GPS configuration file /etc/gps.conf
D/dalvikvm( 1658): GC_FOR_ALLOC freed 18K, 3% free 6086K/6248K, paused 3ms, total 3ms
I/PackageManager( 1571): Running dexopt on: com.android.location.fused
W/linker  ( 1792): libdvm.so has text relocations. This is wasting memory and is a security risk. Please fix.
I/ActivityManager( 1571): Start proc com.google.android.gms.persistent for service com.google.android.gms/com.google.android.location.network.NetworkLocationService: pid=1779 uid=10007 gids={50007, 3003, 1007, 1028, 1015, 3002, 3001, 3007, 2001, 3006}
V/PhoneStatusBar/NavigationBarView( 1658): touchEnabled:false
D/dalvikvm( 1792): DexOpt: load 7ms, verify+opt 1ms, 150300 bytes
I/PackageManager( 1571): Running dexopt on: com.google.android.gms
W/linker  ( 1795): libdvm.so has text relocations. This is wasting memory and is a security risk. Please fix.
D/dalvikvm( 1795): DexOpt: couldn't find static field Landroid/os/Build;.SUPPORTED_64_BIT_ABIS
D/dalvikvm( 1795): DexOpt: couldn't find static field Landroid/os/Build;.SUPPORTED_64_BIT_ABIS
D/dalvikvm( 1795): DexOpt: couldn't find static field Landroid/os/Build;.SUPPORTED_64_BIT_ABIS
D/dalvikvm( 1795): DexOpt: couldn't find field Landroid/content/pm/ApplicationInfo;.splitSourceDirs
D/dalvikvm( 1795): DexOpt: couldn't find static field Landroid/os/Build;.SUPPORTED_ABIS
D/dalvikvm( 1795): DexOpt: couldn't find static field Landroid/os/Build;.SUPPORTED_64_BIT_ABIS
D/dalvikvm( 1795): DexOpt: load 40ms, verify+opt 206ms, 3112180 bytes
E/FlpHardwareProvider( 1571): Error hw_get_module 'flp': -2
D/dalvikvm( 1658): GC_FOR_ALLOC freed 49K, 2% free 7068K/7188K, paused 3ms, total 3ms
I/LatinIME( 1762): Hardware accelerated drawing: true
E/BluetoothAdapter( 1658): Bluetooth binder is null
E/BluetoothAdapter( 1658): Bluetooth binder is null
E/FlpHardwareProvider( 1571): Error hw_get_module 'flp': -2
W/dalvikvm( 1779): VFY: unable to resolve static field 1608 (PR_SET_DUMPABLE) in Landroid/system/OsConstants;
D/dalvikvm( 1779): VFY: replacing opcode 0x60 at 0x0017
W/dalvikvm( 1779): VFY: unable to find class referenced in signature (Lyqx;)
W/dalvikvm( 1779): VFY: unable to find class referenced in signature (Lyro;)
I/CommonTimeManagementService( 1571): No common time service detected on this platform.  Common time services will be unavailable.
I/InputReader( 1571): Reconfiguring input devices.  changes=0x00000020
I/InputReader( 1571): Reconfiguring input devices.  changes=0x00000010
W/SocketClient( 1141): write error (Broken pipe)
I/ActivityManager( 1571): Start proc com.android.phone for added application com.android.phone: pid=1801 uid=1001 gids={41001, 3002, 3001, 3003, 1028, 1015}
D/dalvikvm( 1571): GC_FOR_ALLOC freed 814K, 55% free 6922K/15156K, paused 9ms, total 9ms
I/LatinIME:LogUtils( 1762): Dictionary info: dictionary = PersonalizationPredictionDictio ; version = ? ; date = 1629084272
I/LatinIME:LogUtils( 1762): Dictionary info: dictionary = personalization.en_US.dict ; version = ? ; date = 1629084272
I/ActivityManager( 1571): START u0 {act=android.intent.action.MAIN cat=[android.intent.category.HOME] flg=0x10000000 cmp=com.android.settings/.CryptKeeper} from pid 0
D/dalvikvm( 1145): GC_EXPLICIT freed 37K, 4% free 2993K/3104K, paused 0ms+0ms, total 2ms
D/gralloc_ranchu( 1144): gralloc_alloc: Creating ashmem region of size 8294400
D/dalvikvm( 1145): GC_EXPLICIT freed <1K, 4% free 2993K/3104K, paused 2ms+1ms, total 6ms
I/ActivityManager( 1571): Start proc com.android.settings for activity com.android.settings/.CryptKeeper: pid=1816 uid=1000 gids={41000, 1028, 1015, 3002, 3001, 3003}
D/dalvikvm( 1145): GC_EXPLICIT freed <1K, 4% free 2993K/3104K, paused 7ms+0ms, total 10ms
I/ActivityManager( 1571): Start proc android.process.media for broadcast com.android.providers.downloads/.DownloadReceiver: pid=1831 uid=10005 gids={50005, 1028, 1015, 1023, 1024, 2001, 3003, 3007}
I/ActivityManager( 1571): Start proc com.google.process.gapps for content provider com.google.android.gsf/.gservices.GservicesProvider: pid=1841 uid=10007 gids={50007, 3003, 1007, 1028, 1015, 3002, 3001, 3007, 2001, 3006}
I/PackageManager( 1571): Running dexopt on: com.android.providers.telephony
W/linker  ( 1858): libdvm.so has text relocations. This is wasting memory and is a security risk. Please fix.
D/dalvikvm( 1858): DexOpt: load 1ms, verify+opt 9ms, 229852 bytes
I/PackageManager( 1571): Running dexopt on: com.android.phone
W/linker  ( 1861): libdvm.so has text relocations. This is wasting memory and is a security risk. Please fix.
D/dalvikvm( 1861): Note: class Landroid/app/ActivityManagerNative; has 179 unimplemented (abstract) methods
D/dalvikvm( 1861): DexOpt: load 9ms, verify+opt 38ms, 1187044 bytes
I/PackageManager( 1571): Running dexopt on: com.android.settings
W/InputAttributes( 1762): No editor info for this field. Bug?
I/ResourceUtils( 1762): Found default value: resource=keypress_vibration_durations build=[HARDWARE=ranchu MODEL=Android SDK built for x86 BRAND=generic_x86 MANUFACTURER=unknown] default=-1
I/ResourceUtils( 1762): Found default value: resource=keypress_volumes build=[HARDWARE=ranchu MODEL=Android SDK built for x86 BRAND=generic_x86 MANUFACTURER=unknown] default=-1.0f
W/linker  ( 1862): libdvm.so has text relocations. This is wasting memory and is a security risk. Please fix.
D/dalvikvm( 1762): GC_FOR_ALLOC freed 278K, 10% free 3219K/3568K, paused 4ms, total 4ms
D/dalvikvm( 1762): GC_FOR_ALLOC freed 406K, 15% free 3237K/3788K, paused 2ms, total 2ms
D/dalvikvm( 1862): Note: class Landroid/app/ActivityManagerNative; has 179 unimplemented (abstract) methods
D/dalvikvm( 1862): DexOpt: load 20ms, verify+opt 79ms, 2338852 bytes
E/BluetoothAdapter( 1658): Bluetooth binder is null
I/ActivityManager( 1571): Start proc com.android.printspooler for service com.android.printspooler/.PrintSpoolerService: pid=1867 uid=10044 gids={50044}
I/PackageManager( 1571): Running dexopt on: com.google.android.syncadapters.contacts
W/linker  ( 1895): libdvm.so has text relocations. This is wasting memory and is a security risk. Please fix.
I/ActivityManager( 1571): Start proc android.process.acore for content provider com.android.providers.userdictionary/.UserDictionaryProvider: pid=1880 uid=10002 gids={50002, 3003, 1028, 1015}
D/dalvikvm( 1895): DexOpt: load 4ms, verify+opt 20ms, 550756 bytes
I/PackageManager( 1571): Running dexopt on: com.android.providers.downloads
W/linker  ( 1896): libdvm.so has text relocations. This is wasting memory and is a security risk. Please fix.
I/dalvikvm( 1841): Could not find method android.content.ContentProvider.query, referenced from method brf.superQuery
W/dalvikvm( 1841): VFY: unable to resolve virtual method 2428: Landroid/content/ContentProvider;.query (Landroid/net/Uri;[Ljava/lang/String;Landroid/os/Bundle;Landroid/os/CancellationSignal;)Landroid/database/Cursor;
D/dalvikvm( 1841): VFY: replacing opcode 0x6f at 0x0000
D/dalvikvm( 1896): DexOpt: load 3ms, verify+opt 11ms, 540948 bytes
I/PackageManager( 1571): Running dexopt on: com.android.printspooler
W/linker  ( 1898): libdvm.so has text relocations. This is wasting memory and is a security risk. Please fix.
D/dalvikvm( 1898): DexOpt: load 6ms, verify+opt 10ms, 610380 bytes
I/PackageManager( 1571): Running dexopt on: com.android.providers.userdictionary
W/linker  ( 1899): libdvm.so has text relocations. This is wasting memory and is a security risk. Please fix.
D/dalvikvm( 1899): DexOpt: load 0ms, verify+opt 1ms, 173356 bytes
I/ActivityManager( 1571): START u0 {act=android.intent.action.MAIN cat=[android.intent.category.HOME] flg=0x10000000 cmp=com.android.sdksetup/.DefaultActivity} from pid 0
I/PrintSpoolerService( 1867): No existing print spooler state.
E/BluetoothAdapter( 1658): Bluetooth binder is null
I/ActivityManager( 1571): Start proc com.android.sdksetup for activity com.android.sdksetup/.DefaultActivity: pid=1903 uid=10046 gids={50046}
D/PhoneStatusBar( 1658): disable: < expand icons alerts ticker system_info back home recent clock search >
I/PackageManager( 1571): Running dexopt on: com.android.sdksetup
W/linker  ( 1920): libdvm.so has text relocations. This is wasting memory and is a security risk. Please fix.
I/MediaProvider( 1831): Upgrading media database from version 0 to 700, which will destroy all old data
I/GservicesProvider( 1841): Gservices pushing to system: true; secure/global: true
D/dalvikvm( 1920): DexOpt: load 1ms, verify+opt 0ms, 147076 bytes
D/dalvikvm( 1880): GC_FOR_ALLOC freed 253K, 10% free 3252K/3580K, paused 3ms, total 3ms
D/dalvikvm( 1762): GC_FOR_ALLOC freed 448K, 14% free 3301K/3820K, paused 2ms, total 2ms
I/LatinIME:LogUtils( 1762): Dictionary info: dictionary = PersonalizationPredictionDictio ; version = ? ; date = 1629084272
I/LatinIME:LogUtils( 1762): Dictionary info: dictionary = UserHistoryDictionary.en_US.dic ; version = ? ; date = 1629084273
D/dalvikvm( 1658): GC_FOR_ALLOC freed 162K, 3% free 8187K/8420K, paused 3ms, total 4ms
I/ActivityManager( 1571): Force stopping com.android.sdksetup appid=10046 user=0: pkg changed
I/ActivityManager( 1571): Killing 1903:com.android.sdksetup/u0a46 (adj 0): stop com.android.sdksetup
I/ActivityManager( 1571):   Force finishing activity ActivityRecord{9d4e04e8 u0 com.android.sdksetup/.DefaultActivity t2}
I/ActivityManager( 1571): START u0 {act=android.intent.action.MAIN cat=[android.intent.category.HOME] flg=0x10000000 cmp=com.android.launcher/com.android.launcher2.Launcher} from pid 0
D/dalvikvm( 1571): GC_FOR_ALLOC freed 823K, 54% free 7086K/15156K, paused 8ms, total 11ms
I/ActivityManager( 1571): Start proc com.android.launcher for activity com.android.launcher/com.android.launcher2.Launcher: pid=1933 uid=10009 gids={50009}
I/InputReader( 1571): Reconfiguring input devices.  changes=0x00000010
D/dalvikvm( 1841): GC_FOR_ALLOC freed 279K, 10% free 3222K/3580K, paused 2ms, total 2ms
E/BluetoothAdapter( 1658): Bluetooth binder is null
D/PhoneStatusBar( 1658): heads up is disabled
D/PhoneStatusBar( 1658): mSettingsPanelGravity = 55
I/PackageManager( 1571): Running dexopt on: com.android.launcher
W/linker  ( 1952): libdvm.so has text relocations. This is wasting memory and is a security risk. Please fix.
E/SQLiteLog( 1831): (1) no such table: album_info
I/FusedLocation( 1571): engine stopped (com.android.location.fused)
I/FusedLocation( 1571): engine started (com.android.location.fused)
D/dalvikvm( 1952): DexOpt: load 14ms, verify+opt 45ms, 987780 bytes
I/Choreographer( 1658): Skipped 59 frames!  The application may be doing too much work on its main thread.
V/KeyguardTouchDelegate( 1658): Connected to keyguard
I/LatinIME:LogUtils( 1762): Dictionary info: dictionary = userunigram.en_US.dict ; version = ? ; date = ?
I/FusedLocation( 1571): engine started (com.android.location.fused)
I/PackageManager( 1571):   Action: "android.intent.action.SENDTO"
I/PackageManager( 1571):   Category: "android.intent.category.DEFAULT"
I/PackageManager( 1571):   Scheme: "sms"
W/BackupManagerService( 1571): dataChanged but no participant pkg='com.android.providers.settings' uid=1001
I/PackageManager( 1571): Adding preferred activity ComponentInfo{com.android.mms/com.android.mms.ui.ComposeMessageActivity} for user 0 :
I/PackageManager( 1571):   Action: "android.intent.action.SENDTO"
I/PackageManager( 1571):   Category: "android.intent.category.DEFAULT"
I/PackageManager( 1571):   Scheme: "smsto"
I/ActivityManager( 1571): Start proc com.android.externalstorage for broadcast com.android.externalstorage/.MountReceiver: pid=1961 uid=10006 gids={50006, 1028, 1015, 1023}
I/PackageManager( 1571): Adding preferred activity ComponentInfo{com.android.mms/com.android.mms.ui.ComposeMessageActivity} for user 0 :
I/dalvikvm( 1779): Could not find method android.system.Os.readlink, referenced from method msk.a
W/dalvikvm( 1779): VFY: unable to resolve static method 3145: Landroid/system/Os;.readlink (Ljava/lang/String;)Ljava/lang/String;
D/dalvikvm( 1779): VFY: replacing opcode 0x71 at 0x00b0
I/dalvikvm( 1779): Could not find method android.os.PowerManager.isInteractive, referenced from method ndc.a
W/dalvikvm( 1779): VFY: unable to resolve virtual method 3046: Landroid/os/PowerManager;.isInteractive ()Z
D/dalvikvm( 1779): VFY: replacing opcode 0x6e at 0x0013
I/dalvikvm( 1779): Could not find method com.google.android.chimera.ModuleContext.getAttributionTag, referenced from method com.google.android.chimera.ModuleContext.createAttributionContext
W/dalvikvm( 1779): VFY: unable to resolve virtual method 14170: Lcom/google/android/chimera/ModuleContext;.getAttributionTag ()Ljava/lang/String;
D/dalvikvm( 1779): VFY: replacing opcode 0x6e at 0x0004
I/dalvikvm( 1779): Could not find method com.google.android.chimera.ContextThemeWrapper.createAttributionContext, referenced from method com.google.android.chimera.ModuleContext.createAttributionContext
W/dalvikvm( 1779): VFY: unable to resolve virtual method 13785: Lcom/google/android/chimera/ContextThemeWrapper;.createAttributionContext (Ljava/lang/String;)Landroid/content/Context;
D/dalvikvm( 1779): VFY: replacing opcode 0x6f at 0x0035
I/dalvikvm( 1779): Could not find method android.content.ContextWrapper.createCredentialProtectedStorageContext, referenced from method com.google.android.chimera.ModuleContext.createCredentialProtectedStorageContext
W/dalvikvm( 1779): VFY: unable to resolve virtual method 2508: Landroid/content/ContextWrapper;.createCredentialProtectedStorageContext ()Landroid/content/Context;
D/dalvikvm( 1779): VFY: replacing opcode 0x6f at 0x0002
I/dalvikvm( 1779): Could not find method android.content.ContextWrapper.createDeviceProtectedStorageContext, referenced from method com.google.android.chimera.ModuleContext.createDeviceProtectedStorageContext
W/dalvikvm( 1779): VFY: unable to resolve virtual method 2509: Landroid/content/ContextWrapper;.createDeviceProtectedStorageContext ()Landroid/content/Context;
D/dalvikvm( 1779): VFY: replacing opcode 0x6f at 0x0002
I/dalvikvm( 1779): Could not find method com.google.android.chimera.ContextThemeWrapper.sendBroadcastWithMultiplePermissions, referenced from method com.google.android.chimera.ModuleContext.sendBroadcastWithMultiplePermissions
W/dalvikvm( 1779): VFY: unable to resolve virtual method 13795: Lcom/google/android/chimera/ContextThemeWrapper;.sendBroadcastWithMultiplePermissions (Landroid/content/Intent;[Ljava/lang/String;)V
D/dalvikvm( 1779): VFY: replacing opcode 0x6f at 0x0009
I/PackageManager( 1571): Running dexopt on: com.android.externalstorage
I/DownloadManager( 1831): Upgrading downloads database from version 0 to version 109, which will destroy all old data
I/PackageManager( 1571):   Action: "android.intent.action.SENDTO"
I/PackageManager( 1571):   Category: "android.intent.category.DEFAULT"
I/PackageManager( 1571):   Scheme: "mms"
I/PackageManager( 1571):   Action: "android.intent.action.SENDTO"
I/PackageManager( 1571):   Category: "android.intent.category.DEFAULT"
I/PackageManager( 1571):   Scheme: "mmsto"
I/PackageManager( 1571): Adding preferred activity ComponentInfo{com.android.mms/com.android.mms.ui.ComposeMessageActivity} for user 0 :
I/PackageManager( 1571): Adding preferred activity ComponentInfo{com.android.mms/com.android.mms.ui.ComposeMessageActivity} for user 0 :
I/MultiDex( 1779): VM with version 1.6.0 does not have multidex support
I/MultiDex( 1779): Installing application
I/MultiDex( 1779): MultiDexExtractor(/system/priv-app/PrebuiltGmsCore.apk, /data/data/com.google.android.gms/code_cache/secondary-dexes)
I/PackageManager( 1571):   Action: "android.intent.action.SENDTO"
I/PackageManager( 1571):   Category: "android.intent.category.DEFAULT"
I/PackageManager( 1571):   Scheme: "sms"
W/linker  ( 1975): libdvm.so has text relocations. This is wasting memory and is a security risk. Please fix.
I/MultiDex( 1779): Blocking on lock /data/data/com.google.android.gms/code_cache/secondary-dexes/MultiDex.lock
I/MultiDex( 1779): /data/data/com.google.android.gms/code_cache/secondary-dexes/MultiDex.lock locked
I/MultiDex( 1779): MultiDexExtractor.load(/system/priv-app/PrebuiltGmsCore.apk, false, )
I/MultiDex( 1779): Detected that extraction must be performed.
I/PackageManager( 1571): Adding preferred activity ComponentInfo{com.android.mms/com.android.mms.ui.ComposeMessageActivity} for user 0 :
I/PackageManager( 1571):   Action: "android.intent.action.SENDTO"
I/PackageManager( 1571):   Category: "android.intent.category.DEFAULT"
I/PackageManager( 1571):   Scheme: "smsto"
I/PackageManager( 1571): Adding preferred activity ComponentInfo{com.android.mms/com.android.mms.ui.ComposeMessageActivity} for user 0 :
I/PackageManager( 1571):   Action: "android.intent.action.SENDTO"
I/PackageManager( 1571):   Category: "android.intent.category.DEFAULT"
I/PackageManager( 1571):   Scheme: "mms"
I/PackageManager( 1571): Adding preferred activity ComponentInfo{com.android.mms/com.android.mms.ui.ComposeMessageActivity} for user 0 :
D/dalvikvm( 1975): DexOpt: load 1ms, verify+opt 2ms, 224484 bytes
I/ContactLocale( 1880): AddressBook Labels [en_US]: [, A, B, C, D, E, F, G, H, I, J, K, L, M, N, O, P, Q, R, S, T, U, V, W, X, Y, Z, , , , , , , , , , , , , , , , , , , , , , , , , , , , , , , , , , , , , , , , , , , , , , , , , , , , , , , , , , , , , , , , , , , , , , , , , , , , , , , , , , , , , , , , , , , , , , , , , , , , , , , , , , , , , , , , , , , , , , , , , , , , , , , , , , , , , , , , , , , , , , , , , , , , , , , , , , , , , , , , , , , , , , , , , , , , , , , , , , , , , , #, ]
D/dalvikvm( 1779): GC_FOR_ALLOC freed 250K, 9% free 3247K/3568K, paused 4ms, total 6ms
D/dalvikvm( 1571): GC_FOR_ALLOC freed 1069K, 54% free 7032K/15156K, paused 19ms, total 20ms
I/PackageManager( 1571):   Action: "android.intent.action.SENDTO"
I/PackageManager( 1571):   Category: "android.intent.category.DEFAULT"
I/PackageManager( 1571):   Scheme: "mmsto"
I/PackageManager( 1571): Adding preferred activity ComponentInfo{com.android.mms/com.android.mms.ui.ComposeMessageActivity} for user 0 :
D/ExternalStorage( 1961): After updating volumes, found 1 active roots
D/ExternalStorage( 1961): After updating volumes, found 1 active roots
D/MediaScannerReceiver( 1831): action: android.intent.action.MEDIA_MOUNTED path: /storage/sdcard
D/dalvikvm( 1801): GC_FOR_ALLOC freed 242K, 9% free 3255K/3568K, paused 5ms, total 5ms
E/BluetoothAdapter( 1801): Bluetooth binder is null
E/BluetoothAdapter( 1801): Bluetooth binder is null
D/        ( 1658): HostConnection::get() New Host Connection established 0xb79eb460, tid 1658
D/dalvikvm( 1779): GC_FOR_ALLOC freed 142K, 6% free 3612K/3832K, paused 2ms, total 2ms
D/CallNotifier( 1801): CallNotifier: mSignalInfoToneGenerator created when toneplay
E/BluetoothAdapter( 1801): Bluetooth binder is null
I/LatinIME:LogUtils( 1762): Dictionary info: dictionary = main:en ; version = 42 ; date = 1381226516
D/EGL_emulation( 1658): eglCreateContext: 0xb79ed160: maj 3 min 0 rcv 3
D/EGL_emulation( 1658): eglMakeCurrent: 0xb79ed160: ver 3 0
E/eglCodecCommon( 1658): glUtilsParamSize: unknow param 0x00008cdf
E/eglCodecCommon( 1658): glUtilsParamSize: unknow param 0x00008824
E/EGL_emulation( 1658): tid 1658: eglSurfaceAttrib(1199): error 0x3009 (EGL_BAD_MATCH)
W/HardwareRenderer( 1658): Backbuffer cannot be preserved
D/OpenGLRenderer( 1658): Enabling debug mode 0
D/AlarmManagerService( 1571): Kernel timezone updated to 240 minutes west of GMT
D/dalvikvm( 1779): GC_FOR_ALLOC freed 132K, 6% free 3962K/4196K, paused 4ms, total 4ms
D/        ( 1801): Setting time of day to sec=1629084273
D/EGL_emulation( 1658): eglMakeCurrent: 0xb79ed160: ver 3 0
E/EGL_emulation( 1658): tid 1658: eglSurfaceAttrib(1199): error 0x3009 (EGL_BAD_MATCH)
W/HardwareRenderer( 1658): Backbuffer cannot be preserved
D/MobileDataStateTracker( 1571): fota: Broadcast received: android.intent.action.ANY_DATA_STATE apnType=fota
D/MobileDataStateTracker( 1571): fota: Received state=DISCONNECTED, old=DISCONNECTED, reason=radioTurnedOff
D/MobileDataStateTracker( 1571): ia: Broadcast received: android.intent.action.ANY_DATA_STATE apnType=ia
D/MobileDataStateTracker( 1571): ia: Received state=DISCONNECTED, old=DISCONNECTED, reason=radioTurnedOff
D/MobileDataStateTracker( 1571): supl: Broadcast received: android.intent.action.ANY_DATA_STATE apnType=supl
D/MobileDataStateTracker( 1571): supl: Received state=DISCONNECTED, old=DISCONNECTED, reason=radioTurnedOff
D/MobileDataStateTracker( 1571): hipri: Broadcast received: android.intent.action.ANY_DATA_STATE apnType=hipri
D/MobileDataStateTracker( 1571): hipri: Received state=DISCONNECTED, old=DISCONNECTED, reason=radioTurnedOff
D/MobileDataStateTracker( 1571): ims: Broadcast received: android.intent.action.ANY_DATA_STATE apnType=ims
D/MobileDataStateTracker( 1571): ims: Received state=DISCONNECTED, old=DISCONNECTED, reason=radioTurnedOff
D/MobileDataStateTracker( 1571): default: Broadcast received: android.intent.action.ANY_DATA_STATE apnType=default
D/MobileDataStateTracker( 1571): default: Received state=DISCONNECTED, old=DISCONNECTED, reason=radioTurnedOff
D/MobileDataStateTracker( 1571): mms: Broadcast received: android.intent.action.ANY_DATA_STATE apnType=mms
D/MobileDataStateTracker( 1571): mms: Received state=DISCONNECTED, old=DISCONNECTED, reason=radioTurnedOff
D/MobileDataStateTracker( 1571): cbs: Broadcast received: android.intent.action.ANY_DATA_STATE apnType=cbs
D/MobileDataStateTracker( 1571): cbs: Received state=DISCONNECTED, old=DISCONNECTED, reason=radioTurnedOff
D/MobileDataStateTracker( 1571): fota: Broadcast received: android.intent.action.ANY_DATA_STATE apnType=fota
D/MobileDataStateTracker( 1571): fota: Received state=DISCONNECTED, old=DISCONNECTED, reason=radioTurnedOff
D/MobileDataStateTracker( 1571): ia: Broadcast received: android.intent.action.ANY_DATA_STATE apnType=ia
D/MobileDataStateTracker( 1571): ia: Received state=DISCONNECTED, old=DISCONNECTED, reason=radioTurnedOff
D/MobileDataStateTracker( 1571): supl: Broadcast received: android.intent.action.ANY_DATA_STATE apnType=supl
D/MobileDataStateTracker( 1571): supl: Received state=DISCONNECTED, old=DISCONNECTED, reason=radioTurnedOff
D/MobileDataStateTracker( 1571): hipri: Broadcast received: android.intent.action.ANY_DATA_STATE apnType=hipri
D/MobileDataStateTracker( 1571): hipri: Received state=DISCONNECTED, old=DISCONNECTED, reason=radioTurnedOff
D/MobileDataStateTracker( 1571): ims: Broadcast received: android.intent.action.ANY_DATA_STATE apnType=ims
D/MobileDataStateTracker( 1571): ims: Received state=DISCONNECTED, old=DISCONNECTED, reason=radioTurnedOff
D/MobileDataStateTracker( 1571): default: Broadcast received: android.intent.action.ANY_DATA_STATE apnType=default
D/MobileDataStateTracker( 1571): default: Received state=DISCONNECTED, old=DISCONNECTED, reason=radioTurnedOff
D/MobileDataStateTracker( 1571): mms: Broadcast received: android.intent.action.ANY_DATA_STATE apnType=mms
D/EGL_emulation( 1658): eglMakeCurrent: 0xb79ed160: ver 3 0
D/MobileDataStateTracker( 1571): mms: Received state=DISCONNECTED, old=DISCONNECTED, reason=radioTurnedOff
D/MobileDataStateTracker( 1571): cbs: Broadcast received: android.intent.action.ANY_DATA_STATE apnType=cbs
D/MobileDataStateTracker( 1571): cbs: Received state=DISCONNECTED, old=DISCONNECTED, reason=radioTurnedOff
D/MobileDataStateTracker( 1571): fota: Broadcast received: android.intent.action.ANY_DATA_STATE apnType=fota
D/MobileDataStateTracker( 1571): fota: Received state=DISCONNECTED, old=DISCONNECTED, reason=dataDetached
D/MobileDataStateTracker( 1571): ia: Broadcast received: android.intent.action.ANY_DATA_STATE apnType=ia
D/MobileDataStateTracker( 1571): ia: Received state=DISCONNECTED, old=DISCONNECTED, reason=dataDetached
D/MobileDataStateTracker( 1571): supl: Broadcast received: android.intent.action.ANY_DATA_STATE apnType=supl
D/MobileDataStateTracker( 1571): supl: Received state=DISCONNECTED, old=DISCONNECTED, reason=dataDetached
D/MobileDataStateTracker( 1571): hipri: Broadcast received: android.intent.action.ANY_DATA_STATE apnType=hipri
D/MobileDataStateTracker( 1571): hipri: Received state=DISCONNECTED, old=DISCONNECTED, reason=dataDetached
D/MobileDataStateTracker( 1571): ims: Broadcast received: android.intent.action.ANY_DATA_STATE apnType=ims
D/MobileDataStateTracker( 1571): ims: Received state=DISCONNECTED, old=DISCONNECTED, reason=dataDetached
D/MobileDataStateTracker( 1571): default: Broadcast received: android.intent.action.ANY_DATA_STATE apnType=default
D/MobileDataStateTracker( 1571): default: Received state=DISCONNECTED, old=DISCONNECTED, reason=dataDetached
D/MobileDataStateTracker( 1571): mms: Broadcast received: android.intent.action.ANY_DATA_STATE apnType=mms
D/MobileDataStateTracker( 1571): mms: Received state=DISCONNECTED, old=DISCONNECTED, reason=dataDetached
D/MobileDataStateTracker( 1571): cbs: Broadcast received: android.intent.action.ANY_DATA_STATE apnType=cbs
D/MobileDataStateTracker( 1571): cbs: Received state=DISCONNECTED, old=DISCONNECTED, reason=dataDetached
D/MobileDataStateTracker( 1571): fota: Broadcast received: android.intent.action.ANY_DATA_STATE apnType=fota
D/MobileDataStateTracker( 1571): fota: Received state=DISCONNECTED, old=DISCONNECTED, reason=roamingOff
D/MobileDataStateTracker( 1571): ia: Broadcast received: android.intent.action.ANY_DATA_STATE apnType=ia
D/MobileDataStateTracker( 1571): ia: Received state=DISCONNECTED, old=DISCONNECTED, reason=roamingOff
D/MobileDataStateTracker( 1571): supl: Broadcast received: android.intent.action.ANY_DATA_STATE apnType=supl
D/MobileDataStateTracker( 1571): supl: Received state=DISCONNECTED, old=DISCONNECTED, reason=roamingOff
D/MobileDataStateTracker( 1571): hipri: Broadcast received: android.intent.action.ANY_DATA_STATE apnType=hipri
D/MobileDataStateTracker( 1571): hipri: Received state=DISCONNECTED, old=DISCONNECTED, reason=roamingOff
D/MobileDataStateTracker( 1571): ims: Broadcast received: android.intent.action.ANY_DATA_STATE apnType=ims
D/MobileDataStateTracker( 1571): ims: Received state=DISCONNECTED, old=DISCONNECTED, reason=roamingOff
D/MobileDataStateTracker( 1571): default: Broadcast received: android.intent.action.ANY_DATA_STATE apnType=default
D/MobileDataStateTracker( 1571): default: Received state=DISCONNECTED, old=DISCONNECTED, reason=roamingOff
D/MobileDataStateTracker( 1571): mms: Broadcast received: android.intent.action.ANY_DATA_STATE apnType=mms
D/MobileDataStateTracker( 1571): mms: Received state=DISCONNECTED, old=DISCONNECTED, reason=roamingOff
D/MobileDataStateTracker( 1571): cbs: Broadcast received: android.intent.action.ANY_DATA_STATE apnType=cbs
D/MobileDataStateTracker( 1571): cbs: Received state=DISCONNECTED, old=DISCONNECTED, reason=roamingOff
D/MobileDataStateTracker( 1571): fota: Broadcast received: android.intent.action.ANY_DATA_STATE apnType=fota
D/MobileDataStateTracker( 1571): fota: Received state=DISCONNECTED, old=DISCONNECTED, reason=roamingOff
D/dalvikvm( 1933): GC_FOR_ALLOC freed 198K, 8% free 3279K/3556K, paused 11ms, total 13ms
D/MobileDataStateTracker( 1571): ia: Broadcast received: android.intent.action.ANY_DATA_STATE apnType=ia
D/MobileDataStateTracker( 1571): ia: Received state=DISCONNECTED, old=DISCONNECTED, reason=roamingOff
D/MobileDataStateTracker( 1571): supl: Broadcast received: android.intent.action.ANY_DATA_STATE apnType=supl
D/MobileDataStateTracker( 1571): supl: Received state=DISCONNECTED, old=DISCONNECTED, reason=roamingOff
D/MobileDataStateTracker( 1571): hipri: Broadcast received: android.intent.action.ANY_DATA_STATE apnType=hipri
D/MobileDataStateTracker( 1571): hipri: Received state=DISCONNECTED, old=DISCONNECTED, reason=roamingOff
D/MobileDataStateTracker( 1571): ims: Broadcast received: android.intent.action.ANY_DATA_STATE apnType=ims
D/MobileDataStateTracker( 1571): ims: Received state=DISCONNECTED, old=DISCONNECTED, reason=roamingOff
D/MobileDataStateTracker( 1571): default: Broadcast received: android.intent.action.ANY_DATA_STATE apnType=default
D/TelephonyDebugService( 1801): TelephonyDebugService()
D/MobileDataStateTracker( 1571): default: Received state=DISCONNECTED, old=DISCONNECTED, reason=roamingOff
D/MobileDataStateTracker( 1571): mms: Broadcast received: android.intent.action.ANY_DATA_STATE apnType=mms
D/MobileDataStateTracker( 1571): mms: Received state=DISCONNECTED, old=DISCONNECTED, reason=roamingOff
D/MobileDataStateTracker( 1571): cbs: Broadcast received: android.intent.action.ANY_DATA_STATE apnType=cbs
D/MobileDataStateTracker( 1571): cbs: Received state=DISCONNECTED, old=DISCONNECTED, reason=roamingOff
D/dalvikvm( 1779): GC_FOR_ALLOC freed 119K, 6% free 4302K/4544K, paused 5ms, total 5ms
D/dalvikvm( 1658): GC_FOR_ALLOC freed 142K, 3% free 8887K/9104K, paused 5ms, total 6ms
I/dalvikvm-heap( 1658): Grow heap (frag case) to 11.675MB for 3072012-byte allocation
D/dalvikvm( 1658): GC_FOR_ALLOC freed 4K, 2% free 11882K/12108K, paused 4ms, total 4ms
D/AlarmManagerService( 1571): Kernel timezone updated to 300 minutes west of GMT
D/dalvikvm( 1933): GC_FOR_ALLOC freed 51K, 4% free 3711K/3844K, paused 7ms, total 7ms
D/dalvikvm( 1779): GC_FOR_ALLOC freed 128K, 6% free 4613K/4888K, paused 21ms, total 21ms
D/dalvikvm( 1801): GC_FOR_ALLOC freed 333K, 11% free 3429K/3836K, paused 7ms, total 7ms
I/MultiDex( 1779): Extraction is needed for file /data/data/com.google.android.gms/code_cache/secondary-dexes/PrebuiltGmsCore.apk.classes2.zip
I/MultiDex( 1779): Extracting /data/data/com.google.android.gms/code_cache/secondary-dexes/tmp-PrebuiltGmsCore.apk.classes115620878.zip
D/dalvikvm( 1831): GC_FOR_ALLOC freed 281K, 10% free 3224K/3580K, paused 69ms, total 69ms
I/DownloadManager( 1831): Download 1 starting
W/DownloadManager( 1831): Aborting request for download 1: NO_CONNECTION
D/dalvikvm( 1658): GC_FOR_ALLOC freed <1K, 2% free 11884K/12108K, paused 11ms, total 11ms
D/MobileDataStateTracker( 1571): fota: Broadcast received: android.intent.action.ANY_DATA_STATE apnType=fota
D/MobileDataStateTracker( 1571): fota: Received state=DISCONNECTED, old=DISCONNECTED, reason=dataAttached
D/MobileDataStateTracker( 1571): ia: Broadcast received: android.intent.action.ANY_DATA_STATE apnType=ia
D/MobileDataStateTracker( 1571): ia: Received state=DISCONNECTED, old=DISCONNECTED, reason=dataAttached
D/MobileDataStateTracker( 1571): supl: Broadcast received: android.intent.action.ANY_DATA_STATE apnType=supl
D/MobileDataStateTracker( 1571): supl: Received state=DISCONNECTED, old=DISCONNECTED, reason=dataAttached
D/MobileDataStateTracker( 1571): hipri: Broadcast received: android.intent.action.ANY_DATA_STATE apnType=hipri
D/MobileDataStateTracker( 1571): hipri: Received state=DISCONNECTED, old=DISCONNECTED, reason=dataAttached
D/MobileDataStateTracker( 1571): ims: Broadcast received: android.intent.action.ANY_DATA_STATE apnType=ims
D/MobileDataStateTracker( 1571): ims: Received state=DISCONNECTED, old=DISCONNECTED, reason=dataAttached
D/MobileDataStateTracker( 1571): mms: Broadcast received: android.intent.action.ANY_DATA_STATE apnType=mms
D/MobileDataStateTracker( 1571): mms: Received state=DISCONNECTED, old=DISCONNECTED, reason=dataAttached
D/MobileDataStateTracker( 1571): cbs: Broadcast received: android.intent.action.ANY_DATA_STATE apnType=cbs
D/MobileDataStateTracker( 1571): cbs: Received state=DISCONNECTED, old=DISCONNECTED, reason=dataAttached
D/MobileDataStateTracker( 1571): fota: Broadcast received: android.intent.action.ANY_DATA_STATE apnType=fota
D/MobileDataStateTracker( 1571): fota: Received state=DISCONNECTED, old=DISCONNECTED, reason=dataAttached
D/MobileDataStateTracker( 1571): ia: Broadcast received: android.intent.action.ANY_DATA_STATE apnType=ia
D/MobileDataStateTracker( 1571): ia: Received state=DISCONNECTED, old=DISCONNECTED, reason=dataAttached
D/MobileDataStateTracker( 1571): supl: Broadcast received: android.intent.action.ANY_DATA_STATE apnType=supl
D/MobileDataStateTracker( 1571): supl: Received state=DISCONNECTED, old=DISCONNECTED, reason=dataAttached
D/MobileDataStateTracker( 1571): hipri: Broadcast received: android.intent.action.ANY_DATA_STATE apnType=hipri
D/MobileDataStateTracker( 1571): hipri: Received state=DISCONNECTED, old=DISCONNECTED, reason=dataAttached
D/MobileDataStateTracker( 1571): ims: Broadcast received: android.intent.action.ANY_DATA_STATE apnType=ims
D/MobileDataStateTracker( 1571): ims: Received state=DISCONNECTED, old=DISCONNECTED, reason=dataAttached
D/MobileDataStateTracker( 1571): mms: Broadcast received: android.intent.action.ANY_DATA_STATE apnType=mms
D/MobileDataStateTracker( 1571): mms: Received state=DISCONNECTED, old=DISCONNECTED, reason=dataAttached
D/MobileDataStateTracker( 1571): cbs: Broadcast received: android.intent.action.ANY_DATA_STATE apnType=cbs
D/MobileDataStateTracker( 1571): cbs: Received state=DISCONNECTED, old=DISCONNECTED, reason=dataAttached
I/DownloadManager( 1831): Download 1 finished with status WAITING_FOR_NETWORK
W/dalvikvm( 1880): threadid=11: thread exiting with uncaught exception (group=0x9ccb4b20)
D/MccTable( 1801): updateMccMncConfiguration: mcc=310, mnc=260
D/MccTable( 1801): getLocaleFromMcc to en_us mcc=310
D/MccTable( 1801): getLocaleForLanguageCountry: got match
D/MccTable( 1801): getLocaleForLanguageCountry: X locale=en_US
D/MccTable( 1801): WIFI_COUNTRY_CODE set to us
E/AndroidRuntime( 1880): FATAL EXCEPTION: ContactsProviderWorker
E/AndroidRuntime( 1880): Process: android.process.acore, PID: 1880
E/AndroidRuntime( 1880): java.lang.RuntimeException: Unable to create photo storage directory /data/data/com.android.providers.contacts/files/profile/photos
E/AndroidRuntime( 1880): 	at com.android.providers.contacts.PhotoStore.<init>(PhotoStore.java:71)
E/AndroidRuntime( 1880): 	at com.android.providers.contacts.ContactsProvider2.initForDefaultLocale(ContactsProvider2.java:1518)
E/AndroidRuntime( 1880): 	at com.android.providers.contacts.ContactsProvider2.performBackgroundTask(ContactsProvider2.java:1582)
E/AndroidRuntime( 1880): 	at com.android.providers.contacts.ContactsProvider2$1.handleMessage(ContactsProvider2.java:1468)
E/AndroidRuntime( 1880): 	at android.os.Handler.dispatchMessage(Handler.java:102)
E/AndroidRuntime( 1880): 	at android.os.Looper.loop(Looper.java:136)
E/AndroidRuntime( 1880): 	at android.os.HandlerThread.run(HandlerThread.java:61)
I/WifiService( 1571): WifiService trying to set country code to us with persist set to true
D/dalvikvm( 1933): GC_FOR_ALLOC freed 27K, 3% free 3875K/3980K, paused 6ms, total 6ms
D/dalvikvm( 1571): GC_FOR_ALLOC freed 787K, 53% free 7139K/15156K, paused 23ms, total 23ms
W/MediaScanner( 1831): Error opening directory '/storage/sdcard/.android_secure/', skipping: Permission denied.
D/MccTable( 1801): updateMccMncConfiguration updateConfig config={1.0 310mcc260mnc en_US ldltr ?swdp ?wdp ?hdp ?density ?lsize ?long ?orien ?uimode ?night ?touch ?keyb/?/? ?nav/?}
I/dalvikvm-heap( 1933): Grow heap (frag case) to 8.061MB for 4410012-byte allocation
D/dalvikvm( 1933): GC_FOR_ALLOC freed 2K, 2% free 8179K/8288K, paused 5ms, total 5ms
I/dalvikvm-heap( 1658): Grow heap (frag case) to 25.736MB for 14745612-byte allocation
D/dalvikvm( 1658): GC_FOR_ALLOC freed 0K, 1% free 26284K/26512K, paused 6ms, total 6ms
D/dalvikvm( 1571): GC_FOR_ALLOC freed 56K, 52% free 7276K/15156K, paused 9ms, total 9ms
I/dalvikvm-heap( 1571): Grow heap (frag case) to 9.032MB for 1939932-byte allocation
D/dalvikvm( 1571): GC_FOR_ALLOC freed <1K, 47% free 9171K/17052K, paused 16ms, total 16ms
D/PermissionCache( 1144): checking android.permission.READ_FRAME_BUFFER for uid=1000 => granted (734 us)
W/Resources( 1933): Converting to int: TypedValue{t=0x3/d=0x12 "4" a=-1}
W/Resources( 1933): Converting to int: TypedValue{t=0x3/d=0xf "1" a=-1}
I/ActivityManager( 1571): Config changes=3 {1.0 310mcc260mnc en_US ldltr sw411dp w411dp h658dp 420dpi nrml port finger qwerty/v/v dpad/v s.5}
D/gralloc_ranchu( 1144): gralloc_alloc: Creating ashmem region of size 8294400
V/MediaScanner( 1831): pruneDeadThumbnailFiles... android.database.sqlite.SQLiteCursor@9d005658
V/MediaScanner( 1831): /pruneDeadThumbnailFiles... android.database.sqlite.SQLiteCursor@9d005658
