D/dalvikvm( 1570): GC_FOR_ALLOC freed 1129K, 51% free 7351K/14816K, paused 14ms, total 14ms
W/dalvikvm( 2194): VFY: unable to find class referenced in signature (Landroid/os/PersistableBundle;)
W/dalvikvm( 2194): VFY: unable to find class referenced in signature (Landroid/os/PersistableBundle;)
W/dalvikvm( 2194): VFY: unable to find class referenced in signature (Landroid/os/PersistableBundle;)
W/dalvikvm( 2194): VFY: unable to find class referenced in signature (Landroid/os/PersistableBundle;)
W/dalvikvm( 2194): VFY: unable to find class referenced in signature (Landroid/app/assist/AssistContent;)
W/dalvikvm( 2194): VFY: unable to find class referenced in signature (Landroid/app/assist/AssistContent;)
W/dalvikvm( 2194): VFY: unable to find class referenced in signature (Landroid/os/PersistableBundle;)
W/dalvikvm( 2194): VFY: unable to find class referenced in signature (Landroid/os/PersistableBundle;)
W/dalvikvm( 2194): VFY: unable to find class referenced in signature (Landroid/os/PersistableBundle;)
W/dalvikvm( 2194): VFY: unable to find class referenced in signature (Landroid/os/PersistableBundle;)
W/dalvikvm( 2194): VFY: unable to find class referenced in signature (Landroid/view/SearchEvent;)
W/dalvikvm( 2194): VFY: unable to find class referenced in signature (Landroid/view/SearchEvent;)
I/dalvikvm( 2194): Could not find method android.app.Activity.requestPermissions, referenced from method com.google.android.chimera.ActivityBase.requestPermissions
W/dalvikvm( 2194): VFY: unable to resolve virtual method 2194: Landroid/app/Activity;.requestPermissions ([Ljava/lang/String;I)V
D/dalvikvm( 2194): VFY: replacing opcode 0x6e at 0x0002
W/dalvikvm( 2194): VFY: unable to find class referenced in signature (Landroid/media/session/MediaController;)
I/dalvikvm( 2194): Could not find method android.app.Activity.setMediaController, referenced from method com.google.android.chimera.ActivityBase.setMediaController
W/dalvikvm( 2194): VFY: unable to resolve virtual method 2205: Landroid/app/Activity;.setMediaController (Landroid/media/session/MediaController;)V
D/dalvikvm( 2194): VFY: replacing opcode 0x6e at 0x0002
E/dalvikvm( 2194): Could not find class 'android.app.ActivityManager$TaskDescription', referenced from method com.google.android.gms.growth.ui.webview.GrowthWebViewChimeraActivity.onCreate
I/NearbyDiscovery( 1790): FastPair: HeadsetPieceImage, grant permission files:0 [CONTEXT service_id=49 ]
W/dalvikvm( 2194): VFY: unable to resolve new-instance 1205 (Landroid/app/ActivityManager$TaskDescription;) in Lcom/google/android/gms/growth/ui/webview/GrowthWebViewChimeraActivity;
D/dalvikvm( 2194): VFY: replacing opcode 0x22 at 0x00d9
D/dalvikvm( 2194): DexOpt: unable to opt direct call 0x1060 at 0xe6 in Lcom/google/android/gms/growth/ui/webview/GrowthWebViewChimeraActivity;.onCreate
D/dalvikvm( 1857): GC_EXPLICIT freed 473K, 19% free 3212K/3964K, paused 0ms+0ms, total 3ms
D/dalvikvm( 2194): GC_FOR_ALLOC freed 1143K, 16% free 7268K/8652K, paused 10ms, total 10ms
I/NearbyDiscovery( 1790): FastPairEventStream: Skip initialize event stream, adapter is null [CONTEXT service_id=49 ]
W/ModuleManager( 2194): Unable to get current module's fulfilled APIs in ModuleManager created with non-module Context
I/dalvikvm( 1790): Could not find method android.os.UserHandle.isOwner, referenced from method ahls.a
W/dalvikvm( 1790): VFY: unable to resolve virtual method 29745: Landroid/os/UserHandle;.isOwner ()Z
D/dalvikvm( 1790): VFY: replacing opcode 0x6e at 0x000a
D/dalvikvm( 1790): Trying to load lib /data/data/com.google.android.gms/app_extracted_libs/x86/libleveldbjni.so 0x9cff58c8
D/dalvikvm( 1790): Added shared lib /data/data/com.google.android.gms/app_extracted_libs/x86/libleveldbjni.so 0x9cff58c8
D/dalvikvm( 1570): GC_FOR_ALLOC freed 1097K, 51% free 7348K/14816K, paused 26ms, total 26ms
W/dalvikvm( 1857): VFY: unable to resolve static field 1608 (PR_SET_DUMPABLE) in Landroid/system/OsConstants;
D/dalvikvm( 1857): VFY: replacing opcode 0x60 at 0x0017
W/dalvikvm( 1857): VFY: unable to find class referenced in signature (Lyqx;)
W/dalvikvm( 1857): VFY: unable to find class referenced in signature (Lyro;)
I/Auth    ( 2194): [WorkAccount] update authenticator enabled for boot or update
I/dalvikvm( 2194): Could not find method android.content.ServiceConnection.onNullBinding, referenced from method uxb.onNullBinding
I/dalvikvm( 1857): Could not find method android.system.Os.readlink, referenced from method msk.a
W/dalvikvm( 1857): VFY: unable to resolve static method 3145: Landroid/system/Os;.readlink (Ljava/lang/String;)Ljava/lang/String;
D/dalvikvm( 1857): VFY: replacing opcode 0x71 at 0x00b0
I/dalvikvm( 1857): Could not find method android.os.PowerManager.isInteractive, referenced from method ndc.a
W/dalvikvm( 1857): VFY: unable to resolve virtual method 3046: Landroid/os/PowerManager;.isInteractive ()Z
D/dalvikvm( 1857): VFY: replacing opcode 0x6e at 0x0013
I/dalvikvm( 1857): Could not find method com.google.android.chimera.ModuleContext.getAttributionTag, referenced from method com.google.android.chimera.ModuleContext.createAttributionContext
W/dalvikvm( 1857): VFY: unable to resolve virtual method 14170: Lcom/google/android/chimera/ModuleContext;.getAttributionTag ()Ljava/lang/String;
D/dalvikvm( 1857): VFY: replacing opcode 0x6e at 0x0004
I/dalvikvm( 1857): Could not find method com.google.android.chimera.ContextThemeWrapper.createAttributionContext, referenced from method com.google.android.chimera.ModuleContext.createAttributionContext
W/dalvikvm( 1857): VFY: unable to resolve virtual method 13785: Lcom/google/android/chimera/ContextThemeWrapper;.createAttributionContext (Ljava/lang/String;)Landroid/content/Context;
D/dalvikvm( 1857): VFY: replacing opcode 0x6f at 0x0035
I/dalvikvm( 1857): Could not find method android.content.ContextWrapper.createCredentialProtectedStorageContext, referenced from method com.google.android.chimera.ModuleContext.createCredentialProtectedStorageContext
W/dalvikvm( 1857): VFY: unable to resolve virtual method 2508: Landroid/content/ContextWrapper;.createCredentialProtectedStorageContext ()Landroid/content/Context;
D/dalvikvm( 1857): VFY: replacing opcode 0x6f at 0x0002
I/dalvikvm( 1857): Could not find method android.content.ContextWrapper.createDeviceProtectedStorageContext, referenced from method com.google.android.chimera.ModuleContext.createDeviceProtectedStorageContext
W/dalvikvm( 1857): VFY: unable to resolve virtual method 2509: Landroid/content/ContextWrapper;.createDeviceProtectedStorageContext ()Landroid/content/Context;
D/dalvikvm( 1857): VFY: replacing opcode 0x6f at 0x0002
I/dalvikvm( 1857): Could not find method com.google.android.chimera.ContextThemeWrapper.sendBroadcastWithMultiplePermissions, referenced from method com.google.android.chimera.ModuleContext.sendBroadcastWithMultiplePermissions
W/dalvikvm( 1857): VFY: unable to resolve virtual method 13795: Lcom/google/android/chimera/ContextThemeWrapper;.sendBroadcastWithMultiplePermissions (Landroid/content/Intent;[Ljava/lang/String;)V
D/dalvikvm( 1857): VFY: replacing opcode 0x6f at 0x0009
I/MultiDex( 1857): VM with version 1.6.0 does not have multidex support
I/MultiDex( 1857): Installing application
W/dalvikvm( 2194): VFY: unable to resolve interface method 2566: Landroid/content/ServiceConnection;.onNullBinding (Landroid/content/ComponentName;)V
D/dalvikvm( 2194): VFY: replacing opcode 0x72 at 0x000f
I/MultiDex( 1857): MultiDexExtractor(/system/priv-app/PrebuiltGmsCore.apk, /data/data/com.google.android.gms/code_cache/secondary-dexes)
D/dalvikvm( 1857): GC_FOR_ALLOC freed 430K, 18% free 3295K/3976K, paused 3ms, total 3ms
I/MultiDex( 1857): Blocking on lock /data/data/com.google.android.gms/code_cache/secondary-dexes/MultiDex.lock
I/MultiDex( 1857): /data/data/com.google.android.gms/code_cache/secondary-dexes/MultiDex.lock locked
I/MultiDex( 1857): MultiDexExtractor.load(/system/priv-app/PrebuiltGmsCore.apk, false, )
I/dalvikvm( 1790): Could not find method android.accounts.AccountManager.getPreviousName, referenced from method ayhp.d
W/dalvikvm( 1790): VFY: unable to resolve virtual method 271: Landroid/accounts/AccountManager;.getPreviousName (Landroid/accounts/Account;)Ljava/lang/String;
D/dalvikvm( 1790): VFY: replacing opcode 0x6e at 0x0024
I/dalvikvm( 1790): Could not find method android.accounts.AccountManager.removeAccount, referenced from method ymq.c
I/MultiDex( 1857): loading existing secondary dex files
I/MultiDex( 1857): load found 5 secondary dex files
W/dalvikvm( 1790): VFY: unable to resolve virtual method 4165: Landroid/accounts/AccountManager;.removeAccount (Landroid/accounts/Account;Landroid/app/Activity;Landroid/accounts/AccountManagerCallback;Landroid/os/Handler;)Landroid/accounts/AccountManagerFuture;
I/MultiDex( 1857): install done
D/dalvikvm( 1790): VFY: replacing opcode 0x6e at 0x0009
I/dalvikvm( 1857): Could not find method android.os.UserHandle.isOwner, referenced from method nmy.f
W/dalvikvm( 1857): VFY: unable to resolve virtual method 3081: Landroid/os/UserHandle;.isOwner ()Z
D/dalvikvm( 1857): VFY: replacing opcode 0x6e at 0x000a
D/dalvikvm( 1857): DexOpt: couldn't find field Landroid/content/pm/ApplicationInfo;.splitSourceDirs
W/dalvikvm( 1857): VFY: unable to resolve instance field 1475
D/dalvikvm( 1857): VFY: replacing opcode 0x54 at 0x0055
D/dalvikvm( 1857): DexOpt: couldn't find static field Landroid/os/Build;.SUPPORTED_ABIS
W/dalvikvm( 1857): VFY: unable to resolve static field 1540 (SUPPORTED_ABIS) in Landroid/os/Build;
D/dalvikvm( 1857): VFY: replacing opcode 0x62 at 0x00d1
I/dalvikvm( 1857): Could not find method android.system.Os.stat, referenced from method nop.a
W/dalvikvm( 1857): VFY: unable to resolve static method 3146: Landroid/system/Os;.stat (Ljava/lang/String;)Landroid/system/StructStat;
D/dalvikvm( 1857): VFY: replacing opcode 0x71 at 0x0182
I/dalvikvm( 1857): Could not find method android.content.pm.PackageManager.getPackageInstaller, referenced from method men.a
W/dalvikvm( 1857): VFY: unable to resolve virtual method 2608: Landroid/content/pm/PackageManager;.getPackageInstaller ()Landroid/content/pm/PackageInstaller;
D/dalvikvm( 1857): VFY: replacing opcode 0x6e at 0x001c
W/DynamiteModule( 1857): Local module descriptor class for providerinstaller not found.
D/dalvikvm( 2194): GC_FOR_ALLOC freed 2835K, 35% free 5815K/8884K, paused 5ms, total 5ms
I/dalvikvm( 1857): Could not find method android.system.Os.readlink, referenced from method bse.a
W/dalvikvm( 1857): VFY: unable to resolve static method 3145: Landroid/system/Os;.readlink (Ljava/lang/String;)Ljava/lang/String;
D/dalvikvm( 1857): VFY: replacing opcode 0x71 at 0x0044
I/dalvikvm( 1857): Could not find method android.system.Os.symlink, referenced from method bse.a
W/dalvikvm( 1857): VFY: unable to resolve static method 3147: Landroid/system/Os;.symlink (Ljava/lang/String;Ljava/lang/String;)V
D/dalvikvm( 1857): VFY: replacing opcode 0x71 at 0x00b0
I/dalvikvm( 1857): Could not find method android.system.Os.stat, referenced from method bse.a
W/dalvikvm( 1857): VFY: unable to resolve static method 3146: Landroid/system/Os;.stat (Ljava/lang/String;)Landroid/system/StructStat;
D/dalvikvm( 1857): VFY: replacing opcode 0x71 at 0x0005
W/dalvikvm( 1857): VFY: unable to resolve static field 1615 (S_IXUSR) in Landroid/system/OsConstants;
D/dalvikvm( 1857): VFY: replacing opcode 0x60 at 0x0007
I/dalvikvm( 1857): Could not find method android.system.Os.stat, referenced from method bse.b
W/dalvikvm( 1857): VFY: unable to resolve static method 3146: Landroid/system/Os;.stat (Ljava/lang/String;)Landroid/system/StructStat;
D/dalvikvm( 1857): VFY: replacing opcode 0x71 at 0x0040
D/dalvikvm( 1857): GC_FOR_ALLOC freed 488K, 19% free 3318K/4056K, paused 3ms, total 3ms
W/dalvikvm( 1857): VFY: unable to resolve static field 1612 (S_IRUSR) in Landroid/system/OsConstants;
D/dalvikvm( 1857): VFY: replacing opcode 0x60 at 0x0007
E/BluetoothAdapter( 1790): Bluetooth binder is null
I/dalvikvm( 1790): Could not find method android.accounts.AccountManager.removeAccountExplicitly, referenced from method ymq.d
W/dalvikvm( 1790): VFY: unable to resolve virtual method 4166: Landroid/accounts/AccountManager;.removeAccountExplicitly (Landroid/accounts/Account;)Z
D/dalvikvm( 1790): VFY: replacing opcode 0x6e at 0x0008
D/dalvikvm( 1857): DexOpt: couldn't find static field Landroid/os/Build;.SUPPORTED_64_BIT_ABIS
W/dalvikvm( 1857): VFY: unable to resolve static field 1539 (SUPPORTED_64_BIT_ABIS) in Landroid/os/Build;
D/dalvikvm( 1857): VFY: replacing opcode 0x62 at 0x0214
W/ProviderHelper( 1857): Unknown dynamite feature providerinstaller
I/DynamiteModule( 1857): Considering local module providerinstaller:0 and remote module providerinstaller:0
W/ProviderInstaller( 1857): Failed to load providerinstaller module: No acceptable module found. Local version is 0 and remote version is 0.
I/dalvikvm( 1857): Could not find method android.content.ContextWrapper.createCredentialProtectedStorageContext, referenced from method nfr.createCredentialProtectedStorageContext
W/dalvikvm( 1857): VFY: unable to resolve virtual method 2508: Landroid/content/ContextWrapper;.createCredentialProtectedStorageContext ()Landroid/content/Context;
D/dalvikvm( 1857): VFY: replacing opcode 0x6f at 0x0002
I/dalvikvm( 1857): Could not find method android.content.ContextWrapper.createDeviceProtectedStorageContext, referenced from method nfr.createDeviceProtectedStorageContext
W/dalvikvm( 1857): VFY: unable to resolve virtual method 2509: Landroid/content/ContextWrapper;.createDeviceProtectedStorageContext ()Landroid/content/Context;
D/dalvikvm( 1857): VFY: replacing opcode 0x6f at 0x0002
I/NearbyDiscovery( 1790): Show notifications: 0 total, no changes since last shown, no-op. [CONTEXT service_id=49 ]
D/dalvikvm( 1857): DexOpt: couldn't find static field Landroid/os/Build;.SUPPORTED_64_BIT_ABIS
W/dalvikvm( 1857): VFY: unable to resolve static field 1539 (SUPPORTED_64_BIT_ABIS) in Landroid/os/Build;
D/dalvikvm( 1857): VFY: replacing opcode 0x62 at 0x0080
D/dalvikvm( 1857): DexOpt: couldn't find static field Landroid/os/Build;.SUPPORTED_ABIS
W/dalvikvm( 1857): VFY: unable to resolve static field 1540 (SUPPORTED_ABIS) in Landroid/os/Build;
D/dalvikvm( 1857): VFY: replacing opcode 0x62 at 0x00d3
V/NativeCrypto( 1857): Registering com/google/android/gms/org/conscrypt/NativeCrypto's 286 native methods...
W/dalvikvm( 1857): Unable to resolve superclass of Lcom/google/android/gms/org/conscrypt/TrustManagerImpl; (5184)
W/dalvikvm( 1857): Link of class 'Lcom/google/android/gms/org/conscrypt/TrustManagerImpl;' failed
I/dalvikvm( 1857): Could not find method com.google.android.gms.org.conscrypt.TrustManagerImpl.getDefaultHostnameVerifier, referenced from method com.google.android.gms.org.conscrypt.Conscrypt.getDefaultHostnameVerifier
W/dalvikvm( 1857): VFY: unable to resolve static method 17870: Lcom/google/android/gms/org/conscrypt/TrustManagerImpl;.getDefaultHostnameVerifier ()Lcom/google/android/gms/org/conscrypt/ConscryptHostnameVerifier;
D/dalvikvm( 1857): VFY: replacing opcode 0x71 at 0x0003
W/dalvikvm( 1857): Unable to resolve superclass of Lcom/google/android/gms/org/conscrypt/TrustManagerImpl; (5184)
W/dalvikvm( 1857): Link of class 'Lcom/google/android/gms/org/conscrypt/TrustManagerImpl;' failed
W/dalvikvm( 1857): VFY: unable to find class referenced in signature (Lcom/google/android/gms/org/conscrypt/TrustManagerImpl;)
W/dalvikvm( 1857): Unable to resolve superclass of Lcom/google/android/gms/org/conscrypt/TrustManagerImpl; (5184)
W/dalvikvm( 1857): Link of class 'Lcom/google/android/gms/org/conscrypt/TrustManagerImpl;' failed
I/dalvikvm( 1857): Could not find method com.google.android.gms.org.conscrypt.TrustManagerImpl.getHostnameVerifier, referenced from method com.google.android.gms.org.conscrypt.Conscrypt.getHostnameVerifier
W/dalvikvm( 1857): VFY: unable to resolve virtual method 17872: Lcom/google/android/gms/org/conscrypt/TrustManagerImpl;.getHostnameVerifier ()Lcom/google/android/gms/org/conscrypt/ConscryptHostnameVerifier;
D/dalvikvm( 1857): VFY: replacing opcode 0x6e at 0x0004
W/dalvikvm( 1857): Unable to resolve superclass of Lcom/google/android/gms/org/conscrypt/TrustManagerImpl; (5184)
W/dalvikvm( 1857): Link of class 'Lcom/google/android/gms/org/conscrypt/TrustManagerImpl;' failed
E/dalvikvm( 1857): Could not find class 'com.google.android.gms.org.conscrypt.TrustManagerImpl', referenced from method com.google.android.gms.org.conscrypt.Conscrypt.isConscrypt
W/dalvikvm( 1857): VFY: unable to resolve instanceof 4452 (Lcom/google/android/gms/org/conscrypt/TrustManagerImpl;) in Lcom/google/android/gms/org/conscrypt/Conscrypt;
D/dalvikvm( 1857): VFY: replacing opcode 0x20 at 0x0000
W/dalvikvm( 1857): Unable to resolve superclass of Lcom/google/android/gms/org/conscrypt/TrustManagerImpl; (5184)
W/dalvikvm( 1857): Link of class 'Lcom/google/android/gms/org/conscrypt/TrustManagerImpl;' failed
I/dalvikvm( 1857): Could not find method com.google.android.gms.org.conscrypt.TrustManagerImpl.setDefaultHostnameVerifier, referenced from method com.google.android.gms.org.conscrypt.Conscrypt.setDefaultHostnameVerifier
W/dalvikvm( 1857): VFY: unable to resolve static method 17882: Lcom/google/android/gms/org/conscrypt/TrustManagerImpl;.setDefaultHostnameVerifier (Lcom/google/android/gms/org/conscrypt/ConscryptHostnameVerifier;)V
D/dalvikvm( 1857): VFY: replacing opcode 0x71 at 0x0003
W/dalvikvm( 1857): Unable to resolve superclass of Lcom/google/android/gms/org/conscrypt/TrustManagerImpl; (5184)
W/dalvikvm( 1857): Link of class 'Lcom/google/android/gms/org/conscrypt/TrustManagerImpl;' failed
W/dalvikvm( 1857): VFY: unable to find class referenced in signature (Lcom/google/android/gms/org/conscrypt/TrustManagerImpl;)
W/dalvikvm( 1857): Unable to resolve superclass of Lcom/google/android/gms/org/conscrypt/TrustManagerImpl; (5184)
W/dalvikvm( 1857): Link of class 'Lcom/google/android/gms/org/conscrypt/TrustManagerImpl;' failed
I/dalvikvm( 1857): Could not find method com.google.android.gms.org.conscrypt.TrustManagerImpl.setHostnameVerifier, referenced from method com.google.android.gms.org.conscrypt.Conscrypt.setHostnameVerifier
W/dalvikvm( 1857): VFY: unable to resolve virtual method 17883: Lcom/google/android/gms/org/conscrypt/TrustManagerImpl;.setHostnameVerifier (Lcom/google/android/gms/org/conscrypt/ConscryptHostnameVerifier;)V
D/dalvikvm( 1857): VFY: replacing opcode 0x6e at 0x0004
W/dalvikvm( 1857): Unable to resolve superclass of Lcom/google/android/gms/org/conscrypt/TrustManagerImpl; (5184)
W/dalvikvm( 1857): Link of class 'Lcom/google/android/gms/org/conscrypt/TrustManagerImpl;' failed
E/dalvikvm( 1857): Could not find class 'com.google.android.gms.org.conscrypt.TrustManagerImpl', referenced from method com.google.android.gms.org.conscrypt.Conscrypt.toConscrypt
W/dalvikvm( 1857): VFY: unable to resolve check-cast 4452 (Lcom/google/android/gms/org/conscrypt/TrustManagerImpl;) in Lcom/google/android/gms/org/conscrypt/Conscrypt;
D/dalvikvm( 1857): VFY: replacing opcode 0x1f at 0x002a
I/dalvikvm( 1790): Could not find method android.app.AlarmManager.setExactAndAllowWhileIdle, referenced from method nio.a
W/dalvikvm( 1790): VFY: unable to resolve virtual method 2384: Landroid/app/AlarmManager;.setExactAndAllowWhileIdle (IJLandroid/app/PendingIntent;)V
D/dalvikvm( 1790): VFY: replacing opcode 0x6e at 0x000b
I/dalvikvm( 1790): Failed resolving Lnin; interface 549 'Landroid/app/AlarmManager$OnAlarmListener;'
W/dalvikvm( 1790): Link of class 'Lnin;' failed
W/dalvikvm( 1790): VFY: unable to find class referenced in signature (Lnin;)
I/dalvikvm( 1790): Could not find method android.app.AlarmManager.set, referenced from method nio.a
W/dalvikvm( 1790): VFY: unable to resolve virtual method 2381: Landroid/app/AlarmManager;.set (IJJJLandroid/app/AlarmManager$OnAlarmListener;Landroid/os/Handler;Landroid/os/WorkSource;)V
D/dalvikvm( 1790): VFY: replacing opcode 0x74 at 0x0024
I/dalvikvm( 1790): Failed resolving Lnin; interface 549 'Landroid/app/AlarmManager$OnAlarmListener;'
W/dalvikvm( 1790): Link of class 'Lnin;' failed
D/dalvikvm( 1857): GC_FOR_ALLOC freed 465K, 18% free 3364K/4080K, paused 2ms, total 2ms
D/dalvikvm( 1790): GC_FOR_ALLOC freed 673K, 13% free 6217K/7140K, paused 7ms, total 7ms
W/dalvikvm( 1790): VFY: unable to find class referenced in signature (Lnin;)
I/dalvikvm( 1790): Could not find method android.app.AlarmManager.cancel, referenced from method nio.a
W/dalvikvm( 1790): VFY: unable to resolve virtual method 2378: Landroid/app/AlarmManager;.cancel (Landroid/app/AlarmManager$OnAlarmListener;)V
D/dalvikvm( 1790): VFY: replacing opcode 0x6e at 0x0002
I/dalvikvm( 1790): Could not find method android.os.UserManager.isManagedProfile, referenced from method ffl.a
W/dalvikvm( 1790): VFY: unable to resolve virtual method 4277: Landroid/os/UserManager;.isManagedProfile ()Z
D/dalvikvm( 1790): VFY: replacing opcode 0x6e at 0x0024
I/dalvikvm( 1790): Could not find method android.app.admin.DevicePolicyManager.isProfileOwnerApp, referenced from method hbs.c
W/dalvikvm( 1790): VFY: unable to resolve virtual method 2595: Landroid/app/admin/DevicePolicyManager;.isProfileOwnerApp (Ljava/lang/String;)Z
D/dalvikvm( 1790): VFY: replacing opcode 0x6e at 0x0011
I/dalvikvm( 1790): Could not find method android.app.admin.DevicePolicyManager.getProfileOwner, referenced from method hbs.a
W/dalvikvm( 1790): VFY: unable to resolve virtual method 2591: Landroid/app/admin/DevicePolicyManager;.getProfileOwner ()Landroid/content/ComponentName;
D/dalvikvm( 1790): VFY: replacing opcode 0x6e at 0x0012
D/dalvikvm( 1857): GC_FOR_ALLOC freed 144K, 10% free 3709K/4112K, paused 2ms, total 2ms
D/dalvikvm( 1857): GC_FOR_ALLOC freed 144K, 10% free 4048K/4472K, paused 2ms, total 2ms
D/dalvikvm( 2194): GC_FOR_ALLOC freed 864K, 34% free 5893K/8884K, paused 12ms, total 12ms
D/dalvikvm( 1570): GC_FOR_ALLOC freed 1078K, 51% free 7362K/14816K, paused 12ms, total 13ms
D/dalvikvm( 1857): GC_FOR_ALLOC freed 124K, 9% free 4391K/4812K, paused 2ms, total 2ms
D/dalvikvm( 1857): GC_FOR_ALLOC freed 129K, 9% free 4703K/5152K, paused 2ms, total 2ms
E/dalvikvm( 1857): Could not find class 'javax.net.ssl.SNIServerName', referenced from method com.google.android.gms.org.conscrypt.Platform.getSniHostnameFromParams
W/dalvikvm( 1857): VFY: unable to resolve check-cast 5160 (Ljavax/net/ssl/SNIServerName;) in Lcom/google/android/gms/org/conscrypt/Platform;
D/dalvikvm( 1857): VFY: replacing opcode 0x1f at 0x0025
E/BluetoothAdapter( 1790): Bluetooth binder is null
E/dalvikvm( 1857): Could not find class 'javax.net.ssl.SNIHostName', referenced from method com.google.android.gms.org.conscrypt.Platform.setParametersSniHostname
W/dalvikvm( 1857): VFY: unable to resolve new-instance 5159 (Ljavax/net/ssl/SNIHostName;) in Lcom/google/android/gms/org/conscrypt/Platform;
D/dalvikvm( 1857): VFY: replacing opcode 0x22 at 0x0024
E/dalvikvm( 1857): Could not find class 'javax.net.ssl.SNIHostName', referenced from method com.google.android.gms.org.conscrypt.Platform.setParametersSniHostname
W/dalvikvm( 1857): VFY: unable to resolve new-instance 5159 (Ljavax/net/ssl/SNIHostName;) in Lcom/google/android/gms/org/conscrypt/Platform;
E/BluetoothAdapter( 1790): Bluetooth binder is null
D/dalvikvm( 1857): VFY: replacing opcode 0x22 at 0x0024
D/dalvikvm( 1857): DexOpt: unable to opt direct call 0x52f9 at 0x2a in Lcom/google/android/gms/org/conscrypt/Platform;.setParametersSniHostname
D/dalvikvm( 1857): DexOpt: unable to opt direct call 0x52f9 at 0x2a in Lcom/google/android/gms/org/conscrypt/Platform;.setParametersSniHostname
I/Auth    ( 1790): [WorkAccountServiceImpl] init work authenticator
D/dalvikvm( 1857): GC_FOR_ALLOC freed 258K, 11% free 4957K/5548K, paused 4ms, total 4ms
I/dalvikvm( 2194): Could not find method android.app.AlarmManager.setExactAndAllowWhileIdle, referenced from method nio.a
W/dalvikvm( 2194): VFY: unable to resolve virtual method 2384: Landroid/app/AlarmManager;.setExactAndAllowWhileIdle (IJLandroid/app/PendingIntent;)V
D/dalvikvm( 2194): VFY: replacing opcode 0x6e at 0x000b
I/dalvikvm( 2194): Failed resolving Lnin; interface 549 'Landroid/app/AlarmManager$OnAlarmListener;'
W/dalvikvm( 2194): Link of class 'Lnin;' failed
W/dalvikvm( 2194): VFY: unable to find class referenced in signature (Lnin;)
I/dalvikvm( 2194): Could not find method android.app.AlarmManager.set, referenced from method nio.a
W/dalvikvm( 2194): VFY: unable to resolve virtual method 2381: Landroid/app/AlarmManager;.set (IJJJLandroid/app/AlarmManager$OnAlarmListener;Landroid/os/Handler;Landroid/os/WorkSource;)V
D/dalvikvm( 2194): VFY: replacing opcode 0x74 at 0x0024
I/dalvikvm( 2194): Failed resolving Lnin; interface 549 'Landroid/app/AlarmManager$OnAlarmListener;'
W/dalvikvm( 2194): Link of class 'Lnin;' failed
W/dalvikvm( 2194): VFY: unable to find class referenced in signature (Lnin;)
I/dalvikvm( 2194): Could not find method android.app.AlarmManager.cancel, referenced from method nio.a
W/dalvikvm( 2194): VFY: unable to resolve virtual method 2378: Landroid/app/AlarmManager;.cancel (Landroid/app/AlarmManager$OnAlarmListener;)V
D/dalvikvm( 2194): VFY: replacing opcode 0x6e at 0x0002
D/dalvikvm( 1570): GC_FOR_ALLOC freed 1103K, 51% free 7356K/14816K, paused 23ms, total 23ms
I/Auth    ( 1790): [WorkAccountServiceImpl] updating authenticator enabled state to: false
I/NearbyDiscovery( 1790): DiscoveryService destroyed [CONTEXT service_id=49 ]
I/Icing   ( 2194): Using regular flags by method 2
I/ProviderInstaller( 1857): Installed default security provider GmsCore_OpenSSL
I/Safeboot( 1857): Checking safeboot...
I/Safeboot( 1857): Not entering safeboot; wrong process.
E/dalvikvm( 1857): Could not find class 'com.google.common.flogger.backend.google.GooglePlatform', referenced from method beui.a
W/dalvikvm( 1857): VFY: unable to resolve const-class 4605 (Lcom/google/common/flogger/backend/google/GooglePlatform;) in Lbeui;
D/dalvikvm( 1857): VFY: replacing opcode 0x1c at 0x001b
D/dalvikvm( 1857): GC_FOR_ALLOC freed 451K, 13% free 5150K/5888K, paused 3ms, total 3ms
W/ActivityManager( 1570): Unable to start service Intent { act=com.google.android.gms.auth.key.retrieval.service.START pkg=com.google.android.gms } U=0: not found
E/GmsClient( 2194): unable to connect to service: com.google.android.gms.auth.key.retrieval.service.START on com.google.android.gms
W/ActivityManager( 1570): Unbind failed: could not find connection for android.os.BinderProxy@9d08d7b0
I/auxu    ( 1857): Primes not initialized, returning default (no-op) Primes instance which will ignore all calls. Please call Primes.initialize(...) before using any Primes API.
I/Auth    ( 2194): [SupervisedAccountIntentOperation] onHandleIntent(): com.google.android.chimera.IntentOperation.NEW_MODULE
I/dalvikvm( 2194): Could not find method android.os.UserManager.isManagedProfile, referenced from method nmn.g
W/dalvikvm( 2194): VFY: unable to resolve virtual method 4277: Landroid/os/UserManager;.isManagedProfile ()Z
D/dalvikvm( 2194): VFY: replacing opcode 0x6e at 0x0012
I/dalvikvm( 2194): Could not find method android.app.admin.DevicePolicyManager.getAccountTypesWithManagementDisabled, referenced from method nmn.i
W/dalvikvm( 2194): VFY: unable to resolve virtual method 2586: Landroid/app/admin/DevicePolicyManager;.getAccountTypesWithManagementDisabled ()[Ljava/lang/String;
D/dalvikvm( 2194): VFY: replacing opcode 0x6e at 0x002b
I/Auth    ( 2194): [SupervisedAccountIntentOperation] This operation is disabled
I/dalvikvm( 1857): Could not find method com.google.android.chimera.ContextThemeWrapper.createAttributionContext, referenced from method mnu.createAttributionContext
W/dalvikvm( 1857): VFY: unable to resolve virtual method 13785: Lcom/google/android/chimera/ContextThemeWrapper;.createAttributionContext (Ljava/lang/String;)Landroid/content/Context;
D/dalvikvm( 1857): VFY: replacing opcode 0x6f at 0x0002
I/dalvikvm( 1857): Could not find method android.content.ContextWrapper.createCredentialProtectedStorageContext, referenced from method mnu.createCredentialProtectedStorageContext
W/dalvikvm( 1857): VFY: unable to resolve virtual method 2508: Landroid/content/ContextWrapper;.createCredentialProtectedStorageContext ()Landroid/content/Context;
D/dalvikvm( 1857): VFY: replacing opcode 0x6f at 0x0002
I/dalvikvm( 1857): Could not find method android.content.ContextWrapper.createDeviceProtectedStorageContext, referenced from method mnu.createDeviceProtectedStorageContext
W/dalvikvm( 1857): VFY: unable to resolve virtual method 2509: Landroid/content/ContextWrapper;.createDeviceProtectedStorageContext ()Landroid/content/Context;
D/dalvikvm( 1857): VFY: replacing opcode 0x6f at 0x0002
I/dalvikvm( 1857): Could not find method android.content.Context.bindService, referenced from method uws.bindService
W/dalvikvm( 1857): VFY: unable to resolve virtual method 2453: Landroid/content/Context;.bindService (Landroid/content/Intent;ILjava/util/concurrent/Executor;Landroid/content/ServiceConnection;)Z
D/dalvikvm( 1857): VFY: replacing opcode 0x6e at 0x0018
I/dalvikvm( 1857): Could not find method android.content.Context.bindService, referenced from method uws.bindService
W/dalvikvm( 1857): VFY: unable to resolve virtual method 2453: Landroid/content/Context;.bindService (Landroid/content/Intent;ILjava/util/concurrent/Executor;Landroid/content/ServiceConnection;)Z
D/dalvikvm( 1857): VFY: replacing opcode 0x6e at 0x0030
I/dalvikvm( 1857): Could not find method android.content.Context.startForegroundService, referenced from method uws.startForegroundService
W/dalvikvm( 1857): VFY: unable to resolve virtual method 2501: Landroid/content/Context;.startForegroundService (Landroid/content/Intent;)Landroid/content/ComponentName;
D/dalvikvm( 1857): VFY: replacing opcode 0x6e at 0x001c
I/dalvikvm( 1857): Could not find method android.content.Context.startForegroundService, referenced from method uws.startForegroundService
W/dalvikvm( 1857): VFY: unable to resolve virtual method 2501: Landroid/content/Context;.startForegroundService (Landroid/content/Intent;)Landroid/content/ComponentName;
D/dalvikvm( 1857): VFY: replacing opcode 0x6e at 0x0028
D/dalvikvm( 1857): GC_FOR_ALLOC freed 276K, 10% free 5559K/6144K, paused 3ms, total 3ms
D/dalvikvm( 1570): GC_FOR_ALLOC freed 1081K, 51% free 7371K/14816K, paused 8ms, total 8ms
I/dalvikvm( 1857): Could not find method android.os.PowerManager.isPowerSaveMode, referenced from method uwl.a
W/dalvikvm( 1857): VFY: unable to resolve virtual method 3047: Landroid/os/PowerManager;.isPowerSaveMode ()Z
D/dalvikvm( 1857): VFY: replacing opcode 0x6e at 0x0010
I/dalvikvm( 1857): Could not find method android.app.admin.DevicePolicyManager.isProfileOwnerApp, referenced from method hbs.c
W/dalvikvm( 1857): VFY: unable to resolve virtual method 2595: Landroid/app/admin/DevicePolicyManager;.isProfileOwnerApp (Ljava/lang/String;)Z
D/dalvikvm( 1857): VFY: replacing opcode 0x6e at 0x0011
I/dalvikvm( 1857): Could not find method android.app.admin.DevicePolicyManager.getProfileOwner, referenced from method hbs.a
W/dalvikvm( 1857): VFY: unable to resolve virtual method 2591: Landroid/app/admin/DevicePolicyManager;.getProfileOwner ()Landroid/content/ComponentName;
D/dalvikvm( 1857): VFY: replacing opcode 0x6e at 0x0012
I/dalvikvm( 1790): Could not find method android.os.UserManager.isManagedProfile, referenced from method nmn.g
D/dalvikvm( 2194): GC_FOR_ALLOC freed 698K, 31% free 6164K/8884K, paused 6ms, total 6ms
I/dalvikvm( 1857): Could not find method android.app.NotificationManager.getCurrentInterruptionFilter, referenced from method nea.b
W/dalvikvm( 1857): VFY: unable to resolve virtual method 2504: Landroid/app/NotificationManager;.getCurrentInterruptionFilter ()I
D/dalvikvm( 1857): VFY: replacing opcode 0x6e at 0x0002
W/dalvikvm( 1790): VFY: unable to resolve virtual method 4277: Landroid/os/UserManager;.isManagedProfile ()Z
D/dalvikvm( 1790): VFY: replacing opcode 0x6e at 0x0012
I/dalvikvm( 1790): Could not find method android.app.admin.DevicePolicyManager.getAccountTypesWithManagementDisabled, referenced from method nmn.i
W/dalvikvm( 1790): VFY: unable to resolve virtual method 2586: Landroid/app/admin/DevicePolicyManager;.getAccountTypesWithManagementDisabled ()[Ljava/lang/String;
D/dalvikvm( 1790): VFY: replacing opcode 0x6e at 0x002b
D/dalvikvm( 1857): GC_FOR_ALLOC freed 435K, 12% free 5887K/6660K, paused 5ms, total 5ms
I/dalvikvm( 1857): Could not find method android.accounts.AccountManager.removeAccount, referenced from method ymq.c
W/dalvikvm( 1857): VFY: unable to resolve virtual method 4165: Landroid/accounts/AccountManager;.removeAccount (Landroid/accounts/Account;Landroid/app/Activity;Landroid/accounts/AccountManagerCallback;Landroid/os/Handler;)Landroid/accounts/AccountManagerFuture;
D/dalvikvm( 1857): VFY: replacing opcode 0x6e at 0x0009
I/dalvikvm( 1857): Could not find method android.accounts.AccountManager.removeAccountExplicitly, referenced from method ymq.d
W/dalvikvm( 1857): VFY: unable to resolve virtual method 4166: Landroid/accounts/AccountManager;.removeAccountExplicitly (Landroid/accounts/Account;)Z
D/dalvikvm( 1857): VFY: replacing opcode 0x6e at 0x0008
D/dalvikvm( 1570): GC_FOR_ALLOC freed 1049K, 51% free 7407K/14816K, paused 10ms, total 10ms
I/dalvikvm( 1857): Could not find method android.content.ServiceConnection.onNullBinding, referenced from method uxb.onNullBinding
I/Auth    ( 1857): [Change,AccountsChange] First snapshot
W/dalvikvm( 1857): VFY: unable to resolve interface method 2566: Landroid/content/ServiceConnection;.onNullBinding (Landroid/content/ComponentName;)V
W/WakefulBroadcastReceiv.( 1857): No active wake lock id #1
D/dalvikvm( 1857): VFY: replacing opcode 0x72 at 0x000f
D/dalvikvm( 1857): GC_FOR_ALLOC freed 309K, 10% free 6457K/7124K, paused 4ms, total 4ms
I/GCoreUlr( 1790): WorldUpdater received intent Intent { act=com.google.android.location.reporting.ACTION_UPDATE_WORLD cmp=com.google.android.gms/com.google.android.location.reporting.service.DispatchingService (has extras) } with receiverAction android.location.PROVIDERS_CHANGED
D/dalvikvm( 1570): GC_FOR_ALLOC freed 1110K, 51% free 7404K/14816K, paused 8ms, total 8ms
I/GCoreUlr( 1790): WorldUpdater:android.location.PROVIDERS_CHANGED: Ensuring that reporting is stopped because of reasons: (no Google accounts)
I/dalvikvm( 2194): Could not find method android.app.NotificationManager.getCurrentInterruptionFilter, referenced from method nea.b
W/dalvikvm( 2194): VFY: unable to resolve virtual method 2504: Landroid/app/NotificationManager;.getCurrentInterruptionFilter ()I
D/dalvikvm( 2194): VFY: replacing opcode 0x6e at 0x0002
I/GCoreUlr( 1790): Unbound from all signal providers.
D/dalvikvm( 1570): GC_FOR_ALLOC freed 1085K, 50% free 7426K/14816K, paused 6ms, total 6ms
D/dalvikvm( 2194): GC_FOR_ALLOC freed 994K, 30% free 6229K/8884K, paused 4ms, total 4ms
E/ConfigFileUtils( 2194): Failed to read config file: /data/data/com.google.android.gms/app_chimera/current_fileapks.pb: open failed: ENOENT (No such file or directory)
D/dalvikvm( 1570): GC_FOR_ALLOC freed 1118K, 50% free 7413K/14816K, paused 9ms, total 10ms
E/ConfigFileUtils( 2194): Failed to read config file: /data/data/com.google.android.gms/app_chimera/current_fileapks.pb: open failed: ENOENT (No such file or directory)
W/dalvikvm( 2194): VFY: unable to find class referenced in signature (Landroid/net/Network;)
W/dalvikvm( 2194): VFY: unable to find class referenced in signature (Landroid/net/Network;)
I/dalvikvm( 2194): Could not find method android.net.Network.openConnection, referenced from method wna.a
W/dalvikvm( 2194): VFY: unable to resolve virtual method 5072: Landroid/net/Network;.openConnection (Ljava/net/URL;)Ljava/net/URLConnection;
D/dalvikvm( 2194): VFY: replacing opcode 0x6e at 0x008f
E/GmsRequestQueue( 2194): Tried to stop global GMSCore RequestQueue. This is likely unintended, so ignoring.
D/dalvikvm( 1570): GC_FOR_ALLOC freed 1097K, 50% free 7425K/14816K, paused 6ms, total 6ms
I/Authzen ( 2194): [AuthZenEventHandler] Handling event: com.google.android.chimera.IntentOperation.NEW_MODULE
E/Authzen ( 2194): [AuthZenEventHandler] unknown action: com.google.android.chimera.IntentOperation.NEW_MODULE
I/SystemUpdate( 2194): [Installation,ReceiverIntentOperation] Received intent: Intent { act=com.google.android.gms.update.BASE_MODULE_INIT cat=[targeted_intent_op_prefix:.update.control.ReceiverIntentOperation] cmp=com.google.android.gms/.chimera.GmsIntentOperationService }.
D/dalvikvm( 2194): GC_FOR_ALLOC freed 934K, 29% free 6376K/8884K, paused 10ms, total 10ms
D/dalvikvm( 1570): GC_FOR_ALLOC freed 1133K, 51% free 7404K/14816K, paused 12ms, total 12ms
I/dalvikvm( 2194): Could not find method android.app.admin.DevicePolicyManager.isProfileOwnerApp, referenced from method hbs.c
W/dalvikvm( 2194): VFY: unable to resolve virtual method 2595: Landroid/app/admin/DevicePolicyManager;.isProfileOwnerApp (Ljava/lang/String;)Z
D/dalvikvm( 2194): VFY: replacing opcode 0x6e at 0x0011
I/dalvikvm( 2194): Could not find method android.app.admin.DevicePolicyManager.getProfileOwner, referenced from method hbs.a
W/dalvikvm( 2194): VFY: unable to resolve virtual method 2591: Landroid/app/admin/DevicePolicyManager;.getProfileOwner ()Landroid/content/ComponentName;
D/dalvikvm( 2194): VFY: replacing opcode 0x6e at 0x0012
D/dalvikvm( 1570): GC_FOR_ALLOC freed 1063K, 50% free 7448K/14816K, paused 7ms, total 7ms
I/NearbySharing( 2194): Runtime state initialization complete. Sharing is disabled. [CONTEXT service_id=194 ]
W/Settings( 2194): Setting device_provisioned has moved from android.provider.Settings.Secure to android.provider.Settings.Global.
W/ActivityManager( 1570): Unable to start service Intent { act=com.google.android.gms.nearby.discovery:ACTION_INIT_MESSAGES_PATH cmp=com.google.android.gms/.nearby.discovery.service.DiscoveryService } U=0: not found
E/dalvikvm( 2194): Could not find class 'android.net.Network', referenced from method anbj.a
W/dalvikvm( 2194): VFY: unable to resolve check-cast 7930 (Landroid/net/Network;) in Lanbj;
D/dalvikvm( 2194): VFY: replacing opcode 0x1f at 0x01c1
D/dalvikvm( 2194): GC_FOR_ALLOC freed 836K, 25% free 6670K/8884K, paused 4ms, total 4ms
D/dalvikvm( 1570): GC_FOR_ALLOC freed 1124K, 50% free 7443K/14816K, paused 7ms, total 7ms
I/PeopleSync( 2194): First sync
D/dalvikvm( 1857): GC_EXPLICIT freed 420K, 11% free 6874K/7672K, paused 0ms+3ms, total 6ms
I/PeopleSync( 2194): requestAllFullSyncForContainerUpgrade
I/SystemUpdate( 2194): [Execution,InstallationEventIntentOperation] Handling event of type 1.
I/SystemUpdate( 2194): [Execution,InstallationIntentOperation] Received intent: Intent { act=com.google.android.gms.update.INSTALL_UPDATE cat=[targeted_intent_op_prefix:.update.execution.InstallationIntentOperation] cmp=com.google.android.gms/.chimera.GmsIntentOperationService }.
D/dalvikvm( 1570): GC_FOR_ALLOC freed 1145K, 50% free 7415K/14816K, paused 8ms, total 8ms
I/SystemUpdate( 2194): [Control,InstallationControl] Installation progress updated to (0x000, -1.000).
D/dalvikvm( 2194): GC_FOR_ALLOC freed 1075K, 24% free 6815K/8884K, paused 5ms, total 5ms
D/dalvikvm( 1570): GC_FOR_ALLOC freed 1120K, 51% free 7404K/14816K, paused 7ms, total 7ms
E/SQLiteLog( 2194): (1) no such table: owners
I/DeletedNullContactsCleanup( 2194): Scheduling the service.
D/dalvikvm( 2194): GC_FOR_ALLOC freed 1095K, 23% free 6881K/8884K, paused 5ms, total 5ms
D/dalvikvm( 1570): GC_FOR_ALLOC freed 1107K, 51% free 7405K/14816K, paused 12ms, total 12ms
I/PeopleDatabaseHelper( 2194): cleanUpNonGplusAccounts done.
I/PeopleSearchIndexManage( 2194): ICU version changed from unknown to 51.1.0.1
I/PeopleSearchIndexManage( 2194): Rebuilding index...
I/PeopleASM( 2194): Rebuilding autocomplete index...
I/PeopleSearchIndexManage( 2194): Rebuilding index done.
D/Tethering( 1570): MasterInitialState.processMessage what=3
D/Tethering( 1570): MasterInitialState.processMessage what=3
D/CaptivePortalTracker( 1570): NoActiveNetworkState{ when=-1ms what=1 obj=NetworkInfo: type: mobile_hipri[LTE], state: DISCONNECTED/DISCONNECTED, reason: dataDisabled, extra: epc.tmobile.com, roaming: false, failover: false, isAvailable: true, isConnectedToProvisioningNetwork: false target=com.android.internal.util.StateMachine$SmHandler }
D/CaptivePortalTracker( 1570): NoActiveNetworkState not a wifi connectivity change, ignore
D/CaptivePortalTracker( 1570): NoActiveNetworkState{ when=0 what=1 obj=NetworkInfo: type: mobile[LTE], state: CONNECTED/CONNECTED, reason: connected, extra: epc.tmobile.com, roaming: false, failover: false, isAvailable: true, isConnectedToProvisioningNetwork: false target=com.android.internal.util.StateMachine$SmHandler }
D/CaptivePortalTracker( 1570): NoActiveNetworkState not a wifi connectivity change, ignore
I/SystemUpdate( 2194): [Execution,ExecutionManager] Action pending executed for 0.15 seconds.
I/SystemUpdate( 2194): [Execution,ExecutionManager] Action finished-execution executed for 0.00 seconds.
I/BackupAndSyncValidation( 2194): Scheduling the service.
I/PeopleInitIntentOp( 2194): Not initializing debuggability [CONTEXT service_id=5 ]
D/dalvikvm( 1570): GC_FOR_ALLOC freed 1066K, 50% free 7444K/14816K, paused 10ms, total 10ms
I/NearbyDiscovery( 1790): DiscoveryNearbyMessagesManager failed to background unsubscribe [CONTEXT service_id=49 ]
I/NearbyDiscovery( 1790): java.util.concurrent.TimeoutException: Timed out waiting for Task
I/NearbyDiscovery( 1790): 	at amhe.a(:com.google.android.gms@202414005@20.24.14 (000700-319035315):22)
I/NearbyDiscovery( 1790): 	at aceb.b(:com.google.android.gms@202414005@20.24.14 (000700-319035315):5)
I/NearbyDiscovery( 1790): 	at acds.run(:com.google.android.gms@202414005@20.24.14 (000700-319035315):3)
I/NearbyDiscovery( 1790): 	at bkpr.handleMessage(:com.google.android.gms@202414005@20.24.14 (000700-319035315):9)
I/NearbyDiscovery( 1790): 	at android.os.Handler.dispatchMessage(Handler.java:102)
I/NearbyDiscovery( 1790): 	at ypf.a(:com.google.android.gms@202414005@20.24.14 (000700-319035315):2)
I/NearbyDiscovery( 1790): 	at ypf.dispatchMessage(:com.google.android.gms@202414005@20.24.14 (000700-319035315):14)
I/NearbyDiscovery( 1790): 	at android.os.Looper.loop(Looper.java:136)
I/NearbyDiscovery( 1790): 	at android.os.HandlerThread.run(HandlerThread.java:61)
I/NearbyDiscovery( 1790): EventStreamLoggingManager: destroy, unbind service [CONTEXT service_id=49 ]
W/NearbyShared( 1790): BTConnStateMgr: Already destroyed!
I/NearbyDiscovery( 1790): Show notifications: 0 total, no changes since last shown, no-op. [CONTEXT service_id=49 ]
W/ActivityManager( 1570): Unable to start service Intent { act=com.google.android.gms.nearby.discovery:ACTION_PERMISSION_CHANGE cmp=com.google.android.gms/.nearby.discovery.service.DiscoveryService } U=0: not found
E/BluetoothAdapter( 1825): Bluetooth binder is null
D/dalvikvm( 1790): GC_FOR_ALLOC freed 789K, 14% free 6525K/7564K, paused 9ms, total 9ms
D/dalvikvm( 1857): GC_EXPLICIT freed 1641K, 30% free 5370K/7672K, paused 0ms+1ms, total 5ms
D/dalvikvm( 1570): GC_FOR_ALLOC freed 1141K, 50% free 7419K/14816K, paused 18ms, total 18ms
I/NearbyDiscovery( 1790): DiscoveryService destroy EventLoop [CONTEXT service_id=49 ]
I/dalvikvm( 1790): Failed resolving Lnin; interface 549 'Landroid/app/AlarmManager$OnAlarmListener;'
W/dalvikvm( 1790): Link of class 'Lnin;' failed
D/dalvikvm( 2194): GC_FOR_ALLOC freed 1235K, 22% free 6936K/8884K, paused 5ms, total 5ms
I/dalvikvm( 1790): Failed resolving Lnin; interface 549 'Landroid/app/AlarmManager$OnAlarmListener;'
W/dalvikvm( 1790): Link of class 'Lnin;' failed
I/dalvikvm( 1790): Failed resolving Lnin; interface 549 'Landroid/app/AlarmManager$OnAlarmListener;'
W/dalvikvm( 1790): Link of class 'Lnin;' failed
I/dalvikvm( 1790): Failed resolving Lnin; interface 549 'Landroid/app/AlarmManager$OnAlarmListener;'
W/dalvikvm( 1790): Link of class 'Lnin;' failed
W/dalvikvm( 1790): VFY: unable to find class referenced in signature (Lnin;)
D/dalvikvm( 1570): GC_FOR_ALLOC freed 1082K, 50% free 7449K/14816K, paused 6ms, total 6ms
I/dalvikvm( 2194): Could not find method android.os.UserManager.getUserProfiles, referenced from method apwh.b
W/dalvikvm( 2194): VFY: unable to resolve virtual method 29751: Landroid/os/UserManager;.getUserProfiles ()Ljava/util/List;
D/dalvikvm( 2194): VFY: replacing opcode 0x6e at 0x005b
I/Wear_Controller( 2194): Wear requires a companion app to be installed.
I/Wear_Controller( 2194): onStartup - Wear is not available on this device.
I/ahju    ( 1790): Scheduling Phenotype for a PhenotypeSyncImmediately(6, com.google.android.gms.people) one off with window [1, 2] in seconds [CONTEXT service_id=51 ]
I/ahgs    ( 1790): No Heterodyne serving version in database [CONTEXT service_id=51 ]
I/ahju    ( 1790): Scheduling Phenotype for a PhenotypeSyncImmediately(6, com.google.android.gms.settings.platform) one off with window [1, 2] in seconds [CONTEXT service_id=51 ]
I/dalvikvm( 1790): Could not find method android.os.PowerManager.isInteractive, referenced from method nqg.b
W/dalvikvm( 1790): VFY: unable to resolve virtual method 4227: Landroid/os/PowerManager;.isInteractive ()Z
D/dalvikvm( 1790): VFY: replacing opcode 0x6e at 0x0008
I/ahju    ( 1790): Scheduling Phenotype for a PhenotypeSyncImmediately(6, com.google.android.gms.settings.platform.boot) one off with window [1, 2] in seconds [CONTEXT service_id=51 ]
D/dalvikvm( 1790): GC_FOR_ALLOC freed 909K, 15% free 6818K/7976K, paused 6ms, total 6ms
I/dalvikvm( 1790): Could not find method android.provider.DeviceConfig.getProperty, referenced from method ahlr.a
W/dalvikvm( 1790): VFY: unable to resolve static method 29770: Landroid/provider/DeviceConfig;.getProperty (Ljava/lang/String;Ljava/lang/String;)Ljava/lang/String;
D/dalvikvm( 1790): VFY: replacing opcode 0x71 at 0x0000
I/dalvikvm( 1790): Could not find method android.provider.DeviceConfig.setProperty, referenced from method ahlr.a
W/dalvikvm( 1790): VFY: unable to resolve static method 29771: Landroid/provider/DeviceConfig;.setProperty (Ljava/lang/String;Ljava/lang/String;Ljava/lang/String;Z)Z
D/dalvikvm( 1790): VFY: replacing opcode 0x71 at 0x0000
I/ahju    ( 1790): Scheduling Phenotype for a PhenotypeSyncImmediately(6, com.google.android.gms.people.ui) one off with window [1, 2] in seconds [CONTEXT service_id=51 ]
D/dalvikvm( 1570): GC_FOR_ALLOC freed 1105K, 50% free 7453K/14816K, paused 9ms, total 9ms
I/ActivityManager( 1570): Start proc com.google.android.gms.ui for service com.google.android.gms/.chimera.UiIntentOperationService: pid=2376 uid=10007 gids={50007, 3003, 1007, 1028, 1015, 3002, 3001, 3007, 2001, 3006}
D/dalvikvm( 1857): GC_EXPLICIT freed 139K, 31% free 5367K/7672K, paused 0ms+0ms, total 5ms
E/dalvikvm( 2194): Could not find class 'android.app.usage.UsageStatsManager', referenced from method vha.a
W/dalvikvm( 2194): VFY: unable to resolve const-class 1242 (Landroid/app/usage/UsageStatsManager;) in Lvha;
D/dalvikvm( 2194): VFY: replacing opcode 0x1c at 0x0009
W/dalvikvm( 2376): VFY: unable to resolve static field 1608 (PR_SET_DUMPABLE) in Landroid/system/OsConstants;
D/dalvikvm( 2376): VFY: replacing opcode 0x60 at 0x0017
W/dalvikvm( 2376): VFY: unable to find class referenced in signature (Lyqx;)
W/dalvikvm( 2376): VFY: unable to find class referenced in signature (Lyro;)
D/dalvikvm( 1570): GC_FOR_ALLOC freed 1122K, 50% free 7450K/14816K, paused 8ms, total 8ms
I/GCM-GMS ( 2194): Scheduling task to register GMS
I/dalvikvm( 2376): Could not find method android.system.Os.readlink, referenced from method msk.a
W/dalvikvm( 2376): VFY: unable to resolve static method 3145: Landroid/system/Os;.readlink (Ljava/lang/String;)Ljava/lang/String;
D/dalvikvm( 2376): VFY: replacing opcode 0x71 at 0x00b0
I/dalvikvm( 2376): Could not find method android.os.PowerManager.isInteractive, referenced from method ndc.a
W/dalvikvm( 2376): VFY: unable to resolve virtual method 3046: Landroid/os/PowerManager;.isInteractive ()Z
D/dalvikvm( 2376): VFY: replacing opcode 0x6e at 0x0013
I/dalvikvm( 2376): Could not find method com.google.android.chimera.ModuleContext.getAttributionTag, referenced from method com.google.android.chimera.ModuleContext.createAttributionContext
W/dalvikvm( 2376): VFY: unable to resolve virtual method 14170: Lcom/google/android/chimera/ModuleContext;.getAttributionTag ()Ljava/lang/String;
D/dalvikvm( 2376): VFY: replacing opcode 0x6e at 0x0004
I/dalvikvm( 2376): Could not find method com.google.android.chimera.ContextThemeWrapper.createAttributionContext, referenced from method com.google.android.chimera.ModuleContext.createAttributionContext
W/dalvikvm( 2376): VFY: unable to resolve virtual method 13785: Lcom/google/android/chimera/ContextThemeWrapper;.createAttributionContext (Ljava/lang/String;)Landroid/content/Context;
D/dalvikvm( 2376): VFY: replacing opcode 0x6f at 0x0035
I/dalvikvm( 2376): Could not find method android.content.ContextWrapper.createCredentialProtectedStorageContext, referenced from method com.google.android.chimera.ModuleContext.createCredentialProtectedStorageContext
W/dalvikvm( 2376): VFY: unable to resolve virtual method 2508: Landroid/content/ContextWrapper;.createCredentialProtectedStorageContext ()Landroid/content/Context;
D/dalvikvm( 2376): VFY: replacing opcode 0x6f at 0x0002
I/dalvikvm( 2376): Could not find method android.content.ContextWrapper.createDeviceProtectedStorageContext, referenced from method com.google.android.chimera.ModuleContext.createDeviceProtectedStorageContext
W/dalvikvm( 2376): VFY: unable to resolve virtual method 2509: Landroid/content/ContextWrapper;.createDeviceProtectedStorageContext ()Landroid/content/Context;
D/dalvikvm( 2376): VFY: replacing opcode 0x6f at 0x0002
I/dalvikvm( 2376): Could not find method com.google.android.chimera.ContextThemeWrapper.sendBroadcastWithMultiplePermissions, referenced from method com.google.android.chimera.ModuleContext.sendBroadcastWithMultiplePermissions
