D/dalvikvm( 3815): No JNI_OnLoad found in libnativehelper.so 0x0, skipping init
D/dalvikvm( 3815): Note: class Landroid/app/ActivityManagerNative; has 179 unimplemented (abstract) methods
E/memtrack( 3815): Couldn't load memtrack module (No such file or directory)
E/android.os.Debug( 3815): failed to load memtrack module: -2
D/AndroidRuntime( 3815): Calling main entry com.android.commands.pm.Pm
D/AndroidRuntime( 3815): Shutting down VM
D/dalvikvm( 3815): GC_CONCURRENT freed 93K, 15% free 557K/652K, paused 0ms+0ms, total 0ms
D/AndroidRuntime( 3827): 
D/AndroidRuntime( 3827): >>>>>> AndroidRuntime START com.android.internal.os.RuntimeInit <<<<<<
W/linker  ( 3827): libdvm.so has text relocations. This is wasting memory and is a security risk. Please fix.
D/AndroidRuntime( 3827): CheckJNI is ON
D/dalvikvm( 3827): Trying to load lib libjavacore.so 0x0
D/dalvikvm( 3827): Added shared lib libjavacore.so 0x0
D/dalvikvm( 3827): Trying to load lib libnativehelper.so 0x0
D/dalvikvm( 3827): Added shared lib libnativehelper.so 0x0
D/dalvikvm( 3827): No JNI_OnLoad found in libnativehelper.so 0x0, skipping init
D/dalvikvm( 3827): Note: class Landroid/app/ActivityManagerNative; has 179 unimplemented (abstract) methods
E/memtrack( 3827): Couldn't load memtrack module (No such file or directory)
E/android.os.Debug( 3827): failed to load memtrack module: -2
D/AndroidRuntime( 3827): Calling main entry com.android.commands.pm.Pm
I/ActivityManager( 1570): Force stopping it.unina.android.ripper_service appid=10057 user=0: clear data
I/ActivityManager( 1570): Killing 2223:it.unina.android.ripper_service:android_ripper_service_process/u0a57 (adj 1): stop it.unina.android.ripper_service
I/ActivityManager( 1570):   Force stopping service ServiceRecord{9d402070 u0 it.unina.android.ripper_service/.AndroidRipperService}
D/Documents( 3321): Used cached roots for com.android.providers.downloads.documents
D/Documents( 3321): Used cached roots for com.android.externalstorage.documents
D/Documents( 3321): Used cached roots for com.android.providers.media.documents
D/Documents( 3321): Update found 6 roots in 0ms
I/GeofencerStateMachine( 1790): removeGeofences: removeRequest=RemoveGeofencingRequest[REMOVE_ALL packageName=it.unina.android.ripper_service]
D/keystore( 1150): calling clear_uid in state: 3
I/Fitness ( 1790): FitCleanupIntentOperation received Intent android.intent.action.PACKAGE_DATA_CLEARED [CONTEXT service_id=17 ]
D/AndroidRuntime( 3827): Shutting down VM
D/dalvikvm( 3827): GC_CONCURRENT freed 93K, 15% free 549K/644K, paused 0ms+1ms, total 1ms
I/Icing   ( 2194): doRemovePackageData it.unina.android.ripper_service
D/AndroidRuntime( 3844): 
D/AndroidRuntime( 3844): >>>>>> AndroidRuntime START com.android.internal.os.RuntimeInit <<<<<<
W/linker  ( 3844): libdvm.so has text relocations. This is wasting memory and is a security risk. Please fix.
D/AndroidRuntime( 3844): CheckJNI is ON
D/dalvikvm( 3844): Trying to load lib libjavacore.so 0x0
D/dalvikvm( 3844): Added shared lib libjavacore.so 0x0
D/dalvikvm( 3844): Trying to load lib libnativehelper.so 0x0
D/dalvikvm( 3844): Added shared lib libnativehelper.so 0x0
D/dalvikvm( 3844): No JNI_OnLoad found in libnativehelper.so 0x0, skipping init
D/dalvikvm( 3844): Note: class Landroid/app/ActivityManagerNative; has 179 unimplemented (abstract) methods
E/memtrack( 3844): Couldn't load memtrack module (No such file or directory)
E/android.os.Debug( 3844): failed to load memtrack module: -2
D/AndroidRuntime( 3844): Calling main entry com.android.commands.pm.Pm
I/ActivityManager( 1570): Force stopping it.unina.android.ripper_service appid=10057 user=-1: uninstall pkg
W/PackageManager( 1570): Couldn't delete native library directory /data/app-lib/it.unina.android.ripper_service
D/keystore( 1150): calling clear_uid in state: 3
D/dalvikvm( 2459): GC_EXPLICIT freed 311K, 18% free 3412K/4156K, paused 1ms+1ms, total 3ms
I/ActivityManager( 1570): Force stopping it.unina.android.ripper_service appid=10057 user=0: pkg removed
D/dalvikvm( 1952): GC_EXPLICIT freed 7636K, 35% free 17632K/27124K, paused 0ms+0ms, total 5ms
W/Launcher.Model( 2717): Nobody to tell about the new app.  Launcher is probably loading.
I/GeofencerStateMachine( 1790): removeGeofences: removeRequest=RemoveGeofencingRequest[REMOVE_ALL packageName=it.unina.android.ripper_service]
D/Documents( 3321): Used cached roots for com.android.providers.downloads.documents
D/Documents( 3321): Used cached roots for com.android.externalstorage.documents
D/Documents( 3321): Used cached roots for com.android.providers.media.documents
D/Documents( 3321): Update found 6 roots in 2ms
I/InputReader( 1570): Reconfiguring input devices.  changes=0x00000010
I/PackageManager( 1570):   Action: "android.intent.action.SENDTO"
I/PackageManager( 1570):   Category: "android.intent.category.DEFAULT"
I/PackageManager( 1570):   Scheme: "sms"
I/PackageManager( 1570): Adding preferred activity ComponentInfo{com.android.mms/com.android.mms.ui.ComposeMessageActivity} for user 0 :
I/Launcher( 1952): Deferring update until onResume
D/VoicemailCleanupService( 1880): Cleaning up data for package: it.unina.android.ripper_service
I/PackageManager( 1570):   Action: "android.intent.action.SENDTO"
I/PackageManager( 1570):   Category: "android.intent.category.DEFAULT"
I/PackageManager( 1570):   Scheme: "smsto"
I/Launcher( 1952): Deferring update until onResume
D/BackupManagerService( 1570): Received broadcast Intent { act=android.intent.action.PACKAGE_REMOVED dat=package:it.unina.android.ripper_service flg=0x4000010 (has extras) }
V/BackupManagerService( 1570): removePackageParticipantsLocked: uid=10057 #1
I/PackageManager( 1570): Adding preferred activity ComponentInfo{com.android.mms/com.android.mms.ui.ComposeMessageActivity} for user 0 :
I/PackageManager( 1570):   Action: "android.intent.action.SENDTO"
I/PackageManager( 1570):   Category: "android.intent.category.DEFAULT"
I/PackageManager( 1570):   Scheme: "mms"
D/dalvikvm( 1810): GC_FOR_ALLOC freed 439K, 17% free 3667K/4384K, paused 1ms, total 1ms
I/PackageManager( 1570): Adding preferred activity ComponentInfo{com.android.mms/com.android.mms.ui.ComposeMessageActivity} for user 0 :
W/Launcher( 2717): setApplicationContext called twice! old=com.google.android.velvet.VelvetApplication@9cff1cb8 new=com.google.android.velvet.VelvetApplication@9cff1cb8
I/Fitness ( 1790): FitCleanupIntentOperation received Intent android.intent.action.PACKAGE_REMOVED [CONTEXT service_id=17 ]
W/ContextImpl( 3371): Calling a method in the system process without a qualified user: android.app.ContextImpl.startService:1479 android.content.ContextWrapper.startService:494 android.content.ContextWrapper.startService:494 com.android.keychain.KeyChainBroadcastReceiver.onReceive:12 android.app.ActivityThread.handleReceiver:2419 
I/PackageManager( 1570):   Action: "android.intent.action.SENDTO"
I/PackageManager( 1570):   Category: "android.intent.category.DEFAULT"
I/PackageManager( 1570):   Scheme: "mmsto"
I/Icing.InternalIcingCorporaProvider( 2459): Updating corpora: A: it.unina.android.ripper_service, C: MAYBE
I/PackageManager( 1570): Adding preferred activity ComponentInfo{com.android.mms/com.android.mms.ui.ComposeMessageActivity} for user 0 :
D/dalvikvm( 1570): GC_FOR_ALLOC freed 1863K, 41% free 9946K/16748K, paused 13ms, total 13ms
I/PackageManager( 1570):   Action: "android.intent.action.SENDTO"
I/PackageManager( 1570):   Category: "android.intent.category.DEFAULT"
I/PackageManager( 1570):   Scheme: "sms"
I/Icing   ( 2194): doRemovePackageData it.unina.android.ripper_service
I/PackageManager( 1570): Adding preferred activity ComponentInfo{com.android.mms/com.android.mms.ui.ComposeMessageActivity} for user 0 :
I/PackageManager( 1570):   Action: "android.intent.action.SENDTO"
I/PackageManager( 1570):   Category: "android.intent.category.DEFAULT"
I/PackageManager( 1570):   Scheme: "smsto"
I/PackageManager( 1570): Adding preferred activity ComponentInfo{com.android.mms/com.android.mms.ui.ComposeMessageActivity} for user 0 :
I/PackageManager( 1570):   Action: "android.intent.action.SENDTO"
I/PackageManager( 1570):   Category: "android.intent.category.DEFAULT"
I/PackageManager( 1570):   Scheme: "mms"
D/dalvikvm( 1790): GC_FOR_ALLOC freed 1753K, 24% free 10432K/13712K, paused 25ms, total 31ms
I/PackageManager( 1570): Adding preferred activity ComponentInfo{com.android.mms/com.android.mms.ui.ComposeMessageActivity} for user 0 :
D/dalvikvm( 1810): GC_FOR_ALLOC freed 424K, 17% free 3664K/4384K, paused 2ms, total 2ms
I/PackageManager( 1570):   Action: "android.intent.action.SENDTO"
I/PackageManager( 1570):   Category: "android.intent.category.DEFAULT"
I/PackageManager( 1570):   Scheme: "mmsto"
I/PackageManager( 1570): Adding preferred activity ComponentInfo{com.android.mms/com.android.mms.ui.ComposeMessageActivity} for user 0 :
I/Icing   ( 2194): IndexChimeraService.getServiceInterface callingPackage=com.google.android.googlequicksearchbox componentName=null serviceId=21
D/dalvikvm( 1570): GC_EXPLICIT freed 725K, 41% free 9965K/16748K, paused 4ms+1ms, total 62ms
D/AndroidRuntime( 3844): Shutting down VM
D/dalvikvm( 3844): GC_CONCURRENT freed 92K, 15% free 549K/644K, paused 0ms+0ms, total 0ms
I/LatinIME:LogUtils( 1776): Dictionary info: dictionary = main:en ; version = 42 ; date = 1381226516
W/Icing   ( 2194): No valid account for uploading user actions
I/Icing   ( 2194): Usage reports ok 0, Failed Usage reports 0, indexed 0, rejected 0
I/DownloadManager( 1840): Download 8 starting
W/DownloadManager( 1840): Aborting request for download 8: TYPE_DISALLOWED_BY_REQUESTOR
I/Icing   ( 2194): Indexing com.google.android.gms-apps from com.google.android.gms
I/Icing   ( 2194): Indexing com.google.android.gms-internal.3p:MobileApplication from com.google.android.gms
I/Icing   ( 2194): Indexing com.google.android.googlequicksearchbox-applications from com.google.android.googlequicksearchbox
I/DownloadManager( 1840): Download 8 finished with status WAITING_FOR_NETWORK
I/Icing   ( 2194): Indexing done com.google.android.gms-apps
I/Icing   ( 2194): Indexing done com.google.android.gms-internal.3p:MobileApplication
I/Icing   ( 2194): Indexing done com.google.android.googlequicksearchbox-applications
D/AndroidRuntime( 3873): 
D/AndroidRuntime( 3873): >>>>>> AndroidRuntime START com.android.internal.os.RuntimeInit <<<<<<
W/linker  ( 3873): libdvm.so has text relocations. This is wasting memory and is a security risk. Please fix.
D/AndroidRuntime( 3873): CheckJNI is ON
D/dalvikvm( 3873): Trying to load lib libjavacore.so 0x0
D/dalvikvm( 3873): Added shared lib libjavacore.so 0x0
D/dalvikvm( 3873): Trying to load lib libnativehelper.so 0x0
D/dalvikvm( 3873): Added shared lib libnativehelper.so 0x0
D/dalvikvm( 3873): No JNI_OnLoad found in libnativehelper.so 0x0, skipping init
D/dalvikvm( 3873): Note: class Landroid/app/ActivityManagerNative; has 179 unimplemented (abstract) methods
E/memtrack( 3873): Couldn't load memtrack module (No such file or directory)
E/android.os.Debug( 3873): failed to load memtrack module: -2
D/AndroidRuntime( 3873): Calling main entry com.android.commands.pm.Pm
W/ActivityManager( 1570): No content provider found for permission revoke: file:///data/local/tmp/AndroidRipperService.apk
W/ActivityManager( 1570): No content provider found for permission revoke: file:///data/local/tmp/AndroidRipperService.apk
I/PackageManager( 1570): Copying native libraries to /data/app-lib/vmdl742857606
I/PackageParser( 1570): it.unina.android.ripper_service: compat added android.permission.WRITE_EXTERNAL_STORAGE android.permission.READ_PHONE_STATE
I/PackageManager( 1570): Running dexopt on: it.unina.android.ripper_service
W/linker  ( 3884): libdvm.so has text relocations. This is wasting memory and is a security risk. Please fix.
D/dalvikvm( 3884): DexOpt: load 5ms, verify+opt 21ms, 1117628 bytes
I/ActivityManager( 1570): Force stopping it.unina.android.ripper_service appid=10062 user=-1: update pkg
D/dalvikvm( 3321): GC_FOR_ALLOC freed 558K, 20% free 3071K/3816K, paused 2ms, total 2ms
D/Documents( 3321): Used cached roots for com.android.providers.downloads.documents
I/PackageManager( 1570):   Action: "android.intent.action.SENDTO"
I/PackageManager( 1570):   Category: "android.intent.category.DEFAULT"
I/PackageManager( 1570):   Scheme: "sms"
I/Launcher( 1952): Deferring update until onResume
D/Documents( 3321): Used cached roots for com.android.externalstorage.documents
D/Documents( 3321): Used cached roots for com.android.providers.media.documents
D/Documents( 3321): Update found 6 roots in 7ms
D/dalvikvm( 2717): GC_FOR_ALLOC freed 295K, 16% free 3461K/4076K, paused 2ms, total 2ms
W/Launcher.Model( 2717): Nobody to tell about the new app.  Launcher is probably loading.
I/Launcher( 1952): Deferring update until onResume
I/PackageManager( 1570): Adding preferred activity ComponentInfo{com.android.mms/com.android.mms.ui.ComposeMessageActivity} for user 0 :
I/PackageManager( 1570):   Action: "android.intent.action.SENDTO"
I/PackageManager( 1570):   Category: "android.intent.category.DEFAULT"
I/PackageManager( 1570):   Scheme: "smsto"
I/InputReader( 1570): Reconfiguring input devices.  changes=0x00000010
I/PackageManager( 1570): Adding preferred activity ComponentInfo{com.android.mms/com.android.mms.ui.ComposeMessageActivity} for user 0 :
D/BackupManagerService( 1570): Received broadcast Intent { act=android.intent.action.PACKAGE_ADDED dat=package:it.unina.android.ripper_service flg=0x4000010 (has extras) }
I/PackageManager( 1570):   Action: "android.intent.action.SENDTO"
I/PackageManager( 1570):   Category: "android.intent.category.DEFAULT"
I/PackageManager( 1570):   Scheme: "mms"
W/GCM     ( 1790): Unexpected forwarded intent: Intent { act=android.intent.action.PACKAGE_ADDED dat=package:it.unina.android.ripper_service flg=0x4000010 cmp=com.google.android.gms/.chimera.PersistentIntentOperationService (has extras) }
V/BackupManagerService( 1570): addPackageParticipantsLocked: #1
I/PackageManager( 1570): Adding preferred activity ComponentInfo{com.android.mms/com.android.mms.ui.ComposeMessageActivity} for user 0 :
W/GCM     ( 1790): Unexpected forwarded intent: Intent { act=android.intent.action.PACKAGE_ADDED dat=package:it.unina.android.ripper_service flg=0x4000010 cmp=com.google.android.gms/.chimera.PersistentIntentOperationService (has extras) }
I/Auth    ( 2194): [SupervisedAccountIntentOperation] onHandleIntent(): android.intent.action.PACKAGE_ADDED
I/ChromeSync( 2194): [Sync,SyncIntentOperation] Handling the intent: Intent { act=android.intent.action.PACKAGE_ADDED dat=package:it.unina.android.ripper_service flg=0x4000010 cmp=com.google.android.gms/.chimera.GmsIntentOperationService (has extras) }.
I/FontLog ( 2194): Package it.unina.android.ripper_service has no metadata [CONTEXT service_id=132 ]
D/dalvikvm( 1810): GC_FOR_ALLOC freed 446K, 17% free 3663K/4384K, paused 2ms, total 2ms
I/PackageManager( 1570):   Action: "android.intent.action.SENDTO"
I/PackageManager( 1570):   Category: "android.intent.category.DEFAULT"
I/PackageManager( 1570):   Scheme: "mmsto"
I/PackageManager( 1570): Adding preferred activity ComponentInfo{com.android.mms/com.android.mms.ui.ComposeMessageActivity} for user 0 :
I/Icing.InternalIcingCorporaProvider( 2459): Updating corpora: A: it.unina.android.ripper_service, C: MAYBE
I/PackageManager( 1570):   Action: "android.intent.action.SENDTO"
I/PackageManager( 1570):   Category: "android.intent.category.DEFAULT"
I/PackageManager( 1570):   Scheme: "sms"
I/PackageManager( 1570): Adding preferred activity ComponentInfo{com.android.mms/com.android.mms.ui.ComposeMessageActivity} for user 0 :
I/PackageManager( 1570):   Action: "android.intent.action.SENDTO"
I/PackageManager( 1570):   Category: "android.intent.category.DEFAULT"
I/PackageManager( 1570):   Scheme: "smsto"
W/ActivityManager( 1570): Unable to start service Intent { act=com.google.android.gms.auth.key.retrieval.service.START pkg=com.google.android.gms } U=0: not found
I/PackageManager( 1570): Adding preferred activity ComponentInfo{com.android.mms/com.android.mms.ui.ComposeMessageActivity} for user 0 :
D/dalvikvm( 1570): GC_EXPLICIT freed 1751K, 41% free 9962K/16748K, paused 0ms+1ms, total 65ms
D/dalvikvm( 1570): WAIT_FOR_CONCURRENT_GC blocked 7ms
D/AndroidRuntime( 3873): Shutting down VM
D/dalvikvm( 3873): GC_CONCURRENT freed 93K, 15% free 552K/648K, paused 1ms+0ms, total 1ms
E/GmsClient( 2194): unable to connect to service: com.google.android.gms.auth.key.retrieval.service.START on com.google.android.gms
I/ChromeSync( 2194): [Persistence,AffiliationManager] One of affiliation or grouping data for android://KSmUCdTXmQS-j9D_O8l1jvyu41Pjn2mc5cb0Gvx1e9H1Aj4JCzHs_uTW26nbtH65K-YfijtBsQxGp-8R6k6HFg==@it.unina.android.ripper_service/ was not found. Marking affiliation data as stale...
I/PackageManager( 1570):   Action: "android.intent.action.SENDTO"
I/PackageManager( 1570):   Category: "android.intent.category.DEFAULT"
I/PackageManager( 1570):   Scheme: "mms"
W/ActivityManager( 1570): Unbind failed: could not find connection for android.os.BinderProxy@9dada4c0
I/PackageManager( 1570): Adding preferred activity ComponentInfo{com.android.mms/com.android.mms.ui.ComposeMessageActivity} for user 0 :
D/dalvikvm( 1810): GC_FOR_ALLOC freed 430K, 17% free 3663K/4384K, paused 2ms, total 2ms
I/PackageManager( 1570):   Action: "android.intent.action.SENDTO"
I/PackageManager( 1570):   Category: "android.intent.category.DEFAULT"
I/PackageManager( 1570):   Scheme: "mmsto"
I/PackageManager( 1570): Adding preferred activity ComponentInfo{com.android.mms/com.android.mms.ui.ComposeMessageActivity} for user 0 :
I/Icing   ( 2194): IndexChimeraService.getServiceInterface callingPackage=com.google.android.googlequicksearchbox componentName=null serviceId=21
W/Icing   ( 2194): No valid account for uploading user actions
I/Icing   ( 2194): Usage reports ok 0, Failed Usage reports 0, indexed 0, rejected 0
D/dalvikvm( 2194): GC_FOR_ALLOC freed 1976K, 12% free 21494K/24420K, paused 18ms, total 18ms
I/Icing   ( 2194): Indexing com.google.android.gms-apps from com.google.android.gms
I/Icing   ( 2194): Indexing com.google.android.googlequicksearchbox-applications from com.google.android.googlequicksearchbox
I/Icing   ( 2194): Indexing com.google.android.gms-internal.3p:MobileApplication from com.google.android.gms
I/Icing   ( 2194): Indexing done com.google.android.gms-apps
I/Icing   ( 2194): Indexing done com.google.android.googlequicksearchbox-applications
I/Icing   ( 2194): Indexing done com.google.android.gms-internal.3p:MobileApplication
D/AndroidRuntime( 3895): 
D/AndroidRuntime( 3895): >>>>>> AndroidRuntime START com.android.internal.os.RuntimeInit <<<<<<
W/linker  ( 3895): libdvm.so has text relocations. This is wasting memory and is a security risk. Please fix.
D/AndroidRuntime( 3895): CheckJNI is ON
D/dalvikvm( 3895): Trying to load lib libjavacore.so 0x0
D/dalvikvm( 3895): Added shared lib libjavacore.so 0x0
D/dalvikvm( 3895): Trying to load lib libnativehelper.so 0x0
D/dalvikvm( 3895): Added shared lib libnativehelper.so 0x0
D/dalvikvm( 3895): No JNI_OnLoad found in libnativehelper.so 0x0, skipping init
D/dalvikvm( 3895): Note: class Landroid/app/ActivityManagerNative; has 179 unimplemented (abstract) methods
E/memtrack( 3895): Couldn't load memtrack module (No such file or directory)
E/android.os.Debug( 3895): failed to load memtrack module: -2
D/AndroidRuntime( 3895): Calling main entry com.android.commands.pm.Pm
D/AndroidRuntime( 3895): Shutting down VM
D/dalvikvm( 3895): GC_CONCURRENT freed 92K, 15% free 547K/644K, paused 0ms+0ms, total 1ms
D/AndroidRuntime( 3907): 
D/AndroidRuntime( 3907): >>>>>> AndroidRuntime START com.android.internal.os.RuntimeInit <<<<<<
W/linker  ( 3907): libdvm.so has text relocations. This is wasting memory and is a security risk. Please fix.
D/AndroidRuntime( 3907): CheckJNI is ON
D/dalvikvm( 3907): Trying to load lib libjavacore.so 0x0
D/dalvikvm( 3907): Added shared lib libjavacore.so 0x0
D/dalvikvm( 3907): Trying to load lib libnativehelper.so 0x0
D/dalvikvm( 3907): Added shared lib libnativehelper.so 0x0
D/dalvikvm( 3907): No JNI_OnLoad found in libnativehelper.so 0x0, skipping init
D/dalvikvm( 3907): Note: class Landroid/app/ActivityManagerNative; has 179 unimplemented (abstract) methods
E/memtrack( 3907): Couldn't load memtrack module (No such file or directory)
E/android.os.Debug( 3907): failed to load memtrack module: -2
D/AndroidRuntime( 3907): Calling main entry com.android.commands.pm.Pm
D/AndroidRuntime( 3907): Shutting down VM
D/dalvikvm( 3907): GC_CONCURRENT freed 92K, 15% free 547K/644K, paused 1ms+0ms, total 1ms
D/AndroidRuntime( 3918): 
D/AndroidRuntime( 3918): >>>>>> AndroidRuntime START com.android.internal.os.RuntimeInit <<<<<<
W/linker  ( 3918): libdvm.so has text relocations. This is wasting memory and is a security risk. Please fix.
D/AndroidRuntime( 3918): CheckJNI is ON
D/dalvikvm( 3918): Trying to load lib libjavacore.so 0x0
D/dalvikvm( 3918): Added shared lib libjavacore.so 0x0
D/dalvikvm( 3918): Trying to load lib libnativehelper.so 0x0
D/dalvikvm( 3918): Added shared lib libnativehelper.so 0x0
D/dalvikvm( 3918): No JNI_OnLoad found in libnativehelper.so 0x0, skipping init
D/dalvikvm( 3918): Note: class Landroid/app/ActivityManagerNative; has 179 unimplemented (abstract) methods
E/memtrack( 3918): Couldn't load memtrack module (No such file or directory)
E/android.os.Debug( 3918): failed to load memtrack module: -2
D/AndroidRuntime( 3918): Calling main entry com.android.commands.am.Am
D/AndroidRuntime( 3918): Shutting down VM
D/dalvikvm( 3918): GC_CONCURRENT freed 93K, 15% free 575K/672K, paused 0ms+0ms, total 0ms
I/ActivityManager( 1570): Start proc it.unina.android.ripper_service:android_ripper_service_process for service it.unina.android.ripper_service/.AndroidRipperService: pid=3929 uid=10062 gids={50062, 3003, 1028, 1015}
V/AndroidRipperService( 3929): onCreate()
V/SERVER  ( 3929): Starting ServerSocket on PORT 18888
V/SERVER  ( 3929): Started ServerSocket on PORT 18888
V/SERVER  ( 3929): Ready to accept connections on port: 18888
D/dalvikvm( 1857): GC_EXPLICIT freed 175K, 17% free 6447K/7696K, paused 0ms+0ms, total 6ms
D/AndroidRuntime( 3950): 
D/AndroidRuntime( 3950): >>>>>> AndroidRuntime START com.android.internal.os.RuntimeInit <<<<<<
W/linker  ( 3950): libdvm.so has text relocations. This is wasting memory and is a security risk. Please fix.
D/AndroidRuntime( 3950): CheckJNI is ON
D/dalvikvm( 3950): Trying to load lib libjavacore.so 0x0
D/dalvikvm( 3950): Added shared lib libjavacore.so 0x0
D/dalvikvm( 3950): Trying to load lib libnativehelper.so 0x0
D/dalvikvm( 3950): Added shared lib libnativehelper.so 0x0
D/dalvikvm( 3950): No JNI_OnLoad found in libnativehelper.so 0x0, skipping init
D/dalvikvm( 3950): Note: class Landroid/app/ActivityManagerNative; has 179 unimplemented (abstract) methods
E/memtrack( 3950): Couldn't load memtrack module (No such file or directory)
E/android.os.Debug( 3950): failed to load memtrack module: -2
D/AndroidRuntime( 3950): Calling main entry com.android.commands.input.Input
I/Input   ( 3950): injectKeyEvent: KeyEvent { action=ACTION_DOWN, keyCode=KEYCODE_MENU, scanCode=0, metaState=0, flags=0x0, repeatCount=0, eventTime=108397, downTime=108397, deviceId=-1, source=0x101 }
I/Input   ( 3950): injectKeyEvent: KeyEvent { action=ACTION_UP, keyCode=KEYCODE_MENU, scanCode=0, metaState=0, flags=0x0, repeatCount=0, eventTime=108397, downTime=108397, deviceId=-1, source=0x101 }
D/AndroidRuntime( 3950): Shutting down VM
W/dalvikvm( 3521): method Landroidx/appcompat/widget/DropDownListView;.lookForSelectablePosition incorrectly overrides package-private method with same name in Landroid/widget/ListView;
I/dalvikvm( 3521): Could not find method android.widget.PopupWindow.setEnterTransition, referenced from method androidx.appcompat.widget.MenuPopupWindow.setEnterTransition
W/dalvikvm( 3521): VFY: unable to resolve virtual method 4044: Landroid/widget/PopupWindow;.setEnterTransition (Landroid/transition/Transition;)V
D/dalvikvm( 3521): VFY: replacing opcode 0x6e at 0x000a
I/dalvikvm( 3521): Could not find method android.widget.PopupWindow.setExitTransition, referenced from method androidx.appcompat.widget.MenuPopupWindow.setExitTransition
W/dalvikvm( 3521): VFY: unable to resolve virtual method 4046: Landroid/widget/PopupWindow;.setExitTransition (Landroid/transition/Transition;)V
D/dalvikvm( 3521): VFY: replacing opcode 0x6e at 0x000a
I/dalvikvm( 3521): Could not find method android.widget.PopupWindow.setIsClippedToScreen, referenced from method androidx.appcompat.widget.ListPopupWindow.setPopupClipToScreenEnabled
W/dalvikvm( 3521): VFY: unable to resolve virtual method 4050: Landroid/widget/PopupWindow;.setIsClippedToScreen (Z)V
D/dalvikvm( 3521): VFY: replacing opcode 0x6e at 0x0024
I/dalvikvm( 3521): Could not find method android.widget.PopupWindow.setEpicenterBounds, referenced from method androidx.appcompat.widget.ListPopupWindow.show
W/dalvikvm( 3521): VFY: unable to resolve virtual method 4045: Landroid/widget/PopupWindow;.setEpicenterBounds (Landroid/graphics/Rect;)V
D/dalvikvm( 3521): VFY: replacing opcode 0x6e at 0x00fc
I/ListPopupWindow( 3521): Could not find method setEpicenterBounds(Rect) on PopupWindow. Oh well.
D/dalvikvm( 3950): GC_CONCURRENT freed 96K, 15% free 554K/652K, paused 0ms+0ms, total 1ms
I/dalvikvm( 3521): Could not find method androidx.appcompat.widget.DropDownListView.drawableHotspotChanged, referenced from method androidx.appcompat.widget.DropDownListView.setPressedItem
W/dalvikvm( 3521): VFY: unable to resolve virtual method 8308: Landroidx/appcompat/widget/DropDownListView;.drawableHotspotChanged (FF)V
D/dalvikvm( 3521): VFY: replacing opcode 0x6e at 0x0009
I/dalvikvm( 3521): Could not find method android.view.View.drawableHotspotChanged, referenced from method androidx.appcompat.widget.DropDownListView.setPressedItem
W/dalvikvm( 3521): VFY: unable to resolve virtual method 2532: Landroid/view/View;.drawableHotspotChanged (FF)V
D/dalvikvm( 3521): VFY: replacing opcode 0x6e at 0x0048
I/dalvikvm( 3521): Could not find method android.widget.PopupWindow.getOverlapAnchor, referenced from method androidx.core.widget.PopupWindowCompat.getOverlapAnchor
W/dalvikvm( 3521): VFY: unable to resolve virtual method 4035: Landroid/widget/PopupWindow;.getOverlapAnchor ()Z
D/dalvikvm( 3521): VFY: replacing opcode 0x6e at 0x0006
I/dalvikvm( 3521): Could not find method android.widget.PopupWindow.setOverlapAnchor, referenced from method androidx.core.widget.PopupWindowCompat.setOverlapAnchor
W/dalvikvm( 3521): VFY: unable to resolve virtual method 4053: Landroid/widget/PopupWindow;.setOverlapAnchor (Z)V
D/dalvikvm( 3521): VFY: replacing opcode 0x6e at 0x0006
D/EGL_emulation( 3521): eglMakeCurrent: 0xb97a88b0: ver 3 0
E/EGL_emulation( 3521): tid 3521: eglSurfaceAttrib(1199): error 0x3009 (EGL_BAD_MATCH)
W/HardwareRenderer( 3521): Backbuffer cannot be preserved
D/EGL_emulation( 3521): eglMakeCurrent: 0xb97a88b0: ver 3 0
D/AndroidRuntime( 3966): 
D/AndroidRuntime( 3966): >>>>>> AndroidRuntime START com.android.internal.os.RuntimeInit <<<<<<
W/linker  ( 3966): libdvm.so has text relocations. This is wasting memory and is a security risk. Please fix.
D/AndroidRuntime( 3966): CheckJNI is ON
D/dalvikvm( 3966): Trying to load lib libjavacore.so 0x0
D/dalvikvm( 3966): Added shared lib libjavacore.so 0x0
D/dalvikvm( 3966): Trying to load lib libnativehelper.so 0x0
D/dalvikvm( 3966): Added shared lib libnativehelper.so 0x0
D/dalvikvm( 3966): No JNI_OnLoad found in libnativehelper.so 0x0, skipping init
D/dalvikvm( 3966): Note: class Landroid/app/ActivityManagerNative; has 179 unimplemented (abstract) methods
E/memtrack( 3966): Couldn't load memtrack module (No such file or directory)
E/android.os.Debug( 3966): failed to load memtrack module: -2
D/AndroidRuntime( 3966): Calling main entry com.android.commands.pm.Pm
W/ActivityManager( 1570): No content provider found for permission revoke: file:///sdcard/aut.apk
W/ActivityManager( 1570): No content provider found for permission revoke: file:///sdcard/aut.apk
I/PackageManager( 1570): Copying native libraries to /data/app-lib/vmdl2064456706
D/dalvikvm( 1570): GC_FOR_ALLOC freed 1567K, 40% free 10137K/16748K, paused 8ms, total 8ms
I/PackageManager( 1570): Running dexopt on: de.k3b.android.locationMapViewer
W/linker  ( 3977): libdvm.so has text relocations. This is wasting memory and is a security risk. Please fix.
D/dalvikvm( 3977): DexOpt: load 3ms, verify+opt 17ms, 1013796 bytes
I/ActivityManager( 1570): Force stopping de.k3b.android.locationMapViewer appid=10063 user=-1: update pkg
D/Documents( 3321): Used cached roots for com.android.providers.downloads.documents
D/Documents( 3321): Used cached roots for com.android.externalstorage.documents
D/Documents( 3321): Used cached roots for com.android.providers.media.documents
D/Documents( 3321): Update found 6 roots in 1ms
W/Launcher.Model( 2717): Nobody to tell about the new app.  Launcher is probably loading.
I/Launcher( 1952): Deferring update until onResume
I/InputReader( 1570): Reconfiguring input devices.  changes=0x00000010
I/Launcher( 1952): Deferring update until onResume
D/dalvikvm( 1570): GC_EXPLICIT freed 1794K, 40% free 10135K/16748K, paused 12ms+0ms, total 21ms
D/dalvikvm( 1570): WAIT_FOR_CONCURRENT_GC blocked 10ms
D/dalvikvm( 1570): WAIT_FOR_CONCURRENT_GC blocked 9ms
D/dalvikvm( 1570): WAIT_FOR_CONCURRENT_GC blocked 9ms
D/dalvikvm( 1570): WAIT_FOR_CONCURRENT_GC blocked 11ms
D/dalvikvm( 1570): WAIT_FOR_CONCURRENT_GC blocked 10ms
W/GCM     ( 1790): Unexpected forwarded intent: Intent { act=android.intent.action.PACKAGE_ADDED dat=package:de.k3b.android.locationMapViewer flg=0x4000010 cmp=com.google.android.gms/.chimera.PersistentIntentOperationService (has extras) }
W/GCM     ( 1790): Unexpected forwarded intent: Intent { act=android.intent.action.PACKAGE_ADDED dat=package:de.k3b.android.locationMapViewer flg=0x4000010 cmp=com.google.android.gms/.chimera.PersistentIntentOperationService (has extras) }
I/Auth    ( 2194): [SupervisedAccountIntentOperation] onHandleIntent(): android.intent.action.PACKAGE_ADDED
I/PackageManager( 1570):   Action: "android.intent.action.SENDTO"
I/PackageManager( 1570):   Category: "android.intent.category.DEFAULT"
I/PackageManager( 1570):   Scheme: "sms"
D/BackupManagerService( 1570): Received broadcast Intent { act=android.intent.action.PACKAGE_ADDED dat=package:de.k3b.android.locationMapViewer flg=0x4000010 (has extras) }
V/BackupManagerService( 1570): addPackageParticipantsLocked: #1
I/PackageManager( 1570): Adding preferred activity ComponentInfo{com.android.mms/com.android.mms.ui.ComposeMessageActivity} for user 0 :
D/AndroidRuntime( 3966): Shutting down VM
I/Icing.InternalIcingCorporaProvider( 2459): Updating corpora: A: de.k3b.android.locationMapViewer, C: MAYBE
D/dalvikvm( 3966): GC_CONCURRENT freed 93K, 15% free 552K/648K, paused 0ms+0ms, total 1ms
I/ChromeSync( 2194): [Sync,SyncIntentOperation] Handling the intent: Intent { act=android.intent.action.PACKAGE_ADDED dat=package:de.k3b.android.locationMapViewer flg=0x4000010 cmp=com.google.android.gms/.chimera.GmsIntentOperationService (has extras) }.
I/FontLog ( 2194): Package de.k3b.android.locationMapViewer has no metadata [CONTEXT service_id=132 ]
I/PackageManager( 1570):   Action: "android.intent.action.SENDTO"
I/PackageManager( 1570):   Category: "android.intent.category.DEFAULT"
I/PackageManager( 1570):   Scheme: "smsto"
E/GmsClient( 2194): unable to connect to service: com.google.android.gms.auth.key.retrieval.service.START on com.google.android.gms
W/ActivityManager( 1570): Unable to start service Intent { act=com.google.android.gms.auth.key.retrieval.service.START pkg=com.google.android.gms } U=0: not found
I/PackageManager( 1570): Adding preferred activity ComponentInfo{com.android.mms/com.android.mms.ui.ComposeMessageActivity} for user 0 :
W/ActivityManager( 1570): Unbind failed: could not find connection for android.os.BinderProxy@9d28b2f0
I/ChromeSync( 2194): [Persistence,AffiliationManager] One of affiliation or grouping data for android://KSmUCdTXmQS-j9D_O8l1jvyu41Pjn2mc5cb0Gvx1e9H1Aj4JCzHs_uTW26nbtH65K-YfijtBsQxGp-8R6k6HFg==@de.k3b.android.locationMapViewer/ was not found. Marking affiliation data as stale...
I/PackageManager( 1570):   Action: "android.intent.action.SENDTO"
I/PackageManager( 1570):   Category: "android.intent.category.DEFAULT"
I/PackageManager( 1570):   Scheme: "mms"
I/PackageManager( 1570): Adding preferred activity ComponentInfo{com.android.mms/com.android.mms.ui.ComposeMessageActivity} for user 0 :
I/Icing   ( 2194): IndexChimeraService.getServiceInterface callingPackage=com.google.android.googlequicksearchbox componentName=null serviceId=21
D/dalvikvm( 1810): GC_FOR_ALLOC freed 439K, 17% free 3666K/4384K, paused 3ms, total 4ms
I/PackageManager( 1570):   Action: "android.intent.action.SENDTO"
I/PackageManager( 1570):   Category: "android.intent.category.DEFAULT"
I/PackageManager( 1570):   Scheme: "mmsto"
I/PackageManager( 1570): Adding preferred activity ComponentInfo{com.android.mms/com.android.mms.ui.ComposeMessageActivity} for user 0 :
W/Icing   ( 2194): No valid account for uploading user actions
I/PackageManager( 1570):   Action: "android.intent.action.SENDTO"
I/PackageManager( 1570):   Category: "android.intent.category.DEFAULT"
I/PackageManager( 1570):   Scheme: "sms"
I/Icing   ( 2194): Usage reports ok 0, Failed Usage reports 0, indexed 0, rejected 0
I/PackageManager( 1570): Adding preferred activity ComponentInfo{com.android.mms/com.android.mms.ui.ComposeMessageActivity} for user 0 :
I/PackageManager( 1570):   Action: "android.intent.action.SENDTO"
I/PackageManager( 1570):   Category: "android.intent.category.DEFAULT"
I/PackageManager( 1570):   Scheme: "smsto"
I/PackageManager( 1570):   Action: "android.intent.action.SENDTO"
I/PackageManager( 1570):   Category: "android.intent.category.DEFAULT"
I/PackageManager( 1570):   Scheme: "mms"
I/Icing   ( 2194): Indexing com.google.android.googlequicksearchbox-applications from com.google.android.googlequicksearchbox
I/PackageManager( 1570): Adding preferred activity ComponentInfo{com.android.mms/com.android.mms.ui.ComposeMessageActivity} for user 0 :
I/PackageManager( 1570): Adding preferred activity ComponentInfo{com.android.mms/com.android.mms.ui.ComposeMessageActivity} for user 0 :
D/dalvikvm( 1810): GC_FOR_ALLOC freed 429K, 17% free 3665K/4384K, paused 3ms, total 3ms
I/PackageManager( 1570):   Action: "android.intent.action.SENDTO"
I/PackageManager( 1570):   Category: "android.intent.category.DEFAULT"
I/PackageManager( 1570):   Scheme: "mmsto"
I/PackageManager( 1570): Adding preferred activity ComponentInfo{com.android.mms/com.android.mms.ui.ComposeMessageActivity} for user 0 :
I/Icing   ( 2194): Indexing done com.google.android.googlequicksearchbox-applications
I/Icing   ( 2194): Indexing com.google.android.gms-apps from com.google.android.gms
I/Icing   ( 2194): Indexing com.google.android.gms-internal.3p:MobileApplication from com.google.android.gms
I/Icing   ( 2194): Indexing done com.google.android.gms-apps
I/Icing   ( 2194): Indexing done com.google.android.gms-internal.3p:MobileApplication
D/AndroidRuntime( 3987): 
D/AndroidRuntime( 3987): >>>>>> AndroidRuntime START com.android.internal.os.RuntimeInit <<<<<<
W/linker  ( 3987): libdvm.so has text relocations. This is wasting memory and is a security risk. Please fix.
D/AndroidRuntime( 3987): CheckJNI is ON
D/dalvikvm( 3987): Trying to load lib libjavacore.so 0x0
D/dalvikvm( 3987): Added shared lib libjavacore.so 0x0
D/dalvikvm( 3987): Trying to load lib libnativehelper.so 0x0
D/dalvikvm( 3987): Added shared lib libnativehelper.so 0x0
D/dalvikvm( 3987): No JNI_OnLoad found in libnativehelper.so 0x0, skipping init
D/dalvikvm( 3987): Note: class Landroid/app/ActivityManagerNative; has 179 unimplemented (abstract) methods
E/memtrack( 3987): Couldn't load memtrack module (No such file or directory)
E/android.os.Debug( 3987): failed to load memtrack module: -2
D/AndroidRuntime( 3987): Calling main entry com.android.commands.pm.Pm
W/ActivityManager( 1570): No content provider found for permission revoke: file:///sdcard/ripper.apk
W/ActivityManager( 1570): No content provider found for permission revoke: file:///sdcard/ripper.apk
I/PackageManager( 1570): Copying native libraries to /data/app-lib/vmdl1204492667
I/PackageParser( 1570): it.unina.android.ripper: compat added android.permission.WRITE_EXTERNAL_STORAGE android.permission.READ_PHONE_STATE
D/dalvikvm( 1570): GC_FOR_ALLOC freed 1971K, 41% free 9940K/16748K, paused 7ms, total 7ms
I/PackageManager( 1570): Running dexopt on: it.unina.android.ripper
W/linker  ( 3998): libdvm.so has text relocations. This is wasting memory and is a security risk. Please fix.
D/dalvikvm( 3998): DexOpt: load 2ms, verify+opt 17ms, 936700 bytes
I/ActivityManager( 1570): Force stopping it.unina.android.ripper appid=10064 user=-1: update pkg
W/Launcher.Model( 2717): Nobody to tell about the new app.  Launcher is probably loading.
I/Launcher( 1952): Deferring update until onResume
D/Documents( 3321): Used cached roots for com.android.providers.downloads.documents
D/Documents( 3321): Used cached roots for com.android.externalstorage.documents
D/Documents( 3321): Used cached roots for com.android.providers.media.documents
D/Documents( 3321): Update found 6 roots in 2ms
I/PackageManager( 1570):   Action: "android.intent.action.SENDTO"
I/PackageManager( 1570):   Category: "android.intent.category.DEFAULT"
I/PackageManager( 1570):   Scheme: "sms"
I/InputReader( 1570): Reconfiguring input devices.  changes=0x00000010
I/PackageManager( 1570): Adding preferred activity ComponentInfo{com.android.mms/com.android.mms.ui.ComposeMessageActivity} for user 0 :
I/PackageManager( 1570):   Action: "android.intent.action.SENDTO"
I/PackageManager( 1570):   Category: "android.intent.category.DEFAULT"
I/PackageManager( 1570):   Scheme: "smsto"
I/PackageManager( 1570): Adding preferred activity ComponentInfo{com.android.mms/com.android.mms.ui.ComposeMessageActivity} for user 0 :
D/BackupManagerService( 1570): Received broadcast Intent { act=android.intent.action.PACKAGE_ADDED dat=package:it.unina.android.ripper flg=0x4000010 (has extras) }
I/PackageManager( 1570):   Action: "android.intent.action.SENDTO"
I/PackageManager( 1570):   Category: "android.intent.category.DEFAULT"
I/PackageManager( 1570):   Scheme: "mms"
I/Auth    ( 2194): [SupervisedAccountIntentOperation] onHandleIntent(): android.intent.action.PACKAGE_ADDED
I/ChromeSync( 2194): [Sync,SyncIntentOperation] Handling the intent: Intent { act=android.intent.action.PACKAGE_ADDED dat=package:it.unina.android.ripper flg=0x4000010 cmp=com.google.android.gms/.chimera.GmsIntentOperationService (has extras) }.
W/GCM     ( 1790): Unexpected forwarded intent: Intent { act=android.intent.action.PACKAGE_ADDED dat=package:it.unina.android.ripper flg=0x4000010 cmp=com.google.android.gms/.chimera.PersistentIntentOperationService (has extras) }
W/GCM     ( 1790): Unexpected forwarded intent: Intent { act=android.intent.action.PACKAGE_ADDED dat=package:it.unina.android.ripper flg=0x4000010 cmp=com.google.android.gms/.chimera.PersistentIntentOperationService (has extras) }
I/Icing.InternalIcingCorporaProvider( 2459): Updating corpora: A: it.unina.android.ripper, C: MAYBE
V/BackupManagerService( 1570): addPackageParticipantsLocked: #1
I/PackageManager( 1570): Adding preferred activity ComponentInfo{com.android.mms/com.android.mms.ui.ComposeMessageActivity} for user 0 :
I/FontLog ( 2194): Package it.unina.android.ripper has no metadata [CONTEXT service_id=132 ]
D/dalvikvm( 1810): GC_FOR_ALLOC freed 438K, 17% free 3666K/4384K, paused 2ms, total 3ms
I/PackageManager( 1570):   Action: "android.intent.action.SENDTO"
I/PackageManager( 1570):   Category: "android.intent.category.DEFAULT"
I/PackageManager( 1570):   Scheme: "mmsto"
I/PackageManager( 1570): Adding preferred activity ComponentInfo{com.android.mms/com.android.mms.ui.ComposeMessageActivity} for user 0 :
I/PackageManager( 1570):   Action: "android.intent.action.SENDTO"
I/PackageManager( 1570):   Category: "android.intent.category.DEFAULT"
I/PackageManager( 1570):   Scheme: "sms"
I/PackageManager( 1570):   Action: "android.intent.action.SENDTO"
I/PackageManager( 1570):   Category: "android.intent.category.DEFAULT"
I/PackageManager( 1570):   Scheme: "smsto"
I/ChromeSync( 2194): [Persistence,AffiliationManager] One of affiliation or grouping data for android://KSmUCdTXmQS-j9D_O8l1jvyu41Pjn2mc5cb0Gvx1e9H1Aj4JCzHs_uTW26nbtH65K-YfijtBsQxGp-8R6k6HFg==@it.unina.android.ripper/ was not found. Marking affiliation data as stale...
I/PackageManager( 1570): Adding preferred activity ComponentInfo{com.android.mms/com.android.mms.ui.ComposeMessageActivity} for user 0 :
I/PackageManager( 1570): Adding preferred activity ComponentInfo{com.android.mms/com.android.mms.ui.ComposeMessageActivity} for user 0 :
I/Icing   ( 2194): IndexChimeraService.getServiceInterface callingPackage=com.google.android.googlequicksearchbox componentName=null serviceId=21
I/PackageManager( 1570):   Action: "android.intent.action.SENDTO"
I/PackageManager( 1570):   Category: "android.intent.category.DEFAULT"
I/PackageManager( 1570):   Scheme: "mms"
D/dalvikvm( 1570): GC_EXPLICIT freed 1461K, 40% free 10195K/16748K, paused 2ms+1ms, total 71ms
D/AndroidRuntime( 3987): Shutting down VM
I/PackageManager( 1570): Adding preferred activity ComponentInfo{com.android.mms/com.android.mms.ui.ComposeMessageActivity} for user 0 :
D/dalvikvm( 3987): GC_CONCURRENT freed 93K, 15% free 552K/648K, paused 0ms+0ms, total 1ms
D/dalvikvm( 1810): GC_FOR_ALLOC freed 429K, 17% free 3665K/4384K, paused 2ms, total 3ms
I/PackageManager( 1570):   Action: "android.intent.action.SENDTO"
I/PackageManager( 1570):   Category: "android.intent.category.DEFAULT"
I/PackageManager( 1570):   Scheme: "mmsto"
I/PackageManager( 1570): Adding preferred activity ComponentInfo{com.android.mms/com.android.mms.ui.ComposeMessageActivity} for user 0 :
D/dalvikvm( 2194): GC_FOR_ALLOC freed 1969K, 12% free 21573K/24420K, paused 30ms, total 31ms
W/Icing.InternalIcingCorporaProvider( 2459): Application table change notification failed.
W/Icing   ( 2194): No valid account for uploading user actions
I/Icing   ( 2194): Usage reports ok 0, Failed Usage reports 0, indexed 0, rejected 0
I/Icing   ( 2194): Indexing com.google.android.gms-apps from com.google.android.gms
I/Icing   ( 2194): Indexing done com.google.android.gms-apps
D/EGL_emulation( 3521): eglMakeCurrent: 0xb97a88b0: ver 3 0
D/AndroidRuntime( 4006): 
D/AndroidRuntime( 4006): >>>>>> AndroidRuntime START com.android.internal.os.RuntimeInit <<<<<<
W/linker  ( 4006): libdvm.so has text relocations. This is wasting memory and is a security risk. Please fix.
D/AndroidRuntime( 4006): CheckJNI is ON
D/AndroidRuntime( 4008): 
D/AndroidRuntime( 4008): >>>>>> AndroidRuntime START com.android.internal.os.RuntimeInit <<<<<<
W/linker  ( 4008): libdvm.so has text relocations. This is wasting memory and is a security risk. Please fix.
D/AndroidRuntime( 4008): CheckJNI is ON
D/dalvikvm( 4006): Trying to load lib libjavacore.so 0x0
D/dalvikvm( 4006): Added shared lib libjavacore.so 0x0
D/dalvikvm( 4008): Trying to load lib libjavacore.so 0x0
D/dalvikvm( 4006): Trying to load lib libnativehelper.so 0x0
D/dalvikvm( 4006): Added shared lib libnativehelper.so 0x0
D/dalvikvm( 4006): No JNI_OnLoad found in libnativehelper.so 0x0, skipping init
D/dalvikvm( 4008): Added shared lib libjavacore.so 0x0
D/dalvikvm( 4008): Trying to load lib libnativehelper.so 0x0
D/dalvikvm( 4008): Added shared lib libnativehelper.so 0x0
D/dalvikvm( 4008): No JNI_OnLoad found in libnativehelper.so 0x0, skipping init
D/dalvikvm( 4006): Note: class Landroid/app/ActivityManagerNative; has 179 unimplemented (abstract) methods
D/dalvikvm( 4008): Note: class Landroid/app/ActivityManagerNative; has 179 unimplemented (abstract) methods
E/memtrack( 4008): Couldn't load memtrack module (No such file or directory)
E/android.os.Debug( 4008): failed to load memtrack module: -2
E/memtrack( 4006): Couldn't load memtrack module (No such file or directory)
E/android.os.Debug( 4006): failed to load memtrack module: -2
D/EGL_emulation( 3521): eglMakeCurrent: 0xb97a88b0: ver 3 0
D/AndroidRuntime( 4008): Calling main entry com.android.commands.am.Am
D/AndroidRuntime( 4006): Calling main entry com.android.commands.am.Am
W/InputDispatcher( 1570): channel '9d64ace0 de.hauke_stieler.geonotes/de.hauke_stieler.geonotes.MainActivity (server)' ~ Consumer closed input channel or an error occurred.  events=0x9
E/InputDispatcher( 1570): channel '9d64ace0 de.hauke_stieler.geonotes/de.hauke_stieler.geonotes.MainActivity (server)' ~ Channel is unrecoverably broken and will be disposed!
W/InputDispatcher( 1570): Attempted to unregister already unregistered input channel '9d64ace0 de.hauke_stieler.geonotes/de.hauke_stieler.geonotes.MainActivity (server)'
I/ActivityManager( 1570): Force stopping de.hauke_stieler.geonotes appid=10060 user=0: from pid 4006
I/ActivityManager( 1570): Killing 3521:de.hauke_stieler.geonotes/u0a60 (adj 0): stop de.hauke_stieler.geonotes
W/ActivityManager( 1570): Force removing ActivityRecord{9d877728 u0 de.hauke_stieler.geonotes/.MainActivity t6}: app died, no saved state
I/WindowState( 1570): WIN DEATH: Window{9d64ace0 u0 de.hauke_stieler.geonotes/de.hauke_stieler.geonotes.MainActivity}
W/WindowManager( 1570): Force-removing child win Window{9d172638 u0 PopupWindow:9d04ecc0} from container Window{9d64ace0 u0 de.hauke_stieler.geonotes/de.hauke_stieler.geonotes.MainActivity}
D/AndroidRuntime( 4006): Shutting down VM
W/WindowManager( 1570): Failed looking up window
W/WindowManager( 1570): java.lang.IllegalArgumentException: Requested window android.os.BinderProxy@9d163e18 does not exist
W/WindowManager( 1570): 	at com.android.server.wm.WindowManagerService.windowForClientLocked(WindowManagerService.java:7923)
W/WindowManager( 1570): 	at com.android.server.wm.WindowManagerService.windowForClientLocked(WindowManagerService.java:7914)
W/WindowManager( 1570): 	at com.android.server.wm.WindowState$DeathRecipient.binderDied(WindowState.java:1047)
W/WindowManager( 1570): 	at android.os.BinderProxy.sendDeathNotice(Binder.java:493)
W/WindowManager( 1570): 	at dalvik.system.NativeStart.run(Native Method)
I/WindowState( 1570): WIN DEATH: null
W/ActivityManager( 1570): Crash of app de.hauke_stieler.geonotes running instrumentation ComponentInfo{it.unina.android.ripper/android.test.InstrumentationTestRunner}
I/ActivityManager( 1570): Force stopping de.hauke_stieler.geonotes appid=10060 user=0: finished inst
I/ActivityManager( 1570): Force stopping de.k3b.android.locationMapViewer appid=10063 user=0: start instr
D/dalvikvm( 4006): GC_CONCURRENT freed 91K, 15% free 544K/640K, paused 1ms+0ms, total 1ms
D/EGL_emulation( 1952): eglMakeCurrent: 0xb97c2380: ver 3 0
I/ActivityManager( 1570): Start proc de.k3b.android.locationMapViewer for added application de.k3b.android.locationMapViewer: pid=4029 uid=10063 gids={50063, 3003, 1028, 1015}
I/dalvikvm( 4029): Could not find method android.content.res.Resources.getDrawable, referenced from method de.k3b.android.locationMapViewer.LocationMapViewer.getDrawableEx
W/dalvikvm( 4029): VFY: unable to resolve virtual method 134: Landroid/content/res/Resources;.getDrawable (ILandroid/content/res/Resources$Theme;)Landroid/graphics/drawable/Drawable;
D/dalvikvm( 4029): VFY: replacing opcode 0x6e at 0x000c
I/dalvikvm( 4029): Could not find method android.app.Activity.onRequestPermissionsResult, referenced from method de.k3b.android.widgets.FilePermissionActivity.onRequestPermissionsResult
W/dalvikvm( 4029): VFY: unable to resolve virtual method 39: Landroid/app/Activity;.onRequestPermissionsResult (I[Ljava/lang/String;[I)V
D/dalvikvm( 4029): VFY: replacing opcode 0x6f at 0x0008
D/EGL_emulation( 1952): eglMakeCurrent: 0xb97c2380: ver 3 0
E/EGL_emulation( 1952): tid 1952: eglSurfaceAttrib(1199): error 0x3009 (EGL_BAD_MATCH)
W/HardwareRenderer( 1952): Backbuffer cannot be preserved
W/Binder  ( 1776): Caught a RuntimeException from the binder stub implementation.
W/Binder  ( 1776): java.lang.NullPointerException
W/Binder  ( 1776): 	at android.inputmethodservice.IInputMethodWrapper.setSessionEnabled(IInputMethodWrapper.java:280)
W/Binder  ( 1776): 	at com.android.internal.view.IInputMethod$Stub.onTransact(IInputMethod.java:129)
W/Binder  ( 1776): 	at android.os.Binder.execTransact(Binder.java:404)
W/Binder  ( 1776): 	at dalvik.system.NativeStart.run(Native Method)
D/dalvikvm( 4029): GC_CONCURRENT freed 292K, 14% free 3199K/3684K, paused 1ms+0ms, total 3ms
D/dalvikvm( 4029): WAIT_FOR_CONCURRENT_GC blocked 1ms
W/InputMethodManagerService( 1570): Got RemoteException sending setActive(false) notification to pid 3521 uid 10060
D/dalvikvm( 4029): GC_CONCURRENT freed 212K, 11% free 3376K/3776K, paused 0ms+0ms, total 2ms
D/dalvikvm( 1952): GC_FOR_ALLOC freed 588K, 35% free 17877K/27124K, paused 3ms, total 3ms
I/dalvikvm-heap( 1952): Grow heap (frag case) to 24.759MB for 7464972-byte allocation
D/dalvikvm( 1952): GC_FOR_ALLOC freed 1K, 8% free 25166K/27124K, paused 4ms, total 4ms
I/TestRunner( 4029): started: testApplication(it.unina.android.ripper.RipperTestCase)
V/AndroidRipperService( 3929): onBind()
V/AndroidRipperService( 3929): onBind()
V/AndroidRipperService( 3929): register()
I/ActivityManager( 1570): START u0 {act=android.intent.action.MAIN flg=0x10000000 cmp=de.k3b.android.locationMapViewer/.LocationMapViewer} from pid 4029
D/gralloc_ranchu( 1145): gralloc_alloc: Creating ashmem region of size 7753728
D/dalvikvm( 4029): GC_CONCURRENT freed 273K, 12% free 3540K/4004K, paused 2ms+2ms, total 7ms
I/dalvikvm( 4029): Failed resolving Landroidx/drawerlayout/widget/DrawerLayout$2; interface 205 'Landroid/view/View$OnApplyWindowInsetsListener;'
