I/PTCommittedOperation( 1790): Receive new configuration for org.chromium.net.cronet
I/Auth    ( 1790): [AuthManaged,PasswordComplexityHelperImpl] Updating password complexity components state.
I/Auth    ( 1790): [AuthManaged,PasswordComplexityHelperImpl] Disabling com.google.android.gms.auth.managed.admin.DeviceAdminReceiver
I/Auth    ( 1790): [AuthManaged,PasswordComplexityHelperImpl] Disabling com.google.android.gms.auth.managed.ui.SetNewPasswordActivity
I/PTCommittedOperation( 1790): Receive new configuration for com.google.android.gms.auth_api_phone
I/PTCommittedOperation( 1790): Receive new configuration for com.google.android.gms.auth_api_proxy
I/ChromeSync( 2196): [Sync,SyncIntentOperation] Handling the intent: Intent { act=com.google.android.gms.phenotype.COMMITTED flg=0x10 pkg=com.google.android.gms cmp=com.google.android.gms/.chimera.GmsIntentOperationService (has extras) }.
I/MdiSyncModule( 2196): flag handling is skipping irrelevant intent.
W/ModuleInitIntentOp( 2196): Dropping unexpected action com.google.android.gms.phenotype.COMMITTED
I/Auth    ( 1790): [AuthManaged,PasswordComplexityHelperImpl] Updating password complexity components state.
I/Auth    ( 1790): [AuthManaged,PasswordComplexityHelperImpl] Disabling com.google.android.gms.auth.managed.admin.DeviceAdminReceiver
I/Auth    ( 1790): [AuthManaged,PasswordComplexityHelperImpl] Disabling com.google.android.gms.auth.managed.ui.SetNewPasswordActivity
I/PTCommittedOperation( 1790): Receive new configuration for com.google.android.gms.reminders
I/ChromeSync( 2196): [Sync,SyncIntentOperation] Handling the intent: Intent { act=com.google.android.gms.phenotype.COMMITTED flg=0x10 pkg=com.google.android.gms cmp=com.google.android.gms/.chimera.GmsIntentOperationService (has extras) }.
W/ModuleInitIntentOp( 2196): Dropping unexpected action com.google.android.gms.phenotype.COMMITTED
I/MdiSyncModule( 2196): flag handling is skipping irrelevant intent.
I/PTCommittedOperation( 1790): Receive new configuration for com.google.android.client_error_logging
I/Auth    ( 1790): [AuthManaged,PasswordComplexityHelperImpl] Updating password complexity components state.
I/Auth    ( 1790): [AuthManaged,PasswordComplexityHelperImpl] Disabling com.google.android.gms.auth.managed.admin.DeviceAdminReceiver
I/Auth    ( 1790): [AuthManaged,PasswordComplexityHelperImpl] Disabling com.google.android.gms.auth.managed.ui.SetNewPasswordActivity
I/ChromeSync( 2196): [Sync,SyncIntentOperation] Handling the intent: Intent { act=com.google.android.gms.phenotype.COMMITTED flg=0x10 pkg=com.google.android.gms cmp=com.google.android.gms/.chimera.GmsIntentOperationService (has extras) }.
I/MdiSyncModule( 2196): flag handling is skipping irrelevant intent.
W/ModuleInitIntentOp( 2196): Dropping unexpected action com.google.android.gms.phenotype.COMMITTED
I/Auth    ( 1790): [AuthManaged,PasswordComplexityHelperImpl] Updating password complexity components state.
I/Auth    ( 1790): [AuthManaged,PasswordComplexityHelperImpl] Disabling com.google.android.gms.auth.managed.admin.DeviceAdminReceiver
I/Auth    ( 1790): [AuthManaged,PasswordComplexityHelperImpl] Disabling com.google.android.gms.auth.managed.ui.SetNewPasswordActivity
I/PTCommittedOperation( 1790): Receive new configuration for com.google.android.gms.romanesco
I/ChromeSync( 2196): [Sync,SyncIntentOperation] Handling the intent: Intent { act=com.google.android.gms.phenotype.COMMITTED flg=0x10 pkg=com.google.android.gms cmp=com.google.android.gms/.chimera.GmsIntentOperationService (has extras) }.
I/MdiSyncModule( 2196): flag handling is skipping irrelevant intent.
D/dalvikvm( 1790): GC_FOR_ALLOC freed 2120K, 27% free 9383K/12800K, paused 8ms, total 8ms
I/PTCommittedOperation( 1790): Receive new configuration for com.google.android.gms.platformconfigurator
I/Auth    ( 1790): [AuthManaged,PasswordComplexityHelperImpl] Updating password complexity components state.
I/Auth    ( 1790): [AuthManaged,PasswordComplexityHelperImpl] Disabling com.google.android.gms.auth.managed.admin.DeviceAdminReceiver
I/Auth    ( 1790): [AuthManaged,PasswordComplexityHelperImpl] Disabling com.google.android.gms.auth.managed.ui.SetNewPasswordActivity
I/ChromeSync( 2196): [Sync,SyncIntentOperation] Handling the intent: Intent { act=com.google.android.gms.phenotype.COMMITTED flg=0x10 pkg=com.google.android.gms cmp=com.google.android.gms/.chimera.GmsIntentOperationService (has extras) }.
I/MdiSyncModule( 2196): flag handling is skipping irrelevant intent.
W/ModuleInitIntentOp( 2196): Dropping unexpected action com.google.android.gms.phenotype.COMMITTED
I/Auth    ( 1790): [AuthManaged,PasswordComplexityHelperImpl] Updating password complexity components state.
I/Auth    ( 1790): [AuthManaged,PasswordComplexityHelperImpl] Disabling com.google.android.gms.auth.managed.admin.DeviceAdminReceiver
I/Auth    ( 1790): [AuthManaged,PasswordComplexityHelperImpl] Disabling com.google.android.gms.auth.managed.ui.SetNewPasswordActivity
I/PTCommittedOperation( 1790): Receive new configuration for com.google.android.gms.accountsettings
D/dalvikvm( 1790): GC_FOR_ALLOC freed 1925K, 26% free 9505K/12800K, paused 10ms, total 10ms
I/Auth    ( 1790): [AuthManaged,PasswordComplexityHelperImpl] Updating password complexity components state.
I/Auth    ( 1790): [AuthManaged,PasswordComplexityHelperImpl] Disabling com.google.android.gms.auth.managed.admin.DeviceAdminReceiver
I/Auth    ( 1790): [AuthManaged,PasswordComplexityHelperImpl] Disabling com.google.android.gms.auth.managed.ui.SetNewPasswordActivity
I/PTCommittedOperation( 1790): Receive new configuration for com.google.android.gms.backup
I/ChromeSync( 2196): [Sync,SyncIntentOperation] Handling the intent: Intent { act=com.google.android.gms.phenotype.COMMITTED flg=0x10 pkg=com.google.android.gms cmp=com.google.android.gms/.chimera.GmsIntentOperationService (has extras) }.
I/MdiSyncModule( 2196): flag handling is skipping irrelevant intent.
W/ModuleInitIntentOp( 2196): Dropping unexpected action com.google.android.gms.phenotype.COMMITTED
I/ChromeSync( 2196): [Sync,SyncIntentOperation] Handling the intent: Intent { act=com.google.android.gms.phenotype.COMMITTED flg=0x10 pkg=com.google.android.gms cmp=com.google.android.gms/.chimera.GmsIntentOperationService (has extras) }.
I/MdiSyncModule( 2196): flag handling is skipping irrelevant intent.
W/ModuleInitIntentOp( 2196): Dropping unexpected action com.google.android.gms.phenotype.COMMITTED
I/Auth    ( 1790): [AuthManaged,PasswordComplexityHelperImpl] Updating password complexity components state.
I/Auth    ( 1790): [AuthManaged,PasswordComplexityHelperImpl] Disabling com.google.android.gms.auth.managed.admin.DeviceAdminReceiver
I/Auth    ( 1790): [AuthManaged,PasswordComplexityHelperImpl] Disabling com.google.android.gms.auth.managed.ui.SetNewPasswordActivity
I/PTCommittedOperation( 1790): Receive new configuration for com.google.android.gms.beacon
I/ChromeSync( 2196): [Sync,SyncIntentOperation] Handling the intent: Intent { act=com.google.android.gms.phenotype.COMMITTED flg=0x10 pkg=com.google.android.gms cmp=com.google.android.gms/.chimera.GmsIntentOperationService (has extras) }.
I/MdiSyncModule( 2196): flag handling is skipping irrelevant intent.
W/ModuleInitIntentOp( 2196): Dropping unexpected action com.google.android.gms.phenotype.COMMITTED
I/Auth    ( 1790): [AuthManaged,PasswordComplexityHelperImpl] Updating password complexity components state.
I/Auth    ( 1790): [AuthManaged,PasswordComplexityHelperImpl] Disabling com.google.android.gms.auth.managed.admin.DeviceAdminReceiver
I/Auth    ( 1790): [AuthManaged,PasswordComplexityHelperImpl] Disabling com.google.android.gms.auth.managed.ui.SetNewPasswordActivity
I/PTCommittedOperation( 1790): Receive new configuration for com.google.android.gms.auth_account
I/ChromeSync( 2196): [Sync,SyncIntentOperation] Handling the intent: Intent { act=com.google.android.gms.phenotype.COMMITTED flg=0x10 pkg=com.google.android.gms cmp=com.google.android.gms/.chimera.GmsIntentOperationService (has extras) }.
D/dalvikvm( 2196): GC_FOR_ALLOC freed 2212K, 22% free 11879K/15184K, paused 12ms, total 12ms
I/MdiSyncModule( 2196): flag handling is skipping irrelevant intent.
W/ModuleInitIntentOp( 2196): Dropping unexpected action com.google.android.gms.phenotype.COMMITTED
I/PTCommittedOperation( 1790): Receive new configuration for com.google.android.gms.family
I/Auth    ( 1790): [AuthManaged,PasswordComplexityHelperImpl] Updating password complexity components state.
I/Auth    ( 1790): [AuthManaged,PasswordComplexityHelperImpl] Disabling com.google.android.gms.auth.managed.admin.DeviceAdminReceiver
I/Auth    ( 1790): [AuthManaged,PasswordComplexityHelperImpl] Disabling com.google.android.gms.auth.managed.ui.SetNewPasswordActivity
I/ChromeSync( 2196): [Sync,SyncIntentOperation] Handling the intent: Intent { act=com.google.android.gms.phenotype.COMMITTED flg=0x10 pkg=com.google.android.gms cmp=com.google.android.gms/.chimera.GmsIntentOperationService (has extras) }.
W/ActivityManager( 1569): Unable to start service Intent { act=com.google.android.gms.auth.key.retrieval.service.START pkg=com.google.android.gms } U=0: not found
E/GmsClient( 2196): unable to connect to service: com.google.android.gms.auth.key.retrieval.service.START on com.google.android.gms
I/MdiSyncModule( 2196): flag handling is skipping irrelevant intent.
W/ModuleInitIntentOp( 2196): Dropping unexpected action com.google.android.gms.phenotype.COMMITTED
W/ActivityManager( 1569): Unbind failed: could not find connection for android.os.BinderProxy@9d2c5908
I/PTCommittedOperation( 1790): Receive new configuration for com.google.android.gms.smart_profile
D/dalvikvm( 1790): GC_FOR_ALLOC freed 2159K, 27% free 9394K/12800K, paused 9ms, total 9ms
I/ChromeSync( 2196): [Sync,SyncIntentOperation] Handling the intent: Intent { act=com.google.android.gms.phenotype.COMMITTED flg=0x10 pkg=com.google.android.gms cmp=com.google.android.gms/.chimera.GmsIntentOperationService (has extras) }.
I/Auth    ( 1790): [AuthManaged,PasswordComplexityHelperImpl] Updating password complexity components state.
I/Auth    ( 1790): [AuthManaged,PasswordComplexityHelperImpl] Disabling com.google.android.gms.auth.managed.admin.DeviceAdminReceiver
I/Auth    ( 1790): [AuthManaged,PasswordComplexityHelperImpl] Disabling com.google.android.gms.auth.managed.ui.SetNewPasswordActivity
I/PTCommittedOperation( 1790): Receive new configuration for com.google.android.location
I/MdiSyncModule( 2196): flag handling is skipping irrelevant intent.
W/ModuleInitIntentOp( 2196): Dropping unexpected action com.google.android.gms.phenotype.COMMITTED
I/Auth    ( 1790): [AuthManaged,PasswordComplexityHelperImpl] Updating password complexity components state.
I/Auth    ( 1790): [AuthManaged,PasswordComplexityHelperImpl] Disabling com.google.android.gms.auth.managed.admin.DeviceAdminReceiver
I/Auth    ( 1790): [AuthManaged,PasswordComplexityHelperImpl] Disabling com.google.android.gms.auth.managed.ui.SetNewPasswordActivity
I/ChromeSync( 2196): [Sync,SyncIntentOperation] Handling the intent: Intent { act=com.google.android.gms.phenotype.COMMITTED flg=0x10 pkg=com.google.android.gms cmp=com.google.android.gms/.chimera.GmsIntentOperationService (has extras) }.
I/MdiSyncModule( 2196): flag handling is skipping irrelevant intent.
W/ModuleInitIntentOp( 2196): Dropping unexpected action com.google.android.gms.phenotype.COMMITTED
D/dalvikvm( 1790): GC_FOR_ALLOC freed 1937K, 26% free 9504K/12800K, paused 8ms, total 8ms
I/PTCommittedOperation( 1790): Receive new configuration for com.google.android.gms.growth
I/Auth    ( 1790): [AuthManaged,PasswordComplexityHelperImpl] Updating password complexity components state.
I/Auth    ( 1790): [AuthManaged,PasswordComplexityHelperImpl] Disabling com.google.android.gms.auth.managed.admin.DeviceAdminReceiver
I/Auth    ( 1790): [AuthManaged,PasswordComplexityHelperImpl] Disabling com.google.android.gms.auth.managed.ui.SetNewPasswordActivity
I/ChromeSync( 2196): [Sync,SyncIntentOperation] Handling the intent: Intent { act=com.google.android.gms.phenotype.COMMITTED flg=0x10 pkg=com.google.android.gms cmp=com.google.android.gms/.chimera.GmsIntentOperationService (has extras) }.
I/MdiSyncModule( 2196): flag handling is skipping irrelevant intent.
W/ModuleInitIntentOp( 2196): Dropping unexpected action com.google.android.gms.phenotype.COMMITTED
I/PTCommittedOperation( 1790): Receive new configuration for com.google.android.gms.notifications
D/dalvikvm( 1790): GC_FOR_ALLOC freed 1898K, 25% free 9653K/12800K, paused 8ms, total 8ms
I/Auth    ( 1790): [AuthManaged,PasswordComplexityHelperImpl] Updating password complexity components state.
I/Auth    ( 1790): [AuthManaged,PasswordComplexityHelperImpl] Disabling com.google.android.gms.auth.managed.admin.DeviceAdminReceiver
I/Auth    ( 1790): [AuthManaged,PasswordComplexityHelperImpl] Disabling com.google.android.gms.auth.managed.ui.SetNewPasswordActivity
I/ChromeSync( 2196): [Sync,SyncIntentOperation] Handling the intent: Intent { act=com.google.android.gms.phenotype.COMMITTED flg=0x10 pkg=com.google.android.gms cmp=com.google.android.gms/.chimera.GmsIntentOperationService (has extras) }.
I/MdiSyncModule( 2196): flag handling is skipping irrelevant intent.
W/ModuleInitIntentOp( 2196): Dropping unexpected action com.google.android.gms.phenotype.COMMITTED
I/PTCommittedOperation( 1790): Receive new configuration for com.google.android.gms.nearby
D/dalvikvm( 1790): GC_FOR_ALLOC freed 1202K, 23% free 9923K/12800K, paused 10ms, total 10ms
I/NearbySharing( 2196): Runtime state initialization complete. Sharing is disabled. [CONTEXT service_id=194 ]
D/dalvikvm( 1790): GC_FOR_ALLOC freed 1114K, 25% free 9643K/12800K, paused 10ms, total 10ms
I/Auth    ( 1790): [AuthManaged,PasswordComplexityHelperImpl] Updating password complexity components state.
I/Auth    ( 1790): [AuthManaged,PasswordComplexityHelperImpl] Disabling com.google.android.gms.auth.managed.admin.DeviceAdminReceiver
I/Auth    ( 1790): [AuthManaged,PasswordComplexityHelperImpl] Disabling com.google.android.gms.auth.managed.ui.SetNewPasswordActivity
I/ChromeSync( 2196): [Sync,SyncIntentOperation] Handling the intent: Intent { act=com.google.android.gms.phenotype.COMMITTED flg=0x10 pkg=com.google.android.gms cmp=com.google.android.gms/.chimera.GmsIntentOperationService (has extras) }.
I/MdiSyncModule( 2196): flag handling is skipping irrelevant intent.
W/ModuleInitIntentOp( 2196): Dropping unexpected action com.google.android.gms.phenotype.COMMITTED
I/PTCommittedOperation( 1790): Receive new configuration for com.google.android.gms.photos
D/dalvikvm( 1569): GC_FOR_ALLOC freed 1462K, 44% free 8640K/15264K, paused 8ms, total 8ms
I/Auth    ( 1790): [AuthManaged,PasswordComplexityHelperImpl] Updating password complexity components state.
I/Auth    ( 1790): [AuthManaged,PasswordComplexityHelperImpl] Disabling com.google.android.gms.auth.managed.admin.DeviceAdminReceiver
I/Auth    ( 1790): [AuthManaged,PasswordComplexityHelperImpl] Disabling com.google.android.gms.auth.managed.ui.SetNewPasswordActivity
I/ChromeSync( 2196): [Sync,SyncIntentOperation] Handling the intent: Intent { act=com.google.android.gms.phenotype.COMMITTED flg=0x10 pkg=com.google.android.gms cmp=com.google.android.gms/.chimera.GmsIntentOperationService (has extras) }.
I/MdiSyncModule( 2196): flag handling is skipping irrelevant intent.
W/ModuleInitIntentOp( 2196): Dropping unexpected action com.google.android.gms.phenotype.COMMITTED
I/PTCommittedOperation( 1790): Receive new configuration for com.google.android.gms.places
I/Auth    ( 1790): [AuthManaged,PasswordComplexityHelperImpl] Updating password complexity components state.
I/Auth    ( 1790): [AuthManaged,PasswordComplexityHelperImpl] Disabling com.google.android.gms.auth.managed.admin.DeviceAdminReceiver
I/Auth    ( 1790): [AuthManaged,PasswordComplexityHelperImpl] Disabling com.google.android.gms.auth.managed.ui.SetNewPasswordActivity
I/ChromeSync( 2196): [Sync,SyncIntentOperation] Handling the intent: Intent { act=com.google.android.gms.phenotype.COMMITTED flg=0x10 pkg=com.google.android.gms cmp=com.google.android.gms/.chimera.GmsIntentOperationService (has extras) }.
I/MdiSyncModule( 2196): flag handling is skipping irrelevant intent.
W/ModuleInitIntentOp( 2196): Dropping unexpected action com.google.android.gms.phenotype.COMMITTED
D/dalvikvm( 1790): GC_FOR_ALLOC freed 2140K, 26% free 9551K/12800K, paused 23ms, total 23ms
I/PTCommittedOperation( 1790): Receive new configuration for com.google.android.gms.signin
I/Auth    ( 1790): [AuthManaged,PasswordComplexityHelperImpl] Updating password complexity components state.
I/Auth    ( 1790): [AuthManaged,PasswordComplexityHelperImpl] Disabling com.google.android.gms.auth.managed.admin.DeviceAdminReceiver
I/Auth    ( 1790): [AuthManaged,PasswordComplexityHelperImpl] Disabling com.google.android.gms.auth.managed.ui.SetNewPasswordActivity
I/ChromeSync( 2196): [Sync,SyncIntentOperation] Handling the intent: Intent { act=com.google.android.gms.phenotype.COMMITTED flg=0x10 pkg=com.google.android.gms cmp=com.google.android.gms/.chimera.GmsIntentOperationService (has extras) }.
I/MdiSyncModule( 2196): flag handling is skipping irrelevant intent.
W/ModuleInitIntentOp( 2196): Dropping unexpected action com.google.android.gms.phenotype.COMMITTED
I/SystemUpdate( 2196): [Installation,ReceiverIntentOperation] Received intent: Intent { act=com.google.android.gms.phenotype.COMMITTED flg=0x10 pkg=com.google.android.gms cmp=com.google.android.gms/.chimera.GmsIntentOperationService (has extras) }.
I/PTCommittedOperation( 1790): Receive new configuration for com.google.android.gms.update
I/SystemUpdate( 2196): [Execution,InstallationEventIntentOperation] Handling event of type 2.
I/SystemUpdate( 2196): [Execution,InstallationIntentOperation] Received intent: Intent { act=com.google.android.gms.update.INSTALL_UPDATE cat=[targeted_intent_op_prefix:.update.execution.InstallationIntentOperation] cmp=com.google.android.gms/.chimera.GmsIntentOperationService }.
I/SystemUpdate( 2196): [Execution,ExecutionManager] Action finished-execution executed for 0.00 seconds.
I/Auth    ( 1790): [AuthManaged,PasswordComplexityHelperImpl] Updating password complexity components state.
I/Auth    ( 1790): [AuthManaged,PasswordComplexityHelperImpl] Disabling com.google.android.gms.auth.managed.admin.DeviceAdminReceiver
I/Auth    ( 1790): [AuthManaged,PasswordComplexityHelperImpl] Disabling com.google.android.gms.auth.managed.ui.SetNewPasswordActivity
I/ChromeSync( 2196): [Sync,SyncIntentOperation] Handling the intent: Intent { act=com.google.android.gms.phenotype.COMMITTED flg=0x10 pkg=com.google.android.gms cmp=com.google.android.gms/.chimera.GmsIntentOperationService (has extras) }.
D/dalvikvm( 1812): GC_EXPLICIT freed 151K, 25% free 6163K/8120K, paused 0ms+0ms, total 9ms
I/MdiSyncModule( 2196): flag handling is skipping irrelevant intent.
W/ModuleInitIntentOp( 2196): Dropping unexpected action com.google.android.gms.phenotype.COMMITTED
I/PTCommittedOperation( 1790): Receive new configuration for com.google.android.gms.auth_authzen
I/Auth    ( 1790): [AuthManaged,PasswordComplexityHelperImpl] Updating password complexity components state.
I/Auth    ( 1790): [AuthManaged,PasswordComplexityHelperImpl] Disabling com.google.android.gms.auth.managed.admin.DeviceAdminReceiver
I/Auth    ( 1790): [AuthManaged,PasswordComplexityHelperImpl] Disabling com.google.android.gms.auth.managed.ui.SetNewPasswordActivity
I/ChromeSync( 2196): [Sync,SyncIntentOperation] Handling the intent: Intent { act=com.google.android.gms.phenotype.COMMITTED flg=0x10 pkg=com.google.android.gms cmp=com.google.android.gms/.chimera.GmsIntentOperationService (has extras) }.
I/PTCommittedOperation( 1790): Receive new configuration for com.google.android.gms.vision
D/dalvikvm( 2196): GC_FOR_ALLOC freed 1989K, 22% free 11937K/15184K, paused 27ms, total 28ms
I/MdiSyncModule( 2196): flag handling is skipping irrelevant intent.
W/ModuleInitIntentOp( 2196): Dropping unexpected action com.google.android.gms.phenotype.COMMITTED
D/dalvikvm( 1790): GC_FOR_ALLOC freed 2029K, 26% free 9569K/12800K, paused 12ms, total 12ms
I/Auth    ( 1790): [AuthManaged,PasswordComplexityHelperImpl] Updating password complexity components state.
I/Auth    ( 1790): [AuthManaged,PasswordComplexityHelperImpl] Disabling com.google.android.gms.auth.managed.admin.DeviceAdminReceiver
I/Auth    ( 1790): [AuthManaged,PasswordComplexityHelperImpl] Disabling com.google.android.gms.auth.managed.ui.SetNewPasswordActivity
I/ChromeSync( 2196): [Sync,SyncIntentOperation] Handling the intent: Intent { act=com.google.android.gms.phenotype.COMMITTED flg=0x10 pkg=com.google.android.gms cmp=com.google.android.gms/.chimera.GmsIntentOperationService (has extras) }.
W/ActivityManager( 1569): Unable to start service Intent { act=com.google.android.gms.auth.key.retrieval.service.START pkg=com.google.android.gms } U=0: not found
I/MdiSyncModule( 2196): flag handling is skipping irrelevant intent.
E/GmsClient( 2196): unable to connect to service: com.google.android.gms.auth.key.retrieval.service.START on com.google.android.gms
I/PTCommittedOperation( 1790): Receive new configuration for com.google.android.gms.wallet
W/ActivityManager( 1569): Unbind failed: could not find connection for android.os.BinderProxy@9d59ea80
W/ModuleInitIntentOp( 2196): Dropping unexpected action com.google.android.gms.phenotype.COMMITTED
I/Auth    ( 1790): [AuthManaged,PasswordComplexityHelperImpl] Updating password complexity components state.
I/Auth    ( 1790): [AuthManaged,PasswordComplexityHelperImpl] Disabling com.google.android.gms.auth.managed.admin.DeviceAdminReceiver
I/Auth    ( 1790): [AuthManaged,PasswordComplexityHelperImpl] Disabling com.google.android.gms.auth.managed.ui.SetNewPasswordActivity
I/PTCommittedOperation( 1790): Receive new configuration for com.google.android.gms.wearable
I/ChromeSync( 2196): [Sync,SyncIntentOperation] Handling the intent: Intent { act=com.google.android.gms.phenotype.COMMITTED flg=0x10 pkg=com.google.android.gms cmp=com.google.android.gms/.chimera.GmsIntentOperationService (has extras) }.
I/MdiSyncModule( 2196): flag handling is skipping irrelevant intent.
W/ModuleInitIntentOp( 2196): Dropping unexpected action com.google.android.gms.phenotype.COMMITTED
I/Auth    ( 1790): [AuthManaged,PasswordComplexityHelperImpl] Updating password complexity components state.
I/Auth    ( 1790): [AuthManaged,PasswordComplexityHelperImpl] Disabling com.google.android.gms.auth.managed.admin.DeviceAdminReceiver
I/Auth    ( 1790): [AuthManaged,PasswordComplexityHelperImpl] Disabling com.google.android.gms.auth.managed.ui.SetNewPasswordActivity
I/ChromeSync( 2196): [Sync,SyncIntentOperation] Handling the intent: Intent { act=com.google.android.gms.phenotype.COMMITTED flg=0x10 pkg=com.google.android.gms cmp=com.google.android.gms/.chimera.GmsIntentOperationService (has extras) }.
I/MdiSyncModule( 2196): flag handling is skipping irrelevant intent.
W/ModuleInitIntentOp( 2196): Dropping unexpected action com.google.android.gms.phenotype.COMMITTED
I/PTCommittedOperation( 1790): Receive new configuration for com.google.android.gms.walletp2p.v2
I/Auth    ( 1790): [AuthManaged,PasswordComplexityHelperImpl] Updating password complexity components state.
I/Auth    ( 1790): [AuthManaged,PasswordComplexityHelperImpl] Disabling com.google.android.gms.auth.managed.admin.DeviceAdminReceiver
I/Auth    ( 1790): [AuthManaged,PasswordComplexityHelperImpl] Disabling com.google.android.gms.auth.managed.ui.SetNewPasswordActivity
D/dalvikvm( 1790): GC_FOR_ALLOC freed 1992K, 25% free 9625K/12800K, paused 9ms, total 9ms
I/ChromeSync( 2196): [Sync,SyncIntentOperation] Handling the intent: Intent { act=com.google.android.gms.phenotype.COMMITTED flg=0x10 pkg=com.google.android.gms cmp=com.google.android.gms/.chimera.GmsIntentOperationService (has extras) }.
I/MdiSyncModule( 2196): flag handling is skipping irrelevant intent.
I/PhoneskyRecoveryLogs( 2196): Experiments updated. Start recovery checks. [CONTEXT service_id=242 ]
I/PTCommittedOperation( 1790): Receive new configuration for com.google.android.gms.phonesky_recovery
W/ModuleInitIntentOp( 2196): Dropping unexpected action com.google.android.gms.phenotype.COMMITTED
I/Auth    ( 1790): [AuthManaged,PasswordComplexityHelperImpl] Updating password complexity components state.
I/Auth    ( 1790): [AuthManaged,PasswordComplexityHelperImpl] Disabling com.google.android.gms.auth.managed.admin.DeviceAdminReceiver
I/ahju    ( 1790): Scheduling Phenotype for a PhenotypeSyncImmediately(6, com.google.android.gms.phenotype) one off with window [1, 2] in seconds [CONTEXT service_id=51 ]
I/Auth    ( 1790): [AuthManaged,PasswordComplexityHelperImpl] Disabling com.google.android.gms.auth.managed.ui.SetNewPasswordActivity
I/ChromeSync( 2196): [Sync,SyncIntentOperation] Handling the intent: Intent { act=com.google.android.gms.phenotype.COMMITTED flg=0x10 pkg=com.google.android.gms cmp=com.google.android.gms/.chimera.GmsIntentOperationService (has extras) }.
I/MdiSyncModule( 2196): flag handling is skipping irrelevant intent.
W/ModuleInitIntentOp( 2196): Dropping unexpected action com.google.android.gms.phenotype.COMMITTED
I/PTCommittedOperation( 1790): Receive new configuration for com.google.android.gms.icing.mdd
I/Auth    ( 1790): [AuthManaged,PasswordComplexityHelperImpl] Updating password complexity components state.
I/Auth    ( 1790): [AuthManaged,PasswordComplexityHelperImpl] Disabling com.google.android.gms.auth.managed.admin.DeviceAdminReceiver
I/Auth    ( 1790): [AuthManaged,PasswordComplexityHelperImpl] Disabling com.google.android.gms.auth.managed.ui.SetNewPasswordActivity
I/PTCommittedOperation( 1790): Receive new configuration for com.google.android.gms.icing.mdh
D/dalvikvm( 1790): GC_FOR_ALLOC freed 1986K, 25% free 9686K/12800K, paused 8ms, total 9ms
I/ahju    ( 1790): Scheduling Phenotype for a PhenotypeSyncImmediately(6, com.google.android.games.app) one off with window [1, 2] in seconds [CONTEXT service_id=51 ]
I/Auth    ( 1790): [AuthManaged,PasswordComplexityHelperImpl] Updating password complexity components state.
I/Auth    ( 1790): [AuthManaged,PasswordComplexityHelperImpl] Disabling com.google.android.gms.auth.managed.admin.DeviceAdminReceiver
I/Auth    ( 1790): [AuthManaged,PasswordComplexityHelperImpl] Disabling com.google.android.gms.auth.managed.ui.SetNewPasswordActivity
I/PTCommittedOperation( 1790): Receive new configuration for com.google.android.gms.herrevad
I/Herrevad( 1790): [208] wkz.a: updateListenState
E/MDD     ( 2196): MDDManager Failed to init shared file metadata.
I/Auth    ( 1790): [AuthManaged,PasswordComplexityHelperImpl] Updating password complexity components state.
I/Auth    ( 1790): [AuthManaged,PasswordComplexityHelperImpl] Disabling com.google.android.gms.auth.managed.admin.DeviceAdminReceiver
I/Auth    ( 1790): [AuthManaged,PasswordComplexityHelperImpl] Disabling com.google.android.gms.auth.managed.ui.SetNewPasswordActivity
I/PTCommittedOperation( 1790): Receive new configuration for com.google.android.gms.firebase.auth
D/dalvikvm( 1790): GC_FOR_ALLOC freed 1877K, 23% free 9856K/12800K, paused 12ms, total 12ms
W/Conscrypt( 1790): Could not set socket write timeout: java.net.SocketException: Socket closed
W/Conscrypt( 1790): 	at com.google.android.gms.org.conscrypt.Platform.setSocketWriteTimeout(:com.google.android.gms@202414005@20.24.14 (000700-319035315):2)
W/Conscrypt( 1790): 	at com.google.android.gms.org.conscrypt.ConscryptFileDescriptorSocket.setSoWriteTimeout(:com.google.android.gms@202414005@20.24.14 (000700-319035315):0)
D/dalvikvm( 2196): GC_FOR_ALLOC freed 1885K, 21% free 12097K/15184K, paused 18ms, total 20ms
I/ChromeSync( 2196): [Sync,SyncIntentOperation] Handling the intent: Intent { act=com.google.android.gms.phenotype.COMMITTED flg=0x10 pkg=com.google.android.gms cmp=com.google.android.gms/.chimera.GmsIntentOperationService (has extras) }.
I/MdiSyncModule( 2196): flag handling is skipping irrelevant intent.
W/ModuleInitIntentOp( 2196): Dropping unexpected action com.google.android.gms.phenotype.COMMITTED
I/MobileDataHub( 2196): Scheduling periodic tasks
W/MobileDataHub( 2196): [Service] appsupload-periodic periodic task disabled
I/Auth    ( 1790): [AuthManaged,PasswordComplexityHelperImpl] Updating password complexity components state.
I/Auth    ( 1790): [AuthManaged,PasswordComplexityHelperImpl] Disabling com.google.android.gms.auth.managed.admin.DeviceAdminReceiver
I/Auth    ( 1790): [AuthManaged,PasswordComplexityHelperImpl] Disabling com.google.android.gms.auth.managed.ui.SetNewPasswordActivity
I/ChromeSync( 2196): [Sync,SyncIntentOperation] Handling the intent: Intent { act=com.google.android.gms.phenotype.COMMITTED flg=0x10 pkg=com.google.android.gms cmp=com.google.android.gms/.chimera.GmsIntentOperationService (has extras) }.
I/MdiSyncModule( 2196): flag handling is skipping irrelevant intent.
W/ModuleInitIntentOp( 2196): Dropping unexpected action com.google.android.gms.phenotype.COMMITTED
I/ChromeSync( 2196): [Sync,SyncIntentOperation] Handling the intent: Intent { act=com.google.android.gms.phenotype.COMMITTED flg=0x10 pkg=com.google.android.gms cmp=com.google.android.gms/.chimera.GmsIntentOperationService (has extras) }.
I/MdiSyncModule( 2196): flag handling is skipping irrelevant intent.
W/ModuleInitIntentOp( 2196): Dropping unexpected action com.google.android.gms.phenotype.COMMITTED
I/ChromeSync( 2196): [Sync,SyncIntentOperation] Handling the intent: Intent { act=com.google.android.gms.phenotype.COMMITTED flg=0x10 pkg=com.google.android.gms cmp=com.google.android.gms/.chimera.GmsIntentOperationService (has extras) }.
I/MdiSyncModule( 2196): flag handling is skipping irrelevant intent.
W/ModuleInitIntentOp( 2196): Dropping unexpected action com.google.android.gms.phenotype.COMMITTED
I/PTCommittedOperation( 1790): Receive new configuration for com.google.android.gms.ads
I/Auth    ( 1790): [AuthManaged,PasswordComplexityHelperImpl] Updating password complexity components state.
I/Auth    ( 1790): [AuthManaged,PasswordComplexityHelperImpl] Disabling com.google.android.gms.auth.managed.admin.DeviceAdminReceiver
I/Auth    ( 1790): [AuthManaged,PasswordComplexityHelperImpl] Disabling com.google.android.gms.auth.managed.ui.SetNewPasswordActivity
W/Conscrypt( 1790): Could not set socket write timeout: java.net.SocketException: Socket closed
W/Conscrypt( 1790): 	at com.google.android.gms.org.conscrypt.Platform.setSocketWriteTimeout(:com.google.android.gms@202414005@20.24.14 (000700-319035315):2)
W/Conscrypt( 1790): 	at com.google.android.gms.org.conscrypt.ConscryptFileDescriptorSocket.setSoWriteTimeout(:com.google.android.gms@202414005@20.24.14 (000700-319035315):0)
I/PTCommittedOperation( 1790): Receive new configuration for com.google.android.gms.gcm
I/ChromeSync( 2196): [Sync,SyncIntentOperation] Handling the intent: Intent { act=com.google.android.gms.phenotype.COMMITTED flg=0x10 pkg=com.google.android.gms cmp=com.google.android.gms/.chimera.GmsIntentOperationService (has extras) }.
I/MdiSyncModule( 2196): flag handling is skipping irrelevant intent.
W/ModuleInitIntentOp( 2196): Dropping unexpected action com.google.android.gms.phenotype.COMMITTED
I/Auth    ( 1790): [AuthManaged,PasswordComplexityHelperImpl] Updating password complexity components state.
I/Auth    ( 1790): [AuthManaged,PasswordComplexityHelperImpl] Disabling com.google.android.gms.auth.managed.admin.DeviceAdminReceiver
I/Auth    ( 1790): [AuthManaged,PasswordComplexityHelperImpl] Disabling com.google.android.gms.auth.managed.ui.SetNewPasswordActivity
I/ChromeSync( 2196): [Sync,SyncIntentOperation] Handling the intent: Intent { act=com.google.android.gms.phenotype.COMMITTED flg=0x10 pkg=com.google.android.gms cmp=com.google.android.gms/.chimera.GmsIntentOperationService (has extras) }.
I/MdiSyncModule( 2196): flag handling is skipping irrelevant intent.
W/ModuleInitIntentOp( 2196): Dropping unexpected action com.google.android.gms.phenotype.COMMITTED
I/PTCommittedOperation( 1790): Receive new configuration for com.google.android.gms.ipa
D/dalvikvm( 1790): GC_FOR_ALLOC freed 2220K, 25% free 9684K/12800K, paused 9ms, total 9ms
I/Auth    ( 1790): [AuthManaged,PasswordComplexityHelperImpl] Updating password complexity components state.
I/Auth    ( 1790): [AuthManaged,PasswordComplexityHelperImpl] Disabling com.google.android.gms.auth.managed.admin.DeviceAdminReceiver
I/Auth    ( 1790): [AuthManaged,PasswordComplexityHelperImpl] Disabling com.google.android.gms.auth.managed.ui.SetNewPasswordActivity
I/ChromeSync( 2196): [Sync,SyncIntentOperation] Handling the intent: Intent { act=com.google.android.gms.phenotype.COMMITTED flg=0x10 pkg=com.google.android.gms cmp=com.google.android.gms/.chimera.GmsIntentOperationService (has extras) }.
I/PTCommittedOperation( 1790): Receive new configuration for com.google.android.gms.ocr
I/MdiSyncModule( 2196): flag handling is skipping irrelevant intent.
W/ModuleInitIntentOp( 2196): Dropping unexpected action com.google.android.gms.phenotype.COMMITTED
V/EmulatedCamera_Camera( 1146): getCameraInfo
V/EmulatedCamera_BaseCamera( 1146): getCameraInfo
I/OcrModelUpStIntentOp( 2196): Updating ocr activity enabled=true (phenotypeFlag=true, lowRamDevice=false, prereqCheck=true)
W/DynamiteModule( 2196): Local module descriptor class for com.google.android.gms.vision.dynamite.ocr not found.
W/ProviderHelper( 2196): Unknown dynamite feature vision.dynamite.ocr
I/DynamiteModule( 2196): Considering local module com.google.android.gms.vision.dynamite.ocr:0 and remote module com.google.android.gms.vision.dynamite.ocr:0
W/ProviderHelper( 2196): Unknown dynamite feature vision.ocr
W/DynamiteModule( 2196): Local module descriptor class for com.google.android.gms.vision.ocr not found.
I/DynamiteModule( 2196): Considering local module com.google.android.gms.vision.ocr:0 and remote module com.google.android.gms.vision.ocr:0
E/Vision  ( 2196): Error loading module com.google.android.gms.vision.ocr optional module true: qxb: No acceptable module found. Local version is 0 and remote version is 0.
W/TextNativeHandle( 2196): Native handle not yet available. Reverting to no-op handle.
W/DynamiteModule( 2196): Local module descriptor class for com.google.android.gms.vision.dynamite.ocr not found.
W/ProviderHelper( 2196): Unknown dynamite feature vision.dynamite.ocr
I/DynamiteModule( 2196): Considering local module com.google.android.gms.vision.dynamite.ocr:0 and remote module com.google.android.gms.vision.dynamite.ocr:0
W/ProviderHelper( 2196): Unknown dynamite feature vision.ocr
W/DynamiteModule( 2196): Local module descriptor class for com.google.android.gms.vision.ocr not found.
I/DynamiteModule( 2196): Considering local module com.google.android.gms.vision.ocr:0 and remote module com.google.android.gms.vision.ocr:0
E/Vision  ( 2196): Error loading module com.google.android.gms.vision.ocr optional module true: qxb: No acceptable module found. Local version is 0 and remote version is 0.
I/Vision  ( 2196): Requesting optional module download of ocr.
I/Vision  ( 2196): Checking for download completion for 47424 -- ocr
I/OcrModelUpStIntentOp( 2196): Downloading text recognizer
I/Vision  ( 2196): Requesting optional module download of ocr.
I/Vision  ( 2196): Checking for download completion for 47434 -- ocr
I/Auth    ( 1790): [AuthManaged,PasswordComplexityHelperImpl] Updating password complexity components state.
I/Auth    ( 1790): [AuthManaged,PasswordComplexityHelperImpl] Disabling com.google.android.gms.auth.managed.admin.DeviceAdminReceiver
I/Auth    ( 1790): [AuthManaged,PasswordComplexityHelperImpl] Disabling com.google.android.gms.auth.managed.ui.SetNewPasswordActivity
I/PTCommittedOperation( 1790): Receive new configuration for com.google.android.gms.udc
I/ChromeSync( 2196): [Sync,SyncIntentOperation] Handling the intent: Intent { act=com.google.android.gms.phenotype.COMMITTED flg=0x10 pkg=com.google.android.gms cmp=com.google.android.gms/.chimera.GmsIntentOperationService (has extras) }.
I/MdiSyncModule( 2196): flag handling is skipping irrelevant intent.
W/ModuleInitIntentOp( 2196): Dropping unexpected action com.google.android.gms.phenotype.COMMITTED
D/dalvikvm( 1790): GC_FOR_ALLOC freed 1803K, 23% free 9927K/12800K, paused 8ms, total 8ms
I/Auth    ( 1790): [AuthManaged,PasswordComplexityHelperImpl] Updating password complexity components state.
I/Auth    ( 1790): [AuthManaged,PasswordComplexityHelperImpl] Disabling com.google.android.gms.auth.managed.admin.DeviceAdminReceiver
I/Auth    ( 1790): [AuthManaged,PasswordComplexityHelperImpl] Disabling com.google.android.gms.auth.managed.ui.SetNewPasswordActivity
I/ChromeSync( 2196): [Sync,SyncIntentOperation] Handling the intent: Intent { act=com.google.android.gms.phenotype.COMMITTED flg=0x10 pkg=com.google.android.gms cmp=com.google.android.gms/.chimera.GmsIntentOperationService (has extras) }.
I/PTCommittedOperation( 1790): Receive new configuration for com.google.android.gms.ulr
I/MdiSyncModule( 2196): flag handling is skipping irrelevant intent.
W/ModuleInitIntentOp( 2196): Dropping unexpected action com.google.android.gms.phenotype.COMMITTED
D/dalvikvm( 1569): GC_FOR_ALLOC freed 1428K, 44% free 8628K/15264K, paused 10ms, total 11ms
I/Auth    ( 1790): [AuthManaged,PasswordComplexityHelperImpl] Updating password complexity components state.
I/Auth    ( 1790): [AuthManaged,PasswordComplexityHelperImpl] Disabling com.google.android.gms.auth.managed.admin.DeviceAdminReceiver
I/Auth    ( 1790): [AuthManaged,PasswordComplexityHelperImpl] Disabling com.google.android.gms.auth.managed.ui.SetNewPasswordActivity
D/dalvikvm( 1790): GC_FOR_ALLOC freed 1982K, 22% free 9992K/12800K, paused 10ms, total 11ms
I/ChromeSync( 2196): [Sync,SyncIntentOperation] Handling the intent: Intent { act=com.google.android.gms.phenotype.COMMITTED flg=0x10 pkg=com.google.android.gms cmp=com.google.android.gms/.chimera.GmsIntentOperationService (has extras) }.
I/MdiSyncModule( 2196): flag handling is skipping irrelevant intent.
W/ModuleInitIntentOp( 2196): Dropping unexpected action com.google.android.gms.phenotype.COMMITTED
I/PTCommittedOperation( 1790): Receive new configuration for com.google.android.gms.appinvite
I/GCoreUlr( 1790): WorldUpdater received intent Intent { act=com.google.android.location.reporting.ACTION_UPDATE_WORLD cmp=com.google.android.gms/com.google.android.location.reporting.service.DispatchingService (has extras) } with receiverAction com.google.gservices.intent.action.GSERVICES_CHANGED
I/GCoreUlr( 1790): WorldUpdater:com.google.gservices.intent.action.GSERVICES_CHANGED: Ensuring that reporting is stopped because of reasons: (no Google accounts)
I/GCoreUlr( 1790): Unbound from all signal providers.
I/GCoreUlr( 1790): Unbound from all signal providers.
I/GCoreUlr( 1790): Stopping handler for UlrDispSvcFast
I/Auth    ( 1790): [AuthManaged,PasswordComplexityHelperImpl] Updating password complexity components state.
I/Auth    ( 1790): [AuthManaged,PasswordComplexityHelperImpl] Disabling com.google.android.gms.auth.managed.admin.DeviceAdminReceiver
I/Auth    ( 1790): [AuthManaged,PasswordComplexityHelperImpl] Disabling com.google.android.gms.auth.managed.ui.SetNewPasswordActivity
I/PTCommittedOperation( 1790): Receive new configuration for com.google.android.gms.usagereporting
I/ChromeSync( 2196): [Sync,SyncIntentOperation] Handling the intent: Intent { act=com.google.android.gms.phenotype.COMMITTED flg=0x10 pkg=com.google.android.gms cmp=com.google.android.gms/.chimera.GmsIntentOperationService (has extras) }.
I/MdiSyncModule( 2196): flag handling is skipping irrelevant intent.
W/ModuleInitIntentOp( 2196): Dropping unexpected action com.google.android.gms.phenotype.COMMITTED
D/dalvikvm( 1790): GC_FOR_ALLOC freed 2370K, 25% free 9670K/12800K, paused 9ms, total 9ms
I/ActivityManager( 1569): Start proc com.google.android.play.games.ui for broadcast com.google.android.play.games/com.google.android.apps.play.games.features.experiments.PhenotypeBroadcastReceiver: pid=3083 uid=10043 gids={50043, 3003}
I/Auth    ( 1790): [AuthManaged,PasswordComplexityHelperImpl] Updating password complexity components state.
I/Auth    ( 1790): [AuthManaged,PasswordComplexityHelperImpl] Disabling com.google.android.gms.auth.managed.admin.DeviceAdminReceiver
I/Auth    ( 1790): [AuthManaged,PasswordComplexityHelperImpl] Disabling com.google.android.gms.auth.managed.ui.SetNewPasswordActivity
E/dalvikvm( 3083): Could not find class 'android.app.NotificationChannel', referenced from method com.google.android.apps.play.games.core.PlayGamesApplication.onCreate
W/dalvikvm( 3083): VFY: unable to resolve new-instance 420 (Landroid/app/NotificationChannel;) in Lcom/google/android/apps/play/games/core/PlayGamesApplication;
D/dalvikvm( 3083): VFY: replacing opcode 0x22 at 0x008d
E/dalvikvm( 3083): Could not find class 'android.app.NotificationChannelGroup', referenced from method com.google.android.apps.play.games.core.PlayGamesApplication.onCreate
W/dalvikvm( 3083): VFY: unable to resolve new-instance 421 (Landroid/app/NotificationChannelGroup;) in Lcom/google/android/apps/play/games/core/PlayGamesApplication;
D/dalvikvm( 3083): VFY: replacing opcode 0x22 at 0x0131
D/dalvikvm( 3083): DexOpt: couldn't find static field Landroid/os/Build;.SUPPORTED_ABIS
W/dalvikvm( 3083): VFY: unable to resolve static field 1664 (SUPPORTED_ABIS) in Landroid/os/Build;
D/dalvikvm( 3083): VFY: replacing opcode 0x62 at 0x01a4
E/dalvikvm( 3083): Could not find class 'android.app.NotificationChannel', referenced from method com.google.android.apps.play.games.core.PlayGamesApplication.onCreate
W/dalvikvm( 3083): VFY: unable to resolve new-instance 420 (Landroid/app/NotificationChannel;) in Lcom/google/android/apps/play/games/core/PlayGamesApplication;
D/dalvikvm( 3083): VFY: replacing opcode 0x22 at 0x03e6
D/dalvikvm( 3083): DexOpt: unable to opt direct call 0x0b8a at 0x98 in Lcom/google/android/apps/play/games/core/PlayGamesApplication;.onCreate
D/dalvikvm( 3083): DexOpt: unable to opt direct call 0x0b8a at 0xa9 in Lcom/google/android/apps/play/games/core/PlayGamesApplication;.onCreate
D/dalvikvm( 3083): DexOpt: unable to opt direct call 0x0b8a at 0xba in Lcom/google/android/apps/play/games/core/PlayGamesApplication;.onCreate
D/dalvikvm( 3083): DexOpt: unable to opt direct call 0x0b8a at 0xcb in Lcom/google/android/apps/play/games/core/PlayGamesApplication;.onCreate
D/dalvikvm( 3083): DexOpt: unable to opt direct call 0x0b8a at 0xdc in Lcom/google/android/apps/play/games/core/PlayGamesApplication;.onCreate
D/dalvikvm( 3083): DexOpt: unable to opt direct call 0x0b8a at 0xed in Lcom/google/android/apps/play/games/core/PlayGamesApplication;.onCreate
D/dalvikvm( 3083): DexOpt: unable to opt direct call 0x0b8a at 0x107 in Lcom/google/android/apps/play/games/core/PlayGamesApplication;.onCreate
D/dalvikvm( 3083): DexOpt: unable to opt direct call 0x0b95 at 0x135 in Lcom/google/android/apps/play/games/core/PlayGamesApplication;.onCreate
D/dalvikvm( 3083): DexOpt: unable to opt direct call 0x0b8a at 0x144 in Lcom/google/android/apps/play/games/core/PlayGamesApplication;.onCreate
D/dalvikvm( 3083): DexOpt: unable to opt direct call 0x0b8a at 0x160 in Lcom/google/android/apps/play/games/core/PlayGamesApplication;.onCreate
D/dalvikvm( 3083): DexOpt: unable to opt direct call 0x0b8a at 0x3eb in Lcom/google/android/apps/play/games/core/PlayGamesApplication;.onCreate
I/dalvikvm( 3083): Could not find method android.app.Notification.getChannelId, referenced from method keu.a
W/dalvikvm( 3083): VFY: unable to resolve virtual method 2951: Landroid/app/Notification;.getChannelId ()Ljava/lang/String;
D/dalvikvm( 3083): VFY: replacing opcode 0x6e at 0x0010
I/dalvikvm( 3083): Could not find method android.content.Context.createDeviceProtectedStorageContext, referenced from method hgf.a
W/dalvikvm( 3083): VFY: unable to resolve virtual method 3139: Landroid/content/Context;.createDeviceProtectedStorageContext ()Landroid/content/Context;
D/dalvikvm( 3083): VFY: replacing opcode 0x6e at 0x0029
I/dalvikvm( 3083): Could not find method android.content.Context.getSystemService, referenced from method hgf.a
W/dalvikvm( 3083): VFY: unable to resolve virtual method 3171: Landroid/content/Context;.getSystemService (Ljava/lang/Class;)Ljava/lang/Object;
D/dalvikvm( 3083): VFY: replacing opcode 0x6e at 0x0009
I/dalvikvm( 3083): Could not find method android.content.Context.createDeviceProtectedStorageContext, referenced from method nzv.a
W/dalvikvm( 3083): VFY: unable to resolve virtual method 3139: Landroid/content/Context;.createDeviceProtectedStorageContext ()Landroid/content/Context;
D/dalvikvm( 3083): VFY: replacing opcode 0x6e at 0x0031
I/dalvikvm( 3083): Could not find method android.content.Context.isDeviceProtectedStorage, referenced from method mlu.a
W/dalvikvm( 3083): VFY: unable to resolve virtual method 3177: Landroid/content/Context;.isDeviceProtectedStorage ()Z
D/dalvikvm( 3083): VFY: replacing opcode 0x6e at 0x0018
E/dalvikvm( 3083): Could not find class 'android.app.NotificationChannel', referenced from method fsr.a
W/dalvikvm( 3083): VFY: unable to resolve new-instance 420 (Landroid/app/NotificationChannel;) in Lfsr;
D/dalvikvm( 3083): VFY: replacing opcode 0x22 at 0x0236
D/dalvikvm( 3083): DexOpt: unable to opt direct call 0x0b8a at 0x23d in Lfsr;.a
I/ahju    ( 1790): Scheduling a periodic sync task every 14400 seconds, with flex of 1800 seconds [CONTEXT service_id=51 ]
I/Auth    ( 1790): [AuthManaged,PasswordComplexityHelperImpl] Updating password complexity components state.
I/Auth    ( 1790): [AuthManaged,PasswordComplexityHelperImpl] Disabling com.google.android.gms.auth.managed.admin.DeviceAdminReceiver
I/Auth    ( 1790): [AuthManaged,PasswordComplexityHelperImpl] Disabling com.google.android.gms.auth.managed.ui.SetNewPasswordActivity
I/ahju    ( 1790): Scheduling adaptive one off task with window [14400, 604800] in seconds [CONTEXT service_id=51 ]
I/dalvikvm( 3083): Failed resolving Lnok; interface 1015 'Landroid/view/Window$OnFrameMetricsAvailableListener;'
W/dalvikvm( 3083): Link of class 'Lnok;' failed
I/dalvikvm( 3083): Failed resolving Lnok; interface 1015 'Landroid/view/Window$OnFrameMetricsAvailableListener;'
W/dalvikvm( 3083): Link of class 'Lnok;' failed
I/dalvikvm( 3083): Failed resolving Lnok; interface 1015 'Landroid/view/Window$OnFrameMetricsAvailableListener;'
W/dalvikvm( 3083): Link of class 'Lnok;' failed
W/dalvikvm( 3083): VFY: unable to resolve instance field 27376
D/dalvikvm( 3083): VFY: replacing opcode 0x5c at 0x06cf
I/dalvikvm( 3083): Failed resolving Lnok; interface 1015 'Landroid/view/Window$OnFrameMetricsAvailableListener;'
W/dalvikvm( 3083): Link of class 'Lnok;' failed
I/dalvikvm( 3083): Failed resolving Lnok; interface 1015 'Landroid/view/Window$OnFrameMetricsAvailableListener;'
W/dalvikvm( 3083): Link of class 'Lnok;' failed
W/PrimesInit( 3083): Primes instant initialization
D/dalvikvm( 3083): GC_FOR_ALLOC freed 354K, 15% free 3152K/3700K, paused 2ms, total 2ms
I/dalvikvm( 3083): Could not find method android.app.AppOpsManager.permissionToOp, referenced from method rr.a
W/dalvikvm( 3083): VFY: unable to resolve static method 2785: Landroid/app/AppOpsManager;.permissionToOp (Ljava/lang/String;)Ljava/lang/String;
D/dalvikvm( 3083): VFY: replacing opcode 0x71 at 0x000e
I/dalvikvm( 3083): Could not find method android.content.Context.getSystemService, referenced from method rr.a
W/dalvikvm( 3083): VFY: unable to resolve virtual method 3171: Landroid/content/Context;.getSystemService (Ljava/lang/Class;)Ljava/lang/Object;
D/dalvikvm( 3083): VFY: replacing opcode 0x6e at 0x002b
W/Primes  ( 3083): background initialization
I/dalvikvm( 3083): Could not find method android.content.Context.getSystemService, referenced from method mry.a
W/dalvikvm( 3083): VFY: unable to resolve virtual method 3171: Landroid/content/Context;.getSystemService (Ljava/lang/Class;)Ljava/lang/Object;
D/dalvikvm( 3083): VFY: replacing opcode 0x6e at 0x001a
I/dalvikvm( 3083): Could not find method android.os.UserManager.isUserUnlocked, referenced from method mry.a
W/dalvikvm( 3083): VFY: unable to resolve virtual method 4621: Landroid/os/UserManager;.isUserUnlocked ()Z
D/dalvikvm( 3083): VFY: replacing opcode 0x6e at 0x0030
I/dalvikvm( 3083): Could not find method android.content.Context.isDeviceProtectedStorage, referenced from method mry.b
W/dalvikvm( 3083): VFY: unable to resolve virtual method 3177: Landroid/content/Context;.isDeviceProtectedStorage ()Z
D/dalvikvm( 3083): VFY: replacing opcode 0x6e at 0x0000
I/dalvikvm( 3083): Could not find method android.content.pm.PackageManager.getPackageInstaller, referenced from method gzw.a
W/dalvikvm( 3083): VFY: unable to resolve virtual method 3338: Landroid/content/pm/PackageManager;.getPackageInstaller ()Landroid/content/pm/PackageInstaller;
D/dalvikvm( 3083): VFY: replacing opcode 0x6e at 0x0024
I/GAv4-SVC( 3083): Google Analytics 16.9.98 is starting up.
E/dalvikvm( 3083): Could not find class 'android.app.job.JobScheduler', referenced from method gss.e
W/dalvikvm( 3083): VFY: unable to resolve check-cast 443 (Landroid/app/job/JobScheduler;) in Lgss;
D/dalvikvm( 3083): VFY: replacing opcode 0x1f at 0x00d7
E/dalvikvm( 3083): Could not find class 'android.app.job.JobScheduler', referenced from method gss.b
W/dalvikvm( 3083): VFY: unable to resolve check-cast 443 (Landroid/app/job/JobScheduler;) in Lgss;
D/dalvikvm( 3083): VFY: replacing opcode 0x1f at 0x02b1
E/dalvikvm( 3083): Could not find class 'android.app.job.JobScheduler', referenced from method gss.b
W/dalvikvm( 3083): VFY: unable to resolve check-cast 443 (Landroid/app/job/JobScheduler;) in Lgss;
D/dalvikvm( 3083): VFY: replacing opcode 0x1f at 0x0672
E/dalvikvm( 3083): Could not find class 'android.app.job.JobScheduler', referenced from method gss.b
W/dalvikvm( 3083): VFY: unable to resolve check-cast 443 (Landroid/app/job/JobScheduler;) in Lgss;
