I/PackageManager( 1569):   Scheme: "sms"
I/PackageManager( 1569): Adding preferred activity ComponentInfo{com.android.mms/com.android.mms.ui.ComposeMessageActivity} for user 0 :
I/PackageManager( 1569): Adding preferred activity ComponentInfo{com.android.mms/com.android.mms.ui.ComposeMessageActivity} for user 0 :
D/dalvikvm( 1847): GC_FOR_ALLOC freed 483K, 18% free 3607K/4392K, paused 2ms, total 2ms
I/PackageManager( 1569):   Action: "android.intent.action.SENDTO"
I/PackageManager( 1569):   Category: "android.intent.category.DEFAULT"
I/PackageManager( 1569):   Scheme: "smsto"
I/PackageManager( 1569):   Action: "android.intent.action.SENDTO"
I/PackageManager( 1569):   Category: "android.intent.category.DEFAULT"
I/PackageManager( 1569):   Scheme: "mms"
I/PackageManager( 1569): Adding preferred activity ComponentInfo{com.android.mms/com.android.mms.ui.ComposeMessageActivity} for user 0 :
I/PackageManager( 1569): Adding preferred activity ComponentInfo{com.android.mms/com.android.mms.ui.ComposeMessageActivity} for user 0 :
I/PackageManager( 1569):   Action: "android.intent.action.SENDTO"
I/PackageManager( 1569):   Category: "android.intent.category.DEFAULT"
I/PackageManager( 1569):   Scheme: "mmsto"
I/PackageManager( 1569): Adding preferred activity ComponentInfo{com.android.mms/com.android.mms.ui.ComposeMessageActivity} for user 0 :
I/PackageManager( 1569):   Action: "android.intent.action.SENDTO"
I/PackageManager( 1569):   Category: "android.intent.category.DEFAULT"
I/PackageManager( 1569):   Scheme: "sms"
W/Conscrypt( 2196): Could not set socket write timeout: java.net.SocketException: Socket closed
W/Conscrypt( 2196): 	at com.google.android.gms.org.conscrypt.Platform.setSocketWriteTimeout(:com.google.android.gms@202414005@20.24.14 (000700-319035315):2)
D/dalvikvm( 1847): GC_FOR_ALLOC freed 406K, 17% free 3660K/4392K, paused 2ms, total 2ms
W/Conscrypt( 2196): 	at com.google.android.gms.org.conscrypt.ConscryptFileDescriptorSocket.setSoWriteTimeout(:com.google.android.gms@202414005@20.24.14 (000700-319035315):0)
I/PackageManager( 1569):   Action: "android.intent.action.SENDTO"
I/PackageManager( 1569):   Category: "android.intent.category.DEFAULT"
I/PackageManager( 1569):   Scheme: "smsto"
I/PackageManager( 1569): Adding preferred activity ComponentInfo{com.android.mms/com.android.mms.ui.ComposeMessageActivity} for user 0 :
I/PackageManager( 1569): Adding preferred activity ComponentInfo{com.android.mms/com.android.mms.ui.ComposeMessageActivity} for user 0 :
I/PackageManager( 1569):   Action: "android.intent.action.SENDTO"
I/PackageManager( 1569):   Category: "android.intent.category.DEFAULT"
I/PackageManager( 1569):   Scheme: "mms"
I/PackageManager( 1569): Adding preferred activity ComponentInfo{com.android.mms/com.android.mms.ui.ComposeMessageActivity} for user 0 :
D/dalvikvm( 1569): GC_FOR_ALLOC freed 1358K, 44% free 8680K/15264K, paused 10ms, total 10ms
I/PackageManager( 1569):   Action: "android.intent.action.SENDTO"
I/PackageManager( 1569):   Category: "android.intent.category.DEFAULT"
I/PackageManager( 1569):   Scheme: "mmsto"
I/PackageManager( 1569): Adding preferred activity ComponentInfo{com.android.mms/com.android.mms.ui.ComposeMessageActivity} for user 0 :
I/IcingInternalCorpora( 2196): EventIndexer: starting incremental update
I/IcingInternalCorpora( 2196): EventIndexer: 0 added, 0 removed, 0 changed, 0 unchanged, 0 errors.
I/IcingInternalCorpora( 2196): EventIndexer: finished after 7 ms.
W/Conscrypt( 2196): Could not set socket write timeout: java.net.SocketException: Socket closed
W/Conscrypt( 2196): 	at com.google.android.gms.org.conscrypt.Platform.setSocketWriteTimeout(:com.google.android.gms@202414005@20.24.14 (000700-319035315):2)
W/Conscrypt( 2196): 	at com.google.android.gms.org.conscrypt.ConscryptFileDescriptorSocket.setSoWriteTimeout(:com.google.android.gms@202414005@20.24.14 (000700-319035315):0)
I/Checkin ( 2196): [CheckinRequestProcessor] updateCheckinIdTokenFileFromResponse, Reading existing AID
I/Checkin ( 2196): [CheckinRequestProcessor] CheckinNowTaskTag : Checkin Succeeded: https://android.googleapis.com/checkin (fragment #1).
W/Conscrypt( 1790): Could not set socket write timeout: java.net.SocketException: Socket closed
W/Conscrypt( 1790): 	at com.google.android.gms.org.conscrypt.Platform.setSocketWriteTimeout(:com.google.android.gms@202414005@20.24.14 (000700-319035315):2)
W/Conscrypt( 1790): 	at com.google.android.gms.org.conscrypt.ConscryptFileDescriptorSocket.setSoWriteTimeout(:com.google.android.gms@202414005@20.24.14 (000700-319035315):0)
W/Conscrypt( 1790): Could not set socket write timeout: java.net.SocketException: Socket closed
W/Conscrypt( 1790): 	at com.google.android.gms.org.conscrypt.Platform.setSocketWriteTimeout(:com.google.android.gms@202414005@20.24.14 (000700-319035315):2)
W/Conscrypt( 1790): 	at com.google.android.gms.org.conscrypt.ConscryptFileDescriptorSocket.setSoWriteTimeout(:com.google.android.gms@202414005@20.24.14 (000700-319035315):0)
I/GCM-GMS ( 2196): Got GMS registration
I/DynamiteModule( 1812): Considering local module com.google.android.gms.googlecertificates:4 and remote module com.google.android.gms.googlecertificates:4
I/DynamiteModule( 1812): Selected local version of com.google.android.gms.googlecertificates
I/dalvikvm( 1812): Could not find method android.app.Notification$Builder.setLocalOnly, referenced from method com.google.android.gms.common.GoogleCertificatesImpl.isGoogleOrPlatformSigned
W/dalvikvm( 1812): VFY: unable to resolve virtual method 2308: Landroid/app/Notification$Builder;.setLocalOnly (Z)Landroid/app/Notification$Builder;
D/dalvikvm( 1812): VFY: replacing opcode 0x6e at 0x00b1
D/AlarmManagerService( 1569): Kernel timezone updated to 240 minutes west of GMT
D/        ( 1847): Setting time of day to sec=1629021244
I/ActivityManager( 1569): Waited long enough for: ServiceRecord{9d75f8e0 u0 com.android.music/.MediaPlaybackService}
I/ActivityManager( 1569): Resuming delayed broadcast
I/Icing.InternalIcingCorporaProvider( 2329): Updating corpora: A: it.unina.android.ripper, C: MAYBE
W/GCM     ( 1790): Unexpected forwarded intent: Intent { act=android.intent.action.PACKAGE_ADDED dat=package:it.unina.android.ripper flg=0x4000010 cmp=com.google.android.gms/.chimera.PersistentIntentOperationService (has extras) }
I/Auth    ( 2196): [SupervisedAccountIntentOperation] onHandleIntent(): android.intent.action.PACKAGE_ADDED
I/Auth    ( 2196): [SupervisedAccountIntentOperation] This operation is disabled
W/GCM     ( 1790): Unexpected forwarded intent: Intent { act=android.intent.action.PACKAGE_ADDED dat=package:it.unina.android.ripper flg=0x4000010 cmp=com.google.android.gms/.chimera.PersistentIntentOperationService (has extras) }
I/ActivityManager( 1569): Delay finish: com.google.android.googlequicksearchbox/com.google.android.searchcommon.summons.icing.InternalIcingCorporaProvider$CorporaChangedReceiver
I/ChromeSync( 2196): [Sync,SyncIntentOperation] Handling the intent: Intent { act=android.intent.action.PACKAGE_ADDED dat=package:it.unina.android.ripper flg=0x4000010 cmp=com.google.android.gms/.chimera.GmsIntentOperationService (has extras) }.
I/FontLog ( 2196): Package it.unina.android.ripper has no metadata [CONTEXT service_id=132 ]
E/GmsClient( 2196): unable to connect to service: com.google.android.gms.auth.key.retrieval.service.START on com.google.android.gms
I/Icing   ( 2196): IndexChimeraService.getServiceInterface callingPackage=com.google.android.googlequicksearchbox componentName=null serviceId=21
W/ActivityManager( 1569): Unable to start service Intent { act=com.google.android.gms.auth.key.retrieval.service.START pkg=com.google.android.gms } U=0: not found
W/ActivityManager( 1569): Unbind failed: could not find connection for android.os.BinderProxy@9d408e30
W/Icing.InternalIcingCorporaProvider( 2329): Application table change notification failed.
I/ChromeSync( 2196): [Persistence,AffiliationManager] One of affiliation or grouping data for android://KSmUCdTXmQS-j9D_O8l1jvyu41Pjn2mc5cb0Gvx1e9H1Aj4JCzHs_uTW26nbtH65K-YfijtBsQxGp-8R6k6HFg==@it.unina.android.ripper/ was not found. Marking affiliation data as stale...
I/ActivityManager( 1569): Resuming delayed broadcast
E/BluetoothAdapter( 1862): Bluetooth binder is null
W/Icing   ( 2196): No valid account for uploading user actions
I/Icing   ( 2196): Usage reports ok 0, Failed Usage reports 0, indexed 0, rejected 0
I/dalvikvm( 2452): Could not find method android.app.admin.DeviceAdminReceiver.onChoosePrivateKeyAlias, referenced from method bpj.a
W/dalvikvm( 2452): VFY: unable to resolve virtual method 2571: Landroid/app/admin/DeviceAdminReceiver;.onChoosePrivateKeyAlias (Landroid/content/Context;Landroid/content/Intent;ILandroid/net/Uri;Ljava/lang/String;)Ljava/lang/String;
D/dalvikvm( 2452): VFY: replacing opcode 0x75 at 0x0000
I/dalvikvm( 2452): Could not find method android.app.admin.DeviceAdminReceiver.onSystemUpdatePending, referenced from method bpj.a
W/dalvikvm( 2452): VFY: unable to resolve virtual method 2583: Landroid/app/admin/DeviceAdminReceiver;.onSystemUpdatePending (Landroid/content/Context;Landroid/content/Intent;J)V
D/dalvikvm( 2452): VFY: replacing opcode 0x6f at 0x0000
I/dalvikvm( 2452): Could not find method android.app.admin.DeviceAdminReceiver.onLockTaskModeEntering, referenced from method bpj.a
W/dalvikvm( 2452): VFY: unable to resolve virtual method 2575: Landroid/app/admin/DeviceAdminReceiver;.onLockTaskModeEntering (Landroid/content/Context;Landroid/content/Intent;Ljava/lang/String;)V
D/dalvikvm( 2452): VFY: replacing opcode 0x6f at 0x0000
I/dalvikvm( 2452): Could not find method android.app.admin.DeviceAdminReceiver.onProfileProvisioningComplete, referenced from method bpj.h
W/dalvikvm( 2452): VFY: unable to resolve virtual method 2581: Landroid/app/admin/DeviceAdminReceiver;.onProfileProvisioningComplete (Landroid/content/Context;Landroid/content/Intent;)V
D/dalvikvm( 2452): VFY: replacing opcode 0x6f at 0x0000
I/dalvikvm( 2452): Could not find method android.app.admin.DeviceAdminReceiver.onReadyForUserInitialization, referenced from method bpj.i
W/dalvikvm( 2452): VFY: unable to resolve virtual method 2582: Landroid/app/admin/DeviceAdminReceiver;.onReadyForUserInitialization (Landroid/content/Context;Landroid/content/Intent;)V
D/dalvikvm( 2452): VFY: replacing opcode 0x6f at 0x0000
I/dalvikvm( 2452): Could not find method android.app.admin.DeviceAdminReceiver.onLockTaskModeExiting, referenced from method bpj.j
W/dalvikvm( 2452): VFY: unable to resolve virtual method 2576: Landroid/app/admin/DeviceAdminReceiver;.onLockTaskModeExiting (Landroid/content/Context;Landroid/content/Intent;)V
D/dalvikvm( 2452): VFY: replacing opcode 0x6f at 0x0000
I/dalvikvm( 2452): Could not find method android.app.NotificationManager.getCurrentInterruptionFilter, referenced from method nea.b
W/dalvikvm( 2452): VFY: unable to resolve virtual method 2504: Landroid/app/NotificationManager;.getCurrentInterruptionFilter ()I
D/dalvikvm( 2452): VFY: replacing opcode 0x6e at 0x0002
E/MDM     ( 2196): [94] aamr.a: No Google accounts; deferring server state update.
I/dalvikvm( 2452): Could not find method android.content.ServiceConnection.onNullBinding, referenced from method uxb.onNullBinding
W/dalvikvm( 2452): VFY: unable to resolve interface method 2566: Landroid/content/ServiceConnection;.onNullBinding (Landroid/content/ComponentName;)V
D/dalvikvm( 2452): VFY: replacing opcode 0x72 at 0x000f
V/SmsReceiverService( 2783): onStart: #1 mResultCode: -1 = Activity.RESULT_OK
I/ActivityManager( 1569): Delay finish: com.android.mms/.transaction.SmsReceiver
I/ActivityManager( 1569): Resuming delayed broadcast
I/ActivityManager( 1569): Delay finish: com.google.android.gsf/.update.SystemUpdateService$Receiver
I/SystemUpdateService( 1812): cancelUpdate (empty URL)
I/SystemUpdateService( 1812): cancelUpdate (empty URL)
I/ActivityManager( 1569): Resuming delayed broadcast
D/dalvikvm( 1790): GC_FOR_ALLOC freed 2187K, 22% free 8709K/11156K, paused 11ms, total 11ms
I/ActivityManager( 1569): Delay finish: com.google.android.gms/.auth.account.be.channelid.ChannelBindingBroadcastReceiver
I/ActivityManager( 1569): Resuming delayed broadcast
I/dalvikvm( 1790): Could not find method android.app.admin.DevicePolicyManager.getProfileOwner, referenced from method com.google.android.gms.auth.managed.intentoperations.SetupWorkProfileSettingsIntentOperation.a
W/dalvikvm( 1790): VFY: unable to resolve virtual method 2591: Landroid/app/admin/DevicePolicyManager;.getProfileOwner ()Landroid/content/ComponentName;
D/dalvikvm( 1790): VFY: replacing opcode 0x6e at 0x0028
I/dalvikvm( 1790): Could not find method android.app.Activity.getMediaController, referenced from method com.google.android.chimera.ActivityBase.getMediaController
W/dalvikvm( 1790): VFY: unable to resolve virtual method 2155: Landroid/app/Activity;.getMediaController ()Landroid/media/session/MediaController;
D/dalvikvm( 1790): VFY: replacing opcode 0x6e at 0x0002
I/dalvikvm( 1790): Could not find method android.app.Activity.getSearchEvent, referenced from method com.google.android.chimera.ActivityBase.getSearchEvent
W/dalvikvm( 1790): VFY: unable to resolve virtual method 2160: Landroid/app/Activity;.getSearchEvent ()Landroid/view/SearchEvent;
D/dalvikvm( 1790): VFY: replacing opcode 0x6e at 0x0002
W/dalvikvm( 1790): VFY: unable to find class referenced in signature (Landroid/app/VoiceInteractor;)
W/dalvikvm( 1790): VFY: unable to find class referenced in signature (Landroid/app/VoiceInteractor;)
W/dalvikvm( 1790): VFY: unable to find class referenced in signature (Landroid/os/PersistableBundle;)
W/dalvikvm( 1790): VFY: unable to find class referenced in signature (Landroid/os/PersistableBundle;)
W/dalvikvm( 1790): VFY: unable to find class referenced in signature (Landroid/os/PersistableBundle;)
W/dalvikvm( 1790): VFY: unable to find class referenced in signature (Landroid/os/PersistableBundle;)
W/dalvikvm( 1790): VFY: unable to find class referenced in signature (Landroid/app/assist/AssistContent;)
W/dalvikvm( 1790): VFY: unable to find class referenced in signature (Landroid/app/assist/AssistContent;)
W/dalvikvm( 1790): VFY: unable to find class referenced in signature (Landroid/os/PersistableBundle;)
W/dalvikvm( 1790): VFY: unable to find class referenced in signature (Landroid/os/PersistableBundle;)
I/GmsModuleFndr( 2196): Beginning GMS chimera module scan
W/dalvikvm( 1790): VFY: unable to find class referenced in signature (Landroid/os/PersistableBundle;)
W/dalvikvm( 1790): VFY: unable to find class referenced in signature (Landroid/os/PersistableBundle;)
W/dalvikvm( 1790): VFY: unable to find class referenced in signature (Landroid/view/SearchEvent;)
W/dalvikvm( 1790): VFY: unable to find class referenced in signature (Landroid/view/SearchEvent;)
I/dalvikvm( 1790): Could not find method android.app.Activity.requestPermissions, referenced from method com.google.android.chimera.ActivityBase.requestPermissions
W/dalvikvm( 1790): VFY: unable to resolve virtual method 2194: Landroid/app/Activity;.requestPermissions ([Ljava/lang/String;I)V
D/dalvikvm( 1790): VFY: replacing opcode 0x6e at 0x0002
W/dalvikvm( 1790): VFY: unable to find class referenced in signature (Landroid/media/session/MediaController;)
I/dalvikvm( 1790): Could not find method android.app.Activity.setMediaController, referenced from method com.google.android.chimera.ActivityBase.setMediaController
W/dalvikvm( 1790): VFY: unable to resolve virtual method 2205: Landroid/app/Activity;.setMediaController (Landroid/media/session/MediaController;)V
D/dalvikvm( 1790): VFY: replacing opcode 0x6e at 0x0002
I/Herrevad( 1790): [71] wkz.a: updateListenState
I/ModuleSetMgr( 2196): Computing pending module set with APKs: [[AdsFdrDynamite.integ:21460000000], [Cronetdynamite:202414000700], [Dynamiteloader:202414000700], [Dynamitemodulesa:202414000000], [Dynamitemodulesc:202414000000], [Googlecertificates:202414000000], [Mapsdynamite:202414000000], [Measurementdynamite:202414000000]]
I/ModuleSetMgr( 2196): Pending container module APKs: []
I/Auth    ( 1790): [AuthManaged,PasswordComplexityHelperImpl] Updating password complexity components state.
I/ModuleSetMgr( 2196): Pending non-container module APKs: []
I/Auth    ( 1790): [AuthManaged,PasswordComplexityHelperImpl] Disabling com.google.android.gms.auth.managed.admin.DeviceAdminReceiver
I/Auth    ( 1790): [AuthManaged,PasswordComplexityHelperImpl] Disabling com.google.android.gms.auth.managed.ui.SetNewPasswordActivity
I/Search.GservicesUpdateTask( 2329): Updating Gservices keys
I/ActivityManager( 1569): Delay finish: com.google.android.gsf/.checkin.EventLogService$Receiver
D/dalvikvm( 1812): GC_EXPLICIT freed 415K, 24% free 6184K/8120K, paused 1ms+1ms, total 22ms
D/dalvikvm( 2196): GC_FOR_ALLOC freed 1907K, 25% free 11452K/15184K, paused 35ms, total 35ms
I/ChromeSync( 2196): [Sync,SyncIntentOperation] Handling the intent: Intent { act=com.google.gservices.intent.action.GSERVICES_CHANGED flg=0x10 cmp=com.google.android.gms/.chimera.GmsIntentOperationService$PersistentInternalReceiver }.
I/GCoreUlr( 1790): WorldUpdater received intent Intent { act=com.google.android.location.reporting.ACTION_UPDATE_WORLD cmp=com.google.android.gms/com.google.android.location.reporting.service.DispatchingService (has extras) } with receiverAction com.google.gservices.intent.action.GSERVICES_CHANGED
I/MobileDataHub( 2196): Scheduling periodic tasks
W/MobileDataHub( 2196): [Service] appsupload-periodic periodic task disabled
I/dalvikvm( 2196): Could not find method android.location.SettingInjectorService.refreshSettings, referenced from method com.google.android.chimera.SettingInjectorService.refreshSettings
W/dalvikvm( 2196): VFY: unable to resolve static method 3755: Landroid/location/SettingInjectorService;.refreshSettings (Landroid/content/Context;)V
D/dalvikvm( 2196): VFY: replacing opcode 0x71 at 0x0000
I/MdiSyncModule( 2196): flag handling is skipping irrelevant intent.
I/GStaticConfiguration( 2329): Ignore gservice update: no configuration
I/SystemUpdate( 2196): [Installation,ReceiverIntentOperation] Received intent: Intent { act=com.google.gservices.intent.action.GSERVICES_CHANGED flg=0x10 cmp=com.google.android.gms/.chimera.GmsIntentOperationService$PersistentInternalReceiver }.
I/SystemUpdate( 2196): [Execution,InstallationEventIntentOperation] Handling event of type 2.
I/SystemUpdate( 2196): [Execution,InstallationIntentOperation] Received intent: Intent { act=com.google.android.gms.update.INSTALL_UPDATE cat=[targeted_intent_op_prefix:.update.execution.InstallationIntentOperation] cmp=com.google.android.gms/.chimera.GmsIntentOperationService }.
E/dalvikvm( 1790): Could not find class 'android.app.usage.UsageStatsManager', referenced from method cme.j
W/dalvikvm( 1790): VFY: unable to resolve check-cast 613 (Landroid/app/usage/UsageStatsManager;) in Lcme;
D/dalvikvm( 1790): VFY: replacing opcode 0x1f at 0x001e
D/dalvikvm( 1790): DexOpt: unable to opt direct call 0x0a9d at 0x2e in Lcme;.j
I/dalvikvm( 1790): Could not find method android.os.PowerManager.isInteractive, referenced from method cmg.a
W/dalvikvm( 1790): VFY: unable to resolve virtual method 4227: Landroid/os/PowerManager;.isInteractive ()Z
D/dalvikvm( 1790): VFY: replacing opcode 0x6e at 0x0010
I/dalvikvm( 1790): Could not find method android.os.PowerManager.isInteractive, referenced from method clu.j
W/dalvikvm( 1790): VFY: unable to resolve virtual method 4227: Landroid/os/PowerManager;.isInteractive ()Z
D/dalvikvm( 1790): VFY: replacing opcode 0x6e at 0x0011
I/SystemUpdate( 2196): [Execution,ExecutionManager] Action finished-execution executed for 0.00 seconds.
I/dalvikvm( 1790): Could not find method android.app.AlarmManager.getNextAlarmClock, referenced from method ckr.l
W/dalvikvm( 1790): VFY: unable to resolve virtual method 2380: Landroid/app/AlarmManager;.getNextAlarmClock ()Landroid/app/AlarmManager$AlarmClockInfo;
D/dalvikvm( 1790): VFY: replacing opcode 0x6e at 0x0004
I/ActivityManager( 1569): Resuming delayed broadcast
I/SystemUpdateService( 1812): cancelUpdate (empty URL)
D/dalvikvm( 1812): GC_EXPLICIT freed 169K, 25% free 6170K/8120K, paused 0ms+1ms, total 8ms
I/GeofencerStateMachine( 1790): removeGeofences: removeRequest=RemoveGeofencingRequest[REMOVE_BY_PENDING_INTENT pendingIntent=PendingIntent[creatorPackage=com.google.android.gms], packageName=com.google.android.gms]
I/Auth    ( 1790): [AuthManaged,PasswordComplexityHelperImpl] Updating password complexity components state.
I/Auth    ( 1790): [AuthManaged,PasswordComplexityHelperImpl] Disabling com.google.android.gms.auth.managed.admin.DeviceAdminReceiver
I/Herrevad( 1790): [170] wkz.a: updateListenState
I/Auth    ( 1790): [AuthManaged,PasswordComplexityHelperImpl] Disabling com.google.android.gms.auth.managed.ui.SetNewPasswordActivity
W/ctxmgr  ( 1790): [FencePendingIntentCache]Sending CONTEXT_MANAGER_RESTARTED broadcast to com.google.android.apps.wellbeing [CONTEXT service_id=47 ]
I/GCoreUlr( 1790): WorldUpdater:com.google.gservices.intent.action.GSERVICES_CHANGED: Ensuring that reporting is stopped because of reasons: (no Google accounts)
I/SystemUpdateService( 1812): cancelUpdate (empty URL)
I/ActivityManager( 1569): Delay finish: com.google.android.googlequicksearchbox/com.google.android.searchcommon.GservicesBroadcastReceiver
I/Search.GservicesUpdateTask( 2329): Updating Gservices keys
V/EmulatedCamera_Camera( 1146): getCameraInfo
V/EmulatedCamera_BaseCamera( 1146): getCameraInfo
I/OcrModelUpStIntentOp( 2196): Updating ocr activity enabled=true (phenotypeFlag=true, lowRamDevice=false, prereqCheck=true)
I/GCoreUlr( 1790): Unbound from all signal providers.
D/dalvikvm( 1569): GC_EXPLICIT freed 1371K, 43% free 8703K/15264K, paused 1ms+5ms, total 29ms
I/GStaticConfiguration( 2329): Ignore gservice update: no configuration
D/dalvikvm( 2196): GC_EXPLICIT freed 938K, 25% free 11512K/15184K, paused 15ms+3ms, total 90ms
D/dalvikvm( 1790): GC_FOR_ALLOC freed 1665K, 20% free 8973K/11156K, paused 14ms, total 14ms
I/OcrModelUpStIntentOp( 2196): Downloading text recognizer
I/GeofencerStateMachine( 1790): removeGeofences: removeRequest=RemoveGeofencingRequest[REMOVE_BY_PENDING_INTENT pendingIntent=PendingIntent[creatorPackage=com.google.android.gms], packageName=com.google.android.gms]
D/dalvikvm( 2196): newInstance failed: no <init>()
I/GmsModuleFndr( 2196): Beginning GMS chimera module scan
I/ActivityManager( 1569): Resuming delayed broadcast
I/ModuleSetMgr( 2196): Computing pending module set with APKs: [[AdsFdrDynamite.integ:21460000000], [Cronetdynamite:202414000700], [Dynamiteloader:202414000700], [Dynamitemodulesa:202414000000], [Dynamitemodulesc:202414000000], [Googlecertificates:202414000000], [Mapsdynamite:202414000000], [Measurementdynamite:202414000000]]
I/ModuleSetMgr( 2196): Pending container module APKs: []
I/ModuleSetMgr( 2196): Pending non-container module APKs: []
I/ChromeSync( 2196): [Sync,SyncIntentOperation] Handling the intent: Intent { act=com.google.gservices.intent.action.GSERVICES_CHANGED flg=0x10 cmp=com.google.android.gms/.chimera.GmsIntentOperationService$PersistentInternalReceiver }.
I/MobileDataHub( 2196): Scheduling periodic tasks
W/MobileDataHub( 2196): [Service] appsupload-periodic periodic task disabled
I/MdiSyncModule( 2196): flag handling is skipping irrelevant intent.
V/EmulatedCamera_Camera( 1146): getCameraInfo
V/EmulatedCamera_BaseCamera( 1146): getCameraInfo
I/OcrModelUpStIntentOp( 2196): Updating ocr activity enabled=true (phenotypeFlag=true, lowRamDevice=false, prereqCheck=true)
I/OcrModelUpStIntentOp( 2196): Downloading text recognizer
I/SystemUpdate( 2196): [Installation,ReceiverIntentOperation] Received intent: Intent { act=com.google.gservices.intent.action.GSERVICES_CHANGED flg=0x10 cmp=com.google.android.gms/.chimera.GmsIntentOperationService$PersistentInternalReceiver }.
I/GCoreUlr( 1790): WorldUpdater received intent Intent { act=com.google.android.location.reporting.ACTION_UPDATE_WORLD cmp=com.google.android.gms/com.google.android.location.reporting.service.DispatchingService (has extras) } with receiverAction com.google.gservices.intent.action.GSERVICES_CHANGED
D/dalvikvm( 1812): GC_EXPLICIT freed 324K, 24% free 6176K/8120K, paused 0ms+0ms, total 5ms
I/SystemUpdate( 2196): [Execution,InstallationEventIntentOperation] Handling event of type 2.
I/SystemUpdate( 2196): [Execution,InstallationIntentOperation] Received intent: Intent { act=com.google.android.gms.update.INSTALL_UPDATE cat=[targeted_intent_op_prefix:.update.execution.InstallationIntentOperation] cmp=com.google.android.gms/.chimera.GmsIntentOperationService }.
I/SystemUpdate( 2196): [Execution,ExecutionManager] Action finished-execution executed for 0.00 seconds.
I/ahju    ( 1790): Scheduling Phenotype for a PhenotypeSyncImmediately(6, com.google.android.gms.checkin.binary) one off with window [1, 2] in seconds [CONTEXT service_id=51 ]
D/dalvikvm( 2196): GC_EXPLICIT freed 1108K, 24% free 11567K/15184K, paused 12ms+9ms, total 116ms
I/GCoreUlr( 1790): WorldUpdater:com.google.gservices.intent.action.GSERVICES_CHANGED: Ensuring that reporting is stopped because of reasons: (no Google accounts)
I/GCoreUlr( 1790): Unbound from all signal providers.
I/GCoreUlr( 1790): Unbound from all signal providers.
I/GCoreUlr( 1790): Stopping handler for UlrDispSvcFast
D/dalvikvm( 2196): GC_EXPLICIT freed 146K, 24% free 11578K/15184K, paused 3ms+14ms, total 56ms
E/PhenotypeRegOp( 2196): Attempting to overwrite config package for com.google.android.gms.games [CONTEXT service_id=231 ]
E/PhenotypeRegOp( 2196): Attempting to overwrite config package for com.google.android.gms.mobile_data_plan [CONTEXT service_id=231 ]
E/PhenotypeRegOp( 2196): Attempting to overwrite config package for com.google.android.gms.signin [CONTEXT service_id=231 ]
E/PhenotypeRegOp( 2196): Attempting to overwrite config package for com.google.android.gms.udc [CONTEXT service_id=231 ]
I/DownloadManager( 1885): Download 6 starting
D/dalvikvm( 2547): GC_FOR_ALLOC freed 910K, 31% free 5557K/7972K, paused 3ms, total 4ms
W/ActivityThread( 1885): ClassLoader.loadClass: The class loader returned by Thread.getContextClassLoader() may fail for processes that host multiple applications. You should explicitly specify a context class loader. For example: Thread.setContextClassLoader(getClass().getClassLoader());
D/dalvikvm( 1885): GC_FOR_ALLOC freed 452K, 16% free 3434K/4080K, paused 5ms, total 5ms
D/dalvikvm( 2196): GC_EXPLICIT freed 458K, 24% free 11549K/15184K, paused 11ms+1ms, total 71ms
D/dalvikvm( 2196): GC_EXPLICIT freed 38K, 25% free 11517K/15184K, paused 7ms+1ms, total 24ms
D/dalvikvm( 2196): GC_EXPLICIT freed 10K, 25% free 11515K/15184K, paused 2ms+2ms, total 22ms
D/dalvikvm( 1790): GC_FOR_ALLOC freed 1826K, 19% free 9165K/11248K, paused 16ms, total 17ms
D/dalvikvm( 2196): GC_EXPLICIT freed 20K, 25% free 11529K/15184K, paused 1ms+3ms, total 29ms
I/Fitness ( 1790): OnPackageChangedOperation got intent: Intent { act=android.intent.action.PACKAGE_CHANGED dat=package:com.android.email flg=0x4000010 cmp=com.google.android.gms/.chimera.PersistentIntentOperationService (has extras) } [CONTEXT service_id=17 ]
I/ActivityManager( 1569): Delay finish: com.google.android.googlequicksearchbox/com.google.android.searchcommon.summons.icing.InternalIcingCorporaProvider$CorporaChangedReceiver
W/Conscrypt( 2196): Could not set socket write timeout: java.net.SocketException: Socket closed
W/Conscrypt( 2196): 	at com.google.android.gms.org.conscrypt.Platform.setSocketWriteTimeout(:com.google.android.gms@202414005@20.24.14 (000700-319035315):2)
W/Conscrypt( 2196): 	at com.google.android.gms.org.conscrypt.ConscryptFileDescriptorSocket.setSoWriteTimeout(:com.google.android.gms@202414005@20.24.14 (000700-319035315):0)
I/Icing.InternalIcingCorporaProvider( 2329): Updating corpora: A: com.android.email, C: MAYBE
I/Fitness ( 1790): FitCleanupIntentOperation received Intent android.intent.action.PACKAGE_CHANGED [CONTEXT service_id=17 ]
D/ConnectivityService( 1569): handleInetConditionHoldEnd: net=0, condition=100, published condition=0
I/Icing   ( 2196): IndexChimeraService.getServiceInterface callingPackage=com.google.android.googlequicksearchbox componentName=null serviceId=21
I/ActivityManager( 1569): Resuming delayed broadcast
W/Launcher( 2381): setApplicationContext called twice! old=com.google.android.velvet.VelvetApplication@9d014da8 new=com.google.android.velvet.VelvetApplication@9d014da8
I/Fitness ( 1790): OnPackageChangedOperation got intent: Intent { act=android.intent.action.PACKAGE_CHANGED dat=package:com.google.android.gsf flg=0x4000010 cmp=com.google.android.gms/.chimera.PersistentIntentOperationService (has extras) } [CONTEXT service_id=17 ]
I/Fitness ( 1790): FitCleanupIntentOperation received Intent android.intent.action.PACKAGE_CHANGED [CONTEXT service_id=17 ]
W/Icing   ( 2196): No valid account for uploading user actions
I/ActivityManager( 1569): Delay finish: com.google.android.googlequicksearchbox/com.google.android.searchcommon.summons.icing.InternalIcingCorporaProvider$CorporaChangedReceiver
I/Icing   ( 2196): Usage reports ok 0, Failed Usage reports 0, indexed 0, rejected 0
I/Icing.InternalIcingCorporaProvider( 2329): Updating corpora: A: com.google.android.gsf, C: MAYBE
I/Icing   ( 2196): IndexChimeraService.getServiceInterface callingPackage=com.google.android.googlequicksearchbox componentName=null serviceId=21
W/Conscrypt( 2196): Could not set socket write timeout: java.net.SocketException: Socket closed
W/Conscrypt( 2196): 	at com.google.android.gms.org.conscrypt.Platform.setSocketWriteTimeout(:com.google.android.gms@202414005@20.24.14 (000700-319035315):2)
W/Conscrypt( 2196): 	at com.google.android.gms.org.conscrypt.ConscryptFileDescriptorSocket.setSoWriteTimeout(:com.google.android.gms@202414005@20.24.14 (000700-319035315):0)
W/Icing   ( 2196): No valid account for uploading user actions
D/dalvikvm( 2196): GC_EXPLICIT freed 1180K, 24% free 11591K/15184K, paused 16ms+2ms, total 117ms
I/Icing   ( 2196): Usage reports ok 0, Failed Usage reports 0, indexed 0, rejected 0
W/Launcher( 2381): setApplicationContext called twice! old=com.google.android.velvet.VelvetApplication@9d014da8 new=com.google.android.velvet.VelvetApplication@9d014da8
I/ActivityManager( 1569): Resuming delayed broadcast
I/Fitness ( 1790): OnPackageChangedOperation got intent: Intent { act=android.intent.action.PACKAGE_CHANGED dat=package:com.google.android.gms flg=0x4000010 cmp=com.google.android.gms/.chimera.PersistentIntentOperationService (has extras) } [CONTEXT service_id=17 ]
I/ActivityManager( 1569): Delay finish: com.google.android.googlequicksearchbox/com.google.android.searchcommon.summons.icing.InternalIcingCorporaProvider$CorporaChangedReceiver
I/GmsModuleFndr( 2196): Beginning GMS chimera module scan
I/Fitness ( 1790): FitCleanupIntentOperation received Intent android.intent.action.PACKAGE_CHANGED [CONTEXT service_id=17 ]
D/dalvikvm( 2329): GC_FOR_ALLOC freed 501K, 17% free 3489K/4184K, paused 2ms, total 2ms
I/Icing.InternalIcingCorporaProvider( 2329): Updating corpora: A: com.google.android.gms, C: MAYBE
D/dalvikvm( 1885): GC_FOR_ALLOC freed 554K, 19% free 3392K/4140K, paused 19ms, total 19ms
I/Icing   ( 2196): updateResources: need to parse wwx{com.google.android.gms}
I/ModuleSetMgr( 2196): Computing pending module set with APKs: [[AdsFdrDynamite.integ:21460000000], [Cronetdynamite:202414000700], [Dynamiteloader:202414000700], [Dynamitemodulesa:202414000000], [Dynamitemodulesc:202414000000], [Googlecertificates:202414000000], [Mapsdynamite:202414000000], [Measurementdynamite:202414000000]]
I/ModuleSetMgr( 2196): Pending container module APKs: []
I/Icing   ( 2196): IndexChimeraService.getServiceInterface callingPackage=com.google.android.googlequicksearchbox componentName=null serviceId=21
I/ModuleSetMgr( 2196): Pending non-container module APKs: []
W/Icing   ( 2196): No valid account for uploading user actions
D/dalvikvm( 2196): GC_EXPLICIT freed 1168K, 24% free 11616K/15184K, paused 3ms+1ms, total 31ms
I/Icing   ( 2196): Usage reports ok 0, Failed Usage reports 0, indexed 0, rejected 0
W/Launcher( 2381): setApplicationContext called twice! old=com.google.android.velvet.VelvetApplication@9d014da8 new=com.google.android.velvet.VelvetApplication@9d014da8
I/ActivityManager( 1569): Resuming delayed broadcast
D/dalvikvm( 1790): GC_FOR_ALLOC freed 1837K, 19% free 9377K/11472K, paused 20ms, total 21ms
I/Fitness ( 1790): OnPackageChangedOperation got intent: Intent { act=android.intent.action.PACKAGE_CHANGED dat=package:com.google.android.inputmethod.latin flg=0x4000010 cmp=com.google.android.gms/.chimera.PersistentIntentOperationService (has extras) } [CONTEXT service_id=17 ]
I/Fitness ( 1790): FitCleanupIntentOperation received Intent android.intent.action.PACKAGE_CHANGED [CONTEXT service_id=17 ]
I/Icing.InternalIcingCorporaProvider( 2329): Updating corpora: A: com.google.android.inputmethod.latin, C: MAYBE
I/ActivityManager( 1569): Delay finish: com.google.android.googlequicksearchbox/com.google.android.searchcommon.summons.icing.InternalIcingCorporaProvider$CorporaChangedReceiver
I/DownloadManager( 1885): Download 6 finished with status SUCCESS
I/Icing   ( 2196): Indexing com.google.android.gms-apps from com.google.android.gms
I/dalvikvm( 1790): Could not find method android.net.ConnectivityManager.isDefaultNetworkActive, referenced from method com.google.android.gms.clearcut.uploader.QosUploaderChimeraService.a
W/dalvikvm( 1790): VFY: unable to resolve virtual method 3874: Landroid/net/ConnectivityManager;.isDefaultNetworkActive ()Z
D/dalvikvm( 1790): VFY: replacing opcode 0x6e at 0x00c6
D/dalvikvm( 2196): GC_EXPLICIT freed 375K, 24% free 11574K/15184K, paused 1ms+7ms, total 46ms
I/Icing   ( 2196): IndexChimeraService.getServiceInterface callingPackage=com.google.android.googlequicksearchbox componentName=null serviceId=21
D/dalvikvm( 2196): GC_EXPLICIT freed 60K, 24% free 11624K/15184K, paused 1ms+3ms, total 28ms
D/dalvikvm( 2196): GC_EXPLICIT freed 123K, 24% free 11555K/15184K, paused 1ms+0ms, total 13ms
D/dalvikvm( 2196): GC_EXPLICIT freed 133K, 24% free 11566K/15184K, paused 1ms+9ms, total 29ms
W/Launcher( 2381): setApplicationContext called twice! old=com.google.android.velvet.VelvetApplication@9d014da8 new=com.google.android.velvet.VelvetApplication@9d014da8
W/Icing   ( 2196): No valid account for uploading user actions
I/Icing   ( 2196): Usage reports ok 0, Failed Usage reports 0, indexed 0, rejected 0
I/ActivityManager( 1569): Resuming delayed broadcast
I/Icing   ( 2196): Indexing done com.google.android.gms-apps
D/dalvikvm( 1569): GC_EXPLICIT freed 1103K, 44% free 8663K/15264K, paused 1ms+1ms, total 11ms
I/ActivityManager( 1569): Delay finish: com.android.providers.calendar/.CalendarProviderBroadcastReceiver
I/ActivityManager( 1569): Resuming delayed broadcast
D/dalvikvm( 2196): GC_EXPLICIT freed 39K, 24% free 11552K/15184K, paused 4ms+4ms, total 33ms
I/Authzen ( 2196): [AuthZenEventHandler] Handling event: com.google.android.gms.gcm.REGISTERED
I/GCoreUlr( 1790): GCM registration ID changed: Intent { act=com.google.android.gms.gcm.REGISTERED flg=0x10 pkg=com.google.android.gms cmp=com.google.android.gms/com.google.android.location.reporting.service.GcmRegistrationReceiver }
E/MDM     ( 2196): [87] aamr.a: No Google accounts; deferring server state update.
V/AlarmClock( 2605): AlarmInitReceiver android.intent.action.TIMEZONE_CHANGED
I/AlarmClock( 2605): Displaying next alarm time: ''
V/AlarmClock( 2605): AlarmInitReceiver finished
I/Notifications( 2646): [ChimeBroadcastReceiver] Intent received for action [android.intent.action.TIMEZONE_CHANGED] package [com.google.android.play.games].
I/Notifications( 2646): [ChimeBroadcastReceiver] Validation OK for action [android.intent.action.TIMEZONE_CHANGED].
I/Notifications( 2646): [ChimeBroadcastReceiver] Executing action in Service [android.intent.action.TIMEZONE_CHANGED].
I/SystemUpdate( 2196): [Installation,ReceiverIntentOperation] Received intent: Intent { act=android.intent.action.TIME_SET flg=0x24000010 cmp=com.google.android.gms/.chimera.GmsIntentOperationService$PersistentTrustedReceiver }.
I/SystemUpdate( 2196): [Execution,InstallationEventIntentOperation] Handling event of type 6.
I/SystemUpdate( 2196): [Execution,InstallationIntentOperation] Received intent: Intent { act=com.google.android.gms.update.INSTALL_UPDATE cat=[targeted_intent_op_prefix:.update.execution.InstallationIntentOperation] cmp=com.google.android.gms/.chimera.GmsIntentOperationService }.
V/AlarmClock( 2605): AlarmInitReceiver android.intent.action.TIME_SET
I/SystemUpdate( 2196): [Execution,ExecutionManager] Action finished-execution executed for 0.00 seconds.
I/AlarmClock( 2605): Displaying next alarm time: ''
V/AlarmClock( 2605): AlarmInitReceiver finished
D/dalvikvm( 2196): GC_EXPLICIT freed 486K, 24% free 11619K/15184K, paused 3ms+7ms, total 77ms
D/dalvikvm( 1790): GC_FOR_ALLOC freed 1868K, 19% free 9558K/11684K, paused 20ms, total 21ms
D/dalvikvm( 2196): GC_EXPLICIT freed 87K, 25% free 11539K/15184K, paused 1ms+0ms, total 28ms
D/dalvikvm( 2196): DexOpt: couldn't find static field Landroid/os/Build;.SUPPORTED_ABIS
W/dalvikvm( 2196): VFY: unable to resolve static field 17846 (SUPPORTED_ABIS) in Landroid/os/Build;
D/dalvikvm( 2196): VFY: replacing opcode 0x62 at 0x0006
I/Vision  ( 2196): Supported ABIS: [x86]
I/GCoreUlr( 1790): Unbound from all signal providers.
I/GCoreUlr( 1790): Stopping handler for UlrDispSvcFast
I/GmsModuleFndr( 2196): Beginning GMS chimera module scan
D/AlertService( 2579): Beginning updateAlertNotification
I/Vision  ( 2196): Requesting optional module download of ocr.
I/ChmraDebugLogger( 1790): [53] +vision.ocr:-1
D/AlertService( 2579): No fired or scheduled alerts
I/Vision  ( 2196): Checking for download completion for 43191 -- ocr
I/ModuleSetMgr( 2196): Computing pending module set with APKs: [[AdsFdrDynamite.integ:21460000000], [Cronetdynamite:202414000700], [Dynamiteloader:202414000700], [Dynamitemodulesa:202414000000], [Dynamitemodulesc:202414000000], [Googlecertificates:202414000000], [Mapsdynamite:202414000000], [Measurementdynamite:202414000000]]
I/ModuleSetMgr( 2196): Pending container module APKs: []
I/ModuleSetMgr( 2196): Pending non-container module APKs: []
I/ChimeraConfigurator( 2196): Starting update, reason: 4 urgentFeatures: vision.ocr:-1
I/Vision  ( 2196): Requesting optional module download of ocr.
I/Vision  ( 2196): Checking for download completion for 43209 -- ocr
D/AlertService( 2579): Scheduling next alarm with AlarmScheduler. sEventReminderReceived: null
D/dalvikvm( 2618): GC_FOR_ALLOC freed 292K, 14% free 3214K/3700K, paused 2ms, total 2ms
E/MS_DownloadManager( 2196): Unsupported Matchstick Download Type: 
E/MS_DownloadManager( 2196): Failed to get download uri for unsupported Matchstick download type: 
I/Vision  ( 2196): Requesting optional module download of ocr.
I/Vision  ( 2196): Checking for download completion for 43233 -- ocr
D/AlarmScheduler( 2579): No events found starting within 1 week.
D/dalvikvm( 1790): GC_FOR_ALLOC freed 2236K, 22% free 9370K/11864K, paused 9ms, total 9ms
D/dalvikvm( 1812): GC_EXPLICIT freed 356K, 24% free 6174K/8120K, paused 1ms+1ms, total 5ms
W/Conscrypt( 1790): Could not set socket write timeout: java.net.SocketException: Socket closed
W/Conscrypt( 1790): 	at com.google.android.gms.org.conscrypt.Platform.setSocketWriteTimeout(:com.google.android.gms@202414005@20.24.14 (000700-319035315):2)
W/Conscrypt( 1790): 	at com.google.android.gms.org.conscrypt.ConscryptFileDescriptorSocket.setSoWriteTimeout(:com.google.android.gms@202414005@20.24.14 (000700-319035315):0)
W/Conscrypt( 1790): Could not set socket write timeout: java.net.SocketException: Socket closed
W/Conscrypt( 1790): 	at com.google.android.gms.org.conscrypt.Platform.setSocketWriteTimeout(:com.google.android.gms@202414005@20.24.14 (000700-319035315):2)
W/Conscrypt( 1790): 	at com.google.android.gms.org.conscrypt.ConscryptFileDescriptorSocket.setSoWriteTimeout(:com.google.android.gms@202414005@20.24.14 (000700-319035315):0)
D/dalvikvm( 1790): GC_FOR_ALLOC freed 2174K, 23% free 9243K/11864K, paused 8ms, total 8ms
I/GCM-GMS ( 2196): Registering GMS 745476177629
I/GCM-GMS ( 2196): Got GMS registration
D/dalvikvm( 1790): GC_FOR_ALLOC freed 294K, 23% free 9180K/11864K, paused 9ms, total 9ms
I/dalvikvm-heap( 1790): Grow heap (frag case) to 9.246MB for 32780-byte allocation
D/dalvikvm( 1790): GC_FOR_ALLOC freed <1K, 23% free 9211K/11900K, paused 6ms, total 6ms
D/dalvikvm( 1790): GC_FOR_ALLOC freed 290K, 24% free 9106K/11900K, paused 7ms, total 7ms
I/dalvikvm-heap( 1790): Grow heap (frag case) to 9.205MB for 65548-byte allocation
I/Icing   ( 2196): Indexing com.google.android.googlequicksearchbox-applications from com.google.android.googlequicksearchbox
D/dalvikvm( 1790): GC_FOR_ALLOC freed 0K, 24% free 9170K/11968K, paused 8ms, total 8ms
I/Icing   ( 2196): Indexing done com.google.android.googlequicksearchbox-applications
D/dalvikvm( 1790): GC_FOR_ALLOC freed 8K, 24% free 9170K/11968K, paused 7ms, total 7ms
I/dalvikvm-heap( 1790): Grow heap (frag case) to 9.330MB for 131084-byte allocation
D/dalvikvm( 1790): GC_FOR_ALLOC freed 0K, 24% free 9298K/12100K, paused 7ms, total 7ms
I/Icing   ( 2196): Indexing com.google.android.gms-apps from com.google.android.gms
I/Icing   ( 2196): Indexing done com.google.android.gms-apps
I/Icing   ( 2196): Indexing com.google.android.googlequicksearchbox-applications from com.google.android.googlequicksearchbox
I/Icing   ( 2196): Indexing done com.google.android.googlequicksearchbox-applications
I/Icing   ( 2196): Indexing com.google.android.gms-internal.3p:MobileApplication from com.google.android.gms
I/Icing   ( 2196): Indexing done com.google.android.gms-internal.3p:MobileApplication
D/dalvikvm( 1790): GC_FOR_ALLOC freed 20K, 24% free 9298K/12100K, paused 9ms, total 9ms
I/dalvikvm-heap( 1790): Grow heap (frag case) to 9.580MB for 262156-byte allocation
D/dalvikvm( 1790): GC_FOR_ALLOC freed 0K, 23% free 9554K/12360K, paused 8ms, total 8ms
I/Icing   ( 2196): Indexing com.google.android.gms-apps from com.google.android.gms
I/Icing   ( 2196): Indexing done com.google.android.gms-apps
D/dalvikvm( 1790): GC_FOR_ALLOC freed 30K, 23% free 9554K/12360K, paused 9ms, total 9ms
I/dalvikvm-heap( 1790): Grow heap (frag case) to 9.946MB for 383224-byte allocation
D/dalvikvm( 1790): GC_FOR_ALLOC freed 504K, 27% free 9424K/12736K, paused 9ms, total 9ms
I/Icing   ( 2196): Indexing com.google.android.googlequicksearchbox-applications from com.google.android.googlequicksearchbox
I/Icing   ( 2196): Indexing done com.google.android.googlequicksearchbox-applications
I/Icing   ( 2196): Indexing com.google.android.gms-internal.3p:MobileApplication from com.google.android.gms
I/Icing   ( 2196): Indexing done com.google.android.gms-internal.3p:MobileApplication
I/Icing   ( 2196): Indexing com.google.android.gms-apps from com.google.android.gms
I/Icing   ( 2196): Indexing done com.google.android.gms-apps
I/Icing   ( 2196): Indexing com.google.android.gms-apps from com.google.android.gms
I/Icing   ( 2196): Indexing done com.google.android.gms-apps
I/Icing   ( 2196): Indexing com.google.android.googlequicksearchbox-applications from com.google.android.googlequicksearchbox
I/Icing   ( 2196): Indexing done com.google.android.googlequicksearchbox-applications
D/dalvikvm( 1790): GC_FOR_ALLOC freed 980K, 18% free 10491K/12736K, paused 8ms, total 9ms
I/ActivityManager( 1569): Killing 1981:com.android.externalstorage/u0a6 (adj 15): empty #17
D/dalvikvm( 1790): GC_FOR_ALLOC freed 3154K, 27% free 9388K/12800K, paused 11ms, total 11ms
I/Auth    ( 1790): [AuthManaged,PasswordComplexityHelperImpl] Updating password complexity components state.
I/Auth    ( 1790): [AuthManaged,PasswordComplexityHelperImpl] Disabling com.google.android.gms.auth.managed.admin.DeviceAdminReceiver
I/Auth    ( 1790): [AuthManaged,PasswordComplexityHelperImpl] Disabling com.google.android.gms.auth.managed.ui.SetNewPasswordActivity
D/dalvikvm( 1790): GC_FOR_ALLOC freed 1537K, 27% free 9351K/12800K, paused 10ms, total 10ms
I/ahlt    ( 1790): updateFromConfigurations using legacy put method [CONTEXT service_id=204 ]
I/ahju    ( 1790): Scheduling Phenotype for a PhenotypeSyncImmediately(12, com.google.android.gms) one off with window [1, 2] in seconds [CONTEXT service_id=51 ]
D/dalvikvm( 1569): GC_EXPLICIT freed 1182K, 44% free 8676K/15264K, paused 0ms+1ms, total 10ms
D/dalvikvm( 1790): GC_FOR_ALLOC freed 1652K, 26% free 9511K/12800K, paused 10ms, total 10ms
I/Auth    ( 1790): [AuthManaged,PasswordComplexityHelperImpl] Updating password complexity components state.
I/Auth    ( 1790): [AuthManaged,PasswordComplexityHelperImpl] Disabling com.google.android.gms.auth.managed.admin.DeviceAdminReceiver
I/Auth    ( 1790): [AuthManaged,PasswordComplexityHelperImpl] Disabling com.google.android.gms.auth.managed.ui.SetNewPasswordActivity
I/ahlt    ( 1790): updateFromConfigurations using legacy put method [CONTEXT service_id=204 ]
D/dalvikvm( 2196): GC_FOR_ALLOC freed 1543K, 21% free 12043K/15184K, paused 24ms, total 25ms
I/Auth    ( 1790): [AuthManaged,PasswordComplexityHelperImpl] Updating password complexity components state.
I/Auth    ( 1790): [AuthManaged,PasswordComplexityHelperImpl] Disabling com.google.android.gms.auth.managed.admin.DeviceAdminReceiver
I/Auth    ( 1790): [AuthManaged,PasswordComplexityHelperImpl] Disabling com.google.android.gms.auth.managed.ui.SetNewPasswordActivity
I/Auth    ( 1790): [AuthManaged,PasswordComplexityHelperImpl] Updating password complexity components state.
I/Auth    ( 1790): [AuthManaged,PasswordComplexityHelperImpl] Disabling com.google.android.gms.auth.managed.admin.DeviceAdminReceiver
I/Auth    ( 1790): [AuthManaged,PasswordComplexityHelperImpl] Disabling com.google.android.gms.auth.managed.ui.SetNewPasswordActivity
I/Auth    ( 1790): [AuthManaged,PasswordComplexityHelperImpl] Updating password complexity components state.
I/Auth    ( 1790): [AuthManaged,PasswordComplexityHelperImpl] Disabling com.google.android.gms.auth.managed.admin.DeviceAdminReceiver
I/Auth    ( 1790): [AuthManaged,PasswordComplexityHelperImpl] Disabling com.google.android.gms.auth.managed.ui.SetNewPasswordActivity
D/dalvikvm( 2452): GC_FOR_ALLOC freed 1080K, 16% free 6738K/8012K, paused 6ms, total 6ms
I/dalvikvm( 1790): JIT code cache full after ChainingCellCounts (trace uses 268B)
I/Auth    ( 1790): [AuthManaged,PasswordComplexityHelperImpl] Updating password complexity components state.
I/Auth    ( 1790): [AuthManaged,PasswordComplexityHelperImpl] Disabling com.google.android.gms.auth.managed.admin.DeviceAdminReceiver
I/Auth    ( 1790): [AuthManaged,PasswordComplexityHelperImpl] Disabling com.google.android.gms.auth.managed.ui.SetNewPasswordActivity
I/Auth    ( 1790): [AuthManaged,PasswordComplexityHelperImpl] Updating password complexity components state.
I/Auth    ( 1790): [AuthManaged,PasswordComplexityHelperImpl] Disabling com.google.android.gms.auth.managed.admin.DeviceAdminReceiver
I/Auth    ( 1790): [AuthManaged,PasswordComplexityHelperImpl] Disabling com.google.android.gms.auth.managed.ui.SetNewPasswordActivity
I/PTCommittedOperation( 1790): Receive new configuration for com.google.android.gms.people
I/ChromeSync( 2196): [Sync,SyncIntentOperation] Handling the intent: Intent { act=com.google.android.gms.phenotype.COMMITTED flg=0x10 pkg=com.google.android.gms cmp=com.google.android.gms/.chimera.GmsIntentOperationService (has extras) }.
E/GmsClient( 2196): unable to connect to service: com.google.android.gms.auth.key.retrieval.service.START on com.google.android.gms
I/MdiSyncModule( 2196): flag handling is skipping irrelevant intent.
W/ActivityManager( 1569): Unable to start service Intent { act=com.google.android.gms.auth.key.retrieval.service.START pkg=com.google.android.gms } U=0: not found
W/ActivityManager( 1569): Unbind failed: could not find connection for android.os.BinderProxy@9d87f630
W/FsaEntryPointSwitcher( 2196): getServiceInfo failed for com.google.android.gms.people.sync.focus.ContactsSyncAdapterService
W/ModuleInitIntentOp( 2196): Dropping unexpected action com.google.android.gms.phenotype.COMMITTED
I/FsaEntryPointSwitcher( 2196): setting component enabled=1 for com.google.android.gms.people.sync.focus.ContactsSyncAdapterService
I/FsaEntryPointSwitcher( 2196): Setting component enabled succeeds.
I/FsaEntryPointSwitcher( 2196): setting component enabled=2 for com.google.android.syncadapters.contacts.ContactsSyncAdapterService
I/FsaEntryPointSwitcher( 2196): Setting component enabled succeeds.
I/ChromeSync( 2196): [Sync,SyncIntentOperation] Handling the intent: Intent { act=com.google.android.gms.phenotype.COMMITTED flg=0x10 pkg=com.google.android.gms cmp=com.google.android.gms/.chimera.GmsIntentOperationService (has extras) }.
I/MdiSyncModule( 2196): flag handling is skipping irrelevant intent.
W/ModuleInitIntentOp( 2196): Dropping unexpected action com.google.android.gms.phenotype.COMMITTED
I/ChromeSync( 2196): [Sync,SyncIntentOperation] Handling the intent: Intent { act=com.google.android.gms.phenotype.COMMITTED flg=0x10 pkg=com.google.android.gms cmp=com.google.android.gms/.chimera.GmsIntentOperationService (has extras) }.
I/MdiSyncModule( 2196): flag handling is skipping irrelevant intent.
W/ModuleInitIntentOp( 2196): Dropping unexpected action com.google.android.gms.phenotype.COMMITTED
I/ChromeSync( 2196): [Sync,SyncIntentOperation] Handling the intent: Intent { act=com.google.android.gms.phenotype.COMMITTED flg=0x10 pkg=com.google.android.gms cmp=com.google.android.gms/.chimera.GmsIntentOperationService (has extras) }.
I/MdiSyncModule( 2196): flag handling is skipping irrelevant intent.
W/ModuleInitIntentOp( 2196): Dropping unexpected action com.google.android.gms.phenotype.COMMITTED
D/dalvikvm( 1790): JIT code cache reset in 0 ms (523000 bytes 1/0)
D/dalvikvm( 1790): GC_FOR_ALLOC freed 2104K, 27% free 9455K/12800K, paused 8ms, total 8ms
