I/ahju    ( 1779): Scheduling Phenotype for a PhenotypeSyncImmediately(6, com.google.android.gms.settings.platform) one off with window [1, 2] in seconds [CONTEXT service_id=51 ]
D/dalvikvm( 1567): GC_FOR_ALLOC freed 1055K, 51% free 7371K/14824K, paused 10ms, total 10ms
D/dalvikvm( 2083): GC_FOR_ALLOC freed 786K, 30% free 6219K/8864K, paused 5ms, total 5ms
I/Icing   ( 2083): Using regular flags by method 2
W/Settings( 2083): Setting device_provisioned has moved from android.provider.Settings.Secure to android.provider.Settings.Global.
E/dalvikvm( 2083): Could not find class 'android.net.Network', referenced from method anbj.a
W/dalvikvm( 2083): VFY: unable to resolve check-cast 7930 (Landroid/net/Network;) in Lanbj;
D/dalvikvm( 2083): VFY: replacing opcode 0x1f at 0x01c1
I/dalvikvm( 1779): Could not find method android.os.UserManager.isManagedProfile, referenced from method nmn.g
W/dalvikvm( 1779): VFY: unable to resolve virtual method 4277: Landroid/os/UserManager;.isManagedProfile ()Z
D/dalvikvm( 1779): VFY: replacing opcode 0x6e at 0x0012
I/dalvikvm( 1779): Could not find method android.app.admin.DevicePolicyManager.getAccountTypesWithManagementDisabled, referenced from method nmn.i
W/dalvikvm( 1779): VFY: unable to resolve virtual method 2586: Landroid/app/admin/DevicePolicyManager;.getAccountTypesWithManagementDisabled ()[Ljava/lang/String;
D/dalvikvm( 1779): VFY: replacing opcode 0x6e at 0x002b
D/dalvikvm( 1567): GC_FOR_ALLOC freed 1065K, 51% free 7404K/14824K, paused 7ms, total 7ms
D/dalvikvm( 1797): GC_EXPLICIT freed 268K, 10% free 6872K/7592K, paused 0ms+2ms, total 7ms
I/GCoreUlr( 1779): WorldUpdater received intent Intent { act=com.google.android.location.reporting.ACTION_UPDATE_WORLD cmp=com.google.android.gms/com.google.android.location.reporting.service.DispatchingService (has extras) } with receiverAction android.location.PROVIDERS_CHANGED
D/dalvikvm( 1567): GC_FOR_ALLOC freed 1113K, 51% free 7398K/14824K, paused 10ms, total 11ms
D/dalvikvm( 2083): GC_FOR_ALLOC freed 772K, 27% free 6525K/8864K, paused 5ms, total 5ms
D/AndroidRuntime( 2232): 
D/AndroidRuntime( 2232): >>>>>> AndroidRuntime START com.android.internal.os.RuntimeInit <<<<<<
W/linker  ( 2232): libdvm.so has text relocations. This is wasting memory and is a security risk. Please fix.
D/AndroidRuntime( 2232): CheckJNI is ON
D/dalvikvm( 2232): Trying to load lib libjavacore.so 0x0
D/dalvikvm( 2232): Added shared lib libjavacore.so 0x0
D/dalvikvm( 2232): Trying to load lib libnativehelper.so 0x0
D/dalvikvm( 2232): Added shared lib libnativehelper.so 0x0
D/dalvikvm( 2232): No JNI_OnLoad found in libnativehelper.so 0x0, skipping init
D/dalvikvm( 2232): Note: class Landroid/app/ActivityManagerNative; has 179 unimplemented (abstract) methods
I/SystemUpdate( 2083): [Execution,InstallationEventIntentOperation] Handling event of type 1.
I/GCoreUlr( 1779): WorldUpdater:android.location.PROVIDERS_CHANGED: Ensuring that reporting is stopped because of reasons: (no Google accounts)
E/memtrack( 2232): Couldn't load memtrack module (No such file or directory)
E/android.os.Debug( 2232): failed to load memtrack module: -2
D/AndroidRuntime( 2232): Calling main entry com.android.commands.pm.Pm
D/AndroidRuntime( 2232): Shutting down VM
I/GCoreUlr( 1779): Unbound from all signal providers.
D/jdwp    ( 2232): Got wake-up signal, bailing out of select
D/dalvikvm( 2232): Debugger has detached; object registry had 1 entries
D/dalvikvm( 1567): GC_FOR_ALLOC freed 1096K, 51% free 7408K/14824K, paused 7ms, total 7ms
D/dalvikvm( 1779): GC_FOR_ALLOC freed 756K, 14% free 6538K/7552K, paused 21ms, total 21ms
I/ahju    ( 1779): Scheduling Phenotype for a PhenotypeSyncImmediately(6, com.google.android.gms.settings.platform.boot) one off with window [1, 2] in seconds [CONTEXT service_id=51 ]
I/dalvikvm( 1779): Could not find method android.provider.DeviceConfig.getProperty, referenced from method ahlr.a
W/dalvikvm( 1779): VFY: unable to resolve static method 29770: Landroid/provider/DeviceConfig;.getProperty (Ljava/lang/String;Ljava/lang/String;)Ljava/lang/String;
D/dalvikvm( 1779): VFY: replacing opcode 0x71 at 0x0000
I/SystemUpdate( 2083): [Execution,InstallationIntentOperation] Received intent: Intent { act=com.google.android.gms.update.INSTALL_UPDATE cat=[targeted_intent_op_prefix:.update.execution.InstallationIntentOperation] cmp=com.google.android.gms/.chimera.GmsIntentOperationService }.
I/dalvikvm( 1779): Could not find method android.provider.DeviceConfig.setProperty, referenced from method ahlr.a
W/dalvikvm( 1779): VFY: unable to resolve static method 29771: Landroid/provider/DeviceConfig;.setProperty (Ljava/lang/String;Ljava/lang/String;Ljava/lang/String;Z)Z
D/dalvikvm( 1779): VFY: replacing opcode 0x71 at 0x0000
D/dalvikvm( 2083): GC_FOR_ALLOC freed 1133K, 26% free 6572K/8864K, paused 5ms, total 5ms
I/SystemUpdate( 2083): [Control,InstallationControl] Installation progress updated to (0x000, -1.000).
D/dalvikvm( 1567): GC_FOR_ALLOC freed 1112K, 51% free 7395K/14824K, paused 11ms, total 11ms
W/dalvikvm( 2083): VFY: unable to find class referenced in signature (Landroid/net/Network;)
W/dalvikvm( 2083): VFY: unable to find class referenced in signature (Landroid/net/Network;)
I/dalvikvm( 2083): Could not find method android.net.Network.openConnection, referenced from method wna.a
W/dalvikvm( 2083): VFY: unable to resolve virtual method 5072: Landroid/net/Network;.openConnection (Ljava/net/URL;)Ljava/net/URLConnection;
D/dalvikvm( 2083): VFY: replacing opcode 0x6e at 0x008f
E/GmsRequestQueue( 2083): Tried to stop global GMSCore RequestQueue. This is likely unintended, so ignoring.
I/ahgs    ( 1779): No Heterodyne serving version in database [CONTEXT service_id=51 ]
D/dalvikvm( 2083): GC_FOR_ALLOC freed 788K, 25% free 6652K/8864K, paused 7ms, total 7ms
I/Authzen ( 2083): [AuthZenEventHandler] Handling event: com.google.android.chimera.IntentOperation.NEW_MODULE
E/Authzen ( 2083): [AuthZenEventHandler] unknown action: com.google.android.chimera.IntentOperation.NEW_MODULE
D/dalvikvm( 1567): GC_FOR_ALLOC freed 1096K, 51% free 7392K/14824K, paused 10ms, total 10ms
W/ActivityManager( 1567): Unable to start service Intent { act=com.google.android.gms.nearby.discovery:ACTION_INIT_MESSAGES_PATH cmp=com.google.android.gms/.nearby.discovery.service.DiscoveryService } U=0: not found
I/NearbySharing( 2083): Runtime state initialization complete. Sharing is disabled. [CONTEXT service_id=194 ]
I/PeopleSync( 2083): First sync
D/dalvikvm( 2083): GC_FOR_ALLOC freed 566K, 25% free 6735K/8864K, paused 4ms, total 4ms
D/dalvikvm( 1567): GC_FOR_ALLOC freed 1112K, 51% free 7384K/14824K, paused 7ms, total 7ms
D/dalvikvm( 1797): GC_EXPLICIT freed 1641K, 30% free 5369K/7592K, paused 0ms+1ms, total 8ms
I/SystemUpdate( 2083): [Execution,ExecutionManager] Action pending executed for 0.18 seconds.
I/SystemUpdate( 2083): [Execution,ExecutionManager] Action finished-execution executed for 0.00 seconds.
D/AndroidRuntime( 2256): 
D/AndroidRuntime( 2256): >>>>>> AndroidRuntime START com.android.internal.os.RuntimeInit <<<<<<
W/linker  ( 2256): libdvm.so has text relocations. This is wasting memory and is a security risk. Please fix.
D/AndroidRuntime( 2256): CheckJNI is ON
D/dalvikvm( 2256): Trying to load lib libjavacore.so 0x0
D/dalvikvm( 2256): Added shared lib libjavacore.so 0x0
D/dalvikvm( 2256): Trying to load lib libnativehelper.so 0x0
D/dalvikvm( 2256): Added shared lib libnativehelper.so 0x0
D/dalvikvm( 2256): No JNI_OnLoad found in libnativehelper.so 0x0, skipping init
D/dalvikvm( 1567): GC_FOR_ALLOC freed 1083K, 51% free 7403K/14824K, paused 10ms, total 10ms
I/PeopleSync( 2083): requestAllFullSyncForContainerUpgrade
D/dalvikvm( 2256): Note: class Landroid/app/ActivityManagerNative; has 179 unimplemented (abstract) methods
E/memtrack( 2256): Couldn't load memtrack module (No such file or directory)
E/android.os.Debug( 2256): failed to load memtrack module: -2
I/NearbyDiscovery( 1779): DiscoveryNearbyMessagesManager failed to background unsubscribe [CONTEXT service_id=49 ]
I/NearbyDiscovery( 1779): java.util.concurrent.TimeoutException: Timed out waiting for Task
I/NearbyDiscovery( 1779): 	at amhe.a(:com.google.android.gms@202414005@20.24.14 (000700-319035315):22)
I/NearbyDiscovery( 1779): 	at aceb.b(:com.google.android.gms@202414005@20.24.14 (000700-319035315):5)
I/NearbyDiscovery( 1779): 	at acds.run(:com.google.android.gms@202414005@20.24.14 (000700-319035315):3)
I/NearbyDiscovery( 1779): 	at bkpr.handleMessage(:com.google.android.gms@202414005@20.24.14 (000700-319035315):9)
I/NearbyDiscovery( 1779): 	at android.os.Handler.dispatchMessage(Handler.java:102)
I/NearbyDiscovery( 1779): 	at ypf.a(:com.google.android.gms@202414005@20.24.14 (000700-319035315):2)
I/NearbyDiscovery( 1779): 	at ypf.dispatchMessage(:com.google.android.gms@202414005@20.24.14 (000700-319035315):14)
I/NearbyDiscovery( 1779): 	at android.os.Looper.loop(Looper.java:136)
I/NearbyDiscovery( 1779): 	at android.os.HandlerThread.run(HandlerThread.java:61)
I/NearbyDiscovery( 1779): EventStreamLoggingManager: destroy, unbind service [CONTEXT service_id=49 ]
I/NearbyDiscovery( 1779): Show notifications: 0 total, no changes since last shown, no-op. [CONTEXT service_id=49 ]
W/NearbyShared( 1779): BTConnStateMgr: Already destroyed!
D/AndroidRuntime( 2256): Calling main entry com.android.commands.pm.Pm
E/BluetoothAdapter( 1779): Bluetooth binder is null
E/BluetoothAdapter( 1779): Bluetooth binder is null
I/NearbyDiscovery( 1779): DiscoveryService destroy EventLoop [CONTEXT service_id=49 ]
D/AndroidRuntime( 2256): Shutting down VM
D/jdwp    ( 2256): Got wake-up signal, bailing out of select
D/dalvikvm( 2256): Debugger has detached; object registry had 1 entries
W/ActivityManager( 1567): Unable to start service Intent { act=com.google.android.gms.nearby.discovery:ACTION_PERMISSION_CHANGE cmp=com.google.android.gms/.nearby.discovery.service.DiscoveryService } U=0: not found
I/AndroidRuntime( 2256): NOTE: attach of thread 'Binder_2' failed
E/BluetoothAdapter( 1826): Bluetooth binder is null
I/dalvikvm( 1779): Failed resolving Lnin; interface 549 'Landroid/app/AlarmManager$OnAlarmListener;'
W/dalvikvm( 1779): Link of class 'Lnin;' failed
D/dalvikvm( 1567): GC_FOR_ALLOC freed 1123K, 51% free 7387K/14824K, paused 8ms, total 8ms
I/InputReader( 1567): Reconfiguring input devices.  changes=0x00000010
I/InputReader( 1567): Reconfiguring input devices.  changes=0x00000010
I/PackageManager( 1567):   Action: "android.intent.action.SENDTO"
I/PackageManager( 1567):   Category: "android.intent.category.DEFAULT"
I/PackageManager( 1567):   Scheme: "sms"
I/PackageManager( 1567): Adding preferred activity ComponentInfo{com.android.mms/com.android.mms.ui.ComposeMessageActivity} for user 0 :
I/InputReader( 1567): Reconfiguring input devices.  changes=0x00000010
I/PackageManager( 1567):   Action: "android.intent.action.SENDTO"
I/PackageManager( 1567):   Category: "android.intent.category.DEFAULT"
I/PackageManager( 1567):   Scheme: "smsto"
E/SQLiteLog( 2083): (1) no such table: owners
I/DeletedNullContactsCleanup( 2083): Scheduling the service.
D/dalvikvm( 1815): GC_FOR_ALLOC freed 467K, 16% free 3611K/4272K, paused 1ms, total 1ms
I/PackageManager( 1567): Adding preferred activity ComponentInfo{com.android.mms/com.android.mms.ui.ComposeMessageActivity} for user 0 :
I/PackageManager( 1567):   Action: "android.intent.action.SENDTO"
I/PackageManager( 1567):   Category: "android.intent.category.DEFAULT"
I/PackageManager( 1567):   Scheme: "mms"
I/PeopleDatabaseHelper( 2083): cleanUpNonGplusAccounts done.
I/PeopleSearchIndexManage( 2083): ICU version changed from unknown to 51.1.0.1
I/PackageManager( 1567): Adding preferred activity ComponentInfo{com.android.mms/com.android.mms.ui.ComposeMessageActivity} for user 0 :
I/PackageManager( 1567):   Action: "android.intent.action.SENDTO"
I/PackageManager( 1567):   Category: "android.intent.category.DEFAULT"
I/PackageManager( 1567):   Scheme: "mmsto"
I/PeopleSearchIndexManage( 2083): Rebuilding index...
I/PackageManager( 1567): Adding preferred activity ComponentInfo{com.android.mms/com.android.mms.ui.ComposeMessageActivity} for user 0 :
I/BackupAndSyncValidation( 2083): Scheduling the service.
D/dalvikvm( 1815): GC_FOR_ALLOC freed 236K, 16% free 3650K/4312K, paused 7ms, total 7ms
D/dalvikvm( 2083): GC_FOR_ALLOC freed 1047K, 22% free 6937K/8864K, paused 5ms, total 5ms
I/dalvikvm( 1779): Failed resolving Lnin; interface 549 'Landroid/app/AlarmManager$OnAlarmListener;'
W/dalvikvm( 1779): Link of class 'Lnin;' failed
I/dalvikvm( 1779): Failed resolving Lnin; interface 549 'Landroid/app/AlarmManager$OnAlarmListener;'
W/dalvikvm( 1779): Link of class 'Lnin;' failed
I/dalvikvm( 1779): Failed resolving Lnin; interface 549 'Landroid/app/AlarmManager$OnAlarmListener;'
W/dalvikvm( 1779): Link of class 'Lnin;' failed
W/dalvikvm( 1779): VFY: unable to find class referenced in signature (Lnin;)
D/dalvikvm( 1567): GC_FOR_ALLOC freed 984K, 50% free 7505K/14824K, paused 12ms, total 12ms
I/PackageManager( 1567):   Action: "android.intent.action.SENDTO"
I/PackageManager( 1567):   Category: "android.intent.category.DEFAULT"
I/PackageManager( 1567):   Scheme: "sms"
I/PackageManager( 1567): Adding preferred activity ComponentInfo{com.android.mms/com.android.mms.ui.ComposeMessageActivity} for user 0 :
I/PackageManager( 1567):   Action: "android.intent.action.SENDTO"
I/PackageManager( 1567):   Category: "android.intent.category.DEFAULT"
I/PackageManager( 1567):   Scheme: "smsto"
I/PackageManager( 1567): Adding preferred activity ComponentInfo{com.android.mms/com.android.mms.ui.ComposeMessageActivity} for user 0 :
I/PackageManager( 1567):   Action: "android.intent.action.SENDTO"
I/PackageManager( 1567):   Category: "android.intent.category.DEFAULT"
I/PackageManager( 1567):   Scheme: "mms"
I/PackageManager( 1567): Adding preferred activity ComponentInfo{com.android.mms/com.android.mms.ui.ComposeMessageActivity} for user 0 :
I/PackageManager( 1567):   Action: "android.intent.action.SENDTO"
I/PackageManager( 1567):   Category: "android.intent.category.DEFAULT"
I/PackageManager( 1567):   Scheme: "mmsto"
I/PackageManager( 1567): Adding preferred activity ComponentInfo{com.android.mms/com.android.mms.ui.ComposeMessageActivity} for user 0 :
I/PeopleASM( 2083): Rebuilding autocomplete index...
D/dalvikvm( 1815): GC_FOR_ALLOC freed 332K, 17% free 3647K/4352K, paused 1ms, total 2ms
I/PeopleInitIntentOp( 2083): Not initializing debuggability [CONTEXT service_id=5 ]
I/PeopleSearchIndexManage( 2083): Rebuilding index done.
D/dalvikvm( 1567): GC_FOR_ALLOC freed 1180K, 50% free 7446K/14824K, paused 11ms, total 11ms
I/PackageManager( 1567):   Action: "android.intent.action.SENDTO"
I/PackageManager( 1567):   Category: "android.intent.category.DEFAULT"
I/PackageManager( 1567):   Scheme: "sms"
I/PackageManager( 1567): Adding preferred activity ComponentInfo{com.android.mms/com.android.mms.ui.ComposeMessageActivity} for user 0 :
I/PackageManager( 1567):   Action: "android.intent.action.SENDTO"
I/PackageManager( 1567):   Category: "android.intent.category.DEFAULT"
I/PackageManager( 1567):   Scheme: "smsto"
I/PackageManager( 1567):   Action: "android.intent.action.SENDTO"
I/PackageManager( 1567):   Category: "android.intent.category.DEFAULT"
I/PackageManager( 1567):   Scheme: "mms"
I/PackageManager( 1567): Adding preferred activity ComponentInfo{com.android.mms/com.android.mms.ui.ComposeMessageActivity} for user 0 :
I/PackageManager( 1567): Adding preferred activity ComponentInfo{com.android.mms/com.android.mms.ui.ComposeMessageActivity} for user 0 :
D/dalvikvm( 1779): GC_FOR_ALLOC freed 1011K, 16% free 6735K/8004K, paused 20ms, total 20ms
D/dalvikvm( 1567): GC_FOR_ALLOC freed 943K, 49% free 7621K/14824K, paused 13ms, total 13ms
D/dalvikvm( 1797): GC_EXPLICIT freed 139K, 30% free 5367K/7592K, paused 1ms+1ms, total 5ms
D/dalvikvm( 1815): GC_FOR_ALLOC freed 342K, 17% free 3646K/4352K, paused 2ms, total 2ms
I/PackageManager( 1567):   Action: "android.intent.action.SENDTO"
I/PackageManager( 1567):   Category: "android.intent.category.DEFAULT"
I/PackageManager( 1567):   Scheme: "mmsto"
I/ahju    ( 1779): Scheduling Phenotype for a PhenotypeSyncImmediately(6, com.google.android.gms.people) one off with window [1, 2] in seconds [CONTEXT service_id=51 ]
I/PackageManager( 1567): Adding preferred activity ComponentInfo{com.android.mms/com.android.mms.ui.ComposeMessageActivity} for user 0 :
I/PackageManager( 1567):   Action: "android.intent.action.SENDTO"
I/PackageManager( 1567):   Category: "android.intent.category.DEFAULT"
I/PackageManager( 1567):   Scheme: "sms"
I/PackageManager( 1567): Adding preferred activity ComponentInfo{com.android.mms/com.android.mms.ui.ComposeMessageActivity} for user 0 :
I/PackageManager( 1567):   Action: "android.intent.action.SENDTO"
I/PackageManager( 1567):   Category: "android.intent.category.DEFAULT"
I/PackageManager( 1567):   Scheme: "smsto"
I/PackageManager( 1567): Adding preferred activity ComponentInfo{com.android.mms/com.android.mms.ui.ComposeMessageActivity} for user 0 :
D/dalvikvm( 1815): GC_FOR_ALLOC freed 303K, 16% free 3656K/4352K, paused 2ms, total 2ms
I/PackageManager( 1567):   Action: "android.intent.action.SENDTO"
I/PackageManager( 1567):   Category: "android.intent.category.DEFAULT"
I/PackageManager( 1567):   Scheme: "mms"
I/PackageManager( 1567): Adding preferred activity ComponentInfo{com.android.mms/com.android.mms.ui.ComposeMessageActivity} for user 0 :
D/dalvikvm( 1567): GC_FOR_ALLOC freed 1110K, 49% free 7672K/14824K, paused 11ms, total 12ms
I/dalvikvm( 1779): Could not find method android.os.PowerManager.isInteractive, referenced from method nqg.b
W/dalvikvm( 1779): VFY: unable to resolve virtual method 4227: Landroid/os/PowerManager;.isInteractive ()Z
D/dalvikvm( 1779): VFY: replacing opcode 0x6e at 0x0008
I/PackageManager( 1567):   Action: "android.intent.action.SENDTO"
I/PackageManager( 1567):   Category: "android.intent.category.DEFAULT"
I/PackageManager( 1567):   Scheme: "mmsto"
I/PackageManager( 1567): Adding preferred activity ComponentInfo{com.android.mms/com.android.mms.ui.ComposeMessageActivity} for user 0 :
D/AndroidRuntime( 2285): 
D/AndroidRuntime( 2285): >>>>>> AndroidRuntime START com.android.internal.os.RuntimeInit <<<<<<
W/linker  ( 2285): libdvm.so has text relocations. This is wasting memory and is a security risk. Please fix.
D/AndroidRuntime( 2285): CheckJNI is ON
D/dalvikvm( 2285): Trying to load lib libjavacore.so 0x0
D/dalvikvm( 2285): Added shared lib libjavacore.so 0x0
D/dalvikvm( 2285): Trying to load lib libnativehelper.so 0x0
D/dalvikvm( 2285): Added shared lib libnativehelper.so 0x0
D/dalvikvm( 2285): No JNI_OnLoad found in libnativehelper.so 0x0, skipping init
D/dalvikvm( 1941): GC_FOR_ALLOC freed 2225K, 11% free 22569K/25116K, paused 3ms, total 3ms
I/PackageManager( 1567):   Action: "android.intent.action.SENDTO"
I/PackageManager( 1567):   Category: "android.intent.category.DEFAULT"
I/PackageManager( 1567):   Scheme: "sms"
I/PackageManager( 1567): Adding preferred activity ComponentInfo{com.android.mms/com.android.mms.ui.ComposeMessageActivity} for user 0 :
D/dalvikvm( 1815): GC_FOR_ALLOC freed 365K, 18% free 3611K/4360K, paused 2ms, total 2ms
I/PackageManager( 1567):   Action: "android.intent.action.SENDTO"
I/PackageManager( 1567):   Category: "android.intent.category.DEFAULT"
I/PackageManager( 1567):   Scheme: "smsto"
D/dalvikvm( 2285): Note: class Landroid/app/ActivityManagerNative; has 179 unimplemented (abstract) methods
I/PackageManager( 1567): Adding preferred activity ComponentInfo{com.android.mms/com.android.mms.ui.ComposeMessageActivity} for user 0 :
I/PackageManager( 1567):   Action: "android.intent.action.SENDTO"
I/PackageManager( 1567):   Category: "android.intent.category.DEFAULT"
I/PackageManager( 1567):   Scheme: "mms"
I/ahju    ( 1779): Scheduling Phenotype for a PhenotypeSyncImmediately(6, com.google.android.gms.people.ui) one off with window [1, 2] in seconds [CONTEXT service_id=51 ]
I/PackageManager( 1567): Adding preferred activity ComponentInfo{com.android.mms/com.android.mms.ui.ComposeMessageActivity} for user 0 :
D/dalvikvm( 1567): GC_FOR_ALLOC freed 1399K, 50% free 7443K/14824K, paused 10ms, total 10ms
I/PackageManager( 1567):   Action: "android.intent.action.SENDTO"
I/PackageManager( 1567):   Category: "android.intent.category.DEFAULT"
I/PackageManager( 1567):   Scheme: "mmsto"
I/dalvikvm( 2083): Could not find method android.os.UserManager.getUserProfiles, referenced from method apwh.b
W/dalvikvm( 2083): VFY: unable to resolve virtual method 29751: Landroid/os/UserManager;.getUserProfiles ()Ljava/util/List;
D/dalvikvm( 2083): VFY: replacing opcode 0x6e at 0x005b
I/PackageManager( 1567): Adding preferred activity ComponentInfo{com.android.mms/com.android.mms.ui.ComposeMessageActivity} for user 0 :
I/PackageManager( 1567):   Action: "android.intent.action.SENDTO"
I/PackageManager( 1567):   Category: "android.intent.category.DEFAULT"
I/PackageManager( 1567):   Scheme: "sms"
I/PackageManager( 1567): Adding preferred activity ComponentInfo{com.android.mms/com.android.mms.ui.ComposeMessageActivity} for user 0 :
I/Wear_Controller( 2083): Wear requires a companion app to be installed.
I/Wear_Controller( 2083): onStartup - Wear is not available on this device.
D/dalvikvm( 1815): GC_FOR_ALLOC freed 346K, 16% free 3669K/4360K, paused 4ms, total 5ms
E/memtrack( 2285): Couldn't load memtrack module (No such file or directory)
E/android.os.Debug( 2285): failed to load memtrack module: -2
I/PackageManager( 1567):   Action: "android.intent.action.SENDTO"
I/PackageManager( 1567):   Category: "android.intent.category.DEFAULT"
I/PackageManager( 1567):   Scheme: "smsto"
I/PackageManager( 1567): Adding preferred activity ComponentInfo{com.android.mms/com.android.mms.ui.ComposeMessageActivity} for user 0 :
I/PackageManager( 1567):   Action: "android.intent.action.SENDTO"
I/PackageManager( 1567):   Category: "android.intent.category.DEFAULT"
I/PackageManager( 1567):   Scheme: "mms"
I/ActivityManager( 1567): Start proc com.google.android.gms.ui for service com.google.android.gms/.chimera.UiIntentOperationService: pid=2301 uid=10007 gids={50007, 3003, 1007, 1028, 1015, 3002, 3001, 3007, 2001, 3006}
I/PackageManager( 1567): Adding preferred activity ComponentInfo{com.android.mms/com.android.mms.ui.ComposeMessageActivity} for user 0 :
D/AndroidRuntime( 2285): Calling main entry com.android.commands.pm.Pm
I/PackageManager( 1567):   Action: "android.intent.action.SENDTO"
I/PackageManager( 1567):   Category: "android.intent.category.DEFAULT"
I/PackageManager( 1567):   Scheme: "mmsto"
D/dalvikvm( 1815): GC_FOR_ALLOC freed 317K, 17% free 3662K/4368K, paused 2ms, total 2ms
I/PackageManager( 1567): Adding preferred activity ComponentInfo{com.android.mms/com.android.mms.ui.ComposeMessageActivity} for user 0 :
W/dalvikvm( 2301): VFY: unable to resolve static field 1608 (PR_SET_DUMPABLE) in Landroid/system/OsConstants;
D/dalvikvm( 2301): VFY: replacing opcode 0x60 at 0x0017
W/dalvikvm( 2301): VFY: unable to find class referenced in signature (Lyqx;)
W/dalvikvm( 2301): VFY: unable to find class referenced in signature (Lyro;)
I/ActivityManager( 1567): Start proc com.android.defcontainer for service com.android.defcontainer/.DefaultContainerService: pid=2316 uid=10003 gids={50003, 1028, 1015, 1023, 2001, 1035}
D/dalvikvm( 1567): GC_FOR_ALLOC freed 1115K, 50% free 7445K/14824K, paused 12ms, total 12ms
I/PackageManager( 1567): Running dexopt on: com.android.defcontainer
I/PackageManager( 1567):   Action: "android.intent.action.SENDTO"
I/PackageManager( 1567):   Category: "android.intent.category.DEFAULT"
I/PackageManager( 1567):   Scheme: "sms"
I/PackageManager( 1567): Adding preferred activity ComponentInfo{com.android.mms/com.android.mms.ui.ComposeMessageActivity} for user 0 :
I/PackageManager( 1567):   Action: "android.intent.action.SENDTO"
I/PackageManager( 1567):   Category: "android.intent.category.DEFAULT"
I/PackageManager( 1567):   Scheme: "smsto"
W/linker  ( 2330): libdvm.so has text relocations. This is wasting memory and is a security risk. Please fix.
I/PackageManager( 1567):   Action: "android.intent.action.SENDTO"
I/PackageManager( 1567):   Category: "android.intent.category.DEFAULT"
I/PackageManager( 1567):   Scheme: "mms"
I/PackageManager( 1567): Adding preferred activity ComponentInfo{com.android.mms/com.android.mms.ui.ComposeMessageActivity} for user 0 :
I/PackageManager( 1567): Adding preferred activity ComponentInfo{com.android.mms/com.android.mms.ui.ComposeMessageActivity} for user 0 :
I/PackageManager( 1567):   Action: "android.intent.action.SENDTO"
I/PackageManager( 1567):   Category: "android.intent.category.DEFAULT"
I/PackageManager( 1567):   Scheme: "mmsto"
D/dalvikvm( 1815): GC_FOR_ALLOC freed 389K, 17% free 3652K/4368K, paused 1ms, total 1ms
I/PackageManager( 1567):   Action: "android.intent.action.SENDTO"
I/PackageManager( 1567):   Category: "android.intent.category.DEFAULT"
I/PackageManager( 1567):   Scheme: "sms"
I/PackageManager( 1567): Adding preferred activity ComponentInfo{com.android.mms/com.android.mms.ui.ComposeMessageActivity} for user 0 :
I/PackageManager( 1567): Adding preferred activity ComponentInfo{com.android.mms/com.android.mms.ui.ComposeMessageActivity} for user 0 :
D/dalvikvm( 2330): DexOpt: load 1ms, verify+opt 3ms, 201428 bytes
D/dalvikvm( 1567): GC_FOR_ALLOC freed 1087K, 50% free 7475K/14824K, paused 10ms, total 10ms
I/PackageManager( 1567):   Action: "android.intent.action.SENDTO"
I/PackageManager( 1567):   Category: "android.intent.category.DEFAULT"
I/PackageManager( 1567):   Scheme: "smsto"
I/PackageManager( 1567):   Action: "android.intent.action.SENDTO"
I/PackageManager( 1567):   Category: "android.intent.category.DEFAULT"
I/PackageManager( 1567):   Scheme: "mms"
I/PackageManager( 1567): Adding preferred activity ComponentInfo{com.android.mms/com.android.mms.ui.ComposeMessageActivity} for user 0 :
I/PackageManager( 1567): Adding preferred activity ComponentInfo{com.android.mms/com.android.mms.ui.ComposeMessageActivity} for user 0 :
D/dalvikvm( 1815): GC_FOR_ALLOC freed 314K, 17% free 3655K/4368K, paused 1ms, total 1ms
I/dalvikvm( 2301): Could not find method android.system.Os.readlink, referenced from method msk.a
W/dalvikvm( 2301): VFY: unable to resolve static method 3145: Landroid/system/Os;.readlink (Ljava/lang/String;)Ljava/lang/String;
D/dalvikvm( 2301): VFY: replacing opcode 0x71 at 0x00b0
I/dalvikvm( 2301): Could not find method android.os.PowerManager.isInteractive, referenced from method ndc.a
W/dalvikvm( 2301): VFY: unable to resolve virtual method 3046: Landroid/os/PowerManager;.isInteractive ()Z
D/dalvikvm( 2301): VFY: replacing opcode 0x6e at 0x0013
I/dalvikvm( 2301): Could not find method com.google.android.chimera.ModuleContext.getAttributionTag, referenced from method com.google.android.chimera.ModuleContext.createAttributionContext
W/dalvikvm( 2301): VFY: unable to resolve virtual method 14170: Lcom/google/android/chimera/ModuleContext;.getAttributionTag ()Ljava/lang/String;
D/dalvikvm( 2301): VFY: replacing opcode 0x6e at 0x0004
I/dalvikvm( 2301): Could not find method com.google.android.chimera.ContextThemeWrapper.createAttributionContext, referenced from method com.google.android.chimera.ModuleContext.createAttributionContext
W/dalvikvm( 2301): VFY: unable to resolve virtual method 13785: Lcom/google/android/chimera/ContextThemeWrapper;.createAttributionContext (Ljava/lang/String;)Landroid/content/Context;
D/dalvikvm( 2301): VFY: replacing opcode 0x6f at 0x0035
I/dalvikvm( 2301): Could not find method android.content.ContextWrapper.createCredentialProtectedStorageContext, referenced from method com.google.android.chimera.ModuleContext.createCredentialProtectedStorageContext
W/dalvikvm( 2301): VFY: unable to resolve virtual method 2508: Landroid/content/ContextWrapper;.createCredentialProtectedStorageContext ()Landroid/content/Context;
D/dalvikvm( 2301): VFY: replacing opcode 0x6f at 0x0002
I/dalvikvm( 2301): Could not find method android.content.ContextWrapper.createDeviceProtectedStorageContext, referenced from method com.google.android.chimera.ModuleContext.createDeviceProtectedStorageContext
W/dalvikvm( 2301): VFY: unable to resolve virtual method 2509: Landroid/content/ContextWrapper;.createDeviceProtectedStorageContext ()Landroid/content/Context;
D/dalvikvm( 2301): VFY: replacing opcode 0x6f at 0x0002
I/dalvikvm( 2301): Could not find method com.google.android.chimera.ContextThemeWrapper.sendBroadcastWithMultiplePermissions, referenced from method com.google.android.chimera.ModuleContext.sendBroadcastWithMultiplePermissions
W/dalvikvm( 2301): VFY: unable to resolve virtual method 13795: Lcom/google/android/chimera/ContextThemeWrapper;.sendBroadcastWithMultiplePermissions (Landroid/content/Intent;[Ljava/lang/String;)V
D/dalvikvm( 2301): VFY: replacing opcode 0x6f at 0x0009
I/MultiDex( 2301): VM with version 1.6.0 does not have multidex support
I/MultiDex( 2301): Installing application
I/MultiDex( 2301): MultiDexExtractor(/system/priv-app/PrebuiltGmsCore.apk, /data/data/com.google.android.gms/code_cache/secondary-dexes)
I/PackageManager( 1567):   Action: "android.intent.action.SENDTO"
I/PackageManager( 1567):   Category: "android.intent.category.DEFAULT"
I/PackageManager( 1567):   Scheme: "mmsto"
I/MultiDex( 2301): Blocking on lock /data/data/com.google.android.gms/code_cache/secondary-dexes/MultiDex.lock
I/MultiDex( 2301): /data/data/com.google.android.gms/code_cache/secondary-dexes/MultiDex.lock locked
I/MultiDex( 2301): MultiDexExtractor.load(/system/priv-app/PrebuiltGmsCore.apk, false, )
I/PackageManager( 1567): Adding preferred activity ComponentInfo{com.android.mms/com.android.mms.ui.ComposeMessageActivity} for user 0 :
I/MultiDex( 2301): loading existing secondary dex files
I/MultiDex( 2301): load found 5 secondary dex files
I/MultiDex( 2301): install done
I/dalvikvm( 2301): Could not find method android.content.ContentProvider.query, referenced from method brf.superQuery
W/dalvikvm( 2301): VFY: unable to resolve virtual method 2428: Landroid/content/ContentProvider;.query (Landroid/net/Uri;[Ljava/lang/String;Landroid/os/Bundle;Landroid/os/CancellationSignal;)Landroid/database/Cursor;
D/dalvikvm( 2301): VFY: replacing opcode 0x6f at 0x0000
D/dalvikvm( 1567): GC_FOR_ALLOC freed 1162K, 50% free 7437K/14824K, paused 13ms, total 13ms
I/dalvikvm( 2301): Could not find method android.os.UserHandle.isOwner, referenced from method nmy.f
W/dalvikvm( 2301): VFY: unable to resolve virtual method 3081: Landroid/os/UserHandle;.isOwner ()Z
I/GCoreUlr( 1779): Unbound from all signal providers.
D/dalvikvm( 2301): VFY: replacing opcode 0x6e at 0x000a
I/GCoreUlr( 1779): Stopping handler for UlrDispSvcFast
W/Nearby  ( 1779): Bind call too late - someone already tried to get: interface bkxn [CONTEXT service_id=49 ]
W/ActivityManager( 1567): No content provider found for permission revoke: file:///data/local/tmp/AndroidRipperService.apk
W/ActivityManager( 1567): No content provider found for permission revoke: file:///data/local/tmp/AndroidRipperService.apk
I/PackageManager( 1567): Copying native libraries to /data/app-lib/vmdl788731372
D/dalvikvm( 2301): GC_FOR_ALLOC freed 374K, 16% free 3131K/3700K, paused 1ms, total 1ms
D/dalvikvm( 2301): DexOpt: couldn't find field Landroid/content/pm/ApplicationInfo;.splitSourceDirs
W/dalvikvm( 2301): VFY: unable to resolve instance field 1475
D/dalvikvm( 2301): VFY: replacing opcode 0x54 at 0x0055
D/dalvikvm( 2301): DexOpt: couldn't find static field Landroid/os/Build;.SUPPORTED_ABIS
W/dalvikvm( 2301): VFY: unable to resolve static field 1540 (SUPPORTED_ABIS) in Landroid/os/Build;
D/dalvikvm( 2301): VFY: replacing opcode 0x62 at 0x00d1
I/dalvikvm( 2301): Could not find method android.system.Os.stat, referenced from method nop.a
W/dalvikvm( 2301): VFY: unable to resolve static method 3146: Landroid/system/Os;.stat (Ljava/lang/String;)Landroid/system/StructStat;
D/dalvikvm( 2301): VFY: replacing opcode 0x71 at 0x0182
I/PackageParser( 1567): it.unina.android.ripper_service: compat added android.permission.WRITE_EXTERNAL_STORAGE android.permission.READ_PHONE_STATE
I/dalvikvm( 2301): Could not find method android.content.pm.PackageManager.getPackageInstaller, referenced from method men.a
W/dalvikvm( 2301): VFY: unable to resolve virtual method 2608: Landroid/content/pm/PackageManager;.getPackageInstaller ()Landroid/content/pm/PackageInstaller;
D/dalvikvm( 2301): VFY: replacing opcode 0x6e at 0x001c
W/DynamiteModule( 2301): Local module descriptor class for providerinstaller not found.
D/dalvikvm( 2083): GC_FOR_ALLOC freed 1286K, 22% free 6968K/8864K, paused 6ms, total 6ms
I/dalvikvm( 2301): Could not find method android.system.Os.readlink, referenced from method bse.a
W/dalvikvm( 2301): VFY: unable to resolve static method 3145: Landroid/system/Os;.readlink (Ljava/lang/String;)Ljava/lang/String;
D/dalvikvm( 2301): VFY: replacing opcode 0x71 at 0x0044
I/dalvikvm( 2301): Could not find method android.system.Os.symlink, referenced from method bse.a
W/dalvikvm( 2301): VFY: unable to resolve static method 3147: Landroid/system/Os;.symlink (Ljava/lang/String;Ljava/lang/String;)V
D/dalvikvm( 2301): VFY: replacing opcode 0x71 at 0x00b0
I/dalvikvm( 2301): Could not find method android.system.Os.stat, referenced from method bse.a
W/dalvikvm( 2301): VFY: unable to resolve static method 3146: Landroid/system/Os;.stat (Ljava/lang/String;)Landroid/system/StructStat;
D/dalvikvm( 2301): VFY: replacing opcode 0x71 at 0x0005
W/dalvikvm( 2301): VFY: unable to resolve static field 1615 (S_IXUSR) in Landroid/system/OsConstants;
D/dalvikvm( 2301): VFY: replacing opcode 0x60 at 0x0007
I/dalvikvm( 2301): Could not find method android.system.Os.stat, referenced from method bse.b
W/dalvikvm( 2301): VFY: unable to resolve static method 3146: Landroid/system/Os;.stat (Ljava/lang/String;)Landroid/system/StructStat;
D/dalvikvm( 2301): VFY: replacing opcode 0x71 at 0x0040
W/dalvikvm( 2301): VFY: unable to resolve static field 1612 (S_IRUSR) in Landroid/system/OsConstants;
D/dalvikvm( 2301): VFY: replacing opcode 0x60 at 0x0007
D/dalvikvm( 2301): DexOpt: couldn't find static field Landroid/os/Build;.SUPPORTED_64_BIT_ABIS
W/dalvikvm( 2301): VFY: unable to resolve static field 1539 (SUPPORTED_64_BIT_ABIS) in Landroid/os/Build;
D/dalvikvm( 2301): VFY: replacing opcode 0x62 at 0x0214
W/ProviderHelper( 2301): Unknown dynamite feature providerinstaller
I/ActivityManager( 1567): Delay finish: com.google.android.gms/.chimera.GmsIntentOperationService$PersistentTrustedReceiver
E/GeofenceStateCache( 1779): Unable to load state, all registered geofences are lost.
I/DynamiteModule( 2301): Considering local module providerinstaller:0 and remote module providerinstaller:0
W/ProviderInstaller( 2301): Failed to load providerinstaller module: No acceptable module found. Local version is 0 and remote version is 0.
I/dalvikvm( 2301): Could not find method android.content.ContextWrapper.createCredentialProtectedStorageContext, referenced from method nfr.createCredentialProtectedStorageContext
W/dalvikvm( 2301): VFY: unable to resolve virtual method 2508: Landroid/content/ContextWrapper;.createCredentialProtectedStorageContext ()Landroid/content/Context;
D/dalvikvm( 2301): VFY: replacing opcode 0x6f at 0x0002
I/dalvikvm( 2301): Could not find method android.content.ContextWrapper.createDeviceProtectedStorageContext, referenced from method nfr.createDeviceProtectedStorageContext
W/dalvikvm( 2301): VFY: unable to resolve virtual method 2509: Landroid/content/ContextWrapper;.createDeviceProtectedStorageContext ()Landroid/content/Context;
D/dalvikvm( 2301): VFY: replacing opcode 0x6f at 0x0002
D/dalvikvm( 1797): GC_EXPLICIT freed 172K, 30% free 5367K/7592K, paused 0ms+1ms, total 5ms
D/dalvikvm( 2301): DexOpt: couldn't find static field Landroid/os/Build;.SUPPORTED_64_BIT_ABIS
W/dalvikvm( 2301): VFY: unable to resolve static field 1539 (SUPPORTED_64_BIT_ABIS) in Landroid/os/Build;
D/dalvikvm( 2301): VFY: replacing opcode 0x62 at 0x0080
D/dalvikvm( 2301): DexOpt: couldn't find static field Landroid/os/Build;.SUPPORTED_ABIS
W/dalvikvm( 2301): VFY: unable to resolve static field 1540 (SUPPORTED_ABIS) in Landroid/os/Build;
D/dalvikvm( 2301): VFY: replacing opcode 0x62 at 0x00d3
V/NativeCrypto( 2301): Registering com/google/android/gms/org/conscrypt/NativeCrypto's 286 native methods...
W/dalvikvm( 2301): Unable to resolve superclass of Lcom/google/android/gms/org/conscrypt/TrustManagerImpl; (5184)
W/dalvikvm( 2301): Link of class 'Lcom/google/android/gms/org/conscrypt/TrustManagerImpl;' failed
I/dalvikvm( 2301): Could not find method com.google.android.gms.org.conscrypt.TrustManagerImpl.getDefaultHostnameVerifier, referenced from method com.google.android.gms.org.conscrypt.Conscrypt.getDefaultHostnameVerifier
W/dalvikvm( 2301): VFY: unable to resolve static method 17870: Lcom/google/android/gms/org/conscrypt/TrustManagerImpl;.getDefaultHostnameVerifier ()Lcom/google/android/gms/org/conscrypt/ConscryptHostnameVerifier;
D/dalvikvm( 2301): VFY: replacing opcode 0x71 at 0x0003
W/dalvikvm( 2301): Unable to resolve superclass of Lcom/google/android/gms/org/conscrypt/TrustManagerImpl; (5184)
W/dalvikvm( 2301): Link of class 'Lcom/google/android/gms/org/conscrypt/TrustManagerImpl;' failed
W/dalvikvm( 2301): VFY: unable to find class referenced in signature (Lcom/google/android/gms/org/conscrypt/TrustManagerImpl;)
W/dalvikvm( 2301): Unable to resolve superclass of Lcom/google/android/gms/org/conscrypt/TrustManagerImpl; (5184)
W/dalvikvm( 2301): Link of class 'Lcom/google/android/gms/org/conscrypt/TrustManagerImpl;' failed
I/dalvikvm( 2301): Could not find method com.google.android.gms.org.conscrypt.TrustManagerImpl.getHostnameVerifier, referenced from method com.google.android.gms.org.conscrypt.Conscrypt.getHostnameVerifier
W/dalvikvm( 2301): VFY: unable to resolve virtual method 17872: Lcom/google/android/gms/org/conscrypt/TrustManagerImpl;.getHostnameVerifier ()Lcom/google/android/gms/org/conscrypt/ConscryptHostnameVerifier;
D/dalvikvm( 2301): VFY: replacing opcode 0x6e at 0x0004
W/dalvikvm( 2301): Unable to resolve superclass of Lcom/google/android/gms/org/conscrypt/TrustManagerImpl; (5184)
W/dalvikvm( 2301): Link of class 'Lcom/google/android/gms/org/conscrypt/TrustManagerImpl;' failed
E/dalvikvm( 2301): Could not find class 'com.google.android.gms.org.conscrypt.TrustManagerImpl', referenced from method com.google.android.gms.org.conscrypt.Conscrypt.isConscrypt
W/dalvikvm( 2301): VFY: unable to resolve instanceof 4452 (Lcom/google/android/gms/org/conscrypt/TrustManagerImpl;) in Lcom/google/android/gms/org/conscrypt/Conscrypt;
D/dalvikvm( 2301): VFY: replacing opcode 0x20 at 0x0000
D/dalvikvm( 2301): GC_FOR_ALLOC freed 470K, 18% free 3175K/3840K, paused 2ms, total 2ms
W/dalvikvm( 2301): Unable to resolve superclass of Lcom/google/android/gms/org/conscrypt/TrustManagerImpl; (5184)
W/dalvikvm( 2301): Link of class 'Lcom/google/android/gms/org/conscrypt/TrustManagerImpl;' failed
I/dalvikvm( 2301): Could not find method com.google.android.gms.org.conscrypt.TrustManagerImpl.setDefaultHostnameVerifier, referenced from method com.google.android.gms.org.conscrypt.Conscrypt.setDefaultHostnameVerifier
W/dalvikvm( 2301): VFY: unable to resolve static method 17882: Lcom/google/android/gms/org/conscrypt/TrustManagerImpl;.setDefaultHostnameVerifier (Lcom/google/android/gms/org/conscrypt/ConscryptHostnameVerifier;)V
D/dalvikvm( 2301): VFY: replacing opcode 0x71 at 0x0003
W/dalvikvm( 2301): Unable to resolve superclass of Lcom/google/android/gms/org/conscrypt/TrustManagerImpl; (5184)
W/dalvikvm( 2301): Link of class 'Lcom/google/android/gms/org/conscrypt/TrustManagerImpl;' failed
W/dalvikvm( 2301): VFY: unable to find class referenced in signature (Lcom/google/android/gms/org/conscrypt/TrustManagerImpl;)
W/dalvikvm( 2301): Unable to resolve superclass of Lcom/google/android/gms/org/conscrypt/TrustManagerImpl; (5184)
I/NearbyMessages( 1779): OfflineCache: old scanner cache is not enabled [CONTEXT service_id=62 ]
W/dalvikvm( 2301): Link of class 'Lcom/google/android/gms/org/conscrypt/TrustManagerImpl;' failed
I/dalvikvm( 2301): Could not find method com.google.android.gms.org.conscrypt.TrustManagerImpl.setHostnameVerifier, referenced from method com.google.android.gms.org.conscrypt.Conscrypt.setHostnameVerifier
W/dalvikvm( 2301): VFY: unable to resolve virtual method 17883: Lcom/google/android/gms/org/conscrypt/TrustManagerImpl;.setHostnameVerifier (Lcom/google/android/gms/org/conscrypt/ConscryptHostnameVerifier;)V
D/dalvikvm( 2301): VFY: replacing opcode 0x6e at 0x0004
W/dalvikvm( 2301): Unable to resolve superclass of Lcom/google/android/gms/org/conscrypt/TrustManagerImpl; (5184)
W/dalvikvm( 2301): Link of class 'Lcom/google/android/gms/org/conscrypt/TrustManagerImpl;' failed
E/dalvikvm( 2301): Could not find class 'com.google.android.gms.org.conscrypt.TrustManagerImpl', referenced from method com.google.android.gms.org.conscrypt.Conscrypt.toConscrypt
W/dalvikvm( 2301): VFY: unable to resolve check-cast 4452 (Lcom/google/android/gms/org/conscrypt/TrustManagerImpl;) in Lcom/google/android/gms/org/conscrypt/Conscrypt;
D/dalvikvm( 2301): VFY: replacing opcode 0x1f at 0x002a
D/dalvikvm( 1567): GC_FOR_ALLOC freed 1045K, 50% free 7508K/14824K, paused 10ms, total 10ms
D/dalvikvm( 2301): GC_FOR_ALLOC freed 285K, 13% free 3402K/3884K, paused 2ms, total 2ms
E/dalvikvm( 2083): Could not find class 'android.app.usage.UsageStatsManager', referenced from method vha.a
W/dalvikvm( 2083): VFY: unable to resolve const-class 1242 (Landroid/app/usage/UsageStatsManager;) in Lvha;
D/dalvikvm( 2083): VFY: replacing opcode 0x1c at 0x0009
I/PackageManager( 1567): Running dexopt on: it.unina.android.ripper_service
D/dalvikvm( 2301): GC_FOR_ALLOC freed 131K, 9% free 3766K/4108K, paused 1ms, total 1ms
W/linker  ( 2340): libdvm.so has text relocations. This is wasting memory and is a security risk. Please fix.
I/GeofencerStateMachine( 1779): Network location disabled.
D/dalvikvm( 1779): GC_FOR_ALLOC freed 985K, 16% free 7021K/8264K, paused 10ms, total 10ms
I/GCM-GMS ( 2083): Scheduling task to register GMS
D/dalvikvm( 1567): GC_FOR_ALLOC freed 1151K, 50% free 7490K/14824K, paused 8ms, total 8ms
I/dalvikvm( 1779): Could not find method android.os.UserHandle.isOwner, referenced from method axon.c
W/dalvikvm( 1779): VFY: unable to resolve virtual method 1714: Landroid/os/UserHandle;.isOwner ()Z
D/dalvikvm( 1779): VFY: replacing opcode 0x6e at 0x0186
D/dalvikvm( 2301): GC_FOR_ALLOC freed 130K, 9% free 4111K/4472K, paused 9ms, total 9ms
I/ActivityManager( 1567): Resuming delayed broadcast
I/ActivityManager( 1567): Start proc com.google.android.googlequicksearchbox for broadcast com.google.android.googlequicksearchbox/com.google.android.searchcommon.summons.icing.InternalIcingCorporaProvider$CorporaChangedReceiver: pid=2346 uid=10013 gids={50013, 3003, 1028, 3002, 1015}
D/CaptivePortalTracker( 1567): NoActiveNetworkState{ when=0 what=1 obj=NetworkInfo: type: mobile_hipri[LTE], state: DISCONNECTED/DISCONNECTED, reason: dataDisabled, extra: epc.tmobile.com, roaming: false, failover: false, isAvailable: true, isConnectedToProvisioningNetwork: false target=com.android.internal.util.StateMachine$SmHandler }
D/CaptivePortalTracker( 1567): NoActiveNetworkState not a wifi connectivity change, ignore
D/Tethering( 1567): MasterInitialState.processMessage what=3
D/Tethering( 1567): MasterInitialState.processMessage what=3
D/CaptivePortalTracker( 1567): NoActiveNetworkState{ when=0 what=1 obj=NetworkInfo: type: mobile[LTE], state: CONNECTED/CONNECTED, reason: connected, extra: epc.tmobile.com, roaming: false, failover: false, isAvailable: true, isConnectedToProvisioningNetwork: false target=com.android.internal.util.StateMachine$SmHandler }
D/CaptivePortalTracker( 1567): NoActiveNetworkState not a wifi connectivity change, ignore
I/GCoreUlr( 1779): WorldUpdater received intent Intent { act=com.google.android.location.reporting.ACTION_UPDATE_WORLD cmp=com.google.android.gms/com.google.android.location.reporting.service.DispatchingService (has extras) } with receiverAction android.location.PROVIDERS_CHANGED
D/dalvikvm( 2301): GC_FOR_ALLOC freed 103K, 8% free 4405K/4760K, paused 3ms, total 3ms
D/dalvikvm( 1567): GC_FOR_ALLOC freed 1100K, 50% free 7518K/14824K, paused 14ms, total 15ms
D/dalvikvm( 2083): GC_FOR_ALLOC freed 1002K, 18% free 7294K/8864K, paused 19ms, total 19ms
D/dalvikvm( 2301): GC_FOR_ALLOC freed 157K, 9% free 4686K/5112K, paused 2ms, total 2ms
E/dalvikvm( 2301): Could not find class 'javax.net.ssl.SNIServerName', referenced from method com.google.android.gms.org.conscrypt.Platform.getSniHostnameFromParams
W/dalvikvm( 2301): VFY: unable to resolve check-cast 5160 (Ljavax/net/ssl/SNIServerName;) in Lcom/google/android/gms/org/conscrypt/Platform;
D/dalvikvm( 2301): VFY: replacing opcode 0x1f at 0x0025
E/dalvikvm( 2301): Could not find class 'javax.net.ssl.SNIHostName', referenced from method com.google.android.gms.org.conscrypt.Platform.setParametersSniHostname
W/dalvikvm( 2301): VFY: unable to resolve new-instance 5159 (Ljavax/net/ssl/SNIHostName;) in Lcom/google/android/gms/org/conscrypt/Platform;
D/dalvikvm( 2301): VFY: replacing opcode 0x22 at 0x0024
E/dalvikvm( 2301): Could not find class 'javax.net.ssl.SNIHostName', referenced from method com.google.android.gms.org.conscrypt.Platform.setParametersSniHostname
W/dalvikvm( 2301): VFY: unable to resolve new-instance 5159 (Ljavax/net/ssl/SNIHostName;) in Lcom/google/android/gms/org/conscrypt/Platform;
D/dalvikvm( 2301): VFY: replacing opcode 0x22 at 0x0024
D/dalvikvm( 2301): DexOpt: unable to opt direct call 0x52f9 at 0x2a in Lcom/google/android/gms/org/conscrypt/Platform;.setParametersSniHostname
D/dalvikvm( 2301): DexOpt: unable to opt direct call 0x52f9 at 0x2a in Lcom/google/android/gms/org/conscrypt/Platform;.setParametersSniHostname
D/dalvikvm( 2340): DexOpt: load 42ms, verify+opt 57ms, 1117628 bytes
D/dalvikvm( 2301): GC_FOR_ALLOC freed 308K, 11% free 4883K/5448K, paused 3ms, total 3ms
I/ProviderInstaller( 2301): Installed default security provider GmsCore_OpenSSL
D/dalvikvm( 1567): GC_FOR_ALLOC freed 1105K, 50% free 7548K/14824K, paused 9ms, total 9ms
D/dalvikvm( 1567): GC_FOR_ALLOC freed 1142K, 50% free 7549K/14824K, paused 6ms, total 6ms
D/dalvikvm( 1567): GC_FOR_ALLOC freed 1134K, 50% free 7558K/14824K, paused 9ms, total 9ms
D/dalvikvm( 1567): GC_FOR_ALLOC freed 1127K, 49% free 7576K/14824K, paused 6ms, total 6ms
D/dalvikvm( 1567): GC_FOR_ALLOC freed 1210K, 50% free 7516K/14824K, paused 6ms, total 6ms
D/dalvikvm( 2083): GC_FOR_ALLOC freed 1377K, 19% free 7296K/8924K, paused 4ms, total 4ms
D/dalvikvm( 1567): GC_FOR_ALLOC freed 1136K, 50% free 7515K/14824K, paused 6ms, total 6ms
I/PackageManager( 1567): Running dexopt on: com.google.android.googlequicksearchbox
W/linker  ( 2363): libdvm.so has text relocations. This is wasting memory and is a security risk. Please fix.
D/dalvikvm( 1567): GC_FOR_ALLOC freed 1135K, 50% free 7515K/14824K, paused 7ms, total 7ms
D/dalvikvm( 1567): GC_FOR_ALLOC freed 1135K, 50% free 7515K/14824K, paused 7ms, total 7ms
D/dalvikvm( 1567): GC_FOR_ALLOC freed 1135K, 50% free 7515K/14824K, paused 6ms, total 6ms
D/dalvikvm( 2363): DexOpt: 'Landroid/util/Pools$Pool;' has an earlier definition; blocking out
D/dalvikvm( 2363): DexOpt: 'Landroid/util/Pools$SimplePool;' has an earlier definition; blocking out
D/dalvikvm( 2363): DexOpt: 'Landroid/util/Pools$SynchronizedPool;' has an earlier definition; blocking out
D/dalvikvm( 2363): DexOpt: 'Landroid/util/Pools;' has an earlier definition; blocking out
D/dalvikvm( 1567): GC_FOR_ALLOC freed 1135K, 50% free 7515K/14824K, paused 11ms, total 11ms
D/dalvikvm( 1567): GC_FOR_ALLOC freed 1135K, 50% free 7515K/14824K, paused 6ms, total 6ms
D/dalvikvm( 2363): DexOpt: not verifying/optimizing 'Landroid/util/Pools$Pool;': multiple definitions
D/dalvikvm( 2363): DexOpt: not verifying/optimizing 'Landroid/util/Pools$SimplePool;': multiple definitions
D/dalvikvm( 2363): DexOpt: not verifying/optimizing 'Landroid/util/Pools$SynchronizedPool;': multiple definitions
D/dalvikvm( 2363): DexOpt: not verifying/optimizing 'Landroid/util/Pools;': multiple definitions
D/dalvikvm( 1567): GC_FOR_ALLOC freed 1135K, 50% free 7515K/14824K, paused 7ms, total 7ms
I/dalvikvm( 2363): DexOpt: not resolving ambiguous class 'Landroid/util/Pools$Pool;'
I/dalvikvm( 2363): DexOpt: not resolving ambiguous class 'Landroid/util/Pools$SynchronizedPool;'
D/dalvikvm( 1567): GC_FOR_ALLOC freed 1135K, 50% free 7515K/14824K, paused 7ms, total 7ms
D/dalvikvm( 1567): GC_FOR_ALLOC freed 1135K, 50% free 7515K/14824K, paused 7ms, total 7ms
D/dalvikvm( 1567): GC_FOR_ALLOC freed 1135K, 50% free 7515K/14824K, paused 7ms, total 7ms
D/dalvikvm( 1567): GC_FOR_ALLOC freed 1135K, 50% free 7515K/14824K, paused 7ms, total 7ms
D/dalvikvm( 1567): GC_FOR_ALLOC freed 1135K, 50% free 7515K/14824K, paused 7ms, total 7ms
D/dalvikvm( 1567): GC_FOR_ALLOC freed 1135K, 50% free 7515K/14824K, paused 6ms, total 6ms
D/dalvikvm( 1567): GC_FOR_ALLOC freed 1135K, 50% free 7515K/14824K, paused 7ms, total 7ms
D/dalvikvm( 2363): DexOpt: load 52ms, verify+opt 225ms, 5311084 bytes
I/ActivityManager( 1567): Force stopping it.unina.android.ripper_service appid=10057 user=-1: update pkg
D/dalvikvm( 1567): GC_EXPLICIT freed 1132K, 50% free 7518K/14824K, paused 6ms+0ms, total 14ms
D/dalvikvm( 1567): WAIT_FOR_CONCURRENT_GC blocked 10ms
D/dalvikvm( 1567): WAIT_FOR_CONCURRENT_GC blocked 10ms
D/dalvikvm( 1567): WAIT_FOR_CONCURRENT_GC blocked 10ms
D/dalvikvm( 1567): WAIT_FOR_CONCURRENT_GC blocked 10ms
D/dalvikvm( 1567): WAIT_FOR_CONCURRENT_GC blocked 11ms
D/dalvikvm( 1567): WAIT_FOR_CONCURRENT_GC blocked 11ms
D/dalvikvm( 1567): WAIT_FOR_CONCURRENT_GC blocked 13ms
D/dalvikvm( 1567): WAIT_FOR_CONCURRENT_GC blocked 13ms
D/dalvikvm( 1567): WAIT_FOR_CONCURRENT_GC blocked 7ms
