D/dalvikvm( 1832): GC_FOR_ALLOC freed 181K, 20% free 3270K/4056K, paused 2ms, total 2ms
I/MultiDex( 1832): load found 5 secondary dex files
W/dalvikvm( 1774): VFY: unable to resolve virtual method 271: Landroid/accounts/AccountManager;.getPreviousName (Landroid/accounts/Account;)Ljava/lang/String;
D/dalvikvm( 1774): VFY: replacing opcode 0x6e at 0x0024
I/InputReader( 1568): Reconfiguring input devices.  changes=0x00000010
I/InputReader( 1568): Reconfiguring input devices.  changes=0x00000010
I/PackageManager( 1568):   Action: "android.intent.action.SENDTO"
I/PackageManager( 1568):   Category: "android.intent.category.DEFAULT"
I/PackageManager( 1568):   Scheme: "smsto"
I/PackageManager( 1568): Adding preferred activity ComponentInfo{com.android.mms/com.android.mms.ui.ComposeMessageActivity} for user 0 :
I/MultiDex( 1832): install done
I/dalvikvm( 1832): Could not find method android.os.UserHandle.isOwner, referenced from method nmy.f
W/dalvikvm( 1832): VFY: unable to resolve virtual method 3081: Landroid/os/UserHandle;.isOwner ()Z
D/dalvikvm( 1832): VFY: replacing opcode 0x6e at 0x000a
I/dalvikvm( 1774): Could not find method android.accounts.AccountManager.removeAccount, referenced from method ymq.c
W/dalvikvm( 1774): VFY: unable to resolve virtual method 4165: Landroid/accounts/AccountManager;.removeAccount (Landroid/accounts/Account;Landroid/app/Activity;Landroid/accounts/AccountManagerCallback;Landroid/os/Handler;)Landroid/accounts/AccountManagerFuture;
D/dalvikvm( 1774): VFY: replacing opcode 0x6e at 0x0009
I/dalvikvm( 1774): Could not find method android.accounts.AccountManager.removeAccountExplicitly, referenced from method ymq.d
W/dalvikvm( 1774): VFY: unable to resolve virtual method 4166: Landroid/accounts/AccountManager;.removeAccountExplicitly (Landroid/accounts/Account;)Z
D/dalvikvm( 1774): VFY: replacing opcode 0x6e at 0x0008
D/dalvikvm( 1568): GC_FOR_ALLOC freed 991K, 50% free 7454K/14816K, paused 16ms, total 16ms
D/dalvikvm( 1832): DexOpt: couldn't find field Landroid/content/pm/ApplicationInfo;.splitSourceDirs
W/dalvikvm( 1832): VFY: unable to resolve instance field 1475
D/dalvikvm( 1832): VFY: replacing opcode 0x54 at 0x0055
D/dalvikvm( 1832): DexOpt: couldn't find static field Landroid/os/Build;.SUPPORTED_ABIS
W/dalvikvm( 1832): VFY: unable to resolve static field 1540 (SUPPORTED_ABIS) in Landroid/os/Build;
D/dalvikvm( 1832): VFY: replacing opcode 0x62 at 0x00d1
I/dalvikvm( 1832): Could not find method android.system.Os.stat, referenced from method nop.a
W/dalvikvm( 1832): VFY: unable to resolve static method 3146: Landroid/system/Os;.stat (Ljava/lang/String;)Landroid/system/StructStat;
D/dalvikvm( 1832): VFY: replacing opcode 0x71 at 0x0182
D/dalvikvm( 1795): GC_FOR_ALLOC freed 467K, 16% free 3616K/4268K, paused 2ms, total 3ms
I/dalvikvm( 1832): Could not find method android.content.pm.PackageManager.getPackageInstaller, referenced from method men.a
W/dalvikvm( 1832): VFY: unable to resolve virtual method 2608: Landroid/content/pm/PackageManager;.getPackageInstaller ()Landroid/content/pm/PackageInstaller;
D/dalvikvm( 1832): VFY: replacing opcode 0x6e at 0x001c
W/DynamiteModule( 1832): Local module descriptor class for providerinstaller not found.
I/dalvikvm( 1832): Could not find method android.system.Os.readlink, referenced from method bse.a
W/dalvikvm( 1832): VFY: unable to resolve static method 3145: Landroid/system/Os;.readlink (Ljava/lang/String;)Ljava/lang/String;
D/dalvikvm( 1832): VFY: replacing opcode 0x71 at 0x0044
I/dalvikvm( 1832): Could not find method android.system.Os.symlink, referenced from method bse.a
W/dalvikvm( 1832): VFY: unable to resolve static method 3147: Landroid/system/Os;.symlink (Ljava/lang/String;Ljava/lang/String;)V
D/dalvikvm( 1832): VFY: replacing opcode 0x71 at 0x00b0
I/dalvikvm( 1832): Could not find method android.system.Os.stat, referenced from method bse.a
W/dalvikvm( 1832): VFY: unable to resolve static method 3146: Landroid/system/Os;.stat (Ljava/lang/String;)Landroid/system/StructStat;
D/dalvikvm( 1832): VFY: replacing opcode 0x71 at 0x0005
W/dalvikvm( 1832): VFY: unable to resolve static field 1615 (S_IXUSR) in Landroid/system/OsConstants;
D/dalvikvm( 1832): VFY: replacing opcode 0x60 at 0x0007
I/dalvikvm( 1832): Could not find method android.system.Os.stat, referenced from method bse.b
W/dalvikvm( 1832): VFY: unable to resolve static method 3146: Landroid/system/Os;.stat (Ljava/lang/String;)Landroid/system/StructStat;
D/dalvikvm( 1832): VFY: replacing opcode 0x71 at 0x0040
W/dalvikvm( 1832): VFY: unable to resolve static field 1612 (S_IRUSR) in Landroid/system/OsConstants;
D/dalvikvm( 1832): VFY: replacing opcode 0x60 at 0x0007
E/memtrack( 2210): Couldn't load memtrack module (No such file or directory)
E/android.os.Debug( 2210): failed to load memtrack module: -2
I/PackageManager( 1568):   Action: "android.intent.action.SENDTO"
I/PackageManager( 1568):   Category: "android.intent.category.DEFAULT"
I/PackageManager( 1568):   Scheme: "mms"
I/PackageManager( 1568): Adding preferred activity ComponentInfo{com.android.mms/com.android.mms.ui.ComposeMessageActivity} for user 0 :
I/PackageManager( 1568):   Action: "android.intent.action.SENDTO"
I/PackageManager( 1568):   Category: "android.intent.category.DEFAULT"
I/PackageManager( 1568):   Scheme: "mmsto"
I/PackageManager( 1568): Adding preferred activity ComponentInfo{com.android.mms/com.android.mms.ui.ComposeMessageActivity} for user 0 :
I/PackageManager( 1568):   Action: "android.intent.action.SENDTO"
I/PackageManager( 1568):   Category: "android.intent.category.DEFAULT"
I/PackageManager( 1568):   Scheme: "sms"
I/PackageManager( 1568):   Action: "android.intent.action.SENDTO"
I/PackageManager( 1568):   Category: "android.intent.category.DEFAULT"
I/PackageManager( 1568):   Scheme: "smsto"
I/PackageManager( 1568): Adding preferred activity ComponentInfo{com.android.mms/com.android.mms.ui.ComposeMessageActivity} for user 0 :
I/PackageManager( 1568): Adding preferred activity ComponentInfo{com.android.mms/com.android.mms.ui.ComposeMessageActivity} for user 0 :
D/dalvikvm( 1832): DexOpt: couldn't find static field Landroid/os/Build;.SUPPORTED_64_BIT_ABIS
I/PackageManager( 1568):   Action: "android.intent.action.SENDTO"
I/PackageManager( 1568):   Category: "android.intent.category.DEFAULT"
I/PackageManager( 1568):   Scheme: "mms"
W/dalvikvm( 1832): VFY: unable to resolve static field 1539 (SUPPORTED_64_BIT_ABIS) in Landroid/os/Build;
D/dalvikvm( 1832): VFY: replacing opcode 0x62 at 0x0214
I/PackageManager( 1568): Adding preferred activity ComponentInfo{com.android.mms/com.android.mms.ui.ComposeMessageActivity} for user 0 :
D/dalvikvm( 1795): GC_FOR_ALLOC freed 337K, 16% free 3649K/4308K, paused 1ms, total 1ms
I/PackageManager( 1568):   Action: "android.intent.action.SENDTO"
I/PackageManager( 1568):   Category: "android.intent.category.DEFAULT"
I/PackageManager( 1568):   Scheme: "mmsto"
I/PackageManager( 1568): Adding preferred activity ComponentInfo{com.android.mms/com.android.mms.ui.ComposeMessageActivity} for user 0 :
I/PackageManager( 1568):   Action: "android.intent.action.SENDTO"
I/PackageManager( 1568):   Category: "android.intent.category.DEFAULT"
I/PackageManager( 1568):   Scheme: "sms"
I/PackageManager( 1568): Adding preferred activity ComponentInfo{com.android.mms/com.android.mms.ui.ComposeMessageActivity} for user 0 :
D/AndroidRuntime( 2210): Calling main entry com.android.commands.pm.Pm
D/dalvikvm( 1568): GC_FOR_ALLOC freed 1075K, 50% free 7498K/14816K, paused 7ms, total 7ms
D/dalvikvm( 2093): GC_FOR_ALLOC freed 1314K, 18% free 7327K/8884K, paused 28ms, total 28ms
D/AndroidRuntime( 2210): Shutting down VM
D/jdwp    ( 2210): Got wake-up signal, bailing out of select
D/dalvikvm( 2210): Debugger has detached; object registry had 1 entries
W/ProviderHelper( 1832): Unknown dynamite feature providerinstaller
I/DynamiteModule( 1832): Considering local module providerinstaller:0 and remote module providerinstaller:0
W/ProviderInstaller( 1832): Failed to load providerinstaller module: No acceptable module found. Local version is 0 and remote version is 0.
I/dalvikvm( 1832): Could not find method android.content.ContextWrapper.createCredentialProtectedStorageContext, referenced from method nfr.createCredentialProtectedStorageContext
W/dalvikvm( 1832): VFY: unable to resolve virtual method 2508: Landroid/content/ContextWrapper;.createCredentialProtectedStorageContext ()Landroid/content/Context;
D/dalvikvm( 1832): VFY: replacing opcode 0x6f at 0x0002
I/dalvikvm( 1832): Could not find method android.content.ContextWrapper.createDeviceProtectedStorageContext, referenced from method nfr.createDeviceProtectedStorageContext
W/dalvikvm( 1832): VFY: unable to resolve virtual method 2509: Landroid/content/ContextWrapper;.createDeviceProtectedStorageContext ()Landroid/content/Context;
D/dalvikvm( 1832): VFY: replacing opcode 0x6f at 0x0002
D/dalvikvm( 1832): DexOpt: couldn't find static field Landroid/os/Build;.SUPPORTED_64_BIT_ABIS
W/dalvikvm( 1832): VFY: unable to resolve static field 1539 (SUPPORTED_64_BIT_ABIS) in Landroid/os/Build;
D/dalvikvm( 1832): VFY: replacing opcode 0x62 at 0x0080
D/dalvikvm( 1832): DexOpt: couldn't find static field Landroid/os/Build;.SUPPORTED_ABIS
W/dalvikvm( 1832): VFY: unable to resolve static field 1540 (SUPPORTED_ABIS) in Landroid/os/Build;
D/dalvikvm( 1832): VFY: replacing opcode 0x62 at 0x00d3
V/NativeCrypto( 1832): Registering com/google/android/gms/org/conscrypt/NativeCrypto's 286 native methods...
I/PackageManager( 1568):   Action: "android.intent.action.SENDTO"
I/PackageManager( 1568):   Category: "android.intent.category.DEFAULT"
I/PackageManager( 1568):   Scheme: "smsto"
I/PackageManager( 1568): Adding preferred activity ComponentInfo{com.android.mms/com.android.mms.ui.ComposeMessageActivity} for user 0 :
W/dalvikvm( 1832): Unable to resolve superclass of Lcom/google/android/gms/org/conscrypt/TrustManagerImpl; (5184)
W/dalvikvm( 1832): Link of class 'Lcom/google/android/gms/org/conscrypt/TrustManagerImpl;' failed
I/dalvikvm( 1832): Could not find method com.google.android.gms.org.conscrypt.TrustManagerImpl.getDefaultHostnameVerifier, referenced from method com.google.android.gms.org.conscrypt.Conscrypt.getDefaultHostnameVerifier
W/dalvikvm( 1832): VFY: unable to resolve static method 17870: Lcom/google/android/gms/org/conscrypt/TrustManagerImpl;.getDefaultHostnameVerifier ()Lcom/google/android/gms/org/conscrypt/ConscryptHostnameVerifier;
D/dalvikvm( 1832): VFY: replacing opcode 0x71 at 0x0003
W/dalvikvm( 1832): Unable to resolve superclass of Lcom/google/android/gms/org/conscrypt/TrustManagerImpl; (5184)
W/dalvikvm( 1832): Link of class 'Lcom/google/android/gms/org/conscrypt/TrustManagerImpl;' failed
D/dalvikvm( 1832): GC_FOR_ALLOC freed 444K, 18% free 3336K/4056K, paused 1ms, total 1ms
W/dalvikvm( 1832): VFY: unable to find class referenced in signature (Lcom/google/android/gms/org/conscrypt/TrustManagerImpl;)
W/dalvikvm( 1832): Unable to resolve superclass of Lcom/google/android/gms/org/conscrypt/TrustManagerImpl; (5184)
W/dalvikvm( 1832): Link of class 'Lcom/google/android/gms/org/conscrypt/TrustManagerImpl;' failed
I/dalvikvm( 1832): Could not find method com.google.android.gms.org.conscrypt.TrustManagerImpl.getHostnameVerifier, referenced from method com.google.android.gms.org.conscrypt.Conscrypt.getHostnameVerifier
W/dalvikvm( 1832): VFY: unable to resolve virtual method 17872: Lcom/google/android/gms/org/conscrypt/TrustManagerImpl;.getHostnameVerifier ()Lcom/google/android/gms/org/conscrypt/ConscryptHostnameVerifier;
D/dalvikvm( 1832): VFY: replacing opcode 0x6e at 0x0004
W/dalvikvm( 1832): Unable to resolve superclass of Lcom/google/android/gms/org/conscrypt/TrustManagerImpl; (5184)
I/PackageManager( 1568):   Action: "android.intent.action.SENDTO"
I/PackageManager( 1568):   Category: "android.intent.category.DEFAULT"
I/PackageManager( 1568):   Scheme: "mms"
I/PackageManager( 1568): Adding preferred activity ComponentInfo{com.android.mms/com.android.mms.ui.ComposeMessageActivity} for user 0 :
I/PackageManager( 1568):   Action: "android.intent.action.SENDTO"
I/PackageManager( 1568):   Category: "android.intent.category.DEFAULT"
I/PackageManager( 1568):   Scheme: "mmsto"
I/PackageManager( 1568): Adding preferred activity ComponentInfo{com.android.mms/com.android.mms.ui.ComposeMessageActivity} for user 0 :
W/dalvikvm( 1832): Link of class 'Lcom/google/android/gms/org/conscrypt/TrustManagerImpl;' failed
E/dalvikvm( 1832): Could not find class 'com.google.android.gms.org.conscrypt.TrustManagerImpl', referenced from method com.google.android.gms.org.conscrypt.Conscrypt.isConscrypt
W/dalvikvm( 1832): VFY: unable to resolve instanceof 4452 (Lcom/google/android/gms/org/conscrypt/TrustManagerImpl;) in Lcom/google/android/gms/org/conscrypt/Conscrypt;
D/dalvikvm( 1832): VFY: replacing opcode 0x20 at 0x0000
W/dalvikvm( 1832): Unable to resolve superclass of Lcom/google/android/gms/org/conscrypt/TrustManagerImpl; (5184)
D/dalvikvm( 1795): GC_FOR_ALLOC freed 381K, 16% free 3650K/4340K, paused 1ms, total 1ms
W/dalvikvm( 1832): Link of class 'Lcom/google/android/gms/org/conscrypt/TrustManagerImpl;' failed
I/PackageManager( 1568):   Action: "android.intent.action.SENDTO"
I/PackageManager( 1568):   Category: "android.intent.category.DEFAULT"
I/PackageManager( 1568):   Scheme: "sms"
I/dalvikvm( 1832): Could not find method com.google.android.gms.org.conscrypt.TrustManagerImpl.setDefaultHostnameVerifier, referenced from method com.google.android.gms.org.conscrypt.Conscrypt.setDefaultHostnameVerifier
W/dalvikvm( 1832): VFY: unable to resolve static method 17882: Lcom/google/android/gms/org/conscrypt/TrustManagerImpl;.setDefaultHostnameVerifier (Lcom/google/android/gms/org/conscrypt/ConscryptHostnameVerifier;)V
D/dalvikvm( 1832): VFY: replacing opcode 0x71 at 0x0003
W/dalvikvm( 1832): Unable to resolve superclass of Lcom/google/android/gms/org/conscrypt/TrustManagerImpl; (5184)
W/dalvikvm( 1832): Link of class 'Lcom/google/android/gms/org/conscrypt/TrustManagerImpl;' failed
W/dalvikvm( 1832): VFY: unable to find class referenced in signature (Lcom/google/android/gms/org/conscrypt/TrustManagerImpl;)
W/dalvikvm( 1832): Unable to resolve superclass of Lcom/google/android/gms/org/conscrypt/TrustManagerImpl; (5184)
W/dalvikvm( 1832): Link of class 'Lcom/google/android/gms/org/conscrypt/TrustManagerImpl;' failed
I/dalvikvm( 1832): Could not find method com.google.android.gms.org.conscrypt.TrustManagerImpl.setHostnameVerifier, referenced from method com.google.android.gms.org.conscrypt.Conscrypt.setHostnameVerifier
W/dalvikvm( 1832): VFY: unable to resolve virtual method 17883: Lcom/google/android/gms/org/conscrypt/TrustManagerImpl;.setHostnameVerifier (Lcom/google/android/gms/org/conscrypt/ConscryptHostnameVerifier;)V
D/dalvikvm( 1832): VFY: replacing opcode 0x6e at 0x0004
W/dalvikvm( 1832): Unable to resolve superclass of Lcom/google/android/gms/org/conscrypt/TrustManagerImpl; (5184)
W/dalvikvm( 1832): Link of class 'Lcom/google/android/gms/org/conscrypt/TrustManagerImpl;' failed
E/dalvikvm( 1832): Could not find class 'com.google.android.gms.org.conscrypt.TrustManagerImpl', referenced from method com.google.android.gms.org.conscrypt.Conscrypt.toConscrypt
W/dalvikvm( 1832): VFY: unable to resolve check-cast 4452 (Lcom/google/android/gms/org/conscrypt/TrustManagerImpl;) in Lcom/google/android/gms/org/conscrypt/Conscrypt;
D/dalvikvm( 1832): VFY: replacing opcode 0x1f at 0x002a
D/dalvikvm( 1774): GC_FOR_ALLOC freed 676K, 13% free 6194K/7120K, paused 7ms, total 7ms
I/PackageManager( 1568): Adding preferred activity ComponentInfo{com.android.mms/com.android.mms.ui.ComposeMessageActivity} for user 0 :
I/PackageManager( 1568):   Action: "android.intent.action.SENDTO"
I/PackageManager( 1568):   Category: "android.intent.category.DEFAULT"
I/PackageManager( 1568):   Scheme: "smsto"
I/PackageManager( 1568): Adding preferred activity ComponentInfo{com.android.mms/com.android.mms.ui.ComposeMessageActivity} for user 0 :
D/dalvikvm( 1832): GC_FOR_ALLOC freed 369K, 16% free 3480K/4100K, paused 1ms, total 1ms
D/dalvikvm( 1568): GC_FOR_ALLOC freed 1151K, 50% free 7478K/14816K, paused 13ms, total 14ms
I/dalvikvm( 1774): Could not find method android.app.AlarmManager.setExactAndAllowWhileIdle, referenced from method nio.a
W/dalvikvm( 1774): VFY: unable to resolve virtual method 2384: Landroid/app/AlarmManager;.setExactAndAllowWhileIdle (IJLandroid/app/PendingIntent;)V
D/dalvikvm( 1774): VFY: replacing opcode 0x6e at 0x000b
I/dalvikvm( 1774): Failed resolving Lnin; interface 549 'Landroid/app/AlarmManager$OnAlarmListener;'
W/dalvikvm( 1774): Link of class 'Lnin;' failed
W/dalvikvm( 1774): VFY: unable to find class referenced in signature (Lnin;)
I/dalvikvm( 1774): Could not find method android.app.AlarmManager.set, referenced from method nio.a
W/dalvikvm( 1774): VFY: unable to resolve virtual method 2381: Landroid/app/AlarmManager;.set (IJJJLandroid/app/AlarmManager$OnAlarmListener;Landroid/os/Handler;Landroid/os/WorkSource;)V
D/dalvikvm( 1774): VFY: replacing opcode 0x74 at 0x0024
I/dalvikvm( 1774): Failed resolving Lnin; interface 549 'Landroid/app/AlarmManager$OnAlarmListener;'
W/dalvikvm( 1774): Link of class 'Lnin;' failed
W/dalvikvm( 1774): VFY: unable to find class referenced in signature (Lnin;)
I/dalvikvm( 1774): Could not find method android.app.AlarmManager.cancel, referenced from method nio.a
W/dalvikvm( 1774): VFY: unable to resolve virtual method 2378: Landroid/app/AlarmManager;.cancel (Landroid/app/AlarmManager$OnAlarmListener;)V
D/dalvikvm( 1774): VFY: replacing opcode 0x6e at 0x0002
I/PackageManager( 1568):   Action: "android.intent.action.SENDTO"
I/PackageManager( 1568):   Category: "android.intent.category.DEFAULT"
I/PackageManager( 1568):   Scheme: "mms"
I/PackageManager( 1568): Adding preferred activity ComponentInfo{com.android.mms/com.android.mms.ui.ComposeMessageActivity} for user 0 :
I/PackageManager( 1568):   Action: "android.intent.action.SENDTO"
I/PackageManager( 1568):   Category: "android.intent.category.DEFAULT"
I/PackageManager( 1568):   Scheme: "mmsto"
I/PackageManager( 1568): Adding preferred activity ComponentInfo{com.android.mms/com.android.mms.ui.ComposeMessageActivity} for user 0 :
I/NearbyDiscovery( 1774): DiscoveryService destroyed [CONTEXT service_id=49 ]
D/dalvikvm( 1934): GC_FOR_ALLOC freed 1917K, 12% free 23234K/26152K, paused 2ms, total 8ms
D/dalvikvm( 1832): GC_FOR_ALLOC freed 144K, 10% free 3838K/4244K, paused 3ms, total 5ms
D/dalvikvm( 1568): GC_FOR_ALLOC freed 1097K, 50% free 7508K/14816K, paused 23ms, total 23ms
I/PackageManager( 1568):   Action: "android.intent.action.SENDTO"
I/PackageManager( 1568):   Category: "android.intent.category.DEFAULT"
I/PackageManager( 1568):   Scheme: "sms"
I/PackageManager( 1568): Adding preferred activity ComponentInfo{com.android.mms/com.android.mms.ui.ComposeMessageActivity} for user 0 :
D/dalvikvm( 1795): GC_FOR_ALLOC freed 441K, 17% free 3606K/4340K, paused 4ms, total 4ms
I/PackageManager( 1568):   Action: "android.intent.action.SENDTO"
I/PackageManager( 1568):   Category: "android.intent.category.DEFAULT"
I/PackageManager( 1568):   Scheme: "smsto"
I/PackageManager( 1568):   Action: "android.intent.action.SENDTO"
I/PackageManager( 1568):   Category: "android.intent.category.DEFAULT"
I/PackageManager( 1568):   Scheme: "mms"
I/PackageManager( 1568): Adding preferred activity ComponentInfo{com.android.mms/com.android.mms.ui.ComposeMessageActivity} for user 0 :
I/PackageManager( 1568): Adding preferred activity ComponentInfo{com.android.mms/com.android.mms.ui.ComposeMessageActivity} for user 0 :
I/PackageManager( 1568):   Action: "android.intent.action.SENDTO"
I/PackageManager( 1568):   Category: "android.intent.category.DEFAULT"
I/PackageManager( 1568):   Scheme: "mmsto"
I/PackageManager( 1568): Adding preferred activity ComponentInfo{com.android.mms/com.android.mms.ui.ComposeMessageActivity} for user 0 :
I/PackageManager( 1568):   Action: "android.intent.action.SENDTO"
I/PackageManager( 1568):   Category: "android.intent.category.DEFAULT"
I/PackageManager( 1568):   Scheme: "sms"
I/PackageManager( 1568):   Action: "android.intent.action.SENDTO"
I/PackageManager( 1568):   Category: "android.intent.category.DEFAULT"
I/PackageManager( 1568):   Scheme: "smsto"
I/PackageManager( 1568): Adding preferred activity ComponentInfo{com.android.mms/com.android.mms.ui.ComposeMessageActivity} for user 0 :
I/PackageManager( 1568): Adding preferred activity ComponentInfo{com.android.mms/com.android.mms.ui.ComposeMessageActivity} for user 0 :
D/dalvikvm( 1832): GC_FOR_ALLOC freed 135K, 10% free 4182K/4600K, paused 16ms, total 18ms
I/PackageManager( 1568):   Action: "android.intent.action.SENDTO"
I/PackageManager( 1568):   Category: "android.intent.category.DEFAULT"
I/PackageManager( 1568):   Scheme: "mms"
I/PackageManager( 1568): Adding preferred activity ComponentInfo{com.android.mms/com.android.mms.ui.ComposeMessageActivity} for user 0 :
I/PackageManager( 1568): Adding preferred activity ComponentInfo{com.android.mms/com.android.mms.ui.ComposeMessageActivity} for user 0 :
I/PackageManager( 1568):   Action: "android.intent.action.SENDTO"
I/PackageManager( 1568):   Category: "android.intent.category.DEFAULT"
I/PackageManager( 1568):   Scheme: "mmsto"
D/dalvikvm( 1795): GC_FOR_ALLOC freed 435K, 16% free 3650K/4340K, paused 3ms, total 3ms
I/dalvikvm( 2093): Could not find method android.app.AlarmManager.setExactAndAllowWhileIdle, referenced from method nio.a
W/dalvikvm( 2093): VFY: unable to resolve virtual method 2384: Landroid/app/AlarmManager;.setExactAndAllowWhileIdle (IJLandroid/app/PendingIntent;)V
D/dalvikvm( 2093): VFY: replacing opcode 0x6e at 0x000b
I/dalvikvm( 2093): Failed resolving Lnin; interface 549 'Landroid/app/AlarmManager$OnAlarmListener;'
W/dalvikvm( 2093): Link of class 'Lnin;' failed
W/dalvikvm( 2093): VFY: unable to find class referenced in signature (Lnin;)
I/dalvikvm( 2093): Could not find method android.app.AlarmManager.set, referenced from method nio.a
W/dalvikvm( 2093): VFY: unable to resolve virtual method 2381: Landroid/app/AlarmManager;.set (IJJJLandroid/app/AlarmManager$OnAlarmListener;Landroid/os/Handler;Landroid/os/WorkSource;)V
D/dalvikvm( 2093): VFY: replacing opcode 0x74 at 0x0024
I/PackageManager( 1568):   Action: "android.intent.action.SENDTO"
I/PackageManager( 1568):   Category: "android.intent.category.DEFAULT"
I/PackageManager( 1568):   Scheme: "sms"
I/dalvikvm( 2093): Failed resolving Lnin; interface 549 'Landroid/app/AlarmManager$OnAlarmListener;'
W/dalvikvm( 2093): Link of class 'Lnin;' failed
W/dalvikvm( 2093): VFY: unable to find class referenced in signature (Lnin;)
I/dalvikvm( 2093): Could not find method android.app.AlarmManager.cancel, referenced from method nio.a
W/dalvikvm( 2093): VFY: unable to resolve virtual method 2378: Landroid/app/AlarmManager;.cancel (Landroid/app/AlarmManager$OnAlarmListener;)V
D/dalvikvm( 2093): VFY: replacing opcode 0x6e at 0x0002
I/PackageManager( 1568): Adding preferred activity ComponentInfo{com.android.mms/com.android.mms.ui.ComposeMessageActivity} for user 0 :
I/PackageManager( 1568):   Action: "android.intent.action.SENDTO"
I/PackageManager( 1568):   Category: "android.intent.category.DEFAULT"
I/PackageManager( 1568):   Scheme: "smsto"
I/PackageManager( 1568): Adding preferred activity ComponentInfo{com.android.mms/com.android.mms.ui.ComposeMessageActivity} for user 0 :
D/dalvikvm( 1832): GC_FOR_ALLOC freed 124K, 9% free 4517K/4944K, paused 12ms, total 12ms
D/dalvikvm( 1568): GC_FOR_ALLOC freed 1216K, 50% free 7426K/14816K, paused 12ms, total 19ms
D/AndroidRuntime( 2246): 
D/AndroidRuntime( 2246): >>>>>> AndroidRuntime START com.android.internal.os.RuntimeInit <<<<<<
W/linker  ( 2246): libdvm.so has text relocations. This is wasting memory and is a security risk. Please fix.
D/AndroidRuntime( 2246): CheckJNI is ON
D/dalvikvm( 2246): Trying to load lib libjavacore.so 0x0
D/dalvikvm( 2246): Added shared lib libjavacore.so 0x0
I/PackageManager( 1568):   Action: "android.intent.action.SENDTO"
I/PackageManager( 1568):   Category: "android.intent.category.DEFAULT"
I/PackageManager( 1568):   Scheme: "mms"
D/dalvikvm( 2246): Trying to load lib libnativehelper.so 0x0
D/dalvikvm( 2246): Added shared lib libnativehelper.so 0x0
D/dalvikvm( 2246): No JNI_OnLoad found in libnativehelper.so 0x0, skipping init
I/PackageManager( 1568): Adding preferred activity ComponentInfo{com.android.mms/com.android.mms.ui.ComposeMessageActivity} for user 0 :
I/PackageManager( 1568):   Action: "android.intent.action.SENDTO"
I/PackageManager( 1568):   Category: "android.intent.category.DEFAULT"
I/PackageManager( 1568):   Scheme: "mmsto"
I/PackageManager( 1568): Adding preferred activity ComponentInfo{com.android.mms/com.android.mms.ui.ComposeMessageActivity} for user 0 :
I/PackageManager( 1568):   Action: "android.intent.action.SENDTO"
I/PackageManager( 1568):   Category: "android.intent.category.DEFAULT"
I/PackageManager( 1568):   Scheme: "sms"
D/dalvikvm( 1832): GC_FOR_ALLOC freed 136K, 9% free 4838K/5300K, paused 4ms, total 5ms
D/dalvikvm( 1795): GC_FOR_ALLOC freed 423K, 17% free 3648K/4344K, paused 1ms, total 1ms
E/dalvikvm( 1832): Could not find class 'javax.net.ssl.SNIServerName', referenced from method com.google.android.gms.org.conscrypt.Platform.getSniHostnameFromParams
W/dalvikvm( 1832): VFY: unable to resolve check-cast 5160 (Ljavax/net/ssl/SNIServerName;) in Lcom/google/android/gms/org/conscrypt/Platform;
D/dalvikvm( 1832): VFY: replacing opcode 0x1f at 0x0025
D/dalvikvm( 2246): Note: class Landroid/app/ActivityManagerNative; has 179 unimplemented (abstract) methods
E/dalvikvm( 1832): Could not find class 'javax.net.ssl.SNIHostName', referenced from method com.google.android.gms.org.conscrypt.Platform.setParametersSniHostname
W/dalvikvm( 1832): VFY: unable to resolve new-instance 5159 (Ljavax/net/ssl/SNIHostName;) in Lcom/google/android/gms/org/conscrypt/Platform;
D/dalvikvm( 1832): VFY: replacing opcode 0x22 at 0x0024
E/dalvikvm( 1832): Could not find class 'javax.net.ssl.SNIHostName', referenced from method com.google.android.gms.org.conscrypt.Platform.setParametersSniHostname
W/dalvikvm( 1832): VFY: unable to resolve new-instance 5159 (Ljavax/net/ssl/SNIHostName;) in Lcom/google/android/gms/org/conscrypt/Platform;
D/dalvikvm( 1832): VFY: replacing opcode 0x22 at 0x0024
D/dalvikvm( 1832): DexOpt: unable to opt direct call 0x52f9 at 0x2a in Lcom/google/android/gms/org/conscrypt/Platform;.setParametersSniHostname
D/dalvikvm( 1832): DexOpt: unable to opt direct call 0x52f9 at 0x2a in Lcom/google/android/gms/org/conscrypt/Platform;.setParametersSniHostname
I/PackageManager( 1568): Adding preferred activity ComponentInfo{com.android.mms/com.android.mms.ui.ComposeMessageActivity} for user 0 :
I/PackageManager( 1568):   Action: "android.intent.action.SENDTO"
I/PackageManager( 1568):   Category: "android.intent.category.DEFAULT"
I/PackageManager( 1568):   Scheme: "smsto"
I/PackageManager( 1568): Adding preferred activity ComponentInfo{com.android.mms/com.android.mms.ui.ComposeMessageActivity} for user 0 :
I/PackageManager( 1568):   Action: "android.intent.action.SENDTO"
I/PackageManager( 1568):   Category: "android.intent.category.DEFAULT"
I/PackageManager( 1568):   Scheme: "mms"
I/PackageManager( 1568):   Action: "android.intent.action.SENDTO"
I/PackageManager( 1568):   Category: "android.intent.category.DEFAULT"
I/PackageManager( 1568):   Scheme: "mmsto"
I/PackageManager( 1568): Adding preferred activity ComponentInfo{com.android.mms/com.android.mms.ui.ComposeMessageActivity} for user 0 :
I/PackageManager( 1568): Adding preferred activity ComponentInfo{com.android.mms/com.android.mms.ui.ComposeMessageActivity} for user 0 :
D/dalvikvm( 2093): GC_FOR_ALLOC freed 2696K, 33% free 6005K/8960K, paused 9ms, total 9ms
E/memtrack( 2246): Couldn't load memtrack module (No such file or directory)
E/android.os.Debug( 2246): failed to load memtrack module: -2
D/dalvikvm( 1832): GC_FOR_ALLOC freed 423K, 13% free 4992K/5728K, paused 3ms, total 3ms
D/AndroidRuntime( 2246): Calling main entry com.android.commands.pm.Pm
I/Icing   ( 2093): Using regular flags by method 2
I/ProviderInstaller( 1832): Installed default security provider GmsCore_OpenSSL
I/Safeboot( 1832): Checking safeboot...
I/Safeboot( 1832): Not entering safeboot; wrong process.
I/ahju    ( 1774): Scheduling Phenotype for a PhenotypeSyncImmediately(6, com.google.android.gms.settings.platform) one off with window [1, 2] in seconds [CONTEXT service_id=51 ]
W/ActivityManager( 1568): Unable to start service Intent { act=com.google.android.gms.auth.key.retrieval.service.START pkg=com.google.android.gms } U=0: not found
E/dalvikvm( 1832): Could not find class 'com.google.common.flogger.backend.google.GooglePlatform', referenced from method beui.a
W/dalvikvm( 1832): VFY: unable to resolve const-class 4605 (Lcom/google/common/flogger/backend/google/GooglePlatform;) in Lbeui;
D/dalvikvm( 1832): VFY: replacing opcode 0x1c at 0x001b
D/dalvikvm( 1568): GC_FOR_ALLOC freed 1089K, 50% free 7449K/14816K, paused 13ms, total 14ms
I/PackageManager( 1568): Running dexopt on: com.android.defcontainer
I/ActivityManager( 1568): Start proc com.android.defcontainer for service com.android.defcontainer/.DefaultContainerService: pid=2259 uid=10003 gids={50003, 1028, 1015, 1023, 2001, 1035}
W/linker  ( 2274): libdvm.so has text relocations. This is wasting memory and is a security risk. Please fix.
D/dalvikvm( 2274): DexOpt: load 0ms, verify+opt 1ms, 201428 bytes
E/GmsClient( 2093): unable to connect to service: com.google.android.gms.auth.key.retrieval.service.START on com.google.android.gms
W/ActivityManager( 1568): Unbind failed: could not find connection for android.os.BinderProxy@9d9683a8
D/dalvikvm( 1832): GC_FOR_ALLOC freed 366K, 11% free 5289K/5932K, paused 3ms, total 3ms
I/auxu    ( 1832): Primes not initialized, returning default (no-op) Primes instance which will ignore all calls. Please call Primes.initialize(...) before using any Primes API.
I/dalvikvm( 1832): Could not find method com.google.android.chimera.ContextThemeWrapper.createAttributionContext, referenced from method mnu.createAttributionContext
W/dalvikvm( 1832): VFY: unable to resolve virtual method 13785: Lcom/google/android/chimera/ContextThemeWrapper;.createAttributionContext (Ljava/lang/String;)Landroid/content/Context;
D/dalvikvm( 1832): VFY: replacing opcode 0x6f at 0x0002
I/dalvikvm( 1832): Could not find method android.content.ContextWrapper.createCredentialProtectedStorageContext, referenced from method mnu.createCredentialProtectedStorageContext
W/dalvikvm( 1832): VFY: unable to resolve virtual method 2508: Landroid/content/ContextWrapper;.createCredentialProtectedStorageContext ()Landroid/content/Context;
D/dalvikvm( 1832): VFY: replacing opcode 0x6f at 0x0002
I/dalvikvm( 1832): Could not find method android.content.ContextWrapper.createDeviceProtectedStorageContext, referenced from method mnu.createDeviceProtectedStorageContext
W/dalvikvm( 1832): VFY: unable to resolve virtual method 2509: Landroid/content/ContextWrapper;.createDeviceProtectedStorageContext ()Landroid/content/Context;
D/dalvikvm( 1832): VFY: replacing opcode 0x6f at 0x0002
D/dalvikvm( 1568): GC_FOR_ALLOC freed 1146K, 50% free 7422K/14816K, paused 11ms, total 11ms
I/dalvikvm( 1832): Could not find method android.content.Context.bindService, referenced from method uws.bindService
W/dalvikvm( 1832): VFY: unable to resolve virtual method 2453: Landroid/content/Context;.bindService (Landroid/content/Intent;ILjava/util/concurrent/Executor;Landroid/content/ServiceConnection;)Z
D/dalvikvm( 1832): VFY: replacing opcode 0x6e at 0x0018
I/dalvikvm( 1832): Could not find method android.content.Context.bindService, referenced from method uws.bindService
W/dalvikvm( 1832): VFY: unable to resolve virtual method 2453: Landroid/content/Context;.bindService (Landroid/content/Intent;ILjava/util/concurrent/Executor;Landroid/content/ServiceConnection;)Z
D/dalvikvm( 1832): VFY: replacing opcode 0x6e at 0x0030
I/dalvikvm( 1832): Could not find method android.content.Context.startForegroundService, referenced from method uws.startForegroundService
W/dalvikvm( 1832): VFY: unable to resolve virtual method 2501: Landroid/content/Context;.startForegroundService (Landroid/content/Intent;)Landroid/content/ComponentName;
D/dalvikvm( 1832): VFY: replacing opcode 0x6e at 0x001c
I/dalvikvm( 1832): Could not find method android.content.Context.startForegroundService, referenced from method uws.startForegroundService
W/dalvikvm( 1832): VFY: unable to resolve virtual method 2501: Landroid/content/Context;.startForegroundService (Landroid/content/Intent;)Landroid/content/ComponentName;
D/dalvikvm( 1832): VFY: replacing opcode 0x6e at 0x0028
I/dalvikvm( 1832): Could not find method android.os.PowerManager.isPowerSaveMode, referenced from method uwl.a
W/dalvikvm( 1832): VFY: unable to resolve virtual method 3047: Landroid/os/PowerManager;.isPowerSaveMode ()Z
D/dalvikvm( 1832): VFY: replacing opcode 0x6e at 0x0010
W/ActivityManager( 1568): No content provider found for permission revoke: file:///data/local/tmp/AndroidRipperService.apk
W/ActivityManager( 1568): No content provider found for permission revoke: file:///data/local/tmp/AndroidRipperService.apk
I/PackageManager( 1568): Copying native libraries to /data/app-lib/vmdl-159789034
I/PackageParser( 1568): it.unina.android.ripper_service: compat added android.permission.WRITE_EXTERNAL_STORAGE android.permission.READ_PHONE_STATE
I/dalvikvm( 1774): Could not find method android.os.UserManager.isManagedProfile, referenced from method nmn.g
I/dalvikvm( 1832): Could not find method android.app.admin.DevicePolicyManager.isProfileOwnerApp, referenced from method hbs.c
W/dalvikvm( 1832): VFY: unable to resolve virtual method 2595: Landroid/app/admin/DevicePolicyManager;.isProfileOwnerApp (Ljava/lang/String;)Z
D/dalvikvm( 1832): VFY: replacing opcode 0x6e at 0x0011
I/dalvikvm( 1832): Could not find method android.app.admin.DevicePolicyManager.getProfileOwner, referenced from method hbs.a
W/dalvikvm( 1832): VFY: unable to resolve virtual method 2591: Landroid/app/admin/DevicePolicyManager;.getProfileOwner ()Landroid/content/ComponentName;
D/dalvikvm( 1832): VFY: replacing opcode 0x6e at 0x0012
W/dalvikvm( 1774): VFY: unable to resolve virtual method 4277: Landroid/os/UserManager;.isManagedProfile ()Z
D/dalvikvm( 1832): GC_FOR_ALLOC freed 441K, 12% free 5584K/6328K, paused 4ms, total 5ms
I/dalvikvm( 1832): Could not find method android.app.NotificationManager.getCurrentInterruptionFilter, referenced from method nea.b
W/dalvikvm( 1832): VFY: unable to resolve virtual method 2504: Landroid/app/NotificationManager;.getCurrentInterruptionFilter ()I
D/dalvikvm( 1832): VFY: replacing opcode 0x6e at 0x0002
D/dalvikvm( 1774): VFY: replacing opcode 0x6e at 0x0012
I/dalvikvm( 1774): Could not find method android.app.admin.DevicePolicyManager.getAccountTypesWithManagementDisabled, referenced from method nmn.i
I/dalvikvm( 1832): Could not find method android.accounts.AccountManager.removeAccount, referenced from method ymq.c
W/dalvikvm( 1832): VFY: unable to resolve virtual method 4165: Landroid/accounts/AccountManager;.removeAccount (Landroid/accounts/Account;Landroid/app/Activity;Landroid/accounts/AccountManagerCallback;Landroid/os/Handler;)Landroid/accounts/AccountManagerFuture;
D/dalvikvm( 1832): VFY: replacing opcode 0x6e at 0x0009
I/dalvikvm( 1832): Could not find method android.accounts.AccountManager.removeAccountExplicitly, referenced from method ymq.d
W/dalvikvm( 1832): VFY: unable to resolve virtual method 4166: Landroid/accounts/AccountManager;.removeAccountExplicitly (Landroid/accounts/Account;)Z
D/dalvikvm( 1832): VFY: replacing opcode 0x6e at 0x0008
W/dalvikvm( 1774): VFY: unable to resolve virtual method 2586: Landroid/app/admin/DevicePolicyManager;.getAccountTypesWithManagementDisabled ()[Ljava/lang/String;
D/dalvikvm( 1774): VFY: replacing opcode 0x6e at 0x002b
I/dalvikvm( 1832): Could not find method android.content.ServiceConnection.onNullBinding, referenced from method uxb.onNullBinding
I/Auth    ( 1832): [Change,AccountsChange] First snapshot
W/WakefulBroadcastReceiv.( 1832): No active wake lock id #1
W/dalvikvm( 1832): VFY: unable to resolve interface method 2566: Landroid/content/ServiceConnection;.onNullBinding (Landroid/content/ComponentName;)V
D/dalvikvm( 1832): VFY: replacing opcode 0x72 at 0x000f
D/dalvikvm( 1568): GC_FOR_ALLOC freed 1027K, 50% free 7507K/14816K, paused 8ms, total 8ms
I/GCoreUlr( 1774): WorldUpdater received intent Intent { act=com.google.android.location.reporting.ACTION_UPDATE_WORLD cmp=com.google.android.gms/com.google.android.location.reporting.service.DispatchingService (has extras) } with receiverAction android.location.PROVIDERS_CHANGED
I/PackageManager( 1568): Running dexopt on: it.unina.android.ripper_service
W/linker  ( 2283): libdvm.so has text relocations. This is wasting memory and is a security risk. Please fix.
I/ahju    ( 1774): Scheduling Phenotype for a PhenotypeSyncImmediately(6, com.google.android.gms.settings.platform.boot) one off with window [1, 2] in seconds [CONTEXT service_id=51 ]
I/dalvikvm( 1774): Could not find method android.provider.DeviceConfig.getProperty, referenced from method ahlr.a
W/dalvikvm( 1774): VFY: unable to resolve static method 29770: Landroid/provider/DeviceConfig;.getProperty (Ljava/lang/String;Ljava/lang/String;)Ljava/lang/String;
D/dalvikvm( 1774): VFY: replacing opcode 0x71 at 0x0000
I/dalvikvm( 1774): Could not find method android.provider.DeviceConfig.setProperty, referenced from method ahlr.a
W/dalvikvm( 1774): VFY: unable to resolve static method 29771: Landroid/provider/DeviceConfig;.setProperty (Ljava/lang/String;Ljava/lang/String;Ljava/lang/String;Z)Z
D/dalvikvm( 1774): VFY: replacing opcode 0x71 at 0x0000
D/dalvikvm( 1832): GC_FOR_ALLOC freed 299K, 10% free 6100K/6720K, paused 17ms, total 17ms
D/dalvikvm( 2093): GC_FOR_ALLOC freed 880K, 32% free 6131K/8960K, paused 4ms, total 10ms
I/GCoreUlr( 1774): WorldUpdater:android.location.PROVIDERS_CHANGED: Ensuring that reporting is stopped because of reasons: (no Google accounts)
I/GCoreUlr( 1774): Unbound from all signal providers.
E/ConfigFileUtils( 2093): Failed to read config file: /data/data/com.google.android.gms/app_chimera/current_fileapks.pb: open failed: ENOENT (No such file or directory)
D/dalvikvm( 1832): GC_FOR_ALLOC freed 278K, 9% free 6762K/7408K, paused 4ms, total 6ms
E/ConfigFileUtils( 2093): Failed to read config file: /data/data/com.google.android.gms/app_chimera/current_fileapks.pb: open failed: ENOENT (No such file or directory)
I/SystemUpdate( 2093): [Installation,ReceiverIntentOperation] Received intent: Intent { act=com.google.android.gms.update.BASE_MODULE_INIT cat=[targeted_intent_op_prefix:.update.control.ReceiverIntentOperation] cmp=com.google.android.gms/.chimera.GmsIntentOperationService }.
D/dalvikvm( 2283): DexOpt: load 15ms, verify+opt 54ms, 1117628 bytes
I/dalvikvm( 2093): Could not find method android.app.NotificationManager.getCurrentInterruptionFilter, referenced from method nea.b
W/dalvikvm( 2093): VFY: unable to resolve virtual method 2504: Landroid/app/NotificationManager;.getCurrentInterruptionFilter ()I
D/dalvikvm( 2093): VFY: replacing opcode 0x6e at 0x0002
I/dalvikvm( 2093): Could not find method android.app.admin.DevicePolicyManager.isProfileOwnerApp, referenced from method hbs.c
W/dalvikvm( 2093): VFY: unable to resolve virtual method 2595: Landroid/app/admin/DevicePolicyManager;.isProfileOwnerApp (Ljava/lang/String;)Z
D/dalvikvm( 2093): VFY: replacing opcode 0x6e at 0x0011
I/dalvikvm( 2093): Could not find method android.app.admin.DevicePolicyManager.getProfileOwner, referenced from method hbs.a
W/dalvikvm( 2093): VFY: unable to resolve virtual method 2591: Landroid/app/admin/DevicePolicyManager;.getProfileOwner ()Landroid/content/ComponentName;
D/dalvikvm( 2093): VFY: replacing opcode 0x6e at 0x0012
I/ActivityManager( 1568): Force stopping it.unina.android.ripper_service appid=10057 user=-1: update pkg
D/dalvikvm( 1568): GC_FOR_ALLOC freed 1098K, 50% free 7541K/14816K, paused 9ms, total 9ms
D/dalvikvm( 1568): GC_FOR_ALLOC freed 1125K, 49% free 7558K/14816K, paused 6ms, total 6ms
I/constellation( 2093): [sim_state_checker] sim state checker is disabled.
D/dalvikvm( 2093): GC_FOR_ALLOC freed 899K, 30% free 6281K/8960K, paused 5ms, total 6ms
D/dalvikvm( 1568): GC_FOR_ALLOC freed 1144K, 49% free 7557K/14816K, paused 10ms, total 10ms
I/PackageManager( 1568):   Action: "android.intent.action.SENDTO"
I/PackageManager( 1568):   Category: "android.intent.category.DEFAULT"
I/PackageManager( 1568):   Scheme: "sms"
I/InputReader( 1568): Reconfiguring input devices.  changes=0x00000010
I/PackageManager( 1568):   Action: "android.intent.action.SENDTO"
I/PackageManager( 1568):   Category: "android.intent.category.DEFAULT"
I/PackageManager( 1568):   Scheme: "smsto"
I/PackageManager( 1568): Adding preferred activity ComponentInfo{com.android.mms/com.android.mms.ui.ComposeMessageActivity} for user 0 :
I/PackageManager( 1568): Adding preferred activity ComponentInfo{com.android.mms/com.android.mms.ui.ComposeMessageActivity} for user 0 :
I/PackageManager( 1568):   Action: "android.intent.action.SENDTO"
I/PackageManager( 1568):   Category: "android.intent.category.DEFAULT"
I/PackageManager( 1568):   Scheme: "mms"
I/PackageManager( 1568): Adding preferred activity ComponentInfo{com.android.mms/com.android.mms.ui.ComposeMessageActivity} for user 0 :
D/dalvikvm( 1795): GC_FOR_ALLOC freed 451K, 17% free 3622K/4344K, paused 2ms, total 2ms
I/PackageManager( 1568):   Action: "android.intent.action.SENDTO"
I/PackageManager( 1568):   Category: "android.intent.category.DEFAULT"
I/PackageManager( 1568):   Scheme: "mmsto"
D/BackupManagerService( 1568): Received broadcast Intent { act=android.intent.action.PACKAGE_ADDED dat=package:it.unina.android.ripper_service flg=0x4000010 (has extras) }
V/BackupManagerService( 1568): addPackageParticipantsLocked: #1
I/PackageManager( 1568): Adding preferred activity ComponentInfo{com.android.mms/com.android.mms.ui.ComposeMessageActivity} for user 0 :
D/dalvikvm( 1774): GC_FOR_ALLOC freed 774K, 14% free 6512K/7536K, paused 19ms, total 40ms
I/NearbyDiscovery( 1774): DiscoveryNearbyMessagesManager failed to background unsubscribe [CONTEXT service_id=49 ]
I/NearbyDiscovery( 1774): java.util.concurrent.TimeoutException: Timed out waiting for Task
I/NearbyDiscovery( 1774): 	at amhe.a(:com.google.android.gms@202414005@20.24.14 (000700-319035315):22)
I/NearbyDiscovery( 1774): 	at aceb.b(:com.google.android.gms@202414005@20.24.14 (000700-319035315):5)
I/NearbyDiscovery( 1774): 	at acds.run(:com.google.android.gms@202414005@20.24.14 (000700-319035315):3)
I/NearbyDiscovery( 1774): 	at bkpr.handleMessage(:com.google.android.gms@202414005@20.24.14 (000700-319035315):9)
I/NearbyDiscovery( 1774): 	at android.os.Handler.dispatchMessage(Handler.java:102)
I/NearbyDiscovery( 1774): 	at ypf.a(:com.google.android.gms@202414005@20.24.14 (000700-319035315):2)
I/NearbyDiscovery( 1774): 	at ypf.dispatchMessage(:com.google.android.gms@202414005@20.24.14 (000700-319035315):14)
I/NearbyDiscovery( 1774): 	at android.os.Looper.loop(Looper.java:136)
I/NearbyDiscovery( 1774): 	at android.os.HandlerThread.run(HandlerThread.java:61)
I/PackageManager( 1568):   Action: "android.intent.action.SENDTO"
I/PackageManager( 1568):   Category: "android.intent.category.DEFAULT"
I/PackageManager( 1568):   Scheme: "sms"
I/PackageManager( 1568):   Action: "android.intent.action.SENDTO"
I/PackageManager( 1568):   Category: "android.intent.category.DEFAULT"
I/PackageManager( 1568):   Scheme: "smsto"
I/PackageManager( 1568): Adding preferred activity ComponentInfo{com.android.mms/com.android.mms.ui.ComposeMessageActivity} for user 0 :
I/PackageManager( 1568): Adding preferred activity ComponentInfo{com.android.mms/com.android.mms.ui.ComposeMessageActivity} for user 0 :
D/dalvikvm( 1568): GC_EXPLICIT freed 1115K, 49% free 7588K/14816K, paused 5ms+2ms, total 52ms
D/dalvikvm( 1568): WAIT_FOR_CONCURRENT_GC blocked 5ms
D/dalvikvm( 1568): WAIT_FOR_CONCURRENT_GC blocked 5ms
D/dalvikvm( 1568): WAIT_FOR_CONCURRENT_GC blocked 5ms
D/dalvikvm( 1568): WAIT_FOR_CONCURRENT_GC blocked 6ms
D/dalvikvm( 1568): WAIT_FOR_CONCURRENT_GC blocked 7ms
D/dalvikvm( 1568): WAIT_FOR_CONCURRENT_GC blocked 8ms
D/AndroidRuntime( 2246): Shutting down VM
D/jdwp    ( 2246): Got wake-up signal, bailing out of select
D/dalvikvm( 2246): Debugger has detached; object registry had 1 entries
I/PackageManager( 1568):   Action: "android.intent.action.SENDTO"
I/PackageManager( 1568):   Category: "android.intent.category.DEFAULT"
I/PackageManager( 1568):   Scheme: "mms"
I/PackageManager( 1568):   Action: "android.intent.action.SENDTO"
I/PackageManager( 1568):   Category: "android.intent.category.DEFAULT"
I/PackageManager( 1568):   Scheme: "mmsto"
I/PackageManager( 1568): Adding preferred activity ComponentInfo{com.android.mms/com.android.mms.ui.ComposeMessageActivity} for user 0 :
I/PackageManager( 1568): Adding preferred activity ComponentInfo{com.android.mms/com.android.mms.ui.ComposeMessageActivity} for user 0 :
E/BluetoothAdapter( 1774): Bluetooth binder is null
I/NearbyDiscovery( 1774): FastPair: Skip backfill FastPairItem, adapter is null [CONTEXT service_id=49 ]
W/Settings( 2093): Setting device_provisioned has moved from android.provider.Settings.Secure to android.provider.Settings.Global.
I/NearbyDiscovery( 1774): FastPair: HeadsetPieceImage, grant permission files:0 [CONTEXT service_id=49 ]
E/dalvikvm( 2093): Could not find class 'android.net.Network', referenced from method anbj.a
W/dalvikvm( 2093): VFY: unable to resolve check-cast 7930 (Landroid/net/Network;) in Lanbj;
D/dalvikvm( 2093): VFY: replacing opcode 0x1f at 0x01c1
I/NearbyDiscovery( 1774): FastPairEventStream: Skip initialize event stream, adapter is null [CONTEXT service_id=49 ]
W/NearbyShared( 1774): BTConnStateMgr: Already destroyed!
I/NearbyDiscovery( 1774): EventStreamLoggingManager: destroy, unbind service [CONTEXT service_id=49 ]
I/NearbyDiscovery( 1774): Show notifications: 0 total, no changes since last shown, no-op. [CONTEXT service_id=49 ]
I/dalvikvm( 1774): Could not find method android.os.UserManager.isManagedProfile, referenced from method ffl.a
W/dalvikvm( 1774): VFY: unable to resolve virtual method 4277: Landroid/os/UserManager;.isManagedProfile ()Z
D/dalvikvm( 1774): VFY: replacing opcode 0x6e at 0x0024
I/NearbyDiscovery( 1774): DiscoveryService destroy EventLoop [CONTEXT service_id=49 ]
I/dalvikvm( 1774): Could not find method android.app.admin.DevicePolicyManager.isProfileOwnerApp, referenced from method hbs.c
W/dalvikvm( 1774): VFY: unable to resolve virtual method 2595: Landroid/app/admin/DevicePolicyManager;.isProfileOwnerApp (Ljava/lang/String;)Z
D/dalvikvm( 1774): VFY: replacing opcode 0x6e at 0x0011
I/dalvikvm( 1774): Could not find method android.app.admin.DevicePolicyManager.getProfileOwner, referenced from method hbs.a
W/dalvikvm( 1774): VFY: unable to resolve virtual method 2591: Landroid/app/admin/DevicePolicyManager;.getProfileOwner ()Landroid/content/ComponentName;
D/dalvikvm( 1774): VFY: replacing opcode 0x6e at 0x0012
E/BluetoothAdapter( 1774): Bluetooth binder is null
E/BluetoothAdapter( 1774): Bluetooth binder is null
D/dalvikvm( 2093): GC_FOR_ALLOC freed 888K, 28% free 6484K/8960K, paused 5ms, total 6ms
D/dalvikvm( 1568): GC_FOR_ALLOC freed 1304K, 50% free 7436K/14816K, paused 7ms, total 8ms
I/dalvikvm( 1774): Could not find method java.util.Locale.toLanguageTag, referenced from method ablz.a
W/dalvikvm( 1774): VFY: unable to resolve virtual method 19297: Ljava/util/Locale;.toLanguageTag ()Ljava/lang/String;
D/dalvikvm( 1774): VFY: replacing opcode 0x6e at 0x0006
I/dalvikvm( 2093): Could not find method android.os.UserManager.isManagedProfile, referenced from method nmn.g
W/dalvikvm( 2093): VFY: unable to resolve virtual method 4277: Landroid/os/UserManager;.isManagedProfile ()Z
D/dalvikvm( 2093): VFY: replacing opcode 0x6e at 0x0012
I/dalvikvm( 2093): Could not find method android.app.admin.DevicePolicyManager.getAccountTypesWithManagementDisabled, referenced from method nmn.i
W/dalvikvm( 2093): VFY: unable to resolve virtual method 2586: Landroid/app/admin/DevicePolicyManager;.getAccountTypesWithManagementDisabled ()[Ljava/lang/String;
D/dalvikvm( 2093): VFY: replacing opcode 0x6e at 0x002b
I/SystemUpdate( 2093): [Execution,InstallationEventIntentOperation] Handling event of type 1.
I/Auth    ( 1774): [WorkAccountServiceImpl] init work authenticator
I/dalvikvm( 1774): Failed resolving Lnin; interface 549 'Landroid/app/AlarmManager$OnAlarmListener;'
W/dalvikvm( 1774): Link of class 'Lnin;' failed
I/Auth    ( 1774): [WorkAccountServiceImpl] updating authenticator enabled state to: false
I/dalvikvm( 1774): Failed resolving Lnin; interface 549 'Landroid/app/AlarmManager$OnAlarmListener;'
W/dalvikvm( 1774): Link of class 'Lnin;' failed
I/dalvikvm( 1774): Failed resolving Lnin; interface 549 'Landroid/app/AlarmManager$OnAlarmListener;'
W/dalvikvm( 1774): Link of class 'Lnin;' failed
I/dalvikvm( 1774): Failed resolving Lnin; interface 549 'Landroid/app/AlarmManager$OnAlarmListener;'
W/dalvikvm( 1774): Link of class 'Lnin;' failed
W/dalvikvm( 1774): VFY: unable to find class referenced in signature (Lnin;)
D/dalvikvm( 1832): GC_EXPLICIT freed 258K, 9% free 6981K/7600K, paused 6ms+18ms, total 55ms
I/SystemUpdate( 2093): [Execution,InstallationIntentOperation] Received intent: Intent { act=com.google.android.gms.update.INSTALL_UPDATE cat=[targeted_intent_op_prefix:.update.execution.InstallationIntentOperation] cmp=com.google.android.gms/.chimera.GmsIntentOperationService }.
I/Auth    ( 2093): [SupervisedAccountIntentOperation] onHandleIntent(): com.google.android.chimera.IntentOperation.NEW_MODULE
