D/dalvikvm( 2093): GC_FOR_ALLOC freed <1K, 14% free 3610K/4168K, paused 1ms, total 1ms
D/dalvikvm( 2093): GC_FOR_ALLOC freed 27K, 6% free 4092K/4308K, paused 2ms, total 2ms
D/dalvikvm( 1774): GC_FOR_ALLOC freed 477K, 20% free 4389K/5428K, paused 3ms, total 3ms
D/dalvikvm( 2093): GC_FOR_ALLOC freed 274K, 10% free 4330K/4792K, paused 2ms, total 2ms
D/dalvikvm( 1774): GC_FOR_ALLOC freed 545K, 20% free 4356K/5428K, paused 3ms, total 3ms
D/dalvikvm( 2093): GC_FOR_ALLOC freed 363K, 11% free 4479K/5028K, paused 3ms, total 3ms
D/dalvikvm( 2093): GC_FOR_ALLOC freed 587K, 15% free 4404K/5180K, paused 3ms, total 3ms
D/dalvikvm( 1774): GC_FOR_ALLOC freed 468K, 19% free 4399K/5428K, paused 2ms, total 2ms
D/dalvikvm( 2093): GC_FOR_ALLOC freed 476K, 15% free 4440K/5180K, paused 2ms, total 2ms
D/dalvikvm( 1774): GC_FOR_ALLOC freed 474K, 19% free 4437K/5428K, paused 2ms, total 2ms
D/dalvikvm( 1774): GC_FOR_ALLOC freed 487K, 18% free 4462K/5428K, paused 2ms, total 2ms
D/dalvikvm( 2093): GC_FOR_ALLOC freed 476K, 14% free 4475K/5180K, paused 4ms, total 4ms
D/ConnectivityService( 1568): [CheckMp] isMobileOk: hostnameVerify retVal=true hostname=172.217.13.110 orgUriHost=clients3.google.com
D/dalvikvm( 2093): GC_FOR_ALLOC freed 352K, 14% free 4492K/5180K, paused 3ms, total 3ms
D/dalvikvm( 1774): GC_FOR_ALLOC freed 485K, 18% free 4488K/5428K, paused 3ms, total 3ms
D/ConnectivityService( 1568): [CheckMp] isMobileOk: headers={null=[HTTP/1.1 204 No Content], Alt-Svc=[h3=":443"; ma=2592000,h3-29=":443"; ma=2592000,h3-T051=":443"; ma=2592000,h3-Q050=":443"; ma=2592000,h3-Q046=":443"; ma=2592000,h3-Q043=":443"; ma=2592000,quic=":443"; ma=2592000; v="46,43"], Connection=[close], Content-Length=[0], Date=[Sun, 15 Aug 2021 14:57:54 GMT], X-Android-Received-Millis=[1629039474430], X-Android-Response-Source=[NETWORK 204], X-Android-Selected-Transport=[http/1.1], X-Android-Sent-Millis=[1629039474416]}
D/ConnectivityService( 1568): [CheckMp] isMobileOk: X got expected responseCode=204 result=1
D/ConnectivityService( 1568): [CheckMp] isMobileOk: F stop hipri
D/MobileDataStateTracker( 1568): default: setEnableFailFastMobileData(enabled=0)
D/ConnectivityService( 1568): stopUsingNetworkFeature: teardown net 0: enableHIPRI
D/MobileDataStateTracker( 1568): hipri: Broadcast received: android.intent.action.ANY_DATA_STATE apnType=hipri
D/MobileDataStateTracker( 1568): hipri: Received state=DISCONNECTED, old=CONNECTED, reason=dataDisabled
D/MobileDataStateTracker( 1568): hipri: setDetailed state, old =CONNECTED and new state=DISCONNECTED
D/ConnectivityService( 1568): ConnectivityChange for mobile_hipri: DISCONNECTED/DISCONNECTED
D/dalvikvm( 2093): GC_FOR_ALLOC freed 349K, 14% free 4512K/5192K, paused 3ms, total 3ms
D/dalvikvm( 1774): GC_FOR_ALLOC freed 935K, 27% free 4012K/5428K, paused 3ms, total 3ms
I/dalvikvm-heap( 1774): Grow heap (frag case) to 4.363MB for 281612-byte allocation
D/dalvikvm( 1774): GC_FOR_ALLOC freed 0K, 25% free 4287K/5704K, paused 2ms, total 2ms
D/dalvikvm( 2093): GC_FOR_ALLOC freed 988K, 23% free 4037K/5212K, paused 3ms, total 3ms
D/dalvikvm( 2093): GC_FOR_ALLOC freed 1K, 23% free 4039K/5212K, paused 2ms, total 2ms
I/dalvikvm-heap( 2093): Grow heap (frag case) to 4.392MB for 281612-byte allocation
D/dalvikvm( 2093): GC_FOR_ALLOC freed 0K, 22% free 4314K/5488K, paused 2ms, total 2ms
D/Nat464Xlat( 1568): requiresClat: netType=5, hasIPv4Address=true
I/ChimeraCfgMgr( 2093): Updating module config: <no config> -> container:2024149000700
E/ConfigFileUtils( 2093): Failed to read config file: /data/data/com.google.android.gms/app_chimera/current_modules_init.pb: open failed: ENOENT (No such file or directory)
I/ChimeraCfgMgr( 1774): Updating module config: <no config> -> container:2024149000700
D/dalvikvm( 1774): DexOpt: couldn't find static field Landroid/os/Build;.SUPPORTED_64_BIT_ABIS
W/dalvikvm( 1774): VFY: unable to resolve static field 1539 (SUPPORTED_64_BIT_ABIS) in Landroid/os/Build;
D/dalvikvm( 1774): VFY: replacing opcode 0x62 at 0x0214
I/ChimeraCfgMgr( 2093): Sending com.google.android.chimera.IntentOperation.NEW_MODULE Intents: 1,true,true
I/ChmraDebugLogger( 2093): [46] 
D/dalvikvm( 2093): DexOpt: couldn't find static field Landroid/os/Build;.SUPPORTED_64_BIT_ABIS
W/dalvikvm( 2093): VFY: unable to resolve static field 1539 (SUPPORTED_64_BIT_ABIS) in Landroid/os/Build;
D/dalvikvm( 2093): VFY: replacing opcode 0x62 at 0x0214
W/ProviderHelper( 2093): Unknown dynamite feature providerinstaller
I/DynamiteModule( 2093): Considering local module providerinstaller:0 and remote module providerinstaller:0
W/ProviderInstaller( 2093): Failed to load providerinstaller module: No acceptable module found. Local version is 0 and remote version is 0.
I/dalvikvm( 2093): Could not find method android.content.ContextWrapper.createCredentialProtectedStorageContext, referenced from method nfr.createCredentialProtectedStorageContext
W/dalvikvm( 2093): VFY: unable to resolve virtual method 2508: Landroid/content/ContextWrapper;.createCredentialProtectedStorageContext ()Landroid/content/Context;
D/dalvikvm( 2093): VFY: replacing opcode 0x6f at 0x0002
I/dalvikvm( 2093): Could not find method android.content.ContextWrapper.createDeviceProtectedStorageContext, referenced from method nfr.createDeviceProtectedStorageContext
W/dalvikvm( 2093): VFY: unable to resolve virtual method 2509: Landroid/content/ContextWrapper;.createDeviceProtectedStorageContext ()Landroid/content/Context;
D/dalvikvm( 2093): VFY: replacing opcode 0x6f at 0x0002
D/dalvikvm( 2093): DexOpt: couldn't find static field Landroid/os/Build;.SUPPORTED_64_BIT_ABIS
W/dalvikvm( 2093): VFY: unable to resolve static field 1539 (SUPPORTED_64_BIT_ABIS) in Landroid/os/Build;
D/dalvikvm( 2093): VFY: replacing opcode 0x62 at 0x0080
D/dalvikvm( 2093): DexOpt: couldn't find static field Landroid/os/Build;.SUPPORTED_ABIS
W/dalvikvm( 2093): VFY: unable to resolve static field 1540 (SUPPORTED_ABIS) in Landroid/os/Build;
D/dalvikvm( 2093): VFY: replacing opcode 0x62 at 0x00d3
W/ProviderHelper( 1774): Unknown dynamite feature providerinstaller
I/DynamiteModule( 1774): Considering local module providerinstaller:0 and remote module providerinstaller:0
W/ProviderInstaller( 1774): Failed to load providerinstaller module: No acceptable module found. Local version is 0 and remote version is 0.
I/dalvikvm( 1774): Could not find method android.content.ContextWrapper.createCredentialProtectedStorageContext, referenced from method nfr.createCredentialProtectedStorageContext
W/dalvikvm( 1774): VFY: unable to resolve virtual method 2508: Landroid/content/ContextWrapper;.createCredentialProtectedStorageContext ()Landroid/content/Context;
D/dalvikvm( 1774): VFY: replacing opcode 0x6f at 0x0002
I/dalvikvm( 1774): Could not find method android.content.ContextWrapper.createDeviceProtectedStorageContext, referenced from method nfr.createDeviceProtectedStorageContext
W/dalvikvm( 1774): VFY: unable to resolve virtual method 2509: Landroid/content/ContextWrapper;.createDeviceProtectedStorageContext ()Landroid/content/Context;
D/dalvikvm( 1774): VFY: replacing opcode 0x6f at 0x0002
D/dalvikvm( 1774): DexOpt: couldn't find static field Landroid/os/Build;.SUPPORTED_64_BIT_ABIS
W/dalvikvm( 1774): VFY: unable to resolve static field 1539 (SUPPORTED_64_BIT_ABIS) in Landroid/os/Build;
D/dalvikvm( 1774): VFY: replacing opcode 0x62 at 0x0080
D/dalvikvm( 1774): DexOpt: couldn't find static field Landroid/os/Build;.SUPPORTED_ABIS
W/dalvikvm( 1774): VFY: unable to resolve static field 1540 (SUPPORTED_ABIS) in Landroid/os/Build;
D/dalvikvm( 1774): VFY: replacing opcode 0x62 at 0x00d3
V/NativeCrypto( 1774): Registering com/google/android/gms/org/conscrypt/NativeCrypto's 286 native methods...
V/NativeCrypto( 2093): Registering com/google/android/gms/org/conscrypt/NativeCrypto's 286 native methods...
W/dalvikvm( 1774): Unable to resolve superclass of Lcom/google/android/gms/org/conscrypt/TrustManagerImpl; (5184)
W/dalvikvm( 2093): Unable to resolve superclass of Lcom/google/android/gms/org/conscrypt/TrustManagerImpl; (5184)
W/dalvikvm( 2093): Link of class 'Lcom/google/android/gms/org/conscrypt/TrustManagerImpl;' failed
W/dalvikvm( 1774): Link of class 'Lcom/google/android/gms/org/conscrypt/TrustManagerImpl;' failed
I/dalvikvm( 2093): Could not find method com.google.android.gms.org.conscrypt.TrustManagerImpl.getDefaultHostnameVerifier, referenced from method com.google.android.gms.org.conscrypt.Conscrypt.getDefaultHostnameVerifier
W/dalvikvm( 2093): VFY: unable to resolve static method 17870: Lcom/google/android/gms/org/conscrypt/TrustManagerImpl;.getDefaultHostnameVerifier ()Lcom/google/android/gms/org/conscrypt/ConscryptHostnameVerifier;
D/dalvikvm( 2093): VFY: replacing opcode 0x71 at 0x0003
I/dalvikvm( 1774): Could not find method com.google.android.gms.org.conscrypt.TrustManagerImpl.getDefaultHostnameVerifier, referenced from method com.google.android.gms.org.conscrypt.Conscrypt.getDefaultHostnameVerifier
W/dalvikvm( 1774): VFY: unable to resolve static method 17870: Lcom/google/android/gms/org/conscrypt/TrustManagerImpl;.getDefaultHostnameVerifier ()Lcom/google/android/gms/org/conscrypt/ConscryptHostnameVerifier;
D/dalvikvm( 1774): VFY: replacing opcode 0x71 at 0x0003
W/dalvikvm( 1774): Unable to resolve superclass of Lcom/google/android/gms/org/conscrypt/TrustManagerImpl; (5184)
W/dalvikvm( 1774): Link of class 'Lcom/google/android/gms/org/conscrypt/TrustManagerImpl;' failed
W/dalvikvm( 1774): VFY: unable to find class referenced in signature (Lcom/google/android/gms/org/conscrypt/TrustManagerImpl;)
W/dalvikvm( 1774): Unable to resolve superclass of Lcom/google/android/gms/org/conscrypt/TrustManagerImpl; (5184)
W/dalvikvm( 1774): Link of class 'Lcom/google/android/gms/org/conscrypt/TrustManagerImpl;' failed
I/dalvikvm( 1774): Could not find method com.google.android.gms.org.conscrypt.TrustManagerImpl.getHostnameVerifier, referenced from method com.google.android.gms.org.conscrypt.Conscrypt.getHostnameVerifier
W/dalvikvm( 1774): VFY: unable to resolve virtual method 17872: Lcom/google/android/gms/org/conscrypt/TrustManagerImpl;.getHostnameVerifier ()Lcom/google/android/gms/org/conscrypt/ConscryptHostnameVerifier;
D/dalvikvm( 1774): VFY: replacing opcode 0x6e at 0x0004
W/dalvikvm( 1774): Unable to resolve superclass of Lcom/google/android/gms/org/conscrypt/TrustManagerImpl; (5184)
W/dalvikvm( 1774): Link of class 'Lcom/google/android/gms/org/conscrypt/TrustManagerImpl;' failed
E/dalvikvm( 1774): Could not find class 'com.google.android.gms.org.conscrypt.TrustManagerImpl', referenced from method com.google.android.gms.org.conscrypt.Conscrypt.isConscrypt
W/dalvikvm( 1774): VFY: unable to resolve instanceof 4452 (Lcom/google/android/gms/org/conscrypt/TrustManagerImpl;) in Lcom/google/android/gms/org/conscrypt/Conscrypt;
D/dalvikvm( 1774): VFY: replacing opcode 0x20 at 0x0000
W/dalvikvm( 1774): Unable to resolve superclass of Lcom/google/android/gms/org/conscrypt/TrustManagerImpl; (5184)
W/dalvikvm( 1774): Link of class 'Lcom/google/android/gms/org/conscrypt/TrustManagerImpl;' failed
I/dalvikvm( 1774): Could not find method com.google.android.gms.org.conscrypt.TrustManagerImpl.setDefaultHostnameVerifier, referenced from method com.google.android.gms.org.conscrypt.Conscrypt.setDefaultHostnameVerifier
W/dalvikvm( 1774): VFY: unable to resolve static method 17882: Lcom/google/android/gms/org/conscrypt/TrustManagerImpl;.setDefaultHostnameVerifier (Lcom/google/android/gms/org/conscrypt/ConscryptHostnameVerifier;)V
D/dalvikvm( 1774): VFY: replacing opcode 0x71 at 0x0003
W/dalvikvm( 1774): Unable to resolve superclass of Lcom/google/android/gms/org/conscrypt/TrustManagerImpl; (5184)
W/dalvikvm( 1774): Link of class 'Lcom/google/android/gms/org/conscrypt/TrustManagerImpl;' failed
W/dalvikvm( 1774): VFY: unable to find class referenced in signature (Lcom/google/android/gms/org/conscrypt/TrustManagerImpl;)
D/dalvikvm( 2093): GC_FOR_ALLOC freed 1275K, 36% free 3550K/5488K, paused 2ms, total 2ms
W/dalvikvm( 2093): Unable to resolve superclass of Lcom/google/android/gms/org/conscrypt/TrustManagerImpl; (5184)
W/dalvikvm( 1774): Unable to resolve superclass of Lcom/google/android/gms/org/conscrypt/TrustManagerImpl; (5184)
W/dalvikvm( 1774): Link of class 'Lcom/google/android/gms/org/conscrypt/TrustManagerImpl;' failed
W/dalvikvm( 2093): Link of class 'Lcom/google/android/gms/org/conscrypt/TrustManagerImpl;' failed
I/dalvikvm( 1774): Could not find method com.google.android.gms.org.conscrypt.TrustManagerImpl.setHostnameVerifier, referenced from method com.google.android.gms.org.conscrypt.Conscrypt.setHostnameVerifier
W/dalvikvm( 1774): VFY: unable to resolve virtual method 17883: Lcom/google/android/gms/org/conscrypt/TrustManagerImpl;.setHostnameVerifier (Lcom/google/android/gms/org/conscrypt/ConscryptHostnameVerifier;)V
D/dalvikvm( 1774): VFY: replacing opcode 0x6e at 0x0004
W/dalvikvm( 2093): VFY: unable to find class referenced in signature (Lcom/google/android/gms/org/conscrypt/TrustManagerImpl;)
W/dalvikvm( 2093): Unable to resolve superclass of Lcom/google/android/gms/org/conscrypt/TrustManagerImpl; (5184)
W/dalvikvm( 1774): Unable to resolve superclass of Lcom/google/android/gms/org/conscrypt/TrustManagerImpl; (5184)
W/dalvikvm( 1774): Link of class 'Lcom/google/android/gms/org/conscrypt/TrustManagerImpl;' failed
W/dalvikvm( 2093): Link of class 'Lcom/google/android/gms/org/conscrypt/TrustManagerImpl;' failed
I/dalvikvm( 2093): Could not find method com.google.android.gms.org.conscrypt.TrustManagerImpl.getHostnameVerifier, referenced from method com.google.android.gms.org.conscrypt.Conscrypt.getHostnameVerifier
W/dalvikvm( 2093): VFY: unable to resolve virtual method 17872: Lcom/google/android/gms/org/conscrypt/TrustManagerImpl;.getHostnameVerifier ()Lcom/google/android/gms/org/conscrypt/ConscryptHostnameVerifier;
D/dalvikvm( 2093): VFY: replacing opcode 0x6e at 0x0004
W/dalvikvm( 2093): Unable to resolve superclass of Lcom/google/android/gms/org/conscrypt/TrustManagerImpl; (5184)
W/dalvikvm( 2093): Link of class 'Lcom/google/android/gms/org/conscrypt/TrustManagerImpl;' failed
E/dalvikvm( 2093): Could not find class 'com.google.android.gms.org.conscrypt.TrustManagerImpl', referenced from method com.google.android.gms.org.conscrypt.Conscrypt.isConscrypt
W/dalvikvm( 2093): VFY: unable to resolve instanceof 4452 (Lcom/google/android/gms/org/conscrypt/TrustManagerImpl;) in Lcom/google/android/gms/org/conscrypt/Conscrypt;
D/dalvikvm( 2093): VFY: replacing opcode 0x20 at 0x0000
W/dalvikvm( 2093): Unable to resolve superclass of Lcom/google/android/gms/org/conscrypt/TrustManagerImpl; (5184)
W/dalvikvm( 2093): Link of class 'Lcom/google/android/gms/org/conscrypt/TrustManagerImpl;' failed
I/dalvikvm( 2093): Could not find method com.google.android.gms.org.conscrypt.TrustManagerImpl.setDefaultHostnameVerifier, referenced from method com.google.android.gms.org.conscrypt.Conscrypt.setDefaultHostnameVerifier
W/dalvikvm( 2093): VFY: unable to resolve static method 17882: Lcom/google/android/gms/org/conscrypt/TrustManagerImpl;.setDefaultHostnameVerifier (Lcom/google/android/gms/org/conscrypt/ConscryptHostnameVerifier;)V
D/dalvikvm( 2093): VFY: replacing opcode 0x71 at 0x0003
W/dalvikvm( 2093): Unable to resolve superclass of Lcom/google/android/gms/org/conscrypt/TrustManagerImpl; (5184)
W/dalvikvm( 2093): Link of class 'Lcom/google/android/gms/org/conscrypt/TrustManagerImpl;' failed
W/dalvikvm( 2093): VFY: unable to find class referenced in signature (Lcom/google/android/gms/org/conscrypt/TrustManagerImpl;)
W/dalvikvm( 2093): Unable to resolve superclass of Lcom/google/android/gms/org/conscrypt/TrustManagerImpl; (5184)
W/dalvikvm( 2093): Link of class 'Lcom/google/android/gms/org/conscrypt/TrustManagerImpl;' failed
I/dalvikvm( 2093): Could not find method com.google.android.gms.org.conscrypt.TrustManagerImpl.setHostnameVerifier, referenced from method com.google.android.gms.org.conscrypt.Conscrypt.setHostnameVerifier
W/dalvikvm( 2093): VFY: unable to resolve virtual method 17883: Lcom/google/android/gms/org/conscrypt/TrustManagerImpl;.setHostnameVerifier (Lcom/google/android/gms/org/conscrypt/ConscryptHostnameVerifier;)V
D/dalvikvm( 2093): VFY: replacing opcode 0x6e at 0x0004
W/dalvikvm( 2093): Unable to resolve superclass of Lcom/google/android/gms/org/conscrypt/TrustManagerImpl; (5184)
W/dalvikvm( 2093): Link of class 'Lcom/google/android/gms/org/conscrypt/TrustManagerImpl;' failed
D/dalvikvm( 1774): GC_FOR_ALLOC freed 1397K, 41% free 3402K/5704K, paused 3ms, total 3ms
E/dalvikvm( 1774): Could not find class 'com.google.android.gms.org.conscrypt.TrustManagerImpl', referenced from method com.google.android.gms.org.conscrypt.Conscrypt.toConscrypt
E/dalvikvm( 2093): Could not find class 'com.google.android.gms.org.conscrypt.TrustManagerImpl', referenced from method com.google.android.gms.org.conscrypt.Conscrypt.toConscrypt
W/dalvikvm( 1774): VFY: unable to resolve check-cast 4452 (Lcom/google/android/gms/org/conscrypt/TrustManagerImpl;) in Lcom/google/android/gms/org/conscrypt/Conscrypt;
D/dalvikvm( 1774): VFY: replacing opcode 0x1f at 0x002a
W/dalvikvm( 2093): VFY: unable to resolve check-cast 4452 (Lcom/google/android/gms/org/conscrypt/TrustManagerImpl;) in Lcom/google/android/gms/org/conscrypt/Conscrypt;
D/dalvikvm( 2093): VFY: replacing opcode 0x1f at 0x002a
D/dalvikvm( 2093): GC_FOR_ALLOC freed 381K, 33% free 3680K/5488K, paused 2ms, total 2ms
D/dalvikvm( 1774): GC_FOR_ALLOC freed 170K, 35% free 3743K/5704K, paused 2ms, total 2ms
D/dalvikvm( 2093): GC_FOR_ALLOC freed 144K, 27% free 4048K/5488K, paused 2ms, total 2ms
D/dalvikvm( 2093): GC_FOR_ALLOC freed 139K, 20% free 4420K/5488K, paused 2ms, total 2ms
D/dalvikvm( 1774): GC_FOR_ALLOC freed 143K, 28% free 4111K/5704K, paused 2ms, total 2ms
D/dalvikvm( 2093): GC_FOR_ALLOC freed 130K, 13% free 4789K/5488K, paused 2ms, total 2ms
D/dalvikvm( 1774): GC_FOR_ALLOC freed 133K, 22% free 4490K/5704K, paused 2ms, total 2ms
E/dalvikvm( 2093): Could not find class 'javax.net.ssl.SNIServerName', referenced from method com.google.android.gms.org.conscrypt.Platform.getSniHostnameFromParams
W/dalvikvm( 2093): VFY: unable to resolve check-cast 5160 (Ljavax/net/ssl/SNIServerName;) in Lcom/google/android/gms/org/conscrypt/Platform;
D/dalvikvm( 2093): VFY: replacing opcode 0x1f at 0x0025
E/dalvikvm( 2093): Could not find class 'javax.net.ssl.SNIHostName', referenced from method com.google.android.gms.org.conscrypt.Platform.setParametersSniHostname
W/dalvikvm( 2093): VFY: unable to resolve new-instance 5159 (Ljavax/net/ssl/SNIHostName;) in Lcom/google/android/gms/org/conscrypt/Platform;
D/dalvikvm( 2093): VFY: replacing opcode 0x22 at 0x0024
E/dalvikvm( 2093): Could not find class 'javax.net.ssl.SNIHostName', referenced from method com.google.android.gms.org.conscrypt.Platform.setParametersSniHostname
W/dalvikvm( 2093): VFY: unable to resolve new-instance 5159 (Ljavax/net/ssl/SNIHostName;) in Lcom/google/android/gms/org/conscrypt/Platform;
D/dalvikvm( 2093): VFY: replacing opcode 0x22 at 0x0024
D/dalvikvm( 2093): GC_FOR_ALLOC freed 231K, 10% free 5073K/5576K, paused 3ms, total 3ms
D/dalvikvm( 2093): DexOpt: unable to opt direct call 0x52f9 at 0x2a in Lcom/google/android/gms/org/conscrypt/Platform;.setParametersSniHostname
D/dalvikvm( 2093): DexOpt: unable to opt direct call 0x52f9 at 0x2a in Lcom/google/android/gms/org/conscrypt/Platform;.setParametersSniHostname
D/dalvikvm( 1774): GC_FOR_ALLOC freed 147K, 15% free 4855K/5704K, paused 3ms, total 3ms
E/dalvikvm( 1774): Could not find class 'javax.net.ssl.SNIServerName', referenced from method com.google.android.gms.org.conscrypt.Platform.getSniHostnameFromParams
W/dalvikvm( 1774): VFY: unable to resolve check-cast 5160 (Ljavax/net/ssl/SNIServerName;) in Lcom/google/android/gms/org/conscrypt/Platform;
D/dalvikvm( 1774): VFY: replacing opcode 0x1f at 0x0025
E/dalvikvm( 1774): Could not find class 'javax.net.ssl.SNIHostName', referenced from method com.google.android.gms.org.conscrypt.Platform.setParametersSniHostname
W/dalvikvm( 1774): VFY: unable to resolve new-instance 5159 (Ljavax/net/ssl/SNIHostName;) in Lcom/google/android/gms/org/conscrypt/Platform;
D/dalvikvm( 1774): VFY: replacing opcode 0x22 at 0x0024
E/dalvikvm( 1774): Could not find class 'javax.net.ssl.SNIHostName', referenced from method com.google.android.gms.org.conscrypt.Platform.setParametersSniHostname
W/dalvikvm( 1774): VFY: unable to resolve new-instance 5159 (Ljavax/net/ssl/SNIHostName;) in Lcom/google/android/gms/org/conscrypt/Platform;
D/dalvikvm( 1774): VFY: replacing opcode 0x22 at 0x0024
D/dalvikvm( 1774): DexOpt: unable to opt direct call 0x52f9 at 0x2a in Lcom/google/android/gms/org/conscrypt/Platform;.setParametersSniHostname
D/dalvikvm( 1774): DexOpt: unable to opt direct call 0x52f9 at 0x2a in Lcom/google/android/gms/org/conscrypt/Platform;.setParametersSniHostname
I/ProviderInstaller( 2093): Installed default security provider GmsCore_OpenSSL
D/dalvikvm( 1774): GC_FOR_ALLOC freed 424K, 12% free 5048K/5704K, paused 6ms, total 6ms
I/Safeboot( 2093): Checking safeboot...
I/Safeboot( 2093): Not entering safeboot; wrong process.
D/dalvikvm( 2093): GC_FOR_ALLOC freed 433K, 12% free 5284K/5956K, paused 3ms, total 3ms
E/dalvikvm( 2093): Could not find class 'com.google.common.flogger.backend.google.GooglePlatform', referenced from method beui.a
W/dalvikvm( 2093): VFY: unable to resolve const-class 4605 (Lcom/google/common/flogger/backend/google/GooglePlatform;) in Lbeui;
D/dalvikvm( 2093): VFY: replacing opcode 0x1c at 0x001b
I/ProviderInstaller( 1774): Installed default security provider GmsCore_OpenSSL
D/dalvikvm( 1832): GC_EXPLICIT freed 430K, 17% free 3201K/3820K, paused 0ms+0ms, total 4ms
I/Safeboot( 1774): Checking safeboot...
I/Safeboot Condition( 1774): No need to enter Safeboot.
E/dalvikvm( 1774): Could not find class 'com.google.common.flogger.backend.google.GooglePlatform', referenced from method beui.a
W/dalvikvm( 1774): VFY: unable to resolve const-class 4605 (Lcom/google/common/flogger/backend/google/GooglePlatform;) in Lbeui;
D/dalvikvm( 1774): VFY: replacing opcode 0x1c at 0x001b
I/auxu    ( 1774): Primes not initialized, returning default (no-op) Primes instance which will ignore all calls. Please call Primes.initialize(...) before using any Primes API.
I/auxu    ( 2093): Primes not initialized, returning default (no-op) Primes instance which will ignore all calls. Please call Primes.initialize(...) before using any Primes API.
I/DeviceDrDatabaseHelper( 1774): Creating databases!
I/dalvikvm( 1774): Could not find method android.content.Context.bindService, referenced from method uws.bindService
W/dalvikvm( 1774): VFY: unable to resolve virtual method 2453: Landroid/content/Context;.bindService (Landroid/content/Intent;ILjava/util/concurrent/Executor;Landroid/content/ServiceConnection;)Z
D/dalvikvm( 1774): VFY: replacing opcode 0x6e at 0x0018
I/dalvikvm( 1774): Could not find method android.content.Context.bindService, referenced from method uws.bindService
W/dalvikvm( 1774): VFY: unable to resolve virtual method 2453: Landroid/content/Context;.bindService (Landroid/content/Intent;ILjava/util/concurrent/Executor;Landroid/content/ServiceConnection;)Z
D/dalvikvm( 1774): VFY: replacing opcode 0x6e at 0x0030
I/dalvikvm( 1774): Could not find method android.content.Context.startForegroundService, referenced from method uws.startForegroundService
W/dalvikvm( 1774): VFY: unable to resolve virtual method 2501: Landroid/content/Context;.startForegroundService (Landroid/content/Intent;)Landroid/content/ComponentName;
D/dalvikvm( 1774): VFY: replacing opcode 0x6e at 0x001c
I/dalvikvm( 1774): Could not find method android.content.Context.startForegroundService, referenced from method uws.startForegroundService
W/dalvikvm( 1774): VFY: unable to resolve virtual method 2501: Landroid/content/Context;.startForegroundService (Landroid/content/Intent;)Landroid/content/ComponentName;
D/dalvikvm( 1774): VFY: replacing opcode 0x6e at 0x0028
I/dalvikvm( 1774): Could not find method android.os.PowerManager.isPowerSaveMode, referenced from method uwl.a
W/dalvikvm( 1774): VFY: unable to resolve virtual method 3047: Landroid/os/PowerManager;.isPowerSaveMode ()Z
D/dalvikvm( 1774): VFY: replacing opcode 0x6e at 0x0010
I/dalvikvm( 2093): Could not find method android.content.Context.bindService, referenced from method uws.bindService
W/dalvikvm( 2093): VFY: unable to resolve virtual method 2453: Landroid/content/Context;.bindService (Landroid/content/Intent;ILjava/util/concurrent/Executor;Landroid/content/ServiceConnection;)Z
D/dalvikvm( 2093): VFY: replacing opcode 0x6e at 0x0018
I/dalvikvm( 2093): Could not find method android.content.Context.bindService, referenced from method uws.bindService
W/dalvikvm( 2093): VFY: unable to resolve virtual method 2453: Landroid/content/Context;.bindService (Landroid/content/Intent;ILjava/util/concurrent/Executor;Landroid/content/ServiceConnection;)Z
D/dalvikvm( 2093): VFY: replacing opcode 0x6e at 0x0030
I/dalvikvm( 2093): Could not find method android.content.Context.startForegroundService, referenced from method uws.startForegroundService
W/dalvikvm( 2093): VFY: unable to resolve virtual method 2501: Landroid/content/Context;.startForegroundService (Landroid/content/Intent;)Landroid/content/ComponentName;
D/dalvikvm( 2093): VFY: replacing opcode 0x6e at 0x001c
I/dalvikvm( 2093): Could not find method android.content.Context.startForegroundService, referenced from method uws.startForegroundService
W/dalvikvm( 2093): VFY: unable to resolve virtual method 2501: Landroid/content/Context;.startForegroundService (Landroid/content/Intent;)Landroid/content/ComponentName;
D/dalvikvm( 2093): VFY: replacing opcode 0x6e at 0x0028
I/dalvikvm( 2093): Could not find method android.os.PowerManager.isPowerSaveMode, referenced from method uwl.a
W/dalvikvm( 2093): VFY: unable to resolve virtual method 3047: Landroid/os/PowerManager;.isPowerSaveMode ()Z
D/dalvikvm( 2093): VFY: replacing opcode 0x6e at 0x0010
D/dalvikvm( 1774): GC_FOR_ALLOC freed 396K, 10% free 5324K/5916K, paused 15ms, total 15ms
D/dalvikvm( 2093): GC_FOR_ALLOC freed 320K, 9% free 5676K/6236K, paused 16ms, total 16ms
D/AndroidRuntime( 2125): 
D/AndroidRuntime( 2125): >>>>>> AndroidRuntime START com.android.internal.os.RuntimeInit <<<<<<
W/linker  ( 2125): libdvm.so has text relocations. This is wasting memory and is a security risk. Please fix.
I/dalvikvm( 1774): Could not find method android.os.PowerManager.isPowerSaveMode, referenced from method ayli.c
W/dalvikvm( 1774): VFY: unable to resolve virtual method 1679: Landroid/os/PowerManager;.isPowerSaveMode ()Z
D/dalvikvm( 1774): VFY: replacing opcode 0x6e at 0x000a
E/dalvikvm( 1774): Could not find class 'android.content.RestrictionsManager', referenced from method axpy.a
W/dalvikvm( 1774): VFY: unable to resolve check-cast 215 (Landroid/content/RestrictionsManager;) in Laxpy;
D/dalvikvm( 1774): VFY: replacing opcode 0x1f at 0x009b
D/dalvikvm( 1832): GC_FOR_ALLOC freed 512K, 20% free 3199K/3964K, paused 2ms, total 2ms
D/AndroidRuntime( 2125): CheckJNI is ON
D/dalvikvm( 2125): Trying to load lib libjavacore.so 0x0
D/dalvikvm( 2125): Added shared lib libjavacore.so 0x0
D/dalvikvm( 2125): Trying to load lib libnativehelper.so 0x0
D/dalvikvm( 2125): Added shared lib libnativehelper.so 0x0
D/dalvikvm( 2125): No JNI_OnLoad found in libnativehelper.so 0x0, skipping init
D/dalvikvm( 2093): GC_FOR_ALLOC freed 235K, 8% free 6232K/6760K, paused 7ms, total 7ms
D/dalvikvm( 1774): GC_FOR_ALLOC freed 595K, 13% free 5479K/6284K, paused 3ms, total 3ms
D/dalvikvm( 2125): Note: class Landroid/app/ActivityManagerNative; has 179 unimplemented (abstract) methods
E/SQLiteLog( 1774): (1) no such table: Packages
D/dalvikvm( 2093): GC_FOR_ALLOC freed 355K, 10% free 6819K/7500K, paused 8ms, total 8ms
E/memtrack( 2125): Couldn't load memtrack module (No such file or directory)
E/android.os.Debug( 2125): failed to load memtrack module: -2
D/AndroidRuntime( 2125): Calling main entry com.android.commands.pm.Pm
D/AndroidRuntime( 2125): Shutting down VM
D/jdwp    ( 2125): Got wake-up signal, bailing out of select
D/dalvikvm( 2125): Debugger has detached; object registry had 1 entries
I/AndroidRuntime( 2125): NOTE: attach of thread 'Binder_1' failed
D/dalvikvm( 1568): GC_FOR_ALLOC freed 814K, 51% free 7279K/14816K, paused 8ms, total 8ms
E/ConfigFileUtils( 2093): Failed to read config file: /data/data/com.google.android.gms/app_chimera/current_fileapks.pb: open failed: ENOENT (No such file or directory)
D/dalvikvm( 1774): GC_FOR_ALLOC freed 840K, 16% free 5454K/6492K, paused 3ms, total 3ms
I/dalvikvm( 1774): Could not find method android.content.ServiceConnection.onNullBinding, referenced from method uxb.onNullBinding
I/GmsModuleFndr( 2093): Beginning GMS chimera module scan
W/dalvikvm( 1774): VFY: unable to resolve interface method 2566: Landroid/content/ServiceConnection;.onNullBinding (Landroid/content/ComponentName;)V
D/dalvikvm( 1774): VFY: replacing opcode 0x72 at 0x000f
E/ConfigFileUtils( 2093): Failed to read config file: /data/data/com.google.android.gms/app_chimera/current_fileapks.pb: open failed: ENOENT (No such file or directory)
I/ModuleSetMgr( 2093): Computing pending module set with APKs: []
I/ModuleSetMgr( 2093): Pending container module APKs: []
I/ModuleSetMgr( 2093): Pending non-container module APKs: []
E/ConfigFileUtils( 2093): Failed to read config file: /data/data/com.google.android.gms/app_chimera/current_fileapks.pb: open failed: ENOENT (No such file or directory)
I/NativeLibraryUtils( 2093): Extraction to /data/data/com.google.android.gms/app_extracted_libs/x86/libAppDataSearch.so true
D/dalvikvm( 1774): GC_FOR_ALLOC freed 675K, 14% free 5598K/6492K, paused 3ms, total 3ms
E/ConfigFileUtils( 2093): Failed to read config file: /data/data/com.google.android.gms/app_chimera/current_fileapks.pb: open failed: ENOENT (No such file or directory)
I/GmsModuleFndr( 2093): Beginning GMS chimera module scan
E/ConfigFileUtils( 2093): Failed to read config file: /data/data/com.google.android.gms/app_chimera/current_fileapks.pb: open failed: ENOENT (No such file or directory)
I/ModuleSetMgr( 2093): Computing pending module set with APKs: []
I/ModuleSetMgr( 2093): Pending container module APKs: []
I/ModuleSetMgr( 2093): Pending non-container module APKs: []
E/ConfigFileUtils( 2093): Failed to read config file: /data/data/com.google.android.gms/app_chimera/current_fileapks.pb: open failed: ENOENT (No such file or directory)
I/dalvikvm( 2093): Could not find method android.accounts.AccountManager.removeAccount, referenced from method ymq.c
W/dalvikvm( 2093): VFY: unable to resolve virtual method 4165: Landroid/accounts/AccountManager;.removeAccount (Landroid/accounts/Account;Landroid/app/Activity;Landroid/accounts/AccountManagerCallback;Landroid/os/Handler;)Landroid/accounts/AccountManagerFuture;
D/dalvikvm( 2093): VFY: replacing opcode 0x6e at 0x0009
I/dalvikvm( 2093): Could not find method android.accounts.AccountManager.removeAccountExplicitly, referenced from method ymq.d
W/dalvikvm( 2093): VFY: unable to resolve virtual method 4166: Landroid/accounts/AccountManager;.removeAccountExplicitly (Landroid/accounts/Account;)Z
D/dalvikvm( 2093): VFY: replacing opcode 0x6e at 0x0008
E/ConfigFileUtils( 2093): Failed to read config file: /data/data/com.google.android.gms/app_chimera/current_fileapks.pb: open failed: ENOENT (No such file or directory)
I/GmsModuleFndr( 2093): Beginning GMS chimera module scan
E/ConfigFileUtils( 2093): Failed to read config file: /data/data/com.google.android.gms/app_chimera/current_fileapks.pb: open failed: ENOENT (No such file or directory)
I/ModuleSetMgr( 2093): Computing pending module set with APKs: []
I/ModuleSetMgr( 2093): Pending container module APKs: []
I/ModuleSetMgr( 2093): Pending non-container module APKs: []
E/ConfigFileUtils( 2093): Failed to read config file: /data/data/com.google.android.gms/app_chimera/current_fileapks.pb: open failed: ENOENT (No such file or directory)
I/NativeLibraryUtils( 2093): Extraction to /data/data/com.google.android.gms/app_extracted_libs/x86/libWhisper.so true
D/dalvikvm( 2093): GC_FOR_ALLOC freed 966K, 15% free 7061K/8280K, paused 7ms, total 7ms
W/ModuleManager( 1774): Unable to get current module's fulfilled APIs in ModuleManager created with non-module Context
I/dalvikvm( 1774): Could not find method android.system.Os.statvfs, referenced from method mbx.a
W/dalvikvm( 1774): VFY: unable to resolve static method 5777: Landroid/system/Os;.statvfs (Ljava/lang/String;)Landroid/system/StructStatVfs;
D/dalvikvm( 1774): VFY: replacing opcode 0x71 at 0x0029
E/StrictMode( 2093): A resource was acquired at attached stack trace but never released. See java.io.Closeable for information on avoiding resource leaks.
E/StrictMode( 2093): java.lang.Throwable: Explicit termination method 'end' not called
E/StrictMode( 2093): 	at dalvik.system.CloseGuard.open(CloseGuard.java:184)
E/StrictMode( 2093): 	at java.util.zip.Inflater.<init>(Inflater.java:82)
E/StrictMode( 2093): 	at java.util.zip.ZipFile.getInputStream(ZipFile.java:310)
E/StrictMode( 2093): 	at npp.d(:com.google.android.gms@202414005@20.24.14 (000700-319035315):36)
E/StrictMode( 2093): 	at mob.run(:com.google.android.gms@202414005@20.24.14 (000700-319035315):0)
I/dalvikvm( 1774): DexOpt: unable to optimize instance field ref 0x076d at 0x2d in Lmbx;.a
D/dalvikvm( 1568): GC_FOR_ALLOC freed 1075K, 51% free 7280K/14816K, paused 5ms, total 7ms
D/dalvikvm( 1774): GC_EXPLICIT freed 486K, 15% free 5560K/6492K, paused 0ms+0ms, total 6ms
I/NativeLibraryUtils( 2093): Extraction to /data/data/com.google.android.gms/app_extracted_libs/x86/libconscrypt_gmscore_jni.so true
I/NativeLibraryUtils( 2093): Extraction to /data/data/com.google.android.gms/app_extracted_libs/x86/libgcastv2_base.so true
D/AndroidRuntime( 2163): 
D/AndroidRuntime( 2163): >>>>>> AndroidRuntime START com.android.internal.os.RuntimeInit <<<<<<
I/NearbyDiscovery( 1774): DiscoveryService created [CONTEXT service_id=49 ]
W/linker  ( 2163): libdvm.so has text relocations. This is wasting memory and is a security risk. Please fix.
E/BluetoothAdapter( 1809): Bluetooth binder is null
I/NativeLibraryUtils( 2093): Extraction to /data/data/com.google.android.gms/app_extracted_libs/x86/libgcastv2_support.so true
D/AndroidRuntime( 2163): CheckJNI is ON
I/dalvikvm( 1774): Could not find method android.os.UserHandle.isOwner, referenced from method ahls.a
W/dalvikvm( 1774): VFY: unable to resolve virtual method 29745: Landroid/os/UserHandle;.isOwner ()Z
D/dalvikvm( 1774): VFY: replacing opcode 0x6e at 0x000a
D/dalvikvm( 2163): Trying to load lib libjavacore.so 0x0
I/dalvikvm( 2171): CheckJNI enabled: not enabling JNI app bug workarounds.
I/ActivityManager( 1568): Start proc com.android.music for broadcast com.android.music/.MediaButtonIntentReceiver: pid=2171 uid=10036 gids={50036, 3003, 1028, 1015}
I/PackageManager( 1568): Running dexopt on: com.android.music
D/dalvikvm( 1145): GC_EXPLICIT freed 39K, 8% free 2993K/3220K, paused 1ms+1ms, total 7ms
D/dalvikvm( 2163): Added shared lib libjavacore.so 0x0
W/linker  ( 2183): libdvm.so has text relocations. This is wasting memory and is a security risk. Please fix.
D/dalvikvm( 2163): Trying to load lib libnativehelper.so 0x0
D/dalvikvm( 1145): GC_EXPLICIT freed <1K, 8% free 2993K/3220K, paused 1ms+2ms, total 8ms
D/dalvikvm( 1145): GC_EXPLICIT freed <1K, 8% free 2993K/3220K, paused 0ms+0ms, total 2ms
D/dalvikvm( 2163): Added shared lib libnativehelper.so 0x0
D/dalvikvm( 2163): No JNI_OnLoad found in libnativehelper.so 0x0, skipping init
I/NativeLibraryUtils( 2093): Extraction to /data/data/com.google.android.gms/app_extracted_libs/x86/libgmscore.so true
D/dalvikvm( 2163): Note: class Landroid/app/ActivityManagerNative; has 179 unimplemented (abstract) methods
I/NativeLibraryUtils( 2093): Extraction to /data/data/com.google.android.gms/app_extracted_libs/x86/libgoogle-ocrclient-v3.so true
D/dalvikvm( 2183): DexOpt: load 7ms, verify+opt 17ms, 753588 bytes
E/memtrack( 2163): Couldn't load memtrack module (No such file or directory)
E/android.os.Debug( 2163): failed to load memtrack module: -2
I/dalvikvm( 1774): Could not find method android.app.NotificationManager.getCurrentInterruptionFilter, referenced from method nea.b
W/dalvikvm( 1774): VFY: unable to resolve virtual method 2504: Landroid/app/NotificationManager;.getCurrentInterruptionFilter ()I
D/dalvikvm( 1774): VFY: replacing opcode 0x6e at 0x0002
I/dalvikvm( 1774): Could not find method android.os.PowerManager.isInteractive, referenced from method acej.a
W/dalvikvm( 1774): VFY: unable to resolve virtual method 29693: Landroid/os/PowerManager;.isInteractive ()Z
D/dalvikvm( 1774): VFY: replacing opcode 0x6e at 0x0103
I/dalvikvm( 2093): Could not find method android.app.Activity.getMediaController, referenced from method com.google.android.chimera.ActivityBase.getMediaController
W/dalvikvm( 2093): VFY: unable to resolve virtual method 2155: Landroid/app/Activity;.getMediaController ()Landroid/media/session/MediaController;
I/NativeLibraryUtils( 2093): Extraction to /data/data/com.google.android.gms/app_extracted_libs/x86/libinertial-anchor-jni.so true
D/dalvikvm( 2093): VFY: replacing opcode 0x6e at 0x0002
I/dalvikvm( 2093): Could not find method android.app.Activity.getSearchEvent, referenced from method com.google.android.chimera.ActivityBase.getSearchEvent
W/dalvikvm( 2093): VFY: unable to resolve virtual method 2160: Landroid/app/Activity;.getSearchEvent ()Landroid/view/SearchEvent;
D/dalvikvm( 2093): VFY: replacing opcode 0x6e at 0x0002
W/dalvikvm( 2093): VFY: unable to find class referenced in signature (Landroid/app/VoiceInteractor;)
I/MediaFocusControl( 1568):   Remote Control   registerMediaButtonIntent() for PendingIntent{9d47fb30: PendingIntentRecord{9d4f2b90 com.android.music broadcastIntent}}
D/SettingsProvider( 1568): User 0 external modification to /data/data/com.android.providers.settings/databases/settings.db; event=2
D/SettingsProvider( 1568): User 0 updating our caches for /data/data/com.android.providers.settings/databases/settings.db
W/dalvikvm( 2093): VFY: unable to find class referenced in signature (Landroid/app/VoiceInteractor;)
I/NativeLibraryUtils( 2093): Extraction to /data/data/com.google.android.gms/app_extracted_libs/x86/libjgcastservice.so true
D/AndroidRuntime( 2163): Calling main entry com.android.commands.pm.Pm
D/dalvikvm( 2093): GC_FOR_ALLOC freed 1219K, 17% free 7150K/8608K, paused 11ms, total 11ms
D/AndroidRuntime( 2163): Shutting down VM
D/jdwp    ( 2163): Got wake-up signal, bailing out of select
D/dalvikvm( 2163): Debugger has detached; object registry had 1 entries
W/dalvikvm( 2093): VFY: unable to find class referenced in signature (Landroid/os/PersistableBundle;)
W/dalvikvm( 2093): VFY: unable to find class referenced in signature (Landroid/os/PersistableBundle;)
W/dalvikvm( 2093): VFY: unable to find class referenced in signature (Landroid/os/PersistableBundle;)
W/dalvikvm( 2093): VFY: unable to find class referenced in signature (Landroid/os/PersistableBundle;)
W/dalvikvm( 2093): VFY: unable to find class referenced in signature (Landroid/app/assist/AssistContent;)
W/dalvikvm( 2093): VFY: unable to find class referenced in signature (Landroid/app/assist/AssistContent;)
W/dalvikvm( 2093): VFY: unable to find class referenced in signature (Landroid/os/PersistableBundle;)
W/dalvikvm( 2093): VFY: unable to find class referenced in signature (Landroid/os/PersistableBundle;)
W/dalvikvm( 2093): VFY: unable to find class referenced in signature (Landroid/os/PersistableBundle;)
W/dalvikvm( 2093): VFY: unable to find class referenced in signature (Landroid/os/PersistableBundle;)
W/dalvikvm( 2093): VFY: unable to find class referenced in signature (Landroid/view/SearchEvent;)
W/dalvikvm( 2093): VFY: unable to find class referenced in signature (Landroid/view/SearchEvent;)
I/dalvikvm( 2093): Could not find method android.app.Activity.requestPermissions, referenced from method com.google.android.chimera.ActivityBase.requestPermissions
W/dalvikvm( 2093): VFY: unable to resolve virtual method 2194: Landroid/app/Activity;.requestPermissions ([Ljava/lang/String;I)V
D/dalvikvm( 2093): VFY: replacing opcode 0x6e at 0x0002
W/dalvikvm( 2093): VFY: unable to find class referenced in signature (Landroid/media/session/MediaController;)
I/AndroidRuntime( 2163): NOTE: attach of thread 'Binder_1' failed
I/dalvikvm( 2093): Could not find method android.app.Activity.setMediaController, referenced from method com.google.android.chimera.ActivityBase.setMediaController
W/dalvikvm( 2093): VFY: unable to resolve virtual method 2205: Landroid/app/Activity;.setMediaController (Landroid/media/session/MediaController;)V
D/dalvikvm( 2093): VFY: replacing opcode 0x6e at 0x0002
E/dalvikvm( 2093): Could not find class 'android.app.ActivityManager$TaskDescription', referenced from method com.google.android.gms.growth.ui.webview.GrowthWebViewChimeraActivity.onCreate
W/dalvikvm( 2093): VFY: unable to resolve new-instance 1205 (Landroid/app/ActivityManager$TaskDescription;) in Lcom/google/android/gms/growth/ui/webview/GrowthWebViewChimeraActivity;
D/dalvikvm( 2093): VFY: replacing opcode 0x22 at 0x00d9
D/dalvikvm( 2093): DexOpt: unable to opt direct call 0x1060 at 0xe6 in Lcom/google/android/gms/growth/ui/webview/GrowthWebViewChimeraActivity;.onCreate
D/dalvikvm( 1774): GC_FOR_ALLOC freed 553K, 13% free 5883K/6688K, paused 7ms, total 7ms
E/dalvikvm( 1774): Could not find class 'android.app.NotificationChannel', referenced from method aciq.a
W/dalvikvm( 1774): VFY: unable to resolve new-instance 7732 (Landroid/app/NotificationChannel;) in Laciq;
D/dalvikvm( 1774): VFY: replacing opcode 0x22 at 0x00a8
D/dalvikvm( 1774): DexOpt: unable to opt direct call 0x6f0e at 0xad in Laciq;.a
E/BluetoothAdapter( 1774): Bluetooth binder is null
W/NearbyShared( 1774): BTConnStateMgr:BluetoothAdapter.getDefaultAdapter() return null!
D/dalvikvm( 1568): GC_FOR_ALLOC freed 1001K, 51% free 7354K/14816K, paused 9ms, total 10ms
W/dalvikvm( 1774): VFY: unable to find class referenced in signature (Landroid/bluetooth/le/ScanCallback;)
I/dalvikvm( 1774): Could not find method android.content.Context.getSystemService, referenced from method aclw.a
W/dalvikvm( 1774): VFY: unable to resolve virtual method 28695: Landroid/content/Context;.getSystemService (Ljava/lang/Class;)Ljava/lang/Object;
D/dalvikvm( 1774): VFY: replacing opcode 0x6e at 0x0006
I/dalvikvm( 1774): Could not find method android.content.Context.getDrawable, referenced from method jk.a
W/dalvikvm( 1774): VFY: unable to resolve virtual method 2472: Landroid/content/Context;.getDrawable (I)Landroid/graphics/drawable/Drawable;
D/dalvikvm( 1774): VFY: replacing opcode 0x6e at 0x0006
I/dalvikvm( 1774): Could not find method android.content.Context.getNoBackupFilesDir, referenced from method jk.b
W/dalvikvm( 1774): VFY: unable to resolve virtual method 2480: Landroid/content/Context;.getNoBackupFilesDir ()Ljava/io/File;
D/dalvikvm( 1774): VFY: replacing opcode 0x6e at 0x0006
I/dalvikvm( 1774): Could not find method android.os.PowerManager.isPowerSaveMode, referenced from method ayei.a
W/dalvikvm( 1774): VFY: unable to resolve virtual method 1679: Landroid/os/PowerManager;.isPowerSaveMode ()Z
D/dalvikvm( 1774): VFY: replacing opcode 0x6e at 0x0154
W/ModuleManager( 2093): Unable to get current module's fulfilled APIs in ModuleManager created with non-module Context
D/dalvikvm( 1832): GC_EXPLICIT freed 472K, 19% free 3212K/3964K, paused 0ms+0ms, total 2ms
D/dalvikvm( 2093): GC_FOR_ALLOC freed 1226K, 17% free 7268K/8724K, paused 5ms, total 5ms
E/BluetoothAdapter( 1774): Bluetooth binder is null
D/dalvikvm( 1568): GC_FOR_ALLOC freed 1097K, 51% free 7351K/14816K, paused 8ms, total 9ms
I/NearbyDiscovery( 1774): Show notifications: 0 total, no changes since last shown, no-op. [CONTEXT service_id=49 ]
I/NativeLibraryUtils( 2093): Extraction to /data/data/com.google.android.gms/app_extracted_libs/x86/libjingle_peerconnection_so.so true
W/dalvikvm( 1832): VFY: unable to resolve static field 1608 (PR_SET_DUMPABLE) in Landroid/system/OsConstants;
D/dalvikvm( 1832): VFY: replacing opcode 0x60 at 0x0017
W/dalvikvm( 1832): VFY: unable to find class referenced in signature (Lyqx;)
W/dalvikvm( 1832): VFY: unable to find class referenced in signature (Lyro;)
I/Auth    ( 2093): [WorkAccount] update authenticator enabled for boot or update
I/NativeLibraryUtils( 2093): Extraction to /data/data/com.google.android.gms/app_extracted_libs/x86/libleveldbjni.so true
I/dalvikvm( 2093): Could not find method android.content.ServiceConnection.onNullBinding, referenced from method uxb.onNullBinding
W/dalvikvm( 2093): VFY: unable to resolve interface method 2566: Landroid/content/ServiceConnection;.onNullBinding (Landroid/content/ComponentName;)V
D/dalvikvm( 2093): VFY: replacing opcode 0x72 at 0x000f
I/NativeLibraryUtils( 2093): Extraction to /data/data/com.google.android.gms/app_extracted_libs/x86/libmatching.so true
I/NativeLibraryUtils( 2093): Extraction to /data/data/com.google.android.gms/app_extracted_libs/x86/libvcdiffjni.so true
I/NativeLibraryUtils( 2093): Extraction to /data/data/com.google.android.gms/app_extracted_libs/x86/libwearable-selector.so true
D/AndroidRuntime( 2210): 
D/AndroidRuntime( 2210): >>>>>> AndroidRuntime START com.android.internal.os.RuntimeInit <<<<<<
W/linker  ( 2210): libdvm.so has text relocations. This is wasting memory and is a security risk. Please fix.
D/AndroidRuntime( 2210): CheckJNI is ON
D/dalvikvm( 2210): Trying to load lib libjavacore.so 0x0
D/dalvikvm( 2210): Added shared lib libjavacore.so 0x0
D/dalvikvm( 2210): Trying to load lib libnativehelper.so 0x0
D/dalvikvm( 2210): Added shared lib libnativehelper.so 0x0
D/dalvikvm( 2210): No JNI_OnLoad found in libnativehelper.so 0x0, skipping init
D/dalvikvm( 2210): Note: class Landroid/app/ActivityManagerNative; has 179 unimplemented (abstract) methods
I/dalvikvm( 1832): Could not find method android.system.Os.readlink, referenced from method msk.a
W/dalvikvm( 1832): VFY: unable to resolve static method 3145: Landroid/system/Os;.readlink (Ljava/lang/String;)Ljava/lang/String;
D/dalvikvm( 1832): VFY: replacing opcode 0x71 at 0x00b0
I/dalvikvm( 1832): Could not find method android.os.PowerManager.isInteractive, referenced from method ndc.a
W/dalvikvm( 1832): VFY: unable to resolve virtual method 3046: Landroid/os/PowerManager;.isInteractive ()Z
D/dalvikvm( 1832): VFY: replacing opcode 0x6e at 0x0013
I/dalvikvm( 1832): Could not find method com.google.android.chimera.ModuleContext.getAttributionTag, referenced from method com.google.android.chimera.ModuleContext.createAttributionContext
W/dalvikvm( 1832): VFY: unable to resolve virtual method 14170: Lcom/google/android/chimera/ModuleContext;.getAttributionTag ()Ljava/lang/String;
D/dalvikvm( 1832): VFY: replacing opcode 0x6e at 0x0004
I/dalvikvm( 1832): Could not find method com.google.android.chimera.ContextThemeWrapper.createAttributionContext, referenced from method com.google.android.chimera.ModuleContext.createAttributionContext
W/dalvikvm( 1832): VFY: unable to resolve virtual method 13785: Lcom/google/android/chimera/ContextThemeWrapper;.createAttributionContext (Ljava/lang/String;)Landroid/content/Context;
D/dalvikvm( 1832): VFY: replacing opcode 0x6f at 0x0035
I/dalvikvm( 1832): Could not find method android.content.ContextWrapper.createCredentialProtectedStorageContext, referenced from method com.google.android.chimera.ModuleContext.createCredentialProtectedStorageContext
W/dalvikvm( 1832): VFY: unable to resolve virtual method 2508: Landroid/content/ContextWrapper;.createCredentialProtectedStorageContext ()Landroid/content/Context;
D/dalvikvm( 1832): VFY: replacing opcode 0x6f at 0x0002
I/dalvikvm( 1832): Could not find method android.content.ContextWrapper.createDeviceProtectedStorageContext, referenced from method com.google.android.chimera.ModuleContext.createDeviceProtectedStorageContext
W/dalvikvm( 1832): VFY: unable to resolve virtual method 2509: Landroid/content/ContextWrapper;.createDeviceProtectedStorageContext ()Landroid/content/Context;
D/dalvikvm( 1832): VFY: replacing opcode 0x6f at 0x0002
I/dalvikvm( 1832): Could not find method com.google.android.chimera.ContextThemeWrapper.sendBroadcastWithMultiplePermissions, referenced from method com.google.android.chimera.ModuleContext.sendBroadcastWithMultiplePermissions
W/dalvikvm( 1832): VFY: unable to resolve virtual method 13795: Lcom/google/android/chimera/ContextThemeWrapper;.sendBroadcastWithMultiplePermissions (Landroid/content/Intent;[Ljava/lang/String;)V
D/dalvikvm( 1832): VFY: replacing opcode 0x6f at 0x0009
I/MultiDex( 1832): VM with version 1.6.0 does not have multidex support
I/MultiDex( 1832): Installing application
I/MultiDex( 1832): MultiDexExtractor(/system/priv-app/PrebuiltGmsCore.apk, /data/data/com.google.android.gms/code_cache/secondary-dexes)
D/dalvikvm( 1832): GC_FOR_ALLOC freed 432K, 18% free 3293K/3976K, paused 2ms, total 2ms
I/dalvikvm( 1774): Could not find method android.accounts.AccountManager.getPreviousName, referenced from method ayhp.d
I/MultiDex( 1832): Blocking on lock /data/data/com.google.android.gms/code_cache/secondary-dexes/MultiDex.lock
I/MultiDex( 1832): /data/data/com.google.android.gms/code_cache/secondary-dexes/MultiDex.lock locked
I/MultiDex( 1832): MultiDexExtractor.load(/system/priv-app/PrebuiltGmsCore.apk, false, )
I/MultiDex( 1832): loading existing secondary dex files
I/PackageManager( 1568):   Action: "android.intent.action.SENDTO"
I/PackageManager( 1568):   Category: "android.intent.category.DEFAULT"
I/PackageManager( 1568):   Scheme: "sms"
I/InputReader( 1568): Reconfiguring input devices.  changes=0x00000010
I/PackageManager( 1568): Adding preferred activity ComponentInfo{com.android.mms/com.android.mms.ui.ComposeMessageActivity} for user 0 :
