I/ContactDirectoryManager( 1861): Discovered 0 contact directories in 1641ms
D/dalvikvm( 1568): GC_FOR_ALLOC freed 840K, 52% free 7141K/14816K, paused 18ms, total 18ms
D/MobileDataStateTracker( 1568): ia: Received state=DISCONNECTED, old=DISCONNECTED, reason=dataAttached
D/MobileDataStateTracker( 1568): supl: Broadcast received: android.intent.action.ANY_DATA_STATE apnType=supl
D/MobileDataStateTracker( 1568): supl: Received state=DISCONNECTED, old=DISCONNECTED, reason=dataAttached
D/MobileDataStateTracker( 1568): hipri: Broadcast received: android.intent.action.ANY_DATA_STATE apnType=hipri
D/MobileDataStateTracker( 1568): hipri: Received state=DISCONNECTED, old=DISCONNECTED, reason=dataAttached
I/ContactsProvider( 1861): Upgrading aggregation algorithm
I/ContactAggregator( 1861): Marked all visible contacts for aggregation: 0 raw contacts, 1 ms
I/Choreographer( 1652): Skipped 46 frames!  The application may be doing too much work on its main thread.
D/MobileDataStateTracker( 1568): ims: Broadcast received: android.intent.action.ANY_DATA_STATE apnType=ims
D/MobileDataStateTracker( 1568): ims: Received state=DISCONNECTED, old=DISCONNECTED, reason=dataAttached
D/EGL_emulation( 1652): eglMakeCurrent: 0xb916b960: ver 3 0
D/MobileDataStateTracker( 1568): mms: Broadcast received: android.intent.action.ANY_DATA_STATE apnType=mms
D/MobileDataStateTracker( 1568): mms: Received state=DISCONNECTED, old=DISCONNECTED, reason=dataAttached
D/MobileDataStateTracker( 1568): cbs: Broadcast received: android.intent.action.ANY_DATA_STATE apnType=cbs
D/MobileDataStateTracker( 1568): cbs: Received state=DISCONNECTED, old=DISCONNECTED, reason=dataAttached
D/        ( 1934): HostConnection::get() New Host Connection established 0xb91a0250, tid 1934
D/MobileDataStateTracker( 1568): fota: Broadcast received: android.intent.action.ANY_DATA_STATE apnType=fota
D/MobileDataStateTracker( 1568): fota: Received state=DISCONNECTED, old=DISCONNECTED, reason=dataAttached
D/MobileDataStateTracker( 1568): ia: Broadcast received: android.intent.action.ANY_DATA_STATE apnType=ia
D/MobileDataStateTracker( 1568): ia: Received state=DISCONNECTED, old=DISCONNECTED, reason=dataAttached
D/MobileDataStateTracker( 1568): supl: Broadcast received: android.intent.action.ANY_DATA_STATE apnType=supl
D/MobileDataStateTracker( 1568): supl: Received state=DISCONNECTED, old=DISCONNECTED, reason=dataAttached
D/MobileDataStateTracker( 1568): hipri: Broadcast received: android.intent.action.ANY_DATA_STATE apnType=hipri
D/MobileDataStateTracker( 1568): hipri: Received state=DISCONNECTED, old=DISCONNECTED, reason=dataAttached
D/MobileDataStateTracker( 1568): ims: Broadcast received: android.intent.action.ANY_DATA_STATE apnType=ims
D/MobileDataStateTracker( 1568): ims: Received state=DISCONNECTED, old=DISCONNECTED, reason=dataAttached
D/MobileDataStateTracker( 1568): mms: Broadcast received: android.intent.action.ANY_DATA_STATE apnType=mms
D/MobileDataStateTracker( 1568): mms: Received state=DISCONNECTED, old=DISCONNECTED, reason=dataAttached
D/MobileDataStateTracker( 1568): cbs: Broadcast received: android.intent.action.ANY_DATA_STATE apnType=cbs
D/MobileDataStateTracker( 1568): cbs: Received state=DISCONNECTED, old=DISCONNECTED, reason=dataAttached
D/EGL_emulation( 1934): eglCreateContext: 0xb91a1ca0: maj 3 min 0 rcv 3
D/EGL_emulation( 1934): eglMakeCurrent: 0xb91a1ca0: ver 3 0
E/eglCodecCommon( 1934): glUtilsParamSize: unknow param 0x00008cdf
E/eglCodecCommon( 1934): glUtilsParamSize: unknow param 0x00008824
E/EGL_emulation( 1934): tid 1934: eglSurfaceAttrib(1199): error 0x3009 (EGL_BAD_MATCH)
W/HardwareRenderer( 1934): Backbuffer cannot be preserved
D/OpenGLRenderer( 1934): Enabling debug mode 0
D/MccTable( 1795): updateMccMncConfiguration: mcc=310, mnc=260
D/MccTable( 1795): getLocaleFromMcc to en_us mcc=310
D/MccTable( 1795): getLocaleForLanguageCountry: got match
D/MccTable( 1795): getLocaleForLanguageCountry: X locale=en_US
D/MccTable( 1795): WIFI_COUNTRY_CODE set to us
I/WifiService( 1568): WifiService trying to set country code to us with persist set to true
D/ActivityThread( 2014): Loading provider com.android.email.provider;com.android.email.notifier: com.android.email.provider.EmailProvider
I/LatinIME:LogUtils( 1760): Dictionary info: dictionary = main:en ; version = 42 ; date = 1381226516
D/MccTable( 1795): updateMccMncConfiguration updateConfig config={1.0 310mcc260mnc en_US ldltr ?swdp ?wdp ?hdp ?density ?lsize ?long ?orien ?uimode ?night ?touch ?keyb/?/? ?nav/?}
D/dalvikvm( 1652): GC_FOR_ALLOC freed 17553K, 67% free 8874K/26660K, paused 14ms, total 17ms
I/dalvikvm-heap( 1652): Grow heap (frag case) to 11.772MB for 3072012-byte allocation
I/ContactsProvider( 1861): Aggregation algorithm upgraded for 0 raw contacts in 164ms
I/ActivityManager( 1568): Config changes=3 {1.0 310mcc260mnc en_US ldltr sw411dp w411dp h658dp 420dpi nrml port finger qwerty/v/v dpad/v s.5}
D/dalvikvm( 1652): GC_FOR_ALLOC freed 3K, 56% free 11870K/26660K, paused 3ms, total 3ms
D/PermissionCache( 1144): checking android.permission.READ_FRAME_BUFFER for uid=1000 => granted (39 us)
D/gralloc_ranchu( 1144): gralloc_alloc: Creating ashmem region of size 8294400
D/dalvikvm( 1934): GC_FOR_ALLOC freed 586K, 8% free 9157K/9932K, paused 11ms, total 11ms
D/dalvikvm( 1652): GC_FOR_ALLOC freed <1K, 56% free 11870K/26660K, paused 8ms, total 8ms
I/MultiDex( 1774): Renaming to /data/data/com.google.android.gms/code_cache/secondary-dexes/PrebuiltGmsCore.apk.classes2.zip
I/MultiDex( 1774): Extraction succeeded '/data/data/com.google.android.gms/code_cache/secondary-dexes/PrebuiltGmsCore.apk.classes2.zip': length 3623385 - crc: 3535609393
I/MultiDex( 1774): Extraction is needed for file /data/data/com.google.android.gms/code_cache/secondary-dexes/PrebuiltGmsCore.apk.classes3.zip
I/MultiDex( 1774): Extracting /data/data/com.google.android.gms/code_cache/secondary-dexes/tmp-PrebuiltGmsCore.apk.classes-159789034.zip
I/DownloadManager( 1848): Download 3 starting
W/DownloadManager( 1848): Aborting request for download 3: NO_CONNECTION
D/MccTable( 1795): updateMccMncConfiguration: mcc=310, mnc=260
D/MccTable( 1795): getLocaleFromMcc to en_us mcc=310
D/MccTable( 1795): getLocaleForLanguageCountry: skipping already persisted
D/MccTable( 1795): getLocaleForLanguageCountry: X locale=null
D/MccTable( 1795): WIFI_COUNTRY_CODE set to us
I/WifiService( 1568): WifiService trying to set country code to us with persist set to true
D/MccTable( 1795): updateMccMncConfiguration updateConfig config={1.0 310mcc260mnc ?locale ?layoutDir ?swdp ?wdp ?hdp ?density ?lsize ?long ?orien ?uimode ?night ?touch ?keyb/?/? ?nav/?}
I/dalvikvm-heap( 1934): Grow heap (frag case) to 16.242MB for 7464972-byte allocation
D/dalvikvm( 1934): GC_FOR_ALLOC freed 1K, 5% free 16446K/17224K, paused 4ms, total 4ms
I/DownloadManager( 1848): Download 3 finished with status WAITING_FOR_NETWORK
D/dalvikvm( 1795): GC_FOR_ALLOC freed 400K, 15% free 3541K/4124K, paused 2ms, total 2ms
I/LatinIME:LogUtils( 1760): Dictionary info: dictionary = main:en ; version = 42 ; date = 1381226516
I/dalvikvm-heap( 1652): Grow heap (frag case) to 26.622MB for 15575052-byte allocation
D/dalvikvm( 1652): GC_FOR_ALLOC freed 0K, 36% free 27080K/41872K, paused 3ms, total 3ms
I/LatinIME:LogUtils( 1760): Dictionary info: dictionary = main:en ; version = 42 ; date = 1381226516
I/ContactsFTS( 1861): Rebuild contact search index in 217ms, 0 contacts
I/DownloadManager( 1848): Download 4 starting
W/DownloadManager( 1848): Aborting request for download 4: NO_CONNECTION
V/RenderScript( 1934): 0xb917e2f0 Launching thread(s), CPUs 2
D/dalvikvm( 1795): GC_FOR_ALLOC freed 493K, 16% free 3560K/4236K, paused 3ms, total 3ms
I/DownloadManager( 1848): Download 4 finished with status WAITING_FOR_NETWORK
D/MobileDataStateTracker( 1568): fota: Broadcast received: android.intent.action.ANY_DATA_STATE apnType=fota
D/MobileDataStateTracker( 1568): fota: Received state=DISCONNECTED, old=DISCONNECTED, reason=simLoaded
D/MobileDataStateTracker( 1568): ia: Broadcast received: android.intent.action.ANY_DATA_STATE apnType=ia
D/MobileDataStateTracker( 1568): ia: Received state=DISCONNECTED, old=DISCONNECTED, reason=simLoaded
D/MobileDataStateTracker( 1568): supl: Broadcast received: android.intent.action.ANY_DATA_STATE apnType=supl
D/MobileDataStateTracker( 1568): supl: Received state=DISCONNECTED, old=DISCONNECTED, reason=simLoaded
D/MobileDataStateTracker( 1568): hipri: Broadcast received: android.intent.action.ANY_DATA_STATE apnType=hipri
D/MobileDataStateTracker( 1568): hipri: Received state=DISCONNECTED, old=DISCONNECTED, reason=simLoaded
D/MobileDataStateTracker( 1568): ims: Broadcast received: android.intent.action.ANY_DATA_STATE apnType=ims
D/MobileDataStateTracker( 1568): ims: Received state=DISCONNECTED, old=DISCONNECTED, reason=simLoaded
D/MobileDataStateTracker( 1568): mms: Broadcast received: android.intent.action.ANY_DATA_STATE apnType=mms
D/MobileDataStateTracker( 1568): mms: Received state=DISCONNECTED, old=DISCONNECTED, reason=simLoaded
D/MobileDataStateTracker( 1568): cbs: Broadcast received: android.intent.action.ANY_DATA_STATE apnType=cbs
D/MobileDataStateTracker( 1568): cbs: Received state=DISCONNECTED, old=DISCONNECTED, reason=simLoaded
D/MobileDataStateTracker( 1568): default: Broadcast received: android.intent.action.ANY_DATA_STATE apnType=default
D/MobileDataStateTracker( 1568): default: Received state=CONNECTING, old=DISCONNECTED, reason=simLoaded
D/MobileDataStateTracker( 1568): default: setDetailed state, old =IDLE and new state=CONNECTING
D/MobileDataStateTracker( 1568): fota: Broadcast received: android.intent.action.ANY_DATA_STATE apnType=fota
D/MobileDataStateTracker( 1568): fota: Received state=DISCONNECTED, old=DISCONNECTED, reason=simLoaded
D/MobileDataStateTracker( 1568): ia: Broadcast received: android.intent.action.ANY_DATA_STATE apnType=ia
D/MobileDataStateTracker( 1568): ia: Received state=DISCONNECTED, old=DISCONNECTED, reason=simLoaded
D/MobileDataStateTracker( 1568): supl: Broadcast received: android.intent.action.ANY_DATA_STATE apnType=supl
D/MobileDataStateTracker( 1568): supl: Received state=DISCONNECTED, old=DISCONNECTED, reason=simLoaded
D/MobileDataStateTracker( 1568): hipri: Broadcast received: android.intent.action.ANY_DATA_STATE apnType=hipri
D/MobileDataStateTracker( 1568): hipri: Received state=DISCONNECTED, old=DISCONNECTED, reason=simLoaded
D/MobileDataStateTracker( 1568): ims: Broadcast received: android.intent.action.ANY_DATA_STATE apnType=ims
D/MobileDataStateTracker( 1568): ims: Received state=DISCONNECTED, old=DISCONNECTED, reason=simLoaded
D/MobileDataStateTracker( 1568): mms: Broadcast received: android.intent.action.ANY_DATA_STATE apnType=mms
D/MobileDataStateTracker( 1568): mms: Received state=DISCONNECTED, old=DISCONNECTED, reason=simLoaded
D/MobileDataStateTracker( 1568): cbs: Broadcast received: android.intent.action.ANY_DATA_STATE apnType=cbs
D/MobileDataStateTracker( 1568): cbs: Received state=DISCONNECTED, old=DISCONNECTED, reason=simLoaded
I/DownloadManager( 1848): Download 5 starting
D/gralloc_ranchu( 1144): gralloc_alloc: Creating ashmem region of size 15577088
D/MobileDataStateTracker( 1568): default: Broadcast received: android.intent.action.ANY_DATA_STATE apnType=default
D/MobileDataStateTracker( 1568): default: Received state=CONNECTED, old=CONNECTING, reason=connected
D/MobileDataStateTracker( 1568): default: setDetailed state, old =CONNECTING and new state=CONNECTED
D/ConnectivityService( 1568): ConnectivityChange for mobile: CONNECTED/CONNECTED
D/ConnectivityService( 1568): ConnectivityChange checkMobileProvisioning for TYPE_MOBILE or ProvisioningNetwork
D/ConnectivityService( 1568): checkMobileProvisioning: E suggestedTimeOutMs=60000
D/ConnectivityService( 1568): setProvNotificationVisible: E visible=false networkType=5 extraInfo=null url=null
D/ConnectivityService( 1568): checkMobileProvisioning: params={ url=http://clients3.google.com/generate_204 mTimeOutMs=60000 mCb=com.android.server.ConnectivityService$5@9d77df88}
D/ConnectivityService( 1568): checkMobileProvisioning: X
D/dalvikvm( 1568): GC_FOR_ALLOC freed 896K, 51% free 7285K/14816K, paused 14ms, total 14ms
D/MobileDataStateTracker( 1568): default: isProvisioningNetwork: retVal=false
D/ConnectivityService( 1568): [CheckMp] isMobileOk: isDefaultProvisioning=false
W/DownloadManager( 1848): Aborting request for download 5: TYPE_DISALLOWED_BY_REQUESTOR
D/dalvikvm( 1795): GC_FOR_ALLOC freed 502K, 17% free 3571K/4256K, paused 4ms, total 4ms
D/dalvikvm( 1934): GC_FOR_ALLOC freed 18K, 5% free 16729K/17512K, paused 4ms, total 5ms
D/MobileDataStateTracker( 1568): hipri: isProvisioningNetwork: retVal=false
D/ConnectivityService( 1568): [CheckMp] isMobileOk: isHipriProvisioning=false
D/ConnectivityService( 1568): [CheckMp] isMobileOk: start hipri url=http://clients3.google.com/generate_204
D/ConnectivityService( 1568): startUsingNetworkFeature reconnecting to 0: enableHIPRI
D/ConnectivityService( 1568): startUsingNetworkFeature X: return APN_REQUEST_STARTED
D/ConnectivityService( 1568): [CheckMp] isMobileOk: hipri started
D/ConnectivityService( 1568): [CheckMp] isMobileOk: not connected ni=NetworkInfo: type: mobile_hipri[LTE], state: DISCONNECTED/IDLE, reason: (unspecified), extra: (none), roaming: false, failover: false, isAvailable: true, isConnectedToProvisioningNetwork: false
D/MobileDataStateTracker( 1568): hipri: Broadcast received: android.intent.action.ANY_DATA_STATE apnType=hipri
D/MobileDataStateTracker( 1568): hipri: Received state=CONNECTING, old=DISCONNECTED, reason=dataEnabled
D/MobileDataStateTracker( 1568): hipri: setDetailed state, old =IDLE and new state=CONNECTING
I/DownloadManager( 1848): Download 5 finished with status WAITING_FOR_NETWORK
D/MobileDataStateTracker( 1568): fota: Broadcast received: android.intent.action.ANY_DATA_STATE apnType=fota
D/MobileDataStateTracker( 1568): fota: Received state=DISCONNECTED, old=DISCONNECTED, reason=dataEnabled
D/MobileDataStateTracker( 1568): ia: Broadcast received: android.intent.action.ANY_DATA_STATE apnType=ia
D/MobileDataStateTracker( 1568): ia: Received state=DISCONNECTED, old=DISCONNECTED, reason=dataEnabled
D/Nat464Xlat( 1568): requiresClat: netType=0, hasIPv4Address=true
D/MobileDataStateTracker( 1568): supl: Broadcast received: android.intent.action.ANY_DATA_STATE apnType=supl
D/MobileDataStateTracker( 1568): supl: Received state=DISCONNECTED, old=DISCONNECTED, reason=dataEnabled
D/MobileDataStateTracker( 1568): ims: Broadcast received: android.intent.action.ANY_DATA_STATE apnType=ims
D/MobileDataStateTracker( 1568): ims: Received state=DISCONNECTED, old=DISCONNECTED, reason=dataEnabled
D/MobileDataStateTracker( 1568): mms: Broadcast received: android.intent.action.ANY_DATA_STATE apnType=mms
D/MobileDataStateTracker( 1568): mms: Received state=DISCONNECTED, old=DISCONNECTED, reason=dataEnabled
D/MobileDataStateTracker( 1568): cbs: Broadcast received: android.intent.action.ANY_DATA_STATE apnType=cbs
D/MobileDataStateTracker( 1568): cbs: Received state=DISCONNECTED, old=DISCONNECTED, reason=dataEnabled
D/MobileDataStateTracker( 1568): hipri: Broadcast received: android.intent.action.ANY_DATA_STATE apnType=hipri
D/MobileDataStateTracker( 1568): hipri: Received state=CONNECTED, old=CONNECTING, reason=dataEnabled
D/MobileDataStateTracker( 1568): hipri: setDetailed state, old =CONNECTING and new state=CONNECTED
D/ConnectivityService( 1568): ConnectivityChange for mobile_hipri: CONNECTED/CONNECTED
I/dalvikvm-heap( 1934): Grow heap (frag case) to 23.636MB for 7464972-byte allocation
D/dalvikvm( 1934): GC_FOR_ALLOC freed 1K, 4% free 24017K/24804K, paused 6ms, total 6ms
I/Choreographer( 1652): Skipped 42 frames!  The application may be doing too much work on its main thread.
D/Nat464Xlat( 1568): requiresClat: netType=5, hasIPv4Address=true
W/Launcher.Model( 1934): LoaderTask running with no launcher (loadAllAppsByBatch)
D/Launcher.Model( 1934): going to save icon bitmap for info=ShortcutInfo(title=Messagingintent=Intent { act=android.intent.action.MAIN cat=[android.intent.category.LAUNCHER] flg=0x10200000 cmp=com.android.mms/.ui.ConversationList }id=10 type=0 container=-101 screen=3 cellX=3 cellY=0 spanX=1 spanY=1 dropPos=null)
D/EGL_emulation( 1652): eglMakeCurrent: 0xb916b960: ver 3 0
D/EGL_emulation( 1652): eglMakeCurrent: 0xb916b960: ver 3 0
D/PhoneStatusBar( 1652): mSettingsPanelGravity = 55
D/EGL_emulation( 1652): eglMakeCurrent: 0xb916b960: ver 3 0
D/Launcher.Model( 1934): going to save icon bitmap for info=ShortcutInfo(title=Settingsintent=Intent { act=android.intent.action.MAIN cat=[android.intent.category.LAUNCHER] flg=0x10200000 cmp=com.android.settings/.Settings }id=4 type=0 container=-100 screen=3 cellX=2 cellY=3 spanX=1 spanY=1 dropPos=null)
D/EGL_emulation( 1652): eglMakeCurrent: 0xb916b960: ver 3 0
D/        ( 1144): HostConnection::get() New Host Connection established 0xb8ae9a50, tid 2070
D/EGL_emulation( 1652): eglMakeCurrent: 0xb916b960: ver 3 0
D/Launcher.Model( 1934): going to save icon bitmap for info=ShortcutInfo(title=Browserintent=Intent { act=android.intent.action.MAIN cat=[android.intent.category.LAUNCHER] flg=0x10200000 cmp=com.android.browser/.BrowserActivity }id=12 type=0 container=-101 screen=4 cellX=4 cellY=0 spanX=1 spanY=1 dropPos=null)
W/ActivityManager( 1568): Unable to start service Intent { cmp=com.android.email/.service.AttachmentDownloadService } U=0: not found
D/Launcher.Model( 1934): going to save icon bitmap for info=ShortcutInfo(title=Peopleintent=Intent { act=android.intent.action.MAIN cat=[android.intent.category.LAUNCHER] flg=0x10200000 cmp=com.android.contacts/.activities.PeopleActivity }id=8 type=0 container=-101 screen=1 cellX=1 cellY=0 spanX=1 spanY=1 dropPos=null)
I/Email   ( 2014): Observing account changes for notifications
D/Launcher.Model( 1934): going to save icon bitmap for info=ShortcutInfo(title=Phoneintent=Intent { act=android.intent.action.MAIN cat=[android.intent.category.LAUNCHER] flg=0x10200000 cmp=com.android.dialer/.DialtactsActivity }id=6 type=0 container=-101 screen=0 cellX=0 cellY=0 spanX=1 spanY=1 dropPos=null)
D/Launcher.Model( 1934): Reload apps on config change. curr_mcc:310 prevmcc:0
I/Choreographer( 1934): Skipped 32 frames!  The application may be doing too much work on its main thread.
D/EGL_emulation( 1934): eglMakeCurrent: 0xb91a1ca0: ver 3 0
E/EGL_emulation( 1934): tid 1934: eglSurfaceAttrib(1199): error 0x3009 (EGL_BAD_MATCH)
W/HardwareRenderer( 1934): Backbuffer cannot be preserved
D/dalvikvm( 1934): GC_FOR_ALLOC freed 15994K, 62% free 9966K/26152K, paused 4ms, total 4ms
I/dalvikvm-heap( 1934): Grow heap (frag case) to 17.031MB for 7464972-byte allocation
D/dalvikvm( 1934): GC_FOR_ALLOC freed 16K, 35% free 17239K/26152K, paused 4ms, total 4ms
W/ActivityManager( 1568): Unable to start service Intent { cmp=com.android.email/.service.AttachmentDownloadService } U=0: not found
D/dalvikvm( 2014): GC_FOR_ALLOC freed 297K, 14% free 3195K/3680K, paused 3ms, total 3ms
I/MultiDex( 1774): Renaming to /data/data/com.google.android.gms/code_cache/secondary-dexes/PrebuiltGmsCore.apk.classes3.zip
I/MultiDex( 1774): Extraction succeeded '/data/data/com.google.android.gms/code_cache/secondary-dexes/PrebuiltGmsCore.apk.classes3.zip': length 3069570 - crc: 1812373452
I/MultiDex( 1774): Extraction is needed for file /data/data/com.google.android.gms/code_cache/secondary-dexes/PrebuiltGmsCore.apk.classes4.zip
I/MultiDex( 1774): Extracting /data/data/com.google.android.gms/code_cache/secondary-dexes/tmp-PrebuiltGmsCore.apk.classes-30509634.zip
I/SurfaceFlinger( 1144): Boot is finished (11898 ms)
I/ActivityManager( 1568): Displayed com.android.launcher/com.android.launcher2.Launcher: +3s326ms (total +4s229ms)
D/dalvikvm( 1934): GC_FOR_ALLOC freed 345K, 35% free 17190K/26152K, paused 3ms, total 3ms
I/WindowManager( 1568): Screen frozen for +1s98ms due to Window{9d494a88 u0 com.android.launcher/com.android.launcher2.Launcher}
I/dalvikvm-heap( 1934): Grow heap (frag case) to 24.086MB for 7464972-byte allocation
D/dalvikvm( 1934): GC_FOR_ALLOC freed 2K, 7% free 24478K/26152K, paused 4ms, total 4ms
D/dalvikvm( 1934): GC_FOR_ALLOC freed 7301K, 35% free 17235K/26152K, paused 4ms, total 4ms
D/dalvikvm( 1934): GC_FOR_ALLOC freed 1K, 29% free 18785K/26152K, paused 3ms, total 3ms
D/dalvikvm( 1934): GC_FOR_ALLOC freed <1K, 23% free 20336K/26152K, paused 2ms, total 2ms
D/MobileDataStateTracker( 1568): hipri: isProvisioningNetwork: retVal=false
D/ConnectivityService( 1568): [CheckMp] isMobileOk: isProvisioningNetwork is false, continue
D/dalvikvm( 1934): GC_FOR_ALLOC freed 187K, 16% free 22137K/26152K, paused 3ms, total 4ms
D/ConnectivityService( 1568): [CheckMp] isMobileOk: addresses=clients3.google.com/172.217.13.110,clients3.google.com/2607:f8b0:4020:804::200e
D/ConnectivityService( 1568): [CheckMp] isMobileOk: linkHasIpv4=true linkHasIpv6=false
D/ConnectivityService( 1568): requestRouteToHostAddress ok=true
D/ConnectivityService( 1568): [CheckMp] isMobileOk: wait to establish route to hostAddr=clients3.google.com/172.217.13.110
D/dalvikvm( 1934): GC_FOR_ALLOC freed 999K, 12% free 23140K/26152K, paused 3ms, total 4ms
I/MultiDex( 1774): Renaming to /data/data/com.google.android.gms/code_cache/secondary-dexes/PrebuiltGmsCore.apk.classes4.zip
I/MultiDex( 1774): Extraction succeeded '/data/data/com.google.android.gms/code_cache/secondary-dexes/PrebuiltGmsCore.apk.classes4.zip': length 3729559 - crc: 3858303340
I/MultiDex( 1774): Extraction is needed for file /data/data/com.google.android.gms/code_cache/secondary-dexes/PrebuiltGmsCore.apk.classes5.zip
I/MultiDex( 1774): Extracting /data/data/com.google.android.gms/code_cache/secondary-dexes/tmp-PrebuiltGmsCore.apk.classes2067132113.zip
I/MultiDex( 1774): Renaming to /data/data/com.google.android.gms/code_cache/secondary-dexes/PrebuiltGmsCore.apk.classes5.zip
I/MultiDex( 1774): Extraction succeeded '/data/data/com.google.android.gms/code_cache/secondary-dexes/PrebuiltGmsCore.apk.classes5.zip': length 3584837 - crc: 4123503416
I/MultiDex( 1774): Extraction is needed for file /data/data/com.google.android.gms/code_cache/secondary-dexes/PrebuiltGmsCore.apk.classes6.zip
I/MultiDex( 1774): Extracting /data/data/com.google.android.gms/code_cache/secondary-dexes/tmp-PrebuiltGmsCore.apk.classes-132918954.zip
I/MultiDex( 1774): Renaming to /data/data/com.google.android.gms/code_cache/secondary-dexes/PrebuiltGmsCore.apk.classes6.zip
I/MultiDex( 1774): Extraction succeeded '/data/data/com.google.android.gms/code_cache/secondary-dexes/PrebuiltGmsCore.apk.classes6.zip': length 2190210 - crc: 2261963046
I/MultiDex( 1774): load found 5 secondary dex files
D/dalvikvm( 1774): DexOpt: --- BEGIN 'PrebuiltGmsCore.apk.classes2.zip' (bootstrap=0) ---
W/linker  ( 2084): libdvm.so has text relocations. This is wasting memory and is a security risk. Please fix.
D/dalvikvm( 1568): GC_EXPLICIT freed 697K, 53% free 7102K/14816K, paused 1ms+0ms, total 13ms
E/cutils-trace( 2084): Error opening trace file: Permission denied (13)
D/dalvikvm( 2084): GC_FOR_ALLOC freed 842K, 42% free 1204K/2048K, paused 1ms, total 1ms
D/dalvikvm( 2084): DexOpt: couldn't find field Landroid/os/Message;.sendingUid
D/dalvikvm( 2084): DexOpt: load 79ms, verify+opt 118ms, 9812300 bytes
D/dalvikvm( 1774): DexOpt: --- END 'PrebuiltGmsCore.apk.classes2.zip' (success) ---
D/dalvikvm( 1774): DEX prep '/data/data/com.google.android.gms/code_cache/secondary-dexes/PrebuiltGmsCore.apk.classes2.zip': unzip in 74ms, rewrite 295ms
D/Tethering( 1568): MasterInitialState.processMessage what=3
D/CaptivePortalTracker( 1568): NoActiveNetworkState{ when=-1ms what=1 obj=NetworkInfo: type: mobile[LTE], state: CONNECTED/CONNECTED, reason: connected, extra: epc.tmobile.com, roaming: false, failover: false, isAvailable: true, isConnectedToProvisioningNetwork: false target=com.android.internal.util.StateMachine$SmHandler }
D/CaptivePortalTracker( 1568): NoActiveNetworkState not a wifi connectivity change, ignore
D/dalvikvm( 1774): DexOpt: --- BEGIN 'PrebuiltGmsCore.apk.classes3.zip' (bootstrap=0) ---
W/linker  ( 2086): libdvm.so has text relocations. This is wasting memory and is a security risk. Please fix.
E/cutils-trace( 2086): Error opening trace file: Permission denied (13)
D/dalvikvm( 2086): GC_FOR_ALLOC freed 888K, 44% free 1158K/2048K, paused 1ms, total 1ms
D/dalvikvm( 2086): DexOpt: load 28ms, verify+opt 65ms, 4551068 bytes
D/Tethering( 1568): MasterInitialState.processMessage what=3
D/CaptivePortalTracker( 1568): NoActiveNetworkState{ when=0 what=1 obj=NetworkInfo: type: mobile_hipri[LTE], state: CONNECTED/CONNECTED, reason: dataEnabled, extra: epc.tmobile.com, roaming: false, failover: false, isAvailable: true, isConnectedToProvisioningNetwork: false target=com.android.internal.util.StateMachine$SmHandler }
D/CaptivePortalTracker( 1568): NoActiveNetworkState not a wifi connectivity change, ignore
D/dalvikvm( 1774): DexOpt: --- END 'PrebuiltGmsCore.apk.classes3.zip' (success) ---
D/dalvikvm( 1774): DEX prep '/data/data/com.google.android.gms/code_cache/secondary-dexes/PrebuiltGmsCore.apk.classes3.zip': unzip in 43ms, rewrite 157ms
D/dalvikvm( 1774): DexOpt: --- BEGIN 'PrebuiltGmsCore.apk.classes4.zip' (bootstrap=0) ---
W/linker  ( 2087): libdvm.so has text relocations. This is wasting memory and is a security risk. Please fix.
D/GpsLocationProvider( 1568): NTP server returned: 1629039473910 (Sun Aug 15 09:57:53 CDT 2021) reference: 16105 certainty: 27 system time offset: 509
E/cutils-trace( 2087): Error opening trace file: Permission denied (13)
D/dalvikvm( 2087): GC_FOR_ALLOC freed 953K, 47% free 1093K/2048K, paused 1ms, total 1ms
D/dalvikvm( 2087): DexOpt: load 65ms, verify+opt 73ms, 5853988 bytes
D/dalvikvm( 1774): DexOpt: --- END 'PrebuiltGmsCore.apk.classes4.zip' (success) ---
D/dalvikvm( 1774): DEX prep '/data/data/com.google.android.gms/code_cache/secondary-dexes/PrebuiltGmsCore.apk.classes4.zip': unzip in 53ms, rewrite 214ms
D/dalvikvm( 1774): DexOpt: --- BEGIN 'PrebuiltGmsCore.apk.classes5.zip' (bootstrap=0) ---
W/linker  ( 2088): libdvm.so has text relocations. This is wasting memory and is a security risk. Please fix.
E/cutils-trace( 2088): Error opening trace file: Permission denied (13)
D/dalvikvm( 2088): GC_FOR_ALLOC freed 696K, 35% free 1350K/2048K, paused 0ms, total 0ms
D/dalvikvm( 2088): DexOpt: couldn't find static field Landroid/view/View;.TRANSLATION_Z
D/dalvikvm( 2088): DexOpt: load 59ms, verify+opt 122ms, 6002044 bytes
D/dalvikvm( 1774): DexOpt: --- END 'PrebuiltGmsCore.apk.classes5.zip' (success) ---
D/dalvikvm( 1774): DEX prep '/data/data/com.google.android.gms/code_cache/secondary-dexes/PrebuiltGmsCore.apk.classes5.zip': unzip in 50ms, rewrite 253ms
D/dalvikvm( 1774): DexOpt: --- BEGIN 'PrebuiltGmsCore.apk.classes6.zip' (bootstrap=0) ---
W/linker  ( 2091): libdvm.so has text relocations. This is wasting memory and is a security risk. Please fix.
E/cutils-trace( 2091): Error opening trace file: Permission denied (13)
D/dalvikvm( 2091): GC_FOR_ALLOC freed 1274K, 63% free 772K/2048K, paused 1ms, total 1ms
D/dalvikvm( 2091): DexOpt: load 33ms, verify+opt 61ms, 4410764 bytes
D/dalvikvm( 1774): DexOpt: --- END 'PrebuiltGmsCore.apk.classes6.zip' (success) ---
D/dalvikvm( 1774): DEX prep '/data/data/com.google.android.gms/code_cache/secondary-dexes/PrebuiltGmsCore.apk.classes6.zip': unzip in 31ms, rewrite 154ms
I/MultiDex( 1774): install done
I/dalvikvm( 1774): Could not find method android.content.ContentProvider.query, referenced from method brf.superQuery
W/dalvikvm( 1774): VFY: unable to resolve virtual method 2428: Landroid/content/ContentProvider;.query (Landroid/net/Uri;[Ljava/lang/String;Landroid/os/Bundle;Landroid/os/CancellationSignal;)Landroid/database/Cursor;
D/dalvikvm( 1774): VFY: replacing opcode 0x6f at 0x0000
D/dalvikvm( 1774): GC_FOR_ALLOC freed 370K, 13% free 4680K/5332K, paused 3ms, total 3ms
I/dalvikvm( 1774): Could not find method android.os.UserHandle.isOwner, referenced from method nmy.f
W/dalvikvm( 1774): VFY: unable to resolve virtual method 3081: Landroid/os/UserHandle;.isOwner ()Z
D/dalvikvm( 1774): VFY: replacing opcode 0x6e at 0x000a
D/dalvikvm( 1774): DexOpt: couldn't find field Landroid/content/pm/ApplicationInfo;.splitSourceDirs
W/dalvikvm( 1774): VFY: unable to resolve instance field 1475
D/dalvikvm( 1774): VFY: replacing opcode 0x54 at 0x0055
D/dalvikvm( 1774): DexOpt: couldn't find static field Landroid/os/Build;.SUPPORTED_ABIS
W/dalvikvm( 1774): VFY: unable to resolve static field 1540 (SUPPORTED_ABIS) in Landroid/os/Build;
D/dalvikvm( 1774): VFY: replacing opcode 0x62 at 0x00d1
I/dalvikvm( 1774): Could not find method android.system.Os.stat, referenced from method nop.a
W/dalvikvm( 1774): VFY: unable to resolve static method 3146: Landroid/system/Os;.stat (Ljava/lang/String;)Landroid/system/StructStat;
D/dalvikvm( 1774): VFY: replacing opcode 0x71 at 0x0182
I/dalvikvm( 1774): Could not find method android.content.pm.PackageManager.getPackageInstaller, referenced from method men.a
W/dalvikvm( 1774): VFY: unable to resolve virtual method 2608: Landroid/content/pm/PackageManager;.getPackageInstaller ()Landroid/content/pm/PackageInstaller;
D/dalvikvm( 1774): VFY: replacing opcode 0x6e at 0x001c
W/DynamiteModule( 1774): Local module descriptor class for providerinstaller not found.
E/ChimeraCfgMgr( 1774): Failed to read module config: java.io.FileNotFoundException: /data/data/com.google.android.gms/app_chimera/current_config.fb: open failed: ENOENT (No such file or directory)
I/dalvikvm( 1774): Could not find method android.system.Os.readlink, referenced from method bse.a
W/dalvikvm( 1774): VFY: unable to resolve static method 3145: Landroid/system/Os;.readlink (Ljava/lang/String;)Ljava/lang/String;
D/dalvikvm( 1774): VFY: replacing opcode 0x71 at 0x0044
I/dalvikvm( 1774): Could not find method android.system.Os.symlink, referenced from method bse.a
W/dalvikvm( 1774): VFY: unable to resolve static method 3147: Landroid/system/Os;.symlink (Ljava/lang/String;Ljava/lang/String;)V
D/dalvikvm( 1774): VFY: replacing opcode 0x71 at 0x00b0
I/dalvikvm( 1774): Could not find method android.system.Os.stat, referenced from method bse.a
W/dalvikvm( 1774): VFY: unable to resolve static method 3146: Landroid/system/Os;.stat (Ljava/lang/String;)Landroid/system/StructStat;
D/dalvikvm( 1774): VFY: replacing opcode 0x71 at 0x0005
W/dalvikvm( 1774): VFY: unable to resolve static field 1615 (S_IXUSR) in Landroid/system/OsConstants;
D/dalvikvm( 1774): VFY: replacing opcode 0x60 at 0x0007
I/dalvikvm( 1774): Could not find method android.system.Os.stat, referenced from method bse.b
W/dalvikvm( 1774): VFY: unable to resolve static method 3146: Landroid/system/Os;.stat (Ljava/lang/String;)Landroid/system/StructStat;
D/dalvikvm( 1774): VFY: replacing opcode 0x71 at 0x0040
W/dalvikvm( 1774): VFY: unable to resolve static field 1612 (S_IRUSR) in Landroid/system/OsConstants;
D/dalvikvm( 1774): VFY: replacing opcode 0x60 at 0x0007
W/FileUtils( 1774): Failed to set world readable: /data/data/com.google.android.gms/app_chimera/current_config.fb
E/ChimeraCfgMgr( 1774): Failed to read module config: java.io.FileNotFoundException: /data/data/com.google.android.gms/app_chimera/current_config.fb: open failed: ENOENT (No such file or directory)
D/dalvikvm( 1774): DexOpt: couldn't find static field Landroid/os/Build;.SUPPORTED_ABIS
W/dalvikvm( 1774): VFY: unable to resolve static field 1540 (SUPPORTED_ABIS) in Landroid/os/Build;
D/dalvikvm( 1774): VFY: replacing opcode 0x62 at 0x0307
D/dalvikvm( 1774): DexOpt: couldn't find static field Landroid/os/Build;.SUPPORTED_ABIS
W/dalvikvm( 1774): VFY: unable to resolve static field 1540 (SUPPORTED_ABIS) in Landroid/os/Build;
D/dalvikvm( 1774): VFY: replacing opcode 0x62 at 0x06eb
I/dalvikvm( 1774): Could not find method android.content.Context.isCredentialProtectedStorage, referenced from method bry.j
W/dalvikvm( 1774): VFY: unable to resolve virtual method 2490: Landroid/content/Context;.isCredentialProtectedStorage ()Z
D/dalvikvm( 1774): VFY: replacing opcode 0x6e at 0x0087
E/ConfigFileUtils( 1774): Failed to read config file: /data/data/com.google.android.gms/app_chimera/current_fileapks.pb: open failed: ENOENT (No such file or directory)
D/dalvikvm( 1774): GC_FOR_ALLOC freed 1930K, 41% free 3218K/5428K, paused 3ms, total 3ms
I/GmsModuleFndr( 1774): Beginning GMS chimera module scan
E/ChimeraCfgMgr( 1774): Failed to read module config: java.io.FileNotFoundException: /data/data/com.google.android.gms/app_chimera/current_config.fb: open failed: ENOENT (No such file or directory)
I/ActivityManager( 1568): Start proc com.google.android.gms for service com.google.android.gms/.chimera.GmsIntentOperationService: pid=2093 uid=10007 gids={50007, 3003, 1007, 1028, 1015, 3002, 3001, 3007, 2001, 3006}
I/DynamiteModule( 1774): Considering local module com.google.android.gms.googlecertificates:4 and remote module com.google.android.gms.googlecertificates:0
I/DynamiteModule( 1774): Selected local version of com.google.android.gms.googlecertificates
I/dalvikvm( 1774): Could not find method android.app.Notification$Builder.setLocalOnly, referenced from method com.google.android.gms.common.GoogleCertificatesImpl.isGoogleOrPlatformSigned
W/dalvikvm( 1774): VFY: unable to resolve virtual method 2308: Landroid/app/Notification$Builder;.setLocalOnly (Z)Landroid/app/Notification$Builder;
D/dalvikvm( 1774): VFY: replacing opcode 0x6e at 0x00b1
E/ChimeraCfgMgr( 1774): Failed to read module config: java.io.FileNotFoundException: /data/data/com.google.android.gms/app_chimera/current_config.fb: open failed: ENOENT (No such file or directory)
I/ModuleSetMgr( 1774): Config file doesn't exist, writing blank config.
W/dalvikvm( 2093): VFY: unable to resolve static field 1608 (PR_SET_DUMPABLE) in Landroid/system/OsConstants;
D/dalvikvm( 2093): VFY: replacing opcode 0x60 at 0x0017
I/dalvikvm( 1774): Could not find method com.google.android.chimera.ContextThemeWrapper.createAttributionContext, referenced from method mnu.createAttributionContext
W/dalvikvm( 1774): VFY: unable to resolve virtual method 13785: Lcom/google/android/chimera/ContextThemeWrapper;.createAttributionContext (Ljava/lang/String;)Landroid/content/Context;
D/dalvikvm( 1774): VFY: replacing opcode 0x6f at 0x0002
I/dalvikvm( 1774): Could not find method android.content.ContextWrapper.createCredentialProtectedStorageContext, referenced from method mnu.createCredentialProtectedStorageContext
W/dalvikvm( 1774): VFY: unable to resolve virtual method 2508: Landroid/content/ContextWrapper;.createCredentialProtectedStorageContext ()Landroid/content/Context;
D/dalvikvm( 1774): VFY: replacing opcode 0x6f at 0x0002
I/dalvikvm( 1774): Could not find method android.content.ContextWrapper.createDeviceProtectedStorageContext, referenced from method mnu.createDeviceProtectedStorageContext
W/dalvikvm( 1774): VFY: unable to resolve virtual method 2509: Landroid/content/ContextWrapper;.createDeviceProtectedStorageContext ()Landroid/content/Context;
D/dalvikvm( 1774): VFY: replacing opcode 0x6f at 0x0002
E/ConfigFileUtils( 1774): Failed to read config file: /data/data/com.google.android.gms/app_chimera/current_fileapks.pb: open failed: ENOENT (No such file or directory)
I/ModuleSetMgr( 1774): Computing pending module set with APKs: []
W/dalvikvm( 2093): VFY: unable to find class referenced in signature (Lyqx;)
W/dalvikvm( 2093): VFY: unable to find class referenced in signature (Lyro;)
I/ModuleSetMgr( 1774): Pending container module APKs: []
I/ModuleSetMgr( 1774): Pending non-container module APKs: []
E/ConfigFileUtils( 1774): Failed to read config file: /data/data/com.google.android.gms/app_chimera/current_fileapks.pb: open failed: ENOENT (No such file or directory)
I/dalvikvm( 2093): Could not find method android.system.Os.readlink, referenced from method msk.a
W/dalvikvm( 2093): VFY: unable to resolve static method 3145: Landroid/system/Os;.readlink (Ljava/lang/String;)Ljava/lang/String;
D/dalvikvm( 2093): VFY: replacing opcode 0x71 at 0x00b0
I/dalvikvm( 2093): Could not find method android.os.PowerManager.isInteractive, referenced from method ndc.a
W/dalvikvm( 2093): VFY: unable to resolve virtual method 3046: Landroid/os/PowerManager;.isInteractive ()Z
D/dalvikvm( 2093): VFY: replacing opcode 0x6e at 0x0013
I/dalvikvm( 2093): Could not find method com.google.android.chimera.ModuleContext.getAttributionTag, referenced from method com.google.android.chimera.ModuleContext.createAttributionContext
W/dalvikvm( 2093): VFY: unable to resolve virtual method 14170: Lcom/google/android/chimera/ModuleContext;.getAttributionTag ()Ljava/lang/String;
D/dalvikvm( 2093): VFY: replacing opcode 0x6e at 0x0004
I/dalvikvm( 2093): Could not find method com.google.android.chimera.ContextThemeWrapper.createAttributionContext, referenced from method com.google.android.chimera.ModuleContext.createAttributionContext
W/dalvikvm( 2093): VFY: unable to resolve virtual method 13785: Lcom/google/android/chimera/ContextThemeWrapper;.createAttributionContext (Ljava/lang/String;)Landroid/content/Context;
D/dalvikvm( 2093): VFY: replacing opcode 0x6f at 0x0035
I/dalvikvm( 2093): Could not find method android.content.ContextWrapper.createCredentialProtectedStorageContext, referenced from method com.google.android.chimera.ModuleContext.createCredentialProtectedStorageContext
W/dalvikvm( 2093): VFY: unable to resolve virtual method 2508: Landroid/content/ContextWrapper;.createCredentialProtectedStorageContext ()Landroid/content/Context;
D/dalvikvm( 2093): VFY: replacing opcode 0x6f at 0x0002
I/dalvikvm( 2093): Could not find method android.content.ContextWrapper.createDeviceProtectedStorageContext, referenced from method com.google.android.chimera.ModuleContext.createDeviceProtectedStorageContext
W/dalvikvm( 2093): VFY: unable to resolve virtual method 2509: Landroid/content/ContextWrapper;.createDeviceProtectedStorageContext ()Landroid/content/Context;
D/dalvikvm( 2093): VFY: replacing opcode 0x6f at 0x0002
E/ChimeraCfgMgr( 1774): Failed to read module config: java.io.FileNotFoundException: /data/data/com.google.android.gms/app_chimera/current_config.fb: open failed: ENOENT (No such file or directory)
W/IntentOperation( 1774): Failed to get Chimera config:com.google.android.chimera.config.InvalidConfigException: java.io.FileNotFoundException: /data/data/com.google.android.gms/app_chimera/current_config.fb: open failed: ENOENT (No such file or directory)
I/dalvikvm( 2093): Could not find method com.google.android.chimera.ContextThemeWrapper.sendBroadcastWithMultiplePermissions, referenced from method com.google.android.chimera.ModuleContext.sendBroadcastWithMultiplePermissions
W/dalvikvm( 2093): VFY: unable to resolve virtual method 13795: Lcom/google/android/chimera/ContextThemeWrapper;.sendBroadcastWithMultiplePermissions (Landroid/content/Intent;[Ljava/lang/String;)V
D/dalvikvm( 2093): VFY: replacing opcode 0x6f at 0x0009
I/MultiDex( 2093): VM with version 1.6.0 does not have multidex support
I/MultiDex( 2093): Installing application
I/MultiDex( 2093): MultiDexExtractor(/system/priv-app/PrebuiltGmsCore.apk, /data/data/com.google.android.gms/code_cache/secondary-dexes)
I/MultiDex( 2093): Blocking on lock /data/data/com.google.android.gms/code_cache/secondary-dexes/MultiDex.lock
I/MultiDex( 2093): /data/data/com.google.android.gms/code_cache/secondary-dexes/MultiDex.lock locked
I/MultiDex( 2093): MultiDexExtractor.load(/system/priv-app/PrebuiltGmsCore.apk, false, )
I/MultiDex( 2093): loading existing secondary dex files
I/MultiDex( 2093): load found 5 secondary dex files
D/dalvikvm( 1774): GC_FOR_ALLOC freed 320K, 38% free 3374K/5428K, paused 1ms, total 1ms
D/dalvikvm( 2093): GC_FOR_ALLOC freed 361K, 15% free 3145K/3692K, paused 1ms, total 1ms
I/MultiDex( 2093): install done
I/dalvikvm( 2093): Could not find method android.content.ContentProvider.query, referenced from method brf.superQuery
W/dalvikvm( 2093): VFY: unable to resolve virtual method 2428: Landroid/content/ContentProvider;.query (Landroid/net/Uri;[Ljava/lang/String;Landroid/os/Bundle;Landroid/os/CancellationSignal;)Landroid/database/Cursor;
D/dalvikvm( 2093): VFY: replacing opcode 0x6f at 0x0000
I/dalvikvm( 2093): Could not find method android.app.Activity.registerActivityLifecycleCallbacks, referenced from method amh.onActivityPreCreated
W/dalvikvm( 2093): VFY: unable to resolve virtual method 2308: Landroid/app/Activity;.registerActivityLifecycleCallbacks (Landroid/app/Application$ActivityLifecycleCallbacks;)V
D/dalvikvm( 2093): VFY: replacing opcode 0x6e at 0x0005
I/dalvikvm( 2093): Could not find method android.content.Context.getExternalMediaDirs, referenced from method jm.a
W/dalvikvm( 2093): VFY: unable to resolve virtual method 2477: Landroid/content/Context;.getExternalMediaDirs ()[Ljava/io/File;
D/dalvikvm( 2093): VFY: replacing opcode 0x6e at 0x00a8
I/dalvikvm( 2093): Could not find method android.content.Context.getDrawable, referenced from method jk.a
W/dalvikvm( 2093): VFY: unable to resolve virtual method 2472: Landroid/content/Context;.getDrawable (I)Landroid/graphics/drawable/Drawable;
D/dalvikvm( 2093): VFY: replacing opcode 0x6e at 0x0006
I/dalvikvm( 2093): Could not find method android.content.Context.getNoBackupFilesDir, referenced from method jk.b
W/dalvikvm( 2093): VFY: unable to resolve virtual method 2480: Landroid/content/Context;.getNoBackupFilesDir ()Ljava/io/File;
D/dalvikvm( 2093): VFY: replacing opcode 0x6e at 0x0006
D/ConnectivityService( 1568): [CheckMp] isMobileOk: newUrl=https://172.217.13.110/generate_204
W/ActivityThread( 1568): ClassLoader.loadClass: The class loader returned by Thread.getContextClassLoader() may fail for processes that host multiple applications. You should explicitly specify a context class loader. For example: Thread.setContextClassLoader(getClass().getClassLoader());
D/dalvikvm( 1774): GC_FOR_ALLOC freed 40K, 30% free 3846K/5428K, paused 2ms, total 2ms
I/dalvikvm( 2093): Could not find method android.os.UserHandle.isOwner, referenced from method nmy.f
W/dalvikvm( 2093): VFY: unable to resolve virtual method 3081: Landroid/os/UserHandle;.isOwner ()Z
D/dalvikvm( 2093): VFY: replacing opcode 0x6e at 0x000a
D/dalvikvm( 2093): DexOpt: couldn't find field Landroid/content/pm/ApplicationInfo;.splitSourceDirs
W/dalvikvm( 2093): VFY: unable to resolve instance field 1475
D/dalvikvm( 2093): VFY: replacing opcode 0x54 at 0x0055
D/dalvikvm( 2093): DexOpt: couldn't find static field Landroid/os/Build;.SUPPORTED_ABIS
W/dalvikvm( 2093): VFY: unable to resolve static field 1540 (SUPPORTED_ABIS) in Landroid/os/Build;
D/dalvikvm( 2093): VFY: replacing opcode 0x62 at 0x00d1
I/dalvikvm( 2093): Could not find method android.system.Os.stat, referenced from method nop.a
W/dalvikvm( 2093): VFY: unable to resolve static method 3146: Landroid/system/Os;.stat (Ljava/lang/String;)Landroid/system/StructStat;
D/dalvikvm( 2093): VFY: replacing opcode 0x71 at 0x0182
I/dalvikvm( 2093): Could not find method android.content.pm.PackageManager.getPackageInstaller, referenced from method men.a
W/dalvikvm( 2093): VFY: unable to resolve virtual method 2608: Landroid/content/pm/PackageManager;.getPackageInstaller ()Landroid/content/pm/PackageInstaller;
D/dalvikvm( 2093): VFY: replacing opcode 0x6e at 0x001c
W/DynamiteModule( 2093): Local module descriptor class for providerinstaller not found.
E/ChimeraCfgMgr( 2093): Failed to read module config: java.io.FileNotFoundException: /data/data/com.google.android.gms/app_chimera/current_config.fb: open failed: ENOENT (No such file or directory)
I/dalvikvm( 2093): Could not find method android.system.Os.readlink, referenced from method bse.a
W/dalvikvm( 2093): VFY: unable to resolve static method 3145: Landroid/system/Os;.readlink (Ljava/lang/String;)Ljava/lang/String;
D/dalvikvm( 2093): VFY: replacing opcode 0x71 at 0x0044
I/dalvikvm( 2093): Could not find method android.system.Os.symlink, referenced from method bse.a
W/dalvikvm( 2093): VFY: unable to resolve static method 3147: Landroid/system/Os;.symlink (Ljava/lang/String;Ljava/lang/String;)V
D/dalvikvm( 2093): VFY: replacing opcode 0x71 at 0x00b0
I/dalvikvm( 2093): Could not find method android.system.Os.stat, referenced from method bse.a
W/dalvikvm( 2093): VFY: unable to resolve static method 3146: Landroid/system/Os;.stat (Ljava/lang/String;)Landroid/system/StructStat;
D/dalvikvm( 2093): VFY: replacing opcode 0x71 at 0x0005
W/dalvikvm( 2093): VFY: unable to resolve static field 1615 (S_IXUSR) in Landroid/system/OsConstants;
D/dalvikvm( 2093): VFY: replacing opcode 0x60 at 0x0007
I/dalvikvm( 2093): Could not find method android.system.Os.stat, referenced from method bse.b
W/dalvikvm( 2093): VFY: unable to resolve static method 3146: Landroid/system/Os;.stat (Ljava/lang/String;)Landroid/system/StructStat;
D/dalvikvm( 2093): VFY: replacing opcode 0x71 at 0x0040
W/dalvikvm( 2093): VFY: unable to resolve static field 1612 (S_IRUSR) in Landroid/system/OsConstants;
D/dalvikvm( 2093): VFY: replacing opcode 0x60 at 0x0007
W/FileUtils( 2093): Failed to set world readable: /data/data/com.google.android.gms/app_chimera/current_config.fb
E/ChimeraCfgMgr( 2093): Failed to read module config: java.io.FileNotFoundException: /data/data/com.google.android.gms/app_chimera/current_config.fb: open failed: ENOENT (No such file or directory)
D/dalvikvm( 2093): DexOpt: couldn't find static field Landroid/os/Build;.SUPPORTED_ABIS
W/dalvikvm( 2093): VFY: unable to resolve static field 1540 (SUPPORTED_ABIS) in Landroid/os/Build;
D/dalvikvm( 2093): VFY: replacing opcode 0x62 at 0x0307
D/dalvikvm( 2093): DexOpt: couldn't find static field Landroid/os/Build;.SUPPORTED_ABIS
W/dalvikvm( 2093): VFY: unable to resolve static field 1540 (SUPPORTED_ABIS) in Landroid/os/Build;
D/dalvikvm( 2093): VFY: replacing opcode 0x62 at 0x06eb
I/dalvikvm( 2093): Could not find method android.content.Context.isCredentialProtectedStorage, referenced from method bry.j
W/dalvikvm( 2093): VFY: unable to resolve virtual method 2490: Landroid/content/Context;.isCredentialProtectedStorage ()Z
D/dalvikvm( 2093): VFY: replacing opcode 0x6e at 0x0087
E/ConfigFileUtils( 2093): Failed to read config file: /data/data/com.google.android.gms/app_chimera/current_fileapks.pb: open failed: ENOENT (No such file or directory)
D/dalvikvm( 2093): GC_FOR_ALLOC freed 411K, 16% free 3246K/3844K, paused 2ms, total 2ms
I/GmsModuleFndr( 2093): Beginning GMS chimera module scan
E/ChimeraCfgMgr( 2093): Failed to read module config: java.io.FileNotFoundException: /data/data/com.google.android.gms/app_chimera/current_config.fb: open failed: ENOENT (No such file or directory)
I/DynamiteModule( 2093): Considering local module com.google.android.gms.googlecertificates:4 and remote module com.google.android.gms.googlecertificates:0
I/DynamiteModule( 2093): Selected local version of com.google.android.gms.googlecertificates
I/dalvikvm( 2093): Could not find method android.app.Notification$Builder.setLocalOnly, referenced from method com.google.android.gms.common.GoogleCertificatesImpl.isGoogleOrPlatformSigned
W/dalvikvm( 2093): VFY: unable to resolve virtual method 2308: Landroid/app/Notification$Builder;.setLocalOnly (Z)Landroid/app/Notification$Builder;
D/dalvikvm( 2093): VFY: replacing opcode 0x6e at 0x00b1
E/ChimeraCfgMgr( 2093): Failed to read module config: java.io.FileNotFoundException: /data/data/com.google.android.gms/app_chimera/current_config.fb: open failed: ENOENT (No such file or directory)
D/dalvikvm( 1774): GC_FOR_ALLOC freed 3K, 20% free 4355K/5428K, paused 2ms, total 2ms
I/dalvikvm( 2093): Could not find method com.google.android.chimera.ContextThemeWrapper.createAttributionContext, referenced from method mnu.createAttributionContext
W/dalvikvm( 2093): VFY: unable to resolve virtual method 13785: Lcom/google/android/chimera/ContextThemeWrapper;.createAttributionContext (Ljava/lang/String;)Landroid/content/Context;
D/dalvikvm( 2093): VFY: replacing opcode 0x6f at 0x0002
I/dalvikvm( 2093): Could not find method android.content.ContextWrapper.createCredentialProtectedStorageContext, referenced from method mnu.createCredentialProtectedStorageContext
W/dalvikvm( 2093): VFY: unable to resolve virtual method 2508: Landroid/content/ContextWrapper;.createCredentialProtectedStorageContext ()Landroid/content/Context;
D/dalvikvm( 2093): VFY: replacing opcode 0x6f at 0x0002
I/dalvikvm( 2093): Could not find method android.content.ContextWrapper.createDeviceProtectedStorageContext, referenced from method mnu.createDeviceProtectedStorageContext
W/dalvikvm( 2093): VFY: unable to resolve virtual method 2509: Landroid/content/ContextWrapper;.createDeviceProtectedStorageContext ()Landroid/content/Context;
D/dalvikvm( 2093): VFY: replacing opcode 0x6f at 0x0002
E/ConfigFileUtils( 2093): Failed to read config file: /data/data/com.google.android.gms/app_chimera/current_fileapks.pb: open failed: ENOENT (No such file or directory)
I/ModuleSetMgr( 2093): Computing pending module set with APKs: []
I/ModuleSetMgr( 2093): Pending container module APKs: []
I/ModuleSetMgr( 2093): Pending non-container module APKs: []
D/dalvikvm( 2093): GC_FOR_ALLOC freed 368K, 15% free 3390K/3944K, paused 2ms, total 2ms
E/ConfigFileUtils( 2093): Failed to read config file: /data/data/com.google.android.gms/app_chimera/current_fileapks.pb: open failed: ENOENT (No such file or directory)
E/ChimeraCfgMgr( 2093): Failed to read module config: java.io.FileNotFoundException: /data/data/com.google.android.gms/app_chimera/current_config.fb: open failed: ENOENT (No such file or directory)
W/IntentOperation( 2093): Failed to get Chimera config:com.google.android.chimera.config.InvalidConfigException: java.io.FileNotFoundException: /data/data/com.google.android.gms/app_chimera/current_config.fb: open failed: ENOENT (No such file or directory)
D/dalvikvm( 2093): GC_FOR_ALLOC freed 57K, 15% free 3388K/3944K, paused 3ms, total 3ms
I/dalvikvm-heap( 2093): Grow heap (frag case) to 3.706MB for 228601-byte allocation
