E/ChimeraCfgMgr( 2119): Failed to read module config: java.io.FileNotFoundException: /data/data/com.google.android.gms/app_chimera/current_config.fb: open failed: ENOENT (No such file or directory)
I/dalvikvm( 2119): Could not find method com.google.android.chimera.ContextThemeWrapper.createAttributionContext, referenced from method mnu.createAttributionContext
W/dalvikvm( 2119): VFY: unable to resolve virtual method 13785: Lcom/google/android/chimera/ContextThemeWrapper;.createAttributionContext (Ljava/lang/String;)Landroid/content/Context;
D/dalvikvm( 2119): VFY: replacing opcode 0x6f at 0x0002
I/dalvikvm( 2119): Could not find method android.content.ContextWrapper.createCredentialProtectedStorageContext, referenced from method mnu.createCredentialProtectedStorageContext
W/dalvikvm( 2119): VFY: unable to resolve virtual method 2508: Landroid/content/ContextWrapper;.createCredentialProtectedStorageContext ()Landroid/content/Context;
D/dalvikvm( 2119): VFY: replacing opcode 0x6f at 0x0002
I/dalvikvm( 2119): Could not find method android.content.ContextWrapper.createDeviceProtectedStorageContext, referenced from method mnu.createDeviceProtectedStorageContext
W/dalvikvm( 2119): VFY: unable to resolve virtual method 2509: Landroid/content/ContextWrapper;.createDeviceProtectedStorageContext ()Landroid/content/Context;
D/dalvikvm( 2119): VFY: replacing opcode 0x6f at 0x0002
E/ConfigFileUtils( 2119): Failed to read config file: /data/data/com.google.android.gms/app_chimera/current_fileapks.pb: open failed: ENOENT (No such file or directory)
I/ModuleSetMgr( 2119): Computing pending module set with APKs: []
D/AndroidRuntime( 2140): CheckJNI is ON
I/ModuleSetMgr( 2119): Pending container module APKs: []
I/ModuleSetMgr( 2119): Pending non-container module APKs: []
D/dalvikvm( 2140): Trying to load lib libjavacore.so 0x0
D/dalvikvm( 2140): Added shared lib libjavacore.so 0x0
D/dalvikvm( 2140): Trying to load lib libnativehelper.so 0x0
D/dalvikvm( 2140): Added shared lib libnativehelper.so 0x0
D/dalvikvm( 2140): No JNI_OnLoad found in libnativehelper.so 0x0, skipping init
D/dalvikvm( 2119): GC_FOR_ALLOC freed 368K, 15% free 3389K/3956K, paused 2ms, total 2ms
E/ConfigFileUtils( 2119): Failed to read config file: /data/data/com.google.android.gms/app_chimera/current_fileapks.pb: open failed: ENOENT (No such file or directory)
E/ChimeraCfgMgr( 2119): Failed to read module config: java.io.FileNotFoundException: /data/data/com.google.android.gms/app_chimera/current_config.fb: open failed: ENOENT (No such file or directory)
W/IntentOperation( 2119): Failed to get Chimera config:com.google.android.chimera.config.InvalidConfigException: java.io.FileNotFoundException: /data/data/com.google.android.gms/app_chimera/current_config.fb: open failed: ENOENT (No such file or directory)
D/dalvikvm( 1781): GC_FOR_ALLOC freed 35K, 29% free 4068K/5664K, paused 2ms, total 2ms
D/dalvikvm( 2119): GC_FOR_ALLOC freed 43K, 15% free 3401K/3956K, paused 1ms, total 1ms
I/dalvikvm-heap( 2119): Grow heap (frag case) to 3.731MB for 228601-byte allocation
D/dalvikvm( 2119): GC_FOR_ALLOC freed 0K, 14% free 3624K/4180K, paused 1ms, total 1ms
D/ConnectivityService( 1570): stopUsingNetworkFeature: teardown net 0: enableHIPRI
D/MobileDataStateTracker( 1570): hipri: Broadcast received: android.intent.action.ANY_DATA_STATE apnType=hipri
D/MobileDataStateTracker( 1570): hipri: Received state=DISCONNECTED, old=CONNECTED, reason=dataDisabled
D/MobileDataStateTracker( 1570): hipri: setDetailed state, old =CONNECTED and new state=DISCONNECTED
D/dalvikvm( 2119): GC_FOR_ALLOC freed 41K, 6% free 4094K/4336K, paused 2ms, total 2ms
D/dalvikvm( 2140): Note: class Landroid/app/ActivityManagerNative; has 179 unimplemented (abstract) methods
D/dalvikvm( 1781): GC_FOR_ALLOC freed 275K, 24% free 4305K/5664K, paused 3ms, total 3ms
D/MobileDataStateTracker( 1570): default: setEnableFailFastMobileData(enabled=0)
D/ConnectivityService( 1570): ConnectivityChange for mobile_hipri: DISCONNECTED/DISCONNECTED
E/memtrack( 2140): Couldn't load memtrack module (No such file or directory)
E/android.os.Debug( 2140): failed to load memtrack module: -2
D/dalvikvm( 1781): GC_FOR_ALLOC freed 362K, 22% free 4454K/5664K, paused 4ms, total 4ms
D/dalvikvm( 2119): GC_FOR_ALLOC freed 274K, 10% free 4330K/4804K, paused 2ms, total 2ms
D/AndroidRuntime( 2140): Calling main entry com.android.commands.pm.Pm
D/dalvikvm( 1781): GC_FOR_ALLOC freed 588K, 23% free 4377K/5664K, paused 3ms, total 3ms
D/dalvikvm( 2119): GC_FOR_ALLOC freed 363K, 12% free 4479K/5040K, paused 3ms, total 3ms
D/dalvikvm( 1146): GC_EXPLICIT freed 39K, 8% free 2993K/3232K, paused 0ms+0ms, total 2ms
D/dalvikvm( 1146): GC_EXPLICIT freed <1K, 8% free 2993K/3232K, paused 0ms+0ms, total 3ms
D/dalvikvm( 1146): GC_EXPLICIT freed <1K, 8% free 2993K/3232K, paused 0ms+1ms, total 2ms
I/ActivityManager( 1570): Start proc com.android.defcontainer for service com.android.defcontainer/.DefaultContainerService: pid=2159 uid=10003 gids={50003, 1028, 1015, 1023, 2001, 1035}
D/Nat464Xlat( 1570): requiresClat: netType=5, hasIPv4Address=true
I/PackageManager( 1570): Running dexopt on: com.android.defcontainer
W/linker  ( 2171): libdvm.so has text relocations. This is wasting memory and is a security risk. Please fix.
D/dalvikvm( 2119): GC_FOR_ALLOC freed 587K, 16% free 4404K/5192K, paused 6ms, total 6ms
D/dalvikvm( 2171): DexOpt: load 0ms, verify+opt 1ms, 201428 bytes
D/dalvikvm( 1781): GC_FOR_ALLOC freed 474K, 23% free 4414K/5664K, paused 4ms, total 4ms
D/dalvikvm( 2119): GC_FOR_ALLOC freed 475K, 15% free 4440K/5192K, paused 2ms, total 2ms
D/dalvikvm( 1781): GC_FOR_ALLOC freed 477K, 22% free 4449K/5664K, paused 2ms, total 2ms
D/dalvikvm( 2119): GC_FOR_ALLOC freed 477K, 14% free 4474K/5192K, paused 2ms, total 2ms
D/dalvikvm( 1781): GC_FOR_ALLOC freed 480K, 21% free 4480K/5664K, paused 2ms, total 2ms
D/dalvikvm( 2119): GC_FOR_ALLOC freed 352K, 14% free 4491K/5192K, paused 2ms, total 2ms
D/dalvikvm( 1781): GC_FOR_ALLOC freed 495K, 21% free 4496K/5664K, paused 2ms, total 2ms
D/dalvikvm( 2119): GC_FOR_ALLOC freed 349K, 14% free 4512K/5204K, paused 2ms, total 2ms
D/dalvikvm( 1781): GC_FOR_ALLOC freed 719K, 30% free 4012K/5664K, paused 2ms, total 2ms
W/ActivityManager( 1570): No content provider found for permission revoke: file:///data/local/tmp/AndroidRipperService.apk
W/ActivityManager( 1570): No content provider found for permission revoke: file:///data/local/tmp/AndroidRipperService.apk
I/PackageManager( 1570): Copying native libraries to /data/app-lib/vmdl147253947
I/dalvikvm-heap( 1781): Grow heap (frag case) to 4.375MB for 281612-byte allocation
D/dalvikvm( 1781): GC_FOR_ALLOC freed 0K, 28% free 4287K/5940K, paused 2ms, total 2ms
I/PackageParser( 1570): it.unina.android.ripper_service: compat added android.permission.WRITE_EXTERNAL_STORAGE android.permission.READ_PHONE_STATE
D/dalvikvm( 2119): GC_FOR_ALLOC freed 989K, 23% free 4037K/5224K, paused 3ms, total 3ms
D/dalvikvm( 2119): GC_FOR_ALLOC freed 1K, 23% free 4038K/5224K, paused 1ms, total 1ms
I/dalvikvm-heap( 2119): Grow heap (frag case) to 4.404MB for 281612-byte allocation
D/dalvikvm( 2119): GC_FOR_ALLOC freed 0K, 22% free 4313K/5500K, paused 2ms, total 2ms
I/PackageManager( 1570): Running dexopt on: it.unina.android.ripper_service
I/ChimeraCfgMgr( 2119): Updating module config: <no config> -> container:2024149000700
W/linker  ( 2174): libdvm.so has text relocations. This is wasting memory and is a security risk. Please fix.
E/ConfigFileUtils( 2119): Failed to read config file: /data/data/com.google.android.gms/app_chimera/current_modules_init.pb: open failed: ENOENT (No such file or directory)
I/ChimeraCfgMgr( 1781): Updating module config: <no config> -> container:2024149000700
D/dalvikvm( 1781): DexOpt: couldn't find static field Landroid/os/Build;.SUPPORTED_64_BIT_ABIS
W/dalvikvm( 1781): VFY: unable to resolve static field 1539 (SUPPORTED_64_BIT_ABIS) in Landroid/os/Build;
D/dalvikvm( 1781): VFY: replacing opcode 0x62 at 0x0214
D/dalvikvm( 2174): DexOpt: load 6ms, verify+opt 24ms, 1117628 bytes
I/ActivityManager( 1570): Force stopping it.unina.android.ripper_service appid=10057 user=-1: update pkg
D/dalvikvm( 1570): GC_FOR_ALLOC freed 888K, 52% free 7242K/14828K, paused 6ms, total 7ms
I/ChimeraCfgMgr( 2119): Sending com.google.android.chimera.IntentOperation.NEW_MODULE Intents: 1,true,true
I/PackageManager( 1570):   Action: "android.intent.action.SENDTO"
I/PackageManager( 1570):   Category: "android.intent.category.DEFAULT"
I/PackageManager( 1570):   Scheme: "sms"
I/PackageManager( 1570): Adding preferred activity ComponentInfo{com.android.mms/com.android.mms.ui.ComposeMessageActivity} for user 0 :
I/InputReader( 1570): Reconfiguring input devices.  changes=0x00000010
D/dalvikvm( 1570): GC_EXPLICIT freed 512K, 51% free 7270K/14828K, paused 0ms+4ms, total 24ms
D/AndroidRuntime( 2140): Shutting down VM
D/jdwp    ( 2140): Got wake-up signal, bailing out of select
D/dalvikvm( 2140): Debugger has detached; object registry had 1 entries
I/PackageManager( 1570):   Action: "android.intent.action.SENDTO"
I/PackageManager( 1570):   Category: "android.intent.category.DEFAULT"
I/PackageManager( 1570):   Scheme: "smsto"
I/PackageManager( 1570): Adding preferred activity ComponentInfo{com.android.mms/com.android.mms.ui.ComposeMessageActivity} for user 0 :
D/BackupManagerService( 1570): Received broadcast Intent { act=android.intent.action.PACKAGE_ADDED dat=package:it.unina.android.ripper_service flg=0x4000010 (has extras) }
I/PackageManager( 1570):   Action: "android.intent.action.SENDTO"
I/PackageManager( 1570):   Category: "android.intent.category.DEFAULT"
I/PackageManager( 1570):   Scheme: "mms"
D/dalvikvm( 1837): GC_FOR_ALLOC freed 460K, 16% free 3616K/4276K, paused 2ms, total 2ms
I/PackageManager( 1570):   Action: "android.intent.action.SENDTO"
I/PackageManager( 1570):   Category: "android.intent.category.DEFAULT"
I/PackageManager( 1570):   Scheme: "mmsto"
I/PackageManager( 1570): Adding preferred activity ComponentInfo{com.android.mms/com.android.mms.ui.ComposeMessageActivity} for user 0 :
I/PackageManager( 1570): Adding preferred activity ComponentInfo{com.android.mms/com.android.mms.ui.ComposeMessageActivity} for user 0 :
I/PackageManager( 1570):   Action: "android.intent.action.SENDTO"
I/PackageManager( 1570):   Category: "android.intent.category.DEFAULT"
I/PackageManager( 1570):   Scheme: "sms"
I/PackageManager( 1570):   Action: "android.intent.action.SENDTO"
I/PackageManager( 1570):   Category: "android.intent.category.DEFAULT"
I/PackageManager( 1570):   Scheme: "smsto"
V/BackupManagerService( 1570): addPackageParticipantsLocked: #1
I/PackageManager( 1570): Adding preferred activity ComponentInfo{com.android.mms/com.android.mms.ui.ComposeMessageActivity} for user 0 :
I/PackageManager( 1570): Adding preferred activity ComponentInfo{com.android.mms/com.android.mms.ui.ComposeMessageActivity} for user 0 :
I/PackageManager( 1570):   Action: "android.intent.action.SENDTO"
I/PackageManager( 1570):   Category: "android.intent.category.DEFAULT"
I/PackageManager( 1570):   Scheme: "mms"
I/PackageManager( 1570): Adding preferred activity ComponentInfo{com.android.mms/com.android.mms.ui.ComposeMessageActivity} for user 0 :
D/dalvikvm( 1837): GC_FOR_ALLOC freed 312K, 16% free 3643K/4328K, paused 2ms, total 2ms
I/PackageManager( 1570):   Action: "android.intent.action.SENDTO"
I/PackageManager( 1570):   Category: "android.intent.category.DEFAULT"
I/PackageManager( 1570):   Scheme: "mmsto"
I/PackageManager( 1570): Adding preferred activity ComponentInfo{com.android.mms/com.android.mms.ui.ComposeMessageActivity} for user 0 :
I/ChmraDebugLogger( 2119): [46] 
D/dalvikvm( 1570): GC_FOR_ALLOC freed 985K, 51% free 7328K/14828K, paused 5ms, total 5ms
D/dalvikvm( 2119): DexOpt: couldn't find static field Landroid/os/Build;.SUPPORTED_64_BIT_ABIS
W/dalvikvm( 2119): VFY: unable to resolve static field 1539 (SUPPORTED_64_BIT_ABIS) in Landroid/os/Build;
D/dalvikvm( 2119): VFY: replacing opcode 0x62 at 0x0214
W/ProviderHelper( 2119): Unknown dynamite feature providerinstaller
I/DynamiteModule( 2119): Considering local module providerinstaller:0 and remote module providerinstaller:0
W/ProviderInstaller( 2119): Failed to load providerinstaller module: No acceptable module found. Local version is 0 and remote version is 0.
I/dalvikvm( 2119): Could not find method android.content.ContextWrapper.createCredentialProtectedStorageContext, referenced from method nfr.createCredentialProtectedStorageContext
W/dalvikvm( 2119): VFY: unable to resolve virtual method 2508: Landroid/content/ContextWrapper;.createCredentialProtectedStorageContext ()Landroid/content/Context;
D/dalvikvm( 2119): VFY: replacing opcode 0x6f at 0x0002
I/dalvikvm( 2119): Could not find method android.content.ContextWrapper.createDeviceProtectedStorageContext, referenced from method nfr.createDeviceProtectedStorageContext
W/dalvikvm( 2119): VFY: unable to resolve virtual method 2509: Landroid/content/ContextWrapper;.createDeviceProtectedStorageContext ()Landroid/content/Context;
D/dalvikvm( 2119): VFY: replacing opcode 0x6f at 0x0002
D/dalvikvm( 2119): DexOpt: couldn't find static field Landroid/os/Build;.SUPPORTED_64_BIT_ABIS
W/dalvikvm( 2119): VFY: unable to resolve static field 1539 (SUPPORTED_64_BIT_ABIS) in Landroid/os/Build;
D/dalvikvm( 2119): VFY: replacing opcode 0x62 at 0x0080
D/dalvikvm( 2119): DexOpt: couldn't find static field Landroid/os/Build;.SUPPORTED_ABIS
W/dalvikvm( 2119): VFY: unable to resolve static field 1540 (SUPPORTED_ABIS) in Landroid/os/Build;
D/dalvikvm( 2119): VFY: replacing opcode 0x62 at 0x00d3
W/ProviderHelper( 1781): Unknown dynamite feature providerinstaller
I/DynamiteModule( 1781): Considering local module providerinstaller:0 and remote module providerinstaller:0
W/ProviderInstaller( 1781): Failed to load providerinstaller module: No acceptable module found. Local version is 0 and remote version is 0.
I/dalvikvm( 1781): Could not find method android.content.ContextWrapper.createCredentialProtectedStorageContext, referenced from method nfr.createCredentialProtectedStorageContext
W/dalvikvm( 1781): VFY: unable to resolve virtual method 2508: Landroid/content/ContextWrapper;.createCredentialProtectedStorageContext ()Landroid/content/Context;
D/dalvikvm( 1781): VFY: replacing opcode 0x6f at 0x0002
I/dalvikvm( 1781): Could not find method android.content.ContextWrapper.createDeviceProtectedStorageContext, referenced from method nfr.createDeviceProtectedStorageContext
W/dalvikvm( 1781): VFY: unable to resolve virtual method 2509: Landroid/content/ContextWrapper;.createDeviceProtectedStorageContext ()Landroid/content/Context;
D/dalvikvm( 1781): VFY: replacing opcode 0x6f at 0x0002
D/dalvikvm( 1781): DexOpt: couldn't find static field Landroid/os/Build;.SUPPORTED_64_BIT_ABIS
W/dalvikvm( 1781): VFY: unable to resolve static field 1539 (SUPPORTED_64_BIT_ABIS) in Landroid/os/Build;
D/dalvikvm( 1781): VFY: replacing opcode 0x62 at 0x0080
D/dalvikvm( 1781): DexOpt: couldn't find static field Landroid/os/Build;.SUPPORTED_ABIS
W/dalvikvm( 1781): VFY: unable to resolve static field 1540 (SUPPORTED_ABIS) in Landroid/os/Build;
D/dalvikvm( 1781): VFY: replacing opcode 0x62 at 0x00d3
V/NativeCrypto( 1781): Registering com/google/android/gms/org/conscrypt/NativeCrypto's 286 native methods...
V/NativeCrypto( 2119): Registering com/google/android/gms/org/conscrypt/NativeCrypto's 286 native methods...
W/dalvikvm( 1781): Unable to resolve superclass of Lcom/google/android/gms/org/conscrypt/TrustManagerImpl; (5184)
W/dalvikvm( 1781): Link of class 'Lcom/google/android/gms/org/conscrypt/TrustManagerImpl;' failed
I/dalvikvm( 1781): Could not find method com.google.android.gms.org.conscrypt.TrustManagerImpl.getDefaultHostnameVerifier, referenced from method com.google.android.gms.org.conscrypt.Conscrypt.getDefaultHostnameVerifier
W/dalvikvm( 2119): Unable to resolve superclass of Lcom/google/android/gms/org/conscrypt/TrustManagerImpl; (5184)
W/dalvikvm( 2119): Link of class 'Lcom/google/android/gms/org/conscrypt/TrustManagerImpl;' failed
W/dalvikvm( 1781): VFY: unable to resolve static method 17870: Lcom/google/android/gms/org/conscrypt/TrustManagerImpl;.getDefaultHostnameVerifier ()Lcom/google/android/gms/org/conscrypt/ConscryptHostnameVerifier;
I/dalvikvm( 2119): Could not find method com.google.android.gms.org.conscrypt.TrustManagerImpl.getDefaultHostnameVerifier, referenced from method com.google.android.gms.org.conscrypt.Conscrypt.getDefaultHostnameVerifier
W/dalvikvm( 2119): VFY: unable to resolve static method 17870: Lcom/google/android/gms/org/conscrypt/TrustManagerImpl;.getDefaultHostnameVerifier ()Lcom/google/android/gms/org/conscrypt/ConscryptHostnameVerifier;
D/dalvikvm( 2119): VFY: replacing opcode 0x71 at 0x0003
D/dalvikvm( 1781): VFY: replacing opcode 0x71 at 0x0003
W/dalvikvm( 1781): Unable to resolve superclass of Lcom/google/android/gms/org/conscrypt/TrustManagerImpl; (5184)
W/dalvikvm( 1781): Link of class 'Lcom/google/android/gms/org/conscrypt/TrustManagerImpl;' failed
W/dalvikvm( 1781): VFY: unable to find class referenced in signature (Lcom/google/android/gms/org/conscrypt/TrustManagerImpl;)
W/dalvikvm( 1781): Unable to resolve superclass of Lcom/google/android/gms/org/conscrypt/TrustManagerImpl; (5184)
W/dalvikvm( 1781): Link of class 'Lcom/google/android/gms/org/conscrypt/TrustManagerImpl;' failed
I/dalvikvm( 1781): Could not find method com.google.android.gms.org.conscrypt.TrustManagerImpl.getHostnameVerifier, referenced from method com.google.android.gms.org.conscrypt.Conscrypt.getHostnameVerifier
W/dalvikvm( 1781): VFY: unable to resolve virtual method 17872: Lcom/google/android/gms/org/conscrypt/TrustManagerImpl;.getHostnameVerifier ()Lcom/google/android/gms/org/conscrypt/ConscryptHostnameVerifier;
D/dalvikvm( 1781): VFY: replacing opcode 0x6e at 0x0004
W/dalvikvm( 1781): Unable to resolve superclass of Lcom/google/android/gms/org/conscrypt/TrustManagerImpl; (5184)
W/dalvikvm( 1781): Link of class 'Lcom/google/android/gms/org/conscrypt/TrustManagerImpl;' failed
E/dalvikvm( 1781): Could not find class 'com.google.android.gms.org.conscrypt.TrustManagerImpl', referenced from method com.google.android.gms.org.conscrypt.Conscrypt.isConscrypt
W/dalvikvm( 1781): VFY: unable to resolve instanceof 4452 (Lcom/google/android/gms/org/conscrypt/TrustManagerImpl;) in Lcom/google/android/gms/org/conscrypt/Conscrypt;
D/dalvikvm( 1781): VFY: replacing opcode 0x20 at 0x0000
W/dalvikvm( 1781): Unable to resolve superclass of Lcom/google/android/gms/org/conscrypt/TrustManagerImpl; (5184)
W/dalvikvm( 1781): Link of class 'Lcom/google/android/gms/org/conscrypt/TrustManagerImpl;' failed
I/dalvikvm( 1781): Could not find method com.google.android.gms.org.conscrypt.TrustManagerImpl.setDefaultHostnameVerifier, referenced from method com.google.android.gms.org.conscrypt.Conscrypt.setDefaultHostnameVerifier
W/dalvikvm( 1781): VFY: unable to resolve static method 17882: Lcom/google/android/gms/org/conscrypt/TrustManagerImpl;.setDefaultHostnameVerifier (Lcom/google/android/gms/org/conscrypt/ConscryptHostnameVerifier;)V
D/dalvikvm( 1781): VFY: replacing opcode 0x71 at 0x0003
D/dalvikvm( 2119): GC_FOR_ALLOC freed 1275K, 36% free 3549K/5500K, paused 2ms, total 2ms
W/dalvikvm( 2119): Unable to resolve superclass of Lcom/google/android/gms/org/conscrypt/TrustManagerImpl; (5184)
W/dalvikvm( 2119): Link of class 'Lcom/google/android/gms/org/conscrypt/TrustManagerImpl;' failed
W/dalvikvm( 2119): VFY: unable to find class referenced in signature (Lcom/google/android/gms/org/conscrypt/TrustManagerImpl;)
W/dalvikvm( 2119): Unable to resolve superclass of Lcom/google/android/gms/org/conscrypt/TrustManagerImpl; (5184)
W/dalvikvm( 2119): Link of class 'Lcom/google/android/gms/org/conscrypt/TrustManagerImpl;' failed
I/dalvikvm( 2119): Could not find method com.google.android.gms.org.conscrypt.TrustManagerImpl.getHostnameVerifier, referenced from method com.google.android.gms.org.conscrypt.Conscrypt.getHostnameVerifier
W/dalvikvm( 2119): VFY: unable to resolve virtual method 17872: Lcom/google/android/gms/org/conscrypt/TrustManagerImpl;.getHostnameVerifier ()Lcom/google/android/gms/org/conscrypt/ConscryptHostnameVerifier;
D/dalvikvm( 2119): VFY: replacing opcode 0x6e at 0x0004
W/dalvikvm( 1781): Unable to resolve superclass of Lcom/google/android/gms/org/conscrypt/TrustManagerImpl; (5184)
W/dalvikvm( 1781): Link of class 'Lcom/google/android/gms/org/conscrypt/TrustManagerImpl;' failed
W/dalvikvm( 2119): Unable to resolve superclass of Lcom/google/android/gms/org/conscrypt/TrustManagerImpl; (5184)
W/dalvikvm( 2119): Link of class 'Lcom/google/android/gms/org/conscrypt/TrustManagerImpl;' failed
E/dalvikvm( 2119): Could not find class 'com.google.android.gms.org.conscrypt.TrustManagerImpl', referenced from method com.google.android.gms.org.conscrypt.Conscrypt.isConscrypt
W/dalvikvm( 2119): VFY: unable to resolve instanceof 4452 (Lcom/google/android/gms/org/conscrypt/TrustManagerImpl;) in Lcom/google/android/gms/org/conscrypt/Conscrypt;
D/dalvikvm( 2119): VFY: replacing opcode 0x20 at 0x0000
W/dalvikvm( 1781): VFY: unable to find class referenced in signature (Lcom/google/android/gms/org/conscrypt/TrustManagerImpl;)
W/dalvikvm( 1781): Unable to resolve superclass of Lcom/google/android/gms/org/conscrypt/TrustManagerImpl; (5184)
W/dalvikvm( 1781): Link of class 'Lcom/google/android/gms/org/conscrypt/TrustManagerImpl;' failed
I/dalvikvm( 1781): Could not find method com.google.android.gms.org.conscrypt.TrustManagerImpl.setHostnameVerifier, referenced from method com.google.android.gms.org.conscrypt.Conscrypt.setHostnameVerifier
W/dalvikvm( 2119): Unable to resolve superclass of Lcom/google/android/gms/org/conscrypt/TrustManagerImpl; (5184)
W/dalvikvm( 2119): Link of class 'Lcom/google/android/gms/org/conscrypt/TrustManagerImpl;' failed
I/dalvikvm( 2119): Could not find method com.google.android.gms.org.conscrypt.TrustManagerImpl.setDefaultHostnameVerifier, referenced from method com.google.android.gms.org.conscrypt.Conscrypt.setDefaultHostnameVerifier
W/dalvikvm( 2119): VFY: unable to resolve static method 17882: Lcom/google/android/gms/org/conscrypt/TrustManagerImpl;.setDefaultHostnameVerifier (Lcom/google/android/gms/org/conscrypt/ConscryptHostnameVerifier;)V
D/dalvikvm( 2119): VFY: replacing opcode 0x71 at 0x0003
W/dalvikvm( 2119): Unable to resolve superclass of Lcom/google/android/gms/org/conscrypt/TrustManagerImpl; (5184)
W/dalvikvm( 2119): Link of class 'Lcom/google/android/gms/org/conscrypt/TrustManagerImpl;' failed
W/dalvikvm( 2119): VFY: unable to find class referenced in signature (Lcom/google/android/gms/org/conscrypt/TrustManagerImpl;)
W/dalvikvm( 2119): Unable to resolve superclass of Lcom/google/android/gms/org/conscrypt/TrustManagerImpl; (5184)
W/dalvikvm( 2119): Link of class 'Lcom/google/android/gms/org/conscrypt/TrustManagerImpl;' failed
I/dalvikvm( 2119): Could not find method com.google.android.gms.org.conscrypt.TrustManagerImpl.setHostnameVerifier, referenced from method com.google.android.gms.org.conscrypt.Conscrypt.setHostnameVerifier
W/dalvikvm( 2119): VFY: unable to resolve virtual method 17883: Lcom/google/android/gms/org/conscrypt/TrustManagerImpl;.setHostnameVerifier (Lcom/google/android/gms/org/conscrypt/ConscryptHostnameVerifier;)V
D/dalvikvm( 2119): VFY: replacing opcode 0x6e at 0x0004
W/dalvikvm( 1781): VFY: unable to resolve virtual method 17883: Lcom/google/android/gms/org/conscrypt/TrustManagerImpl;.setHostnameVerifier (Lcom/google/android/gms/org/conscrypt/ConscryptHostnameVerifier;)V
D/dalvikvm( 1781): VFY: replacing opcode 0x6e at 0x0004
W/dalvikvm( 2119): Unable to resolve superclass of Lcom/google/android/gms/org/conscrypt/TrustManagerImpl; (5184)
W/dalvikvm( 2119): Link of class 'Lcom/google/android/gms/org/conscrypt/TrustManagerImpl;' failed
E/dalvikvm( 2119): Could not find class 'com.google.android.gms.org.conscrypt.TrustManagerImpl', referenced from method com.google.android.gms.org.conscrypt.Conscrypt.toConscrypt
W/dalvikvm( 2119): VFY: unable to resolve check-cast 4452 (Lcom/google/android/gms/org/conscrypt/TrustManagerImpl;) in Lcom/google/android/gms/org/conscrypt/Conscrypt;
D/dalvikvm( 2119): VFY: replacing opcode 0x1f at 0x002a
W/dalvikvm( 1781): Unable to resolve superclass of Lcom/google/android/gms/org/conscrypt/TrustManagerImpl; (5184)
W/dalvikvm( 1781): Link of class 'Lcom/google/android/gms/org/conscrypt/TrustManagerImpl;' failed
D/dalvikvm( 1781): GC_FOR_ALLOC freed 1397K, 43% free 3402K/5940K, paused 3ms, total 3ms
E/dalvikvm( 1781): Could not find class 'com.google.android.gms.org.conscrypt.TrustManagerImpl', referenced from method com.google.android.gms.org.conscrypt.Conscrypt.toConscrypt
W/dalvikvm( 1781): VFY: unable to resolve check-cast 4452 (Lcom/google/android/gms/org/conscrypt/TrustManagerImpl;) in Lcom/google/android/gms/org/conscrypt/Conscrypt;
D/dalvikvm( 1781): VFY: replacing opcode 0x1f at 0x002a
D/dalvikvm( 2119): GC_FOR_ALLOC freed 381K, 34% free 3679K/5500K, paused 5ms, total 5ms
D/dalvikvm( 2119): GC_FOR_ALLOC freed 144K, 27% free 4047K/5500K, paused 2ms, total 2ms
D/dalvikvm( 1781): GC_FOR_ALLOC freed 170K, 37% free 3743K/5940K, paused 1ms, total 1ms
D/dalvikvm( 2119): GC_FOR_ALLOC freed 139K, 20% free 4419K/5500K, paused 2ms, total 2ms
D/dalvikvm( 1781): GC_FOR_ALLOC freed 143K, 31% free 4112K/5940K, paused 2ms, total 2ms
D/dalvikvm( 2119): GC_FOR_ALLOC freed 130K, 13% free 4789K/5500K, paused 2ms, total 2ms
E/dalvikvm( 2119): Could not find class 'javax.net.ssl.SNIServerName', referenced from method com.google.android.gms.org.conscrypt.Platform.getSniHostnameFromParams
W/dalvikvm( 2119): VFY: unable to resolve check-cast 5160 (Ljavax/net/ssl/SNIServerName;) in Lcom/google/android/gms/org/conscrypt/Platform;
D/dalvikvm( 2119): VFY: replacing opcode 0x1f at 0x0025
E/dalvikvm( 2119): Could not find class 'javax.net.ssl.SNIHostName', referenced from method com.google.android.gms.org.conscrypt.Platform.setParametersSniHostname
W/dalvikvm( 2119): VFY: unable to resolve new-instance 5159 (Ljavax/net/ssl/SNIHostName;) in Lcom/google/android/gms/org/conscrypt/Platform;
D/dalvikvm( 2119): VFY: replacing opcode 0x22 at 0x0024
E/dalvikvm( 2119): Could not find class 'javax.net.ssl.SNIHostName', referenced from method com.google.android.gms.org.conscrypt.Platform.setParametersSniHostname
W/dalvikvm( 2119): VFY: unable to resolve new-instance 5159 (Ljavax/net/ssl/SNIHostName;) in Lcom/google/android/gms/org/conscrypt/Platform;
D/dalvikvm( 2119): VFY: replacing opcode 0x22 at 0x0024
D/dalvikvm( 2119): GC_FOR_ALLOC freed 231K, 10% free 5073K/5588K, paused 3ms, total 3ms
D/dalvikvm( 2119): DexOpt: unable to opt direct call 0x52f9 at 0x2a in Lcom/google/android/gms/org/conscrypt/Platform;.setParametersSniHostname
D/dalvikvm( 2119): DexOpt: unable to opt direct call 0x52f9 at 0x2a in Lcom/google/android/gms/org/conscrypt/Platform;.setParametersSniHostname
D/dalvikvm( 1781): GC_FOR_ALLOC freed 133K, 25% free 4490K/5940K, paused 3ms, total 3ms
D/dalvikvm( 1781): GC_FOR_ALLOC freed 147K, 19% free 4855K/5940K, paused 2ms, total 2ms
I/ProviderInstaller( 2119): Installed default security provider GmsCore_OpenSSL
E/dalvikvm( 1781): Could not find class 'javax.net.ssl.SNIServerName', referenced from method com.google.android.gms.org.conscrypt.Platform.getSniHostnameFromParams
W/dalvikvm( 1781): VFY: unable to resolve check-cast 5160 (Ljavax/net/ssl/SNIServerName;) in Lcom/google/android/gms/org/conscrypt/Platform;
D/dalvikvm( 1781): VFY: replacing opcode 0x1f at 0x0025
E/dalvikvm( 1781): Could not find class 'javax.net.ssl.SNIHostName', referenced from method com.google.android.gms.org.conscrypt.Platform.setParametersSniHostname
W/dalvikvm( 1781): VFY: unable to resolve new-instance 5159 (Ljavax/net/ssl/SNIHostName;) in Lcom/google/android/gms/org/conscrypt/Platform;
D/dalvikvm( 1781): VFY: replacing opcode 0x22 at 0x0024
E/dalvikvm( 1781): Could not find class 'javax.net.ssl.SNIHostName', referenced from method com.google.android.gms.org.conscrypt.Platform.setParametersSniHostname
I/Safeboot( 2119): Checking safeboot...
I/Safeboot( 2119): Not entering safeboot; wrong process.
W/dalvikvm( 1781): VFY: unable to resolve new-instance 5159 (Ljavax/net/ssl/SNIHostName;) in Lcom/google/android/gms/org/conscrypt/Platform;
D/dalvikvm( 1781): VFY: replacing opcode 0x22 at 0x0024
D/dalvikvm( 1781): DexOpt: unable to opt direct call 0x52f9 at 0x2a in Lcom/google/android/gms/org/conscrypt/Platform;.setParametersSniHostname
D/dalvikvm( 1781): DexOpt: unable to opt direct call 0x52f9 at 0x2a in Lcom/google/android/gms/org/conscrypt/Platform;.setParametersSniHostname
D/dalvikvm( 2119): GC_FOR_ALLOC freed 433K, 12% free 5284K/5968K, paused 3ms, total 3ms
E/dalvikvm( 2119): Could not find class 'com.google.common.flogger.backend.google.GooglePlatform', referenced from method beui.a
W/dalvikvm( 2119): VFY: unable to resolve const-class 4605 (Lcom/google/common/flogger/backend/google/GooglePlatform;) in Lbeui;
D/dalvikvm( 2119): VFY: replacing opcode 0x1c at 0x001b
D/dalvikvm( 1800): GC_EXPLICIT freed 457K, 17% free 3194K/3848K, paused 1ms+0ms, total 5ms
D/dalvikvm( 1781): GC_FOR_ALLOC freed 426K, 15% free 5051K/5940K, paused 4ms, total 4ms
I/auxu    ( 2119): Primes not initialized, returning default (no-op) Primes instance which will ignore all calls. Please call Primes.initialize(...) before using any Primes API.
I/ProviderInstaller( 1781): Installed default security provider GmsCore_OpenSSL
I/dalvikvm( 2119): Could not find method android.content.Context.bindService, referenced from method uws.bindService
W/dalvikvm( 2119): VFY: unable to resolve virtual method 2453: Landroid/content/Context;.bindService (Landroid/content/Intent;ILjava/util/concurrent/Executor;Landroid/content/ServiceConnection;)Z
D/dalvikvm( 2119): VFY: replacing opcode 0x6e at 0x0018
I/dalvikvm( 2119): Could not find method android.content.Context.bindService, referenced from method uws.bindService
W/dalvikvm( 2119): VFY: unable to resolve virtual method 2453: Landroid/content/Context;.bindService (Landroid/content/Intent;ILjava/util/concurrent/Executor;Landroid/content/ServiceConnection;)Z
D/dalvikvm( 2119): VFY: replacing opcode 0x6e at 0x0030
I/dalvikvm( 2119): Could not find method android.content.Context.startForegroundService, referenced from method uws.startForegroundService
W/dalvikvm( 2119): VFY: unable to resolve virtual method 2501: Landroid/content/Context;.startForegroundService (Landroid/content/Intent;)Landroid/content/ComponentName;
D/dalvikvm( 2119): VFY: replacing opcode 0x6e at 0x001c
I/dalvikvm( 2119): Could not find method android.content.Context.startForegroundService, referenced from method uws.startForegroundService
W/dalvikvm( 2119): VFY: unable to resolve virtual method 2501: Landroid/content/Context;.startForegroundService (Landroid/content/Intent;)Landroid/content/ComponentName;
D/dalvikvm( 2119): VFY: replacing opcode 0x6e at 0x0028
I/dalvikvm( 2119): Could not find method android.os.PowerManager.isPowerSaveMode, referenced from method uwl.a
W/dalvikvm( 2119): VFY: unable to resolve virtual method 3047: Landroid/os/PowerManager;.isPowerSaveMode ()Z
D/dalvikvm( 2119): VFY: replacing opcode 0x6e at 0x0010
I/Safeboot( 1781): Checking safeboot...
D/dalvikvm( 2119): GC_FOR_ALLOC freed 323K, 10% free 5674K/6248K, paused 8ms, total 8ms
D/AndroidRuntime( 2184): 
D/AndroidRuntime( 2184): >>>>>> AndroidRuntime START com.android.internal.os.RuntimeInit <<<<<<
W/linker  ( 2184): libdvm.so has text relocations. This is wasting memory and is a security risk. Please fix.
E/dalvikvm( 1781): Could not find class 'com.google.common.flogger.backend.google.GooglePlatform', referenced from method beui.a
W/dalvikvm( 1781): VFY: unable to resolve const-class 4605 (Lcom/google/common/flogger/backend/google/GooglePlatform;) in Lbeui;
D/dalvikvm( 1781): VFY: replacing opcode 0x1c at 0x001b
I/dalvikvm( 1781): Could not find method android.content.Context.bindService, referenced from method uws.bindService
W/dalvikvm( 1781): VFY: unable to resolve virtual method 2453: Landroid/content/Context;.bindService (Landroid/content/Intent;ILjava/util/concurrent/Executor;Landroid/content/ServiceConnection;)Z
D/dalvikvm( 1781): VFY: replacing opcode 0x6e at 0x0018
D/AndroidRuntime( 2184): CheckJNI is ON
I/dalvikvm( 1781): Could not find method android.content.Context.bindService, referenced from method uws.bindService
W/dalvikvm( 1781): VFY: unable to resolve virtual method 2453: Landroid/content/Context;.bindService (Landroid/content/Intent;ILjava/util/concurrent/Executor;Landroid/content/ServiceConnection;)Z
D/dalvikvm( 1781): VFY: replacing opcode 0x6e at 0x0030
I/dalvikvm( 1781): Could not find method android.content.Context.startForegroundService, referenced from method uws.startForegroundService
W/dalvikvm( 1781): VFY: unable to resolve virtual method 2501: Landroid/content/Context;.startForegroundService (Landroid/content/Intent;)Landroid/content/ComponentName;
D/dalvikvm( 1781): VFY: replacing opcode 0x6e at 0x001c
I/dalvikvm( 1781): Could not find method android.content.Context.startForegroundService, referenced from method uws.startForegroundService
W/dalvikvm( 1781): VFY: unable to resolve virtual method 2501: Landroid/content/Context;.startForegroundService (Landroid/content/Intent;)Landroid/content/ComponentName;
D/dalvikvm( 1781): VFY: replacing opcode 0x6e at 0x0028
I/Safeboot Condition( 1781): No need to enter Safeboot.
I/dalvikvm( 1781): Could not find method android.os.PowerManager.isPowerSaveMode, referenced from method uwl.a
W/dalvikvm( 1781): VFY: unable to resolve virtual method 3047: Landroid/os/PowerManager;.isPowerSaveMode ()Z
D/dalvikvm( 1781): VFY: replacing opcode 0x6e at 0x0010
D/dalvikvm( 2184): Trying to load lib libjavacore.so 0x0
D/dalvikvm( 2184): Added shared lib libjavacore.so 0x0
D/dalvikvm( 2184): Trying to load lib libnativehelper.so 0x0
D/dalvikvm( 2184): Added shared lib libnativehelper.so 0x0
D/dalvikvm( 2184): No JNI_OnLoad found in libnativehelper.so 0x0, skipping init
D/dalvikvm( 2184): Note: class Landroid/app/ActivityManagerNative; has 179 unimplemented (abstract) methods
D/dalvikvm( 2119): GC_FOR_ALLOC freed 231K, 8% free 6230K/6768K, paused 3ms, total 3ms
I/DeviceDrDatabaseHelper( 1781): Creating databases!
D/dalvikvm( 1781): GC_FOR_ALLOC freed 393K, 11% free 5340K/5940K, paused 3ms, total 3ms
E/memtrack( 2184): Couldn't load memtrack module (No such file or directory)
E/android.os.Debug( 2184): failed to load memtrack module: -2
I/auxu    ( 1781): Primes not initialized, returning default (no-op) Primes instance which will ignore all calls. Please call Primes.initialize(...) before using any Primes API.
D/AndroidRuntime( 2184): Calling main entry com.android.commands.pm.Pm
D/AndroidRuntime( 2184): Shutting down VM
D/jdwp    ( 2184): Got wake-up signal, bailing out of select
D/dalvikvm( 2184): Debugger has detached; object registry had 1 entries
I/AndroidRuntime( 2184): NOTE: attach of thread 'Binder_2' failed
I/dalvikvm( 1781): Could not find method android.os.PowerManager.isPowerSaveMode, referenced from method ayli.c
W/dalvikvm( 1781): VFY: unable to resolve virtual method 1679: Landroid/os/PowerManager;.isPowerSaveMode ()Z
D/dalvikvm( 1781): VFY: replacing opcode 0x6e at 0x000a
E/dalvikvm( 1781): Could not find class 'android.content.RestrictionsManager', referenced from method axpy.a
W/dalvikvm( 1781): VFY: unable to resolve check-cast 215 (Landroid/content/RestrictionsManager;) in Laxpy;
D/dalvikvm( 1781): VFY: replacing opcode 0x1f at 0x009b
D/dalvikvm( 2119): GC_FOR_ALLOC freed 259K, 8% free 6914K/7512K, paused 5ms, total 5ms
D/dalvikvm( 1781): GC_FOR_ALLOC freed 681K, 15% free 5423K/6320K, paused 3ms, total 3ms
D/dalvikvm( 1800): GC_FOR_ALLOC freed 491K, 20% free 3208K/3964K, paused 2ms, total 2ms
E/SQLiteLog( 1781): (1) no such table: Packages
E/ConfigFileUtils( 2119): Failed to read config file: /data/data/com.google.android.gms/app_chimera/current_fileapks.pb: open failed: ENOENT (No such file or directory)
I/GmsModuleFndr( 2119): Beginning GMS chimera module scan
I/NativeLibraryUtils( 2119): Extraction to /data/data/com.google.android.gms/app_extracted_libs/x86/libAppDataSearch.so true
E/ConfigFileUtils( 2119): Failed to read config file: /data/data/com.google.android.gms/app_chimera/current_fileapks.pb: open failed: ENOENT (No such file or directory)
I/ModuleSetMgr( 2119): Computing pending module set with APKs: []
I/ModuleSetMgr( 2119): Pending container module APKs: []
I/ModuleSetMgr( 2119): Pending non-container module APKs: []
E/ConfigFileUtils( 2119): Failed to read config file: /data/data/com.google.android.gms/app_chimera/current_fileapks.pb: open failed: ENOENT (No such file or directory)
D/dalvikvm( 1781): GC_FOR_ALLOC freed 748K, 16% free 5461K/6428K, paused 4ms, total 4ms
E/ConfigFileUtils( 2119): Failed to read config file: /data/data/com.google.android.gms/app_chimera/current_fileapks.pb: open failed: ENOENT (No such file or directory)
I/GmsModuleFndr( 2119): Beginning GMS chimera module scan
E/ConfigFileUtils( 2119): Failed to read config file: /data/data/com.google.android.gms/app_chimera/current_fileapks.pb: open failed: ENOENT (No such file or directory)
I/ModuleSetMgr( 2119): Computing pending module set with APKs: []
I/ModuleSetMgr( 2119): Pending container module APKs: []
I/ModuleSetMgr( 2119): Pending non-container module APKs: []
E/ConfigFileUtils( 2119): Failed to read config file: /data/data/com.google.android.gms/app_chimera/current_fileapks.pb: open failed: ENOENT (No such file or directory)
I/dalvikvm( 1781): Could not find method android.content.ServiceConnection.onNullBinding, referenced from method uxb.onNullBinding
W/dalvikvm( 1781): VFY: unable to resolve interface method 2566: Landroid/content/ServiceConnection;.onNullBinding (Landroid/content/ComponentName;)V
D/dalvikvm( 1781): VFY: replacing opcode 0x72 at 0x000f
I/dalvikvm( 2119): Could not find method android.accounts.AccountManager.removeAccount, referenced from method ymq.c
W/dalvikvm( 2119): VFY: unable to resolve virtual method 4165: Landroid/accounts/AccountManager;.removeAccount (Landroid/accounts/Account;Landroid/app/Activity;Landroid/accounts/AccountManagerCallback;Landroid/os/Handler;)Landroid/accounts/AccountManagerFuture;
D/dalvikvm( 2119): VFY: replacing opcode 0x6e at 0x0009
I/dalvikvm( 2119): Could not find method android.accounts.AccountManager.removeAccountExplicitly, referenced from method ymq.d
W/dalvikvm( 2119): VFY: unable to resolve virtual method 4166: Landroid/accounts/AccountManager;.removeAccountExplicitly (Landroid/accounts/Account;)Z
D/dalvikvm( 2119): VFY: replacing opcode 0x6e at 0x0008
I/NativeLibraryUtils( 2119): Extraction to /data/data/com.google.android.gms/app_extracted_libs/x86/libWhisper.so true
E/ConfigFileUtils( 2119): Failed to read config file: /data/data/com.google.android.gms/app_chimera/current_fileapks.pb: open failed: ENOENT (No such file or directory)
I/GmsModuleFndr( 2119): Beginning GMS chimera module scan
D/dalvikvm( 1570): GC_FOR_ALLOC freed 1076K, 51% free 7335K/14828K, paused 7ms, total 7ms
E/ConfigFileUtils( 2119): Failed to read config file: /data/data/com.google.android.gms/app_chimera/current_fileapks.pb: open failed: ENOENT (No such file or directory)
I/ModuleSetMgr( 2119): Computing pending module set with APKs: []
I/ModuleSetMgr( 2119): Pending container module APKs: []
I/ModuleSetMgr( 2119): Pending non-container module APKs: []
E/ConfigFileUtils( 2119): Failed to read config file: /data/data/com.google.android.gms/app_chimera/current_fileapks.pb: open failed: ENOENT (No such file or directory)
I/NativeLibraryUtils( 2119): Extraction to /data/data/com.google.android.gms/app_extracted_libs/x86/libconscrypt_gmscore_jni.so true
D/dalvikvm( 2119): GC_FOR_ALLOC freed 1042K, 16% free 7109K/8424K, paused 7ms, total 7ms
D/dalvikvm( 1781): GC_FOR_ALLOC freed 676K, 14% free 5599K/6480K, paused 4ms, total 4ms
E/StrictMode( 2119): A resource was acquired at attached stack trace but never released. See java.io.Closeable for information on avoiding resource leaks.
E/StrictMode( 2119): java.lang.Throwable: Explicit termination method 'end' not called
E/StrictMode( 2119): 	at dalvik.system.CloseGuard.open(CloseGuard.java:184)
E/StrictMode( 2119): 	at java.util.zip.Inflater.<init>(Inflater.java:82)
E/StrictMode( 2119): 	at java.util.zip.ZipFile.getInputStream(ZipFile.java:310)
E/StrictMode( 2119): 	at npp.d(:com.google.android.gms@202414005@20.24.14 (000700-319035315):36)
E/StrictMode( 2119): 	at mob.run(:com.google.android.gms@202414005@20.24.14 (000700-319035315):0)
I/NativeLibraryUtils( 2119): Extraction to /data/data/com.google.android.gms/app_extracted_libs/x86/libgcastv2_base.so true
D/AndroidRuntime( 2216): 
D/AndroidRuntime( 2216): >>>>>> AndroidRuntime START com.android.internal.os.RuntimeInit <<<<<<
I/NativeLibraryUtils( 2119): Extraction to /data/data/com.google.android.gms/app_extracted_libs/x86/libgcastv2_support.so true
W/linker  ( 2216): libdvm.so has text relocations. This is wasting memory and is a security risk. Please fix.
D/AndroidRuntime( 2216): CheckJNI is ON
D/dalvikvm( 2216): Trying to load lib libjavacore.so 0x0
D/dalvikvm( 2216): Added shared lib libjavacore.so 0x0
I/NativeLibraryUtils( 2119): Extraction to /data/data/com.google.android.gms/app_extracted_libs/x86/libgmscore.so true
D/dalvikvm( 2216): Trying to load lib libnativehelper.so 0x0
D/dalvikvm( 2216): Added shared lib libnativehelper.so 0x0
D/dalvikvm( 2216): No JNI_OnLoad found in libnativehelper.so 0x0, skipping init
D/dalvikvm( 2216): Note: class Landroid/app/ActivityManagerNative; has 179 unimplemented (abstract) methods
I/NativeLibraryUtils( 2119): Extraction to /data/data/com.google.android.gms/app_extracted_libs/x86/libgoogle-ocrclient-v3.so true
W/ModuleManager( 1781): Unable to get current module's fulfilled APIs in ModuleManager created with non-module Context
I/dalvikvm( 1781): Could not find method android.system.Os.statvfs, referenced from method mbx.a
W/dalvikvm( 1781): VFY: unable to resolve static method 5777: Landroid/system/Os;.statvfs (Ljava/lang/String;)Landroid/system/StructStatVfs;
D/dalvikvm( 1781): VFY: replacing opcode 0x71 at 0x0029
I/dalvikvm( 1781): DexOpt: unable to optimize instance field ref 0x076d at 0x2d in Lmbx;.a
I/NativeLibraryUtils( 2119): Extraction to /data/data/com.google.android.gms/app_extracted_libs/x86/libinertial-anchor-jni.so true
D/dalvikvm( 1781): GC_EXPLICIT freed 430K, 15% free 5530K/6480K, paused 1ms+0ms, total 6ms
I/NativeLibraryUtils( 2119): Extraction to /data/data/com.google.android.gms/app_extracted_libs/x86/libjgcastservice.so true
E/memtrack( 2216): Couldn't load memtrack module (No such file or directory)
E/android.os.Debug( 2216): failed to load memtrack module: -2
D/dalvikvm( 1570): GC_FOR_ALLOC freed 1047K, 51% free 7377K/14828K, paused 14ms, total 14ms
I/dalvikvm( 2119): Could not find method android.app.Activity.getMediaController, referenced from method com.google.android.chimera.ActivityBase.getMediaController
W/dalvikvm( 2119): VFY: unable to resolve virtual method 2155: Landroid/app/Activity;.getMediaController ()Landroid/media/session/MediaController;
D/dalvikvm( 2119): VFY: replacing opcode 0x6e at 0x0002
I/dalvikvm( 2119): Could not find method android.app.Activity.getSearchEvent, referenced from method com.google.android.chimera.ActivityBase.getSearchEvent
W/dalvikvm( 2119): VFY: unable to resolve virtual method 2160: Landroid/app/Activity;.getSearchEvent ()Landroid/view/SearchEvent;
D/dalvikvm( 2119): VFY: replacing opcode 0x6e at 0x0002
W/dalvikvm( 2119): VFY: unable to find class referenced in signature (Landroid/app/VoiceInteractor;)
W/dalvikvm( 2119): VFY: unable to find class referenced in signature (Landroid/app/VoiceInteractor;)
W/dalvikvm( 2119): VFY: unable to find class referenced in signature (Landroid/os/PersistableBundle;)
D/AndroidRuntime( 2216): Calling main entry com.android.commands.pm.Pm
W/dalvikvm( 2119): VFY: unable to find class referenced in signature (Landroid/os/PersistableBundle;)
D/dalvikvm( 2119): GC_FOR_ALLOC freed 1294K, 18% free 7154K/8684K, paused 7ms, total 7ms
W/dalvikvm( 2119): VFY: unable to find class referenced in signature (Landroid/os/PersistableBundle;)
W/dalvikvm( 2119): VFY: unable to find class referenced in signature (Landroid/os/PersistableBundle;)
D/AndroidRuntime( 2216): Shutting down VM
D/jdwp    ( 2216): Got wake-up signal, bailing out of select
D/dalvikvm( 2216): Debugger has detached; object registry had 1 entries
W/dalvikvm( 2119): VFY: unable to find class referenced in signature (Landroid/app/assist/AssistContent;)
W/dalvikvm( 2119): VFY: unable to find class referenced in signature (Landroid/app/assist/AssistContent;)
W/dalvikvm( 2119): VFY: unable to find class referenced in signature (Landroid/os/PersistableBundle;)
W/dalvikvm( 2119): VFY: unable to find class referenced in signature (Landroid/os/PersistableBundle;)
W/dalvikvm( 2119): VFY: unable to find class referenced in signature (Landroid/os/PersistableBundle;)
W/dalvikvm( 2119): VFY: unable to find class referenced in signature (Landroid/os/PersistableBundle;)
W/dalvikvm( 2119): VFY: unable to find class referenced in signature (Landroid/view/SearchEvent;)
W/dalvikvm( 2119): VFY: unable to find class referenced in signature (Landroid/view/SearchEvent;)
I/dalvikvm( 2119): Could not find method android.app.Activity.requestPermissions, referenced from method com.google.android.chimera.ActivityBase.requestPermissions
W/dalvikvm( 2119): VFY: unable to resolve virtual method 2194: Landroid/app/Activity;.requestPermissions ([Ljava/lang/String;I)V
D/dalvikvm( 2119): VFY: replacing opcode 0x6e at 0x0002
W/dalvikvm( 2119): VFY: unable to find class referenced in signature (Landroid/media/session/MediaController;)
I/dalvikvm( 2119): Could not find method android.app.Activity.setMediaController, referenced from method com.google.android.chimera.ActivityBase.setMediaController
W/dalvikvm( 2119): VFY: unable to resolve virtual method 2205: Landroid/app/Activity;.setMediaController (Landroid/media/session/MediaController;)V
D/dalvikvm( 2119): VFY: replacing opcode 0x6e at 0x0002
E/dalvikvm( 2119): Could not find class 'android.app.ActivityManager$TaskDescription', referenced from method com.google.android.gms.growth.ui.webview.GrowthWebViewChimeraActivity.onCreate
W/dalvikvm( 2119): VFY: unable to resolve new-instance 1205 (Landroid/app/ActivityManager$TaskDescription;) in Lcom/google/android/gms/growth/ui/webview/GrowthWebViewChimeraActivity;
D/dalvikvm( 2119): VFY: replacing opcode 0x22 at 0x00d9
I/AndroidRuntime( 2216): NOTE: attach of thread 'Binder_2' failed
D/dalvikvm( 2119): DexOpt: unable to opt direct call 0x1060 at 0xe6 in Lcom/google/android/gms/growth/ui/webview/GrowthWebViewChimeraActivity;.onCreate
I/dalvikvm( 1781): Could not find method android.os.UserHandle.isOwner, referenced from method ahls.a
W/dalvikvm( 1781): VFY: unable to resolve virtual method 29745: Landroid/os/UserHandle;.isOwner ()Z
E/BluetoothAdapter( 1851): Bluetooth binder is null
D/dalvikvm( 1781): VFY: replacing opcode 0x6e at 0x000a
I/ActivityManager( 1570): Start proc com.android.music for broadcast com.android.music/.MediaButtonIntentReceiver: pid=2240 uid=10036 gids={50036, 3003, 1028, 1015}
W/dalvikvm( 1800): VFY: unable to resolve static field 1608 (PR_SET_DUMPABLE) in Landroid/system/OsConstants;
D/dalvikvm( 1800): VFY: replacing opcode 0x60 at 0x0017
W/dalvikvm( 1800): VFY: unable to find class referenced in signature (Lyqx;)
W/dalvikvm( 1800): VFY: unable to find class referenced in signature (Lyro;)
I/Auth    ( 2119): [WorkAccount] update authenticator enabled for boot or update
I/NearbyDiscovery( 1781): DiscoveryService created [CONTEXT service_id=49 ]
D/dalvikvm( 1800): GC_FOR_ALLOC freed 517K, 20% free 3206K/3984K, paused 11ms, total 11ms
I/dalvikvm( 2240): CheckJNI enabled: not enabling JNI app bug workarounds.
I/PackageManager( 1570): Running dexopt on: com.android.music
I/dalvikvm( 2119): Could not find method android.content.ServiceConnection.onNullBinding, referenced from method uxb.onNullBinding
W/linker  ( 2258): libdvm.so has text relocations. This is wasting memory and is a security risk. Please fix.
W/dalvikvm( 2119): VFY: unable to resolve interface method 2566: Landroid/content/ServiceConnection;.onNullBinding (Landroid/content/ComponentName;)V
D/dalvikvm( 2119): VFY: replacing opcode 0x72 at 0x000f
I/dalvikvm( 1800): Could not find method android.system.Os.readlink, referenced from method msk.a
W/dalvikvm( 1800): VFY: unable to resolve static method 3145: Landroid/system/Os;.readlink (Ljava/lang/String;)Ljava/lang/String;
D/dalvikvm( 1800): VFY: replacing opcode 0x71 at 0x00b0
I/dalvikvm( 1800): Could not find method android.os.PowerManager.isInteractive, referenced from method ndc.a
W/dalvikvm( 1800): VFY: unable to resolve virtual method 3046: Landroid/os/PowerManager;.isInteractive ()Z
D/dalvikvm( 1800): VFY: replacing opcode 0x6e at 0x0013
I/dalvikvm( 1800): Could not find method com.google.android.chimera.ModuleContext.getAttributionTag, referenced from method com.google.android.chimera.ModuleContext.createAttributionContext
W/dalvikvm( 1800): VFY: unable to resolve virtual method 14170: Lcom/google/android/chimera/ModuleContext;.getAttributionTag ()Ljava/lang/String;
D/dalvikvm( 1800): VFY: replacing opcode 0x6e at 0x0004
I/dalvikvm( 1800): Could not find method com.google.android.chimera.ContextThemeWrapper.createAttributionContext, referenced from method com.google.android.chimera.ModuleContext.createAttributionContext
W/dalvikvm( 1800): VFY: unable to resolve virtual method 13785: Lcom/google/android/chimera/ContextThemeWrapper;.createAttributionContext (Ljava/lang/String;)Landroid/content/Context;
D/dalvikvm( 1800): VFY: replacing opcode 0x6f at 0x0035
