D/dalvikvm( 2570): DexOpt: couldn't find static field Landroid/graphics/Bitmap$Config;.RGBA_F16
D/dalvikvm( 2570): DexOpt: couldn't find static field Landroid/graphics/Bitmap$Config;.RGBA_F16
D/dalvikvm( 2570): DexOpt: couldn't find field Landroid/content/pm/ApplicationInfo;.category
D/dalvikvm( 2570): DexOpt: couldn't find field Landroid/content/pm/ResolveInfo;.isInstantAppAvailable
D/dalvikvm( 2570): DexOpt: couldn't find static field Landroid/hardware/camera2/CameraCharacteristics;.LENS_FACING
D/dalvikvm( 2570): DexOpt: couldn't find field Landroid/os/Message;.sendingUid
D/dalvikvm( 2570): DexOpt: load 78ms, verify+opt 407ms, 7544340 bytes
I/GCoreUlr( 1781): WorldUpdater received intent Intent { act=com.google.android.location.reporting.ACTION_UPDATE_WORLD cmp=com.google.android.gms/com.google.android.location.reporting.service.DispatchingService (has extras) } with receiverAction android.location.PROVIDERS_CHANGED
E/GCM     ( 1781): Missing checkin config file
W/GCM     ( 1781): GCM FAILED TO INITIALIZE - missing checkin
E/dalvikvm( 2557): Could not find class 'android.app.NotificationChannel', referenced from method com.google.android.apps.play.games.core.PlayGamesApplication.onCreate
W/dalvikvm( 2557): VFY: unable to resolve new-instance 420 (Landroid/app/NotificationChannel;) in Lcom/google/android/apps/play/games/core/PlayGamesApplication;
D/dalvikvm( 2557): VFY: replacing opcode 0x22 at 0x008d
E/dalvikvm( 2557): Could not find class 'android.app.NotificationChannelGroup', referenced from method com.google.android.apps.play.games.core.PlayGamesApplication.onCreate
W/dalvikvm( 2557): VFY: unable to resolve new-instance 421 (Landroid/app/NotificationChannelGroup;) in Lcom/google/android/apps/play/games/core/PlayGamesApplication;
D/dalvikvm( 2557): VFY: replacing opcode 0x22 at 0x0131
D/dalvikvm( 2557): DexOpt: couldn't find static field Landroid/os/Build;.SUPPORTED_ABIS
W/dalvikvm( 2557): VFY: unable to resolve static field 1664 (SUPPORTED_ABIS) in Landroid/os/Build;
D/dalvikvm( 2557): VFY: replacing opcode 0x62 at 0x01a4
E/dalvikvm( 2557): Could not find class 'android.app.NotificationChannel', referenced from method com.google.android.apps.play.games.core.PlayGamesApplication.onCreate
W/dalvikvm( 2557): VFY: unable to resolve new-instance 420 (Landroid/app/NotificationChannel;) in Lcom/google/android/apps/play/games/core/PlayGamesApplication;
D/dalvikvm( 2557): VFY: replacing opcode 0x22 at 0x03e6
D/dalvikvm( 2557): DexOpt: unable to opt direct call 0x0b8a at 0x98 in Lcom/google/android/apps/play/games/core/PlayGamesApplication;.onCreate
D/dalvikvm( 2557): DexOpt: unable to opt direct call 0x0b8a at 0xa9 in Lcom/google/android/apps/play/games/core/PlayGamesApplication;.onCreate
D/dalvikvm( 2557): DexOpt: unable to opt direct call 0x0b8a at 0xba in Lcom/google/android/apps/play/games/core/PlayGamesApplication;.onCreate
D/dalvikvm( 2557): DexOpt: unable to opt direct call 0x0b8a at 0xcb in Lcom/google/android/apps/play/games/core/PlayGamesApplication;.onCreate
D/dalvikvm( 2557): DexOpt: unable to opt direct call 0x0b8a at 0xdc in Lcom/google/android/apps/play/games/core/PlayGamesApplication;.onCreate
D/dalvikvm( 2557): DexOpt: unable to opt direct call 0x0b8a at 0xed in Lcom/google/android/apps/play/games/core/PlayGamesApplication;.onCreate
D/dalvikvm( 2557): DexOpt: unable to opt direct call 0x0b8a at 0x107 in Lcom/google/android/apps/play/games/core/PlayGamesApplication;.onCreate
D/dalvikvm( 2557): DexOpt: unable to opt direct call 0x0b95 at 0x135 in Lcom/google/android/apps/play/games/core/PlayGamesApplication;.onCreate
D/dalvikvm( 2557): DexOpt: unable to opt direct call 0x0b8a at 0x144 in Lcom/google/android/apps/play/games/core/PlayGamesApplication;.onCreate
D/dalvikvm( 2557): DexOpt: unable to opt direct call 0x0b8a at 0x160 in Lcom/google/android/apps/play/games/core/PlayGamesApplication;.onCreate
W/ActivityManager( 1570): No content provider found for permission revoke: file:///sdcard/aut.apk
D/dalvikvm( 2557): DexOpt: unable to opt direct call 0x0b8a at 0x3eb in Lcom/google/android/apps/play/games/core/PlayGamesApplication;.onCreate
I/dalvikvm( 2557): Could not find method android.app.Notification.getChannelId, referenced from method keu.a
W/dalvikvm( 2557): VFY: unable to resolve virtual method 2951: Landroid/app/Notification;.getChannelId ()Ljava/lang/String;
D/dalvikvm( 2557): VFY: replacing opcode 0x6e at 0x0010
I/dalvikvm( 2557): Could not find method android.content.Context.createDeviceProtectedStorageContext, referenced from method hgf.a
W/dalvikvm( 2557): VFY: unable to resolve virtual method 3139: Landroid/content/Context;.createDeviceProtectedStorageContext ()Landroid/content/Context;
D/dalvikvm( 2557): VFY: replacing opcode 0x6e at 0x0029
I/dalvikvm( 2557): Could not find method android.content.Context.getSystemService, referenced from method hgf.a
W/dalvikvm( 2557): VFY: unable to resolve virtual method 3171: Landroid/content/Context;.getSystemService (Ljava/lang/Class;)Ljava/lang/Object;
D/dalvikvm( 2557): VFY: replacing opcode 0x6e at 0x0009
I/Icing   ( 2119): Query from package: com.google.android.gms, component: IpaAppsCorpus, restrict package: com.google.android.gms, start: 0, num: 100 maxNumSlices: 2147483647
I/dalvikvm( 2557): Could not find method android.content.Context.createDeviceProtectedStorageContext, referenced from method nzv.a
W/dalvikvm( 2557): VFY: unable to resolve virtual method 3139: Landroid/content/Context;.createDeviceProtectedStorageContext ()Landroid/content/Context;
D/dalvikvm( 2557): VFY: replacing opcode 0x6e at 0x0031
I/dalvikvm( 2557): Could not find method android.content.Context.isDeviceProtectedStorage, referenced from method mlu.a
W/dalvikvm( 2557): VFY: unable to resolve virtual method 3177: Landroid/content/Context;.isDeviceProtectedStorage ()Z
D/dalvikvm( 2557): VFY: replacing opcode 0x6e at 0x0018
E/dalvikvm( 2557): Could not find class 'android.app.NotificationChannel', referenced from method fsr.a
W/dalvikvm( 2557): VFY: unable to resolve new-instance 420 (Landroid/app/NotificationChannel;) in Lfsr;
D/dalvikvm( 2557): VFY: replacing opcode 0x22 at 0x0236
D/dalvikvm( 2557): DexOpt: unable to opt direct call 0x0b8a at 0x23d in Lfsr;.a
E/GCM     ( 1781): Missing checkin config file
W/GCM     ( 1781): GCM FAILED TO INITIALIZE - missing checkin
I/dalvikvm( 2557): Failed resolving Lnok; interface 1015 'Landroid/view/Window$OnFrameMetricsAvailableListener;'
W/dalvikvm( 2557): Link of class 'Lnok;' failed
I/dalvikvm( 2557): Failed resolving Lnok; interface 1015 'Landroid/view/Window$OnFrameMetricsAvailableListener;'
W/dalvikvm( 2557): Link of class 'Lnok;' failed
I/dalvikvm( 2557): Failed resolving Lnok; interface 1015 'Landroid/view/Window$OnFrameMetricsAvailableListener;'
W/dalvikvm( 2557): Link of class 'Lnok;' failed
W/dalvikvm( 2557): VFY: unable to resolve instance field 27376
D/dalvikvm( 2557): VFY: replacing opcode 0x5c at 0x06cf
I/dalvikvm( 2557): Failed resolving Lnok; interface 1015 'Landroid/view/Window$OnFrameMetricsAvailableListener;'
W/dalvikvm( 2557): Link of class 'Lnok;' failed
I/dalvikvm( 2557): Failed resolving Lnok; interface 1015 'Landroid/view/Window$OnFrameMetricsAvailableListener;'
W/dalvikvm( 2557): Link of class 'Lnok;' failed
W/PrimesInit( 2557): Primes instant initialization
D/dalvikvm( 2119): GC_FOR_ALLOC freed 1427K, 18% free 7911K/9588K, paused 8ms, total 9ms
D/dalvikvm( 2557): GC_FOR_ALLOC freed 370K, 16% free 3135K/3704K, paused 1ms, total 1ms
I/dalvikvm( 2557): Could not find method android.app.AppOpsManager.permissionToOp, referenced from method rr.a
W/dalvikvm( 2557): VFY: unable to resolve static method 2785: Landroid/app/AppOpsManager;.permissionToOp (Ljava/lang/String;)Ljava/lang/String;
D/dalvikvm( 2557): VFY: replacing opcode 0x71 at 0x000e
I/dalvikvm( 2557): Could not find method android.content.Context.getSystemService, referenced from method rr.a
W/dalvikvm( 2557): VFY: unable to resolve virtual method 3171: Landroid/content/Context;.getSystemService (Ljava/lang/Class;)Ljava/lang/Object;
D/dalvikvm( 2557): VFY: replacing opcode 0x6e at 0x002b
W/Primes  ( 2557): background initialization
I/Checkin ( 2119): [EventLogChimeraService] Opted in for usage reporting: false
E/WakeLock( 1781): GCM_HB_ALARM release without a matched acquire!
W/WakeLock( 1781): GCM_HB_ALARM counter does not exist
I/Checkin ( 2119): [EventLogChimeraService] Accumulating logs since 0
E/GmscoreIpa( 2119): Query failed: 8: Not authorized to read requested corpora [CONTEXT service_id=255 ]
I/Icing   ( 2119): Query from package: com.google.android.gms, component: AppsCorpus, restrict package: com.google.android.gms, start: 0, num: 100 maxNumSlices: 2147483647
I/dalvikvm( 2557): Could not find method android.content.Context.getSystemService, referenced from method mry.a
W/dalvikvm( 2557): VFY: unable to resolve virtual method 3171: Landroid/content/Context;.getSystemService (Ljava/lang/Class;)Ljava/lang/Object;
D/dalvikvm( 2557): VFY: replacing opcode 0x6e at 0x001a
I/dalvikvm( 2557): Could not find method android.os.UserManager.isUserUnlocked, referenced from method mry.a
W/dalvikvm( 2557): VFY: unable to resolve virtual method 4621: Landroid/os/UserManager;.isUserUnlocked ()Z
D/dalvikvm( 2557): VFY: replacing opcode 0x6e at 0x0030
I/dalvikvm( 2557): Could not find method android.content.Context.isDeviceProtectedStorage, referenced from method mry.b
W/dalvikvm( 2557): VFY: unable to resolve virtual method 3177: Landroid/content/Context;.isDeviceProtectedStorage ()Z
D/dalvikvm( 2557): VFY: replacing opcode 0x6e at 0x0000
I/GCoreUlr( 1781): WorldUpdater:android.location.PROVIDERS_CHANGED: Ensuring that reporting is stopped because of reasons: (no Google accounts)
I/dalvikvm( 2557): Could not find method android.content.pm.PackageManager.getPackageInstaller, referenced from method gzw.a
W/dalvikvm( 2557): VFY: unable to resolve virtual method 3338: Landroid/content/pm/PackageManager;.getPackageInstaller ()Landroid/content/pm/PackageInstaller;
D/dalvikvm( 2557): VFY: replacing opcode 0x6e at 0x0024
I/GAv4-SVC( 2557): Google Analytics 16.9.98 is starting up.
I/GCoreUlr( 1781): Unbound from all signal providers.
D/dalvikvm( 1800): GC_EXPLICIT freed 169K, 30% free 5394K/7672K, paused 3ms+1ms, total 23ms
D/dalvikvm( 1570): GC_FOR_ALLOC freed 1266K, 50% free 7536K/14828K, paused 11ms, total 12ms
E/dalvikvm( 2557): Could not find class 'android.app.job.JobScheduler', referenced from method gss.e
W/dalvikvm( 2557): VFY: unable to resolve check-cast 443 (Landroid/app/job/JobScheduler;) in Lgss;
D/dalvikvm( 2557): VFY: replacing opcode 0x1f at 0x00d7
E/dalvikvm( 2557): Could not find class 'android.app.job.JobScheduler', referenced from method gss.b
W/dalvikvm( 2557): VFY: unable to resolve check-cast 443 (Landroid/app/job/JobScheduler;) in Lgss;
D/dalvikvm( 2557): VFY: replacing opcode 0x1f at 0x02b1
I/SubscribedFeeds( 2119): Setting ComponentInfo{com.google.android.gms/com.google.android.gms.subscribedfeeds.GcmReceiverService} to 1 [CONTEXT service_id=250 ]
E/dalvikvm( 2557): Could not find class 'android.app.job.JobScheduler', referenced from method gss.b
W/dalvikvm( 2557): VFY: unable to resolve check-cast 443 (Landroid/app/job/JobScheduler;) in Lgss;
D/dalvikvm( 2557): VFY: replacing opcode 0x1f at 0x0672
E/dalvikvm( 2557): Could not find class 'android.app.job.JobScheduler', referenced from method gss.b
W/dalvikvm( 2557): VFY: unable to resolve check-cast 443 (Landroid/app/job/JobScheduler;) in Lgss;
D/dalvikvm( 2557): VFY: replacing opcode 0x1f at 0x0866
E/dalvikvm( 2557): Could not find class 'android.app.job.JobScheduler', referenced from method gss.b
W/dalvikvm( 2557): VFY: unable to resolve check-cast 443 (Landroid/app/job/JobScheduler;) in Lgss;
D/dalvikvm( 2557): VFY: replacing opcode 0x1f at 0x0906
E/dalvikvm( 2557): Could not find class 'android.app.job.JobScheduler', referenced from method gss.b
W/dalvikvm( 2557): VFY: unable to resolve check-cast 443 (Landroid/app/job/JobScheduler;) in Lgss;
D/dalvikvm( 2557): VFY: replacing opcode 0x1f at 0x095c
E/dalvikvm( 2557): Could not find class 'android.app.job.JobScheduler', referenced from method gss.b
W/dalvikvm( 2557): VFY: unable to resolve check-cast 443 (Landroid/app/job/JobScheduler;) in Lgss;
D/dalvikvm( 2557): VFY: replacing opcode 0x1f at 0x09fc
E/dalvikvm( 2557): Could not find class 'android.app.job.JobScheduler', referenced from method gss.b
W/dalvikvm( 2557): VFY: unable to resolve check-cast 443 (Landroid/app/job/JobScheduler;) in Lgss;
D/dalvikvm( 2557): VFY: replacing opcode 0x1f at 0x0a1e
E/dalvikvm( 2557): Could not find class 'android.app.job.JobScheduler', referenced from method gss.b
W/dalvikvm( 2557): VFY: unable to resolve check-cast 443 (Landroid/app/job/JobScheduler;) in Lgss;
D/dalvikvm( 2557): VFY: replacing opcode 0x1f at 0x0a40
E/dalvikvm( 2557): Could not find class 'android.app.job.JobScheduler', referenced from method gss.b
W/dalvikvm( 2557): VFY: unable to resolve check-cast 443 (Landroid/app/job/JobScheduler;) in Lgss;
D/dalvikvm( 2557): VFY: replacing opcode 0x1f at 0x0a62
E/dalvikvm( 2557): Could not find class 'android.app.job.JobScheduler', referenced from method gss.b
W/dalvikvm( 2557): VFY: unable to resolve check-cast 443 (Landroid/app/job/JobScheduler;) in Lgss;
D/dalvikvm( 2557): VFY: replacing opcode 0x1f at 0x0ae8
E/dalvikvm( 2557): Could not find class 'android.app.job.JobScheduler', referenced from method gss.b
W/dalvikvm( 2557): VFY: unable to resolve check-cast 443 (Landroid/app/job/JobScheduler;) in Lgss;
D/dalvikvm( 2557): VFY: replacing opcode 0x1f at 0x0b20
E/dalvikvm( 2557): Could not find class 'android.app.job.JobScheduler', referenced from method gss.c
W/dalvikvm( 2557): VFY: unable to resolve check-cast 443 (Landroid/app/job/JobScheduler;) in Lgss;
D/dalvikvm( 2557): VFY: replacing opcode 0x1f at 0x0077
E/dalvikvm( 2557): Could not find class 'android.app.job.JobScheduler', referenced from method gss.c
W/dalvikvm( 2557): VFY: unable to resolve check-cast 443 (Landroid/app/job/JobScheduler;) in Lgss;
D/dalvikvm( 2557): VFY: replacing opcode 0x1f at 0x012a
E/dalvikvm( 2557): Could not find class 'android.app.job.JobScheduler', referenced from method gss.c
W/dalvikvm( 2557): VFY: unable to resolve check-cast 443 (Landroid/app/job/JobScheduler;) in Lgss;
D/dalvikvm( 2557): VFY: replacing opcode 0x1f at 0x0327
I/SubscribedFeeds( 2119): Setting ComponentInfo{com.google.android.gms/com.google.android.gms.subscribedfeeds.GmsSubscribedFeedsProvider} to 1 [CONTEXT service_id=250 ]
W/ActivityManager( 1570): No content provider found for permission revoke: file:///sdcard/aut.apk
I/PackageManager( 1570): Copying native libraries to /data/app-lib/vmdl938041487
E/dalvikvm( 2557): Could not find class 'android.app.job.JobScheduler', referenced from method gtk.u_
W/dalvikvm( 2557): VFY: unable to resolve check-cast 443 (Landroid/app/job/JobScheduler;) in Lgtk;
D/dalvikvm( 2557): VFY: replacing opcode 0x1f at 0x0080
I/SubscribedFeeds( 2119): Setting ComponentInfo{com.google.android.gsf/com.google.android.gsf.subscribedfeeds.SubscribedFeedsSyncAdapterService} to 2 [CONTEXT service_id=250 ]
I/PrimesTesting( 2557): GserviceFlagsSupplier.get()
I/SubscribedFeeds( 2119): Setting ComponentInfo{com.google.android.gms/com.google.android.gms.subscribedfeeds.SyncService} to 1 [CONTEXT service_id=250 ]
I/SubscribedFeeds( 2119): Setting ComponentInfo{com.google.android.gms/com.google.android.gms.subscribedfeeds.GmsFeedsSyncService} to 1 [CONTEXT service_id=250 ]
E/native  ( 2119): score-accumulator.cc:249 No scoring data for corpus [1]
I/Icing   ( 2119): Indexing done com.google.android.gms-sms
I/Icing   ( 2119): Indexing com.google.android.gms-apps from com.google.android.gms
I/dalvikvm( 2557): Could not find method android.content.pm.PackageManager.isInstantApp, referenced from method hub.a
W/dalvikvm( 2557): VFY: unable to resolve virtual method 3345: Landroid/content/pm/PackageManager;.isInstantApp (Ljava/lang/String;)Z
D/dalvikvm( 2557): VFY: replacing opcode 0x6e at 0x0026
I/dalvikvm( 2557): Could not find method android.app.NotificationManager.getNotificationChannel, referenced from method gzd.a
W/dalvikvm( 2557): VFY: unable to resolve virtual method 2974: Landroid/app/NotificationManager;.getNotificationChannel (Ljava/lang/String;)Landroid/app/NotificationChannel;
D/dalvikvm( 2557): VFY: replacing opcode 0x6e at 0x00c5
D/dalvikvm( 2557): DexOpt: unable to opt direct call 0x0b8a at 0xd2 in Lgzd;.a
E/dalvikvm( 2557): Could not find class 'com.google.common.flogger.backend.google.GooglePlatform', referenced from method plf.a
W/dalvikvm( 2557): VFY: unable to resolve const-class 3003 (Lcom/google/common/flogger/backend/google/GooglePlatform;) in Lplf;
D/dalvikvm( 2557): VFY: replacing opcode 0x1c at 0x0014
I/GCoreUlr( 1781): WorldUpdater received intent Intent { act=com.google.android.location.reporting.ACTION_UPDATE_WORLD cmp=com.google.android.gms/com.google.android.location.reporting.service.DispatchingService (has extras) } with receiverAction init
D/dalvikvm( 2557): GC_FOR_ALLOC freed 380K, 16% free 3269K/3848K, paused 2ms, total 2ms
I/CalendarProvider2( 2515): Sending notification intent: Intent { act=android.intent.action.PROVIDER_CHANGED dat=content://com.android.calendar }
W/ContentResolver( 2515): Failed to get type for: content://com.android.calendar (Unknown URL content://com.android.calendar)
I/dalvikvm( 2557): Could not find method com.google.android.chimera.BoundService.getStartIntent, referenced from method hki.a
W/dalvikvm( 2557): VFY: unable to resolve static method 13682: Lcom/google/android/chimera/BoundService;.getStartIntent (Landroid/content/Context;Ljava/lang/String;)Landroid/content/Intent;
D/dalvikvm( 2557): VFY: replacing opcode 0x71 at 0x0024
E/GmsClient( 2557): unable to connect to service: com.google.android.gms.instantapps.START on com.google.android.gms
W/ActivityManager( 1570): Unable to start service Intent { act=com.google.android.gms.instantapps.START pkg=com.google.android.gms } U=0: not found
W/ActivityManager( 1570): Unbind failed: could not find connection for android.os.BinderProxy@9d41a818
I/ChmraDebugLogger( 2119): [11] com.google.android.gms.flags
I/DynamiteModule( 2119): Considering local module com.google.android.gms.flags:3 and remote module com.google.android.gms.flags:0
I/DynamiteModule( 2119): Selected local version of com.google.android.gms.flags
I/dalvikvm( 2557): Could not find method android.content.Context.deleteSharedPreferences, referenced from method fya.c
W/dalvikvm( 2557): VFY: unable to resolve virtual method 3145: Landroid/content/Context;.deleteSharedPreferences (Ljava/lang/String;)Z
D/dalvikvm( 2557): VFY: replacing opcode 0x6e at 0x002a
I/dalvikvm( 2119): Could not find method android.os.UserManager.isManagedProfile, referenced from method lbq.a
W/dalvikvm( 2119): VFY: unable to resolve virtual method 4277: Landroid/os/UserManager;.isManagedProfile ()Z
D/dalvikvm( 2119): VFY: replacing opcode 0x6e at 0x007c
D/dalvikvm( 1800): GC_EXPLICIT freed 155K, 30% free 5380K/7672K, paused 1ms+1ms, total 12ms
D/dalvikvm( 1570): GC_FOR_ALLOC freed 782K, 48% free 7857K/14828K, paused 14ms, total 14ms
I/dalvikvm( 2119): Could not find method android.net.ConnectivityManager.getAllNetworks, referenced from method npq.a
W/dalvikvm( 2119): VFY: unable to resolve virtual method 3870: Landroid/net/ConnectivityManager;.getAllNetworks ()[Landroid/net/Network;
D/dalvikvm( 2119): VFY: replacing opcode 0x6e at 0x0025
I/dalvikvm( 2119): Could not find method android.net.ConnectivityManager.isDefaultNetworkActive, referenced from method npq.e
W/dalvikvm( 2119): VFY: unable to resolve virtual method 3874: Landroid/net/ConnectivityManager;.isDefaultNetworkActive ()Z
D/dalvikvm( 2119): VFY: replacing opcode 0x6e at 0x000d
I/dalvikvm( 2557): Could not find method java.util.Locale.toLanguageTag, referenced from method fvw.a
W/dalvikvm( 2557): VFY: unable to resolve virtual method 33842: Ljava/util/Locale;.toLanguageTag ()Ljava/lang/String;
D/dalvikvm( 2557): VFY: replacing opcode 0x6e at 0x000a
I/GCoreUlr( 1781): WorldUpdater:init: Ensuring that reporting is stopped because of reasons: (no Google accounts)
E/dalvikvm( 2119): Could not find class 'android.telephony.SubscriptionManager', referenced from method lbk.a
W/dalvikvm( 2119): VFY: unable to resolve check-cast 1109 (Landroid/telephony/SubscriptionManager;) in Llbk;
D/dalvikvm( 2119): VFY: replacing opcode 0x1f at 0x0236
I/GCoreUlr( 1781): Unbound from all signal providers.
W/ComponentDiscovery( 2557): Application info not found.
W/ComponentDiscovery( 2557): Could not retrieve metadata, returning empty list of registrars.
D/dalvikvm( 2557): GC_FOR_ALLOC freed 330K, 14% free 3452K/3980K, paused 3ms, total 3ms
I/dalvikvm( 2557): Could not find method android.content.Context.getDrawable, referenced from method rj.a
W/dalvikvm( 2557): VFY: unable to resolve virtual method 3157: Landroid/content/Context;.getDrawable (I)Landroid/graphics/drawable/Drawable;
D/dalvikvm( 2557): VFY: replacing opcode 0x6e at 0x0006
I/dalvikvm( 2557): Could not find method android.content.Context.getDataDir, referenced from method rj.a
W/dalvikvm( 2557): VFY: unable to resolve virtual method 3154: Landroid/content/Context;.getDataDir ()Ljava/io/File;
D/dalvikvm( 2557): VFY: replacing opcode 0x6e at 0x0006
I/dalvikvm( 2557): Could not find method android.content.Context.getSystemServiceName, referenced from method rj.a
W/dalvikvm( 2557): VFY: unable to resolve virtual method 3173: Landroid/content/Context;.getSystemServiceName (Ljava/lang/Class;)Ljava/lang/String;
D/dalvikvm( 2557): VFY: replacing opcode 0x6e at 0x000a
I/dalvikvm( 2557): Could not find method android.content.Context.getSystemService, referenced from method rj.a
W/dalvikvm( 2557): VFY: unable to resolve virtual method 3171: Landroid/content/Context;.getSystemService (Ljava/lang/Class;)Ljava/lang/Object;
D/dalvikvm( 2557): VFY: replacing opcode 0x6e at 0x0020
I/dalvikvm( 2557): Could not find method android.content.Context.getColorStateList, referenced from method rj.b
W/dalvikvm( 2557): VFY: unable to resolve virtual method 3152: Landroid/content/Context;.getColorStateList (I)Landroid/content/res/ColorStateList;
D/dalvikvm( 2557): VFY: replacing opcode 0x6e at 0x0006
I/dalvikvm( 2557): Could not find method android.content.Context.getColor, referenced from method rj.c
W/dalvikvm( 2557): VFY: unable to resolve virtual method 3151: Landroid/content/Context;.getColor (I)I
D/dalvikvm( 2557): VFY: replacing opcode 0x6e at 0x0006
I/dalvikvm( 2557): Could not find method android.content.Context.getNoBackupFilesDir, referenced from method rj.d
W/dalvikvm( 2557): VFY: unable to resolve virtual method 3164: Landroid/content/Context;.getNoBackupFilesDir ()Ljava/io/File;
D/dalvikvm( 2557): VFY: replacing opcode 0x6e at 0x0006
I/dalvikvm( 2557): Could not find method android.content.Context.createDeviceProtectedStorageContext, referenced from method rj.e
W/dalvikvm( 2557): VFY: unable to resolve virtual method 3139: Landroid/content/Context;.createDeviceProtectedStorageContext ()Landroid/content/Context;
D/dalvikvm( 2557): VFY: replacing opcode 0x6e at 0x0008
I/dalvikvm( 2557): Could not find method android.content.Context.isDeviceProtectedStorage, referenced from method rj.f
W/dalvikvm( 2557): VFY: unable to resolve virtual method 3177: Landroid/content/Context;.isDeviceProtectedStorage ()Z
D/dalvikvm( 2557): VFY: replacing opcode 0x6e at 0x0008
I/Notifications( 2557): [ChimeBroadcastReceiver] Intent received for action [android.intent.action.TIMEZONE_CHANGED] package [com.google.android.play.games].
I/dalvikvm( 2119): Could not find method java.util.Locale.toLanguageTag, referenced from method lbk.a
W/dalvikvm( 2119): VFY: unable to resolve virtual method 43769: Ljava/util/Locale;.toLanguageTag ()Ljava/lang/String;
D/dalvikvm( 2119): VFY: replacing opcode 0x6e at 0x0025
W/dalvikvm( 2119): VFY: unable to find class referenced in signature (Landroid/telephony/SubscriptionManager;)
I/dalvikvm( 2119): Could not find method android.telephony.SubscriptionManager.getActiveSubscriptionInfoList, referenced from method lbk.a
W/dalvikvm( 2119): VFY: unable to resolve virtual method 5833: Landroid/telephony/SubscriptionManager;.getActiveSubscriptionInfoList ()Ljava/util/List;
D/dalvikvm( 2119): VFY: replacing opcode 0x74 at 0x0004
E/dalvikvm( 2557): Could not find class 'android.os.PersistableBundle', referenced from method nit.a
W/dalvikvm( 2557): VFY: unable to resolve new-instance 743 (Landroid/os/PersistableBundle;) in Lnit;
D/dalvikvm( 2557): VFY: replacing opcode 0x22 at 0x0001
D/dalvikvm( 2557): DexOpt: unable to opt direct call 0x11d2 at 0x0b in Lnit;.a
D/dalvikvm( 2557): DexOpt: unable to opt direct call 0x0bbb at 0xa1 in Lnit;.a
I/dalvikvm( 2557): Could not find method android.app.NotificationManager.getNotificationChannels, referenced from method nkj.b
W/dalvikvm( 2557): VFY: unable to resolve virtual method 2976: Landroid/app/NotificationManager;.getNotificationChannels ()Ljava/util/List;
D/dalvikvm( 2557): VFY: replacing opcode 0x6e at 0x0015
I/dalvikvm( 2557): Could not find method android.app.NotificationManager.getNotificationChannels, referenced from method nkj.a
W/dalvikvm( 2557): VFY: unable to resolve virtual method 2976: Landroid/app/NotificationManager;.getNotificationChannels ()Ljava/util/List;
D/dalvikvm( 2557): VFY: replacing opcode 0x6e at 0x0016
I/dalvikvm( 2557): Could not find method android.app.NotificationManager.getNotificationChannel, referenced from method nkj.a
W/dalvikvm( 2557): VFY: unable to resolve virtual method 2974: Landroid/app/NotificationManager;.getNotificationChannel (Ljava/lang/String;)Landroid/app/NotificationChannel;
D/dalvikvm( 2557): VFY: replacing opcode 0x6e at 0x0026
I/dalvikvm( 2557): Could not find method android.app.NotificationManager.getNotificationChannelGroups, referenced from method nkj.b
W/dalvikvm( 2557): VFY: unable to resolve virtual method 2975: Landroid/app/NotificationManager;.getNotificationChannelGroups ()Ljava/util/List;
D/dalvikvm( 2557): VFY: replacing opcode 0x6e at 0x0016
I/dalvikvm( 2557): Could not find method java.util.Locale.toLanguageTag, referenced from method nid.a
W/dalvikvm( 2557): VFY: unable to resolve virtual method 33842: Ljava/util/Locale;.toLanguageTag ()Ljava/lang/String;
D/dalvikvm( 2557): VFY: replacing opcode 0x6e at 0x0025
I/dalvikvm( 2557): Could not find method android.content.res.Configuration.getLocales, referenced from method nid.a
W/dalvikvm( 2557): VFY: unable to resolve virtual method 3393: Landroid/content/res/Configuration;.getLocales ()Landroid/os/LocaleList;
D/dalvikvm( 2557): VFY: replacing opcode 0x6e at 0x0032
I/Notifications( 2557): [ChimeBroadcastReceiver] Validation OK for action [android.intent.action.TIMEZONE_CHANGED].
W/PGAfap  ( 2557): ContentFiltersService is unavailable; not applying content filters.
W/Settings( 1781): Setting airplane_mode_on has moved from android.provider.Settings.System to android.provider.Settings.Global, returning read-only value.
I/GCoreUlr( 1781): Unbound from all signal providers.
I/GCoreUlr( 1781): Stopping handler for UlrDispSvcFast
I/Notifications( 2557): [ChimeBroadcastReceiver] Executing action in Service [android.intent.action.TIMEZONE_CHANGED].
E/ahif    ( 1781): Phenotype API error. Event # bqfe@118e69f3, EventCode: 6 [CONTEXT service_id=51 ]
E/ahif    ( 1781): ahhj: 29505: No config packages for log source, or config package not registered
E/ahif    ( 1781): 	at ahiu.b(:com.google.android.gms@202414005@20.24.14 (000700-319035315):7)
E/ahif    ( 1781): 	at ahir.b(:com.google.android.gms@202414005@20.24.14 (000700-319035315):2)
E/ahif    ( 1781): 	at ahif.a(:com.google.android.gms@202414005@20.24.14 (000700-319035315):85)
E/ahif    ( 1781): 	at ahif.a(:com.google.android.gms@202414005@20.24.14 (000700-319035315):80)
E/ahif    ( 1781): 	at uun.run(:com.google.android.gms@202414005@20.24.14 (000700-319035315):9)
E/ahif    ( 1781): 	at bcny.run(:com.google.android.gms@202414005@20.24.14 (000700-319035315):2)
E/ahif    ( 1781): 	at nlp.b(:com.google.android.gms@202414005@20.24.14 (000700-319035315):12)
E/ahif    ( 1781): 	at nlp.run(:com.google.android.gms@202414005@20.24.14 (000700-319035315):7)
E/ahif    ( 1781): 	at java.util.concurrent.ThreadPoolExecutor.runWorker(ThreadPoolExecutor.java:1112)
E/ahif    ( 1781): 	at java.util.concurrent.ThreadPoolExecutor$Worker.run(ThreadPoolExecutor.java:587)
E/ahif    ( 1781): 	at nrd.run(:com.google.android.gms@202414005@20.24.14 (000700-319035315):0)
E/ahif    ( 1781): 	at java.lang.Thread.run(Thread.java:841)
E/AsyncOperation( 1781): serviceID=51, operation=GetExperimentTokensOperationCall
E/AsyncOperation( 1781): OperationException[Status{statusCode=No config packages for log source, or config package not registered, resolution=null}]
E/AsyncOperation( 1781): 	at ahif.a(:com.google.android.gms@202414005@20.24.14 (000700-319035315):87)
E/AsyncOperation( 1781): 	at ahif.a(:com.google.android.gms@202414005@20.24.14 (000700-319035315):80)
E/AsyncOperation( 1781): 	at uun.run(:com.google.android.gms@202414005@20.24.14 (000700-319035315):9)
E/AsyncOperation( 1781): 	at bcny.run(:com.google.android.gms@202414005@20.24.14 (000700-319035315):2)
E/AsyncOperation( 1781): 	at nlp.b(:com.google.android.gms@202414005@20.24.14 (000700-319035315):12)
E/AsyncOperation( 1781): 	at nlp.run(:com.google.android.gms@202414005@20.24.14 (000700-319035315):7)
E/AsyncOperation( 1781): 	at java.util.concurrent.ThreadPoolExecutor.runWorker(ThreadPoolExecutor.java:1112)
E/AsyncOperation( 1781): 	at java.util.concurrent.ThreadPoolExecutor$Worker.run(ThreadPoolExecutor.java:587)
E/AsyncOperation( 1781): 	at nrd.run(:com.google.android.gms@202414005@20.24.14 (000700-319035315):0)
E/AsyncOperation( 1781): 	at java.lang.Thread.run(Thread.java:841)
D/dalvikvm( 2119): GC_FOR_ALLOC freed 1240K, 15% free 8314K/9752K, paused 42ms, total 43ms
I/CheckinService( 1800): Preparing to send checkin request
W/Settings( 1781): Setting airplane_mode_on has moved from android.provider.Settings.System to android.provider.Settings.Global, returning read-only value.
I/SystemUpdate( 2119): [Installation,ReceiverIntentOperation] Received intent: Intent { act=android.intent.action.TIME_SET flg=0x24000010 cmp=com.google.android.gms/.chimera.GmsIntentOperationService$PersistentTrustedReceiver }.
I/EventLogService( 1800): Accumulating logs since 0
I/CheckinRequestBuilder( 2119): Checkin reason type: 5 attempt count: 1 [CONTEXT service_id=130 ]
V/AlarmClock( 2528): AlarmInitReceiver android.intent.action.TIME_SET
I/SystemUpdate( 2119): [Execution,InstallationEventIntentOperation] Handling event of type 6.
I/SystemUpdate( 2119): [Execution,InstallationIntentOperation] Received intent: Intent { act=com.google.android.gms.update.INSTALL_UPDATE cat=[targeted_intent_op_prefix:.update.execution.InstallationIntentOperation] cmp=com.google.android.gms/.chimera.GmsIntentOperationService }.
I/SystemUpdate( 2119): [Execution,ExecutionManager] Action finished-execution executed for 0.00 seconds.
I/AlarmClock( 2528): Displaying next alarm time: ''
V/AlarmClock( 2528): AlarmInitReceiver finished
E/dalvikvm( 1781): Could not find class 'android.telephony.SubscriptionManager', referenced from method amlx.a
W/dalvikvm( 1781): VFY: unable to resolve check-cast 8088 (Landroid/telephony/SubscriptionManager;) in Lamlx;
D/dalvikvm( 1781): VFY: replacing opcode 0x1f at 0x0016
E/ahif    ( 1781): Phenotype API error. Event # bqfe@238260b4, EventCode: 5 [CONTEXT service_id=51 ]
E/ahif    ( 1781): ahhj: 29500: Empty (package not registered?) or malformed snapshot token: 
E/ahif    ( 1781): 	at ahii.a(:com.google.android.gms@202414005@20.24.14 (000700-319035315):8)
E/ahif    ( 1781): 	at ahih.b(:com.google.android.gms@202414005@20.24.14 (000700-319035315):2)
E/ahif    ( 1781): 	at ahif.a(:com.google.android.gms@202414005@20.24.14 (000700-319035315):85)
E/ahif    ( 1781): 	at ahif.a(:com.google.android.gms@202414005@20.24.14 (000700-319035315):80)
E/ahif    ( 1781): 	at uun.run(:com.google.android.gms@202414005@20.24.14 (000700-319035315):9)
E/ahif    ( 1781): 	at bcny.run(:com.google.android.gms@202414005@20.24.14 (000700-319035315):2)
E/ahif    ( 1781): 	at nlp.b(:com.google.android.gms@202414005@20.24.14 (000700-319035315):12)
E/ahif    ( 1781): 	at nlp.run(:com.google.android.gms@202414005@20.24.14 (000700-319035315):7)
E/ahif    ( 1781): 	at java.util.concurrent.ThreadPoolExecutor.runWorker(ThreadPoolExecutor.java:1112)
E/ahif    ( 1781): 	at java.util.concurrent.ThreadPoolExecutor$Worker.run(ThreadPoolExecutor.java:587)
E/ahif    ( 1781): 	at nrd.run(:com.google.android.gms@202414005@20.24.14 (000700-319035315):0)
E/ahif    ( 1781): 	at java.lang.Thread.run(Thread.java:841)
E/AsyncOperation( 1781): serviceID=51, operation=CommitToConfigurationOperationCall
E/AsyncOperation( 1781): OperationException[Status{statusCode=Empty (package not registered?) or malformed snapshot token: , resolution=null}]
E/AsyncOperation( 1781): 	at ahif.a(:com.google.android.gms@202414005@20.24.14 (000700-319035315):87)
E/AsyncOperation( 1781): 	at ahif.a(:com.google.android.gms@202414005@20.24.14 (000700-319035315):80)
E/AsyncOperation( 1781): 	at uun.run(:com.google.android.gms@202414005@20.24.14 (000700-319035315):9)
E/AsyncOperation( 1781): 	at bcny.run(:com.google.android.gms@202414005@20.24.14 (000700-319035315):2)
E/AsyncOperation( 1781): 	at nlp.b(:com.google.android.gms@202414005@20.24.14 (000700-319035315):12)
E/AsyncOperation( 1781): 	at nlp.run(:com.google.android.gms@202414005@20.24.14 (000700-319035315):7)
E/AsyncOperation( 1781): 	at java.util.concurrent.ThreadPoolExecutor.runWorker(ThreadPoolExecutor.java:1112)
E/AsyncOperation( 1781): 	at java.util.concurrent.ThreadPoolExecutor$Worker.run(ThreadPoolExecutor.java:587)
E/AsyncOperation( 1781): 	at nrd.run(:com.google.android.gms@202414005@20.24.14 (000700-319035315):0)
E/AsyncOperation( 1781): 	at java.lang.Thread.run(Thread.java:841)
W/PhenotypeFlagCommitter( 2557): Committing snapshot for com.google.android.games.app failed, retrying
E/ahif    ( 1781): Phenotype API error. Event # bqfe@238260b4, EventCode: 5 [CONTEXT service_id=51 ]
E/ahif    ( 1781): ahhj: 29500: Empty (package not registered?) or malformed snapshot token: 
E/ahif    ( 1781): 	at ahii.a(:com.google.android.gms@202414005@20.24.14 (000700-319035315):8)
E/ahif    ( 1781): 	at ahih.b(:com.google.android.gms@202414005@20.24.14 (000700-319035315):2)
E/ahif    ( 1781): 	at ahif.a(:com.google.android.gms@202414005@20.24.14 (000700-319035315):85)
E/ahif    ( 1781): 	at ahif.a(:com.google.android.gms@202414005@20.24.14 (000700-319035315):80)
E/ahif    ( 1781): 	at uun.run(:com.google.android.gms@202414005@20.24.14 (000700-319035315):9)
E/ahif    ( 1781): 	at bcny.run(:com.google.android.gms@202414005@20.24.14 (000700-319035315):2)
E/ahif    ( 1781): 	at nlp.b(:com.google.android.gms@202414005@20.24.14 (000700-319035315):12)
E/ahif    ( 1781): 	at nlp.run(:com.google.android.gms@202414005@20.24.14 (000700-319035315):7)
E/ahif    ( 1781): 	at java.util.concurrent.ThreadPoolExecutor.runWorker(ThreadPoolExecutor.java:1112)
E/ahif    ( 1781): 	at java.util.concurrent.ThreadPoolExecutor$Worker.run(ThreadPoolExecutor.java:587)
E/ahif    ( 1781): 	at nrd.run(:com.google.android.gms@202414005@20.24.14 (000700-319035315):0)
E/ahif    ( 1781): 	at java.lang.Thread.run(Thread.java:841)
E/AsyncOperation( 1781): serviceID=51, operation=CommitToConfigurationOperationCall
E/AsyncOperation( 1781): OperationException[Status{statusCode=Empty (package not registered?) or malformed snapshot token: , resolution=null}]
E/AsyncOperation( 1781): 	at ahif.a(:com.google.android.gms@202414005@20.24.14 (000700-319035315):87)
E/AsyncOperation( 1781): 	at ahif.a(:com.google.android.gms@202414005@20.24.14 (000700-319035315):80)
E/AsyncOperation( 1781): 	at uun.run(:com.google.android.gms@202414005@20.24.14 (000700-319035315):9)
E/AsyncOperation( 1781): 	at bcny.run(:com.google.android.gms@202414005@20.24.14 (000700-319035315):2)
E/AsyncOperation( 1781): 	at nlp.b(:com.google.android.gms@202414005@20.24.14 (000700-319035315):12)
E/AsyncOperation( 1781): 	at nlp.run(:com.google.android.gms@202414005@20.24.14 (000700-319035315):7)
E/AsyncOperation( 1781): 	at java.util.concurrent.ThreadPoolExecutor.runWorker(ThreadPoolExecutor.java:1112)
E/AsyncOperation( 1781): 	at java.util.concurrent.ThreadPoolExecutor$Worker.run(ThreadPoolExecutor.java:587)
E/AsyncOperation( 1781): 	at nrd.run(:com.google.android.gms@202414005@20.24.14 (000700-319035315):0)
E/AsyncOperation( 1781): 	at java.lang.Thread.run(Thread.java:841)
E/BluetoothAdapter( 1851): Bluetooth binder is null
W/PhenotypeFlagCommitter( 2557): Committing snapshot for com.google.android.games.app failed, retrying
D/EGL_emulation( 1940): eglMakeCurrent: 0xb7de5900: ver 3 0
E/ahif    ( 1781): Phenotype API error. Event # bqfe@238260b4, EventCode: 5 [CONTEXT service_id=51 ]
E/ahif    ( 1781): ahhj: 29500: Empty (package not registered?) or malformed snapshot token: 
E/ahif    ( 1781): 	at ahii.a(:com.google.android.gms@202414005@20.24.14 (000700-319035315):8)
E/ahif    ( 1781): 	at ahih.b(:com.google.android.gms@202414005@20.24.14 (000700-319035315):2)
E/ahif    ( 1781): 	at ahif.a(:com.google.android.gms@202414005@20.24.14 (000700-319035315):85)
E/ahif    ( 1781): 	at ahif.a(:com.google.android.gms@202414005@20.24.14 (000700-319035315):80)
E/ahif    ( 1781): 	at uun.run(:com.google.android.gms@202414005@20.24.14 (000700-319035315):9)
E/ahif    ( 1781): 	at bcny.run(:com.google.android.gms@202414005@20.24.14 (000700-319035315):2)
E/ahif    ( 1781): 	at nlp.b(:com.google.android.gms@202414005@20.24.14 (000700-319035315):12)
E/ahif    ( 1781): 	at nlp.run(:com.google.android.gms@202414005@20.24.14 (000700-319035315):7)
E/ahif    ( 1781): 	at java.util.concurrent.ThreadPoolExecutor.runWorker(ThreadPoolExecutor.java:1112)
E/ahif    ( 1781): 	at java.util.concurrent.ThreadPoolExecutor$Worker.run(ThreadPoolExecutor.java:587)
E/ahif    ( 1781): 	at nrd.run(:com.google.android.gms@202414005@20.24.14 (000700-319035315):0)
E/ahif    ( 1781): 	at java.lang.Thread.run(Thread.java:841)
E/AsyncOperation( 1781): serviceID=51, operation=CommitToConfigurationOperationCall
E/AsyncOperation( 1781): OperationException[Status{statusCode=Empty (package not registered?) or malformed snapshot token: , resolution=null}]
E/AsyncOperation( 1781): 	at ahif.a(:com.google.android.gms@202414005@20.24.14 (000700-319035315):87)
E/AsyncOperation( 1781): 	at ahif.a(:com.google.android.gms@202414005@20.24.14 (000700-319035315):80)
E/AsyncOperation( 1781): 	at uun.run(:com.google.android.gms@202414005@20.24.14 (000700-319035315):9)
E/AsyncOperation( 1781): 	at bcny.run(:com.google.android.gms@202414005@20.24.14 (000700-319035315):2)
E/AsyncOperation( 1781): 	at nlp.b(:com.google.android.gms@202414005@20.24.14 (000700-319035315):12)
E/AsyncOperation( 1781): 	at nlp.run(:com.google.android.gms@202414005@20.24.14 (000700-319035315):7)
E/AsyncOperation( 1781): 	at java.util.concurrent.ThreadPoolExecutor.runWorker(ThreadPoolExecutor.java:1112)
E/AsyncOperation( 1781): 	at java.util.concurrent.ThreadPoolExecutor$Worker.run(ThreadPoolExecutor.java:587)
E/AsyncOperation( 1781): 	at nrd.run(:com.google.android.gms@202414005@20.24.14 (000700-319035315):0)
E/AsyncOperation( 1781): 	at java.lang.Thread.run(Thread.java:841)
D/EGL_emulation( 1940): eglMakeCurrent: 0xb7de5900: ver 3 0
D/dalvikvm( 1570): GC_FOR_ALLOC freed 908K, 45% free 8161K/14828K, paused 13ms, total 13ms
V/GoogleSettingsUtils( 1800): pre-froyo android id is 0
W/BroadcastQueue( 1570): Permission Denial: broadcasting Intent { act=android.appwidget.action.APPWIDGET_UPDATE_OPTIONS flg=0x10 cmp=com.android.settings/.widget.SettingsAppWidgetProvider (has extras) } from android (pid=1940, uid=10009) is not exported from uid 1000 due to receiver com.android.settings/.widget.SettingsAppWidgetProvider
I/GeofencerStateMachine( 1781): sendQueryLocationOptIn
I/ActivityManager( 1570): Start proc com.android.dialer for broadcast com.android.dialer/.calllog.CallLogReceiver: pid=2620 uid=10004 gids={50004, 3003, 1028, 1015}
D/dalvikvm( 2119): GC_FOR_ALLOC freed 1891K, 21% free 8197K/10288K, paused 7ms, total 7ms
D/dalvikvm( 1570): GC_FOR_ALLOC freed 1074K, 44% free 8384K/14828K, paused 8ms, total 8ms
D/dalvikvm( 1570): GC_FOR_ALLOC freed 1333K, 44% free 8403K/14828K, paused 9ms, total 9ms
D/dalvikvm( 1570): GC_FOR_ALLOC freed 1347K, 44% free 8412K/14828K, paused 6ms, total 6ms
D/dalvikvm( 2119): GC_FOR_ALLOC freed 1832K, 22% free 8100K/10288K, paused 7ms, total 7ms
D/dalvikvm( 1570): GC_FOR_ALLOC freed 1350K, 44% free 8419K/14828K, paused 6ms, total 6ms
D/dalvikvm( 1570): GC_FOR_ALLOC freed 1348K, 44% free 8432K/14828K, paused 7ms, total 7ms
D/dalvikvm( 2119): GC_FOR_ALLOC freed 1679K, 22% free 8126K/10288K, paused 5ms, total 5ms
I/PackageManager( 1570): Running dexopt on: freemap.hikar
W/linker  ( 2633): libdvm.so has text relocations. This is wasting memory and is a security risk. Please fix.
W/dalvikvm( 2633): method Landroidx/appcompat/widget/DropDownListView;.lookForSelectablePosition incorrectly overrides package-private method with same name in Landroid/widget/ListView;
D/dalvikvm( 2633): DexOpt: 'Lorg/apache/commons/codec/Decoder;' has an earlier definition; blocking out
D/dalvikvm( 2633): DexOpt: 'Lorg/apache/commons/codec/DecoderException;' has an earlier definition; blocking out
D/dalvikvm( 2633): DexOpt: 'Lorg/apache/commons/codec/Encoder;' has an earlier definition; blocking out
D/dalvikvm( 2633): DexOpt: 'Lorg/apache/commons/codec/EncoderException;' has an earlier definition; blocking out
D/dalvikvm( 2633): DexOpt: 'Lorg/apache/commons/codec/StringEncoderComparator;' has an earlier definition; blocking out
D/dalvikvm( 2633): DexOpt: 'Lorg/apache/commons/codec/language/DoubleMetaphone$DoubleMetaphoneResult;' has an earlier definition; blocking out
D/dalvikvm( 2633): DexOpt: 'Lorg/apache/commons/codec/language/SoundexUtils;' has an earlier definition; blocking out
D/dalvikvm( 2633): DexOpt: 'Lorg/apache/commons/codec/net/RFC1522Codec;' has an earlier definition; blocking out
D/dalvikvm( 2633): DexOpt: 'Lorg/apache/commons/logging/Log;' has an earlier definition; blocking out
D/dalvikvm( 2633): DexOpt: 'Lorg/apache/commons/logging/LogConfigurationException;' has an earlier definition; blocking out
D/dalvikvm( 2633): DexOpt: 'Lorg/apache/commons/logging/LogFactory$1;' has an earlier definition; blocking out
D/dalvikvm( 2633): DexOpt: 'Lorg/apache/commons/logging/LogFactory$2;' has an earlier definition; blocking out
D/dalvikvm( 2633): DexOpt: 'Lorg/apache/commons/logging/LogFactory$3;' has an earlier definition; blocking out
D/dalvikvm( 2633): DexOpt: 'Lorg/apache/commons/logging/LogFactory$4;' has an earlier definition; blocking out
D/dalvikvm( 2633): DexOpt: 'Lorg/apache/commons/logging/LogFactory$5;' has an earlier definition; blocking out
D/dalvikvm( 2633): DexOpt: 'Lorg/apache/commons/logging/LogFactory;' has an earlier definition; blocking out
D/dalvikvm( 2633): DexOpt: 'Lorg/apache/commons/logging/LogSource;' has an earlier definition; blocking out
D/dalvikvm( 2633): DexOpt: 'Lorg/apache/commons/logging/impl/SimpleLog$1;' has an earlier definition; blocking out
D/dalvikvm( 2633): DexOpt: 'Lorg/apache/commons/logging/impl/WeakHashtable$1;' has an earlier definition; blocking out
D/dalvikvm( 2633): DexOpt: 'Lorg/apache/commons/logging/impl/WeakHashtable$Entry;' has an earlier definition; blocking out
D/dalvikvm( 2633): DexOpt: 'Lorg/apache/commons/logging/impl/WeakHashtable$Referenced;' has an earlier definition; blocking out
D/dalvikvm( 2633): DexOpt: 'Lorg/apache/commons/logging/impl/WeakHashtable$WeakKey;' has an earlier definition; blocking out
D/dalvikvm( 2633): DexOpt: 'Lorg/apache/commons/logging/impl/WeakHashtable;' has an earlier definition; blocking out
D/dalvikvm( 2633): DexOpt: 'Lorg/apache/http/ConnectionClosedException;' has an earlier definition; blocking out
D/dalvikvm( 2633): DexOpt: 'Lorg/apache/http/ConnectionReuseStrategy;' has an earlier definition; blocking out
D/dalvikvm( 2633): DexOpt: 'Lorg/apache/http/Header;' has an earlier definition; blocking out
D/dalvikvm( 2633): DexOpt: 'Lorg/apache/http/HeaderElement;' has an earlier definition; blocking out
D/dalvikvm( 2633): DexOpt: 'Lorg/apache/http/HeaderElementIterator;' has an earlier definition; blocking out
D/dalvikvm( 2633): DexOpt: 'Lorg/apache/http/HeaderIterator;' has an earlier definition; blocking out
D/dalvikvm( 2633): DexOpt: 'Lorg/apache/http/HttpConnection;' has an earlier definition; blocking out
D/dalvikvm( 2633): DexOpt: 'Lorg/apache/http/HttpConnectionMetrics;' has an earlier definition; blocking out
D/dalvikvm( 2633): DexOpt: 'Lorg/apache/http/HttpEntity;' has an earlier definition; blocking out
D/dalvikvm( 2633): DexOpt: 'Lorg/apache/http/HttpException;' has an earlier definition; blocking out
D/dalvikvm( 2633): DexOpt: 'Lorg/apache/http/HttpHost;' has an earlier definition; blocking out
D/dalvikvm( 2633): DexOpt: 'Lorg/apache/http/HttpMessage;' has an earlier definition; blocking out
D/dalvikvm( 2633): DexOpt: 'Lorg/apache/http/HttpRequestFactory;' has an earlier definition; blocking out
D/dalvikvm( 2633): DexOpt: 'Lorg/apache/http/HttpRequestInterceptor;' has an earlier definition; blocking out
D/dalvikvm( 2633): DexOpt: 'Lorg/apache/http/HttpResponseFactory;' has an earlier definition; blocking out
D/dalvikvm( 2633): DexOpt: 'Lorg/apache/http/HttpResponseInterceptor;' has an earlier definition; blocking out
D/dalvikvm( 2633): DexOpt: 'Lorg/apache/http/HttpStatus;' has an earlier definition; blocking out
D/dalvikvm( 2633): DexOpt: 'Lorg/apache/http/MalformedChunkCodingException;' has an earlier definition; blocking out
D/dalvikvm( 2633): DexOpt: 'Lorg/apache/http/NameValuePair;' has an earlier definition; blocking out
D/dalvikvm( 2633): DexOpt: 