D/MccTable( 1837): updateMccMncConfiguration updateConfig config={1.0 310mcc260mnc ?locale ?layoutDir ?swdp ?wdp ?hdp ?density ?lsize ?long ?orien ?uimode ?night ?touch ?keyb/?/? ?nav/?}
I/MultiDex( 1781): Renaming to /data/data/com.google.android.gms/code_cache/secondary-dexes/PrebuiltGmsCore.apk.classes2.zip
I/MultiDex( 1781): Extraction succeeded '/data/data/com.google.android.gms/code_cache/secondary-dexes/PrebuiltGmsCore.apk.classes2.zip': length 3623385 - crc: 3535609393
I/MultiDex( 1781): Extraction is needed for file /data/data/com.google.android.gms/code_cache/secondary-dexes/PrebuiltGmsCore.apk.classes3.zip
I/MultiDex( 1781): Extracting /data/data/com.google.android.gms/code_cache/secondary-dexes/tmp-PrebuiltGmsCore.apk.classes147253947.zip
I/LatinIME:LogUtils( 1765): Dictionary info: dictionary = main:en ; version = 42 ; date = 1381226516
D/dalvikvm( 1940): GC_FOR_ALLOC freed 27K, 6% free 3876K/4104K, paused 3ms, total 3ms
I/DownloadManager( 1868): Download 3 starting
W/DownloadManager( 1868): Aborting request for download 3: NO_CONNECTION
D/dalvikvm( 1837): GC_FOR_ALLOC freed 404K, 15% free 3537K/4140K, paused 2ms, total 2ms
I/dalvikvm-heap( 1940): Grow heap (frag case) to 8.183MB for 4410012-byte allocation
I/DownloadManager( 1868): Download 3 finished with status WAITING_FOR_NETWORK
D/dalvikvm( 1940): GC_FOR_ALLOC freed 2K, 3% free 8180K/8412K, paused 3ms, total 3ms
I/ContactsFTS( 1817): Rebuild contact search index in 182ms, 0 contacts
I/dalvikvm-heap( 1655): Grow heap (frag case) to 25.844MB for 14745612-byte allocation
D/dalvikvm( 1655): GC_FOR_ALLOC freed 0K, 2% free 26272K/26664K, paused 13ms, total 13ms
W/Resources( 1940): Converting to int: TypedValue{t=0x3/d=0x12 "4" a=-1}
W/Resources( 1940): Converting to int: TypedValue{t=0x3/d=0xf "1" a=-1}
W/Resources( 1940): Converting to int: TypedValue{t=0x3/d=0x15 "2" a=-1}
W/Resources( 1940): Converting to int: TypedValue{t=0x3/d=0x15 "2" a=-1}
D/dalvikvm( 1837): GC_FOR_ALLOC freed 507K, 17% free 3541K/4248K, paused 3ms, total 3ms
D/MobileDataStateTracker( 1570): fota: Broadcast received: android.intent.action.ANY_DATA_STATE apnType=fota
D/MobileDataStateTracker( 1570): fota: Received state=DISCONNECTED, old=DISCONNECTED, reason=simLoaded
D/MobileDataStateTracker( 1570): ia: Broadcast received: android.intent.action.ANY_DATA_STATE apnType=ia
D/MobileDataStateTracker( 1570): ia: Received state=DISCONNECTED, old=DISCONNECTED, reason=simLoaded
D/MobileDataStateTracker( 1570): supl: Broadcast received: android.intent.action.ANY_DATA_STATE apnType=supl
D/MobileDataStateTracker( 1570): supl: Received state=DISCONNECTED, old=DISCONNECTED, reason=simLoaded
D/MobileDataStateTracker( 1570): hipri: Broadcast received: android.intent.action.ANY_DATA_STATE apnType=hipri
D/MobileDataStateTracker( 1570): hipri: Received state=DISCONNECTED, old=DISCONNECTED, reason=simLoaded
D/MobileDataStateTracker( 1570): ims: Broadcast received: android.intent.action.ANY_DATA_STATE apnType=ims
D/MobileDataStateTracker( 1570): ims: Received state=DISCONNECTED, old=DISCONNECTED, reason=simLoaded
D/MobileDataStateTracker( 1570): mms: Broadcast received: android.intent.action.ANY_DATA_STATE apnType=mms
D/MobileDataStateTracker( 1570): mms: Received state=DISCONNECTED, old=DISCONNECTED, reason=simLoaded
W/Launcher.LauncherProvider( 1940): Unable to add favorite: com.android.camera2/com.android.camera.CameraLauncher
W/Launcher.LauncherProvider( 1940): android.content.pm.PackageManager$NameNotFoundException: ComponentInfo{com.android.camera2/com.android.camera.CameraLauncher}
W/Launcher.LauncherProvider( 1940): 	at android.app.ApplicationPackageManager.getActivityInfo(ApplicationPackageManager.java:242)
W/Launcher.LauncherProvider( 1940): 	at com.android.launcher2.LauncherProvider$DatabaseHelper.addAppShortcut(LauncherProvider.java:939)
W/Launcher.LauncherProvider( 1940): 	at com.android.launcher2.LauncherProvider$DatabaseHelper.loadFavorites(LauncherProvider.java:843)
W/Launcher.LauncherProvider( 1940): 	at com.android.launcher2.LauncherProvider$DatabaseHelper.access$000(LauncherProvider.java:233)
W/Launcher.LauncherProvider( 1940): 	at com.android.launcher2.LauncherProvider.loadDefaultFavoritesIfNecessary(LauncherProvider.java:228)
W/Launcher.LauncherProvider( 1940): 	at com.android.launcher2.LauncherModel$LoaderTask.loadWorkspace(LauncherModel.java:1263)
W/Launcher.LauncherProvider( 1940): 	at com.android.launcher2.LauncherModel$LoaderTask.loadAndBindWorkspace(LauncherModel.java:1005)
W/Launcher.LauncherProvider( 1940): 	at com.android.launcher2.LauncherModel$LoaderTask.run(LauncherModel.java:1111)
W/Launcher.LauncherProvider( 1940): 	at android.os.Handler.handleCallback(Handler.java:733)
W/Launcher.LauncherProvider( 1940): 	at android.os.Handler.dispatchMessage(Handler.java:95)
W/Launcher.LauncherProvider( 1940): 	at android.os.Looper.loop(Looper.java:136)
W/Launcher.LauncherProvider( 1940): 	at android.os.HandlerThread.run(HandlerThread.java:61)
W/Launcher.LauncherProvider( 1940): Unable to add favorite: com.android.gallery3d/com.android.gallery3d.app.Gallery
W/Launcher.LauncherProvider( 1940): android.content.pm.PackageManager$NameNotFoundException: ComponentInfo{com.android.gallery3d/com.android.gallery3d.app.Gallery}
W/Launcher.LauncherProvider( 1940): 	at android.app.ApplicationPackageManager.getActivityInfo(ApplicationPackageManager.java:242)
W/Launcher.LauncherProvider( 1940): 	at com.android.launcher2.LauncherProvider$DatabaseHelper.addAppShortcut(LauncherProvider.java:939)
W/Launcher.LauncherProvider( 1940): 	at com.android.launcher2.LauncherProvider$DatabaseHelper.loadFavorites(LauncherProvider.java:843)
W/Launcher.LauncherProvider( 1940): 	at com.android.launcher2.LauncherProvider$DatabaseHelper.access$000(LauncherProvider.java:233)
W/Launcher.LauncherProvider( 1940): 	at com.android.launcher2.LauncherProvider.loadDefaultFavoritesIfNecessary(LauncherProvider.java:228)
W/Launcher.LauncherProvider( 1940): 	at com.android.launcher2.LauncherModel$LoaderTask.loadWorkspace(LauncherModel.java:1263)
W/Launcher.LauncherProvider( 1940): 	at com.android.launcher2.LauncherModel$LoaderTask.loadAndBindWorkspace(LauncherModel.java:1005)
W/Launcher.LauncherProvider( 1940): 	at com.android.launcher2.LauncherModel$LoaderTask.run(LauncherModel.java:1111)
W/Launcher.LauncherProvider( 1940): 	at android.os.Handler.handleCallback(Handler.java:733)
W/Launcher.LauncherProvider( 1940): 	at android.os.Handler.dispatchMessage(Handler.java:95)
W/Launcher.LauncherProvider( 1940): 	at android.os.Looper.loop(Looper.java:136)
W/Launcher.LauncherProvider( 1940): 	at android.os.HandlerThread.run(HandlerThread.java:61)
I/DownloadManager( 1868): Download 5 starting
W/DownloadManager( 1868): Aborting request for download 5: NO_CONNECTION
D/gralloc_ranchu( 1145): gralloc_alloc: Creating ashmem region of size 14745600
D/MobileDataStateTracker( 1570): cbs: Broadcast received: android.intent.action.ANY_DATA_STATE apnType=cbs
D/MobileDataStateTracker( 1570): cbs: Received state=DISCONNECTED, old=DISCONNECTED, reason=simLoaded
D/MobileDataStateTracker( 1570): default: Broadcast received: android.intent.action.ANY_DATA_STATE apnType=default
D/MobileDataStateTracker( 1570): default: Received state=CONNECTING, old=DISCONNECTED, reason=simLoaded
D/MobileDataStateTracker( 1570): default: setDetailed state, old =IDLE and new state=CONNECTING
D/MobileDataStateTracker( 1570): fota: Broadcast received: android.intent.action.ANY_DATA_STATE apnType=fota
D/MobileDataStateTracker( 1570): fota: Received state=DISCONNECTED, old=DISCONNECTED, reason=simLoaded
D/MobileDataStateTracker( 1570): ia: Broadcast received: android.intent.action.ANY_DATA_STATE apnType=ia
D/MobileDataStateTracker( 1570): ia: Received state=DISCONNECTED, old=DISCONNECTED, reason=simLoaded
D/MobileDataStateTracker( 1570): supl: Broadcast received: android.intent.action.ANY_DATA_STATE apnType=supl
D/MobileDataStateTracker( 1570): supl: Received state=DISCONNECTED, old=DISCONNECTED, reason=simLoaded
D/MobileDataStateTracker( 1570): hipri: Broadcast received: android.intent.action.ANY_DATA_STATE apnType=hipri
D/MobileDataStateTracker( 1570): hipri: Received state=DISCONNECTED, old=DISCONNECTED, reason=simLoaded
D/MobileDataStateTracker( 1570): ims: Broadcast received: android.intent.action.ANY_DATA_STATE apnType=ims
D/MobileDataStateTracker( 1570): ims: Received state=DISCONNECTED, old=DISCONNECTED, reason=simLoaded
D/MobileDataStateTracker( 1570): mms: Broadcast received: android.intent.action.ANY_DATA_STATE apnType=mms
I/DownloadManager( 1868): Download 5 finished with status WAITING_FOR_NETWORK
D/MobileDataStateTracker( 1570): mms: Received state=DISCONNECTED, old=DISCONNECTED, reason=simLoaded
D/MobileDataStateTracker( 1570): cbs: Broadcast received: android.intent.action.ANY_DATA_STATE apnType=cbs
D/MobileDataStateTracker( 1570): cbs: Received state=DISCONNECTED, old=DISCONNECTED, reason=simLoaded
D/MobileDataStateTracker( 1570): default: Broadcast received: android.intent.action.ANY_DATA_STATE apnType=default
D/MobileDataStateTracker( 1570): default: Received state=CONNECTED, old=CONNECTING, reason=connected
D/MobileDataStateTracker( 1570): default: setDetailed state, old =CONNECTING and new state=CONNECTED
D/ConnectivityService( 1570): ConnectivityChange for mobile: CONNECTED/CONNECTED
D/ConnectivityService( 1570): ConnectivityChange checkMobileProvisioning for TYPE_MOBILE or ProvisioningNetwork
D/ConnectivityService( 1570): checkMobileProvisioning: E suggestedTimeOutMs=60000
D/ConnectivityService( 1570): setProvNotificationVisible: E visible=false networkType=5 extraInfo=null url=null
D/ConnectivityService( 1570): checkMobileProvisioning: params={ url=http://clients3.google.com/generate_204 mTimeOutMs=60000 mCb=com.android.server.ConnectivityService$5@9d6cb800}
D/ConnectivityService( 1570): checkMobileProvisioning: X
D/Launcher.Model( 1940): Reload apps on config change. curr_mcc:310 prevmcc:0
D/MobileDataStateTracker( 1570): default: isProvisioningNetwork: retVal=false
D/ConnectivityService( 1570): [CheckMp] isMobileOk: isDefaultProvisioning=false
D/MobileDataStateTracker( 1570): hipri: isProvisioningNetwork: retVal=false
D/ConnectivityService( 1570): [CheckMp] isMobileOk: isHipriProvisioning=false
D/ConnectivityService( 1570): [CheckMp] isMobileOk: start hipri url=http://clients3.google.com/generate_204
D/Nat464Xlat( 1570): requiresClat: netType=0, hasIPv4Address=true
D/        ( 1940): HostConnection::get() New Host Connection established 0xb7de5730, tid 1940
D/EGL_emulation( 1940): eglCreateContext: 0xb7de5900: maj 3 min 0 rcv 3
D/ConnectivityService( 1570): startUsingNetworkFeature reconnecting to 0: enableHIPRI
D/ConnectivityService( 1570): startUsingNetworkFeature X: return APN_REQUEST_STARTED
D/dalvikvm( 1837): GC_FOR_ALLOC freed 486K, 17% free 3566K/4252K, paused 2ms, total 2ms
D/EGL_emulation( 1940): eglMakeCurrent: 0xb7de5900: ver 3 0
E/eglCodecCommon( 1940): glUtilsParamSize: unknow param 0x00008cdf
E/eglCodecCommon( 1940): glUtilsParamSize: unknow param 0x00008824
E/EGL_emulation( 1940): tid 1940: eglSurfaceAttrib(1199): error 0x3009 (EGL_BAD_MATCH)
W/HardwareRenderer( 1940): Backbuffer cannot be preserved
D/OpenGLRenderer( 1940): Enabling debug mode 0
D/MobileDataStateTracker( 1570): hipri: Broadcast received: android.intent.action.ANY_DATA_STATE apnType=hipri
D/MobileDataStateTracker( 1570): hipri: Received state=CONNECTING, old=DISCONNECTED, reason=dataEnabled
D/MobileDataStateTracker( 1570): hipri: setDetailed state, old =IDLE and new state=CONNECTING
D/MobileDataStateTracker( 1570): fota: Broadcast received: android.intent.action.ANY_DATA_STATE apnType=fota
D/ConnectivityService( 1570): [CheckMp] isMobileOk: hipri started
D/ConnectivityService( 1570): [CheckMp] isMobileOk: not connected ni=NetworkInfo: type: mobile_hipri[LTE], state: CONNECTING/CONNECTING, reason: dataEnabled, extra: epc.tmobile.com, roaming: false, failover: false, isAvailable: true, isConnectedToProvisioningNetwork: false
D/MobileDataStateTracker( 1570): fota: Received state=DISCONNECTED, old=DISCONNECTED, reason=dataEnabled
D/MobileDataStateTracker( 1570): ia: Broadcast received: android.intent.action.ANY_DATA_STATE apnType=ia
D/MobileDataStateTracker( 1570): ia: Received state=DISCONNECTED, old=DISCONNECTED, reason=dataEnabled
D/MobileDataStateTracker( 1570): supl: Broadcast received: android.intent.action.ANY_DATA_STATE apnType=supl
D/MobileDataStateTracker( 1570): supl: Received state=DISCONNECTED, old=DISCONNECTED, reason=dataEnabled
D/MobileDataStateTracker( 1570): ims: Broadcast received: android.intent.action.ANY_DATA_STATE apnType=ims
D/MobileDataStateTracker( 1570): ims: Received state=DISCONNECTED, old=DISCONNECTED, reason=dataEnabled
D/MobileDataStateTracker( 1570): mms: Broadcast received: android.intent.action.ANY_DATA_STATE apnType=mms
D/MobileDataStateTracker( 1570): mms: Received state=DISCONNECTED, old=DISCONNECTED, reason=dataEnabled
D/MobileDataStateTracker( 1570): cbs: Broadcast received: android.intent.action.ANY_DATA_STATE apnType=cbs
D/MobileDataStateTracker( 1570): cbs: Received state=DISCONNECTED, old=DISCONNECTED, reason=dataEnabled
D/MobileDataStateTracker( 1570): hipri: Broadcast received: android.intent.action.ANY_DATA_STATE apnType=hipri
D/MobileDataStateTracker( 1570): hipri: Received state=CONNECTED, old=CONNECTING, reason=dataEnabled
D/MobileDataStateTracker( 1570): hipri: setDetailed state, old =CONNECTING and new state=CONNECTED
D/ConnectivityService( 1570): ConnectivityChange for mobile_hipri: CONNECTED/CONNECTED
D/dalvikvm( 1940): GC_FOR_ALLOC freed 569K, 8% free 9160K/9928K, paused 134ms, total 136ms
I/Choreographer( 1655): Skipped 83 frames!  The application may be doing too much work on its main thread.
D/EGL_emulation( 1655): eglMakeCurrent: 0xb7da0da0: ver 3 0
I/dalvikvm-heap( 1940): Grow heap (frag case) to 16.256MB for 7464972-byte allocation
D/dalvikvm( 1940): GC_FOR_ALLOC freed 5K, 5% free 16444K/17220K, paused 4ms, total 4ms
D/Nat464Xlat( 1570): requiresClat: netType=5, hasIPv4Address=true
W/ActivityManager( 1570): Unable to start service Intent { cmp=com.android.email/.service.AttachmentDownloadService } U=0: not found
V/RenderScript( 1940): 0xb7db7070 Launching thread(s), CPUs 2
I/Email   ( 1999): Observing account changes for notifications
D/EGL_emulation( 1655): eglMakeCurrent: 0xb7da0da0: ver 3 0
I/ActivityManager( 1570): Displayed com.android.launcher/com.android.launcher2.Launcher: +2s203ms (total +2s927ms)
D/dalvikvm( 1940): GC_FOR_ALLOC freed 243K, 5% free 16830K/17700K, paused 4ms, total 4ms
I/dalvikvm-heap( 1940): Grow heap (frag case) to 23.747MB for 7464972-byte allocation
D/dalvikvm( 1940): GC_FOR_ALLOC freed 6K, 4% free 24114K/24992K, paused 5ms, total 5ms
D/EGL_emulation( 1655): eglMakeCurrent: 0xb7da0da0: ver 3 0
I/WindowManager( 1570): Screen frozen for +961ms due to Window{9d6c62e0 u0 com.android.systemui.ImageWallpaper}
D/PhoneStatusBar( 1655): mSettingsPanelGravity = 55
D/EGL_emulation( 1655): eglMakeCurrent: 0xb7da0da0: ver 3 0
D/EGL_emulation( 1655): eglMakeCurrent: 0xb7da0da0: ver 3 0
D/dalvikvm( 1999): GC_FOR_ALLOC freed 290K, 14% free 3206K/3700K, paused 3ms, total 3ms
D/EGL_emulation( 1655): eglMakeCurrent: 0xb7da0da0: ver 3 0
D/dalvikvm( 1570): GC_FOR_ALLOC freed 873K, 51% free 7269K/14828K, paused 30ms, total 32ms
D/dalvikvm( 1655): GC_FOR_ALLOC freed 17814K, 68% free 8766K/26776K, paused 16ms, total 16ms
I/dalvikvm-heap( 1655): Grow heap (frag case) to 11.678MB for 3072012-byte allocation
D/dalvikvm( 1940): GC_FOR_ALLOC freed 7302K, 33% free 16869K/24992K, paused 17ms, total 17ms
D/dalvikvm( 1940): GC_FOR_ALLOC freed 99K, 27% free 18321K/24992K, paused 2ms, total 3ms
D/dalvikvm( 1655): GC_FOR_ALLOC freed 7K, 57% free 11759K/26776K, paused 14ms, total 14ms
D/dalvikvm( 1655): GC_FOR_ALLOC freed <1K, 57% free 11759K/26776K, paused 2ms, total 2ms
D/dalvikvm( 1940): GC_FOR_ALLOC freed <1K, 21% free 19872K/24992K, paused 11ms, total 11ms
I/dalvikvm-heap( 1655): Grow heap (frag case) to 26.525MB for 15575052-byte allocation
D/dalvikvm( 1655): GC_FOR_ALLOC freed 0K, 36% free 26969K/41988K, paused 5ms, total 5ms
D/gralloc_ranchu( 1145): gralloc_alloc: Creating ashmem region of size 15577088
D/dalvikvm( 1940): GC_FOR_ALLOC freed 188K, 14% free 21673K/24992K, paused 3ms, total 3ms
D/MobileDataStateTracker( 1570): hipri: isProvisioningNetwork: retVal=false
D/ConnectivityService( 1570): [CheckMp] isMobileOk: isProvisioningNetwork is false, continue
I/SurfaceFlinger( 1145): Boot is finished (12052 ms)
I/Choreographer( 1655): Skipped 30 frames!  The application may be doing too much work on its main thread.
D/EGL_emulation( 1655): eglMakeCurrent: 0xb7da0da0: ver 3 0
D/ConnectivityService( 1570): [CheckMp] isMobileOk: addresses=clients3.google.com/172.217.13.110,clients3.google.com/2607:f8b0:4020:804::200e
D/ConnectivityService( 1570): [CheckMp] isMobileOk: linkHasIpv4=true linkHasIpv6=false
D/ConnectivityService( 1570): requestRouteToHostAddress ok=true
D/ConnectivityService( 1570): [CheckMp] isMobileOk: wait to establish route to hostAddr=clients3.google.com/172.217.13.110
I/MultiDex( 1781): Renaming to /data/data/com.google.android.gms/code_cache/secondary-dexes/PrebuiltGmsCore.apk.classes3.zip
I/MultiDex( 1781): Extraction succeeded '/data/data/com.google.android.gms/code_cache/secondary-dexes/PrebuiltGmsCore.apk.classes3.zip': length 3069570 - crc: 1812373452
I/MultiDex( 1781): Extraction is needed for file /data/data/com.google.android.gms/code_cache/secondary-dexes/PrebuiltGmsCore.apk.classes4.zip
I/MultiDex( 1781): Extracting /data/data/com.google.android.gms/code_cache/secondary-dexes/tmp-PrebuiltGmsCore.apk.classes938041487.zip
D/dalvikvm( 1940): GC_FOR_ALLOC freed 1000K, 10% free 22676K/24992K, paused 13ms, total 13ms
D/Launcher.Model( 1940): going to save icon bitmap for info=ShortcutInfo(title=Messagingintent=Intent { act=android.intent.action.MAIN cat=[android.intent.category.LAUNCHER] flg=0x10200000 cmp=com.android.mms/.ui.ConversationList }id=10 type=0 container=-101 screen=3 cellX=3 cellY=0 spanX=1 spanY=1 dropPos=null)
D/Launcher.Model( 1940): going to save icon bitmap for info=ShortcutInfo(title=Browserintent=Intent { act=android.intent.action.MAIN cat=[android.intent.category.LAUNCHER] flg=0x10200000 cmp=com.android.browser/.BrowserActivity }id=12 type=0 container=-101 screen=4 cellX=4 cellY=0 spanX=1 spanY=1 dropPos=null)
D/Launcher.Model( 1940): going to save icon bitmap for info=ShortcutInfo(title=Peopleintent=Intent { act=android.intent.action.MAIN cat=[android.intent.category.LAUNCHER] flg=0x10200000 cmp=com.android.contacts/.activities.PeopleActivity }id=8 type=0 container=-101 screen=1 cellX=1 cellY=0 spanX=1 spanY=1 dropPos=null)
D/Launcher.Model( 1940): going to save icon bitmap for info=ShortcutInfo(title=Settingsintent=Intent { act=android.intent.action.MAIN cat=[android.intent.category.LAUNCHER] flg=0x10200000 cmp=com.android.settings/.Settings }id=4 type=0 container=-100 screen=3 cellX=2 cellY=3 spanX=1 spanY=1 dropPos=null)
D/Launcher.Model( 1940): going to save icon bitmap for info=ShortcutInfo(title=Phoneintent=Intent { act=android.intent.action.MAIN cat=[android.intent.category.LAUNCHER] flg=0x10200000 cmp=com.android.dialer/.DialtactsActivity }id=6 type=0 container=-101 screen=0 cellX=0 cellY=0 spanX=1 spanY=1 dropPos=null)
I/MultiDex( 1781): Renaming to /data/data/com.google.android.gms/code_cache/secondary-dexes/PrebuiltGmsCore.apk.classes4.zip
I/MultiDex( 1781): Extraction succeeded '/data/data/com.google.android.gms/code_cache/secondary-dexes/PrebuiltGmsCore.apk.classes4.zip': length 3729559 - crc: 3858303340
I/MultiDex( 1781): Extraction is needed for file /data/data/com.google.android.gms/code_cache/secondary-dexes/PrebuiltGmsCore.apk.classes5.zip
I/MultiDex( 1781): Extracting /data/data/com.google.android.gms/code_cache/secondary-dexes/tmp-PrebuiltGmsCore.apk.classes2129093362.zip
I/MultiDex( 1781): Renaming to /data/data/com.google.android.gms/code_cache/secondary-dexes/PrebuiltGmsCore.apk.classes5.zip
I/MultiDex( 1781): Extraction succeeded '/data/data/com.google.android.gms/code_cache/secondary-dexes/PrebuiltGmsCore.apk.classes5.zip': length 3584837 - crc: 4123503416
I/MultiDex( 1781): Extraction is needed for file /data/data/com.google.android.gms/code_cache/secondary-dexes/PrebuiltGmsCore.apk.classes6.zip
I/MultiDex( 1781): Extracting /data/data/com.google.android.gms/code_cache/secondary-dexes/tmp-PrebuiltGmsCore.apk.classes558634787.zip
D/dalvikvm( 1570): GC_EXPLICIT freed 494K, 53% free 7099K/14828K, paused 1ms+1ms, total 8ms
I/MultiDex( 1781): Renaming to /data/data/com.google.android.gms/code_cache/secondary-dexes/PrebuiltGmsCore.apk.classes6.zip
I/MultiDex( 1781): Extraction succeeded '/data/data/com.google.android.gms/code_cache/secondary-dexes/PrebuiltGmsCore.apk.classes6.zip': length 2190210 - crc: 2261963046
I/MultiDex( 1781): load found 5 secondary dex files
D/dalvikvm( 1781): DexOpt: --- BEGIN 'PrebuiltGmsCore.apk.classes2.zip' (bootstrap=0) ---
W/linker  ( 2076): libdvm.so has text relocations. This is wasting memory and is a security risk. Please fix.
E/cutils-trace( 2076): Error opening trace file: Permission denied (13)
D/dalvikvm( 2076): GC_FOR_ALLOC freed 842K, 42% free 1204K/2048K, paused 1ms, total 1ms
D/dalvikvm( 2076): DexOpt: couldn't find field Landroid/os/Message;.sendingUid
D/dalvikvm( 2076): DexOpt: load 74ms, verify+opt 120ms, 9812300 bytes
D/Tethering( 1570): MasterInitialState.processMessage what=3
D/CaptivePortalTracker( 1570): NoActiveNetworkState{ when=-1ms what=1 obj=NetworkInfo: type: mobile[LTE], state: CONNECTED/CONNECTED, reason: connected, extra: epc.tmobile.com, roaming: false, failover: false, isAvailable: true, isConnectedToProvisioningNetwork: false target=com.android.internal.util.StateMachine$SmHandler }
D/CaptivePortalTracker( 1570): NoActiveNetworkState not a wifi connectivity change, ignore
D/dalvikvm( 1781): DexOpt: --- END 'PrebuiltGmsCore.apk.classes2.zip' (success) ---
D/dalvikvm( 1781): DEX prep '/data/data/com.google.android.gms/code_cache/secondary-dexes/PrebuiltGmsCore.apk.classes2.zip': unzip in 68ms, rewrite 276ms
D/dalvikvm( 1781): DexOpt: --- BEGIN 'PrebuiltGmsCore.apk.classes3.zip' (bootstrap=0) ---
W/linker  ( 2078): libdvm.so has text relocations. This is wasting memory and is a security risk. Please fix.
E/cutils-trace( 2078): Error opening trace file: Permission denied (13)
D/dalvikvm( 2078): GC_FOR_ALLOC freed 888K, 44% free 1158K/2048K, paused 1ms, total 1ms
D/dalvikvm( 2078): DexOpt: load 30ms, verify+opt 64ms, 4551068 bytes
D/dalvikvm( 1781): DexOpt: --- END 'PrebuiltGmsCore.apk.classes3.zip' (success) ---
D/dalvikvm( 1781): DEX prep '/data/data/com.google.android.gms/code_cache/secondary-dexes/PrebuiltGmsCore.apk.classes3.zip': unzip in 45ms, rewrite 161ms
D/GpsLocationProvider( 1570): NTP server returned: 1629038559966 (Sun Aug 15 09:42:39 CDT 2021) reference: 15682 certainty: 47 system time offset: 995
D/AndroidRuntime( 2082): 
D/AndroidRuntime( 2082): >>>>>> AndroidRuntime START com.android.internal.os.RuntimeInit <<<<<<
W/linker  ( 2082): libdvm.so has text relocations. This is wasting memory and is a security risk. Please fix.
D/AndroidRuntime( 2082): CheckJNI is ON
D/dalvikvm( 2082): Trying to load lib libjavacore.so 0x0
D/dalvikvm( 2082): Added shared lib libjavacore.so 0x0
D/dalvikvm( 2082): Trying to load lib libnativehelper.so 0x0
D/dalvikvm( 2082): Added shared lib libnativehelper.so 0x0
D/dalvikvm( 2082): No JNI_OnLoad found in libnativehelper.so 0x0, skipping init
D/dalvikvm( 2082): Note: class Landroid/app/ActivityManagerNative; has 179 unimplemented (abstract) methods
D/Tethering( 1570): MasterInitialState.processMessage what=3
D/CaptivePortalTracker( 1570): NoActiveNetworkState{ when=0 what=1 obj=NetworkInfo: type: mobile_hipri[LTE], state: CONNECTED/CONNECTED, reason: dataEnabled, extra: epc.tmobile.com, roaming: false, failover: false, isAvailable: true, isConnectedToProvisioningNetwork: false target=com.android.internal.util.StateMachine$SmHandler }
D/CaptivePortalTracker( 1570): NoActiveNetworkState not a wifi connectivity change, ignore
D/dalvikvm( 1781): DexOpt: --- BEGIN 'PrebuiltGmsCore.apk.classes4.zip' (bootstrap=0) ---
W/linker  ( 2091): libdvm.so has text relocations. This is wasting memory and is a security risk. Please fix.
E/memtrack( 2082): Couldn't load memtrack module (No such file or directory)
E/android.os.Debug( 2082): failed to load memtrack module: -2
D/AndroidRuntime( 2082): Calling main entry com.android.commands.pm.Pm
D/AndroidRuntime( 2082): Shutting down VM
D/jdwp    ( 2082): Got wake-up signal, bailing out of select
D/dalvikvm( 2082): Debugger has detached; object registry had 1 entries
I/AndroidRuntime( 2082): NOTE: attach of thread 'Binder_1' failed
E/cutils-trace( 2091): Error opening trace file: Permission denied (13)
D/dalvikvm( 2091): GC_FOR_ALLOC freed 953K, 47% free 1093K/2048K, paused 1ms, total 1ms
D/dalvikvm( 2091): DexOpt: load 52ms, verify+opt 73ms, 5853988 bytes
D/dalvikvm( 1781): DexOpt: --- END 'PrebuiltGmsCore.apk.classes4.zip' (success) ---
D/dalvikvm( 1781): DEX prep '/data/data/com.google.android.gms/code_cache/secondary-dexes/PrebuiltGmsCore.apk.classes4.zip': unzip in 172ms, rewrite 231ms
D/dalvikvm( 1781): DexOpt: --- BEGIN 'PrebuiltGmsCore.apk.classes5.zip' (bootstrap=0) ---
W/linker  ( 2095): libdvm.so has text relocations. This is wasting memory and is a security risk. Please fix.
D/AndroidRuntime( 2093): 
D/AndroidRuntime( 2093): >>>>>> AndroidRuntime START com.android.internal.os.RuntimeInit <<<<<<
W/linker  ( 2093): libdvm.so has text relocations. This is wasting memory and is a security risk. Please fix.
D/AndroidRuntime( 2093): CheckJNI is ON
D/dalvikvm( 2093): Trying to load lib libjavacore.so 0x0
D/dalvikvm( 2093): Added shared lib libjavacore.so 0x0
D/dalvikvm( 2093): Trying to load lib libnativehelper.so 0x0
D/dalvikvm( 2093): Added shared lib libnativehelper.so 0x0
D/dalvikvm( 2093): No JNI_OnLoad found in libnativehelper.so 0x0, skipping init
D/dalvikvm( 2093): Note: class Landroid/app/ActivityManagerNative; has 179 unimplemented (abstract) methods
E/memtrack( 2093): Couldn't load memtrack module (No such file or directory)
E/android.os.Debug( 2093): failed to load memtrack module: -2
D/AndroidRuntime( 2093): Calling main entry com.android.commands.pm.Pm
D/AndroidRuntime( 2093): Shutting down VM
D/jdwp    ( 2093): Got wake-up signal, bailing out of select
D/dalvikvm( 2093): Debugger has detached; object registry had 1 entries
E/cutils-trace( 2095): Error opening trace file: Permission denied (13)
D/dalvikvm( 2095): GC_FOR_ALLOC freed 696K, 35% free 1350K/2048K, paused 1ms, total 1ms
D/dalvikvm( 2095): DexOpt: couldn't find static field Landroid/view/View;.TRANSLATION_Z
D/dalvikvm( 2095): DexOpt: load 63ms, verify+opt 123ms, 6002044 bytes
D/dalvikvm( 1781): DexOpt: --- END 'PrebuiltGmsCore.apk.classes5.zip' (success) ---
D/dalvikvm( 1781): DEX prep '/data/data/com.google.android.gms/code_cache/secondary-dexes/PrebuiltGmsCore.apk.classes5.zip': unzip in 54ms, rewrite 269ms
D/AndroidRuntime( 2105): 
D/AndroidRuntime( 2105): >>>>>> AndroidRuntime START com.android.internal.os.RuntimeInit <<<<<<
W/linker  ( 2105): libdvm.so has text relocations. This is wasting memory and is a security risk. Please fix.
D/AndroidRuntime( 2105): CheckJNI is ON
D/dalvikvm( 2105): Trying to load lib libjavacore.so 0x0
D/dalvikvm( 2105): Added shared lib libjavacore.so 0x0
D/dalvikvm( 2105): Trying to load lib libnativehelper.so 0x0
D/dalvikvm( 2105): Added shared lib libnativehelper.so 0x0
D/dalvikvm( 2105): No JNI_OnLoad found in libnativehelper.so 0x0, skipping init
D/dalvikvm( 1781): DexOpt: --- BEGIN 'PrebuiltGmsCore.apk.classes6.zip' (bootstrap=0) ---
D/dalvikvm( 2105): Note: class Landroid/app/ActivityManagerNative; has 179 unimplemented (abstract) methods
W/linker  ( 2114): libdvm.so has text relocations. This is wasting memory and is a security risk. Please fix.
E/memtrack( 2105): Couldn't load memtrack module (No such file or directory)
E/android.os.Debug( 2105): failed to load memtrack module: -2
D/AndroidRuntime( 2105): Calling main entry com.android.commands.pm.Pm
D/AndroidRuntime( 2105): Shutting down VM
D/jdwp    ( 2105): Got wake-up signal, bailing out of select
D/dalvikvm( 2105): Debugger has detached; object registry had 1 entries
E/cutils-trace( 2114): Error opening trace file: Permission denied (13)
D/dalvikvm( 2114): GC_FOR_ALLOC freed 1274K, 63% free 772K/2048K, paused 1ms, total 1ms
D/dalvikvm( 2114): DexOpt: load 37ms, verify+opt 63ms, 4410764 bytes
D/dalvikvm( 1781): DexOpt: --- END 'PrebuiltGmsCore.apk.classes6.zip' (success) ---
D/dalvikvm( 1781): DEX prep '/data/data/com.google.android.gms/code_cache/secondary-dexes/PrebuiltGmsCore.apk.classes6.zip': unzip in 35ms, rewrite 165ms
I/MultiDex( 1781): install done
I/dalvikvm( 1781): Could not find method android.content.ContentProvider.query, referenced from method brf.superQuery
W/dalvikvm( 1781): VFY: unable to resolve virtual method 2428: Landroid/content/ContentProvider;.query (Landroid/net/Uri;[Ljava/lang/String;Landroid/os/Bundle;Landroid/os/CancellationSignal;)Landroid/database/Cursor;
D/dalvikvm( 1781): VFY: replacing opcode 0x6f at 0x0000
D/ConnectivityService( 1570): [CheckMp] isMobileOk: newUrl=https://172.217.13.110/generate_204
W/ActivityThread( 1570): ClassLoader.loadClass: The class loader returned by Thread.getContextClassLoader() may fail for processes that host multiple applications. You should explicitly specify a context class loader. For example: Thread.setContextClassLoader(getClass().getClassLoader());
D/dalvikvm( 1781): GC_FOR_ALLOC freed 371K, 13% free 4681K/5344K, paused 3ms, total 3ms
I/dalvikvm( 1781): Could not find method android.os.UserHandle.isOwner, referenced from method nmy.f
W/dalvikvm( 1781): VFY: unable to resolve virtual method 3081: Landroid/os/UserHandle;.isOwner ()Z
D/dalvikvm( 1781): VFY: replacing opcode 0x6e at 0x000a
D/dalvikvm( 1781): DexOpt: couldn't find field Landroid/content/pm/ApplicationInfo;.splitSourceDirs
W/dalvikvm( 1781): VFY: unable to resolve instance field 1475
D/dalvikvm( 1781): VFY: replacing opcode 0x54 at 0x0055
D/dalvikvm( 1781): DexOpt: couldn't find static field Landroid/os/Build;.SUPPORTED_ABIS
W/dalvikvm( 1781): VFY: unable to resolve static field 1540 (SUPPORTED_ABIS) in Landroid/os/Build;
D/dalvikvm( 1781): VFY: replacing opcode 0x62 at 0x00d1
I/dalvikvm( 1781): Could not find method android.system.Os.stat, referenced from method nop.a
W/dalvikvm( 1781): VFY: unable to resolve static method 3146: Landroid/system/Os;.stat (Ljava/lang/String;)Landroid/system/StructStat;
D/dalvikvm( 1781): VFY: replacing opcode 0x71 at 0x0182
I/dalvikvm( 1781): Could not find method android.content.pm.PackageManager.getPackageInstaller, referenced from method men.a
W/dalvikvm( 1781): VFY: unable to resolve virtual method 2608: Landroid/content/pm/PackageManager;.getPackageInstaller ()Landroid/content/pm/PackageInstaller;
D/dalvikvm( 1781): VFY: replacing opcode 0x6e at 0x001c
W/DynamiteModule( 1781): Local module descriptor class for providerinstaller not found.
E/ChimeraCfgMgr( 1781): Failed to read module config: java.io.FileNotFoundException: /data/data/com.google.android.gms/app_chimera/current_config.fb: open failed: ENOENT (No such file or directory)
I/dalvikvm( 1781): Could not find method android.system.Os.readlink, referenced from method bse.a
W/dalvikvm( 1781): VFY: unable to resolve static method 3145: Landroid/system/Os;.readlink (Ljava/lang/String;)Ljava/lang/String;
D/dalvikvm( 1781): VFY: replacing opcode 0x71 at 0x0044
I/dalvikvm( 1781): Could not find method android.system.Os.symlink, referenced from method bse.a
W/dalvikvm( 1781): VFY: unable to resolve static method 3147: Landroid/system/Os;.symlink (Ljava/lang/String;Ljava/lang/String;)V
D/dalvikvm( 1781): VFY: replacing opcode 0x71 at 0x00b0
I/dalvikvm( 1781): Could not find method android.system.Os.stat, referenced from method bse.a
W/dalvikvm( 1781): VFY: unable to resolve static method 3146: Landroid/system/Os;.stat (Ljava/lang/String;)Landroid/system/StructStat;
D/dalvikvm( 1781): VFY: replacing opcode 0x71 at 0x0005
W/dalvikvm( 1781): VFY: unable to resolve static field 1615 (S_IXUSR) in Landroid/system/OsConstants;
D/dalvikvm( 1781): VFY: replacing opcode 0x60 at 0x0007
I/dalvikvm( 1781): Could not find method android.system.Os.stat, referenced from method bse.b
W/dalvikvm( 1781): VFY: unable to resolve static method 3146: Landroid/system/Os;.stat (Ljava/lang/String;)Landroid/system/StructStat;
D/dalvikvm( 1781): VFY: replacing opcode 0x71 at 0x0040
W/dalvikvm( 1781): VFY: unable to resolve static field 1612 (S_IRUSR) in Landroid/system/OsConstants;
D/dalvikvm( 1781): VFY: replacing opcode 0x60 at 0x0007
W/FileUtils( 1781): Failed to set world readable: /data/data/com.google.android.gms/app_chimera/current_config.fb
E/ChimeraCfgMgr( 1781): Failed to read module config: java.io.FileNotFoundException: /data/data/com.google.android.gms/app_chimera/current_config.fb: open failed: ENOENT (No such file or directory)
D/dalvikvm( 1781): DexOpt: couldn't find static field Landroid/os/Build;.SUPPORTED_ABIS
W/dalvikvm( 1781): VFY: unable to resolve static field 1540 (SUPPORTED_ABIS) in Landroid/os/Build;
D/dalvikvm( 1781): VFY: replacing opcode 0x62 at 0x0307
D/dalvikvm( 1781): DexOpt: couldn't find static field Landroid/os/Build;.SUPPORTED_ABIS
W/dalvikvm( 1781): VFY: unable to resolve static field 1540 (SUPPORTED_ABIS) in Landroid/os/Build;
D/dalvikvm( 1781): VFY: replacing opcode 0x62 at 0x06eb
I/dalvikvm( 1781): Could not find method android.content.Context.isCredentialProtectedStorage, referenced from method bry.j
W/dalvikvm( 1781): VFY: unable to resolve virtual method 2490: Landroid/content/Context;.isCredentialProtectedStorage ()Z
D/dalvikvm( 1781): VFY: replacing opcode 0x6e at 0x0087
E/ConfigFileUtils( 1781): Failed to read config file: /data/data/com.google.android.gms/app_chimera/current_fileapks.pb: open failed: ENOENT (No such file or directory)
D/dalvikvm( 1781): GC_FOR_ALLOC freed 1928K, 41% free 3220K/5440K, paused 2ms, total 2ms
I/GmsModuleFndr( 1781): Beginning GMS chimera module scan
E/ChimeraCfgMgr( 1781): Failed to read module config: java.io.FileNotFoundException: /data/data/com.google.android.gms/app_chimera/current_config.fb: open failed: ENOENT (No such file or directory)
I/ActivityManager( 1570): Start proc com.google.android.gms for service com.google.android.gms/.chimera.GmsIntentOperationService: pid=2119 uid=10007 gids={50007, 3003, 1007, 1028, 1015, 3002, 3001, 3007, 2001, 3006}
I/DynamiteModule( 1781): Considering local module com.google.android.gms.googlecertificates:4 and remote module com.google.android.gms.googlecertificates:0
I/DynamiteModule( 1781): Selected local version of com.google.android.gms.googlecertificates
I/dalvikvm( 1781): Could not find method android.app.Notification$Builder.setLocalOnly, referenced from method com.google.android.gms.common.GoogleCertificatesImpl.isGoogleOrPlatformSigned
W/dalvikvm( 1781): VFY: unable to resolve virtual method 2308: Landroid/app/Notification$Builder;.setLocalOnly (Z)Landroid/app/Notification$Builder;
D/dalvikvm( 1781): VFY: replacing opcode 0x6e at 0x00b1
W/dalvikvm( 2119): VFY: unable to resolve static field 1608 (PR_SET_DUMPABLE) in Landroid/system/OsConstants;
D/dalvikvm( 2119): VFY: replacing opcode 0x60 at 0x0017
W/dalvikvm( 2119): VFY: unable to find class referenced in signature (Lyqx;)
E/ChimeraCfgMgr( 1781): Failed to read module config: java.io.FileNotFoundException: /data/data/com.google.android.gms/app_chimera/current_config.fb: open failed: ENOENT (No such file or directory)
W/dalvikvm( 2119): VFY: unable to find class referenced in signature (Lyro;)
I/ModuleSetMgr( 1781): Config file doesn't exist, writing blank config.
I/dalvikvm( 1781): Could not find method com.google.android.chimera.ContextThemeWrapper.createAttributionContext, referenced from method mnu.createAttributionContext
W/dalvikvm( 1781): VFY: unable to resolve virtual method 13785: Lcom/google/android/chimera/ContextThemeWrapper;.createAttributionContext (Ljava/lang/String;)Landroid/content/Context;
D/dalvikvm( 1781): VFY: replacing opcode 0x6f at 0x0002
I/dalvikvm( 1781): Could not find method android.content.ContextWrapper.createCredentialProtectedStorageContext, referenced from method mnu.createCredentialProtectedStorageContext
W/dalvikvm( 1781): VFY: unable to resolve virtual method 2508: Landroid/content/ContextWrapper;.createCredentialProtectedStorageContext ()Landroid/content/Context;
D/dalvikvm( 1781): VFY: replacing opcode 0x6f at 0x0002
I/dalvikvm( 1781): Could not find method android.content.ContextWrapper.createDeviceProtectedStorageContext, referenced from method mnu.createDeviceProtectedStorageContext
W/dalvikvm( 1781): VFY: unable to resolve virtual method 2509: Landroid/content/ContextWrapper;.createDeviceProtectedStorageContext ()Landroid/content/Context;
D/dalvikvm( 1781): VFY: replacing opcode 0x6f at 0x0002
E/ConfigFileUtils( 1781): Failed to read config file: /data/data/com.google.android.gms/app_chimera/current_fileapks.pb: open failed: ENOENT (No such file or directory)
I/ModuleSetMgr( 1781): Computing pending module set with APKs: []
I/dalvikvm( 2119): Could not find method android.system.Os.readlink, referenced from method msk.a
W/dalvikvm( 2119): VFY: unable to resolve static method 3145: Landroid/system/Os;.readlink (Ljava/lang/String;)Ljava/lang/String;
D/dalvikvm( 2119): VFY: replacing opcode 0x71 at 0x00b0
I/ModuleSetMgr( 1781): Pending container module APKs: []
I/ModuleSetMgr( 1781): Pending non-container module APKs: []
I/dalvikvm( 2119): Could not find method android.os.PowerManager.isInteractive, referenced from method ndc.a
W/dalvikvm( 2119): VFY: unable to resolve virtual method 3046: Landroid/os/PowerManager;.isInteractive ()Z
D/dalvikvm( 2119): VFY: replacing opcode 0x6e at 0x0013
E/ConfigFileUtils( 1781): Failed to read config file: /data/data/com.google.android.gms/app_chimera/current_fileapks.pb: open failed: ENOENT (No such file or directory)
I/dalvikvm( 2119): Could not find method com.google.android.chimera.ModuleContext.getAttributionTag, referenced from method com.google.android.chimera.ModuleContext.createAttributionContext
W/dalvikvm( 2119): VFY: unable to resolve virtual method 14170: Lcom/google/android/chimera/ModuleContext;.getAttributionTag ()Ljava/lang/String;
D/dalvikvm( 2119): VFY: replacing opcode 0x6e at 0x0004
I/dalvikvm( 2119): Could not find method com.google.android.chimera.ContextThemeWrapper.createAttributionContext, referenced from method com.google.android.chimera.ModuleContext.createAttributionContext
W/dalvikvm( 2119): VFY: unable to resolve virtual method 13785: Lcom/google/android/chimera/ContextThemeWrapper;.createAttributionContext (Ljava/lang/String;)Landroid/content/Context;
D/dalvikvm( 2119): VFY: replacing opcode 0x6f at 0x0035
I/dalvikvm( 2119): Could not find method android.content.ContextWrapper.createCredentialProtectedStorageContext, referenced from method com.google.android.chimera.ModuleContext.createCredentialProtectedStorageContext
W/dalvikvm( 2119): VFY: unable to resolve virtual method 2508: Landroid/content/ContextWrapper;.createCredentialProtectedStorageContext ()Landroid/content/Context;
D/dalvikvm( 2119): VFY: replacing opcode 0x6f at 0x0002
I/dalvikvm( 2119): Could not find method android.content.ContextWrapper.createDeviceProtectedStorageContext, referenced from method com.google.android.chimera.ModuleContext.createDeviceProtectedStorageContext
W/dalvikvm( 2119): VFY: unable to resolve virtual method 2509: Landroid/content/ContextWrapper;.createDeviceProtectedStorageContext ()Landroid/content/Context;
D/dalvikvm( 2119): VFY: replacing opcode 0x6f at 0x0002
I/dalvikvm( 2119): Could not find method com.google.android.chimera.ContextThemeWrapper.sendBroadcastWithMultiplePermissions, referenced from method com.google.android.chimera.ModuleContext.sendBroadcastWithMultiplePermissions
W/dalvikvm( 2119): VFY: unable to resolve virtual method 13795: Lcom/google/android/chimera/ContextThemeWrapper;.sendBroadcastWithMultiplePermissions (Landroid/content/Intent;[Ljava/lang/String;)V
D/dalvikvm( 2119): VFY: replacing opcode 0x6f at 0x0009
I/MultiDex( 2119): VM with version 1.6.0 does not have multidex support
I/MultiDex( 2119): Installing application
I/MultiDex( 2119): MultiDexExtractor(/system/priv-app/PrebuiltGmsCore.apk, /data/data/com.google.android.gms/code_cache/secondary-dexes)
E/ChimeraCfgMgr( 1781): Failed to read module config: java.io.FileNotFoundException: /data/data/com.google.android.gms/app_chimera/current_config.fb: open failed: ENOENT (No such file or directory)
W/IntentOperation( 1781): Failed to get Chimera config:com.google.android.chimera.config.InvalidConfigException: java.io.FileNotFoundException: /data/data/com.google.android.gms/app_chimera/current_config.fb: open failed: ENOENT (No such file or directory)
I/MultiDex( 2119): Blocking on lock /data/data/com.google.android.gms/code_cache/secondary-dexes/MultiDex.lock
I/MultiDex( 2119): /data/data/com.google.android.gms/code_cache/secondary-dexes/MultiDex.lock locked
I/MultiDex( 2119): MultiDexExtractor.load(/system/priv-app/PrebuiltGmsCore.apk, false, )
I/MultiDex( 2119): loading existing secondary dex files
I/MultiDex( 2119): load found 5 secondary dex files
D/dalvikvm( 1781): GC_FOR_ALLOC freed 318K, 38% free 3375K/5440K, paused 4ms, total 4ms
I/dalvikvm-heap( 1781): Grow heap (frag case) to 3.702MB for 228601-byte allocation
D/dalvikvm( 2119): GC_FOR_ALLOC freed 361K, 16% free 3145K/3704K, paused 1ms, total 1ms
D/dalvikvm( 1781): GC_FOR_ALLOC freed 6K, 37% free 3592K/5664K, paused 2ms, total 2ms
I/MultiDex( 2119): install done
I/dalvikvm( 2119): Could not find method android.content.ContentProvider.query, referenced from method brf.superQuery
W/dalvikvm( 2119): VFY: unable to resolve virtual method 2428: Landroid/content/ContentProvider;.query (Landroid/net/Uri;[Ljava/lang/String;Landroid/os/Bundle;Landroid/os/CancellationSignal;)Landroid/database/Cursor;
D/dalvikvm( 2119): VFY: replacing opcode 0x6f at 0x0000
I/dalvikvm( 2119): Could not find method android.app.Activity.registerActivityLifecycleCallbacks, referenced from method amh.onActivityPreCreated
W/dalvikvm( 2119): VFY: unable to resolve virtual method 2308: Landroid/app/Activity;.registerActivityLifecycleCallbacks (Landroid/app/Application$ActivityLifecycleCallbacks;)V
D/dalvikvm( 2119): VFY: replacing opcode 0x6e at 0x0005
I/dalvikvm( 2119): Could not find method android.content.Context.getExternalMediaDirs, referenced from method jm.a
W/dalvikvm( 2119): VFY: unable to resolve virtual method 2477: Landroid/content/Context;.getExternalMediaDirs ()[Ljava/io/File;
D/dalvikvm( 2119): VFY: replacing opcode 0x6e at 0x00a8
D/ConnectivityService( 1570): [CheckMp] isMobileOk: hostnameVerify retVal=true hostname=172.217.13.110 orgUriHost=clients3.google.com
I/dalvikvm( 2119): Could not find method android.content.Context.getDrawable, referenced from method jk.a
W/dalvikvm( 2119): VFY: unable to resolve virtual method 2472: Landroid/content/Context;.getDrawable (I)Landroid/graphics/drawable/Drawable;
D/dalvikvm( 2119): VFY: replacing opcode 0x6e at 0x0006
I/dalvikvm( 2119): Could not find method android.content.Context.getNoBackupFilesDir, referenced from method jk.b
W/dalvikvm( 2119): VFY: unable to resolve virtual method 2480: Landroid/content/Context;.getNoBackupFilesDir ()Ljava/io/File;
D/dalvikvm( 2119): VFY: replacing opcode 0x6e at 0x0006
I/dalvikvm( 2119): Could not find method android.os.UserHandle.isOwner, referenced from method nmy.f
W/dalvikvm( 2119): VFY: unable to resolve virtual method 3081: Landroid/os/UserHandle;.isOwner ()Z
D/dalvikvm( 2119): VFY: replacing opcode 0x6e at 0x000a
D/dalvikvm( 2119): DexOpt: couldn't find field Landroid/content/pm/ApplicationInfo;.splitSourceDirs
W/dalvikvm( 2119): VFY: unable to resolve instance field 1475
D/dalvikvm( 2119): VFY: replacing opcode 0x54 at 0x0055
D/dalvikvm( 2119): DexOpt: couldn't find static field Landroid/os/Build;.SUPPORTED_ABIS
W/dalvikvm( 2119): VFY: unable to resolve static field 1540 (SUPPORTED_ABIS) in Landroid/os/Build;
D/dalvikvm( 2119): VFY: replacing opcode 0x62 at 0x00d1
I/dalvikvm( 2119): Could not find method android.system.Os.stat, referenced from method nop.a
W/dalvikvm( 2119): VFY: unable to resolve static method 3146: Landroid/system/Os;.stat (Ljava/lang/String;)Landroid/system/StructStat;
D/dalvikvm( 2119): VFY: replacing opcode 0x71 at 0x0182
I/dalvikvm( 2119): Could not find method android.content.pm.PackageManager.getPackageInstaller, referenced from method men.a
W/dalvikvm( 2119): VFY: unable to resolve virtual method 2608: Landroid/content/pm/PackageManager;.getPackageInstaller ()Landroid/content/pm/PackageInstaller;
D/dalvikvm( 2119): VFY: replacing opcode 0x6e at 0x001c
W/DynamiteModule( 2119): Local module descriptor class for providerinstaller not found.
E/ChimeraCfgMgr( 2119): Failed to read module config: java.io.FileNotFoundException: /data/data/com.google.android.gms/app_chimera/current_config.fb: open failed: ENOENT (No such file or directory)
I/dalvikvm( 2119): Could not find method android.system.Os.readlink, referenced from method bse.a
W/dalvikvm( 2119): VFY: unable to resolve static method 3145: Landroid/system/Os;.readlink (Ljava/lang/String;)Ljava/lang/String;
D/dalvikvm( 2119): VFY: replacing opcode 0x71 at 0x0044
I/dalvikvm( 2119): Could not find method android.system.Os.symlink, referenced from method bse.a
W/dalvikvm( 2119): VFY: unable to resolve static method 3147: Landroid/system/Os;.symlink (Ljava/lang/String;Ljava/lang/String;)V
D/dalvikvm( 2119): VFY: replacing opcode 0x71 at 0x00b0
I/dalvikvm( 2119): Could not find method android.system.Os.stat, referenced from method bse.a
W/dalvikvm( 2119): VFY: unable to resolve static method 3146: Landroid/system/Os;.stat (Ljava/lang/String;)Landroid/system/StructStat;
D/dalvikvm( 2119): VFY: replacing opcode 0x71 at 0x0005
W/dalvikvm( 2119): VFY: unable to resolve static field 1615 (S_IXUSR) in Landroid/system/OsConstants;
D/dalvikvm( 2119): VFY: replacing opcode 0x60 at 0x0007
I/dalvikvm( 2119): Could not find method android.system.Os.stat, referenced from method bse.b
W/dalvikvm( 2119): VFY: unable to resolve static method 3146: Landroid/system/Os;.stat (Ljava/lang/String;)Landroid/system/StructStat;
D/dalvikvm( 2119): VFY: replacing opcode 0x71 at 0x0040
D/ConnectivityService( 1570): [CheckMp] isMobileOk: headers={null=[HTTP/1.1 204 No Content], Alt-Svc=[h3=":443"; ma=2592000,h3-29=":443"; ma=2592000,h3-T051=":443"; ma=2592000,h3-Q050=":443"; ma=2592000,h3-Q046=":443"; ma=2592000,h3-Q043=":443"; ma=2592000,quic=":443"; ma=2592000; v="46,43"], Connection=[close], Content-Length=[0], Date=[Sun, 15 Aug 2021 14:42:41 GMT], X-Android-Received-Millis=[1629038560036], X-Android-Response-Source=[NETWORK 204], X-Android-Selected-Transport=[http/1.1], X-Android-Sent-Millis=[1629038560004]}
D/ConnectivityService( 1570): [CheckMp] isMobileOk: X got expected responseCode=204 result=1
D/ConnectivityService( 1570): [CheckMp] isMobileOk: F stop hipri
W/dalvikvm( 2119): VFY: unable to resolve static field 1612 (S_IRUSR) in Landroid/system/OsConstants;
D/dalvikvm( 2119): VFY: replacing opcode 0x60 at 0x0007
W/FileUtils( 2119): Failed to set world readable: /data/data/com.google.android.gms/app_chimera/current_config.fb
E/ChimeraCfgMgr( 2119): Failed to read module config: java.io.FileNotFoundException: /data/data/com.google.android.gms/app_chimera/current_config.fb: open failed: ENOENT (No such file or directory)
D/dalvikvm( 2119): DexOpt: couldn't find static field Landroid/os/Build;.SUPPORTED_ABIS
W/dalvikvm( 2119): VFY: unable to resolve static field 1540 (SUPPORTED_ABIS) in Landroid/os/Build;
D/dalvikvm( 2119): VFY: replacing opcode 0x62 at 0x0307
D/dalvikvm( 2119): DexOpt: couldn't find static field Landroid/os/Build;.SUPPORTED_ABIS
W/dalvikvm( 2119): VFY: unable to resolve static field 1540 (SUPPORTED_ABIS) in Landroid/os/Build;
D/dalvikvm( 2119): VFY: replacing opcode 0x62 at 0x06eb
I/dalvikvm( 2119): Could not find method android.content.Context.isCredentialProtectedStorage, referenced from method bry.j
W/dalvikvm( 2119): VFY: unable to resolve virtual method 2490: Landroid/content/Context;.isCredentialProtectedStorage ()Z
D/dalvikvm( 2119): VFY: replacing opcode 0x6e at 0x0087
E/ConfigFileUtils( 2119): Failed to read config file: /data/data/com.google.android.gms/app_chimera/current_fileapks.pb: open failed: ENOENT (No such file or directory)
D/dalvikvm( 2119): GC_FOR_ALLOC freed 411K, 16% free 3246K/3856K, paused 2ms, total 2ms
D/AndroidRuntime( 2140): 
D/AndroidRuntime( 2140): >>>>>> AndroidRuntime START com.android.internal.os.RuntimeInit <<<<<<
W/linker  ( 2140): libdvm.so has text relocations. This is wasting memory and is a security risk. Please fix.
I/GmsModuleFndr( 2119): Beginning GMS chimera module scan
E/ChimeraCfgMgr( 2119): Failed to read module config: java.io.FileNotFoundException: /data/data/com.google.android.gms/app_chimera/current_config.fb: open failed: ENOENT (No such file or directory)
I/DynamiteModule( 2119): Considering local module com.google.android.gms.googlecertificates:4 and remote module com.google.android.gms.googlecertificates:0
I/DynamiteModule( 2119): Selected local version of com.google.android.gms.googlecertificates
I/dalvikvm( 2119): Could not find method android.app.Notification$Builder.setLocalOnly, referenced from method com.google.android.gms.common.GoogleCertificatesImpl.isGoogleOrPlatformSigned
W/dalvikvm( 2119): VFY: unable to resolve virtual method 2308: Landroid/app/Notification$Builder;.setLocalOnly (Z)Landroid/app/Notification$Builder;
D/dalvikvm( 2119): VFY: replacing opcode 0x6e at 0x00b1
