I/dalvikvm( 1800): Could not find method android.content.ContextWrapper.createCredentialProtectedStorageContext, referenced from method com.google.android.chimera.ModuleContext.createCredentialProtectedStorageContext
W/dalvikvm( 1800): VFY: unable to resolve virtual method 2508: Landroid/content/ContextWrapper;.createCredentialProtectedStorageContext ()Landroid/content/Context;
D/dalvikvm( 1800): VFY: replacing opcode 0x6f at 0x0002
I/dalvikvm( 1800): Could not find method android.content.ContextWrapper.createDeviceProtectedStorageContext, referenced from method com.google.android.chimera.ModuleContext.createDeviceProtectedStorageContext
W/dalvikvm( 1800): VFY: unable to resolve virtual method 2509: Landroid/content/ContextWrapper;.createDeviceProtectedStorageContext ()Landroid/content/Context;
D/dalvikvm( 1800): VFY: replacing opcode 0x6f at 0x0002
I/dalvikvm( 1800): Could not find method com.google.android.chimera.ContextThemeWrapper.sendBroadcastWithMultiplePermissions, referenced from method com.google.android.chimera.ModuleContext.sendBroadcastWithMultiplePermissions
W/dalvikvm( 1800): VFY: unable to resolve virtual method 13795: Lcom/google/android/chimera/ContextThemeWrapper;.sendBroadcastWithMultiplePermissions (Landroid/content/Intent;[Ljava/lang/String;)V
D/dalvikvm( 1800): VFY: replacing opcode 0x6f at 0x0009
I/MultiDex( 1800): VM with version 1.6.0 does not have multidex support
I/MultiDex( 1800): Installing application
I/MultiDex( 1800): MultiDexExtractor(/system/priv-app/PrebuiltGmsCore.apk, /data/data/com.google.android.gms/code_cache/secondary-dexes)
I/MultiDex( 1800): Blocking on lock /data/data/com.google.android.gms/code_cache/secondary-dexes/MultiDex.lock
I/MultiDex( 1800): /data/data/com.google.android.gms/code_cache/secondary-dexes/MultiDex.lock locked
I/MultiDex( 1800): MultiDexExtractor.load(/system/priv-app/PrebuiltGmsCore.apk, false, )
D/dalvikvm( 1800): GC_FOR_ALLOC freed 420K, 18% free 3284K/3984K, paused 2ms, total 2ms
I/MultiDex( 1800): loading existing secondary dex files
D/dalvikvm( 1800): GC_FOR_ALLOC freed 111K, 20% free 3268K/4044K, paused 2ms, total 2ms
I/MultiDex( 1800): load found 5 secondary dex files
I/MultiDex( 1800): install done
I/dalvikvm( 1800): Could not find method android.os.UserHandle.isOwner, referenced from method nmy.f
W/dalvikvm( 1800): VFY: unable to resolve virtual method 3081: Landroid/os/UserHandle;.isOwner ()Z
D/dalvikvm( 1800): VFY: replacing opcode 0x6e at 0x000a
D/dalvikvm( 1800): DexOpt: couldn't find field Landroid/content/pm/ApplicationInfo;.splitSourceDirs
W/dalvikvm( 1800): VFY: unable to resolve instance field 1475
D/dalvikvm( 1800): VFY: replacing opcode 0x54 at 0x0055
D/dalvikvm( 1800): DexOpt: couldn't find static field Landroid/os/Build;.SUPPORTED_ABIS
W/dalvikvm( 1800): VFY: unable to resolve static field 1540 (SUPPORTED_ABIS) in Landroid/os/Build;
D/dalvikvm( 1800): VFY: replacing opcode 0x62 at 0x00d1
I/dalvikvm( 1800): Could not find method android.system.Os.stat, referenced from method nop.a
W/dalvikvm( 1800): VFY: unable to resolve static method 3146: Landroid/system/Os;.stat (Ljava/lang/String;)Landroid/system/StructStat;
D/dalvikvm( 1800): VFY: replacing opcode 0x71 at 0x0182
I/dalvikvm( 1800): Could not find method android.content.pm.PackageManager.getPackageInstaller, referenced from method men.a
W/dalvikvm( 1800): VFY: unable to resolve virtual method 2608: Landroid/content/pm/PackageManager;.getPackageInstaller ()Landroid/content/pm/PackageInstaller;
D/dalvikvm( 1800): VFY: replacing opcode 0x6e at 0x001c
I/NativeLibraryUtils( 2119): Extraction to /data/data/com.google.android.gms/app_extracted_libs/x86/libjingle_peerconnection_so.so false
W/DynamiteModule( 1800): Local module descriptor class for providerinstaller not found.
I/dalvikvm( 1800): Could not find method android.system.Os.readlink, referenced from method bse.a
W/dalvikvm( 1800): VFY: unable to resolve static method 3145: Landroid/system/Os;.readlink (Ljava/lang/String;)Ljava/lang/String;
D/dalvikvm( 1800): VFY: replacing opcode 0x71 at 0x0044
I/dalvikvm( 1800): Could not find method android.system.Os.symlink, referenced from method bse.a
W/dalvikvm( 1800): VFY: unable to resolve static method 3147: Landroid/system/Os;.symlink (Ljava/lang/String;Ljava/lang/String;)V
D/dalvikvm( 1800): VFY: replacing opcode 0x71 at 0x00b0
I/dalvikvm( 1800): Could not find method android.system.Os.stat, referenced from method bse.a
W/dalvikvm( 1800): VFY: unable to resolve static method 3146: Landroid/system/Os;.stat (Ljava/lang/String;)Landroid/system/StructStat;
D/dalvikvm( 1800): VFY: replacing opcode 0x71 at 0x0005
W/dalvikvm( 1800): VFY: unable to resolve static field 1615 (S_IXUSR) in Landroid/system/OsConstants;
D/dalvikvm( 1800): VFY: replacing opcode 0x60 at 0x0007
I/dalvikvm( 1800): Could not find method android.system.Os.stat, referenced from method bse.b
W/dalvikvm( 1800): VFY: unable to resolve static method 3146: Landroid/system/Os;.stat (Ljava/lang/String;)Landroid/system/StructStat;
D/dalvikvm( 1800): VFY: replacing opcode 0x71 at 0x0040
W/dalvikvm( 1800): VFY: unable to resolve static field 1612 (S_IRUSR) in Landroid/system/OsConstants;
D/dalvikvm( 1800): VFY: replacing opcode 0x60 at 0x0007
I/NativeLibraryUtils( 2119): Extraction to /data/data/com.google.android.gms/app_extracted_libs/x86/libleveldbjni.so true
D/dalvikvm( 2258): DexOpt: load 11ms, verify+opt 18ms, 753588 bytes
I/NativeLibraryUtils( 2119): Extraction to /data/data/com.google.android.gms/app_extracted_libs/x86/libmatching.so true
D/dalvikvm( 1570): GC_FOR_ALLOC freed 1039K, 50% free 7438K/14828K, paused 31ms, total 31ms
I/NativeLibraryUtils( 2119): Extraction to /data/data/com.google.android.gms/app_extracted_libs/x86/libvcdiffjni.so true
I/dalvikvm( 1781): Could not find method android.app.NotificationManager.getCurrentInterruptionFilter, referenced from method nea.b
W/dalvikvm( 1781): VFY: unable to resolve virtual method 2504: Landroid/app/NotificationManager;.getCurrentInterruptionFilter ()I
D/dalvikvm( 1781): VFY: replacing opcode 0x6e at 0x0002
I/dalvikvm( 1781): Could not find method android.os.PowerManager.isInteractive, referenced from method acej.a
W/dalvikvm( 1781): VFY: unable to resolve virtual method 29693: Landroid/os/PowerManager;.isInteractive ()Z
D/dalvikvm( 1781): VFY: replacing opcode 0x6e at 0x0103
I/MediaFocusControl( 1570):   Remote Control   registerMediaButtonIntent() for PendingIntent{9d8b8490: PendingIntentRecord{9d8bc738 com.android.music broadcastIntent}}
I/NativeLibraryUtils( 2119): Extraction to /data/data/com.google.android.gms/app_extracted_libs/x86/libwearable-selector.so true
D/dalvikvm( 1800): DexOpt: couldn't find static field Landroid/os/Build;.SUPPORTED_64_BIT_ABIS
W/dalvikvm( 1800): VFY: unable to resolve static field 1539 (SUPPORTED_64_BIT_ABIS) in Landroid/os/Build;
D/dalvikvm( 1800): VFY: replacing opcode 0x62 at 0x0214
W/ProviderHelper( 1800): Unknown dynamite feature providerinstaller
I/DynamiteModule( 1800): Considering local module providerinstaller:0 and remote module providerinstaller:0
W/ProviderInstaller( 1800): Failed to load providerinstaller module: No acceptable module found. Local version is 0 and remote version is 0.
I/dalvikvm( 1800): Could not find method android.content.ContextWrapper.createCredentialProtectedStorageContext, referenced from method nfr.createCredentialProtectedStorageContext
W/dalvikvm( 1800): VFY: unable to resolve virtual method 2508: Landroid/content/ContextWrapper;.createCredentialProtectedStorageContext ()Landroid/content/Context;
D/dalvikvm( 1800): VFY: replacing opcode 0x6f at 0x0002
I/dalvikvm( 1800): Could not find method android.content.ContextWrapper.createDeviceProtectedStorageContext, referenced from method nfr.createDeviceProtectedStorageContext
W/dalvikvm( 1800): VFY: unable to resolve virtual method 2509: Landroid/content/ContextWrapper;.createDeviceProtectedStorageContext ()Landroid/content/Context;
D/dalvikvm( 1800): VFY: replacing opcode 0x6f at 0x0002
D/dalvikvm( 1781): GC_FOR_ALLOC freed 542K, 13% free 5840K/6652K, paused 9ms, total 9ms
D/dalvikvm( 1800): DexOpt: couldn't find static field Landroid/os/Build;.SUPPORTED_64_BIT_ABIS
W/dalvikvm( 1800): VFY: unable to resolve static field 1539 (SUPPORTED_64_BIT_ABIS) in Landroid/os/Build;
D/dalvikvm( 1800): VFY: replacing opcode 0x62 at 0x0080
D/dalvikvm( 1800): DexOpt: couldn't find static field Landroid/os/Build;.SUPPORTED_ABIS
W/dalvikvm( 1800): VFY: unable to resolve static field 1540 (SUPPORTED_ABIS) in Landroid/os/Build;
D/dalvikvm( 1800): VFY: replacing opcode 0x62 at 0x00d3
V/NativeCrypto( 1800): Registering com/google/android/gms/org/conscrypt/NativeCrypto's 286 native methods...
W/dalvikvm( 1800): Unable to resolve superclass of Lcom/google/android/gms/org/conscrypt/TrustManagerImpl; (5184)
W/dalvikvm( 1800): Link of class 'Lcom/google/android/gms/org/conscrypt/TrustManagerImpl;' failed
I/dalvikvm( 1800): Could not find method com.google.android.gms.org.conscrypt.TrustManagerImpl.getDefaultHostnameVerifier, referenced from method com.google.android.gms.org.conscrypt.Conscrypt.getDefaultHostnameVerifier
W/dalvikvm( 1800): VFY: unable to resolve static method 17870: Lcom/google/android/gms/org/conscrypt/TrustManagerImpl;.getDefaultHostnameVerifier ()Lcom/google/android/gms/org/conscrypt/ConscryptHostnameVerifier;
D/dalvikvm( 1800): VFY: replacing opcode 0x71 at 0x0003
W/dalvikvm( 1800): Unable to resolve superclass of Lcom/google/android/gms/org/conscrypt/TrustManagerImpl; (5184)
W/dalvikvm( 1800): Link of class 'Lcom/google/android/gms/org/conscrypt/TrustManagerImpl;' failed
D/dalvikvm( 1800): GC_FOR_ALLOC freed 438K, 18% free 3341K/4044K, paused 2ms, total 2ms
W/dalvikvm( 1800): VFY: unable to find class referenced in signature (Lcom/google/android/gms/org/conscrypt/TrustManagerImpl;)
W/dalvikvm( 1800): Unable to resolve superclass of Lcom/google/android/gms/org/conscrypt/TrustManagerImpl; (5184)
W/dalvikvm( 1800): Link of class 'Lcom/google/android/gms/org/conscrypt/TrustManagerImpl;' failed
I/dalvikvm( 1800): Could not find method com.google.android.gms.org.conscrypt.TrustManagerImpl.getHostnameVerifier, referenced from method com.google.android.gms.org.conscrypt.Conscrypt.getHostnameVerifier
W/dalvikvm( 1800): VFY: unable to resolve virtual method 17872: Lcom/google/android/gms/org/conscrypt/TrustManagerImpl;.getHostnameVerifier ()Lcom/google/android/gms/org/conscrypt/ConscryptHostnameVerifier;
D/dalvikvm( 1800): VFY: replacing opcode 0x6e at 0x0004
W/dalvikvm( 1800): Unable to resolve superclass of Lcom/google/android/gms/org/conscrypt/TrustManagerImpl; (5184)
W/dalvikvm( 1800): Link of class 'Lcom/google/android/gms/org/conscrypt/TrustManagerImpl;' failed
E/dalvikvm( 1800): Could not find class 'com.google.android.gms.org.conscrypt.TrustManagerImpl', referenced from method com.google.android.gms.org.conscrypt.Conscrypt.isConscrypt
W/dalvikvm( 1800): VFY: unable to resolve instanceof 4452 (Lcom/google/android/gms/org/conscrypt/TrustManagerImpl;) in Lcom/google/android/gms/org/conscrypt/Conscrypt;
D/dalvikvm( 1800): VFY: replacing opcode 0x20 at 0x0000
W/dalvikvm( 1800): Unable to resolve superclass of Lcom/google/android/gms/org/conscrypt/TrustManagerImpl; (5184)
W/dalvikvm( 1800): Link of class 'Lcom/google/android/gms/org/conscrypt/TrustManagerImpl;' failed
I/dalvikvm( 1800): Could not find method com.google.android.gms.org.conscrypt.TrustManagerImpl.setDefaultHostnameVerifier, referenced from method com.google.android.gms.org.conscrypt.Conscrypt.setDefaultHostnameVerifier
W/dalvikvm( 1800): VFY: unable to resolve static method 17882: Lcom/google/android/gms/org/conscrypt/TrustManagerImpl;.setDefaultHostnameVerifier (Lcom/google/android/gms/org/conscrypt/ConscryptHostnameVerifier;)V
D/dalvikvm( 1800): VFY: replacing opcode 0x71 at 0x0003
W/dalvikvm( 1800): Unable to resolve superclass of Lcom/google/android/gms/org/conscrypt/TrustManagerImpl; (5184)
W/dalvikvm( 1800): Link of class 'Lcom/google/android/gms/org/conscrypt/TrustManagerImpl;' failed
W/dalvikvm( 1800): VFY: unable to find class referenced in signature (Lcom/google/android/gms/org/conscrypt/TrustManagerImpl;)
W/dalvikvm( 1800): Unable to resolve superclass of Lcom/google/android/gms/org/conscrypt/TrustManagerImpl; (5184)
W/dalvikvm( 1800): Link of class 'Lcom/google/android/gms/org/conscrypt/TrustManagerImpl;' failed
I/dalvikvm( 1800): Could not find method com.google.android.gms.org.conscrypt.TrustManagerImpl.setHostnameVerifier, referenced from method com.google.android.gms.org.conscrypt.Conscrypt.setHostnameVerifier
W/dalvikvm( 1800): VFY: unable to resolve virtual method 17883: Lcom/google/android/gms/org/conscrypt/TrustManagerImpl;.setHostnameVerifier (Lcom/google/android/gms/org/conscrypt/ConscryptHostnameVerifier;)V
D/dalvikvm( 1800): VFY: replacing opcode 0x6e at 0x0004
W/dalvikvm( 1800): Unable to resolve superclass of Lcom/google/android/gms/org/conscrypt/TrustManagerImpl; (5184)
W/dalvikvm( 1800): Link of class 'Lcom/google/android/gms/org/conscrypt/TrustManagerImpl;' failed
E/dalvikvm( 1800): Could not find class 'com.google.android.gms.org.conscrypt.TrustManagerImpl', referenced from method com.google.android.gms.org.conscrypt.Conscrypt.toConscrypt
W/dalvikvm( 1800): VFY: unable to resolve check-cast 4452 (Lcom/google/android/gms/org/conscrypt/TrustManagerImpl;) in Lcom/google/android/gms/org/conscrypt/Conscrypt;
D/dalvikvm( 1800): VFY: replacing opcode 0x1f at 0x002a
E/dalvikvm( 1781): Could not find class 'android.app.NotificationChannel', referenced from method aciq.a
W/dalvikvm( 1781): VFY: unable to resolve new-instance 7732 (Landroid/app/NotificationChannel;) in Laciq;
D/dalvikvm( 1781): VFY: replacing opcode 0x22 at 0x00a8
D/dalvikvm( 1781): DexOpt: unable to opt direct call 0x6f0e at 0xad in Laciq;.a
D/AndroidRuntime( 2268): 
D/AndroidRuntime( 2268): >>>>>> AndroidRuntime START com.android.internal.os.RuntimeInit <<<<<<
W/linker  ( 2268): libdvm.so has text relocations. This is wasting memory and is a security risk. Please fix.
E/BluetoothAdapter( 1781): Bluetooth binder is null
W/NearbyShared( 1781): BTConnStateMgr:BluetoothAdapter.getDefaultAdapter() return null!
D/AndroidRuntime( 2268): CheckJNI is ON
W/dalvikvm( 1781): VFY: unable to find class referenced in signature (Landroid/bluetooth/le/ScanCallback;)
I/dalvikvm( 1781): Could not find method android.content.Context.getSystemService, referenced from method aclw.a
W/dalvikvm( 1781): VFY: unable to resolve virtual method 28695: Landroid/content/Context;.getSystemService (Ljava/lang/Class;)Ljava/lang/Object;
D/dalvikvm( 1781): VFY: replacing opcode 0x6e at 0x0006
D/dalvikvm( 2268): Trying to load lib libjavacore.so 0x0
D/dalvikvm( 1800): GC_FOR_ALLOC freed 376K, 16% free 3479K/4116K, paused 2ms, total 2ms
D/dalvikvm( 2268): Added shared lib libjavacore.so 0x0
D/dalvikvm( 2268): Trying to load lib libnativehelper.so 0x0
D/dalvikvm( 2268): Added shared lib libnativehelper.so 0x0
D/dalvikvm( 2268): No JNI_OnLoad found in libnativehelper.so 0x0, skipping init
D/dalvikvm( 2119): GC_FOR_ALLOC freed 1286K, 18% free 7207K/8744K, paused 19ms, total 19ms
I/dalvikvm( 1781): Could not find method android.content.Context.getDrawable, referenced from method jk.a
W/dalvikvm( 1781): VFY: unable to resolve virtual method 2472: Landroid/content/Context;.getDrawable (I)Landroid/graphics/drawable/Drawable;
D/dalvikvm( 1781): VFY: replacing opcode 0x6e at 0x0006
I/dalvikvm( 1781): Could not find method android.content.Context.getNoBackupFilesDir, referenced from method jk.b
W/dalvikvm( 1781): VFY: unable to resolve virtual method 2480: Landroid/content/Context;.getNoBackupFilesDir ()Ljava/io/File;
D/dalvikvm( 1781): VFY: replacing opcode 0x6e at 0x0006
D/dalvikvm( 1781): Trying to load lib /data/data/com.google.android.gms/app_extracted_libs/x86/libleveldbjni.so 0x9d00b370
D/dalvikvm( 1800): GC_FOR_ALLOC freed 152K, 10% free 3828K/4252K, paused 2ms, total 2ms
W/ModuleManager( 2119): Unable to get current module's fulfilled APIs in ModuleManager created with non-module Context
D/dalvikvm( 1781): Added shared lib /data/data/com.google.android.gms/app_extracted_libs/x86/libleveldbjni.so 0x9d00b370
I/dalvikvm( 1781): Could not find method android.os.PowerManager.isPowerSaveMode, referenced from method ayei.a
W/dalvikvm( 1781): VFY: unable to resolve virtual method 1679: Landroid/os/PowerManager;.isPowerSaveMode ()Z
D/dalvikvm( 1781): VFY: replacing opcode 0x6e at 0x0154
D/dalvikvm( 2268): Note: class Landroid/app/ActivityManagerNative; has 179 unimplemented (abstract) methods
D/dalvikvm( 1800): GC_FOR_ALLOC freed 141K, 10% free 4168K/4604K, paused 6ms, total 6ms
D/dalvikvm( 1570): GC_FOR_ALLOC freed 1103K, 50% free 7451K/14828K, paused 7ms, total 7ms
I/ahju    ( 1781): Scheduling Phenotype for a PhenotypeSyncImmediately(6, com.google.android.gms.settings.platform) one off with window [1, 2] in seconds [CONTEXT service_id=51 ]
I/dalvikvm( 1781): Could not find method android.os.UserManager.isManagedProfile, referenced from method ffl.a
W/dalvikvm( 1781): VFY: unable to resolve virtual method 4277: Landroid/os/UserManager;.isManagedProfile ()Z
D/dalvikvm( 1781): VFY: replacing opcode 0x6e at 0x0024
E/memtrack( 2268): Couldn't load memtrack module (No such file or directory)
E/android.os.Debug( 2268): failed to load memtrack module: -2
D/AndroidRuntime( 2268): Calling main entry com.android.commands.am.Am
I/dalvikvm( 1781): Could not find method android.app.admin.DevicePolicyManager.isProfileOwnerApp, referenced from method hbs.c
W/dalvikvm( 1781): VFY: unable to resolve virtual method 2595: Landroid/app/admin/DevicePolicyManager;.isProfileOwnerApp (Ljava/lang/String;)Z
D/dalvikvm( 1781): VFY: replacing opcode 0x6e at 0x0011
I/dalvikvm( 1781): Could not find method android.app.admin.DevicePolicyManager.getProfileOwner, referenced from method hbs.a
W/dalvikvm( 1781): VFY: unable to resolve virtual method 2591: Landroid/app/admin/DevicePolicyManager;.getProfileOwner ()Landroid/content/ComponentName;
D/dalvikvm( 1781): VFY: replacing opcode 0x6e at 0x0012
E/BluetoothAdapter( 1781): Bluetooth binder is null
I/dalvikvm( 1781): Could not find method android.accounts.AccountManager.removeAccount, referenced from method ymq.c
W/dalvikvm( 1781): VFY: unable to resolve virtual method 4165: Landroid/accounts/AccountManager;.removeAccount (Landroid/accounts/Account;Landroid/app/Activity;Landroid/accounts/AccountManagerCallback;Landroid/os/Handler;)Landroid/accounts/AccountManagerFuture;
D/dalvikvm( 1781): VFY: replacing opcode 0x6e at 0x0009
I/dalvikvm( 1781): Could not find method android.accounts.AccountManager.removeAccountExplicitly, referenced from method ymq.d
W/dalvikvm( 1781): VFY: unable to resolve virtual method 4166: Landroid/accounts/AccountManager;.removeAccountExplicitly (Landroid/accounts/Account;)Z
D/dalvikvm( 1781): VFY: replacing opcode 0x6e at 0x0008
D/dalvikvm( 1800): GC_FOR_ALLOC freed 129K, 9% free 4502K/4944K, paused 2ms, total 2ms
I/NearbyDiscovery( 1781): Show notifications: 0 total, no changes since last shown, no-op. [CONTEXT service_id=49 ]
D/dalvikvm( 2119): GC_FOR_ALLOC freed 2694K, 34% free 5834K/8812K, paused 31ms, total 31ms
D/dalvikvm( 1570): GC_FOR_ALLOC freed 1124K, 50% free 7446K/14828K, paused 9ms, total 9ms
D/dalvikvm( 1800): GC_FOR_ALLOC freed 141K, 10% free 4815K/5292K, paused 3ms, total 3ms
E/dalvikvm( 1800): Could not find class 'javax.net.ssl.SNIServerName', referenced from method com.google.android.gms.org.conscrypt.Platform.getSniHostnameFromParams
W/dalvikvm( 1800): VFY: unable to resolve check-cast 5160 (Ljavax/net/ssl/SNIServerName;) in Lcom/google/android/gms/org/conscrypt/Platform;
D/dalvikvm( 1800): VFY: replacing opcode 0x1f at 0x0025
E/dalvikvm( 1800): Could not find class 'javax.net.ssl.SNIHostName', referenced from method com.google.android.gms.org.conscrypt.Platform.setParametersSniHostname
W/dalvikvm( 1800): VFY: unable to resolve new-instance 5159 (Ljavax/net/ssl/SNIHostName;) in Lcom/google/android/gms/org/conscrypt/Platform;
D/dalvikvm( 1800): VFY: replacing opcode 0x22 at 0x0024
D/AndroidRuntime( 2268): Shutting down VM
D/jdwp    ( 2268): Got wake-up signal, bailing out of select
D/dalvikvm( 2268): Debugger has detached; object registry had 1 entries
E/dalvikvm( 1800): Could not find class 'javax.net.ssl.SNIHostName', referenced from method com.google.android.gms.org.conscrypt.Platform.setParametersSniHostname
W/dalvikvm( 1800): VFY: unable to resolve new-instance 5159 (Ljavax/net/ssl/SNIHostName;) in Lcom/google/android/gms/org/conscrypt/Platform;
D/dalvikvm( 1800): VFY: replacing opcode 0x22 at 0x0024
D/dalvikvm( 1800): DexOpt: unable to opt direct call 0x52f9 at 0x2a in Lcom/google/android/gms/org/conscrypt/Platform;.setParametersSniHostname
D/dalvikvm( 1800): DexOpt: unable to opt direct call 0x52f9 at 0x2a in Lcom/google/android/gms/org/conscrypt/Platform;.setParametersSniHostname
I/ActivityManager( 1570): Start proc it.unina.android.ripper_service:android_ripper_service_process for service it.unina.android.ripper_service/.AndroidRipperService: pid=2293 uid=10057 gids={50057, 3003, 1028, 1015}
V/AndroidRipperService( 2293): onCreate()
V/SERVER  ( 2293): Starting ServerSocket on PORT 18888
V/SERVER  ( 2293): Started ServerSocket on PORT 18888
V/SERVER  ( 2293): Ready to accept connections on port: 18888
I/ActivityManager( 1570): Start proc com.google.android.googlequicksearchbox for broadcast com.google.android.googlequicksearchbox/com.google.android.searchcommon.summons.icing.InternalIcingCorporaProvider$CorporaChangedReceiver: pid=2306 uid=10013 gids={50013, 3003, 1028, 3002, 1015}
I/PackageManager( 1570): Running dexopt on: com.google.android.googlequicksearchbox
W/linker  ( 2322): libdvm.so has text relocations. This is wasting memory and is a security risk. Please fix.
D/dalvikvm( 1800): GC_FOR_ALLOC freed 411K, 13% free 4969K/5708K, paused 3ms, total 3ms
I/ProviderInstaller( 1800): Installed default security provider GmsCore_OpenSSL
I/Safeboot( 1800): Checking safeboot...
I/Safeboot( 1800): Not entering safeboot; wrong process.
E/dalvikvm( 1800): Could not find class 'com.google.common.flogger.backend.google.GooglePlatform', referenced from method beui.a
W/dalvikvm( 1800): VFY: unable to resolve const-class 4605 (Lcom/google/common/flogger/backend/google/GooglePlatform;) in Lbeui;
D/dalvikvm( 1800): VFY: replacing opcode 0x1c at 0x001b
D/dalvikvm( 1781): GC_FOR_ALLOC freed 635K, 13% free 6180K/7076K, paused 37ms, total 37ms
I/Auth    ( 1781): [WorkAccountServiceImpl] init work authenticator
I/Auth    ( 1781): [WorkAccountServiceImpl] updating authenticator enabled state to: false
D/dalvikvm( 1570): GC_FOR_ALLOC freed 1112K, 50% free 7451K/14828K, paused 8ms, total 8ms
D/dalvikvm( 1570): GC_FOR_ALLOC freed 1119K, 50% free 7450K/14828K, paused 6ms, total 6ms
D/dalvikvm( 1570): GC_FOR_ALLOC freed 1119K, 50% free 7450K/14828K, paused 6ms, total 6ms
D/dalvikvm( 2322): DexOpt: 'Landroid/util/Pools$Pool;' has an earlier definition; blocking out
D/dalvikvm( 2322): DexOpt: 'Landroid/util/Pools$SimplePool;' has an earlier definition; blocking out
D/dalvikvm( 2322): DexOpt: 'Landroid/util/Pools$SynchronizedPool;' has an earlier definition; blocking out
D/dalvikvm( 2322): DexOpt: 'Landroid/util/Pools;' has an earlier definition; blocking out
D/dalvikvm( 1570): GC_FOR_ALLOC freed 1119K, 50% free 7451K/14828K, paused 5ms, total 5ms
D/dalvikvm( 1570): GC_FOR_ALLOC freed 1119K, 50% free 7451K/14828K, paused 6ms, total 6ms
D/dalvikvm( 2322): DexOpt: not verifying/optimizing 'Landroid/util/Pools$Pool;': multiple definitions
D/dalvikvm( 2322): DexOpt: not verifying/optimizing 'Landroid/util/Pools$SimplePool;': multiple definitions
D/dalvikvm( 2322): DexOpt: not verifying/optimizing 'Landroid/util/Pools$SynchronizedPool;': multiple definitions
D/dalvikvm( 2322): DexOpt: not verifying/optimizing 'Landroid/util/Pools;': multiple definitions
D/dalvikvm( 1570): GC_FOR_ALLOC freed 1119K, 50% free 7451K/14828K, paused 6ms, total 6ms
I/dalvikvm( 2322): DexOpt: not resolving ambiguous class 'Landroid/util/Pools$Pool;'
I/dalvikvm( 2322): DexOpt: not resolving ambiguous class 'Landroid/util/Pools$SynchronizedPool;'
D/dalvikvm( 1570): GC_FOR_ALLOC freed 1119K, 50% free 7451K/14828K, paused 7ms, total 7ms
D/dalvikvm( 1570): GC_FOR_ALLOC freed 1119K, 50% free 7451K/14828K, paused 6ms, total 6ms
D/dalvikvm( 1570): GC_FOR_ALLOC freed 1119K, 50% free 7451K/14828K, paused 5ms, total 5ms
D/dalvikvm( 1570): GC_FOR_ALLOC freed 1119K, 50% free 7451K/14828K, paused 6ms, total 6ms
D/dalvikvm( 1570): GC_FOR_ALLOC freed 1118K, 50% free 7452K/14828K, paused 6ms, total 6ms
D/dalvikvm( 1570): GC_FOR_ALLOC freed 1119K, 50% free 7452K/14828K, paused 6ms, total 6ms
D/dalvikvm( 2322): DexOpt: load 45ms, verify+opt 219ms, 5311084 bytes
D/dalvikvm( 1570): GC_FOR_ALLOC freed 1119K, 50% free 7452K/14828K, paused 7ms, total 7ms
I/dalvikvm( 1781): Could not find method android.accounts.AccountManager.getPreviousName, referenced from method ayhp.d
I/PackageManager( 1570):   Action: "android.intent.action.SENDTO"
I/PackageManager( 1570):   Category: "android.intent.category.DEFAULT"
I/PackageManager( 1570):   Scheme: "sms"
W/dalvikvm( 1781): VFY: unable to resolve virtual method 271: Landroid/accounts/AccountManager;.getPreviousName (Landroid/accounts/Account;)Ljava/lang/String;
D/dalvikvm( 1781): VFY: replacing opcode 0x6e at 0x0024
I/PackageManager( 1570): Adding preferred activity ComponentInfo{com.android.mms/com.android.mms.ui.ComposeMessageActivity} for user 0 :
I/PackageManager( 1570):   Action: "android.intent.action.SENDTO"
I/PackageManager( 1570):   Category: "android.intent.category.DEFAULT"
I/PackageManager( 1570):   Scheme: "smsto"
I/InputReader( 1570): Reconfiguring input devices.  changes=0x00000010
I/PackageManager( 1570):   Action: "android.intent.action.SENDTO"
I/PackageManager( 1570):   Category: "android.intent.category.DEFAULT"
I/PackageManager( 1570):   Scheme: "mms"
I/PackageManager( 1570): Adding preferred activity ComponentInfo{com.android.mms/com.android.mms.ui.ComposeMessageActivity} for user 0 :
I/PackageManager( 1570): Adding preferred activity ComponentInfo{com.android.mms/com.android.mms.ui.ComposeMessageActivity} for user 0 :
I/InputReader( 1570): Reconfiguring input devices.  changes=0x00000010
D/dalvikvm( 1940): GC_FOR_ALLOC freed 1862K, 9% free 22862K/24992K, paused 2ms, total 2ms
I/Icing.InternalIcingCorporaProvider( 2306): Updating corpora: A: com.android.sdksetup, C: MAYBE
I/ActivityManager( 1570): Delay finish: com.google.android.googlequicksearchbox/com.google.android.searchcommon.summons.icing.InternalIcingCorporaProvider$CorporaChangedReceiver
I/PackageManager( 1570):   Action: "android.intent.action.SENDTO"
I/PackageManager( 1570):   Category: "android.intent.category.DEFAULT"
I/PackageManager( 1570):   Scheme: "mmsto"
I/InputReader( 1570): Reconfiguring input devices.  changes=0x00000010
I/InputReader( 1570): Reconfiguring input devices.  changes=0x00000010
D/dalvikvm( 1837): GC_FOR_ALLOC freed 374K, 17% free 3639K/4348K, paused 2ms, total 2ms
I/PackageManager( 1570): Adding preferred activity ComponentInfo{com.android.mms/com.android.mms.ui.ComposeMessageActivity} for user 0 :
D/dalvikvm( 1800): GC_FOR_ALLOC freed 351K, 11% free 5269K/5912K, paused 20ms, total 20ms
I/auxu    ( 1800): Primes not initialized, returning default (no-op) Primes instance which will ignore all calls. Please call Primes.initialize(...) before using any Primes API.
I/dalvikvm( 1800): Could not find method com.google.android.chimera.ContextThemeWrapper.createAttributionContext, referenced from method mnu.createAttributionContext
W/dalvikvm( 1800): VFY: unable to resolve virtual method 13785: Lcom/google/android/chimera/ContextThemeWrapper;.createAttributionContext (Ljava/lang/String;)Landroid/content/Context;
D/dalvikvm( 1800): VFY: replacing opcode 0x6f at 0x0002
I/dalvikvm( 1800): Could not find method android.content.ContextWrapper.createCredentialProtectedStorageContext, referenced from method mnu.createCredentialProtectedStorageContext
W/dalvikvm( 1800): VFY: unable to resolve virtual method 2508: Landroid/content/ContextWrapper;.createCredentialProtectedStorageContext ()Landroid/content/Context;
D/dalvikvm( 1800): VFY: replacing opcode 0x6f at 0x0002
I/dalvikvm( 1800): Could not find method android.content.ContextWrapper.createDeviceProtectedStorageContext, referenced from method mnu.createDeviceProtectedStorageContext
W/dalvikvm( 1800): VFY: unable to resolve virtual method 2509: Landroid/content/ContextWrapper;.createDeviceProtectedStorageContext ()Landroid/content/Context;
D/dalvikvm( 1800): VFY: replacing opcode 0x6f at 0x0002
I/Search.SharedPreferencesProto( 2306): load shared preferences: file not found
I/Search.SharedPreferencesProto( 2306): load shared preferences: file not found
D/dalvikvm( 1570): GC_FOR_ALLOC freed 1008K, 49% free 7564K/14828K, paused 16ms, total 17ms
I/PackageManager( 1570):   Action: "android.intent.action.SENDTO"
I/PackageManager( 1570):   Category: "android.intent.category.DEFAULT"
I/PackageManager( 1570):   Scheme: "sms"
I/dalvikvm( 1800): Could not find method android.content.Context.bindService, referenced from method uws.bindService
W/dalvikvm( 1800): VFY: unable to resolve virtual method 2453: Landroid/content/Context;.bindService (Landroid/content/Intent;ILjava/util/concurrent/Executor;Landroid/content/ServiceConnection;)Z
D/dalvikvm( 1800): VFY: replacing opcode 0x6e at 0x0018
I/dalvikvm( 1800): Could not find method android.content.Context.bindService, referenced from method uws.bindService
W/dalvikvm( 1800): VFY: unable to resolve virtual method 2453: Landroid/content/Context;.bindService (Landroid/content/Intent;ILjava/util/concurrent/Executor;Landroid/content/ServiceConnection;)Z
D/dalvikvm( 1800): VFY: replacing opcode 0x6e at 0x0030
I/dalvikvm( 1800): Could not find method android.content.Context.startForegroundService, referenced from method uws.startForegroundService
W/dalvikvm( 1800): VFY: unable to resolve virtual method 2501: Landroid/content/Context;.startForegroundService (Landroid/content/Intent;)Landroid/content/ComponentName;
D/dalvikvm( 1800): VFY: replacing opcode 0x6e at 0x001c
I/dalvikvm( 1800): Could not find method android.content.Context.startForegroundService, referenced from method uws.startForegroundService
W/dalvikvm( 1800): VFY: unable to resolve virtual method 2501: Landroid/content/Context;.startForegroundService (Landroid/content/Intent;)Landroid/content/ComponentName;
D/dalvikvm( 1800): VFY: replacing opcode 0x6e at 0x0028
I/dalvikvm( 1800): Could not find method android.os.PowerManager.isPowerSaveMode, referenced from method uwl.a
W/dalvikvm( 1800): VFY: unable to resolve virtual method 3047: Landroid/os/PowerManager;.isPowerSaveMode ()Z
D/dalvikvm( 1800): VFY: replacing opcode 0x6e at 0x0010
I/PackageManager( 1570): Adding preferred activity ComponentInfo{com.android.mms/com.android.mms.ui.ComposeMessageActivity} for user 0 :
I/PackageManager( 1570):   Action: "android.intent.action.SENDTO"
I/PackageManager( 1570):   Category: "android.intent.category.DEFAULT"
I/PackageManager( 1570):   Scheme: "smsto"
E/ActivityThread( 2306): Failed to find provider info for com.google.android.voicesearch
I/PackageManager( 1570): Adding preferred activity ComponentInfo{com.android.mms/com.android.mms.ui.ComposeMessageActivity} for user 0 :
I/PackageManager( 1570):   Action: "android.intent.action.SENDTO"
I/PackageManager( 1570):   Category: "android.intent.category.DEFAULT"
I/PackageManager( 1570):   Scheme: "mms"
I/PackageManager( 1570): Adding preferred activity ComponentInfo{com.android.mms/com.android.mms.ui.ComposeMessageActivity} for user 0 :
I/PackageManager( 1570):   Action: "android.intent.action.SENDTO"
I/PackageManager( 1570):   Category: "android.intent.category.DEFAULT"
I/PackageManager( 1570):   Scheme: "mmsto"
D/dalvikvm( 1800): GC_FOR_ALLOC freed 397K, 12% free 5594K/6312K, paused 5ms, total 5ms
I/PackageManager( 1570): Adding preferred activity ComponentInfo{com.android.mms/com.android.mms.ui.ComposeMessageActivity} for user 0 :
I/Auth    ( 2119): [SupervisedAccountIntentOperation] onHandleIntent(): com.google.android.chimera.IntentOperation.NEW_MODULE
I/dalvikvm( 1800): Could not find method android.app.admin.DevicePolicyManager.isProfileOwnerApp, referenced from method hbs.c
W/dalvikvm( 1800): VFY: unable to resolve virtual method 2595: Landroid/app/admin/DevicePolicyManager;.isProfileOwnerApp (Ljava/lang/String;)Z
D/dalvikvm( 1800): VFY: replacing opcode 0x6e at 0x0011
I/dalvikvm( 1800): Could not find method android.app.admin.DevicePolicyManager.getProfileOwner, referenced from method hbs.a
W/dalvikvm( 1800): VFY: unable to resolve virtual method 2591: Landroid/app/admin/DevicePolicyManager;.getProfileOwner ()Landroid/content/ComponentName;
D/dalvikvm( 1800): VFY: replacing opcode 0x6e at 0x0012
I/dalvikvm( 2119): Could not find method android.os.UserManager.isManagedProfile, referenced from method nmn.g
W/dalvikvm( 2119): VFY: unable to resolve virtual method 4277: Landroid/os/UserManager;.isManagedProfile ()Z
D/dalvikvm( 2119): VFY: replacing opcode 0x6e at 0x0012
I/dalvikvm( 2119): Could not find method android.app.admin.DevicePolicyManager.getAccountTypesWithManagementDisabled, referenced from method nmn.i
W/dalvikvm( 2119): VFY: unable to resolve virtual method 2586: Landroid/app/admin/DevicePolicyManager;.getAccountTypesWithManagementDisabled ()[Ljava/lang/String;
D/dalvikvm( 2119): VFY: replacing opcode 0x6e at 0x002b
I/Auth    ( 2119): [SupervisedAccountIntentOperation] This operation is disabled
D/dalvikvm( 1570): GC_FOR_ALLOC freed 1133K, 50% free 7543K/14828K, paused 10ms, total 10ms
I/dalvikvm( 1800): Could not find method android.app.NotificationManager.getCurrentInterruptionFilter, referenced from method nea.b
W/dalvikvm( 1800): VFY: unable to resolve virtual method 2504: Landroid/app/NotificationManager;.getCurrentInterruptionFilter ()I
D/dalvikvm( 1800): VFY: replacing opcode 0x6e at 0x0002
I/dalvikvm( 1800): Could not find method android.accounts.AccountManager.removeAccount, referenced from method ymq.c
W/dalvikvm( 1800): VFY: unable to resolve virtual method 4165: Landroid/accounts/AccountManager;.removeAccount (Landroid/accounts/Account;Landroid/app/Activity;Landroid/accounts/AccountManagerCallback;Landroid/os/Handler;)Landroid/accounts/AccountManagerFuture;
D/dalvikvm( 1800): VFY: replacing opcode 0x6e at 0x0009
I/dalvikvm( 1800): Could not find method android.accounts.AccountManager.removeAccountExplicitly, referenced from method ymq.d
W/dalvikvm( 1800): VFY: unable to resolve virtual method 4166: Landroid/accounts/AccountManager;.removeAccountExplicitly (Landroid/accounts/Account;)Z
D/dalvikvm( 1800): VFY: replacing opcode 0x6e at 0x0008
I/dalvikvm( 1800): Could not find method android.content.ServiceConnection.onNullBinding, referenced from method uxb.onNullBinding
W/dalvikvm( 1800): VFY: unable to resolve interface method 2566: Landroid/content/ServiceConnection;.onNullBinding (Landroid/content/ComponentName;)V
D/dalvikvm( 1800): VFY: replacing opcode 0x72 at 0x000f
D/dalvikvm( 1800): GC_FOR_ALLOC freed 316K, 10% free 6091K/6748K, paused 5ms, total 5ms
D/dalvikvm( 1570): GC_FOR_ALLOC freed 1279K, 51% free 7406K/14828K, paused 7ms, total 8ms
E/ActivityThread( 2306): Failed to find provider info for com.google.android.partnersetup.rlzappprovider
D/dalvikvm( 2119): GC_FOR_ALLOC freed 829K, 33% free 5954K/8812K, paused 6ms, total 6ms
I/PackageManager( 1570):   Action: "android.intent.action.SENDTO"
I/PackageManager( 1570):   Category: "android.intent.category.DEFAULT"
I/PackageManager( 1570):   Scheme: "sms"
D/dalvikvm( 1800): GC_FOR_ALLOC freed 281K, 9% free 6747K/7408K, paused 21ms, total 21ms
I/Auth    ( 1800): [Change,AccountsChange] First snapshot
I/PackageManager( 1570): Adding preferred activity ComponentInfo{com.android.mms/com.android.mms.ui.ComposeMessageActivity} for user 0 :
D/dalvikvm( 1837): GC_FOR_ALLOC freed 438K, 18% free 3592K/4352K, paused 2ms, total 2ms
I/PackageManager( 1570):   Action: "android.intent.action.SENDTO"
I/PackageManager( 1570):   Category: "android.intent.category.DEFAULT"
I/PackageManager( 1570):   Scheme: "smsto"
I/dalvikvm( 2119): Could not find method android.app.AlarmManager.setExactAndAllowWhileIdle, referenced from method nio.a
W/dalvikvm( 2119): VFY: unable to resolve virtual method 2384: Landroid/app/AlarmManager;.setExactAndAllowWhileIdle (IJLandroid/app/PendingIntent;)V
D/dalvikvm( 2119): VFY: replacing opcode 0x6e at 0x000b
I/dalvikvm( 2119): Failed resolving Lnin; interface 549 'Landroid/app/AlarmManager$OnAlarmListener;'
W/dalvikvm( 2119): Link of class 'Lnin;' failed
W/dalvikvm( 2119): VFY: unable to find class referenced in signature (Lnin;)
I/dalvikvm( 2119): Could not find method android.app.AlarmManager.set, referenced from method nio.a
W/dalvikvm( 2119): VFY: unable to resolve virtual method 2381: Landroid/app/AlarmManager;.set (IJJJLandroid/app/AlarmManager$OnAlarmListener;Landroid/os/Handler;Landroid/os/WorkSource;)V
D/dalvikvm( 2119): VFY: replacing opcode 0x74 at 0x0024
I/dalvikvm( 2119): Failed resolving Lnin; interface 549 'Landroid/app/AlarmManager$OnAlarmListener;'
W/dalvikvm( 2119): Link of class 'Lnin;' failed
W/dalvikvm( 2119): VFY: unable to find class referenced in signature (Lnin;)
I/dalvikvm( 2119): Could not find method android.app.AlarmManager.cancel, referenced from method nio.a
W/dalvikvm( 2119): VFY: unable to resolve virtual method 2378: Landroid/app/AlarmManager;.cancel (Landroid/app/AlarmManager$OnAlarmListener;)V
D/dalvikvm( 2119): VFY: replacing opcode 0x6e at 0x0002
I/PackageManager( 1570): Adding preferred activity ComponentInfo{com.android.mms/com.android.mms.ui.ComposeMessageActivity} for user 0 :
I/PackageManager( 1570):   Action: "android.intent.action.SENDTO"
I/PackageManager( 1570):   Category: "android.intent.category.DEFAULT"
I/PackageManager( 1570):   Scheme: "mms"
W/WakefulBroadcastReceiv.( 1800): No active wake lock id #1
I/PackageManager( 1570): Adding preferred activity ComponentInfo{com.android.mms/com.android.mms.ui.ComposeMessageActivity} for user 0 :
I/PackageManager( 1570):   Action: "android.intent.action.SENDTO"
I/PackageManager( 1570):   Category: "android.intent.category.DEFAULT"
I/PackageManager( 1570):   Scheme: "mmsto"
I/PackageManager( 1570): Adding preferred activity ComponentInfo{com.android.mms/com.android.mms.ui.ComposeMessageActivity} for user 0 :
D/dalvikvm( 2306): GC_FOR_ALLOC freed 281K, 13% free 3225K/3704K, paused 16ms, total 16ms
D/dalvikvm( 1570): GC_FOR_ALLOC freed 1064K, 50% free 7436K/14828K, paused 9ms, total 10ms
I/PackageManager( 1570):   Action: "android.intent.action.SENDTO"
I/PackageManager( 1570):   Category: "android.intent.category.DEFAULT"
I/PackageManager( 1570):   Scheme: "sms"
I/PackageManager( 1570): Adding preferred activity ComponentInfo{com.android.mms/com.android.mms.ui.ComposeMessageActivity} for user 0 :
I/PackageManager( 1570):   Action: "android.intent.action.SENDTO"
I/PackageManager( 1570):   Category: "android.intent.category.DEFAULT"
I/PackageManager( 1570):   Scheme: "smsto"
I/PackageManager( 1570): Adding preferred activity ComponentInfo{com.android.mms/com.android.mms.ui.ComposeMessageActivity} for user 0 :
D/dalvikvm( 1837): GC_FOR_ALLOC freed 322K, 17% free 3646K/4352K, paused 1ms, total 1ms
I/PackageManager( 1570):   Action: "android.intent.action.SENDTO"
I/PackageManager( 1570):   Category: "android.intent.category.DEFAULT"
I/PackageManager( 1570):   Scheme: "mms"
I/dalvikvm( 1781): Could not find method android.app.AlarmManager.setExactAndAllowWhileIdle, referenced from method nio.a
W/dalvikvm( 1781): VFY: unable to resolve virtual method 2384: Landroid/app/AlarmManager;.setExactAndAllowWhileIdle (IJLandroid/app/PendingIntent;)V
D/dalvikvm( 1781): VFY: replacing opcode 0x6e at 0x000b
I/dalvikvm( 1781): Failed resolving Lnin; interface 549 'Landroid/app/AlarmManager$OnAlarmListener;'
W/dalvikvm( 1781): Link of class 'Lnin;' failed
W/dalvikvm( 1781): VFY: unable to find class referenced in signature (Lnin;)
I/dalvikvm( 1781): Could not find method android.app.AlarmManager.set, referenced from method nio.a
W/dalvikvm( 1781): VFY: unable to resolve virtual method 2381: Landroid/app/AlarmManager;.set (IJJJLandroid/app/AlarmManager$OnAlarmListener;Landroid/os/Handler;Landroid/os/WorkSource;)V
D/dalvikvm( 1781): VFY: replacing opcode 0x74 at 0x0024
I/dalvikvm( 1781): Failed resolving Lnin; interface 549 'Landroid/app/AlarmManager$OnAlarmListener;'
W/dalvikvm( 1781): Link of class 'Lnin;' failed
W/dalvikvm( 1781): VFY: unable to find class referenced in signature (Lnin;)
I/dalvikvm( 1781): Could not find method android.app.AlarmManager.cancel, referenced from method nio.a
W/dalvikvm( 1781): VFY: unable to resolve virtual method 2378: Landroid/app/AlarmManager;.cancel (Landroid/app/AlarmManager$OnAlarmListener;)V
D/dalvikvm( 1781): VFY: replacing opcode 0x6e at 0x0002
I/PackageManager( 1570): Adding preferred activity ComponentInfo{com.android.mms/com.android.mms.ui.ComposeMessageActivity} for user 0 :
D/dalvikvm( 1570): GC_FOR_ALLOC freed 1139K, 51% free 7412K/14828K, paused 9ms, total 9ms
W/ContextImpl( 2306): Implicit intents with startService are not safe: Intent { act=com.google.android.gms.icing.INDEX_SERVICE } android.content.ContextWrapper.bindService:517 com.google.android.gms.internal.av.a:-1 com.google.android.gms.internal.au.connect:-1 
I/PackageManager( 1570):   Action: "android.intent.action.SENDTO"
I/PackageManager( 1570):   Category: "android.intent.category.DEFAULT"
I/PackageManager( 1570):   Scheme: "mmsto"
I/PackageManager( 1570): Adding preferred activity ComponentInfo{com.android.mms/com.android.mms.ui.ComposeMessageActivity} for user 0 :
I/dalvikvm( 2119): Could not find method android.app.NotificationManager.getCurrentInterruptionFilter, referenced from method nea.b
W/dalvikvm( 2119): VFY: unable to resolve virtual method 2504: Landroid/app/NotificationManager;.getCurrentInterruptionFilter ()I
D/dalvikvm( 2119): VFY: replacing opcode 0x6e at 0x0002
I/PackageManager( 1570):   Action: "android.intent.action.SENDTO"
I/PackageManager( 1570):   Category: "android.intent.category.DEFAULT"
I/PackageManager( 1570):   Scheme: "sms"
I/PackageManager( 1570): Adding preferred activity ComponentInfo{com.android.mms/com.android.mms.ui.ComposeMessageActivity} for user 0 :
I/NearbyDiscovery( 1781): DiscoveryService destroyed [CONTEXT service_id=49 ]
I/PackageManager( 1570):   Action: "android.intent.action.SENDTO"
I/PackageManager( 1570):   Category: "android.intent.category.DEFAULT"
I/PackageManager( 1570):   Scheme: "smsto"
I/PackageManager( 1570): Adding preferred activity ComponentInfo{com.android.mms/com.android.mms.ui.ComposeMessageActivity} for user 0 :
I/PackageManager( 1570):   Action: "android.intent.action.SENDTO"
I/PackageManager( 1570):   Category: "android.intent.category.DEFAULT"
I/PackageManager( 1570):   Scheme: "mms"
I/PackageManager( 1570): Adding preferred activity ComponentInfo{com.android.mms/com.android.mms.ui.ComposeMessageActivity} for user 0 :
I/ahju    ( 1781): Scheduling Phenotype for a PhenotypeSyncImmediately(6, com.google.android.gms.settings.platform.boot) one off with window [1, 2] in seconds [CONTEXT service_id=51 ]
I/NativeLibraryUtils( 1800): Extraction to /data/data/com.google.android.gms/app_extracted_libs/x86/libjingle_peerconnection_so.so true
D/dalvikvm( 1570): GC_FOR_ALLOC freed 1088K, 50% free 7422K/14828K, paused 19ms, total 19ms
D/dalvikvm( 1837): GC_FOR_ALLOC freed 398K, 17% free 3633K/4356K, paused 3ms, total 3ms
W/ActivityManager( 1570): Unable to start service Intent { act=com.google.android.gms.auth.key.retrieval.service.START pkg=com.google.android.gms } U=0: not found
I/PackageManager( 1570):   Action: "android.intent.action.SENDTO"
I/PackageManager( 1570):   Category: "android.intent.category.DEFAULT"
I/PackageManager( 1570):   Scheme: "mmsto"
I/ActivityManager( 1570): Resuming delayed broadcast
I/PackageManager( 1570): Adding preferred activity ComponentInfo{com.android.mms/com.android.mms.ui.ComposeMessageActivity} for user 0 :
I/PackageManager( 1570):   Action: "android.intent.action.SENDTO"
I/PackageManager( 1570):   Category: "android.intent.category.DEFAULT"
I/PackageManager( 1570):   Scheme: "sms"
I/PackageManager( 1570):   Action: "android.intent.action.SENDTO"
I/PackageManager( 1570):   Category: "android.intent.category.DEFAULT"
I/PackageManager( 1570):   Scheme: "smsto"
I/PackageManager( 1570): Adding preferred activity ComponentInfo{com.android.mms/com.android.mms.ui.ComposeMessageActivity} for user 0 :
I/ActivityManager( 1570): Start proc com.google.android.googlequicksearchbox:launcher for broadcast com.google.android.googlequicksearchbox/com.google.android.gel.GelStubAppWatcher: pid=2362 uid=10013 gids={50013, 3003, 1028, 3002, 1015}
I/PackageManager( 1570): Adding preferred activity ComponentInfo{com.android.mms/com.android.mms.ui.ComposeMessageActivity} for user 0 :
I/PackageManager( 1570):   Action: "android.intent.action.SENDTO"
I/PackageManager( 1570):   Category: "android.intent.category.DEFAULT"
I/PackageManager( 1570):   Scheme: "mms"
I/PackageManager( 1570): Adding preferred activity ComponentInfo{com.android.mms/com.android.mms.ui.ComposeMessageActivity} for user 0 :
I/PackageManager( 1570):   Action: "android.intent.action.SENDTO"
I/PackageManager( 1570):   Category: "android.intent.category.DEFAULT"
I/PackageManager( 1570):   Scheme: "mmsto"
I/PackageManager( 1570):   Action: "android.intent.action.SENDTO"
I/PackageManager( 1570):   Category: "android.intent.category.DEFAULT"
I/PackageManager( 1570):   Scheme: "sms"
I/PackageManager( 1570): Adding preferred activity ComponentInfo{com.android.mms/com.android.mms.ui.ComposeMessageActivity} for user 0 :
I/PackageManager( 1570): Adding preferred activity ComponentInfo{com.android.mms/com.android.mms.ui.ComposeMessageActivity} for user 0 :
D/dalvikvm( 1837): GC_FOR_ALLOC freed 484K, 18% free 3584K/4356K, paused 1ms, total 5ms
D/dalvikvm( 1781): GC_FOR_ALLOC freed 775K, 14% free 6492K/7528K, paused 11ms, total 11ms
I/dalvikvm( 1781): Could not find method android.provider.DeviceConfig.getProperty, referenced from method ahlr.a
W/dalvikvm( 1781): VFY: unable to resolve static method 29770: Landroid/provider/DeviceConfig;.getProperty (Ljava/lang/String;Ljava/lang/String;)Ljava/lang/String;
D/dalvikvm( 1781): VFY: replacing opcode 0x71 at 0x0000
I/dalvikvm( 1781): Could not find method android.provider.DeviceConfig.setProperty, referenced from method ahlr.a
W/dalvikvm( 1781): VFY: unable to resolve static method 29771: Landroid/provider/DeviceConfig;.setProperty (Ljava/lang/String;Ljava/lang/String;Ljava/lang/String;Z)Z
D/dalvikvm( 1781): VFY: replacing opcode 0x71 at 0x0000
D/dalvikvm( 1570): GC_FOR_ALLOC freed 1106K, 50% free 7420K/14828K, paused 20ms, total 20ms
E/GmsClient( 2119): unable to connect to service: com.google.android.gms.auth.key.retrieval.service.START on com.google.android.gms
W/ActivityManager( 1570): Unbind failed: could not find connection for android.os.BinderProxy@9d286f28
I/PackageManager( 1570):   Action: "android.intent.action.SENDTO"
I/PackageManager( 1570):   Category: "android.intent.category.DEFAULT"
I/PackageManager( 1570):   Scheme: "smsto"
I/PackageManager( 1570):   Action: "android.intent.action.SENDTO"
I/PackageManager( 1570):   Category: "android.intent.category.DEFAULT"
I/PackageManager( 1570):   Scheme: "mms"
I/PackageManager( 1570): Adding preferred activity ComponentInfo{com.android.mms/com.android.mms.ui.ComposeMessageActivity} for user 0 :
I/PackageManager( 1570): Adding preferred activity ComponentInfo{com.android.mms/com.android.mms.ui.ComposeMessageActivity} for user 0 :
I/PackageManager( 1570):   Action: "android.intent.action.SENDTO"
I/PackageManager( 1570):   Category: "android.intent.category.DEFAULT"
I/PackageManager( 1570):   Scheme: "mmsto"
I/PackageManager( 1570): Adding preferred activity ComponentInfo{com.android.mms/com.android.mms.ui.ComposeMessageActivity} for user 0 :
I/PackageManager( 1570):   Action: "android.intent.action.SENDTO"
I/PackageManager( 1570):   Category: "android.intent.category.DEFAULT"
I/PackageManager( 1570):   Scheme: "sms"
I/Fitness ( 1781): OnPackageChangedOperation got intent: Intent { act=android.intent.action.PACKAGE_CHANGED dat=package:com.android.sdksetup flg=0x4000010 cmp=com.google.android.gms/.chimera.PersistentIntentOperationService (has extras) } [CONTEXT service_id=17 ]
I/PackageManager( 1570):   Action: "android.intent.action.SENDTO"
I/PackageManager( 1570):   Category: "android.intent.category.DEFAULT"
I/PackageManager( 1570):   Scheme: "smsto"
I/PackageManager( 1570): Adding preferred activity ComponentInfo{com.android.mms/com.android.mms.ui.ComposeMessageActivity} for user 0 :
I/PackageManager( 1570): Adding preferred activity ComponentInfo{com.android.mms/com.android.mms.ui.ComposeMessageActivity} for user 0 :
I/Icing   ( 2119): Using regular flags by method 2
I/PackageManager( 1570):   Action: "android.intent.action.SENDTO"
I/PackageManager( 1570):   Category: "android.intent.category.DEFAULT"
I/PackageManager( 1570):   Scheme: "mms"
I/PackageManager( 1570): Adding preferred activity ComponentInfo{com.android.mms/com.android.mms.ui.ComposeMessageActivity} for user 0 :
D/dalvikvm( 1570): GC_FOR_ALLOC freed 1030K, 50% free 7501K/14828K, paused 8ms, total 8ms
I/PackageManager( 1570):   Action: "android.intent.action.SENDTO"
I/PackageManager( 1570):   Category: "android.intent.category.DEFAULT"
I/PackageManager( 1570):   Scheme: "mmsto"
I/dalvikvm( 1781): Could not find method android.os.UserManager.isManagedProfile, referenced from method nmn.g
I/PackageManager( 1570): Adding preferred activity ComponentInfo{com.android.mms/com.android.mms.ui.ComposeMessageActivity} for user 0 :
