I/PackageManager( 1569): Adding preferred activity ComponentInfo{com.android.mms/com.android.mms.ui.ComposeMessageActivity} for user 0 :
I/PackageManager( 1569):   Action: "android.intent.action.SENDTO"
I/PackageManager( 1569):   Category: "android.intent.category.DEFAULT"
I/PackageManager( 1569):   Scheme: "mmsto"
W/Launcher.Model( 2381): Nobody to tell about the new app.  Launcher is probably loading.
I/PackageManager( 1569): Adding preferred activity ComponentInfo{com.android.mms/com.android.mms.ui.ComposeMessageActivity} for user 0 :
I/PackageManager( 1569):   Action: "android.intent.action.SENDTO"
I/PackageManager( 1569):   Category: "android.intent.category.DEFAULT"
I/PackageManager( 1569):   Scheme: "sms"
D/EGL_emulation( 1963): eglMakeCurrent: 0xb8579830: ver 3 0
I/PackageManager( 1569): Adding preferred activity ComponentInfo{com.android.mms/com.android.mms.ui.ComposeMessageActivity} for user 0 :
D/dalvikvm( 1847): GC_FOR_ALLOC freed 397K, 17% free 3665K/4392K, paused 2ms, total 2ms
I/PackageManager( 1569):   Action: "android.intent.action.SENDTO"
I/PackageManager( 1569):   Category: "android.intent.category.DEFAULT"
I/PackageManager( 1569):   Scheme: "smsto"
I/PackageManager( 1569):   Action: "android.intent.action.SENDTO"
I/PackageManager( 1569):   Category: "android.intent.category.DEFAULT"
I/PackageManager( 1569):   Scheme: "mms"
I/PackageManager( 1569): Adding preferred activity ComponentInfo{com.android.mms/com.android.mms.ui.ComposeMessageActivity} for user 0 :
I/PackageManager( 1569): Adding preferred activity ComponentInfo{com.android.mms/com.android.mms.ui.ComposeMessageActivity} for user 0 :
I/PackageManager( 1569):   Action: "android.intent.action.SENDTO"
I/PackageManager( 1569):   Category: "android.intent.category.DEFAULT"
I/PackageManager( 1569):   Scheme: "mmsto"
I/PackageManager( 1569): Adding preferred activity ComponentInfo{com.android.mms/com.android.mms.ui.ComposeMessageActivity} for user 0 :
I/Icing   ( 2196): IndexChimeraService.getServiceInterface callingPackage=com.google.android.googlequicksearchbox componentName=null serviceId=21
W/Icing   ( 2196): No valid account for uploading user actions
I/Icing   ( 2196): Usage reports ok 0, Failed Usage reports 0, indexed 0, rejected 0
I/Icing   ( 2196): Indexing com.google.android.gms-apps from com.google.android.gms
I/Icing   ( 2196): Indexing com.google.android.googlequicksearchbox-applications from com.google.android.googlequicksearchbox
I/Icing   ( 2196): Indexing done com.google.android.gms-apps
I/Icing   ( 2196): Indexing done com.google.android.googlequicksearchbox-applications
I/Icing   ( 2196): Indexing com.google.android.gms-internal.3p:MobileApplication from com.google.android.gms
I/Icing   ( 2196): Indexing done com.google.android.gms-internal.3p:MobileApplication
D/AndroidRuntime( 4135): 
D/AndroidRuntime( 4135): >>>>>> AndroidRuntime START com.android.internal.os.RuntimeInit <<<<<<
W/linker  ( 4135): libdvm.so has text relocations. This is wasting memory and is a security risk. Please fix.
D/AndroidRuntime( 4135): CheckJNI is ON
D/dalvikvm( 4135): Trying to load lib libjavacore.so 0x0
D/dalvikvm( 4135): Added shared lib libjavacore.so 0x0
D/dalvikvm( 4135): Trying to load lib libnativehelper.so 0x0
D/dalvikvm( 4135): Added shared lib libnativehelper.so 0x0
D/dalvikvm( 4135): No JNI_OnLoad found in libnativehelper.so 0x0, skipping init
D/dalvikvm( 4135): Note: class Landroid/app/ActivityManagerNative; has 179 unimplemented (abstract) methods
E/memtrack( 4135): Couldn't load memtrack module (No such file or directory)
E/android.os.Debug( 4135): failed to load memtrack module: -2
D/AndroidRuntime( 4135): Calling main entry com.android.commands.pm.Pm
W/ActivityManager( 1569): No content provider found for permission revoke: file:///sdcard/ripper.apk
W/ActivityManager( 1569): No content provider found for permission revoke: file:///sdcard/ripper.apk
I/PackageManager( 1569): Copying native libraries to /data/app-lib/vmdl1815098768
I/PackageParser( 1569): it.unina.android.ripper: compat added android.permission.WRITE_EXTERNAL_STORAGE android.permission.READ_PHONE_STATE
I/PackageManager( 1569): Running dexopt on: it.unina.android.ripper
W/linker  ( 4146): libdvm.so has text relocations. This is wasting memory and is a security risk. Please fix.
D/dalvikvm( 4146): DexOpt: load 2ms, verify+opt 17ms, 936700 bytes
D/EGL_emulation( 1963): eglMakeCurrent: 0xb8579830: ver 3 0
I/ActivityManager( 1569): Force stopping it.unina.android.ripper appid=10065 user=-1: update pkg
W/Launcher.Model( 2381): Nobody to tell about the new app.  Launcher is probably loading.
D/Documents( 3403): Used cached roots for com.android.providers.downloads.documents
D/Documents( 3403): Used cached roots for com.android.externalstorage.documents
D/Documents( 3403): Used cached roots for com.android.providers.media.documents
D/Documents( 3403): Update found 6 roots in 2ms
I/PackageManager( 1569):   Action: "android.intent.action.SENDTO"
I/PackageManager( 1569):   Category: "android.intent.category.DEFAULT"
I/PackageManager( 1569):   Scheme: "sms"
I/PackageManager( 1569): Adding preferred activity ComponentInfo{com.android.mms/com.android.mms.ui.ComposeMessageActivity} for user 0 :
I/InputReader( 1569): Reconfiguring input devices.  changes=0x00000010
I/Auth    ( 2196): [SupervisedAccountIntentOperation] onHandleIntent(): android.intent.action.PACKAGE_ADDED
I/ChromeSync( 2196): [Sync,SyncIntentOperation] Handling the intent: Intent { act=android.intent.action.PACKAGE_ADDED dat=package:it.unina.android.ripper flg=0x4000010 cmp=com.google.android.gms/.chimera.GmsIntentOperationService (has extras) }.
I/FontLog ( 2196): Package it.unina.android.ripper has no metadata [CONTEXT service_id=132 ]
D/dalvikvm( 1847): GC_FOR_ALLOC freed 472K, 19% free 3601K/4392K, paused 9ms, total 21ms
D/BackupManagerService( 1569): Received broadcast Intent { act=android.intent.action.PACKAGE_ADDED dat=package:it.unina.android.ripper flg=0x4000010 (has extras) }
D/dalvikvm( 1569): GC_EXPLICIT freed 2570K, 48% free 12160K/23060K, paused 32ms+3ms, total 50ms
D/dalvikvm( 1569): WAIT_FOR_CONCURRENT_GC blocked 16ms
D/dalvikvm( 1569): WAIT_FOR_CONCURRENT_GC blocked 17ms
D/dalvikvm( 1569): WAIT_FOR_CONCURRENT_GC blocked 18ms
D/dalvikvm( 1569): WAIT_FOR_CONCURRENT_GC blocked 17ms
D/dalvikvm( 1569): WAIT_FOR_CONCURRENT_GC blocked 17ms
D/dalvikvm( 1569): WAIT_FOR_CONCURRENT_GC blocked 25ms
D/dalvikvm( 1569): WAIT_FOR_CONCURRENT_GC blocked 21ms
D/dalvikvm( 1569): WAIT_FOR_CONCURRENT_GC blocked 17ms
D/dalvikvm( 1569): WAIT_FOR_CONCURRENT_GC blocked 19ms
I/ChromeSync( 2196): [Persistence,AffiliationManager] One of affiliation or grouping data for android://KSmUCdTXmQS-j9D_O8l1jvyu41Pjn2mc5cb0Gvx1e9H1Aj4JCzHs_uTW26nbtH65K-YfijtBsQxGp-8R6k6HFg==@it.unina.android.ripper/ was not found. Marking affiliation data as stale...
D/dalvikvm( 1569): WAIT_FOR_CONCURRENT_GC blocked 19ms
W/GCM     ( 1790): Unexpected forwarded intent: Intent { act=android.intent.action.PACKAGE_ADDED dat=package:it.unina.android.ripper flg=0x4000010 cmp=com.google.android.gms/.chimera.PersistentIntentOperationService (has extras) }
W/GCM     ( 1790): Unexpected forwarded intent: Intent { act=android.intent.action.PACKAGE_ADDED dat=package:it.unina.android.ripper flg=0x4000010 cmp=com.google.android.gms/.chimera.PersistentIntentOperationService (has extras) }
I/PackageManager( 1569):   Action: "android.intent.action.SENDTO"
I/PackageManager( 1569):   Category: "android.intent.category.DEFAULT"
I/PackageManager( 1569):   Scheme: "smsto"
D/AndroidRuntime( 4135): Shutting down VM
I/Icing.InternalIcingCorporaProvider( 2329): Updating corpora: A: it.unina.android.ripper, C: MAYBE
D/dalvikvm( 4135): GC_CONCURRENT freed 93K, 15% free 552K/648K, paused 0ms+0ms, total 1ms
V/BackupManagerService( 1569): addPackageParticipantsLocked: #1
I/PackageManager( 1569): Adding preferred activity ComponentInfo{com.android.mms/com.android.mms.ui.ComposeMessageActivity} for user 0 :
I/PackageManager( 1569):   Action: "android.intent.action.SENDTO"
I/PackageManager( 1569):   Category: "android.intent.category.DEFAULT"
I/PackageManager( 1569):   Scheme: "mms"
I/PackageManager( 1569):   Action: "android.intent.action.SENDTO"
I/PackageManager( 1569):   Category: "android.intent.category.DEFAULT"
I/PackageManager( 1569):   Scheme: "mmsto"
I/PackageManager( 1569): Adding preferred activity ComponentInfo{com.android.mms/com.android.mms.ui.ComposeMessageActivity} for user 0 :
I/PackageManager( 1569): Adding preferred activity ComponentInfo{com.android.mms/com.android.mms.ui.ComposeMessageActivity} for user 0 :
D/EGL_emulation( 1963): eglMakeCurrent: 0xb8579830: ver 3 0
I/PackageManager( 1569):   Action: "android.intent.action.SENDTO"
I/PackageManager( 1569):   Category: "android.intent.category.DEFAULT"
I/PackageManager( 1569):   Scheme: "sms"
I/PackageManager( 1569): Adding preferred activity ComponentInfo{com.android.mms/com.android.mms.ui.ComposeMessageActivity} for user 0 :
D/dalvikvm( 1847): GC_FOR_ALLOC freed 397K, 17% free 3665K/4392K, paused 2ms, total 2ms
I/PackageManager( 1569):   Action: "android.intent.action.SENDTO"
I/PackageManager( 1569):   Category: "android.intent.category.DEFAULT"
I/PackageManager( 1569):   Scheme: "smsto"
I/PackageManager( 1569): Adding preferred activity ComponentInfo{com.android.mms/com.android.mms.ui.ComposeMessageActivity} for user 0 :
I/PackageManager( 1569):   Action: "android.intent.action.SENDTO"
I/PackageManager( 1569):   Category: "android.intent.category.DEFAULT"
I/PackageManager( 1569):   Scheme: "mms"
I/PackageManager( 1569):   Action: "android.intent.action.SENDTO"
I/PackageManager( 1569):   Category: "android.intent.category.DEFAULT"
I/PackageManager( 1569):   Scheme: "mmsto"
I/PackageManager( 1569): Adding preferred activity ComponentInfo{com.android.mms/com.android.mms.ui.ComposeMessageActivity} for user 0 :
I/PackageManager( 1569): Adding preferred activity ComponentInfo{com.android.mms/com.android.mms.ui.ComposeMessageActivity} for user 0 :
I/Icing   ( 2196): Indexing com.google.android.gms-apps from com.google.android.gms
I/Icing   ( 2196): Indexing done com.google.android.gms-apps
I/Icing   ( 2196): IndexChimeraService.getServiceInterface callingPackage=com.google.android.googlequicksearchbox componentName=null serviceId=21
W/Icing.InternalIcingCorporaProvider( 2329): Application table change notification failed.
D/EGL_emulation( 1963): eglMakeCurrent: 0xb8579830: ver 3 0
W/Icing   ( 2196): No valid account for uploading user actions
I/Icing   ( 2196): Usage reports ok 0, Failed Usage reports 0, indexed 0, rejected 0
D/EGL_emulation( 1963): eglMakeCurrent: 0xb8579830: ver 3 0
D/EGL_emulation( 1963): eglMakeCurrent: 0xb8579830: ver 3 0
D/EGL_emulation( 1963): eglMakeCurrent: 0xb8579830: ver 3 0
D/dalvikvm( 1963): GC_FOR_ALLOC freed 10013K, 61% free 19009K/48124K, paused 4ms, total 4ms
D/EGL_emulation( 1963): eglMakeCurrent: 0xb8579830: ver 3 0
D/AndroidRuntime( 4153): 
D/AndroidRuntime( 4153): >>>>>> AndroidRuntime START com.android.internal.os.RuntimeInit <<<<<<
W/linker  ( 4153): libdvm.so has text relocations. This is wasting memory and is a security risk. Please fix.
D/AndroidRuntime( 4153): CheckJNI is ON
D/dalvikvm( 4153): Trying to load lib libjavacore.so 0x0
D/dalvikvm( 4153): Added shared lib libjavacore.so 0x0
D/dalvikvm( 4153): Trying to load lib libnativehelper.so 0x0
D/dalvikvm( 4153): Added shared lib libnativehelper.so 0x0
D/dalvikvm( 4153): No JNI_OnLoad found in libnativehelper.so 0x0, skipping init
D/dalvikvm( 4153): Note: class Landroid/app/ActivityManagerNative; has 179 unimplemented (abstract) methods
D/dalvikvm( 1963): GC_FOR_ALLOC freed 540K, 58% free 20222K/48124K, paused 5ms, total 5ms
E/memtrack( 4153): Couldn't load memtrack module (No such file or directory)
E/android.os.Debug( 4153): failed to load memtrack module: -2
D/dalvikvm( 1963): GC_FOR_ALLOC freed 61K, 55% free 22093K/48124K, paused 4ms, total 4ms
D/AndroidRuntime( 4153): Calling main entry com.android.commands.am.Am
I/ActivityManager( 1569): Force stopping org.hwyl.sexytopo appid=10064 user=0: start instr
D/dalvikvm( 1963): GC_FOR_ALLOC freed 165K, 51% free 23976K/48124K, paused 2ms, total 2ms
I/ActivityManager( 1569): Start proc org.hwyl.sexytopo for added application org.hwyl.sexytopo: pid=4164 uid=10064 gids={50064, 3002, 3001, 1028, 1015, 3003}
I/dalvikvm( 4164): Could not find method androidx.core.app.ComponentActivity.onRequestPermissionsResult, referenced from method androidx.activity.ComponentActivity.onRequestPermissionsResult
W/dalvikvm( 4164): VFY: unable to resolve virtual method 9320: Landroidx/core/app/ComponentActivity;.onRequestPermissionsResult (I[Ljava/lang/String;[I)V
D/dalvikvm( 4164): VFY: replacing opcode 0x6f at 0x0020
I/TestRunner( 4164): started: testApplication(it.unina.android.ripper.RipperTestCase)
V/AndroidRipperService( 4084): onBind()
V/AndroidRipperService( 4084): onBind()
V/AndroidRipperService( 4084): register()
I/ActivityManager( 1569): START u0 {act=android.intent.action.MAIN flg=0x10000000 cmp=org.hwyl.sexytopo/.control.activity.StartUpActivity} from pid 4164
D/dalvikvm( 1569): GC_FOR_ALLOC freed 1479K, 48% free 12113K/23060K, paused 9ms, total 9ms
I/dalvikvm( 4164): Could not find method android.os.Handler.createAsync, referenced from method androidx.arch.core.executor.DefaultTaskExecutor.createAsync
W/dalvikvm( 4164): VFY: unable to resolve static method 1476: Landroid/os/Handler;.createAsync (Landroid/os/Looper;)Landroid/os/Handler;
D/dalvikvm( 4164): VFY: replacing opcode 0x71 at 0x0006
I/dalvikvm( 4164): Could not find method android.graphics.drawable.Drawable.inflate, referenced from method androidx.appcompat.widget.ResourceManagerInternal$DrawableDelegate.createFromXmlInner
W/dalvikvm( 4164): VFY: unable to resolve virtual method 1224: Landroid/graphics/drawable/Drawable;.inflate (Landroid/content/res/Resources;Lorg/xmlpull/v1/XmlPullParser;Landroid/util/AttributeSet;Landroid/content/res/Resources$Theme;)V
D/dalvikvm( 4164): VFY: replacing opcode 0x6e at 0x0030
I/dalvikvm( 4164): Could not find method android.view.Window$Callback.onPointerCaptureChanged, referenced from method androidx.appcompat.view.WindowCallbackWrapper.onPointerCaptureChanged
W/dalvikvm( 4164): VFY: unable to resolve interface method 2563: Landroid/view/Window$Callback;.onPointerCaptureChanged (Z)V
D/dalvikvm( 4164): VFY: replacing opcode 0x72 at 0x0002
I/dalvikvm( 4164): Could not find method android.view.Window$Callback.onProvideKeyboardShortcuts, referenced from method androidx.appcompat.view.WindowCallbackWrapper.onProvideKeyboardShortcuts
W/dalvikvm( 4164): VFY: unable to resolve interface method 2565: Landroid/view/Window$Callback;.onProvideKeyboardShortcuts (Ljava/util/List;Landroid/view/Menu;I)V
D/dalvikvm( 4164): VFY: replacing opcode 0x72 at 0x0002
W/dalvikvm( 4164): VFY: unable to find class referenced in signature (Landroid/view/SearchEvent;)
I/dalvikvm( 4164): Could not find method android.view.Window$Callback.onSearchRequested, referenced from method androidx.appcompat.view.WindowCallbackWrapper.onSearchRequested
W/dalvikvm( 4164): VFY: unable to resolve interface method 2567: Landroid/view/Window$Callback;.onSearchRequested (Landroid/view/SearchEvent;)Z
D/dalvikvm( 4164): VFY: replacing opcode 0x72 at 0x0002
I/dalvikvm( 4164): Could not find method android.view.Window$Callback.onWindowStartingActionMode, referenced from method androidx.appcompat.view.WindowCallbackWrapper.onWindowStartingActionMode
W/dalvikvm( 4164): VFY: unable to resolve interface method 2571: Landroid/view/Window$Callback;.onWindowStartingActionMode (Landroid/view/ActionMode$Callback;I)Landroid/view/ActionMode;
D/dalvikvm( 4164): VFY: replacing opcode 0x72 at 0x0002
I/dalvikvm( 4164): Could not find method android.content.res.TypedArray.getChangingConfigurations, referenced from method androidx.appcompat.widget.TintTypedArray.getChangingConfigurations
W/dalvikvm( 4164): VFY: unable to resolve virtual method 905: Landroid/content/res/TypedArray;.getChangingConfigurations ()I
D/dalvikvm( 4164): VFY: replacing opcode 0x6e at 0x0002
I/dalvikvm( 4164): Could not find method android.content.res.TypedArray.getType, referenced from method androidx.appcompat.widget.TintTypedArray.getType
W/dalvikvm( 4164): VFY: unable to resolve virtual method 927: Landroid/content/res/TypedArray;.getType (I)I
D/dalvikvm( 4164): VFY: replacing opcode 0x6e at 0x0008
D/gralloc_ranchu( 1143): gralloc_alloc: Creating ashmem region of size 7753728
I/dalvikvm( 4164): Could not find method android.content.Context.createDeviceProtectedStorageContext, referenced from method androidx.core.content.ContextCompat.createDeviceProtectedStorageContext
W/dalvikvm( 4164): VFY: unable to resolve virtual method 603: Landroid/content/Context;.createDeviceProtectedStorageContext ()Landroid/content/Context;
D/dalvikvm( 4164): VFY: replacing opcode 0x6e at 0x0006
I/dalvikvm( 4164): Could not find method android.content.Context.getCodeCacheDir, referenced from method androidx.core.content.ContextCompat.getCodeCacheDir
W/dalvikvm( 4164): VFY: unable to resolve virtual method 610: Landroid/content/Context;.getCodeCacheDir ()Ljava/io/File;
D/dalvikvm( 4164): VFY: replacing opcode 0x6e at 0x0006
I/dalvikvm( 4164): Could not find method android.content.Context.getColor, referenced from method androidx.core.content.ContextCompat.getColor
W/dalvikvm( 4164): VFY: unable to resolve virtual method 611: Landroid/content/Context;.getColor (I)I
D/dalvikvm( 4164): VFY: replacing opcode 0x6e at 0x0006
I/dalvikvm( 4164): Could not find method android.content.Context.getColorStateList, referenced from method androidx.core.content.ContextCompat.getColorStateList
W/dalvikvm( 4164): VFY: unable to resolve virtual method 612: Landroid/content/Context;.getColorStateList (I)Landroid/content/res/ColorStateList;
D/dalvikvm( 4164): VFY: replacing opcode 0x6e at 0x0006
I/dalvikvm( 4164): Could not find method android.content.Context.getDataDir, referenced from method androidx.core.content.ContextCompat.getDataDir
W/dalvikvm( 4164): VFY: unable to resolve virtual method 614: Landroid/content/Context;.getDataDir ()Ljava/io/File;
D/dalvikvm( 4164): VFY: replacing opcode 0x6e at 0x0006
I/dalvikvm( 4164): Could not find method android.content.Context.getDrawable, referenced from method androidx.core.content.ContextCompat.getDrawable
W/dalvikvm( 4164): VFY: unable to resolve virtual method 615: Landroid/content/Context;.getDrawable (I)Landroid/graphics/drawable/Drawable;
D/dalvikvm( 4164): VFY: replacing opcode 0x6e at 0x0006
I/dalvikvm( 4164): Could not find method android.content.Context.getMainExecutor, referenced from method androidx.core.content.ContextCompat.getMainExecutor
W/dalvikvm( 4164): VFY: unable to resolve virtual method 622: Landroid/content/Context;.getMainExecutor ()Ljava/util/concurrent/Executor;
D/dalvikvm( 4164): VFY: replacing opcode 0x6e at 0x0006
I/dalvikvm( 4164): Could not find method android.content.Context.getNoBackupFilesDir, referenced from method androidx.core.content.ContextCompat.getNoBackupFilesDir
W/dalvikvm( 4164): VFY: unable to resolve virtual method 624: Landroid/content/Context;.getNoBackupFilesDir ()Ljava/io/File;
D/dalvikvm( 4164): VFY: replacing opcode 0x6e at 0x0006
I/dalvikvm( 4164): Could not find method android.content.Context.getSystemService, referenced from method androidx.core.content.ContextCompat.getSystemService
W/dalvikvm( 4164): VFY: unable to resolve virtual method 633: Landroid/content/Context;.getSystemService (Ljava/lang/Class;)Ljava/lang/Object;
D/dalvikvm( 4164): VFY: replacing opcode 0x6e at 0x0006
I/dalvikvm( 4164): Could not find method android.content.Context.getSystemServiceName, referenced from method androidx.core.content.ContextCompat.getSystemServiceName
W/dalvikvm( 4164): VFY: unable to resolve virtual method 635: Landroid/content/Context;.getSystemServiceName (Ljava/lang/Class;)Ljava/lang/String;
D/dalvikvm( 4164): VFY: replacing opcode 0x6e at 0x0006
I/dalvikvm( 4164): Could not find method android.content.Context.isDeviceProtectedStorage, referenced from method androidx.core.content.ContextCompat.isDeviceProtectedStorage
W/dalvikvm( 4164): VFY: unable to resolve virtual method 638: Landroid/content/Context;.isDeviceProtectedStorage ()Z
D/dalvikvm( 4164): VFY: replacing opcode 0x6e at 0x0006
I/dalvikvm( 4164): Could not find method android.content.Context.startForegroundService, referenced from method androidx.core.content.ContextCompat.startForegroundService
W/dalvikvm( 4164): VFY: unable to resolve virtual method 654: Landroid/content/Context;.startForegroundService (Landroid/content/Intent;)Landroid/content/ComponentName;
D/dalvikvm( 4164): VFY: replacing opcode 0x6e at 0x0006
D/dalvikvm( 4164): GC_CONCURRENT freed 238K, 13% free 3149K/3584K, paused 0ms+1ms, total 4ms
W/dalvikvm( 4164): VFY: unable to find class referenced in signature (Landroid/view/WindowInsets;)
W/dalvikvm( 4164): VFY: unable to find class referenced in signature (Landroid/view/WindowInsets;)
W/dalvikvm( 4164): VFY: unable to find class referenced in signature (Landroid/view/WindowInsets;)
W/dalvikvm( 4164): VFY: unable to find class referenced in signature (Landroid/view/WindowInsets;)
W/dalvikvm( 4164): VFY: unable to find class referenced in signature (Landroid/view/WindowInsets;)
W/dalvikvm( 4164): VFY: unable to find class referenced in signature (Landroid/view/WindowInsets;)
W/dalvikvm( 4164): VFY: unable to find class referenced in signature (Landroid/view/WindowInsets;)
W/dalvikvm( 4164): VFY: unable to find class referenced in signature (Landroid/view/WindowInsets;)
W/dalvikvm( 4164): VFY: unable to find class referenced in signature (Landroid/view/WindowInsets;)
E/dalvikvm( 4164): Could not find class 'android.view.WindowInsets', referenced from method androidx.core.view.WindowInsetsCompat.toWindowInsetsCompat
W/dalvikvm( 4164): VFY: unable to resolve check-cast 460 (Landroid/view/WindowInsets;) in Landroidx/core/view/WindowInsetsCompat;
D/dalvikvm( 4164): VFY: replacing opcode 0x1f at 0x0006
W/dalvikvm( 4164): VFY: unable to find class referenced in signature (Landroid/view/WindowInsets;)
I/dalvikvm( 4164): Could not find method androidx.appcompat.widget.ActionBarContainer.invalidateOutline, referenced from method androidx.appcompat.widget.ActionBarContainer.setPrimaryBackground
W/dalvikvm( 4164): VFY: unable to resolve virtual method 6273: Landroidx/appcompat/widget/ActionBarContainer;.invalidateOutline ()V
D/dalvikvm( 4164): VFY: replacing opcode 0x6e at 0x0054
I/dalvikvm( 4164): Could not find method androidx.appcompat.widget.ActionBarContainer.invalidateOutline, referenced from method androidx.appcompat.widget.ActionBarContainer.setSplitBackground
W/dalvikvm( 4164): VFY: unable to resolve virtual method 6273: Landroidx/appcompat/widget/ActionBarContainer;.invalidateOutline ()V
D/dalvikvm( 4164): VFY: replacing opcode 0x6e at 0x0048
I/dalvikvm( 4164): Could not find method androidx.appcompat.widget.ActionBarContainer.invalidateOutline, referenced from method androidx.appcompat.widget.ActionBarContainer.setStackedBackground
W/dalvikvm( 4164): VFY: unable to resolve virtual method 6273: Landroidx/appcompat/widget/ActionBarContainer;.invalidateOutline ()V
D/dalvikvm( 4164): VFY: replacing opcode 0x6e at 0x0058
I/dalvikvm( 4164): Could not find method android.widget.FrameLayout.startActionModeForChild, referenced from method androidx.appcompat.widget.ActionBarContainer.startActionModeForChild
W/dalvikvm( 4164): VFY: unable to resolve virtual method 3172: Landroid/widget/FrameLayout;.startActionModeForChild (Landroid/view/View;Landroid/view/ActionMode$Callback;I)Landroid/view/ActionMode;
D/dalvikvm( 4164): VFY: replacing opcode 0x6f at 0x0002
W/dalvikvm( 4164): VFY: unable to find class referenced in signature (Landroid/graphics/Outline;)
I/dalvikvm( 4164): Could not find method android.graphics.drawable.Drawable.getOutline, referenced from method androidx.appcompat.widget.ActionBarBackgroundDrawable.getOutline
W/dalvikvm( 4164): VFY: unable to resolve virtual method 1219: Landroid/graphics/drawable/Drawable;.getOutline (Landroid/graphics/Outline;)V
D/dalvikvm( 4164): VFY: replacing opcode 0x6e at 0x0010
I/dalvikvm( 4164): Could not find method android.graphics.drawable.Drawable.getOutline, referenced from method androidx.appcompat.widget.ActionBarBackgroundDrawable.getOutline
W/dalvikvm( 4164): VFY: unable to resolve virtual method 1219: Landroid/graphics/drawable/Drawable;.getOutline (Landroid/graphics/Outline;)V
D/dalvikvm( 4164): VFY: replacing opcode 0x6e at 0x001e
I/dalvikvm( 4164): Could not find method android.view.View.addKeyboardNavigationClusters, referenced from method androidx.core.view.ViewCompat.addKeyboardNavigationClusters
W/dalvikvm( 4164): VFY: unable to resolve virtual method 2125: Landroid/view/View;.addKeyboardNavigationClusters (Ljava/util/Collection;I)V
D/dalvikvm( 4164): VFY: replacing opcode 0x6e at 0x0006
I/dalvikvm( 4164): Could not find method android.view.View.cancelDragAndDrop, referenced from method androidx.core.view.ViewCompat.cancelDragAndDrop
W/dalvikvm( 4164): VFY: unable to resolve virtual method 2133: Landroid/view/View;.cancelDragAndDrop ()V
D/dalvikvm( 4164): VFY: replacing opcode 0x6e at 0x0006
W/dalvikvm( 4164): VFY: unable to find class referenced in signature (Landroid/view/WindowInsets;)
I/dalvikvm( 4164): Could not find method android.view.View.dispatchApplyWindowInsets, referenced from method androidx.core.view.ViewCompat.dispatchApplyWindowInsets
W/dalvikvm( 4164): VFY: unable to resolve virtual method 2140: Landroid/view/View;.dispatchApplyWindowInsets (Landroid/view/WindowInsets;)Landroid/view/WindowInsets;
D/dalvikvm( 4164): VFY: replacing opcode 0x6e at 0x000c
I/dalvikvm( 4164): Could not find method android.view.View.dispatchNestedFling, referenced from method androidx.core.view.ViewCompat.dispatchNestedFling
W/dalvikvm( 4164): VFY: unable to resolve virtual method 2144: Landroid/view/View;.dispatchNestedFling (FFZ)Z
D/dalvikvm( 4164): VFY: replacing opcode 0x6e at 0x0006
I/dalvikvm( 4164): Could not find method android.view.View.dispatchNestedPreFling, referenced from method androidx.core.view.ViewCompat.dispatchNestedPreFling
W/dalvikvm( 4164): VFY: unable to resolve virtual method 2145: Landroid/view/View;.dispatchNestedPreFling (FF)Z
D/dalvikvm( 4164): VFY: replacing opcode 0x6e at 0x0006
I/dalvikvm( 4164): Could not find method android.view.View.dispatchNestedPreScroll, referenced from method androidx.core.view.ViewCompat.dispatchNestedPreScroll
W/dalvikvm( 4164): VFY: unable to resolve virtual method 2146: Landroid/view/View;.dispatchNestedPreScroll (II[I[I)Z
D/dalvikvm( 4164): VFY: replacing opcode 0x6e at 0x0006
I/dalvikvm( 4164): Could not find method android.view.View.dispatchNestedScroll, referenced from method androidx.core.view.ViewCompat.dispatchNestedScroll
W/dalvikvm( 4164): VFY: unable to resolve virtual method 2147: Landroid/view/View;.dispatchNestedScroll (IIII[I)Z
D/dalvikvm( 4164): VFY: replacing opcode 0x74 at 0x0006
I/dalvikvm( 4164): Could not find method android.view.View.getBackgroundTintList, referenced from method androidx.core.view.ViewCompat.getBackgroundTintList
W/dalvikvm( 4164): VFY: unable to resolve virtual method 2164: Landroid/view/View;.getBackgroundTintList ()Landroid/content/res/ColorStateList;
D/dalvikvm( 4164): VFY: replacing opcode 0x6e at 0x0006
I/dalvikvm( 4164): Could not find method android.view.View.getBackgroundTintMode, referenced from method androidx.core.view.ViewCompat.getBackgroundTintMode
W/dalvikvm( 4164): VFY: unable to resolve virtual method 2165: Landroid/view/View;.getBackgroundTintMode ()Landroid/graphics/PorterDuff$Mode;
D/dalvikvm( 4164): VFY: replacing opcode 0x6e at 0x0006
I/dalvikvm( 4164): Could not find method android.view.View.getElevation, referenced from method androidx.core.view.ViewCompat.getElevation
W/dalvikvm( 4164): VFY: unable to resolve virtual method 2173: Landroid/view/View;.getElevation ()F
D/dalvikvm( 4164): VFY: replacing opcode 0x6e at 0x0006
I/dalvikvm( 4164): Could not find method android.view.View.getImportantForAutofill, referenced from method androidx.core.view.ViewCompat.getImportantForAutofill
W/dalvikvm( 4164): VFY: unable to resolve virtual method 2180: Landroid/view/View;.getImportantForAutofill ()I
D/dalvikvm( 4164): VFY: replacing opcode 0x6e at 0x0006
I/dalvikvm( 4164): Could not find method android.view.View.getNextClusterForwardId, referenced from method androidx.core.view.ViewCompat.getNextClusterForwardId
W/dalvikvm( 4164): VFY: unable to resolve virtual method 2198: Landroid/view/View;.getNextClusterForwardId ()I
D/dalvikvm( 4164): VFY: replacing opcode 0x6e at 0x0006
I/dalvikvm( 4164): Could not find method android.view.View.getScrollIndicators, referenced from method androidx.core.view.ViewCompat.getScrollIndicators
W/dalvikvm( 4164): VFY: unable to resolve virtual method 2218: Landroid/view/View;.getScrollIndicators ()I
D/dalvikvm( 4164): VFY: replacing opcode 0x6e at 0x0006
I/dalvikvm( 4164): Could not find method android.view.View.getSystemGestureExclusionRects, referenced from method androidx.core.view.ViewCompat.getSystemGestureExclusionRects
W/dalvikvm( 4164): VFY: unable to resolve virtual method 2222: Landroid/view/View;.getSystemGestureExclusionRects ()Ljava/util/List;
D/dalvikvm( 4164): VFY: replacing opcode 0x6e at 0x0006
I/dalvikvm( 4164): Could not find method android.view.View.getTransitionName, referenced from method androidx.core.view.ViewCompat.getTransitionName
W/dalvikvm( 4164): VFY: unable to resolve virtual method 2227: Landroid/view/View;.getTransitionName ()Ljava/lang/String;
D/dalvikvm( 4164): VFY: replacing opcode 0x6e at 0x0006
I/dalvikvm( 4164): Could not find method android.view.View.getTranslationZ, referenced from method androidx.core.view.ViewCompat.getTranslationZ
W/dalvikvm( 4164): VFY: unable to resolve virtual method 2230: Landroid/view/View;.getTranslationZ ()F
D/dalvikvm( 4164): VFY: replacing opcode 0x6e at 0x0006
I/dalvikvm( 4164): Could not find method android.view.View.getZ, referenced from method androidx.core.view.ViewCompat.getZ
W/dalvikvm( 4164): VFY: unable to resolve virtual method 2241: Landroid/view/View;.getZ ()F
D/dalvikvm( 4164): VFY: replacing opcode 0x6e at 0x0006
I/dalvikvm( 4164): Could not find method android.view.View.hasExplicitFocusable, referenced from method androidx.core.view.ViewCompat.hasExplicitFocusable
W/dalvikvm( 4164): VFY: unable to resolve virtual method 2242: Landroid/view/View;.hasExplicitFocusable ()Z
D/dalvikvm( 4164): VFY: replacing opcode 0x6e at 0x0006
I/dalvikvm( 4164): Could not find method android.view.View.hasNestedScrollingParent, referenced from method androidx.core.view.ViewCompat.hasNestedScrollingParent
W/dalvikvm( 4164): VFY: unable to resolve virtual method 2245: Landroid/view/View;.hasNestedScrollingParent ()Z
D/dalvikvm( 4164): VFY: replacing opcode 0x6e at 0x0006
I/dalvikvm( 4164): Could not find method android.view.View.isFocusedByDefault, referenced from method androidx.core.view.ViewCompat.isFocusedByDefault
W/dalvikvm( 4164): VFY: unable to resolve virtual method 2256: Landroid/view/View;.isFocusedByDefault ()Z
D/dalvikvm( 4164): VFY: replacing opcode 0x6e at 0x0006
I/dalvikvm( 4164): Could not find method android.view.View.isImportantForAutofill, referenced from method androidx.core.view.ViewCompat.isImportantForAutofill
W/dalvikvm( 4164): VFY: unable to resolve virtual method 2258: Landroid/view/View;.isImportantForAutofill ()Z
D/dalvikvm( 4164): VFY: replacing opcode 0x6e at 0x0006
I/dalvikvm( 4164): Could not find method android.view.View.isKeyboardNavigationCluster, referenced from method androidx.core.view.ViewCompat.isKeyboardNavigationCluster
W/dalvikvm( 4164): VFY: unable to resolve virtual method 2261: Landroid/view/View;.isKeyboardNavigationCluster ()Z
D/dalvikvm( 4164): VFY: replacing opcode 0x6e at 0x0006
I/dalvikvm( 4164): Could not find method android.view.View.isNestedScrollingEnabled, referenced from method androidx.core.view.ViewCompat.isNestedScrollingEnabled
W/dalvikvm( 4164): VFY: unable to resolve virtual method 2265: Landroid/view/View;.isNestedScrollingEnabled ()Z
D/dalvikvm( 4164): VFY: replacing opcode 0x6e at 0x0006
I/dalvikvm( 4164): Could not find method android.view.View.keyboardNavigationClusterSearch, referenced from method androidx.core.view.ViewCompat.keyboardNavigationClusterSearch
W/dalvikvm( 4164): VFY: unable to resolve virtual method 2272: Landroid/view/View;.keyboardNavigationClusterSearch (Landroid/view/View;I)Landroid/view/View;
D/dalvikvm( 4164): VFY: replacing opcode 0x6e at 0x0006
W/dalvikvm( 4164): VFY: unable to find class referenced in signature (Landroid/view/WindowInsets;)
I/dalvikvm( 4164): Could not find method android.view.View.onApplyWindowInsets, referenced from method androidx.core.view.ViewCompat.onApplyWindowInsets
W/dalvikvm( 4164): VFY: unable to resolve virtual method 2277: Landroid/view/View;.onApplyWindowInsets (Landroid/view/WindowInsets;)Landroid/view/WindowInsets;
D/dalvikvm( 4164): VFY: replacing opcode 0x6e at 0x000c
I/dalvikvm( 4164): Could not find method android.view.View.requestApplyInsets, referenced from method androidx.core.view.ViewCompat.requestApplyInsets
W/dalvikvm( 4164): VFY: unable to resolve virtual method 2298: Landroid/view/View;.requestApplyInsets ()V
D/dalvikvm( 4164): VFY: replacing opcode 0x6e at 0x0006
I/dalvikvm( 4164): Could not find method android.view.View.requireViewById, referenced from method androidx.core.view.ViewCompat.requireViewById
W/dalvikvm( 4164): VFY: unable to resolve virtual method 2304: Landroid/view/View;.requireViewById (I)Landroid/view/View;
D/dalvikvm( 4164): VFY: replacing opcode 0x6e at 0x0006
I/dalvikvm( 4164): Could not find method android.view.View.restoreDefaultFocus, referenced from method androidx.core.view.ViewCompat.restoreDefaultFocus
W/dalvikvm( 4164): VFY: unable to resolve virtual method 2306: Landroid/view/View;.restoreDefaultFocus ()Z
D/dalvikvm( 4164): VFY: replacing opcode 0x6e at 0x0006
I/dalvikvm( 4164): Could not find method android.view.View.setAutofillHints, referenced from method androidx.core.view.ViewCompat.setAutofillHints
W/dalvikvm( 4164): VFY: unable to resolve virtual method 2318: Landroid/view/View;.setAutofillHints ([Ljava/lang/String;)V
D/dalvikvm( 4164): VFY: replacing opcode 0x6e at 0x0006
I/dalvikvm( 4164): Could not find method android.view.View.setBackgroundTintList, referenced from method androidx.core.view.ViewCompat.setBackgroundTintList
W/dalvikvm( 4164): VFY: unable to resolve virtual method 2322: Landroid/view/View;.setBackgroundTintList (Landroid/content/res/ColorStateList;)V
D/dalvikvm( 4164): VFY: replacing opcode 0x6e at 0x0006
I/dalvikvm( 4164): Could not find method android.view.View.setBackgroundTintMode, referenced from method androidx.core.view.ViewCompat.setBackgroundTintMode
W/dalvikvm( 4164): VFY: unable to resolve virtual method 2323: Landroid/view/View;.setBackgroundTintMode (Landroid/graphics/PorterDuff$Mode;)V
D/dalvikvm( 4164): VFY: replacing opcode 0x6e at 0x0006
I/dalvikvm( 4164): Could not find method android.view.View.setElevation, referenced from method androidx.core.view.ViewCompat.setElevation
W/dalvikvm( 4164): VFY: unable to resolve virtual method 2325: Landroid/view/View;.setElevation (F)V
D/dalvikvm( 4164): VFY: replacing opcode 0x6e at 0x0006
I/dalvikvm( 4164): Could not find method android.view.View.setFocusedByDefault, referenced from method androidx.core.view.ViewCompat.setFocusedByDefault
W/dalvikvm( 4164): VFY: unable to resolve virtual method 2329: Landroid/view/View;.setFocusedByDefault (Z)V
D/dalvikvm( 4164): VFY: replacing opcode 0x6e at 0x0006
I/dalvikvm( 4164): Could not find method android.view.View.setImportantForAutofill, referenced from method androidx.core.view.ViewCompat.setImportantForAutofill
W/dalvikvm( 4164): VFY: unable to resolve virtual method 2333: Landroid/view/View;.setImportantForAutofill (I)V
D/dalvikvm( 4164): VFY: replacing opcode 0x6e at 0x0006
I/dalvikvm( 4164): Could not find method android.view.View.setKeyboardNavigationCluster, referenced from method androidx.core.view.ViewCompat.setKeyboardNavigationCluster
W/dalvikvm( 4164): VFY: unable to resolve virtual method 2334: Landroid/view/View;.setKeyboardNavigationCluster (Z)V
D/dalvikvm( 4164): VFY: replacing opcode 0x6e at 0x0006
I/dalvikvm( 4164): Could not find method android.view.View.setNestedScrollingEnabled, referenced from method androidx.core.view.ViewCompat.setNestedScrollingEnabled
W/dalvikvm( 4164): VFY: unable to resolve virtual method 2343: Landroid/view/View;.setNestedScrollingEnabled (Z)V
D/dalvikvm( 4164): VFY: replacing opcode 0x6e at 0x0006
I/dalvikvm( 4164): Could not find method android.view.View.setNextClusterForwardId, referenced from method androidx.core.view.ViewCompat.setNextClusterForwardId
W/dalvikvm( 4164): VFY: unable to resolve virtual method 2344: Landroid/view/View;.setNextClusterForwardId (I)V
D/dalvikvm( 4164): VFY: replacing opcode 0x6e at 0x0006
I/dalvikvm( 4164): Could not find method android.view.View.setPointerIcon, referenced from method androidx.core.view.ViewCompat.setPointerIcon
W/dalvikvm( 4164): VFY: unable to resolve virtual method 2356: Landroid/view/View;.setPointerIcon (Landroid/view/PointerIcon;)V
D/dalvikvm( 4164): VFY: replacing opcode 0x6e at 0x0010
I/dalvikvm( 4164): Could not find method android.view.View.setScrollIndicators, referenced from method androidx.core.view.ViewCompat.setScrollIndicators
W/dalvikvm( 4164): VFY: unable to resolve virtual method 2365: Landroid/view/View;.setScrollIndicators (I)V
D/dalvikvm( 4164): VFY: replacing opcode 0x6e at 0x0006
I/dalvikvm( 4164): Could not find method android.view.View.setScrollIndicators, referenced from method androidx.core.view.ViewCompat.setScrollIndicators
W/dalvikvm( 4164): VFY: unable to resolve virtual method 2366: Landroid/view/View;.setScrollIndicators (II)V
D/dalvikvm( 4164): VFY: replacing opcode 0x6e at 0x0006
I/dalvikvm( 4164): Could not find method android.view.View.setSystemGestureExclusionRects, referenced from method androidx.core.view.ViewCompat.setSystemGestureExclusionRects
W/dalvikvm( 4164): VFY: unable to resolve virtual method 2369: Landroid/view/View;.setSystemGestureExclusionRects (Ljava/util/List;)V
D/dalvikvm( 4164): VFY: replacing opcode 0x6e at 0x0006
I/dalvikvm( 4164): Could not find method android.view.View.setTooltipText, referenced from method androidx.core.view.ViewCompat.setTooltipText
W/dalvikvm( 4164): VFY: unable to resolve virtual method 2373: Landroid/view/View;.setTooltipText (Ljava/lang/CharSequence;)V
D/dalvikvm( 4164): VFY: replacing opcode 0x6e at 0x0006
I/dalvikvm( 4164): Could not find method android.view.View.setTransitionName, referenced from method androidx.core.view.ViewCompat.setTransitionName
W/dalvikvm( 4164): VFY: unable to resolve virtual method 2374: Landroid/view/View;.setTransitionName (Ljava/lang/String;)V
D/dalvikvm( 4164): VFY: replacing opcode 0x6e at 0x0006
I/dalvikvm( 4164): Could not find method android.view.View.setTranslationZ, referenced from method androidx.core.view.ViewCompat.setTranslationZ
W/dalvikvm( 4164): VFY: unable to resolve virtual method 2377: Landroid/view/View;.setTranslationZ (F)V
D/dalvikvm( 4164): VFY: replacing opcode 0x6e at 0x0006
I/dalvikvm( 4164): Could not find method android.view.View.setZ, referenced from method androidx.core.view.ViewCompat.setZ
W/dalvikvm( 4164): VFY: unable to resolve virtual method 2382: Landroid/view/View;.setZ (F)V
D/dalvikvm( 4164): VFY: replacing opcode 0x6e at 0x0006
I/dalvikvm( 4164): Could not find method android.view.View.startDragAndDrop, referenced from method androidx.core.view.ViewCompat.startDragAndDrop
W/dalvikvm( 4164): VFY: unable to resolve virtual method 2385: Landroid/view/View;.startDragAndDrop (Landroid/content/ClipData;Landroid/view/View$DragShadowBuilder;Ljava/lang/Object;I)Z
D/dalvikvm( 4164): VFY: replacing opcode 0x6e at 0x0006
I/dalvikvm( 4164): Could not find method android.view.View.startNestedScroll, referenced from method androidx.core.view.ViewCompat.startNestedScroll
W/dalvikvm( 4164): VFY: unable to resolve virtual method 2386: Landroid/view/View;.startNestedScroll (I)Z
D/dalvikvm( 4164): VFY: replacing opcode 0x6e at 0x0006
I/dalvikvm( 4164): Could not find method android.view.View.stopNestedScroll, referenced from method androidx.core.view.ViewCompat.stopNestedScroll
W/dalvikvm( 4164): VFY: unable to resolve virtual method 2387: Landroid/view/View;.stopNestedScroll ()V
D/dalvikvm( 4164): VFY: replacing opcode 0x6e at 0x0006
I/dalvikvm( 4164): Could not find method android.view.View.updateDragShadow, referenced from method androidx.core.view.ViewCompat.updateDragShadow
W/dalvikvm( 4164): VFY: unable to resolve virtual method 2388: Landroid/view/View;.updateDragShadow (Landroid/view/View$DragShadowBuilder;)V
D/dalvikvm( 4164): VFY: replacing opcode 0x6e at 0x0006
I/dalvikvm( 4164): Could not find method android.content.Context.getColorStateList, referenced from method androidx.appcompat.content.res.AppCompatResources.getColorStateList
W/dalvikvm( 4164): VFY: unable to resolve virtual method 612: Landroid/content/Context;.getColorStateList (I)Landroid/content/res/ColorStateList;
D/dalvikvm( 4164): VFY: replacing opcode 0x6e at 0x0006
I/dalvikvm( 4164): Could not find method android.content.res.Resources.getDrawable, referenced from method androidx.appcompat.widget.ResourcesWrapper.getDrawable
W/dalvikvm( 4164): VFY: unable to resolve virtual method 868: Landroid/content/res/Resources;.getDrawable (ILandroid/content/res/Resources$Theme;)Landroid/graphics/drawable/Drawable;
D/dalvikvm( 4164): VFY: replacing opcode 0x6e at 0x0002
I/dalvikvm( 4164): Could not find method android.content.res.Resources.getDrawableForDensity, referenced from method androidx.appcompat.widget.ResourcesWrapper.getDrawableForDensity
W/dalvikvm( 4164): VFY: unable to resolve virtual method 870: Landroid/content/res/Resources;.getDrawableForDensity (IILandroid/content/res/Resources$Theme;)Landroid/graphics/drawable/Drawable;
D/dalvikvm( 4164): VFY: replacing opcode 0x6e at 0x0002
E/dalvikvm( 4164): Could not find class 'android.graphics.drawable.RippleDrawable', referenced from method androidx.appcompat.widget.AppCompatImageHelper.hasOverlappingRendering
W/dalvikvm( 4164): VFY: unable to resolve instanceof 211 (Landroid/graphics/drawable/RippleDrawable;) in Landroidx/appcompat/widget/AppCompatImageHelper;
D/dalvikvm( 4164): VFY: replacing opcode 0x20 at 0x000c
I/dalvikvm( 4164): Could not find method android.widget.TextView.getAutoSizeMaxTextSize, referenced from method androidx.appcompat.widget.AppCompatTextView.getAutoSizeMaxTextSize
W/dalvikvm( 4164): VFY: unable to resolve virtual method 3529: Landroid/widget/TextView;.getAutoSizeMaxTextSize ()I
D/dalvikvm( 4164): VFY: replacing opcode 0x6f at 0x0004
I/dalvikvm( 4164): Could not find method android.widget.TextView.getAutoSizeMinTextSize, referenced from method androidx.appcompat.widget.AppCompatTextView.getAutoSizeMinTextSize
W/dalvikvm( 4164): VFY: unable to resolve virtual method 3530: Landroid/widget/TextView;.getAutoSizeMinTextSize ()I
D/dalvikvm( 4164): VFY: replacing opcode 0x6f at 0x0004
I/dalvikvm( 4164): Could not find method android.widget.TextView.getAutoSizeStepGranularity, referenced from method androidx.appcompat.widget.AppCompatTextView.getAutoSizeStepGranularity
W/dalvikvm( 4164): VFY: unable to resolve virtual method 3531: Landroid/widget/TextView;.getAutoSizeStepGranularity ()I
D/dalvikvm( 4164): VFY: replacing opcode 0x6f at 0x0004
I/dalvikvm( 4164): Could not find method android.widget.TextView.getAutoSizeTextAvailableSizes, referenced from method androidx.appcompat.widget.AppCompatTextView.getAutoSizeTextAvailableSizes
W/dalvikvm( 4164): VFY: unable to resolve virtual method 3532: Landroid/widget/TextView;.getAutoSizeTextAvailableSizes ()[I
D/dalvikvm( 4164): VFY: replacing opcode 0x6f at 0x0004
I/dalvikvm( 4164): Could not find method android.widget.TextView.getAutoSizeTextType, referenced from method androidx.appcompat.widget.AppCompatTextView.getAutoSizeTextType
W/dalvikvm( 4164): VFY: unable to resolve virtual method 3533: Landroid/widget/TextView;.getAutoSizeTextType ()I
D/dalvikvm( 4164): VFY: replacing opcode 0x6f at 0x0005
I/dalvikvm( 4164): Could not find method android.widget.TextView.getTextClassifier, referenced from method androidx.appcompat.widget.AppCompatTextView.getTextClassifier
W/dalvikvm( 4164): VFY: unable to resolve virtual method 3569: Landroid/widget/TextView;.getTextClassifier ()Landroid/view/textclassifier/TextClassifier;
D/dalvikvm( 4164): VFY: replacing opcode 0x6f at 0x0010
W/dalvikvm( 4164): VFY: unable to find class referenced in signature (Landroid/view/textclassifier/TextClassifier;)
W/dalvikvm( 4164): VFY: unable to find class referenced in signature (Landroid/view/textclassifier/TextClassifier;)
I/dalvikvm( 4164): Could not find method android.widget.TextView.setAutoSizeTextTypeUniformWithConfiguration, referenced from method androidx.appcompat.widget.AppCompatTextView.setAutoSizeTextTypeUniformWithConfiguration
W/dalvikvm( 4164): VFY: unable to resolve virtual method 3596: Landroid/widget/TextView;.setAutoSizeTextTypeUniformWithConfiguration (IIII)V
D/dalvikvm( 4164): VFY: replacing opcode 0x6f at 0x0004
I/dalvikvm( 4164): Could not find method android.widget.TextView.setAutoSizeTextTypeUniformWithPresetSizes, referenced from method androidx.appcompat.widget.AppCompatTextView.setAutoSizeTextTypeUniformWithPresetSizes
W/dalvikvm( 4164): VFY: unable to resolve virtual method 3597: L