W/AudioService( 1569): Soundpool could not load file: /system/media/audio/ui/KeypressDelete.ogg
E/SoundPool( 1569): error loading /system/media/audio/ui/KeypressReturn.ogg
W/AudioService( 1569): Soundpool could not load file: /system/media/audio/ui/KeypressReturn.ogg
E/SoundPool( 1569): error loading /system/media/audio/ui/KeypressInvalid.ogg
W/AudioService( 1569): Soundpool could not load file: /system/media/audio/ui/KeypressInvalid.ogg
W/AudioService( 1569): onLoadSoundEffects(), Error -1 while loading samples
I/Process ( 3843): Sending signal. PID: 3843 SIG: 9
I/ActivityManager( 1569): Process io.librehealth.toolkit.cost_of_care (pid 3843) has died.
W/InputMethodManagerService( 1569): Window already focused, ignoring focus gain of: com.android.internal.view.IInputMethodClient$Stub$Proxy@9d2dcb18 attribute=null, token = android.os.BinderProxy@9d3fd5c0
I/Vision  ( 2196): Requesting optional module download of ocr.
I/Vision  ( 2196): Checking for download completion for 167542 -- ocr
I/Vision  ( 2196): Requesting optional module download of ocr.
I/Vision  ( 2196): Exceeded maximum feature download tries for ocr
W/Vision  ( 2196): Request of optional module download of ocr failed.
I/Vision  ( 2196): Checking for download completion for 177553 -- ocr
I/Vision  ( 2196): Requesting optional module download of ocr.
I/Vision  ( 2196): Checking for download completion for 187562 -- ocr
I/ChimeraConfigurator( 2196): Starting update, reason: 4 urgentFeatures: vision.ocr:-1
E/ConfigFileUtils( 2196): Failed to read config file: /data/data/com.google.android.gms/app_chimera/next_container.pb: open failed: ENOENT (No such file or directory)
I/ChmraDebugLogger( 2196): [73] 1801
I/ChmraDebugLogger( 2196): [30] [VisionOcr.optional:202414000700] permitMetered=true,
W/ChimeraConfigService( 2196): Retry attempt was throttled.
I/Vision  ( 2196): Requesting optional module download of ocr.
D/dalvikvm( 2196): GC_FOR_ALLOC freed 2190K, 13% free 21466K/24592K, paused 21ms, total 21ms
I/Vision  ( 2196): Checking for download completion for 197574 -- ocr
I/Vision  ( 2196): Requesting optional module download of ocr.
I/Vision  ( 2196): Checking for download completion for 207583 -- ocr
I/NetworkScheduler.Stats( 1790): Task com.google.android.gms/com.google.android.gms.auth.account.be.legacy.AuthCronService started execution. cause:4 exec_start_elapsed_seconds: 197 [CONTEXT service_id=218 ]
D/EGL_emulation( 2547): eglCreateContext: 0xb853ba90: maj 3 min 0 rcv 3
D/EGL_emulation( 2547): eglMakeCurrent: 0xb853ba90: ver 3 0
E/eglCodecCommon( 2547): glUtilsParamSize: unknow param 0x00008cdf
E/eglCodecCommon( 2547): glUtilsParamSize: unknow param 0x00008824
W/GLSUser ( 1812): [AppCertManager] IOException while requesting key: 
W/GLSUser ( 1812): java.io.IOException: Invalid device key response.
W/GLSUser ( 1812): 	at gtl.a(:com.google.android.gms@202414005@20.24.14 (000700-319035315):49)
W/GLSUser ( 1812): 	at gtj.b(:com.google.android.gms@202414005@20.24.14 (000700-319035315):2)
W/GLSUser ( 1812): 	at gte.a(:com.google.android.gms@202414005@20.24.14 (000700-319035315):0)
W/GLSUser ( 1812): 	at gth.a(:com.google.android.gms@202414005@20.24.14 (000700-319035315):10)
W/GLSUser ( 1812): 	at eyt.call(:com.google.android.gms@202414005@20.24.14 (000700-319035315):0)
W/GLSUser ( 1812): 	at java.util.concurrent.FutureTask.run(FutureTask.java:237)
W/GLSUser ( 1812): 	at nlp.b(:com.google.android.gms@202414005@20.24.14 (000700-319035315):12)
W/GLSUser ( 1812): 	at nlp.run(:com.google.android.gms@202414005@20.24.14 (000700-319035315):7)
W/GLSUser ( 1812): 	at java.util.concurrent.ThreadPoolExecutor.runWorker(ThreadPoolExecutor.java:1112)
W/GLSUser ( 1812): 	at java.util.concurrent.ThreadPoolExecutor$Worker.run(ThreadPoolExecutor.java:587)
W/GLSUser ( 1812): 	at nrd.run(:com.google.android.gms@202414005@20.24.14 (000700-319035315):0)
W/GLSUser ( 1812): 	at java.lang.Thread.run(Thread.java:841)
I/NetworkScheduler.Stats( 1790): Task com.google.android.gms/com.google.android.gms.auth.account.be.legacy.AuthCronService finished executing. cause:4 result: 3 elapsed_millis: 115 uptime_millis: 115 exec_start_elapsed_seconds: 197 [CONTEXT service_id=218 ]
D/AndroidRuntime( 3896): 
D/AndroidRuntime( 3896): >>>>>> AndroidRuntime START com.android.internal.os.RuntimeInit <<<<<<
W/linker  ( 3896): libdvm.so has text relocations. This is wasting memory and is a security risk. Please fix.
D/AndroidRuntime( 3896): CheckJNI is ON
D/dalvikvm( 3896): Trying to load lib libjavacore.so 0x0
D/dalvikvm( 3896): Added shared lib libjavacore.so 0x0
D/dalvikvm( 3896): Trying to load lib libnativehelper.so 0x0
D/dalvikvm( 3896): Added shared lib libnativehelper.so 0x0
D/dalvikvm( 3896): No JNI_OnLoad found in libnativehelper.so 0x0, skipping init
D/dalvikvm( 3896): Note: class Landroid/app/ActivityManagerNative; has 179 unimplemented (abstract) methods
E/memtrack( 3896): Couldn't load memtrack module (No such file or directory)
E/android.os.Debug( 3896): failed to load memtrack module: -2
D/AndroidRuntime( 3896): Calling main entry com.android.commands.pm.Pm
D/AndroidRuntime( 3896): Shutting down VM
D/dalvikvm( 3896): GC_CONCURRENT freed 92K, 15% free 547K/644K, paused 0ms+0ms, total 0ms
D/AndroidRuntime( 3907): 
D/AndroidRuntime( 3907): >>>>>> AndroidRuntime START com.android.internal.os.RuntimeInit <<<<<<
W/linker  ( 3907): libdvm.so has text relocations. This is wasting memory and is a security risk. Please fix.
D/AndroidRuntime( 3907): CheckJNI is ON
D/dalvikvm( 3907): Trying to load lib libjavacore.so 0x0
D/dalvikvm( 3907): Added shared lib libjavacore.so 0x0
D/dalvikvm( 3907): Trying to load lib libnativehelper.so 0x0
D/dalvikvm( 3907): Added shared lib libnativehelper.so 0x0
D/dalvikvm( 3907): No JNI_OnLoad found in libnativehelper.so 0x0, skipping init
D/dalvikvm( 3907): Note: class Landroid/app/ActivityManagerNative; has 179 unimplemented (abstract) methods
E/memtrack( 3907): Couldn't load memtrack module (No such file or directory)
E/android.os.Debug( 3907): failed to load memtrack module: -2
D/AndroidRuntime( 3907): Calling main entry com.android.commands.pm.Pm
D/AndroidRuntime( 3907): Shutting down VM
D/dalvikvm( 3907): GC_CONCURRENT freed 93K, 15% free 557K/652K, paused 0ms+0ms, total 0ms
D/AndroidRuntime( 3918): 
D/AndroidRuntime( 3918): >>>>>> AndroidRuntime START com.android.internal.os.RuntimeInit <<<<<<
W/linker  ( 3918): libdvm.so has text relocations. This is wasting memory and is a security risk. Please fix.
D/AndroidRuntime( 3918): CheckJNI is ON
D/dalvikvm( 3918): Trying to load lib libjavacore.so 0x0
D/dalvikvm( 3918): Added shared lib libjavacore.so 0x0
D/dalvikvm( 3918): Trying to load lib libnativehelper.so 0x0
D/dalvikvm( 3918): Added shared lib libnativehelper.so 0x0
D/dalvikvm( 3918): No JNI_OnLoad found in libnativehelper.so 0x0, skipping init
D/dalvikvm( 3918): Note: class Landroid/app/ActivityManagerNative; has 179 unimplemented (abstract) methods
E/memtrack( 3918): Couldn't load memtrack module (No such file or directory)
E/android.os.Debug( 3918): failed to load memtrack module: -2
D/AndroidRuntime( 3918): Calling main entry com.android.commands.pm.Pm
I/ActivityManager( 1569): Force stopping it.unina.android.ripper appid=10062 user=0: clear data
I/GeofencerStateMachine( 1790): removeGeofences: removeRequest=RemoveGeofencingRequest[REMOVE_ALL packageName=it.unina.android.ripper]
D/Documents( 3403): Used cached roots for com.android.providers.downloads.documents
D/Documents( 3403): Used cached roots for com.android.externalstorage.documents
D/Documents( 3403): Used cached roots for com.android.providers.media.documents
D/Documents( 3403): Update found 6 roots in 0ms
D/keystore( 1148): calling clear_uid in state: 3
I/Icing   ( 2196): doRemovePackageData it.unina.android.ripper
D/AndroidRuntime( 3918): Shutting down VM
D/dalvikvm( 3918): GC_CONCURRENT freed 92K, 15% free 549K/644K, paused 0ms+0ms, total 0ms
I/Fitness ( 1790): FitCleanupIntentOperation received Intent android.intent.action.PACKAGE_DATA_CLEARED [CONTEXT service_id=17 ]
D/AndroidRuntime( 3941): 
D/AndroidRuntime( 3941): >>>>>> AndroidRuntime START com.android.internal.os.RuntimeInit <<<<<<
W/linker  ( 3941): libdvm.so has text relocations. This is wasting memory and is a security risk. Please fix.
D/AndroidRuntime( 3941): CheckJNI is ON
D/dalvikvm( 3941): Trying to load lib libjavacore.so 0x0
D/dalvikvm( 3941): Added shared lib libjavacore.so 0x0
D/dalvikvm( 3941): Trying to load lib libnativehelper.so 0x0
D/dalvikvm( 3941): Added shared lib libnativehelper.so 0x0
D/dalvikvm( 3941): No JNI_OnLoad found in libnativehelper.so 0x0, skipping init
D/dalvikvm( 3941): Note: class Landroid/app/ActivityManagerNative; has 179 unimplemented (abstract) methods
E/memtrack( 3941): Couldn't load memtrack module (No such file or directory)
E/android.os.Debug( 3941): failed to load memtrack module: -2
D/AndroidRuntime( 3941): Calling main entry com.android.commands.pm.Pm
I/ActivityManager( 1569): Force stopping it.unina.android.ripper appid=10062 user=-1: uninstall pkg
W/PackageManager( 1569): Couldn't delete native library directory /data/app-lib/it.unina.android.ripper
D/keystore( 1148): calling clear_uid in state: 3
I/GeofencerStateMachine( 1790): removeGeofences: removeRequest=RemoveGeofencingRequest[REMOVE_ALL packageName=it.unina.android.ripper]
I/ActivityManager( 1569): Force stopping it.unina.android.ripper appid=10062 user=0: pkg removed
I/InputReader( 1569): Reconfiguring input devices.  changes=0x00000010
W/Launcher.Model( 2381): Nobody to tell about the new app.  Launcher is probably loading.
D/BackupManagerService( 1569): Received broadcast Intent { act=android.intent.action.PACKAGE_REMOVED dat=package:it.unina.android.ripper flg=0x4000010 (has extras) }
V/BackupManagerService( 1569): removePackageParticipantsLocked: uid=10062 #1
D/Documents( 3403): Used cached roots for com.android.providers.downloads.documents
D/Documents( 3403): Used cached roots for com.android.externalstorage.documents
D/Documents( 3403): Used cached roots for com.android.providers.media.documents
D/Documents( 3403): Update found 6 roots in 3ms
I/PackageManager( 1569):   Action: "android.intent.action.SENDTO"
I/PackageManager( 1569):   Category: "android.intent.category.DEFAULT"
I/PackageManager( 1569):   Scheme: "sms"
D/VoicemailCleanupService( 1827): Cleaning up data for package: it.unina.android.ripper
I/PackageManager( 1569): Adding preferred activity ComponentInfo{com.android.mms/com.android.mms.ui.ComposeMessageActivity} for user 0 :
D/dalvikvm( 1847): GC_FOR_ALLOC freed 495K, 18% free 3602K/4392K, paused 2ms, total 2ms
I/PackageManager( 1569):   Action: "android.intent.action.SENDTO"
I/PackageManager( 1569):   Category: "android.intent.category.DEFAULT"
I/PackageManager( 1569):   Scheme: "smsto"
I/PackageManager( 1569): Adding preferred activity ComponentInfo{com.android.mms/com.android.mms.ui.ComposeMessageActivity} for user 0 :
D/dalvikvm( 1569): GC_EXPLICIT freed 2358K, 28% free 16821K/23060K, paused 1ms+1ms, total 38ms
D/dalvikvm( 1569): WAIT_FOR_CONCURRENT_GC blocked 6ms
D/dalvikvm( 1569): WAIT_FOR_CONCURRENT_GC blocked 7ms
D/dalvikvm( 1569): WAIT_FOR_CONCURRENT_GC blocked 9ms
D/AndroidRuntime( 3941): Shutting down VM
D/dalvikvm( 3941): GC_CONCURRENT freed 92K, 15% free 549K/644K, paused 0ms+0ms, total 1ms
I/PackageManager( 1569):   Action: "android.intent.action.SENDTO"
I/PackageManager( 1569):   Category: "android.intent.category.DEFAULT"
I/PackageManager( 1569):   Scheme: "mms"
I/PackageManager( 1569):   Action: "android.intent.action.SENDTO"
I/PackageManager( 1569):   Category: "android.intent.category.DEFAULT"
I/PackageManager( 1569):   Scheme: "mmsto"
I/PackageManager( 1569): Adding preferred activity ComponentInfo{com.android.mms/com.android.mms.ui.ComposeMessageActivity} for user 0 :
I/PackageManager( 1569): Adding preferred activity ComponentInfo{com.android.mms/com.android.mms.ui.ComposeMessageActivity} for user 0 :
I/PackageManager( 1569):   Action: "android.intent.action.SENDTO"
I/PackageManager( 1569):   Category: "android.intent.category.DEFAULT"
I/PackageManager( 1569):   Scheme: "sms"
I/PackageManager( 1569): Adding preferred activity ComponentInfo{com.android.mms/com.android.mms.ui.ComposeMessageActivity} for user 0 :
D/dalvikvm( 1847): GC_FOR_ALLOC freed 398K, 17% free 3665K/4392K, paused 2ms, total 2ms
I/PackageManager( 1569):   Action: "android.intent.action.SENDTO"
I/PackageManager( 1569):   Category: "android.intent.category.DEFAULT"
I/PackageManager( 1569):   Scheme: "smsto"
I/PackageManager( 1569): Adding preferred activity ComponentInfo{com.android.mms/com.android.mms.ui.ComposeMessageActivity} for user 0 :
I/PackageManager( 1569):   Action: "android.intent.action.SENDTO"
I/PackageManager( 1569):   Category: "android.intent.category.DEFAULT"
I/PackageManager( 1569):   Scheme: "mms"
I/PackageManager( 1569): Adding preferred activity ComponentInfo{com.android.mms/com.android.mms.ui.ComposeMessageActivity} for user 0 :
I/PackageManager( 1569):   Action: "android.intent.action.SENDTO"
I/PackageManager( 1569):   Category: "android.intent.category.DEFAULT"
I/PackageManager( 1569):   Scheme: "mmsto"
I/PackageManager( 1569): Adding preferred activity ComponentInfo{com.android.mms/com.android.mms.ui.ComposeMessageActivity} for user 0 :
I/LatinIME:LogUtils( 1776): Dictionary info: dictionary = main:en ; version = 42 ; date = 1381226516
I/DownloadManager( 1885): Download 10 starting
W/DownloadManager( 1885): Aborting request for download 10: TYPE_DISALLOWED_BY_REQUESTOR
I/DownloadManager( 1885): Download 10 finished with status WAITING_FOR_NETWORK
W/Launcher( 2381): setApplicationContext called twice! old=com.google.android.velvet.VelvetApplication@9d014da8 new=com.google.android.velvet.VelvetApplication@9d014da8
I/Fitness ( 1790): FitCleanupIntentOperation received Intent android.intent.action.PACKAGE_REMOVED [CONTEXT service_id=17 ]
W/ContextImpl( 3461): Calling a method in the system process without a qualified user: android.app.ContextImpl.startService:1479 android.content.ContextWrapper.startService:494 android.content.ContextWrapper.startService:494 com.android.keychain.KeyChainBroadcastReceiver.onReceive:12 android.app.ActivityThread.handleReceiver:2419 
I/Icing.InternalIcingCorporaProvider( 2329): Updating corpora: A: it.unina.android.ripper, C: MAYBE
D/dalvikvm( 1790): GC_FOR_ALLOC freed 1724K, 21% free 10442K/13104K, paused 26ms, total 26ms
W/ContextImpl( 2329): Implicit intents with startService are not safe: Intent { act=com.google.android.gms.icing.INDEX_SERVICE } android.content.ContextWrapper.bindService:517 com.google.android.gms.internal.av.a:-1 com.google.android.gms.internal.au.connect:-1 
I/ContentMaintenance( 2196): Internal cache bytes used: 0; limit: 39526809; download size: 0
I/Icing   ( 2196): IndexChimeraService.getServiceInterface callingPackage=com.google.android.googlequicksearchbox componentName=null serviceId=21
I/RealtimeCacheCleanup( 2196): Beginning Realtime garbage collection.
I/RealtimeCacheCleanup( 2196): Finished Realtime garbage collection.
I/Icing   ( 2196): IndexChimeraService.getServiceInterface callingPackage=com.google.android.gms componentName=AppsCorpus serviceId=36
I/Icing   ( 2196): doRemovePackageData it.unina.android.ripper
W/Icing.InternalIcingCorporaProvider( 2329): Application table change notification failed.
W/Icing   ( 2196): No valid account for uploading user actions
I/Icing   ( 2196): Usage reports ok 0, Failed Usage reports 0, indexed 0, rejected 0
W/Icing   ( 2196): No valid account for uploading user actions
I/Icing   ( 2196): Usage reports ok 0, Failed Usage reports 0, indexed 0, rejected 0
I/Icing   ( 2196): Indexing com.google.android.gms-apps from com.google.android.gms
I/Icing   ( 2196): Indexing done com.google.android.gms-apps
D/AndroidRuntime( 3970): 
D/AndroidRuntime( 3970): >>>>>> AndroidRuntime START com.android.internal.os.RuntimeInit <<<<<<
W/linker  ( 3970): libdvm.so has text relocations. This is wasting memory and is a security risk. Please fix.
D/AndroidRuntime( 3970): CheckJNI is ON
D/dalvikvm( 3970): Trying to load lib libjavacore.so 0x0
D/dalvikvm( 3970): Added shared lib libjavacore.so 0x0
D/dalvikvm( 3970): Trying to load lib libnativehelper.so 0x0
D/dalvikvm( 3970): Added shared lib libnativehelper.so 0x0
D/dalvikvm( 3970): No JNI_OnLoad found in libnativehelper.so 0x0, skipping init
D/dalvikvm( 3970): Note: class Landroid/app/ActivityManagerNative; has 179 unimplemented (abstract) methods
E/memtrack( 3970): Couldn't load memtrack module (No such file or directory)
E/android.os.Debug( 3970): failed to load memtrack module: -2
D/AndroidRuntime( 3970): Calling main entry com.android.commands.pm.Pm
D/AndroidRuntime( 3970): Shutting down VM
D/dalvikvm( 3970): GC_CONCURRENT freed 93K, 15% free 557K/652K, paused 0ms+0ms, total 0ms
D/AndroidRuntime( 3981): 
D/AndroidRuntime( 3981): >>>>>> AndroidRuntime START com.android.internal.os.RuntimeInit <<<<<<
W/linker  ( 3981): libdvm.so has text relocations. This is wasting memory and is a security risk. Please fix.
D/AndroidRuntime( 3981): CheckJNI is ON
D/dalvikvm( 3981): Trying to load lib libjavacore.so 0x0
D/dalvikvm( 3981): Added shared lib libjavacore.so 0x0
D/dalvikvm( 3981): Trying to load lib libnativehelper.so 0x0
D/dalvikvm( 3981): Added shared lib libnativehelper.so 0x0
D/dalvikvm( 3981): No JNI_OnLoad found in libnativehelper.so 0x0, skipping init
D/dalvikvm( 3981): Note: class Landroid/app/ActivityManagerNative; has 179 unimplemented (abstract) methods
E/memtrack( 3981): Couldn't load memtrack module (No such file or directory)
E/android.os.Debug( 3981): failed to load memtrack module: -2
D/AndroidRuntime( 3981): Calling main entry com.android.commands.pm.Pm
I/ActivityManager( 1569): Force stopping it.unina.android.ripper_service appid=10060 user=0: clear data
I/ActivityManager( 1569): Killing 3671:it.unina.android.ripper_service:android_ripper_service_process/u0a60 (adj 8): stop it.unina.android.ripper_service
I/ActivityManager( 1569):   Force stopping service ServiceRecord{9d334e88 u0 it.unina.android.ripper_service/.AndroidRipperService}
D/Documents( 3403): Used cached roots for com.android.providers.downloads.documents
D/Documents( 3403): Used cached roots for com.android.externalstorage.documents
D/Documents( 3403): Used cached roots for com.android.providers.media.documents
D/Documents( 3403): Update found 6 roots in 1ms
I/GeofencerStateMachine( 1790): removeGeofences: removeRequest=RemoveGeofencingRequest[REMOVE_ALL packageName=it.unina.android.ripper_service]
D/keystore( 1148): calling clear_uid in state: 3
I/Icing   ( 2196): doRemovePackageData it.unina.android.ripper_service
D/AndroidRuntime( 3981): Shutting down VM
D/dalvikvm( 3981): GC_CONCURRENT freed 93K, 15% free 549K/644K, paused 0ms+0ms, total 1ms
I/Fitness ( 1790): FitCleanupIntentOperation received Intent android.intent.action.PACKAGE_DATA_CLEARED [CONTEXT service_id=17 ]
D/AndroidRuntime( 3997): 
D/AndroidRuntime( 3997): >>>>>> AndroidRuntime START com.android.internal.os.RuntimeInit <<<<<<
W/linker  ( 3997): libdvm.so has text relocations. This is wasting memory and is a security risk. Please fix.
D/AndroidRuntime( 3997): CheckJNI is ON
D/dalvikvm( 3997): Trying to load lib libjavacore.so 0x0
D/dalvikvm( 3997): Added shared lib libjavacore.so 0x0
D/dalvikvm( 3997): Trying to load lib libnativehelper.so 0x0
D/dalvikvm( 3997): Added shared lib libnativehelper.so 0x0
D/dalvikvm( 3997): No JNI_OnLoad found in libnativehelper.so 0x0, skipping init
D/dalvikvm( 3997): Note: class Landroid/app/ActivityManagerNative; has 179 unimplemented (abstract) methods
E/memtrack( 3997): Couldn't load memtrack module (No such file or directory)
E/android.os.Debug( 3997): failed to load memtrack module: -2
D/AndroidRuntime( 3997): Calling main entry com.android.commands.pm.Pm
I/ActivityManager( 1569): Force stopping it.unina.android.ripper_service appid=10060 user=-1: uninstall pkg
W/PackageManager( 1569): Couldn't delete native library directory /data/app-lib/it.unina.android.ripper_service
D/keystore( 1148): calling clear_uid in state: 3
I/ActivityManager( 1569): Force stopping it.unina.android.ripper_service appid=10060 user=0: pkg removed
D/dalvikvm( 2329): GC_EXPLICIT freed 307K, 19% free 3415K/4184K, paused 0ms+0ms, total 2ms
D/dalvikvm( 1963): GC_EXPLICIT freed 29607K, 51% free 23980K/48124K, paused 0ms+1ms, total 5ms
D/dalvikvm( 2381): GC_EXPLICIT freed 97K, 17% free 3509K/4212K, paused 1ms+0ms, total 2ms
D/dalvikvm( 1827): GC_FOR_ALLOC freed 499K, 17% free 3393K/4084K, paused 2ms, total 2ms
W/Launcher.Model( 2381): Nobody to tell about the new app.  Launcher is probably loading.
I/GeofencerStateMachine( 1790): removeGeofences: removeRequest=RemoveGeofencingRequest[REMOVE_ALL packageName=it.unina.android.ripper_service]
I/InputReader( 1569): Reconfiguring input devices.  changes=0x00000010
I/PackageManager( 1569):   Action: "android.intent.action.SENDTO"
I/PackageManager( 1569):   Category: "android.intent.category.DEFAULT"
I/PackageManager( 1569):   Scheme: "sms"
I/PackageManager( 1569): Adding preferred activity ComponentInfo{com.android.mms/com.android.mms.ui.ComposeMessageActivity} for user 0 :
D/dalvikvm( 1847): GC_FOR_ALLOC freed 473K, 19% free 3601K/4392K, paused 1ms, total 2ms
D/Documents( 3403): Used cached roots for com.android.providers.downloads.documents
D/Documents( 3403): Used cached roots for com.android.externalstorage.documents
D/Documents( 3403): Used cached roots for com.android.providers.media.documents
D/Documents( 3403): Update found 6 roots in 11ms
I/PackageManager( 1569):   Action: "android.intent.action.SENDTO"
I/PackageManager( 1569):   Category: "android.intent.category.DEFAULT"
I/PackageManager( 1569):   Scheme: "smsto"
D/BackupManagerService( 1569): Received broadcast Intent { act=android.intent.action.PACKAGE_REMOVED dat=package:it.unina.android.ripper_service flg=0x4000010 (has extras) }
V/BackupManagerService( 1569): removePackageParticipantsLocked: uid=10060 #1
I/PackageManager( 1569): Adding preferred activity ComponentInfo{com.android.mms/com.android.mms.ui.ComposeMessageActivity} for user 0 :
D/VoicemailCleanupService( 1827): Cleaning up data for package: it.unina.android.ripper_service
I/PackageManager( 1569):   Action: "android.intent.action.SENDTO"
I/PackageManager( 1569):   Category: "android.intent.category.DEFAULT"
I/PackageManager( 1569):   Scheme: "mms"
D/dalvikvm( 2196): GC_EXPLICIT freed 1318K, 13% free 21446K/24592K, paused 0ms+7ms, total 56ms
I/PackageManager( 1569): Adding preferred activity ComponentInfo{com.android.mms/com.android.mms.ui.ComposeMessageActivity} for user 0 :
D/dalvikvm( 1569): GC_EXPLICIT freed 6715K, 48% free 12154K/23060K, paused 13ms+1ms, total 27ms
D/dalvikvm( 1569): WAIT_FOR_CONCURRENT_GC blocked 9ms
D/dalvikvm( 1569): WAIT_FOR_CONCURRENT_GC blocked 9ms
D/dalvikvm( 1569): WAIT_FOR_CONCURRENT_GC blocked 7ms
D/AndroidRuntime( 3997): Shutting down VM
D/dalvikvm( 3997): GC_CONCURRENT freed 92K, 15% free 549K/644K, paused 0ms+0ms, total 0ms
D/dalvikvm( 1569): WAIT_FOR_CONCURRENT_GC blocked 10ms
I/PackageManager( 1569):   Action: "android.intent.action.SENDTO"
I/PackageManager( 1569):   Category: "android.intent.category.DEFAULT"
I/PackageManager( 1569):   Scheme: "mmsto"
I/PackageManager( 1569): Adding preferred activity ComponentInfo{com.android.mms/com.android.mms.ui.ComposeMessageActivity} for user 0 :
I/PackageManager( 1569):   Action: "android.intent.action.SENDTO"
I/PackageManager( 1569):   Category: "android.intent.category.DEFAULT"
I/PackageManager( 1569):   Scheme: "sms"
I/PackageManager( 1569): Adding preferred activity ComponentInfo{com.android.mms/com.android.mms.ui.ComposeMessageActivity} for user 0 :
D/dalvikvm( 1847): GC_FOR_ALLOC freed 400K, 17% free 3667K/4392K, paused 2ms, total 2ms
I/PackageManager( 1569):   Action: "android.intent.action.SENDTO"
I/PackageManager( 1569):   Category: "android.intent.category.DEFAULT"
I/PackageManager( 1569):   Scheme: "smsto"
I/PackageManager( 1569): Adding preferred activity ComponentInfo{com.android.mms/com.android.mms.ui.ComposeMessageActivity} for user 0 :
I/PackageManager( 1569):   Action: "android.intent.action.SENDTO"
I/PackageManager( 1569):   Category: "android.intent.category.DEFAULT"
I/PackageManager( 1569):   Scheme: "mms"
I/PackageManager( 1569): Adding preferred activity ComponentInfo{com.android.mms/com.android.mms.ui.ComposeMessageActivity} for user 0 :
I/PackageManager( 1569):   Action: "android.intent.action.SENDTO"
I/PackageManager( 1569):   Category: "android.intent.category.DEFAULT"
I/PackageManager( 1569):   Scheme: "mmsto"
I/PackageManager( 1569): Adding preferred activity ComponentInfo{com.android.mms/com.android.mms.ui.ComposeMessageActivity} for user 0 :
I/LatinIME:LogUtils( 1776): Dictionary info: dictionary = main:en ; version = 42 ; date = 1381226516
I/DownloadManager( 1885): Download 11 starting
W/DownloadManager( 1885): Aborting request for download 11: TYPE_DISALLOWED_BY_REQUESTOR
I/DownloadManager( 1885): Download 11 finished with status WAITING_FOR_NETWORK
I/Icing.InternalIcingCorporaProvider( 2329): Updating corpora: A: it.unina.android.ripper_service, C: MAYBE
I/Fitness ( 1790): FitCleanupIntentOperation received Intent android.intent.action.PACKAGE_REMOVED [CONTEXT service_id=17 ]
W/Launcher( 2381): setApplicationContext called twice! old=com.google.android.velvet.VelvetApplication@9d014da8 new=com.google.android.velvet.VelvetApplication@9d014da8
W/ContextImpl( 3461): Calling a method in the system process without a qualified user: android.app.ContextImpl.startService:1479 android.content.ContextWrapper.startService:494 android.content.ContextWrapper.startService:494 com.android.keychain.KeyChainBroadcastReceiver.onReceive:12 android.app.ActivityThread.handleReceiver:2419 
I/Icing   ( 2196): doRemovePackageData it.unina.android.ripper_service
I/Icing   ( 2196): IndexChimeraService.getServiceInterface callingPackage=com.google.android.googlequicksearchbox componentName=null serviceId=21
W/Icing   ( 2196): No valid account for uploading user actions
I/Icing   ( 2196): Usage reports ok 0, Failed Usage reports 0, indexed 0, rejected 0
I/Icing   ( 2196): Indexing com.google.android.googlequicksearchbox-applications from com.google.android.googlequicksearchbox
I/Icing   ( 2196): Indexing com.google.android.gms-apps from com.google.android.gms
I/Icing   ( 2196): Indexing com.google.android.gms-internal.3p:MobileApplication from com.google.android.gms
I/Icing   ( 2196): Indexing done com.google.android.googlequicksearchbox-applications
I/Icing   ( 2196): Indexing done com.google.android.gms-apps
I/Icing   ( 2196): Indexing done com.google.android.gms-internal.3p:MobileApplication
D/AndroidRuntime( 4031): 
D/AndroidRuntime( 4031): >>>>>> AndroidRuntime START com.android.internal.os.RuntimeInit <<<<<<
W/linker  ( 4031): libdvm.so has text relocations. This is wasting memory and is a security risk. Please fix.
D/AndroidRuntime( 4031): CheckJNI is ON
D/dalvikvm( 4031): Trying to load lib libjavacore.so 0x0
D/dalvikvm( 4031): Added shared lib libjavacore.so 0x0
D/dalvikvm( 4031): Trying to load lib libnativehelper.so 0x0
D/dalvikvm( 4031): Added shared lib libnativehelper.so 0x0
D/dalvikvm( 4031): No JNI_OnLoad found in libnativehelper.so 0x0, skipping init
D/dalvikvm( 4031): Note: class Landroid/app/ActivityManagerNative; has 179 unimplemented (abstract) methods
E/memtrack( 4031): Couldn't load memtrack module (No such file or directory)
E/android.os.Debug( 4031): failed to load memtrack module: -2
D/AndroidRuntime( 4031): Calling main entry com.android.commands.pm.Pm
W/ActivityManager( 1569): No content provider found for permission revoke: file:///data/local/tmp/AndroidRipperService.apk
W/ActivityManager( 1569): No content provider found for permission revoke: file:///data/local/tmp/AndroidRipperService.apk
I/PackageManager( 1569): Copying native libraries to /data/app-lib/vmdl907425419
I/PackageParser( 1569): it.unina.android.ripper_service: compat added android.permission.WRITE_EXTERNAL_STORAGE android.permission.READ_PHONE_STATE
I/PackageManager( 1569): Running dexopt on: it.unina.android.ripper_service
W/linker  ( 4042): libdvm.so has text relocations. This is wasting memory and is a security risk. Please fix.
D/dalvikvm( 4042): DexOpt: load 4ms, verify+opt 20ms, 1117628 bytes
I/ActivityManager( 1569): Force stopping it.unina.android.ripper_service appid=10063 user=-1: update pkg
I/InputReader( 1569): Reconfiguring input devices.  changes=0x00000010
W/Launcher.Model( 2381): Nobody to tell about the new app.  Launcher is probably loading.
D/Documents( 3403): Used cached roots for com.android.providers.downloads.documents
D/Documents( 3403): Used cached roots for com.android.externalstorage.documents
D/Documents( 3403): Used cached roots for com.android.providers.media.documents
D/Documents( 3403): Update found 6 roots in 5ms
I/PackageManager( 1569):   Action: "android.intent.action.SENDTO"
I/PackageManager( 1569):   Category: "android.intent.category.DEFAULT"
I/PackageManager( 1569):   Scheme: "sms"
I/PackageManager( 1569): Adding preferred activity ComponentInfo{com.android.mms/com.android.mms.ui.ComposeMessageActivity} for user 0 :
D/dalvikvm( 1847): GC_FOR_ALLOC freed 475K, 18% free 3605K/4392K, paused 2ms, total 2ms
W/GCM     ( 1790): Unexpected forwarded intent: Intent { act=android.intent.action.PACKAGE_ADDED dat=package:it.unina.android.ripper_service flg=0x4000010 cmp=com.google.android.gms/.chimera.PersistentIntentOperationService (has extras) }
I/PackageManager( 1569):   Action: "android.intent.action.SENDTO"
I/PackageManager( 1569):   Category: "android.intent.category.DEFAULT"
I/PackageManager( 1569):   Scheme: "smsto"
I/PackageManager( 1569): Adding preferred activity ComponentInfo{com.android.mms/com.android.mms.ui.ComposeMessageActivity} for user 0 :
W/GCM     ( 1790): Unexpected forwarded intent: Intent { act=android.intent.action.PACKAGE_ADDED dat=package:it.unina.android.ripper_service flg=0x4000010 cmp=com.google.android.gms/.chimera.PersistentIntentOperationService (has extras) }
I/Icing.InternalIcingCorporaProvider( 2329): Updating corpora: A: it.unina.android.ripper_service, C: MAYBE
D/BackupManagerService( 1569): Received broadcast Intent { act=android.intent.action.PACKAGE_ADDED dat=package:it.unina.android.ripper_service flg=0x4000010 (has extras) }
W/ActivityManager( 1569): Unable to start service Intent { act=com.google.android.gms.auth.key.retrieval.service.START pkg=com.google.android.gms } U=0: not found
I/Auth    ( 2196): [SupervisedAccountIntentOperation] onHandleIntent(): android.intent.action.PACKAGE_ADDED
I/ChromeSync( 2196): [Sync,SyncIntentOperation] Handling the intent: Intent { act=android.intent.action.PACKAGE_ADDED dat=package:it.unina.android.ripper_service flg=0x4000010 cmp=com.google.android.gms/.chimera.GmsIntentOperationService (has extras) }.
I/FontLog ( 2196): Package it.unina.android.ripper_service has no metadata [CONTEXT service_id=132 ]
D/dalvikvm( 1569): GC_EXPLICIT freed 1989K, 48% free 12216K/23060K, paused 10ms+3ms, total 47ms
D/dalvikvm( 1569): WAIT_FOR_CONCURRENT_GC blocked 12ms
D/dalvikvm( 1569): WAIT_FOR_CONCURRENT_GC blocked 12ms
D/dalvikvm( 1569): WAIT_FOR_CONCURRENT_GC blocked 12ms
D/dalvikvm( 1569): WAIT_FOR_CONCURRENT_GC blocked 11ms
D/dalvikvm( 1569): WAIT_FOR_CONCURRENT_GC blocked 10ms
D/dalvikvm( 1569): WAIT_FOR_CONCURRENT_GC blocked 13ms
D/AndroidRuntime( 4031): Shutting down VM
D/dalvikvm( 4031): GC_CONCURRENT freed 93K, 15% free 552K/648K, paused 0ms+0ms, total 1ms
D/dalvikvm( 1569): WAIT_FOR_CONCURRENT_GC blocked 13ms
D/dalvikvm( 1569): WAIT_FOR_CONCURRENT_GC blocked 13ms
I/PackageManager( 1569):   Action: "android.intent.action.SENDTO"
I/PackageManager( 1569):   Category: "android.intent.category.DEFAULT"
I/PackageManager( 1569):   Scheme: "mms"
V/BackupManagerService( 1569): addPackageParticipantsLocked: #1
I/PackageManager( 1569): Adding preferred activity ComponentInfo{com.android.mms/com.android.mms.ui.ComposeMessageActivity} for user 0 :
E/GmsClient( 2196): unable to connect to service: com.google.android.gms.auth.key.retrieval.service.START on com.google.android.gms
I/ChromeSync( 2196): [Persistence,AffiliationManager] One of affiliation or grouping data for android://KSmUCdTXmQS-j9D_O8l1jvyu41Pjn2mc5cb0Gvx1e9H1Aj4JCzHs_uTW26nbtH65K-YfijtBsQxGp-8R6k6HFg==@it.unina.android.ripper_service/ was not found. Marking affiliation data as stale...
I/PackageManager( 1569):   Action: "android.intent.action.SENDTO"
I/PackageManager( 1569):   Category: "android.intent.category.DEFAULT"
I/PackageManager( 1569):   Scheme: "mmsto"
W/ActivityManager( 1569): Unbind failed: could not find connection for android.os.BinderProxy@9dab75c8
I/PackageManager( 1569): Adding preferred activity ComponentInfo{com.android.mms/com.android.mms.ui.ComposeMessageActivity} for user 0 :
I/PackageManager( 1569):   Action: "android.intent.action.SENDTO"
I/PackageManager( 1569):   Category: "android.intent.category.DEFAULT"
I/PackageManager( 1569):   Scheme: "sms"
I/PackageManager( 1569): Adding preferred activity ComponentInfo{com.android.mms/com.android.mms.ui.ComposeMessageActivity} for user 0 :
I/Icing   ( 2196): IndexChimeraService.getServiceInterface callingPackage=com.google.android.googlequicksearchbox componentName=null serviceId=21
D/dalvikvm( 1847): GC_FOR_ALLOC freed 395K, 17% free 3666K/4392K, paused 5ms, total 7ms
I/PackageManager( 1569):   Action: "android.intent.action.SENDTO"
I/PackageManager( 1569):   Category: "android.intent.category.DEFAULT"
I/PackageManager( 1569):   Scheme: "smsto"
I/PackageManager( 1569): Adding preferred activity ComponentInfo{com.android.mms/com.android.mms.ui.ComposeMessageActivity} for user 0 :
W/Icing   ( 2196): No valid account for uploading user actions
I/Icing   ( 2196): Usage reports ok 0, Failed Usage reports 0, indexed 0, rejected 0
I/PackageManager( 1569):   Action: "android.intent.action.SENDTO"
I/PackageManager( 1569):   Category: "android.intent.category.DEFAULT"
I/PackageManager( 1569):   Scheme: "mms"
I/PackageManager( 1569): Adding preferred activity ComponentInfo{com.android.mms/com.android.mms.ui.ComposeMessageActivity} for user 0 :
I/PackageManager( 1569):   Action: "android.intent.action.SENDTO"
I/PackageManager( 1569):   Category: "android.intent.category.DEFAULT"
I/PackageManager( 1569):   Scheme: "mmsto"
I/PackageManager( 1569): Adding preferred activity ComponentInfo{com.android.mms/com.android.mms.ui.ComposeMessageActivity} for user 0 :
I/Icing   ( 2196): Indexing com.google.android.googlequicksearchbox-applications from com.google.android.googlequicksearchbox
D/dalvikvm( 1963): GC_FOR_ALLOC freed 5606K, 58% free 20363K/48124K, paused 4ms, total 4ms
I/Icing   ( 2196): Indexing done com.google.android.googlequicksearchbox-applications
I/Icing   ( 2196): Indexing com.google.android.gms-apps from com.google.android.gms
I/Icing   ( 2196): Indexing done com.google.android.gms-apps
I/Icing   ( 2196): Indexing com.google.android.gms-internal.3p:MobileApplication from com.google.android.gms
D/dalvikvm( 2196): GC_FOR_ALLOC freed 1946K, 13% free 21548K/24592K, paused 18ms, total 19ms
I/Icing   ( 2196): Indexing done com.google.android.gms-internal.3p:MobileApplication
D/AndroidRuntime( 4051): 
D/AndroidRuntime( 4051): >>>>>> AndroidRuntime START com.android.internal.os.RuntimeInit <<<<<<
W/linker  ( 4051): libdvm.so has text relocations. This is wasting memory and is a security risk. Please fix.
D/AndroidRuntime( 4051): CheckJNI is ON
D/dalvikvm( 4051): Trying to load lib libjavacore.so 0x0
D/dalvikvm( 4051): Added shared lib libjavacore.so 0x0
D/dalvikvm( 4051): Trying to load lib libnativehelper.so 0x0
D/dalvikvm( 4051): Added shared lib libnativehelper.so 0x0
D/dalvikvm( 4051): No JNI_OnLoad found in libnativehelper.so 0x0, skipping init
D/dalvikvm( 4051): Note: class Landroid/app/ActivityManagerNative; has 179 unimplemented (abstract) methods
E/memtrack( 4051): Couldn't load memtrack module (No such file or directory)
E/android.os.Debug( 4051): failed to load memtrack module: -2
D/AndroidRuntime( 4051): Calling main entry com.android.commands.pm.Pm
D/AndroidRuntime( 4051): Shutting down VM
D/dalvikvm( 4051): GC_CONCURRENT freed 92K, 15% free 547K/644K, paused 0ms+0ms, total 0ms
D/dalvikvm( 1963): GC_FOR_ALLOC freed 1293K, 57% free 20694K/48124K, paused 5ms, total 5ms
D/dalvikvm( 1963): GC_FOR_ALLOC freed 135K, 54% free 22507K/48124K, paused 3ms, total 3ms
D/AndroidRuntime( 4062): 
D/AndroidRuntime( 4062): >>>>>> AndroidRuntime START com.android.internal.os.RuntimeInit <<<<<<
W/linker  ( 4062): libdvm.so has text relocations. This is wasting memory and is a security risk. Please fix.
D/AndroidRuntime( 4062): CheckJNI is ON
D/dalvikvm( 4062): Trying to load lib libjavacore.so 0x0
D/dalvikvm( 4062): Added shared lib libjavacore.so 0x0
D/dalvikvm( 4062): Trying to load lib libnativehelper.so 0x0
D/dalvikvm( 4062): Added shared lib libnativehelper.so 0x0
D/dalvikvm( 4062): No JNI_OnLoad found in libnativehelper.so 0x0, skipping init
D/dalvikvm( 4062): Note: class Landroid/app/ActivityManagerNative; has 179 unimplemented (abstract) methods
E/memtrack( 4062): Couldn't load memtrack module (No such file or directory)
E/android.os.Debug( 4062): failed to load memtrack module: -2
D/AndroidRuntime( 4062): Calling main entry com.android.commands.pm.Pm
D/AndroidRuntime( 4062): Shutting down VM
D/dalvikvm( 4062): GC_CONCURRENT freed 92K, 15% free 547K/644K, paused 0ms+0ms, total 0ms
D/AndroidRuntime( 4073): 
D/AndroidRuntime( 4073): >>>>>> AndroidRuntime START com.android.internal.os.RuntimeInit <<<<<<
W/linker  ( 4073): libdvm.so has text relocations. This is wasting memory and is a security risk. Please fix.
D/AndroidRuntime( 4073): CheckJNI is ON
D/dalvikvm( 4073): Trying to load lib libjavacore.so 0x0
D/dalvikvm( 4073): Added shared lib libjavacore.so 0x0
D/dalvikvm( 4073): Trying to load lib libnativehelper.so 0x0
D/dalvikvm( 4073): Added shared lib libnativehelper.so 0x0
D/dalvikvm( 4073): No JNI_OnLoad found in libnativehelper.so 0x0, skipping init
D/dalvikvm( 4073): Note: class Landroid/app/ActivityManagerNative; has 179 unimplemented (abstract) methods
E/memtrack( 4073): Couldn't load memtrack module (No such file or directory)
E/android.os.Debug( 4073): failed to load memtrack module: -2
D/AndroidRuntime( 4073): Calling main entry com.android.commands.am.Am
D/AndroidRuntime( 4073): Shutting down VM
D/dalvikvm( 4073): GC_CONCURRENT freed 93K, 15% free 575K/672K, paused 1ms+0ms, total 1ms
I/ActivityManager( 1569): Start proc it.unina.android.ripper_service:android_ripper_service_process for service it.unina.android.ripper_service/.AndroidRipperService: pid=4084 uid=10063 gids={50063, 3003, 1028, 1015}
V/AndroidRipperService( 4084): onCreate()
V/SERVER  ( 4084): Starting ServerSocket on PORT 18888
V/SERVER  ( 4084): Started ServerSocket on PORT 18888
V/SERVER  ( 4084): Ready to accept connections on port: 18888
D/AndroidRuntime( 4099): 
D/AndroidRuntime( 4099): >>>>>> AndroidRuntime START com.android.internal.os.RuntimeInit <<<<<<
W/linker  ( 4099): libdvm.so has text relocations. This is wasting memory and is a security risk. Please fix.
D/AndroidRuntime( 4099): CheckJNI is ON
D/dalvikvm( 4099): Trying to load lib libjavacore.so 0x0
D/dalvikvm( 4099): Added shared lib libjavacore.so 0x0
D/dalvikvm( 4099): Trying to load lib libnativehelper.so 0x0
D/dalvikvm( 4099): Added shared lib libnativehelper.so 0x0
D/dalvikvm( 4099): No JNI_OnLoad found in libnativehelper.so 0x0, skipping init
D/dalvikvm( 4099): Note: class Landroid/app/ActivityManagerNative; has 179 unimplemented (abstract) methods
E/memtrack( 4099): Couldn't load memtrack module (No such file or directory)
E/android.os.Debug( 4099): failed to load memtrack module: -2
D/AndroidRuntime( 4099): Calling main entry com.android.commands.input.Input
I/Input   ( 4099): injectKeyEvent: KeyEvent { action=ACTION_DOWN, keyCode=KEYCODE_MENU, scanCode=0, metaState=0, flags=0x0, repeatCount=0, eventTime=204391, downTime=204391, deviceId=-1, source=0x101 }
I/Input   ( 4099): injectKeyEvent: KeyEvent { action=ACTION_UP, keyCode=KEYCODE_MENU, scanCode=0, metaState=0, flags=0x0, repeatCount=0, eventTime=204391, downTime=204391, deviceId=-1, source=0x101 }
D/AndroidRuntime( 4099): Shutting down VM
E/SoundPool( 1569): error loading /system/media/audio/ui/Effect_Tick.ogg
W/AudioService( 1569): Soundpool could not load file: /system/media/audio/ui/Effect_Tick.ogg
E/SoundPool( 1569): error loading /system/media/audio/ui/Effect_Tick.ogg
W/AudioService( 1569): Soundpool could not load file: /system/media/audio/ui/Effect_Tick.ogg
E/SoundPool( 1569): error loading /system/media/audio/ui/Effect_Tick.ogg
W/AudioService( 1569): Soundpool could not load file: /system/media/audio/ui/Effect_Tick.ogg
E/SoundPool( 1569): error loading /system/media/audio/ui/Effect_Tick.ogg
W/AudioService( 1569): Soundpool could not load file: /system/media/audio/ui/Effect_Tick.ogg
E/SoundPool( 1569): error loading /system/media/audio/ui/Effect_Tick.ogg
W/AudioService( 1569): Soundpool could not load file: /system/media/audio/ui/Effect_Tick.ogg
E/SoundPool( 1569): error loading /system/media/audio/ui/KeypressStandard.ogg
W/AudioService( 1569): Soundpool could not load file: /system/media/audio/ui/KeypressStandard.ogg
E/SoundPool( 1569): error loading /system/media/audio/ui/KeypressSpacebar.ogg
W/AudioService( 1569): Soundpool could not load file: /system/media/audio/ui/KeypressSpacebar.ogg
D/dalvikvm( 4099): GC_CONCURRENT freed 96K, 15% free 554K/652K, paused 1ms+0ms, total 1ms
E/SoundPool( 1569): error loading /system/media/audio/ui/KeypressDelete.ogg
W/AudioService( 1569): Soundpool could not load file: /system/media/audio/ui/KeypressDelete.ogg
E/SoundPool( 1569): error loading /system/media/audio/ui/KeypressReturn.ogg
W/AudioService( 1569): Soundpool could not load file: /system/media/audio/ui/KeypressReturn.ogg
E/SoundPool( 1569): error loading /system/media/audio/ui/KeypressInvalid.ogg
W/AudioService( 1569): Soundpool could not load file: /system/media/audio/ui/KeypressInvalid.ogg
W/AudioService( 1569): onLoadSoundEffects(), Error -1 while loading samples
D/EGL_emulation( 1963): eglMakeCurrent: 0xb8579830: ver 3 0
E/EGL_emulation( 1963): tid 1963: eglSurfaceAttrib(1199): error 0x3009 (EGL_BAD_MATCH)
W/HardwareRenderer( 1963): Backbuffer cannot be preserved
D/        ( 1143): HostConnection::get() New Host Connection established 0xb7e1e560, tid 3829
D/EGL_emulation( 1963): eglMakeCurrent: 0xb8579830: ver 3 0
E/EGL_emulation( 1963): tid 1963: eglSurfaceAttrib(1199): error 0x3009 (EGL_BAD_MATCH)
W/HardwareRenderer( 1963): Backbuffer cannot be preserved
D/EGL_emulation( 1963): eglMakeCurrent: 0xb8579830: ver 3 0
D/EGL_emulation( 1963): eglMakeCurrent: 0xb8579830: ver 3 0
E/EGL_emulation( 1963): tid 1963: eglSurfaceAttrib(1199): error 0x3009 (EGL_BAD_MATCH)
W/HardwareRenderer( 1963): Backbuffer cannot be preserved
D/AndroidRuntime( 4117): 
D/AndroidRuntime( 4117): >>>>>> AndroidRuntime START com.android.internal.os.RuntimeInit <<<<<<
W/linker  ( 4117): libdvm.so has text relocations. This is wasting memory and is a security risk. Please fix.
D/AndroidRuntime( 4117): CheckJNI is ON
D/dalvikvm( 4117): Trying to load lib libjavacore.so 0x0
D/dalvikvm( 4117): Added shared lib libjavacore.so 0x0
D/dalvikvm( 4117): Trying to load lib libnativehelper.so 0x0
D/dalvikvm( 4117): Added shared lib libnativehelper.so 0x0
D/dalvikvm( 4117): No JNI_OnLoad found in libnativehelper.so 0x0, skipping init
D/dalvikvm( 4117): Note: class Landroid/app/ActivityManagerNative; has 179 unimplemented (abstract) methods
E/memtrack( 4117): Couldn't load memtrack module (No such file or directory)
E/android.os.Debug( 4117): failed to load memtrack module: -2
D/AndroidRuntime( 4117): Calling main entry com.android.commands.pm.Pm
W/ActivityManager( 1569): No content provider found for permission revoke: file:///sdcard/aut.apk
W/ActivityManager( 1569): No content provider found for permission revoke: file:///sdcard/aut.apk
I/PackageManager( 1569): Copying native libraries to /data/app-lib/vmdl156519339
W/PackageParser( 1569): No actions in intent filter at /data/app/vmdl156519339.tmp Binary XML file line #32
W/PackageParser( 1569): No actions in intent filter at /data/app/vmdl156519339.tmp Binary XML file line #47
D/dalvikvm( 1569): GC_FOR_ALLOC freed 1818K, 47% free 12446K/23060K, paused 12ms, total 12ms
D/dalvikvm( 1569): GC_FOR_ALLOC freed 1908K, 46% free 12579K/23060K, paused 7ms, total 7ms
D/dalvikvm( 1569): GC_FOR_ALLOC freed 2026K, 46% free 12597K/23060K, paused 7ms, total 7ms
I/PackageManager( 1569): Running dexopt on: org.hwyl.sexytopo
W/linker  ( 4128): libdvm.so has text relocations. This is wasting memory and is a security risk. Please fix.
W/dalvikvm( 4128): method Landroidx/appcompat/widget/DropDownListView;.lookForSelectablePosition incorrectly overrides package-private method with same name in Landroid/widget/ListView;
D/dalvikvm( 4128): DexOpt: couldn't find field Landroid/content/res/Configuration;.colorMode
D/dalvikvm( 4128): DexOpt: couldn't find field Landroid/view/inputmethod/EditorInfo;.contentMimeTypes
I/dalvikvm( 4128): DexOpt: illegal method access (call Landroid/widget/TextView;.getTextDirectionHeuristic ()Landroid/text/TextDirectionHeuristic; from Landroidx/appcompat/widget/AppCompatTextViewAutoSizeHelper$Impl29;)
D/dalvikvm( 4128): DexOpt: load 18ms, verify+opt 87ms, 2926628 bytes
I/ActivityManager( 1569): Force stopping org.hwyl.sexytopo appid=10064 user=-1: update pkg
D/Documents( 3403): Used cached roots for com.android.providers.downloads.documents
D/Documents( 3403): Used cached roots for com.android.externalstorage.documents
D/Documents( 3403): Used cached roots for com.android.providers.media.documents
D/Documents( 3403): Update found 6 roots in 2ms
I/InputReader( 1569): Reconfiguring input devices.  changes=0x00000010
D/dalvikvm( 2381): GC_FOR_ALLOC freed 147K, 17% free 3515K/4212K, paused 2ms, total 2ms
W/GCM     ( 1790): Unexpected forwarded intent: Intent { act=android.intent.action.PACKAGE_ADDED dat=package:org.hwyl.sexytopo flg=0x4000010 cmp=com.google.android.gms/.chimera.PersistentIntentOperationService (has extras) }
W/GCM     ( 1790): Unexpected forwarded intent: Intent { act=android.intent.action.PACKAGE_ADDED dat=package:org.hwyl.sexytopo flg=0x4000010 cmp=com.google.android.gms/.chimera.PersistentIntentOperationService (has extras) }
I/Auth    ( 2196): [SupervisedAccountIntentOperation] onHandleIntent(): android.intent.action.PACKAGE_ADDED
I/PackageManager( 1569):   Action: "android.intent.action.SENDTO"
I/PackageManager( 1569):   Category: "android.intent.category.DEFAULT"
I/PackageManager( 1569):   Scheme: "sms"
I/ChromeSync( 2196): [Sync,SyncIntentOperation] Handling the intent: Intent { act=android.intent.action.PACKAGE_ADDED dat=package:org.hwyl.sexytopo flg=0x4000010 cmp=com.google.android.gms/.chimera.GmsIntentOperationService (has extras) }.
I/dalvikvm-heap( 2381): Grow heap (frag case) to 6.683MB for 3211276-byte allocation
D/BackupManagerService( 1569): Received broadcast Intent { act=android.intent.action.PACKAGE_ADDED dat=package:org.hwyl.sexytopo flg=0x4000010 (has extras) }
I/PackageManager( 1569): Adding preferred activity ComponentInfo{com.android.mms/com.android.mms.ui.ComposeMessageActivity} for user 0 :
D/dalvikvm( 1847): GC_FOR_ALLOC freed 468K, 19% free 3600K/4392K, paused 2ms, total 2ms
I/PackageManager( 1569):   Action: "android.intent.action.SENDTO"
I/PackageManager( 1569):   Category: "android.intent.category.DEFAULT"
I/PackageManager( 1569):   Scheme: "smsto"
W/ActivityManager( 1569): Unable to start service Intent { act=com.google.android.gms.auth.key.retrieval.service.START pkg=com.google.android.gms } U=0: not found
V/BackupManagerService( 1569): addPackageParticipantsLocked: #1
I/PackageManager( 1569): Adding preferred activity ComponentInfo{com.android.mms/com.android.mms.ui.ComposeMessageActivity} for user 0 :
D/dalvikvm( 1963): GC_FOR_ALLOC freed 101K, 51% free 23916K/48124K, paused 33ms, total 34ms
I/dalvikvm-heap( 1963): Grow heap (frag case) to 26.608MB for 3211276-byte allocation
D/dalvikvm( 2381): GC_FOR_ALLOC freed <1K, 10% free 6650K/7352K, paused 1ms, total 1ms
I/Icing.InternalIcingCorporaProvider( 2329): Updating corpora: A: org.hwyl.sexytopo, C: MAYBE
D/dalvikvm( 1963): GC_FOR_ALLOC freed 1K, 44% free 27051K/48124K, paused 4ms, total 4ms
D/dalvikvm( 1569): GC_EXPLICIT freed 1962K, 45% free 12683K/23060K, paused 0ms+2ms, total 55ms
D/dalvikvm( 1569): WAIT_FOR_CONCURRENT_GC blocked 18ms
D/dalvikvm( 1569): WAIT_FOR_CONCURRENT_GC blocked 19ms
D/dalvikvm( 1569): WAIT_FOR_CONCURRENT_GC blocked 18ms
D/dalvikvm( 1569): WAIT_FOR_CONCURRENT_GC blocked 10ms
E/GmsClient( 2196): unable to connect to service: com.google.android.gms.auth.key.retrieval.service.START on com.google.android.gms
D/dalvikvm( 1569): WAIT_FOR_CONCURRENT_GC blocked 11ms
D/dalvikvm( 1569): WAIT_FOR_CONCURRENT_GC blocked 16ms
D/dalvikvm( 1569): WAIT_FOR_CONCURRENT_GC blocked 20ms
D/dalvikvm( 1569): WAIT_FOR_CONCURRENT_GC blocked 16ms
D/dalvikvm( 1569): WAIT_FOR_CONCURRENT_GC blocked 10ms
W/ActivityManager( 1569): Unbind failed: could not find connection for android.os.BinderProxy@9d700788
D/AndroidRuntime( 4117): Shutting down VM
D/dalvikvm( 4117): GC_CONCURRENT freed 93K, 15% free 552K/648K, paused 0ms+0ms, total 0ms
I/ChromeSync( 2196): [Persistence,AffiliationManager] One of affiliation or grouping data for android://KSmUCdTXmQS-j9D_O8l1jvyu41Pjn2mc5cb0Gvx1e9H1Aj4JCzHs_uTW26nbtH65K-YfijtBsQxGp-8R6k6HFg==@org.hwyl.sexytopo/ was not found. Marking affiliation data as stale...
I/PackageManager( 1569):   Action: "android.intent.action.SENDTO"
I/PackageManager( 1569):   Category: "android.intent.category.DEFAULT"
I/PackageManager( 1569):   Scheme: "mms"
