D/ConnectivityService( 1569): [CheckMp] isMobileOk: addresses=clients3.google.com/172.217.13.110,clients3.google.com/2607:f8b0:4020:804::200e
D/ConnectivityService( 1569): [CheckMp] isMobileOk: linkHasIpv4=true linkHasIpv6=false
D/ConnectivityService( 1569): requestRouteToHostAddress ok=true
D/ConnectivityService( 1569): [CheckMp] isMobileOk: wait to establish route to hostAddr=clients3.google.com/172.217.13.110
I/ActivityManager( 1569): Start proc com.android.defcontainer for service com.android.defcontainer/.DefaultContainerService: pid=2148 uid=10003 gids={50003, 1028, 1015, 1023, 2001, 1035}
W/ActivityManager( 1569): No content provider found for permission revoke: file:///data/local/tmp/AndroidRipperService.apk
W/ActivityManager( 1569): No content provider found for permission revoke: file:///data/local/tmp/AndroidRipperService.apk
I/PackageManager( 1569): Copying native libraries to /data/app-lib/vmdl-1354168585
I/PackageParser( 1569): it.unina.android.ripper_service: compat added android.permission.WRITE_EXTERNAL_STORAGE android.permission.READ_PHONE_STATE
I/ActivityManager( 1569): Force stopping it.unina.android.ripper_service appid=10057 user=-1: update pkg
I/PackageManager( 1569): Adding preferred activity ComponentInfo{com.android.mms/com.android.mms.ui.ComposeMessageActivity} for user 0 :
D/BackupManagerService( 1569): Received broadcast Intent { act=android.intent.action.PACKAGE_ADDED dat=package:it.unina.android.ripper_service flg=0x4000010 (has extras) }
V/BackupManagerService( 1569): addPackageParticipantsLocked: #1
I/PackageManager( 1569): Adding preferred activity ComponentInfo{com.android.mms/com.android.mms.ui.ComposeMessageActivity} for user 0 :
I/PackageManager( 1569): Adding preferred activity ComponentInfo{com.android.mms/com.android.mms.ui.ComposeMessageActivity} for user 0 :
I/PackageManager( 1569): Adding preferred activity ComponentInfo{com.android.mms/com.android.mms.ui.ComposeMessageActivity} for user 0 :
I/PackageManager( 1569): Adding preferred activity ComponentInfo{com.android.mms/com.android.mms.ui.ComposeMessageActivity} for user 0 :
I/PackageManager( 1569): Adding preferred activity ComponentInfo{com.android.mms/com.android.mms.ui.ComposeMessageActivity} for user 0 :
I/PackageManager( 1569): Adding preferred activity ComponentInfo{com.android.mms/com.android.mms.ui.ComposeMessageActivity} for user 0 :
I/PackageManager( 1569): Adding preferred activity ComponentInfo{com.android.mms/com.android.mms.ui.ComposeMessageActivity} for user 0 :
I/ActivityManager( 1569): Start proc com.google.android.gms for service com.google.android.gms/.chimera.GmsIntentOperationService: pid=2196 uid=10007 gids={50007, 3003, 1007, 1028, 1015, 3002, 3001, 3007, 2001, 3006}
D/ConnectivityService( 1569): [CheckMp] isMobileOk: newUrl=https://172.217.13.110/generate_204
W/ActivityThread( 1569): ClassLoader.loadClass: The class loader returned by Thread.getContextClassLoader() may fail for processes that host multiple applications. You should explicitly specify a context class loader. For example: Thread.setContextClassLoader(getClass().getClassLoader());
D/ConnectivityService( 1569): [CheckMp] isMobileOk: hostnameVerify retVal=true hostname=172.217.13.110 orgUriHost=clients3.google.com
D/ConnectivityService( 1569): [CheckMp] isMobileOk: headers={null=[HTTP/1.1 204 No Content], Alt-Svc=[h3=":443"; ma=2592000,h3-29=":443"; ma=2592000,h3-T051=":443"; ma=2592000,h3-Q050=":443"; ma=2592000,h3-Q046=":443"; ma=2592000,h3-Q043=":443"; ma=2592000,quic=":443"; ma=2592000; v="46,43"], Connection=[close], Content-Length=[0], Date=[Sun, 15 Aug 2021 09:53:49 GMT], X-Android-Received-Millis=[1629021228850], X-Android-Response-Source=[NETWORK 204], X-Android-Selected-Transport=[http/1.1], X-Android-Sent-Millis=[1629021228834]}
I/ActivityManager( 1569): Start proc it.unina.android.ripper_service:android_ripper_service_process for service it.unina.android.ripper_service/.AndroidRipperService: pid=2226 uid=10057 gids={50057, 3003, 1028, 1015}
D/ConnectivityService( 1569): [CheckMp] isMobileOk: X got expected responseCode=204 result=1
D/ConnectivityService( 1569): [CheckMp] isMobileOk: F stop hipri
D/MobileDataStateTracker( 1569): default: setEnableFailFastMobileData(enabled=0)
D/ConnectivityService( 1569): stopUsingNetworkFeature: teardown net 0: enableHIPRI
D/MobileDataStateTracker( 1569): hipri: Broadcast received: android.intent.action.ANY_DATA_STATE apnType=hipri
D/MobileDataStateTracker( 1569): hipri: Received state=DISCONNECTED, old=CONNECTED, reason=dataDisabled
D/MobileDataStateTracker( 1569): hipri: setDetailed state, old =CONNECTED and new state=DISCONNECTED
D/ConnectivityService( 1569): ConnectivityChange for mobile_hipri: DISCONNECTED/DISCONNECTED
D/Nat464Xlat( 1569): requiresClat: netType=5, hasIPv4Address=true
I/ActivityManager( 1569): Start proc com.android.music for broadcast com.android.music/.MediaButtonIntentReceiver: pid=2288 uid=10036 gids={50036, 3003, 1028, 1015}
I/ActivityManager( 1569): Start proc com.google.android.googlequicksearchbox for broadcast com.google.android.googlequicksearchbox/com.google.android.searchcommon.summons.icing.InternalIcingCorporaProvider$CorporaChangedReceiver: pid=2329 uid=10013 gids={50013, 3003, 1028, 3002, 1015}
I/ActivityManager( 1569): Delay finish: com.google.android.googlequicksearchbox/com.google.android.searchcommon.summons.icing.InternalIcingCorporaProvider$CorporaChangedReceiver
E/ActivityThread( 2329): Failed to find provider info for com.google.android.voicesearch
E/ActivityThread( 2329): Failed to find provider info for com.google.android.partnersetup.rlzappprovider
W/ActivityManager( 1569): Unable to start service Intent { act=com.google.android.gms.auth.key.retrieval.service.START pkg=com.google.android.gms } U=0: not found
W/ActivityManager( 1569): Unbind failed: could not find connection for android.os.BinderProxy@9d7d1d50
I/ActivityManager( 1569): Resuming delayed broadcast
I/ActivityManager( 1569): Start proc com.google.android.googlequicksearchbox:launcher for broadcast com.google.android.googlequicksearchbox/com.google.android.gel.GelStubAppWatcher: pid=2381 uid=10013 gids={50013, 3003, 1028, 3002, 1015}
W/ActivityManager( 1569): Unable to start service Intent { act=com.google.android.gms.nearby.discovery:ACTION_INIT_MESSAGES_PATH cmp=com.google.android.gms/.nearby.discovery.service.DiscoveryService } U=0: not found
I/ActivityManager( 1569): Start proc com.google.android.gms.ui for service com.google.android.gms/.chimera.UiIntentOperationService: pid=2452 uid=10007 gids={50007, 3003, 1007, 1028, 1015, 3002, 3001, 3007, 2001, 3006}
I/PackageManager( 1569): Adding preferred activity ComponentInfo{com.android.mms/com.android.mms.ui.ComposeMessageActivity} for user 0 :
I/PackageManager( 1569): Adding preferred activity ComponentInfo{com.android.mms/com.android.mms.ui.ComposeMessageActivity} for user 0 :
I/PackageManager( 1569): Adding preferred activity ComponentInfo{com.android.mms/com.android.mms.ui.ComposeMessageActivity} for user 0 :
I/PackageManager( 1569): Adding preferred activity ComponentInfo{com.android.mms/com.android.mms.ui.ComposeMessageActivity} for user 0 :
I/PackageManager( 1569): Adding preferred activity ComponentInfo{com.android.mms/com.android.mms.ui.ComposeMessageActivity} for user 0 :
I/PackageManager( 1569): Adding preferred activity ComponentInfo{com.android.mms/com.android.mms.ui.ComposeMessageActivity} for user 0 :
I/PackageManager( 1569): Adding preferred activity ComponentInfo{com.android.mms/com.android.mms.ui.ComposeMessageActivity} for user 0 :
I/PackageManager( 1569): Adding preferred activity ComponentInfo{com.android.mms/com.android.mms.ui.ComposeMessageActivity} for user 0 :
I/PackageManager( 1569): Adding preferred activity ComponentInfo{com.android.mms/com.android.mms.ui.ComposeMessageActivity} for user 0 :
I/PackageManager( 1569): Adding preferred activity ComponentInfo{com.android.mms/com.android.mms.ui.ComposeMessageActivity} for user 0 :
I/PackageManager( 1569): Adding preferred activity ComponentInfo{com.android.mms/com.android.mms.ui.ComposeMessageActivity} for user 0 :
I/PackageManager( 1569): Adding preferred activity ComponentInfo{com.android.mms/com.android.mms.ui.ComposeMessageActivity} for user 0 :
I/PackageManager( 1569): Adding preferred activity ComponentInfo{com.android.mms/com.android.mms.ui.ComposeMessageActivity} for user 0 :
I/PackageManager( 1569): Adding preferred activity ComponentInfo{com.android.mms/com.android.mms.ui.ComposeMessageActivity} for user 0 :
I/PackageManager( 1569): Adding preferred activity ComponentInfo{com.android.mms/com.android.mms.ui.ComposeMessageActivity} for user 0 :
I/PackageManager( 1569): Adding preferred activity ComponentInfo{com.android.mms/com.android.mms.ui.ComposeMessageActivity} for user 0 :
I/PackageManager( 1569): Adding preferred activity ComponentInfo{com.android.mms/com.android.mms.ui.ComposeMessageActivity} for user 0 :
I/PackageManager( 1569): Adding preferred activity ComponentInfo{com.android.mms/com.android.mms.ui.ComposeMessageActivity} for user 0 :
I/PackageManager( 1569): Adding preferred activity ComponentInfo{com.android.mms/com.android.mms.ui.ComposeMessageActivity} for user 0 :
I/PackageManager( 1569): Adding preferred activity ComponentInfo{com.android.mms/com.android.mms.ui.ComposeMessageActivity} for user 0 :
I/PackageManager( 1569): Adding preferred activity ComponentInfo{com.android.mms/com.android.mms.ui.ComposeMessageActivity} for user 0 :
I/PackageManager( 1569): Adding preferred activity ComponentInfo{com.android.mms/com.android.mms.ui.ComposeMessageActivity} for user 0 :
I/PackageManager( 1569): Adding preferred activity ComponentInfo{com.android.mms/com.android.mms.ui.ComposeMessageActivity} for user 0 :
I/PackageManager( 1569): Adding preferred activity ComponentInfo{com.android.mms/com.android.mms.ui.ComposeMessageActivity} for user 0 :
I/PackageManager( 1569): Adding preferred activity ComponentInfo{com.android.mms/com.android.mms.ui.ComposeMessageActivity} for user 0 :
I/PackageManager( 1569): Adding preferred activity ComponentInfo{com.android.mms/com.android.mms.ui.ComposeMessageActivity} for user 0 :
I/PackageManager( 1569): Adding preferred activity ComponentInfo{com.android.mms/com.android.mms.ui.ComposeMessageActivity} for user 0 :
I/PackageManager( 1569): Adding preferred activity ComponentInfo{com.android.mms/com.android.mms.ui.ComposeMessageActivity} for user 0 :
I/PackageManager( 1569): Adding preferred activity ComponentInfo{com.android.mms/com.android.mms.ui.ComposeMessageActivity} for user 0 :
I/PackageManager( 1569): Adding preferred activity ComponentInfo{com.android.mms/com.android.mms.ui.ComposeMessageActivity} for user 0 :
I/PackageManager( 1569): Adding preferred activity ComponentInfo{com.android.mms/com.android.mms.ui.ComposeMessageActivity} for user 0 :
I/PackageManager( 1569): Adding preferred activity ComponentInfo{com.android.mms/com.android.mms.ui.ComposeMessageActivity} for user 0 :
W/ActivityManager( 1569): No content provider found for permission revoke: file:///sdcard/aut.apk
W/ActivityManager( 1569): Unable to start service Intent { act=com.google.android.gms.nearby.discovery:ACTION_PERMISSION_CHANGE cmp=com.google.android.gms/.nearby.discovery.service.DiscoveryService } U=0: not found
D/ConnectivityService( 1569): [CheckMp] isMobileOk: X result=1
D/ConnectivityService( 1569): [CheckMp] onPostExecute: result=1
D/ConnectivityService( 1569): CheckMp.onComplete: result=1
D/ConnectivityService( 1569): CheckMp.onComplete: ignore, connected or no connection
W/ActivityManager( 1569): No content provider found for permission revoke: file:///sdcard/aut.apk
I/PackageManager( 1569): Copying native libraries to /data/app-lib/vmdl-1261421506
I/ActivityManager( 1569): Start proc com.google.android.gms.unstable for service com.google.android.gms/.droidguard.DroidGuardService: pid=2547 uid=10007 gids={50007, 3003, 1007, 1028, 1015, 3002, 3001, 3007, 2001, 3006}
I/ActivityManager( 1569): Start proc com.google.android.calendar for broadcast com.google.android.calendar/com.android.calendar.widget.CalendarAppWidgetService$CalendarFactory: pid=2579 uid=10018 gids={50018, 3003}
I/ActivityManager( 1569): Force stopping io.librehealth.toolkit.cost_of_care appid=10058 user=-1: update pkg
I/PackageManager( 1569): Adding preferred activity ComponentInfo{com.android.mms/com.android.mms.ui.ComposeMessageActivity} for user 0 :
D/BackupManagerService( 1569): Received broadcast Intent { act=android.intent.action.PACKAGE_ADDED dat=package:io.librehealth.toolkit.cost_of_care flg=0x4000010 (has extras) }
I/PackageManager( 1569): Adding preferred activity ComponentInfo{com.android.mms/com.android.mms.ui.ComposeMessageActivity} for user 0 :
V/BackupManagerService( 1569): addPackageParticipantsLocked: #1
I/PackageManager( 1569): Adding preferred activity ComponentInfo{com.android.mms/com.android.mms.ui.ComposeMessageActivity} for user 0 :
I/PackageManager( 1569): Adding preferred activity ComponentInfo{com.android.mms/com.android.mms.ui.ComposeMessageActivity} for user 0 :
I/PackageManager( 1569): Adding preferred activity ComponentInfo{com.android.mms/com.android.mms.ui.ComposeMessageActivity} for user 0 :
I/PackageManager( 1569): Adding preferred activity ComponentInfo{com.android.mms/com.android.mms.ui.ComposeMessageActivity} for user 0 :
I/PackageManager( 1569): Adding preferred activity ComponentInfo{com.android.mms/com.android.mms.ui.ComposeMessageActivity} for user 0 :
I/PackageManager( 1569): Adding preferred activity ComponentInfo{com.android.mms/com.android.mms.ui.ComposeMessageActivity} for user 0 :
I/ActivityManager( 1569): Start proc com.android.deskclock for broadcast com.android.deskclock/.AlarmInitReceiver: pid=2605 uid=10022 gids={50022, 1028}
I/ActivityManager( 1569): Start proc com.android.providers.calendar for content provider com.android.providers.calendar/.CalendarProvider2: pid=2618 uid=10001 gids={50001, 3003, 1028, 1015}
W/BackupManagerService( 1569): dataChanged but no participant pkg='com.android.providers.settings' uid=10022
I/ActivityManager( 1569): Start proc com.google.android.play.games for broadcast com.google.android.play.games/com.google.android.libraries.notifications.entrypoints.timezonechanged.TimezoneChangedReceiver: pid=2646 uid=10043 gids={50043, 3003}
W/ActivityManager( 1569): No content provider found for permission revoke: file:///sdcard/ripper.apk
W/ActivityManager( 1569): No content provider found for permission revoke: file:///sdcard/ripper.apk
I/PackageManager( 1569): Copying native libraries to /data/app-lib/vmdl-1177514167
I/PackageParser( 1569): it.unina.android.ripper: compat added android.permission.WRITE_EXTERNAL_STORAGE android.permission.READ_PHONE_STATE
W/ActivityManager( 1569): Unable to start service Intent { act=com.google.android.gms.instantapps.START pkg=com.google.android.gms } U=0: not found
W/ActivityManager( 1569): Unbind failed: could not find connection for android.os.BinderProxy@9d3388b0
I/ActivityManager( 1569): Force stopping it.unina.android.ripper appid=10059 user=-1: update pkg
I/PackageManager( 1569): Adding preferred activity ComponentInfo{com.android.mms/com.android.mms.ui.ComposeMessageActivity} for user 0 :
D/ConnectivityService( 1569): handleInetConditionHoldEnd: net=0, condition=0, published condition=0
D/BackupManagerService( 1569): Received broadcast Intent { act=android.intent.action.PACKAGE_ADDED dat=package:it.unina.android.ripper flg=0x4000010 (has extras) }
V/BackupManagerService( 1569): addPackageParticipantsLocked: #1
I/PackageManager( 1569): Adding preferred activity ComponentInfo{com.android.mms/com.android.mms.ui.ComposeMessageActivity} for user 0 :
I/PackageManager( 1569): Adding preferred activity ComponentInfo{com.android.mms/com.android.mms.ui.ComposeMessageActivity} for user 0 :
I/PackageManager( 1569): Adding preferred activity ComponentInfo{com.android.mms/com.android.mms.ui.ComposeMessageActivity} for user 0 :
I/PackageManager( 1569): Adding preferred activity ComponentInfo{com.android.mms/com.android.mms.ui.ComposeMessageActivity} for user 0 :
I/PackageManager( 1569): Adding preferred activity ComponentInfo{com.android.mms/com.android.mms.ui.ComposeMessageActivity} for user 0 :
I/PackageManager( 1569): Adding preferred activity ComponentInfo{com.android.mms/com.android.mms.ui.ComposeMessageActivity} for user 0 :
I/PackageManager( 1569): Adding preferred activity ComponentInfo{com.android.mms/com.android.mms.ui.ComposeMessageActivity} for user 0 :
W/BroadcastQueue( 1569): Permission Denial: broadcasting Intent { act=android.appwidget.action.APPWIDGET_UPDATE_OPTIONS flg=0x10 cmp=com.android.settings/.widget.SettingsAppWidgetProvider (has extras) } from android (pid=1963, uid=10009) is not exported from uid 1000 due to receiver com.android.settings/.widget.SettingsAppWidgetProvider
I/ActivityManager( 1569): Start proc com.android.dialer for broadcast com.android.dialer/.calllog.CallLogReceiver: pid=2713 uid=10004 gids={50004, 3003, 1028, 1015}
I/ActivityManager( 1569): Delay finish: com.android.dialer/.calllog.CallLogReceiver
I/ActivityManager( 1569): Resuming delayed broadcast
V/WiredAccessoryManager( 1569): init()
I/PowerManagerService( 1569): Boot animation finished.
I/BootReceiver( 1569): Copying audit failures to DropBox
I/BootReceiver( 1569): Checking for fsck errors
I/ActivityManager( 1569): Delay finish: com.android.providers.downloads/.DownloadReceiver
I/ActivityManager( 1569): Resuming delayed broadcast
I/SystemUpdateService( 1812): cancelUpdate (empty URL)
I/ActivityManager( 1569): Delay finish: com.android.providers.media/.MediaScannerReceiver
I/SystemUpdateService( 1812): cancelUpdate (empty URL)
I/ActivityManager( 1569): Force stopping io.librehealth.toolkit.cost_of_care appid=10058 user=0: start instr
I/ActivityManager( 1569): Start proc io.librehealth.toolkit.cost_of_care for added application io.librehealth.toolkit.cost_of_care: pid=2762 uid=10058 gids={50058, 3003, 1028, 1015}
I/ActivityManager( 1569): START u0 {act=android.intent.action.MAIN flg=0x10000000 cmp=io.librehealth.toolkit.cost_of_care/.MainActivity} from pid 2762
E/AndroidRuntime( 2762): FATAL EXCEPTION: main
E/AndroidRuntime( 2762): Process: io.librehealth.toolkit.cost_of_care, PID: 2762
E/AndroidRuntime( 2762): java.lang.RuntimeException: Unable to start activity ComponentInfo{io.librehealth.toolkit.cost_of_care/io.librehealth.toolkit.cost_of_care.MainActivity}: java.lang.RuntimeException: java.util.concurrent.ExecutionException: java.lang.UnsatisfiedLinkError: Couldn't load flutter from loader dalvik.system.PathClassLoader[DexPathList[[zip file "/system/framework/android.test.runner.jar", zip file "/data/app/it.unina.android.ripper-1.apk", zip file "/data/app/io.librehealth.toolkit.cost_of_care-1.apk"],nativeLibraryDirectories=[/data/app-lib/it.unina.android.ripper-1, /data/app-lib/io.librehealth.toolkit.cost_of_care-1, /vendor/lib, /system/lib]]]: findLibrary returned null
E/AndroidRuntime( 2762): 	at android.app.ActivityThread.performLaunchActivity(ActivityThread.java:2195)
E/AndroidRuntime( 2762): 	at android.app.ActivityThread.handleLaunchActivity(ActivityThread.java:2245)
E/AndroidRuntime( 2762): 	at android.app.ActivityThread.access$800(ActivityThread.java:135)
E/AndroidRuntime( 2762): 	at android.app.ActivityThread$H.handleMessage(ActivityThread.java:1196)
E/AndroidRuntime( 2762): 	at android.os.Handler.dispatchMessage(Handler.java:102)
E/AndroidRuntime( 2762): 	at android.os.Looper.loop(Looper.java:136)
E/AndroidRuntime( 2762): 	at android.app.ActivityThread.main(ActivityThread.java:5017)
E/AndroidRuntime( 2762): 	at java.lang.reflect.Method.invokeNative(Native Method)
E/AndroidRuntime( 2762): 	at java.lang.reflect.Method.invoke(Method.java:515)
E/AndroidRuntime( 2762): 	at com.android.internal.os.ZygoteInit$MethodAndArgsCaller.run(ZygoteInit.java:779)
E/AndroidRuntime( 2762): 	at com.android.internal.os.ZygoteInit.main(ZygoteInit.java:595)
E/AndroidRuntime( 2762): 	at dalvik.system.NativeStart.main(Native Method)
E/AndroidRuntime( 2762): Caused by: java.lang.RuntimeException: java.util.concurrent.ExecutionException: java.lang.UnsatisfiedLinkError: Couldn't load flutter from loader dalvik.system.PathClassLoader[DexPathList[[zip file "/system/framework/android.test.runner.jar", zip file "/data/app/it.unina.android.ripper-1.apk", zip file "/data/app/io.librehealth.toolkit.cost_of_care-1.apk"],nativeLibraryDirectories=[/data/app-lib/it.unina.android.ripper-1, /data/app-lib/io.librehealth.toolkit.cost_of_care-1, /vendor/lib, /system/lib]]]: findLibrary returned null
E/AndroidRuntime( 2762): 	at io.flutter.embedding.engine.f.c.a()
E/AndroidRuntime( 2762): 	at io.flutter.embedding.engine.a.<init>()
E/AndroidRuntime( 2762): 	at io.flutter.embedding.engine.a.<init>()
E/AndroidRuntime( 2762): 	at io.flutter.embedding.android.e.k()
E/AndroidRuntime( 2762): 	at io.flutter.embedding.android.e.a()
E/AndroidRuntime( 2762): 	at io.flutter.embedding.android.d.onCreate()
E/AndroidRuntime( 2762): 	at android.app.Activity.performCreate(Activity.java:5231)
E/AndroidRuntime( 2762): 	at android.app.Instrumentation.callActivityOnCreate(Instrumentation.java:1087)
E/AndroidRuntime( 2762): 	at android.app.ActivityThread.performLaunchActivity(ActivityThread.java:2159)
E/AndroidRuntime( 2762): 	... 11 more
E/AndroidRuntime( 2762): Caused by: java.util.concurrent.ExecutionException: java.lang.UnsatisfiedLinkError: Couldn't load flutter from loader dalvik.system.PathClassLoader[DexPathList[[zip file "/system/framework/android.test.runner.jar", zip file "/data/app/it.unina.android.ripper-1.apk", zip file "/data/app/io.librehealth.toolkit.cost_of_care-1.apk"],nativeLibraryDirectories=[/data/app-lib/it.unina.android.ripper-1, /data/app-lib/io.librehealth.toolkit.cost_of_care-1, /vendor/lib, /system/lib]]]: findLibrary returned null
E/AndroidRuntime( 2762): 	at java.util.concurrent.FutureTask.report(FutureTask.java:93)
E/AndroidRuntime( 2762): 	at java.util.concurrent.FutureTask.get(FutureTask.java:163)
E/AndroidRuntime( 2762): 	... 20 more
E/AndroidRuntime( 2762): Caused by: java.lang.UnsatisfiedLinkError: Couldn't load flutter from loader dalvik.system.PathClassLoader[DexPathList[[zip file "/system/framework/android.test.runner.jar", zip file "/data/app/it.unina.android.ripper-1.apk", zip file "/data/app/io.librehealth.toolkit.cost_of_care-1.apk"],nativeLibraryDirectories=[/data/app-lib/it.unina.android.ripper-1, /data/app-lib/io.librehealth.toolkit.cost_of_care-1, /vendor/lib, /system/lib]]]: findLibrary returned null
E/AndroidRuntime( 2762): 	at java.lang.Runtime.loadLibrary(Runtime.java:358)
E/AndroidRuntime( 2762): 	at java.lang.System.loadLibrary(System.java:526)
E/AndroidRuntime( 2762): 	at io.flutter.embedding.engine.f.c$a.call()
E/AndroidRuntime( 2762): 	at io.flutter.embedding.engine.f.c$a.call()
E/AndroidRuntime( 2762): 	at java.util.concurrent.FutureTask.run(FutureTask.java:237)
E/AndroidRuntime( 2762): 	at java.util.concurrent.ThreadPoolExecutor.runWorker(ThreadPoolExecutor.java:1112)
E/AndroidRuntime( 2762): 	at java.util.concurrent.ThreadPoolExecutor$Worker.run(ThreadPoolExecutor.j
W/ActivityManager( 1569): Error in app io.librehealth.toolkit.cost_of_care running instrumentation ComponentInfo{it.unina.android.ripper/android.test.InstrumentationTestRunner}:
W/ActivityManager( 1569):   java.lang.UnsatisfiedLinkError
W/ActivityManager( 1569):   java.lang.UnsatisfiedLinkError: Couldn't load flutter from loader dalvik.system.PathClassLoader[DexPathList[[zip file "/system/framework/android.test.runner.jar", zip file "/data/app/it.unina.android.ripper-1.apk", zip file "/data/app/io.librehealth.toolkit.cost_of_care-1.apk"],nativeLibraryDirectories=[/data/app-lib/it.unina.android.ripper-1, /data/app-lib/io.librehealth.toolkit.cost_of_care-1, /vendor/lib, /system/lib]]]: findLibrary returned null
I/ActivityManager( 1569): Force stopping io.librehealth.toolkit.cost_of_care appid=10058 user=0: finished inst
I/ActivityManager( 1569): Killing 2762:io.librehealth.toolkit.cost_of_care/u0a58 (adj 0): stop io.librehealth.toolkit.cost_of_care
I/ActivityManager( 1569):   Force finishing activity ActivityRecord{9d0d9bd8 u0 io.librehealth.toolkit.cost_of_care/.MainActivity t4}
W/InputMethodManagerService( 1569): Window already focused, ignoring focus gain of: com.android.internal.view.IInputMethodClient$Stub$Proxy@9d66fc90 attribute=null, token = android.os.BinderProxy@9d3fd5c0
I/ActivityManager( 1569): Resuming delayed broadcast
I/ActivityManager( 1569): Start proc com.android.mms for broadcast com.android.mms/.transaction.MmsSystemEventReceiver: pid=2783 uid=10010 gids={50010, 3003, 1028, 1015}
D/CountryDetector( 1569): The first listener is added
I/ActivityManager( 1569): Delay finish: com.android.mms/.transaction.MmsSystemEventReceiver
I/ActivityManager( 1569): Resuming delayed broadcast
I/ActivityManager( 1569): Delay finish: com.android.mms/.transaction.SmsReceiver
I/ActivityManager( 1569): Resuming delayed broadcast
I/CertBlacklister( 1569): Certificate blacklist changed, updating...
I/CertBlacklister( 1569): Certificate blacklist updated
I/ActivityManager( 1569): Delay finish: com.google.android.googlequicksearchbox/com.google.android.searchcommon.StartUpReceiver
W/ActivityManager( 1569): Unable to start service Intent { act=com.google.android.gms.auth.key.retrieval.service.START pkg=com.google.android.gms } U=0: not found
W/ActivityManager( 1569): Unbind failed: could not find connection for android.os.BinderProxy@9d4aca18
I/CertBlacklister( 1569): Certificate blacklist changed, updating...
I/CertBlacklister( 1569): Certificate blacklist updated
I/CertBlacklister( 1569): Certificate blacklist changed, updating...
I/CertBlacklister( 1569): Certificate blacklist updated
I/ActivityManager( 1569): Resuming delayed broadcast
I/ActivityManager( 1569): Delay finish: com.google.android.calendar/com.android.calendar.alerts.AlertReceiver
I/ActivityManager( 1569): Resuming delayed broadcast
I/ActivityManager( 1569): Delay finish: com.android.email/.service.EmailUpgradeBroadcastReceiver
I/ActivityManager( 1569): Resuming delayed broadcast
I/ActivityManager( 1569): Delay finish: com.android.email/.service.EmailBroadcastReceiver
I/ActivityManager( 1569): Delaying start of: ServiceRecord{9d68f720 u0 com.android.exchange/.service.EmailSyncAdapterService}
I/ActivityManager( 1569): Resuming delayed broadcast
I/ActivityManager( 1569): Delay finish: com.android.providers.contacts/.PackageIntentReceiver
I/ActivityManager( 1569): Resuming delayed broadcast
I/ActivityManager( 1569): Delay finish: com.google.android.googlequicksearchbox/com.google.android.searchcommon.summons.icing.InternalIcingCorporaProvider$CorporaChangedReceiver
I/ActivityManager( 1569): Resuming delayed broadcast
I/ActivityManager( 1569): Start proc com.svox.pico for broadcast com.svox.pico/.VoiceDataInstallerReceiver: pid=2904 uid=10041 gids={50041, 1028, 1015}
I/ActivityManager( 1569): Delay finish: com.google.android.googlequicksearchbox/com.google.android.searchcommon.summons.icing.InternalIcingCorporaProvider$CorporaChangedReceiver
I/ActivityManager( 1569): Resuming delayed broadcast
I/ActivityManager( 1569): Delay finish: com.google.android.googlequicksearchbox/com.google.android.searchcommon.summons.icing.InternalIcingCorporaProvider$CorporaChangedReceiver
I/ActivityManager( 1569): Resuming delayed broadcast
I/ActivityManager( 1569): Delay finish: com.google.android.googlequicksearchbox/com.google.android.searchcommon.summons.icing.InternalIcingCorporaProvider$CorporaChangedReceiver
I/ActivityManager( 1569): Resuming delayed broadcast
I/ActivityManager( 1569): Delay finish: com.google.android.googlequicksearchbox/com.google.android.searchcommon.summons.icing.InternalIcingCorporaProvider$CorporaChangedReceiver
I/ActivityManager( 1569): Resuming delayed broadcast
I/ActivityManager( 1569): Delay finish: com.google.android.gms/.gcm.nts.SchedulerReceiver
I/ActivityManager( 1569): Resuming delayed broadcast
I/ActivityManager( 1569): Delay finish: com.google.android.googlequicksearchbox/com.google.android.searchcommon.summons.icing.InternalIcingCorporaProvider$CorporaChangedReceiver
I/ActivityManager( 1569): Resuming delayed broadcast
I/ActivityManager( 1569): Delay finish: com.google.android.calendar/com.android.calendar.alerts.AlertReceiver
W/ActivityManager( 1569): Unable to start service Intent { act=com.google.android.gms.nearby.discovery:ACTION_INIT_MESSAGES_PATH cmp=com.google.android.gms/.nearby.discovery.service.DiscoveryService } U=0: not found
I/PackageManager( 1569): Adding preferred activity ComponentInfo{com.android.mms/com.android.mms.ui.ComposeMessageActivity} for user 0 :
I/PackageManager( 1569): Adding preferred activity ComponentInfo{com.android.mms/com.android.mms.ui.ComposeMessageActivity} for user 0 :
I/PackageManager( 1569): Adding preferred activity ComponentInfo{com.android.mms/com.android.mms.ui.ComposeMessageActivity} for user 0 :
I/PackageManager( 1569): Adding preferred activity ComponentInfo{com.android.mms/com.android.mms.ui.ComposeMessageActivity} for user 0 :
I/PackageManager( 1569): Adding preferred activity ComponentInfo{com.android.mms/com.android.mms.ui.ComposeMessageActivity} for user 0 :
I/PackageManager( 1569): Adding preferred activity ComponentInfo{com.android.mms/com.android.mms.ui.ComposeMessageActivity} for user 0 :
I/PackageManager( 1569): Adding preferred activity ComponentInfo{com.android.mms/com.android.mms.ui.ComposeMessageActivity} for user 0 :
I/PackageManager( 1569): Adding preferred activity ComponentInfo{com.android.mms/com.android.mms.ui.ComposeMessageActivity} for user 0 :
I/PackageManager( 1569): Adding preferred activity ComponentInfo{com.android.mms/com.android.mms.ui.ComposeMessageActivity} for user 0 :
I/PackageManager( 1569): Adding preferred activity ComponentInfo{com.android.mms/com.android.mms.ui.ComposeMessageActivity} for user 0 :
I/PackageManager( 1569): Adding preferred activity ComponentInfo{com.android.mms/com.android.mms.ui.ComposeMessageActivity} for user 0 :
I/PackageManager( 1569): Adding preferred activity ComponentInfo{com.android.mms/com.android.mms.ui.ComposeMessageActivity} for user 0 :
I/PackageManager( 1569): Adding preferred activity ComponentInfo{com.android.mms/com.android.mms.ui.ComposeMessageActivity} for user 0 :
I/PackageManager( 1569): Adding preferred activity ComponentInfo{com.android.mms/com.android.mms.ui.ComposeMessageActivity} for user 0 :
I/PackageManager( 1569): Adding preferred activity ComponentInfo{com.android.mms/com.android.mms.ui.ComposeMessageActivity} for user 0 :
I/PackageManager( 1569): Adding preferred activity ComponentInfo{com.android.mms/com.android.mms.ui.ComposeMessageActivity} for user 0 :
I/PackageManager( 1569): Adding preferred activity ComponentInfo{com.android.mms/com.android.mms.ui.ComposeMessageActivity} for user 0 :
I/PackageManager( 1569): Adding preferred activity ComponentInfo{com.android.mms/com.android.mms.ui.ComposeMessageActivity} for user 0 :
I/PackageManager( 1569): Adding preferred activity ComponentInfo{com.android.mms/com.android.mms.ui.ComposeMessageActivity} for user 0 :
I/PackageManager( 1569): Adding preferred activity ComponentInfo{com.android.mms/com.android.mms.ui.ComposeMessageActivity} for user 0 :
I/PackageManager( 1569): Adding preferred activity ComponentInfo{com.android.mms/com.android.mms.ui.ComposeMessageActivity} for user 0 :
I/PackageManager( 1569): Adding preferred activity ComponentInfo{com.android.mms/com.android.mms.ui.ComposeMessageActivity} for user 0 :
I/PackageManager( 1569): Adding preferred activity ComponentInfo{com.android.mms/com.android.mms.ui.ComposeMessageActivity} for user 0 :
I/PackageManager( 1569): Adding preferred activity ComponentInfo{com.android.mms/com.android.mms.ui.ComposeMessageActivity} for user 0 :
I/PackageManager( 1569): Adding preferred activity ComponentInfo{com.android.mms/com.android.mms.ui.ComposeMessageActivity} for user 0 :
I/PackageManager( 1569): Adding preferred activity ComponentInfo{com.android.mms/com.android.mms.ui.ComposeMessageActivity} for user 0 :
I/PackageManager( 1569): Adding preferred activity ComponentInfo{com.android.mms/com.android.mms.ui.ComposeMessageActivity} for user 0 :
I/PackageManager( 1569): Adding preferred activity ComponentInfo{com.android.mms/com.android.mms.ui.ComposeMessageActivity} for user 0 :
I/PackageManager( 1569): Adding preferred activity ComponentInfo{com.android.mms/com.android.mms.ui.ComposeMessageActivity} for user 0 :
I/PackageManager( 1569): Adding preferred activity ComponentInfo{com.android.mms/com.android.mms.ui.ComposeMessageActivity} for user 0 :
I/PackageManager( 1569): Adding preferred activity ComponentInfo{com.android.mms/com.android.mms.ui.ComposeMessageActivity} for user 0 :
I/PackageManager( 1569): Adding preferred activity ComponentInfo{com.android.mms/com.android.mms.ui.ComposeMessageActivity} for user 0 :
I/ActivityManager( 1569): Waited long enough for: ServiceRecord{9d75f8e0 u0 com.android.music/.MediaPlaybackService}
I/ActivityManager( 1569): Resuming delayed broadcast
I/ActivityManager( 1569): Delay finish: com.google.android.googlequicksearchbox/com.google.android.searchcommon.summons.icing.InternalIcingCorporaProvider$CorporaChangedReceiver
W/ActivityManager( 1569): Unable to start service Intent { act=com.google.android.gms.auth.key.retrieval.service.START pkg=com.google.android.gms } U=0: not found
W/ActivityManager( 1569): Unbind failed: could not find connection for android.os.BinderProxy@9d408e30
I/ActivityManager( 1569): Resuming delayed broadcast
I/ActivityManager( 1569): Delay finish: com.android.mms/.transaction.SmsReceiver
I/ActivityManager( 1569): Resuming delayed broadcast
I/ActivityManager( 1569): Delay finish: com.google.android.gsf/.update.SystemUpdateService$Receiver
I/SystemUpdateService( 1812): cancelUpdate (empty URL)
I/SystemUpdateService( 1812): cancelUpdate (empty URL)
I/ActivityManager( 1569): Resuming delayed broadcast
I/ActivityManager( 1569): Delay finish: com.google.android.gms/.auth.account.be.channelid.ChannelBindingBroadcastReceiver
I/ActivityManager( 1569): Resuming delayed broadcast
I/ActivityManager( 1569): Delay finish: com.google.android.gsf/.checkin.EventLogService$Receiver
I/ActivityManager( 1569): Resuming delayed broadcast
I/SystemUpdateService( 1812): cancelUpdate (empty URL)
I/SystemUpdateService( 1812): cancelUpdate (empty URL)
I/ActivityManager( 1569): Delay finish: com.google.android.googlequicksearchbox/com.google.android.searchcommon.GservicesBroadcastReceiver
I/ActivityManager( 1569): Resuming delayed broadcast
W/ActivityThread( 1885): ClassLoader.loadClass: The class loader returned by Thread.getContextClassLoader() may fail for processes that host multiple applications. You should explicitly specify a context class loader. For example: Thread.setContextClassLoader(getClass().getClassLoader());
I/ActivityManager( 1569): Delay finish: com.google.android.googlequicksearchbox/com.google.android.searchcommon.summons.icing.InternalIcingCorporaProvider$CorporaChangedReceiver
D/ConnectivityService( 1569): handleInetConditionHoldEnd: net=0, condition=100, published condition=0
I/ActivityManager( 1569): Resuming delayed broadcast
I/ActivityManager( 1569): Delay finish: com.google.android.googlequicksearchbox/com.google.android.searchcommon.summons.icing.InternalIcingCorporaProvider$CorporaChangedReceiver
I/ActivityManager( 1569): Resuming delayed broadcast
I/ActivityManager( 1569): Delay finish: com.google.android.googlequicksearchbox/com.google.android.searchcommon.summons.icing.InternalIcingCorporaProvider$CorporaChangedReceiver
I/ActivityManager( 1569): Resuming delayed broadcast
I/ActivityManager( 1569): Delay finish: com.google.android.googlequicksearchbox/com.google.android.searchcommon.summons.icing.InternalIcingCorporaProvider$CorporaChangedReceiver
I/ActivityManager( 1569): Resuming delayed broadcast
I/ActivityManager( 1569): Delay finish: com.android.providers.calendar/.CalendarProviderBroadcastReceiver
I/ActivityManager( 1569): Resuming delayed broadcast
I/ActivityManager( 1569): Killing 1981:com.android.externalstorage/u0a6 (adj 15): empty #17
W/ActivityManager( 1569): Unable to start service Intent { act=com.google.android.gms.auth.key.retrieval.service.START pkg=com.google.android.gms } U=0: not found
W/ActivityManager( 1569): Unbind failed: could not find connection for android.os.BinderProxy@9d87f630
W/ActivityManager( 1569): Unable to start service Intent { act=com.google.android.gms.auth.key.retrieval.service.START pkg=com.google.android.gms } U=0: not found
W/ActivityManager( 1569): Unbind failed: could not find connection for android.os.BinderProxy@9d2c5908
W/ActivityManager( 1569): Unable to start service Intent { act=com.google.android.gms.auth.key.retrieval.service.START pkg=com.google.android.gms } U=0: not found
W/ActivityManager( 1569): Unbind failed: could not find connection for android.os.BinderProxy@9d59ea80
--------- beginning of /dev/log/main
W/ProviderHelper( 2196): Unknown dynamite feature vision.ocr
W/DynamiteModule( 2196): Local module descriptor class for com.google.android.gms.vision.ocr not found.
I/DynamiteModule( 2196): Considering local module com.google.android.gms.vision.ocr:0 and remote module com.google.android.gms.vision.ocr:0
E/Vision  ( 2196): Error loading module com.google.android.gms.vision.ocr optional module true: qxb: No acceptable module found. Local version is 0 and remote version is 0.
W/TextNativeHandle( 2196): Native handle not yet available. Reverting to no-op handle.
W/DynamiteModule( 2196): Local module descriptor class for com.google.android.gms.vision.dynamite.ocr not found.
W/ProviderHelper( 2196): Unknown dynamite feature vision.dynamite.ocr
I/DynamiteModule( 2196): Considering local module com.google.android.gms.vision.dynamite.ocr:0 and remote module com.google.android.gms.vision.dynamite.ocr:0
W/ProviderHelper( 2196): Unknown dynamite feature vision.ocr
W/DynamiteModule( 2196): Local module descriptor class for com.google.android.gms.vision.ocr not found.
I/DynamiteModule( 2196): Considering local module com.google.android.gms.vision.ocr:0 and remote module com.google.android.gms.vision.ocr:0
E/Vision  ( 2196): Error loading module com.google.android.gms.vision.ocr optional module true: qxb: No acceptable module found. Local version is 0 and remote version is 0.
I/Vision  ( 2196): Requesting optional module download of ocr.
I/Vision  ( 2196): Checking for download completion for 47424 -- ocr
I/OcrModelUpStIntentOp( 2196): Downloading text recognizer
I/Vision  ( 2196): Requesting optional module download of ocr.
I/Vision  ( 2196): Checking for download completion for 47434 -- ocr
I/Auth    ( 1790): [AuthManaged,PasswordComplexityHelperImpl] Updating password complexity components state.
I/Auth    ( 1790): [AuthManaged,PasswordComplexityHelperImpl] Disabling com.google.android.gms.auth.managed.admin.DeviceAdminReceiver
I/Auth    ( 1790): [AuthManaged,PasswordComplexityHelperImpl] Disabling com.google.android.gms.auth.managed.ui.SetNewPasswordActivity
I/PTCommittedOperation( 1790): Receive new configuration for com.google.android.gms.udc
I/ChromeSync( 2196): [Sync,SyncIntentOperation] Handling the intent: Intent { act=com.google.android.gms.phenotype.COMMITTED flg=0x10 pkg=com.google.android.gms cmp=com.google.android.gms/.chimera.GmsIntentOperationService (has extras) }.
I/MdiSyncModule( 2196): flag handling is skipping irrelevant intent.
W/ModuleInitIntentOp( 2196): Dropping unexpected action com.google.android.gms.phenotype.COMMITTED
D/dalvikvm( 1790): GC_FOR_ALLOC freed 1803K, 23% free 9927K/12800K, paused 8ms, total 8ms
I/Auth    ( 1790): [AuthManaged,PasswordComplexityHelperImpl] Updating password complexity components state.
I/Auth    ( 1790): [AuthManaged,PasswordComplexityHelperImpl] Disabling com.google.android.gms.auth.managed.admin.DeviceAdminReceiver
I/Auth    ( 1790): [AuthManaged,PasswordComplexityHelperImpl] Disabling com.google.android.gms.auth.managed.ui.SetNewPasswordActivity
I/ChromeSync( 2196): [Sync,SyncIntentOperation] Handling the intent: Intent { act=com.google.android.gms.phenotype.COMMITTED flg=0x10 pkg=com.google.android.gms cmp=com.google.android.gms/.chimera.GmsIntentOperationService (has extras) }.
I/PTCommittedOperation( 1790): Receive new configuration for com.google.android.gms.ulr
I/MdiSyncModule( 2196): flag handling is skipping irrelevant intent.
W/ModuleInitIntentOp( 2196): Dropping unexpected action com.google.android.gms.phenotype.COMMITTED
D/dalvikvm( 1569): GC_FOR_ALLOC freed 1428K, 44% free 8628K/15264K, paused 10ms, total 11ms
I/Auth    ( 1790): [AuthManaged,PasswordComplexityHelperImpl] Updating password complexity components state.
I/Auth    ( 1790): [AuthManaged,PasswordComplexityHelperImpl] Disabling com.google.android.gms.auth.managed.admin.DeviceAdminReceiver
I/Auth    ( 1790): [AuthManaged,PasswordComplexityHelperImpl] Disabling com.google.android.gms.auth.managed.ui.SetNewPasswordActivity
D/dalvikvm( 1790): GC_FOR_ALLOC freed 1982K, 22% free 9992K/12800K, paused 10ms, total 11ms
I/ChromeSync( 2196): [Sync,SyncIntentOperation] Handling the intent: Intent { act=com.google.android.gms.phenotype.COMMITTED flg=0x10 pkg=com.google.android.gms cmp=com.google.android.gms/.chimera.GmsIntentOperationService (has extras) }.
I/MdiSyncModule( 2196): flag handling is skipping irrelevant intent.
W/ModuleInitIntentOp( 2196): Dropping unexpected action com.google.android.gms.phenotype.COMMITTED
I/PTCommittedOperation( 1790): Receive new configuration for com.google.android.gms.appinvite
I/GCoreUlr( 1790): WorldUpdater received intent Intent { act=com.google.android.location.reporting.ACTION_UPDATE_WORLD cmp=com.google.android.gms/com.google.android.location.reporting.service.DispatchingService (has extras) } with receiverAction com.google.gservices.intent.action.GSERVICES_CHANGED
I/GCoreUlr( 1790): WorldUpdater:com.google.gservices.intent.action.GSERVICES_CHANGED: Ensuring that reporting is stopped because of reasons: (no Google accounts)
I/GCoreUlr( 1790): Unbound from all signal providers.
I/GCoreUlr( 1790): Unbound from all signal providers.
I/GCoreUlr( 1790): Stopping handler for UlrDispSvcFast
I/Auth    ( 1790): [AuthManaged,PasswordComplexityHelperImpl] Updating password complexity components state.
I/Auth    ( 1790): [AuthManaged,PasswordComplexityHelperImpl] Disabling com.google.android.gms.auth.managed.admin.DeviceAdminReceiver
I/Auth    ( 1790): [AuthManaged,PasswordComplexityHelperImpl] Disabling com.google.android.gms.auth.managed.ui.SetNewPasswordActivity
I/PTCommittedOperation( 1790): Receive new configuration for com.google.android.gms.usagereporting
I/ChromeSync( 2196): [Sync,SyncIntentOperation] Handling the intent: Intent { act=com.google.android.gms.phenotype.COMMITTED flg=0x10 pkg=com.google.android.gms cmp=com.google.android.gms/.chimera.GmsIntentOperationService (has extras) }.
I/MdiSyncModule( 2196): flag handling is skipping irrelevant intent.
W/ModuleInitIntentOp( 2196): Dropping unexpected action com.google.android.gms.phenotype.COMMITTED
D/dalvikvm( 1790): GC_FOR_ALLOC freed 2370K, 25% free 9670K/12800K, paused 9ms, total 9ms
I/ActivityManager( 1569): Start proc com.google.android.play.games.ui for broadcast com.google.android.play.games/com.google.android.apps.play.games.features.experiments.PhenotypeBroadcastReceiver: pid=3083 uid=10043 gids={50043, 3003}
I/Auth    ( 1790): [AuthManaged,PasswordComplexityHelperImpl] Updating password complexity components state.
I/Auth    ( 1790): [AuthManaged,PasswordComplexityHelperImpl] Disabling com.google.android.gms.auth.managed.admin.DeviceAdminReceiver
I/Auth    ( 1790): [AuthManaged,PasswordComplexityHelperImpl] Disabling com.google.android.gms.auth.managed.ui.SetNewPasswordActivity
E/dalvikvm( 3083): Could not find class 'android.app.NotificationChannel', referenced from method com.google.android.apps.play.games.core.PlayGamesApplication.onCreate
W/dalvikvm( 3083): VFY: unable to resolve new-instance 420 (Landroid/app/NotificationChannel;) in Lcom/google/android/apps/play/games/core/PlayGamesApplication;
D/dalvikvm( 3083): VFY: replacing opcode 0x22 at 0x008d
E/dalvikvm( 3083): Could not find class 'android.app.NotificationChannelGroup', referenced from method com.google.android.apps.play.games.core.PlayGamesApplication.onCreate
W/dalvikvm( 3083): VFY: unable to resolve new-instance 421 (Landroid/app/NotificationChannelGroup;) in Lcom/google/android/apps/play/games/core/PlayGamesApplication;
D/dalvikvm( 3083): VFY: replacing opcode 0x22 at 0x0131
D/dalvikvm( 3083): DexOpt: couldn't find static field Landroid/os/Build;.SUPPORTED_ABIS
W/dalvikvm( 3083): VFY: unable to resolve static field 1664 (SUPPORTED_ABIS) in Landroid/os/Build;
D/dalvikvm( 3083): VFY: replacing opcode 0x62 at 0x01a4
E/dalvikvm( 3083): Could not find class 'android.app.NotificationChannel', referenced from method com.google.android.apps.play.games.core.PlayGamesApplication.onCreate
W/dalvikvm( 3083): VFY: unable to resolve new-instance 420 (Landroid/app/NotificationChannel;) in Lcom/google/android/apps/play/games/core/PlayGamesApplication;
D/dalvikvm( 3083): VFY: replacing opcode 0x22 at 0x03e6
D/dalvikvm( 3083): DexOpt: unable to opt direct call 0x0b8a at 0x98 in Lcom/google/android/apps/play/games/core/PlayGamesApplication;.onCreate
D/dalvikvm( 3083): DexOpt: unable to opt direct call 0x0b8a at 0xa9 in Lcom/google/android/apps/play/games/core/PlayGamesApplication;.onCreate
D/dalvikvm( 3083): DexOpt: unable to opt direct call 0x0b8a at 0xba in Lcom/google/android/apps/play/games/core/PlayGamesApplication;.onCreate
D/dalvikvm( 3083): DexOpt: unable to opt direct call 0x0b8a at 0xcb in Lcom/google/android/apps/play/games/core/PlayGamesApplication;.onCreate
D/dalvikvm( 3083): DexOpt: unable to opt direct call 0x0b8a at 0xdc in Lcom/google/android/apps/play/games/core/PlayGamesApplication;.onCreate
D/dalvikvm( 3083): DexOpt: unable to opt direct call 0x0b8a at 0xed in Lcom/google/android/apps/play/games/core/PlayGamesApplication;.onCreate
D/dalvikvm( 3083): DexOpt: unable to opt direct call 0x0b8a at 0x107 in Lcom/google/android/apps/play/games/core/PlayGamesApplication;.onCreate
D/dalvikvm( 3083): DexOpt: unable to opt direct call 0x0b95 at 0x135 in Lcom/google/android/apps/play/games/core/PlayGamesApplication;.onCreate
D/dalvikvm( 3083): DexOpt: unable to opt direct call 0x0b8a at 0x144 in Lcom/google/android/apps/play/games/core/PlayGamesApplication;.onCreate
D/dalvikvm( 3083): DexOpt: unable to opt direct call 0x0b8a at 0x160 in Lcom/google/android/apps/play/games/core/PlayGamesApplication;.onCreate
D/dalvikvm( 3083): DexOpt: unable to opt direct call 0x0b8a at 0x3eb in Lcom/google/android/apps/play/games/core/PlayGamesApplication;.onCreate
I/dalvikvm( 3083): Could not find method android.app.Notification.getChannelId, referenced from method keu.a
W/dalvikvm( 3083): VFY: unable to resolve virtual method 2951: Landroid/app/Notification;.getChannelId ()Ljava/lang/String;
D/dalvikvm( 3083): VFY: replacing opcode 0x6e at 0x0010
I/dalvikvm( 3083): Could not find method android.content.Context.createDeviceProtectedStorageContext, referenced from method hgf.a
W/dalvikvm( 3083): VFY: unable to resolve virtual method 3139: Landroid/content/Context;.createDeviceProtectedStorageContext ()Landroid/content/Context;
D/dalvikvm( 3083): VFY: replacing opcode 0x6e at 0x0029
I/dalvikvm( 3083): Could not find method android.content.Context.getSystemService, referenced from method hgf.a
W/dalvikvm( 3083): VFY: unable to resolve virtual method 3171: Landroid/content/Context;.getSystemService (Ljava/lang/Class;)Ljava/lang/Object;
D/dalvikvm( 3083): VFY: replacing opcode 0x6e at 0x0009
I/dalvikvm( 3083): Could not find method android.content.Context.createDeviceProtectedStorageContext, referenced from method nzv.a
W/dalvikvm( 3083): VFY: unable to resolve virtual method 3139: Landroid/content/Context;.createDeviceProtectedStorageContext ()Landroid/content/Context;
D/dalvikvm( 3083): VFY: replacing opcode 0x6e at 0x0031
I/dalvikvm( 3083): Could not find method android.content.Context.isDeviceProtectedStorage, referenced from method mlu.a
W/dalvikvm( 3083): VFY: unable to resolve virtual method 3177: Landroid/content/Context;.isDeviceProtectedStorage ()Z
D/dalvikvm( 3083): VFY: replacing opcode 0x6e at 0x0018
E/dalvikvm( 3083): Could not find class 'android.app.NotificationChannel', referenced from method fsr.a
W/dalvikvm( 3083): VFY: unable to resolve new-instance 420 (Landroid/app/NotificationChannel;) in Lfsr;
D/dalvikvm( 3083): VFY: replacing opcode 0x22 at 0x0236
D/dalvikvm( 3083): DexOpt: unable to opt direct call 0x0b8a at 0x23d in Lfsr;.a
I/ahju    ( 1790): Scheduling a periodic sync task every 14400 seconds, with flex of 1800 seconds [CONTEXT service_id=51 ]
I/Auth    ( 1790): [AuthManaged,PasswordComplexityHelperImpl] Updating password complexity components state.
I/Auth    ( 1790): [AuthManaged,PasswordComplexityHelperImpl] Disabling com.google.android.gms.auth.managed.admin.DeviceAdminReceiver
I/Auth    ( 1790): [AuthManaged,PasswordComplexityHelperImpl] Disabling com.google.android.gms.auth.managed.ui.SetNewPasswordActivity
I/ahju    ( 1790): Scheduling adaptive one off task with window [14400, 604800] in seconds [CONTEXT service_id=51 ]
I/dalvikvm( 3083): Failed resolving Lnok; interface 1015 'Landroid/view/Window$OnFrameMetricsAvailableListener;'
W/dalvikvm( 3083): Link of class 'Lnok;' failed
I/dalvikvm( 3083): Failed resolving Lnok; interface 1015 'Landroid/view/Window$OnFrameMetricsAvailableListener;'
W/dalvikvm( 3083): Link of class 'Lnok;' failed
I/dalvikvm( 3083): Failed resolving Lnok; interface 1015 'Landroid/view/Window$OnFrameMetricsAvailableListener;'
W/dalvikvm( 3083): Link of class 'Lnok;' failed
W/dalvikvm( 3083): VFY: unable to resolve instance field 27376
