D/dalvikvm( 3083): VFY: replacing opcode 0x5c at 0x06cf
I/dalvikvm( 3083): Failed resolving Lnok; interface 1015 'Landroid/view/Window$OnFrameMetricsAvailableListener;'
W/dalvikvm( 3083): Link of class 'Lnok;' failed
I/dalvikvm( 3083): Failed resolving Lnok; interface 1015 'Landroid/view/Window$OnFrameMetricsAvailableListener;'
W/dalvikvm( 3083): Link of class 'Lnok;' failed
W/PrimesInit( 3083): Primes instant initialization
D/dalvikvm( 3083): GC_FOR_ALLOC freed 354K, 15% free 3152K/3700K, paused 2ms, total 2ms
I/dalvikvm( 3083): Could not find method android.app.AppOpsManager.permissionToOp, referenced from method rr.a
W/dalvikvm( 3083): VFY: unable to resolve static method 2785: Landroid/app/AppOpsManager;.permissionToOp (Ljava/lang/String;)Ljava/lang/String;
D/dalvikvm( 3083): VFY: replacing opcode 0x71 at 0x000e
I/dalvikvm( 3083): Could not find method android.content.Context.getSystemService, referenced from method rr.a
W/dalvikvm( 3083): VFY: unable to resolve virtual method 3171: Landroid/content/Context;.getSystemService (Ljava/lang/Class;)Ljava/lang/Object;
D/dalvikvm( 3083): VFY: replacing opcode 0x6e at 0x002b
W/Primes  ( 3083): background initialization
I/dalvikvm( 3083): Could not find method android.content.Context.getSystemService, referenced from method mry.a
W/dalvikvm( 3083): VFY: unable to resolve virtual method 3171: Landroid/content/Context;.getSystemService (Ljava/lang/Class;)Ljava/lang/Object;
D/dalvikvm( 3083): VFY: replacing opcode 0x6e at 0x001a
I/dalvikvm( 3083): Could not find method android.os.UserManager.isUserUnlocked, referenced from method mry.a
W/dalvikvm( 3083): VFY: unable to resolve virtual method 4621: Landroid/os/UserManager;.isUserUnlocked ()Z
D/dalvikvm( 3083): VFY: replacing opcode 0x6e at 0x0030
I/dalvikvm( 3083): Could not find method android.content.Context.isDeviceProtectedStorage, referenced from method mry.b
W/dalvikvm( 3083): VFY: unable to resolve virtual method 3177: Landroid/content/Context;.isDeviceProtectedStorage ()Z
D/dalvikvm( 3083): VFY: replacing opcode 0x6e at 0x0000
I/dalvikvm( 3083): Could not find method android.content.pm.PackageManager.getPackageInstaller, referenced from method gzw.a
W/dalvikvm( 3083): VFY: unable to resolve virtual method 3338: Landroid/content/pm/PackageManager;.getPackageInstaller ()Landroid/content/pm/PackageInstaller;
D/dalvikvm( 3083): VFY: replacing opcode 0x6e at 0x0024
I/GAv4-SVC( 3083): Google Analytics 16.9.98 is starting up.
E/dalvikvm( 3083): Could not find class 'android.app.job.JobScheduler', referenced from method gss.e
W/dalvikvm( 3083): VFY: unable to resolve check-cast 443 (Landroid/app/job/JobScheduler;) in Lgss;
D/dalvikvm( 3083): VFY: replacing opcode 0x1f at 0x00d7
E/dalvikvm( 3083): Could not find class 'android.app.job.JobScheduler', referenced from method gss.b
W/dalvikvm( 3083): VFY: unable to resolve check-cast 443 (Landroid/app/job/JobScheduler;) in Lgss;
D/dalvikvm( 3083): VFY: replacing opcode 0x1f at 0x02b1
E/dalvikvm( 3083): Could not find class 'android.app.job.JobScheduler', referenced from method gss.b
W/dalvikvm( 3083): VFY: unable to resolve check-cast 443 (Landroid/app/job/JobScheduler;) in Lgss;
D/dalvikvm( 3083): VFY: replacing opcode 0x1f at 0x0672
E/dalvikvm( 3083): Could not find class 'android.app.job.JobScheduler', referenced from method gss.b
W/dalvikvm( 3083): VFY: unable to resolve check-cast 443 (Landroid/app/job/JobScheduler;) in Lgss;
D/dalvikvm( 3083): VFY: replacing opcode 0x1f at 0x0866
E/dalvikvm( 3083): Could not find class 'android.app.job.JobScheduler', referenced from method gss.b
W/dalvikvm( 3083): VFY: unable to resolve check-cast 443 (Landroid/app/job/JobScheduler;) in Lgss;
D/dalvikvm( 3083): VFY: replacing opcode 0x1f at 0x0906
E/dalvikvm( 3083): Could not find class 'android.app.job.JobScheduler', referenced from method gss.b
W/dalvikvm( 3083): VFY: unable to resolve check-cast 443 (Landroid/app/job/JobScheduler;) in Lgss;
D/dalvikvm( 3083): VFY: replacing opcode 0x1f at 0x095c
E/dalvikvm( 3083): Could not find class 'android.app.job.JobScheduler', referenced from method gss.b
W/dalvikvm( 3083): VFY: unable to resolve check-cast 443 (Landroid/app/job/JobScheduler;) in Lgss;
D/dalvikvm( 3083): VFY: replacing opcode 0x1f at 0x09fc
E/dalvikvm( 3083): Could not find class 'android.app.job.JobScheduler', referenced from method gss.b
W/dalvikvm( 3083): VFY: unable to resolve check-cast 443 (Landroid/app/job/JobScheduler;) in Lgss;
D/dalvikvm( 3083): VFY: replacing opcode 0x1f at 0x0a1e
E/dalvikvm( 3083): Could not find class 'android.app.job.JobScheduler', referenced from method gss.b
W/dalvikvm( 3083): VFY: unable to resolve check-cast 443 (Landroid/app/job/JobScheduler;) in Lgss;
D/dalvikvm( 3083): VFY: replacing opcode 0x1f at 0x0a40
E/dalvikvm( 3083): Could not find class 'android.app.job.JobScheduler', referenced from method gss.b
W/dalvikvm( 3083): VFY: unable to resolve check-cast 443 (Landroid/app/job/JobScheduler;) in Lgss;
D/dalvikvm( 3083): VFY: replacing opcode 0x1f at 0x0a62
E/dalvikvm( 3083): Could not find class 'android.app.job.JobScheduler', referenced from method gss.b
W/dalvikvm( 3083): VFY: unable to resolve check-cast 443 (Landroid/app/job/JobScheduler;) in Lgss;
D/dalvikvm( 3083): VFY: replacing opcode 0x1f at 0x0ae8
E/dalvikvm( 3083): Could not find class 'android.app.job.JobScheduler', referenced from method gss.b
W/dalvikvm( 3083): VFY: unable to resolve check-cast 443 (Landroid/app/job/JobScheduler;) in Lgss;
D/dalvikvm( 3083): VFY: replacing opcode 0x1f at 0x0b20
E/dalvikvm( 3083): Could not find class 'android.app.job.JobScheduler', referenced from method gss.c
W/dalvikvm( 3083): VFY: unable to resolve check-cast 443 (Landroid/app/job/JobScheduler;) in Lgss;
D/dalvikvm( 3083): VFY: replacing opcode 0x1f at 0x0077
E/dalvikvm( 3083): Could not find class 'android.app.job.JobScheduler', referenced from method gss.c
W/dalvikvm( 3083): VFY: unable to resolve check-cast 443 (Landroid/app/job/JobScheduler;) in Lgss;
D/dalvikvm( 3083): VFY: replacing opcode 0x1f at 0x012a
E/dalvikvm( 3083): Could not find class 'android.app.job.JobScheduler', referenced from method gss.c
W/dalvikvm( 3083): VFY: unable to resolve check-cast 443 (Landroid/app/job/JobScheduler;) in Lgss;
D/dalvikvm( 3083): VFY: replacing opcode 0x1f at 0x0327
I/Auth    ( 1790): [AuthManaged,PasswordComplexityHelperImpl] Updating password complexity components state.
I/Auth    ( 1790): [AuthManaged,PasswordComplexityHelperImpl] Disabling com.google.android.gms.auth.managed.admin.DeviceAdminReceiver
I/Auth    ( 1790): [AuthManaged,PasswordComplexityHelperImpl] Disabling com.google.android.gms.auth.managed.ui.SetNewPasswordActivity
E/dalvikvm( 3083): Could not find class 'android.app.job.JobScheduler', referenced from method gtk.u_
W/dalvikvm( 3083): VFY: unable to resolve check-cast 443 (Landroid/app/job/JobScheduler;) in Lgtk;
D/dalvikvm( 3083): VFY: replacing opcode 0x1f at 0x0080
D/dalvikvm( 1812): GC_EXPLICIT freed 196K, 24% free 6197K/8120K, paused 0ms+2ms, total 6ms
I/dalvikvm( 3083): Could not find method android.content.pm.PackageManager.isInstantApp, referenced from method hub.a
W/dalvikvm( 3083): VFY: unable to resolve virtual method 3345: Landroid/content/pm/PackageManager;.isInstantApp (Ljava/lang/String;)Z
I/PrimesTesting( 3083): GserviceFlagsSupplier.get()
D/dalvikvm( 3083): VFY: replacing opcode 0x6e at 0x0026
I/dalvikvm( 3083): Could not find method android.app.NotificationManager.getNotificationChannel, referenced from method gzd.a
W/dalvikvm( 3083): VFY: unable to resolve virtual method 2974: Landroid/app/NotificationManager;.getNotificationChannel (Ljava/lang/String;)Landroid/app/NotificationChannel;
D/dalvikvm( 3083): VFY: replacing opcode 0x6e at 0x00c5
D/dalvikvm( 3083): DexOpt: unable to opt direct call 0x0b8a at 0xd2 in Lgzd;.a
D/dalvikvm( 3083): GC_FOR_ALLOC freed 401K, 16% free 3265K/3860K, paused 2ms, total 2ms
E/dalvikvm( 3083): Could not find class 'com.google.common.flogger.backend.google.GooglePlatform', referenced from method plf.a
W/dalvikvm( 3083): VFY: unable to resolve const-class 3003 (Lcom/google/common/flogger/backend/google/GooglePlatform;) in Lplf;
D/dalvikvm( 3083): VFY: replacing opcode 0x1c at 0x0014
I/dalvikvm( 3083): Could not find method com.google.android.chimera.BoundService.getStartIntent, referenced from method hki.a
W/dalvikvm( 3083): VFY: unable to resolve static method 13682: Lcom/google/android/chimera/BoundService;.getStartIntent (Landroid/content/Context;Ljava/lang/String;)Landroid/content/Intent;
D/dalvikvm( 3083): VFY: replacing opcode 0x71 at 0x0024
E/GmsClient( 3083): unable to connect to service: com.google.android.gms.instantapps.START on com.google.android.gms
W/ActivityManager( 1569): Unable to start service Intent { act=com.google.android.gms.instantapps.START pkg=com.google.android.gms } U=0: not found
W/ActivityManager( 1569): Unbind failed: could not find connection for android.os.BinderProxy@9d67a9f8
I/Auth    ( 1790): [AuthManaged,PasswordComplexityHelperImpl] Updating password complexity components state.
I/Auth    ( 1790): [AuthManaged,PasswordComplexityHelperImpl] Disabling com.google.android.gms.auth.managed.admin.DeviceAdminReceiver
I/Auth    ( 1790): [AuthManaged,PasswordComplexityHelperImpl] Disabling com.google.android.gms.auth.managed.ui.SetNewPasswordActivity
I/dalvikvm( 3083): Could not find method android.content.Context.deleteSharedPreferences, referenced from method fya.c
W/dalvikvm( 3083): VFY: unable to resolve virtual method 3145: Landroid/content/Context;.deleteSharedPreferences (Ljava/lang/String;)Z
D/dalvikvm( 3083): VFY: replacing opcode 0x6e at 0x002a
I/dalvikvm( 3083): Could not find method java.util.Locale.toLanguageTag, referenced from method fvw.a
W/dalvikvm( 3083): VFY: unable to resolve virtual method 33842: Ljava/util/Locale;.toLanguageTag ()Ljava/lang/String;
D/dalvikvm( 3083): VFY: replacing opcode 0x6e at 0x000a
D/dalvikvm( 3083): GC_FOR_ALLOC freed 338K, 14% free 3440K/3972K, paused 2ms, total 2ms
W/ComponentDiscovery( 3083): Application info not found.
W/ComponentDiscovery( 3083): Could not retrieve metadata, returning empty list of registrars.
I/dalvikvm( 3083): Could not find method android.content.Context.getDrawable, referenced from method rj.a
W/dalvikvm( 3083): VFY: unable to resolve virtual method 3157: Landroid/content/Context;.getDrawable (I)Landroid/graphics/drawable/Drawable;
D/dalvikvm( 3083): VFY: replacing opcode 0x6e at 0x0006
I/dalvikvm( 3083): Could not find method android.content.Context.getDataDir, referenced from method rj.a
W/dalvikvm( 3083): VFY: unable to resolve virtual method 3154: Landroid/content/Context;.getDataDir ()Ljava/io/File;
D/dalvikvm( 3083): VFY: replacing opcode 0x6e at 0x0006
I/dalvikvm( 3083): Could not find method android.content.Context.getSystemServiceName, referenced from method rj.a
W/dalvikvm( 3083): VFY: unable to resolve virtual method 3173: Landroid/content/Context;.getSystemServiceName (Ljava/lang/Class;)Ljava/lang/String;
D/dalvikvm( 3083): VFY: replacing opcode 0x6e at 0x000a
I/dalvikvm( 3083): Could not find method android.content.Context.getSystemService, referenced from method rj.a
W/dalvikvm( 3083): VFY: unable to resolve virtual method 3171: Landroid/content/Context;.getSystemService (Ljava/lang/Class;)Ljava/lang/Object;
D/dalvikvm( 3083): VFY: replacing opcode 0x6e at 0x0020
I/dalvikvm( 3083): Could not find method android.content.Context.getColorStateList, referenced from method rj.b
W/dalvikvm( 3083): VFY: unable to resolve virtual method 3152: Landroid/content/Context;.getColorStateList (I)Landroid/content/res/ColorStateList;
D/dalvikvm( 3083): VFY: replacing opcode 0x6e at 0x0006
I/dalvikvm( 3083): Could not find method android.content.Context.getColor, referenced from method rj.c
W/dalvikvm( 3083): VFY: unable to resolve virtual method 3151: Landroid/content/Context;.getColor (I)I
D/dalvikvm( 3083): VFY: replacing opcode 0x6e at 0x0006
I/dalvikvm( 3083): Could not find method android.content.Context.getNoBackupFilesDir, referenced from method rj.d
W/dalvikvm( 3083): VFY: unable to resolve virtual method 3164: Landroid/content/Context;.getNoBackupFilesDir ()Ljava/io/File;
D/dalvikvm( 3083): VFY: replacing opcode 0x6e at 0x0006
I/dalvikvm( 3083): Could not find method android.content.Context.createDeviceProtectedStorageContext, referenced from method rj.e
W/dalvikvm( 3083): VFY: unable to resolve virtual method 3139: Landroid/content/Context;.createDeviceProtectedStorageContext ()Landroid/content/Context;
D/dalvikvm( 3083): VFY: replacing opcode 0x6e at 0x0008
I/Auth    ( 1790): [AuthManaged,PasswordComplexityHelperImpl] Updating password complexity components state.
I/Auth    ( 1790): [AuthManaged,PasswordComplexityHelperImpl] Disabling com.google.android.gms.auth.managed.admin.DeviceAdminReceiver
I/Auth    ( 1790): [AuthManaged,PasswordComplexityHelperImpl] Disabling com.google.android.gms.auth.managed.ui.SetNewPasswordActivity
I/dalvikvm( 3083): Could not find method android.content.Context.isDeviceProtectedStorage, referenced from method rj.f
W/dalvikvm( 3083): VFY: unable to resolve virtual method 3177: Landroid/content/Context;.isDeviceProtectedStorage ()Z
D/dalvikvm( 3083): VFY: replacing opcode 0x6e at 0x0008
I/PGAPhenotypeBroadcastRe( 3083): Received Phenotype update.
I/ActivityManager( 1569): Killing 1900:com.android.printspooler/u0a44 (adj 15): empty #17
W/PGAfap  ( 3083): ContentFiltersService is unavailable; not applying content filters.
D/dalvikvm( 1790): GC_FOR_ALLOC freed 1908K, 24% free 9810K/12800K, paused 12ms, total 12ms
I/ChromeSync( 2196): [Sync,SyncIntentOperation] Handling the intent: Intent { act=com.google.android.gms.phenotype.COMMITTED flg=0x10 pkg=com.google.android.gms cmp=com.google.android.gms/.chimera.GmsIntentOperationService (has extras) }.
I/MdiSyncModule( 2196): flag handling is skipping irrelevant intent.
W/ModuleInitIntentOp( 2196): Dropping unexpected action com.google.android.gms.phenotype.COMMITTED
I/PTCommittedOperation( 1790): Receive new configuration for com.google.android.gms.constellation
I/Auth    ( 1790): [AuthManaged,PasswordComplexityHelperImpl] Updating password complexity components state.
I/Auth    ( 1790): [AuthManaged,PasswordComplexityHelperImpl] Disabling com.google.android.gms.auth.managed.admin.DeviceAdminReceiver
I/Auth    ( 1790): [AuthManaged,PasswordComplexityHelperImpl] Disabling com.google.android.gms.auth.managed.ui.SetNewPasswordActivity
I/ChromeSync( 2196): [Sync,SyncIntentOperation] Handling the intent: Intent { act=com.google.android.gms.phenotype.COMMITTED flg=0x10 pkg=com.google.android.gms cmp=com.google.android.gms/.chimera.GmsIntentOperationService (has extras) }.
I/MdiSyncModule( 2196): flag handling is skipping irrelevant intent.
I/PTCommittedOperation( 1790): Receive new configuration for com.google.android.gms.feedback
W/ModuleInitIntentOp( 2196): Dropping unexpected action com.google.android.gms.phenotype.COMMITTED
D/dalvikvm( 1790): GC_FOR_ALLOC freed 2037K, 24% free 9809K/12800K, paused 10ms, total 11ms
I/ChromeSync( 2196): [Sync,SyncIntentOperation] Handling the intent: Intent { act=com.google.android.gms.phenotype.COMMITTED flg=0x10 pkg=com.google.android.gms cmp=com.google.android.gms/.chimera.GmsIntentOperationService (has extras) }.
I/PTCommittedOperation( 1790): Receive new configuration for com.google.android.gms.analytics
D/dalvikvm( 2196): GC_FOR_ALLOC freed 2008K, 21% free 12136K/15184K, paused 21ms, total 22ms
I/MdiSyncModule( 2196): flag handling is skipping irrelevant intent.
W/ModuleInitIntentOp( 2196): Dropping unexpected action com.google.android.gms.phenotype.COMMITTED
I/PTCommittedOperation( 1790): Receive new configuration for com.google.android.libraries.personalization.footprints#com.google.android.gms
I/PTCommittedOperation( 1790): Receive new configuration for com.google.android.gms.subscribedfeeds
I/ChromeSync( 2196): [Sync,SyncIntentOperation] Handling the intent: Intent { act=com.google.android.gms.phenotype.COMMITTED flg=0x10 pkg=com.google.android.gms cmp=com.google.android.gms/.chimera.GmsIntentOperationService (has extras) }.
I/MdiSyncModule( 2196): flag handling is skipping irrelevant intent.
W/ActivityManager( 1569): Unable to start service Intent { act=com.google.android.gms.auth.key.retrieval.service.START pkg=com.google.android.gms } U=0: not found
W/ModuleInitIntentOp( 2196): Dropping unexpected action com.google.android.gms.phenotype.COMMITTED
E/GmsClient( 2196): unable to connect to service: com.google.android.gms.auth.key.retrieval.service.START on com.google.android.gms
I/ChromeSync( 2196): [Sync,SyncIntentOperation] Handling the intent: Intent { act=com.google.android.gms.phenotype.COMMITTED flg=0x10 pkg=com.google.android.gms cmp=com.google.android.gms/.chimera.GmsIntentOperationService (has extras) }.
W/ActivityManager( 1569): Unbind failed: could not find connection for android.os.BinderProxy@9d758b90
I/MdiSyncModule( 2196): flag handling is skipping irrelevant intent.
W/ModuleInitIntentOp( 2196): Dropping unexpected action com.google.android.gms.phenotype.COMMITTED
I/ChromeSync( 2196): [Sync,SyncIntentOperation] Handling the intent: Intent { act=com.google.android.gms.phenotype.COMMITTED flg=0x10 pkg=com.google.android.gms cmp=com.google.android.gms/.chimera.GmsIntentOperationService (has extras) }.
I/MdiSyncModule( 2196): flag handling is skipping irrelevant intent.
I/PTCommittedOperation( 1790): Receive new configuration for com.google.android.gms.auth_cryptauth
W/ModuleInitIntentOp( 2196): Dropping unexpected action com.google.android.gms.phenotype.COMMITTED
I/Auth    ( 1790): [AuthManaged,PasswordComplexityHelperImpl] Updating password complexity components state.
I/Auth    ( 1790): [AuthManaged,PasswordComplexityHelperImpl] Disabling com.google.android.gms.auth.managed.admin.DeviceAdminReceiver
I/Auth    ( 1790): [AuthManaged,PasswordComplexityHelperImpl] Disabling com.google.android.gms.auth.managed.ui.SetNewPasswordActivity
I/ChromeSync( 2196): [Sync,SyncIntentOperation] Handling the intent: Intent { act=com.google.android.gms.phenotype.COMMITTED flg=0x10 pkg=com.google.android.gms cmp=com.google.android.gms/.chimera.GmsIntentOperationService (has extras) }.
I/MdiSyncModule( 2196): flag handling is skipping irrelevant intent.
W/ModuleInitIntentOp( 2196): Dropping unexpected action com.google.android.gms.phenotype.COMMITTED
E/dalvikvm( 2196): Could not find class 'android.telephony.SubscriptionManager', referenced from method amlx.a
W/dalvikvm( 2196): VFY: unable to resolve check-cast 8088 (Landroid/telephony/SubscriptionManager;) in Lamlx;
D/dalvikvm( 2196): VFY: replacing opcode 0x1f at 0x0016
I/PTCommittedOperation( 1790): Receive new configuration for com.google.android.gms.thunderbird
D/dalvikvm( 1790): GC_FOR_ALLOC freed 2118K, 24% free 9739K/12800K, paused 11ms, total 11ms
I/ahkf    ( 1790): Removed 0 invalid users [CONTEXT service_id=51 ]
I/ChromeSync( 2196): [Sync,SyncIntentOperation] Handling the intent: Intent { act=com.google.android.gms.phenotype.COMMITTED flg=0x10 pkg=com.google.android.gms cmp=com.google.android.gms/.chimera.GmsIntentOperationService (has extras) }.
I/PTCommittedOperation( 1790): Receive new configuration for com.google.android.gms.people
I/MdiSyncModule( 2196): flag handling is skipping irrelevant intent.
W/ModuleInitIntentOp( 2196): Dropping unexpected action com.google.android.gms.phenotype.COMMITTED
I/FsaEntryPointSwitcher( 2196): setting component enabled=1 for com.google.android.gms.people.sync.focus.ContactsSyncAdapterService
I/FsaEntryPointSwitcher( 2196): Setting component enabled succeeds.
I/FsaEntryPointSwitcher( 2196): setting component enabled=2 for com.google.android.syncadapters.contacts.ContactsSyncAdapterService
I/FsaEntryPointSwitcher( 2196): Setting component enabled succeeds.
D/dalvikvm( 1790): GC_FOR_ALLOC freed 1862K, 23% free 9925K/12800K, paused 9ms, total 9ms
I/Auth    ( 1790): [AuthManaged,PasswordComplexityHelperImpl] Updating password complexity components state.
I/Auth    ( 1790): [AuthManaged,PasswordComplexityHelperImpl] Disabling com.google.android.gms.auth.managed.admin.DeviceAdminReceiver
I/Auth    ( 1790): [AuthManaged,PasswordComplexityHelperImpl] Disabling com.google.android.gms.auth.managed.ui.SetNewPasswordActivity
I/ChromeSync( 2196): [Sync,SyncIntentOperation] Handling the intent: Intent { act=com.google.android.gms.phenotype.COMMITTED flg=0x10 pkg=com.google.android.gms cmp=com.google.android.gms/.chimera.GmsIntentOperationService (has extras) }.
I/MdiSyncModule( 2196): flag handling is skipping irrelevant intent.
W/ModuleInitIntentOp( 2196): Dropping unexpected action com.google.android.gms.phenotype.COMMITTED
I/PTCommittedOperation( 1790): Receive new configuration for com.google.android.metrics
I/Auth    ( 1790): [AuthManaged,PasswordComplexityHelperImpl] Updating password complexity components state.
I/Auth    ( 1790): [AuthManaged,PasswordComplexityHelperImpl] Disabling com.google.android.gms.auth.managed.admin.DeviceAdminReceiver
I/Auth    ( 1790): [AuthManaged,PasswordComplexityHelperImpl] Disabling com.google.android.gms.auth.managed.ui.SetNewPasswordActivity
I/ChromeSync( 2196): [Sync,SyncIntentOperation] Handling the intent: Intent { act=com.google.android.gms.phenotype.COMMITTED flg=0x10 pkg=com.google.android.gms cmp=com.google.android.gms/.chimera.GmsIntentOperationService (has extras) }.
I/MdiSyncModule( 2196): flag handling is skipping irrelevant intent.
W/ModuleInitIntentOp( 2196): Dropping unexpected action com.google.android.gms.phenotype.COMMITTED
I/PTCommittedOperation( 1790): Receive new configuration for com.google.android.gms.matchstick
D/dalvikvm( 1790): GC_FOR_ALLOC freed 1984K, 22% free 9988K/12800K, paused 10ms, total 10ms
I/MS_RegisterService( 2196): Tachyon host: instantmessaging-pa.googleapis.com, Tachyon port: 443
I/Auth    ( 1790): [AuthManaged,PasswordComplexityHelperImpl] Updating password complexity components state.
I/Auth    ( 1790): [AuthManaged,PasswordComplexityHelperImpl] Disabling com.google.android.gms.auth.managed.admin.DeviceAdminReceiver
I/Auth    ( 1790): [AuthManaged,PasswordComplexityHelperImpl] Disabling com.google.android.gms.auth.managed.ui.SetNewPasswordActivity
I/dalvikvm( 2196): Could not find method android.telephony.SubscriptionManager.from, referenced from method ardv.a
W/dalvikvm( 2196): VFY: unable to resolve static method 1982: Landroid/telephony/SubscriptionManager;.from (Landroid/content/Context;)Landroid/telephony/SubscriptionManager;
D/dalvikvm( 2196): VFY: replacing opcode 0x71 at 0x0013
I/PTCommittedOperation( 1790): Receive new configuration for com.google.android.mainline.release
I/MS_RegisterService( 2196): RegisterService intent:Intent { act=com.google.android.gms.matchstick.register_intent_action cat=[targeted_intent_op_prefix:com.google.android.libraries.matchstick.net.SilentRegisterIntentOperation] cmp=com.google.android.gms/.chimera.GmsIntentOperationService } isPeriodic:false
I/ChromeSync( 2196): [Sync,SyncIntentOperation] Handling the intent: Intent { act=com.google.android.gms.phenotype.COMMITTED flg=0x10 pkg=com.google.android.gms cmp=com.google.android.gms/.chimera.GmsIntentOperationService (has extras) }.
I/dalvikvm( 2196): Could not find method android.telephony.SubscriptionManager.from, referenced from method aren.a
W/dalvikvm( 2196): VFY: unable to resolve static method 1982: Landroid/telephony/SubscriptionManager;.from (Landroid/content/Context;)Landroid/telephony/SubscriptionManager;
D/dalvikvm( 2196): VFY: replacing opcode 0x71 at 0x000d
W/DynamiteModule( 2196): Local module descriptor class for providerinstaller not found.
W/ProviderHelper( 2196): Unknown dynamite feature providerinstaller
I/DynamiteModule( 2196): Considering local module providerinstaller:0 and remote module providerinstaller:0
W/ProviderInstaller( 2196): Failed to load providerinstaller module: No acceptable module found. Local version is 0 and remote version is 0.
I/MdiSyncModule( 2196): flag handling is skipping irrelevant intent.
W/ModuleInitIntentOp( 2196): Dropping unexpected action com.google.android.gms.phenotype.COMMITTED
I/Auth    ( 1790): [AuthManaged,PasswordComplexityHelperImpl] Updating password complexity components state.
I/Auth    ( 1790): [AuthManaged,PasswordComplexityHelperImpl] Disabling com.google.android.gms.auth.managed.admin.DeviceAdminReceiver
I/Auth    ( 1790): [AuthManaged,PasswordComplexityHelperImpl] Disabling com.google.android.gms.auth.managed.ui.SetNewPasswordActivity
D/dalvikvm( 2196): GC_FOR_ALLOC freed 1862K, 19% free 12322K/15184K, paused 19ms, total 19ms
I/ChromeSync( 2196): [Sync,SyncIntentOperation] Handling the intent: Intent { act=com.google.android.gms.phenotype.COMMITTED flg=0x10 pkg=com.google.android.gms cmp=com.google.android.gms/.chimera.GmsIntentOperationService (has extras) }.
I/MdiSyncModule( 2196): flag handling is skipping irrelevant intent.
W/ActivityManager( 1569): Unable to start service Intent { act=com.google.android.gms.auth.key.retrieval.service.START pkg=com.google.android.gms } U=0: not found
E/GmsClient( 2196): unable to connect to service: com.google.android.gms.auth.key.retrieval.service.START on com.google.android.gms
W/ModuleInitIntentOp( 2196): Dropping unexpected action com.google.android.gms.phenotype.COMMITTED
I/PTCommittedOperation( 1790): Receive new configuration for com.google.android.gms.clearcut.public
W/ActivityManager( 1569): Unbind failed: could not find connection for android.os.BinderProxy@9d494ea8
I/Auth    ( 1790): [AuthManaged,PasswordComplexityHelperImpl] Updating password complexity components state.
I/Auth    ( 1790): [AuthManaged,PasswordComplexityHelperImpl] Disabling com.google.android.gms.auth.managed.admin.DeviceAdminReceiver
I/Auth    ( 1790): [AuthManaged,PasswordComplexityHelperImpl] Disabling com.google.android.gms.auth.managed.ui.SetNewPasswordActivity
I/ChromeSync( 2196): [Sync,SyncIntentOperation] Handling the intent: Intent { act=com.google.android.gms.phenotype.COMMITTED flg=0x10 pkg=com.google.android.gms cmp=com.google.android.gms/.chimera.GmsIntentOperationService (has extras) }.
I/MdiSyncModule( 2196): flag handling is skipping irrelevant intent.
W/ModuleInitIntentOp( 2196): Dropping unexpected action com.google.android.gms.phenotype.COMMITTED
I/PTCommittedOperation( 1790): Receive new configuration for com.google.android.gms.fitness
D/dalvikvm( 1790): GC_FOR_ALLOC freed 2190K, 24% free 9846K/12800K, paused 8ms, total 8ms
I/Auth    ( 1790): [AuthManaged,PasswordComplexityHelperImpl] Updating password complexity components state.
I/Auth    ( 1790): [AuthManaged,PasswordComplexityHelperImpl] Disabling com.google.android.gms.auth.managed.admin.DeviceAdminReceiver
I/Auth    ( 1790): [AuthManaged,PasswordComplexityHelperImpl] Disabling com.google.android.gms.auth.managed.ui.SetNewPasswordActivity
I/ChromeSync( 2196): [Sync,SyncIntentOperation] Handling the intent: Intent { act=com.google.android.gms.phenotype.COMMITTED flg=0x10 pkg=com.google.android.gms cmp=com.google.android.gms/.chimera.GmsIntentOperationService (has extras) }.
I/MdiSyncModule( 2196): flag handling is skipping irrelevant intent.
W/ModuleInitIntentOp( 2196): Dropping unexpected action com.google.android.gms.phenotype.COMMITTED
I/PTCommittedOperation( 1790): Receive new configuration for com.google.android.gms.contextmanager
I/Auth    ( 1790): [AuthManaged,PasswordComplexityHelperImpl] Updating password complexity components state.
I/ChromeSync( 2196): [Sync,SyncIntentOperation] Handling the intent: Intent { act=com.google.android.gms.phenotype.COMMITTED flg=0x10 pkg=com.google.android.gms cmp=com.google.android.gms/.chimera.GmsIntentOperationService (has extras) }.
I/PTCommittedOperation( 1790): Receive new configuration for com.google.android.gms.auth_managed
I/MdiSyncModule( 2196): flag handling is skipping irrelevant intent.
W/ModuleInitIntentOp( 2196): Dropping unexpected action com.google.android.gms.phenotype.COMMITTED
I/Auth    ( 1790): [AuthManaged,PasswordComplexityHelperImpl] Enabling com.google.android.gms.auth.managed.ui.SetNewPasswordActivity
D/dalvikvm( 1790): GC_FOR_ALLOC freed 1986K, 23% free 9907K/12800K, paused 7ms, total 8ms
I/Auth    ( 1790): [AuthManaged,PasswordComplexityHelperImpl] Updating password complexity components state.
I/Auth    ( 1790): [AuthManaged,PasswordComplexityHelperImpl] Enabling com.google.android.gms.auth.managed.ui.SetNewPasswordActivity
I/dalvikvm( 1569): JIT code cache full after ChainingCell (trace uses 308B)
I/ChromeSync( 2196): [Sync,SyncIntentOperation] Handling the intent: Intent { act=com.google.android.gms.phenotype.COMMITTED flg=0x10 pkg=com.google.android.gms cmp=com.google.android.gms/.chimera.GmsIntentOperationService (has extras) }.
I/MdiSyncModule( 2196): flag handling is skipping irrelevant intent.
W/ModuleInitIntentOp( 2196): Dropping unexpected action com.google.android.gms.phenotype.COMMITTED
I/PTCommittedOperation( 1790): Receive new configuration for alt.com.google.android.gms
D/dalvikvm( 1569): JIT code cache reset in 0 ms (522964 bytes 1/0)
D/dalvikvm( 1569): GC_FOR_ALLOC freed 1396K, 44% free 8646K/15264K, paused 10ms, total 10ms
I/Auth    ( 1790): [AuthManaged,PasswordComplexityHelperImpl] Updating password complexity components state.
I/Auth    ( 1790): [AuthManaged,PasswordComplexityHelperImpl] Enabling com.google.android.gms.auth.managed.ui.SetNewPasswordActivity
I/PGAPhenotypeBroadcastRe( 3083): Received Phenotype update.
I/PTCommittedOperation( 1790): Receive new configuration for com.google.android.gms.measurement
I/ChromeSync( 2196): [Sync,SyncIntentOperation] Handling the intent: Intent { act=com.google.android.gms.phenotype.COMMITTED flg=0x10 pkg=com.google.android.gms cmp=com.google.android.gms/.chimera.GmsIntentOperationService (has extras) }.
I/MdiSyncModule( 2196): flag handling is skipping irrelevant intent.
W/ModuleInitIntentOp( 2196): Dropping unexpected action com.google.android.gms.phenotype.COMMITTED
D/dalvikvm( 1790): GC_FOR_ALLOC freed 2144K, 24% free 9810K/12800K, paused 12ms, total 13ms
D/dalvikvm( 2196): GC_FOR_ALLOC freed 1579K, 16% free 12791K/15184K, paused 14ms, total 14ms
I/ahju    ( 1790): Scheduling a periodic sync task every 86400 seconds, with flex of 1800 seconds [CONTEXT service_id=51 ]
I/ahju    ( 1790): Scheduling adaptive one off task with window [14400, 604800] in seconds [CONTEXT service_id=51 ]
I/FA-SVC  ( 1790): App measurement initialized, version: 202414
I/Auth    ( 1790): [AuthManaged,PasswordComplexityHelperImpl] Updating password complexity components state.
I/Auth    ( 1790): [AuthManaged,PasswordComplexityHelperImpl] Enabling com.google.android.gms.auth.managed.ui.SetNewPasswordActivity
I/PTCommittedOperation( 1790): Receive new configuration for com.google.android.gms.common.download
D/dalvikvm( 2196): GC_FOR_ALLOC freed 963K, 9% free 13852K/15184K, paused 26ms, total 27ms
I/ChromeSync( 2196): [Sync,SyncIntentOperation] Handling the intent: Intent { act=com.google.android.gms.phenotype.COMMITTED flg=0x10 pkg=com.google.android.gms cmp=com.google.android.gms/.chimera.GmsIntentOperationService (has extras) }.
E/GmsClient( 2196): unable to connect to service: com.google.android.gms.auth.key.retrieval.service.START on com.google.android.gms
W/ActivityManager( 1569): Unable to start service Intent { act=com.google.android.gms.auth.key.retrieval.service.START pkg=com.google.android.gms } U=0: not found
W/ActivityManager( 1569): Unbind failed: could not find connection for android.os.BinderProxy@9d730dd8
I/MdiSyncModule( 2196): flag handling is skipping irrelevant intent.
W/ModuleInitIntentOp( 2196): Dropping unexpected action com.google.android.gms.phenotype.COMMITTED
D/dalvikvm( 1790): GC_FOR_ALLOC freed 2081K, 24% free 9777K/12800K, paused 10ms, total 10ms
D/dalvikvm( 2196): GC_FOR_ALLOC freed 939K, 10% free 14459K/15952K, paused 12ms, total 12ms
I/dalvikvm-heap( 2196): Grow heap (frag case) to 15.367MB for 1045060-byte allocation
D/dalvikvm( 2196): GC_FOR_ALLOC freed <1K, 9% free 15480K/16976K, paused 16ms, total 16ms
I/Auth    ( 1790): [AuthManaged,PasswordComplexityHelperImpl] Updating password complexity components state.
I/Auth    ( 1790): [AuthManaged,PasswordComplexityHelperImpl] Enabling com.google.android.gms.auth.managed.ui.SetNewPasswordActivity
I/PTCommittedOperation( 1790): Receive new configuration for com.google.android.gms.vision.sdk
D/dalvikvm( 2196): GC_FOR_ALLOC freed 1779K, 16% free 14786K/17560K, paused 19ms, total 19ms
I/ChromeSync( 2196): [Sync,SyncIntentOperation] Handling the intent: Intent { act=com.google.android.gms.phenotype.COMMITTED flg=0x10 pkg=com.google.android.gms cmp=com.google.android.gms/.chimera.GmsIntentOperationService (has extras) }.
I/MdiSyncModule( 2196): flag handling is skipping irrelevant intent.
W/ModuleInitIntentOp( 2196): Dropping unexpected action com.google.android.gms.phenotype.COMMITTED
E/GmsClient( 2196): unable to connect to service: com.google.android.gms.auth.key.retrieval.service.START on com.google.android.gms
W/ActivityManager( 1569): Unable to start service Intent { act=com.google.android.gms.auth.key.retrieval.service.START pkg=com.google.android.gms } U=0: not found
W/ActivityManager( 1569): Unbind failed: could not find connection for android.os.BinderProxy@9d2b7278
D/dalvikvm( 2196): GC_FOR_ALLOC freed 1090K, 13% free 15395K/17560K, paused 13ms, total 13ms
I/PTCommittedOperation( 1790): Receive new configuration for com.google.android.gms.people
I/ChromeSync( 2196): [Sync,SyncIntentOperation] Handling the intent: Intent { act=com.google.android.gms.phenotype.COMMITTED flg=0x10 pkg=com.google.android.gms cmp=com.google.android.gms/.chimera.GmsIntentOperationService (has extras) }.
W/ActivityManager( 1569): Unable to start service Intent { act=com.google.android.gms.auth.key.retrieval.service.START pkg=com.google.android.gms } U=0: not found
W/ActivityManager( 1569): Unbind failed: could not find connection for android.os.BinderProxy@9d1dba80
I/MdiSyncModule( 2196): flag handling is skipping irrelevant intent.
W/ModuleInitIntentOp( 2196): Dropping unexpected action com.google.android.gms.phenotype.COMMITTED
E/GmsClient( 2196): unable to connect to service: com.google.android.gms.auth.key.retrieval.service.START on com.google.android.gms
I/FsaEntryPointSwitcher( 2196): setting component enabled=1 for com.google.android.gms.people.sync.focus.ContactsSyncAdapterService
I/FsaEntryPointSwitcher( 2196): Setting component enabled succeeds.
I/FsaEntryPointSwitcher( 2196): setting component enabled=2 for com.google.android.syncadapters.contacts.ContactsSyncAdapterService
I/FsaEntryPointSwitcher( 2196): Setting component enabled succeeds.
D/dalvikvm( 2196): GC_FOR_ALLOC freed 1333K, 15% free 15073K/17560K, paused 20ms, total 20ms
I/Authzen ( 2196): [DeviceStateSyncManager] Device state fast sync is disabled
D/dalvikvm( 2196): GC_FOR_ALLOC freed 398K, 12% free 15458K/17560K, paused 12ms, total 12ms
I/dalvikvm-heap( 2196): Grow heap (frag case) to 16.339MB for 1041154-byte allocation
I/Auth    ( 1790): [AuthManaged,PasswordComplexityHelperImpl] Updating password complexity components state.
I/Auth    ( 1790): [AuthManaged,PasswordComplexityHelperImpl] Enabling com.google.android.gms.auth.managed.ui.SetNewPasswordActivity
D/dalvikvm( 2196): GC_FOR_ALLOC freed <1K, 12% free 16475K/18580K, paused 14ms, total 14ms
I/PTCommittedOperation( 1790): Receive new configuration for com.google.android.gms.security
D/dalvikvm( 2196): GC_FOR_ALLOC freed 509K, 15% free 15969K/18580K, paused 17ms, total 17ms
I/ChromeSync( 2196): [Sync,SyncIntentOperation] Handling the intent: Intent { act=com.google.android.gms.phenotype.COMMITTED flg=0x10 pkg=com.google.android.gms cmp=com.google.android.gms/.chimera.GmsIntentOperationService (has extras) }.
I/MdiSyncModule( 2196): flag handling is skipping irrelevant intent.
E/GmsClient( 2196): unable to connect to service: com.google.android.gms.auth.key.retrieval.service.START on com.google.android.gms
W/ActivityManager( 1569): Unable to start service Intent { act=com.google.android.gms.auth.key.retrieval.service.START pkg=com.google.android.gms } U=0: not found
W/ActivityManager( 1569): Unbind failed: could not find connection for android.os.BinderProxy@9d8ec310
W/ModuleInitIntentOp( 2196): Dropping unexpected action com.google.android.gms.phenotype.COMMITTED
D/dalvikvm( 1790): GC_FOR_ALLOC freed 1930K, 23% free 9895K/12800K, paused 20ms, total 20ms
I/Auth    ( 1790): [AuthManaged,PasswordComplexityHelperImpl] Updating password complexity components state.
I/Auth    ( 1790): [AuthManaged,PasswordComplexityHelperImpl] Enabling com.google.android.gms.auth.managed.ui.SetNewPasswordActivity
I/ChromeSync( 2196): [Sync,SyncIntentOperation] Handling the intent: Intent { act=com.google.android.gms.phenotype.COMMITTED flg=0x10 pkg=com.google.android.gms cmp=com.google.android.gms/.chimera.GmsIntentOperationService (has extras) }.
I/MdiSyncModule( 2196): flag handling is skipping irrelevant intent.
W/ModuleInitIntentOp( 2196): Dropping unexpected action com.google.android.gms.phenotype.COMMITTED
I/PTCommittedOperation( 1790): Receive new configuration for com.google.android.gms.locationsharing
I/Auth    ( 1790): [AuthManaged,PasswordComplexityHelperImpl] Updating password complexity components state.
I/Auth    ( 1790): [AuthManaged,PasswordComplexityHelperImpl] Enabling com.google.android.gms.auth.managed.ui.SetNewPasswordActivity
I/PTCommittedOperation( 1790): Receive new configuration for com.google.android.gms.panorama
D/dalvikvm( 2196): GC_FOR_ALLOC freed 1740K, 13% free 16276K/18580K, paused 19ms, total 19ms
I/MdiSyncModule( 2196): flag handling is skipping irrelevant intent.
W/ModuleInitIntentOp( 2196): Dropping unexpected action com.google.android.gms.phenotype.COMMITTED
I/ChromeSync( 2196): [Sync,SyncIntentOperation] Handling the intent: Intent { act=com.google.android.gms.phenotype.COMMITTED flg=0x10 pkg=com.google.android.gms cmp=com.google.android.gms/.chimera.GmsIntentOperationService (has extras) }.
I/Auth    ( 1790): [AuthManaged,PasswordComplexityHelperImpl] Updating password complexity components state.
I/Auth    ( 1790): [AuthManaged,PasswordComplexityHelperImpl] Enabling com.google.android.gms.auth.managed.ui.SetNewPasswordActivity
I/ChromeSync( 2196): [Sync,SyncIntentOperation] Handling the intent: Intent { act=com.google.android.gms.phenotype.COMMITTED flg=0x10 pkg=com.google.android.gms cmp=com.google.android.gms/.chimera.GmsIntentOperationService (has extras) }.
I/MdiSyncModule( 2196): flag handling is skipping irrelevant intent.
I/PTCommittedOperation( 1790): Receive new configuration for com.google.android.gms.appstate
W/ModuleInitIntentOp( 2196): Dropping unexpected action com.google.android.gms.phenotype.COMMITTED
I/Auth    ( 1790): [AuthManaged,PasswordComplexityHelperImpl] Updating password complexity components state.
I/Auth    ( 1790): [AuthManaged,PasswordComplexityHelperImpl] Enabling com.google.android.gms.auth.managed.ui.SetNewPasswordActivity
I/ChromeSync( 2196): [Sync,SyncIntentOperation] Handling the intent: Intent { act=com.google.android.gms.phenotype.COMMITTED flg=0x10 pkg=com.google.android.gms cmp=com.google.android.gms/.chimera.GmsIntentOperationService (has extras) }.
I/PTCommittedOperation( 1790): Receive new configuration for com.google.android.gms.octarine
I/MdiSyncModule( 2196): flag handling is skipping irrelevant intent.
W/ModuleInitIntentOp( 2196): Dropping unexpected action com.google.android.gms.phenotype.COMMITTED
D/dalvikvm( 2196): GC_FOR_ALLOC freed 867K, 7% free 17459K/18584K, paused 12ms, total 12ms
D/dalvikvm( 1790): GC_FOR_ALLOC freed 1964K, 23% free 9979K/12800K, paused 8ms, total 8ms
I/Auth    ( 1790): [AuthManaged,PasswordComplexityHelperImpl] Updating password complexity components state.
I/Auth    ( 1790): [AuthManaged,PasswordComplexityHelperImpl] Enabling com.google.android.gms.auth.managed.ui.SetNewPasswordActivity
I/PTCommittedOperation( 1790): Receive new configuration for com.google.android.gms.googlehelp
I/CheckinCompat( 2196): Done disabling old GoogleServicesFramework version [CONTEXT service_id=130 ]
I/ChromeSync( 2196): [Sync,SyncIntentOperation] Handling the intent: Intent { act=com.google.android.gms.phenotype.COMMITTED flg=0x10 pkg=com.google.android.gms cmp=com.google.android.gms/.chimera.GmsIntentOperationService (has extras) }.
W/Launcher.Model( 2381): Nobody to tell about the new app.  Launcher is probably loading.
W/ActivityManager( 1569): Unable to start service Intent { act=com.google.android.gms.auth.key.retrieval.service.START pkg=com.google.android.gms } U=0: not found
I/PackageManager( 1569):   Action: "android.intent.action.SENDTO"
I/PackageManager( 1569):   Category: "android.intent.category.DEFAULT"
I/PackageManager( 1569):   Scheme: "sms"
I/MdiSyncModule( 2196): flag handling is skipping irrelevant intent.
W/ModuleInitIntentOp( 2196): Dropping unexpected action com.google.android.gms.phenotype.COMMITTED
I/PackageManager( 1569): Adding preferred activity ComponentInfo{com.android.mms/com.android.mms.ui.ComposeMessageActivity} for user 0 :
W/Launcher.Model( 2381): Nobody to tell about the new app.  Launcher is probably loading.
D/dalvikvm( 2381): GC_FOR_ALLOC freed 279K, 16% free 3521K/4148K, paused 1ms, total 1ms
W/Launcher.Model( 2381): Nobody to tell about the new app.  Launcher is probably loading.
E/GmsClient( 2196): unable to connect to service: com.google.android.gms.auth.key.retrieval.service.START on com.google.android.gms
W/ActivityManager( 1569): Unbind failed: could not find connection for android.os.BinderProxy@9d219360
D/dalvikvm( 1847): GC_FOR_ALLOC freed 479K, 18% free 3611K/4392K, paused 3ms, total 3ms
I/PackageManager( 1569):   Action: "android.intent.action.SENDTO"
I/PackageManager( 1569):   Category: "android.intent.category.DEFAULT"
I/PackageManager( 1569):   Scheme: "smsto"
I/PackageManager( 1569): Adding preferred activity ComponentInfo{com.android.mms/com.android.mms.ui.ComposeMessageActivity} for user 0 :
I/InputReader( 1569): Reconfiguring input devices.  changes=0x00000010
D/dalvikvm( 1569): GC_FOR_ALLOC freed 1354K, 43% free 8710K/15264K, paused 10ms, total 14ms
I/PackageManager( 1569):   Action: "android.intent.action.SENDTO"
I/PackageManager( 1569):   Category: "android.intent.category.DEFAULT"
I/PackageManager( 1569):   Scheme: "mms"
I/InputReader( 1569): Reconfiguring input devices.  changes=0x00000010
I/PackageManager( 1569): Adding preferred activity ComponentInfo{com.android.mms/com.android.mms.ui.ComposeMessageActivity} for user 0 :
D/dalvikvm( 2196): GC_FOR_ALLOC freed 732K, 6% free 18774K/19764K, paused 20ms, total 20ms
I/InputReader( 1569): Reconfiguring input devices.  changes=0x00000010
I/PackageManager( 1569):   Action: "android.intent.action.SENDTO"
I/PackageManager( 1569):   Category: "android.intent.category.DEFAULT"
I/PackageManager( 1569):   Scheme: "mmsto"
I/PackageManager( 1569): Adding preferred activity ComponentInfo{com.android.mms/com.android.mms.ui.ComposeMessageActivity} for user 0 :
I/PackageManager( 1569):   Action: "android.intent.action.SENDTO"
I/PackageManager( 1569):   Category: "android.intent.category.DEFAULT"
I/PackageManager( 1569):   Scheme: "sms"
I/PackageManager( 1569): Adding preferred activity ComponentInfo{com.android.mms/com.android.mms.ui.ComposeMessageActivity} for user 0 :
D/dalvikvm( 1847): GC_FOR_ALLOC freed 407K, 17% free 3664K/4392K, paused 2ms, total 2ms
I/PackageManager( 1569):   Action: "android.intent.action.SENDTO"
I/PackageManager( 1569):   Category: "android.intent.category.DEFAULT"
I/PackageManager( 1569):   Scheme: "smsto"
I/PackageManager( 1569): Adding preferred activity ComponentInfo{com.android.mms/com.android.mms.ui.ComposeMessageActivity} for user 0 :
I/Auth    ( 1790): [AuthManaged,PasswordComplexityHelperImpl] Updating password complexity components state.
I/Auth    ( 1790): [AuthManaged,PasswordComplexityHelperImpl] Enabling com.google.android.gms.auth.managed.ui.SetNewPasswordActivity
I/PackageManager( 1569):   Action: "android.intent.action.SENDTO"
I/PackageManager( 1569):   Category: "android.intent.category.DEFAULT"
I/PackageManager( 1569):   Scheme: "mms"
I/PackageManager( 1569): Adding preferred activity ComponentInfo{com.android.mms/com.android.mms.ui.ComposeMessageActivity} for user 0 :
W/Launcher( 2381): setApplicationContext called twice! old=com.google.android.velvet.VelvetApplication@9d014da8 new=com.google.android.velvet.VelvetApplication@9d014da8
I/PackageManager( 1569):   Action: "android.intent.action.SENDTO"
I/PackageManager( 1569):   Category: "android.intent.category.DEFAULT"
I/PackageManager( 1569):   Scheme: "mmsto"
I/PackageManager( 1569): Adding preferred activity ComponentInfo{com.android.mms/com.android.mms.ui.ComposeMessageActivity} for user 0 :
I/Fitness ( 1790): OnPackageChangedOperation got intent: Intent { act=android.intent.action.PACKAGE_CHANGED dat=package:com.google.android.syncadapters.contacts flg=0x4000010 cmp=com.google.android.gms/.chimera.PersistentIntentOperationService (has extras) } [CONTEXT service_id=17 ]
I/Icing.InternalIcingCorporaProvider( 2329): Updating corpora: A: com.google.android.syncadapters.contacts, C: MAYBE
I/PackageManager( 1569):   Action: "android.intent.action.SENDTO"
I/PackageManager( 1569):   Category: "android.intent.category.DEFAULT"
I/PackageManager( 1569):   Scheme: "sms"
I/PackageManager( 1569): Adding preferred activity ComponentInfo{com.android.mms/com.android.mms.ui.ComposeMessageActivity} for user 0 :
W/ContextImpl( 2329): Implicit intents with startService are not safe: Intent { act=com.google.android.gms.icing.INDEX_SERVICE } android.content.ContextWrapper.bindService:517 com.google.android.gms.internal.av.a:-1 com.google.android.gms.internal.au.connect:-1 
D/dalvikvm( 1847): GC_FOR_ALLOC freed 461K, 18% free 3608K/4392K, paused 1ms, total 1ms
I/PackageManager( 1569):   Action: "android.intent.action.SENDTO"
I/PackageManager( 1569):   Category: "android.intent.category.DEFAULT"
I/PackageManager( 1569):   Scheme: "smsto"
I/PackageManager( 1569): Adding preferred activity ComponentInfo{com.android.mms/com.android.mms.ui.ComposeMessageActivity} for user 0 :
D/dalvikvm( 1569): GC_FOR_ALLOC freed 1447K, 44% free 8697K/15264K, paused 11ms, total 12ms
I/PackageManager( 1569):   Action: "android.intent.action.SENDTO"
I/PackageManager( 1569):   Category: "android.intent.category.DEFAULT"
I/PackageManager( 1569):   Scheme: "mms"
I/PackageManager( 1569): Adding preferred activity ComponentInfo{com.android.mms/com.android.mms.ui.ComposeMessageActivity} for user 0 :
I/PackageManager( 1569):   Action: "android.intent.action.SENDTO"
I/PackageManager( 1569):   Category: "android.intent.category.DEFAULT"
I/PackageManager( 1569):   Scheme: "mmsto"
I/PackageManager( 1569): Adding preferred activity ComponentInfo{com.android.mms/com.android.mms.ui.ComposeMessageActivity} for user 0 :
I/PackageManager( 1569):   Action: "android.intent.action.SENDTO"
I/PackageManager( 1569):   Category: "android.intent.category.DEFAULT"
I/PackageManager( 1569):   Scheme: "sms"
I/PackageManager( 1569): Adding preferred activity ComponentInfo{com.android.mms/com.android.mms.ui.ComposeMessageActivity} for user 0 :
D/dalvikvm( 1847): GC_FOR_ALLOC freed 395K, 17% free 3667K/4392K, paused 2ms, total 2ms
I/PackageManager( 1569):   Action: "android.intent.action.SENDTO"
I/PackageManager( 1569):   Category: "android.intent.category.DEFAULT"
I/PackageManager( 1569):   Scheme: "smsto"
I/PackageManager( 1569): Adding preferred activity ComponentInfo{com.android.mms/com.android.mms.ui.ComposeMessageActivity} for user 0 :
I/PackageManager( 1569):   Action: "android.intent.action.SENDTO"
I/PackageManager( 1569):   Category: "android.intent.category.DEFAULT"
I/PackageManager( 1569):   Scheme: "mms"
D/dalvikvm( 1790): GC_FOR_ALLOC freed 1952K, 22% free 10074K/12800K, paused 16ms, total 17ms
I/PackageManager( 1569): Adding preferred activity ComponentInfo{com.android.mms/com.android.mms.ui.ComposeMessageActivity} for user 0 :
I/PackageManager( 1569):   Action: "android.intent.action.SENDTO"
I/PackageManager( 1569):   Category: "android.intent.category.DEFAULT"
I/PackageManager( 1569):   Scheme: "mmsto"
I/PackageManager( 1569): Adding preferred activity ComponentInfo{com.android.mms/com.android.mms.ui.ComposeMessageActivity} for user 0 :
I/Auth    ( 1790): [AuthManaged,PasswordComplexityHelperImpl] Updating password complexity components state.
I/Auth    ( 1790): [AuthManaged,PasswordComplexityHelperImpl] Enabling com.google.android.gms.auth.managed.ui.SetNewPasswordActivity
I/Fitness ( 1790): FitCleanupIntentOperation received Intent android.intent.action.PACKAGE_CHANGED [CONTEXT service_id=17 ]
D/dalvikvm( 1812): GC_EXPLICIT freed 138K, 24% free 6193K/8120K, paused 0ms+6ms, total 12ms
I/PackageManager( 1569):   Action: "android.intent.action.SENDTO"
I/PackageManager( 1569):   Category: "android.intent.category.DEFAULT"
I/PackageManager( 1569):   Scheme: "sms"
I/Auth    ( 1790): [AuthManaged,PasswordComplexityHelperImpl] Updating password complexity components state.
I/Auth    ( 1790): [AuthManaged,PasswordComplexityHelperImpl] Enabling com.google.android.gms.auth.managed.ui.SetNewPasswordActivity
D/dalvikvm( 1847): GC_FOR_ALLOC freed 469K, 18% free 3601K/4392K, paused 2ms, total 3ms
I/PackageManager( 1569):   Action: "android.intent.action.SENDTO"
I/PackageManager( 1569):   Category: "android.intent.category.DEFAULT"
I/PackageManager( 1569):   Scheme: "smsto"
I/PackageManager( 1569): Adding preferred activity ComponentInfo{com.android.mms/com.android.mms.ui.ComposeMessageActivity} for user 0 :
I/PackageManager( 1569): Adding preferred activity ComponentInfo{com.android.mms/com.android.mms.ui.ComposeMessageActivity} for user 0 :
