I/Auth    ( 2156): [SupervisedAccountIntentOperation] onHandleIntent(): android.intent.action.BOOT_COMPLETED
I/Auth    ( 2156): [SupervisedAccountIntentOperation] This operation is disabled
I/Auth    ( 2156): [AuthManaged,PasswordComplexityHelperImpl] Updating password complexity components state.
I/Auth    ( 2156): [AuthManaged,PasswordComplexityHelperImpl] Disabling com.google.android.gms.auth.managed.admin.DeviceAdminReceiver
I/Auth    ( 2156): [AuthManaged,PasswordComplexityHelperImpl] Disabling com.google.android.gms.auth.managed.ui.SetNewPasswordActivity
I/Authzen ( 2156): [AuthZenEventHandler] Handling event: android.intent.action.BOOT_COMPLETED
I/Authzen ( 2156): [TransactionCache] Clearing transaction cache
I/AutofillModuleInitInten( 2156): AutofillModuleInitIntentOperation onInitRuntimeState(3) [CONTEXT service_id=177 ]
D/dalvikvm( 1841): GC_EXPLICIT freed 493K, 22% free 6031K/7644K, paused 1ms+1ms, total 12ms
I/BackupPreLmp( 2156): [ComponentEnabler] Enabling pre-L components
V/BackupPreLmp( 2156): [ComponentEnabler] Enabling Component: com.google.android.gms.backup.component.D2dPreLSourceActivity
I/Ads     ( 2156): Initialized AdMob in container 20.24.14 (000700-319035315)
I/ChromeSync( 2156): [Sync,SyncIntentOperation] Handling the intent: Intent { act=android.intent.action.BOOT_COMPLETED flg=0x8000010 cmp=com.google.android.gms/.chimera.GmsIntentOperationService (has extras) }.
I/CCTBootCount( 1786): (BOOT_COMPLETE intent)Device boot count in Clearcut increased.
E/JavaBinder( 2156): !!! FAILED BINDER TRANSACTION !!!
I/Checkin ( 2156): [CheckinChimeraService] onStartCommand
I/constellation( 2156): [intent_handler] Received onBootCompleted intent
I/constellation( 2156): [reboot_checker] Reboot checker check status.
I/constellation( 2156): [reboot_checker] reboot checker is disabled.
I/constellation( 2156): [intent_handler] on init with intent Intent { act=android.intent.action.BOOT_COMPLETED flg=0x8000010 cmp=com.google.android.gms/.chimera.GmsIntentOperationService (has extras) }
I/Checkin ( 2156): [CheckinChimeraService] runCheckinOnNewThread
I/Checkin ( 2156): [CheckinChimeraService] Check queued to run. Is task waiting: false
I/Checkin ( 2156): [CheckinChimeraService] Run checkin on new thread return:1
I/Checkin ( 2156): [CheckinChimeraService] Starting Checkin Task: CheckinNowTaskTag Reason : 1 Force : false UserId: 0
I/Fido    ( 2156): [FidoInitIntentOperation] Initializing Fido module, InitRuntimeState=3
D/dalvikvm( 2156): GC_EXPLICIT freed 536K, 24% free 11444K/14876K, paused 0ms+14ms, total 133ms
I/GCM-GMS ( 2156): Scheduling task to register GMS
I/Herrevad( 1786): [140] wkz.a: updateListenState
I/MobileDataHub( 2156): Scheduling periodic tasks
W/MobileDataHub( 2156): [Service] appsupload-periodic periodic task disabled
I/NewModuleOp( 2156): Schedule LanguageProfileGcmTaskChimeraService tasks. [CONTEXT service_id=167 ]
I/LPGcmTaskChimeraService( 2156): Unscheduling sync tasks. [CONTEXT service_id=167 ]
I/Checkin ( 2156): [EventLogChimeraService] Opted in for usage reporting: false
D/dalvikvm( 1841): GC_EXPLICIT freed 144K, 22% free 6022K/7644K, paused 0ms+0ms, total 5ms
D/dalvikvm( 2513): GC_FOR_ALLOC freed 339K, 29% free 5630K/7912K, paused 14ms, total 14ms
D/dalvikvm( 2513): GC_FOR_ALLOC freed 130K, 30% free 5596K/7912K, paused 4ms, total 5ms
D/dalvikvm( 2513): GC_FOR_ALLOC freed 2K, 29% free 5644K/7912K, paused 3ms, total 6ms
I/dalvikvm-heap( 2513): Grow heap (frag case) to 5.739MB for 49075-byte allocation
D/dalvikvm( 2513): GC_FOR_ALLOC freed <1K, 29% free 5692K/7960K, paused 4ms, total 4ms
I/Checkin ( 2156): [EventLogChimeraService] Opted in for usage reporting: false
I/Checkin ( 2156): [EventLogChimeraService] Accumulating logs since 1629026915368
I/MdiSyncModule( 2156): initializing module...
I/GmsSyncPolicyEngine( 2156): Periodic sync 3 disabled
I/MdiSyncModule( 2156): module initialization completed
W/ActivityManager( 1570): Unable to start service Intent { act=com.google.android.gms.nearby.discovery:ACTION_INIT_MESSAGES_PATH cmp=com.google.android.gms/.nearby.discovery.service.DiscoveryService } U=0: not found
I/NearbyDiscovery( 2156): FastPair: HeadsetPieceImage, grant permission files:0 [CONTEXT service_id=49 ]
I/NearbySharing( 2156): Runtime state initialization complete. Sharing is disabled. [CONTEXT service_id=194 ]
I/DeletedNullContactsCleanup( 2156): Scheduling the service.
W/GCoreFlp( 1786): No location to return for getLastLocation()
I/LockboxService( 1786): Completed task: true [CONTEXT service_id=26 ]
D/dalvikvm( 2156): GC_EXPLICIT freed 648K, 23% free 11496K/14876K, paused 6ms+3ms, total 169ms
D/dalvikvm( 2156): WAIT_FOR_CONCURRENT_GC blocked 32ms
D/AlarmManagerService( 1570): Kernel timezone updated to 240 minutes west of GMT
D/dalvikvm( 2156): GC_EXPLICIT freed 23K, 23% free 11479K/14876K, paused 2ms+1ms, total 20ms
D/dalvikvm( 2156): WAIT_FOR_CONCURRENT_GC blocked 11ms
D/        ( 1805): Setting time of day to sec=1629026921
D/dalvikvm( 1841): GC_EXPLICIT freed 137K, 22% free 6026K/7644K, paused 1ms+0ms, total 13ms
W/MDM     ( 2156): [87] aamr.c: Device admin action is a no-op. Action: true
I/BackupAndSyncValidation( 2156): Scheduling the service.
V/SmartDevice( 2156): [service,SmartDeviceIntentHandlers] OnUpgradeOrBootOperation got intent: Intent { act=android.intent.action.BOOT_COMPLETED flg=0x8000010 cmp=com.google.android.gms/.chimera.GmsIntentOperationService (has extras) } with flag 3
I/TelephonySpam( 2156): TelephonySpamInit - On boot completed TelephonySpam module initialized
I/TelephonySpam( 2156): TelephonySpamInit - onModuleUpdated TelephonySpam module initialized
I/TelephonySpam( 2156): SpamListSync - scheduleSyncTasks
I/TelephonySpam( 2156): SpamListSync - schedulePeriodicTask
I/ahju    ( 1786): Scheduling Phenotype for a PhenotypeSyncImmediately(16, com.google.android.gms.icing.mdd) one off with window [1, 2] in seconds [CONTEXT service_id=51 ]
I/TelephonySpam( 2156): SpamListSync - scheduleOneTimeTask
I/PeopleInitIntentOp( 2156): Not initializing debuggability [CONTEXT service_id=5 ]
I/Wear_Controller( 2156): Wear requires a companion app to be installed.
I/Wear_Controller( 2156): onStartup - Wear is not available on this device.
I/CheckinRequestBuilder( 2156): Checkin reason type: 1 attempt count: 1 [CONTEXT service_id=130 ]
W/Conscrypt( 1786): Could not set socket write timeout: java.net.SocketException: Socket closed
D/dalvikvm( 1841): GC_EXPLICIT freed 142K, 22% free 6028K/7644K, paused 0ms+1ms, total 4ms
W/Conscrypt( 1786): 	at com.google.android.gms.org.conscrypt.Platform.setSocketWriteTimeout(:com.google.android.gms@202414005@20.24.14 (000700-319035315):2)
W/Conscrypt( 1786): 	at com.google.android.gms.org.conscrypt.ConscryptFileDescriptorSocket.setSoWriteTimeout(:com.google.android.gms@202414005@20.24.14 (000700-319035315):0)
D/dalvikvm( 1570): GC_EXPLICIT freed 1243K, 46% free 8633K/15912K, paused 0ms+1ms, total 9ms
D/        ( 2513): HostConnection::get() New Host Connection established 0xb9096950, tid 2974
D/EGL_emulation( 2513): eglCreateContext: 0xb9024050: maj 3 min 0 rcv 3
D/EGL_emulation( 2513): eglMakeCurrent: 0xb9024050: ver 3 0
E/eglCodecCommon( 2513): glUtilsParamSize: unknow param 0x00008cdf
E/eglCodecCommon( 2513): glUtilsParamSize: unknow param 0x00008824
D/dalvikvm( 1786): GC_FOR_ALLOC freed 2026K, 20% free 9419K/11696K, paused 15ms, total 15ms
D/dalvikvm( 2156): GC_EXPLICIT freed 692K, 23% free 11552K/14876K, paused 19ms+5ms, total 181ms
I/ahlt    ( 1786): updateFromConfigurations using legacy put method [CONTEXT service_id=204 ]
D/EGL_emulation( 2513): eglCreateContext: 0xb9024050: maj 3 min 0 rcv 3
D/EGL_emulation( 2513): eglMakeCurrent: 0xb9024050: ver 3 0
E/eglCodecCommon( 2513): glUtilsParamSize: unknow param 0x00008cdf
E/eglCodecCommon( 2513): glUtilsParamSize: unknow param 0x00008824
I/GCoreUlr( 1786): WorldUpdater received intent Intent { act=com.google.android.location.reporting.ACTION_UPDATE_WORLD cmp=com.google.android.gms/com.google.android.location.reporting.service.DispatchingService (has extras) } with receiverAction init
I/dalvikvm( 1786): Could not find method android.os.PowerManager.isInteractive, referenced from method ayde.a
W/dalvikvm( 1786): VFY: unable to resolve virtual method 1678: Landroid/os/PowerManager;.isInteractive ()Z
D/dalvikvm( 1786): VFY: replacing opcode 0x6e at 0x003d
W/Conscrypt( 1786): Could not set socket write timeout: java.net.SocketException: Socket closed
W/Conscrypt( 1786): 	at com.google.android.gms.org.conscrypt.Platform.setSocketWriteTimeout(:com.google.android.gms@202414005@20.24.14 (000700-319035315):2)
W/Conscrypt( 1786): 	at com.google.android.gms.org.conscrypt.ConscryptFileDescriptorSocket.setSoWriteTimeout(:com.google.android.gms@202414005@20.24.14 (000700-319035315):0)
I/ahlt    ( 1786): updateFromConfigurations using legacy put method [CONTEXT service_id=204 ]
D/dalvikvm( 2156): GC_EXPLICIT freed 128K, 23% free 11455K/14876K, paused 1ms+47ms, total 85ms
I/GmsModuleFndr( 2156): Beginning GMS chimera module scan
I/ModuleSetMgr( 2156): Computing pending module set with APKs: [[AdsFdrDynamite.integ:21460000000], [Cronetdynamite:202414000700], [Dynamiteloader:202414000700], [Dynamitemodulesa:202414000000], [Dynamitemodulesc:202414000000], [Googlecertificates:202414000000], [Mapsdynamite:202414000000], [Measurementdynamite:202414000000]]
I/GCoreUlr( 1786): WorldUpdater:init: Ensuring that reporting is stopped because of reasons: (no Google accounts)
I/ModuleSetMgr( 2156): Pending container module APKs: []
I/ModuleSetMgr( 2156): Pending non-container module APKs: []
I/GCoreUlr( 1786): Unbound from all signal providers.
I/GCoreUlr( 1786): Unbound from all signal providers.
I/GCoreUlr( 1786): Stopping handler for UlrDispSvcFast
D/dalvikvm( 2513): GC_FOR_ALLOC freed 476K, 31% free 5545K/7960K, paused 3ms, total 3ms
D/        ( 2513): HostConnection::get() New Host Connection established 0xb9096a90, tid 2525
D/EGL_emulation( 2513): eglCreateContext: 0xb9021e80: maj 3 min 0 rcv 3
D/EGL_emulation( 2513): eglMakeCurrent: 0xb9021e80: ver 3 0
E/eglCodecCommon( 2513): glUtilsParamSize: unknow param 0x00008cdf
E/eglCodecCommon( 2513): glUtilsParamSize: unknow param 0x00008824
D/EGL_emulation( 2513): eglCreateContext: 0xb9021e80: maj 3 min 0 rcv 3
D/EGL_emulation( 2513): eglMakeCurrent: 0xb9021e80: ver 3 0
E/eglCodecCommon( 2513): glUtilsParamSize: unknow param 0x00008cdf
E/eglCodecCommon( 2513): glUtilsParamSize: unknow param 0x00008824
D/dalvikvm( 1786): GC_FOR_ALLOC freed 1257K, 23% free 9058K/11708K, paused 13ms, total 13ms
D/dalvikvm( 2513): GC_FOR_ALLOC freed 128K, 29% free 5695K/7960K, paused 4ms, total 4ms
I/dalvikvm-heap( 2513): Grow heap (frag case) to 5.791MB for 52120-byte allocation
D/dalvikvm( 2513): GC_FOR_ALLOC freed <1K, 29% free 5746K/8012K, paused 4ms, total 4ms
D/dalvikvm( 2513): GC_FOR_ALLOC freed 126K, 30% free 5620K/8012K, paused 2ms, total 2ms
D/dalvikvm( 2513): GC_FOR_ALLOC freed <1K, 30% free 5670K/8012K, paused 4ms, total 4ms
I/dalvikvm-heap( 2513): Grow heap (frag case) to 5.767MB for 52120-byte allocation
D/dalvikvm( 2513): GC_FOR_ALLOC freed 0K, 30% free 5721K/8064K, paused 5ms, total 5ms
D/dalvikvm( 2513): GC_FOR_ALLOC freed 1K, 29% free 5726K/8064K, paused 5ms, total 6ms
I/dalvikvm-heap( 2513): Grow heap (frag case) to 5.821MB for 52021-byte allocation
D/dalvikvm( 2513): GC_FOR_ALLOC freed <1K, 29% free 5777K/8116K, paused 5ms, total 5ms
D/dalvikvm( 1786): GC_FOR_ALLOC freed 100K, 23% free 9083K/11708K, paused 9ms, total 9ms
I/dalvikvm-heap( 1786): Grow heap (frag case) to 9.238MB for 131084-byte allocation
D/dalvikvm( 1786): GC_FOR_ALLOC freed <1K, 23% free 9211K/11840K, paused 9ms, total 9ms
D/dalvikvm( 1786): GC_FOR_ALLOC freed 28K, 23% free 9211K/11840K, paused 6ms, total 6ms
I/dalvikvm-heap( 1786): Grow heap (frag case) to 9.488MB for 262156-byte allocation
D/dalvikvm( 1786): GC_FOR_ALLOC freed 0K, 22% free 9468K/12100K, paused 10ms, total 10ms
D/dalvikvm( 1786): GC_FOR_ALLOC freed 21K, 22% free 9468K/12100K, paused 5ms, total 5ms
I/dalvikvm-heap( 1786): Grow heap (frag case) to 9.859MB for 389541-byte allocation
D/dalvikvm( 1786): GC_FOR_ALLOC freed 504K, 26% free 9344K/12484K, paused 6ms, total 6ms
I/CheckinUtil( 2156): Classify the device as Phone. [CONTEXT service_id=130 ]
W/Conscrypt( 2156): Could not set socket write timeout: java.net.SocketException: Socket closed
W/Conscrypt( 2156): 	at com.google.android.gms.org.conscrypt.Platform.setSocketWriteTimeout(:com.google.android.gms@202414005@20.24.14 (000700-319035315):2)
W/Conscrypt( 2156): 	at com.google.android.gms.org.conscrypt.ConscryptFileDescriptorSocket.setSoWriteTimeout(:com.google.android.gms@202414005@20.24.14 (000700-319035315):0)
W/Conscrypt( 2156): Could not set socket write timeout: java.net.SocketException: Socket closed
W/Conscrypt( 2156): 	at com.google.android.gms.org.conscrypt.Platform.setSocketWriteTimeout(:com.google.android.gms@202414005@20.24.14 (000700-319035315):2)
W/Conscrypt( 2156): 	at com.google.android.gms.org.conscrypt.ConscryptFileDescriptorSocket.setSoWriteTimeout(:com.google.android.gms@202414005@20.24.14 (000700-319035315):0)
D/dalvikvm( 1786): GC_FOR_ALLOC freed 955K, 17% free 10436K/12484K, paused 8ms, total 8ms
E/WakeLock( 2156): DG:service ** IS FORCE-RELEASED ON TIMEOUT **
I/CheckinResponseProcess( 2156): From server: 1519 gservices [full] [CONTEXT service_id=130 ]
D/dalvikvm( 1841): GC_FOR_ALLOC freed 265K, 12% free 6784K/7644K, paused 4ms, total 4ms
W/Conscrypt( 1786): Could not set socket write timeout: java.net.SocketException: Socket closed
W/Conscrypt( 1786): 	at com.google.android.gms.org.conscrypt.Platform.setSocketWriteTimeout(:com.google.android.gms@202414005@20.24.14 (000700-319035315):2)
W/Conscrypt( 1786): 	at com.google.android.gms.org.conscrypt.ConscryptFileDescriptorSocket.setSoWriteTimeout(:com.google.android.gms@202414005@20.24.14 (000700-319035315):0)
I/GservicesProvider( 1841): main update completed
I/CertBlacklister( 1570): Certificate blacklist changed, updating...
I/CertBlacklister( 1570): Certificate blacklist updated
I/Checkin ( 2156): [CheckinRequestProcessor] CheckinNowTaskTag : Checkin Succeeded: https://android.googleapis.com/checkin (fragment #1).
W/Conscrypt( 1786): Could not set socket write timeout: java.net.SocketException: Socket closed
W/Conscrypt( 1786): 	at com.google.android.gms.org.conscrypt.Platform.setSocketWriteTimeout(:com.google.android.gms@202414005@20.24.14 (000700-319035315):2)
W/Conscrypt( 1786): 	at com.google.android.gms.org.conscrypt.ConscryptFileDescriptorSocket.setSoWriteTimeout(:com.google.android.gms@202414005@20.24.14 (000700-319035315):0)
D/dalvikvm( 1841): GC_EXPLICIT freed 1122K, 20% free 6156K/7644K, paused 1ms+1ms, total 16ms
D/dalvikvm( 1786): GC_FOR_ALLOC freed 3260K, 28% free 9226K/12736K, paused 15ms, total 15ms
D/dalvikvm( 2156): GC_FOR_ALLOC freed 1985K, 23% free 11517K/14876K, paused 10ms, total 10ms
D/dalvikvm( 1841): GC_EXPLICIT freed 142K, 20% free 6151K/7644K, paused 0ms+1ms, total 4ms
E/BluetoothAdapter( 1823): Bluetooth binder is null
I/ActivityManager( 1570): Waited long enough for: ServiceRecord{9db3daf0 u0 com.android.music/.MediaPlaybackService}
I/ActivityManager( 1570): Resuming delayed broadcast
V/SmsReceiverService( 2805): onStart: #1 mResultCode: -1 = Activity.RESULT_OK
I/ActivityManager( 1570): Delay finish: com.android.mms/.transaction.SmsReceiver
I/ActivityManager( 1570): Resuming delayed broadcast
D/dalvikvm( 1841): GC_EXPLICIT freed 204K, 20% free 6159K/7644K, paused 1ms+1ms, total 16ms
E/PhenotypeRegOp( 2156): Attempting to overwrite config package for com.google.android.gms.games [CONTEXT service_id=231 ]
E/PhenotypeRegOp( 2156): Attempting to overwrite config package for com.google.android.gms.mobile_data_plan [CONTEXT service_id=231 ]
E/PhenotypeRegOp( 2156): Attempting to overwrite config package for com.google.android.gms.signin [CONTEXT service_id=231 ]
E/PhenotypeRegOp( 2156): Attempting to overwrite config package for com.google.android.gms.udc [CONTEXT service_id=231 ]
I/GCM-GMS ( 2156): Scheduling task to register GMS
D/dalvikvm( 1786): GC_EXPLICIT freed 1287K, 29% free 9168K/12736K, paused 1ms+1ms, total 31ms
I/SystemUpdateService( 1841): cancelUpdate (empty URL)
I/SystemUpdateService( 1841): cancelUpdate (empty URL)
I/Auth    ( 1786): [AuthManaged,PasswordComplexityHelperImpl] Updating password complexity components state.
I/Auth    ( 1786): [AuthManaged,PasswordComplexityHelperImpl] Disabling com.google.android.gms.auth.managed.admin.DeviceAdminReceiver
I/Auth    ( 1786): [AuthManaged,PasswordComplexityHelperImpl] Disabling com.google.android.gms.auth.managed.ui.SetNewPasswordActivity
E/GmsClient( 2156): unable to connect to service: com.google.android.gms.auth.key.retrieval.service.START on com.google.android.gms
I/Herrevad( 1786): [126] wkz.a: updateListenState
W/ActivityManager( 1570): Unable to start service Intent { act=com.google.android.gms.auth.key.retrieval.service.START pkg=com.google.android.gms } U=0: not found
W/ActivityManager( 1570): Unbind failed: could not find connection for android.os.BinderProxy@9d19a160
I/ActivityManager( 1570): Delay finish: com.google.android.gms/.stats.service.DropBoxEntryAddedReceiver
I/GmsModuleFndr( 2156): Beginning GMS chimera module scan
I/Search.GservicesUpdateTask( 2451): Updating Gservices keys
I/ModuleSetMgr( 2156): Computing pending module set with APKs: [[AdsFdrDynamite.integ:21460000000], [Cronetdynamite:202414000700], [Dynamiteloader:202414000700], [Dynamitemodulesa:202414000000], [Dynamitemodulesc:202414000000], [Googlecertificates:202414000000], [Mapsdynamite:202414000000], [Measurementdynamite:202414000000]]
I/ModuleSetMgr( 2156): Pending container module APKs: []
I/ModuleSetMgr( 2156): Pending non-container module APKs: []
I/ChromeSync( 2156): [Sync,SyncIntentOperation] Handling the intent: Intent { act=com.google.gservices.intent.action.GSERVICES_CHANGED flg=0x10 cmp=com.google.android.gms/.chimera.GmsIntentOperationService$PersistentInternalReceiver }.
D/dalvikvm( 1841): GC_EXPLICIT freed 247K, 20% free 6177K/7644K, paused 0ms+1ms, total 9ms
I/GStaticConfiguration( 2451): Ignore gservice update: no configuration
I/ActivityManager( 1570): Resuming delayed broadcast
D/dalvikvm( 1570): GC_EXPLICIT freed 636K, 46% free 8651K/15912K, paused 0ms+1ms, total 13ms
D/dalvikvm( 2156): GC_EXPLICIT freed 891K, 23% free 11583K/14876K, paused 1ms+8ms, total 22ms
I/GCM-GMS ( 2156): Scheduling task to register GMS
I/GCM-GMS ( 2156): Scheduling task to register GMS
I/GCM-GMS ( 2156): Scheduling task to register GMS
I/Fitness ( 1786): FitCleanupIntentOperation received Intent android.intent.action.PACKAGE_CHANGED [CONTEXT service_id=17 ]
I/Icing.InternalIcingCorporaProvider( 2451): Updating corpora: A: com.android.email, C: MAYBE
I/ActivityManager( 1570): Delay finish: com.google.android.googlequicksearchbox/com.google.android.searchcommon.summons.icing.InternalIcingCorporaProvider$CorporaChangedReceiver
D/dalvikvm( 1841): GC_EXPLICIT freed 279K, 20% free 6160K/7644K, paused 1ms+1ms, total 13ms
I/Fitness ( 1786): OnPackageChangedOperation got intent: Intent { act=android.intent.action.PACKAGE_CHANGED dat=package:com.android.email flg=0x4000010 cmp=com.google.android.gms/.chimera.PersistentIntentOperationService (has extras) } [CONTEXT service_id=17 ]
D/dalvikvm( 2451): GC_FOR_ALLOC freed 457K, 16% free 3508K/4156K, paused 2ms, total 2ms
I/GCoreUlr( 1786): WorldUpdater received intent Intent { act=com.google.android.location.reporting.ACTION_UPDATE_WORLD cmp=com.google.android.gms/com.google.android.location.reporting.service.DispatchingService (has extras) } with receiverAction com.google.gservices.intent.action.GSERVICES_CHANGED
I/MobileDataHub( 2156): Scheduling periodic tasks
D/dalvikvm( 2156): GC_EXPLICIT freed 216K, 23% free 11570K/14876K, paused 12ms+26ms, total 72ms
I/Icing   ( 2156): IndexChimeraService.getServiceInterface callingPackage=com.google.android.googlequicksearchbox componentName=null serviceId=21
W/MobileDataHub( 2156): [Service] appsupload-periodic periodic task disabled
I/GCM-GMS ( 2156): Got GMS registration
D/dalvikvm( 1841): GC_EXPLICIT freed 161K, 20% free 6161K/7644K, paused 1ms+2ms, total 11ms
I/MdiSyncModule( 2156): flag handling is skipping irrelevant intent.
D/dalvikvm( 1841): GC_EXPLICIT freed 147K, 20% free 6164K/7644K, paused 2ms+0ms, total 6ms
D/dalvikvm( 2156): GC_EXPLICIT freed 528K, 22% free 11724K/14876K, paused 7ms+2ms, total 79ms
D/dalvikvm( 2156): WAIT_FOR_CONCURRENT_GC blocked 19ms
I/GCoreUlr( 1786): WorldUpdater:com.google.gservices.intent.action.GSERVICES_CHANGED: Ensuring that reporting is stopped because of reasons: (no Google accounts)
I/GCoreUlr( 1786): Unbound from all signal providers.
D/dalvikvm( 1786): GC_EXPLICIT freed 1482K, 26% free 9489K/12736K, paused 5ms+5ms, total 39ms
D/dalvikvm( 2156): GC_EXPLICIT freed 210K, 23% free 11520K/14876K, paused 3ms+1ms, total 18ms
D/dalvikvm( 2156): WAIT_FOR_CONCURRENT_GC blocked 2ms
I/GCoreUlr( 1786): Unbound from all signal providers.
I/GCoreUlr( 1786): Stopping handler for UlrDispSvcFast
I/SystemUpdate( 2156): [Installation,ReceiverIntentOperation] Received intent: Intent { act=com.google.gservices.intent.action.GSERVICES_CHANGED flg=0x10 cmp=com.google.android.gms/.chimera.GmsIntentOperationService$PersistentInternalReceiver }.
D/dalvikvm( 1841): GC_EXPLICIT freed 152K, 20% free 6181K/7644K, paused 0ms+1ms, total 11ms
I/ActivityManager( 1570): Resuming delayed broadcast
W/Launcher( 2665): setApplicationContext called twice! old=com.google.android.velvet.VelvetApplication@9d090c48 new=com.google.android.velvet.VelvetApplication@9d090c48
I/Fitness ( 1786): OnPackageChangedOperation got intent: Intent { act=android.intent.action.PACKAGE_CHANGED dat=package:com.google.android.gsf flg=0x4000010 cmp=com.google.android.gms/.chimera.PersistentIntentOperationService (has extras) } [CONTEXT service_id=17 ]
I/SystemUpdate( 2156): [Execution,InstallationEventIntentOperation] Handling event of type 2.
I/ActivityManager( 1570): Delay finish: com.google.android.googlequicksearchbox/com.google.android.searchcommon.summons.icing.InternalIcingCorporaProvider$CorporaChangedReceiver
I/Icing.InternalIcingCorporaProvider( 2451): Updating corpora: A: com.google.android.gsf, C: MAYBE
D/dalvikvm( 2156): GC_EXPLICIT freed 331K, 22% free 11651K/14876K, paused 7ms+11ms, total 66ms
I/Fitness ( 1786): FitCleanupIntentOperation received Intent android.intent.action.PACKAGE_CHANGED [CONTEXT service_id=17 ]
I/SystemUpdate( 2156): [Execution,InstallationIntentOperation] Received intent: Intent { act=com.google.android.gms.update.INSTALL_UPDATE cat=[targeted_intent_op_prefix:.update.execution.InstallationIntentOperation] cmp=com.google.android.gms/.chimera.GmsIntentOperationService }.
I/SystemUpdate( 2156): [Execution,ExecutionManager] Action finished-execution executed for 0.00 seconds.
W/Icing   ( 2156): No valid account for uploading user actions
I/Icing   ( 2156): IndexChimeraService.getServiceInterface callingPackage=com.google.android.googlequicksearchbox componentName=null serviceId=21
D/dalvikvm( 2156): GC_EXPLICIT freed 379K, 22% free 11653K/14876K, paused 9ms+1ms, total 26ms
I/Icing   ( 2156): Usage reports ok 0, Failed Usage reports 0, indexed 0, rejected 0
W/Icing   ( 2156): No valid account for uploading user actions
I/Icing   ( 2156): Usage reports ok 0, Failed Usage reports 0, indexed 0, rejected 0
V/EmulatedCamera_Camera( 1147): getCameraInfo
V/EmulatedCamera_BaseCamera( 1147): getCameraInfo
I/OcrModelUpStIntentOp( 2156): Updating ocr activity enabled=true (phenotypeFlag=true, lowRamDevice=false, prereqCheck=true)
D/dalvikvm( 2156): GC_EXPLICIT freed 253K, 23% free 11536K/14876K, paused 2ms+6ms, total 26ms
W/Launcher( 2665): setApplicationContext called twice! old=com.google.android.velvet.VelvetApplication@9d090c48 new=com.google.android.velvet.VelvetApplication@9d090c48
I/ActivityManager( 1570): Resuming delayed broadcast
I/OcrModelUpStIntentOp( 2156): Downloading text recognizer
I/Fitness ( 1786): OnPackageChangedOperation got intent: Intent { act=android.intent.action.PACKAGE_CHANGED dat=package:com.google.android.gms flg=0x4000010 cmp=com.google.android.gms/.chimera.PersistentIntentOperationService (has extras) } [CONTEXT service_id=17 ]
I/Icing.InternalIcingCorporaProvider( 2451): Updating corpora: A: com.google.android.gms, C: MAYBE
I/Fitness ( 1786): FitCleanupIntentOperation received Intent android.intent.action.PACKAGE_CHANGED [CONTEXT service_id=17 ]
I/ActivityManager( 1570): Delay finish: com.google.android.googlequicksearchbox/com.google.android.searchcommon.summons.icing.InternalIcingCorporaProvider$CorporaChangedReceiver
I/Icing   ( 2156): IndexChimeraService.getServiceInterface callingPackage=com.google.android.googlequicksearchbox componentName=null serviceId=21
I/Icing   ( 2156): updateResources: need to parse wwx{com.google.android.gms}
D/dalvikvm( 2156): GC_EXPLICIT freed 449K, 22% free 11751K/14876K, paused 1ms+7ms, total 66ms
D/dalvikvm( 1841): GC_EXPLICIT freed 181K, 20% free 6163K/7644K, paused 2ms+0ms, total 25ms
D/dalvikvm( 2156): GC_EXPLICIT freed 334K, 23% free 11551K/14876K, paused 4ms+2ms, total 24ms
W/Icing   ( 2156): No valid account for uploading user actions
I/Icing   ( 2156): Usage reports ok 0, Failed Usage reports 0, indexed 0, rejected 0
W/Launcher( 2665): setApplicationContext called twice! old=com.google.android.velvet.VelvetApplication@9d090c48 new=com.google.android.velvet.VelvetApplication@9d090c48
I/Fitness ( 1786): OnPackageChangedOperation got intent: Intent { act=android.intent.action.PACKAGE_CHANGED dat=package:com.google.android.inputmethod.latin flg=0x4000010 cmp=com.google.android.gms/.chimera.PersistentIntentOperationService (has extras) } [CONTEXT service_id=17 ]
I/ActivityManager( 1570): Resuming delayed broadcast
I/Fitness ( 1786): FitCleanupIntentOperation received Intent android.intent.action.PACKAGE_CHANGED [CONTEXT service_id=17 ]
I/Icing.InternalIcingCorporaProvider( 2451): Updating corpora: A: com.google.android.inputmethod.latin, C: MAYBE
I/ActivityManager( 1570): Delay finish: com.google.android.googlequicksearchbox/com.google.android.searchcommon.summons.icing.InternalIcingCorporaProvider$CorporaChangedReceiver
D/dalvikvm( 2156): GC_EXPLICIT freed 110K, 22% free 11615K/14876K, paused 1ms+9ms, total 33ms
I/GmsModuleFndr( 2156): Beginning GMS chimera module scan
I/Icing   ( 2156): IndexChimeraService.getServiceInterface callingPackage=com.google.android.googlequicksearchbox componentName=null serviceId=21
W/Icing   ( 2156): No valid account for uploading user actions
I/Icing   ( 2156): Usage reports ok 0, Failed Usage reports 0, indexed 0, rejected 0
W/Launcher( 2665): setApplicationContext called twice! old=com.google.android.velvet.VelvetApplication@9d090c48 new=com.google.android.velvet.VelvetApplication@9d090c48
I/ModuleSetMgr( 2156): Computing pending module set with APKs: [[AdsFdrDynamite.integ:21460000000], [Cronetdynamite:202414000700], [Dynamiteloader:202414000700], [Dynamitemodulesa:202414000000], [Dynamitemodulesc:202414000000], [Googlecertificates:202414000000], [Mapsdynamite:202414000000], [Measurementdynamite:202414000000]]
I/ahju    ( 1786): Scheduling a periodic sync task every 14400 seconds, with flex of 1800 seconds [CONTEXT service_id=51 ]
I/ModuleSetMgr( 2156): Pending container module APKs: []
I/ModuleSetMgr( 2156): Pending non-container module APKs: []
D/dalvikvm( 2156): DexOpt: couldn't find static field Landroid/os/Build;.SUPPORTED_ABIS
W/dalvikvm( 2156): VFY: unable to resolve static field 17846 (SUPPORTED_ABIS) in Landroid/os/Build;
D/dalvikvm( 2156): VFY: replacing opcode 0x62 at 0x0006
I/Vision  ( 2156): Supported ABIS: [x86]
I/ActivityManager( 1570): Resuming delayed broadcast
W/DownloadServiceState( 2156): No pending download found for id 2 [CONTEXT service_id=43 ]
I/Vision  ( 2156): Requesting optional module download of ocr.
I/ChmraDebugLogger( 1786): [53] +vision.ocr:-1
I/ahju    ( 1786): Scheduling adaptive one off task with window [14400, 604800] in seconds [CONTEXT service_id=51 ]
I/Vision  ( 2156): Checking for download completion for 42569 -- ocr
I/Vision  ( 2156): Requesting optional module download of ocr.
I/ChimeraConfigurator( 2156): Starting update, reason: 4 urgentFeatures: vision.ocr:-1
I/Vision  ( 2156): Checking for download completion for 42578 -- ocr
D/dalvikvm( 1786): GC_FOR_ALLOC freed 2107K, 26% free 9430K/12736K, paused 13ms, total 14ms
V/AlarmClock( 2715): AlarmInitReceiver android.intent.action.TIMEZONE_CHANGED
I/AlarmClock( 2715): Displaying next alarm time: ''
V/AlarmClock( 2715): AlarmInitReceiver finished
I/Notifications( 2735): [ChimeBroadcastReceiver] Intent received for action [android.intent.action.TIMEZONE_CHANGED] package [com.google.android.play.games].
I/Notifications( 2735): [ChimeBroadcastReceiver] Validation OK for action [android.intent.action.TIMEZONE_CHANGED].
I/Notifications( 2735): [ChimeBroadcastReceiver] Executing action in Service [android.intent.action.TIMEZONE_CHANGED].
I/SystemUpdate( 2156): [Installation,ReceiverIntentOperation] Received intent: Intent { act=android.intent.action.TIME_SET flg=0x24000010 cmp=com.google.android.gms/.chimera.GmsIntentOperationService$PersistentTrustedReceiver }.
V/AlarmClock( 2715): AlarmInitReceiver android.intent.action.TIME_SET
I/AlarmClock( 2715): Displaying next alarm time: ''
V/AlarmClock( 2715): AlarmInitReceiver finished
I/SystemUpdate( 2156): [Execution,InstallationEventIntentOperation] Handling event of type 6.
I/ActivityManager( 1570): Delay finish: com.google.android.gms/.gcm.nts.SchedulerReceiver
I/SystemUpdate( 2156): [Execution,InstallationIntentOperation] Received intent: Intent { act=com.google.android.gms.update.INSTALL_UPDATE cat=[targeted_intent_op_prefix:.update.execution.InstallationIntentOperation] cmp=com.google.android.gms/.chimera.GmsIntentOperationService }.
I/SystemUpdate( 2156): [Execution,ExecutionManager] Action finished-execution executed for 0.00 seconds.
I/ActivityManager( 1570): Resuming delayed broadcast
I/ActivityManager( 1570): Delay finish: com.android.providers.calendar/.CalendarProviderBroadcastReceiver
I/ActivityManager( 1570): Resuming delayed broadcast
D/dalvikvm( 1570): GC_EXPLICIT freed 927K, 46% free 8688K/15912K, paused 0ms+1ms, total 12ms
I/GmsModuleFndr( 2156): Beginning GMS chimera module scan
I/Herrevad( 1786): [127] wkz.a: updateListenState
I/Auth    ( 1786): [AuthManaged,PasswordComplexityHelperImpl] Updating password complexity components state.
I/ModuleSetMgr( 2156): Computing pending module set with APKs: [[AdsFdrDynamite.integ:21460000000], [Cronetdynamite:202414000700], [Dynamiteloader:202414000700], [Dynamitemodulesa:202414000000], [Dynamitemodulesc:202414000000], [Googlecertificates:202414000000], [Mapsdynamite:202414000000], [Measurementdynamite:202414000000]]
W/ActivityManager( 1570): Unable to start service Intent { act=com.google.android.gms.auth.key.retrieval.service.START pkg=com.google.android.gms } U=0: not found
I/ModuleSetMgr( 2156): Pending container module APKs: []
I/ModuleSetMgr( 2156): Pending non-container module APKs: []
I/Auth    ( 1786): [AuthManaged,PasswordComplexityHelperImpl] Disabling com.google.android.gms.auth.managed.admin.DeviceAdminReceiver
I/Auth    ( 1786): [AuthManaged,PasswordComplexityHelperImpl] Disabling com.google.android.gms.auth.managed.ui.SetNewPasswordActivity
E/GmsClient( 2156): unable to connect to service: com.google.android.gms.auth.key.retrieval.service.START on com.google.android.gms
I/Search.GservicesUpdateTask( 2451): Updating Gservices keys
W/ActivityManager( 1570): Unbind failed: could not find connection for android.os.BinderProxy@9d874db8
I/ActivityManager( 1570): Delay finish: com.google.android.gsf/.settings.GoogleLocationSettings$LocationSettingsChangedListener
I/GStaticConfiguration( 2451): Ignore gservice update: no configuration
I/ChromeSync( 2156): [Sync,SyncIntentOperation] Handling the intent: Intent { act=com.google.gservices.intent.action.GSERVICES_CHANGED flg=0x10 cmp=com.google.android.gms/.chimera.GmsIntentOperationService$PersistentInternalReceiver }.
I/ActivityManager( 1570): Resuming delayed broadcast
I/MobileDataHub( 2156): Scheduling periodic tasks
W/MobileDataHub( 2156): [Service] appsupload-periodic periodic task disabled
I/MdiSyncModule( 2156): flag handling is skipping irrelevant intent.
V/EmulatedCamera_Camera( 1147): getCameraInfo
V/EmulatedCamera_BaseCamera( 1147): getCameraInfo
I/OcrModelUpStIntentOp( 2156): Updating ocr activity enabled=true (phenotypeFlag=true, lowRamDevice=false, prereqCheck=true)
I/OcrModelUpStIntentOp( 2156): Downloading text recognizer
I/SystemUpdate( 2156): [Installation,ReceiverIntentOperation] Received intent: Intent { act=com.google.gservices.intent.action.GSERVICES_CHANGED flg=0x10 cmp=com.google.android.gms/.chimera.GmsIntentOperationService$PersistentInternalReceiver }.
I/SystemUpdate( 2156): [Execution,InstallationEventIntentOperation] Handling event of type 2.
I/ActivityManager( 1570): Start proc com.google.android.play.games.ui for broadcast com.google.android.play.games/com.google.android.apps.play.games.features.experiments.PhenotypeBroadcastReceiver: pid=3050 uid=10043 gids={50043, 3003}
D/dalvikvm( 1786): GC_FOR_ALLOC freed 2102K, 27% free 9375K/12736K, paused 9ms, total 10ms
D/dalvikvm( 2156): GC_FOR_ALLOC freed 1992K, 22% free 11668K/14876K, paused 11ms, total 11ms
I/SystemUpdate( 2156): [Execution,InstallationIntentOperation] Received intent: Intent { act=com.google.android.gms.update.INSTALL_UPDATE cat=[targeted_intent_op_prefix:.update.execution.InstallationIntentOperation] cmp=com.google.android.gms/.chimera.GmsIntentOperationService }.
I/SystemUpdate( 2156): [Execution,ExecutionManager] Action finished-execution executed for 0.00 seconds.
E/dalvikvm( 3050): Could not find class 'android.app.NotificationChannel', referenced from method com.google.android.apps.play.games.core.PlayGamesApplication.onCreate
W/dalvikvm( 3050): VFY: unable to resolve new-instance 420 (Landroid/app/NotificationChannel;) in Lcom/google/android/apps/play/games/core/PlayGamesApplication;
D/dalvikvm( 3050): VFY: replacing opcode 0x22 at 0x008d
E/dalvikvm( 3050): Could not find class 'android.app.NotificationChannelGroup', referenced from method com.google.android.apps.play.games.core.PlayGamesApplication.onCreate
W/dalvikvm( 3050): VFY: unable to resolve new-instance 421 (Landroid/app/NotificationChannelGroup;) in Lcom/google/android/apps/play/games/core/PlayGamesApplication;
D/dalvikvm( 3050): VFY: replacing opcode 0x22 at 0x0131
D/dalvikvm( 3050): DexOpt: couldn't find static field Landroid/os/Build;.SUPPORTED_ABIS
W/dalvikvm( 3050): VFY: unable to resolve static field 1664 (SUPPORTED_ABIS) in Landroid/os/Build;
D/dalvikvm( 3050): VFY: replacing opcode 0x62 at 0x01a4
E/dalvikvm( 3050): Could not find class 'android.app.NotificationChannel', referenced from method com.google.android.apps.play.games.core.PlayGamesApplication.onCreate
W/dalvikvm( 3050): VFY: unable to resolve new-instance 420 (Landroid/app/NotificationChannel;) in Lcom/google/android/apps/play/games/core/PlayGamesApplication;
D/dalvikvm( 3050): VFY: replacing opcode 0x22 at 0x03e6
D/dalvikvm( 3050): DexOpt: unable to opt direct call 0x0b8a at 0x98 in Lcom/google/android/apps/play/games/core/PlayGamesApplication;.onCreate
D/dalvikvm( 3050): DexOpt: unable to opt direct call 0x0b8a at 0xa9 in Lcom/google/android/apps/play/games/core/PlayGamesApplication;.onCreate
D/dalvikvm( 3050): DexOpt: unable to opt direct call 0x0b8a at 0xba in Lcom/google/android/apps/play/games/core/PlayGamesApplication;.onCreate
D/dalvikvm( 3050): DexOpt: unable to opt direct call 0x0b8a at 0xcb in Lcom/google/android/apps/play/games/core/PlayGamesApplication;.onCreate
D/dalvikvm( 3050): DexOpt: unable to opt direct call 0x0b8a at 0xdc in Lcom/google/android/apps/play/games/core/PlayGamesApplication;.onCreate
D/dalvikvm( 3050): DexOpt: unable to opt direct call 0x0b8a at 0xed in Lcom/google/android/apps/play/games/core/PlayGamesApplication;.onCreate
D/dalvikvm( 3050): DexOpt: unable to opt direct call 0x0b8a at 0x107 in Lcom/google/android/apps/play/games/core/PlayGamesApplication;.onCreate
D/dalvikvm( 3050): DexOpt: unable to opt direct call 0x0b95 at 0x135 in Lcom/google/android/apps/play/games/core/PlayGamesApplication;.onCreate
D/dalvikvm( 3050): DexOpt: unable to opt direct call 0x0b8a at 0x144 in Lcom/google/android/apps/play/games/core/PlayGamesApplication;.onCreate
D/dalvikvm( 3050): DexOpt: unable to opt direct call 0x0b8a at 0x160 in Lcom/google/android/apps/play/games/core/PlayGamesApplication;.onCreate
D/dalvikvm( 3050): DexOpt: unable to opt direct call 0x0b8a at 0x3eb in Lcom/google/android/apps/play/games/core/PlayGamesApplication;.onCreate
I/dalvikvm( 3050): Could not find method android.app.Notification.getChannelId, referenced from method keu.a
W/dalvikvm( 3050): VFY: unable to resolve virtual method 2951: Landroid/app/Notification;.getChannelId ()Ljava/lang/String;
D/dalvikvm( 3050): VFY: replacing opcode 0x6e at 0x0010
I/dalvikvm( 3050): Could not find method android.content.Context.createDeviceProtectedStorageContext, referenced from method hgf.a
W/dalvikvm( 3050): VFY: unable to resolve virtual method 3139: Landroid/content/Context;.createDeviceProtectedStorageContext ()Landroid/content/Context;
D/dalvikvm( 3050): VFY: replacing opcode 0x6e at 0x0029
I/dalvikvm( 3050): Could not find method android.content.Context.getSystemService, referenced from method hgf.a
W/dalvikvm( 3050): VFY: unable to resolve virtual method 3171: Landroid/content/Context;.getSystemService (Ljava/lang/Class;)Ljava/lang/Object;
D/dalvikvm( 3050): VFY: replacing opcode 0x6e at 0x0009
I/dalvikvm( 3050): Could not find method android.content.Context.createDeviceProtectedStorageContext, referenced from method nzv.a
W/dalvikvm( 3050): VFY: unable to resolve virtual method 3139: Landroid/content/Context;.createDeviceProtectedStorageContext ()Landroid/content/Context;
D/dalvikvm( 3050): VFY: replacing opcode 0x6e at 0x0031
I/dalvikvm( 3050): Could not find method android.content.Context.isDeviceProtectedStorage, referenced from method mlu.a
W/dalvikvm( 3050): VFY: unable to resolve virtual method 3177: Landroid/content/Context;.isDeviceProtectedStorage ()Z
D/dalvikvm( 3050): VFY: replacing opcode 0x6e at 0x0018
E/dalvikvm( 3050): Could not find class 'android.app.NotificationChannel', referenced from method fsr.a
W/dalvikvm( 3050): VFY: unable to resolve new-instance 420 (Landroid/app/NotificationChannel;) in Lfsr;
D/dalvikvm( 3050): VFY: replacing opcode 0x22 at 0x0236
D/dalvikvm( 3050): DexOpt: unable to opt direct call 0x0b8a at 0x23d in Lfsr;.a
I/dalvikvm( 3050): Failed resolving Lnok; interface 1015 'Landroid/view/Window$OnFrameMetricsAvailableListener;'
W/dalvikvm( 3050): Link of class 'Lnok;' failed
I/dalvikvm( 3050): Failed resolving Lnok; interface 1015 'Landroid/view/Window$OnFrameMetricsAvailableListener;'
W/dalvikvm( 3050): Link of class 'Lnok;' failed
I/dalvikvm( 3050): Failed resolving Lnok; interface 1015 'Landroid/view/Window$OnFrameMetricsAvailableListener;'
W/dalvikvm( 3050): Link of class 'Lnok;' failed
W/dalvikvm( 3050): VFY: unable to resolve instance field 27376
D/dalvikvm( 3050): VFY: replacing opcode 0x5c at 0x06cf
I/dalvikvm( 3050): Failed resolving Lnok; interface 1015 'Landroid/view/Window$OnFrameMetricsAvailableListener;'
W/dalvikvm( 3050): Link of class 'Lnok;' failed
I/dalvikvm( 3050): Failed resolving Lnok; interface 1015 'Landroid/view/Window$OnFrameMetricsAvailableListener;'
W/dalvikvm( 3050): Link of class 'Lnok;' failed
W/PrimesInit( 3050): Primes instant initialization
D/dalvikvm( 3050): GC_FOR_ALLOC freed 353K, 15% free 3152K/3692K, paused 2ms, total 2ms
I/GCoreUlr( 1786): WorldUpdater received intent Intent { act=com.google.android.location.reporting.ACTION_UPDATE_WORLD cmp=com.google.android.gms/com.google.android.location.reporting.service.DispatchingService (has extras) } with receiverAction com.google.gservices.intent.action.GSERVICES_CHANGED
I/dalvikvm( 3050): Could not find method android.app.AppOpsManager.permissionToOp, referenced from method rr.a
W/Primes  ( 3050): background initialization
W/dalvikvm( 3050): VFY: unable to resolve static method 2785: Landroid/app/AppOpsManager;.permissionToOp (Ljava/lang/String;)Ljava/lang/String;
D/dalvikvm( 3050): VFY: replacing opcode 0x71 at 0x000e
I/dalvikvm( 3050): Could not find method android.content.Context.getSystemService, referenced from method rr.a
W/dalvikvm( 3050): VFY: unable to resolve virtual method 3171: Landroid/content/Context;.getSystemService (Ljava/lang/Class;)Ljava/lang/Object;
D/dalvikvm( 3050): VFY: replacing opcode 0x6e at 0x002b
I/dalvikvm( 3050): Could not find method android.content.Context.getSystemService, referenced from method mry.a
W/dalvikvm( 3050): VFY: unable to resolve virtual method 3171: Landroid/content/Context;.getSystemService (Ljava/lang/Class;)Ljava/lang/Object;
D/dalvikvm( 3050): VFY: replacing opcode 0x6e at 0x001a
I/dalvikvm( 3050): Could not find method android.os.UserManager.isUserUnlocked, referenced from method mry.a
W/dalvikvm( 3050): VFY: unable to resolve virtual method 4621: Landroid/os/UserManager;.isUserUnlocked ()Z
D/dalvikvm( 3050): VFY: replacing opcode 0x6e at 0x0030
I/dalvikvm( 3050): Could not find method android.content.Context.isDeviceProtectedStorage, referenced from method mry.b
W/dalvikvm( 3050): VFY: unable to resolve virtual method 3177: Landroid/content/Context;.isDeviceProtectedStorage ()Z
D/dalvikvm( 3050): VFY: replacing opcode 0x6e at 0x0000
I/dalvikvm( 3050): Could not find method android.content.pm.PackageManager.getPackageInstaller, referenced from method gzw.a
W/dalvikvm( 3050): VFY: unable to resolve virtual method 3338: Landroid/content/pm/PackageManager;.getPackageInstaller ()Landroid/content/pm/PackageInstaller;
D/dalvikvm( 3050): VFY: replacing opcode 0x6e at 0x0024
D/dalvikvm( 1841): GC_EXPLICIT freed 279K, 20% free 6148K/7644K, paused 0ms+1ms, total 6ms
I/GAv4-SVC( 3050): Google Analytics 16.9.98 is starting up.
E/dalvikvm( 3050): Could not find class 'android.app.job.JobScheduler', referenced from method gss.e
W/dalvikvm( 3050): VFY: unable to resolve check-cast 443 (Landroid/app/job/JobScheduler;) in Lgss;
D/dalvikvm( 3050): VFY: replacing opcode 0x1f at 0x00d7
E/dalvikvm( 3050): Could not find class 'android.app.job.JobScheduler', referenced from method gss.b
W/dalvikvm( 3050): VFY: unable to resolve check-cast 443 (Landroid/app/job/JobScheduler;) in Lgss;
D/dalvikvm( 3050): VFY: replacing opcode 0x1f at 0x02b1
E/dalvikvm( 3050): Could not find class 'android.app.job.JobScheduler', referenced from method gss.b
W/dalvikvm( 3050): VFY: unable to resolve check-cast 443 (Landroid/app/job/JobScheduler;) in Lgss;
D/dalvikvm( 3050): VFY: replacing opcode 0x1f at 0x0672
E/dalvikvm( 3050): Could not find class 'android.app.job.JobScheduler', referenced from method gss.b
W/dalvikvm( 3050): VFY: unable to resolve check-cast 443 (Landroid/app/job/JobScheduler;) in Lgss;
D/dalvikvm( 3050): VFY: replacing opcode 0x1f at 0x0866
E/dalvikvm( 3050): Could not find class 'android.app.job.JobScheduler', referenced from method gss.b
W/dalvikvm( 3050): VFY: unable to resolve check-cast 443 (Landroid/app/job/JobScheduler;) in Lgss;
D/dalvikvm( 3050): VFY: replacing opcode 0x1f at 0x0906
E/dalvikvm( 3050): Could not find class 'android.app.job.JobScheduler', referenced from method gss.b
W/dalvikvm( 3050): VFY: unable to resolve check-cast 443 (Landroid/app/job/JobScheduler;) in Lgss;
D/dalvikvm( 3050): VFY: replacing opcode 0x1f at 0x095c
E/dalvikvm( 3050): Could not find class 'android.app.job.JobScheduler', referenced from method gss.b
W/dalvikvm( 3050): VFY: unable to resolve check-cast 443 (Landroid/app/job/JobScheduler;) in Lgss;
D/dalvikvm( 3050): VFY: replacing opcode 0x1f at 0x09fc
E/dalvikvm( 3050): Could not find class 'android.app.job.JobScheduler', referenced from method gss.b
W/dalvikvm( 3050): VFY: unable to resolve check-cast 443 (Landroid/app/job/JobScheduler;) in Lgss;
D/dalvikvm( 3050): VFY: replacing opcode 0x1f at 0x0a1e
E/dalvikvm( 3050): Could not find class 'android.app.job.JobScheduler', referenced from method gss.b
W/dalvikvm( 3050): VFY: unable to resolve check-cast 443 (Landroid/app/job/JobScheduler;) in Lgss;
D/dalvikvm( 3050): VFY: replacing opcode 0x1f at 0x0a40
E/dalvikvm( 3050): Could not find class 'android.app.job.JobScheduler', referenced from method gss.b
W/dalvikvm( 3050): VFY: unable to resolve check-cast 443 (Landroid/app/job/JobScheduler;) in Lgss;
D/dalvikvm( 3050): VFY: replacing opcode 0x1f at 0x0a62
E/dalvikvm( 3050): Could not find class 'android.app.job.JobScheduler', referenced from method gss.b
W/dalvikvm( 3050): VFY: unable to resolve check-cast 443 (Landroid/app/job/JobScheduler;) in Lgss;
D/dalvikvm( 3050): VFY: replacing opcode 0x1f at 0x0ae8
E/dalvikvm( 3050): Could not find class 'android.app.job.JobScheduler', referenced from method gss.b
W/dalvikvm( 3050): VFY: unable to resolve check-cast 443 (Landroid/app/job/JobScheduler;) in Lgss;
D/dalvikvm( 3050): VFY: replacing opcode 0x1f at 0x0b20
E/dalvikvm( 3050): Could not find class 'android.app.job.JobScheduler', referenced from method gss.c
W/dalvikvm( 3050): VFY: unable to resolve check-cast 443 (Landroid/app/job/JobScheduler;) in Lgss;
D/dalvikvm( 3050): VFY: replacing opcode 0x1f at 0x0077
E/dalvikvm( 3050): Could not find class 'android.app.job.JobScheduler', referenced from method gss.c
W/dalvikvm( 3050): VFY: unable to resolve check-cast 443 (Landroid/app/job/JobScheduler;) in Lgss;
D/dalvikvm( 3050): VFY: replacing opcode 0x1f at 0x012a
E/dalvikvm( 3050): Could not find class 'android.app.job.JobScheduler', referenced from method gss.c
W/dalvikvm( 3050): VFY: unable to resolve check-cast 443 (Landroid/app/job/JobScheduler;) in Lgss;
D/dalvikvm( 3050): VFY: replacing opcode 0x1f at 0x0327
I/GCoreUlr( 1786): WorldUpdater:com.google.gservices.intent.action.GSERVICES_CHANGED: Ensuring that reporting is stopped because of reasons: (no Google accounts)
E/dalvikvm( 3050): Could not find class 'android.app.job.JobScheduler', referenced from method gtk.u_
W/dalvikvm( 3050): VFY: unable to resolve check-cast 443 (Landroid/app/job/JobScheduler;) in Lgtk;
D/dalvikvm( 3050): VFY: replacing opcode 0x1f at 0x0080
I/PrimesTesting( 3050): GserviceFlagsSupplier.get()
D/dalvikvm( 2156): GC_EXPLICIT freed 439K, 22% free 11698K/14876K, paused 6ms+17ms, total 98ms
I/GCoreUlr( 1786): Unbound from all signal providers.
I/dalvikvm( 3050): Could not find method android.content.pm.PackageManager.isInstantApp, referenced from method hub.a
W/dalvikvm( 3050): VFY: unable to resolve virtual method 3345: Landroid/content/pm/PackageManager;.isInstantApp (Ljava/lang/String;)Z
D/dalvikvm( 3050): VFY: replacing opcode 0x6e at 0x0026
I/dalvikvm( 3050): Could not find method android.app.NotificationManager.getNotificationChannel, referenced from method gzd.a
W/dalvikvm( 3050): VFY: unable to resolve virtual method 2974: Landroid/app/NotificationManager;.getNotificationChannel (Ljava/lang/String;)Landroid/app/NotificationChannel;
D/dalvikvm( 3050): VFY: replacing opcode 0x6e at 0x00c5
D/dalvikvm( 3050): GC_FOR_ALLOC freed 399K, 16% free 3267K/3852K, paused 2ms, total 2ms
D/dalvikvm( 3050): DexOpt: unable to opt direct call 0x0b8a at 0xd2 in Lgzd;.a
E/dalvikvm( 3050): Could not find class 'com.google.common.flogger.backend.google.GooglePlatform', referenced from method plf.a
W/dalvikvm( 3050): VFY: unable to resolve const-class 3003 (Lcom/google/common/flogger/backend/google/GooglePlatform;) in Lplf;
D/dalvikvm( 3050): VFY: replacing opcode 0x1c at 0x0014
I/GCoreUlr( 1786): Unbound from all signal providers.
I/GCoreUlr( 1786): Stopping handler for UlrDispSvcFast
I/dalvikvm( 3050): Could not find method com.google.android.chimera.BoundService.getStartIntent, referenced from method hki.a
W/dalvikvm( 3050): VFY: unable to resolve static method 13682: Lcom/google/android/chimera/BoundService;.getStartIntent (Landroid/content/Context;Ljava/lang/String;)Landroid/content/Intent;
D/dalvikvm( 3050): VFY: replacing opcode 0x71 at 0x0024
E/GmsClient( 3050): unable to connect to service: com.google.android.gms.instantapps.START on com.google.android.gms
W/ActivityManager( 1570): Unable to start service Intent { act=com.google.android.gms.instantapps.START pkg=com.google.android.gms } U=0: not found
W/ActivityManager( 1570): Unbind failed: could not find connection for android.os.BinderProxy@9d151408
D/dalvikvm( 2156): GC_EXPLICIT freed 73K, 22% free 11650K/14876K, paused 0ms+1ms, total 35ms
I/dalvikvm( 3050): Could not find method android.content.Context.deleteSharedPreferences, referenced from method fya.c
W/dalvikvm( 3050): VFY: unable to resolve virtual method 3145: Landroid/content/Context;.deleteSharedPreferences (Ljava/lang/String;)Z
D/dalvikvm( 3050): VFY: replacing opcode 0x6e at 0x002a
I/dalvikvm( 3050): Could not find method java.util.Locale.toLanguageTag, referenced from method fvw.a
W/dalvikvm( 3050): VFY: unable to resolve virtual method 33842: Ljava/util/Locale;.toLanguageTag ()Ljava/lang/String;
D/dalvikvm( 3050): VFY: replacing opcode 0x6e at 0x000a
D/dalvikvm( 2156): GC_EXPLICIT freed 17K, 22% free 11639K/14876K, paused 1ms+2ms, total 14ms
D/dalvikvm( 3050): GC_FOR_ALLOC freed 341K, 14% free 3437K/3964K, paused 3ms, total 3ms
W/ComponentDiscovery( 3050): Application info not found.
W/ComponentDiscovery( 3050): Could not retrieve metadata, returning empty list of registrars.
I/dalvikvm( 3050): Could not find method android.content.Context.getDrawable, referenced from method rj.a
W/dalvikvm( 3050): VFY: unable to resolve virtual method 3157: Landroid/content/Context;.getDrawable (I)Landroid/graphics/drawable/Drawable;
D/dalvikvm( 3050): VFY: replacing opcode 0x6e at 0x0006
I/dalvikvm( 3050): Could not find method android.content.Context.getDataDir, referenced from method rj.a
