I/PackageManager( 1572): Adding preferred activity ComponentInfo{com.android.mms/com.android.mms.ui.ComposeMessageActivity} for user 0 :
I/PackageManager( 1572): Adding preferred activity ComponentInfo{com.android.mms/com.android.mms.ui.ComposeMessageActivity} for user 0 :
I/PackageManager( 1572): Adding preferred activity ComponentInfo{com.android.mms/com.android.mms.ui.ComposeMessageActivity} for user 0 :
I/PackageManager( 1572): Adding preferred activity ComponentInfo{com.android.mms/com.android.mms.ui.ComposeMessageActivity} for user 0 :
I/PackageManager( 1572): Adding preferred activity ComponentInfo{com.android.mms/com.android.mms.ui.ComposeMessageActivity} for user 0 :
I/PackageManager( 1572): Adding preferred activity ComponentInfo{com.android.mms/com.android.mms.ui.ComposeMessageActivity} for user 0 :
I/PackageManager( 1572): Adding preferred activity ComponentInfo{com.android.mms/com.android.mms.ui.ComposeMessageActivity} for user 0 :
W/ContextImpl( 3391): Calling a method in the system process without a qualified user: android.app.ContextImpl.startService:1479 android.content.ContextWrapper.startService:494 android.content.ContextWrapper.startService:494 com.android.keychain.KeyChainBroadcastReceiver.onReceive:12 android.app.ActivityThread.handleReceiver:2419 
I/ActivityManager( 1572): Force stopping it.unina.android.ripper appid=10081 user=0: clear data
I/ActivityManager( 1572): Force stopping it.unina.android.ripper appid=10081 user=-1: uninstall pkg
W/PackageManager( 1572): Couldn't delete native library directory /data/app-lib/it.unina.android.ripper
I/ActivityManager( 1572): Force stopping it.unina.android.ripper appid=10081 user=0: pkg removed
D/BackupManagerService( 1572): Received broadcast Intent { act=android.intent.action.PACKAGE_REMOVED dat=package:it.unina.android.ripper flg=0x4000010 (has extras) }
V/BackupManagerService( 1572): removePackageParticipantsLocked: uid=10081 #1
I/PackageManager( 1572): Adding preferred activity ComponentInfo{com.android.mms/com.android.mms.ui.ComposeMessageActivity} for user 0 :
I/PackageManager( 1572): Adding preferred activity ComponentInfo{com.android.mms/com.android.mms.ui.ComposeMessageActivity} for user 0 :
I/PackageManager( 1572): Adding preferred activity ComponentInfo{com.android.mms/com.android.mms.ui.ComposeMessageActivity} for user 0 :
I/PackageManager( 1572): Adding preferred activity ComponentInfo{com.android.mms/com.android.mms.ui.ComposeMessageActivity} for user 0 :
I/PackageManager( 1572): Adding preferred activity ComponentInfo{com.android.mms/com.android.mms.ui.ComposeMessageActivity} for user 0 :
I/PackageManager( 1572): Adding preferred activity ComponentInfo{com.android.mms/com.android.mms.ui.ComposeMessageActivity} for user 0 :
I/PackageManager( 1572): Adding preferred activity ComponentInfo{com.android.mms/com.android.mms.ui.ComposeMessageActivity} for user 0 :
I/PackageManager( 1572): Adding preferred activity ComponentInfo{com.android.mms/com.android.mms.ui.ComposeMessageActivity} for user 0 :
W/ContextImpl( 3391): Calling a method in the system process without a qualified user: android.app.ContextImpl.startService:1479 android.content.ContextWrapper.startService:494 android.content.ContextWrapper.startService:494 com.android.keychain.KeyChainBroadcastReceiver.onReceive:12 android.app.ActivityThread.handleReceiver:2419 
W/ActivityManager( 1572): No content provider found for permission revoke: file:///sdcard/aut.apk
W/ActivityManager( 1572): No content provider found for permission revoke: file:///sdcard/aut.apk
I/PackageManager( 1572): Copying native libraries to /data/app-lib/vmdl-936744127
I/ActivityManager( 1572): Force stopping ch.hgdev.toposuite appid=10082 user=-1: update pkg
I/PackageManager( 1572): Adding preferred activity ComponentInfo{com.android.mms/com.android.mms.ui.ComposeMessageActivity} for user 0 :
I/PackageManager( 1572): Adding preferred activity ComponentInfo{com.android.mms/com.android.mms.ui.ComposeMessageActivity} for user 0 :
D/BackupManagerService( 1572): Received broadcast Intent { act=android.intent.action.PACKAGE_ADDED dat=package:ch.hgdev.toposuite flg=0x4000010 (has extras) }
V/BackupManagerService( 1572): addPackageParticipantsLocked: #1
I/PackageManager( 1572): Adding preferred activity ComponentInfo{com.android.mms/com.android.mms.ui.ComposeMessageActivity} for user 0 :
I/PackageManager( 1572): Adding preferred activity ComponentInfo{com.android.mms/com.android.mms.ui.ComposeMessageActivity} for user 0 :
I/PackageManager( 1572): Adding preferred activity ComponentInfo{com.android.mms/com.android.mms.ui.ComposeMessageActivity} for user 0 :
I/PackageManager( 1572): Adding preferred activity ComponentInfo{com.android.mms/com.android.mms.ui.ComposeMessageActivity} for user 0 :
I/PackageManager( 1572): Adding preferred activity ComponentInfo{com.android.mms/com.android.mms.ui.ComposeMessageActivity} for user 0 :
I/PackageManager( 1572): Adding preferred activity ComponentInfo{com.android.mms/com.android.mms.ui.ComposeMessageActivity} for user 0 :
W/ActivityManager( 1572): Unable to start service Intent { act=com.google.android.gms.auth.key.retrieval.service.START pkg=com.google.android.gms } U=0: not found
W/ActivityManager( 1572): Unbind failed: could not find connection for android.os.BinderProxy@9d8140d0
W/ActivityManager( 1572): No content provider found for permission revoke: file:///sdcard/ripper.apk
W/ActivityManager( 1572): No content provider found for permission revoke: file:///sdcard/ripper.apk
I/PackageManager( 1572): Copying native libraries to /data/app-lib/vmdl682372670
I/PackageParser( 1572): it.unina.android.ripper: compat added android.permission.WRITE_EXTERNAL_STORAGE android.permission.READ_PHONE_STATE
I/ActivityManager( 1572): Force stopping it.unina.android.ripper appid=10083 user=-1: update pkg
I/PackageManager( 1572): Adding preferred activity ComponentInfo{com.android.mms/com.android.mms.ui.ComposeMessageActivity} for user 0 :
D/BackupManagerService( 1572): Received broadcast Intent { act=android.intent.action.PACKAGE_ADDED dat=package:it.unina.android.ripper flg=0x4000010 (has extras) }
I/PackageManager( 1572): Adding preferred activity ComponentInfo{com.android.mms/com.android.mms.ui.ComposeMessageActivity} for user 0 :
V/BackupManagerService( 1572): addPackageParticipantsLocked: #1
I/PackageManager( 1572): Adding preferred activity ComponentInfo{com.android.mms/com.android.mms.ui.ComposeMessageActivity} for user 0 :
I/PackageManager( 1572): Adding preferred activity ComponentInfo{com.android.mms/com.android.mms.ui.ComposeMessageActivity} for user 0 :
I/PackageManager( 1572): Adding preferred activity ComponentInfo{com.android.mms/com.android.mms.ui.ComposeMessageActivity} for user 0 :
I/PackageManager( 1572): Adding preferred activity ComponentInfo{com.android.mms/com.android.mms.ui.ComposeMessageActivity} for user 0 :
I/PackageManager( 1572): Adding preferred activity ComponentInfo{com.android.mms/com.android.mms.ui.ComposeMessageActivity} for user 0 :
I/PackageManager( 1572): Adding preferred activity ComponentInfo{com.android.mms/com.android.mms.ui.ComposeMessageActivity} for user 0 :
I/ActivityManager( 1572): Force stopping ch.hgdev.toposuite appid=10082 user=0: start instr
I/ActivityManager( 1572): Start proc ch.hgdev.toposuite for added application ch.hgdev.toposuite: pid=7050 uid=10082 gids={50082, 1028, 1015}
I/ActivityManager( 1572): START u0 {act=android.intent.action.MAIN flg=0x10000000 cmp=ch.hgdev.toposuite/.entry.MainActivity} from pid 7050
I/ActivityManager( 1572): Force stopping ch.hgdev.toposuite appid=10082 user=0: clear data
I/ActivityManager( 1572): Killing 7050:ch.hgdev.toposuite/u0a82 (adj 0): stop ch.hgdev.toposuite
W/ActivityManager( 1572): Force removing ActivityRecord{9d4d1520 u0 ch.hgdev.toposuite/.entry.MainActivity t16}: app died, no saved state
W/ActivityManager( 1572): Crash of app ch.hgdev.toposuite running instrumentation ComponentInfo{it.unina.android.ripper/android.test.InstrumentationTestRunner}
I/WindowState( 1572): WIN DEATH: Window{9d1c8850 u0 ch.hgdev.toposuite/ch.hgdev.toposuite.entry.MainActivity}
I/ActivityManager( 1572): Force stopping ch.hgdev.toposuite appid=10082 user=0: finished inst
W/InputMethodManagerService( 1572): Got RemoteException sending setActive(false) notification to pid 7050 uid 10082
I/ActivityManager( 1572): Force stopping ch.hgdev.toposuite appid=10082 user=-1: uninstall pkg
W/PackageManager( 1572): Couldn't delete native library directory /data/app-lib/ch.hgdev.toposuite
I/ActivityManager( 1572): Force stopping ch.hgdev.toposuite appid=10082 user=0: pkg removed
D/BackupManagerService( 1572): Received broadcast Intent { act=android.intent.action.PACKAGE_REMOVED dat=package:ch.hgdev.toposuite flg=0x4000010 (has extras) }
V/BackupManagerService( 1572): removePackageParticipantsLocked: uid=10082 #1
I/PackageManager( 1572): Adding preferred activity ComponentInfo{com.android.mms/com.android.mms.ui.ComposeMessageActivity} for user 0 :
I/PackageManager( 1572): Adding preferred activity ComponentInfo{com.android.mms/com.android.mms.ui.ComposeMessageActivity} for user 0 :
I/PackageManager( 1572): Adding preferred activity ComponentInfo{com.android.mms/com.android.mms.ui.ComposeMessageActivity} for user 0 :
I/PackageManager( 1572): Adding preferred activity ComponentInfo{com.android.mms/com.android.mms.ui.ComposeMessageActivity} for user 0 :
I/PackageManager( 1572): Adding preferred activity ComponentInfo{com.android.mms/com.android.mms.ui.ComposeMessageActivity} for user 0 :
I/PackageManager( 1572): Adding preferred activity ComponentInfo{com.android.mms/com.android.mms.ui.ComposeMessageActivity} for user 0 :
I/PackageManager( 1572): Adding preferred activity ComponentInfo{com.android.mms/com.android.mms.ui.ComposeMessageActivity} for user 0 :
I/PackageManager( 1572): Adding preferred activity ComponentInfo{com.android.mms/com.android.mms.ui.ComposeMessageActivity} for user 0 :
W/ContextImpl( 3391): Calling a method in the system process without a qualified user: android.app.ContextImpl.startService:1479 android.content.ContextWrapper.startService:494 android.content.ContextWrapper.startService:494 com.android.keychain.KeyChainBroadcastReceiver.onReceive:12 android.app.ActivityThread.handleReceiver:2419 
I/ActivityManager( 1572): Force stopping it.unina.android.ripper appid=10083 user=0: clear data
I/ActivityManager( 1572): Force stopping it.unina.android.ripper appid=10083 user=-1: uninstall pkg
W/PackageManager( 1572): Couldn't delete native library directory /data/app-lib/it.unina.android.ripper
I/ActivityManager( 1572): Force stopping it.unina.android.ripper appid=10083 user=0: pkg removed
I/PackageManager( 1572): Adding preferred activity ComponentInfo{com.android.mms/com.android.mms.ui.ComposeMessageActivity} for user 0 :
D/BackupManagerService( 1572): Received broadcast Intent { act=android.intent.action.PACKAGE_REMOVED dat=package:it.unina.android.ripper flg=0x4000010 (has extras) }
V/BackupManagerService( 1572): removePackageParticipantsLocked: uid=10083 #1
I/PackageManager( 1572): Adding preferred activity ComponentInfo{com.android.mms/com.android.mms.ui.ComposeMessageActivity} for user 0 :
I/PackageManager( 1572): Adding preferred activity ComponentInfo{com.android.mms/com.android.mms.ui.ComposeMessageActivity} for user 0 :
I/PackageManager( 1572): Adding preferred activity ComponentInfo{com.android.mms/com.android.mms.ui.ComposeMessageActivity} for user 0 :
I/PackageManager( 1572): Adding preferred activity ComponentInfo{com.android.mms/com.android.mms.ui.ComposeMessageActivity} for user 0 :
I/PackageManager( 1572): Adding preferred activity ComponentInfo{com.android.mms/com.android.mms.ui.ComposeMessageActivity} for user 0 :
I/PackageManager( 1572): Adding preferred activity ComponentInfo{com.android.mms/com.android.mms.ui.ComposeMessageActivity} for user 0 :
I/PackageManager( 1572): Adding preferred activity ComponentInfo{com.android.mms/com.android.mms.ui.ComposeMessageActivity} for user 0 :
W/ContextImpl( 3391): Calling a method in the system process without a qualified user: android.app.ContextImpl.startService:1479 android.content.ContextWrapper.startService:494 android.content.ContextWrapper.startService:494 com.android.keychain.KeyChainBroadcastReceiver.onReceive:12 android.app.ActivityThread.handleReceiver:2419 
W/ActivityManager( 1572): No content provider found for permission revoke: file:///sdcard/aut.apk
W/ActivityManager( 1572): No content provider found for permission revoke: file:///sdcard/aut.apk
I/PackageManager( 1572): Copying native libraries to /data/app-lib/vmdl1604173379
I/ActivityManager( 1572): Force stopping ch.hgdev.toposuite appid=10084 user=-1: update pkg
I/PackageManager( 1572): Adding preferred activity ComponentInfo{com.android.mms/com.android.mms.ui.ComposeMessageActivity} for user 0 :
D/BackupManagerService( 1572): Received broadcast Intent { act=android.intent.action.PACKAGE_ADDED dat=package:ch.hgdev.toposuite flg=0x4000010 (has extras) }
V/BackupManagerService( 1572): addPackageParticipantsLocked: #1
I/PackageManager( 1572): Adding preferred activity ComponentInfo{com.android.mms/com.android.mms.ui.ComposeMessageActivity} for user 0 :
I/PackageManager( 1572): Adding preferred activity ComponentInfo{com.android.mms/com.android.mms.ui.ComposeMessageActivity} for user 0 :
I/PackageManager( 1572): Adding preferred activity ComponentInfo{com.android.mms/com.android.mms.ui.ComposeMessageActivity} for user 0 :
I/PackageManager( 1572): Adding preferred activity ComponentInfo{com.android.mms/com.android.mms.ui.ComposeMessageActivity} for user 0 :
W/ActivityManager( 1572): Unable to start service Intent { act=com.google.android.gms.auth.key.retrieval.service.START pkg=com.google.android.gms } U=0: not found
W/ActivityManager( 1572): Unbind failed: could not find connection for android.os.BinderProxy@9d552bd8
I/PackageManager( 1572): Adding preferred activity ComponentInfo{com.android.mms/com.android.mms.ui.ComposeMessageActivity} for user 0 :
I/PackageManager( 1572): Adding preferred activity ComponentInfo{com.android.mms/com.android.mms.ui.ComposeMessageActivity} for user 0 :
I/PackageManager( 1572): Adding preferred activity ComponentInfo{com.android.mms/com.android.mms.ui.ComposeMessageActivity} for user 0 :
W/ActivityManager( 1572): No content provider found for permission revoke: file:///sdcard/ripper.apk
W/ActivityManager( 1572): No content provider found for permission revoke: file:///sdcard/ripper.apk
I/PackageManager( 1572): Copying native libraries to /data/app-lib/vmdl-74353180
I/PackageParser( 1572): it.unina.android.ripper: compat added android.permission.WRITE_EXTERNAL_STORAGE android.permission.READ_PHONE_STATE
I/ActivityManager( 1572): Force stopping it.unina.android.ripper appid=10085 user=-1: update pkg
I/PackageManager( 1572): Adding preferred activity ComponentInfo{com.android.mms/com.android.mms.ui.ComposeMessageActivity} for user 0 :
I/PackageManager( 1572): Adding preferred activity ComponentInfo{com.android.mms/com.android.mms.ui.ComposeMessageActivity} for user 0 :
I/PackageManager( 1572): Adding preferred activity ComponentInfo{com.android.mms/com.android.mms.ui.ComposeMessageActivity} for user 0 :
I/PackageManager( 1572): Adding preferred activity ComponentInfo{com.android.mms/com.android.mms.ui.ComposeMessageActivity} for user 0 :
D/BackupManagerService( 1572): Received broadcast Intent { act=android.intent.action.PACKAGE_ADDED dat=package:it.unina.android.ripper flg=0x4000010 (has extras) }
V/BackupManagerService( 1572): addPackageParticipantsLocked: #1
I/PackageManager( 1572): Adding preferred activity ComponentInfo{com.android.mms/com.android.mms.ui.ComposeMessageActivity} for user 0 :
I/PackageManager( 1572): Adding preferred activity ComponentInfo{com.android.mms/com.android.mms.ui.ComposeMessageActivity} for user 0 :
I/PackageManager( 1572): Adding preferred activity ComponentInfo{com.android.mms/com.android.mms.ui.ComposeMessageActivity} for user 0 :
I/PackageManager( 1572): Adding preferred activity ComponentInfo{com.android.mms/com.android.mms.ui.ComposeMessageActivity} for user 0 :
I/ActivityManager( 1572): Force stopping ch.hgdev.toposuite appid=10084 user=0: start instr
I/ActivityManager( 1572): Start proc ch.hgdev.toposuite for added application ch.hgdev.toposuite: pid=7381 uid=10084 gids={50084, 1028, 1015}
I/ActivityManager( 1572): START u0 {act=android.intent.action.MAIN flg=0x10000000 cmp=ch.hgdev.toposuite/.entry.MainActivity} from pid 7381
W/InputMethodManagerService( 1572): Starting input on non-focused client com.android.internal.view.IInputMethodClient$Stub$Proxy@9d28cb70 (uid=10009 pid=1953)
I/ActivityManager( 1572): Force stopping ch.hgdev.toposuite appid=10084 user=0: clear data
I/ActivityManager( 1572): Killing 7381:ch.hgdev.toposuite/u0a84 (adj 0): stop ch.hgdev.toposuite
W/ActivityManager( 1572): Crash of app ch.hgdev.toposuite running instrumentation ComponentInfo{it.unina.android.ripper/android.test.InstrumentationTestRunner}
I/WindowState( 1572): WIN DEATH: Window{9d4647b8 u0 ch.hgdev.toposuite/ch.hgdev.toposuite.entry.MainActivity}
I/ActivityManager( 1572): Force stopping ch.hgdev.toposuite appid=10084 user=0: finished inst
I/ActivityManager( 1572): Force stopping ch.hgdev.toposuite appid=10084 user=-1: uninstall pkg
W/PackageManager( 1572): Couldn't delete native library directory /data/app-lib/ch.hgdev.toposuite
I/ActivityManager( 1572): Force stopping ch.hgdev.toposuite appid=10084 user=0: pkg removed
I/PackageManager( 1572): Adding preferred activity ComponentInfo{com.android.mms/com.android.mms.ui.ComposeMessageActivity} for user 0 :
I/PackageManager( 1572): Adding preferred activity ComponentInfo{com.android.mms/com.android.mms.ui.ComposeMessageActivity} for user 0 :
I/PackageManager( 1572): Adding preferred activity ComponentInfo{com.android.mms/com.android.mms.ui.ComposeMessageActivity} for user 0 :
D/BackupManagerService( 1572): Received broadcast Intent { act=android.intent.action.PACKAGE_REMOVED dat=package:ch.hgdev.toposuite flg=0x4000010 (has extras) }
V/BackupManagerService( 1572): removePackageParticipantsLocked: uid=10084 #1
I/PackageManager( 1572): Adding preferred activity ComponentInfo{com.android.mms/com.android.mms.ui.ComposeMessageActivity} for user 0 :
I/PackageManager( 1572): Adding preferred activity ComponentInfo{com.android.mms/com.android.mms.ui.ComposeMessageActivity} for user 0 :
I/PackageManager( 1572): Adding preferred activity ComponentInfo{com.android.mms/com.android.mms.ui.ComposeMessageActivity} for user 0 :
I/PackageManager( 1572): Adding preferred activity ComponentInfo{com.android.mms/com.android.mms.ui.ComposeMessageActivity} for user 0 :
I/PackageManager( 1572): Adding preferred activity ComponentInfo{com.android.mms/com.android.mms.ui.ComposeMessageActivity} for user 0 :
I/ActivityManager( 1572): Delay finish: com.google.android.googlequicksearchbox/com.google.android.searchcommon.summons.icing.InternalIcingCorporaProvider$CorporaChangedReceiver
I/ActivityManager( 1572): Force stopping it.unina.android.ripper appid=10085 user=0: clear data
I/ActivityManager( 1572): Resuming delayed broadcast
W/ContextImpl( 3391): Calling a method in the system process without a qualified user: android.app.ContextImpl.startService:1479 android.content.ContextWrapper.startService:494 android.content.ContextWrapper.startService:494 com.android.keychain.KeyChainBroadcastReceiver.onReceive:12 android.app.ActivityThread.handleReceiver:2419 
I/ActivityManager( 1572): Delay finish: com.android.keychain/.KeyChainBroadcastReceiver
I/ActivityManager( 1572): Resuming delayed broadcast
I/ActivityManager( 1572): Force stopping it.unina.android.ripper appid=10085 user=-1: uninstall pkg
W/PackageManager( 1572): Couldn't delete native library directory /data/app-lib/it.unina.android.ripper
I/ActivityManager( 1572): Force stopping it.unina.android.ripper appid=10085 user=0: pkg removed
D/BackupManagerService( 1572): Received broadcast Intent { act=android.intent.action.PACKAGE_REMOVED dat=package:it.unina.android.ripper flg=0x4000010 (has extras) }
V/BackupManagerService( 1572): removePackageParticipantsLocked: uid=10085 #1
I/PackageManager( 1572): Adding preferred activity ComponentInfo{com.android.mms/com.android.mms.ui.ComposeMessageActivity} for user 0 :
I/PackageManager( 1572): Adding preferred activity ComponentInfo{com.android.mms/com.android.mms.ui.ComposeMessageActivity} for user 0 :
I/PackageManager( 1572): Adding preferred activity ComponentInfo{com.android.mms/com.android.mms.ui.ComposeMessageActivity} for user 0 :
I/PackageManager( 1572): Adding preferred activity ComponentInfo{com.android.mms/com.android.mms.ui.ComposeMessageActivity} for user 0 :
I/PackageManager( 1572): Adding preferred activity ComponentInfo{com.android.mms/com.android.mms.ui.ComposeMessageActivity} for user 0 :
I/PackageManager( 1572): Adding preferred activity ComponentInfo{com.android.mms/com.android.mms.ui.ComposeMessageActivity} for user 0 :
I/PackageManager( 1572): Adding preferred activity ComponentInfo{com.android.mms/com.android.mms.ui.ComposeMessageActivity} for user 0 :
I/PackageManager( 1572): Adding preferred activity ComponentInfo{com.android.mms/com.android.mms.ui.ComposeMessageActivity} for user 0 :
W/ContextImpl( 3391): Calling a method in the system process without a qualified user: android.app.ContextImpl.startService:1479 android.content.ContextWrapper.startService:494 android.content.ContextWrapper.startService:494 com.android.keychain.KeyChainBroadcastReceiver.onReceive:12 android.app.ActivityThread.handleReceiver:2419 
I/ActivityManager( 1572): Delay finish: com.android.keychain/.KeyChainBroadcastReceiver
I/ActivityManager( 1572): Resuming delayed broadcast
W/ActivityManager( 1572): No content provider found for permission revoke: file:///sdcard/aut.apk
W/ActivityManager( 1572): No content provider found for permission revoke: file:///sdcard/aut.apk
I/PackageManager( 1572): Copying native libraries to /data/app-lib/vmdl-1027126531
I/ActivityManager( 1572): Force stopping ch.hgdev.toposuite appid=10086 user=-1: update pkg
I/PackageManager( 1572): Adding preferred activity ComponentInfo{com.android.mms/com.android.mms.ui.ComposeMessageActivity} for user 0 :
I/PackageManager( 1572): Adding preferred activity ComponentInfo{com.android.mms/com.android.mms.ui.ComposeMessageActivity} for user 0 :
D/BackupManagerService( 1572): Received broadcast Intent { act=android.intent.action.PACKAGE_ADDED dat=package:ch.hgdev.toposuite flg=0x4000010 (has extras) }
V/BackupManagerService( 1572): addPackageParticipantsLocked: #1
I/PackageManager( 1572): Adding preferred activity ComponentInfo{com.android.mms/com.android.mms.ui.ComposeMessageActivity} for user 0 :
I/PackageManager( 1572): Adding preferred activity ComponentInfo{com.android.mms/com.android.mms.ui.ComposeMessageActivity} for user 0 :
I/PackageManager( 1572): Adding preferred activity ComponentInfo{com.android.mms/com.android.mms.ui.ComposeMessageActivity} for user 0 :
I/PackageManager( 1572): Adding preferred activity ComponentInfo{com.android.mms/com.android.mms.ui.ComposeMessageActivity} for user 0 :
I/PackageManager( 1572): Adding preferred activity ComponentInfo{com.android.mms/com.android.mms.ui.ComposeMessageActivity} for user 0 :
I/PackageManager( 1572): Adding preferred activity ComponentInfo{com.android.mms/com.android.mms.ui.ComposeMessageActivity} for user 0 :
W/ActivityManager( 1572): Unable to start service Intent { act=com.google.android.gms.auth.key.retrieval.service.START pkg=com.google.android.gms } U=0: not found
W/ActivityManager( 1572): Unbind failed: could not find connection for android.os.BinderProxy@9d428240
W/ActivityManager( 1572): No content provider found for permission revoke: file:///sdcard/ripper.apk
W/ActivityManager( 1572): No content provider found for permission revoke: file:///sdcard/ripper.apk
I/PackageManager( 1572): Copying native libraries to /data/app-lib/vmdl1143641544
I/PackageParser( 1572): it.unina.android.ripper: compat added android.permission.WRITE_EXTERNAL_STORAGE android.permission.READ_PHONE_STATE
I/ActivityManager( 1572): Force stopping it.unina.android.ripper appid=10087 user=-1: update pkg
I/PackageManager( 1572): Adding preferred activity ComponentInfo{com.android.mms/com.android.mms.ui.ComposeMessageActivity} for user 0 :
D/BackupManagerService( 1572): Received broadcast Intent { act=android.intent.action.PACKAGE_ADDED dat=package:it.unina.android.ripper flg=0x4000010 (has extras) }
I/PackageManager( 1572): Adding preferred activity ComponentInfo{com.android.mms/com.android.mms.ui.ComposeMessageActivity} for user 0 :
V/BackupManagerService( 1572): addPackageParticipantsLocked: #1
I/PackageManager( 1572): Adding preferred activity ComponentInfo{com.android.mms/com.android.mms.ui.ComposeMessageActivity} for user 0 :
I/PackageManager( 1572): Adding preferred activity ComponentInfo{com.android.mms/com.android.mms.ui.ComposeMessageActivity} for user 0 :
I/PackageManager( 1572): Adding preferred activity ComponentInfo{com.android.mms/com.android.mms.ui.ComposeMessageActivity} for user 0 :
I/PackageManager( 1572): Adding preferred activity ComponentInfo{com.android.mms/com.android.mms.ui.ComposeMessageActivity} for user 0 :
I/PackageManager( 1572): Adding preferred activity ComponentInfo{com.android.mms/com.android.mms.ui.ComposeMessageActivity} for user 0 :
I/PackageManager( 1572): Adding preferred activity ComponentInfo{com.android.mms/com.android.mms.ui.ComposeMessageActivity} for user 0 :
I/ActivityManager( 1572): Force stopping ch.hgdev.toposuite appid=10086 user=0: start instr
I/ActivityManager( 1572): Start proc ch.hgdev.toposuite for added application ch.hgdev.toposuite: pid=7616 uid=10086 gids={50086, 1028, 1015}
I/ActivityManager( 1572): START u0 {act=android.intent.action.MAIN flg=0x10000000 cmp=ch.hgdev.toposuite/.entry.MainActivity} from pid 7616
I/ActivityManager( 1572): Force stopping ch.hgdev.toposuite appid=10086 user=0: clear data
I/ActivityManager( 1572): Killing 7616:ch.hgdev.toposuite/u0a86 (adj 0): stop ch.hgdev.toposuite
W/ActivityManager( 1572): Force removing ActivityRecord{9d53bf20 u0 ch.hgdev.toposuite/.entry.MainActivity t18}: app died, no saved state
W/ActivityManager( 1572): Crash of app ch.hgdev.toposuite running instrumentation ComponentInfo{it.unina.android.ripper/android.test.InstrumentationTestRunner}
I/ActivityManager( 1572): Force stopping ch.hgdev.toposuite appid=10086 user=0: finished inst
I/WindowState( 1572): WIN DEATH: Window{9d3446c0 u0 ch.hgdev.toposuite/ch.hgdev.toposuite.entry.MainActivity}
W/InputMethodManagerService( 1572): Got RemoteException sending setActive(false) notification to pid 7616 uid 10086
I/ActivityManager( 1572): Force stopping ch.hgdev.toposuite appid=10086 user=-1: uninstall pkg
W/PackageManager( 1572): Couldn't delete native library directory /data/app-lib/ch.hgdev.toposuite
I/ActivityManager( 1572): Force stopping ch.hgdev.toposuite appid=10086 user=0: pkg removed
I/PackageManager( 1572): Adding preferred activity ComponentInfo{com.android.mms/com.android.mms.ui.ComposeMessageActivity} for user 0 :
D/BackupManagerService( 1572): Received broadcast Intent { act=android.intent.action.PACKAGE_REMOVED dat=package:ch.hgdev.toposuite flg=0x4000010 (has extras) }
V/BackupManagerService( 1572): removePackageParticipantsLocked: uid=10086 #1
I/PackageManager( 1572): Adding preferred activity ComponentInfo{com.android.mms/com.android.mms.ui.ComposeMessageActivity} for user 0 :
I/PackageManager( 1572): Adding preferred activity ComponentInfo{com.android.mms/com.android.mms.ui.ComposeMessageActivity} for user 0 :
I/PackageManager( 1572): Adding preferred activity ComponentInfo{com.android.mms/com.android.mms.ui.ComposeMessageActivity} for user 0 :
I/PackageManager( 1572): Adding preferred activity ComponentInfo{com.android.mms/com.android.mms.ui.ComposeMessageActivity} for user 0 :
I/PackageManager( 1572): Adding preferred activity ComponentInfo{com.android.mms/com.android.mms.ui.ComposeMessageActivity} for user 0 :
I/PackageManager( 1572): Adding preferred activity ComponentInfo{com.android.mms/com.android.mms.ui.ComposeMessageActivity} for user 0 :
I/PackageManager( 1572): Adding preferred activity ComponentInfo{com.android.mms/com.android.mms.ui.ComposeMessageActivity} for user 0 :
W/ContextImpl( 3391): Calling a method in the system process without a qualified user: android.app.ContextImpl.startService:1479 android.content.ContextWrapper.startService:494 android.content.ContextWrapper.startService:494 com.android.keychain.KeyChainBroadcastReceiver.onReceive:12 android.app.ActivityThread.handleReceiver:2419 
I/ActivityManager( 1572): Force stopping it.unina.android.ripper appid=10087 user=0: clear data
I/ActivityManager( 1572): Force stopping it.unina.android.ripper appid=10087 user=-1: uninstall pkg
W/PackageManager( 1572): Couldn't delete native library directory /data/app-lib/it.unina.android.ripper
I/ActivityManager( 1572): Force stopping it.unina.android.ripper appid=10087 user=0: pkg removed
I/PackageManager( 1572): Adding preferred activity ComponentInfo{com.android.mms/com.android.mms.ui.ComposeMessageActivity} for user 0 :
I/PackageManager( 1572): Adding preferred activity ComponentInfo{com.android.mms/com.android.mms.ui.ComposeMessageActivity} for user 0 :
D/BackupManagerService( 1572): Received broadcast Intent { act=android.intent.action.PACKAGE_REMOVED dat=package:it.unina.android.ripper flg=0x4000010 (has extras) }
V/BackupManagerService( 1572): removePackageParticipantsLocked: uid=10087 #1
I/PackageManager( 1572): Adding preferred activity ComponentInfo{com.android.mms/com.android.mms.ui.ComposeMessageActivity} for user 0 :
I/PackageManager( 1572): Adding preferred activity ComponentInfo{com.android.mms/com.android.mms.ui.ComposeMessageActivity} for user 0 :
I/PackageManager( 1572): Adding preferred activity ComponentInfo{com.android.mms/com.android.mms.ui.ComposeMessageActivity} for user 0 :
I/PackageManager( 1572): Adding preferred activity ComponentInfo{com.android.mms/com.android.mms.ui.ComposeMessageActivity} for user 0 :
I/PackageManager( 1572): Adding preferred activity ComponentInfo{com.android.mms/com.android.mms.ui.ComposeMessageActivity} for user 0 :
I/PackageManager( 1572): Adding preferred activity ComponentInfo{com.android.mms/com.android.mms.ui.ComposeMessageActivity} for user 0 :
W/ContextImpl( 3391): Calling a method in the system process without a qualified user: android.app.ContextImpl.startService:1479 android.content.ContextWrapper.startService:494 android.content.ContextWrapper.startService:494 com.android.keychain.KeyChainBroadcastReceiver.onReceive:12 android.app.ActivityThread.handleReceiver:2419 
W/ActivityManager( 1572): No content provider found for permission revoke: file:///sdcard/aut.apk
W/ActivityManager( 1572): No content provider found for permission revoke: file:///sdcard/aut.apk
I/PackageManager( 1572): Copying native libraries to /data/app-lib/vmdl38593640
I/ActivityManager( 1572): Force stopping ch.hgdev.toposuite appid=10088 user=-1: update pkg
I/PackageManager( 1572): Adding preferred activity ComponentInfo{com.android.mms/com.android.mms.ui.ComposeMessageActivity} for user 0 :
I/PackageManager( 1572): Adding preferred activity ComponentInfo{com.android.mms/com.android.mms.ui.ComposeMessageActivity} for user 0 :
I/PackageManager( 1572): Adding preferred activity ComponentInfo{com.android.mms/com.android.mms.ui.ComposeMessageActivity} for user 0 :
D/BackupManagerService( 1572): Received broadcast Intent { act=android.intent.action.PACKAGE_ADDED dat=package:ch.hgdev.toposuite flg=0x4000010 (has extras) }
V/BackupManagerService( 1572): addPackageParticipantsLocked: #1
I/PackageManager( 1572): Adding preferred activity ComponentInfo{com.android.mms/com.android.mms.ui.ComposeMessageActivity} for user 0 :
W/ActivityManager( 1572): Unable to start service Intent { act=com.google.android.gms.auth.key.retrieval.service.START pkg=com.google.android.gms } U=0: not found
W/ActivityManager( 1572): Unbind failed: could not find connection for android.os.BinderProxy@9d0a0b58
I/PackageManager( 1572): Adding preferred activity ComponentInfo{com.android.mms/com.android.mms.ui.ComposeMessageActivity} for user 0 :
I/PackageManager( 1572): Adding preferred activity ComponentInfo{com.android.mms/com.android.mms.ui.ComposeMessageActivity} for user 0 :
I/PackageManager( 1572): Adding preferred activity ComponentInfo{com.android.mms/com.android.mms.ui.ComposeMessageActivity} for user 0 :
I/PackageManager( 1572): Adding preferred activity ComponentInfo{com.android.mms/com.android.mms.ui.ComposeMessageActivity} for user 0 :
W/ActivityManager( 1572): No content provider found for permission revoke: file:///sdcard/ripper.apk
W/ActivityManager( 1572): No content provider found for permission revoke: file:///sdcard/ripper.apk
I/PackageManager( 1572): Copying native libraries to /data/app-lib/vmdl1600206246
I/PackageParser( 1572): it.unina.android.ripper: compat added android.permission.WRITE_EXTERNAL_STORAGE android.permission.READ_PHONE_STATE
I/ActivityManager( 1572): Force stopping it.unina.android.ripper appid=10089 user=-1: update pkg
I/PackageManager( 1572): Adding preferred activity ComponentInfo{com.android.mms/com.android.mms.ui.ComposeMessageActivity} for user 0 :
D/BackupManagerService( 1572): Received broadcast Intent { act=android.intent.action.PACKAGE_ADDED dat=package:it.unina.android.ripper flg=0x4000010 (has extras) }
V/BackupManagerService( 1572): addPackageParticipantsLocked: #1
I/PackageManager( 1572): Adding preferred activity ComponentInfo{com.android.mms/com.android.mms.ui.ComposeMessageActivity} for user 0 :
I/PackageManager( 1572): Adding preferred activity ComponentInfo{com.android.mms/com.android.mms.ui.ComposeMessageActivity} for user 0 :
I/PackageManager( 1572): Adding preferred activity ComponentInfo{com.android.mms/com.android.mms.ui.ComposeMessageActivity} for user 0 :
I/PackageManager( 1572): Adding preferred activity ComponentInfo{com.android.mms/com.android.mms.ui.ComposeMessageActivity} for user 0 :
I/PackageManager( 1572): Adding preferred activity ComponentInfo{com.android.mms/com.android.mms.ui.ComposeMessageActivity} for user 0 :
I/PackageManager( 1572): Adding preferred activity ComponentInfo{com.android.mms/com.android.mms.ui.ComposeMessageActivity} for user 0 :
I/PackageManager( 1572): Adding preferred activity ComponentInfo{com.android.mms/com.android.mms.ui.ComposeMessageActivity} for user 0 :
I/ActivityManager( 1572): Force stopping ch.hgdev.toposuite appid=10088 user=0: start instr
I/ActivityManager( 1572): Start proc ch.hgdev.toposuite for added application ch.hgdev.toposuite: pid=7957 uid=10088 gids={50088, 1028, 1015}
I/ActivityManager( 1572): START u0 {act=android.intent.action.MAIN flg=0x10000000 cmp=ch.hgdev.toposuite/.entry.MainActivity} from pid 7957
W/InputMethodManagerService( 1572): Starting input on non-focused client com.android.internal.view.IInputMethodClient$Stub$Proxy@9d28cb70 (uid=10009 pid=1953)
I/ActivityManager( 1572): Force stopping ch.hgdev.toposuite appid=10088 user=0: clear data
I/ActivityManager( 1572): Killing 7957:ch.hgdev.toposuite/u0a88 (adj 0): stop ch.hgdev.toposuite
W/ActivityManager( 1572): Crash of app ch.hgdev.toposuite running instrumentation ComponentInfo{it.unina.android.ripper/android.test.InstrumentationTestRunner}
I/ActivityManager( 1572): Force stopping ch.hgdev.toposuite appid=10088 user=0: finished inst
I/ActivityManager( 1572): Force stopping ch.hgdev.toposuite appid=10088 user=-1: uninstall pkg
W/PackageManager( 1572): Couldn't delete native library directory /data/app-lib/ch.hgdev.toposuite
I/ActivityManager( 1572): Force stopping ch.hgdev.toposuite appid=10088 user=0: pkg removed
I/PackageManager( 1572): Adding preferred activity ComponentInfo{com.android.mms/com.android.mms.ui.ComposeMessageActivity} for user 0 :
D/BackupManagerService( 1572): Received broadcast Intent { act=android.intent.action.PACKAGE_REMOVED dat=package:ch.hgdev.toposuite flg=0x4000010 (has extras) }
V/BackupManagerService( 1572): removePackageParticipantsLocked: uid=10088 #1
I/PackageManager( 1572): Adding preferred activity ComponentInfo{com.android.mms/com.android.mms.ui.ComposeMessageActivity} for user 0 :
I/PackageManager( 1572): Adding preferred activity ComponentInfo{com.android.mms/com.android.mms.ui.ComposeMessageActivity} for user 0 :
I/PackageManager( 1572): Adding preferred activity ComponentInfo{com.android.mms/com.android.mms.ui.ComposeMessageActivity} for user 0 :
I/PackageManager( 1572): Adding preferred activity ComponentInfo{com.android.mms/com.android.mms.ui.ComposeMessageActivity} for user 0 :
I/PackageManager( 1572): Adding preferred activity ComponentInfo{com.android.mms/com.android.mms.ui.ComposeMessageActivity} for user 0 :
I/PackageManager( 1572): Adding preferred activity ComponentInfo{com.android.mms/com.android.mms.ui.ComposeMessageActivity} for user 0 :
I/PackageManager( 1572): Adding preferred activity ComponentInfo{com.android.mms/com.android.mms.ui.ComposeMessageActivity} for user 0 :
W/ContextImpl( 3391): Calling a method in the system process without a qualified user: android.app.ContextImpl.startService:1479 android.content.ContextWrapper.startService:494 android.content.ContextWrapper.startService:494 com.android.keychain.KeyChainBroadcastReceiver.onReceive:12 android.app.ActivityThread.handleReceiver:2419 
I/ActivityManager( 1572): Force stopping it.unina.android.ripper appid=10089 user=0: clear data
I/ActivityManager( 1572): Force stopping it.unina.android.ripper appid=10089 user=-1: uninstall pkg
W/PackageManager( 1572): Couldn't delete native library directory /data/app-lib/it.unina.android.ripper
I/ActivityManager( 1572): Force stopping it.unina.android.ripper appid=10089 user=0: pkg removed
D/BackupManagerService( 1572): Received broadcast Intent { act=android.intent.action.PACKAGE_REMOVED dat=package:it.unina.android.ripper flg=0x4000010 (has extras) }
V/BackupManagerService( 1572): removePackageParticipantsLocked: uid=10089 #1
I/PackageManager( 1572): Adding preferred activity ComponentInfo{com.android.mms/com.android.mms.ui.ComposeMessageActivity} for user 0 :
I/PackageManager( 1572): Adding preferred activity ComponentInfo{com.android.mms/com.android.mms.ui.ComposeMessageActivity} for user 0 :
I/PackageManager( 1572): Adding preferred activity ComponentInfo{com.android.mms/com.android.mms.ui.ComposeMessageActivity} for user 0 :
I/PackageManager( 1572): Adding preferred activity ComponentInfo{com.android.mms/com.android.mms.ui.ComposeMessageActivity} for user 0 :
I/PackageManager( 1572): Adding preferred activity ComponentInfo{com.android.mms/com.android.mms.ui.ComposeMessageActivity} for user 0 :
I/PackageManager( 1572): Adding preferred activity ComponentInfo{com.android.mms/com.android.mms.ui.ComposeMessageActivity} for user 0 :
I/PackageManager( 1572): Adding preferred activity ComponentInfo{com.android.mms/com.android.mms.ui.ComposeMessageActivity} for user 0 :
I/PackageManager( 1572): Adding preferred activity ComponentInfo{com.android.mms/com.android.mms.ui.ComposeMessageActivity} for user 0 :
W/ContextImpl( 3391): Calling a method in the system process without a qualified user: android.app.ContextImpl.startService:1479 android.content.ContextWrapper.startService:494 android.content.ContextWrapper.startService:494 com.android.keychain.KeyChainBroadcastReceiver.onReceive:12 android.app.ActivityThread.handleReceiver:2419 
W/ActivityManager( 1572): No content provider found for permission revoke: file:///sdcard/aut.apk
W/ActivityManager( 1572): No content provider found for permission revoke: file:///sdcard/aut.apk
I/PackageManager( 1572): Copying native libraries to /data/app-lib/vmdl-155379962
I/ActivityManager( 1572): Force stopping ch.hgdev.toposuite appid=10090 user=-1: update pkg
I/PackageManager( 1572): Adding preferred activity ComponentInfo{com.android.mms/com.android.mms.ui.ComposeMessageActivity} for user 0 :
I/PackageManager( 1572): Adding preferred activity ComponentInfo{com.android.mms/com.android.mms.ui.ComposeMessageActivity} for user 0 :
I/PackageManager( 1572): Adding preferred activity ComponentInfo{com.android.mms/com.android.mms.ui.ComposeMessageActivity} for user 0 :
D/BackupManagerService( 1572): Received broadcast Intent { act=android.intent.action.PACKAGE_ADDED dat=package:ch.hgdev.toposuite flg=0x4000010 (has extras) }
V/BackupManagerService( 1572): addPackageParticipantsLocked: #1
W/ActivityManager( 1572): Unable to start service Intent { act=com.google.android.gms.auth.key.retrieval.service.START pkg=com.google.android.gms } U=0: not found
W/ActivityManager( 1572): Unbind failed: could not find connection for android.os.BinderProxy@9d8ab8f0
I/PackageManager( 1572): Adding preferred activity ComponentInfo{com.android.mms/com.android.mms.ui.ComposeMessageActivity} for user 0 :
I/PackageManager( 1572): Adding preferred activity ComponentInfo{com.android.mms/com.android.mms.ui.ComposeMessageActivity} for user 0 :
I/PackageManager( 1572): Adding preferred activity ComponentInfo{com.android.mms/com.android.mms.ui.ComposeMessageActivity} for user 0 :
I/PackageManager( 1572): Adding preferred activity ComponentInfo{com.android.mms/com.android.mms.ui.ComposeMessageActivity} for user 0 :
I/PackageManager( 1572): Adding preferred activity ComponentInfo{com.android.mms/com.android.mms.ui.ComposeMessageActivity} for user 0 :
W/ActivityManager( 1572): No content provider found for permission revoke: file:///sdcard/ripper.apk
W/ActivityManager( 1572): No content provider found for permission revoke: file:///sdcard/ripper.apk
I/PackageManager( 1572): Copying native libraries to /data/app-lib/vmdl93711062
I/PackageParser( 1572): it.unina.android.ripper: compat added android.permission.WRITE_EXTERNAL_STORAGE android.permission.READ_PHONE_STATE
I/ActivityManager( 1572): Force stopping it.unina.android.ripper appid=10091 user=-1: update pkg
I/PackageManager( 1572): Adding preferred activity ComponentInfo{com.android.mms/com.android.mms.ui.ComposeMessageActivity} for user 0 :
D/BackupManagerService( 1572): Received broadcast Intent { act=android.intent.action.PACKAGE_ADDED dat=package:it.unina.android.ripper flg=0x4000010 (has extras) }
V/BackupManagerService( 1572): addPackageParticipantsLocked: #1
I/PackageManager( 1572): Adding preferred activity ComponentInfo{com.android.mms/com.android.mms.ui.ComposeMessageActivity} for user 0 :
I/PackageManager( 1572): Adding preferred activity ComponentInfo{com.android.mms/com.android.mms.ui.ComposeMessageActivity} for user 0 :
I/PackageManager( 1572): Adding preferred activity ComponentInfo{com.android.mms/com.android.mms.ui.ComposeMessageActivity} for user 0 :
I/PackageManager( 1572): Adding preferred activity ComponentInfo{com.android.mms/com.android.mms.ui.ComposeMessageActivity} for user 0 :
I/PackageManager( 1572): Adding preferred activity ComponentInfo{com.android.mms/com.android.mms.ui.ComposeMessageActivity} for user 0 :
I/PackageManager( 1572): Adding preferred activity ComponentInfo{com.android.mms/com.android.mms.ui.ComposeMessageActivity} for user 0 :
I/PackageManager( 1572): Adding preferred activity ComponentInfo{com.android.mms/com.android.mms.ui.ComposeMessageActivity} for user 0 :
I/ActivityManager( 1572): Force stopping ch.hgdev.toposuite appid=10090 user=0: start instr
I/ActivityManager( 1572): Start proc ch.hgdev.toposuite for added application ch.hgdev.toposuite: pid=8197 uid=10090 gids={50090, 1028, 1015}
I/ActivityManager( 1572): START u0 {act=android.intent.action.MAIN flg=0x10000000 cmp=ch.hgdev.toposuite/.entry.MainActivity} from pid 8197
D/ConnectivityService( 1572): Sampling interval elapsed, updating statistics ..
D/ConnectivityService( 1572): Done.
D/ConnectivityService( 1572): Setting timer for 720seconds
I/ActivityManager( 1572): Force stopping ch.hgdev.toposuite appid=10090 user=0: clear data
I/ActivityManager( 1572): Killing 8197:ch.hgdev.toposuite/u0a90 (adj 0): stop ch.hgdev.toposuite
W/ActivityManager( 1572): Crash of app ch.hgdev.toposuite running instrumentation ComponentInfo{it.unina.android.ripper/android.test.InstrumentationTestRunner}
I/ActivityManager( 1572): Force stopping ch.hgdev.toposuite appid=10090 user=0: finished inst
I/ActivityManager( 1572): Force stopping ch.hgdev.toposuite appid=10090 user=-1: uninstall pkg
W/PackageManager( 1572): Couldn't delete native library directory /data/app-lib/ch.hgdev.toposuite
I/ActivityManager( 1572): Force stopping ch.hgdev.toposuite appid=10090 user=0: pkg removed
D/BackupManagerService( 1572): Received broadcast Intent { act=android.intent.action.PACKAGE_REMOVED dat=package:ch.hgdev.toposuite flg=0x4000010 (has extras) }
V/BackupManagerService( 1572): removePackageParticipantsLocked: uid=10090 #1
I/PackageManager( 1572): Adding preferred activity ComponentInfo{com.android.mms/com.android.mms.ui.ComposeMessageActivity} for user 0 :
I/PackageManager( 1572): Adding preferred activity ComponentInfo{com.android.mms/com.android.mms.ui.ComposeMessageActivity} for user 0 :
I/PackageManager( 1572): Adding preferred activity ComponentInfo{com.android.mms/com.android.mms.ui.ComposeMessageActivity} for user 0 :
I/PackageManager( 1572): Adding preferred activity ComponentInfo{com.android.mms/com.android.mms.ui.ComposeMessageActivity} for user 0 :
I/PackageManager( 1572): Adding preferred activity ComponentInfo{com.android.mms/com.android.mms.ui.ComposeMessageActivity} for user 0 :
I/PackageManager( 1572): Adding preferred activity ComponentInfo{com.android.mms/com.android.mms.ui.ComposeMessageActivity} for user 0 :
I/PackageManager( 1572): Adding preferred activity ComponentInfo{com.android.mms/com.android.mms.ui.ComposeMessageActivity} for user 0 :
I/PackageManager( 1572): Adding preferred activity ComponentInfo{com.android.mms/com.android.mms.ui.ComposeMessageActivity} for user 0 :
W/ContextImpl( 3391): Calling a method in the system process without a qualified user: android.app.ContextImpl.startService:1479 android.content.ContextWrapper.startService:494 android.content.ContextWrapper.startService:494 com.android.keychain.KeyChainBroadcastReceiver.onReceive:12 android.app.ActivityThread.handleReceiver:2419 
I/ActivityManager( 1572): Force stopping it.unina.android.ripper appid=10091 user=0: clear data
I/ActivityManager( 1572): Force stopping it.unina.android.ripper appid=10091 user=-1: uninstall pkg
W/PackageManager( 1572): Couldn't delete native library directory /data/app-lib/it.unina.android.ripper
I/ActivityManager( 1572): Force stopping it.unina.android.ripper appid=10091 user=0: pkg removed
D/BackupManagerService( 1572): Received broadcast Intent { act=android.intent.action.PACKAGE_REMOVED dat=package:it.unina.android.ripper flg=0x4000010 (has extras) }
V/BackupManagerService( 1572): removePackageParticipantsLocked: uid=10091 #1
I/PackageManager( 1572): Adding preferred activity ComponentInfo{com.android.mms/com.android.mms.ui.ComposeMessageActivity} for user 0 :
I/PackageManager( 1572): Adding preferred activity ComponentInfo{com.android.mms/com.android.mms.ui.ComposeMessageActivity} for user 0 :
I/PackageManager( 1572): Adding preferred activity ComponentInfo{com.android.mms/com.android.mms.ui.ComposeMessageActivity} for user 0 :
I/PackageManager( 1572): Adding preferred activity ComponentInfo{com.android.mms/com.android.mms.ui.ComposeMessageActivity} for user 0 :
I/PackageManager( 1572): Adding preferred activity ComponentInfo{com.android.mms/com.android.mms.ui.ComposeMessageActivity} for user 0 :
I/PackageManager( 1572): Adding preferred activity ComponentInfo{com.android.mms/com.android.mms.ui.ComposeMessageActivity} for user 0 :
I/PackageManager( 1572): Adding preferred activity ComponentInfo{com.android.mms/com.android.mms.ui.ComposeMessageActivity} for user 0 :
I/PackageManager( 1572): Adding preferred activity ComponentInfo{com.android.mms/com.android.mms.ui.ComposeMessageActivity} for user 0 :
W/ContextImpl( 3391): Calling a method in the system process without a qualified user: android.app.ContextImpl.startService:1479 android.content.ContextWrapper.startService:494 android.content.ContextWrapper.startService:494 com.android.keychain.KeyChainBroadcastReceiver.onReceive:12 android.app.ActivityThread.handleReceiver:2419 
W/ActivityManager( 1572): No content provider found for permission revoke: file:///sdcard/aut.apk
W/ActivityManager( 1572): No content provider found for permission revoke: file:///sdcard/aut.apk
I/PackageManager( 1572): Copying native libraries to /data/app-lib/vmdl-1047186639
I/ActivityManager( 1572): Force stopping ch.hgdev.toposuite appid=10092 user=-1: update pkg
I/PackageManager( 1572): Adding preferred activity ComponentInfo{com.android.mms/com.android.mms.ui.ComposeMessageActivity} for user 0 :
I/PackageManager( 1572): Adding preferred activity ComponentInfo{com.android.mms/com.android.mms.ui.ComposeMessageActivity} for user 0 :
D/BackupManagerService( 1572): Received broadcast Intent { act=android.intent.action.PACKAGE_ADDED dat=package:ch.hgdev.toposuite flg=0x4000010 (has extras) }
V/BackupManagerService( 1572): addPackageParticipantsLocked: #1
I/PackageManager( 1572): Adding preferred activity ComponentInfo{com.android.mms/com.android.mms.ui.ComposeMessageActivity} for user 0 :
I/PackageManager( 1572): Adding preferred activity ComponentInfo{com.android.mms/com.android.mms.ui.ComposeMessageActivity} for user 0 :
I/PackageManager( 1572): Adding preferred activity ComponentInfo{com.android.mms/com.android.mms.ui.ComposeMessageActivity} for user 0 :
I/PackageManager( 1572): Adding preferred activity ComponentInfo{com.android.mms/com.android.mms.ui.ComposeMessageActivity} for user 0 :
I/PackageManager( 1572): Adding preferred activity ComponentInfo{com.android.mms/com.android.mms.ui.ComposeMessageActivity} for user 0 :
