E/dalvikvm(11267): Could not find class 'android.view.WindowInsets', referenced from method android.support.v4.widget.DrawerLayout.onMeasure
W/dalvikvm(11267): VFY: unable to resolve check-cast 1774 (Landroid/view/WindowInsets;) in Landroid/support/v4/widget/DrawerLayout;
D/dalvikvm(11267): VFY: replacing opcode 0x1f at 0x0079
E/dalvikvm(11267): Could not find class 'android.view.WindowInsets', referenced from method android.support.v4.widget.DrawerLayout.onMeasure
W/dalvikvm(11267): VFY: unable to resolve check-cast 1774 (Landroid/view/WindowInsets;) in Landroid/support/v4/widget/DrawerLayout;
D/dalvikvm(11267): VFY: replacing opcode 0x1f at 0x00ab
I/dalvikvm(11267): Failed resolving Landroid/support/v4/widget/DrawerLayout$1; interface 1741 'Landroid/view/View$OnApplyWindowInsetsListener;'
W/dalvikvm(11267): Link of class 'Landroid/support/v4/widget/DrawerLayout$1;' failed
D/dalvikvm(11267): DexOpt: unable to opt direct call 0x2002 at 0xab in Landroid/support/v4/widget/DrawerLayout;.<init>
D/dalvikvm(11267): GC_CONCURRENT freed 203K, 11% free 3420K/3812K, paused 1ms+1ms, total 3ms
D/dalvikvm(11267): GC_FOR_ALLOC freed 5K, 11% free 3414K/3812K, paused 2ms, total 2ms
I/dalvikvm-heap(11267): Grow heap (frag case) to 5.364MB for 1939932-byte allocation
D/dalvikvm(11267): GC_FOR_ALLOC freed <1K, 7% free 5309K/5708K, paused 4ms, total 4ms
D/dalvikvm(11267): GC_CONCURRENT freed <1K, 7% free 5309K/5708K, paused 0ms+0ms, total 2ms
V/WebViewChromium(11267): Binding Chromium to the background looper Looper (main, tid 1) {9d0376e0}
I/chromium(11267): [INFO:library_loader_hooks.cc(112)] Chromium logging enabled: level = 0, default verbosity = 0
I/BrowserProcessMain(11267): Initializing chromium process, renderers=0
W/chromium(11267): [WARNING:proxy_service.cc(888)] PAC support disabled because there is no system implementation
D/        (11267): HostConnection::get() New Host Connection established 0xb85b7500, tid 11267
D/EGL_emulation(11267): eglCreateContext: 0xb85ba540: maj 3 min 0 rcv 3
D/EGL_emulation(11267): eglMakeCurrent: 0xb85ba540: ver 3 0
E/eglCodecCommon(11267): glUtilsParamSize: unknow param 0x00008cdf
E/eglCodecCommon(11267): glUtilsParamSize: unknow param 0x00008824
D/EGL_emulation(11267): eglCreateContext: 0xb863eb40: maj 3 min 0 rcv 3
D/EGL_emulation(11267): eglMakeCurrent: 0xb863eb40: ver 3 0
E/eglCodecCommon(11267): glUtilsParamSize: unknow param 0x00008cdf
E/eglCodecCommon(11267): glUtilsParamSize: unknow param 0x00008824
E/EGL_emulation(11267): tid 11267: eglSurfaceAttrib(1199): error 0x3009 (EGL_BAD_MATCH)
W/HardwareRenderer(11267): Backbuffer cannot be preserved
D/OpenGLRenderer(11267): Enabling debug mode 0
I/dalvikvm(11267): Could not find method android.view.ViewConfiguration.getScaledHorizontalScrollFactor, referenced from method android.support.v4.view.ViewConfigurationCompat.getScaledHorizontalScrollFactor
W/dalvikvm(11267): VFY: unable to resolve virtual method 16068: Landroid/view/ViewConfiguration;.getScaledHorizontalScrollFactor ()F
D/dalvikvm(11267): VFY: replacing opcode 0x6e at 0x0006
I/dalvikvm(11267): Could not find method android.view.ViewConfiguration.getScaledHoverSlop, referenced from method android.support.v4.view.ViewConfigurationCompat.getScaledHoverSlop
W/dalvikvm(11267): VFY: unable to resolve virtual method 16069: Landroid/view/ViewConfiguration;.getScaledHoverSlop ()I
D/dalvikvm(11267): VFY: replacing opcode 0x6e at 0x0006
I/dalvikvm(11267): Could not find method android.view.ViewConfiguration.getScaledVerticalScrollFactor, referenced from method android.support.v4.view.ViewConfigurationCompat.getScaledVerticalScrollFactor
W/dalvikvm(11267): VFY: unable to resolve virtual method 16074: Landroid/view/ViewConfiguration;.getScaledVerticalScrollFactor ()F
D/dalvikvm(11267): VFY: replacing opcode 0x6e at 0x0006
I/dalvikvm(11267): Could not find method android.view.ViewConfiguration.shouldShowMenuShortcutsWhenKeyboardPresent, referenced from method android.support.v4.view.ViewConfigurationCompat.shouldShowMenuShortcutsWhenKeyboardPresent
W/dalvikvm(11267): VFY: unable to resolve virtual method 16077: Landroid/view/ViewConfiguration;.shouldShowMenuShortcutsWhenKeyboardPresent ()Z
D/dalvikvm(11267): VFY: replacing opcode 0x6e at 0x0006
I/dalvikvm(11267): Could not find method android.view.View.setTooltipText, referenced from method android.support.v7.widget.TooltipCompat.setTooltipText
W/dalvikvm(11267): VFY: unable to resolve virtual method 16053: Landroid/view/View;.setTooltipText (Ljava/lang/CharSequence;)V
D/dalvikvm(11267): VFY: replacing opcode 0x6e at 0x0006
I/dalvikvm(11267): Could not find method android.view.MenuItem.setAlphabeticShortcut, referenced from method android.support.v4.view.MenuItemCompat.setAlphabeticShortcut
W/dalvikvm(11267): VFY: unable to resolve interface method 15785: Landroid/view/MenuItem;.setAlphabeticShortcut (CI)Landroid/view/MenuItem;
D/dalvikvm(11267): VFY: replacing opcode 0x72 at 0x0010
I/dalvikvm(11267): Could not find method android.view.MenuItem.setContentDescription, referenced from method android.support.v4.view.MenuItemCompat.setContentDescription
W/dalvikvm(11267): VFY: unable to resolve interface method 15788: Landroid/view/MenuItem;.setContentDescription (Ljava/lang/CharSequence;)Landroid/view/MenuItem;
D/dalvikvm(11267): VFY: replacing opcode 0x72 at 0x0010
I/dalvikvm(11267): Could not find method android.view.MenuItem.setIconTintList, referenced from method android.support.v4.view.MenuItemCompat.setIconTintList
W/dalvikvm(11267): VFY: unable to resolve interface method 15792: Landroid/view/MenuItem;.setIconTintList (Landroid/content/res/ColorStateList;)Landroid/view/MenuItem;
D/dalvikvm(11267): VFY: replacing opcode 0x72 at 0x0010
I/dalvikvm(11267): Could not find method android.view.MenuItem.setIconTintMode, referenced from method android.support.v4.view.MenuItemCompat.setIconTintMode
W/dalvikvm(11267): VFY: unable to resolve interface method 15793: Landroid/view/MenuItem;.setIconTintMode (Landroid/graphics/PorterDuff$Mode;)Landroid/view/MenuItem;
D/dalvikvm(11267): VFY: replacing opcode 0x72 at 0x0010
I/dalvikvm(11267): Could not find method android.view.MenuItem.setNumericShortcut, referenced from method android.support.v4.view.MenuItemCompat.setNumericShortcut
W/dalvikvm(11267): VFY: unable to resolve interface method 15795: Landroid/view/MenuItem;.setNumericShortcut (CI)Landroid/view/MenuItem;
D/dalvikvm(11267): VFY: replacing opcode 0x72 at 0x0010
I/dalvikvm(11267): Could not find method android.view.MenuItem.setTooltipText, referenced from method android.support.v4.view.MenuItemCompat.setTooltipText
W/dalvikvm(11267): VFY: unable to resolve interface method 15799: Landroid/view/MenuItem;.setTooltipText (Ljava/lang/CharSequence;)Landroid/view/MenuItem;
D/dalvikvm(11267): VFY: replacing opcode 0x72 at 0x0010
I/dalvikvm(11267): Could not find method android.graphics.drawable.Drawable.applyTheme, referenced from method android.support.v4.graphics.drawable.DrawableCompat.applyTheme
W/dalvikvm(11267): VFY: unable to resolve virtual method 936: Landroid/graphics/drawable/Drawable;.applyTheme (Landroid/content/res/Resources$Theme;)V
D/dalvikvm(11267): VFY: replacing opcode 0x6e at 0x0006
I/dalvikvm(11267): Could not find method android.graphics.drawable.Drawable.canApplyTheme, referenced from method android.support.v4.graphics.drawable.DrawableCompat.canApplyTheme
W/dalvikvm(11267): VFY: unable to resolve virtual method 937: Landroid/graphics/drawable/Drawable;.canApplyTheme ()Z
D/dalvikvm(11267): VFY: replacing opcode 0x6e at 0x0006
I/dalvikvm(11267): Could not find method android.graphics.drawable.Drawable.getColorFilter, referenced from method android.support.v4.graphics.drawable.DrawableCompat.getColorFilter
W/dalvikvm(11267): VFY: unable to resolve virtual method 948: Landroid/graphics/drawable/Drawable;.getColorFilter ()Landroid/graphics/ColorFilter;
D/dalvikvm(11267): VFY: replacing opcode 0x6e at 0x0006
I/dalvikvm(11267): Could not find method android.graphics.drawable.Drawable.inflate, referenced from method android.support.v4.graphics.drawable.DrawableCompat.inflate
W/dalvikvm(11267): VFY: unable to resolve virtual method 965: Landroid/graphics/drawable/Drawable;.inflate (Landroid/content/res/Resources;Lorg/xmlpull/v1/XmlPullParser;Landroid/util/AttributeSet;Landroid/content/res/Resources$Theme;)V
D/dalvikvm(11267): VFY: replacing opcode 0x6e at 0x0006
I/dalvikvm(11267): Could not find method android.graphics.drawable.Drawable.setHotspot, referenced from method android.support.v4.graphics.drawable.DrawableCompat.setHotspot
W/dalvikvm(11267): VFY: unable to resolve virtual method 988: Landroid/graphics/drawable/Drawable;.setHotspot (FF)V
D/dalvikvm(11267): VFY: replacing opcode 0x6e at 0x0006
I/dalvikvm(11267): Could not find method android.graphics.drawable.Drawable.setHotspotBounds, referenced from method android.support.v4.graphics.drawable.DrawableCompat.setHotspotBounds
W/dalvikvm(11267): VFY: unable to resolve virtual method 989: Landroid/graphics/drawable/Drawable;.setHotspotBounds (IIII)V
D/dalvikvm(11267): VFY: replacing opcode 0x6e at 0x0006
I/dalvikvm(11267): Could not find method android.graphics.drawable.Drawable.setLayoutDirection, referenced from method android.support.v4.graphics.drawable.DrawableCompat.setLayoutDirection
W/dalvikvm(11267): VFY: unable to resolve virtual method 990: Landroid/graphics/drawable/Drawable;.setLayoutDirection (I)Z
D/dalvikvm(11267): VFY: replacing opcode 0x6e at 0x0006
I/dalvikvm(11267): Could not find method android.graphics.drawable.Drawable.setTint, referenced from method android.support.v4.graphics.drawable.DrawableCompat.setTint
W/dalvikvm(11267): VFY: unable to resolve virtual method 993: Landroid/graphics/drawable/Drawable;.setTint (I)V
D/dalvikvm(11267): VFY: replacing opcode 0x6e at 0x0006
I/dalvikvm(11267): Could not find method android.graphics.drawable.Drawable.setTintList, referenced from method android.support.v4.graphics.drawable.DrawableCompat.setTintList
W/dalvikvm(11267): VFY: unable to resolve virtual method 994: Landroid/graphics/drawable/Drawable;.setTintList (Landroid/content/res/ColorStateList;)V
D/dalvikvm(11267): VFY: replacing opcode 0x6e at 0x0006
I/dalvikvm(11267): Could not find method android.graphics.drawable.Drawable.setTintMode, referenced from method android.support.v4.graphics.drawable.DrawableCompat.setTintMode
W/dalvikvm(11267): VFY: unable to resolve virtual method 995: Landroid/graphics/drawable/Drawable;.setTintMode (Landroid/graphics/PorterDuff$Mode;)V
D/dalvikvm(11267): VFY: replacing opcode 0x6e at 0x0006
I/ActivityManager( 1572): Displayed ch.hgdev.toposuite/.entry.MainActivity: +325ms
I/dalvikvm(11267): Could not find method android.support.v4.app.FragmentManager.findFragmentById, referenced from method a.a.a.ag.c
W/dalvikvm(11267): VFY: unable to resolve virtual method 751: Landroid/support/v4/app/FragmentManager;.findFragmentById (I)Landroid/support/v4/app/Fragment;
D/dalvikvm(11267): VFY: replacing opcode 0x6e at 0x0012
D/EGL_emulation( 1953): eglMakeCurrent: 0xb85f92a0: ver 3 0
I/chromium(11267): [INFO:async_pixel_transfer_manager_android.cc(56)] Async pixel transfers not supported
I/chromium(11267): [INFO:async_pixel_transfer_manager_android.cc(56)] Async pixel transfers not supported
D/gralloc_ranchu(11267): gralloc_alloc: Creating ashmem region of size 589824
D/gralloc_ranchu(11267): gralloc_alloc: Creating ashmem region of size 589824
D/gralloc_ranchu(11267): gralloc_alloc: Creating ashmem region of size 589824
D/gralloc_ranchu(11267): gralloc_alloc: Creating ashmem region of size 589824
D/gralloc_ranchu(11267): gralloc_alloc: Creating ashmem region of size 589824
D/gralloc_ranchu(11267): gralloc_alloc: Creating ashmem region of size 589824
D/gralloc_ranchu(11267): gralloc_alloc: Creating ashmem region of size 589824
D/gralloc_ranchu(11267): gralloc_alloc: Creating ashmem region of size 589824
D/gralloc_ranchu(11267): gralloc_alloc: Creating ashmem region of size 589824
D/gralloc_ranchu(11267): gralloc_alloc: Creating ashmem region of size 589824
D/gralloc_ranchu(11267): gralloc_alloc: Creating ashmem region of size 589824
D/gralloc_ranchu(11267): gralloc_alloc: Creating ashmem region of size 589824
D/gralloc_ranchu(11267): gralloc_alloc: Creating ashmem region of size 229376
D/gralloc_ranchu(11267): gralloc_alloc: Creating ashmem region of size 589824
D/gralloc_ranchu(11267): gralloc_alloc: Creating ashmem region of size 589824
D/gralloc_ranchu(11267): gralloc_alloc: Creating ashmem region of size 589824
I/AndroidRipper(11267): [RipperTestCase] Ready to operate after restarting...
V/SERVER  ( 2235): ServerSocket on PORT 18888: offline
V/AndroidRipperService( 2235): mHandler.handleMessage() DISCONNECTED
V/SERVER  ( 2235): Ready to accept connections on port: 18888
D/dalvikvm( 1792): GC_FOR_ALLOC freed 2051K, 28% free 9689K/13320K, paused 11ms, total 11ms
I/ContentMaintenance( 2166): Internal cache bytes used: 0; limit: 39526809; download size: 0
I/RealtimeCacheCleanup( 2166): Beginning Realtime garbage collection.
I/RealtimeCacheCleanup( 2166): Finished Realtime garbage collection.
D/AndroidRuntime(11313): 
D/AndroidRuntime(11313): >>>>>> AndroidRuntime START com.android.internal.os.RuntimeInit <<<<<<
W/linker  (11313): libdvm.so has text relocations. This is wasting memory and is a security risk. Please fix.
D/AndroidRuntime(11313): CheckJNI is ON
D/dalvikvm(11313): Trying to load lib libjavacore.so 0x0
D/dalvikvm(11313): Added shared lib libjavacore.so 0x0
D/dalvikvm(11313): Trying to load lib libnativehelper.so 0x0
D/dalvikvm(11313): Added shared lib libnativehelper.so 0x0
D/dalvikvm(11313): No JNI_OnLoad found in libnativehelper.so 0x0, skipping init
D/dalvikvm(11313): Note: class Landroid/app/ActivityManagerNative; has 179 unimplemented (abstract) methods
E/memtrack(11313): Couldn't load memtrack module (No such file or directory)
E/android.os.Debug(11313): failed to load memtrack module: -2
D/AndroidRuntime(11313): Calling main entry com.android.commands.pm.Pm
D/AndroidRuntime(11313): Shutting down VM
D/jdwp    (11313): Got wake-up signal, bailing out of select
D/dalvikvm(11313): Debugger has detached; object registry had 1 entries
D/AndroidRuntime(11326): 
D/AndroidRuntime(11326): >>>>>> AndroidRuntime START com.android.internal.os.RuntimeInit <<<<<<
W/linker  (11326): libdvm.so has text relocations. This is wasting memory and is a security risk. Please fix.
D/AndroidRuntime(11326): CheckJNI is ON
D/dalvikvm(11326): Trying to load lib libjavacore.so 0x0
D/dalvikvm(11326): Added shared lib libjavacore.so 0x0
D/dalvikvm(11326): Trying to load lib libnativehelper.so 0x0
D/dalvikvm(11326): Added shared lib libnativehelper.so 0x0
D/dalvikvm(11326): No JNI_OnLoad found in libnativehelper.so 0x0, skipping init
D/dalvikvm(11326): Note: class Landroid/app/ActivityManagerNative; has 179 unimplemented (abstract) methods
E/memtrack(11326): Couldn't load memtrack module (No such file or directory)
E/android.os.Debug(11326): failed to load memtrack module: -2
D/AndroidRuntime(11326): Calling main entry com.android.commands.pm.Pm
I/ActivityManager( 1572): Force stopping ch.hgdev.toposuite appid=10110 user=0: clear data
I/ActivityManager( 1572): Killing 11267:ch.hgdev.toposuite/u0a110 (adj 0): stop ch.hgdev.toposuite
W/ActivityManager( 1572): Force removing ActivityRecord{9d34ccf8 u0 ch.hgdev.toposuite/.entry.MainActivity t30}: app died, no saved state
W/ActivityManager( 1572): Crash of app ch.hgdev.toposuite running instrumentation ComponentInfo{it.unina.android.ripper/android.test.InstrumentationTestRunner}
I/ActivityManager( 1572): Force stopping ch.hgdev.toposuite appid=10110 user=0: finished inst
I/WindowState( 1572): WIN DEATH: Window{9d30d678 u0 ch.hgdev.toposuite/ch.hgdev.toposuite.entry.MainActivity}
D/keystore( 1149): calling clear_uid in state: 3
I/GeofencerStateMachine( 1792): removeGeofences: removeRequest=RemoveGeofencingRequest[REMOVE_ALL packageName=ch.hgdev.toposuite]
D/Documents( 3329): Used cached roots for com.android.providers.downloads.documents
D/Documents( 3329): Used cached roots for com.android.externalstorage.documents
D/Documents( 3329): Used cached roots for com.android.providers.media.documents
D/Documents( 3329): Update found 6 roots in 1ms
D/EGL_emulation( 1953): eglMakeCurrent: 0xb85f92a0: ver 3 0
D/AndroidRuntime(11326): Shutting down VM
D/jdwp    (11326): Got wake-up signal, bailing out of select
D/dalvikvm(11326): Debugger has detached; object registry had 1 entries
I/Fitness ( 1792): FitCleanupIntentOperation received Intent android.intent.action.PACKAGE_DATA_CLEARED [CONTEXT service_id=17 ]
I/Icing   ( 2166): doRemovePackageData ch.hgdev.toposuite
D/EGL_emulation( 1953): eglMakeCurrent: 0xb85f92a0: ver 3 0
E/EGL_emulation( 1953): tid 1953: eglSurfaceAttrib(1199): error 0x3009 (EGL_BAD_MATCH)
W/HardwareRenderer( 1953): Backbuffer cannot be preserved
W/Binder  ( 1778): Caught a RuntimeException from the binder stub implementation.
W/Binder  ( 1778): java.lang.NullPointerException
W/Binder  ( 1778): 	at android.inputmethodservice.IInputMethodWrapper.setSessionEnabled(IInputMethodWrapper.java:280)
W/Binder  ( 1778): 	at com.android.internal.view.IInputMethod$Stub.onTransact(IInputMethod.java:129)
W/Binder  ( 1778): 	at android.os.Binder.execTransact(Binder.java:404)
W/Binder  ( 1778): 	at dalvik.system.NativeStart.run(Native Method)
W/InputMethodManagerService( 1572): Got RemoteException sending setActive(false) notification to pid 11267 uid 10110
D/AndroidRuntime(11353): 
D/AndroidRuntime(11353): >>>>>> AndroidRuntime START com.android.internal.os.RuntimeInit <<<<<<
W/linker  (11353): libdvm.so has text relocations. This is wasting memory and is a security risk. Please fix.
D/AndroidRuntime(11353): CheckJNI is ON
D/dalvikvm(11353): Trying to load lib libjavacore.so 0x0
D/dalvikvm(11353): Added shared lib libjavacore.so 0x0
D/dalvikvm(11353): Trying to load lib libnativehelper.so 0x0
D/dalvikvm(11353): Added shared lib libnativehelper.so 0x0
D/dalvikvm(11353): No JNI_OnLoad found in libnativehelper.so 0x0, skipping init
D/dalvikvm(11353): Note: class Landroid/app/ActivityManagerNative; has 179 unimplemented (abstract) methods
E/memtrack(11353): Couldn't load memtrack module (No such file or directory)
E/android.os.Debug(11353): failed to load memtrack module: -2
D/AndroidRuntime(11353): Calling main entry com.android.commands.pm.Pm
I/ActivityManager( 1572): Force stopping ch.hgdev.toposuite appid=10110 user=-1: uninstall pkg
W/PackageManager( 1572): Couldn't delete native library directory /data/app-lib/ch.hgdev.toposuite
D/keystore( 1149): calling clear_uid in state: 3
I/ActivityManager( 1572): Force stopping ch.hgdev.toposuite appid=10110 user=0: pkg removed
D/dalvikvm( 1953): GC_EXPLICIT freed 232K, 35% free 23739K/36252K, paused 0ms+0ms, total 3ms
D/dalvikvm( 2314): GC_EXPLICIT freed 215K, 19% free 3413K/4176K, paused 0ms+0ms, total 3ms
D/dalvikvm( 2365): GC_EXPLICIT freed 162K, 17% free 3445K/4124K, paused 0ms+0ms, total 2ms
D/dalvikvm( 1572): GC_EXPLICIT freed 1168K, 51% free 8618K/17392K, paused 3ms+1ms, total 14ms
I/GeofencerStateMachine( 1792): removeGeofences: removeRequest=RemoveGeofencingRequest[REMOVE_ALL packageName=ch.hgdev.toposuite]
W/Launcher.Model( 2365): Nobody to tell about the new app.  Launcher is probably loading.
I/PackageManager( 1572):   Action: "android.intent.action.SENDTO"
I/PackageManager( 1572):   Category: "android.intent.category.DEFAULT"
I/PackageManager( 1572):   Scheme: "sms"
D/Documents( 3329): Used cached roots for com.android.providers.downloads.documents
D/Documents( 3329): Used cached roots for com.android.externalstorage.documents
D/Documents( 3329): Used cached roots for com.android.providers.media.documents
D/Documents( 3329): Update found 6 roots in 3ms
I/InputReader( 1572): Reconfiguring input devices.  changes=0x00000010
D/dalvikvm( 2166): GC_EXPLICIT freed 654K, 13% free 21303K/24456K, paused 1ms+2ms, total 38ms
I/PackageManager( 1572): Adding preferred activity ComponentInfo{com.android.mms/com.android.mms.ui.ComposeMessageActivity} for user 0 :
D/dalvikvm( 1813): GC_FOR_ALLOC freed 472K, 18% free 3614K/4380K, paused 2ms, total 2ms
D/VoicemailCleanupService( 1884): Cleaning up data for package: ch.hgdev.toposuite
I/PackageManager( 1572):   Action: "android.intent.action.SENDTO"
I/PackageManager( 1572):   Category: "android.intent.category.DEFAULT"
I/PackageManager( 1572):   Scheme: "smsto"
I/PackageManager( 1572): Adding preferred activity ComponentInfo{com.android.mms/com.android.mms.ui.ComposeMessageActivity} for user 0 :
D/BackupManagerService( 1572): Received broadcast Intent { act=android.intent.action.PACKAGE_REMOVED dat=package:ch.hgdev.toposuite flg=0x4000010 (has extras) }
V/BackupManagerService( 1572): removePackageParticipantsLocked: uid=10110 #1
I/PackageManager( 1572):   Action: "android.intent.action.SENDTO"
I/PackageManager( 1572):   Category: "android.intent.category.DEFAULT"
I/PackageManager( 1572):   Scheme: "mms"
I/PackageManager( 1572): Adding preferred activity ComponentInfo{com.android.mms/com.android.mms.ui.ComposeMessageActivity} for user 0 :
I/PackageManager( 1572):   Action: "android.intent.action.SENDTO"
I/PackageManager( 1572):   Category: "android.intent.category.DEFAULT"
I/PackageManager( 1572):   Scheme: "mmsto"
I/PackageManager( 1572): Adding preferred activity ComponentInfo{com.android.mms/com.android.mms.ui.ComposeMessageActivity} for user 0 :
D/dalvikvm( 1572): GC_EXPLICIT freed 751K, 51% free 8689K/17392K, paused 0ms+1ms, total 19ms
D/AndroidRuntime(11353): Shutting down VM
D/jdwp    (11353): Got wake-up signal, bailing out of select
D/dalvikvm(11353): Debugger has detached; object registry had 1 entries
I/PackageManager( 1572):   Action: "android.intent.action.SENDTO"
I/PackageManager( 1572):   Category: "android.intent.category.DEFAULT"
I/PackageManager( 1572):   Scheme: "sms"
D/dalvikvm( 1813): GC_FOR_ALLOC freed 401K, 17% free 3671K/4380K, paused 2ms, total 2ms
I/PackageManager( 1572): Adding preferred activity ComponentInfo{com.android.mms/com.android.mms.ui.ComposeMessageActivity} for user 0 :
I/PackageManager( 1572):   Action: "android.intent.action.SENDTO"
I/PackageManager( 1572):   Category: "android.intent.category.DEFAULT"
I/PackageManager( 1572):   Scheme: "smsto"
I/PackageManager( 1572): Adding preferred activity ComponentInfo{com.android.mms/com.android.mms.ui.ComposeMessageActivity} for user 0 :
I/PackageManager( 1572):   Action: "android.intent.action.SENDTO"
I/PackageManager( 1572):   Category: "android.intent.category.DEFAULT"
I/PackageManager( 1572):   Scheme: "mms"
I/PackageManager( 1572): Adding preferred activity ComponentInfo{com.android.mms/com.android.mms.ui.ComposeMessageActivity} for user 0 :
I/PackageManager( 1572):   Action: "android.intent.action.SENDTO"
I/PackageManager( 1572):   Category: "android.intent.category.DEFAULT"
I/PackageManager( 1572):   Scheme: "mmsto"
I/PackageManager( 1572): Adding preferred activity ComponentInfo{com.android.mms/com.android.mms.ui.ComposeMessageActivity} for user 0 :
I/LatinIME:LogUtils( 1778): Dictionary info: dictionary = main:en ; version = 42 ; date = 1381226516
I/DownloadManager( 1840): Download 57 starting
W/DownloadManager( 1840): Aborting request for download 57: TYPE_DISALLOWED_BY_REQUESTOR
I/DownloadManager( 1840): Download 57 finished with status WAITING_FOR_NETWORK
W/Launcher( 2365): setApplicationContext called twice! old=com.google.android.velvet.VelvetApplication@9d043788 new=com.google.android.velvet.VelvetApplication@9d043788
I/Fitness ( 1792): FitCleanupIntentOperation received Intent android.intent.action.PACKAGE_REMOVED [CONTEXT service_id=17 ]
W/ContextImpl( 3391): Calling a method in the system process without a qualified user: android.app.ContextImpl.startService:1479 android.content.ContextWrapper.startService:494 android.content.ContextWrapper.startService:494 com.android.keychain.KeyChainBroadcastReceiver.onReceive:12 android.app.ActivityThread.handleReceiver:2419 
I/Icing.InternalIcingCorporaProvider( 2314): Updating corpora: A: ch.hgdev.toposuite, C: MAYBE
I/Icing   ( 2166): doRemovePackageData ch.hgdev.toposuite
W/ContextImpl( 2314): Implicit intents with startService are not safe: Intent { act=com.google.android.gms.icing.INDEX_SERVICE } android.content.ContextWrapper.bindService:517 com.google.android.gms.internal.av.a:-1 com.google.android.gms.internal.au.connect:-1 
I/Icing   ( 2166): IndexChimeraService.getServiceInterface callingPackage=com.google.android.googlequicksearchbox componentName=null serviceId=21
I/Icing   ( 2166): IndexChimeraService.getServiceInterface callingPackage=com.google.android.gms componentName=AppsCorpus serviceId=36
W/Icing   ( 2166): No valid account for uploading user actions
I/Icing   ( 2166): Usage reports ok 0, Failed Usage reports 0, indexed 0, rejected 0
W/Icing   ( 2166): No valid account for uploading user actions
I/Icing   ( 2166): Usage reports ok 0, Failed Usage reports 0, indexed 0, rejected 0
I/Icing   ( 2166): Indexing com.google.android.googlequicksearchbox-applications from com.google.android.googlequicksearchbox
I/Icing   ( 2166): Indexing com.google.android.gms-apps from com.google.android.gms
I/Icing   ( 2166): Indexing com.google.android.gms-internal.3p:MobileApplication from com.google.android.gms
I/Icing   ( 2166): Indexing done com.google.android.googlequicksearchbox-applications
I/Icing   ( 2166): Indexing done com.google.android.gms-apps
D/AndroidRuntime(11379): 
D/AndroidRuntime(11379): >>>>>> AndroidRuntime START com.android.internal.os.RuntimeInit <<<<<<
W/linker  (11379): libdvm.so has text relocations. This is wasting memory and is a security risk. Please fix.
I/Icing   ( 2166): Indexing done com.google.android.gms-internal.3p:MobileApplication
D/AndroidRuntime(11379): CheckJNI is ON
D/dalvikvm(11379): Trying to load lib libjavacore.so 0x0
D/dalvikvm(11379): Added shared lib libjavacore.so 0x0
D/dalvikvm(11379): Trying to load lib libnativehelper.so 0x0
D/dalvikvm(11379): Added shared lib libnativehelper.so 0x0
D/dalvikvm(11379): No JNI_OnLoad found in libnativehelper.so 0x0, skipping init
D/dalvikvm(11379): Note: class Landroid/app/ActivityManagerNative; has 179 unimplemented (abstract) methods
E/memtrack(11379): Couldn't load memtrack module (No such file or directory)
E/android.os.Debug(11379): failed to load memtrack module: -2
D/AndroidRuntime(11379): Calling main entry com.android.commands.pm.Pm
D/AndroidRuntime(11379): Shutting down VM
D/jdwp    (11379): Got wake-up signal, bailing out of select
D/dalvikvm(11379): Debugger has detached; object registry had 1 entries
D/AndroidRuntime(11390): 
D/AndroidRuntime(11390): >>>>>> AndroidRuntime START com.android.internal.os.RuntimeInit <<<<<<
W/linker  (11390): libdvm.so has text relocations. This is wasting memory and is a security risk. Please fix.
D/AndroidRuntime(11390): CheckJNI is ON
D/dalvikvm(11390): Trying to load lib libjavacore.so 0x0
D/dalvikvm(11390): Added shared lib libjavacore.so 0x0
D/dalvikvm(11390): Trying to load lib libnativehelper.so 0x0
D/dalvikvm(11390): Added shared lib libnativehelper.so 0x0
D/dalvikvm(11390): No JNI_OnLoad found in libnativehelper.so 0x0, skipping init
D/dalvikvm(11390): Note: class Landroid/app/ActivityManagerNative; has 179 unimplemented (abstract) methods
E/memtrack(11390): Couldn't load memtrack module (No such file or directory)
E/android.os.Debug(11390): failed to load memtrack module: -2
D/AndroidRuntime(11390): Calling main entry com.android.commands.pm.Pm
I/ActivityManager( 1572): Force stopping it.unina.android.ripper appid=10111 user=0: clear data
I/GeofencerStateMachine( 1792): removeGeofences: removeRequest=RemoveGeofencingRequest[REMOVE_ALL packageName=it.unina.android.ripper]
D/keystore( 1149): calling clear_uid in state: 3
D/Documents( 3329): Used cached roots for com.android.providers.downloads.documents
D/Documents( 3329): Used cached roots for com.android.externalstorage.documents
D/Documents( 3329): Used cached roots for com.android.providers.media.documents
D/Documents( 3329): Update found 6 roots in 7ms
I/Icing   ( 2166): doRemovePackageData it.unina.android.ripper
D/AndroidRuntime(11390): Shutting down VM
D/jdwp    (11390): Got wake-up signal, bailing out of select
D/dalvikvm(11390): Debugger has detached; object registry had 1 entries
I/Fitness ( 1792): FitCleanupIntentOperation received Intent android.intent.action.PACKAGE_DATA_CLEARED [CONTEXT service_id=17 ]
D/AndroidRuntime(11406): 
D/AndroidRuntime(11406): >>>>>> AndroidRuntime START com.android.internal.os.RuntimeInit <<<<<<
W/linker  (11406): libdvm.so has text relocations. This is wasting memory and is a security risk. Please fix.
D/AndroidRuntime(11406): CheckJNI is ON
D/dalvikvm(11406): Trying to load lib libjavacore.so 0x0
D/dalvikvm(11406): Added shared lib libjavacore.so 0x0
D/dalvikvm(11406): Trying to load lib libnativehelper.so 0x0
D/dalvikvm(11406): Added shared lib libnativehelper.so 0x0
D/dalvikvm(11406): No JNI_OnLoad found in libnativehelper.so 0x0, skipping init
D/dalvikvm(11406): Note: class Landroid/app/ActivityManagerNative; has 179 unimplemented (abstract) methods
E/memtrack(11406): Couldn't load memtrack module (No such file or directory)
E/android.os.Debug(11406): failed to load memtrack module: -2
D/AndroidRuntime(11406): Calling main entry com.android.commands.pm.Pm
I/ActivityManager( 1572): Force stopping it.unina.android.ripper appid=10111 user=-1: uninstall pkg
W/PackageManager( 1572): Couldn't delete native library directory /data/app-lib/it.unina.android.ripper
D/keystore( 1149): calling clear_uid in state: 3
I/GeofencerStateMachine( 1792): removeGeofences: removeRequest=RemoveGeofencingRequest[REMOVE_ALL packageName=it.unina.android.ripper]
W/Launcher.Model( 2365): Nobody to tell about the new app.  Launcher is probably loading.
I/ActivityManager( 1572): Force stopping it.unina.android.ripper appid=10111 user=0: pkg removed
I/PackageManager( 1572):   Action: "android.intent.action.SENDTO"
I/PackageManager( 1572):   Category: "android.intent.category.DEFAULT"
I/PackageManager( 1572):   Scheme: "sms"
I/InputReader( 1572): Reconfiguring input devices.  changes=0x00000010
D/VoicemailCleanupService( 1884): Cleaning up data for package: it.unina.android.ripper
D/Documents( 3329): Used cached roots for com.android.providers.downloads.documents
D/Documents( 3329): Used cached roots for com.android.externalstorage.documents
D/Documents( 3329): Used cached roots for com.android.providers.media.documents
D/Documents( 3329): Update found 6 roots in 10ms
I/PackageManager( 1572): Adding preferred activity ComponentInfo{com.android.mms/com.android.mms.ui.ComposeMessageActivity} for user 0 :
D/dalvikvm( 1813): GC_FOR_ALLOC freed 468K, 18% free 3614K/4380K, paused 2ms, total 2ms
I/PackageManager( 1572):   Action: "android.intent.action.SENDTO"
I/PackageManager( 1572):   Category: "android.intent.category.DEFAULT"
I/PackageManager( 1572):   Scheme: "smsto"
D/BackupManagerService( 1572): Received broadcast Intent { act=android.intent.action.PACKAGE_REMOVED dat=package:it.unina.android.ripper flg=0x4000010 (has extras) }
V/BackupManagerService( 1572): removePackageParticipantsLocked: uid=10111 #1
I/PackageManager( 1572): Adding preferred activity ComponentInfo{com.android.mms/com.android.mms.ui.ComposeMessageActivity} for user 0 :
D/dalvikvm( 1572): GC_EXPLICIT freed 1460K, 51% free 8658K/17392K, paused 0ms+1ms, total 33ms
D/dalvikvm( 1572): WAIT_FOR_CONCURRENT_GC blocked 8ms
D/dalvikvm( 1572): WAIT_FOR_CONCURRENT_GC blocked 10ms
D/dalvikvm( 1572): WAIT_FOR_CONCURRENT_GC blocked 12ms
D/dalvikvm( 1572): WAIT_FOR_CONCURRENT_GC blocked 11ms
D/AndroidRuntime(11406): Shutting down VM
D/jdwp    (11406): Got wake-up signal, bailing out of select
D/dalvikvm(11406): Debugger has detached; object registry had 1 entries
I/PackageManager( 1572):   Action: "android.intent.action.SENDTO"
I/PackageManager( 1572):   Category: "android.intent.category.DEFAULT"
I/PackageManager( 1572):   Scheme: "mms"
I/PackageManager( 1572): Adding preferred activity ComponentInfo{com.android.mms/com.android.mms.ui.ComposeMessageActivity} for user 0 :
I/PackageManager( 1572):   Action: "android.intent.action.SENDTO"
I/PackageManager( 1572):   Category: "android.intent.category.DEFAULT"
I/PackageManager( 1572):   Scheme: "mmsto"
I/PackageManager( 1572): Adding preferred activity ComponentInfo{com.android.mms/com.android.mms.ui.ComposeMessageActivity} for user 0 :
I/PackageManager( 1572):   Action: "android.intent.action.SENDTO"
I/PackageManager( 1572):   Category: "android.intent.category.DEFAULT"
I/PackageManager( 1572):   Scheme: "sms"
D/dalvikvm( 1813): GC_FOR_ALLOC freed 401K, 17% free 3671K/4380K, paused 2ms, total 2ms
I/PackageManager( 1572): Adding preferred activity ComponentInfo{com.android.mms/com.android.mms.ui.ComposeMessageActivity} for user 0 :
I/PackageManager( 1572):   Action: "android.intent.action.SENDTO"
I/PackageManager( 1572):   Category: "android.intent.category.DEFAULT"
I/PackageManager( 1572):   Scheme: "smsto"
I/PackageManager( 1572): Adding preferred activity ComponentInfo{com.android.mms/com.android.mms.ui.ComposeMessageActivity} for user 0 :
I/PackageManager( 1572):   Action: "android.intent.action.SENDTO"
I/PackageManager( 1572):   Category: "android.intent.category.DEFAULT"
I/PackageManager( 1572):   Scheme: "mms"
I/PackageManager( 1572):   Action: "android.intent.action.SENDTO"
I/PackageManager( 1572):   Category: "android.intent.category.DEFAULT"
I/PackageManager( 1572):   Scheme: "mmsto"
I/PackageManager( 1572): Adding preferred activity ComponentInfo{com.android.mms/com.android.mms.ui.ComposeMessageActivity} for user 0 :
I/PackageManager( 1572): Adding preferred activity ComponentInfo{com.android.mms/com.android.mms.ui.ComposeMessageActivity} for user 0 :
I/LatinIME:LogUtils( 1778): Dictionary info: dictionary = main:en ; version = 42 ; date = 1381226516
D/dalvikvm( 1840): GC_FOR_ALLOC freed 511K, 17% free 3588K/4284K, paused 3ms, total 3ms
D/dalvikvm( 1953): GC_FOR_ALLOC freed 5625K, 45% free 20152K/36252K, paused 6ms, total 6ms
W/Launcher( 2365): setApplicationContext called twice! old=com.google.android.velvet.VelvetApplication@9d043788 new=com.google.android.velvet.VelvetApplication@9d043788
I/Fitness ( 1792): FitCleanupIntentOperation received Intent android.intent.action.PACKAGE_REMOVED [CONTEXT service_id=17 ]
W/ContextImpl( 3391): Calling a method in the system process without a qualified user: android.app.ContextImpl.startService:1479 android.content.ContextWrapper.startService:494 android.content.ContextWrapper.startService:494 com.android.keychain.KeyChainBroadcastReceiver.onReceive:12 android.app.ActivityThread.handleReceiver:2419 
D/dalvikvm( 3329): GC_FOR_ALLOC freed 512K, 19% free 3084K/3796K, paused 1ms, total 1ms
D/dalvikvm( 1792): GC_FOR_ALLOC freed 2049K, 28% free 9688K/13320K, paused 13ms, total 13ms
I/Icing.InternalIcingCorporaProvider( 2314): Updating corpora: A: it.unina.android.ripper, C: MAYBE
I/DownloadManager( 1840): Download 58 starting
I/Icing   ( 2166): doRemovePackageData it.unina.android.ripper
I/Icing   ( 2166): IndexChimeraService.getServiceInterface callingPackage=com.google.android.googlequicksearchbox componentName=null serviceId=21
W/DownloadManager( 1840): Aborting request for download 58: TYPE_DISALLOWED_BY_REQUESTOR
I/DownloadManager( 1840): Download 58 finished with status WAITING_FOR_NETWORK
I/Icing   ( 2166): Indexing com.google.android.gms-apps from com.google.android.gms
W/Icing.InternalIcingCorporaProvider( 2314): Application table change notification failed.
I/Icing   ( 2166): Indexing done com.google.android.gms-apps
W/Icing   ( 2166): No valid account for uploading user actions
I/Icing   ( 2166): Usage reports ok 0, Failed Usage reports 0, indexed 0, rejected 0
D/AndroidRuntime(11432): 
D/AndroidRuntime(11432): >>>>>> AndroidRuntime START com.android.internal.os.RuntimeInit <<<<<<
W/linker  (11432): libdvm.so has text relocations. This is wasting memory and is a security risk. Please fix.
D/AndroidRuntime(11432): CheckJNI is ON
D/dalvikvm(11432): Trying to load lib libjavacore.so 0x0
D/dalvikvm(11432): Added shared lib libjavacore.so 0x0
D/dalvikvm(11432): Trying to load lib libnativehelper.so 0x0
D/dalvikvm(11432): Added shared lib libnativehelper.so 0x0
D/dalvikvm(11432): No JNI_OnLoad found in libnativehelper.so 0x0, skipping init
D/dalvikvm(11432): Note: class Landroid/app/ActivityManagerNative; has 179 unimplemented (abstract) methods
E/memtrack(11432): Couldn't load memtrack module (No such file or directory)
E/android.os.Debug(11432): failed to load memtrack module: -2
D/AndroidRuntime(11432): Calling main entry com.android.commands.pm.Pm
D/AndroidRuntime(11432): Shutting down VM
D/jdwp    (11432): Got wake-up signal, bailing out of select
D/dalvikvm(11432): Debugger has detached; object registry had 1 entries
D/AndroidRuntime(11443): 
D/AndroidRuntime(11443): >>>>>> AndroidRuntime START com.android.internal.os.RuntimeInit <<<<<<
W/linker  (11443): libdvm.so has text relocations. This is wasting memory and is a security risk. Please fix.
D/AndroidRuntime(11443): CheckJNI is ON
D/dalvikvm(11443): Trying to load lib libjavacore.so 0x0
D/dalvikvm(11443): Added shared lib libjavacore.so 0x0
D/dalvikvm(11443): Trying to load lib libnativehelper.so 0x0
D/dalvikvm(11443): Added shared lib libnativehelper.so 0x0
D/dalvikvm(11443): No JNI_OnLoad found in libnativehelper.so 0x0, skipping init
D/dalvikvm(11443): Note: class Landroid/app/ActivityManagerNative; has 179 unimplemented (abstract) methods
E/memtrack(11443): Couldn't load memtrack module (No such file or directory)
E/android.os.Debug(11443): failed to load memtrack module: -2
D/AndroidRuntime(11443): Calling main entry com.android.commands.pm.Pm
D/keystore( 1149): calling clear_uid in state: 3
I/GeofencerStateMachine( 1792): removeGeofences: removeRequest=RemoveGeofencingRequest[REMOVE_ALL packageName=it.unina.android.ripper_service]
I/ActivityManager( 1572): Force stopping it.unina.android.ripper_service appid=10057 user=0: clear data
I/ActivityManager( 1572): Killing 2235:it.unina.android.ripper_service:android_ripper_service_process/u0a57 (adj 5): stop it.unina.android.ripper_service
I/ActivityManager( 1572):   Force stopping service ServiceRecord{9d4f4790 u0 it.unina.android.ripper_service/.AndroidRipperService}
D/Documents( 3329): Used cached roots for com.android.providers.downloads.documents
D/Documents( 3329): Used cached roots for com.android.externalstorage.documents
D/Documents( 3329): Used cached roots for com.android.providers.media.documents
D/Documents( 3329): Update found 6 roots in 1ms
I/Fitness ( 1792): FitCleanupIntentOperation received Intent android.intent.action.PACKAGE_DATA_CLEARED [CONTEXT service_id=17 ]
I/Icing   ( 2166): doRemovePackageData it.unina.android.ripper_service
D/AndroidRuntime(11443): Shutting down VM
D/jdwp    (11443): Got wake-up signal, bailing out of select
D/dalvikvm(11443): Debugger has detached; object registry had 1 entries
D/dalvikvm( 2166): GC_FOR_ALLOC freed 1894K, 13% free 21455K/24456K, paused 28ms, total 28ms
D/dalvikvm( 1953): GC_FOR_ALLOC freed 1133K, 43% free 20936K/36252K, paused 5ms, total 5ms
D/dalvikvm( 1953): GC_FOR_ALLOC freed 187K, 38% free 22728K/36252K, paused 2ms, total 2ms
D/AndroidRuntime(11459): 
D/AndroidRuntime(11459): >>>>>> AndroidRuntime START com.android.internal.os.RuntimeInit <<<<<<
W/linker  (11459): libdvm.so has text relocations. This is wasting memory and is a security risk. Please fix.
D/AndroidRuntime(11459): CheckJNI is ON
D/dalvikvm(11459): Trying to load lib libjavacore.so 0x0
D/dalvikvm(11459): Added shared lib libjavacore.so 0x0
D/dalvikvm(11459): Trying to load lib libnativehelper.so 0x0
D/dalvikvm(11459): Added shared lib libnativehelper.so 0x0
D/dalvikvm(11459): No JNI_OnLoad found in libnativehelper.so 0x0, skipping init
D/dalvikvm(11459): Note: class Landroid/app/ActivityManagerNative; has 179 unimplemented (abstract) methods
E/memtrack(11459): Couldn't load memtrack module (No such file or directory)
E/android.os.Debug(11459): failed to load memtrack module: -2
D/AndroidRuntime(11459): Calling main entry com.android.commands.pm.Pm
I/ActivityManager( 1572): Force stopping it.unina.android.ripper_service appid=10057 user=-1: uninstall pkg
W/PackageManager( 1572): Couldn't delete native library directory /data/app-lib/it.unina.android.ripper_service
D/keystore( 1149): calling clear_uid in state: 3
I/ActivityManager( 1572): Force stopping it.unina.android.ripper_service appid=10057 user=0: pkg removed
D/dalvikvm( 1572): GC_FOR_ALLOC freed 1477K, 51% free 8602K/17392K, paused 8ms, total 8ms
W/Launcher.Model( 2365): Nobody to tell about the new app.  Launcher is probably loading.
I/GeofencerStateMachine( 1792): removeGeofences: removeRequest=RemoveGeofencingRequest[REMOVE_ALL packageName=it.unina.android.ripper_service]
I/InputReader( 1572): Reconfiguring input devices.  changes=0x00000010
D/Documents( 3329): Used cached roots for com.android.providers.downloads.documents
D/Documents( 3329): Used cached roots for com.android.externalstorage.documents
D/Documents( 3329): Used cached roots for com.android.providers.media.documents
D/Documents( 3329): Update found 6 roots in 5ms
D/VoicemailCleanupService( 1884): Cleaning up data for package: it.unina.android.ripper_service
I/PackageManager( 1572):   Action: "android.intent.action.SENDTO"
I/PackageManager( 1572):   Category: "android.intent.category.DEFAULT"
I/PackageManager( 1572):   Scheme: "sms"
D/BackupManagerService( 1572): Received broadcast Intent { act=android.intent.action.PACKAGE_REMOVED dat=package:it.unina.android.ripper_service flg=0x4000010 (has extras) }
V/BackupManagerService( 1572): removePackageParticipantsLocked: uid=10057 #1
I/PackageManager( 1572): Adding preferred activity ComponentInfo{com.android.mms/com.android.mms.ui.ComposeMessageActivity} for user 0 :
D/dalvikvm( 1813): GC_FOR_ALLOC freed 468K, 18% free 3617K/4380K, paused 2ms, total 2ms
I/PackageManager( 1572):   Action: "android.intent.action.SENDTO"
I/PackageManager( 1572):   Category: "android.intent.category.DEFAULT"
I/PackageManager( 1572):   Scheme: "smsto"
I/PackageManager( 1572): Adding preferred activity ComponentInfo{com.android.mms/com.android.mms.ui.ComposeMessageActivity} for user 0 :
I/PackageManager( 1572):   Action: "android.intent.action.SENDTO"
I/PackageManager( 1572):   Category: "android.intent.category.DEFAULT"
I/PackageManager( 1572):   Scheme: "mms"
I/PackageManager( 1572): Adding preferred activity ComponentInfo{com.android.mms/com.android.mms.ui.ComposeMessageActivity} for user 0 :
I/PackageManager( 1572): Adding preferred activity ComponentInfo{com.android.mms/com.android.mms.ui.ComposeMessageActivity} for user 0 :
I/PackageManager( 1572):   Action: "android.intent.action.SENDTO"
I/PackageManager( 1572):   Category: "android.intent.category.DEFAULT"
I/PackageManager( 1572):   Scheme: "mmsto"
I/PackageManager( 1572):   Action: "android.intent.action.SENDTO"
I/PackageManager( 1572):   Category: "android.intent.category.DEFAULT"
I/PackageManager( 1572):   Scheme: "sms"
I/PackageManager( 1572): Adding preferred activity ComponentInfo{com.android.mms/com.android.mms.ui.ComposeMessageActivity} for user 0 :
D/dalvikvm( 1572): GC_EXPLICIT freed 756K, 50% free 8829K/17392K, paused 1ms+3ms, total 61ms
D/dalvikvm( 1813): GC_FOR_ALLOC freed 401K, 17% free 3671K/4380K, paused 4ms, total 4ms
D/AndroidRuntime(11459): Shutting down VM
I/PackageManager( 1572):   Action: "android.intent.action.SENDTO"
I/PackageManager( 1572):   Category: "android.intent.category.DEFAULT"
I/PackageManager( 1572):   Scheme: "smsto"
D/jdwp    (11459): Got wake-up signal, bailing out of select
D/dalvikvm(11459): Debugger has detached; object registry had 1 entries
I/LatinIME:LogUtils( 1778): Dictionary info: dictionary = main:en ; version = 42 ; date = 1381226516
I/PackageManager( 1572):   Action: "android.intent.action.SENDTO"
I/PackageManager( 1572):   Category: "android.intent.category.DEFAULT"
I/PackageManager( 1572):   Scheme: "mms"
I/PackageManager( 1572): Adding preferred activity ComponentInfo{com.android.mms/com.android.mms.ui.ComposeMessageActivity} for user 0 :
I/PackageManager( 1572): Adding preferred activity ComponentInfo{com.android.mms/com.android.mms.ui.ComposeMessageActivity} for user 0 :
I/PackageManager( 1572):   Action: "android.intent.action.SENDTO"
I/PackageManager( 1572):   Category: "android.intent.category.DEFAULT"
I/PackageManager( 1572):   Scheme: "mmsto"
I/PackageManager( 1572): Adding preferred activity ComponentInfo{com.android.mms/com.android.mms.ui.ComposeMessageActivity} for user 0 :
I/DownloadManager( 1840): Download 59 starting
W/DownloadManager( 1840): Aborting request for download 59: TYPE_DISALLOWED_BY_REQUESTOR
I/DownloadManager( 1840): Download 59 finished with status WAITING_FOR_NETWORK
W/Launcher( 2365): setApplicationContext called twice! old=com.google.android.velvet.VelvetApplication@9d043788 new=com.google.android.velvet.VelvetApplication@9d043788
I/Fitness ( 1792): FitCleanupIntentOperation received Intent android.intent.action.PACKAGE_REMOVED [CONTEXT service_id=17 ]
W/ContextImpl( 3391): Calling a method in the system process without a qualified user: android.app.ContextImpl.startService:1479 android.content.ContextWrapper.startService:494 android.content.ContextWrapper.startService:494 com.android.keychain.KeyChainBroadcastReceiver.onReceive:12 android.app.ActivityThread.handleReceiver:2419 
I/Icing   ( 2166): doRemovePackageData it.unina.android.ripper_service
I/Icing.InternalIcingCorporaProvider( 2314): Updating corpora: A: it.unina.android.ripper_service, C: MAYBE
I/Icing   ( 2166): Indexing com.google.android.gms-apps from com.google.android.gms
I/Icing   (