W/AudioService( 1572): Soundpool could not load file: /system/media/audio/ui/KeypressSpacebar.ogg
E/SoundPool( 1572): error loading /system/media/audio/ui/KeypressDelete.ogg
W/AudioService( 1572): Soundpool could not load file: /system/media/audio/ui/KeypressDelete.ogg
E/SoundPool( 1572): error loading /system/media/audio/ui/KeypressReturn.ogg
W/AudioService( 1572): Soundpool could not load file: /system/media/audio/ui/KeypressReturn.ogg
E/SoundPool( 1572): error loading /system/media/audio/ui/KeypressInvalid.ogg
W/AudioService( 1572): Soundpool could not load file: /system/media/audio/ui/KeypressInvalid.ogg
W/AudioService( 1572): onLoadSoundEffects(), Error -1 while loading samples
D/dalvikvm( 1572): GC_FOR_ALLOC freed 1631K, 47% free 9246K/17392K, paused 11ms, total 11ms
I/ContentMaintenance( 2166): Internal cache bytes used: 0; limit: 39526809; download size: 0
I/RealtimeCacheCleanup( 2166): Beginning Realtime garbage collection.
I/RealtimeCacheCleanup( 2166): Finished Realtime garbage collection.
D/dalvikvm( 1572): GC_FOR_ALLOC freed 1569K, 47% free 9245K/17392K, paused 14ms, total 14ms
V/RipperService( 2235): PING
V/AndroidRipperService( 2235): mHandler.handleMessage() RECIVED
V/AndroidRipperService( 2235): broadcast()
V/AndroidRipperService( 2235): broadcast() done
V/        ( 2235): ready
V/RipperService( 2235): END
V/AndroidRipperService( 2235): mHandler.handleMessage() RECIVED
V/AndroidRipperService( 2235): broadcast()
V/AndroidRipperService( 2235): broadcast() done
V/        ( 2235): ready
D/dalvikvm( 1572): GC_FOR_ALLOC freed 1571K, 47% free 9242K/17392K, paused 9ms, total 9ms
D/dalvikvm( 1572): GC_FOR_ALLOC freed 1568K, 47% free 9241K/17392K, paused 13ms, total 13ms
D/AndroidRuntime(10777): 
D/AndroidRuntime(10777): >>>>>> AndroidRuntime START com.android.internal.os.RuntimeInit <<<<<<
W/linker  (10777): libdvm.so has text relocations. This is wasting memory and is a security risk. Please fix.
D/AndroidRuntime(10777): CheckJNI is ON
D/dalvikvm(10777): Trying to load lib libjavacore.so 0x0
D/dalvikvm(10777): Added shared lib libjavacore.so 0x0
D/dalvikvm(10777): Trying to load lib libnativehelper.so 0x0
D/dalvikvm(10777): Added shared lib libnativehelper.so 0x0
D/dalvikvm(10777): No JNI_OnLoad found in libnativehelper.so 0x0, skipping init
D/dalvikvm(10777): Note: class Landroid/app/ActivityManagerNative; has 179 unimplemented (abstract) methods
E/memtrack(10777): Couldn't load memtrack module (No such file or directory)
E/android.os.Debug(10777): failed to load memtrack module: -2
D/AndroidRuntime(10777): Calling main entry com.android.commands.pm.Pm
D/AndroidRuntime(10777): Shutting down VM
D/dalvikvm(10777): GC_CONCURRENT freed 93K, 15% free 557K/652K, paused 0ms+0ms, total 0ms
D/AndroidRuntime(10788): 
D/AndroidRuntime(10788): >>>>>> AndroidRuntime START com.android.internal.os.RuntimeInit <<<<<<
W/linker  (10788): libdvm.so has text relocations. This is wasting memory and is a security risk. Please fix.
D/AndroidRuntime(10788): CheckJNI is ON
D/dalvikvm(10788): Trying to load lib libjavacore.so 0x0
D/dalvikvm(10788): Added shared lib libjavacore.so 0x0
D/dalvikvm(10788): Trying to load lib libnativehelper.so 0x0
D/dalvikvm(10788): Added shared lib libnativehelper.so 0x0
D/dalvikvm(10788): No JNI_OnLoad found in libnativehelper.so 0x0, skipping init
D/dalvikvm(10788): Note: class Landroid/app/ActivityManagerNative; has 179 unimplemented (abstract) methods
E/memtrack(10788): Couldn't load memtrack module (No such file or directory)
E/android.os.Debug(10788): failed to load memtrack module: -2
D/AndroidRuntime(10788): Calling main entry com.android.commands.pm.Pm
D/AndroidRuntime(10606): Shutting down VM
D/dalvikvm(10606): GC_CONCURRENT freed 96K, 15% free 557K/656K, paused 0ms+0ms, total 1ms
I/ActivityManager( 1572): Force stopping ch.hgdev.toposuite appid=10106 user=0: clear data
I/ActivityManager( 1572): Killing 10617:ch.hgdev.toposuite/u0a106 (adj 0): stop ch.hgdev.toposuite
W/ActivityManager( 1572): Force removing ActivityRecord{9d295658 u0 ch.hgdev.toposuite/.entry.MainActivity t28}: app died, no saved state
W/ActivityManager( 1572): Crash of app ch.hgdev.toposuite running instrumentation ComponentInfo{it.unina.android.ripper/android.test.InstrumentationTestRunner}
W/InputDispatcher( 1572): channel '9d2daef0 ch.hgdev.toposuite/ch.hgdev.toposuite.entry.MainActivity (server)' ~ Consumer closed input channel or an error occurred.  events=0x9
E/InputDispatcher( 1572): channel '9d2daef0 ch.hgdev.toposuite/ch.hgdev.toposuite.entry.MainActivity (server)' ~ Channel is unrecoverably broken and will be disposed!
W/InputDispatcher( 1572): Attempted to unregister already unregistered input channel '9d2daef0 ch.hgdev.toposuite/ch.hgdev.toposuite.entry.MainActivity (server)'
I/WindowState( 1572): WIN DEATH: Window{9d2daef0 u0 ch.hgdev.toposuite/ch.hgdev.toposuite.entry.MainActivity}
D/keystore( 1149): calling clear_uid in state: 3
I/ActivityManager( 1572): Force stopping ch.hgdev.toposuite appid=10106 user=0: finished inst
I/GeofencerStateMachine( 1792): removeGeofences: removeRequest=RemoveGeofencingRequest[REMOVE_ALL packageName=ch.hgdev.toposuite]
D/Documents( 3329): Used cached roots for com.android.providers.downloads.documents
D/Documents( 3329): Used cached roots for com.android.externalstorage.documents
D/Documents( 3329): Used cached roots for com.android.providers.media.documents
D/Documents( 3329): Update found 6 roots in 0ms
D/EGL_emulation( 1953): eglMakeCurrent: 0xb85f92a0: ver 3 0
D/AndroidRuntime(10788): Shutting down VM
D/dalvikvm(10788): GC_CONCURRENT freed 92K, 15% free 549K/644K, paused 0ms+0ms, total 0ms
I/Icing   ( 2166): doRemovePackageData ch.hgdev.toposuite
D/EGL_emulation( 1953): eglMakeCurrent: 0xb85f92a0: ver 3 0
E/EGL_emulation( 1953): tid 1953: eglSurfaceAttrib(1199): error 0x3009 (EGL_BAD_MATCH)
W/HardwareRenderer( 1953): Backbuffer cannot be preserved
W/Binder  ( 1778): Caught a RuntimeException from the binder stub implementation.
W/Binder  ( 1778): java.lang.NullPointerException
W/Binder  ( 1778): 	at android.inputmethodservice.IInputMethodWrapper.setSessionEnabled(IInputMethodWrapper.java:280)
W/Binder  ( 1778): 	at com.android.internal.view.IInputMethod$Stub.onTransact(IInputMethod.java:129)
W/Binder  ( 1778): 	at android.os.Binder.execTransact(Binder.java:404)
W/Binder  ( 1778): 	at dalvik.system.NativeStart.run(Native Method)
W/InputMethodManagerService( 1572): Got RemoteException sending setActive(false) notification to pid 10617 uid 10106
D/dalvikvm( 1792): GC_FOR_ALLOC freed 2078K, 28% free 9696K/13320K, paused 24ms, total 24ms
I/Fitness ( 1792): FitCleanupIntentOperation received Intent android.intent.action.PACKAGE_DATA_CLEARED [CONTEXT service_id=17 ]
D/AndroidRuntime(10814): 
D/AndroidRuntime(10814): >>>>>> AndroidRuntime START com.android.internal.os.RuntimeInit <<<<<<
W/linker  (10814): libdvm.so has text relocations. This is wasting memory and is a security risk. Please fix.
D/AndroidRuntime(10814): CheckJNI is ON
D/dalvikvm(10814): Trying to load lib libjavacore.so 0x0
D/dalvikvm(10814): Added shared lib libjavacore.so 0x0
D/dalvikvm(10814): Trying to load lib libnativehelper.so 0x0
D/dalvikvm(10814): Added shared lib libnativehelper.so 0x0
D/dalvikvm(10814): No JNI_OnLoad found in libnativehelper.so 0x0, skipping init
D/dalvikvm(10814): Note: class Landroid/app/ActivityManagerNative; has 179 unimplemented (abstract) methods
E/memtrack(10814): Couldn't load memtrack module (No such file or directory)
E/android.os.Debug(10814): failed to load memtrack module: -2
D/AndroidRuntime(10814): Calling main entry com.android.commands.pm.Pm
I/ActivityManager( 1572): Force stopping ch.hgdev.toposuite appid=10106 user=-1: uninstall pkg
W/PackageManager( 1572): Couldn't delete native library directory /data/app-lib/ch.hgdev.toposuite
D/keystore( 1149): calling clear_uid in state: 3
D/dalvikvm( 1953): GC_EXPLICIT freed 190K, 35% free 23740K/36252K, paused 1ms+1ms, total 4ms
I/ActivityManager( 1572): Force stopping ch.hgdev.toposuite appid=10106 user=0: pkg removed
D/dalvikvm( 2365): GC_EXPLICIT freed 162K, 17% free 3445K/4124K, paused 0ms+0ms, total 2ms
D/dalvikvm( 2314): GC_EXPLICIT freed 215K, 19% free 3413K/4176K, paused 0ms+0ms, total 2ms
I/InputReader( 1572): Reconfiguring input devices.  changes=0x00000010
I/GeofencerStateMachine( 1792): removeGeofences: removeRequest=RemoveGeofencingRequest[REMOVE_ALL packageName=ch.hgdev.toposuite]
I/PackageManager( 1572):   Action: "android.intent.action.SENDTO"
I/PackageManager( 1572):   Category: "android.intent.category.DEFAULT"
I/PackageManager( 1572):   Scheme: "sms"
I/PackageManager( 1572): Adding preferred activity ComponentInfo{com.android.mms/com.android.mms.ui.ComposeMessageActivity} for user 0 :
W/Launcher.Model( 2365): Nobody to tell about the new app.  Launcher is probably loading.
D/Documents( 3329): Used cached roots for com.android.providers.downloads.documents
D/Documents( 3329): Used cached roots for com.android.externalstorage.documents
D/Documents( 3329): Used cached roots for com.android.providers.media.documents
D/Documents( 3329): Update found 6 roots in 4ms
D/dalvikvm( 1813): GC_FOR_ALLOC freed 482K, 18% free 3619K/4380K, paused 3ms, total 3ms
I/PackageManager( 1572):   Action: "android.intent.action.SENDTO"
I/PackageManager( 1572):   Category: "android.intent.category.DEFAULT"
I/PackageManager( 1572):   Scheme: "smsto"
D/VoicemailCleanupService( 1884): Cleaning up data for package: ch.hgdev.toposuite
I/PackageManager( 1572): Adding preferred activity ComponentInfo{com.android.mms/com.android.mms.ui.ComposeMessageActivity} for user 0 :
D/dalvikvm( 2166): GC_EXPLICIT freed 529K, 13% free 21293K/24456K, paused 0ms+1ms, total 43ms
D/dalvikvm( 1572): GC_FOR_ALLOC freed 2144K, 51% free 8664K/17392K, paused 17ms, total 17ms
D/BackupManagerService( 1572): Received broadcast Intent { act=android.intent.action.PACKAGE_REMOVED dat=package:ch.hgdev.toposuite flg=0x4000010 (has extras) }
V/BackupManagerService( 1572): removePackageParticipantsLocked: uid=10106 #1
I/PackageManager( 1572):   Action: "android.intent.action.SENDTO"
I/PackageManager( 1572):   Category: "android.intent.category.DEFAULT"
I/PackageManager( 1572):   Scheme: "mms"
I/PackageManager( 1572):   Action: "android.intent.action.SENDTO"
I/PackageManager( 1572):   Category: "android.intent.category.DEFAULT"
I/PackageManager( 1572):   Scheme: "mmsto"
I/PackageManager( 1572): Adding preferred activity ComponentInfo{com.android.mms/com.android.mms.ui.ComposeMessageActivity} for user 0 :
I/PackageManager( 1572): Adding preferred activity ComponentInfo{com.android.mms/com.android.mms.ui.ComposeMessageActivity} for user 0 :
I/PackageManager( 1572):   Action: "android.intent.action.SENDTO"
I/PackageManager( 1572):   Category: "android.intent.category.DEFAULT"
I/PackageManager( 1572):   Scheme: "sms"
D/dalvikvm( 1813): GC_FOR_ALLOC freed 401K, 17% free 3671K/4380K, paused 2ms, total 2ms
I/PackageManager( 1572): Adding preferred activity ComponentInfo{com.android.mms/com.android.mms.ui.ComposeMessageActivity} for user 0 :
I/PackageManager( 1572):   Action: "android.intent.action.SENDTO"
I/PackageManager( 1572):   Category: "android.intent.category.DEFAULT"
I/PackageManager( 1572):   Scheme: "smsto"
I/PackageManager( 1572):   Action: "android.intent.action.SENDTO"
I/PackageManager( 1572):   Category: "android.intent.category.DEFAULT"
I/PackageManager( 1572):   Scheme: "mms"
I/PackageManager( 1572): Adding preferred activity ComponentInfo{com.android.mms/com.android.mms.ui.ComposeMessageActivity} for user 0 :
I/PackageManager( 1572): Adding preferred activity ComponentInfo{com.android.mms/com.android.mms.ui.ComposeMessageActivity} for user 0 :
D/dalvikvm( 1572): GC_EXPLICIT freed 891K, 51% free 8654K/17392K, paused 7ms+5ms, total 40ms
I/PackageManager( 1572):   Action: "android.intent.action.SENDTO"
I/PackageManager( 1572):   Category: "android.intent.category.DEFAULT"
I/PackageManager( 1572):   Scheme: "mmsto"
D/AndroidRuntime(10814): Shutting down VM
D/dalvikvm(10814): GC_CONCURRENT freed 92K, 15% free 549K/644K, paused 0ms+0ms, total 1ms
I/PackageManager( 1572): Adding preferred activity ComponentInfo{com.android.mms/com.android.mms.ui.ComposeMessageActivity} for user 0 :
I/LatinIME:LogUtils( 1778): Dictionary info: dictionary = main:en ; version = 42 ; date = 1381226516
D/dalvikvm( 1840): GC_FOR_ALLOC freed 505K, 17% free 3587K/4280K, paused 5ms, total 5ms
I/DownloadManager( 1840): Download 53 starting
W/DownloadManager( 1840): Aborting request for download 53: TYPE_DISALLOWED_BY_REQUESTOR
I/DownloadManager( 1840): Download 53 finished with status WAITING_FOR_NETWORK
W/Launcher( 2365): setApplicationContext called twice! old=com.google.android.velvet.VelvetApplication@9d043788 new=com.google.android.velvet.VelvetApplication@9d043788
I/Icing.InternalIcingCorporaProvider( 2314): Updating corpora: A: ch.hgdev.toposuite, C: MAYBE
I/Fitness ( 1792): FitCleanupIntentOperation received Intent android.intent.action.PACKAGE_REMOVED [CONTEXT service_id=17 ]
W/ContextImpl( 3391): Calling a method in the system process without a qualified user: android.app.ContextImpl.startService:1479 android.content.ContextWrapper.startService:494 android.content.ContextWrapper.startService:494 com.android.keychain.KeyChainBroadcastReceiver.onReceive:12 android.app.ActivityThread.handleReceiver:2419 
W/ContextImpl( 2314): Implicit intents with startService are not safe: Intent { act=com.google.android.gms.icing.INDEX_SERVICE } android.content.ContextWrapper.bindService:517 com.google.android.gms.internal.av.a:-1 com.google.android.gms.internal.au.connect:-1 
I/Icing   ( 2166): IndexChimeraService.getServiceInterface callingPackage=com.google.android.googlequicksearchbox componentName=null serviceId=21
I/Icing   ( 2166): doRemovePackageData ch.hgdev.toposuite
I/Icing   ( 2166): IndexChimeraService.getServiceInterface callingPackage=com.google.android.gms componentName=AppsCorpus serviceId=36
W/Icing   ( 2166): No valid account for uploading user actions
I/Icing   ( 2166): Usage reports ok 0, Failed Usage reports 0, indexed 0, rejected 0
W/Icing   ( 2166): No valid account for uploading user actions
I/Icing   ( 2166): Usage reports ok 0, Failed Usage reports 0, indexed 0, rejected 0
I/Icing   ( 2166): Indexing com.google.android.googlequicksearchbox-applications from com.google.android.googlequicksearchbox
I/Icing   ( 2166): Indexing com.google.android.gms-internal.3p:MobileApplication from com.google.android.gms
I/Icing   ( 2166): Indexing com.google.android.gms-apps from com.google.android.gms
I/Icing   ( 2166): Indexing done com.google.android.googlequicksearchbox-applications
I/Icing   ( 2166): Indexing done com.google.android.gms-internal.3p:MobileApplication
I/Icing   ( 2166): Indexing done com.google.android.gms-apps
D/AndroidRuntime(10839): 
D/AndroidRuntime(10839): >>>>>> AndroidRuntime START com.android.internal.os.RuntimeInit <<<<<<
W/linker  (10839): libdvm.so has text relocations. This is wasting memory and is a security risk. Please fix.
D/AndroidRuntime(10839): CheckJNI is ON
D/dalvikvm(10839): Trying to load lib libjavacore.so 0x0
D/dalvikvm(10839): Added shared lib libjavacore.so 0x0
D/dalvikvm(10839): Trying to load lib libnativehelper.so 0x0
D/dalvikvm(10839): Added shared lib libnativehelper.so 0x0
D/dalvikvm(10839): No JNI_OnLoad found in libnativehelper.so 0x0, skipping init
D/dalvikvm(10839): Note: class Landroid/app/ActivityManagerNative; has 179 unimplemented (abstract) methods
E/memtrack(10839): Couldn't load memtrack module (No such file or directory)
E/android.os.Debug(10839): failed to load memtrack module: -2
D/AndroidRuntime(10839): Calling main entry com.android.commands.pm.Pm
D/AndroidRuntime(10839): Shutting down VM
D/dalvikvm(10839): GC_CONCURRENT freed 93K, 15% free 557K/652K, paused 0ms+1ms, total 1ms
D/AndroidRuntime(10850): 
D/AndroidRuntime(10850): >>>>>> AndroidRuntime START com.android.internal.os.RuntimeInit <<<<<<
W/linker  (10850): libdvm.so has text relocations. This is wasting memory and is a security risk. Please fix.
D/AndroidRuntime(10850): CheckJNI is ON
D/dalvikvm(10850): Trying to load lib libjavacore.so 0x0
D/dalvikvm(10850): Added shared lib libjavacore.so 0x0
D/dalvikvm(10850): Trying to load lib libnativehelper.so 0x0
D/dalvikvm(10850): Added shared lib libnativehelper.so 0x0
D/dalvikvm(10850): No JNI_OnLoad found in libnativehelper.so 0x0, skipping init
D/dalvikvm(10850): Note: class Landroid/app/ActivityManagerNative; has 179 unimplemented (abstract) methods
E/memtrack(10850): Couldn't load memtrack module (No such file or directory)
E/android.os.Debug(10850): failed to load memtrack module: -2
D/AndroidRuntime(10850): Calling main entry com.android.commands.pm.Pm
D/keystore( 1149): calling clear_uid in state: 3
D/Documents( 3329): Used cached roots for com.android.providers.downloads.documents
D/Documents( 3329): Used cached roots for com.android.externalstorage.documents
D/Documents( 3329): Used cached roots for com.android.providers.media.documents
D/Documents( 3329): Update found 6 roots in 1ms
I/GeofencerStateMachine( 1792): removeGeofences: removeRequest=RemoveGeofencingRequest[REMOVE_ALL packageName=it.unina.android.ripper]
I/ActivityManager( 1572): Force stopping it.unina.android.ripper appid=10107 user=0: clear data
I/Icing   ( 2166): doRemovePackageData it.unina.android.ripper
D/AndroidRuntime(10850): Shutting down VM
D/dalvikvm(10850): GC_CONCURRENT freed 92K, 15% free 549K/644K, paused 0ms+0ms, total 0ms
I/AndroidRuntime(10850): NOTE: attach of thread 'Binder_2' failed
I/Fitness ( 1792): FitCleanupIntentOperation received Intent android.intent.action.PACKAGE_DATA_CLEARED [CONTEXT service_id=17 ]
D/AndroidRuntime(10866): 
D/AndroidRuntime(10866): >>>>>> AndroidRuntime START com.android.internal.os.RuntimeInit <<<<<<
W/linker  (10866): libdvm.so has text relocations. This is wasting memory and is a security risk. Please fix.
D/AndroidRuntime(10866): CheckJNI is ON
D/dalvikvm(10866): Trying to load lib libjavacore.so 0x0
D/dalvikvm(10866): Added shared lib libjavacore.so 0x0
D/dalvikvm(10866): Trying to load lib libnativehelper.so 0x0
D/dalvikvm(10866): Added shared lib libnativehelper.so 0x0
D/dalvikvm(10866): No JNI_OnLoad found in libnativehelper.so 0x0, skipping init
D/dalvikvm(10866): Note: class Landroid/app/ActivityManagerNative; has 179 unimplemented (abstract) methods
E/memtrack(10866): Couldn't load memtrack module (No such file or directory)
E/android.os.Debug(10866): failed to load memtrack module: -2
D/AndroidRuntime(10866): Calling main entry com.android.commands.pm.Pm
I/ActivityManager( 1572): Force stopping it.unina.android.ripper appid=10107 user=-1: uninstall pkg
W/PackageManager( 1572): Couldn't delete native library directory /data/app-lib/it.unina.android.ripper
D/keystore( 1149): calling clear_uid in state: 3
I/GeofencerStateMachine( 1792): removeGeofences: removeRequest=RemoveGeofencingRequest[REMOVE_ALL packageName=it.unina.android.ripper]
W/Launcher.Model( 2365): Nobody to tell about the new app.  Launcher is probably loading.
I/ActivityManager( 1572): Force stopping it.unina.android.ripper appid=10107 user=0: pkg removed
D/Documents( 3329): Used cached roots for com.android.providers.downloads.documents
D/Documents( 3329): Used cached roots for com.android.externalstorage.documents
D/Documents( 3329): Used cached roots for com.android.providers.media.documents
D/Documents( 3329): Update found 6 roots in 4ms
I/PackageManager( 1572):   Action: "android.intent.action.SENDTO"
I/PackageManager( 1572):   Category: "android.intent.category.DEFAULT"
I/PackageManager( 1572):   Scheme: "sms"
D/VoicemailCleanupService( 1884): Cleaning up data for package: it.unina.android.ripper
I/PackageManager( 1572): Adding preferred activity ComponentInfo{com.android.mms/com.android.mms.ui.ComposeMessageActivity} for user 0 :
I/InputReader( 1572): Reconfiguring input devices.  changes=0x00000010
D/dalvikvm( 1813): GC_FOR_ALLOC freed 462K, 18% free 3614K/4380K, paused 2ms, total 2ms
I/PackageManager( 1572):   Action: "android.intent.action.SENDTO"
I/PackageManager( 1572):   Category: "android.intent.category.DEFAULT"
I/PackageManager( 1572):   Scheme: "smsto"
D/BackupManagerService( 1572): Received broadcast Intent { act=android.intent.action.PACKAGE_REMOVED dat=package:it.unina.android.ripper flg=0x4000010 (has extras) }
V/BackupManagerService( 1572): removePackageParticipantsLocked: uid=10107 #1
I/PackageManager( 1572): Adding preferred activity ComponentInfo{com.android.mms/com.android.mms.ui.ComposeMessageActivity} for user 0 :
I/PackageManager( 1572):   Action: "android.intent.action.SENDTO"
I/PackageManager( 1572):   Category: "android.intent.category.DEFAULT"
I/PackageManager( 1572):   Scheme: "mms"
I/PackageManager( 1572): Adding preferred activity ComponentInfo{com.android.mms/com.android.mms.ui.ComposeMessageActivity} for user 0 :
I/PackageManager( 1572):   Action: "android.intent.action.SENDTO"
I/PackageManager( 1572):   Category: "android.intent.category.DEFAULT"
I/PackageManager( 1572):   Scheme: "mmsto"
I/PackageManager( 1572): Adding preferred activity ComponentInfo{com.android.mms/com.android.mms.ui.ComposeMessageActivity} for user 0 :
D/dalvikvm( 1572): GC_EXPLICIT freed 1383K, 51% free 8690K/17392K, paused 0ms+1ms, total 44ms
D/dalvikvm( 1572): WAIT_FOR_CONCURRENT_GC blocked 7ms
D/dalvikvm( 1572): WAIT_FOR_CONCURRENT_GC blocked 5ms
I/PackageManager( 1572):   Action: "android.intent.action.SENDTO"
I/PackageManager( 1572):   Category: "android.intent.category.DEFAULT"
I/PackageManager( 1572):   Scheme: "sms"
D/AndroidRuntime(10866): Shutting down VM
D/dalvikvm(10866): GC_CONCURRENT freed 92K, 15% free 549K/644K, paused 0ms+0ms, total 1ms
I/PackageManager( 1572): Adding preferred activity ComponentInfo{com.android.mms/com.android.mms.ui.ComposeMessageActivity} for user 0 :
D/dalvikvm( 1813): GC_FOR_ALLOC freed 405K, 17% free 3670K/4380K, paused 2ms, total 2ms
I/PackageManager( 1572):   Action: "android.intent.action.SENDTO"
I/PackageManager( 1572):   Category: "android.intent.category.DEFAULT"
I/PackageManager( 1572):   Scheme: "smsto"
I/PackageManager( 1572): Adding preferred activity ComponentInfo{com.android.mms/com.android.mms.ui.ComposeMessageActivity} for user 0 :
I/PackageManager( 1572):   Action: "android.intent.action.SENDTO"
I/PackageManager( 1572):   Category: "android.intent.category.DEFAULT"
I/PackageManager( 1572):   Scheme: "mms"
I/PackageManager( 1572): Adding preferred activity ComponentInfo{com.android.mms/com.android.mms.ui.ComposeMessageActivity} for user 0 :
I/PackageManager( 1572):   Action: "android.intent.action.SENDTO"
I/PackageManager( 1572):   Category: "android.intent.category.DEFAULT"
I/PackageManager( 1572):   Scheme: "mmsto"
I/PackageManager( 1572): Adding preferred activity ComponentInfo{com.android.mms/com.android.mms.ui.ComposeMessageActivity} for user 0 :
I/LatinIME:LogUtils( 1778): Dictionary info: dictionary = main:en ; version = 42 ; date = 1381226516
I/DownloadManager( 1840): Download 54 starting
W/DownloadManager( 1840): Aborting request for download 54: TYPE_DISALLOWED_BY_REQUESTOR
D/dalvikvm( 1953): GC_FOR_ALLOC freed 5843K, 45% free 19945K/36252K, paused 9ms, total 10ms
I/DownloadManager( 1840): Download 54 finished with status WAITING_FOR_NETWORK
W/Launcher( 2365): setApplicationContext called twice! old=com.google.android.velvet.VelvetApplication@9d043788 new=com.google.android.velvet.VelvetApplication@9d043788
I/Fitness ( 1792): FitCleanupIntentOperation received Intent android.intent.action.PACKAGE_REMOVED [CONTEXT service_id=17 ]
W/ContextImpl( 3391): Calling a method in the system process without a qualified user: android.app.ContextImpl.startService:1479 android.content.ContextWrapper.startService:494 android.content.ContextWrapper.startService:494 com.android.keychain.KeyChainBroadcastReceiver.onReceive:12 android.app.ActivityThread.handleReceiver:2419 
I/Icing.InternalIcingCorporaProvider( 2314): Updating corpora: A: it.unina.android.ripper, C: MAYBE
I/Icing   ( 2166): IndexChimeraService.getServiceInterface callingPackage=com.google.android.googlequicksearchbox componentName=null serviceId=21
I/Icing   ( 2166): doRemovePackageData it.unina.android.ripper
W/Icing.InternalIcingCorporaProvider( 2314): Application table change notification failed.
W/Icing   ( 2166): No valid account for uploading user actions
I/Icing   ( 2166): Usage reports ok 0, Failed Usage reports 0, indexed 0, rejected 0
I/Icing   ( 2166): Indexing com.google.android.gms-apps from com.google.android.gms
I/Icing   ( 2166): Indexing done com.google.android.gms-apps
D/AndroidRuntime(10894): 
D/AndroidRuntime(10894): >>>>>> AndroidRuntime START com.android.internal.os.RuntimeInit <<<<<<
W/linker  (10894): libdvm.so has text relocations. This is wasting memory and is a security risk. Please fix.
D/AndroidRuntime(10894): CheckJNI is ON
D/dalvikvm(10894): Trying to load lib libjavacore.so 0x0
D/dalvikvm(10894): Added shared lib libjavacore.so 0x0
D/dalvikvm(10894): Trying to load lib libnativehelper.so 0x0
D/dalvikvm(10894): Added shared lib libnativehelper.so 0x0
D/dalvikvm(10894): No JNI_OnLoad found in libnativehelper.so 0x0, skipping init
D/dalvikvm(10894): Note: class Landroid/app/ActivityManagerNative; has 179 unimplemented (abstract) methods
E/memtrack(10894): Couldn't load memtrack module (No such file or directory)
E/android.os.Debug(10894): failed to load memtrack module: -2
D/AndroidRuntime(10894): Calling main entry com.android.commands.pm.Pm
W/ActivityManager( 1572): No content provider found for permission revoke: file:///sdcard/aut.apk
W/ActivityManager( 1572): No content provider found for permission revoke: file:///sdcard/aut.apk
I/PackageManager( 1572): Copying native libraries to /data/app-lib/vmdl2090747492
D/dalvikvm( 1572): GC_FOR_ALLOC freed 1169K, 49% free 8938K/17392K, paused 9ms, total 9ms
D/dalvikvm( 1572): GC_FOR_ALLOC freed 1018K, 46% free 9411K/17392K, paused 7ms, total 7ms
D/dalvikvm( 1572): GC_FOR_ALLOC freed 1434K, 45% free 9581K/17392K, paused 7ms, total 7ms
D/dalvikvm( 1953): GC_FOR_ALLOC freed 939K, 43% free 20864K/36252K, paused 3ms, total 3ms
D/dalvikvm( 1572): GC_FOR_ALLOC freed 1639K, 45% free 9591K/17392K, paused 8ms, total 8ms
D/dalvikvm( 1953): GC_FOR_ALLOC freed 81K, 38% free 22737K/36252K, paused 3ms, total 3ms
D/dalvikvm( 1572): GC_FOR_ALLOC freed 1641K, 45% free 9603K/17392K, paused 7ms, total 7ms
D/dalvikvm( 1572): GC_FOR_ALLOC freed 1641K, 45% free 9619K/17392K, paused 6ms, total 6ms
D/dalvikvm( 1572): GC_FOR_ALLOC freed 1645K, 45% free 9633K/17392K, paused 7ms, total 7ms
I/PackageManager( 1572): Running dexopt on: ch.hgdev.toposuite
W/linker  (10906): libdvm.so has text relocations. This is wasting memory and is a security risk. Please fix.
W/dalvikvm(10906): method Landroid/support/v7/widget/DropDownListView;.lookForSelectablePosition incorrectly overrides package-private method with same name in Landroid/widget/ListView;
I/dalvikvm(10906): DexOpt: illegal method access (call Landroid/support/v4/media/AudioAttributesCompat;.<init> ()V from Landroidx/media/AudioAttributesCompatParcelizer;)
W/dalvikvm(10906): DexOpt: resolve class illegal access: Landroidx/media/AudioAttributesImplApi21Parcelizer; -> Landroid/support/v4/media/AudioAttributesImplApi21;
W/dalvikvm(10906): DexOpt: resolve class illegal access: Landroidx/media/AudioAttributesImplBaseParcelizer; -> Landroid/support/v4/media/AudioAttributesImplBase;
D/dalvikvm(10906): DexOpt: couldn't find static field Landroid/view/View;.TRANSLATION_Z
D/dalvikvm(10906): DexOpt: load 20ms, verify+opt 84ms, 2630356 bytes
I/ActivityManager( 1572): Force stopping ch.hgdev.toposuite appid=10108 user=-1: update pkg
I/InputReader( 1572): Reconfiguring input devices.  changes=0x00000010
I/PackageManager( 1572):   Action: "android.intent.action.SENDTO"
I/PackageManager( 1572):   Category: "android.intent.category.DEFAULT"
I/PackageManager( 1572):   Scheme: "sms"
I/PackageManager( 1572): Adding preferred activity ComponentInfo{com.android.mms/com.android.mms.ui.ComposeMessageActivity} for user 0 :
D/Documents( 3329): Used cached roots for com.android.providers.downloads.documents
D/Documents( 3329): Used cached roots for com.android.externalstorage.documents
D/Documents( 3329): Used cached roots for com.android.providers.media.documents
D/Documents( 3329): Update found 6 roots in 10ms
W/Launcher.Model( 2365): Nobody to tell about the new app.  Launcher is probably loading.
D/dalvikvm( 1813): GC_FOR_ALLOC freed 470K, 18% free 3614K/4380K, paused 1ms, total 2ms
I/PackageManager( 1572):   Action: "android.intent.action.SENDTO"
I/PackageManager( 1572):   Category: "android.intent.category.DEFAULT"
I/PackageManager( 1572):   Scheme: "smsto"
D/BackupManagerService( 1572): Received broadcast Intent { act=android.intent.action.PACKAGE_ADDED dat=package:ch.hgdev.toposuite flg=0x4000010 (has extras) }
V/BackupManagerService( 1572): addPackageParticipantsLocked: #1
I/PackageManager( 1572): Adding preferred activity ComponentInfo{com.android.mms/com.android.mms.ui.ComposeMessageActivity} for user 0 :
I/PackageManager( 1572):   Action: "android.intent.action.SENDTO"
I/PackageManager( 1572):   Category: "android.intent.category.DEFAULT"
I/PackageManager( 1572):   Scheme: "mms"
I/PackageManager( 1572): Adding preferred activity ComponentInfo{com.android.mms/com.android.mms.ui.ComposeMessageActivity} for user 0 :
I/PackageManager( 1572):   Action: "android.intent.action.SENDTO"
I/PackageManager( 1572):   Category: "android.intent.category.DEFAULT"
I/PackageManager( 1572):   Scheme: "mmsto"
I/PackageManager( 1572): Adding preferred activity ComponentInfo{com.android.mms/com.android.mms.ui.ComposeMessageActivity} for user 0 :
I/Auth    ( 2166): [SupervisedAccountIntentOperation] onHandleIntent(): android.intent.action.PACKAGE_ADDED
I/PackageManager( 1572):   Action: "android.intent.action.SENDTO"
I/PackageManager( 1572):   Category: "android.intent.category.DEFAULT"
I/PackageManager( 1572):   Scheme: "sms"
I/PackageManager( 1572): Adding preferred activity ComponentInfo{com.android.mms/com.android.mms.ui.ComposeMessageActivity} for user 0 :
D/dalvikvm( 1813): GC_FOR_ALLOC freed 401K, 17% free 3670K/4380K, paused 2ms, total 2ms
I/PackageManager( 1572):   Action: "android.intent.action.SENDTO"
I/PackageManager( 1572):   Category: "android.intent.category.DEFAULT"
I/PackageManager( 1572):   Scheme: "smsto"
I/PackageManager( 1572): Adding preferred activity ComponentInfo{com.android.mms/com.android.mms.ui.ComposeMessageActivity} for user 0 :
W/GCM     ( 1792): Unexpected forwarded intent: Intent { act=android.intent.action.PACKAGE_ADDED dat=package:ch.hgdev.toposuite flg=0x4000010 cmp=com.google.android.gms/.chimera.PersistentIntentOperationService (has extras) }
W/GCM     ( 1792): Unexpected forwarded intent: Intent { act=android.intent.action.PACKAGE_ADDED dat=package:ch.hgdev.toposuite flg=0x4000010 cmp=com.google.android.gms/.chimera.PersistentIntentOperationService (has extras) }
D/dalvikvm( 2166): GC_FOR_ALLOC freed 1864K, 13% free 21476K/24456K, paused 25ms, total 25ms
I/ChromeSync( 2166): [Sync,SyncIntentOperation] Handling the intent: Intent { act=android.intent.action.PACKAGE_ADDED dat=package:ch.hgdev.toposuite flg=0x4000010 cmp=com.google.android.gms/.chimera.GmsIntentOperationService (has extras) }.
D/dalvikvm( 1572): GC_EXPLICIT freed 1589K, 45% free 9708K/17392K, paused 3ms+4ms, total 74ms
D/dalvikvm( 1572): WAIT_FOR_CONCURRENT_GC blocked 15ms
D/dalvikvm( 1572): WAIT_FOR_CONCURRENT_GC blocked 2ms
D/dalvikvm( 1572): WAIT_FOR_CONCURRENT_GC blocked 2ms
D/dalvikvm( 1572): WAIT_FOR_CONCURRENT_GC blocked 3ms
D/dalvikvm( 1572): WAIT_FOR_CONCURRENT_GC blocked 3ms
D/AndroidRuntime(10894): Shutting down VM
I/PackageManager( 1572):   Action: "android.intent.action.SENDTO"
I/PackageManager( 1572):   Category: "android.intent.category.DEFAULT"
I/PackageManager( 1572):   Scheme: "mms"
D/dalvikvm(10894): GC_CONCURRENT freed 93K, 15% free 552K/648K, paused 0ms+0ms, total 0ms
I/PackageManager( 1572): Adding preferred activity ComponentInfo{com.android.mms/com.android.mms.ui.ComposeMessageActivity} for user 0 :
I/PackageManager( 1572):   Action: "android.intent.action.SENDTO"
I/PackageManager( 1572):   Category: "android.intent.category.DEFAULT"
I/PackageManager( 1572):   Scheme: "mmsto"
I/FontLog ( 2166): Package ch.hgdev.toposuite has no metadata [CONTEXT service_id=132 ]
I/PackageManager( 1572): Adding preferred activity ComponentInfo{com.android.mms/com.android.mms.ui.ComposeMessageActivity} for user 0 :
I/Icing.InternalIcingCorporaProvider( 2314): Updating corpora: A: ch.hgdev.toposuite, C: MAYBE
E/GmsClient( 2166): unable to connect to service: com.google.android.gms.auth.key.retrieval.service.START on com.google.android.gms
W/ActivityManager( 1572): Unable to start service Intent { act=com.google.android.gms.auth.key.retrieval.service.START pkg=com.google.android.gms } U=0: not found
W/ActivityManager( 1572): Unbind failed: could not find connection for android.os.BinderProxy@9db583a0
I/Icing   ( 2166): IndexChimeraService.getServiceInterface callingPackage=com.google.android.googlequicksearchbox componentName=null serviceId=21
I/ChromeSync( 2166): [Persistence,AffiliationManager] One of affiliation or grouping data for android://KSmUCdTXmQS-j9D_O8l1jvyu41Pjn2mc5cb0Gvx1e9H1Aj4JCzHs_uTW26nbtH65K-YfijtBsQxGp-8R6k6HFg==@ch.hgdev.toposuite/ was not found. Marking affiliation data as stale...
W/Icing   ( 2166): No valid account for uploading user actions
I/Icing   ( 2166): Usage reports ok 0, Failed Usage reports 0, indexed 0, rejected 0
I/Icing   ( 2166): Indexing com.google.android.googlequicksearchbox-applications from com.google.android.googlequicksearchbox
I/Icing   ( 2166): Indexing com.google.android.gms-internal.3p:MobileApplication from com.google.android.gms
I/Icing   ( 2166): Indexing com.google.android.gms-apps from com.google.android.gms
D/dalvikvm( 1953): GC_FOR_ALLOC freed 6105K, 49% free 18680K/36252K, paused 2ms, total 3ms
I/Icing   ( 2166): Indexing done com.google.android.googlequicksearchbox-applications
I/Icing   ( 2166): Indexing done com.google.android.gms-internal.3p:MobileApplication
I/Icing   ( 2166): Indexing done com.google.android.gms-apps
D/AndroidRuntime(10912): 
D/AndroidRuntime(10912): >>>>>> AndroidRuntime START com.android.internal.os.RuntimeInit <<<<<<
W/linker  (10912): libdvm.so has text relocations. This is wasting memory and is a security risk. Please fix.
D/AndroidRuntime(10912): CheckJNI is ON
D/dalvikvm(10912): Trying to load lib libjavacore.so 0x0
D/dalvikvm(10912): Added shared lib libjavacore.so 0x0
D/dalvikvm(10912): Trying to load lib libnativehelper.so 0x0
D/dalvikvm(10912): Added shared lib libnativehelper.so 0x0
D/dalvikvm(10912): No JNI_OnLoad found in libnativehelper.so 0x0, skipping init
D/dalvikvm(10912): Note: class Landroid/app/ActivityManagerNative; has 179 unimplemented (abstract) methods
E/memtrack(10912): Couldn't load memtrack module (No such file or directory)
E/android.os.Debug(10912): failed to load memtrack module: -2
D/AndroidRuntime(10912): Calling main entry com.android.commands.pm.Pm
W/ActivityManager( 1572): No content provider found for permission revoke: file:///sdcard/ripper.apk
W/ActivityManager( 1572): No content provider found for permission revoke: file:///sdcard/ripper.apk
I/PackageManager( 1572): Copying native libraries to /data/app-lib/vmdl-1954867752
I/PackageParser( 1572): it.unina.android.ripper: compat added android.permission.WRITE_EXTERNAL_STORAGE android.permission.READ_PHONE_STATE
I/PackageManager( 1572): Running dexopt on: it.unina.android.ripper
W/linker  (10923): libdvm.so has text relocations. This is wasting memory and is a security risk. Please fix.
D/dalvikvm(10923): DexOpt: load 2ms, verify+opt 17ms, 936700 bytes
I/ActivityManager( 1572): Force stopping it.unina.android.ripper appid=10109 user=-1: update pkg
W/Launcher.Model( 2365): Nobody to tell about the new app.  Launcher is probably loading.
D/Documents( 3329): Used cached roots for com.android.providers.downloads.documents
D/Documents( 3329): Used cached roots for com.android.externalstorage.documents
D/Documents( 3329): Used cached roots for com.android.providers.media.documents
D/Documents( 3329): Update found 6 roots in 3ms
I/PackageManager( 1572):   Action: "android.intent.action.SENDTO"
I/PackageManager( 1572):   Category: "android.intent.category.DEFAULT"
I/PackageManager( 1572):   Scheme: "sms"
I/InputReader( 1572): Reconfiguring input devices.  changes=0x00000010
I/PackageManager( 1572): Adding preferred activity ComponentInfo{com.android.mms/com.android.mms.ui.ComposeMessageActivity} for user 0 :
D/dalvikvm( 1813): GC_FOR_ALLOC freed 466K, 18% free 3616K/4380K, paused 1ms, total 2ms
I/PackageManager( 1572):   Action: "android.intent.action.SENDTO"
I/PackageManager( 1572):   Category: "android.intent.category.DEFAULT"
I/PackageManager( 1572):   Scheme: "smsto"
I/PackageManager( 1572): Adding preferred activity ComponentInfo{com.android.mms/com.android.mms.ui.ComposeMessageActivity} for user 0 :
W/GCM     ( 1792): Unexpected forwarded intent: Intent { act=android.intent.action.PACKAGE_ADDED dat=package:it.unina.android.ripper flg=0x4000010 cmp=com.google.android.gms/.chimera.PersistentIntentOperationService (has extras) }
W/GCM     ( 1792): Unexpected forwarded intent: Intent { act=android.intent.action.PACKAGE_ADDED dat=package:it.unina.android.ripper flg=0x4000010 cmp=com.google.android.gms/.chimera.PersistentIntentOperationService (has extras) }
I/PackageManager( 1572):   Action: "android.intent.action.SENDTO"
I/PackageManager( 1572):   Category: "android.intent.category.DEFAULT"
I/PackageManager( 1572):   Scheme: "mms"
D/BackupManagerService( 1572): Received broadcast Intent { act=android.intent.action.PACKAGE_ADDED dat=package:it.unina.android.ripper flg=0x4000010 (has extras) }
V/BackupManagerService( 1572): addPackageParticipantsLocked: #1
I/PackageManager( 1572): Adding preferred activity ComponentInfo{com.android.mms/com.android.mms.ui.ComposeMessageActivity} for user 0 :
D/dalvikvm( 1572): GC_EXPLICIT freed 2646K, 50% free 8745K/17392K, paused 6ms+1ms, total 44ms
D/dalvikvm( 1572): WAIT_FOR_CONCURRENT_GC blocked 9ms
D/dalvikvm( 1572): WAIT_FOR_CONCURRENT_GC blocked 9ms
D/dalvikvm( 1572): WAIT_FOR_CONCURRENT_GC blocked 10ms
D/AndroidRuntime(10912): Shutting down VM
D/dalvikvm(10912): GC_CONCURRENT freed 93K, 15% free 552K/648K, paused 0ms+0ms, total 1ms
I/Auth    ( 2166): [SupervisedAccountIntentOperation] onHandleIntent(): android.intent.action.PACKAGE_ADDED
I/ChromeSync( 2166): [Sync,SyncIntentOperation] Handling the intent: Intent { act=android.intent.action.PACKAGE_ADDED dat=package:it.unina.android.ripper flg=0x4000010 cmp=com.google.android.gms/.chimera.GmsIntentOperationService (has extras) }.
I/FontLog ( 2166): Package it.unina.android.ripper has no metadata [CONTEXT service_id=132 ]
I/PackageManager( 1572):   Action: "android.intent.action.SENDTO"
I/PackageManager( 1572):   Category: "android.intent.category.DEFAULT"
I/PackageManager( 1572):   Scheme: "mmsto"
I/PackageManager( 1572): Adding preferred activity ComponentInfo{com.android.mms/com.android.mms.ui.ComposeMessageActivity} for user 0 :
I/Icing.InternalIcingCorporaProvider( 2314): Updating corpora: A: it.unina.android.ripper, C: MAYBE
I/ChromeSync( 2166): [Persistence,AffiliationManager] One of affiliation or grouping data for android://KSmUCdTXmQS-j9D_O8l1jvyu41Pjn2mc5cb0Gvx1e9H1Aj4JCzHs_uTW26nbtH65K-YfijtBsQxGp-8R6k6HFg==@it.unina.android.ripper/ was not found. Marking affiliation data as stale...
I/PackageManager( 1572):   Action: "android.intent.action.SENDTO"
I/PackageManager( 1572):   Category: "android.intent.category.DEFAULT"
I/PackageManager( 1572):   Scheme: "sms"
D/dalvikvm( 1813): GC_FOR_ALLOC freed 401K, 17% free 3671K/4380K, paused 1ms, total 1ms
I/PackageManager( 1572): Adding preferred activity ComponentInfo{com.android.mms/com.android.mms.ui.ComposeMessageActivity} for user 0 :
I/PackageManager( 1572):   Action: "android.intent.action.SENDTO"
I/PackageManager( 1572):   Category: "android.intent.category.DEFAULT"
I/PackageManager( 1572):   Scheme: "smsto"
I/PackageManager( 1572): Adding preferred activity ComponentInfo{com.android.mms/com.android.mms.ui.ComposeMessageActivity} for user 0 :
I/PackageManager( 1572):   Action: "android.intent.action.SENDTO"
I/PackageManager( 1572):   Category: "android.intent.category.DEFAULT"
I/PackageManager( 1572):   Scheme: "mms"
I/PackageManager( 1572): Adding preferred activity ComponentInfo{com.android.mms/com.android.mms.ui.ComposeMessageActivity} for user 0 :
I/Icing   ( 2166): IndexChimeraService.getServiceInterface callingPackage=com.google.android.googlequicksearchbox componentName=null serviceId=21
I/PackageManager( 1572):   Action: "android.intent.action.SENDTO"
I/PackageManager( 1572):   Category: "android.intent.category.DEFAULT"
I/PackageManager( 1572):   Scheme: "mmsto"
W/Icing.InternalIcingCorporaProvider( 2314): Application table change notification failed.
I/PackageManager( 1572): Adding preferred activity ComponentInfo{com.android.mms/com.android.mms.ui.ComposeMessageActivity} for user 0 :
W/Icing   ( 2166): No valid account for uploading user actions
I/Icing   ( 2166): Usage reports ok 0, Failed Usage reports 0, indexed 0, rejected 0
I/Icing   ( 2166): Indexing com.google.android.gms-apps from com.google.android.gms
I/Icing   ( 2166): Indexing done com.google.android.gms-apps
D/AndroidRuntime(10930): 
D/AndroidRuntime(10930): >>>>>> AndroidRuntime START com.android.internal.os.RuntimeInit <<<<<<
W/linker  (10930): libdvm.so has text relocations. This is wasting memory and is a security risk. Please fix.
D/AndroidRuntime(10930): CheckJNI is ON
D/dalvikvm(10930): Trying to load lib libjavacore.so 0x0
D/dalvikvm(10930): Added shared lib libjavacore.so 0x0
D/dalvikvm(10930): Trying to load lib libnativehelper.so 0x0
D/dalvikvm(10930): Added shared lib libnativehelper.so 0x0
D/dalvikvm(10930): No JNI_OnLoad found in libnativehelper.so 0x0, skipping init
D/dalvikvm(10930): Note: class Landroid/app/ActivityManagerNative; has 179 unimplemented (abstract) methods
D/dalvikvm( 1953): GC_FOR_ALLOC freed 1052K, 46% free 19620K/36252K, paused 5ms, total 6ms
E/memtrack(10930): Couldn't load memtrack module (No such file or directory)
E/android.os.Debug(10930): failed to load memtrack module: -2
D/dalvikvm( 1953): GC_FOR_ALLOC freed 167K, 42% free 21385K/36252K, paused 4ms, total 4ms
D/AndroidRuntime(10930): Calling main entry com.android.commands.am.Am
I/ActivityManager( 1572): Force stopping ch.hgdev.toposuite appid=10108 user=0: start instr
D/dalvikvm( 1145): GC_EXPLICIT freed 38K, 8% free 2994K/3220K, paused 0ms+0ms, total 2ms
D/dalvikvm( 1953): GC_FOR_ALLOC freed 136K, 36% free 23267K/36252K, paused 6ms, total 6ms
I/dalvikvm(10941): Could not find method android.content.Context.getExternalMediaDirs, referenced from method android.support.v4.content.FileProvider.parsePathStrategy
W/dalvikvm(10941): VFY: unable to resolve virtual method 473: Landroid/content/Context;.getExternalMediaDirs ()[Ljava/io/File;
D/dalvikvm(10941): VFY: replacing opcode 0x6e at 0x009b
D/dalvikvm( 1145): GC_EXPLICIT freed <1K, 8% free 2994K/3220K, paused 0ms+0ms, total 7ms
I/ActivityManager( 1572): Start proc ch.hgdev.toposuite for added application ch.hgdev.toposuite: pid=10941 uid=10108 gids={50108, 1028, 1015}
D/dalvikvm( 1145): GC_EXPLICIT freed <1K, 8% free 2994K/3220K, paused 0ms+1ms, total 2ms
I/TestRunner(10941): started: testApplication(it.unina.android.ripper.RipperTestCase)
I/ActivityManager( 1572): START u0 {act=android.intent.action.MAIN flg=0x10000000 cmp=ch.hgdev.toposuite/.entry.MainActivity} from pid 10941
D/dalvikvm( 1572): GC_FOR_ALLOC freed 1338K, 51% free 8627K/17392K, paused 9ms, total 9ms
V/AndroidRipperService( 2235): register()
I/dalvikvm(10941): Could not find method android.content.Context.getSystemService, referenced from method android.support.v7.app.AppCompatDelegateImpl.mapNightMode
W/dalvikvm(10941): VFY: unable to resolve virtual method 482: Landroid/content/Context;.getSystemService (Ljava/lang/Class;)Ljava/lang/Object;
D/dalvikvm(10941): VFY: replacing opcode 0x6e at 0x0012
I/dalvikvm(10941): Could not find method android.view.Window$Callback.onPointerCaptureChanged, referenced from method android.support.v7.view.WindowCallbackWrapper.onPointerCaptureChanged
W/dalvikvm(10941): VFY: unable to resolve interface method 16235: Landroid/view/Window$Callback;.onPointerCaptureChanged (Z)V
D/dalvikvm(10941): VFY: replacing opcode 0x72 at 0x0002
I/dalvikvm(10941): Could not find method android.view.Window$Callback.onProvideKeyboardShortcuts, referenced from method android.support.v7.view.WindowCallbackWrapper.onProvideKeyboardShortcuts
W/dalvikvm(10941): VFY: unable to resolve interface method 16237: Landroid/view/Window$Callback;.onProvideKeyboardShortcuts (Ljava/util/List;Landroid/view/Menu;I)V
D/dalvikvm(10941): VFY: replacing opcode 0x72 at 0x0002
W/dalvikvm(10941): VFY: unable to find class referenced in signature (Landroid/view/SearchEvent;)
I/dalvikvm(10941): Could not find method android.view.Window$Callback.onSearchRequested, referenced from method android.support.v7.view.WindowCallbackWrapper.onSearchRequested
W/dalvikvm(10941): VFY: unable to resolve interface method 16239: Landroid/view/Window$Callback;.onSearchRequested (Landroid/view/SearchEvent;)Z
D/dalvikvm(10941): VFY: replacing opcode 0x72 at 0x0002
I/dalvikvm(10941): Could not find method android.view.Window$Callback.onWindowStartingActionMode, referenced from method android.support.v7.view.WindowCallbackWrapper.onWindowStartingActionMode
W/dalvikvm(10941): VFY: unable to resolve interface method 16243: Landroid/view/Window$Callback;.onWindowStartingActionMode (Landroid/view/ActionMode$Callback;I)Landroid/view/ActionMode;
D/gralloc_ranchu( 1144): gralloc_alloc: Creating ashmem region of size 7753728
D/dalvikvm(10941): VFY: replacing opcode 0x72 at 0x0002
I/dalvikvm(10941): Could not find method android.content.res.TypedArray.getChangingConfigurations, referenced from method android.support.v7.widget.TintTypedArray.getChangingConfigurations
W/dalvikvm(10941): VFY: unable to resolve virtual method 638: Landroid/content/res/TypedArray;.getChangingConfigurations ()I
D/dalvikvm(10941): VFY: replacing opcode 0x6e at 0x0002
I/dalvikvm(10941): Could not find method android.content.res.TypedArray.getType, referenced from method android.support.v7.widget.TintTypedArray.getType
W/dalvikvm(10941): VFY: unable to resolve virtual method 660: Landroid/content/res/TypedArray;.getType (I)I
D/dalvikvm(10941): VFY: replacing opcode 0x6e at 0x0008
I/dalvikvm(10941): Could not find method android.content.Context.createDeviceProtectedStorageContext, referenced from method android.support.v4.content.ContextCompat.createDeviceProtectedStorageContext
W/dalvikvm(10941): VFY: unable to resolve virtual method 459: Landroid/content/Context;.createDeviceProtectedStorageContext ()Landroid/content/Context;
D/dalvikvm(10941): VFY: replacing opcode 0x6e at 0x0006
I/dalvikvm(10941): Could not find method android.content.Context.getColor, referenced from method android.support.v4.content.ContextCompat.getColor
W/dalvikvm(10941): VFY: unable to resolve virtual method 465: Landroid/content/Context;.getColor (I)I
D/dalvikvm(10941): VFY: replacing opcode 0x6e at 0x0006
I/dalvikvm(10941): Could not find method android.content.Context.getColorStateList, referenced from method android.support.v4.content.ContextCompat.getColorStateList
W/dalvikvm(10941): VFY: unable to resolve virtual method 466: Landroid/content/Context;.getColorStateList (I)Landroid/content/res/ColorStateList;
D/dalvikvm(10941): VFY: replacing opcode 0x6e at 0x0006
I/dalvikvm(10941): Could not find method android.content.Context.getDrawable, referenced from method android.support.v4.content.ContextCompat.getDrawable
W/dalvikvm(10941): VFY: unable to resolve virtual method 468: Landroid/content/Context;.getDrawable (I)Landroid/graphics/drawable/Drawable;
D/dalvikvm(10941): VFY: replacing opcode 0x6e at 0x0006
W/InputMethodManagerService( 1572): Starting input on non-focused client com.android.internal.view.IInputMethodClient$Stub$Proxy@9d28cb70 (uid=10009 pid=1953)
D/dalvikvm(10941): GC_CONCURRENT freed 241K, 12% free 3153K/3580K, paused 3ms+2ms, total 8ms
I/dalvikvm(10941): Could not find method android.widget.FrameLayout.startActionModeForChild, referenced from method android.support.v7.widget.ActionBarContainer.startActionModeForChild
W/dalvikvm(10941): VFY: unable to resolve virtual method 16647: Landroid/widget/FrameLayout;.startActionModeForChild (Landroid/view/View;Landroid/view/ActionMode$Callback;I)Landroid/view/ActionMode;
D/dalvikvm(10941): VFY: replacing opcode 0x6f at 0x0002
W/dalvikvm(10941): VFY: unable to find class referenced in signature (Landroid/graphics/Outline;)
I/dalvikvm(10941): Could not find method android.graphics.drawable.Drawable.getOutline, referenced from method android.support.v7.widget.ActionBarBackgroundDrawable.getOutline
W/dalvikvm(10941): VFY: unable to resolve virtual method 960: Landroid/graphics/drawable/Drawable;.getOutline (Landroid/graphics/Outline;)V
D/dalvikvm(10941): VFY: replacing opcode 0x6e at 0x0010
I/dalvikvm(10941): Could not find method android.graphics.drawable.Drawable.getOutline, referenced from method android.support.v7.widget.ActionBarBackgroundDrawable.getOutline
W/dalvikvm(10941): VFY: unable to resolve virtual method 960: Landroid/graphics/drawable/Drawable;.getOutline (Landroid/graphics/Outline;)V
D/dalvikvm(10941): VFY: replacing opcode 0x6e at 0x001e
E/dalvikvm(10941): Could not find class 'android.view.WindowInsets', referenced from method android.support.v4.view.ViewCompat.dispatchApplyWindowInsets
