--------- beginning of /dev/log/system
I/ActivityManager( 1572): Killing 2956:com.svox.pico/u0a41 (adj 15): empty #17
I/ActivityManager( 1572): Force stopping it.unina.android.ripper appid=10059 user=0: clear data
I/ActivityManager( 1572): Force stopping it.unina.android.ripper appid=10059 user=-1: uninstall pkg
W/PackageManager( 1572): Couldn't delete native library directory /data/app-lib/it.unina.android.ripper
I/ActivityManager( 1572): Force stopping it.unina.android.ripper appid=10059 user=0: pkg removed
I/PackageManager( 1572): Adding preferred activity ComponentInfo{com.android.mms/com.android.mms.ui.ComposeMessageActivity} for user 0 :
I/PackageManager( 1572): Adding preferred activity ComponentInfo{com.android.mms/com.android.mms.ui.ComposeMessageActivity} for user 0 :
I/PackageManager( 1572): Adding preferred activity ComponentInfo{com.android.mms/com.android.mms.ui.ComposeMessageActivity} for user 0 :
D/BackupManagerService( 1572): Received broadcast Intent { act=android.intent.action.PACKAGE_REMOVED dat=package:it.unina.android.ripper flg=0x4000010 (has extras) }
V/BackupManagerService( 1572): removePackageParticipantsLocked: uid=10059 #1
I/PackageManager( 1572): Adding preferred activity ComponentInfo{com.android.mms/com.android.mms.ui.ComposeMessageActivity} for user 0 :
I/PackageManager( 1572): Adding preferred activity ComponentInfo{com.android.mms/com.android.mms.ui.ComposeMessageActivity} for user 0 :
I/PackageManager( 1572): Adding preferred activity ComponentInfo{com.android.mms/com.android.mms.ui.ComposeMessageActivity} for user 0 :
I/PackageManager( 1572): Adding preferred activity ComponentInfo{com.android.mms/com.android.mms.ui.ComposeMessageActivity} for user 0 :
I/PackageManager( 1572): Adding preferred activity ComponentInfo{com.android.mms/com.android.mms.ui.ComposeMessageActivity} for user 0 :
W/ContextImpl( 3391): Calling a method in the system process without a qualified user: android.app.ContextImpl.startService:1479 android.content.ContextWrapper.startService:494 android.content.ContextWrapper.startService:494 com.android.keychain.KeyChainBroadcastReceiver.onReceive:12 android.app.ActivityThread.handleReceiver:2419 
W/ActivityManager( 1572): No content provider found for permission revoke: file:///sdcard/aut.apk
W/ActivityManager( 1572): No content provider found for permission revoke: file:///sdcard/aut.apk
I/PackageManager( 1572): Copying native libraries to /data/app-lib/vmdl-1514953656
I/ActivityManager( 1572): Force stopping ch.hgdev.toposuite appid=10060 user=-1: update pkg
I/PackageManager( 1572): Adding preferred activity ComponentInfo{com.android.mms/com.android.mms.ui.ComposeMessageActivity} for user 0 :
I/PackageManager( 1572): Adding preferred activity ComponentInfo{com.android.mms/com.android.mms.ui.ComposeMessageActivity} for user 0 :
I/PackageManager( 1572): Adding preferred activity ComponentInfo{com.android.mms/com.android.mms.ui.ComposeMessageActivity} for user 0 :
D/BackupManagerService( 1572): Received broadcast Intent { act=android.intent.action.PACKAGE_ADDED dat=package:ch.hgdev.toposuite flg=0x4000010 (has extras) }
V/BackupManagerService( 1572): addPackageParticipantsLocked: #1
I/PackageManager( 1572): Adding preferred activity ComponentInfo{com.android.mms/com.android.mms.ui.ComposeMessageActivity} for user 0 :
W/ActivityManager( 1572): Unable to start service Intent { act=com.google.android.gms.auth.key.retrieval.service.START pkg=com.google.android.gms } U=0: not found
I/PackageManager( 1572): Adding preferred activity ComponentInfo{com.android.mms/com.android.mms.ui.ComposeMessageActivity} for user 0 :
I/PackageManager( 1572): Adding preferred activity ComponentInfo{com.android.mms/com.android.mms.ui.ComposeMessageActivity} for user 0 :
I/ActivityManager( 1572): Start proc com.svox.pico for broadcast com.svox.pico/.VoiceDataInstallerReceiver: pid=3491 uid=10041 gids={50041, 1028, 1015}
W/ActivityManager( 1572): Unbind failed: could not find connection for android.os.BinderProxy@9d854888
I/PackageManager( 1572): Adding preferred activity ComponentInfo{com.android.mms/com.android.mms.ui.ComposeMessageActivity} for user 0 :
I/PackageManager( 1572): Adding preferred activity ComponentInfo{com.android.mms/com.android.mms.ui.ComposeMessageActivity} for user 0 :
I/ActivityManager( 1572): Killing 2286:com.android.music/u0a36 (adj 15): empty #17
W/ActivityManager( 1572): No content provider found for permission revoke: file:///sdcard/ripper.apk
W/ActivityManager( 1572): No content provider found for permission revoke: file:///sdcard/ripper.apk
I/PackageManager( 1572): Copying native libraries to /data/app-lib/vmdl-1071542738
I/PackageParser( 1572): it.unina.android.ripper: compat added android.permission.WRITE_EXTERNAL_STORAGE android.permission.READ_PHONE_STATE
I/ActivityManager( 1572): Force stopping it.unina.android.ripper appid=10061 user=-1: update pkg
I/PackageManager( 1572): Adding preferred activity ComponentInfo{com.android.mms/com.android.mms.ui.ComposeMessageActivity} for user 0 :
D/BackupManagerService( 1572): Received broadcast Intent { act=android.intent.action.PACKAGE_ADDED dat=package:it.unina.android.ripper flg=0x4000010 (has extras) }
V/BackupManagerService( 1572): addPackageParticipantsLocked: #1
I/PackageManager( 1572): Adding preferred activity ComponentInfo{com.android.mms/com.android.mms.ui.ComposeMessageActivity} for user 0 :
I/PackageManager( 1572): Adding preferred activity ComponentInfo{com.android.mms/com.android.mms.ui.ComposeMessageActivity} for user 0 :
I/PackageManager( 1572): Adding preferred activity ComponentInfo{com.android.mms/com.android.mms.ui.ComposeMessageActivity} for user 0 :
I/PackageManager( 1572): Adding preferred activity ComponentInfo{com.android.mms/com.android.mms.ui.ComposeMessageActivity} for user 0 :
I/PackageManager( 1572): Adding preferred activity ComponentInfo{com.android.mms/com.android.mms.ui.ComposeMessageActivity} for user 0 :
I/PackageManager( 1572): Adding preferred activity ComponentInfo{com.android.mms/com.android.mms.ui.ComposeMessageActivity} for user 0 :
I/PackageManager( 1572): Adding preferred activity ComponentInfo{com.android.mms/com.android.mms.ui.ComposeMessageActivity} for user 0 :
I/ActivityManager( 1572): Force stopping ch.hgdev.toposuite appid=10060 user=0: start instr
I/ActivityManager( 1572): Start proc ch.hgdev.toposuite for added application ch.hgdev.toposuite: pid=3536 uid=10060 gids={50060, 1028, 1015}
I/ActivityManager( 1572): START u0 {act=android.intent.action.MAIN flg=0x10000000 cmp=ch.hgdev.toposuite/.entry.MainActivity} from pid 3536
W/InputMethodManagerService( 1572): Starting input on non-focused client com.android.internal.view.IInputMethodClient$Stub$Proxy@9d28cb70 (uid=10009 pid=1953)
I/ActivityManager( 1572): Killing 2678:com.android.mms/u0a10 (adj 15): empty #17
D/CountryDetector( 1572): No listener is left
W/ActivityManager( 1572): Unable to start service Intent { act=com.google.android.gms.drive.ApiService.RESET_AFTER_BOOT flg=0x4 cmp=com.google.android.gms/.drive.api.ApiService (has extras) } U=0: not found
I/ActivityManager( 1572): Force stopping ch.hgdev.toposuite appid=10060 user=0: clear data
I/ActivityManager( 1572): Killing 3536:ch.hgdev.toposuite/u0a60 (adj 0): stop ch.hgdev.toposuite
W/ActivityManager( 1572): Force removing ActivityRecord{9db5b830 u0 ch.hgdev.toposuite/.entry.MainActivity t5}: app died, no saved state
W/ActivityManager( 1572): Crash of app ch.hgdev.toposuite running instrumentation ComponentInfo{it.unina.android.ripper/android.test.InstrumentationTestRunner}
I/WindowState( 1572): WIN DEATH: Window{9d1c8850 u0 ch.hgdev.toposuite/ch.hgdev.toposuite.entry.MainActivity}
I/ActivityManager( 1572): Force stopping ch.hgdev.toposuite appid=10060 user=0: finished inst
W/InputMethodManagerService( 1572): Got RemoteException sending setActive(false) notification to pid 3536 uid 10060
I/ActivityManager( 1572): Force stopping ch.hgdev.toposuite appid=10060 user=-1: uninstall pkg
W/PackageManager( 1572): Couldn't delete native library directory /data/app-lib/ch.hgdev.toposuite
I/ActivityManager( 1572): Force stopping ch.hgdev.toposuite appid=10060 user=0: pkg removed
D/BackupManagerService( 1572): Received broadcast Intent { act=android.intent.action.PACKAGE_REMOVED dat=package:ch.hgdev.toposuite flg=0x4000010 (has extras) }
V/BackupManagerService( 1572): removePackageParticipantsLocked: uid=10060 #1
I/PackageManager( 1572): Adding preferred activity ComponentInfo{com.android.mms/com.android.mms.ui.ComposeMessageActivity} for user 0 :
I/PackageManager( 1572): Adding preferred activity ComponentInfo{com.android.mms/com.android.mms.ui.ComposeMessageActivity} for user 0 :
I/PackageManager( 1572): Adding preferred activity ComponentInfo{com.android.mms/com.android.mms.ui.ComposeMessageActivity} for user 0 :
I/PackageManager( 1572): Adding preferred activity ComponentInfo{com.android.mms/com.android.mms.ui.ComposeMessageActivity} for user 0 :
I/PackageManager( 1572): Adding preferred activity ComponentInfo{com.android.mms/com.android.mms.ui.ComposeMessageActivity} for user 0 :
I/PackageManager( 1572): Adding preferred activity ComponentInfo{com.android.mms/com.android.mms.ui.ComposeMessageActivity} for user 0 :
I/PackageManager( 1572): Adding preferred activity ComponentInfo{com.android.mms/com.android.mms.ui.ComposeMessageActivity} for user 0 :
I/PackageManager( 1572): Adding preferred activity ComponentInfo{com.android.mms/com.android.mms.ui.ComposeMessageActivity} for user 0 :
W/ContextImpl( 3391): Calling a method in the system process without a qualified user: android.app.ContextImpl.startService:1479 android.content.ContextWrapper.startService:494 android.content.ContextWrapper.startService:494 com.android.keychain.KeyChainBroadcastReceiver.onReceive:12 android.app.ActivityThread.handleReceiver:2419 
I/ActivityManager( 1572): Force stopping it.unina.android.ripper appid=10061 user=0: clear data
I/ActivityManager( 1572): Force stopping it.unina.android.ripper appid=10061 user=-1: uninstall pkg
W/PackageManager( 1572): Couldn't delete native library directory /data/app-lib/it.unina.android.ripper
I/ActivityManager( 1572): Force stopping it.unina.android.ripper appid=10061 user=0: pkg removed
I/PackageManager( 1572): Adding preferred activity ComponentInfo{com.android.mms/com.android.mms.ui.ComposeMessageActivity} for user 0 :
I/PackageManager( 1572): Adding preferred activity ComponentInfo{com.android.mms/com.android.mms.ui.ComposeMessageActivity} for user 0 :
D/BackupManagerService( 1572): Received broadcast Intent { act=android.intent.action.PACKAGE_REMOVED dat=package:it.unina.android.ripper flg=0x4000010 (has extras) }
V/BackupManagerService( 1572): removePackageParticipantsLocked: uid=10061 #1
W/ContextImpl( 3391): Calling a method in the system process without a qualified user: android.app.ContextImpl.startService:1479 android.content.ContextWrapper.startService:494 android.content.ContextWrapper.startService:494 com.android.keychain.KeyChainBroadcastReceiver.onReceive:12 android.app.ActivityThread.handleReceiver:2419 
I/PackageManager( 1572): Adding preferred activity ComponentInfo{com.android.mms/com.android.mms.ui.ComposeMessageActivity} for user 0 :
I/PackageManager( 1572): Adding preferred activity ComponentInfo{com.android.mms/com.android.mms.ui.ComposeMessageActivity} for user 0 :
I/PackageManager( 1572): Adding preferred activity ComponentInfo{com.android.mms/com.android.mms.ui.ComposeMessageActivity} for user 0 :
I/PackageManager( 1572): Adding preferred activity ComponentInfo{com.android.mms/com.android.mms.ui.ComposeMessageActivity} for user 0 :
I/PackageManager( 1572): Adding preferred activity ComponentInfo{com.android.mms/com.android.mms.ui.ComposeMessageActivity} for user 0 :
I/PackageManager( 1572): Adding preferred activity ComponentInfo{com.android.mms/com.android.mms.ui.ComposeMessageActivity} for user 0 :
W/ActivityManager( 1572): No content provider found for permission revoke: file:///sdcard/aut.apk
W/ActivityManager( 1572): No content provider found for permission revoke: file:///sdcard/aut.apk
I/PackageManager( 1572): Copying native libraries to /data/app-lib/vmdl883153078
I/ActivityManager( 1572): Force stopping ch.hgdev.toposuite appid=10062 user=-1: update pkg
I/PackageManager( 1572): Adding preferred activity ComponentInfo{com.android.mms/com.android.mms.ui.ComposeMessageActivity} for user 0 :
D/BackupManagerService( 1572): Received broadcast Intent { act=android.intent.action.PACKAGE_ADDED dat=package:ch.hgdev.toposuite flg=0x4000010 (has extras) }
V/BackupManagerService( 1572): addPackageParticipantsLocked: #1
I/PackageManager( 1572): Adding preferred activity ComponentInfo{com.android.mms/com.android.mms.ui.ComposeMessageActivity} for user 0 :
I/PackageManager( 1572): Adding preferred activity ComponentInfo{com.android.mms/com.android.mms.ui.ComposeMessageActivity} for user 0 :
I/PackageManager( 1572): Adding preferred activity ComponentInfo{com.android.mms/com.android.mms.ui.ComposeMessageActivity} for user 0 :
W/ActivityManager( 1572): Unable to start service Intent { act=com.google.android.gms.auth.key.retrieval.service.START pkg=com.google.android.gms } U=0: not found
I/PackageManager( 1572): Adding preferred activity ComponentInfo{com.android.mms/com.android.mms.ui.ComposeMessageActivity} for user 0 :
I/PackageManager( 1572): Adding preferred activity ComponentInfo{com.android.mms/com.android.mms.ui.ComposeMessageActivity} for user 0 :
I/PackageManager( 1572): Adding preferred activity ComponentInfo{com.android.mms/com.android.mms.ui.ComposeMessageActivity} for user 0 :
I/PackageManager( 1572): Adding preferred activity ComponentInfo{com.android.mms/com.android.mms.ui.ComposeMessageActivity} for user 0 :
W/ActivityManager( 1572): Unbind failed: could not find connection for android.os.BinderProxy@9db85be8
W/ActivityManager( 1572): No content provider found for permission revoke: file:///sdcard/ripper.apk
W/ActivityManager( 1572): No content provider found for permission revoke: file:///sdcard/ripper.apk
I/PackageManager( 1572): Copying native libraries to /data/app-lib/vmdl1553931943
I/PackageParser( 1572): it.unina.android.ripper: compat added android.permission.WRITE_EXTERNAL_STORAGE android.permission.READ_PHONE_STATE
I/ActivityManager( 1572): Force stopping it.unina.android.ripper appid=10063 user=-1: update pkg
D/BackupManagerService( 1572): Received broadcast Intent { act=android.intent.action.PACKAGE_ADDED dat=package:it.unina.android.ripper flg=0x4000010 (has extras) }
V/BackupManagerService( 1572): addPackageParticipantsLocked: #1
I/PackageManager( 1572): Adding preferred activity ComponentInfo{com.android.mms/com.android.mms.ui.ComposeMessageActivity} for user 0 :
I/PackageManager( 1572): Adding preferred activity ComponentInfo{com.android.mms/com.android.mms.ui.ComposeMessageActivity} for user 0 :
I/PackageManager( 1572): Adding preferred activity ComponentInfo{com.android.mms/com.android.mms.ui.ComposeMessageActivity} for user 0 :
I/PackageManager( 1572): Adding preferred activity ComponentInfo{com.android.mms/com.android.mms.ui.ComposeMessageActivity} for user 0 :
I/PackageManager( 1572): Adding preferred activity ComponentInfo{com.android.mms/com.android.mms.ui.ComposeMessageActivity} for user 0 :
I/PackageManager( 1572): Adding preferred activity ComponentInfo{com.android.mms/com.android.mms.ui.ComposeMessageActivity} for user 0 :
I/PackageManager( 1572): Adding preferred activity ComponentInfo{com.android.mms/com.android.mms.ui.ComposeMessageActivity} for user 0 :
I/PackageManager( 1572): Adding preferred activity ComponentInfo{com.android.mms/com.android.mms.ui.ComposeMessageActivity} for user 0 :
I/ActivityManager( 1572): Force stopping ch.hgdev.toposuite appid=10062 user=0: start instr
I/ActivityManager( 1572): Start proc ch.hgdev.toposuite for added application ch.hgdev.toposuite: pid=3887 uid=10062 gids={50062, 1028, 1015}
I/ActivityManager( 1572): START u0 {act=android.intent.action.MAIN flg=0x10000000 cmp=ch.hgdev.toposuite/.entry.MainActivity} from pid 3887
W/InputMethodManagerService( 1572): Starting input on non-focused client com.android.internal.view.IInputMethodClient$Stub$Proxy@9d28cb70 (uid=10009 pid=1953)
I/ActivityManager( 1572): Force stopping ch.hgdev.toposuite appid=10062 user=0: clear data
I/ActivityManager( 1572): Killing 3887:ch.hgdev.toposuite/u0a62 (adj 0): stop ch.hgdev.toposuite
W/ActivityManager( 1572): Force removing ActivityRecord{9d2a5000 u0 ch.hgdev.toposuite/.entry.MainActivity t6}: app died, no saved state
W/ActivityManager( 1572): Crash of app ch.hgdev.toposuite running instrumentation ComponentInfo{it.unina.android.ripper/android.test.InstrumentationTestRunner}
I/WindowState( 1572): WIN DEATH: Window{9d29ecd8 u0 ch.hgdev.toposuite/ch.hgdev.toposuite.entry.MainActivity}
I/ActivityManager( 1572): Force stopping ch.hgdev.toposuite appid=10062 user=0: finished inst
W/InputMethodManagerService( 1572): Got RemoteException sending setActive(false) notification to pid 3887 uid 10062
I/ActivityManager( 1572): Force stopping ch.hgdev.toposuite appid=10062 user=-1: uninstall pkg
W/PackageManager( 1572): Couldn't delete native library directory /data/app-lib/ch.hgdev.toposuite
I/ActivityManager( 1572): Force stopping ch.hgdev.toposuite appid=10062 user=0: pkg removed
I/PackageManager( 1572): Adding preferred activity ComponentInfo{com.android.mms/com.android.mms.ui.ComposeMessageActivity} for user 0 :
D/BackupManagerService( 1572): Received broadcast Intent { act=android.intent.action.PACKAGE_REMOVED dat=package:ch.hgdev.toposuite flg=0x4000010 (has extras) }
V/BackupManagerService( 1572): removePackageParticipantsLocked: uid=10062 #1
I/PackageManager( 1572): Adding preferred activity ComponentInfo{com.android.mms/com.android.mms.ui.ComposeMessageActivity} for user 0 :
I/PackageManager( 1572): Adding preferred activity ComponentInfo{com.android.mms/com.android.mms.ui.ComposeMessageActivity} for user 0 :
I/PackageManager( 1572): Adding preferred activity ComponentInfo{com.android.mms/com.android.mms.ui.ComposeMessageActivity} for user 0 :
I/PackageManager( 1572): Adding preferred activity ComponentInfo{com.android.mms/com.android.mms.ui.ComposeMessageActivity} for user 0 :
I/PackageManager( 1572): Adding preferred activity ComponentInfo{com.android.mms/com.android.mms.ui.ComposeMessageActivity} for user 0 :
I/PackageManager( 1572): Adding preferred activity ComponentInfo{com.android.mms/com.android.mms.ui.ComposeMessageActivity} for user 0 :
I/PackageManager( 1572): Adding preferred activity ComponentInfo{com.android.mms/com.android.mms.ui.ComposeMessageActivity} for user 0 :
W/ContextImpl( 3391): Calling a method in the system process without a qualified user: android.app.ContextImpl.startService:1479 android.content.ContextWrapper.startService:494 android.content.ContextWrapper.startService:494 com.android.keychain.KeyChainBroadcastReceiver.onReceive:12 android.app.ActivityThread.handleReceiver:2419 
I/ActivityManager( 1572): Force stopping it.unina.android.ripper appid=10063 user=0: clear data
I/ActivityManager( 1572): Force stopping it.unina.android.ripper appid=10063 user=-1: uninstall pkg
W/PackageManager( 1572): Couldn't delete native library directory /data/app-lib/it.unina.android.ripper
I/ActivityManager( 1572): Force stopping it.unina.android.ripper appid=10063 user=0: pkg removed
I/PackageManager( 1572): Adding preferred activity ComponentInfo{com.android.mms/com.android.mms.ui.ComposeMessageActivity} for user 0 :
I/PackageManager( 1572): Adding preferred activity ComponentInfo{com.android.mms/com.android.mms.ui.ComposeMessageActivity} for user 0 :
D/BackupManagerService( 1572): Received broadcast Intent { act=android.intent.action.PACKAGE_REMOVED dat=package:it.unina.android.ripper flg=0x4000010 (has extras) }
V/BackupManagerService( 1572): removePackageParticipantsLocked: uid=10063 #1
I/PackageManager( 1572): Adding preferred activity ComponentInfo{com.android.mms/com.android.mms.ui.ComposeMessageActivity} for user 0 :
I/PackageManager( 1572): Adding preferred activity ComponentInfo{com.android.mms/com.android.mms.ui.ComposeMessageActivity} for user 0 :
I/PackageManager( 1572): Adding preferred activity ComponentInfo{com.android.mms/com.android.mms.ui.ComposeMessageActivity} for user 0 :
I/PackageManager( 1572): Adding preferred activity ComponentInfo{com.android.mms/com.android.mms.ui.ComposeMessageActivity} for user 0 :
I/PackageManager( 1572): Adding preferred activity ComponentInfo{com.android.mms/com.android.mms.ui.ComposeMessageActivity} for user 0 :
I/PackageManager( 1572): Adding preferred activity ComponentInfo{com.android.mms/com.android.mms.ui.ComposeMessageActivity} for user 0 :
W/ContextImpl( 3391): Calling a method in the system process without a qualified user: android.app.ContextImpl.startService:1479 android.content.ContextWrapper.startService:494 android.content.ContextWrapper.startService:494 com.android.keychain.KeyChainBroadcastReceiver.onReceive:12 android.app.ActivityThread.handleReceiver:2419 
W/ActivityManager( 1572): No content provider found for permission revoke: file:///sdcard/aut.apk
W/ActivityManager( 1572): No content provider found for permission revoke: file:///sdcard/aut.apk
I/PackageManager( 1572): Copying native libraries to /data/app-lib/vmdl-223624912
I/ActivityManager( 1572): Force stopping ch.hgdev.toposuite appid=10064 user=-1: update pkg
I/PackageManager( 1572): Adding preferred activity ComponentInfo{com.android.mms/com.android.mms.ui.ComposeMessageActivity} for user 0 :
I/PackageManager( 1572): Adding preferred activity ComponentInfo{com.android.mms/com.android.mms.ui.ComposeMessageActivity} for user 0 :
D/BackupManagerService( 1572): Received broadcast Intent { act=android.intent.action.PACKAGE_ADDED dat=package:ch.hgdev.toposuite flg=0x4000010 (has extras) }
V/BackupManagerService( 1572): addPackageParticipantsLocked: #1
I/PackageManager( 1572): Adding preferred activity ComponentInfo{com.android.mms/com.android.mms.ui.ComposeMessageActivity} for user 0 :
I/PackageManager( 1572): Adding preferred activity ComponentInfo{com.android.mms/com.android.mms.ui.ComposeMessageActivity} for user 0 :
W/ActivityManager( 1572): Unable to start service Intent { act=com.google.android.gms.auth.key.retrieval.service.START pkg=com.google.android.gms } U=0: not found
I/PackageManager( 1572): Adding preferred activity ComponentInfo{com.android.mms/com.android.mms.ui.ComposeMessageActivity} for user 0 :
I/PackageManager( 1572): Adding preferred activity ComponentInfo{com.android.mms/com.android.mms.ui.ComposeMessageActivity} for user 0 :
I/PackageManager( 1572): Adding preferred activity ComponentInfo{com.android.mms/com.android.mms.ui.ComposeMessageActivity} for user 0 :
I/PackageManager( 1572): Adding preferred activity ComponentInfo{com.android.mms/com.android.mms.ui.ComposeMessageActivity} for user 0 :
W/ActivityManager( 1572): Unbind failed: could not find connection for android.os.BinderProxy@9d42caa8
W/ActivityManager( 1572): No content provider found for permission revoke: file:///sdcard/ripper.apk
W/ActivityManager( 1572): No content provider found for permission revoke: file:///sdcard/ripper.apk
I/PackageManager( 1572): Copying native libraries to /data/app-lib/vmdl1675809546
I/PackageParser( 1572): it.unina.android.ripper: compat added android.permission.WRITE_EXTERNAL_STORAGE android.permission.READ_PHONE_STATE
I/ActivityManager( 1572): Force stopping it.unina.android.ripper appid=10065 user=-1: update pkg
I/PackageManager( 1572): Adding preferred activity ComponentInfo{com.android.mms/com.android.mms.ui.ComposeMessageActivity} for user 0 :
I/PackageManager( 1572): Adding preferred activity ComponentInfo{com.android.mms/com.android.mms.ui.ComposeMessageActivity} for user 0 :
I/PackageManager( 1572): Adding preferred activity ComponentInfo{com.android.mms/com.android.mms.ui.ComposeMessageActivity} for user 0 :
D/BackupManagerService( 1572): Received broadcast Intent { act=android.intent.action.PACKAGE_ADDED dat=package:it.unina.android.ripper flg=0x4000010 (has extras) }
I/PackageManager( 1572): Adding preferred activity ComponentInfo{com.android.mms/com.android.mms.ui.ComposeMessageActivity} for user 0 :
V/BackupManagerService( 1572): addPackageParticipantsLocked: #1
I/PackageManager( 1572): Adding preferred activity ComponentInfo{com.android.mms/com.android.mms.ui.ComposeMessageActivity} for user 0 :
I/PackageManager( 1572): Adding preferred activity ComponentInfo{com.android.mms/com.android.mms.ui.ComposeMessageActivity} for user 0 :
I/PackageManager( 1572): Adding preferred activity ComponentInfo{com.android.mms/com.android.mms.ui.ComposeMessageActivity} for user 0 :
I/PackageManager( 1572): Adding preferred activity ComponentInfo{com.android.mms/com.android.mms.ui.ComposeMessageActivity} for user 0 :
I/ActivityManager( 1572): Force stopping ch.hgdev.toposuite appid=10064 user=0: start instr
I/ActivityManager( 1572): Start proc ch.hgdev.toposuite for added application ch.hgdev.toposuite: pid=4225 uid=10064 gids={50064, 1028, 1015}
I/ActivityManager( 1572): START u0 {act=android.intent.action.MAIN flg=0x10000000 cmp=ch.hgdev.toposuite/.entry.MainActivity} from pid 4225
W/InputMethodManagerService( 1572): Starting input on non-focused client com.android.internal.view.IInputMethodClient$Stub$Proxy@9d28cb70 (uid=10009 pid=1953)
I/ActivityManager( 1572): Force stopping ch.hgdev.toposuite appid=10064 user=0: clear data
I/ActivityManager( 1572): Killing 4225:ch.hgdev.toposuite/u0a64 (adj 0): stop ch.hgdev.toposuite
W/ActivityManager( 1572): Crash of app ch.hgdev.toposuite running instrumentation ComponentInfo{it.unina.android.ripper/android.test.InstrumentationTestRunner}
I/ActivityManager( 1572): Force stopping ch.hgdev.toposuite appid=10064 user=0: finished inst
I/ActivityManager( 1572): Force stopping ch.hgdev.toposuite appid=10064 user=-1: uninstall pkg
W/PackageManager( 1572): Couldn't delete native library directory /data/app-lib/ch.hgdev.toposuite
I/ActivityManager( 1572): Force stopping ch.hgdev.toposuite appid=10064 user=0: pkg removed
I/PackageManager( 1572): Adding preferred activity ComponentInfo{com.android.mms/com.android.mms.ui.ComposeMessageActivity} for user 0 :
D/BackupManagerService( 1572): Received broadcast Intent { act=android.intent.action.PACKAGE_REMOVED dat=package:ch.hgdev.toposuite flg=0x4000010 (has extras) }
V/BackupManagerService( 1572): removePackageParticipantsLocked: uid=10064 #1
I/PackageManager( 1572): Adding preferred activity ComponentInfo{com.android.mms/com.android.mms.ui.ComposeMessageActivity} for user 0 :
I/PackageManager( 1572): Adding preferred activity ComponentInfo{com.android.mms/com.android.mms.ui.ComposeMessageActivity} for user 0 :
I/PackageManager( 1572): Adding preferred activity ComponentInfo{com.android.mms/com.android.mms.ui.ComposeMessageActivity} for user 0 :
I/PackageManager( 1572): Adding preferred activity ComponentInfo{com.android.mms/com.android.mms.ui.ComposeMessageActivity} for user 0 :
I/PackageManager( 1572): Adding preferred activity ComponentInfo{com.android.mms/com.android.mms.ui.ComposeMessageActivity} for user 0 :
I/PackageManager( 1572): Adding preferred activity ComponentInfo{com.android.mms/com.android.mms.ui.ComposeMessageActivity} for user 0 :
I/PackageManager( 1572): Adding preferred activity ComponentInfo{com.android.mms/com.android.mms.ui.ComposeMessageActivity} for user 0 :
W/ContextImpl( 3391): Calling a method in the system process without a qualified user: android.app.ContextImpl.startService:1479 android.content.ContextWrapper.startService:494 android.content.ContextWrapper.startService:494 com.android.keychain.KeyChainBroadcastReceiver.onReceive:12 android.app.ActivityThread.handleReceiver:2419 
I/ActivityManager( 1572): Force stopping it.unina.android.ripper appid=10065 user=0: clear data
I/ActivityManager( 1572): Force stopping it.unina.android.ripper appid=10065 user=-1: uninstall pkg
W/PackageManager( 1572): Couldn't delete native library directory /data/app-lib/it.unina.android.ripper
I/ActivityManager( 1572): Force stopping it.unina.android.ripper appid=10065 user=0: pkg removed
D/BackupManagerService( 1572): Received broadcast Intent { act=android.intent.action.PACKAGE_REMOVED dat=package:it.unina.android.ripper flg=0x4000010 (has extras) }
V/BackupManagerService( 1572): removePackageParticipantsLocked: uid=10065 #1
I/PackageManager( 1572): Adding preferred activity ComponentInfo{com.android.mms/com.android.mms.ui.ComposeMessageActivity} for user 0 :
I/PackageManager( 1572): Adding preferred activity ComponentInfo{com.android.mms/com.android.mms.ui.ComposeMessageActivity} for user 0 :
I/PackageManager( 1572): Adding preferred activity ComponentInfo{com.android.mms/com.android.mms.ui.ComposeMessageActivity} for user 0 :
I/PackageManager( 1572): Adding preferred activity ComponentInfo{com.android.mms/com.android.mms.ui.ComposeMessageActivity} for user 0 :
I/PackageManager( 1572): Adding preferred activity ComponentInfo{com.android.mms/com.android.mms.ui.ComposeMessageActivity} for user 0 :
I/PackageManager( 1572): Adding preferred activity ComponentInfo{com.android.mms/com.android.mms.ui.ComposeMessageActivity} for user 0 :
I/PackageManager( 1572): Adding preferred activity ComponentInfo{com.android.mms/com.android.mms.ui.ComposeMessageActivity} for user 0 :
I/PackageManager( 1572): Adding preferred activity ComponentInfo{com.android.mms/com.android.mms.ui.ComposeMessageActivity} for user 0 :
W/ContextImpl( 3391): Calling a method in the system process without a qualified user: android.app.ContextImpl.startService:1479 android.content.ContextWrapper.startService:494 android.content.ContextWrapper.startService:494 com.android.keychain.KeyChainBroadcastReceiver.onReceive:12 android.app.ActivityThread.handleReceiver:2419 
W/ActivityManager( 1572): No content provider found for permission revoke: file:///sdcard/aut.apk
W/ActivityManager( 1572): No content provider found for permission revoke: file:///sdcard/aut.apk
I/PackageManager( 1572): Copying native libraries to /data/app-lib/vmdl2073047723
I/ActivityManager( 1572): Force stopping ch.hgdev.toposuite appid=10066 user=-1: update pkg
I/PackageManager( 1572): Adding preferred activity ComponentInfo{com.android.mms/com.android.mms.ui.ComposeMessageActivity} for user 0 :
D/BackupManagerService( 1572): Received broadcast Intent { act=android.intent.action.PACKAGE_ADDED dat=package:ch.hgdev.toposuite flg=0x4000010 (has extras) }
V/BackupManagerService( 1572): addPackageParticipantsLocked: #1
I/PackageManager( 1572): Adding preferred activity ComponentInfo{com.android.mms/com.android.mms.ui.ComposeMessageActivity} for user 0 :
I/PackageManager( 1572): Adding preferred activity ComponentInfo{com.android.mms/com.android.mms.ui.ComposeMessageActivity} for user 0 :
I/PackageManager( 1572): Adding preferred activity ComponentInfo{com.android.mms/com.android.mms.ui.ComposeMessageActivity} for user 0 :
I/PackageManager( 1572): Adding preferred activity ComponentInfo{com.android.mms/com.android.mms.ui.ComposeMessageActivity} for user 0 :
I/PackageManager( 1572): Adding preferred activity ComponentInfo{com.android.mms/com.android.mms.ui.ComposeMessageActivity} for user 0 :
W/ActivityManager( 1572): Unable to start service Intent { act=com.google.android.gms.auth.key.retrieval.service.START pkg=com.google.android.gms } U=0: not found
W/ActivityManager( 1572): Unbind failed: could not find connection for android.os.BinderProxy@9d550408
I/PackageManager( 1572): Adding preferred activity ComponentInfo{com.android.mms/com.android.mms.ui.ComposeMessageActivity} for user 0 :
I/PackageManager( 1572): Adding preferred activity ComponentInfo{com.android.mms/com.android.mms.ui.ComposeMessageActivity} for user 0 :
W/ActivityManager( 1572): No content provider found for permission revoke: file:///sdcard/ripper.apk
W/ActivityManager( 1572): No content provider found for permission revoke: file:///sdcard/ripper.apk
I/PackageManager( 1572): Copying native libraries to /data/app-lib/vmdl-608632717
I/PackageParser( 1572): it.unina.android.ripper: compat added android.permission.WRITE_EXTERNAL_STORAGE android.permission.READ_PHONE_STATE
I/ActivityManager( 1572): Force stopping it.unina.android.ripper appid=10067 user=-1: update pkg
I/PackageManager( 1572): Adding preferred activity ComponentInfo{com.android.mms/com.android.mms.ui.ComposeMessageActivity} for user 0 :
I/PackageManager( 1572): Adding preferred activity ComponentInfo{com.android.mms/com.android.mms.ui.ComposeMessageActivity} for user 0 :
D/BackupManagerService( 1572): Received broadcast Intent { act=android.intent.action.PACKAGE_ADDED dat=package:it.unina.android.ripper flg=0x4000010 (has extras) }
V/BackupManagerService( 1572): addPackageParticipantsLocked: #1
I/PackageManager( 1572): Adding preferred activity ComponentInfo{com.android.mms/com.android.mms.ui.ComposeMessageActivity} for user 0 :
I/PackageManager( 1572): Adding preferred activity ComponentInfo{com.android.mms/com.android.mms.ui.ComposeMessageActivity} for user 0 :
I/PackageManager( 1572): Adding preferred activity ComponentInfo{com.android.mms/com.android.mms.ui.ComposeMessageActivity} for user 0 :
I/PackageManager( 1572): Adding preferred activity ComponentInfo{com.android.mms/com.android.mms.ui.ComposeMessageActivity} for user 0 :
I/PackageManager( 1572): Adding preferred activity ComponentInfo{com.android.mms/com.android.mms.ui.ComposeMessageActivity} for user 0 :
I/PackageManager( 1572): Adding preferred activity ComponentInfo{com.android.mms/com.android.mms.ui.ComposeMessageActivity} for user 0 :
I/ActivityManager( 1572): Force stopping ch.hgdev.toposuite appid=10066 user=0: start instr
I/ActivityManager( 1572): Start proc ch.hgdev.toposuite for added application ch.hgdev.toposuite: pid=4472 uid=10066 gids={50066, 1028, 1015}
I/ActivityManager( 1572): START u0 {act=android.intent.action.MAIN flg=0x10000000 cmp=ch.hgdev.toposuite/.entry.MainActivity} from pid 4472
I/ActivityManager( 1572): Force stopping ch.hgdev.toposuite appid=10066 user=0: clear data
I/ActivityManager( 1572): Killing 4472:ch.hgdev.toposuite/u0a66 (adj 0): stop ch.hgdev.toposuite
W/ActivityManager( 1572): Force removing ActivityRecord{9d37c7b0 u0 ch.hgdev.toposuite/.entry.MainActivity t8}: app died, no saved state
W/ActivityManager( 1572): Crash of app ch.hgdev.toposuite running instrumentation ComponentInfo{it.unina.android.ripper/android.test.InstrumentationTestRunner}
I/WindowState( 1572): WIN DEATH: Window{9d2828a8 u0 ch.hgdev.toposuite/ch.hgdev.toposuite.entry.MainActivity}
I/ActivityManager( 1572): Force stopping ch.hgdev.toposuite appid=10066 user=0: finished inst
W/InputMethodManagerService( 1572): Got RemoteException sending setActive(false) notification to pid 4472 uid 10066
I/ActivityManager( 1572): Force stopping ch.hgdev.toposuite appid=10066 user=-1: uninstall pkg
W/PackageManager( 1572): Couldn't delete native library directory /data/app-lib/ch.hgdev.toposuite
I/ActivityManager( 1572): Force stopping ch.hgdev.toposuite appid=10066 user=0: pkg removed
I/PackageManager( 1572): Adding preferred activity ComponentInfo{com.android.mms/com.android.mms.ui.ComposeMessageActivity} for user 0 :
I/PackageManager( 1572): Adding preferred activity ComponentInfo{com.android.mms/com.android.mms.ui.ComposeMessageActivity} for user 0 :
D/BackupManagerService( 1572): Received broadcast Intent { act=android.intent.action.PACKAGE_REMOVED dat=package:ch.hgdev.toposuite flg=0x4000010 (has extras) }
V/BackupManagerService( 1572): removePackageParticipantsLocked: uid=10066 #1
I/PackageManager( 1572): Adding preferred activity ComponentInfo{com.android.mms/com.android.mms.ui.ComposeMessageActivity} for user 0 :
I/PackageManager( 1572): Adding preferred activity ComponentInfo{com.android.mms/com.android.mms.ui.ComposeMessageActivity} for user 0 :
I/PackageManager( 1572): Adding preferred activity ComponentInfo{com.android.mms/com.android.mms.ui.ComposeMessageActivity} for user 0 :
I/PackageManager( 1572): Adding preferred activity ComponentInfo{com.android.mms/com.android.mms.ui.ComposeMessageActivity} for user 0 :
I/PackageManager( 1572): Adding preferred activity ComponentInfo{com.android.mms/com.android.mms.ui.ComposeMessageActivity} for user 0 :
I/PackageManager( 1572): Adding preferred activity ComponentInfo{com.android.mms/com.android.mms.ui.ComposeMessageActivity} for user 0 :
W/ContextImpl( 3391): Calling a method in the system process without a qualified user: android.app.ContextImpl.startService:1479 android.content.ContextWrapper.startService:494 android.content.ContextWrapper.startService:494 com.android.keychain.KeyChainBroadcastReceiver.onReceive:12 android.app.ActivityThread.handleReceiver:2419 
I/ActivityManager( 1572): Force stopping it.unina.android.ripper appid=10067 user=0: clear data
I/ActivityManager( 1572): Force stopping it.unina.android.ripper appid=10067 user=-1: uninstall pkg
W/PackageManager( 1572): Couldn't delete native library directory /data/app-lib/it.unina.android.ripper
I/ActivityManager( 1572): Force stopping it.unina.android.ripper appid=10067 user=0: pkg removed
I/PackageManager( 1572): Adding preferred activity ComponentInfo{com.android.mms/com.android.mms.ui.ComposeMessageActivity} for user 0 :
I/PackageManager( 1572): Adding preferred activity ComponentInfo{com.android.mms/com.android.mms.ui.ComposeMessageActivity} for user 0 :
D/BackupManagerService( 1572): Received broadcast Intent { act=android.intent.action.PACKAGE_REMOVED dat=package:it.unina.android.ripper flg=0x4000010 (has extras) }
V/BackupManagerService( 1572): removePackageParticipantsLocked: uid=10067 #1
I/PackageManager( 1572): Adding preferred activity ComponentInfo{com.android.mms/com.android.mms.ui.ComposeMessageActivity} for user 0 :
I/PackageManager( 1572): Adding preferred activity ComponentInfo{com.android.mms/com.android.mms.ui.ComposeMessageActivity} for user 0 :
I/PackageManager( 1572): Adding preferred activity ComponentInfo{com.android.mms/com.android.mms.ui.ComposeMessageActivity} for user 0 :
I/PackageManager( 1572): Adding preferred activity ComponentInfo{com.android.mms/com.android.mms.ui.ComposeMessageActivity} for user 0 :
I/PackageManager( 1572): Adding preferred activity ComponentInfo{com.android.mms/com.android.mms.ui.ComposeMessageActivity} for user 0 :
I/PackageManager( 1572): Adding preferred activity ComponentInfo{com.android.mms/com.android.mms.ui.ComposeMessageActivity} for user 0 :
W/ContextImpl( 3391): Calling a method in the system process without a qualified user: android.app.ContextImpl.startService:1479 android.content.ContextWrapper.startService:494 android.content.ContextWrapper.startService:494 com.android.keychain.KeyChainBroadcastReceiver.onReceive:12 android.app.ActivityThread.handleReceiver:2419 
W/ActivityManager( 1572): No content provider found for permission revoke: file:///sdcard/aut.apk
W/ActivityManager( 1572): No content provider found for permission revoke: file:///sdcard/aut.apk
I/PackageManager( 1572): Copying native libraries to /data/app-lib/vmdl104116408
I/ActivityManager( 1572): Force stopping ch.hgdev.toposuite appid=10068 user=-1: update pkg
I/PackageManager( 1572): Adding preferred activity ComponentInfo{com.android.mms/com.android.mms.ui.ComposeMessageActivity} for user 0 :
I/PackageManager( 1572): Adding preferred activity ComponentInfo{com.android.mms/com.android.mms.ui.ComposeMessageActivity} for user 0 :
D/BackupManagerService( 1572): Received broadcast Intent { act=android.intent.action.PACKAGE_ADDED dat=package:ch.hgdev.toposuite flg=0x4000010 (has extras) }
V/BackupManagerService( 1572): addPackageParticipantsLocked: #1
I/PackageManager( 1572): Adding preferred activity ComponentInfo{com.android.mms/com.android.mms.ui.ComposeMessageActivity} for user 0 :
I/PackageManager( 1572): Adding preferred activity ComponentInfo{com.android.mms/com.android.mms.ui.ComposeMessageActivity} for user 0 :
I/PackageManager( 1572): Adding preferred activity ComponentInfo{com.android.mms/com.android.mms.ui.ComposeMessageActivity} for user 0 :
W/ActivityManager( 1572): Unable to start service Intent { act=com.google.android.gms.auth.key.retrieval.service.START pkg=com.google.android.gms } U=0: not found
I/PackageManager( 1572): Adding preferred activity ComponentInfo{com.android.mms/com.android.mms.ui.ComposeMessageActivity} for user 0 :
I/PackageManager( 1572): Adding preferred activity ComponentInfo{com.android.mms/com.android.mms.ui.ComposeMessageActivity} for user 0 :
I/PackageManager( 1572): Adding preferred activity ComponentInfo{com.android.mms/com.android.mms.ui.ComposeMessageActivity} for user 0 :
W/ActivityManager( 1572): Unbind failed: could not find connection for android.os.BinderProxy@9d5de8e0
W/ActivityManager( 1572): No content provider found for permission revoke: file:///sdcard/ripper.apk
W/ActivityManager( 1572): No content provider found for permission revoke: file:///sdcard/ripper.apk
I/PackageManager( 1572): Copying native libraries to /data/app-lib/vmdl-1748199393
I/PackageParser( 1572): it.unina.android.ripper: compat added android.permission.WRITE_EXTERNAL_STORAGE android.permission.READ_PHONE_STATE
I/ActivityManager( 1572): Force stopping it.unina.android.ripper appid=10069 user=-1: update pkg
I/PackageManager( 1572): Adding preferred activity ComponentInfo{com.android.mms/com.android.mms.ui.ComposeMessageActivity} for user 0 :
D/BackupManagerService( 1572): Received broadcast Intent { act=android.intent.action.PACKAGE_ADDED dat=package:it.unina.android.ripper flg=0x4000010 (has extras) }
I/PackageManager( 1572): Adding preferred activity ComponentInfo{com.android.mms/com.android.mms.ui.ComposeMessageActivity} for user 0 :
V/BackupManagerService( 1572): addPackageParticipantsLocked: #1
I/PackageManager( 1572): Adding preferred activity ComponentInfo{com.android.mms/com.android.mms.ui.ComposeMessageActivity} for user 0 :
I/PackageManager( 1572): Adding preferred activity ComponentInfo{com.android.mms/com.android.mms.ui.ComposeMessageActivity} for user 0 :
I/PackageManager( 1572): Adding preferred activity ComponentInfo{com.android.mms/com.android.mms.ui.ComposeMessageActivity} for user 0 :
I/PackageManager( 1572): Adding preferred activity ComponentInfo{com.android.mms/com.android.mms.ui.ComposeMessageActivity} for user 0 :
I/PackageManager( 1572): Adding preferred activity ComponentInfo{com.android.mms/com.android.mms.ui.ComposeMessageActivity} for user 0 :
I/PackageManager( 1572): Adding preferred activity ComponentInfo{com.android.mms/com.android.mms.ui.ComposeMessageActivity} for user 0 :
I/ActivityManager( 1572): Force stopping ch.hgdev.toposuite appid=10068 user=0: start instr
I/ActivityManager( 1572): Start proc ch.hgdev.toposuite for added application ch.hgdev.toposuite: pid=4827 uid=10068 gids={50068, 1028, 1015}
I/ActivityManager( 1572): START u0 {act=android.intent.action.MAIN flg=0x10000000 cmp=ch.hgdev.toposuite/.entry.MainActivity} from pid 4827
W/InputMethodManagerService( 1572): Starting input on non-focused client com.android.internal.view.IInputMethodClient$Stub$Proxy@9d28cb70 (uid=10009 pid=1953)
I/ActivityManager( 1572): Force stopping ch.hgdev.toposuite appid=10068 user=0: clear data
I/ActivityManager( 1572): Killing 4827:ch.hgdev.toposuite/u0a68 (adj 0): stop ch.hgdev.toposuite
W/ActivityManager( 1572): Force removing ActivityRecord{9d3de208 u0 ch.hgdev.toposuite/.entry.MainActivity t9}: app died, no saved state
W/ActivityManager( 1572): Crash of app ch.hgdev.toposuite running instrumentation ComponentInfo{it.unina.android.ripper/android.test.InstrumentationTestRunner}
I/WindowState( 1572): WIN DEATH: Window{9d1d2d70 u0 ch.hgdev.toposuite/ch.hgdev.toposuite.entry.MainActivity}
I/ActivityManager( 1572): Force stopping ch.hgdev.toposuite appid=10068 user=0: finished inst
W/InputMethodManagerService( 1572): Got RemoteException sending setActive(false) notification to pid 4827 uid 10068
I/ActivityManager( 1572): Force stopping ch.hgdev.toposuite appid=10068 user=-1: uninstall pkg
W/PackageManager( 1572): Couldn't delete native library directory /data/app-lib/ch.hgdev.toposuite
I/ActivityManager( 1572): Force stopping ch.hgdev.toposuite appid=10068 user=0: pkg removed
I/PackageManager( 1572): Adding preferred activity ComponentInfo{com.android.mms/com.android.mms.ui.ComposeMessageActivity} for user 0 :
I/PackageManager( 1572): Adding preferred activity ComponentInfo{com.android.mms/com.android.mms.ui.ComposeMessageActivity} for user 0 :
D/BackupManagerService( 1572): Received broadcast Intent { act=android.intent.action.PACKAGE_REMOVED dat=package:ch.hgdev.toposuite flg=0x4000010 (has extras) }
V/BackupManagerService( 1572): removePackageParticipantsLocked: uid=10068 #1
I/PackageManager( 1572): Adding preferred activity ComponentInfo{com.android.mms/com.android.mms.ui.ComposeMessageActivity} for user 0 :
I/PackageManager( 1572): Adding preferred activity ComponentInfo{com.android.mms/com.android.mms.ui.ComposeMessageActivity} for user 0 :
I/PackageManager( 1572): Adding preferred activity ComponentInfo{com.android.mms/com.android.mms.ui.ComposeMessageActivity} for user 0 :
I/PackageManager( 1572): Adding preferred activity ComponentInfo{com.android.mms/com.android.mms.ui.ComposeMessageActivity} for user 0 :
I/PackageManager( 1572): Adding preferred activity ComponentInfo{com.android.mms/com.android.mms.ui.ComposeMessageActivity} for user 0 :
I/PackageManager( 1572): Adding preferred activity ComponentInfo{com.android.mms/com.android.mms.ui.ComposeMessageActivity} for user 0 :
W/ContextImpl( 3391): Calling a method in the system process without a qualified user: android.app.ContextImpl.startService:1479 android.content.ContextWrapper.startService:494 android.content.ContextWrapper.startService:494 com.android.keychain.KeyChainBroadcastReceiver.onReceive:12 android.app.ActivityThread.handleReceiver:2419 
I/ActivityManager( 1572): Force stopping it.unina.android.ripper appid=10069 user=0: clear data
I/ActivityManager( 1572): Force stopping it.unina.android.ripper appid=10069 user=-1: uninstall pkg
W/PackageManager( 1572): Couldn't delete native library directory /data/app-lib/it.unina.android.ripper
I/ActivityManager( 1572): Force stopping it.unina.android.ripper appid=10069 user=0: pkg removed
I/PackageManager( 1572): Adding preferred activity ComponentInfo{com.android.mms/com.android.mms.ui.ComposeMessageActivity} for user 0 :
D/BackupManagerService( 1572): Received broadcast Intent { act=android.intent.action.PACKAGE_REMOVED dat=package:it.unina.android.ripper flg=0x4000010 (has extras) }
V/BackupManagerService( 1572): removePackageParticipantsLocked: uid=10069 #1
I/PackageManager( 1572): Adding preferred activity ComponentInfo{com.android.mms/com.android.mms.ui.ComposeMessageActivity} for user 0 :
I/PackageManager( 1572): Adding preferred activity ComponentInfo{com.android.mms/com.android.mms.ui.ComposeMessageActivity} for user 0 :
I/PackageManager( 1572): Adding preferred activity ComponentInfo{com.android.mms/com.android.mms.ui.ComposeMessageActivity} for user 0 :
I/PackageManager( 1572): Adding preferred activity ComponentInfo{com.android.mms/com.android.mms.ui.ComposeMessageActivity} for user 0 :
I/PackageManager( 1572): Adding preferred activity ComponentInfo{com.android.mms/com.android.mms.ui.ComposeMessageActivity} for user 0 :
I/PackageManager( 1572): Adding preferred activity ComponentInfo{com.android.mms/com.android.mms.ui.ComposeMessageActivity} for user 0 :
I/PackageManager( 1572): Adding preferred activity ComponentInfo{com.android.mms/com.android.mms.ui.ComposeMessageActivity} for user 0 :
W/ContextImpl( 3391): Calling a method in the system process without a qualified user: android.app.ContextImpl.startService:1479 android.content.ContextWrapper.startService:494 android.content.ContextWrapper.startService:494 com.android.keychain.KeyChainBroadcastReceiver.onReceive:12 android.app.ActivityThread.handleReceiver:2419 
W/ActivityManager( 1572): No content provider found for permission revoke: file:///sdcard/aut.apk
W/ActivityManager( 1572): No content provider found for permission revoke: file:///sdcard/aut.apk
I/PackageManager( 1572): Copying native libraries to /data/app-lib/vmdl637280091
I/ActivityManager( 1572): Force stopping ch.hgdev.toposuite appid=10070 user=-1: update pkg
I/PackageManager( 1572): Adding preferred activity ComponentInfo{com.android.mms/com.android.mms.ui.ComposeMessageActivity} for user 0 :
D/BackupManagerService( 1572): Received broadcast Intent { act=android.intent.action.PACKAGE_ADDED dat=package:ch.hgdev.toposuite flg=0x4000010 (has extras) }
I/PackageManager( 1572): Adding preferred activity ComponentInfo{com.android.mms/com.android.mms.ui.ComposeMessageActivity} for user 0 :
V/BackupManagerService( 1572): addPackageParticipantsLocked: #1
I/PackageManager( 1572): Adding preferred activity ComponentInfo{com.android.mms/com.android.mms.ui.ComposeMessageActivity} for user 0 :
I/PackageManager( 1572): Adding preferred activity ComponentInfo{com.android.mms/com.android.mms.ui.ComposeMessageActivity} for user 0 :
I/PackageManager( 1572): Adding preferred activity ComponentInfo{com.android.mms/com.android.mms.ui.ComposeMessageActivity} for user 0 :
W/ActivityManager( 1572): Unable to start service Intent { act=com.google.android.gms.auth.key.retrieval.service.START pkg=com.google.android.gms } U=0: not found
I/PackageManager( 1572): Adding preferred activity ComponentInfo{com.android.mms/com.android.mms.ui.ComposeMessageActivity} for user 0 :
I/PackageManager( 1572): Adding preferred activity ComponentInfo{com.android.mms/com.android.mms.ui.ComposeMessageActivity} for user 0 :
I/PackageManager( 1572): Adding preferred activity ComponentInfo{com.android.mms/com.android.mms.ui.ComposeMessageActivity} for user 0 :
W/ActivityManager( 1572): Unbind failed: could not find connection for android.os.BinderProxy@9d41f4c8
