W/dalvikvm( 2608): VFY: unable to resolve virtual method 13785: Lcom/google/android/chimera/ContextThemeWrapper;.createAttributionContext (Ljava/lang/String;)Landroid/content/Context;
D/dalvikvm( 2608): VFY: replacing opcode 0x6f at 0x0002
I/dalvikvm( 2608): Could not find method android.content.ContextWrapper.createCredentialProtectedStorageContext, referenced from method mnu.createCredentialProtectedStorageContext
W/dalvikvm( 2608): VFY: unable to resolve virtual method 2508: Landroid/content/ContextWrapper;.createCredentialProtectedStorageContext ()Landroid/content/Context;
D/dalvikvm( 2608): VFY: replacing opcode 0x6f at 0x0002
I/dalvikvm( 2608): Could not find method android.content.ContextWrapper.createDeviceProtectedStorageContext, referenced from method mnu.createDeviceProtectedStorageContext
W/dalvikvm( 2608): VFY: unable to resolve virtual method 2509: Landroid/content/ContextWrapper;.createDeviceProtectedStorageContext ()Landroid/content/Context;
D/dalvikvm( 2608): VFY: replacing opcode 0x6f at 0x0002
W/Conscrypt( 2091): Could not set socket write timeout: java.net.SocketException: Socket closed
I/dalvikvm( 2608): Could not find method android.content.Context.bindService, referenced from method uws.bindService
W/dalvikvm( 2608): VFY: unable to resolve virtual method 2453: Landroid/content/Context;.bindService (Landroid/content/Intent;ILjava/util/concurrent/Executor;Landroid/content/ServiceConnection;)Z
D/dalvikvm( 2608): VFY: replacing opcode 0x6e at 0x0018
I/dalvikvm( 2608): Could not find method android.content.Context.bindService, referenced from method uws.bindService
W/dalvikvm( 2608): VFY: unable to resolve virtual method 2453: Landroid/content/Context;.bindService (Landroid/content/Intent;ILjava/util/concurrent/Executor;Landroid/content/ServiceConnection;)Z
D/dalvikvm( 2608): VFY: replacing opcode 0x6e at 0x0030
I/dalvikvm( 2608): Could not find method android.content.Context.startForegroundService, referenced from method uws.startForegroundService
W/dalvikvm( 2608): VFY: unable to resolve virtual method 2501: Landroid/content/Context;.startForegroundService (Landroid/content/Intent;)Landroid/content/ComponentName;
D/dalvikvm( 2608): VFY: replacing opcode 0x6e at 0x001c
I/dalvikvm( 2608): Could not find method android.content.Context.startForegroundService, referenced from method uws.startForegroundService
W/dalvikvm( 2608): VFY: unable to resolve virtual method 2501: Landroid/content/Context;.startForegroundService (Landroid/content/Intent;)Landroid/content/ComponentName;
D/dalvikvm( 2608): VFY: replacing opcode 0x6e at 0x0028
W/Conscrypt( 2091): 	at com.google.android.gms.org.conscrypt.Platform.setSocketWriteTimeout(:com.google.android.gms@202414005@20.24.14 (000700-319035315):2)
W/Conscrypt( 2091): 	at com.google.android.gms.org.conscrypt.ConscryptFileDescriptorSocket.setSoWriteTimeout(:com.google.android.gms@202414005@20.24.14 (000700-319035315):0)
D/dalvikvm( 2608): GC_FOR_ALLOC freed 277K, 9% free 5503K/6024K, paused 8ms, total 8ms
I/dalvikvm( 2608): Could not find method android.os.PowerManager.isPowerSaveMode, referenced from method uwl.a
W/dalvikvm( 2608): VFY: unable to resolve virtual method 3047: Landroid/os/PowerManager;.isPowerSaveMode ()Z
D/dalvikvm( 2608): VFY: replacing opcode 0x6e at 0x0010
I/dalvikvm( 2091): Could not find method android.os.UserManager.isManagedProfile, referenced from method lbq.a
W/dalvikvm( 2091): VFY: unable to resolve virtual method 4277: Landroid/os/UserManager;.isManagedProfile ()Z
D/dalvikvm( 2091): VFY: replacing opcode 0x6e at 0x007c
E/dalvikvm( 2608): Could not find class 'android.net.Network', referenced from method quq.a
W/dalvikvm( 2608): VFY: unable to resolve check-cast 1424 (Landroid/net/Network;) in Lquq;
D/dalvikvm( 2608): VFY: replacing opcode 0x1f at 0x0066
I/dalvikvm( 2608): Could not find method android.content.ServiceConnection.onNullBinding, referenced from method uxb.onNullBinding
W/dalvikvm( 2608): VFY: unable to resolve interface method 2566: Landroid/content/ServiceConnection;.onNullBinding (Landroid/content/ComponentName;)V
D/dalvikvm( 2608): VFY: replacing opcode 0x72 at 0x000f
D/dalvikvm( 2608): GC_FOR_ALLOC freed 361K, 10% free 5904K/6528K, paused 3ms, total 7ms
D/dalvikvm( 1777): GC_FOR_ALLOC freed 1553K, 17% free 8973K/10776K, paused 11ms, total 11ms
E/dalvikvm( 2091): Could not find class 'android.telephony.SubscriptionManager', referenced from method lbk.a
W/dalvikvm( 2091): VFY: unable to resolve check-cast 1109 (Landroid/telephony/SubscriptionManager;) in Llbk;
D/dalvikvm( 2091): VFY: replacing opcode 0x1f at 0x0236
I/dalvikvm( 2091): Could not find method java.util.Locale.toLanguageTag, referenced from method lbk.a
W/dalvikvm( 2091): VFY: unable to resolve virtual method 43769: Ljava/util/Locale;.toLanguageTag ()Ljava/lang/String;
D/dalvikvm( 2091): VFY: replacing opcode 0x6e at 0x0025
W/dalvikvm( 2091): VFY: unable to find class referenced in signature (Landroid/telephony/SubscriptionManager;)
I/dalvikvm( 2091): Could not find method android.telephony.SubscriptionManager.getActiveSubscriptionInfoList, referenced from method lbk.a
W/dalvikvm( 2091): VFY: unable to resolve virtual method 5833: Landroid/telephony/SubscriptionManager;.getActiveSubscriptionInfoList ()Ljava/util/List;
D/dalvikvm( 2091): VFY: replacing opcode 0x74 at 0x0004
I/CheckinRequestBuilder( 2091): Checkin reason type: 5 attempt count: 1 [CONTEXT service_id=130 ]
D/dalvikvm( 2608): GC_FOR_ALLOC freed 238K, 8% free 6524K/7064K, paused 4ms, total 4ms
I/dalvikvm( 2608): Could not find method android.net.Network.openConnection, referenced from method qsu.a
W/dalvikvm( 2608): VFY: unable to resolve virtual method 5072: Landroid/net/Network;.openConnection (Ljava/net/URL;)Ljava/net/URLConnection;
D/dalvikvm( 2608): VFY: replacing opcode 0x6e at 0x000f
I/GCoreUlr( 1777): WorldUpdater received intent Intent { act=com.google.android.location.reporting.ACTION_UPDATE_WORLD cmp=com.google.android.gms/com.google.android.location.reporting.service.DispatchingService (has extras) } with receiverAction init
I/dalvikvm( 2608): Could not find method android.system.Os.stat, referenced from method nop.a
W/dalvikvm( 2608): VFY: unable to resolve static method 3146: Landroid/system/Os;.stat (Ljava/lang/String;)Landroid/system/StructStat;
D/dalvikvm( 2608): VFY: replacing opcode 0x71 at 0x0182
D/dalvikvm( 1571): GC_FOR_ALLOC freed 1051K, 47% free 7790K/14668K, paused 9ms, total 9ms
D/dalvikvm( 1848): GC_EXPLICIT freed 150K, 22% free 5960K/7568K, paused 0ms+0ms, total 16ms
I/dalvikvm( 1777): Could not find method android.os.PowerManager.isInteractive, referenced from method ayde.a
W/dalvikvm( 1777): VFY: unable to resolve virtual method 1678: Landroid/os/PowerManager;.isInteractive ()Z
D/dalvikvm( 1777): VFY: replacing opcode 0x6e at 0x003d
I/dalvikvm( 2608): Could not find method android.os.UserManager.isManagedProfile, referenced from method nmn.g
W/dalvikvm( 2608): VFY: unable to resolve virtual method 4277: Landroid/os/UserManager;.isManagedProfile ()Z
D/dalvikvm( 2608): VFY: replacing opcode 0x6e at 0x0012
I/dalvikvm( 2608): Could not find method android.app.admin.DevicePolicyManager.getAccountTypesWithManagementDisabled, referenced from method nmn.i
W/dalvikvm( 2608): VFY: unable to resolve virtual method 2586: Landroid/app/admin/DevicePolicyManager;.getAccountTypesWithManagementDisabled ()[Ljava/lang/String;
D/dalvikvm( 2608): VFY: replacing opcode 0x6e at 0x002b
I/dalvikvm( 2608): Could not find method android.accounts.AccountManager.removeAccount, referenced from method ymq.c
W/dalvikvm( 2608): VFY: unable to resolve virtual method 4165: Landroid/accounts/AccountManager;.removeAccount (Landroid/accounts/Account;Landroid/app/Activity;Landroid/accounts/AccountManagerCallback;Landroid/os/Handler;)Landroid/accounts/AccountManagerFuture;
D/dalvikvm( 2608): VFY: replacing opcode 0x6e at 0x0009
I/dalvikvm( 2608): Could not find method android.accounts.AccountManager.removeAccountExplicitly, referenced from method ymq.d
W/dalvikvm( 2608): VFY: unable to resolve virtual method 4166: Landroid/accounts/AccountManager;.removeAccountExplicitly (Landroid/accounts/Account;)Z
D/dalvikvm( 2608): VFY: replacing opcode 0x6e at 0x0008
D/dalvikvm( 2091): GC_EXPLICIT freed 1293K, 18% free 10445K/12652K, paused 11ms+21ms, total 82ms
I/dalvikvm( 2608): Could not find method android.os.PowerManager.isInteractive, referenced from method nol.a
W/dalvikvm( 2608): VFY: unable to resolve virtual method 4227: Landroid/os/PowerManager;.isInteractive ()Z
D/dalvikvm( 2608): VFY: replacing opcode 0x6e at 0x0006
V/SmartDevice( 2091): [service,SmartDeviceIntentHandlers] OnUpgradeOrBootOperation got intent: Intent { act=com.google.android.chimera.IntentOperation.NEW_MODULE (has extras) } with flag 12
I/dalvikvm( 1777): Could not find method android.os.UserManager.getUserProfiles, referenced from method alze.a
W/dalvikvm( 1777): VFY: unable to resolve virtual method 29751: Landroid/os/UserManager;.getUserProfiles ()Ljava/util/List;
D/dalvikvm( 1777): VFY: replacing opcode 0x6e at 0x006a
W/Conscrypt( 2091): Could not set socket write timeout: java.net.SocketException: Socket closed
W/Conscrypt( 2091): 	at com.google.android.gms.org.conscrypt.Platform.setSocketWriteTimeout(:com.google.android.gms@202414005@20.24.14 (000700-319035315):2)
W/Conscrypt( 2091): 	at com.google.android.gms.org.conscrypt.ConscryptFileDescriptorSocket.setSoWriteTimeout(:com.google.android.gms@202414005@20.24.14 (000700-319035315):0)
I/ChimeraCfgMgr( 2091): Received com.google.android.chimera.IntentOperation.NEW_MODULE(1/0): 1,true
D/dalvikvm( 2091): DexOpt: --- BEGIN 'DynamiteModulesC.apk' (bootstrap=0) ---
I/dalvikvm( 1777): Could not find method android.os.UserHandle.isOwner, referenced from method ambv.a
W/dalvikvm( 1777): VFY: unable to resolve virtual method 29745: Landroid/os/UserHandle;.isOwner ()Z
D/dalvikvm( 1777): VFY: replacing opcode 0x6e at 0x000a
W/linker  ( 2678): libdvm.so has text relocations. This is wasting memory and is a security risk. Please fix.
I/GCoreUlr( 1777): WorldUpdater:init: Ensuring that reporting is stopped because of reasons: (no Google accounts)
I/GCoreUlr( 1777): Unbound from all signal providers.
I/GCoreUlr( 1777): Unbound from all signal providers.
I/GCoreUlr( 1777): Stopping handler for UlrDispSvcFast
I/Icing   ( 2091): Indexing com.google.android.googlequicksearchbox-applications from com.google.android.googlequicksearchbox
D/dalvikvm( 2608): GC_FOR_ALLOC freed 806K, 14% free 6855K/7888K, paused 4ms, total 4ms
E/dalvikvm( 2608): Could not find class 'android.net.Network', referenced from method quf.a
W/dalvikvm( 2608): VFY: unable to resolve check-cast 1424 (Landroid/net/Network;) in Lquf;
D/dalvikvm( 2608): VFY: replacing opcode 0x1f at 0x0075
I/Icing   ( 2091): Indexing done com.google.android.googlequicksearchbox-applications
D/dalvikvm( 2608): GC_FOR_ALLOC freed 2079K, 32% free 5699K/8332K, paused 6ms, total 6ms
D/dalvikvm( 2608): GC_FOR_ALLOC freed 192K, 31% free 5820K/8332K, paused 2ms, total 2ms
I/dalvikvm-heap( 2608): Grow heap (frag case) to 6.316MB for 475600-byte allocation
D/dalvikvm( 2608): GC_FOR_ALLOC freed <1K, 29% free 6284K/8800K, paused 6ms, total 6ms
D/dalvikvm( 2608): GC_FOR_ALLOC freed 0K, 29% free 6284K/8800K, paused 4ms, total 4ms
I/dalvikvm-heap( 2608): Grow heap (frag case) to 6.770MB for 475600-byte allocation
D/dalvikvm( 2608): GC_FOR_ALLOC freed 0K, 28% free 6748K/9268K, paused 5ms, total 5ms
E/WakeLock( 2091): DG:service ** IS FORCE-RELEASED ON TIMEOUT **
D/dalvikvm( 2608): GC_FOR_ALLOC freed 940K, 37% free 5859K/9268K, paused 4ms, total 4ms
D/dalvikvm( 2608): GC_FOR_ALLOC freed 3K, 27% free 6788K/9268K, paused 2ms, total 2ms
I/dalvikvm-heap( 2608): Grow heap (frag case) to 7.215MB for 426603-byte allocation
D/dalvikvm( 2678): DexOpt: load 43ms, verify+opt 174ms, 1684660 bytes
D/dalvikvm( 2608): GC_FOR_ALLOC freed <1K, 26% free 7204K/9688K, paused 4ms, total 4ms
D/dalvikvm( 2608): GC_FOR_ALLOC freed 1840K, 44% free 5472K/9688K, paused 5ms, total 5ms
D/dalvikvm( 2091): DexOpt: --- END 'DynamiteModulesC.apk' (success) ---
D/dalvikvm( 2091): DEX prep '/data/data/com.google.android.gms/app_chimera/m/00000004/DynamiteModulesC.apk': unzip in 61ms, rewrite 300ms
D/dalvikvm( 2608): DexOpt: --- BEGIN 'the.apk' (bootstrap=0) ---
W/linker  ( 2683): libdvm.so has text relocations. This is wasting memory and is a security risk. Please fix.
I/Icing   ( 2091): Indexing done com.google.android.gms-internal.3p:MobileApplication
I/Icing   ( 2091): Indexing com.google.android.googlequicksearchbox-contacts from com.google.android.googlequicksearchbox
W/DynamiteModule( 2091): Local module descriptor class for providerinstaller not found.
W/ProviderHelper( 2091): Unknown dynamite feature providerinstaller
I/DynamiteModule( 2091): Considering local module providerinstaller:0 and remote module providerinstaller:0
W/ProviderInstaller( 2091): Failed to load providerinstaller module: No acceptable module found. Local version is 0 and remote version is 0.
D/dalvikvm( 2683): DexOpt: load 1ms, verify+opt 1ms, 207932 bytes
D/dalvikvm( 2608): DexOpt: --- END 'the.apk' (success) ---
D/dalvikvm( 2608): DEX prep '/data/data/com.google.android.gms/app_dg_cache/332DF7A96159CC0FFEB819779627D9C94920AA73/the.apk': unzip in 0ms, rewrite 17ms
D/dalvikvm( 2091): GC_FOR_ALLOC freed 1193K, 12% free 11294K/12740K, paused 28ms, total 28ms
D/dalvikvm( 2608): Trying to load lib /data/data/com.google.android.gms/app_dg_cache/332DF7A96159CC0FFEB819779627D9C94920AA73/libdCD96A5AB8310.so 0x9d2543e8
D/dalvikvm( 2608): Added shared lib /data/data/com.google.android.gms/app_dg_cache/332DF7A96159CC0FFEB819779627D9C94920AA73/libdCD96A5AB8310.so 0x9d2543e8
D/dalvikvm( 2250): GC_FOR_ALLOC freed 469K, 17% free 3425K/4080K, paused 8ms, total 8ms
D/ConnectivityService( 1571): handleInetConditionHoldEnd: net=0, condition=0, published condition=0
I/Icing   ( 2091): Indexing done com.google.android.googlequicksearchbox-contacts
I/Icing   ( 2091): Indexing com.google.android.gms-apps from com.google.android.gms
I/Icing   ( 2091): Indexing done com.google.android.gms-apps
D/dalvikvm( 2091): GC_EXPLICIT freed 422K, 13% free 11152K/12740K, paused 4ms+3ms, total 34ms
D/dalvikvm( 2091): DexOpt: --- BEGIN 'GoogleCertificates.apk' (bootstrap=0) ---
W/linker  ( 2686): libdvm.so has text relocations. This is wasting memory and is a security risk. Please fix.
D/dalvikvm( 2608): GC_FOR_ALLOC freed 833K, 44% free 5468K/9688K, paused 4ms, total 4ms
D/dalvikvm( 2686): DexOpt: load 2ms, verify+opt 5ms, 294780 bytes
D/        ( 2608): HostConnection::get() New Host Connection established 0xb7ce93a0, tid 2666
D/dalvikvm( 2091): DexOpt: --- END 'GoogleCertificates.apk' (success) ---
D/dalvikvm( 2091): DEX prep '/data/data/com.google.android.gms/app_chimera/m/00000005/GoogleCertificates.apk': unzip in 0ms, rewrite 37ms
D/EGL_emulation( 2608): eglCreateContext: 0xb7d329b0: maj 3 min 0 rcv 3
D/EGL_emulation( 2608): eglMakeCurrent: 0xb7d329b0: ver 3 0
E/eglCodecCommon( 2608): glUtilsParamSize: unknow param 0x00008cdf
E/eglCodecCommon( 2608): glUtilsParamSize: unknow param 0x00008824
I/Icing   ( 2091): IndexChimeraService.getServiceInterface callingPackage=com.google.android.googlequicksearchbox componentName=null serviceId=21
W/Icing.InternalIcingCorporaProvider( 2250): Application table change notification failed.
D/dalvikvm( 1848): GC_EXPLICIT freed 147K, 22% free 5956K/7568K, paused 1ms+2ms, total 9ms
W/Icing   ( 2091): No valid account for uploading user actions
I/Icing   ( 2091): Usage reports ok 0, Failed Usage reports 0, indexed 0, rejected 0
I/Icing   ( 2091): IndexChimeraService.getServiceInterface callingPackage=com.google.android.googlequicksearchbox componentName=null serviceId=21
W/Icing.InternalIcingCorporaProvider( 2250): Contacts table change notification failed.
W/Icing   ( 2091): No valid account for uploading user actions
I/Icing   ( 2091): Usage reports ok 0, Failed Usage reports 0, indexed 0, rejected 0
W/DynamiteModule( 2091): Local module descriptor class for providerinstaller not found.
I/DynamiteModule( 2091): Considering local module providerinstaller:0 and remote module providerinstaller:0
W/ProviderInstaller( 2091): Failed to load providerinstaller module: No acceptable module found. Local version is 0 and remote version is 0.
I/Icing   ( 2091): Indexing com.google.android.gms-apps from com.google.android.gms
I/ActivityManager( 1571): Resuming delayed broadcast
D/AlertReceiver( 2315): onReceive: a=android.intent.action.BOOT_COMPLETED Intent { act=android.intent.action.BOOT_COMPLETED flg=0x8000010 cmp=com.google.android.calendar/com.android.calendar.alerts.AlertReceiver (has extras) }
D/AlertUtils( 2315): Flushing old alerts from shared prefs table
D/EGL_emulation( 2608): eglCreateContext: 0xb7d344a0: maj 3 min 0 rcv 3
D/EGL_emulation( 2608): eglMakeCurrent: 0xb7d344a0: ver 3 0
E/eglCodecCommon( 2608): glUtilsParamSize: unknow param 0x00008cdf
E/eglCodecCommon( 2608): glUtilsParamSize: unknow param 0x00008824
I/ActivityManager( 1571): Delay finish: com.google.android.calendar/com.android.calendar.alerts.AlertReceiver
D/AlertService( 2315): 0 Action = android.intent.action.BOOT_COMPLETED
D/AlertService( 2315): Scheduling next alarm with AlarmScheduler. sEventReminderReceived: null
D/dalvikvm( 2091): GC_FOR_ALLOC freed 1308K, 17% free 10733K/12808K, paused 24ms, total 24ms
D/AlarmScheduler( 2315): No events found starting within 1 week.
I/dalvikvm-heap( 2091): Grow heap (frag case) to 11.724MB for 1048588-byte allocation
D/dalvikvm( 2091): GC_FOR_ALLOC freed 12K, 16% free 11745K/13836K, paused 23ms, total 23ms
I/Icing   ( 2091): Indexing done com.google.android.gms-apps
D/dalvikvm( 2608): GC_FOR_ALLOC freed 614K, 42% free 5676K/9688K, paused 7ms, total 7ms
D/dalvikvm( 2608): GC_FOR_ALLOC freed 479K, 39% free 5950K/9688K, paused 2ms, total 2ms
D/dalvikvm( 2608): GC_FOR_ALLOC freed 942K, 39% free 5988K/9688K, paused 2ms, total 2ms
D/dalvikvm( 2608): GC_FOR_ALLOC freed 10K, 29% free 6918K/9688K, paused 3ms, total 3ms
I/dalvikvm-heap( 2608): Grow heap (frag case) to 7.342MB for 426603-byte allocation
D/dalvikvm( 2608): GC_FOR_ALLOC freed 930K, 37% free 6405K/10108K, paused 2ms, total 2ms
D/dalvikvm( 2608): DexOpt: --- BEGIN 'the.apk' (bootstrap=0) ---
W/linker  ( 2693): libdvm.so has text relocations. This is wasting memory and is a security risk. Please fix.
D/dalvikvm( 2693): DexOpt: load 1ms, verify+opt 1ms, 207932 bytes
D/dalvikvm( 2091): GC_EXPLICIT freed 1349K, 21% free 11064K/13836K, paused 2ms+17ms, total 41ms
D/dalvikvm( 2608): DexOpt: --- END 'the.apk' (success) ---
D/dalvikvm( 2608): DEX prep '/data/data/com.google.android.gms/app_dg_cache/0BF2C608180009C015A9E5E9AF849125E742EA2A/the.apk': unzip in 0ms, rewrite 25ms
D/dalvikvm( 2608): Trying to load lib /data/data/com.google.android.gms/app_dg_cache/0BF2C608180009C015A9E5E9AF849125E742EA2A/libdCD96A5AB8310.so 0x9d255bd0
D/dalvikvm( 2608): Added shared lib /data/data/com.google.android.gms/app_dg_cache/0BF2C608180009C015A9E5E9AF849125E742EA2A/libdCD96A5AB8310.so 0x9d255bd0
D/dalvikvm( 2608): DexOpt: --- BEGIN 'f.apk' (bootstrap=0) ---
I/FontLog ( 2091): Updating from directory version 0 to 17 from disk [CONTEXT service_id=132 ]
D/dalvikvm( 2091): DexOpt: --- BEGIN 'MapsDynamite.apk' (bootstrap=0) ---
W/linker  ( 2695): libdvm.so has text relocations. This is wasting memory and is a security risk. Please fix.
W/linker  ( 2694): libdvm.so has text relocations. This is wasting memory and is a security risk. Please fix.
D/dalvikvm( 2694): DexOpt: load 1ms, verify+opt 1ms, 123436 bytes
D/dalvikvm( 2608): DexOpt: --- END 'f.apk' (success) ---
D/dalvikvm( 2608): DEX prep '/data/data/com.google.android.gms/app_fb/f.apk': unzip in 0ms, rewrite 30ms
D/dalvikvm( 2608): GC_FOR_ALLOC freed 2003K, 30% free 5541K/7892K, paused 9ms, total 9ms
D/        ( 2608): HostConnection::get() New Host Connection established 0xb7d2c110, tid 2682
D/EGL_emulation( 2608): eglCreateContext: 0xb7d16910: maj 3 min 0 rcv 3
D/EGL_emulation( 2608): eglMakeCurrent: 0xb7d16910: ver 3 0
E/eglCodecCommon( 2608): glUtilsParamSize: unknow param 0x00008cdf
E/eglCodecCommon( 2608): glUtilsParamSize: unknow param 0x00008824
I/CheckinUtil( 2091): Classify the device as Phone. [CONTEXT service_id=130 ]
D/dalvikvm( 2695): DexOpt: load 15ms, verify+opt 121ms, 1867812 bytes
D/dalvikvm( 2091): DexOpt: --- END 'MapsDynamite.apk' (success) ---
D/dalvikvm( 2091): DEX prep '/data/data/com.google.android.gms/app_chimera/m/00000006/MapsDynamite.apk': unzip in 33ms, rewrite 203ms
W/DynamiteModule( 2091): Local module descriptor class for providerinstaller not found.
I/DynamiteModule( 2091): Considering local module providerinstaller:0 and remote module providerinstaller:0
W/ProviderInstaller( 2091): Failed to load providerinstaller module: No acceptable module found. Local version is 0 and remote version is 0.
D/dalvikvm( 2091): GC_EXPLICIT freed 703K, 21% free 11042K/13836K, paused 1ms+0ms, total 10ms
D/dalvikvm( 2091): DexOpt: --- BEGIN 'MeasurementDynamite.apk' (bootstrap=0) ---
W/linker  ( 2700): libdvm.so has text relocations. This is wasting memory and is a security risk. Please fix.
D/dalvikvm( 2608): GC_FOR_ALLOC freed 578K, 30% free 5535K/7892K, paused 3ms, total 3ms
D/dalvikvm( 2608): GC_FOR_ALLOC freed 5K, 29% free 5634K/7892K, paused 4ms, total 4ms
I/dalvikvm-heap( 2608): Grow heap (frag case) to 5.731MB for 51985-byte allocation
D/dalvikvm( 2608): GC_FOR_ALLOC freed <1K, 29% free 5684K/7944K, paused 3ms, total 3ms
D/dalvikvm( 2700): DexOpt: load 6ms, verify+opt 32ms, 584588 bytes
I/Icing   ( 2091): IndexChimeraService.getServiceInterface callingPackage=com.google.android.googlequicksearchbox componentName=null serviceId=21
W/Icing   ( 2091): No valid account for uploading user actions
D/dalvikvm( 2091): DexOpt: --- END 'MeasurementDynamite.apk' (success) ---
D/dalvikvm( 2091): DEX prep '/data/data/com.google.android.gms/app_chimera/m/00000007/MeasurementDynamite.apk': unzip in 1ms, rewrite 58ms
I/Icing   ( 2091): Usage reports ok 0, Failed Usage reports 0, indexed 0, rejected 0
V/AlarmClock( 2362): AlarmInitReceiver android.intent.action.BOOT_COMPLETED
D/dalvikvm( 2362): GC_FOR_ALLOC freed 426K, 17% free 3069K/3684K, paused 1ms, total 1ms
V/AlarmClock( 2362): AlarmInitReceiver - Reset timers and clear stopwatch data
V/AlarmClock( 2362): AlarmInitReceiver - resetting volume button default
D/dalvikvm( 2091): GC_EXPLICIT freed 129K, 21% free 10993K/13836K, paused 1ms+1ms, total 12ms
I/ActivityManager( 1571): Resuming delayed broadcast
I/AlarmClock( 2362): Displaying next alarm time: ''
V/AlarmClock( 2362): AlarmInitReceiver finished
D/dalvikvm( 2091): GC_EXPLICIT freed 12K, 21% free 10988K/13836K, paused 1ms+2ms, total 10ms
E/WakeLock( 2091): DG:service ** IS FORCE-RELEASED ON TIMEOUT **
I/ActivityManager( 1571): Delay finish: com.android.email/.service.EmailUpgradeBroadcastReceiver
D/dalvikvm( 2091): GC_EXPLICIT freed 9K, 21% free 10986K/13836K, paused 0ms+1ms, total 10ms
I/Email   ( 2022): Onetime initialization: 1
I/ActivityManager( 1571): Resuming delayed broadcast
I/ActivityManager( 1571): Delay finish: com.android.email/.service.EmailBroadcastReceiver
D/dalvikvm( 2091): GC_EXPLICIT freed 7K, 21% free 10986K/13836K, paused 1ms+0ms, total 9ms
I/Email   ( 2022): Onetime initialization: 2
I/Email   ( 2022): Onetime initialization: completed.
D/dalvikvm( 2091): GC_EXPLICIT freed 6K, 21% free 10986K/13836K, paused 0ms+1ms, total 12ms
I/ActivityManager( 1571): Delaying start of: ServiceRecord{9db673a0 u0 com.android.exchange/.service.EmailSyncAdapterService}
D/dalvikvm( 2091): GC_EXPLICIT freed 7K, 21% free 10987K/13836K, paused 1ms+1ms, total 11ms
D/dalvikvm( 2608): GC_FOR_ALLOC freed 478K, 30% free 5585K/7944K, paused 3ms, total 4ms
D/dalvikvm( 2091): GC_EXPLICIT freed 6K, 21% free 10987K/13836K, paused 1ms+2ms, total 11ms
I/ActivityManager( 1571): Resuming delayed broadcast
I/ActivityManager( 1571): Delay finish: com.google.android.syncadapters.contacts/.ContactsSyncAdapterBroadcastReceiver
W/Conscrypt( 2091): Could not set socket write timeout: java.net.SocketException: Socket closed
W/Conscrypt( 2091): 	at com.google.android.gms.org.conscrypt.Platform.setSocketWriteTimeout(:com.google.android.gms@202414005@20.24.14 (000700-319035315):2)
W/Conscrypt( 2091): 	at com.google.android.gms.org.conscrypt.ConscryptFileDescriptorSocket.setSoWriteTimeout(:com.google.android.gms@202414005@20.24.14 (000700-319035315):0)
D/dalvikvm( 2608): GC_FOR_ALLOC freed 129K, 29% free 5651K/7944K, paused 3ms, total 4ms
E/DG      ( 2608): FSC error [CONTEXT service_id=25 ]
E/DG      ( 2608): java.lang.NullPointerException
E/DG      ( 2608): 	at bnwi.a(:com.google.android.gms@202414005@20.24.14 (000700-319035315):16)
E/DG      ( 2608): 	at com.google.android.gms.droidguard.DroidGuardChimeraService.a(:com.google.android.gms@202414005@20.24.14 (000700-319035315):39)
E/DG      ( 2608): 	at com.google.android.gms.droidguard.DroidGuardChimeraService.a(:com.google.android.gms@202414005@20.24.14 (000700-319035315):71)
E/DG      ( 2608): 	at com.google.android.gms.framework.tracing.wrapper.TracingIntentService.onHandleIntent(:com.google.android.gms@202414005@20.24.14 (000700-319035315):1)
E/DG      ( 2608): 	at bpq.handleMessage(:com.google.android.gms@202414005@20.24.14 (000700-319035315):0)
E/DG      ( 2608): 	at android.os.Handler.dispatchMessage(Handler.java:102)
E/DG      ( 2608): 	at android.os.Looper.loop(Looper.java:136)
E/DG      ( 2608): 	at android.os.HandlerThread.run(HandlerThread.java:61)
D/dalvikvm( 1882): GC_FOR_ALLOC freed 378K, 15% free 3388K/3952K, paused 1ms, total 1ms
I/LauncherIconVisibilityManager( 1765): Boot has been completed
I/LauncherIconVisibilityManager( 1765): Disable activity: ComponentInfo{com.google.android.inputmethod.latin/com.android.inputmethod.latin.setup.SetupActivity}
I/ActivityManager( 1571): Resuming delayed broadcast
D/dalvikvm( 1765): GC_FOR_ALLOC freed 388K, 15% free 3410K/3980K, paused 2ms, total 3ms
D/dalvikvm( 2091): GC_EXPLICIT freed 21K, 21% free 10990K/13836K, paused 1ms+1ms, total 25ms
I/Notifications( 2383): [ChimeBroadcastReceiver] Intent received for action [android.intent.action.BOOT_COMPLETED] package [com.google.android.play.games].
I/Notifications( 2383): [ChimeBroadcastReceiver] Validation OK for action [android.intent.action.BOOT_COMPLETED].
I/Notifications( 2383): [ChimeBroadcastReceiver] Executing action in Service [android.intent.action.BOOT_COMPLETED].
W/BroadcastQueue( 1571): Permission Denial: broadcasting Intent { act=android.appwidget.action.APPWIDGET_UPDATE_OPTIONS flg=0x10 cmp=com.android.settings/.widget.SettingsAppWidgetProvider (has extras) } from android (pid=1945, uid=10009) is not exported from uid 1000 due to receiver com.android.settings/.widget.SettingsAppWidgetProvider
D/dalvikvm( 2508): GC_FOR_ALLOC freed 246K, 12% free 3259K/3692K, paused 2ms, total 2ms
I/ActivityManager( 1571): Delay finish: com.google.android.gms/.chimera.GmsIntentOperationService$PersistentInternalReceiver
E/PhenotypeRegOp( 2091): Attempting to overwrite config package for com.google.android.gms.games [CONTEXT service_id=231 ]
E/PhenotypeRegOp( 2091): Attempting to overwrite config package for com.google.android.gms.mobile_data_plan [CONTEXT service_id=231 ]
E/PhenotypeRegOp( 2091): Attempting to overwrite config package for com.google.android.gms.signin [CONTEXT service_id=231 ]
E/PhenotypeRegOp( 2091): Attempting to overwrite config package for com.google.android.gms.udc [CONTEXT service_id=231 ]
I/ActivityManager( 1571): Resuming delayed broadcast
W/Conscrypt( 2091): Could not set socket write timeout: java.net.SocketException: Socket closed
W/Conscrypt( 2091): 	at com.google.android.gms.org.conscrypt.Platform.setSocketWriteTimeout(:com.google.android.gms@202414005@20.24.14 (000700-319035315):2)
W/Conscrypt( 2091): 	at com.google.android.gms.org.conscrypt.ConscryptFileDescriptorSocket.setSoWriteTimeout(:com.google.android.gms@202414005@20.24.14 (000700-319035315):0)
I/Fitness ( 1777): FitCleanupIntentOperation received Intent android.intent.action.PACKAGE_CHANGED [CONTEXT service_id=17 ]
I/ActivityManager( 1571): Delay finish: com.google.android.googlequicksearchbox/com.google.android.searchcommon.summons.icing.InternalIcingCorporaProvider$CorporaChangedReceiver
I/Fitness ( 1777): OnPackageChangedOperation got intent: Intent { act=android.intent.action.PACKAGE_CHANGED dat=package:com.android.email flg=0x4000010 cmp=com.google.android.gms/.chimera.PersistentIntentOperationService (has extras) } [CONTEXT service_id=17 ]
I/Icing.InternalIcingCorporaProvider( 2250): Updating corpora: A: com.android.email, C: MAYBE
I/Icing   ( 2091): Indexing com.google.android.gms-internal.3p:MobileApplication from com.google.android.gms
I/Icing   ( 2091): IndexChimeraService.getServiceInterface callingPackage=com.google.android.googlequicksearchbox componentName=null serviceId=21
I/GmsModuleFndr( 2091): Beginning GMS chimera module scan
D/dalvikvm( 2091): DexOpt: couldn't find static field Landroid/os/Build;.SUPPORTED_64_BIT_ABIS
W/dalvikvm( 2091): VFY: unable to resolve static field 1539 (SUPPORTED_64_BIT_ABIS) in Landroid/os/Build;
D/dalvikvm( 2091): VFY: replacing opcode 0x62 at 0x002c
D/dalvikvm( 2091): DexOpt: couldn't find static field Landroid/os/Build;.SUPPORTED_32_BIT_ABIS
W/dalvikvm( 2091): VFY: unable to resolve static field 1538 (SUPPORTED_32_BIT_ABIS) in Landroid/os/Build;
D/dalvikvm( 2091): VFY: replacing opcode 0x62 at 0x0032
I/ModuleSetMgr( 2091): Computing pending module set with APKs: [[AdsFdrDynamite.integ:21460000000], [Cronetdynamite:202414000700], [Dynamiteloader:202414000700], [Dynamitemodulesa:202414000000], [Dynamitemodulesc:202414000000], [Googlecertificates:202414000000], [Mapsdynamite:202414000000], [Measurementdynamite:202414000000]]
I/Icing   ( 2091): Indexing done com.google.android.gms-internal.3p:MobileApplication
D/dalvikvm( 1571): GC_EXPLICIT freed 1042K, 47% free 7856K/14668K, paused 0ms+1ms, total 8ms
W/Icing   ( 2091): No valid account for uploading user actions
I/Icing   ( 2091): Usage reports ok 0, Failed Usage reports 0, indexed 0, rejected 0
I/ModuleSetMgr( 2091): Pending container module APKs: []
I/ModuleSetMgr( 2091): Pending non-container module APKs: []
W/Launcher( 2267): setApplicationContext called twice! old=com.google.android.velvet.VelvetApplication@9d043a10 new=com.google.android.velvet.VelvetApplication@9d043a10
I/ActivityManager( 1571): Resuming delayed broadcast
I/Fitness ( 1777): OnPackageChangedOperation got intent: Intent { act=android.intent.action.PACKAGE_CHANGED dat=package:com.google.android.gsf flg=0x4000010 cmp=com.google.android.gms/.chimera.PersistentIntentOperationService (has extras) } [CONTEXT service_id=17 ]
I/Fitness ( 1777): FitCleanupIntentOperation received Intent android.intent.action.PACKAGE_CHANGED [CONTEXT service_id=17 ]
I/ActivityManager( 1571): Delay finish: com.google.android.googlequicksearchbox/com.google.android.searchcommon.summons.icing.InternalIcingCorporaProvider$CorporaChangedReceiver
I/Icing.InternalIcingCorporaProvider( 2250): Updating corpora: A: com.google.android.gsf, C: MAYBE
I/Icing   ( 2091): IndexChimeraService.getServiceInterface callingPackage=com.google.android.googlequicksearchbox componentName=null serviceId=21
W/Icing   ( 2091): No valid account for uploading user actions
I/Icing   ( 2091): Usage reports ok 0, Failed Usage reports 0, indexed 0, rejected 0
W/Launcher( 2267): setApplicationContext called twice! old=com.google.android.velvet.VelvetApplication@9d043a10 new=com.google.android.velvet.VelvetApplication@9d043a10
I/ActivityManager( 1571): Resuming delayed broadcast
I/Fitness ( 1777): OnPackageChangedOperation got intent: Intent { act=android.intent.action.PACKAGE_CHANGED dat=package:com.google.android.gms flg=0x4000010 cmp=com.google.android.gms/.chimera.PersistentIntentOperationService (has extras) } [CONTEXT service_id=17 ]
I/Fitness ( 1777): FitCleanupIntentOperation received Intent android.intent.action.PACKAGE_CHANGED [CONTEXT service_id=17 ]
I/Icing   ( 2091): updateResources: need to parse wwx{com.google.android.gms}
I/ActivityManager( 1571): Delay finish: com.google.android.googlequicksearchbox/com.google.android.searchcommon.summons.icing.InternalIcingCorporaProvider$CorporaChangedReceiver
I/Icing.InternalIcingCorporaProvider( 2250): Updating corpora: A: com.google.android.gms, C: MAYBE
D/dalvikvm( 1777): GC_EXPLICIT freed 2090K, 21% free 8821K/11148K, paused 0ms+1ms, total 12ms
D/dalvikvm( 2091): GC_FOR_ALLOC freed 1582K, 18% free 11387K/13836K, paused 18ms, total 18ms
I/Icing   ( 2091): IndexChimeraService.getServiceInterface callingPackage=com.google.android.googlequicksearchbox componentName=null serviceId=21
W/Icing   ( 2091): No valid account for uploading user actions
I/Icing   ( 2091): Usage reports ok 0, Failed Usage reports 0, indexed 0, rejected 0
W/Launcher( 2267): setApplicationContext called twice! old=com.google.android.velvet.VelvetApplication@9d043a10 new=com.google.android.velvet.VelvetApplication@9d043a10
I/ActivityManager( 1571): Resuming delayed broadcast
I/Fitness ( 1777): OnPackageChangedOperation got intent: Intent { act=android.intent.action.PACKAGE_CHANGED dat=package:com.android.settings flg=0x4000010 cmp=com.google.android.gms/.chimera.PersistentIntentOperationService (has extras) } [CONTEXT service_id=17 ]
I/ActivityManager( 1571): Delay finish: com.google.android.googlequicksearchbox/com.google.android.searchcommon.summons.icing.InternalIcingCorporaProvider$CorporaChangedReceiver
I/Fitness ( 1777): FitCleanupIntentOperation received Intent android.intent.action.PACKAGE_CHANGED [CONTEXT service_id=17 ]
I/Icing.InternalIcingCorporaProvider( 2250): Updating corpora: A: com.android.settings, C: MAYBE
I/Icing   ( 2091): IndexChimeraService.getServiceInterface callingPackage=com.google.android.googlequicksearchbox componentName=null serviceId=21
D/dalvikvm( 2091): GC_FOR_ALLOC freed 1270K, 13% free 12164K/13836K, paused 9ms, total 9ms
W/Icing   ( 2091): No valid account for uploading user actions
I/Icing   ( 2091): Usage reports ok 0, Failed Usage reports 0, indexed 0, rejected 0
D/dalvikvm( 2250): GC_FOR_ALLOC freed 462K, 16% free 3476K/4124K, paused 2ms, total 2ms
D/dalvikvm( 2267): GC_FOR_ALLOC freed 300K, 14% free 3206K/3692K, paused 2ms, total 2ms
W/Launcher( 2267): setApplicationContext called twice! old=com.google.android.velvet.VelvetApplication@9d043a10 new=com.google.android.velvet.VelvetApplication@9d043a10
I/ActivityManager( 1571): Resuming delayed broadcast
E/BluetoothAdapter( 1811): Bluetooth binder is null
I/ActivityManager( 1571): Delay finish: com.google.android.gms/.gcm.nts.SchedulerReceiver
I/ActivityManager( 1571): Resuming delayed broadcast
D/AlertReceiver( 2315): onReceive: a=android.intent.action.PROVIDER_CHANGED Intent { act=android.intent.action.PROVIDER_CHANGED dat=content://com.android.calendar flg=0x10 cmp=com.google.android.calendar/com.android.calendar.alerts.AlertReceiver }
I/ActivityManager( 1571): Delay finish: com.google.android.calendar/com.android.calendar.alerts.AlertReceiver
D/AlertService( 2315): 0 Action = android.intent.action.PROVIDER_CHANGED
D/dalvikvm( 2091): GC_FOR_ALLOC freed 1844K, 15% free 12370K/14464K, paused 14ms, total 14ms
I/CheckinResponseProcess( 2091): From server: 1526 gservices [full] [CONTEXT service_id=130 ]
D/dalvikvm( 2091): GC_FOR_ALLOC freed 1418K, 12% free 12969K/14668K, paused 9ms, total 9ms
D/dalvikvm( 1848): GC_FOR_ALLOC freed 325K, 13% free 6643K/7568K, paused 4ms, total 4ms
E/dalvikvm( 2091): JIT code cache full
I/GservicesProvider( 1848): main update completed
I/CertBlacklister( 1571): Certificate blacklist changed, updating...
I/CertBlacklister( 1571): Certificate blacklist updated
I/Checkin ( 2091): [CheckinRequestProcessor] CheckinNowTaskTag : Checkin Succeeded: https://android.googleapis.com/checkin (fragment #1).
D/dalvikvm( 1848): GC_EXPLICIT freed 1128K, 20% free 6069K/7568K, paused 0ms+1ms, total 7ms
I/ChimeraCfgMgr( 2091): Updating module config: container:2024149000700 -> container:2024149000700
E/DowngradeHelper( 2091): isModuleDowngradeRequired false
E/ConfigFileUtils( 2091): Failed to read config file: /data/data/com.google.android.gms/app_chimera/current_modules_init.pb: open failed: ENOENT (No such file or directory)
D/dalvikvm( 2091): JIT code cache reset delayed (523052 bytes 0/1)
D/dalvikvm( 2091): GC_EXPLICIT freed 3088K, 24% free 11369K/14940K, paused 1ms+3ms, total 20ms
I/Icing   ( 2091): Indexing com.google.android.googlequicksearchbox-applications from com.google.android.googlequicksearchbox
D/dalvikvm( 1848): GC_EXPLICIT freed 134K, 20% free 6076K/7568K, paused 0ms+1ms, total 6ms
I/Icing   ( 2091): Indexing done com.google.android.googlequicksearchbox-applications
I/Icing   ( 2091): Indexing com.google.android.googlequicksearchbox-applications from com.google.android.googlequicksearchbox
I/Icing   ( 2091): Indexing done com.google.android.googlequicksearchbox-applications
I/Icing   ( 2091): Indexing com.google.android.gms-apps from com.google.android.gms
I/Icing   ( 2091): Indexing com.google.android.gms-internal.3p:MobileApplication from com.google.android.gms
I/Icing   ( 2091): Indexing done com.google.android.gms-apps
I/Icing   ( 2091): Indexing done com.google.android.gms-internal.3p:MobileApplication
I/Icing   ( 2091): Indexing com.google.android.gms-apps from com.google.android.gms
I/Icing   ( 2091): Indexing done com.google.android.gms-apps
D/dalvikvm( 2091): JIT code cache reset delayed (523052 bytes 0/2)
D/dalvikvm( 2091): GC_FOR_ALLOC freed 2088K, 25% free 11328K/14940K, paused 11ms, total 11ms
I/Icing   ( 2091): Indexing com.google.android.googlequicksearchbox-applications from com.google.android.googlequicksearchbox
I/Icing   ( 2091): Indexing done com.google.android.googlequicksearchbox-applications
I/ChimeraCfgMgr( 2091): Sending com.google.android.chimera.IntentOperation.NEW_MODULE Intents: 1,false,true
I/ChmraDebugLogger( 2091): [46] container:2024149000700
W/DynamiteModule( 2091): Local module descriptor class for providerinstaller not found.
W/ProviderHelper( 2091): Unknown dynamite feature providerinstaller
I/DynamiteModule( 2091): Considering local module providerinstaller:0 and remote module providerinstaller:0
W/ProviderInstaller( 2091): Failed to load providerinstaller module: No acceptable module found. Local version is 0 and remote version is 0.
D/dalvikvm( 2091): JIT code cache reset delayed (523052 bytes 0/3)
D/dalvikvm( 2091): GC_FOR_ALLOC freed 800K, 26% free 11078K/14940K, paused 10ms, total 10ms
I/dalvikvm-heap( 2091): Grow heap (frag case) to 12.060MB for 1048588-byte allocation
D/dalvikvm( 2091): JIT code cache reset delayed (523052 bytes 0/4)
D/dalvikvm( 2091): GC_FOR_ALLOC freed 1K, 25% free 12100K/15968K, paused 11ms, total 11ms
D/dalvikvm( 2091): JIT code cache reset delayed (523052 bytes 0/5)
D/dalvikvm( 2091): GC_FOR_ALLOC freed 1085K, 31% free 11059K/15968K, paused 9ms, total 9ms
I/Icing   ( 2091): Indexing com.google.android.gms-apps from com.google.android.gms
I/Icing   ( 2091): Indexing done com.google.android.gms-apps
W/DynamiteModule( 2091): Local module descriptor class for providerinstaller not found.
I/Icing   ( 2091): Indexing com.google.android.gms-internal.3p:MobileApplication from com.google.android.gms
I/Icing   ( 2091): Indexing done com.google.android.gms-internal.3p:MobileApplication
I/DynamiteModule( 2091): Considering local module providerinstaller:0 and remote module providerinstaller:0
W/ProviderInstaller( 2091): Failed to load providerinstaller module: No acceptable module found. Local version is 0 and remote version is 0.
I/Icing   ( 2091): Indexing com.google.android.googlequicksearchbox-applications from com.google.android.googlequicksearchbox
W/DynamiteModule( 2091): Local module descriptor class for providerinstaller not found.
I/DynamiteModule( 2091): Considering local module providerinstaller:0 and remote module providerinstaller:0
W/ProviderInstaller( 2091): Failed to load providerinstaller module: No acceptable module found. Local version is 0 and remote version is 0.
D/dalvikvm( 2091): JIT code cache reset delayed (523052 bytes 0/6)
D/dalvikvm( 2091): GC_FOR_ALLOC freed 1647K, 32% free 11004K/15968K, paused 10ms, total 10ms
I/Icing   ( 2091): Indexing done com.google.android.googlequicksearchbox-applications
W/DynamiteModule( 2091): Local module descriptor class for providerinstaller not found.
I/DynamiteModule( 2091): Considering local module providerinstaller:0 and remote module providerinstaller:0
W/ProviderInstaller( 2091): Failed to load providerinstaller module: No acceptable module found. Local version is 0 and remote version is 0.
W/DynamiteModule( 2091): Local module descriptor class for providerinstaller not found.
I/DynamiteModule( 2091): Considering local module providerinstaller:0 and remote module providerinstaller:0
W/ProviderInstaller( 2091): Failed to load providerinstaller module: No acceptable module found. Local version is 0 and remote version is 0.
D/dalvikvm( 2091): JIT code cache reset delayed (523052 bytes 0/7)
D/dalvikvm( 2091): GC_FOR_ALLOC freed 825K, 31% free 11054K/15968K, paused 11ms, total 11ms
I/dalvikvm-heap( 2091): Grow heap (frag case) to 12.038MB for 1048588-byte allocation
D/dalvikvm( 2091): JIT code cache reset delayed (523052 bytes 0/8)
D/dalvikvm( 2091): GC_FOR_ALLOC freed 0K, 29% free 12078K/16996K, paused 11ms, total 11ms
I/Icing   ( 2091): Indexing com.google.android.gms-apps from com.google.android.gms
I/ChimeraCfgMgr( 2091): Received com.google.android.chimera.IntentOperation.NEW_MODULE(1/0): 1,false
I/Icing   ( 2091): Indexing done com.google.android.gms-apps
I/Icing   ( 2091): Indexing com.google.android.googlequicksearchbox-applications from com.google.android.googlequicksearchbox
I/Icing   ( 2091): Indexing done com.google.android.googlequicksearchbox-applications
W/DynamiteModule( 2091): Local module descriptor class for providerinstaller not found.
I/Icing   ( 2091): Indexing com.google.android.gms-internal.3p:MobileApplication from com.google.android.gms
I/DynamiteModule( 2091): Considering local module providerinstaller:0 and remote module providerinstaller:0
W/ProviderInstaller( 2091): Failed to load providerinstaller module: No acceptable module found. Local version is 0 and remote version is 0.
D/dalvikvm( 2091): JIT code cache reset in 0 ms (523052 bytes 1/8)
D/dalvikvm( 2091): GC_FOR_ALLOC freed 1526K, 25% free 11071K/14660K, paused 12ms, total 12ms
I/dalvikvm-heap( 2091): Grow heap (frag case) to 12.053MB for 1048588-byte allocation
D/dalvikvm( 2091): GC_FOR_ALLOC freed 2K, 23% free 12092K/15688K, paused 11ms, total 11ms
I/Icing   ( 2091): Indexing done com.google.android.gms-internal.3p:MobileApplication
D/dalvikvm( 2091): GC_FOR_ALLOC freed 1063K, 30% free 11055K/15688K, paused 12ms, total 12ms
W/DynamiteModule( 2091): Local module descriptor class for providerinstaller not found.
I/DynamiteModule( 2091): Considering local module providerinstaller:0 and remote module providerinstaller:0
W/ProviderInstaller( 2091): Failed to load providerinstaller module: No acceptable module found. Local version is 0 and remote version is 0.
W/DynamiteModule( 2091): Local module descriptor class for providerinstaller not found.
I/DynamiteModule( 2091): Considering local module providerinstaller:0 and remote module providerinstaller:0
W/ProviderInstaller( 2091): Failed to load providerinstaller module: No acceptable module found. Local version is 0 and remote version is 0.
D/dalvikvm( 2091): GC_FOR_ALLOC freed 429K, 30% free 11056K/15688K, paused 9ms, total 9ms
I/dalvikvm-heap( 2091): Grow heap (frag case) to 11.954MB for 958476-byte allocation
D/dalvikvm( 2091): GC_FOR_ALLOC freed 1K, 28% free 11991K/16628K, paused 11ms, total 11ms
D/dalvikvm( 2091): GC_EXPLICIT freed 1101K, 35% free 10969K/16628K, paused 0ms+1ms, total 11ms
D/dalvikvm( 2091): GC_EXPLICIT freed 10K, 35% free 10964K/16628K, paused 0ms+1ms, total 11ms
D/dalvikvm( 2091): GC_EXPLICIT freed 6K, 35% free 10965K/16628K, paused 1ms+0ms, total 11ms
D/dalvikvm( 2091): GC_EXPLICIT freed 6K, 35% free 10965K/16628K, paused 1ms+0ms, total 9ms
D/dalvikvm( 2091): GC_EXPLICIT freed 7K, 35% free 10964K/16628K, paused 1ms+1ms, total 12ms
D/dalvikvm( 2091): GC_EXPLICIT freed 6K, 35% free 10965K/16628K, paused 1ms+0ms, total 12ms
D/dalvikvm( 2091): GC_EXPLICIT freed 6K, 35% free 10965K/16628K, paused 1ms+1ms, total 10ms
D/dalvikvm( 2091): GC_EXPLICIT freed 6K, 35% free 10965K/16628K, paused 0ms+0ms, total 11ms
I/GmsModuleFndr( 2091): Beginning GMS chimera module scan
I/ModuleSetMgr( 2091): Computing pending module set with APKs: [[AdsFdrDynamite.integ:21460000000], [Cronetdynamite:202414000700], [Dynamiteloader:202414000700], [Dynamitemodulesa:202414000000], [Dynamitemodulesc:202414000000], [Googlecertificates:202414000000], [Mapsdynamite:202414000000], [Measurementdynamite:202414000000]]
I/ModuleSetMgr( 2091): Pending container module APKs: []
I/ModuleSetMgr( 2091): Pending non-container module APKs: []
D/dalvikvm( 2091): GC_EXPLICIT freed 306K, 34% free 10999K/16628K, paused 1ms+0ms, total 14ms
D/dalvikvm( 2091): GC_EXPLICIT freed 35K, 35% free 10970K/16628K, paused 1ms+1ms, total 19ms
D/dalvikvm( 2091): GC_EXPLICIT freed 6K, 35% free 10971K/16628K, paused 1ms+1ms, total 15ms
D/dalvikvm( 2091): GC_EXPLICIT freed 7K, 35% free 10970K/16628K, paused 0ms+1ms, total 17ms
D/dalvikvm( 2091): GC_EXPLICIT freed 6K, 35% free 10971K/16628K, paused 0ms+0ms, total 11ms
D/dalvikvm( 2091): GC_EXPLICIT freed 6K, 35% free 10971K/16628K, paused 1ms+1ms, total 13ms
D/dalvikvm( 2091): GC_EXPLICIT freed 6K, 35% free 10971K/16628K, paused 1ms+1ms, total 10ms
D/dalvikvm( 2091): GC_EXPLICIT freed 7K, 35% free 10970K/16628K, paused 0ms+0ms, total 12ms
I/GmsModuleFndr( 2091): Beginning GMS chimera module scan
I/ModuleSetMgr( 2091): Computing pending module set with APKs: [[AdsFdrDynamite.integ:21460000000], [Cronetdynamite:202414000700], [Dynamiteloader:202414000700], [Dynamitemodulesa:202414000000], [Dynamitemodulesc:202414000000], [Googlecertificates:202414000000], [Mapsdynamite:202414000000], [Measurementdynamite:202414000000]]
I/ModuleSetMgr( 2091): Pending container module APKs: []
I/ModuleSetMgr( 2091): Pending non-container module APKs: []
W/DynamiteModule( 2091): Local module descriptor class for providerinstaller not found.
I/DynamiteModule( 2091): Considering local module providerinstaller:0 and remote module providerinstaller:0
W/ProviderInstaller( 2091): Failed to load providerinstaller module: No acceptable module found. Local version is 0 and remote version is 0.
D/dalvikvm( 2091): GC_FOR_ALLOC freed 1289K, 34% free 11070K/16628K, paused 11ms, total 11ms
W/DynamiteModule( 2091): Local module descriptor class for providerinstaller not found.
I/DynamiteModule( 2091): Considering local module providerinstaller:0 and remote module providerinstaller:0
W/ProviderInstaller( 2091): Failed to load providerinstaller module: No acceptable module found. Local version is 0 and remote version is 0.
W/DynamiteModule( 2091): Local module descriptor class for providerinstaller not found.
I/DynamiteModule( 2091): Considering local module providerinstaller:0 and remote module providerinstaller:0
W/ProviderInstaller( 2091): Failed to load providerinstaller module: No acceptable module found. Local version is 0 and remote version is 0.
W/DynamiteModule( 2091): Local module descriptor class for providerinstaller not found.
I/DynamiteModule( 2091): Considering local module providerinstaller:0 and remote module providerinstaller:0
W/ProviderInstaller( 2091): Failed to load providerinstaller module: No acceptable module found. Local version is 0 and remote version is 0.
D/dalvikvm( 2091): GC_FOR_ALLOC freed 2052K, 34% free 11066K/16628K, paused 14ms, total 15ms
W/DynamiteModule( 2091): Local module descriptor class for providerinstaller not found.
I/DynamiteModule( 2091): Considering local module providerinstaller:0 and remote module providerinstaller:0
W/ProviderInstaller( 2091): Failed to load providerinstaller module: No acceptable module found. Local version is 0 and remote version is 0.
W/DynamiteModule( 2091): Local module descriptor class for providerinstaller not found.
I/DynamiteModule( 2091): Considering local module providerinstaller:0 and remote module providerinstaller:0
W/ProviderInstaller( 2091): Failed to load providerinstaller module: No acceptable module found. Local version is 0 and remote version is 0.
D/dalvikvm( 2091): GC_FOR_ALLOC freed 1504K, 34% free 11056K/16628K, paused 11ms, total 11ms
W/DynamiteModule( 2091): Local module descriptor class for providerinstaller not found.
I/DynamiteModule( 2091): Considering local module providerinstaller:0 and remote module providerinstaller:0
W/ProviderInstaller( 2091): Failed to load providerinstaller module: No acceptable module found. Local version is 0 and remote version is 0.
W/DynamiteModule( 2091): Local module descriptor class for providerinstaller not found.
I/DynamiteModule( 2091): Considering local module providerinstaller:0 and remote module providerinstaller:0
W/ProviderInstaller( 2091): Failed to load providerinstaller module: No acceptable module found. Local version is 0 and remote version is 0.
D/dalvikvm( 2091): GC_FOR_ALLOC freed 1449K, 34% free 11056K/16628K, paused 8ms, total 8ms
D/dalvikvm( 2091): GC_EXPLICIT freed 1078K, 35% free 10967K/16628K, paused 1ms+1ms, total 13ms
D/dalvikvm( 2091): GC_EXPLICIT freed 8K, 35% free 10965K/16628K, paused 3ms+1ms, total 19ms
D/dalvikvm( 2091): GC_EXPLICIT freed 6K, 35% free 10965K/16628K, paused 3ms+2ms, total 16ms
D/dalvikvm( 2091): GC_EXPLICIT freed 7K, 35% free 10965K/16628K, paused 0ms+1ms, total 12ms
D/dalvikvm( 2091): GC_EXPLICIT freed 6K, 35% free 10965K/16628K, paused 1ms+1ms, total 19ms
D/dalvikvm( 2091): GC_EXPLICIT freed 6K, 35% free 10966K/16628K, paused 1ms+1ms, total 15ms
