D/ConnectivityService( 1571): [CheckMp] isMobileOk: linkHasIpv4=true linkHasIpv6=false
D/ConnectivityService( 1571): requestRouteToHostAddress ok=true
D/ConnectivityService( 1571): [CheckMp] isMobileOk: wait to establish route to hostAddr=clients3.google.com/172.217.13.110
I/ActivityManager( 1571): Start proc com.google.android.gms for service com.google.android.gms/.chimera.GmsIntentOperationService: pid=2091 uid=10007 gids={50007, 3003, 1007, 1028, 1015, 3002, 3001, 3007, 2001, 3006}
D/ConnectivityService( 1571): [CheckMp] isMobileOk: newUrl=https://172.217.13.110/generate_204
W/ActivityThread( 1571): ClassLoader.loadClass: The class loader returned by Thread.getContextClassLoader() may fail for processes that host multiple applications. You should explicitly specify a context class loader. For example: Thread.setContextClassLoader(getClass().getClassLoader());
D/ConnectivityService( 1571): [CheckMp] isMobileOk: hostnameVerify retVal=true hostname=172.217.13.110 orgUriHost=clients3.google.com
D/ConnectivityService( 1571): [CheckMp] isMobileOk: headers={null=[HTTP/1.1 204 No Content], Alt-Svc=[h3=":443"; ma=2592000,h3-29=":443"; ma=2592000,h3-T051=":443"; ma=2592000,h3-Q050=":443"; ma=2592000,h3-Q046=":443"; ma=2592000,h3-Q043=":443"; ma=2592000,quic=":443"; ma=2592000; v="46,43"], Connection=[close], Content-Length=[0], Date=[Mon, 16 Aug 2021 03:31:28 GMT], X-Android-Received-Millis=[1629084688817], X-Android-Response-Source=[NETWORK 204], X-Android-Selected-Transport=[http/1.1], X-Android-Sent-Millis=[1629084688805]}
D/ConnectivityService( 1571): [CheckMp] isMobileOk: X got expected responseCode=204 result=1
D/ConnectivityService( 1571): [CheckMp] isMobileOk: F stop hipri
D/ConnectivityService( 1571): stopUsingNetworkFeature: teardown net 0: enableHIPRI
D/MobileDataStateTracker( 1571): default: setEnableFailFastMobileData(enabled=0)
D/MobileDataStateTracker( 1571): hipri: Broadcast received: android.intent.action.ANY_DATA_STATE apnType=hipri
D/MobileDataStateTracker( 1571): hipri: Received state=DISCONNECTED, old=CONNECTED, reason=dataDisabled
D/MobileDataStateTracker( 1571): hipri: setDetailed state, old =CONNECTED and new state=DISCONNECTED
D/ConnectivityService( 1571): ConnectivityChange for mobile_hipri: DISCONNECTED/DISCONNECTED
D/Nat464Xlat( 1571): requiresClat: netType=5, hasIPv4Address=true
I/ActivityManager( 1571): Start proc com.android.music for broadcast com.android.music/.MediaButtonIntentReceiver: pid=2158 uid=10036 gids={50036, 3003, 1028, 1015}
W/ActivityManager( 1571): Unable to start service Intent { act=com.google.android.gms.auth.key.retrieval.service.START pkg=com.google.android.gms } U=0: not found
W/ActivityManager( 1571): Unbind failed: could not find connection for android.os.BinderProxy@9d60b4c8
W/ActivityManager( 1571): Unable to start service Intent { act=com.google.android.gms.nearby.discovery:ACTION_INIT_MESSAGES_PATH cmp=com.google.android.gms/.nearby.discovery.service.DiscoveryService } U=0: not found
I/PackageManager( 1571): Adding preferred activity ComponentInfo{com.android.mms/com.android.mms.ui.ComposeMessageActivity} for user 0 :
I/PackageManager( 1571): Adding preferred activity ComponentInfo{com.android.mms/com.android.mms.ui.ComposeMessageActivity} for user 0 :
I/PackageManager( 1571): Adding preferred activity ComponentInfo{com.android.mms/com.android.mms.ui.ComposeMessageActivity} for user 0 :
I/PackageManager( 1571): Adding preferred activity ComponentInfo{com.android.mms/com.android.mms.ui.ComposeMessageActivity} for user 0 :
I/PackageManager( 1571): Adding preferred activity ComponentInfo{com.android.mms/com.android.mms.ui.ComposeMessageActivity} for user 0 :
I/PackageManager( 1571): Adding preferred activity ComponentInfo{com.android.mms/com.android.mms.ui.ComposeMessageActivity} for user 0 :
I/PackageManager( 1571): Adding preferred activity ComponentInfo{com.android.mms/com.android.mms.ui.ComposeMessageActivity} for user 0 :
I/PackageManager( 1571): Adding preferred activity ComponentInfo{com.android.mms/com.android.mms.ui.ComposeMessageActivity} for user 0 :
I/PackageManager( 1571): Adding preferred activity ComponentInfo{com.android.mms/com.android.mms.ui.ComposeMessageActivity} for user 0 :
I/PackageManager( 1571): Adding preferred activity ComponentInfo{com.android.mms/com.android.mms.ui.ComposeMessageActivity} for user 0 :
I/PackageManager( 1571): Adding preferred activity ComponentInfo{com.android.mms/com.android.mms.ui.ComposeMessageActivity} for user 0 :
I/PackageManager( 1571): Adding preferred activity ComponentInfo{com.android.mms/com.android.mms.ui.ComposeMessageActivity} for user 0 :
I/PackageManager( 1571): Adding preferred activity ComponentInfo{com.android.mms/com.android.mms.ui.ComposeMessageActivity} for user 0 :
I/PackageManager( 1571): Adding preferred activity ComponentInfo{com.android.mms/com.android.mms.ui.ComposeMessageActivity} for user 0 :
I/PackageManager( 1571): Adding preferred activity ComponentInfo{com.android.mms/com.android.mms.ui.ComposeMessageActivity} for user 0 :
I/PackageManager( 1571): Adding preferred activity ComponentInfo{com.android.mms/com.android.mms.ui.ComposeMessageActivity} for user 0 :
I/PackageManager( 1571): Adding preferred activity ComponentInfo{com.android.mms/com.android.mms.ui.ComposeMessageActivity} for user 0 :
I/PackageManager( 1571): Adding preferred activity ComponentInfo{com.android.mms/com.android.mms.ui.ComposeMessageActivity} for user 0 :
I/PackageManager( 1571): Adding preferred activity ComponentInfo{com.android.mms/com.android.mms.ui.ComposeMessageActivity} for user 0 :
I/PackageManager( 1571): Adding preferred activity ComponentInfo{com.android.mms/com.android.mms.ui.ComposeMessageActivity} for user 0 :
I/PackageManager( 1571): Adding preferred activity ComponentInfo{com.android.mms/com.android.mms.ui.ComposeMessageActivity} for user 0 :
I/PackageManager( 1571): Adding preferred activity ComponentInfo{com.android.mms/com.android.mms.ui.ComposeMessageActivity} for user 0 :
I/PackageManager( 1571): Adding preferred activity ComponentInfo{com.android.mms/com.android.mms.ui.ComposeMessageActivity} for user 0 :
I/PackageManager( 1571): Adding preferred activity ComponentInfo{com.android.mms/com.android.mms.ui.ComposeMessageActivity} for user 0 :
I/PackageManager( 1571): Adding preferred activity ComponentInfo{com.android.mms/com.android.mms.ui.ComposeMessageActivity} for user 0 :
I/PackageManager( 1571): Adding preferred activity ComponentInfo{com.android.mms/com.android.mms.ui.ComposeMessageActivity} for user 0 :
I/PackageManager( 1571): Adding preferred activity ComponentInfo{com.android.mms/com.android.mms.ui.ComposeMessageActivity} for user 0 :
I/PackageManager( 1571): Adding preferred activity ComponentInfo{com.android.mms/com.android.mms.ui.ComposeMessageActivity} for user 0 :
I/PackageManager( 1571): Adding preferred activity ComponentInfo{com.android.mms/com.android.mms.ui.ComposeMessageActivity} for user 0 :
I/PackageManager( 1571): Adding preferred activity ComponentInfo{com.android.mms/com.android.mms.ui.ComposeMessageActivity} for user 0 :
I/PackageManager( 1571): Adding preferred activity ComponentInfo{com.android.mms/com.android.mms.ui.ComposeMessageActivity} for user 0 :
I/PackageManager( 1571): Adding preferred activity ComponentInfo{com.android.mms/com.android.mms.ui.ComposeMessageActivity} for user 0 :
I/ActivityManager( 1571): Start proc com.google.android.googlequicksearchbox for broadcast com.google.android.googlequicksearchbox/com.google.android.searchcommon.summons.icing.InternalIcingCorporaProvider$CorporaChangedReceiver: pid=2250 uid=10013 gids={50013, 3003, 1028, 3002, 1015}
I/ActivityManager( 1571): Start proc com.google.android.googlequicksearchbox:launcher for broadcast com.google.android.googlequicksearchbox/com.google.android.gel.GelStubAppWatcher: pid=2267 uid=10013 gids={50013, 3003, 1028, 3002, 1015}
E/ActivityThread( 2250): Failed to find provider info for com.google.android.voicesearch
E/ActivityThread( 2250): Failed to find provider info for com.google.android.partnersetup.rlzappprovider
W/ActivityManager( 1571): Unable to start service Intent { act=com.google.android.gms.nearby.discovery:ACTION_PERMISSION_CHANGE cmp=com.google.android.gms/.nearby.discovery.service.DiscoveryService } U=0: not found
I/ActivityManager( 1571): Start proc com.google.android.calendar for broadcast com.google.android.calendar/com.android.calendar.widget.CalendarAppWidgetService$CalendarFactory: pid=2315 uid=10018 gids={50018, 3003}
I/ActivityManager( 1571): Start proc com.android.providers.calendar for content provider com.android.providers.calendar/.CalendarProvider2: pid=2349 uid=10001 gids={50001, 3003, 1028, 1015}
I/ActivityManager( 1571): Start proc com.android.deskclock for broadcast com.android.deskclock/.AlarmInitReceiver: pid=2362 uid=10022 gids={50022, 1028}
W/BackupManagerService( 1571): dataChanged but no participant pkg='com.android.providers.settings' uid=10022
I/ActivityManager( 1571): Start proc com.google.android.play.games for broadcast com.google.android.play.games/com.google.android.libraries.notifications.entrypoints.timezonechanged.TimezoneChangedReceiver: pid=2383 uid=10043 gids={50043, 3003}
I/ActivityManager( 1571): Start proc com.google.android.gms.ui for service com.google.android.gms/.chimera.UiIntentOperationService: pid=2396 uid=10007 gids={50007, 3003, 1007, 1028, 1015, 3002, 3001, 3007, 2001, 3006}
--------- beginning of /dev/log/main
W/dalvikvm( 2396): VFY: unable to resolve static method 3146: Landroid/system/Os;.stat (Ljava/lang/String;)Landroid/system/StructStat;
D/dalvikvm( 2396): VFY: replacing opcode 0x71 at 0x0182
E/dalvikvm( 1777): Could not find class 'android.app.usage.UsageStatsManager', referenced from method vha.a
W/dalvikvm( 1777): VFY: unable to resolve const-class 1242 (Landroid/app/usage/UsageStatsManager;) in Lvha;
D/dalvikvm( 1777): VFY: replacing opcode 0x1c at 0x0009
I/GCM-GMS ( 2091): Scheduling task to register GMS
E/dalvikvm( 2383): Could not find class 'android.app.job.JobScheduler', referenced from method gss.e
W/dalvikvm( 2383): VFY: unable to resolve check-cast 443 (Landroid/app/job/JobScheduler;) in Lgss;
D/dalvikvm( 2383): VFY: replacing opcode 0x1f at 0x00d7
E/dalvikvm( 2383): Could not find class 'android.app.job.JobScheduler', referenced from method gss.b
W/dalvikvm( 2383): VFY: unable to resolve check-cast 443 (Landroid/app/job/JobScheduler;) in Lgss;
D/dalvikvm( 2383): VFY: replacing opcode 0x1f at 0x02b1
E/dalvikvm( 2383): Could not find class 'android.app.job.JobScheduler', referenced from method gss.b
W/dalvikvm( 2383): VFY: unable to resolve check-cast 443 (Landroid/app/job/JobScheduler;) in Lgss;
D/dalvikvm( 2383): VFY: replacing opcode 0x1f at 0x0672
E/dalvikvm( 2383): Could not find class 'android.app.job.JobScheduler', referenced from method gss.b
W/dalvikvm( 2383): VFY: unable to resolve check-cast 443 (Landroid/app/job/JobScheduler;) in Lgss;
D/dalvikvm( 2383): VFY: replacing opcode 0x1f at 0x0866
E/dalvikvm( 2383): Could not find class 'android.app.job.JobScheduler', referenced from method gss.b
W/dalvikvm( 2383): VFY: unable to resolve check-cast 443 (Landroid/app/job/JobScheduler;) in Lgss;
D/dalvikvm( 2383): VFY: replacing opcode 0x1f at 0x0906
E/dalvikvm( 2383): Could not find class 'android.app.job.JobScheduler', referenced from method gss.b
W/dalvikvm( 2383): VFY: unable to resolve check-cast 443 (Landroid/app/job/JobScheduler;) in Lgss;
D/dalvikvm( 2383): VFY: replacing opcode 0x1f at 0x095c
E/dalvikvm( 2383): Could not find class 'android.app.job.JobScheduler', referenced from method gss.b
W/dalvikvm( 2383): VFY: unable to resolve check-cast 443 (Landroid/app/job/JobScheduler;) in Lgss;
D/dalvikvm( 2383): VFY: replacing opcode 0x1f at 0x09fc
E/dalvikvm( 2383): Could not find class 'android.app.job.JobScheduler', referenced from method gss.b
W/dalvikvm( 2383): VFY: unable to resolve check-cast 443 (Landroid/app/job/JobScheduler;) in Lgss;
D/dalvikvm( 2383): VFY: replacing opcode 0x1f at 0x0a1e
E/dalvikvm( 2383): Could not find class 'android.app.job.JobScheduler', referenced from method gss.b
W/dalvikvm( 2383): VFY: unable to resolve check-cast 443 (Landroid/app/job/JobScheduler;) in Lgss;
D/dalvikvm( 2383): VFY: replacing opcode 0x1f at 0x0a40
E/dalvikvm( 2383): Could not find class 'android.app.job.JobScheduler', referenced from method gss.b
W/dalvikvm( 2383): VFY: unable to resolve check-cast 443 (Landroid/app/job/JobScheduler;) in Lgss;
D/dalvikvm( 2383): VFY: replacing opcode 0x1f at 0x0a62
E/dalvikvm( 2383): Could not find class 'android.app.job.JobScheduler', referenced from method gss.b
W/dalvikvm( 2383): VFY: unable to resolve check-cast 443 (Landroid/app/job/JobScheduler;) in Lgss;
D/dalvikvm( 2383): VFY: replacing opcode 0x1f at 0x0ae8
E/dalvikvm( 2383): Could not find class 'android.app.job.JobScheduler', referenced from method gss.b
W/dalvikvm( 2383): VFY: unable to resolve check-cast 443 (Landroid/app/job/JobScheduler;) in Lgss;
D/dalvikvm( 2383): VFY: replacing opcode 0x1f at 0x0b20
E/dalvikvm( 2383): Could not find class 'android.app.job.JobScheduler', referenced from method gss.c
W/dalvikvm( 2383): VFY: unable to resolve check-cast 443 (Landroid/app/job/JobScheduler;) in Lgss;
D/dalvikvm( 2383): VFY: replacing opcode 0x1f at 0x0077
E/dalvikvm( 2383): Could not find class 'android.app.job.JobScheduler', referenced from method gss.c
W/dalvikvm( 2383): VFY: unable to resolve check-cast 443 (Landroid/app/job/JobScheduler;) in Lgss;
D/dalvikvm( 2383): VFY: replacing opcode 0x1f at 0x012a
E/dalvikvm( 2383): Could not find class 'android.app.job.JobScheduler', referenced from method gss.c
W/dalvikvm( 2383): VFY: unable to resolve check-cast 443 (Landroid/app/job/JobScheduler;) in Lgss;
D/dalvikvm( 2383): VFY: replacing opcode 0x1f at 0x0327
I/dalvikvm( 2396): Could not find method android.content.pm.PackageManager.getPackageInstaller, referenced from method men.a
W/dalvikvm( 2396): VFY: unable to resolve virtual method 2608: Landroid/content/pm/PackageManager;.getPackageInstaller ()Landroid/content/pm/PackageInstaller;
D/dalvikvm( 2396): VFY: replacing opcode 0x6e at 0x001c
W/DynamiteModule( 2396): Local module descriptor class for providerinstaller not found.
E/dalvikvm( 2383): Could not find class 'android.app.job.JobScheduler', referenced from method gtk.u_
I/PrimesTesting( 2383): GserviceFlagsSupplier.get()
W/dalvikvm( 2383): VFY: unable to resolve check-cast 443 (Landroid/app/job/JobScheduler;) in Lgtk;
D/dalvikvm( 2383): VFY: replacing opcode 0x1f at 0x0080
I/dalvikvm( 2396): Could not find method android.system.Os.readlink, referenced from method bse.a
W/dalvikvm( 2396): VFY: unable to resolve static method 3145: Landroid/system/Os;.readlink (Ljava/lang/String;)Ljava/lang/String;
D/dalvikvm( 2396): VFY: replacing opcode 0x71 at 0x0044
I/dalvikvm( 2396): Could not find method android.system.Os.symlink, referenced from method bse.a
W/dalvikvm( 2396): VFY: unable to resolve static method 3147: Landroid/system/Os;.symlink (Ljava/lang/String;Ljava/lang/String;)V
D/dalvikvm( 2396): VFY: replacing opcode 0x71 at 0x00b0
I/dalvikvm( 2396): Could not find method android.system.Os.stat, referenced from method bse.a
W/dalvikvm( 2396): VFY: unable to resolve static method 3146: Landroid/system/Os;.stat (Ljava/lang/String;)Landroid/system/StructStat;
D/dalvikvm( 2396): VFY: replacing opcode 0x71 at 0x0005
W/dalvikvm( 2396): VFY: unable to resolve static field 1615 (S_IXUSR) in Landroid/system/OsConstants;
D/dalvikvm( 2396): VFY: replacing opcode 0x60 at 0x0007
I/dalvikvm( 2396): Could not find method android.system.Os.stat, referenced from method bse.b
W/dalvikvm( 2396): VFY: unable to resolve static method 3146: Landroid/system/Os;.stat (Ljava/lang/String;)Landroid/system/StructStat;
D/dalvikvm( 2396): VFY: replacing opcode 0x71 at 0x0040
W/dalvikvm( 2396): VFY: unable to resolve static field 1612 (S_IRUSR) in Landroid/system/OsConstants;
D/dalvikvm( 1848): GC_EXPLICIT freed 146K, 29% free 5374K/7568K, paused 1ms+0ms, total 7ms
D/dalvikvm( 2396): VFY: replacing opcode 0x60 at 0x0007
I/dalvikvm( 2383): Could not find method android.content.pm.PackageManager.isInstantApp, referenced from method hub.a
W/dalvikvm( 2383): VFY: unable to resolve virtual method 3345: Landroid/content/pm/PackageManager;.isInstantApp (Ljava/lang/String;)Z
D/dalvikvm( 2383): VFY: replacing opcode 0x6e at 0x0026
I/Herrevad( 1777): [59] wkz.a: updateListenState
D/dalvikvm( 2091): GC_FOR_ALLOC freed 1653K, 20% free 7437K/9276K, paused 24ms, total 24ms
D/dalvikvm( 2396): DexOpt: couldn't find static field Landroid/os/Build;.SUPPORTED_64_BIT_ABIS
W/dalvikvm( 2396): VFY: unable to resolve static field 1539 (SUPPORTED_64_BIT_ABIS) in Landroid/os/Build;
D/dalvikvm( 2396): VFY: replacing opcode 0x62 at 0x0214
W/ProviderHelper( 2396): Unknown dynamite feature providerinstaller
I/DynamiteModule( 2396): Considering local module providerinstaller:0 and remote module providerinstaller:0
W/ProviderInstaller( 2396): Failed to load providerinstaller module: No acceptable module found. Local version is 0 and remote version is 0.
I/dalvikvm( 2396): Could not find method android.content.ContextWrapper.createCredentialProtectedStorageContext, referenced from method nfr.createCredentialProtectedStorageContext
W/dalvikvm( 2396): VFY: unable to resolve virtual method 2508: Landroid/content/ContextWrapper;.createCredentialProtectedStorageContext ()Landroid/content/Context;
D/dalvikvm( 2396): VFY: replacing opcode 0x6f at 0x0002
I/dalvikvm( 2396): Could not find method android.content.ContextWrapper.createDeviceProtectedStorageContext, referenced from method nfr.createDeviceProtectedStorageContext
W/dalvikvm( 2396): VFY: unable to resolve virtual method 2509: Landroid/content/ContextWrapper;.createDeviceProtectedStorageContext ()Landroid/content/Context;
D/dalvikvm( 2396): VFY: replacing opcode 0x6f at 0x0002
D/dalvikvm( 2396): DexOpt: couldn't find static field Landroid/os/Build;.SUPPORTED_64_BIT_ABIS
W/dalvikvm( 2396): VFY: unable to resolve static field 1539 (SUPPORTED_64_BIT_ABIS) in Landroid/os/Build;
D/dalvikvm( 2396): VFY: replacing opcode 0x62 at 0x0080
D/dalvikvm( 2396): DexOpt: couldn't find static field Landroid/os/Build;.SUPPORTED_ABIS
W/dalvikvm( 2396): VFY: unable to resolve static field 1540 (SUPPORTED_ABIS) in Landroid/os/Build;
D/dalvikvm( 2396): VFY: replacing opcode 0x62 at 0x00d3
V/NativeCrypto( 2396): Registering com/google/android/gms/org/conscrypt/NativeCrypto's 286 native methods...
W/dalvikvm( 2396): Unable to resolve superclass of Lcom/google/android/gms/org/conscrypt/TrustManagerImpl; (5184)
W/dalvikvm( 2396): Link of class 'Lcom/google/android/gms/org/conscrypt/TrustManagerImpl;' failed
I/dalvikvm( 2396): Could not find method com.google.android.gms.org.conscrypt.TrustManagerImpl.getDefaultHostnameVerifier, referenced from method com.google.android.gms.org.conscrypt.Conscrypt.getDefaultHostnameVerifier
W/dalvikvm( 2396): VFY: unable to resolve static method 17870: Lcom/google/android/gms/org/conscrypt/TrustManagerImpl;.getDefaultHostnameVerifier ()Lcom/google/android/gms/org/conscrypt/ConscryptHostnameVerifier;
D/dalvikvm( 2396): VFY: replacing opcode 0x71 at 0x0003
W/dalvikvm( 2396): Unable to resolve superclass of Lcom/google/android/gms/org/conscrypt/TrustManagerImpl; (5184)
W/dalvikvm( 2396): Link of class 'Lcom/google/android/gms/org/conscrypt/TrustManagerImpl;' failed
W/dalvikvm( 2396): VFY: unable to find class referenced in signature (Lcom/google/android/gms/org/conscrypt/TrustManagerImpl;)
W/dalvikvm( 2396): Unable to resolve superclass of Lcom/google/android/gms/org/conscrypt/TrustManagerImpl; (5184)
W/dalvikvm( 2396): Link of class 'Lcom/google/android/gms/org/conscrypt/TrustManagerImpl;' failed
I/dalvikvm( 2396): Could not find method com.google.android.gms.org.conscrypt.TrustManagerImpl.getHostnameVerifier, referenced from method com.google.android.gms.org.conscrypt.Conscrypt.getHostnameVerifier
W/dalvikvm( 2396): VFY: unable to resolve virtual method 17872: Lcom/google/android/gms/org/conscrypt/TrustManagerImpl;.getHostnameVerifier ()Lcom/google/android/gms/org/conscrypt/ConscryptHostnameVerifier;
D/dalvikvm( 2396): VFY: replacing opcode 0x6e at 0x0004
W/dalvikvm( 2396): Unable to resolve superclass of Lcom/google/android/gms/org/conscrypt/TrustManagerImpl; (5184)
W/dalvikvm( 2396): Link of class 'Lcom/google/android/gms/org/conscrypt/TrustManagerImpl;' failed
E/dalvikvm( 2396): Could not find class 'com.google.android.gms.org.conscrypt.TrustManagerImpl', referenced from method com.google.android.gms.org.conscrypt.Conscrypt.isConscrypt
W/dalvikvm( 2396): VFY: unable to resolve instanceof 4452 (Lcom/google/android/gms/org/conscrypt/TrustManagerImpl;) in Lcom/google/android/gms/org/conscrypt/Conscrypt;
D/dalvikvm( 2396): VFY: replacing opcode 0x20 at 0x0000
D/dalvikvm( 2396): GC_FOR_ALLOC freed 468K, 18% free 3170K/3824K, paused 2ms, total 3ms
W/dalvikvm( 2396): Unable to resolve superclass of Lcom/google/android/gms/org/conscrypt/TrustManagerImpl; (5184)
W/dalvikvm( 2396): Link of class 'Lcom/google/android/gms/org/conscrypt/TrustManagerImpl;' failed
I/dalvikvm( 2396): Could not find method com.google.android.gms.org.conscrypt.TrustManagerImpl.setDefaultHostnameVerifier, referenced from method com.google.android.gms.org.conscrypt.Conscrypt.setDefaultHostnameVerifier
W/dalvikvm( 2396): VFY: unable to resolve static method 17882: Lcom/google/android/gms/org/conscrypt/TrustManagerImpl;.setDefaultHostnameVerifier (Lcom/google/android/gms/org/conscrypt/ConscryptHostnameVerifier;)V
D/dalvikvm( 2396): VFY: replacing opcode 0x71 at 0x0003
W/dalvikvm( 2396): Unable to resolve superclass of Lcom/google/android/gms/org/conscrypt/TrustManagerImpl; (5184)
W/dalvikvm( 2396): Link of class 'Lcom/google/android/gms/org/conscrypt/TrustManagerImpl;' failed
W/dalvikvm( 2396): VFY: unable to find class referenced in signature (Lcom/google/android/gms/org/conscrypt/TrustManagerImpl;)
W/dalvikvm( 2396): Unable to resolve superclass of Lcom/google/android/gms/org/conscrypt/TrustManagerImpl; (5184)
W/dalvikvm( 2396): Link of class 'Lcom/google/android/gms/org/conscrypt/TrustManagerImpl;' failed
I/dalvikvm( 2396): Could not find method com.google.android.gms.org.conscrypt.TrustManagerImpl.setHostnameVerifier, referenced from method com.google.android.gms.org.conscrypt.Conscrypt.setHostnameVerifier
W/dalvikvm( 2396): VFY: unable to resolve virtual method 17883: Lcom/google/android/gms/org/conscrypt/TrustManagerImpl;.setHostnameVerifier (Lcom/google/android/gms/org/conscrypt/ConscryptHostnameVerifier;)V
D/dalvikvm( 2396): VFY: replacing opcode 0x6e at 0x0004
W/dalvikvm( 2396): Unable to resolve superclass of Lcom/google/android/gms/org/conscrypt/TrustManagerImpl; (5184)
W/dalvikvm( 2396): Link of class 'Lcom/google/android/gms/org/conscrypt/TrustManagerImpl;' failed
E/dalvikvm( 2396): Could not find class 'com.google.android.gms.org.conscrypt.TrustManagerImpl', referenced from method com.google.android.gms.org.conscrypt.Conscrypt.toConscrypt
W/dalvikvm( 2396): VFY: unable to resolve check-cast 4452 (Lcom/google/android/gms/org/conscrypt/TrustManagerImpl;) in Lcom/google/android/gms/org/conscrypt/Conscrypt;
D/dalvikvm( 2396): VFY: replacing opcode 0x1f at 0x002a
I/dalvikvm( 2383): Could not find method android.app.NotificationManager.getNotificationChannel, referenced from method gzd.a
W/dalvikvm( 2383): VFY: unable to resolve virtual method 2974: Landroid/app/NotificationManager;.getNotificationChannel (Ljava/lang/String;)Landroid/app/NotificationChannel;
D/dalvikvm( 2383): VFY: replacing opcode 0x6e at 0x00c5
D/dalvikvm( 2383): DexOpt: unable to opt direct call 0x0b8a at 0xd2 in Lgzd;.a
E/dalvikvm( 2383): Could not find class 'com.google.common.flogger.backend.google.GooglePlatform', referenced from method plf.a
W/dalvikvm( 2383): VFY: unable to resolve const-class 3003 (Lcom/google/common/flogger/backend/google/GooglePlatform;) in Lplf;
D/dalvikvm( 2383): VFY: replacing opcode 0x1c at 0x0014
D/dalvikvm( 2383): GC_FOR_ALLOC freed 375K, 15% free 3274K/3836K, paused 1ms, total 1ms
I/dalvikvm( 2383): Could not find method com.google.android.chimera.BoundService.getStartIntent, referenced from method hki.a
W/dalvikvm( 2383): VFY: unable to resolve static method 13682: Lcom/google/android/chimera/BoundService;.getStartIntent (Landroid/content/Context;Ljava/lang/String;)Landroid/content/Intent;
D/dalvikvm( 2383): VFY: replacing opcode 0x71 at 0x0024
W/ActivityManager( 1571): Unable to start service Intent { act=com.google.android.gms.instantapps.START pkg=com.google.android.gms } U=0: not found
W/dalvikvm( 1777): VFY: unable to find class referenced in signature (Landroid/net/Network;)
W/dalvikvm( 1777): VFY: unable to find class referenced in signature (Landroid/net/Network;)
I/dalvikvm( 1777): Could not find method android.net.Network.openConnection, referenced from method wna.a
W/dalvikvm( 1777): VFY: unable to resolve virtual method 5072: Landroid/net/Network;.openConnection (Ljava/net/URL;)Ljava/net/URLConnection;
D/dalvikvm( 1777): VFY: replacing opcode 0x6e at 0x008f
E/GmsClient( 2383): unable to connect to service: com.google.android.gms.instantapps.START on com.google.android.gms
W/ActivityManager( 1571): Unbind failed: could not find connection for android.os.BinderProxy@9d5f3fe8
D/dalvikvm( 2396): GC_FOR_ALLOC freed 294K, 13% free 3387K/3868K, paused 1ms, total 2ms
I/dalvikvm( 2383): Could not find method android.content.Context.deleteSharedPreferences, referenced from method fya.c
W/dalvikvm( 2383): VFY: unable to resolve virtual method 3145: Landroid/content/Context;.deleteSharedPreferences (Ljava/lang/String;)Z
D/dalvikvm( 2383): VFY: replacing opcode 0x6e at 0x002a
I/CalendarProvider2( 2349): Sending notification intent: Intent { act=android.intent.action.PROVIDER_CHANGED dat=content://com.android.calendar }
W/ContentResolver( 2349): Failed to get type for: content://com.android.calendar (Unknown URL content://com.android.calendar)
D/dalvikvm( 2396): GC_FOR_ALLOC freed 133K, 9% free 3750K/4084K, paused 1ms, total 1ms
I/dalvikvm( 2383): Could not find method java.util.Locale.toLanguageTag, referenced from method fvw.a
W/dalvikvm( 2383): VFY: unable to resolve virtual method 33842: Ljava/util/Locale;.toLanguageTag ()Ljava/lang/String;
D/dalvikvm( 2383): VFY: replacing opcode 0x6e at 0x000a
D/dalvikvm( 1848): GC_EXPLICIT freed 137K, 30% free 5371K/7568K, paused 0ms+1ms, total 4ms
I/Icing   ( 2091): Version not set, assuming clear data.
I/Icing   ( 2091): Clearing storage
I/Icing   ( 2091): Clearing CorpusMap, ClientRegistry, Setting
D/dalvikvm( 2396): GC_FOR_ALLOC freed 130K, 8% free 4097K/4448K, paused 5ms, total 5ms
W/ComponentDiscovery( 2383): Application info not found.
W/ComponentDiscovery( 2383): Could not retrieve metadata, returning empty list of registrars.
D/dalvikvm( 2383): GC_FOR_ALLOC freed 337K, 14% free 3449K/3972K, paused 2ms, total 2ms
I/dalvikvm( 2383): Could not find method android.content.Context.getDrawable, referenced from method rj.a
W/dalvikvm( 2383): VFY: unable to resolve virtual method 3157: Landroid/content/Context;.getDrawable (I)Landroid/graphics/drawable/Drawable;
D/dalvikvm( 2383): VFY: replacing opcode 0x6e at 0x0006
I/dalvikvm( 2383): Could not find method android.content.Context.getDataDir, referenced from method rj.a
W/dalvikvm( 2383): VFY: unable to resolve virtual method 3154: Landroid/content/Context;.getDataDir ()Ljava/io/File;
D/dalvikvm( 2383): VFY: replacing opcode 0x6e at 0x0006
I/dalvikvm( 2383): Could not find method android.content.Context.getSystemServiceName, referenced from method rj.a
W/dalvikvm( 2383): VFY: unable to resolve virtual method 3173: Landroid/content/Context;.getSystemServiceName (Ljava/lang/Class;)Ljava/lang/String;
D/dalvikvm( 2383): VFY: replacing opcode 0x6e at 0x000a
I/dalvikvm( 2383): Could not find method android.content.Context.getSystemService, referenced from method rj.a
W/dalvikvm( 2383): VFY: unable to resolve virtual method 3171: Landroid/content/Context;.getSystemService (Ljava/lang/Class;)Ljava/lang/Object;
D/dalvikvm( 2383): VFY: replacing opcode 0x6e at 0x0020
I/dalvikvm( 2383): Could not find method android.content.Context.getColorStateList, referenced from method rj.b
W/dalvikvm( 2383): VFY: unable to resolve virtual method 3152: Landroid/content/Context;.getColorStateList (I)Landroid/content/res/ColorStateList;
D/dalvikvm( 2383): VFY: replacing opcode 0x6e at 0x0006
I/dalvikvm( 2383): Could not find method android.content.Context.getColor, referenced from method rj.c
W/dalvikvm( 2383): VFY: unable to resolve virtual method 3151: Landroid/content/Context;.getColor (I)I
D/dalvikvm( 2383): VFY: replacing opcode 0x6e at 0x0006
I/dalvikvm( 2383): Could not find method android.content.Context.getNoBackupFilesDir, referenced from method rj.d
W/dalvikvm( 2383): VFY: unable to resolve virtual method 3164: Landroid/content/Context;.getNoBackupFilesDir ()Ljava/io/File;
D/dalvikvm( 2383): VFY: replacing opcode 0x6e at 0x0006
I/dalvikvm( 2383): Could not find method android.content.Context.createDeviceProtectedStorageContext, referenced from method rj.e
W/dalvikvm( 2383): VFY: unable to resolve virtual method 3139: Landroid/content/Context;.createDeviceProtectedStorageContext ()Landroid/content/Context;
D/dalvikvm( 2383): VFY: replacing opcode 0x6e at 0x0008
I/dalvikvm( 2383): Could not find method android.content.Context.isDeviceProtectedStorage, referenced from method rj.f
W/dalvikvm( 2383): VFY: unable to resolve virtual method 3177: Landroid/content/Context;.isDeviceProtectedStorage ()Z
D/dalvikvm( 2383): VFY: replacing opcode 0x6e at 0x0008
I/Notifications( 2383): [ChimeBroadcastReceiver] Intent received for action [android.intent.action.TIMEZONE_CHANGED] package [com.google.android.play.games].
D/dalvikvm( 1571): GC_FOR_ALLOC freed 1105K, 49% free 7517K/14668K, paused 9ms, total 9ms
D/dalvikvm( 2396): GC_FOR_ALLOC freed 109K, 8% free 4406K/4756K, paused 2ms, total 2ms
E/dalvikvm( 2383): Could not find class 'android.os.PersistableBundle', referenced from method nit.a
W/dalvikvm( 2383): VFY: unable to resolve new-instance 743 (Landroid/os/PersistableBundle;) in Lnit;
D/dalvikvm( 2383): VFY: replacing opcode 0x22 at 0x0001
D/dalvikvm( 2383): DexOpt: unable to opt direct call 0x11d2 at 0x0b in Lnit;.a
D/dalvikvm( 2383): DexOpt: unable to opt direct call 0x0bbb at 0xa1 in Lnit;.a
I/dalvikvm( 2383): Could not find method android.app.NotificationManager.getNotificationChannels, referenced from method nkj.b
W/dalvikvm( 2383): VFY: unable to resolve virtual method 2976: Landroid/app/NotificationManager;.getNotificationChannels ()Ljava/util/List;
D/dalvikvm( 2383): VFY: replacing opcode 0x6e at 0x0015
I/dalvikvm( 2383): Could not find method android.app.NotificationManager.getNotificationChannels, referenced from method nkj.a
W/dalvikvm( 2383): VFY: unable to resolve virtual method 2976: Landroid/app/NotificationManager;.getNotificationChannels ()Ljava/util/List;
D/dalvikvm( 2383): VFY: replacing opcode 0x6e at 0x0016
I/dalvikvm( 2383): Could not find method android.app.NotificationManager.getNotificationChannel, referenced from method nkj.a
W/dalvikvm( 2383): VFY: unable to resolve virtual method 2974: Landroid/app/NotificationManager;.getNotificationChannel (Ljava/lang/String;)Landroid/app/NotificationChannel;
D/dalvikvm( 2383): VFY: replacing opcode 0x6e at 0x0026
I/dalvikvm( 2383): Could not find method android.app.NotificationManager.getNotificationChannelGroups, referenced from method nkj.b
W/dalvikvm( 2383): VFY: unable to resolve virtual method 2975: Landroid/app/NotificationManager;.getNotificationChannelGroups ()Ljava/util/List;
D/dalvikvm( 2383): VFY: replacing opcode 0x6e at 0x0016
I/dalvikvm( 2383): Could not find method java.util.Locale.toLanguageTag, referenced from method nid.a
W/dalvikvm( 2383): VFY: unable to resolve virtual method 33842: Ljava/util/Locale;.toLanguageTag ()Ljava/lang/String;
D/dalvikvm( 2383): VFY: replacing opcode 0x6e at 0x0025
I/dalvikvm( 2383): Could not find method android.content.res.Configuration.getLocales, referenced from method nid.a
W/dalvikvm( 2383): VFY: unable to resolve virtual method 3393: Landroid/content/res/Configuration;.getLocales ()Landroid/os/LocaleList;
D/dalvikvm( 2383): VFY: replacing opcode 0x6e at 0x0032
I/Notifications( 2383): [ChimeBroadcastReceiver] Validation OK for action [android.intent.action.TIMEZONE_CHANGED].
D/dalvikvm( 1571): GC_FOR_ALLOC freed 1125K, 49% free 7522K/14668K, paused 10ms, total 10ms
D/dalvikvm( 2396): GC_FOR_ALLOC freed 157K, 9% free 4687K/5104K, paused 2ms, total 2ms
E/dalvikvm( 2396): Could not find class 'javax.net.ssl.SNIServerName', referenced from method com.google.android.gms.org.conscrypt.Platform.getSniHostnameFromParams
W/dalvikvm( 2396): VFY: unable to resolve check-cast 5160 (Ljavax/net/ssl/SNIServerName;) in Lcom/google/android/gms/org/conscrypt/Platform;
D/dalvikvm( 2396): VFY: replacing opcode 0x1f at 0x0025
E/dalvikvm( 2396): Could not find class 'javax.net.ssl.SNIHostName', referenced from method com.google.android.gms.org.conscrypt.Platform.setParametersSniHostname
W/dalvikvm( 2396): VFY: unable to resolve new-instance 5159 (Ljavax/net/ssl/SNIHostName;) in Lcom/google/android/gms/org/conscrypt/Platform;
D/dalvikvm( 2396): VFY: replacing opcode 0x22 at 0x0024
E/dalvikvm( 2396): Could not find class 'javax.net.ssl.SNIHostName', referenced from method com.google.android.gms.org.conscrypt.Platform.setParametersSniHostname
W/dalvikvm( 2396): VFY: unable to resolve new-instance 5159 (Ljavax/net/ssl/SNIHostName;) in Lcom/google/android/gms/org/conscrypt/Platform;
D/dalvikvm( 2396): VFY: replacing opcode 0x22 at 0x0024
D/dalvikvm( 2396): DexOpt: unable to opt direct call 0x52f9 at 0x2a in Lcom/google/android/gms/org/conscrypt/Platform;.setParametersSniHostname
D/dalvikvm( 2396): DexOpt: unable to opt direct call 0x52f9 at 0x2a in Lcom/google/android/gms/org/conscrypt/Platform;.setParametersSniHostname
W/PGAfap  ( 2383): ContentFiltersService is unavailable; not applying content filters.
E/dalvikvm( 2091): Could not find class 'android.telephony.SubscriptionManager', referenced from method com.google.android.gms.checkin.CheckinChimeraService.a
W/dalvikvm( 2091): VFY: unable to resolve check-cast 1109 (Landroid/telephony/SubscriptionManager;) in Lcom/google/android/gms/checkin/CheckinChimeraService;
D/dalvikvm( 2091): VFY: replacing opcode 0x1f at 0x019b
E/dalvikvm( 2091): Could not find class 'android.net.NetworkRequest', referenced from method com.google.android.gms.checkin.CheckinChimeraService.a
W/dalvikvm( 2091): VFY: unable to resolve check-cast 853 (Landroid/net/NetworkRequest;) in Lcom/google/android/gms/checkin/CheckinChimeraService;
D/dalvikvm( 2091): VFY: replacing opcode 0x1f at 0x04d7
D/dalvikvm( 1848): GC_EXPLICIT freed 147K, 29% free 5384K/7568K, paused 0ms+0ms, total 3ms
D/dalvikvm( 2396): GC_FOR_ALLOC freed 308K, 11% free 4885K/5440K, paused 2ms, total 2ms
I/NetworkScheduler( 1777): Using standalone scheduling engine [CONTEXT service_id=218 ]
I/ProviderInstaller( 2396): Installed default security provider GmsCore_OpenSSL
I/Notifications( 2383): [ChimeBroadcastReceiver] Executing action in Service [android.intent.action.TIMEZONE_CHANGED].
V/EmulatedCamera_Camera( 1148): getCameraInfo
V/EmulatedCamera_BaseCamera( 1148): getCameraInfo
I/OcrModelUpStIntentOp( 2091): Updating ocr activity enabled=false (phenotypeFlag=false, lowRamDevice=false, prereqCheck=true)
I/Safeboot( 2396): Checking safeboot...
D/dalvikvm( 1777): GC_FOR_ALLOC freed 1352K, 18% free 7655K/9256K, paused 13ms, total 14ms
I/Safeboot( 2396): Not entering safeboot; wrong process.
E/dalvikvm( 2396): Could not find class 'com.google.common.flogger.backend.google.GooglePlatform', referenced from method beui.a
W/dalvikvm( 2396): VFY: unable to resolve const-class 4605 (Lcom/google/common/flogger/backend/google/GooglePlatform;) in Lbeui;
D/dalvikvm( 2396): VFY: replacing opcode 0x1c at 0x001b
I/CheckinService( 1848): Preparing to send checkin request
I/EventLogService( 1848): Accumulating logs since 0
D/dalvikvm( 1571): GC_FOR_ALLOC freed 1043K, 49% free 7616K/14668K, paused 14ms, total 14ms
I/dalvikvm( 1777): Could not find method android.os.PowerManager.isPowerSaveMode, referenced from method ajlz.a
W/dalvikvm( 1777): VFY: unable to resolve virtual method 29694: Landroid/os/PowerManager;.isPowerSaveMode ()Z
D/dalvikvm( 1777): VFY: replacing opcode 0x6e at 0x007d
I/Checkin ( 2091): [CheckinChimeraService] onStartCommand
D/dalvikvm( 2396): GC_FOR_ALLOC freed 345K, 10% free 5150K/5704K, paused 3ms, total 4ms
I/auxu    ( 2396): Primes not initialized, returning default (no-op) Primes instance which will ignore all calls. Please call Primes.initialize(...) before using any Primes API.
I/dalvikvm( 2396): Could not find method com.google.android.chimera.ContextThemeWrapper.createAttributionContext, referenced from method mnu.createAttributionContext
W/dalvikvm( 2396): VFY: unable to resolve virtual method 13785: Lcom/google/android/chimera/ContextThemeWrapper;.createAttributionContext (Ljava/lang/String;)Landroid/content/Context;
D/dalvikvm( 2396): VFY: replacing opcode 0x6f at 0x0002
I/dalvikvm( 2396): Could not find method android.content.ContextWrapper.createCredentialProtectedStorageContext, referenced from method mnu.createCredentialProtectedStorageContext
W/dalvikvm( 2396): VFY: unable to resolve virtual method 2508: Landroid/content/ContextWrapper;.createCredentialProtectedStorageContext ()Landroid/content/Context;
D/dalvikvm( 2396): VFY: replacing opcode 0x6f at 0x0002
I/dalvikvm( 2396): Could not find method android.content.ContextWrapper.createDeviceProtectedStorageContext, referenced from method mnu.createDeviceProtectedStorageContext
W/dalvikvm( 2396): VFY: unable to resolve virtual method 2509: Landroid/content/ContextWrapper;.createDeviceProtectedStorageContext ()Landroid/content/Context;
D/dalvikvm( 2396): VFY: replacing opcode 0x6f at 0x0002
I/dalvikvm( 2396): Could not find method android.content.Context.bindService, referenced from method uws.bindService
W/dalvikvm( 2396): VFY: unable to resolve virtual method 2453: Landroid/content/Context;.bindService (Landroid/content/Intent;ILjava/util/concurrent/Executor;Landroid/content/ServiceConnection;)Z
D/dalvikvm( 2396): VFY: replacing opcode 0x6e at 0x0018
I/dalvikvm( 2396): Could not find method android.content.Context.bindService, referenced from method uws.bindService
W/dalvikvm( 2396): VFY: unable to resolve virtual method 2453: Landroid/content/Context;.bindService (Landroid/content/Intent;ILjava/util/concurrent/Executor;Landroid/content/ServiceConnection;)Z
D/dalvikvm( 2396): VFY: replacing opcode 0x6e at 0x0030
I/dalvikvm( 2396): Could not find method android.content.Context.startForegroundService, referenced from method uws.startForegroundService
W/dalvikvm( 2396): VFY: unable to resolve virtual method 2501: Landroid/content/Context;.startForegroundService (Landroid/content/Intent;)Landroid/content/ComponentName;
D/dalvikvm( 2396): VFY: replacing opcode 0x6e at 0x001c
I/dalvikvm( 2396): Could not find method android.content.Context.startForegroundService, referenced from method uws.startForegroundService
W/dalvikvm( 2396): VFY: unable to resolve virtual method 2501: Landroid/content/Context;.startForegroundService (Landroid/content/Intent;)Landroid/content/ComponentName;
D/dalvikvm( 2396): VFY: replacing opcode 0x6e at 0x0028
I/ChimeraSrvcProxy( 1777): com.google.android.gms.chimera.PersistentBoundBrokerService returning NullBinder for action com.google.android.gms.ipa.smsindexer.PERSISTENT_START
I/dalvikvm( 2396): Could not find method android.os.PowerManager.isPowerSaveMode, referenced from method uwl.a
W/dalvikvm( 2396): VFY: unable to resolve virtual method 3047: Landroid/os/PowerManager;.isPowerSaveMode ()Z
D/dalvikvm( 2396): VFY: replacing opcode 0x6e at 0x0010
I/CheckinCompat( 2091): Disabling old GoogleServicesFramework version [CONTEXT service_id=130 ]
I/constellation( 2091): [intent_handler] on init with intent Intent { act=com.google.android.chimera.IntentOperation.NEW_MODULE (has extras) }
I/CheckinCompat( 2091): GSF Checkin still active [CONTEXT service_id=130 ]
I/Checkin ( 2091): [CheckinChimeraService] notEnabled return:2
D/dalvikvm( 2396): GC_FOR_ALLOC freed 383K, 11% free 5441K/6060K, paused 17ms, total 17ms
D/dalvikvm( 2091): GC_EXPLICIT freed 1074K, 18% free 7618K/9276K, paused 2ms+3ms, total 35ms
D/ConnectivityService( 1571): [CheckMp] isMobileOk: X result=1
E/ahif    ( 1777): Phenotype API error. Event # bqfe@bf0c7c2b, EventCode: 6 [CONTEXT service_id=51 ]
E/ahif    ( 1777): ahhj: 29505: No config packages for log source, or config package not registered
E/ahif    ( 1777): 	at ahiu.b(:com.google.android.gms@202414005@20.24.14 (000700-319035315):7)
E/ahif    ( 1777): 	at ahir.b(:com.google.android.gms@202414005@20.24.14 (000700-319035315):2)
E/ahif    ( 1777): 	at ahif.a(:com.google.android.gms@202414005@20.24.14 (000700-319035315):85)
E/ahif    ( 1777): 	at ahif.a(:com.google.android.gms@202414005@20.24.14 (000700-319035315):80)
E/ahif    ( 1777): 	at uun.run(:com.google.android.gms@202414005@20.24.14 (000700-319035315):9)
E/ahif    ( 1777): 	at bcny.run(:com.google.android.gms@202414005@20.24.14 (000700-319035315):2)
E/ahif    ( 1777): 	at nlp.b(:com.google.android.gms@202414005@20.24.14 (000700-319035315):12)
E/ahif    ( 1777): 	at nlp.run(:com.google.android.gms@202414005@20.24.14 (000700-319035315):7)
E/ahif    ( 1777): 	at java.util.concurrent.ThreadPoolExecutor.runWorker(ThreadPoolExecutor.java:1112)
E/ahif    ( 1777): 	at java.util.concurrent.ThreadPoolExecutor$Worker.run(ThreadPoolExecutor.java:587)
E/ahif    ( 1777): 	at nrd.run(:com.google.android.gms@202414005@20.24.14 (000700-319035315):0)
E/ahif    ( 1777): 	at java.lang.Thread.run(Thread.java:841)
E/AsyncOperation( 1777): serviceID=51, operation=GetExperimentTokensOperationCall
E/AsyncOperation( 1777): OperationException[Status{statusCode=No config packages for log source, or config package not registered, resolution=null}]
E/AsyncOperation( 1777): 	at ahif.a(:com.google.android.gms@202414005@20.24.14 (000700-319035315):87)
E/AsyncOperation( 1777): 	at ahif.a(:com.google.android.gms@202414005@20.24.14 (000700-319035315):80)
E/AsyncOperation( 1777): 	at uun.run(:com.google.android.gms@202414005@20.24.14 (000700-319035315):9)
E/AsyncOperation( 1777): 	at bcny.run(:com.google.android.gms@202414005@20.24.14 (000700-319035315):2)
E/AsyncOperation( 1777): 	at nlp.b(:com.google.android.gms@202414005@20.24.14 (000700-319035315):12)
E/AsyncOperation( 1777): 	at nlp.run(:com.google.android.gms@202414005@20.24.14 (000700-319035315):7)
E/AsyncOperation( 1777): 	at java.util.concurrent.ThreadPoolExecutor.runWorker(ThreadPoolExecutor.java:1112)
E/AsyncOperation( 1777): 	at java.util.concurrent.ThreadPoolExecutor$Worker.run(ThreadPoolExecutor.java:587)
E/AsyncOperation( 1777): 	at nrd.run(:com.google.android.gms@202414005@20.24.14 (000700-319035315):0)
E/AsyncOperation( 1777): 	at java.lang.Thread.run(Thread.java:841)
I/SystemUpdate( 2091): [Installation,ReceiverIntentOperation] Received intent: Intent { act=android.intent.action.TIME_SET flg=0x24000010 cmp=com.google.android.gms/.chimera.GmsIntentOperationService$PersistentTrustedReceiver }.
D/ConnectivityService( 1571): [CheckMp] onPostExecute: result=1
D/ConnectivityService( 1571): CheckMp.onComplete: result=1
D/ConnectivityService( 1571): CheckMp.onComplete: ignore, connected or no connection
I/SystemUpdate( 2091): [Execution,InstallationEventIntentOperation] Handling event of type 6.
V/AlarmClock( 2362): AlarmInitReceiver android.intent.action.TIME_SET
I/AlarmClock( 2362): Displaying next alarm time: ''
D/dalvikvm( 2396): GC_FOR_ALLOC freed 202K, 8% free 5972K/6448K, paused 4ms, total 8ms
V/AlarmClock( 2362): AlarmInitReceiver finished
D/dalvikvm( 1571): GC_FOR_ALLOC freed 1035K, 48% free 7689K/14668K, paused 15ms, total 15ms
I/SystemUpdate( 2091): [Execution,InstallationIntentOperation] Received intent: Intent { act=com.google.android.gms.update.INSTALL_UPDATE cat=[targeted_intent_op_prefix:.update.execution.InstallationIntentOperation] cmp=com.google.android.gms/.chimera.GmsIntentOperationService }.
E/BluetoothAdapter( 1811): Bluetooth binder is null
I/SystemUpdate( 2091): [Execution,ExecutionManager] Action finished-execution executed for 0.00 seconds.
D/dalvikvm( 1848): GC_EXPLICIT freed 355K, 29% free 5416K/7568K, paused 5ms+0ms, total 68ms
I/BackupPreLmp( 2091): [ComponentEnabler] Enabling pre-L components
V/GoogleSettingsUtils( 1848): pre-froyo android id is 0
D/dalvikvm( 2396): GC_FOR_ALLOC freed 244K, 8% free 6609K/7156K, paused 11ms, total 11ms
I/dalvikvm( 1777): Could not find method android.os.PowerManager.isInteractive, referenced from method nol.a
W/dalvikvm( 1777): VFY: unable to resolve virtual method 4227: Landroid/os/PowerManager;.isInteractive ()Z
D/dalvikvm( 1777): VFY: replacing opcode 0x6e at 0x0006
E/ahif    ( 1777): Phenotype API error. Event # bqfe@238260b4, EventCode: 5 [CONTEXT service_id=51 ]
E/ahif    ( 1777): ahhj: 29500: Empty (package not registered?) or malformed snapshot token: 
E/ahif    ( 1777): 	at ahii.a(:com.google.android.gms@202414005@20.24.14 (000700-319035315):8)
E/ahif    ( 1777): 	at ahih.b(:com.google.android.gms@202414005@20.24.14 (000700-319035315):2)
E/ahif    ( 1777): 	at ahif.a(:com.google.android.gms@202414005@20.24.14 (000700-319035315):85)
E/ahif    ( 1777): 	at ahif.a(:com.google.android.gms@202414005@20.24.14 (000700-319035315):80)
E/ahif    ( 1777): 	at uun.run(:com.google.android.gms@202414005@20.24.14 (000700-319035315):9)
E/ahif    ( 1777): 	at bcny.run(:com.google.android.gms@202414005@20.24.14 (000700-319035315):2)
E/ahif    ( 1777): 	at nlp.b(:com.google.android.gms@202414005@20.24.14 (000700-319035315):12)
E/ahif    ( 1777): 	at nlp.run(:com.google.android.gms@202414005@20.24.14 (000700-319035315):7)
E/ahif    ( 1777): 	at java.util.concurrent.ThreadPoolExecutor.runWorker(ThreadPoolExecutor.java:1112)
E/ahif    ( 1777): 	at java.util.concurrent.ThreadPoolExecutor$Worker.run(ThreadPoolExecutor.java:587)
E/ahif    ( 1777): 	at nrd.run(:com.google.android.gms@202414005@20.24.14 (000700-319035315):0)
E/ahif    ( 1777): 	at java.lang.Thread.run(Thread.java:841)
E/AsyncOperation( 1777): serviceID=51, operation=CommitToConfigurationOperationCall
E/AsyncOperation( 1777): OperationException[Status{statusCode=Empty (package not registered?) or malformed snapshot token: , resolution=null}]
E/AsyncOperation( 1777): 	at ahif.a(:com.google.android.gms@202414005@20.24.14 (000700-319035315):87)
E/AsyncOperation( 1777): 	at ahif.a(:com.google.android.gms@202414005@20.24.14 (000700-319035315):80)
E/AsyncOperation( 1777): 	at uun.run(:com.google.android.gms@202414005@20.24.14 (000700-319035315):9)
E/AsyncOperation( 1777): 	at bcny.run(:com.google.android.gms@202414005@20.24.14 (000700-319035315):2)
E/AsyncOperation( 1777): 	at nlp.b(:com.google.android.gms@202414005@20.24.14 (000700-319035315):12)
E/AsyncOperation( 1777): 	at nlp.run(:com.google.android.gms@202414005@20.24.14 (000700-319035315):7)
E/AsyncOperation( 1777): 	at java.util.concurrent.ThreadPoolExecutor.runWorker(ThreadPoolExecutor.java:1112)
E/AsyncOperation( 1777): 	at java.util.concurrent.ThreadPoolExecutor$Worker.run(ThreadPoolExecutor.java:587)
E/AsyncOperation( 1777): 	at nrd.run(:com.google.android.gms@202414005@20.24.14 (000700-319035315):0)
E/AsyncOperation( 1777): 	at java.lang.Thread.run(Thread.java:841)
W/PhenotypeFlagCommitter( 2383): Committing snapshot for com.google.android.games.app failed, retrying
W/ProviderHelper( 1777): Unknown dynamite feature providerinstaller
I/DynamiteModule( 1777): Considering local module providerinstaller:0 and remote module providerinstaller:0
I/DynamiteModule( 1777): Considering local module providerinstaller:0 and remote module providerinstaller:0
E/ahif    ( 1777): Phenotype API error. Event # bqfe@a6f27547, EventCode: 5 [CONTEXT service_id=51 ]
E/ahif    ( 1777): ahhj: 29500: Empty (package not registered?) or malformed snapshot token: 
E/ahif    ( 1777): 	at ahii.a(:com.google.android.gms@202414005@20.24.14 (000700-319035315):8)
E/ahif    ( 1777): 	at ahih.b(:com.google.android.gms@202414005@20.24.14 (000700-319035315):2)
E/ahif    ( 1777): 	at ahif.a(:com.google.android.gms@202414005@20.24.14 (000700-319035315):85)
E/ahif    ( 1777): 	at ahif.a(:com.google.android.gms@202414005@20.24.14 (000700-319035315):80)
E/ahif    ( 1777): 	at uun.run(:com.google.android.gms@202414005@20.24.14 (000700-319035315):9)
E/ahif    ( 1777): 	at bcny.run(:com.google.android.gms@202414005@20.24.14 (000700-319035315):2)
E/ahif    ( 1777): 	at nlp.b(:com.google.android.gms@202414005@20.24.14 (000700-319035315):12)
E/ahif    ( 1777): 	at nlp.run(:com.google.android.gms@202414005@20.24.14 (000700-319035315):7)
E/ahif    ( 1777): 	at java.util.concurrent.ThreadPoolExecutor.runWorker(ThreadPoolExecutor.java:1112)
E/ahif    ( 1777): 	at java.util.concurrent.ThreadPoolExecutor$Worker.run(ThreadPoolExecutor.java:587)
E/ahif    ( 1777): 	at nrd.run(:com.google.android.gms@202414005@20.24.14 (000700-319035315):0)
E/ahif    ( 1777): 	at java.lang.Thread.run(Thread.java:841)
E/AsyncOperation( 1777): serviceID=51, operation=CommitToConfigurationOperationCall
E/AsyncOperation( 1777): OperationException[Status{statusCode=Empty (package not registered?) or malformed snapshot token: , resolution=null}]
E/AsyncOperation( 1777): 	at ahif.a(:com.google.android.gms@202414005@20.24.14 (000700-319035315):87)
E/AsyncOperation( 1777): 	at ahif.a(:com.google.android.gms@202414005@20.24.14 (000700-319035315):80)
E/AsyncOperation( 1777): 	at uun.run(:com.google.android.gms@202414005@20.24.14 (000700-319035315):9)
E/AsyncOperation( 1777): 	at bcny.run(:com.google.android.gms@202414005@20.24.14 (000700-319035315):2)
