V/AlarmClock( 2321): AlarmInitReceiver android.intent.action.TIME_SET
I/AlarmClock( 2321): Displaying next alarm time: ''
V/AlarmClock( 2321): AlarmInitReceiver finished
I/SystemUpdate( 2068): [Installation,ReceiverIntentOperation] Received intent: Intent { act=com.google.gservices.intent.action.GSERVICES_CHANGED flg=0x10 cmp=com.google.android.gms/.chimera.GmsIntentOperationService$PersistentInternalReceiver }.
E/PhenotypeRegOp( 2068): Attempting to overwrite config package for com.google.android.gms.games [CONTEXT service_id=231 ]
E/PhenotypeRegOp( 2068): Attempting to overwrite config package for com.google.android.gms.mobile_data_plan [CONTEXT service_id=231 ]
E/PhenotypeRegOp( 2068): Attempting to overwrite config package for com.google.android.gms.signin [CONTEXT service_id=231 ]
E/PhenotypeRegOp( 2068): Attempting to overwrite config package for com.google.android.gms.udc [CONTEXT service_id=231 ]
D/dalvikvm( 2068): GC_EXPLICIT freed 935K, 26% free 11679K/15608K, paused 48ms+22ms, total 132ms
W/GoogleHttpServiceClient( 1775): Interrupted waiting for binder: java.lang.InterruptedException
D/dalvikvm( 1568): GC_EXPLICIT freed 741K, 48% free 7813K/14816K, paused 1ms+0ms, total 12ms
W/Conscrypt( 1775): Could not set socket write timeout: java.net.SocketException: Socket closed
W/Conscrypt( 1775): 	at com.google.android.gms.org.conscrypt.Platform.setSocketWriteTimeout(:com.google.android.gms@202414005@20.24.14 (000700-319035315):2)
W/Conscrypt( 1775): 	at com.google.android.gms.org.conscrypt.ConscryptFileDescriptorSocket.setSoWriteTimeout(:com.google.android.gms@202414005@20.24.14 (000700-319035315):0)
I/SystemUpdate( 2068): [Installation,ReceiverIntentOperation] Received intent: Intent { act=android.intent.action.TIME_SET flg=0x24000010 cmp=com.google.android.gms/.chimera.GmsIntentOperationService$PersistentTrustedReceiver }.
D/dalvikvm( 2068): DexOpt: couldn't find static field Landroid/os/Build;.SUPPORTED_ABIS
W/dalvikvm( 2068): VFY: unable to resolve static field 17846 (SUPPORTED_ABIS) in Landroid/os/Build;
D/dalvikvm( 2068): VFY: replacing opcode 0x62 at 0x0006
I/Vision  ( 2068): Supported ABIS: [x86]
I/SystemUpdate( 2068): [Execution,InstallationEventIntentOperation] Handling event of type 2.
I/SystemUpdate( 2068): [Execution,InstallationEventIntentOperation] Handling event of type 6.
I/SystemUpdate( 2068): [Execution,InstallationIntentOperation] Received intent: Intent { act=com.google.android.gms.update.INSTALL_UPDATE cat=[targeted_intent_op_prefix:.update.execution.InstallationIntentOperation] cmp=com.google.android.gms/.chimera.GmsIntentOperationService }.
I/SystemUpdate( 2068): [Execution,ExecutionManager] Action finished-execution executed for 0.00 seconds.
D/dalvikvm( 1839): GC_EXPLICIT freed 143K, 23% free 6079K/7824K, paused 0ms+2ms, total 7ms
I/Icing   ( 2068): updateResources: need to parse wwx{com.google.android.gms}
D/dalvikvm( 2068): GC_EXPLICIT freed 1137K, 25% free 11710K/15608K, paused 19ms+11ms, total 102ms
I/SystemUpdate( 2068): [Execution,InstallationIntentOperation] Received intent: Intent { act=com.google.android.gms.update.INSTALL_UPDATE cat=[targeted_intent_op_prefix:.update.execution.InstallationIntentOperation] cmp=com.google.android.gms/.chimera.GmsIntentOperationService }.
I/SystemUpdate( 2068): [Execution,ExecutionManager] Action finished-execution executed for 0.00 seconds.
I/Vision  ( 2068): Requesting optional module download of ocr.
I/GmsModuleFndr( 2068): Beginning GMS chimera module scan
I/ModuleSetMgr( 2068): Computing pending module set with APKs: [[AdsFdrDynamite.integ:21460000000], [Cronetdynamite:202414000700], [Dynamiteloader:202414000700], [Dynamitemodulesa:202414000000], [Dynamitemodulesc:202414000000], [Googlecertificates:202414000000], [Mapsdynamite:202414000000], [Measurementdynamite:202414000000]]
I/ModuleSetMgr( 2068): Pending container module APKs: []
I/ModuleSetMgr( 2068): Pending non-container module APKs: []
D/dalvikvm( 1775): GC_FOR_ALLOC freed 1857K, 19% free 9425K/11532K, paused 13ms, total 13ms
I/ChmraDebugLogger( 1775): [53] +vision.ocr:-1
I/Vision  ( 2068): Checking for download completion for 42098 -- ocr
I/Vision  ( 2068): Requesting optional module download of ocr.
I/Vision  ( 2068): Checking for download completion for 42112 -- ocr
I/ChimeraConfigurator( 2068): Starting update, reason: 4 urgentFeatures: vision.ocr:-1
W/Conscrypt( 1775): Could not set socket write timeout: java.net.SocketException: Socket closed
W/Conscrypt( 1775): 	at com.google.android.gms.org.conscrypt.Platform.setSocketWriteTimeout(:com.google.android.gms@202414005@20.24.14 (000700-319035315):2)
W/Conscrypt( 1775): 	at com.google.android.gms.org.conscrypt.ConscryptFileDescriptorSocket.setSoWriteTimeout(:com.google.android.gms@202414005@20.24.14 (000700-319035315):0)
I/Icing.InternalIcingCorporaProvider( 2176): Updating corpora: A: com.google.android.gsf, C: MAYBE
I/Icing   ( 2068): IndexChimeraService.getServiceInterface callingPackage=com.google.android.googlequicksearchbox componentName=null serviceId=21
D/dalvikvm( 2068): GC_EXPLICIT freed 1288K, 27% free 11490K/15608K, paused 6ms+1ms, total 31ms
W/Icing   ( 2068): No valid account for uploading user actions
I/Icing   ( 2068): Usage reports ok 0, Failed Usage reports 0, indexed 0, rejected 0
W/Icing   ( 2068): No valid account for uploading user actions
I/Icing   ( 2068): Usage reports ok 0, Failed Usage reports 0, indexed 0, rejected 0
I/Icing.InternalIcingCorporaProvider( 2176): Updating corpora: A: com.google.android.gms, C: MAYBE
D/dalvikvm( 2068): GC_EXPLICIT freed 331K, 28% free 11390K/15608K, paused 3ms+3ms, total 29ms
I/Icing   ( 2068): IndexChimeraService.getServiceInterface callingPackage=com.google.android.googlequicksearchbox componentName=null serviceId=21
W/Icing   ( 2068): No valid account for uploading user actions
I/Icing   ( 2068): Usage reports ok 0, Failed Usage reports 0, indexed 0, rejected 0
I/Icing.InternalIcingCorporaProvider( 2176): Updating corpora: A: com.google.android.inputmethod.latin, C: MAYBE
D/dalvikvm( 2068): GC_EXPLICIT freed 87K, 28% free 11392K/15608K, paused 1ms+2ms, total 20ms
I/Icing   ( 2068): IndexChimeraService.getServiceInterface callingPackage=com.google.android.googlequicksearchbox componentName=null serviceId=21
W/Icing   ( 2068): No valid account for uploading user actions
I/Icing   ( 2068): Usage reports ok 0, Failed Usage reports 0, indexed 0, rejected 0
D/dalvikvm( 2068): GC_EXPLICIT freed 44K, 28% free 11384K/15608K, paused 1ms+1ms, total 15ms
D/dalvikvm( 2068): GC_EXPLICIT freed 8K, 28% free 11382K/15608K, paused 1ms+1ms, total 11ms
D/dalvikvm( 2068): GC_EXPLICIT freed 7K, 28% free 11381K/15608K, paused 1ms+1ms, total 12ms
D/dalvikvm( 1839): GC_EXPLICIT freed 140K, 23% free 6087K/7824K, paused 0ms+0ms, total 7ms
D/dalvikvm( 2068): GC_EXPLICIT freed 6K, 28% free 11382K/15608K, paused 1ms+2ms, total 27ms
D/dalvikvm( 2068): GC_EXPLICIT freed 6K, 28% free 11382K/15608K, paused 1ms+1ms, total 12ms
I/GmsModuleFndr( 2068): Beginning GMS chimera module scan
D/dalvikvm( 1775): GC_FOR_ALLOC freed 1652K, 19% free 9440K/11600K, paused 11ms, total 11ms
I/ModuleSetMgr( 2068): Computing pending module set with APKs: [[AdsFdrDynamite.integ:21460000000], [Cronetdynamite:202414000700], [Dynamiteloader:202414000700], [Dynamitemodulesa:202414000000], [Dynamitemodulesc:202414000000], [Googlecertificates:202414000000], [Mapsdynamite:202414000000], [Measurementdynamite:202414000000]]
I/ModuleSetMgr( 2068): Pending container module APKs: []
I/ModuleSetMgr( 2068): Pending non-container module APKs: []
D/dalvikvm( 1775): GC_FOR_ALLOC freed 263K, 21% free 9364K/11732K, paused 8ms, total 8ms
I/dalvikvm-heap( 1775): Grow heap (frag case) to 9.636MB for 262156-byte allocation
D/dalvikvm( 1775): GC_FOR_ALLOC freed 1K, 20% free 9618K/11992K, paused 6ms, total 6ms
D/dalvikvm( 1775): GC_FOR_ALLOC freed 53K, 20% free 9621K/11992K, paused 6ms, total 6ms
I/dalvikvm-heap( 1775): Grow heap (frag case) to 10.009MB for 389443-byte allocation
D/dalvikvm( 1775): GC_FOR_ALLOC freed 504K, 24% free 9497K/12376K, paused 8ms, total 8ms
D/ConnectivityService( 1568): handleInetConditionHoldEnd: net=0, condition=100, published condition=0
D/dalvikvm( 1775): GC_FOR_ALLOC freed 593K, 12% free 10952K/12376K, paused 7ms, total 7ms
I/ahju    ( 1775): Scheduling Phenotype for a PhenotypeSyncImmediately(6, org.chromium.net.cronet) one off with window [1, 2] in seconds [CONTEXT service_id=51 ]
D/dalvikvm( 1775): GC_FOR_ALLOC freed 2406K, 21% free 10596K/13252K, paused 9ms, total 9ms
I/dalvikvm( 1775): Could not find method android.net.ConnectivityManager.isDefaultNetworkActive, referenced from method com.google.android.gms.clearcut.uploader.QosUploaderChimeraService.a
W/dalvikvm( 1775): VFY: unable to resolve virtual method 3874: Landroid/net/ConnectivityManager;.isDefaultNetworkActive ()Z
D/dalvikvm( 1775): VFY: replacing opcode 0x6e at 0x00c6
D/dalvikvm( 1839): GC_EXPLICIT freed 144K, 23% free 6084K/7824K, paused 1ms+1ms, total 6ms
D/dalvikvm( 2587): GC_FOR_ALLOC freed 1040K, 43% free 5526K/9656K, paused 3ms, total 5ms
I/GCM-GMS ( 2068): Registering GMS 745476177629
I/Icing   ( 2068): Indexing com.google.android.gms-apps from com.google.android.gms
I/Icing   ( 2068): Indexing done com.google.android.gms-apps
D/        ( 2587): HostConnection::get() New Host Connection established 0xb84a0970, tid 2599
D/EGL_emulation( 2587): eglCreateContext: 0xb849f810: maj 3 min 0 rcv 3
D/EGL_emulation( 2587): eglMakeCurrent: 0xb849f810: ver 3 0
E/eglCodecCommon( 2587): glUtilsParamSize: unknow param 0x00008cdf
E/eglCodecCommon( 2587): glUtilsParamSize: unknow param 0x00008824
D/EGL_emulation( 2587): eglCreateContext: 0xb849f810: maj 3 min 0 rcv 3
D/EGL_emulation( 2587): eglMakeCurrent: 0xb849f810: ver 3 0
E/eglCodecCommon( 2587): glUtilsParamSize: unknow param 0x00008cdf
E/eglCodecCommon( 2587): glUtilsParamSize: unknow param 0x00008824
I/Icing   ( 2068): Indexing com.google.android.googlequicksearchbox-applications from com.google.android.googlequicksearchbox
I/Icing   ( 2068): Indexing done com.google.android.googlequicksearchbox-applications
I/Icing   ( 2068): Indexing com.google.android.gms-apps from com.google.android.gms
I/Icing   ( 2068): Indexing done com.google.android.gms-apps
I/Icing   ( 2068): Indexing com.google.android.gms-internal.3p:MobileApplication from com.google.android.gms
D/dalvikvm( 1775): GC_FOR_ALLOC freed 2089K, 21% free 10554K/13252K, paused 16ms, total 16ms
I/Icing   ( 2068): Indexing done com.google.android.gms-internal.3p:MobileApplication
I/Icing   ( 2068): Indexing com.google.android.googlequicksearchbox-applications from com.google.android.googlequicksearchbox
D/dalvikvm( 1568): GC_EXPLICIT freed 773K, 48% free 7773K/14816K, paused 0ms+1ms, total 9ms
I/Icing   ( 2068): Indexing done com.google.android.googlequicksearchbox-applications
I/Icing   ( 2068): Indexing com.google.android.gms-apps from com.google.android.gms
I/Icing   ( 2068): Indexing done com.google.android.gms-apps
I/Icing   ( 2068): Indexing com.google.android.gms-apps from com.google.android.gms
I/Icing   ( 2068): Indexing done com.google.android.gms-apps
I/Icing   ( 2068): Indexing com.google.android.googlequicksearchbox-applications from com.google.android.googlequicksearchbox
I/Icing   ( 2068): Indexing done com.google.android.googlequicksearchbox-applications
I/Icing   ( 2068): Indexing com.google.android.googlequicksearchbox-applications from com.google.android.googlequicksearchbox
I/Icing   ( 2068): Indexing done com.google.android.googlequicksearchbox-applications
W/Conscrypt( 2068): Could not set socket write timeout: java.net.SocketException: Socket closed
W/Conscrypt( 2068): 	at com.google.android.gms.org.conscrypt.Platform.setSocketWriteTimeout(:com.google.android.gms@202414005@20.24.14 (000700-319035315):2)
W/Conscrypt( 2068): 	at com.google.android.gms.org.conscrypt.ConscryptFileDescriptorSocket.setSoWriteTimeout(:com.google.android.gms@202414005@20.24.14 (000700-319035315):0)
W/Conscrypt( 2068): Could not set socket write timeout: java.net.SocketException: Socket closed
W/Conscrypt( 2068): 	at com.google.android.gms.org.conscrypt.Platform.setSocketWriteTimeout(:com.google.android.gms@202414005@20.24.14 (000700-319035315):2)
W/Conscrypt( 2068): 	at com.google.android.gms.org.conscrypt.ConscryptFileDescriptorSocket.setSoWriteTimeout(:com.google.android.gms@202414005@20.24.14 (000700-319035315):0)
D/dalvikvm( 1145): GC_EXPLICIT freed 40K, 8% free 2993K/3220K, paused 1ms+1ms, total 3ms
D/dalvikvm( 1145): GC_EXPLICIT freed <1K, 8% free 2993K/3220K, paused 1ms+0ms, total 2ms
D/dalvikvm( 1145): GC_EXPLICIT freed <1K, 8% free 2993K/3220K, paused 1ms+0ms, total 2ms
I/ActivityManager( 1568): Start proc com.google.android.play.games.ui for broadcast com.google.android.play.games/com.google.android.apps.play.games.features.experiments.PhenotypeBroadcastReceiver: pid=2787 uid=10043 gids={50043, 3003}
E/dalvikvm( 2787): Could not find class 'android.app.NotificationChannel', referenced from method com.google.android.apps.play.games.core.PlayGamesApplication.onCreate
W/dalvikvm( 2787): VFY: unable to resolve new-instance 420 (Landroid/app/NotificationChannel;) in Lcom/google/android/apps/play/games/core/PlayGamesApplication;
D/dalvikvm( 2787): VFY: replacing opcode 0x22 at 0x008d
E/dalvikvm( 2787): Could not find class 'android.app.NotificationChannelGroup', referenced from method com.google.android.apps.play.games.core.PlayGamesApplication.onCreate
W/dalvikvm( 2787): VFY: unable to resolve new-instance 421 (Landroid/app/NotificationChannelGroup;) in Lcom/google/android/apps/play/games/core/PlayGamesApplication;
D/dalvikvm( 2787): VFY: replacing opcode 0x22 at 0x0131
D/dalvikvm( 2787): DexOpt: couldn't find static field Landroid/os/Build;.SUPPORTED_ABIS
W/dalvikvm( 2787): VFY: unable to resolve static field 1664 (SUPPORTED_ABIS) in Landroid/os/Build;
D/dalvikvm( 2787): VFY: replacing opcode 0x62 at 0x01a4
E/dalvikvm( 2787): Could not find class 'android.app.NotificationChannel', referenced from method com.google.android.apps.play.games.core.PlayGamesApplication.onCreate
W/dalvikvm( 2787): VFY: unable to resolve new-instance 420 (Landroid/app/NotificationChannel;) in Lcom/google/android/apps/play/games/core/PlayGamesApplication;
D/dalvikvm( 2787): VFY: replacing opcode 0x22 at 0x03e6
D/dalvikvm( 2787): DexOpt: unable to opt direct call 0x0b8a at 0x98 in Lcom/google/android/apps/play/games/core/PlayGamesApplication;.onCreate
D/dalvikvm( 2787): DexOpt: unable to opt direct call 0x0b8a at 0xa9 in Lcom/google/android/apps/play/games/core/PlayGamesApplication;.onCreate
D/dalvikvm( 2787): DexOpt: unable to opt direct call 0x0b8a at 0xba in Lcom/google/android/apps/play/games/core/PlayGamesApplication;.onCreate
D/dalvikvm( 2787): DexOpt: unable to opt direct call 0x0b8a at 0xcb in Lcom/google/android/apps/play/games/core/PlayGamesApplication;.onCreate
D/dalvikvm( 2787): DexOpt: unable to opt direct call 0x0b8a at 0xdc in Lcom/google/android/apps/play/games/core/PlayGamesApplication;.onCreate
D/dalvikvm( 2787): DexOpt: unable to opt direct call 0x0b8a at 0xed in Lcom/google/android/apps/play/games/core/PlayGamesApplication;.onCreate
D/dalvikvm( 2787): DexOpt: unable to opt direct call 0x0b8a at 0x107 in Lcom/google/android/apps/play/games/core/PlayGamesApplication;.onCreate
D/dalvikvm( 2787): DexOpt: unable to opt direct call 0x0b95 at 0x135 in Lcom/google/android/apps/play/games/core/PlayGamesApplication;.onCreate
D/dalvikvm( 2787): DexOpt: unable to opt direct call 0x0b8a at 0x144 in Lcom/google/android/apps/play/games/core/PlayGamesApplication;.onCreate
D/dalvikvm( 2787): DexOpt: unable to opt direct call 0x0b8a at 0x160 in Lcom/google/android/apps/play/games/core/PlayGamesApplication;.onCreate
D/dalvikvm( 2787): DexOpt: unable to opt direct call 0x0b8a at 0x3eb in Lcom/google/android/apps/play/games/core/PlayGamesApplication;.onCreate
I/dalvikvm( 2787): Could not find method android.app.Notification.getChannelId, referenced from method keu.a
W/dalvikvm( 2787): VFY: unable to resolve virtual method 2951: Landroid/app/Notification;.getChannelId ()Ljava/lang/String;
D/dalvikvm( 2787): VFY: replacing opcode 0x6e at 0x0010
I/dalvikvm( 2787): Could not find method android.content.Context.createDeviceProtectedStorageContext, referenced from method hgf.a
W/dalvikvm( 2787): VFY: unable to resolve virtual method 3139: Landroid/content/Context;.createDeviceProtectedStorageContext ()Landroid/content/Context;
D/dalvikvm( 2787): VFY: replacing opcode 0x6e at 0x0029
I/dalvikvm( 2787): Could not find method android.content.Context.getSystemService, referenced from method hgf.a
W/dalvikvm( 2787): VFY: unable to resolve virtual method 3171: Landroid/content/Context;.getSystemService (Ljava/lang/Class;)Ljava/lang/Object;
D/dalvikvm( 2787): VFY: replacing opcode 0x6e at 0x0009
I/dalvikvm( 2787): Could not find method android.content.Context.createDeviceProtectedStorageContext, referenced from method nzv.a
W/dalvikvm( 2787): VFY: unable to resolve virtual method 3139: Landroid/content/Context;.createDeviceProtectedStorageContext ()Landroid/content/Context;
D/dalvikvm( 2787): VFY: replacing opcode 0x6e at 0x0031
I/dalvikvm( 2787): Could not find method android.content.Context.isDeviceProtectedStorage, referenced from method mlu.a
W/dalvikvm( 2787): VFY: unable to resolve virtual method 3177: Landroid/content/Context;.isDeviceProtectedStorage ()Z
D/dalvikvm( 2787): VFY: replacing opcode 0x6e at 0x0018
E/dalvikvm( 2787): Could not find class 'android.app.NotificationChannel', referenced from method fsr.a
W/dalvikvm( 2787): VFY: unable to resolve new-instance 420 (Landroid/app/NotificationChannel;) in Lfsr;
D/dalvikvm( 2787): VFY: replacing opcode 0x22 at 0x0236
D/dalvikvm( 2787): DexOpt: unable to opt direct call 0x0b8a at 0x23d in Lfsr;.a
I/dalvikvm( 2787): Failed resolving Lnok; interface 1015 'Landroid/view/Window$OnFrameMetricsAvailableListener;'
W/dalvikvm( 2787): Link of class 'Lnok;' failed
I/dalvikvm( 2787): Failed resolving Lnok; interface 1015 'Landroid/view/Window$OnFrameMetricsAvailableListener;'
W/dalvikvm( 2787): Link of class 'Lnok;' failed
I/dalvikvm( 2787): Failed resolving Lnok; interface 1015 'Landroid/view/Window$OnFrameMetricsAvailableListener;'
W/dalvikvm( 2787): Link of class 'Lnok;' failed
W/dalvikvm( 2787): VFY: unable to resolve instance field 27376
D/dalvikvm( 2787): VFY: replacing opcode 0x5c at 0x06cf
I/dalvikvm( 2787): Failed resolving Lnok; interface 1015 'Landroid/view/Window$OnFrameMetricsAvailableListener;'
W/dalvikvm( 2787): Link of class 'Lnok;' failed
I/dalvikvm( 2787): Failed resolving Lnok; interface 1015 'Landroid/view/Window$OnFrameMetricsAvailableListener;'
W/dalvikvm( 2787): Link of class 'Lnok;' failed
D/dalvikvm( 2787): GC_FOR_ALLOC freed 360K, 15% free 3146K/3692K, paused 2ms, total 2ms
W/PrimesInit( 2787): Primes instant initialization
I/dalvikvm( 2787): Could not find method android.app.AppOpsManager.permissionToOp, referenced from method rr.a
W/dalvikvm( 2787): VFY: unable to resolve static method 2785: Landroid/app/AppOpsManager;.permissionToOp (Ljava/lang/String;)Ljava/lang/String;
D/dalvikvm( 2787): VFY: replacing opcode 0x71 at 0x000e
I/dalvikvm( 2787): Could not find method android.content.Context.getSystemService, referenced from method rr.a
W/dalvikvm( 2787): VFY: unable to resolve virtual method 3171: Landroid/content/Context;.getSystemService (Ljava/lang/Class;)Ljava/lang/Object;
D/dalvikvm( 2787): VFY: replacing opcode 0x6e at 0x002b
W/Primes  ( 2787): background initialization
I/dalvikvm( 2787): Could not find method android.content.Context.getSystemService, referenced from method mry.a
W/dalvikvm( 2787): VFY: unable to resolve virtual method 3171: Landroid/content/Context;.getSystemService (Ljava/lang/Class;)Ljava/lang/Object;
D/dalvikvm( 2787): VFY: replacing opcode 0x6e at 0x001a
I/dalvikvm( 2787): Could not find method android.os.UserManager.isUserUnlocked, referenced from method mry.a
W/dalvikvm( 2787): VFY: unable to resolve virtual method 4621: Landroid/os/UserManager;.isUserUnlocked ()Z
D/dalvikvm( 2787): VFY: replacing opcode 0x6e at 0x0030
I/dalvikvm( 2787): Could not find method android.content.Context.isDeviceProtectedStorage, referenced from method mry.b
W/dalvikvm( 2787): VFY: unable to resolve virtual method 3177: Landroid/content/Context;.isDeviceProtectedStorage ()Z
D/dalvikvm( 2787): VFY: replacing opcode 0x6e at 0x0000
D/dalvikvm( 1775): GC_FOR_ALLOC freed 2957K, 30% free 9394K/13252K, paused 15ms, total 15ms
D/dalvikvm( 1775): GC_FOR_ALLOC freed 300K, 31% free 9187K/13252K, paused 8ms, total 8ms
I/dalvikvm( 2787): Could not find method android.content.pm.PackageManager.getPackageInstaller, referenced from method gzw.a
W/dalvikvm( 2787): VFY: unable to resolve virtual method 3338: Landroid/content/pm/PackageManager;.getPackageInstaller ()Landroid/content/pm/PackageInstaller;
D/dalvikvm( 2787): VFY: replacing opcode 0x6e at 0x0024
I/GAv4-SVC( 2787): Google Analytics 16.9.98 is starting up.
E/dalvikvm( 2787): Could not find class 'android.app.job.JobScheduler', referenced from method gss.e
W/dalvikvm( 2787): VFY: unable to resolve check-cast 443 (Landroid/app/job/JobScheduler;) in Lgss;
D/dalvikvm( 2787): VFY: replacing opcode 0x1f at 0x00d7
E/dalvikvm( 2787): Could not find class 'android.app.job.JobScheduler', referenced from method gss.b
W/dalvikvm( 2787): VFY: unable to resolve check-cast 443 (Landroid/app/job/JobScheduler;) in Lgss;
D/dalvikvm( 2787): VFY: replacing opcode 0x1f at 0x02b1
E/dalvikvm( 2787): Could not find class 'android.app.job.JobScheduler', referenced from method gss.b
W/dalvikvm( 2787): VFY: unable to resolve check-cast 443 (Landroid/app/job/JobScheduler;) in Lgss;
D/dalvikvm( 2787): VFY: replacing opcode 0x1f at 0x0672
E/dalvikvm( 2787): Could not find class 'android.app.job.JobScheduler', referenced from method gss.b
W/dalvikvm( 2787): VFY: unable to resolve check-cast 443 (Landroid/app/job/JobScheduler;) in Lgss;
D/dalvikvm( 2787): VFY: replacing opcode 0x1f at 0x0866
E/dalvikvm( 2787): Could not find class 'android.app.job.JobScheduler', referenced from method gss.b
W/dalvikvm( 2787): VFY: unable to resolve check-cast 443 (Landroid/app/job/JobScheduler;) in Lgss;
D/dalvikvm( 2787): VFY: replacing opcode 0x1f at 0x0906
E/dalvikvm( 2787): Could not find class 'android.app.job.JobScheduler', referenced from method gss.b
W/dalvikvm( 2787): VFY: unable to resolve check-cast 443 (Landroid/app/job/JobScheduler;) in Lgss;
D/dalvikvm( 2787): VFY: replacing opcode 0x1f at 0x095c
E/dalvikvm( 2787): Could not find class 'android.app.job.JobScheduler', referenced from method gss.b
W/dalvikvm( 2787): VFY: unable to resolve check-cast 443 (Landroid/app/job/JobScheduler;) in Lgss;
D/dalvikvm( 2787): VFY: replacing opcode 0x1f at 0x09fc
E/dalvikvm( 2787): Could not find class 'android.app.job.JobScheduler', referenced from method gss.b
W/dalvikvm( 2787): VFY: unable to resolve check-cast 443 (Landroid/app/job/JobScheduler;) in Lgss;
D/dalvikvm( 2787): VFY: replacing opcode 0x1f at 0x0a1e
E/dalvikvm( 2787): Could not find class 'android.app.job.JobScheduler', referenced from method gss.b
W/dalvikvm( 2787): VFY: unable to resolve check-cast 443 (Landroid/app/job/JobScheduler;) in Lgss;
D/dalvikvm( 2787): VFY: replacing opcode 0x1f at 0x0a40
E/dalvikvm( 2787): Could not find class 'android.app.job.JobScheduler', referenced from method gss.b
W/dalvikvm( 2787): VFY: unable to resolve check-cast 443 (Landroid/app/job/JobScheduler;) in Lgss;
D/dalvikvm( 2787): VFY: replacing opcode 0x1f at 0x0a62
E/dalvikvm( 2787): Could not find class 'android.app.job.JobScheduler', referenced from method gss.b
W/dalvikvm( 2787): VFY: unable to resolve check-cast 443 (Landroid/app/job/JobScheduler;) in Lgss;
D/dalvikvm( 2787): VFY: replacing opcode 0x1f at 0x0ae8
E/dalvikvm( 2787): Could not find class 'android.app.job.JobScheduler', referenced from method gss.b
W/dalvikvm( 2787): VFY: unable to resolve check-cast 443 (Landroid/app/job/JobScheduler;) in Lgss;
D/dalvikvm( 2787): VFY: replacing opcode 0x1f at 0x0b20
E/dalvikvm( 2787): Could not find class 'android.app.job.JobScheduler', referenced from method gss.c
W/dalvikvm( 2787): VFY: unable to resolve check-cast 443 (Landroid/app/job/JobScheduler;) in Lgss;
D/dalvikvm( 2787): VFY: replacing opcode 0x1f at 0x0077
E/dalvikvm( 2787): Could not find class 'android.app.job.JobScheduler', referenced from method gss.c
W/dalvikvm( 2787): VFY: unable to resolve check-cast 443 (Landroid/app/job/JobScheduler;) in Lgss;
D/dalvikvm( 2787): VFY: replacing opcode 0x1f at 0x012a
E/dalvikvm( 2787): Could not find class 'android.app.job.JobScheduler', referenced from method gss.c
W/dalvikvm( 2787): VFY: unable to resolve check-cast 443 (Landroid/app/job/JobScheduler;) in Lgss;
D/dalvikvm( 2787): VFY: replacing opcode 0x1f at 0x0327
E/dalvikvm( 2787): Could not find class 'android.app.job.JobScheduler', referenced from method gtk.u_
W/dalvikvm( 2787): VFY: unable to resolve check-cast 443 (Landroid/app/job/JobScheduler;) in Lgtk;
D/dalvikvm( 2787): VFY: replacing opcode 0x1f at 0x0080
I/PrimesTesting( 2787): GserviceFlagsSupplier.get()
I/dalvikvm( 2787): Could not find method android.content.pm.PackageManager.isInstantApp, referenced from method hub.a
D/dalvikvm( 2068): GC_FOR_ALLOC freed 1815K, 26% free 11614K/15608K, paused 16ms, total 17ms
W/dalvikvm( 2787): VFY: unable to resolve virtual method 3345: Landroid/content/pm/PackageManager;.isInstantApp (Ljava/lang/String;)Z
D/dalvikvm( 2787): VFY: replacing opcode 0x6e at 0x0026
D/dalvikvm( 2787): GC_FOR_ALLOC freed 401K, 16% free 3257K/3844K, paused 2ms, total 2ms
I/dalvikvm( 2787): Could not find method android.app.NotificationManager.getNotificationChannel, referenced from method gzd.a
W/dalvikvm( 2787): VFY: unable to resolve virtual method 2974: Landroid/app/NotificationManager;.getNotificationChannel (Ljava/lang/String;)Landroid/app/NotificationChannel;
D/dalvikvm( 2787): VFY: replacing opcode 0x6e at 0x00c5
D/dalvikvm( 2787): DexOpt: unable to opt direct call 0x0b8a at 0xd2 in Lgzd;.a
E/dalvikvm( 2787): Could not find class 'com.google.common.flogger.backend.google.GooglePlatform', referenced from method plf.a
W/dalvikvm( 2787): VFY: unable to resolve const-class 3003 (Lcom/google/common/flogger/backend/google/GooglePlatform;) in Lplf;
D/dalvikvm( 2787): VFY: replacing opcode 0x1c at 0x0014
I/dalvikvm( 2787): Could not find method com.google.android.chimera.BoundService.getStartIntent, referenced from method hki.a
W/dalvikvm( 2787): VFY: unable to resolve static method 13682: Lcom/google/android/chimera/BoundService;.getStartIntent (Landroid/content/Context;Ljava/lang/String;)Landroid/content/Intent;
D/dalvikvm( 2787): VFY: replacing opcode 0x71 at 0x0024
W/ActivityManager( 1568): Unable to start service Intent { act=com.google.android.gms.instantapps.START pkg=com.google.android.gms } U=0: not found
E/GmsClient( 2787): unable to connect to service: com.google.android.gms.instantapps.START on com.google.android.gms
I/dalvikvm( 2787): Could not find method android.content.Context.deleteSharedPreferences, referenced from method fya.c
W/dalvikvm( 2787): VFY: unable to resolve virtual method 3145: Landroid/content/Context;.deleteSharedPreferences (Ljava/lang/String;)Z
D/dalvikvm( 2787): VFY: replacing opcode 0x6e at 0x002a
W/ActivityManager( 1568): Unbind failed: could not find connection for android.os.BinderProxy@9d64cdf8
I/dalvikvm( 2787): Could not find method java.util.Locale.toLanguageTag, referenced from method fvw.a
W/dalvikvm( 2787): VFY: unable to resolve virtual method 33842: Ljava/util/Locale;.toLanguageTag ()Ljava/lang/String;
D/dalvikvm( 2787): VFY: replacing opcode 0x6e at 0x000a
D/dalvikvm( 2787): GC_FOR_ALLOC freed 344K, 14% free 3426K/3956K, paused 2ms, total 2ms
W/ComponentDiscovery( 2787): Application info not found.
W/ComponentDiscovery( 2787): Could not retrieve metadata, returning empty list of registrars.
I/dalvikvm( 2787): Could not find method android.content.Context.getDrawable, referenced from method rj.a
W/dalvikvm( 2787): VFY: unable to resolve virtual method 3157: Landroid/content/Context;.getDrawable (I)Landroid/graphics/drawable/Drawable;
D/dalvikvm( 2787): VFY: replacing opcode 0x6e at 0x0006
I/dalvikvm( 2787): Could not find method android.content.Context.getDataDir, referenced from method rj.a
W/dalvikvm( 2787): VFY: unable to resolve virtual method 3154: Landroid/content/Context;.getDataDir ()Ljava/io/File;
D/dalvikvm( 2787): VFY: replacing opcode 0x6e at 0x0006
I/dalvikvm( 2787): Could not find method android.content.Context.getSystemServiceName, referenced from method rj.a
W/dalvikvm( 2787): VFY: unable to resolve virtual method 3173: Landroid/content/Context;.getSystemServiceName (Ljava/lang/Class;)Ljava/lang/String;
D/dalvikvm( 2787): VFY: replacing opcode 0x6e at 0x000a
I/dalvikvm( 2787): Could not find method android.content.Context.getSystemService, referenced from method rj.a
W/dalvikvm( 2787): VFY: unable to resolve virtual method 3171: Landroid/content/Context;.getSystemService (Ljava/lang/Class;)Ljava/lang/Object;
D/dalvikvm( 2787): VFY: replacing opcode 0x6e at 0x0020
I/dalvikvm( 2787): Could not find method android.content.Context.getColorStateList, referenced from method rj.b
W/dalvikvm( 2787): VFY: unable to resolve virtual method 3152: Landroid/content/Context;.getColorStateList (I)Landroid/content/res/ColorStateList;
D/dalvikvm( 2787): VFY: replacing opcode 0x6e at 0x0006
I/dalvikvm( 2787): Could not find method android.content.Context.getColor, referenced from method rj.c
W/dalvikvm( 2787): VFY: unable to resolve virtual method 3151: Landroid/content/Context;.getColor (I)I
D/dalvikvm( 2787): VFY: replacing opcode 0x6e at 0x0006
I/dalvikvm( 2787): Could not find method android.content.Context.getNoBackupFilesDir, referenced from method rj.d
W/dalvikvm( 2787): VFY: unable to resolve virtual method 3164: Landroid/content/Context;.getNoBackupFilesDir ()Ljava/io/File;
D/dalvikvm( 2787): VFY: replacing opcode 0x6e at 0x0006
I/dalvikvm( 2787): Could not find method android.content.Context.createDeviceProtectedStorageContext, referenced from method rj.e
W/dalvikvm( 2787): VFY: unable to resolve virtual method 3139: Landroid/content/Context;.createDeviceProtectedStorageContext ()Landroid/content/Context;
D/dalvikvm( 2787): VFY: replacing opcode 0x6e at 0x0008
I/dalvikvm( 2787): Could not find method android.content.Context.isDeviceProtectedStorage, referenced from method rj.f
W/dalvikvm( 2787): VFY: unable to resolve virtual method 3177: Landroid/content/Context;.isDeviceProtectedStorage ()Z
D/dalvikvm( 2787): VFY: replacing opcode 0x6e at 0x0008
I/PGAPhenotypeBroadcastRe( 2787): Received Phenotype update.
D/dalvikvm( 1839): GC_EXPLICIT freed 145K, 23% free 6077K/7824K, paused 1ms+1ms, total 11ms
W/PGAfap  ( 2787): ContentFiltersService is unavailable; not applying content filters.
I/Auth    ( 1775): [AuthManaged,PasswordComplexityHelperImpl] Updating password complexity components state.
I/Auth    ( 1775): [AuthManaged,PasswordComplexityHelperImpl] Disabling com.google.android.gms.auth.managed.admin.DeviceAdminReceiver
I/Auth    ( 1775): [AuthManaged,PasswordComplexityHelperImpl] Disabling com.google.android.gms.auth.managed.ui.SetNewPasswordActivity
I/ahju    ( 1775): Scheduling a periodic sync task every 14400 seconds, with flex of 1800 seconds [CONTEXT service_id=51 ]
I/ahju    ( 1775): Scheduling adaptive one off task with window [14400, 604800] in seconds [CONTEXT service_id=51 ]
D/dalvikvm( 1775): GC_FOR_ALLOC freed 1884K, 30% free 9349K/13252K, paused 8ms, total 8ms
I/ahlt    ( 1775): updateFromConfigurations using legacy put method [CONTEXT service_id=204 ]
D/dalvikvm( 2380): GC_FOR_ALLOC freed 1030K, 16% free 6740K/7956K, paused 4ms, total 4ms
I/Auth    ( 1775): [AuthManaged,PasswordComplexityHelperImpl] Updating password complexity components state.
I/Auth    ( 1775): [AuthManaged,PasswordComplexityHelperImpl] Disabling com.google.android.gms.auth.managed.admin.DeviceAdminReceiver
I/Auth    ( 1775): [AuthManaged,PasswordComplexityHelperImpl] Disabling com.google.android.gms.auth.managed.ui.SetNewPasswordActivity
D/dalvikvm( 1775): GC_FOR_ALLOC freed 2081K, 30% free 9316K/13252K, paused 8ms, total 10ms
I/ahlt    ( 1775): updateFromConfigurations using legacy put method [CONTEXT service_id=204 ]
I/ChromeSync( 2068): [Sync,SyncIntentOperation] Handling the intent: Intent { act=com.google.android.gms.phenotype.COMMITTED flg=0x10 pkg=com.google.android.gms cmp=com.google.android.gms/.chimera.GmsIntentOperationService (has extras) }.
I/PTCommittedOperation( 1775): Receive new configuration for com.google.android.gms.people
I/MdiSyncModule( 2068): flag handling is skipping irrelevant intent.
W/ModuleInitIntentOp( 2068): Dropping unexpected action com.google.android.gms.phenotype.COMMITTED
W/ActivityManager( 1568): Unable to start service Intent { act=com.google.android.gms.auth.key.retrieval.service.START pkg=com.google.android.gms } U=0: not found
E/GmsClient( 2068): unable to connect to service: com.google.android.gms.auth.key.retrieval.service.START on com.google.android.gms
I/Auth    ( 1775): [AuthManaged,PasswordComplexityHelperImpl] Updating password complexity components state.
I/Auth    ( 1775): [AuthManaged,PasswordComplexityHelperImpl] Disabling com.google.android.gms.auth.managed.admin.DeviceAdminReceiver
I/Auth    ( 1775): [AuthManaged,PasswordComplexityHelperImpl] Disabling com.google.android.gms.auth.managed.ui.SetNewPasswordActivity
W/ActivityManager( 1568): Unbind failed: could not find connection for android.os.BinderProxy@9d33a7d8
W/FsaEntryPointSwitcher( 2068): getServiceInfo failed for com.google.android.gms.people.sync.focus.ContactsSyncAdapterService
I/FsaEntryPointSwitcher( 2068): setting component enabled=1 for com.google.android.gms.people.sync.focus.ContactsSyncAdapterService
I/FsaEntryPointSwitcher( 2068): Setting component enabled succeeds.
I/FsaEntryPointSwitcher( 2068): setting component enabled=2 for com.google.android.syncadapters.contacts.ContactsSyncAdapterService
I/FsaEntryPointSwitcher( 2068): Setting component enabled succeeds.
I/Auth    ( 1775): [AuthManaged,PasswordComplexityHelperImpl] Updating password complexity components state.
I/Auth    ( 1775): [AuthManaged,PasswordComplexityHelperImpl] Disabling com.google.android.gms.auth.managed.admin.DeviceAdminReceiver
I/Auth    ( 1775): [AuthManaged,PasswordComplexityHelperImpl] Disabling com.google.android.gms.auth.managed.ui.SetNewPasswordActivity
I/PTCommittedOperation( 1775): Receive new configuration for com.google.android.gms.auth_api_phone
I/ChromeSync( 2068): [Sync,SyncIntentOperation] Handling the intent: Intent { act=com.google.android.gms.phenotype.COMMITTED flg=0x10 pkg=com.google.android.gms cmp=com.google.android.gms/.chimera.GmsIntentOperationService (has extras) }.
I/MdiSyncModule( 2068): flag handling is skipping irrelevant intent.
W/ModuleInitIntentOp( 2068): Dropping unexpected action com.google.android.gms.phenotype.COMMITTED
I/Auth    ( 1775): [AuthManaged,PasswordComplexityHelperImpl] Updating password complexity components state.
I/Auth    ( 1775): [AuthManaged,PasswordComplexityHelperImpl] Disabling com.google.android.gms.auth.managed.admin.DeviceAdminReceiver
I/Auth    ( 1775): [AuthManaged,PasswordComplexityHelperImpl] Disabling com.google.android.gms.auth.managed.ui.SetNewPasswordActivity
I/Auth    ( 1775): [AuthManaged,PasswordComplexityHelperImpl] Updating password complexity components state.
I/Auth    ( 1775): [AuthManaged,PasswordComplexityHelperImpl] Disabling com.google.android.gms.auth.managed.admin.DeviceAdminReceiver
I/Auth    ( 1775): [AuthManaged,PasswordComplexityHelperImpl] Disabling com.google.android.gms.auth.managed.ui.SetNewPasswordActivity
D/dalvikvm( 1775): GC_FOR_ALLOC freed 1954K, 29% free 9409K/13252K, paused 11ms, total 11ms
I/ChromeSync( 2068): [Sync,SyncIntentOperation] Handling the intent: Intent { act=com.google.android.gms.phenotype.COMMITTED flg=0x10 pkg=com.google.android.gms cmp=com.google.android.gms/.chimera.GmsIntentOperationService (has extras) }.
I/PTCommittedOperation( 1775): Receive new configuration for com.google.android.gms.auth_api_proxy
I/MdiSyncModule( 2068): flag handling is skipping irrelevant intent.
W/ModuleInitIntentOp( 2068): Dropping unexpected action com.google.android.gms.phenotype.COMMITTED
I/ChromeSync( 2068): [Sync,SyncIntentOperation] Handling the intent: Intent { act=com.google.android.gms.phenotype.COMMITTED flg=0x10 pkg=com.google.android.gms cmp=com.google.android.gms/.chimera.GmsIntentOperationService (has extras) }.
I/MdiSyncModule( 2068): flag handling is skipping irrelevant intent.
W/ModuleInitIntentOp( 2068): Dropping unexpected action com.google.android.gms.phenotype.COMMITTED
I/dalvikvm( 1775): JIT code cache full after ChainingCellCounts (trace uses 288B)
I/PTCommittedOperation( 1775): Receive new configuration for com.google.android.gms.reminders
I/Auth    ( 1775): [AuthManaged,PasswordComplexityHelperImpl] Updating password complexity components state.
I/Auth    ( 1775): [AuthManaged,PasswordComplexityHelperImpl] Disabling com.google.android.gms.auth.managed.admin.DeviceAdminReceiver
I/Auth    ( 1775): [AuthManaged,PasswordComplexityHelperImpl] Disabling com.google.android.gms.auth.managed.ui.SetNewPasswordActivity
I/ChromeSync( 2068): [Sync,SyncIntentOperation] Handling the intent: Intent { act=com.google.android.gms.phenotype.COMMITTED flg=0x10 pkg=com.google.android.gms cmp=com.google.android.gms/.chimera.GmsIntentOperationService (has extras) }.
I/MdiSyncModule( 2068): flag handling is skipping irrelevant intent.
W/ModuleInitIntentOp( 2068): Dropping unexpected action com.google.android.gms.phenotype.COMMITTED
I/Auth    ( 1775): [AuthManaged,PasswordComplexityHelperImpl] Updating password complexity components state.
I/Auth    ( 1775): [AuthManaged,PasswordComplexityHelperImpl] Disabling com.google.android.gms.auth.managed.admin.DeviceAdminReceiver
I/Auth    ( 1775): [AuthManaged,PasswordComplexityHelperImpl] Disabling com.google.android.gms.auth.managed.ui.SetNewPasswordActivity
I/PTCommittedOperation( 1775): Receive new configuration for com.google.android.client_error_logging
I/ChromeSync( 2068): [Sync,SyncIntentOperation] Handling the intent: Intent { act=com.google.android.gms.phenotype.COMMITTED flg=0x10 pkg=com.google.android.gms cmp=com.google.android.gms/.chimera.GmsIntentOperationService (has extras) }.
I/MdiSyncModule( 2068): flag handling is skipping irrelevant intent.
W/ModuleInitIntentOp( 2068): Dropping unexpected action com.google.android.gms.phenotype.COMMITTED
I/Auth    ( 1775): [AuthManaged,PasswordComplexityHelperImpl] Updating password complexity components state.
I/Auth    ( 1775): [AuthManaged,PasswordComplexityHelperImpl] Disabling com.google.android.gms.auth.managed.admin.DeviceAdminReceiver
I/Auth    ( 1775): [AuthManaged,PasswordComplexityHelperImpl] Disabling com.google.android.gms.auth.managed.ui.SetNewPasswordActivity
D/dalvikvm( 1568): GC_FOR_ALLOC freed 1043K, 47% free 7929K/14816K, paused 9ms, total 9ms
I/PTCommittedOperation( 1775): Receive new configuration for com.google.android.gms.romanesco
I/ChromeSync( 2068): [Sync,SyncIntentOperation] Handling the intent: Intent { act=com.google.android.gms.phenotype.COMMITTED flg=0x10 pkg=com.google.android.gms cmp=com.google.android.gms/.chimera.GmsIntentOperationService (has extras) }.
I/MdiSyncModule( 2068): flag handling is skipping irrelevant intent.
D/dalvikvm( 1775): JIT code cache reset in 0 ms (522984 bytes 1/0)
D/dalvikvm( 1775): GC_FOR_ALLOC freed 2022K, 29% free 9435K/13252K, paused 8ms, total 8ms
I/PTCommittedOperation( 1775): Receive new configuration for com.google.android.gms.platformconfigurator
I/Auth    ( 1775): [AuthManaged,PasswordComplexityHelperImpl] Updating password complexity components state.
I/Auth    ( 1775): [AuthManaged,PasswordComplexityHelperImpl] Disabling com.google.android.gms.auth.managed.admin.DeviceAdminReceiver
I/Auth    ( 1775): [AuthManaged,PasswordComplexityHelperImpl] Disabling com.google.android.gms.auth.managed.ui.SetNewPasswordActivity
D/dalvikvm( 2068): GC_FOR_ALLOC freed 1804K, 25% free 11858K/15608K, paused 18ms, total 18ms
I/ChromeSync( 2068): [Sync,SyncIntentOperation] Handling the intent: Intent { act=com.google.android.gms.phenotype.COMMITTED flg=0x10 pkg=com.google.android.gms cmp=com.google.android.gms/.chimera.GmsIntentOperationService (has extras) }.
I/MdiSyncModule( 2068): flag handling is skipping irrelevant intent.
I/PTCommittedOperation( 1775): Receive new configuration for com.google.android.gms.accountsettings
W/ModuleInitIntentOp( 2068): Dropping unexpected action com.google.android.gms.phenotype.COMMITTED
W/Conscrypt( 1775): Could not set socket write timeout: java.net.SocketException: Socket closed
W/Conscrypt( 1775): 	at com.google.android.gms.org.conscrypt.Platform.setSocketWriteTimeout(:com.google.android.gms@202414005@20.24.14 (000700-319035315):2)
W/Conscrypt( 1775): 	at com.google.android.gms.org.conscrypt.ConscryptFileDescriptorSocket.setSoWriteTimeout(:com.google.android.gms@202414005@20.24.14 (000700-319035315):0)
I/Auth    ( 1775): [AuthManaged,PasswordComplexityHelperImpl] Updating password complexity components state.
I/Auth    ( 1775): [AuthManaged,PasswordComplexityHelperImpl] Disabling com.google.android.gms.auth.managed.admin.DeviceAdminReceiver
I/ChromeSync( 2068): [Sync,SyncIntentOperation] Handling the intent: Intent { act=com.google.android.gms.phenotype.COMMITTED flg=0x10 pkg=com.google.android.gms cmp=com.google.android.gms/.chimera.GmsIntentOperationService (has extras) }.
I/Auth    ( 1775): [AuthManaged,PasswordComplexityHelperImpl] Disabling com.google.android.gms.auth.managed.ui.SetNewPasswordActivity
I/MdiSyncModule( 2068): flag handling is skipping irrelevant intent.
W/ModuleInitIntentOp( 2068): Dropping unexpected action com.google.android.gms.phenotype.COMMITTED
D/dalvikvm( 1775): GC_FOR_ALLOC freed 2027K, 29% free 9456K/13252K, paused 15ms, total 15ms
I/PTCommittedOperation( 1775): Receive new configuration for com.google.android.gms.backup
W/Conscrypt( 1775): Could not set socket write timeout: java.net.SocketException: Socket closed
W/Conscrypt( 1775): 	at com.google.android.gms.org.conscrypt.Platform.setSocketWriteTimeout(:com.google.android.gms@202414005@20.24.14 (000700-319035315):2)
W/Conscrypt( 1775): 	at com.google.android.gms.org.conscrypt.ConscryptFileDescriptorSocket.setSoWriteTimeout(:com.google.android.gms@202414005@20.24.14 (000700-319035315):0)
I/Auth    ( 1775): [AuthManaged,PasswordComplexityHelperImpl] Updating password complexity components state.
I/Auth    ( 1775): [AuthManaged,PasswordComplexityHelperImpl] Disabling com.google.android.gms.auth.managed.admin.DeviceAdminReceiver
I/Auth    ( 1775): [AuthManaged,PasswordComplexityHelperImpl] Disabling com.google.android.gms.auth.managed.ui.SetNewPasswordActivity
I/ChromeSync( 2068): [Sync,SyncIntentOperation] Handling the intent: Intent { act=com.google.android.gms.phenotype.COMMITTED flg=0x10 pkg=com.google.android.gms cmp=com.google.android.gms/.chimera.GmsIntentOperationService (has extras) }.
I/MdiSyncModule( 2068): flag handling is skipping irrelevant intent.
W/ModuleInitIntentOp( 2068): Dropping unexpected action com.google.android.gms.phenotype.COMMITTED
I/PTCommittedOperation( 1775): Receive new configuration for com.google.android.gms.beacon
I/Auth    ( 1775): [AuthManaged,PasswordComplexityHelperImpl] Updating password complexity components state.
I/Auth    ( 1775): [AuthManaged,PasswordComplexityHelperImpl] Disabling com.google.android.gms.auth.managed.admin.DeviceAdminReceiver
I/Auth    ( 1775): [AuthManaged,PasswordComplexityHelperImpl] Disabling com.google.android.gms.auth.managed.ui.SetNewPasswordActivity
I/ChromeSync( 2068): [Sync,SyncIntentOperation] Handling the intent: Intent { act=com.google.android.gms.phenotype.COMMITTED flg=0x10 pkg=com.google.android.gms cmp=com.google.android.gms/.chimera.GmsIntentOperationService (has extras) }.
I/PTCommittedOperation( 1775): Receive new configuration for com.google.android.gms.auth_account
I/MdiSyncModule( 2068): flag handling is skipping irrelevant intent.
W/ModuleInitIntentOp( 2068): Dropping unexpected action com.google.android.gms.phenotype.COMMITTED
I/Auth    ( 1775): [AuthManaged,PasswordComplexityHelperImpl] Updating password complexity components state.
I/Auth    ( 1775): [AuthManaged,PasswordComplexityHelperImpl] Disabling com.google.android.gms.auth.managed.admin.DeviceAdminReceiver
I/Auth    ( 1775): [AuthManaged,PasswordComplexityHelperImpl] Disabling com.google.android.gms.auth.managed.ui.SetNewPasswordActivity
I/ChromeSync( 2068): [Sync,SyncIntentOperation] Handling the intent: Intent { act=com.google.android.gms.phenotype.COMMITTED flg=0x10 pkg=com.google.android.gms cmp=com.google.android.gms/.chimera.GmsIntentOperationService (has extras) }.
I/MdiSyncModule( 2068): flag handling is skipping irrelevant intent.
W/ModuleInitIntentOp( 2068): Dropping unexpected action com.google.android.gms.phenotype.COMMITTED
D/dalvikvm( 1775): GC_FOR_ALLOC freed 2115K, 30% free 9388K/13252K, paused 9ms, total 9ms
I/PTCommittedOperation( 1775): Receive new configuration for com.google.android.gms.family
I/Auth    ( 1775): [AuthManaged,PasswordComplexityHelperImpl] Updating password complexity components state.
I/Auth    ( 1775): [AuthManaged,PasswordComplexityHelperImpl] Disabling com.google.android.gms.auth.managed.admin.DeviceAdminReceiver
I/Auth    ( 1775): [AuthManaged,PasswordComplexityHelperImpl] Disabling com.google.android.gms.auth.managed.ui.SetNewPasswordActivity
I/ChromeSync( 2068): [Sync,SyncIntentOperation] Handling the intent: Intent { act=com.google.android.gms.phenotype.COMMITTED flg=0x10 pkg=com.google.android.gms cmp=com.google.android.gms/.chimera.GmsIntentOperationService (has extras) }.
I/MdiSyncModule( 2068): flag handling is skipping irrelevant intent.
W/ModuleInitIntentOp( 2068): Dropping unexpected action com.google.android.gms.phenotype.COMMITTED
I/PTCommittedOperation( 1775): Receive new configuration for com.google.android.gms.smart_profile
I/Auth    ( 1775): [AuthManaged,PasswordComplexityHelperImpl] Updating password complexity components state.
I/Auth    ( 1775): [AuthManaged,PasswordComplexityHelperImpl] Disabling com.google.android.gms.auth.managed.admin.DeviceAdminReceiver
I/Auth    ( 1775): [AuthManaged,PasswordComplexityHelperImpl] Disabling com.google.android.gms.auth.managed.ui.SetNewPasswordActivity
I/PTCommittedOperation( 1775): Receive new configuration for com.google.android.location
I/ChromeSync( 2068): [Sync,SyncIntentOperation] Handling the intent: Intent { act=com.google.android.gms.phenotype.COMMITTED flg=0x10 pkg=com.google.android.gms cmp=com.google.android.gms/.chimera.GmsIntentOperationService (has extras) }.
I/MdiSyncModule( 2068): flag handling is skipping irrelevant intent.
W/ModuleInitIntentOp( 2068): Dropping unexpected action com.google.android.gms.phenotype.COMMITTED
D/dalvikvm( 1775): GC_FOR_ALLOC freed 1761K, 28% free 9667K/13252K, paused 10ms, total 10ms
I/Auth    ( 1775): [AuthManaged,PasswordComplexityHelperImpl] Updating password complexity components state.
I/Auth    ( 1775): [AuthManaged,PasswordComplexityHelperImpl] Disabling com.google.android.gms.auth.managed.admin.DeviceAdminReceiver
I/ChromeSync( 2068): [Sync,SyncIntentOperation] Handling the intent: Intent { act=com.google.android.gms.phenotype.COMMITTED flg=0x10 pkg=com.google.android.gms cmp=com.google.android.gms/.chimera.GmsIntentOperationService (has extras) }.
I/Auth    ( 1775): [AuthManaged,PasswordComplexityHelperImpl] Disabling com.google.android.gms.auth.managed.ui.SetNewPasswordActivity
I/MdiSyncModule( 2068): flag handling is skipping irrelevant intent.
W/ModuleInitIntentOp( 2068): Dropping unexpected action com.google.android.gms.phenotype.COMMITTED
I/PTCommittedOperation( 1775): Receive new configuration for com.google.android.gms.growth
I/Auth    ( 1775): [AuthManaged,PasswordComplexityHelperImpl] Updating password complexity components state.
I/Auth    ( 1775): [AuthManaged,PasswordComplexityHelperImpl] Disabling com.google.android.gms.auth.managed.admin.DeviceAdminReceiver
I/Auth    ( 1775): [AuthManaged,PasswordComplexityHelperImpl] Disabling com.google.android.gms.auth.managed.ui.SetNewPasswordActivity
I/ChromeSync( 2068): [Sync,SyncIntentOperation] Handling the intent: Intent { act=com.google.android.gms.phenotype.COMMITTED flg=0x10 pkg=com.google.android.gms cmp=com.google.android.gms/.chimera.GmsIntentOperationService (has extras) }.
I/MdiSyncModule( 2068): flag handling is skipping irrelevant intent.
W/ModuleInitIntentOp( 2068): Dropping unexpected action com.google.android.gms.phenotype.COMMITTED
I/PTCommittedOperation( 1775): Receive new configuration for com.google.android.gms.notifications
D/dalvikvm( 1775): GC_FOR_ALLOC freed 2070K, 28% free 9645K/13252K, paused 7ms, total 7ms
D/dalvikvm( 1775): GC_FOR_ALLOC freed 609K, 28% free 9543K/13252K, paused 7ms, total 7ms
I/dalvikvm-heap( 1775): Grow heap (frag case) to 9.682MB for 126004-byte allocation
D/dalvikvm( 1775): GC_FOR_ALLOC freed 82K, 29% free 9584K/13376K, paused 6ms, total 6ms
I/Auth    ( 1775): [AuthManaged,PasswordComplexityHelperImpl] Updating password complexity components state.
I/Auth    ( 1775): [AuthManaged,PasswordComplexityHelperImpl] Disabling com.google.android.gms.auth.managed.admin.DeviceAdminReceiver
I/Auth    ( 1775): [AuthManaged,PasswordComplexityHelperImpl] Disabling com.google.android.gms.auth.managed.ui.SetNewPasswordActivity
I/PTCommittedOperation( 1775): Receive new configuration for com.google.android.gms.nearby
I/ChromeSync( 2068): [Sync,SyncIntentOperation] Handling the intent: Intent { act=com.google.android.gms.phenotype.COMMITTED flg=0x10 pkg=com.google.android.gms cmp=com.google.android.gms/.chimera.GmsIntentOperationService (has extras) }.
