I/Icing   ( 2068): Usage reports ok 0, Failed Usage reports 0, indexed 0, rejected 0
I/Icing   ( 2068): Indexing com.google.android.gms-apps from com.google.android.gms
I/Icing   ( 2068): Indexing done com.google.android.gms-apps
D/dalvikvm( 1568): GC_FOR_ALLOC freed 1264K, 48% free 7844K/14816K, paused 9ms, total 9ms
D/AndroidRuntime( 3085): 
D/AndroidRuntime( 3085): >>>>>> AndroidRuntime START com.android.internal.os.RuntimeInit <<<<<<
W/linker  ( 3085): libdvm.so has text relocations. This is wasting memory and is a security risk. Please fix.
D/AndroidRuntime( 3085): CheckJNI is ON
D/dalvikvm( 3085): Trying to load lib libjavacore.so 0x0
D/dalvikvm( 3085): Added shared lib libjavacore.so 0x0
D/dalvikvm( 3085): Trying to load lib libnativehelper.so 0x0
D/dalvikvm( 3085): Added shared lib libnativehelper.so 0x0
D/dalvikvm( 3085): No JNI_OnLoad found in libnativehelper.so 0x0, skipping init
D/dalvikvm( 3085): Note: class Landroid/app/ActivityManagerNative; has 179 unimplemented (abstract) methods
E/memtrack( 3085): Couldn't load memtrack module (No such file or directory)
E/android.os.Debug( 3085): failed to load memtrack module: -2
D/AndroidRuntime( 3085): Calling main entry com.android.commands.am.Am
I/ActivityManager( 1568): Force stopping com.apozas.contactdiary appid=10058 user=0: start instr
I/ActivityManager( 1568): Start proc com.apozas.contactdiary for added application com.apozas.contactdiary: pid=3096 uid=10058 gids={50058}
I/MultiDex( 3096): VM with version 1.6.0 does not have multidex support
I/MultiDex( 3096): Installing application
I/MultiDex( 3096): MultiDexExtractor(/data/app/com.apozas.contactdiary-1.apk, /data/data/com.apozas.contactdiary/code_cache/secondary-dexes)
I/MultiDex( 3096): Blocking on lock /data/data/com.apozas.contactdiary/code_cache/secondary-dexes/MultiDex.lock
I/MultiDex( 3096): /data/data/com.apozas.contactdiary/code_cache/secondary-dexes/MultiDex.lock locked
I/MultiDex( 3096): MultiDexExtractor.load(/data/app/com.apozas.contactdiary-1.apk, false, )
I/MultiDex( 3096): Detected that extraction must be performed.
D/dalvikvm( 3096): GC_CONCURRENT freed 159K, 10% free 3264K/3612K, paused 0ms+2ms, total 4ms
I/MultiDex( 3096): load found 0 secondary dex files
I/MultiDex( 3096): install done
I/TestRunner( 3096): started: testApplication(it.unina.android.ripper.RipperTestCase)
V/AndroidRipperService( 3008): onBind()
V/AndroidRipperService( 3008): onBind()
V/AndroidRipperService( 3008): register()
D/gralloc_ranchu( 1144): gralloc_alloc: Creating ashmem region of size 1323008
I/ActivityManager( 1568): START u0 {act=android.intent.action.MAIN flg=0x10000000 cmp=com.apozas.contactdiary/.MainActivity} from pid 3096
D/        ( 1568): HostConnection::get() New Host Connection established 0xb85e1c10, tid 1868
D/dalvikvm( 1568): GC_FOR_ALLOC freed 160K, 43% free 8471K/14816K, paused 12ms, total 12ms
I/dalvikvm( 3096): Could not find method android.content.Context.getSystemService, referenced from method androidx.appcompat.app.AppCompatDelegateImpl.mapNightMode
W/dalvikvm( 3096): VFY: unable to resolve virtual method 591: Landroid/content/Context;.getSystemService (Ljava/lang/Class;)Ljava/lang/Object;
D/dalvikvm( 3096): VFY: replacing opcode 0x6e at 0x002f
D/gralloc_ranchu( 1144): gralloc_alloc: Creating ashmem region of size 7753728
I/dalvikvm( 3096): Could not find method android.view.View.setAccessibilityHeading, referenced from method androidx.preference.PreferenceCategory.onBindViewHolder
W/dalvikvm( 3096): VFY: unable to resolve virtual method 2613: Landroid/view/View;.setAccessibilityHeading (Z)V
D/dalvikvm( 3096): VFY: replacing opcode 0x6e at 0x000c
I/dalvikvm( 3096): Could not find method android.view.Window$Callback.onPointerCaptureChanged, referenced from method androidx.appcompat.view.WindowCallbackWrapper.onPointerCaptureChanged
W/dalvikvm( 3096): VFY: unable to resolve interface method 2941: Landroid/view/Window$Callback;.onPointerCaptureChanged (Z)V
D/dalvikvm( 3096): VFY: replacing opcode 0x72 at 0x0002
I/dalvikvm( 3096): Could not find method android.view.Window$Callback.onProvideKeyboardShortcuts, referenced from method androidx.appcompat.view.WindowCallbackWrapper.onProvideKeyboardShortcuts
W/dalvikvm( 3096): VFY: unable to resolve interface method 2943: Landroid/view/Window$Callback;.onProvideKeyboardShortcuts (Ljava/util/List;Landroid/view/Menu;I)V
D/dalvikvm( 3096): VFY: replacing opcode 0x72 at 0x0002
W/dalvikvm( 3096): VFY: unable to find class referenced in signature (Landroid/view/SearchEvent;)
I/dalvikvm( 3096): Could not find method android.view.Window$Callback.onSearchRequested, referenced from method androidx.appcompat.view.WindowCallbackWrapper.onSearchRequested
W/dalvikvm( 3096): VFY: unable to resolve interface method 2945: Landroid/view/Window$Callback;.onSearchRequested (Landroid/view/SearchEvent;)Z
D/dalvikvm( 3096): VFY: replacing opcode 0x72 at 0x0002
I/dalvikvm( 3096): Could not find method android.view.Window$Callback.onWindowStartingActionMode, referenced from method androidx.appcompat.view.WindowCallbackWrapper.onWindowStartingActionMode
W/dalvikvm( 3096): VFY: unable to resolve interface method 2949: Landroid/view/Window$Callback;.onWindowStartingActionMode (Landroid/view/ActionMode$Callback;I)Landroid/view/ActionMode;
D/dalvikvm( 3096): VFY: replacing opcode 0x72 at 0x0002
I/dalvikvm( 3096): Could not find method android.content.res.TypedArray.getChangingConfigurations, referenced from method androidx.appcompat.widget.TintTypedArray.getChangingConfigurations
W/dalvikvm( 3096): VFY: unable to resolve virtual method 843: Landroid/content/res/TypedArray;.getChangingConfigurations ()I
D/dalvikvm( 3096): VFY: replacing opcode 0x6e at 0x0002
I/dalvikvm( 3096): Could not find method android.content.res.TypedArray.getType, referenced from method androidx.appcompat.widget.TintTypedArray.getType
W/dalvikvm( 3096): VFY: unable to resolve virtual method 866: Landroid/content/res/TypedArray;.getType (I)I
D/dalvikvm( 3096): VFY: replacing opcode 0x6e at 0x0008
I/dalvikvm( 3096): Could not find method android.content.Context.createDeviceProtectedStorageContext, referenced from method androidx.core.content.ContextCompat.createDeviceProtectedStorageContext
W/dalvikvm( 3096): VFY: unable to resolve virtual method 561: Landroid/content/Context;.createDeviceProtectedStorageContext ()Landroid/content/Context;
D/dalvikvm( 3096): VFY: replacing opcode 0x6e at 0x0006
I/dalvikvm( 3096): Could not find method android.content.Context.getCodeCacheDir, referenced from method androidx.core.content.ContextCompat.getCodeCacheDir
W/dalvikvm( 3096): VFY: unable to resolve virtual method 568: Landroid/content/Context;.getCodeCacheDir ()Ljava/io/File;
D/dalvikvm( 3096): VFY: replacing opcode 0x6e at 0x0006
I/dalvikvm( 3096): Could not find method android.content.Context.getColor, referenced from method androidx.core.content.ContextCompat.getColor
W/dalvikvm( 3096): VFY: unable to resolve virtual method 569: Landroid/content/Context;.getColor (I)I
D/dalvikvm( 3096): VFY: replacing opcode 0x6e at 0x0006
I/dalvikvm( 3096): Could not find method android.content.Context.getColorStateList, referenced from method androidx.core.content.ContextCompat.getColorStateList
W/dalvikvm( 3096): VFY: unable to resolve virtual method 570: Landroid/content/Context;.getColorStateList (I)Landroid/content/res/ColorStateList;
D/dalvikvm( 3096): VFY: replacing opcode 0x6e at 0x0006
I/dalvikvm( 3096): Could not find method android.content.Context.getDataDir, referenced from method androidx.core.content.ContextCompat.getDataDir
W/dalvikvm( 3096): VFY: unable to resolve virtual method 572: Landroid/content/Context;.getDataDir ()Ljava/io/File;
D/dalvikvm( 3096): VFY: replacing opcode 0x6e at 0x0006
I/dalvikvm( 3096): Could not find method android.content.Context.getDrawable, referenced from method androidx.core.content.ContextCompat.getDrawable
W/dalvikvm( 3096): VFY: unable to resolve virtual method 573: Landroid/content/Context;.getDrawable (I)Landroid/graphics/drawable/Drawable;
D/dalvikvm( 3096): VFY: replacing opcode 0x6e at 0x0006
I/dalvikvm( 3096): Could not find method android.content.Context.getMainExecutor, referenced from method androidx.core.content.ContextCompat.getMainExecutor
W/dalvikvm( 3096): VFY: unable to resolve virtual method 580: Landroid/content/Context;.getMainExecutor ()Ljava/util/concurrent/Executor;
D/dalvikvm( 3096): VFY: replacing opcode 0x6e at 0x0006
I/dalvikvm( 3096): Could not find method android.content.Context.getNoBackupFilesDir, referenced from method androidx.core.content.ContextCompat.getNoBackupFilesDir
W/dalvikvm( 3096): VFY: unable to resolve virtual method 582: Landroid/content/Context;.getNoBackupFilesDir ()Ljava/io/File;
D/dalvikvm( 3096): VFY: replacing opcode 0x6e at 0x0006
I/dalvikvm( 3096): Could not find method android.content.Context.getSystemService, referenced from method androidx.core.content.ContextCompat.getSystemService
W/dalvikvm( 3096): VFY: unable to resolve virtual method 591: Landroid/content/Context;.getSystemService (Ljava/lang/Class;)Ljava/lang/Object;
D/dalvikvm( 3096): VFY: replacing opcode 0x6e at 0x0006
I/dalvikvm( 3096): Could not find method android.content.Context.getSystemServiceName, referenced from method androidx.core.content.ContextCompat.getSystemServiceName
W/dalvikvm( 3096): VFY: unable to resolve virtual method 593: Landroid/content/Context;.getSystemServiceName (Ljava/lang/Class;)Ljava/lang/String;
D/dalvikvm( 3096): VFY: replacing opcode 0x6e at 0x0006
I/dalvikvm( 3096): Could not find method android.content.Context.isDeviceProtectedStorage, referenced from method androidx.core.content.ContextCompat.isDeviceProtectedStorage
W/dalvikvm( 3096): VFY: unable to resolve virtual method 596: Landroid/content/Context;.isDeviceProtectedStorage ()Z
D/dalvikvm( 3096): VFY: replacing opcode 0x6e at 0x0006
I/dalvikvm( 3096): Could not find method android.content.Context.startForegroundService, referenced from method androidx.core.content.ContextCompat.startForegroundService
W/dalvikvm( 3096): VFY: unable to resolve virtual method 612: Landroid/content/Context;.startForegroundService (Landroid/content/Intent;)Landroid/content/ComponentName;
D/dalvikvm( 3096): VFY: replacing opcode 0x6e at 0x0006
D/dalvikvm( 3096): GC_CONCURRENT freed 251K, 12% free 3448K/3888K, paused 2ms+1ms, total 9ms
I/dalvikvm( 3096): Could not find method android.app.Activity.registerActivityLifecycleCallbacks, referenced from method androidx.lifecycle.ReportFragment.injectIfNeededIn
W/dalvikvm( 3096): VFY: unable to resolve virtual method 179: Landroid/app/Activity;.registerActivityLifecycleCallbacks (Landroid/app/Application$ActivityLifecycleCallbacks;)V
D/dalvikvm( 3096): VFY: replacing opcode 0x6e at 0x000b
I/dalvikvm( 3096): Could not find method android.view.View.addKeyboardNavigationClusters, referenced from method androidx.core.view.ViewCompat.addKeyboardNavigationClusters
W/dalvikvm( 3096): VFY: unable to resolve virtual method 2401: Landroid/view/View;.addKeyboardNavigationClusters (Ljava/util/Collection;I)V
D/dalvikvm( 3096): VFY: replacing opcode 0x6e at 0x0006
I/dalvikvm( 3096): Failed resolving Landroidx/core/view/ViewCompat$2; interface 497 'Landroid/view/View$OnUnhandledKeyEventListener;'
W/dalvikvm( 3096): Link of class 'Landroidx/core/view/ViewCompat$2;' failed
E/dalvikvm( 3096): Could not find class 'androidx.core.view.ViewCompat$2', referenced from method androidx.core.view.ViewCompat.addOnUnhandledKeyEventListener
W/dalvikvm( 3096): VFY: unable to resolve new-instance 1929 (Landroidx/core/view/ViewCompat$2;) in Landroidx/core/view/ViewCompat;
D/dalvikvm( 3096): VFY: replacing opcode 0x22 at 0x001a
I/dalvikvm( 3096): Could not find method android.view.View.cancelDragAndDrop, referenced from method androidx.core.view.ViewCompat.cancelDragAndDrop
W/dalvikvm( 3096): VFY: unable to resolve virtual method 2410: Landroid/view/View;.cancelDragAndDrop ()V
D/dalvikvm( 3096): VFY: replacing opcode 0x6e at 0x0006
W/dalvikvm( 3096): VFY: unable to find class referenced in signature (Landroid/view/WindowInsets;)
I/dalvikvm( 3096): Could not find method android.view.View.dispatchApplyWindowInsets, referenced from method androidx.core.view.ViewCompat.dispatchApplyWindowInsets
W/dalvikvm( 3096): VFY: unable to resolve virtual method 2419: Landroid/view/View;.dispatchApplyWindowInsets (Landroid/view/WindowInsets;)Landroid/view/WindowInsets;
D/dalvikvm( 3096): VFY: replacing opcode 0x6e at 0x000c
I/dalvikvm( 3096): Could not find method android.view.View.dispatchNestedFling, referenced from method androidx.core.view.ViewCompat.dispatchNestedFling
W/dalvikvm( 3096): VFY: unable to resolve virtual method 2425: Landroid/view/View;.dispatchNestedFling (FFZ)Z
D/dalvikvm( 3096): VFY: replacing opcode 0x6e at 0x0006
I/dalvikvm( 3096): Could not find method android.view.View.dispatchNestedPreFling, referenced from method androidx.core.view.ViewCompat.dispatchNestedPreFling
W/dalvikvm( 3096): VFY: unable to resolve virtual method 2426: Landroid/view/View;.dispatchNestedPreFling (FF)Z
D/dalvikvm( 3096): VFY: replacing opcode 0x6e at 0x0006
I/dalvikvm( 3096): Could not find method android.view.View.dispatchNestedPreScroll, referenced from method androidx.core.view.ViewCompat.dispatchNestedPreScroll
W/dalvikvm( 3096): VFY: unable to resolve virtual method 2427: Landroid/view/View;.dispatchNestedPreScroll (II[I[I)Z
D/dalvikvm( 3096): VFY: replacing opcode 0x6e at 0x0006
I/dalvikvm( 3096): Could not find method android.view.View.dispatchNestedScroll, referenced from method androidx.core.view.ViewCompat.dispatchNestedScroll
W/dalvikvm( 3096): VFY: unable to resolve virtual method 2428: Landroid/view/View;.dispatchNestedScroll (IIII[I)Z
D/dalvikvm( 3096): VFY: replacing opcode 0x74 at 0x0006
I/dalvikvm( 3096): Could not find method android.view.View.getBackgroundTintList, referenced from method androidx.core.view.ViewCompat.getBackgroundTintList
W/dalvikvm( 3096): VFY: unable to resolve virtual method 2447: Landroid/view/View;.getBackgroundTintList ()Landroid/content/res/ColorStateList;
D/dalvikvm( 3096): VFY: replacing opcode 0x6e at 0x0006
I/dalvikvm( 3096): Could not find method android.view.View.getBackgroundTintMode, referenced from method androidx.core.view.ViewCompat.getBackgroundTintMode
W/dalvikvm( 3096): VFY: unable to resolve virtual method 2448: Landroid/view/View;.getBackgroundTintMode ()Landroid/graphics/PorterDuff$Mode;
D/dalvikvm( 3096): VFY: replacing opcode 0x6e at 0x0006
I/dalvikvm( 3096): Could not find method android.view.View.getElevation, referenced from method androidx.core.view.ViewCompat.getElevation
W/dalvikvm( 3096): VFY: unable to resolve virtual method 2457: Landroid/view/View;.getElevation ()F
D/dalvikvm( 3096): VFY: replacing opcode 0x6e at 0x0006
I/dalvikvm( 3096): Could not find method android.view.View.getImportantForAutofill, referenced from method androidx.core.view.ViewCompat.getImportantForAutofill
W/dalvikvm( 3096): VFY: unable to resolve virtual method 2464: Landroid/view/View;.getImportantForAutofill ()I
D/dalvikvm( 3096): VFY: replacing opcode 0x6e at 0x0006
I/dalvikvm( 3096): Could not find method android.view.View.getNextClusterForwardId, referenced from method androidx.core.view.ViewCompat.getNextClusterForwardId
W/dalvikvm( 3096): VFY: unable to resolve virtual method 2482: Landroid/view/View;.getNextClusterForwardId ()I
D/dalvikvm( 3096): VFY: replacing opcode 0x6e at 0x0006
W/dalvikvm( 3096): VFY: unable to find class referenced in signature (Landroid/view/WindowInsets;)
W/dalvikvm( 3096): VFY: unable to find class referenced in signature (Landroid/view/WindowInsets;)
I/dalvikvm( 3096): Could not find method android.view.View.getScrollIndicators, referenced from method androidx.core.view.ViewCompat.getScrollIndicators
W/dalvikvm( 3096): VFY: unable to resolve virtual method 2504: Landroid/view/View;.getScrollIndicators ()I
D/dalvikvm( 3096): VFY: replacing opcode 0x6e at 0x0006
I/dalvikvm( 3096): Could not find method android.view.View.getSystemGestureExclusionRects, referenced from method androidx.core.view.ViewCompat.getSystemGestureExclusionRects
W/dalvikvm( 3096): VFY: unable to resolve virtual method 2507: Landroid/view/View;.getSystemGestureExclusionRects ()Ljava/util/List;
D/dalvikvm( 3096): VFY: replacing opcode 0x6e at 0x0006
I/dalvikvm( 3096): Could not find method android.view.View.getTransitionName, referenced from method androidx.core.view.ViewCompat.getTransitionName
W/dalvikvm( 3096): VFY: unable to resolve virtual method 2512: Landroid/view/View;.getTransitionName ()Ljava/lang/String;
D/dalvikvm( 3096): VFY: replacing opcode 0x6e at 0x0006
I/dalvikvm( 3096): Could not find method android.view.View.getTranslationZ, referenced from method androidx.core.view.ViewCompat.getTranslationZ
W/dalvikvm( 3096): VFY: unable to resolve virtual method 2515: Landroid/view/View;.getTranslationZ ()F
D/dalvikvm( 3096): VFY: replacing opcode 0x6e at 0x0006
I/dalvikvm( 3096): Could not find method android.view.View.getZ, referenced from method androidx.core.view.ViewCompat.getZ
W/dalvikvm( 3096): VFY: unable to resolve virtual method 2526: Landroid/view/View;.getZ ()F
D/dalvikvm( 3096): VFY: replacing opcode 0x6e at 0x0006
I/dalvikvm( 3096): Could not find method android.view.View.hasExplicitFocusable, referenced from method androidx.core.view.ViewCompat.hasExplicitFocusable
W/dalvikvm( 3096): VFY: unable to resolve virtual method 2527: Landroid/view/View;.hasExplicitFocusable ()Z
D/dalvikvm( 3096): VFY: replacing opcode 0x6e at 0x0006
I/dalvikvm( 3096): Could not find method android.view.View.hasNestedScrollingParent, referenced from method androidx.core.view.ViewCompat.hasNestedScrollingParent
W/dalvikvm( 3096): VFY: unable to resolve virtual method 2530: Landroid/view/View;.hasNestedScrollingParent ()Z
D/dalvikvm( 3096): VFY: replacing opcode 0x6e at 0x0006
I/dalvikvm( 3096): Could not find method android.view.View.isFocusedByDefault, referenced from method androidx.core.view.ViewCompat.isFocusedByDefault
W/dalvikvm( 3096): VFY: unable to resolve virtual method 2542: Landroid/view/View;.isFocusedByDefault ()Z
D/dalvikvm( 3096): VFY: replacing opcode 0x6e at 0x0006
I/dalvikvm( 3096): Could not find method android.view.View.isImportantForAutofill, referenced from method androidx.core.view.ViewCompat.isImportantForAutofill
W/dalvikvm( 3096): VFY: unable to resolve virtual method 2544: Landroid/view/View;.isImportantForAutofill ()Z
D/dalvikvm( 3096): VFY: replacing opcode 0x6e at 0x0006
I/dalvikvm( 3096): Could not find method android.view.View.isKeyboardNavigationCluster, referenced from method androidx.core.view.ViewCompat.isKeyboardNavigationCluster
W/dalvikvm( 3096): VFY: unable to resolve virtual method 2547: Landroid/view/View;.isKeyboardNavigationCluster ()Z
D/dalvikvm( 3096): VFY: replacing opcode 0x6e at 0x0006
I/dalvikvm( 3096): Could not find method android.view.View.isNestedScrollingEnabled, referenced from method androidx.core.view.ViewCompat.isNestedScrollingEnabled
W/dalvikvm( 3096): VFY: unable to resolve virtual method 2552: Landroid/view/View;.isNestedScrollingEnabled ()Z
D/dalvikvm( 3096): VFY: replacing opcode 0x6e at 0x0006
I/dalvikvm( 3096): Could not find method android.view.View.keyboardNavigationClusterSearch, referenced from method androidx.core.view.ViewCompat.keyboardNavigationClusterSearch
W/dalvikvm( 3096): VFY: unable to resolve virtual method 2560: Landroid/view/View;.keyboardNavigationClusterSearch (Landroid/view/View;I)Landroid/view/View;
D/dalvikvm( 3096): VFY: replacing opcode 0x6e at 0x0006
W/dalvikvm( 3096): VFY: unable to find class referenced in signature (Landroid/view/WindowInsets;)
I/dalvikvm( 3096): Could not find method android.view.View.onApplyWindowInsets, referenced from method androidx.core.view.ViewCompat.onApplyWindowInsets
W/dalvikvm( 3096): VFY: unable to resolve virtual method 2565: Landroid/view/View;.onApplyWindowInsets (Landroid/view/WindowInsets;)Landroid/view/WindowInsets;
D/dalvikvm( 3096): VFY: replacing opcode 0x6e at 0x000c
E/dalvikvm( 3096): Could not find class 'android.view.View$OnUnhandledKeyEventListener', referenced from method androidx.core.view.ViewCompat.removeOnUnhandledKeyEventListener
W/dalvikvm( 3096): VFY: unable to resolve check-cast 497 (Landroid/view/View$OnUnhandledKeyEventListener;) in Landroidx/core/view/ViewCompat;
D/dalvikvm( 3096): VFY: replacing opcode 0x1f at 0x0015
I/dalvikvm( 3096): Could not find method android.view.View.requestApplyInsets, referenced from method androidx.core.view.ViewCompat.requestApplyInsets
W/dalvikvm( 3096): VFY: unable to resolve virtual method 2598: Landroid/view/View;.requestApplyInsets ()V
D/dalvikvm( 3096): VFY: replacing opcode 0x6e at 0x0006
I/dalvikvm( 3096): Could not find method android.view.View.requireViewById, referenced from method androidx.core.view.ViewCompat.requireViewById
W/dalvikvm( 3096): VFY: unable to resolve virtual method 2604: Landroid/view/View;.requireViewById (I)Landroid/view/View;
D/dalvikvm( 3096): VFY: replacing opcode 0x6e at 0x0006
I/dalvikvm( 3096): Could not find method android.view.View.restoreDefaultFocus, referenced from method androidx.core.view.ViewCompat.restoreDefaultFocus
W/dalvikvm( 3096): VFY: unable to resolve virtual method 2606: Landroid/view/View;.restoreDefaultFocus ()Z
D/dalvikvm( 3096): VFY: replacing opcode 0x6e at 0x0006
I/dalvikvm( 3096): Could not find method android.view.View.setAutofillHints, referenced from method androidx.core.view.ViewCompat.setAutofillHints
W/dalvikvm( 3096): VFY: unable to resolve virtual method 2619: Landroid/view/View;.setAutofillHints ([Ljava/lang/String;)V
D/dalvikvm( 3096): VFY: replacing opcode 0x6e at 0x0006
I/dalvikvm( 3096): Could not find method android.view.View.setBackgroundTintList, referenced from method androidx.core.view.ViewCompat.setBackgroundTintList
W/dalvikvm( 3096): VFY: unable to resolve virtual method 2623: Landroid/view/View;.setBackgroundTintList (Landroid/content/res/ColorStateList;)V
D/dalvikvm( 3096): VFY: replacing opcode 0x6e at 0x0006
I/dalvikvm( 3096): Could not find method android.view.View.setBackgroundTintMode, referenced from method androidx.core.view.ViewCompat.setBackgroundTintMode
W/dalvikvm( 3096): VFY: unable to resolve virtual method 2624: Landroid/view/View;.setBackgroundTintMode (Landroid/graphics/PorterDuff$Mode;)V
D/dalvikvm( 3096): VFY: replacing opcode 0x6e at 0x0006
I/dalvikvm( 3096): Could not find method android.view.View.setElevation, referenced from method androidx.core.view.ViewCompat.setElevation
W/dalvikvm( 3096): VFY: unable to resolve virtual method 2628: Landroid/view/View;.setElevation (F)V
D/dalvikvm( 3096): VFY: replacing opcode 0x6e at 0x0006
I/dalvikvm( 3096): Could not find method android.view.View.setFocusedByDefault, referenced from method androidx.core.view.ViewCompat.setFocusedByDefault
W/dalvikvm( 3096): VFY: unable to resolve virtual method 2632: Landroid/view/View;.setFocusedByDefault (Z)V
D/dalvikvm( 3096): VFY: replacing opcode 0x6e at 0x0006
I/dalvikvm( 3096): Could not find method android.view.View.setImportantForAutofill, referenced from method androidx.core.view.ViewCompat.setImportantForAutofill
W/dalvikvm( 3096): VFY: unable to resolve virtual method 2636: Landroid/view/View;.setImportantForAutofill (I)V
D/dalvikvm( 3096): VFY: replacing opcode 0x6e at 0x0006
I/dalvikvm( 3096): Could not find method android.view.View.setKeyboardNavigationCluster, referenced from method androidx.core.view.ViewCompat.setKeyboardNavigationCluster
W/dalvikvm( 3096): VFY: unable to resolve virtual method 2637: Landroid/view/View;.setKeyboardNavigationCluster (Z)V
D/dalvikvm( 3096): VFY: replacing opcode 0x6e at 0x0006
I/dalvikvm( 3096): Could not find method android.view.View.setNestedScrollingEnabled, referenced from method androidx.core.view.ViewCompat.setNestedScrollingEnabled
W/dalvikvm( 3096): VFY: unable to resolve virtual method 2647: Landroid/view/View;.setNestedScrollingEnabled (Z)V
D/dalvikvm( 3096): VFY: replacing opcode 0x6e at 0x0006
I/dalvikvm( 3096): Could not find method android.view.View.setNextClusterForwardId, referenced from method androidx.core.view.ViewCompat.setNextClusterForwardId
W/dalvikvm( 3096): VFY: unable to resolve virtual method 2648: Landroid/view/View;.setNextClusterForwardId (I)V
D/dalvikvm( 3096): VFY: replacing opcode 0x6e at 0x0006
I/dalvikvm( 3096): Could not find method android.view.View.setOnApplyWindowInsetsListener, referenced from method androidx.core.view.ViewCompat.setOnApplyWindowInsetsListener
W/dalvikvm( 3096): VFY: unable to resolve virtual method 2649: Landroid/view/View;.setOnApplyWindowInsetsListener (Landroid/view/View$OnApplyWindowInsetsListener;)V
D/dalvikvm( 3096): VFY: replacing opcode 0x6e at 0x0009
I/dalvikvm( 3096): Failed resolving Landroidx/core/view/ViewCompat$1; interface 487 'Landroid/view/View$OnApplyWindowInsetsListener;'
W/dalvikvm( 3096): Link of class 'Landroidx/core/view/ViewCompat$1;' failed
E/dalvikvm( 3096): Could not find class 'androidx.core.view.ViewCompat$1', referenced from method androidx.core.view.ViewCompat.setOnApplyWindowInsetsListener
W/dalvikvm( 3096): VFY: unable to resolve new-instance 1928 (Landroidx/core/view/ViewCompat$1;) in Landroidx/core/view/ViewCompat;
D/dalvikvm( 3096): VFY: replacing opcode 0x22 at 0x000d
I/dalvikvm( 3096): Could not find method android.view.View.setPointerIcon, referenced from method androidx.core.view.ViewCompat.setPointerIcon
W/dalvikvm( 3096): VFY: unable to resolve virtual method 2662: Landroid/view/View;.setPointerIcon (Landroid/view/PointerIcon;)V
D/dalvikvm( 3096): VFY: replacing opcode 0x6e at 0x0010
I/dalvikvm( 3096): Could not find method android.view.View.setScrollIndicators, referenced from method androidx.core.view.ViewCompat.setScrollIndicators
W/dalvikvm( 3096): VFY: unable to resolve virtual method 2671: Landroid/view/View;.setScrollIndicators (I)V
D/dalvikvm( 3096): VFY: replacing opcode 0x6e at 0x0006
I/dalvikvm( 3096): Could not find method android.view.View.setScrollIndicators, referenced from method androidx.core.view.ViewCompat.setScrollIndicators
W/dalvikvm( 3096): VFY: unable to resolve virtual method 2672: Landroid/view/View;.setScrollIndicators (II)V
D/dalvikvm( 3096): VFY: replacing opcode 0x6e at 0x0006
D/EGL_emulation( 1923): eglMakeCurrent: 0xb84d2df0: ver 3 0
I/dalvikvm( 3096): Could not find method android.view.View.setSystemGestureExclusionRects, referenced from method androidx.core.view.ViewCompat.setSystemGestureExclusionRects
W/dalvikvm( 3096): VFY: unable to resolve virtual method 2677: Landroid/view/View;.setSystemGestureExclusionRects (Ljava/util/List;)V
D/dalvikvm( 3096): VFY: replacing opcode 0x6e at 0x0006
I/dalvikvm( 3096): Could not find method android.view.View.setTooltipText, referenced from method androidx.core.view.ViewCompat.setTooltipText
W/dalvikvm( 3096): VFY: unable to resolve virtual method 2680: Landroid/view/View;.setTooltipText (Ljava/lang/CharSequence;)V
D/dalvikvm( 3096): VFY: replacing opcode 0x6e at 0x0006
I/dalvikvm( 3096): Could not find method android.view.View.setTransitionName, referenced from method androidx.core.view.ViewCompat.setTransitionName
W/dalvikvm( 3096): VFY: unable to resolve virtual method 2682: Landroid/view/View;.setTransitionName (Ljava/lang/String;)V
D/dalvikvm( 3096): VFY: replacing opcode 0x6e at 0x0006
I/dalvikvm( 3096): Could not find method android.view.View.setTranslationZ, referenced from method androidx.core.view.ViewCompat.setTranslationZ
W/dalvikvm( 3096): VFY: unable to resolve virtual method 2686: Landroid/view/View;.setTranslationZ (F)V
D/dalvikvm( 3096): VFY: replacing opcode 0x6e at 0x0006
I/dalvikvm( 3096): Could not find method android.view.View.setZ, referenced from method androidx.core.view.ViewCompat.setZ
W/dalvikvm( 3096): VFY: unable to resolve virtual method 2691: Landroid/view/View;.setZ (F)V
D/dalvikvm( 3096): VFY: replacing opcode 0x6e at 0x0006
I/dalvikvm( 3096): Could not find method android.view.View.startDragAndDrop, referenced from method androidx.core.view.ViewCompat.startDragAndDrop
W/dalvikvm( 3096): VFY: unable to resolve virtual method 2694: Landroid/view/View;.startDragAndDrop (Landroid/content/ClipData;Landroid/view/View$DragShadowBuilder;Ljava/lang/Object;I)Z
D/dalvikvm( 3096): VFY: replacing opcode 0x6e at 0x0006
I/dalvikvm( 3096): Could not find method android.view.View.startNestedScroll, referenced from method androidx.core.view.ViewCompat.startNestedScroll
W/dalvikvm( 3096): VFY: unable to resolve virtual method 2695: Landroid/view/View;.startNestedScroll (I)Z
D/dalvikvm( 3096): VFY: replacing opcode 0x6e at 0x0006
I/dalvikvm( 3096): Could not find method android.view.View.stopNestedScroll, referenced from method androidx.core.view.ViewCompat.stopNestedScroll
W/dalvikvm( 3096): VFY: unable to resolve virtual method 2696: Landroid/view/View;.stopNestedScroll ()V
D/dalvikvm( 3096): VFY: replacing opcode 0x6e at 0x0006
I/dalvikvm( 3096): Could not find method android.view.View.updateDragShadow, referenced from method androidx.core.view.ViewCompat.updateDragShadow
W/dalvikvm( 3096): VFY: unable to resolve virtual method 2699: Landroid/view/View;.updateDragShadow (Landroid/view/View$DragShadowBuilder;)V
D/dalvikvm( 3096): VFY: replacing opcode 0x6e at 0x0006
I/dalvikvm( 3096): Failed resolving Landroidx/core/view/ViewCompat$2; interface 497 'Landroid/view/View$OnUnhandledKeyEventListener;'
W/dalvikvm( 3096): Link of class 'Landroidx/core/view/ViewCompat$2;' failed
D/dalvikvm( 3096): DexOpt: unable to opt direct call 0x3d61 at 0x1c in Landroidx/core/view/ViewCompat;.addOnUnhandledKeyEventListener
I/dalvikvm( 3096): Failed resolving Landroidx/core/view/ViewCompat$1; interface 487 'Landroid/view/View$OnApplyWindowInsetsListener;'
W/dalvikvm( 3096): Link of class 'Landroidx/core/view/ViewCompat$1;' failed
D/dalvikvm( 3096): DexOpt: unable to opt direct call 0x3d5f at 0x0f in Landroidx/core/view/ViewCompat;.setOnApplyWindowInsetsListener
I/dalvikvm( 3096): Could not find method androidx.coordinatorlayout.widget.CoordinatorLayout.saveAttributeDataForStyleable, referenced from method androidx.coordinatorlayout.widget.CoordinatorLayout.<init>
W/dalvikvm( 3096): VFY: unable to resolve virtual method 12816: Landroidx/coordinatorlayout/widget/CoordinatorLayout;.saveAttributeDataForStyleable (Landroid/content/Context;[ILandroid/util/AttributeSet;Landroid/content/res/TypedArray;II)V
D/dalvikvm( 3096): VFY: replacing opcode 0x74 at 0x0052
I/dalvikvm( 3096): Could not find method androidx.coordinatorlayout.widget.CoordinatorLayout.saveAttributeDataForStyleable, referenced from method androidx.coordinatorlayout.widget.CoordinatorLayout.<init>
W/dalvikvm( 3096): VFY: unable to resolve virtual method 12816: Landroidx/coordinatorlayout/widget/CoordinatorLayout;.saveAttributeDataForStyleable (Landroid/content/Context;[ILandroid/util/AttributeSet;Landroid/content/res/TypedArray;II)V
D/dalvikvm( 3096): VFY: replacing opcode 0x74 at 0x005e
I/dalvikvm( 3096): Could not find method com.google.android.material.appbar.AppBarLayout.setKeyboardNavigationCluster, referenced from method com.google.android.material.appbar.AppBarLayout.<init>
W/dalvikvm( 3096): VFY: unable to resolve virtual method 26297: Lcom/google/android/material/appbar/AppBarLayout;.setKeyboardNavigationCluster (Z)V
D/dalvikvm( 3096): VFY: replacing opcode 0x6e at 0x009a
I/dalvikvm( 3096): Could not find method com.google.android.material.appbar.AppBarLayout.setTouchscreenBlocksFocus, referenced from method com.google.android.material.appbar.AppBarLayout.<init>
W/dalvikvm( 3096): VFY: unable to resolve virtual method 26310: Lcom/google/android/material/appbar/AppBarLayout;.setTouchscreenBlocksFocus (Z)V
D/dalvikvm( 3096): VFY: replacing opcode 0x6e at 0x00ab
I/dalvikvm( 3096): Could not find method android.widget.LinearLayout.setElevation, referenced from method com.google.android.material.appbar.AppBarLayout.setElevation
W/dalvikvm( 3096): VFY: unable to resolve virtual method 3755: Landroid/widget/LinearLayout;.setElevation (F)V
D/dalvikvm( 3096): VFY: replacing opcode 0x6f at 0x0000
D/dalvikvm( 3096): GC_CONCURRENT freed 504K, 18% free 3351K/4044K, paused 2ms+2ms, total 6ms
W/dalvikvm( 3096): VFY: unable to find class referenced in signature (Landroid/graphics/Outline;)
I/dalvikvm( 3096): Could not find method android.graphics.Outline.setRoundRect, referenced from method com.google.android.material.shape.MaterialShapeDrawable.getOutline
W/dalvikvm( 3096): VFY: unable to resolve virtual method 1092: Landroid/graphics/Outline;.setRoundRect (Landroid/graphics/Rect;F)V
D/dalvikvm( 3096): VFY: replacing opcode 0x6e at 0x001c
I/dalvikvm( 3096): Could not find method android.graphics.Path.isConvex, referenced from method com.google.android.material.shape.MaterialShapeDrawable.getOutline
W/dalvikvm( 3096): VFY: unable to resolve virtual method 1141: Landroid/graphics/Path;.isConvex ()Z
D/dalvikvm( 3096): VFY: replacing opcode 0x6e at 0x002b
I/dalvikvm( 3096): Could not find method android.graphics.Path.isConvex, referenced from method com.google.android.material.shape.MaterialShapeDrawable.requiresCompatShadow
W/dalvikvm( 3096): VFY: unable to resolve virtual method 1141: Landroid/graphics/Path;.isConvex ()Z
D/dalvikvm( 3096): VFY: replacing opcode 0x6e at 0x000e
I/dalvikvm( 3096): Could not find method android.graphics.Color.getModel, referenced from method androidx.core.graphics.ColorUtils.compositeColors
W/dalvikvm( 3096): VFY: unable to resolve virtual method 1030: Landroid/graphics/Color;.getModel ()Landroid/graphics/ColorSpace$Model;
D/dalvikvm( 3096): VFY: replacing opcode 0x6e at 0x0000
I/dalvikvm( 3096): Could not find method android.content.Context.getColorStateList, referenced from method androidx.appcompat.content.res.AppCompatResources.getColorStateList
W/dalvikvm( 3096): VFY: unable to resolve virtual method 570: Landroid/content/Context;.getColorStateList (I)Landroid/content/res/ColorStateList;
D/dalvikvm( 3096): VFY: replacing opcode 0x6e at 0x0006
I/dalvikvm( 3096): Could not find method android.content.res.Resources.getDrawable, referenced from method androidx.appcompat.widget.ResourcesWrapper.getDrawable
W/dalvikvm( 3096): VFY: unable to resolve virtual method 806: Landroid/content/res/Resources;.getDrawable (ILandroid/content/res/Resources$Theme;)Landroid/graphics/drawable/Drawable;
D/dalvikvm( 3096): VFY: replacing opcode 0x6e at 0x0002
I/dalvikvm( 3096): Could not find method android.content.res.Resources.getDrawableForDensity, referenced from method androidx.appcompat.widget.ResourcesWrapper.getDrawableForDensity
W/dalvikvm( 3096): VFY: unable to resolve virtual method 808: Landroid/content/res/Resources;.getDrawableForDensity (IILandroid/content/res/Resources$Theme;)Landroid/graphics/drawable/Drawable;
D/dalvikvm( 3096): VFY: replacing opcode 0x6e at 0x0002
E/dalvikvm( 3096): Could not find class 'android.graphics.drawable.RippleDrawable', referenced from method androidx.appcompat.widget.AppCompatImageHelper.hasOverlappingRendering
W/dalvikvm( 3096): VFY: unable to resolve instanceof 231 (Landroid/graphics/drawable/RippleDrawable;) in Landroidx/appcompat/widget/AppCompatImageHelper;
D/dalvikvm( 3096): VFY: replacing opcode 0x20 at 0x000c
D/dalvikvm( 3096): GC_FOR_ALLOC freed 59K, 17% free 3389K/4044K, paused 3ms, total 3ms
I/dalvikvm-heap( 3096): Grow heap (frag case) to 3.657MB for 175372-byte allocation
D/dalvikvm( 3096): GC_FOR_ALLOC freed <1K, 16% free 3560K/4216K, paused 3ms, total 3ms
D/dalvikvm( 3096): GC_FOR_ALLOC freed 1K, 16% free 3559K/4216K, paused 3ms, total 3ms
I/dalvikvm-heap( 3096): Grow heap (frag case) to 5.505MB for 1939932-byte allocation
D/dalvikvm( 3096): GC_FOR_ALLOC freed <1K, 11% free 5454K/6112K, paused 4ms, total 4ms
D/dalvikvm( 3096): GC_CONCURRENT freed 0K, 11% free 5454K/6112K, paused 2ms+0ms, total 4ms
I/dalvikvm( 3096): Could not find method android.widget.TextView.getAutoSizeMaxTextSize, referenced from method androidx.appcompat.widget.AppCompatTextView.getAutoSizeMaxTextSize
W/dalvikvm( 3096): VFY: unable to resolve virtual method 4035: Landroid/widget/TextView;.getAutoSizeMaxTextSize ()I
D/dalvikvm( 3096): VFY: replacing opcode 0x6f at 0x0004
I/dalvikvm( 3096): Could not find method android.widget.TextView.getAutoSizeMinTextSize, referenced from method androidx.appcompat.widget.AppCompatTextView.getAutoSizeMinTextSize
W/dalvikvm( 3096): VFY: unable to resolve virtual method 4036: Landroid/widget/TextView;.getAutoSizeMinTextSize ()I
D/dalvikvm( 3096): VFY: replacing opcode 0x6f at 0x0004
I/dalvikvm( 3096): Could not find method android.widget.TextView.getAutoSizeStepGranularity, referenced from method androidx.appcompat.widget.AppCompatTextView.getAutoSizeStepGranularity
W/dalvikvm( 3096): VFY: unable to resolve virtual method 4037: Landroid/widget/TextView;.getAutoSizeStepGranularity ()I
D/dalvikvm( 3096): VFY: replacing opcode 0x6f at 0x0004
I/dalvikvm( 3096): Could not find method android.widget.TextView.getAutoSizeTextAvailableSizes, referenced from method androidx.appcompat.widget.AppCompatTextView.getAutoSizeTextAvailableSizes
W/dalvikvm( 3096): VFY: unable to resolve virtual method 4038: Landroid/widget/TextView;.getAutoSizeTextAvailableSizes ()[I
D/dalvikvm( 3096): VFY: replacing opcode 0x6f at 0x0004
I/dalvikvm( 3096): Could not find method android.widget.TextView.getAutoSizeTextType, referenced from method androidx.appcompat.widget.AppCompatTextView.getAutoSizeTextType
W/dalvikvm( 3096): VFY: unable to resolve virtual method 4039: Landroid/widget/TextView;.getAutoSizeTextType ()I
D/dalvikvm( 3096): VFY: replacing opcode 0x6f at 0x0005
I/dalvikvm( 3096): Could not find method android.widget.TextView.getTextClassifier, referenced from method androidx.appcompat.widget.AppCompatTextView.getTextClassifier
W/dalvikvm( 3096): VFY: unable to resolve virtual method 4080: Landroid/widget/TextView;.getTextClassifier ()Landroid/view/textclassifier/TextClassifier;
D/dalvikvm( 3096): VFY: replacing opcode 0x6f at 0x0010
W/dalvikvm( 3096): VFY: unable to find class referenced in signature (Landroid/view/textclassifier/TextClassifier;)
W/dalvikvm( 3096): VFY: unable to find class referenced in signature (Landroid/view/textclassifier/TextClassifier;)
I/dalvikvm( 3096): Could not find method android.widget.TextView.setAutoSizeTextTypeUniformWithConfiguration, referenced from method androidx.appcompat.widget.AppCompatTextView.setAutoSizeTextTypeUniformWithConfiguration
W/dalvikvm( 3096): VFY: unable to resolve virtual method 4107: Landroid/widget/TextView;.setAutoSizeTextTypeUniformWithConfiguration (IIII)V
D/dalvikvm( 3096): VFY: replacing opcode 0x6f at 0x0004
I/dalvikvm( 3096): Could not find method android.widget.TextView.setAutoSizeTextTypeUniformWithPresetSizes, referenced from method androidx.appcompat.widget.AppCompatTextView.setAutoSizeTextTypeUniformWithPresetSizes
W/dalvikvm( 3096): VFY: unable to resolve virtual method 4108: Landroid/widget/TextView;.setAutoSizeTextTypeUniformWithPresetSizes ([II)V
D/dalvikvm( 3096): VFY: replacing opcode 0x6f at 0x0004
I/dalvikvm( 3096): Could not find method android.widget.TextView.setAutoSizeTextTypeWithDefaults, referenced from method androidx.appcompat.widget.AppCompatTextView.setAutoSizeTextTypeWithDefaults
W/dalvikvm( 3096): VFY: unable to resolve virtual method 4109: Landroid/widget/TextView;.setAutoSizeTextTypeWithDefaults (I)V
D/dalvikvm( 3096): VFY: replacing opcode 0x6f at 0x0004
I/dalvikvm( 3096): Could not find method android.widget.TextView.setFirstBaselineToTopHeight, referenced from method androidx.appcompat.widget.AppCompatTextView.setFirstBaselineToTopHeight
W/dalvikvm( 3096): VFY: unable to resolve virtual method 4125: Landroid/widget/TextView;.setFirstBaselineToTopHeight (I)V
D/dalvikvm( 3096): VFY: replacing opcode 0x6f at 0x0006
I/dalvikvm( 3096): Could not find method android.widget.TextView.setLastBaselineToBottomHeight, referenced from method androidx.appcompat.widget.AppCompatTextView.setLastBaselineToBottomHeight
W/dalvikvm( 3096): VFY: unable to resolve virtual method 4132: Landroid/widget/TextView;.setLastBaselineToBottomHeight (I)V
D/dalvikvm( 3096): VFY: replacing opcode 0x6f at 0x0006
W/dalvikvm( 3096): VFY: unable to find class referenced in signature (Landroid/view/textclassifier/TextClassifier;)
I/dalvikvm( 3096): Could not find method android.widget.TextView.setTextClassifier, referenced from method androidx.appcompat.widget.AppCompatTextView.setTextClassifier
W/dalvikvm( 3096): VFY: unable to resolve virtual method 4154: Landroid/widget/TextView;.setTextClassifier (Landroid/view/textclassifier/TextClassifier;)V
D/dalvikvm( 3096): VFY: replacing opcode 0x6f at 0x000f
W/dalvikvm( 3096): VFY: unable to find class referenced in signature (Landroid/view/textclassifier/TextClassifier;)
I/dalvikvm( 3096): Could not find method android.graphics.Typeface.create, referenced from method androidx.appcompat.widget.AppCompatTextHelper.updateTypefaceAndStyle
W/dalvikvm( 3096): VFY: unable to resolve static method 1254: Landroid/graphics/Typeface;.create (Landroid/graphics/Typeface;IZ)Landroid/graphics/Typeface;
D/dalvikvm( 3096): VFY: replacing opcode 0x71 at 0x00a0
I/dalvikvm( 3096): Could not find method android.graphics.Typeface.create, referenced from method androidx.appcompat.widget.AppCompatTextHelper.updateTypefaceAndStyle
W/dalvikvm( 3096): VFY: unable to resolve static method 1254: Landroid/graphics/Typeface;.create (Landroid/graphics/Typeface;IZ)Landroid/graphics/Typeface;
D/dalvikvm( 3096): VFY: replacing opcode 0x71 at 0x00d2
I/dalvikvm( 3096): Could not find method android.widget.TextView.setFontVariationSettings, referenced from method androidx.appcompat.widget.AppCompatTextHelper.loadFromAttributes
W/dalvikvm( 3096): VFY: unable to resolve virtual method 4127: Landroid/widget/TextView;.setFontVariationSettings (Ljava/lang/String;)Z
D/dalvikvm( 3096): VFY: replacing opcode 0x6e at 0x020b
I/dalvikvm( 3096): Could not find method android.os.LocaleList.forLanguageTags, referenced from method androidx.appcompat.widget.AppCompatTextHelper.loadFromAttributes
W/dalvikvm( 3096): VFY: unable to resolve static method 1621: Landroid/os/LocaleList;.forLanguageTags (Ljava/lang/String;)Landroid/os/LocaleList;
D/dalvikvm( 3096): VFY: replacing opcode 0x71 at 0x0218
I/dalvikvm( 3096): Could not find method java.util.Locale.forLanguageTag, referenced from method androidx.appcompat.widget.AppCompatTextHelper.loadFromAttributes
W/dalvikvm( 3096): VFY: unable to resolve static method 34708: Ljava/util/Locale;.forLanguageTag (Ljava/lang/String;)Ljava/util/Locale;
D/dalvikvm( 3096): VFY: replacing opcode 0x71 at 0x0232
I/dalvikvm( 3096): Could not find method android.widget.TextView.getAutoSizeStepGranularity, referenced from method androidx.appcompat.widget.AppCompatTextHelper.loadFromAttributes
W/dalvikvm( 3096): VFY: unable to resolve virtual method 4037: Landroid/widget/TextView;.getAutoSizeStepGranularity ()I
D/dalvikvm( 3096): VFY: replacing opcode 0x6e at 0x0255
I/dalvikvm( 3096): Could not find method android.widget.TextView.setFontVariationSettings, referenced from method androidx.appcompat.widget.AppCompatTextHelper.onSetTextAppearance
W/dalvikvm( 3096): VFY: unable to resolve virtual method 4127: Landroid/widget/TextView;.setFontVariationSettings (Ljava/lang/String;)Z
D/dalvikvm( 3096): VFY: replacing opcode 0x6e at 0x0065
I/dalvikvm( 3096): Could not find method android.text.StaticLayout$Builder.obtain, referenced from method androidx.appcompat.widget.AppCompatTextViewAutoSizeHelper.createStaticLayoutForMeasuring
W/dalvikvm( 3096): VFY: unable to resolve static method 1914: Landroid/text/StaticLayout$Builder;.obtain (Ljava/lang/CharSequence;IILandroid/text/TextPaint;I)Landroid/text/StaticLayout$Builder;
D/dalvikvm( 3096): VFY: replacing opcode 0x71 at 0x0007
E/dalvikvm( 3096): Could not find class 'android.view.textclassifier.TextClassificationManager', referenced from method androidx.appcompat.widget.AppCompatTextClassifierHelper.getTextClassifier
W/dalvikvm( 3096): VFY: unable to resolve const-class 562 (Landroid/view/textclassifier/TextClassificationManager;) in Landroidx/appcompat/widget/AppCompatTextClassifierHelper;
D/dalvikvm( 3096): VFY: replacing opcode 0x1c at 0x000a
W/dalvikvm( 3096): VFY: unable to find class referenced in signature (Landroid/view/textclassifier/TextClassifier;)
W/dalvikvm( 3096): VFY: unable to find class referenced in signature (Landroid/view/textclassifier/TextClassifier;)
I/dalvikvm( 3096): Could not find method com.google.android.material.internal.VisibilityAwareImageButton.setElevation, referenced from method com.google.android.material.floatingactionbutton.FloatingActionButton.setElevation
W/dalvikvm( 3096): VFY: unable to resolve virtual method 30109: Lcom/google/android/material/internal/VisibilityAwareImageButton;.setElevation (F)V
D/dalvikvm( 3096): VFY: replacing opcode 0x6f at 0x0000
I/dalvikvm( 3096): Could not find method com.google.android.material.internal.VisibilityAwareImageButton.setTranslationZ, referenced from method com.google.android.material.floatingactionbutton.FloatingActionButton.setTranslationZ
W/dalvikvm( 3096): VFY: unable to resolve virtual method 30115: Lcom/google/android/material/internal/VisibilityAwareImageButton;.setTranslationZ (F)V
D/dalvikvm( 3096): VFY: replacing opcode 0x6f at 0x0000
E/dalvikvm( 3096): Could not find class 'android.app.NotificationChannel', referenced from method com.apozas.contactdiary.NotificationHandler.showNotification
W/dalvikvm( 3096): VFY: unable to resolve new-instance 63 (Landroid/app/NotificationChannel;) in Lcom/apozas/contactdiary/NotificationHandler;
D/dalvikvm( 3096): VFY: replacing opcode 0x22 at 0x002c
D/dalvikvm( 3096): DexOpt: unable to opt direct call 0x019b at 0x33 in Lcom/apozas/contactdiary/NotificationHandler;.showNotification
D/        ( 3096): HostConnection::get() New Host Connection established 0xb84a3b30, tid 3096
D/EGL_emulation( 3096): eglCreateContext: 0xb84a62f0: maj 3 min 0 rcv 3
D/EGL_emulation( 3096): eglMakeCurrent: 0xb84a62f0: ver 3 0
E/eglCodecCommon( 3096): glUtilsParamSize: unknow param 0x00008cdf
E/eglCodecCommon( 3096): glUtilsParamSize: unknow param 0x00008824
E/EGL_emulation( 3096): tid 3096: eglSurfaceAttrib(1199): error 0x3009 (EGL_BAD_MATCH)
W/HardwareRenderer( 3096): Backbuffer cannot be preserved
D/OpenGLRenderer( 3096): Enabling debug mode 0
I/dalvikvm( 3096): Could not find method android.view.ViewConfiguration.getScaledHorizontalScrollFactor, referenced from method androidx.core.view.ViewConfigurationCompat.getScaledHorizontalScrollFactor
W/dalvikvm( 3096): VFY: unable to resolve virtual method 2705: Landroid/view/ViewConfiguration;.getScaledHorizontalScrollFactor ()F
D/dalvikvm( 3096): VFY: replacing opcode 0x6e at 0x0006
I/dalvikvm( 3096): Could not find method android.view.ViewConfiguration.getScaledHoverSlop, referenced from method androidx.core.view.ViewConfigurationCompat.getScaledHoverSlop
W/dalvikvm( 3096): VFY: unable to resolve virtual method 2706: Landroid/view/ViewConfiguration;.getScaledHoverSlop ()I
D/dalvikvm( 3096): VFY: replacing opcode 0x6e at 0x0006
I/dalvikvm( 3096): Could not find method android.view.ViewConfiguration.getScaledVerticalScrollFactor, referenced from method androidx.core.view.ViewConfigurationCompat.getScaledVerticalScrollFactor
W/dalvikvm( 3096): VFY: unable to resolve virtual method 2711: Landroid/view/ViewConfiguration;.getScaledVerticalScrollFactor ()F
D/dalvikvm( 3096): VFY: replacing opcode 0x6e at 0x0006
I/dalvikvm( 3096): Could not find method android.view.ViewConfiguration.shouldShowMenuShortcutsWhenKeyboardPresent, referenced from method androidx.core.view.ViewConfigurationCompat.shouldShowMenuShortcutsWhenKeyboardPresent
W/dalvikvm( 3096): VFY: unable to resolve virtual method 2715: Landroid/view/ViewConfiguration;.shouldShowMenuShortcutsWhenKeyboardPresent ()Z
D/dalvikvm( 3096): VFY: replacing opcode 0x6e at 0x0006
I/dalvikvm( 3096): Could not find method android.view.View.setTooltipText, referenced from method androidx.appcompat.widget.TooltipCompat.setTooltipText
W/dalvikvm( 3096): VFY: unable to resolve virtual method 2680: Landroid/view/View;.setTooltipText (Ljava/lang/CharSequence;)V
D/dalvikvm( 3096): VFY: replacing opcode 0x6e at 0x0006
I/ActivityManager( 1568): Displayed com.apozas.contactdiary/.MainActivity: +397ms
D/dalvikvm( 3096): GC_CONCURRENT freed 263K, 8% free 5980K/6432K, paused 1ms+0ms, total 7ms
E/dalvikvm( 3096): Could not find class 'android.support.v4.app.FragmentActivity', referenced from method a.a.a.ag.c
W/dalvikvm( 3096): VFY: unable to resolve check-cast 122 (Landroid/support/v4/app/FragmentActivity;) in La/a/a/ag;
D/dalvikvm( 3096): VFY: replacing opcode 0x1f at 0x0008
I/dalvikvm( 3096): Could not find method android.support.v4.app.FragmentActivity.getSupportFragmentManager, referenced from method a.a.a.ag.c
W/dalvikvm( 3096): VFY: unable to resolve virtual method 750: Landroid/support/v4/app/FragmentActivity;.getSupportFragmentManager ()Landroid/support/v4/app/FragmentManager;
D/dalvikvm( 3096): VFY: replacing opcode 0x6e at 0x000e
I/dalvikvm( 3096): Could not find method android.support.v4.app.FragmentActivity.getSupportFragmentManager, referenced from method a.a.a.ag.c
W/dalvikvm( 3096): VFY: unable to resolve virtual method 750: Landroid/support/v4/app/FragmentActivity;.getSupportFragmentManager ()Landroid/support/v4/app/FragmentManager;
D/dalvikvm( 3096): VFY: replacing opcode 0x6e at 0x001a
W/dalvikvm( 3096): VFY: unable to find class referenced in signature (Landroid/support/v4/app/Fragment;)
W/dalvikvm( 3096): VFY: unable to find class referenced in signature (Landroid/support/v4/app/Fragment;)
D/EGL_emulation( 1923): eglMakeCurrent: 0xb84d2df0: ver 3 0
D/EGL_emulation( 1923): eglMakeCurrent: 0xb84d2df0: ver 3 0
D/InitAlarmsService( 2291): Clearing and rescheduling alarms.
I/ActivityManager( 1568): Killing 2444:com.android.dialer/u0a4 (adj 15): empty #17
