I/NativeLibraryUtils( 2186): Extraction to /data/data/com.google.android.gms/app_extracted_libs/x86/libmatching.so true
W/dalvikvm( 1856): VFY: unable to resolve static field 1608 (PR_SET_DUMPABLE) in Landroid/system/OsConstants;
D/dalvikvm( 1856): VFY: replacing opcode 0x60 at 0x0017
W/dalvikvm( 1856): VFY: unable to find class referenced in signature (Lyqx;)
W/dalvikvm( 1856): VFY: unable to find class referenced in signature (Lyro;)
D/dalvikvm( 1856): GC_FOR_ALLOC freed 499K, 19% free 3212K/3964K, paused 3ms, total 3ms
I/Auth    ( 2186): [WorkAccount] update authenticator enabled for boot or update
D/dalvikvm( 2186): GC_FOR_ALLOC freed 1279K, 18% free 7175K/8704K, paused 7ms, total 7ms
D/dalvikvm( 1790): GC_FOR_ALLOC freed 547K, 12% free 5886K/6688K, paused 6ms, total 6ms
I/dalvikvm( 1856): Could not find method android.system.Os.readlink, referenced from method msk.a
W/dalvikvm( 1856): VFY: unable to resolve static method 3145: Landroid/system/Os;.readlink (Ljava/lang/String;)Ljava/lang/String;
D/dalvikvm( 1856): VFY: replacing opcode 0x71 at 0x00b0
I/dalvikvm( 1856): Could not find method android.os.PowerManager.isInteractive, referenced from method ndc.a
W/dalvikvm( 1856): VFY: unable to resolve virtual method 3046: Landroid/os/PowerManager;.isInteractive ()Z
D/dalvikvm( 1856): VFY: replacing opcode 0x6e at 0x0013
I/dalvikvm( 1856): Could not find method com.google.android.chimera.ModuleContext.getAttributionTag, referenced from method com.google.android.chimera.ModuleContext.createAttributionContext
W/dalvikvm( 1856): VFY: unable to resolve virtual method 14170: Lcom/google/android/chimera/ModuleContext;.getAttributionTag ()Ljava/lang/String;
D/dalvikvm( 1856): VFY: replacing opcode 0x6e at 0x0004
I/dalvikvm( 1856): Could not find method com.google.android.chimera.ContextThemeWrapper.createAttributionContext, referenced from method com.google.android.chimera.ModuleContext.createAttributionContext
W/dalvikvm( 1856): VFY: unable to resolve virtual method 13785: Lcom/google/android/chimera/ContextThemeWrapper;.createAttributionContext (Ljava/lang/String;)Landroid/content/Context;
D/dalvikvm( 1856): VFY: replacing opcode 0x6f at 0x0035
I/dalvikvm( 1856): Could not find method android.content.ContextWrapper.createCredentialProtectedStorageContext, referenced from method com.google.android.chimera.ModuleContext.createCredentialProtectedStorageContext
W/dalvikvm( 1856): VFY: unable to resolve virtual method 2508: Landroid/content/ContextWrapper;.createCredentialProtectedStorageContext ()Landroid/content/Context;
D/dalvikvm( 1856): VFY: replacing opcode 0x6f at 0x0002
I/dalvikvm( 1856): Could not find method android.content.ContextWrapper.createDeviceProtectedStorageContext, referenced from method com.google.android.chimera.ModuleContext.createDeviceProtectedStorageContext
W/dalvikvm( 1856): VFY: unable to resolve virtual method 2509: Landroid/content/ContextWrapper;.createDeviceProtectedStorageContext ()Landroid/content/Context;
D/dalvikvm( 1856): VFY: replacing opcode 0x6f at 0x0002
I/dalvikvm( 1856): Could not find method com.google.android.chimera.ContextThemeWrapper.sendBroadcastWithMultiplePermissions, referenced from method com.google.android.chimera.ModuleContext.sendBroadcastWithMultiplePermissions
W/dalvikvm( 1856): VFY: unable to resolve virtual method 13795: Lcom/google/android/chimera/ContextThemeWrapper;.sendBroadcastWithMultiplePermissions (Landroid/content/Intent;[Ljava/lang/String;)V
D/dalvikvm( 1856): VFY: replacing opcode 0x6f at 0x0009
I/dalvikvm( 2186): Could not find method android.content.ServiceConnection.onNullBinding, referenced from method uxb.onNullBinding
I/NativeLibraryUtils( 2186): Extraction to /data/data/com.google.android.gms/app_extracted_libs/x86/libvcdiffjni.so true
I/MultiDex( 1856): VM with version 1.6.0 does not have multidex support
I/MultiDex( 1856): Installing application
I/MultiDex( 1856): MultiDexExtractor(/system/priv-app/PrebuiltGmsCore.apk, /data/data/com.google.android.gms/code_cache/secondary-dexes)
W/dalvikvm( 2186): VFY: unable to resolve interface method 2566: Landroid/content/ServiceConnection;.onNullBinding (Landroid/content/ComponentName;)V
I/NativeLibraryUtils( 2186): Extraction to /data/data/com.google.android.gms/app_extracted_libs/x86/libwearable-selector.so true
E/dalvikvm( 1790): Could not find class 'android.app.NotificationChannel', referenced from method aciq.a
W/dalvikvm( 1790): VFY: unable to resolve new-instance 7732 (Landroid/app/NotificationChannel;) in Laciq;
D/dalvikvm( 1790): VFY: replacing opcode 0x22 at 0x00a8
D/dalvikvm( 1790): DexOpt: unable to opt direct call 0x6f0e at 0xad in Laciq;.a
D/dalvikvm( 2186): VFY: replacing opcode 0x72 at 0x000f
I/MultiDex( 1856): Blocking on lock /data/data/com.google.android.gms/code_cache/secondary-dexes/MultiDex.lock
I/MultiDex( 1856): /data/data/com.google.android.gms/code_cache/secondary-dexes/MultiDex.lock locked
I/MultiDex( 1856): MultiDexExtractor.load(/system/priv-app/PrebuiltGmsCore.apk, false, )
E/BluetoothAdapter( 1790): Bluetooth binder is null
W/NearbyShared( 1790): BTConnStateMgr:BluetoothAdapter.getDefaultAdapter() return null!
W/dalvikvm( 1790): VFY: unable to find class referenced in signature (Landroid/bluetooth/le/ScanCallback;)
I/dalvikvm( 1790): Could not find method android.content.Context.getSystemService, referenced from method aclw.a
W/dalvikvm( 1790): VFY: unable to resolve virtual method 28695: Landroid/content/Context;.getSystemService (Ljava/lang/Class;)Ljava/lang/Object;
D/dalvikvm( 1790): VFY: replacing opcode 0x6e at 0x0006
D/dalvikvm( 1856): GC_FOR_ALLOC freed 430K, 18% free 3273K/3964K, paused 3ms, total 3ms
I/MultiDex( 1856): loading existing secondary dex files
D/dalvikvm( 1856): GC_FOR_ALLOC freed 115K, 19% free 3269K/4024K, paused 1ms, total 1ms
I/MultiDex( 1856): load found 5 secondary dex files
I/MultiDex( 1856): install done
I/dalvikvm( 1856): Could not find method android.os.UserHandle.isOwner, referenced from method nmy.f
W/dalvikvm( 1856): VFY: unable to resolve virtual method 3081: Landroid/os/UserHandle;.isOwner ()Z
D/dalvikvm( 1856): VFY: replacing opcode 0x6e at 0x000a
D/dalvikvm( 1856): DexOpt: couldn't find field Landroid/content/pm/ApplicationInfo;.splitSourceDirs
W/dalvikvm( 1856): VFY: unable to resolve instance field 1475
D/dalvikvm( 1856): VFY: replacing opcode 0x54 at 0x0055
D/dalvikvm( 1856): DexOpt: couldn't find static field Landroid/os/Build;.SUPPORTED_ABIS
W/dalvikvm( 1856): VFY: unable to resolve static field 1540 (SUPPORTED_ABIS) in Landroid/os/Build;
D/dalvikvm( 1856): VFY: replacing opcode 0x62 at 0x00d1
W/ModuleManager( 2186): Unable to get current module's fulfilled APIs in ModuleManager created with non-module Context
I/dalvikvm( 1856): Could not find method android.system.Os.stat, referenced from method nop.a
W/dalvikvm( 1856): VFY: unable to resolve static method 3146: Landroid/system/Os;.stat (Ljava/lang/String;)Landroid/system/StructStat;
D/dalvikvm( 1856): VFY: replacing opcode 0x71 at 0x0182
I/dalvikvm( 1856): Could not find method android.content.pm.PackageManager.getPackageInstaller, referenced from method men.a
W/dalvikvm( 1856): VFY: unable to resolve virtual method 2608: Landroid/content/pm/PackageManager;.getPackageInstaller ()Landroid/content/pm/PackageInstaller;
D/dalvikvm( 1856): VFY: replacing opcode 0x6e at 0x001c
W/DynamiteModule( 1856): Local module descriptor class for providerinstaller not found.
I/dalvikvm( 1856): Could not find method android.system.Os.readlink, referenced from method bse.a
W/dalvikvm( 1856): VFY: unable to resolve static method 3145: Landroid/system/Os;.readlink (Ljava/lang/String;)Ljava/lang/String;
D/dalvikvm( 1856): VFY: replacing opcode 0x71 at 0x0044
I/dalvikvm( 1856): Could not find method android.system.Os.symlink, referenced from method bse.a
W/dalvikvm( 1856): VFY: unable to resolve static method 3147: Landroid/system/Os;.symlink (Ljava/lang/String;Ljava/lang/String;)V
D/dalvikvm( 1856): VFY: replacing opcode 0x71 at 0x00b0
I/dalvikvm( 1856): Could not find method android.system.Os.stat, referenced from method bse.a
W/dalvikvm( 1856): VFY: unable to resolve static method 3146: Landroid/system/Os;.stat (Ljava/lang/String;)Landroid/system/StructStat;
D/dalvikvm( 1856): VFY: replacing opcode 0x71 at 0x0005
W/dalvikvm( 1856): VFY: unable to resolve static field 1615 (S_IXUSR) in Landroid/system/OsConstants;
D/dalvikvm( 1856): VFY: replacing opcode 0x60 at 0x0007
I/dalvikvm( 1856): Could not find method android.system.Os.stat, referenced from method bse.b
W/dalvikvm( 1856): VFY: unable to resolve static method 3146: Landroid/system/Os;.stat (Ljava/lang/String;)Landroid/system/StructStat;
D/dalvikvm( 1856): VFY: replacing opcode 0x71 at 0x0040
W/dalvikvm( 1856): VFY: unable to resolve static field 1612 (S_IRUSR) in Landroid/system/OsConstants;
D/dalvikvm( 1856): VFY: replacing opcode 0x60 at 0x0007
D/dalvikvm( 1856): DexOpt: couldn't find static field Landroid/os/Build;.SUPPORTED_64_BIT_ABIS
W/dalvikvm( 1856): VFY: unable to resolve static field 1539 (SUPPORTED_64_BIT_ABIS) in Landroid/os/Build;
D/dalvikvm( 1856): VFY: replacing opcode 0x62 at 0x0214
I/dalvikvm( 1790): Could not find method android.content.Context.getDrawable, referenced from method jk.a
W/dalvikvm( 1790): VFY: unable to resolve virtual method 2472: Landroid/content/Context;.getDrawable (I)Landroid/graphics/drawable/Drawable;
D/dalvikvm( 1790): VFY: replacing opcode 0x6e at 0x0006
I/dalvikvm( 1790): Could not find method android.content.Context.getNoBackupFilesDir, referenced from method jk.b
W/dalvikvm( 1790): VFY: unable to resolve virtual method 2480: Landroid/content/Context;.getNoBackupFilesDir ()Ljava/io/File;
D/dalvikvm( 1790): VFY: replacing opcode 0x6e at 0x0006
W/ProviderHelper( 1856): Unknown dynamite feature providerinstaller
I/DynamiteModule( 1856): Considering local module providerinstaller:0 and remote module providerinstaller:0
W/ProviderInstaller( 1856): Failed to load providerinstaller module: No acceptable module found. Local version is 0 and remote version is 0.
I/dalvikvm( 1856): Could not find method android.content.ContextWrapper.createCredentialProtectedStorageContext, referenced from method nfr.createCredentialProtectedStorageContext
W/dalvikvm( 1856): VFY: unable to resolve virtual method 2508: Landroid/content/ContextWrapper;.createCredentialProtectedStorageContext ()Landroid/content/Context;
D/dalvikvm( 1856): VFY: replacing opcode 0x6f at 0x0002
I/dalvikvm( 1856): Could not find method android.content.ContextWrapper.createDeviceProtectedStorageContext, referenced from method nfr.createDeviceProtectedStorageContext
W/dalvikvm( 1856): VFY: unable to resolve virtual method 2509: Landroid/content/ContextWrapper;.createDeviceProtectedStorageContext ()Landroid/content/Context;
D/dalvikvm( 1856): VFY: replacing opcode 0x6f at 0x0002
D/dalvikvm( 1856): DexOpt: couldn't find static field Landroid/os/Build;.SUPPORTED_64_BIT_ABIS
W/dalvikvm( 1856): VFY: unable to resolve static field 1539 (SUPPORTED_64_BIT_ABIS) in Landroid/os/Build;
D/dalvikvm( 1856): VFY: replacing opcode 0x62 at 0x0080
D/dalvikvm( 1856): DexOpt: couldn't find static field Landroid/os/Build;.SUPPORTED_ABIS
W/dalvikvm( 1856): VFY: unable to resolve static field 1540 (SUPPORTED_ABIS) in Landroid/os/Build;
D/dalvikvm( 1856): VFY: replacing opcode 0x62 at 0x00d3
V/NativeCrypto( 1856): Registering com/google/android/gms/org/conscrypt/NativeCrypto's 286 native methods...
W/dalvikvm( 1856): Unable to resolve superclass of Lcom/google/android/gms/org/conscrypt/TrustManagerImpl; (5184)
W/dalvikvm( 1856): Link of class 'Lcom/google/android/gms/org/conscrypt/TrustManagerImpl;' failed
I/dalvikvm( 1856): Could not find method com.google.android.gms.org.conscrypt.TrustManagerImpl.getDefaultHostnameVerifier, referenced from method com.google.android.gms.org.conscrypt.Conscrypt.getDefaultHostnameVerifier
W/dalvikvm( 1856): VFY: unable to resolve static method 17870: Lcom/google/android/gms/org/conscrypt/TrustManagerImpl;.getDefaultHostnameVerifier ()Lcom/google/android/gms/org/conscrypt/ConscryptHostnameVerifier;
D/dalvikvm( 1856): VFY: replacing opcode 0x71 at 0x0003
W/dalvikvm( 1856): Unable to resolve superclass of Lcom/google/android/gms/org/conscrypt/TrustManagerImpl; (5184)
W/dalvikvm( 1856): Link of class 'Lcom/google/android/gms/org/conscrypt/TrustManagerImpl;' failed
D/dalvikvm( 1856): GC_FOR_ALLOC freed 440K, 18% free 3342K/4032K, paused 3ms, total 3ms
W/dalvikvm( 1856): VFY: unable to find class referenced in signature (Lcom/google/android/gms/org/conscrypt/TrustManagerImpl;)
W/dalvikvm( 1856): Unable to resolve superclass of Lcom/google/android/gms/org/conscrypt/TrustManagerImpl; (5184)
W/dalvikvm( 1856): Link of class 'Lcom/google/android/gms/org/conscrypt/TrustManagerImpl;' failed
I/dalvikvm( 1856): Could not find method com.google.android.gms.org.conscrypt.TrustManagerImpl.getHostnameVerifier, referenced from method com.google.android.gms.org.conscrypt.Conscrypt.getHostnameVerifier
W/dalvikvm( 1856): VFY: unable to resolve virtual method 17872: Lcom/google/android/gms/org/conscrypt/TrustManagerImpl;.getHostnameVerifier ()Lcom/google/android/gms/org/conscrypt/ConscryptHostnameVerifier;
D/dalvikvm( 1856): VFY: replacing opcode 0x6e at 0x0004
W/dalvikvm( 1856): Unable to resolve superclass of Lcom/google/android/gms/org/conscrypt/TrustManagerImpl; (5184)
W/dalvikvm( 1856): Link of class 'Lcom/google/android/gms/org/conscrypt/TrustManagerImpl;' failed
E/dalvikvm( 1856): Could not find class 'com.google.android.gms.org.conscrypt.TrustManagerImpl', referenced from method com.google.android.gms.org.conscrypt.Conscrypt.isConscrypt
W/dalvikvm( 1856): VFY: unable to resolve instanceof 4452 (Lcom/google/android/gms/org/conscrypt/TrustManagerImpl;) in Lcom/google/android/gms/org/conscrypt/Conscrypt;
D/dalvikvm( 1856): VFY: replacing opcode 0x20 at 0x0000
W/dalvikvm( 1856): Unable to resolve superclass of Lcom/google/android/gms/org/conscrypt/TrustManagerImpl; (5184)
W/dalvikvm( 1856): Link of class 'Lcom/google/android/gms/org/conscrypt/TrustManagerImpl;' failed
I/dalvikvm( 1856): Could not find method com.google.android.gms.org.conscrypt.TrustManagerImpl.setDefaultHostnameVerifier, referenced from method com.google.android.gms.org.conscrypt.Conscrypt.setDefaultHostnameVerifier
W/dalvikvm( 1856): VFY: unable to resolve static method 17882: Lcom/google/android/gms/org/conscrypt/TrustManagerImpl;.setDefaultHostnameVerifier (Lcom/google/android/gms/org/conscrypt/ConscryptHostnameVerifier;)V
D/dalvikvm( 1856): VFY: replacing opcode 0x71 at 0x0003
W/dalvikvm( 1856): Unable to resolve superclass of Lcom/google/android/gms/org/conscrypt/TrustManagerImpl; (5184)
W/dalvikvm( 1856): Link of class 'Lcom/google/android/gms/org/conscrypt/TrustManagerImpl;' failed
W/dalvikvm( 1856): VFY: unable to find class referenced in signature (Lcom/google/android/gms/org/conscrypt/TrustManagerImpl;)
W/dalvikvm( 1856): Unable to resolve superclass of Lcom/google/android/gms/org/conscrypt/TrustManagerImpl; (5184)
W/dalvikvm( 1856): Link of class 'Lcom/google/android/gms/org/conscrypt/TrustManagerImpl;' failed
I/dalvikvm( 1856): Could not find method com.google.android.gms.org.conscrypt.TrustManagerImpl.setHostnameVerifier, referenced from method com.google.android.gms.org.conscrypt.Conscrypt.setHostnameVerifier
W/dalvikvm( 1856): VFY: unable to resolve virtual method 17883: Lcom/google/android/gms/org/conscrypt/TrustManagerImpl;.setHostnameVerifier (Lcom/google/android/gms/org/conscrypt/ConscryptHostnameVerifier;)V
D/dalvikvm( 1856): VFY: replacing opcode 0x6e at 0x0004
W/dalvikvm( 1856): Unable to resolve superclass of Lcom/google/android/gms/org/conscrypt/TrustManagerImpl; (5184)
W/dalvikvm( 1856): Link of class 'Lcom/google/android/gms/org/conscrypt/TrustManagerImpl;' failed
E/dalvikvm( 1856): Could not find class 'com.google.android.gms.org.conscrypt.TrustManagerImpl', referenced from method com.google.android.gms.org.conscrypt.Conscrypt.toConscrypt
W/dalvikvm( 1856): VFY: unable to resolve check-cast 4452 (Lcom/google/android/gms/org/conscrypt/TrustManagerImpl;) in Lcom/google/android/gms/org/conscrypt/Conscrypt;
D/dalvikvm( 1856): VFY: replacing opcode 0x1f at 0x002a
D/dalvikvm( 1856): GC_FOR_ALLOC freed 382K, 16% free 3471K/4104K, paused 1ms, total 1ms
I/dalvikvm( 1790): Could not find method android.os.PowerManager.isPowerSaveMode, referenced from method ayei.a
W/dalvikvm( 1790): VFY: unable to resolve virtual method 1679: Landroid/os/PowerManager;.isPowerSaveMode ()Z
D/dalvikvm( 1790): VFY: replacing opcode 0x6e at 0x0154
D/dalvikvm( 1856): GC_FOR_ALLOC freed 139K, 10% free 3830K/4232K, paused 2ms, total 2ms
D/dalvikvm( 2186): GC_FOR_ALLOC freed 1154K, 17% free 7332K/8760K, paused 4ms, total 4ms
E/BluetoothAdapter( 1790): Bluetooth binder is null
D/dalvikvm( 1856): GC_FOR_ALLOC freed 134K, 10% free 4175K/4592K, paused 2ms, total 2ms
I/NearbyDiscovery( 1790): Show notifications: 0 total, no changes since last shown, no-op. [CONTEXT service_id=49 ]
D/dalvikvm( 1856): GC_FOR_ALLOC freed 125K, 9% free 4508K/4936K, paused 2ms, total 2ms
D/dalvikvm( 1856): GC_FOR_ALLOC freed 136K, 9% free 4825K/5288K, paused 3ms, total 3ms
E/dalvikvm( 1856): Could not find class 'javax.net.ssl.SNIServerName', referenced from method com.google.android.gms.org.conscrypt.Platform.getSniHostnameFromParams
W/dalvikvm( 1856): VFY: unable to resolve check-cast 5160 (Ljavax/net/ssl/SNIServerName;) in Lcom/google/android/gms/org/conscrypt/Platform;
D/dalvikvm( 1856): VFY: replacing opcode 0x1f at 0x0025
E/dalvikvm( 1856): Could not find class 'javax.net.ssl.SNIHostName', referenced from method com.google.android.gms.org.conscrypt.Platform.setParametersSniHostname
W/dalvikvm( 1856): VFY: unable to resolve new-instance 5159 (Ljavax/net/ssl/SNIHostName;) in Lcom/google/android/gms/org/conscrypt/Platform;
D/dalvikvm( 1856): VFY: replacing opcode 0x22 at 0x0024
E/dalvikvm( 1856): Could not find class 'javax.net.ssl.SNIHostName', referenced from method com.google.android.gms.org.conscrypt.Platform.setParametersSniHostname
W/dalvikvm( 1856): VFY: unable to resolve new-instance 5159 (Ljavax/net/ssl/SNIHostName;) in Lcom/google/android/gms/org/conscrypt/Platform;
D/dalvikvm( 1856): VFY: replacing opcode 0x22 at 0x0024
D/dalvikvm( 1856): DexOpt: unable to opt direct call 0x52f9 at 0x2a in Lcom/google/android/gms/org/conscrypt/Platform;.setParametersSniHostname
D/dalvikvm( 1856): DexOpt: unable to opt direct call 0x52f9 at 0x2a in Lcom/google/android/gms/org/conscrypt/Platform;.setParametersSniHostname
I/dalvikvm( 2186): Could not find method android.app.AlarmManager.setExactAndAllowWhileIdle, referenced from method nio.a
W/dalvikvm( 2186): VFY: unable to resolve virtual method 2384: Landroid/app/AlarmManager;.setExactAndAllowWhileIdle (IJLandroid/app/PendingIntent;)V
D/dalvikvm( 2186): VFY: replacing opcode 0x6e at 0x000b
I/dalvikvm( 2186): Failed resolving Lnin; interface 549 'Landroid/app/AlarmManager$OnAlarmListener;'
W/dalvikvm( 2186): Link of class 'Lnin;' failed
W/dalvikvm( 2186): VFY: unable to find class referenced in signature (Lnin;)
I/dalvikvm( 2186): Could not find method android.app.AlarmManager.set, referenced from method nio.a
W/dalvikvm( 2186): VFY: unable to resolve virtual method 2381: Landroid/app/AlarmManager;.set (IJJJLandroid/app/AlarmManager$OnAlarmListener;Landroid/os/Handler;Landroid/os/WorkSource;)V
D/dalvikvm( 1856): GC_FOR_ALLOC freed 410K, 13% free 4981K/5708K, paused 3ms, total 3ms
D/dalvikvm( 2186): VFY: replacing opcode 0x74 at 0x0024
I/dalvikvm( 2186): Failed resolving Lnin; interface 549 'Landroid/app/AlarmManager$OnAlarmListener;'
W/dalvikvm( 2186): Link of class 'Lnin;' failed
W/dalvikvm( 2186): VFY: unable to find class referenced in signature (Lnin;)
I/dalvikvm( 2186): Could not find method android.app.AlarmManager.cancel, referenced from method nio.a
W/dalvikvm( 2186): VFY: unable to resolve virtual method 2378: Landroid/app/AlarmManager;.cancel (Landroid/app/AlarmManager$OnAlarmListener;)V
D/dalvikvm( 2186): VFY: replacing opcode 0x6e at 0x0002
I/dalvikvm( 1790): Could not find method android.accounts.AccountManager.getPreviousName, referenced from method ayhp.d
W/dalvikvm( 1790): VFY: unable to resolve virtual method 271: Landroid/accounts/AccountManager;.getPreviousName (Landroid/accounts/Account;)Ljava/lang/String;
D/dalvikvm( 1790): VFY: replacing opcode 0x6e at 0x0024
I/ProviderInstaller( 1856): Installed default security provider GmsCore_OpenSSL
I/Safeboot( 1856): Checking safeboot...
I/Safeboot( 1856): Not entering safeboot; wrong process.
I/dalvikvm( 1790): Could not find method android.accounts.AccountManager.removeAccount, referenced from method ymq.c
E/dalvikvm( 1856): Could not find class 'com.google.common.flogger.backend.google.GooglePlatform', referenced from method beui.a
W/dalvikvm( 1856): VFY: unable to resolve const-class 4605 (Lcom/google/common/flogger/backend/google/GooglePlatform;) in Lbeui;
D/dalvikvm( 1856): VFY: replacing opcode 0x1c at 0x001b
W/dalvikvm( 1790): VFY: unable to resolve virtual method 4165: Landroid/accounts/AccountManager;.removeAccount (Landroid/accounts/Account;Landroid/app/Activity;Landroid/accounts/AccountManagerCallback;Landroid/os/Handler;)Landroid/accounts/AccountManagerFuture;
D/dalvikvm( 1790): VFY: replacing opcode 0x6e at 0x0009
W/ActivityManager( 1570): Unable to start service Intent { act=com.google.android.gms.auth.key.retrieval.service.START pkg=com.google.android.gms } U=0: not found
E/GmsClient( 2186): unable to connect to service: com.google.android.gms.auth.key.retrieval.service.START on com.google.android.gms
W/ActivityManager( 1570): Unbind failed: could not find connection for android.os.BinderProxy@9d579358
I/dalvikvm( 1790): Could not find method android.accounts.AccountManager.removeAccountExplicitly, referenced from method ymq.d
W/dalvikvm( 1790): VFY: unable to resolve virtual method 4166: Landroid/accounts/AccountManager;.removeAccountExplicitly (Landroid/accounts/Account;)Z
D/dalvikvm( 1790): VFY: replacing opcode 0x6e at 0x0008
D/dalvikvm( 1856): GC_FOR_ALLOC freed 361K, 11% free 5278K/5916K, paused 3ms, total 3ms
D/dalvikvm( 1856): GC_FOR_ALLOC freed 215K, 9% free 5768K/6312K, paused 3ms, total 3ms
D/dalvikvm( 2186): GC_FOR_ALLOC freed 2742K, 34% free 5969K/8968K, paused 5ms, total 5ms
I/auxu    ( 1856): Primes not initialized, returning default (no-op) Primes instance which will ignore all calls. Please call Primes.initialize(...) before using any Primes API.
I/dalvikvm( 1856): Could not find method com.google.android.chimera.ContextThemeWrapper.createAttributionContext, referenced from method mnu.createAttributionContext
W/dalvikvm( 1856): VFY: unable to resolve virtual method 13785: Lcom/google/android/chimera/ContextThemeWrapper;.createAttributionContext (Ljava/lang/String;)Landroid/content/Context;
D/dalvikvm( 1856): VFY: replacing opcode 0x6f at 0x0002
I/dalvikvm( 1856): Could not find method android.content.ContextWrapper.createCredentialProtectedStorageContext, referenced from method mnu.createCredentialProtectedStorageContext
W/dalvikvm( 1856): VFY: unable to resolve virtual method 2508: Landroid/content/ContextWrapper;.createCredentialProtectedStorageContext ()Landroid/content/Context;
D/dalvikvm( 1856): VFY: replacing opcode 0x6f at 0x0002
I/dalvikvm( 1856): Could not find method android.content.ContextWrapper.createDeviceProtectedStorageContext, referenced from method mnu.createDeviceProtectedStorageContext
W/dalvikvm( 1856): VFY: unable to resolve virtual method 2509: Landroid/content/ContextWrapper;.createDeviceProtectedStorageContext ()Landroid/content/Context;
D/dalvikvm( 1856): VFY: replacing opcode 0x6f at 0x0002
I/dalvikvm( 1856): Could not find method android.content.Context.bindService, referenced from method uws.bindService
W/dalvikvm( 1856): VFY: unable to resolve virtual method 2453: Landroid/content/Context;.bindService (Landroid/content/Intent;ILjava/util/concurrent/Executor;Landroid/content/ServiceConnection;)Z
D/dalvikvm( 1856): VFY: replacing opcode 0x6e at 0x0018
I/dalvikvm( 1856): Could not find method android.content.Context.bindService, referenced from method uws.bindService
W/dalvikvm( 1856): VFY: unable to resolve virtual method 2453: Landroid/content/Context;.bindService (Landroid/content/Intent;ILjava/util/concurrent/Executor;Landroid/content/ServiceConnection;)Z
D/dalvikvm( 1856): VFY: replacing opcode 0x6e at 0x0030
I/dalvikvm( 1856): Could not find method android.content.Context.startForegroundService, referenced from method uws.startForegroundService
W/dalvikvm( 1856): VFY: unable to resolve virtual method 2501: Landroid/content/Context;.startForegroundService (Landroid/content/Intent;)Landroid/content/ComponentName;
D/dalvikvm( 1856): VFY: replacing opcode 0x6e at 0x001c
I/dalvikvm( 1856): Could not find method android.content.Context.startForegroundService, referenced from method uws.startForegroundService
W/dalvikvm( 1856): VFY: unable to resolve virtual method 2501: Landroid/content/Context;.startForegroundService (Landroid/content/Intent;)Landroid/content/ComponentName;
D/dalvikvm( 1856): VFY: replacing opcode 0x6e at 0x0028
I/dalvikvm( 1856): Could not find method android.os.PowerManager.isPowerSaveMode, referenced from method uwl.a
W/dalvikvm( 1856): VFY: unable to resolve virtual method 3047: Landroid/os/PowerManager;.isPowerSaveMode ()Z
D/dalvikvm( 1856): VFY: replacing opcode 0x6e at 0x0010
D/dalvikvm( 1856): GC_FOR_ALLOC freed 405K, 11% free 6216K/6968K, paused 4ms, total 4ms
E/ConfigFileUtils( 2186): Failed to read config file: /data/data/com.google.android.gms/app_chimera/current_fileapks.pb: open failed: ENOENT (No such file or directory)
I/dalvikvm( 1856): Could not find method android.app.admin.DevicePolicyManager.isProfileOwnerApp, referenced from method hbs.c
W/dalvikvm( 1856): VFY: unable to resolve virtual method 2595: Landroid/app/admin/DevicePolicyManager;.isProfileOwnerApp (Ljava/lang/String;)Z
D/dalvikvm( 1856): VFY: replacing opcode 0x6e at 0x0011
I/dalvikvm( 1856): Could not find method android.app.admin.DevicePolicyManager.getProfileOwner, referenced from method hbs.a
W/dalvikvm( 1856): VFY: unable to resolve virtual method 2591: Landroid/app/admin/DevicePolicyManager;.getProfileOwner ()Landroid/content/ComponentName;
D/dalvikvm( 1856): VFY: replacing opcode 0x6e at 0x0012
E/ConfigFileUtils( 2186): Failed to read config file: /data/data/com.google.android.gms/app_chimera/current_fileapks.pb: open failed: ENOENT (No such file or directory)
D/dalvikvm( 1790): GC_FOR_ALLOC freed 671K, 13% free 6190K/7112K, paused 17ms, total 17ms
I/dalvikvm( 1856): Could not find method android.app.NotificationManager.getCurrentInterruptionFilter, referenced from method nea.b
W/dalvikvm( 1856): VFY: unable to resolve virtual method 2504: Landroid/app/NotificationManager;.getCurrentInterruptionFilter ()I
D/dalvikvm( 1856): VFY: replacing opcode 0x6e at 0x0002
D/dalvikvm( 1856): GC_FOR_ALLOC freed 446K, 11% free 6749K/7564K, paused 4ms, total 4ms
I/dalvikvm( 1856): Could not find method android.accounts.AccountManager.removeAccount, referenced from method ymq.c
W/dalvikvm( 1856): VFY: unable to resolve virtual method 4165: Landroid/accounts/AccountManager;.removeAccount (Landroid/accounts/Account;Landroid/app/Activity;Landroid/accounts/AccountManagerCallback;Landroid/os/Handler;)Landroid/accounts/AccountManagerFuture;
D/dalvikvm( 1856): VFY: replacing opcode 0x6e at 0x0009
I/dalvikvm( 1856): Could not find method android.accounts.AccountManager.removeAccountExplicitly, referenced from method ymq.d
W/dalvikvm( 1856): VFY: unable to resolve virtual method 4166: Landroid/accounts/AccountManager;.removeAccountExplicitly (Landroid/accounts/Account;)Z
D/dalvikvm( 1856): VFY: replacing opcode 0x6e at 0x0008
D/dalvikvm( 2186): GC_FOR_ALLOC freed 889K, 33% free 6075K/8968K, paused 4ms, total 4ms
I/SystemUpdate( 2186): [Installation,ReceiverIntentOperation] Received intent: Intent { act=com.google.android.gms.update.BASE_MODULE_INIT cat=[targeted_intent_op_prefix:.update.control.ReceiverIntentOperation] cmp=com.google.android.gms/.chimera.GmsIntentOperationService }.
I/dalvikvm( 1856): Could not find method android.content.ServiceConnection.onNullBinding, referenced from method uxb.onNullBinding
I/dalvikvm( 2186): Could not find method android.app.NotificationManager.getCurrentInterruptionFilter, referenced from method nea.b
W/dalvikvm( 2186): VFY: unable to resolve virtual method 2504: Landroid/app/NotificationManager;.getCurrentInterruptionFilter ()I
D/dalvikvm( 2186): VFY: replacing opcode 0x6e at 0x0002
I/dalvikvm( 2186): Could not find method android.app.admin.DevicePolicyManager.isProfileOwnerApp, referenced from method hbs.c
W/dalvikvm( 2186): VFY: unable to resolve virtual method 2595: Landroid/app/admin/DevicePolicyManager;.isProfileOwnerApp (Ljava/lang/String;)Z
D/dalvikvm( 2186): VFY: replacing opcode 0x6e at 0x0011
I/dalvikvm( 2186): Could not find method android.app.admin.DevicePolicyManager.getProfileOwner, referenced from method hbs.a
W/dalvikvm( 2186): VFY: unable to resolve virtual method 2591: Landroid/app/admin/DevicePolicyManager;.getProfileOwner ()Landroid/content/ComponentName;
D/dalvikvm( 2186): VFY: replacing opcode 0x6e at 0x0012
I/Auth    ( 1856): [Change,AccountsChange] First snapshot
W/dalvikvm( 1856): VFY: unable to resolve interface method 2566: Landroid/content/ServiceConnection;.onNullBinding (Landroid/content/ComponentName;)V
D/dalvikvm( 1856): VFY: replacing opcode 0x72 at 0x000f
W/WakefulBroadcastReceiv.( 1856): No active wake lock id #1
I/SystemUpdateService( 1856): cancelUpdate (empty URL)
I/SystemUpdateService( 1856): cancelUpdate (empty URL)
W/Settings( 2186): Setting device_provisioned has moved from android.provider.Settings.Secure to android.provider.Settings.Global.
E/dalvikvm( 2186): Could not find class 'android.net.Network', referenced from method anbj.a
W/dalvikvm( 2186): VFY: unable to resolve check-cast 7930 (Landroid/net/Network;) in Lanbj;
D/dalvikvm( 2186): VFY: replacing opcode 0x1f at 0x01c1
D/dalvikvm( 2186): GC_FOR_ALLOC freed 833K, 31% free 6272K/8968K, paused 5ms, total 5ms
I/dalvikvm( 1790): Could not find method android.app.AlarmManager.setExactAndAllowWhileIdle, referenced from method nio.a
W/dalvikvm( 1790): VFY: unable to resolve virtual method 2384: Landroid/app/AlarmManager;.setExactAndAllowWhileIdle (IJLandroid/app/PendingIntent;)V
D/dalvikvm( 1790): VFY: replacing opcode 0x6e at 0x000b
I/dalvikvm( 1790): Failed resolving Lnin; interface 549 'Landroid/app/AlarmManager$OnAlarmListener;'
W/dalvikvm( 1790): Link of class 'Lnin;' failed
W/dalvikvm( 1790): VFY: unable to find class referenced in signature (Lnin;)
I/dalvikvm( 1790): Could not find method android.app.AlarmManager.set, referenced from method nio.a
W/dalvikvm( 1790): VFY: unable to resolve virtual method 2381: Landroid/app/AlarmManager;.set (IJJJLandroid/app/AlarmManager$OnAlarmListener;Landroid/os/Handler;Landroid/os/WorkSource;)V
D/dalvikvm( 1790): VFY: replacing opcode 0x74 at 0x0024
I/dalvikvm( 1790): Failed resolving Lnin; interface 549 'Landroid/app/AlarmManager$OnAlarmListener;'
W/dalvikvm( 1790): Link of class 'Lnin;' failed
W/dalvikvm( 1790): VFY: unable to find class referenced in signature (Lnin;)
I/dalvikvm( 1790): Could not find method android.app.AlarmManager.cancel, referenced from method nio.a
W/dalvikvm( 1790): VFY: unable to resolve virtual method 2378: Landroid/app/AlarmManager;.cancel (Landroid/app/AlarmManager$OnAlarmListener;)V
D/dalvikvm( 1790): VFY: replacing opcode 0x6e at 0x0002
I/dalvikvm( 1790): Could not find method android.os.UserManager.isManagedProfile, referenced from method ffl.a
W/dalvikvm( 1790): VFY: unable to resolve virtual method 4277: Landroid/os/UserManager;.isManagedProfile ()Z
D/dalvikvm( 1790): VFY: replacing opcode 0x6e at 0x0024
I/dalvikvm( 1790): Could not find method android.app.admin.DevicePolicyManager.isProfileOwnerApp, referenced from method hbs.c
W/dalvikvm( 1790): VFY: unable to resolve virtual method 2595: Landroid/app/admin/DevicePolicyManager;.isProfileOwnerApp (Ljava/lang/String;)Z
D/dalvikvm( 1790): VFY: replacing opcode 0x6e at 0x0011
I/dalvikvm( 1790): Could not find method android.app.admin.DevicePolicyManager.getProfileOwner, referenced from method hbs.a
W/dalvikvm( 1790): VFY: unable to resolve virtual method 2591: Landroid/app/admin/DevicePolicyManager;.getProfileOwner ()Landroid/content/ComponentName;
D/dalvikvm( 1790): VFY: replacing opcode 0x6e at 0x0012
I/NearbyDiscovery( 1790): DiscoveryService destroyed [CONTEXT service_id=49 ]
I/Auth    ( 1790): [WorkAccountServiceImpl] init work authenticator
I/Auth    ( 1790): [WorkAccountServiceImpl] updating authenticator enabled state to: false
D/dalvikvm( 1570): GC_FOR_ALLOC freed 1034K, 52% free 7381K/15268K, paused 9ms, total 9ms
I/Icing   ( 2186): Using regular flags by method 2
I/dalvikvm( 1790): Could not find method android.os.UserManager.isManagedProfile, referenced from method nmn.g
W/dalvikvm( 1790): VFY: unable to resolve virtual method 4277: Landroid/os/UserManager;.isManagedProfile ()Z
D/dalvikvm( 1790): VFY: replacing opcode 0x6e at 0x0012
I/dalvikvm( 1790): Could not find method android.app.admin.DevicePolicyManager.getAccountTypesWithManagementDisabled, referenced from method nmn.i
W/dalvikvm( 1790): VFY: unable to resolve virtual method 2586: Landroid/app/admin/DevicePolicyManager;.getAccountTypesWithManagementDisabled ()[Ljava/lang/String;
D/dalvikvm( 1790): VFY: replacing opcode 0x6e at 0x002b
I/Auth    ( 2186): [SupervisedAccountIntentOperation] onHandleIntent(): com.google.android.chimera.IntentOperation.NEW_MODULE
I/Auth    ( 2186): [SupervisedAccountIntentOperation] This operation is disabled
I/dalvikvm( 2186): Could not find method android.os.UserManager.isManagedProfile, referenced from method nmn.g
W/dalvikvm( 2186): VFY: unable to resolve virtual method 4277: Landroid/os/UserManager;.isManagedProfile ()Z
D/dalvikvm( 2186): VFY: replacing opcode 0x6e at 0x0012
I/dalvikvm( 2186): Could not find method android.app.admin.DevicePolicyManager.getAccountTypesWithManagementDisabled, referenced from method nmn.i
W/dalvikvm( 2186): VFY: unable to resolve virtual method 2586: Landroid/app/admin/DevicePolicyManager;.getAccountTypesWithManagementDisabled ()[Ljava/lang/String;
D/dalvikvm( 2186): VFY: replacing opcode 0x6e at 0x002b
I/GCoreUlr( 1790): WorldUpdater received intent Intent { act=com.google.android.location.reporting.ACTION_UPDATE_WORLD cmp=com.google.android.gms/com.google.android.location.reporting.service.DispatchingService (has extras) } with receiverAction android.location.PROVIDERS_CHANGED
I/SystemUpdate( 2186): [Execution,InstallationEventIntentOperation] Handling event of type 1.
D/dalvikvm( 1856): GC_EXPLICIT freed 339K, 10% free 6894K/7648K, paused 0ms+1ms, total 16ms
D/dalvikvm( 2186): GC_FOR_ALLOC freed 857K, 28% free 6510K/8968K, paused 5ms, total 6ms
I/SystemUpdate( 2186): [Execution,InstallationIntentOperation] Received intent: Intent { act=com.google.android.gms.update.INSTALL_UPDATE cat=[targeted_intent_op_prefix:.update.execution.InstallationIntentOperation] cmp=com.google.android.gms/.chimera.GmsIntentOperationService }.
I/SystemUpdate( 2186): [Control,InstallationControl] Installation progress updated to (0x000, -1.000).
I/GCoreUlr( 1790): WorldUpdater:android.location.PROVIDERS_CHANGED: Ensuring that reporting is stopped because of reasons: (no Google accounts)
I/GCoreUlr( 1790): Unbound from all signal providers.
D/dalvikvm( 2186): GC_FOR_ALLOC freed 689K, 28% free 6481K/8968K, paused 4ms, total 4ms
I/ahju    ( 1790): Scheduling Phenotype for a PhenotypeSyncImmediately(6, com.google.android.gms.settings.platform) one off with window [1, 2] in seconds [CONTEXT service_id=51 ]
D/dalvikvm( 2186): GC_FOR_ALLOC freed 527K, 28% free 6501K/8968K, paused 4ms, total 4ms
D/dalvikvm( 1570): GC_FOR_ALLOC freed 1066K, 52% free 7417K/15268K, paused 6ms, total 7ms
D/dalvikvm( 2186): GC_FOR_ALLOC freed 521K, 27% free 6606K/8968K, paused 4ms, total 4ms
I/SystemUpdate( 2186): [Execution,ExecutionManager] Action pending executed for 0.16 seconds.
I/SystemUpdate( 2186): [Execution,ExecutionManager] Action finished-execution executed for 0.00 seconds.
W/ActivityManager( 1570): Unable to start service Intent { act=com.google.android.gms.nearby.discovery:ACTION_INIT_MESSAGES_PATH cmp=com.google.android.gms/.nearby.discovery.service.DiscoveryService } U=0: not found
W/dalvikvm( 2186): VFY: unable to find class referenced in signature (Landroid/net/Network;)
W/dalvikvm( 2186): VFY: unable to find class referenced in signature (Landroid/net/Network;)
I/dalvikvm( 2186): Could not find method android.net.Network.openConnection, referenced from method wna.a
W/dalvikvm( 2186): VFY: unable to resolve virtual method 5072: Landroid/net/Network;.openConnection (Ljava/net/URL;)Ljava/net/URLConnection;
D/dalvikvm( 2186): VFY: replacing opcode 0x6e at 0x008f
I/NearbySharing( 2186): Runtime state initialization complete. Sharing is disabled. [CONTEXT service_id=194 ]
E/GmsRequestQueue( 2186): Tried to stop global GMSCore RequestQueue. This is likely unintended, so ignoring.
I/Authzen ( 2186): [AuthZenEventHandler] Handling event: com.google.android.chimera.IntentOperation.NEW_MODULE
E/Authzen ( 2186): [AuthZenEventHandler] unknown action: com.google.android.chimera.IntentOperation.NEW_MODULE
I/PeopleSync( 2186): First sync
D/dalvikvm( 1790): GC_FOR_ALLOC freed 782K, 14% free 6497K/7528K, paused 10ms, total 10ms
I/PeopleSync( 2186): requestAllFullSyncForContainerUpgrade
I/ahju    ( 1790): Scheduling Phenotype for a PhenotypeSyncImmediately(6, com.google.android.gms.settings.platform.boot) one off with window [1, 2] in seconds [CONTEXT service_id=51 ]
I/dalvikvm( 1790): Could not find method android.provider.DeviceConfig.getProperty, referenced from method ahlr.a
W/dalvikvm( 1790): VFY: unable to resolve static method 29770: Landroid/provider/DeviceConfig;.getProperty (Ljava/lang/String;Ljava/lang/String;)Ljava/lang/String;
D/dalvikvm( 1790): VFY: replacing opcode 0x71 at 0x0000
I/dalvikvm( 1790): Could not find method android.provider.DeviceConfig.setProperty, referenced from method ahlr.a
W/dalvikvm( 1790): VFY: unable to resolve static method 29771: Landroid/provider/DeviceConfig;.setProperty (Ljava/lang/String;Ljava/lang/String;Ljava/lang/String;Z)Z
D/dalvikvm( 1790): VFY: replacing opcode 0x71 at 0x0000
D/dalvikvm( 1856): GC_EXPLICIT freed 1639K, 30% free 5393K/7648K, paused 1ms+1ms, total 7ms
I/ahgs    ( 1790): No Heterodyne serving version in database [CONTEXT service_id=51 ]
D/dalvikvm( 2186): GC_FOR_ALLOC freed 990K, 24% free 6822K/8968K, paused 5ms, total 5ms
E/SQLiteLog( 2186): (1) no such table: owners
I/DeletedNullContactsCleanup( 2186): Scheduling the service.
D/ConnectivityService( 1570): [CheckMp] isMobileOk: not connected ni=NetworkInfo: type: mobile_hipri[LTE], state: DISCONNECTED/IDLE, reason: (unspecified), extra: (none), roaming: false, failover: false, isAvailable: true, isConnectedToProvisioningNetwork: false
I/PeopleDatabaseHelper( 2186): cleanUpNonGplusAccounts done.
I/PeopleSearchIndexManage( 2186): ICU version changed from unknown to 51.1.0.1
I/PeopleSearchIndexManage( 2186): Rebuilding index...
I/BackupAndSyncValidation( 2186): Scheduling the service.
I/PeopleASM( 2186): Rebuilding autocomplete index...
I/PeopleSearchIndexManage( 2186): Rebuilding index done.
I/PeopleInitIntentOp( 2186): Not initializing debuggability [CONTEXT service_id=5 ]
I/ahju    ( 1790): Scheduling Phenotype for a PhenotypeSyncImmediately(6, com.google.android.gms.people) one off with window [1, 2] in seconds [CONTEXT service_id=51 ]
I/dalvikvm( 2186): Could not find method android.os.UserManager.getUserProfiles, referenced from method apwh.b
W/dalvikvm( 2186): VFY: unable to resolve virtual method 29751: Landroid/os/UserManager;.getUserProfiles ()Ljava/util/List;
D/dalvikvm( 2186): VFY: replacing opcode 0x6e at 0x005b
I/Wear_Controller( 2186): Wear requires a companion app to be installed.
I/Wear_Controller( 2186): onStartup - Wear is not available on this device.
I/ahju    ( 1790): Scheduling Phenotype for a PhenotypeSyncImmediately(6, com.google.android.gms.people.ui) one off with window [1, 2] in seconds [CONTEXT service_id=51 ]
D/dalvikvm( 2186): GC_FOR_ALLOC freed 1116K, 23% free 6985K/8968K, paused 5ms, total 5ms
I/ActivityManager( 1570): Start proc com.google.android.gms.ui for service com.google.android.gms/.chimera.UiIntentOperationService: pid=2354 uid=10007 gids={50007, 3003, 1007, 1028, 1015, 3002, 3001, 3007, 2001, 3006}
W/dalvikvm( 2354): VFY: unable to resolve static field 1608 (PR_SET_DUMPABLE) in Landroid/system/OsConstants;
D/dalvikvm( 2354): VFY: replacing opcode 0x60 at 0x0017
W/dalvikvm( 2354): VFY: unable to find class referenced in signature (Lyqx;)
W/dalvikvm( 2354): VFY: unable to find class referenced in signature (Lyro;)
D/dalvikvm( 1856): GC_EXPLICIT freed 138K, 30% free 5392K/7648K, paused 0ms+1ms, total 5ms
I/dalvikvm( 2354): Could not find method android.system.Os.readlink, referenced from method msk.a
W/dalvikvm( 2354): VFY: unable to resolve static method 3145: Landroid/system/Os;.readlink (Ljava/lang/String;)Ljava/lang/String;
D/dalvikvm( 2354): VFY: replacing opcode 0x71 at 0x00b0
I/dalvikvm( 2354): Could not find method android.os.PowerManager.isInteractive, referenced from method ndc.a
W/dalvikvm( 2354): VFY: unable to resolve virtual method 3046: Landroid/os/PowerManager;.isInteractive ()Z
D/dalvikvm( 2354): VFY: replacing opcode 0x6e at 0x0013
I/dalvikvm( 2354): Could not find method com.google.android.chimera.ModuleContext.getAttributionTag, referenced from method com.google.android.chimera.ModuleContext.createAttributionContext
W/dalvikvm( 2354): VFY: unable to resolve virtual method 14170: Lcom/google/android/chimera/ModuleContext;.getAttributionTag ()Ljava/lang/String;
D/dalvikvm( 2354): VFY: replacing opcode 0x6e at 0x0004
I/dalvikvm( 2354): Could not find method com.google.android.chimera.ContextThemeWrapper.createAttributionContext, referenced from method com.google.android.chimera.ModuleContext.createAttributionContext
W/dalvikvm( 2354): VFY: unable to resolve virtual method 13785: Lcom/google/android/chimera/ContextThemeWrapper;.createAttributionContext (Ljava/lang/String;)Landroid/content/Context;
D/dalvikvm( 2354): VFY: replacing opcode 0x6f at 0x0035
I/dalvikvm( 2354): Could not find method android.content.ContextWrapper.createCredentialProtectedStorageContext, referenced from method com.google.android.chimera.ModuleContext.createCredentialProtectedStorageContext
W/dalvikvm( 2354): VFY: unable to resolve virtual method 2508: Landroid/content/ContextWrapper;.createCredentialProtectedStorageContext ()Landroid/content/Context;
D/dalvikvm( 2354): VFY: replacing opcode 0x6f at 0x0002
I/dalvikvm( 2354): Could not find method android.content.ContextWrapper.createDeviceProtectedStorageContext, referenced from method com.google.android.chimera.ModuleContext.createDeviceProtectedStorageContext
W/dalvikvm( 2354): VFY: unable to resolve virtual method 2509: Landroid/content/ContextWrapper;.createDeviceProtectedStorageContext ()Landroid/content/Context;
D/dalvikvm( 2354): VFY: replacing opcode 0x6f at 0x0002
I/dalvikvm( 2354): Could not find method com.google.android.chimera.ContextThemeWrapper.sendBroadcastWithMultiplePermissions, referenced from method com.google.android.chimera.ModuleContext.sendBroadcastWithMultiplePermissions
W/dalvikvm( 2354): VFY: unable to resolve virtual method 13795: Lcom/google/android/chimera/ContextThemeWrapper;.sendBroadcastWithMultiplePermissions (Landroid/content/Intent;[Ljava/lang/String;)V
D/dalvikvm( 2354): VFY: replacing opcode 0x6f at 0x0009
I/MultiDex( 2354): VM with version 1.6.0 does not have multidex support
I/MultiDex( 2354): Installing application
I/MultiDex( 2354): MultiDexExtractor(/system/priv-app/PrebuiltGmsCore.apk, /data/data/com.google.android.gms/code_cache/secondary-dexes)
I/MultiDex( 2354): Blocking on lock /data/data/com.google.android.gms/code_cache/secondary-dexes/MultiDex.lock
I/MultiDex( 2354): /data/data/com.google.android.gms/code_cache/secondary-dexes/MultiDex.lock locked
I/MultiDex( 2354): MultiDexExtractor.load(/system/priv-app/PrebuiltGmsCore.apk, false, )
I/MultiDex( 2354): loading existing secondary dex files
I/MultiDex( 2354): load found 5 secondary dex files
I/MultiDex( 2354): install done
I/dalvikvm( 2354): Could not find method android.content.ContentProvider.query, referenced from method brf.superQuery
W/dalvikvm( 2354): VFY: unable to resolve virtual method 2428: Landroid/content/ContentProvider;.query (Landroid/net/Uri;[Ljava/lang/String;Landroid/os/Bundle;Landroid/os/CancellationSignal;)Landroid/database/Cursor;
D/dalvikvm( 2354): VFY: replacing opcode 0x6f at 0x0000
D/dalvikvm( 2354): GC_FOR_ALLOC freed 376K, 16% free 3130K/3692K, paused 2ms, total 2ms
I/dalvikvm( 2354): Could not find method android.os.UserHandle.isOwner, referenced from method nmy.f
W/dalvikvm( 2354): VFY: unable to resolve virtual method 3081: Landroid/os/UserHandle;.isOwner ()Z
D/dalvikvm( 2354): VFY: replacing opcode 0x6e at 0x000a
D/dalvikvm( 1570): GC_FOR_ALLOC freed 1103K, 52% free 7416K/15268K, paused 8ms, total 8ms
I/NearbyDiscovery( 1790): DiscoveryNearbyMessagesManager failed to background unsubscribe [CONTEXT service_id=49 ]
I/NearbyDiscovery( 1790): java.util.concurrent.TimeoutException: Timed out waiting for Task
I/NearbyDiscovery( 1790): 	at amhe.a(:com.google.android.gms@202414005@20.24.14 (000700-319035315):22)
I/NearbyDiscovery( 1790): 	at aceb.b(:com.google.android.gms@202414005@20.24.14 (000700-319035315):5)
I/NearbyDiscovery( 1790): 	at acds.run(:com.google.android.gms@202414005@20.24.14 (000700-319035315):3)
I/NearbyDiscovery( 1790): 	at bkpr.handleMessage(:com.google.android.gms@202414005@20.24.14 (000700-319035315):9)
I/NearbyDiscovery( 1790): 	at android.os.Handler.dispatchMessage(Handler.java:102)
I/NearbyDiscovery( 1790): 	at ypf.a(:com.google.android.gms@202414005@20.24.14 (000700-319035315):2)
I/NearbyDiscovery( 1790): 	at ypf.dispatchMessage(:com.google.android.gms@202414005@20.24.14 (000700-319035315):14)
I/NearbyDiscovery( 1790): 	at android.os.Looper.loop(Looper.java:136)
I/NearbyDiscovery( 1790): 	at android.os.HandlerThread.run(HandlerThread.java:61)
E/dalvikvm( 2186): Could not find class 'android.app.usage.UsageStatsManager', referenced from method vha.a
W/dalvikvm( 2186): VFY: unable to resolve const-class 1242 (Landroid/app/usage/UsageStatsManager;) in Lvha;
D/dalvikvm( 2186): VFY: replacing opcode 0x1c at 0x0009
D/dalvikvm( 2354): DexOpt: couldn't find field Landroid/content/pm/ApplicationInfo;.splitSourceDirs
W/dalvikvm( 2354): VFY: unable to resolve instance field 1475
D/dalvikvm( 2354): VFY: replacing opcode 0x54 at 0x0055
D/dalvikvm( 2354): DexOpt: couldn't find static field Landroid/os/Build;.SUPPORTED_ABIS
W/dalvikvm( 2354): VFY: unable to resolve static field 1540 (SUPPORTED_ABIS) in Landroid/os/Build;
D/dalvikvm( 2354): VFY: replacing opcode 0x62 at 0x00d1
I/dalvikvm( 2354): Could not find method android.system.Os.stat, referenced from method nop.a
W/dalvikvm( 2354): VFY: unable to resolve static method 3146: Landroid/system/Os;.stat (Ljava/lang/String;)Landroid/system/StructStat;
D/dalvikvm( 2354): VFY: replacing opcode 0x71 at 0x0182
I/dalvikvm( 2354): Could not find method android.content.pm.PackageManager.getPackageInstaller, referenced from method men.a
W/dalvikvm( 2354): VFY: unable to resolve virtual method 2608: Landroid/content/pm/PackageManager;.getPackageInstaller ()Landroid/content/pm/PackageInstaller;
D/dalvikvm( 2354): VFY: replacing opcode 0x6e at 0x001c
W/DynamiteModule( 2354): Local module descriptor class for providerinstaller not found.
E/BluetoothAdapter( 1790): Bluetooth binder is null
I/NearbyDiscovery( 1790): FastPair: Skip backfill FastPairItem, adapter is null [CONTEXT service_id=49 ]
I/GCM-GMS ( 2186): Scheduling task to register GMS
I/dalvikvm( 2354): Could not find method android.system.Os.readlink, referenced from method bse.a
W/dalvikvm( 2354): VFY: unable to resolve static method 3145: Landroid/system/Os;.readlink (Ljava/lang/String;)Ljava/lang/String;
D/dalvikvm( 2354): VFY: replacing opcode 0x71 at 0x0044
I/dalvikvm( 2354): Could not find method android.system.Os.symlink, referenced from method bse.a
W/dalvikvm( 2354): VFY: unable to resolve static method 3147: Landroid/system/Os;.symlink (Ljava/lang/String;Ljava/lang/String;)V
D/dalvikvm( 2354): VFY: replacing opcode 0x71 at 0x00b0
I/dalvikvm( 2354): Could not find method android.system.Os.stat, referenced from method bse.a
W/dalvikvm( 2354): VFY: unable to resolve static method 3146: Landroid/system/Os;.stat (Ljava/lang/String;)Landroid/system/StructStat;
D/dalvikvm( 2354): VFY: replacing opcode 0x71 at 0x0005
W/dalvikvm( 2354): VFY: unable to resolve static field 1615 (S_IXUSR) in Landroid/system/OsConstants;
D/dalvikvm( 2354): VFY: replacing opcode 0x60 at 0x0007
I/dalvikvm( 2354): Could not find method android.system.Os.stat, referenced from method bse.b
W/dalvikvm( 2354): VFY: unable to resolve static method 3146: Landroid/system/Os;.stat (Ljava/lang/String;)Landroid/system/StructStat;
D/dalvikvm( 2354): VFY: replacing opcode 0x71 at 0x0040
W/dalvikvm( 2354): VFY: unable to resolve static field 1612 (S_IRUSR) in Landroid/system/OsConstants;
D/dalvikvm( 2354): VFY: replacing opcode 0x60 at 0x0007
D/dalvikvm( 2354): DexOpt: couldn't find static field Landroid/os/Build;.SUPPORTED_64_BIT_ABIS
W/dalvikvm( 2354): VFY: unable to resolve static field 1539 (SUPPORTED_64_BIT_ABIS) in Landroid/os/Build;
D/dalvikvm( 2354): VFY: replacing opcode 0x62 at 0x0214
W/ProviderHelper( 2354): Unknown dynamite feature providerinstaller
I/DynamiteModule( 2354): Considering local module providerinstaller:0 and remote module providerinstaller:0
