V/        ( 4488): ready
V/RipperService( 4488): PING
V/AndroidRipperService( 4488): mHandler.handleMessage() RECIVED
V/AndroidRipperService( 4488): broadcast()
I/AndroidRipper( 5357): Recived message: PING
V/AndroidRipperService( 4488): send()
V/AndroidRipperService( 4488): broadcast() done
V/        ( 4488): ready
D/dalvikvm( 4488): GC_CONCURRENT freed 462K, 18% free 3094K/3772K, paused 2ms+0ms, total 4ms
V/RipperService( 4488): PING
V/AndroidRipperService( 4488): mHandler.handleMessage() RECIVED
V/AndroidRipperService( 4488): broadcast()
I/AndroidRipper( 5357): Recived message: PING
V/AndroidRipperService( 4488): send()
V/AndroidRipperService( 4488): broadcast() done
V/        ( 4488): ready
V/RipperService( 4488): PING
V/AndroidRipperService( 4488): mHandler.handleMessage() RECIVED
V/AndroidRipperService( 4488): broadcast()
I/AndroidRipper( 5357): Recived message: PING
V/AndroidRipperService( 4488): send()
V/AndroidRipperService( 4488): broadcast() done
V/        ( 4488): ready
V/RipperService( 4488): PING
V/AndroidRipperService( 4488): mHandler.handleMessage() RECIVED
V/AndroidRipperService( 4488): broadcast()
I/AndroidRipper( 5357): Recived message: PING
V/AndroidRipperService( 4488): send()
V/AndroidRipperService( 4488): broadcast() done
V/        ( 4488): ready
V/RipperService( 4488): PING
V/AndroidRipperService( 4488): mHandler.handleMessage() RECIVED
V/AndroidRipperService( 4488): broadcast()
I/AndroidRipper( 5357): Recived message: PING
V/AndroidRipperService( 4488): send()
V/AndroidRipperService( 4488): broadcast() done
V/        ( 4488): ready
D/dalvikvm( 4488): GC_CONCURRENT freed 434K, 18% free 3093K/3772K, paused 0ms+1ms, total 2ms
V/RipperService( 4488): PING
V/AndroidRipperService( 4488): mHandler.handleMessage() RECIVED
V/AndroidRipperService( 4488): broadcast()
I/AndroidRipper( 5357): Recived message: PING
V/AndroidRipperService( 4488): send()
V/AndroidRipperService( 4488): broadcast() done
V/        ( 4488): ready
V/RipperService( 4488): PING
V/AndroidRipperService( 4488): mHandler.handleMessage() RECIVED
V/AndroidRipperService( 4488): broadcast()
I/AndroidRipper( 5357): Recived message: PING
V/AndroidRipperService( 4488): send()
V/AndroidRipperService( 4488): broadcast() done
V/        ( 4488): ready
V/RipperService( 4488): PING
V/AndroidRipperService( 4488): mHandler.handleMessage() RECIVED
V/AndroidRipperService( 4488): broadcast()
I/AndroidRipper( 5357): Recived message: PING
V/AndroidRipperService( 4488): send()
V/AndroidRipperService( 4488): broadcast() done
V/        ( 4488): ready
V/RipperService( 4488): PING
V/AndroidRipperService( 4488): mHandler.handleMessage() RECIVED
V/AndroidRipperService( 4488): broadcast()
I/AndroidRipper( 5357): Recived message: PING
V/AndroidRipperService( 4488): send()
V/AndroidRipperService( 4488): broadcast() done
V/        ( 4488): ready
D/dalvikvm( 4488): GC_CONCURRENT freed 424K, 19% free 3091K/3772K, paused 2ms+2ms, total 6ms
V/RipperService( 4488): PING
V/AndroidRipperService( 4488): mHandler.handleMessage() RECIVED
V/AndroidRipperService( 4488): broadcast()
I/AndroidRipper( 5357): Recived message: PING
V/AndroidRipperService( 4488): send()
V/AndroidRipperService( 4488): broadcast() done
V/        ( 4488): ready
V/RipperService( 4488): PING
V/AndroidRipperService( 4488): mHandler.handleMessage() RECIVED
V/AndroidRipperService( 4488): broadcast()
I/AndroidRipper( 5357): Recived message: PING
V/AndroidRipperService( 4488): send()
V/AndroidRipperService( 4488): broadcast() done
V/        ( 4488): ready
V/RipperService( 4488): PING
V/AndroidRipperService( 4488): mHandler.handleMessage() RECIVED
V/AndroidRipperService( 4488): broadcast()
I/AndroidRipper( 5357): Recived message: PING
V/AndroidRipperService( 4488): send()
V/AndroidRipperService( 4488): broadcast() done
V/        ( 4488): ready
V/RipperService( 4488): PING
V/AndroidRipperService( 4488): mHandler.handleMessage() RECIVED
V/AndroidRipperService( 4488): broadcast()
I/AndroidRipper( 5357): Recived message: PING
V/AndroidRipperService( 4488): send()
V/AndroidRipperService( 4488): broadcast() done
V/        ( 4488): ready
V/RipperService( 4488): PING
V/AndroidRipperService( 4488): mHandler.handleMessage() RECIVED
D/dalvikvm( 4488): GC_CONCURRENT freed 433K, 19% free 3090K/3772K, paused 3ms+1ms, total 6ms
V/AndroidRipperService( 4488): broadcast()
V/AndroidRipperService( 4488): broadcast() done
V/        ( 4488): ready
I/AndroidRipper( 5357): Recived message: PING
V/AndroidRipperService( 4488): send()
V/RipperService( 4488): PING
V/AndroidRipperService( 4488): mHandler.handleMessage() RECIVED
V/AndroidRipperService( 4488): broadcast()
I/AndroidRipper( 5357): Recived message: PING
V/AndroidRipperService( 4488): broadcast() done
V/AndroidRipperService( 4488): send()
V/        ( 4488): ready
V/RipperService( 4488): PING
V/AndroidRipperService( 4488): mHandler.handleMessage() RECIVED
V/AndroidRipperService( 4488): broadcast()
I/AndroidRipper( 5357): Recived message: PING
V/AndroidRipperService( 4488): send()
V/AndroidRipperService( 4488): broadcast() done
V/        ( 4488): ready
V/RipperService( 4488): PING
V/AndroidRipperService( 4488): mHandler.handleMessage() RECIVED
V/AndroidRipperService( 4488): broadcast()
I/AndroidRipper( 5357): Recived message: PING
V/AndroidRipperService( 4488): broadcast() done
V/        ( 4488): ready
V/AndroidRipperService( 4488): send()
V/RipperService( 4488): PING
V/AndroidRipperService( 4488): mHandler.handleMessage() RECIVED
V/AndroidRipperService( 4488): broadcast()
I/AndroidRipper( 5357): Recived message: PING
V/AndroidRipperService( 4488): send()
V/AndroidRipperService( 4488): broadcast() done
V/        ( 4488): ready
D/dalvikvm( 4488): GC_CONCURRENT freed 426K, 17% free 3133K/3772K, paused 0ms+0ms, total 4ms
V/RipperService( 4488): PING
V/AndroidRipperService( 4488): mHandler.handleMessage() RECIVED
V/AndroidRipperService( 4488): broadcast()
V/AndroidRipperService( 4488): broadcast() done
V/        ( 4488): ready
I/AndroidRipper( 5357): Recived message: PING
V/AndroidRipperService( 4488): send()
V/RipperService( 4488): PING
V/AndroidRipperService( 4488): mHandler.handleMessage() RECIVED
V/AndroidRipperService( 4488): broadcast()
V/AndroidRipperService( 4488): broadcast() done
I/AndroidRipper( 5357): Recived message: PING
V/        ( 4488): ready
V/AndroidRipperService( 4488): send()
V/RipperService( 4488): PING
V/AndroidRipperService( 4488): mHandler.handleMessage() RECIVED
V/AndroidRipperService( 4488): broadcast()
I/AndroidRipper( 5357): Recived message: PING
V/AndroidRipperService( 4488): send()
V/AndroidRipperService( 4488): broadcast() done
V/        ( 4488): ready
V/RipperService( 4488): PING
V/AndroidRipperService( 4488): mHandler.handleMessage() RECIVED
V/AndroidRipperService( 4488): broadcast()
V/AndroidRipperService( 4488): broadcast() done
V/        ( 4488): ready
I/AndroidRipper( 5357): Recived message: PING
V/AndroidRipperService( 4488): send()
D/dalvikvm( 4488): GC_CONCURRENT freed 478K, 19% free 3092K/3772K, paused 2ms+2ms, total 6ms
V/RipperService( 4488): PING
V/AndroidRipperService( 4488): mHandler.handleMessage() RECIVED
V/AndroidRipperService( 4488): broadcast()
I/AndroidRipper( 5357): Recived message: PING
V/AndroidRipperService( 4488): send()
V/AndroidRipperService( 4488): broadcast() done
V/        ( 4488): ready
V/RipperService( 4488): PING
V/AndroidRipperService( 4488): mHandler.handleMessage() RECIVED
V/AndroidRipperService( 4488): broadcast()
I/AndroidRipper( 5357): Recived message: PING
V/AndroidRipperService( 4488): send()
V/AndroidRipperService( 4488): broadcast() done
V/        ( 4488): ready
V/RipperService( 4488): PING
V/AndroidRipperService( 4488): mHandler.handleMessage() RECIVED
V/AndroidRipperService( 4488): broadcast()
I/AndroidRipper( 5357): Recived message: PING
V/AndroidRipperService( 4488): send()
V/AndroidRipperService( 4488): broadcast() done
V/        ( 4488): ready
V/RipperService( 4488): PING
V/AndroidRipperService( 4488): mHandler.handleMessage() RECIVED
V/AndroidRipperService( 4488): broadcast()
I/AndroidRipper( 5357): Recived message: PING
V/AndroidRipperService( 4488): send()
V/AndroidRipperService( 4488): broadcast() done
V/        ( 4488): ready
D/dalvikvm( 4488): GC_CONCURRENT freed 428K, 19% free 3091K/3772K, paused 1ms+0ms, total 3ms
V/RipperService( 4488): PING
V/AndroidRipperService( 4488): mHandler.handleMessage() RECIVED
V/AndroidRipperService( 4488): broadcast()
I/AndroidRipper( 5357): Recived message: PING
V/AndroidRipperService( 4488): send()
V/AndroidRipperService( 4488): broadcast() done
V/        ( 4488): ready
V/RipperService( 4488): PING
V/AndroidRipperService( 4488): mHandler.handleMessage() RECIVED
V/AndroidRipperService( 4488): broadcast()
V/AndroidRipperService( 4488): broadcast() done
V/        ( 4488): ready
I/AndroidRipper( 5357): Recived message: PING
V/AndroidRipperService( 4488): send()
V/RipperService( 4488): PING
V/AndroidRipperService( 4488): mHandler.handleMessage() RECIVED
V/AndroidRipperService( 4488): broadcast()
I/AndroidRipper( 5357): Recived message: PING
V/AndroidRipperService( 4488): send()
V/AndroidRipperService( 4488): broadcast() done
V/        ( 4488): ready
V/RipperService( 4488): PING
V/AndroidRipperService( 4488): mHandler.handleMessage() RECIVED
V/AndroidRipperService( 4488): broadcast()
I/AndroidRipper( 5357): Recived message: PING
V/AndroidRipperService( 4488): send()
V/AndroidRipperService( 4488): broadcast() done
V/        ( 4488): ready
D/dalvikvm( 4488): GC_CONCURRENT freed 437K, 19% free 3090K/3772K, paused 2ms+0ms, total 4ms
V/RipperService( 4488): PING
V/AndroidRipperService( 4488): mHandler.handleMessage() RECIVED
V/AndroidRipperService( 4488): broadcast()
I/AndroidRipper( 5357): Recived message: PING
V/AndroidRipperService( 4488): send()
V/AndroidRipperService( 4488): broadcast() done
V/        ( 4488): ready
V/RipperService( 4488): PING
V/AndroidRipperService( 4488): mHandler.handleMessage() RECIVED
V/AndroidRipperService( 4488): broadcast()
I/AndroidRipper( 5357): Recived message: PING
V/AndroidRipperService( 4488): send()
V/AndroidRipperService( 4488): broadcast() done
V/        ( 4488): ready
V/RipperService( 4488): PING
V/AndroidRipperService( 4488): mHandler.handleMessage() RECIVED
V/AndroidRipperService( 4488): broadcast()
I/AndroidRipper( 5357): Recived message: PING
V/AndroidRipperService( 4488): send()
V/AndroidRipperService( 4488): broadcast() done
V/        ( 4488): ready
V/RipperService( 4488): PING
V/AndroidRipperService( 4488): mHandler.handleMessage() RECIVED
V/AndroidRipperService( 4488): broadcast()
I/AndroidRipper( 5357): Recived message: PING
V/AndroidRipperService( 4488): broadcast() done
V/AndroidRipperService( 4488): send()
V/        ( 4488): ready
V/RipperService( 4488): PING
V/AndroidRipperService( 4488): mHandler.handleMessage() RECIVED
V/AndroidRipperService( 4488): broadcast()
D/dalvikvm( 4488): GC_CONCURRENT freed 428K, 19% free 3090K/3772K, paused 0ms+1ms, total 2ms
I/AndroidRipper( 5357): Recived message: PING
V/AndroidRipperService( 4488): send()
V/AndroidRipperService( 4488): broadcast() done
V/        ( 4488): ready
V/RipperService( 4488): PING
V/AndroidRipperService( 4488): mHandler.handleMessage() RECIVED
V/AndroidRipperService( 4488): broadcast()
I/AndroidRipper( 5357): Recived message: PING
V/AndroidRipperService( 4488): broadcast() done
V/        ( 4488): ready
V/AndroidRipperService( 4488): send()
V/RipperService( 4488): PING
V/AndroidRipperService( 4488): mHandler.handleMessage() RECIVED
V/AndroidRipperService( 4488): broadcast()
I/AndroidRipper( 5357): Recived message: PING
V/AndroidRipperService( 4488): send()
V/AndroidRipperService( 4488): broadcast() done
V/        ( 4488): ready
V/RipperService( 4488): PING
V/AndroidRipperService( 4488): mHandler.handleMessage() RECIVED
V/AndroidRipperService( 4488): broadcast()
I/AndroidRipper( 5357): Recived message: PING
V/AndroidRipperService( 4488): send()
V/AndroidRipperService( 4488): broadcast() done
V/        ( 4488): ready
V/RipperService( 4488): PING
V/AndroidRipperService( 4488): mHandler.handleMessage() RECIVED
V/AndroidRipperService( 4488): broadcast()
I/AndroidRipper( 5357): Recived message: PING
V/AndroidRipperService( 4488): send()
V/AndroidRipperService( 4488): broadcast() done
V/        ( 4488): ready
D/dalvikvm( 4488): GC_CONCURRENT freed 435K, 18% free 3122K/3772K, paused 1ms+2ms, total 6ms
V/RipperService( 4488): PING
V/AndroidRipperService( 4488): mHandler.handleMessage() RECIVED
V/AndroidRipperService( 4488): broadcast()
I/AndroidRipper( 5357): Recived message: PING
V/AndroidRipperService( 4488): send()
V/AndroidRipperService( 4488): broadcast() done
V/        ( 4488): ready
V/RipperService( 4488): PING
V/AndroidRipperService( 4488): mHandler.handleMessage() RECIVED
V/AndroidRipperService( 4488): broadcast()
I/AndroidRipper( 5357): Recived message: PING
V/AndroidRipperService( 4488): send()
V/AndroidRipperService( 4488): broadcast() done
V/        ( 4488): ready
V/RipperService( 4488): PING
V/AndroidRipperService( 4488): mHandler.handleMessage() RECIVED
V/AndroidRipperService( 4488): broadcast()
I/AndroidRipper( 5357): Recived message: PING
V/AndroidRipperService( 4488): send()
V/AndroidRipperService( 4488): broadcast() done
V/        ( 4488): ready
V/RipperService( 4488): PING
V/AndroidRipperService( 4488): mHandler.handleMessage() RECIVED
V/AndroidRipperService( 4488): broadcast()
I/AndroidRipper( 5357): Recived message: PING
V/AndroidRipperService( 4488): send()
V/AndroidRipperService( 4488): broadcast() done
V/        ( 4488): ready
D/dalvikvm( 4488): GC_CONCURRENT freed 468K, 19% free 3092K/3772K, paused 2ms+1ms, total 4ms
V/RipperService( 4488): PING
V/AndroidRipperService( 4488): mHandler.handleMessage() RECIVED
V/AndroidRipperService( 4488): broadcast()
I/AndroidRipper( 5357): Recived message: PING
V/AndroidRipperService( 4488): send()
V/AndroidRipperService( 4488): broadcast() done
V/        ( 4488): ready
V/RipperService( 4488): PING
V/AndroidRipperService( 4488): mHandler.handleMessage() RECIVED
V/AndroidRipperService( 4488): broadcast()
I/AndroidRipper( 5357): Recived message: PING
V/AndroidRipperService( 4488): send()
V/AndroidRipperService( 4488): broadcast() done
V/        ( 4488): ready
V/RipperService( 4488): PING
V/AndroidRipperService( 4488): mHandler.handleMessage() RECIVED
V/AndroidRipperService( 4488): broadcast()
I/AndroidRipper( 5357): Recived message: PING
V/AndroidRipperService( 4488): send()
V/AndroidRipperService( 4488): broadcast() done
V/        ( 4488): ready
V/RipperService( 4488): PING
V/AndroidRipperService( 4488): mHandler.handleMessage() RECIVED
V/AndroidRipperService( 4488): broadcast()
I/AndroidRipper( 5357): Recived message: PING
V/AndroidRipperService( 4488): send()
V/AndroidRipperService( 4488): broadcast() done
V/        ( 4488): ready
D/dalvikvm( 4488): GC_CONCURRENT freed 429K, 19% free 3090K/3772K, paused 3ms+0ms, total 5ms
V/RipperService( 4488): PING
V/AndroidRipperService( 4488): mHandler.handleMessage() RECIVED
V/AndroidRipperService( 4488): broadcast()
I/AndroidRipper( 5357): Recived message: PING
V/AndroidRipperService( 4488): send()
V/AndroidRipperService( 4488): broadcast() done
V/        ( 4488): ready
V/RipperService( 4488): PING
V/AndroidRipperService( 4488): mHandler.handleMessage() RECIVED
V/AndroidRipperService( 4488): broadcast()
I/AndroidRipper( 5357): Recived message: PING
V/AndroidRipperService( 4488): send()
V/AndroidRipperService( 4488): broadcast() done
V/        ( 4488): ready
V/RipperService( 4488): PING
V/AndroidRipperService( 4488): mHandler.handleMessage() RECIVED
V/AndroidRipperService( 4488): broadcast()
I/AndroidRipper( 5357): Recived message: PING
V/AndroidRipperService( 4488): send()
V/AndroidRipperService( 4488): broadcast() done
V/        ( 4488): ready
V/RipperService( 4488): PING
V/AndroidRipperService( 4488): mHandler.handleMessage() RECIVED
V/AndroidRipperService( 4488): broadcast()
I/AndroidRipper( 5357): Recived message: PING
V/AndroidRipperService( 4488): send()
V/AndroidRipperService( 4488): broadcast() done
V/        ( 4488): ready
V/SERVER  ( 4488): ServerSocket on PORT 18888: offline
V/AndroidRipperService( 4488): mHandler.handleMessage() DISCONNECTED
V/SERVER  ( 4488): Ready to accept connections on port: 18888
I/Vision  ( 2164): Requesting optional module download of ocr.
I/Vision  ( 2164): Checking for download completion for 310207 -- ocr
I/ChimeraConfigurator( 2164): Starting update, reason: 4 urgentFeatures: vision.ocr:-1
E/ConfigFileUtils( 2164): Failed to read config file: /data/data/com.google.android.gms/app_chimera/next_container.pb: open failed: ENOENT (No such file or directory)
I/ChmraDebugLogger( 2164): [73] 1801
I/ChmraDebugLogger( 2164): [30] [VisionOcr.optional:202414000700] permitMetered=true,
D/dalvikvm( 2164): GC_FOR_ALLOC freed 2143K, 13% free 21400K/24416K, paused 20ms, total 20ms
W/ChimeraConfigService( 2164): Retry attempt was throttled.
I/ContentMaintenance( 2164): Internal cache bytes used: 0; limit: 39526809; download size: 0
I/RealtimeCacheCleanup( 2164): Beginning Realtime garbage collection.
I/RealtimeCacheCleanup( 2164): Finished Realtime garbage collection.
I/Vision  ( 2164): Requesting optional module download of ocr.
I/Vision  ( 2164): Checking for download completion for 320216 -- ocr
I/Vision  ( 2164): Requesting optional module download of ocr.
I/Vision  ( 2164): Checking for download completion for 330226 -- ocr
I/Vision  ( 2164): Requesting optional module download of ocr.
I/Vision  ( 2164): Checking for download completion for 340235 -- ocr
I/Vision  ( 2164): Requesting optional module download of ocr.
I/ActivityManager( 1569): Killing 2552:com.google.android.play.games/u0a43 (adj 15): empty #17
I/NetworkScheduler.Stats( 1771): Task com.google.android.gms/com.google.android.gms.auth.account.be.legacy.AuthCronService started execution. cause:4 exec_start_elapsed_seconds: 347 [CONTEXT service_id=218 ]
D/dalvikvm( 1771): GC_FOR_ALLOC freed 2161K, 23% free 10227K/13116K, paused 11ms, total 11ms
D/EGL_emulation( 2746): eglCreateContext: 0xb827fdd0: maj 3 min 0 rcv 3
D/EGL_emulation( 2746): eglMakeCurrent: 0xb827fdd0: ver 3 0
E/eglCodecCommon( 2746): glUtilsParamSize: unknow param 0x00008cdf
E/eglCodecCommon( 2746): glUtilsParamSize: unknow param 0x00008824
D/EGL_emulation( 2746): eglCreateContext: 0xb827fdd0: maj 3 min 0 rcv 3
D/EGL_emulation( 2746): eglMakeCurrent: 0xb827fdd0: ver 3 0
E/eglCodecCommon( 2746): glUtilsParamSize: unknow param 0x00008cdf
E/eglCodecCommon( 2746): glUtilsParamSize: unknow param 0x00008824
D/dalvikvm( 2746): GC_FOR_ALLOC freed 1035K, 42% free 5668K/9644K, paused 4ms, total 4ms
D/        ( 2746): HostConnection::get() New Host Connection established 0xb821b1c0, tid 5417
D/EGL_emulation( 2746): eglCreateContext: 0xb8282630: maj 3 min 0 rcv 3
D/EGL_emulation( 2746): eglMakeCurrent: 0xb8282630: ver 3 0
E/eglCodecCommon( 2746): glUtilsParamSize: unknow param 0x00008cdf
E/eglCodecCommon( 2746): glUtilsParamSize: unknow param 0x00008824
D/EGL_emulation( 2746): eglCreateContext: 0xb8282630: maj 3 min 0 rcv 3
D/EGL_emulation( 2746): eglMakeCurrent: 0xb8282630: ver 3 0
E/eglCodecCommon( 2746): glUtilsParamSize: unknow param 0x00008cdf
E/eglCodecCommon( 2746): glUtilsParamSize: unknow param 0x00008824
W/GLSUser ( 1845): [AppCertManager] IOException while requesting key: 
W/GLSUser ( 1845): java.io.IOException: Invalid device key response.
W/GLSUser ( 1845): 	at gtl.a(:com.google.android.gms@202414005@20.24.14 (000700-319035315):49)
W/GLSUser ( 1845): 	at gtj.b(:com.google.android.gms@202414005@20.24.14 (000700-319035315):2)
W/GLSUser ( 1845): 	at gte.a(:com.google.android.gms@202414005@20.24.14 (000700-319035315):0)
W/GLSUser ( 1845): 	at gth.a(:com.google.android.gms@202414005@20.24.14 (000700-319035315):10)
W/GLSUser ( 1845): 	at eyt.call(:com.google.android.gms@202414005@20.24.14 (000700-319035315):0)
W/GLSUser ( 1845): 	at java.util.concurrent.FutureTask.run(FutureTask.java:237)
W/GLSUser ( 1845): 	at nlp.b(:com.google.android.gms@202414005@20.24.14 (000700-319035315):12)
W/GLSUser ( 1845): 	at nlp.run(:com.google.android.gms@202414005@20.24.14 (000700-319035315):7)
W/GLSUser ( 1845): 	at java.util.concurrent.ThreadPoolExecutor.runWorker(ThreadPoolExecutor.java:1112)
W/GLSUser ( 1845): 	at java.util.concurrent.ThreadPoolExecutor$Worker.run(ThreadPoolExecutor.java:587)
W/GLSUser ( 1845): 	at nrd.run(:com.google.android.gms@202414005@20.24.14 (000700-319035315):0)
W/GLSUser ( 1845): 	at java.lang.Thread.run(Thread.java:841)
I/NetworkScheduler.Stats( 1771): Task com.google.android.gms/com.google.android.gms.auth.account.be.legacy.AuthCronService finished executing. cause:4 result: 3 elapsed_millis: 522 uptime_millis: 522 exec_start_elapsed_seconds: 347 [CONTEXT service_id=218 ]
D/dalvikvm( 2746): GC_FOR_ALLOC freed 842K, 41% free 5719K/9644K, paused 4ms, total 4ms
D/AndroidRuntime( 5423): 
D/AndroidRuntime( 5423): >>>>>> AndroidRuntime START com.android.internal.os.RuntimeInit <<<<<<
W/linker  ( 5423): libdvm.so has text relocations. This is wasting memory and is a security risk. Please fix.
D/AndroidRuntime( 5423): CheckJNI is ON
D/dalvikvm( 5423): Trying to load lib libjavacore.so 0x0
D/dalvikvm( 5423): Added shared lib libjavacore.so 0x0
D/dalvikvm( 5423): Trying to load lib libnativehelper.so 0x0
D/dalvikvm( 5423): Added shared lib libnativehelper.so 0x0
D/dalvikvm( 5423): No JNI_OnLoad found in libnativehelper.so 0x0, skipping init
D/dalvikvm( 5423): Note: class Landroid/app/ActivityManagerNative; has 179 unimplemented (abstract) methods
E/memtrack( 5423): Couldn't load memtrack module (No such file or directory)
E/android.os.Debug( 5423): failed to load memtrack module: -2
D/AndroidRuntime( 5423): Calling main entry com.android.commands.pm.Pm
D/AndroidRuntime( 5423): Shutting down VM
D/jdwp    ( 5423): Got wake-up signal, bailing out of select
D/dalvikvm( 5423): Debugger has detached; object registry had 1 entries
D/AndroidRuntime( 5436): 
D/AndroidRuntime( 5436): >>>>>> AndroidRuntime START com.android.internal.os.RuntimeInit <<<<<<
W/linker  ( 5436): libdvm.so has text relocations. This is wasting memory and is a security risk. Please fix.
D/AndroidRuntime( 5436): CheckJNI is ON
D/dalvikvm( 5436): Trying to load lib libjavacore.so 0x0
D/dalvikvm( 5436): Added shared lib libjavacore.so 0x0
D/dalvikvm( 5436): Trying to load lib libnativehelper.so 0x0
D/dalvikvm( 5436): Added shared lib libnativehelper.so 0x0
D/dalvikvm( 5436): No JNI_OnLoad found in libnativehelper.so 0x0, skipping init
D/dalvikvm( 5436): Note: class Landroid/app/ActivityManagerNative; has 179 unimplemented (abstract) methods
E/memtrack( 5436): Couldn't load memtrack module (No such file or directory)
E/android.os.Debug( 5436): failed to load memtrack module: -2
D/AndroidRuntime( 5436): Calling main entry com.android.commands.pm.Pm
D/AndroidRuntime( 5436): Shutting down VM
D/jdwp    ( 5436): Got wake-up signal, bailing out of select
D/dalvikvm( 5436): Debugger has detached; object registry had 1 entries
D/AndroidRuntime( 5447): 
D/AndroidRuntime( 5447): >>>>>> AndroidRuntime START com.android.internal.os.RuntimeInit <<<<<<
W/linker  ( 5447): libdvm.so has text relocations. This is wasting memory and is a security risk. Please fix.
D/AndroidRuntime( 5447): CheckJNI is ON
D/dalvikvm( 5447): Trying to load lib libjavacore.so 0x0
D/dalvikvm( 5447): Added shared lib libjavacore.so 0x0
D/dalvikvm( 5447): Trying to load lib libnativehelper.so 0x0
D/dalvikvm( 5447): Added shared lib libnativehelper.so 0x0
D/dalvikvm( 5447): No JNI_OnLoad found in libnativehelper.so 0x0, skipping init
D/dalvikvm( 5447): Note: class Landroid/app/ActivityManagerNative; has 179 unimplemented (abstract) methods
E/memtrack( 5447): Couldn't load memtrack module (No such file or directory)
E/android.os.Debug( 5447): failed to load memtrack module: -2
D/AndroidRuntime( 5447): Calling main entry com.android.commands.pm.Pm
I/GeofencerStateMachine( 1771): removeGeofences: removeRequest=RemoveGeofencingRequest[REMOVE_ALL packageName=it.unina.android.ripper]
D/Documents( 3190): Used cached roots for com.android.providers.downloads.documents
D/Documents( 3190): Used cached roots for com.android.externalstorage.documents
D/Documents( 3190): Used cached roots for com.android.providers.media.documents
D/Documents( 3190): Update found 6 roots in 0ms
I/ActivityManager( 1569): Force stopping it.unina.android.ripper appid=10070 user=0: clear data
D/keystore( 1149): calling clear_uid in state: 3
D/AndroidRuntime( 5447): Shutting down VM
D/jdwp    ( 5447): Got wake-up signal, bailing out of select
D/dalvikvm( 5447): Debugger has detached; object registry had 1 entries
I/Icing   ( 2164): doRemovePackageData it.unina.android.ripper
I/Fitness ( 1771): FitCleanupIntentOperation received Intent android.intent.action.PACKAGE_DATA_CLEARED [CONTEXT service_id=17 ]
D/AndroidRuntime( 5472): 
D/AndroidRuntime( 5472): >>>>>> AndroidRuntime START com.android.internal.os.RuntimeInit <<<<<<
W/linker  ( 5472): libdvm.so has text relocations. This is wasting memory and is a security risk. Please fix.
D/AndroidRuntime( 5472): CheckJNI is ON
D/dalvikvm( 5472): Trying to load lib libjavacore.so 0x0
D/dalvikvm( 5472): Added shared lib libjavacore.so 0x0
D/dalvikvm( 5472): Trying to load lib libnativehelper.so 0x0
D/dalvikvm( 5472): Added shared lib libnativehelper.so 0x0
D/dalvikvm( 5472): No JNI_OnLoad found in libnativehelper.so 0x0, skipping init
D/dalvikvm( 5472): Note: class Landroid/app/ActivityManagerNative; has 179 unimplemented (abstract) methods
E/memtrack( 5472): Couldn't load memtrack module (No such file or directory)
E/android.os.Debug( 5472): failed to load memtrack module: -2
D/AndroidRuntime( 5472): Calling main entry com.android.commands.pm.Pm
I/ActivityManager( 1569): Force stopping it.unina.android.ripper appid=10070 user=-1: uninstall pkg
W/PackageManager( 1569): Couldn't delete native library directory /data/app-lib/it.unina.android.ripper
D/keystore( 1149): calling clear_uid in state: 3
D/dalvikvm( 5357): GC_EXPLICIT freed 174K, 6% free 6081K/6444K, paused 0ms+1ms, total 3ms
I/Launcher( 1931): Deferring update until onResume
I/ActivityManager( 1569): Force stopping it.unina.android.ripper appid=10070 user=0: pkg removed
I/GeofencerStateMachine( 1771): removeGeofences: removeRequest=RemoveGeofencingRequest[REMOVE_ALL packageName=it.unina.android.ripper]
W/Launcher.Model( 2346): Nobody to tell about the new app.  Launcher is probably loading.
I/Launcher( 1931): Deferring update until onResume
D/Documents( 3190): Used cached roots for com.android.providers.downloads.documents
D/Documents( 3190): Used cached roots for com.android.externalstorage.documents
D/Documents( 3190): Used cached roots for com.android.providers.media.documents
D/Documents( 3190): Update found 6 roots in 5ms
I/InputReader( 1569): Reconfiguring input devices.  changes=0x00000010
I/PackageManager( 1569):   Action: "android.intent.action.SENDTO"
I/PackageManager( 1569):   Category: "android.intent.category.DEFAULT"
I/PackageManager( 1569):   Scheme: "sms"
I/PackageManager( 1569): Adding preferred activity ComponentInfo{com.android.mms/com.android.mms.ui.ComposeMessageActivity} for user 0 :
I/PackageManager( 1569):   Action: "android.intent.action.SENDTO"
I/PackageManager( 1569):   Category: "android.intent.category.DEFAULT"
I/PackageManager( 1569):   Scheme: "smsto"
D/VoicemailCleanupService( 1881): Cleaning up data for package: it.unina.android.ripper
I/PackageManager( 1569): Adding preferred activity ComponentInfo{com.android.mms/com.android.mms.ui.ComposeMessageActivity} for user 0 :
D/BackupManagerService( 1569): Received broadcast Intent { act=android.intent.action.PACKAGE_REMOVED dat=package:it.unina.android.ripper flg=0x4000010 (has extras) }
D/dalvikvm( 1794): GC_FOR_ALLOC freed 470K, 18% free 3642K/4392K, paused 2ms, total 4ms
V/BackupManagerService( 1569): removePackageParticipantsLocked: uid=10070 #1
I/PackageManager( 1569):   Action: "android.intent.action.SENDTO"
I/PackageManager( 1569):   Category: "android.intent.category.DEFAULT"
I/PackageManager( 1569):   Scheme: "mms"
I/ActivityManager( 1569): Delay finish: com.google.android.gms/.games.chimera.GamesSystemBroadcastReceiverProxy
I/PackageManager( 1569): Adding preferred activity ComponentInfo{com.android.mms/com.android.mms.ui.ComposeMessageActivity} for user 0 :
D/dalvikvm( 1569): GC_EXPLICIT freed 1352K, 41% free 9571K/16104K, paused 3ms+2ms, total 22ms
D/dalvikvm( 1569): WAIT_FOR_CONCURRENT_GC blocked 9ms
D/dalvikvm( 1569): WAIT_FOR_CONCURRENT_GC blocked 9ms
D/AndroidRuntime( 5472): Shutting down VM
D/dalvikvm( 1569): WAIT_FOR_CONCURRENT_GC blocked 10ms
D/jdwp    ( 5472): Got wake-up signal, bailing out of select
D/dalvikvm( 5472): Debugger has detached; object registry had 1 entries
I/Fitness ( 1771): FitCleanupIntentOperation received Intent android.intent.action.PACKAGE_REMOVED [CONTEXT service_id=17 ]
I/ContentMaintenance( 2164): Internal cache bytes used: 0; limit: 39526809; download size: 0
I/ActivityManager( 1569): Resuming delayed broadcast
I/ActivityManager( 1569): Delay finish: com.google.android.googlequicksearchbox/com.google.android.searchcommon.summons.icing.InternalIcingCorporaProvider$CorporaChangedReceiver
I/PackageManager( 1569):   Action: "android.intent.action.SENDTO"
I/PackageManager( 1569):   Category: "android.intent.category.DEFAULT"
I/PackageManager( 1569):   Scheme: "mmsto"
I/Icing.InternalIcingCorporaProvider( 2305): Updating corpora: A: it.unina.android.ripper, C: MAYBE
I/PackageManager( 1569): Adding preferred activity ComponentInfo{com.android.mms/com.android.mms.ui.ComposeMessageActivity} for user 0 :
I/PackageManager( 1569):   Action: "android.intent.action.SENDTO"
I/PackageManager( 1569):   Category: "android.intent.category.DEFAULT"
I/PackageManager( 1569):   Scheme: "sms"
I/PackageManager( 1569): Adding preferred activity ComponentInfo{com.android.mms/com.android.mms.ui.ComposeMessageActivity} for user 0 :
I/PackageManager( 1569):   Action: "android.intent.action.SENDTO"
I/PackageManager( 1569):   Category: "android.intent.category.DEFAULT"
I/PackageManager( 1569):   Scheme: "smsto"
I/PackageManager( 1569): Adding preferred activity ComponentInfo{com.android.mms/com.android.mms.ui.ComposeMessageActivity} for user 0 :
I/Icing   ( 2164): doRemovePackageData it.unina.android.ripper
D/dalvikvm( 1794): GC_FOR_ALLOC freed 422K, 17% free 3667K/4392K, paused 4ms, total 5ms
I/RealtimeCacheCleanup( 2164): Beginning Realtime garbage collection.
I/RealtimeCacheCleanup( 2164): Finished Realtime garbage collection.
W/ContextImpl( 2305): Implicit intents with startService are not safe: Intent { act=com.google.android.gms.icing.INDEX_SERVICE } android.content.ContextWrapper.bindService:517 com.google.android.gms.internal.av.a:-1 com.google.android.gms.internal.au.connect:-1 
I/PackageManager( 1569):   Action: "android.intent.action.SENDTO"
I/PackageManager( 1569):   Category: "android.intent.category.DEFAULT"
I/PackageManager( 1569):   Scheme: "mms"
I/DownloadManager( 1819): Download 17 starting
I/PackageManager( 1569): Adding preferred activity ComponentInfo{com.android.mms/com.android.mms.ui.ComposeMessageActivity} for user 0 :
I/PackageManager( 1569):   Action: "android.intent.action.SENDTO"
I/PackageManager( 1569):   Category: "android.intent.category.DEFAULT"
I/PackageManager( 1569):   Scheme: "mmsto"
I/LatinIME:LogUtils( 1764): Dictionary info: dictionary = main:en ; version = 42 ; date = 1381226516
I/Icing   ( 2164): IndexChimeraService.getServiceInterface callingPackage=com.google.android.gms componentName=AppsCorpus serviceId=36
I/PackageManager( 1569): Adding preferred activity ComponentInfo{com.android.mms/com.android.mms.ui.ComposeMessageActivity} for user 0 :
W/DownloadManager( 1819): Aborting request for download 17: TYPE_DISALLOWED_BY_REQUESTOR
I/Icing   ( 2164): IndexChimeraService.getServiceInterface callingPackage=com.google.android.googlequicksearchbox componentName=null serviceId=21
W/Icing.InternalIcingCorporaProvider( 2305): Application table change notification failed.
I/DownloadManager( 1819): Download 17 finished with status WAITING_FOR_NETWORK
W/Icing   ( 2164): No valid account for uploading user actions
I/Icing   ( 2164): Usage reports ok 0, Failed Usage reports 0, indexed 0, rejected 0
W/Icing   ( 2164): No valid account for uploading user actions
I/Icing   ( 2164): Usage reports ok 0, Failed Usage reports 0, indexed 0, rejected 0
I/Icing   ( 2164): Indexing com.google.android.gms-apps from com.google.android.gms
I/Icing   ( 2164): Indexing done com.google.android.gms-apps
I/Icing   ( 2164): IndexChimeraService.getServiceInterface callingPackage=com.google.android.gms componentName=null serviceId=30
W/Icing   ( 2164): No valid account for uploading user actions
I/Icing   ( 2164): Usage reports ok 0, Failed Usage reports 0, indexed 0, rejected 0
D/AndroidRuntime( 5495): 
D/AndroidRuntime( 5495): >>>>>> AndroidRuntime START com.android.internal.os.RuntimeInit <<<<<<
W/linker  ( 5495): libdvm.so has text relocations. This is wasting memory and is a security risk. Please fix.
D/AndroidRuntime( 5495): CheckJNI is ON
D/dalvikvm( 5495): Trying to load lib libjavacore.so 0x0
D/dalvikvm( 5495): Added shared lib libjavacore.so 0x0
D/dalvikvm( 5495): Trying to load lib libnativehelper.so 0x0
D/dalvikvm( 5495): Added shared lib libnativehelper.so 0x0
D/dalvikvm( 5495): No JNI_OnLoad found in libnativehelper.so 0x0, skipping init
D/dalvikvm( 5495): Note: class Landroid/app/ActivityManagerNative; has 179 unimplemented (abstract) methods
E/memtrack( 5495): Couldn't load memtrack module (No such file or directory)
E/android.os.Debug( 5495): failed to load memtrack module: -2
D/AndroidRuntime( 5495): Calling main entry com.android.commands.pm.Pm
D/AndroidRuntime( 5495): Shutting down VM
D/jdwp    ( 5495): Got wake-up signal, bailing out of select
D/dalvikvm( 5495): Debugger has detached; object registry had 1 entries
D/AndroidRuntime( 5506): 
D/AndroidRuntime( 5506): >>>>>> AndroidRuntime START com.android.internal.os.RuntimeInit <<<<<<
W/linker  ( 5506): libdvm.so has text relocations. This is wasting memory and is a security risk. Please fix.
D/AndroidRuntime( 5506): CheckJNI is ON
D/dalvikvm( 5506): Trying to load lib libjavacore.so 0x0
D/dalvikvm( 5506): Added shared lib libjavacore.so 0x0
D/dalvikvm( 5506): Trying to load lib libnativehelper.so 0x0
D/dalvikvm( 5506): Added shared lib libnativehelper.so 0x0
D/dalvikvm( 5506): No JNI_OnLoad found in libnativehelper.so 0x0, skipping init
D/dalvikvm( 5506): Note: class Landroid/app/ActivityManagerNative; has 179 unimplemented (abstract) methods
E/memtrack( 5506): Couldn't load memtrack module (No such file or directory)
E/android.os.Debug( 5506): failed to load memtrack module: -2
D/AndroidRuntime( 5506): Calling main entry com.android.commands.pm.Pm
I/ActivityManager( 1569): Force stopping it.unina.android.ripper_service appid=10066 user=0: clear data
I/ActivityManager( 1569): Killing 4488:it.unina.android.ripper_service:android_ripper_service_process/u0a66 (adj 1): stop it.unina.android.ripper_service
I/ActivityManager( 1569):   Force stopping service ServiceRecord{9d3c24a0 u0 it.unina.android.ripper_service/.AndroidRipperService}
I/GeofencerStateMachine( 1771): removeGeofences: removeRequest=RemoveGeofencingRequest[REMOVE_ALL packageName=it.unina.android.ripper_service]
D/Documents( 3190): Used cached roots for com.android.providers.downloads.documents
D/Documents( 3190): Used cached roots for com.android.externalstorage.documents
D/Documents( 3190): Used cached roots for com.android.providers.media.documents
D/Documents( 3190): Update found 6 roots in 1ms
D/keystore( 1149): calling clear_uid in state: 3
D/AndroidRuntime( 5506): Shutting down VM
D/jdwp    ( 5506): Got wake-up signal, bailing out of select
D/dalvikvm( 5506): Debugger has detached; object registry had 1 entries
W/Launcher( 2346): setApplicationContext called twice! old=com.google.android.velvet.VelvetApplication@9cff07e0 new=com.google.android.velvet.VelvetApplication@9cff07e0
I/ActivityManager( 1569): Resuming delayed broadcast
W/ContextImpl( 3243): Calling a method in the system process without a qualified user: android.app.ContextImpl.startService:1479 android.content.ContextWrapper.startService:494 android.content.ContextWrapper.startService:494 com.android.keychain.KeyChainBroadcastReceiver.onReceive:12 android.app.ActivityThread.handleReceiver:2419 
I/ActivityManager( 1569): Delay finish: com.android.keychain/.KeyChainBroadcastReceiver
I/ActivityManager( 1569): Resuming delayed broadcast
I/Fitness ( 1771): FitCleanupIntentOperation received Intent android.intent.action.PACKAGE_DATA_CLEARED [CONTEXT service_id=17 ]
I/Icing   ( 2164): doRemovePackageData it.unina.android.ripper_service
D/dalvikvm( 1771): GC_FOR_ALLOC freed 2095K, 23% free 10176K/13116K, paused 12ms, total 12ms
D/AndroidRuntime( 5525): 
D/AndroidRuntime( 5525): >>>>>> AndroidRuntime START com.android.internal.os.RuntimeInit <<<<<<
W/linker  ( 5525): libdvm.so has text relocations. This is wasting memory and is a security risk. Please fix.
D/AndroidRuntime( 5525): CheckJNI is ON
D/dalvikvm( 5525): Trying to load lib libjavacore.so 0x0
D/dalvikvm( 5525): Added shared lib libjavacore.so 0x0
D/dalvikvm( 5525): Trying to load lib libnativehelper.so 0x0
D/dalvikvm( 5525): Added shared lib libnativehelper.so 0x0
D/dalvikvm( 5525): No JNI_OnLoad found in libnativehelper.so 0x0, skipping init
D/dalvikvm( 5525): Note: class Landroid/app/ActivityManagerNative; has 179 unimplemented (abstract) methods
E/memtrack( 5525): Couldn't load memtrack module (No such file or directory)
E/android.os.Debug( 5525): failed to load memtrack module: -2
D/AndroidRuntime( 5525): Calling main entry com.android.commands.pm.Pm
W/PackageManager( 1569): Couldn't delete native library directory /data/app-lib/it.unina.android.ripper_service
I/ActivityManager( 1569): Force stopping it.unina.android.ripper_service appid=10066 user=-1: uninstall pkg
D/keystore( 1149): calling clear_uid in state: 3
I/ActivityManager( 1569): Force stopping it.unina.android.ripper_service appid=10066 user=0: pkg removed
D/dalvikvm( 1931): GC_EXPLICIT freed 8854K, 36% free 17637K/27292K, paused 1ms+1ms, total 4ms
D/dalvikvm( 2346): GC_EXPLICIT freed 175K, 16% free 3508K/4140K, paused 0ms+0ms, total 2ms
D/dalvikvm( 2305): GC_EXPLICIT freed 285K, 19% free 3412K/4176K, paused 1ms+1ms, total 3ms
W/Launcher.Model( 2346): Nobody to tell about the new app.  Launcher is probably loading.
I/GeofencerStateMachine( 1771): removeGeofences: removeRequest=RemoveGeofencingRequest[REMOVE_ALL packageName=it.unina.android.ripper_service]
D/Documents( 3190): Used cached roots for com.android.providers.downloads.documents
D/Documents( 3190): Used cached roots for com.android.externalstorage.documents
D/Documents( 3190): Used cached roots for com.android.providers.media.documents
D/Documents( 3190): Update found 6 roots in 2ms
I/InputReader( 1569): Reconfiguring input devices.  changes=0x00000010
I/Launcher( 1931): Deferring update until onResume
I/PackageManager( 1569):   Action: "android.intent.action.SENDTO"
I/PackageManager( 1569):   Category: "android.intent.category.DEFAULT"
I/PackageManager( 1569):   Scheme: "sms"
I/Launcher( 1931): Deferring update until onResume
D/BackupManagerService( 1569): Received broadcast Intent { act=android.intent.action.PACKAGE_REMOVED dat=package:it.unina.android.ripper_service flg=0x4000010 (has extras) }
V/BackupManagerService( 1569): removePackageParticipantsLocked: uid=10066 #1
I/PackageManager( 1569): Adding preferred activity ComponentInfo{com.android.mms/com.android.mms.ui.ComposeMessageActivity} for user 0 :
I/PackageManager( 1569):   Action: "android.intent.action.SENDTO"
I/PackageManager( 1569):   Category: "android.intent.category.DEFAULT"
I/PackageManager( 1569):   Scheme: "smsto"
D/VoicemailCleanupService( 1881): Cleaning up data for package: it.unina.android.ripper_service
I/PackageManager( 1569): Adding preferred activity ComponentInfo{com.android.mms/com.android.mms.ui.ComposeMessageActivity} for user 0 :
D/dalvikvm( 2164): GC_EXPLICIT freed 1641K, 13% free 21414K/24416K, paused 1ms+2ms, total 41ms
D/dalvikvm( 1569): GC_FOR_ALLOC freed 1934K, 43% free 9285K/16104K, paused 10ms, total 11ms
D/dalvikvm( 1794): GC_FOR_ALLOC freed 450K, 18% free 3644K/4392K, paused 2ms, total 3ms
I/PackageManager( 1569):   Action: "android.intent.action.SENDTO"
I/PackageManager( 1569):   Category: "android.intent.category.DEFAULT"
I/PackageManager( 1569):   Scheme: "mms"
I/PackageManager( 1569):   Action: "android.intent.action.SENDTO"
I/PackageManager( 1569):   Category: "android.intent.category.DEFAULT"
I/PackageManager( 1569):   Scheme: "mmsto"
I/PackageManager( 1569):   Action: "android.intent.action.SENDTO"
I/PackageManager( 1569):   Category: "android.intent.category.DEFAULT"
I/PackageManager( 1569):   Scheme: "sms"
I/PackageManager( 1569): Adding preferred activity ComponentInfo{com.android.mms/com.android.mms.ui.ComposeMessageActivity} for user 0 :
I/PackageManager( 1569): Adding preferred activity ComponentInfo{com.android.mms/com.android.mms.ui.ComposeMessageActivity} for user 0 :
I/PackageManager( 1569): Adding preferred activity ComponentInfo{com.android.mms/com.android.mms.ui.ComposeMessageActivity} for user 0 :
I/PackageManager( 1569):   Action: "android.intent.action.SENDTO"
I/PackageManager( 1569):   Category: "android.intent.category.DEFAULT"
I/PackageManager( 1569):   Scheme: "smsto"
I/Icing.InternalIcingCorporaProvider( 2305): Updating corpora: A: it.unina.android.ripper_service, C: MAYBE
W/Launcher( 2346): setApplicationContext called twice! old=com.google.android.velvet.VelvetApplication@9cff07e0 new=com.google.android.velvet.VelvetApplication@9cff07e0
I/PackageManager( 1569): Adding preferred activity ComponentInfo{com.android.mms/com.android.mms.ui.ComposeMessageActivity} for user 0 :
D/dalvikvm( 1794): GC_FOR_ALLOC freed 422K, 17% free 3669K/4392K, paused 2ms, total 2ms
I/PackageManager( 1569):   Action: "android.intent.action.SENDTO"
I/PackageManager( 1569):   Category: "android.intent.category.DEFAULT"
I/PackageManager( 1569):   Scheme: "mms"
I/Fitness ( 1771): FitCleanupIntentOperation received Intent android.intent.action.PACKAGE_REMOVED [CONTEXT service_id=17 ]
W/ContextImpl( 3243): Calling a method in the system process without a qualified user: android.app.ContextImpl.startService:1479 android.content.ContextWrapper.startService:494 android.content.ContextWrapper.startService:494 com.android.keychain.KeyChainBroadcastReceiver.onReceive:12 android.app.ActivityThread.handleReceiver:2419 
I/PackageManager( 1569): Adding preferred activity ComponentInfo{com.android.mms/com.android.mms.ui.ComposeMessageActivity} for user 0 :
I/PackageManager( 1569):   Action: "android.intent.action.SENDTO"
I/PackageManager( 1569):   Category: "android.intent.category.DEFAULT"
I/PackageManager( 1569):   Scheme: "mmsto"
D/dalvikvm( 1569): GC_EXPLICIT freed 950K, 42% free 9422K/16104K, paused 3ms+5ms, total 51ms
D/AndroidRuntime( 5525): Shutting down VM
D/jdwp    ( 5525): Got wake-up signal, bailing out of select
D/dalvikvm( 5525): Debugger has detached; object registry had 1 entries
I/ActivityManager( 1569): Delay finish: com.android.keychain/.KeyChainBroadcastReceiver
I/PackageManager( 1569): Adding preferred activity ComponentInfo{com.android.mms/com.android.mms.ui.ComposeMessageActivity} for user 0 :
I/ActivityManager( 1569): Resuming delayed broadcast
D/dalvikvm( 3190): GC_FOR_ALLOC freed 648K, 16% free 6038K/7168K, paused 2ms, total 2ms
I/Icing   ( 2164): IndexChimeraService.getServiceInterface callingPackage=com.google.android.googlequicksearchbox componentName=null serviceId=21
I/Icing   ( 2164): doRemovePackageData it.unina.android.ripper_service
D/dalvikvm( 1764): GC_FOR_ALLOC freed 501K, 17% free 3429K/4112K, paused 2ms, total 5ms
I/LatinIME:LogUtils( 1764): Dictionary info: dictionary = main:en ; version = 42 ; date = 1381226516
W/Icing   ( 2164): No valid account for uploading user actions
I/Icing   ( 2164): Usage reports ok 0, Failed Usage reports 0, indexed 0, rejected 0
I/Icing   ( 2164): Indexing com.google.android.googlequicksearchbox-applications from com.google.android.googlequicksearchbox
I/DownloadManager( 1819): Download 18 starting
I/Icing   ( 2164): Indexing com.google.android.gms-apps from com.google.android.gms
W/DownloadManager( 1819): Aborting request for download 18: TYPE_DISALLOWED_BY_REQUESTOR
I/Icing   ( 2164): Indexing done com.google.android.googlequicksearchbox-applications
I/DownloadManager( 1819): Download 18 finished with status WAITING_FOR_NETWORK
I/Icing   ( 2164): Indexing done com.google.android.gms-apps
I/Icing   ( 2164): Indexing com.google.android.gms-internal.3p:MobileApplication from com.google.android.gms
I/Icing   ( 2164): Indexing done com.google.android.gms-internal.3p:MobileApplication
D/AndroidRuntime( 5556): 
D/AndroidRuntime( 5556): >>>>>> AndroidRuntime START com.android.internal.os.RuntimeInit <<<<<<
W/linker  ( 5556): libdvm.so has text relocations. This is wasting memory and is a security risk. Please fix.
D/AndroidRuntime( 5556): CheckJNI is ON
D/dalvikvm( 5556): Trying to load lib libjavacore.so 0x0
D/dalvikvm( 5556): Added shared lib libjavacore.so 0x0
D/dalvikvm( 5556): Trying to load lib libnativehelper.so 0x0
D/dalvikvm( 5556): Added shared lib libnativehelper.so 0x0
D/dalvikvm( 5556): No JNI_OnLoad found in libnativehelper.so 0x0, skipping init
D/dalvikvm( 5556): Note: class Landroid/app/ActivityManagerNative; has 179 unimplemented (abstract) methods
E/memtrack( 5556): Couldn't load memtrack module (No such file or directory)
E/android.os.Debug( 5556): failed to load memtrack module: -2
D/AndroidRuntime( 5556): Calling main entry com.android.commands.pm.Pm
W/ActivityManager( 1569): No content provider found for permission revoke: file:///data/local/tmp/AndroidRipperService.apk
W/ActivityManager( 1569): No content provider found for permission revoke: file:///data/local/tmp/AndroidRipperService.apk
I/PackageManager( 1569): Copying native libraries to /data/app-lib/vmdl785879713
I/PackageParser( 1569): it.unina.android.ripper_service: compat added android.permission.WRITE_EXTERNAL_STORAGE android.permission.READ_PHONE_STATE
I/PackageManager( 1569): Running dexopt on: it.unina.android.ripper_service
W/linker  ( 5567): libdvm.so has text relocations. This is wasting memory and is a security risk. Please fix.
D/dalvikvm( 5567): DexOpt: load 4ms, verify+opt 21ms, 1117628 bytes
I/ActivityManager( 1569): Force stopping it.unina.android.ripper_service appid=10071 user=-1: update pkg
I/InputReader( 1569): Reconfiguring input devices.  changes=0x00000010
D/Documents( 3190): Used cached roots for com.android.providers.downloads.documents
D/Documents( 3190): Used cached roots for com.android.externalstorage.documents
D/Documents( 3190): Used cached roots for com.android.providers.media.documents
D/Documents( 3190): Update found 6 roots in 2ms
I/Launcher( 1931): Deferring update until onResume
I/Launcher( 1931): Deferring update until onResume
W/Launcher.Model( 2346): Nobody to tell about the new app.  Launcher is probably loading.
I/PackageManager( 1569):   Action: "android.intent.action.SENDTO"
I/PackageManager( 1569):   Category: "android.intent.category.DEFAULT"
I/PackageManager( 1569):   Scheme: "sms"
I/PackageManager( 1569): Adding preferred activity ComponentInfo{com.android.mms/com.android.mms.ui.ComposeMessageActivity} for user 0 :
I/PackageManager( 1569):   Action: "android.intent.action.SENDTO"
I/PackageManager( 1569):   Category: "android.intent.category.DEFAULT"
I/PackageManager( 1569):   Scheme: "smsto"
D/dalvikvm( 1794): GC_FOR_ALLOC freed 453K, 18% free 3643K/4392K, paused 2ms, total 2ms
D/BackupManagerService( 1569): Received broadcast Intent { act=android.intent.action.PACKAGE_ADDED dat=package:it.unina.android.ripper_service flg=0x4000010 (has extras) }
V/BackupManagerService( 1569): addPackageParticipantsLocked: #1
I/PackageManager( 1569): Adding preferred activity ComponentInfo{com.android.mms/com.android.mms.ui.ComposeMessageActivity} for user 0 :
I/PackageManager( 1569):   Action: "android.intent.action.SENDTO"
I/PackageManager( 1569):   Category: "android.intent.category.DEFAULT"
I/PackageManager( 1569):   Scheme: "mms"
W/GCM     ( 1771): Unexpected forwarded intent: Intent { act=android.intent.action.PACKAGE_ADDED dat=package:it.unina.android.ripper_service flg=0x4000010 cmp=com.google.android.gms/.chimera.PersistentIntentOperationService (has extras) }
W/GCM     ( 1771): Unexpected forwarded intent: Intent { act=android.intent.action.PACKAGE_ADDED dat=package:it.unina.android.ripper_service flg=0x4000010 cmp=com.google.android.gms/.chimera.PersistentIntentOperationService (has extras) }
I/PackageManager( 1569):   Action: "android.intent.action.SENDTO"
I/PackageManager( 1569):   Category: "android.intent.category.DEFAULT"
I/PackageManager( 1569):   Scheme: "mmsto"
I/Auth    ( 2164): [SupervisedAccountIntentOperation] onHandleIntent(): android.intent.action.PACKAGE_ADDED
I/ChromeSync( 2164): [Sync,SyncIntentOperation] Handling the intent: Intent { act=android.intent.action.PACKAGE_ADDED dat=package:it.unina.android.ripper_service flg=0x4000010 cmp=com.google.android.gms/.chimera.GmsIntentOperationService (has extras) }.
I/FontLog ( 2164): Package it.unina.android.ripper_service has no metadata [CONTEXT service_id=132 ]
E/GmsClient( 2164): unable to connect to service: com.google.android.gms.auth.key.retrieval.service.START on com.google.android.gms
I/PackageManager( 1569): Adding preferred activity ComponentInfo{com.android.mms/com.android.mms.ui.ComposeMessageActivity} for user 0 :
I/PackageManager( 1569): Adding preferred activity ComponentInfo{com.android.mms/com.android.mms.ui.ComposeMessageActivity} for user 0 :
