I/Icing   ( 2164): Indexing com.google.android.gms-apps from com.google.android.gms
I/Icing   ( 2164): Indexing com.google.android.gms-internal.3p:MobileApplication from com.google.android.gms
I/Icing   ( 2164): Indexing done com.google.android.gms-apps
I/Icing   ( 2164): Indexing done com.google.android.gms-internal.3p:MobileApplication
I/ahkf    ( 1771): Removed 0 invalid users [CONTEXT service_id=51 ]
D/dalvikvm( 1771): GC_FOR_ALLOC freed 1834K, 23% free 10213K/13116K, paused 8ms, total 8ms
D/AndroidRuntime( 5241): 
D/AndroidRuntime( 5241): >>>>>> AndroidRuntime START com.android.internal.os.RuntimeInit <<<<<<
W/linker  ( 5241): libdvm.so has text relocations. This is wasting memory and is a security risk. Please fix.
D/AndroidRuntime( 5241): CheckJNI is ON
D/dalvikvm( 5241): Trying to load lib libjavacore.so 0x0
D/dalvikvm( 5241): Added shared lib libjavacore.so 0x0
D/dalvikvm( 5241): Trying to load lib libnativehelper.so 0x0
D/dalvikvm( 5241): Added shared lib libnativehelper.so 0x0
D/dalvikvm( 5241): No JNI_OnLoad found in libnativehelper.so 0x0, skipping init
D/dalvikvm( 5241): Note: class Landroid/app/ActivityManagerNative; has 179 unimplemented (abstract) methods
E/memtrack( 5241): Couldn't load memtrack module (No such file or directory)
E/android.os.Debug( 5241): failed to load memtrack module: -2
D/AndroidRuntime( 5241): Calling main entry com.android.commands.pm.Pm
D/AndroidRuntime( 5241): Shutting down VM
D/dalvikvm( 5241): GC_CONCURRENT freed 93K, 15% free 557K/652K, paused 1ms+0ms, total 2ms
D/AndroidRuntime( 5254): 
D/AndroidRuntime( 5254): >>>>>> AndroidRuntime START com.android.internal.os.RuntimeInit <<<<<<
W/linker  ( 5254): libdvm.so has text relocations. This is wasting memory and is a security risk. Please fix.
D/AndroidRuntime( 5254): CheckJNI is ON
D/dalvikvm( 5254): Trying to load lib libjavacore.so 0x0
D/dalvikvm( 5254): Added shared lib libjavacore.so 0x0
D/dalvikvm( 5254): Trying to load lib libnativehelper.so 0x0
D/dalvikvm( 5254): Added shared lib libnativehelper.so 0x0
D/dalvikvm( 5254): No JNI_OnLoad found in libnativehelper.so 0x0, skipping init
D/dalvikvm( 5254): Note: class Landroid/app/ActivityManagerNative; has 179 unimplemented (abstract) methods
E/memtrack( 5254): Couldn't load memtrack module (No such file or directory)
E/android.os.Debug( 5254): failed to load memtrack module: -2
D/AndroidRuntime( 5254): Calling main entry com.android.commands.pm.Pm
I/ActivityManager( 1569): Force stopping it.unina.android.ripper appid=10068 user=0: clear data
D/keystore( 1149): calling clear_uid in state: 3
I/GeofencerStateMachine( 1771): removeGeofences: removeRequest=RemoveGeofencingRequest[REMOVE_ALL packageName=it.unina.android.ripper]
D/Documents( 3190): Used cached roots for com.android.providers.downloads.documents
D/Documents( 3190): Used cached roots for com.android.externalstorage.documents
D/Documents( 3190): Used cached roots for com.android.providers.media.documents
D/Documents( 3190): Update found 6 roots in 1ms
D/AndroidRuntime( 5254): Shutting down VM
D/dalvikvm( 5254): GC_CONCURRENT freed 92K, 15% free 549K/644K, paused 0ms+0ms, total 1ms
I/Icing   ( 2164): doRemovePackageData it.unina.android.ripper
I/Fitness ( 1771): FitCleanupIntentOperation received Intent android.intent.action.PACKAGE_DATA_CLEARED [CONTEXT service_id=17 ]
D/dalvikvm( 1771): GC_FOR_ALLOC freed 2062K, 23% free 10198K/13116K, paused 9ms, total 9ms
D/AndroidRuntime( 5270): 
D/AndroidRuntime( 5270): >>>>>> AndroidRuntime START com.android.internal.os.RuntimeInit <<<<<<
W/linker  ( 5270): libdvm.so has text relocations. This is wasting memory and is a security risk. Please fix.
D/AndroidRuntime( 5270): CheckJNI is ON
D/dalvikvm( 5270): Trying to load lib libjavacore.so 0x0
D/dalvikvm( 5270): Added shared lib libjavacore.so 0x0
D/dalvikvm( 5270): Trying to load lib libnativehelper.so 0x0
D/dalvikvm( 5270): Added shared lib libnativehelper.so 0x0
D/dalvikvm( 5270): No JNI_OnLoad found in libnativehelper.so 0x0, skipping init
D/dalvikvm( 5270): Note: class Landroid/app/ActivityManagerNative; has 179 unimplemented (abstract) methods
I/PGAPhenotypeBroadcastRe( 3032): Received Phenotype update.
E/memtrack( 5270): Couldn't load memtrack module (No such file or directory)
E/android.os.Debug( 5270): failed to load memtrack module: -2
I/ahju    ( 1771): Scheduling a periodic sync task every 86400 seconds, with flex of 1800 seconds [CONTEXT service_id=51 ]
D/AndroidRuntime( 5270): Calling main entry com.android.commands.pm.Pm
I/ActivityManager( 1569): Force stopping it.unina.android.ripper appid=10068 user=-1: uninstall pkg
W/PackageManager( 1569): Couldn't delete native library directory /data/app-lib/it.unina.android.ripper
I/ahju    ( 1771): Scheduling adaptive one off task with window [14400, 604800] in seconds [CONTEXT service_id=51 ]
D/keystore( 1149): calling clear_uid in state: 3
I/ActivityManager( 1569): Force stopping it.unina.android.ripper appid=10068 user=0: pkg removed
I/InputReader( 1569): Reconfiguring input devices.  changes=0x00000010
W/Launcher.Model( 2346): Nobody to tell about the new app.  Launcher is probably loading.
D/Documents( 3190): Used cached roots for com.android.providers.downloads.documents
D/Documents( 3190): Used cached roots for com.android.externalstorage.documents
D/Documents( 3190): Used cached roots for com.android.providers.media.documents
D/Documents( 3190): Update found 6 roots in 0ms
I/PackageManager( 1569):   Action: "android.intent.action.SENDTO"
I/PackageManager( 1569):   Category: "android.intent.category.DEFAULT"
I/PackageManager( 1569):   Scheme: "sms"
I/GeofencerStateMachine( 1771): removeGeofences: removeRequest=RemoveGeofencingRequest[REMOVE_ALL packageName=it.unina.android.ripper]
I/PackageManager( 1569): Adding preferred activity ComponentInfo{com.android.mms/com.android.mms.ui.ComposeMessageActivity} for user 0 :
I/Auth    ( 1771): [AuthManaged,PasswordComplexityHelperImpl] Updating password complexity components state.
I/Auth    ( 1771): [AuthManaged,PasswordComplexityHelperImpl] Enabling com.google.android.gms.auth.managed.ui.SetNewPasswordActivity
D/BackupManagerService( 1569): Received broadcast Intent { act=android.intent.action.PACKAGE_REMOVED dat=package:it.unina.android.ripper flg=0x4000010 (has extras) }
V/BackupManagerService( 1569): removePackageParticipantsLocked: uid=10068 #1
I/PackageManager( 1569):   Action: "android.intent.action.SENDTO"
I/PackageManager( 1569):   Category: "android.intent.category.DEFAULT"
I/PackageManager( 1569):   Scheme: "smsto"
D/dalvikvm( 1794): GC_FOR_ALLOC freed 450K, 18% free 3642K/4392K, paused 2ms, total 2ms
I/PackageManager( 1569): Adding preferred activity ComponentInfo{com.android.mms/com.android.mms.ui.ComposeMessageActivity} for user 0 :
I/PackageManager( 1569):   Action: "android.intent.action.SENDTO"
I/PackageManager( 1569):   Category: "android.intent.category.DEFAULT"
I/PackageManager( 1569):   Scheme: "mms"
I/PackageManager( 1569):   Action: "android.intent.action.SENDTO"
I/PackageManager( 1569):   Category: "android.intent.category.DEFAULT"
I/PackageManager( 1569):   Scheme: "mmsto"
I/PackageManager( 1569): Adding preferred activity ComponentInfo{com.android.mms/com.android.mms.ui.ComposeMessageActivity} for user 0 :
I/PackageManager( 1569): Adding preferred activity ComponentInfo{com.android.mms/com.android.mms.ui.ComposeMessageActivity} for user 0 :
D/dalvikvm( 1569): GC_EXPLICIT freed 1698K, 38% free 10031K/16104K, paused 9ms+1ms, total 21ms
D/dalvikvm( 1569): WAIT_FOR_CONCURRENT_GC blocked 9ms
D/AndroidRuntime( 5270): Shutting down VM
D/dalvikvm( 5270): GC_CONCURRENT freed 92K, 15% free 549K/644K, paused 0ms+0ms, total 1ms
D/dalvikvm( 1771): GC_FOR_ALLOC freed 1936K, 22% free 10310K/13116K, paused 14ms, total 15ms
I/PackageManager( 1569):   Action: "android.intent.action.SENDTO"
I/PackageManager( 1569):   Category: "android.intent.category.DEFAULT"
I/PackageManager( 1569):   Scheme: "sms"
D/VoicemailCleanupService( 1881): Cleaning up data for package: it.unina.android.ripper
I/PackageManager( 1569): Adding preferred activity ComponentInfo{com.android.mms/com.android.mms.ui.ComposeMessageActivity} for user 0 :
I/PackageManager( 1569):   Action: "android.intent.action.SENDTO"
I/PackageManager( 1569):   Category: "android.intent.category.DEFAULT"
I/PackageManager( 1569):   Scheme: "smsto"
I/PackageManager( 1569): Adding preferred activity ComponentInfo{com.android.mms/com.android.mms.ui.ComposeMessageActivity} for user 0 :
D/dalvikvm( 1794): GC_FOR_ALLOC freed 422K, 17% free 3665K/4392K, paused 2ms, total 2ms
I/PackageManager( 1569):   Action: "android.intent.action.SENDTO"
I/PackageManager( 1569):   Category: "android.intent.category.DEFAULT"
I/PackageManager( 1569):   Scheme: "mms"
I/PackageManager( 1569): Adding preferred activity ComponentInfo{com.android.mms/com.android.mms.ui.ComposeMessageActivity} for user 0 :
I/PackageManager( 1569):   Action: "android.intent.action.SENDTO"
I/PackageManager( 1569):   Category: "android.intent.category.DEFAULT"
I/PackageManager( 1569):   Scheme: "mmsto"
I/PackageManager( 1569): Adding preferred activity ComponentInfo{com.android.mms/com.android.mms.ui.ComposeMessageActivity} for user 0 :
W/Launcher( 2346): setApplicationContext called twice! old=com.google.android.velvet.VelvetApplication@9cff07e0 new=com.google.android.velvet.VelvetApplication@9cff07e0
I/Fitness ( 1771): FitCleanupIntentOperation received Intent android.intent.action.PACKAGE_REMOVED [CONTEXT service_id=17 ]
W/ContextImpl( 3243): Calling a method in the system process without a qualified user: android.app.ContextImpl.startService:1479 android.content.ContextWrapper.startService:494 android.content.ContextWrapper.startService:494 com.android.keychain.KeyChainBroadcastReceiver.onReceive:12 android.app.ActivityThread.handleReceiver:2419 
I/Icing   ( 2164): doRemovePackageData it.unina.android.ripper
I/Icing.InternalIcingCorporaProvider( 2305): Updating corpora: A: it.unina.android.ripper, C: MAYBE
I/LatinIME:LogUtils( 1764): Dictionary info: dictionary = main:en ; version = 42 ; date = 1381226516
I/Icing   ( 2164): IndexChimeraService.getServiceInterface callingPackage=com.google.android.googlequicksearchbox componentName=null serviceId=21
W/Icing.InternalIcingCorporaProvider( 2305): Application table change notification failed.
W/Icing   ( 2164): No valid account for uploading user actions
I/Icing   ( 2164): Usage reports ok 0, Failed Usage reports 0, indexed 0, rejected 0
I/Auth    ( 1771): [AuthManaged,PasswordComplexityHelperImpl] Updating password complexity components state.
I/Auth    ( 1771): [AuthManaged,PasswordComplexityHelperImpl] Enabling com.google.android.gms.auth.managed.ui.SetNewPasswordActivity
I/Icing   ( 2164): Indexing com.google.android.gms-apps from com.google.android.gms
I/DownloadManager( 1819): Download 16 starting
W/DownloadManager( 1819): Aborting request for download 16: TYPE_DISALLOWED_BY_REQUESTOR
I/DownloadManager( 1819): Download 16 finished with status WAITING_FOR_NETWORK
I/Icing   ( 2164): Indexing done com.google.android.gms-apps
D/dalvikvm( 1771): GC_FOR_ALLOC freed 2026K, 22% free 10331K/13116K, paused 10ms, total 10ms
D/dalvikvm( 2164): GC_FOR_ALLOC freed 1862K, 12% free 21512K/24416K, paused 23ms, total 24ms
I/NetworkScheduler.Stats( 1771): Task com.google.android.gms/com.google.android.gms.phenotype.service.sync.PhenotypeConfigurator finished executing. cause:7 result: 1 elapsed_millis: 877 uptime_millis: 877 exec_start_elapsed_seconds: 275 [CONTEXT service_id=218 ]
D/AndroidRuntime( 5302): 
D/AndroidRuntime( 5302): >>>>>> AndroidRuntime START com.android.internal.os.RuntimeInit <<<<<<
W/linker  ( 5302): libdvm.so has text relocations. This is wasting memory and is a security risk. Please fix.
D/AndroidRuntime( 5302): CheckJNI is ON
D/dalvikvm( 5302): Trying to load lib libjavacore.so 0x0
D/dalvikvm( 5302): Added shared lib libjavacore.so 0x0
D/dalvikvm( 5302): Trying to load lib libnativehelper.so 0x0
D/dalvikvm( 5302): Added shared lib libnativehelper.so 0x0
D/dalvikvm( 5302): No JNI_OnLoad found in libnativehelper.so 0x0, skipping init
I/PTCommittedOperation( 1771): Receive new configuration for com.google.android.gms.people
I/ChromeSync( 2164): [Sync,SyncIntentOperation] Handling the intent: Intent { act=com.google.android.gms.phenotype.COMMITTED flg=0x10 pkg=com.google.android.gms cmp=com.google.android.gms/.chimera.GmsIntentOperationService (has extras) }.
D/dalvikvm( 5302): Note: class Landroid/app/ActivityManagerNative; has 179 unimplemented (abstract) methods
W/ActivityManager( 1569): Unable to start service Intent { act=com.google.android.gms.auth.key.retrieval.service.START pkg=com.google.android.gms } U=0: not found
E/GmsClient( 2164): unable to connect to service: com.google.android.gms.auth.key.retrieval.service.START on com.google.android.gms
W/ActivityManager( 1569): Unbind failed: could not find connection for android.os.BinderProxy@9daa4f90
I/MdiSyncModule( 2164): flag handling is skipping irrelevant intent.
I/FsaEntryPointSwitcher( 2164): setting component enabled=1 for com.google.android.gms.people.sync.focus.ContactsSyncAdapterService
I/FsaEntryPointSwitcher( 2164): Setting component enabled succeeds.
I/FsaEntryPointSwitcher( 2164): setting component enabled=2 for com.google.android.syncadapters.contacts.ContactsSyncAdapterService
I/FsaEntryPointSwitcher( 2164): Setting component enabled succeeds.
W/ModuleInitIntentOp( 2164): Dropping unexpected action com.google.android.gms.phenotype.COMMITTED
E/memtrack( 5302): Couldn't load memtrack module (No such file or directory)
E/android.os.Debug( 5302): failed to load memtrack module: -2
I/Auth    ( 1771): [AuthManaged,PasswordComplexityHelperImpl] Updating password complexity components state.
I/Auth    ( 1771): [AuthManaged,PasswordComplexityHelperImpl] Enabling com.google.android.gms.auth.managed.ui.SetNewPasswordActivity
D/AndroidRuntime( 5302): Calling main entry com.android.commands.pm.Pm
W/ActivityManager( 1569): No content provider found for permission revoke: file:///sdcard/aut.apk
W/ActivityManager( 1569): No content provider found for permission revoke: file:///sdcard/aut.apk
I/PackageManager( 1569): Copying native libraries to /data/app-lib/vmdl-787308684
W/PackageParser( 1569): Unknown element under <manifest>: meta-data at /data/app/vmdl-787308684.tmp Binary XML file line #16
D/dalvikvm( 1771): GC_FOR_ALLOC freed 2100K, 22% free 10278K/13116K, paused 13ms, total 13ms
D/dalvikvm( 1569): GC_FOR_ALLOC freed 1686K, 38% free 10110K/16104K, paused 14ms, total 14ms
I/PackageManager( 1569): Running dexopt on: org.billthefarmer.notes
I/Auth    ( 1771): [AuthManaged,PasswordComplexityHelperImpl] Updating password complexity components state.
I/Auth    ( 1771): [AuthManaged,PasswordComplexityHelperImpl] Enabling com.google.android.gms.auth.managed.ui.SetNewPasswordActivity
W/linker  ( 5314): libdvm.so has text relocations. This is wasting memory and is a security risk. Please fix.
D/dalvikvm( 5314): DexOpt: load 3ms, verify+opt 10ms, 682988 bytes
I/MS_RegisterService( 2164): Tachyon host: instantmessaging-pa.googleapis.com, Tachyon port: 443
I/MS_RegisterService( 2164): RegisterService intent:Intent { act=com.google.android.gms.matchstick.register_intent_action cat=[targeted_intent_op_prefix:com.google.android.libraries.matchstick.net.SilentRegisterIntentOperation] cmp=com.google.android.gms/.chimera.GmsIntentOperationService } isPeriodic:false
I/ActivityManager( 1569): Force stopping org.billthefarmer.notes appid=10069 user=-1: update pkg
D/dalvikvm( 1771): GC_FOR_ALLOC freed 2016K, 22% free 10310K/13116K, paused 9ms, total 9ms
D/dalvikvm( 1569): GC_FOR_ALLOC freed 1823K, 38% free 10072K/16104K, paused 11ms, total 11ms
W/DynamiteModule( 2164): Local module descriptor class for providerinstaller not found.
W/ProviderHelper( 2164): Unknown dynamite feature providerinstaller
I/DynamiteModule( 2164): Considering local module providerinstaller:0 and remote module providerinstaller:0
W/ProviderInstaller( 2164): Failed to load providerinstaller module: No acceptable module found. Local version is 0 and remote version is 0.
I/Auth    ( 1771): [AuthManaged,PasswordComplexityHelperImpl] Updating password complexity components state.
I/Auth    ( 1771): [AuthManaged,PasswordComplexityHelperImpl] Enabling com.google.android.gms.auth.managed.ui.SetNewPasswordActivity
I/PTCommittedOperation( 1771): Receive new configuration for com.google.android.gms.clearcut.public
I/ChromeSync( 2164): [Sync,SyncIntentOperation] Handling the intent: Intent { act=com.google.android.gms.phenotype.COMMITTED flg=0x10 pkg=com.google.android.gms cmp=com.google.android.gms/.chimera.GmsIntentOperationService (has extras) }.
I/MdiSyncModule( 2164): flag handling is skipping irrelevant intent.
I/InputReader( 1569): Reconfiguring input devices.  changes=0x00000010
D/Documents( 3190): Used cached roots for com.android.providers.downloads.documents
D/Documents( 3190): Used cached roots for com.android.externalstorage.documents
D/Documents( 3190): Used cached roots for com.android.providers.media.documents
D/Documents( 3190): Update found 6 roots in 3ms
I/PackageManager( 1569):   Action: "android.intent.action.SENDTO"
I/PackageManager( 1569):   Category: "android.intent.category.DEFAULT"
I/PackageManager( 1569):   Scheme: "sms"
W/Launcher.Model( 2346): Nobody to tell about the new app.  Launcher is probably loading.
W/ModuleInitIntentOp( 2164): Dropping unexpected action com.google.android.gms.phenotype.COMMITTED
I/PackageManager( 1569): Adding preferred activity ComponentInfo{com.android.mms/com.android.mms.ui.ComposeMessageActivity} for user 0 :
I/PackageManager( 1569):   Action: "android.intent.action.SENDTO"
I/PackageManager( 1569):   Category: "android.intent.category.DEFAULT"
I/PackageManager( 1569):   Scheme: "smsto"
D/BackupManagerService( 1569): Received broadcast Intent { act=android.intent.action.PACKAGE_ADDED dat=package:org.billthefarmer.notes flg=0x4000010 (has extras) }
V/BackupManagerService( 1569): addPackageParticipantsLocked: #1
I/PackageManager( 1569): Adding preferred activity ComponentInfo{com.android.mms/com.android.mms.ui.ComposeMessageActivity} for user 0 :
D/dalvikvm( 1794): GC_FOR_ALLOC freed 449K, 18% free 3643K/4392K, paused 2ms, total 5ms
I/PackageManager( 1569):   Action: "android.intent.action.SENDTO"
I/PackageManager( 1569):   Category: "android.intent.category.DEFAULT"
I/PackageManager( 1569):   Scheme: "mms"
I/PackageManager( 1569): Adding preferred activity ComponentInfo{com.android.mms/com.android.mms.ui.ComposeMessageActivity} for user 0 :
I/PackageManager( 1569):   Action: "android.intent.action.SENDTO"
I/PackageManager( 1569):   Category: "android.intent.category.DEFAULT"
I/PackageManager( 1569):   Scheme: "mmsto"
I/PackageManager( 1569): Adding preferred activity ComponentInfo{com.android.mms/com.android.mms.ui.ComposeMessageActivity} for user 0 :
W/GCM     ( 1771): Unexpected forwarded intent: Intent { act=android.intent.action.PACKAGE_ADDED dat=package:org.billthefarmer.notes flg=0x4000010 cmp=com.google.android.gms/.chimera.PersistentIntentOperationService (has extras) }
W/GCM     ( 1771): Unexpected forwarded intent: Intent { act=android.intent.action.PACKAGE_ADDED dat=package:org.billthefarmer.notes flg=0x4000010 cmp=com.google.android.gms/.chimera.PersistentIntentOperationService (has extras) }
I/Auth    ( 2164): [SupervisedAccountIntentOperation] onHandleIntent(): android.intent.action.PACKAGE_ADDED
I/ChromeSync( 2164): [Sync,SyncIntentOperation] Handling the intent: Intent { act=android.intent.action.PACKAGE_ADDED dat=package:org.billthefarmer.notes flg=0x4000010 cmp=com.google.android.gms/.chimera.GmsIntentOperationService (has extras) }.
I/FontLog ( 2164): Package org.billthefarmer.notes has no metadata [CONTEXT service_id=132 ]
I/PackageManager( 1569):   Action: "android.intent.action.SENDTO"
I/PackageManager( 1569):   Category: "android.intent.category.DEFAULT"
I/PackageManager( 1569):   Scheme: "sms"
I/Icing.InternalIcingCorporaProvider( 2305): Updating corpora: A: org.billthefarmer.notes, C: MAYBE
I/PackageManager( 1569): Adding preferred activity ComponentInfo{com.android.mms/com.android.mms.ui.ComposeMessageActivity} for user 0 :
I/PackageManager( 1569):   Action: "android.intent.action.SENDTO"
I/PackageManager( 1569):   Category: "android.intent.category.DEFAULT"
I/PackageManager( 1569):   Scheme: "smsto"
I/ChromeSync( 2164): [Persistence,AffiliationManager] One of affiliation or grouping data for android://KSmUCdTXmQS-j9D_O8l1jvyu41Pjn2mc5cb0Gvx1e9H1Aj4JCzHs_uTW26nbtH65K-YfijtBsQxGp-8R6k6HFg==@org.billthefarmer.notes/ was not found. Marking affiliation data as stale...
D/dalvikvm( 1569): GC_EXPLICIT freed 1015K, 37% free 10241K/16104K, paused 12ms+2ms, total 63ms
I/PackageManager( 1569): Adding preferred activity ComponentInfo{com.android.mms/com.android.mms.ui.ComposeMessageActivity} for user 0 :
D/dalvikvm( 1794): GC_FOR_ALLOC freed 419K, 17% free 3667K/4392K, paused 10ms, total 11ms
I/PackageManager( 1569):   Action: "android.intent.action.SENDTO"
I/PackageManager( 1569):   Category: "android.intent.category.DEFAULT"
I/PackageManager( 1569):   Scheme: "mms"
I/PackageManager( 1569): Adding preferred activity ComponentInfo{com.android.mms/com.android.mms.ui.ComposeMessageActivity} for user 0 :
D/AndroidRuntime( 5302): Shutting down VM
D/dalvikvm( 5302): GC_CONCURRENT freed 93K, 15% free 551K/648K, paused 0ms+0ms, total 1ms
I/PackageManager( 1569):   Action: "android.intent.action.SENDTO"
I/PackageManager( 1569):   Category: "android.intent.category.DEFAULT"
I/PackageManager( 1569):   Scheme: "mmsto"
I/PackageManager( 1569): Adding preferred activity ComponentInfo{com.android.mms/com.android.mms.ui.ComposeMessageActivity} for user 0 :
I/Icing   ( 2164): IndexChimeraService.getServiceInterface callingPackage=com.google.android.googlequicksearchbox componentName=null serviceId=21
I/Auth    ( 1771): [AuthManaged,PasswordComplexityHelperImpl] Updating password complexity components state.
I/Auth    ( 1771): [AuthManaged,PasswordComplexityHelperImpl] Enabling com.google.android.gms.auth.managed.ui.SetNewPasswordActivity
W/Icing   ( 2164): No valid account for uploading user actions
I/Icing   ( 2164): Usage reports ok 0, Failed Usage reports 0, indexed 0, rejected 0
I/Icing   ( 2164): Indexing com.google.android.googlequicksearchbox-applications from com.google.android.googlequicksearchbox
I/Auth    ( 1771): [AuthManaged,PasswordComplexityHelperImpl] Updating password complexity components state.
I/Auth    ( 1771): [AuthManaged,PasswordComplexityHelperImpl] Enabling com.google.android.gms.auth.managed.ui.SetNewPasswordActivity
I/PTCommittedOperation( 1771): Receive new configuration for com.google.android.gms.games
D/dalvikvm( 2164): GC_FOR_ALLOC freed 2064K, 12% free 21495K/24416K, paused 29ms, total 29ms
I/ChromeSync( 2164): [Sync,SyncIntentOperation] Handling the intent: Intent { act=com.google.android.gms.phenotype.COMMITTED flg=0x10 pkg=com.google.android.gms cmp=com.google.android.gms/.chimera.GmsIntentOperationService (has extras) }.
I/MdiSyncModule( 2164): flag handling is skipping irrelevant intent.
E/GmsClient( 2164): unable to connect to service: com.google.android.gms.auth.key.retrieval.service.START on com.google.android.gms
W/ActivityManager( 1569): Unable to start service Intent { act=com.google.android.gms.auth.key.retrieval.service.START pkg=com.google.android.gms } U=0: not found
W/ActivityManager( 1569): Unbind failed: could not find connection for android.os.BinderProxy@9d9673d0
W/ModuleInitIntentOp( 2164): Dropping unexpected action com.google.android.gms.phenotype.COMMITTED
I/Icing   ( 2164): Indexing com.google.android.gms-internal.3p:MobileApplication from com.google.android.gms
I/Icing   ( 2164): Indexing com.google.android.gms-apps from com.google.android.gms
D/dalvikvm( 1771): GC_FOR_ALLOC freed 2007K, 22% free 10350K/13116K, paused 10ms, total 10ms
I/Icing   ( 2164): Indexing done com.google.android.googlequicksearchbox-applications
I/Icing   ( 2164): Indexing done com.google.android.gms-internal.3p:MobileApplication
I/Icing   ( 2164): Indexing done com.google.android.gms-apps
I/Auth    ( 1771): [AuthManaged,PasswordComplexityHelperImpl] Updating password complexity components state.
I/Auth    ( 1771): [AuthManaged,PasswordComplexityHelperImpl] Enabling com.google.android.gms.auth.managed.ui.SetNewPasswordActivity
I/MobileDataHub( 2164): Scheduling periodic tasks
W/MobileDataHub( 2164): [Service] appsupload-periodic periodic task disabled
I/ChromeSync( 2164): [Sync,SyncIntentOperation] Handling the intent: Intent { act=com.google.android.gms.phenotype.COMMITTED flg=0x10 pkg=com.google.android.gms cmp=com.google.android.gms/.chimera.GmsIntentOperationService (has extras) }.
I/PTCommittedOperation( 1771): Receive new configuration for org.chromium.net.cronet
I/Auth    ( 1771): [AuthManaged,PasswordComplexityHelperImpl] Updating password complexity components state.
I/Auth    ( 1771): [AuthManaged,PasswordComplexityHelperImpl] Enabling com.google.android.gms.auth.managed.ui.SetNewPasswordActivity
I/MdiSyncModule( 2164): flag handling is skipping irrelevant intent.
W/ModuleInitIntentOp( 2164): Dropping unexpected action com.google.android.gms.phenotype.COMMITTED
I/Auth    ( 1771): [AuthManaged,PasswordComplexityHelperImpl] Updating password complexity components state.
I/Auth    ( 1771): [AuthManaged,PasswordComplexityHelperImpl] Enabling com.google.android.gms.auth.managed.ui.SetNewPasswordActivity
I/Auth    ( 1771): [AuthManaged,PasswordComplexityHelperImpl] Updating password complexity components state.
I/Auth    ( 1771): [AuthManaged,PasswordComplexityHelperImpl] Enabling com.google.android.gms.auth.managed.ui.SetNewPasswordActivity
I/PTCommittedOperation( 1771): Receive new configuration for com.google.android.gms
I/PTCommittedOperation( 1771): Running Fixer Framework for com.google.android.gms
D/AndroidRuntime( 5329): 
D/AndroidRuntime( 5329): >>>>>> AndroidRuntime START com.android.internal.os.RuntimeInit <<<<<<
W/linker  ( 5329): libdvm.so has text relocations. This is wasting memory and is a security risk. Please fix.
D/AndroidRuntime( 5329): CheckJNI is ON
D/dalvikvm( 5329): Trying to load lib libjavacore.so 0x0
D/dalvikvm( 5329): Added shared lib libjavacore.so 0x0
D/dalvikvm( 5329): Trying to load lib libnativehelper.so 0x0
D/dalvikvm( 5329): Added shared lib libnativehelper.so 0x0
D/dalvikvm( 5329): No JNI_OnLoad found in libnativehelper.so 0x0, skipping init
D/dalvikvm( 1771): GC_FOR_ALLOC freed 2058K, 22% free 10340K/13116K, paused 13ms, total 14ms
D/dalvikvm( 5329): Note: class Landroid/app/ActivityManagerNative; has 179 unimplemented (abstract) methods
E/memtrack( 5329): Couldn't load memtrack module (No such file or directory)
E/android.os.Debug( 5329): failed to load memtrack module: -2
D/AndroidRuntime( 5329): Calling main entry com.android.commands.pm.Pm
I/PackageManager( 1569): Running dexopt on: it.unina.android.ripper
W/linker  ( 5340): libdvm.so has text relocations. This is wasting memory and is a security risk. Please fix.
W/ActivityManager( 1569): No content provider found for permission revoke: file:///sdcard/ripper.apk
W/ActivityManager( 1569): No content provider found for permission revoke: file:///sdcard/ripper.apk
I/PackageManager( 1569): Copying native libraries to /data/app-lib/vmdl-638313906
I/PackageParser( 1569): it.unina.android.ripper: compat added android.permission.WRITE_EXTERNAL_STORAGE android.permission.READ_PHONE_STATE
D/dalvikvm( 5340): DexOpt: load 2ms, verify+opt 17ms, 936700 bytes
I/ActivityManager( 1569): Force stopping it.unina.android.ripper appid=10070 user=-1: update pkg
W/Launcher.Model( 2346): Nobody to tell about the new app.  Launcher is probably loading.
I/InputReader( 1569): Reconfiguring input devices.  changes=0x00000010
I/PackageManager( 1569):   Action: "android.intent.action.SENDTO"
I/PackageManager( 1569):   Category: "android.intent.category.DEFAULT"
I/PackageManager( 1569):   Scheme: "sms"
D/Documents( 3190): Used cached roots for com.android.providers.downloads.documents
D/Documents( 3190): Used cached roots for com.android.externalstorage.documents
D/Documents( 3190): Used cached roots for com.android.providers.media.documents
D/Documents( 3190): Update found 6 roots in 6ms
I/PackageManager( 1569): Adding preferred activity ComponentInfo{com.android.mms/com.android.mms.ui.ComposeMessageActivity} for user 0 :
D/BackupManagerService( 1569): Received broadcast Intent { act=android.intent.action.PACKAGE_ADDED dat=package:it.unina.android.ripper flg=0x4000010 (has extras) }
V/BackupManagerService( 1569): addPackageParticipantsLocked: #1
I/PackageManager( 1569):   Action: "android.intent.action.SENDTO"
I/PackageManager( 1569):   Category: "android.intent.category.DEFAULT"
I/PackageManager( 1569):   Scheme: "smsto"
D/dalvikvm( 1794): GC_FOR_ALLOC freed 445K, 18% free 3642K/4392K, paused 2ms, total 2ms
I/PackageManager( 1569): Adding preferred activity ComponentInfo{com.android.mms/com.android.mms.ui.ComposeMessageActivity} for user 0 :
I/PackageManager( 1569):   Action: "android.intent.action.SENDTO"
I/PackageManager( 1569):   Category: "android.intent.category.DEFAULT"
I/PackageManager( 1569):   Scheme: "mms"
W/GCM     ( 1771): Unexpected forwarded intent: Intent { act=android.intent.action.PACKAGE_ADDED dat=package:it.unina.android.ripper flg=0x4000010 cmp=com.google.android.gms/.chimera.PersistentIntentOperationService (has extras) }
W/GCM     ( 1771): Unexpected forwarded intent: Intent { act=android.intent.action.PACKAGE_ADDED dat=package:it.unina.android.ripper flg=0x4000010 cmp=com.google.android.gms/.chimera.PersistentIntentOperationService (has extras) }
D/dalvikvm( 1569): GC_EXPLICIT freed 1767K, 37% free 10214K/16104K, paused 0ms+1ms, total 31ms
D/AndroidRuntime( 5329): Shutting down VM
D/dalvikvm( 5329): GC_CONCURRENT freed 93K, 15% free 552K/648K, paused 0ms+0ms, total 0ms
I/PackageManager( 1569): Adding preferred activity ComponentInfo{com.android.mms/com.android.mms.ui.ComposeMessageActivity} for user 0 :
I/Auth    ( 2164): [SupervisedAccountIntentOperation] onHandleIntent(): android.intent.action.PACKAGE_ADDED
I/ChromeSync( 2164): [Sync,SyncIntentOperation] Handling the intent: Intent { act=android.intent.action.PACKAGE_ADDED dat=package:it.unina.android.ripper flg=0x4000010 cmp=com.google.android.gms/.chimera.GmsIntentOperationService (has extras) }.
I/FontLog ( 2164): Package it.unina.android.ripper has no metadata [CONTEXT service_id=132 ]
I/PackageManager( 1569):   Action: "android.intent.action.SENDTO"
I/PackageManager( 1569):   Category: "android.intent.category.DEFAULT"
I/PackageManager( 1569):   Scheme: "mmsto"
I/Icing.InternalIcingCorporaProvider( 2305): Updating corpora: A: it.unina.android.ripper, C: MAYBE
I/PackageManager( 1569): Adding preferred activity ComponentInfo{com.android.mms/com.android.mms.ui.ComposeMessageActivity} for user 0 :
I/PackageManager( 1569):   Action: "android.intent.action.SENDTO"
I/PackageManager( 1569):   Category: "android.intent.category.DEFAULT"
I/PackageManager( 1569):   Scheme: "sms"
I/PackageManager( 1569):   Action: "android.intent.action.SENDTO"
I/PackageManager( 1569):   Category: "android.intent.category.DEFAULT"
I/PackageManager( 1569):   Scheme: "smsto"
I/ChromeSync( 2164): [Persistence,AffiliationManager] One of affiliation or grouping data for android://KSmUCdTXmQS-j9D_O8l1jvyu41Pjn2mc5cb0Gvx1e9H1Aj4JCzHs_uTW26nbtH65K-YfijtBsQxGp-8R6k6HFg==@it.unina.android.ripper/ was not found. Marking affiliation data as stale...
I/PackageManager( 1569): Adding preferred activity ComponentInfo{com.android.mms/com.android.mms.ui.ComposeMessageActivity} for user 0 :
I/PackageManager( 1569): Adding preferred activity ComponentInfo{com.android.mms/com.android.mms.ui.ComposeMessageActivity} for user 0 :
D/dalvikvm( 1794): GC_FOR_ALLOC freed 422K, 17% free 3664K/4392K, paused 6ms, total 6ms
I/PackageManager( 1569):   Action: "android.intent.action.SENDTO"
I/PackageManager( 1569):   Category: "android.intent.category.DEFAULT"
I/PackageManager( 1569):   Scheme: "mms"
I/PackageManager( 1569):   Action: "android.intent.action.SENDTO"
I/PackageManager( 1569):   Category: "android.intent.category.DEFAULT"
I/PackageManager( 1569):   Scheme: "mmsto"
I/PackageManager( 1569): Adding preferred activity ComponentInfo{com.android.mms/com.android.mms.ui.ComposeMessageActivity} for user 0 :
I/PackageManager( 1569): Adding preferred activity ComponentInfo{com.android.mms/com.android.mms.ui.ComposeMessageActivity} for user 0 :
I/Icing   ( 2164): IndexChimeraService.getServiceInterface callingPackage=com.google.android.googlequicksearchbox componentName=null serviceId=21
W/Icing.InternalIcingCorporaProvider( 2305): Application table change notification failed.
W/Icing   ( 2164): No valid account for uploading user actions
I/Icing   ( 2164): Usage reports ok 0, Failed Usage reports 0, indexed 0, rejected 0
I/Icing   ( 2164): Indexing com.google.android.gms-apps from com.google.android.gms
I/Icing   ( 2164): Indexing done com.google.android.gms-apps
D/AndroidRuntime( 5346): 
D/AndroidRuntime( 5346): >>>>>> AndroidRuntime START com.android.internal.os.RuntimeInit <<<<<<
W/linker  ( 5346): libdvm.so has text relocations. This is wasting memory and is a security risk. Please fix.
D/AndroidRuntime( 5346): CheckJNI is ON
D/dalvikvm( 5346): Trying to load lib libjavacore.so 0x0
D/dalvikvm( 5346): Added shared lib libjavacore.so 0x0
D/dalvikvm( 5346): Trying to load lib libnativehelper.so 0x0
D/dalvikvm( 5346): Added shared lib libnativehelper.so 0x0
D/dalvikvm( 5346): No JNI_OnLoad found in libnativehelper.so 0x0, skipping init
D/dalvikvm( 5346): Note: class Landroid/app/ActivityManagerNative; has 179 unimplemented (abstract) methods
E/memtrack( 5346): Couldn't load memtrack module (No such file or directory)
E/android.os.Debug( 5346): failed to load memtrack module: -2
D/AndroidRuntime( 5346): Calling main entry com.android.commands.am.Am
I/ActivityManager( 1569): Force stopping org.billthefarmer.notes appid=10069 user=0: start instr
I/dalvikvm( 5357): Could not find method org.billthefarmer.notes.Notes.checkSelfPermission, referenced from method org.billthefarmer.notes.Notes.getNote
W/dalvikvm( 5357): VFY: unable to resolve virtual method 837: Lorg/billthefarmer/notes/Notes;.checkSelfPermission (Ljava/lang/String;)I
D/dalvikvm( 5357): VFY: replacing opcode 0x6e at 0x0008
I/dalvikvm( 5357): Could not find method org.billthefarmer.notes.Notes.checkSelfPermission, referenced from method org.billthefarmer.notes.Notes.loadTemplate
W/dalvikvm( 5357): VFY: unable to resolve virtual method 837: Lorg/billthefarmer/notes/Notes;.checkSelfPermission (Ljava/lang/String;)I
D/dalvikvm( 5357): VFY: replacing opcode 0x6e at 0x000a
I/dalvikvm( 5357): Could not find method org.billthefarmer.notes.Notes.checkSelfPermission, referenced from method org.billthefarmer.notes.Notes.readNote
W/dalvikvm( 5357): VFY: unable to resolve virtual method 837: Lorg/billthefarmer/notes/Notes;.checkSelfPermission (Ljava/lang/String;)I
D/dalvikvm( 5357): VFY: replacing opcode 0x6e at 0x000d
I/dalvikvm( 5357): Could not find method org.billthefarmer.notes.Notes.checkSelfPermission, referenced from method org.billthefarmer.notes.Notes.saveNote
W/dalvikvm( 5357): VFY: unable to resolve virtual method 837: Lorg/billthefarmer/notes/Notes;.checkSelfPermission (Ljava/lang/String;)I
D/dalvikvm( 5357): VFY: replacing opcode 0x6e at 0x0008
I/ActivityManager( 1569): Start proc org.billthefarmer.notes for added application org.billthefarmer.notes: pid=5357 uid=10069 gids={50069, 1028, 1015, 3003}
I/dalvikvm( 5357): Failed resolving Lorg/billthefarmer/notes/-$$Lambda$Notes$5FBo531Dl1VU2LuAk9lRQ2cWP1A; interface 83 'Landroid/view/View$OnScrollChangeListener;'
W/dalvikvm( 5357): Link of class 'Lorg/billthefarmer/notes/-$$Lambda$Notes$5FBo531Dl1VU2LuAk9lRQ2cWP1A;' failed
E/dalvikvm( 5357): Could not find class 'org.billthefarmer.notes.-$$Lambda$Notes$5FBo531Dl1VU2LuAk9lRQ2cWP1A', referenced from method org.billthefarmer.notes.Notes.setListeners
W/dalvikvm( 5357): VFY: unable to resolve new-instance 213 (Lorg/billthefarmer/notes/-$$Lambda$Notes$5FBo531Dl1VU2LuAk9lRQ2cWP1A;) in Lorg/billthefarmer/notes/Notes;
D/dalvikvm( 5357): VFY: replacing opcode 0x22 at 0x001b
I/dalvikvm( 5357): Failed resolving Lorg/billthefarmer/notes/-$$Lambda$Notes$DIDjoWLNlPJ4kqrZWuHRyIhoc_w; interface 83 'Landroid/view/View$OnScrollChangeListener;'
W/dalvikvm( 5357): Link of class 'Lorg/billthefarmer/notes/-$$Lambda$Notes$DIDjoWLNlPJ4kqrZWuHRyIhoc_w;' failed
E/dalvikvm( 5357): Could not find class 'org.billthefarmer.notes.-$$Lambda$Notes$DIDjoWLNlPJ4kqrZWuHRyIhoc_w', referenced from method org.billthefarmer.notes.Notes.setListeners
W/dalvikvm( 5357): VFY: unable to resolve new-instance 215 (Lorg/billthefarmer/notes/-$$Lambda$Notes$DIDjoWLNlPJ4kqrZWuHRyIhoc_w;) in Lorg/billthefarmer/notes/Notes;
D/dalvikvm( 5357): VFY: replacing opcode 0x22 at 0x008a
I/dalvikvm( 5357): Failed resolving Lorg/billthefarmer/notes/-$$Lambda$Notes$5FBo531Dl1VU2LuAk9lRQ2cWP1A; interface 83 'Landroid/view/View$OnScrollChangeListener;'
W/dalvikvm( 5357): Link of class 'Lorg/billthefarmer/notes/-$$Lambda$Notes$5FBo531Dl1VU2LuAk9lRQ2cWP1A;' failed
D/dalvikvm( 5357): DexOpt: unable to opt direct call 0x027c at 0x1d in Lorg/billthefarmer/notes/Notes;.setListeners
I/dalvikvm( 5357): Failed resolving Lorg/billthefarmer/notes/-$$Lambda$Notes$DIDjoWLNlPJ4kqrZWuHRyIhoc_w; interface 83 'Landroid/view/View$OnScrollChangeListener;'
W/dalvikvm( 5357): Link of class 'Lorg/billthefarmer/notes/-$$Lambda$Notes$DIDjoWLNlPJ4kqrZWuHRyIhoc_w;' failed
D/dalvikvm( 5357): DexOpt: unable to opt direct call 0x0280 at 0x8c in Lorg/billthefarmer/notes/Notes;.setListeners
I/TestRunner( 5357): started: testApplication(it.unina.android.ripper.RipperTestCase)
V/AndroidRipperService( 4488): register()
I/ActivityManager( 1569): START u0 {act=android.intent.action.MAIN flg=0x10000000 cmp=org.billthefarmer.notes/.Notes} from pid 5357
D/dalvikvm( 1569): GC_FOR_ALLOC freed 2679K, 43% free 9333K/16104K, paused 10ms, total 11ms
D/dalvikvm( 5357): GC_CONCURRENT freed 200K, 11% free 3215K/3604K, paused 2ms+0ms, total 5ms
D/gralloc_ranchu( 1144): gralloc_alloc: Creating ashmem region of size 7753728
D/dalvikvm( 5357): GC_FOR_ALLOC freed 6K, 10% free 3472K/3840K, paused 1ms, total 1ms
I/dalvikvm-heap( 5357): Grow heap (frag case) to 5.420MB for 1939932-byte allocation
D/dalvikvm( 5357): GC_FOR_ALLOC freed 1K, 7% free 5365K/5736K, paused 4ms, total 4ms
D/dalvikvm( 5357): GC_CONCURRENT freed <1K, 7% free 5364K/5736K, paused 0ms+0ms, total 3ms
V/WebViewChromium( 5357): Binding Chromium to the background looper Looper (main, tid 1) {9cfe8330}
I/chromium( 5357): [INFO:library_loader_hooks.cc(112)] Chromium logging enabled: level = 0, default verbosity = 0
I/BrowserProcessMain( 5357): Initializing chromium process, renderers=0
W/chromium( 5357): [WARNING:proxy_service.cc(888)] PAC support disabled because there is no system implementation
D/gralloc_ranchu( 1144): gralloc_alloc: Creating ashmem region of size 7753728
D/        ( 5357): HostConnection::get() New Host Connection established 0xb824ac80, tid 5357
D/EGL_emulation( 5357): eglCreateContext: 0xb824b9c0: maj 3 min 0 rcv 3
D/EGL_emulation( 5357): eglMakeCurrent: 0xb824b9c0: ver 3 0
E/eglCodecCommon( 5357): glUtilsParamSize: unknow param 0x00008cdf
E/eglCodecCommon( 5357): glUtilsParamSize: unknow param 0x00008824
I/chromium( 5357): [INFO:simple_index_file.cc(397)] Simple Cache Index is being restored from disk.
D/EGL_emulation( 5357): eglCreateContext: 0xb825be20: maj 3 min 0 rcv 3
D/EGL_emulation( 5357): eglMakeCurrent: 0xb825be20: ver 3 0
E/eglCodecCommon( 5357): glUtilsParamSize: unknow param 0x00008cdf
E/eglCodecCommon( 5357): glUtilsParamSize: unknow param 0x00008824
E/EGL_emulation( 5357): tid 5357: eglSurfaceAttrib(1199): error 0x3009 (EGL_BAD_MATCH)
W/HardwareRenderer( 5357): Backbuffer cannot be preserved
D/OpenGLRenderer( 5357): Enabling debug mode 0
D/dalvikvm( 5357): GC_CONCURRENT freed 107K, 5% free 6008K/6304K, paused 0ms+0ms, total 3ms
W/AwContents( 5357): nativeOnDraw failed; clearing to background color.
W/AwContents( 5357): nativeOnDraw failed; clearing to background color.
I/ActivityManager( 1569): Displayed org.billthefarmer.notes/.Notes: +279ms
E/dalvikvm( 5357): Could not find class 'android.support.v4.app.FragmentActivity', referenced from method a.a.a.ag.c
W/dalvikvm( 5357): VFY: unable to resolve check-cast 122 (Landroid/support/v4/app/FragmentActivity;) in La/a/a/ag;
D/dalvikvm( 5357): VFY: replacing opcode 0x1f at 0x0008
I/dalvikvm( 5357): Could not find method android.support.v4.app.FragmentActivity.getSupportFragmentManager, referenced from method a.a.a.ag.c
W/dalvikvm( 5357): VFY: unable to resolve virtual method 750: Landroid/support/v4/app/FragmentActivity;.getSupportFragmentManager ()Landroid/support/v4/app/FragmentManager;
D/dalvikvm( 5357): VFY: replacing opcode 0x6e at 0x000e
I/dalvikvm( 5357): Could not find method android.support.v4.app.FragmentActivity.getSupportFragmentManager, referenced from method a.a.a.ag.c
W/dalvikvm( 5357): VFY: unable to resolve virtual method 750: Landroid/support/v4/app/FragmentActivity;.getSupportFragmentManager ()Landroid/support/v4/app/FragmentManager;
D/dalvikvm( 5357): VFY: replacing opcode 0x6e at 0x001a
W/dalvikvm( 5357): VFY: unable to find class referenced in signature (Landroid/support/v4/app/Fragment;)
W/dalvikvm( 5357): VFY: unable to find class referenced in signature (Landroid/support/v4/app/Fragment;)
D/EGL_emulation( 1931): eglMakeCurrent: 0xb8290b60: ver 3 0
W/AwContents( 5357): nativeOnDraw failed; clearing to background color.
W/AwContents( 5357): nativeOnDraw failed; clearing to background color.
W/AwContents( 5357): nativeOnDraw failed; clearing to background color.
W/AwContents( 5357): nativeOnDraw failed; clearing to background color.
W/AwContents( 5357): nativeOnDraw failed; clearing to background color.
W/AwContents( 5357): nativeOnDraw failed; clearing to background color.
W/AwContents( 5357): nativeOnDraw failed; clearing to background color.
W/AwContents( 5357): nativeOnDraw failed; clearing to background color.
W/AwContents( 5357): nativeOnDraw failed; clearing to background color.
W/AwContents( 5357): nativeOnDraw failed; clearing to background color.
W/AwContents( 5357): nativeOnDraw failed; clearing to background color.
W/AwContents( 5357): nativeOnDraw failed; clearing to background color.
W/AwContents( 5357): nativeOnDraw failed; clearing to background color.
W/AwContents( 5357): nativeOnDraw failed; clearing to background color.
W/AwContents( 5357): nativeOnDraw failed; clearing to background color.
W/AwContents( 5357): nativeOnDraw failed; clearing to background color.
W/AwContents( 5357): nativeOnDraw failed; clearing to background color.
I/AndroidRipper( 5357): [RipperTestCase] Ready to operate after restarting...
I/Vision  ( 2164): Requesting optional module download of ocr.
I/Vision  ( 2164): Checking for download completion for 290189 -- ocr
I/Vision  ( 2164): Requesting optional module download of ocr.
I/Vision  ( 2164): Exceeded maximum feature download tries for ocr
W/Vision  ( 2164): Request of optional module download of ocr failed.
I/Vision  ( 2164): Checking for download completion for 300197 -- ocr
V/RipperService( 4488): PING
V/AndroidRipperService( 4488): mHandler.handleMessage() RECIVED
V/AndroidRipperService( 4488): broadcast()
I/AndroidRipper( 5357): Recived message: PING
V/AndroidRipperService( 4488): send()
V/AndroidRipperService( 4488): broadcast() done
V/        ( 4488): ready
D/dalvikvm( 4488): GC_CONCURRENT freed 387K, 16% free 3115K/3708K, paused 0ms+3ms, total 6ms
V/RipperService( 4488): PING
V/AndroidRipperService( 4488): mHandler.handleMessage() RECIVED
V/AndroidRipperService( 4488): broadcast()
I/AndroidRipper( 5357): Recived message: PING
V/AndroidRipperService( 4488): send()
V/AndroidRipperService( 4488): broadcast() done
V/        ( 4488): ready
V/RipperService( 4488): PING
V/AndroidRipperService( 4488): mHandler.handleMessage() RECIVED
V/AndroidRipperService( 4488): broadcast()
I/AndroidRipper( 5357): Recived message: PING
V/AndroidRipperService( 4488): send()
V/AndroidRipperService( 4488): broadcast() done
V/        ( 4488): ready
V/RipperService( 4488): PING
V/AndroidRipperService( 4488): mHandler.handleMessage() RECIVED
V/AndroidRipperService( 4488): broadcast()
I/AndroidRipper( 5357): Recived message: PING
V/AndroidRipperService( 4488): send()
V/AndroidRipperService( 4488): broadcast() done
V/        ( 4488): ready
V/RipperService( 4488): PING
V/AndroidRipperService( 4488): mHandler.handleMessage() RECIVED
V/AndroidRipperService( 4488): broadcast()
I/AndroidRipper( 5357): Recived message: PING
V/AndroidRipperService( 4488): send()
V/AndroidRipperService( 4488): broadcast() done
V/        ( 4488): ready
D/dalvikvm( 4488): GC_CONCURRENT freed 425K, 17% free 3119K/3732K, paused 1ms+2ms, total 5ms
V/RipperService( 4488): PING
V/AndroidRipperService( 4488): mHandler.handleMessage() RECIVED
V/AndroidRipperService( 4488): broadcast()
I/AndroidRipper( 5357): Recived message: PING
V/AndroidRipperService( 4488): send()
V/AndroidRipperService( 4488): broadcast() done
V/        ( 4488): ready
V/RipperService( 4488): PING
V/AndroidRipperService( 4488): mHandler.handleMessage() RECIVED
V/AndroidRipperService( 4488): broadcast()
I/AndroidRipper( 5357): Recived message: PING
V/AndroidRipperService( 4488): broadcast() done
V/AndroidRipperService( 4488): send()
V/        ( 4488): ready
V/RipperService( 4488): PING
V/AndroidRipperService( 4488): mHandler.handleMessage() RECIVED
V/AndroidRipperService( 4488): broadcast()
I/AndroidRipper( 5357): Recived message: PING
V/AndroidRipperService( 4488): send()
V/AndroidRipperService( 4488): broadcast() done
V/        ( 4488): ready
V/RipperService( 4488): PING
V/AndroidRipperService( 4488): mHandler.handleMessage() RECIVED
V/AndroidRipperService( 4488): broadcast()
V/AndroidRipperService( 4488): broadcast() done
V/        ( 4488): ready
I/AndroidRipper( 5357): Recived message: PING
V/AndroidRipperService( 4488): send()
D/dalvikvm( 4488): GC_CONCURRENT freed 496K, 18% free 3093K/3772K, paused 0ms+0ms, total 3ms
V/RipperService( 4488): PING
V/AndroidRipperService( 4488): mHandler.handleMessage() RECIVED
V/AndroidRipperService( 4488): broadcast()
I/AndroidRipper( 5357): Recived message: PING
V/AndroidRipperService( 4488): send()
V/AndroidRipperService( 4488): broadcast() done
V/        ( 4488): ready
V/RipperService( 4488): PING
V/AndroidRipperService( 4488): mHandler.handleMessage() RECIVED
V/AndroidRipperService( 4488): broadcast()
I/AndroidRipper( 5357): Recived message: PING
V/AndroidRipperService( 4488): send()
V/AndroidRipperService( 4488): broadcast() done
V/        ( 4488): ready
V/RipperService( 4488): PING
V/AndroidRipperService( 4488): mHandler.handleMessage() RECIVED
V/AndroidRipperService( 4488): broadcast()
I/AndroidRipper( 5357): Recived message: PING
V/AndroidRipperService( 4488): send()
V/AndroidRipperService( 4488): broadcast() done
V/        ( 4488): ready
V/RipperService( 4488): PING
V/AndroidRipperService( 4488): mHandler.handleMessage() RECIVED
V/AndroidRipperService( 4488): broadcast()
I/AndroidRipper( 5357): Recived message: PING
V/AndroidRipperService( 4488): send()
V/AndroidRipperService( 4488): broadcast() done
V/        ( 4488): ready
V/RipperService( 4488): PING
V/AndroidRipperService( 4488): mHandler.handleMessage() RECIVED
V/AndroidRipperService( 4488): broadcast()
I/AndroidRipper( 5357): Recived message: PING
V/AndroidRipperService( 4488): send()
V/AndroidRipperService( 4488): broadcast() done
V/        ( 4488): ready
D/dalvikvm( 4488): GC_CONCURRENT freed 431K, 18% free 3130K/3772K, paused 1ms+1ms, total 4ms
V/RipperService( 4488): PING
V/AndroidRipperService( 4488): mHandler.handleMessage() RECIVED
V/AndroidRipperService( 4488): broadcast()
I/AndroidRipper( 5357): Recived message: PING
V/AndroidRipperService( 4488): send()
V/AndroidRipperService( 4488): broadcast() done
V/        ( 4488): ready
V/RipperService( 4488): PING
V/AndroidRipperService( 4488): mHandler.handleMessage() RECIVED
V/AndroidRipperService( 4488): broadcast()
V/AndroidRipperService( 4488): broadcast() done
V/        ( 4488): ready
I/AndroidRipper( 5357): Recived message: PING
V/AndroidRipperService( 4488): send()
V/RipperService( 4488): PING
V/AndroidRipperService( 4488): mHandler.handleMessage() RECIVED
V/AndroidRipperService( 4488): broadcast()
I/AndroidRipper( 5357): Recived message: PING
V/AndroidRipperService( 4488): send()
V/AndroidRipperService( 4488): broadcast() done
V/        ( 4488): ready
V/RipperService( 4488): PING
V/AndroidRipperService( 4488): mHandler.handleMessage() RECIVED
V/AndroidRipperService( 4488): broadcast()
I/AndroidRipper( 5357): Recived message: PING
V/AndroidRipperService( 4488): send()
V/AndroidRipperService( 4488): broadcast() done
V/        ( 4488): ready
D/dalvikvm( 4488): GC_CONCURRENT freed 452K, 18% free 3117K/3772K, paused 0ms+2ms, total 3ms
V/RipperService( 4488): PING
V/AndroidRipperService( 4488): mHandler.handleMessage() RECIVED
V/AndroidRipperService( 4488): broadcast()
I/AndroidRipper( 5357): Recived message: PING
V/AndroidRipperService( 4488): send()
V/AndroidRipperService( 4488): broadcast() done
V/        ( 4488): ready
V/RipperService( 4488): PING
V/AndroidRipperService( 4488): mHandler.handleMessage() RECIVED
V/AndroidRipperService( 4488): broadcast()
I/AndroidRipper( 5357): Recived message: PING
V/AndroidRipperService( 4488): send()
V/AndroidRipperService( 4488): broadcast() done
V/        ( 4488): ready
V/RipperService( 4488): PING
V/AndroidRipperService( 4488): mHandler.handleMessage() RECIVED
V/AndroidRipperService( 4488): broadcast()
I/AndroidRipper( 5357): Recived message: PING
V/AndroidRipperService( 4488): send()
V/AndroidRipperService( 4488): broadcast() done
