D/AndroidRuntime( 2494): Calling main entry com.android.commands.pm.Pm
D/AndroidRuntime( 2494): Shutting down VM
D/jdwp    ( 2494): Got wake-up signal, bailing out of select
D/dalvikvm( 2494): Debugger has detached; object registry had 1 entries
D/AndroidRuntime( 2507): 
D/AndroidRuntime( 2507): >>>>>> AndroidRuntime START com.android.internal.os.RuntimeInit <<<<<<
W/linker  ( 2507): libdvm.so has text relocations. This is wasting memory and is a security risk. Please fix.
D/AndroidRuntime( 2507): CheckJNI is ON
D/dalvikvm( 2507): Trying to load lib libjavacore.so 0x0
D/dalvikvm( 2507): Added shared lib libjavacore.so 0x0
D/dalvikvm( 2507): Trying to load lib libnativehelper.so 0x0
D/dalvikvm( 2507): Added shared lib libnativehelper.so 0x0
D/dalvikvm( 2507): No JNI_OnLoad found in libnativehelper.so 0x0, skipping init
D/dalvikvm( 2507): Note: class Landroid/app/ActivityManagerNative; has 179 unimplemented (abstract) methods
E/memtrack( 2507): Couldn't load memtrack module (No such file or directory)
E/android.os.Debug( 2507): failed to load memtrack module: -2
D/AndroidRuntime( 2507): Calling main entry com.android.commands.pm.Pm
D/AndroidRuntime( 2507): Shutting down VM
D/jdwp    ( 2507): Got wake-up signal, bailing out of select
D/dalvikvm( 2507): Debugger has detached; object registry had 1 entries
D/AndroidRuntime( 2518): 
D/AndroidRuntime( 2518): >>>>>> AndroidRuntime START com.android.internal.os.RuntimeInit <<<<<<
W/linker  ( 2518): libdvm.so has text relocations. This is wasting memory and is a security risk. Please fix.
D/AndroidRuntime( 2518): CheckJNI is ON
D/dalvikvm( 2518): Trying to load lib libjavacore.so 0x0
D/dalvikvm( 2518): Added shared lib libjavacore.so 0x0
D/dalvikvm( 2518): Trying to load lib libnativehelper.so 0x0
D/dalvikvm( 2518): Added shared lib libnativehelper.so 0x0
D/dalvikvm( 2518): No JNI_OnLoad found in libnativehelper.so 0x0, skipping init
D/dalvikvm( 2518): Note: class Landroid/app/ActivityManagerNative; has 179 unimplemented (abstract) methods
E/memtrack( 2518): Couldn't load memtrack module (No such file or directory)
E/android.os.Debug( 2518): failed to load memtrack module: -2
D/AndroidRuntime( 2518): Calling main entry com.android.commands.pm.Pm
D/AndroidRuntime( 2518): Shutting down VM
D/jdwp    ( 2518): Got wake-up signal, bailing out of select
D/dalvikvm( 2518): Debugger has detached; object registry had 1 entries
D/AndroidRuntime( 2529): 
D/AndroidRuntime( 2529): >>>>>> AndroidRuntime START com.android.internal.os.RuntimeInit <<<<<<
W/linker  ( 2529): libdvm.so has text relocations. This is wasting memory and is a security risk. Please fix.
D/AndroidRuntime( 2529): CheckJNI is ON
D/dalvikvm( 2529): Trying to load lib libjavacore.so 0x0
D/dalvikvm( 2529): Added shared lib libjavacore.so 0x0
D/dalvikvm( 2529): Trying to load lib libnativehelper.so 0x0
D/dalvikvm( 2529): Added shared lib libnativehelper.so 0x0
D/dalvikvm( 2529): No JNI_OnLoad found in libnativehelper.so 0x0, skipping init
D/dalvikvm( 2529): Note: class Landroid/app/ActivityManagerNative; has 179 unimplemented (abstract) methods
E/memtrack( 2529): Couldn't load memtrack module (No such file or directory)
E/android.os.Debug( 2529): failed to load memtrack module: -2
D/AndroidRuntime( 2529): Calling main entry com.android.commands.pm.Pm
D/keystore( 1149): calling clear_uid in state: 3
I/ActivityManager( 1570): Force stopping it.unina.android.ripper_service appid=10057 user=0: clear data
I/GeofencerStateMachine( 1670): removeGeofences: removeRequest=RemoveGeofencingRequest[REMOVE_ALL packageName=it.unina.android.ripper_service]
I/ActivityManager( 1570): Start proc com.android.defcontainer for service com.android.defcontainer/.DefaultContainerService: pid=2540 uid=10003 gids={50003, 1028, 1015, 1023, 2001, 1035}
I/ActivityManager( 1570): Start proc com.android.documentsui for broadcast com.android.documentsui/.PackageReceiver: pid=2554 uid=10025 gids={50025}
I/Icing   ( 1963): doRemovePackageData it.unina.android.ripper_service
I/Fitness ( 1670): FitCleanupIntentOperation received Intent android.intent.action.PACKAGE_DATA_CLEARED [CONTEXT service_id=17 ]
D/AndroidRuntime( 2529): Shutting down VM
D/jdwp    ( 2529): Got wake-up signal, bailing out of select
D/dalvikvm( 2529): Debugger has detached; object registry had 1 entries
I/ActivityManager( 1570): Killing 2132:com.android.dialer/u0a4 (adj 15): empty #17
I/ActivityManager( 1570): Killing 1798:com.android.printspooler/u0a44 (adj 15): empty #17
D/Documents( 2554): Loading roots for com.android.providers.downloads.documents
D/Documents( 2554): Loading roots for com.android.externalstorage.documents
I/ActivityManager( 1570): Start proc com.android.externalstorage for content provider com.android.externalstorage/.ExternalStorageProvider: pid=2575 uid=10006 gids={50006, 1028, 1015, 1023}
I/ActivityManager( 1570): Killing 2294:com.android.exchange/u0a27 (adj 15): empty #17
D/ExternalStorage( 2575): After updating volumes, found 1 active roots
D/Documents( 2554): Updating roots due to change at content://com.android.externalstorage.documents/root
D/Documents( 2554): Loading roots for com.android.providers.media.documents
D/Documents( 2554): Update found 6 roots in 41ms
D/Documents( 2554): Used cached roots for com.android.providers.downloads.documents
D/Documents( 2554): Loading roots for com.android.externalstorage.documents
D/Documents( 2554): Used cached roots for com.android.providers.media.documents
D/Documents( 2554): Update found 6 roots in 4ms
D/AndroidRuntime( 2593): 
D/AndroidRuntime( 2593): >>>>>> AndroidRuntime START com.android.internal.os.RuntimeInit <<<<<<
W/linker  ( 2593): libdvm.so has text relocations. This is wasting memory and is a security risk. Please fix.
D/AndroidRuntime( 2593): CheckJNI is ON
D/dalvikvm( 2593): Trying to load lib libjavacore.so 0x0
D/dalvikvm( 2593): Added shared lib libjavacore.so 0x0
D/dalvikvm( 2593): Trying to load lib libnativehelper.so 0x0
D/dalvikvm( 2593): Added shared lib libnativehelper.so 0x0
D/dalvikvm( 2593): No JNI_OnLoad found in libnativehelper.so 0x0, skipping init
D/dalvikvm( 2593): Note: class Landroid/app/ActivityManagerNative; has 179 unimplemented (abstract) methods
E/memtrack( 2593): Couldn't load memtrack module (No such file or directory)
E/android.os.Debug( 2593): failed to load memtrack module: -2
D/AndroidRuntime( 2593): Calling main entry com.android.commands.pm.Pm
I/ActivityManager( 1570): Force stopping it.unina.android.ripper_service appid=10057 user=-1: uninstall pkg
W/PackageManager( 1570): Couldn't delete native library directory /data/app-lib/it.unina.android.ripper_service
D/keystore( 1149): calling clear_uid in state: 3
I/ActivityManager( 1570): Force stopping it.unina.android.ripper_service appid=10057 user=0: pkg removed
D/dalvikvm( 1740): GC_EXPLICIT freed 1729K, 15% free 22766K/26540K, paused 1ms+0ms, total 6ms
I/GeofencerStateMachine( 1670): removeGeofences: removeRequest=RemoveGeofencingRequest[REMOVE_ALL packageName=it.unina.android.ripper_service]
I/InputReader( 1570): Reconfiguring input devices.  changes=0x00000010
I/PackageManager( 1570):   Action: "android.intent.action.SENDTO"
I/PackageManager( 1570):   Category: "android.intent.category.DEFAULT"
I/PackageManager( 1570):   Scheme: "sms"
I/PackageManager( 1570): Adding preferred activity ComponentInfo{com.android.mms/com.android.mms.ui.ComposeMessageActivity} for user 0 :
D/dalvikvm( 1963): GC_EXPLICIT freed 1769K, 26% free 10465K/14032K, paused 0ms+1ms, total 23ms
W/Launcher.Model( 2446): Nobody to tell about the new app.  Launcher is probably loading.
D/dalvikvm( 1727): GC_FOR_ALLOC freed 556K, 16% free 3568K/4212K, paused 3ms, total 3ms
D/VoicemailCleanupService( 1751): Cleaning up data for package: it.unina.android.ripper_service
I/PackageManager( 1570):   Action: "android.intent.action.SENDTO"
I/PackageManager( 1570):   Category: "android.intent.category.DEFAULT"
I/PackageManager( 1570):   Scheme: "smsto"
I/PackageManager( 1570): Adding preferred activity ComponentInfo{com.android.mms/com.android.mms.ui.ComposeMessageActivity} for user 0 :
D/Documents( 2554): Used cached roots for com.android.providers.downloads.documents
D/Documents( 2554): Used cached roots for com.android.externalstorage.documents
D/Documents( 2554): Used cached roots for com.android.providers.media.documents
D/Documents( 2554): Update found 6 roots in 19ms
I/PackageManager( 1570):   Action: "android.intent.action.SENDTO"
I/PackageManager( 1570):   Category: "android.intent.category.DEFAULT"
I/PackageManager( 1570):   Scheme: "mms"
I/PackageManager( 1570): Adding preferred activity ComponentInfo{com.android.mms/com.android.mms.ui.ComposeMessageActivity} for user 0 :
D/dalvikvm( 1570): GC_EXPLICIT freed 938K, 14% free 7557K/8768K, paused 1ms+1ms, total 15ms
D/dalvikvm( 1570): WAIT_FOR_CONCURRENT_GC blocked 7ms
D/dalvikvm( 1570): WAIT_FOR_CONCURRENT_GC blocked 7ms
D/dalvikvm( 1570): WAIT_FOR_CONCURRENT_GC blocked 7ms
I/PackageManager( 1570):   Action: "android.intent.action.SENDTO"
I/PackageManager( 1570):   Category: "android.intent.category.DEFAULT"
I/PackageManager( 1570):   Scheme: "mmsto"
D/AndroidRuntime( 2593): Shutting down VM
D/jdwp    ( 2593): Got wake-up signal, bailing out of select
D/dalvikvm( 2593): Debugger has detached; object registry had 1 entries
I/PackageManager( 1570): Adding preferred activity ComponentInfo{com.android.mms/com.android.mms.ui.ComposeMessageActivity} for user 0 :
D/dalvikvm( 1727): GC_FOR_ALLOC freed 349K, 14% free 3625K/4212K, paused 2ms, total 2ms
I/PackageManager( 1570):   Action: "android.intent.action.SENDTO"
I/PackageManager( 1570):   Category: "android.intent.category.DEFAULT"
I/PackageManager( 1570):   Scheme: "sms"
D/BackupManagerService( 1570): Received broadcast Intent { act=android.intent.action.PACKAGE_REMOVED dat=package:it.unina.android.ripper_service flg=0x4000010 (has extras) }
V/BackupManagerService( 1570): removePackageParticipantsLocked: uid=10057 #1
I/PackageManager( 1570): Adding preferred activity ComponentInfo{com.android.mms/com.android.mms.ui.ComposeMessageActivity} for user 0 :
I/PackageManager( 1570):   Action: "android.intent.action.SENDTO"
I/PackageManager( 1570):   Category: "android.intent.category.DEFAULT"
I/PackageManager( 1570):   Scheme: "smsto"
I/PackageManager( 1570):   Action: "android.intent.action.SENDTO"
I/PackageManager( 1570):   Category: "android.intent.category.DEFAULT"
I/PackageManager( 1570):   Scheme: "mms"
I/PackageManager( 1570): Adding preferred activity ComponentInfo{com.android.mms/com.android.mms.ui.ComposeMessageActivity} for user 0 :
I/PackageManager( 1570): Adding preferred activity ComponentInfo{com.android.mms/com.android.mms.ui.ComposeMessageActivity} for user 0 :
I/PackageManager( 1570):   Action: "android.intent.action.SENDTO"
I/PackageManager( 1570):   Category: "android.intent.category.DEFAULT"
I/PackageManager( 1570):   Scheme: "mmsto"
I/PackageManager( 1570): Adding preferred activity ComponentInfo{com.android.mms/com.android.mms.ui.ComposeMessageActivity} for user 0 :
D/dalvikvm( 1727): GC_FOR_ALLOC freed 358K, 14% free 3622K/4212K, paused 2ms, total 2ms
D/dalvikvm( 1570): GC_FOR_ALLOC freed 952K, 15% free 7535K/8768K, paused 5ms, total 5ms
I/dalvikvm-heap( 1570): Grow heap (frag case) to 7.527MB for 108138-byte allocation
D/dalvikvm( 1570): GC_FOR_ALLOC freed 92K, 15% free 7547K/8876K, paused 9ms, total 9ms
D/dalvikvm( 1570): GC_FOR_ALLOC freed 65K, 16% free 7538K/8876K, paused 7ms, total 8ms
I/dalvikvm-heap( 1570): Grow heap (frag case) to 7.583MB for 162204-byte allocation
D/dalvikvm( 1570): GC_FOR_ALLOC freed 106K, 16% free 7591K/9036K, paused 8ms, total 8ms
I/Icing.InternalIcingCorporaProvider( 2203): Updating corpora: A: it.unina.android.ripper_service, C: MAYBE
W/ContextImpl( 2203): Implicit intents with startService are not safe: Intent { act=com.google.android.gms.icing.INDEX_SERVICE } android.content.ContextWrapper.bindService:517 com.google.android.gms.internal.av.a:-1 com.google.android.gms.internal.au.connect:-1 
I/Fitness ( 1670): FitCleanupIntentOperation received Intent android.intent.action.PACKAGE_REMOVED [CONTEXT service_id=17 ]
W/Launcher( 2446): setApplicationContext called twice! old=com.google.android.velvet.VelvetApplication@9cfe9688 new=com.google.android.velvet.VelvetApplication@9cfe9688
I/Icing   ( 1963): IndexChimeraService.getServiceInterface callingPackage=com.google.android.googlequicksearchbox componentName=null serviceId=21
I/LatinIME:LogUtils( 1656): Dictionary info: dictionary = main:en ; version = 42 ; date = 1381226516
I/Icing   ( 1963): Indexing com.google.android.googlequicksearchbox-applications from com.google.android.googlequicksearchbox
I/ActivityManager( 1570): Start proc com.android.keychain for broadcast com.android.keychain/.KeyChainBroadcastReceiver: pid=2617 uid=1000 gids={41000, 1028, 1015, 3002, 3001, 3003}
W/ContextImpl( 2617): Calling a method in the system process without a qualified user: android.app.ContextImpl.startService:1479 android.content.ContextWrapper.startService:494 android.content.ContextWrapper.startService:494 com.android.keychain.KeyChainBroadcastReceiver.onReceive:12 android.app.ActivityThread.handleReceiver:2419 
D/dalvikvm( 2554): GC_FOR_ALLOC freed 387K, 13% free 3115K/3568K, paused 4ms, total 4ms
D/dalvikvm( 1670): GC_FOR_ALLOC freed 1979K, 20% free 9068K/11264K, paused 15ms, total 15ms
D/dalvikvm( 1670): GC_FOR_ALLOC freed 49K, 20% free 9050K/11264K, paused 11ms, total 11ms
I/dalvikvm-heap( 1670): Grow heap (frag case) to 9.003MB for 45240-byte allocation
D/dalvikvm( 1708): GC_EXPLICIT freed 310K, 25% free 6238K/8260K, paused 1ms+1ms, total 5ms
D/dalvikvm( 1670): GC_FOR_ALLOC freed 30K, 20% free 9064K/11312K, paused 9ms, total 9ms
I/DownloadManager( 1691): Download 15 starting
W/DownloadManager( 1691): Aborting request for download 15: TYPE_DISALLOWED_BY_REQUESTOR
W/DriveInitializer( 1963): Awaiting to be initialized
D/dalvikvm( 1670): GC_FOR_ALLOC freed 514K, 20% free 9153K/11312K, paused 14ms, total 14ms
I/Icing   ( 1963): IndexChimeraService.getServiceInterface callingPackage=com.google.android.gms componentName=AppsCorpus serviceId=36
I/DownloadManager( 1691): Download 15 finished with status WAITING_FOR_NETWORK
D/dalvikvm( 1670): GC_FOR_ALLOC freed 359K, 18% free 9287K/11312K, paused 12ms, total 12ms
I/ActivityManager( 1570): Killing 2381:com.google.android.gms.ui/u0a7 (adj 15): empty #17
D/AndroidRuntime( 2648): 
D/AndroidRuntime( 2648): >>>>>> AndroidRuntime START com.android.internal.os.RuntimeInit <<<<<<
W/linker  ( 2648): libdvm.so has text relocations. This is wasting memory and is a security risk. Please fix.
D/AndroidRuntime( 2648): CheckJNI is ON
D/dalvikvm( 2648): Trying to load lib libjavacore.so 0x0
D/dalvikvm( 2648): Added shared lib libjavacore.so 0x0
D/dalvikvm( 2648): Trying to load lib libnativehelper.so 0x0
D/dalvikvm( 2648): Added shared lib libnativehelper.so 0x0
D/dalvikvm( 2648): No JNI_OnLoad found in libnativehelper.so 0x0, skipping init
D/dalvikvm( 2648): Note: class Landroid/app/ActivityManagerNative; has 179 unimplemented (abstract) methods
D/dalvikvm( 1963): GC_FOR_ALLOC freed 1516K, 22% free 10996K/14032K, paused 14ms, total 14ms
W/Icing   ( 1963): No valid account for uploading user actions
I/ContentMaintenance( 1963): Internal cache bytes used: 0; limit: 39526809; download size: 0
I/Icing   ( 1963): Usage reports ok 0, Failed Usage reports 0, indexed 0, rejected 0
I/Icing   ( 1963): doRemovePackageData it.unina.android.ripper_service
E/memtrack( 2648): Couldn't load memtrack module (No such file or directory)
E/android.os.Debug( 2648): failed to load memtrack module: -2
D/AndroidRuntime( 2648): Calling main entry com.android.commands.pm.Pm
W/ActivityManager( 1570): No content provider found for permission revoke: file:///data/local/tmp/AndroidRipperService.apk
W/ActivityManager( 1570): No content provider found for permission revoke: file:///data/local/tmp/AndroidRipperService.apk
I/PackageManager( 1570): Copying native libraries to /data/app-lib/vmdl889129692
I/PinnedContentDownloader( 1963): Finished downloading pinned content.
I/Icing   ( 1963): Indexing done com.google.android.googlequicksearchbox-applications
I/RealtimeCacheCleanup( 1963): Beginning Realtime garbage collection.
I/RealtimeCacheCleanup( 1963): Finished Realtime garbage collection.
W/Icing   ( 1963): No valid account for uploading user actions
I/PackageParser( 1570): it.unina.android.ripper_service: compat added android.permission.WRITE_EXTERNAL_STORAGE android.permission.READ_PHONE_STATE
I/Icing   ( 1963): Usage reports ok 0, Failed Usage reports 0, indexed 0, rejected 0
I/Icing   ( 1963): Indexing com.google.android.gms-apps from com.google.android.gms
I/Icing   ( 1963): Indexing done com.google.android.gms-apps
I/PackageManager( 1570): Running dexopt on: it.unina.android.ripper_service
W/linker  ( 2665): libdvm.so has text relocations. This is wasting memory and is a security risk. Please fix.
D/dalvikvm( 2665): DexOpt: load 4ms, verify+opt 20ms, 1117628 bytes
I/ActivityManager( 1570): Force stopping it.unina.android.ripper_service appid=10058 user=-1: update pkg
D/dalvikvm( 1570): GC_FOR_ALLOC freed 1138K, 16% free 7598K/9036K, paused 5ms, total 5ms
D/Documents( 2554): Used cached roots for com.android.providers.downloads.documents
D/Documents( 2554): Used cached roots for com.android.externalstorage.documents
D/Documents( 2554): Used cached roots for com.android.providers.media.documents
D/Documents( 2554): Update found 6 roots in 1ms
W/Launcher.Model( 2446): Nobody to tell about the new app.  Launcher is probably loading.
I/PackageManager( 1570):   Action: "android.intent.action.SENDTO"
I/PackageManager( 1570):   Category: "android.intent.category.DEFAULT"
I/PackageManager( 1570):   Scheme: "sms"
I/PackageManager( 1570): Adding preferred activity ComponentInfo{com.android.mms/com.android.mms.ui.ComposeMessageActivity} for user 0 :
I/InputReader( 1570): Reconfiguring input devices.  changes=0x00000010
D/BackupManagerService( 1570): Received broadcast Intent { act=android.intent.action.PACKAGE_ADDED dat=package:it.unina.android.ripper_service flg=0x4000010 (has extras) }
I/PackageManager( 1570):   Action: "android.intent.action.SENDTO"
I/PackageManager( 1570):   Category: "android.intent.category.DEFAULT"
I/PackageManager( 1570):   Scheme: "smsto"
I/PackageManager( 1570): Adding preferred activity ComponentInfo{com.android.mms/com.android.mms.ui.ComposeMessageActivity} for user 0 :
V/BackupManagerService( 1570): addPackageParticipantsLocked: #1
I/PackageManager( 1570):   Action: "android.intent.action.SENDTO"
I/PackageManager( 1570):   Category: "android.intent.category.DEFAULT"
I/PackageManager( 1570):   Scheme: "mms"
W/GCM     ( 1670): Unexpected forwarded intent: Intent { act=android.intent.action.PACKAGE_ADDED dat=package:it.unina.android.ripper_service flg=0x4000010 cmp=com.google.android.gms/.chimera.PersistentIntentOperationService (has extras) }
W/GCM     ( 1670): Unexpected forwarded intent: Intent { act=android.intent.action.PACKAGE_ADDED dat=package:it.unina.android.ripper_service flg=0x4000010 cmp=com.google.android.gms/.chimera.PersistentIntentOperationService (has extras) }
I/PackageManager( 1570): Adding preferred activity ComponentInfo{com.android.mms/com.android.mms.ui.ComposeMessageActivity} for user 0 :
D/dalvikvm( 1570): GC_EXPLICIT freed 841K, 16% free 7616K/9036K, paused 11ms+2ms, total 47ms
I/Auth    ( 1963): [SupervisedAccountIntentOperation] onHandleIntent(): android.intent.action.PACKAGE_ADDED
D/dalvikvm( 1727): GC_FOR_ALLOC freed 343K, 14% free 3625K/4212K, paused 2ms, total 2ms
I/PackageManager( 1570):   Action: "android.intent.action.SENDTO"
I/PackageManager( 1570):   Category: "android.intent.category.DEFAULT"
I/PackageManager( 1570):   Scheme: "mmsto"
I/PackageManager( 1570): Adding preferred activity ComponentInfo{com.android.mms/com.android.mms.ui.ComposeMessageActivity} for user 0 :
D/AndroidRuntime( 2648): Shutting down VM
D/jdwp    ( 2648): Got wake-up signal, bailing out of select
D/dalvikvm( 2648): Debugger has detached; object registry had 1 entries
I/PackageManager( 1570):   Action: "android.intent.action.SENDTO"
I/PackageManager( 1570):   Category: "android.intent.category.DEFAULT"
I/PackageManager( 1570):   Scheme: "sms"
I/PackageManager( 1570): Adding preferred activity ComponentInfo{com.android.mms/com.android.mms.ui.ComposeMessageActivity} for user 0 :
I/PackageManager( 1570):   Action: "android.intent.action.SENDTO"
I/PackageManager( 1570):   Category: "android.intent.category.DEFAULT"
I/PackageManager( 1570):   Scheme: "smsto"
D/dalvikvm( 1727): GC_FOR_ALLOC freed 325K, 14% free 3624K/4212K, paused 2ms, total 2ms
I/PackageManager( 1570):   Action: "android.intent.action.SENDTO"
I/PackageManager( 1570):   Category: "android.intent.category.DEFAULT"
I/PackageManager( 1570):   Scheme: "mms"
I/PackageManager( 1570): Adding preferred activity ComponentInfo{com.android.mms/com.android.mms.ui.ComposeMessageActivity} for user 0 :
I/PackageManager( 1570): Adding preferred activity ComponentInfo{com.android.mms/com.android.mms.ui.ComposeMessageActivity} for user 0 :
I/Icing.InternalIcingCorporaProvider( 2203): Updating corpora: A: it.unina.android.ripper_service, C: MAYBE
I/PackageManager( 1570):   Action: "android.intent.action.SENDTO"
I/PackageManager( 1570):   Category: "android.intent.category.DEFAULT"
I/PackageManager( 1570):   Scheme: "mmsto"
I/PackageManager( 1570): Adding preferred activity ComponentInfo{com.android.mms/com.android.mms.ui.ComposeMessageActivity} for user 0 :
I/ChromeSync( 1963): [Sync,SyncIntentOperation] Handling the intent: Intent { act=android.intent.action.PACKAGE_ADDED dat=package:it.unina.android.ripper_service flg=0x4000010 cmp=com.google.android.gms/.chimera.GmsIntentOperationService (has extras) }.
I/ActivityManager( 1570): Start proc com.svox.pico for broadcast com.svox.pico/.VoiceDataInstallerReceiver: pid=2669 uid=10041 gids={50041, 1028, 1015}
I/FontLog ( 1963): Package it.unina.android.ripper_service has no metadata [CONTEXT service_id=132 ]
E/GmsClient( 1963): unable to connect to service: com.google.android.gms.auth.key.retrieval.service.START on com.google.android.gms
W/ActivityManager( 1570): Unable to start service Intent { act=com.google.android.gms.auth.key.retrieval.service.START pkg=com.google.android.gms } U=0: not found
W/ActivityManager( 1570): Unbind failed: could not find connection for android.os.BinderProxy@9d5283c0
D/dalvikvm( 1670): GC_FOR_ALLOC freed 1092K, 21% free 9067K/11436K, paused 8ms, total 8ms
I/Icing   ( 1963): IndexChimeraService.getServiceInterface callingPackage=com.google.android.googlequicksearchbox componentName=null serviceId=21
I/dalvikvm( 1963): Could not find method java.util.Locale.toLanguageTag, referenced from method wkb.a
W/dalvikvm( 1963): VFY: unable to resolve virtual method 19297: Ljava/util/Locale;.toLanguageTag ()Ljava/lang/String;
D/dalvikvm( 1963): VFY: replacing opcode 0x6e at 0x015f
W/Icing   ( 1963): No valid account for uploading user actions
I/Icing   ( 1963): Usage reports ok 0, Failed Usage reports 0, indexed 0, rejected 0
I/ChromeSync( 1963): [Persistence,AffiliationManager] One of affiliation or grouping data for android://KSmUCdTXmQS-j9D_O8l1jvyu41Pjn2mc5cb0Gvx1e9H1Aj4JCzHs_uTW26nbtH65K-YfijtBsQxGp-8R6k6HFg==@it.unina.android.ripper_service/ was not found. Marking affiliation data as stale...
D/dalvikvm( 1570): GC_FOR_ALLOC freed 1139K, 16% free 7637K/9036K, paused 8ms, total 8ms
D/dalvikvm( 1963): GC_FOR_ALLOC freed 1820K, 21% free 11217K/14032K, paused 9ms, total 9ms
I/Icing   ( 1963): Indexing com.google.android.gms-internal.3p:MobileApplication from com.google.android.gms using seqno 74
I/Icing   ( 1963): Indexing com.google.android.googlequicksearchbox-applications from com.google.android.googlequicksearchbox
I/Icing   ( 1963): Indexing com.google.android.gms-apps from com.google.android.gms
I/Icing   ( 1963): Indexing done com.google.android.googlequicksearchbox-applications
I/Icing   ( 1963): Indexing done com.google.android.gms-apps
D/AndroidRuntime( 2688): 
D/AndroidRuntime( 2688): >>>>>> AndroidRuntime START com.android.internal.os.RuntimeInit <<<<<<
W/linker  ( 2688): libdvm.so has text relocations. This is wasting memory and is a security risk. Please fix.
D/AndroidRuntime( 2688): CheckJNI is ON
D/dalvikvm( 2688): Trying to load lib libjavacore.so 0x0
D/dalvikvm( 2688): Added shared lib libjavacore.so 0x0
D/dalvikvm( 2688): Trying to load lib libnativehelper.so 0x0
D/dalvikvm( 2688): Added shared lib libnativehelper.so 0x0
D/dalvikvm( 2688): No JNI_OnLoad found in libnativehelper.so 0x0, skipping init
D/dalvikvm( 2688): Note: class Landroid/app/ActivityManagerNative; has 179 unimplemented (abstract) methods
E/memtrack( 2688): Couldn't load memtrack module (No such file or directory)
E/android.os.Debug( 2688): failed to load memtrack module: -2
D/AndroidRuntime( 2688): Calling main entry com.android.commands.pm.Pm
D/AndroidRuntime( 2688): Shutting down VM
D/dalvikvm( 2688): GC_CONCURRENT freed 92K, 15% free 547K/644K, paused 0ms+0ms, total 1ms
D/AndroidRuntime( 2699): 
D/AndroidRuntime( 2699): >>>>>> AndroidRuntime START com.android.internal.os.RuntimeInit <<<<<<
W/linker  ( 2699): libdvm.so has text relocations. This is wasting memory and is a security risk. Please fix.
D/AndroidRuntime( 2699): CheckJNI is ON
D/dalvikvm( 2699): Trying to load lib libjavacore.so 0x0
D/dalvikvm( 2699): Added shared lib libjavacore.so 0x0
D/dalvikvm( 2699): Trying to load lib libnativehelper.so 0x0
D/dalvikvm( 2699): Added shared lib libnativehelper.so 0x0
D/dalvikvm( 2699): No JNI_OnLoad found in libnativehelper.so 0x0, skipping init
D/dalvikvm( 2699): Note: class Landroid/app/ActivityManagerNative; has 179 unimplemented (abstract) methods
E/memtrack( 2699): Couldn't load memtrack module (No such file or directory)
E/android.os.Debug( 2699): failed to load memtrack module: -2
D/AndroidRuntime( 2699): Calling main entry com.android.commands.pm.Pm
D/AndroidRuntime( 2699): Shutting down VM
D/dalvikvm( 2699): GC_CONCURRENT freed 92K, 15% free 547K/644K, paused 1ms+0ms, total 1ms
D/AndroidRuntime( 2710): 
D/AndroidRuntime( 2710): >>>>>> AndroidRuntime START com.android.internal.os.RuntimeInit <<<<<<
W/linker  ( 2710): libdvm.so has text relocations. This is wasting memory and is a security risk. Please fix.
D/AndroidRuntime( 2710): CheckJNI is ON
D/dalvikvm( 2710): Trying to load lib libjavacore.so 0x0
D/dalvikvm( 2710): Added shared lib libjavacore.so 0x0
D/dalvikvm( 2710): Trying to load lib libnativehelper.so 0x0
D/dalvikvm( 2710): Added shared lib libnativehelper.so 0x0
D/dalvikvm( 2710): No JNI_OnLoad found in libnativehelper.so 0x0, skipping init
D/dalvikvm( 2710): Note: class Landroid/app/ActivityManagerNative; has 179 unimplemented (abstract) methods
E/memtrack( 2710): Couldn't load memtrack module (No such file or directory)
E/android.os.Debug( 2710): failed to load memtrack module: -2
D/AndroidRuntime( 2710): Calling main entry com.android.commands.am.Am
D/AndroidRuntime( 2710): Shutting down VM
D/dalvikvm( 1145): GC_EXPLICIT freed 40K, 4% free 2995K/3100K, paused 1ms+0ms, total 3ms
D/dalvikvm( 2710): GC_CONCURRENT freed 93K, 15% free 575K/672K, paused 0ms+0ms, total 1ms
D/dalvikvm( 1145): GC_EXPLICIT freed <1K, 4% free 2995K/3100K, paused 0ms+0ms, total 5ms
I/ActivityManager( 1570): Start proc it.unina.android.ripper_service:android_ripper_service_process for service it.unina.android.ripper_service/.AndroidRipperService: pid=2721 uid=10058 gids={50058, 3003, 1028, 1015}
V/AndroidRipperService( 2721): onCreate()
D/dalvikvm( 1145): GC_EXPLICIT freed <1K, 4% free 2995K/3100K, paused 0ms+1ms, total 3ms
V/SERVER  ( 2721): Starting ServerSocket on PORT 18888
V/SERVER  ( 2721): Started ServerSocket on PORT 18888
V/SERVER  ( 2721): Ready to accept connections on port: 18888
D/AndroidRuntime( 2735): 
D/AndroidRuntime( 2735): >>>>>> AndroidRuntime START com.android.internal.os.RuntimeInit <<<<<<
W/linker  ( 2735): libdvm.so has text relocations. This is wasting memory and is a security risk. Please fix.
D/AndroidRuntime( 2735): CheckJNI is ON
D/dalvikvm( 2735): Trying to load lib libjavacore.so 0x0
D/dalvikvm( 2735): Added shared lib libjavacore.so 0x0
D/dalvikvm( 2735): Trying to load lib libnativehelper.so 0x0
D/dalvikvm( 2735): Added shared lib libnativehelper.so 0x0
D/dalvikvm( 2735): No JNI_OnLoad found in libnativehelper.so 0x0, skipping init
D/dalvikvm( 2735): Note: class Landroid/app/ActivityManagerNative; has 179 unimplemented (abstract) methods
E/memtrack( 2735): Couldn't load memtrack module (No such file or directory)
E/android.os.Debug( 2735): failed to load memtrack module: -2
D/AndroidRuntime( 2735): Calling main entry com.android.commands.input.Input
I/Input   ( 2735): injectKeyEvent: KeyEvent { action=ACTION_DOWN, keyCode=KEYCODE_MENU, scanCode=0, metaState=0, flags=0x0, repeatCount=0, eventTime=84534, downTime=84534, deviceId=-1, source=0x101 }
I/Input   ( 2735): injectKeyEvent: KeyEvent { action=ACTION_UP, keyCode=KEYCODE_MENU, scanCode=0, metaState=0, flags=0x0, repeatCount=0, eventTime=84534, downTime=84534, deviceId=-1, source=0x101 }
D/dalvikvm( 1740): GC_FOR_ALLOC freed 799K, 14% free 22949K/26540K, paused 2ms, total 2ms
I/dalvikvm-heap( 1740): Grow heap (frag case) to 24.323MB for 1939932-byte allocation
D/dalvikvm( 1740): GC_FOR_ALLOC freed 9K, 13% free 24834K/28436K, paused 2ms, total 2ms
D/AndroidRuntime( 2735): Shutting down VM
D/dalvikvm( 2735): GC_CONCURRENT freed 96K, 15% free 554K/652K, paused 1ms+0ms, total 1ms
E/SoundPool( 1570): error loading /system/media/audio/ui/Effect_Tick.ogg
W/AudioService( 1570): Soundpool could not load file: /system/media/audio/ui/Effect_Tick.ogg
E/SoundPool( 1570): error loading /system/media/audio/ui/Effect_Tick.ogg
W/AudioService( 1570): Soundpool could not load file: /system/media/audio/ui/Effect_Tick.ogg
E/SoundPool( 1570): error loading /system/media/audio/ui/Effect_Tick.ogg
W/AudioService( 1570): Soundpool could not load file: /system/media/audio/ui/Effect_Tick.ogg
E/SoundPool( 1570): error loading /system/media/audio/ui/Effect_Tick.ogg
W/AudioService( 1570): Soundpool could not load file: /system/media/audio/ui/Effect_Tick.ogg
E/SoundPool( 1570): error loading /system/media/audio/ui/Effect_Tick.ogg
W/AudioService( 1570): Soundpool could not load file: /system/media/audio/ui/Effect_Tick.ogg
E/SoundPool( 1570): error loading /system/media/audio/ui/KeypressStandard.ogg
W/AudioService( 1570): Soundpool could not load file: /system/media/audio/ui/KeypressStandard.ogg
E/SoundPool( 1570): error loading /system/media/audio/ui/KeypressSpacebar.ogg
W/AudioService( 1570): Soundpool could not load file: /system/media/audio/ui/KeypressSpacebar.ogg
E/SoundPool( 1570): error loading /system/media/audio/ui/KeypressDelete.ogg
W/AudioService( 1570): Soundpool could not load file: /system/media/audio/ui/KeypressDelete.ogg
E/SoundPool( 1570): error loading /system/media/audio/ui/KeypressReturn.ogg
W/AudioService( 1570): Soundpool could not load file: /system/media/audio/ui/KeypressReturn.ogg
E/SoundPool( 1570): error loading /system/media/audio/ui/KeypressInvalid.ogg
W/AudioService( 1570): Soundpool could not load file: /system/media/audio/ui/KeypressInvalid.ogg
W/AudioService( 1570): onLoadSoundEffects(), Error -1 while loading samples
D/EGL_emulation( 1740): eglMakeCurrent: 0xb9685ea0: ver 3 0
E/EGL_emulation( 1740): tid 1740: eglSurfaceAttrib(1199): error 0x3009 (EGL_BAD_MATCH)
W/HardwareRenderer( 1740): Backbuffer cannot be preserved
D/AndroidRuntime( 2754): 
D/AndroidRuntime( 2754): >>>>>> AndroidRuntime START com.android.internal.os.RuntimeInit <<<<<<
W/linker  ( 2754): libdvm.so has text relocations. This is wasting memory and is a security risk. Please fix.
D/AndroidRuntime( 2754): CheckJNI is ON
D/dalvikvm( 2754): Trying to load lib libjavacore.so 0x0
D/dalvikvm( 2754): Added shared lib libjavacore.so 0x0
D/dalvikvm( 2754): Trying to load lib libnativehelper.so 0x0
D/dalvikvm( 2754): Added shared lib libnativehelper.so 0x0
D/dalvikvm( 2754): No JNI_OnLoad found in libnativehelper.so 0x0, skipping init
D/dalvikvm( 2754): Note: class Landroid/app/ActivityManagerNative; has 179 unimplemented (abstract) methods
E/memtrack( 2754): Couldn't load memtrack module (No such file or directory)
E/android.os.Debug( 2754): failed to load memtrack module: -2
D/AndroidRuntime( 2754): Calling main entry com.android.commands.pm.Pm
W/ActivityManager( 1570): No content provider found for permission revoke: file:///sdcard/aut.apk
W/ActivityManager( 1570): No content provider found for permission revoke: file:///sdcard/aut.apk
I/PackageManager( 1570): Copying native libraries to /data/app-lib/vmdl1699384348
W/PackageParser( 1570): Unknown element under <manifest>: queries at /data/app/vmdl1699384348.tmp Binary XML file line #15
D/dalvikvm( 1570): GC_FOR_ALLOC freed 753K, 16% free 7652K/9036K, paused 7ms, total 7ms
D/dalvikvm( 1570): GC_FOR_ALLOC freed 863K, 12% free 7957K/9036K, paused 6ms, total 6ms
D/dalvikvm( 1570): GC_FOR_ALLOC freed 1102K, 14% free 7976K/9264K, paused 6ms, total 6ms
D/dalvikvm( 1570): GC_FOR_ALLOC freed 1146K, 15% free 7984K/9288K, paused 6ms, total 6ms
D/dalvikvm( 1570): GC_FOR_ALLOC freed 1162K, 15% free 7992K/9300K, paused 5ms, total 6ms
I/PackageManager( 1570): Running dexopt on: com.planes.android
W/linker  ( 2765): libdvm.so has text relocations. This is wasting memory and is a security risk. Please fix.
W/dalvikvm( 2765): method Landroidx/appcompat/widget/DropDownListView;.lookForSelectablePosition incorrectly overrides package-private method with same name in Landroid/widget/ListView;
D/dalvikvm( 2765): DexOpt: 'Ljunit/extensions/ActiveTestSuite$1;' has an earlier definition; blocking out
D/dalvikvm( 2765): DexOpt: 'Ljunit/framework/Assert;' has an earlier definition; blocking out
D/dalvikvm( 2765): DexOpt: 'Ljunit/framework/AssertionFailedError;' has an earlier definition; blocking out
D/dalvikvm( 2765): DexOpt: 'Ljunit/framework/ComparisonCompactor;' has an earlier definition; blocking out
D/dalvikvm( 2765): DexOpt: 'Ljunit/framework/Protectable;' has an earlier definition; blocking out
D/dalvikvm( 2765): DexOpt: 'Ljunit/framework/Test;' has an earlier definition; blocking out
D/dalvikvm( 2765): DexOpt: 'Ljunit/framework/TestFailure;' has an earlier definition; blocking out
D/dalvikvm( 2765): DexOpt: 'Ljunit/framework/TestListener;' has an earlier definition; blocking out
D/dalvikvm( 2765): DexOpt: 'Ljunit/framework/TestResult;' has an earlier definition; blocking out
D/dalvikvm( 2765): DexOpt: 'Ljunit/extensions/TestDecorator;' has an earlier definition; blocking out
D/dalvikvm( 2765): DexOpt: 'Ljunit/extensions/TestSetup$1;' has an earlier definition; blocking out
D/dalvikvm( 2765): DexOpt: 'Ljunit/framework/ComparisonFailure;' has an earlier definition; blocking out
D/dalvikvm( 2765): DexOpt: 'Ljunit/framework/TestCase;' has an earlier definition; blocking out
D/dalvikvm( 2765): DexOpt: 'Ljunit/framework/TestResult$1;' has an earlier definition; blocking out
D/dalvikvm( 2765): DexOpt: 'Ljunit/framework/TestSuite;' has an earlier definition; blocking out
D/dalvikvm( 2765): DexOpt: 'Ljunit/extensions/ActiveTestSuite;' has an earlier definition; blocking out
D/dalvikvm( 2765): DexOpt: 'Ljunit/extensions/RepeatedTest;' has an earlier definition; blocking out
D/dalvikvm( 2765): DexOpt: 'Ljunit/extensions/TestSetup;' has an earlier definition; blocking out
D/dalvikvm( 2765): DexOpt: 'Ljunit/framework/TestSuite$1;' has an earlier definition; blocking out
D/dalvikvm( 2765): DexOpt: couldn't find field Landroid/view/inputmethod/EditorInfo;.contentMimeTypes
D/dalvikvm( 2765): DexOpt: not verifying/optimizing 'Ljunit/extensions/ActiveTestSuite$1;': multiple definitions
D/dalvikvm( 2765): DexOpt: not verifying/optimizing 'Ljunit/framework/Assert;': multiple definitions
D/dalvikvm( 2765): DexOpt: not verifying/optimizing 'Ljunit/framework/AssertionFailedError;': multiple definitions
D/dalvikvm( 2765): DexOpt: not verifying/optimizing 'Ljunit/framework/ComparisonCompactor;': multiple definitions
I/dalvikvm( 2765): DexOpt: not resolving ambiguous class 'Ljunit/framework/Test;'
D/dalvikvm( 2765): DexOpt: not verifying/optimizing 'Ljunit/framework/Protectable;': multiple definitions
D/dalvikvm( 2765): DexOpt: not verifying/optimizing 'Ljunit/framework/Test;': multiple definitions
D/dalvikvm( 2765): DexOpt: not verifying/optimizing 'Ljunit/framework/TestFailure;': multiple definitions
D/dalvikvm( 2765): DexOpt: not verifying/optimizing 'Ljunit/framework/TestListener;': multiple definitions
D/dalvikvm( 2765): DexOpt: not verifying/optimizing 'Ljunit/framework/TestResult;': multiple definitions
I/dalvikvm( 2765): DexOpt: not resolving ambiguous class 'Ljunit/framework/TestSuite;'
D/dalvikvm( 2765): DexOpt: not verifying/optimizing 'Ljunit/extensions/TestDecorator;': multiple definitions
D/dalvikvm( 2765): DexOpt: not verifying/optimizing 'Ljunit/extensions/TestSetup$1;': multiple definitions
D/dalvikvm( 2765): DexOpt: not verifying/optimizing 'Ljunit/framework/ComparisonFailure;': multiple definitions
I/dalvikvm( 2765): DexOpt: not resolving ambiguous class 'Ljunit/framework/TestResult;'
D/dalvikvm( 2765): DexOpt: not verifying/optimizing 'Ljunit/framework/TestCase;': multiple definitions
D/dalvikvm( 2765): DexOpt: not verifying/optimizing 'Ljunit/framework/TestResult$1;': multiple definitions
D/dalvikvm( 2765): DexOpt: not verifying/optimizing 'Ljunit/framework/TestSuite;': multiple definitions
I/dalvikvm( 2765): DexOpt: not resolving ambiguous class 'Ljunit/framework/Test;'
I/dalvikvm( 2765): DexOpt: not resolving ambiguous class 'Ljunit/framework/TestFailure;'
I/dalvikvm( 2765): DexOpt: not resolving ambiguous class 'Ljunit/framework/TestCase;'
I/dalvikvm( 2765): DexOpt: not resolving ambiguous class 'Ljunit/framework/TestCase;'
D/dalvikvm( 2765): DexOpt: not verifying/optimizing 'Ljunit/extensions/ActiveTestSuite;': multiple definitions
D/dalvikvm( 2765): DexOpt: not verifying/optimizing 'Ljunit/extensions/RepeatedTest;': multiple definitions
D/dalvikvm( 2765): DexOpt: not verifying/optimizing 'Ljunit/extensions/TestSetup;': multiple definitions
D/dalvikvm( 2765): DexOpt: not verifying/optimizing 'Ljunit/framework/TestSuite$1;': multiple definitions
I/dalvikvm( 2765): DexOpt: not resolving ambiguous class 'Ljunit/framework/TestResult;'
I/dalvikvm( 2765): DexOpt: not resolving ambiguous class 'Ljunit/framework/TestSuite;'
I/dalvikvm( 2765): DexOpt: not resolving ambiguous class 'Ljunit/framework/Test;'
D/dalvikvm( 2765): DexOpt: load 40ms, verify+opt 137ms, 3782404 bytes
I/ActivityManager( 1570): Force stopping com.planes.android appid=10059 user=-1: update pkg
D/dalvikvm( 1570): GC_FOR_ALLOC freed 1190K, 14% free 8030K/9300K, paused 6ms, total 6ms
D/dalvikvm( 2446): GC_FOR_ALLOC freed 226K, 9% free 3254K/3548K, paused 2ms, total 2ms
D/Documents( 2554): Used cached roots for com.android.providers.downloads.documents
D/Documents( 2554): Used cached roots for com.android.externalstorage.documents
D/Documents( 2554): Used cached roots for com.android.providers.media.documents
D/Documents( 2554): Update found 6 roots in 2ms
W/Launcher.Model( 2446): Nobody to tell about the new app.  Launcher is probably loading.
D/BackupManagerService( 1570): Received broadcast Intent { act=android.intent.action.PACKAGE_ADDED dat=package:com.planes.android flg=0x4000010 (has extras) }
V/BackupManagerService( 1570): addPackageParticipantsLocked: #1
I/PackageManager( 1570):   Action: "android.intent.action.SENDTO"
I/PackageManager( 1570):   Category: "android.intent.category.DEFAULT"
I/PackageManager( 1570):   Scheme: "sms"
I/InputReader( 1570): Reconfiguring input devices.  changes=0x00000010
D/dalvikvm( 1727): GC_FOR_ALLOC freed 394K, 16% free 3564K/4212K, paused 1ms, total 1ms
I/PackageManager( 1570): Adding preferred activity ComponentInfo{com.android.mms/com.android.mms.ui.ComposeMessageActivity} for user 0 :
I/PackageManager( 1570):   Action: "android.intent.action.SENDTO"
I/PackageManager( 1570):   Category: "android.intent.category.DEFAULT"
I/PackageManager( 1570):   Scheme: "smsto"
I/PackageManager( 1570): Adding preferred activity ComponentInfo{com.android.mms/com.android.mms.ui.ComposeMessageActivity} for user 0 :
I/PackageManager( 1570):   Action: "android.intent.action.SENDTO"
I/PackageManager( 1570): Adding preferred activity ComponentInfo{com.android.mms/com.android.mms.ui.ComposeMessageActivity} for user 0 :
I/PackageManager( 1570):   Category: "android.intent.category.DEFAULT"
I/PackageManager( 1570):   Scheme: "mms"
D/dalvikvm( 1570): GC_EXPLICIT freed 1072K, 19% free 7615K/9300K, paused 10ms+3ms, total 40ms
D/AndroidRuntime( 2754): Shutting down VM
I/PackageManager( 1570):   Action: "android.intent.action.SENDTO"
I/PackageManager( 1570):   Category: "android.intent.category.DEFAULT"
I/PackageManager( 1570):   Scheme: "mmsto"
D/dalvikvm( 2754): GC_CONCURRENT freed 93K, 15% free 552K/648K, paused 0ms+0ms, total 1ms
I/PackageManager( 1570): Adding preferred activity ComponentInfo{com.android.mms/com.android.mms.ui.ComposeMessageActivity} for user 0 :
W/GCM     ( 1670): Unexpected forwarded intent: Intent { act=android.intent.action.PACKAGE_ADDED dat=package:com.planes.android flg=0x4000010 cmp=com.google.android.gms/.chimera.PersistentIntentOperationService (has extras) }
W/GCM     ( 1670): Unexpected forwarded intent: Intent { act=android.intent.action.PACKAGE_ADDED dat=package:com.planes.android flg=0x4000010 cmp=com.google.android.gms/.chimera.PersistentIntentOperationService (has extras) }
I/Auth    ( 1963): [SupervisedAccountIntentOperation] onHandleIntent(): android.intent.action.PACKAGE_ADDED
I/ChromeSync( 1963): [Sync,SyncIntentOperation] Handling the intent: Intent { act=android.intent.action.PACKAGE_ADDED dat=package:com.planes.android flg=0x4000010 cmp=com.google.android.gms/.chimera.GmsIntentOperationService (has extras) }.
I/FontLog ( 1963): Package com.planes.android has no metadata [CONTEXT service_id=132 ]
I/PackageManager( 1570):   Action: "android.intent.action.SENDTO"
I/PackageManager( 1570):   Category: "android.intent.category.DEFAULT"
I/PackageManager( 1570):   Scheme: "sms"
W/ActivityManager( 1570): Unable to start service Intent { act=com.google.android.gms.auth.key.retrieval.service.START pkg=com.google.android.gms } U=0: not found
I/PackageManager( 1570): Adding preferred activity ComponentInfo{com.android.mms/com.android.mms.ui.ComposeMessageActivity} for user 0 :
I/Icing.InternalIcingCorporaProvider( 2203): Updating corpora: A: com.planes.android, C: MAYBE
D/dalvikvm( 1727): GC_FOR_ALLOC freed 353K, 14% free 3623K/4212K, paused 2ms, total 2ms
E/GmsClient( 1963): unable to connect to service: com.google.android.gms.auth.key.retrieval.service.START on com.google.android.gms
I/ChromeSync( 1963): [Persistence,AffiliationManager] One of affiliation or grouping data for android://KSmUCdTXmQS-j9D_O8l1jvyu41Pjn2mc5cb0Gvx1e9H1Aj4JCzHs_uTW26nbtH65K-YfijtBsQxGp-8R6k6HFg==@com.planes.android/ was not found. Marking affiliation data as stale...
I/PackageManager( 1570):   Action: "android.intent.action.SENDTO"
I/PackageManager( 1570):   Category: "android.intent.category.DEFAULT"
I/PackageManager( 1570):   Scheme: "smsto"
W/ActivityManager( 1570): Unbind failed: could not find connection for android.os.BinderProxy@9d5aa3a0
I/PackageManager( 1570): Adding preferred activity ComponentInfo{com.android.mms/com.android.mms.ui.ComposeMessageActivity} for user 0 :
I/PackageManager( 1570):   Action: "android.intent.action.SENDTO"
I/PackageManager( 1570):   Category: "android.intent.category.DEFAULT"
I/PackageManager( 1570):   Scheme: "mms"
I/PackageManager( 1570): Adding preferred activity ComponentInfo{com.android.mms/com.android.mms.ui.ComposeMessageActivity} for user 0 :
I/PackageManager( 1570):   Action: "android.intent.action.SENDTO"
I/PackageManager( 1570):   Category: "android.intent.category.DEFAULT"
I/PackageManager( 1570):   Scheme: "mmsto"
I/Icing   ( 1963): IndexChimeraService.getServiceInterface callingPackage=com.google.android.googlequicksearchbox componentName=null serviceId=21
D/dalvikvm( 1727): GC_FOR_ALLOC freed 336K, 14% free 3625K/4212K, paused 2ms, total 2ms
I/PackageManager( 1570): Adding preferred activity ComponentInfo{com.android.mms/com.android.mms.ui.ComposeMessageActivity} for user 0 :
I/Icing   ( 1963): Indexing com.google.android.gms-internal.3p:MobileApplication from com.google.android.gms using seqno 74
I/Icing   ( 1963): Indexing com.google.android.gms-apps from com.google.android.gms
W/Icing   ( 1963): No valid account for uploading user actions
I/Icing   ( 1963): Usage reports ok 0, Failed Usage reports 0, indexed 0, rejected 0
I/Icing   ( 1963): Indexing done com.google.android.gms-apps
I/Icing   ( 1963): Indexing com.google.android.googlequicksearchbox-applications from com.google.android.googlequicksearchbox
D/EGL_emulation( 1740): eglMakeCurrent: 0xb9685ea0: ver 3 0
D/dalvikvm( 2203): GC_FOR_ALLOC freed 392K, 12% free 3359K/3816K, paused 1ms, total 1ms
I/Icing   ( 1963): Indexing done com.google.android.googlequicksearchbox-applications
D/AndroidRuntime( 2773): 
D/AndroidRuntime( 2773): >>>>>> AndroidRuntime START com.android.internal.os.RuntimeInit <<<<<<
W/linker  ( 2773): libdvm.so has text relocations. This is wasting memory and is a security risk. Please fix.
D/AndroidRuntime( 2773): CheckJNI is ON
D/dalvikvm( 2773): Trying to load lib libjavacore.so 0x0
D/dalvikvm( 2773): Added shared lib libjavacore.so 0x0
D/EGL_emulation( 1740): eglMakeCurrent: 0xb9685ea0: ver 3 0
D/dalvikvm( 2773): Trying to load lib libnativehelper.so 0x0
D/dalvikvm( 2773): Added shared lib libnativehelper.so 0x0
D/dalvikvm( 2773): No JNI_OnLoad found in libnativehelper.so 0x0, skipping init
D/dalvikvm( 2773): Note: class Landroid/app/ActivityManagerNative; has 179 unimplemented (abstract) methods
E/memtrack( 2773): Couldn't load memtrack module (No such file or directory)
E/android.os.Debug( 2773): failed to load memtrack module: -2
D/AndroidRuntime( 2773): Calling main entry com.android.commands.pm.Pm
W/ActivityManager( 1570): No content provider found for permission revoke: file:///sdcard/ripper.apk
W/ActivityManager( 1570): No content provider found for permission revoke: file:///sdcard/ripper.apk
I/PackageManager( 1570): Copying native libraries to /data/app-lib/vmdl-2082436857
I/PackageParser( 1570): it.unina.android.ripper: compat added android.permission.WRITE_EXTERNAL_STORAGE android.permission.READ_PHONE_STATE
D/dalvikvm( 1570): GC_FOR_ALLOC freed 1217K, 19% free 7544K/9300K, paused 8ms, total 8ms
I/PackageManager( 1570): Running dexopt on: it.unina.android.ripper
W/linker  ( 2784): libdvm.so has text relocations. This is wasting memory and is a security risk. Please fix.
D/dalvikvm( 2784): DexOpt: load 4ms, verify+opt 19ms, 936700 bytes
I/ActivityManager( 1570): Force stopping it.unina.android.ripper appid=10060 user=-1: update pkg
W/Launcher.Model( 2446): Nobody to tell about the new app.  Launcher is probably loading.
D/Documents( 2554): Used cached roots for com.android.providers.downloads.documents
D/Documents( 2554): Used cached roots for com.android.externalstorage.documents
D/Documents( 2554): Used cached roots for com.android.providers.media.documents
D/Documents( 2554): Update found 6 roots in 1ms
I/InputReader( 1570): Reconfiguring input devices.  changes=0x00000010
I/PackageManager( 1570):   Action: "android.intent.action.SENDTO"
I/PackageManager( 1570):   Category: "android.intent.category.DEFAULT"
I/PackageManager( 1570):   Scheme: "sms"
I/PackageManager( 1570): Adding preferred activity ComponentInfo{com.android.mms/com.android.mms.ui.ComposeMessageActivity} for user 0 :
I/PackageManager( 1570):   Action: "android.intent.action.SENDTO"
I/PackageManager( 1570):   Category: "android.intent.category.DEFAULT"
I/PackageManager( 1570):   Scheme: "smsto"
I/PackageManager( 1570): Adding preferred activity ComponentInfo{com.android.mms/com.android.mms.ui.ComposeMessageActivity} for user 0 :
I/PackageManager( 1570):   Action: "android.intent.action.SENDTO"
I/PackageManager( 1570):   Category: "android.intent.category.DEFAULT"
I/PackageManager( 1570):   Scheme: "mms"
I/PackageManager( 1570): Adding preferred activity ComponentInfo{com.android.mms/com.android.mms.ui.ComposeMessageActivity} for user 0 :
D/BackupManagerService( 1570): Received broadcast Intent { act=android.intent.action.PACKAGE_ADDED dat=package:it.unina.android.ripper flg=0x4000010 (has extras) }
V/BackupManagerService( 1570): addPackageParticipantsLocked: #1
D/dalvikvm( 1727): GC_FOR_ALLOC freed 333K, 14% free 3626K/4212K, paused 3ms, total 4ms
I/PackageManager( 1570):   Action: "android.intent.action.SENDTO"
I/PackageManager( 1570):   Category: "android.intent.category.DEFAULT"
I/PackageManager( 1570):   Scheme: "mmsto"
I/PackageManager( 1570): Adding preferred activity ComponentInfo{com.android.mms/com.android.mms.ui.ComposeMessageActivity} for user 0 :
W/GCM     ( 1670): Unexpected forwarded intent: Intent { act=android.intent.action.PACKAGE_ADDED dat=package:it.unina.android.ripper flg=0x4000010 cmp=com.google.android.gms/.chimera.PersistentIntentOperationService (has extras) }
W/GCM     ( 1670): Unexpected forwarded intent: Intent { act=android.intent.action.PACKAGE_ADDED dat=package:it.unina.android.ripper flg=0x4000010 cmp=com.google.android.gms/.chimera.PersistentIntentOperationService (has extras) }
I/PackageManager( 1570):   Action: "android.intent.action.SENDTO"
I/PackageManager( 1570):   Category: "android.intent.category.DEFAULT"
I/PackageManager( 1570):   Scheme: "sms"
I/PackageManager( 1570): Adding preferred activity ComponentInfo{com.android.mms/com.android.mms.ui.ComposeMessageActivity} for user 0 :
D/dalvikvm( 1570): GC_EXPLICIT freed 1137K, 19% free 7549K/9300K, paused 7ms+4ms, total 62ms
D/dalvikvm( 1570): WAIT_FOR_CONCURRENT_GC blocked 2ms
