W/ProviderHelper( 1963): Unknown dynamite feature providerinstaller
I/DynamiteModule( 1963): Considering local module providerinstaller:0 and remote module providerinstaller:0
W/ProviderInstaller( 1963): Failed to load providerinstaller module: No acceptable module found. Local version is 0 and remote version is 0.
I/dalvikvm( 1963): Could not find method android.content.ContextWrapper.createCredentialProtectedStorageContext, referenced from method nfr.createCredentialProtectedStorageContext
W/dalvikvm( 1963): VFY: unable to resolve virtual method 2508: Landroid/content/ContextWrapper;.createCredentialProtectedStorageContext ()Landroid/content/Context;
D/dalvikvm( 1963): VFY: replacing opcode 0x6f at 0x0002
I/dalvikvm( 1963): Could not find method android.content.ContextWrapper.createDeviceProtectedStorageContext, referenced from method nfr.createDeviceProtectedStorageContext
W/dalvikvm( 1963): VFY: unable to resolve virtual method 2509: Landroid/content/ContextWrapper;.createDeviceProtectedStorageContext ()Landroid/content/Context;
D/dalvikvm( 1963): VFY: replacing opcode 0x6f at 0x0002
D/dalvikvm( 1963): DexOpt: couldn't find static field Landroid/os/Build;.SUPPORTED_64_BIT_ABIS
W/dalvikvm( 1963): VFY: unable to resolve static field 1539 (SUPPORTED_64_BIT_ABIS) in Landroid/os/Build;
D/dalvikvm( 1963): VFY: replacing opcode 0x62 at 0x0080
D/dalvikvm( 1963): DexOpt: couldn't find static field Landroid/os/Build;.SUPPORTED_ABIS
W/dalvikvm( 1963): VFY: unable to resolve static field 1540 (SUPPORTED_ABIS) in Landroid/os/Build;
D/dalvikvm( 1963): VFY: replacing opcode 0x62 at 0x00d3
V/NativeCrypto( 1963): Registering com/google/android/gms/org/conscrypt/NativeCrypto's 286 native methods...
W/dalvikvm( 1963): Unable to resolve superclass of Lcom/google/android/gms/org/conscrypt/TrustManagerImpl; (5184)
W/dalvikvm( 1963): Link of class 'Lcom/google/android/gms/org/conscrypt/TrustManagerImpl;' failed
I/dalvikvm( 1963): Could not find method com.google.android.gms.org.conscrypt.TrustManagerImpl.getDefaultHostnameVerifier, referenced from method com.google.android.gms.org.conscrypt.Conscrypt.getDefaultHostnameVerifier
W/dalvikvm( 1963): VFY: unable to resolve static method 17870: Lcom/google/android/gms/org/conscrypt/TrustManagerImpl;.getDefaultHostnameVerifier ()Lcom/google/android/gms/org/conscrypt/ConscryptHostnameVerifier;
D/dalvikvm( 1963): VFY: replacing opcode 0x71 at 0x0003
W/dalvikvm( 1963): Unable to resolve superclass of Lcom/google/android/gms/org/conscrypt/TrustManagerImpl; (5184)
W/dalvikvm( 1963): Link of class 'Lcom/google/android/gms/org/conscrypt/TrustManagerImpl;' failed
W/dalvikvm( 1963): VFY: unable to find class referenced in signature (Lcom/google/android/gms/org/conscrypt/TrustManagerImpl;)
W/dalvikvm( 1963): Unable to resolve superclass of Lcom/google/android/gms/org/conscrypt/TrustManagerImpl; (5184)
W/dalvikvm( 1963): Link of class 'Lcom/google/android/gms/org/conscrypt/TrustManagerImpl;' failed
I/dalvikvm( 1963): Could not find method com.google.android.gms.org.conscrypt.TrustManagerImpl.getHostnameVerifier, referenced from method com.google.android.gms.org.conscrypt.Conscrypt.getHostnameVerifier
W/dalvikvm( 1963): VFY: unable to resolve virtual method 17872: Lcom/google/android/gms/org/conscrypt/TrustManagerImpl;.getHostnameVerifier ()Lcom/google/android/gms/org/conscrypt/ConscryptHostnameVerifier;
D/dalvikvm( 1963): VFY: replacing opcode 0x6e at 0x0004
W/dalvikvm( 1963): Unable to resolve superclass of Lcom/google/android/gms/org/conscrypt/TrustManagerImpl; (5184)
W/dalvikvm( 1963): Link of class 'Lcom/google/android/gms/org/conscrypt/TrustManagerImpl;' failed
E/dalvikvm( 1963): Could not find class 'com.google.android.gms.org.conscrypt.TrustManagerImpl', referenced from method com.google.android.gms.org.conscrypt.Conscrypt.isConscrypt
W/dalvikvm( 1963): VFY: unable to resolve instanceof 4452 (Lcom/google/android/gms/org/conscrypt/TrustManagerImpl;) in Lcom/google/android/gms/org/conscrypt/Conscrypt;
D/dalvikvm( 1963): VFY: replacing opcode 0x20 at 0x0000
W/dalvikvm( 1963): Unable to resolve superclass of Lcom/google/android/gms/org/conscrypt/TrustManagerImpl; (5184)
W/dalvikvm( 1963): Link of class 'Lcom/google/android/gms/org/conscrypt/TrustManagerImpl;' failed
I/dalvikvm( 1963): Could not find method com.google.android.gms.org.conscrypt.TrustManagerImpl.setDefaultHostnameVerifier, referenced from method com.google.android.gms.org.conscrypt.Conscrypt.setDefaultHostnameVerifier
W/dalvikvm( 1963): VFY: unable to resolve static method 17882: Lcom/google/android/gms/org/conscrypt/TrustManagerImpl;.setDefaultHostnameVerifier (Lcom/google/android/gms/org/conscrypt/ConscryptHostnameVerifier;)V
D/dalvikvm( 1963): VFY: replacing opcode 0x71 at 0x0003
W/dalvikvm( 1963): Unable to resolve superclass of Lcom/google/android/gms/org/conscrypt/TrustManagerImpl; (5184)
W/dalvikvm( 1963): Link of class 'Lcom/google/android/gms/org/conscrypt/TrustManagerImpl;' failed
W/dalvikvm( 1963): VFY: unable to find class referenced in signature (Lcom/google/android/gms/org/conscrypt/TrustManagerImpl;)
W/dalvikvm( 1963): Unable to resolve superclass of Lcom/google/android/gms/org/conscrypt/TrustManagerImpl; (5184)
W/dalvikvm( 1963): Link of class 'Lcom/google/android/gms/org/conscrypt/TrustManagerImpl;' failed
I/dalvikvm( 1963): Could not find method com.google.android.gms.org.conscrypt.TrustManagerImpl.setHostnameVerifier, referenced from method com.google.android.gms.org.conscrypt.Conscrypt.setHostnameVerifier
W/dalvikvm( 1963): VFY: unable to resolve virtual method 17883: Lcom/google/android/gms/org/conscrypt/TrustManagerImpl;.setHostnameVerifier (Lcom/google/android/gms/org/conscrypt/ConscryptHostnameVerifier;)V
D/dalvikvm( 1963): VFY: replacing opcode 0x6e at 0x0004
W/dalvikvm( 1963): Unable to resolve superclass of Lcom/google/android/gms/org/conscrypt/TrustManagerImpl; (5184)
W/dalvikvm( 1963): Link of class 'Lcom/google/android/gms/org/conscrypt/TrustManagerImpl;' failed
E/dalvikvm( 1963): Could not find class 'com.google.android.gms.org.conscrypt.TrustManagerImpl', referenced from method com.google.android.gms.org.conscrypt.Conscrypt.toConscrypt
W/dalvikvm( 1963): VFY: unable to resolve check-cast 4452 (Lcom/google/android/gms/org/conscrypt/TrustManagerImpl;) in Lcom/google/android/gms/org/conscrypt/Conscrypt;
D/dalvikvm( 1963): VFY: replacing opcode 0x1f at 0x002a
D/dalvikvm( 1963): GC_FOR_ALLOC freed 472K, 14% free 3351K/3888K, paused 2ms, total 2ms
D/dalvikvm( 1963): GC_FOR_ALLOC freed 149K, 6% free 3709K/3928K, paused 2ms, total 2ms
D/dalvikvm( 1963): GC_FOR_ALLOC freed 133K, 6% free 4062K/4288K, paused 2ms, total 2ms
D/dalvikvm( 1963): GC_FOR_ALLOC freed 121K, 5% free 4408K/4640K, paused 2ms, total 2ms
D/dalvikvm( 1963): GC_FOR_ALLOC freed 129K, 6% free 4721K/4984K, paused 2ms, total 2ms
E/dalvikvm( 1963): Could not find class 'javax.net.ssl.SNIServerName', referenced from method com.google.android.gms.org.conscrypt.Platform.getSniHostnameFromParams
W/dalvikvm( 1963): VFY: unable to resolve check-cast 5160 (Ljavax/net/ssl/SNIServerName;) in Lcom/google/android/gms/org/conscrypt/Platform;
D/dalvikvm( 1963): VFY: replacing opcode 0x1f at 0x0025
E/dalvikvm( 1963): Could not find class 'javax.net.ssl.SNIHostName', referenced from method com.google.android.gms.org.conscrypt.Platform.setParametersSniHostname
W/dalvikvm( 1963): VFY: unable to resolve new-instance 5159 (Ljavax/net/ssl/SNIHostName;) in Lcom/google/android/gms/org/conscrypt/Platform;
D/dalvikvm( 1963): VFY: replacing opcode 0x22 at 0x0024
E/dalvikvm( 1963): Could not find class 'javax.net.ssl.SNIHostName', referenced from method com.google.android.gms.org.conscrypt.Platform.setParametersSniHostname
W/dalvikvm( 1963): VFY: unable to resolve new-instance 5159 (Ljavax/net/ssl/SNIHostName;) in Lcom/google/android/gms/org/conscrypt/Platform;
D/dalvikvm( 1963): VFY: replacing opcode 0x22 at 0x0024
D/dalvikvm( 1963): DexOpt: unable to opt direct call 0x52f9 at 0x2a in Lcom/google/android/gms/org/conscrypt/Platform;.setParametersSniHostname
D/dalvikvm( 1963): DexOpt: unable to opt direct call 0x52f9 at 0x2a in Lcom/google/android/gms/org/conscrypt/Platform;.setParametersSniHostname
D/dalvikvm( 1963): GC_FOR_ALLOC freed 254K, 8% free 4964K/5364K, paused 2ms, total 2ms
I/ProviderInstaller( 1963): Installed default security provider GmsCore_OpenSSL
I/Safeboot( 1963): Checking safeboot...
I/Safeboot( 1963): Not entering safeboot; wrong process.
E/dalvikvm( 1963): Could not find class 'com.google.common.flogger.backend.google.GooglePlatform', referenced from method beui.a
W/dalvikvm( 1963): VFY: unable to resolve const-class 4605 (Lcom/google/common/flogger/backend/google/GooglePlatform;) in Lbeui;
D/dalvikvm( 1963): VFY: replacing opcode 0x1c at 0x001b
D/dalvikvm( 1963): GC_FOR_ALLOC freed 383K, 9% free 5205K/5688K, paused 7ms, total 7ms
D/dalvikvm( 1963): DexOpt: couldn't find field Landroid/content/pm/ApplicationInfo;.splitSourceDirs
W/dalvikvm( 1963): VFY: unable to resolve instance field 1475
D/dalvikvm( 1963): VFY: replacing opcode 0x54 at 0x0055
D/dalvikvm( 1963): DexOpt: couldn't find static field Landroid/os/Build;.SUPPORTED_ABIS
W/dalvikvm( 1963): VFY: unable to resolve static field 1540 (SUPPORTED_ABIS) in Landroid/os/Build;
D/dalvikvm( 1963): VFY: replacing opcode 0x62 at 0x00d1
I/Watchcat( 1963): Started
I/auxu    ( 1963): Primes not initialized, returning default (no-op) Primes instance which will ignore all calls. Please call Primes.initialize(...) before using any Primes API.
I/dalvikvm( 1963): Could not find method com.google.android.chimera.ContextThemeWrapper.createAttributionContext, referenced from method mnu.createAttributionContext
W/dalvikvm( 1963): VFY: unable to resolve virtual method 13785: Lcom/google/android/chimera/ContextThemeWrapper;.createAttributionContext (Ljava/lang/String;)Landroid/content/Context;
D/dalvikvm( 1963): VFY: replacing opcode 0x6f at 0x0002
I/dalvikvm( 1963): Could not find method android.content.ContextWrapper.createCredentialProtectedStorageContext, referenced from method mnu.createCredentialProtectedStorageContext
W/dalvikvm( 1963): VFY: unable to resolve virtual method 2508: Landroid/content/ContextWrapper;.createCredentialProtectedStorageContext ()Landroid/content/Context;
D/dalvikvm( 1963): VFY: replacing opcode 0x6f at 0x0002
I/dalvikvm( 1963): Could not find method android.content.ContextWrapper.createDeviceProtectedStorageContext, referenced from method mnu.createDeviceProtectedStorageContext
W/dalvikvm( 1963): VFY: unable to resolve virtual method 2509: Landroid/content/ContextWrapper;.createDeviceProtectedStorageContext ()Landroid/content/Context;
D/dalvikvm( 1963): VFY: replacing opcode 0x6f at 0x0002
D/dalvikvm( 1963): GC_FOR_ALLOC freed 270K, 7% free 5618K/6008K, paused 6ms, total 6ms
I/dalvikvm( 1963): Could not find method android.content.Context.bindService, referenced from method uws.bindService
W/dalvikvm( 1963): VFY: unable to resolve virtual method 2453: Landroid/content/Context;.bindService (Landroid/content/Intent;ILjava/util/concurrent/Executor;Landroid/content/ServiceConnection;)Z
D/dalvikvm( 1963): VFY: replacing opcode 0x6e at 0x0018
I/dalvikvm( 1963): Could not find method android.content.Context.bindService, referenced from method uws.bindService
W/dalvikvm( 1963): VFY: unable to resolve virtual method 2453: Landroid/content/Context;.bindService (Landroid/content/Intent;ILjava/util/concurrent/Executor;Landroid/content/ServiceConnection;)Z
D/dalvikvm( 1963): VFY: replacing opcode 0x6e at 0x0030
I/dalvikvm( 1963): Could not find method android.content.Context.startForegroundService, referenced from method uws.startForegroundService
W/dalvikvm( 1963): VFY: unable to resolve virtual method 2501: Landroid/content/Context;.startForegroundService (Landroid/content/Intent;)Landroid/content/ComponentName;
D/dalvikvm( 1963): VFY: replacing opcode 0x6e at 0x001c
I/dalvikvm( 1963): Could not find method android.content.Context.startForegroundService, referenced from method uws.startForegroundService
W/dalvikvm( 1963): VFY: unable to resolve virtual method 2501: Landroid/content/Context;.startForegroundService (Landroid/content/Intent;)Landroid/content/ComponentName;
D/dalvikvm( 1963): VFY: replacing opcode 0x6e at 0x0028
I/dalvikvm( 1963): Could not find method android.os.PowerManager.isPowerSaveMode, referenced from method uwl.a
W/dalvikvm( 1963): VFY: unable to resolve virtual method 3047: Landroid/os/PowerManager;.isPowerSaveMode ()Z
D/dalvikvm( 1963): VFY: replacing opcode 0x6e at 0x0010
D/dalvikvm( 1963): GC_FOR_ALLOC freed 373K, 9% free 6034K/6560K, paused 4ms, total 4ms
D/dalvikvm( 1670): GC_FOR_ALLOC freed 1166K, 19% free 7300K/8972K, paused 6ms, total 6ms
E/dalvikvm( 1963): Could not find class 'android.telephony.SubscriptionManager', referenced from method com.google.android.gms.checkin.CheckinChimeraService.a
W/dalvikvm( 1963): VFY: unable to resolve check-cast 1109 (Landroid/telephony/SubscriptionManager;) in Lcom/google/android/gms/checkin/CheckinChimeraService;
D/dalvikvm( 1963): VFY: replacing opcode 0x1f at 0x019b
D/dalvikvm( 1963): GC_FOR_ALLOC freed 300K, 7% free 6642K/7116K, paused 4ms, total 4ms
E/dalvikvm( 1963): Could not find class 'android.net.NetworkRequest', referenced from method com.google.android.gms.checkin.CheckinChimeraService.a
W/dalvikvm( 1963): VFY: unable to resolve check-cast 853 (Landroid/net/NetworkRequest;) in Lcom/google/android/gms/checkin/CheckinChimeraService;
D/dalvikvm( 1963): VFY: replacing opcode 0x1f at 0x04d7
D/ConnectivityService( 1570): [CheckMp] isMobileOk: not connected ni=NetworkInfo: type: mobile_hipri[LTE], state: DISCONNECTED/IDLE, reason: (unspecified), extra: (none), roaming: false, failover: false, isAvailable: true, isConnectedToProvisioningNetwork: false
I/dalvikvm( 1963): Could not find method android.system.Os.stat, referenced from method nop.a
W/dalvikvm( 1963): VFY: unable to resolve static method 3146: Landroid/system/Os;.stat (Ljava/lang/String;)Landroid/system/StructStat;
D/dalvikvm( 1963): VFY: replacing opcode 0x71 at 0x0182
I/Authzen ( 1963): [DeviceStateSyncManager] Device state fast sync is disabled
I/dalvikvm( 1963): Could not find method android.content.ServiceConnection.onNullBinding, referenced from method uxb.onNullBinding
W/dalvikvm( 1963): VFY: unable to resolve interface method 2566: Landroid/content/ServiceConnection;.onNullBinding (Landroid/content/ComponentName;)V
D/dalvikvm( 1963): VFY: replacing opcode 0x72 at 0x000f
I/dalvikvm( 1670): Could not find method java.util.Locale.toLanguageTag, referenced from method ablz.a
W/dalvikvm( 1670): VFY: unable to resolve virtual method 19297: Ljava/util/Locale;.toLanguageTag ()Ljava/lang/String;
D/dalvikvm( 1670): VFY: replacing opcode 0x6e at 0x0006
E/BluetoothAdapter( 1901): Bluetooth binder is null
W/ActivityManager( 1570): Unable to start service Intent { act=com.google.android.gms.nearby.discovery:ACTION_PERMISSION_CHANGE cmp=com.google.android.gms/.nearby.discovery.service.DiscoveryService } U=0: not found
D/dalvikvm( 1708): GC_FOR_ALLOC freed 616K, 11% free 7420K/8260K, paused 5ms, total 5ms
W/ModuleManager( 1963): Unable to get current module's fulfilled APIs in ModuleManager created with non-module Context
E/dalvikvm( 1963): Could not find class 'android.security.keystore.KeyGenParameterSpec$Builder', referenced from method rwq.a
W/dalvikvm( 1963): VFY: unable to resolve new-instance 1527 (Landroid/security/keystore/KeyGenParameterSpec$Builder;) in Lrwq;
D/dalvikvm( 1963): VFY: replacing opcode 0x22 at 0x0034
D/dalvikvm( 1963): DexOpt: unable to opt direct call 0x153f at 0x37 in Lrwq;.a
E/dalvikvm( 1963): Could not find class 'android.security.keystore.KeyGenParameterSpec$Builder', referenced from method rws.a
W/dalvikvm( 1963): VFY: unable to resolve new-instance 1527 (Landroid/security/keystore/KeyGenParameterSpec$Builder;) in Lrws;
D/dalvikvm( 1963): VFY: replacing opcode 0x22 at 0x000b
D/dalvikvm( 1963): DexOpt: unable to opt direct call 0x153f at 0x12 in Lrws;.a
D/dalvikvm( 1963): GC_FOR_ALLOC freed 644K, 11% free 7125K/7924K, paused 6ms, total 6ms
I/ActivityManager( 1570): Start proc com.google.android.calendar for broadcast com.google.android.calendar/com.android.calendar.widget.CalendarAppWidgetService$CalendarFactory: pid=1997 uid=10018 gids={50018, 3003}
I/GCoreUlr( 1670): WorldUpdater received intent Intent { act=com.google.android.location.reporting.ACTION_UPDATE_WORLD cmp=com.google.android.gms/com.google.android.location.reporting.service.DispatchingService (has extras) } with receiverAction android.location.PROVIDERS_CHANGED
D/dalvikvm( 1670): GC_FOR_ALLOC freed 1463K, 19% free 7295K/8972K, paused 8ms, total 8ms
I/MediaRouter( 1963): Found default route: MediaRouter.RouteInfo{ uniqueId=android/aqi:DEFAULT_ROUTE, name=Phone, description=null, iconUri=null, enabled=true, connectionState=0, canDisconnect=false, playbackType=0, playbackStream=3, deviceType=0, volumeHandling=1, volume=11, volumeMax=15, presentationDisplayId=-1, extras=null, settingsIntent=null, providerPackageName=android }
I/MediaRouter( 1963): Unselecting the current route because it is no longer selectable: null
I/ActivityManager( 1570): Start proc com.android.deskclock for broadcast com.android.deskclock/.AlarmInitReceiver: pid=2016 uid=10022 gids={50022, 1028}
E/dalvikvm( 1963): Could not find class 'android.telephony.SubscriptionManager', referenced from method com.google.android.gms.checkin.CheckinIntentOperation.onHandleIntent
W/dalvikvm( 1963): VFY: unable to resolve check-cast 1109 (Landroid/telephony/SubscriptionManager;) in Lcom/google/android/gms/checkin/CheckinIntentOperation;
D/dalvikvm( 1963): VFY: replacing opcode 0x1f at 0x0293
E/dalvikvm( 1963): Could not find class 'android.net.NetworkRequest', referenced from method com.google.android.gms.checkin.CheckinIntentOperation.onHandleIntent
W/dalvikvm( 1963): VFY: unable to resolve check-cast 853 (Landroid/net/NetworkRequest;) in Lcom/google/android/gms/checkin/CheckinIntentOperation;
D/dalvikvm( 1963): VFY: replacing opcode 0x1f at 0x04fe
V/AlarmClock( 2016): AlarmInitReceiver android.intent.action.TIME_SET
I/GCoreUlr( 1670): WorldUpdater:android.location.PROVIDERS_CHANGED: Ensuring that reporting is stopped because of reasons: (no Google accounts)
I/GCoreUlr( 1670): Unbound from all signal providers.
I/ActivityManager( 1570): Start proc com.android.providers.calendar for content provider com.android.providers.calendar/.CalendarProvider2: pid=2029 uid=10001 gids={50001, 3003, 1028, 1015}
I/constellation( 1963): [sim_state_checker] sim state checker is disabled.
I/dalvikvm( 1963): Could not find method android.app.AlarmManager.setExactAndAllowWhileIdle, referenced from method nio.a
W/dalvikvm( 1963): VFY: unable to resolve virtual method 2384: Landroid/app/AlarmManager;.setExactAndAllowWhileIdle (IJLandroid/app/PendingIntent;)V
D/dalvikvm( 1963): VFY: replacing opcode 0x6e at 0x000b
I/dalvikvm( 1963): Failed resolving Lnin; interface 549 'Landroid/app/AlarmManager$OnAlarmListener;'
W/dalvikvm( 1963): Link of class 'Lnin;' failed
W/dalvikvm( 1963): VFY: unable to find class referenced in signature (Lnin;)
I/dalvikvm( 1963): Could not find method android.app.AlarmManager.set, referenced from method nio.a
W/dalvikvm( 1963): VFY: unable to resolve virtual method 2381: Landroid/app/AlarmManager;.set (IJJJLandroid/app/AlarmManager$OnAlarmListener;Landroid/os/Handler;Landroid/os/WorkSource;)V
D/dalvikvm( 1963): VFY: replacing opcode 0x74 at 0x0024
I/dalvikvm( 1963): Failed resolving Lnin; interface 549 'Landroid/app/AlarmManager$OnAlarmListener;'
W/dalvikvm( 1963): Link of class 'Lnin;' failed
W/dalvikvm( 1963): VFY: unable to find class referenced in signature (Lnin;)
I/dalvikvm( 1963): Could not find method android.app.AlarmManager.cancel, referenced from method nio.a
W/dalvikvm( 1963): VFY: unable to resolve virtual method 2378: Landroid/app/AlarmManager;.cancel (Landroid/app/AlarmManager$OnAlarmListener;)V
D/dalvikvm( 1963): VFY: replacing opcode 0x6e at 0x0002
I/SystemUpdate( 1963): [Installation,ReceiverIntentOperation] Received intent: Intent { act=android.intent.action.TIME_SET flg=0x24000010 cmp=com.google.android.gms/.chimera.GmsIntentOperationService$PersistentTrustedReceiver }.
I/AlarmClock( 2016): Displaying next alarm time: ''
V/AlarmClock( 2016): AlarmInitReceiver finished
V/AlarmClock( 2016): AlarmInitReceiver android.intent.action.TIMEZONE_CHANGED
I/GCoreUlr( 1670): Unbound from all signal providers.
I/GCoreUlr( 1670): Stopping handler for UlrDispSvcFast
I/CalendarProvider2( 2029): Created com.android.providers.calendar.CalendarAlarmManager@9cffdf90(com.android.providers.calendar.CalendarProvider2@9cff54e0)
I/CastDatabase( 1963): Opening the database
I/AlarmClock( 2016): Displaying next alarm time: ''
V/AlarmClock( 2016): AlarmInitReceiver finished
I/ActivityManager( 1570): Start proc com.google.android.play.games for broadcast com.google.android.play.games/com.google.android.libraries.notifications.entrypoints.timezonechanged.TimezoneChangedReceiver: pid=2059 uid=10043 gids={50043, 3003}
D/dalvikvm( 1570): GC_EXPLICIT freed 378K, 13% free 7294K/8308K, paused 1ms+0ms, total 11ms
D/dalvikvm( 1963): GC_FOR_ALLOC freed 2484K, 31% free 5979K/8568K, paused 7ms, total 7ms
I/dalvikvm( 1963): Could not find method android.os.UserManager.isManagedProfile, referenced from method nmn.g
W/dalvikvm( 1963): VFY: unable to resolve virtual method 4277: Landroid/os/UserManager;.isManagedProfile ()Z
D/dalvikvm( 1963): VFY: replacing opcode 0x6e at 0x0012
I/dalvikvm( 1963): Could not find method android.app.admin.DevicePolicyManager.getAccountTypesWithManagementDisabled, referenced from method nmn.i
W/dalvikvm( 1963): VFY: unable to resolve virtual method 2586: Landroid/app/admin/DevicePolicyManager;.getAccountTypesWithManagementDisabled ()[Ljava/lang/String;
D/dalvikvm( 1963): VFY: replacing opcode 0x6e at 0x002b
I/dalvikvm( 1963): Could not find method android.app.NotificationManager.getCurrentInterruptionFilter, referenced from method nea.b
W/dalvikvm( 1963): VFY: unable to resolve virtual method 2504: Landroid/app/NotificationManager;.getCurrentInterruptionFilter ()I
D/dalvikvm( 1963): VFY: replacing opcode 0x6e at 0x0002
I/dalvikvm( 1963): Could not find method android.accounts.AccountManager.removeAccount, referenced from method ymq.c
W/dalvikvm( 1963): VFY: unable to resolve virtual method 4165: Landroid/accounts/AccountManager;.removeAccount (Landroid/accounts/Account;Landroid/app/Activity;Landroid/accounts/AccountManagerCallback;Landroid/os/Handler;)Landroid/accounts/AccountManagerFuture;
D/dalvikvm( 1963): VFY: replacing opcode 0x6e at 0x0009
I/SystemUpdate( 1963): [Execution,InstallationEventIntentOperation] Handling event of type 6.
I/dalvikvm( 1963): Could not find method android.accounts.AccountManager.removeAccountExplicitly, referenced from method ymq.d
W/dalvikvm( 1963): VFY: unable to resolve virtual method 4166: Landroid/accounts/AccountManager;.removeAccountExplicitly (Landroid/accounts/Account;)Z
D/dalvikvm( 1963): VFY: replacing opcode 0x6e at 0x0008
I/DynamiteModule( 1963): Considering local module com.google.android.gms.googlecertificates:4 and remote module com.google.android.gms.googlecertificates:4
I/DynamiteModule( 1963): Selected local version of com.google.android.gms.googlecertificates
I/dalvikvm( 1963): Could not find method android.app.Notification$Builder.setLocalOnly, referenced from method com.google.android.gms.common.GoogleCertificatesImpl.isGoogleOrPlatformSigned
W/dalvikvm( 1963): VFY: unable to resolve virtual method 2308: Landroid/app/Notification$Builder;.setLocalOnly (Z)Landroid/app/Notification$Builder;
D/dalvikvm( 1963): VFY: replacing opcode 0x6e at 0x00b1
I/SystemUpdate( 1963): [Execution,InstallationIntentOperation] Received intent: Intent { act=com.google.android.gms.update.INSTALL_UPDATE cat=[targeted_intent_op_prefix:.update.execution.InstallationIntentOperation] cmp=com.google.android.gms/.chimera.GmsIntentOperationService }.
E/dalvikvm( 2059): Could not find class 'android.app.NotificationChannel', referenced from method com.google.android.apps.play.games.core.PlayGamesApplication.onCreate
W/dalvikvm( 2059): VFY: unable to resolve new-instance 420 (Landroid/app/NotificationChannel;) in Lcom/google/android/apps/play/games/core/PlayGamesApplication;
D/dalvikvm( 2059): VFY: replacing opcode 0x22 at 0x008d
E/dalvikvm( 2059): Could not find class 'android.app.NotificationChannelGroup', referenced from method com.google.android.apps.play.games.core.PlayGamesApplication.onCreate
W/dalvikvm( 2059): VFY: unable to resolve new-instance 421 (Landroid/app/NotificationChannelGroup;) in Lcom/google/android/apps/play/games/core/PlayGamesApplication;
D/dalvikvm( 2059): VFY: replacing opcode 0x22 at 0x0131
D/dalvikvm( 2059): DexOpt: couldn't find static field Landroid/os/Build;.SUPPORTED_ABIS
W/dalvikvm( 2059): VFY: unable to resolve static field 1664 (SUPPORTED_ABIS) in Landroid/os/Build;
D/dalvikvm( 2059): VFY: replacing opcode 0x62 at 0x01a4
E/dalvikvm( 2059): Could not find class 'android.app.NotificationChannel', referenced from method com.google.android.apps.play.games.core.PlayGamesApplication.onCreate
W/dalvikvm( 2059): VFY: unable to resolve new-instance 420 (Landroid/app/NotificationChannel;) in Lcom/google/android/apps/play/games/core/PlayGamesApplication;
D/dalvikvm( 2059): VFY: replacing opcode 0x22 at 0x03e6
D/dalvikvm( 2059): DexOpt: unable to opt direct call 0x0b8a at 0x98 in Lcom/google/android/apps/play/games/core/PlayGamesApplication;.onCreate
D/dalvikvm( 2059): DexOpt: unable to opt direct call 0x0b8a at 0xa9 in Lcom/google/android/apps/play/games/core/PlayGamesApplication;.onCreate
D/dalvikvm( 2059): DexOpt: unable to opt direct call 0x0b8a at 0xba in Lcom/google/android/apps/play/games/core/PlayGamesApplication;.onCreate
D/dalvikvm( 2059): DexOpt: unable to opt direct call 0x0b8a at 0xcb in Lcom/google/android/apps/play/games/core/PlayGamesApplication;.onCreate
D/dalvikvm( 2059): DexOpt: unable to opt direct call 0x0b8a at 0xdc in Lcom/google/android/apps/play/games/core/PlayGamesApplication;.onCreate
D/dalvikvm( 2059): DexOpt: unable to opt direct call 0x0b8a at 0xed in Lcom/google/android/apps/play/games/core/PlayGamesApplication;.onCreate
D/dalvikvm( 2059): DexOpt: unable to opt direct call 0x0b8a at 0x107 in Lcom/google/android/apps/play/games/core/PlayGamesApplication;.onCreate
D/dalvikvm( 2059): DexOpt: unable to opt direct call 0x0b95 at 0x135 in Lcom/google/android/apps/play/games/core/PlayGamesApplication;.onCreate
D/dalvikvm( 2059): DexOpt: unable to opt direct call 0x0b8a at 0x144 in Lcom/google/android/apps/play/games/core/PlayGamesApplication;.onCreate
D/dalvikvm( 2059): DexOpt: unable to opt direct call 0x0b8a at 0x160 in Lcom/google/android/apps/play/games/core/PlayGamesApplication;.onCreate
D/dalvikvm( 2059): DexOpt: unable to opt direct call 0x0b8a at 0x3eb in Lcom/google/android/apps/play/games/core/PlayGamesApplication;.onCreate
I/SystemUpdate( 1963): [Execution,ExecutionManager] Action finished-execution executed for 0.00 seconds.
I/CastSocket( 1963): 19 >= 18. Adding new CastClientAuthKeyManager. [CONTEXT service_id=161 ]
I/dalvikvm( 2059): Could not find method android.app.Notification.getChannelId, referenced from method keu.a
W/dalvikvm( 2059): VFY: unable to resolve virtual method 2951: Landroid/app/Notification;.getChannelId ()Ljava/lang/String;
D/dalvikvm( 2059): VFY: replacing opcode 0x6e at 0x0010
I/dalvikvm( 2059): Could not find method android.content.Context.createDeviceProtectedStorageContext, referenced from method hgf.a
W/dalvikvm( 2059): VFY: unable to resolve virtual method 3139: Landroid/content/Context;.createDeviceProtectedStorageContext ()Landroid/content/Context;
D/dalvikvm( 2059): VFY: replacing opcode 0x6e at 0x0029
I/dalvikvm( 2059): Could not find method android.content.Context.getSystemService, referenced from method hgf.a
W/dalvikvm( 2059): VFY: unable to resolve virtual method 3171: Landroid/content/Context;.getSystemService (Ljava/lang/Class;)Ljava/lang/Object;
D/dalvikvm( 2059): VFY: replacing opcode 0x6e at 0x0009
I/dalvikvm( 2059): Could not find method android.content.Context.createDeviceProtectedStorageContext, referenced from method nzv.a
W/dalvikvm( 2059): VFY: unable to resolve virtual method 3139: Landroid/content/Context;.createDeviceProtectedStorageContext ()Landroid/content/Context;
D/dalvikvm( 2059): VFY: replacing opcode 0x6e at 0x0031
I/dalvikvm( 2059): Could not find method android.content.Context.isDeviceProtectedStorage, referenced from method mlu.a
W/dalvikvm( 2059): VFY: unable to resolve virtual method 3177: Landroid/content/Context;.isDeviceProtectedStorage ()Z
D/dalvikvm( 2059): VFY: replacing opcode 0x6e at 0x0018
I/SQLiteCastDBHelper( 1963): Creating cast database
E/dalvikvm( 2059): Could not find class 'android.app.NotificationChannel', referenced from method fsr.a
W/dalvikvm( 2059): VFY: unable to resolve new-instance 420 (Landroid/app/NotificationChannel;) in Lfsr;
D/dalvikvm( 2059): VFY: replacing opcode 0x22 at 0x0236
D/dalvikvm( 2059): DexOpt: unable to opt direct call 0x0b8a at 0x23d in Lfsr;.a
I/dalvikvm( 2059): Failed resolving Lnok; interface 1015 'Landroid/view/Window$OnFrameMetricsAvailableListener;'
W/dalvikvm( 2059): Link of class 'Lnok;' failed
I/dalvikvm( 2059): Failed resolving Lnok; interface 1015 'Landroid/view/Window$OnFrameMetricsAvailableListener;'
W/dalvikvm( 2059): Link of class 'Lnok;' failed
I/dalvikvm( 2059): Failed resolving Lnok; interface 1015 'Landroid/view/Window$OnFrameMetricsAvailableListener;'
W/dalvikvm( 2059): Link of class 'Lnok;' failed
E/dalvikvm( 1963): Could not find class 'android.net.Network', referenced from method anbj.a
W/dalvikvm( 2059): VFY: unable to resolve instance field 27376
W/dalvikvm( 1963): VFY: unable to resolve check-cast 7930 (Landroid/net/Network;) in Lanbj;
D/dalvikvm( 2059): VFY: replacing opcode 0x5c at 0x06cf
D/dalvikvm( 1963): VFY: replacing opcode 0x1f at 0x01c1
I/dalvikvm( 2059): Failed resolving Lnok; interface 1015 'Landroid/view/Window$OnFrameMetricsAvailableListener;'
W/dalvikvm( 2059): Link of class 'Lnok;' failed
I/dalvikvm( 2059): Failed resolving Lnok; interface 1015 'Landroid/view/Window$OnFrameMetricsAvailableListener;'
W/dalvikvm( 2059): Link of class 'Lnok;' failed
W/PrimesInit( 2059): Primes instant initialization
W/Primes  ( 2059): background initialization
I/dalvikvm( 2059): Could not find method android.app.AppOpsManager.permissionToOp, referenced from method rr.a
W/dalvikvm( 2059): VFY: unable to resolve static method 2785: Landroid/app/AppOpsManager;.permissionToOp (Ljava/lang/String;)Ljava/lang/String;
D/dalvikvm( 2059): VFY: replacing opcode 0x71 at 0x000e
I/dalvikvm( 2059): Could not find method android.content.Context.getSystemService, referenced from method rr.a
W/dalvikvm( 2059): VFY: unable to resolve virtual method 3171: Landroid/content/Context;.getSystemService (Ljava/lang/Class;)Ljava/lang/Object;
D/dalvikvm( 2059): VFY: replacing opcode 0x6e at 0x002b
D/dalvikvm( 2059): GC_FOR_ALLOC freed 366K, 13% free 3142K/3572K, paused 2ms, total 2ms
I/dalvikvm( 2059): Could not find method android.content.Context.getSystemService, referenced from method mry.a
W/dalvikvm( 2059): VFY: unable to resolve virtual method 3171: Landroid/content/Context;.getSystemService (Ljava/lang/Class;)Ljava/lang/Object;
D/dalvikvm( 2059): VFY: replacing opcode 0x6e at 0x001a
I/dalvikvm( 2059): Could not find method android.os.UserManager.isUserUnlocked, referenced from method mry.a
W/dalvikvm( 2059): VFY: unable to resolve virtual method 4621: Landroid/os/UserManager;.isUserUnlocked ()Z
D/dalvikvm( 2059): VFY: replacing opcode 0x6e at 0x0030
I/dalvikvm( 2059): Could not find method android.content.Context.isDeviceProtectedStorage, referenced from method mry.b
W/dalvikvm( 2059): VFY: unable to resolve virtual method 3177: Landroid/content/Context;.isDeviceProtectedStorage ()Z
D/dalvikvm( 2059): VFY: replacing opcode 0x6e at 0x0000
D/dalvikvm( 1708): GC_EXPLICIT freed 1704K, 29% free 5887K/8260K, paused 0ms+1ms, total 5ms
I/PrimesTesting( 2059): GserviceFlagsSupplier.get()
I/dalvikvm( 2059): Could not find method android.content.pm.PackageManager.getPackageInstaller, referenced from method gzw.a
W/dalvikvm( 2059): VFY: unable to resolve virtual method 3338: Landroid/content/pm/PackageManager;.getPackageInstaller ()Landroid/content/pm/PackageInstaller;
D/dalvikvm( 2059): VFY: replacing opcode 0x6e at 0x0024
D/dalvikvm( 1963): GC_FOR_ALLOC freed 647K, 27% free 6329K/8568K, paused 9ms, total 9ms
I/GAv4-SVC( 2059): Google Analytics 16.9.98 is starting up.
E/dalvikvm( 2059): Could not find class 'android.app.job.JobScheduler', referenced from method gss.e
W/dalvikvm( 2059): VFY: unable to resolve check-cast 443 (Landroid/app/job/JobScheduler;) in Lgss;
D/dalvikvm( 2059): VFY: replacing opcode 0x1f at 0x00d7
E/dalvikvm( 2059): Could not find class 'android.app.job.JobScheduler', referenced from method gss.b
W/dalvikvm( 2059): VFY: unable to resolve check-cast 443 (Landroid/app/job/JobScheduler;) in Lgss;
D/dalvikvm( 2059): VFY: replacing opcode 0x1f at 0x02b1
E/dalvikvm( 2059): Could not find class 'android.app.job.JobScheduler', referenced from method gss.b
W/dalvikvm( 2059): VFY: unable to resolve check-cast 443 (Landroid/app/job/JobScheduler;) in Lgss;
D/dalvikvm( 2059): VFY: replacing opcode 0x1f at 0x0672
E/dalvikvm( 2059): Could not find class 'android.app.job.JobScheduler', referenced from method gss.b
W/dalvikvm( 2059): VFY: unable to resolve check-cast 443 (Landroid/app/job/JobScheduler;) in Lgss;
D/dalvikvm( 2059): VFY: replacing opcode 0x1f at 0x0866
E/dalvikvm( 2059): Could not find class 'android.app.job.JobScheduler', referenced from method gss.b
W/dalvikvm( 2059): VFY: unable to resolve check-cast 443 (Landroid/app/job/JobScheduler;) in Lgss;
D/dalvikvm( 2059): VFY: replacing opcode 0x1f at 0x0906
E/dalvikvm( 2059): Could not find class 'android.app.job.JobScheduler', referenced from method gss.b
W/dalvikvm( 2059): VFY: unable to resolve check-cast 443 (Landroid/app/job/JobScheduler;) in Lgss;
D/dalvikvm( 2059): VFY: replacing opcode 0x1f at 0x095c
E/dalvikvm( 2059): Could not find class 'android.app.job.JobScheduler', referenced from method gss.b
W/dalvikvm( 2059): VFY: unable to resolve check-cast 443 (Landroid/app/job/JobScheduler;) in Lgss;
D/dalvikvm( 2059): VFY: replacing opcode 0x1f at 0x09fc
E/dalvikvm( 2059): Could not find class 'android.app.job.JobScheduler', referenced from method gss.b
W/dalvikvm( 2059): VFY: unable to resolve check-cast 443 (Landroid/app/job/JobScheduler;) in Lgss;
D/dalvikvm( 2059): VFY: replacing opcode 0x1f at 0x0a1e
E/dalvikvm( 2059): Could not find class 'android.app.job.JobScheduler', referenced from method gss.b
W/dalvikvm( 2059): VFY: unable to resolve check-cast 443 (Landroid/app/job/JobScheduler;) in Lgss;
D/dalvikvm( 2059): VFY: replacing opcode 0x1f at 0x0a40
E/dalvikvm( 2059): Could not find class 'android.app.job.JobScheduler', referenced from method gss.b
W/dalvikvm( 2059): VFY: unable to resolve check-cast 443 (Landroid/app/job/JobScheduler;) in Lgss;
D/dalvikvm( 2059): VFY: replacing opcode 0x1f at 0x0a62
E/dalvikvm( 2059): Could not find class 'android.app.job.JobScheduler', referenced from method gss.b
W/dalvikvm( 2059): VFY: unable to resolve check-cast 443 (Landroid/app/job/JobScheduler;) in Lgss;
D/dalvikvm( 2059): VFY: replacing opcode 0x1f at 0x0ae8
E/dalvikvm( 2059): Could not find class 'android.app.job.JobScheduler', referenced from method gss.b
W/dalvikvm( 2059): VFY: unable to resolve check-cast 443 (Landroid/app/job/JobScheduler;) in Lgss;
D/dalvikvm( 2059): VFY: replacing opcode 0x1f at 0x0b20
E/dalvikvm( 2059): Could not find class 'android.app.job.JobScheduler', referenced from method gss.c
W/dalvikvm( 2059): VFY: unable to resolve check-cast 443 (Landroid/app/job/JobScheduler;) in Lgss;
D/dalvikvm( 2059): VFY: replacing opcode 0x1f at 0x0077
E/dalvikvm( 2059): Could not find class 'android.app.job.JobScheduler', referenced from method gss.c
W/dalvikvm( 2059): VFY: unable to resolve check-cast 443 (Landroid/app/job/JobScheduler;) in Lgss;
D/dalvikvm( 2059): VFY: replacing opcode 0x1f at 0x012a
E/dalvikvm( 2059): Could not find class 'android.app.job.JobScheduler', referenced from method gss.c
W/dalvikvm( 2059): VFY: unable to resolve check-cast 443 (Landroid/app/job/JobScheduler;) in Lgss;
D/dalvikvm( 2059): VFY: replacing opcode 0x1f at 0x0327
E/dalvikvm( 2059): Could not find class 'android.app.job.JobScheduler', referenced from method gtk.u_
W/dalvikvm( 2059): VFY: unable to resolve check-cast 443 (Landroid/app/job/JobScheduler;) in Lgtk;
D/dalvikvm( 2059): VFY: replacing opcode 0x1f at 0x0080
I/dalvikvm( 2059): Could not find method android.content.pm.PackageManager.isInstantApp, referenced from method hub.a
W/dalvikvm( 2059): VFY: unable to resolve virtual method 3345: Landroid/content/pm/PackageManager;.isInstantApp (Ljava/lang/String;)Z
D/dalvikvm( 2059): VFY: replacing opcode 0x6e at 0x0026
I/dalvikvm( 1963): Could not find method android.os.PowerManager.isInteractive, referenced from method kjw.a
W/dalvikvm( 1963): VFY: unable to resolve virtual method 4227: Landroid/os/PowerManager;.isInteractive ()Z
D/dalvikvm( 1963): VFY: replacing opcode 0x6e at 0x0012
I/DiscoveryManager( 1963): WifiGuestModeDeviceScanner enabled.
E/BluetoothAdapter( 1963): Bluetooth binder is null
W/dalvikvm( 1963): VFY: unable to find class referenced in signature (Landroid/bluetooth/le/ScanResult;)
I/dalvikvm( 1963): Could not find method android.bluetooth.le.ScanResult.getScanRecord, referenced from method kjg.a
W/dalvikvm( 1963): VFY: unable to resolve virtual method 2766: Landroid/bluetooth/le/ScanResult;.getScanRecord ()Landroid/bluetooth/le/ScanRecord;
D/dalvikvm( 1963): VFY: replacing opcode 0x6e at 0x0005
I/dalvikvm( 1963): Could not find method android.bluetooth.le.BluetoothLeScanner.stopScan, referenced from method kjg.b
W/dalvikvm( 1963): VFY: unable to resolve virtual method 2749: Landroid/bluetooth/le/BluetoothLeScanner;.stopScan (Landroid/bluetooth/le/ScanCallback;)V
D/dalvikvm( 1963): VFY: replacing opcode 0x6e at 0x000f
I/dalvikvm( 1963): Could not find method android.bluetooth.BluetoothAdapter.getBluetoothLeScanner, referenced from method kjg.c
W/dalvikvm( 1963): VFY: unable to resolve virtual method 2729: Landroid/bluetooth/BluetoothAdapter;.getBluetoothLeScanner ()Landroid/bluetooth/le/BluetoothLeScanner;
D/dalvikvm( 1963): VFY: replacing opcode 0x6e at 0x0025
E/dalvikvm( 1963): Could not find class 'android.bluetooth.le.ScanFilter$Builder', referenced from method kjg.c
W/dalvikvm( 1963): VFY: unable to resolve new-instance 624 (Landroid/bluetooth/le/ScanFilter$Builder;) in Lkjg;
D/dalvikvm( 1963): VFY: replacing opcode 0x22 at 0x0035
D/dalvikvm( 1963): DexOpt: unable to opt direct call 0x0abf at 0x37 in Lkjg;.c
D/dalvikvm( 1963): DexOpt: unable to opt direct call 0x0ad0 at 0x49 in Lkjg;.c
W/dalvikvm( 1963): Unable to resolve superclass of Luxp; (1263)
W/dalvikvm( 1963): Link of class 'Luxp;' failed
W/dalvikvm( 1963): Unable to resolve superclass of Lcom/google/android/gms/cast/discovery/BleDeviceScanner$BleScanCallback; (16036)
W/dalvikvm( 1963): Link of class 'Lcom/google/android/gms/cast/discovery/BleDeviceScanner$BleScanCallback;' failed
D/dalvikvm( 1963): DexOpt: unable to opt direct call 0x63e6 at 0x62 in Lkjg;.c
D/dalvikvm( 2059): GC_FOR_ALLOC freed 390K, 13% free 3265K/3720K, paused 4ms, total 4ms
I/dalvikvm( 2059): Could not find method android.os.PowerManager.isInteractive, referenced from method nxl.c
I/dalvikvm( 2059): Could not find method android.app.NotificationManager.getNotificationChannel, referenced from method gzd.a
W/dalvikvm( 2059): VFY: unable to resolve virtual method 2974: Landroid/app/NotificationManager;.getNotificationChannel (Ljava/lang/String;)Landroid/app/NotificationChannel;
D/dalvikvm( 2059): VFY: replacing opcode 0x6e at 0x00c5
D/dalvikvm( 2059): DexOpt: unable to opt direct call 0x0b8a at 0xd2 in Lgzd;.a
E/dalvikvm( 2059): Could not find class 'com.google.common.flogger.backend.google.GooglePlatform', referenced from method plf.a
W/dalvikvm( 2059): VFY: unable to resolve const-class 3003 (Lcom/google/common/flogger/backend/google/GooglePlatform;) in Lplf;
D/dalvikvm( 2059): VFY: replacing opcode 0x1c at 0x0014
I/Checkin ( 1963): [EventLogChimeraService] Opted in for usage reporting: false
W/dalvikvm( 2059): VFY: unable to resolve virtual method 4577: Landroid/os/PowerManager;.isInteractive ()Z
D/dalvikvm( 2059): VFY: replacing opcode 0x6e at 0x000e
I/dalvikvm( 2059): Could not find method android.content.Context.getDataDir, referenced from method msc.a
W/dalvikvm( 2059): VFY: unable to resolve virtual method 3154: Landroid/content/Context;.getDataDir ()Ljava/io/File;
D/dalvikvm( 2059): VFY: replacing opcode 0x6e at 0x000f
I/dalvikvm( 2059): Could not find method com.google.android.chimera.BoundService.getStartIntent, referenced from method hki.a
W/dalvikvm( 2059): VFY: unable to resolve static method 13682: Lcom/google/android/chimera/BoundService;.getStartIntent (Landroid/content/Context;Ljava/lang/String;)Landroid/content/Intent;
D/dalvikvm( 2059): VFY: replacing opcode 0x71 at 0x0024
E/GmsClient( 2059): unable to connect to service: com.google.android.gms.instantapps.START on com.google.android.gms
W/ActivityManager( 1570): Unable to start service Intent { act=com.google.android.gms.instantapps.START pkg=com.google.android.gms } U=0: not found
W/ActivityManager( 1570): Unbind failed: could not find connection for android.os.BinderProxy@9d24fb30
I/CheckinCompat( 1963): Disabling old GoogleServicesFramework version [CONTEXT service_id=130 ]
I/dalvikvm( 2059): Could not find method android.content.Context.deleteSharedPreferences, referenced from method fya.c
W/dalvikvm( 2059): VFY: unable to resolve virtual method 3145: Landroid/content/Context;.deleteSharedPreferences (Ljava/lang/String;)Z
D/dalvikvm( 2059): VFY: replacing opcode 0x6e at 0x002a
I/Checkin ( 1963): [EventLogChimeraService] Accumulating logs since 1629030401012
I/dalvikvm( 2059): Could not find method java.util.Locale.toLanguageTag, referenced from method fvw.a
W/dalvikvm( 2059): VFY: unable to resolve virtual method 33842: Ljava/util/Locale;.toLanguageTag ()Ljava/lang/String;
D/dalvikvm( 2059): VFY: replacing opcode 0x6e at 0x000a
D/dalvikvm( 2059): GC_FOR_ALLOC freed 305K, 10% free 3474K/3844K, paused 2ms, total 2ms
W/ComponentDiscovery( 2059): Application info not found.
W/ComponentDiscovery( 2059): Could not retrieve metadata, returning empty list of registrars.
I/dalvikvm( 2059): Could not find method android.content.Context.getDrawable, referenced from method rj.a
W/dalvikvm( 2059): VFY: unable to resolve virtual method 3157: Landroid/content/Context;.getDrawable (I)Landroid/graphics/drawable/Drawable;
D/dalvikvm( 2059): VFY: replacing opcode 0x6e at 0x0006
I/dalvikvm( 2059): Could not find method android.content.Context.getDataDir, referenced from method rj.a
W/dalvikvm( 2059): VFY: unable to resolve virtual method 3154: Landroid/content/Context;.getDataDir ()Ljava/io/File;
D/dalvikvm( 2059): VFY: replacing opcode 0x6e at 0x0006
I/dalvikvm( 2059): Could not find method android.content.Context.getSystemServiceName, referenced from method rj.a
W/dalvikvm( 2059): VFY: unable to resolve virtual method 3173: Landroid/content/Context;.getSystemServiceName (Ljava/lang/Class;)Ljava/lang/String;
D/dalvikvm( 2059): VFY: replacing opcode 0x6e at 0x000a
I/dalvikvm( 2059): Could not find method android.content.Context.getSystemService, referenced from method rj.a
W/dalvikvm( 2059): VFY: unable to resolve virtual method 3171: Landroid/content/Context;.getSystemService (Ljava/lang/Class;)Ljava/lang/Object;
D/dalvikvm( 2059): VFY: replacing opcode 0x6e at 0x0020
I/dalvikvm( 2059): Could not find method android.content.Context.getColorStateList, referenced from method rj.b
W/dalvikvm( 2059): VFY: unable to resolve virtual method 3152: Landroid/content/Context;.getColorStateList (I)Landroid/content/res/ColorStateList;
D/dalvikvm( 2059): VFY: replacing opcode 0x6e at 0x0006
I/dalvikvm( 2059): Could not find method android.content.Context.getColor, referenced from method rj.c
W/dalvikvm( 2059): VFY: unable to resolve virtual method 3151: Landroid/content/Context;.getColor (I)I
D/dalvikvm( 2059): VFY: replacing opcode 0x6e at 0x0006
I/dalvikvm( 2059): Could not find method android.content.Context.getNoBackupFilesDir, referenced from method rj.d
W/dalvikvm( 2059): VFY: unable to resolve virtual method 3164: Landroid/content/Context;.getNoBackupFilesDir ()Ljava/io/File;
D/dalvikvm( 2059): VFY: replacing opcode 0x6e at 0x0006
I/dalvikvm( 2059): Could not find method android.content.Context.createDeviceProtectedStorageContext, referenced from method rj.e
W/dalvikvm( 2059): VFY: unable to resolve virtual method 3139: Landroid/content/Context;.createDeviceProtectedStorageContext ()Landroid/content/Context;
D/dalvikvm( 2059): VFY: replacing opcode 0x6e at 0x0008
I/dalvikvm( 2059): Could not find method android.content.Context.isDeviceProtectedStorage, referenced from method rj.f
W/dalvikvm( 2059): VFY: unable to resolve virtual method 3177: Landroid/content/Context;.isDeviceProtectedStorage ()Z
D/dalvikvm( 2059): VFY: replacing opcode 0x6e at 0x0008
I/Notifications( 2059): [ChimeBroadcastReceiver] Intent received for action [android.intent.action.TIMEZONE_CHANGED] package [com.google.android.play.games].
E/dalvikvm( 2059): Could not find class 'android.os.PersistableBundle', referenced from method nit.a
W/dalvikvm( 2059): VFY: unable to resolve new-instance 743 (Landroid/os/PersistableBundle;) in Lnit;
D/dalvikvm( 2059): VFY: replacing opcode 0x22 at 0x0001
D/dalvikvm( 2059): DexOpt: unable to opt direct call 0x11d2 at 0x0b in Lnit;.a
D/dalvikvm( 2059): DexOpt: unable to opt direct call 0x0bbb at 0xa1 in Lnit;.a
I/dalvikvm( 2059): Could not find method android.app.NotificationManager.getNotificationChannels, referenced from method nkj.b
W/dalvikvm( 2059): VFY: unable to resolve virtual method 2976: Landroid/app/NotificationManager;.getNotificationChannels ()Ljava/util/List;
D/dalvikvm( 2059): VFY: replacing opcode 0x6e at 0x0015
I/dalvikvm( 2059): Could not find method android.app.NotificationManager.getNotificationChannels, referenced from method nkj.a
W/dalvikvm( 2059): VFY: unable to resolve virtual method 2976: Landroid/app/NotificationManager;.getNotificationChannels ()Ljava/util/List;
D/dalvikvm( 2059): VFY: replacing opcode 0x6e at 0x0016
I/dalvikvm( 2059): Could not find method android.app.NotificationManager.getNotificationChannel, referenced from method nkj.a
W/dalvikvm( 2059): VFY: unable to resolve virtual method 2974: Landroid/app/NotificationManager;.getNotificationChannel (Ljava/lang/String;)Landroid/app/NotificationChannel;
D/dalvikvm( 2059): VFY: replacing opcode 0x6e at 0x0026
I/dalvikvm( 2059): Could not find method android.app.NotificationManager.getNotificationChannelGroups, referenced from method nkj.b
W/dalvikvm( 2059): VFY: unable to resolve virtual method 2975: Landroid/app/NotificationManager;.getNotificationChannelGroups ()Ljava/util/List;
D/dalvikvm( 2059): VFY: replacing opcode 0x6e at 0x0016
I/dalvikvm( 2059): Could not find method java.util.Locale.toLanguageTag, referenced from method nid.a
W/dalvikvm( 2059): VFY: unable to resolve virtual method 33842: Ljava/util/Locale;.toLanguageTag ()Ljava/lang/String;
D/dalvikvm( 2059): VFY: replacing opcode 0x6e at 0x0025
I/dalvikvm( 2059): Could not find method android.content.res.Configuration.getLocales, referenced from method nid.a
W/dalvikvm( 2059): VFY: unable to resolve virtual method 3393: Landroid/content/res/Configuration;.getLocales ()Landroid/os/LocaleList;
D/dalvikvm( 2059): VFY: replacing opcode 0x6e at 0x0032
I/Notifications( 2059): [ChimeBroadcastReceiver] Validation OK for action [android.intent.action.TIMEZONE_CHANGED].
W/PGAfap  ( 2059): ContentFiltersService is unavailable; not applying content filters.
I/ActivityManager( 1570): Delay finish: com.android.deskclock/com.android.alarmclock.AnalogAppWidgetProvider
I/ActivityManager( 1570): Delaying start of: ServiceRecord{9d4883f0 u0 com.google.android.play.games/com.google.android.libraries.notifications.executor.impl.basic.ChimeExecutorApiService}
W/dalvikvm( 1963): VFY: unable to find class referenced in signature (Landroid/net/NetworkRequest;)
D/dalvikvm( 1963): DexOpt: couldn't find static field Landroid/os/Build;.SUPPORTED_ABIS
W/dalvikvm( 1963): VFY: unable to resolve static field 1191 (SUPPORTED_ABIS) in Landroid/os/Build;
D/dalvikvm( 1963): VFY: replacing opcode 0x62 at 0x02f8
D/dalvikvm( 1570): GC_EXPLICIT freed 99K, 13% free 7293K/8308K, paused 0ms+0ms, total 10ms
I/Checkin ( 1963): [CheckinOperation] Starting Checkin: Default Task Reason : 8 Force : false UserId : 0 Start time : 7655
W/dalvikvm( 1963): VFY: unable to find class referenced in signature (Landroid/net/Network;)
D/dalvikvm( 1963): GC_FOR_ALLOC freed 928K, 24% free 6515K/8568K, paused 4ms, total 4ms
W/dalvikvm( 1963): VFY: unable to find class referenced in signature (Landroid/net/Network;)
I/dalvikvm( 1963): Could not find method android.net.Network.openConnection, referenced from method wna.a
W/dalvikvm( 1963): VFY: unable to resolve virtual method 5072: Landroid/net/Network;.openConnection (Ljava/net/URL;)Ljava/net/URLConnection;
D/dalvikvm( 1963): VFY: replacing opcode 0x6e at 0x008f
I/dalvikvm( 1963): Could not find method android.os.UserManager.isManagedProfile, referenced from method lbq.a
W/dalvikvm( 1963): VFY: unable to resolve virtual method 4277: Landroid/os/UserManager;.isManagedProfile ()Z
D/dalvikvm( 1963): VFY: replacing opcode 0x6e at 0x007c
I/dalvikvm( 1963): Could not find method java.util.Locale.toLanguageTag, referenced from method lhi.a
W/dalvikvm( 1963): VFY: unable to resolve virtual method 43769: Ljava/util/Locale;.toLanguageTag ()Ljava/lang/String;
