D/dalvikvm( 1570): WAIT_FOR_CONCURRENT_GC blocked 2ms
D/AndroidRuntime( 2773): Shutting down VM
D/dalvikvm( 1570): WAIT_FOR_CONCURRENT_GC blocked 9ms
D/dalvikvm( 2773): GC_CONCURRENT freed 93K, 15% free 552K/648K, paused 0ms+0ms, total 0ms
I/PackageManager( 1570):   Action: "android.intent.action.SENDTO"
I/PackageManager( 1570):   Category: "android.intent.category.DEFAULT"
I/PackageManager( 1570):   Scheme: "smsto"
I/Auth    ( 1963): [SupervisedAccountIntentOperation] onHandleIntent(): android.intent.action.PACKAGE_ADDED
I/ChromeSync( 1963): [Sync,SyncIntentOperation] Handling the intent: Intent { act=android.intent.action.PACKAGE_ADDED dat=package:it.unina.android.ripper flg=0x4000010 cmp=com.google.android.gms/.chimera.GmsIntentOperationService (has extras) }.
I/PackageManager( 1570): Adding preferred activity ComponentInfo{com.android.mms/com.android.mms.ui.ComposeMessageActivity} for user 0 :
I/FontLog ( 1963): Package it.unina.android.ripper has no metadata [CONTEXT service_id=132 ]
D/dalvikvm( 1727): GC_FOR_ALLOC freed 316K, 14% free 3623K/4212K, paused 13ms, total 13ms
I/Icing.InternalIcingCorporaProvider( 2203): Updating corpora: A: it.unina.android.ripper, C: MAYBE
I/PackageManager( 1570):   Action: "android.intent.action.SENDTO"
I/PackageManager( 1570):   Category: "android.intent.category.DEFAULT"
I/PackageManager( 1570):   Scheme: "mms"
I/PackageManager( 1570): Adding preferred activity ComponentInfo{com.android.mms/com.android.mms.ui.ComposeMessageActivity} for user 0 :
I/ChromeSync( 1963): [Persistence,AffiliationManager] One of affiliation or grouping data for android://KSmUCdTXmQS-j9D_O8l1jvyu41Pjn2mc5cb0Gvx1e9H1Aj4JCzHs_uTW26nbtH65K-YfijtBsQxGp-8R6k6HFg==@it.unina.android.ripper/ was not found. Marking affiliation data as stale...
I/PackageManager( 1570):   Action: "android.intent.action.SENDTO"
I/PackageManager( 1570):   Category: "android.intent.category.DEFAULT"
I/PackageManager( 1570):   Scheme: "mmsto"
I/PackageManager( 1570): Adding preferred activity ComponentInfo{com.android.mms/com.android.mms.ui.ComposeMessageActivity} for user 0 :
D/EGL_emulation( 1740): eglMakeCurrent: 0xb9685ea0: ver 3 0
D/dalvikvm( 1963): GC_FOR_ALLOC freed 2019K, 20% free 11245K/14032K, paused 16ms, total 16ms
I/Icing   ( 1963): IndexChimeraService.getServiceInterface callingPackage=com.google.android.googlequicksearchbox componentName=null serviceId=21
W/Icing   ( 1963): No valid account for uploading user actions
I/Icing   ( 1963): Usage reports ok 0, Failed Usage reports 0, indexed 0, rejected 0
W/Icing.InternalIcingCorporaProvider( 2203): Application table change notification failed.
I/Icing   ( 1963): Indexing com.google.android.gms-apps from com.google.android.gms
I/Icing   ( 1963): Indexing done com.google.android.gms-apps
D/AndroidRuntime( 2793): 
D/AndroidRuntime( 2793): >>>>>> AndroidRuntime START com.android.internal.os.RuntimeInit <<<<<<
W/linker  ( 2793): libdvm.so has text relocations. This is wasting memory and is a security risk. Please fix.
D/AndroidRuntime( 2793): CheckJNI is ON
D/dalvikvm( 2793): Trying to load lib libjavacore.so 0x0
D/dalvikvm( 2793): Added shared lib libjavacore.so 0x0
D/dalvikvm( 2793): Trying to load lib libnativehelper.so 0x0
D/dalvikvm( 2793): Added shared lib libnativehelper.so 0x0
D/dalvikvm( 2793): No JNI_OnLoad found in libnativehelper.so 0x0, skipping init
D/dalvikvm( 2793): Note: class Landroid/app/ActivityManagerNative; has 179 unimplemented (abstract) methods
E/memtrack( 2793): Couldn't load memtrack module (No such file or directory)
E/android.os.Debug( 2793): failed to load memtrack module: -2
D/AndroidRuntime( 2793): Calling main entry com.android.commands.am.Am
I/Vision  ( 1963): Requesting optional module download of ocr.
I/Vision  ( 1963): Checking for download completion for 96392 -- ocr
I/ActivityManager( 1570): Force stopping com.planes.android appid=10059 user=0: start instr
I/ActivityManager( 1570): Start proc com.planes.android for added application com.planes.android: pid=2804 uid=10059 gids={50059, 3003}
I/TestRunner( 2804): started: testApplication(it.unina.android.ripper.RipperTestCase)
V/AndroidRipperService( 2721): onBind()
V/AndroidRipperService( 2721): onBind()
V/AndroidRipperService( 2721): register()
I/ActivityManager( 1570): START u0 {act=android.intent.action.MAIN flg=0x10000000 cmp=com.planes.android/.PlanesAndroidActivity} from pid 2804
D/dalvikvm( 1570): GC_FOR_ALLOC freed 1091K, 19% free 7601K/9300K, paused 8ms, total 8ms
D/gralloc_ranchu( 1144): gralloc_alloc: Creating ashmem region of size 1323008
D/        ( 1570): HostConnection::get() New Host Connection established 0xb977c870, tid 1725
D/dalvikvm( 1570): GC_FOR_ALLOC freed 55K, 19% free 7546K/9300K, paused 5ms, total 5ms
I/dalvikvm-heap( 1570): Grow heap (frag case) to 8.062MB for 656856-byte allocation
D/dalvikvm( 1570): GC_FOR_ALLOC freed <1K, 18% free 8187K/9944K, paused 8ms, total 8ms
D/dalvikvm( 1570): GC_FOR_ALLOC freed <1K, 18% free 8203K/9944K, paused 6ms, total 6ms
I/dalvikvm-heap( 1570): Grow heap (frag case) to 8.704MB for 656856-byte allocation
D/dalvikvm( 1570): GC_FOR_ALLOC freed <1K, 17% free 8845K/10588K, paused 9ms, total 9ms
I/dalvikvm( 2804): Could not find method android.content.Context.getSystemService, referenced from method androidx.appcompat.app.AppCompatDelegateImpl.mapNightMode
W/dalvikvm( 2804): VFY: unable to resolve virtual method 479: Landroid/content/Context;.getSystemService (Ljava/lang/Class;)Ljava/lang/Object;
D/dalvikvm( 2804): VFY: replacing opcode 0x6e at 0x0012
I/dalvikvm( 2804): Could not find method android.view.Window$Callback.onPointerCaptureChanged, referenced from method androidx.appcompat.view.WindowCallbackWrapper.onPointerCaptureChanged
W/dalvikvm( 2804): VFY: unable to resolve interface method 2255: Landroid/view/Window$Callback;.onPointerCaptureChanged (Z)V
D/dalvikvm( 2804): VFY: replacing opcode 0x72 at 0x0002
I/dalvikvm( 2804): Could not find method android.view.Window$Callback.onProvideKeyboardShortcuts, referenced from method androidx.appcompat.view.WindowCallbackWrapper.onProvideKeyboardShortcuts
W/dalvikvm( 2804): VFY: unable to resolve interface method 2257: Landroid/view/Window$Callback;.onProvideKeyboardShortcuts (Ljava/util/List;Landroid/view/Menu;I)V
D/dalvikvm( 2804): VFY: replacing opcode 0x72 at 0x0002
W/dalvikvm( 2804): VFY: unable to find class referenced in signature (Landroid/view/SearchEvent;)
I/dalvikvm( 2804): Could not find method android.view.Window$Callback.onSearchRequested, referenced from method androidx.appcompat.view.WindowCallbackWrapper.onSearchRequested
W/dalvikvm( 2804): VFY: unable to resolve interface method 2259: Landroid/view/Window$Callback;.onSearchRequested (Landroid/view/SearchEvent;)Z
D/dalvikvm( 2804): VFY: replacing opcode 0x72 at 0x0002
I/dalvikvm( 2804): Could not find method android.view.Window$Callback.onWindowStartingActionMode, referenced from method androidx.appcompat.view.WindowCallbackWrapper.onWindowStartingActionMode
W/dalvikvm( 2804): VFY: unable to resolve interface method 2263: Landroid/view/Window$Callback;.onWindowStartingActionMode (Landroid/view/ActionMode$Callback;I)Landroid/view/ActionMode;
D/dalvikvm( 2804): VFY: replacing opcode 0x72 at 0x0002
I/dalvikvm( 2804): Could not find method android.content.res.TypedArray.getChangingConfigurations, referenced from method androidx.appcompat.widget.TintTypedArray.getChangingConfigurations
W/dalvikvm( 2804): VFY: unable to resolve virtual method 684: Landroid/content/res/TypedArray;.getChangingConfigurations ()I
D/dalvikvm( 2804): VFY: replacing opcode 0x6e at 0x0002
I/dalvikvm( 2804): Could not find method android.content.res.TypedArray.getType, referenced from method androidx.appcompat.widget.TintTypedArray.getType
W/dalvikvm( 2804): VFY: unable to resolve virtual method 706: Landroid/content/res/TypedArray;.getType (I)I
D/dalvikvm( 2804): VFY: replacing opcode 0x6e at 0x0008
I/dalvikvm( 2804): Could not find method android.content.Context.createDeviceProtectedStorageContext, referenced from method androidx.core.content.ContextCompat.createDeviceProtectedStorageContext
W/dalvikvm( 2804): VFY: unable to resolve virtual method 450: Landroid/content/Context;.createDeviceProtectedStorageContext ()Landroid/content/Context;
D/dalvikvm( 2804): VFY: replacing opcode 0x6e at 0x0006
I/dalvikvm( 2804): Could not find method android.content.Context.getCodeCacheDir, referenced from method androidx.core.content.ContextCompat.getCodeCacheDir
W/dalvikvm( 2804): VFY: unable to resolve virtual method 457: Landroid/content/Context;.getCodeCacheDir ()Ljava/io/File;
D/dalvikvm( 2804): VFY: replacing opcode 0x6e at 0x0006
I/dalvikvm( 2804): Could not find method android.content.Context.getColor, referenced from method androidx.core.content.ContextCompat.getColor
W/dalvikvm( 2804): VFY: unable to resolve virtual method 458: Landroid/content/Context;.getColor (I)I
D/dalvikvm( 2804): VFY: replacing opcode 0x6e at 0x0006
I/dalvikvm( 2804): Could not find method android.content.Context.getColorStateList, referenced from method androidx.core.content.ContextCompat.getColorStateList
W/dalvikvm( 2804): VFY: unable to resolve virtual method 459: Landroid/content/Context;.getColorStateList (I)Landroid/content/res/ColorStateList;
D/dalvikvm( 2804): VFY: replacing opcode 0x6e at 0x0006
I/dalvikvm( 2804): Could not find method android.content.Context.getDataDir, referenced from method androidx.core.content.ContextCompat.getDataDir
W/dalvikvm( 2804): VFY: unable to resolve virtual method 461: Landroid/content/Context;.getDataDir ()Ljava/io/File;
D/dalvikvm( 2804): VFY: replacing opcode 0x6e at 0x0006
I/dalvikvm( 2804): Could not find method android.content.Context.getDrawable, referenced from method androidx.core.content.ContextCompat.getDrawable
W/dalvikvm( 2804): VFY: unable to resolve virtual method 462: Landroid/content/Context;.getDrawable (I)Landroid/graphics/drawable/Drawable;
D/dalvikvm( 2804): VFY: replacing opcode 0x6e at 0x0006
I/dalvikvm( 2804): Could not find method android.content.Context.getNoBackupFilesDir, referenced from method androidx.core.content.ContextCompat.getNoBackupFilesDir
W/dalvikvm( 2804): VFY: unable to resolve virtual method 470: Landroid/content/Context;.getNoBackupFilesDir ()Ljava/io/File;
D/dalvikvm( 2804): VFY: replacing opcode 0x6e at 0x0006
I/dalvikvm( 2804): Could not find method android.content.Context.getSystemService, referenced from method androidx.core.content.ContextCompat.getSystemService
W/dalvikvm( 2804): VFY: unable to resolve virtual method 479: Landroid/content/Context;.getSystemService (Ljava/lang/Class;)Ljava/lang/Object;
D/dalvikvm( 2804): VFY: replacing opcode 0x6e at 0x0006
I/dalvikvm( 2804): Could not find method android.content.Context.getSystemServiceName, referenced from method androidx.core.content.ContextCompat.getSystemServiceName
W/dalvikvm( 2804): VFY: unable to resolve virtual method 481: Landroid/content/Context;.getSystemServiceName (Ljava/lang/Class;)Ljava/lang/String;
D/dalvikvm( 2804): VFY: replacing opcode 0x6e at 0x0006
I/dalvikvm( 2804): Could not find method android.content.Context.isDeviceProtectedStorage, referenced from method androidx.core.content.ContextCompat.isDeviceProtectedStorage
W/dalvikvm( 2804): VFY: unable to resolve virtual method 484: Landroid/content/Context;.isDeviceProtectedStorage ()Z
D/dalvikvm( 2804): VFY: replacing opcode 0x6e at 0x0006
I/dalvikvm( 2804): Could not find method android.content.Context.startForegroundService, referenced from method androidx.core.content.ContextCompat.startForegroundService
W/dalvikvm( 2804): VFY: unable to resolve virtual method 499: Landroid/content/Context;.startForegroundService (Landroid/content/Intent;)Landroid/content/ComponentName;
D/dalvikvm( 2804): VFY: replacing opcode 0x6e at 0x0006
I/dalvikvm( 2804): Could not find method android.view.View.addKeyboardNavigationClusters, referenced from method androidx.core.view.ViewCompat.addKeyboardNavigationClusters
W/dalvikvm( 2804): VFY: unable to resolve virtual method 1827: Landroid/view/View;.addKeyboardNavigationClusters (Ljava/util/Collection;I)V
D/dalvikvm( 2804): VFY: replacing opcode 0x6e at 0x0006
I/dalvikvm( 2804): Failed resolving Landroidx/core/view/ViewCompat$OnUnhandledKeyEventListenerWrapper; interface 424 'Landroid/view/View$OnUnhandledKeyEventListener;'
W/dalvikvm( 2804): Link of class 'Landroidx/core/view/ViewCompat$OnUnhandledKeyEventListenerWrapper;' failed
E/dalvikvm( 2804): Could not find class 'androidx.core.view.ViewCompat$OnUnhandledKeyEventListenerWrapper', referenced from method androidx.core.view.ViewCompat.addOnUnhandledKeyEventListener
W/dalvikvm( 2804): VFY: unable to resolve new-instance 1419 (Landroidx/core/view/ViewCompat$OnUnhandledKeyEventListenerWrapper;) in Landroidx/core/view/ViewCompat;
D/dalvikvm( 2804): VFY: replacing opcode 0x22 at 0x001a
I/dalvikvm( 2804): Could not find method android.view.View.cancelDragAndDrop, referenced from method androidx.core.view.ViewCompat.cancelDragAndDrop
W/dalvikvm( 2804): VFY: unable to resolve virtual method 1835: Landroid/view/View;.cancelDragAndDrop ()V
D/dalvikvm( 2804): VFY: replacing opcode 0x6e at 0x0006
E/dalvikvm( 2804): Could not find class 'android.view.WindowInsets', referenced from method androidx.core.view.ViewCompat.dispatchApplyWindowInsets
W/dalvikvm( 2804): VFY: unable to resolve check-cast 442 (Landroid/view/WindowInsets;) in Landroidx/core/view/ViewCompat;
D/dalvikvm( 2804): VFY: replacing opcode 0x1f at 0x000a
I/dalvikvm( 2804): Could not find method android.view.View.dispatchNestedFling, referenced from method androidx.core.view.ViewCompat.dispatchNestedFling
W/dalvikvm( 2804): VFY: unable to resolve virtual method 1843: Landroid/view/View;.dispatchNestedFling (FFZ)Z
D/dalvikvm( 2804): VFY: replacing opcode 0x6e at 0x0006
I/dalvikvm( 2804): Could not find method android.view.View.dispatchNestedPreFling, referenced from method androidx.core.view.ViewCompat.dispatchNestedPreFling
W/dalvikvm( 2804): VFY: unable to resolve virtual method 1844: Landroid/view/View;.dispatchNestedPreFling (FF)Z
D/dalvikvm( 2804): VFY: replacing opcode 0x6e at 0x0006
I/dalvikvm( 2804): Could not find method android.view.View.dispatchNestedPreScroll, referenced from method androidx.core.view.ViewCompat.dispatchNestedPreScroll
W/dalvikvm( 2804): VFY: unable to resolve virtual method 1845: Landroid/view/View;.dispatchNestedPreScroll (II[I[I)Z
D/dalvikvm( 2804): VFY: replacing opcode 0x6e at 0x0006
I/dalvikvm( 2804): Could not find method android.view.View.dispatchNestedScroll, referenced from method androidx.core.view.ViewCompat.dispatchNestedScroll
W/dalvikvm( 2804): VFY: unable to resolve virtual method 1846: Landroid/view/View;.dispatchNestedScroll (IIII[I)Z
D/dalvikvm( 2804): VFY: replacing opcode 0x74 at 0x0006
I/dalvikvm( 2804): Could not find method android.view.View.getBackgroundTintList, referenced from method androidx.core.view.ViewCompat.getBackgroundTintList
W/dalvikvm( 2804): VFY: unable to resolve virtual method 1861: Landroid/view/View;.getBackgroundTintList ()Landroid/content/res/ColorStateList;
D/dalvikvm( 2804): VFY: replacing opcode 0x6e at 0x0006
I/dalvikvm( 2804): Could not find method android.view.View.getBackgroundTintMode, referenced from method androidx.core.view.ViewCompat.getBackgroundTintMode
W/dalvikvm( 2804): VFY: unable to resolve virtual method 1862: Landroid/view/View;.getBackgroundTintMode ()Landroid/graphics/PorterDuff$Mode;
D/dalvikvm( 2804): VFY: replacing opcode 0x6e at 0x0006
I/dalvikvm( 2804): Could not find method android.view.View.getElevation, referenced from method androidx.core.view.ViewCompat.getElevation
W/dalvikvm( 2804): VFY: unable to resolve virtual method 1870: Landroid/view/View;.getElevation ()F
D/dalvikvm( 2804): VFY: replacing opcode 0x6e at 0x0006
I/dalvikvm( 2804): Could not find method android.view.View.getImportantForAutofill, referenced from method androidx.core.view.ViewCompat.getImportantForAutofill
W/dalvikvm( 2804): VFY: unable to resolve virtual method 1877: Landroid/view/View;.getImportantForAutofill ()I
D/dalvikvm( 2804): VFY: replacing opcode 0x6e at 0x0006
I/dalvikvm( 2804): Could not find method android.view.View.getNextClusterForwardId, referenced from method androidx.core.view.ViewCompat.getNextClusterForwardId
W/dalvikvm( 2804): VFY: unable to resolve virtual method 1895: Landroid/view/View;.getNextClusterForwardId ()I
D/dalvikvm( 2804): VFY: replacing opcode 0x6e at 0x0006
I/dalvikvm( 2804): Could not find method android.view.View.getScrollIndicators, referenced from method androidx.core.view.ViewCompat.getScrollIndicators
W/dalvikvm( 2804): VFY: unable to resolve virtual method 1914: Landroid/view/View;.getScrollIndicators ()I
D/dalvikvm( 2804): VFY: replacing opcode 0x6e at 0x0006
I/dalvikvm( 2804): Could not find method android.view.View.getTransitionName, referenced from method androidx.core.view.ViewCompat.getTransitionName
W/dalvikvm( 2804): VFY: unable to resolve virtual method 1920: Landroid/view/View;.getTransitionName ()Ljava/lang/String;
D/dalvikvm( 2804): VFY: replacing opcode 0x6e at 0x0006
I/dalvikvm( 2804): Could not find method android.view.View.getTranslationZ, referenced from method androidx.core.view.ViewCompat.getTranslationZ
W/dalvikvm( 2804): VFY: unable to resolve virtual method 1923: Landroid/view/View;.getTranslationZ ()F
D/dalvikvm( 2804): VFY: replacing opcode 0x6e at 0x0006
I/dalvikvm( 2804): Could not find method android.view.View.getZ, referenced from method androidx.core.view.ViewCompat.getZ
W/dalvikvm( 2804): VFY: unable to resolve virtual method 1933: Landroid/view/View;.getZ ()F
D/dalvikvm( 2804): VFY: replacing opcode 0x6e at 0x0006
I/dalvikvm( 2804): Could not find method android.view.View.hasExplicitFocusable, referenced from method androidx.core.view.ViewCompat.hasExplicitFocusable
W/dalvikvm( 2804): VFY: unable to resolve virtual method 1934: Landroid/view/View;.hasExplicitFocusable ()Z
D/dalvikvm( 2804): VFY: replacing opcode 0x6e at 0x0006
I/dalvikvm( 2804): Could not find method android.view.View.hasNestedScrollingParent, referenced from method androidx.core.view.ViewCompat.hasNestedScrollingParent
W/dalvikvm( 2804): VFY: unable to resolve virtual method 1937: Landroid/view/View;.hasNestedScrollingParent ()Z
D/dalvikvm( 2804): VFY: replacing opcode 0x6e at 0x0006
I/dalvikvm( 2804): Could not find method android.view.View.isFocusedByDefault, referenced from method androidx.core.view.ViewCompat.isFocusedByDefault
W/dalvikvm( 2804): VFY: unable to resolve virtual method 1946: Landroid/view/View;.isFocusedByDefault ()Z
D/dalvikvm( 2804): VFY: replacing opcode 0x6e at 0x0006
I/dalvikvm( 2804): Could not find method android.view.View.isImportantForAutofill, referenced from method androidx.core.view.ViewCompat.isImportantForAutofill
W/dalvikvm( 2804): VFY: unable to resolve virtual method 1948: Landroid/view/View;.isImportantForAutofill ()Z
D/dalvikvm( 2804): VFY: replacing opcode 0x6e at 0x0006
I/dalvikvm( 2804): Could not find method android.view.View.isKeyboardNavigationCluster, referenced from method androidx.core.view.ViewCompat.isKeyboardNavigationCluster
W/dalvikvm( 2804): VFY: unable to resolve virtual method 1951: Landroid/view/View;.isKeyboardNavigationCluster ()Z
D/dalvikvm( 2804): VFY: replacing opcode 0x6e at 0x0006
I/dalvikvm( 2804): Could not find method android.view.View.isNestedScrollingEnabled, referenced from method androidx.core.view.ViewCompat.isNestedScrollingEnabled
W/dalvikvm( 2804): VFY: unable to resolve virtual method 1956: Landroid/view/View;.isNestedScrollingEnabled ()Z
D/dalvikvm( 2804): VFY: replacing opcode 0x6e at 0x0006
I/dalvikvm( 2804): Could not find method android.view.View.keyboardNavigationClusterSearch, referenced from method androidx.core.view.ViewCompat.keyboardNavigationClusterSearch
W/dalvikvm( 2804): VFY: unable to resolve virtual method 1962: Landroid/view/View;.keyboardNavigationClusterSearch (Landroid/view/View;I)Landroid/view/View;
D/dalvikvm( 2804): VFY: replacing opcode 0x6e at 0x0006
E/dalvikvm( 2804): Could not find class 'android.view.WindowInsets', referenced from method androidx.core.view.ViewCompat.onApplyWindowInsets
W/dalvikvm( 2804): VFY: unable to resolve check-cast 442 (Landroid/view/WindowInsets;) in Landroidx/core/view/ViewCompat;
D/dalvikvm( 2804): VFY: replacing opcode 0x1f at 0x000a
E/dalvikvm( 2804): Could not find class 'android.view.View$OnUnhandledKeyEventListener', referenced from method androidx.core.view.ViewCompat.removeOnUnhandledKeyEventListener
W/dalvikvm( 2804): VFY: unable to resolve check-cast 424 (Landroid/view/View$OnUnhandledKeyEventListener;) in Landroidx/core/view/ViewCompat;
D/dalvikvm( 2804): VFY: replacing opcode 0x1f at 0x0015
D/gralloc_ranchu( 1144): gralloc_alloc: Creating ashmem region of size 7753728
I/dalvikvm( 2804): Could not find method android.view.View.requestApplyInsets, referenced from method androidx.core.view.ViewCompat.requestApplyInsets
W/dalvikvm( 2804): VFY: unable to resolve virtual method 1988: Landroid/view/View;.requestApplyInsets ()V
D/dalvikvm( 2804): VFY: replacing opcode 0x6e at 0x0006
I/dalvikvm( 2804): Could not find method android.view.View.requireViewById, referenced from method androidx.core.view.ViewCompat.requireViewById
W/dalvikvm( 2804): VFY: unable to resolve virtual method 1994: Landroid/view/View;.requireViewById (I)Landroid/view/View;
D/dalvikvm( 2804): VFY: replacing opcode 0x6e at 0x0006
I/dalvikvm( 2804): Could not find method android.view.View.restoreDefaultFocus, referenced from method androidx.core.view.ViewCompat.restoreDefaultFocus
W/dalvikvm( 2804): VFY: unable to resolve virtual method 1996: Landroid/view/View;.restoreDefaultFocus ()Z
D/dalvikvm( 2804): VFY: replacing opcode 0x6e at 0x0006
D/dalvikvm( 2804): GC_CONCURRENT freed 241K, 9% free 3149K/3456K, paused 1ms+2ms, total 7ms
I/dalvikvm( 2804): Could not find method android.view.View.setAutofillHints, referenced from method androidx.core.view.ViewCompat.setAutofillHints
W/dalvikvm( 2804): VFY: unable to resolve virtual method 2004: Landroid/view/View;.setAutofillHints ([Ljava/lang/String;)V
D/dalvikvm( 2804): VFY: replacing opcode 0x6e at 0x0006
I/dalvikvm( 2804): Could not find method android.view.View.setBackgroundTintList, referenced from method androidx.core.view.ViewCompat.setBackgroundTintList
W/dalvikvm( 2804): VFY: unable to resolve virtual method 2008: Landroid/view/View;.setBackgroundTintList (Landroid/content/res/ColorStateList;)V
D/dalvikvm( 2804): VFY: replacing opcode 0x6e at 0x0006
I/dalvikvm( 2804): Could not find method android.view.View.setBackgroundTintMode, referenced from method androidx.core.view.ViewCompat.setBackgroundTintMode
W/dalvikvm( 2804): VFY: unable to resolve virtual method 2009: Landroid/view/View;.setBackgroundTintMode (Landroid/graphics/PorterDuff$Mode;)V
D/dalvikvm( 2804): VFY: replacing opcode 0x6e at 0x0006
I/dalvikvm( 2804): Could not find method android.view.View.setElevation, referenced from method androidx.core.view.ViewCompat.setElevation
W/dalvikvm( 2804): VFY: unable to resolve virtual method 2011: Landroid/view/View;.setElevation (F)V
D/dalvikvm( 2804): VFY: replacing opcode 0x6e at 0x0006
I/dalvikvm( 2804): Could not find method android.view.View.setFocusedByDefault, referenced from method androidx.core.view.ViewCompat.setFocusedByDefault
W/dalvikvm( 2804): VFY: unable to resolve virtual method 2014: Landroid/view/View;.setFocusedByDefault (Z)V
D/dalvikvm( 2804): VFY: replacing opcode 0x6e at 0x0006
I/dalvikvm( 2804): Could not find method android.view.View.setImportantForAutofill, referenced from method androidx.core.view.ViewCompat.setImportantForAutofill
W/dalvikvm( 2804): VFY: unable to resolve virtual method 2018: Landroid/view/View;.setImportantForAutofill (I)V
D/dalvikvm( 2804): VFY: replacing opcode 0x6e at 0x0006
I/dalvikvm( 2804): Could not find method android.view.View.setKeyboardNavigationCluster, referenced from method androidx.core.view.ViewCompat.setKeyboardNavigationCluster
W/dalvikvm( 2804): VFY: unable to resolve virtual method 2019: Landroid/view/View;.setKeyboardNavigationCluster (Z)V
D/dalvikvm( 2804): VFY: replacing opcode 0x6e at 0x0006
I/dalvikvm( 2804): Could not find method android.view.View.setNestedScrollingEnabled, referenced from method androidx.core.view.ViewCompat.setNestedScrollingEnabled
W/dalvikvm( 2804): VFY: unable to resolve virtual method 2028: Landroid/view/View;.setNestedScrollingEnabled (Z)V
D/dalvikvm( 2804): VFY: replacing opcode 0x6e at 0x0006
I/dalvikvm( 2804): Could not find method android.view.View.setNextClusterForwardId, referenced from method androidx.core.view.ViewCompat.setNextClusterForwardId
W/dalvikvm( 2804): VFY: unable to resolve virtual method 2029: Landroid/view/View;.setNextClusterForwardId (I)V
D/dalvikvm( 2804): VFY: replacing opcode 0x6e at 0x0006
I/dalvikvm( 2804): Could not find method android.view.View.setOnApplyWindowInsetsListener, referenced from method androidx.core.view.ViewCompat.setOnApplyWindowInsetsListener
W/dalvikvm( 2804): VFY: unable to resolve virtual method 2030: Landroid/view/View;.setOnApplyWindowInsetsListener (Landroid/view/View$OnApplyWindowInsetsListener;)V
D/dalvikvm( 2804): VFY: replacing opcode 0x6e at 0x0009
I/dalvikvm( 2804): Failed resolving Landroidx/core/view/ViewCompat$1; interface 414 'Landroid/view/View$OnApplyWindowInsetsListener;'
W/dalvikvm( 2804): Link of class 'Landroidx/core/view/ViewCompat$1;' failed
E/dalvikvm( 2804): Could not find class 'androidx.core.view.ViewCompat$1', referenced from method androidx.core.view.ViewCompat.setOnApplyWindowInsetsListener
W/dalvikvm( 2804): VFY: unable to resolve new-instance 1413 (Landroidx/core/view/ViewCompat$1;) in Landroidx/core/view/ViewCompat;
D/dalvikvm( 2804): VFY: replacing opcode 0x22 at 0x000d
I/dalvikvm( 2804): Could not find method android.view.View.setPointerIcon, referenced from method androidx.core.view.ViewCompat.setPointerIcon
W/dalvikvm( 2804): VFY: unable to resolve virtual method 2041: Landroid/view/View;.setPointerIcon (Landroid/view/PointerIcon;)V
D/dalvikvm( 2804): VFY: replacing opcode 0x6e at 0x0012
I/dalvikvm( 2804): Could not find method android.view.View.setScrollIndicators, referenced from method androidx.core.view.ViewCompat.setScrollIndicators
W/dalvikvm( 2804): VFY: unable to resolve virtual method 2049: Landroid/view/View;.setScrollIndicators (I)V
D/dalvikvm( 2804): VFY: replacing opcode 0x6e at 0x0006
I/dalvikvm( 2804): Could not find method android.view.View.setScrollIndicators, referenced from method androidx.core.view.ViewCompat.setScrollIndicators
W/dalvikvm( 2804): VFY: unable to resolve virtual method 2050: Landroid/view/View;.setScrollIndicators (II)V
D/dalvikvm( 2804): VFY: replacing opcode 0x6e at 0x0006
I/dalvikvm( 2804): Could not find method android.view.View.setTooltipText, referenced from method androidx.core.view.ViewCompat.setTooltipText
W/dalvikvm( 2804): VFY: unable to resolve virtual method 2054: Landroid/view/View;.setTooltipText (Ljava/lang/CharSequence;)V
D/dalvikvm( 2804): VFY: replacing opcode 0x6e at 0x0006
I/dalvikvm( 2804): Could not find method android.view.View.setTransitionName, referenced from method androidx.core.view.ViewCompat.setTransitionName
W/dalvikvm( 2804): VFY: unable to resolve virtual method 2055: Landroid/view/View;.setTransitionName (Ljava/lang/String;)V
D/dalvikvm( 2804): VFY: replacing opcode 0x6e at 0x0006
I/dalvikvm( 2804): Could not find method android.view.View.setTranslationZ, referenced from method androidx.core.view.ViewCompat.setTranslationZ
W/dalvikvm( 2804): VFY: unable to resolve virtual method 2058: Landroid/view/View;.setTranslationZ (F)V
D/dalvikvm( 2804): VFY: replacing opcode 0x6e at 0x0006
I/dalvikvm( 2804): Could not find method android.view.View.setZ, referenced from method androidx.core.view.ViewCompat.setZ
W/dalvikvm( 2804): VFY: unable to resolve virtual method 2062: Landroid/view/View;.setZ (F)V
D/dalvikvm( 2804): VFY: replacing opcode 0x6e at 0x0006
I/dalvikvm( 2804): Could not find method android.view.View.startDragAndDrop, referenced from method androidx.core.view.ViewCompat.startDragAndDrop
W/dalvikvm( 2804): VFY: unable to resolve virtual method 2065: Landroid/view/View;.startDragAndDrop (Landroid/content/ClipData;Landroid/view/View$DragShadowBuilder;Ljava/lang/Object;I)Z
D/dalvikvm( 2804): VFY: replacing opcode 0x6e at 0x0006
I/dalvikvm( 2804): Could not find method android.view.View.startNestedScroll, referenced from method androidx.core.view.ViewCompat.startNestedScroll
W/dalvikvm( 2804): VFY: unable to resolve virtual method 2066: Landroid/view/View;.startNestedScroll (I)Z
D/dalvikvm( 2804): VFY: replacing opcode 0x6e at 0x0006
I/dalvikvm( 2804): Could not find method android.view.View.stopNestedScroll, referenced from method androidx.core.view.ViewCompat.stopNestedScroll
W/dalvikvm( 2804): VFY: unable to resolve virtual method 2067: Landroid/view/View;.stopNestedScroll ()V
D/dalvikvm( 2804): VFY: replacing opcode 0x6e at 0x0006
I/dalvikvm( 2804): Could not find method android.view.View.updateDragShadow, referenced from method androidx.core.view.ViewCompat.updateDragShadow
W/dalvikvm( 2804): VFY: unable to resolve virtual method 2068: Landroid/view/View;.updateDragShadow (Landroid/view/View$DragShadowBuilder;)V
D/dalvikvm( 2804): VFY: replacing opcode 0x6e at 0x0006
I/dalvikvm( 2804): Failed resolving Landroidx/core/view/ViewCompat$OnUnhandledKeyEventListenerWrapper; interface 424 'Landroid/view/View$OnUnhandledKeyEventListener;'
W/dalvikvm( 2804): Link of class 'Landroidx/core/view/ViewCompat$OnUnhandledKeyEventListenerWrapper;' failed
D/dalvikvm( 2804): DexOpt: unable to opt direct call 0x2c73 at 0x1c in Landroidx/core/view/ViewCompat;.addOnUnhandledKeyEventListener
D/dalvikvm( 2804): DexOpt: unable to opt direct call 0x08e8 at 0x14 in Landroidx/core/view/ViewCompat;.dispatchApplyWindowInsets
D/dalvikvm( 2804): DexOpt: unable to opt direct call 0x08e8 at 0x14 in Landroidx/core/view/ViewCompat;.onApplyWindowInsets
I/dalvikvm( 2804): Failed resolving Landroidx/core/view/ViewCompat$1; interface 414 'Landroid/view/View$OnApplyWindowInsetsListener;'
W/dalvikvm( 2804): Link of class 'Landroidx/core/view/ViewCompat$1;' failed
D/dalvikvm( 2804): DexOpt: unable to opt direct call 0x2c70 at 0x0f in Landroidx/core/view/ViewCompat;.setOnApplyWindowInsetsListener
I/dalvikvm( 2804): Could not find method android.content.Context.getColorStateList, referenced from method androidx.appcompat.content.res.AppCompatResources.getColorStateList
W/dalvikvm( 2804): VFY: unable to resolve virtual method 459: Landroid/content/Context;.getColorStateList (I)Landroid/content/res/ColorStateList;
D/dalvikvm( 2804): VFY: replacing opcode 0x6e at 0x0006
I/dalvikvm( 2804): Could not find method android.widget.Button.getAutoSizeMaxTextSize, referenced from method androidx.appcompat.widget.AppCompatButton.getAutoSizeMaxTextSize
W/dalvikvm( 2804): VFY: unable to resolve virtual method 2637: Landroid/widget/Button;.getAutoSizeMaxTextSize ()I
D/dalvikvm( 2804): VFY: replacing opcode 0x6f at 0x0004
I/dalvikvm( 2804): Could not find method android.widget.Button.getAutoSizeMinTextSize, referenced from method androidx.appcompat.widget.AppCompatButton.getAutoSizeMinTextSize
W/dalvikvm( 2804): VFY: unable to resolve virtual method 2638: Landroid/widget/Button;.getAutoSizeMinTextSize ()I
D/dalvikvm( 2804): VFY: replacing opcode 0x6f at 0x0004
I/dalvikvm( 2804): Could not find method android.widget.Button.getAutoSizeStepGranularity, referenced from method androidx.appcompat.widget.AppCompatButton.getAutoSizeStepGranularity
W/dalvikvm( 2804): VFY: unable to resolve virtual method 2639: Landroid/widget/Button;.getAutoSizeStepGranularity ()I
D/dalvikvm( 2804): VFY: replacing opcode 0x6f at 0x0004
I/dalvikvm( 2804): Could not find method android.widget.Button.getAutoSizeTextAvailableSizes, referenced from method androidx.appcompat.widget.AppCompatButton.getAutoSizeTextAvailableSizes
W/dalvikvm( 2804): VFY: unable to resolve virtual method 2640: Landroid/widget/Button;.getAutoSizeTextAvailableSizes ()[I
D/dalvikvm( 2804): VFY: replacing opcode 0x6f at 0x0004
I/dalvikvm( 2804): Could not find method android.widget.Button.getAutoSizeTextType, referenced from method androidx.appcompat.widget.AppCompatButton.getAutoSizeTextType
W/dalvikvm( 2804): VFY: unable to resolve virtual method 2641: Landroid/widget/Button;.getAutoSizeTextType ()I
D/dalvikvm( 2804): VFY: replacing opcode 0x6f at 0x0005
I/dalvikvm( 2804): Could not find method android.widget.Button.setAutoSizeTextTypeUniformWithConfiguration, referenced from method androidx.appcompat.widget.AppCompatButton.setAutoSizeTextTypeUniformWithConfiguration
W/dalvikvm( 2804): VFY: unable to resolve virtual method 2647: Landroid/widget/Button;.setAutoSizeTextTypeUniformWithConfiguration (IIII)V
D/dalvikvm( 2804): VFY: replacing opcode 0x6f at 0x0004
I/dalvikvm( 2804): Could not find method android.widget.Button.setAutoSizeTextTypeUniformWithPresetSizes, referenced from method androidx.appcompat.widget.AppCompatButton.setAutoSizeTextTypeUniformWithPresetSizes
W/dalvikvm( 2804): VFY: unable to resolve virtual method 2648: Landroid/widget/Button;.setAutoSizeTextTypeUniformWithPresetSizes ([II)V
D/dalvikvm( 2804): VFY: replacing opcode 0x6f at 0x0004
I/dalvikvm( 2804): Could not find method android.widget.Button.setAutoSizeTextTypeWithDefaults, referenced from method androidx.appcompat.widget.AppCompatButton.setAutoSizeTextTypeWithDefaults
W/dalvikvm( 2804): VFY: unable to resolve virtual method 2649: Landroid/widget/Button;.setAutoSizeTextTypeWithDefaults (I)V
D/dalvikvm( 2804): VFY: replacing opcode 0x6f at 0x0004
I/dalvikvm( 2804): Could not find method android.content.res.Resources.getDrawable, referenced from method androidx.appcompat.widget.ResourcesWrapper.getDrawable
W/dalvikvm( 2804): VFY: unable to resolve virtual method 647: Landroid/content/res/Resources;.getDrawable (ILandroid/content/res/Resources$Theme;)Landroid/graphics/drawable/Drawable;
D/dalvikvm( 2804): VFY: replacing opcode 0x6e at 0x0002
I/dalvikvm( 2804): Could not find method android.content.res.Resources.getDrawableForDensity, referenced from method androidx.appcompat.widget.ResourcesWrapper.getDrawableForDensity
W/dalvikvm( 2804): VFY: unable to resolve virtual method 649: Landroid/content/res/Resources;.getDrawableForDensity (IILandroid/content/res/Resources$Theme;)Landroid/graphics/drawable/Drawable;
D/dalvikvm( 2804): VFY: replacing opcode 0x6e at 0x0002
I/dalvikvm( 2804): Could not find method android.graphics.Color.getModel, referenced from method androidx.core.graphics.ColorUtils.compositeColors
W/dalvikvm( 2804): VFY: unable to resolve virtual method 813: Landroid/graphics/Color;.getModel ()Landroid/graphics/ColorSpace$Model;
D/dalvikvm( 2804): VFY: replacing opcode 0x6e at 0x0000
I/dalvikvm( 2804): Could not find method android.widget.TextView.getAutoSizeStepGranularity, referenced from method androidx.appcompat.widget.AppCompatTextHelper.loadFromAttributes
W/dalvikvm( 2804): VFY: unable to resolve virtual method 3091: Landroid/widget/TextView;.getAutoSizeStepGranularity ()I
D/dalvikvm( 2804): VFY: replacing opcode 0x6e at 0x01b7
I/dalvikvm( 2804): Could not find method android.text.StaticLayout$Builder.obtain, referenced from method androidx.appcompat.widget.AppCompatTextViewAutoSizeHelper.createStaticLayoutForMeasuring
W/dalvikvm( 2804): VFY: unable to resolve static method 1469: Landroid/text/StaticLayout$Builder;.obtain (Ljava/lang/CharSequence;IILandroid/text/TextPaint;I)Landroid/text/StaticLayout$Builder;
D/dalvikvm( 2804): VFY: replacing opcode 0x71 at 0x0013
E/dalvikvm( 2804): Could not find class 'android.graphics.drawable.RippleDrawable', referenced from method androidx.appcompat.widget.AppCompatImageHelper.hasOverlappingRendering
W/dalvikvm( 2804): VFY: unable to resolve instanceof 203 (Landroid/graphics/drawable/RippleDrawable;) in Landroidx/appcompat/widget/AppCompatImageHelper;
D/dalvikvm( 2804): VFY: replacing opcode 0x20 at 0x000c
I/dalvikvm( 2804): Could not find method android.widget.TextView.getAutoSizeMaxTextSize, referenced from method androidx.appcompat.widget.AppCompatTextView.getAutoSizeMaxTextSize
W/dalvikvm( 2804): VFY: unable to resolve virtual method 3089: Landroid/widget/TextView;.getAutoSizeMaxTextSize ()I
D/dalvikvm( 2804): VFY: replacing opcode 0x6f at 0x0004
I/dalvikvm( 2804): Could not find method android.widget.TextView.getAutoSizeMinTextSize, referenced from method androidx.appcompat.widget.AppCompatTextView.getAutoSizeMinTextSize
W/dalvikvm( 2804): VFY: unable to resolve virtual method 3090: Landroid/widget/TextView;.getAutoSizeMinTextSize ()I
D/dalvikvm( 2804): VFY: replacing opcode 0x6f at 0x0004
I/dalvikvm( 2804): Could not find method android.widget.TextView.getAutoSizeStepGranularity, referenced from method androidx.appcompat.widget.AppCompatTextView.getAutoSizeStepGranularity
W/dalvikvm( 2804): VFY: unable to resolve virtual method 3091: Landroid/widget/TextView;.getAutoSizeStepGranularity ()I
D/dalvikvm( 2804): VFY: replacing opcode 0x6f at 0x0004
I/dalvikvm( 2804): Could not find method android.widget.TextView.getAutoSizeTextAvailableSizes, referenced from method androidx.appcompat.widget.AppCompatTextView.getAutoSizeTextAvailableSizes
W/dalvikvm( 2804): VFY: unable to resolve virtual method 3092: Landroid/widget/TextView;.getAutoSizeTextAvailableSizes ()[I
D/dalvikvm( 2804): VFY: replacing opcode 0x6f at 0x0004
I/dalvikvm( 2804): Could not find method android.widget.TextView.getAutoSizeTextType, referenced from method androidx.appcompat.widget.AppCompatTextView.getAutoSizeTextType
W/dalvikvm( 2804): VFY: unable to resolve virtual method 3093: Landroid/widget/TextView;.getAutoSizeTextType ()I
D/dalvikvm( 2804): VFY: replacing opcode 0x6f at 0x0005
I/dalvikvm( 2804): Could not find method android.widget.TextView.setAutoSizeTextTypeUniformWithConfiguration, referenced from method androidx.appcompat.widget.AppCompatTextView.setAutoSizeTextTypeUniformWithConfiguration
W/dalvikvm( 2804): VFY: unable to resolve virtual method 3148: Landroid/widget/TextView;.setAutoSizeTextTypeUniformWithConfiguration (IIII)V
D/dalvikvm( 2804): VFY: replacing opcode 0x6f at 0x0004
I/dalvikvm( 2804): Could not find method android.widget.TextView.setAutoSizeTextTypeUniformWithPresetSizes, referenced from method androidx.appcompat.widget.AppCompatTextView.setAutoSizeTextTypeUniformWithPresetSizes
W/dalvikvm( 2804): VFY: unable to resolve virtual method 3149: Landroid/widget/TextView;.setAutoSizeTextTypeUniformWithPresetSizes ([II)V
D/dalvikvm( 2804): VFY: replacing opcode 0x6f at 0x0004
I/dalvikvm( 2804): Could not find method android.widget.TextView.setAutoSizeTextTypeWithDefaults, referenced from method androidx.appcompat.widget.AppCompatTextView.setAutoSizeTextTypeWithDefaults
W/dalvikvm( 2804): VFY: unable to resolve virtual method 3150: Landroid/widget/TextView;.setAutoSizeTextTypeWithDefaults (I)V
D/dalvikvm( 2804): VFY: replacing opcode 0x6f at 0x0004
I/dalvikvm( 2804): Could not find method android.widget.TextView.setFirstBaselineToTopHeight, referenced from method androidx.appcompat.widget.AppCompatTextView.setFirstBaselineToTopHeight
W/dalvikvm( 2804): VFY: unable to resolve virtual method 3162: Landroid/widget/TextView;.setFirstBaselineToTopHeight (I)V
D/dalvikvm( 2804): VFY: replacing opcode 0x6f at 0x0006
I/dalvikvm( 2804): Could not find method android.widget.TextView.setLastBaselineToBottomHeight, referenced from method androidx.appcompat.widget.AppCompatTextView.setLastBaselineToBottomHeight
W/dalvikvm( 2804): VFY: unable to resolve virtual method 3168: Landroid/widget/TextView;.setLastBaselineToBottomHeight (I)V
D/dalvikvm( 2804): VFY: replacing opcode 0x6f at 0x0006
D/dalvikvm( 2804): GC_CONCURRENT freed 150K, 7% free 3382K/3600K, paused 2ms+0ms, total 4ms
D/dalvikvm( 2804): GC_CONCURRENT freed 459K, 14% free 3389K/3912K, paused 0ms+2ms, total 6ms
D/dalvikvm( 2804): GC_CONCURRENT freed 499K, 14% free 3398K/3948K, paused 1ms+0ms, total 5ms
D/EGL_emulation( 1740): eglMakeCurrent: 0xb9685ea0: ver 3 0
D/dalvikvm( 2804): GC_CONCURRENT freed 469K, 11% free 3539K/3948K, paused 1ms+2ms, total 9ms
D/dalvikvm( 2804): GC_CONCURRENT freed 609K, 17% free 3387K/4056K, paused 0ms+2ms, total 5ms
D/dalvikvm( 2804): GC_CONCURRENT freed 440K, 17% free 3382K/4056K, paused 1ms+2ms, total 5ms
D/dalvikvm( 2804): GC_CONCURRENT freed 392K, 17% free 3375K/4056K, paused 0ms+0ms, total 2ms
D/dalvikvm( 2804): GC_CONCURRENT freed 444K, 17% free 3390K/4056K, paused 2ms+0ms, total 5ms
D/dalvikvm( 2804): GC_CONCURRENT freed 483K, 17% free 3387K/4056K, paused 0ms+3ms, total 6ms
D/dalvikvm( 2804): GC_CONCURRENT freed 480K, 17% free 3393K/4056K, paused 2ms+1ms, total 4ms
D/dalvikvm( 2804): GC_CONCURRENT freed 481K, 17% free 3388K/4056K, paused 1ms+0ms, total 5ms
D/dalvikvm( 2804): GC_CONCURRENT freed 410K, 17% free 3380K/4056K, paused 3ms+2ms, total 7ms
D/dalvikvm( 2804): GC_CONCURRENT freed 461K, 17% free 3383K/4056K, paused 0ms+0ms, total 4ms
D/dalvikvm( 2804): GC_CONCURRENT freed 458K, 17% free 3384K/4056K, paused 0ms+2ms, total 5ms
D/dalvikvm( 2804): GC_CONCURRENT freed 493K, 17% free 3404K/4056K, paused 2ms+1ms, total 5ms
D/dalvikvm( 2804): GC_CONCURRENT freed 528K, 17% free 3388K/4056K, paused 0ms+0ms, total 3ms
D/dalvikvm( 2804): GC_CONCURRENT freed 512K, 17% free 3388K/4056K, paused 0ms+1ms, total 3ms
D/dalvikvm( 2804): WAIT_FOR_CONCURRENT_GC blocked 1ms
D/dalvikvm( 2804): GC_CONCURRENT freed 513K, 17% free 3387K/4056K, paused 0ms+1ms, total 3ms
D/dalvikvm( 2804): WAIT_FOR_CONCURRENT_GC blocked 1ms
D/dalvikvm( 2804): GC_CONCURRENT freed 468K, 16% free 3412K/4056K, paused 0ms+1ms, total 4ms
D/dalvikvm( 2804): GC_CONCURRENT freed 527K, 17% free 3397K/4056K, paused 2ms+0ms, total 8ms
D/dalvikvm( 2804): WAIT_FOR_CONCURRENT_GC blocked 3ms
D/dalvikvm( 2804): GC_CONCURRENT freed 514K, 17% free 3394K/4056K, paused 0ms+1ms, total 4ms
D/dalvikvm( 2804): WAIT_FOR_CONCURRENT_GC blocked 2ms
D/dalvikvm( 2804): GC_CONCURRENT freed 455K, 17% free 3401K/4056K, paused 1ms+2ms, total 5ms
D/dalvikvm( 2804): GC_CONCURRENT freed 395K, 17% free 3391K/4056K, paused 1ms+0ms, total 3ms
D/dalvikvm( 2804): GC_CONCURRENT freed 454K, 17% free 3391K/4056K, paused 0ms+3ms, total 6ms
D/dalvikvm( 2804): GC_CONCURRENT freed 489K, 16% free 3408K/4056K, paused 0ms+0ms, total 4ms
D/dalvikvm( 2804): GC_CONCURRENT freed 501K, 17% free 3400K/4056K, paused 0ms+2ms, total 5ms
D/dalvikvm( 2804): GC_FOR_ALLOC freed 518K, 17% free 3394K/4056K, paused 3ms, total 3ms
D/dalvikvm( 2804): GC_CONCURRENT freed 60K, 17% free 3397K/4056K, paused 2ms+0ms, total 5ms
D/dalvikvm( 2804): GC_CONCURRENT freed 457K, 17% free 3400K/4056K, paused 0ms+1ms, total 3ms
D/dalvikvm( 2804): GC_CONCURRENT freed 429K, 16% free 3408K/4056K, paused 1ms+0ms, total 6ms
D/dalvikvm( 2804): GC_CONCURRENT freed 528K, 17% free 3391K/4056K, paused 2ms+0ms, total 8ms
D/dalvikvm( 2804): WAIT_FOR_CONCURRENT_GC blocked 3ms
D/dalvikvm( 2804): GC_CONCURRENT freed 487K, 17% free 3399K/4056K, paused 1ms+0ms, total 4ms
D/dalvikvm( 2804): GC_CONCURRENT freed 521K, 17% free 3390K/4056K, paused 1ms+1ms, total 3ms
D/dalvikvm( 2804): WAIT_FOR_CONCURRENT_GC blocked 1ms
D/dalvikvm( 2804): GC_CONCURRENT freed 478K, 17% free 3402K/4056K, paused 1ms+2ms, total 5ms
D/dalvikvm( 2804): GC_CONCURRENT freed 471K, 16% free 3411K/4056K, paused 2ms+0ms, total 5ms
D/dalvikvm( 2804): GC_CONCURRENT freed 477K, 16% free 3410K/4056K, paused 0ms+0ms, total 3ms
D/dalvikvm( 2804): GC_CONCURRENT freed 470K, 17% free 3397K/4056K, paused 0ms+4ms, total 7ms
D/dalvikvm( 2804): GC_CONCURRENT freed 464K, 17% free 3401K/4056K, paused 1ms+0ms, total 3ms
D/dalvikvm( 2804): GC_CONCURRENT freed 451K, 16% free 3407K/4056K, paused 0ms+0ms, total 2ms
D/dalvikvm( 2804): GC_CONCURRENT freed 476K, 17% free 3402K/4056K, paused 1ms+2ms, total 5ms
D/dalvikvm( 2804): GC_CONCURRENT freed 480K, 17% free 3402K/4056K, paused 0ms+3ms, total 5ms
D/dalvikvm( 2804): GC_CONCURRENT freed 461K, 17% free 3403K/4056K, paused 1ms+1ms, total 4ms
D/dalvikvm( 2804): GC_CONCURRENT freed 457K, 17% free 3399K/4056K, paused 0ms+3ms, total 7ms
D/dalvikvm( 2804): GC_CONCURRENT freed 449K, 17% free 3398K/4056K, paused 0ms+0ms, total 3ms
D/dalvikvm( 2804): GC_CONCURRENT freed 518K, 17% free 3403K/4056K, paused 0ms+1ms, total 3ms
D/dalvikvm( 2804): GC_CONCURRENT freed 524K, 17% free 3389K/4056K, paused 1ms+2ms, total 5ms
I/System.out( 2804): 0 guesses
I/System.out( 2804): 0 guesses
D/Planes  ( 2804): readPreferences 2 false
D/Planes  ( 2804): onCreate
D/Planes  ( 2804): onStart
D/Planes  ( 2804): onResume
D/        ( 2804): HostConnection::get() New Host Connection established 0xb9612da0, tid 2804
D/EGL_emulation( 2804): eglCreateContext: 0xb9615030: maj 3 min 0 rcv 3
D/EGL_emulation( 2804): eglMakeCurrent: 0xb9615030: ver 3 0
E/eglCodecCommon( 2804): glUtilsParamSize: unknow param 0x00008cdf
E/eglCodecCommon( 2804): glUtilsParamSize: unknow param 0x00008824
E/EGL_emulation( 2804): tid 2804: eglSurfaceAttrib(1199): error 0x3009 (EGL_BAD_MATCH)
W/HardwareRenderer( 2804): Backbuffer cannot be preserved
D/OpenGLRenderer( 2804): Enabling debug mode 0
I/dalvikvm( 2804): Could not find method android.view.ViewConfiguration.getScaledHorizontalScrollFactor, referenced from method androidx.core.view.ViewConfigurationCompat.getScaledHorizontalScrollFactor
W/dalvikvm( 2804): VFY: unable to resolve virtual method 2073: Landroid/view/ViewConfiguration;.getScaledHorizontalScrollFactor ()F
D/dalvikvm( 2804): VFY: replacing opcode 0x6e at 0x0006
I/dalvikvm( 2804): Could not find method android.view.ViewConfiguration.getScaledHoverSlop, referenced from method androidx.core.view.ViewConfigurationCompat.getScaledHoverSlop
W/dalvikvm( 2804): VFY: unable to resolve virtual method 2074: Landroid/view/ViewConfiguration;.getScaledHoverSlop ()I
D/dalvikvm( 2804): VFY: replacing opcode 0x6e at 0x0006
I/dalvikvm( 2804): Could not find method android.view.ViewConfiguration.getScaledVerticalScrollFactor, referenced from method androidx.core.view.ViewConfigurationCompat.getScaledVerticalScrollFactor
W/dalvikvm( 2804): VFY: unable to resolve virtual method 2079: Landroid/view/ViewConfiguration;.getScaledVerticalScrollFactor ()F
D/dalvikvm( 2804): VFY: replacing opcode 0x6e at 0x0006
I/dalvikvm( 2804): Could not find method android.view.ViewConfiguration.shouldShowMenuShortcutsWhenKeyboardPresent, referenced from method androidx.core.view.ViewConfigurationCompat.shouldShowMenuShortcutsWhenKeyboardPresent
W/dalvikvm( 2804): VFY: unable to resolve virtual method 2082: Landroid/view/ViewConfiguration;.shouldShowMenuShortcutsWhenKeyboardPresent ()Z
D/dalvikvm( 2804): VFY: replacing opcode 0x6e at 0x0006
I/dalvikvm( 2804): Could not find method android.view.View.setTooltipText, referenced from method androidx.appcompat.widget.TooltipCompat.setTooltipText
W/dalvikvm( 2804): VFY: unable to resolve virtual method 2054: Landroid/view/View;.setTooltipText (Ljava/lang/CharSequence;)V
D/dalvikvm( 2804): VFY: replacing opcode 0x6e at 0x0006
I/dalvikvm( 2804): Could not find method android.view.MenuItem.getAlphabeticModifiers, referenced from method androidx.core.view.MenuItemCompat.getAlphabeticModifiers
W/dalvikvm( 2804): VFY: unable to resolve interface method 1721: Landroid/view/MenuItem;.getAlphabeticModifiers ()I
D/dalvikvm( 2804): VFY: replacing opcode 0x72 at 0x0011
I/dalvikvm( 2804): Could not find method android.view.MenuItem.getContentDescription, referenced from method androidx.core.view.MenuItemCompat.getContentDescription
W/dalvikvm( 2804): VFY: unable to resolve interface method 1722: Landroid/view/MenuItem;.getContentDescription ()Ljava/lang/CharSequence;
D/dalvikvm( 2804): VFY: replacing opcode 0x72 at 0x0011
I/dalvikvm( 2804): Could not find method android.view.MenuItem.getIconTintList, referenced from method androidx.core.view.MenuItemCompat.getIconTintList
W/dalvikvm( 2804): VFY: unable to resolve interface method 1725: Landroid/view/MenuItem;.getIconTintList ()Landroid/content/res/ColorStateList;
D/dalvikvm( 2804): VFY: replacing opcode 0x72 at 0x0011
I/dalvikvm( 2804): Could not find method android.view.MenuItem.getIconTintMode, referenced from method androidx.core.view.MenuItemCompat.getIconTintMode
W/dalvikvm( 2804): VFY: unable to resolve interface method 1726: Landroid/view/MenuItem;.getIconTintMode ()Landroid/graphics/PorterDuff$Mode;
D/dalvikvm( 2804): VFY: replacing opcode 0x72 at 0x0011
I/dalvikvm( 2804): Could not find method android.view.MenuItem.getNumericModifiers, referenced from method androidx.core.view.MenuItemCompat.getNumericModifiers
W/dalvikvm( 2804): VFY: unable to resolve interface method 1729: Landroid/view/MenuItem;.getNumericModifiers ()I
D/dalvikvm( 2804): VFY: replacing opcode 0x72 at 0x0011
I/dalvikvm( 2804): Could not find method android.view.MenuItem.getTooltipText, referenced from method androidx.core.view.MenuItemCompat.getTooltipText
W/dalvikvm( 2804): VFY: unable to resolve interface method 1731: Landroid/view/MenuItem;.getTooltipText ()Ljava/lang/CharSequence;
D/dalvikvm( 2804): VFY: replacing opcode 0x72 at 0x0011
I/dalvikvm( 2804): Could not find method android.view.MenuItem.setAlphabeticShortcut, referenced from method androidx.core.view.MenuItemCompat.setAlphabeticShortcut
W/dalvikvm( 2804): VFY: unable to resolve interface method 1739: Landroid/view/MenuItem;.setAlphabeticShortcut (CI)Landroid/view/MenuItem;
D/dalvikvm( 2804): VFY: replacing opcode 0x72 at 0x0010
I/dalvikvm( 2804): Could not find method android.view.MenuItem.setContentDescription, referenced from method androidx.core.view.MenuItemCompat.setContentDescription
W/dalvikvm( 2804): VFY: unable to resolve interface method 1742: Landroid/view/MenuItem;.setContentDescription (Ljava/lang/CharSequence;)Landroid/view/MenuItem;
D/dalvikvm( 2804): VFY: replacing opcode 0x72 at 0x0010
I/dalvikvm( 2804): Could not find method android.view.MenuItem.setIconTintList, referenced from method androidx.core.view.MenuItemCompat.setIconTintList
