I/dalvikvm( 1963): Could not find method java.util.Locale.toLanguageTag, referenced from method ipz.c
W/dalvikvm( 1963): VFY: unable to resolve virtual method 33842: Ljava/util/Locale;.toLanguageTag ()Ljava/lang/String;
D/dalvikvm( 1963): VFY: replacing opcode 0x6e at 0x0050
I/dalvikvm( 1963): Could not find method java.util.Locale.toLanguageTag, referenced from method ipz.c
W/dalvikvm( 1963): VFY: unable to resolve virtual method 33842: Ljava/util/Locale;.toLanguageTag ()Ljava/lang/String;
D/dalvikvm( 1963): VFY: replacing opcode 0x6e at 0x007f
I/dalvikvm( 1963): Could not find method java.util.Locale.toLanguageTag, referenced from method ipz.e
W/dalvikvm( 1963): VFY: unable to resolve virtual method 33842: Ljava/util/Locale;.toLanguageTag ()Ljava/lang/String;
D/dalvikvm( 1963): VFY: replacing opcode 0x6e at 0x0039
I/dalvikvm( 1963): Could not find method java.util.Locale.toLanguageTag, referenced from method iqa.a
W/dalvikvm( 1963): VFY: unable to resolve virtual method 33842: Ljava/util/Locale;.toLanguageTag ()Ljava/lang/String;
D/dalvikvm( 1963): VFY: replacing opcode 0x6e at 0x0088
I/dalvikvm( 1963): Could not find method java.util.Locale.toLanguageTag, referenced from method iqa.b
W/dalvikvm( 1963): VFY: unable to resolve virtual method 33842: Ljava/util/Locale;.toLanguageTag ()Ljava/lang/String;
D/dalvikvm( 1963): VFY: replacing opcode 0x6e at 0x0046
I/dalvikvm( 1963): Could not find method java.util.Locale.toLanguageTag, referenced from method iqa.b
W/dalvikvm( 1963): VFY: unable to resolve virtual method 33842: Ljava/util/Locale;.toLanguageTag ()Ljava/lang/String;
D/dalvikvm( 1963): VFY: replacing opcode 0x6e at 0x0017
I/dalvikvm( 1963): Could not find method java.util.Locale.toLanguageTag, referenced from method iqa.c
W/dalvikvm( 1963): VFY: unable to resolve virtual method 33842: Ljava/util/Locale;.toLanguageTag ()Ljava/lang/String;
D/dalvikvm( 1963): VFY: replacing opcode 0x6e at 0x0017
I/dalvikvm( 1963): Could not find method java.util.Locale.toLanguageTag, referenced from method iqi.a
W/dalvikvm( 1963): VFY: unable to resolve virtual method 33842: Ljava/util/Locale;.toLanguageTag ()Ljava/lang/String;
D/dalvikvm( 1963): VFY: replacing opcode 0x6e at 0x0048
I/dalvikvm( 1963): Could not find method java.util.Locale.toLanguageTag, referenced from method iqi.a
W/dalvikvm( 1963): VFY: unable to resolve virtual method 33842: Ljava/util/Locale;.toLanguageTag ()Ljava/lang/String;
D/dalvikvm( 1963): VFY: replacing opcode 0x6e at 0x008c
I/dalvikvm( 1963): Could not find method java.util.Locale.toLanguageTag, referenced from method iqi.a
W/dalvikvm( 1963): VFY: unable to resolve virtual method 33842: Ljava/util/Locale;.toLanguageTag ()Ljava/lang/String;
D/dalvikvm( 1963): VFY: replacing opcode 0x6e at 0x0017
I/dalvikvm( 1963): Could not find method java.util.Locale.toLanguageTag, referenced from method iqp.b
W/dalvikvm( 1963): VFY: unable to resolve virtual method 33842: Ljava/util/Locale;.toLanguageTag ()Ljava/lang/String;
D/dalvikvm( 1963): VFY: replacing opcode 0x6e at 0x005c
I/dalvikvm( 1963): Could not find method java.util.Locale.toLanguageTag, referenced from method ipo.a
W/dalvikvm( 1963): VFY: unable to resolve virtual method 33842: Ljava/util/Locale;.toLanguageTag ()Ljava/lang/String;
D/dalvikvm( 1963): VFY: replacing opcode 0x6e at 0x0014
I/dalvikvm( 1963): Could not find method java.util.Locale.toLanguageTag, referenced from method iqg.a
W/dalvikvm( 1963): VFY: unable to resolve virtual method 33842: Ljava/util/Locale;.toLanguageTag ()Ljava/lang/String;
D/dalvikvm( 1963): VFY: replacing opcode 0x6e at 0x000d
I/dalvikvm( 1963): Could not find method java.util.Locale.toLanguageTag, referenced from method iqg.a
W/dalvikvm( 1963): VFY: unable to resolve virtual method 33842: Ljava/util/Locale;.toLanguageTag ()Ljava/lang/String;
D/dalvikvm( 1963): VFY: replacing opcode 0x6e at 0x0018
I/dalvikvm( 1963): Could not find method java.util.Locale.toLanguageTag, referenced from method iqg.a
W/dalvikvm( 1963): VFY: unable to resolve virtual method 33842: Ljava/util/Locale;.toLanguageTag ()Ljava/lang/String;
D/dalvikvm( 1963): VFY: replacing opcode 0x6e at 0x00ac
I/dalvikvm( 1963): Could not find method java.util.Locale.toLanguageTag, referenced from method iqg.a
W/dalvikvm( 1963): VFY: unable to resolve virtual method 33842: Ljava/util/Locale;.toLanguageTag ()Ljava/lang/String;
D/dalvikvm( 1963): VFY: replacing opcode 0x6e at 0x0015
I/dalvikvm( 1963): Could not find method java.util.Locale.toLanguageTag, referenced from method iqg.a
W/dalvikvm( 1963): VFY: unable to resolve virtual method 33842: Ljava/util/Locale;.toLanguageTag ()Ljava/lang/String;
D/dalvikvm( 1963): VFY: replacing opcode 0x6e at 0x000c
I/dalvikvm( 1963): Could not find method java.util.Locale.toLanguageTag, referenced from method iqg.a
W/dalvikvm( 1963): VFY: unable to resolve virtual method 33842: Ljava/util/Locale;.toLanguageTag ()Ljava/lang/String;
D/dalvikvm( 1963): VFY: replacing opcode 0x6e at 0x0074
I/dalvikvm( 1963): Could not find method java.util.Locale.toLanguageTag, referenced from method iqg.a
W/dalvikvm( 1963): VFY: unable to resolve virtual method 33842: Ljava/util/Locale;.toLanguageTag ()Ljava/lang/String;
D/dalvikvm( 1963): VFY: replacing opcode 0x6e at 0x0024
I/dalvikvm( 1963): Could not find method java.util.Locale.toLanguageTag, referenced from method iqs.a
W/dalvikvm( 1963): VFY: unable to resolve virtual method 33842: Ljava/util/Locale;.toLanguageTag ()Ljava/lang/String;
D/dalvikvm( 1963): VFY: replacing opcode 0x6e at 0x000e
I/dalvikvm( 1963): Could not find method java.util.Locale.toLanguageTag, referenced from method iqs.a
W/dalvikvm( 1963): VFY: unable to resolve virtual method 33842: Ljava/util/Locale;.toLanguageTag ()Ljava/lang/String;
D/dalvikvm( 1963): VFY: replacing opcode 0x6e at 0x0014
I/dalvikvm( 1963): Could not find method java.util.Locale.toLanguageTag, referenced from method iqs.a
W/dalvikvm( 1963): VFY: unable to resolve virtual method 33842: Ljava/util/Locale;.toLanguageTag ()Ljava/lang/String;
D/dalvikvm( 1963): VFY: replacing opcode 0x6e at 0x0147
I/dalvikvm( 1963): Could not find method java.util.Locale.toLanguageTag, referenced from method iqs.a
W/dalvikvm( 1963): VFY: unable to resolve virtual method 33842: Ljava/util/Locale;.toLanguageTag ()Ljava/lang/String;
D/dalvikvm( 1963): VFY: replacing opcode 0x6e at 0x000d
I/dalvikvm( 1963): Could not find method java.util.Locale.toLanguageTag, referenced from method iqs.a
W/dalvikvm( 1963): VFY: unable to resolve virtual method 33842: Ljava/util/Locale;.toLanguageTag ()Ljava/lang/String;
D/dalvikvm( 1963): VFY: replacing opcode 0x6e at 0x000d
I/dalvikvm( 1963): Could not find method java.util.Locale.toLanguageTag, referenced from method iqs.a
W/dalvikvm( 1963): VFY: unable to resolve virtual method 33842: Ljava/util/Locale;.toLanguageTag ()Ljava/lang/String;
D/dalvikvm( 1963): VFY: replacing opcode 0x6e at 0x0052
I/dalvikvm( 1963): Could not find method java.util.Locale.toLanguageTag, referenced from method iqs.a
W/dalvikvm( 1963): VFY: unable to resolve virtual method 33842: Ljava/util/Locale;.toLanguageTag ()Ljava/lang/String;
D/dalvikvm( 1963): VFY: replacing opcode 0x6e at 0x0011
I/dalvikvm( 1963): Could not find method java.util.Locale.toLanguageTag, referenced from method iqs.b
W/dalvikvm( 1963): VFY: unable to resolve virtual method 33842: Ljava/util/Locale;.toLanguageTag ()Ljava/lang/String;
D/dalvikvm( 1963): VFY: replacing opcode 0x6e at 0x0017
I/dalvikvm( 1963): Could not find method java.util.Locale.toLanguageTag, referenced from method iqs.b
W/dalvikvm( 1963): VFY: unable to resolve virtual method 33842: Ljava/util/Locale;.toLanguageTag ()Ljava/lang/String;
D/dalvikvm( 1963): VFY: replacing opcode 0x6e at 0x00a7
I/dalvikvm( 1963): Could not find method java.util.Locale.toLanguageTag, referenced from method iqs.c
W/dalvikvm( 1963): VFY: unable to resolve virtual method 33842: Ljava/util/Locale;.toLanguageTag ()Ljava/lang/String;
D/dalvikvm( 1963): VFY: replacing opcode 0x6e at 0x0017
I/Checkin ( 1963): [CheckinRequestProcessor] updateCheckinIdTokenFileFromResponse, Reading existing AID
I/Checkin ( 1963): [CheckinRequestProcessor] Default Task : Checkin Succeeded: https://android.googleapis.com/checkin (fragment #1).
I/Checkin ( 1963): [CheckinOperation] Checkin Operation finished with result: 0 finish time: 8920.
D/ConnectivityService( 1570): [CheckMp] isMobileOk: not connected ni=NetworkInfo: type: mobile_hipri[LTE], state: DISCONNECTED/IDLE, reason: (unspecified), extra: (none), roaming: false, failover: false, isAvailable: true, isConnectedToProvisioningNetwork: false
I/ActivityManager( 1570): Resuming delayed broadcast
I/dalvikvm( 1670): Could not find method android.app.NotificationManager.getCurrentInterruptionFilter, referenced from method nea.b
W/dalvikvm( 1670): VFY: unable to resolve virtual method 2504: Landroid/app/NotificationManager;.getCurrentInterruptionFilter ()I
D/dalvikvm( 1670): VFY: replacing opcode 0x6e at 0x0002
I/dalvikvm( 1670): Could not find method android.os.UserHandle.isOwner, referenced from method ahls.a
W/dalvikvm( 1670): VFY: unable to resolve virtual method 29745: Landroid/os/UserHandle;.isOwner ()Z
D/dalvikvm( 1670): VFY: replacing opcode 0x6e at 0x000a
D/dalvikvm( 1963): DexOpt: couldn't find static field Landroid/os/Build;.SUPPORTED_ABIS
W/dalvikvm( 1963): VFY: unable to resolve static field 1540 (SUPPORTED_ABIS) in Landroid/os/Build;
D/dalvikvm( 1963): VFY: replacing opcode 0x62 at 0x0307
D/dalvikvm( 1963): DexOpt: couldn't find static field Landroid/os/Build;.SUPPORTED_ABIS
W/dalvikvm( 1963): VFY: unable to resolve static field 1540 (SUPPORTED_ABIS) in Landroid/os/Build;
D/dalvikvm( 1963): VFY: replacing opcode 0x62 at 0x06eb
I/dalvikvm( 1963): Could not find method android.content.Context.isCredentialProtectedStorage, referenced from method bry.j
W/dalvikvm( 1963): VFY: unable to resolve virtual method 2490: Landroid/content/Context;.isCredentialProtectedStorage ()Z
D/dalvikvm( 1963): VFY: replacing opcode 0x6e at 0x0087
I/ActivityManager( 1570): Start proc com.google.android.googlequicksearchbox for broadcast com.google.android.googlequicksearchbox/com.google.android.searchcommon.StartUpReceiver: pid=2203 uid=10013 gids={50013, 3003, 1028, 3002, 1015}
D/dalvikvm( 1670): GC_FOR_ALLOC freed 1300K, 16% free 7538K/8972K, paused 9ms, total 9ms
D/dalvikvm( 1670): GC_FOR_ALLOC freed 520K, 17% free 7600K/9148K, paused 7ms, total 7ms
I/dalvikvm( 1670): Could not find method android.provider.DeviceConfig.getProperty, referenced from method ahlr.a
W/dalvikvm( 1670): VFY: unable to resolve static method 29770: Landroid/provider/DeviceConfig;.getProperty (Ljava/lang/String;Ljava/lang/String;)Ljava/lang/String;
D/dalvikvm( 1670): VFY: replacing opcode 0x71 at 0x0000
I/dalvikvm( 1670): Could not find method android.provider.DeviceConfig.setProperty, referenced from method ahlr.a
W/dalvikvm( 1670): VFY: unable to resolve static method 29771: Landroid/provider/DeviceConfig;.setProperty (Ljava/lang/String;Ljava/lang/String;Ljava/lang/String;Z)Z
D/dalvikvm( 1670): VFY: replacing opcode 0x71 at 0x0000
D/dalvikvm( 1670): GC_FOR_ALLOC freed 345K, 18% free 7664K/9272K, paused 6ms, total 6ms
I/GmsModuleFndr( 1963): Beginning GMS chimera module scan
I/ahlt    ( 1670): updateFromConfigurations using legacy put method [CONTEXT service_id=204 ]
D/dalvikvm( 1963): GC_FOR_ALLOC freed 1109K, 16% free 7255K/8568K, paused 6ms, total 6ms
D/dalvikvm( 1963): DexOpt: couldn't find static field Landroid/os/Build;.SUPPORTED_64_BIT_ABIS
W/dalvikvm( 1963): VFY: unable to resolve static field 1539 (SUPPORTED_64_BIT_ABIS) in Landroid/os/Build;
D/dalvikvm( 1963): VFY: replacing opcode 0x62 at 0x002c
D/dalvikvm( 1963): DexOpt: couldn't find static field Landroid/os/Build;.SUPPORTED_32_BIT_ABIS
W/dalvikvm( 1963): VFY: unable to resolve static field 1538 (SUPPORTED_32_BIT_ABIS) in Landroid/os/Build;
D/dalvikvm( 1963): VFY: replacing opcode 0x62 at 0x0032
I/ModuleSetMgr( 1963): Computing pending module set with APKs: [[AdsFdrDynamite.integ:21460000000], [Cronetdynamite:202414000700], [Dynamiteloader:202414000700], [Dynamitemodulesa:202414000000], [Dynamitemodulesc:202414000000], [Googlecertificates:202414000000], [Mapsdynamite:202414000000], [Measurementdynamite:202414000000]]
E/ActivityThread( 2203): Failed to find provider info for com.google.android.partnersetup.rlzappprovider
E/BluetoothAdapter( 1670): Bluetooth binder is null
I/ahlt    ( 1670): updateFromConfigurations using legacy put method [CONTEXT service_id=204 ]
I/ModuleSetMgr( 1963): Pending container module APKs: []
I/ModuleSetMgr( 1963): Pending non-container module APKs: []
D/dalvikvm( 2203): GC_FOR_ALLOC freed 268K, 10% free 3240K/3572K, paused 2ms, total 2ms
E/GmsClient( 1963): unable to connect to service: com.google.android.gms.auth.key.retrieval.service.START on com.google.android.gms
W/ActivityManager( 1570): Unable to start service Intent { act=com.google.android.gms.auth.key.retrieval.service.START pkg=com.google.android.gms } U=0: not found
W/ActivityManager( 1570): Unbind failed: could not find connection for android.os.BinderProxy@9d2f5740
I/dalvikvm( 1963): Could not find method android.app.Activity.getMediaController, referenced from method com.google.android.chimera.ActivityBase.getMediaController
W/dalvikvm( 1963): VFY: unable to resolve virtual method 2155: Landroid/app/Activity;.getMediaController ()Landroid/media/session/MediaController;
D/dalvikvm( 1963): VFY: replacing opcode 0x6e at 0x0002
I/dalvikvm( 1963): Could not find method android.app.Activity.getSearchEvent, referenced from method com.google.android.chimera.ActivityBase.getSearchEvent
W/dalvikvm( 1963): VFY: unable to resolve virtual method 2160: Landroid/app/Activity;.getSearchEvent ()Landroid/view/SearchEvent;
D/dalvikvm( 1963): VFY: replacing opcode 0x6e at 0x0002
W/dalvikvm( 1963): VFY: unable to find class referenced in signature (Landroid/app/VoiceInteractor;)
W/dalvikvm( 1963): VFY: unable to find class referenced in signature (Landroid/app/VoiceInteractor;)
W/dalvikvm( 1963): VFY: unable to find class referenced in signature (Landroid/os/PersistableBundle;)
W/dalvikvm( 1963): VFY: unable to find class referenced in signature (Landroid/os/PersistableBundle;)
W/dalvikvm( 1963): VFY: unable to find class referenced in signature (Landroid/os/PersistableBundle;)
W/dalvikvm( 1963): VFY: unable to find class referenced in signature (Landroid/os/PersistableBundle;)
W/dalvikvm( 1963): VFY: unable to find class referenced in signature (Landroid/app/assist/AssistContent;)
W/dalvikvm( 1963): VFY: unable to find class referenced in signature (Landroid/app/assist/AssistContent;)
W/dalvikvm( 1963): VFY: unable to find class referenced in signature (Landroid/os/PersistableBundle;)
W/dalvikvm( 1963): VFY: unable to find class referenced in signature (Landroid/os/PersistableBundle;)
W/dalvikvm( 1963): VFY: unable to find class referenced in signature (Landroid/os/PersistableBundle;)
W/dalvikvm( 1963): VFY: unable to find class referenced in signature (Landroid/os/PersistableBundle;)
W/dalvikvm( 1963): VFY: unable to find class referenced in signature (Landroid/view/SearchEvent;)
W/dalvikvm( 1963): VFY: unable to find class referenced in signature (Landroid/view/SearchEvent;)
I/dalvikvm( 1963): Could not find method android.app.Activity.requestPermissions, referenced from method com.google.android.chimera.ActivityBase.requestPermissions
W/dalvikvm( 1963): VFY: unable to resolve virtual method 2194: Landroid/app/Activity;.requestPermissions ([Ljava/lang/String;I)V
D/dalvikvm( 1963): VFY: replacing opcode 0x6e at 0x0002
W/dalvikvm( 1963): VFY: unable to find class referenced in signature (Landroid/media/session/MediaController;)
I/dalvikvm( 1963): Could not find method android.app.Activity.setMediaController, referenced from method com.google.android.chimera.ActivityBase.setMediaController
W/dalvikvm( 1963): VFY: unable to resolve virtual method 2205: Landroid/app/Activity;.setMediaController (Landroid/media/session/MediaController;)V
D/dalvikvm( 1963): VFY: replacing opcode 0x6e at 0x0002
E/dalvikvm( 1963): Could not find class 'android.app.ActivityManager$TaskDescription', referenced from method com.google.android.gms.growth.ui.webview.GrowthWebViewChimeraActivity.onCreate
W/dalvikvm( 1963): VFY: unable to resolve new-instance 1205 (Landroid/app/ActivityManager$TaskDescription;) in Lcom/google/android/gms/growth/ui/webview/GrowthWebViewChimeraActivity;
D/dalvikvm( 1963): VFY: replacing opcode 0x22 at 0x00d9
D/dalvikvm( 1963): DexOpt: unable to opt direct call 0x1060 at 0xe6 in Lcom/google/android/gms/growth/ui/webview/GrowthWebViewChimeraActivity;.onCreate
D/dalvikvm( 1963): GC_FOR_ALLOC freed 1263K, 16% free 7412K/8740K, paused 5ms, total 5ms
I/ActivityManager( 1570): Delay finish: com.google.android.googlequicksearchbox/com.google.android.searchcommon.StartUpReceiver
I/dalvikvm( 1963): Could not find method android.system.Os.stat, referenced from method brj.a
W/dalvikvm( 1963): VFY: unable to resolve static method 3146: Landroid/system/Os;.stat (Ljava/lang/String;)Landroid/system/StructStat;
D/dalvikvm( 1963): VFY: replacing opcode 0x71 at 0x00d7
D/dalvikvm( 1963): GC_EXPLICIT freed 335K, 16% free 7352K/8740K, paused 3ms+2ms, total 16ms
D/dalvikvm( 1963): GC_EXPLICIT freed 100K, 16% free 7393K/8740K, paused 9ms+3ms, total 21ms
E/PhenotypeRegOp( 1963): Attempting to overwrite config package for com.google.android.gms.games [CONTEXT service_id=231 ]
E/PhenotypeRegOp( 1963): Attempting to overwrite config package for com.google.android.gms.mobile_data_plan [CONTEXT service_id=231 ]
E/PhenotypeRegOp( 1963): Attempting to overwrite config package for com.google.android.gms.signin [CONTEXT service_id=231 ]
E/PhenotypeRegOp( 1963): Attempting to overwrite config package for com.google.android.gms.udc [CONTEXT service_id=231 ]
D/dalvikvm( 1963): GC_EXPLICIT freed 458K, 15% free 7462K/8740K, paused 2ms+3ms, total 15ms
I/dalvikvm( 1963): Could not find method android.os.UserManager.getUserProfiles, referenced from method ajir.g
W/dalvikvm( 1963): VFY: unable to resolve virtual method 29751: Landroid/os/UserManager;.getUserProfiles ()Ljava/util/List;
D/dalvikvm( 1963): VFY: replacing opcode 0x6e at 0x0018
D/dalvikvm( 1963): GC_EXPLICIT freed 435K, 14% free 7542K/8740K, paused 1ms+1ms, total 12ms
D/dalvikvm( 1963): GC_EXPLICIT freed 55K, 15% free 7493K/8740K, paused 0ms+0ms, total 6ms
D/dalvikvm( 1963): GC_EXPLICIT freed 7K, 15% free 7492K/8740K, paused 0ms+0ms, total 7ms
D/dalvikvm( 1963): GC_EXPLICIT freed 6K, 15% free 7492K/8740K, paused 1ms+1ms, total 7ms
D/dalvikvm( 1963): GC_EXPLICIT freed 6K, 15% free 7492K/8740K, paused 1ms+1ms, total 7ms
I/GmsModuleFndr( 1963): Beginning GMS chimera module scan
I/ModuleSetMgr( 1963): Computing pending module set with APKs: [[AdsFdrDynamite.integ:21460000000], [Cronetdynamite:202414000700], [Dynamiteloader:202414000700], [Dynamitemodulesa:202414000000], [Dynamitemodulesc:202414000000], [Googlecertificates:202414000000], [Mapsdynamite:202414000000], [Measurementdynamite:202414000000]]
I/ModuleSetMgr( 1963): Pending container module APKs: []
I/ModuleSetMgr( 1963): Pending non-container module APKs: []
W/DynamiteModule( 1963): Local module descriptor class for providerinstaller not found.
W/ProviderHelper( 1963): Unknown dynamite feature providerinstaller
I/DynamiteModule( 1963): Considering local module providerinstaller:0 and remote module providerinstaller:0
W/ProviderInstaller( 1963): Failed to load providerinstaller module: No acceptable module found. Local version is 0 and remote version is 0.
D/dalvikvm( 1708): GC_EXPLICIT freed 139K, 29% free 5888K/8260K, paused 0ms+1ms, total 4ms
D/dalvikvm( 1963): GC_FOR_ALLOC freed 277K, 14% free 7595K/8808K, paused 6ms, total 6ms
I/dalvikvm-heap( 1963): Grow heap (frag case) to 8.540MB for 1048588-byte allocation
D/dalvikvm( 1963): GC_FOR_ALLOC freed <1K, 13% free 8618K/9836K, paused 6ms, total 6ms
D/dalvikvm( 1963): GC_FOR_ALLOC freed 1050K, 24% free 7568K/9836K, paused 4ms, total 4ms
D/dalvikvm( 1963): GC_FOR_ALLOC freed 1024K, 24% free 7568K/9836K, paused 6ms, total 6ms
W/DynamiteModule( 1963): Local module descriptor class for providerinstaller not found.
I/DynamiteModule( 1963): Considering local module providerinstaller:0 and remote module providerinstaller:0
W/ProviderInstaller( 1963): Failed to load providerinstaller module: No acceptable module found. Local version is 0 and remote version is 0.
W/DynamiteModule( 1963): Local module descriptor class for providerinstaller not found.
I/DynamiteModule( 1963): Considering local module providerinstaller:0 and remote module providerinstaller:0
W/ProviderInstaller( 1963): Failed to load providerinstaller module: No acceptable module found. Local version is 0 and remote version is 0.
W/DynamiteModule( 1963): Local module descriptor class for providerinstaller not found.
I/DynamiteModule( 1963): Considering local module providerinstaller:0 and remote module providerinstaller:0
W/ProviderInstaller( 1963): Failed to load providerinstaller module: No acceptable module found. Local version is 0 and remote version is 0.
W/DynamiteModule( 1963): Local module descriptor class for providerinstaller not found.
I/DynamiteModule( 1963): Considering local module providerinstaller:0 and remote module providerinstaller:0
W/ProviderInstaller( 1963): Failed to load providerinstaller module: No acceptable module found. Local version is 0 and remote version is 0.
D/dalvikvm( 1963): GC_FOR_ALLOC freed 1120K, 23% free 7584K/9836K, paused 5ms, total 5ms
D/dalvikvm( 1670): GC_FOR_ALLOC freed 1397K, 17% free 7848K/9372K, paused 11ms, total 11ms
I/dalvikvm-heap( 1963): Grow heap (frag case) to 8.529MB for 1048588-byte allocation
D/dalvikvm( 1963): GC_FOR_ALLOC freed <1K, 21% free 8607K/10864K, paused 22ms, total 22ms
W/DynamiteModule( 1963): Local module descriptor class for providerinstaller not found.
I/DynamiteModule( 1963): Considering local module providerinstaller:0 and remote module providerinstaller:0
W/ProviderInstaller( 1963): Failed to load providerinstaller module: No acceptable module found. Local version is 0 and remote version is 0.
D/dalvikvm( 1963): GC_FOR_ALLOC freed 1383K, 31% free 7572K/10864K, paused 7ms, total 7ms
W/DynamiteModule( 1963): Local module descriptor class for providerinstaller not found.
I/DynamiteModule( 1963): Considering local module providerinstaller:0 and remote module providerinstaller:0
W/ProviderInstaller( 1963): Failed to load providerinstaller module: No acceptable module found. Local version is 0 and remote version is 0.
W/DynamiteModule( 1963): Local module descriptor class for providerinstaller not found.
I/DynamiteModule( 1963): Considering local module providerinstaller:0 and remote module providerinstaller:0
W/ProviderInstaller( 1963): Failed to load providerinstaller module: No acceptable module found. Local version is 0 and remote version is 0.
D/dalvikvm( 1963): GC_FOR_ALLOC freed 1443K, 31% free 7578K/10864K, paused 7ms, total 7ms
I/SystemUpdate( 1963): [Installation,ReceiverIntentOperation] Received intent: Intent { act=com.google.android.gms.update.BASE_MODULE_INIT cat=[targeted_intent_op_prefix:.update.control.ReceiverIntentOperation] cmp=com.google.android.gms/.chimera.GmsIntentOperationService }.
W/dalvikvm( 1963): VFY: unable to find class referenced in signature (Landroid/service/persistentdata/PersistentDataBlockManager;)
E/dalvikvm( 1963): Could not find class 'android.service.persistentdata.PersistentDataBlockManager', referenced from method eyr.a
W/dalvikvm( 1963): VFY: unable to resolve check-cast 972 (Landroid/service/persistentdata/PersistentDataBlockManager;) in Leyr;
D/dalvikvm( 1963): VFY: replacing opcode 0x1f at 0x0022
W/dalvikvm( 1963): VFY: unable to find class referenced in signature (Landroid/service/persistentdata/PersistentDataBlockManager;)
I/dalvikvm( 1963): Could not find method android.service.persistentdata.PersistentDataBlockManager.getMaximumDataBlockSize, referenced from method eyr.a
W/dalvikvm( 1963): VFY: unable to resolve virtual method 4350: Landroid/service/persistentdata/PersistentDataBlockManager;.getMaximumDataBlockSize ()J
D/dalvikvm( 1963): VFY: replacing opcode 0x6e at 0x001e
I/dalvikvm( 1963): Could not find method android.service.persistentdata.PersistentDataBlockManager.read, referenced from method eyr.b
W/dalvikvm( 1963): VFY: unable to resolve virtual method 4351: Landroid/service/persistentdata/PersistentDataBlockManager;.read ()[B
D/dalvikvm( 1963): VFY: replacing opcode 0x6e at 0x000d
I/Auth    ( 1963): [WorkAccount] update authenticator enabled for boot or update
I/dalvikvm( 1670): Could not find method android.os.UserManager.isManagedProfile, referenced from method ffl.a
W/dalvikvm( 1670): VFY: unable to resolve virtual method 4277: Landroid/os/UserManager;.isManagedProfile ()Z
D/dalvikvm( 1670): VFY: replacing opcode 0x6e at 0x0024
I/dalvikvm( 1963): Could not find method android.app.admin.DevicePolicyManager.isProfileOwnerApp, referenced from method hbs.c
W/dalvikvm( 1963): VFY: unable to resolve virtual method 2595: Landroid/app/admin/DevicePolicyManager;.isProfileOwnerApp (Ljava/lang/String;)Z
D/dalvikvm( 1963): VFY: replacing opcode 0x6e at 0x0011
I/dalvikvm( 1670): Could not find method android.app.admin.DevicePolicyManager.isProfileOwnerApp, referenced from method hbs.c
W/dalvikvm( 1670): VFY: unable to resolve virtual method 2595: Landroid/app/admin/DevicePolicyManager;.isProfileOwnerApp (Ljava/lang/String;)Z
D/dalvikvm( 1670): VFY: replacing opcode 0x6e at 0x0011
I/dalvikvm( 1670): Could not find method android.app.admin.DevicePolicyManager.getProfileOwner, referenced from method hbs.a
W/dalvikvm( 1670): VFY: unable to resolve virtual method 2591: Landroid/app/admin/DevicePolicyManager;.getProfileOwner ()Landroid/content/ComponentName;
D/dalvikvm( 1670): VFY: replacing opcode 0x6e at 0x0012
I/dalvikvm( 1963): Could not find method android.app.admin.DevicePolicyManager.getProfileOwner, referenced from method hbs.a
W/dalvikvm( 1963): VFY: unable to resolve virtual method 2591: Landroid/app/admin/DevicePolicyManager;.getProfileOwner ()Landroid/content/ComponentName;
D/dalvikvm( 1963): VFY: replacing opcode 0x6e at 0x0012
I/dalvikvm( 1708): Could not find method android.app.admin.DevicePolicyManager.isProfileOwnerApp, referenced from method hbs.c
W/dalvikvm( 1708): VFY: unable to resolve virtual method 2595: Landroid/app/admin/DevicePolicyManager;.isProfileOwnerApp (Ljava/lang/String;)Z
D/dalvikvm( 1708): VFY: replacing opcode 0x6e at 0x0011
I/dalvikvm( 1708): Could not find method android.app.admin.DevicePolicyManager.getProfileOwner, referenced from method hbs.a
W/dalvikvm( 1708): VFY: unable to resolve virtual method 2591: Landroid/app/admin/DevicePolicyManager;.getProfileOwner ()Landroid/content/ComponentName;
D/dalvikvm( 1708): VFY: replacing opcode 0x6e at 0x0012
I/Auth    ( 1670): [WorkAccountServiceImpl] init work authenticator
I/dalvikvm( 1708): Could not find method android.app.NotificationManager.getCurrentInterruptionFilter, referenced from method nea.b
W/dalvikvm( 1708): VFY: unable to resolve virtual method 2504: Landroid/app/NotificationManager;.getCurrentInterruptionFilter ()I
D/dalvikvm( 1708): VFY: replacing opcode 0x6e at 0x0002
D/dalvikvm( 1963): GC_FOR_ALLOC freed 565K, 22% free 8564K/10864K, paused 7ms, total 7ms
W/WakefulBroadcastReceiv.( 1708): No active wake lock id #2
I/SystemUpdate( 1963): [Execution,InstallationEventIntentOperation] Handling event of type 1.
D/dalvikvm( 1963): GC_EXPLICIT freed 1157K, 14% free 7551K/8736K, paused 1ms+0ms, total 7ms
I/SystemUpdate( 1963): [Execution,InstallationIntentOperation] Received intent: Intent { act=com.google.android.gms.update.INSTALL_UPDATE cat=[targeted_intent_op_prefix:.update.execution.InstallationIntentOperation] cmp=com.google.android.gms/.chimera.GmsIntentOperationService }.
I/SystemUpdate( 1963): [Execution,ExecutionManager] Action finished-execution executed for 0.00 seconds.
D/ConnectivityService( 1570): [CheckMp] isMobileOk: not connected ni=NetworkInfo: type: mobile_hipri[LTE], state: DISCONNECTED/IDLE, reason: (unspecified), extra: (none), roaming: false, failover: false, isAvailable: true, isConnectedToProvisioningNetwork: false
D/dalvikvm( 1963): GC_EXPLICIT freed 184K, 13% free 7605K/8736K, paused 0ms+2ms, total 28ms
D/dalvikvm( 1963): GC_EXPLICIT freed 59K, 13% free 7623K/8736K, paused 3ms+3ms, total 19ms
E/dalvikvm( 1670): Could not find class 'android.app.usage.UsageStatsManager', referenced from method vha.a
W/dalvikvm( 1670): VFY: unable to resolve const-class 1242 (Landroid/app/usage/UsageStatsManager;) in Lvha;
D/dalvikvm( 1670): VFY: replacing opcode 0x1c at 0x0009
I/Auth    ( 1963): [SupervisedAccountIntentOperation] onHandleIntent(): android.intent.action.BOOT_COMPLETED
D/dalvikvm( 1963): GC_EXPLICIT freed 158K, 11% free 7837K/8736K, paused 1ms+3ms, total 26ms
I/PackageManager( 1570): Running dexopt on: com.google.android.gsf.login
W/linker  ( 2241): libdvm.so has text relocations. This is wasting memory and is a security risk. Please fix.
D/dalvikvm( 1963): GC_EXPLICIT freed 67K, 11% free 7783K/8736K, paused 2ms+1ms, total 8ms
D/dalvikvm( 1963): GC_EXPLICIT freed 12K, 11% free 7785K/8736K, paused 0ms+0ms, total 6ms
D/dalvikvm( 1963): GC_EXPLICIT freed 6K, 11% free 7785K/8736K, paused 0ms+1ms, total 6ms
D/dalvikvm( 1963): GC_EXPLICIT freed 6K, 11% free 7785K/8736K, paused 1ms+0ms, total 6ms
I/GmsModuleFndr( 1963): Beginning GMS chimera module scan
I/ModuleSetMgr( 1963): Computing pending module set with APKs: [[AdsFdrDynamite.integ:21460000000], [Cronetdynamite:202414000700], [Dynamiteloader:202414000700], [Dynamitemodulesa:202414000000], [Dynamitemodulesc:202414000000], [Googlecertificates:202414000000], [Mapsdynamite:202414000000], [Measurementdynamite:202414000000]]
I/ModuleSetMgr( 1963): Pending container module APKs: []
I/ModuleSetMgr( 1963): Pending non-container module APKs: []
D/dalvikvm( 2241): DexOpt: load 7ms, verify+opt 28ms, 1145084 bytes
D/AlertReceiver( 1997): onReceive: a=android.intent.action.BOOT_COMPLETED Intent { act=android.intent.action.BOOT_COMPLETED flg=0x8000010 cmp=com.google.android.calendar/com.android.calendar.alerts.AlertReceiver (has extras) }
I/ActivityManager( 1570): Resuming delayed broadcast
I/dalvikvm( 1963): Could not find method android.app.admin.DevicePolicyManager.getProfileOwner, referenced from method com.google.android.gms.auth.managed.intentoperations.SetupWorkProfileSettingsIntentOperation.a
W/dalvikvm( 1963): VFY: unable to resolve virtual method 2591: Landroid/app/admin/DevicePolicyManager;.getProfileOwner ()Landroid/content/ComponentName;
D/dalvikvm( 1963): VFY: replacing opcode 0x6e at 0x0028
I/Auth    ( 1963): [AuthManaged,PasswordComplexityHelperImpl] Updating password complexity components state.
I/ActivityManager( 1570): Delay finish: com.google.android.calendar/com.android.calendar.alerts.AlertReceiver
I/AutofillModuleInitInten( 1963): AutofillModuleInitIntentOperation onInitRuntimeState(3) [CONTEXT service_id=177 ]
D/dalvikvm( 1708): GC_EXPLICIT freed 497K, 27% free 6044K/8260K, paused 0ms+1ms, total 6ms
I/Auth    ( 1963): [AuthManaged,PasswordComplexityHelperImpl] Enabling com.google.android.gms.auth.managed.ui.SetNewPasswordActivity
D/AlertService( 1997): 0 Action = android.intent.action.BOOT_COMPLETED
D/AlertService( 1997): Scheduling next alarm with AlarmScheduler. sEventReminderReceived: null
I/Auth    ( 1963): [AuthManaged,PasswordComplexityHelperImpl] Enabling com.google.android.gms.auth.managed.admin.DeviceAdminReceiver
D/AlarmScheduler( 1997): No events found starting within 1 week.
D/dalvikvm( 1670): GC_FOR_ALLOC freed 1629K, 19% free 7860K/9616K, paused 9ms, total 11ms
I/BackupPreLmp( 1963): [ComponentEnabler] Enabling pre-L components
I/NetworkScheduler( 1670): Using standalone scheduling engine [CONTEXT service_id=218 ]
V/AlarmClock( 2016): AlarmInitReceiver android.intent.action.BOOT_COMPLETED
I/ActivityManager( 1570): Resuming delayed broadcast
V/BackupPreLmp( 1963): [ComponentEnabler] Enabling Component: com.google.android.gms.backup.component.D2dPreLSourceActivity
D/dalvikvm( 2016): GC_FOR_ALLOC freed 430K, 14% free 3067K/3564K, paused 2ms, total 2ms
V/AlarmClock( 2016): AlarmInitReceiver - Reset timers and clear stopwatch data
I/AlarmClock( 2016): Displaying next alarm time: ''
V/AlarmClock( 2016): AlarmInitReceiver finished
I/Authzen ( 1963): [AuthZenEventHandler] Handling event: android.intent.action.BOOT_COMPLETED
I/ActivityManager( 1570): Start proc com.android.email for broadcast com.android.email/.service.EmailBroadcastReceiver: pid=2252 uid=10026 gids={50026, 3003, 1028, 1015}
I/Authzen ( 1963): [TransactionCache] Clearing transaction cache
I/Checkin ( 1963): [EventLogChimeraService] Opted in for usage reporting: false
E/JavaBinder( 1963): !!! FAILED BINDER TRANSACTION !!!
D/dalvikvm( 1570): GC_EXPLICIT freed 765K, 14% free 7299K/8440K, paused 2ms+1ms, total 13ms
I/ChromeSync( 1963): [Sync,SyncIntentOperation] Handling the intent: Intent { act=android.intent.action.BOOT_COMPLETED flg=0x8000010 cmp=com.google.android.gms/.chimera.GmsIntentOperationService (has extras) }.
I/Checkin ( 1963): [EventLogChimeraService] Accumulating logs since 1629030783882
I/CCTBootCount( 1670): (BOOT_COMPLETE intent)Device boot count in Clearcut increased.
I/dalvikvm( 1963): Failed resolving Lnkj; interface 845 'Landroid/net/ConnectivityManager$OnNetworkActiveListener;'
W/dalvikvm( 1963): Link of class 'Lnkj;' failed
I/dalvikvm( 1963): Could not find method nkj.a, referenced from method com.google.android.gms.common.stats.GmsCoreStatsChimeraService.onCreate
W/dalvikvm( 1963): VFY: unable to resolve static method 54667: Lnkj;.a ()Lnkj;
D/dalvikvm( 1963): VFY: replacing opcode 0x71 at 0x0009
I/dalvikvm( 1963): Failed resolving Lnkj; interface 845 'Landroid/net/ConnectivityManager$OnNetworkActiveListener;'
W/dalvikvm( 1963): Link of class 'Lnkj;' failed
I/dalvikvm( 1963): Could not find method nkj.a, referenced from method com.google.android.gms.common.stats.GmsCoreStatsChimeraService.onDestroy
W/dalvikvm( 1963): VFY: unable to resolve static method 54667: Lnkj;.a ()Lnkj;
D/dalvikvm( 1963): VFY: replacing opcode 0x71 at 0x0009
I/dalvikvm( 1670): Failed resolving Lnkj; interface 845 'Landroid/net/ConnectivityManager$OnNetworkActiveListener;'
W/dalvikvm( 1670): Link of class 'Lnkj;' failed
I/dalvikvm( 1670): Could not find method nkj.a, referenced from method com.google.android.gms.common.stats.GmsCoreStatsChimeraService.onCreate
W/dalvikvm( 1670): VFY: unable to resolve static method 54667: Lnkj;.a ()Lnkj;
D/dalvikvm( 1670): VFY: replacing opcode 0x71 at 0x0009
I/dalvikvm( 1670): Failed resolving Lnkj; interface 845 'Landroid/net/ConnectivityManager$OnNetworkActiveListener;'
W/dalvikvm( 1670): Link of class 'Lnkj;' failed
I/dalvikvm( 1670): Could not find method nkj.a, referenced from method com.google.android.gms.common.stats.GmsCoreStatsChimeraService.onDestroy
W/dalvikvm( 1670): VFY: unable to resolve static method 54667: Lnkj;.a ()Lnkj;
D/dalvikvm( 1670): VFY: replacing opcode 0x71 at 0x0009
I/constellation( 1963): [intent_handler] Received onBootCompleted intent
I/constellation( 1963): [reboot_checker] Reboot checker check status.
I/constellation( 1963): [reboot_checker] reboot checker is disabled.
I/constellation( 1963): [intent_handler] on init with intent Intent { act=android.intent.action.BOOT_COMPLETED flg=0x8000010 cmp=com.google.android.gms/.chimera.GmsIntentOperationService (has extras) }
I/Checkin ( 1963): [CheckinOperation] Starting Checkin: Default Task Reason : 1 Force : false UserId : 0 Start time : 10370
I/CheckinUtil( 1963): Classify the device as Phone. [CONTEXT service_id=130 ]
D/dalvikvm( 1708): GC_EXPLICIT freed 138K, 27% free 6041K/8260K, paused 0ms+0ms, total 5ms
I/dalvikvm( 1670): Could not find method android.os.PowerManager.isPowerSaveMode, referenced from method ajlz.a
W/dalvikvm( 1670): VFY: unable to resolve virtual method 29694: Landroid/os/PowerManager;.isPowerSaveMode ()Z
D/dalvikvm( 1670): VFY: replacing opcode 0x6e at 0x007d
D/dalvikvm( 1963): GC_EXPLICIT freed 1059K, 13% free 8187K/9368K, paused 1ms+1ms, total 12ms
I/dalvikvm( 1963): Could not find method android.net.ConnectivityManager.getAllNetworks, referenced from method npq.a
W/dalvikvm( 1963): VFY: unable to resolve virtual method 3870: Landroid/net/ConnectivityManager;.getAllNetworks ()[Landroid/net/Network;
D/dalvikvm( 1963): VFY: replacing opcode 0x6e at 0x0025
I/dalvikvm( 1963): Could not find method android.net.ConnectivityManager.isDefaultNetworkActive, referenced from method npq.e
W/dalvikvm( 1963): VFY: unable to resolve virtual method 3874: Landroid/net/ConnectivityManager;.isDefaultNetworkActive ()Z
D/dalvikvm( 1963): VFY: replacing opcode 0x6e at 0x000d
I/ActivityManager( 1570): Delay finish: com.android.email/.service.EmailBroadcastReceiver
I/Fido    ( 1963): [FidoInitIntentOperation] Initializing Fido module, InitRuntimeState=3
I/Checkin ( 1963): [AndroidCheckinProtoModule] Checkin reason type: 1 attempt count: 1.
I/Ads     ( 1963): Parental control value is stale. Refreshing.
W/Ads     ( 1963): Play store is not installed or the service for parental controls is not available.
I/Ads     ( 1963): Initialized AdMob in container 20.24.14 (000700-319035315)
E/dalvikvm( 1963): Could not find class 'android.app.usage.UsageStatsManager', referenced from method vha.a
W/dalvikvm( 1963): VFY: unable to resolve const-class 1242 (Landroid/app/usage/UsageStatsManager;) in Lvha;
D/dalvikvm( 1963): VFY: replacing opcode 0x1c at 0x0009
D/dalvikvm( 1670): GC_FOR_ALLOC freed 1644K, 19% free 7861K/9632K, paused 12ms, total 14ms
I/dalvikvm( 2103): Could not find method android.os.UserManager.isManagedProfile, referenced from method nmn.g
W/dalvikvm( 2103): VFY: unable to resolve virtual method 4277: Landroid/os/UserManager;.isManagedProfile ()Z
D/dalvikvm( 2103): VFY: replacing opcode 0x6e at 0x0012
I/dalvikvm( 2103): Could not find method android.app.admin.DevicePolicyManager.getAccountTypesWithManagementDisabled, referenced from method nmn.i
W/dalvikvm( 2103): VFY: unable to resolve virtual method 2586: Landroid/app/admin/DevicePolicyManager;.getAccountTypesWithManagementDisabled ()[Ljava/lang/String;
D/dalvikvm( 2103): VFY: replacing opcode 0x6e at 0x002b
I/dalvikvm( 2103): Could not find method android.accounts.AccountManager.removeAccount, referenced from method ymq.c
W/dalvikvm( 2103): VFY: unable to resolve virtual method 4165: Landroid/accounts/AccountManager;.removeAccount (Landroid/accounts/Account;Landroid/app/Activity;Landroid/accounts/AccountManagerCallback;Landroid/os/Handler;)Landroid/accounts/AccountManagerFuture;
D/dalvikvm( 2103): VFY: replacing opcode 0x6e at 0x0009
I/dalvikvm( 2103): Could not find method android.accounts.AccountManager.removeAccountExplicitly, referenced from method ymq.d
W/dalvikvm( 2103): VFY: unable to resolve virtual method 4166: Landroid/accounts/AccountManager;.removeAccountExplicitly (Landroid/accounts/Account;)Z
D/dalvikvm( 2103): VFY: replacing opcode 0x6e at 0x0008
I/dalvikvm( 2103): Could not find method android.os.PowerManager.isInteractive, referenced from method nol.a
W/dalvikvm( 2103): VFY: unable to resolve virtual method 4227: Landroid/os/PowerManager;.isInteractive ()Z
D/dalvikvm( 2103): VFY: replacing opcode 0x6e at 0x0006
D/dalvikvm( 1670): GC_FOR_ALLOC freed 245K, 19% free 7850K/9632K, paused 18ms, total 18ms
I/NewModuleOp( 1963): Schedule LanguageProfileGcmTaskChimeraService tasks. [CONTEXT service_id=167 ]
I/Email   ( 2252): Observing account changes for notifications
W/ActivityManager( 1570): Unable to start service Intent { cmp=com.android.email/.service.AttachmentDownloadService } U=0: not found
D/dalvikvm( 1670): GC_FOR_ALLOC freed 814K, 18% free 7975K/9632K, paused 16ms, total 16ms
I/dalvikvm( 1670): Could not find method android.hardware.SensorManager.getDefaultSensor, referenced from method ttr.a
W/dalvikvm( 1670): VFY: unable to resolve virtual method 4967: Landroid/hardware/SensorManager;.getDefaultSensor (IZ)Landroid/hardware/Sensor;
D/dalvikvm( 1670): VFY: replacing opcode 0x6e at 0x00b6
I/DownloadManager( 1691): Download 14 starting
W/ActivityThread( 1691): ClassLoader.loadClass: The class loader returned by Thread.getContextClassLoader() may fail for processes that host multiple applications. You should explicitly specify a context class loader. For example: Thread.setContextClassLoader(getClass().getClassLoader());
I/dalvikvm( 1670): Could not find method android.content.Context.createDeviceProtectedStorageContext, referenced from method vhu.a
W/dalvikvm( 1670): VFY: unable to resolve virtual method 4497: Landroid/content/Context;.createDeviceProtectedStorageContext ()Landroid/content/Context;
D/dalvikvm( 1670): VFY: replacing opcode 0x6e at 0x001b
I/LPGcmTaskChimeraService( 1963): Unscheduling sync tasks. [CONTEXT service_id=167 ]
D/dalvikvm( 1708): GC_EXPLICIT freed 134K, 27% free 6050K/8260K, paused 1ms+5ms, total 11ms
D/dalvikvm( 1963): GC_FOR_ALLOC freed 1303K, 15% free 8634K/10072K, paused 10ms, total 10ms
I/Icing   ( 1963): Using regular flags by method 2
I/MobileDataHub( 1963): Scheduling periodic tasks
W/dalvikvm( 1670): VFY: unable to find class referenced in signature (Landroid/net/Network;)
W/dalvikvm( 1670): VFY: unable to find class referenced in signature (Landroid/net/Network;)
I/dalvikvm( 1670): Could not find method android.net.Network.openConnection, referenced from method wna.a
W/dalvikvm( 1670): VFY: unable to resolve virtual method 5072: Landroid/net/Network;.openConnection (Ljava/net/URL;)Ljava/net/URLConnection;
D/dalvikvm( 1670): VFY: replacing opcode 0x6e at 0x008f
I/MS_Utils( 1963): version of com.google.android.apps.maps = 704001123
I/dalvikvm( 1963): Could not find method java.util.Locale.forLanguageTag, referenced from method arfv.a
W/dalvikvm( 1963): VFY: unable to resolve static method 57637: Ljava/util/Locale;.forLanguageTag (Ljava/lang/String;)Ljava/util/Locale;
D/dalvikvm( 1963): VFY: replacing opcode 0x71 at 0x0023
I/ActivityManager( 1570): Delaying start of: ServiceRecord{9d408578 u0 com.android.exchange/.service.EmailSyncAdapterService}
I/MdiSyncModule( 1963): initializing module...
I/ActivityManager( 1570): Start proc com.android.exchange for service com.android.exchange/.service.EmailSyncAdapterService: pid=2294 uid=10027 gids={50027, 3003, 1028, 1015}
D/dalvikvm( 2103): GC_FOR_ALLOC freed 709K, 34% free 5650K/8440K, paused 9ms, total 9ms
I/Icing   ( 1963): IndexChimeraService.getServiceInterface callingPackage=com.google.android.gms componentName=null serviceId=36
I/dalvikvm( 1963): Could not find method java.util.Locale.toLanguageTag, referenced from method ablz.a
W/dalvikvm( 1963): VFY: unable to resolve virtual method 19297: Ljava/util/Locale;.toLanguageTag ()Ljava/lang/String;
D/dalvikvm( 1963): VFY: replacing opcode 0x6e at 0x0006
D/dalvikvm( 1670): GC_FOR_ALLOC freed 1415K, 16% free 8246K/9788K, paused 23ms, total 23ms
D/dalvikvm( 1691): GC_FOR_ALLOC freed 353K, 11% free 3378K/3792K, paused 31ms, total 31ms
I/LauncherIconVisibilityManager( 1656): Boot has been completed
I/LauncherIconVisibilityManager( 1656): Activity has already been disabled: ComponentInfo{com.google.android.inputmethod.latin/com.android.inputmethod.latin.setup.SetupActivity}
I/ActivityManager( 1570): Resuming delayed broadcast
I/Notifications( 2059): [ChimeBroadcastReceiver] Intent received for action [android.intent.action.BOOT_COMPLETED] package [com.google.android.play.games].
I/Notifications( 2059): [ChimeBroadcastReceiver] Validation OK for action [android.intent.action.BOOT_COMPLETED].
D/dalvikvm( 2103): GC_FOR_ALLOC freed 473K, 32% free 5750K/8440K, paused 5ms, total 5ms
I/dalvikvm-heap( 2103): Grow heap (frag case) to 6.071MB for 413708-byte allocation
D/dalvikvm( 2103): GC_FOR_ALLOC freed <1K, 31% free 6154K/8848K, paused 5ms, total 5ms
I/Notifications( 2059): [ChimeBroadcastReceiver] Executing action in Service [android.intent.action.BOOT_COMPLETED].
D/dalvikvm( 1570): GC_EXPLICIT freed 508K, 12% free 7446K/8440K, paused 1ms+0ms, total 20ms
D/        ( 2103): HostConnection::get() New Host Connection established 0xb9632d30, tid 2115
D/dalvikvm( 2103): Trying to load lib /data/data/com.google.android.gms/app_dg_cache/332DF7A96159CC0FFEB819779627D9C94920AA73/libdCD96A5AB8310.so 0x9d1fc3f0
D/EGL_emulation( 2103): eglCreateContext: 0xb9631a00: maj 3 min 0 rcv 3
D/dalvikvm( 2103): Added shared lib /data/data/com.google.android.gms/app_dg_cache/332DF7A96159CC0FFEB819779627D9C94920AA73/libdCD96A5AB8310.so 0x9d1fc3f0
E/DG      ( 2103): FSC error [CONTEXT service_id=25 ]
E/DG      ( 2103): java.lang.NullPointerException
E/DG      ( 2103): 	at bnwi.a(:com.google.android.gms@202414005@20.24.14 (000700-319035315):16)
E/DG      ( 2103): 	at com.google.android.gms.droidguard.DroidGuardChimeraService.a(:com.google.android.gms@202414005@20.24.14 (000700-319035315):39)
E/DG      ( 2103): 	at com.google.android.gms.droidguard.DroidGuardChimeraService.a(:com.google.android.gms@202414005@20.24.14 (000700-319035315):71)
E/DG      ( 2103): 	at com.google.android.gms.framework.tracing.wrapper.TracingIntentService.onHandleIntent(:com.google.android.gms@202414005@20.24.14 (000700-319035315):1)
E/DG      ( 2103): 	at bpq.handleMessage(:com.google.android.gms@202414005@20.24.14 (000700-319035315):0)
E/DG      ( 2103): 	at android.os.Handler.dispatchMessage(Handler.java:102)
E/DG      ( 2103): 	at android.os.Looper.loop(Looper.java:136)
E/DG      ( 2103): 	at android.os.HandlerThread.run(HandlerThread.java:61)
D/EGL_emulation( 2103): eglMakeCurrent: 0xb9631a00: ver 3 0
E/eglCodecCommon( 2103): glUtilsParamSize: unknow param 0x00008cdf
E/eglCodecCommon( 2103): glUtilsParamSize: unknow param 0x00008824
D/dalvikvm( 1963): GC_FOR_ALLOC freed 1702K, 18% free 8838K/10668K, paused 16ms, total 16ms
I/dalvikvm( 1963): Could not find method java.util.Locale.toLanguageTag, referenced from method com.google.android.libraries.matchstick.net.SilentRegisterIntentOperation.a
W/dalvikvm( 1963): VFY: unable to resolve virtual method 57646: Ljava/util/Locale;.toLanguageTag ()Ljava/lang/String;
D/dalvikvm( 1963): VFY: replacing opcode 0x6e at 0x0066
D/dalvikvm( 1670): GC_FOR_ALLOC freed 1727K, 19% free 8292K/10148K, paused 23ms, total 23ms
D/EGL_emulation( 2103): eglCreateContext: 0xb9673720: maj 3 min 0 rcv 3
D/EGL_emulation( 2103): eglMakeCurrent: 0xb9673720: ver 3 0
E/eglCodecCommon( 2103): glUtilsParamSize: unknow param 0x00008cdf
E/eglCodecCommon( 2103): glUtilsParamSize: unknow param 0x00008824
D/dalvikvm( 1570): GC_FOR_ALLOC freed 269K, 14% free 7500K/8624K, paused 13ms, total 14ms
I/dalvikvm-heap( 1570): Grow heap (frag case) to 7.527MB for 144170-byte allocation
D/dalvikvm( 1670): GC_FOR_ALLOC freed 905K, 18% free 8410K/10204K, paused 6ms, total 6ms
D/dalvikvm( 1570): GC_FOR_ALLOC freed 9K, 13% free 7631K/8768K, paused 15ms, total 15ms
D/dalvikvm( 1670): GC_FOR_ALLOC freed 278K, 19% free 8456K/10328K, paused 5ms, total 5ms
W/MobileDataHub( 1963): [Service] appsupload-periodic periodic task disabled
I/Icing   ( 1963): Storage manager: low false usage 1.59MB avail 601.88MB capacity 753.91MB
I/ChimeraSrvcProxy( 1670): com.google.android.gms.chimera.PersistentBoundBrokerService returning NullBinder for action com.google.android.gms.ipa.smsindexer.PERSISTENT_START
W/ActivityManager( 1570): Unable to start service Intent { act=com.google.android.gms.nearby.discovery:ACTION_INIT_MESSAGES_PATH cmp=com.google.android.gms/.nearby.discovery.service.DiscoveryService } U=0: not found
I/dalvikvm( 1670): Could not find method android.os.PowerManager.isInteractive, referenced from method nol.a
W/dalvikvm( 1670): VFY: unable to resolve virtual method 4227: Landroid/os/PowerManager;.isInteractive ()Z
D/dalvikvm( 1670): VFY: replacing opcode 0x6e at 0x0006
I/NearbySharing( 1963): Runtime state initialization complete. Sharing is disabled. [CONTEXT service_id=194 ]
D/dalvikvm( 1708): GC_EXPLICIT freed 159K, 27% free 6054K/8260K, paused 1ms+0ms, total 20ms
I/GmsSyncPolicyEngine( 1963): Periodic sync 3 disabled
I/NearbyDiscovery( 1963): FastPair: HeadsetPieceImage, grant permission files:0 [CONTEXT service_id=49 ]
I/MdiSyncModule( 1963): module initialization completed
W/ProviderHelper( 1670): Unknown dynamite feature providerinstaller
I/DynamiteModule( 1670): Considering local module providerinstaller:0 and remote module providerinstaller:0
I/DynamiteModule( 1670): Considering local module providerinstaller:0 and remote module providerinstaller:0
I/Herrevad( 1670): [58] wkz.a: updateListenState
D/ConnectivityService( 1570): [CheckMp] isMobileOk: not connected ni=NetworkInfo: type: mobile_hipri[LTE], state: DISCONNECTED/IDLE, reason: (unspecified), extra: (none), roaming: false, failover: false, isAvailable: true, isConnectedToProvisioningNetwork: false
D/dalvikvm( 1670): GC_FOR_ALLOC freed 1725K, 18% free 8559K/10416K, paused 26ms, total 27ms
V/SmartDevice( 1963): [service,SmartDeviceIntentHandlers] OnUpgradeOrBootOperation got intent: Intent { act=android.intent.action.BOOT_COMPLETED flg=0x8000010 cmp=com.google.android.gms/.chimera.GmsIntentOperationService (has extras) } with flag 3
I/ActivityManager( 1570): Delay finish: com.google.android.gms/.chimera.GmsIntentOperationService$GmsExternalReceiver
D/dalvikvm( 1963): GC_FOR_ALLOC freed 1271K, 13% free 9526K/10928K, paused 14ms, total 14ms
W/MDM     ( 1963): [71] aamr.c: Device admin action is a no-op. Action: true
D/AlertReceiver( 1997): onReceive: a=android.intent.action.PROVIDER_CHANGED Intent { act=android.intent.action.PROVIDER_CHANGED dat=content://com.android.calendar flg=0x10 cmp=com.google.android.calendar/com.android.calendar.alerts.AlertReceiver }
D/AlertService( 1997): 0 Action = android.intent.action.PROVIDER_CHANGED
I/ActivityManager( 1570): Resuming delayed broadcast
I/ActivityManager( 1570): Delay finish: com.google.android.calendar/com.android.calendar.alerts.AlertReceiver
