I/PackageManager( 1569): Adding preferred activity ComponentInfo{com.android.mms/com.android.mms.ui.ComposeMessageActivity} for user 0 :
D/BackupManagerService( 1569): Received broadcast Intent { act=android.intent.action.PACKAGE_ADDED dat=package:eu.bauerj.paperless_app flg=0x4000010 (has extras) }
V/BackupManagerService( 1569): addPackageParticipantsLocked: #1
D/Documents( 3185): Used cached roots for com.android.providers.downloads.documents
D/Documents( 3185): Used cached roots for com.android.externalstorage.documents
D/Documents( 3185): Used cached roots for com.android.providers.media.documents
D/Documents( 3185): Update found 6 roots in 10ms
I/InputReader( 1569): Reconfiguring input devices.  changes=0x00000010
I/PackageManager( 1569):   Action: "android.intent.action.SENDTO"
I/PackageManager( 1569):   Category: "android.intent.category.DEFAULT"
I/PackageManager( 1569):   Scheme: "smsto"
I/PackageManager( 1569): Adding preferred activity ComponentInfo{com.android.mms/com.android.mms.ui.ComposeMessageActivity} for user 0 :
D/dalvikvm( 1569): GC_EXPLICIT freed 1481K, 43% free 9339K/16104K, paused 0ms+2ms, total 30ms
D/dalvikvm( 1569): WAIT_FOR_CONCURRENT_GC blocked 9ms
D/AndroidRuntime( 4107): Shutting down VM
D/dalvikvm( 1569): WAIT_FOR_CONCURRENT_GC blocked 11ms
D/dalvikvm( 1569): WAIT_FOR_CONCURRENT_GC blocked 12ms
D/dalvikvm( 4107): GC_CONCURRENT freed 93K, 15% free 552K/648K, paused 0ms+0ms, total 0ms
I/PackageManager( 1569):   Action: "android.intent.action.SENDTO"
I/PackageManager( 1569):   Category: "android.intent.category.DEFAULT"
I/PackageManager( 1569):   Scheme: "mms"
I/PackageManager( 1569): Adding preferred activity ComponentInfo{com.android.mms/com.android.mms.ui.ComposeMessageActivity} for user 0 :
I/PackageManager( 1569):   Action: "android.intent.action.SENDTO"
I/PackageManager( 1569):   Category: "android.intent.category.DEFAULT"
I/PackageManager( 1569):   Scheme: "mmsto"
I/Icing.InternalIcingCorporaProvider( 2233): Updating corpora: A: eu.bauerj.paperless_app, C: MAYBE
I/PackageManager( 1569):   Action: "android.intent.action.SENDTO"
I/PackageManager( 1569):   Category: "android.intent.category.DEFAULT"
I/PackageManager( 1569):   Scheme: "sms"
I/PackageManager( 1569): Adding preferred activity ComponentInfo{com.android.mms/com.android.mms.ui.ComposeMessageActivity} for user 0 :
I/PackageManager( 1569): Adding preferred activity ComponentInfo{com.android.mms/com.android.mms.ui.ComposeMessageActivity} for user 0 :
E/GmsClient( 2089): unable to connect to service: com.google.android.gms.auth.key.retrieval.service.START on com.google.android.gms
D/dalvikvm( 1817): GC_FOR_ALLOC freed 398K, 17% free 3669K/4392K, paused 2ms, total 2ms
W/GCM     ( 1777): Unexpected forwarded intent: Intent { act=android.intent.action.PACKAGE_ADDED dat=package:eu.bauerj.paperless_app flg=0x4000010 cmp=com.google.android.gms/.chimera.PersistentIntentOperationService (has extras) }
W/ActivityManager( 1569): Unable to start service Intent { act=com.google.android.gms.auth.key.retrieval.service.START pkg=com.google.android.gms } U=0: not found
W/ActivityManager( 1569): Unbind failed: could not find connection for android.os.BinderProxy@9d147508
I/PackageManager( 1569):   Action: "android.intent.action.SENDTO"
I/PackageManager( 1569):   Category: "android.intent.category.DEFAULT"
I/PackageManager( 1569):   Scheme: "smsto"
W/GCM     ( 1777): Unexpected forwarded intent: Intent { act=android.intent.action.PACKAGE_ADDED dat=package:eu.bauerj.paperless_app flg=0x4000010 cmp=com.google.android.gms/.chimera.PersistentIntentOperationService (has extras) }
I/PackageManager( 1569):   Action: "android.intent.action.SENDTO"
I/PackageManager( 1569):   Category: "android.intent.category.DEFAULT"
I/PackageManager( 1569):   Scheme: "mms"
I/PackageManager( 1569): Adding preferred activity ComponentInfo{com.android.mms/com.android.mms.ui.ComposeMessageActivity} for user 0 :
I/PackageManager( 1569): Adding preferred activity ComponentInfo{com.android.mms/com.android.mms.ui.ComposeMessageActivity} for user 0 :
D/EGL_emulation( 1946): eglMakeCurrent: 0xb81db2f0: ver 3 0
I/PackageManager( 1569):   Action: "android.intent.action.SENDTO"
I/PackageManager( 1569):   Category: "android.intent.category.DEFAULT"
I/PackageManager( 1569):   Scheme: "mmsto"
I/PackageManager( 1569): Adding preferred activity ComponentInfo{com.android.mms/com.android.mms.ui.ComposeMessageActivity} for user 0 :
I/Auth    ( 2089): [SupervisedAccountIntentOperation] onHandleIntent(): android.intent.action.PACKAGE_ADDED
W/ContextImpl( 2233): Implicit intents with startService are not safe: Intent { act=com.google.android.gms.icing.INDEX_SERVICE } android.content.ContextWrapper.bindService:517 com.google.android.gms.internal.av.a:-1 com.google.android.gms.internal.au.connect:-1 
I/ChromeSync( 2089): [Sync,SyncIntentOperation] Handling the intent: Intent { act=android.intent.action.PACKAGE_ADDED dat=package:eu.bauerj.paperless_app flg=0x4000010 cmp=com.google.android.gms/.chimera.GmsIntentOperationService (has extras) }.
I/Icing   ( 2089): IndexChimeraService.getServiceInterface callingPackage=com.google.android.googlequicksearchbox componentName=null serviceId=21
W/Icing   ( 2089): No valid account for uploading user actions
I/Icing   ( 2089): Usage reports ok 0, Failed Usage reports 0, indexed 0, rejected 0
I/ChromeSync( 2089): [Persistence,AffiliationManager] One of affiliation or grouping data for android://KSmUCdTXmQS-j9D_O8l1jvyu41Pjn2mc5cb0Gvx1e9H1Aj4JCzHs_uTW26nbtH65K-YfijtBsQxGp-8R6k6HFg==@eu.bauerj.paperless_app/ was not found. Marking affiliation data as stale...
I/Icing   ( 2089): Indexing com.google.android.googlequicksearchbox-applications from com.google.android.googlequicksearchbox
I/Icing   ( 2089): Indexing done com.google.android.googlequicksearchbox-applications
I/Icing   ( 2089): Indexing com.google.android.gms-apps from com.google.android.gms
I/Icing   ( 2089): Indexing done com.google.android.gms-apps
I/Icing   ( 2089): Indexing com.google.android.gms-internal.3p:MobileApplication from com.google.android.gms
I/Icing   ( 2089): Indexing done com.google.android.gms-internal.3p:MobileApplication
D/AndroidRuntime( 4140): 
D/AndroidRuntime( 4140): >>>>>> AndroidRuntime START com.android.internal.os.RuntimeInit <<<<<<
W/linker  ( 4140): libdvm.so has text relocations. This is wasting memory and is a security risk. Please fix.
D/AndroidRuntime( 4140): CheckJNI is ON
D/dalvikvm( 4140): Trying to load lib libjavacore.so 0x0
D/dalvikvm( 4140): Added shared lib libjavacore.so 0x0
D/dalvikvm( 4140): Trying to load lib libnativehelper.so 0x0
D/dalvikvm( 4140): Added shared lib libnativehelper.so 0x0
D/dalvikvm( 4140): No JNI_OnLoad found in libnativehelper.so 0x0, skipping init
D/dalvikvm( 4140): Note: class Landroid/app/ActivityManagerNative; has 179 unimplemented (abstract) methods
E/memtrack( 4140): Couldn't load memtrack module (No such file or directory)
E/android.os.Debug( 4140): failed to load memtrack module: -2
D/AndroidRuntime( 4140): Calling main entry com.android.commands.pm.Pm
W/ActivityManager( 1569): No content provider found for permission revoke: file:///sdcard/ripper.apk
W/ActivityManager( 1569): No content provider found for permission revoke: file:///sdcard/ripper.apk
I/PackageManager( 1569): Copying native libraries to /data/app-lib/vmdl-716581774
I/PackageParser( 1569): it.unina.android.ripper: compat added android.permission.WRITE_EXTERNAL_STORAGE android.permission.READ_PHONE_STATE
I/PackageManager( 1569): Running dexopt on: it.unina.android.ripper
W/linker  ( 4151): libdvm.so has text relocations. This is wasting memory and is a security risk. Please fix.
D/dalvikvm( 4151): DexOpt: load 2ms, verify+opt 18ms, 936700 bytes
I/ActivityManager( 1569): Force stopping it.unina.android.ripper appid=10068 user=-1: update pkg
D/dalvikvm( 1569): GC_FOR_ALLOC freed 2311K, 47% free 8617K/16104K, paused 7ms, total 7ms
I/InputReader( 1569): Reconfiguring input devices.  changes=0x00000010
W/Launcher.Model( 2250): Nobody to tell about the new app.  Launcher is probably loading.
D/Documents( 3185): Used cached roots for com.android.providers.downloads.documents
D/Documents( 3185): Used cached roots for com.android.externalstorage.documents
D/Documents( 3185): Used cached roots for com.android.providers.media.documents
D/Documents( 3185): Update found 6 roots in 2ms
I/PackageManager( 1569):   Action: "android.intent.action.SENDTO"
I/PackageManager( 1569):   Category: "android.intent.category.DEFAULT"
I/PackageManager( 1569):   Scheme: "sms"
I/PackageManager( 1569): Adding preferred activity ComponentInfo{com.android.mms/com.android.mms.ui.ComposeMessageActivity} for user 0 :
D/dalvikvm( 1817): GC_FOR_ALLOC freed 468K, 18% free 3601K/4392K, paused 1ms, total 1ms
I/PackageManager( 1569):   Action: "android.intent.action.SENDTO"
I/PackageManager( 1569):   Category: "android.intent.category.DEFAULT"
I/PackageManager( 1569):   Scheme: "smsto"
W/GCM     ( 1777): Unexpected forwarded intent: Intent { act=android.intent.action.PACKAGE_ADDED dat=package:it.unina.android.ripper flg=0x4000010 cmp=com.google.android.gms/.chimera.PersistentIntentOperationService (has extras) }
W/GCM     ( 1777): Unexpected forwarded intent: Intent { act=android.intent.action.PACKAGE_ADDED dat=package:it.unina.android.ripper flg=0x4000010 cmp=com.google.android.gms/.chimera.PersistentIntentOperationService (has extras) }
I/PackageManager( 1569): Adding preferred activity ComponentInfo{com.android.mms/com.android.mms.ui.ComposeMessageActivity} for user 0 :
I/Auth    ( 2089): [SupervisedAccountIntentOperation] onHandleIntent(): android.intent.action.PACKAGE_ADDED
I/ChromeSync( 2089): [Sync,SyncIntentOperation] Handling the intent: Intent { act=android.intent.action.PACKAGE_ADDED dat=package:it.unina.android.ripper flg=0x4000010 cmp=com.google.android.gms/.chimera.GmsIntentOperationService (has extras) }.
I/PackageManager( 1569):   Action: "android.intent.action.SENDTO"
I/PackageManager( 1569):   Category: "android.intent.category.DEFAULT"
I/PackageManager( 1569):   Scheme: "mms"
I/PackageManager( 1569): Adding preferred activity ComponentInfo{com.android.mms/com.android.mms.ui.ComposeMessageActivity} for user 0 :
I/Icing.InternalIcingCorporaProvider( 2233): Updating corpora: A: it.unina.android.ripper, C: MAYBE
I/FontLog ( 2089): Package it.unina.android.ripper has no metadata [CONTEXT service_id=132 ]
I/ChromeSync( 2089): [Persistence,AffiliationManager] One of affiliation or grouping data for android://KSmUCdTXmQS-j9D_O8l1jvyu41Pjn2mc5cb0Gvx1e9H1Aj4JCzHs_uTW26nbtH65K-YfijtBsQxGp-8R6k6HFg==@it.unina.android.ripper/ was not found. Marking affiliation data as stale...
I/PackageManager( 1569):   Action: "android.intent.action.SENDTO"
I/PackageManager( 1569):   Category: "android.intent.category.DEFAULT"
I/PackageManager( 1569):   Scheme: "mmsto"
I/PackageManager( 1569): Adding preferred activity ComponentInfo{com.android.mms/com.android.mms.ui.ComposeMessageActivity} for user 0 :
D/BackupManagerService( 1569): Received broadcast Intent { act=android.intent.action.PACKAGE_ADDED dat=package:it.unina.android.ripper flg=0x4000010 (has extras) }
V/BackupManagerService( 1569): addPackageParticipantsLocked: #1
D/dalvikvm( 1569): GC_EXPLICIT freed 991K, 47% free 8619K/16104K, paused 3ms+2ms, total 73ms
I/PackageManager( 1569):   Action: "android.intent.action.SENDTO"
I/PackageManager( 1569):   Category: "android.intent.category.DEFAULT"
I/PackageManager( 1569):   Scheme: "sms"
D/dalvikvm( 1817): GC_FOR_ALLOC freed 398K, 17% free 3669K/4392K, paused 2ms, total 2ms
I/PackageManager( 1569): Adding preferred activity ComponentInfo{com.android.mms/com.android.mms.ui.ComposeMessageActivity} for user 0 :
I/Icing   ( 2089): IndexChimeraService.getServiceInterface callingPackage=com.google.android.googlequicksearchbox componentName=null serviceId=21
I/PackageManager( 1569):   Action: "android.intent.action.SENDTO"
I/PackageManager( 1569):   Category: "android.intent.category.DEFAULT"
I/PackageManager( 1569):   Scheme: "smsto"
D/AndroidRuntime( 4140): Shutting down VM
D/dalvikvm( 4140): GC_CONCURRENT freed 93K, 15% free 552K/648K, paused 0ms+0ms, total 1ms
W/Icing.InternalIcingCorporaProvider( 2233): Application table change notification failed.
I/PackageManager( 1569):   Action: "android.intent.action.SENDTO"
I/PackageManager( 1569):   Category: "android.intent.category.DEFAULT"
I/PackageManager( 1569):   Scheme: "mms"
I/PackageManager( 1569): Adding preferred activity ComponentInfo{com.android.mms/com.android.mms.ui.ComposeMessageActivity} for user 0 :
I/PackageManager( 1569): Adding preferred activity ComponentInfo{com.android.mms/com.android.mms.ui.ComposeMessageActivity} for user 0 :
I/PackageManager( 1569):   Action: "android.intent.action.SENDTO"
I/PackageManager( 1569):   Category: "android.intent.category.DEFAULT"
I/PackageManager( 1569):   Scheme: "mmsto"
I/PackageManager( 1569): Adding preferred activity ComponentInfo{com.android.mms/com.android.mms.ui.ComposeMessageActivity} for user 0 :
D/dalvikvm( 2089): GC_FOR_ALLOC freed 2093K, 12% free 21483K/24316K, paused 22ms, total 22ms
W/Icing   ( 2089): No valid account for uploading user actions
I/Icing   ( 2089): Usage reports ok 0, Failed Usage reports 0, indexed 0, rejected 0
I/Icing   ( 2089): Indexing com.google.android.gms-apps from com.google.android.gms
I/Icing   ( 2089): Indexing done com.google.android.gms-apps
D/AndroidRuntime( 4158): 
D/AndroidRuntime( 4158): >>>>>> AndroidRuntime START com.android.internal.os.RuntimeInit <<<<<<
W/linker  ( 4158): libdvm.so has text relocations. This is wasting memory and is a security risk. Please fix.
D/AndroidRuntime( 4158): CheckJNI is ON
D/dalvikvm( 4158): Trying to load lib libjavacore.so 0x0
D/dalvikvm( 4158): Added shared lib libjavacore.so 0x0
D/dalvikvm( 4158): Trying to load lib libnativehelper.so 0x0
D/dalvikvm( 4158): Added shared lib libnativehelper.so 0x0
D/dalvikvm( 4158): No JNI_OnLoad found in libnativehelper.so 0x0, skipping init
D/dalvikvm( 4158): Note: class Landroid/app/ActivityManagerNative; has 179 unimplemented (abstract) methods
E/memtrack( 4158): Couldn't load memtrack module (No such file or directory)
E/android.os.Debug( 4158): failed to load memtrack module: -2
D/AndroidRuntime( 4158): Calling main entry com.android.commands.am.Am
I/ActivityManager( 1569): Force stopping eu.bauerj.paperless_app appid=10067 user=0: start instr
I/ActivityManager( 1569): Start proc eu.bauerj.paperless_app for added application eu.bauerj.paperless_app: pid=4169 uid=10067 gids={50067, 3003}
I/dalvikvm( 4169): Could not find method android.content.Context.getExternalMediaDirs, referenced from method b.e.d.b.g
W/dalvikvm( 4169): VFY: unable to resolve virtual method 268: Landroid/content/Context;.getExternalMediaDirs ()[Ljava/io/File;
D/dalvikvm( 4169): VFY: replacing opcode 0x6e at 0x009d
I/dalvikvm( 4169): Could not find method android.content.Context.getColorStateList, referenced from method b.e.d.a.b
W/dalvikvm( 4169): VFY: unable to resolve virtual method 259: Landroid/content/Context;.getColorStateList (I)Landroid/content/res/ColorStateList;
D/dalvikvm( 4169): VFY: replacing opcode 0x6e at 0x0006
I/dalvikvm( 4169): Could not find method android.content.Context.getDrawable, referenced from method b.e.d.a.c
W/dalvikvm( 4169): VFY: unable to resolve virtual method 263: Landroid/content/Context;.getDrawable (I)Landroid/graphics/drawable/Drawable;
D/dalvikvm( 4169): VFY: replacing opcode 0x6e at 0x0006
I/dalvikvm( 4169): Could not find method android.view.Window.setStatusBarColor, referenced from method io.flutter.embedding.android.e.B
W/dalvikvm( 4169): VFY: unable to resolve virtual method 2070: Landroid/view/Window;.setStatusBarColor (I)V
D/dalvikvm( 4169): VFY: replacing opcode 0x6e at 0x0011
I/dalvikvm( 4169): Could not find method android.content.res.Resources.getDrawable, referenced from method io.flutter.embedding.android.e.H
W/dalvikvm( 4169): VFY: unable to resolve virtual method 398: Landroid/content/res/Resources;.getDrawable (ILandroid/content/res/Resources$Theme;)Landroid/graphics/drawable/Drawable;
D/dalvikvm( 4169): VFY: replacing opcode 0x6e at 0x001f
I/TestRunner( 4169): started: testApplication(it.unina.android.ripper.RipperTestCase)
E/dalvikvm( 4169): Could not find class 'java.util.Locale$Builder', referenced from method io.flutter.embedding.engine.FlutterJNI.computePlatformResolvedLocale
W/dalvikvm( 4169): VFY: unable to resolve new-instance 1922 (Ljava/util/Locale$Builder;) in Lio/flutter/embedding/engine/FlutterJNI;
D/dalvikvm( 4169): VFY: replacing opcode 0x22 at 0x0023
I/dalvikvm( 4169): Could not find method java.util.Locale.getScript, referenced from method io.flutter.embedding.engine.FlutterJNI.computePlatformResolvedLocale
W/dalvikvm( 4169): VFY: unable to resolve virtual method 12062: Ljava/util/Locale;.getScript ()Ljava/lang/String;
D/dalvikvm( 4169): VFY: replacing opcode 0x6e at 0x0076
D/dalvikvm( 4169): DexOpt: unable to opt direct call 0x2f13 at 0x25 in Lio/flutter/embedding/engine/FlutterJNI;.computePlatformResolvedLocale
V/AndroidRipperService( 4075): onBind()
I/dalvikvm( 4169): Could not find method android.security.NetworkSecurityPolicy.getInstance, referenced from method io.flutter.embedding.engine.g.a.d
W/dalvikvm( 4169): VFY: unable to resolve static method 1031: Landroid/security/NetworkSecurityPolicy;.getInstance ()Landroid/security/NetworkSecurityPolicy;
V/AndroidRipperService( 4075): onBind()
D/dalvikvm( 4169): VFY: replacing opcode 0x71 at 0x000a
V/AndroidRipperService( 4075): register()
I/ActivityManager( 1569): START u0 {act=android.intent.action.MAIN flg=0x10000000 cmp=eu.bauerj.paperless_app/.MainActivity} from pid 4169
D/dalvikvm( 1569): GC_FOR_ALLOC freed 960K, 47% free 8617K/16104K, paused 11ms, total 11ms
I/dalvikvm( 4169): Could not find method java.util.Locale.getScript, referenced from method io.flutter.embedding.engine.i.f.a
W/dalvikvm( 4169): VFY: unable to resolve virtual method 12062: Ljava/util/Locale;.getScript ()Ljava/lang/String;
D/dalvikvm( 4169): VFY: replacing opcode 0x6e at 0x0065
I/dalvikvm( 4169): Could not find method android.content.res.Configuration.getLocales, referenced from method d.a.c.b.a.a
W/dalvikvm( 4169): VFY: unable to resolve virtual method 377: Landroid/content/res/Configuration;.getLocales ()Landroid/os/LocaleList;
D/dalvikvm( 4169): VFY: replacing opcode 0x6e at 0x0020
I/dalvikvm( 4169): Could not find method android.content.res.Configuration.getLocales, referenced from method d.a.c.b.a.a
W/dalvikvm( 4169): VFY: unable to resolve virtual method 377: Landroid/content/res/Configuration;.getLocales ()Landroid/os/LocaleList;
D/dalvikvm( 4169): VFY: replacing opcode 0x6e at 0x00c5
I/dalvikvm( 4169): Could not find method android.content.res.Configuration.getLocales, referenced from method d.a.c.b.a.b
W/dalvikvm( 4169): VFY: unable to resolve virtual method 377: Landroid/content/res/Configuration;.getLocales ()Landroid/os/LocaleList;
D/dalvikvm( 4169): VFY: replacing opcode 0x6e at 0x000b
D/dalvikvm( 4169): DexOpt: unable to opt direct call 0x2f18 at 0x77 in Ld/a/c/b/a;.a
D/dalvikvm( 4169): DexOpt: unable to opt direct call 0x2f18 at 0x83 in Ld/a/c/b/a;.a
D/dalvikvm( 4169): DexOpt: unable to opt direct call 0x2f18 at 0xa0 in Ld/a/c/b/a;.a
E/FlutterLoader( 4169): Flutter initialization failed.
E/FlutterLoader( 4169): java.util.concurrent.ExecutionException: java.lang.UnsatisfiedLinkError: Couldn't load flutter from loader dalvik.system.PathClassLoader[DexPathList[[zip file "/system/framework/android.test.runner.jar", zip file "/data/app/it.unina.android.ripper-1.apk", zip file "/data/app/eu.bauerj.paperless_app-1.apk"],nativeLibraryDirectories=[/data/app-lib/it.unina.android.ripper-1, /data/app-lib/eu.bauerj.paperless_app-1, /vendor/lib, /system/lib]]]: findLibrary returned null
E/FlutterLoader( 4169): 	at java.util.concurrent.FutureTask.report(FutureTask.java:93)
E/FlutterLoader( 4169): 	at java.util.concurrent.FutureTask.get(FutureTask.java:163)
E/FlutterLoader( 4169): 	at io.flutter.embedding.engine.g.c.c()
E/FlutterLoader( 4169): 	at io.flutter.embedding.engine.a.<init>()
E/FlutterLoader( 4169): 	at io.flutter.embedding.engine.a.<init>()
E/FlutterLoader( 4169): 	at io.flutter.embedding.android.f.B()
E/FlutterLoader( 4169): 	at io.flutter.embedding.android.f.k()
E/FlutterLoader( 4169): 	at io.flutter.embedding.android.e.onCreate()
E/FlutterLoader( 4169): 	at android.app.Activity.performCreate(Activity.java:5231)
E/FlutterLoader( 4169): 	at android.app.Instrumentation.callActivityOnCreate(Instrumentation.java:1087)
E/FlutterLoader( 4169): 	at android.app.ActivityThread.performLaunchActivity(ActivityThread.java:2159)
E/FlutterLoader( 4169): 	at android.app.ActivityThread.handleLaunchActivity(ActivityThread.java:2245)
E/FlutterLoader( 4169): 	at android.app.ActivityThread.access$800(ActivityThread.java:135)
E/FlutterLoader( 4169): 	at android.app.ActivityThread$H.handleMessage(ActivityThread.java:1196)
E/FlutterLoader( 4169): 	at android.os.Handler.dispatchMessage(Handler.java:102)
E/FlutterLoader( 4169): 	at android.os.Looper.loop(Looper.java:136)
E/FlutterLoader( 4169): 	at android.app.ActivityThread.main(ActivityThread.java:5017)
E/FlutterLoader( 4169): 	at java.lang.reflect.Method.invokeNative(Native Method)
E/FlutterLoader( 4169): 	at java.lang.reflect.Method.invoke(Method.java:515)
E/FlutterLoader( 4169): 	at com.android.internal.os.ZygoteInit$MethodAndArgsCaller.run(ZygoteInit.java:779)
E/FlutterLoader( 4169): 	at com.android.internal.os.ZygoteInit.main(ZygoteInit.java:595)
E/FlutterLoader( 4169): 	at dalvik.system.NativeStart.main(Native Method)
E/FlutterLoader( 4169): Caused by: java.lang.UnsatisfiedLinkError: Couldn't load flutter from loader dalvik.system.PathClassLoader[DexPathList[[zip file "/system/framework/android.test.runner.jar", zip file "/data/app/it.unina.android.ripper-1.apk", zip file "/data/app/eu.bauerj.paperless_app-1.apk"],nativeLibraryDirectories=[/data/app-lib/it.unina.android.ripper-1, /data/app-lib/eu.bauerj.paperless_app-1, /vendor/lib, /system/lib]]]: findLibrary returned null
E/FlutterLoader( 4169): 	at java.lang.Runtime.loadLibrary(Runtime.java:358)
E/FlutterLoader( 4169): 	at java.lang.System.loadLibrary(System.java:526)
E/FlutterLoader( 4169): 	at io.flutter.embedding.engine.FlutterJNI.loadLibrary()
E/FlutterLoader( 4169): 	at io.flutter.embedding.engine.g.c$a.a()
E/FlutterLoader( 4169): 	at io.flutter.embedding.engine.g.c$a.call()
E/FlutterLoader( 4169): 	at java.util.concurrent.FutureTask.run(FutureTask.java:237)
E/FlutterLoader( 4169): 	at java.util.concurrent.ThreadPoolExecutor.runWorker(ThreadPoolExecutor.java:1112)
E/FlutterLoader( 4169): 	at java.util.concurrent.ThreadPoolExecutor$Worker.run(ThreadPoolExecutor.java:587)
E/FlutterLoader( 4169): 	at java.lang.Thread.run(Thread.java:841)
D/AndroidRuntime( 4169): Shutting down VM
W/dalvikvm( 4169): threadid=1: thread exiting with uncaught exception (group=0x9ccfdb20)
D/dalvikvm( 4169): GC_CONCURRENT freed 367K, 16% free 3135K/3692K, paused 2ms+1ms, total 5ms
D/dalvikvm( 4169): WAIT_FOR_CONCURRENT_GC blocked 1ms
D/AndroidRuntime( 4158): Shutting down VM
D/dalvikvm( 4158): GC_CONCURRENT freed 99K, 16% free 557K/660K, paused 0ms+0ms, total 0ms
E/AndroidRuntime( 4169): FATAL EXCEPTION: main
E/AndroidRuntime( 4169): Process: eu.bauerj.paperless_app, PID: 4169
E/AndroidRuntime( 4169): java.lang.RuntimeException: Unable to start activity ComponentInfo{eu.bauerj.paperless_app/eu.bauerj.paperless_app.MainActivity}: java.lang.RuntimeException: java.util.concurrent.ExecutionException: java.lang.UnsatisfiedLinkError: Couldn't load flutter from loader dalvik.system.PathClassLoader[DexPathList[[zip file "/system/framework/android.test.runner.jar", zip file "/data/app/it.unina.android.ripper-1.apk", zip file "/data/app/eu.bauerj.paperless_app-1.apk"],nativeLibraryDirectories=[/data/app-lib/it.unina.android.ripper-1, /data/app-lib/eu.bauerj.paperless_app-1, /vendor/lib, /system/lib]]]: findLibrary returned null
E/AndroidRuntime( 4169): 	at android.app.ActivityThread.performLaunchActivity(ActivityThread.java:2195)
E/AndroidRuntime( 4169): 	at android.app.ActivityThread.handleLaunchActivity(ActivityThread.java:2245)
E/AndroidRuntime( 4169): 	at android.app.ActivityThread.access$800(ActivityThread.java:135)
E/AndroidRuntime( 4169): 	at android.app.ActivityThread$H.handleMessage(ActivityThread.java:1196)
E/AndroidRuntime( 4169): 	at android.os.Handler.dispatchMessage(Handler.java:102)
E/AndroidRuntime( 4169): 	at android.os.Looper.loop(Looper.java:136)
E/AndroidRuntime( 4169): 	at android.app.ActivityThread.main(ActivityThread.java:5017)
E/AndroidRuntime( 4169): 	at java.lang.reflect.Method.invokeNative(Native Method)
E/AndroidRuntime( 4169): 	at java.lang.reflect.Method.invoke(Method.java:515)
E/AndroidRuntime( 4169): 	at com.android.internal.os.ZygoteInit$MethodAndArgsCaller.run(ZygoteInit.java:779)
E/AndroidRuntime( 4169): 	at com.android.internal.os.ZygoteInit.main(ZygoteInit.java:595)
E/AndroidRuntime( 4169): 	at dalvik.system.NativeStart.main(Native Method)
E/AndroidRuntime( 4169): Caused by: java.lang.RuntimeException: java.util.concurrent.ExecutionException: java.lang.UnsatisfiedLinkError: Couldn't load flutter from loader dalvik.system.PathClassLoader[DexPathList[[zip file "/system/framework/android.test.runner.jar", zip file "/data/app/it.unina.android.ripper-1.apk", zip file "/data/app/eu.bauerj.paperless_app-1.apk"],nativeLibraryDirectories=[/data/app-lib/it.unina.android.ripper-1, /data/app-lib/eu.bauerj.paperless_app-1, /vendor/lib, /system/lib]]]: findLibrary returned null
E/AndroidRuntime( 4169): 	at io.flutter.embedding.engine.g.c.c()
E/AndroidRuntime( 4169): 	at io.flutter.embedding.engine.a.<init>()
E/AndroidRuntime( 4169): 	at io.flutter.embedding.engine.a.<init>()
E/AndroidRuntime( 4169): 	at io.flutter.embedding.android.f.B()
E/AndroidRuntime( 4169): 	at io.flutter.embedding.android.f.k()
E/AndroidRuntime( 4169): 	at io.flutter.embedding.android.e.onCreate()
E/AndroidRuntime( 4169): 	at android.app.Activity.performCreate(Activity.java:5231)
E/AndroidRuntime( 4169): 	at android.app.Instrumentation.callActivityOnCreate(Instrumentation.java:1087)
E/AndroidRuntime( 4169): 	at android.app.ActivityThread.performLaunchActivity(ActivityThread.java:2159)
E/AndroidRuntime( 4169): 	... 11 more
E/AndroidRuntime( 4169): Caused by: java.util.concurrent.ExecutionException: java.lang.UnsatisfiedLinkError: Couldn't load flutter from loader dalvik.system.PathClassLoader[DexPathList[[zip file "/system/framework/android.test.runner.jar", zip file "/data/app/it.unina.android.ripper-1.apk", zip file "/data/app/eu.bauerj.paperless_app-1.apk"],nativeLibraryDirectories=[/data/app-lib/it.unina.android.ripper-1, /data/app-lib/eu.bauerj.paperless_app-1, /vendor/lib, /system/lib]]]: findLibrary returned null
E/AndroidRuntime( 4169): 	at java.util.concurrent.FutureTask.report(FutureTask.java:93)
E/AndroidRuntime( 4169): 	at java.util.concurrent.FutureTask.get(FutureTask.java:163)
E/AndroidRuntime( 4169): 	... 20 more
E/AndroidRuntime( 4169): Caused by: java.lang.UnsatisfiedLinkError: Couldn't load flutter from loader dalvik.system.PathClassLoader[DexPathList[[zip file "/system/framework/android.test.runner.jar", zip file "/data/app/it.unina.android.ripper-1.apk", zip file "/data/app/eu.bauerj.paperless_app-1.apk"],nativeLibraryDirectories=[/data/app-lib/it.unina.android.ripper-1, /data/app-lib/eu.bauerj.paperless_app-1, /vendor/lib, /system/lib]]]: findLibrary returned null
E/AndroidRuntime( 4169): 	at java.lang.Runtime.loadLibrary(Runtime.java:358)
E/AndroidRuntime( 4169): 	at java.lang.System.loadLibrary(System.java:526)
E/AndroidRuntime( 4169): 	at io.flutter.embedding.engine.FlutterJNI.loadLibrary()
E/AndroidRuntime( 4169): 	at io.flutter.embedding.engine.g.c$a.a()
E/AndroidRuntime( 4169): 	at io.flutter.embedding.engine.g.c$a.call()
E/AndroidRuntime( 4169): 	at java.util.concurrent.FutureTask.run(FutureTask.java:237)
E/AndroidRuntime( 4169): 	at java.util.concurrent.ThreadPoolExecutor.runWorker(ThreadPoolExecutor.java:1112)
E/AndroidRuntime( 4169): 	at java.util.concurrent.ThreadPoolExecutor$Worker.run(ThreadPoolExecutor.java:587)
E/AndroidRuntime( 4169): 	at java.lang.Thread.run(Thread.java:841)
W/ActivityManager( 1569): Error in app eu.bauerj.paperless_app running instrumentation ComponentInfo{it.unina.android.ripper/android.test.InstrumentationTestRunner}:
W/ActivityManager( 1569):   java.lang.UnsatisfiedLinkError
W/ActivityManager( 1569):   java.lang.UnsatisfiedLinkError: Couldn't load flutter from loader dalvik.system.PathClassLoader[DexPathList[[zip file "/system/framework/android.test.runner.jar", zip file "/data/app/it.unina.android.ripper-1.apk", zip file "/data/app/eu.bauerj.paperless_app-1.apk"],nativeLibraryDirectories=[/data/app-lib/it.unina.android.ripper-1, /data/app-lib/eu.bauerj.paperless_app-1, /vendor/lib, /system/lib]]]: findLibrary returned null
D/gralloc_ranchu( 1144): gralloc_alloc: Creating ashmem region of size 7753728
I/ActivityManager( 1569): Force stopping eu.bauerj.paperless_app appid=10067 user=0: finished inst
I/ActivityManager( 1569): Killing 4169:eu.bauerj.paperless_app/u0a67 (adj 0): stop eu.bauerj.paperless_app
I/ActivityManager( 1569):   Force finishing activity ActivityRecord{9d3b4d50 u0 eu.bauerj.paperless_app/.MainActivity t7}
W/WindowManager( 1569): Rebuild removed 2 windows but added 1
W/WindowManager( 1569): java.lang.RuntimeException: here
W/WindowManager( 1569): 	at com.android.server.wm.WindowManagerService.rebuildAppWindowListLocked(WindowManagerService.java:8011)
W/WindowManager( 1569): 	at com.android.server.wm.WindowManagerService.rebuildAppWindowListLocked(WindowManagerService.java:7947)
W/WindowManager( 1569): 	at com.android.server.wm.WindowManagerService.handleAppTransitionReadyLocked(WindowManagerService.java:8430)
W/WindowManager( 1569): 	at com.android.server.wm.WindowManagerService.performLayoutAndPlaceSurfacesLockedInner(WindowManagerService.java:9193)
W/WindowManager( 1569): 	at com.android.server.wm.WindowManagerService.performLayoutAndPlaceSurfacesLockedLoop(WindowManagerService.java:8163)
W/WindowManager( 1569): 	at com.android.server.wm.WindowManagerService.performLayoutAndPlaceSurfacesLocked(WindowManagerService.java:8105)
W/WindowManager( 1569): 	at com.android.server.wm.WindowManagerService.relayoutWindow(WindowManagerService.java:3004)
W/WindowManager( 1569): 	at com.android.server.wm.Session.relayout(Session.java:190)
W/WindowManager( 1569): 	at android.view.IWindowSession$Stub.onTransact(IWindowSession.java:235)
W/WindowManager( 1569): 	at com.android.server.wm.Session.onTransact(Session.java:125)
W/WindowManager( 1569): 	at android.os.Binder.execTransact(Binder.java:404)
W/WindowManager( 1569): 	at dalvik.system.NativeStart.run(Native Method)
W/WindowManager( 1569): This window was lost: Window{9d075f58 u0 Starting eu.bauerj.paperless_app}
W/WindowManager( 1569): mDisplayId=0 mSession=Session{9d8c0568 1569:1000} mClient=android.view.ViewRootImpl$W@9d8d2860
W/WindowManager( 1569): mOwnerUid=1000 mShowToOwnerOnly=false package=eu.bauerj.paperless_app appop=NONE
W/WindowManager( 1569): mAttrs=WM.LayoutParams{(0,0)(fillxfill) sim=#20 ty=3 fl=#1830118 pfl=0x19 wanim=0x1030001}
W/WindowManager( 1569): Requested w=1080 h=1794 mLayoutSeq=106
W/WindowManager( 1569): mBaseLayer=21000 mSubLayer=0 mAnimLayer=21010+1000=22010 mLastLayer=22010
W/WindowManager( 1569): mToken=AppWindowToken{9d95e348 token=Token{9d37bd60 ActivityRecord{9d3b4d50 u0 eu.bauerj.paperless_app/.MainActivity t7}}}
W/WindowManager( 1569): mRootToken=AppWindowToken{9d95e348 token=Token{9d37bd60 ActivityRecord{9d3b4d50 u0 eu.bauerj.paperless_app/.MainActivity t7}}}
W/WindowManager( 1569): mAppToken=AppWindowToken{9d95e348 token=Token{9d37bd60 ActivityRecord{9d3b4d50 u0 eu.bauerj.paperless_app/.MainActivity t7}}}
W/WindowManager( 1569): mViewVisibility=0x0 mHaveFrame=true mObscured=false
W/WindowManager( 1569): mSeq=0 mSystemUiVisibility=0x0
W/WindowManager( 1569): mGivenContentInsets=[0,0][0,0] mGivenVisibleInsets=[0,0][0,0]
W/WindowManager( 1569): mConfiguration={1.0 310mcc260mnc en_US ldltr sw411dp w411dp h658dp 420dpi nrml port finger qwerty/v/v dpad/v s.5}
W/WindowManager( 1569): mHasSurface=true mShownFrame=[52.927185,87.91791][1132.9272,1881.918] isReadyForDisplay()=true
W/WindowManager( 1569): mFrame=[0,0][1080,1794] last=[0,0][1080,1794]
W/WindowManager( 1569): mSystemDecorRect=[0,66][1080,1794] last=[0,66][1080,1794]
W/WindowManager( 1569): Frames: containing=[0,0][1080,1794] parent=[0,0][1080,1794]
W/WindowManager( 1569):     display=[0,0][1080,1794] overscan=[0,0][1080,1920]
W/WindowManager( 1569):     content=[0,66][1080,1794] visible=[0,66][1080,1794]
W/WindowManager( 1569):     decor=[0,66][1080,1794]
W/WindowManager( 1569): Cur insets: overscan=[0,0][0,0] content=[0,66][0,0] visible=[0,66][0,0]
W/WindowManager( 1569): Lst insets: overscan=[0,0][0,0] content=[0,66][0,0] visible=[0,66][0,0]
W/WindowManager( 1569): WindowStateAnimator{9db1aef0 Starting eu.bauerj.paperless_app}:
W/WindowManager( 1569):   mAnimating=true mLocalAnimating=false mAnimationIsEntrance=false mAnimation=null
W/WindowManager( 1569):   XForm: has=true hasLocal=false {alpha=1.0 matrix=[1.0, 0.0, 0.0][0.0, 1.0, 0.0][0.0, 0.0, 1.0]}
W/WindowManager( 1569):   mSurface=Surface(name=Starting eu.bauerj.paperless_app)
W/WindowManager( 1569):   mDrawState=HAS_DRAWN mLastHidden=false
W/WindowManager( 1569):   Surface: shown=true layer=22010 alpha=0.87748337 rect=(52.927185,87.91791) 1080.0 x 1794.0
W/WindowManager( 1569):   mShownAlpha=0.87748337 mAlpha=1.0 mLastAlpha=0.87748337
W/WindowManager( 1569):   mGlobalScale=1.0 mDsDx=0.9019867 mDtDx=0.0 mDsDy=0.0 mDtDy=0.9019867
W/WindowManager( 1569): Current app token list:
V/WindowManager( 1569):   Display 0
V/WindowManager( 1569):   #0: Token{9d5fd498 ActivityRecord{9d189fd8 u0 com.android.launcher/com.android.launcher2.Launcher t3}}
W/WindowManager( 1569): Final window list:
V/WindowManager( 1569):   #0: Window{9d1c8378 u0 SearchPanel}
V/WindowManager( 1569):   #1: Window{9d51f6c0 u0 NavigationBar}
V/WindowManager( 1569):   #2: Window{9d0769b0 u0 StatusBar}
V/WindowManager( 1569):   #3: Window{9d82c618 u0 KeyguardScrim}
V/WindowManager( 1569):   #4: Window{9d521dc8 u0 com.android.launcher/com.android.launcher2.Launcher}
V/WindowManager( 1569):   #5: Window{9d9e0b40 u0 com.android.systemui.ImageWallpaper}
D/EGL_emulation( 1946): eglMakeCurrent: 0xb81db2f0: ver 3 0
E/EGL_emulation( 1946): tid 1946: eglSurfaceAttrib(1199): error 0x3009 (EGL_BAD_MATCH)
W/HardwareRenderer( 1946): Backbuffer cannot be preserved
W/InputMethodManagerService( 1569): Window already focused, ignoring focus gain of: com.android.internal.view.IInputMethodClient$Stub$Proxy@9d072170 attribute=null, token = android.os.BinderProxy@9d839218
D/dalvikvm( 1946): GC_FOR_ALLOC freed 8901K, 36% free 17956K/27868K, paused 2ms, total 2ms
I/dalvikvm-heap( 1946): Grow heap (frag case) to 24.835MB for 7464972-byte allocation
D/dalvikvm( 1946): GC_FOR_ALLOC freed 9K, 10% free 25236K/27868K, paused 3ms, total 3ms
I/Vision  ( 2089): Requesting optional module download of ocr.
I/Vision  ( 2089): Checking for download completion for 214856 -- ocr
I/ChimeraConfigurator( 2089): Starting update, reason: 4 urgentFeatures: vision.ocr:-1
E/ConfigFileUtils( 2089): Failed to read config file: /data/data/com.google.android.gms/app_chimera/next_container.pb: open failed: ENOENT (No such file or directory)
I/ChmraDebugLogger( 2089): [73] 1801
I/ChmraDebugLogger( 2089): [30] [VisionOcr.optional:202414000700] permitMetered=true,
W/ChimeraConfigService( 2089): Retry attempt was throttled.
I/Vision  ( 2089): Requesting optional module download of ocr.
I/Vision  ( 2089): Checking for download completion for 224863 -- ocr
