I/Icing   ( 2072): Indexing com.google.android.gms-apps from com.google.android.gms
I/Icing   ( 2072): Indexing done com.google.android.gms-apps
I/DownloadManager( 1863): Download 6 starting
W/DownloadManager( 1863): Aborting request for download 6: TYPE_DISALLOWED_BY_REQUESTOR
I/Vision  ( 2072): Requesting optional module download of ocr.
I/Vision  ( 2072): Checking for download completion for 212896 -- ocr
I/DownloadManager( 1863): Download 6 finished with status WAITING_FOR_NETWORK
D/AndroidRuntime( 3683): 
D/AndroidRuntime( 3683): >>>>>> AndroidRuntime START com.android.internal.os.RuntimeInit <<<<<<
W/linker  ( 3683): libdvm.so has text relocations. This is wasting memory and is a security risk. Please fix.
D/AndroidRuntime( 3683): CheckJNI is ON
D/dalvikvm( 3683): Trying to load lib libjavacore.so 0x0
D/dalvikvm( 3683): Added shared lib libjavacore.so 0x0
D/dalvikvm( 3683): Trying to load lib libnativehelper.so 0x0
D/dalvikvm( 3683): Added shared lib libnativehelper.so 0x0
D/dalvikvm( 3683): No JNI_OnLoad found in libnativehelper.so 0x0, skipping init
D/dalvikvm( 3683): Note: class Landroid/app/ActivityManagerNative; has 179 unimplemented (abstract) methods
E/memtrack( 3683): Couldn't load memtrack module (No such file or directory)
E/android.os.Debug( 3683): failed to load memtrack module: -2
D/AndroidRuntime( 3683): Calling main entry com.android.commands.pm.Pm
D/AndroidRuntime( 3683): Shutting down VM
D/jdwp    ( 3683): Got wake-up signal, bailing out of select
D/dalvikvm( 3683): Debugger has detached; object registry had 1 entries
D/AndroidRuntime( 3694): 
D/AndroidRuntime( 3694): >>>>>> AndroidRuntime START com.android.internal.os.RuntimeInit <<<<<<
W/linker  ( 3694): libdvm.so has text relocations. This is wasting memory and is a security risk. Please fix.
D/AndroidRuntime( 3694): CheckJNI is ON
D/dalvikvm( 3694): Trying to load lib libjavacore.so 0x0
D/dalvikvm( 3694): Added shared lib libjavacore.so 0x0
D/dalvikvm( 3694): Trying to load lib libnativehelper.so 0x0
D/dalvikvm( 3694): Added shared lib libnativehelper.so 0x0
D/dalvikvm( 3694): No JNI_OnLoad found in libnativehelper.so 0x0, skipping init
D/dalvikvm( 3694): Note: class Landroid/app/ActivityManagerNative; has 179 unimplemented (abstract) methods
E/memtrack( 3694): Couldn't load memtrack module (No such file or directory)
E/android.os.Debug( 3694): failed to load memtrack module: -2
D/AndroidRuntime( 3694): Calling main entry com.android.commands.pm.Pm
I/ActivityManager( 1568): Force stopping it.unina.android.ripper_service appid=10057 user=0: clear data
I/ActivityManager( 1568): Killing 3031:it.unina.android.ripper_service:android_ripper_service_process/u0a57 (adj 5): stop it.unina.android.ripper_service
I/ActivityManager( 1568):   Force stopping service ServiceRecord{9d988a20 u0 it.unina.android.ripper_service/.AndroidRipperService}
I/GeofencerStateMachine( 1776): removeGeofences: removeRequest=RemoveGeofencingRequest[REMOVE_ALL packageName=it.unina.android.ripper_service]
D/Documents( 3540): Used cached roots for com.android.providers.downloads.documents
D/Documents( 3540): Used cached roots for com.android.externalstorage.documents
D/Documents( 3540): Used cached roots for com.android.providers.media.documents
D/Documents( 3540): Update found 6 roots in 2ms
D/keystore( 1149): calling clear_uid in state: 3
I/Icing   ( 2072): doRemovePackageData it.unina.android.ripper_service
D/AndroidRuntime( 3694): Shutting down VM
D/jdwp    ( 3694): Got wake-up signal, bailing out of select
D/dalvikvm( 3694): Debugger has detached; object registry had 1 entries
D/dalvikvm( 1776): GC_FOR_ALLOC freed 2392K, 25% free 9977K/13228K, paused 14ms, total 14ms
I/Fitness ( 1776): FitCleanupIntentOperation received Intent android.intent.action.PACKAGE_DATA_CLEARED [CONTEXT service_id=17 ]
D/AndroidRuntime( 3710): 
D/AndroidRuntime( 3710): >>>>>> AndroidRuntime START com.android.internal.os.RuntimeInit <<<<<<
W/linker  ( 3710): libdvm.so has text relocations. This is wasting memory and is a security risk. Please fix.
D/AndroidRuntime( 3710): CheckJNI is ON
D/dalvikvm( 3710): Trying to load lib libjavacore.so 0x0
D/dalvikvm( 3710): Added shared lib libjavacore.so 0x0
D/dalvikvm( 3710): Trying to load lib libnativehelper.so 0x0
D/dalvikvm( 3710): Added shared lib libnativehelper.so 0x0
D/dalvikvm( 3710): No JNI_OnLoad found in libnativehelper.so 0x0, skipping init
D/dalvikvm( 3710): Note: class Landroid/app/ActivityManagerNative; has 179 unimplemented (abstract) methods
E/memtrack( 3710): Couldn't load memtrack module (No such file or directory)
E/android.os.Debug( 3710): failed to load memtrack module: -2
D/AndroidRuntime( 3710): Calling main entry com.android.commands.pm.Pm
I/ActivityManager( 1568): Force stopping it.unina.android.ripper_service appid=10057 user=-1: uninstall pkg
W/PackageManager( 1568): Couldn't delete native library directory /data/app-lib/it.unina.android.ripper_service
D/keystore( 1149): calling clear_uid in state: 3
I/ActivityManager( 1568): Force stopping it.unina.android.ripper_service appid=10057 user=0: pkg removed
D/dalvikvm( 1965): GC_EXPLICIT freed 743K, 8% free 25055K/26988K, paused 1ms+0ms, total 3ms
D/dalvikvm( 2168): GC_EXPLICIT freed 555K, 18% free 3431K/4180K, paused 1ms+0ms, total 3ms
D/dalvikvm( 2206): GC_EXPLICIT freed 242K, 16% free 3446K/4072K, paused 0ms+0ms, total 2ms
I/GeofencerStateMachine( 1776): removeGeofences: removeRequest=RemoveGeofencingRequest[REMOVE_ALL packageName=it.unina.android.ripper_service]
W/Launcher.Model( 2206): Nobody to tell about the new app.  Launcher is probably loading.
D/Documents( 3540): Used cached roots for com.android.providers.downloads.documents
I/InputReader( 1568): Reconfiguring input devices.  changes=0x00000010
I/PackageManager( 1568):   Action: "android.intent.action.SENDTO"
I/PackageManager( 1568):   Category: "android.intent.category.DEFAULT"
I/PackageManager( 1568):   Scheme: "sms"
D/Documents( 3540): Used cached roots for com.android.externalstorage.documents
D/Documents( 3540): Used cached roots for com.android.providers.media.documents
D/Documents( 3540): Update found 6 roots in 9ms
D/VoicemailCleanupService( 1813): Cleaning up data for package: it.unina.android.ripper_service
I/PackageManager( 1568): Adding preferred activity ComponentInfo{com.android.mms/com.android.mms.ui.ComposeMessageActivity} for user 0 :
D/BackupManagerService( 1568): Received broadcast Intent { act=android.intent.action.PACKAGE_REMOVED dat=package:it.unina.android.ripper_service flg=0x4000010 (has extras) }
V/BackupManagerService( 1568): removePackageParticipantsLocked: uid=10057 #1
I/PackageManager( 1568):   Action: "android.intent.action.SENDTO"
I/PackageManager( 1568):   Category: "android.intent.category.DEFAULT"
I/PackageManager( 1568):   Scheme: "smsto"
I/PackageManager( 1568): Adding preferred activity ComponentInfo{com.android.mms/com.android.mms.ui.ComposeMessageActivity} for user 0 :
D/dalvikvm( 1568): GC_EXPLICIT freed 1385K, 44% free 8691K/15460K, paused 0ms+1ms, total 10ms
D/dalvikvm( 1568): WAIT_FOR_CONCURRENT_GC blocked 8ms
D/dalvikvm( 1568): WAIT_FOR_CONCURRENT_GC blocked 8ms
D/dalvikvm( 1568): WAIT_FOR_CONCURRENT_GC blocked 9ms
D/dalvikvm( 1568): WAIT_FOR_CONCURRENT_GC blocked 10ms
D/AndroidRuntime( 3710): Shutting down VM
D/jdwp    ( 3710): Got wake-up signal, bailing out of select
D/dalvikvm( 3710): Debugger has detached; object registry had 1 entries
D/dalvikvm( 1832): GC_FOR_ALLOC freed 448K, 18% free 3627K/4400K, paused 2ms, total 2ms
I/PackageManager( 1568):   Action: "android.intent.action.SENDTO"
I/PackageManager( 1568):   Category: "android.intent.category.DEFAULT"
I/PackageManager( 1568):   Scheme: "mms"
I/PackageManager( 1568): Adding preferred activity ComponentInfo{com.android.mms/com.android.mms.ui.ComposeMessageActivity} for user 0 :
I/PackageManager( 1568):   Action: "android.intent.action.SENDTO"
I/PackageManager( 1568):   Category: "android.intent.category.DEFAULT"
I/PackageManager( 1568):   Scheme: "mmsto"
I/PackageManager( 1568): Adding preferred activity ComponentInfo{com.android.mms/com.android.mms.ui.ComposeMessageActivity} for user 0 :
I/Fitness ( 1776): FitCleanupIntentOperation received Intent android.intent.action.PACKAGE_REMOVED [CONTEXT service_id=17 ]
I/Icing.InternalIcingCorporaProvider( 2168): Updating corpora: A: it.unina.android.ripper_service, C: MAYBE
I/PackageManager( 1568):   Action: "android.intent.action.SENDTO"
I/PackageManager( 1568):   Category: "android.intent.category.DEFAULT"
I/PackageManager( 1568):   Scheme: "sms"
I/PackageManager( 1568):   Action: "android.intent.action.SENDTO"
I/PackageManager( 1568):   Category: "android.intent.category.DEFAULT"
I/PackageManager( 1568):   Scheme: "smsto"
I/PackageManager( 1568): Adding preferred activity ComponentInfo{com.android.mms/com.android.mms.ui.ComposeMessageActivity} for user 0 :
I/PackageManager( 1568): Adding preferred activity ComponentInfo{com.android.mms/com.android.mms.ui.ComposeMessageActivity} for user 0 :
D/dalvikvm( 1832): GC_FOR_ALLOC freed 423K, 17% free 3662K/4400K, paused 2ms, total 4ms
W/Launcher( 2206): setApplicationContext called twice! old=com.google.android.velvet.VelvetApplication@9d02d9e0 new=com.google.android.velvet.VelvetApplication@9d02d9e0
W/ContextImpl( 3598): Calling a method in the system process without a qualified user: android.app.ContextImpl.startService:1479 android.content.ContextWrapper.startService:494 android.content.ContextWrapper.startService:494 com.android.keychain.KeyChainBroadcastReceiver.onReceive:12 android.app.ActivityThread.handleReceiver:2419 
I/PackageManager( 1568):   Action: "android.intent.action.SENDTO"
I/PackageManager( 1568):   Category: "android.intent.category.DEFAULT"
I/PackageManager( 1568):   Scheme: "mms"
I/PackageManager( 1568): Adding preferred activity ComponentInfo{com.android.mms/com.android.mms.ui.ComposeMessageActivity} for user 0 :
I/Icing   ( 2072): IndexChimeraService.getServiceInterface callingPackage=com.google.android.googlequicksearchbox componentName=null serviceId=21
I/PackageManager( 1568):   Action: "android.intent.action.SENDTO"
I/PackageManager( 1568):   Category: "android.intent.category.DEFAULT"
I/PackageManager( 1568):   Scheme: "mmsto"
I/PackageManager( 1568): Adding preferred activity ComponentInfo{com.android.mms/com.android.mms.ui.ComposeMessageActivity} for user 0 :
I/Icing   ( 2072): doRemovePackageData it.unina.android.ripper_service
I/LatinIME:LogUtils( 1759): Dictionary info: dictionary = main:en ; version = 42 ; date = 1381226516
I/DownloadManager( 1863): Download 7 starting
W/DownloadManager( 1863): Aborting request for download 7: TYPE_DISALLOWED_BY_REQUESTOR
D/dalvikvm( 2072): GC_FOR_ALLOC freed 1775K, 12% free 21556K/24376K, paused 34ms, total 34ms
I/DownloadManager( 1863): Download 7 finished with status WAITING_FOR_NETWORK
W/Icing   ( 2072): No valid account for uploading user actions
I/Icing   ( 2072): Usage reports ok 0, Failed Usage reports 0, indexed 0, rejected 0
I/Icing   ( 2072): Indexing com.google.android.googlequicksearchbox-applications from com.google.android.googlequicksearchbox
I/Icing   ( 2072): Indexing com.google.android.gms-apps from com.google.android.gms
I/Icing   ( 2072): Indexing com.google.android.gms-internal.3p:MobileApplication from com.google.android.gms
I/Icing   ( 2072): Indexing done com.google.android.googlequicksearchbox-applications
I/Icing   ( 2072): Indexing done com.google.android.gms-apps
I/Icing   ( 2072): Indexing done com.google.android.gms-internal.3p:MobileApplication
D/AndroidRuntime( 3738): 
D/AndroidRuntime( 3738): >>>>>> AndroidRuntime START com.android.internal.os.RuntimeInit <<<<<<
W/linker  ( 3738): libdvm.so has text relocations. This is wasting memory and is a security risk. Please fix.
D/AndroidRuntime( 3738): CheckJNI is ON
D/dalvikvm( 3738): Trying to load lib libjavacore.so 0x0
D/dalvikvm( 3738): Added shared lib libjavacore.so 0x0
D/dalvikvm( 3738): Trying to load lib libnativehelper.so 0x0
D/dalvikvm( 3738): Added shared lib libnativehelper.so 0x0
D/dalvikvm( 3738): No JNI_OnLoad found in libnativehelper.so 0x0, skipping init
D/dalvikvm( 3738): Note: class Landroid/app/ActivityManagerNative; has 179 unimplemented (abstract) methods
E/memtrack( 3738): Couldn't load memtrack module (No such file or directory)
E/android.os.Debug( 3738): failed to load memtrack module: -2
D/AndroidRuntime( 3738): Calling main entry com.android.commands.pm.Pm
W/ActivityManager( 1568): No content provider found for permission revoke: file:///data/local/tmp/AndroidRipperService.apk
W/ActivityManager( 1568): No content provider found for permission revoke: file:///data/local/tmp/AndroidRipperService.apk
I/PackageManager( 1568): Copying native libraries to /data/app-lib/vmdl-804453748
I/PackageParser( 1568): it.unina.android.ripper_service: compat added android.permission.WRITE_EXTERNAL_STORAGE android.permission.READ_PHONE_STATE
D/dalvikvm( 1568): GC_FOR_ALLOC freed 1477K, 45% free 8636K/15460K, paused 8ms, total 8ms
I/PackageManager( 1568): Running dexopt on: it.unina.android.ripper_service
W/linker  ( 3749): libdvm.so has text relocations. This is wasting memory and is a security risk. Please fix.
D/dalvikvm( 3749): DexOpt: load 4ms, verify+opt 22ms, 1117628 bytes
I/ActivityManager( 1568): Force stopping it.unina.android.ripper_service appid=10060 user=-1: update pkg
D/Documents( 3540): Used cached roots for com.android.providers.downloads.documents
D/Documents( 3540): Used cached roots for com.android.externalstorage.documents
D/Documents( 3540): Used cached roots for com.android.providers.media.documents
D/Documents( 3540): Update found 6 roots in 2ms
W/Launcher.Model( 2206): Nobody to tell about the new app.  Launcher is probably loading.
I/InputReader( 1568): Reconfiguring input devices.  changes=0x00000010
I/PackageManager( 1568):   Action: "android.intent.action.SENDTO"
I/PackageManager( 1568):   Category: "android.intent.category.DEFAULT"
I/PackageManager( 1568):   Scheme: "sms"
I/PackageManager( 1568): Adding preferred activity ComponentInfo{com.android.mms/com.android.mms.ui.ComposeMessageActivity} for user 0 :
D/BackupManagerService( 1568): Received broadcast Intent { act=android.intent.action.PACKAGE_ADDED dat=package:it.unina.android.ripper_service flg=0x4000010 (has extras) }
I/Auth    ( 2072): [SupervisedAccountIntentOperation] onHandleIntent(): android.intent.action.PACKAGE_ADDED
V/BackupManagerService( 1568): addPackageParticipantsLocked: #1
W/GCM     ( 1776): Unexpected forwarded intent: Intent { act=android.intent.action.PACKAGE_ADDED dat=package:it.unina.android.ripper_service flg=0x4000010 cmp=com.google.android.gms/.chimera.PersistentIntentOperationService (has extras) }
I/PackageManager( 1568):   Action: "android.intent.action.SENDTO"
I/PackageManager( 1568):   Category: "android.intent.category.DEFAULT"
I/PackageManager( 1568):   Scheme: "smsto"
I/ChromeSync( 2072): [Sync,SyncIntentOperation] Handling the intent: Intent { act=android.intent.action.PACKAGE_ADDED dat=package:it.unina.android.ripper_service flg=0x4000010 cmp=com.google.android.gms/.chimera.GmsIntentOperationService (has extras) }.
I/Icing.InternalIcingCorporaProvider( 2168): Updating corpora: A: it.unina.android.ripper_service, C: MAYBE
D/dalvikvm( 1832): GC_FOR_ALLOC freed 450K, 18% free 3628K/4400K, paused 2ms, total 2ms
I/PackageManager( 1568): Adding preferred activity ComponentInfo{com.android.mms/com.android.mms.ui.ComposeMessageActivity} for user 0 :
W/ActivityManager( 1568): Unable to start service Intent { act=com.google.android.gms.auth.key.retrieval.service.START pkg=com.google.android.gms } U=0: not found
I/FontLog ( 2072): Package it.unina.android.ripper_service has no metadata [CONTEXT service_id=132 ]
E/GmsClient( 2072): unable to connect to service: com.google.android.gms.auth.key.retrieval.service.START on com.google.android.gms
I/PackageManager( 1568):   Action: "android.intent.action.SENDTO"
I/PackageManager( 1568):   Category: "android.intent.category.DEFAULT"
I/PackageManager( 1568):   Scheme: "mms"
W/ActivityManager( 1568): Unbind failed: could not find connection for android.os.BinderProxy@9d1c04a0
I/PackageManager( 1568): Adding preferred activity ComponentInfo{com.android.mms/com.android.mms.ui.ComposeMessageActivity} for user 0 :
W/GCM     ( 1776): Unexpected forwarded intent: Intent { act=android.intent.action.PACKAGE_ADDED dat=package:it.unina.android.ripper_service flg=0x4000010 cmp=com.google.android.gms/.chimera.PersistentIntentOperationService (has extras) }
I/PackageManager( 1568):   Action: "android.intent.action.SENDTO"
I/PackageManager( 1568):   Category: "android.intent.category.DEFAULT"
I/PackageManager( 1568):   Scheme: "mmsto"
I/PackageManager( 1568): Adding preferred activity ComponentInfo{com.android.mms/com.android.mms.ui.ComposeMessageActivity} for user 0 :
I/ChromeSync( 2072): [Persistence,AffiliationManager] One of affiliation or grouping data for android://KSmUCdTXmQS-j9D_O8l1jvyu41Pjn2mc5cb0Gvx1e9H1Aj4JCzHs_uTW26nbtH65K-YfijtBsQxGp-8R6k6HFg==@it.unina.android.ripper_service/ was not found. Marking affiliation data as stale...
I/PackageManager( 1568):   Action: "android.intent.action.SENDTO"
I/PackageManager( 1568):   Category: "android.intent.category.DEFAULT"
I/PackageManager( 1568):   Scheme: "sms"
I/PackageManager( 1568): Adding preferred activity ComponentInfo{com.android.mms/com.android.mms.ui.ComposeMessageActivity} for user 0 :
I/PackageManager( 1568):   Action: "android.intent.action.SENDTO"
I/PackageManager( 1568):   Category: "android.intent.category.DEFAULT"
I/PackageManager( 1568):   Scheme: "smsto"
I/PackageManager( 1568): Adding preferred activity ComponentInfo{com.android.mms/com.android.mms.ui.ComposeMessageActivity} for user 0 :
D/dalvikvm( 1568): GC_EXPLICIT freed 1399K, 45% free 8653K/15460K, paused 5ms+2ms, total 98ms
D/dalvikvm( 1568): WAIT_FOR_CONCURRENT_GC blocked 11ms
D/AndroidRuntime( 3738): Shutting down VM
D/jdwp    ( 3738): Got wake-up signal, bailing out of select
D/dalvikvm( 3738): Debugger has detached; object registry had 1 entries
D/dalvikvm( 1832): GC_FOR_ALLOC freed 422K, 17% free 3663K/4400K, paused 1ms, total 2ms
I/PackageManager( 1568):   Action: "android.intent.action.SENDTO"
I/PackageManager( 1568):   Category: "android.intent.category.DEFAULT"
I/PackageManager( 1568):   Scheme: "mms"
I/PackageManager( 1568): Adding preferred activity ComponentInfo{com.android.mms/com.android.mms.ui.ComposeMessageActivity} for user 0 :
I/PackageManager( 1568):   Action: "android.intent.action.SENDTO"
I/PackageManager( 1568):   Category: "android.intent.category.DEFAULT"
I/PackageManager( 1568):   Scheme: "mmsto"
I/PackageManager( 1568): Adding preferred activity ComponentInfo{com.android.mms/com.android.mms.ui.ComposeMessageActivity} for user 0 :
I/Icing   ( 2072): IndexChimeraService.getServiceInterface callingPackage=com.google.android.googlequicksearchbox componentName=null serviceId=21
W/Icing   ( 2072): No valid account for uploading user actions
I/Icing   ( 2072): Usage reports ok 0, Failed Usage reports 0, indexed 0, rejected 0
I/Icing   ( 2072): Indexing com.google.android.gms-apps from com.google.android.gms
I/Icing   ( 2072): Indexing com.google.android.gms-internal.3p:MobileApplication from com.google.android.gms
I/Icing   ( 2072): Indexing done com.google.android.gms-apps
I/Icing   ( 2072): Indexing com.google.android.googlequicksearchbox-applications from com.google.android.googlequicksearchbox
I/Icing   ( 2072): Indexing done com.google.android.gms-internal.3p:MobileApplication
I/Icing   ( 2072): Indexing done com.google.android.googlequicksearchbox-applications
D/AndroidRuntime( 3758): 
D/AndroidRuntime( 3758): >>>>>> AndroidRuntime START com.android.internal.os.RuntimeInit <<<<<<
W/linker  ( 3758): libdvm.so has text relocations. This is wasting memory and is a security risk. Please fix.
D/AndroidRuntime( 3758): CheckJNI is ON
D/dalvikvm( 3758): Trying to load lib libjavacore.so 0x0
D/dalvikvm( 3758): Added shared lib libjavacore.so 0x0
D/dalvikvm( 3758): Trying to load lib libnativehelper.so 0x0
D/dalvikvm( 3758): Added shared lib libnativehelper.so 0x0
D/dalvikvm( 3758): No JNI_OnLoad found in libnativehelper.so 0x0, skipping init
D/dalvikvm( 3758): Note: class Landroid/app/ActivityManagerNative; has 179 unimplemented (abstract) methods
E/memtrack( 3758): Couldn't load memtrack module (No such file or directory)
E/android.os.Debug( 3758): failed to load memtrack module: -2
D/AndroidRuntime( 3758): Calling main entry com.android.commands.pm.Pm
D/AndroidRuntime( 3758): Shutting down VM
D/jdwp    ( 3758): Got wake-up signal, bailing out of select
D/dalvikvm( 3758): Debugger has detached; object registry had 1 entries
D/AndroidRuntime( 3769): 
D/AndroidRuntime( 3769): >>>>>> AndroidRuntime START com.android.internal.os.RuntimeInit <<<<<<
W/linker  ( 3769): libdvm.so has text relocations. This is wasting memory and is a security risk. Please fix.
D/AndroidRuntime( 3769): CheckJNI is ON
D/dalvikvm( 3769): Trying to load lib libjavacore.so 0x0
D/dalvikvm( 3769): Added shared lib libjavacore.so 0x0
D/dalvikvm( 3769): Trying to load lib libnativehelper.so 0x0
D/dalvikvm( 3769): Added shared lib libnativehelper.so 0x0
D/dalvikvm( 3769): No JNI_OnLoad found in libnativehelper.so 0x0, skipping init
D/dalvikvm( 3769): Note: class Landroid/app/ActivityManagerNative; has 179 unimplemented (abstract) methods
E/memtrack( 3769): Couldn't load memtrack module (No such file or directory)
E/android.os.Debug( 3769): failed to load memtrack module: -2
D/AndroidRuntime( 3769): Calling main entry com.android.commands.pm.Pm
D/AndroidRuntime( 3769): Shutting down VM
D/jdwp    ( 3769): Got wake-up signal, bailing out of select
D/dalvikvm( 3769): Debugger has detached; object registry had 1 entries
D/AndroidRuntime( 3780): 
D/AndroidRuntime( 3780): >>>>>> AndroidRuntime START com.android.internal.os.RuntimeInit <<<<<<
W/linker  ( 3780): libdvm.so has text relocations. This is wasting memory and is a security risk. Please fix.
D/AndroidRuntime( 3780): CheckJNI is ON
D/dalvikvm( 3780): Trying to load lib libjavacore.so 0x0
D/dalvikvm( 3780): Added shared lib libjavacore.so 0x0
D/dalvikvm( 3780): Trying to load lib libnativehelper.so 0x0
D/dalvikvm( 3780): Added shared lib libnativehelper.so 0x0
D/dalvikvm( 3780): No JNI_OnLoad found in libnativehelper.so 0x0, skipping init
D/dalvikvm( 3780): Note: class Landroid/app/ActivityManagerNative; has 179 unimplemented (abstract) methods
E/memtrack( 3780): Couldn't load memtrack module (No such file or directory)
E/android.os.Debug( 3780): failed to load memtrack module: -2
D/AndroidRuntime( 3780): Calling main entry com.android.commands.am.Am
D/AndroidRuntime( 3780): Shutting down VM
I/ActivityManager( 1568): Start proc it.unina.android.ripper_service:android_ripper_service_process for service it.unina.android.ripper_service/.AndroidRipperService: pid=3791 uid=10060 gids={50060, 3003, 1028, 1015}
D/jdwp    ( 3780): Got wake-up signal, bailing out of select
D/dalvikvm( 3780): Debugger has detached; object registry had 1 entries
V/AndroidRipperService( 3791): onCreate()
V/SERVER  ( 3791): Starting ServerSocket on PORT 18888
V/SERVER  ( 3791): Started ServerSocket on PORT 18888
V/SERVER  ( 3791): Ready to accept connections on port: 18888
D/AndroidRuntime( 3806): 
D/AndroidRuntime( 3806): >>>>>> AndroidRuntime START com.android.internal.os.RuntimeInit <<<<<<
W/linker  ( 3806): libdvm.so has text relocations. This is wasting memory and is a security risk. Please fix.
D/AndroidRuntime( 3806): CheckJNI is ON
D/dalvikvm( 3806): Trying to load lib libjavacore.so 0x0
D/dalvikvm( 3806): Added shared lib libjavacore.so 0x0
D/dalvikvm( 3806): Trying to load lib libnativehelper.so 0x0
D/dalvikvm( 3806): Added shared lib libnativehelper.so 0x0
D/dalvikvm( 3806): No JNI_OnLoad found in libnativehelper.so 0x0, skipping init
D/dalvikvm( 3806): Note: class Landroid/app/ActivityManagerNative; has 179 unimplemented (abstract) methods
E/memtrack( 3806): Couldn't load memtrack module (No such file or directory)
E/android.os.Debug( 3806): failed to load memtrack module: -2
D/AndroidRuntime( 3806): Calling main entry com.android.commands.input.Input
I/Input   ( 3806): injectKeyEvent: KeyEvent { action=ACTION_DOWN, keyCode=KEYCODE_MENU, scanCode=0, metaState=0, flags=0x0, repeatCount=0, eventTime=208024, downTime=208024, deviceId=-1, source=0x101 }
I/Input   ( 3806): injectKeyEvent: KeyEvent { action=ACTION_UP, keyCode=KEYCODE_MENU, scanCode=0, metaState=0, flags=0x0, repeatCount=0, eventTime=208024, downTime=208024, deviceId=-1, source=0x101 }
D/EGL_emulation( 1965): eglMakeCurrent: 0xb90e4e90: ver 3 0
D/AndroidRuntime( 3806): Shutting down VM
D/jdwp    ( 3806): Got wake-up signal, bailing out of select
D/dalvikvm( 3806): Debugger has detached; object registry had 1 entries
E/SoundPool( 1568): error loading /system/media/audio/ui/Effect_Tick.ogg
W/AudioService( 1568): Soundpool could not load file: /system/media/audio/ui/Effect_Tick.ogg
E/SoundPool( 1568): error loading /system/media/audio/ui/Effect_Tick.ogg
W/AudioService( 1568): Soundpool could not load file: /system/media/audio/ui/Effect_Tick.ogg
E/SoundPool( 1568): error loading /system/media/audio/ui/Effect_Tick.ogg
W/AudioService( 1568): Soundpool could not load file: /system/media/audio/ui/Effect_Tick.ogg
E/SoundPool( 1568): error loading /system/media/audio/ui/Effect_Tick.ogg
W/AudioService( 1568): Soundpool could not load file: /system/media/audio/ui/Effect_Tick.ogg
E/SoundPool( 1568): error loading /system/media/audio/ui/Effect_Tick.ogg
W/AudioService( 1568): Soundpool could not load file: /system/media/audio/ui/Effect_Tick.ogg
E/SoundPool( 1568): error loading /system/media/audio/ui/KeypressStandard.ogg
W/AudioService( 1568): Soundpool could not load file: /system/media/audio/ui/KeypressStandard.ogg
E/SoundPool( 1568): error loading /system/media/audio/ui/KeypressSpacebar.ogg
W/AudioService( 1568): Soundpool could not load file: /system/media/audio/ui/KeypressSpacebar.ogg
E/SoundPool( 1568): error loading /system/media/audio/ui/KeypressDelete.ogg
W/AudioService( 1568): Soundpool could not load file: /system/media/audio/ui/KeypressDelete.ogg
E/SoundPool( 1568): error loading /system/media/audio/ui/KeypressReturn.ogg
W/AudioService( 1568): Soundpool could not load file: /system/media/audio/ui/KeypressReturn.ogg
E/SoundPool( 1568): error loading /system/media/audio/ui/KeypressInvalid.ogg
W/AudioService( 1568): Soundpool could not load file: /system/media/audio/ui/KeypressInvalid.ogg
W/AudioService( 1568): onLoadSoundEffects(), Error -1 while loading samples
W/InputMethodManagerService( 1568): Window already focused, ignoring focus gain of: com.android.internal.view.IInputMethodClient$Stub$Proxy@9d4c0960 attribute=null, token = android.os.BinderProxy@9d832130
D/AndroidRuntime( 3825): 
D/AndroidRuntime( 3825): >>>>>> AndroidRuntime START com.android.internal.os.RuntimeInit <<<<<<
W/linker  ( 3825): libdvm.so has text relocations. This is wasting memory and is a security risk. Please fix.
D/AndroidRuntime( 3825): CheckJNI is ON
D/dalvikvm( 3825): Trying to load lib libjavacore.so 0x0
D/dalvikvm( 3825): Added shared lib libjavacore.so 0x0
D/dalvikvm( 3825): Trying to load lib libnativehelper.so 0x0
D/dalvikvm( 3825): Added shared lib libnativehelper.so 0x0
D/dalvikvm( 3825): No JNI_OnLoad found in libnativehelper.so 0x0, skipping init
D/dalvikvm( 3825): Note: class Landroid/app/ActivityManagerNative; has 179 unimplemented (abstract) methods
E/memtrack( 3825): Couldn't load memtrack module (No such file or directory)
E/android.os.Debug( 3825): failed to load memtrack module: -2
D/AndroidRuntime( 3825): Calling main entry com.android.commands.pm.Pm
W/ActivityManager( 1568): No content provider found for permission revoke: file:///sdcard/aut.apk
W/ActivityManager( 1568): No content provider found for permission revoke: file:///sdcard/aut.apk
I/PackageManager( 1568): Copying native libraries to /data/app-lib/vmdl-1379244722
D/dalvikvm( 1568): GC_FOR_ALLOC freed 1328K, 44% free 8746K/15460K, paused 8ms, total 8ms
D/dalvikvm( 1568): GC_FOR_ALLOC freed 1272K, 43% free 8909K/15460K, paused 7ms, total 7ms
D/dalvikvm( 1568): GC_FOR_ALLOC freed 1463K, 43% free 8929K/15460K, paused 7ms, total 7ms
I/PackageManager( 1568): Running dexopt on: dev.pesic.rpncalc
W/linker  ( 3836): libdvm.so has text relocations. This is wasting memory and is a security risk. Please fix.
D/dalvikvm( 3836): DexOpt: couldn't find static field Landroid/os/Build;.SUPPORTED_ABIS
D/dalvikvm( 3836): DexOpt: load 3ms, verify+opt 12ms, 822884 bytes
I/ActivityManager( 1568): Force stopping dev.pesic.rpncalc appid=10061 user=-1: update pkg
D/dalvikvm( 1568): GC_FOR_ALLOC freed 1456K, 43% free 8962K/15460K, paused 7ms, total 7ms
I/InputReader( 1568): Reconfiguring input devices.  changes=0x00000010
W/Launcher.Model( 2206): Nobody to tell about the new app.  Launcher is probably loading.
D/Documents( 3540): Used cached roots for com.android.providers.downloads.documents
D/Documents( 3540): Used cached roots for com.android.externalstorage.documents
D/Documents( 3540): Used cached roots for com.android.providers.media.documents
D/Documents( 3540): Update found 6 roots in 4ms
I/PackageManager( 1568):   Action: "android.intent.action.SENDTO"
I/PackageManager( 1568):   Category: "android.intent.category.DEFAULT"
I/PackageManager( 1568):   Scheme: "sms"
I/PackageManager( 1568): Adding preferred activity ComponentInfo{com.android.mms/com.android.mms.ui.ComposeMessageActivity} for user 0 :
D/BackupManagerService( 1568): Received broadcast Intent { act=android.intent.action.PACKAGE_ADDED dat=package:dev.pesic.rpncalc flg=0x4000010 (has extras) }
I/PackageManager( 1568):   Action: "android.intent.action.SENDTO"
I/PackageManager( 1568):   Category: "android.intent.category.DEFAULT"
I/PackageManager( 1568):   Scheme: "smsto"
V/BackupManagerService( 1568): addPackageParticipantsLocked: #1
I/PackageManager( 1568): Adding preferred activity ComponentInfo{com.android.mms/com.android.mms.ui.ComposeMessageActivity} for user 0 :
D/dalvikvm( 1832): GC_FOR_ALLOC freed 454K, 18% free 3629K/4400K, paused 2ms, total 2ms
W/GCM     ( 1776): Unexpected forwarded intent: Intent { act=android.intent.action.PACKAGE_ADDED dat=package:dev.pesic.rpncalc flg=0x4000010 cmp=com.google.android.gms/.chimera.PersistentIntentOperationService (has extras) }
I/PackageManager( 1568):   Action: "android.intent.action.SENDTO"
I/PackageManager( 1568):   Category: "android.intent.category.DEFAULT"
I/PackageManager( 1568):   Scheme: "mms"
W/GCM     ( 1776): Unexpected forwarded intent: Intent { act=android.intent.action.PACKAGE_ADDED dat=package:dev.pesic.rpncalc flg=0x4000010 cmp=com.google.android.gms/.chimera.PersistentIntentOperationService (has extras) }
I/PackageManager( 1568): Adding preferred activity ComponentInfo{com.android.mms/com.android.mms.ui.ComposeMessageActivity} for user 0 :
I/Auth    ( 2072): [SupervisedAccountIntentOperation] onHandleIntent(): android.intent.action.PACKAGE_ADDED
I/Icing.InternalIcingCorporaProvider( 2168): Updating corpora: A: dev.pesic.rpncalc, C: MAYBE
I/ChromeSync( 2072): [Sync,SyncIntentOperation] Handling the intent: Intent { act=android.intent.action.PACKAGE_ADDED dat=package:dev.pesic.rpncalc flg=0x4000010 cmp=com.google.android.gms/.chimera.GmsIntentOperationService (has extras) }.
I/PackageManager( 1568):   Action: "android.intent.action.SENDTO"
I/PackageManager( 1568):   Category: "android.intent.category.DEFAULT"
I/PackageManager( 1568):   Scheme: "mmsto"
I/PackageManager( 1568): Adding preferred activity ComponentInfo{com.android.mms/com.android.mms.ui.ComposeMessageActivity} for user 0 :
I/ChromeSync( 2072): [Persistence,AffiliationManager] One of affiliation or grouping data for android://KSmUCdTXmQS-j9D_O8l1jvyu41Pjn2mc5cb0Gvx1e9H1Aj4JCzHs_uTW26nbtH65K-YfijtBsQxGp-8R6k6HFg==@dev.pesic.rpncalc/ was not found. Marking affiliation data as stale...
I/PackageManager( 1568):   Action: "android.intent.action.SENDTO"
I/PackageManager( 1568):   Category: "android.intent.category.DEFAULT"
I/PackageManager( 1568):   Scheme: "sms"
I/PackageManager( 1568): Adding preferred activity ComponentInfo{com.android.mms/com.android.mms.ui.ComposeMessageActivity} for user 0 :
D/dalvikvm( 1776): GC_FOR_ALLOC freed 1655K, 22% free 10370K/13228K, paused 30ms, total 30ms
I/PackageManager( 1568):   Action: "android.intent.action.SENDTO"
I/PackageManager( 1568):   Category: "android.intent.category.DEFAULT"
I/PackageManager( 1568):   Scheme: "smsto"
I/PackageManager( 1568): Adding preferred activity ComponentInfo{com.android.mms/com.android.mms.ui.ComposeMessageActivity} for user 0 :
W/ContextImpl( 2168): Implicit intents with startService are not safe: Intent { act=com.google.android.gms.icing.INDEX_SERVICE } android.content.ContextWrapper.bindService:517 com.google.android.gms.internal.av.a:-1 com.google.android.gms.internal.au.connect:-1 
D/dalvikvm( 1832): GC_FOR_ALLOC freed 414K, 17% free 3663K/4400K, paused 2ms, total 2ms
I/PackageManager( 1568):   Action: "android.intent.action.SENDTO"
I/PackageManager( 1568):   Category: "android.intent.category.DEFAULT"
I/PackageManager( 1568):   Scheme: "mms"
I/PackageManager( 1568):   Action: "android.intent.action.SENDTO"
I/PackageManager( 1568):   Category: "android.intent.category.DEFAULT"
I/PackageManager( 1568):   Scheme: "mmsto"
I/PackageManager( 1568): Adding preferred activity ComponentInfo{com.android.mms/com.android.mms.ui.ComposeMessageActivity} for user 0 :
I/PackageManager( 1568): Adding preferred activity ComponentInfo{com.android.mms/com.android.mms.ui.ComposeMessageActivity} for user 0 :
D/dalvikvm( 1568): GC_EXPLICIT freed 1781K, 44% free 8746K/15460K, paused 0ms+3ms, total 113ms
D/AndroidRuntime( 3825): Shutting down VM
D/jdwp    ( 3825): Got wake-up signal, bailing out of select
D/dalvikvm( 3825): Debugger has detached; object registry had 1 entries
D/EGL_emulation( 1965): eglMakeCurrent: 0xb90e4e90: ver 3 0
D/dalvikvm( 2072): GC_FOR_ALLOC freed 1950K, 12% free 21654K/24376K, paused 42ms, total 43ms
I/Icing   ( 2072): IndexChimeraService.getServiceInterface callingPackage=com.google.android.googlequicksearchbox componentName=null serviceId=21
W/Icing   ( 2072): No valid account for uploading user actions
I/Icing   ( 2072): Usage reports ok 0, Failed Usage reports 0, indexed 0, rejected 0
I/Icing   ( 2072): Indexing com.google.android.gms-apps from com.google.android.gms
I/Icing   ( 2072): Indexing done com.google.android.gms-apps
I/Icing   ( 2072): Indexing com.google.android.googlequicksearchbox-applications from com.google.android.googlequicksearchbox
I/Icing   ( 2072): Indexing com.google.android.gms-internal.3p:MobileApplication from com.google.android.gms
I/Icing   ( 2072): Indexing done com.google.android.googlequicksearchbox-applications
I/Icing   ( 2072): Indexing done com.google.android.gms-internal.3p:MobileApplication
D/AndroidRuntime( 3853): 
D/AndroidRuntime( 3853): >>>>>> AndroidRuntime START com.android.internal.os.RuntimeInit <<<<<<
W/linker  ( 3853): libdvm.so has text relocations. This is wasting memory and is a security risk. Please fix.
D/AndroidRuntime( 3853): CheckJNI is ON
D/dalvikvm( 3853): Trying to load lib libjavacore.so 0x0
D/dalvikvm( 3853): Added shared lib libjavacore.so 0x0
D/dalvikvm( 3853): Trying to load lib libnativehelper.so 0x0
D/dalvikvm( 3853): Added shared lib libnativehelper.so 0x0
D/dalvikvm( 3853): No JNI_OnLoad found in libnativehelper.so 0x0, skipping init
D/dalvikvm( 3853): Note: class Landroid/app/ActivityManagerNative; has 179 unimplemented (abstract) methods
E/memtrack( 3853): Couldn't load memtrack module (No such file or directory)
E/android.os.Debug( 3853): failed to load memtrack module: -2
D/AndroidRuntime( 3853): Calling main entry com.android.commands.pm.Pm
W/ActivityManager( 1568): No content provider found for permission revoke: file:///sdcard/ripper.apk
W/ActivityManager( 1568): No content provider found for permission revoke: file:///sdcard/ripper.apk
I/PackageManager( 1568): Copying native libraries to /data/app-lib/vmdl796316031
I/PackageParser( 1568): it.unina.android.ripper: compat added android.permission.WRITE_EXTERNAL_STORAGE android.permission.READ_PHONE_STATE
I/PackageManager( 1568): Running dexopt on: it.unina.android.ripper
W/linker  ( 3864): libdvm.so has text relocations. This is wasting memory and is a security risk. Please fix.
D/dalvikvm( 3864): DexOpt: load 2ms, verify+opt 18ms, 936700 bytes
I/ActivityManager( 1568): Force stopping it.unina.android.ripper appid=10062 user=-1: update pkg
W/Launcher.Model( 2206): Nobody to tell about the new app.  Launcher is probably loading.
I/InputReader( 1568): Reconfiguring input devices.  changes=0x00000010
D/Documents( 3540): Used cached roots for com.android.providers.downloads.documents
D/Documents( 3540): Used cached roots for com.android.externalstorage.documents
D/Documents( 3540): Used cached roots for com.android.providers.media.documents
D/Documents( 3540): Update found 6 roots in 7ms
I/PackageManager( 1568):   Action: "android.intent.action.SENDTO"
I/PackageManager( 1568):   Category: "android.intent.category.DEFAULT"
I/PackageManager( 1568):   Scheme: "sms"
D/BackupManagerService( 1568): Received broadcast Intent { act=android.intent.action.PACKAGE_ADDED dat=package:it.unina.android.ripper flg=0x4000010 (has extras) }
V/BackupManagerService( 1568): addPackageParticipantsLocked: #1
I/PackageManager( 1568): Adding preferred activity ComponentInfo{com.android.mms/com.android.mms.ui.ComposeMessageActivity} for user 0 :
I/PackageManager( 1568):   Action: "android.intent.action.SENDTO"
I/PackageManager( 1568):   Category: "android.intent.category.DEFAULT"
I/PackageManager( 1568):   Scheme: "smsto"
I/PackageManager( 1568): Adding preferred activity ComponentInfo{com.android.mms/com.android.mms.ui.ComposeMessageActivity} for user 0 :
W/GCM     ( 1776): Unexpected forwarded intent: Intent { act=android.intent.action.PACKAGE_ADDED dat=package:it.unina.android.ripper flg=0x4000010 cmp=com.google.android.gms/.chimera.PersistentIntentOperationService (has extras) }
W/GCM     ( 1776): Unexpected forwarded intent: Intent { act=android.intent.action.PACKAGE_ADDED dat=package:it.unina.android.ripper flg=0x4000010 cmp=com.google.android.gms/.chimera.PersistentIntentOperationService (has extras) }
I/Auth    ( 2072): [SupervisedAccountIntentOperation] onHandleIntent(): android.intent.action.PACKAGE_ADDED
I/ChromeSync( 2072): [Sync,SyncIntentOperation] Handling the intent: Intent { act=android.intent.action.PACKAGE_ADDED dat=package:it.unina.android.ripper flg=0x4000010 cmp=com.google.android.gms/.chimera.GmsIntentOperationService (has extras) }.
I/FontLog ( 2072): Package it.unina.android.ripper has no metadata [CONTEXT service_id=132 ]
I/Icing.InternalIcingCorporaProvider( 2168): Updating corpora: A: it.unina.android.ripper, C: MAYBE
D/dalvikvm( 1832): GC_FOR_ALLOC freed 454K, 18% free 3630K/4400K, paused 14ms, total 14ms
I/PackageManager( 1568):   Action: "android.intent.action.SENDTO"
I/PackageManager( 1568):   Category: "android.intent.category.DEFAULT"
I/PackageManager( 1568):   Scheme: "mms"
D/dalvikvm( 1568): GC_EXPLICIT freed 1424K, 44% free 8752K/15460K, paused 16ms+4ms, total 63ms
D/AndroidRuntime( 3853): Shutting down VM
I/PackageManager( 1568): Adding preferred activity ComponentInfo{com.android.mms/com.android.mms.ui.ComposeMessageActivity} for user 0 :
D/jdwp    ( 3853): Got wake-up signal, bailing out of select
D/dalvikvm( 3853): Debugger has detached; object registry had 1 entries
I/ChromeSync( 2072): [Persistence,AffiliationManager] One of affiliation or grouping data for android://KSmUCdTXmQS-j9D_O8l1jvyu41Pjn2mc5cb0Gvx1e9H1Aj4JCzHs_uTW26nbtH65K-YfijtBsQxGp-8R6k6HFg==@it.unina.android.ripper/ was not found. Marking affiliation data as stale...
I/PackageManager( 1568):   Action: "android.intent.action.SENDTO"
I/PackageManager( 1568):   Category: "android.intent.category.DEFAULT"
I/PackageManager( 1568):   Scheme: "mmsto"
I/PackageManager( 1568): Adding preferred activity ComponentInfo{com.android.mms/com.android.mms.ui.ComposeMessageActivity} for user 0 :
I/PackageManager( 1568):   Action: "android.intent.action.SENDTO"
I/PackageManager( 1568):   Category: "android.intent.category.DEFAULT"
I/PackageManager( 1568):   Scheme: "sms"
I/PackageManager( 1568): Adding preferred activity ComponentInfo{com.android.mms/com.android.mms.ui.ComposeMessageActivity} for user 0 :
I/PackageManager( 1568):   Action: "android.intent.action.SENDTO"
I/PackageManager( 1568):   Category: "android.intent.category.DEFAULT"
I/PackageManager( 1568):   Scheme: "smsto"
I/PackageManager( 1568): Adding preferred activity ComponentInfo{com.android.mms/com.android.mms.ui.ComposeMessageActivity} for user 0 :
I/Icing   ( 2072): IndexChimeraService.getServiceInterface callingPackage=com.google.android.googlequicksearchbox componentName=null serviceId=21
W/Icing.InternalIcingCorporaProvider( 2168): Application table change notification failed.
D/dalvikvm( 1832): GC_FOR_ALLOC freed 419K, 17% free 3663K/4400K, paused 3ms, total 3ms
I/PackageManager( 1568):   Action: "android.intent.action.SENDTO"
I/PackageManager( 1568):   Category: "android.intent.category.DEFAULT"
I/PackageManager( 1568):   Scheme: "mms"
I/PackageManager( 1568):   Action: "android.intent.action.SENDTO"
I/PackageManager( 1568):   Category: "android.intent.category.DEFAULT"
I/PackageManager( 1568):   Scheme: "mmsto"
I/PackageManager( 1568): Adding preferred activity ComponentInfo{com.android.mms/com.android.mms.ui.ComposeMessageActivity} for user 0 :
I/PackageManager( 1568): Adding preferred activity ComponentInfo{com.android.mms/com.android.mms.ui.ComposeMessageActivity} for user 0 :
W/Icing   ( 2072): No valid account for uploading user actions
I/Icing   ( 2072): Usage reports ok 0, Failed Usage reports 0, indexed 0, rejected 0
I/Icing   ( 2072): Indexing com.google.android.gms-apps from com.google.android.gms
I/Icing   ( 2072): Indexing done com.google.android.gms-apps
D/AndroidRuntime( 3870): 
D/AndroidRuntime( 3870): >>>>>> AndroidRuntime START com.android.internal.os.RuntimeInit <<<<<<
W/linker  ( 3870): libdvm.so has text relocations. This is wasting memory and is a security risk. Please fix.
D/AndroidRuntime( 3870): CheckJNI is ON
D/dalvikvm( 3870): Trying to load lib libjavacore.so 0x0
D/dalvikvm( 3870): Added shared lib libjavacore.so 0x0
D/dalvikvm( 3870): Trying to load lib libnativehelper.so 0x0
D/dalvikvm( 3870): Added shared lib libnativehelper.so 0x0
D/dalvikvm( 3870): No JNI_OnLoad found in libnativehelper.so 0x0, skipping init
D/dalvikvm( 3870): Note: class Landroid/app/ActivityManagerNative; has 179 unimplemented (abstract) methods
E/memtrack( 3870): Couldn't load memtrack module (No such file or directory)
E/android.os.Debug( 3870): failed to load memtrack module: -2
D/AndroidRuntime( 3870): Calling main entry com.android.commands.am.Am
I/ActivityManager( 1568): Force stopping dev.pesic.rpncalc appid=10061 user=0: start instr
I/ActivityManager( 1568): Start proc dev.pesic.rpncalc for added application dev.pesic.rpncalc: pid=3881 uid=10061 gids={50061}
I/dalvikvm( 3881): Could not find method android.content.res.Resources.getDrawable, referenced from method io.flutter.embedding.android.e.B
W/dalvikvm( 3881): VFY: unable to resolve virtual method 284: Landroid/content/res/Resources;.getDrawable (ILandroid/content/res/Resources$Theme;)Landroid/graphics/drawable/Drawable;
D/dalvikvm( 3881): VFY: replacing opcode 0x6e at 0x001f
I/dalvikvm( 3881): Could not find method android.view.Window.setStatusBarColor, referenced from method io.flutter.embedding.android.e.y
W/dalvikvm( 3881): VFY: unable to resolve virtual method 647: Landroid/view/Window;.setStatusBarColor (I)V
D/dalvikvm( 3881): VFY: replacing opcode 0x6e at 0x0011
I/TestRunner( 3881): started: testApplication(it.unina.android.ripper.RipperTestCase)
E/dalvikvm( 3881): Could not find class 'java.util.Locale$Builder', referenced from method io.flutter.embedding.engine.FlutterJNI.computePlatformResolvedLocale
W/dalvikvm( 3881): VFY: unable to resolve new-instance 673 (Ljava/util/Locale$Builder;) in Lio/flutter/embedding/engine/FlutterJNI;
D/dalvikvm( 3881): VFY: replacing opcode 0x22 at 0x0023
I/dalvikvm( 3881): Could not find method java.util.Locale.getScript, referenced from method io.flutter.embedding.engine.FlutterJNI.computePlatformResolvedLocale
W/dalvikvm( 3881): VFY: unable to resolve virtual method 3107: Ljava/util/Locale;.getScript ()Ljava/lang/String;
D/dalvikvm( 3881): VFY: replacing opcode 0x6e at 0x0076
D/dalvikvm( 3881): DexOpt: unable to opt direct call 0x0c18 at 0x25 in Lio/flutter/embedding/engine/FlutterJNI;.computePlatformResolvedLocale
V/AndroidRipperService( 3791): onBind()
V/AndroidRipperService( 3791): onBind()
I/dalvikvm( 3881): Could not find method android.security.NetworkSecurityPolicy.getInstance, referenced from method io.flutter.embedding.engine.g.a.b
W/dalvikvm( 3881): VFY: unable to resolve static method 423: Landroid/security/NetworkSecurityPolicy;.getInstance ()Landroid/security/NetworkSecurityPolicy;
D/dalvikvm( 3881): VFY: replacing opcode 0x71 at 0x000b
V/AndroidRipperService( 3791): register()
I/ActivityManager( 1568): START u0 {act=android.intent.action.MAIN flg=0x10000000 cmp=dev.pesic.rpncalc/.MainActivity} from pid 3881
D/dalvikvm( 1568): GC_FOR_ALLOC freed 1315K, 46% free 8479K/15460K, paused 10ms, total 10ms
I/dalvikvm( 3881): Could not find method java.util.Locale.getScript, referenced from method io.flutter.embedding.engine.i.f.a
W/dalvikvm( 3881): VFY: unable to resolve virtual method 3107: Ljava/util/Locale;.getScript ()Ljava/lang/String;
D/dalvikvm( 3881): VFY: replacing opcode 0x6e at 0x0065
I/dalvikvm( 3881): Could not find method android.content.res.Configuration.getLocales, referenced from method c.a.c.b.a.a
W/dalvikvm( 3881): VFY: unable to resolve virtual method 279: Landroid/content/res/Configuration;.getLocales ()Landroid/os/LocaleList;
D/dalvikvm( 3881): VFY: replacing opcode 0x6e at 0x0020
I/dalvikvm( 3881): Could not find method android.content.res.Configuration.getLocales, referenced from method c.a.c.b.a.a
W/dalvikvm( 3881): VFY: unable to resolve virtual method 279: Landroid/content/res/Configuration;.getLocales ()Landroid/os/LocaleList;
D/dalvikvm( 3881): VFY: replacing opcode 0x6e at 0x00c5
I/dalvikvm( 3881): Could not find method android.content.res.Configuration.getLocales, referenced from method c.a.c.b.a.a
W/dalvikvm( 3881): VFY: unable to resolve virtual method 279: Landroid/content/res/Configuration;.getLocales ()Landroid/os/LocaleList;
D/dalvikvm( 3881): VFY: replacing opcode 0x6e at 0x000b
D/dalvikvm( 3881): DexOpt: unable to opt direct call 0x0c1d at 0x77 in Lc/a/c/b/a;.a
D/dalvikvm( 3881): DexOpt: unable to opt direct call 0x0c1d at 0x83 in Lc/a/c/b/a;.a
D/dalvikvm( 3881): DexOpt: unable to opt direct call 0x0c1d at 0xa0 in Lc/a/c/b/a;.a
E/FlutterLoader( 3881): Flutter initialization failed.
E/FlutterLoader( 3881): java.util.concurrent.ExecutionException: java.lang.UnsatisfiedLinkError: Couldn't load flutter from loader dalvik.system.PathClassLoader[DexPathList[[zip file "/system/framework/android.test.runner.jar", zip file "/data/app/it.unina.android.ripper-1.apk", zip file "/data/app/dev.pesic.rpncalc-1.apk"],nativeLibraryDirectories=[/data/app-lib/it.unina.android.ripper-1, /data/app-lib/dev.pesic.rpncalc-1, /vendor/lib, /system/lib]]]: findLibrary returned null
E/FlutterLoader( 3881): 	at java.util.concurrent.FutureTask.report(FutureTask.java:93)
E/FlutterLoader( 3881): 	at java.util.concurrent.FutureTask.get(FutureTask.java:163)
E/FlutterLoader( 3881): 	at io.flutter.embedding.engine.g.c.a()
E/FlutterLoader( 3881): 	at io.flutter.embedding.engine.a.<init>()
E/FlutterLoader( 3881): 	at io.flutter.embedding.engine.a.<init>()
E/FlutterLoader( 3881): 	at io.flutter.embedding.android.f.o()
E/FlutterLoader( 3881): 	at io.flutter.embedding.android.f.a()
E/FlutterLoader( 3881): 	at io.flutter.embedding.android.e.onCreate()
E/FlutterLoader( 3881): 	at android.app.Activity.performCreate(Activity.java:5231)
E/FlutterLoader( 3881): 	at android.app.Instrumentation.callActivityOnCreate(Instrumentation.java:1087)
E/FlutterLoader( 3881): 	at android.app.ActivityThread.performLaunchActivity(ActivityThread.java:2159)
E/FlutterLoader( 3881): 	at android.app.ActivityThread.handleLaunchActivity(ActivityThread.java:2245)
E/FlutterLoader( 3881): 	at android.app.ActivityThread.access$800(ActivityThread.java:135)
E/FlutterLoader( 3881): 	at android.app.ActivityThread$H.handleMessage(ActivityThread.java:1196)
E/FlutterLoader( 3881): 	at android.os.Handler.dispatchMessage(Handler.java:102)
E/FlutterLoader( 3881): 	at android.os.Looper.loop(Looper.java:136)
E/FlutterLoader( 3881): 	at android.app.ActivityThread.main(ActivityThread.java:5017)
E/FlutterLoader( 3881): 	at java.lang.reflect.Method.invokeNative(Native Method)
E/FlutterLoader( 3881): 	at java.lang.reflect.Method.invoke(Method.java:515)
E/FlutterLoader( 3881): 	at com.android.internal.os.ZygoteInit$MethodAndArgsCaller.run(ZygoteInit.java:779)
E/FlutterLoader( 3881): 	at com.android.internal.os.ZygoteInit.main(ZygoteInit.java:595)
E/FlutterLoader( 3881): 	at dalvik.system.NativeStart.main(Native Method)
E/FlutterLoader( 3881): Caused by: java.lang.UnsatisfiedLinkError: Couldn't load flutter from loader dalvik.system.PathClassLoader[DexPathList[[zip file "/system/framework/android.test.runner.jar", zip file "/data/app/it.unina.android.ripper-1.apk", zip file "/data/app/dev.pesic.rpncalc-1.apk"],nativeLibraryDirectories=[/data/app-lib/it.unina.android.ripper-1, /data/app-lib/dev.pesic.rpncalc-1, /vendor/lib, /system/lib]]]: findLibrary returned null
E/FlutterLoader( 3881): 	at java.lang.Runtime.loadLibrary(Runtime.java:358)
E/FlutterLoader( 3881): 	at java.lang.System.loadLibrary(System.java:526)
