I/ModuleSetMgr( 2072): Pending non-container module APKs: []
D/dalvikvm( 2072): GC_FOR_ALLOC freed 1483K, 11% free 21360K/23808K, paused 17ms, total 17ms
D/dalvikvm( 2072): GC_FOR_ALLOC freed 1609K, 9% free 21799K/23808K, paused 18ms, total 19ms
D/dalvikvm( 2072): GC_FOR_ALLOC freed 1944K, 10% free 21906K/24100K, paused 23ms, total 23ms
D/dalvikvm( 2072): GC_FOR_ALLOC freed 608K, 12% free 21395K/24100K, paused 19ms, total 19ms
I/dalvikvm-heap( 2072): Grow heap (frag case) to 21.403MB for 279784-byte allocation
D/dalvikvm( 2072): GC_FOR_ALLOC freed 0K, 12% free 21668K/24376K, paused 18ms, total 18ms
I/ChimeraCfgMgr( 2072): Updating module config: container:2024149000700 -> container:2024149000700
E/DowngradeHelper( 2072): isModuleDowngradeRequired false
E/ConfigFileUtils( 2072): Failed to read config file: /data/data/com.google.android.gms/app_chimera/current_modules_init.pb: open failed: ENOENT (No such file or directory)
I/ChimeraCfgMgr( 2072): Sending com.google.android.chimera.IntentOperation.NEW_MODULE Intents: 1,false,true
I/ChmraDebugLogger( 2072): [46] container:2024149000700
I/ChimeraCfgMgr( 2072): Received com.google.android.chimera.IntentOperation.NEW_MODULE(1/0): 1,false
D/dalvikvm( 2072): GC_FOR_ALLOC freed 2939K, 15% free 20775K/24376K, paused 19ms, total 19ms
E/PhenotypeRegOp( 2072): Attempting to overwrite config package for com.google.android.gms.games [CONTEXT service_id=231 ]
E/PhenotypeRegOp( 2072): Attempting to overwrite config package for com.google.android.gms.mobile_data_plan [CONTEXT service_id=231 ]
E/PhenotypeRegOp( 2072): Attempting to overwrite config package for com.google.android.gms.signin [CONTEXT service_id=231 ]
E/PhenotypeRegOp( 2072): Attempting to overwrite config package for com.google.android.gms.udc [CONTEXT service_id=231 ]
D/dalvikvm( 1776): GC_FOR_ALLOC freed 1975K, 23% free 10233K/13228K, paused 10ms, total 10ms
I/ActivityManager( 1568): Killing 1952:com.android.externalstorage/u0a6 (adj 15): empty #17
I/Vision  ( 2072): Requesting optional module download of ocr.
I/Vision  ( 2072): Exceeded maximum feature download tries for ocr
W/Vision  ( 2072): Request of optional module download of ocr failed.
I/Vision  ( 2072): Checking for download completion for 58886 -- ocr
W/Launcher.Model( 2206): Nobody to tell about the new app.  Launcher is probably loading.
I/InputReader( 1568): Reconfiguring input devices.  changes=0x00000010
I/Fitness ( 1776): OnPackageChangedOperation got intent: Intent { act=android.intent.action.PACKAGE_CHANGED dat=package:com.google.android.gsf flg=0x4000010 cmp=com.google.android.gms/.chimera.PersistentIntentOperationService (has extras) } [CONTEXT service_id=17 ]
I/PackageManager( 1568):   Action: "android.intent.action.SENDTO"
I/PackageManager( 1568):   Category: "android.intent.category.DEFAULT"
I/PackageManager( 1568):   Scheme: "sms"
W/Launcher( 2206): setApplicationContext called twice! old=com.google.android.velvet.VelvetApplication@9d02d9e0 new=com.google.android.velvet.VelvetApplication@9d02d9e0
I/PackageManager( 1568): Adding preferred activity ComponentInfo{com.android.mms/com.android.mms.ui.ComposeMessageActivity} for user 0 :
I/Fitness ( 1776): FitCleanupIntentOperation received Intent android.intent.action.PACKAGE_CHANGED [CONTEXT service_id=17 ]
I/PackageManager( 1568):   Action: "android.intent.action.SENDTO"
I/PackageManager( 1568):   Category: "android.intent.category.DEFAULT"
I/PackageManager( 1568):   Scheme: "smsto"
I/Icing.InternalIcingCorporaProvider( 2168): Updating corpora: A: com.google.android.gsf, C: MAYBE
I/PackageManager( 1568): Adding preferred activity ComponentInfo{com.android.mms/com.android.mms.ui.ComposeMessageActivity} for user 0 :
D/dalvikvm( 1832): GC_FOR_ALLOC freed 458K, 18% free 3630K/4400K, paused 2ms, total 3ms
I/PackageManager( 1568):   Action: "android.intent.action.SENDTO"
I/PackageManager( 1568):   Category: "android.intent.category.DEFAULT"
I/PackageManager( 1568):   Scheme: "mms"
I/PackageManager( 1568): Adding preferred activity ComponentInfo{com.android.mms/com.android.mms.ui.ComposeMessageActivity} for user 0 :
I/PackageManager( 1568):   Action: "android.intent.action.SENDTO"
I/PackageManager( 1568):   Category: "android.intent.category.DEFAULT"
I/PackageManager( 1568):   Scheme: "mmsto"
I/PackageManager( 1568):   Action: "android.intent.action.SENDTO"
I/PackageManager( 1568):   Category: "android.intent.category.DEFAULT"
I/PackageManager( 1568):   Scheme: "sms"
I/PackageManager( 1568): Adding preferred activity ComponentInfo{com.android.mms/com.android.mms.ui.ComposeMessageActivity} for user 0 :
I/PackageManager( 1568): Adding preferred activity ComponentInfo{com.android.mms/com.android.mms.ui.ComposeMessageActivity} for user 0 :
W/ContextImpl( 2168): Implicit intents with startService are not safe: Intent { act=com.google.android.gms.icing.INDEX_SERVICE } android.content.ContextWrapper.bindService:517 com.google.android.gms.internal.av.a:-1 com.google.android.gms.internal.au.connect:-1 
I/PackageManager( 1568):   Action: "android.intent.action.SENDTO"
I/PackageManager( 1568):   Category: "android.intent.category.DEFAULT"
I/PackageManager( 1568):   Scheme: "smsto"
I/PackageManager( 1568): Adding preferred activity ComponentInfo{com.android.mms/com.android.mms.ui.ComposeMessageActivity} for user 0 :
D/dalvikvm( 1832): GC_FOR_ALLOC freed 414K, 17% free 3663K/4400K, paused 2ms, total 2ms
I/PackageManager( 1568):   Action: "android.intent.action.SENDTO"
I/PackageManager( 1568):   Category: "android.intent.category.DEFAULT"
I/PackageManager( 1568):   Scheme: "mms"
I/PackageManager( 1568): Adding preferred activity ComponentInfo{com.android.mms/com.android.mms.ui.ComposeMessageActivity} for user 0 :
D/dalvikvm( 1568): GC_FOR_ALLOC freed 1212K, 48% free 7753K/14816K, paused 11ms, total 11ms
I/Icing   ( 2072): IndexChimeraService.getServiceInterface callingPackage=com.google.android.googlequicksearchbox componentName=null serviceId=21
I/PackageManager( 1568):   Action: "android.intent.action.SENDTO"
I/PackageManager( 1568):   Category: "android.intent.category.DEFAULT"
I/PackageManager( 1568):   Scheme: "mmsto"
I/PackageManager( 1568): Adding preferred activity ComponentInfo{com.android.mms/com.android.mms.ui.ComposeMessageActivity} for user 0 :
I/Icing   ( 2072): Indexing com.google.android.gms-apps from com.google.android.gms
W/Icing.InternalIcingCorporaProvider( 2168): Application table change notification failed.
I/Icing   ( 2072): Indexing done com.google.android.gms-apps
W/Icing   ( 2072): No valid account for uploading user actions
I/Icing   ( 2072): Usage reports ok 0, Failed Usage reports 0, indexed 0, rejected 0
D/InitAlarmsService( 2332): Clearing and rescheduling alarms.
I/ActivityManager( 1568): Killing 1883:com.android.printspooler/u0a44 (adj 15): empty #17
W/Nearby  ( 1776): Failed attempt #3 out of 3 for RestoreDeviceName [CONTEXT service_id=49 ]
W/Nearby  ( 1776): java.lang.IllegalStateException: BluetoothAdapter not ready yet!
W/Nearby  ( 1776): 	at adap.d(:com.google.android.gms@202414005@20.24.14 (000700-319035315):2)
W/Nearby  ( 1776): 	at adao.run(Unknown Source)
W/Nearby  ( 1776): 	at bksp.call(Unknown Source)
W/Nearby  ( 1776): 	at bksu.a(:com.google.android.gms@202414005@20.24.14 (000700-319035315):2)
W/Nearby  ( 1776): 	at bksu.a(:com.google.android.gms@202414005@20.24.14 (000700-319035315):9)
W/Nearby  ( 1776): 	at adan.run(Unknown Source)
W/Nearby  ( 1776): 	at java.lang.Thread.run(Thread.java:841)
W/Nearby  ( 1776): 	at nln.run(Unknown Source)
W/Nearby  ( 1776): 	at java.util.concurrent.ThreadPoolExecutor.runWorker(ThreadPoolExecutor.java:1112)
W/Nearby  ( 1776): 	at java.util.concurrent.ThreadPoolExecutor$Worker.run(ThreadPoolExecutor.java:587)
W/Nearby  ( 1776): 	at nrd.run(:com.google.android.gms@202414005@20.24.14 (000700-319035315):0)
W/Nearby  ( 1776): 	at java.lang.Thread.run(Thread.java:841)
I/Vision  ( 2072): Requesting optional module download of ocr.
I/Vision  ( 2072): Checking for download completion for 69377 -- ocr
I/ChimeraConfigurator( 2072): Starting update, reason: 4 urgentFeatures: vision.ocr:-1
E/ConfigFileUtils( 2072): Failed to read config file: /data/data/com.google.android.gms/app_chimera/next_container.pb: open failed: ENOENT (No such file or directory)
I/ChmraDebugLogger( 2072): [73] 1801
I/ChmraDebugLogger( 2072): [30] [VisionOcr.optional:202414000700] permitMetered=true,
W/ChimeraConfigService( 2072): Retry attempt was throttled.
D/ConnectivityService( 1568): Sampling interval elapsed, updating statistics ..
D/ConnectivityService( 1568): Done.
D/ConnectivityService( 1568): Setting timer for 720seconds
I/Vision  ( 2072): Requesting optional module download of ocr.
I/Vision  ( 2072): Checking for download completion for 79386 -- ocr
I/MediaFocusControl( 1568):  AudioFocus  abandonAudioFocus() from android.media.AudioManager@9d038098com.android.music.MediaPlaybackService$3@9d036f98
W/MediaFocusControl( 1568):   RemoteControlClient died
I/ActivityManager( 1568): Killing 2136:com.android.music/u0a36 (adj 15): empty #17
D/AndroidRuntime( 2900): 
D/AndroidRuntime( 2900): >>>>>> AndroidRuntime START com.android.internal.os.RuntimeInit <<<<<<
W/linker  ( 2900): libdvm.so has text relocations. This is wasting memory and is a security risk. Please fix.
D/AndroidRuntime( 2900): CheckJNI is ON
D/dalvikvm( 2900): Trying to load lib libjavacore.so 0x0
D/dalvikvm( 2900): Added shared lib libjavacore.so 0x0
D/dalvikvm( 2900): Trying to load lib libnativehelper.so 0x0
D/dalvikvm( 2900): Added shared lib libnativehelper.so 0x0
D/dalvikvm( 2900): No JNI_OnLoad found in libnativehelper.so 0x0, skipping init
D/dalvikvm( 2900): Note: class Landroid/app/ActivityManagerNative; has 179 unimplemented (abstract) methods
E/memtrack( 2900): Couldn't load memtrack module (No such file or directory)
E/android.os.Debug( 2900): failed to load memtrack module: -2
D/AndroidRuntime( 2900): Calling main entry com.android.commands.pm.Pm
D/AndroidRuntime( 2900): Shutting down VM
D/jdwp    ( 2900): Got wake-up signal, bailing out of select
D/dalvikvm( 2900): Debugger has detached; object registry had 1 entries
D/AndroidRuntime( 2913): 
D/AndroidRuntime( 2913): >>>>>> AndroidRuntime START com.android.internal.os.RuntimeInit <<<<<<
W/linker  ( 2913): libdvm.so has text relocations. This is wasting memory and is a security risk. Please fix.
D/AndroidRuntime( 2913): CheckJNI is ON
D/dalvikvm( 2913): Trying to load lib libjavacore.so 0x0
D/dalvikvm( 2913): Added shared lib libjavacore.so 0x0
D/dalvikvm( 2913): Trying to load lib libnativehelper.so 0x0
D/dalvikvm( 2913): Added shared lib libnativehelper.so 0x0
D/dalvikvm( 2913): No JNI_OnLoad found in libnativehelper.so 0x0, skipping init
D/dalvikvm( 2913): Note: class Landroid/app/ActivityManagerNative; has 179 unimplemented (abstract) methods
E/memtrack( 2913): Couldn't load memtrack module (No such file or directory)
E/android.os.Debug( 2913): failed to load memtrack module: -2
D/AndroidRuntime( 2913): Calling main entry com.android.commands.pm.Pm
D/AndroidRuntime( 2913): Shutting down VM
D/jdwp    ( 2913): Got wake-up signal, bailing out of select
D/dalvikvm( 2913): Debugger has detached; object registry had 1 entries
D/AndroidRuntime( 2924): 
D/AndroidRuntime( 2924): >>>>>> AndroidRuntime START com.android.internal.os.RuntimeInit <<<<<<
W/linker  ( 2924): libdvm.so has text relocations. This is wasting memory and is a security risk. Please fix.
D/AndroidRuntime( 2924): CheckJNI is ON
D/dalvikvm( 2924): Trying to load lib libjavacore.so 0x0
D/dalvikvm( 2924): Added shared lib libjavacore.so 0x0
D/dalvikvm( 2924): Trying to load lib libnativehelper.so 0x0
D/dalvikvm( 2924): Added shared lib libnativehelper.so 0x0
D/dalvikvm( 2924): No JNI_OnLoad found in libnativehelper.so 0x0, skipping init
D/dalvikvm( 2924): Note: class Landroid/app/ActivityManagerNative; has 179 unimplemented (abstract) methods
E/memtrack( 2924): Couldn't load memtrack module (No such file or directory)
E/android.os.Debug( 2924): failed to load memtrack module: -2
D/AndroidRuntime( 2924): Calling main entry com.android.commands.pm.Pm
D/AndroidRuntime( 2924): Shutting down VM
D/jdwp    ( 2924): Got wake-up signal, bailing out of select
D/dalvikvm( 2924): Debugger has detached; object registry had 1 entries
D/AndroidRuntime( 2940): 
D/AndroidRuntime( 2940): >>>>>> AndroidRuntime START com.android.internal.os.RuntimeInit <<<<<<
W/linker  ( 2940): libdvm.so has text relocations. This is wasting memory and is a security risk. Please fix.
D/AndroidRuntime( 2940): CheckJNI is ON
D/dalvikvm( 2940): Trying to load lib libjavacore.so 0x0
D/dalvikvm( 2940): Added shared lib libjavacore.so 0x0
D/dalvikvm( 2940): Trying to load lib libnativehelper.so 0x0
D/dalvikvm( 2940): Added shared lib libnativehelper.so 0x0
D/dalvikvm( 2940): No JNI_OnLoad found in libnativehelper.so 0x0, skipping init
D/dalvikvm( 2940): Note: class Landroid/app/ActivityManagerNative; has 179 unimplemented (abstract) methods
E/memtrack( 2940): Couldn't load memtrack module (No such file or directory)
E/android.os.Debug( 2940): failed to load memtrack module: -2
D/AndroidRuntime( 2940): Calling main entry com.android.commands.pm.Pm
I/PackageManager( 1568): Running dexopt on: com.android.defcontainer
W/linker  ( 2963): libdvm.so has text relocations. This is wasting memory and is a security risk. Please fix.
I/ActivityManager( 1568): Start proc com.android.defcontainer for service com.android.defcontainer/.DefaultContainerService: pid=2950 uid=10003 gids={50003, 1028, 1015, 1023, 2001, 1035}
D/dalvikvm( 2963): DexOpt: load 1ms, verify+opt 2ms, 201428 bytes
W/ActivityManager( 1568): No content provider found for permission revoke: file:///data/local/tmp/AndroidRipperService.apk
W/ActivityManager( 1568): No content provider found for permission revoke: file:///data/local/tmp/AndroidRipperService.apk
I/PackageManager( 1568): Copying native libraries to /data/app-lib/vmdl540996405
I/PackageParser( 1568): it.unina.android.ripper_service: compat added android.permission.WRITE_EXTERNAL_STORAGE android.permission.READ_PHONE_STATE
I/PackageManager( 1568): Running dexopt on: it.unina.android.ripper_service
W/linker  ( 2965): libdvm.so has text relocations. This is wasting memory and is a security risk. Please fix.
D/dalvikvm( 2965): DexOpt: load 6ms, verify+opt 24ms, 1117628 bytes
I/ActivityManager( 1568): Force stopping it.unina.android.ripper_service appid=10057 user=-1: update pkg
I/InputReader( 1568): Reconfiguring input devices.  changes=0x00000010
D/dalvikvm( 2206): GC_FOR_ALLOC freed 289K, 16% free 3460K/4072K, paused 2ms, total 2ms
W/Launcher.Model( 2206): Nobody to tell about the new app.  Launcher is probably loading.
D/dalvikvm( 1568): GC_FOR_ALLOC freed 1162K, 48% free 7785K/14816K, paused 9ms, total 9ms
I/PackageManager( 1568):   Action: "android.intent.action.SENDTO"
I/PackageManager( 1568):   Category: "android.intent.category.DEFAULT"
I/PackageManager( 1568):   Scheme: "sms"
I/PackageManager( 1568): Adding preferred activity ComponentInfo{com.android.mms/com.android.mms.ui.ComposeMessageActivity} for user 0 :
I/PackageManager( 1568):   Action: "android.intent.action.SENDTO"
I/PackageManager( 1568):   Category: "android.intent.category.DEFAULT"
I/PackageManager( 1568):   Scheme: "smsto"
D/BackupManagerService( 1568): Received broadcast Intent { act=android.intent.action.PACKAGE_ADDED dat=package:it.unina.android.ripper_service flg=0x4000010 (has extras) }
I/PackageManager( 1568): Adding preferred activity ComponentInfo{com.android.mms/com.android.mms.ui.ComposeMessageActivity} for user 0 :
D/dalvikvm( 1832): GC_FOR_ALLOC freed 466K, 18% free 3629K/4400K, paused 1ms, total 1ms
I/PackageManager( 1568):   Action: "android.intent.action.SENDTO"
I/PackageManager( 1568):   Category: "android.intent.category.DEFAULT"
I/PackageManager( 1568):   Scheme: "mms"
V/BackupManagerService( 1568): addPackageParticipantsLocked: #1
I/PackageManager( 1568): Adding preferred activity ComponentInfo{com.android.mms/com.android.mms.ui.ComposeMessageActivity} for user 0 :
I/PackageManager( 1568):   Action: "android.intent.action.SENDTO"
I/PackageManager( 1568):   Category: "android.intent.category.DEFAULT"
I/PackageManager( 1568):   Scheme: "mmsto"
I/PackageManager( 1568): Adding preferred activity ComponentInfo{com.android.mms/com.android.mms.ui.ComposeMessageActivity} for user 0 :
I/PackageManager( 1568):   Action: "android.intent.action.SENDTO"
I/PackageManager( 1568):   Category: "android.intent.category.DEFAULT"
I/PackageManager( 1568):   Scheme: "sms"
I/Icing.InternalIcingCorporaProvider( 2168): Updating corpora: A: it.unina.android.ripper_service, C: MAYBE
I/PackageManager( 1568):   Action: "android.intent.action.SENDTO"
I/PackageManager( 1568):   Category: "android.intent.category.DEFAULT"
I/PackageManager( 1568):   Scheme: "smsto"
I/PackageManager( 1568): Adding preferred activity ComponentInfo{com.android.mms/com.android.mms.ui.ComposeMessageActivity} for user 0 :
I/PackageManager( 1568): Adding preferred activity ComponentInfo{com.android.mms/com.android.mms.ui.ComposeMessageActivity} for user 0 :
D/dalvikvm( 1832): GC_FOR_ALLOC freed 415K, 17% free 3663K/4400K, paused 2ms, total 2ms
I/PackageManager( 1568):   Action: "android.intent.action.SENDTO"
I/PackageManager( 1568):   Category: "android.intent.category.DEFAULT"
I/PackageManager( 1568):   Scheme: "mms"
I/PackageManager( 1568): Adding preferred activity ComponentInfo{com.android.mms/com.android.mms.ui.ComposeMessageActivity} for user 0 :
D/dalvikvm( 1568): GC_EXPLICIT freed 943K, 47% free 7979K/14816K, paused 6ms+7ms, total 58ms
W/ContextImpl( 2168): Implicit intents with startService are not safe: Intent { act=com.google.android.gms.icing.INDEX_SERVICE } android.content.ContextWrapper.bindService:517 com.google.android.gms.internal.av.a:-1 com.google.android.gms.internal.au.connect:-1 
I/PackageManager( 1568):   Action: "android.intent.action.SENDTO"
I/PackageManager( 1568):   Category: "android.intent.category.DEFAULT"
D/AndroidRuntime( 2940): Shutting down VM
I/PackageManager( 1568):   Scheme: "mmsto"
I/PackageManager( 1568): Adding preferred activity ComponentInfo{com.android.mms/com.android.mms.ui.ComposeMessageActivity} for user 0 :
I/ActivityManager( 1568): Start proc com.svox.pico for broadcast com.svox.pico/.VoiceDataInstallerReceiver: pid=2971 uid=10041 gids={50041, 1028, 1015}
D/jdwp    ( 2940): Got wake-up signal, bailing out of select
D/dalvikvm( 2940): Debugger has detached; object registry had 1 entries
I/PackageManager( 1568): Running dexopt on: com.svox.pico
W/linker  ( 2984): libdvm.so has text relocations. This is wasting memory and is a security risk. Please fix.
D/dalvikvm( 2984): DexOpt: load 1ms, verify+opt 1ms, 225028 bytes
I/Icing   ( 2072): IndexChimeraService.getServiceInterface callingPackage=com.google.android.googlequicksearchbox componentName=null serviceId=21
I/Auth    ( 2072): [SupervisedAccountIntentOperation] onHandleIntent(): android.intent.action.PACKAGE_ADDED
W/ActivityManager( 1568): Unable to start service Intent { act=com.google.android.gms.auth.key.retrieval.service.START pkg=com.google.android.gms } U=0: not found
W/ActivityManager( 1568): Unbind failed: could not find connection for android.os.BinderProxy@9d162a08
E/GmsClient( 2072): unable to connect to service: com.google.android.gms.auth.key.retrieval.service.START on com.google.android.gms
I/ChromeSync( 2072): [Sync,SyncIntentOperation] Handling the intent: Intent { act=android.intent.action.PACKAGE_ADDED dat=package:it.unina.android.ripper_service flg=0x4000010 cmp=com.google.android.gms/.chimera.GmsIntentOperationService (has extras) }.
I/FontLog ( 2072): Package it.unina.android.ripper_service has no metadata [CONTEXT service_id=132 ]
W/GCM     ( 1776): Unexpected forwarded intent: Intent { act=android.intent.action.PACKAGE_ADDED dat=package:it.unina.android.ripper_service flg=0x4000010 cmp=com.google.android.gms/.chimera.PersistentIntentOperationService (has extras) }
I/ChromeSync( 2072): [Persistence,AffiliationManager] One of affiliation or grouping data for android://KSmUCdTXmQS-j9D_O8l1jvyu41Pjn2mc5cb0Gvx1e9H1Aj4JCzHs_uTW26nbtH65K-YfijtBsQxGp-8R6k6HFg==@it.unina.android.ripper_service/ was not found. Marking affiliation data as stale...
D/dalvikvm( 1776): GC_FOR_ALLOC freed 2129K, 24% free 10151K/13228K, paused 16ms, total 17ms
W/GCM     ( 1776): Unexpected forwarded intent: Intent { act=android.intent.action.PACKAGE_ADDED dat=package:it.unina.android.ripper_service flg=0x4000010 cmp=com.google.android.gms/.chimera.PersistentIntentOperationService (has extras) }
D/dalvikvm( 2072): GC_FOR_ALLOC freed 1796K, 14% free 21026K/24376K, paused 19ms, total 19ms
W/Icing   ( 2072): No valid account for uploading user actions
I/dalvikvm( 2072): Could not find method java.util.Locale.toLanguageTag, referenced from method wkb.a
W/dalvikvm( 2072): VFY: unable to resolve virtual method 19297: Ljava/util/Locale;.toLanguageTag ()Ljava/lang/String;
D/dalvikvm( 2072): VFY: replacing opcode 0x6e at 0x015f
I/Icing   ( 2072): Usage reports ok 0, Failed Usage reports 0, indexed 0, rejected 0
I/Icing   ( 2072): Indexing com.google.android.googlequicksearchbox-applications from com.google.android.googlequicksearchbox
I/ActivityManager( 1568): Killing 2448:com.android.dialer/u0a4 (adj 15): empty #17
I/Icing   ( 2072): IndexChimeraService.getServiceInterface callingPackage=com.google.android.gms componentName=AppsCorpus serviceId=36
W/Icing   ( 2072): No valid account for uploading user actions
I/Icing   ( 2072): Usage reports ok 0, Failed Usage reports 0, indexed 0, rejected 0
I/Icing   ( 2072): Indexing done com.google.android.googlequicksearchbox-applications
I/Icing   ( 2072): Indexing com.google.android.gms-apps from com.google.android.gms
I/Icing   ( 2072): Indexing done com.google.android.gms-apps
I/Icing   ( 2072): Indexing com.google.android.gms-internal.3p:MobileApplication from com.google.android.gms
I/Icing   ( 2072): Indexing done com.google.android.gms-internal.3p:MobileApplication
D/AndroidRuntime( 2998): 
D/AndroidRuntime( 2998): >>>>>> AndroidRuntime START com.android.internal.os.RuntimeInit <<<<<<
W/linker  ( 2998): libdvm.so has text relocations. This is wasting memory and is a security risk. Please fix.
D/AndroidRuntime( 2998): CheckJNI is ON
D/dalvikvm( 2998): Trying to load lib libjavacore.so 0x0
D/dalvikvm( 2998): Added shared lib libjavacore.so 0x0
D/dalvikvm( 2998): Trying to load lib libnativehelper.so 0x0
D/dalvikvm( 2998): Added shared lib libnativehelper.so 0x0
D/dalvikvm( 2998): No JNI_OnLoad found in libnativehelper.so 0x0, skipping init
D/dalvikvm( 2998): Note: class Landroid/app/ActivityManagerNative; has 179 unimplemented (abstract) methods
E/memtrack( 2998): Couldn't load memtrack module (No such file or directory)
E/android.os.Debug( 2998): failed to load memtrack module: -2
D/AndroidRuntime( 2998): Calling main entry com.android.commands.pm.Pm
D/AndroidRuntime( 2998): Shutting down VM
D/jdwp    ( 2998): Got wake-up signal, bailing out of select
D/dalvikvm( 2998): Debugger has detached; object registry had 1 entries
D/AndroidRuntime( 3009): 
D/AndroidRuntime( 3009): >>>>>> AndroidRuntime START com.android.internal.os.RuntimeInit <<<<<<
W/linker  ( 3009): libdvm.so has text relocations. This is wasting memory and is a security risk. Please fix.
D/AndroidRuntime( 3009): CheckJNI is ON
D/dalvikvm( 3009): Trying to load lib libjavacore.so 0x0
D/dalvikvm( 3009): Added shared lib libjavacore.so 0x0
D/dalvikvm( 3009): Trying to load lib libnativehelper.so 0x0
D/dalvikvm( 3009): Added shared lib libnativehelper.so 0x0
D/dalvikvm( 3009): No JNI_OnLoad found in libnativehelper.so 0x0, skipping init
D/dalvikvm( 3009): Note: class Landroid/app/ActivityManagerNative; has 179 unimplemented (abstract) methods
E/memtrack( 3009): Couldn't load memtrack module (No such file or directory)
E/android.os.Debug( 3009): failed to load memtrack module: -2
D/AndroidRuntime( 3009): Calling main entry com.android.commands.pm.Pm
D/AndroidRuntime( 3009): Shutting down VM
D/jdwp    ( 3009): Got wake-up signal, bailing out of select
D/dalvikvm( 3009): Debugger has detached; object registry had 1 entries
D/AndroidRuntime( 3020): 
D/AndroidRuntime( 3020): >>>>>> AndroidRuntime START com.android.internal.os.RuntimeInit <<<<<<
W/linker  ( 3020): libdvm.so has text relocations. This is wasting memory and is a security risk. Please fix.
D/AndroidRuntime( 3020): CheckJNI is ON
D/dalvikvm( 3020): Trying to load lib libjavacore.so 0x0
D/dalvikvm( 3020): Added shared lib libjavacore.so 0x0
D/dalvikvm( 3020): Trying to load lib libnativehelper.so 0x0
D/dalvikvm( 3020): Added shared lib libnativehelper.so 0x0
D/dalvikvm( 3020): No JNI_OnLoad found in libnativehelper.so 0x0, skipping init
D/dalvikvm( 3020): Note: class Landroid/app/ActivityManagerNative; has 179 unimplemented (abstract) methods
E/memtrack( 3020): Couldn't load memtrack module (No such file or directory)
E/android.os.Debug( 3020): failed to load memtrack module: -2
D/AndroidRuntime( 3020): Calling main entry com.android.commands.am.Am
D/AndroidRuntime( 3020): Shutting down VM
I/ActivityManager( 1568): Start proc it.unina.android.ripper_service:android_ripper_service_process for service it.unina.android.ripper_service/.AndroidRipperService: pid=3031 uid=10057 gids={50057, 3003, 1028, 1015}
D/jdwp    ( 3020): Got wake-up signal, bailing out of select
D/dalvikvm( 3020): Debugger has detached; object registry had 1 entries
V/AndroidRipperService( 3031): onCreate()
V/SERVER  ( 3031): Starting ServerSocket on PORT 18888
V/SERVER  ( 3031): Started ServerSocket on PORT 18888
V/SERVER  ( 3031): Ready to accept connections on port: 18888
I/Vision  ( 2072): Requesting optional module download of ocr.
I/Vision  ( 2072): Checking for download completion for 89392 -- ocr
D/AndroidRuntime( 3045): 
D/AndroidRuntime( 3045): >>>>>> AndroidRuntime START com.android.internal.os.RuntimeInit <<<<<<
W/linker  ( 3045): libdvm.so has text relocations. This is wasting memory and is a security risk. Please fix.
D/AndroidRuntime( 3045): CheckJNI is ON
D/dalvikvm( 3045): Trying to load lib libjavacore.so 0x0
D/dalvikvm( 3045): Added shared lib libjavacore.so 0x0
D/dalvikvm( 3045): Trying to load lib libnativehelper.so 0x0
D/dalvikvm( 3045): Added shared lib libnativehelper.so 0x0
D/dalvikvm( 3045): No JNI_OnLoad found in libnativehelper.so 0x0, skipping init
D/dalvikvm( 3045): Note: class Landroid/app/ActivityManagerNative; has 179 unimplemented (abstract) methods
E/memtrack( 3045): Couldn't load memtrack module (No such file or directory)
E/android.os.Debug( 3045): failed to load memtrack module: -2
D/AndroidRuntime( 3045): Calling main entry com.android.commands.input.Input
I/Input   ( 3045): injectKeyEvent: KeyEvent { action=ACTION_DOWN, keyCode=KEYCODE_MENU, scanCode=0, metaState=0, flags=0x0, repeatCount=0, eventTime=81981, downTime=81981, deviceId=-1, source=0x101 }
I/Input   ( 3045): injectKeyEvent: KeyEvent { action=ACTION_UP, keyCode=KEYCODE_MENU, scanCode=0, metaState=0, flags=0x0, repeatCount=0, eventTime=81981, downTime=81981, deviceId=-1, source=0x101 }
D/dalvikvm( 1965): GC_FOR_ALLOC freed 839K, 9% free 22975K/25092K, paused 2ms, total 2ms
I/dalvikvm-heap( 1965): Grow heap (frag case) to 24.467MB for 1939932-byte allocation
D/dalvikvm( 1965): GC_FOR_ALLOC freed 1K, 8% free 24869K/26988K, paused 3ms, total 3ms
D/AndroidRuntime( 3045): Shutting down VM
E/SoundPool( 1568): error loading /system/media/audio/ui/Effect_Tick.ogg
W/AudioService( 1568): Soundpool could not load file: /system/media/audio/ui/Effect_Tick.ogg
E/SoundPool( 1568): error loading /system/media/audio/ui/Effect_Tick.ogg
W/AudioService( 1568): Soundpool could not load file: /system/media/audio/ui/Effect_Tick.ogg
E/SoundPool( 1568): error loading /system/media/audio/ui/Effect_Tick.ogg
W/AudioService( 1568): Soundpool could not load file: /system/media/audio/ui/Effect_Tick.ogg
E/SoundPool( 1568): error loading /system/media/audio/ui/Effect_Tick.ogg
W/AudioService( 1568): Soundpool could not load file: /system/media/audio/ui/Effect_Tick.ogg
E/SoundPool( 1568): error loading /system/media/audio/ui/Effect_Tick.ogg
W/AudioService( 1568): Soundpool could not load file: /system/media/audio/ui/Effect_Tick.ogg
E/SoundPool( 1568): error loading /system/media/audio/ui/KeypressStandard.ogg
W/AudioService( 1568): Soundpool could not load file: /system/media/audio/ui/KeypressStandard.ogg
E/SoundPool( 1568): error loading /system/media/audio/ui/KeypressSpacebar.ogg
W/AudioService( 1568): Soundpool could not load file: /system/media/audio/ui/KeypressSpacebar.ogg
E/SoundPool( 1568): error loading /system/media/audio/ui/KeypressDelete.ogg
W/AudioService( 1568): Soundpool could not load file: /system/media/audio/ui/KeypressDelete.ogg
E/SoundPool( 1568): error loading /system/media/audio/ui/KeypressReturn.ogg
W/AudioService( 1568): Soundpool could not load file: /system/media/audio/ui/KeypressReturn.ogg
E/SoundPool( 1568): error loading /system/media/audio/ui/KeypressInvalid.ogg
W/AudioService( 1568): Soundpool could not load file: /system/media/audio/ui/KeypressInvalid.ogg
W/AudioService( 1568): onLoadSoundEffects(), Error -1 while loading samples
D/jdwp    ( 3045): Got wake-up signal, bailing out of select
D/dalvikvm( 3045): Debugger has detached; object registry had 1 entries
D/EGL_emulation( 1965): eglMakeCurrent: 0xb90e4e90: ver 3 0
E/EGL_emulation( 1965): tid 1965: eglSurfaceAttrib(1199): error 0x3009 (EGL_BAD_MATCH)
W/HardwareRenderer( 1965): Backbuffer cannot be preserved
D/AndroidRuntime( 3063): 
D/AndroidRuntime( 3063): >>>>>> AndroidRuntime START com.android.internal.os.RuntimeInit <<<<<<
W/linker  ( 3063): libdvm.so has text relocations. This is wasting memory and is a security risk. Please fix.
D/AndroidRuntime( 3063): CheckJNI is ON
D/dalvikvm( 3063): Trying to load lib libjavacore.so 0x0
D/dalvikvm( 3063): Added shared lib libjavacore.so 0x0
D/dalvikvm( 3063): Trying to load lib libnativehelper.so 0x0
D/dalvikvm( 3063): Added shared lib libnativehelper.so 0x0
D/dalvikvm( 3063): No JNI_OnLoad found in libnativehelper.so 0x0, skipping init
D/dalvikvm( 3063): Note: class Landroid/app/ActivityManagerNative; has 179 unimplemented (abstract) methods
E/memtrack( 3063): Couldn't load memtrack module (No such file or directory)
E/android.os.Debug( 3063): failed to load memtrack module: -2
D/AndroidRuntime( 3063): Calling main entry com.android.commands.pm.Pm
W/ActivityManager( 1568): No content provider found for permission revoke: file:///sdcard/aut.apk
W/ActivityManager( 1568): No content provider found for permission revoke: file:///sdcard/aut.apk
I/PackageManager( 1568): Copying native libraries to /data/app-lib/vmdl-1150981604
D/dalvikvm( 1568): GC_FOR_ALLOC freed 1166K, 46% free 8029K/14816K, paused 7ms, total 7ms
D/dalvikvm( 1568): GC_FOR_ALLOC freed 1077K, 45% free 8215K/14816K, paused 7ms, total 7ms
D/dalvikvm( 1568): GC_FOR_ALLOC freed 1283K, 45% free 8236K/14816K, paused 7ms, total 7ms
E/dalvikvm( 1568): JIT code cache full
D/dalvikvm( 1568): JIT code cache reset delayed (523152 bytes 0/1)
D/dalvikvm( 1568): GC_FOR_ALLOC freed 1303K, 45% free 8247K/14816K, paused 7ms, total 7ms
I/PackageManager( 1568): Running dexopt on: dev.pesic.rpncalc
W/linker  ( 3075): libdvm.so has text relocations. This is wasting memory and is a security risk. Please fix.
D/dalvikvm( 3075): DexOpt: couldn't find static field Landroid/os/Build;.SUPPORTED_ABIS
D/dalvikvm( 3075): DexOpt: load 5ms, verify+opt 13ms, 822884 bytes
I/ActivityManager( 1568): Force stopping dev.pesic.rpncalc appid=10058 user=-1: update pkg
I/InputReader( 1568): Reconfiguring input devices.  changes=0x00000010
W/Launcher.Model( 2206): Nobody to tell about the new app.  Launcher is probably loading.
I/PackageManager( 1568):   Action: "android.intent.action.SENDTO"
I/PackageManager( 1568):   Category: "android.intent.category.DEFAULT"
I/PackageManager( 1568):   Scheme: "sms"
I/PackageManager( 1568): Adding preferred activity ComponentInfo{com.android.mms/com.android.mms.ui.ComposeMessageActivity} for user 0 :
I/PackageManager( 1568):   Action: "android.intent.action.SENDTO"
I/PackageManager( 1568):   Category: "android.intent.category.DEFAULT"
I/PackageManager( 1568):   Scheme: "smsto"
D/BackupManagerService( 1568): Received broadcast Intent { act=android.intent.action.PACKAGE_ADDED dat=package:dev.pesic.rpncalc flg=0x4000010 (has extras) }
V/BackupManagerService( 1568): addPackageParticipantsLocked: #1
I/PackageManager( 1568): Adding preferred activity ComponentInfo{com.android.mms/com.android.mms.ui.ComposeMessageActivity} for user 0 :
W/GCM     ( 1776): Unexpected forwarded intent: Intent { act=android.intent.action.PACKAGE_ADDED dat=package:dev.pesic.rpncalc flg=0x4000010 cmp=com.google.android.gms/.chimera.PersistentIntentOperationService (has extras) }
W/GCM     ( 1776): Unexpected forwarded intent: Intent { act=android.intent.action.PACKAGE_ADDED dat=package:dev.pesic.rpncalc flg=0x4000010 cmp=com.google.android.gms/.chimera.PersistentIntentOperationService (has extras) }
D/dalvikvm( 1568): JIT code cache reset in 0 ms (523152 bytes 1/1)
D/dalvikvm( 1568): GC_EXPLICIT freed 1317K, 45% free 8246K/14816K, paused 1ms+4ms, total 47ms
D/dalvikvm( 1568): WAIT_FOR_CONCURRENT_GC blocked 17ms
D/dalvikvm( 1832): GC_FOR_ALLOC freed 454K, 18% free 3630K/4400K, paused 2ms, total 3ms
I/PackageManager( 1568):   Action: "android.intent.action.SENDTO"
I/PackageManager( 1568):   Category: "android.intent.category.DEFAULT"
I/PackageManager( 1568):   Scheme: "mms"
I/PackageManager( 1568): Adding preferred activity ComponentInfo{com.android.mms/com.android.mms.ui.ComposeMessageActivity} for user 0 :
I/Auth    ( 2072): [SupervisedAccountIntentOperation] onHandleIntent(): android.intent.action.PACKAGE_ADDED
I/ChromeSync( 2072): [Sync,SyncIntentOperation] Handling the intent: Intent { act=android.intent.action.PACKAGE_ADDED dat=package:dev.pesic.rpncalc flg=0x4000010 cmp=com.google.android.gms/.chimera.GmsIntentOperationService (has extras) }.
D/AndroidRuntime( 3063): Shutting down VM
I/Icing.InternalIcingCorporaProvider( 2168): Updating corpora: A: dev.pesic.rpncalc, C: MAYBE
D/jdwp    ( 3063): Got wake-up signal, bailing out of select
D/dalvikvm( 3063): Debugger has detached; object registry had 1 entries
I/PackageManager( 1568):   Action: "android.intent.action.SENDTO"
I/PackageManager( 1568):   Category: "android.intent.category.DEFAULT"
I/PackageManager( 1568):   Scheme: "mmsto"
I/PackageManager( 1568): Adding preferred activity ComponentInfo{com.android.mms/com.android.mms.ui.ComposeMessageActivity} for user 0 :
W/ContextImpl( 2168): Implicit intents with startService are not safe: Intent { act=com.google.android.gms.icing.INDEX_SERVICE } android.content.ContextWrapper.bindService:517 com.google.android.gms.internal.av.a:-1 com.google.android.gms.internal.au.connect:-1 
I/PackageManager( 1568):   Action: "android.intent.action.SENDTO"
I/PackageManager( 1568):   Category: "android.intent.category.DEFAULT"
I/PackageManager( 1568):   Scheme: "sms"
I/PackageManager( 1568): Adding preferred activity ComponentInfo{com.android.mms/com.android.mms.ui.ComposeMessageActivity} for user 0 :
I/ChromeSync( 2072): [Persistence,AffiliationManager] One of affiliation or grouping data for android://KSmUCdTXmQS-j9D_O8l1jvyu41Pjn2mc5cb0Gvx1e9H1Aj4JCzHs_uTW26nbtH65K-YfijtBsQxGp-8R6k6HFg==@dev.pesic.rpncalc/ was not found. Marking affiliation data as stale...
I/PackageManager( 1568):   Action: "android.intent.action.SENDTO"
I/PackageManager( 1568):   Category: "android.intent.category.DEFAULT"
I/PackageManager( 1568):   Scheme: "smsto"
I/PackageManager( 1568): Adding preferred activity ComponentInfo{com.android.mms/com.android.mms.ui.ComposeMessageActivity} for user 0 :
D/dalvikvm( 1832): GC_FOR_ALLOC freed 414K, 17% free 3663K/4400K, paused 2ms, total 2ms
I/Icing   ( 2072): IndexChimeraService.getServiceInterface callingPackage=com.google.android.googlequicksearchbox componentName=null serviceId=21
I/PackageManager( 1568):   Action: "android.intent.action.SENDTO"
I/PackageManager( 1568):   Category: "android.intent.category.DEFAULT"
I/PackageManager( 1568):   Scheme: "mms"
I/PackageManager( 1568): Adding preferred activity ComponentInfo{com.android.mms/com.android.mms.ui.ComposeMessageActivity} for user 0 :
I/PackageManager( 1568):   Action: "android.intent.action.SENDTO"
I/PackageManager( 1568):   Category: "android.intent.category.DEFAULT"
I/PackageManager( 1568):   Scheme: "mmsto"
I/PackageManager( 1568): Adding preferred activity ComponentInfo{com.android.mms/com.android.mms.ui.ComposeMessageActivity} for user 0 :
D/EGL_emulation( 1965): eglMakeCurrent: 0xb90e4e90: ver 3 0
D/EGL_emulation( 1965): eglMakeCurrent: 0xb90e4e90: ver 3 0
W/Icing   ( 2072): No valid account for uploading user actions
I/Icing   ( 2072): Usage reports ok 0, Failed Usage reports 0, indexed 0, rejected 0
I/Icing   ( 2072): Indexing com.google.android.googlequicksearchbox-applications from com.google.android.googlequicksearchbox
I/Icing   ( 2072): Indexing com.google.android.gms-apps from com.google.android.gms
D/dalvikvm( 2072): GC_FOR_ALLOC freed 2066K, 14% free 21008K/24376K, paused 28ms, total 29ms
I/Icing   ( 2072): Indexing done com.google.android.googlequicksearchbox-applications
I/Icing   ( 2072): Indexing done com.google.android.gms-apps
I/Icing   ( 2072): Indexing com.google.android.gms-internal.3p:MobileApplication from com.google.android.gms
I/Icing   ( 2072): Indexing done com.google.android.gms-internal.3p:MobileApplication
D/dalvikvm( 1776): GC_FOR_ALLOC freed 1985K, 23% free 10214K/13228K, paused 9ms, total 9ms
D/AndroidRuntime( 3094): 
D/AndroidRuntime( 3094): >>>>>> AndroidRuntime START com.android.internal.os.RuntimeInit <<<<<<
W/linker  ( 3094): libdvm.so has text relocations. This is wasting memory and is a security risk. Please fix.
D/AndroidRuntime( 3094): CheckJNI is ON
D/dalvikvm( 3094): Trying to load lib libjavacore.so 0x0
D/dalvikvm( 3094): Added shared lib libjavacore.so 0x0
D/dalvikvm( 3094): Trying to load lib libnativehelper.so 0x0
D/dalvikvm( 3094): Added shared lib libnativehelper.so 0x0
D/dalvikvm( 3094): No JNI_OnLoad found in libnativehelper.so 0x0, skipping init
D/dalvikvm( 3094): Note: class Landroid/app/ActivityManagerNative; has 179 unimplemented (abstract) methods
E/memtrack( 3094): Couldn't load memtrack module (No such file or directory)
E/android.os.Debug( 3094): failed to load memtrack module: -2
D/AndroidRuntime( 3094): Calling main entry com.android.commands.pm.Pm
W/ActivityManager( 1568): No content provider found for permission revoke: file:///sdcard/ripper.apk
W/ActivityManager( 1568): No content provider found for permission revoke: file:///sdcard/ripper.apk
I/PackageManager( 1568): Copying native libraries to /data/app-lib/vmdl544312309
I/PackageParser( 1568): it.unina.android.ripper: compat added android.permission.WRITE_EXTERNAL_STORAGE android.permission.READ_PHONE_STATE
D/dalvikvm( 1568): GC_FOR_ALLOC freed 1761K, 48% free 7803K/14816K, paused 7ms, total 7ms
I/PackageManager( 1568): Running dexopt on: it.unina.android.ripper
W/linker  ( 3105): libdvm.so has text relocations. This is wasting memory and is a security risk. Please fix.
D/dalvikvm( 3105): DexOpt: load 2ms, verify+opt 18ms, 936700 bytes
I/ActivityManager( 1568): Force stopping it.unina.android.ripper appid=10059 user=-1: update pkg
W/Launcher.Model( 2206): Nobody to tell about the new app.  Launcher is probably loading.
I/PackageManager( 1568):   Action: "android.intent.action.SENDTO"
I/PackageManager( 1568):   Category: "android.intent.category.DEFAULT"
I/PackageManager( 1568):   Scheme: "sms"
I/InputReader( 1568): Reconfiguring input devices.  changes=0x00000010
I/PackageManager( 1568): Adding preferred activity ComponentInfo{com.android.mms/com.android.mms.ui.ComposeMessageActivity} for user 0 :
I/PackageManager( 1568):   Action: "android.intent.action.SENDTO"
I/PackageManager( 1568):   Category: "android.intent.category.DEFAULT"
I/PackageManager( 1568):   Scheme: "smsto"
I/PackageManager( 1568): Adding preferred activity ComponentInfo{com.android.mms/com.android.mms.ui.ComposeMessageActivity} for user 0 :
D/BackupManagerService( 1568): Received broadcast Intent { act=android.intent.action.PACKAGE_ADDED dat=package:it.unina.android.ripper flg=0x4000010 (has extras) }
V/BackupManagerService( 1568): addPackageParticipantsLocked: #1
D/dalvikvm( 1832): GC_FOR_ALLOC freed 454K, 18% free 3631K/4400K, paused 3ms, total 3ms
I/PackageManager( 1568):   Action: "android.intent.action.SENDTO"
I/PackageManager( 1568):   Category: "android.intent.category.DEFAULT"
I/PackageManager( 1568):   Scheme: "mms"
W/GCM     ( 1776): Unexpected forwarded intent: Intent { act=android.intent.action.PACKAGE_ADDED dat=package:it.unina.android.ripper flg=0x4000010 cmp=com.google.android.gms/.chimera.PersistentIntentOperationService (has extras) }
W/GCM     ( 1776): Unexpected forwarded intent: Intent { act=android.intent.action.PACKAGE_ADDED dat=package:it.unina.android.ripper flg=0x4000010 cmp=com.google.android.gms/.chimera.PersistentIntentOperationService (has extras) }
I/PackageManager( 1568): Adding preferred activity ComponentInfo{com.android.mms/com.android.mms.ui.ComposeMessageActivity} for user 0 :
D/dalvikvm( 1568): GC_EXPLICIT freed 1082K, 47% free 7928K/14816K, paused 4ms+1ms, total 46ms
D/dalvikvm( 1568): WAIT_FOR_CONCURRENT_GC blocked 14ms
D/dalvikvm( 1568): WAIT_FOR_CONCURRENT_GC blocked 14ms
D/dalvikvm( 1568): WAIT_FOR_CONCURRENT_GC blocked 14ms
D/dalvikvm( 1568): WAIT_FOR_CONCURRENT_GC blocked 9ms
D/dalvikvm( 1568): WAIT_FOR_CONCURRENT_GC blocked 14ms
D/dalvikvm( 1568): WAIT_FOR_CONCURRENT_GC blocked 13ms
D/AndroidRuntime( 3094): Shutting down VM
D/jdwp    ( 3094): Got wake-up signal, bailing out of select
D/dalvikvm( 3094): Debugger has detached; object registry had 1 entries
I/PackageManager( 1568):   Action: "android.intent.action.SENDTO"
I/PackageManager( 1568):   Category: "android.intent.category.DEFAULT"
I/PackageManager( 1568):   Scheme: "mmsto"
I/Icing.InternalIcingCorporaProvider( 2168): Updating corpora: A: it.unina.android.ripper, C: MAYBE
I/PackageManager( 1568): Adding preferred activity ComponentInfo{com.android.mms/com.android.mms.ui.ComposeMessageActivity} for user 0 :
I/PackageManager( 1568):   Action: "android.intent.action.SENDTO"
I/PackageManager( 1568):   Category: "android.intent.category.DEFAULT"
I/PackageManager( 1568):   Scheme: "sms"
I/Auth    ( 2072): [SupervisedAccountIntentOperation] onHandleIntent(): android.intent.action.PACKAGE_ADDED
I/ChromeSync( 2072): [Sync,SyncIntentOperation] Handling the intent: Intent { act=android.intent.action.PACKAGE_ADDED dat=package:it.unina.android.ripper flg=0x4000010 cmp=com.google.android.gms/.chimera.GmsIntentOperationService (has extras) }.
I/PackageManager( 1568): Adding preferred activity ComponentInfo{com.android.mms/com.android.mms.ui.ComposeMessageActivity} for user 0 :
I/FontLog ( 2072): Package it.unina.android.ripper has no metadata [CONTEXT service_id=132 ]
I/PackageManager( 1568):   Action: "android.intent.action.SENDTO"
I/PackageManager( 1568):   Category: "android.intent.category.DEFAULT"
I/PackageManager( 1568):   Scheme: "smsto"
I/PackageManager( 1568): Adding preferred activity ComponentInfo{com.android.mms/com.android.mms.ui.ComposeMessageActivity} for user 0 :
I/ChromeSync( 2072): [Persistence,AffiliationManager] One of affiliation or grouping data for android://KSmUCdTXmQS-j9D_O8l1jvyu41Pjn2mc5cb0Gvx1e9H1Aj4JCzHs_uTW26nbtH65K-YfijtBsQxGp-8R6k6HFg==@it.unina.android.ripper/ was not found. Marking affiliation data as stale...
E/GmsClient( 2072): unable to connect to service: com.google.android.gms.auth.key.retrieval.service.START on com.google.android.gms
D/dalvikvm( 1832): GC_FOR_ALLOC freed 412K, 17% free 3664K/4400K, paused 1ms, total 1ms
W/ActivityManager( 1568): Unable to start service Intent { act=com.google.android.gms.auth.key.retrieval.service.START pkg=com.google.android.gms } U=0: not found
W/ActivityManager( 1568): Unbind failed: could not find connection for android.os.BinderProxy@9d5aa060
I/PackageManager( 1568):   Action: "android.intent.action.SENDTO"
I/PackageManager( 1568):   Category: "android.intent.category.DEFAULT"
I/PackageManager( 1568):   Scheme: "mms"
I/PackageManager( 1568): Adding preferred activity ComponentInfo{com.android.mms/com.android.mms.ui.ComposeMessageActivity} for user 0 :
I/PackageManager( 1568):   Action: "android.intent.action.SENDTO"
I/PackageManager( 1568):   Category: "android.intent.category.DEFAULT"
I/PackageManager( 1568):   Scheme: "mmsto"
I/Icing   ( 2072): IndexChimeraService.getServiceInterface callingPackage=com.google.android.googlequicksearchbox componentName=null serviceId=21
I/PackageManager( 1568): Adding preferred activity ComponentInfo{com.android.mms/com.android.mms.ui.ComposeMessageActivity} for user 0 :
W/Icing.InternalIcingCorporaProvider( 2168): Application table change notification failed.
W/Icing   ( 2072): No valid account for uploading user actions
I/Icing   ( 2072): Usage reports ok 0, Failed Usage reports 0, indexed 0, rejected 0
I/Icing   ( 2072): Indexing com.google.android.gms-apps from com.google.android.gms
I/Icing   ( 2072): Indexing done com.google.android.gms-apps
D/EGL_emulation( 1965): eglMakeCurrent: 0xb90e4e90: ver 3 0
D/dalvikvm( 1568): GC_FOR_ALLOC freed 1292K, 47% free 7874K/14816K, paused 9ms, total 9ms
D/AndroidRuntime( 3112): 
D/AndroidRuntime( 3112): >>>>>> AndroidRuntime START com.android.internal.os.RuntimeInit <<<<<<
W/linker  ( 3112): libdvm.so has text relocations. This is wasting memory and is a security risk. Please fix.
D/AndroidRuntime( 3112): CheckJNI is ON
D/dalvikvm( 3112): Trying to load lib libjavacore.so 0x0
D/dalvikvm( 3112): Added shared lib libjavacore.so 0x0
D/dalvikvm( 3112): Trying to load lib libnativehelper.so 0x0
D/dalvikvm( 3112): Added shared lib libnativehelper.so 0x0
D/dalvikvm( 3112): No JNI_OnLoad found in libnativehelper.so 0x0, skipping init
D/dalvikvm( 3112): Note: class Landroid/app/ActivityManagerNative; has 179 unimplemented (abstract) methods
E/memtrack( 3112): Couldn't load memtrack module (No such file or directory)
E/android.os.Debug( 3112): failed to load memtrack module: -2
D/AndroidRuntime( 3112): Calling main entry com.android.commands.am.Am
I/ActivityManager( 1568): Force stopping dev.pesic.rpncalc appid=10058 user=0: start instr
I/ActivityManager( 1568): Start proc dev.pesic.rpncalc for added application dev.pesic.rpncalc: pid=3123 uid=10058 gids={50058}
I/dalvikvm( 3123): Could not find method android.content.res.Resources.getDrawable, referenced from method io.flutter.embedding.android.e.B
W/dalvikvm( 3123): VFY: unable to resolve virtual method 284: Landroid/content/res/Resources;.getDrawable (ILandroid/content/res/Resources$Theme;)Landroid/graphics/drawable/Drawable;
D/dalvikvm( 3123): VFY: replacing opcode 0x6e at 0x001f
I/dalvikvm( 3123): Could not find method android.view.Window.setStatusBarColor, referenced from method io.flutter.embedding.android.e.y
W/dalvikvm( 3123): VFY: unable to resolve virtual method 647: Landroid/view/Window;.setStatusBarColor (I)V
D/dalvikvm( 3123): VFY: replacing opcode 0x6e at 0x0011
I/TestRunner( 3123): started: testApplication(it.unina.android.ripper.RipperTestCase)
E/dalvikvm( 3123): Could not find class 'java.util.Locale$Builder', referenced from method io.flutter.embedding.engine.FlutterJNI.computePlatformResolvedLocale
W/dalvikvm( 3123): VFY: unable to resolve new-instance 673 (Ljava/util/Locale$Builder;) in Lio/flutter/embedding/engine/FlutterJNI;
D/dalvikvm( 3123): VFY: replacing opcode 0x22 at 0x0023
I/dalvikvm( 3123): Could not find method java.util.Locale.getScript, referenced from method io.flutter.embedding.engine.FlutterJNI.computePlatformResolvedLocale
W/dalvikvm( 3123): VFY: unable to resolve virtual method 3107: Ljava/util/Locale;.getScript ()Ljava/lang/String;
D/dalvikvm( 3123): VFY: replacing opcode 0x6e at 0x0076
V/AndroidRipperService( 3031): onBind()
V/AndroidRipperService( 3031): onBind()
D/dalvikvm( 3123): DexOpt: unable to opt direct call 0x0c18 at 0x25 in Lio/flutter/embedding/engine/FlutterJNI;.computePlatformResolvedLocale
I/dalvikvm( 3123): Could not find method android.security.NetworkSecurityPolicy.getInstance, referenced from method io.flutter.embedding.engine.g.a.b
W/dalvikvm( 3123): VFY: unable to resolve static method 423: Landroid/security/NetworkSecurityPolicy;.getInstance ()Landroid/security/NetworkSecurityPolicy;
D/dalvikvm( 3123): VFY: replacing opcode 0x71 at 0x000b
I/ActivityManager( 1568): START u0 {act=android.intent.action.MAIN flg=0x10000000 cmp=dev.pesic.rpncalc/.MainActivity} from pid 3123
D/gralloc_ranchu( 1144): gralloc_alloc: Creating ashmem region of size 1323008
V/AndroidRipperService( 3031): register()
D/        ( 1568): HostConnection::get() New Host Connection established 0xb92718b0, tid 1827
D/dalvikvm( 1568): GC_FOR_ALLOC freed 112K, 43% free 8541K/14816K, paused 10ms, total 10ms
I/dalvikvm-heap( 1568): Grow heap (frag case) to 9.154MB for 656856-byte allocation
D/dalvikvm( 1568): GC_FOR_ALLOC freed <1K, 41% free 9183K/15460K, paused 7ms, total 7ms
I/dalvikvm( 3123): Could not find method java.util.Locale.getScript, referenced from method io.flutter.embedding.engine.i.f.a
W/dalvikvm( 3123): VFY: unable to resolve virtual method 3107: Ljava/util/Locale;.getScript ()Ljava/lang/String;
D/dalvikvm( 3123): VFY: replacing opcode 0x6e at 0x0065
I/dalvikvm( 3123): Could not find method android.content.res.Configuration.getLocales, referenced from method c.a.c.b.a.a
W/dalvikvm( 3123): VFY: unable to resolve virtual method 279: Landroid/content/res/Configuration;.getLocales ()Landroid/os/LocaleList;
D/dalvikvm( 3123): VFY: replacing opcode 0x6e at 0x0020
I/dalvikvm( 3123): Could not find method android.content.res.Configuration.getLocales, referenced from method c.a.c.b.a.a
