I/Auth    ( 1779): [AuthManaged,PasswordComplexityHelperImpl] Updating password complexity components state.
I/Auth    ( 1779): [AuthManaged,PasswordComplexityHelperImpl] Enabling com.google.android.gms.auth.managed.ui.SetNewPasswordActivity
I/PTCommittedOperation( 1779): Receive new configuration for org.chromium.net.cronet
I/ChromeSync( 2174): [Sync,SyncIntentOperation] Handling the intent: Intent { act=com.google.android.gms.phenotype.COMMITTED flg=0x10 pkg=com.google.android.gms cmp=com.google.android.gms/.chimera.GmsIntentOperationService (has extras) }.
I/MdiSyncModule( 2174): flag handling is skipping irrelevant intent.
W/ModuleInitIntentOp( 2174): Dropping unexpected action com.google.android.gms.phenotype.COMMITTED
I/Auth    ( 1779): [AuthManaged,PasswordComplexityHelperImpl] Updating password complexity components state.
I/Auth    ( 1779): [AuthManaged,PasswordComplexityHelperImpl] Enabling com.google.android.gms.auth.managed.ui.SetNewPasswordActivity
I/ChromeSync( 2174): [Sync,SyncIntentOperation] Handling the intent: Intent { act=com.google.android.gms.phenotype.COMMITTED flg=0x10 pkg=com.google.android.gms cmp=com.google.android.gms/.chimera.GmsIntentOperationService (has extras) }.
I/MdiSyncModule( 2174): flag handling is skipping irrelevant intent.
W/ModuleInitIntentOp( 2174): Dropping unexpected action com.google.android.gms.phenotype.COMMITTED
I/PTCommittedOperation( 1779): Receive new configuration for com.google.android.gms
I/PTCommittedOperation( 1779): Running Fixer Framework for com.google.android.gms
D/dalvikvm( 1779): GC_FOR_ALLOC freed 1889K, 22% free 10150K/12972K, paused 12ms, total 12ms
I/Auth    ( 1779): [AuthManaged,PasswordComplexityHelperImpl] Updating password complexity components state.
I/Auth    ( 1779): [AuthManaged,PasswordComplexityHelperImpl] Enabling com.google.android.gms.auth.managed.ui.SetNewPasswordActivity
I/Auth    ( 1779): [AuthManaged,PasswordComplexityHelperImpl] Updating password complexity components state.
I/Auth    ( 1779): [AuthManaged,PasswordComplexityHelperImpl] Enabling com.google.android.gms.auth.managed.ui.SetNewPasswordActivity
W/GLSUser ( 1844): [DeviceKeyStore] Cannot load key: Device key file not found.
W/GLSUser ( 1844): [DeviceKeyStore] Cannot load key: Device key file not found.
D/dalvikvm( 1779): GC_FOR_ALLOC freed 2072K, 22% free 10125K/12972K, paused 11ms, total 11ms
I/Auth    ( 1779): [AuthManaged,PasswordComplexityHelperImpl] Updating password complexity components state.
I/Auth    ( 1779): [AuthManaged,PasswordComplexityHelperImpl] Enabling com.google.android.gms.auth.managed.ui.SetNewPasswordActivity
D/dalvikvm( 1779): GC_FOR_ALLOC freed 1856K, 21% free 10293K/12972K, paused 8ms, total 8ms
I/Auth    ( 1779): [AuthManaged,PasswordComplexityHelperImpl] Updating password complexity components state.
I/Auth    ( 1779): [AuthManaged,PasswordComplexityHelperImpl] Enabling com.google.android.gms.auth.managed.ui.SetNewPasswordActivity
I/PTCommittedOperation( 1779): Receive new configuration for com.google.android.gms.clearcut.public
I/ChromeSync( 2174): [Sync,SyncIntentOperation] Handling the intent: Intent { act=com.google.android.gms.phenotype.COMMITTED flg=0x10 pkg=com.google.android.gms cmp=com.google.android.gms/.chimera.GmsIntentOperationService (has extras) }.
I/MdiSyncModule( 2174): flag handling is skipping irrelevant intent.
D/dalvikvm( 2174): GC_FOR_ALLOC freed 3195K, 15% free 20526K/23972K, paused 22ms, total 22ms
W/ModuleInitIntentOp( 2174): Dropping unexpected action com.google.android.gms.phenotype.COMMITTED
W/Conscrypt( 2174): Could not set socket write timeout: java.net.SocketException: Socket closed
W/Conscrypt( 2174): 	at com.google.android.gms.org.conscrypt.Platform.setSocketWriteTimeout(:com.google.android.gms@202414005@20.24.14 (000700-319035315):2)
W/Conscrypt( 2174): 	at com.google.android.gms.org.conscrypt.ConscryptFileDescriptorSocket.setSoWriteTimeout(:com.google.android.gms@202414005@20.24.14 (000700-319035315):0)
I/Auth    ( 1779): [AuthManaged,PasswordComplexityHelperImpl] Updating password complexity components state.
I/Auth    ( 1779): [AuthManaged,PasswordComplexityHelperImpl] Enabling com.google.android.gms.auth.managed.ui.SetNewPasswordActivity
I/Auth    ( 1779): [AuthManaged,PasswordComplexityHelperImpl] Updating password complexity components state.
I/Auth    ( 1779): [AuthManaged,PasswordComplexityHelperImpl] Enabling com.google.android.gms.auth.managed.ui.SetNewPasswordActivity
I/PTCommittedOperation( 1779): Receive new configuration for com.google.android.gms.chromesync
I/ChromeSync( 2174): [Sync,SyncIntentOperation] Handling the intent: Intent { act=com.google.android.gms.phenotype.COMMITTED flg=0x10 pkg=com.google.android.gms cmp=com.google.android.gms/.chimera.GmsIntentOperationService (has extras) }.
I/MdiSyncModule( 2174): flag handling is skipping irrelevant intent.
W/ModuleInitIntentOp( 2174): Dropping unexpected action com.google.android.gms.phenotype.COMMITTED
E/GmsClient( 2174): unable to connect to service: com.google.android.gms.auth.key.retrieval.service.START on com.google.android.gms
W/ActivityManager( 1570): Unable to start service Intent { act=com.google.android.gms.auth.key.retrieval.service.START pkg=com.google.android.gms } U=0: not found
W/ActivityManager( 1570): Unbind failed: could not find connection for android.os.BinderProxy@9d858b88
W/Conscrypt( 2174): Could not set socket write timeout: java.net.SocketException: Socket closed
W/Conscrypt( 2174): 	at com.google.android.gms.org.conscrypt.Platform.setSocketWriteTimeout(:com.google.android.gms@202414005@20.24.14 (000700-319035315):2)
W/Conscrypt( 2174): 	at com.google.android.gms.org.conscrypt.ConscryptFileDescriptorSocket.setSoWriteTimeout(:com.google.android.gms@202414005@20.24.14 (000700-319035315):0)
I/Auth    ( 1779): [AuthManaged,PasswordComplexityHelperImpl] Updating password complexity components state.
I/Auth    ( 1779): [AuthManaged,PasswordComplexityHelperImpl] Enabling com.google.android.gms.auth.managed.ui.SetNewPasswordActivity
I/ChromeSync( 2174): [Sync,SyncIntentOperation] Handling the intent: Intent { act=com.google.android.gms.phenotype.COMMITTED flg=0x10 pkg=com.google.android.gms cmp=com.google.android.gms/.chimera.GmsIntentOperationService (has extras) }.
I/PTCommittedOperation( 1779): Receive new configuration for com.google.android.gms.games
I/MdiSyncModule( 2174): flag handling is skipping irrelevant intent.
W/ModuleInitIntentOp( 2174): Dropping unexpected action com.google.android.gms.phenotype.COMMITTED
D/dalvikvm( 1779): GC_FOR_ALLOC freed 2162K, 22% free 10178K/12972K, paused 8ms, total 8ms
I/Auth    ( 1779): [AuthManaged,PasswordComplexityHelperImpl] Updating password complexity components state.
I/Auth    ( 1779): [AuthManaged,PasswordComplexityHelperImpl] Enabling com.google.android.gms.auth.managed.ui.SetNewPasswordActivity
I/Auth    ( 1779): [AuthManaged,PasswordComplexityHelperImpl] Updating password complexity components state.
I/Auth    ( 1779): [AuthManaged,PasswordComplexityHelperImpl] Enabling com.google.android.gms.auth.managed.ui.SetNewPasswordActivity
I/MobileDataHub( 2174): Scheduling periodic tasks
W/MobileDataHub( 2174): [Service] appsupload-periodic periodic task disabled
E/MS_RegisterService( 2174): Exception during register request.
E/MS_RegisterService( 2174): bwqb: UNAUTHENTICATED: Request is missing required authentication credential. Expected OAuth 2 access token, login cookie or other valid authentication credential. See https://developers.google.com/identity/sign-in/web/devconsole-project.
E/MS_RegisterService( 2174): 	at bwqa.c(:com.google.android.gms@202414005@20.24.14 (000700-319035315):3)
E/MS_RegisterService( 2174): 	at ngh.a(:com.google.android.gms@202414005@20.24.14 (000700-319035315):48)
E/MS_RegisterService( 2174): 	at zvl.a(:com.google.android.gms@202414005@20.24.14 (000700-319035315):12)
E/MS_RegisterService( 2174): 	at com.google.android.libraries.matchstick.net.SilentRegisterIntentOperation.a(:com.google.android.gms@202414005@20.24.14 (000700-319035315):218)
E/MS_RegisterService( 2174): 	at com.google.android.libraries.matchstick.net.SilentRegisterIntentOperation.f(:com.google.android.gms@202414005@20.24.14 (000700-319035315):35)
E/MS_RegisterService( 2174): 	at com.google.android.libraries.matchstick.net.SilentRegisterIntentOperation.onHandleIntent(:com.google.android.gms@202414005@20.24.14 (000700-319035315):205)
E/MS_RegisterService( 2174): 	at com.google.android.chimera.IntentOperation.onHandleIntent(:com.google.android.gms@202414005@20.24.14 (000700-319035315):2)
E/MS_RegisterService( 2174): 	at ljm.onHandleIntent(:com.google.android.gms@202414005@20.24.14 (000700-319035315):4)
E/MS_RegisterService( 2174): 	at bsh.run(:com.google.android.gms@202414005@20.24.14 (000700-319035315):5)
E/MS_RegisterService( 2174): 	at bsg.run(:com.google.android.gms@202414005@20.24.14 (000700-319035315):10)
E/MS_RegisterService( 2174): 	at java.util.concurrent.ThreadPoolExecutor.runWorker(ThreadPoolExecutor.java:1112)
E/MS_RegisterService( 2174): 	at java.util.concurrent.ThreadPoolExecutor$Worker.run(ThreadPoolExecutor.java:587)
E/MS_RegisterService( 2174): 	at java.lang.Thread.run(Thread.java:841)
D/dalvikvm( 1779): GC_FOR_ALLOC freed 2095K, 22% free 10130K/12972K, paused 10ms, total 10ms
I/Auth    ( 1779): [AuthManaged,PasswordComplexityHelperImpl] Updating password complexity components state.
I/Auth    ( 1779): [AuthManaged,PasswordComplexityHelperImpl] Enabling com.google.android.gms.auth.managed.ui.SetNewPasswordActivity
I/PTCommittedOperation( 1779): Receive new configuration for com.google.android.gms
I/PTCommittedOperation( 1779): Running Fixer Framework for com.google.android.gms
I/Auth    ( 1779): [AuthManaged,PasswordComplexityHelperImpl] Updating password complexity components state.
I/Auth    ( 1779): [AuthManaged,PasswordComplexityHelperImpl] Enabling com.google.android.gms.auth.managed.ui.SetNewPasswordActivity
I/Auth    ( 1779): [AuthManaged,PasswordComplexityHelperImpl] Updating password complexity components state.
I/Auth    ( 1779): [AuthManaged,PasswordComplexityHelperImpl] Enabling com.google.android.gms.auth.managed.ui.SetNewPasswordActivity
I/Auth    ( 1779): [AuthManaged,PasswordComplexityHelperImpl] Updating password complexity components state.
I/Auth    ( 1779): [AuthManaged,PasswordComplexityHelperImpl] Enabling com.google.android.gms.auth.managed.ui.SetNewPasswordActivity
I/ChromeSync( 2174): [Sync,SyncIntentOperation] Handling the intent: Intent { act=com.google.android.gms.phenotype.COMMITTED flg=0x10 pkg=com.google.android.gms cmp=com.google.android.gms/.chimera.GmsIntentOperationService (has extras) }.
I/MdiSyncModule( 2174): flag handling is skipping irrelevant intent.
W/ModuleInitIntentOp( 2174): Dropping unexpected action com.google.android.gms.phenotype.COMMITTED
I/PTCommittedOperation( 1779): Receive new configuration for com.google.android.gms.auth_authzen
I/MS_RegisterService( 2174): checking registration with Lighter
D/dalvikvm( 1779): GC_FOR_ALLOC freed 2108K, 23% free 10070K/12972K, paused 18ms, total 18ms
I/LT_StubFactory( 2174): tachyonHostName = instantmessaging-pa.googleapis.com and tachyonPortNumber = 443
D/LT_OkHttpChannelBuilder( 2174): Using Spatula header keyless authentication.
W/GLSUser ( 1844): [DeviceKeyStore] Cannot load key: Device key file not found.
W/GLSUser ( 1844): [DeviceKeyStore] Cannot load key: Device key file not found.
D/LT_ClntIntrcptrFctryV12( 2174): Spatula header: CjYKFmNvbS5nb29nbGUuYW5kcm9pZC5nbXMaHFdPSEVFejkwUWV3OUxDY0NjS0ZJQXRwSHVnND0YrJXo9qabqL46
I/Auth    ( 1779): [AuthManaged,PasswordComplexityHelperImpl] Updating password complexity components state.
I/Auth    ( 1779): [AuthManaged,PasswordComplexityHelperImpl] Enabling com.google.android.gms.auth.managed.ui.SetNewPasswordActivity
I/LT_PhenotypeApiImplV12( 2174): Retrieve experiment configurations for: 
I/ahju    ( 1779): Scheduling Phenotype for a PhenotypeSyncImmediately(6, com.google.lighter.android#com.google.android.gms) one off with window [1, 2] in seconds [CONTEXT service_id=51 ]
I/LT_PhenotypeApiImplV12( 2174): Phenotype registration succeeded
I/Auth    ( 1779): [AuthManaged,PasswordComplexityHelperImpl] Updating password complexity components state.
I/Auth    ( 1779): [AuthManaged,PasswordComplexityHelperImpl] Enabling com.google.android.gms.auth.managed.ui.SetNewPasswordActivity
I/Auth    ( 1779): [AuthManaged,PasswordComplexityHelperImpl] Updating password complexity components state.
I/Auth    ( 1779): [AuthManaged,PasswordComplexityHelperImpl] Enabling com.google.android.gms.auth.managed.ui.SetNewPasswordActivity
D/dalvikvm( 1779): GC_FOR_ALLOC freed 1920K, 22% free 10197K/12972K, paused 10ms, total 10ms
I/PTCommittedOperation( 1779): Receive new configuration for com.google.android.gms.chromesync
I/ChromeSync( 2174): [Sync,SyncIntentOperation] Handling the intent: Intent { act=com.google.android.gms.phenotype.COMMITTED flg=0x10 pkg=com.google.android.gms cmp=com.google.android.gms/.chimera.GmsIntentOperationService (has extras) }.
I/MdiSyncModule( 2174): flag handling is skipping irrelevant intent.
I/Auth    ( 1779): [AuthManaged,PasswordComplexityHelperImpl] Updating password complexity components state.
I/Auth    ( 1779): [AuthManaged,PasswordComplexityHelperImpl] Enabling com.google.android.gms.auth.managed.ui.SetNewPasswordActivity
I/PTCommittedOperation( 1779): Receive new configuration for com.google.android.gms.games
I/Auth    ( 1779): [AuthManaged,PasswordComplexityHelperImpl] Updating password complexity components state.
I/Auth    ( 1779): [AuthManaged,PasswordComplexityHelperImpl] Enabling com.google.android.gms.auth.managed.ui.SetNewPasswordActivity
D/dalvikvm( 2174): GC_FOR_ALLOC freed 1788K, 14% free 20786K/23972K, paused 27ms, total 28ms
W/ModuleInitIntentOp( 2174): Dropping unexpected action com.google.android.gms.phenotype.COMMITTED
I/ChromeSync( 2174): [Sync,SyncIntentOperation] Handling the intent: Intent { act=com.google.android.gms.phenotype.COMMITTED flg=0x10 pkg=com.google.android.gms cmp=com.google.android.gms/.chimera.GmsIntentOperationService (has extras) }.
I/MdiSyncModule( 2174): flag handling is skipping irrelevant intent.
W/ModuleInitIntentOp( 2174): Dropping unexpected action com.google.android.gms.phenotype.COMMITTED
I/Auth    ( 1779): [AuthManaged,PasswordComplexityHelperImpl] Updating password complexity components state.
I/Auth    ( 1779): [AuthManaged,PasswordComplexityHelperImpl] Enabling com.google.android.gms.auth.managed.ui.SetNewPasswordActivity
I/PTCommittedOperation( 1779): Receive new configuration for com.google.android.gms
I/PTCommittedOperation( 1779): Running Fixer Framework for com.google.android.gms
W/Launcher.Model( 2379): Nobody to tell about the new app.  Launcher is probably loading.
I/PackageManager( 1570):   Action: "android.intent.action.SENDTO"
I/PackageManager( 1570):   Category: "android.intent.category.DEFAULT"
I/PackageManager( 1570):   Scheme: "sms"
I/PackageManager( 1570): Adding preferred activity ComponentInfo{com.android.mms/com.android.mms.ui.ComposeMessageActivity} for user 0 :
I/InputReader( 1570): Reconfiguring input devices.  changes=0x00000010
D/dalvikvm( 1570): GC_FOR_ALLOC freed 1209K, 46% free 8044K/14816K, paused 7ms, total 7ms
I/PackageManager( 1570):   Action: "android.intent.action.SENDTO"
I/PackageManager( 1570):   Category: "android.intent.category.DEFAULT"
I/PackageManager( 1570):   Scheme: "smsto"
I/PackageManager( 1570): Adding preferred activity ComponentInfo{com.android.mms/com.android.mms.ui.ComposeMessageActivity} for user 0 :
W/Launcher.Model( 2379): Nobody to tell about the new app.  Launcher is probably loading.
W/Launcher.Model( 2379): Nobody to tell about the new app.  Launcher is probably loading.
D/dalvikvm( 1799): GC_FOR_ALLOC freed 457K, 17% free 3647K/4384K, paused 2ms, total 2ms
I/ActivityManager( 1570): Waited long enough for: ServiceRecord{9dae2308 u0 com.google.android.calendar/com.android.calendar.alerts.InitAlarmsService}
I/PackageManager( 1570):   Action: "android.intent.action.SENDTO"
I/PackageManager( 1570):   Category: "android.intent.category.DEFAULT"
I/PackageManager( 1570):   Scheme: "mms"
I/InputReader( 1570): Reconfiguring input devices.  changes=0x00000010
I/PackageManager( 1570):   Action: "android.intent.action.SENDTO"
I/PackageManager( 1570):   Category: "android.intent.category.DEFAULT"
I/PackageManager( 1570):   Scheme: "mmsto"
I/PackageManager( 1570): Adding preferred activity ComponentInfo{com.android.mms/com.android.mms.ui.ComposeMessageActivity} for user 0 :
I/PackageManager( 1570): Adding preferred activity ComponentInfo{com.android.mms/com.android.mms.ui.ComposeMessageActivity} for user 0 :
I/InputReader( 1570): Reconfiguring input devices.  changes=0x00000010
I/PackageManager( 1570):   Action: "android.intent.action.SENDTO"
I/PackageManager( 1570):   Category: "android.intent.category.DEFAULT"
I/PackageManager( 1570):   Scheme: "sms"
D/dalvikvm( 1779): GC_FOR_ALLOC freed 2059K, 22% free 10167K/12972K, paused 41ms, total 41ms
I/PackageManager( 1570):   Action: "android.intent.action.SENDTO"
I/PackageManager( 1570):   Category: "android.intent.category.DEFAULT"
I/PackageManager( 1570):   Scheme: "smsto"
I/PackageManager( 1570): Adding preferred activity ComponentInfo{com.android.mms/com.android.mms.ui.ComposeMessageActivity} for user 0 :
I/PackageManager( 1570): Adding preferred activity ComponentInfo{com.android.mms/com.android.mms.ui.ComposeMessageActivity} for user 0 :
D/dalvikvm( 1799): GC_FOR_ALLOC freed 414K, 17% free 3666K/4384K, paused 2ms, total 2ms
I/PackageManager( 1570):   Action: "android.intent.action.SENDTO"
I/PackageManager( 1570):   Category: "android.intent.category.DEFAULT"
I/PackageManager( 1570):   Scheme: "mms"
I/PackageManager( 1570): Adding preferred activity ComponentInfo{com.android.mms/com.android.mms.ui.ComposeMessageActivity} for user 0 :
W/Launcher( 2379): setApplicationContext called twice! old=com.google.android.velvet.VelvetApplication@9d0326d8 new=com.google.android.velvet.VelvetApplication@9d0326d8
I/Icing.InternalIcingCorporaProvider( 2344): Updating corpora: A: com.google.android.syncadapters.contacts, C: MAYBE
I/PackageManager( 1570):   Action: "android.intent.action.SENDTO"
I/PackageManager( 1570):   Category: "android.intent.category.DEFAULT"
I/PackageManager( 1570):   Scheme: "mmsto"
I/Fitness ( 1779): FitCleanupIntentOperation received Intent android.intent.action.PACKAGE_CHANGED [CONTEXT service_id=17 ]
I/PackageManager( 1570): Adding preferred activity ComponentInfo{com.android.mms/com.android.mms.ui.ComposeMessageActivity} for user 0 :
D/dalvikvm( 1570): GC_FOR_ALLOC freed 1293K, 46% free 8019K/14816K, paused 8ms, total 9ms
I/Fitness ( 1779): OnPackageChangedOperation got intent: Intent { act=android.intent.action.PACKAGE_CHANGED dat=package:com.google.android.syncadapters.contacts flg=0x4000010 cmp=com.google.android.gms/.chimera.PersistentIntentOperationService (has extras) } [CONTEXT service_id=17 ]
W/ContextImpl( 2344): Implicit intents with startService are not safe: Intent { act=com.google.android.gms.icing.INDEX_SERVICE } android.content.ContextWrapper.bindService:517 com.google.android.gms.internal.av.a:-1 com.google.android.gms.internal.au.connect:-1 
I/Icing   ( 2174): IndexChimeraService.getServiceInterface callingPackage=com.google.android.googlequicksearchbox componentName=null serviceId=21
I/PackageManager( 1570):   Action: "android.intent.action.SENDTO"
I/PackageManager( 1570):   Category: "android.intent.category.DEFAULT"
I/PackageManager( 1570):   Scheme: "sms"
I/PackageManager( 1570): Adding preferred activity ComponentInfo{com.android.mms/com.android.mms.ui.ComposeMessageActivity} for user 0 :
I/Icing   ( 2174): Indexing com.google.android.gms-apps from com.google.android.gms
I/PackageManager( 1570):   Action: "android.intent.action.SENDTO"
I/PackageManager( 1570):   Category: "android.intent.category.DEFAULT"
I/PackageManager( 1570):   Scheme: "smsto"
I/Icing   ( 2174): Indexing done com.google.android.gms-apps
W/Icing   ( 2174): No valid account for uploading user actions
I/PackageManager( 1570): Adding preferred activity ComponentInfo{com.android.mms/com.android.mms.ui.ComposeMessageActivity} for user 0 :
I/Icing   ( 2174): Usage reports ok 0, Failed Usage reports 0, indexed 0, rejected 0
D/dalvikvm( 1799): GC_FOR_ALLOC freed 447K, 17% free 3639K/4384K, paused 2ms, total 2ms
I/PackageManager( 1570):   Action: "android.intent.action.SENDTO"
I/PackageManager( 1570):   Category: "android.intent.category.DEFAULT"
I/PackageManager( 1570):   Scheme: "mms"
I/PackageManager( 1570): Adding preferred activity ComponentInfo{com.android.mms/com.android.mms.ui.ComposeMessageActivity} for user 0 :
I/PackageManager( 1570):   Action: "android.intent.action.SENDTO"
I/PackageManager( 1570):   Category: "android.intent.category.DEFAULT"
I/PackageManager( 1570):   Scheme: "mmsto"
W/Icing.InternalIcingCorporaProvider( 2344): Application table change notification failed.
I/PackageManager( 1570): Adding preferred activity ComponentInfo{com.android.mms/com.android.mms.ui.ComposeMessageActivity} for user 0 :
I/PackageManager( 1570):   Action: "android.intent.action.SENDTO"
I/PackageManager( 1570):   Category: "android.intent.category.DEFAULT"
I/PackageManager( 1570):   Scheme: "sms"
I/PackageManager( 1570): Adding preferred activity ComponentInfo{com.android.mms/com.android.mms.ui.ComposeMessageActivity} for user 0 :
I/PackageManager( 1570):   Action: "android.intent.action.SENDTO"
I/PackageManager( 1570):   Category: "android.intent.category.DEFAULT"
I/PackageManager( 1570):   Scheme: "smsto"
I/PackageManager( 1570): Adding preferred activity ComponentInfo{com.android.mms/com.android.mms.ui.ComposeMessageActivity} for user 0 :
D/dalvikvm( 1799): GC_FOR_ALLOC freed 409K, 17% free 3668K/4384K, paused 2ms, total 2ms
W/Launcher( 2379): setApplicationContext called twice! old=com.google.android.velvet.VelvetApplication@9d0326d8 new=com.google.android.velvet.VelvetApplication@9d0326d8
I/PackageManager( 1570):   Action: "android.intent.action.SENDTO"
I/PackageManager( 1570):   Category: "android.intent.category.DEFAULT"
I/PackageManager( 1570):   Scheme: "mms"
I/Icing.InternalIcingCorporaProvider( 2344): Updating corpora: A: com.google.android.gsf, C: MAYBE
I/Fitness ( 1779): OnPackageChangedOperation got intent: Intent { act=android.intent.action.PACKAGE_CHANGED dat=package:com.google.android.gsf flg=0x4000010 cmp=com.google.android.gms/.chimera.PersistentIntentOperationService (has extras) } [CONTEXT service_id=17 ]
I/PackageManager( 1570): Adding preferred activity ComponentInfo{com.android.mms/com.android.mms.ui.ComposeMessageActivity} for user 0 :
I/Fitness ( 1779): FitCleanupIntentOperation received Intent android.intent.action.PACKAGE_CHANGED [CONTEXT service_id=17 ]
D/dalvikvm( 1570): GC_FOR_ALLOC freed 1305K, 47% free 7976K/14816K, paused 9ms, total 9ms
I/PackageManager( 1570):   Action: "android.intent.action.SENDTO"
I/PackageManager( 1570):   Category: "android.intent.category.DEFAULT"
I/PackageManager( 1570):   Scheme: "mmsto"
I/PackageManager( 1570): Adding preferred activity ComponentInfo{com.android.mms/com.android.mms.ui.ComposeMessageActivity} for user 0 :
I/Icing   ( 2174): IndexChimeraService.getServiceInterface callingPackage=com.google.android.googlequicksearchbox componentName=null serviceId=21
I/PackageManager( 1570):   Action: "android.intent.action.SENDTO"
I/PackageManager( 1570):   Category: "android.intent.category.DEFAULT"
I/PackageManager( 1570):   Scheme: "sms"
W/Icing.InternalIcingCorporaProvider( 2344): Application table change notification failed.
I/PackageManager( 1570): Adding preferred activity ComponentInfo{com.android.mms/com.android.mms.ui.ComposeMessageActivity} for user 0 :
W/Icing   ( 2174): No valid account for uploading user actions
I/Fitness ( 1779): OnPackageChangedOperation got intent: Intent { act=android.intent.action.PACKAGE_CHANGED dat=package:com.google.android.gms flg=0x4000010 cmp=com.google.android.gms/.chimera.PersistentIntentOperationService (has extras) } [CONTEXT service_id=17 ]
I/Icing   ( 2174): Usage reports ok 0, Failed Usage reports 0, indexed 0, rejected 0
I/Icing   ( 2174): Indexing com.google.android.gms-apps from com.google.android.gms
I/PackageManager( 1570):   Action: "android.intent.action.SENDTO"
I/PackageManager( 1570):   Category: "android.intent.category.DEFAULT"
I/PackageManager( 1570):   Scheme: "smsto"
I/Icing   ( 2174): Indexing done com.google.android.gms-apps
I/PackageManager( 1570): Adding preferred activity ComponentInfo{com.android.mms/com.android.mms.ui.ComposeMessageActivity} for user 0 :
D/dalvikvm( 1799): GC_FOR_ALLOC freed 455K, 18% free 3634K/4384K, paused 2ms, total 2ms
I/Icing   ( 2174): updateResources: need to parse wwx{com.google.android.gms}
I/PackageManager( 1570):   Action: "android.intent.action.SENDTO"
I/PackageManager( 1570):   Category: "android.intent.category.DEFAULT"
I/PackageManager( 1570):   Scheme: "mms"
I/Icing.InternalIcingCorporaProvider( 2344): Updating corpora: A: com.google.android.gms, C: MAYBE
I/PackageManager( 1570): Adding preferred activity ComponentInfo{com.android.mms/com.android.mms.ui.ComposeMessageActivity} for user 0 :
W/Launcher( 2379): setApplicationContext called twice! old=com.google.android.velvet.VelvetApplication@9d0326d8 new=com.google.android.velvet.VelvetApplication@9d0326d8
I/PackageManager( 1570):   Action: "android.intent.action.SENDTO"
I/PackageManager( 1570):   Category: "android.intent.category.DEFAULT"
I/PackageManager( 1570):   Scheme: "mmsto"
I/PackageManager( 1570): Adding preferred activity ComponentInfo{com.android.mms/com.android.mms.ui.ComposeMessageActivity} for user 0 :
I/PackageManager( 1570):   Action: "android.intent.action.SENDTO"
I/PackageManager( 1570):   Category: "android.intent.category.DEFAULT"
I/PackageManager( 1570):   Scheme: "sms"
I/Fitness ( 1779): FitCleanupIntentOperation received Intent android.intent.action.PACKAGE_CHANGED [CONTEXT service_id=17 ]
I/PackageManager( 1570): Adding preferred activity ComponentInfo{com.android.mms/com.android.mms.ui.ComposeMessageActivity} for user 0 :
I/PackageManager( 1570):   Action: "android.intent.action.SENDTO"
I/PackageManager( 1570):   Category: "android.intent.category.DEFAULT"
I/PackageManager( 1570):   Scheme: "smsto"
I/PackageManager( 1570): Adding preferred activity ComponentInfo{com.android.mms/com.android.mms.ui.ComposeMessageActivity} for user 0 :
D/dalvikvm( 1844): GC_EXPLICIT freed 350K, 19% free 6183K/7588K, paused 0ms+2ms, total 22ms
D/dalvikvm( 1799): GC_FOR_ALLOC freed 413K, 17% free 3667K/4384K, paused 2ms, total 2ms
I/PackageManager( 1570):   Action: "android.intent.action.SENDTO"
I/PackageManager( 1570):   Category: "android.intent.category.DEFAULT"
I/PackageManager( 1570):   Scheme: "mms"
I/PackageManager( 1570): Adding preferred activity ComponentInfo{com.android.mms/com.android.mms.ui.ComposeMessageActivity} for user 0 :
D/dalvikvm( 1570): GC_FOR_ALLOC freed 1271K, 47% free 7956K/14816K, paused 8ms, total 8ms
I/Icing   ( 2174): IndexChimeraService.getServiceInterface callingPackage=com.google.android.googlequicksearchbox componentName=null serviceId=21
I/PackageManager( 1570):   Action: "android.intent.action.SENDTO"
I/PackageManager( 1570):   Category: "android.intent.category.DEFAULT"
I/PackageManager( 1570):   Scheme: "mmsto"
I/PackageManager( 1570): Adding preferred activity ComponentInfo{com.android.mms/com.android.mms.ui.ComposeMessageActivity} for user 0 :
W/Icing   ( 2174): No valid account for uploading user actions
I/Icing   ( 2174): Usage reports ok 0, Failed Usage reports 0, indexed 0, rejected 0
I/Icing   ( 2174): Indexing com.google.android.googlequicksearchbox-applications from com.google.android.googlequicksearchbox
I/Icing   ( 2174): Indexing com.google.android.gms-apps from com.google.android.gms
D/dalvikvm( 2174): GC_FOR_ALLOC freed 2002K, 14% free 20832K/23972K, paused 15ms, total 15ms
I/Icing   ( 2174): Indexing done com.google.android.googlequicksearchbox-applications
I/Icing   ( 2174): Indexing done com.google.android.gms-apps
I/Icing   ( 2174): Indexing com.google.android.gms-internal.3p:MobileApplication from com.google.android.gms
I/Icing   ( 2174): Indexing done com.google.android.gms-internal.3p:MobileApplication
I/CheckinCompat( 2174): Done disabling old GoogleServicesFramework version [CONTEXT service_id=130 ]
I/NetworkScheduler.Stats( 1779): Task com.google.android.gms/com.google.android.gms.phenotype.service.sync.PhenotypeConfigurator started execution. cause:4 exec_start_elapsed_seconds: 45 [CONTEXT service_id=218 ]
D/dalvikvm( 1779): GC_FOR_ALLOC freed 1964K, 21% free 10251K/12972K, paused 9ms, total 9ms
I/ahkf    ( 1779): Removed 0 invalid users [CONTEXT service_id=51 ]
D/dalvikvm( 1779): GC_FOR_ALLOC freed 1871K, 20% free 10427K/12972K, paused 9ms, total 9ms
E/dalvikvm( 1779): JIT code cache full
I/ahju    ( 1779): Scheduling adaptive one off task with window [14400, 604800] in seconds [CONTEXT service_id=51 ]
I/PGAPhenotypeBroadcastRe( 3035): Received Phenotype update.
I/Auth    ( 1779): [AuthManaged,PasswordComplexityHelperImpl] Updating password complexity components state.
I/Auth    ( 1779): [AuthManaged,PasswordComplexityHelperImpl] Enabling com.google.android.gms.auth.managed.ui.SetNewPasswordActivity
D/dalvikvm( 1779): JIT code cache reset in 0 ms (523264 bytes 2/0)
D/dalvikvm( 1779): GC_FOR_ALLOC freed 2157K, 21% free 10317K/12972K, paused 9ms, total 9ms
I/NetworkScheduler.Stats( 1779): Task com.google.android.gms/com.google.android.gms.phenotype.service.sync.PhenotypeConfigurator finished executing. cause:4 result: 1 elapsed_millis: 399 uptime_millis: 399 exec_start_elapsed_seconds: 45 [CONTEXT service_id=218 ]
I/MS_RegisterService( 2174): Tachyon host: instantmessaging-pa.googleapis.com, Tachyon port: 443
I/MS_RegisterService( 2174): RegisterService intent:Intent { act=com.google.android.gms.matchstick.register_intent_action cat=[targeted_intent_op_prefix:com.google.android.libraries.matchstick.net.SilentRegisterIntentOperation] cmp=com.google.android.gms/.chimera.GmsIntentOperationService } isPeriodic:false
W/DynamiteModule( 2174): Local module descriptor class for providerinstaller not found.
I/DynamiteModule( 2174): Considering local module providerinstaller:0 and remote module providerinstaller:0
W/ProviderInstaller( 2174): Failed to load providerinstaller module: No acceptable module found. Local version is 0 and remote version is 0.
W/Nearby  ( 1779): Failed attempt #3 out of 3 for RestoreDeviceName [CONTEXT service_id=49 ]
W/Nearby  ( 1779): java.lang.IllegalStateException: BluetoothAdapter not ready yet!
W/Nearby  ( 1779): 	at adap.d(:com.google.android.gms@202414005@20.24.14 (000700-319035315):2)
W/Nearby  ( 1779): 	at adao.run(Unknown Source)
W/Nearby  ( 1779): 	at bksp.call(Unknown Source)
W/Nearby  ( 1779): 	at bksu.a(:com.google.android.gms@202414005@20.24.14 (000700-319035315):2)
W/Nearby  ( 1779): 	at bksu.a(:com.google.android.gms@202414005@20.24.14 (000700-319035315):9)
W/Nearby  ( 1779): 	at adan.run(Unknown Source)
W/Nearby  ( 1779): 	at java.lang.Thread.run(Thread.java:841)
W/Nearby  ( 1779): 	at nln.run(Unknown Source)
W/Nearby  ( 1779): 	at java.util.concurrent.ThreadPoolExecutor.runWorker(ThreadPoolExecutor.java:1112)
W/Nearby  ( 1779): 	at java.util.concurrent.ThreadPoolExecutor$Worker.run(ThreadPoolExecutor.java:587)
W/Nearby  ( 1779): 	at nrd.run(:com.google.android.gms@202414005@20.24.14 (000700-319035315):0)
W/Nearby  ( 1779): 	at java.lang.Thread.run(Thread.java:841)
D/dalvikvm( 1570): GC_FOR_ALLOC freed 1310K, 47% free 7891K/14816K, paused 7ms, total 7ms
I/Auth    ( 1779): [AuthManaged,PasswordComplexityHelperImpl] Updating password complexity components state.
I/Auth    ( 1779): [AuthManaged,PasswordComplexityHelperImpl] Enabling com.google.android.gms.auth.managed.ui.SetNewPasswordActivity
I/ChromeSync( 2174): [Sync,SyncIntentOperation] Handling the intent: Intent { act=com.google.android.gms.phenotype.COMMITTED flg=0x10 pkg=com.google.android.gms cmp=com.google.android.gms/.chimera.GmsIntentOperationService (has extras) }.
I/PTCommittedOperation( 1779): Receive new configuration for com.google.android.gms.clearcut.public
W/ActivityManager( 1570): Unable to start service Intent { act=com.google.android.gms.auth.key.retrieval.service.START pkg=com.google.android.gms } U=0: not found
W/ActivityManager( 1570): Unbind failed: could not find connection for android.os.BinderProxy@9d974970
I/MdiSyncModule( 2174): flag handling is skipping irrelevant intent.
W/ModuleInitIntentOp( 2174): Dropping unexpected action com.google.android.gms.phenotype.COMMITTED
E/GmsClient( 2174): unable to connect to service: com.google.android.gms.auth.key.retrieval.service.START on com.google.android.gms
I/Auth    ( 1779): [AuthManaged,PasswordComplexityHelperImpl] Updating password complexity components state.
I/Auth    ( 1779): [AuthManaged,PasswordComplexityHelperImpl] Enabling com.google.android.gms.auth.managed.ui.SetNewPasswordActivity
I/ChromeSync( 2174): [Sync,SyncIntentOperation] Handling the intent: Intent { act=com.google.android.gms.phenotype.COMMITTED flg=0x10 pkg=com.google.android.gms cmp=com.google.android.gms/.chimera.GmsIntentOperationService (has extras) }.
I/Auth    ( 1779): [AuthManaged,PasswordComplexityHelperImpl] Updating password complexity components state.
I/Auth    ( 1779): [AuthManaged,PasswordComplexityHelperImpl] Enabling com.google.android.gms.auth.managed.ui.SetNewPasswordActivity
I/MdiSyncModule( 2174): flag handling is skipping irrelevant intent.
W/ModuleInitIntentOp( 2174): Dropping unexpected action com.google.android.gms.phenotype.COMMITTED
I/PTCommittedOperation( 1779): Receive new configuration for com.google.android.gms.games
D/dalvikvm( 1779): GC_FOR_ALLOC freed 2094K, 21% free 10271K/12972K, paused 9ms, total 9ms
I/Auth    ( 1779): [AuthManaged,PasswordComplexityHelperImpl] Updating password complexity components state.
I/Auth    ( 1779): [AuthManaged,PasswordComplexityHelperImpl] Enabling com.google.android.gms.auth.managed.ui.SetNewPasswordActivity
I/MobileDataHub( 2174): Scheduling periodic tasks
W/MobileDataHub( 2174): [Service] appsupload-periodic periodic task disabled
I/Auth    ( 1779): [AuthManaged,PasswordComplexityHelperImpl] Updating password complexity components state.
I/Auth    ( 1779): [AuthManaged,PasswordComplexityHelperImpl] Enabling com.google.android.gms.auth.managed.ui.SetNewPasswordActivity
I/PTCommittedOperation( 1779): Receive new configuration for com.google.android.gms
I/PTCommittedOperation( 1779): Running Fixer Framework for com.google.android.gms
D/dalvikvm( 1779): GC_FOR_ALLOC freed 1893K, 20% free 10424K/12972K, paused 8ms, total 8ms
D/dalvikvm( 1779): GC_FOR_ALLOC freed 683K, 22% free 10141K/12972K, paused 16ms, total 16ms
I/Auth    ( 1779): [AuthManaged,PasswordComplexityHelperImpl] Updating password complexity components state.
I/Auth    ( 1779): [AuthManaged,PasswordComplexityHelperImpl] Enabling com.google.android.gms.auth.managed.ui.SetNewPasswordActivity
I/ChmraDebugLogger( 2174): [78] null
E/ConfigFileUtils( 2174): Failed to read config file: /data/data/com.google.android.gms/app_chimera/next_container.pb: open failed: ENOENT (No such file or directory)
I/DynamiteModule( 2174): Considering local module com.google.android.gms.cronet_dynamite:0 and remote module com.google.android.gms.cronet_dynamite:1311
I/DynamiteModule( 2174): Selected remote version of com.google.android.gms.cronet_dynamite, version >= 1311
I/dalvikvm( 2174): Could not find method android.content.ContextWrapper.createCredentialProtectedStorageContext, referenced from method lkh.createCredentialProtectedStorageContext
W/dalvikvm( 2174): VFY: unable to resolve virtual method 2508: Landroid/content/ContextWrapper;.createCredentialProtectedStorageContext ()Landroid/content/Context;
D/dalvikvm( 2174): VFY: replacing opcode 0x6f at 0x0002
I/dalvikvm( 2174): Could not find method android.content.ContextWrapper.createDeviceProtectedStorageContext, referenced from method lkh.createDeviceProtectedStorageContext
W/dalvikvm( 2174): VFY: unable to resolve virtual method 2509: Landroid/content/ContextWrapper;.createDeviceProtectedStorageContext ()Landroid/content/Context;
D/dalvikvm( 2174): VFY: replacing opcode 0x6f at 0x0002
D/dalvikvm( 2174): Trying to load lib /data/data/com.google.android.gms/app_chimera/m/00000001/n/x86/libcronet.83.0.4103.60.so 0x9d1e8b58
I/dalvikvm( 2174): Could not find method android.net.ConnectivityManager.getProcessDefaultNetwork, referenced from method org.chromium.net.NetworkChangeNotifier.isProcessBoundToNetwork
W/dalvikvm( 2174): VFY: unable to resolve static method 225: Landroid/net/ConnectivityManager;.getProcessDefaultNetwork ()Landroid/net/Network;
D/dalvikvm( 2174): VFY: replacing opcode 0x71 at 0x0009
W/dalvikvm( 2174): Unable to resolve superclass of Lcr; (44)
W/dalvikvm( 2174): Link of class 'Lcr;' failed
W/dalvikvm( 2174): Unable to resolve superclass of Lcr; (44)
W/dalvikvm( 2174): Link of class 'Lcr;' failed
I/dalvikvm( 2174): Could not find method android.net.ConnectivityManager.unregisterNetworkCallback, referenced from method org.chromium.net.NetworkChangeNotifier.a
W/dalvikvm( 2174): VFY: unable to resolve virtual method 227: Landroid/net/ConnectivityManager;.unregisterNetworkCallback (Landroid/net/ConnectivityManager$NetworkCallback;)V
D/dalvikvm( 2174): VFY: replacing opcode 0x6e at 0x003e
W/dalvikvm( 2174): VFY: unable to find class referenced in signature (Landroid/net/Network;)
W/dalvikvm( 2174): VFY: unable to find class referenced in signature (Landroid/net/Network;)
W/dalvikvm( 2174): VFY: unable to find class referenced in signature ([Landroid/net/Network;)
W/dalvikvm( 2174): VFY: unable to find class referenced in signature (Landroid/net/Network;)
D/dalvikvm( 2174): Added shared lib /data/data/com.google.android.gms/app_chimera/m/00000001/n/x86/libcronet.83.0.4103.60.so 0x9d1e8b58
W/dalvikvm( 2174): VFY: unable to find class referenced in signature (Landroid/net/Network;)
W/dalvikvm( 2174): VFY: unable to find class referenced in signature (Landroid/net/Network;)
I/cr_CronetLibraryLoader( 2174): Cronet version: 83.0.4103.60, arch: i686
W/dalvikvm( 2174): VFY: unable to find class referenced in signature (Landroid/net/Network;)
W/dalvikvm( 2174): VFY: unable to find class referenced in signature ([Landroid/net/Network;)
W/dalvikvm( 2174): VFY: unable to find class referenced in signature (Landroid/net/Network;)
W/dalvikvm( 2174): VFY: unable to find class referenced in signature (Landroid/net/Network;)
W/dalvikvm( 2174): VFY: unable to find class referenced in signature (Landroid/net/Network;)
W/dalvikvm( 2174): VFY: unable to find class referenced in signature (Landroid/net/Network;)
W/dalvikvm( 2174): Unable to resolve superclass of Lcl; (44)
W/dalvikvm( 2174): Link of class 'Lcl;' failed
W/dalvikvm( 2174): Unable to resolve superclass of Lcl; (44)
W/dalvikvm( 2174): Link of class 'Lcl;' failed
D/dalvikvm( 2174): GC_FOR_ALLOC freed 2038K, 14% free 20841K/23972K, paused 17ms, total 18ms
W/dalvikvm( 2174): Unable to resolve superclass of Lcr; (44)
W/dalvikvm( 2174): Link of class 'Lcr;' failed
W/dalvikvm( 2174): Unable to resolve superclass of Lcr; (44)
W/dalvikvm( 2174): Link of class 'Lcr;' failed
W/dalvikvm( 2174): Unable to resolve superclass of Lcr; (44)
W/dalvikvm( 2174): Link of class 'Lcr;' failed
W/dalvikvm( 2174): Unable to resolve superclass of Lcr; (44)
W/dalvikvm( 2174): Link of class 'Lcr;' failed
W/dalvikvm( 2174): VFY: unable to resolve instance field 189
D/dalvikvm( 2174): VFY: replacing opcode 0x54 at 0x002c
W/dalvikvm( 2174): Unable to resolve superclass of Lcr; (44)
W/dalvikvm( 2174): Link of class 'Lcr;' failed
W/dalvikvm( 2174): Unable to resolve superclass of Lcr; (44)
W/dalvikvm( 2174): Link of class 'Lcr;' failed
W/dalvikvm( 2174): Unable to resolve superclass of Lcr; (44)
W/dalvikvm( 2174): Link of class 'Lcr;' failed
W/dalvikvm( 2174): Unable to resolve superclass of Lcr; (44)
W/dalvikvm( 2174): Link of class 'Lcr;' failed
E/dalvikvm( 2174): Could not find class 'cr', referenced from method cv.<init>
W/dalvikvm( 2174): VFY: unable to resolve new-instance 183 (Lcr;) in Lcv;
D/dalvikvm( 2174): VFY: replacing opcode 0x22 at 0x002d
W/dalvikvm( 2174): Unable to resolve superclass of Lcr; (44)
W/dalvikvm( 2174): Link of class 'Lcr;' failed
W/dalvikvm( 2174): Unable to resolve superclass of Lcr; (44)
W/dalvikvm( 2174): Link of class 'Lcr;' failed
W/dalvikvm( 2174): Unable to resolve superclass of Lcl; (44)
W/dalvikvm( 2174): Link of class 'Lcl;' failed
W/dalvikvm( 2174): Unable to resolve superclass of Lcl; (44)
W/dalvikvm( 2174): Link of class 'Lcl;' failed
W/dalvikvm( 2174): VFY: unable to find class referenced in signature (Landroid/net/Network;)
I/dalvikvm( 2174): Could not find method android.net.Network.toString, referenced from method cv.a
W/dalvikvm( 2174): VFY: unable to resolve virtual method 231: Landroid/net/Network;.toString ()Ljava/lang/String;
D/dalvikvm( 2174): VFY: replacing opcode 0x6e at 0x0002
W/dalvikvm( 2174): VFY: unable to find class referenced in signature (Landroid/net/Network;)
I/dalvikvm( 2174): Could not find method android.net.ConnectivityManager.getAllNetworks, referenced from method cv.a
W/dalvikvm( 2174): VFY: unable to resolve virtual method 221: Landroid/net/ConnectivityManager;.getAllNetworks ()[Landroid/net/Network;
D/dalvikvm( 2174): VFY: replacing opcode 0x6e at 0x0002
W/dalvikvm( 2174): Unable to resolve superclass of Lcr; (44)
W/dalvikvm( 2174): Link of class 'Lcr;' failed
W/dalvikvm( 2174): Unable to resolve superclass of Lcr; (44)
W/dalvikvm( 2174): Link of class 'Lcr;' failed
D/dalvikvm( 2174): DexOpt: unable to opt direct call 0x0243 at 0x2f in Lcv;.<init>
D/dalvikvm( 2174): DexOpt: unable to opt direct call 0x00f0 at 0x36 in Lcv;.<init>
I/ChmraDebugLogger( 2174): [73] 1801
W/dalvikvm( 2174): VFY: unable to find class referenced in signature (Landroid/net/Network;)
I/dalvikvm( 2174): Could not find method android.net.Network.bindSocket, referenced from method ck.d
I/ChmraDebugLogger( 2174): [30] [VisionOcr.optional:202414000700] permitMetered=true,
W/dalvikvm( 2174): VFY: unable to resolve virtual method 229: Landroid/net/Network;.bindSocket (Ljava/net/Socket;)V
D/dalvikvm( 2174): VFY: replacing opcode 0x6e at 0x0014
W/dalvikvm( 2174): VFY: unable to find class referenced in signature (Landroid/net/Network;)
I/dalvikvm( 2174): Could not find method android.net.ConnectivityManager.getNetworkInfo, referenced from method ck.a
W/dalvikvm( 2174): VFY: unable to resolve virtual method 224: Landroid/net/ConnectivityManager;.getNetworkInfo (Landroid/net/Network;)Landroid/net/NetworkInfo;
D/dalvikvm( 2174): VFY: replacing opcode 0x6e at 0x0002
I/dalvikvm( 2174): Could not find method android.net.ConnectivityManager.getNetworkInfo, referenced from method ck.a
W/dalvikvm( 2174): VFY: unable to resolve virtual method 224: Landroid/net/ConnectivityManager;.getNetworkInfo (Landroid/net/Network;)Landroid/net/NetworkInfo;
D/dalvikvm( 2174): VFY: replacing opcode 0x6e at 0x000a
W/dalvikvm( 2174): VFY: unable to find class referenced in signature (Landroid/net/Network;)
W/dalvikvm( 2174): VFY: unable to find class referenced in signature (Landroid/net/Network;)
W/dalvikvm( 2174): VFY: unable to find class referenced in signature (Landroid/net/Network;)
I/dalvikvm( 2174): Could not find method android.net.ConnectivityManager.getNetworkCapabilities, referenced from method ck.c
W/dalvikvm( 2174): VFY: unable to resolve virtual method 223: Landroid/net/ConnectivityManager;.getNetworkCapabilities (Landroid/net/Network;)Landroid/net/NetworkCapabilities;
D/dalvikvm( 2174): VFY: replacing opcode 0x6e at 0x0002
I/ChimeraConfigService( 2174): Scheduling checkin for one-off execution between [3300,43200] seconds from now (1629035952212)
D/dalvikvm( 2174): DexOpt: couldn't find static field Landroid/os/Build;.SUPPORTED_ABIS
W/dalvikvm( 2174): VFY: unable to resolve static field 37 (SUPPORTED_ABIS) in Landroid/os/Build;
D/dalvikvm( 2174): VFY: replacing opcode 0x62 at 0x006d
I/ChimeraConfigurator( 2174): Update complete: success
I/GmsModuleFndr( 2174): Beginning GMS chimera module scan
I/ModuleSetMgr( 2174): Computing pending module set with APKs: [[AdsFdrDynamite.integ:21460000000], [Cronetdynamite:202414000700], [Dynamiteloader:202414000700], [Dynamitemodulesa:202414000000], [Dynamitemodulesc:202414000000], [Googlecertificates:202414000000], [Mapsdynamite:202414000000], [Measurementdynamite:202414000000]]
I/ModuleSetMgr( 2174): Pending container module APKs: []
I/ModuleSetMgr( 2174): Pending non-container module APKs: []
D/dalvikvm( 2174): GC_FOR_ALLOC freed 1060K, 9% free 21828K/23972K, paused 17ms, total 17ms
D/dalvikvm( 2174): GC_FOR_ALLOC freed 1997K, 10% free 21843K/24128K, paused 19ms, total 19ms
D/dalvikvm( 2174): GC_FOR_ALLOC freed 2147K, 12% free 21408K/24128K, paused 17ms, total 17ms
I/dalvikvm-heap( 2174): Grow heap (frag case) to 21.416MB for 279784-byte allocation
D/dalvikvm( 2174): GC_FOR_ALLOC freed <1K, 12% free 21681K/24404K, paused 20ms, total 20ms
I/ChimeraCfgMgr( 2174): Updating module config: container:2024149000700 -> container:2024149000700
E/DowngradeHelper( 2174): isModuleDowngradeRequired false
E/ConfigFileUtils( 2174): Failed to read config file: /data/data/com.google.android.gms/app_chimera/current_modules_init.pb: open failed: ENOENT (No such file or directory)
I/ChimeraCfgMgr( 2174): Sending com.google.android.chimera.IntentOperation.NEW_MODULE Intents: 1,false,true
I/ChmraDebugLogger( 2174): [46] container:2024149000700
E/dalvikvm( 2174): JIT code cache full
I/ChimeraCfgMgr( 2174): Received com.google.android.chimera.IntentOperation.NEW_MODULE(1/0): 1,false
D/dalvikvm( 2174): JIT code cache reset in 0 ms (523264 bytes 2/0)
D/dalvikvm( 2174): GC_FOR_ALLOC freed 2941K, 15% free 20787K/24404K, paused 23ms, total 23ms
E/PhenotypeRegOp( 2174): Attempting to overwrite config package for com.google.android.gms.games [CONTEXT service_id=231 ]
E/PhenotypeRegOp( 2174): Attempting to overwrite config package for com.google.android.gms.mobile_data_plan [CONTEXT service_id=231 ]
E/PhenotypeRegOp( 2174): Attempting to overwrite config package for com.google.android.gms.signin [CONTEXT service_id=231 ]
E/PhenotypeRegOp( 2174): Attempting to overwrite config package for com.google.android.gms.udc [CONTEXT service_id=231 ]
D/dalvikvm( 1779): GC_FOR_ALLOC freed 1639K, 20% free 10502K/12972K, paused 9ms, total 9ms
I/Vision  ( 2174): Requesting optional module download of ocr.
I/Vision  ( 2174): Exceeded maximum feature download tries for ocr
W/Vision  ( 2174): Request of optional module download of ocr failed.
I/Vision  ( 2174): Checking for download completion for 60255 -- ocr
D/dalvikvm( 1570): GC_FOR_ALLOC freed 1228K, 47% free 7892K/14816K, paused 8ms, total 8ms
I/ActivityManager( 1570): Killing 2597:com.android.dialer/u0a4 (adj 15): empty #17
I/InputReader( 1570): Reconfiguring input devices.  changes=0x00000010
W/Launcher.Model( 2379): Nobody to tell about the new app.  Launcher is probably loading.
I/PackageManager( 1570):   Action: "android.intent.action.SENDTO"
I/PackageManager( 1570):   Category: "android.intent.category.DEFAULT"
I/PackageManager( 1570):   Scheme: "sms"
I/PackageManager( 1570): Adding preferred activity ComponentInfo{com.android.mms/com.android.mms.ui.ComposeMessageActivity} for user 0 :
I/PackageManager( 1570):   Action: "android.intent.action.SENDTO"
I/PackageManager( 1570):   Category: "android.intent.category.DEFAULT"
I/PackageManager( 1570):   Scheme: "smsto"
I/PackageManager( 1570): Adding preferred activity ComponentInfo{com.android.mms/com.android.mms.ui.ComposeMessageActivity} for user 0 :
D/dalvikvm( 1799): GC_FOR_ALLOC freed 461K, 18% free 3631K/4384K, paused 2ms, total 2ms
I/PackageManager( 1570):   Action: "android.intent.action.SENDTO"
I/PackageManager( 1570):   Category: "android.intent.category.DEFAULT"
I/PackageManager( 1570):   Scheme: "mms"
I/PackageManager( 1570): Adding preferred activity ComponentInfo{com.android.mms/com.android.mms.ui.ComposeMessageActivity} for user 0 :
D/dalvikvm( 1570): GC_FOR_ALLOC freed 1214K, 47% free 7907K/14816K, paused 7ms, total 8ms
I/PackageManager( 1570):   Action: "android.intent.action.SENDTO"
I/PackageManager( 1570):   Category: "android.intent.category.DEFAULT"
I/PackageManager( 1570):   Scheme: "mmsto"
I/PackageManager( 1570): Adding preferred activity ComponentInfo{com.android.mms/com.android.mms.ui.ComposeMessageActivity} for user 0 :
I/PackageManager( 1570):   Action: "android.intent.action.SENDTO"
I/PackageManager( 1570):   Category: "android.intent.category.DEFAULT"
I/PackageManager( 1570):   Scheme: "sms"
I/PackageManager( 1570): Adding preferred activity ComponentInfo{com.android.mms/com.android.mms.ui.ComposeMessageActivity} for user 0 :
I/PackageManager( 1570):   Action: "android.intent.action.SENDTO"
I/PackageManager( 1570):   Category: "android.intent.category.DEFAULT"
I/PackageManager( 1570):   Scheme: "smsto"
I/PackageManager( 1570): Adding preferred activity ComponentInfo{com.android.mms/com.android.mms.ui.ComposeMessageActivity} for user 0 :
D/dalvikvm( 1799): GC_FOR_ALLOC freed 413K, 17% free 3663K/4384K, paused 3ms, total 3ms
I/PackageManager( 1570):   Action: "android.intent.action.SENDTO"
I/PackageManager( 1570):   Category: "android.intent.category.DEFAULT"
I/PackageManager( 1570):   Scheme: "mms"
I/PackageManager( 1570): Adding preferred activity ComponentInfo{com.android.mms/com.android.mms.ui.ComposeMessageActivity} for user 0 :
I/PackageManager( 1570):   Action: "android.intent.action.SENDTO"
I/PackageManager( 1570):   Category: "android.intent.category.DEFAULT"
I/PackageManager( 1570):   Scheme: "mmsto"
I/Icing   ( 2174): IndexChimeraService.getServiceInterface callingPackage=com.google.android.gms componentName=AppsCorpus serviceId=36
