E/dalvikvm( 3035): Could not find class 'android.app.job.JobScheduler', referenced from method gss.b
W/dalvikvm( 3035): VFY: unable to resolve check-cast 443 (Landroid/app/job/JobScheduler;) in Lgss;
D/dalvikvm( 3035): VFY: replacing opcode 0x1f at 0x0a62
E/dalvikvm( 3035): Could not find class 'android.app.job.JobScheduler', referenced from method gss.b
W/dalvikvm( 3035): VFY: unable to resolve check-cast 443 (Landroid/app/job/JobScheduler;) in Lgss;
D/dalvikvm( 3035): VFY: replacing opcode 0x1f at 0x0ae8
E/dalvikvm( 3035): Could not find class 'android.app.job.JobScheduler', referenced from method gss.b
W/dalvikvm( 3035): VFY: unable to resolve check-cast 443 (Landroid/app/job/JobScheduler;) in Lgss;
D/dalvikvm( 3035): VFY: replacing opcode 0x1f at 0x0b20
E/dalvikvm( 3035): Could not find class 'android.app.job.JobScheduler', referenced from method gss.c
W/dalvikvm( 3035): VFY: unable to resolve check-cast 443 (Landroid/app/job/JobScheduler;) in Lgss;
D/dalvikvm( 3035): VFY: replacing opcode 0x1f at 0x0077
E/dalvikvm( 3035): Could not find class 'android.app.job.JobScheduler', referenced from method gss.c
W/dalvikvm( 3035): VFY: unable to resolve check-cast 443 (Landroid/app/job/JobScheduler;) in Lgss;
D/dalvikvm( 3035): VFY: replacing opcode 0x1f at 0x012a
E/dalvikvm( 3035): Could not find class 'android.app.job.JobScheduler', referenced from method gss.c
W/dalvikvm( 3035): VFY: unable to resolve check-cast 443 (Landroid/app/job/JobScheduler;) in Lgss;
D/dalvikvm( 3035): VFY: replacing opcode 0x1f at 0x0327
I/Auth    ( 1779): [AuthManaged,PasswordComplexityHelperImpl] Updating password complexity components state.
I/Auth    ( 1779): [AuthManaged,PasswordComplexityHelperImpl] Disabling com.google.android.gms.auth.managed.admin.DeviceAdminReceiver
I/Auth    ( 1779): [AuthManaged,PasswordComplexityHelperImpl] Disabling com.google.android.gms.auth.managed.ui.SetNewPasswordActivity
E/dalvikvm( 3035): Could not find class 'android.app.job.JobScheduler', referenced from method gtk.u_
W/dalvikvm( 3035): VFY: unable to resolve check-cast 443 (Landroid/app/job/JobScheduler;) in Lgtk;
D/dalvikvm( 3035): VFY: replacing opcode 0x1f at 0x0080
I/dalvikvm( 3035): Could not find method android.content.pm.PackageManager.isInstantApp, referenced from method hub.a
W/dalvikvm( 3035): VFY: unable to resolve virtual method 3345: Landroid/content/pm/PackageManager;.isInstantApp (Ljava/lang/String;)Z
D/dalvikvm( 3035): VFY: replacing opcode 0x6e at 0x0026
D/dalvikvm( 3035): GC_FOR_ALLOC freed 401K, 16% free 3265K/3852K, paused 1ms, total 1ms
I/dalvikvm( 3035): Could not find method android.app.NotificationManager.getNotificationChannel, referenced from method gzd.a
W/dalvikvm( 3035): VFY: unable to resolve virtual method 2974: Landroid/app/NotificationManager;.getNotificationChannel (Ljava/lang/String;)Landroid/app/NotificationChannel;
D/dalvikvm( 3035): VFY: replacing opcode 0x6e at 0x00c5
D/dalvikvm( 3035): DexOpt: unable to opt direct call 0x0b8a at 0xd2 in Lgzd;.a
E/dalvikvm( 3035): Could not find class 'com.google.common.flogger.backend.google.GooglePlatform', referenced from method plf.a
W/dalvikvm( 3035): VFY: unable to resolve const-class 3003 (Lcom/google/common/flogger/backend/google/GooglePlatform;) in Lplf;
D/dalvikvm( 3035): VFY: replacing opcode 0x1c at 0x0014
I/dalvikvm( 3035): Could not find method com.google.android.chimera.BoundService.getStartIntent, referenced from method hki.a
W/dalvikvm( 3035): VFY: unable to resolve static method 13682: Lcom/google/android/chimera/BoundService;.getStartIntent (Landroid/content/Context;Ljava/lang/String;)Landroid/content/Intent;
D/dalvikvm( 3035): VFY: replacing opcode 0x71 at 0x0024
E/GmsClient( 3035): unable to connect to service: com.google.android.gms.instantapps.START on com.google.android.gms
W/ActivityManager( 1570): Unable to start service Intent { act=com.google.android.gms.instantapps.START pkg=com.google.android.gms } U=0: not found
W/ActivityManager( 1570): Unbind failed: could not find connection for android.os.BinderProxy@9d3fecb8
I/Auth    ( 1779): [AuthManaged,PasswordComplexityHelperImpl] Updating password complexity components state.
I/Auth    ( 1779): [AuthManaged,PasswordComplexityHelperImpl] Disabling com.google.android.gms.auth.managed.admin.DeviceAdminReceiver
I/Auth    ( 1779): [AuthManaged,PasswordComplexityHelperImpl] Disabling com.google.android.gms.auth.managed.ui.SetNewPasswordActivity
I/dalvikvm( 3035): Could not find method android.content.Context.deleteSharedPreferences, referenced from method fya.c
W/dalvikvm( 3035): VFY: unable to resolve virtual method 3145: Landroid/content/Context;.deleteSharedPreferences (Ljava/lang/String;)Z
D/dalvikvm( 3035): VFY: replacing opcode 0x6e at 0x002a
I/dalvikvm( 3035): Could not find method java.util.Locale.toLanguageTag, referenced from method fvw.a
W/dalvikvm( 3035): VFY: unable to resolve virtual method 33842: Ljava/util/Locale;.toLanguageTag ()Ljava/lang/String;
D/dalvikvm( 3035): VFY: replacing opcode 0x6e at 0x000a
D/dalvikvm( 3035): GC_FOR_ALLOC freed 343K, 14% free 3434K/3964K, paused 2ms, total 2ms
W/ComponentDiscovery( 3035): Application info not found.
W/ComponentDiscovery( 3035): Could not retrieve metadata, returning empty list of registrars.
D/dalvikvm( 1779): GC_FOR_ALLOC freed 1970K, 25% free 9617K/12756K, paused 11ms, total 12ms
I/dalvikvm( 3035): Could not find method android.content.Context.getDrawable, referenced from method rj.a
W/dalvikvm( 3035): VFY: unable to resolve virtual method 3157: Landroid/content/Context;.getDrawable (I)Landroid/graphics/drawable/Drawable;
D/dalvikvm( 3035): VFY: replacing opcode 0x6e at 0x0006
I/dalvikvm( 3035): Could not find method android.content.Context.getDataDir, referenced from method rj.a
W/dalvikvm( 3035): VFY: unable to resolve virtual method 3154: Landroid/content/Context;.getDataDir ()Ljava/io/File;
D/dalvikvm( 3035): VFY: replacing opcode 0x6e at 0x0006
I/dalvikvm( 3035): Could not find method android.content.Context.getSystemServiceName, referenced from method rj.a
W/dalvikvm( 3035): VFY: unable to resolve virtual method 3173: Landroid/content/Context;.getSystemServiceName (Ljava/lang/Class;)Ljava/lang/String;
D/dalvikvm( 3035): VFY: replacing opcode 0x6e at 0x000a
I/dalvikvm( 3035): Could not find method android.content.Context.getSystemService, referenced from method rj.a
W/dalvikvm( 3035): VFY: unable to resolve virtual method 3171: Landroid/content/Context;.getSystemService (Ljava/lang/Class;)Ljava/lang/Object;
D/dalvikvm( 3035): VFY: replacing opcode 0x6e at 0x0020
I/dalvikvm( 3035): Could not find method android.content.Context.getColorStateList, referenced from method rj.b
W/dalvikvm( 3035): VFY: unable to resolve virtual method 3152: Landroid/content/Context;.getColorStateList (I)Landroid/content/res/ColorStateList;
D/dalvikvm( 3035): VFY: replacing opcode 0x6e at 0x0006
I/dalvikvm( 3035): Could not find method android.content.Context.getColor, referenced from method rj.c
W/dalvikvm( 3035): VFY: unable to resolve virtual method 3151: Landroid/content/Context;.getColor (I)I
D/dalvikvm( 3035): VFY: replacing opcode 0x6e at 0x0006
I/dalvikvm( 3035): Could not find method android.content.Context.getNoBackupFilesDir, referenced from method rj.d
W/dalvikvm( 3035): VFY: unable to resolve virtual method 3164: Landroid/content/Context;.getNoBackupFilesDir ()Ljava/io/File;
D/dalvikvm( 3035): VFY: replacing opcode 0x6e at 0x0006
I/dalvikvm( 3035): Could not find method android.content.Context.createDeviceProtectedStorageContext, referenced from method rj.e
W/dalvikvm( 3035): VFY: unable to resolve virtual method 3139: Landroid/content/Context;.createDeviceProtectedStorageContext ()Landroid/content/Context;
D/dalvikvm( 3035): VFY: replacing opcode 0x6e at 0x0008
I/dalvikvm( 3035): Could not find method android.content.Context.isDeviceProtectedStorage, referenced from method rj.f
W/dalvikvm( 3035): VFY: unable to resolve virtual method 3177: Landroid/content/Context;.isDeviceProtectedStorage ()Z
D/dalvikvm( 3035): VFY: replacing opcode 0x6e at 0x0008
I/PGAPhenotypeBroadcastRe( 3035): Received Phenotype update.
W/PGAfap  ( 3035): ContentFiltersService is unavailable; not applying content filters.
I/ChromeSync( 2174): [Sync,SyncIntentOperation] Handling the intent: Intent { act=com.google.android.gms.phenotype.COMMITTED flg=0x10 pkg=com.google.android.gms cmp=com.google.android.gms/.chimera.GmsIntentOperationService (has extras) }.
I/MdiSyncModule( 2174): flag handling is skipping irrelevant intent.
I/PTCommittedOperation( 1779): Receive new configuration for com.google.android.gms.backup
W/ModuleInitIntentOp( 2174): Dropping unexpected action com.google.android.gms.phenotype.COMMITTED
I/ChromeSync( 2174): [Sync,SyncIntentOperation] Handling the intent: Intent { act=com.google.android.gms.phenotype.COMMITTED flg=0x10 pkg=com.google.android.gms cmp=com.google.android.gms/.chimera.GmsIntentOperationService (has extras) }.
I/MdiSyncModule( 2174): flag handling is skipping irrelevant intent.
I/PTCommittedOperation( 1779): Receive new configuration for com.google.android.gms.beacon
W/ModuleInitIntentOp( 2174): Dropping unexpected action com.google.android.gms.phenotype.COMMITTED
I/ChromeSync( 2174): [Sync,SyncIntentOperation] Handling the intent: Intent { act=com.google.android.gms.phenotype.COMMITTED flg=0x10 pkg=com.google.android.gms cmp=com.google.android.gms/.chimera.GmsIntentOperationService (has extras) }.
I/MdiSyncModule( 2174): flag handling is skipping irrelevant intent.
W/ModuleInitIntentOp( 2174): Dropping unexpected action com.google.android.gms.phenotype.COMMITTED
I/PTCommittedOperation( 1779): Receive new configuration for com.google.android.gms.auth_account
D/dalvikvm( 1779): GC_FOR_ALLOC freed 2009K, 25% free 9644K/12756K, paused 11ms, total 11ms
I/PTCommittedOperation( 1779): Receive new configuration for com.google.android.gms.family
I/ChromeSync( 2174): [Sync,SyncIntentOperation] Handling the intent: Intent { act=com.google.android.gms.phenotype.COMMITTED flg=0x10 pkg=com.google.android.gms cmp=com.google.android.gms/.chimera.GmsIntentOperationService (has extras) }.
I/MdiSyncModule( 2174): flag handling is skipping irrelevant intent.
W/ModuleInitIntentOp( 2174): Dropping unexpected action com.google.android.gms.phenotype.COMMITTED
I/ChromeSync( 2174): [Sync,SyncIntentOperation] Handling the intent: Intent { act=com.google.android.gms.phenotype.COMMITTED flg=0x10 pkg=com.google.android.gms cmp=com.google.android.gms/.chimera.GmsIntentOperationService (has extras) }.
I/MdiSyncModule( 2174): flag handling is skipping irrelevant intent.
W/ModuleInitIntentOp( 2174): Dropping unexpected action com.google.android.gms.phenotype.COMMITTED
I/PTCommittedOperation( 1779): Receive new configuration for com.google.android.gms.smart_profile
I/Auth    ( 1779): [AuthManaged,PasswordComplexityHelperImpl] Updating password complexity components state.
I/Auth    ( 1779): [AuthManaged,PasswordComplexityHelperImpl] Disabling com.google.android.gms.auth.managed.admin.DeviceAdminReceiver
I/ChromeSync( 2174): [Sync,SyncIntentOperation] Handling the intent: Intent { act=com.google.android.gms.phenotype.COMMITTED flg=0x10 pkg=com.google.android.gms cmp=com.google.android.gms/.chimera.GmsIntentOperationService (has extras) }.
I/MdiSyncModule( 2174): flag handling is skipping irrelevant intent.
I/Auth    ( 1779): [AuthManaged,PasswordComplexityHelperImpl] Disabling com.google.android.gms.auth.managed.ui.SetNewPasswordActivity
W/ModuleInitIntentOp( 2174): Dropping unexpected action com.google.android.gms.phenotype.COMMITTED
I/PTCommittedOperation( 1779): Receive new configuration for com.google.android.location
D/dalvikvm( 1779): GC_FOR_ALLOC freed 2049K, 25% free 9643K/12756K, paused 8ms, total 8ms
D/dalvikvm( 1570): GC_FOR_ALLOC freed 1268K, 47% free 7986K/14816K, paused 8ms, total 8ms
I/ChromeSync( 2174): [Sync,SyncIntentOperation] Handling the intent: Intent { act=com.google.android.gms.phenotype.COMMITTED flg=0x10 pkg=com.google.android.gms cmp=com.google.android.gms/.chimera.GmsIntentOperationService (has extras) }.
I/MdiSyncModule( 2174): flag handling is skipping irrelevant intent.
W/ModuleInitIntentOp( 2174): Dropping unexpected action com.google.android.gms.phenotype.COMMITTED
I/FsaEntryPointSwitcher( 2174): setting component enabled=1 for com.google.android.gms.people.sync.focus.ContactsSyncAdapterService
I/FsaEntryPointSwitcher( 2174): Setting component enabled succeeds.
I/FsaEntryPointSwitcher( 2174): setting component enabled=2 for com.google.android.syncadapters.contacts.ContactsSyncAdapterService
I/FsaEntryPointSwitcher( 2174): Setting component enabled succeeds.
D/dalvikvm( 1779): GC_FOR_ALLOC freed 2137K, 26% free 9553K/12756K, paused 11ms, total 11ms
I/Auth    ( 1779): [AuthManaged,PasswordComplexityHelperImpl] Updating password complexity components state.
I/Auth    ( 1779): [AuthManaged,PasswordComplexityHelperImpl] Disabling com.google.android.gms.auth.managed.admin.DeviceAdminReceiver
I/Auth    ( 1779): [AuthManaged,PasswordComplexityHelperImpl] Disabling com.google.android.gms.auth.managed.ui.SetNewPasswordActivity
I/ChromeSync( 2174): [Sync,SyncIntentOperation] Handling the intent: Intent { act=com.google.android.gms.phenotype.COMMITTED flg=0x10 pkg=com.google.android.gms cmp=com.google.android.gms/.chimera.GmsIntentOperationService (has extras) }.
I/MdiSyncModule( 2174): flag handling is skipping irrelevant intent.
W/ModuleInitIntentOp( 2174): Dropping unexpected action com.google.android.gms.phenotype.COMMITTED
I/PTCommittedOperation( 1779): Receive new configuration for com.google.android.gms.people
I/PTCommittedOperation( 1779): Receive new configuration for com.google.android.gms.growth
I/Auth    ( 1779): [AuthManaged,PasswordComplexityHelperImpl] Updating password complexity components state.
I/Auth    ( 1779): [AuthManaged,PasswordComplexityHelperImpl] Disabling com.google.android.gms.auth.managed.admin.DeviceAdminReceiver
I/Auth    ( 1779): [AuthManaged,PasswordComplexityHelperImpl] Disabling com.google.android.gms.auth.managed.ui.SetNewPasswordActivity
I/PTCommittedOperation( 1779): Receive new configuration for com.google.android.gms.notifications
I/ChromeSync( 2174): [Sync,SyncIntentOperation] Handling the intent: Intent { act=com.google.android.gms.phenotype.COMMITTED flg=0x10 pkg=com.google.android.gms cmp=com.google.android.gms/.chimera.GmsIntentOperationService (has extras) }.
I/MdiSyncModule( 2174): flag handling is skipping irrelevant intent.
W/ModuleInitIntentOp( 2174): Dropping unexpected action com.google.android.gms.phenotype.COMMITTED
I/ahkf    ( 1779): Removed 0 invalid users [CONTEXT service_id=51 ]
D/dalvikvm( 1779): GC_FOR_ALLOC freed 1820K, 24% free 9780K/12756K, paused 8ms, total 8ms
D/dalvikvm( 1779): GC_FOR_ALLOC freed 934K, 24% free 9714K/12756K, paused 7ms, total 7ms
I/dalvikvm-heap( 1779): Grow heap (frag case) to 9.849MB for 126004-byte allocation
D/dalvikvm( 1779): GC_FOR_ALLOC freed 82K, 25% free 9754K/12880K, paused 8ms, total 8ms
I/Auth    ( 1779): [AuthManaged,PasswordComplexityHelperImpl] Updating password complexity components state.
I/Auth    ( 1779): [AuthManaged,PasswordComplexityHelperImpl] Disabling com.google.android.gms.auth.managed.admin.DeviceAdminReceiver
I/Auth    ( 1779): [AuthManaged,PasswordComplexityHelperImpl] Disabling com.google.android.gms.auth.managed.ui.SetNewPasswordActivity
I/PTCommittedOperation( 1779): Receive new configuration for com.google.android.gms.nearby
D/dalvikvm( 2174): GC_FOR_ALLOC freed 2140K, 25% free 11842K/15752K, paused 17ms, total 17ms
I/ChromeSync( 2174): [Sync,SyncIntentOperation] Handling the intent: Intent { act=com.google.android.gms.phenotype.COMMITTED flg=0x10 pkg=com.google.android.gms cmp=com.google.android.gms/.chimera.GmsIntentOperationService (has extras) }.
E/GmsClient( 2174): unable to connect to service: com.google.android.gms.auth.key.retrieval.service.START on com.google.android.gms
I/MdiSyncModule( 2174): flag handling is skipping irrelevant intent.
W/ModuleInitIntentOp( 2174): Dropping unexpected action com.google.android.gms.phenotype.COMMITTED
W/ActivityManager( 1570): Unable to start service Intent { act=com.google.android.gms.auth.key.retrieval.service.START pkg=com.google.android.gms } U=0: not found
W/ActivityManager( 1570): Unbind failed: could not find connection for android.os.BinderProxy@9d313048
D/dalvikvm( 1779): GC_FOR_ALLOC freed 1030K, 23% free 9995K/12880K, paused 14ms, total 14ms
D/dalvikvm( 1779): GC_FOR_ALLOC freed 670K, 24% free 9809K/12880K, paused 7ms, total 7ms
I/dalvikvm-heap( 1779): Grow heap (frag case) to 9.910MB for 92240-byte allocation
D/dalvikvm( 1779): GC_FOR_ALLOC freed 1K, 24% free 9897K/12972K, paused 10ms, total 10ms
I/Auth    ( 1779): [AuthManaged,PasswordComplexityHelperImpl] Updating password complexity components state.
I/Auth    ( 1779): [AuthManaged,PasswordComplexityHelperImpl] Disabling com.google.android.gms.auth.managed.admin.DeviceAdminReceiver
I/Auth    ( 1779): [AuthManaged,PasswordComplexityHelperImpl] Disabling com.google.android.gms.auth.managed.ui.SetNewPasswordActivity
D/dalvikvm( 1779): GC_FOR_ALLOC freed 1053K, 25% free 9833K/12972K, paused 9ms, total 9ms
I/NearbySharing( 2174): Runtime state initialization complete. Sharing is disabled. [CONTEXT service_id=194 ]
I/ChromeSync( 2174): [Sync,SyncIntentOperation] Handling the intent: Intent { act=com.google.android.gms.phenotype.COMMITTED flg=0x10 pkg=com.google.android.gms cmp=com.google.android.gms/.chimera.GmsIntentOperationService (has extras) }.
I/MdiSyncModule( 2174): flag handling is skipping irrelevant intent.
W/ModuleInitIntentOp( 2174): Dropping unexpected action com.google.android.gms.phenotype.COMMITTED
I/PTCommittedOperation( 1779): Receive new configuration for com.google.android.gms.photos
I/Auth    ( 1779): [AuthManaged,PasswordComplexityHelperImpl] Updating password complexity components state.
I/Auth    ( 1779): [AuthManaged,PasswordComplexityHelperImpl] Disabling com.google.android.gms.auth.managed.admin.DeviceAdminReceiver
I/Auth    ( 1779): [AuthManaged,PasswordComplexityHelperImpl] Disabling com.google.android.gms.auth.managed.ui.SetNewPasswordActivity
I/ChromeSync( 2174): [Sync,SyncIntentOperation] Handling the intent: Intent { act=com.google.android.gms.phenotype.COMMITTED flg=0x10 pkg=com.google.android.gms cmp=com.google.android.gms/.chimera.GmsIntentOperationService (has extras) }.
I/MdiSyncModule( 2174): flag handling is skipping irrelevant intent.
W/ModuleInitIntentOp( 2174): Dropping unexpected action com.google.android.gms.phenotype.COMMITTED
I/PTCommittedOperation( 1779): Receive new configuration for com.google.android.gms.places
D/dalvikvm( 1844): GC_EXPLICIT freed 147K, 19% free 6162K/7588K, paused 0ms+1ms, total 7ms
I/Auth    ( 1779): [AuthManaged,PasswordComplexityHelperImpl] Updating password complexity components state.
I/Auth    ( 1779): [AuthManaged,PasswordComplexityHelperImpl] Disabling com.google.android.gms.auth.managed.admin.DeviceAdminReceiver
I/Auth    ( 1779): [AuthManaged,PasswordComplexityHelperImpl] Disabling com.google.android.gms.auth.managed.ui.SetNewPasswordActivity
I/ChromeSync( 2174): [Sync,SyncIntentOperation] Handling the intent: Intent { act=com.google.android.gms.phenotype.COMMITTED flg=0x10 pkg=com.google.android.gms cmp=com.google.android.gms/.chimera.GmsIntentOperationService (has extras) }.
I/MdiSyncModule( 2174): flag handling is skipping irrelevant intent.
W/ModuleInitIntentOp( 2174): Dropping unexpected action com.google.android.gms.phenotype.COMMITTED
I/PTCommittedOperation( 1779): Receive new configuration for com.google.android.gms.signin
D/dalvikvm( 1779): GC_FOR_ALLOC freed 2070K, 25% free 9811K/12972K, paused 7ms, total 8ms
I/Auth    ( 1779): [AuthManaged,PasswordComplexityHelperImpl] Updating password complexity components state.
I/Auth    ( 1779): [AuthManaged,PasswordComplexityHelperImpl] Disabling com.google.android.gms.auth.managed.admin.DeviceAdminReceiver
I/Auth    ( 1779): [AuthManaged,PasswordComplexityHelperImpl] Disabling com.google.android.gms.auth.managed.ui.SetNewPasswordActivity
I/ChromeSync( 2174): [Sync,SyncIntentOperation] Handling the intent: Intent { act=com.google.android.gms.phenotype.COMMITTED flg=0x10 pkg=com.google.android.gms cmp=com.google.android.gms/.chimera.GmsIntentOperationService (has extras) }.
I/MdiSyncModule( 2174): flag handling is skipping irrelevant intent.
W/ModuleInitIntentOp( 2174): Dropping unexpected action com.google.android.gms.phenotype.COMMITTED
I/SystemUpdate( 2174): [Installation,ReceiverIntentOperation] Received intent: Intent { act=com.google.android.gms.phenotype.COMMITTED flg=0x10 pkg=com.google.android.gms cmp=com.google.android.gms/.chimera.GmsIntentOperationService (has extras) }.
I/PTCommittedOperation( 1779): Receive new configuration for com.google.android.gms.update
E/ahif    ( 1779): Phenotype API error. Event # bqfe@bb946321, EventCode: 5 [CONTEXT service_id=51 ]
E/ahif    ( 1779): ahhj: 29501: Stale snapshot (change count changed - expected 2  but was 1)
E/ahif    ( 1779): 	at ahii.a(:com.google.android.gms@202414005@20.24.14 (000700-319035315):13)
E/ahif    ( 1779): 	at ahih.b(:com.google.android.gms@202414005@20.24.14 (000700-319035315):2)
E/ahif    ( 1779): 	at ahif.a(:com.google.android.gms@202414005@20.24.14 (000700-319035315):85)
E/ahif    ( 1779): 	at ahif.a(:com.google.android.gms@202414005@20.24.14 (000700-319035315):80)
E/ahif    ( 1779): 	at uun.run(:com.google.android.gms@202414005@20.24.14 (000700-319035315):9)
E/ahif    ( 1779): 	at bcny.run(:com.google.android.gms@202414005@20.24.14 (000700-319035315):2)
E/ahif    ( 1779): 	at nlp.b(:com.google.android.gms@202414005@20.24.14 (000700-319035315):12)
E/ahif    ( 1779): 	at nlp.run(:com.google.android.gms@202414005@20.24.14 (000700-319035315):7)
E/ahif    ( 1779): 	at java.util.concurrent.ThreadPoolExecutor.runWorker(ThreadPoolExecutor.java:1112)
E/ahif    ( 1779): 	at java.util.concurrent.ThreadPoolExecutor$Worker.run(ThreadPoolExecutor.java:587)
E/ahif    ( 1779): 	at nrd.run(:com.google.android.gms@202414005@20.24.14 (000700-319035315):0)
E/ahif    ( 1779): 	at java.lang.Thread.run(Thread.java:841)
E/AsyncOperation( 1779): serviceID=51, operation=CommitToConfigurationOperationCall
E/AsyncOperation( 1779): OperationException[Status{statusCode=Stale snapshot (change count changed - expected 2  but was 1), resolution=null}]
E/AsyncOperation( 1779): 	at ahif.a(:com.google.android.gms@202414005@20.24.14 (000700-319035315):87)
E/AsyncOperation( 1779): 	at ahif.a(:com.google.android.gms@202414005@20.24.14 (000700-319035315):80)
E/AsyncOperation( 1779): 	at uun.run(:com.google.android.gms@202414005@20.24.14 (000700-319035315):9)
E/AsyncOperation( 1779): 	at bcny.run(:com.google.android.gms@202414005@20.24.14 (000700-319035315):2)
E/AsyncOperation( 1779): 	at nlp.b(:com.google.android.gms@202414005@20.24.14 (000700-319035315):12)
E/AsyncOperation( 1779): 	at nlp.run(:com.google.android.gms@202414005@20.24.14 (000700-319035315):7)
E/AsyncOperation( 1779): 	at java.util.concurrent.ThreadPoolExecutor.runWorker(ThreadPoolExecutor.java:1112)
E/AsyncOperation( 1779): 	at java.util.concurrent.ThreadPoolExecutor$Worker.run(ThreadPoolExecutor.java:587)
E/AsyncOperation( 1779): 	at nrd.run(:com.google.android.gms@202414005@20.24.14 (000700-319035315):0)
E/AsyncOperation( 1779): 	at java.lang.Thread.run(Thread.java:841)
W/PhenotypeFlagCommitter( 1779): Committing snapshot for com.google.android.gms.auth_authzen failed, retrying
W/PhenotypeFlagCommitter( 1779): java.util.concurrent.ExecutionException: mic: 29501: Stale snapshot (change count changed - expected 2  but was 1)
W/PhenotypeFlagCommitter( 1779): 	at amhe.b(:com.google.android.gms@202414005@20.24.14 (000700-319035315):5)
W/PhenotypeFlagCommitter( 1779): 	at amhe.a(:com.google.android.gms@202414005@20.24.14 (000700-319035315):23)
W/PhenotypeFlagCommitter( 1779): 	at ahgl.a(:com.google.android.gms@202414005@20.24.14 (000700-319035315):19)
W/PhenotypeFlagCommitter( 1779): 	at ahgl.a(:com.google.android.gms@202414005@20.24.14 (000700-319035315):27)
W/PhenotypeFlagCommitter( 1779): 	at mrh.c(:com.google.android.gms@202414005@20.24.14 (000700-319035315):5)
W/PhenotypeFlagCommitter( 1779): 	at mrh.a(:com.google.android.gms@202414005@20.24.14 (000700-319035315):3)
W/PhenotypeFlagCommitter( 1779): 	at com.google.android.gms.common.config.PhenotypeUpdateOperation.onHandleIntent(:com.google.android.gms@202414005@20.24.14 (000700-319035315):18)
W/PhenotypeFlagCommitter( 1779): 	at com.google.android.chimera.IntentOperation.onHandleIntent(:com.google.android.gms@202414005@20.24.14 (000700-319035315):2)
W/PhenotypeFlagCommitter( 1779): 	at ljm.onHandleIntent(:com.google.android.gms@202414005@20.24.14 (000700-319035315):4)
W/PhenotypeFlagCommitter( 1779): 	at bsh.run(:com.google.android.gms@202414005@20.24.14 (000700-319035315):5)
W/PhenotypeFlagCommitter( 1779): 	at bsg.run(:com.google.android.gms@202414005@20.24.14 (000700-319035315):10)
W/PhenotypeFlagCommitter( 1779): 	at java.util.concurrent.ThreadPoolExecutor.runWorker(ThreadPoolExecutor.java:1112)
W/PhenotypeFlagCommitter( 1779): 	at java.util.concurrent.ThreadPoolExecutor$Worker.run(ThreadPoolExecutor.java:587)
W/PhenotypeFlagCommitter( 1779): 	at java.lang.Thread.run(Thread.java:841)
W/PhenotypeFlagCommitter( 1779): Caused by: mic: 29501: Stale snapshot (change count changed - expected 2  but was 1)
W/PhenotypeFlagCommitter( 1779): 	at mnq.a(:com.google.android.gms@202414005@20.24.14 (000700-319035315):4)
W/PhenotypeFlagCommitter( 1779): 	at mnq.a(:com.google.android.gms@202414005@20.24.14 (000700-319035315):2)
W/PhenotypeFlagCommitter( 1779): 	at ahht.e(:com.google.android.gms@202414005@20.24.14 (000700-319035315):0)
W/PhenotypeFlagCommitter( 1779): 	at ahih.a(:com.google.android.gms@202414005@20.24.14 (000700-319035315):19)
W/PhenotypeFlagCommitter( 1779): 	at uun.run(:com.google.android.gms@202414005@20.24.14 (000700-319035315):16)
W/PhenotypeFlagCommitter( 1779): 	at bcny.run(:com.google.android.gms@202414005@20.24.14 (000700-319035315):2)
W/PhenotypeFlagCommitter( 1779): 	at nlp.b(:com.google.android.gms@202414005@20.24.14 (000700-319035315):12)
W/PhenotypeFlagCommitter( 1779): 	at nlp.run(:com.google.android.gms@202414005@20.24.14 (000700-319035315):7)
W/PhenotypeFlagCommitter( 1779): 	at java.util.concurrent.ThreadPoolExecutor.runWorker(ThreadPoolExecutor.java:1112)
W/PhenotypeFlagCommitter( 1779): 	at java.util.concurrent.ThreadPoolExecutor$Worker.run(ThreadPoolExecutor.java:587)
W/PhenotypeFlagCommitter( 1779): 	at nrd.run(:com.google.android.gms@202414005@20.24.14 (000700-319035315):0)
W/PhenotypeFlagCommitter( 1779): 	... 1 more
I/PTCommittedOperation( 1779): Receive new configuration for com.google.android.gms.auth_authzen
I/Auth    ( 1779): [AuthManaged,PasswordComplexityHelperImpl] Updating password complexity components state.
I/Auth    ( 1779): [AuthManaged,PasswordComplexityHelperImpl] Disabling com.google.android.gms.auth.managed.admin.DeviceAdminReceiver
I/Auth    ( 1779): [AuthManaged,PasswordComplexityHelperImpl] Disabling com.google.android.gms.auth.managed.ui.SetNewPasswordActivity
I/SystemUpdate( 2174): [Execution,InstallationEventIntentOperation] Handling event of type 2.
I/SystemUpdate( 2174): [Execution,InstallationIntentOperation] Received intent: Intent { act=com.google.android.gms.update.INSTALL_UPDATE cat=[targeted_intent_op_prefix:.update.execution.InstallationIntentOperation] cmp=com.google.android.gms/.chimera.GmsIntentOperationService }.
I/SystemUpdate( 2174): [Execution,ExecutionManager] Action finished-execution executed for 0.00 seconds.
I/ChromeSync( 2174): [Sync,SyncIntentOperation] Handling the intent: Intent { act=com.google.android.gms.phenotype.COMMITTED flg=0x10 pkg=com.google.android.gms cmp=com.google.android.gms/.chimera.GmsIntentOperationService (has extras) }.
I/MdiSyncModule( 2174): flag handling is skipping irrelevant intent.
W/ModuleInitIntentOp( 2174): Dropping unexpected action com.google.android.gms.phenotype.COMMITTED
D/dalvikvm( 1779): GC_FOR_ALLOC freed 2229K, 26% free 9629K/12972K, paused 12ms, total 12ms
I/Auth    ( 1779): [AuthManaged,PasswordComplexityHelperImpl] Updating password complexity components state.
I/Auth    ( 1779): [AuthManaged,PasswordComplexityHelperImpl] Disabling com.google.android.gms.auth.managed.admin.DeviceAdminReceiver
I/Auth    ( 1779): [AuthManaged,PasswordComplexityHelperImpl] Disabling com.google.android.gms.auth.managed.ui.SetNewPasswordActivity
I/ChromeSync( 2174): [Sync,SyncIntentOperation] Handling the intent: Intent { act=com.google.android.gms.phenotype.COMMITTED flg=0x10 pkg=com.google.android.gms cmp=com.google.android.gms/.chimera.GmsIntentOperationService (has extras) }.
I/PTCommittedOperation( 1779): Receive new configuration for com.google.android.gms.vision
I/MdiSyncModule( 2174): flag handling is skipping irrelevant intent.
W/ModuleInitIntentOp( 2174): Dropping unexpected action com.google.android.gms.phenotype.COMMITTED
I/ahju    ( 1779): Scheduling a periodic sync task every 86400 seconds, with flex of 1800 seconds [CONTEXT service_id=51 ]
I/ahju    ( 1779): Scheduling adaptive one off task with window [14400, 604800] in seconds [CONTEXT service_id=51 ]
D/dalvikvm( 3035): GC_FOR_ALLOC freed 252K, 14% free 3565K/4124K, paused 3ms, total 3ms
I/PGAPhenotypeBroadcastRe( 3035): Received Phenotype update.
I/Auth    ( 1779): [AuthManaged,PasswordComplexityHelperImpl] Updating password complexity components state.
I/Auth    ( 1779): [AuthManaged,PasswordComplexityHelperImpl] Disabling com.google.android.gms.auth.managed.admin.DeviceAdminReceiver
I/Auth    ( 1779): [AuthManaged,PasswordComplexityHelperImpl] Disabling com.google.android.gms.auth.managed.ui.SetNewPasswordActivity
D/dalvikvm( 1779): GC_FOR_ALLOC freed 1995K, 26% free 9681K/12972K, paused 10ms, total 10ms
I/ChromeSync( 2174): [Sync,SyncIntentOperation] Handling the intent: Intent { act=com.google.android.gms.phenotype.COMMITTED flg=0x10 pkg=com.google.android.gms cmp=com.google.android.gms/.chimera.GmsIntentOperationService (has extras) }.
W/ModuleInitIntentOp( 2174): Dropping unexpected action com.google.android.gms.phenotype.COMMITTED
I/MdiSyncModule( 2174): flag handling is skipping irrelevant intent.
I/PTCommittedOperation( 1779): Receive new configuration for com.google.android.gms.wallet
I/Auth    ( 1779): [AuthManaged,PasswordComplexityHelperImpl] Updating password complexity components state.
I/Auth    ( 1779): [AuthManaged,PasswordComplexityHelperImpl] Disabling com.google.android.gms.auth.managed.admin.DeviceAdminReceiver
I/Auth    ( 1779): [AuthManaged,PasswordComplexityHelperImpl] Disabling com.google.android.gms.auth.managed.ui.SetNewPasswordActivity
D/dalvikvm( 1779): GC_FOR_ALLOC freed 1964K, 25% free 9736K/12972K, paused 8ms, total 8ms
I/ChromeSync( 2174): [Sync,SyncIntentOperation] Handling the intent: Intent { act=com.google.android.gms.phenotype.COMMITTED flg=0x10 pkg=com.google.android.gms cmp=com.google.android.gms/.chimera.GmsIntentOperationService (has extras) }.
I/PTCommittedOperation( 1779): Receive new configuration for com.google.android.gms.wearable
I/MdiSyncModule( 2174): flag handling is skipping irrelevant intent.
W/ModuleInitIntentOp( 2174): Dropping unexpected action com.google.android.gms.phenotype.COMMITTED
I/Auth    ( 1779): [AuthManaged,PasswordComplexityHelperImpl] Updating password complexity components state.
I/Auth    ( 1779): [AuthManaged,PasswordComplexityHelperImpl] Disabling com.google.android.gms.auth.managed.admin.DeviceAdminReceiver
I/Auth    ( 1779): [AuthManaged,PasswordComplexityHelperImpl] Disabling com.google.android.gms.auth.managed.ui.SetNewPasswordActivity
I/ChromeSync( 2174): [Sync,SyncIntentOperation] Handling the intent: Intent { act=com.google.android.gms.phenotype.COMMITTED flg=0x10 pkg=com.google.android.gms cmp=com.google.android.gms/.chimera.GmsIntentOperationService (has extras) }.
D/dalvikvm( 2174): GC_FOR_ALLOC freed 1933K, 25% free 11957K/15752K, paused 12ms, total 12ms
I/MdiSyncModule( 2174): flag handling is skipping irrelevant intent.
W/ModuleInitIntentOp( 2174): Dropping unexpected action com.google.android.gms.phenotype.COMMITTED
I/Authzen ( 2174): [DeviceStateSyncManager] Device state fast sync is disabled
I/PTCommittedOperation( 1779): Receive new configuration for com.google.android.gms.walletp2p.v2
D/dalvikvm( 1570): GC_FOR_ALLOC freed 1209K, 46% free 8030K/14816K, paused 8ms, total 8ms
I/ChromeSync( 2174): [Sync,SyncIntentOperation] Handling the intent: Intent { act=com.google.android.gms.phenotype.COMMITTED flg=0x10 pkg=com.google.android.gms cmp=com.google.android.gms/.chimera.GmsIntentOperationService (has extras) }.
W/ActivityManager( 1570): Unable to start service Intent { act=com.google.android.gms.auth.key.retrieval.service.START pkg=com.google.android.gms } U=0: not found
I/MdiSyncModule( 2174): flag handling is skipping irrelevant intent.
W/ModuleInitIntentOp( 2174): Dropping unexpected action com.google.android.gms.phenotype.COMMITTED
I/FsaEntryPointSwitcher( 2174): setting component enabled=1 for com.google.android.gms.people.sync.focus.ContactsSyncAdapterService
I/FsaEntryPointSwitcher( 2174): Setting component enabled succeeds.
I/FsaEntryPointSwitcher( 2174): setting component enabled=2 for com.google.android.syncadapters.contacts.ContactsSyncAdapterService
I/FsaEntryPointSwitcher( 2174): Setting component enabled succeeds.
E/GmsClient( 2174): unable to connect to service: com.google.android.gms.auth.key.retrieval.service.START on com.google.android.gms
W/ActivityManager( 1570): Unbind failed: could not find connection for android.os.BinderProxy@9dab80f0
I/PTCommittedOperation( 1779): Receive new configuration for com.google.android.gms.people
I/Auth    ( 1779): [AuthManaged,PasswordComplexityHelperImpl] Updating password complexity components state.
I/Auth    ( 1779): [AuthManaged,PasswordComplexityHelperImpl] Disabling com.google.android.gms.auth.managed.admin.DeviceAdminReceiver
I/Auth    ( 1779): [AuthManaged,PasswordComplexityHelperImpl] Disabling com.google.android.gms.auth.managed.ui.SetNewPasswordActivity
I/ChromeSync( 2174): [Sync,SyncIntentOperation] Handling the intent: Intent { act=com.google.android.gms.phenotype.COMMITTED flg=0x10 pkg=com.google.android.gms cmp=com.google.android.gms/.chimera.GmsIntentOperationService (has extras) }.
I/MdiSyncModule( 2174): flag handling is skipping irrelevant intent.
I/PhoneskyRecoveryLogs( 2174): Experiments updated. Start recovery checks. [CONTEXT service_id=242 ]
W/ModuleInitIntentOp( 2174): Dropping unexpected action com.google.android.gms.phenotype.COMMITTED
D/dalvikvm( 1779): GC_FOR_ALLOC freed 2137K, 26% free 9646K/12972K, paused 12ms, total 12ms
I/PTCommittedOperation( 1779): Receive new configuration for com.google.android.gms.phonesky_recovery
I/Auth    ( 1779): [AuthManaged,PasswordComplexityHelperImpl] Updating password complexity components state.
I/Auth    ( 1779): [AuthManaged,PasswordComplexityHelperImpl] Disabling com.google.android.gms.auth.managed.admin.DeviceAdminReceiver
I/Auth    ( 1779): [AuthManaged,PasswordComplexityHelperImpl] Disabling com.google.android.gms.auth.managed.ui.SetNewPasswordActivity
I/ChromeSync( 2174): [Sync,SyncIntentOperation] Handling the intent: Intent { act=com.google.android.gms.phenotype.COMMITTED flg=0x10 pkg=com.google.android.gms cmp=com.google.android.gms/.chimera.GmsIntentOperationService (has extras) }.
I/MdiSyncModule( 2174): flag handling is skipping irrelevant intent.
W/ModuleInitIntentOp( 2174): Dropping unexpected action com.google.android.gms.phenotype.COMMITTED
I/PTCommittedOperation( 1779): Receive new configuration for com.google.android.gms.icing.mdd
I/Auth    ( 1779): [AuthManaged,PasswordComplexityHelperImpl] Updating password complexity components state.
I/Auth    ( 1779): [AuthManaged,PasswordComplexityHelperImpl] Disabling com.google.android.gms.auth.managed.admin.DeviceAdminReceiver
I/Auth    ( 1779): [AuthManaged,PasswordComplexityHelperImpl] Disabling com.google.android.gms.auth.managed.ui.SetNewPasswordActivity
I/PTCommittedOperation( 1779): Receive new configuration for com.google.android.gms.icing.mdh
I/Auth    ( 1779): [AuthManaged,PasswordComplexityHelperImpl] Updating password complexity components state.
I/Auth    ( 1779): [AuthManaged,PasswordComplexityHelperImpl] Disabling com.google.android.gms.auth.managed.admin.DeviceAdminReceiver
I/Auth    ( 1779): [AuthManaged,PasswordComplexityHelperImpl] Disabling com.google.android.gms.auth.managed.ui.SetNewPasswordActivity
D/dalvikvm( 1779): GC_FOR_ALLOC freed 2004K, 26% free 9689K/12972K, paused 10ms, total 10ms
E/MDD     ( 2174): MDDManager Failed to init shared file metadata.
I/Auth    ( 1779): [AuthManaged,PasswordComplexityHelperImpl] Updating password complexity components state.
I/Auth    ( 1779): [AuthManaged,PasswordComplexityHelperImpl] Disabling com.google.android.gms.auth.managed.admin.DeviceAdminReceiver
I/Auth    ( 1779): [AuthManaged,PasswordComplexityHelperImpl] Disabling com.google.android.gms.auth.managed.ui.SetNewPasswordActivity
I/PTCommittedOperation( 1779): Receive new configuration for com.google.android.gms.herrevad
I/Herrevad( 1779): [193] wkz.a: updateListenState
I/ChromeSync( 2174): [Sync,SyncIntentOperation] Handling the intent: Intent { act=com.google.android.gms.phenotype.COMMITTED flg=0x10 pkg=com.google.android.gms cmp=com.google.android.gms/.chimera.GmsIntentOperationService (has extras) }.
I/MdiSyncModule( 2174): flag handling is skipping irrelevant intent.
W/ModuleInitIntentOp( 2174): Dropping unexpected action com.google.android.gms.phenotype.COMMITTED
I/Auth    ( 1779): [AuthManaged,PasswordComplexityHelperImpl] Updating password complexity components state.
I/Auth    ( 1779): [AuthManaged,PasswordComplexityHelperImpl] Disabling com.google.android.gms.auth.managed.admin.DeviceAdminReceiver
I/Auth    ( 1779): [AuthManaged,PasswordComplexityHelperImpl] Disabling com.google.android.gms.auth.managed.ui.SetNewPasswordActivity
I/MobileDataHub( 2174): Scheduling periodic tasks
W/MobileDataHub( 2174): [Service] appsupload-periodic periodic task disabled
I/PTCommittedOperation( 1779): Receive new configuration for com.google.android.gms.firebase.auth
I/ChromeSync( 2174): [Sync,SyncIntentOperation] Handling the intent: Intent { act=com.google.android.gms.phenotype.COMMITTED flg=0x10 pkg=com.google.android.gms cmp=com.google.android.gms/.chimera.GmsIntentOperationService (has extras) }.
I/MdiSyncModule( 2174): flag handling is skipping irrelevant intent.
W/ModuleInitIntentOp( 2174): Dropping unexpected action com.google.android.gms.phenotype.COMMITTED
I/ChromeSync( 2174): [Sync,SyncIntentOperation] Handling the intent: Intent { act=com.google.android.gms.phenotype.COMMITTED flg=0x10 pkg=com.google.android.gms cmp=com.google.android.gms/.chimera.GmsIntentOperationService (has extras) }.
I/MdiSyncModule( 2174): flag handling is skipping irrelevant intent.
D/dalvikvm( 2174): GC_FOR_ALLOC freed 1861K, 23% free 12143K/15752K, paused 15ms, total 15ms
W/ModuleInitIntentOp( 2174): Dropping unexpected action com.google.android.gms.phenotype.COMMITTED
I/ChromeSync( 2174): [Sync,SyncIntentOperation] Handling the intent: Intent { act=com.google.android.gms.phenotype.COMMITTED flg=0x10 pkg=com.google.android.gms cmp=com.google.android.gms/.chimera.GmsIntentOperationService (has extras) }.
I/MdiSyncModule( 2174): flag handling is skipping irrelevant intent.
W/ModuleInitIntentOp( 2174): Dropping unexpected action com.google.android.gms.phenotype.COMMITTED
E/dalvikvm( 1570): JIT code cache full
I/PTCommittedOperation( 1779): Receive new configuration for com.google.android.gms.ads
I/Auth    ( 1779): [AuthManaged,PasswordComplexityHelperImpl] Updating password complexity components state.
I/Auth    ( 1779): [AuthManaged,PasswordComplexityHelperImpl] Disabling com.google.android.gms.auth.managed.admin.DeviceAdminReceiver
I/Auth    ( 1779): [AuthManaged,PasswordComplexityHelperImpl] Disabling com.google.android.gms.auth.managed.ui.SetNewPasswordActivity
D/dalvikvm( 1779): GC_FOR_ALLOC freed 2108K, 26% free 9629K/12972K, paused 8ms, total 9ms
I/ChromeSync( 2174): [Sync,SyncIntentOperation] Handling the intent: Intent { act=com.google.android.gms.phenotype.COMMITTED flg=0x10 pkg=com.google.android.gms cmp=com.google.android.gms/.chimera.GmsIntentOperationService (has extras) }.
I/MdiSyncModule( 2174): flag handling is skipping irrelevant intent.
W/ModuleInitIntentOp( 2174): Dropping unexpected action com.google.android.gms.phenotype.COMMITTED
I/PTCommittedOperation( 1779): Receive new configuration for com.google.android.gms.gcm
I/Auth    ( 1779): [AuthManaged,PasswordComplexityHelperImpl] Updating password complexity components state.
I/Auth    ( 1779): [AuthManaged,PasswordComplexityHelperImpl] Disabling com.google.android.gms.auth.managed.admin.DeviceAdminReceiver
I/Auth    ( 1779): [AuthManaged,PasswordComplexityHelperImpl] Disabling com.google.android.gms.auth.managed.ui.SetNewPasswordActivity
I/ChromeSync( 2174): [Sync,SyncIntentOperation] Handling the intent: Intent { act=com.google.android.gms.phenotype.COMMITTED flg=0x10 pkg=com.google.android.gms cmp=com.google.android.gms/.chimera.GmsIntentOperationService (has extras) }.
I/MdiSyncModule( 2174): flag handling is skipping irrelevant intent.
W/ModuleInitIntentOp( 2174): Dropping unexpected action com.google.android.gms.phenotype.COMMITTED
I/PTCommittedOperation( 1779): Receive new configuration for com.google.android.gms.ipa
I/Auth    ( 1779): [AuthManaged,PasswordComplexityHelperImpl] Updating password complexity components state.
I/Auth    ( 1779): [AuthManaged,PasswordComplexityHelperImpl] Disabling com.google.android.gms.auth.managed.admin.DeviceAdminReceiver
I/Auth    ( 1779): [AuthManaged,PasswordComplexityHelperImpl] Disabling com.google.android.gms.auth.managed.ui.SetNewPasswordActivity
I/ChromeSync( 2174): [Sync,SyncIntentOperation] Handling the intent: Intent { act=com.google.android.gms.phenotype.COMMITTED flg=0x10 pkg=com.google.android.gms cmp=com.google.android.gms/.chimera.GmsIntentOperationService (has extras) }.
I/MdiSyncModule( 2174): flag handling is skipping irrelevant intent.
I/PTCommittedOperation( 1779): Receive new configuration for com.google.android.gms.ocr
W/ModuleInitIntentOp( 2174): Dropping unexpected action com.google.android.gms.phenotype.COMMITTED
V/EmulatedCamera_Camera( 1148): getCameraInfo
V/EmulatedCamera_BaseCamera( 1148): getCameraInfo
I/OcrModelUpStIntentOp( 2174): Updating ocr activity enabled=true (phenotypeFlag=true, lowRamDevice=false, prereqCheck=true)
W/DynamiteModule( 2174): Local module descriptor class for com.google.android.gms.vision.dynamite.ocr not found.
W/ProviderHelper( 2174): Unknown dynamite feature vision.dynamite.ocr
I/DynamiteModule( 2174): Considering local module com.google.android.gms.vision.dynamite.ocr:0 and remote module com.google.android.gms.vision.dynamite.ocr:0
W/ProviderHelper( 2174): Unknown dynamite feature vision.ocr
W/DynamiteModule( 2174): Local module descriptor class for com.google.android.gms.vision.ocr not found.
I/DynamiteModule( 2174): Considering local module com.google.android.gms.vision.ocr:0 and remote module com.google.android.gms.vision.ocr:0
E/Vision  ( 2174): Error loading module com.google.android.gms.vision.ocr optional module true: qxb: No acceptable module found. Local version is 0 and remote version is 0.
W/TextNativeHandle( 2174): Native handle not yet available. Reverting to no-op handle.
W/DynamiteModule( 2174): Local module descriptor class for com.google.android.gms.vision.dynamite.ocr not found.
W/ProviderHelper( 2174): Unknown dynamite feature vision.dynamite.ocr
I/Vision  ( 2174): Requesting optional module download of ocr.
I/Vision  ( 2174): Checking for download completion for 50217 -- ocr
I/DynamiteModule( 2174): Considering local module com.google.android.gms.vision.dynamite.ocr:0 and remote module com.google.android.gms.vision.dynamite.ocr:0
W/ProviderHelper( 2174): Unknown dynamite feature vision.ocr
W/DynamiteModule( 2174): Local module descriptor class for com.google.android.gms.vision.ocr not found.
I/DynamiteModule( 2174): Considering local module com.google.android.gms.vision.ocr:0 and remote module com.google.android.gms.vision.ocr:0
E/Vision  ( 2174): Error loading module com.google.android.gms.vision.ocr optional module true: qxb: No acceptable module found. Local version is 0 and remote version is 0.
I/OcrModelUpStIntentOp( 2174): Downloading text recognizer
I/Vision  ( 2174): Requesting optional module download of ocr.
I/Vision  ( 2174): Checking for download completion for 50241 -- ocr
D/dalvikvm( 1779): GC_FOR_ALLOC freed 1975K, 26% free 9701K/12972K, paused 13ms, total 13ms
I/Auth    ( 1779): [AuthManaged,PasswordComplexityHelperImpl] Updating password complexity components state.
I/Auth    ( 1779): [AuthManaged,PasswordComplexityHelperImpl] Disabling com.google.android.gms.auth.managed.admin.DeviceAdminReceiver
I/Auth    ( 1779): [AuthManaged,PasswordComplexityHelperImpl] Disabling com.google.android.gms.auth.managed.ui.SetNewPasswordActivity
I/ChromeSync( 2174): [Sync,SyncIntentOperation] Handling the intent: Intent { act=com.google.android.gms.phenotype.COMMITTED flg=0x10 pkg=com.google.android.gms cmp=com.google.android.gms/.chimera.GmsIntentOperationService (has extras) }.
I/MdiSyncModule( 2174): flag handling is skipping irrelevant intent.
I/PTCommittedOperation( 1779): Receive new configuration for com.google.android.gms.udc
W/ModuleInitIntentOp( 2174): Dropping unexpected action com.google.android.gms.phenotype.COMMITTED
I/Auth    ( 1779): [AuthManaged,PasswordComplexityHelperImpl] Updating password complexity components state.
I/Auth    ( 1779): [AuthManaged,PasswordComplexityHelperImpl] Disabling com.google.android.gms.auth.managed.admin.DeviceAdminReceiver
I/Auth    ( 1779): [AuthManaged,PasswordComplexityHelperImpl] Disabling com.google.android.gms.auth.managed.ui.SetNewPasswordActivity
I/ChromeSync( 2174): [Sync,SyncIntentOperation] Handling the intent: Intent { act=com.google.android.gms.phenotype.COMMITTED flg=0x10 pkg=com.google.android.gms cmp=com.google.android.gms/.chimera.GmsIntentOperationService (has extras) }.
I/MdiSyncModule( 2174): flag handling is skipping irrelevant intent.
W/ModuleInitIntentOp( 2174): Dropping unexpected action com.google.android.gms.phenotype.COMMITTED
I/PTCommittedOperation( 1779): Receive new configuration for com.google.android.gms.ulr
I/Auth    ( 1779): [AuthManaged,PasswordComplexityHelperImpl] Updating password complexity components state.
I/Auth    ( 1779): [AuthManaged,PasswordComplexityHelperImpl] Disabling com.google.android.gms.auth.managed.admin.DeviceAdminReceiver
I/Auth    ( 1779): [AuthManaged,PasswordComplexityHelperImpl] Disabling com.google.android.gms.auth.managed.ui.SetNewPasswordActivity
D/dalvikvm( 1779): GC_FOR_ALLOC freed 1989K, 25% free 9760K/12972K, paused 12ms, total 12ms
I/ChromeSync( 2174): [Sync,SyncIntentOperation] Handling the intent: Intent { act=com.google.android.gms.phenotype.COMMITTED flg=0x10 pkg=com.google.android.gms cmp=com.google.android.gms/.chimera.GmsIntentOperationService (has extras) }.
I/MdiSyncModule( 2174): flag handling is skipping irrelevant intent.
I/PTCommittedOperation( 1779): Receive new configuration for com.google.android.gms.appinvite
W/ModuleInitIntentOp( 2174): Dropping unexpected action com.google.android.gms.phenotype.COMMITTED
I/Auth    ( 1779): [AuthManaged,PasswordComplexityHelperImpl] Updating password complexity components state.
I/Auth    ( 1779): [AuthManaged,PasswordComplexityHelperImpl] Disabling com.google.android.gms.auth.managed.admin.DeviceAdminReceiver
I/Auth    ( 1779): [AuthManaged,PasswordComplexityHelperImpl] Disabling com.google.android.gms.auth.managed.ui.SetNewPasswordActivity
I/ChromeSync( 2174): [Sync,SyncIntentOperation] Handling the intent: Intent { act=com.google.android.gms.phenotype.COMMITTED flg=0x10 pkg=com.google.android.gms cmp=com.google.android.gms/.chimera.GmsIntentOperationService (has extras) }.
I/MdiSyncModule( 2174): flag handling is skipping irrelevant intent.
W/ModuleInitIntentOp( 2174): Dropping unexpected action com.google.android.gms.phenotype.COMMITTED
I/PTCommittedOperation( 1779): Receive new configuration for com.google.android.gms.usagereporting
I/GCoreUlr( 1779): WorldUpdater received intent Intent { act=com.google.android.location.reporting.ACTION_UPDATE_WORLD cmp=com.google.android.gms/com.google.android.location.reporting.service.DispatchingService (has extras) } with receiverAction com.google.gservices.intent.action.GSERVICES_CHANGED
I/GCoreUlr( 1779): WorldUpdater:com.google.gservices.intent.action.GSERVICES_CHANGED: Ensuring that reporting is stopped because of reasons: (no Google accounts)
I/GCoreUlr( 1779): Unbound from all signal providers.
I/Auth    ( 1779): [AuthManaged,PasswordComplexityHelperImpl] Updating password complexity components state.
I/Auth    ( 1779): [AuthManaged,PasswordComplexityHelperImpl] Disabling com.google.android.gms.auth.managed.admin.DeviceAdminReceiver
I/Auth    ( 1779): [AuthManaged,PasswordComplexityHelperImpl] Disabling com.google.android.gms.auth.managed.ui.SetNewPasswordActivity
I/ChromeSync( 2174): [Sync,SyncIntentOperation] Handling the intent: Intent { act=com.google.android.gms.phenotype.COMMITTED flg=0x10 pkg=com.google.android.gms cmp=com.google.android.gms/.chimera.GmsIntentOperationService (has extras) }.
D/dalvikvm( 1844): GC_EXPLICIT freed 139K, 19% free 6163K/7588K, paused 0ms+1ms, total 9ms
I/MdiSyncModule( 2174): flag handling is skipping irrelevant intent.
W/ModuleInitIntentOp( 2174): Dropping unexpected action com.google.android.gms.phenotype.COMMITTED
I/PTCommittedOperation( 1779): Receive new configuration for com.google.android.gms.constellation
I/GCoreUlr( 1779): Unbound from all signal providers.
I/GCoreUlr( 1779): Stopping handler for UlrDispSvcFast
