I/ActivityManager( 1570): Start proc com.android.defcontainer for service com.android.defcontainer/.DefaultContainerService: pid=2127 uid=10003 gids={50003, 1028, 1015, 1023, 2001, 1035}
W/ActivityManager( 1570): No content provider found for permission revoke: file:///data/local/tmp/AndroidRipperService.apk
W/ActivityManager( 1570): No content provider found for permission revoke: file:///data/local/tmp/AndroidRipperService.apk
I/PackageManager( 1570): Copying native libraries to /data/app-lib/vmdl-1875566318
I/PackageParser( 1570): it.unina.android.ripper_service: compat added android.permission.WRITE_EXTERNAL_STORAGE android.permission.READ_PHONE_STATE
I/ActivityManager( 1570): Force stopping it.unina.android.ripper_service appid=10057 user=-1: update pkg
I/PackageManager( 1570): Adding preferred activity ComponentInfo{com.android.mms/com.android.mms.ui.ComposeMessageActivity} for user 0 :
I/PackageManager( 1570): Adding preferred activity ComponentInfo{com.android.mms/com.android.mms.ui.ComposeMessageActivity} for user 0 :
D/BackupManagerService( 1570): Received broadcast Intent { act=android.intent.action.PACKAGE_ADDED dat=package:it.unina.android.ripper_service flg=0x4000010 (has extras) }
I/PackageManager( 1570): Adding preferred activity ComponentInfo{com.android.mms/com.android.mms.ui.ComposeMessageActivity} for user 0 :
V/BackupManagerService( 1570): addPackageParticipantsLocked: #1
I/PackageManager( 1570): Adding preferred activity ComponentInfo{com.android.mms/com.android.mms.ui.ComposeMessageActivity} for user 0 :
I/PackageManager( 1570): Adding preferred activity ComponentInfo{com.android.mms/com.android.mms.ui.ComposeMessageActivity} for user 0 :
I/PackageManager( 1570): Adding preferred activity ComponentInfo{com.android.mms/com.android.mms.ui.ComposeMessageActivity} for user 0 :
I/PackageManager( 1570): Adding preferred activity ComponentInfo{com.android.mms/com.android.mms.ui.ComposeMessageActivity} for user 0 :
I/PackageManager( 1570): Adding preferred activity ComponentInfo{com.android.mms/com.android.mms.ui.ComposeMessageActivity} for user 0 :
I/ActivityManager( 1570): Start proc com.google.android.gms for service com.google.android.gms/.chimera.GmsIntentOperationService: pid=2174 uid=10007 gids={50007, 3003, 1007, 1028, 1015, 3002, 3001, 3007, 2001, 3006}
I/ActivityManager( 1570): Start proc it.unina.android.ripper_service:android_ripper_service_process for service it.unina.android.ripper_service/.AndroidRipperService: pid=2202 uid=10057 gids={50057, 3003, 1028, 1015}
D/ConnectivityService( 1570): [CheckMp] isMobileOk: newUrl=https://172.217.13.110/generate_204
W/ActivityThread( 1570): ClassLoader.loadClass: The class loader returned by Thread.getContextClassLoader() may fail for processes that host multiple applications. You should explicitly specify a context class loader. For example: Thread.setContextClassLoader(getClass().getClassLoader());
D/ConnectivityService( 1570): [CheckMp] isMobileOk: hostnameVerify retVal=true hostname=172.217.13.110 orgUriHost=clients3.google.com
D/ConnectivityService( 1570): [CheckMp] isMobileOk: headers={null=[HTTP/1.1 204 No Content], Alt-Svc=[h3=":443"; ma=2592000,h3-29=":443"; ma=2592000,h3-T051=":443"; ma=2592000,h3-Q050=":443"; ma=2592000,h3-Q046=":443"; ma=2592000,h3-Q043=":443"; ma=2592000,quic=":443"; ma=2592000; v="46,43"], Connection=[close], Content-Length=[0], Date=[Sun, 15 Aug 2021 13:58:42 GMT], X-Android-Received-Millis=[1629035922084], X-Android-Response-Source=[NETWORK 204], X-Android-Selected-Transport=[http/1.1], X-Android-Sent-Millis=[1629035922062]}
D/ConnectivityService( 1570): [CheckMp] isMobileOk: X got expected responseCode=204 result=1
D/ConnectivityService( 1570): [CheckMp] isMobileOk: F stop hipri
D/ConnectivityService( 1570): stopUsingNetworkFeature: teardown net 0: enableHIPRI
D/MobileDataStateTracker( 1570): default: setEnableFailFastMobileData(enabled=0)
D/MobileDataStateTracker( 1570): hipri: Broadcast received: android.intent.action.ANY_DATA_STATE apnType=hipri
D/MobileDataStateTracker( 1570): hipri: Received state=DISCONNECTED, old=CONNECTED, reason=dataDisabled
D/MobileDataStateTracker( 1570): hipri: setDetailed state, old =CONNECTED and new state=DISCONNECTED
D/ConnectivityService( 1570): ConnectivityChange for mobile_hipri: DISCONNECTED/DISCONNECTED
D/Nat464Xlat( 1570): requiresClat: netType=5, hasIPv4Address=true
I/ActivityManager( 1570): Start proc com.android.music for broadcast com.android.music/.MediaButtonIntentReceiver: pid=2267 uid=10036 gids={50036, 3003, 1028, 1015}
W/ActivityManager( 1570): Unable to start service Intent { act=com.google.android.gms.auth.key.retrieval.service.START pkg=com.google.android.gms } U=0: not found
W/ActivityManager( 1570): Unbind failed: could not find connection for android.os.BinderProxy@9dac6ce8
I/PackageManager( 1570): Adding preferred activity ComponentInfo{com.android.mms/com.android.mms.ui.ComposeMessageActivity} for user 0 :
I/PackageManager( 1570): Adding preferred activity ComponentInfo{com.android.mms/com.android.mms.ui.ComposeMessageActivity} for user 0 :
I/PackageManager( 1570): Adding preferred activity ComponentInfo{com.android.mms/com.android.mms.ui.ComposeMessageActivity} for user 0 :
I/PackageManager( 1570): Adding preferred activity ComponentInfo{com.android.mms/com.android.mms.ui.ComposeMessageActivity} for user 0 :
I/PackageManager( 1570): Adding preferred activity ComponentInfo{com.android.mms/com.android.mms.ui.ComposeMessageActivity} for user 0 :
I/PackageManager( 1570): Adding preferred activity ComponentInfo{com.android.mms/com.android.mms.ui.ComposeMessageActivity} for user 0 :
I/PackageManager( 1570): Adding preferred activity ComponentInfo{com.android.mms/com.android.mms.ui.ComposeMessageActivity} for user 0 :
I/PackageManager( 1570): Adding preferred activity ComponentInfo{com.android.mms/com.android.mms.ui.ComposeMessageActivity} for user 0 :
I/PackageManager( 1570): Adding preferred activity ComponentInfo{com.android.mms/com.android.mms.ui.ComposeMessageActivity} for user 0 :
I/PackageManager( 1570): Adding preferred activity ComponentInfo{com.android.mms/com.android.mms.ui.ComposeMessageActivity} for user 0 :
I/PackageManager( 1570): Adding preferred activity ComponentInfo{com.android.mms/com.android.mms.ui.ComposeMessageActivity} for user 0 :
I/PackageManager( 1570): Adding preferred activity ComponentInfo{com.android.mms/com.android.mms.ui.ComposeMessageActivity} for user 0 :
I/PackageManager( 1570): Adding preferred activity ComponentInfo{com.android.mms/com.android.mms.ui.ComposeMessageActivity} for user 0 :
I/PackageManager( 1570): Adding preferred activity ComponentInfo{com.android.mms/com.android.mms.ui.ComposeMessageActivity} for user 0 :
I/PackageManager( 1570): Adding preferred activity ComponentInfo{com.android.mms/com.android.mms.ui.ComposeMessageActivity} for user 0 :
I/PackageManager( 1570): Adding preferred activity ComponentInfo{com.android.mms/com.android.mms.ui.ComposeMessageActivity} for user 0 :
I/PackageManager( 1570): Adding preferred activity ComponentInfo{com.android.mms/com.android.mms.ui.ComposeMessageActivity} for user 0 :
I/PackageManager( 1570): Adding preferred activity ComponentInfo{com.android.mms/com.android.mms.ui.ComposeMessageActivity} for user 0 :
I/PackageManager( 1570): Adding preferred activity ComponentInfo{com.android.mms/com.android.mms.ui.ComposeMessageActivity} for user 0 :
I/PackageManager( 1570): Adding preferred activity ComponentInfo{com.android.mms/com.android.mms.ui.ComposeMessageActivity} for user 0 :
I/PackageManager( 1570): Adding preferred activity ComponentInfo{com.android.mms/com.android.mms.ui.ComposeMessageActivity} for user 0 :
I/PackageManager( 1570): Adding preferred activity ComponentInfo{com.android.mms/com.android.mms.ui.ComposeMessageActivity} for user 0 :
I/PackageManager( 1570): Adding preferred activity ComponentInfo{com.android.mms/com.android.mms.ui.ComposeMessageActivity} for user 0 :
I/PackageManager( 1570): Adding preferred activity ComponentInfo{com.android.mms/com.android.mms.ui.ComposeMessageActivity} for user 0 :
I/PackageManager( 1570): Adding preferred activity ComponentInfo{com.android.mms/com.android.mms.ui.ComposeMessageActivity} for user 0 :
I/PackageManager( 1570): Adding preferred activity ComponentInfo{com.android.mms/com.android.mms.ui.ComposeMessageActivity} for user 0 :
I/PackageManager( 1570): Adding preferred activity ComponentInfo{com.android.mms/com.android.mms.ui.ComposeMessageActivity} for user 0 :
I/PackageManager( 1570): Adding preferred activity ComponentInfo{com.android.mms/com.android.mms.ui.ComposeMessageActivity} for user 0 :
I/PackageManager( 1570): Adding preferred activity ComponentInfo{com.android.mms/com.android.mms.ui.ComposeMessageActivity} for user 0 :
I/PackageManager( 1570): Adding preferred activity ComponentInfo{com.android.mms/com.android.mms.ui.ComposeMessageActivity} for user 0 :
I/PackageManager( 1570): Adding preferred activity ComponentInfo{com.android.mms/com.android.mms.ui.ComposeMessageActivity} for user 0 :
I/PackageManager( 1570): Adding preferred activity ComponentInfo{com.android.mms/com.android.mms.ui.ComposeMessageActivity} for user 0 :
I/ActivityManager( 1570): Start proc com.google.android.googlequicksearchbox for broadcast com.google.android.googlequicksearchbox/com.google.android.searchcommon.summons.icing.InternalIcingCorporaProvider$CorporaChangedReceiver: pid=2344 uid=10013 gids={50013, 3003, 1028, 3002, 1015}
I/ActivityManager( 1570): Start proc com.google.android.googlequicksearchbox:launcher for broadcast com.google.android.googlequicksearchbox/com.google.android.gel.GelStubAppWatcher: pid=2379 uid=10013 gids={50013, 3003, 1028, 3002, 1015}
E/ActivityThread( 2344): Failed to find provider info for com.google.android.voicesearch
E/ActivityThread( 2344): Failed to find provider info for com.google.android.partnersetup.rlzappprovider
W/ActivityManager( 1570): No content provider found for permission revoke: file:///sdcard/aut.apk
I/ActivityManager( 1570): Start proc com.google.android.calendar for broadcast com.google.android.calendar/com.android.calendar.widget.CalendarAppWidgetService$CalendarFactory: pid=2439 uid=10018 gids={50018, 3003}
W/ActivityManager( 1570): No content provider found for permission revoke: file:///sdcard/aut.apk
I/PackageManager( 1570): Copying native libraries to /data/app-lib/vmdl-2036714785
I/ActivityManager( 1570): Start proc com.android.deskclock for broadcast com.android.deskclock/.AlarmInitReceiver: pid=2464 uid=10022 gids={50022, 1028}
I/ActivityManager( 1570): Start proc com.android.providers.calendar for content provider com.android.providers.calendar/.CalendarProvider2: pid=2477 uid=10001 gids={50001, 3003, 1028, 1015}
W/PackageManager( 1570): Unknown permission android.permission.FOREGROUND_SERVICE in package ch.rmy.android.statusbar_tacho
I/ActivityManager( 1570): Force stopping ch.rmy.android.statusbar_tacho appid=10058 user=-1: update pkg
D/BackupManagerService( 1570): Received broadcast Intent { act=android.intent.action.PACKAGE_ADDED dat=package:ch.rmy.android.statusbar_tacho flg=0x4000010 (has extras) }
V/BackupManagerService( 1570): addPackageParticipantsLocked: #1
I/PackageManager( 1570): Adding preferred activity ComponentInfo{com.android.mms/com.android.mms.ui.ComposeMessageActivity} for user 0 :
I/PackageManager( 1570): Adding preferred activity ComponentInfo{com.android.mms/com.android.mms.ui.ComposeMessageActivity} for user 0 :
D/ConnectivityService( 1570): [CheckMp] isMobileOk: X result=1
D/ConnectivityService( 1570): [CheckMp] onPostExecute: result=1
D/ConnectivityService( 1570): CheckMp.onComplete: result=1
D/ConnectivityService( 1570): CheckMp.onComplete: ignore, connected or no connection
I/PackageManager( 1570): Adding preferred activity ComponentInfo{com.android.mms/com.android.mms.ui.ComposeMessageActivity} for user 0 :
I/PackageManager( 1570): Adding preferred activity ComponentInfo{com.android.mms/com.android.mms.ui.ComposeMessageActivity} for user 0 :
I/PackageManager( 1570): Adding preferred activity ComponentInfo{com.android.mms/com.android.mms.ui.ComposeMessageActivity} for user 0 :
I/PackageManager( 1570): Adding preferred activity ComponentInfo{com.android.mms/com.android.mms.ui.ComposeMessageActivity} for user 0 :
I/PackageManager( 1570): Adding preferred activity ComponentInfo{com.android.mms/com.android.mms.ui.ComposeMessageActivity} for user 0 :
I/PackageManager( 1570): Adding preferred activity ComponentInfo{com.android.mms/com.android.mms.ui.ComposeMessageActivity} for user 0 :
W/BackupManagerService( 1570): dataChanged but no participant pkg='com.android.providers.settings' uid=10022
I/ActivityManager( 1570): Start proc com.google.android.play.games for broadcast com.google.android.play.games/com.google.android.libraries.notifications.entrypoints.timezonechanged.TimezoneChangedReceiver: pid=2509 uid=10043 gids={50043, 3003}
W/ActivityManager( 1570): No content provider found for permission revoke: file:///sdcard/ripper.apk
W/ActivityManager( 1570): No content provider found for permission revoke: file:///sdcard/ripper.apk
I/PackageManager( 1570): Copying native libraries to /data/app-lib/vmdl-621345209
I/PackageParser( 1570): it.unina.android.ripper: compat added android.permission.WRITE_EXTERNAL_STORAGE android.permission.READ_PHONE_STATE
W/ActivityManager( 1570): Unable to start service Intent { act=com.google.android.gms.instantapps.START pkg=com.google.android.gms } U=0: not found
W/ActivityManager( 1570): Unbind failed: could not find connection for android.os.BinderProxy@9d08ffe8
I/ActivityManager( 1570): Force stopping it.unina.android.ripper appid=10059 user=-1: update pkg
D/BackupManagerService( 1570): Received broadcast Intent { act=android.intent.action.PACKAGE_ADDED dat=package:it.unina.android.ripper flg=0x4000010 (has extras) }
V/BackupManagerService( 1570): addPackageParticipantsLocked: #1
I/PackageManager( 1570): Adding preferred activity ComponentInfo{com.android.mms/com.android.mms.ui.ComposeMessageActivity} for user 0 :
I/PackageManager( 1570): Adding preferred activity ComponentInfo{com.android.mms/com.android.mms.ui.ComposeMessageActivity} for user 0 :
I/PackageManager( 1570): Adding preferred activity ComponentInfo{com.android.mms/com.android.mms.ui.ComposeMessageActivity} for user 0 :
I/PackageManager( 1570): Adding preferred activity ComponentInfo{com.android.mms/com.android.mms.ui.ComposeMessageActivity} for user 0 :
I/PackageManager( 1570): Adding preferred activity ComponentInfo{com.android.mms/com.android.mms.ui.ComposeMessageActivity} for user 0 :
I/PackageManager( 1570): Adding preferred activity ComponentInfo{com.android.mms/com.android.mms.ui.ComposeMessageActivity} for user 0 :
I/PackageManager( 1570): Adding preferred activity ComponentInfo{com.android.mms/com.android.mms.ui.ComposeMessageActivity} for user 0 :
I/PackageManager( 1570): Adding preferred activity ComponentInfo{com.android.mms/com.android.mms.ui.ComposeMessageActivity} for user 0 :
I/ActivityManager( 1570): Start proc com.google.android.gms.ui for service com.google.android.gms/.chimera.UiIntentOperationService: pid=2557 uid=10007 gids={50007, 3003, 1007, 1028, 1015, 3002, 3001, 3007, 2001, 3006}
I/ActivityManager( 1570): Start proc com.android.dialer for broadcast com.android.dialer/.calllog.CallLogReceiver: pid=2597 uid=10004 gids={50004, 3003, 1028, 1015}
I/ActivityManager( 1570): Force stopping ch.rmy.android.statusbar_tacho appid=10058 user=0: start instr
I/ActivityManager( 1570): Start proc ch.rmy.android.statusbar_tacho for added application ch.rmy.android.statusbar_tacho: pid=2623 uid=10058 gids={50058}
I/ActivityManager( 1570): Delay finish: com.android.dialer/.calllog.CallLogReceiver
I/ActivityManager( 1570): Resuming delayed broadcast
V/WiredAccessoryManager( 1570): init()
I/PowerManagerService( 1570): Boot animation finished.
I/ActivityManager( 1570): Force stopping ch.rmy.android.statusbar_tacho appid=10058 user=0: finished inst
I/ActivityManager( 1570): Killing 2623:ch.rmy.android.statusbar_tacho/u0a58 (adj 0): stop ch.rmy.android.statusbar_tacho
I/BootReceiver( 1570): Copying audit failures to DropBox
I/BootReceiver( 1570): Checking for fsck errors
I/ActivityManager( 1570): Delay finish: com.android.providers.downloads/.DownloadReceiver
I/ActivityManager( 1570): Resuming delayed broadcast
I/ActivityManager( 1570): Delay finish: com.android.providers.media/.MediaScannerReceiver
I/SystemUpdateService( 1844): cancelUpdate (empty URL)
I/SystemUpdateService( 1844): cancelUpdate (empty URL)
I/ActivityManager( 1570): Resuming delayed broadcast
I/ActivityManager( 1570): Start proc com.android.mms for broadcast com.android.mms/.transaction.MmsSystemEventReceiver: pid=2685 uid=10010 gids={50010, 3003, 1028, 1015}
D/CountryDetector( 1570): The first listener is added
I/ActivityManager( 1570): Delay finish: com.android.mms/.transaction.MmsSystemEventReceiver
I/ActivityManager( 1570): Resuming delayed broadcast
I/ActivityManager( 1570): Delay finish: com.android.mms/.transaction.SmsReceiver
I/CertBlacklister( 1570): Certificate blacklist changed, updating...
I/CertBlacklister( 1570): Certificate blacklist updated
I/ActivityManager( 1570): Resuming delayed broadcast
I/CertBlacklister( 1570): Certificate blacklist changed, updating...
I/CertBlacklister( 1570): Certificate blacklist updated
I/ActivityManager( 1570): Delay finish: com.google.android.googlequicksearchbox/com.google.android.searchcommon.StartUpReceiver
I/ActivityManager( 1570): Start proc com.google.android.gms.unstable for service com.google.android.gms/.droidguard.DroidGuardService: pid=2782 uid=10007 gids={50007, 3003, 1007, 1028, 1015, 3002, 3001, 3007, 2001, 3006}
W/ActivityManager( 1570): Unable to start service Intent { act=com.google.android.gms.nearby.discovery:ACTION_INIT_MESSAGES_PATH cmp=com.google.android.gms/.nearby.discovery.service.DiscoveryService } U=0: not found
I/ActivityManager( 1570): Resuming delayed broadcast
I/ActivityManager( 1570): Delay finish: com.google.android.calendar/com.android.calendar.alerts.AlertReceiver
I/ActivityManager( 1570): Resuming delayed broadcast
D/ConnectivityService( 1570): handleInetConditionHoldEnd: net=0, condition=0, published condition=0
I/ActivityManager( 1570): Delay finish: com.android.email/.service.EmailUpgradeBroadcastReceiver
I/ActivityManager( 1570): Resuming delayed broadcast
I/ActivityManager( 1570): Delay finish: com.android.email/.service.EmailBroadcastReceiver
I/ActivityManager( 1570): Delaying start of: ServiceRecord{9d9423e8 u0 com.android.exchange/.service.EmailSyncAdapterService}
I/ActivityManager( 1570): Resuming delayed broadcast
I/ActivityManager( 1570): Delay finish: com.android.deskclock/com.android.alarmclock.AnalogAppWidgetProvider
I/ActivityManager( 1570): Resuming delayed broadcast
W/BroadcastQueue( 1570): Permission Denial: broadcasting Intent { act=android.appwidget.action.APPWIDGET_UPDATE_OPTIONS flg=0x10 cmp=com.android.settings/.widget.SettingsAppWidgetProvider (has extras) } from android (pid=1942, uid=10009) is not exported from uid 1000 due to receiver com.android.settings/.widget.SettingsAppWidgetProvider
I/ActivityManager( 1570): Delay finish: com.google.android.googlequicksearchbox/com.google.android.searchcommon.summons.icing.InternalIcingCorporaProvider$CorporaChangedReceiver
W/ActivityManager( 1570): Unable to start service Intent { act=com.google.android.gms.auth.key.retrieval.service.START pkg=com.google.android.gms } U=0: not found
W/ActivityManager( 1570): Unbind failed: could not find connection for android.os.BinderProxy@9d8f0068
I/ActivityManager( 1570): Resuming delayed broadcast
I/ActivityManager( 1570): Start proc com.svox.pico for broadcast com.svox.pico/.VoiceDataInstallerReceiver: pid=2878 uid=10041 gids={50041, 1028, 1015}
I/ActivityManager( 1570): Delay finish: com.google.android.gms/.chimera.GmsIntentOperationService$PersistentInternalReceiver
I/ActivityManager( 1570): Resuming delayed broadcast
I/ActivityManager( 1570): Delay finish: com.google.android.googlequicksearchbox/com.google.android.searchcommon.summons.icing.InternalIcingCorporaProvider$CorporaChangedReceiver
I/ActivityManager( 1570): Resuming delayed broadcast
I/ActivityManager( 1570): Delay finish: com.google.android.googlequicksearchbox/com.google.android.searchcommon.summons.icing.InternalIcingCorporaProvider$CorporaChangedReceiver
I/ActivityManager( 1570): Resuming delayed broadcast
I/ActivityManager( 1570): Delay finish: com.google.android.googlequicksearchbox/com.google.android.searchcommon.summons.icing.InternalIcingCorporaProvider$CorporaChangedReceiver
I/ActivityManager( 1570): Resuming delayed broadcast
I/PackageManager( 1570): Adding preferred activity ComponentInfo{com.android.mms/com.android.mms.ui.ComposeMessageActivity} for user 0 :
I/ActivityManager( 1570): Delay finish: com.google.android.googlequicksearchbox/com.google.android.searchcommon.summons.icing.InternalIcingCorporaProvider$CorporaChangedReceiver
I/PackageManager( 1570): Adding preferred activity ComponentInfo{com.android.mms/com.android.mms.ui.ComposeMessageActivity} for user 0 :
I/PackageManager( 1570): Adding preferred activity ComponentInfo{com.android.mms/com.android.mms.ui.ComposeMessageActivity} for user 0 :
I/PackageManager( 1570): Adding preferred activity ComponentInfo{com.android.mms/com.android.mms.ui.ComposeMessageActivity} for user 0 :
I/PackageManager( 1570): Adding preferred activity ComponentInfo{com.android.mms/com.android.mms.ui.ComposeMessageActivity} for user 0 :
I/PackageManager( 1570): Adding preferred activity ComponentInfo{com.android.mms/com.android.mms.ui.ComposeMessageActivity} for user 0 :
I/PackageManager( 1570): Adding preferred activity ComponentInfo{com.android.mms/com.android.mms.ui.ComposeMessageActivity} for user 0 :
I/ActivityManager( 1570): Resuming delayed broadcast
I/PackageManager( 1570): Adding preferred activity ComponentInfo{com.android.mms/com.android.mms.ui.ComposeMessageActivity} for user 0 :
I/PackageManager( 1570): Adding preferred activity ComponentInfo{com.android.mms/com.android.mms.ui.ComposeMessageActivity} for user 0 :
I/PackageManager( 1570): Adding preferred activity ComponentInfo{com.android.mms/com.android.mms.ui.ComposeMessageActivity} for user 0 :
I/PackageManager( 1570): Adding preferred activity ComponentInfo{com.android.mms/com.android.mms.ui.ComposeMessageActivity} for user 0 :
I/PackageManager( 1570): Adding preferred activity ComponentInfo{com.android.mms/com.android.mms.ui.ComposeMessageActivity} for user 0 :
I/PackageManager( 1570): Adding preferred activity ComponentInfo{com.android.mms/com.android.mms.ui.ComposeMessageActivity} for user 0 :
I/PackageManager( 1570): Adding preferred activity ComponentInfo{com.android.mms/com.android.mms.ui.ComposeMessageActivity} for user 0 :
I/PackageManager( 1570): Adding preferred activity ComponentInfo{com.android.mms/com.android.mms.ui.ComposeMessageActivity} for user 0 :
I/PackageManager( 1570): Adding preferred activity ComponentInfo{com.android.mms/com.android.mms.ui.ComposeMessageActivity} for user 0 :
I/PackageManager( 1570): Adding preferred activity ComponentInfo{com.android.mms/com.android.mms.ui.ComposeMessageActivity} for user 0 :
I/PackageManager( 1570): Adding preferred activity ComponentInfo{com.android.mms/com.android.mms.ui.ComposeMessageActivity} for user 0 :
I/PackageManager( 1570): Adding preferred activity ComponentInfo{com.android.mms/com.android.mms.ui.ComposeMessageActivity} for user 0 :
I/PackageManager( 1570): Adding preferred activity ComponentInfo{com.android.mms/com.android.mms.ui.ComposeMessageActivity} for user 0 :
I/PackageManager( 1570): Adding preferred activity ComponentInfo{com.android.mms/com.android.mms.ui.ComposeMessageActivity} for user 0 :
I/PackageManager( 1570): Adding preferred activity ComponentInfo{com.android.mms/com.android.mms.ui.ComposeMessageActivity} for user 0 :
I/PackageManager( 1570): Adding preferred activity ComponentInfo{com.android.mms/com.android.mms.ui.ComposeMessageActivity} for user 0 :
I/ActivityManager( 1570): Delay finish: com.android.providers.contacts/.PackageIntentReceiver
I/PackageManager( 1570): Adding preferred activity ComponentInfo{com.android.mms/com.android.mms.ui.ComposeMessageActivity} for user 0 :
I/PackageManager( 1570): Adding preferred activity ComponentInfo{com.android.mms/com.android.mms.ui.ComposeMessageActivity} for user 0 :
I/ActivityManager( 1570): Resuming delayed broadcast
I/CertBlacklister( 1570): Certificate blacklist changed, updating...
I/PackageManager( 1570): Adding preferred activity ComponentInfo{com.android.mms/com.android.mms.ui.ComposeMessageActivity} for user 0 :
I/CertBlacklister( 1570): Certificate blacklist updated
I/PackageManager( 1570): Adding preferred activity ComponentInfo{com.android.mms/com.android.mms.ui.ComposeMessageActivity} for user 0 :
I/PackageManager( 1570): Adding preferred activity ComponentInfo{com.android.mms/com.android.mms.ui.ComposeMessageActivity} for user 0 :
I/PackageManager( 1570): Adding preferred activity ComponentInfo{com.android.mms/com.android.mms.ui.ComposeMessageActivity} for user 0 :
W/ActivityManager( 1570): Unable to start service Intent { act=com.google.android.gms.auth.key.retrieval.service.START pkg=com.google.android.gms } U=0: not found
I/PackageManager( 1570): Adding preferred activity ComponentInfo{com.android.mms/com.android.mms.ui.ComposeMessageActivity} for user 0 :
I/PackageManager( 1570): Adding preferred activity ComponentInfo{com.android.mms/com.android.mms.ui.ComposeMessageActivity} for user 0 :
W/ActivityManager( 1570): Unbind failed: could not find connection for android.os.BinderProxy@9d5269d0
I/PackageManager( 1570): Adding preferred activity ComponentInfo{com.android.mms/com.android.mms.ui.ComposeMessageActivity} for user 0 :
I/ActivityManager( 1570): Delay finish: com.google.android.calendar/com.android.calendar.alerts.AlertReceiver
I/ActivityManager( 1570): Waited long enough for: ServiceRecord{9d5c8cb8 u0 com.android.music/.MediaPlaybackService}
I/ActivityManager( 1570): Resuming delayed broadcast
I/ActivityManager( 1570): Delay finish: com.google.android.googlequicksearchbox/com.google.android.searchcommon.summons.icing.InternalIcingCorporaProvider$CorporaChangedReceiver
W/ActivityManager( 1570): Unable to start service Intent { act=com.google.android.gms.auth.key.retrieval.service.START pkg=com.google.android.gms } U=0: not found
W/ActivityManager( 1570): Unbind failed: could not find connection for android.os.BinderProxy@9d08aef0
I/ActivityManager( 1570): Resuming delayed broadcast
I/ActivityManager( 1570): Delay finish: com.android.mms/.transaction.SmsReceiver
I/ActivityManager( 1570): Resuming delayed broadcast
I/ActivityManager( 1570): Delay finish: com.google.android.gsf/.update.SystemUpdateService$Receiver
I/SystemUpdateService( 1844): cancelUpdate (empty URL)
I/SystemUpdateService( 1844): cancelUpdate (empty URL)
I/ActivityManager( 1570): Resuming delayed broadcast
I/ActivityManager( 1570): Delay finish: com.google.android.gms/.auth.account.be.channelid.ChannelBindingBroadcastReceiver
I/ActivityManager( 1570): Resuming delayed broadcast
I/ActivityManager( 1570): Delay finish: com.google.android.gms/.stats.service.DropBoxEntryAddedReceiver
I/ActivityManager( 1570): Resuming delayed broadcast
I/ActivityManager( 1570): Killing 1966:com.android.externalstorage/u0a6 (adj 15): empty #17
I/ActivityManager( 1570): Delay finish: com.android.providers.calendar/.CalendarProviderBroadcastReceiver
W/ActivityThread( 1829): ClassLoader.loadClass: The class loader returned by Thread.getContextClassLoader() may fail for processes that host multiple applications. You should explicitly specify a context class loader. For example: Thread.setContextClassLoader(getClass().getClassLoader());
I/ActivityManager( 1570): Resuming delayed broadcast
I/ActivityManager( 1570): Delay finish: com.google.android.googlequicksearchbox/com.google.android.searchcommon.summons.icing.InternalIcingCorporaProvider$CorporaChangedReceiver
I/ActivityManager( 1570): Resuming delayed broadcast
I/ActivityManager( 1570): Delay finish: com.google.android.googlequicksearchbox/com.google.android.searchcommon.summons.icing.InternalIcingCorporaProvider$CorporaChangedReceiver
I/ActivityManager( 1570): Resuming delayed broadcast
I/ActivityManager( 1570): Delay finish: com.google.android.googlequicksearchbox/com.google.android.searchcommon.summons.icing.InternalIcingCorporaProvider$CorporaChangedReceiver
I/ActivityManager( 1570): Resuming delayed broadcast
I/ActivityManager( 1570): Delay finish: com.google.android.googlequicksearchbox/com.google.android.searchcommon.summons.icing.InternalIcingCorporaProvider$CorporaChangedReceiver
I/ActivityManager( 1570): Resuming delayed broadcast
I/ActivityManager( 1570): Delay finish: com.google.android.gsf/.update.SystemUpdateService$Receiver
I/SystemUpdateService( 1844): cancelUpdate (empty URL)
I/SystemUpdateService( 1844): cancelUpdate (empty URL)
W/FileUtils( 1829): Failed to chmod(/data/data/com.android.providers.downloads/cache/params_expdate_c45e5b7.pac): libcore.io.ErrnoException: chmod failed: ENOENT (No such file or directory)
I/ActivityManager( 1570): Resuming delayed broadcast
I/ActivityManager( 1570): Delay finish: com.google.android.gms/.auth.account.be.channelid.ChannelBindingBroadcastReceiver
I/ActivityManager( 1570): Resuming delayed broadcast
W/ActivityManager( 1570): Unable to start service Intent { act=com.google.android.gms.auth.key.retrieval.service.START pkg=com.google.android.gms } U=0: not found
W/ActivityManager( 1570): Unbind failed: could not find connection for android.os.BinderProxy@9d52f478
I/ActivityManager( 1570): Delay finish: com.google.android.gsf/.settings.GoogleLocationSettings$LocationSettingsChangedListener
I/ActivityManager( 1570): Resuming delayed broadcast
I/ActivityManager( 1570): Killing 1884:com.android.printspooler/u0a44 (adj 15): empty #17
D/ConnectivityService( 1570): handleInetConditionHoldEnd: net=0, condition=100, published condition=0
W/ActivityManager( 1570): Unable to start service Intent { act=com.google.android.gms.auth.key.retrieval.service.START pkg=com.google.android.gms } U=0: not found
W/ActivityManager( 1570): Unbind failed: could not find connection for android.os.BinderProxy@9d1a0160
--------- beginning of /dev/log/main
I/Auth    ( 1779): [AuthManaged,PasswordComplexityHelperImpl] Disabling com.google.android.gms.auth.managed.ui.SetNewPasswordActivity
I/PTCommittedOperation( 1779): Receive new configuration for com.google.android.gms.auth_api_phone
I/ChromeSync( 2174): [Sync,SyncIntentOperation] Handling the intent: Intent { act=com.google.android.gms.phenotype.COMMITTED flg=0x10 pkg=com.google.android.gms cmp=com.google.android.gms/.chimera.GmsIntentOperationService (has extras) }.
I/MdiSyncModule( 2174): flag handling is skipping irrelevant intent.
W/ModuleInitIntentOp( 2174): Dropping unexpected action com.google.android.gms.phenotype.COMMITTED
D/dalvikvm( 1779): GC_FOR_ALLOC freed 2337K, 26% free 9511K/12756K, paused 7ms, total 7ms
I/Auth    ( 1779): [AuthManaged,PasswordComplexityHelperImpl] Updating password complexity components state.
I/Auth    ( 1779): [AuthManaged,PasswordComplexityHelperImpl] Disabling com.google.android.gms.auth.managed.admin.DeviceAdminReceiver
I/Auth    ( 1779): [AuthManaged,PasswordComplexityHelperImpl] Disabling com.google.android.gms.auth.managed.ui.SetNewPasswordActivity
I/PTCommittedOperation( 1779): Receive new configuration for com.google.android.gms.auth_api_proxy
I/ChromeSync( 2174): [Sync,SyncIntentOperation] Handling the intent: Intent { act=com.google.android.gms.phenotype.COMMITTED flg=0x10 pkg=com.google.android.gms cmp=com.google.android.gms/.chimera.GmsIntentOperationService (has extras) }.
I/MdiSyncModule( 2174): flag handling is skipping irrelevant intent.
W/ModuleInitIntentOp( 2174): Dropping unexpected action com.google.android.gms.phenotype.COMMITTED
W/Conscrypt( 1779): Could not set socket write timeout: java.net.SocketException: Socket closed
W/Conscrypt( 1779): 	at com.google.android.gms.org.conscrypt.Platform.setSocketWriteTimeout(:com.google.android.gms@202414005@20.24.14 (000700-319035315):2)
W/Conscrypt( 1779): 	at com.google.android.gms.org.conscrypt.ConscryptFileDescriptorSocket.setSoWriteTimeout(:com.google.android.gms@202414005@20.24.14 (000700-319035315):0)
I/Auth    ( 1779): [AuthManaged,PasswordComplexityHelperImpl] Updating password complexity components state.
I/Auth    ( 1779): [AuthManaged,PasswordComplexityHelperImpl] Disabling com.google.android.gms.auth.managed.admin.DeviceAdminReceiver
I/Auth    ( 1779): [AuthManaged,PasswordComplexityHelperImpl] Disabling com.google.android.gms.auth.managed.ui.SetNewPasswordActivity
I/ChromeSync( 2174): [Sync,SyncIntentOperation] Handling the intent: Intent { act=com.google.android.gms.phenotype.COMMITTED flg=0x10 pkg=com.google.android.gms cmp=com.google.android.gms/.chimera.GmsIntentOperationService (has extras) }.
I/MdiSyncModule( 2174): flag handling is skipping irrelevant intent.
W/ModuleInitIntentOp( 2174): Dropping unexpected action com.google.android.gms.phenotype.COMMITTED
I/PTCommittedOperation( 1779): Receive new configuration for com.google.android.gms.reminders
W/Conscrypt( 1779): Could not set socket write timeout: java.net.SocketException: Socket closed
W/Conscrypt( 1779): 	at com.google.android.gms.org.conscrypt.Platform.setSocketWriteTimeout(:com.google.android.gms@202414005@20.24.14 (000700-319035315):2)
W/Conscrypt( 1779): 	at com.google.android.gms.org.conscrypt.ConscryptFileDescriptorSocket.setSoWriteTimeout(:com.google.android.gms@202414005@20.24.14 (000700-319035315):0)
I/Auth    ( 1779): [AuthManaged,PasswordComplexityHelperImpl] Updating password complexity components state.
I/Auth    ( 1779): [AuthManaged,PasswordComplexityHelperImpl] Disabling com.google.android.gms.auth.managed.admin.DeviceAdminReceiver
I/Auth    ( 1779): [AuthManaged,PasswordComplexityHelperImpl] Disabling com.google.android.gms.auth.managed.ui.SetNewPasswordActivity
I/ChromeSync( 2174): [Sync,SyncIntentOperation] Handling the intent: Intent { act=com.google.android.gms.phenotype.COMMITTED flg=0x10 pkg=com.google.android.gms cmp=com.google.android.gms/.chimera.GmsIntentOperationService (has extras) }.
I/MdiSyncModule( 2174): flag handling is skipping irrelevant intent.
W/ModuleInitIntentOp( 2174): Dropping unexpected action com.google.android.gms.phenotype.COMMITTED
I/PTCommittedOperation( 1779): Receive new configuration for com.google.android.client_error_logging
D/dalvikvm( 1779): GC_FOR_ALLOC freed 2058K, 26% free 9500K/12756K, paused 12ms, total 12ms
I/Auth    ( 1779): [AuthManaged,PasswordComplexityHelperImpl] Updating password complexity components state.
I/Auth    ( 1779): [AuthManaged,PasswordComplexityHelperImpl] Disabling com.google.android.gms.auth.managed.admin.DeviceAdminReceiver
I/Auth    ( 1779): [AuthManaged,PasswordComplexityHelperImpl] Disabling com.google.android.gms.auth.managed.ui.SetNewPasswordActivity
I/ChromeSync( 2174): [Sync,SyncIntentOperation] Handling the intent: Intent { act=com.google.android.gms.phenotype.COMMITTED flg=0x10 pkg=com.google.android.gms cmp=com.google.android.gms/.chimera.GmsIntentOperationService (has extras) }.
I/MdiSyncModule( 2174): flag handling is skipping irrelevant intent.
W/ModuleInitIntentOp( 2174): Dropping unexpected action com.google.android.gms.phenotype.COMMITTED
I/PTCommittedOperation( 1779): Receive new configuration for com.google.android.gms.romanesco
E/dalvikvm( 1779): JIT code cache full
I/Auth    ( 1779): [AuthManaged,PasswordComplexityHelperImpl] Updating password complexity components state.
I/Auth    ( 1779): [AuthManaged,PasswordComplexityHelperImpl] Disabling com.google.android.gms.auth.managed.admin.DeviceAdminReceiver
I/Auth    ( 1779): [AuthManaged,PasswordComplexityHelperImpl] Disabling com.google.android.gms.auth.managed.ui.SetNewPasswordActivity
I/ChromeSync( 2174): [Sync,SyncIntentOperation] Handling the intent: Intent { act=com.google.android.gms.phenotype.COMMITTED flg=0x10 pkg=com.google.android.gms cmp=com.google.android.gms/.chimera.GmsIntentOperationService (has extras) }.
D/dalvikvm( 2174): GC_FOR_ALLOC freed 1814K, 25% free 11935K/15752K, paused 15ms, total 16ms
I/MdiSyncModule( 2174): flag handling is skipping irrelevant intent.
I/PTCommittedOperation( 1779): Receive new configuration for com.google.android.gms.platformconfigurator
D/dalvikvm( 1779): JIT code cache reset in 0 ms (523192 bytes 1/0)
D/dalvikvm( 1779): GC_FOR_ALLOC freed 1762K, 24% free 9786K/12756K, paused 11ms, total 11ms
I/Auth    ( 1779): [AuthManaged,PasswordComplexityHelperImpl] Updating password complexity components state.
I/Auth    ( 1779): [AuthManaged,PasswordComplexityHelperImpl] Disabling com.google.android.gms.auth.managed.admin.DeviceAdminReceiver
I/Auth    ( 1779): [AuthManaged,PasswordComplexityHelperImpl] Disabling com.google.android.gms.auth.managed.ui.SetNewPasswordActivity
I/PTCommittedOperation( 1779): Receive new configuration for com.google.android.gms.accountsettings
I/ChromeSync( 2174): [Sync,SyncIntentOperation] Handling the intent: Intent { act=com.google.android.gms.phenotype.COMMITTED flg=0x10 pkg=com.google.android.gms cmp=com.google.android.gms/.chimera.GmsIntentOperationService (has extras) }.
I/MdiSyncModule( 2174): flag handling is skipping irrelevant intent.
W/ModuleInitIntentOp( 2174): Dropping unexpected action com.google.android.gms.phenotype.COMMITTED
E/GmsClient( 2174): unable to connect to service: com.google.android.gms.auth.key.retrieval.service.START on com.google.android.gms
W/ActivityManager( 1570): Unable to start service Intent { act=com.google.android.gms.auth.key.retrieval.service.START pkg=com.google.android.gms } U=0: not found
W/ActivityManager( 1570): Unbind failed: could not find connection for android.os.BinderProxy@9d313150
D/dalvikvm( 1779): GC_FOR_ALLOC freed 2294K, 26% free 9539K/12756K, paused 8ms, total 8ms
I/Auth    ( 1779): [AuthManaged,PasswordComplexityHelperImpl] Updating password complexity components state.
I/Auth    ( 1779): [AuthManaged,PasswordComplexityHelperImpl] Disabling com.google.android.gms.auth.managed.admin.DeviceAdminReceiver
I/Auth    ( 1779): [AuthManaged,PasswordComplexityHelperImpl] Disabling com.google.android.gms.auth.managed.ui.SetNewPasswordActivity
I/ActivityManager( 1570): Start proc com.google.android.play.games.ui for broadcast com.google.android.play.games/com.google.android.apps.play.games.features.experiments.PhenotypeBroadcastReceiver: pid=3035 uid=10043 gids={50043, 3003}
E/dalvikvm( 3035): Could not find class 'android.app.NotificationChannel', referenced from method com.google.android.apps.play.games.core.PlayGamesApplication.onCreate
W/dalvikvm( 3035): VFY: unable to resolve new-instance 420 (Landroid/app/NotificationChannel;) in Lcom/google/android/apps/play/games/core/PlayGamesApplication;
D/dalvikvm( 3035): VFY: replacing opcode 0x22 at 0x008d
E/dalvikvm( 3035): Could not find class 'android.app.NotificationChannelGroup', referenced from method com.google.android.apps.play.games.core.PlayGamesApplication.onCreate
W/dalvikvm( 3035): VFY: unable to resolve new-instance 421 (Landroid/app/NotificationChannelGroup;) in Lcom/google/android/apps/play/games/core/PlayGamesApplication;
D/dalvikvm( 3035): VFY: replacing opcode 0x22 at 0x0131
D/dalvikvm( 3035): DexOpt: couldn't find static field Landroid/os/Build;.SUPPORTED_ABIS
W/dalvikvm( 3035): VFY: unable to resolve static field 1664 (SUPPORTED_ABIS) in Landroid/os/Build;
D/dalvikvm( 3035): VFY: replacing opcode 0x62 at 0x01a4
E/dalvikvm( 3035): Could not find class 'android.app.NotificationChannel', referenced from method com.google.android.apps.play.games.core.PlayGamesApplication.onCreate
W/dalvikvm( 3035): VFY: unable to resolve new-instance 420 (Landroid/app/NotificationChannel;) in Lcom/google/android/apps/play/games/core/PlayGamesApplication;
D/dalvikvm( 3035): VFY: replacing opcode 0x22 at 0x03e6
D/dalvikvm( 3035): DexOpt: unable to opt direct call 0x0b8a at 0x98 in Lcom/google/android/apps/play/games/core/PlayGamesApplication;.onCreate
I/Auth    ( 1779): [AuthManaged,PasswordComplexityHelperImpl] Updating password complexity components state.
I/Auth    ( 1779): [AuthManaged,PasswordComplexityHelperImpl] Disabling com.google.android.gms.auth.managed.admin.DeviceAdminReceiver
I/Auth    ( 1779): [AuthManaged,PasswordComplexityHelperImpl] Disabling com.google.android.gms.auth.managed.ui.SetNewPasswordActivity
D/dalvikvm( 3035): DexOpt: unable to opt direct call 0x0b8a at 0xa9 in Lcom/google/android/apps/play/games/core/PlayGamesApplication;.onCreate
D/dalvikvm( 3035): DexOpt: unable to opt direct call 0x0b8a at 0xba in Lcom/google/android/apps/play/games/core/PlayGamesApplication;.onCreate
D/dalvikvm( 3035): DexOpt: unable to opt direct call 0x0b8a at 0xcb in Lcom/google/android/apps/play/games/core/PlayGamesApplication;.onCreate
D/dalvikvm( 3035): DexOpt: unable to opt direct call 0x0b8a at 0xdc in Lcom/google/android/apps/play/games/core/PlayGamesApplication;.onCreate
D/dalvikvm( 3035): DexOpt: unable to opt direct call 0x0b8a at 0xed in Lcom/google/android/apps/play/games/core/PlayGamesApplication;.onCreate
D/dalvikvm( 3035): DexOpt: unable to opt direct call 0x0b8a at 0x107 in Lcom/google/android/apps/play/games/core/PlayGamesApplication;.onCreate
D/dalvikvm( 3035): DexOpt: unable to opt direct call 0x0b95 at 0x135 in Lcom/google/android/apps/play/games/core/PlayGamesApplication;.onCreate
D/dalvikvm( 3035): DexOpt: unable to opt direct call 0x0b8a at 0x144 in Lcom/google/android/apps/play/games/core/PlayGamesApplication;.onCreate
D/dalvikvm( 3035): DexOpt: unable to opt direct call 0x0b8a at 0x160 in Lcom/google/android/apps/play/games/core/PlayGamesApplication;.onCreate
D/dalvikvm( 3035): DexOpt: unable to opt direct call 0x0b8a at 0x3eb in Lcom/google/android/apps/play/games/core/PlayGamesApplication;.onCreate
I/dalvikvm( 3035): Could not find method android.app.Notification.getChannelId, referenced from method keu.a
W/dalvikvm( 3035): VFY: unable to resolve virtual method 2951: Landroid/app/Notification;.getChannelId ()Ljava/lang/String;
D/dalvikvm( 3035): VFY: replacing opcode 0x6e at 0x0010
I/dalvikvm( 3035): Could not find method android.content.Context.createDeviceProtectedStorageContext, referenced from method hgf.a
W/dalvikvm( 3035): VFY: unable to resolve virtual method 3139: Landroid/content/Context;.createDeviceProtectedStorageContext ()Landroid/content/Context;
D/dalvikvm( 3035): VFY: replacing opcode 0x6e at 0x0029
I/dalvikvm( 3035): Could not find method android.content.Context.getSystemService, referenced from method hgf.a
W/dalvikvm( 3035): VFY: unable to resolve virtual method 3171: Landroid/content/Context;.getSystemService (Ljava/lang/Class;)Ljava/lang/Object;
D/dalvikvm( 3035): VFY: replacing opcode 0x6e at 0x0009
I/dalvikvm( 3035): Could not find method android.content.Context.createDeviceProtectedStorageContext, referenced from method nzv.a
W/dalvikvm( 3035): VFY: unable to resolve virtual method 3139: Landroid/content/Context;.createDeviceProtectedStorageContext ()Landroid/content/Context;
D/dalvikvm( 3035): VFY: replacing opcode 0x6e at 0x0031
I/dalvikvm( 3035): Could not find method android.content.Context.isDeviceProtectedStorage, referenced from method mlu.a
W/dalvikvm( 3035): VFY: unable to resolve virtual method 3177: Landroid/content/Context;.isDeviceProtectedStorage ()Z
D/dalvikvm( 3035): VFY: replacing opcode 0x6e at 0x0018
E/dalvikvm( 3035): Could not find class 'android.app.NotificationChannel', referenced from method fsr.a
W/dalvikvm( 3035): VFY: unable to resolve new-instance 420 (Landroid/app/NotificationChannel;) in Lfsr;
D/dalvikvm( 3035): VFY: replacing opcode 0x22 at 0x0236
D/dalvikvm( 3035): DexOpt: unable to opt direct call 0x0b8a at 0x23d in Lfsr;.a
I/dalvikvm( 3035): Failed resolving Lnok; interface 1015 'Landroid/view/Window$OnFrameMetricsAvailableListener;'
W/dalvikvm( 3035): Link of class 'Lnok;' failed
I/dalvikvm( 3035): Failed resolving Lnok; interface 1015 'Landroid/view/Window$OnFrameMetricsAvailableListener;'
W/dalvikvm( 3035): Link of class 'Lnok;' failed
I/dalvikvm( 3035): Failed resolving Lnok; interface 1015 'Landroid/view/Window$OnFrameMetricsAvailableListener;'
W/dalvikvm( 3035): Link of class 'Lnok;' failed
W/dalvikvm( 3035): VFY: unable to resolve instance field 27376
D/dalvikvm( 3035): VFY: replacing opcode 0x5c at 0x06cf
I/dalvikvm( 3035): Failed resolving Lnok; interface 1015 'Landroid/view/Window$OnFrameMetricsAvailableListener;'
W/dalvikvm( 3035): Link of class 'Lnok;' failed
I/dalvikvm( 3035): Failed resolving Lnok; interface 1015 'Landroid/view/Window$OnFrameMetricsAvailableListener;'
W/dalvikvm( 3035): Link of class 'Lnok;' failed
W/PrimesInit( 3035): Primes instant initialization
D/dalvikvm( 3035): GC_FOR_ALLOC freed 353K, 15% free 3153K/3692K, paused 2ms, total 2ms
I/dalvikvm( 3035): Could not find method android.app.AppOpsManager.permissionToOp, referenced from method rr.a
W/dalvikvm( 3035): VFY: unable to resolve static method 2785: Landroid/app/AppOpsManager;.permissionToOp (Ljava/lang/String;)Ljava/lang/String;
D/dalvikvm( 3035): VFY: replacing opcode 0x71 at 0x000e
I/dalvikvm( 3035): Could not find method android.content.Context.getSystemService, referenced from method rr.a
W/dalvikvm( 3035): VFY: unable to resolve virtual method 3171: Landroid/content/Context;.getSystemService (Ljava/lang/Class;)Ljava/lang/Object;
D/dalvikvm( 3035): VFY: replacing opcode 0x6e at 0x002b
W/Primes  ( 3035): background initialization
I/Auth    ( 1779): [AuthManaged,PasswordComplexityHelperImpl] Updating password complexity components state.
I/Auth    ( 1779): [AuthManaged,PasswordComplexityHelperImpl] Disabling com.google.android.gms.auth.managed.admin.DeviceAdminReceiver
I/Auth    ( 1779): [AuthManaged,PasswordComplexityHelperImpl] Disabling com.google.android.gms.auth.managed.ui.SetNewPasswordActivity
I/dalvikvm( 3035): Could not find method android.content.Context.getSystemService, referenced from method mry.a
W/dalvikvm( 3035): VFY: unable to resolve virtual method 3171: Landroid/content/Context;.getSystemService (Ljava/lang/Class;)Ljava/lang/Object;
D/dalvikvm( 3035): VFY: replacing opcode 0x6e at 0x001a
I/dalvikvm( 3035): Could not find method android.os.UserManager.isUserUnlocked, referenced from method mry.a
W/dalvikvm( 3035): VFY: unable to resolve virtual method 4621: Landroid/os/UserManager;.isUserUnlocked ()Z
D/dalvikvm( 3035): VFY: replacing opcode 0x6e at 0x0030
I/dalvikvm( 3035): Could not find method android.content.Context.isDeviceProtectedStorage, referenced from method mry.b
W/dalvikvm( 3035): VFY: unable to resolve virtual method 3177: Landroid/content/Context;.isDeviceProtectedStorage ()Z
D/dalvikvm( 3035): VFY: replacing opcode 0x6e at 0x0000
I/ahju    ( 1779): Scheduling a periodic sync task every 14400 seconds, with flex of 1800 seconds [CONTEXT service_id=51 ]
I/ahju    ( 1779): Scheduling adaptive one off task with window [14400, 604800] in seconds [CONTEXT service_id=51 ]
I/dalvikvm( 3035): Could not find method android.content.pm.PackageManager.getPackageInstaller, referenced from method gzw.a
W/dalvikvm( 3035): VFY: unable to resolve virtual method 3338: Landroid/content/pm/PackageManager;.getPackageInstaller ()Landroid/content/pm/PackageInstaller;
D/dalvikvm( 3035): VFY: replacing opcode 0x6e at 0x0024
I/GAv4-SVC( 3035): Google Analytics 16.9.98 is starting up.
E/dalvikvm( 3035): Could not find class 'android.app.job.JobScheduler', referenced from method gss.e
W/dalvikvm( 3035): VFY: unable to resolve check-cast 443 (Landroid/app/job/JobScheduler;) in Lgss;
D/dalvikvm( 3035): VFY: replacing opcode 0x1f at 0x00d7
E/dalvikvm( 3035): Could not find class 'android.app.job.JobScheduler', referenced from method gss.b
W/dalvikvm( 3035): VFY: unable to resolve check-cast 443 (Landroid/app/job/JobScheduler;) in Lgss;
D/dalvikvm( 3035): VFY: replacing opcode 0x1f at 0x02b1
I/PrimesTesting( 3035): GserviceFlagsSupplier.get()
E/dalvikvm( 3035): Could not find class 'android.app.job.JobScheduler', referenced from method gss.b
W/dalvikvm( 3035): VFY: unable to resolve check-cast 443 (Landroid/app/job/JobScheduler;) in Lgss;
D/dalvikvm( 3035): VFY: replacing opcode 0x1f at 0x0672
E/dalvikvm( 3035): Could not find class 'android.app.job.JobScheduler', referenced from method gss.b
W/dalvikvm( 3035): VFY: unable to resolve check-cast 443 (Landroid/app/job/JobScheduler;) in Lgss;
D/dalvikvm( 3035): VFY: replacing opcode 0x1f at 0x0866
E/dalvikvm( 3035): Could not find class 'android.app.job.JobScheduler', referenced from method gss.b
W/dalvikvm( 3035): VFY: unable to resolve check-cast 443 (Landroid/app/job/JobScheduler;) in Lgss;
D/dalvikvm( 3035): VFY: replacing opcode 0x1f at 0x0906
E/dalvikvm( 3035): Could not find class 'android.app.job.JobScheduler', referenced from method gss.b
W/dalvikvm( 3035): VFY: unable to resolve check-cast 443 (Landroid/app/job/JobScheduler;) in Lgss;
D/dalvikvm( 3035): VFY: replacing opcode 0x1f at 0x095c
E/dalvikvm( 3035): Could not find class 'android.app.job.JobScheduler', referenced from method gss.b
W/dalvikvm( 3035): VFY: unable to resolve check-cast 443 (Landroid/app/job/JobScheduler;) in Lgss;
D/dalvikvm( 3035): VFY: replacing opcode 0x1f at 0x09fc
E/dalvikvm( 3035): Could not find class 'android.app.job.JobScheduler', referenced from method gss.b
W/dalvikvm( 3035): VFY: unable to resolve check-cast 443 (Landroid/app/job/JobScheduler;) in Lgss;
D/dalvikvm( 3035): VFY: replacing opcode 0x1f at 0x0a1e
E/dalvikvm( 3035): Could not find class 'android.app.job.JobScheduler', referenced from method gss.b
W/dalvikvm( 3035): VFY: unable to resolve check-cast 443 (Landroid/app/job/JobScheduler;) in Lgss;
D/dalvikvm( 3035): VFY: replacing opcode 0x1f at 0x0a40
