E/android.os.Debug( 3499): failed to load memtrack module: -2
D/AndroidRuntime( 3499): Calling main entry com.android.commands.am.Am
D/AndroidRuntime( 3499): Shutting down VM
D/dalvikvm( 3499): GC_CONCURRENT freed 93K, 15% free 575K/672K, paused 0ms+0ms, total 1ms
I/ActivityManager( 1570): Start proc it.unina.android.ripper_service:android_ripper_service_process for service it.unina.android.ripper_service/.AndroidRipperService: pid=3510 uid=10060 gids={50060, 3003, 1028, 1015}
V/AndroidRipperService( 3510): onCreate()
V/SERVER  ( 3510): Starting ServerSocket on PORT 18888
V/SERVER  ( 3510): Started ServerSocket on PORT 18888
V/SERVER  ( 3510): Ready to accept connections on port: 18888
I/Vision  ( 2174): Requesting optional module download of ocr.
I/Vision  ( 2174): Checking for download completion for 90316 -- ocr
D/dalvikvm( 1570): GC_FOR_ALLOC freed 1218K, 46% free 8009K/14816K, paused 11ms, total 11ms
D/AndroidRuntime( 3525): 
D/AndroidRuntime( 3525): >>>>>> AndroidRuntime START com.android.internal.os.RuntimeInit <<<<<<
W/linker  ( 3525): libdvm.so has text relocations. This is wasting memory and is a security risk. Please fix.
D/AndroidRuntime( 3525): CheckJNI is ON
D/dalvikvm( 3525): Trying to load lib libjavacore.so 0x0
D/dalvikvm( 3525): Added shared lib libjavacore.so 0x0
D/dalvikvm( 3525): Trying to load lib libnativehelper.so 0x0
D/dalvikvm( 3525): Added shared lib libnativehelper.so 0x0
D/dalvikvm( 3525): No JNI_OnLoad found in libnativehelper.so 0x0, skipping init
D/dalvikvm( 3525): Note: class Landroid/app/ActivityManagerNative; has 179 unimplemented (abstract) methods
E/memtrack( 3525): Couldn't load memtrack module (No such file or directory)
E/android.os.Debug( 3525): failed to load memtrack module: -2
D/AndroidRuntime( 3525): Calling main entry com.android.commands.input.Input
I/Input   ( 3525): injectKeyEvent: KeyEvent { action=ACTION_DOWN, keyCode=KEYCODE_MENU, scanCode=0, metaState=0, flags=0x0, repeatCount=0, eventTime=83278, downTime=83278, deviceId=-1, source=0x101 }
I/Input   ( 3525): injectKeyEvent: KeyEvent { action=ACTION_UP, keyCode=KEYCODE_MENU, scanCode=0, metaState=0, flags=0x0, repeatCount=0, eventTime=83278, downTime=83278, deviceId=-1, source=0x101 }
D/EGL_emulation( 1942): eglMakeCurrent: 0xb8f54360: ver 3 0
D/AndroidRuntime( 3525): Shutting down VM
D/dalvikvm( 3525): GC_CONCURRENT freed 96K, 15% free 554K/652K, paused 0ms+0ms, total 1ms
E/SoundPool( 1570): error loading /system/media/audio/ui/Effect_Tick.ogg
W/AudioService( 1570): Soundpool could not load file: /system/media/audio/ui/Effect_Tick.ogg
E/SoundPool( 1570): error loading /system/media/audio/ui/Effect_Tick.ogg
W/AudioService( 1570): Soundpool could not load file: /system/media/audio/ui/Effect_Tick.ogg
E/SoundPool( 1570): error loading /system/media/audio/ui/Effect_Tick.ogg
W/AudioService( 1570): Soundpool could not load file: /system/media/audio/ui/Effect_Tick.ogg
E/SoundPool( 1570): error loading /system/media/audio/ui/Effect_Tick.ogg
W/AudioService( 1570): Soundpool could not load file: /system/media/audio/ui/Effect_Tick.ogg
E/SoundPool( 1570): error loading /system/media/audio/ui/Effect_Tick.ogg
W/AudioService( 1570): Soundpool could not load file: /system/media/audio/ui/Effect_Tick.ogg
E/SoundPool( 1570): error loading /system/media/audio/ui/KeypressStandard.ogg
W/AudioService( 1570): Soundpool could not load file: /system/media/audio/ui/KeypressStandard.ogg
E/SoundPool( 1570): error loading /system/media/audio/ui/KeypressSpacebar.ogg
W/AudioService( 1570): Soundpool could not load file: /system/media/audio/ui/KeypressSpacebar.ogg
E/SoundPool( 1570): error loading /system/media/audio/ui/KeypressDelete.ogg
W/AudioService( 1570): Soundpool could not load file: /system/media/audio/ui/KeypressDelete.ogg
E/SoundPool( 1570): error loading /system/media/audio/ui/KeypressReturn.ogg
W/AudioService( 1570): Soundpool could not load file: /system/media/audio/ui/KeypressReturn.ogg
E/SoundPool( 1570): error loading /system/media/audio/ui/KeypressInvalid.ogg
W/AudioService( 1570): Soundpool could not load file: /system/media/audio/ui/KeypressInvalid.ogg
W/AudioService( 1570): onLoadSoundEffects(), Error -1 while loading samples
W/InputMethodManagerService( 1570): Window already focused, ignoring focus gain of: com.android.internal.view.IInputMethodClient$Stub$Proxy@9d9abae8 attribute=null, token = android.os.BinderProxy@9d6f50f8
D/AndroidRuntime( 3543): 
D/AndroidRuntime( 3543): >>>>>> AndroidRuntime START com.android.internal.os.RuntimeInit <<<<<<
W/linker  ( 3543): libdvm.so has text relocations. This is wasting memory and is a security risk. Please fix.
D/AndroidRuntime( 3543): CheckJNI is ON
D/dalvikvm( 3543): Trying to load lib libjavacore.so 0x0
D/dalvikvm( 3543): Added shared lib libjavacore.so 0x0
D/dalvikvm( 3543): Trying to load lib libnativehelper.so 0x0
D/dalvikvm( 3543): Added shared lib libnativehelper.so 0x0
D/dalvikvm( 3543): No JNI_OnLoad found in libnativehelper.so 0x0, skipping init
D/dalvikvm( 3543): Note: class Landroid/app/ActivityManagerNative; has 179 unimplemented (abstract) methods
E/memtrack( 3543): Couldn't load memtrack module (No such file or directory)
E/android.os.Debug( 3543): failed to load memtrack module: -2
D/AndroidRuntime( 3543): Calling main entry com.android.commands.pm.Pm
W/ActivityManager( 1570): No content provider found for permission revoke: file:///sdcard/aut.apk
W/ActivityManager( 1570): No content provider found for permission revoke: file:///sdcard/aut.apk
I/PackageManager( 1570): Copying native libraries to /data/app-lib/vmdl-685066617
D/dalvikvm( 1570): GC_FOR_ALLOC freed 819K, 44% free 8328K/14816K, paused 7ms, total 7ms
D/dalvikvm( 1570): GC_FOR_ALLOC freed 1008K, 42% free 8629K/14816K, paused 6ms, total 6ms
D/dalvikvm( 1570): GC_FOR_ALLOC freed 702K, 37% free 9340K/14816K, paused 7ms, total 7ms
D/dalvikvm( 1570): GC_FOR_ALLOC freed 776K, 32% free 10156K/14816K, paused 8ms, total 8ms
D/dalvikvm( 1570): GC_FOR_ALLOC freed 2117K, 34% free 9831K/14816K, paused 7ms, total 8ms
D/dalvikvm( 1570): GC_FOR_ALLOC freed 1697K, 34% free 9842K/14816K, paused 7ms, total 7ms
D/dalvikvm( 1570): GC_FOR_ALLOC freed 1706K, 34% free 9853K/14816K, paused 7ms, total 7ms
D/dalvikvm( 1570): GC_FOR_ALLOC freed 1709K, 34% free 9863K/14816K, paused 7ms, total 7ms
D/dalvikvm( 1570): GC_FOR_ALLOC freed 1709K, 34% free 9876K/14816K, paused 6ms, total 7ms
D/dalvikvm( 1570): GC_FOR_ALLOC freed 1708K, 34% free 9886K/14816K, paused 7ms, total 7ms
D/dalvikvm( 1570): GC_FOR_ALLOC freed 1718K, 34% free 9894K/14816K, paused 7ms, total 7ms
D/dalvikvm( 1570): GC_FOR_ALLOC freed 1718K, 34% free 9904K/14816K, paused 8ms, total 8ms
D/dalvikvm( 1570): GC_FOR_ALLOC freed 1722K, 34% free 9914K/14816K, paused 6ms, total 6ms
I/PackageManager( 1570): Running dexopt on: ch.rmy.android.statusbar_tacho
W/linker  ( 3554): libdvm.so has text relocations. This is wasting memory and is a security risk. Please fix.
I/dalvikvm( 3554): DexOpt: illegal method access (call Landroid/widget/TextView;.getTextDirectionHeuristic ()Landroid/text/TextDirectionHeuristic; from La/b/h/c0$b;)
D/dalvikvm( 3554): DexOpt: load 13ms, verify+opt 51ms, 1950708 bytes
I/ActivityManager( 1570): Force stopping ch.rmy.android.statusbar_tacho appid=10061 user=-1: update pkg
W/PackageManager( 1570): Unknown permission android.permission.FOREGROUND_SERVICE in package ch.rmy.android.statusbar_tacho
D/dalvikvm( 1570): GC_FOR_ALLOC freed 1689K, 33% free 9960K/14816K, paused 7ms, total 8ms
W/Launcher.Model( 2379): Nobody to tell about the new app.  Launcher is probably loading.
I/PackageManager( 1570):   Action: "android.intent.action.SENDTO"
I/PackageManager( 1570):   Category: "android.intent.category.DEFAULT"
I/PackageManager( 1570):   Scheme: "sms"
I/PackageManager( 1570): Adding preferred activity ComponentInfo{com.android.mms/com.android.mms.ui.ComposeMessageActivity} for user 0 :
D/Documents( 3248): Used cached roots for com.android.providers.downloads.documents
D/Documents( 3248): Used cached roots for com.android.externalstorage.documents
D/Documents( 3248): Used cached roots for com.android.providers.media.documents
D/Documents( 3248): Update found 6 roots in 2ms
I/InputReader( 1570): Reconfiguring input devices.  changes=0x00000010
I/PackageManager( 1570):   Action: "android.intent.action.SENDTO"
I/PackageManager( 1570):   Category: "android.intent.category.DEFAULT"
I/PackageManager( 1570):   Scheme: "smsto"
I/PackageManager( 1570): Adding preferred activity ComponentInfo{com.android.mms/com.android.mms.ui.ComposeMessageActivity} for user 0 :
D/dalvikvm( 1799): GC_FOR_ALLOC freed 456K, 18% free 3630K/4384K, paused 2ms, total 3ms
I/PackageManager( 1570):   Action: "android.intent.action.SENDTO"
I/PackageManager( 1570):   Category: "android.intent.category.DEFAULT"
I/PackageManager( 1570):   Scheme: "mms"
I/PackageManager( 1570):   Action: "android.intent.action.SENDTO"
I/PackageManager( 1570):   Category: "android.intent.category.DEFAULT"
I/PackageManager( 1570):   Scheme: "mmsto"
I/PackageManager( 1570): Adding preferred activity ComponentInfo{com.android.mms/com.android.mms.ui.ComposeMessageActivity} for user 0 :
I/PackageManager( 1570): Adding preferred activity ComponentInfo{com.android.mms/com.android.mms.ui.ComposeMessageActivity} for user 0 :
W/GCM     ( 1779): Unexpected forwarded intent: Intent { act=android.intent.action.PACKAGE_ADDED dat=package:ch.rmy.android.statusbar_tacho flg=0x4000010 cmp=com.google.android.gms/.chimera.PersistentIntentOperationService (has extras) }
W/GCM     ( 1779): Unexpected forwarded intent: Intent { act=android.intent.action.PACKAGE_ADDED dat=package:ch.rmy.android.statusbar_tacho flg=0x4000010 cmp=com.google.android.gms/.chimera.PersistentIntentOperationService (has extras) }
I/PackageManager( 1570):   Action: "android.intent.action.SENDTO"
I/PackageManager( 1570):   Category: "android.intent.category.DEFAULT"
I/PackageManager( 1570):   Scheme: "sms"
I/Auth    ( 2174): [SupervisedAccountIntentOperation] onHandleIntent(): android.intent.action.PACKAGE_ADDED
I/PackageManager( 1570): Adding preferred activity ComponentInfo{com.android.mms/com.android.mms.ui.ComposeMessageActivity} for user 0 :
I/ChromeSync( 2174): [Sync,SyncIntentOperation] Handling the intent: Intent { act=android.intent.action.PACKAGE_ADDED dat=package:ch.rmy.android.statusbar_tacho flg=0x4000010 cmp=com.google.android.gms/.chimera.GmsIntentOperationService (has extras) }.
I/FontLog ( 2174): Package ch.rmy.android.statusbar_tacho has no metadata [CONTEXT service_id=132 ]
D/BackupManagerService( 1570): Received broadcast Intent { act=android.intent.action.PACKAGE_ADDED dat=package:ch.rmy.android.statusbar_tacho flg=0x4000010 (has extras) }
V/BackupManagerService( 1570): addPackageParticipantsLocked: #1
I/PackageManager( 1570):   Action: "android.intent.action.SENDTO"
I/PackageManager( 1570):   Category: "android.intent.category.DEFAULT"
I/PackageManager( 1570):   Scheme: "smsto"
I/Icing.InternalIcingCorporaProvider( 2344): Updating corpora: A: ch.rmy.android.statusbar_tacho, C: MAYBE
E/GmsClient( 2174): unable to connect to service: com.google.android.gms.auth.key.retrieval.service.START on com.google.android.gms
W/ActivityManager( 1570): Unable to start service Intent { act=com.google.android.gms.auth.key.retrieval.service.START pkg=com.google.android.gms } U=0: not found
W/ActivityManager( 1570): Unbind failed: could not find connection for android.os.BinderProxy@9d1ea930
I/PackageManager( 1570): Adding preferred activity ComponentInfo{com.android.mms/com.android.mms.ui.ComposeMessageActivity} for user 0 :
D/dalvikvm( 1799): GC_FOR_ALLOC freed 412K, 17% free 3667K/4384K, paused 3ms, total 3ms
I/PackageManager( 1570):   Action: "android.intent.action.SENDTO"
I/PackageManager( 1570):   Category: "android.intent.category.DEFAULT"
I/PackageManager( 1570):   Scheme: "mms"
I/PackageManager( 1570): Adding preferred activity ComponentInfo{com.android.mms/com.android.mms.ui.ComposeMessageActivity} for user 0 :
I/ChromeSync( 2174): [Persistence,AffiliationManager] One of affiliation or grouping data for android://KSmUCdTXmQS-j9D_O8l1jvyu41Pjn2mc5cb0Gvx1e9H1Aj4JCzHs_uTW26nbtH65K-YfijtBsQxGp-8R6k6HFg==@ch.rmy.android.statusbar_tacho/ was not found. Marking affiliation data as stale...
I/PackageManager( 1570):   Action: "android.intent.action.SENDTO"
I/PackageManager( 1570):   Category: "android.intent.category.DEFAULT"
I/PackageManager( 1570):   Scheme: "mmsto"
I/PackageManager( 1570): Adding preferred activity ComponentInfo{com.android.mms/com.android.mms.ui.ComposeMessageActivity} for user 0 :
W/ContextImpl( 2344): Implicit intents with startService are not safe: Intent { act=com.google.android.gms.icing.INDEX_SERVICE } android.content.ContextWrapper.bindService:517 com.google.android.gms.internal.av.a:-1 com.google.android.gms.internal.au.connect:-1 
I/Icing   ( 2174): IndexChimeraService.getServiceInterface callingPackage=com.google.android.googlequicksearchbox componentName=null serviceId=21
D/dalvikvm( 1570): GC_EXPLICIT freed 3650K, 46% free 8026K/14816K, paused 3ms+2ms, total 120ms
D/AndroidRuntime( 3543): Shutting down VM
D/dalvikvm( 3543): GC_CONCURRENT freed 93K, 15% free 552K/648K, paused 0ms+0ms, total 0ms
D/EGL_emulation( 1942): eglMakeCurrent: 0xb8f54360: ver 3 0
W/Icing   ( 2174): No valid account for uploading user actions
I/Icing   ( 2174): Usage reports ok 0, Failed Usage reports 0, indexed 0, rejected 0
I/Icing   ( 2174): Indexing com.google.android.gms-apps from com.google.android.gms
I/Icing   ( 2174): Indexing done com.google.android.gms-apps
I/Icing   ( 2174): Indexing com.google.android.googlequicksearchbox-applications from com.google.android.googlequicksearchbox
I/Icing   ( 2174): Indexing com.google.android.gms-internal.3p:MobileApplication from com.google.android.gms
I/Icing   ( 2174): Indexing done com.google.android.googlequicksearchbox-applications
I/Icing   ( 2174): Indexing done com.google.android.gms-internal.3p:MobileApplication
D/AndroidRuntime( 3570): 
D/AndroidRuntime( 3570): >>>>>> AndroidRuntime START com.android.internal.os.RuntimeInit <<<<<<
W/linker  ( 3570): libdvm.so has text relocations. This is wasting memory and is a security risk. Please fix.
D/AndroidRuntime( 3570): CheckJNI is ON
D/dalvikvm( 3570): Trying to load lib libjavacore.so 0x0
D/dalvikvm( 3570): Added shared lib libjavacore.so 0x0
D/dalvikvm( 3570): Trying to load lib libnativehelper.so 0x0
D/dalvikvm( 3570): Added shared lib libnativehelper.so 0x0
D/dalvikvm( 3570): No JNI_OnLoad found in libnativehelper.so 0x0, skipping init
D/dalvikvm( 3570): Note: class Landroid/app/ActivityManagerNative; has 179 unimplemented (abstract) methods
E/memtrack( 3570): Couldn't load memtrack module (No such file or directory)
E/android.os.Debug( 3570): failed to load memtrack module: -2
D/AndroidRuntime( 3570): Calling main entry com.android.commands.pm.Pm
W/ActivityManager( 1570): No content provider found for permission revoke: file:///sdcard/ripper.apk
W/ActivityManager( 1570): No content provider found for permission revoke: file:///sdcard/ripper.apk
I/PackageManager( 1570): Copying native libraries to /data/app-lib/vmdl-2047459479
I/PackageParser( 1570): it.unina.android.ripper: compat added android.permission.WRITE_EXTERNAL_STORAGE android.permission.READ_PHONE_STATE
I/PackageManager( 1570): Running dexopt on: it.unina.android.ripper
W/linker  ( 3581): libdvm.so has text relocations. This is wasting memory and is a security risk. Please fix.
D/dalvikvm( 3581): DexOpt: load 2ms, verify+opt 18ms, 936700 bytes
I/ActivityManager( 1570): Force stopping it.unina.android.ripper appid=10062 user=-1: update pkg
W/Launcher.Model( 2379): Nobody to tell about the new app.  Launcher is probably loading.
I/InputReader( 1570): Reconfiguring input devices.  changes=0x00000010
I/PackageManager( 1570):   Action: "android.intent.action.SENDTO"
I/PackageManager( 1570):   Category: "android.intent.category.DEFAULT"
I/PackageManager( 1570):   Scheme: "sms"
D/Documents( 3248): Used cached roots for com.android.providers.downloads.documents
D/Documents( 3248): Used cached roots for com.android.externalstorage.documents
D/Documents( 3248): Used cached roots for com.android.providers.media.documents
D/Documents( 3248): Update found 6 roots in 2ms
I/PackageManager( 1570): Adding preferred activity ComponentInfo{com.android.mms/com.android.mms.ui.ComposeMessageActivity} for user 0 :
I/PackageManager( 1570):   Action: "android.intent.action.SENDTO"
I/PackageManager( 1570):   Category: "android.intent.category.DEFAULT"
I/PackageManager( 1570):   Scheme: "smsto"
I/PackageManager( 1570): Adding preferred activity ComponentInfo{com.android.mms/com.android.mms.ui.ComposeMessageActivity} for user 0 :
D/dalvikvm( 1799): GC_FOR_ALLOC freed 445K, 18% free 3632K/4384K, paused 2ms, total 2ms
I/PackageManager( 1570):   Action: "android.intent.action.SENDTO"
I/PackageManager( 1570):   Category: "android.intent.category.DEFAULT"
I/PackageManager( 1570):   Scheme: "mms"
I/PackageManager( 1570): Adding preferred activity ComponentInfo{com.android.mms/com.android.mms.ui.ComposeMessageActivity} for user 0 :
D/dalvikvm( 1570): GC_EXPLICIT freed 1275K, 46% free 8014K/14816K, paused 1ms+1ms, total 37ms
D/dalvikvm( 1570): WAIT_FOR_CONCURRENT_GC blocked 10ms
D/dalvikvm( 1570): WAIT_FOR_CONCURRENT_GC blocked 10ms
D/AndroidRuntime( 3570): Shutting down VM
D/dalvikvm( 1570): WAIT_FOR_CONCURRENT_GC blocked 10ms
D/dalvikvm( 1570): WAIT_FOR_CONCURRENT_GC blocked 10ms
D/dalvikvm( 1570): WAIT_FOR_CONCURRENT_GC blocked 10ms
D/dalvikvm( 1570): WAIT_FOR_CONCURRENT_GC blocked 11ms
D/dalvikvm( 1570): WAIT_FOR_CONCURRENT_GC blocked 7ms
D/dalvikvm( 3570): GC_CONCURRENT freed 93K, 15% free 552K/648K, paused 0ms+0ms, total 2ms
I/Auth    ( 2174): [SupervisedAccountIntentOperation] onHandleIntent(): android.intent.action.PACKAGE_ADDED
D/BackupManagerService( 1570): Received broadcast Intent { act=android.intent.action.PACKAGE_ADDED dat=package:it.unina.android.ripper flg=0x4000010 (has extras) }
V/BackupManagerService( 1570): addPackageParticipantsLocked: #1
I/ChromeSync( 2174): [Sync,SyncIntentOperation] Handling the intent: Intent { act=android.intent.action.PACKAGE_ADDED dat=package:it.unina.android.ripper flg=0x4000010 cmp=com.google.android.gms/.chimera.GmsIntentOperationService (has extras) }.
I/Icing.InternalIcingCorporaProvider( 2344): Updating corpora: A: it.unina.android.ripper, C: MAYBE
I/PackageManager( 1570):   Action: "android.intent.action.SENDTO"
I/PackageManager( 1570):   Category: "android.intent.category.DEFAULT"
I/PackageManager( 1570):   Scheme: "mmsto"
I/FontLog ( 2174): Package it.unina.android.ripper has no metadata [CONTEXT service_id=132 ]
I/PackageManager( 1570): Adding preferred activity ComponentInfo{com.android.mms/com.android.mms.ui.ComposeMessageActivity} for user 0 :
I/PackageManager( 1570):   Action: "android.intent.action.SENDTO"
I/PackageManager( 1570):   Category: "android.intent.category.DEFAULT"
I/PackageManager( 1570):   Scheme: "sms"
I/PackageManager( 1570): Adding preferred activity ComponentInfo{com.android.mms/com.android.mms.ui.ComposeMessageActivity} for user 0 :
I/ChromeSync( 2174): [Persistence,AffiliationManager] One of affiliation or grouping data for android://KSmUCdTXmQS-j9D_O8l1jvyu41Pjn2mc5cb0Gvx1e9H1Aj4JCzHs_uTW26nbtH65K-YfijtBsQxGp-8R6k6HFg==@it.unina.android.ripper/ was not found. Marking affiliation data as stale...
D/dalvikvm( 1779): GC_FOR_ALLOC freed 2081K, 22% free 10142K/12972K, paused 42ms, total 42ms
W/GCM     ( 1779): Unexpected forwarded intent: Intent { act=android.intent.action.PACKAGE_ADDED dat=package:it.unina.android.ripper flg=0x4000010 cmp=com.google.android.gms/.chimera.PersistentIntentOperationService (has extras) }
I/PackageManager( 1570):   Action: "android.intent.action.SENDTO"
I/PackageManager( 1570):   Category: "android.intent.category.DEFAULT"
I/PackageManager( 1570):   Scheme: "smsto"
I/PackageManager( 1570): Adding preferred activity ComponentInfo{com.android.mms/com.android.mms.ui.ComposeMessageActivity} for user 0 :
W/GCM     ( 1779): Unexpected forwarded intent: Intent { act=android.intent.action.PACKAGE_ADDED dat=package:it.unina.android.ripper flg=0x4000010 cmp=com.google.android.gms/.chimera.PersistentIntentOperationService (has extras) }
D/dalvikvm( 1799): GC_FOR_ALLOC freed 421K, 17% free 3664K/4384K, paused 2ms, total 4ms
I/PackageManager( 1570):   Action: "android.intent.action.SENDTO"
I/PackageManager( 1570):   Category: "android.intent.category.DEFAULT"
I/PackageManager( 1570):   Scheme: "mms"
I/PackageManager( 1570): Adding preferred activity ComponentInfo{com.android.mms/com.android.mms.ui.ComposeMessageActivity} for user 0 :
I/PackageManager( 1570):   Action: "android.intent.action.SENDTO"
I/PackageManager( 1570):   Category: "android.intent.category.DEFAULT"
I/PackageManager( 1570):   Scheme: "mmsto"
I/PackageManager( 1570): Adding preferred activity ComponentInfo{com.android.mms/com.android.mms.ui.ComposeMessageActivity} for user 0 :
D/dalvikvm( 2174): GC_FOR_ALLOC freed 2039K, 13% free 21463K/24404K, paused 27ms, total 27ms
I/Icing   ( 2174): IndexChimeraService.getServiceInterface callingPackage=com.google.android.googlequicksearchbox componentName=null serviceId=21
W/Icing.InternalIcingCorporaProvider( 2344): Application table change notification failed.
W/Icing   ( 2174): No valid account for uploading user actions
I/Icing   ( 2174): Usage reports ok 0, Failed Usage reports 0, indexed 0, rejected 0
I/Icing   ( 2174): Indexing com.google.android.gms-apps from com.google.android.gms
I/Icing   ( 2174): Indexing done com.google.android.gms-apps
D/AndroidRuntime( 3587): 
D/AndroidRuntime( 3587): >>>>>> AndroidRuntime START com.android.internal.os.RuntimeInit <<<<<<
W/linker  ( 3587): libdvm.so has text relocations. This is wasting memory and is a security risk. Please fix.
D/AndroidRuntime( 3587): CheckJNI is ON
D/dalvikvm( 3587): Trying to load lib libjavacore.so 0x0
D/dalvikvm( 3587): Added shared lib libjavacore.so 0x0
D/dalvikvm( 3587): Trying to load lib libnativehelper.so 0x0
D/dalvikvm( 3587): Added shared lib libnativehelper.so 0x0
D/dalvikvm( 3587): No JNI_OnLoad found in libnativehelper.so 0x0, skipping init
D/dalvikvm( 3587): Note: class Landroid/app/ActivityManagerNative; has 179 unimplemented (abstract) methods
E/memtrack( 3587): Couldn't load memtrack module (No such file or directory)
E/android.os.Debug( 3587): failed to load memtrack module: -2
D/AndroidRuntime( 3587): Calling main entry com.android.commands.am.Am
I/ActivityManager( 1570): Force stopping ch.rmy.android.statusbar_tacho appid=10061 user=0: start instr
I/ActivityManager( 1570): Start proc ch.rmy.android.statusbar_tacho for added application ch.rmy.android.statusbar_tacho: pid=3598 uid=10061 gids={50061}
W/dalvikvm( 3598): Class resolved by unexpected DEX: Lch/rmy/android/statusbar_tacho/activities/SettingsActivity;(0x9d035c20):0x8bb3c000 ref [Lb/a/a/a/a/a;] Lb/a/a/a/a/a;(0x9d035c20):0x8bce6000
W/dalvikvm( 3598): (Lch/rmy/android/statusbar_tacho/activities/SettingsActivity; had used a different Lb/a/a/a/a/a; during pre-verification)
W/dalvikvm( 3598): Unable to resolve superclass of Lch/rmy/android/statusbar_tacho/activities/SettingsActivity; (1408)
W/dalvikvm( 3598): Link of class 'Lch/rmy/android/statusbar_tacho/activities/SettingsActivity;' failed
W/dalvikvm( 3598): Exception Ljava/lang/RuntimeException; thrown while initializing Lit/unina/android/ripper/configuration/Configuration;
I/TestRunner( 3598): started: warning(junit.framework.TestSuite$1)
I/TestRunner( 3598): failed: warning(junit.framework.TestSuite$1)
I/TestRunner( 3598): ----- begin exception -----
I/TestRunner( 3598): 
I/TestRunner( 3598): junit.framework.AssertionFailedError: Exception in constructor: testApplication (java.lang.ExceptionInInitializerError
I/TestRunner( 3598): 	at it.unina.android.ripper.RipperTestCase.<init>(Unknown Source)
I/TestRunner( 3598): 	at java.lang.reflect.Constructor.constructNative(Native Method)
I/TestRunner( 3598): 	at java.lang.reflect.Constructor.newInstance(Constructor.java:423)
I/TestRunner( 3598): 	at junit.framework.TestSuite.createTest(TestSuite.java:61)
I/TestRunner( 3598): 	at junit.framework.TestSuite.addTestMethod(TestSuite.java:294)
I/TestRunner( 3598): 	at junit.framework.TestSuite.addTestsFromTestCase(TestSuite.java:150)
I/TestRunner( 3598): 	at junit.framework.TestSuite.<init>(TestSuite.java:129)
I/TestRunner( 3598): 	at junit.runner.BaseTestRunner.getTest(BaseTestRunner.java:118)
I/TestRunner( 3598): 	at android.test.AndroidTestRunner.getTest(AndroidTestRunner.java:149)
I/TestRunner( 3598): 	at android.test.AndroidTestRunner.setTestClassName(AndroidTestRunner.java:57)
I/TestRunner( 3598): 	at android.test.suitebuilder.TestSuiteBuilder.addTestClassByName(TestSuiteBuilder.java:80)
I/TestRunner( 3598): 	at android.test.InstrumentationTestRunner.parseTestClass(InstrumentationTestRunner.java:443)
I/TestRunner( 3598): 	at android.test.InstrumentationTestRunner.parseTestClasses(InstrumentationTestRunner.java:424)
I/TestRunner( 3598): 	at android.test.InstrumentationTestRunner.onCreate(InstrumentationTestRunner.java:370)
I/TestRunner( 3598): 	at android.app.ActivityThread.handleBindApplication(ActivityThread.java:4335)
I/TestRunner( 3598): 	at android.app.ActivityThread.access$1500(ActivityThread.java:135)
I/TestRunner( 3598): 	at android.app.ActivityThread$H.handleMessage(ActivityThread.java:1256)
I/TestRunner( 3598): 	at android.os.Handler.dispatchMessage(Handler.java:102)
I/TestRunner( 3598): 	at android.os.Looper.loop(Looper.java:136)
I/TestRunner( 3598): 	at android.app.ActivityThread.main(ActivityThread.java:5017)
I/TestRunner( 3598): 	at java.lang.reflect.Method.invokeNative(Native Method)
I/TestRunner( 3598): 	at java.lang.reflect.Method.invoke(Method.java:515)
I/TestRunner( 3598): 	at com.android.internal.os.ZygoteInit$MethodAndArgsCaller.run(ZygoteInit.java:779)
I/TestRunner( 3598): 	at com.android.internal.os.ZygoteInit.main(ZygoteInit.java:595)
I/TestRunner( 3598): 	at dalvik.system.NativeStart.main(Native Method)
I/TestRunner( 3598): Caused by: java.lang.RuntimeException: java.lang.ClassNotFoundException: ch.rmy.android.statusbar_tacho.activities.SettingsActivity
I/TestRunner( 3598): 	at it.unina.android.ripper.configuration.Configuration.<clinit>(Unknown Source)
I/TestRunner( 3598): 	... 25 more
I/TestRunner( 3598): Caused by: java.lang.ClassNotFoundException: ch.rmy.android.statusbar_tacho.activities.SettingsActivity
I/TestRunner( 3598): 	at java.lang.Class.classForName(Native Method)
I/TestRunner( 3598): 	at java.lang.Class.forName(Class.java:251)
I/TestRunner( 3598): 	at java.lang.Class.forName(Class.java:216)
I/TestRunner( 3598): 	... 26 more
I/TestRunner( 3598): Caused by: java.lang.NoClassDefFoundError: ch/rmy/android/statusbar_tacho/activities/SettingsActivity
I/TestRunner( 3598): 	... 29 more
I/TestRunner( 3598): Caused by: java.lang.IllegalAccessError: Class ref in pre-verified class resolved to unexpected implementation
I/TestRunner( 3598): 	at dalvik.system.DexFile.defineClassNative(Native Method)
I/TestRunner( 3598): 	at dalvik.system.DexFile.defineClass(DexFile.java:222)
I/TestRunner( 3598): 	at dalvik.system.DexFile.loadClassBinaryName(DexFile.java:215)
I/TestRunner( 3598): 	at dalvik.system.DexPathList.findClass(DexPathList.java:322)
I/TestRunner( 3598): 	at dalvik.system.BaseDexClassLoader.findClass(BaseDexClassLoader.java:54)
I/TestRunner( 3598): 	at java.lang.ClassLoader.loadClass(ClassLoader.java:497)
I/TestRunner( 3598): 	at java.lang.ClassLoader.loadClass(ClassLoader.java:457)
I/TestRunner( 3598): 	... 29 more
I/TestRunner( 3598): )
I/TestRunner( 3598): 	at junit.framework.Assert.fail(Assert.java:50)
I/TestRunner( 3598): 	at junit.framework.TestSuite$1.runTest(TestSuite.java:97)
I/TestRunner( 3598): 	at junit.framework.TestCase.runBare(TestCase.java:134)
I/TestRunner( 3598): 	at junit.framework.TestResult$1.protect(TestResult.java:115)
I/TestRunner( 3598): 	at junit.framework.TestResult.runProtected(TestResult.java:133)
I/TestRunner( 3598): 	at junit.framework.TestResult.run(TestResult.java:118)
I/TestRunner( 3598): 	at junit.framework.TestCase.run(TestCase.java:124)
I/TestRunner( 3598): 	at android.test.AndroidTestRunner.runTest(AndroidTestRunner.java:191)
I/TestRunner( 3598): 	at android.test.AndroidTestRunner.runTest(AndroidTestRunner.java:176)
I/TestRunner( 3598): 	at android.test.InstrumentationTestRunner.onStart(InstrumentationTestRunner.java:554)
I/TestRunner( 3598): 	at android.app.Instrumentation$InstrumentationThread.run(Instrumentation.java:1701)
I/TestRunner( 3598): ----- end exception -----
I/TestRunner( 3598): finished: warning(junit.framework.TestSuite$1)
D/dalvikvm( 3598): GC_CONCURRENT freed 398K, 16% free 3083K/3668K, paused 1ms+0ms, total 4ms
D/AndroidRuntime( 3587): Shutting down VM
D/dalvikvm( 3587): GC_CONCURRENT freed 111K, 18% free 556K/672K, paused 0ms+1ms, total 1ms
I/ActivityManager( 1570): Force stopping ch.rmy.android.statusbar_tacho appid=10061 user=0: finished inst
I/ActivityManager( 1570): Killing 3598:ch.rmy.android.statusbar_tacho/u0a61 (adj 0): stop ch.rmy.android.statusbar_tacho
D/dalvikvm( 1570): GC_FOR_ALLOC freed 1348K, 47% free 7924K/14816K, paused 9ms, total 9ms
I/Vision  ( 2174): Requesting optional module download of ocr.
I/Vision  ( 2174): Checking for download completion for 100323 -- ocr
I/ActivityManager( 1570): Killing 2685:com.android.mms/u0a10 (adj 15): empty #17
D/CountryDetector( 1570): No listener is left
I/NetworkScheduler.Stats( 1779): Task com.google.android.gms/com.google.android.gms.auth.account.be.legacy.AuthCronService started execution. cause:4 exec_start_elapsed_seconds: 96 [CONTEXT service_id=218 ]
D/dalvikvm( 1779): GC_FOR_ALLOC freed 1814K, 21% free 10375K/12972K, paused 9ms, total 9ms
I/dalvikvm( 1844): Could not find method android.content.Context.getDrawable, referenced from method jk.a
W/dalvikvm( 1844): VFY: unable to resolve virtual method 2472: Landroid/content/Context;.getDrawable (I)Landroid/graphics/drawable/Drawable;
D/dalvikvm( 1844): VFY: replacing opcode 0x6e at 0x0006
I/dalvikvm( 1844): Could not find method android.content.Context.getNoBackupFilesDir, referenced from method jk.b
W/dalvikvm( 1844): VFY: unable to resolve virtual method 2480: Landroid/content/Context;.getNoBackupFilesDir ()Ljava/io/File;
D/dalvikvm( 1844): VFY: replacing opcode 0x6e at 0x0006
W/dalvikvm( 1844): VFY: unable to find class referenced in signature (Landroid/net/Network;)
W/dalvikvm( 1844): VFY: unable to find class referenced in signature (Landroid/net/Network;)
I/dalvikvm( 1844): Could not find method android.net.Network.openConnection, referenced from method wna.a
W/dalvikvm( 1844): VFY: unable to resolve virtual method 5072: Landroid/net/Network;.openConnection (Ljava/net/URL;)Ljava/net/URLConnection;
D/dalvikvm( 1844): VFY: replacing opcode 0x6e at 0x008f
I/Auth    ( 1844): [ReflectiveChannelBinder] Successfully bound channel!
I/dalvikvm( 1844): Could not find method android.os.PowerManager.isInteractive, referenced from method nol.a
W/dalvikvm( 1844): VFY: unable to resolve virtual method 4227: Landroid/os/PowerManager;.isInteractive ()Z
D/dalvikvm( 1844): VFY: replacing opcode 0x6e at 0x0006
I/NetworkScheduler.Stats( 1779): Task com.google.android.gms/com.google.android.gms.clearcut.uploader.QosUploaderService started execution. cause:1 exec_start_elapsed_seconds: 96 [CONTEXT service_id=218 ]
W/ProviderHelper( 1844): Unknown dynamite feature providerinstaller
I/DynamiteModule( 1844): Considering local module providerinstaller:0 and remote module providerinstaller:0
I/DynamiteModule( 1844): Considering local module providerinstaller:0 and remote module providerinstaller:0
W/Conscrypt( 1844): Could not set socket write timeout: java.net.SocketException: Socket closed
W/Conscrypt( 1844): 	at com.google.android.gms.org.conscrypt.Platform.setSocketWriteTimeout(:com.google.android.gms@202414005@20.24.14 (000700-319035315):2)
W/Conscrypt( 1844): 	at com.google.android.gms.org.conscrypt.ConscryptFileDescriptorSocket.setSoWriteTimeout(:com.google.android.gms@202414005@20.24.14 (000700-319035315):0)
E/dalvikvm( 1779): Could not find class 'android.system.ErrnoException', referenced from method mck.a
W/dalvikvm( 1779): VFY: unable to resolve instanceof 1082 (Landroid/system/ErrnoException;) in Lmck;
D/dalvikvm( 1779): VFY: replacing opcode 0x20 at 0x000a
W/Conscrypt( 1844): Could not set socket write timeout: java.net.SocketException: Socket closed
D/dalvikvm( 1844): GC_FOR_ALLOC freed 876K, 16% free 6387K/7588K, paused 7ms, total 7ms
W/Conscrypt( 1844): 	at com.google.android.gms.org.conscrypt.Platform.setSocketWriteTimeout(:com.google.android.gms@202414005@20.24.14 (000700-319035315):2)
W/Conscrypt( 1844): 	at com.google.android.gms.org.conscrypt.ConscryptFileDescriptorSocket.setSoWriteTimeout(:com.google.android.gms@202414005@20.24.14 (000700-319035315):0)
W/GLSUser ( 1844): [AppCertManager] IOException while requesting key: 
W/GLSUser ( 1844): java.io.IOException: Invalid device key response.
W/GLSUser ( 1844): 	at gtl.a(:com.google.android.gms@202414005@20.24.14 (000700-319035315):49)
W/GLSUser ( 1844): 	at gtj.b(:com.google.android.gms@202414005@20.24.14 (000700-319035315):2)
W/GLSUser ( 1844): 	at gte.a(:com.google.android.gms@202414005@20.24.14 (000700-319035315):0)
W/GLSUser ( 1844): 	at gth.a(:com.google.android.gms@202414005@20.24.14 (000700-319035315):10)
W/GLSUser ( 1844): 	at eyt.call(:com.google.android.gms@202414005@20.24.14 (000700-319035315):0)
W/GLSUser ( 1844): 	at java.util.concurrent.FutureTask.run(FutureTask.java:237)
W/GLSUser ( 1844): 	at nlp.b(:com.google.android.gms@202414005@20.24.14 (000700-319035315):12)
W/GLSUser ( 1844): 	at nlp.run(:com.google.android.gms@202414005@20.24.14 (000700-319035315):7)
W/GLSUser ( 1844): 	at java.util.concurrent.ThreadPoolExecutor.runWorker(ThreadPoolExecutor.java:1112)
W/GLSUser ( 1844): 	at java.util.concurrent.ThreadPoolExecutor$Worker.run(ThreadPoolExecutor.java:587)
W/GLSUser ( 1844): 	at nrd.run(:com.google.android.gms@202414005@20.24.14 (000700-319035315):0)
W/GLSUser ( 1844): 	at java.lang.Thread.run(Thread.java:841)
I/NetworkScheduler.Stats( 1779): Task com.google.android.gms/com.google.android.gms.auth.account.be.legacy.AuthCronService finished executing. cause:4 result: 3 elapsed_millis: 605 uptime_millis: 605 exec_start_elapsed_seconds: 96 [CONTEXT service_id=218 ]
I/NetworkScheduler.Stats( 1779): Task com.google.android.gms/com.google.android.gms.chimera.container.ConfigService started execution. cause:5 exec_start_elapsed_seconds: 96 [CONTEXT service_id=218 ]
I/ChimeraConfigurator( 2174): Starting update, reason: 1 urgentFeatures: 
E/ConfigFileUtils( 2174): Failed to read config file: /data/data/com.google.android.gms/app_chimera/next_container.pb: open failed: ENOENT (No such file or directory)
I/ChmraDebugLogger( 2174): [73] 1801
I/ChmraDebugLogger( 2174): [30] [VisionOcr.optional:202414000700] permitMetered=true,
I/ChimeraConfigService( 2174): Scheduling checkin for one-off execution between [3300,43200] seconds from now (1629036001698)
I/ChimeraConfigService( 2174): Scheduling checkin every 43200 seconds, with flex of 1800 seconds
D/dalvikvm( 1779): GC_FOR_ALLOC freed 2302K, 22% free 10121K/12972K, paused 12ms, total 12ms
I/NetworkScheduler.Stats( 1779): Task com.google.android.gms/com.google.android.gms.chimera.container.ConfigService finished executing. cause:5 result: 2 elapsed_millis: 72 uptime_millis: 72 exec_start_elapsed_seconds: 96 [CONTEXT service_id=218 ]
I/TelephonySpam( 2174): TelephonySpamChimeraService - Running Telephony Spam Chimera Service
I/NetworkScheduler.Stats( 1779): Task com.google.android.gms/com.google.android.gms.telephonyspam.sync.SpamListSyncTaskService started execution. cause:5 exec_start_elapsed_seconds: 96 [CONTEXT service_id=218 ]
I/NetworkScheduler.Stats( 1779): Task com.google.android.gms/com.google.android.gms.telephonyspam.sync.SpamListSyncTaskService finished executing. cause:5 result: 2 elapsed_millis: 10 uptime_millis: 10 exec_start_elapsed_seconds: 96 [CONTEXT service_id=218 ]
I/Vision  ( 2174): Requesting optional module download of ocr.
I/Vision  ( 2174): Checking for download completion for 110329 -- ocr
D/dalvikvm( 1570): GC_FOR_ALLOC freed 1280K, 47% free 7881K/14816K, paused 9ms, total 9ms
I/ContentMaintenance( 2174): Internal cache bytes used: 0; limit: 39526809; download size: 0
I/RealtimeCacheCleanup( 2174): Beginning Realtime garbage collection.
I/RealtimeCacheCleanup( 2174): Finished Realtime garbage collection.
I/Vision  ( 2174): Requesting optional module download of ocr.
I/Vision  ( 2174): Exceeded maximum feature download tries for ocr
W/Vision  ( 2174): Request of optional module download of ocr failed.
I/Vision  ( 2174): Checking for download completion for 120340 -- ocr
I/Vision  ( 2174): Requesting optional module download of ocr.
I/Vision  ( 2174): Checking for download completion for 130351 -- ocr
I/ChimeraConfigurator( 2174): Starting update, reason: 4 urgentFeatures: vision.ocr:-1
E/ConfigFileUtils( 2174): Failed to read config file: /data/data/com.google.android.gms/app_chimera/next_container.pb: open failed: ENOENT (No such file or directory)
I/ChmraDebugLogger( 2174): [73] 1801
I/ChmraDebugLogger( 2174): [30] [VisionOcr.optional:202414000700] permitMetered=true,
W/ChimeraConfigService( 2174): Retry attempt was throttled.
W/Conscrypt( 1779): Could not set socket write timeout: java.net.SocketException: Socket closed
W/Conscrypt( 1779): 	at com.google.android.gms.org.conscrypt.Platform.setSocketWriteTimeout(:com.google.android.gms@202414005@20.24.14 (000700-319035315):2)
W/Conscrypt( 1779): 	at com.google.android.gms.org.conscrypt.ConscryptFileDescriptorSocket.setSoWriteTimeout(:com.google.android.gms@202414005@20.24.14 (000700-319035315):0)
W/Conscrypt( 1779): Could not set socket write timeout: java.net.SocketException: Socket closed
W/Conscrypt( 1779): 	at com.google.android.gms.org.conscrypt.Platform.setSocketWriteTimeout(:com.google.android.gms@202414005@20.24.14 (000700-319035315):2)
W/Conscrypt( 1779): 	at com.google.android.gms.org.conscrypt.ConscryptFileDescriptorSocket.setSoWriteTimeout(:com.google.android.gms@202414005@20.24.14 (000700-319035315):0)
D/dalvikvm( 1779): GC_FOR_ALLOC freed 1722K, 20% free 10447K/12972K, paused 8ms, total 8ms
W/Conscrypt( 1779): Could not set socket write timeout: java.net.SocketException: Socket closed
W/Conscrypt( 1779): 	at com.google.android.gms.org.conscrypt.Platform.setSocketWriteTimeout(:com.google.android.gms@202414005@20.24.14 (000700-319035315):2)
W/Conscrypt( 1779): 	at com.google.android.gms.org.conscrypt.ConscryptFileDescriptorSocket.setSoWriteTimeout(:com.google.android.gms@202414005@20.24.14 (000700-319035315):0)
W/Conscrypt( 1779): Could not set socket write timeout: java.net.SocketException: Socket closed
W/Conscrypt( 1779): 	at com.google.android.gms.org.conscrypt.Platform.setSocketWriteTimeout(:com.google.android.gms@202414005@20.24.14 (000700-319035315):2)
W/Conscrypt( 1779): 	at com.google.android.gms.org.conscrypt.ConscryptFileDescriptorSocket.setSoWriteTimeout(:com.google.android.gms@202414005@20.24.14 (000700-319035315):0)
I/NetworkScheduler.Stats( 1779): Task com.google.android.gms/com.google.android.gms.clearcut.uploader.QosUploaderService finished executing. cause:1 result: 1 elapsed_millis: 30803 uptime_millis: 30803 exec_start_elapsed_seconds: 96 [CONTEXT service_id=218 ]
I/Vision  ( 2174): Requesting optional module download of ocr.
I/Vision  ( 2174): Checking for download completion for 140362 -- ocr
W/ActivityManager( 1570): Unable to start service Intent { act=com.google.android.gms.drive.ApiService.RESET_AFTER_BOOT flg=0x4 cmp=com.google.android.gms/.drive.api.ApiService (has extras) } U=0: not found
I/Vision  ( 2174): Requesting optional module download of ocr.
I/Vision  ( 2174): Checking for download completion for 150378 -- ocr
D/AndroidRuntime( 3675): 
D/AndroidRuntime( 3675): >>>>>> AndroidRuntime START com.android.internal.os.RuntimeInit <<<<<<
W/linker  ( 3675): libdvm.so has text relocations. This is wasting memory and is a security risk. Please fix.
D/AndroidRuntime( 3675): CheckJNI is ON
D/dalvikvm( 3675): Trying to load lib libjavacore.so 0x0
D/dalvikvm( 3675): Added shared lib libjavacore.so 0x0
D/dalvikvm( 3675): Trying to load lib libnativehelper.so 0x0
D/dalvikvm( 3675): Added shared lib libnativehelper.so 0x0
D/dalvikvm( 3675): No JNI_OnLoad found in libnativehelper.so 0x0, skipping init
D/dalvikvm( 3675): Note: class Landroid/app/ActivityManagerNative; has 179 unimplemented (abstract) methods
E/memtrack( 3675): Couldn't load memtrack module (No such file or directory)
E/android.os.Debug( 3675): failed to load memtrack module: -2
D/AndroidRuntime( 3675): Calling main entry com.android.commands.pm.Pm
D/AndroidRuntime( 3675): Shutting down VM
D/dalvikvm( 3675): GC_CONCURRENT freed 92K, 15% free 547K/644K, paused 0ms+0ms, total 0ms
D/AndroidRuntime( 3686): 
D/AndroidRuntime( 3686): >>>>>> AndroidRuntime START com.android.internal.os.RuntimeInit <<<<<<
W/linker  ( 3686): libdvm.so has text relocations. This is wasting memory and is a security risk. Please fix.
D/AndroidRuntime( 3686): CheckJNI is ON
D/dalvikvm( 3686): Trying to load lib libjavacore.so 0x0
D/dalvikvm( 3686): Added shared lib libjavacore.so 0x0
D/dalvikvm( 3686): Trying to load lib libnativehelper.so 0x0
D/dalvikvm( 3686): Added shared lib libnativehelper.so 0x0
D/dalvikvm( 3686): No JNI_OnLoad found in libnativehelper.so 0x0, skipping init
D/dalvikvm( 3686): Note: class Landroid/app/ActivityManagerNative; has 179 unimplemented (abstract) methods
E/memtrack( 3686): Couldn't load memtrack module (No such file or directory)
E/android.os.Debug( 3686): failed to load memtrack module: -2
D/AndroidRuntime( 3686): Calling main entry com.android.commands.pm.Pm
D/AndroidRuntime( 3686): Shutting down VM
D/dalvikvm( 3686): GC_CONCURRENT freed 93K, 15% free 557K/652K, paused 1ms+0ms, total 1ms
D/AndroidRuntime( 3697): 
D/AndroidRuntime( 3697): >>>>>> AndroidRuntime START com.android.internal.os.RuntimeInit <<<<<<
W/linker  ( 3697): libdvm.so has text relocations. This is wasting memory and is a security risk. Please fix.
D/AndroidRuntime( 3697): CheckJNI is ON
D/dalvikvm( 3697): Trying to load lib libjavacore.so 0x0
D/dalvikvm( 3697): Added shared lib libjavacore.so 0x0
D/dalvikvm( 3697): Trying to load lib libnativehelper.so 0x0
D/dalvikvm( 3697): Added shared lib libnativehelper.so 0x0
D/dalvikvm( 3697): No JNI_OnLoad found in libnativehelper.so 0x0, skipping init
D/dalvikvm( 3697): Note: class Landroid/app/ActivityManagerNative; has 179 unimplemented (abstract) methods
E/memtrack( 3697): Couldn't load memtrack module (No such file or directory)
E/android.os.Debug( 3697): failed to load memtrack module: -2
D/AndroidRuntime( 3697): Calling main entry com.android.commands.pm.Pm
I/GeofencerStateMachine( 1779): removeGeofences: removeRequest=RemoveGeofencingRequest[REMOVE_ALL packageName=it.unina.android.ripper]
D/Documents( 3248): Used cached roots for com.android.providers.downloads.documents
D/Documents( 3248): Used cached roots for com.android.externalstorage.documents
D/Documents( 3248): Used cached roots for com.android.providers.media.documents
D/Documents( 3248): Update found 6 roots in 1ms
D/keystore( 1150): calling clear_uid in state: 3
I/ActivityManager( 1570): Force stopping it.unina.android.ripper appid=10062 user=0: clear data
I/Icing   ( 2174): doRemovePackageData it.unina.android.ripper
D/AndroidRuntime( 3697): Shutting down VM
D/dalvikvm( 3697): GC_CONCURRENT freed 92K, 15% free 549K/644K, paused 0ms+0ms, total 0ms
I/Fitness ( 1779): FitCleanupIntentOperation received Intent android.intent.action.PACKAGE_DATA_CLEARED [CONTEXT service_id=17 ]
D/dalvikvm( 2174): GC_FOR_ALLOC freed 2092K, 13% free 21414K/24404K, paused 19ms, total 19ms
D/AndroidRuntime( 3720): 
D/AndroidRuntime( 3720): >>>>>> AndroidRuntime START com.android.internal.os.RuntimeInit <<<<<<
W/linker  ( 3720): libdvm.so has text relocations. This is wasting memory and is a security risk. Please fix.
D/AndroidRuntime( 3720): CheckJNI is ON
D/dalvikvm( 3720): Trying to load lib libjavacore.so 0x0
D/dalvikvm( 3720): Added shared lib libjavacore.so 0x0
D/dalvikvm( 3720): Trying to load lib libnativehelper.so 0x0
D/dalvikvm( 3720): Added shared lib libnativehelper.so 0x0
D/dalvikvm( 3720): No JNI_OnLoad found in libnativehelper.so 0x0, skipping init
D/dalvikvm( 3720): Note: class Landroid/app/ActivityManagerNative; has 179 unimplemented (abstract) methods
E/memtrack( 3720): Couldn't load memtrack module (No such file or directory)
E/android.os.Debug( 3720): failed to load memtrack module: -2
D/AndroidRuntime( 3720): Calling main entry com.android.commands.pm.Pm
I/ActivityManager( 1570): Force stopping it.unina.android.ripper appid=10062 user=-1: uninstall pkg
W/PackageManager( 1570): Couldn't delete native library directory /data/app-lib/it.unina.android.ripper
D/keystore( 1150): calling clear_uid in state: 3
I/GeofencerStateMachine( 1779): removeGeofences: removeRequest=RemoveGeofencingRequest[REMOVE_ALL packageName=it.unina.android.ripper]
W/Launcher.Model( 2379): Nobody to tell about the new app.  Launcher is probably loading.
I/ActivityManager( 1570): Force stopping it.unina.android.ripper appid=10062 user=0: pkg removed
I/InputReader( 1570): Reconfiguring input devices.  changes=0x00000010
D/Documents( 3248): Used cached roots for com.android.providers.downloads.documents
D/Documents( 3248): Used cached roots for com.android.externalstorage.documents
D/Documents( 3248): Used cached roots for com.android.providers.media.documents
D/Documents( 3248): Update found 6 roots in 3ms
I/PackageManager( 1570):   Action: "android.intent.action.SENDTO"
I/PackageManager( 1570):   Category: "android.intent.category.DEFAULT"
I/PackageManager( 1570):   Scheme: "sms"
D/VoicemailCleanupService( 1869): Cleaning up data for package: it.unina.android.ripper
I/PackageManager( 1570): Adding preferred activity ComponentInfo{com.android.mms/com.android.mms.ui.ComposeMessageActivity} for user 0 :
D/dalvikvm( 1570): GC_FOR_ALLOC freed 1180K, 47% free 7927K/14816K, paused 8ms, total 8ms
I/PackageManager( 1570):   Action: "android.intent.action.SENDTO"
I/PackageManager( 1570):   Category: "android.intent.category.DEFAULT"
I/PackageManager( 1570):   Scheme: "smsto"
I/PackageManager( 1570): Adding preferred activity ComponentInfo{com.android.mms/com.android.mms.ui.ComposeMessageActivity} for user 0 :
D/dalvikvm( 1799): GC_FOR_ALLOC freed 472K, 18% free 3633K/4384K, paused 2ms, total 2ms
I/PackageManager( 1570):   Action: "android.intent.action.SENDTO"
I/PackageManager( 1570):   Category: "android.intent.category.DEFAULT"
I/PackageManager( 1570):   Scheme: "mms"
D/dalvikvm( 1942): GC_FOR_ALLOC freed 2051K, 11% free 25122K/27976K, paused 2ms, total 2ms
I/PackageManager( 1570): Adding preferred activity ComponentInfo{com.android.mms/com.android.mms.ui.ComposeMessageActivity} for user 0 :
I/PackageManager( 1570):   Action: "android.intent.action.SENDTO"
I/PackageManager( 1570):   Category: "android.intent.category.DEFAULT"
I/PackageManager( 1570):   Scheme: "mmsto"
I/PackageManager( 1570): Adding preferred activity ComponentInfo{com.android.mms/com.android.mms.ui.ComposeMessageActivity} for user 0 :
D/BackupManagerService( 1570): Received broadcast Intent { act=android.intent.action.PACKAGE_REMOVED dat=package:it.unina.android.ripper flg=0x4000010 (has extras) }
V/BackupManagerService( 1570): removePackageParticipantsLocked: uid=10062 #1
I/PackageManager( 1570):   Action: "android.intent.action.SENDTO"
I/PackageManager( 1570):   Category: "android.intent.category.DEFAULT"
I/PackageManager( 1570):   Scheme: "sms"
I/PackageManager( 1570):   Action: "android.intent.action.SENDTO"
I/PackageManager( 1570):   Category: "android.intent.category.DEFAULT"
I/PackageManager( 1570):   Scheme: "smsto"
I/PackageManager( 1570): Adding preferred activity ComponentInfo{com.android.mms/com.android.mms.ui.ComposeMessageActivity} for user 0 :
I/PackageManager( 1570): Adding preferred activity ComponentInfo{com.android.mms/com.android.mms.ui.ComposeMessageActivity} for user 0 :
D/dalvikvm( 1799): GC_FOR_ALLOC freed 413K, 17% free 3667K/4384K, paused 2ms, total 2ms
I/PackageManager( 1570):   Action: "android.intent.action.SENDTO"
I/PackageManager( 1570):   Category: "android.intent.category.DEFAULT"
I/PackageManager( 1570):   Scheme: "mms"
I/PackageManager( 1570): Adding preferred activity ComponentInfo{com.android.mms/com.android.mms.ui.ComposeMessageActivity} for user 0 :
W/Launcher( 2379): setApplicationContext called twice! old=com.google.android.velvet.VelvetApplication@9d0326d8 new=com.google.android.velvet.VelvetApplication@9d0326d8
I/Fitness ( 1779): FitCleanupIntentOperation received Intent android.intent.action.PACKAGE_REMOVED [CONTEXT service_id=17 ]
I/PackageManager( 1570):   Action: "android.intent.action.SENDTO"
I/PackageManager( 1570):   Category: "android.intent.category.DEFAULT"
I/PackageManager( 1570):   Scheme: "mmsto"
I/Icing.InternalIcingCorporaProvider( 2344): Updating corpora: A: it.unina.android.ripper, C: MAYBE
W/ContextImpl( 3303): Calling a method in the system process without a qualified user: android.app.ContextImpl.startService:1479 android.content.ContextWrapper.startService:494 android.content.ContextWrapper.startService:494 com.android.keychain.KeyChainBroadcastReceiver.onReceive:12 android.app.ActivityThread.handleReceiver:2419 
I/PackageManager( 1570): Adding preferred activity ComponentInfo{com.android.mms/com.android.mms.ui.ComposeMessageActivity} for user 0 :
D/dalvikvm( 1570): GC_EXPLICIT freed 1255K, 47% free 7911K/14816K, paused 8ms+2ms, total 76ms
D/dalvikvm( 1570): WAIT_FOR_CONCURRENT_GC blocked 8ms
D/dalvikvm( 1570): WAIT_FOR_CONCURRENT_GC blocked 6ms
D/dalvikvm( 1570): WAIT_FOR_CONCURRENT_GC blocked 6ms
