D/dalvikvm( 1570): GC_FOR_ALLOC freed 1080K, 50% free 7481K/14820K, paused 15ms, total 15ms
I/PackageManager( 1570):   Action: "android.intent.action.SENDTO"
I/PackageManager( 1570):   Category: "android.intent.category.DEFAULT"
I/PackageManager( 1570):   Scheme: "mms"
I/PackageManager( 1570):   Action: "android.intent.action.SENDTO"
I/PackageManager( 1570):   Category: "android.intent.category.DEFAULT"
I/PackageManager( 1570):   Scheme: "mmsto"
I/PackageManager( 1570): Adding preferred activity ComponentInfo{com.android.mms/com.android.mms.ui.ComposeMessageActivity} for user 0 :
I/PackageManager( 1570): Adding preferred activity ComponentInfo{com.android.mms/com.android.mms.ui.ComposeMessageActivity} for user 0 :
I/PackageManager( 1570):   Action: "android.intent.action.SENDTO"
I/PackageManager( 1570):   Category: "android.intent.category.DEFAULT"
I/PackageManager( 1570):   Scheme: "sms"
I/PackageManager( 1570): Adding preferred activity ComponentInfo{com.android.mms/com.android.mms.ui.ComposeMessageActivity} for user 0 :
I/PackageManager( 1570):   Action: "android.intent.action.SENDTO"
I/PackageManager( 1570):   Category: "android.intent.category.DEFAULT"
I/PackageManager( 1570):   Scheme: "smsto"
I/NativeLibraryUtils( 2092): Extraction to /data/data/com.google.android.gms/app_extracted_libs/x86/libjingle_peerconnection_so.so true
I/PackageManager( 1570): Adding preferred activity ComponentInfo{com.android.mms/com.android.mms.ui.ComposeMessageActivity} for user 0 :
D/dalvikvm( 2167): DexOpt: load 14ms, verify+opt 27ms, 753588 bytes
I/PackageManager( 1570):   Action: "android.intent.action.SENDTO"
I/PackageManager( 1570):   Category: "android.intent.category.DEFAULT"
I/PackageManager( 1570):   Scheme: "mms"
I/PackageManager( 1570): Adding preferred activity ComponentInfo{com.android.mms/com.android.mms.ui.ComposeMessageActivity} for user 0 :
I/PackageManager( 1570):   Action: "android.intent.action.SENDTO"
I/PackageManager( 1570):   Category: "android.intent.category.DEFAULT"
I/PackageManager( 1570):   Scheme: "mmsto"
I/PackageManager( 1570): Adding preferred activity ComponentInfo{com.android.mms/com.android.mms.ui.ComposeMessageActivity} for user 0 :
D/dalvikvm( 1814): GC_FOR_ALLOC freed 431K, 17% free 3643K/4340K, paused 4ms, total 5ms
I/MediaFocusControl( 1570):   Remote Control   registerMediaButtonIntent() for PendingIntent{9d8a7980: PendingIntentRecord{9daf3130 com.android.music broadcastIntent}}
I/dalvikvm( 2092): Could not find method android.app.Activity.getMediaController, referenced from method com.google.android.chimera.ActivityBase.getMediaController
W/dalvikvm( 2092): VFY: unable to resolve virtual method 2155: Landroid/app/Activity;.getMediaController ()Landroid/media/session/MediaController;
D/dalvikvm( 2092): VFY: replacing opcode 0x6e at 0x0002
I/dalvikvm( 2092): Could not find method android.app.Activity.getSearchEvent, referenced from method com.google.android.chimera.ActivityBase.getSearchEvent
W/dalvikvm( 2092): VFY: unable to resolve virtual method 2160: Landroid/app/Activity;.getSearchEvent ()Landroid/view/SearchEvent;
D/dalvikvm( 2092): VFY: replacing opcode 0x6e at 0x0002
W/dalvikvm( 2092): VFY: unable to find class referenced in signature (Landroid/app/VoiceInteractor;)
W/dalvikvm( 2092): VFY: unable to find class referenced in signature (Landroid/app/VoiceInteractor;)
W/dalvikvm( 2092): VFY: unable to find class referenced in signature (Landroid/os/PersistableBundle;)
W/dalvikvm( 2092): VFY: unable to find class referenced in signature (Landroid/os/PersistableBundle;)
W/dalvikvm( 2092): VFY: unable to find class referenced in signature (Landroid/os/PersistableBundle;)
W/dalvikvm( 2092): VFY: unable to find class referenced in signature (Landroid/os/PersistableBundle;)
W/dalvikvm( 2092): VFY: unable to find class referenced in signature (Landroid/app/assist/AssistContent;)
W/dalvikvm( 2092): VFY: unable to find class referenced in signature (Landroid/app/assist/AssistContent;)
W/dalvikvm( 2092): VFY: unable to find class referenced in signature (Landroid/os/PersistableBundle;)
W/dalvikvm( 2092): VFY: unable to find class referenced in signature (Landroid/os/PersistableBundle;)
W/dalvikvm( 2092): VFY: unable to find class referenced in signature (Landroid/os/PersistableBundle;)
I/dalvikvm( 1776): Could not find method android.app.NotificationManager.getCurrentInterruptionFilter, referenced from method nea.b
W/dalvikvm( 1776): VFY: unable to resolve virtual method 2504: Landroid/app/NotificationManager;.getCurrentInterruptionFilter ()I
D/dalvikvm( 1776): VFY: replacing opcode 0x6e at 0x0002
I/dalvikvm( 1776): Could not find method android.os.PowerManager.isInteractive, referenced from method acej.a
W/dalvikvm( 1776): VFY: unable to resolve virtual method 29693: Landroid/os/PowerManager;.isInteractive ()Z
D/dalvikvm( 1776): VFY: replacing opcode 0x6e at 0x0103
D/dalvikvm( 2092): GC_FOR_ALLOC freed 1230K, 18% free 7145K/8620K, paused 8ms, total 8ms
I/NativeLibraryUtils( 2092): Extraction to /data/data/com.google.android.gms/app_extracted_libs/x86/libleveldbjni.so true
I/NativeLibraryUtils( 2092): Extraction to /data/data/com.google.android.gms/app_extracted_libs/x86/libmatching.so true
W/dalvikvm( 2092): VFY: unable to find class referenced in signature (Landroid/os/PersistableBundle;)
W/dalvikvm( 2092): VFY: unable to find class referenced in signature (Landroid/view/SearchEvent;)
D/Tethering( 1570): MasterInitialState.processMessage what=3
D/Tethering( 1570): MasterInitialState.processMessage what=3
D/CaptivePortalTracker( 1570): NoActiveNetworkState{ when=0 what=1 obj=NetworkInfo: type: mobile_hipri[LTE], state: DISCONNECTED/DISCONNECTED, reason: dataDisabled, extra: epc.tmobile.com, roaming: false, failover: false, isAvailable: true, isConnectedToProvisioningNetwork: false target=com.android.internal.util.StateMachine$SmHandler }
D/CaptivePortalTracker( 1570): NoActiveNetworkState not a wifi connectivity change, ignore
D/CaptivePortalTracker( 1570): NoActiveNetworkState{ when=0 what=1 obj=NetworkInfo: type: mobile[LTE], state: CONNECTED/CONNECTED, reason: connected, extra: epc.tmobile.com, roaming: false, failover: false, isAvailable: true, isConnectedToProvisioningNetwork: false target=com.android.internal.util.StateMachine$SmHandler }
D/CaptivePortalTracker( 1570): NoActiveNetworkState not a wifi connectivity change, ignore
I/NativeLibraryUtils( 2092): Extraction to /data/data/com.google.android.gms/app_extracted_libs/x86/libvcdiffjni.so true
W/dalvikvm( 2092): VFY: unable to find class referenced in signature (Landroid/view/SearchEvent;)
I/dalvikvm( 2092): Could not find method android.app.Activity.requestPermissions, referenced from method com.google.android.chimera.ActivityBase.requestPermissions
W/dalvikvm( 2092): VFY: unable to resolve virtual method 2194: Landroid/app/Activity;.requestPermissions ([Ljava/lang/String;I)V
D/dalvikvm( 2092): VFY: replacing opcode 0x6e at 0x0002
W/dalvikvm( 2092): VFY: unable to find class referenced in signature (Landroid/media/session/MediaController;)
I/dalvikvm( 2092): Could not find method android.app.Activity.setMediaController, referenced from method com.google.android.chimera.ActivityBase.setMediaController
W/dalvikvm( 2092): VFY: unable to resolve virtual method 2205: Landroid/app/Activity;.setMediaController (Landroid/media/session/MediaController;)V
D/dalvikvm( 2092): VFY: replacing opcode 0x6e at 0x0002
E/dalvikvm( 2092): Could not find class 'android.app.ActivityManager$TaskDescription', referenced from method com.google.android.gms.growth.ui.webview.GrowthWebViewChimeraActivity.onCreate
W/dalvikvm( 2092): VFY: unable to resolve new-instance 1205 (Landroid/app/ActivityManager$TaskDescription;) in Lcom/google/android/gms/growth/ui/webview/GrowthWebViewChimeraActivity;
D/dalvikvm( 2092): VFY: replacing opcode 0x22 at 0x00d9
D/dalvikvm( 2092): DexOpt: unable to opt direct call 0x1060 at 0xe6 in Lcom/google/android/gms/growth/ui/webview/GrowthWebViewChimeraActivity;.onCreate
I/NativeLibraryUtils( 2092): Extraction to /data/data/com.google.android.gms/app_extracted_libs/x86/libwearable-selector.so true
D/dalvikvm( 1570): GC_FOR_ALLOC freed 1198K, 51% free 7409K/14820K, paused 8ms, total 9ms
E/dalvikvm( 1776): Could not find class 'android.app.NotificationChannel', referenced from method aciq.a
W/dalvikvm( 1776): VFY: unable to resolve new-instance 7732 (Landroid/app/NotificationChannel;) in Laciq;
D/dalvikvm( 1776): VFY: replacing opcode 0x22 at 0x00a8
D/dalvikvm( 1776): DexOpt: unable to opt direct call 0x6f0e at 0xad in Laciq;.a
D/dalvikvm( 1935): GC_FOR_ALLOC freed 1807K, 11% free 23377K/26156K, paused 3ms, total 3ms
E/BluetoothAdapter( 1776): Bluetooth binder is null
W/NearbyShared( 1776): BTConnStateMgr:BluetoothAdapter.getDefaultAdapter() return null!
D/dalvikvm( 1776): GC_FOR_ALLOC freed 562K, 13% free 5889K/6708K, paused 24ms, total 24ms
W/dalvikvm( 1776): VFY: unable to find class referenced in signature (Landroid/bluetooth/le/ScanCallback;)
I/dalvikvm( 1776): Could not find method android.content.Context.getSystemService, referenced from method aclw.a
W/dalvikvm( 1776): VFY: unable to resolve virtual method 28695: Landroid/content/Context;.getSystemService (Ljava/lang/Class;)Ljava/lang/Object;
D/dalvikvm( 1776): VFY: replacing opcode 0x6e at 0x0006
D/dalvikvm( 1570): GC_FOR_ALLOC freed 1084K, 50% free 7422K/14820K, paused 12ms, total 13ms
I/dalvikvm( 1776): Could not find method android.content.Context.getDrawable, referenced from method jk.a
W/dalvikvm( 1776): VFY: unable to resolve virtual method 2472: Landroid/content/Context;.getDrawable (I)Landroid/graphics/drawable/Drawable;
D/dalvikvm( 1776): VFY: replacing opcode 0x6e at 0x0006
I/dalvikvm( 1776): Could not find method android.content.Context.getNoBackupFilesDir, referenced from method jk.b
W/dalvikvm( 1776): VFY: unable to resolve virtual method 2480: Landroid/content/Context;.getNoBackupFilesDir ()Ljava/io/File;
D/dalvikvm( 1776): VFY: replacing opcode 0x6e at 0x0006
I/dalvikvm( 1776): Could not find method android.os.UserHandle.isOwner, referenced from method ahls.a
W/dalvikvm( 1776): VFY: unable to resolve virtual method 29745: Landroid/os/UserHandle;.isOwner ()Z
D/dalvikvm( 1776): VFY: replacing opcode 0x6e at 0x000a
D/dalvikvm( 1793): GC_EXPLICIT freed 483K, 19% free 3212K/3956K, paused 0ms+0ms, total 3ms
I/dalvikvm( 1776): Could not find method android.os.PowerManager.isPowerSaveMode, referenced from method ayei.a
W/dalvikvm( 1776): VFY: unable to resolve virtual method 1679: Landroid/os/PowerManager;.isPowerSaveMode ()Z
D/dalvikvm( 1776): VFY: replacing opcode 0x6e at 0x0154
I/PackageManager( 1570): Running dexopt on: com.google.android.googlequicksearchbox
I/ActivityManager( 1570): Start proc com.google.android.googlequicksearchbox for broadcast com.google.android.googlequicksearchbox/com.google.android.searchcommon.summons.icing.InternalIcingCorporaProvider$CorporaChangedReceiver: pid=2177 uid=10013 gids={50013, 3003, 1028, 3002, 1015}
W/linker  ( 2192): libdvm.so has text relocations. This is wasting memory and is a security risk. Please fix.
D/dalvikvm( 1570): GC_FOR_ALLOC freed 1107K, 50% free 7427K/14820K, paused 9ms, total 9ms
D/dalvikvm( 1570): GC_FOR_ALLOC freed 1116K, 50% free 7425K/14820K, paused 7ms, total 7ms
D/dalvikvm( 1570): GC_FOR_ALLOC freed 1113K, 50% free 7425K/14820K, paused 7ms, total 7ms
D/dalvikvm( 1570): GC_FOR_ALLOC freed 1112K, 50% free 7425K/14820K, paused 7ms, total 7ms
D/dalvikvm( 1570): GC_FOR_ALLOC freed 1113K, 50% free 7425K/14820K, paused 6ms, total 6ms
D/dalvikvm( 2192): DexOpt: 'Landroid/util/Pools$Pool;' has an earlier definition; blocking out
D/dalvikvm( 2192): DexOpt: 'Landroid/util/Pools$SimplePool;' has an earlier definition; blocking out
D/dalvikvm( 2192): DexOpt: 'Landroid/util/Pools$SynchronizedPool;' has an earlier definition; blocking out
D/dalvikvm( 2192): DexOpt: 'Landroid/util/Pools;' has an earlier definition; blocking out
D/dalvikvm( 1570): GC_FOR_ALLOC freed 1113K, 50% free 7424K/14820K, paused 7ms, total 7ms
D/dalvikvm( 1570): GC_FOR_ALLOC freed 1112K, 50% free 7425K/14820K, paused 7ms, total 7ms
D/dalvikvm( 2192): DexOpt: not verifying/optimizing 'Landroid/util/Pools$Pool;': multiple definitions
D/dalvikvm( 2192): DexOpt: not verifying/optimizing 'Landroid/util/Pools$SimplePool;': multiple definitions
D/dalvikvm( 2192): DexOpt: not verifying/optimizing 'Landroid/util/Pools$SynchronizedPool;': multiple definitions
D/dalvikvm( 2192): DexOpt: not verifying/optimizing 'Landroid/util/Pools;': multiple definitions
D/dalvikvm( 1570): GC_FOR_ALLOC freed 1112K, 50% free 7425K/14820K, paused 8ms, total 8ms
I/dalvikvm( 2192): DexOpt: not resolving ambiguous class 'Landroid/util/Pools$Pool;'
I/dalvikvm( 2192): DexOpt: not resolving ambiguous class 'Landroid/util/Pools$SynchronizedPool;'
D/dalvikvm( 1570): GC_FOR_ALLOC freed 1113K, 50% free 7424K/14820K, paused 7ms, total 7ms
D/dalvikvm( 1570): GC_FOR_ALLOC freed 1112K, 50% free 7425K/14820K, paused 7ms, total 7ms
D/dalvikvm( 1570): GC_FOR_ALLOC freed 1113K, 50% free 7425K/14820K, paused 8ms, total 8ms
D/dalvikvm( 1570): GC_FOR_ALLOC freed 1113K, 50% free 7424K/14820K, paused 8ms, total 8ms
D/dalvikvm( 1570): GC_FOR_ALLOC freed 1112K, 50% free 7425K/14820K, paused 7ms, total 7ms
D/dalvikvm( 1570): GC_FOR_ALLOC freed 1112K, 50% free 7425K/14820K, paused 7ms, total 7ms
D/dalvikvm( 2192): DexOpt: load 53ms, verify+opt 264ms, 5311084 bytes
D/dalvikvm( 1570): GC_FOR_ALLOC freed 1113K, 50% free 7424K/14820K, paused 7ms, total 7ms
E/BluetoothAdapter( 1776): Bluetooth binder is null
I/NearbyDiscovery( 1776): FastPair: Skip backfill FastPairItem, adapter is null [CONTEXT service_id=49 ]
D/dalvikvm( 2092): GC_FOR_ALLOC freed 1241K, 18% free 7237K/8720K, paused 6ms, total 6ms
I/NearbyDiscovery( 1776): FastPair: HeadsetPieceImage, grant permission files:0 [CONTEXT service_id=49 ]
I/ActivityManager( 1570): Delay finish: com.google.android.googlequicksearchbox/com.google.android.searchcommon.summons.icing.InternalIcingCorporaProvider$CorporaChangedReceiver
E/StrictMode( 2092): A resource was acquired at attached stack trace but never released. See java.io.Closeable for information on avoiding resource leaks.
E/StrictMode( 2092): java.lang.Throwable: Explicit termination method 'end' not called
E/StrictMode( 2092): 	at dalvik.system.CloseGuard.open(CloseGuard.java:184)
E/StrictMode( 2092): 	at java.util.zip.Inflater.<init>(Inflater.java:82)
E/StrictMode( 2092): 	at java.util.zip.ZipFile.getInputStream(ZipFile.java:310)
E/StrictMode( 2092): 	at npp.d(:com.google.android.gms@202414005@20.24.14 (000700-319035315):36)
E/StrictMode( 2092): 	at mob.run(:com.google.android.gms@202414005@20.24.14 (000700-319035315):0)
I/Icing.InternalIcingCorporaProvider( 2177): Updating corpora: A: com.android.sdksetup, C: MAYBE
I/Search.SharedPreferencesProto( 2177): load shared preferences: file not found
I/Search.SharedPreferencesProto( 2177): load shared preferences: file not found
D/dalvikvm( 1570): GC_FOR_ALLOC freed 1131K, 51% free 7403K/14820K, paused 12ms, total 12ms
E/ActivityThread( 2177): Failed to find provider info for com.google.android.voicesearch
I/NearbyDiscovery( 1776): FastPairEventStream: Skip initialize event stream, adapter is null [CONTEXT service_id=49 ]
W/ModuleManager( 2092): Unable to get current module's fulfilled APIs in ModuleManager created with non-module Context
E/ActivityThread( 2177): Failed to find provider info for com.google.android.partnersetup.rlzappprovider
D/dalvikvm( 1570): GC_FOR_ALLOC freed 1113K, 51% free 7394K/14820K, paused 9ms, total 9ms
D/dalvikvm( 2177): GC_FOR_ALLOC freed 280K, 13% free 3225K/3692K, paused 4ms, total 4ms
D/dalvikvm( 1776): Trying to load lib /data/data/com.google.android.gms/app_extracted_libs/x86/libleveldbjni.so 0x9d0262f0
D/dalvikvm( 1776): Added shared lib /data/data/com.google.android.gms/app_extracted_libs/x86/libleveldbjni.so 0x9d0262f0
W/dalvikvm( 1793): VFY: unable to resolve static field 1608 (PR_SET_DUMPABLE) in Landroid/system/OsConstants;
D/dalvikvm( 1793): VFY: replacing opcode 0x60 at 0x0017
W/dalvikvm( 1793): VFY: unable to find class referenced in signature (Lyqx;)
W/dalvikvm( 1793): VFY: unable to find class referenced in signature (Lyro;)
I/Auth    ( 2092): [WorkAccount] update authenticator enabled for boot or update
I/dalvikvm( 1776): Could not find method android.app.AlarmManager.setExactAndAllowWhileIdle, referenced from method nio.a
W/dalvikvm( 1776): VFY: unable to resolve virtual method 2384: Landroid/app/AlarmManager;.setExactAndAllowWhileIdle (IJLandroid/app/PendingIntent;)V
D/dalvikvm( 1776): VFY: replacing opcode 0x6e at 0x000b
I/dalvikvm( 1776): Failed resolving Lnin; interface 549 'Landroid/app/AlarmManager$OnAlarmListener;'
W/dalvikvm( 1776): Link of class 'Lnin;' failed
I/dalvikvm( 1793): Could not find method android.system.Os.readlink, referenced from method msk.a
W/dalvikvm( 1793): VFY: unable to resolve static method 3145: Landroid/system/Os;.readlink (Ljava/lang/String;)Ljava/lang/String;
D/dalvikvm( 1793): VFY: replacing opcode 0x71 at 0x00b0
I/dalvikvm( 1793): Could not find method android.os.PowerManager.isInteractive, referenced from method ndc.a
W/dalvikvm( 1793): VFY: unable to resolve virtual method 3046: Landroid/os/PowerManager;.isInteractive ()Z
D/dalvikvm( 1793): VFY: replacing opcode 0x6e at 0x0013
D/dalvikvm( 1776): GC_FOR_ALLOC freed 667K, 13% free 6210K/7128K, paused 4ms, total 4ms
W/dalvikvm( 1776): VFY: unable to find class referenced in signature (Lnin;)
I/dalvikvm( 1776): Could not find method android.app.AlarmManager.set, referenced from method nio.a
W/dalvikvm( 1776): VFY: unable to resolve virtual method 2381: Landroid/app/AlarmManager;.set (IJJJLandroid/app/AlarmManager$OnAlarmListener;Landroid/os/Handler;Landroid/os/WorkSource;)V
D/dalvikvm( 1776): VFY: replacing opcode 0x74 at 0x0024
I/dalvikvm( 1776): Failed resolving Lnin; interface 549 'Landroid/app/AlarmManager$OnAlarmListener;'
W/dalvikvm( 1776): Link of class 'Lnin;' failed
W/dalvikvm( 1776): VFY: unable to find class referenced in signature (Lnin;)
I/dalvikvm( 1776): Could not find method android.app.AlarmManager.cancel, referenced from method nio.a
W/dalvikvm( 1776): VFY: unable to resolve virtual method 2378: Landroid/app/AlarmManager;.cancel (Landroid/app/AlarmManager$OnAlarmListener;)V
D/dalvikvm( 1776): VFY: replacing opcode 0x6e at 0x0002
I/dalvikvm( 1793): Could not find method com.google.android.chimera.ModuleContext.getAttributionTag, referenced from method com.google.android.chimera.ModuleContext.createAttributionContext
W/dalvikvm( 1793): VFY: unable to resolve virtual method 14170: Lcom/google/android/chimera/ModuleContext;.getAttributionTag ()Ljava/lang/String;
D/dalvikvm( 1793): VFY: replacing opcode 0x6e at 0x0004
I/dalvikvm( 1793): Could not find method com.google.android.chimera.ContextThemeWrapper.createAttributionContext, referenced from method com.google.android.chimera.ModuleContext.createAttributionContext
W/dalvikvm( 1793): VFY: unable to resolve virtual method 13785: Lcom/google/android/chimera/ContextThemeWrapper;.createAttributionContext (Ljava/lang/String;)Landroid/content/Context;
D/dalvikvm( 1793): VFY: replacing opcode 0x6f at 0x0035
I/dalvikvm( 1793): Could not find method android.content.ContextWrapper.createCredentialProtectedStorageContext, referenced from method com.google.android.chimera.ModuleContext.createCredentialProtectedStorageContext
W/dalvikvm( 1793): VFY: unable to resolve virtual method 2508: Landroid/content/ContextWrapper;.createCredentialProtectedStorageContext ()Landroid/content/Context;
D/dalvikvm( 1793): VFY: replacing opcode 0x6f at 0x0002
I/dalvikvm( 1793): Could not find method android.content.ContextWrapper.createDeviceProtectedStorageContext, referenced from method com.google.android.chimera.ModuleContext.createDeviceProtectedStorageContext
W/dalvikvm( 1793): VFY: unable to resolve virtual method 2509: Landroid/content/ContextWrapper;.createDeviceProtectedStorageContext ()Landroid/content/Context;
D/dalvikvm( 1793): VFY: replacing opcode 0x6f at 0x0002
I/dalvikvm( 1793): Could not find method com.google.android.chimera.ContextThemeWrapper.sendBroadcastWithMultiplePermissions, referenced from method com.google.android.chimera.ModuleContext.sendBroadcastWithMultiplePermissions
W/dalvikvm( 1793): VFY: unable to resolve virtual method 13795: Lcom/google/android/chimera/ContextThemeWrapper;.sendBroadcastWithMultiplePermissions (Landroid/content/Intent;[Ljava/lang/String;)V
D/dalvikvm( 1793): VFY: replacing opcode 0x6f at 0x0009
I/MultiDex( 1793): VM with version 1.6.0 does not have multidex support
I/MultiDex( 1793): Installing application
I/MultiDex( 1793): MultiDexExtractor(/system/priv-app/PrebuiltGmsCore.apk, /data/data/com.google.android.gms/code_cache/secondary-dexes)
I/dalvikvm( 2092): Could not find method android.content.ServiceConnection.onNullBinding, referenced from method uxb.onNullBinding
W/dalvikvm( 2092): VFY: unable to resolve interface method 2566: Landroid/content/ServiceConnection;.onNullBinding (Landroid/content/ComponentName;)V
D/dalvikvm( 2092): VFY: replacing opcode 0x72 at 0x000f
I/ActivityManager( 1570): Resuming delayed broadcast
D/dalvikvm( 1793): GC_FOR_ALLOC freed 422K, 17% free 3304K/3976K, paused 3ms, total 3ms
I/MultiDex( 1793): Blocking on lock /data/data/com.google.android.gms/code_cache/secondary-dexes/MultiDex.lock
I/MultiDex( 1793): /data/data/com.google.android.gms/code_cache/secondary-dexes/MultiDex.lock locked
I/MultiDex( 1793): MultiDexExtractor.load(/system/priv-app/PrebuiltGmsCore.apk, false, )
I/MultiDex( 1793): loading existing secondary dex files
D/dalvikvm( 1793): GC_FOR_ALLOC freed 226K, 20% free 3268K/4056K, paused 6ms, total 6ms
I/MultiDex( 1793): load found 5 secondary dex files
I/MultiDex( 1793): install done
I/ActivityManager( 1570): Start proc com.google.android.googlequicksearchbox:launcher for broadcast com.google.android.googlequicksearchbox/com.google.android.gel.GelStubAppWatcher: pid=2216 uid=10013 gids={50013, 3003, 1028, 3002, 1015}
W/ContextImpl( 2177): Implicit intents with startService are not safe: Intent { act=com.google.android.gms.icing.INDEX_SERVICE } android.content.ContextWrapper.bindService:517 com.google.android.gms.internal.av.a:-1 com.google.android.gms.internal.au.connect:-1 
E/BluetoothAdapter( 1776): Bluetooth binder is null
E/BluetoothAdapter( 1776): Bluetooth binder is null
I/dalvikvm( 1776): Could not find method android.accounts.AccountManager.getPreviousName, referenced from method ayhp.d
W/dalvikvm( 1776): VFY: unable to resolve virtual method 271: Landroid/accounts/AccountManager;.getPreviousName (Landroid/accounts/Account;)Ljava/lang/String;
D/dalvikvm( 1776): VFY: replacing opcode 0x6e at 0x0024
I/Fitness ( 1776): OnPackageChangedOperation got intent: Intent { act=android.intent.action.PACKAGE_CHANGED dat=package:com.android.sdksetup flg=0x4000010 cmp=com.google.android.gms/.chimera.PersistentIntentOperationService (has extras) } [CONTEXT service_id=17 ]
D/dalvikvm( 2092): GC_FOR_ALLOC freed 2746K, 34% free 5868K/8840K, paused 10ms, total 12ms
I/dalvikvm( 1776): Could not find method android.os.UserManager.isManagedProfile, referenced from method ffl.a
W/dalvikvm( 1776): VFY: unable to resolve virtual method 4277: Landroid/os/UserManager;.isManagedProfile ()Z
D/dalvikvm( 1776): VFY: replacing opcode 0x6e at 0x0024
I/dalvikvm( 1776): Could not find method android.accounts.AccountManager.removeAccount, referenced from method ymq.c
I/dalvikvm( 1793): Could not find method android.os.UserHandle.isOwner, referenced from method nmy.f
W/dalvikvm( 1793): VFY: unable to resolve virtual method 3081: Landroid/os/UserHandle;.isOwner ()Z
D/dalvikvm( 1793): VFY: replacing opcode 0x6e at 0x000a
E/BluetoothAdapter( 1776): Bluetooth binder is null
W/dalvikvm( 1776): VFY: unable to resolve virtual method 4165: Landroid/accounts/AccountManager;.removeAccount (Landroid/accounts/Account;Landroid/app/Activity;Landroid/accounts/AccountManagerCallback;Landroid/os/Handler;)Landroid/accounts/AccountManagerFuture;
D/dalvikvm( 1776): VFY: replacing opcode 0x6e at 0x0009
I/NearbyDiscovery( 1776): Show notifications: 0 total, no changes since last shown, no-op. [CONTEXT service_id=49 ]
I/dalvikvm( 1776): Could not find method android.accounts.AccountManager.removeAccountExplicitly, referenced from method ymq.d
W/dalvikvm( 1776): VFY: unable to resolve virtual method 4166: Landroid/accounts/AccountManager;.removeAccountExplicitly (Landroid/accounts/Account;)Z
D/dalvikvm( 1776): VFY: replacing opcode 0x6e at 0x0008
D/dalvikvm( 1793): DexOpt: couldn't find field Landroid/content/pm/ApplicationInfo;.splitSourceDirs
W/dalvikvm( 1793): VFY: unable to resolve instance field 1475
D/dalvikvm( 1793): VFY: replacing opcode 0x54 at 0x0055
D/dalvikvm( 1793): DexOpt: couldn't find static field Landroid/os/Build;.SUPPORTED_ABIS
W/dalvikvm( 1793): VFY: unable to resolve static field 1540 (SUPPORTED_ABIS) in Landroid/os/Build;
D/dalvikvm( 1793): VFY: replacing opcode 0x62 at 0x00d1
I/dalvikvm( 1793): Could not find method android.system.Os.stat, referenced from method nop.a
W/dalvikvm( 1793): VFY: unable to resolve static method 3146: Landroid/system/Os;.stat (Ljava/lang/String;)Landroid/system/StructStat;
D/dalvikvm( 1793): VFY: replacing opcode 0x71 at 0x0182
I/dalvikvm( 1776): Could not find method android.app.admin.DevicePolicyManager.isProfileOwnerApp, referenced from method hbs.c
W/dalvikvm( 1776): VFY: unable to resolve virtual method 2595: Landroid/app/admin/DevicePolicyManager;.isProfileOwnerApp (Ljava/lang/String;)Z
D/dalvikvm( 1776): VFY: replacing opcode 0x6e at 0x0011
I/dalvikvm( 1776): Could not find method android.app.admin.DevicePolicyManager.getProfileOwner, referenced from method hbs.a
W/dalvikvm( 1776): VFY: unable to resolve virtual method 2591: Landroid/app/admin/DevicePolicyManager;.getProfileOwner ()Landroid/content/ComponentName;
D/dalvikvm( 1776): VFY: replacing opcode 0x6e at 0x0012
I/dalvikvm( 1793): Could not find method android.content.pm.PackageManager.getPackageInstaller, referenced from method men.a
I/dalvikvm( 1776): Could not find method android.hardware.SensorManager.getDefaultSensor, referenced from method ttr.a
W/dalvikvm( 1776): VFY: unable to resolve virtual method 4967: Landroid/hardware/SensorManager;.getDefaultSensor (IZ)Landroid/hardware/Sensor;
D/dalvikvm( 1776): VFY: replacing opcode 0x6e at 0x00b6
W/dalvikvm( 1793): VFY: unable to resolve virtual method 2608: Landroid/content/pm/PackageManager;.getPackageInstaller ()Landroid/content/pm/PackageInstaller;
D/dalvikvm( 1793): VFY: replacing opcode 0x6e at 0x001c
W/DynamiteModule( 1793): Local module descriptor class for providerinstaller not found.
I/Fitness ( 1776): FitCleanupIntentOperation received Intent android.intent.action.PACKAGE_CHANGED [CONTEXT service_id=17 ]
I/dalvikvm( 1793): Could not find method android.system.Os.readlink, referenced from method bse.a
W/Nearby  ( 1776): Bind call too late - someone already tried to get: interface bkxn [CONTEXT service_id=49 ]
W/dalvikvm( 1793): VFY: unable to resolve static method 3145: Landroid/system/Os;.readlink (Ljava/lang/String;)Ljava/lang/String;
D/dalvikvm( 1793): VFY: replacing opcode 0x71 at 0x0044
I/dalvikvm( 1793): Could not find method android.system.Os.symlink, referenced from method bse.a
W/dalvikvm( 1793): VFY: unable to resolve static method 3147: Landroid/system/Os;.symlink (Ljava/lang/String;Ljava/lang/String;)V
D/dalvikvm( 1793): VFY: replacing opcode 0x71 at 0x00b0
I/dalvikvm( 1793): Could not find method android.system.Os.stat, referenced from method bse.a
W/dalvikvm( 1793): VFY: unable to resolve static method 3146: Landroid/system/Os;.stat (Ljava/lang/String;)Landroid/system/StructStat;
D/dalvikvm( 1793): VFY: replacing opcode 0x71 at 0x0005
W/dalvikvm( 1793): VFY: unable to resolve static field 1615 (S_IXUSR) in Landroid/system/OsConstants;
D/dalvikvm( 1793): VFY: replacing opcode 0x60 at 0x0007
I/dalvikvm( 1793): Could not find method android.system.Os.stat, referenced from method bse.b
W/dalvikvm( 1793): VFY: unable to resolve static method 3146: Landroid/system/Os;.stat (Ljava/lang/String;)Landroid/system/StructStat;
D/dalvikvm( 1793): VFY: replacing opcode 0x71 at 0x0040
W/dalvikvm( 1793): VFY: unable to resolve static field 1612 (S_IRUSR) in Landroid/system/OsConstants;
D/dalvikvm( 1793): VFY: replacing opcode 0x60 at 0x0007
D/dalvikvm( 1793): DexOpt: couldn't find static field Landroid/os/Build;.SUPPORTED_64_BIT_ABIS
W/dalvikvm( 1793): VFY: unable to resolve static field 1539 (SUPPORTED_64_BIT_ABIS) in Landroid/os/Build;
D/dalvikvm( 1793): VFY: replacing opcode 0x62 at 0x0214
W/ProviderHelper( 1793): Unknown dynamite feature providerinstaller
I/DynamiteModule( 1793): Considering local module providerinstaller:0 and remote module providerinstaller:0
W/ProviderInstaller( 1793): Failed to load providerinstaller module: No acceptable module found. Local version is 0 and remote version is 0.
I/dalvikvm( 1793): Could not find method android.content.ContextWrapper.createCredentialProtectedStorageContext, referenced from method nfr.createCredentialProtectedStorageContext
W/dalvikvm( 1793): VFY: unable to resolve virtual method 2508: Landroid/content/ContextWrapper;.createCredentialProtectedStorageContext ()Landroid/content/Context;
D/dalvikvm( 1793): VFY: replacing opcode 0x6f at 0x0002
I/dalvikvm( 1793): Could not find method android.content.ContextWrapper.createDeviceProtectedStorageContext, referenced from method nfr.createDeviceProtectedStorageContext
W/dalvikvm( 1793): VFY: unable to resolve virtual method 2509: Landroid/content/ContextWrapper;.createDeviceProtectedStorageContext ()Landroid/content/Context;
D/dalvikvm( 1793): VFY: replacing opcode 0x6f at 0x0002
D/dalvikvm( 1570): GC_FOR_ALLOC freed 1047K, 50% free 7429K/14820K, paused 8ms, total 9ms
D/dalvikvm( 1793): DexOpt: couldn't find static field Landroid/os/Build;.SUPPORTED_64_BIT_ABIS
W/dalvikvm( 1793): VFY: unable to resolve static field 1539 (SUPPORTED_64_BIT_ABIS) in Landroid/os/Build;
D/dalvikvm( 1793): VFY: replacing opcode 0x62 at 0x0080
D/dalvikvm( 1793): DexOpt: couldn't find static field Landroid/os/Build;.SUPPORTED_ABIS
W/dalvikvm( 1793): VFY: unable to resolve static field 1540 (SUPPORTED_ABIS) in Landroid/os/Build;
D/dalvikvm( 1793): VFY: replacing opcode 0x62 at 0x00d3
V/Launcher( 2216): LauncherAppState inited
V/NativeCrypto( 1793): Registering com/google/android/gms/org/conscrypt/NativeCrypto's 286 native methods...
W/dalvikvm( 1793): Unable to resolve superclass of Lcom/google/android/gms/org/conscrypt/TrustManagerImpl; (5184)
W/dalvikvm( 1793): Link of class 'Lcom/google/android/gms/org/conscrypt/TrustManagerImpl;' failed
I/dalvikvm( 1793): Could not find method com.google.android.gms.org.conscrypt.TrustManagerImpl.getDefaultHostnameVerifier, referenced from method com.google.android.gms.org.conscrypt.Conscrypt.getDefaultHostnameVerifier
W/dalvikvm( 1793): VFY: unable to resolve static method 17870: Lcom/google/android/gms/org/conscrypt/TrustManagerImpl;.getDefaultHostnameVerifier ()Lcom/google/android/gms/org/conscrypt/ConscryptHostnameVerifier;
D/dalvikvm( 1793): VFY: replacing opcode 0x71 at 0x0003
I/NearbyDiscovery( 1776): DiscoveryService destroyed [CONTEXT service_id=49 ]
D/dalvikvm( 1793): GC_FOR_ALLOC freed 430K, 18% free 3349K/4056K, paused 2ms, total 8ms
W/dalvikvm( 1793): Unable to resolve superclass of Lcom/google/android/gms/org/conscrypt/TrustManagerImpl; (5184)
W/dalvikvm( 1793): Link of class 'Lcom/google/android/gms/org/conscrypt/TrustManagerImpl;' failed
W/dalvikvm( 1793): VFY: unable to find class referenced in signature (Lcom/google/android/gms/org/conscrypt/TrustManagerImpl;)
W/dalvikvm( 1793): Unable to resolve superclass of Lcom/google/android/gms/org/conscrypt/TrustManagerImpl; (5184)
W/dalvikvm( 1793): Link of class 'Lcom/google/android/gms/org/conscrypt/TrustManagerImpl;' failed
I/dalvikvm( 1793): Could not find method com.google.android.gms.org.conscrypt.TrustManagerImpl.getHostnameVerifier, referenced from method com.google.android.gms.org.conscrypt.Conscrypt.getHostnameVerifier
W/dalvikvm( 1793): VFY: unable to resolve virtual method 17872: Lcom/google/android/gms/org/conscrypt/TrustManagerImpl;.getHostnameVerifier ()Lcom/google/android/gms/org/conscrypt/ConscryptHostnameVerifier;
D/dalvikvm( 1793): VFY: replacing opcode 0x6e at 0x0004
W/dalvikvm( 1793): Unable to resolve superclass of Lcom/google/android/gms/org/conscrypt/TrustManagerImpl; (5184)
W/dalvikvm( 1793): Link of class 'Lcom/google/android/gms/org/conscrypt/TrustManagerImpl;' failed
E/dalvikvm( 1793): Could not find class 'com.google.android.gms.org.conscrypt.TrustManagerImpl', referenced from method com.google.android.gms.org.conscrypt.Conscrypt.isConscrypt
W/dalvikvm( 1793): VFY: unable to resolve instanceof 4452 (Lcom/google/android/gms/org/conscrypt/TrustManagerImpl;) in Lcom/google/android/gms/org/conscrypt/Conscrypt;
D/dalvikvm( 1793): VFY: replacing opcode 0x20 at 0x0000
W/dalvikvm( 1793): Unable to resolve superclass of Lcom/google/android/gms/org/conscrypt/TrustManagerImpl; (5184)
W/dalvikvm( 1793): Link of class 'Lcom/google/android/gms/org/conscrypt/TrustManagerImpl;' failed
I/dalvikvm( 1793): Could not find method com.google.android.gms.org.conscrypt.TrustManagerImpl.setDefaultHostnameVerifier, referenced from method com.google.android.gms.org.conscrypt.Conscrypt.setDefaultHostnameVerifier
W/dalvikvm( 1793): VFY: unable to resolve static method 17882: Lcom/google/android/gms/org/conscrypt/TrustManagerImpl;.setDefaultHostnameVerifier (Lcom/google/android/gms/org/conscrypt/ConscryptHostnameVerifier;)V
D/dalvikvm( 1793): VFY: replacing opcode 0x71 at 0x0003
W/dalvikvm( 1793): Unable to resolve superclass of Lcom/google/android/gms/org/conscrypt/TrustManagerImpl; (5184)
W/dalvikvm( 1793): Link of class 'Lcom/google/android/gms/org/conscrypt/TrustManagerImpl;' failed
W/dalvikvm( 1793): VFY: unable to find class referenced in signature (Lcom/google/android/gms/org/conscrypt/TrustManagerImpl;)
W/dalvikvm( 1793): Unable to resolve superclass of Lcom/google/android/gms/org/conscrypt/TrustManagerImpl; (5184)
W/dalvikvm( 1793): Link of class 'Lcom/google/android/gms/org/conscrypt/TrustManagerImpl;' failed
I/dalvikvm( 1793): Could not find method com.google.android.gms.org.conscrypt.TrustManagerImpl.setHostnameVerifier, referenced from method com.google.android.gms.org.conscrypt.Conscrypt.setHostnameVerifier
W/dalvikvm( 1793): VFY: unable to resolve virtual method 17883: Lcom/google/android/gms/org/conscrypt/TrustManagerImpl;.setHostnameVerifier (Lcom/google/android/gms/org/conscrypt/ConscryptHostnameVerifier;)V
D/dalvikvm( 1793): VFY: replacing opcode 0x6e at 0x0004
W/dalvikvm( 1793): Unable to resolve superclass of Lcom/google/android/gms/org/conscrypt/TrustManagerImpl; (5184)
W/dalvikvm( 1793): Link of class 'Lcom/google/android/gms/org/conscrypt/TrustManagerImpl;' failed
E/dalvikvm( 1793): Could not find class 'com.google.android.gms.org.conscrypt.TrustManagerImpl', referenced from method com.google.android.gms.org.conscrypt.Conscrypt.toConscrypt
W/dalvikvm( 1793): VFY: unable to resolve check-cast 4452 (Lcom/google/android/gms/org/conscrypt/TrustManagerImpl;) in Lcom/google/android/gms/org/conscrypt/Conscrypt;
D/dalvikvm( 1793): VFY: replacing opcode 0x1f at 0x002a
I/NearbyMessages( 1776): OfflineCache: old scanner cache is not enabled [CONTEXT service_id=62 ]
D/dalvikvm( 1793): GC_FOR_ALLOC freed 406K, 16% free 3456K/4112K, paused 2ms, total 2ms
D/dalvikvm( 2092): GC_FOR_ALLOC freed 738K, 32% free 6091K/8840K, paused 7ms, total 7ms
I/Icing   ( 2092): Using regular flags by method 2
I/dalvikvm( 2092): Could not find method android.app.AlarmManager.setExactAndAllowWhileIdle, referenced from method nio.a
W/dalvikvm( 2092): VFY: unable to resolve virtual method 2384: Landroid/app/AlarmManager;.setExactAndAllowWhileIdle (IJLandroid/app/PendingIntent;)V
D/dalvikvm( 2092): VFY: replacing opcode 0x6e at 0x000b
I/dalvikvm( 2092): Failed resolving Lnin; interface 549 'Landroid/app/AlarmManager$OnAlarmListener;'
W/dalvikvm( 2092): Link of class 'Lnin;' failed
W/dalvikvm( 2092): VFY: unable to find class referenced in signature (Lnin;)
I/dalvikvm( 2092): Could not find method android.app.AlarmManager.set, referenced from method nio.a
W/dalvikvm( 2092): VFY: unable to resolve virtual method 2381: Landroid/app/AlarmManager;.set (IJJJLandroid/app/AlarmManager$OnAlarmListener;Landroid/os/Handler;Landroid/os/WorkSource;)V
D/dalvikvm( 2092): VFY: replacing opcode 0x74 at 0x0024
I/Auth    ( 1776): [WorkAccountServiceImpl] init work authenticator
I/Auth    ( 1776): [WorkAccountServiceImpl] updating authenticator enabled state to: false
D/dalvikvm( 1793): GC_FOR_ALLOC freed 157K, 10% free 3803K/4220K, paused 3ms, total 4ms
I/dalvikvm( 2092): Failed resolving Lnin; interface 549 'Landroid/app/AlarmManager$OnAlarmListener;'
W/dalvikvm( 2092): Link of class 'Lnin;' failed
W/dalvikvm( 2092): VFY: unable to find class referenced in signature (Lnin;)
I/dalvikvm( 2092): Could not find method android.app.AlarmManager.cancel, referenced from method nio.a
W/dalvikvm( 2092): VFY: unable to resolve virtual method 2378: Landroid/app/AlarmManager;.cancel (Landroid/app/AlarmManager$OnAlarmListener;)V
D/dalvikvm( 2092): VFY: replacing opcode 0x6e at 0x0002
E/GmsClient( 2092): unable to connect to service: com.google.android.gms.auth.key.retrieval.service.START on com.google.android.gms
I/Auth    ( 2092): [SupervisedAccountIntentOperation] onHandleIntent(): com.google.android.chimera.IntentOperation.NEW_MODULE
W/ActivityManager( 1570): Unable to start service Intent { act=com.google.android.gms.auth.key.retrieval.service.START pkg=com.google.android.gms } U=0: not found
W/ActivityManager( 1570): Unbind failed: could not find connection for android.os.BinderProxy@9daaca50
I/dalvikvm( 2092): Could not find method android.os.UserManager.isManagedProfile, referenced from method nmn.g
W/dalvikvm( 2092): VFY: unable to resolve virtual method 4277: Landroid/os/UserManager;.isManagedProfile ()Z
D/dalvikvm( 2092): VFY: replacing opcode 0x6e at 0x0012
I/dalvikvm( 2092): Could not find method android.app.admin.DevicePolicyManager.getAccountTypesWithManagementDisabled, referenced from method nmn.i
W/dalvikvm( 2092): VFY: unable to resolve virtual method 2586: Landroid/app/admin/DevicePolicyManager;.getAccountTypesWithManagementDisabled ()[Ljava/lang/String;
D/dalvikvm( 2092): VFY: replacing opcode 0x6e at 0x002b
D/dalvikvm( 1793): GC_FOR_ALLOC freed 148K, 10% free 4140K/4568K, paused 3ms, total 3ms
D/dalvikvm( 1570): GC_FOR_ALLOC freed 1055K, 50% free 7487K/14820K, paused 7ms, total 7ms
I/Icing   ( 2092): IndexChimeraService.getServiceInterface callingPackage=com.google.android.googlequicksearchbox componentName=null serviceId=21
I/Auth    ( 2092): [SupervisedAccountIntentOperation] This operation is disabled
D/dalvikvm( 1793): GC_FOR_ALLOC freed 135K, 9% free 4470K/4904K, paused 8ms, total 9ms
D/dalvikvm( 1793): GC_FOR_ALLOC freed 132K, 9% free 4781K/5236K, paused 9ms, total 10ms
E/dalvikvm( 1793): Could not find class 'javax.net.ssl.SNIServerName', referenced from method com.google.android.gms.org.conscrypt.Platform.getSniHostnameFromParams
W/dalvikvm( 1793): VFY: unable to resolve check-cast 5160 (Ljavax/net/ssl/SNIServerName;) in Lcom/google/android/gms/org/conscrypt/Platform;
D/dalvikvm( 1793): VFY: replacing opcode 0x1f at 0x0025
E/dalvikvm( 1793): Could not find class 'javax.net.ssl.SNIHostName', referenced from method com.google.android.gms.org.conscrypt.Platform.setParametersSniHostname
W/dalvikvm( 1793): VFY: unable to resolve new-instance 5159 (Ljavax/net/ssl/SNIHostName;) in Lcom/google/android/gms/org/conscrypt/Platform;
D/dalvikvm( 1793): VFY: replacing opcode 0x22 at 0x0024
E/dalvikvm( 1793): Could not find class 'javax.net.ssl.SNIHostName', referenced from method com.google.android.gms.org.conscrypt.Platform.setParametersSniHostname
W/dalvikvm( 1793): VFY: unable to resolve new-instance 5159 (Ljavax/net/ssl/SNIHostName;) in Lcom/google/android/gms/org/conscrypt/Platform;
D/dalvikvm( 1793): VFY: replacing opcode 0x22 at 0x0024
D/dalvikvm( 1793): DexOpt: unable to opt direct call 0x52f9 at 0x2a in Lcom/google/android/gms/org/conscrypt/Platform;.setParametersSniHostname
D/dalvikvm( 1793): DexOpt: unable to opt direct call 0x52f9 at 0x2a in Lcom/google/android/gms/org/conscrypt/Platform;.setParametersSniHostname
D/AndroidRuntime( 2251): 
D/AndroidRuntime( 2251): >>>>>> AndroidRuntime START com.android.internal.os.RuntimeInit <<<<<<
W/linker  ( 2251): libdvm.so has text relocations. This is wasting memory and is a security risk. Please fix.
D/AndroidRuntime( 2251): CheckJNI is ON
D/dalvikvm( 2251): Trying to load lib libjavacore.so 0x0
D/dalvikvm( 1793): GC_FOR_ALLOC freed 369K, 13% free 4960K/5652K, paused 3ms, total 4ms
D/dalvikvm( 2251): Added shared lib libjavacore.so 0x0
D/dalvikvm( 2251): Trying to load lib libnativehelper.so 0x0
D/dalvikvm( 2251): Added shared lib libnativehelper.so 0x0
D/dalvikvm( 2251): No JNI_OnLoad found in libnativehelper.so 0x0, skipping init
D/dalvikvm( 1570): GC_FOR_ALLOC freed 1117K, 50% free 7498K/14820K, paused 111ms, total 111ms
D/dalvikvm( 2251): Note: class Landroid/app/ActivityManagerNative; has 179 unimplemented (abstract) methods
I/ProviderInstaller( 1793): Installed default security provider GmsCore_OpenSSL
I/Safeboot( 1793): Checking safeboot...
I/Safeboot( 1793): Not entering safeboot; wrong process.
E/dalvikvm( 1793): Could not find class 'com.google.common.flogger.backend.google.GooglePlatform', referenced from method beui.a
W/dalvikvm( 1793): VFY: unable to resolve const-class 4605 (Lcom/google/common/flogger/backend/google/GooglePlatform;) in Lbeui;
D/dalvikvm( 1793): VFY: replacing opcode 0x1c at 0x001b
I/Icing   ( 2092): Storage manager: low false usage 0 Bytes avail 644.26MB capacity 753.91MB
D/dalvikvm( 2092): GC_FOR_ALLOC freed 805K, 29% free 6321K/8840K, paused 6ms, total 6ms
D/dalvikvm( 1793): GC_FOR_ALLOC freed 389K, 12% free 5219K/5888K, paused 6ms, total 7ms
I/auxu    ( 1793): Primes not initialized, returning default (no-op) Primes instance which will ignore all calls. Please call Primes.initialize(...) before using any Primes API.
I/dalvikvm( 2092): Could not find method android.app.NotificationManager.getCurrentInterruptionFilter, referenced from method nea.b
W/dalvikvm( 2092): VFY: unable to resolve virtual method 2504: Landroid/app/NotificationManager;.getCurrentInterruptionFilter ()I
D/dalvikvm( 2092): VFY: replacing opcode 0x6e at 0x0002
I/dalvikvm( 1793): Could not find method com.google.android.chimera.ContextThemeWrapper.createAttributionContext, referenced from method mnu.createAttributionContext
W/dalvikvm( 1793): VFY: unable to resolve virtual method 13785: Lcom/google/android/chimera/ContextThemeWrapper;.createAttributionContext (Ljava/lang/String;)Landroid/content/Context;
D/dalvikvm( 1793): VFY: replacing opcode 0x6f at 0x0002
I/dalvikvm( 1793): Could not find method android.content.ContextWrapper.createCredentialProtectedStorageContext, referenced from method mnu.createCredentialProtectedStorageContext
W/dalvikvm( 1793): VFY: unable to resolve virtual method 2508: Landroid/content/ContextWrapper;.createCredentialProtectedStorageContext ()Landroid/content/Context;
D/dalvikvm( 1793): VFY: replacing opcode 0x6f at 0x0002
I/dalvikvm( 1793): Could not find method android.content.ContextWrapper.createDeviceProtectedStorageContext, referenced from method mnu.createDeviceProtectedStorageContext
W/dalvikvm( 1793): VFY: unable to resolve virtual method 2509: Landroid/content/ContextWrapper;.createDeviceProtectedStorageContext ()Landroid/content/Context;
D/dalvikvm( 1793): VFY: replacing opcode 0x6f at 0x0002
I/dalvikvm( 1793): Could not find method android.content.Context.bindService, referenced from method uws.bindService
W/dalvikvm( 1793): VFY: unable to resolve virtual method 2453: Landroid/content/Context;.bindService (Landroid/content/Intent;ILjava/util/concurrent/Executor;Landroid/content/ServiceConnection;)Z
D/dalvikvm( 1793): VFY: replacing opcode 0x6e at 0x0018
I/dalvikvm( 1793): Could not find method android.content.Context.bindService, referenced from method uws.bindService
W/dalvikvm( 1793): VFY: unable to resolve virtual method 2453: Landroid/content/Context;.bindService (Landroid/content/Intent;ILjava/util/concurrent/Executor;Landroid/content/ServiceConnection;)Z
D/dalvikvm( 1793): VFY: replacing opcode 0x6e at 0x0030
I/dalvikvm( 1793): Could not find method android.content.Context.startForegroundService, referenced from method uws.startForegroundService
W/dalvikvm( 1793): VFY: unable to resolve virtual method 2501: Landroid/content/Context;.startForegroundService (Landroid/content/Intent;)Landroid/content/ComponentName;
D/dalvikvm( 1793): VFY: replacing opcode 0x6e at 0x001c
I/dalvikvm( 1793): Could not find method android.content.Context.startForegroundService, referenced from method uws.startForegroundService
W/dalvikvm( 1793): VFY: unable to resolve virtual method 2501: Landroid/content/Context;.startForegroundService (Landroid/content/Intent;)Landroid/content/ComponentName;
D/dalvikvm( 1793): VFY: replacing opcode 0x6e at 0x0028
I/dalvikvm( 1793): Could not find method android.os.PowerManager.isPowerSaveMode, referenced from method uwl.a
W/dalvikvm( 1793): VFY: unable to resolve virtual method 3047: Landroid/os/PowerManager;.isPowerSaveMode ()Z
D/dalvikvm( 1793): VFY: replacing opcode 0x6e at 0x0010
D/dalvikvm( 1793): GC_FOR_ALLOC freed 384K, 12% free 5537K/6236K, paused 3ms, total 3ms
D/dalvikvm( 1776): GC_FOR_ALLOC freed 788K, 14% free 6518K/7556K, paused 121ms, total 122ms
I/dalvikvm( 1793): Could not find method android.app.admin.DevicePolicyManager.isProfileOwnerApp, referenced from method hbs.c
W/dalvikvm( 1793): VFY: unable to resolve virtual method 2595: Landroid/app/admin/DevicePolicyManager;.isProfileOwnerApp (Ljava/lang/String;)Z
D/dalvikvm( 1793): VFY: replacing opcode 0x6e at 0x0011
I/dalvikvm( 1793): Could not find method android.app.admin.DevicePolicyManager.getProfileOwner, referenced from method hbs.a
W/dalvikvm( 1793): VFY: unable to resolve virtual method 2591: Landroid/app/admin/DevicePolicyManager;.getProfileOwner ()Landroid/content/ComponentName;
D/dalvikvm( 1793): VFY: replacing opcode 0x6e at 0x0012
E/memtrack( 2251): Couldn't load memtrack module (No such file or directory)
E/android.os.Debug( 2251): failed to load memtrack module: -2
I/dalvikvm( 1793): Could not find method android.app.NotificationManager.getCurrentInterruptionFilter, referenced from method nea.b
W/dalvikvm( 1793): VFY: unable to resolve virtual method 2504: Landroid/app/NotificationManager;.getCurrentInterruptionFilter ()I
D/dalvikvm( 1793): VFY: replacing opcode 0x6e at 0x0002
D/AndroidRuntime( 2251): Calling main entry com.android.commands.pm.Pm
I/dalvikvm( 1793): Could not find method android.accounts.AccountManager.removeAccount, referenced from method ymq.c
W/dalvikvm( 1793): VFY: unable to resolve virtual method 4165: Landroid/accounts/AccountManager;.removeAccount (Landroid/accounts/Account;Landroid/app/Activity;Landroid/accounts/AccountManagerCallback;Landroid/os/Handler;)Landroid/accounts/AccountManagerFuture;
D/dalvikvm( 1793): VFY: replacing opcode 0x6e at 0x0009
I/dalvikvm( 1793): Could not find method android.accounts.AccountManager.removeAccountExplicitly, referenced from method ymq.d
W/dalvikvm( 1793): VFY: unable to resolve virtual method 4166: Landroid/accounts/AccountManager;.removeAccountExplicitly (Landroid/accounts/Account;)Z
D/dalvikvm( 1793): VFY: replacing opcode 0x6e at 0x0008
I/dalvikvm( 1793): Could not find method android.content.ServiceConnection.onNullBinding, referenced from method uxb.onNullBinding
W/dalvikvm( 1793): VFY: unable to resolve interface method 2566: Landroid/content/ServiceConnection;.onNullBinding (Landroid/content/ComponentName;)V
D/dalvikvm( 1793): VFY: replacing opcode 0x72 at 0x000f
D/dalvikvm( 1570): GC_FOR_ALLOC freed 1140K, 50% free 7466K/14820K, paused 48ms, total 48ms
D/AndroidRuntime( 2251): Shutting down VM
D/jdwp    ( 2251): Got wake-up signal, bailing out of select
D/dalvikvm( 2251): Debugger has detached; object registry had 1 entries
D/dalvikvm( 1793): GC_FOR_ALLOC freed 302K, 10% free 6024K/6660K, paused 7ms, total 7ms
I/Auth    ( 1793): [Change,AccountsChange] First snapshot
W/WakefulBroadcastReceiv.( 1793): No active wake lock id #1
D/dalvikvm( 2092): GC_FOR_ALLOC freed 1064K, 28% free 6368K/8840K, paused 6ms, total 7ms
E/ConfigFileUtils( 2092): Failed to read config file: /data/data/com.google.android.gms/app_chimera/current_fileapks.pb: open failed: ENOENT (No such file or directory)
E/ConfigFileUtils( 2092): Failed to read config file: /data/data/com.google.android.gms/app_chimera/current_fileapks.pb: open failed: ENOENT (No such file or directory)
D/dalvikvm( 1793): GC_FOR_ALLOC freed 312K, 10% free 6632K/7308K, paused 15ms, total 17ms
D/dalvikvm( 1570): GC_FOR_ALLOC freed 1218K, 51% free 7372K/14820K, paused 10ms, total 10ms
I/dalvikvm( 1776): Could not find method android.os.UserManager.isManagedProfile, referenced from method nmn.g
W/dalvikvm( 1776): VFY: unable to resolve virtual method 4277: Landroid/os/UserManager;.isManagedProfile ()Z
D/dalvikvm( 1776): VFY: replacing opcode 0x6e at 0x0012
I/dalvikvm( 1776): Could not find method android.app.admin.DevicePolicyManager.getAccountTypesWithManagementDisabled, referenced from method nmn.i
W/dalvikvm( 1776): VFY: unable to resolve virtual method 2586: Landroid/app/admin/DevicePolicyManager;.getAccountTypesWithManagementDisabled ()[Ljava/lang/String;
D/dalvikvm( 1776): VFY: replacing opcode 0x6e at 0x002b
W/dalvikvm( 2092): VFY: unable to find class referenced in signature (Landroid/net/Network;)
W/dalvikvm( 2092): VFY: unable to find class referenced in signature (Landroid/net/Network;)
