I/ActivityManager( 1570): Launching preboot mode app: ProcessRecord{9dac04a8 1709:com.google.process.gapps/u0a7}
D/dalvikvm( 1722): DexOpt: load 14ms, verify+opt 64ms, 1665228 bytes
D/GoogleLoginService( 1709): no legacy android id exists to migrate
D/GoogleLoginService( 1709): skipping migration because /data/data/com.google.android.gsf/databases/accounts.db doesn't exist
D/GoogleLoginService( 1709): disabling the migration script since the migration is complete
I/ActivityManager( 1570): Start proc android.process.media for broadcast com.android.providers.media/.MediaUpgradeReceiver: pid=1724 uid=10005 gids={50005, 1028, 1015, 1023, 1024, 2001, 3003, 3007}
I/PackageManager( 1570): Running dexopt on: com.android.providers.media
W/linker  ( 1737): libdvm.so has text relocations. This is wasting memory and is a security risk. Please fix.
I/ActivityManager( 1570): Launching preboot mode app: ProcessRecord{9d999758 1724:android.process.media/u0a5}
D/dalvikvm( 1737): Note: class Landroid/app/ActivityManagerNative; has 179 unimplemented (abstract) methods
D/dalvikvm( 1737): DexOpt: load 2ms, verify+opt 32ms, 531932 bytes
I/ActivityManager( 1570): Writing new set of last done pre-boot receivers...
I/ActivityManager( 1570): Removing system update proc: ProcessRecord{9dadec30 1671:com.android.providers.calendar/u0a1}
I/ActivityManager( 1570): Killing 1671:com.android.providers.calendar/u0a1 (adj 15): system update done
I/ActivityManager( 1570): Removing system update proc: ProcessRecord{9d8b4f40 1688:android.process.acore/u0a2}
I/ActivityManager( 1570): Killing 1688:android.process.acore/u0a2 (adj 13): system update done
I/ActivityManager( 1570): Removing system update proc: ProcessRecord{9dac04a8 1709:com.google.process.gapps/u0a7}
I/ActivityManager( 1570): Killing 1709:com.google.process.gapps/u0a7 (adj 11): system update done
I/ActivityManager( 1570): Removing system update proc: ProcessRecord{9d999758 1724:android.process.media/u0a5}
I/ActivityManager( 1570): Killing 1724:android.process.media/u0a5 (adj 9): system update done
I/ActivityManager( 1570): System now ready
I/PackageManager( 1570): Running dexopt on: com.android.systemui
W/linker  ( 1740): libdvm.so has text relocations. This is wasting memory and is a security risk. Please fix.
I/SystemServer( 1570): Making services ready
D/dalvikvm( 1740): Note: class Landroid/app/ActivityManagerNative; has 179 unimplemented (abstract) methods
D/dalvikvm( 1740): DexOpt: load 5ms, verify+opt 21ms, 1248204 bytes
I/fsck_msdos( 1140): ** /dev/block/vold/253:48
I/fsck_msdos( 1140): Invalid signature in fsinfo block
I/fsck_msdos( 1140): FIXED
I/fsck_msdos( 1140): ** Phase 1 - Read and Compare FATs
I/fsck_msdos( 1140): Attempting to allocate 1022 KB for FAT
D/NetworkManagementService( 1570): not enabling bandwidth control
I/Vold    ( 1140): /dev/block/vold/253:48 being considered for volume sdcard
D/Vold    ( 1140): Volume sdcard state changing 1 (Idle-Unmounted) -> 3 (Checking)
D/MountService( 1570): volume state changed for /storage/sdcard (unmounted -> checking)
D/MountService( 1570): sendStorageIntent Intent { act=android.intent.action.MEDIA_CHECKING dat=file:///storage/sdcard (has extras) } to UserHandle{-1}
D/SystemUIService( 1655): loading: class com.android.systemui.recent.Recents
D/SystemUIService( 1655): running: com.android.systemui.recent.Recents@9d0673f0
D/SystemUIService( 1655): loading: class com.android.systemui.statusbar.SystemBars
D/SystemUIService( 1655): running: com.android.systemui.statusbar.SystemBars@9d067990
D/SystemUIService( 1655): loading: class com.android.systemui.usb.StorageNotification
D/SystemUIService( 1655): running: com.android.systemui.usb.StorageNotification@9d0695b8
D/SystemUIService( 1655): loading: class com.android.systemui.power.PowerUI
D/SystemUIService( 1655): running: com.android.systemui.power.PowerUI@9d06ab70
D/SystemUIService( 1655): loading: class com.android.systemui.media.RingtonePlayer
D/SystemUIService( 1655): running: com.android.systemui.media.RingtonePlayer@9d06ba40
D/SystemUIService( 1655): loading: class com.android.systemui.settings.SettingsUI
D/SystemUIService( 1655): running: com.android.systemui.settings.SettingsUI@9d06cca8
D/PhoneStatusBar( 1655): mSettingsPanelGravity = 55
I/fsck_msdos( 1140): Attempting to allocate 1022 KB for FAT
W/NetworkStats( 1570): bandwidth controls disabled, unable to track stats
W/NetworkPolicy( 1570): bandwidth controls disabled, unable to enforce policy
I/StatusBarManagerService( 1570): registerStatusBar bar=com.android.internal.statusbar.IStatusBar$Stub$Proxy@9d063d38
I/fsck_msdos( 1140): ** Phase 2 - Check Cluster Chains
D/dalvikvm( 1655): GC_FOR_ALLOC freed 314K, 14% free 3096K/3596K, paused 3ms, total 3ms
I/fsck_msdos( 1140): ** Phase 3 - Checking Directories
I/fsck_msdos( 1140): ** Phase 4 - Checking for Lost Files
I/fsck_msdos( 1140): Free space in FSInfo block (1044456) not correct (261113)
I/fsck_msdos( 1140): FIXED
I/fsck_msdos( 1140): 1 files, 522226 free (261113 clusters)
I/Vold    ( 1140): Filesystem check completed OK
I/ActivityManager( 1570): Config changes=200 {1.0 ?mcc?mnc en_US ldltr sw411dp w411dp h658dp 420dpi nrml port finger qwerty/v/v dpad/v s.4}
D/Vold    ( 1140): blkid identified as /dev/block/vold/253:48: LABEL="SDCARD" UUID="1DEC-2D03" TYPE="vfat" 
I/PackageManager( 1570): Updating external media status from unmounted to mounted
D/Vold    ( 1140): Volume sdcard state changing 3 (Checking) -> 4 (Mounted)
D/MountService( 1570): volume state changed for /storage/sdcard (checking -> mounted)
D/MountService( 1570): sendStorageIntent Intent { act=android.intent.action.MEDIA_MOUNTED dat=file:///storage/sdcard (has extras) } to UserHandle{-1}
D/dalvikvm( 1655): GC_FOR_ALLOC freed 36K, 9% free 3449K/3772K, paused 2ms, total 2ms
I/PackageManager( 1570): No secure containers on sdcard
D/dalvikvm( 1655): GC_FOR_ALLOC freed 4K, 9% free 3617K/3944K, paused 1ms, total 1ms
I/dalvikvm-heap( 1655): Grow heap (frag case) to 5.559MB for 1939932-byte allocation
W/PackageManager( 1570): Unknown permission com.android.smspush.WAPPUSH_MANAGER_BIND in package com.android.phone
W/PackageManager( 1570): Unknown permission com.android.vending.billing.BILLING_ACCOUNT_SERVICE in package com.google.android.gsf.login
W/PackageManager( 1570): Unknown permission com.android.vending.billing.ADD_CREDIT_CARD in package com.google.android.gsf.login
W/PackageManager( 1570): Unknown permission com.android.vending.billing.IBillingAccountService.BIND2 in package com.google.android.gsf.login
W/PackageManager( 1570): Unknown permission com.android.vending.TOS_ACKED in package com.google.android.gsf.login
W/PackageManager( 1570): Unknown permission com.android.chrome.TOS_ACKED in package com.google.android.gsf.login
W/PackageManager( 1570): Not granting permission android.permission.ACCESS_DOWNLOAD_MANAGER to package com.android.browser (protectionLevel=18 flags=0x89be45)
W/PackageManager( 1570): Not granting permission android.permission.SEND_DOWNLOAD_COMPLETED_INTENTS to package com.android.browser (protectionLevel=2 flags=0x89be45)
W/PackageManager( 1570): Not granting permission android.permission.BIND_APPWIDGET to package com.android.widgetpreview (protectionLevel=18 flags=0x8be44)
W/PackageManager( 1570): Unknown permission android.permission.INSTALL_DRM in package com.android.mms
W/PackageManager( 1570): Unknown permission android.permission.OBSERVE_GRANT_REVOKE_PERMISSIONS in package com.google.android.gms
W/PackageManager( 1570): Unknown permission android.permission.MANAGE_SOUND_TRIGGER in package com.google.android.gms
W/PackageManager( 1570): Unknown permission android.permission.FOREGROUND_SERVICE in package com.google.android.gms
W/PackageManager( 1570): Unknown permission android.permission.START_ACTIVITIES_FROM_BACKGROUND in package com.google.android.gms
W/PackageManager( 1570): Unknown permission android.permission.QUERY_ALL_PACKAGES in package com.google.android.gms
W/PackageManager( 1570): Unknown permission android.permission.REMOTE_DISPLAY_PROVIDER in package com.google.android.gms
W/PackageManager( 1570): Unknown permission android.permission.RECOVERY in package com.google.android.gms
W/PackageManager( 1570): Not granting permission android.permission.READ_DREAM_STATE to package com.google.android.gms (protectionLevel=2 flags=0x40c83e45)
D/dalvikvm( 1570): GC_FOR_ALLOC freed 716K, 55% free 6762K/14820K, paused 5ms, total 6ms
D/dalvikvm( 1655): GC_FOR_ALLOC freed <1K, 6% free 5511K/5840K, paused 2ms, total 2ms
W/PackageManager( 1570): Unknown permission android.permission.PROVIDE_TRUST_AGENT in package com.google.android.gms
W/PackageManager( 1570): Unknown permission android.permission.DISPATCH_PROVISIONING_MESSAGE in package com.google.android.gms
W/PackageManager( 1570): Unknown permission android.permission.RECOVER_KEYSTORE in package com.google.android.gms
W/PackageManager( 1570): Unknown permission android.permission.PRE_FACTORY_RESET in package com.google.android.gms
W/PackageManager( 1570): Unknown permission android.permission.MANAGE_FACTORY_RESET_PROTECTION in package com.google.android.gms
W/PackageManager( 1570): Unknown permission com.google.android.apps.enterprise.dmagent.permission.AutoSyncPermission in package com.google.android.gms
W/PackageManager( 1570): Unknown permission android.permission.CONNECTIVITY_USE_RESTRICTED_NETWORKS in package com.google.android.gms
W/PackageManager( 1570): Unknown permission android.permission.ALLOCATE_AGGRESSIVE in package com.google.android.gms
W/PackageManager( 1570): Unknown permission android.car.permission.CAR_POWER in package com.google.android.gms
W/PackageManager( 1570): Unknown permission android.permission.USE_FINGERPRINT in package com.google.android.gms
W/PackageManager( 1570): Unknown permission android.permission.USE_BIOMETRIC in package com.google.android.gms
W/PackageManager( 1570): Unknown permission android.permission.SEND_SMS_NO_CONFIRMATION in package com.google.android.gms
W/PackageManager( 1570): Unknown permission com.google.android.wearable.WRITE_SETTINGS in package com.google.android.gms
W/PackageManager( 1570): Unknown permission com.felicanetworks.mfc.permission.MFC_ACCESS in package com.google.android.gms
W/PackageManager( 1570): Unknown permission com.felicanetworks.mfc.mfi.permission.MFI_ACCESS in package com.google.android.gms
W/PackageManager( 1570): Unknown permission com.google.android.finsky.permission.INSTANT_APP_STATE in package com.google.android.gms
W/PackageManager( 1570): Unknown permission android.permission.ACCESS_BACKGROUND_LOCATION in package com.google.android.gms
W/PackageManager( 1570): Unknown permission android.permission.ACCESS_NOTIFICATION_POLICY in package com.google.android.gms
W/PackageManager( 1570): Unknown permission com.google.android.googlequicksearchbox.permission.PAUSE_HOTWORD in package com.google.android.gms
W/PackageManager( 1570): Unknown permission android.permission.MANAGE_VOICE_KEYPHRASES in package com.google.android.gms
W/PackageManager( 1570): Unknown permission android.permission.UWB in package com.google.android.gms
W/PackageManager( 1570): Unknown permission android.permission.USE_FULL_SCREEN_INTENT in package com.google.android.gms
W/PackageManager( 1570): Unknown permission android.permission.TETHER_PRIVILEGED in package com.google.android.gms
W/PackageManager( 1570): Unknown permission android.permission.CONTROL_DISPLAY_SATURATION in package com.google.android.gms
W/PackageManager( 1570): Unknown permission android.permission.REAL_GET_TASKS in package com.google.android.gms
W/PackageManager( 1570): Unknown permission com.google.android.finsky.permission.BIND_GET_INSTALL_REFERRER_SERVICE in package com.google.android.gms
W/PackageManager( 1570): Unknown permission com.google.android.hangouts.START_HANGOUT in package com.google.android.gms
W/PackageManager( 1570): Unknown permission android.permission.READ_OEM_UNLOCK_STATE in package com.google.android.gms
W/PackageManager( 1570): Unknown permission android.permission.SCORE_NETWORKS in package com.google.android.gms
W/PackageManager( 1570): Unknown permission android.permission.OVERRIDE_WIFI_CONFIG in package com.google.android.gms
W/PackageManager( 1570): Unknown permission android.car.permission.CAR_POWERTRAIN in package com.google.android.gms
W/PackageManager( 1570): Unknown permission android.car.permission.CAR_ENERGY in package com.google.android.gms
W/PackageManager( 1570): Unknown permission android.car.permission.CAR_ENERGY_PORTS in package com.google.android.gms
W/PackageManager( 1570): Unknown permission android.car.permission.CAR_EXTERIOR_LIGHTS in package com.google.android.gms
W/PackageManager( 1570): Unknown permission android.car.permission.CAR_INFO in package com.google.android.gms
W/PackageManager( 1570): Unknown permission android.car.permission.CAR_MILEAGE in package com.google.android.gms
W/PackageManager( 1570): Unknown permission android.car.permission.CAR_TIRES in package com.google.android.gms
W/PackageManager( 1570): Unknown permission android.car.permission.CONTROL_CAR_CLIMATE in package com.google.android.gms
W/PackageManager( 1570): Unknown permission android.car.permission.CONTROL_CAR_DOORS in package com.google.android.gms
W/PackageManager( 1570): Unknown permission android.car.permission.CONTROL_CAR_EXTERIOR_LIGHTS in package com.google.android.gms
W/PackageManager( 1570): Unknown permission android.car.permission.CONTROL_CAR_MIRRORS in package com.google.android.gms
W/PackageManager( 1570): Unknown permission android.car.permission.CONTROL_CAR_SEATS in package com.google.android.gms
W/PackageManager( 1570): Unknown permission android.car.permission.CONTROL_CAR_WINDOWS in package com.google.android.gms
W/PackageManager( 1570): Unknown permission android.car.permission.READ_CAR_DISPLAY_UNITS in package com.google.android.gms
W/PackageManager( 1570): Unknown permission android.permission.CONTROL_INCALL_EXPERIENCE in package com.google.android.gms
W/PackageManager( 1570): Unknown permission android.permission.USER_ACTIVITY in package com.google.android.gms
W/PackageManager( 1570): Unknown permission android.permission.MODIFY_AUDIO_ROUTING in package com.google.android.gms
W/PackageManager( 1570): Unknown permission android.permission.MODIFY_DAY_NIGHT_MODE in package com.google.android.gms
W/PackageManager( 1570): Unknown permission com.google.android.finsky.permission.GEARHEAD_SERVICE in package com.google.android.gms
W/PackageManager( 1570): Unknown permission com.google.android.permission.ACCESSIBILITY_SCAN_SERVICE in package com.google.android.gms
W/PackageManager( 1570): Unknown permission android.permission.START_TASKS_FROM_RECENTS in package com.google.android.gms
W/PackageManager( 1570): Not granting permission android.permission.MANAGE_ACTIVITY_STACKS to package com.google.android.gms (protectionLevel=2 flags=0x40c83e45)
W/PackageManager( 1570): Unknown permission android.permission.ACTIVITY_EMBEDDING in package com.google.android.gms
W/PackageManager( 1570): Unknown permission com.google.android.finsky.permission.ACCESS_INSTANT_APP_NOTIFICATION_ENFORCEMENT in package com.google.android.gms
W/PackageManager( 1570): Unknown permission android.permission.PROVIDE_RESOLVER_RANKER_SERVICE in package com.google.android.gms
W/PackageManager( 1570): Unknown permission com.google.android.clockwork.settings.SHOW_FACTORY_RESET_CONFIRMATION in package com.google.android.gms
W/PackageManager( 1570): Unknown permission com.google.android.wearable.READ_SETTINGS in package com.google.android.gms
W/PackageManager( 1570): Unknown permission android.permission.READ_MEDIA_AUDIO in package com.google.android.gms
W/PackageManager( 1570): Unknown permission android.permission.READ_MEDIA_IMAGES in package com.google.android.gms
W/PackageManager( 1570): Unknown permission android.permission.READ_MEDIA_VIDEO in package com.google.android.gms
W/PackageManager( 1570): Unknown permission android.permission.INTENT_FILTER_VERIFICATION_AGENT in package com.google.android.gms
W/PackageManager( 1570): Unknown permission android.permission.LOCAL_MAC_ADDRESS in package com.google.android.gms
W/PackageManager( 1570): Unknown permission android.permission.CHANGE_DEVICE_IDLE_TEMP_WHITELIST in package com.google.android.gms
W/PackageManager( 1570): Unknown permission android.permission.READ_WIFI_CREDENTIAL in package com.google.android.gms
W/PackageManager( 1570): Unknown permission android.permission.SUBSTITUTE_NOTIFICATION_APP_NAME in package com.google.android.gms
W/PackageManager( 1570): Unknown permission android.permission.SUBSTITUTE_SHARE_TARGET_APP_NAME_AND_ICON in package com.google.android.gms
W/PackageManager( 1570): Unknown permission android.permission.ACTIVITY_RECOGNITION in package com.google.android.gms
W/PackageManager( 1570): Unknown permission android.permission.MANAGE_SUBSCRIPTION_PLANS in package com.google.android.gms
W/PackageManager( 1570): Unknown permission android.permission.READ_DEVICE_CONFIG in package com.google.android.gms
W/PackageManager( 1570): Unknown permission android.permission.WRITE_DEVICE_CONFIG in package com.google.android.gms
W/PackageManager( 1570): Unknown permission com.google.android.apps.now.OPT_IN_WIZARD in package com.google.android.gms
W/PackageManager( 1570): Unknown permission com.google.android.setupwizard.SETUP_COMPAT_SERVICE in package com.google.android.gms
W/PackageManager( 1570): Unknown permission android.permission.MANAGE_ROLLBACKS in package com.google.android.gms
W/PackageManager( 1570): Unknown permission android.permission.REQUEST_DELETE_PACKAGES in package com.google.android.gms
W/PackageManager( 1570): Unknown permission android.permission.NOTIFY_PENDING_SYSTEM_UPDATE in package com.google.android.gms
W/PackageManager( 1570): Unknown permission android.permission.BODY_SENSORS in package com.google.android.gms
W/PackageManager( 1570): Unknown permission com.google.android.launcher.permission.RECEIVE_LAUNCH_BROADCASTS in package com.google.android.gms
W/PackageManager( 1570): Unknown permission com.google.android.vending.verifier.ACCESS_VERIFIER in package com.google.android.gms
W/PackageManager( 1570): Unknown permission android.permission.RESET_PASSWORD in package com.google.android.gms
W/PackageManager( 1570): Unknown permission android.permission.LOCK_DEVICE in package com.google.android.gms
W/PackageManager( 1570): Unknown permission android.permission.CONTROL_KEYGUARD_SECURE_NOTIFICATIONS in package com.google.android.gms
W/PackageManager( 1570): Unknown permission com.google.android.gm.permission.READ_GMAIL in package com.google.android.gms
W/PackageManager( 1570): Unknown permission com.android.voicemail.permission.READ_VOICEMAIL in package com.google.android.gms
W/PackageManager( 1570): Unknown permission com.google.android.voicesearch.SHORTCUTS_ACCESS in package com.google.android.googlequicksearchbox
W/PackageManager( 1570): Unknown permission com.google.android.voicesearch.ACCESS_SETTINGS in package com.google.android.googlequicksearchbox
W/PackageManager( 1570): Unknown permission com.google.android.ears.permission.WRITE in package com.google.android.googlequicksearchbox
W/PackageManager( 1570): Unknown permission com.google.android.apps.googlevoice.permission.AUTO_SEND in package com.google.android.googlequicksearchbox
W/PackageManager( 1570): Unknown permission com.google.android.gm.permission.AUTO_SEND in package com.google.android.googlequicksearchbox
W/PackageManager( 1570): Unknown permission android.permission.REQUEST_DELETE_PACKAGES in package com.google.android.play.games
W/PackageManager( 1570): Unknown permission com.google.android.finsky.permission.BIND_GET_INSTALL_REFERRER_SERVICE in package com.google.android.play.games
W/PackageManager( 1570): Not granting permission android.permission.DELETE_PACKAGES to package com.svox.pico (protectionLevel=18 flags=0x88be45)
W/PackageManager( 1570): Not granting permission android.permission.DEVICE_POWER to package com.android.deskclock (protectionLevel=2 flags=0xc8be45)
W/PackageManager( 1570): Not granting permission android.permission.READ_DREAM_STATE to package com.google.android.gsf (protectionLevel=2 flags=0x40883e45)
D/dalvikvm( 1655): GC_FOR_ALLOC freed 18K, 5% free 6083K/6360K, paused 2ms, total 2ms
W/AppWidgetServiceImpl( 1570): Failed to read state: java.io.FileNotFoundException: /data/system/users/0/appwidgets.xml: open failed: ENOENT (No such file or directory)
W/InputMethodManagerService( 1570): Ignoring setImeWindowStatus of uid 1000 token: null
W/InputMethodUtils( 1570): Found no subtypes in a system IME: com.android.inputmethod.pinyin
W/InputMethodManagerService( 1570): Reset the default IME as "Resource" is ready here.
W/InputMethodUtils( 1570): Found no subtypes in a system IME: com.android.inputmethod.pinyin
I/InputMethodManagerService( 1570): Selected default: com.google.android.inputmethod.latin/com.android.inputmethod.latin.LatinIME
V/PhoneStatusBar/NavigationBarView( 1655): touchEnabled:false
W/InputMethodUtils( 1570): NameNotFoundException: com.android.inputmethod.latin
W/InputMethodUtils( 1570): android.content.pm.PackageManager$NameNotFoundException: com.android.inputmethod.latin
W/InputMethodUtils( 1570): 	at android.app.ApplicationPackageManager.getApplicationInfo(ApplicationPackageManager.java:227)
W/InputMethodUtils( 1570): 	at com.android.internal.inputmethod.InputMethodUtils.setNonSelectedSystemImesDisabledUntilUsed(InputMethodUtils.java:441)
W/InputMethodUtils( 1570): 	at com.android.server.InputMethodManagerService.systemRunning(InputMethodManagerService.java:853)
W/InputMethodUtils( 1570): 	at com.android.server.ServerThread$2.run(SystemServer.java:1021)
W/InputMethodUtils( 1570): 	at com.android.server.am.ActivityManagerService.systemReady(ActivityManagerService.java:9363)
W/InputMethodUtils( 1570): 	at com.android.server.am.ActivityManagerService$13$1.run(ActivityManagerService.java:9258)
W/InputMethodUtils( 1570): 	at android.os.Handler.handleCallback(Handler.java:733)
W/InputMethodUtils( 1570): 	at android.os.Handler.dispatchMessage(Handler.java:95)
W/InputMethodUtils( 1570): 	at android.os.Looper.loop(Looper.java:136)
W/InputMethodUtils( 1570): 	at com.android.server.am.ActivityManagerService$AThread.run(ActivityManagerService.java:1870)
I/PackageManager( 1570): Running dexopt on: com.google.android.inputmethod.latin
I/ActivityManager( 1570): Start proc com.google.android.inputmethod.latin for service com.google.android.inputmethod.latin/com.android.inputmethod.latin.LatinIME: pid=1762 uid=10031 gids={50031, 3003, 1028, 1015}
V/InputMethodManagerService( 1570): Adding window token: android.os.Binder@9d742028
W/linker  ( 1775): libdvm.so has text relocations. This is wasting memory and is a security risk. Please fix.
W/InputMethodManagerService( 1570): Illegal subtype state: old subtype = null, new subtype = android.view.inputmethod.InputMethodSubtype@c9194f98
D/dalvikvm( 1775): DexOpt: load 8ms, verify+opt 39ms, 1425476 bytes
W/GpsLocationProvider( 1570): Could not open GPS configuration file /etc/gps.conf
D/dalvikvm( 1655): GC_FOR_ALLOC freed 49K, 4% free 7069K/7300K, paused 1ms, total 1ms
I/PackageManager( 1570): Running dexopt on: com.google.android.gms
W/linker  ( 1789): libdvm.so has text relocations. This is wasting memory and is a security risk. Please fix.
I/ActivityManager( 1570): Start proc com.google.android.gms.persistent for service com.google.android.gms/com.google.android.location.network.NetworkLocationService: pid=1776 uid=10007 gids={50007, 3003, 1007, 1028, 1015, 3002, 3001, 3007, 2001, 3006}
D/dalvikvm( 1789): DexOpt: couldn't find static field Landroid/os/Build;.SUPPORTED_64_BIT_ABIS
D/dalvikvm( 1789): DexOpt: couldn't find static field Landroid/os/Build;.SUPPORTED_64_BIT_ABIS
D/dalvikvm( 1789): DexOpt: couldn't find static field Landroid/os/Build;.SUPPORTED_64_BIT_ABIS
D/dalvikvm( 1789): DexOpt: couldn't find field Landroid/content/pm/ApplicationInfo;.splitSourceDirs
D/dalvikvm( 1789): DexOpt: couldn't find static field Landroid/os/Build;.SUPPORTED_ABIS
D/dalvikvm( 1789): DexOpt: couldn't find static field Landroid/os/Build;.SUPPORTED_64_BIT_ABIS
D/dalvikvm( 1789): DexOpt: load 26ms, verify+opt 133ms, 3112180 bytes
I/PackageManager( 1570): Running dexopt on: com.android.location.fused
W/linker  ( 1790): libdvm.so has text relocations. This is wasting memory and is a security risk. Please fix.
I/LatinIME( 1762): Hardware accelerated drawing: true
D/dalvikvm( 1790): DexOpt: load 0ms, verify+opt 0ms, 150300 bytes
W/dalvikvm( 1776): VFY: unable to resolve static field 1608 (PR_SET_DUMPABLE) in Landroid/system/OsConstants;
D/dalvikvm( 1776): VFY: replacing opcode 0x60 at 0x0017
W/dalvikvm( 1776): VFY: unable to find class referenced in signature (Lyqx;)
W/dalvikvm( 1776): VFY: unable to find class referenced in signature (Lyro;)
E/FlpHardwareProvider( 1570): Error hw_get_module 'flp': -2
I/LatinIME:LogUtils( 1762): Dictionary info: dictionary = personalization.en_US.dict ; version = ? ; date = 1629048274
E/FlpHardwareProvider( 1570): Error hw_get_module 'flp': -2
I/LatinIME:LogUtils( 1762): Dictionary info: dictionary = PersonalizationPredictionDictio ; version = ? ; date = 1629048274
I/ActivityManager( 1570): Start proc com.google.process.gapps for content provider com.google.android.gsf/.gservices.GservicesProvider: pid=1793 uid=10007 gids={50007, 3003, 1007, 1028, 1015, 3002, 3001, 3007, 2001, 3006}
I/PackageManager( 1570): Running dexopt on: com.google.android.syncadapters.contacts
W/linker  ( 1812): libdvm.so has text relocations. This is wasting memory and is a security risk. Please fix.
D/dalvikvm( 1812): DexOpt: load 4ms, verify+opt 22ms, 550756 bytes
E/BluetoothAdapter( 1655): Bluetooth binder is null
E/BluetoothAdapter( 1655): Bluetooth binder is null
W/InputAttributes( 1762): No editor info for this field. Bug?
E/BluetoothAdapter( 1655): Bluetooth binder is null
I/CommonTimeManagementService( 1570): No common time service detected on this platform.  Common time services will be unavailable.
I/InputReader( 1570): Reconfiguring input devices.  changes=0x00000030
I/dalvikvm( 1793): Could not find method android.content.ContentProvider.query, referenced from method brf.superQuery
W/dalvikvm( 1793): VFY: unable to resolve virtual method 2428: Landroid/content/ContentProvider;.query (Landroid/net/Uri;[Ljava/lang/String;Landroid/os/Bundle;Landroid/os/CancellationSignal;)Landroid/database/Cursor;
D/dalvikvm( 1793): VFY: replacing opcode 0x6f at 0x0000
I/ResourceUtils( 1762): Found default value: resource=keypress_vibration_durations build=[HARDWARE=ranchu MODEL=Android SDK built for x86 BRAND=generic_x86 MANUFACTURER=unknown] default=-1
I/ResourceUtils( 1762): Found default value: resource=keypress_volumes build=[HARDWARE=ranchu MODEL=Android SDK built for x86 BRAND=generic_x86 MANUFACTURER=unknown] default=-1.0f
E/BluetoothAdapter( 1655): Bluetooth binder is null
I/ActivityManager( 1570): Start proc com.android.phone for added application com.android.phone: pid=1814 uid=1001 gids={41001, 3002, 3001, 3003, 1028, 1015}
I/ActivityManager( 1570): START u0 {act=android.intent.action.MAIN cat=[android.intent.category.HOME] flg=0x10000000 cmp=com.android.settings/.CryptKeeper} from pid 0
D/dalvikvm( 1146): GC_EXPLICIT freed 37K, 7% free 2993K/3216K, paused 3ms+4ms, total 11ms
D/dalvikvm( 1146): GC_EXPLICIT freed <1K, 7% free 2993K/3216K, paused 1ms+0ms, total 4ms
D/dalvikvm( 1570): GC_FOR_ALLOC freed 779K, 54% free 6929K/14820K, paused 12ms, total 12ms
D/dalvikvm( 1762): GC_FOR_ALLOC freed 279K, 13% free 3219K/3680K, paused 2ms, total 3ms
D/dalvikvm( 1146): GC_EXPLICIT freed <1K, 7% free 2993K/3216K, paused 0ms+6ms, total 11ms
I/PackageManager( 1570): Running dexopt on: com.android.providers.telephony
D/gralloc_ranchu( 1145): gralloc_alloc: Creating ashmem region of size 8294400
W/linker  ( 1840): libdvm.so has text relocations. This is wasting memory and is a security risk. Please fix.
I/ActivityManager( 1570): Start proc com.android.settings for activity com.android.settings/.CryptKeeper: pid=1833 uid=1000 gids={41000, 1028, 1015, 3002, 3001, 3003}
D/dalvikvm( 1762): GC_FOR_ALLOC freed 411K, 18% free 3232K/3900K, paused 3ms, total 3ms
D/dalvikvm( 1840): DexOpt: load 1ms, verify+opt 18ms, 229852 bytes
I/PackageManager( 1570): Running dexopt on: com.android.phone
W/linker  ( 1849): libdvm.so has text relocations. This is wasting memory and is a security risk. Please fix.
D/dalvikvm( 1849): Note: class Landroid/app/ActivityManagerNative; has 179 unimplemented (abstract) methods
D/dalvikvm( 1849): DexOpt: load 8ms, verify+opt 40ms, 1187044 bytes
I/ActivityManager( 1570): Start proc android.process.acore for content provider com.android.providers.userdictionary/.UserDictionaryProvider: pid=1851 uid=10002 gids={50002, 3003, 1028, 1015}
I/PackageManager( 1570): Running dexopt on: com.android.settings
I/ActivityManager( 1570): Start proc android.process.media for broadcast com.android.providers.downloads/.DownloadReceiver: pid=1867 uid=10005 gids={50005, 1028, 1015, 1023, 1024, 2001, 3003, 3007}
W/linker  ( 1881): libdvm.so has text relocations. This is wasting memory and is a security risk. Please fix.
I/GservicesProvider( 1793): Gservices pushing to system: true; secure/global: true
D/dalvikvm( 1881): Note: class Landroid/app/ActivityManagerNative; has 179 unimplemented (abstract) methods
D/dalvikvm( 1881): DexOpt: load 23ms, verify+opt 96ms, 2338852 bytes
I/PackageManager( 1570): Running dexopt on: com.android.providers.userdictionary
I/ActivityManager( 1570): Start proc com.android.printspooler for service com.android.printspooler/.PrintSpoolerService: pid=1884 uid=10044 gids={50044}
W/linker  ( 1897): libdvm.so has text relocations. This is wasting memory and is a security risk. Please fix.
D/dalvikvm( 1897): DexOpt: load 2ms, verify+opt 1ms, 173356 bytes
I/PackageManager( 1570): Running dexopt on: com.android.providers.downloads
W/linker  ( 1898): libdvm.so has text relocations. This is wasting memory and is a security risk. Please fix.
D/dalvikvm( 1898): DexOpt: load 3ms, verify+opt 21ms, 540948 bytes
D/dalvikvm( 1851): GC_FOR_ALLOC freed 252K, 12% free 3253K/3692K, paused 3ms, total 3ms
I/PackageManager( 1570): Running dexopt on: com.android.printspooler
W/linker  ( 1901): libdvm.so has text relocations. This is wasting memory and is a security risk. Please fix.
D/dalvikvm( 1793): GC_FOR_ALLOC freed 269K, 13% free 3221K/3676K, paused 3ms, total 3ms
D/dalvikvm( 1901): DexOpt: load 6ms, verify+opt 11ms, 610380 bytes
I/PrintSpoolerService( 1884): No existing print spooler state.
I/LatinIME:LogUtils( 1762): Dictionary info: dictionary = personalization.en_US.dict ; version = ? ; date = 1629048274
D/PhoneStatusBar( 1655): disable: < expand icons alerts ticker system_info back home recent clock search >
I/ActivityManager( 1570): START u0 {act=android.intent.action.MAIN cat=[android.intent.category.HOME] flg=0x10000000 cmp=com.android.sdksetup/.DefaultActivity} from pid 0
I/LatinIME:LogUtils( 1762): Dictionary info: dictionary = UserHistoryDictionary.en_US.dic ; version = ? ; date = 1629048275
D/dalvikvm( 1570): GC_FOR_ALLOC freed 814K, 53% free 7103K/14820K, paused 10ms, total 10ms
I/ActivityManager( 1570): Start proc com.android.sdksetup for activity com.android.sdksetup/.DefaultActivity: pid=1912 uid=10046 gids={50046}
I/dalvikvm( 1776): Could not find method android.system.Os.readlink, referenced from method msk.a
W/dalvikvm( 1776): VFY: unable to resolve static method 3145: Landroid/system/Os;.readlink (Ljava/lang/String;)Ljava/lang/String;
D/dalvikvm( 1776): VFY: replacing opcode 0x71 at 0x00b0
I/dalvikvm( 1776): Could not find method android.os.PowerManager.isInteractive, referenced from method ndc.a
W/dalvikvm( 1776): VFY: unable to resolve virtual method 3046: Landroid/os/PowerManager;.isInteractive ()Z
D/dalvikvm( 1776): VFY: replacing opcode 0x6e at 0x0013
I/dalvikvm( 1776): Could not find method com.google.android.chimera.ModuleContext.getAttributionTag, referenced from method com.google.android.chimera.ModuleContext.createAttributionContext
W/dalvikvm( 1776): VFY: unable to resolve virtual method 14170: Lcom/google/android/chimera/ModuleContext;.getAttributionTag ()Ljava/lang/String;
D/dalvikvm( 1776): VFY: replacing opcode 0x6e at 0x0004
I/dalvikvm( 1776): Could not find method com.google.android.chimera.ContextThemeWrapper.createAttributionContext, referenced from method com.google.android.chimera.ModuleContext.createAttributionContext
W/dalvikvm( 1776): VFY: unable to resolve virtual method 13785: Lcom/google/android/chimera/ContextThemeWrapper;.createAttributionContext (Ljava/lang/String;)Landroid/content/Context;
D/dalvikvm( 1776): VFY: replacing opcode 0x6f at 0x0035
I/dalvikvm( 1776): Could not find method android.content.ContextWrapper.createCredentialProtectedStorageContext, referenced from method com.google.android.chimera.ModuleContext.createCredentialProtectedStorageContext
W/dalvikvm( 1776): VFY: unable to resolve virtual method 2508: Landroid/content/ContextWrapper;.createCredentialProtectedStorageContext ()Landroid/content/Context;
D/dalvikvm( 1776): VFY: replacing opcode 0x6f at 0x0002
I/dalvikvm( 1776): Could not find method android.content.ContextWrapper.createDeviceProtectedStorageContext, referenced from method com.google.android.chimera.ModuleContext.createDeviceProtectedStorageContext
W/dalvikvm( 1776): VFY: unable to resolve virtual method 2509: Landroid/content/ContextWrapper;.createDeviceProtectedStorageContext ()Landroid/content/Context;
D/dalvikvm( 1776): VFY: replacing opcode 0x6f at 0x0002
I/dalvikvm( 1776): Could not find method com.google.android.chimera.ContextThemeWrapper.sendBroadcastWithMultiplePermissions, referenced from method com.google.android.chimera.ModuleContext.sendBroadcastWithMultiplePermissions
W/dalvikvm( 1776): VFY: unable to resolve virtual method 13795: Lcom/google/android/chimera/ContextThemeWrapper;.sendBroadcastWithMultiplePermissions (Landroid/content/Intent;[Ljava/lang/String;)V
D/dalvikvm( 1776): VFY: replacing opcode 0x6f at 0x0009
I/PackageManager( 1570): Running dexopt on: com.android.sdksetup
D/dalvikvm( 1655): GC_FOR_ALLOC freed 162K, 5% free 8186K/8532K, paused 4ms, total 4ms
I/MultiDex( 1776): VM with version 1.6.0 does not have multidex support
I/MultiDex( 1776): Installing application
I/MultiDex( 1776): MultiDexExtractor(/system/priv-app/PrebuiltGmsCore.apk, /data/data/com.google.android.gms/code_cache/secondary-dexes)
I/MultiDex( 1776): Blocking on lock /data/data/com.google.android.gms/code_cache/secondary-dexes/MultiDex.lock
I/MultiDex( 1776): /data/data/com.google.android.gms/code_cache/secondary-dexes/MultiDex.lock locked
I/MultiDex( 1776): MultiDexExtractor.load(/system/priv-app/PrebuiltGmsCore.apk, false, )
W/linker  ( 1927): libdvm.so has text relocations. This is wasting memory and is a security risk. Please fix.
I/MultiDex( 1776): Detected that extraction must be performed.
I/MediaProvider( 1867): Upgrading media database from version 0 to 700, which will destroy all old data
D/dalvikvm( 1927): DexOpt: load 1ms, verify+opt 0ms, 147076 bytes
I/FusedLocation( 1570): engine started (com.android.location.fused)
E/BluetoothAdapter( 1655): Bluetooth binder is null
I/LatinIME:LogUtils( 1762): Dictionary info: dictionary = userunigram.en_US.dict ; version = ? ; date = ?
D/dalvikvm( 1776): GC_FOR_ALLOC freed 253K, 12% free 3245K/3680K, paused 4ms, total 5ms
D/PhoneStatusBar( 1655): heads up is disabled
D/PhoneStatusBar( 1655): mSettingsPanelGravity = 55
I/Choreographer( 1655): Skipped 66 frames!  The application may be doing too much work on its main thread.
V/KeyguardTouchDelegate( 1655): Connected to keyguard
D/dalvikvm( 1762): GC_FOR_ALLOC freed 464K, 17% free 3282K/3928K, paused 5ms, total 5ms
I/ActivityManager( 1570): Force stopping com.android.sdksetup appid=10046 user=0: pkg changed
I/ActivityManager( 1570): Killing 1912:com.android.sdksetup/u0a46 (adj 0): stop com.android.sdksetup
I/ActivityManager( 1570):   Force finishing activity ActivityRecord{9d572fd0 u0 com.android.sdksetup/.DefaultActivity t2}
I/ActivityManager( 1570): START u0 {act=android.intent.action.MAIN cat=[android.intent.category.HOME] flg=0x10000000 cmp=com.android.launcher/com.android.launcher2.Launcher} from pid 0
I/ActivityManager( 1570): Start proc com.android.launcher for activity com.android.launcher/com.android.launcher2.Launcher: pid=1935 uid=10009 gids={50009}
I/InputReader( 1570): Reconfiguring input devices.  changes=0x00000010
D/dalvikvm( 1776): GC_FOR_ALLOC freed 141K, 9% free 3608K/3940K, paused 3ms, total 3ms
I/PackageManager( 1570): Running dexopt on: com.android.launcher
D/        ( 1655): HostConnection::get() New Host Connection established 0xb8894ef0, tid 1655
W/linker  ( 1952): libdvm.so has text relocations. This is wasting memory and is a security risk. Please fix.
D/EGL_emulation( 1655): eglCreateContext: 0xb8896e90: maj 3 min 0 rcv 3
D/EGL_emulation( 1655): eglMakeCurrent: 0xb8896e90: ver 3 0
E/eglCodecCommon( 1655): glUtilsParamSize: unknow param 0x00008cdf
E/eglCodecCommon( 1655): glUtilsParamSize: unknow param 0x00008824
E/EGL_emulation( 1655): tid 1655: eglSurfaceAttrib(1199): error 0x3009 (EGL_BAD_MATCH)
W/HardwareRenderer( 1655): Backbuffer cannot be preserved
D/OpenGLRenderer( 1655): Enabling debug mode 0
D/EGL_emulation( 1655): eglMakeCurrent: 0xb8896e90: ver 3 0
E/EGL_emulation( 1655): tid 1655: eglSurfaceAttrib(1199): error 0x3009 (EGL_BAD_MATCH)
W/HardwareRenderer( 1655): Backbuffer cannot be preserved
D/dalvikvm( 1776): GC_FOR_ALLOC freed 131K, 9% free 3959K/4304K, paused 3ms, total 3ms
E/SQLiteLog( 1867): (1) no such table: album_info
D/dalvikvm( 1776): GC_FOR_ALLOC freed 120K, 8% free 4302K/4656K, paused 2ms, total 2ms
D/dalvikvm( 1776): GC_FOR_ALLOC freed 127K, 8% free 4610K/4996K, paused 2ms, total 2ms
I/MultiDex( 1776): Extraction is needed for file /data/data/com.google.android.gms/code_cache/secondary-dexes/PrebuiltGmsCore.apk.classes2.zip
I/MultiDex( 1776): Extracting /data/data/com.google.android.gms/code_cache/secondary-dexes/tmp-PrebuiltGmsCore.apk.classes828646848.zip
D/dalvikvm( 1952): DexOpt: load 21ms, verify+opt 31ms, 987780 bytes
I/ContactLocale( 1851): AddressBook Labels [en_US]: [, A, B, C, D, E, F, G, H, I, J, K, L, M, N, O, P, Q, R, S, T, U, V, W, X, Y, Z, , , , , , , , , , , , , , , , , , , , , , , , , , , , , , , , , , , , , , , , , , , , , , , , , , , , , , , , , , , , , , , , , , , , , , , , , , , , , , , , , , , , , , , , , , , , , , , , , , , , , , , , , , , , , , , , , , , , , , , , , , , , , , , , , , , , , , , , , , , , , , , , , , , , , , , , , , , , , , , , , , , , , , , , , , , , , , , , , , , , , , #, ]
D/EGL_emulation( 1655): eglMakeCurrent: 0xb8896e90: ver 3 0
I/PackageManager( 1570):   Action: "android.intent.action.SENDTO"
I/PackageManager( 1570):   Category: "android.intent.category.DEFAULT"
I/PackageManager( 1570):   Scheme: "sms"
W/BackupManagerService( 1570): dataChanged but no participant pkg='com.android.providers.settings' uid=1001
I/PackageManager( 1570): Adding preferred activity ComponentInfo{com.android.mms/com.android.mms.ui.ComposeMessageActivity} for user 0 :
I/PackageManager( 1570):   Action: "android.intent.action.SENDTO"
I/PackageManager( 1570):   Category: "android.intent.category.DEFAULT"
I/PackageManager( 1570):   Scheme: "smsto"
I/PackageManager( 1570): Adding preferred activity ComponentInfo{com.android.mms/com.android.mms.ui.ComposeMessageActivity} for user 0 :
I/ActivityManager( 1570): Start proc com.android.externalstorage for broadcast com.android.externalstorage/.MountReceiver: pid=1961 uid=10006 gids={50006, 1028, 1015, 1023}
I/PackageManager( 1570):   Action: "android.intent.action.SENDTO"
I/PackageManager( 1570):   Category: "android.intent.category.DEFAULT"
I/PackageManager( 1570):   Scheme: "mms"
I/PackageManager( 1570): Running dexopt on: com.android.externalstorage
I/PackageManager( 1570):   Action: "android.intent.action.SENDTO"
I/PackageManager( 1570):   Category: "android.intent.category.DEFAULT"
I/PackageManager( 1570):   Scheme: "mmsto"
I/PackageManager( 1570): Adding preferred activity ComponentInfo{com.android.mms/com.android.mms.ui.ComposeMessageActivity} for user 0 :
I/PackageManager( 1570): Adding preferred activity ComponentInfo{com.android.mms/com.android.mms.ui.ComposeMessageActivity} for user 0 :
W/linker  ( 1974): libdvm.so has text relocations. This is wasting memory and is a security risk. Please fix.
I/DownloadManager( 1867): Upgrading downloads database from version 0 to version 109, which will destroy all old data
D/dalvikvm( 1974): DexOpt: load 1ms, verify+opt 5ms, 224484 bytes
I/PackageManager( 1570): Adding preferred activity ComponentInfo{com.android.mms/com.android.mms.ui.ComposeMessageActivity} for user 0 :
D/dalvikvm( 1570): GC_FOR_ALLOC freed 1052K, 53% free 7083K/14820K, paused 11ms, total 12ms
I/PackageManager( 1570):   Action: "android.intent.action.SENDTO"
I/PackageManager( 1570):   Category: "android.intent.category.DEFAULT"
I/PackageManager( 1570):   Scheme: "sms"
I/PackageManager( 1570):   Action: "android.intent.action.SENDTO"
I/PackageManager( 1570):   Category: "android.intent.category.DEFAULT"
I/PackageManager( 1570):   Scheme: "smsto"
I/PackageManager( 1570):   Action: "android.intent.action.SENDTO"
I/PackageManager( 1570):   Category: "android.intent.category.DEFAULT"
I/PackageManager( 1570):   Scheme: "mms"
I/PackageManager( 1570): Adding preferred activity ComponentInfo{com.android.mms/com.android.mms.ui.ComposeMessageActivity} for user 0 :
I/PackageManager( 1570): Adding preferred activity ComponentInfo{com.android.mms/com.android.mms.ui.ComposeMessageActivity} for user 0 :
I/PackageManager( 1570):   Action: "android.intent.action.SENDTO"
I/PackageManager( 1570):   Category: "android.intent.category.DEFAULT"
I/PackageManager( 1570):   Scheme: "mmsto"
I/FusedLocation( 1570): engine stopped (com.android.location.fused)
I/FusedLocation( 1570): engine started (com.android.location.fused)
I/PackageManager( 1570): Adding preferred activity ComponentInfo{com.android.mms/com.android.mms.ui.ComposeMessageActivity} for user 0 :
D/ExternalStorage( 1961): After updating volumes, found 1 active roots
I/DownloadManager( 1867): Download 1 starting
D/ExternalStorage( 1961): After updating volumes, found 1 active roots
D/MediaScannerReceiver( 1867): action: android.intent.action.MEDIA_MOUNTED path: /storage/sdcard
D/dalvikvm( 1867): GC_FOR_ALLOC freed 283K, 13% free 3222K/3692K, paused 6ms, total 6ms
W/DownloadManager( 1867): Aborting request for download 1: NO_CONNECTION
D/dalvikvm( 1814): GC_FOR_ALLOC freed 245K, 12% free 3252K/3680K, paused 3ms, total 3ms
I/LatinIME:LogUtils( 1762): Dictionary info: dictionary = main:en ; version = 42 ; date = 1381226516
E/BluetoothAdapter( 1814): Bluetooth binder is null
I/DownloadManager( 1867): Download 1 finished with status WAITING_FOR_NETWORK
D/dalvikvm( 1655): GC_FOR_ALLOC freed 141K, 4% free 8888K/9212K, paused 2ms, total 2ms
I/dalvikvm-heap( 1655): Grow heap (frag case) to 11.786MB for 3072012-byte allocation
E/BluetoothAdapter( 1814): Bluetooth binder is null
D/CallNotifier( 1814): CallNotifier: mSignalInfoToneGenerator created when toneplay
E/BluetoothAdapter( 1814): Bluetooth binder is null
D/dalvikvm( 1935): GC_FOR_ALLOC freed 198K, 11% free 3279K/3668K, paused 9ms, total 9ms
D/dalvikvm( 1655): GC_FOR_ALLOC freed 5K, 3% free 11882K/12216K, paused 29ms, total 29ms
D/dalvikvm( 1655): GC_FOR_ALLOC freed <1K, 3% free 11883K/12216K, paused 4ms, total 4ms
D/dalvikvm( 1935): GC_FOR_ALLOC freed 51K, 7% free 3711K/3956K, paused 2ms, total 2ms
D/AlarmManagerService( 1570): Kernel timezone updated to 240 minutes west of GMT
D/        ( 1814): Setting time of day to sec=1629048275
D/MobileDataStateTracker( 1570): fota: Broadcast received: android.intent.action.ANY_DATA_STATE apnType=fota
D/MobileDataStateTracker( 1570): fota: Received state=DISCONNECTED, old=DISCONNECTED, reason=radioTurnedOff
D/MobileDataStateTracker( 1570): ia: Broadcast received: android.intent.action.ANY_DATA_STATE apnType=ia
D/MobileDataStateTracker( 1570): ia: Received state=DISCONNECTED, old=DISCONNECTED, reason=radioTurnedOff
D/MobileDataStateTracker( 1570): supl: Broadcast received: android.intent.action.ANY_DATA_STATE apnType=supl
D/MobileDataStateTracker( 1570): supl: Received state=DISCONNECTED, old=DISCONNECTED, reason=radioTurnedOff
D/MobileDataStateTracker( 1570): hipri: Broadcast received: android.intent.action.ANY_DATA_STATE apnType=hipri
D/MobileDataStateTracker( 1570): hipri: Received state=DISCONNECTED, old=DISCONNECTED, reason=radioTurnedOff
D/MobileDataStateTracker( 1570): ims: Broadcast received: android.intent.action.ANY_DATA_STATE apnType=ims
D/MobileDataStateTracker( 1570): ims: Received state=DISCONNECTED, old=DISCONNECTED, reason=radioTurnedOff
D/MobileDataStateTracker( 1570): default: Broadcast received: android.intent.action.ANY_DATA_STATE apnType=default
D/MobileDataStateTracker( 1570): default: Received state=DISCONNECTED, old=DISCONNECTED, reason=radioTurnedOff
D/MobileDataStateTracker( 1570): mms: Broadcast received: android.intent.action.ANY_DATA_STATE apnType=mms
D/MobileDataStateTracker( 1570): mms: Received state=DISCONNECTED, old=DISCONNECTED, reason=radioTurnedOff
D/MobileDataStateTracker( 1570): cbs: Broadcast received: android.intent.action.ANY_DATA_STATE apnType=cbs
D/MobileDataStateTracker( 1570): cbs: Received state=DISCONNECTED, old=DISCONNECTED, reason=radioTurnedOff
D/MobileDataStateTracker( 1570): fota: Broadcast received: android.intent.action.ANY_DATA_STATE apnType=fota
D/MobileDataStateTracker( 1570): fota: Received state=DISCONNECTED, old=DISCONNECTED, reason=radioTurnedOff
D/MobileDataStateTracker( 1570): ia: Broadcast received: android.intent.action.ANY_DATA_STATE apnType=ia
D/MobileDataStateTracker( 1570): ia: Received state=DISCONNECTED, old=DISCONNECTED, reason=radioTurnedOff
I/dalvikvm-heap( 1655): Grow heap (frag case) to 25.843MB for 14745612-byte allocation
D/dalvikvm( 1655): GC_FOR_ALLOC freed 0K, 2% free 26283K/26620K, paused 3ms, total 3ms
D/dalvikvm( 1935): GC_FOR_ALLOC freed 27K, 6% free 3875K/4092K, paused 18ms, total 19ms
I/ActivityManager( 1570): Start proc com.android.exchange for content provider com.android.exchange/.provider.ExchangeDirectoryProvider: pid=1996 uid=10027 gids={50027, 3003, 1028, 1015}
D/MobileDataStateTracker( 1570): supl: Broadcast received: android.intent.action.ANY_DATA_STATE apnType=supl
D/MobileDataStateTracker( 1570): supl: Received state=DISCONNECTED, old=DISCONNECTED, reason=radioTurnedOff
D/MobileDataStateTracker( 1570): hipri: Broadcast received: android.intent.action.ANY_DATA_STATE apnType=hipri
D/MobileDataStateTracker( 1570): hipri: Received state=DISCONNECTED, old=DISCONNECTED, reason=radioTurnedOff
D/MobileDataStateTracker( 1570): ims: Broadcast received: android.intent.action.ANY_DATA_STATE apnType=ims
D/MobileDataStateTracker( 1570): ims: Received state=DISCONNECTED, old=DISCONNECTED, reason=radioTurnedOff
D/MobileDataStateTracker( 1570): default: Broadcast received: android.intent.action.ANY_DATA_STATE apnType=default
D/MobileDataStateTracker( 1570): default: Received state=DISCONNECTED, old=DISCONNECTED, reason=radioTurnedOff
D/MobileDataStateTracker( 1570): mms: Broadcast received: android.intent.action.ANY_DATA_STATE apnType=mms
D/MobileDataStateTracker( 1570): mms: Received state=DISCONNECTED, old=DISCONNECTED, reason=radioTurnedOff
D/MobileDataStateTracker( 1570): cbs: Broadcast received: android.intent.action.ANY_DATA_STATE apnType=cbs
D/TelephonyDebugService( 1814): TelephonyDebugService()
D/MobileDataStateTracker( 1570): cbs: Received state=DISCONNECTED, old=DISCONNECTED, reason=radioTurnedOff
D/MobileDataStateTracker( 1570): fota: Broadcast received: android.intent.action.ANY_DATA_STATE apnType=fota
D/MobileDataStateTracker( 1570): fota: Received state=DISCONNECTED, old=DISCONNECTED, reason=dataDetached
D/MobileDataStateTracker( 1570): ia: Broadcast received: android.intent.action.ANY_DATA_STATE apnType=ia
D/MobileDataStateTracker( 1570): ia: Received state=DISCONNECTED, old=DISCONNECTED, reason=dataDetached
D/MobileDataStateTracker( 1570): supl: Broadcast received: android.intent.action.ANY_DATA_STATE apnType=supl
D/MobileDataStateTracker( 1570): supl: Received state=DISCONNECTED, old=DISCONNECTED, reason=dataDetached
D/MobileDataStateTracker( 1570): hipri: Broadcast received: android.intent.action.ANY_DATA_STATE apnType=hipri
D/MobileDataStateTracker( 1570): hipri: Received state=DISCONNECTED, old=DISCONNECTED, reason=dataDetached
D/MobileDataStateTracker( 1570): ims: Broadcast received: android.intent.action.ANY_DATA_STATE apnType=ims
D/MobileDataStateTracker( 1570): ims: Received state=DISCONNECTED, old=DISCONNECTED, reason=dataDetached
D/MobileDataStateTracker( 1570): default: Broadcast received: android.intent.action.ANY_DATA_STATE apnType=default
D/MobileDataStateTracker( 1570): default: Received state=DISCONNECTED, old=DISCONNECTED, reason=dataDetached
D/MobileDataStateTracker( 1570): mms: Broadcast received: android.intent.action.ANY_DATA_STATE apnType=mms
D/MobileDataStateTracker( 1570): mms: Received state=DISCONNECTED, old=DISCONNECTED, reason=dataDetached
D/MobileDataStateTracker( 1570): cbs: Broadcast received: android.intent.action.ANY_DATA_STATE apnType=cbs
D/MobileDataStateTracker( 1570): cbs: Received state=DISCONNECTED, old=DISCONNECTED, reason=dataDetached
D/MobileDataStateTracker( 1570): fota: Broadcast received: android.intent.action.ANY_DATA_STATE apnType=fota
D/MobileDataStateTracker( 1570): fota: Received state=DISCONNECTED, old=DISCONNECTED, reason=roamingOff
D/MobileDataStateTracker( 1570): ia: Broadcast received: android.intent.action.ANY_DATA_STATE apnType=ia
D/MobileDataStateTracker( 1570): ia: Received state=DISCONNECTED, old=DISCONNECTED, reason=roamingOff
D/MobileDataStateTracker( 1570): supl: Broadcast received: android.intent.action.ANY_DATA_STATE apnType=supl
