E/dalvikvm( 2457): Could not find class 'android.app.job.JobScheduler', referenced from method gss.b
W/dalvikvm( 2457): VFY: unable to resolve check-cast 443 (Landroid/app/job/JobScheduler;) in Lgss;
D/dalvikvm( 2457): VFY: replacing opcode 0x1f at 0x02b1
E/dalvikvm( 2457): Could not find class 'android.app.job.JobScheduler', referenced from method gss.b
W/dalvikvm( 2457): VFY: unable to resolve check-cast 443 (Landroid/app/job/JobScheduler;) in Lgss;
D/dalvikvm( 2457): VFY: replacing opcode 0x1f at 0x0672
E/dalvikvm( 2457): Could not find class 'android.app.job.JobScheduler', referenced from method gss.b
W/dalvikvm( 2457): VFY: unable to resolve check-cast 443 (Landroid/app/job/JobScheduler;) in Lgss;
D/dalvikvm( 2457): VFY: replacing opcode 0x1f at 0x0866
E/dalvikvm( 2457): Could not find class 'android.app.job.JobScheduler', referenced from method gss.b
W/dalvikvm( 2457): VFY: unable to resolve check-cast 443 (Landroid/app/job/JobScheduler;) in Lgss;
D/dalvikvm( 2457): VFY: replacing opcode 0x1f at 0x0906
E/dalvikvm( 2457): Could not find class 'android.app.job.JobScheduler', referenced from method gss.b
W/dalvikvm( 2457): VFY: unable to resolve check-cast 443 (Landroid/app/job/JobScheduler;) in Lgss;
D/dalvikvm( 2457): VFY: replacing opcode 0x1f at 0x095c
E/dalvikvm( 2457): Could not find class 'android.app.job.JobScheduler', referenced from method gss.b
W/dalvikvm( 2457): VFY: unable to resolve check-cast 443 (Landroid/app/job/JobScheduler;) in Lgss;
D/dalvikvm( 2457): VFY: replacing opcode 0x1f at 0x09fc
E/dalvikvm( 2457): Could not find class 'android.app.job.JobScheduler', referenced from method gss.b
W/dalvikvm( 2457): VFY: unable to resolve check-cast 443 (Landroid/app/job/JobScheduler;) in Lgss;
D/dalvikvm( 2457): VFY: replacing opcode 0x1f at 0x0a1e
E/dalvikvm( 2457): Could not find class 'android.app.job.JobScheduler', referenced from method gss.b
W/dalvikvm( 2457): VFY: unable to resolve check-cast 443 (Landroid/app/job/JobScheduler;) in Lgss;
D/dalvikvm( 2457): VFY: replacing opcode 0x1f at 0x0a40
E/dalvikvm( 2457): Could not find class 'android.app.job.JobScheduler', referenced from method gss.b
W/dalvikvm( 2457): VFY: unable to resolve check-cast 443 (Landroid/app/job/JobScheduler;) in Lgss;
D/dalvikvm( 2457): VFY: replacing opcode 0x1f at 0x0a62
E/dalvikvm( 2457): Could not find class 'android.app.job.JobScheduler', referenced from method gss.b
W/dalvikvm( 2457): VFY: unable to resolve check-cast 443 (Landroid/app/job/JobScheduler;) in Lgss;
D/dalvikvm( 2457): VFY: replacing opcode 0x1f at 0x0ae8
E/dalvikvm( 2457): Could not find class 'android.app.job.JobScheduler', referenced from method gss.b
W/dalvikvm( 2457): VFY: unable to resolve check-cast 443 (Landroid/app/job/JobScheduler;) in Lgss;
D/dalvikvm( 2457): VFY: replacing opcode 0x1f at 0x0b20
E/dalvikvm( 2457): Could not find class 'android.app.job.JobScheduler', referenced from method gss.c
W/dalvikvm( 2457): VFY: unable to resolve check-cast 443 (Landroid/app/job/JobScheduler;) in Lgss;
D/dalvikvm( 2457): VFY: replacing opcode 0x1f at 0x0077
E/dalvikvm( 2457): Could not find class 'android.app.job.JobScheduler', referenced from method gss.c
W/dalvikvm( 2457): VFY: unable to resolve check-cast 443 (Landroid/app/job/JobScheduler;) in Lgss;
D/dalvikvm( 2457): VFY: replacing opcode 0x1f at 0x012a
E/dalvikvm( 2457): Could not find class 'android.app.job.JobScheduler', referenced from method gss.c
W/dalvikvm( 2457): VFY: unable to resolve check-cast 443 (Landroid/app/job/JobScheduler;) in Lgss;
D/dalvikvm( 2457): VFY: replacing opcode 0x1f at 0x0327
I/GCoreUlr( 1776): WorldUpdater:android.location.PROVIDERS_CHANGED: Ensuring that reporting is stopped because of reasons: (no Google accounts)
I/PrimesTesting( 2457): GserviceFlagsSupplier.get()
E/dalvikvm( 2457): Could not find class 'android.app.job.JobScheduler', referenced from method gtk.u_
W/dalvikvm( 2457): VFY: unable to resolve check-cast 443 (Landroid/app/job/JobScheduler;) in Lgtk;
D/dalvikvm( 2457): VFY: replacing opcode 0x1f at 0x0080
I/dalvikvm( 1776): Could not find method android.content.Context.createDeviceProtectedStorageContext, referenced from method vhu.a
W/dalvikvm( 1776): VFY: unable to resolve virtual method 4497: Landroid/content/Context;.createDeviceProtectedStorageContext ()Landroid/content/Context;
D/dalvikvm( 1776): VFY: replacing opcode 0x6e at 0x001b
I/Herrevad( 1776): [56] wkz.a: updateListenState
I/dalvikvm( 2380): Could not find method com.google.android.chimera.ContextThemeWrapper.createAttributionContext, referenced from method mnu.createAttributionContext
W/dalvikvm( 2380): VFY: unable to resolve virtual method 13785: Lcom/google/android/chimera/ContextThemeWrapper;.createAttributionContext (Ljava/lang/String;)Landroid/content/Context;
D/dalvikvm( 2380): VFY: replacing opcode 0x6f at 0x0002
I/dalvikvm( 2380): Could not find method android.content.ContextWrapper.createCredentialProtectedStorageContext, referenced from method mnu.createCredentialProtectedStorageContext
W/dalvikvm( 2380): VFY: unable to resolve virtual method 2508: Landroid/content/ContextWrapper;.createCredentialProtectedStorageContext ()Landroid/content/Context;
D/dalvikvm( 2380): VFY: replacing opcode 0x6f at 0x0002
I/dalvikvm( 2380): Could not find method android.content.ContextWrapper.createDeviceProtectedStorageContext, referenced from method mnu.createDeviceProtectedStorageContext
W/dalvikvm( 2380): VFY: unable to resolve virtual method 2509: Landroid/content/ContextWrapper;.createDeviceProtectedStorageContext ()Landroid/content/Context;
D/dalvikvm( 2380): VFY: replacing opcode 0x6f at 0x0002
E/dalvikvm( 1776): Could not find class 'android.app.usage.UsageStatsManager', referenced from method vha.a
W/dalvikvm( 1776): VFY: unable to resolve const-class 1242 (Landroid/app/usage/UsageStatsManager;) in Lvha;
D/dalvikvm( 1776): VFY: replacing opcode 0x1c at 0x0009
D/dalvikvm( 2092): GC_FOR_ALLOC freed 1435K, 19% free 7554K/9228K, paused 22ms, total 25ms
I/Icing   ( 2092): updateResources: need to parse wwx{com.google.android.gms}
I/dalvikvm( 2380): Could not find method android.content.Context.bindService, referenced from method uws.bindService
W/dalvikvm( 2380): VFY: unable to resolve virtual method 2453: Landroid/content/Context;.bindService (Landroid/content/Intent;ILjava/util/concurrent/Executor;Landroid/content/ServiceConnection;)Z
D/dalvikvm( 2380): VFY: replacing opcode 0x6e at 0x0018
I/dalvikvm( 2380): Could not find method android.content.Context.bindService, referenced from method uws.bindService
W/dalvikvm( 2380): VFY: unable to resolve virtual method 2453: Landroid/content/Context;.bindService (Landroid/content/Intent;ILjava/util/concurrent/Executor;Landroid/content/ServiceConnection;)Z
D/dalvikvm( 2380): VFY: replacing opcode 0x6e at 0x0030
I/dalvikvm( 2380): Could not find method android.content.Context.startForegroundService, referenced from method uws.startForegroundService
W/dalvikvm( 2380): VFY: unable to resolve virtual method 2501: Landroid/content/Context;.startForegroundService (Landroid/content/Intent;)Landroid/content/ComponentName;
D/dalvikvm( 2380): VFY: replacing opcode 0x6e at 0x001c
I/dalvikvm( 2380): Could not find method android.content.Context.startForegroundService, referenced from method uws.startForegroundService
W/dalvikvm( 2380): VFY: unable to resolve virtual method 2501: Landroid/content/Context;.startForegroundService (Landroid/content/Intent;)Landroid/content/ComponentName;
D/dalvikvm( 2380): VFY: replacing opcode 0x6e at 0x0028
I/GCM-GMS ( 2092): Scheduling task to register GMS
I/dalvikvm( 2457): Could not find method android.content.pm.PackageManager.isInstantApp, referenced from method hub.a
W/dalvikvm( 2457): VFY: unable to resolve virtual method 3345: Landroid/content/pm/PackageManager;.isInstantApp (Ljava/lang/String;)Z
D/dalvikvm( 2457): VFY: replacing opcode 0x6e at 0x0026
I/GCoreUlr( 1776): Unbound from all signal providers.
I/dalvikvm( 2457): Could not find method android.app.NotificationManager.getNotificationChannel, referenced from method gzd.a
W/dalvikvm( 2457): VFY: unable to resolve virtual method 2974: Landroid/app/NotificationManager;.getNotificationChannel (Ljava/lang/String;)Landroid/app/NotificationChannel;
D/dalvikvm( 2457): VFY: replacing opcode 0x6e at 0x00c5
D/dalvikvm( 2457): DexOpt: unable to opt direct call 0x0b8a at 0xd2 in Lgzd;.a
E/dalvikvm( 2457): Could not find class 'com.google.common.flogger.backend.google.GooglePlatform', referenced from method plf.a
W/dalvikvm( 2457): VFY: unable to resolve const-class 3003 (Lcom/google/common/flogger/backend/google/GooglePlatform;) in Lplf;
D/dalvikvm( 2457): VFY: replacing opcode 0x1c at 0x0014
D/dalvikvm( 2380): GC_FOR_ALLOC freed 263K, 9% free 5561K/6068K, paused 16ms, total 16ms
I/dalvikvm( 2380): Could not find method android.os.PowerManager.isPowerSaveMode, referenced from method uwl.a
W/dalvikvm( 2380): VFY: unable to resolve virtual method 3047: Landroid/os/PowerManager;.isPowerSaveMode ()Z
D/dalvikvm( 2380): VFY: replacing opcode 0x6e at 0x0010
D/dalvikvm( 2457): GC_FOR_ALLOC freed 381K, 15% free 3268K/3836K, paused 12ms, total 12ms
I/dalvikvm( 2457): Could not find method com.google.android.chimera.BoundService.getStartIntent, referenced from method hki.a
W/dalvikvm( 2457): VFY: unable to resolve static method 13682: Lcom/google/android/chimera/BoundService;.getStartIntent (Landroid/content/Context;Ljava/lang/String;)Landroid/content/Intent;
D/dalvikvm( 2457): VFY: replacing opcode 0x71 at 0x0024
W/ActivityManager( 1570): Unable to start service Intent { act=com.google.android.gms.instantapps.START pkg=com.google.android.gms } U=0: not found
E/GmsClient( 2457): unable to connect to service: com.google.android.gms.instantapps.START on com.google.android.gms
D/dalvikvm( 1793): GC_EXPLICIT freed 134K, 30% free 5376K/7580K, paused 0ms+0ms, total 4ms
W/ActivityManager( 1570): Unbind failed: could not find connection for android.os.BinderProxy@9dab97f0
I/dalvikvm( 2457): Could not find method android.content.Context.deleteSharedPreferences, referenced from method fya.c
W/dalvikvm( 2457): VFY: unable to resolve virtual method 3145: Landroid/content/Context;.deleteSharedPreferences (Ljava/lang/String;)Z
D/dalvikvm( 2457): VFY: replacing opcode 0x6e at 0x002a
D/dalvikvm( 2380): GC_FOR_ALLOC freed 341K, 10% free 5989K/6608K, paused 13ms, total 13ms
W/dalvikvm( 1776): VFY: unable to find class referenced in signature (Landroid/net/Network;)
W/dalvikvm( 1776): VFY: unable to find class referenced in signature (Landroid/net/Network;)
I/dalvikvm( 1776): Could not find method android.net.Network.openConnection, referenced from method wna.a
W/dalvikvm( 1776): VFY: unable to resolve virtual method 5072: Landroid/net/Network;.openConnection (Ljava/net/URL;)Ljava/net/URLConnection;
D/dalvikvm( 1776): VFY: replacing opcode 0x6e at 0x008f
I/dalvikvm( 2457): Could not find method java.util.Locale.toLanguageTag, referenced from method fvw.a
W/dalvikvm( 2457): VFY: unable to resolve virtual method 33842: Ljava/util/Locale;.toLanguageTag ()Ljava/lang/String;
D/dalvikvm( 2457): VFY: replacing opcode 0x6e at 0x000a
D/dalvikvm( 1570): GC_FOR_ALLOC freed 1086K, 49% free 7624K/14820K, paused 12ms, total 12ms
E/dalvikvm( 2092): Could not find class 'android.telephony.SubscriptionManager', referenced from method com.google.android.gms.checkin.CheckinChimeraService.a
W/dalvikvm( 2092): VFY: unable to resolve check-cast 1109 (Landroid/telephony/SubscriptionManager;) in Lcom/google/android/gms/checkin/CheckinChimeraService;
D/dalvikvm( 2092): VFY: replacing opcode 0x1f at 0x019b
E/dalvikvm( 2092): Could not find class 'android.net.NetworkRequest', referenced from method com.google.android.gms.checkin.CheckinChimeraService.a
W/dalvikvm( 2092): VFY: unable to resolve check-cast 853 (Landroid/net/NetworkRequest;) in Lcom/google/android/gms/checkin/CheckinChimeraService;
D/dalvikvm( 2092): VFY: replacing opcode 0x1f at 0x04d7
D/dalvikvm( 1793): GC_EXPLICIT freed 139K, 30% free 5374K/7580K, paused 0ms+1ms, total 4ms
W/ComponentDiscovery( 2457): Application info not found.
W/ComponentDiscovery( 2457): Could not retrieve metadata, returning empty list of registrars.
D/AndroidRuntime( 2497): 
D/AndroidRuntime( 2497): >>>>>> AndroidRuntime START com.android.internal.os.RuntimeInit <<<<<<
D/dalvikvm( 2457): GC_FOR_ALLOC freed 332K, 14% free 3449K/3968K, paused 22ms, total 22ms
W/linker  ( 2497): libdvm.so has text relocations. This is wasting memory and is a security risk. Please fix.
I/dalvikvm( 2457): Could not find method android.content.Context.getDrawable, referenced from method rj.a
W/dalvikvm( 2457): VFY: unable to resolve virtual method 3157: Landroid/content/Context;.getDrawable (I)Landroid/graphics/drawable/Drawable;
D/dalvikvm( 2457): VFY: replacing opcode 0x6e at 0x0006
I/dalvikvm( 2457): Could not find method android.content.Context.getDataDir, referenced from method rj.a
W/dalvikvm( 2457): VFY: unable to resolve virtual method 3154: Landroid/content/Context;.getDataDir ()Ljava/io/File;
D/dalvikvm( 2457): VFY: replacing opcode 0x6e at 0x0006
I/dalvikvm( 2457): Could not find method android.content.Context.getSystemServiceName, referenced from method rj.a
W/dalvikvm( 2457): VFY: unable to resolve virtual method 3173: Landroid/content/Context;.getSystemServiceName (Ljava/lang/Class;)Ljava/lang/String;
D/dalvikvm( 2457): VFY: replacing opcode 0x6e at 0x000a
I/dalvikvm( 2457): Could not find method android.content.Context.getSystemService, referenced from method rj.a
W/dalvikvm( 2457): VFY: unable to resolve virtual method 3171: Landroid/content/Context;.getSystemService (Ljava/lang/Class;)Ljava/lang/Object;
D/dalvikvm( 2457): VFY: replacing opcode 0x6e at 0x0020
I/dalvikvm( 2457): Could not find method android.content.Context.getColorStateList, referenced from method rj.b
W/dalvikvm( 2457): VFY: unable to resolve virtual method 3152: Landroid/content/Context;.getColorStateList (I)Landroid/content/res/ColorStateList;
D/dalvikvm( 2457): VFY: replacing opcode 0x6e at 0x0006
I/dalvikvm( 2457): Could not find method android.content.Context.getColor, referenced from method rj.c
W/dalvikvm( 2457): VFY: unable to resolve virtual method 3151: Landroid/content/Context;.getColor (I)I
D/dalvikvm( 2457): VFY: replacing opcode 0x6e at 0x0006
I/dalvikvm( 2457): Could not find method android.content.Context.getNoBackupFilesDir, referenced from method rj.d
W/dalvikvm( 2457): VFY: unable to resolve virtual method 3164: Landroid/content/Context;.getNoBackupFilesDir ()Ljava/io/File;
D/dalvikvm( 2457): VFY: replacing opcode 0x6e at 0x0006
I/dalvikvm( 2457): Could not find method android.content.Context.createDeviceProtectedStorageContext, referenced from method rj.e
W/dalvikvm( 2457): VFY: unable to resolve virtual method 3139: Landroid/content/Context;.createDeviceProtectedStorageContext ()Landroid/content/Context;
D/dalvikvm( 2457): VFY: replacing opcode 0x6e at 0x0008
I/dalvikvm( 2457): Could not find method android.content.Context.isDeviceProtectedStorage, referenced from method rj.f
W/dalvikvm( 2457): VFY: unable to resolve virtual method 3177: Landroid/content/Context;.isDeviceProtectedStorage ()Z
D/dalvikvm( 2457): VFY: replacing opcode 0x6e at 0x0008
I/Notifications( 2457): [ChimeBroadcastReceiver] Intent received for action [android.intent.action.TIMEZONE_CHANGED] package [com.google.android.play.games].
D/AndroidRuntime( 2497): CheckJNI is ON
D/dalvikvm( 2497): Trying to load lib libjavacore.so 0x0
E/dalvikvm( 2457): Could not find class 'android.os.PersistableBundle', referenced from method nit.a
W/dalvikvm( 2457): VFY: unable to resolve new-instance 743 (Landroid/os/PersistableBundle;) in Lnit;
D/dalvikvm( 2457): VFY: replacing opcode 0x22 at 0x0001
D/dalvikvm( 2457): DexOpt: unable to opt direct call 0x11d2 at 0x0b in Lnit;.a
D/dalvikvm( 2457): DexOpt: unable to opt direct call 0x0bbb at 0xa1 in Lnit;.a
I/dalvikvm( 2457): Could not find method android.app.NotificationManager.getNotificationChannels, referenced from method nkj.b
W/dalvikvm( 2457): VFY: unable to resolve virtual method 2976: Landroid/app/NotificationManager;.getNotificationChannels ()Ljava/util/List;
D/dalvikvm( 2457): VFY: replacing opcode 0x6e at 0x0015
I/dalvikvm( 2457): Could not find method android.app.NotificationManager.getNotificationChannels, referenced from method nkj.a
W/dalvikvm( 2457): VFY: unable to resolve virtual method 2976: Landroid/app/NotificationManager;.getNotificationChannels ()Ljava/util/List;
D/dalvikvm( 2457): VFY: replacing opcode 0x6e at 0x0016
I/dalvikvm( 2457): Could not find method android.app.NotificationManager.getNotificationChannel, referenced from method nkj.a
W/dalvikvm( 2457): VFY: unable to resolve virtual method 2974: Landroid/app/NotificationManager;.getNotificationChannel (Ljava/lang/String;)Landroid/app/NotificationChannel;
D/dalvikvm( 2457): VFY: replacing opcode 0x6e at 0x0026
I/dalvikvm( 2457): Could not find method android.app.NotificationManager.getNotificationChannelGroups, referenced from method nkj.b
W/dalvikvm( 2457): VFY: unable to resolve virtual method 2975: Landroid/app/NotificationManager;.getNotificationChannelGroups ()Ljava/util/List;
D/dalvikvm( 2457): VFY: replacing opcode 0x6e at 0x0016
I/dalvikvm( 2457): Could not find method java.util.Locale.toLanguageTag, referenced from method nid.a
W/dalvikvm( 2457): VFY: unable to resolve virtual method 33842: Ljava/util/Locale;.toLanguageTag ()Ljava/lang/String;
D/dalvikvm( 2457): VFY: replacing opcode 0x6e at 0x0025
I/dalvikvm( 2457): Could not find method android.content.res.Configuration.getLocales, referenced from method nid.a
W/dalvikvm( 2457): VFY: unable to resolve virtual method 3393: Landroid/content/res/Configuration;.getLocales ()Landroid/os/LocaleList;
D/dalvikvm( 2457): VFY: replacing opcode 0x6e at 0x0032
I/Notifications( 2457): [ChimeBroadcastReceiver] Validation OK for action [android.intent.action.TIMEZONE_CHANGED].
D/dalvikvm( 2497): Added shared lib libjavacore.so 0x0
W/PGAfap  ( 2457): ContentFiltersService is unavailable; not applying content filters.
D/dalvikvm( 2380): GC_FOR_ALLOC freed 267K, 8% free 6609K/7176K, paused 25ms, total 25ms
V/EmulatedCamera_Camera( 1148): getCameraInfo
V/EmulatedCamera_BaseCamera( 1148): getCameraInfo
I/OcrModelUpStIntentOp( 2092): Updating ocr activity enabled=false (phenotypeFlag=false, lowRamDevice=false, prereqCheck=true)
D/dalvikvm( 2497): Trying to load lib libnativehelper.so 0x0
D/dalvikvm( 2497): Added shared lib libnativehelper.so 0x0
D/dalvikvm( 2497): No JNI_OnLoad found in libnativehelper.so 0x0, skipping init
I/ActivityManager( 1570): Delaying start of: ServiceRecord{9db2a418 u0 com.google.android.play.games/com.google.android.libraries.notifications.executor.impl.basic.ChimeExecutorApiService}
I/Checkin ( 2092): [CheckinChimeraService] onStartCommand
D/dalvikvm( 2497): Note: class Landroid/app/ActivityManagerNative; has 179 unimplemented (abstract) methods
I/CheckinCompat( 2092): Disabling old GoogleServicesFramework version [CONTEXT service_id=130 ]
I/CheckinCompat( 2092): GSF Checkin still active [CONTEXT service_id=130 ]
I/Checkin ( 2092): [CheckinChimeraService] notEnabled return:2
I/CheckinService( 1793): Preparing to send checkin request
I/EventLogService( 1793): Accumulating logs since 0
E/memtrack( 2497): Couldn't load memtrack module (No such file or directory)
E/android.os.Debug( 2497): failed to load memtrack module: -2
I/dalvikvm( 1776): Could not find method android.os.PowerManager.isInteractive, referenced from method nol.a
W/dalvikvm( 1776): VFY: unable to resolve virtual method 4227: Landroid/os/PowerManager;.isInteractive ()Z
D/dalvikvm( 1776): VFY: replacing opcode 0x6e at 0x0006
D/dalvikvm( 2092): GC_EXPLICIT freed 884K, 17% free 7676K/9228K, paused 2ms+1ms, total 17ms
W/ProviderHelper( 1776): Unknown dynamite feature providerinstaller
I/DynamiteModule( 1776): Considering local module providerinstaller:0 and remote module providerinstaller:0
I/DynamiteModule( 1776): Considering local module providerinstaller:0 and remote module providerinstaller:0
I/NetworkScheduler( 1776): Using standalone scheduling engine [CONTEXT service_id=218 ]
D/AndroidRuntime( 2497): Calling main entry com.android.commands.pm.Pm
D/AndroidRuntime( 2497): Shutting down VM
D/jdwp    ( 2497): Got wake-up signal, bailing out of select
D/dalvikvm( 2497): Debugger has detached; object registry had 1 entries
I/AndroidRuntime( 2497): NOTE: attach of thread 'Binder_1' failed
V/GoogleSettingsUtils( 1793): pre-froyo android id is 0
D/dalvikvm( 1776): GC_FOR_ALLOC freed 1260K, 17% free 7757K/9268K, paused 14ms, total 14ms
I/constellation( 2092): [intent_handler] on init with intent Intent { act=com.google.android.chimera.IntentOperation.NEW_MODULE (has extras) }
D/dalvikvm( 1793): GC_EXPLICIT freed 389K, 29% free 5435K/7580K, paused 1ms+1ms, total 15ms
D/        ( 1793): HostConnection::get() New Host Connection established 0xb88f1ac0, tid 2504
D/EGL_emulation( 1793): eglCreateContext: 0xb88ff2a0: maj 1 min 0 rcv 1
D/dalvikvm( 1570): GC_FOR_ALLOC freed 1201K, 49% free 7576K/14820K, paused 10ms, total 10ms
I/GCoreUlr( 1776): DispatchingService ignoring Intent { act=com.google.android.location.reporting.CHANGE_ON_LOCATION_DISABLE_FOR_GOOGLE_APP } because ULR inactive
D/EGL_emulation( 1793): eglMakeCurrent: 0xb88ff2a0: ver 1 0
I/dalvikvm( 1776): Could not find method android.os.PowerManager.isPowerSaveMode, referenced from method ajlz.a
W/dalvikvm( 1776): VFY: unable to resolve virtual method 29694: Landroid/os/PowerManager;.isPowerSaveMode ()Z
D/dalvikvm( 1776): VFY: replacing opcode 0x6e at 0x007d
D/EGL_emulation( 1793): eglCreateContext: 0xb88e9130: maj 3 min 0 rcv 3
D/EGL_emulation( 1793): eglMakeCurrent: 0xb88e9130: ver 3 0
I/BackupPreLmp( 2092): [ComponentEnabler] Enabling pre-L components
E/eglCodecCommon( 1793): glUtilsParamSize: unknow param 0x00008cdf
E/eglCodecCommon( 1793): glUtilsParamSize: unknow param 0x00008824
I/GCoreUlr( 1776): Unbound from all signal providers.
V/BackupPreLmp( 2092): [ComponentEnabler] Enabling Component: com.google.android.gms.backup.component.D2dPreLSourceActivity
I/GCoreUlr( 1776): Stopping handler for UlrDispSvcFast
D/EGL_emulation( 1793): eglCreateContext: 0xb88e9130: maj 1 min 0 rcv 1
D/EGL_emulation( 1793): eglMakeCurrent: 0xb88e9130: ver 1 0
D/EGL_emulation( 1793): eglCreateContext: 0xb88e9130: maj 3 min 0 rcv 3
I/ChimeraSrvcProxy( 1776): com.google.android.gms.chimera.PersistentBoundBrokerService returning NullBinder for action com.google.android.gms.ipa.smsindexer.PERSISTENT_START
D/EGL_emulation( 1793): eglMakeCurrent: 0xb88e9130: ver 3 0
E/eglCodecCommon( 1793): glUtilsParamSize: unknow param 0x00008cdf
E/eglCodecCommon( 1793): glUtilsParamSize: unknow param 0x00008824
D/EGL_emulation( 1793): eglCreateContext: 0xb88e9130: maj 1 min 0 rcv 1
E/GCM     ( 1776): Missing checkin config file
W/GCM     ( 1776): GCM FAILED TO INITIALIZE - missing checkin
D/EGL_emulation( 1793): eglMakeCurrent: 0xb88e9130: ver 1 0
E/GCM     ( 1776): Missing checkin config file
W/GCM     ( 1776): GCM FAILED TO INITIALIZE - missing checkin
D/EGL_emulation( 1793): eglCreateContext: 0xb88fc860: maj 3 min 0 rcv 3
I/SystemUpdate( 2092): [Installation,ReceiverIntentOperation] Received intent: Intent { act=android.intent.action.TIME_SET flg=0x24000010 cmp=com.google.android.gms/.chimera.GmsIntentOperationService$PersistentTrustedReceiver }.
I/GeofencerStateMachine( 1776): sendQueryLocationOptIn
D/EGL_emulation( 1793): eglMakeCurrent: 0xb88fc860: ver 3 0
E/eglCodecCommon( 1793): glUtilsParamSize: unknow param 0x00008cdf
I/dalvikvm( 2092): Could not find method java.util.Locale.toLanguageTag, referenced from method ablz.a
W/dalvikvm( 2092): VFY: unable to resolve virtual method 19297: Ljava/util/Locale;.toLanguageTag ()Ljava/lang/String;
D/dalvikvm( 2092): VFY: replacing opcode 0x6e at 0x0006
E/eglCodecCommon( 1793): glUtilsParamSize: unknow param 0x00008824
V/AlarmClock( 2421): AlarmInitReceiver android.intent.action.TIME_SET
D/EGL_emulation( 1793): eglCreateContext: 0xb88fc860: maj 1 min 0 rcv 1
I/AlarmClock( 2421): Displaying next alarm time: ''
V/AlarmClock( 2421): AlarmInitReceiver finished
I/SystemUpdate( 2092): [Execution,InstallationEventIntentOperation] Handling event of type 6.
D/EGL_emulation( 1793): eglMakeCurrent: 0xb88fc860: ver 1 0
I/ActivityManager( 1570): Delay finish: com.android.settings/.widget.SettingsAppWidgetProvider
D/EGL_emulation( 1793): eglCreateContext: 0xb88fc860: maj 3 min 0 rcv 3
D/dalvikvm( 1776): GC_FOR_ALLOC freed 1409K, 18% free 7961K/9620K, paused 24ms, total 24ms
D/EGL_emulation( 1793): eglMakeCurrent: 0xb88fc860: ver 3 0
D/dalvikvm( 1570): GC_FOR_ALLOC freed 1195K, 50% free 7530K/14820K, paused 24ms, total 26ms
E/eglCodecCommon( 1793): glUtilsParamSize: unknow param 0x00008cdf
E/eglCodecCommon( 1793): glUtilsParamSize: unknow param 0x00008824
D/AndroidRuntime( 2529): 
D/AndroidRuntime( 2529): >>>>>> AndroidRuntime START com.android.internal.os.RuntimeInit <<<<<<
W/linker  ( 2529): libdvm.so has text relocations. This is wasting memory and is a security risk. Please fix.
E/ahif    ( 1776): Phenotype API error. Event # bqfe@b9c66087, EventCode: 6 [CONTEXT service_id=51 ]
E/ahif    ( 1776): ahhj: 29505: No config packages for log source, or config package not registered
E/ahif    ( 1776): 	at ahiu.b(:com.google.android.gms@202414005@20.24.14 (000700-319035315):7)
E/ahif    ( 1776): 	at ahir.b(:com.google.android.gms@202414005@20.24.14 (000700-319035315):2)
E/ahif    ( 1776): 	at ahif.a(:com.google.android.gms@202414005@20.24.14 (000700-319035315):85)
E/ahif    ( 1776): 	at ahif.a(:com.google.android.gms@202414005@20.24.14 (000700-319035315):80)
E/ahif    ( 1776): 	at uun.run(:com.google.android.gms@202414005@20.24.14 (000700-319035315):9)
E/ahif    ( 1776): 	at bcny.run(:com.google.android.gms@202414005@20.24.14 (000700-319035315):2)
E/ahif    ( 1776): 	at nlp.b(:com.google.android.gms@202414005@20.24.14 (000700-319035315):12)
E/ahif    ( 1776): 	at nlp.run(:com.google.android.gms@202414005@20.24.14 (000700-319035315):7)
E/ahif    ( 1776): 	at java.util.concurrent.ThreadPoolExecutor.runWorker(ThreadPoolExecutor.java:1112)
E/ahif    ( 1776): 	at java.util.concurrent.ThreadPoolExecutor$Worker.run(ThreadPoolExecutor.java:587)
E/ahif    ( 1776): 	at nrd.run(:com.google.android.gms@202414005@20.24.14 (000700-319035315):0)
E/ahif    ( 1776): 	at java.lang.Thread.run(Thread.java:841)
E/AsyncOperation( 1776): serviceID=51, operation=GetExperimentTokensOperationCall
E/AsyncOperation( 1776): OperationException[Status{statusCode=No config packages for log source, or config package not registered, resolution=null}]
E/AsyncOperation( 1776): 	at ahif.a(:com.google.android.gms@202414005@20.24.14 (000700-319035315):87)
E/AsyncOperation( 1776): 	at ahif.a(:com.google.android.gms@202414005@20.24.14 (000700-319035315):80)
E/AsyncOperation( 1776): 	at uun.run(:com.google.android.gms@202414005@20.24.14 (000700-319035315):9)
E/AsyncOperation( 1776): 	at bcny.run(:com.google.android.gms@202414005@20.24.14 (000700-319035315):2)
E/AsyncOperation( 1776): 	at nlp.b(:com.google.android.gms@202414005@20.24.14 (000700-319035315):12)
E/AsyncOperation( 1776): 	at nlp.run(:com.google.android.gms@202414005@20.24.14 (000700-319035315):7)
E/AsyncOperation( 1776): 	at java.util.concurrent.ThreadPoolExecutor.runWorker(ThreadPoolExecutor.java:1112)
E/AsyncOperation( 1776): 	at java.util.concurrent.ThreadPoolExecutor$Worker.run(ThreadPoolExecutor.java:587)
E/AsyncOperation( 1776): 	at nrd.run(:com.google.android.gms@202414005@20.24.14 (000700-319035315):0)
E/AsyncOperation( 1776): 	at java.lang.Thread.run(Thread.java:841)
I/SystemUpdate( 2092): [Execution,InstallationIntentOperation] Received intent: Intent { act=com.google.android.gms.update.INSTALL_UPDATE cat=[targeted_intent_op_prefix:.update.execution.InstallationIntentOperation] cmp=com.google.android.gms/.chimera.GmsIntentOperationService }.
E/ahif    ( 1776): Phenotype API error. Event # bqfe@a6f27547, EventCode: 5 [CONTEXT service_id=51 ]
E/ahif    ( 1776): ahhj: 29500: Empty (package not registered?) or malformed snapshot token: 
E/ahif    ( 1776): 	at ahii.a(:com.google.android.gms@202414005@20.24.14 (000700-319035315):8)
E/ahif    ( 1776): 	at ahih.b(:com.google.android.gms@202414005@20.24.14 (000700-319035315):2)
E/ahif    ( 1776): 	at ahif.a(:com.google.android.gms@202414005@20.24.14 (000700-319035315):85)
E/ahif    ( 1776): 	at ahif.a(:com.google.android.gms@202414005@20.24.14 (000700-319035315):80)
E/ahif    ( 1776): 	at uun.run(:com.google.android.gms@202414005@20.24.14 (000700-319035315):9)
E/ahif    ( 1776): 	at bcny.run(:com.google.android.gms@202414005@20.24.14 (000700-319035315):2)
E/ahif    ( 1776): 	at nlp.b(:com.google.android.gms@202414005@20.24.14 (000700-319035315):12)
E/ahif    ( 1776): 	at nlp.run(:com.google.android.gms@202414005@20.24.14 (000700-319035315):8)
E/ahif    ( 1776): 	at java.util.concurrent.ThreadPoolExecutor.runWorker(ThreadPoolExecutor.java:1112)
E/ahif    ( 1776): 	at java.util.concurrent.ThreadPoolExecutor$Worker.run(ThreadPoolExecutor.java:587)
E/ahif    ( 1776): 	at nrd.run(:com.google.android.gms@202414005@20.24.14 (000700-319035315):0)
E/ahif    ( 1776): 	at java.lang.Thread.run(Thread.java:841)
E/AsyncOperation( 1776): serviceID=51, operation=CommitToConfigurationOperationCall
E/AsyncOperation( 1776): OperationException[Status{statusCode=Empty (package not registered?) or malformed snapshot token: , resolution=null}]
E/AsyncOperation( 1776): 	at ahif.a(:com.google.android.gms@202414005@20.24.14 (000700-319035315):87)
E/AsyncOperation( 1776): 	at ahif.a(:com.google.android.gms@202414005@20.24.14 (000700-319035315):80)
E/AsyncOperation( 1776): 	at uun.run(:com.google.android.gms@202414005@20.24.14 (000700-319035315):9)
E/AsyncOperation( 1776): 	at bcny.run(:com.google.android.gms@202414005@20.24.14 (000700-319035315):2)
E/AsyncOperation( 1776): 	at nlp.b(:com.google.android.gms@202414005@20.24.14 (000700-319035315):12)
E/AsyncOperation( 1776): 	at nlp.run(:com.google.android.gms@202414005@20.24.14 (000700-319035315):8)
E/AsyncOperation( 1776): 	at java.util.concurrent.ThreadPoolExecutor.runWorker(ThreadPoolExecutor.java:1112)
E/AsyncOperation( 1776): 	at java.util.concurrent.ThreadPoolExecutor$Worker.run(ThreadPoolExecutor.java:587)
E/AsyncOperation( 1776): 	at nrd.run(:com.google.android.gms@202414005@20.24.14 (000700-319035315):0)
E/AsyncOperation( 1776): 	at java.lang.Thread.run(Thread.java:841)
D/AndroidRuntime( 2529): CheckJNI is ON
I/SystemUpdate( 2092): [Execution,ExecutionManager] Action finished-execution executed for 0.00 seconds.
I/SubscribedFeeds( 2092): Setting ComponentInfo{com.google.android.gms/com.google.android.gms.subscribedfeeds.GcmReceiverService} to 1 [CONTEXT service_id=250 ]
D/dalvikvm( 2529): Trying to load lib libjavacore.so 0x0
W/PhenotypeFlagCommitter( 2457): Committing snapshot for com.google.android.games.app failed, retrying
D/dalvikvm( 2529): Added shared lib libjavacore.so 0x0
D/dalvikvm( 2529): Trying to load lib libnativehelper.so 0x0
D/dalvikvm( 2529): Added shared lib libnativehelper.so 0x0
D/dalvikvm( 2529): No JNI_OnLoad found in libnativehelper.so 0x0, skipping init
I/SubscribedFeeds( 2092): Setting ComponentInfo{com.google.android.gms/com.google.android.gms.subscribedfeeds.GmsSubscribedFeedsProvider} to 1 [CONTEXT service_id=250 ]
I/SubscribedFeeds( 2092): Setting ComponentInfo{com.google.android.gsf/com.google.android.gsf.subscribedfeeds.SubscribedFeedsSyncAdapterService} to 2 [CONTEXT service_id=250 ]
I/SubscribedFeeds( 2092): Setting ComponentInfo{com.google.android.gms/com.google.android.gms.subscribedfeeds.SyncService} to 1 [CONTEXT service_id=250 ]
D/dalvikvm( 2529): Note: class Landroid/app/ActivityManagerNative; has 179 unimplemented (abstract) methods
I/SubscribedFeeds( 2092): Setting ComponentInfo{com.google.android.gms/com.google.android.gms.subscribedfeeds.GmsFeedsSyncService} to 1 [CONTEXT service_id=250 ]
I/ChmraDebugLogger( 2092): [11] com.google.android.gms.flags
I/DynamiteModule( 2092): Considering local module com.google.android.gms.flags:3 and remote module com.google.android.gms.flags:0
I/DynamiteModule( 2092): Selected local version of com.google.android.gms.flags
E/ahif    ( 1776): Phenotype API error. Event # bqfe@ed4e1e45, EventCode: 5 [CONTEXT service_id=51 ]
E/ahif    ( 1776): ahhj: 29500: Empty (package not registered?) or malformed snapshot token: 
E/ahif    ( 1776): 	at ahii.a(:com.google.android.gms@202414005@20.24.14 (000700-319035315):8)
E/ahif    ( 1776): 	at ahih.b(:com.google.android.gms@202414005@20.24.14 (000700-319035315):2)
E/ahif    ( 1776): 	at ahif.a(:com.google.android.gms@202414005@20.24.14 (000700-319035315):85)
E/ahif    ( 1776): 	at ahif.a(:com.google.android.gms@202414005@20.24.14 (000700-319035315):80)
E/ahif    ( 1776): 	at uun.run(:com.google.android.gms@202414005@20.24.14 (000700-319035315):9)
E/ahif    ( 1776): 	at bcny.run(:com.google.android.gms@202414005@20.24.14 (000700-319035315):2)
E/ahif    ( 1776): 	at nlp.b(:com.google.android.gms@202414005@20.24.14 (000700-319035315):12)
E/ahif    ( 1776): 	at nlp.run(:com.google.android.gms@202414005@20.24.14 (000700-319035315):7)
E/ahif    ( 1776): 	at java.util.concurrent.ThreadPoolExecutor.runWorker(ThreadPoolExecutor.java:1112)
E/ahif    ( 1776): 	at java.util.concurrent.ThreadPoolExecutor$Worker.run(ThreadPoolExecutor.java:587)
E/ahif    ( 1776): 	at nrd.run(:com.google.android.gms@202414005@20.24.14 (000700-319035315):0)
E/ahif    ( 1776): 	at java.lang.Thread.run(Thread.java:841)
E/AsyncOperation( 1776): serviceID=51, operation=CommitToConfigurationOperationCall
E/AsyncOperation( 1776): OperationException[Status{statusCode=Empty (package not registered?) or malformed snapshot token: , resolution=null}]
E/AsyncOperation( 1776): 	at ahif.a(:com.google.android.gms@202414005@20.24.14 (000700-319035315):87)
E/AsyncOperation( 1776): 	at ahif.a(:com.google.android.gms@202414005@20.24.14 (000700-319035315):80)
E/AsyncOperation( 1776): 	at uun.run(:com.google.android.gms@202414005@20.24.14 (000700-319035315):9)
E/AsyncOperation( 1776): 	at bcny.run(:com.google.android.gms@202414005@20.24.14 (000700-319035315):2)
E/AsyncOperation( 1776): 	at nlp.b(:com.google.android.gms@202414005@20.24.14 (000700-319035315):12)
E/AsyncOperation( 1776): 	at nlp.run(:com.google.android.gms@202414005@20.24.14 (000700-319035315):7)
E/AsyncOperation( 1776): 	at java.util.concurrent.ThreadPoolExecutor.runWorker(ThreadPoolExecutor.java:1112)
E/AsyncOperation( 1776): 	at java.util.concurrent.ThreadPoolExecutor$Worker.run(ThreadPoolExecutor.java:587)
E/AsyncOperation( 1776): 	at nrd.run(:com.google.android.gms@202414005@20.24.14 (000700-319035315):0)
E/AsyncOperation( 1776): 	at java.lang.Thread.run(Thread.java:841)
W/PhenotypeFlagCommitter( 2457): Committing snapshot for com.google.android.games.app failed, retrying
E/WakeLock( 1776): GCM_HB_ALARM release without a matched acquire!
W/WakeLock( 1776): GCM_HB_ALARM counter does not exist
D/dalvikvm( 1793): GC_EXPLICIT freed 259K, 29% free 5448K/7580K, paused 4ms+4ms, total 25ms
I/CheckinTask( 1793): Sending checkin request (1578 bytes)
I/dalvikvm( 2092): Could not find method android.net.ConnectivityManager.getAllNetworks, referenced from method npq.a
W/dalvikvm( 2092): VFY: unable to resolve virtual method 3870: Landroid/net/ConnectivityManager;.getAllNetworks ()[Landroid/net/Network;
D/dalvikvm( 2092): VFY: replacing opcode 0x6e at 0x0025
I/dalvikvm( 2092): Could not find method android.net.ConnectivityManager.isDefaultNetworkActive, referenced from method npq.e
W/dalvikvm( 2092): VFY: unable to resolve virtual method 3874: Landroid/net/ConnectivityManager;.isDefaultNetworkActive ()Z
D/dalvikvm( 2092): VFY: replacing opcode 0x6e at 0x000d
E/ahif    ( 1776): Phenotype API error. Event # bqfe@a6f27547, EventCode: 5 [CONTEXT service_id=51 ]
E/ahif    ( 1776): ahhj: 29500: Empty (package not registered?) or malformed snapshot token: 
E/ahif    ( 1776): 	at ahii.a(:com.google.android.gms@202414005@20.24.14 (000700-319035315):8)
E/ahif    ( 1776): 	at ahih.b(:com.google.android.gms@202414005@20.24.14 (000700-319035315):2)
E/ahif    ( 1776): 	at ahif.a(:com.google.android.gms@202414005@20.24.14 (000700-319035315):85)
E/ahif    ( 1776): 	at ahif.a(:com.google.android.gms@202414005@20.24.14 (000700-319035315):80)
E/ahif    ( 1776): 	at uun.run(:com.google.android.gms@202414005@20.24.14 (000700-319035315):9)
E/ahif    ( 1776): 	at bcny.run(:com.google.android.gms@202414005@20.24.14 (000700-319035315):2)
E/ahif    ( 1776): 	at nlp.b(:com.google.android.gms@202414005@20.24.14 (000700-319035315):12)
E/ahif    ( 1776): 	at nlp.run(:com.google.android.gms@202414005@20.24.14 (000700-319035315):7)
E/ahif    ( 1776): 	at java.util.concurrent.ThreadPoolExecutor.runWorker(ThreadPoolExecutor.java:1112)
E/ahif    ( 1776): 	at java.util.concurrent.ThreadPoolExecutor$Worker.run(ThreadPoolExecutor.java:587)
E/ahif    ( 1776): 	at nrd.run(:com.google.android.gms@202414005@20.24.14 (000700-319035315):0)
E/ahif    ( 1776): 	at java.lang.Thread.run(Thread.java:841)
E/AsyncOperation( 1776): serviceID=51, operation=CommitToConfigurationOperationCall
E/AsyncOperation( 1776): OperationException[Status{statusCode=Empty (package not registered?) or malformed snapshot token: , resolution=null}]
E/AsyncOperation( 1776): 	at ahif.a(:com.google.android.gms@202414005@20.24.14 (000700-319035315):87)
E/AsyncOperation( 1776): 	at ahif.a(:com.google.android.gms@202414005@20.24.14 (000700-319035315):80)
E/AsyncOperation( 1776): 	at uun.run(:com.google.android.gms@202414005@20.24.14 (000700-319035315):9)
E/AsyncOperation( 1776): 	at bcny.run(:com.google.android.gms@202414005@20.24.14 (000700-319035315):2)
E/AsyncOperation( 1776): 	at nlp.b(:com.google.android.gms@202414005@20.24.14 (000700-319035315):12)
E/AsyncOperation( 1776): 	at nlp.run(:com.google.android.gms@202414005@20.24.14 (000700-319035315):7)
E/AsyncOperation( 1776): 	at java.util.concurrent.ThreadPoolExecutor.runWorker(ThreadPoolExecutor.java:1112)
E/AsyncOperation( 1776): 	at java.util.concurrent.ThreadPoolExecutor$Worker.run(ThreadPoolExecutor.java:587)
E/AsyncOperation( 1776): 	at nrd.run(:com.google.android.gms@202414005@20.24.14 (000700-319035315):0)
E/AsyncOperation( 1776): 	at java.lang.Thread.run(Thread.java:841)
E/memtrack( 2529): Couldn't load memtrack module (No such file or directory)
E/android.os.Debug( 2529): failed to load memtrack module: -2
D/dalvikvm( 2092): GC_FOR_ALLOC freed 1423K, 18% free 7840K/9512K, paused 6ms, total 7ms
I/CalendarProvider2( 2434): Sending notification intent: Intent { act=android.intent.action.PROVIDER_CHANGED dat=content://com.android.calendar }
W/ContentResolver( 2434): Failed to get type for: content://com.android.calendar (Unknown URL content://com.android.calendar)
D/AndroidRuntime( 2529): Calling main entry com.android.commands.pm.Pm
D/AndroidRuntime( 2529): Shutting down VM
I/Notifications( 2457): [ChimeBroadcastReceiver] Executing action in Service [android.intent.action.TIMEZONE_CHANGED].
D/jdwp    ( 2529): Got wake-up signal, bailing out of select
D/dalvikvm( 2529): Debugger has detached; object registry had 1 entries
E/dalvikvm( 1776): Could not find class 'android.telephony.SubscriptionManager', referenced from method amlx.a
W/dalvikvm( 1776): VFY: unable to resolve check-cast 8088 (Landroid/telephony/SubscriptionManager;) in Lamlx;
D/dalvikvm( 1776): VFY: replacing opcode 0x1f at 0x0016
I/ChimeraCfgMgr( 2092): Received com.google.android.chimera.IntentOperation.NEW_MODULE(1/0): -1,false
W/ChimeraCfgMgr( 2092): Ignoring unexpected com.google.android.chimera.IntentOperation.NEW_MODULE
E/ConfigFileUtils( 2092): Failed to read config file: /data/data/com.google.android.gms/app_chimera/current_fileapks.pb: open failed: ENOENT (No such file or directory)
I/dalvikvm( 2092): Could not find method android.app.KeyguardManager.isDeviceLocked, referenced from method com.google.android.gms.ads.identifier.settings.g.a
W/dalvikvm( 2092): VFY: unable to resolve virtual method 2478: Landroid/app/KeyguardManager;.isDeviceLocked ()Z
D/dalvikvm( 2092): VFY: replacing opcode 0x6e at 0x0070
I/dalvikvm( 2092): Could not find method android.os.PowerManager.isInteractive, referenced from method com.google.android.gms.ads.identifier.settings.g.a
W/dalvikvm( 2092): VFY: unable to resolve virtual method 4227: Landroid/os/PowerManager;.isInteractive ()Z
D/dalvikvm( 2092): VFY: replacing opcode 0x6e at 0x0093
I/Auth    ( 2092): [SupervisedAccountIntentOperation] onHandleIntent(): com.google.android.gms.chimera.container.CONTAINER_UPDATED
I/ActivityManager( 1570): Resuming delayed broadcast
E/BluetoothAdapter( 1833): Bluetooth binder is null
D/dalvikvm( 1570): GC_FOR_ALLOC freed 1102K, 49% free 7564K/14820K, paused 20ms, total 20ms
I/Auth    ( 2092): [SupervisedAccountIntentOperation] This operation is disabled
I/ChromeSync( 2092): [Sync,SyncIntentOperation] Handling the intent: Intent { act=com.google.android.gms.chimera.container.CONTAINER_UPDATED pkg=com.google.android.gms }.
I/ChimeraConfigService( 2092): Scheduling checkin every 120 seconds, with flex of 60 seconds
W/Settings( 1776): Setting airplane_mode_on has moved from android.provider.Settings.System to android.provider.Settings.Global, returning read-only value.
I/GCoreUlr( 1776): WorldUpdater received intent Intent { act=com.google.android.location.reporting.ACTION_UPDATE_WORLD cmp=com.google.android.gms/com.google.android.location.reporting.service.DispatchingService (has extras) } with receiverAction init
I/constellation( 2092): [periodic_consent_checker] periodic consent checker is disabled.
E/BluetoothAdapter( 1833): Bluetooth binder is null
I/ActivityManager( 1570): Start proc com.android.dialer for broadcast com.android.dialer/.calllog.CallLogReceiver: pid=2554 uid=10004 gids={50004, 3003, 1028, 1015}
I/PackageManager( 1570): Running dexopt on: com.android.dialer
I/dalvikvm( 2092): Could not find method java.util.Locale.forLanguageTag, referenced from method arfv.a
W/dalvikvm( 2092): VFY: unable to resolve static method 57637: Ljava/util/Locale;.forLanguageTag (Ljava/lang/String;)Ljava/util/Locale;
D/dalvikvm( 2092): VFY: replacing opcode 0x71 at 0x0023
W/linker  ( 2567): libdvm.so has text relocations. This is wasting memory and is a security risk. Please fix.
D/AndroidRuntime( 2568): 
D/AndroidRuntime( 2568): >>>>>> AndroidRuntime START com.android.internal.os.RuntimeInit <<<<<<
W/linker  ( 2568): libdvm.so has text relocations. This is wasting memory and is a security risk. Please fix.
I/NearbySharing( 2092): Runtime state initialization complete. Sharing is disabled. [CONTEXT service_id=194 ]
D/AndroidRuntime( 2568): CheckJNI is ON
D/dalvikvm( 2568): Trying to load lib libjavacore.so 0x0
D/dalvikvm( 2092): GC_FOR_ALLOC freed 1350K, 17% free 8128K/9728K, paused 7ms, total 17ms
E/StrictMode( 2092): Finalizing a Cursor that has not been deactivated or closed. database = /data/data/com.google.android.gms/databases/matchstickv9.db, table = sharedPreference, query = SELECT * FROM sharedPreference WHERE key = ?
E/StrictMode( 2092): android.database.sqlite.DatabaseObjectNotClosedException: Application did not close the cursor or database object that was opened here
E/StrictMode( 2092): 	at android.database.sqlite.SQLiteCursor.<init>(SQLiteCursor.java:98)
E/StrictMode( 2092): 	at android.database.sqlite.SQLiteDirectCursorDriver.query(SQLiteDirectCursorDriver.java:50)
E/StrictMode( 2092): 	at android.database.sqlite.SQLiteDatabase.rawQueryWithFactory(SQLiteDatabase.java:1314)
E/StrictMode( 2092): 	at android.database.sqlite.SQLiteDatabase.queryWithFactory(SQLiteDatabase.java:1161)
E/StrictMode( 2092): 	at android.database.sqlite.SQLiteDatabase.query(SQLiteDatabase.java:1032)
E/StrictMode( 2092): 	at android.database.sqlite.SQLiteDatabase.query(SQLiteDatabase.java:1200)
E/StrictMode( 2092): 	at aqsg.a(:com.google.android.gms@202414005@20.24.14 (000700-319035315):7)
E/StrictMode( 2092): 	at aqsv.K(:com.google.android.gms@202414005@20.24.14 (000700-319035315):4)
E/StrictMode( 2092): 	at com.google.android.gms.matchstick.intent.MatchstickIntentHandler$OnModuleInitOperation.a(:com.google.android.gms@202414005@20.24.14 (000700-319035315):14)
E/StrictMode( 2092): 	at ljt.onHandleIntent(:com.google.android.gms@202414005@20.24.14 (000700-319035315):7)
E/StrictMode( 2092): 	at com.google.android.chimera.IntentOperation.onHandleIntent(:com.google.android.gms@202414005@20.24.14 (000700-319035315):2)
E/StrictMode( 2092): 	at ljm.onHandleIntent(:com.google.android.gms@202414005@20.24.14 (000700-319035315):4)
E/StrictMode( 2092): 	at bsh.run(:com.google.android.gms@202414005@20.24.14 (000700-319035315):5)
E/StrictMode( 2092): 	at bsg.run(:com.google.android.gms@202414005@20.24.14 (000700-319035315):10)
E/StrictMode( 2092): 	at java.util.concurrent.ThreadPoolExecutor.runWorker(ThreadPoolExecutor.java:1112)
E/StrictMode( 2092): 	at java.util.concurrent.ThreadPoolExecutor$Worker.run(ThreadPoolExecutor.java:587)
E/StrictMode( 2092): 	at java.lang.Thread.run(Thread.java:841)
I/dalvikvm( 2092): Could not find method android.telephony.SubscriptionManager.from, referenced from method arew.a
W/dalvikvm( 2092): VFY: unable to resolve static method 1982: Landroid/telephony/SubscriptionManager;.from (Landroid/content/Context;)Landroid/telephony/SubscriptionManager;
D/dalvikvm( 2092): VFY: replacing opcode 0x71 at 0x006c
D/dalvikvm( 2568): Added shared lib libjavacore.so 0x0
D/dalvikvm( 2568): Trying to load lib libnativehelper.so 0x0
D/dalvikvm( 2568): Added shared lib libnativehelper.so 0x0
D/dalvikvm( 2568): No JNI_OnLoad found in libnativehelper.so 0x0, skipping init
D/dalvikvm( 2568): Note: class Landroid/app/ActivityManagerNative; has 179 unimplemented (abstract) methods
D/dalvikvm( 2567): DexOpt: load 26ms, verify+opt 73ms, 1622148 bytes
E/dalvikvm( 2092): Could not find class 'android.security.keystore.KeyGenParameterSpec$Builder', referenced from method rwq.a
W/dalvikvm( 2092): VFY: unable to resolve new-instance 1527 (Landroid/security/keystore/KeyGenParameterSpec$Builder;) in Lrwq;
D/dalvikvm( 2092): VFY: replacing opcode 0x22 at 0x0034
D/dalvikvm( 2092): DexOpt: unable to opt direct call 0x153f at 0x37 in Lrwq;.a
E/dalvikvm( 2092): Could not find class 'android.security.keystore.KeyGenParameterSpec$Builder', referenced from method rws.a
W/dalvikvm( 2092): VFY: unable to resolve new-instance 1527 (Landroid/security/keystore/KeyGenParameterSpec$Builder;) in Lrws;
D/dalvikvm( 2092): VFY: replacing opcode 0x22 at 0x000b
D/dalvikvm( 2092): DexOpt: unable to opt direct call 0x153f at 0x12 in Lrws;.a
W/Settings( 1776): Setting airplane_mode_on has moved from android.provider.Settings.System to android.provider.Settings.Global, returning read-only value.
E/memtrack( 2568): Couldn't load memtrack module (No such file or directory)
E/android.os.Debug( 2568): failed to load memtrack module: -2
D/ExtensionsFactory( 2554): No custom extensions.
D/AndroidRuntime( 2568): Calling main entry com.android.commands.am.Am
I/ActivityManager( 1570): Delay finish: com.android.dialer/.calllog.CallLogReceiver
I/MediaRouter( 2092): Found default route: MediaRouter.RouteInfo{ uniqueId=android/aqi:DEFAULT_ROUTE, name=Phone, description=null, iconUri=null, enabled=true, connectionState=0, canDisconnect=false, playbackType=0, playbackStream=3, deviceType=0, volumeHandling=1, volume=11, volumeMax=15, presentationDisplayId=-1, extras=null, settingsIntent=null, providerPackageName=android }
I/MediaRouter( 2092): Unselecting the current route because it is no longer selectable: null
D/AndroidRuntime( 2568): Shutting down VM
D/jdwp    ( 2568): Got wake-up signal, bailing out of select
D/dalvikvm( 2568): Debugger has detached; object registry had 1 entries
I/GCoreUlr( 1776): WorldUpdater:init: Ensuring that reporting is stopped because of reasons: (no Google accounts)
I/ActivityManager( 1570): Start proc it.unina.android.ripper_service:android_ripper_service_process for service it.unina.android.ripper_service/.AndroidRipperService: pid=2584 uid=10057 gids={50057, 3003, 1028, 1015}
I/ActivityManager( 1570): Resuming delayed broadcast
I/GCoreUlr( 1776): Unbound from all signal providers.
D/dalvikvm( 1793): GC_FOR_ALLOC freed 815K, 28% free 5475K/7580K, paused 7ms, total 7ms
E/BluetoothAdapter( 1570): Bluetooth binder is null
E/BluetoothAdapter( 1570): Bluetooth binder is null
E/SoundPool( 1570): error loading /system/media/audio/ui/Effect_Tick.ogg
W/AudioService( 1570): Soundpool could not load file: /system/media/audio/ui/Effect_Tick.ogg
E/SoundPool( 1570): error loading /system/media/audio/ui/Effect_Tick.ogg
W/AudioService( 1570): Soundpool could not load file: /system/media/audio/ui/Effect_Tick.ogg
E/SoundPool( 1570): error loading /system/media/audio/ui/Effect_Tick.ogg
W/AudioService( 1570): Soundpool could not load file: /system/media/audio/ui/Effect_Tick.ogg
E/SoundPool( 1570): error loading /system/media/audio/ui/Effect_Tick.ogg
V/WiredAccessoryManager( 1570): init()
I/PowerManagerService( 1570): Boot animation finished.
W/AudioService( 1570): Soundpool could not load file: /system/media/audio/ui/Effect_Tick.ogg
E/SoundPool( 1570): error loading /system/media/audio/ui/Effect_Tick.ogg
W/AudioService( 1570): Soundpool could not load file: /system/media/audio/ui/Effect_Tick.ogg
E/SoundPool( 1570): error loading /system/media/audio/ui/KeypressStandard.ogg
W/AudioService( 1570): Soundpool could not load file: /system/media/audio/ui/KeypressStandard.ogg
E/SoundPool( 1570): error loading /system/media/audio/ui/KeypressSpacebar.ogg
W/AudioService( 1570): Soundpool could not load file: /system/media/audio/ui/KeypressSpacebar.ogg
E/SoundPool( 1570): error loading /system/media/audio/ui/KeypressDelete.ogg
W/AudioService( 1570): Soundpool could not load file: /system/media/audio/ui/KeypressDelete.ogg
E/SoundPool( 1570): error loading /system/media/audio/ui/KeypressReturn.ogg
