I/ModuleSetMgr( 1776): Pending non-container module APKs: []
I/dalvikvm( 2092): Could not find method android.content.Context.getDrawable, referenced from method jk.a
W/dalvikvm( 2092): VFY: unable to resolve virtual method 2472: Landroid/content/Context;.getDrawable (I)Landroid/graphics/drawable/Drawable;
D/dalvikvm( 2092): VFY: replacing opcode 0x6e at 0x0006
E/ConfigFileUtils( 1776): Failed to read config file: /data/data/com.google.android.gms/app_chimera/current_fileapks.pb: open failed: ENOENT (No such file or directory)
I/dalvikvm( 2092): Could not find method android.content.Context.getNoBackupFilesDir, referenced from method jk.b
W/dalvikvm( 2092): VFY: unable to resolve virtual method 2480: Landroid/content/Context;.getNoBackupFilesDir ()Ljava/io/File;
D/dalvikvm( 2092): VFY: replacing opcode 0x6e at 0x0006
E/ChimeraCfgMgr( 1776): Failed to read module config: java.io.FileNotFoundException: /data/data/com.google.android.gms/app_chimera/current_config.fb: open failed: ENOENT (No such file or directory)
W/IntentOperation( 1776): Failed to get Chimera config:com.google.android.chimera.config.InvalidConfigException: java.io.FileNotFoundException: /data/data/com.google.android.gms/app_chimera/current_config.fb: open failed: ENOENT (No such file or directory)
D/dalvikvm( 1776): GC_FOR_ALLOC freed 318K, 38% free 3375K/5428K, paused 2ms, total 2ms
I/dalvikvm-heap( 1776): Grow heap (frag case) to 3.691MB for 228601-byte allocation
D/dalvikvm( 1776): GC_FOR_ALLOC freed 6K, 37% free 3592K/5652K, paused 2ms, total 2ms
I/dalvikvm( 2092): Could not find method android.os.UserHandle.isOwner, referenced from method nmy.f
W/dalvikvm( 2092): VFY: unable to resolve virtual method 3081: Landroid/os/UserHandle;.isOwner ()Z
D/dalvikvm( 2092): VFY: replacing opcode 0x6e at 0x000a
D/dalvikvm( 2092): DexOpt: couldn't find field Landroid/content/pm/ApplicationInfo;.splitSourceDirs
W/dalvikvm( 2092): VFY: unable to resolve instance field 1475
D/dalvikvm( 2092): VFY: replacing opcode 0x54 at 0x0055
D/dalvikvm( 2092): DexOpt: couldn't find static field Landroid/os/Build;.SUPPORTED_ABIS
W/dalvikvm( 2092): VFY: unable to resolve static field 1540 (SUPPORTED_ABIS) in Landroid/os/Build;
D/dalvikvm( 2092): VFY: replacing opcode 0x62 at 0x00d1
I/dalvikvm( 2092): Could not find method android.system.Os.stat, referenced from method nop.a
W/dalvikvm( 2092): VFY: unable to resolve static method 3146: Landroid/system/Os;.stat (Ljava/lang/String;)Landroid/system/StructStat;
D/dalvikvm( 2092): VFY: replacing opcode 0x71 at 0x0182
I/dalvikvm( 2092): Could not find method android.content.pm.PackageManager.getPackageInstaller, referenced from method men.a
W/dalvikvm( 2092): VFY: unable to resolve virtual method 2608: Landroid/content/pm/PackageManager;.getPackageInstaller ()Landroid/content/pm/PackageInstaller;
D/dalvikvm( 2092): VFY: replacing opcode 0x6e at 0x001c
W/DynamiteModule( 2092): Local module descriptor class for providerinstaller not found.
E/ChimeraCfgMgr( 2092): Failed to read module config: java.io.FileNotFoundException: /data/data/com.google.android.gms/app_chimera/current_config.fb: open failed: ENOENT (No such file or directory)
I/dalvikvm( 2092): Could not find method android.system.Os.readlink, referenced from method bse.a
W/dalvikvm( 2092): VFY: unable to resolve static method 3145: Landroid/system/Os;.readlink (Ljava/lang/String;)Ljava/lang/String;
D/dalvikvm( 2092): VFY: replacing opcode 0x71 at 0x0044
I/dalvikvm( 2092): Could not find method android.system.Os.symlink, referenced from method bse.a
W/dalvikvm( 2092): VFY: unable to resolve static method 3147: Landroid/system/Os;.symlink (Ljava/lang/String;Ljava/lang/String;)V
D/dalvikvm( 2092): VFY: replacing opcode 0x71 at 0x00b0
I/dalvikvm( 2092): Could not find method android.system.Os.stat, referenced from method bse.a
W/dalvikvm( 2092): VFY: unable to resolve static method 3146: Landroid/system/Os;.stat (Ljava/lang/String;)Landroid/system/StructStat;
D/dalvikvm( 2092): VFY: replacing opcode 0x71 at 0x0005
W/dalvikvm( 2092): VFY: unable to resolve static field 1615 (S_IXUSR) in Landroid/system/OsConstants;
D/dalvikvm( 2092): VFY: replacing opcode 0x60 at 0x0007
I/dalvikvm( 2092): Could not find method android.system.Os.stat, referenced from method bse.b
W/dalvikvm( 2092): VFY: unable to resolve static method 3146: Landroid/system/Os;.stat (Ljava/lang/String;)Landroid/system/StructStat;
D/dalvikvm( 2092): VFY: replacing opcode 0x71 at 0x0040
W/dalvikvm( 2092): VFY: unable to resolve static field 1612 (S_IRUSR) in Landroid/system/OsConstants;
D/dalvikvm( 2092): VFY: replacing opcode 0x60 at 0x0007
W/FileUtils( 2092): Failed to set world readable: /data/data/com.google.android.gms/app_chimera/current_config.fb
E/ChimeraCfgMgr( 2092): Failed to read module config: java.io.FileNotFoundException: /data/data/com.google.android.gms/app_chimera/current_config.fb: open failed: ENOENT (No such file or directory)
D/dalvikvm( 2092): DexOpt: couldn't find static field Landroid/os/Build;.SUPPORTED_ABIS
W/dalvikvm( 2092): VFY: unable to resolve static field 1540 (SUPPORTED_ABIS) in Landroid/os/Build;
D/dalvikvm( 2092): VFY: replacing opcode 0x62 at 0x0307
D/dalvikvm( 2092): DexOpt: couldn't find static field Landroid/os/Build;.SUPPORTED_ABIS
W/dalvikvm( 2092): VFY: unable to resolve static field 1540 (SUPPORTED_ABIS) in Landroid/os/Build;
D/dalvikvm( 2092): VFY: replacing opcode 0x62 at 0x06eb
I/dalvikvm( 2092): Could not find method android.content.Context.isCredentialProtectedStorage, referenced from method bry.j
W/dalvikvm( 2092): VFY: unable to resolve virtual method 2490: Landroid/content/Context;.isCredentialProtectedStorage ()Z
D/dalvikvm( 2092): VFY: replacing opcode 0x6e at 0x0087
E/ConfigFileUtils( 2092): Failed to read config file: /data/data/com.google.android.gms/app_chimera/current_fileapks.pb: open failed: ENOENT (No such file or directory)
D/dalvikvm( 2092): GC_FOR_ALLOC freed 411K, 16% free 3246K/3844K, paused 1ms, total 1ms
I/GmsModuleFndr( 2092): Beginning GMS chimera module scan
E/ChimeraCfgMgr( 2092): Failed to read module config: java.io.FileNotFoundException: /data/data/com.google.android.gms/app_chimera/current_config.fb: open failed: ENOENT (No such file or directory)
I/DynamiteModule( 2092): Considering local module com.google.android.gms.googlecertificates:4 and remote module com.google.android.gms.googlecertificates:0
I/DynamiteModule( 2092): Selected local version of com.google.android.gms.googlecertificates
I/dalvikvm( 2092): Could not find method android.app.Notification$Builder.setLocalOnly, referenced from method com.google.android.gms.common.GoogleCertificatesImpl.isGoogleOrPlatformSigned
W/dalvikvm( 2092): VFY: unable to resolve virtual method 2308: Landroid/app/Notification$Builder;.setLocalOnly (Z)Landroid/app/Notification$Builder;
D/dalvikvm( 2092): VFY: replacing opcode 0x6e at 0x00b1
D/dalvikvm( 1776): GC_FOR_ALLOC freed 35K, 29% free 4069K/5652K, paused 2ms, total 2ms
E/ChimeraCfgMgr( 2092): Failed to read module config: java.io.FileNotFoundException: /data/data/com.google.android.gms/app_chimera/current_config.fb: open failed: ENOENT (No such file or directory)
I/dalvikvm( 2092): Could not find method com.google.android.chimera.ContextThemeWrapper.createAttributionContext, referenced from method mnu.createAttributionContext
W/dalvikvm( 2092): VFY: unable to resolve virtual method 13785: Lcom/google/android/chimera/ContextThemeWrapper;.createAttributionContext (Ljava/lang/String;)Landroid/content/Context;
D/dalvikvm( 2092): VFY: replacing opcode 0x6f at 0x0002
I/dalvikvm( 2092): Could not find method android.content.ContextWrapper.createCredentialProtectedStorageContext, referenced from method mnu.createCredentialProtectedStorageContext
W/dalvikvm( 2092): VFY: unable to resolve virtual method 2508: Landroid/content/ContextWrapper;.createCredentialProtectedStorageContext ()Landroid/content/Context;
D/dalvikvm( 2092): VFY: replacing opcode 0x6f at 0x0002
I/dalvikvm( 2092): Could not find method android.content.ContextWrapper.createDeviceProtectedStorageContext, referenced from method mnu.createDeviceProtectedStorageContext
W/dalvikvm( 2092): VFY: unable to resolve virtual method 2509: Landroid/content/ContextWrapper;.createDeviceProtectedStorageContext ()Landroid/content/Context;
D/dalvikvm( 2092): VFY: replacing opcode 0x6f at 0x0002
E/ConfigFileUtils( 2092): Failed to read config file: /data/data/com.google.android.gms/app_chimera/current_fileapks.pb: open failed: ENOENT (No such file or directory)
I/ModuleSetMgr( 2092): Computing pending module set with APKs: []
I/ModuleSetMgr( 2092): Pending container module APKs: []
I/ModuleSetMgr( 2092): Pending non-container module APKs: []
D/dalvikvm( 2092): GC_FOR_ALLOC freed 368K, 15% free 3389K/3944K, paused 1ms, total 1ms
E/ConfigFileUtils( 2092): Failed to read config file: /data/data/com.google.android.gms/app_chimera/current_fileapks.pb: open failed: ENOENT (No such file or directory)
E/ChimeraCfgMgr( 2092): Failed to read module config: java.io.FileNotFoundException: /data/data/com.google.android.gms/app_chimera/current_config.fb: open failed: ENOENT (No such file or directory)
W/IntentOperation( 2092): Failed to get Chimera config:com.google.android.chimera.config.InvalidConfigException: java.io.FileNotFoundException: /data/data/com.google.android.gms/app_chimera/current_config.fb: open failed: ENOENT (No such file or directory)
D/dalvikvm( 2092): GC_FOR_ALLOC freed 57K, 15% free 3387K/3944K, paused 3ms, total 3ms
I/dalvikvm-heap( 2092): Grow heap (frag case) to 3.706MB for 228601-byte allocation
D/dalvikvm( 2092): GC_FOR_ALLOC freed <1K, 14% free 3610K/4168K, paused 2ms, total 2ms
D/dalvikvm( 1776): GC_FOR_ALLOC freed 275K, 24% free 4305K/5652K, paused 2ms, total 2ms
D/dalvikvm( 2092): GC_FOR_ALLOC freed 27K, 6% free 4092K/4308K, paused 4ms, total 4ms
D/dalvikvm( 1776): GC_FOR_ALLOC freed 362K, 22% free 4454K/5652K, paused 3ms, total 3ms
D/dalvikvm( 2092): GC_FOR_ALLOC freed 274K, 10% free 4330K/4792K, paused 2ms, total 2ms
D/dalvikvm( 1776): GC_FOR_ALLOC freed 588K, 23% free 4378K/5652K, paused 4ms, total 4ms
D/dalvikvm( 2092): GC_FOR_ALLOC freed 363K, 11% free 4479K/5028K, paused 3ms, total 3ms
D/dalvikvm( 2092): GC_FOR_ALLOC freed 587K, 15% free 4404K/5180K, paused 5ms, total 5ms
D/dalvikvm( 1776): GC_FOR_ALLOC freed 474K, 22% free 4415K/5652K, paused 4ms, total 4ms
D/dalvikvm( 1570): GC_FOR_ALLOC freed 1048K, 52% free 7143K/14820K, paused 9ms, total 30ms
D/dalvikvm( 1776): GC_FOR_ALLOC freed 476K, 22% free 4449K/5652K, paused 6ms, total 6ms
D/dalvikvm( 2092): GC_FOR_ALLOC freed 476K, 15% free 4439K/5180K, paused 3ms, total 3ms
D/dalvikvm( 1776): GC_FOR_ALLOC freed 481K, 21% free 4480K/5652K, paused 3ms, total 3ms
D/dalvikvm( 2092): GC_FOR_ALLOC freed 478K, 14% free 4473K/5180K, paused 4ms, total 4ms
D/dalvikvm( 2092): GC_FOR_ALLOC freed 353K, 14% free 4491K/5180K, paused 3ms, total 3ms
D/dalvikvm( 1776): GC_FOR_ALLOC freed 495K, 21% free 4495K/5652K, paused 3ms, total 3ms
D/dalvikvm( 2092): GC_FOR_ALLOC freed 348K, 14% free 4511K/5192K, paused 2ms, total 2ms
D/dalvikvm( 1776): GC_FOR_ALLOC freed 719K, 29% free 4013K/5652K, paused 2ms, total 2ms
I/dalvikvm-heap( 1776): Grow heap (frag case) to 4.364MB for 281612-byte allocation
D/dalvikvm( 1776): GC_FOR_ALLOC freed 0K, 28% free 4288K/5928K, paused 1ms, total 1ms
D/dalvikvm( 2092): GC_FOR_ALLOC freed 987K, 23% free 4038K/5212K, paused 3ms, total 3ms
D/dalvikvm( 2092): GC_FOR_ALLOC freed 1K, 23% free 4038K/5212K, paused 2ms, total 2ms
I/dalvikvm-heap( 2092): Grow heap (frag case) to 4.392MB for 281612-byte allocation
D/dalvikvm( 2092): GC_FOR_ALLOC freed 0K, 22% free 4313K/5488K, paused 2ms, total 2ms
I/ChimeraCfgMgr( 2092): Updating module config: <no config> -> container:2024149000700
E/ConfigFileUtils( 2092): Failed to read config file: /data/data/com.google.android.gms/app_chimera/current_modules_init.pb: open failed: ENOENT (No such file or directory)
I/ChimeraCfgMgr( 1776): Updating module config: <no config> -> container:2024149000700
D/dalvikvm( 1776): DexOpt: couldn't find static field Landroid/os/Build;.SUPPORTED_64_BIT_ABIS
W/dalvikvm( 1776): VFY: unable to resolve static field 1539 (SUPPORTED_64_BIT_ABIS) in Landroid/os/Build;
D/dalvikvm( 1776): VFY: replacing opcode 0x62 at 0x0214
D/dalvikvm( 1570): GC_FOR_ALLOC freed 1042K, 52% free 7143K/14820K, paused 9ms, total 9ms
D/dalvikvm( 1570): GC_FOR_ALLOC freed 1042K, 52% free 7143K/14820K, paused 8ms, total 8ms
I/ChimeraCfgMgr( 2092): Sending com.google.android.chimera.IntentOperation.NEW_MODULE Intents: 1,true,true
D/dalvikvm( 1570): GC_FOR_ALLOC freed 1031K, 52% free 7155K/14820K, paused 6ms, total 6ms
D/dalvikvm( 1570): GC_FOR_ALLOC freed 1027K, 52% free 7173K/14820K, paused 8ms, total 8ms
D/dalvikvm( 1570): GC_FOR_ALLOC freed 1025K, 52% free 7196K/14820K, paused 8ms, total 8ms
I/ChmraDebugLogger( 2092): [46] 
D/dalvikvm( 2092): DexOpt: couldn't find static field Landroid/os/Build;.SUPPORTED_64_BIT_ABIS
W/dalvikvm( 2092): VFY: unable to resolve static field 1539 (SUPPORTED_64_BIT_ABIS) in Landroid/os/Build;
D/dalvikvm( 2092): VFY: replacing opcode 0x62 at 0x0214
W/ProviderHelper( 2092): Unknown dynamite feature providerinstaller
I/DynamiteModule( 2092): Considering local module providerinstaller:0 and remote module providerinstaller:0
W/ProviderInstaller( 2092): Failed to load providerinstaller module: No acceptable module found. Local version is 0 and remote version is 0.
I/dalvikvm( 2092): Could not find method android.content.ContextWrapper.createCredentialProtectedStorageContext, referenced from method nfr.createCredentialProtectedStorageContext
W/dalvikvm( 2092): VFY: unable to resolve virtual method 2508: Landroid/content/ContextWrapper;.createCredentialProtectedStorageContext ()Landroid/content/Context;
D/dalvikvm( 2092): VFY: replacing opcode 0x6f at 0x0002
I/dalvikvm( 2092): Could not find method android.content.ContextWrapper.createDeviceProtectedStorageContext, referenced from method nfr.createDeviceProtectedStorageContext
W/dalvikvm( 2092): VFY: unable to resolve virtual method 2509: Landroid/content/ContextWrapper;.createDeviceProtectedStorageContext ()Landroid/content/Context;
D/dalvikvm( 2092): VFY: replacing opcode 0x6f at 0x0002
D/dalvikvm( 2092): DexOpt: couldn't find static field Landroid/os/Build;.SUPPORTED_64_BIT_ABIS
W/dalvikvm( 2092): VFY: unable to resolve static field 1539 (SUPPORTED_64_BIT_ABIS) in Landroid/os/Build;
D/dalvikvm( 2092): VFY: replacing opcode 0x62 at 0x0080
D/dalvikvm( 2092): DexOpt: couldn't find static field Landroid/os/Build;.SUPPORTED_ABIS
W/dalvikvm( 2092): VFY: unable to resolve static field 1540 (SUPPORTED_ABIS) in Landroid/os/Build;
D/dalvikvm( 2092): VFY: replacing opcode 0x62 at 0x00d3
W/ProviderHelper( 1776): Unknown dynamite feature providerinstaller
I/DynamiteModule( 1776): Considering local module providerinstaller:0 and remote module providerinstaller:0
W/ProviderInstaller( 1776): Failed to load providerinstaller module: No acceptable module found. Local version is 0 and remote version is 0.
I/dalvikvm( 1776): Could not find method android.content.ContextWrapper.createCredentialProtectedStorageContext, referenced from method nfr.createCredentialProtectedStorageContext
W/dalvikvm( 1776): VFY: unable to resolve virtual method 2508: Landroid/content/ContextWrapper;.createCredentialProtectedStorageContext ()Landroid/content/Context;
D/dalvikvm( 1776): VFY: replacing opcode 0x6f at 0x0002
I/dalvikvm( 1776): Could not find method android.content.ContextWrapper.createDeviceProtectedStorageContext, referenced from method nfr.createDeviceProtectedStorageContext
W/dalvikvm( 1776): VFY: unable to resolve virtual method 2509: Landroid/content/ContextWrapper;.createDeviceProtectedStorageContext ()Landroid/content/Context;
D/dalvikvm( 1776): VFY: replacing opcode 0x6f at 0x0002
D/dalvikvm( 1776): DexOpt: couldn't find static field Landroid/os/Build;.SUPPORTED_64_BIT_ABIS
W/dalvikvm( 1776): VFY: unable to resolve static field 1539 (SUPPORTED_64_BIT_ABIS) in Landroid/os/Build;
D/dalvikvm( 1776): VFY: replacing opcode 0x62 at 0x0080
D/dalvikvm( 1776): DexOpt: couldn't find static field Landroid/os/Build;.SUPPORTED_ABIS
W/dalvikvm( 1776): VFY: unable to resolve static field 1540 (SUPPORTED_ABIS) in Landroid/os/Build;
D/dalvikvm( 1776): VFY: replacing opcode 0x62 at 0x00d3
V/NativeCrypto( 1776): Registering com/google/android/gms/org/conscrypt/NativeCrypto's 286 native methods...
V/NativeCrypto( 2092): Registering com/google/android/gms/org/conscrypt/NativeCrypto's 286 native methods...
W/dalvikvm( 1776): Unable to resolve superclass of Lcom/google/android/gms/org/conscrypt/TrustManagerImpl; (5184)
W/dalvikvm( 1776): Link of class 'Lcom/google/android/gms/org/conscrypt/TrustManagerImpl;' failed
I/dalvikvm( 1776): Could not find method com.google.android.gms.org.conscrypt.TrustManagerImpl.getDefaultHostnameVerifier, referenced from method com.google.android.gms.org.conscrypt.Conscrypt.getDefaultHostnameVerifier
W/dalvikvm( 1776): VFY: unable to resolve static method 17870: Lcom/google/android/gms/org/conscrypt/TrustManagerImpl;.getDefaultHostnameVerifier ()Lcom/google/android/gms/org/conscrypt/ConscryptHostnameVerifier;
D/dalvikvm( 1776): VFY: replacing opcode 0x71 at 0x0003
W/dalvikvm( 2092): Unable to resolve superclass of Lcom/google/android/gms/org/conscrypt/TrustManagerImpl; (5184)
W/dalvikvm( 2092): Link of class 'Lcom/google/android/gms/org/conscrypt/TrustManagerImpl;' failed
W/dalvikvm( 1776): Unable to resolve superclass of Lcom/google/android/gms/org/conscrypt/TrustManagerImpl; (5184)
W/dalvikvm( 1776): Link of class 'Lcom/google/android/gms/org/conscrypt/TrustManagerImpl;' failed
I/dalvikvm( 2092): Could not find method com.google.android.gms.org.conscrypt.TrustManagerImpl.getDefaultHostnameVerifier, referenced from method com.google.android.gms.org.conscrypt.Conscrypt.getDefaultHostnameVerifier
W/dalvikvm( 2092): VFY: unable to resolve static method 17870: Lcom/google/android/gms/org/conscrypt/TrustManagerImpl;.getDefaultHostnameVerifier ()Lcom/google/android/gms/org/conscrypt/ConscryptHostnameVerifier;
D/dalvikvm( 2092): VFY: replacing opcode 0x71 at 0x0003
W/dalvikvm( 1776): VFY: unable to find class referenced in signature (Lcom/google/android/gms/org/conscrypt/TrustManagerImpl;)
W/dalvikvm( 1776): Unable to resolve superclass of Lcom/google/android/gms/org/conscrypt/TrustManagerImpl; (5184)
W/dalvikvm( 1776): Link of class 'Lcom/google/android/gms/org/conscrypt/TrustManagerImpl;' failed
I/dalvikvm( 1776): Could not find method com.google.android.gms.org.conscrypt.TrustManagerImpl.getHostnameVerifier, referenced from method com.google.android.gms.org.conscrypt.Conscrypt.getHostnameVerifier
W/dalvikvm( 1776): VFY: unable to resolve virtual method 17872: Lcom/google/android/gms/org/conscrypt/TrustManagerImpl;.getHostnameVerifier ()Lcom/google/android/gms/org/conscrypt/ConscryptHostnameVerifier;
D/dalvikvm( 1776): VFY: replacing opcode 0x6e at 0x0004
W/dalvikvm( 1776): Unable to resolve superclass of Lcom/google/android/gms/org/conscrypt/TrustManagerImpl; (5184)
W/dalvikvm( 1776): Link of class 'Lcom/google/android/gms/org/conscrypt/TrustManagerImpl;' failed
E/dalvikvm( 1776): Could not find class 'com.google.android.gms.org.conscrypt.TrustManagerImpl', referenced from method com.google.android.gms.org.conscrypt.Conscrypt.isConscrypt
W/dalvikvm( 1776): VFY: unable to resolve instanceof 4452 (Lcom/google/android/gms/org/conscrypt/TrustManagerImpl;) in Lcom/google/android/gms/org/conscrypt/Conscrypt;
D/dalvikvm( 1776): VFY: replacing opcode 0x20 at 0x0000
W/dalvikvm( 1776): Unable to resolve superclass of Lcom/google/android/gms/org/conscrypt/TrustManagerImpl; (5184)
W/dalvikvm( 1776): Link of class 'Lcom/google/android/gms/org/conscrypt/TrustManagerImpl;' failed
I/dalvikvm( 1776): Could not find method com.google.android.gms.org.conscrypt.TrustManagerImpl.setDefaultHostnameVerifier, referenced from method com.google.android.gms.org.conscrypt.Conscrypt.setDefaultHostnameVerifier
W/dalvikvm( 1776): VFY: unable to resolve static method 17882: Lcom/google/android/gms/org/conscrypt/TrustManagerImpl;.setDefaultHostnameVerifier (Lcom/google/android/gms/org/conscrypt/ConscryptHostnameVerifier;)V
D/dalvikvm( 1776): VFY: replacing opcode 0x71 at 0x0003
W/dalvikvm( 1776): Unable to resolve superclass of Lcom/google/android/gms/org/conscrypt/TrustManagerImpl; (5184)
W/dalvikvm( 1776): Link of class 'Lcom/google/android/gms/org/conscrypt/TrustManagerImpl;' failed
W/dalvikvm( 1776): VFY: unable to find class referenced in signature (Lcom/google/android/gms/org/conscrypt/TrustManagerImpl;)
W/dalvikvm( 1776): Unable to resolve superclass of Lcom/google/android/gms/org/conscrypt/TrustManagerImpl; (5184)
W/dalvikvm( 1776): Link of class 'Lcom/google/android/gms/org/conscrypt/TrustManagerImpl;' failed
I/dalvikvm( 1776): Could not find method com.google.android.gms.org.conscrypt.TrustManagerImpl.setHostnameVerifier, referenced from method com.google.android.gms.org.conscrypt.Conscrypt.setHostnameVerifier
W/dalvikvm( 1776): VFY: unable to resolve virtual method 17883: Lcom/google/android/gms/org/conscrypt/TrustManagerImpl;.setHostnameVerifier (Lcom/google/android/gms/org/conscrypt/ConscryptHostnameVerifier;)V
D/dalvikvm( 1776): VFY: replacing opcode 0x6e at 0x0004
W/dalvikvm( 1776): Unable to resolve superclass of Lcom/google/android/gms/org/conscrypt/TrustManagerImpl; (5184)
W/dalvikvm( 1776): Link of class 'Lcom/google/android/gms/org/conscrypt/TrustManagerImpl;' failed
D/dalvikvm( 2092): GC_FOR_ALLOC freed 1275K, 36% free 3549K/5488K, paused 3ms, total 3ms
W/dalvikvm( 2092): Unable to resolve superclass of Lcom/google/android/gms/org/conscrypt/TrustManagerImpl; (5184)
W/dalvikvm( 2092): Link of class 'Lcom/google/android/gms/org/conscrypt/TrustManagerImpl;' failed
W/dalvikvm( 2092): VFY: unable to find class referenced in signature (Lcom/google/android/gms/org/conscrypt/TrustManagerImpl;)
W/dalvikvm( 2092): Unable to resolve superclass of Lcom/google/android/gms/org/conscrypt/TrustManagerImpl; (5184)
W/dalvikvm( 2092): Link of class 'Lcom/google/android/gms/org/conscrypt/TrustManagerImpl;' failed
I/dalvikvm( 2092): Could not find method com.google.android.gms.org.conscrypt.TrustManagerImpl.getHostnameVerifier, referenced from method com.google.android.gms.org.conscrypt.Conscrypt.getHostnameVerifier
W/dalvikvm( 2092): VFY: unable to resolve virtual method 17872: Lcom/google/android/gms/org/conscrypt/TrustManagerImpl;.getHostnameVerifier ()Lcom/google/android/gms/org/conscrypt/ConscryptHostnameVerifier;
D/dalvikvm( 2092): VFY: replacing opcode 0x6e at 0x0004
W/dalvikvm( 2092): Unable to resolve superclass of Lcom/google/android/gms/org/conscrypt/TrustManagerImpl; (5184)
W/dalvikvm( 2092): Link of class 'Lcom/google/android/gms/org/conscrypt/TrustManagerImpl;' failed
E/dalvikvm( 2092): Could not find class 'com.google.android.gms.org.conscrypt.TrustManagerImpl', referenced from method com.google.android.gms.org.conscrypt.Conscrypt.isConscrypt
W/dalvikvm( 2092): VFY: unable to resolve instanceof 4452 (Lcom/google/android/gms/org/conscrypt/TrustManagerImpl;) in Lcom/google/android/gms/org/conscrypt/Conscrypt;
D/dalvikvm( 2092): VFY: replacing opcode 0x20 at 0x0000
W/dalvikvm( 2092): Unable to resolve superclass of Lcom/google/android/gms/org/conscrypt/TrustManagerImpl; (5184)
W/dalvikvm( 2092): Link of class 'Lcom/google/android/gms/org/conscrypt/TrustManagerImpl;' failed
I/dalvikvm( 2092): Could not find method com.google.android.gms.org.conscrypt.TrustManagerImpl.setDefaultHostnameVerifier, referenced from method com.google.android.gms.org.conscrypt.Conscrypt.setDefaultHostnameVerifier
W/dalvikvm( 2092): VFY: unable to resolve static method 17882: Lcom/google/android/gms/org/conscrypt/TrustManagerImpl;.setDefaultHostnameVerifier (Lcom/google/android/gms/org/conscrypt/ConscryptHostnameVerifier;)V
D/dalvikvm( 2092): VFY: replacing opcode 0x71 at 0x0003
W/dalvikvm( 2092): Unable to resolve superclass of Lcom/google/android/gms/org/conscrypt/TrustManagerImpl; (5184)
W/dalvikvm( 2092): Link of class 'Lcom/google/android/gms/org/conscrypt/TrustManagerImpl;' failed
W/dalvikvm( 2092): VFY: unable to find class referenced in signature (Lcom/google/android/gms/org/conscrypt/TrustManagerImpl;)
W/dalvikvm( 2092): Unable to resolve superclass of Lcom/google/android/gms/org/conscrypt/TrustManagerImpl; (5184)
W/dalvikvm( 2092): Link of class 'Lcom/google/android/gms/org/conscrypt/TrustManagerImpl;' failed
I/dalvikvm( 2092): Could not find method com.google.android.gms.org.conscrypt.TrustManagerImpl.setHostnameVerifier, referenced from method com.google.android.gms.org.conscrypt.Conscrypt.setHostnameVerifier
W/dalvikvm( 2092): VFY: unable to resolve virtual method 17883: Lcom/google/android/gms/org/conscrypt/TrustManagerImpl;.setHostnameVerifier (Lcom/google/android/gms/org/conscrypt/ConscryptHostnameVerifier;)V
D/dalvikvm( 2092): VFY: replacing opcode 0x6e at 0x0004
W/dalvikvm( 2092): Unable to resolve superclass of Lcom/google/android/gms/org/conscrypt/TrustManagerImpl; (5184)
W/dalvikvm( 2092): Link of class 'Lcom/google/android/gms/org/conscrypt/TrustManagerImpl;' failed
E/dalvikvm( 2092): Could not find class 'com.google.android.gms.org.conscrypt.TrustManagerImpl', referenced from method com.google.android.gms.org.conscrypt.Conscrypt.toConscrypt
W/dalvikvm( 2092): VFY: unable to resolve check-cast 4452 (Lcom/google/android/gms/org/conscrypt/TrustManagerImpl;) in Lcom/google/android/gms/org/conscrypt/Conscrypt;
D/dalvikvm( 2092): VFY: replacing opcode 0x1f at 0x002a
D/dalvikvm( 1776): GC_FOR_ALLOC freed 1397K, 43% free 3402K/5928K, paused 4ms, total 4ms
E/dalvikvm( 1776): Could not find class 'com.google.android.gms.org.conscrypt.TrustManagerImpl', referenced from method com.google.android.gms.org.conscrypt.Conscrypt.toConscrypt
W/dalvikvm( 1776): VFY: unable to resolve check-cast 4452 (Lcom/google/android/gms/org/conscrypt/TrustManagerImpl;) in Lcom/google/android/gms/org/conscrypt/Conscrypt;
D/dalvikvm( 1776): VFY: replacing opcode 0x1f at 0x002a
D/dalvikvm( 2092): GC_FOR_ALLOC freed 384K, 33% free 3677K/5488K, paused 2ms, total 2ms
D/dalvikvm( 2092): GC_FOR_ALLOC freed 141K, 27% free 4048K/5488K, paused 6ms, total 6ms
D/dalvikvm( 1776): GC_FOR_ALLOC freed 170K, 37% free 3743K/5928K, paused 2ms, total 2ms
D/dalvikvm( 2092): GC_FOR_ALLOC freed 139K, 20% free 4420K/5488K, paused 3ms, total 3ms
D/dalvikvm( 1776): GC_FOR_ALLOC freed 143K, 31% free 4112K/5928K, paused 2ms, total 2ms
D/dalvikvm( 2092): GC_FOR_ALLOC freed 129K, 13% free 4789K/5488K, paused 5ms, total 5ms
D/dalvikvm( 1776): GC_FOR_ALLOC freed 133K, 25% free 4491K/5928K, paused 3ms, total 3ms
E/dalvikvm( 2092): Could not find class 'javax.net.ssl.SNIServerName', referenced from method com.google.android.gms.org.conscrypt.Platform.getSniHostnameFromParams
W/dalvikvm( 2092): VFY: unable to resolve check-cast 5160 (Ljavax/net/ssl/SNIServerName;) in Lcom/google/android/gms/org/conscrypt/Platform;
D/dalvikvm( 2092): VFY: replacing opcode 0x1f at 0x0025
E/dalvikvm( 2092): Could not find class 'javax.net.ssl.SNIHostName', referenced from method com.google.android.gms.org.conscrypt.Platform.setParametersSniHostname
W/dalvikvm( 2092): VFY: unable to resolve new-instance 5159 (Ljavax/net/ssl/SNIHostName;) in Lcom/google/android/gms/org/conscrypt/Platform;
D/dalvikvm( 2092): VFY: replacing opcode 0x22 at 0x0024
E/dalvikvm( 2092): Could not find class 'javax.net.ssl.SNIHostName', referenced from method com.google.android.gms.org.conscrypt.Platform.setParametersSniHostname
W/dalvikvm( 2092): VFY: unable to resolve new-instance 5159 (Ljavax/net/ssl/SNIHostName;) in Lcom/google/android/gms/org/conscrypt/Platform;
D/dalvikvm( 2092): VFY: replacing opcode 0x22 at 0x0024
D/dalvikvm( 2092): GC_FOR_ALLOC freed 230K, 10% free 5072K/5576K, paused 3ms, total 3ms
D/dalvikvm( 2092): DexOpt: unable to opt direct call 0x52f9 at 0x2a in Lcom/google/android/gms/org/conscrypt/Platform;.setParametersSniHostname
D/dalvikvm( 2092): DexOpt: unable to opt direct call 0x52f9 at 0x2a in Lcom/google/android/gms/org/conscrypt/Platform;.setParametersSniHostname
D/dalvikvm( 1776): GC_FOR_ALLOC freed 147K, 19% free 4855K/5928K, paused 4ms, total 4ms
E/dalvikvm( 1776): Could not find class 'javax.net.ssl.SNIServerName', referenced from method com.google.android.gms.org.conscrypt.Platform.getSniHostnameFromParams
W/dalvikvm( 1776): VFY: unable to resolve check-cast 5160 (Ljavax/net/ssl/SNIServerName;) in Lcom/google/android/gms/org/conscrypt/Platform;
D/dalvikvm( 1776): VFY: replacing opcode 0x1f at 0x0025
E/dalvikvm( 1776): Could not find class 'javax.net.ssl.SNIHostName', referenced from method com.google.android.gms.org.conscrypt.Platform.setParametersSniHostname
W/dalvikvm( 1776): VFY: unable to resolve new-instance 5159 (Ljavax/net/ssl/SNIHostName;) in Lcom/google/android/gms/org/conscrypt/Platform;
D/dalvikvm( 1776): VFY: replacing opcode 0x22 at 0x0024
E/dalvikvm( 1776): Could not find class 'javax.net.ssl.SNIHostName', referenced from method com.google.android.gms.org.conscrypt.Platform.setParametersSniHostname
W/dalvikvm( 1776): VFY: unable to resolve new-instance 5159 (Ljavax/net/ssl/SNIHostName;) in Lcom/google/android/gms/org/conscrypt/Platform;
D/dalvikvm( 1776): VFY: replacing opcode 0x22 at 0x0024
D/dalvikvm( 1776): DexOpt: unable to opt direct call 0x52f9 at 0x2a in Lcom/google/android/gms/org/conscrypt/Platform;.setParametersSniHostname
D/dalvikvm( 1776): DexOpt: unable to opt direct call 0x52f9 at 0x2a in Lcom/google/android/gms/org/conscrypt/Platform;.setParametersSniHostname
I/ProviderInstaller( 2092): Installed default security provider GmsCore_OpenSSL
D/dalvikvm( 1776): GC_FOR_ALLOC freed 426K, 15% free 5051K/5928K, paused 5ms, total 5ms
I/Safeboot( 2092): Checking safeboot...
I/Safeboot( 2092): Not entering safeboot; wrong process.
I/ProviderInstaller( 1776): Installed default security provider GmsCore_OpenSSL
D/dalvikvm( 2092): GC_FOR_ALLOC freed 433K, 12% free 5283K/5956K, paused 4ms, total 4ms
D/dalvikvm( 1570): GC_FOR_ALLOC freed 1048K, 52% free 7203K/14820K, paused 20ms, total 20ms
D/dalvikvm( 1793): GC_EXPLICIT freed 457K, 17% free 3195K/3836K, paused 0ms+1ms, total 3ms
I/Safeboot( 1776): Checking safeboot...
E/dalvikvm( 2092): Could not find class 'com.google.common.flogger.backend.google.GooglePlatform', referenced from method beui.a
W/dalvikvm( 2092): VFY: unable to resolve const-class 4605 (Lcom/google/common/flogger/backend/google/GooglePlatform;) in Lbeui;
D/dalvikvm( 2092): VFY: replacing opcode 0x1c at 0x001b
I/Safeboot Condition( 1776): No need to enter Safeboot.
E/dalvikvm( 1776): Could not find class 'com.google.common.flogger.backend.google.GooglePlatform', referenced from method beui.a
W/dalvikvm( 1776): VFY: unable to resolve const-class 4605 (Lcom/google/common/flogger/backend/google/GooglePlatform;) in Lbeui;
D/dalvikvm( 1776): VFY: replacing opcode 0x1c at 0x001b
I/auxu    ( 2092): Primes not initialized, returning default (no-op) Primes instance which will ignore all calls. Please call Primes.initialize(...) before using any Primes API.
I/auxu    ( 1776): Primes not initialized, returning default (no-op) Primes instance which will ignore all calls. Please call Primes.initialize(...) before using any Primes API.
I/DeviceDrDatabaseHelper( 1776): Creating databases!
I/dalvikvm( 1776): Could not find method android.content.Context.bindService, referenced from method uws.bindService
W/dalvikvm( 1776): VFY: unable to resolve virtual method 2453: Landroid/content/Context;.bindService (Landroid/content/Intent;ILjava/util/concurrent/Executor;Landroid/content/ServiceConnection;)Z
D/dalvikvm( 1776): VFY: replacing opcode 0x6e at 0x0018
I/dalvikvm( 1776): Could not find method android.content.Context.bindService, referenced from method uws.bindService
W/dalvikvm( 1776): VFY: unable to resolve virtual method 2453: Landroid/content/Context;.bindService (Landroid/content/Intent;ILjava/util/concurrent/Executor;Landroid/content/ServiceConnection;)Z
D/dalvikvm( 1776): VFY: replacing opcode 0x6e at 0x0030
I/dalvikvm( 1776): Could not find method android.content.Context.startForegroundService, referenced from method uws.startForegroundService
W/dalvikvm( 1776): VFY: unable to resolve virtual method 2501: Landroid/content/Context;.startForegroundService (Landroid/content/Intent;)Landroid/content/ComponentName;
D/dalvikvm( 1776): VFY: replacing opcode 0x6e at 0x001c
I/dalvikvm( 1776): Could not find method android.content.Context.startForegroundService, referenced from method uws.startForegroundService
W/dalvikvm( 1776): VFY: unable to resolve virtual method 2501: Landroid/content/Context;.startForegroundService (Landroid/content/Intent;)Landroid/content/ComponentName;
D/dalvikvm( 1776): VFY: replacing opcode 0x6e at 0x0028
I/dalvikvm( 1776): Could not find method android.os.PowerManager.isPowerSaveMode, referenced from method uwl.a
W/dalvikvm( 1776): VFY: unable to resolve virtual method 3047: Landroid/os/PowerManager;.isPowerSaveMode ()Z
D/dalvikvm( 1776): VFY: replacing opcode 0x6e at 0x0010
D/dalvikvm( 2092): GC_FOR_ALLOC freed 303K, 9% free 5687K/6236K, paused 4ms, total 4ms
D/dalvikvm( 1776): GC_FOR_ALLOC freed 398K, 11% free 5333K/5928K, paused 4ms, total 4ms
I/dalvikvm( 1776): Could not find method android.os.PowerManager.isPowerSaveMode, referenced from method ayli.c
W/dalvikvm( 1776): VFY: unable to resolve virtual method 1679: Landroid/os/PowerManager;.isPowerSaveMode ()Z
D/dalvikvm( 1776): VFY: replacing opcode 0x6e at 0x000a
E/dalvikvm( 1776): Could not find class 'android.content.RestrictionsManager', referenced from method axpy.a
W/dalvikvm( 1776): VFY: unable to resolve check-cast 215 (Landroid/content/RestrictionsManager;) in Laxpy;
D/dalvikvm( 1776): VFY: replacing opcode 0x1f at 0x009b
D/dalvikvm( 1793): GC_FOR_ALLOC freed 509K, 20% free 3197K/3956K, paused 2ms, total 2ms
D/dalvikvm( 1570): GC_FOR_ALLOC freed 1052K, 52% free 7208K/14820K, paused 18ms, total 19ms
D/dalvikvm( 2092): GC_FOR_ALLOC freed 237K, 8% free 6240K/6776K, paused 7ms, total 7ms
I/dalvikvm( 2092): Could not find method android.content.Context.bindService, referenced from method uws.bindService
W/dalvikvm( 2092): VFY: unable to resolve virtual method 2453: Landroid/content/Context;.bindService (Landroid/content/Intent;ILjava/util/concurrent/Executor;Landroid/content/ServiceConnection;)Z
D/dalvikvm( 2092): VFY: replacing opcode 0x6e at 0x0018
I/dalvikvm( 2092): Could not find method android.content.Context.bindService, referenced from method uws.bindService
W/dalvikvm( 2092): VFY: unable to resolve virtual method 2453: Landroid/content/Context;.bindService (Landroid/content/Intent;ILjava/util/concurrent/Executor;Landroid/content/ServiceConnection;)Z
D/dalvikvm( 2092): VFY: replacing opcode 0x6e at 0x0030
I/dalvikvm( 2092): Could not find method android.content.Context.startForegroundService, referenced from method uws.startForegroundService
W/dalvikvm( 2092): VFY: unable to resolve virtual method 2501: Landroid/content/Context;.startForegroundService (Landroid/content/Intent;)Landroid/content/ComponentName;
D/dalvikvm( 2092): VFY: replacing opcode 0x6e at 0x001c
I/dalvikvm( 2092): Could not find method android.content.Context.startForegroundService, referenced from method uws.startForegroundService
W/dalvikvm( 2092): VFY: unable to resolve virtual method 2501: Landroid/content/Context;.startForegroundService (Landroid/content/Intent;)Landroid/content/ComponentName;
D/dalvikvm( 2092): VFY: replacing opcode 0x6e at 0x0028
I/dalvikvm( 2092): Could not find method android.os.PowerManager.isPowerSaveMode, referenced from method uwl.a
W/dalvikvm( 2092): VFY: unable to resolve virtual method 3047: Landroid/os/PowerManager;.isPowerSaveMode ()Z
D/dalvikvm( 2092): VFY: replacing opcode 0x6e at 0x0010
D/dalvikvm( 1570): GC_FOR_ALLOC freed 1057K, 52% free 7209K/14820K, paused 8ms, total 8ms
D/dalvikvm( 2092): GC_FOR_ALLOC freed 275K, 8% free 6912K/7512K, paused 12ms, total 12ms
D/dalvikvm( 1776): GC_FOR_ALLOC freed 618K, 14% free 5475K/6300K, paused 3ms, total 3ms
D/dalvikvm( 1570): GC_FOR_ALLOC freed 1058K, 52% free 7209K/14820K, paused 6ms, total 7ms
E/SQLiteLog( 1776): (1) no such table: Packages
I/NativeLibraryUtils( 2092): Extraction to /data/data/com.google.android.gms/app_extracted_libs/x86/libAppDataSearch.so true
D/dalvikvm( 1570): GC_FOR_ALLOC freed 931K, 51% free 7312K/14820K, paused 8ms, total 8ms
D/dalvikvm( 1776): GC_FOR_ALLOC freed 831K, 16% free 5457K/6488K, paused 3ms, total 3ms
I/dalvikvm( 1776): Could not find method android.content.ServiceConnection.onNullBinding, referenced from method uxb.onNullBinding
W/dalvikvm( 1776): VFY: unable to resolve interface method 2566: Landroid/content/ServiceConnection;.onNullBinding (Landroid/content/ComponentName;)V
D/dalvikvm( 1776): VFY: replacing opcode 0x72 at 0x000f
E/ConfigFileUtils( 2092): Failed to read config file: /data/data/com.google.android.gms/app_chimera/current_fileapks.pb: open failed: ENOENT (No such file or directory)
I/GmsModuleFndr( 2092): Beginning GMS chimera module scan
E/ConfigFileUtils( 2092): Failed to read config file: /data/data/com.google.android.gms/app_chimera/current_fileapks.pb: open failed: ENOENT (No such file or directory)
I/ModuleSetMgr( 2092): Computing pending module set with APKs: []
I/ModuleSetMgr( 2092): Pending container module APKs: []
I/ModuleSetMgr( 2092): Pending non-container module APKs: []
E/ConfigFileUtils( 2092): Failed to read config file: /data/data/com.google.android.gms/app_chimera/current_fileapks.pb: open failed: ENOENT (No such file or directory)
I/NativeLibraryUtils( 2092): Extraction to /data/data/com.google.android.gms/app_extracted_libs/x86/libWhisper.so true
W/ModuleManager( 1776): Unable to get current module's fulfilled APIs in ModuleManager created with non-module Context
I/dalvikvm( 1776): Could not find method android.system.Os.statvfs, referenced from method mbx.a
W/dalvikvm( 1776): VFY: unable to resolve static method 5777: Landroid/system/Os;.statvfs (Ljava/lang/String;)Landroid/system/StructStatVfs;
D/dalvikvm( 1776): VFY: replacing opcode 0x71 at 0x0029
I/dalvikvm( 1776): DexOpt: unable to optimize instance field ref 0x076d at 0x2d in Lmbx;.a
I/NativeLibraryUtils( 2092): Extraction to /data/data/com.google.android.gms/app_extracted_libs/x86/libconscrypt_gmscore_jni.so true
D/dalvikvm( 1570): GC_FOR_ALLOC freed 1035K, 51% free 7361K/14820K, paused 12ms, total 13ms
E/ConfigFileUtils( 2092): Failed to read config file: /data/data/com.google.android.gms/app_chimera/current_fileapks.pb: open failed: ENOENT (No such file or directory)
I/GmsModuleFndr( 2092): Beginning GMS chimera module scan
I/NativeLibraryUtils( 2092): Extraction to /data/data/com.google.android.gms/app_extracted_libs/x86/libgcastv2_base.so true
E/ConfigFileUtils( 2092): Failed to read config file: /data/data/com.google.android.gms/app_chimera/current_fileapks.pb: open failed: ENOENT (No such file or directory)
I/ModuleSetMgr( 2092): Computing pending module set with APKs: []
I/ModuleSetMgr( 2092): Pending container module APKs: []
I/ModuleSetMgr( 2092): Pending non-container module APKs: []
E/ConfigFileUtils( 2092): Failed to read config file: /data/data/com.google.android.gms/app_chimera/current_fileapks.pb: open failed: ENOENT (No such file or directory)
I/dalvikvm( 2092): Could not find method android.accounts.AccountManager.removeAccount, referenced from method ymq.c
W/dalvikvm( 2092): VFY: unable to resolve virtual method 4165: Landroid/accounts/AccountManager;.removeAccount (Landroid/accounts/Account;Landroid/app/Activity;Landroid/accounts/AccountManagerCallback;Landroid/os/Handler;)Landroid/accounts/AccountManagerFuture;
D/dalvikvm( 2092): VFY: replacing opcode 0x6e at 0x0009
I/dalvikvm( 2092): Could not find method android.accounts.AccountManager.removeAccountExplicitly, referenced from method ymq.d
W/dalvikvm( 2092): VFY: unable to resolve virtual method 4166: Landroid/accounts/AccountManager;.removeAccountExplicitly (Landroid/accounts/Account;)Z
D/dalvikvm( 2092): VFY: replacing opcode 0x6e at 0x0008
I/NativeLibraryUtils( 2092): Extraction to /data/data/com.google.android.gms/app_extracted_libs/x86/libgcastv2_support.so true
D/dalvikvm( 1776): GC_FOR_ALLOC freed 617K, 13% free 5661K/6488K, paused 7ms, total 7ms
I/NativeLibraryUtils( 2092): Extraction to /data/data/com.google.android.gms/app_extracted_libs/x86/libgmscore.so true
I/NativeLibraryUtils( 2092): Extraction to /data/data/com.google.android.gms/app_extracted_libs/x86/libgoogle-ocrclient-v3.so true
D/dalvikvm( 2092): GC_FOR_ALLOC freed 1059K, 16% free 7071K/8408K, paused 6ms, total 6ms
E/StrictMode( 2092): A resource was acquired at attached stack trace but never released. See java.io.Closeable for information on avoiding resource leaks.
E/StrictMode( 2092): java.lang.Throwable: Explicit termination method 'end' not called
E/StrictMode( 2092): 	at dalvik.system.CloseGuard.open(CloseGuard.java:184)
E/StrictMode( 2092): 	at java.util.zip.Inflater.<init>(Inflater.java:82)
E/StrictMode( 2092): 	at java.util.zip.ZipFile.getInputStream(ZipFile.java:310)
E/StrictMode( 2092): 	at npp.d(:com.google.android.gms@202414005@20.24.14 (000700-319035315):36)
E/StrictMode( 2092): 	at mob.run(:com.google.android.gms@202414005@20.24.14 (000700-319035315):0)
D/dalvikvm( 1570): GC_FOR_ALLOC freed 1048K, 51% free 7409K/14820K, paused 19ms, total 20ms
I/InputReader( 1570): Reconfiguring input devices.  changes=0x00000010
I/PackageManager( 1570):   Action: "android.intent.action.SENDTO"
I/PackageManager( 1570):   Category: "android.intent.category.DEFAULT"
I/PackageManager( 1570):   Scheme: "sms"
I/PackageManager( 1570): Adding preferred activity ComponentInfo{com.android.mms/com.android.mms.ui.ComposeMessageActivity} for user 0 :
I/InputReader( 1570): Reconfiguring input devices.  changes=0x00000010
I/InputReader( 1570): Reconfiguring input devices.  changes=0x00000010
I/PackageManager( 1570):   Action: "android.intent.action.SENDTO"
I/PackageManager( 1570):   Category: "android.intent.category.DEFAULT"
I/PackageManager( 1570):   Scheme: "smsto"
I/PackageManager( 1570): Adding preferred activity ComponentInfo{com.android.mms/com.android.mms.ui.ComposeMessageActivity} for user 0 :
D/dalvikvm( 1814): GC_FOR_ALLOC freed 465K, 16% free 3613K/4264K, paused 2ms, total 2ms
E/ConfigFileUtils( 2092): Failed to read config file: /data/data/com.google.android.gms/app_chimera/current_fileapks.pb: open failed: ENOENT (No such file or directory)
I/GmsModuleFndr( 2092): Beginning GMS chimera module scan
I/NativeLibraryUtils( 2092): Extraction to /data/data/com.google.android.gms/app_extracted_libs/x86/libinertial-anchor-jni.so true
D/dalvikvm( 1570): GC_FOR_ALLOC freed 1177K, 51% free 7335K/14820K, paused 10ms, total 12ms
I/NativeLibraryUtils( 2092): Extraction to /data/data/com.google.android.gms/app_extracted_libs/x86/libjgcastservice.so true
I/PackageManager( 1570):   Action: "android.intent.action.SENDTO"
I/PackageManager( 1570):   Category: "android.intent.category.DEFAULT"
I/PackageManager( 1570):   Scheme: "mms"
I/PackageManager( 1570): Adding preferred activity ComponentInfo{com.android.mms/com.android.mms.ui.ComposeMessageActivity} for user 0 :
D/dalvikvm( 1570): GC_FOR_ALLOC freed 1133K, 51% free 7286K/14820K, paused 8ms, total 8ms
I/PackageManager( 1570):   Action: "android.intent.action.SENDTO"
I/PackageManager( 1570):   Category: "android.intent.category.DEFAULT"
I/PackageManager( 1570):   Scheme: "mmsto"
I/PackageManager( 1570):   Action: "android.intent.action.SENDTO"
I/PackageManager( 1570):   Category: "android.intent.category.DEFAULT"
I/PackageManager( 1570):   Scheme: "sms"
I/PackageManager( 1570): Adding preferred activity ComponentInfo{com.android.mms/com.android.mms.ui.ComposeMessageActivity} for user 0 :
I/PackageManager( 1570): Adding preferred activity ComponentInfo{com.android.mms/com.android.mms.ui.ComposeMessageActivity} for user 0 :
E/ConfigFileUtils( 2092): Failed to read config file: /data/data/com.google.android.gms/app_chimera/current_fileapks.pb: open failed: ENOENT (No such file or directory)
I/ModuleSetMgr( 2092): Computing pending module set with APKs: []
I/PackageManager( 1570):   Action: "android.intent.action.SENDTO"
I/PackageManager( 1570):   Category: "android.intent.category.DEFAULT"
I/PackageManager( 1570):   Scheme: "smsto"
I/ModuleSetMgr( 2092): Pending container module APKs: []
I/ModuleSetMgr( 2092): Pending non-container module APKs: []
E/ConfigFileUtils( 2092): Failed to read config file: /data/data/com.google.android.gms/app_chimera/current_fileapks.pb: open failed: ENOENT (No such file or directory)
I/PackageManager( 1570): Adding preferred activity ComponentInfo{com.android.mms/com.android.mms.ui.ComposeMessageActivity} for user 0 :
I/PackageManager( 1570):   Action: "android.intent.action.SENDTO"
I/PackageManager( 1570):   Category: "android.intent.category.DEFAULT"
I/PackageManager( 1570):   Scheme: "mms"
I/PackageManager( 1570): Adding preferred activity ComponentInfo{com.android.mms/com.android.mms.ui.ComposeMessageActivity} for user 0 :
D/dalvikvm( 1814): GC_FOR_ALLOC freed 337K, 16% free 3644K/4308K, paused 1ms, total 4ms
I/PackageManager( 1570):   Action: "android.intent.action.SENDTO"
I/PackageManager( 1570):   Category: "android.intent.category.DEFAULT"
I/PackageManager( 1570):   Scheme: "mmsto"
I/PackageManager( 1570): Adding preferred activity ComponentInfo{com.android.mms/com.android.mms.ui.ComposeMessageActivity} for user 0 :
D/dalvikvm( 1776): GC_EXPLICIT freed 552K, 15% free 5574K/6488K, paused 1ms+2ms, total 50ms
D/dalvikvm( 1570): GC_FOR_ALLOC freed 1015K, 51% free 7348K/14820K, paused 14ms, total 14ms
I/PackageManager( 1570):   Action: "android.intent.action.SENDTO"
I/PackageManager( 1570):   Category: "android.intent.category.DEFAULT"
I/PackageManager( 1570):   Scheme: "sms"
I/PackageManager( 1570): Adding preferred activity ComponentInfo{com.android.mms/com.android.mms.ui.ComposeMessageActivity} for user 0 :
I/PackageManager( 1570):   Action: "android.intent.action.SENDTO"
I/PackageManager( 1570):   Category: "android.intent.category.DEFAULT"
I/PackageManager( 1570):   Scheme: "smsto"
I/PackageManager( 1570): Adding preferred activity ComponentInfo{com.android.mms/com.android.mms.ui.ComposeMessageActivity} for user 0 :
I/PackageManager( 1570):   Action: "android.intent.action.SENDTO"
I/PackageManager( 1570):   Category: "android.intent.category.DEFAULT"
I/PackageManager( 1570):   Scheme: "mms"
I/PackageManager( 1570):   Action: "android.intent.action.SENDTO"
I/PackageManager( 1570):   Category: "android.intent.category.DEFAULT"
I/PackageManager( 1570):   Scheme: "mmsto"
I/PackageManager( 1570): Adding preferred activity ComponentInfo{com.android.mms/com.android.mms.ui.ComposeMessageActivity} for user 0 :
I/PackageManager( 1570): Adding preferred activity ComponentInfo{com.android.mms/com.android.mms.ui.ComposeMessageActivity} for user 0 :
E/BluetoothAdapter( 1833): Bluetooth binder is null
D/dalvikvm( 1814): GC_FOR_ALLOC freed 384K, 16% free 3649K/4340K, paused 2ms, total 2ms
I/PackageManager( 1570):   Action: "android.intent.action.SENDTO"
I/PackageManager( 1570):   Category: "android.intent.category.DEFAULT"
I/PackageManager( 1570):   Scheme: "sms"
I/PackageManager( 1570): Adding preferred activity ComponentInfo{com.android.mms/com.android.mms.ui.ComposeMessageActivity} for user 0 :
I/PackageManager( 1570):   Action: "android.intent.action.SENDTO"
I/PackageManager( 1570):   Category: "android.intent.category.DEFAULT"
I/PackageManager( 1570):   Scheme: "smsto"
I/PackageManager( 1570): Adding preferred activity ComponentInfo{com.android.mms/com.android.mms.ui.ComposeMessageActivity} for user 0 :
I/dalvikvm( 2152): CheckJNI enabled: not enabling JNI app bug workarounds.
D/dalvikvm( 1146): GC_EXPLICIT freed 39K, 8% free 2993K/3220K, paused 1ms+1ms, total 5ms
D/dalvikvm( 1146): GC_EXPLICIT freed <1K, 8% free 2993K/3220K, paused 0ms+1ms, total 2ms
I/NearbyDiscovery( 1776): DiscoveryService created [CONTEXT service_id=49 ]
D/dalvikvm( 1146): GC_EXPLICIT freed <1K, 8% free 2993K/3220K, paused 0ms+0ms, total 5ms
I/ActivityManager( 1570): Start proc com.android.music for broadcast com.android.music/.MediaButtonIntentReceiver: pid=2152 uid=10036 gids={50036, 3003, 1028, 1015}
D/dalvikvm( 1570): GC_FOR_ALLOC freed 998K, 50% free 7444K/14820K, paused 20ms, total 20ms
I/PackageManager( 1570):   Action: "android.intent.action.SENDTO"
I/PackageManager( 1570):   Category: "android.intent.category.DEFAULT"
I/PackageManager( 1570):   Scheme: "mms"
I/PackageManager( 1570): Running dexopt on: com.android.music
I/PackageManager( 1570):   Action: "android.intent.action.SENDTO"
I/PackageManager( 1570):   Category: "android.intent.category.DEFAULT"
I/PackageManager( 1570):   Scheme: "mmsto"
W/linker  ( 2167): libdvm.so has text relocations. This is wasting memory and is a security risk. Please fix.
I/PackageManager( 1570): Adding preferred activity ComponentInfo{com.android.mms/com.android.mms.ui.ComposeMessageActivity} for user 0 :
I/PackageManager( 1570): Adding preferred activity ComponentInfo{com.android.mms/com.android.mms.ui.ComposeMessageActivity} for user 0 :
I/PackageManager( 1570):   Action: "android.intent.action.SENDTO"
I/PackageManager( 1570):   Category: "android.intent.category.DEFAULT"
I/PackageManager( 1570):   Scheme: "sms"
I/PackageManager( 1570): Adding preferred activity ComponentInfo{com.android.mms/com.android.mms.ui.ComposeMessageActivity} for user 0 :
D/dalvikvm( 1814): GC_FOR_ALLOC freed 440K, 18% free 3600K/4340K, paused 5ms, total 5ms
I/PackageManager( 1570):   Action: "android.intent.action.SENDTO"
I/PackageManager( 1570):   Category: "android.intent.category.DEFAULT"
I/PackageManager( 1570):   Scheme: "smsto"
I/PackageManager( 1570): Adding preferred activity ComponentInfo{com.android.mms/com.android.mms.ui.ComposeMessageActivity} for user 0 :
