I/dalvikvm( 2065): Failed resolving Lnok; interface 1015 'Landroid/view/Window$OnFrameMetricsAvailableListener;'
W/dalvikvm( 2065): Link of class 'Lnok;' failed
I/dalvikvm( 2065): Failed resolving Lnok; interface 1015 'Landroid/view/Window$OnFrameMetricsAvailableListener;'
W/dalvikvm( 2065): Link of class 'Lnok;' failed
W/PrimesInit( 2065): Primes instant initialization
W/Primes  ( 2065): background initialization
I/dalvikvm( 2065): Could not find method android.app.AppOpsManager.permissionToOp, referenced from method rr.a
W/dalvikvm( 2065): VFY: unable to resolve static method 2785: Landroid/app/AppOpsManager;.permissionToOp (Ljava/lang/String;)Ljava/lang/String;
D/dalvikvm( 2065): VFY: replacing opcode 0x71 at 0x000e
I/dalvikvm( 2065): Could not find method android.content.Context.getSystemService, referenced from method rr.a
W/dalvikvm( 2065): VFY: unable to resolve virtual method 3171: Landroid/content/Context;.getSystemService (Ljava/lang/Class;)Ljava/lang/Object;
D/dalvikvm( 2065): VFY: replacing opcode 0x6e at 0x002b
D/dalvikvm( 2065): GC_FOR_ALLOC freed 369K, 16% free 3138K/3696K, paused 3ms, total 3ms
I/dalvikvm( 2065): Could not find method android.content.Context.getSystemService, referenced from method mry.a
W/dalvikvm( 2065): VFY: unable to resolve virtual method 3171: Landroid/content/Context;.getSystemService (Ljava/lang/Class;)Ljava/lang/Object;
D/dalvikvm( 2065): VFY: replacing opcode 0x6e at 0x001a
I/dalvikvm( 2065): Could not find method android.os.UserManager.isUserUnlocked, referenced from method mry.a
W/dalvikvm( 2065): VFY: unable to resolve virtual method 4621: Landroid/os/UserManager;.isUserUnlocked ()Z
D/dalvikvm( 2065): VFY: replacing opcode 0x6e at 0x0030
I/dalvikvm( 2065): Could not find method android.content.Context.isDeviceProtectedStorage, referenced from method mry.b
W/dalvikvm( 2065): VFY: unable to resolve virtual method 3177: Landroid/content/Context;.isDeviceProtectedStorage ()Z
D/dalvikvm( 2065): VFY: replacing opcode 0x6e at 0x0000
I/PrimesTesting( 2065): GserviceFlagsSupplier.get()
I/CastSocket( 1954): 19 >= 18. Adding new CastClientAuthKeyManager. [CONTEXT service_id=161 ]
I/dalvikvm( 2065): Could not find method android.content.pm.PackageManager.getPackageInstaller, referenced from method gzw.a
W/dalvikvm( 2065): VFY: unable to resolve virtual method 3338: Landroid/content/pm/PackageManager;.getPackageInstaller ()Landroid/content/pm/PackageInstaller;
D/dalvikvm( 2065): VFY: replacing opcode 0x6e at 0x0024
I/dalvikvm( 2065): Could not find method android.os.PowerManager.isInteractive, referenced from method nxl.c
W/dalvikvm( 2065): VFY: unable to resolve virtual method 4577: Landroid/os/PowerManager;.isInteractive ()Z
D/dalvikvm( 2065): VFY: replacing opcode 0x6e at 0x000e
I/dalvikvm( 2065): Could not find method android.content.Context.getDataDir, referenced from method msc.a
W/dalvikvm( 2065): VFY: unable to resolve virtual method 3154: Landroid/content/Context;.getDataDir ()Ljava/io/File;
D/dalvikvm( 2065): VFY: replacing opcode 0x6e at 0x000f
I/GAv4-SVC( 2065): Google Analytics 16.9.98 is starting up.
E/dalvikvm( 2065): Could not find class 'android.app.job.JobScheduler', referenced from method gss.e
W/dalvikvm( 2065): VFY: unable to resolve check-cast 443 (Landroid/app/job/JobScheduler;) in Lgss;
D/dalvikvm( 2065): VFY: replacing opcode 0x1f at 0x00d7
E/dalvikvm( 2065): Could not find class 'android.app.job.JobScheduler', referenced from method gss.b
W/dalvikvm( 2065): VFY: unable to resolve check-cast 443 (Landroid/app/job/JobScheduler;) in Lgss;
D/dalvikvm( 2065): VFY: replacing opcode 0x1f at 0x02b1
E/dalvikvm( 2065): Could not find class 'android.app.job.JobScheduler', referenced from method gss.b
W/dalvikvm( 2065): VFY: unable to resolve check-cast 443 (Landroid/app/job/JobScheduler;) in Lgss;
D/dalvikvm( 2065): VFY: replacing opcode 0x1f at 0x0672
E/dalvikvm( 2065): Could not find class 'android.app.job.JobScheduler', referenced from method gss.b
W/dalvikvm( 2065): VFY: unable to resolve check-cast 443 (Landroid/app/job/JobScheduler;) in Lgss;
D/dalvikvm( 2065): VFY: replacing opcode 0x1f at 0x0866
E/dalvikvm( 2065): Could not find class 'android.app.job.JobScheduler', referenced from method gss.b
W/dalvikvm( 2065): VFY: unable to resolve check-cast 443 (Landroid/app/job/JobScheduler;) in Lgss;
D/dalvikvm( 2065): VFY: replacing opcode 0x1f at 0x0906
E/dalvikvm( 2065): Could not find class 'android.app.job.JobScheduler', referenced from method gss.b
W/dalvikvm( 2065): VFY: unable to resolve check-cast 443 (Landroid/app/job/JobScheduler;) in Lgss;
D/dalvikvm( 2065): VFY: replacing opcode 0x1f at 0x095c
E/dalvikvm( 2065): Could not find class 'android.app.job.JobScheduler', referenced from method gss.b
W/dalvikvm( 2065): VFY: unable to resolve check-cast 443 (Landroid/app/job/JobScheduler;) in Lgss;
D/dalvikvm( 2065): VFY: replacing opcode 0x1f at 0x09fc
E/dalvikvm( 2065): Could not find class 'android.app.job.JobScheduler', referenced from method gss.b
W/dalvikvm( 2065): VFY: unable to resolve check-cast 443 (Landroid/app/job/JobScheduler;) in Lgss;
D/dalvikvm( 2065): VFY: replacing opcode 0x1f at 0x0a1e
E/dalvikvm( 2065): Could not find class 'android.app.job.JobScheduler', referenced from method gss.b
W/dalvikvm( 2065): VFY: unable to resolve check-cast 443 (Landroid/app/job/JobScheduler;) in Lgss;
D/dalvikvm( 2065): VFY: replacing opcode 0x1f at 0x0a40
E/dalvikvm( 2065): Could not find class 'android.app.job.JobScheduler', referenced from method gss.b
W/dalvikvm( 2065): VFY: unable to resolve check-cast 443 (Landroid/app/job/JobScheduler;) in Lgss;
D/dalvikvm( 2065): VFY: replacing opcode 0x1f at 0x0a62
E/dalvikvm( 2065): Could not find class 'android.app.job.JobScheduler', referenced from method gss.b
I/dalvikvm( 2065): Could not find method android.app.NotificationManager.getNotificationChannel, referenced from method gzd.a
W/dalvikvm( 2065): VFY: unable to resolve virtual method 2974: Landroid/app/NotificationManager;.getNotificationChannel (Ljava/lang/String;)Landroid/app/NotificationChannel;
D/dalvikvm( 2065): VFY: replacing opcode 0x6e at 0x00c5
W/dalvikvm( 2065): VFY: unable to resolve check-cast 443 (Landroid/app/job/JobScheduler;) in Lgss;
D/dalvikvm( 2065): VFY: replacing opcode 0x1f at 0x0ae8
E/dalvikvm( 2065): Could not find class 'android.app.job.JobScheduler', referenced from method gss.b
W/dalvikvm( 2065): VFY: unable to resolve check-cast 443 (Landroid/app/job/JobScheduler;) in Lgss;
D/dalvikvm( 2065): VFY: replacing opcode 0x1f at 0x0b20
E/dalvikvm( 2065): Could not find class 'android.app.job.JobScheduler', referenced from method gss.c
D/dalvikvm( 2065): DexOpt: unable to opt direct call 0x0b8a at 0xd2 in Lgzd;.a
W/dalvikvm( 2065): VFY: unable to resolve check-cast 443 (Landroid/app/job/JobScheduler;) in Lgss;
D/dalvikvm( 2065): VFY: replacing opcode 0x1f at 0x0077
I/SQLiteCastDBHelper( 1954): Creating cast database
E/dalvikvm( 2065): Could not find class 'android.app.job.JobScheduler', referenced from method gss.c
W/dalvikvm( 2065): VFY: unable to resolve check-cast 443 (Landroid/app/job/JobScheduler;) in Lgss;
D/dalvikvm( 2065): VFY: replacing opcode 0x1f at 0x012a
E/dalvikvm( 2065): Could not find class 'android.app.job.JobScheduler', referenced from method gss.c
W/dalvikvm( 2065): VFY: unable to resolve check-cast 443 (Landroid/app/job/JobScheduler;) in Lgss;
D/dalvikvm( 2065): VFY: replacing opcode 0x1f at 0x0327
D/dalvikvm( 2065): GC_FOR_ALLOC freed 382K, 15% free 3270K/3840K, paused 4ms, total 4ms
I/dalvikvm( 2065): Could not find method com.google.android.chimera.BoundService.getStartIntent, referenced from method hki.a
W/dalvikvm( 2065): VFY: unable to resolve static method 13682: Lcom/google/android/chimera/BoundService;.getStartIntent (Landroid/content/Context;Ljava/lang/String;)Landroid/content/Intent;
D/dalvikvm( 2065): VFY: replacing opcode 0x71 at 0x0024
E/dalvikvm( 2065): Could not find class 'android.app.job.JobScheduler', referenced from method gtk.u_
W/dalvikvm( 2065): VFY: unable to resolve check-cast 443 (Landroid/app/job/JobScheduler;) in Lgtk;
D/dalvikvm( 2065): VFY: replacing opcode 0x1f at 0x0080
I/dalvikvm( 2065): Could not find method android.content.pm.PackageManager.isInstantApp, referenced from method hub.a
W/dalvikvm( 2065): VFY: unable to resolve virtual method 3345: Landroid/content/pm/PackageManager;.isInstantApp (Ljava/lang/String;)Z
D/dalvikvm( 2065): VFY: replacing opcode 0x6e at 0x0026
I/dalvikvm( 1954): Could not find method android.os.PowerManager.isInteractive, referenced from method kjw.a
W/dalvikvm( 1954): VFY: unable to resolve virtual method 4227: Landroid/os/PowerManager;.isInteractive ()Z
D/dalvikvm( 1954): VFY: replacing opcode 0x6e at 0x0012
I/DiscoveryManager( 1954): WifiGuestModeDeviceScanner enabled.
E/BluetoothAdapter( 1954): Bluetooth binder is null
W/dalvikvm( 1954): VFY: unable to find class referenced in signature (Landroid/bluetooth/le/ScanResult;)
I/dalvikvm( 1954): Could not find method android.bluetooth.le.ScanResult.getScanRecord, referenced from method kjg.a
W/dalvikvm( 1954): VFY: unable to resolve virtual method 2766: Landroid/bluetooth/le/ScanResult;.getScanRecord ()Landroid/bluetooth/le/ScanRecord;
D/dalvikvm( 1954): VFY: replacing opcode 0x6e at 0x0005
I/dalvikvm( 1954): Could not find method android.bluetooth.le.BluetoothLeScanner.stopScan, referenced from method kjg.b
W/dalvikvm( 1954): VFY: unable to resolve virtual method 2749: Landroid/bluetooth/le/BluetoothLeScanner;.stopScan (Landroid/bluetooth/le/ScanCallback;)V
D/dalvikvm( 1954): VFY: replacing opcode 0x6e at 0x000f
I/dalvikvm( 1954): Could not find method android.bluetooth.BluetoothAdapter.getBluetoothLeScanner, referenced from method kjg.c
W/dalvikvm( 1954): VFY: unable to resolve virtual method 2729: Landroid/bluetooth/BluetoothAdapter;.getBluetoothLeScanner ()Landroid/bluetooth/le/BluetoothLeScanner;
D/dalvikvm( 1954): VFY: replacing opcode 0x6e at 0x0025
E/dalvikvm( 1954): Could not find class 'android.bluetooth.le.ScanFilter$Builder', referenced from method kjg.c
W/dalvikvm( 1954): VFY: unable to resolve new-instance 624 (Landroid/bluetooth/le/ScanFilter$Builder;) in Lkjg;
D/dalvikvm( 1954): VFY: replacing opcode 0x22 at 0x0035
D/dalvikvm( 1954): DexOpt: unable to opt direct call 0x0abf at 0x37 in Lkjg;.c
D/dalvikvm( 1954): DexOpt: unable to opt direct call 0x0ad0 at 0x49 in Lkjg;.c
W/dalvikvm( 1954): Unable to resolve superclass of Luxp; (1263)
W/dalvikvm( 1954): Link of class 'Luxp;' failed
W/dalvikvm( 1954): Unable to resolve superclass of Lcom/google/android/gms/cast/discovery/BleDeviceScanner$BleScanCallback; (16036)
W/dalvikvm( 1954): Link of class 'Lcom/google/android/gms/cast/discovery/BleDeviceScanner$BleScanCallback;' failed
D/dalvikvm( 1954): DexOpt: unable to opt direct call 0x63e6 at 0x62 in Lkjg;.c
E/dalvikvm( 2065): Could not find class 'com.google.common.flogger.backend.google.GooglePlatform', referenced from method plf.a
W/dalvikvm( 2065): VFY: unable to resolve const-class 3003 (Lcom/google/common/flogger/backend/google/GooglePlatform;) in Lplf;
D/dalvikvm( 2065): VFY: replacing opcode 0x1c at 0x0014
E/GmsClient( 2065): unable to connect to service: com.google.android.gms.instantapps.START on com.google.android.gms
W/ActivityManager( 1568): Unable to start service Intent { act=com.google.android.gms.instantapps.START pkg=com.google.android.gms } U=0: not found
W/ActivityManager( 1568): Unbind failed: could not find connection for android.os.BinderProxy@9d324a90
D/dalvikvm( 1672): GC_FOR_ALLOC freed 1254K, 17% free 7439K/8948K, paused 6ms, total 6ms
I/Checkin ( 1954): [EventLogChimeraService] Opted in for usage reporting: false
I/dalvikvm( 2065): Could not find method android.content.Context.deleteSharedPreferences, referenced from method fya.c
W/dalvikvm( 2065): VFY: unable to resolve virtual method 3145: Landroid/content/Context;.deleteSharedPreferences (Ljava/lang/String;)Z
D/dalvikvm( 2065): VFY: replacing opcode 0x6e at 0x002a
D/dalvikvm( 1736): GC_EXPLICIT freed 1649K, 30% free 5885K/8360K, paused 0ms+1ms, total 7ms
I/dalvikvm( 2065): Could not find method java.util.Locale.toLanguageTag, referenced from method fvw.a
W/dalvikvm( 2065): VFY: unable to resolve virtual method 33842: Ljava/util/Locale;.toLanguageTag ()Ljava/lang/String;
D/dalvikvm( 2065): VFY: replacing opcode 0x6e at 0x000a
D/dalvikvm( 2065): GC_FOR_ALLOC freed 306K, 13% free 3477K/3972K, paused 1ms, total 1ms
D/AndroidRuntime( 2107): 
D/AndroidRuntime( 2107): >>>>>> AndroidRuntime START com.android.internal.os.RuntimeInit <<<<<<
W/linker  ( 2107): libdvm.so has text relocations. This is wasting memory and is a security risk. Please fix.
D/AndroidRuntime( 2107): CheckJNI is ON
D/dalvikvm( 1954): GC_FOR_ALLOC freed 2685K, 32% free 6367K/9240K, paused 7ms, total 7ms
D/dalvikvm( 2107): Trying to load lib libjavacore.so 0x0
D/dalvikvm( 2107): Added shared lib libjavacore.so 0x0
D/dalvikvm( 2107): Trying to load lib libnativehelper.so 0x0
D/dalvikvm( 2107): Added shared lib libnativehelper.so 0x0
D/dalvikvm( 2107): No JNI_OnLoad found in libnativehelper.so 0x0, skipping init
W/ComponentDiscovery( 2065): Application info not found.
W/ComponentDiscovery( 2065): Could not retrieve metadata, returning empty list of registrars.
I/dalvikvm( 2065): Could not find method android.content.Context.getDrawable, referenced from method rj.a
W/dalvikvm( 2065): VFY: unable to resolve virtual method 3157: Landroid/content/Context;.getDrawable (I)Landroid/graphics/drawable/Drawable;
D/dalvikvm( 2065): VFY: replacing opcode 0x6e at 0x0006
I/dalvikvm( 2065): Could not find method android.content.Context.getDataDir, referenced from method rj.a
W/dalvikvm( 2065): VFY: unable to resolve virtual method 3154: Landroid/content/Context;.getDataDir ()Ljava/io/File;
D/dalvikvm( 2065): VFY: replacing opcode 0x6e at 0x0006
I/dalvikvm( 2065): Could not find method android.content.Context.getSystemServiceName, referenced from method rj.a
W/dalvikvm( 2065): VFY: unable to resolve virtual method 3173: Landroid/content/Context;.getSystemServiceName (Ljava/lang/Class;)Ljava/lang/String;
D/dalvikvm( 2065): VFY: replacing opcode 0x6e at 0x000a
I/dalvikvm( 2065): Could not find method android.content.Context.getSystemService, referenced from method rj.a
W/dalvikvm( 2065): VFY: unable to resolve virtual method 3171: Landroid/content/Context;.getSystemService (Ljava/lang/Class;)Ljava/lang/Object;
D/dalvikvm( 2065): VFY: replacing opcode 0x6e at 0x0020
I/dalvikvm( 2065): Could not find method android.content.Context.getColorStateList, referenced from method rj.b
W/dalvikvm( 2065): VFY: unable to resolve virtual method 3152: Landroid/content/Context;.getColorStateList (I)Landroid/content/res/ColorStateList;
D/dalvikvm( 2065): VFY: replacing opcode 0x6e at 0x0006
I/dalvikvm( 2065): Could not find method android.content.Context.getColor, referenced from method rj.c
W/dalvikvm( 2065): VFY: unable to resolve virtual method 3151: Landroid/content/Context;.getColor (I)I
D/dalvikvm( 2065): VFY: replacing opcode 0x6e at 0x0006
I/dalvikvm( 2065): Could not find method android.content.Context.getNoBackupFilesDir, referenced from method rj.d
W/dalvikvm( 2065): VFY: unable to resolve virtual method 3164: Landroid/content/Context;.getNoBackupFilesDir ()Ljava/io/File;
D/dalvikvm( 2065): VFY: replacing opcode 0x6e at 0x0006
I/dalvikvm( 2065): Could not find method android.content.Context.createDeviceProtectedStorageContext, referenced from method rj.e
W/dalvikvm( 2065): VFY: unable to resolve virtual method 3139: Landroid/content/Context;.createDeviceProtectedStorageContext ()Landroid/content/Context;
D/dalvikvm( 2065): VFY: replacing opcode 0x6e at 0x0008
I/dalvikvm( 2065): Could not find method android.content.Context.isDeviceProtectedStorage, referenced from method rj.f
W/dalvikvm( 2065): VFY: unable to resolve virtual method 3177: Landroid/content/Context;.isDeviceProtectedStorage ()Z
D/dalvikvm( 2065): VFY: replacing opcode 0x6e at 0x0008
I/Notifications( 2065): [ChimeBroadcastReceiver] Intent received for action [android.intent.action.TIMEZONE_CHANGED] package [com.google.android.play.games].
E/dalvikvm( 2065): Could not find class 'android.os.PersistableBundle', referenced from method nit.a
W/dalvikvm( 2065): VFY: unable to resolve new-instance 743 (Landroid/os/PersistableBundle;) in Lnit;
D/dalvikvm( 2065): VFY: replacing opcode 0x22 at 0x0001
D/dalvikvm( 2065): DexOpt: unable to opt direct call 0x11d2 at 0x0b in Lnit;.a
D/dalvikvm( 2065): DexOpt: unable to opt direct call 0x0bbb at 0xa1 in Lnit;.a
I/dalvikvm( 2065): Could not find method android.app.NotificationManager.getNotificationChannels, referenced from method nkj.b
W/dalvikvm( 2065): VFY: unable to resolve virtual method 2976: Landroid/app/NotificationManager;.getNotificationChannels ()Ljava/util/List;
D/dalvikvm( 2065): VFY: replacing opcode 0x6e at 0x0015
I/dalvikvm( 2065): Could not find method android.app.NotificationManager.getNotificationChannels, referenced from method nkj.a
W/dalvikvm( 2065): VFY: unable to resolve virtual method 2976: Landroid/app/NotificationManager;.getNotificationChannels ()Ljava/util/List;
D/dalvikvm( 2065): VFY: replacing opcode 0x6e at 0x0016
I/dalvikvm( 2065): Could not find method android.app.NotificationManager.getNotificationChannel, referenced from method nkj.a
W/dalvikvm( 2065): VFY: unable to resolve virtual method 2974: Landroid/app/NotificationManager;.getNotificationChannel (Ljava/lang/String;)Landroid/app/NotificationChannel;
D/dalvikvm( 2065): VFY: replacing opcode 0x6e at 0x0026
I/dalvikvm( 2065): Could not find method android.app.NotificationManager.getNotificationChannelGroups, referenced from method nkj.b
W/dalvikvm( 2065): VFY: unable to resolve virtual method 2975: Landroid/app/NotificationManager;.getNotificationChannelGroups ()Ljava/util/List;
D/dalvikvm( 2065): VFY: replacing opcode 0x6e at 0x0016
I/dalvikvm( 2065): Could not find method java.util.Locale.toLanguageTag, referenced from method nid.a
W/dalvikvm( 2065): VFY: unable to resolve virtual method 33842: Ljava/util/Locale;.toLanguageTag ()Ljava/lang/String;
D/dalvikvm( 2065): VFY: replacing opcode 0x6e at 0x0025
I/dalvikvm( 2065): Could not find method android.content.res.Configuration.getLocales, referenced from method nid.a
W/dalvikvm( 2065): VFY: unable to resolve virtual method 3393: Landroid/content/res/Configuration;.getLocales ()Landroid/os/LocaleList;
D/dalvikvm( 2065): VFY: replacing opcode 0x6e at 0x0032
I/Notifications( 2065): [ChimeBroadcastReceiver] Validation OK for action [android.intent.action.TIMEZONE_CHANGED].
W/PGAfap  ( 2065): ContentFiltersService is unavailable; not applying content filters.
I/ActivityManager( 1568): Delay finish: com.android.deskclock/com.android.alarmclock.AnalogAppWidgetProvider
D/dalvikvm( 2107): Note: class Landroid/app/ActivityManagerNative; has 179 unimplemented (abstract) methods
I/ActivityManager( 1568): Delaying start of: ServiceRecord{9d3c4af0 u0 com.google.android.play.games/com.google.android.libraries.notifications.executor.impl.basic.ChimeExecutorApiService}
I/CheckinCompat( 1954): Disabling old GoogleServicesFramework version [CONTEXT service_id=130 ]
I/Checkin ( 1954): [EventLogChimeraService] Accumulating logs since 1629007738088
E/memtrack( 2107): Couldn't load memtrack module (No such file or directory)
E/android.os.Debug( 2107): failed to load memtrack module: -2
D/AndroidRuntime( 2107): Calling main entry com.android.commands.pm.Pm
D/AndroidRuntime( 2107): Shutting down VM
D/jdwp    ( 2107): Got wake-up signal, bailing out of select
D/dalvikvm( 2107): Debugger has detached; object registry had 1 entries
W/dalvikvm( 1954): VFY: unable to find class referenced in signature (Landroid/net/NetworkRequest;)
D/dalvikvm( 1954): DexOpt: couldn't find static field Landroid/os/Build;.SUPPORTED_ABIS
W/dalvikvm( 1954): VFY: unable to resolve static field 1191 (SUPPORTED_ABIS) in Landroid/os/Build;
D/dalvikvm( 1954): VFY: replacing opcode 0x62 at 0x02f8
I/Checkin ( 1954): [CheckinOperation] Starting Checkin: Default Task Reason : 8 Force : false UserId : 0 Start time : 8216
W/dalvikvm( 1954): VFY: unable to find class referenced in signature (Landroid/net/Network;)
W/dalvikvm( 1954): VFY: unable to find class referenced in signature (Landroid/net/Network;)
I/dalvikvm( 1954): Could not find method android.net.Network.openConnection, referenced from method wna.a
W/dalvikvm( 1954): VFY: unable to resolve virtual method 5072: Landroid/net/Network;.openConnection (Ljava/net/URL;)Ljava/net/URLConnection;
D/dalvikvm( 1954): VFY: replacing opcode 0x6e at 0x008f
I/dalvikvm( 1954): Could not find method android.os.UserManager.isManagedProfile, referenced from method lbq.a
W/dalvikvm( 1954): VFY: unable to resolve virtual method 4277: Landroid/os/UserManager;.isManagedProfile ()Z
D/dalvikvm( 1954): VFY: replacing opcode 0x6e at 0x007c
I/dalvikvm( 1954): Could not find method java.util.Locale.toLanguageTag, referenced from method lhi.a
W/dalvikvm( 1954): VFY: unable to resolve virtual method 43769: Ljava/util/Locale;.toLanguageTag ()Ljava/lang/String;
D/dalvikvm( 1954): VFY: replacing opcode 0x6e at 0x000e
I/CheckinUtil( 1954): Classify the device as Phone. [CONTEXT service_id=130 ]
E/dalvikvm( 1954): Could not find class 'android.telephony.SubscriptionManager', referenced from method lgr.d
W/dalvikvm( 1954): VFY: unable to resolve check-cast 1109 (Landroid/telephony/SubscriptionManager;) in Llgr;
D/dalvikvm( 1954): VFY: replacing opcode 0x1f at 0x001f
I/Checkin ( 1954): [AndroidCheckinProtoModule] Checkin reason type: 8 attempt count: 1.
D/Tethering( 1568): MasterInitialState.processMessage what=3
I/ActivityManager( 1568): Start proc com.google.android.gms.unstable for service com.google.android.gms/.droidguard.DroidGuardService: pid=2132 uid=10007 gids={50007, 3003, 1007, 1028, 1015, 3002, 3001, 3007, 2001, 3006}
D/CaptivePortalTracker( 1568): NoActiveNetworkState{ when=0 what=1 obj=NetworkInfo: type: mobile[LTE], state: CONNECTED/CONNECTED, reason: connected, extra: epc.tmobile.com, roaming: false, failover: false, isAvailable: true, isConnectedToProvisioningNetwork: false target=com.android.internal.util.StateMachine$SmHandler }
D/CaptivePortalTracker( 1568): NoActiveNetworkState not a wifi connectivity change, ignore
W/dalvikvm( 2132): VFY: unable to resolve static field 1608 (PR_SET_DUMPABLE) in Landroid/system/OsConstants;
D/dalvikvm( 2132): VFY: replacing opcode 0x60 at 0x0017
W/dalvikvm( 2132): VFY: unable to find class referenced in signature (Lyqx;)
W/dalvikvm( 2132): VFY: unable to find class referenced in signature (Lyro;)
I/dalvikvm( 2132): Could not find method android.system.Os.readlink, referenced from method msk.a
W/dalvikvm( 2132): VFY: unable to resolve static method 3145: Landroid/system/Os;.readlink (Ljava/lang/String;)Ljava/lang/String;
D/dalvikvm( 2132): VFY: replacing opcode 0x71 at 0x00b0
I/dalvikvm( 2132): Could not find method android.os.PowerManager.isInteractive, referenced from method ndc.a
W/dalvikvm( 2132): VFY: unable to resolve virtual method 3046: Landroid/os/PowerManager;.isInteractive ()Z
D/dalvikvm( 2132): VFY: replacing opcode 0x6e at 0x0013
I/dalvikvm( 2132): Could not find method com.google.android.chimera.ModuleContext.getAttributionTag, referenced from method com.google.android.chimera.ModuleContext.createAttributionContext
W/dalvikvm( 2132): VFY: unable to resolve virtual method 14170: Lcom/google/android/chimera/ModuleContext;.getAttributionTag ()Ljava/lang/String;
D/dalvikvm( 2132): VFY: replacing opcode 0x6e at 0x0004
I/dalvikvm( 2132): Could not find method com.google.android.chimera.ContextThemeWrapper.createAttributionContext, referenced from method com.google.android.chimera.ModuleContext.createAttributionContext
W/dalvikvm( 2132): VFY: unable to resolve virtual method 13785: Lcom/google/android/chimera/ContextThemeWrapper;.createAttributionContext (Ljava/lang/String;)Landroid/content/Context;
D/dalvikvm( 2132): VFY: replacing opcode 0x6f at 0x0035
I/dalvikvm( 2132): Could not find method android.content.ContextWrapper.createCredentialProtectedStorageContext, referenced from method com.google.android.chimera.ModuleContext.createCredentialProtectedStorageContext
W/dalvikvm( 2132): VFY: unable to resolve virtual method 2508: Landroid/content/ContextWrapper;.createCredentialProtectedStorageContext ()Landroid/content/Context;
D/dalvikvm( 2132): VFY: replacing opcode 0x6f at 0x0002
I/dalvikvm( 2132): Could not find method android.content.ContextWrapper.createDeviceProtectedStorageContext, referenced from method com.google.android.chimera.ModuleContext.createDeviceProtectedStorageContext
W/dalvikvm( 2132): VFY: unable to resolve virtual method 2509: Landroid/content/ContextWrapper;.createDeviceProtectedStorageContext ()Landroid/content/Context;
D/dalvikvm( 2132): VFY: replacing opcode 0x6f at 0x0002
I/dalvikvm( 2132): Could not find method com.google.android.chimera.ContextThemeWrapper.sendBroadcastWithMultiplePermissions, referenced from method com.google.android.chimera.ModuleContext.sendBroadcastWithMultiplePermissions
W/dalvikvm( 2132): VFY: unable to resolve virtual method 13795: Lcom/google/android/chimera/ContextThemeWrapper;.sendBroadcastWithMultiplePermissions (Landroid/content/Intent;[Ljava/lang/String;)V
D/dalvikvm( 2132): VFY: replacing opcode 0x6f at 0x0009
I/MultiDex( 2132): VM with version 1.6.0 does not have multidex support
I/MultiDex( 2132): Installing application
I/MultiDex( 2132): MultiDexExtractor(/system/priv-app/PrebuiltGmsCore.apk, /data/data/com.google.android.gms/code_cache/secondary-dexes)
I/MultiDex( 2132): Blocking on lock /data/data/com.google.android.gms/code_cache/secondary-dexes/MultiDex.lock
I/MultiDex( 2132): /data/data/com.google.android.gms/code_cache/secondary-dexes/MultiDex.lock locked
I/MultiDex( 2132): MultiDexExtractor.load(/system/priv-app/PrebuiltGmsCore.apk, false, )
D/dalvikvm( 2132): GC_FOR_ALLOC freed 281K, 13% free 3211K/3688K, paused 2ms, total 2ms
I/MultiDex( 2132): loading existing secondary dex files
I/MultiDex( 2132): load found 5 secondary dex files
I/MultiDex( 2132): install done
D/GpsLocationProvider( 1568): NTP server returned: 1629008612792 (Sun Aug 15 01:23:32 CDT 2021) reference: 8388 certainty: 4 system time offset: 399
I/dalvikvm( 2132): Could not find method android.os.UserHandle.isOwner, referenced from method nmy.f
W/dalvikvm( 2132): VFY: unable to resolve virtual method 3081: Landroid/os/UserHandle;.isOwner ()Z
D/dalvikvm( 2132): VFY: replacing opcode 0x6e at 0x000a
I/dalvikvm( 2132): Could not find method android.content.pm.PackageManager.getPackageInstaller, referenced from method men.a
W/dalvikvm( 2132): VFY: unable to resolve virtual method 2608: Landroid/content/pm/PackageManager;.getPackageInstaller ()Landroid/content/pm/PackageInstaller;
D/dalvikvm( 2132): VFY: replacing opcode 0x6e at 0x001c
W/DynamiteModule( 2132): Local module descriptor class for providerinstaller not found.
I/dalvikvm( 2132): Could not find method android.system.Os.readlink, referenced from method bse.a
W/dalvikvm( 2132): VFY: unable to resolve static method 3145: Landroid/system/Os;.readlink (Ljava/lang/String;)Ljava/lang/String;
D/dalvikvm( 2132): VFY: replacing opcode 0x71 at 0x0044
I/dalvikvm( 2132): Could not find method android.system.Os.symlink, referenced from method bse.a
W/dalvikvm( 2132): VFY: unable to resolve static method 3147: Landroid/system/Os;.symlink (Ljava/lang/String;Ljava/lang/String;)V
D/dalvikvm( 2132): VFY: replacing opcode 0x71 at 0x00b0
I/dalvikvm( 2132): Could not find method android.system.Os.stat, referenced from method bse.a
W/dalvikvm( 2132): VFY: unable to resolve static method 3146: Landroid/system/Os;.stat (Ljava/lang/String;)Landroid/system/StructStat;
D/dalvikvm( 2132): VFY: replacing opcode 0x71 at 0x0005
W/dalvikvm( 2132): VFY: unable to resolve static field 1615 (S_IXUSR) in Landroid/system/OsConstants;
D/dalvikvm( 2132): VFY: replacing opcode 0x60 at 0x0007
D/Tethering( 1568): MasterInitialState.processMessage what=3
I/dalvikvm( 2132): Could not find method android.system.Os.stat, referenced from method bse.b
D/CaptivePortalTracker( 1568): NoActiveNetworkState{ when=0 what=1 obj=NetworkInfo: type: mobile_hipri[LTE], state: CONNECTED/CONNECTED, reason: dataEnabled, extra: epc.tmobile.com, roaming: false, failover: false, isAvailable: true, isConnectedToProvisioningNetwork: false target=com.android.internal.util.StateMachine$SmHandler }
W/dalvikvm( 2132): VFY: unable to resolve static method 3146: Landroid/system/Os;.stat (Ljava/lang/String;)Landroid/system/StructStat;
D/dalvikvm( 2132): VFY: replacing opcode 0x71 at 0x0040
D/CaptivePortalTracker( 1568): NoActiveNetworkState not a wifi connectivity change, ignore
W/dalvikvm( 2132): VFY: unable to resolve static field 1612 (S_IRUSR) in Landroid/system/OsConstants;
D/dalvikvm( 2132): VFY: replacing opcode 0x60 at 0x0007
D/dalvikvm( 2132): DexOpt: couldn't find static field Landroid/os/Build;.SUPPORTED_64_BIT_ABIS
W/dalvikvm( 2132): VFY: unable to resolve static field 1539 (SUPPORTED_64_BIT_ABIS) in Landroid/os/Build;
D/dalvikvm( 2132): VFY: replacing opcode 0x62 at 0x0214
W/ProviderHelper( 2132): Unknown dynamite feature providerinstaller
I/DynamiteModule( 2132): Considering local module providerinstaller:0 and remote module providerinstaller:0
W/ProviderInstaller( 2132): Failed to load providerinstaller module: No acceptable module found. Local version is 0 and remote version is 0.
I/dalvikvm( 2132): Could not find method android.content.ContextWrapper.createCredentialProtectedStorageContext, referenced from method nfr.createCredentialProtectedStorageContext
W/dalvikvm( 2132): VFY: unable to resolve virtual method 2508: Landroid/content/ContextWrapper;.createCredentialProtectedStorageContext ()Landroid/content/Context;
D/dalvikvm( 2132): VFY: replacing opcode 0x6f at 0x0002
I/dalvikvm( 2132): Could not find method android.content.ContextWrapper.createDeviceProtectedStorageContext, referenced from method nfr.createDeviceProtectedStorageContext
W/dalvikvm( 2132): VFY: unable to resolve virtual method 2509: Landroid/content/ContextWrapper;.createDeviceProtectedStorageContext ()Landroid/content/Context;
D/dalvikvm( 2132): VFY: replacing opcode 0x6f at 0x0002
D/dalvikvm( 2132): DexOpt: couldn't find static field Landroid/os/Build;.SUPPORTED_64_BIT_ABIS
W/dalvikvm( 2132): VFY: unable to resolve static field 1539 (SUPPORTED_64_BIT_ABIS) in Landroid/os/Build;
D/dalvikvm( 2132): VFY: replacing opcode 0x62 at 0x0080
D/dalvikvm( 2132): DexOpt: couldn't find static field Landroid/os/Build;.SUPPORTED_ABIS
W/dalvikvm( 2132): VFY: unable to resolve static field 1540 (SUPPORTED_ABIS) in Landroid/os/Build;
D/dalvikvm( 2132): VFY: replacing opcode 0x62 at 0x00d3
V/NativeCrypto( 2132): Registering com/google/android/gms/org/conscrypt/NativeCrypto's 286 native methods...
W/dalvikvm( 2132): Unable to resolve superclass of Lcom/google/android/gms/org/conscrypt/TrustManagerImpl; (5184)
W/dalvikvm( 2132): Link of class 'Lcom/google/android/gms/org/conscrypt/TrustManagerImpl;' failed
D/dalvikvm( 2132): GC_FOR_ALLOC freed 492K, 18% free 3231K/3912K, paused 2ms, total 2ms
I/dalvikvm( 2132): Could not find method com.google.android.gms.org.conscrypt.TrustManagerImpl.getDefaultHostnameVerifier, referenced from method com.google.android.gms.org.conscrypt.Conscrypt.getDefaultHostnameVerifier
W/dalvikvm( 2132): VFY: unable to resolve static method 17870: Lcom/google/android/gms/org/conscrypt/TrustManagerImpl;.getDefaultHostnameVerifier ()Lcom/google/android/gms/org/conscrypt/ConscryptHostnameVerifier;
D/dalvikvm( 2132): VFY: replacing opcode 0x71 at 0x0003
W/dalvikvm( 2132): Unable to resolve superclass of Lcom/google/android/gms/org/conscrypt/TrustManagerImpl; (5184)
W/dalvikvm( 2132): Link of class 'Lcom/google/android/gms/org/conscrypt/TrustManagerImpl;' failed
W/dalvikvm( 2132): VFY: unable to find class referenced in signature (Lcom/google/android/gms/org/conscrypt/TrustManagerImpl;)
W/dalvikvm( 2132): Unable to resolve superclass of Lcom/google/android/gms/org/conscrypt/TrustManagerImpl; (5184)
W/dalvikvm( 2132): Link of class 'Lcom/google/android/gms/org/conscrypt/TrustManagerImpl;' failed
I/dalvikvm( 2132): Could not find method com.google.android.gms.org.conscrypt.TrustManagerImpl.getHostnameVerifier, referenced from method com.google.android.gms.org.conscrypt.Conscrypt.getHostnameVerifier
W/dalvikvm( 2132): VFY: unable to resolve virtual method 17872: Lcom/google/android/gms/org/conscrypt/TrustManagerImpl;.getHostnameVerifier ()Lcom/google/android/gms/org/conscrypt/ConscryptHostnameVerifier;
D/dalvikvm( 2132): VFY: replacing opcode 0x6e at 0x0004
W/dalvikvm( 2132): Unable to resolve superclass of Lcom/google/android/gms/org/conscrypt/TrustManagerImpl; (5184)
W/dalvikvm( 2132): Link of class 'Lcom/google/android/gms/org/conscrypt/TrustManagerImpl;' failed
E/dalvikvm( 2132): Could not find class 'com.google.android.gms.org.conscrypt.TrustManagerImpl', referenced from method com.google.android.gms.org.conscrypt.Conscrypt.isConscrypt
W/dalvikvm( 2132): VFY: unable to resolve instanceof 4452 (Lcom/google/android/gms/org/conscrypt/TrustManagerImpl;) in Lcom/google/android/gms/org/conscrypt/Conscrypt;
D/dalvikvm( 2132): VFY: replacing opcode 0x20 at 0x0000
W/dalvikvm( 2132): Unable to resolve superclass of Lcom/google/android/gms/org/conscrypt/TrustManagerImpl; (5184)
W/dalvikvm( 2132): Link of class 'Lcom/google/android/gms/org/conscrypt/TrustManagerImpl;' failed
I/dalvikvm( 2132): Could not find method com.google.android.gms.org.conscrypt.TrustManagerImpl.setDefaultHostnameVerifier, referenced from method com.google.android.gms.org.conscrypt.Conscrypt.setDefaultHostnameVerifier
W/dalvikvm( 2132): VFY: unable to resolve static method 17882: Lcom/google/android/gms/org/conscrypt/TrustManagerImpl;.setDefaultHostnameVerifier (Lcom/google/android/gms/org/conscrypt/ConscryptHostnameVerifier;)V
D/dalvikvm( 2132): VFY: replacing opcode 0x71 at 0x0003
W/dalvikvm( 2132): Unable to resolve superclass of Lcom/google/android/gms/org/conscrypt/TrustManagerImpl; (5184)
W/dalvikvm( 2132): Link of class 'Lcom/google/android/gms/org/conscrypt/TrustManagerImpl;' failed
W/dalvikvm( 2132): VFY: unable to find class referenced in signature (Lcom/google/android/gms/org/conscrypt/TrustManagerImpl;)
W/dalvikvm( 2132): Unable to resolve superclass of Lcom/google/android/gms/org/conscrypt/TrustManagerImpl; (5184)
W/dalvikvm( 2132): Link of class 'Lcom/google/android/gms/org/conscrypt/TrustManagerImpl;' failed
I/dalvikvm( 2132): Could not find method com.google.android.gms.org.conscrypt.TrustManagerImpl.setHostnameVerifier, referenced from method com.google.android.gms.org.conscrypt.Conscrypt.setHostnameVerifier
W/dalvikvm( 2132): VFY: unable to resolve virtual method 17883: Lcom/google/android/gms/org/conscrypt/TrustManagerImpl;.setHostnameVerifier (Lcom/google/android/gms/org/conscrypt/ConscryptHostnameVerifier;)V
D/dalvikvm( 2132): VFY: replacing opcode 0x6e at 0x0004
W/dalvikvm( 2132): Unable to resolve superclass of Lcom/google/android/gms/org/conscrypt/TrustManagerImpl; (5184)
W/dalvikvm( 2132): Link of class 'Lcom/google/android/gms/org/conscrypt/TrustManagerImpl;' failed
E/dalvikvm( 2132): Could not find class 'com.google.android.gms.org.conscrypt.TrustManagerImpl', referenced from method com.google.android.gms.org.conscrypt.Conscrypt.toConscrypt
W/dalvikvm( 2132): VFY: unable to resolve check-cast 4452 (Lcom/google/android/gms/org/conscrypt/TrustManagerImpl;) in Lcom/google/android/gms/org/conscrypt/Conscrypt;
D/dalvikvm( 2132): VFY: replacing opcode 0x1f at 0x002a
D/AndroidRuntime( 2152): 
D/AndroidRuntime( 2152): >>>>>> AndroidRuntime START com.android.internal.os.RuntimeInit <<<<<<
W/linker  ( 2152): libdvm.so has text relocations. This is wasting memory and is a security risk. Please fix.
D/AndroidRuntime( 2152): CheckJNI is ON
D/dalvikvm( 2152): Trying to load lib libjavacore.so 0x0
D/dalvikvm( 2152): Added shared lib libjavacore.so 0x0
D/dalvikvm( 2132): GC_FOR_ALLOC freed 404K, 16% free 3339K/3932K, paused 2ms, total 2ms
D/dalvikvm( 2152): Trying to load lib libnativehelper.so 0x0
D/dalvikvm( 2152): Added shared lib libnativehelper.so 0x0
D/dalvikvm( 2152): No JNI_OnLoad found in libnativehelper.so 0x0, skipping init
D/dalvikvm( 2152): Note: class Landroid/app/ActivityManagerNative; has 179 unimplemented (abstract) methods
D/dalvikvm( 2132): GC_FOR_ALLOC freed 141K, 9% free 3703K/4040K, paused 2ms, total 2ms
E/memtrack( 2152): Couldn't load memtrack module (No such file or directory)
E/android.os.Debug( 2152): failed to load memtrack module: -2
D/dalvikvm( 2132): GC_FOR_ALLOC freed 131K, 8% free 4052K/4404K, paused 2ms, total 2ms
D/AndroidRuntime( 2152): Calling main entry com.android.commands.pm.Pm
D/AndroidRuntime( 2152): Shutting down VM
D/jdwp    ( 2152): Got wake-up signal, bailing out of select
D/dalvikvm( 2152): Debugger has detached; object registry had 1 entries
I/AndroidRuntime( 2152): NOTE: attach of thread 'Binder_1' failed
D/dalvikvm( 2132): GC_FOR_ALLOC freed 119K, 8% free 4392K/4752K, paused 3ms, total 3ms
D/dalvikvm( 2132): GC_FOR_ALLOC freed 127K, 8% free 4700K/5092K, paused 3ms, total 3ms
E/dalvikvm( 2132): Could not find class 'javax.net.ssl.SNIServerName', referenced from method com.google.android.gms.org.conscrypt.Platform.getSniHostnameFromParams
W/dalvikvm( 2132): VFY: unable to resolve check-cast 5160 (Ljavax/net/ssl/SNIServerName;) in Lcom/google/android/gms/org/conscrypt/Platform;
D/dalvikvm( 2132): VFY: replacing opcode 0x1f at 0x0025
E/dalvikvm( 2132): Could not find class 'javax.net.ssl.SNIHostName', referenced from method com.google.android.gms.org.conscrypt.Platform.setParametersSniHostname
W/dalvikvm( 2132): VFY: unable to resolve new-instance 5159 (Ljavax/net/ssl/SNIHostName;) in Lcom/google/android/gms/org/conscrypt/Platform;
D/dalvikvm( 2132): VFY: replacing opcode 0x22 at 0x0024
E/dalvikvm( 2132): Could not find class 'javax.net.ssl.SNIHostName', referenced from method com.google.android.gms.org.conscrypt.Platform.setParametersSniHostname
W/dalvikvm( 2132): VFY: unable to resolve new-instance 5159 (Ljavax/net/ssl/SNIHostName;) in Lcom/google/android/gms/org/conscrypt/Platform;
D/dalvikvm( 2132): VFY: replacing opcode 0x22 at 0x0024
D/dalvikvm( 2132): DexOpt: unable to opt direct call 0x52f9 at 0x2a in Lcom/google/android/gms/org/conscrypt/Platform;.setParametersSniHostname
D/dalvikvm( 2132): DexOpt: unable to opt direct call 0x52f9 at 0x2a in Lcom/google/android/gms/org/conscrypt/Platform;.setParametersSniHostname
D/AndroidRuntime( 2163): 
D/AndroidRuntime( 2163): >>>>>> AndroidRuntime START com.android.internal.os.RuntimeInit <<<<<<
W/linker  ( 2163): libdvm.so has text relocations. This is wasting memory and is a security risk. Please fix.
D/AndroidRuntime( 2163): CheckJNI is ON
D/dalvikvm( 2132): GC_FOR_ALLOC freed 291K, 11% free 4908K/5460K, paused 3ms, total 3ms
D/dalvikvm( 2163): Trying to load lib libjavacore.so 0x0
D/dalvikvm( 2163): Added shared lib libjavacore.so 0x0
D/dalvikvm( 2163): Trying to load lib libnativehelper.so 0x0
D/dalvikvm( 2163): Added shared lib libnativehelper.so 0x0
D/dalvikvm( 2163): No JNI_OnLoad found in libnativehelper.so 0x0, skipping init
I/ProviderInstaller( 2132): Installed default security provider GmsCore_OpenSSL
I/Safeboot( 2132): Checking safeboot...
I/Safeboot( 2132): Not entering safeboot; wrong process.
D/dalvikvm( 2163): Note: class Landroid/app/ActivityManagerNative; has 179 unimplemented (abstract) methods
E/dalvikvm( 2132): Could not find class 'com.google.common.flogger.backend.google.GooglePlatform', referenced from method beui.a
W/dalvikvm( 2132): VFY: unable to resolve const-class 4605 (Lcom/google/common/flogger/backend/google/GooglePlatform;) in Lbeui;
D/dalvikvm( 2132): VFY: replacing opcode 0x1c at 0x001b
D/dalvikvm( 1736): GC_EXPLICIT freed 140K, 30% free 5890K/8360K, paused 0ms+1ms, total 5ms
D/dalvikvm( 2132): DexOpt: couldn't find field Landroid/content/pm/ApplicationInfo;.splitSourceDirs
W/dalvikvm( 2132): VFY: unable to resolve instance field 1475
D/dalvikvm( 2132): VFY: replacing opcode 0x54 at 0x0055
D/dalvikvm( 2132): DexOpt: couldn't find static field Landroid/os/Build;.SUPPORTED_ABIS
W/dalvikvm( 2132): VFY: unable to resolve static field 1540 (SUPPORTED_ABIS) in Landroid/os/Build;
D/dalvikvm( 2132): VFY: replacing opcode 0x62 at 0x00d1
E/memtrack( 2163): Couldn't load memtrack module (No such file or directory)
E/android.os.Debug( 2163): failed to load memtrack module: -2
D/dalvikvm( 2132): GC_FOR_ALLOC freed 374K, 11% free 5143K/5736K, paused 3ms, total 3ms
D/AndroidRuntime( 2163): Calling main entry com.android.commands.pm.Pm
I/GeofencerStateMachine( 1672): removeGeofences: removeRequest=RemoveGeofencingRequest[REMOVE_ALL packageName=it.unina.android.ripper_service]
I/ActivityManager( 1568): Force stopping it.unina.android.ripper_service appid=10057 user=0: clear data
D/keystore( 1149): calling clear_uid in state: 3
I/Watchcat( 2132): Started
I/auxu    ( 2132): Primes not initialized, returning default (no-op) Primes instance which will ignore all calls. Please call Primes.initialize(...) before using any Primes API.
I/dalvikvm( 2132): Could not find method com.google.android.chimera.ContextThemeWrapper.createAttributionContext, referenced from method mnu.createAttributionContext
W/dalvikvm( 2132): VFY: unable to resolve virtual method 13785: Lcom/google/android/chimera/ContextThemeWrapper;.createAttributionContext (Ljava/lang/String;)Landroid/content/Context;
D/dalvikvm( 2132): VFY: replacing opcode 0x6f at 0x0002
I/dalvikvm( 2132): Could not find method android.content.ContextWrapper.createCredentialProtectedStorageContext, referenced from method mnu.createCredentialProtectedStorageContext
W/dalvikvm( 2132): VFY: unable to resolve virtual method 2508: Landroid/content/ContextWrapper;.createCredentialProtectedStorageContext ()Landroid/content/Context;
D/dalvikvm( 2132): VFY: replacing opcode 0x6f at 0x0002
I/dalvikvm( 2132): Could not find method android.content.ContextWrapper.createDeviceProtectedStorageContext, referenced from method mnu.createDeviceProtectedStorageContext
W/dalvikvm( 2132): VFY: unable to resolve virtual method 2509: Landroid/content/ContextWrapper;.createDeviceProtectedStorageContext ()Landroid/content/Context;
D/dalvikvm( 2132): VFY: replacing opcode 0x6f at 0x0002
I/ActivityManager( 1568): Start proc com.android.defcontainer for service com.android.defcontainer/.DefaultContainerService: pid=2178 uid=10003 gids={50003, 1028, 1015, 1023, 2001, 1035}
D/dalvikvm( 2132): GC_FOR_ALLOC freed 235K, 9% free 5561K/6052K, paused 6ms, total 6ms
I/dalvikvm( 2132): Could not find method android.content.Context.bindService, referenced from method uws.bindService
W/dalvikvm( 2132): VFY: unable to resolve virtual method 2453: Landroid/content/Context;.bindService (Landroid/content/Intent;ILjava/util/concurrent/Executor;Landroid/content/ServiceConnection;)Z
D/dalvikvm( 2132): VFY: replacing opcode 0x6e at 0x0018
I/dalvikvm( 2132): Could not find method android.content.Context.bindService, referenced from method uws.bindService
W/dalvikvm( 2132): VFY: unable to resolve virtual method 2453: Landroid/content/Context;.bindService (Landroid/content/Intent;ILjava/util/concurrent/Executor;Landroid/content/ServiceConnection;)Z
D/dalvikvm( 2132): VFY: replacing opcode 0x6e at 0x0030
I/dalvikvm( 2132): Could not find method android.content.Context.startForegroundService, referenced from method uws.startForegroundService
W/dalvikvm( 2132): VFY: unable to resolve virtual method 2501: Landroid/content/Context;.startForegroundService (Landroid/content/Intent;)Landroid/content/ComponentName;
D/dalvikvm( 2132): VFY: replacing opcode 0x6e at 0x001c
I/dalvikvm( 2132): Could not find method android.content.Context.startForegroundService, referenced from method uws.startForegroundService
W/dalvikvm( 2132): VFY: unable to resolve virtual method 2501: Landroid/content/Context;.startForegroundService (Landroid/content/Intent;)Landroid/content/ComponentName;
D/dalvikvm( 2132): VFY: replacing opcode 0x6e at 0x0028
I/dalvikvm( 2132): Could not find method android.os.PowerManager.isPowerSaveMode, referenced from method uwl.a
W/dalvikvm( 2132): VFY: unable to resolve virtual method 3047: Landroid/os/PowerManager;.isPowerSaveMode ()Z
D/dalvikvm( 2132): VFY: replacing opcode 0x6e at 0x0010
D/AndroidRuntime( 2163): Shutting down VM
D/jdwp    ( 2163): Got wake-up signal, bailing out of select
D/dalvikvm( 2163): Debugger has detached; object registry had 1 entries
D/dalvikvm( 2132): GC_FOR_ALLOC freed 389K, 11% free 5936K/6608K, paused 7ms, total 7ms
I/CalendarProvider2( 2034): Sending notification intent: Intent { act=android.intent.action.PROVIDER_CHANGED dat=content://com.android.calendar }
W/ContentResolver( 2034): Failed to get type for: content://com.android.calendar (Unknown URL content://com.android.calendar)
I/dalvikvm( 2132): Could not find method android.content.ServiceConnection.onNullBinding, referenced from method uxb.onNullBinding
E/dalvikvm( 2132): Could not find class 'android.net.Network', referenced from method quq.a
W/dalvikvm( 2132): VFY: unable to resolve check-cast 1424 (Landroid/net/Network;) in Lquq;
D/dalvikvm( 2132): VFY: replacing opcode 0x1f at 0x0066
W/dalvikvm( 2132): VFY: unable to resolve interface method 2566: Landroid/content/ServiceConnection;.onNullBinding (Landroid/content/ComponentName;)V
D/dalvikvm( 2132): VFY: replacing opcode 0x72 at 0x000f
I/Notifications( 2065): [ChimeBroadcastReceiver] Executing action in Service [android.intent.action.TIMEZONE_CHANGED].
D/dalvikvm( 2065): GC_FOR_ALLOC freed 363K, 14% free 3628K/4180K, paused 2ms, total 3ms
I/ActivityManager( 1568): Resuming delayed broadcast
E/BluetoothAdapter( 1889): Bluetooth binder is null
I/dalvikvm( 2132): Could not find method android.net.Network.openConnection, referenced from method qsu.a
W/dalvikvm( 2132): VFY: unable to resolve virtual method 5072: Landroid/net/Network;.openConnection (Ljava/net/URL;)Ljava/net/URLConnection;
D/dalvikvm( 2132): VFY: replacing opcode 0x6e at 0x000f
D/dalvikvm( 1145): GC_EXPLICIT freed 40K, 8% free 2995K/3224K, paused 0ms+0ms, total 2ms
D/dalvikvm( 1145): GC_EXPLICIT freed <1K, 8% free 2995K/3224K, paused 0ms+1ms, total 2ms
D/dalvikvm( 2132): GC_FOR_ALLOC freed 297K, 9% free 6488K/7088K, paused 4ms, total 4ms
D/dalvikvm( 1145): GC_EXPLICIT freed <1K, 8% free 2995K/3224K, paused 0ms+0ms, total 1ms
I/ActivityManager( 1568): Start proc com.android.dialer for broadcast com.android.dialer/.calllog.CallLogReceiver: pid=2194 uid=10004 gids={50004, 3003, 1028, 1015}
D/ExtensionsFactory( 2194): No custom extensions.
I/ActivityManager( 1568): Delay finish: com.android.dialer/.calllog.CallLogReceiver
I/dalvikvm( 2132): Could not find method android.system.Os.stat, referenced from method nop.a
W/dalvikvm( 2132): VFY: unable to resolve static method 3146: Landroid/system/Os;.stat (Ljava/lang/String;)Landroid/system/StructStat;
D/dalvikvm( 2132): VFY: replacing opcode 0x71 at 0x0182
E/BluetoothAdapter( 1568): Bluetooth binder is null
E/BluetoothAdapter( 1568): Bluetooth binder is null
I/ActivityManager( 1568): Resuming delayed broadcast
E/SoundPool( 1568): error loading /system/media/audio/ui/Effect_Tick.ogg
W/AudioService( 1568): Soundpool could not load file: /system/media/audio/ui/Effect_Tick.ogg
E/SoundPool( 1568): error loading /system/media/audio/ui/Effect_Tick.ogg
W/AudioService( 1568): Soundpool could not load file: /system/media/audio/ui/Effect_Tick.ogg
E/SoundPool( 1568): error loading /system/media/audio/ui/Effect_Tick.ogg
W/AudioService( 1568): Soundpool could not load file: /system/media/audio/ui/Effect_Tick.ogg
E/SoundPool( 1568): error loading /system/media/audio/ui/Effect_Tick.ogg
W/AudioService( 1568): Soundpool could not load file: /system/media/audio/ui/Effect_Tick.ogg
E/SoundPool( 1568): error loading /system/media/audio/ui/Effect_Tick.ogg
W/AudioService( 1568): Soundpool could not load file: /system/media/audio/ui/Effect_Tick.ogg
E/SoundPool( 1568): error loading /system/media/audio/ui/KeypressStandard.ogg
W/AudioService( 1568): Soundpool could not load file: /system/media/audio/ui/KeypressStandard.ogg
E/SoundPool( 1568): error loading /system/media/audio/ui/KeypressSpacebar.ogg
W/AudioService( 1568): Soundpool could not load file: /system/media/audio/ui/KeypressSpacebar.ogg
E/SoundPool( 1568): error loading /system/media/audio/ui/KeypressDelete.ogg
W/AudioService( 1568): Soundpool could not load file: /system/media/audio/ui/KeypressDelete.ogg
E/SoundPool( 1568): error loading /system/media/audio/ui/KeypressReturn.ogg
W/AudioService( 1568): Soundpool could not load file: /system/media/audio/ui/KeypressReturn.ogg
E/SoundPool( 1568): error loading /system/media/audio/ui/KeypressInvalid.ogg
W/AudioService( 1568): Soundpool could not load file: /system/media/audio/ui/KeypressInvalid.ogg
W/AudioService( 1568): onLoadSoundEffects(), Error -1 while loading samples
I/RecoverySystem( 1568): No recovery log file
V/WiredAccessoryManager( 1568): init()
I/PowerManagerService( 1568): Boot animation finished.
E/dalvikvm( 2132): Could not find class 'android.net.Network', referenced from method quf.a
W/dalvikvm( 2132): VFY: unable to resolve check-cast 1424 (Landroid/net/Network;) in Lquf;
D/dalvikvm( 2132): VFY: replacing opcode 0x1f at 0x0075
I/ActivityManager( 1568): Delay finish: com.android.providers.downloads/.DownloadReceiver
I/BootReceiver( 1568): Copying audit failures to DropBox
I/BootReceiver( 1568): Checking for fsck errors
I/ActivityManager( 1568): Resuming delayed broadcast
I/ActivityManager( 1568): Delay finish: com.android.providers.media/.MediaScannerReceiver
D/dalvikvm( 2132): GC_FOR_ALLOC freed 430K, 10% free 7026K/7768K, paused 6ms, total 6ms
D/dalvikvm( 2132): Trying to load lib /data/data/com.google.android.gms/app_dg_cache/0BF2C608180009C015A9E5E9AF849125E742EA2A/libdCD96A5AB8310.so 0x9d3fa588
