D/dalvikvm( 1736): GC_FOR_ALLOC freed 362K, 14% free 4023K/4644K, paused 2ms, total 2ms
D/dalvikvm( 1672): GC_FOR_ALLOC freed 350K, 21% free 6815K/8540K, paused 5ms, total 5ms
I/dalvikvm-heap( 1672): Grow heap (frag case) to 7.136MB for 248962-byte allocation
D/dalvikvm( 1672): GC_FOR_ALLOC freed 13K, 20% free 7045K/8784K, paused 10ms, total 10ms
D/dalvikvm( 1736): GC_FOR_ALLOC freed 141K, 9% free 4375K/4788K, paused 2ms, total 2ms
D/dalvikvm( 1736): GC_FOR_ALLOC freed 133K, 9% free 4714K/5140K, paused 3ms, total 3ms
W/MediaScanner( 1783): Error opening directory '/storage/sdcard/.android_secure/', skipping: Permission denied.
I/dalvikvm( 1672): Could not find method android.accounts.AccountManager.getPreviousName, referenced from method ayhp.d
W/dalvikvm( 1672): VFY: unable to resolve virtual method 271: Landroid/accounts/AccountManager;.getPreviousName (Landroid/accounts/Account;)Ljava/lang/String;
D/dalvikvm( 1672): VFY: replacing opcode 0x6e at 0x0024
D/dalvikvm( 1736): GC_FOR_ALLOC freed 143K, 9% free 5108K/5564K, paused 3ms, total 3ms
D/dalvikvm( 1783): GC_FOR_ALLOC freed 281K, 13% free 3219K/3684K, paused 13ms, total 13ms
E/dalvikvm( 1736): Could not find class 'javax.net.ssl.SNIServerName', referenced from method com.google.android.gms.org.conscrypt.Platform.getSniHostnameFromParams
W/dalvikvm( 1736): VFY: unable to resolve check-cast 5160 (Ljavax/net/ssl/SNIServerName;) in Lcom/google/android/gms/org/conscrypt/Platform;
D/dalvikvm( 1736): VFY: replacing opcode 0x1f at 0x0025
E/dalvikvm( 1736): Could not find class 'javax.net.ssl.SNIHostName', referenced from method com.google.android.gms.org.conscrypt.Platform.setParametersSniHostname
W/dalvikvm( 1736): VFY: unable to resolve new-instance 5159 (Ljavax/net/ssl/SNIHostName;) in Lcom/google/android/gms/org/conscrypt/Platform;
D/dalvikvm( 1736): VFY: replacing opcode 0x22 at 0x0024
E/dalvikvm( 1736): Could not find class 'javax.net.ssl.SNIHostName', referenced from method com.google.android.gms.org.conscrypt.Platform.setParametersSniHostname
W/dalvikvm( 1736): VFY: unable to resolve new-instance 5159 (Ljavax/net/ssl/SNIHostName;) in Lcom/google/android/gms/org/conscrypt/Platform;
D/dalvikvm( 1736): VFY: replacing opcode 0x22 at 0x0024
D/dalvikvm( 1736): DexOpt: unable to opt direct call 0x52f9 at 0x2a in Lcom/google/android/gms/org/conscrypt/Platform;.setParametersSniHostname
D/dalvikvm( 1736): DexOpt: unable to opt direct call 0x52f9 at 0x2a in Lcom/google/android/gms/org/conscrypt/Platform;.setParametersSniHostname
D/dalvikvm( 1736): GC_FOR_ALLOC freed 308K, 11% free 5443K/6088K, paused 3ms, total 3ms
I/ProviderInstaller( 1736): Installed default security provider GmsCore_OpenSSL
I/Safeboot( 1736): Checking safeboot...
I/Safeboot( 1736): Not entering safeboot; wrong process.
V/MediaScanner( 1783): pruneDeadThumbnailFiles... android.database.sqlite.SQLiteCursor@9d057c98
E/dalvikvm( 1736): Could not find class 'com.google.common.flogger.backend.google.GooglePlatform', referenced from method beui.a
W/dalvikvm( 1736): VFY: unable to resolve const-class 4605 (Lcom/google/common/flogger/backend/google/GooglePlatform;) in Lbeui;
D/dalvikvm( 1736): VFY: replacing opcode 0x1c at 0x001b
V/MediaScanner( 1783): /pruneDeadThumbnailFiles... android.database.sqlite.SQLiteCursor@9d057c98
D/dalvikvm( 1736): GC_FOR_ALLOC freed 530K, 13% free 5733K/6536K, paused 3ms, total 3ms
D/dalvikvm( 1736): DexOpt: couldn't find field Landroid/content/pm/ApplicationInfo;.splitSourceDirs
W/dalvikvm( 1736): VFY: unable to resolve instance field 1475
D/dalvikvm( 1736): VFY: replacing opcode 0x54 at 0x0055
D/dalvikvm( 1736): DexOpt: couldn't find static field Landroid/os/Build;.SUPPORTED_ABIS
W/dalvikvm( 1736): VFY: unable to resolve static field 1540 (SUPPORTED_ABIS) in Landroid/os/Build;
D/dalvikvm( 1736): VFY: replacing opcode 0x62 at 0x00d1
I/PersistentProcessRestar( 1736): Running fixer!
I/WriteRestartFix( 1736): applying WriteRestartFix
I/WriteRestartFix( 1736): Finished writing restart file!
D/dalvikvm( 1568): GC_EXPLICIT freed 520K, 15% free 7184K/8404K, paused 0ms+0ms, total 7ms
W/Settings( 1672): Setting airplane_mode_on has moved from android.provider.Settings.System to android.provider.Settings.Global, returning read-only value.
D/dalvikvm( 1736): GC_FOR_ALLOC freed 445K, 11% free 6162K/6920K, paused 4ms, total 4ms
I/Watchcat( 1736): Started
I/auxu    ( 1736): Primes not initialized, returning default (no-op) Primes instance which will ignore all calls. Please call Primes.initialize(...) before using any Primes API.
I/dalvikvm( 1736): Could not find method com.google.android.chimera.ContextThemeWrapper.createAttributionContext, referenced from method mnu.createAttributionContext
W/dalvikvm( 1736): VFY: unable to resolve virtual method 13785: Lcom/google/android/chimera/ContextThemeWrapper;.createAttributionContext (Ljava/lang/String;)Landroid/content/Context;
D/dalvikvm( 1736): VFY: replacing opcode 0x6f at 0x0002
I/dalvikvm( 1736): Could not find method android.content.ContextWrapper.createCredentialProtectedStorageContext, referenced from method mnu.createCredentialProtectedStorageContext
W/dalvikvm( 1736): VFY: unable to resolve virtual method 2508: Landroid/content/ContextWrapper;.createCredentialProtectedStorageContext ()Landroid/content/Context;
D/dalvikvm( 1736): VFY: replacing opcode 0x6f at 0x0002
W/Settings( 1672): Setting airplane_mode_on has moved from android.provider.Settings.System to android.provider.Settings.Global, returning read-only value.
I/dalvikvm( 1736): Could not find method android.content.ContextWrapper.createDeviceProtectedStorageContext, referenced from method mnu.createDeviceProtectedStorageContext
W/dalvikvm( 1736): VFY: unable to resolve virtual method 2509: Landroid/content/ContextWrapper;.createDeviceProtectedStorageContext ()Landroid/content/Context;
D/dalvikvm( 1736): VFY: replacing opcode 0x6f at 0x0002
I/PersistentProcessRestar( 1736): Running fixer!
I/CleanupRestartsFix( 1736): applying CleanupRestartsFix
D/dalvikvm( 1672): GC_FOR_ALLOC freed 1332K, 20% free 7086K/8784K, paused 6ms, total 6ms
I/dalvikvm( 1736): Could not find method android.content.Context.bindService, referenced from method uws.bindService
W/dalvikvm( 1736): VFY: unable to resolve virtual method 2453: Landroid/content/Context;.bindService (Landroid/content/Intent;ILjava/util/concurrent/Executor;Landroid/content/ServiceConnection;)Z
D/dalvikvm( 1736): VFY: replacing opcode 0x6e at 0x0018
I/dalvikvm( 1736): Could not find method android.content.Context.bindService, referenced from method uws.bindService
W/dalvikvm( 1736): VFY: unable to resolve virtual method 2453: Landroid/content/Context;.bindService (Landroid/content/Intent;ILjava/util/concurrent/Executor;Landroid/content/ServiceConnection;)Z
D/dalvikvm( 1736): VFY: replacing opcode 0x6e at 0x0030
I/dalvikvm( 1736): Could not find method android.content.Context.startForegroundService, referenced from method uws.startForegroundService
W/dalvikvm( 1736): VFY: unable to resolve virtual method 2501: Landroid/content/Context;.startForegroundService (Landroid/content/Intent;)Landroid/content/ComponentName;
D/dalvikvm( 1736): VFY: replacing opcode 0x6e at 0x001c
I/dalvikvm( 1736): Could not find method android.content.Context.startForegroundService, referenced from method uws.startForegroundService
W/dalvikvm( 1736): VFY: unable to resolve virtual method 2501: Landroid/content/Context;.startForegroundService (Landroid/content/Intent;)Landroid/content/ComponentName;
D/dalvikvm( 1736): VFY: replacing opcode 0x6e at 0x0028
D/dalvikvm( 1736): GC_FOR_ALLOC freed 334K, 10% free 6813K/7492K, paused 8ms, total 8ms
I/dalvikvm( 1736): Could not find method android.os.PowerManager.isPowerSaveMode, referenced from method uwl.a
W/dalvikvm( 1736): VFY: unable to resolve virtual method 3047: Landroid/os/PowerManager;.isPowerSaveMode ()Z
D/dalvikvm( 1736): VFY: replacing opcode 0x6e at 0x0010
I/dalvikvm( 1736): Could not find method android.os.UserManager.isManagedProfile, referenced from method nmn.g
W/dalvikvm( 1736): VFY: unable to resolve virtual method 4277: Landroid/os/UserManager;.isManagedProfile ()Z
D/dalvikvm( 1736): VFY: replacing opcode 0x6e at 0x0012
I/dalvikvm( 1736): Could not find method android.app.admin.DevicePolicyManager.getAccountTypesWithManagementDisabled, referenced from method nmn.i
W/dalvikvm( 1736): VFY: unable to resolve virtual method 2586: Landroid/app/admin/DevicePolicyManager;.getAccountTypesWithManagementDisabled ()[Ljava/lang/String;
D/dalvikvm( 1736): VFY: replacing opcode 0x6e at 0x002b
I/dalvikvm( 1736): Could not find method android.accounts.AccountManager.removeAccount, referenced from method ymq.c
I/GCoreUlr( 1672): WorldUpdater received intent Intent { act=com.google.android.location.reporting.ACTION_UPDATE_WORLD cmp=com.google.android.gms/com.google.android.location.reporting.service.DispatchingService (has extras) } with receiverAction android.location.PROVIDERS_CHANGED
W/dalvikvm( 1736): VFY: unable to resolve virtual method 4165: Landroid/accounts/AccountManager;.removeAccount (Landroid/accounts/Account;Landroid/app/Activity;Landroid/accounts/AccountManagerCallback;Landroid/os/Handler;)Landroid/accounts/AccountManagerFuture;
D/dalvikvm( 1736): VFY: replacing opcode 0x6e at 0x0009
I/dalvikvm( 1736): Could not find method android.accounts.AccountManager.removeAccountExplicitly, referenced from method ymq.d
W/dalvikvm( 1736): VFY: unable to resolve virtual method 4166: Landroid/accounts/AccountManager;.removeAccountExplicitly (Landroid/accounts/Account;)Z
D/dalvikvm( 1736): VFY: replacing opcode 0x6e at 0x0008
I/dalvikvm( 1967): CheckJNI enabled: not enabling JNI app bug workarounds.
I/ActivityManager( 1568): Start proc com.google.android.gms for service com.google.android.gms/.chimera.GmsIntentOperationService: pid=1954 uid=10007 gids={50007, 3003, 1007, 1028, 1015, 3002, 3001, 3007, 2001, 3006}
I/dalvikvm( 1736): Could not find method android.system.Os.stat, referenced from method nop.a
W/dalvikvm( 1736): VFY: unable to resolve static method 3146: Landroid/system/Os;.stat (Ljava/lang/String;)Landroid/system/StructStat;
D/dalvikvm( 1736): VFY: replacing opcode 0x71 at 0x0182
I/ActivityManager( 1568): Start proc com.android.music for broadcast com.android.music/.MediaButtonIntentReceiver: pid=1967 uid=10036 gids={50036, 3003, 1028, 1015}
D/dalvikvm( 1736): GC_FOR_ALLOC freed 628K, 12% free 7366K/8360K, paused 9ms, total 9ms
I/dalvikvm( 1736): Could not find method android.content.ServiceConnection.onNullBinding, referenced from method uxb.onNullBinding
W/dalvikvm( 1736): VFY: unable to resolve interface method 2566: Landroid/content/ServiceConnection;.onNullBinding (Landroid/content/ComponentName;)V
D/dalvikvm( 1736): VFY: replacing opcode 0x72 at 0x000f
I/MediaFocusControl( 1568):   Remote Control   registerMediaButtonIntent() for PendingIntent{9d3c6e50: PendingIntentRecord{9d41bfb8 com.android.music broadcastIntent}}
W/dalvikvm( 1954): VFY: unable to resolve static field 1608 (PR_SET_DUMPABLE) in Landroid/system/OsConstants;
D/dalvikvm( 1954): VFY: replacing opcode 0x60 at 0x0017
W/dalvikvm( 1954): VFY: unable to find class referenced in signature (Lyqx;)
W/dalvikvm( 1954): VFY: unable to find class referenced in signature (Lyro;)
I/GCoreUlr( 1672): WorldUpdater:android.location.PROVIDERS_CHANGED: Ensuring that reporting is stopped because of reasons: (no Google accounts)
I/GCoreUlr( 1672): Unbound from all signal providers.
I/GCoreUlr( 1672): Unbound from all signal providers.
I/GCoreUlr( 1672): Stopping handler for UlrDispSvcFast
I/dalvikvm( 1954): Could not find method android.system.Os.readlink, referenced from method msk.a
W/dalvikvm( 1954): VFY: unable to resolve static method 3145: Landroid/system/Os;.readlink (Ljava/lang/String;)Ljava/lang/String;
D/dalvikvm( 1954): VFY: replacing opcode 0x71 at 0x00b0
I/dalvikvm( 1954): Could not find method android.os.PowerManager.isInteractive, referenced from method ndc.a
W/dalvikvm( 1954): VFY: unable to resolve virtual method 3046: Landroid/os/PowerManager;.isInteractive ()Z
D/dalvikvm( 1954): VFY: replacing opcode 0x6e at 0x0013
I/dalvikvm( 1954): Could not find method com.google.android.chimera.ModuleContext.getAttributionTag, referenced from method com.google.android.chimera.ModuleContext.createAttributionContext
W/dalvikvm( 1954): VFY: unable to resolve virtual method 14170: Lcom/google/android/chimera/ModuleContext;.getAttributionTag ()Ljava/lang/String;
D/dalvikvm( 1954): VFY: replacing opcode 0x6e at 0x0004
I/dalvikvm( 1954): Could not find method com.google.android.chimera.ContextThemeWrapper.createAttributionContext, referenced from method com.google.android.chimera.ModuleContext.createAttributionContext
W/dalvikvm( 1954): VFY: unable to resolve virtual method 13785: Lcom/google/android/chimera/ContextThemeWrapper;.createAttributionContext (Ljava/lang/String;)Landroid/content/Context;
D/dalvikvm( 1954): VFY: replacing opcode 0x6f at 0x0035
I/dalvikvm( 1954): Could not find method android.content.ContextWrapper.createCredentialProtectedStorageContext, referenced from method com.google.android.chimera.ModuleContext.createCredentialProtectedStorageContext
W/dalvikvm( 1954): VFY: unable to resolve virtual method 2508: Landroid/content/ContextWrapper;.createCredentialProtectedStorageContext ()Landroid/content/Context;
D/dalvikvm( 1954): VFY: replacing opcode 0x6f at 0x0002
I/dalvikvm( 1954): Could not find method android.content.ContextWrapper.createDeviceProtectedStorageContext, referenced from method com.google.android.chimera.ModuleContext.createDeviceProtectedStorageContext
W/dalvikvm( 1954): VFY: unable to resolve virtual method 2509: Landroid/content/ContextWrapper;.createDeviceProtectedStorageContext ()Landroid/content/Context;
D/dalvikvm( 1954): VFY: replacing opcode 0x6f at 0x0002
I/dalvikvm( 1954): Could not find method com.google.android.chimera.ContextThemeWrapper.sendBroadcastWithMultiplePermissions, referenced from method com.google.android.chimera.ModuleContext.sendBroadcastWithMultiplePermissions
W/dalvikvm( 1954): VFY: unable to resolve virtual method 13795: Lcom/google/android/chimera/ContextThemeWrapper;.sendBroadcastWithMultiplePermissions (Landroid/content/Intent;[Ljava/lang/String;)V
D/dalvikvm( 1954): VFY: replacing opcode 0x6f at 0x0009
I/MultiDex( 1954): VM with version 1.6.0 does not have multidex support
I/MultiDex( 1954): Installing application
I/MultiDex( 1954): MultiDexExtractor(/system/priv-app/PrebuiltGmsCore.apk, /data/data/com.google.android.gms/code_cache/secondary-dexes)
I/MultiDex( 1954): Blocking on lock /data/data/com.google.android.gms/code_cache/secondary-dexes/MultiDex.lock
I/MultiDex( 1954): /data/data/com.google.android.gms/code_cache/secondary-dexes/MultiDex.lock locked
I/MultiDex( 1954): MultiDexExtractor.load(/system/priv-app/PrebuiltGmsCore.apk, false, )
D/dalvikvm( 1954): GC_FOR_ALLOC freed 259K, 13% free 3232K/3680K, paused 2ms, total 2ms
I/MultiDex( 1954): loading existing secondary dex files
I/MultiDex( 1954): load found 5 secondary dex files
I/MultiDex( 1954): install done
I/dalvikvm( 1954): Could not find method android.os.UserHandle.isOwner, referenced from method nmy.f
W/dalvikvm( 1954): VFY: unable to resolve virtual method 3081: Landroid/os/UserHandle;.isOwner ()Z
D/dalvikvm( 1954): VFY: replacing opcode 0x6e at 0x000a
I/dalvikvm( 1954): Could not find method android.content.ContentProvider.query, referenced from method brf.superQuery
W/dalvikvm( 1954): VFY: unable to resolve virtual method 2428: Landroid/content/ContentProvider;.query (Landroid/net/Uri;[Ljava/lang/String;Landroid/os/Bundle;Landroid/os/CancellationSignal;)Landroid/database/Cursor;
D/dalvikvm( 1954): VFY: replacing opcode 0x6f at 0x0000
I/dalvikvm( 1954): Could not find method android.app.Activity.registerActivityLifecycleCallbacks, referenced from method amh.onActivityPreCreated
W/dalvikvm( 1954): VFY: unable to resolve virtual method 2308: Landroid/app/Activity;.registerActivityLifecycleCallbacks (Landroid/app/Application$ActivityLifecycleCallbacks;)V
D/dalvikvm( 1954): VFY: replacing opcode 0x6e at 0x0005
I/dalvikvm( 1954): Could not find method android.content.Context.getExternalMediaDirs, referenced from method jm.a
W/dalvikvm( 1954): VFY: unable to resolve virtual method 2477: Landroid/content/Context;.getExternalMediaDirs ()[Ljava/io/File;
D/dalvikvm( 1954): VFY: replacing opcode 0x6e at 0x00a8
I/dalvikvm( 1954): Could not find method android.content.Context.getDrawable, referenced from method jk.a
W/dalvikvm( 1954): VFY: unable to resolve virtual method 2472: Landroid/content/Context;.getDrawable (I)Landroid/graphics/drawable/Drawable;
D/dalvikvm( 1954): VFY: replacing opcode 0x6e at 0x0006
I/dalvikvm( 1954): Could not find method android.content.Context.getNoBackupFilesDir, referenced from method jk.b
W/dalvikvm( 1954): VFY: unable to resolve virtual method 2480: Landroid/content/Context;.getNoBackupFilesDir ()Ljava/io/File;
D/dalvikvm( 1954): VFY: replacing opcode 0x6e at 0x0006
I/dalvikvm( 1954): Could not find method android.content.pm.PackageManager.getPackageInstaller, referenced from method men.a
W/dalvikvm( 1954): VFY: unable to resolve virtual method 2608: Landroid/content/pm/PackageManager;.getPackageInstaller ()Landroid/content/pm/PackageInstaller;
D/dalvikvm( 1954): VFY: replacing opcode 0x6e at 0x001c
W/DynamiteModule( 1954): Local module descriptor class for providerinstaller not found.
I/dalvikvm( 1954): Could not find method android.system.Os.readlink, referenced from method bse.a
W/dalvikvm( 1954): VFY: unable to resolve static method 3145: Landroid/system/Os;.readlink (Ljava/lang/String;)Ljava/lang/String;
D/dalvikvm( 1954): VFY: replacing opcode 0x71 at 0x0044
I/dalvikvm( 1954): Could not find method android.system.Os.symlink, referenced from method bse.a
W/dalvikvm( 1954): VFY: unable to resolve static method 3147: Landroid/system/Os;.symlink (Ljava/lang/String;Ljava/lang/String;)V
D/dalvikvm( 1954): VFY: replacing opcode 0x71 at 0x00b0
I/dalvikvm( 1954): Could not find method android.system.Os.stat, referenced from method bse.a
W/dalvikvm( 1954): VFY: unable to resolve static method 3146: Landroid/system/Os;.stat (Ljava/lang/String;)Landroid/system/StructStat;
D/dalvikvm( 1954): VFY: replacing opcode 0x71 at 0x0005
W/dalvikvm( 1954): VFY: unable to resolve static field 1615 (S_IXUSR) in Landroid/system/OsConstants;
D/dalvikvm( 1954): VFY: replacing opcode 0x60 at 0x0007
D/dalvikvm( 1954): GC_FOR_ALLOC freed 431K, 16% free 3311K/3932K, paused 1ms, total 1ms
I/dalvikvm( 1954): Could not find method android.system.Os.stat, referenced from method bse.b
W/dalvikvm( 1954): VFY: unable to resolve static method 3146: Landroid/system/Os;.stat (Ljava/lang/String;)Landroid/system/StructStat;
D/dalvikvm( 1954): VFY: replacing opcode 0x71 at 0x0040
W/dalvikvm( 1954): VFY: unable to resolve static field 1612 (S_IRUSR) in Landroid/system/OsConstants;
D/dalvikvm( 1954): VFY: replacing opcode 0x60 at 0x0007
D/dalvikvm( 1954): DexOpt: couldn't find static field Landroid/os/Build;.SUPPORTED_64_BIT_ABIS
W/dalvikvm( 1954): VFY: unable to resolve static field 1539 (SUPPORTED_64_BIT_ABIS) in Landroid/os/Build;
D/dalvikvm( 1954): VFY: replacing opcode 0x62 at 0x0214
W/ProviderHelper( 1954): Unknown dynamite feature providerinstaller
I/DynamiteModule( 1954): Considering local module providerinstaller:0 and remote module providerinstaller:0
W/ProviderInstaller( 1954): Failed to load providerinstaller module: No acceptable module found. Local version is 0 and remote version is 0.
I/dalvikvm( 1954): Could not find method android.content.ContextWrapper.createCredentialProtectedStorageContext, referenced from method nfr.createCredentialProtectedStorageContext
W/dalvikvm( 1954): VFY: unable to resolve virtual method 2508: Landroid/content/ContextWrapper;.createCredentialProtectedStorageContext ()Landroid/content/Context;
D/dalvikvm( 1954): VFY: replacing opcode 0x6f at 0x0002
I/dalvikvm( 1954): Could not find method android.content.ContextWrapper.createDeviceProtectedStorageContext, referenced from method nfr.createDeviceProtectedStorageContext
W/dalvikvm( 1954): VFY: unable to resolve virtual method 2509: Landroid/content/ContextWrapper;.createDeviceProtectedStorageContext ()Landroid/content/Context;
D/dalvikvm( 1954): VFY: replacing opcode 0x6f at 0x0002
D/dalvikvm( 1954): DexOpt: couldn't find static field Landroid/os/Build;.SUPPORTED_64_BIT_ABIS
W/dalvikvm( 1954): VFY: unable to resolve static field 1539 (SUPPORTED_64_BIT_ABIS) in Landroid/os/Build;
D/dalvikvm( 1954): VFY: replacing opcode 0x62 at 0x0080
D/dalvikvm( 1954): DexOpt: couldn't find static field Landroid/os/Build;.SUPPORTED_ABIS
W/dalvikvm( 1954): VFY: unable to resolve static field 1540 (SUPPORTED_ABIS) in Landroid/os/Build;
D/dalvikvm( 1954): VFY: replacing opcode 0x62 at 0x00d3
V/NativeCrypto( 1954): Registering com/google/android/gms/org/conscrypt/NativeCrypto's 286 native methods...
W/dalvikvm( 1954): Unable to resolve superclass of Lcom/google/android/gms/org/conscrypt/TrustManagerImpl; (5184)
W/dalvikvm( 1954): Link of class 'Lcom/google/android/gms/org/conscrypt/TrustManagerImpl;' failed
I/dalvikvm( 1954): Could not find method com.google.android.gms.org.conscrypt.TrustManagerImpl.getDefaultHostnameVerifier, referenced from method com.google.android.gms.org.conscrypt.Conscrypt.getDefaultHostnameVerifier
W/dalvikvm( 1954): VFY: unable to resolve static method 17870: Lcom/google/android/gms/org/conscrypt/TrustManagerImpl;.getDefaultHostnameVerifier ()Lcom/google/android/gms/org/conscrypt/ConscryptHostnameVerifier;
D/dalvikvm( 1954): VFY: replacing opcode 0x71 at 0x0003
W/dalvikvm( 1954): Unable to resolve superclass of Lcom/google/android/gms/org/conscrypt/TrustManagerImpl; (5184)
W/dalvikvm( 1954): Link of class 'Lcom/google/android/gms/org/conscrypt/TrustManagerImpl;' failed
W/dalvikvm( 1954): VFY: unable to find class referenced in signature (Lcom/google/android/gms/org/conscrypt/TrustManagerImpl;)
W/dalvikvm( 1954): Unable to resolve superclass of Lcom/google/android/gms/org/conscrypt/TrustManagerImpl; (5184)
W/dalvikvm( 1954): Link of class 'Lcom/google/android/gms/org/conscrypt/TrustManagerImpl;' failed
I/dalvikvm( 1954): Could not find method com.google.android.gms.org.conscrypt.TrustManagerImpl.getHostnameVerifier, referenced from method com.google.android.gms.org.conscrypt.Conscrypt.getHostnameVerifier
W/dalvikvm( 1954): VFY: unable to resolve virtual method 17872: Lcom/google/android/gms/org/conscrypt/TrustManagerImpl;.getHostnameVerifier ()Lcom/google/android/gms/org/conscrypt/ConscryptHostnameVerifier;
D/dalvikvm( 1954): VFY: replacing opcode 0x6e at 0x0004
W/dalvikvm( 1954): Unable to resolve superclass of Lcom/google/android/gms/org/conscrypt/TrustManagerImpl; (5184)
W/dalvikvm( 1954): Link of class 'Lcom/google/android/gms/org/conscrypt/TrustManagerImpl;' failed
E/dalvikvm( 1954): Could not find class 'com.google.android.gms.org.conscrypt.TrustManagerImpl', referenced from method com.google.android.gms.org.conscrypt.Conscrypt.isConscrypt
W/dalvikvm( 1954): VFY: unable to resolve instanceof 4452 (Lcom/google/android/gms/org/conscrypt/TrustManagerImpl;) in Lcom/google/android/gms/org/conscrypt/Conscrypt;
D/dalvikvm( 1954): VFY: replacing opcode 0x20 at 0x0000
W/dalvikvm( 1954): Unable to resolve superclass of Lcom/google/android/gms/org/conscrypt/TrustManagerImpl; (5184)
W/dalvikvm( 1954): Link of class 'Lcom/google/android/gms/org/conscrypt/TrustManagerImpl;' failed
I/dalvikvm( 1954): Could not find method com.google.android.gms.org.conscrypt.TrustManagerImpl.setDefaultHostnameVerifier, referenced from method com.google.android.gms.org.conscrypt.Conscrypt.setDefaultHostnameVerifier
W/dalvikvm( 1954): VFY: unable to resolve static method 17882: Lcom/google/android/gms/org/conscrypt/TrustManagerImpl;.setDefaultHostnameVerifier (Lcom/google/android/gms/org/conscrypt/ConscryptHostnameVerifier;)V
D/dalvikvm( 1954): VFY: replacing opcode 0x71 at 0x0003
W/dalvikvm( 1954): Unable to resolve superclass of Lcom/google/android/gms/org/conscrypt/TrustManagerImpl; (5184)
W/dalvikvm( 1954): Link of class 'Lcom/google/android/gms/org/conscrypt/TrustManagerImpl;' failed
W/dalvikvm( 1954): VFY: unable to find class referenced in signature (Lcom/google/android/gms/org/conscrypt/TrustManagerImpl;)
W/dalvikvm( 1954): Unable to resolve superclass of Lcom/google/android/gms/org/conscrypt/TrustManagerImpl; (5184)
W/dalvikvm( 1954): Link of class 'Lcom/google/android/gms/org/conscrypt/TrustManagerImpl;' failed
I/dalvikvm( 1954): Could not find method com.google.android.gms.org.conscrypt.TrustManagerImpl.setHostnameVerifier, referenced from method com.google.android.gms.org.conscrypt.Conscrypt.setHostnameVerifier
W/dalvikvm( 1954): VFY: unable to resolve virtual method 17883: Lcom/google/android/gms/org/conscrypt/TrustManagerImpl;.setHostnameVerifier (Lcom/google/android/gms/org/conscrypt/ConscryptHostnameVerifier;)V
D/dalvikvm( 1954): VFY: replacing opcode 0x6e at 0x0004
W/dalvikvm( 1954): Unable to resolve superclass of Lcom/google/android/gms/org/conscrypt/TrustManagerImpl; (5184)
W/dalvikvm( 1954): Link of class 'Lcom/google/android/gms/org/conscrypt/TrustManagerImpl;' failed
E/dalvikvm( 1954): Could not find class 'com.google.android.gms.org.conscrypt.TrustManagerImpl', referenced from method com.google.android.gms.org.conscrypt.Conscrypt.toConscrypt
W/dalvikvm( 1954): VFY: unable to resolve check-cast 4452 (Lcom/google/android/gms/org/conscrypt/TrustManagerImpl;) in Lcom/google/android/gms/org/conscrypt/Conscrypt;
D/dalvikvm( 1954): VFY: replacing opcode 0x1f at 0x002a
D/dalvikvm( 1954): GC_FOR_ALLOC freed 473K, 17% free 3351K/4012K, paused 2ms, total 2ms
D/dalvikvm( 1954): GC_FOR_ALLOC freed 149K, 9% free 3709K/4052K, paused 2ms, total 2ms
D/dalvikvm( 1954): GC_FOR_ALLOC freed 132K, 8% free 4059K/4408K, paused 2ms, total 2ms
D/dalvikvm( 1954): GC_FOR_ALLOC freed 121K, 8% free 4404K/4760K, paused 2ms, total 2ms
D/dalvikvm( 1954): GC_FOR_ALLOC freed 129K, 8% free 4717K/5104K, paused 2ms, total 2ms
E/dalvikvm( 1954): Could not find class 'javax.net.ssl.SNIServerName', referenced from method com.google.android.gms.org.conscrypt.Platform.getSniHostnameFromParams
W/dalvikvm( 1954): VFY: unable to resolve check-cast 5160 (Ljavax/net/ssl/SNIServerName;) in Lcom/google/android/gms/org/conscrypt/Platform;
D/dalvikvm( 1954): VFY: replacing opcode 0x1f at 0x0025
E/dalvikvm( 1954): Could not find class 'javax.net.ssl.SNIHostName', referenced from method com.google.android.gms.org.conscrypt.Platform.setParametersSniHostname
W/dalvikvm( 1954): VFY: unable to resolve new-instance 5159 (Ljavax/net/ssl/SNIHostName;) in Lcom/google/android/gms/org/conscrypt/Platform;
D/dalvikvm( 1954): VFY: replacing opcode 0x22 at 0x0024
E/dalvikvm( 1954): Could not find class 'javax.net.ssl.SNIHostName', referenced from method com.google.android.gms.org.conscrypt.Platform.setParametersSniHostname
W/dalvikvm( 1954): VFY: unable to resolve new-instance 5159 (Ljavax/net/ssl/SNIHostName;) in Lcom/google/android/gms/org/conscrypt/Platform;
D/dalvikvm( 1954): VFY: replacing opcode 0x22 at 0x0024
D/dalvikvm( 1954): DexOpt: unable to opt direct call 0x52f9 at 0x2a in Lcom/google/android/gms/org/conscrypt/Platform;.setParametersSniHostname
D/dalvikvm( 1954): DexOpt: unable to opt direct call 0x52f9 at 0x2a in Lcom/google/android/gms/org/conscrypt/Platform;.setParametersSniHostname
D/dalvikvm( 1954): GC_FOR_ALLOC freed 253K, 10% free 4960K/5484K, paused 2ms, total 2ms
I/ProviderInstaller( 1954): Installed default security provider GmsCore_OpenSSL
I/Safeboot( 1954): Checking safeboot...
I/Safeboot( 1954): Not entering safeboot; wrong process.
E/dalvikvm( 1954): Could not find class 'com.google.common.flogger.backend.google.GooglePlatform', referenced from method beui.a
W/dalvikvm( 1954): VFY: unable to resolve const-class 4605 (Lcom/google/common/flogger/backend/google/GooglePlatform;) in Lbeui;
D/dalvikvm( 1954): VFY: replacing opcode 0x1c at 0x001b
D/dalvikvm( 1954): GC_FOR_ALLOC freed 381K, 11% free 5202K/5808K, paused 6ms, total 6ms
D/dalvikvm( 1954): DexOpt: couldn't find field Landroid/content/pm/ApplicationInfo;.splitSourceDirs
W/dalvikvm( 1954): VFY: unable to resolve instance field 1475
D/dalvikvm( 1954): VFY: replacing opcode 0x54 at 0x0055
D/dalvikvm( 1954): DexOpt: couldn't find static field Landroid/os/Build;.SUPPORTED_ABIS
W/dalvikvm( 1954): VFY: unable to resolve static field 1540 (SUPPORTED_ABIS) in Landroid/os/Build;
D/dalvikvm( 1954): VFY: replacing opcode 0x62 at 0x00d1
I/Watchcat( 1954): Started
I/auxu    ( 1954): Primes not initialized, returning default (no-op) Primes instance which will ignore all calls. Please call Primes.initialize(...) before using any Primes API.
I/dalvikvm( 1954): Could not find method com.google.android.chimera.ContextThemeWrapper.createAttributionContext, referenced from method mnu.createAttributionContext
W/dalvikvm( 1954): VFY: unable to resolve virtual method 13785: Lcom/google/android/chimera/ContextThemeWrapper;.createAttributionContext (Ljava/lang/String;)Landroid/content/Context;
D/dalvikvm( 1954): VFY: replacing opcode 0x6f at 0x0002
I/dalvikvm( 1954): Could not find method android.content.ContextWrapper.createCredentialProtectedStorageContext, referenced from method mnu.createCredentialProtectedStorageContext
W/dalvikvm( 1954): VFY: unable to resolve virtual method 2508: Landroid/content/ContextWrapper;.createCredentialProtectedStorageContext ()Landroid/content/Context;
D/dalvikvm( 1954): VFY: replacing opcode 0x6f at 0x0002
I/dalvikvm( 1954): Could not find method android.content.ContextWrapper.createDeviceProtectedStorageContext, referenced from method mnu.createDeviceProtectedStorageContext
W/dalvikvm( 1954): VFY: unable to resolve virtual method 2509: Landroid/content/ContextWrapper;.createDeviceProtectedStorageContext ()Landroid/content/Context;
D/dalvikvm( 1954): VFY: replacing opcode 0x6f at 0x0002
D/dalvikvm( 1954): GC_FOR_ALLOC freed 270K, 9% free 5614K/6128K, paused 4ms, total 5ms
I/dalvikvm( 1954): Could not find method android.content.Context.bindService, referenced from method uws.bindService
W/dalvikvm( 1954): VFY: unable to resolve virtual method 2453: Landroid/content/Context;.bindService (Landroid/content/Intent;ILjava/util/concurrent/Executor;Landroid/content/ServiceConnection;)Z
D/dalvikvm( 1954): VFY: replacing opcode 0x6e at 0x0018
I/dalvikvm( 1954): Could not find method android.content.Context.bindService, referenced from method uws.bindService
W/dalvikvm( 1954): VFY: unable to resolve virtual method 2453: Landroid/content/Context;.bindService (Landroid/content/Intent;ILjava/util/concurrent/Executor;Landroid/content/ServiceConnection;)Z
D/dalvikvm( 1954): VFY: replacing opcode 0x6e at 0x0030
I/dalvikvm( 1954): Could not find method android.content.Context.startForegroundService, referenced from method uws.startForegroundService
W/dalvikvm( 1954): VFY: unable to resolve virtual method 2501: Landroid/content/Context;.startForegroundService (Landroid/content/Intent;)Landroid/content/ComponentName;
D/dalvikvm( 1954): VFY: replacing opcode 0x6e at 0x001c
I/dalvikvm( 1954): Could not find method android.content.Context.startForegroundService, referenced from method uws.startForegroundService
W/dalvikvm( 1954): VFY: unable to resolve virtual method 2501: Landroid/content/Context;.startForegroundService (Landroid/content/Intent;)Landroid/content/ComponentName;
D/dalvikvm( 1954): VFY: replacing opcode 0x6e at 0x0028
I/dalvikvm( 1954): Could not find method android.os.PowerManager.isPowerSaveMode, referenced from method uwl.a
W/dalvikvm( 1954): VFY: unable to resolve virtual method 3047: Landroid/os/PowerManager;.isPowerSaveMode ()Z
D/dalvikvm( 1954): VFY: replacing opcode 0x6e at 0x0010
D/dalvikvm( 1954): GC_FOR_ALLOC freed 374K, 10% free 6024K/6676K, paused 4ms, total 4ms
E/dalvikvm( 1954): Could not find class 'android.telephony.SubscriptionManager', referenced from method com.google.android.gms.checkin.CheckinChimeraService.a
W/dalvikvm( 1954): VFY: unable to resolve check-cast 1109 (Landroid/telephony/SubscriptionManager;) in Lcom/google/android/gms/checkin/CheckinChimeraService;
D/dalvikvm( 1954): VFY: replacing opcode 0x1f at 0x019b
E/dalvikvm( 1954): Could not find class 'android.net.NetworkRequest', referenced from method com.google.android.gms.checkin.CheckinChimeraService.a
W/dalvikvm( 1954): VFY: unable to resolve check-cast 853 (Landroid/net/NetworkRequest;) in Lcom/google/android/gms/checkin/CheckinChimeraService;
D/dalvikvm( 1954): VFY: replacing opcode 0x1f at 0x04d7
D/dalvikvm( 1954): GC_FOR_ALLOC freed 338K, 9% free 6597K/7224K, paused 4ms, total 4ms
I/Authzen ( 1954): [DeviceStateSyncManager] Device state fast sync is disabled
I/dalvikvm( 1672): Could not find method java.util.Locale.toLanguageTag, referenced from method ablz.a
W/dalvikvm( 1672): VFY: unable to resolve virtual method 19297: Ljava/util/Locale;.toLanguageTag ()Ljava/lang/String;
D/dalvikvm( 1672): VFY: replacing opcode 0x6e at 0x0006
I/dalvikvm( 1954): Could not find method android.content.ServiceConnection.onNullBinding, referenced from method uxb.onNullBinding
W/dalvikvm( 1954): VFY: unable to resolve interface method 2566: Landroid/content/ServiceConnection;.onNullBinding (Landroid/content/ComponentName;)V
D/dalvikvm( 1954): VFY: replacing opcode 0x72 at 0x000f
E/BluetoothAdapter( 1889): Bluetooth binder is null
W/ActivityManager( 1568): Unable to start service Intent { act=com.google.android.gms.nearby.discovery:ACTION_PERMISSION_CHANGE cmp=com.google.android.gms/.nearby.discovery.service.DiscoveryService } U=0: not found
D/dalvikvm( 1672): GC_FOR_ALLOC freed 1211K, 18% free 7262K/8784K, paused 6ms, total 6ms
I/ActivityManager( 1568): Start proc com.google.android.calendar for broadcast com.google.android.calendar/com.android.calendar.widget.CalendarAppWidgetService$CalendarFactory: pid=2002 uid=10018 gids={50018, 3003}
W/ModuleManager( 1954): Unable to get current module's fulfilled APIs in ModuleManager created with non-module Context
I/dalvikvm( 1954): Could not find method android.system.Os.stat, referenced from method nop.a
W/dalvikvm( 1954): VFY: unable to resolve static method 3146: Landroid/system/Os;.stat (Ljava/lang/String;)Landroid/system/StructStat;
D/dalvikvm( 1954): VFY: replacing opcode 0x71 at 0x0182
I/GCoreUlr( 1672): WorldUpdater received intent Intent { act=com.google.android.location.reporting.ACTION_UPDATE_WORLD cmp=com.google.android.gms/com.google.android.location.reporting.service.DispatchingService (has extras) } with receiverAction android.location.PROVIDERS_CHANGED
E/dalvikvm( 1954): Could not find class 'android.security.keystore.KeyGenParameterSpec$Builder', referenced from method rwq.a
W/dalvikvm( 1954): VFY: unable to resolve new-instance 1527 (Landroid/security/keystore/KeyGenParameterSpec$Builder;) in Lrwq;
D/dalvikvm( 1954): VFY: replacing opcode 0x22 at 0x0034
D/dalvikvm( 1954): DexOpt: unable to opt direct call 0x153f at 0x37 in Lrwq;.a
E/dalvikvm( 1954): Could not find class 'android.security.keystore.KeyGenParameterSpec$Builder', referenced from method rws.a
W/dalvikvm( 1954): VFY: unable to resolve new-instance 1527 (Landroid/security/keystore/KeyGenParameterSpec$Builder;) in Lrws;
D/dalvikvm( 1954): VFY: replacing opcode 0x22 at 0x000b
D/dalvikvm( 1954): DexOpt: unable to opt direct call 0x153f at 0x12 in Lrws;.a
D/dalvikvm( 1954): GC_FOR_ALLOC freed 536K, 11% free 7180K/7988K, paused 6ms, total 6ms
I/ActivityManager( 1568): Start proc com.android.deskclock for broadcast com.android.deskclock/.AlarmInitReceiver: pid=2021 uid=10022 gids={50022, 1028}
I/ActivityManager( 1568): Start proc com.android.providers.calendar for content provider com.android.providers.calendar/.CalendarProvider2: pid=2034 uid=10001 gids={50001, 3003, 1028, 1015}
I/GCoreUlr( 1672): WorldUpdater:android.location.PROVIDERS_CHANGED: Ensuring that reporting is stopped because of reasons: (no Google accounts)
I/MediaRouter( 1954): Found default route: MediaRouter.RouteInfo{ uniqueId=android/aqi:DEFAULT_ROUTE, name=Phone, description=null, iconUri=null, enabled=true, connectionState=0, canDisconnect=false, playbackType=0, playbackStream=3, deviceType=0, volumeHandling=1, volume=11, volumeMax=15, presentationDisplayId=-1, extras=null, settingsIntent=null, providerPackageName=android }
I/MediaRouter( 1954): Unselecting the current route because it is no longer selectable: null
V/AlarmClock( 2021): AlarmInitReceiver android.intent.action.TIME_SET
I/GCoreUlr( 1672): Unbound from all signal providers.
I/GCoreUlr( 1672): Unbound from all signal providers.
I/GCoreUlr( 1672): Stopping handler for UlrDispSvcFast
E/dalvikvm( 1954): Could not find class 'android.telephony.SubscriptionManager', referenced from method com.google.android.gms.checkin.CheckinIntentOperation.onHandleIntent
W/dalvikvm( 1954): VFY: unable to resolve check-cast 1109 (Landroid/telephony/SubscriptionManager;) in Lcom/google/android/gms/checkin/CheckinIntentOperation;
D/dalvikvm( 1954): VFY: replacing opcode 0x1f at 0x0293
E/dalvikvm( 1954): Could not find class 'android.net.NetworkRequest', referenced from method com.google.android.gms.checkin.CheckinIntentOperation.onHandleIntent
W/dalvikvm( 1954): VFY: unable to resolve check-cast 853 (Landroid/net/NetworkRequest;) in Lcom/google/android/gms/checkin/CheckinIntentOperation;
D/dalvikvm( 1954): VFY: replacing opcode 0x1f at 0x04fe
I/CalendarProvider2( 2034): Created com.android.providers.calendar.CalendarAlarmManager@9d05ced8(com.android.providers.calendar.CalendarProvider2@9d0544e0)
D/dalvikvm( 1568): GC_EXPLICIT freed 484K, 14% free 7257K/8404K, paused 1ms+0ms, total 9ms
I/constellation( 1954): [sim_state_checker] sim state checker is disabled.
D/dalvikvm( 1736): GC_EXPLICIT freed 287K, 12% free 7397K/8360K, paused 0ms+1ms, total 6ms
I/AlarmClock( 2021): Displaying next alarm time: ''
V/AlarmClock( 2021): AlarmInitReceiver finished
V/AlarmClock( 2021): AlarmInitReceiver android.intent.action.TIMEZONE_CHANGED
I/AlarmClock( 2021): Displaying next alarm time: ''
V/AlarmClock( 2021): AlarmInitReceiver finished
D/dalvikvm( 1568): GC_EXPLICIT freed 159K, 12% free 7449K/8404K, paused 0ms+1ms, total 7ms
I/dalvikvm( 1954): Could not find method android.app.AlarmManager.setExactAndAllowWhileIdle, referenced from method nio.a
W/dalvikvm( 1954): VFY: unable to resolve virtual method 2384: Landroid/app/AlarmManager;.setExactAndAllowWhileIdle (IJLandroid/app/PendingIntent;)V
D/dalvikvm( 1954): VFY: replacing opcode 0x6e at 0x000b
I/dalvikvm( 1954): Failed resolving Lnin; interface 549 'Landroid/app/AlarmManager$OnAlarmListener;'
W/dalvikvm( 1954): Link of class 'Lnin;' failed
W/dalvikvm( 1954): VFY: unable to find class referenced in signature (Lnin;)
I/dalvikvm( 1954): Could not find method android.app.AlarmManager.set, referenced from method nio.a
W/dalvikvm( 1954): VFY: unable to resolve virtual method 2381: Landroid/app/AlarmManager;.set (IJJJLandroid/app/AlarmManager$OnAlarmListener;Landroid/os/Handler;Landroid/os/WorkSource;)V
D/dalvikvm( 1954): VFY: replacing opcode 0x74 at 0x0024
I/dalvikvm( 1954): Failed resolving Lnin; interface 549 'Landroid/app/AlarmManager$OnAlarmListener;'
W/dalvikvm( 1954): Link of class 'Lnin;' failed
W/dalvikvm( 1954): VFY: unable to find class referenced in signature (Lnin;)
I/dalvikvm( 1954): Could not find method android.app.AlarmManager.cancel, referenced from method nio.a
W/dalvikvm( 1954): VFY: unable to resolve virtual method 2378: Landroid/app/AlarmManager;.cancel (Landroid/app/AlarmManager$OnAlarmListener;)V
D/dalvikvm( 1954): VFY: replacing opcode 0x6e at 0x0002
I/ActivityManager( 1568): Start proc com.google.android.play.games for broadcast com.google.android.play.games/com.google.android.libraries.notifications.entrypoints.timezonechanged.TimezoneChangedReceiver: pid=2065 uid=10043 gids={50043, 3003}
I/SystemUpdate( 1954): [Installation,ReceiverIntentOperation] Received intent: Intent { act=android.intent.action.TIME_SET flg=0x24000010 cmp=com.google.android.gms/.chimera.GmsIntentOperationService$PersistentTrustedReceiver }.
D/AndroidRuntime( 2052): 
D/AndroidRuntime( 2052): >>>>>> AndroidRuntime START com.android.internal.os.RuntimeInit <<<<<<
W/linker  ( 2052): libdvm.so has text relocations. This is wasting memory and is a security risk. Please fix.
D/AndroidRuntime( 2052): CheckJNI is ON
D/dalvikvm( 2052): Trying to load lib libjavacore.so 0x0
D/dalvikvm( 2052): Added shared lib libjavacore.so 0x0
D/dalvikvm( 2052): Trying to load lib libnativehelper.so 0x0
D/dalvikvm( 2052): Added shared lib libnativehelper.so 0x0
D/dalvikvm( 2052): No JNI_OnLoad found in libnativehelper.so 0x0, skipping init
I/dalvikvm( 1954): Could not find method android.accounts.AccountManager.removeAccount, referenced from method ymq.c
W/dalvikvm( 1954): VFY: unable to resolve virtual method 4165: Landroid/accounts/AccountManager;.removeAccount (Landroid/accounts/Account;Landroid/app/Activity;Landroid/accounts/AccountManagerCallback;Landroid/os/Handler;)Landroid/accounts/AccountManagerFuture;
D/dalvikvm( 1954): VFY: replacing opcode 0x6e at 0x0009
I/dalvikvm( 1954): Could not find method android.accounts.AccountManager.removeAccountExplicitly, referenced from method ymq.d
W/dalvikvm( 1954): VFY: unable to resolve virtual method 4166: Landroid/accounts/AccountManager;.removeAccountExplicitly (Landroid/accounts/Account;)Z
D/dalvikvm( 1954): VFY: replacing opcode 0x6e at 0x0008
I/DynamiteModule( 1954): Considering local module com.google.android.gms.googlecertificates:4 and remote module com.google.android.gms.googlecertificates:4
I/DynamiteModule( 1954): Selected local version of com.google.android.gms.googlecertificates
I/dalvikvm( 1954): Could not find method android.app.Notification$Builder.setLocalOnly, referenced from method com.google.android.gms.common.GoogleCertificatesImpl.isGoogleOrPlatformSigned
W/dalvikvm( 1954): VFY: unable to resolve virtual method 2308: Landroid/app/Notification$Builder;.setLocalOnly (Z)Landroid/app/Notification$Builder;
D/dalvikvm( 1954): VFY: replacing opcode 0x6e at 0x00b1
D/dalvikvm( 2052): Note: class Landroid/app/ActivityManagerNative; has 179 unimplemented (abstract) methods
D/dalvikvm( 1954): GC_FOR_ALLOC freed 995K, 15% free 7536K/8768K, paused 11ms, total 11ms
I/dalvikvm( 1954): Could not find method android.app.NotificationManager.getCurrentInterruptionFilter, referenced from method nea.b
W/dalvikvm( 1954): VFY: unable to resolve virtual method 2504: Landroid/app/NotificationManager;.getCurrentInterruptionFilter ()I
D/dalvikvm( 1954): VFY: replacing opcode 0x6e at 0x0002
E/memtrack( 2052): Couldn't load memtrack module (No such file or directory)
E/android.os.Debug( 2052): failed to load memtrack module: -2
I/dalvikvm( 1954): Could not find method android.os.UserManager.isManagedProfile, referenced from method nmn.g
W/dalvikvm( 1954): VFY: unable to resolve virtual method 4277: Landroid/os/UserManager;.isManagedProfile ()Z
D/dalvikvm( 1954): VFY: replacing opcode 0x6e at 0x0012
I/dalvikvm( 1954): Could not find method android.app.admin.DevicePolicyManager.getAccountTypesWithManagementDisabled, referenced from method nmn.i
W/dalvikvm( 1954): VFY: unable to resolve virtual method 2586: Landroid/app/admin/DevicePolicyManager;.getAccountTypesWithManagementDisabled ()[Ljava/lang/String;
D/dalvikvm( 1954): VFY: replacing opcode 0x6e at 0x002b
E/dalvikvm( 2065): Could not find class 'android.app.NotificationChannel', referenced from method com.google.android.apps.play.games.core.PlayGamesApplication.onCreate
W/dalvikvm( 2065): VFY: unable to resolve new-instance 420 (Landroid/app/NotificationChannel;) in Lcom/google/android/apps/play/games/core/PlayGamesApplication;
D/dalvikvm( 2065): VFY: replacing opcode 0x22 at 0x008d
E/dalvikvm( 2065): Could not find class 'android.app.NotificationChannelGroup', referenced from method com.google.android.apps.play.games.core.PlayGamesApplication.onCreate
W/dalvikvm( 2065): VFY: unable to resolve new-instance 421 (Landroid/app/NotificationChannelGroup;) in Lcom/google/android/apps/play/games/core/PlayGamesApplication;
D/dalvikvm( 2065): VFY: replacing opcode 0x22 at 0x0131
D/dalvikvm( 2065): DexOpt: couldn't find static field Landroid/os/Build;.SUPPORTED_ABIS
W/dalvikvm( 2065): VFY: unable to resolve static field 1664 (SUPPORTED_ABIS) in Landroid/os/Build;
D/dalvikvm( 2065): VFY: replacing opcode 0x62 at 0x01a4
E/dalvikvm( 2065): Could not find class 'android.app.NotificationChannel', referenced from method com.google.android.apps.play.games.core.PlayGamesApplication.onCreate
W/dalvikvm( 2065): VFY: unable to resolve new-instance 420 (Landroid/app/NotificationChannel;) in Lcom/google/android/apps/play/games/core/PlayGamesApplication;
D/dalvikvm( 2065): VFY: replacing opcode 0x22 at 0x03e6
D/dalvikvm( 2065): DexOpt: unable to opt direct call 0x0b8a at 0x98 in Lcom/google/android/apps/play/games/core/PlayGamesApplication;.onCreate
D/dalvikvm( 2065): DexOpt: unable to opt direct call 0x0b8a at 0xa9 in Lcom/google/android/apps/play/games/core/PlayGamesApplication;.onCreate
D/dalvikvm( 2065): DexOpt: unable to opt direct call 0x0b8a at 0xba in Lcom/google/android/apps/play/games/core/PlayGamesApplication;.onCreate
D/dalvikvm( 2065): DexOpt: unable to opt direct call 0x0b8a at 0xcb in Lcom/google/android/apps/play/games/core/PlayGamesApplication;.onCreate
D/dalvikvm( 2065): DexOpt: unable to opt direct call 0x0b8a at 0xdc in Lcom/google/android/apps/play/games/core/PlayGamesApplication;.onCreate
D/dalvikvm( 2065): DexOpt: unable to opt direct call 0x0b8a at 0xed in Lcom/google/android/apps/play/games/core/PlayGamesApplication;.onCreate
D/dalvikvm( 2065): DexOpt: unable to opt direct call 0x0b8a at 0x107 in Lcom/google/android/apps/play/games/core/PlayGamesApplication;.onCreate
D/dalvikvm( 2065): DexOpt: unable to opt direct call 0x0b95 at 0x135 in Lcom/google/android/apps/play/games/core/PlayGamesApplication;.onCreate
D/dalvikvm( 2065): DexOpt: unable to opt direct call 0x0b8a at 0x144 in Lcom/google/android/apps/play/games/core/PlayGamesApplication;.onCreate
D/dalvikvm( 2065): DexOpt: unable to opt direct call 0x0b8a at 0x160 in Lcom/google/android/apps/play/games/core/PlayGamesApplication;.onCreate
D/dalvikvm( 2065): DexOpt: unable to opt direct call 0x0b8a at 0x3eb in Lcom/google/android/apps/play/games/core/PlayGamesApplication;.onCreate
I/SystemUpdate( 1954): [Execution,InstallationEventIntentOperation] Handling event of type 6.
D/AndroidRuntime( 2052): Calling main entry com.android.commands.pm.Pm
D/AndroidRuntime( 2052): Shutting down VM
D/jdwp    ( 2052): Got wake-up signal, bailing out of select
D/dalvikvm( 2052): Debugger has detached; object registry had 1 entries
I/AndroidRuntime( 2052): NOTE: attach of thread 'Binder_1' failed
I/CastDatabase( 1954): Opening the database
I/SystemUpdate( 1954): [Execution,InstallationIntentOperation] Received intent: Intent { act=com.google.android.gms.update.INSTALL_UPDATE cat=[targeted_intent_op_prefix:.update.execution.InstallationIntentOperation] cmp=com.google.android.gms/.chimera.GmsIntentOperationService }.
I/dalvikvm( 2065): Could not find method android.app.Notification.getChannelId, referenced from method keu.a
W/dalvikvm( 2065): VFY: unable to resolve virtual method 2951: Landroid/app/Notification;.getChannelId ()Ljava/lang/String;
D/dalvikvm( 2065): VFY: replacing opcode 0x6e at 0x0010
I/dalvikvm( 2065): Could not find method android.content.Context.createDeviceProtectedStorageContext, referenced from method hgf.a
W/dalvikvm( 2065): VFY: unable to resolve virtual method 3139: Landroid/content/Context;.createDeviceProtectedStorageContext ()Landroid/content/Context;
D/dalvikvm( 2065): VFY: replacing opcode 0x6e at 0x0029
I/dalvikvm( 2065): Could not find method android.content.Context.getSystemService, referenced from method hgf.a
W/dalvikvm( 2065): VFY: unable to resolve virtual method 3171: Landroid/content/Context;.getSystemService (Ljava/lang/Class;)Ljava/lang/Object;
D/dalvikvm( 2065): VFY: replacing opcode 0x6e at 0x0009
I/dalvikvm( 2065): Could not find method android.content.Context.createDeviceProtectedStorageContext, referenced from method nzv.a
W/dalvikvm( 2065): VFY: unable to resolve virtual method 3139: Landroid/content/Context;.createDeviceProtectedStorageContext ()Landroid/content/Context;
D/dalvikvm( 2065): VFY: replacing opcode 0x6e at 0x0031
I/dalvikvm( 2065): Could not find method android.content.Context.isDeviceProtectedStorage, referenced from method mlu.a
W/dalvikvm( 2065): VFY: unable to resolve virtual method 3177: Landroid/content/Context;.isDeviceProtectedStorage ()Z
D/dalvikvm( 2065): VFY: replacing opcode 0x6e at 0x0018
E/dalvikvm( 1954): Could not find class 'android.net.Network', referenced from method anbj.a
W/dalvikvm( 1954): VFY: unable to resolve check-cast 7930 (Landroid/net/Network;) in Lanbj;
D/dalvikvm( 1954): VFY: replacing opcode 0x1f at 0x01c1
I/SystemUpdate( 1954): [Execution,ExecutionManager] Action finished-execution executed for 0.00 seconds.
E/dalvikvm( 2065): Could not find class 'android.app.NotificationChannel', referenced from method fsr.a
W/dalvikvm( 2065): VFY: unable to resolve new-instance 420 (Landroid/app/NotificationChannel;) in Lfsr;
D/dalvikvm( 2065): VFY: replacing opcode 0x22 at 0x0236
D/dalvikvm( 2065): DexOpt: unable to opt direct call 0x0b8a at 0x23d in Lfsr;.a
I/dalvikvm( 2065): Failed resolving Lnok; interface 1015 'Landroid/view/Window$OnFrameMetricsAvailableListener;'
W/dalvikvm( 2065): Link of class 'Lnok;' failed
I/dalvikvm( 2065): Failed resolving Lnok; interface 1015 'Landroid/view/Window$OnFrameMetricsAvailableListener;'
W/dalvikvm( 2065): Link of class 'Lnok;' failed
I/dalvikvm( 2065): Failed resolving Lnok; interface 1015 'Landroid/view/Window$OnFrameMetricsAvailableListener;'
W/dalvikvm( 2065): Link of class 'Lnok;' failed
W/dalvikvm( 2065): VFY: unable to resolve instance field 27376
D/dalvikvm( 2065): VFY: replacing opcode 0x5c at 0x06cf
