I/PackageManager( 1566): Running dexopt on: ru.yanus171.feedexfork
W/linker  ( 8055): libdvm.so has text relocations. This is wasting memory and is a security risk. Please fix.
W/dalvikvm( 8055): method Landroidx/appcompat/widget/DropDownListView;.lookForSelectablePosition incorrectly overrides package-private method with same name in Landroid/widget/ListView;
W/dalvikvm( 8055): method Lcom/google/android/material/progressindicator/BaseProgressIndicator;.getCurrentDrawable incorrectly overrides package-private method with same name in Landroid/widget/ProgressBar;
D/dalvikvm( 8055): DexOpt: couldn't find field Landroid/content/res/Configuration;.colorMode
D/dalvikvm( 8055): DexOpt: couldn't find field Landroid/view/inputmethod/EditorInfo;.contentMimeTypes
D/dalvikvm( 8055): DexOpt: couldn't find field Landroid/graphics/BitmapFactory$Options;.outColorSpace
D/dalvikvm( 8055): DexOpt: couldn't find static field Landroid/graphics/Bitmap$Config;.HARDWARE
D/dalvikvm( 8055): DexOpt: couldn't find static field Landroid/graphics/Bitmap$Config;.RGBA_F16
D/dalvikvm( 8055): DexOpt: couldn't find static field Landroid/graphics/Bitmap$Config;.RGBA_F16
D/dalvikvm( 8055): DexOpt: couldn't find static field Landroid/graphics/Bitmap$Config;.HARDWARE
D/dalvikvm( 8055): DexOpt: couldn't find static field Landroid/graphics/Bitmap$Config;.RGBA_F16
D/dalvikvm( 8055): DexOpt: couldn't find static field Landroid/view/View;.TRANSLATION_Z
I/dalvikvm( 8055): DexOpt: illegal method access (call Landroid/widget/TextView;.getTextDirectionHeuristic ()Landroid/text/TextDirectionHeuristic; from Landroidx/appcompat/widget/AppCompatTextViewAutoSizeHelper$Impl29;)
D/dalvikvm( 8055): DexOpt: load 41ms, verify+opt 234ms, 5337868 bytes
I/ActivityManager( 1566): Force stopping ru.yanus171.feedexfork appid=10089 user=-1: update pkg
D/dalvikvm( 1566): GC_FOR_ALLOC freed 1770K, 26% free 10274K/13836K, paused 8ms, total 8ms
W/PackageManager( 1566): Unknown permission com.android.smspush.WAPPUSH_MANAGER_BIND in package com.android.phone
W/PackageManager( 1566): Unknown permission com.android.vending.billing.BILLING_ACCOUNT_SERVICE in package com.google.android.gsf.login
W/PackageManager( 1566): Unknown permission com.android.vending.billing.ADD_CREDIT_CARD in package com.google.android.gsf.login
W/PackageManager( 1566): Unknown permission com.android.vending.billing.IBillingAccountService.BIND2 in package com.google.android.gsf.login
W/PackageManager( 1566): Unknown permission com.android.vending.TOS_ACKED in package com.google.android.gsf.login
W/PackageManager( 1566): Unknown permission com.android.chrome.TOS_ACKED in package com.google.android.gsf.login
W/PackageManager( 1566): Not granting permission android.permission.ACCESS_DOWNLOAD_MANAGER to package com.android.browser (protectionLevel=18 flags=0x89be45)
W/PackageManager( 1566): Not granting permission android.permission.SEND_DOWNLOAD_COMPLETED_INTENTS to package com.android.browser (protectionLevel=2 flags=0x89be45)
W/PackageManager( 1566): Not granting permission android.permission.BIND_APPWIDGET to package com.android.widgetpreview (protectionLevel=18 flags=0x8be44)
W/PackageManager( 1566): Unknown permission android.permission.INSTALL_DRM in package com.android.mms
W/PackageManager( 1566): Unknown permission android.permission.OBSERVE_GRANT_REVOKE_PERMISSIONS in package com.google.android.gms
W/PackageManager( 1566): Unknown permission android.permission.MANAGE_SOUND_TRIGGER in package com.google.android.gms
W/PackageManager( 1566): Unknown permission android.permission.FOREGROUND_SERVICE in package com.google.android.gms
W/PackageManager( 1566): Unknown permission android.permission.START_ACTIVITIES_FROM_BACKGROUND in package com.google.android.gms
W/PackageManager( 1566): Unknown permission android.permission.QUERY_ALL_PACKAGES in package com.google.android.gms
W/PackageManager( 1566): Unknown permission android.permission.REMOTE_DISPLAY_PROVIDER in package com.google.android.gms
W/PackageManager( 1566): Unknown permission android.permission.RECOVERY in package com.google.android.gms
W/PackageManager( 1566): Not granting permission android.permission.READ_DREAM_STATE to package com.google.android.gms (protectionLevel=2 flags=0x40c83e45)
W/PackageManager( 1566): Unknown permission android.permission.PROVIDE_TRUST_AGENT in package com.google.android.gms
W/PackageManager( 1566): Unknown permission android.permission.DISPATCH_PROVISIONING_MESSAGE in package com.google.android.gms
W/PackageManager( 1566): Unknown permission android.permission.RECOVER_KEYSTORE in package com.google.android.gms
W/PackageManager( 1566): Unknown permission android.permission.PRE_FACTORY_RESET in package com.google.android.gms
W/PackageManager( 1566): Unknown permission android.permission.MANAGE_FACTORY_RESET_PROTECTION in package com.google.android.gms
W/PackageManager( 1566): Unknown permission com.google.android.apps.enterprise.dmagent.permission.AutoSyncPermission in package com.google.android.gms
W/PackageManager( 1566): Unknown permission android.permission.CONNECTIVITY_USE_RESTRICTED_NETWORKS in package com.google.android.gms
W/PackageManager( 1566): Unknown permission android.permission.ALLOCATE_AGGRESSIVE in package com.google.android.gms
W/PackageManager( 1566): Unknown permission android.car.permission.CAR_POWER in package com.google.android.gms
W/PackageManager( 1566): Unknown permission android.permission.USE_FINGERPRINT in package com.google.android.gms
W/PackageManager( 1566): Unknown permission android.permission.USE_BIOMETRIC in package com.google.android.gms
W/PackageManager( 1566): Unknown permission android.permission.SEND_SMS_NO_CONFIRMATION in package com.google.android.gms
W/PackageManager( 1566): Unknown permission com.google.android.wearable.WRITE_SETTINGS in package com.google.android.gms
W/PackageManager( 1566): Unknown permission com.felicanetworks.mfc.permission.MFC_ACCESS in package com.google.android.gms
W/PackageManager( 1566): Unknown permission com.felicanetworks.mfc.mfi.permission.MFI_ACCESS in package com.google.android.gms
W/PackageManager( 1566): Unknown permission com.google.android.finsky.permission.INSTANT_APP_STATE in package com.google.android.gms
W/PackageManager( 1566): Unknown permission android.permission.ACCESS_BACKGROUND_LOCATION in package com.google.android.gms
W/PackageManager( 1566): Unknown permission android.permission.ACCESS_NOTIFICATION_POLICY in package com.google.android.gms
W/PackageManager( 1566): Unknown permission com.google.android.googlequicksearchbox.permission.PAUSE_HOTWORD in package com.google.android.gms
W/PackageManager( 1566): Unknown permission android.permission.MANAGE_VOICE_KEYPHRASES in package com.google.android.gms
W/PackageManager( 1566): Unknown permission android.permission.UWB in package com.google.android.gms
W/PackageManager( 1566): Unknown permission android.permission.USE_FULL_SCREEN_INTENT in package com.google.android.gms
W/PackageManager( 1566): Unknown permission android.permission.TETHER_PRIVILEGED in package com.google.android.gms
W/PackageManager( 1566): Unknown permission android.permission.CONTROL_DISPLAY_SATURATION in package com.google.android.gms
W/PackageManager( 1566): Unknown permission android.permission.REAL_GET_TASKS in package com.google.android.gms
W/PackageManager( 1566): Unknown permission com.google.android.finsky.permission.BIND_GET_INSTALL_REFERRER_SERVICE in package com.google.android.gms
W/PackageManager( 1566): Unknown permission com.google.android.hangouts.START_HANGOUT in package com.google.android.gms
W/PackageManager( 1566): Unknown permission android.permission.READ_OEM_UNLOCK_STATE in package com.google.android.gms
W/PackageManager( 1566): Unknown permission android.permission.SCORE_NETWORKS in package com.google.android.gms
W/PackageManager( 1566): Unknown permission android.permission.OVERRIDE_WIFI_CONFIG in package com.google.android.gms
W/PackageManager( 1566): Unknown permission android.car.permission.CAR_POWERTRAIN in package com.google.android.gms
W/PackageManager( 1566): Unknown permission android.car.permission.CAR_ENERGY in package com.google.android.gms
W/PackageManager( 1566): Unknown permission android.car.permission.CAR_ENERGY_PORTS in package com.google.android.gms
W/PackageManager( 1566): Unknown permission android.car.permission.CAR_EXTERIOR_LIGHTS in package com.google.android.gms
W/PackageManager( 1566): Unknown permission android.car.permission.CAR_INFO in package com.google.android.gms
W/PackageManager( 1566): Unknown permission android.car.permission.CAR_MILEAGE in package com.google.android.gms
W/PackageManager( 1566): Unknown permission android.car.permission.CAR_TIRES in package com.google.android.gms
W/PackageManager( 1566): Unknown permission android.car.permission.CONTROL_CAR_CLIMATE in package com.google.android.gms
W/PackageManager( 1566): Unknown permission android.car.permission.CONTROL_CAR_DOORS in package com.google.android.gms
W/PackageManager( 1566): Unknown permission android.car.permission.CONTROL_CAR_EXTERIOR_LIGHTS in package com.google.android.gms
W/PackageManager( 1566): Unknown permission android.car.permission.CONTROL_CAR_MIRRORS in package com.google.android.gms
W/PackageManager( 1566): Unknown permission android.car.permission.CONTROL_CAR_SEATS in package com.google.android.gms
W/PackageManager( 1566): Unknown permission android.car.permission.CONTROL_CAR_WINDOWS in package com.google.android.gms
W/PackageManager( 1566): Unknown permission android.car.permission.READ_CAR_DISPLAY_UNITS in package com.google.android.gms
W/PackageManager( 1566): Unknown permission android.permission.CONTROL_INCALL_EXPERIENCE in package com.google.android.gms
W/PackageManager( 1566): Unknown permission android.permission.USER_ACTIVITY in package com.google.android.gms
W/PackageManager( 1566): Unknown permission android.permission.MODIFY_AUDIO_ROUTING in package com.google.android.gms
W/PackageManager( 1566): Unknown permission android.permission.MODIFY_DAY_NIGHT_MODE in package com.google.android.gms
W/PackageManager( 1566): Unknown permission com.google.android.finsky.permission.GEARHEAD_SERVICE in package com.google.android.gms
W/PackageManager( 1566): Unknown permission com.google.android.permission.ACCESSIBILITY_SCAN_SERVICE in package com.google.android.gms
W/PackageManager( 1566): Unknown permission android.permission.START_TASKS_FROM_RECENTS in package com.google.android.gms
W/PackageManager( 1566): Not granting permission android.permission.MANAGE_ACTIVITY_STACKS to package com.google.android.gms (protectionLevel=2 flags=0x40c83e45)
W/PackageManager( 1566): Unknown permission android.permission.ACTIVITY_EMBEDDING in package com.google.android.gms
W/PackageManager( 1566): Unknown permission com.google.android.finsky.permission.ACCESS_INSTANT_APP_NOTIFICATION_ENFORCEMENT in package com.google.android.gms
W/PackageManager( 1566): Unknown permission android.permission.PROVIDE_RESOLVER_RANKER_SERVICE in package com.google.android.gms
W/PackageManager( 1566): Unknown permission com.google.android.clockwork.settings.SHOW_FACTORY_RESET_CONFIRMATION in package com.google.android.gms
W/PackageManager( 1566): Unknown permission com.google.android.wearable.READ_SETTINGS in package com.google.android.gms
W/PackageManager( 1566): Unknown permission android.permission.READ_MEDIA_AUDIO in package com.google.android.gms
W/PackageManager( 1566): Unknown permission android.permission.READ_MEDIA_IMAGES in package com.google.android.gms
W/PackageManager( 1566): Unknown permission android.permission.READ_MEDIA_VIDEO in package com.google.android.gms
W/PackageManager( 1566): Unknown permission android.permission.INTENT_FILTER_VERIFICATION_AGENT in package com.google.android.gms
W/PackageManager( 1566): Unknown permission android.permission.LOCAL_MAC_ADDRESS in package com.google.android.gms
W/PackageManager( 1566): Unknown permission android.permission.CHANGE_DEVICE_IDLE_TEMP_WHITELIST in package com.google.android.gms
W/PackageManager( 1566): Unknown permission android.permission.READ_WIFI_CREDENTIAL in package com.google.android.gms
W/PackageManager( 1566): Unknown permission android.permission.SUBSTITUTE_NOTIFICATION_APP_NAME in package com.google.android.gms
W/PackageManager( 1566): Unknown permission android.permission.SUBSTITUTE_SHARE_TARGET_APP_NAME_AND_ICON in package com.google.android.gms
W/PackageManager( 1566): Unknown permission android.permission.ACTIVITY_RECOGNITION in package com.google.android.gms
W/PackageManager( 1566): Unknown permission android.permission.MANAGE_SUBSCRIPTION_PLANS in package com.google.android.gms
W/PackageManager( 1566): Unknown permission android.permission.READ_DEVICE_CONFIG in package com.google.android.gms
W/PackageManager( 1566): Unknown permission android.permission.WRITE_DEVICE_CONFIG in package com.google.android.gms
W/PackageManager( 1566): Unknown permission com.google.android.apps.now.OPT_IN_WIZARD in package com.google.android.gms
W/PackageManager( 1566): Unknown permission com.google.android.setupwizard.SETUP_COMPAT_SERVICE in package com.google.android.gms
W/PackageManager( 1566): Unknown permission android.permission.MANAGE_ROLLBACKS in package com.google.android.gms
W/PackageManager( 1566): Unknown permission android.permission.REQUEST_DELETE_PACKAGES in package com.google.android.gms
W/PackageManager( 1566): Unknown permission android.permission.NOTIFY_PENDING_SYSTEM_UPDATE in package com.google.android.gms
W/PackageManager( 1566): Unknown permission android.permission.BODY_SENSORS in package com.google.android.gms
W/PackageManager( 1566): Unknown permission com.google.android.launcher.permission.RECEIVE_LAUNCH_BROADCASTS in package com.google.android.gms
W/PackageManager( 1566): Unknown permission com.google.android.vending.verifier.ACCESS_VERIFIER in package com.google.android.gms
W/PackageManager( 1566): Unknown permission android.permission.RESET_PASSWORD in package com.google.android.gms
W/PackageManager( 1566): Unknown permission android.permission.LOCK_DEVICE in package com.google.android.gms
W/PackageManager( 1566): Unknown permission android.permission.CONTROL_KEYGUARD_SECURE_NOTIFICATIONS in package com.google.android.gms
W/PackageManager( 1566): Unknown permission com.google.android.gm.permission.READ_GMAIL in package com.google.android.gms
W/PackageManager( 1566): Unknown permission com.android.voicemail.permission.READ_VOICEMAIL in package com.google.android.gms
W/PackageManager( 1566): Unknown permission com.google.android.voicesearch.SHORTCUTS_ACCESS in package com.google.android.googlequicksearchbox
W/PackageManager( 1566): Unknown permission com.google.android.voicesearch.ACCESS_SETTINGS in package com.google.android.googlequicksearchbox
W/PackageManager( 1566): Unknown permission com.google.android.ears.permission.WRITE in package com.google.android.googlequicksearchbox
W/PackageManager( 1566): Unknown permission com.google.android.apps.googlevoice.permission.AUTO_SEND in package com.google.android.googlequicksearchbox
W/PackageManager( 1566): Unknown permission com.google.android.gm.permission.AUTO_SEND in package com.google.android.googlequicksearchbox
W/PackageManager( 1566): Unknown permission android.permission.REQUEST_DELETE_PACKAGES in package com.google.android.play.games
W/PackageManager( 1566): Unknown permission com.google.android.finsky.permission.BIND_GET_INSTALL_REFERRER_SERVICE in package com.google.android.play.games
W/PackageManager( 1566): Unknown permission com.android.vending.BILLING in package me.ccrama.redditslide
W/PackageManager( 1566): Not granting permission android.permission.DELETE_PACKAGES to package com.svox.pico (protectionLevel=18 flags=0x88be45)
W/PackageManager( 1566): Not granting permission android.permission.DEVICE_POWER to package com.android.deskclock (protectionLevel=2 flags=0xc8be45)
W/PackageManager( 1566): Not granting permission android.permission.READ_DREAM_STATE to package com.google.android.gsf (protectionLevel=2 flags=0x40883e45)
W/PackageManager( 1566): Unknown permission android.permission.FOREGROUND_SERVICE in package ru.yanus171.feedexfork
I/InputReader( 1566): Reconfiguring input devices.  changes=0x00000010
W/Launcher.Model( 2461): Nobody to tell about the new app.  Launcher is probably loading.
D/Documents( 2537): Used cached roots for com.android.providers.downloads.documents
D/Documents( 2537): Used cached roots for com.android.externalstorage.documents
I/PackageManager( 1566):   Action: "android.intent.action.SENDTO"
I/PackageManager( 1566):   Category: "android.intent.category.DEFAULT"
I/PackageManager( 1566):   Scheme: "sms"
D/Documents( 2537): Used cached roots for com.android.providers.media.documents
D/Documents( 2537): Update found 6 roots in 9ms
I/PackageManager( 1566): Adding preferred activity ComponentInfo{com.android.mms/com.android.mms.ui.ComposeMessageActivity} for user 0 :
I/PackageManager( 1566):   Action: "android.intent.action.SENDTO"
I/PackageManager( 1566):   Category: "android.intent.category.DEFAULT"
I/PackageManager( 1566):   Scheme: "smsto"
I/PackageManager( 1566):   Action: "android.intent.action.SENDTO"
I/PackageManager( 1566):   Category: "android.intent.category.DEFAULT"
I/PackageManager( 1566):   Scheme: "mms"
I/PackageManager( 1566): Adding preferred activity ComponentInfo{com.android.mms/com.android.mms.ui.ComposeMessageActivity} for user 0 :
I/PackageManager( 1566): Adding preferred activity ComponentInfo{com.android.mms/com.android.mms.ui.ComposeMessageActivity} for user 0 :
D/dalvikvm( 1705): GC_FOR_ALLOC freed 338K, 14% free 3627K/4216K, paused 2ms, total 3ms
I/PackageManager( 1566):   Action: "android.intent.action.SENDTO"
I/PackageManager( 1566):   Category: "android.intent.category.DEFAULT"
I/PackageManager( 1566):   Scheme: "mmsto"
D/BackupManagerService( 1566): Received broadcast Intent { act=android.intent.action.PACKAGE_ADDED dat=package:ru.yanus171.feedexfork flg=0x4000010 (has extras) }
V/BackupManagerService( 1566): addPackageParticipantsLocked: #1
I/PackageManager( 1566): Adding preferred activity ComponentInfo{com.android.mms/com.android.mms.ui.ComposeMessageActivity} for user 0 :
I/PackageManager( 1566):   Action: "android.intent.action.SENDTO"
I/PackageManager( 1566):   Category: "android.intent.category.DEFAULT"
I/PackageManager( 1566):   Scheme: "sms"
I/PackageManager( 1566):   Action: "android.intent.action.SENDTO"
I/PackageManager( 1566):   Category: "android.intent.category.DEFAULT"
I/PackageManager( 1566):   Scheme: "smsto"
D/dalvikvm( 1946): GC_FOR_ALLOC freed 2037K, 19% free 11232K/13856K, paused 14ms, total 14ms
I/PackageManager( 1566): Adding preferred activity ComponentInfo{com.android.mms/com.android.mms.ui.ComposeMessageActivity} for user 0 :
I/PackageManager( 1566): Adding preferred activity ComponentInfo{com.android.mms/com.android.mms.ui.ComposeMessageActivity} for user 0 :
D/dalvikvm( 1705): GC_FOR_ALLOC freed 338K, 15% free 3624K/4216K, paused 2ms, total 2ms
I/PackageManager( 1566):   Action: "android.intent.action.SENDTO"
I/PackageManager( 1566):   Category: "android.intent.category.DEFAULT"
I/PackageManager( 1566):   Scheme: "mms"
I/PackageManager( 1566): Adding preferred activity ComponentInfo{com.android.mms/com.android.mms.ui.ComposeMessageActivity} for user 0 :
I/PackageManager( 1566):   Action: "android.intent.action.SENDTO"
I/PackageManager( 1566):   Category: "android.intent.category.DEFAULT"
I/PackageManager( 1566):   Scheme: "mmsto"
I/PackageManager( 1566): Adding preferred activity ComponentInfo{com.android.mms/com.android.mms.ui.ComposeMessageActivity} for user 0 :
D/dalvikvm( 1566): GC_EXPLICIT freed 3553K, 39% free 8547K/13836K, paused 0ms+2ms, total 74ms
D/dalvikvm( 1566): WAIT_FOR_CONCURRENT_GC blocked 17ms
D/dalvikvm( 1566): WAIT_FOR_CONCURRENT_GC blocked 14ms
D/dalvikvm( 1566): WAIT_FOR_CONCURRENT_GC blocked 14ms
W/GCM     ( 1688): Unexpected forwarded intent: Intent { act=android.intent.action.PACKAGE_ADDED dat=package:ru.yanus171.feedexfork flg=0x4000010 cmp=com.google.android.gms/.chimera.PersistentIntentOperationService (has extras) }
W/GCM     ( 1688): Unexpected forwarded intent: Intent { act=android.intent.action.PACKAGE_ADDED dat=package:ru.yanus171.feedexfork flg=0x4000010 cmp=com.google.android.gms/.chimera.PersistentIntentOperationService (has extras) }
D/AndroidRuntime( 8044): Shutting down VM
D/dalvikvm( 8044): GC_CONCURRENT freed 93K, 15% free 552K/648K, paused 0ms+0ms, total 0ms
E/GmsClient( 1946): unable to connect to service: com.google.android.gms.auth.key.retrieval.service.START on com.google.android.gms
I/Icing.InternalIcingCorporaProvider( 2209): Updating corpora: A: ru.yanus171.feedexfork, C: MAYBE
W/ActivityManager( 1566): Unable to start service Intent { act=com.google.android.gms.auth.key.retrieval.service.START pkg=com.google.android.gms } U=0: not found
W/ActivityManager( 1566): Unbind failed: could not find connection for android.os.BinderProxy@9d566538
I/Auth    ( 1946): [SupervisedAccountIntentOperation] onHandleIntent(): android.intent.action.PACKAGE_ADDED
I/FontLog ( 1946): Package ru.yanus171.feedexfork has no metadata [CONTEXT service_id=132 ]
I/ChromeSync( 1946): [Sync,SyncIntentOperation] Handling the intent: Intent { act=android.intent.action.PACKAGE_ADDED dat=package:ru.yanus171.feedexfork flg=0x4000010 cmp=com.google.android.gms/.chimera.GmsIntentOperationService (has extras) }.
D/EGL_emulation( 1720): eglMakeCurrent: 0xb7c2f9d0: ver 3 0
W/ContextImpl( 2209): Implicit intents with startService are not safe: Intent { act=com.google.android.gms.icing.INDEX_SERVICE } android.content.ContextWrapper.bindService:517 com.google.android.gms.internal.av.a:-1 com.google.android.gms.internal.au.connect:-1 
I/Icing   ( 1946): IndexChimeraService.getServiceInterface callingPackage=com.google.android.googlequicksearchbox componentName=null serviceId=21
I/ChromeSync( 1946): [Persistence,AffiliationManager] One of affiliation or grouping data for android://KSmUCdTXmQS-j9D_O8l1jvyu41Pjn2mc5cb0Gvx1e9H1Aj4JCzHs_uTW26nbtH65K-YfijtBsQxGp-8R6k6HFg==@ru.yanus171.feedexfork/ was not found. Marking affiliation data as stale...
W/Icing   ( 1946): No valid account for uploading user actions
I/Icing   ( 1946): Usage reports ok 0, Failed Usage reports 0, indexed 0, rejected 0
I/Icing   ( 1946): Indexing com.google.android.gms-internal.3p:MobileApplication from com.google.android.gms using seqno 76
I/Icing   ( 1946): Indexing com.google.android.googlequicksearchbox-applications from com.google.android.googlequicksearchbox
I/Icing   ( 1946): Indexing com.google.android.gms-apps from com.google.android.gms
I/Icing   ( 1946): Indexing done com.google.android.googlequicksearchbox-applications
I/Icing   ( 1946): Indexing done com.google.android.gms-apps
D/AndroidRuntime( 8073): 
D/AndroidRuntime( 8073): >>>>>> AndroidRuntime START com.android.internal.os.RuntimeInit <<<<<<
W/linker  ( 8073): libdvm.so has text relocations. This is wasting memory and is a security risk. Please fix.
D/AndroidRuntime( 8073): CheckJNI is ON
D/dalvikvm( 8073): Trying to load lib libjavacore.so 0x0
D/dalvikvm( 8073): Added shared lib libjavacore.so 0x0
D/dalvikvm( 8073): Trying to load lib libnativehelper.so 0x0
D/dalvikvm( 8073): Added shared lib libnativehelper.so 0x0
D/dalvikvm( 8073): No JNI_OnLoad found in libnativehelper.so 0x0, skipping init
D/dalvikvm( 8073): Note: class Landroid/app/ActivityManagerNative; has 179 unimplemented (abstract) methods
E/memtrack( 8073): Couldn't load memtrack module (No such file or directory)
E/android.os.Debug( 8073): failed to load memtrack module: -2
D/AndroidRuntime( 8073): Calling main entry com.android.commands.pm.Pm
W/ActivityManager( 1566): No content provider found for permission revoke: file:///sdcard/ripper.apk
W/ActivityManager( 1566): No content provider found for permission revoke: file:///sdcard/ripper.apk
I/PackageManager( 1566): Copying native libraries to /data/app-lib/vmdl-1059090236
I/PackageParser( 1566): it.unina.android.ripper: compat added android.permission.WRITE_EXTERNAL_STORAGE android.permission.READ_PHONE_STATE
I/PackageManager( 1566): Running dexopt on: it.unina.android.ripper
W/linker  ( 8084): libdvm.so has text relocations. This is wasting memory and is a security risk. Please fix.
D/dalvikvm( 8084): DexOpt: load 2ms, verify+opt 17ms, 936700 bytes
I/ActivityManager( 1566): Force stopping it.unina.android.ripper appid=10090 user=-1: update pkg
W/Launcher.Model( 2461): Nobody to tell about the new app.  Launcher is probably loading.
I/InputReader( 1566): Reconfiguring input devices.  changes=0x00000010
D/Documents( 2537): Used cached roots for com.android.providers.downloads.documents
D/Documents( 2537): Used cached roots for com.android.externalstorage.documents
D/Documents( 2537): Used cached roots for com.android.providers.media.documents
D/Documents( 2537): Update found 6 roots in 6ms
I/PackageManager( 1566):   Action: "android.intent.action.SENDTO"
I/PackageManager( 1566):   Category: "android.intent.category.DEFAULT"
I/PackageManager( 1566):   Scheme: "sms"
I/PackageManager( 1566): Adding preferred activity ComponentInfo{com.android.mms/com.android.mms.ui.ComposeMessageActivity} for user 0 :
D/dalvikvm( 1705): GC_FOR_ALLOC freed 382K, 15% free 3588K/4216K, paused 2ms, total 2ms
I/PackageManager( 1566):   Action: "android.intent.action.SENDTO"
I/PackageManager( 1566):   Category: "android.intent.category.DEFAULT"
I/PackageManager( 1566):   Scheme: "smsto"
D/BackupManagerService( 1566): Received broadcast Intent { act=android.intent.action.PACKAGE_ADDED dat=package:it.unina.android.ripper flg=0x4000010 (has extras) }
V/BackupManagerService( 1566): addPackageParticipantsLocked: #1
I/PackageManager( 1566): Adding preferred activity ComponentInfo{com.android.mms/com.android.mms.ui.ComposeMessageActivity} for user 0 :
I/PackageManager( 1566):   Action: "android.intent.action.SENDTO"
I/PackageManager( 1566):   Category: "android.intent.category.DEFAULT"
I/PackageManager( 1566):   Scheme: "mms"
I/PackageManager( 1566): Adding preferred activity ComponentInfo{com.android.mms/com.android.mms.ui.ComposeMessageActivity} for user 0 :
D/dalvikvm( 1566): GC_EXPLICIT freed 1315K, 38% free 8625K/13836K, paused 4ms+1ms, total 29ms
D/dalvikvm( 1566): WAIT_FOR_CONCURRENT_GC blocked 10ms
D/dalvikvm( 1566): WAIT_FOR_CONCURRENT_GC blocked 11ms
D/dalvikvm( 1566): WAIT_FOR_CONCURRENT_GC blocked 5ms
D/dalvikvm( 1566): WAIT_FOR_CONCURRENT_GC blocked 12ms
D/AndroidRuntime( 8073): Shutting down VM
D/dalvikvm( 1566): WAIT_FOR_CONCURRENT_GC blocked 14ms
D/dalvikvm( 8073): GC_CONCURRENT freed 93K, 15% free 552K/648K, paused 0ms+0ms, total 0ms
W/GCM     ( 1688): Unexpected forwarded intent: Intent { act=android.intent.action.PACKAGE_ADDED dat=package:it.unina.android.ripper flg=0x4000010 cmp=com.google.android.gms/.chimera.PersistentIntentOperationService (has extras) }
W/GCM     ( 1688): Unexpected forwarded intent: Intent { act=android.intent.action.PACKAGE_ADDED dat=package:it.unina.android.ripper flg=0x4000010 cmp=com.google.android.gms/.chimera.PersistentIntentOperationService (has extras) }
I/Auth    ( 1946): [SupervisedAccountIntentOperation] onHandleIntent(): android.intent.action.PACKAGE_ADDED
I/ChromeSync( 1946): [Sync,SyncIntentOperation] Handling the intent: Intent { act=android.intent.action.PACKAGE_ADDED dat=package:it.unina.android.ripper flg=0x4000010 cmp=com.google.android.gms/.chimera.GmsIntentOperationService (has extras) }.
I/FontLog ( 1946): Package it.unina.android.ripper has no metadata [CONTEXT service_id=132 ]
I/PackageManager( 1566):   Action: "android.intent.action.SENDTO"
I/PackageManager( 1566):   Category: "android.intent.category.DEFAULT"
I/PackageManager( 1566):   Scheme: "mmsto"
I/Icing.InternalIcingCorporaProvider( 2209): Updating corpora: A: it.unina.android.ripper, C: MAYBE
I/PackageManager( 1566):   Action: "android.intent.action.SENDTO"
I/PackageManager( 1566):   Category: "android.intent.category.DEFAULT"
I/PackageManager( 1566):   Scheme: "sms"
I/PackageManager( 1566): Adding preferred activity ComponentInfo{com.android.mms/com.android.mms.ui.ComposeMessageActivity} for user 0 :
I/PackageManager( 1566): Adding preferred activity ComponentInfo{com.android.mms/com.android.mms.ui.ComposeMessageActivity} for user 0 :
I/ChromeSync( 1946): [Persistence,AffiliationManager] One of affiliation or grouping data for android://KSmUCdTXmQS-j9D_O8l1jvyu41Pjn2mc5cb0Gvx1e9H1Aj4JCzHs_uTW26nbtH65K-YfijtBsQxGp-8R6k6HFg==@it.unina.android.ripper/ was not found. Marking affiliation data as stale...
D/dalvikvm( 1705): GC_FOR_ALLOC freed 362K, 14% free 3627K/4216K, paused 4ms, total 5ms
I/Icing   ( 1946): IndexChimeraService.getServiceInterface callingPackage=com.google.android.googlequicksearchbox componentName=null serviceId=21
I/PackageManager( 1566):   Action: "android.intent.action.SENDTO"
I/PackageManager( 1566):   Category: "android.intent.category.DEFAULT"
I/PackageManager( 1566):   Scheme: "smsto"
I/PackageManager( 1566):   Action: "android.intent.action.SENDTO"
I/PackageManager( 1566):   Category: "android.intent.category.DEFAULT"
I/PackageManager( 1566):   Scheme: "mms"
I/PackageManager( 1566): Adding preferred activity ComponentInfo{com.android.mms/com.android.mms.ui.ComposeMessageActivity} for user 0 :
I/PackageManager( 1566): Adding preferred activity ComponentInfo{com.android.mms/com.android.mms.ui.ComposeMessageActivity} for user 0 :
I/PackageManager( 1566):   Action: "android.intent.action.SENDTO"
I/PackageManager( 1566):   Category: "android.intent.category.DEFAULT"
I/PackageManager( 1566):   Scheme: "mmsto"
W/Icing.InternalIcingCorporaProvider( 2209): Application table change notification failed.
D/dalvikvm( 1705): GC_FOR_ALLOC freed 336K, 15% free 3624K/4216K, paused 2ms, total 2ms
I/PackageManager( 1566): Adding preferred activity ComponentInfo{com.android.mms/com.android.mms.ui.ComposeMessageActivity} for user 0 :
W/Icing   ( 1946): No valid account for uploading user actions
I/Icing   ( 1946): Usage reports ok 0, Failed Usage reports 0, indexed 0, rejected 0
I/Icing   ( 1946): Indexing com.google.android.gms-apps from com.google.android.gms
I/Icing   ( 1946): Indexing done com.google.android.gms-apps
D/AndroidRuntime( 8090): 
D/AndroidRuntime( 8090): >>>>>> AndroidRuntime START com.android.internal.os.RuntimeInit <<<<<<
W/linker  ( 8090): libdvm.so has text relocations. This is wasting memory and is a security risk. Please fix.
D/AndroidRuntime( 8090): CheckJNI is ON
D/dalvikvm( 8090): Trying to load lib libjavacore.so 0x0
D/dalvikvm( 8090): Added shared lib libjavacore.so 0x0
D/dalvikvm( 8090): Trying to load lib libnativehelper.so 0x0
D/dalvikvm( 8090): Added shared lib libnativehelper.so 0x0
D/dalvikvm( 8090): No JNI_OnLoad found in libnativehelper.so 0x0, skipping init
D/dalvikvm( 8090): Note: class Landroid/app/ActivityManagerNative; has 179 unimplemented (abstract) methods
E/memtrack( 8090): Couldn't load memtrack module (No such file or directory)
E/android.os.Debug( 8090): failed to load memtrack module: -2
D/AndroidRuntime( 8090): Calling main entry com.android.commands.am.Am
I/ActivityManager( 1566): Force stopping ru.yanus171.feedexfork appid=10089 user=0: start instr
I/ActivityManager( 1566): Start proc ru.yanus171.feedexfork for added application ru.yanus171.feedexfork: pid=8101 uid=10089 gids={50089, 3003, 1028, 1015}
E/dalvikvm( 8101): Could not find class 'android.app.NotificationChannel', referenced from method ru.yanus171.feedexfork.MainApplication.onCreate
W/dalvikvm( 8101): VFY: unable to resolve new-instance 65 (Landroid/app/NotificationChannel;) in Lru/yanus171/feedexfork/MainApplication;
D/dalvikvm( 8101): VFY: replacing opcode 0x22 at 0x0068
D/dalvikvm( 8101): DexOpt: unable to opt direct call 0x01ca at 0x74 in Lru/yanus171/feedexfork/MainApplication;.onCreate
D/dalvikvm( 8101): DexOpt: unable to opt direct call 0x01ca at 0x94 in Lru/yanus171/feedexfork/MainApplication;.onCreate
I/dalvikvm( 8101): Could not find method ru.yanus171.feedexfork.activity.BaseActivity.startForegroundService, referenced from method ru.yanus171.feedexfork.activity.BaseActivity.StartReadingServiceIfNeeded
W/dalvikvm( 8101): VFY: unable to resolve virtual method 53471: Lru/yanus171/feedexfork/activity/BaseActivity;.startForegroundService (Landroid/content/Intent;)Landroid/content/ComponentName;
D/dalvikvm( 8101): VFY: replacing opcode 0x6e at 0x0022
I/dalvikvm( 8101): Could not find method android.widget.ProgressBar.setProgressTintList, referenced from method ru.yanus171.feedexfork.activity.BaseActivity.UpdateHeader
W/dalvikvm( 8101): VFY: unable to resolve virtual method 4331: Landroid/widget/ProgressBar;.setProgressTintList (Landroid/content/res/ColorStateList;)V
D/dalvikvm( 8101): VFY: replacing opcode 0x6e at 0x00b7
I/dalvikvm( 8101): Could not find method android.view.Window.setStatusBarColor, referenced from method ru.yanus171.feedexfork.activity.BaseActivity.onResume
W/dalvikvm( 8101): VFY: unable to resolve virtual method 3280: Landroid/view/Window;.setStatusBarColor (I)V
D/dalvikvm( 8101): VFY: replacing opcode 0x6e at 0x0041
I/dalvikvm( 8101): Could not find method androidx.core.app.ComponentActivity.onRequestPermissionsResult, referenced from method androidx.activity.ComponentActivity.onRequestPermissionsResult
W/dalvikvm( 8101): VFY: unable to resolve virtual method 13552: Landroidx/core/app/ComponentActivity;.onRequestPermissionsResult (I[Ljava/lang/String;[I)V
D/dalvikvm( 8101): VFY: replacing opcode 0x6f at 0x0020
I/dalvikvm( 8101): Could not find method android.content.Context.getExternalMediaDirs, referenced from method androidx.core.content.FileProvider.parsePathStrategy
W/dalvikvm( 8101): VFY: unable to resolve virtual method 721: Landroid/content/Context;.getExternalMediaDirs ()[Ljava/io/File;
D/dalvikvm( 8101): VFY: replacing opcode 0x6e at 0x009d
I/dalvikvm( 8101): Could not find method android.content.Context.createDeviceProtectedStorageContext, referenced from method androidx.core.content.ContextCompat.createDeviceProtectedStorageContext
W/dalvikvm( 8101): VFY: unable to resolve virtual method 704: Landroid/content/Context;.createDeviceProtectedStorageContext ()Landroid/content/Context;
D/dalvikvm( 8101): VFY: replacing opcode 0x6e at 0x0006
I/dalvikvm( 8101): Could not find method android.content.Context.getCodeCacheDir, referenced from method androidx.core.content.ContextCompat.getCodeCacheDir
W/dalvikvm( 8101): VFY: unable to resolve virtual method 711: Landroid/content/Context;.getCodeCacheDir ()Ljava/io/File;
D/dalvikvm( 8101): VFY: replacing opcode 0x6e at 0x0006
I/dalvikvm( 8101): Could not find method android.content.Context.getColor, referenced from method androidx.core.content.ContextCompat.getColor
W/dalvikvm( 8101): VFY: unable to resolve virtual method 712: Landroid/content/Context;.getColor (I)I
D/dalvikvm( 8101): VFY: replacing opcode 0x6e at 0x0006
I/dalvikvm( 8101): Could not find method android.content.Context.getColorStateList, referenced from method androidx.core.content.ContextCompat.getColorStateList
W/dalvikvm( 8101): VFY: unable to resolve virtual method 713: Landroid/content/Context;.getColorStateList (I)Landroid/content/res/ColorStateList;
D/dalvikvm( 8101): VFY: replacing opcode 0x6e at 0x0006
I/dalvikvm( 8101): Could not find method android.content.Context.getDataDir, referenced from method androidx.core.content.ContextCompat.getDataDir
W/dalvikvm( 8101): VFY: unable to resolve virtual method 715: Landroid/content/Context;.getDataDir ()Ljava/io/File;
D/dalvikvm( 8101): VFY: replacing opcode 0x6e at 0x0006
I/dalvikvm( 8101): Could not find method android.content.Context.getDrawable, referenced from method androidx.core.content.ContextCompat.getDrawable
W/dalvikvm( 8101): VFY: unable to resolve virtual method 716: Landroid/content/Context;.getDrawable (I)Landroid/graphics/drawable/Drawable;
D/dalvikvm( 8101): VFY: replacing opcode 0x6e at 0x0006
I/dalvikvm( 8101): Could not find method android.content.Context.getMainExecutor, referenced from method androidx.core.content.ContextCompat.getMainExecutor
W/dalvikvm( 8101): VFY: unable to resolve virtual method 723: Landroid/content/Context;.getMainExecutor ()Ljava/util/concurrent/Executor;
D/dalvikvm( 8101): VFY: replacing opcode 0x6e at 0x0006
I/dalvikvm( 8101): Could not find method android.content.Context.getNoBackupFilesDir, referenced from method androidx.core.content.ContextCompat.getNoBackupFilesDir
W/dalvikvm( 8101): VFY: unable to resolve virtual method 725: Landroid/content/Context;.getNoBackupFilesDir ()Ljava/io/File;
D/dalvikvm( 8101): VFY: replacing opcode 0x6e at 0x0006
I/dalvikvm( 8101): Could not find method android.content.Context.getSystemService, referenced from method androidx.core.content.ContextCompat.getSystemService
W/dalvikvm( 8101): VFY: unable to resolve virtual method 734: Landroid/content/Context;.getSystemService (Ljava/lang/Class;)Ljava/lang/Object;
D/dalvikvm( 8101): VFY: replacing opcode 0x6e at 0x0006
I/dalvikvm( 8101): Could not find method android.content.Context.getSystemServiceName, referenced from method androidx.core.content.ContextCompat.getSystemServiceName
W/dalvikvm( 8101): VFY: unable to resolve virtual method 736: Landroid/content/Context;.getSystemServiceName (Ljava/lang/Class;)Ljava/lang/String;
D/dalvikvm( 8101): VFY: replacing opcode 0x6e at 0x0006
I/dalvikvm( 8101): Could not find method android.content.Context.isDeviceProtectedStorage, referenced from method androidx.core.content.ContextCompat.isDeviceProtectedStorage
W/dalvikvm( 8101): VFY: unable to resolve virtual method 739: Landroid/content/Context;.isDeviceProtectedStorage ()Z
D/dalvikvm( 8101): VFY: replacing opcode 0x6e at 0x0006
I/dalvikvm( 8101): Could not find method android.content.Context.startForegroundService, referenced from method androidx.core.content.ContextCompat.startForegroundService
W/dalvikvm( 8101): VFY: unable to resolve virtual method 756: Landroid/content/Context;.startForegroundService (Landroid/content/Intent;)Landroid/content/ComponentName;
D/dalvikvm( 8101): VFY: replacing opcode 0x6e at 0x0006
W/dalvikvm( 8101): Unable to resolve superclass of Lru/yanus171/feedexfork/service/AutoJobService; (88)
W/dalvikvm( 8101): Link of class 'Lru/yanus171/feedexfork/service/AutoJobService;' failed
I/dalvikvm( 8101): Could not find method ru.yanus171.feedexfork.service.AutoJobService.init, referenced from method ru.yanus171.feedexfork.activity.HomeActivity.onCreate
W/dalvikvm( 8101): VFY: unable to resolve static method 54757: Lru/yanus171/feedexfork/service/AutoJobService;.init (Landroid/content/Context;)V
D/dalvikvm( 8101): VFY: replacing opcode 0x71 at 0x00c6
I/TestRunner( 8101): started: testApplication(it.unina.android.ripper.RipperTestCase)
I/dalvikvm( 8101): Could not find method android.content.Context.startForegroundService, referenced from method ru.yanus171.feedexfork.service.FetcherService.StartService
W/dalvikvm( 8101): VFY: unable to resolve virtual method 756: Landroid/content/Context;.startForegroundService (Landroid/content/Intent;)Landroid/content/ComponentName;
D/dalvikvm( 8101): VFY: replacing opcode 0x6e at 0x0071
V/AndroidRipperService( 8012): onBind()
V/AndroidRipperService( 8012): onBind()
I/ActivityManager( 1566): START u0 {act=android.intent.action.MAIN flg=0x10000000 cmp=ru.yanus171.feedexfork/.activity.HomeActivity} from pid 8101
D/dalvikvm( 8101): GC_CONCURRENT freed 251K, 10% free 3134K/3452K, paused 6ms+1ms, total 9ms
D/dalvikvm( 1566): GC_FOR_ALLOC freed 1296K, 39% free 8534K/13836K, paused 14ms, total 14ms
D/gralloc_ranchu( 1143): gralloc_alloc: Creating ashmem region of size 7753728
I/dalvikvm( 8101): Could not find method android.app.Notification$Builder.<init>, referenced from method ru.yanus171.feedexfork.view.StatusText.GetNotification
W/dalvikvm( 8101): VFY: unable to resolve direct method 367: Landroid/app/Notification$Builder;.<init> (Landroid/content/Context;Ljava/lang/String;)V
D/dalvikvm( 8101): VFY: replacing opcode 0x70 at 0x002b
V/AndroidRipperService( 8012): register()
I/dalvikvm( 8101): Could not find method android.os.Handler.createAsync, referenced from method androidx.arch.core.executor.DefaultTaskExecutor.createAsync
W/dalvikvm( 8101): VFY: unable to resolve static method 1838: Landroid/os/Handler;.createAsync (Landroid/os/Looper;)Landroid/os/Handler;
D/dalvikvm( 8101): VFY: replacing opcode 0x71 at 0x0006
I/dalvikvm( 8101): Could not find method android.graphics.drawable.Drawable.inflate, referenced from method androidx.appcompat.widget.ResourceManagerInternal$DrawableDelegate.createFromXmlInner
W/dalvikvm( 8101): VFY: unable to resolve virtual method 1528: Landroid/graphics/drawable/Drawable;.inflate (Landroid/content/res/Resources;Lorg/xmlpull/v1/XmlPullParser;Landroid/util/AttributeSet;Landroid/content/res/Resources$Theme;)V
D/dalvikvm( 8101): VFY: replacing opcode 0x6e at 0x0030
I/dalvikvm( 8101): Could not find method android.view.Window$Callback.onPointerCaptureChanged, referenced from method androidx.appcompat.view.WindowCallbackWrapper.onPointerCaptureChanged
W/dalvikvm( 8101): VFY: unable to resolve interface method 3244: Landroid/view/Window$Callback;.onPointerCaptureChanged (Z)V
D/dalvikvm( 8101): VFY: replacing opcode 0x72 at 0x0002
I/dalvikvm( 8101): Could not find method android.view.Window$Callback.onProvideKeyboardShortcuts, referenced from method androidx.appcompat.view.WindowCallbackWrapper.onProvideKeyboardShortcuts
W/dalvikvm( 8101): VFY: unable to resolve interface method 3246: Landroid/view/Window$Callback;.onProvideKeyboardShortcuts (Ljava/util/List;Landroid/view/Menu;I)V
D/dalvikvm( 8101): VFY: replacing opcode 0x72 at 0x0002
W/dalvikvm( 8101): VFY: unable to find class referenced in signature (Landroid/view/SearchEvent;)
I/dalvikvm( 8101): Could not find method android.view.Window$Callback.onSearchRequested, referenced from method androidx.appcompat.view.WindowCallbackWrapper.onSearchRequested
W/dalvikvm( 8101): VFY: unable to resolve interface method 3248: Landroid/view/Window$Callback;.onSearchRequested (Landroid/view/SearchEvent;)Z
D/dalvikvm( 8101): VFY: replacing opcode 0x72 at 0x0002
I/dalvikvm( 8101): Could not find method android.view.Window$Callback.onWindowStartingActionMode, referenced from method androidx.appcompat.view.WindowCallbackWrapper.onWindowStartingActionMode
W/dalvikvm( 8101): VFY: unable to resolve interface method 3252: Landroid/view/Window$Callback;.onWindowStartingActionMode (Landroid/view/ActionMode$Callback;I)Landroid/view/ActionMode;
D/dalvikvm( 8101): VFY: replacing opcode 0x72 at 0x0002
I/dalvikvm( 8101): Could not find method android.content.res.TypedArray.getChangingConfigurations, referenced from method androidx.appcompat.widget.TintTypedArray.getChangingConfigurations
W/dalvikvm( 8101): VFY: unable to resolve virtual method 1045: Landroid/content/res/TypedArray;.getChangingConfigurations ()I
D/dalvikvm( 8101): VFY: replacing opcode 0x6e at 0x0002
I/dalvikvm( 8101): Could not find method android.content.res.TypedArray.getType, referenced from method androidx.appcompat.widget.TintTypedArray.getType
W/dalvikvm( 8101): VFY: unable to resolve virtual method 1067: Landroid/content/res/TypedArray;.getType (I)I
D/dalvikvm( 8101): VFY: replacing opcode 0x6e at 0x0008
E/SQLiteLog( 8101): (1) no such table: entrylabel
W/dalvikvm( 8101): threadid=12: thread exiting with uncaught exception (group=0x9cd1fb20)
D/dalvikvm( 8101): GC_CONCURRENT freed 266K, 9% free 3318K/3628K, paused 3ms+2ms, total 8ms
E/HandyNewsLog( 8101): UNCAUGHT EXCEPTION
E/HandyNewsLog( 8101): -------------------
E/HandyNewsLog( 8101): Stacktrace:
E/HandyNewsLog( 8101): android.database.sqlite.SQLiteException: no such table: entrylabel (code 1): , while compiling: SELECT entry_id, label_id FROM entrylabel
E/HandyNewsLog( 8101): 	at android.database.sqlite.SQLiteConnection.nativePrepareStatement(Native Method)
E/HandyNewsLog( 8101): 	at android.database.sqlite.SQLiteConnection.acquirePreparedStatement(SQLiteConnection.java:889)
E/HandyNewsLog( 8101): 	at android.database.sqlite.SQLiteConnection.prepare(SQLiteConnection.java:500)
E/HandyNewsLog( 8101): 	at android.database.sqlite.SQLiteSession.prepare(SQLiteSession.java:588)
E/HandyNewsLog( 8101): 	at android.database.sqlite.SQLiteProgram.<init>(SQLiteProgram.java:58)
E/HandyNewsLog( 8101): 	at android.database.sqlite.SQLiteQuery.<init>(SQLiteQuery.java:37)
E/HandyNewsLog( 8101): 	at android.database.sqlite.SQLiteDirectCursorDriver.query(SQLiteDirectCursorDriver.java:44)
E/HandyNewsLog( 8101): 	at android.database.sqlite.SQLiteDatabase.rawQueryWithFactory(SQLiteDatabase.java:1314)
E/HandyNewsLog( 8101): 	at android.database.sqlite.SQLiteQueryBuilder.query(SQLiteQueryBuilder.java:400)
E/HandyNewsLog( 8101): 	at android.database.sqlite.SQLiteQueryBuilder.query(SQLiteQueryBuilder.java:294)
E/HandyNewsLog( 8101): 	at ru.yanus171.feedexfork.provider.FeedDataContentProvider.query(FeedDataContentProvider.java:414)
E/HandyNewsLog( 8101): 	at android.content.ContentProvider.query(ContentProvider.java:857)
E/HandyNewsLog( 8101): 	at ru.yanus171.feedexfork.provider.FeedDataContentProvider.query(FeedDataContentProvider.java:103)
E/HandyNewsLog( 8101): 	at android.content.ContentProvider$Transport.query(ContentProvider.java:200)
E/HandyNewsLog( 8101): 	at android.content.ContentResolver.query(ContentResolver.java:461)
E/HandyNewsLog( 8101): 	at android.content.ContentResolver.query(ContentResolver.java:404)
E/HandyNewsLog( 8101): 	at ru.yanus171.feedexfork.utils.LabelVoc.init_(LabelVoc.kt:90)
E/HandyNewsLog( 8101): 	at ru.yanus171.feedexfork.utils.LabelVoc.access$init_(LabelVoc.kt:63)
E/HandyNewsLog( 8101): 	at ru.yanus171.feedexfork.utils.LabelVoc$initInThread$2.run(LabelVoc.kt:194)
E/HandyNewsLog( 8101): 	at java.lang.Thread.run(Thread.java:841)
E/HandyNewsLog( 8101): 
E/HandyNewsLog( 8101): -------------------
E/HandyNewsLog( 8101): Version : 0.16.1
E/HandyNewsLog( 8101): Version Code: 235
E/HandyNewsLog( 8101): Package : ru.yanus171.feedexfork
E/HandyNewsLog( 8101): FilePath : /data/data/ru.yanus171.feedexfork/files
E/HandyNewsLog( 8101): Phone Model: Android SDK built for x86
E/HandyNewsLog( 8101): Android Version : 4.4.2
E/HandyNewsLog( 8101): User : android-build
E/HandyNewsLog( 8101): Total Internal memory : 790536192
E/HandyNewsLog( 8101): Available Internal memory : 509038592
E/HandyNewsLog( 8101): -------------------
W/System.err( 8101): android.database.sqlite.SQLiteException: no such table: entrylabel (code 1): , while compiling: SELECT entry_id, label_id FROM entrylabel
W/System.err( 8101): 	at android.database.sqlite.SQLiteConnection.nativePrepareStatement(Native Method)
W/System.err( 8101): 	at android.database.sqlite.SQLiteConnection.acquirePreparedStatement(SQLiteConnection.java:889)
W/System.err( 8101): 	at android.database.sqlite.SQLiteConnection.prepare(SQLiteConnection.java:500)
W/System.err( 8101): 	at android.database.sqlite.SQLiteSession.prepare(SQLiteSession.java:588)
W/System.err( 8101): 	at android.database.sqlite.SQLiteProgram.<init>(SQLiteProgram.java:58)
W/System.err( 8101): 	at android.database.sqlite.SQLiteQuery.<init>(SQLiteQuery.java:37)
W/System.err( 8101): 	at android.database.sqlite.SQLiteDirectCursorDriver.query(SQLiteDirectCursorDriver.java:44)
W/System.err( 8101): 	at android.database.sqlite.SQLiteDatabase.rawQueryWithFactory(SQLiteDatabase.java:1314)
W/System.err( 8101): 	at android.database.sqlite.SQLiteQueryBuilder.query(SQLiteQueryBuilder.java:400)
W/System.err( 8101): 	at android.database.sqlite.SQLiteQueryBuilder.query(SQLiteQueryBuilder.java:294)
W/System.err( 8101): 	at ru.yanus171.feedexfork.provider.FeedDataContentProvider.query(FeedDataContentProvider.java:414)
W/System.err( 8101): 	at android.content.ContentProvider.query(ContentProvider.java:857)
I/dalvikvm( 8101): Could not find method android.view.View.addKeyboardNavigationClusters, referenced from method androidx.core.view.ViewCompat.addKeyboardNavigationClusters
W/dalvikvm( 8101): VFY: unable to resolve virtual method 2692: Landroid/view/View;.addKeyboardNavigationClusters (Ljava/util/Collection;I)V
D/dalvikvm( 8101): VFY: replacing opcode 0x6e at 0x0006
I/dalvikvm( 8101): Could not find method android.view.View.cancelDragAndDrop, referenced from method androidx.core.view.ViewCompat.cancelDragAndDrop
W/dalvikvm( 8101): VFY: unable to resolve virtual method 2701: Landroid/view/View;.cancelDragAndDrop ()V
D/dalvikvm( 8101): VFY: replacing opcode 0x6e at 0x0006
W/dalvikvm( 8101): VFY: unable to find class referenced in signature (Landroid/view/WindowInsets;)
I/dalvikvm( 8101): Could not find method android.view.View.dispatchApplyWindowInsets, referenced from method androidx.core.view.ViewCompat.dispatchApplyWindowInsets
W/dalvikvm( 8101): VFY: unable to resolve virtual method 2709: Landroid/view/View;.dispatchApplyWindowInsets (Landroid/view/WindowInsets;)Landroid/view/WindowInsets;
D/dalvikvm( 8101): VFY: replacing opcode 0x6e at 0x000c
I/dalvikvm( 8101): Could not find method android.view.View.dispatchNestedFling, referenced from method androidx.core.view.ViewCompat.dispatchNestedFling
W/dalvikvm( 8101): VFY: unable to resolve virtual method 2715: Landroid/view/View;.dispatchNestedFling (FFZ)Z
D/dalvikvm( 8101): VFY: replacing opcode 0x6e at 0x0006
I/dalvikvm( 8101): Could not find method android.view.View.dispatchNestedPreFling, referenced from method androidx.core.view.ViewCompat.dispatchNestedPreFling
W/dalvikvm( 8101): VFY: unable to resolve virtual method 2716: Landroid/view/View;.dispatchNestedPreFling (FF)Z
D/dalvikvm( 8101): VFY: replacing opcode 0x6e at 0x0006
W/System.err( 8101): 	at ru.yanus171.feedexfork.provider.FeedDataContentProvider.query(FeedDataContentProvider.java:103)
I/dalvikvm( 8101): Could not find method android.view.View.dispatchNestedPreScroll, referenced from method androidx.core.view.ViewCompat.dispatchNestedPreScroll
W/dalvikvm( 8101): VFY: unable to resolve virtual method 2717: Landroid/view/View;.dispatchNestedPreScroll (II[I[I)Z
