D/dalvikvm( 1567): GC_EXPLICIT freed 729K, 56% free 8166K/18292K, paused 4ms+34ms, total 95ms
D/dalvikvm( 1834): GC_FOR_ALLOC freed 441K, 17% free 3662K/4392K, paused 2ms, total 2ms
I/Icing   ( 2086): IndexChimeraService.getServiceInterface callingPackage=com.google.android.googlequicksearchbox componentName=null serviceId=21
I/PackageManager( 1567):   Action: "android.intent.action.SENDTO"
I/PackageManager( 1567):   Category: "android.intent.category.DEFAULT"
I/PackageManager( 1567):   Scheme: "mms"
I/Icing   ( 2086): doRemovePackageData it.unina.android.ripper_service
D/AndroidRuntime( 3274): Shutting down VM
I/PackageManager( 1567): Adding preferred activity ComponentInfo{com.android.mms/com.android.mms.ui.ComposeMessageActivity} for user 0 :
D/dalvikvm( 3274): GC_CONCURRENT freed 92K, 15% free 549K/644K, paused 0ms+0ms, total 1ms
I/PackageManager( 1567):   Action: "android.intent.action.SENDTO"
I/PackageManager( 1567):   Category: "android.intent.category.DEFAULT"
I/PackageManager( 1567):   Scheme: "mmsto"
I/PackageManager( 1567): Adding preferred activity ComponentInfo{com.android.mms/com.android.mms.ui.ComposeMessageActivity} for user 0 :
I/LatinIME:LogUtils( 1761): Dictionary info: dictionary = main:en ; version = 42 ; date = 1381226516
I/DownloadManager( 1859): Download 8 starting
W/DownloadManager( 1859): Aborting request for download 8: TYPE_DISALLOWED_BY_REQUESTOR
W/Icing   ( 2086): No valid account for uploading user actions
I/DownloadManager( 1859): Download 8 finished with status WAITING_FOR_NETWORK
I/Icing   ( 2086): Usage reports ok 0, Failed Usage reports 0, indexed 0, rejected 0
I/Icing   ( 2086): Indexing com.google.android.gms-apps from com.google.android.gms
I/Icing   ( 2086): Indexing com.google.android.googlequicksearchbox-applications from com.google.android.googlequicksearchbox
I/Icing   ( 2086): Indexing com.google.android.gms-internal.3p:MobileApplication from com.google.android.gms
I/Icing   ( 2086): Indexing done com.google.android.gms-apps
I/Icing   ( 2086): Indexing done com.google.android.googlequicksearchbox-applications
D/dalvikvm( 1775): GC_FOR_ALLOC freed 1732K, 25% free 10307K/13568K, paused 14ms, total 14ms
I/Icing   ( 2086): Indexing done com.google.android.gms-internal.3p:MobileApplication
D/AndroidRuntime( 3303): 
D/AndroidRuntime( 3303): >>>>>> AndroidRuntime START com.android.internal.os.RuntimeInit <<<<<<
W/linker  ( 3303): libdvm.so has text relocations. This is wasting memory and is a security risk. Please fix.
D/AndroidRuntime( 3303): CheckJNI is ON
D/dalvikvm( 3303): Trying to load lib libjavacore.so 0x0
D/dalvikvm( 3303): Added shared lib libjavacore.so 0x0
D/dalvikvm( 3303): Trying to load lib libnativehelper.so 0x0
D/dalvikvm( 3303): Added shared lib libnativehelper.so 0x0
D/dalvikvm( 3303): No JNI_OnLoad found in libnativehelper.so 0x0, skipping init
D/dalvikvm( 3303): Note: class Landroid/app/ActivityManagerNative; has 179 unimplemented (abstract) methods
E/memtrack( 3303): Couldn't load memtrack module (No such file or directory)
E/android.os.Debug( 3303): failed to load memtrack module: -2
D/AndroidRuntime( 3303): Calling main entry com.android.commands.pm.Pm
W/ActivityManager( 1567): No content provider found for permission revoke: file:///data/local/tmp/AndroidRipperService.apk
W/ActivityManager( 1567): No content provider found for permission revoke: file:///data/local/tmp/AndroidRipperService.apk
I/PackageManager( 1567): Copying native libraries to /data/app-lib/vmdl-2005245340
I/PackageParser( 1567): it.unina.android.ripper_service: compat added android.permission.WRITE_EXTERNAL_STORAGE android.permission.READ_PHONE_STATE
I/PackageManager( 1567): Running dexopt on: it.unina.android.ripper_service
W/linker  ( 3314): libdvm.so has text relocations. This is wasting memory and is a security risk. Please fix.
D/dalvikvm( 3314): DexOpt: load 4ms, verify+opt 21ms, 1117628 bytes
I/ActivityManager( 1567): Force stopping it.unina.android.ripper_service appid=10060 user=-1: update pkg
I/PackageManager( 1567):   Action: "android.intent.action.SENDTO"
I/PackageManager( 1567):   Category: "android.intent.category.DEFAULT"
I/PackageManager( 1567):   Scheme: "sms"
W/Launcher.Model( 2207): Nobody to tell about the new app.  Launcher is probably loading.
I/PackageManager( 1567): Adding preferred activity ComponentInfo{com.android.mms/com.android.mms.ui.ComposeMessageActivity} for user 0 :
D/dalvikvm( 1567): GC_EXPLICIT freed 1433K, 57% free 8031K/18292K, paused 5ms+0ms, total 14ms
D/dalvikvm( 1567): WAIT_FOR_CONCURRENT_GC blocked 10ms
D/Documents( 3150): Used cached roots for com.android.providers.downloads.documents
D/Documents( 3150): Used cached roots for com.android.externalstorage.documents
D/Documents( 3150): Used cached roots for com.android.providers.media.documents
D/Documents( 3150): Update found 6 roots in 20ms
D/dalvikvm( 1567): WAIT_FOR_CONCURRENT_GC blocked 10ms
D/dalvikvm( 1567): WAIT_FOR_CONCURRENT_GC blocked 11ms
D/dalvikvm( 1567): WAIT_FOR_CONCURRENT_GC blocked 11ms
D/dalvikvm( 1567): WAIT_FOR_CONCURRENT_GC blocked 12ms
I/InputReader( 1567): Reconfiguring input devices.  changes=0x00000010
I/PackageManager( 1567):   Action: "android.intent.action.SENDTO"
I/PackageManager( 1567):   Category: "android.intent.category.DEFAULT"
I/PackageManager( 1567):   Scheme: "smsto"
D/AndroidRuntime( 3303): Shutting down VM
D/dalvikvm( 3303): GC_CONCURRENT freed 93K, 15% free 552K/648K, paused 2ms+0ms, total 2ms
I/PackageManager( 1567): Adding preferred activity ComponentInfo{com.android.mms/com.android.mms.ui.ComposeMessageActivity} for user 0 :
D/BackupManagerService( 1567): Received broadcast Intent { act=android.intent.action.PACKAGE_ADDED dat=package:it.unina.android.ripper_service flg=0x4000010 (has extras) }
D/dalvikvm( 1834): GC_FOR_ALLOC freed 455K, 18% free 3626K/4392K, paused 2ms, total 2ms
V/BackupManagerService( 1567): addPackageParticipantsLocked: #1
I/PackageManager( 1567):   Action: "android.intent.action.SENDTO"
I/PackageManager( 1567):   Category: "android.intent.category.DEFAULT"
I/PackageManager( 1567):   Scheme: "mms"
W/GCM     ( 1775): Unexpected forwarded intent: Intent { act=android.intent.action.PACKAGE_ADDED dat=package:it.unina.android.ripper_service flg=0x4000010 cmp=com.google.android.gms/.chimera.PersistentIntentOperationService (has extras) }
W/GCM     ( 1775): Unexpected forwarded intent: Intent { act=android.intent.action.PACKAGE_ADDED dat=package:it.unina.android.ripper_service flg=0x4000010 cmp=com.google.android.gms/.chimera.PersistentIntentOperationService (has extras) }
I/Auth    ( 2086): [SupervisedAccountIntentOperation] onHandleIntent(): android.intent.action.PACKAGE_ADDED
I/FontLog ( 2086): Package it.unina.android.ripper_service has no metadata [CONTEXT service_id=132 ]
I/PackageManager( 1567): Adding preferred activity ComponentInfo{com.android.mms/com.android.mms.ui.ComposeMessageActivity} for user 0 :
I/ChromeSync( 2086): [Sync,SyncIntentOperation] Handling the intent: Intent { act=android.intent.action.PACKAGE_ADDED dat=package:it.unina.android.ripper_service flg=0x4000010 cmp=com.google.android.gms/.chimera.GmsIntentOperationService (has extras) }.
E/GmsClient( 2086): unable to connect to service: com.google.android.gms.auth.key.retrieval.service.START on com.google.android.gms
I/PackageManager( 1567):   Action: "android.intent.action.SENDTO"
I/PackageManager( 1567):   Category: "android.intent.category.DEFAULT"
I/PackageManager( 1567):   Scheme: "mmsto"
I/Icing.InternalIcingCorporaProvider( 2174): Updating corpora: A: it.unina.android.ripper_service, C: MAYBE
I/PackageManager( 1567):   Action: "android.intent.action.SENDTO"
I/PackageManager( 1567):   Category: "android.intent.category.DEFAULT"
W/ActivityManager( 1567): Unable to start service Intent { act=com.google.android.gms.auth.key.retrieval.service.START pkg=com.google.android.gms } U=0: not found
W/ActivityManager( 1567): Unbind failed: could not find connection for android.os.BinderProxy@9d3eae30
I/PackageManager( 1567): Adding preferred activity ComponentInfo{com.android.mms/com.android.mms.ui.ComposeMessageActivity} for user 0 :
I/PackageManager( 1567): Adding preferred activity ComponentInfo{com.android.mms/com.android.mms.ui.ComposeMessageActivity} for user 0 :
I/PackageManager( 1567):   Scheme: "sms"
I/PackageManager( 1567):   Action: "android.intent.action.SENDTO"
I/PackageManager( 1567):   Category: "android.intent.category.DEFAULT"
I/PackageManager( 1567):   Scheme: "smsto"
I/PackageManager( 1567): Adding preferred activity ComponentInfo{com.android.mms/com.android.mms.ui.ComposeMessageActivity} for user 0 :
D/dalvikvm( 1834): GC_FOR_ALLOC freed 427K, 17% free 3660K/4392K, paused 1ms, total 1ms
I/PackageManager( 1567):   Action: "android.intent.action.SENDTO"
I/PackageManager( 1567):   Category: "android.intent.category.DEFAULT"
I/PackageManager( 1567):   Scheme: "mms"
I/PackageManager( 1567): Adding preferred activity ComponentInfo{com.android.mms/com.android.mms.ui.ComposeMessageActivity} for user 0 :
I/PackageManager( 1567):   Action: "android.intent.action.SENDTO"
I/PackageManager( 1567):   Category: "android.intent.category.DEFAULT"
I/PackageManager( 1567):   Scheme: "mmsto"
I/PackageManager( 1567): Adding preferred activity ComponentInfo{com.android.mms/com.android.mms.ui.ComposeMessageActivity} for user 0 :
D/dalvikvm( 2086): GC_FOR_ALLOC freed 1795K, 13% free 21529K/24484K, paused 43ms, total 43ms
I/Icing   ( 2086): IndexChimeraService.getServiceInterface callingPackage=com.google.android.googlequicksearchbox componentName=null serviceId=21
I/ChromeSync( 2086): [Persistence,AffiliationManager] One of affiliation or grouping data for android://KSmUCdTXmQS-j9D_O8l1jvyu41Pjn2mc5cb0Gvx1e9H1Aj4JCzHs_uTW26nbtH65K-YfijtBsQxGp-8R6k6HFg==@it.unina.android.ripper_service/ was not found. Marking affiliation data as stale...
D/dalvikvm( 1567): GC_FOR_ALLOC freed 1330K, 57% free 7964K/18292K, paused 9ms, total 10ms
W/Icing   ( 2086): No valid account for uploading user actions
I/Icing   ( 2086): Usage reports ok 0, Failed Usage reports 0, indexed 0, rejected 0
I/Icing   ( 2086): Indexing com.google.android.gms-apps from com.google.android.gms
I/Icing   ( 2086): Indexing com.google.android.googlequicksearchbox-applications from com.google.android.googlequicksearchbox
I/Icing   ( 2086): Indexing done com.google.android.gms-apps
I/Icing   ( 2086): Indexing com.google.android.gms-internal.3p:MobileApplication from com.google.android.gms
I/Icing   ( 2086): Indexing done com.google.android.googlequicksearchbox-applications
I/Icing   ( 2086): Indexing done com.google.android.gms-internal.3p:MobileApplication
D/AndroidRuntime( 3324): 
D/AndroidRuntime( 3324): >>>>>> AndroidRuntime START com.android.internal.os.RuntimeInit <<<<<<
W/linker  ( 3324): libdvm.so has text relocations. This is wasting memory and is a security risk. Please fix.
D/AndroidRuntime( 3324): CheckJNI is ON
D/dalvikvm( 3324): Trying to load lib libjavacore.so 0x0
D/dalvikvm( 3324): Added shared lib libjavacore.so 0x0
D/dalvikvm( 3324): Trying to load lib libnativehelper.so 0x0
D/dalvikvm( 3324): Added shared lib libnativehelper.so 0x0
D/dalvikvm( 3324): No JNI_OnLoad found in libnativehelper.so 0x0, skipping init
D/dalvikvm( 3324): Note: class Landroid/app/ActivityManagerNative; has 179 unimplemented (abstract) methods
E/memtrack( 3324): Couldn't load memtrack module (No such file or directory)
E/android.os.Debug( 3324): failed to load memtrack module: -2
D/AndroidRuntime( 3324): Calling main entry com.android.commands.pm.Pm
D/AndroidRuntime( 3324): Shutting down VM
D/dalvikvm( 3324): GC_CONCURRENT freed 92K, 15% free 547K/644K, paused 0ms+1ms, total 1ms
D/AndroidRuntime( 3335): 
D/AndroidRuntime( 3335): >>>>>> AndroidRuntime START com.android.internal.os.RuntimeInit <<<<<<
W/linker  ( 3335): libdvm.so has text relocations. This is wasting memory and is a security risk. Please fix.
D/AndroidRuntime( 3335): CheckJNI is ON
D/dalvikvm( 3335): Trying to load lib libjavacore.so 0x0
D/dalvikvm( 3335): Added shared lib libjavacore.so 0x0
D/dalvikvm( 3335): Trying to load lib libnativehelper.so 0x0
D/dalvikvm( 3335): Added shared lib libnativehelper.so 0x0
D/dalvikvm( 3335): No JNI_OnLoad found in libnativehelper.so 0x0, skipping init
D/dalvikvm( 3335): Note: class Landroid/app/ActivityManagerNative; has 179 unimplemented (abstract) methods
E/memtrack( 3335): Couldn't load memtrack module (No such file or directory)
E/android.os.Debug( 3335): failed to load memtrack module: -2
D/AndroidRuntime( 3335): Calling main entry com.android.commands.pm.Pm
D/AndroidRuntime( 3335): Shutting down VM
D/dalvikvm( 3335): GC_CONCURRENT freed 92K, 15% free 547K/644K, paused 0ms+0ms, total 0ms
D/AndroidRuntime( 3346): 
D/AndroidRuntime( 3346): >>>>>> AndroidRuntime START com.android.internal.os.RuntimeInit <<<<<<
W/linker  ( 3346): libdvm.so has text relocations. This is wasting memory and is a security risk. Please fix.
D/AndroidRuntime( 3346): CheckJNI is ON
D/dalvikvm( 3346): Trying to load lib libjavacore.so 0x0
D/dalvikvm( 3346): Added shared lib libjavacore.so 0x0
D/dalvikvm( 3346): Trying to load lib libnativehelper.so 0x0
D/dalvikvm( 3346): Added shared lib libnativehelper.so 0x0
D/dalvikvm( 3346): No JNI_OnLoad found in libnativehelper.so 0x0, skipping init
D/dalvikvm( 3346): Note: class Landroid/app/ActivityManagerNative; has 179 unimplemented (abstract) methods
E/memtrack( 3346): Couldn't load memtrack module (No such file or directory)
E/android.os.Debug( 3346): failed to load memtrack module: -2
D/AndroidRuntime( 3346): Calling main entry com.android.commands.am.Am
D/AndroidRuntime( 3346): Shutting down VM
D/dalvikvm( 3346): GC_CONCURRENT freed 93K, 15% free 575K/672K, paused 1ms+0ms, total 1ms
I/ActivityManager( 1567): Start proc it.unina.android.ripper_service:android_ripper_service_process for service it.unina.android.ripper_service/.AndroidRipperService: pid=3357 uid=10060 gids={50060, 3003, 1028, 1015}
V/AndroidRipperService( 3357): onCreate()
V/SERVER  ( 3357): Starting ServerSocket on PORT 18888
V/SERVER  ( 3357): Started ServerSocket on PORT 18888
V/SERVER  ( 3357): Ready to accept connections on port: 18888
I/NetworkScheduler.Stats( 1775): Task com.google.android.gms/com.google.android.gms.auth.account.be.legacy.AuthCronService started execution. cause:4 exec_start_elapsed_seconds: 94 [CONTEXT service_id=218 ]
D/dalvikvm( 1796): GC_EXPLICIT freed 163K, 18% free 6263K/7636K, paused 1ms+1ms, total 5ms
D/dalvikvm( 1775): GC_FOR_ALLOC freed 2044K, 25% free 10311K/13568K, paused 9ms, total 9ms
I/dalvikvm( 1796): Could not find method android.content.Context.getDrawable, referenced from method jk.a
W/dalvikvm( 1796): VFY: unable to resolve virtual method 2472: Landroid/content/Context;.getDrawable (I)Landroid/graphics/drawable/Drawable;
D/dalvikvm( 1796): VFY: replacing opcode 0x6e at 0x0006
I/dalvikvm( 1796): Could not find method android.content.Context.getNoBackupFilesDir, referenced from method jk.b
W/dalvikvm( 1796): VFY: unable to resolve virtual method 2480: Landroid/content/Context;.getNoBackupFilesDir ()Ljava/io/File;
D/dalvikvm( 1796): VFY: replacing opcode 0x6e at 0x0006
I/dalvikvm( 1775): JIT code cache full after ChainingCell (trace uses 104B)
W/dalvikvm( 1796): VFY: unable to find class referenced in signature (Landroid/net/Network;)
W/dalvikvm( 1796): VFY: unable to find class referenced in signature (Landroid/net/Network;)
I/dalvikvm( 1796): Could not find method android.net.Network.openConnection, referenced from method wna.a
W/dalvikvm( 1796): VFY: unable to resolve virtual method 5072: Landroid/net/Network;.openConnection (Ljava/net/URL;)Ljava/net/URLConnection;
D/dalvikvm( 1796): VFY: replacing opcode 0x6e at 0x008f
D/AndroidRuntime( 3381): 
D/AndroidRuntime( 3381): >>>>>> AndroidRuntime START com.android.internal.os.RuntimeInit <<<<<<
W/linker  ( 3381): libdvm.so has text relocations. This is wasting memory and is a security risk. Please fix.
D/AndroidRuntime( 3381): CheckJNI is ON
D/dalvikvm( 3381): Trying to load lib libjavacore.so 0x0
D/dalvikvm( 3381): Added shared lib libjavacore.so 0x0
I/Auth    ( 1796): [ReflectiveChannelBinder] Successfully bound channel!
D/dalvikvm( 3381): Trying to load lib libnativehelper.so 0x0
D/dalvikvm( 3381): Added shared lib libnativehelper.so 0x0
D/dalvikvm( 3381): No JNI_OnLoad found in libnativehelper.so 0x0, skipping init
I/dalvikvm( 1796): Could not find method android.os.PowerManager.isInteractive, referenced from method nol.a
W/dalvikvm( 1796): VFY: unable to resolve virtual method 4227: Landroid/os/PowerManager;.isInteractive ()Z
D/dalvikvm( 1796): VFY: replacing opcode 0x6e at 0x0006
D/dalvikvm( 3381): Note: class Landroid/app/ActivityManagerNative; has 179 unimplemented (abstract) methods
W/ProviderHelper( 1796): Unknown dynamite feature providerinstaller
I/DynamiteModule( 1796): Considering local module providerinstaller:0 and remote module providerinstaller:0
I/DynamiteModule( 1796): Considering local module providerinstaller:0 and remote module providerinstaller:0
W/Conscrypt( 1796): Could not set socket write timeout: java.net.SocketException: Socket closed
W/Conscrypt( 1796): 	at com.google.android.gms.org.conscrypt.Platform.setSocketWriteTimeout(:com.google.android.gms@202414005@20.24.14 (000700-319035315):2)
W/Conscrypt( 1796): 	at com.google.android.gms.org.conscrypt.ConscryptFileDescriptorSocket.setSoWriteTimeout(:com.google.android.gms@202414005@20.24.14 (000700-319035315):0)
E/memtrack( 3381): Couldn't load memtrack module (No such file or directory)
E/android.os.Debug( 3381): failed to load memtrack module: -2
D/AndroidRuntime( 3381): Calling main entry com.android.commands.input.Input
I/Input   ( 3381): injectKeyEvent: KeyEvent { action=ACTION_DOWN, keyCode=KEYCODE_MENU, scanCode=0, metaState=0, flags=0x0, repeatCount=0, eventTime=95328, downTime=95328, deviceId=-1, source=0x101 }
I/Input   ( 3381): injectKeyEvent: KeyEvent { action=ACTION_UP, keyCode=KEYCODE_MENU, scanCode=0, metaState=0, flags=0x0, repeatCount=0, eventTime=95328, downTime=95328, deviceId=-1, source=0x101 }
D/EGL_emulation( 1945): eglMakeCurrent: 0xb894e550: ver 3 0
D/AndroidRuntime( 3381): Shutting down VM
E/SoundPool( 1567): error loading /system/media/audio/ui/Effect_Tick.ogg
W/AudioService( 1567): Soundpool could not load file: /system/media/audio/ui/Effect_Tick.ogg
E/SoundPool( 1567): error loading /system/media/audio/ui/Effect_Tick.ogg
W/AudioService( 1567): Soundpool could not load file: /system/media/audio/ui/Effect_Tick.ogg
E/SoundPool( 1567): error loading /system/media/audio/ui/Effect_Tick.ogg
W/AudioService( 1567): Soundpool could not load file: /system/media/audio/ui/Effect_Tick.ogg
E/SoundPool( 1567): error loading /system/media/audio/ui/Effect_Tick.ogg
W/AudioService( 1567): Soundpool could not load file: /system/media/audio/ui/Effect_Tick.ogg
E/SoundPool( 1567): error loading /system/media/audio/ui/Effect_Tick.ogg
W/AudioService( 1567): Soundpool could not load file: /system/media/audio/ui/Effect_Tick.ogg
E/SoundPool( 1567): error loading /system/media/audio/ui/KeypressStandard.ogg
W/AudioService( 1567): Soundpool could not load file: /system/media/audio/ui/KeypressStandard.ogg
E/SoundPool( 1567): error loading /system/media/audio/ui/KeypressSpacebar.ogg
W/AudioService( 1567): Soundpool could not load file: /system/media/audio/ui/KeypressSpacebar.ogg
E/SoundPool( 1567): error loading /system/media/audio/ui/KeypressDelete.ogg
W/AudioService( 1567): Soundpool could not load file: /system/media/audio/ui/KeypressDelete.ogg
E/SoundPool( 1567): error loading /system/media/audio/ui/KeypressReturn.ogg
W/AudioService( 1567): Soundpool could not load file: /system/media/audio/ui/KeypressReturn.ogg
E/SoundPool( 1567): error loading /system/media/audio/ui/KeypressInvalid.ogg
W/AudioService( 1567): Soundpool could not load file: /system/media/audio/ui/KeypressInvalid.ogg
W/AudioService( 1567): onLoadSoundEffects(), Error -1 while loading samples
D/dalvikvm( 3381): GC_CONCURRENT freed 96K, 15% free 554K/652K, paused 0ms+0ms, total 1ms
W/InputMethodManagerService( 1567): Window already focused, ignoring focus gain of: com.android.internal.view.IInputMethodClient$Stub$Proxy@9d2ac6f8 attribute=null, token = android.os.BinderProxy@9daeaa00
W/Conscrypt( 1796): Could not set socket write timeout: java.net.SocketException: Socket closed
W/Conscrypt( 1796): 	at com.google.android.gms.org.conscrypt.Platform.setSocketWriteTimeout(:com.google.android.gms@202414005@20.24.14 (000700-319035315):2)
W/Conscrypt( 1796): 	at com.google.android.gms.org.conscrypt.ConscryptFileDescriptorSocket.setSoWriteTimeout(:com.google.android.gms@202414005@20.24.14 (000700-319035315):0)
W/GLSUser ( 1796): [AppCertManager] IOException while requesting key: 
W/GLSUser ( 1796): java.io.IOException: Invalid device key response.
W/GLSUser ( 1796): 	at gtl.a(:com.google.android.gms@202414005@20.24.14 (000700-319035315):49)
W/GLSUser ( 1796): 	at gtj.b(:com.google.android.gms@202414005@20.24.14 (000700-319035315):2)
W/GLSUser ( 1796): 	at gte.a(:com.google.android.gms@202414005@20.24.14 (000700-319035315):0)
W/GLSUser ( 1796): 	at gth.a(:com.google.android.gms@202414005@20.24.14 (000700-319035315):10)
W/GLSUser ( 1796): 	at eyt.call(:com.google.android.gms@202414005@20.24.14 (000700-319035315):0)
W/GLSUser ( 1796): 	at java.util.concurrent.FutureTask.run(FutureTask.java:237)
W/GLSUser ( 1796): 	at nlp.b(:com.google.android.gms@202414005@20.24.14 (000700-319035315):12)
W/GLSUser ( 1796): 	at nlp.run(:com.google.android.gms@202414005@20.24.14 (000700-319035315):7)
W/GLSUser ( 1796): 	at java.util.concurrent.ThreadPoolExecutor.runWorker(ThreadPoolExecutor.java:1112)
W/GLSUser ( 1796): 	at java.util.concurrent.ThreadPoolExecutor$Worker.run(ThreadPoolExecutor.java:587)
W/GLSUser ( 1796): 	at nrd.run(:com.google.android.gms@202414005@20.24.14 (000700-319035315):0)
W/GLSUser ( 1796): 	at java.lang.Thread.run(Thread.java:841)
I/NetworkScheduler.Stats( 1775): Task com.google.android.gms/com.google.android.gms.auth.account.be.legacy.AuthCronService finished executing. cause:4 result: 3 elapsed_millis: 498 uptime_millis: 498 exec_start_elapsed_seconds: 94 [CONTEXT service_id=218 ]
I/NetworkScheduler.Stats( 1775): Task com.google.android.gms/com.google.android.gms.clearcut.uploader.QosUploaderService started execution. cause:5 exec_start_elapsed_seconds: 95 [CONTEXT service_id=218 ]
D/dalvikvm( 1796): GC_FOR_ALLOC freed 1006K, 17% free 6370K/7636K, paused 4ms, total 4ms
E/dalvikvm( 1775): Could not find class 'android.system.ErrnoException', referenced from method mck.a
W/dalvikvm( 1775): VFY: unable to resolve instanceof 1082 (Landroid/system/ErrnoException;) in Lmck;
D/dalvikvm( 1775): VFY: replacing opcode 0x20 at 0x000a
W/Conscrypt( 1775): Could not set socket write timeout: java.net.SocketException: Socket closed
W/Conscrypt( 1775): 	at com.google.android.gms.org.conscrypt.Platform.setSocketWriteTimeout(:com.google.android.gms@202414005@20.24.14 (000700-319035315):2)
W/Conscrypt( 1775): 	at com.google.android.gms.org.conscrypt.ConscryptFileDescriptorSocket.setSoWriteTimeout(:com.google.android.gms@202414005@20.24.14 (000700-319035315):0)
W/Conscrypt( 1775): Could not set socket write timeout: java.net.SocketException: Socket closed
W/Conscrypt( 1775): 	at com.google.android.gms.org.conscrypt.Platform.setSocketWriteTimeout(:com.google.android.gms@202414005@20.24.14 (000700-319035315):2)
W/Conscrypt( 1775): 	at com.google.android.gms.org.conscrypt.ConscryptFileDescriptorSocket.setSoWriteTimeout(:com.google.android.gms@202414005@20.24.14 (000700-319035315):0)
D/AndroidRuntime( 3406): 
D/AndroidRuntime( 3406): >>>>>> AndroidRuntime START com.android.internal.os.RuntimeInit <<<<<<
W/linker  ( 3406): libdvm.so has text relocations. This is wasting memory and is a security risk. Please fix.
D/AndroidRuntime( 3406): CheckJNI is ON
D/dalvikvm( 3406): Trying to load lib libjavacore.so 0x0
D/dalvikvm( 3406): Added shared lib libjavacore.so 0x0
D/dalvikvm( 3406): Trying to load lib libnativehelper.so 0x0
D/dalvikvm( 3406): Added shared lib libnativehelper.so 0x0
D/dalvikvm( 3406): No JNI_OnLoad found in libnativehelper.so 0x0, skipping init
D/dalvikvm( 3406): Note: class Landroid/app/ActivityManagerNative; has 179 unimplemented (abstract) methods
E/memtrack( 3406): Couldn't load memtrack module (No such file or directory)
E/android.os.Debug( 3406): failed to load memtrack module: -2
D/dalvikvm( 1775): JIT code cache reset in 0 ms (523180 bytes 2/0)
D/dalvikvm( 1775): GC_FOR_ALLOC freed 2270K, 26% free 10088K/13568K, paused 9ms, total 9ms
D/AndroidRuntime( 3406): Calling main entry com.android.commands.pm.Pm
W/ActivityManager( 1567): No content provider found for permission revoke: file:///sdcard/aut.apk
W/ActivityManager( 1567): No content provider found for permission revoke: file:///sdcard/aut.apk
I/PackageManager( 1567): Copying native libraries to /data/app-lib/vmdl-1412731420
D/dalvikvm( 1567): GC_FOR_ALLOC freed 1099K, 56% free 8112K/18292K, paused 6ms, total 6ms
D/dalvikvm( 1567): GC_FOR_ALLOC freed 1292K, 56% free 8104K/18292K, paused 6ms, total 6ms
I/PackageManager( 1567): Running dexopt on: fr.fdesousa.bikesharinghub
W/linker  ( 3417): libdvm.so has text relocations. This is wasting memory and is a security risk. Please fix.
W/Conscrypt( 1775): Could not set socket write timeout: java.net.SocketException: Socket closed
W/Conscrypt( 1775): 	at com.google.android.gms.org.conscrypt.Platform.setSocketWriteTimeout(:com.google.android.gms@202414005@20.24.14 (000700-319035315):2)
W/Conscrypt( 1775): 	at com.google.android.gms.org.conscrypt.ConscryptFileDescriptorSocket.setSoWriteTimeout(:com.google.android.gms@202414005@20.24.14 (000700-319035315):0)
W/Conscrypt( 1775): Could not set socket write timeout: java.net.SocketException: Socket closed
W/Conscrypt( 1775): 	at com.google.android.gms.org.conscrypt.Platform.setSocketWriteTimeout(:com.google.android.gms@202414005@20.24.14 (000700-319035315):2)
W/Conscrypt( 1775): 	at com.google.android.gms.org.conscrypt.ConscryptFileDescriptorSocket.setSoWriteTimeout(:com.google.android.gms@202414005@20.24.14 (000700-319035315):0)
D/dalvikvm( 3417): DexOpt: load 13ms, verify+opt 90ms, 2584812 bytes
I/ActivityManager( 1567): Force stopping fr.fdesousa.bikesharinghub appid=10061 user=-1: update pkg
D/dalvikvm( 1567): GC_FOR_ALLOC freed 1228K, 56% free 8144K/18292K, paused 6ms, total 6ms
D/Documents( 3150): Used cached roots for com.android.providers.downloads.documents
D/Documents( 3150): Used cached roots for com.android.externalstorage.documents
D/Documents( 3150): Used cached roots for com.android.providers.media.documents
D/Documents( 3150): Update found 6 roots in 1ms
W/Launcher.Model( 2207): Nobody to tell about the new app.  Launcher is probably loading.
I/PackageManager( 1567):   Action: "android.intent.action.SENDTO"
I/PackageManager( 1567):   Category: "android.intent.category.DEFAULT"
I/PackageManager( 1567):   Scheme: "sms"
I/InputReader( 1567): Reconfiguring input devices.  changes=0x00000010
I/PackageManager( 1567):   Action: "android.intent.action.SENDTO"
I/PackageManager( 1567):   Category: "android.intent.category.DEFAULT"
I/PackageManager( 1567):   Scheme: "smsto"
I/PackageManager( 1567): Adding preferred activity ComponentInfo{com.android.mms/com.android.mms.ui.ComposeMessageActivity} for user 0 :
I/PackageManager( 1567): Adding preferred activity ComponentInfo{com.android.mms/com.android.mms.ui.ComposeMessageActivity} for user 0 :
D/BackupManagerService( 1567): Received broadcast Intent { act=android.intent.action.PACKAGE_ADDED dat=package:fr.fdesousa.bikesharinghub flg=0x4000010 (has extras) }
D/dalvikvm( 1834): GC_FOR_ALLOC freed 442K, 18% free 3627K/4392K, paused 1ms, total 1ms
V/BackupManagerService( 1567): addPackageParticipantsLocked: #1
I/PackageManager( 1567):   Action: "android.intent.action.SENDTO"
I/PackageManager( 1567):   Category: "android.intent.category.DEFAULT"
I/PackageManager( 1567):   Scheme: "mms"
W/GCM     ( 1775): Unexpected forwarded intent: Intent { act=android.intent.action.PACKAGE_ADDED dat=package:fr.fdesousa.bikesharinghub flg=0x4000010 cmp=com.google.android.gms/.chimera.PersistentIntentOperationService (has extras) }
I/PackageManager( 1567): Adding preferred activity ComponentInfo{com.android.mms/com.android.mms.ui.ComposeMessageActivity} for user 0 :
I/Auth    ( 2086): [SupervisedAccountIntentOperation] onHandleIntent(): android.intent.action.PACKAGE_ADDED
I/ChromeSync( 2086): [Sync,SyncIntentOperation] Handling the intent: Intent { act=android.intent.action.PACKAGE_ADDED dat=package:fr.fdesousa.bikesharinghub flg=0x4000010 cmp=com.google.android.gms/.chimera.GmsIntentOperationService (has extras) }.
I/FontLog ( 2086): Package fr.fdesousa.bikesharinghub has no metadata [CONTEXT service_id=132 ]
I/PackageManager( 1567):   Action: "android.intent.action.SENDTO"
I/PackageManager( 1567):   Category: "android.intent.category.DEFAULT"
I/PackageManager( 1567):   Scheme: "mmsto"
I/PackageManager( 1567): Adding preferred activity ComponentInfo{com.android.mms/com.android.mms.ui.ComposeMessageActivity} for user 0 :
I/ChromeSync( 2086): [Persistence,AffiliationManager] One of affiliation or grouping data for android://KSmUCdTXmQS-j9D_O8l1jvyu41Pjn2mc5cb0Gvx1e9H1Aj4JCzHs_uTW26nbtH65K-YfijtBsQxGp-8R6k6HFg==@fr.fdesousa.bikesharinghub/ was not found. Marking affiliation data as stale...
I/PackageManager( 1567):   Action: "android.intent.action.SENDTO"
I/PackageManager( 1567):   Category: "android.intent.category.DEFAULT"
I/PackageManager( 1567):   Scheme: "sms"
I/PackageManager( 1567): Adding preferred activity ComponentInfo{com.android.mms/com.android.mms.ui.ComposeMessageActivity} for user 0 :
W/GCM     ( 1775): Unexpected forwarded intent: Intent { act=android.intent.action.PACKAGE_ADDED dat=package:fr.fdesousa.bikesharinghub flg=0x4000010 cmp=com.google.android.gms/.chimera.PersistentIntentOperationService (has extras) }
I/Icing.InternalIcingCorporaProvider( 2174): Updating corpora: A: fr.fdesousa.bikesharinghub, C: MAYBE
I/PackageManager( 1567):   Action: "android.intent.action.SENDTO"
I/PackageManager( 1567):   Category: "android.intent.category.DEFAULT"
I/PackageManager( 1567):   Scheme: "smsto"
I/PackageManager( 1567): Adding preferred activity ComponentInfo{com.android.mms/com.android.mms.ui.ComposeMessageActivity} for user 0 :
D/dalvikvm( 1834): GC_FOR_ALLOC freed 427K, 17% free 3662K/4392K, paused 2ms, total 2ms
D/dalvikvm( 1567): GC_EXPLICIT freed 1240K, 56% free 8198K/18292K, paused 1ms+14ms, total 71ms
I/PackageManager( 1567):   Action: "android.intent.action.SENDTO"
I/PackageManager( 1567):   Category: "android.intent.category.DEFAULT"
I/PackageManager( 1567):   Scheme: "mms"
I/PackageManager( 1567): Adding preferred activity ComponentInfo{com.android.mms/com.android.mms.ui.ComposeMessageActivity} for user 0 :
I/PackageManager( 1567):   Action: "android.intent.action.SENDTO"
I/PackageManager( 1567):   Category: "android.intent.category.DEFAULT"
I/PackageManager( 1567):   Scheme: "mmsto"
D/AndroidRuntime( 3406): Shutting down VM
D/dalvikvm( 3406): GC_CONCURRENT freed 93K, 15% free 552K/648K, paused 0ms+0ms, total 1ms
I/PackageManager( 1567): Adding preferred activity ComponentInfo{com.android.mms/com.android.mms.ui.ComposeMessageActivity} for user 0 :
D/EGL_emulation( 1945): eglMakeCurrent: 0xb894e550: ver 3 0
I/Icing   ( 2086): IndexChimeraService.getServiceInterface callingPackage=com.google.android.googlequicksearchbox componentName=null serviceId=21
W/Icing   ( 2086): No valid account for uploading user actions
I/Icing   ( 2086): Usage reports ok 0, Failed Usage reports 0, indexed 0, rejected 0
I/Icing   ( 2086): Indexing com.google.android.gms-apps from com.google.android.gms
I/NetworkScheduler.Stats( 1775): Task com.google.android.gms/com.google.android.gms.clearcut.uploader.QosUploaderService finished executing. cause:5 result: 1 elapsed_millis: 771 uptime_millis: 771 exec_start_elapsed_seconds: 95 [CONTEXT service_id=218 ]
D/dalvikvm( 2086): GC_FOR_ALLOC freed 2096K, 13% free 21480K/24484K, paused 25ms, total 25ms
I/Icing   ( 2086): Indexing com.google.android.googlequicksearchbox-applications from com.google.android.googlequicksearchbox
I/NetworkScheduler.Stats( 1775): Task com.google.android.gms/com.google.android.gms.chimera.container.ConfigService started execution. cause:5 exec_start_elapsed_seconds: 96 [CONTEXT service_id=218 ]
I/Icing   ( 2086): Indexing done com.google.android.gms-apps
I/Icing   ( 2086): Indexing com.google.android.gms-internal.3p:MobileApplication from com.google.android.gms
I/ChimeraConfigurator( 2086): Starting update, reason: 1 urgentFeatures: 
E/ConfigFileUtils( 2086): Failed to read config file: /data/data/com.google.android.gms/app_chimera/next_container.pb: open failed: ENOENT (No such file or directory)
I/Icing   ( 2086): Indexing done com.google.android.googlequicksearchbox-applications
I/Icing   ( 2086): Indexing done com.google.android.gms-internal.3p:MobileApplication
I/ChmraDebugLogger( 2086): [73] 1801
I/ChmraDebugLogger( 2086): [30] [VisionOcr.optional:202414000700] permitMetered=true,
I/ChimeraConfigService( 2086): Scheduling checkin for one-off execution between [3300,43200] seconds from now (1629038296167)
I/ChimeraConfigService( 2086): Scheduling checkin every 43200 seconds, with flex of 1800 seconds
I/NetworkScheduler.Stats( 1775): Task com.google.android.gms/com.google.android.gms.chimera.container.ConfigService finished executing. cause:5 result: 2 elapsed_millis: 85 uptime_millis: 85 exec_start_elapsed_seconds: 96 [CONTEXT service_id=218 ]
I/NetworkScheduler.Stats( 1775): Task com.google.android.gms/com.google.android.gms.telephonyspam.sync.SpamListSyncTaskService started execution. cause:5 exec_start_elapsed_seconds: 96 [CONTEXT service_id=218 ]
I/TelephonySpam( 2086): TelephonySpamChimeraService - Running Telephony Spam Chimera Service
I/NetworkScheduler.Stats( 1775): Task com.google.android.gms/com.google.android.gms.telephonyspam.sync.SpamListSyncTaskService finished executing. cause:5 result: 2 elapsed_millis: 16 uptime_millis: 15 exec_start_elapsed_seconds: 96 [CONTEXT service_id=218 ]
D/AndroidRuntime( 3427): 
D/AndroidRuntime( 3427): >>>>>> AndroidRuntime START com.android.internal.os.RuntimeInit <<<<<<
W/linker  ( 3427): libdvm.so has text relocations. This is wasting memory and is a security risk. Please fix.
D/AndroidRuntime( 3427): CheckJNI is ON
D/dalvikvm( 3427): Trying to load lib libjavacore.so 0x0
D/dalvikvm( 3427): Added shared lib libjavacore.so 0x0
D/dalvikvm( 3427): Trying to load lib libnativehelper.so 0x0
D/dalvikvm( 3427): Added shared lib libnativehelper.so 0x0
D/dalvikvm( 3427): No JNI_OnLoad found in libnativehelper.so 0x0, skipping init
D/dalvikvm( 3427): Note: class Landroid/app/ActivityManagerNative; has 179 unimplemented (abstract) methods
E/memtrack( 3427): Couldn't load memtrack module (No such file or directory)
E/android.os.Debug( 3427): failed to load memtrack module: -2
D/AndroidRuntime( 3427): Calling main entry com.android.commands.pm.Pm
W/ActivityManager( 1567): No content provider found for permission revoke: file:///sdcard/ripper.apk
W/ActivityManager( 1567): No content provider found for permission revoke: file:///sdcard/ripper.apk
I/PackageManager( 1567): Copying native libraries to /data/app-lib/vmdl-1936232099
I/PackageParser( 1567): it.unina.android.ripper: compat added android.permission.WRITE_EXTERNAL_STORAGE android.permission.READ_PHONE_STATE
I/PackageManager( 1567): Running dexopt on: it.unina.android.ripper
W/linker  ( 3438): libdvm.so has text relocations. This is wasting memory and is a security risk. Please fix.
D/dalvikvm( 3438): DexOpt: load 2ms, verify+opt 18ms, 936700 bytes
I/ActivityManager( 1567): Force stopping it.unina.android.ripper appid=10062 user=-1: update pkg
W/Launcher.Model( 2207): Nobody to tell about the new app.  Launcher is probably loading.
D/Documents( 3150): Used cached roots for com.android.providers.downloads.documents
D/Documents( 3150): Used cached roots for com.android.externalstorage.documents
D/Documents( 3150): Used cached roots for com.android.providers.media.documents
D/Documents( 3150): Update found 6 roots in 2ms
I/PackageManager( 1567):   Action: "android.intent.action.SENDTO"
I/PackageManager( 1567):   Category: "android.intent.category.DEFAULT"
I/PackageManager( 1567):   Scheme: "sms"
I/InputReader( 1567): Reconfiguring input devices.  changes=0x00000010
I/PackageManager( 1567): Adding preferred activity ComponentInfo{com.android.mms/com.android.mms.ui.ComposeMessageActivity} for user 0 :
D/dalvikvm( 1567): GC_EXPLICIT freed 1551K, 57% free 7953K/18292K, paused 1ms+1ms, total 20ms
D/dalvikvm( 1567): WAIT_FOR_CONCURRENT_GC blocked 10ms
D/dalvikvm( 1567): WAIT_FOR_CONCURRENT_GC blocked 6ms
D/dalvikvm( 1567): WAIT_FOR_CONCURRENT_GC blocked 5ms
D/dalvikvm( 1567): WAIT_FOR_CONCURRENT_GC blocked 10ms
D/AndroidRuntime( 3427): Shutting down VM
D/dalvikvm( 3427): GC_CONCURRENT freed 93K, 15% free 552K/648K, paused 0ms+0ms, total 0ms
I/PackageManager( 1567):   Action: "android.intent.action.SENDTO"
I/PackageManager( 1567):   Category: "android.intent.category.DEFAULT"
I/PackageManager( 1567):   Scheme: "smsto"
I/PackageManager( 1567): Adding preferred activity ComponentInfo{com.android.mms/com.android.mms.ui.ComposeMessageActivity} for user 0 :
D/dalvikvm( 1834): GC_FOR_ALLOC freed 445K, 18% free 3627K/4392K, paused 2ms, total 3ms
D/BackupManagerService( 1567): Received broadcast Intent { act=android.intent.action.PACKAGE_ADDED dat=package:it.unina.android.ripper flg=0x4000010 (has extras) }
I/Auth    ( 2086): [SupervisedAccountIntentOperation] onHandleIntent(): android.intent.action.PACKAGE_ADDED
I/PackageManager( 1567):   Action: "android.intent.action.SENDTO"
I/PackageManager( 1567):   Category: "android.intent.category.DEFAULT"
I/PackageManager( 1567):   Scheme: "mms"
I/ChromeSync( 2086): [Sync,SyncIntentOperation] Handling the intent: Intent { act=android.intent.action.PACKAGE_ADDED dat=package:it.unina.android.ripper flg=0x4000010 cmp=com.google.android.gms/.chimera.GmsIntentOperationService (has extras) }.
D/dalvikvm( 1775): GC_FOR_ALLOC freed 2118K, 27% free 10018K/13568K, paused 13ms, total 14ms
W/GCM     ( 1775): Unexpected forwarded intent: Intent { act=android.intent.action.PACKAGE_ADDED dat=package:it.unina.android.ripper flg=0x4000010 cmp=com.google.android.gms/.chimera.PersistentIntentOperationService (has extras) }
V/BackupManagerService( 1567): addPackageParticipantsLocked: #1
I/PackageManager( 1567): Adding preferred activity ComponentInfo{com.android.mms/com.android.mms.ui.ComposeMessageActivity} for user 0 :
W/GCM     ( 1775): Unexpected forwarded intent: Intent { act=android.intent.action.PACKAGE_ADDED dat=package:it.unina.android.ripper flg=0x4000010 cmp=com.google.android.gms/.chimera.PersistentIntentOperationService (has extras) }
I/FontLog ( 2086): Package it.unina.android.ripper has no metadata [CONTEXT service_id=132 ]
W/ActivityManager( 1567): Unable to start service Intent { act=com.google.android.gms.auth.key.retrieval.service.START pkg=com.google.android.gms } U=0: not found
E/GmsClient( 2086): unable to connect to service: com.google.android.gms.auth.key.retrieval.service.START on com.google.android.gms
I/PackageManager( 1567):   Action: "android.intent.action.SENDTO"
I/PackageManager( 1567):   Category: "android.intent.category.DEFAULT"
I/PackageManager( 1567):   Scheme: "mmsto"
I/Icing.InternalIcingCorporaProvider( 2174): Updating corpora: A: it.unina.android.ripper, C: MAYBE
W/ActivityManager( 1567): Unbind failed: could not find connection for android.os.BinderProxy@9d41fde8
I/PackageManager( 1567): Adding preferred activity ComponentInfo{com.android.mms/com.android.mms.ui.ComposeMessageActivity} for user 0 :
I/ChromeSync( 2086): [Persistence,AffiliationManager] One of affiliation or grouping data for android://KSmUCdTXmQS-j9D_O8l1jvyu41Pjn2mc5cb0Gvx1e9H1Aj4JCzHs_uTW26nbtH65K-YfijtBsQxGp-8R6k6HFg==@it.unina.android.ripper/ was not found. Marking affiliation data as stale...
I/PackageManager( 1567):   Action: "android.intent.action.SENDTO"
I/PackageManager( 1567):   Category: "android.intent.category.DEFAULT"
I/PackageManager( 1567):   Scheme: "sms"
I/PackageManager( 1567): Adding preferred activity ComponentInfo{com.android.mms/com.android.mms.ui.ComposeMessageActivity} for user 0 :
I/Icing   ( 2086): Indexing com.google.android.gms-apps from com.google.android.gms
I/PackageManager( 1567):   Action: "android.intent.action.SENDTO"
I/PackageManager( 1567):   Category: "android.intent.category.DEFAULT"
I/PackageManager( 1567):   Scheme: "smsto"
I/Icing   ( 2086): Indexing done com.google.android.gms-apps
I/PackageManager( 1567): Adding preferred activity ComponentInfo{com.android.mms/com.android.mms.ui.ComposeMessageActivity} for user 0 :
D/dalvikvm( 1834): GC_FOR_ALLOC freed 422K, 17% free 3660K/4392K, paused 1ms, total 1ms
I/PackageManager( 1567):   Action: "android.intent.action.SENDTO"
I/PackageManager( 1567):   Category: "android.intent.category.DEFAULT"
I/PackageManager( 1567):   Scheme: "mms"
I/PackageManager( 1567): Adding preferred activity ComponentInfo{com.android.mms/com.android.mms.ui.ComposeMessageActivity} for user 0 :
I/PackageManager( 1567):   Action: "android.intent.action.SENDTO"
I/PackageManager( 1567):   Category: "android.intent.category.DEFAULT"
I/PackageManager( 1567):   Scheme: "mmsto"
I/PackageManager( 1567): Adding preferred activity ComponentInfo{com.android.mms/com.android.mms.ui.ComposeMessageActivity} for user 0 :
D/dalvikvm( 1567): GC_FOR_ALLOC freed 1260K, 57% free 7936K/18292K, paused 8ms, total 8ms
I/Icing   ( 2086): IndexChimeraService.getServiceInterface callingPackage=com.google.android.googlequicksearchbox componentName=null serviceId=21
W/Icing.InternalIcingCorporaProvider( 2174): Application table change notification failed.
W/Icing   ( 2086): No valid account for uploading user actions
I/Icing   ( 2086): Usage reports ok 0, Failed Usage reports 0, indexed 0, rejected 0
D/AndroidRuntime( 3445): 
D/AndroidRuntime( 3445): >>>>>> AndroidRuntime START com.android.internal.os.RuntimeInit <<<<<<
W/linker  ( 3445): libdvm.so has text relocations. This is wasting memory and is a security risk. Please fix.
D/AndroidRuntime( 3445): CheckJNI is ON
D/dalvikvm( 3445): Trying to load lib libjavacore.so 0x0
D/dalvikvm( 3445): Added shared lib libjavacore.so 0x0
D/dalvikvm( 3445): Trying to load lib libnativehelper.so 0x0
D/dalvikvm( 3445): Added shared lib libnativehelper.so 0x0
D/dalvikvm( 3445): No JNI_OnLoad found in libnativehelper.so 0x0, skipping init
D/dalvikvm( 3445): Note: class Landroid/app/ActivityManagerNative; has 179 unimplemented (abstract) methods
E/memtrack( 3445): Couldn't load memtrack module (No such file or directory)
E/android.os.Debug( 3445): failed to load memtrack module: -2
D/AndroidRuntime( 3445): Calling main entry com.android.commands.am.Am
I/ActivityManager( 1567): Force stopping fr.fdesousa.bikesharinghub appid=10061 user=0: start instr
I/ActivityManager( 1567): Start proc fr.fdesousa.bikesharinghub for added application fr.fdesousa.bikesharinghub: pid=3456 uid=10061 gids={50061, 3003}
I/TestRunner( 3456): started: testApplication(it.unina.android.ripper.RipperTestCase)
V/AndroidRipperService( 3357): onBind()
V/AndroidRipperService( 3357): onBind()
V/AndroidRipperService( 3357): register()
I/ActivityManager( 1567): START u0 {act=android.intent.action.MAIN flg=0x10000000 cmp=fr.fdesousa.bikesharinghub/be.brunoparmentier.openbikesharing.app.activities.StationsListActivity} from pid 3456
D/gralloc_ranchu( 1144): gralloc_alloc: Creating ashmem region of size 1323008
D/        ( 1567): HostConnection::get() New Host Connection established 0xb8ad1f60, tid 2538
D/dalvikvm( 1567): GC_FOR_ALLOC freed 463K, 56% free 8129K/18292K, paused 14ms, total 14ms
I/dalvikvm-heap( 1567): Grow heap (frag case) to 8.750MB for 656856-byte allocation
D/dalvikvm( 1567): GC_FOR_ALLOC freed 2K, 54% free 8768K/18936K, paused 8ms, total 8ms
D/dalvikvm( 1567): GC_FOR_ALLOC freed 29K, 54% free 8745K/18936K, paused 9ms, total 9ms
I/dalvikvm-heap( 1567): Grow heap (frag case) to 9.352MB for 656856-byte allocation
D/dalvikvm( 1567): GC_FOR_ALLOC freed <1K, 53% free 9387K/19580K, paused 7ms, total 7ms
D/dalvikvm( 3456): GC_CONCURRENT freed 133K, 10% free 3272K/3596K, paused 0ms+0ms, total 4ms
D/dalvikvm( 3456): GC_FOR_ALLOC freed 40K, 9% free 3462K/3768K, paused 3ms, total 3ms
D/gralloc_ranchu( 1144): gralloc_alloc: Creating ashmem region of size 7753728
I/dalvikvm-heap( 3456): Grow heap (frag case) to 5.411MB for 1939932-byte allocation
D/dalvikvm( 3456): GC_FOR_ALLOC freed <1K, 6% free 5356K/5664K, paused 3ms, total 3ms
D/dalvikvm( 3456): GC_CONCURRENT freed <1K, 6% free 5356K/5664K, paused 3ms+0ms, total 5ms
D/gralloc_ranchu( 1144): gralloc_alloc: Creating ashmem region of size 7753728
D/        ( 3456): HostConnection::get() New Host Connection established 0xb8920ea0, tid 3456
D/EGL_emulation( 3456): eglCreateContext: 0xb8922ad0: maj 3 min 0 rcv 3
D/EGL_emulation( 3456): eglMakeCurrent: 0xb8922ad0: ver 3 0
E/eglCodecCommon( 3456): glUtilsParamSize: unknow param 0x00008cdf
E/eglCodecCommon( 3456): glUtilsParamSize: unknow param 0x00008824
E/EGL_emulation( 3456): tid 3456: eglSurfaceAttrib(1199): error 0x3009 (EGL_BAD_MATCH)
W/HardwareRenderer( 3456): Backbuffer cannot be preserved
D/OpenGLRenderer( 3456): Enabling debug mode 0
D/dalvikvm( 3456): GC_CONCURRENT freed 161K, 6% free 5931K/6280K, paused 1ms+1ms, total 4ms
W/FragmentManager( 3456): moveToState: Fragment state for StationsListFragment{9cfe45e8 #2 id=0x7f0c0010 android:switcher:2131492880:1} not updated inline; expected state 3 found 2
W/FragmentManager( 3456): moveToState: Fragment state for StationsListFragment{9cfdfac0 #3 id=0x7f0c0010 android:switcher:2131492880:2} not updated inline; expected state 3 found 2
D/EGL_emulation( 3456): eglMakeCurrent: 0xb8922ad0: ver 3 0
E/EGL_emulation( 3456): tid 3456: eglSurfaceAttrib(1199): error 0x3009 (EGL_BAD_MATCH)
W/HardwareRenderer( 3456): Backbuffer cannot be preserved
D/EGL_emulation( 3456): eglMakeCurrent: 0xb8922ad0: ver 3 0
D/EGL_emulation( 3456): eglMakeCurrent: 0xb8922ad0: ver 3 0
D/EGL_emulation( 3456): eglMakeCurrent: 0xb8922ad0: ver 3 0
I/ActivityManager( 1567): Displayed fr.fdesousa.bikesharinghub/be.brunoparmentier.openbikesharing.app.activities.StationsListActivity: +345ms
D/EGL_emulation( 3456): eglMakeCurrent: 0xb8922ad0: ver 3 0
D/EGL_emulation( 1945): eglMakeCurrent: 0xb894e550: ver 3 0
D/EGL_emulation( 3456): eglMakeCurrent: 0xb8922ad0: ver 3 0
I/AndroidRipper( 3456): [RipperTestCase] Ready to operate after restarting...
I/Vision  ( 2086): Requesting optional module download of ocr.
I/Vision  ( 2086): Checking for download completion for 110313 -- ocr
I/Vision  ( 2086): Requesting optional module download of ocr.
I/Vision  ( 2086): Exceeded maximum feature download tries for ocr
W/Vision  ( 2086): Request of optional module download of ocr failed.
I/Vision  ( 2086): Checking for download completion for 120324 -- ocr
V/        ( 3357): ready
V/RipperService( 3357): PING
V/AndroidRipperService( 3357): mHandler.handleMessage() RECIVED
V/AndroidRipperService( 3357): broadcast()
I/AndroidRipper( 3456): Recived message: PING
V/AndroidRipperService( 3357): send()
V/AndroidRipperService( 3357): broadcast() done
V/        ( 3357): ready
D/dalvikvm( 3357): GC_CONCURRENT freed 296K, 14% free 3087K/3572K, paused 4ms+2ms, total 10ms
V/RipperService( 3357): PING
V/AndroidRipperService( 3357): mHandler.handleMessage() RECIVED
V/AndroidRipperService( 3357): broadcast()
I/AndroidRipper( 3456): Recived message: PING
V/AndroidRipperService( 3357): send()
V/AndroidRipperService( 3357): broadcast() done
V/        ( 3357): ready
V/RipperService( 3357): DSC
V/AndroidRipperService( 3357): mHandler.handleMessage() RECIVED
V/AndroidRipperService( 3357): broadcast()
V/AndroidRipperService( 3357): broadcast() done
V/        ( 3357): ready
I/AndroidRipper( 3456): Recived message: DSC
I/AndroidRipper( 3456): [b] Found widget: id=-1 (android.widget.FrameLayout{9cfc2f80 V.E..... ........ 0,0-1026,614})
I/AndroidRipper( 3456): [b] Found widget: id=16908290 (android.widget.FrameLayout{9cfc3af0 V.E..... ........ 0,0-1026,614 #1020002 android:id/content})
I/AndroidRipper( 3456): [b] Found widget: id=16908909 (android.widget.LinearLayout{9d23bbd0 V.E..... ........ 21,0-1005,614 #102026d android:id/parentPanel})
I/AndroidRipper( 3456): [b] Found widget: id=16908910 (android.widget.LinearLayout{9d23be10 V.E..... ........ 0,0-984,194 #102026e android:id/topPanel})
I/AndroidRipper( 3456): [b] Found widget: id=16908920 (android.view.View{9d23fc18 G.ED.... ......ID 0,0-0,0 #1020278 android:id/titleDividerTop})
I/AndroidRipper( 3456): [b] Found widget: id=16908911 (android.widget.LinearLayout{9d240008 V.E..... ........ 63,21-921,189 #102026f android:id/title_template})
I/AndroidRipper( 3456): [b] Found widget: id=16908294 (android.widget.ImageView{9d2403a0 G.ED.... ......I. 0,0-0,0 #1020006 android:id/icon})
I/AndroidRipper( 3456): [b] Found widget: id=16908912 (com.android.internal.widget.DialogTitle{9d2407e8 V.ED.... ........ 0,45-858,123 #1020270 android:id/alertTitle})
I/AndroidRipper( 3456): [b] Found widget: id=16908913 (android.view.View{9d241528 V.ED.... ........ 21,189-963,194 #1020271 android:id/titleDivider})
I/AndroidRipper( 3456): [b] Found widget: id=16908917 (android.widget.LinearLayout{9d2418d0 V.E..... ........ 0,194-984,464 #1020275 android:id/contentPanel})
I/AndroidRipper( 3456): [b] Found widget: id=16908918 (android.widget.ScrollView{9d241d88 V.ED.V.. ........ 21,0-963,270 #1020276 android:id/scrollView})
I/AndroidRipper( 3456): [b] Found widget: id=16908299 (android.widget.TextView{9d2428f0 V.ED.... ........ 0,0-942,270 #102000b android:id/message})
