E/ChimeraCfgMgr( 1778): Failed to read module config: java.io.FileNotFoundException: /data/data/com.google.android.gms/app_chimera/current_config.fb: open failed: ENOENT (No such file or directory)
W/IntentOperation( 1778): Failed to get Chimera config:com.google.android.chimera.config.InvalidConfigException: java.io.FileNotFoundException: /data/data/com.google.android.gms/app_chimera/current_config.fb: open failed: ENOENT (No such file or directory)
I/dalvikvm( 2151): Could not find method android.content.Context.getExternalMediaDirs, referenced from method jm.a
W/dalvikvm( 2151): VFY: unable to resolve virtual method 2477: Landroid/content/Context;.getExternalMediaDirs ()[Ljava/io/File;
D/dalvikvm( 2151): VFY: replacing opcode 0x6e at 0x00a8
I/dalvikvm( 2151): Could not find method android.content.Context.getDrawable, referenced from method jk.a
W/dalvikvm( 2151): VFY: unable to resolve virtual method 2472: Landroid/content/Context;.getDrawable (I)Landroid/graphics/drawable/Drawable;
D/dalvikvm( 2151): VFY: replacing opcode 0x6e at 0x0006
I/dalvikvm( 2151): Could not find method android.content.Context.getNoBackupFilesDir, referenced from method jk.b
W/dalvikvm( 2151): VFY: unable to resolve virtual method 2480: Landroid/content/Context;.getNoBackupFilesDir ()Ljava/io/File;
D/dalvikvm( 2151): VFY: replacing opcode 0x6e at 0x0006
D/dalvikvm( 1778): GC_FOR_ALLOC freed 311K, 38% free 3375K/5432K, paused 2ms, total 2ms
I/dalvikvm-heap( 1778): Grow heap (frag case) to 3.690MB for 228601-byte allocation
D/dalvikvm( 1778): GC_FOR_ALLOC freed 6K, 37% free 3592K/5656K, paused 4ms, total 4ms
D/dalvikvm( 1568): GC_FOR_ALLOC freed 993K, 53% free 7248K/15268K, paused 8ms, total 9ms
I/dalvikvm( 2151): Could not find method android.os.UserHandle.isOwner, referenced from method nmy.f
W/dalvikvm( 2151): VFY: unable to resolve virtual method 3081: Landroid/os/UserHandle;.isOwner ()Z
D/dalvikvm( 2151): VFY: replacing opcode 0x6e at 0x000a
D/dalvikvm( 2151): DexOpt: couldn't find field Landroid/content/pm/ApplicationInfo;.splitSourceDirs
W/dalvikvm( 2151): VFY: unable to resolve instance field 1475
D/dalvikvm( 2151): VFY: replacing opcode 0x54 at 0x0055
D/dalvikvm( 2151): DexOpt: couldn't find static field Landroid/os/Build;.SUPPORTED_ABIS
W/dalvikvm( 2151): VFY: unable to resolve static field 1540 (SUPPORTED_ABIS) in Landroid/os/Build;
D/dalvikvm( 2151): VFY: replacing opcode 0x62 at 0x00d1
I/dalvikvm( 2151): Could not find method android.system.Os.stat, referenced from method nop.a
W/dalvikvm( 2151): VFY: unable to resolve static method 3146: Landroid/system/Os;.stat (Ljava/lang/String;)Landroid/system/StructStat;
D/dalvikvm( 2151): VFY: replacing opcode 0x71 at 0x0182
I/dalvikvm( 2151): Could not find method android.content.pm.PackageManager.getPackageInstaller, referenced from method men.a
W/dalvikvm( 2151): VFY: unable to resolve virtual method 2608: Landroid/content/pm/PackageManager;.getPackageInstaller ()Landroid/content/pm/PackageInstaller;
D/dalvikvm( 2151): VFY: replacing opcode 0x6e at 0x001c
W/DynamiteModule( 2151): Local module descriptor class for providerinstaller not found.
E/ChimeraCfgMgr( 2151): Failed to read module config: java.io.FileNotFoundException: /data/data/com.google.android.gms/app_chimera/current_config.fb: open failed: ENOENT (No such file or directory)
I/dalvikvm( 2151): Could not find method android.system.Os.readlink, referenced from method bse.a
W/dalvikvm( 2151): VFY: unable to resolve static method 3145: Landroid/system/Os;.readlink (Ljava/lang/String;)Ljava/lang/String;
D/dalvikvm( 2151): VFY: replacing opcode 0x71 at 0x0044
I/dalvikvm( 2151): Could not find method android.system.Os.symlink, referenced from method bse.a
W/dalvikvm( 2151): VFY: unable to resolve static method 3147: Landroid/system/Os;.symlink (Ljava/lang/String;Ljava/lang/String;)V
D/dalvikvm( 2151): VFY: replacing opcode 0x71 at 0x00b0
I/dalvikvm( 2151): Could not find method android.system.Os.stat, referenced from method bse.a
W/dalvikvm( 2151): VFY: unable to resolve static method 3146: Landroid/system/Os;.stat (Ljava/lang/String;)Landroid/system/StructStat;
D/dalvikvm( 2151): VFY: replacing opcode 0x71 at 0x0005
W/dalvikvm( 2151): VFY: unable to resolve static field 1615 (S_IXUSR) in Landroid/system/OsConstants;
D/dalvikvm( 2151): VFY: replacing opcode 0x60 at 0x0007
I/dalvikvm( 2151): Could not find method android.system.Os.stat, referenced from method bse.b
W/dalvikvm( 2151): VFY: unable to resolve static method 3146: Landroid/system/Os;.stat (Ljava/lang/String;)Landroid/system/StructStat;
D/dalvikvm( 2151): VFY: replacing opcode 0x71 at 0x0040
W/dalvikvm( 2151): VFY: unable to resolve static field 1612 (S_IRUSR) in Landroid/system/OsConstants;
D/dalvikvm( 2151): VFY: replacing opcode 0x60 at 0x0007
W/FileUtils( 2151): Failed to set world readable: /data/data/com.google.android.gms/app_chimera/current_config.fb
E/ChimeraCfgMgr( 2151): Failed to read module config: java.io.FileNotFoundException: /data/data/com.google.android.gms/app_chimera/current_config.fb: open failed: ENOENT (No such file or directory)
D/dalvikvm( 2151): DexOpt: couldn't find static field Landroid/os/Build;.SUPPORTED_ABIS
W/dalvikvm( 2151): VFY: unable to resolve static field 1540 (SUPPORTED_ABIS) in Landroid/os/Build;
D/dalvikvm( 2151): VFY: replacing opcode 0x62 at 0x0307
D/dalvikvm( 2151): DexOpt: couldn't find static field Landroid/os/Build;.SUPPORTED_ABIS
W/dalvikvm( 2151): VFY: unable to resolve static field 1540 (SUPPORTED_ABIS) in Landroid/os/Build;
D/dalvikvm( 2151): VFY: replacing opcode 0x62 at 0x06eb
I/dalvikvm( 2151): Could not find method android.content.Context.isCredentialProtectedStorage, referenced from method bry.j
W/dalvikvm( 2151): VFY: unable to resolve virtual method 2490: Landroid/content/Context;.isCredentialProtectedStorage ()Z
D/dalvikvm( 2151): VFY: replacing opcode 0x6e at 0x0087
E/ConfigFileUtils( 2151): Failed to read config file: /data/data/com.google.android.gms/app_chimera/current_fileapks.pb: open failed: ENOENT (No such file or directory)
D/dalvikvm( 2151): GC_FOR_ALLOC freed 410K, 16% free 3246K/3844K, paused 2ms, total 2ms
I/GmsModuleFndr( 2151): Beginning GMS chimera module scan
E/ChimeraCfgMgr( 2151): Failed to read module config: java.io.FileNotFoundException: /data/data/com.google.android.gms/app_chimera/current_config.fb: open failed: ENOENT (No such file or directory)
I/DynamiteModule( 2151): Considering local module com.google.android.gms.googlecertificates:4 and remote module com.google.android.gms.googlecertificates:0
I/DynamiteModule( 2151): Selected local version of com.google.android.gms.googlecertificates
I/dalvikvm( 2151): Could not find method android.app.Notification$Builder.setLocalOnly, referenced from method com.google.android.gms.common.GoogleCertificatesImpl.isGoogleOrPlatformSigned
W/dalvikvm( 2151): VFY: unable to resolve virtual method 2308: Landroid/app/Notification$Builder;.setLocalOnly (Z)Landroid/app/Notification$Builder;
D/dalvikvm( 2151): VFY: replacing opcode 0x6e at 0x00b1
E/ChimeraCfgMgr( 2151): Failed to read module config: java.io.FileNotFoundException: /data/data/com.google.android.gms/app_chimera/current_config.fb: open failed: ENOENT (No such file or directory)
I/dalvikvm( 2151): Could not find method com.google.android.chimera.ContextThemeWrapper.createAttributionContext, referenced from method mnu.createAttributionContext
W/dalvikvm( 2151): VFY: unable to resolve virtual method 13785: Lcom/google/android/chimera/ContextThemeWrapper;.createAttributionContext (Ljava/lang/String;)Landroid/content/Context;
D/dalvikvm( 2151): VFY: replacing opcode 0x6f at 0x0002
I/dalvikvm( 2151): Could not find method android.content.ContextWrapper.createCredentialProtectedStorageContext, referenced from method mnu.createCredentialProtectedStorageContext
W/dalvikvm( 2151): VFY: unable to resolve virtual method 2508: Landroid/content/ContextWrapper;.createCredentialProtectedStorageContext ()Landroid/content/Context;
D/dalvikvm( 2151): VFY: replacing opcode 0x6f at 0x0002
I/dalvikvm( 2151): Could not find method android.content.ContextWrapper.createDeviceProtectedStorageContext, referenced from method mnu.createDeviceProtectedStorageContext
W/dalvikvm( 2151): VFY: unable to resolve virtual method 2509: Landroid/content/ContextWrapper;.createDeviceProtectedStorageContext ()Landroid/content/Context;
D/dalvikvm( 2151): VFY: replacing opcode 0x6f at 0x0002
E/ConfigFileUtils( 2151): Failed to read config file: /data/data/com.google.android.gms/app_chimera/current_fileapks.pb: open failed: ENOENT (No such file or directory)
I/ModuleSetMgr( 2151): Computing pending module set with APKs: []
D/dalvikvm( 1778): GC_FOR_ALLOC freed 35K, 29% free 4068K/5656K, paused 3ms, total 3ms
I/ModuleSetMgr( 2151): Pending container module APKs: []
I/ModuleSetMgr( 2151): Pending non-container module APKs: []
D/dalvikvm( 2151): GC_FOR_ALLOC freed 370K, 15% free 3388K/3944K, paused 1ms, total 1ms
E/ConfigFileUtils( 2151): Failed to read config file: /data/data/com.google.android.gms/app_chimera/current_fileapks.pb: open failed: ENOENT (No such file or directory)
E/ChimeraCfgMgr( 2151): Failed to read module config: java.io.FileNotFoundException: /data/data/com.google.android.gms/app_chimera/current_config.fb: open failed: ENOENT (No such file or directory)
W/IntentOperation( 2151): Failed to get Chimera config:com.google.android.chimera.config.InvalidConfigException: java.io.FileNotFoundException: /data/data/com.google.android.gms/app_chimera/current_config.fb: open failed: ENOENT (No such file or directory)
D/dalvikvm( 2151): GC_FOR_ALLOC freed 58K, 15% free 3388K/3944K, paused 1ms, total 1ms
I/dalvikvm-heap( 2151): Grow heap (frag case) to 3.707MB for 228601-byte allocation
D/dalvikvm( 2151): GC_FOR_ALLOC freed <1K, 14% free 3610K/4168K, paused 1ms, total 1ms
D/AndroidRuntime( 2172): 
D/AndroidRuntime( 2172): >>>>>> AndroidRuntime START com.android.internal.os.RuntimeInit <<<<<<
W/linker  ( 2172): libdvm.so has text relocations. This is wasting memory and is a security risk. Please fix.
D/AndroidRuntime( 2172): CheckJNI is ON
D/dalvikvm( 2172): Trying to load lib libjavacore.so 0x0
D/dalvikvm( 2172): Added shared lib libjavacore.so 0x0
D/dalvikvm( 2172): Trying to load lib libnativehelper.so 0x0
D/dalvikvm( 2172): Added shared lib libnativehelper.so 0x0
D/dalvikvm( 2172): No JNI_OnLoad found in libnativehelper.so 0x0, skipping init
D/dalvikvm( 2151): GC_FOR_ALLOC freed 28K, 6% free 4091K/4308K, paused 2ms, total 2ms
D/dalvikvm( 1778): GC_FOR_ALLOC freed 275K, 24% free 4305K/5656K, paused 2ms, total 2ms
D/dalvikvm( 2151): GC_FOR_ALLOC freed 275K, 10% free 4330K/4792K, paused 1ms, total 1ms
D/dalvikvm( 2172): Note: class Landroid/app/ActivityManagerNative; has 179 unimplemented (abstract) methods
D/dalvikvm( 1778): GC_FOR_ALLOC freed 363K, 22% free 4454K/5656K, paused 2ms, total 2ms
E/memtrack( 2172): Couldn't load memtrack module (No such file or directory)
E/android.os.Debug( 2172): failed to load memtrack module: -2
D/dalvikvm( 2151): GC_FOR_ALLOC freed 363K, 11% free 4479K/5028K, paused 2ms, total 2ms
D/dalvikvm( 1778): GC_FOR_ALLOC freed 587K, 23% free 4379K/5656K, paused 2ms, total 2ms
D/AndroidRuntime( 2172): Calling main entry com.android.commands.pm.Pm
D/AndroidRuntime( 2172): Shutting down VM
D/jdwp    ( 2172): Got wake-up signal, bailing out of select
D/dalvikvm( 2172): Debugger has detached; object registry had 1 entries
D/dalvikvm( 2151): GC_FOR_ALLOC freed 588K, 15% free 4403K/5180K, paused 3ms, total 3ms
D/dalvikvm( 1778): GC_FOR_ALLOC freed 476K, 22% free 4415K/5656K, paused 2ms, total 2ms
D/dalvikvm( 2151): GC_FOR_ALLOC freed 475K, 15% free 4439K/5180K, paused 2ms, total 2ms
D/dalvikvm( 1778): GC_FOR_ALLOC freed 477K, 22% free 4449K/5656K, paused 2ms, total 2ms
D/dalvikvm( 2151): GC_FOR_ALLOC freed 477K, 14% free 4473K/5180K, paused 2ms, total 2ms
D/dalvikvm( 1778): GC_FOR_ALLOC freed 480K, 21% free 4480K/5656K, paused 3ms, total 3ms
D/dalvikvm( 2151): GC_FOR_ALLOC freed 350K, 14% free 4491K/5180K, paused 2ms, total 2ms
D/dalvikvm( 1778): GC_FOR_ALLOC freed 495K, 21% free 4496K/5656K, paused 2ms, total 2ms
D/dalvikvm( 2151): GC_FOR_ALLOC freed 349K, 14% free 4511K/5192K, paused 2ms, total 2ms
D/dalvikvm( 1778): GC_FOR_ALLOC freed 719K, 30% free 4012K/5656K, paused 3ms, total 3ms
I/dalvikvm-heap( 1778): Grow heap (frag case) to 4.363MB for 281612-byte allocation
D/dalvikvm( 1778): GC_FOR_ALLOC freed 0K, 28% free 4287K/5932K, paused 2ms, total 2ms
D/dalvikvm( 2151): GC_FOR_ALLOC freed 500K, 14% free 4525K/5212K, paused 2ms, total 2ms
D/dalvikvm( 2151): GC_FOR_ALLOC freed 490K, 23% free 4038K/5212K, paused 2ms, total 2ms
I/dalvikvm-heap( 2151): Grow heap (frag case) to 4.392MB for 281612-byte allocation
D/dalvikvm( 2151): GC_FOR_ALLOC freed 0K, 22% free 4313K/5488K, paused 1ms, total 1ms
D/ConnectivityService( 1568): [CheckMp] isMobileOk: newUrl=https://172.217.13.110/generate_204
W/ActivityThread( 1568): ClassLoader.loadClass: The class loader returned by Thread.getContextClassLoader() may fail for processes that host multiple applications. You should explicitly specify a context class loader. For example: Thread.setContextClassLoader(getClass().getClassLoader());
I/ChimeraCfgMgr( 2151): Updating module config: <no config> -> container:2024149000700
E/ConfigFileUtils( 2151): Failed to read config file: /data/data/com.google.android.gms/app_chimera/current_modules_init.pb: open failed: ENOENT (No such file or directory)
D/AndroidRuntime( 2184): 
D/AndroidRuntime( 2184): >>>>>> AndroidRuntime START com.android.internal.os.RuntimeInit <<<<<<
W/linker  ( 2184): libdvm.so has text relocations. This is wasting memory and is a security risk. Please fix.
I/ChimeraCfgMgr( 1778): Updating module config: <no config> -> container:2024149000700
D/AndroidRuntime( 2184): CheckJNI is ON
D/dalvikvm( 1778): DexOpt: couldn't find static field Landroid/os/Build;.SUPPORTED_64_BIT_ABIS
W/dalvikvm( 1778): VFY: unable to resolve static field 1539 (SUPPORTED_64_BIT_ABIS) in Landroid/os/Build;
D/dalvikvm( 1778): VFY: replacing opcode 0x62 at 0x0214
D/dalvikvm( 2184): Trying to load lib libjavacore.so 0x0
D/dalvikvm( 2184): Added shared lib libjavacore.so 0x0
D/dalvikvm( 2184): Trying to load lib libnativehelper.so 0x0
D/dalvikvm( 2184): Added shared lib libnativehelper.so 0x0
D/dalvikvm( 2184): No JNI_OnLoad found in libnativehelper.so 0x0, skipping init
D/dalvikvm( 2184): Note: class Landroid/app/ActivityManagerNative; has 179 unimplemented (abstract) methods
D/ConnectivityService( 1568): [CheckMp] isMobileOk: hostnameVerify retVal=true hostname=172.217.13.110 orgUriHost=clients3.google.com
E/memtrack( 2184): Couldn't load memtrack module (No such file or directory)
E/android.os.Debug( 2184): failed to load memtrack module: -2
D/ConnectivityService( 1568): [CheckMp] isMobileOk: headers={null=[HTTP/1.1 204 No Content], Alt-Svc=[h3=":443"; ma=2592000,h3-29=":443"; ma=2592000,h3-T051=":443"; ma=2592000,h3-Q050=":443"; ma=2592000,h3-Q046=":443"; ma=2592000,h3-Q043=":443"; ma=2592000,quic=":443"; ma=2592000; v="46,43"], Connection=[close], Content-Length=[0], Date=[Sun, 15 Aug 2021 15:05:01 GMT], X-Android-Received-Millis=[1629039900568], X-Android-Response-Source=[NETWORK 204], X-Android-Selected-Transport=[http/1.1], X-Android-Sent-Millis=[1629039900555]}
D/AndroidRuntime( 2184): Calling main entry com.android.commands.pm.Pm
D/AndroidRuntime( 2184): Shutting down VM
D/jdwp    ( 2184): Got wake-up signal, bailing out of select
D/dalvikvm( 2184): Debugger has detached; object registry had 1 entries
I/AndroidRuntime( 2184): NOTE: attach of thread 'Binder_1' failed
D/ConnectivityService( 1568): [CheckMp] isMobileOk: X got expected responseCode=204 result=1
D/ConnectivityService( 1568): [CheckMp] isMobileOk: F stop hipri
D/MobileDataStateTracker( 1568): default: setEnableFailFastMobileData(enabled=0)
D/ConnectivityService( 1568): stopUsingNetworkFeature: teardown net 0: enableHIPRI
D/dalvikvm( 1834): GC_FOR_ALLOC freed 542K, 18% free 3567K/4332K, paused 2ms, total 2ms
I/ChimeraCfgMgr( 2151): Sending com.google.android.chimera.IntentOperation.NEW_MODULE Intents: 1,true,true
D/MobileDataStateTracker( 1568): hipri: Broadcast received: android.intent.action.ANY_DATA_STATE apnType=hipri
D/MobileDataStateTracker( 1568): hipri: Received state=DISCONNECTED, old=CONNECTED, reason=dataDisabled
D/MobileDataStateTracker( 1568): hipri: setDetailed state, old =CONNECTED and new state=DISCONNECTED
D/ConnectivityService( 1568): ConnectivityChange for mobile_hipri: DISCONNECTED/DISCONNECTED
D/Nat464Xlat( 1568): requiresClat: netType=5, hasIPv4Address=true
I/ChmraDebugLogger( 2151): [46] 
D/dalvikvm( 2151): DexOpt: couldn't find static field Landroid/os/Build;.SUPPORTED_64_BIT_ABIS
W/dalvikvm( 2151): VFY: unable to resolve static field 1539 (SUPPORTED_64_BIT_ABIS) in Landroid/os/Build;
D/dalvikvm( 2151): VFY: replacing opcode 0x62 at 0x0214
W/ProviderHelper( 2151): Unknown dynamite feature providerinstaller
I/DynamiteModule( 2151): Considering local module providerinstaller:0 and remote module providerinstaller:0
W/ProviderInstaller( 2151): Failed to load providerinstaller module: No acceptable module found. Local version is 0 and remote version is 0.
I/dalvikvm( 2151): Could not find method android.content.ContextWrapper.createCredentialProtectedStorageContext, referenced from method nfr.createCredentialProtectedStorageContext
W/dalvikvm( 2151): VFY: unable to resolve virtual method 2508: Landroid/content/ContextWrapper;.createCredentialProtectedStorageContext ()Landroid/content/Context;
D/dalvikvm( 2151): VFY: replacing opcode 0x6f at 0x0002
I/dalvikvm( 2151): Could not find method android.content.ContextWrapper.createDeviceProtectedStorageContext, referenced from method nfr.createDeviceProtectedStorageContext
W/ProviderHelper( 1778): Unknown dynamite feature providerinstaller
I/DynamiteModule( 1778): Considering local module providerinstaller:0 and remote module providerinstaller:0
W/ProviderInstaller( 1778): Failed to load providerinstaller module: No acceptable module found. Local version is 0 and remote version is 0.
I/dalvikvm( 1778): Could not find method android.content.ContextWrapper.createCredentialProtectedStorageContext, referenced from method nfr.createCredentialProtectedStorageContext
W/dalvikvm( 1778): VFY: unable to resolve virtual method 2508: Landroid/content/ContextWrapper;.createCredentialProtectedStorageContext ()Landroid/content/Context;
D/dalvikvm( 1778): VFY: replacing opcode 0x6f at 0x0002
I/dalvikvm( 1778): Could not find method android.content.ContextWrapper.createDeviceProtectedStorageContext, referenced from method nfr.createDeviceProtectedStorageContext
W/dalvikvm( 1778): VFY: unable to resolve virtual method 2509: Landroid/content/ContextWrapper;.createDeviceProtectedStorageContext ()Landroid/content/Context;
D/dalvikvm( 1778): VFY: replacing opcode 0x6f at 0x0002
D/dalvikvm( 1778): DexOpt: couldn't find static field Landroid/os/Build;.SUPPORTED_64_BIT_ABIS
W/dalvikvm( 1778): VFY: unable to resolve static field 1539 (SUPPORTED_64_BIT_ABIS) in Landroid/os/Build;
D/dalvikvm( 1778): VFY: replacing opcode 0x62 at 0x0080
D/dalvikvm( 1778): DexOpt: couldn't find static field Landroid/os/Build;.SUPPORTED_ABIS
W/dalvikvm( 1778): VFY: unable to resolve static field 1540 (SUPPORTED_ABIS) in Landroid/os/Build;
D/dalvikvm( 1778): VFY: replacing opcode 0x62 at 0x00d3
W/dalvikvm( 2151): VFY: unable to resolve virtual method 2509: Landroid/content/ContextWrapper;.createDeviceProtectedStorageContext ()Landroid/content/Context;
D/dalvikvm( 2151): VFY: replacing opcode 0x6f at 0x0002
D/dalvikvm( 2151): DexOpt: couldn't find static field Landroid/os/Build;.SUPPORTED_64_BIT_ABIS
W/dalvikvm( 2151): VFY: unable to resolve static field 1539 (SUPPORTED_64_BIT_ABIS) in Landroid/os/Build;
D/dalvikvm( 2151): VFY: replacing opcode 0x62 at 0x0080
D/dalvikvm( 2151): DexOpt: couldn't find static field Landroid/os/Build;.SUPPORTED_ABIS
W/dalvikvm( 2151): VFY: unable to resolve static field 1540 (SUPPORTED_ABIS) in Landroid/os/Build;
D/dalvikvm( 2151): VFY: replacing opcode 0x62 at 0x00d3
V/NativeCrypto( 2151): Registering com/google/android/gms/org/conscrypt/NativeCrypto's 286 native methods...
W/dalvikvm( 2151): Unable to resolve superclass of Lcom/google/android/gms/org/conscrypt/TrustManagerImpl; (5184)
W/dalvikvm( 2151): Link of class 'Lcom/google/android/gms/org/conscrypt/TrustManagerImpl;' failed
I/dalvikvm( 2151): Could not find method com.google.android.gms.org.conscrypt.TrustManagerImpl.getDefaultHostnameVerifier, referenced from method com.google.android.gms.org.conscrypt.Conscrypt.getDefaultHostnameVerifier
W/dalvikvm( 2151): VFY: unable to resolve static method 17870: Lcom/google/android/gms/org/conscrypt/TrustManagerImpl;.getDefaultHostnameVerifier ()Lcom/google/android/gms/org/conscrypt/ConscryptHostnameVerifier;
D/dalvikvm( 2151): VFY: replacing opcode 0x71 at 0x0003
D/dalvikvm( 2151): GC_FOR_ALLOC freed 1274K, 36% free 3549K/5488K, paused 2ms, total 2ms
W/dalvikvm( 2151): Unable to resolve superclass of Lcom/google/android/gms/org/conscrypt/TrustManagerImpl; (5184)
W/dalvikvm( 2151): Link of class 'Lcom/google/android/gms/org/conscrypt/TrustManagerImpl;' failed
W/dalvikvm( 2151): VFY: unable to find class referenced in signature (Lcom/google/android/gms/org/conscrypt/TrustManagerImpl;)
W/dalvikvm( 2151): Unable to resolve superclass of Lcom/google/android/gms/org/conscrypt/TrustManagerImpl; (5184)
W/dalvikvm( 2151): Link of class 'Lcom/google/android/gms/org/conscrypt/TrustManagerImpl;' failed
I/dalvikvm( 2151): Could not find method com.google.android.gms.org.conscrypt.TrustManagerImpl.getHostnameVerifier, referenced from method com.google.android.gms.org.conscrypt.Conscrypt.getHostnameVerifier
W/dalvikvm( 2151): VFY: unable to resolve virtual method 17872: Lcom/google/android/gms/org/conscrypt/TrustManagerImpl;.getHostnameVerifier ()Lcom/google/android/gms/org/conscrypt/ConscryptHostnameVerifier;
D/dalvikvm( 2151): VFY: replacing opcode 0x6e at 0x0004
V/NativeCrypto( 1778): Registering com/google/android/gms/org/conscrypt/NativeCrypto's 286 native methods...
W/dalvikvm( 1778): Unable to resolve superclass of Lcom/google/android/gms/org/conscrypt/TrustManagerImpl; (5184)
W/dalvikvm( 1778): Link of class 'Lcom/google/android/gms/org/conscrypt/TrustManagerImpl;' failed
I/dalvikvm( 1778): Could not find method com.google.android.gms.org.conscrypt.TrustManagerImpl.getDefaultHostnameVerifier, referenced from method com.google.android.gms.org.conscrypt.Conscrypt.getDefaultHostnameVerifier
W/dalvikvm( 1778): VFY: unable to resolve static method 17870: Lcom/google/android/gms/org/conscrypt/TrustManagerImpl;.getDefaultHostnameVerifier ()Lcom/google/android/gms/org/conscrypt/ConscryptHostnameVerifier;
D/dalvikvm( 1778): VFY: replacing opcode 0x71 at 0x0003
W/dalvikvm( 1778): Unable to resolve superclass of Lcom/google/android/gms/org/conscrypt/TrustManagerImpl; (5184)
W/dalvikvm( 1778): Link of class 'Lcom/google/android/gms/org/conscrypt/TrustManagerImpl;' failed
W/dalvikvm( 1778): VFY: unable to find class referenced in signature (Lcom/google/android/gms/org/conscrypt/TrustManagerImpl;)
W/dalvikvm( 1778): Unable to resolve superclass of Lcom/google/android/gms/org/conscrypt/TrustManagerImpl; (5184)
W/dalvikvm( 1778): Link of class 'Lcom/google/android/gms/org/conscrypt/TrustManagerImpl;' failed
I/dalvikvm( 1778): Could not find method com.google.android.gms.org.conscrypt.TrustManagerImpl.getHostnameVerifier, referenced from method com.google.android.gms.org.conscrypt.Conscrypt.getHostnameVerifier
W/dalvikvm( 1778): VFY: unable to resolve virtual method 17872: Lcom/google/android/gms/org/conscrypt/TrustManagerImpl;.getHostnameVerifier ()Lcom/google/android/gms/org/conscrypt/ConscryptHostnameVerifier;
D/dalvikvm( 1778): VFY: replacing opcode 0x6e at 0x0004
W/dalvikvm( 1778): Unable to resolve superclass of Lcom/google/android/gms/org/conscrypt/TrustManagerImpl; (5184)
W/dalvikvm( 2151): Unable to resolve superclass of Lcom/google/android/gms/org/conscrypt/TrustManagerImpl; (5184)
W/dalvikvm( 2151): Link of class 'Lcom/google/android/gms/org/conscrypt/TrustManagerImpl;' failed
E/dalvikvm( 2151): Could not find class 'com.google.android.gms.org.conscrypt.TrustManagerImpl', referenced from method com.google.android.gms.org.conscrypt.Conscrypt.isConscrypt
W/dalvikvm( 1778): Link of class 'Lcom/google/android/gms/org/conscrypt/TrustManagerImpl;' failed
E/dalvikvm( 1778): Could not find class 'com.google.android.gms.org.conscrypt.TrustManagerImpl', referenced from method com.google.android.gms.org.conscrypt.Conscrypt.isConscrypt
W/dalvikvm( 1778): VFY: unable to resolve instanceof 4452 (Lcom/google/android/gms/org/conscrypt/TrustManagerImpl;) in Lcom/google/android/gms/org/conscrypt/Conscrypt;
D/dalvikvm( 1778): VFY: replacing opcode 0x20 at 0x0000
W/dalvikvm( 2151): VFY: unable to resolve instanceof 4452 (Lcom/google/android/gms/org/conscrypt/TrustManagerImpl;) in Lcom/google/android/gms/org/conscrypt/Conscrypt;
D/dalvikvm( 2151): VFY: replacing opcode 0x20 at 0x0000
W/dalvikvm( 2151): Unable to resolve superclass of Lcom/google/android/gms/org/conscrypt/TrustManagerImpl; (5184)
W/dalvikvm( 1778): Unable to resolve superclass of Lcom/google/android/gms/org/conscrypt/TrustManagerImpl; (5184)
W/dalvikvm( 2151): Link of class 'Lcom/google/android/gms/org/conscrypt/TrustManagerImpl;' failed
I/dalvikvm( 2151): Could not find method com.google.android.gms.org.conscrypt.TrustManagerImpl.setDefaultHostnameVerifier, referenced from method com.google.android.gms.org.conscrypt.Conscrypt.setDefaultHostnameVerifier
W/dalvikvm( 2151): VFY: unable to resolve static method 17882: Lcom/google/android/gms/org/conscrypt/TrustManagerImpl;.setDefaultHostnameVerifier (Lcom/google/android/gms/org/conscrypt/ConscryptHostnameVerifier;)V
D/dalvikvm( 2151): VFY: replacing opcode 0x71 at 0x0003
W/dalvikvm( 2151): Unable to resolve superclass of Lcom/google/android/gms/org/conscrypt/TrustManagerImpl; (5184)
W/dalvikvm( 1778): Link of class 'Lcom/google/android/gms/org/conscrypt/TrustManagerImpl;' failed
I/dalvikvm( 1778): Could not find method com.google.android.gms.org.conscrypt.TrustManagerImpl.setDefaultHostnameVerifier, referenced from method com.google.android.gms.org.conscrypt.Conscrypt.setDefaultHostnameVerifier
W/dalvikvm( 1778): VFY: unable to resolve static method 17882: Lcom/google/android/gms/org/conscrypt/TrustManagerImpl;.setDefaultHostnameVerifier (Lcom/google/android/gms/org/conscrypt/ConscryptHostnameVerifier;)V
D/dalvikvm( 1778): VFY: replacing opcode 0x71 at 0x0003
W/dalvikvm( 2151): Link of class 'Lcom/google/android/gms/org/conscrypt/TrustManagerImpl;' failed
W/dalvikvm( 2151): VFY: unable to find class referenced in signature (Lcom/google/android/gms/org/conscrypt/TrustManagerImpl;)
W/dalvikvm( 1778): Unable to resolve superclass of Lcom/google/android/gms/org/conscrypt/TrustManagerImpl; (5184)
W/dalvikvm( 1778): Link of class 'Lcom/google/android/gms/org/conscrypt/TrustManagerImpl;' failed
W/dalvikvm( 1778): VFY: unable to find class referenced in signature (Lcom/google/android/gms/org/conscrypt/TrustManagerImpl;)
W/dalvikvm( 1778): Unable to resolve superclass of Lcom/google/android/gms/org/conscrypt/TrustManagerImpl; (5184)
W/dalvikvm( 2151): Unable to resolve superclass of Lcom/google/android/gms/org/conscrypt/TrustManagerImpl; (5184)
W/dalvikvm( 2151): Link of class 'Lcom/google/android/gms/org/conscrypt/TrustManagerImpl;' failed
I/dalvikvm( 2151): Could not find method com.google.android.gms.org.conscrypt.TrustManagerImpl.setHostnameVerifier, referenced from method com.google.android.gms.org.conscrypt.Conscrypt.setHostnameVerifier
W/dalvikvm( 2151): VFY: unable to resolve virtual method 17883: Lcom/google/android/gms/org/conscrypt/TrustManagerImpl;.setHostnameVerifier (Lcom/google/android/gms/org/conscrypt/ConscryptHostnameVerifier;)V
D/dalvikvm( 2151): VFY: replacing opcode 0x6e at 0x0004
W/dalvikvm( 1778): Link of class 'Lcom/google/android/gms/org/conscrypt/TrustManagerImpl;' failed
I/dalvikvm( 1778): Could not find method com.google.android.gms.org.conscrypt.TrustManagerImpl.setHostnameVerifier, referenced from method com.google.android.gms.org.conscrypt.Conscrypt.setHostnameVerifier
W/dalvikvm( 2151): Unable to resolve superclass of Lcom/google/android/gms/org/conscrypt/TrustManagerImpl; (5184)
W/dalvikvm( 1778): VFY: unable to resolve virtual method 17883: Lcom/google/android/gms/org/conscrypt/TrustManagerImpl;.setHostnameVerifier (Lcom/google/android/gms/org/conscrypt/ConscryptHostnameVerifier;)V
D/dalvikvm( 1778): VFY: replacing opcode 0x6e at 0x0004
W/dalvikvm( 2151): Link of class 'Lcom/google/android/gms/org/conscrypt/TrustManagerImpl;' failed
E/dalvikvm( 2151): Could not find class 'com.google.android.gms.org.conscrypt.TrustManagerImpl', referenced from method com.google.android.gms.org.conscrypt.Conscrypt.toConscrypt
W/dalvikvm( 2151): VFY: unable to resolve check-cast 4452 (Lcom/google/android/gms/org/conscrypt/TrustManagerImpl;) in Lcom/google/android/gms/org/conscrypt/Conscrypt;
D/dalvikvm( 2151): VFY: replacing opcode 0x1f at 0x002a
W/dalvikvm( 1778): Unable to resolve superclass of Lcom/google/android/gms/org/conscrypt/TrustManagerImpl; (5184)
W/dalvikvm( 1778): Link of class 'Lcom/google/android/gms/org/conscrypt/TrustManagerImpl;' failed
D/dalvikvm( 1568): GC_FOR_ALLOC freed 1006K, 53% free 7310K/15268K, paused 7ms, total 7ms
D/dalvikvm( 1778): GC_FOR_ALLOC freed 1397K, 43% free 3402K/5932K, paused 8ms, total 8ms
E/dalvikvm( 1778): Could not find class 'com.google.android.gms.org.conscrypt.TrustManagerImpl', referenced from method com.google.android.gms.org.conscrypt.Conscrypt.toConscrypt
W/dalvikvm( 1778): VFY: unable to resolve check-cast 4452 (Lcom/google/android/gms/org/conscrypt/TrustManagerImpl;) in Lcom/google/android/gms/org/conscrypt/Conscrypt;
D/dalvikvm( 1778): VFY: replacing opcode 0x1f at 0x002a
D/dalvikvm( 2151): GC_FOR_ALLOC freed 384K, 33% free 3677K/5488K, paused 12ms, total 12ms
D/dalvikvm( 1778): GC_FOR_ALLOC freed 170K, 37% free 3743K/5932K, paused 1ms, total 1ms
D/dalvikvm( 2151): GC_FOR_ALLOC freed 141K, 27% free 4047K/5488K, paused 1ms, total 1ms
D/dalvikvm( 1568): GC_FOR_ALLOC freed 1090K, 53% free 7304K/15268K, paused 10ms, total 10ms
D/dalvikvm( 2151): GC_FOR_ALLOC freed 139K, 20% free 4420K/5488K, paused 2ms, total 2ms
D/dalvikvm( 1778): GC_FOR_ALLOC freed 143K, 31% free 4112K/5932K, paused 2ms, total 2ms
D/dalvikvm( 1568): GC_FOR_ALLOC freed 1082K, 53% free 7304K/15268K, paused 8ms, total 8ms
D/dalvikvm( 1778): GC_FOR_ALLOC freed 133K, 25% free 4491K/5932K, paused 15ms, total 15ms
D/dalvikvm( 1568): GC_FOR_ALLOC freed 1082K, 53% free 7304K/15268K, paused 8ms, total 8ms
D/dalvikvm( 2151): GC_FOR_ALLOC freed 129K, 13% free 4789K/5488K, paused 9ms, total 9ms
D/AndroidRuntime( 2203): 
D/AndroidRuntime( 2203): >>>>>> AndroidRuntime START com.android.internal.os.RuntimeInit <<<<<<
W/linker  ( 2203): libdvm.so has text relocations. This is wasting memory and is a security risk. Please fix.
E/dalvikvm( 2151): Could not find class 'javax.net.ssl.SNIServerName', referenced from method com.google.android.gms.org.conscrypt.Platform.getSniHostnameFromParams
W/dalvikvm( 2151): VFY: unable to resolve check-cast 5160 (Ljavax/net/ssl/SNIServerName;) in Lcom/google/android/gms/org/conscrypt/Platform;
D/dalvikvm( 2151): VFY: replacing opcode 0x1f at 0x0025
D/AndroidRuntime( 2203): CheckJNI is ON
E/dalvikvm( 2151): Could not find class 'javax.net.ssl.SNIHostName', referenced from method com.google.android.gms.org.conscrypt.Platform.setParametersSniHostname
W/dalvikvm( 2151): VFY: unable to resolve new-instance 5159 (Ljavax/net/ssl/SNIHostName;) in Lcom/google/android/gms/org/conscrypt/Platform;
D/dalvikvm( 2151): VFY: replacing opcode 0x22 at 0x0024
E/dalvikvm( 2151): Could not find class 'javax.net.ssl.SNIHostName', referenced from method com.google.android.gms.org.conscrypt.Platform.setParametersSniHostname
W/dalvikvm( 2151): VFY: unable to resolve new-instance 5159 (Ljavax/net/ssl/SNIHostName;) in Lcom/google/android/gms/org/conscrypt/Platform;
D/dalvikvm( 2151): VFY: replacing opcode 0x22 at 0x0024
D/dalvikvm( 2203): Trying to load lib libjavacore.so 0x0
D/dalvikvm( 2203): Added shared lib libjavacore.so 0x0
D/dalvikvm( 2203): Trying to load lib libnativehelper.so 0x0
D/dalvikvm( 2203): Added shared lib libnativehelper.so 0x0
D/dalvikvm( 2203): No JNI_OnLoad found in libnativehelper.so 0x0, skipping init
D/dalvikvm( 1778): GC_FOR_ALLOC freed 147K, 19% free 4855K/5932K, paused 2ms, total 2ms
D/dalvikvm( 2151): GC_FOR_ALLOC freed 231K, 10% free 5072K/5576K, paused 12ms, total 12ms
D/dalvikvm( 2151): DexOpt: unable to opt direct call 0x52f9 at 0x2a in Lcom/google/android/gms/org/conscrypt/Platform;.setParametersSniHostname
D/dalvikvm( 2151): DexOpt: unable to opt direct call 0x52f9 at 0x2a in Lcom/google/android/gms/org/conscrypt/Platform;.setParametersSniHostname
E/dalvikvm( 1778): Could not find class 'javax.net.ssl.SNIServerName', referenced from method com.google.android.gms.org.conscrypt.Platform.getSniHostnameFromParams
W/dalvikvm( 1778): VFY: unable to resolve check-cast 5160 (Ljavax/net/ssl/SNIServerName;) in Lcom/google/android/gms/org/conscrypt/Platform;
D/dalvikvm( 1778): VFY: replacing opcode 0x1f at 0x0025
E/dalvikvm( 1778): Could not find class 'javax.net.ssl.SNIHostName', referenced from method com.google.android.gms.org.conscrypt.Platform.setParametersSniHostname
W/dalvikvm( 1778): VFY: unable to resolve new-instance 5159 (Ljavax/net/ssl/SNIHostName;) in Lcom/google/android/gms/org/conscrypt/Platform;
D/dalvikvm( 1778): VFY: replacing opcode 0x22 at 0x0024
E/dalvikvm( 1778): Could not find class 'javax.net.ssl.SNIHostName', referenced from method com.google.android.gms.org.conscrypt.Platform.setParametersSniHostname
W/dalvikvm( 1778): VFY: unable to resolve new-instance 5159 (Ljavax/net/ssl/SNIHostName;) in Lcom/google/android/gms/org/conscrypt/Platform;
D/dalvikvm( 1778): VFY: replacing opcode 0x22 at 0x0024
D/dalvikvm( 1778): DexOpt: unable to opt direct call 0x52f9 at 0x2a in Lcom/google/android/gms/org/conscrypt/Platform;.setParametersSniHostname
D/dalvikvm( 1778): DexOpt: unable to opt direct call 0x52f9 at 0x2a in Lcom/google/android/gms/org/conscrypt/Platform;.setParametersSniHostname
D/dalvikvm( 2203): Note: class Landroid/app/ActivityManagerNative; has 179 unimplemented (abstract) methods
I/ProviderInstaller( 2151): Installed default security provider GmsCore_OpenSSL
D/dalvikvm( 1778): GC_FOR_ALLOC freed 426K, 15% free 5051K/5932K, paused 3ms, total 3ms
E/memtrack( 2203): Couldn't load memtrack module (No such file or directory)
E/android.os.Debug( 2203): failed to load memtrack module: -2
I/ProviderInstaller( 1778): Installed default security provider GmsCore_OpenSSL
D/dalvikvm( 1797): GC_EXPLICIT freed 457K, 17% free 3194K/3836K, paused 0ms+0ms, total 2ms
I/Safeboot( 1778): Checking safeboot...
D/AndroidRuntime( 2203): Calling main entry com.android.commands.am.Am
I/Safeboot( 2151): Checking safeboot...
I/Safeboot( 2151): Not entering safeboot; wrong process.
D/dalvikvm( 1568): GC_FOR_ALLOC freed 1082K, 53% free 7304K/15268K, paused 32ms, total 32ms
D/dalvikvm( 2151): GC_FOR_ALLOC freed 433K, 12% free 5284K/5956K, paused 5ms, total 5ms
D/AndroidRuntime( 2203): Shutting down VM
D/jdwp    ( 2203): Got wake-up signal, bailing out of select
I/ActivityManager( 1568): Start proc it.unina.android.ripper_service:android_ripper_service_process for service it.unina.android.ripper_service/.AndroidRipperService: pid=2214 uid=10057 gids={50057, 3003, 1028, 1015}
D/dalvikvm( 2203): Debugger has detached; object registry had 1 entries
E/dalvikvm( 2151): Could not find class 'com.google.common.flogger.backend.google.GooglePlatform', referenced from method beui.a
W/dalvikvm( 2151): VFY: unable to resolve const-class 4605 (Lcom/google/common/flogger/backend/google/GooglePlatform;) in Lbeui;
D/dalvikvm( 2151): VFY: replacing opcode 0x1c at 0x001b
I/Safeboot Condition( 1778): No need to enter Safeboot.
V/AndroidRipperService( 2214): onCreate()
V/SERVER  ( 2214): Starting ServerSocket on PORT 18888
V/SERVER  ( 2214): Started ServerSocket on PORT 18888
E/dalvikvm( 1778): Could not find class 'com.google.common.flogger.backend.google.GooglePlatform', referenced from method beui.a
W/dalvikvm( 1778): VFY: unable to resolve const-class 4605 (Lcom/google/common/flogger/backend/google/GooglePlatform;) in Lbeui;
D/dalvikvm( 1778): VFY: replacing opcode 0x1c at 0x001b
V/SERVER  ( 2214): Ready to accept connections on port: 18888
I/auxu    ( 2151): Primes not initialized, returning default (no-op) Primes instance which will ignore all calls. Please call Primes.initialize(...) before using any Primes API.
I/DeviceDrDatabaseHelper( 1778): Creating databases!
I/auxu    ( 1778): Primes not initialized, returning default (no-op) Primes instance which will ignore all calls. Please call Primes.initialize(...) before using any Primes API.
D/dalvikvm( 2151): GC_FOR_ALLOC freed 309K, 9% free 5684K/6236K, paused 5ms, total 5ms
I/dalvikvm( 2151): Could not find method android.content.Context.bindService, referenced from method uws.bindService
W/dalvikvm( 2151): VFY: unable to resolve virtual method 2453: Landroid/content/Context;.bindService (Landroid/content/Intent;ILjava/util/concurrent/Executor;Landroid/content/ServiceConnection;)Z
D/dalvikvm( 2151): VFY: replacing opcode 0x6e at 0x0018
I/dalvikvm( 2151): Could not find method android.content.Context.bindService, referenced from method uws.bindService
W/dalvikvm( 2151): VFY: unable to resolve virtual method 2453: Landroid/content/Context;.bindService (Landroid/content/Intent;ILjava/util/concurrent/Executor;Landroid/content/ServiceConnection;)Z
D/dalvikvm( 2151): VFY: replacing opcode 0x6e at 0x0030
I/dalvikvm( 2151): Could not find method android.content.Context.startForegroundService, referenced from method uws.startForegroundService
W/dalvikvm( 2151): VFY: unable to resolve virtual method 2501: Landroid/content/Context;.startForegroundService (Landroid/content/Intent;)Landroid/content/ComponentName;
D/dalvikvm( 2151): VFY: replacing opcode 0x6e at 0x001c
I/dalvikvm( 2151): Could not find method android.content.Context.startForegroundService, referenced from method uws.startForegroundService
W/dalvikvm( 2151): VFY: unable to resolve virtual method 2501: Landroid/content/Context;.startForegroundService (Landroid/content/Intent;)Landroid/content/ComponentName;
D/dalvikvm( 2151): VFY: replacing opcode 0x6e at 0x0028
I/dalvikvm( 2151): Could not find method android.os.PowerManager.isPowerSaveMode, referenced from method uwl.a
W/dalvikvm( 2151): VFY: unable to resolve virtual method 3047: Landroid/os/PowerManager;.isPowerSaveMode ()Z
D/dalvikvm( 2151): VFY: replacing opcode 0x6e at 0x0010
I/dalvikvm( 1778): Could not find method android.content.Context.bindService, referenced from method uws.bindService
W/dalvikvm( 1778): VFY: unable to resolve virtual method 2453: Landroid/content/Context;.bindService (Landroid/content/Intent;ILjava/util/concurrent/Executor;Landroid/content/ServiceConnection;)Z
D/dalvikvm( 1778): VFY: replacing opcode 0x6e at 0x0018
I/dalvikvm( 1778): Could not find method android.content.Context.bindService, referenced from method uws.bindService
W/dalvikvm( 1778): VFY: unable to resolve virtual method 2453: Landroid/content/Context;.bindService (Landroid/content/Intent;ILjava/util/concurrent/Executor;Landroid/content/ServiceConnection;)Z
D/dalvikvm( 1778): VFY: replacing opcode 0x6e at 0x0030
I/dalvikvm( 1778): Could not find method android.content.Context.startForegroundService, referenced from method uws.startForegroundService
W/dalvikvm( 1778): VFY: unable to resolve virtual method 2501: Landroid/content/Context;.startForegroundService (Landroid/content/Intent;)Landroid/content/ComponentName;
D/dalvikvm( 1778): VFY: replacing opcode 0x6e at 0x001c
I/dalvikvm( 1778): Could not find method android.content.Context.startForegroundService, referenced from method uws.startForegroundService
W/dalvikvm( 1778): VFY: unable to resolve virtual method 2501: Landroid/content/Context;.startForegroundService (Landroid/content/Intent;)Landroid/content/ComponentName;
D/dalvikvm( 1778): VFY: replacing opcode 0x6e at 0x0028
I/dalvikvm( 1778): Could not find method android.os.PowerManager.isPowerSaveMode, referenced from method uwl.a
W/dalvikvm( 1778): VFY: unable to resolve virtual method 3047: Landroid/os/PowerManager;.isPowerSaveMode ()Z
D/dalvikvm( 1778): VFY: replacing opcode 0x6e at 0x0010
D/dalvikvm( 1778): GC_FOR_ALLOC freed 404K, 11% free 5332K/5932K, paused 3ms, total 3ms
I/dalvikvm( 1778): Could not find method android.os.PowerManager.isPowerSaveMode, referenced from method ayli.c
W/dalvikvm( 1778): VFY: unable to resolve virtual method 1679: Landroid/os/PowerManager;.isPowerSaveMode ()Z
D/dalvikvm( 1778): VFY: replacing opcode 0x6e at 0x000a
E/dalvikvm( 1778): Could not find class 'android.content.RestrictionsManager', referenced from method axpy.a
W/dalvikvm( 1778): VFY: unable to resolve check-cast 215 (Landroid/content/RestrictionsManager;) in Laxpy;
D/dalvikvm( 1778): VFY: replacing opcode 0x1f at 0x009b
D/dalvikvm( 2151): GC_FOR_ALLOC freed 243K, 8% free 6238K/6772K, paused 3ms, total 3ms
D/dalvikvm( 1568): GC_FOR_ALLOC freed 1072K, 53% free 7314K/15268K, paused 9ms, total 9ms
D/dalvikvm( 1797): GC_FOR_ALLOC freed 491K, 19% free 3209K/3952K, paused 2ms, total 2ms
D/dalvikvm( 2151): GC_FOR_ALLOC freed 261K, 8% free 6921K/7508K, paused 4ms, total 4ms
D/dalvikvm( 1778): GC_FOR_ALLOC freed 672K, 14% free 5420K/6296K, paused 11ms, total 11ms
E/SQLiteLog( 1778): (1) no such table: Packages
D/dalvikvm( 1568): GC_FOR_ALLOC freed 1069K, 53% free 7324K/15268K, paused 10ms, total 10ms
I/NativeLibraryUtils( 2151): Extraction to /data/data/com.google.android.gms/app_extracted_libs/x86/libAppDataSearch.so true
D/dalvikvm( 1778): GC_FOR_ALLOC freed 753K, 15% free 5456K/6412K, paused 3ms, total 3ms
E/ConfigFileUtils( 2151): Failed to read config file: /data/data/com.google.android.gms/app_chimera/current_fileapks.pb: open failed: ENOENT (No such file or directory)
I/dalvikvm( 1778): Could not find method android.content.ServiceConnection.onNullBinding, referenced from method uxb.onNullBinding
W/dalvikvm( 1778): VFY: unable to resolve interface method 2566: Landroid/content/ServiceConnection;.onNullBinding (Landroid/content/ComponentName;)V
I/GmsModuleFndr( 2151): Beginning GMS chimera module scan
D/dalvikvm( 1778): VFY: replacing opcode 0x72 at 0x000f
I/NativeLibraryUtils( 2151): Extraction to /data/data/com.google.android.gms/app_extracted_libs/x86/libWhisper.so true
D/dalvikvm( 1568): GC_FOR_ALLOC freed 1119K, 53% free 7292K/15268K, paused 30ms, total 30ms
E/ConfigFileUtils( 2151): Failed to read config file: /data/data/com.google.android.gms/app_chimera/current_fileapks.pb: open failed: ENOENT (No such file or directory)
I/ModuleSetMgr( 2151): Computing pending module set with APKs: []
I/ModuleSetMgr( 2151): Pending container module APKs: []
I/ModuleSetMgr( 2151): Pending non-container module APKs: []
E/ConfigFileUtils( 2151): Failed to read config file: /data/data/com.google.android.gms/app_chimera/current_fileapks.pb: open failed: ENOENT (No such file or directory)
I/dalvikvm( 2151): Could not find method android.accounts.AccountManager.removeAccount, referenced from method ymq.c
W/dalvikvm( 2151): VFY: unable to resolve virtual method 4165: Landroid/accounts/AccountManager;.removeAccount (Landroid/accounts/Account;Landroid/app/Activity;Landroid/accounts/AccountManagerCallback;Landroid/os/Handler;)Landroid/accounts/AccountManagerFuture;
D/dalvikvm( 2151): VFY: replacing opcode 0x6e at 0x0009
I/dalvikvm( 2151): Could not find method android.accounts.AccountManager.removeAccountExplicitly, referenced from method ymq.d
W/dalvikvm( 2151): VFY: unable to resolve virtual method 4166: Landroid/accounts/AccountManager;.removeAccountExplicitly (Landroid/accounts/Account;)Z
D/dalvikvm( 2151): VFY: replacing opcode 0x6e at 0x0008
E/ConfigFileUtils( 2151): Failed to read config file: /data/data/com.google.android.gms/app_chimera/current_fileapks.pb: open failed: ENOENT (No such file or directory)
I/GmsModuleFndr( 2151): Beginning GMS chimera module scan
E/ConfigFileUtils( 2151): Failed to read config file: /data/data/com.google.android.gms/app_chimera/current_fileapks.pb: open failed: ENOENT (No such file or directory)
I/ModuleSetMgr( 2151): Computing pending module set with APKs: []
I/ModuleSetMgr( 2151): Pending container module APKs: []
I/ModuleSetMgr( 2151): Pending non-container module APKs: []
E/ConfigFileUtils( 2151): Failed to read config file: /data/data/com.google.android.gms/app_chimera/current_fileapks.pb: open failed: ENOENT (No such file or directory)
I/NativeLibraryUtils( 2151): Extraction to /data/data/com.google.android.gms/app_extracted_libs/x86/libconscrypt_gmscore_jni.so true
I/NativeLibraryUtils( 2151): Extraction to /data/data/com.google.android.gms/app_extracted_libs/x86/libgcastv2_base.so true
D/dalvikvm( 1778): GC_FOR_ALLOC freed 669K, 14% free 5597K/6460K, paused 5ms, total 5ms
I/NativeLibraryUtils( 2151): Extraction to /data/data/com.google.android.gms/app_extracted_libs/x86/libgcastv2_support.so true
I/NativeLibraryUtils( 2151): Extraction to /data/data/com.google.android.gms/app_extracted_libs/x86/libgmscore.so true
D/dalvikvm( 2151): GC_FOR_ALLOC freed 1082K, 16% free 7073K/8420K, paused 6ms, total 6ms
E/StrictMode( 2151): A resource was acquired at attached stack trace but never released. See java.io.Closeable for information on avoiding resource leaks.
E/StrictMode( 2151): java.lang.Throwable: Explicit termination method 'end' not called
E/StrictMode( 2151): 	at dalvik.system.CloseGuard.open(CloseGuard.java:184)
E/StrictMode( 2151): 	at java.util.zip.Inflater.<init>(Inflater.java:82)
E/StrictMode( 2151): 	at java.util.zip.ZipFile.getInputStream(ZipFile.java:310)
E/StrictMode( 2151): 	at npp.d(:com.google.android.gms@202414005@20.24.14 (000700-319035315):36)
E/StrictMode( 2151): 	at mob.run(:com.google.android.gms@202414005@20.24.14 (000700-319035315):0)
E/ConfigFileUtils( 2151): Failed to read config file: /data/data/com.google.android.gms/app_chimera/current_fileapks.pb: open failed: ENOENT (No such file or directory)
I/GmsModuleFndr( 2151): Beginning GMS chimera module scan
D/dalvikvm( 1568): GC_FOR_ALLOC freed 1074K, 53% free 7285K/15268K, paused 10ms, total 11ms
I/NativeLibraryUtils( 2151): Extraction to /data/data/com.google.android.gms/app_extracted_libs/x86/libgoogle-ocrclient-v3.so true
E/ConfigFileUtils( 2151): Failed to read config file: /data/data/com.google.android.gms/app_chimera/current_fileapks.pb: open failed: ENOENT (No such file or directory)
I/ModuleSetMgr( 2151): Computing pending module set with APKs: []
I/ModuleSetMgr( 2151): Pending container module APKs: []
I/ModuleSetMgr( 2151): Pending non-container module APKs: []
E/ConfigFileUtils( 2151): Failed to read config file: /data/data/com.google.android.gms/app_chimera/current_fileapks.pb: open failed: ENOENT (No such file or directory)
W/ModuleManager( 1778): Unable to get current module's fulfilled APIs in ModuleManager created with non-module Context
I/dalvikvm( 1778): Could not find method android.system.Os.statvfs, referenced from method mbx.a
W/dalvikvm( 1778): VFY: unable to resolve static method 5777: Landroid/system/Os;.statvfs (Ljava/lang/String;)Landroid/system/StructStatVfs;
D/dalvikvm( 1778): VFY: replacing opcode 0x71 at 0x0029
I/dalvikvm( 1778): DexOpt: unable to optimize instance field ref 0x076d at 0x2d in Lmbx;.a
D/dalvikvm( 1778): GC_EXPLICIT freed 449K, 14% free 5557K/6460K, paused 1ms+1ms, total 5ms
I/NativeLibraryUtils( 2151): Extraction to /data/data/com.google.android.gms/app_extracted_libs/x86/libinertial-anchor-jni.so true
I/NativeLibraryUtils( 2151): Extraction to /data/data/com.google.android.gms/app_extracted_libs/x86/libjgcastservice.so true
D/dalvikvm( 1568): GC_FOR_ALLOC freed 944K, 52% free 7417K/15268K, paused 13ms, total 13ms
I/dalvikvm( 1778): Could not find method android.os.UserHandle.isOwner, referenced from method ahls.a
W/dalvikvm( 1778): VFY: unable to resolve virtual method 29745: Landroid/os/UserHandle;.isOwner ()Z
D/dalvikvm( 1778): VFY: replacing opcode 0x6e at 0x000a
E/BluetoothAdapter( 1850): Bluetooth binder is null
I/NearbyDiscovery( 1778): DiscoveryService created [CONTEXT service_id=49 ]
I/dalvikvm( 2151): Could not find method android.app.Activity.getMediaController, referenced from method com.google.android.chimera.ActivityBase.getMediaController
W/dalvikvm( 2151): VFY: unable to resolve virtual method 2155: Landroid/app/Activity;.getMediaController ()Landroid/media/session/MediaController;
D/dalvikvm( 2151): VFY: replacing opcode 0x6e at 0x0002
I/dalvikvm( 2151): Could not find method android.app.Activity.getSearchEvent, referenced from method com.google.android.chimera.ActivityBase.getSearchEvent
W/dalvikvm( 2151): VFY: unable to resolve virtual method 2160: Landroid/app/Activity;.getSearchEvent ()Landroid/view/SearchEvent;
D/dalvikvm( 2151): VFY: replacing opcode 0x6e at 0x0002
W/dalvikvm( 2151): VFY: unable to find class referenced in signature (Landroid/app/VoiceInteractor;)
W/dalvikvm( 2151): VFY: unable to find class referenced in signature (Landroid/app/VoiceInteractor;)
W/dalvikvm( 2151): VFY: unable to find class referenced in signature (Landroid/os/PersistableBundle;)
W/dalvikvm( 2151): VFY: unable to find class referenced in signature (Landroid/os/PersistableBundle;)
W/dalvikvm( 2151): VFY: unable to find class referenced in signature (Landroid/os/PersistableBundle;)
D/dalvikvm( 2151): GC_FOR_ALLOC freed 1249K, 18% free 7157K/8624K, paused 5ms, total 5ms
W/dalvikvm( 2151): VFY: unable to find class referenced in signature (Landroid/os/PersistableBundle;)
