D/MobileDataStateTracker( 1568): hipri: Received state=DISCONNECTED, old=DISCONNECTED, reason=dataAttached
D/MobileDataStateTracker( 1568): ims: Broadcast received: android.intent.action.ANY_DATA_STATE apnType=ims
D/MobileDataStateTracker( 1568): ims: Received state=DISCONNECTED, old=DISCONNECTED, reason=dataAttached
D/MobileDataStateTracker( 1568): mms: Broadcast received: android.intent.action.ANY_DATA_STATE apnType=mms
D/dalvikvm( 1998): GC_FOR_ALLOC freed 26K, 6% free 3874K/4088K, paused 16ms, total 16ms
I/Choreographer( 1654): Skipped 77 frames!  The application may be doing too much work on its main thread.
D/EGL_emulation( 1654): eglMakeCurrent: 0xb8ee89d0: ver 3 0
D/MobileDataStateTracker( 1568): mms: Received state=DISCONNECTED, old=DISCONNECTED, reason=dataAttached
D/MobileDataStateTracker( 1568): cbs: Broadcast received: android.intent.action.ANY_DATA_STATE apnType=cbs
D/MobileDataStateTracker( 1568): cbs: Received state=DISCONNECTED, old=DISCONNECTED, reason=dataAttached
D/MobileDataStateTracker( 1568): fota: Broadcast received: android.intent.action.ANY_DATA_STATE apnType=fota
D/MobileDataStateTracker( 1568): fota: Received state=DISCONNECTED, old=DISCONNECTED, reason=dataAttached
D/MobileDataStateTracker( 1568): ia: Broadcast received: android.intent.action.ANY_DATA_STATE apnType=ia
D/MobileDataStateTracker( 1568): ia: Received state=DISCONNECTED, old=DISCONNECTED, reason=dataAttached
D/MobileDataStateTracker( 1568): supl: Broadcast received: android.intent.action.ANY_DATA_STATE apnType=supl
D/MobileDataStateTracker( 1568): supl: Received state=DISCONNECTED, old=DISCONNECTED, reason=dataAttached
D/MobileDataStateTracker( 1568): hipri: Broadcast received: android.intent.action.ANY_DATA_STATE apnType=hipri
D/MobileDataStateTracker( 1568): hipri: Received state=DISCONNECTED, old=DISCONNECTED, reason=dataAttached
D/MobileDataStateTracker( 1568): ims: Broadcast received: android.intent.action.ANY_DATA_STATE apnType=ims
D/MobileDataStateTracker( 1568): ims: Received state=DISCONNECTED, old=DISCONNECTED, reason=dataAttached
D/MobileDataStateTracker( 1568): mms: Broadcast received: android.intent.action.ANY_DATA_STATE apnType=mms
D/MobileDataStateTracker( 1568): mms: Received state=DISCONNECTED, old=DISCONNECTED, reason=dataAttached
D/MobileDataStateTracker( 1568): cbs: Broadcast received: android.intent.action.ANY_DATA_STATE apnType=cbs
D/MobileDataStateTracker( 1568): cbs: Received state=DISCONNECTED, old=DISCONNECTED, reason=dataAttached
I/DownloadManager( 1863): Download 3 starting
W/DownloadManager( 1863): Aborting request for download 3: NO_CONNECTION
D/MccTable( 1834): updateMccMncConfiguration: mcc=310, mnc=260
D/MccTable( 1834): getLocaleFromMcc to en_us mcc=310
D/MccTable( 1834): getLocaleForLanguageCountry: got match
D/MccTable( 1834): getLocaleForLanguageCountry: X locale=en_US
D/MccTable( 1834): WIFI_COUNTRY_CODE set to us
I/WifiService( 1568): WifiService trying to set country code to us with persist set to true
I/ContactsFTS( 1814): Rebuild contact search index in 317ms, 0 contacts
I/DownloadManager( 1863): Download 3 finished with status WAITING_FOR_NETWORK
I/dalvikvm-heap( 1998): Grow heap (frag case) to 8.169MB for 4410012-byte allocation
D/MccTable( 1834): updateMccMncConfiguration updateConfig config={1.0 310mcc260mnc en_US ldltr ?swdp ?wdp ?hdp ?density ?lsize ?long ?orien ?uimode ?night ?touch ?keyb/?/? ?nav/?}
I/ActivityManager( 1568): Config changes=3 {1.0 310mcc260mnc en_US ldltr sw411dp w411dp h658dp 420dpi nrml port finger qwerty/v/v dpad/v s.5}
D/PermissionCache( 1144): checking android.permission.READ_FRAME_BUFFER for uid=1000 => granted (34 us)
D/gralloc_ranchu( 1144): gralloc_alloc: Creating ashmem region of size 8294400
D/dalvikvm( 1998): GC_FOR_ALLOC freed 1K, 3% free 8179K/8396K, paused 5ms, total 5ms
D/dalvikvm( 1568): GC_FOR_ALLOC freed 988K, 53% free 7182K/15268K, paused 25ms, total 25ms
D/MccTable( 1834): updateMccMncConfiguration: mcc=310, mnc=260
D/MccTable( 1834): getLocaleFromMcc to en_us mcc=310
D/MccTable( 1834): getLocaleForLanguageCountry: skipping already persisted
D/MccTable( 1834): getLocaleForLanguageCountry: X locale=null
D/MccTable( 1834): WIFI_COUNTRY_CODE set to us
I/WifiService( 1568): WifiService trying to set country code to us with persist set to true
D/dalvikvm( 1834): GC_FOR_ALLOC freed 386K, 15% free 3511K/4100K, paused 4ms, total 4ms
D/MccTable( 1834): updateMccMncConfiguration updateConfig config={1.0 310mcc260mnc ?locale ?layoutDir ?swdp ?wdp ?hdp ?density ?lsize ?long ?orien ?uimode ?night ?touch ?keyb/?/? ?nav/?}
W/Resources( 1998): Converting to int: TypedValue{t=0x3/d=0x12 "4" a=-1}
W/Resources( 1998): Converting to int: TypedValue{t=0x3/d=0xf "1" a=-1}
W/Resources( 1998): Converting to int: TypedValue{t=0x3/d=0x15 "2" a=-1}
W/Resources( 1998): Converting to int: TypedValue{t=0x3/d=0x15 "2" a=-1}
D/EGL_emulation( 1654): eglMakeCurrent: 0xb8ee89d0: ver 3 0
W/Launcher.LauncherProvider( 1998): Unable to add favorite: com.android.camera2/com.android.camera.CameraLauncher
W/Launcher.LauncherProvider( 1998): android.content.pm.PackageManager$NameNotFoundException: ComponentInfo{com.android.camera2/com.android.camera.CameraLauncher}
W/Launcher.LauncherProvider( 1998): 	at android.app.ApplicationPackageManager.getActivityInfo(ApplicationPackageManager.java:242)
W/Launcher.LauncherProvider( 1998): 	at com.android.launcher2.LauncherProvider$DatabaseHelper.addAppShortcut(LauncherProvider.java:939)
W/Launcher.LauncherProvider( 1998): 	at com.android.launcher2.LauncherProvider$DatabaseHelper.loadFavorites(LauncherProvider.java:843)
W/Launcher.LauncherProvider( 1998): 	at com.android.launcher2.LauncherProvider$DatabaseHelper.access$000(LauncherProvider.java:233)
W/Launcher.LauncherProvider( 1998): 	at com.android.launcher2.LauncherProvider.loadDefaultFavoritesIfNecessary(LauncherProvider.java:228)
W/Launcher.LauncherProvider( 1998): 	at com.android.launcher2.LauncherModel$LoaderTask.loadWorkspace(LauncherModel.java:1263)
W/Launcher.LauncherProvider( 1998): 	at com.android.launcher2.LauncherModel$LoaderTask.loadAndBindWorkspace(LauncherModel.java:1005)
W/Launcher.LauncherProvider( 1998): 	at com.android.launcher2.LauncherModel$LoaderTask.run(LauncherModel.java:1111)
W/Launcher.LauncherProvider( 1998): 	at android.os.Handler.handleCallback(Handler.java:733)
W/Launcher.LauncherProvider( 1998): 	at android.os.Handler.dispatchMessage(Handler.java:95)
W/Launcher.LauncherProvider( 1998): 	at android.os.Looper.loop(Looper.java:136)
W/Launcher.LauncherProvider( 1998): 	at android.os.HandlerThread.run(HandlerThread.java:61)
W/Launcher.LauncherProvider( 1998): Unable to add favorite: com.android.gallery3d/com.android.gallery3d.app.Gallery
W/Launcher.LauncherProvider( 1998): android.content.pm.PackageManager$NameNotFoundException: ComponentInfo{com.android.gallery3d/com.android.gallery3d.app.Gallery}
W/Launcher.LauncherProvider( 1998): 	at android.app.ApplicationPackageManager.getActivityInfo(ApplicationPackageManager.java:242)
W/Launcher.LauncherProvider( 1998): 	at com.android.launcher2.LauncherProvider$DatabaseHelper.addAppShortcut(LauncherProvider.java:939)
W/Launcher.LauncherProvider( 1998): 	at com.android.launcher2.LauncherProvider$DatabaseHelper.loadFavorites(LauncherProvider.java:843)
W/Launcher.LauncherProvider( 1998): 	at com.android.launcher2.LauncherProvider$DatabaseHelper.access$000(LauncherProvider.java:233)
W/Launcher.LauncherProvider( 1998): 	at com.android.launcher2.LauncherProvider.loadDefaultFavoritesIfNecessary(LauncherProvider.java:228)
W/Launcher.LauncherProvider( 1998): 	at com.android.launcher2.LauncherModel$LoaderTask.loadWorkspace(LauncherModel.java:1263)
W/Launcher.LauncherProvider( 1998): 	at com.android.launcher2.LauncherModel$LoaderTask.loadAndBindWorkspace(LauncherModel.java:1005)
W/Launcher.LauncherProvider( 1998): 	at com.android.launcher2.LauncherModel$LoaderTask.run(LauncherModel.java:1111)
W/Launcher.LauncherProvider( 1998): 	at android.os.Handler.handleCallback(Handler.java:733)
W/Launcher.LauncherProvider( 1998): 	at android.os.Handler.dispatchMessage(Handler.java:95)
W/Launcher.LauncherProvider( 1998): 	at android.os.Looper.loop(Looper.java:136)
W/Launcher.LauncherProvider( 1998): 	at android.os.HandlerThread.run(HandlerThread.java:61)
D/EGL_emulation( 1654): eglMakeCurrent: 0xb8ee89d0: ver 3 0
D/dalvikvm( 1834): GC_FOR_ALLOC freed 416K, 15% free 3609K/4212K, paused 9ms, total 9ms
D/EGL_emulation( 1654): eglMakeCurrent: 0xb8ee89d0: ver 3 0
D/EGL_emulation( 1654): eglMakeCurrent: 0xb8ee89d0: ver 3 0
D/PhoneStatusBar( 1654): mSettingsPanelGravity = 55
D/EGL_emulation( 1654): eglMakeCurrent: 0xb8ee89d0: ver 3 0
D/dalvikvm( 1654): GC_FOR_ALLOC freed 17583K, 67% free 8923K/26692K, paused 7ms, total 7ms
I/dalvikvm-heap( 1654): Grow heap (frag case) to 11.820MB for 3072012-byte allocation
D/Launcher.Model( 1998): Reload apps on config change. curr_mcc:310 prevmcc:0
D/MobileDataStateTracker( 1568): fota: Broadcast received: android.intent.action.ANY_DATA_STATE apnType=fota
D/MobileDataStateTracker( 1568): fota: Received state=DISCONNECTED, old=DISCONNECTED, reason=simLoaded
D/MobileDataStateTracker( 1568): ia: Broadcast received: android.intent.action.ANY_DATA_STATE apnType=ia
D/MobileDataStateTracker( 1568): ia: Received state=DISCONNECTED, old=DISCONNECTED, reason=simLoaded
D/MobileDataStateTracker( 1568): supl: Broadcast received: android.intent.action.ANY_DATA_STATE apnType=supl
D/MobileDataStateTracker( 1568): supl: Received state=DISCONNECTED, old=DISCONNECTED, reason=simLoaded
D/MobileDataStateTracker( 1568): hipri: Broadcast received: android.intent.action.ANY_DATA_STATE apnType=hipri
D/MobileDataStateTracker( 1568): hipri: Received state=DISCONNECTED, old=DISCONNECTED, reason=simLoaded
D/Launcher.Model( 1998): going to save icon bitmap for info=ShortcutInfo(title=Peopleintent=Intent { act=android.intent.action.MAIN cat=[android.intent.category.LAUNCHER] flg=0x10200000 cmp=com.android.contacts/.activities.PeopleActivity }id=8 type=0 container=-101 screen=1 cellX=1 cellY=0 spanX=1 spanY=1 dropPos=null)
D/MobileDataStateTracker( 1568): ims: Broadcast received: android.intent.action.ANY_DATA_STATE apnType=ims
D/MobileDataStateTracker( 1568): ims: Received state=DISCONNECTED, old=DISCONNECTED, reason=simLoaded
D/MobileDataStateTracker( 1568): mms: Broadcast received: android.intent.action.ANY_DATA_STATE apnType=mms
D/MobileDataStateTracker( 1568): mms: Received state=DISCONNECTED, old=DISCONNECTED, reason=simLoaded
D/MobileDataStateTracker( 1568): cbs: Broadcast received: android.intent.action.ANY_DATA_STATE apnType=cbs
D/MobileDataStateTracker( 1568): cbs: Received state=DISCONNECTED, old=DISCONNECTED, reason=simLoaded
D/        ( 1998): HostConnection::get() New Host Connection established 0xb8f253c0, tid 1998
D/EGL_emulation( 1998): eglCreateContext: 0xb8f351a0: maj 3 min 0 rcv 3
D/dalvikvm( 1654): GC_FOR_ALLOC freed 6K, 56% free 11916K/26692K, paused 24ms, total 24ms
D/dalvikvm( 1654): GC_FOR_ALLOC freed <1K, 56% free 11916K/26692K, paused 4ms, total 4ms
D/EGL_emulation( 1998): eglMakeCurrent: 0xb8f351a0: ver 3 0
E/eglCodecCommon( 1998): glUtilsParamSize: unknow param 0x00008cdf
E/eglCodecCommon( 1998): glUtilsParamSize: unknow param 0x00008824
E/EGL_emulation( 1998): tid 1998: eglSurfaceAttrib(1199): error 0x3009 (EGL_BAD_MATCH)
W/HardwareRenderer( 1998): Backbuffer cannot be preserved
D/OpenGLRenderer( 1998): Enabling debug mode 0
D/MobileDataStateTracker( 1568): default: Broadcast received: android.intent.action.ANY_DATA_STATE apnType=default
D/MobileDataStateTracker( 1568): default: Received state=CONNECTING, old=DISCONNECTED, reason=simLoaded
D/MobileDataStateTracker( 1568): default: setDetailed state, old =IDLE and new state=CONNECTING
D/MobileDataStateTracker( 1568): fota: Broadcast received: android.intent.action.ANY_DATA_STATE apnType=fota
D/MobileDataStateTracker( 1568): fota: Received state=DISCONNECTED, old=DISCONNECTED, reason=simLoaded
D/MobileDataStateTracker( 1568): ia: Broadcast received: android.intent.action.ANY_DATA_STATE apnType=ia
D/MobileDataStateTracker( 1568): ia: Received state=DISCONNECTED, old=DISCONNECTED, reason=simLoaded
D/MobileDataStateTracker( 1568): supl: Broadcast received: android.intent.action.ANY_DATA_STATE apnType=supl
D/MobileDataStateTracker( 1568): supl: Received state=DISCONNECTED, old=DISCONNECTED, reason=simLoaded
D/MobileDataStateTracker( 1568): hipri: Broadcast received: android.intent.action.ANY_DATA_STATE apnType=hipri
D/MobileDataStateTracker( 1568): hipri: Received state=DISCONNECTED, old=DISCONNECTED, reason=simLoaded
D/MobileDataStateTracker( 1568): ims: Broadcast received: android.intent.action.ANY_DATA_STATE apnType=ims
D/MobileDataStateTracker( 1568): ims: Received state=DISCONNECTED, old=DISCONNECTED, reason=simLoaded
D/MobileDataStateTracker( 1568): mms: Broadcast received: android.intent.action.ANY_DATA_STATE apnType=mms
D/MobileDataStateTracker( 1568): mms: Received state=DISCONNECTED, old=DISCONNECTED, reason=simLoaded
D/MobileDataStateTracker( 1568): cbs: Broadcast received: android.intent.action.ANY_DATA_STATE apnType=cbs
D/MobileDataStateTracker( 1568): cbs: Received state=DISCONNECTED, old=DISCONNECTED, reason=simLoaded
D/dalvikvm( 1834): GC_FOR_ALLOC freed 528K, 17% free 3582K/4304K, paused 7ms, total 7ms
D/MobileDataStateTracker( 1568): default: Broadcast received: android.intent.action.ANY_DATA_STATE apnType=default
D/MobileDataStateTracker( 1568): default: Received state=CONNECTED, old=CONNECTING, reason=connected
D/MobileDataStateTracker( 1568): default: setDetailed state, old =CONNECTING and new state=CONNECTED
D/ConnectivityService( 1568): ConnectivityChange for mobile: CONNECTED/CONNECTED
D/ConnectivityService( 1568): ConnectivityChange checkMobileProvisioning for TYPE_MOBILE or ProvisioningNetwork
D/ConnectivityService( 1568): checkMobileProvisioning: E suggestedTimeOutMs=60000
D/ConnectivityService( 1568): setProvNotificationVisible: E visible=false networkType=5 extraInfo=null url=null
D/ConnectivityService( 1568): checkMobileProvisioning: params={ url=http://clients3.google.com/generate_204 mTimeOutMs=60000 mCb=com.android.server.ConnectivityService$5@9d29c278}
D/ConnectivityService( 1568): checkMobileProvisioning: X
D/Launcher.Model( 1998): going to save icon bitmap for info=ShortcutInfo(title=Settingsintent=Intent { act=android.intent.action.MAIN cat=[android.intent.category.LAUNCHER] flg=0x10200000 cmp=com.android.settings/.Settings }id=4 type=0 container=-100 screen=3 cellX=2 cellY=3 spanX=1 spanY=1 dropPos=null)
D/MobileDataStateTracker( 1568): default: isProvisioningNetwork: retVal=false
D/ConnectivityService( 1568): [CheckMp] isMobileOk: isDefaultProvisioning=false
D/MobileDataStateTracker( 1568): hipri: isProvisioningNetwork: retVal=false
D/ConnectivityService( 1568): [CheckMp] isMobileOk: isHipriProvisioning=false
D/ConnectivityService( 1568): [CheckMp] isMobileOk: start hipri url=http://clients3.google.com/generate_204
D/ConnectivityService( 1568): startUsingNetworkFeature reconnecting to 0: enableHIPRI
D/MobileDataStateTracker( 1568): hipri: Broadcast received: android.intent.action.ANY_DATA_STATE apnType=hipri
D/MobileDataStateTracker( 1568): hipri: Received state=CONNECTING, old=DISCONNECTED, reason=dataEnabled
D/MobileDataStateTracker( 1568): hipri: setDetailed state, old =IDLE and new state=CONNECTING
D/MobileDataStateTracker( 1568): fota: Broadcast received: android.intent.action.ANY_DATA_STATE apnType=fota
D/MobileDataStateTracker( 1568): fota: Received state=DISCONNECTED, old=DISCONNECTED, reason=dataEnabled
D/MobileDataStateTracker( 1568): ia: Broadcast received: android.intent.action.ANY_DATA_STATE apnType=ia
D/MobileDataStateTracker( 1568): ia: Received state=DISCONNECTED, old=DISCONNECTED, reason=dataEnabled
D/Nat464Xlat( 1568): requiresClat: netType=0, hasIPv4Address=true
D/MobileDataStateTracker( 1568): supl: Broadcast received: android.intent.action.ANY_DATA_STATE apnType=supl
D/MobileDataStateTracker( 1568): supl: Received state=DISCONNECTED, old=DISCONNECTED, reason=dataEnabled
D/MobileDataStateTracker( 1568): ims: Broadcast received: android.intent.action.ANY_DATA_STATE apnType=ims
D/MobileDataStateTracker( 1568): ims: Received state=DISCONNECTED, old=DISCONNECTED, reason=dataEnabled
D/MobileDataStateTracker( 1568): mms: Broadcast received: android.intent.action.ANY_DATA_STATE apnType=mms
D/MobileDataStateTracker( 1568): mms: Received state=DISCONNECTED, old=DISCONNECTED, reason=dataEnabled
D/MobileDataStateTracker( 1568): cbs: Broadcast received: android.intent.action.ANY_DATA_STATE apnType=cbs
D/MobileDataStateTracker( 1568): cbs: Received state=DISCONNECTED, old=DISCONNECTED, reason=dataEnabled
D/ConnectivityService( 1568): startUsingNetworkFeature X: return APN_REQUEST_STARTED
D/ConnectivityService( 1568): [CheckMp] isMobileOk: hipri started
D/ConnectivityService( 1568): [CheckMp] isMobileOk: not connected ni=NetworkInfo: type: mobile_hipri[LTE], state: DISCONNECTED/IDLE, reason: (unspecified), extra: (none), roaming: false, failover: false, isAvailable: true, isConnectedToProvisioningNetwork: false
D/MobileDataStateTracker( 1568): hipri: Broadcast received: android.intent.action.ANY_DATA_STATE apnType=hipri
D/MobileDataStateTracker( 1568): hipri: Received state=CONNECTED, old=CONNECTING, reason=dataEnabled
D/MobileDataStateTracker( 1568): hipri: setDetailed state, old =IDLE and new state=CONNECTED
D/ConnectivityService( 1568): ConnectivityChange for mobile_hipri: CONNECTED/CONNECTED
D/Launcher.Model( 1998): going to save icon bitmap for info=ShortcutInfo(title=Phoneintent=Intent { act=android.intent.action.MAIN cat=[android.intent.category.LAUNCHER] flg=0x10200000 cmp=com.android.dialer/.DialtactsActivity }id=6 type=0 container=-101 screen=0 cellX=0 cellY=0 spanX=1 spanY=1 dropPos=null)
I/dalvikvm-heap( 1654): Grow heap (frag case) to 26.666MB for 15575052-byte allocation
D/dalvikvm( 1568): GC_FOR_ALLOC freed 1077K, 54% free 7157K/15268K, paused 30ms, total 30ms
D/dalvikvm( 1654): GC_FOR_ALLOC freed 0K, 36% free 27126K/41904K, paused 4ms, total 4ms
D/dalvikvm( 1981): GC_FOR_ALLOC freed 313K, 14% free 3193K/3692K, paused 2ms, total 2ms
W/ActivityManager( 1568): Unable to start service Intent { cmp=com.android.email/.service.AttachmentDownloadService } U=0: not found
W/ActivityManager( 1568): Unable to start service Intent { cmp=com.android.email/.service.AttachmentDownloadService } U=0: not found
D/dalvikvm( 1998): GC_FOR_ALLOC freed 871K, 11% free 8973K/10032K, paused 4ms, total 4ms
D/dalvikvm( 1998): GC_FOR_ALLOC freed 310K, 9% free 9198K/10108K, paused 2ms, total 2ms
I/Email   ( 1981): Observing account changes for notifications
D/gralloc_ranchu( 1144): gralloc_alloc: Creating ashmem region of size 15577088
I/dalvikvm-heap( 1998): Grow heap (frag case) to 16.282MB for 7464972-byte allocation
D/dalvikvm( 1998): GC_FOR_ALLOC freed 2K, 6% free 16485K/17400K, paused 6ms, total 6ms
D/Nat464Xlat( 1568): requiresClat: netType=5, hasIPv4Address=true
V/RenderScript( 1998): 0xb8ec7140 Launching thread(s), CPUs 2
D/EGL_emulation( 1654): eglMakeCurrent: 0xb8ee89d0: ver 3 0
D/EGL_emulation( 1654): eglMakeCurrent: 0xb8ee89d0: ver 3 0
I/ActivityManager( 1568): Displayed com.android.launcher/com.android.launcher2.Launcher: +1s745ms (total +3s279ms)
I/WindowManager( 1568): Screen frozen for +859ms due to Window{9d677a10 u0 com.android.launcher/com.android.launcher2.Launcher}
D/dalvikvm( 1998): GC_FOR_ALLOC freed 69K, 6% free 16777K/17688K, paused 3ms, total 5ms
I/dalvikvm-heap( 1998): Grow heap (frag case) to 23.683MB for 7464972-byte allocation
D/dalvikvm( 1998): GC_FOR_ALLOC freed 3K, 4% free 24064K/24980K, paused 4ms, total 4ms
D/dalvikvm( 1998): GC_FOR_ALLOC freed 7300K, 33% free 16820K/24980K, paused 2ms, total 2ms
D/dalvikvm( 1998): GC_FOR_ALLOC freed <1K, 27% free 18371K/24980K, paused 2ms, total 2ms
D/dalvikvm( 1998): GC_FOR_ALLOC freed <1K, 21% free 19922K/24980K, paused 1ms, total 1ms
I/MultiDex( 1778): Renaming to /data/data/com.google.android.gms/code_cache/secondary-dexes/PrebuiltGmsCore.apk.classes3.zip
I/MultiDex( 1778): Extraction succeeded '/data/data/com.google.android.gms/code_cache/secondary-dexes/PrebuiltGmsCore.apk.classes3.zip': length 3069570 - crc: 1812373452
I/MultiDex( 1778): Extraction is needed for file /data/data/com.google.android.gms/code_cache/secondary-dexes/PrebuiltGmsCore.apk.classes4.zip
I/MultiDex( 1778): Extracting /data/data/com.google.android.gms/code_cache/secondary-dexes/tmp-PrebuiltGmsCore.apk.classes1194914001.zip
I/SurfaceFlinger( 1144): Boot is finished (12040 ms)
D/dalvikvm( 1998): GC_FOR_ALLOC freed 187K, 14% free 21723K/24980K, paused 3ms, total 3ms
D/dalvikvm( 1998): GC_FOR_ALLOC freed 999K, 10% free 22726K/24980K, paused 2ms, total 2ms
D/Launcher.Model( 1998): going to save icon bitmap for info=ShortcutInfo(title=Messagingintent=Intent { act=android.intent.action.MAIN cat=[android.intent.category.LAUNCHER] flg=0x10200000 cmp=com.android.mms/.ui.ConversationList }id=10 type=0 container=-101 screen=3 cellX=3 cellY=0 spanX=1 spanY=1 dropPos=null)
D/Launcher.Model( 1998): going to save icon bitmap for info=ShortcutInfo(title=Browserintent=Intent { act=android.intent.action.MAIN cat=[android.intent.category.LAUNCHER] flg=0x10200000 cmp=com.android.browser/.BrowserActivity }id=12 type=0 container=-101 screen=4 cellX=4 cellY=0 spanX=1 spanY=1 dropPos=null)
D/MobileDataStateTracker( 1568): hipri: isProvisioningNetwork: retVal=false
D/ConnectivityService( 1568): [CheckMp] isMobileOk: isProvisioningNetwork is false, continue
D/ConnectivityService( 1568): [CheckMp] isMobileOk: addresses=clients3.google.com/172.217.13.110,clients3.google.com/2607:f8b0:4020:804::200e
D/ConnectivityService( 1568): [CheckMp] isMobileOk: linkHasIpv4=true linkHasIpv6=false
D/ConnectivityService( 1568): requestRouteToHostAddress ok=true
D/ConnectivityService( 1568): [CheckMp] isMobileOk: wait to establish route to hostAddr=clients3.google.com/172.217.13.110
I/MultiDex( 1778): Renaming to /data/data/com.google.android.gms/code_cache/secondary-dexes/PrebuiltGmsCore.apk.classes4.zip
I/MultiDex( 1778): Extraction succeeded '/data/data/com.google.android.gms/code_cache/secondary-dexes/PrebuiltGmsCore.apk.classes4.zip': length 3729559 - crc: 3858303340
I/MultiDex( 1778): Extraction is needed for file /data/data/com.google.android.gms/code_cache/secondary-dexes/PrebuiltGmsCore.apk.classes5.zip
I/MultiDex( 1778): Extracting /data/data/com.google.android.gms/code_cache/secondary-dexes/tmp-PrebuiltGmsCore.apk.classes1916196927.zip
I/MultiDex( 1778): Renaming to /data/data/com.google.android.gms/code_cache/secondary-dexes/PrebuiltGmsCore.apk.classes5.zip
I/MultiDex( 1778): Extraction succeeded '/data/data/com.google.android.gms/code_cache/secondary-dexes/PrebuiltGmsCore.apk.classes5.zip': length 3584837 - crc: 4123503416
I/MultiDex( 1778): Extraction is needed for file /data/data/com.google.android.gms/code_cache/secondary-dexes/PrebuiltGmsCore.apk.classes6.zip
I/MultiDex( 1778): Extracting /data/data/com.google.android.gms/code_cache/secondary-dexes/tmp-PrebuiltGmsCore.apk.classes-1047150454.zip
I/MultiDex( 1778): Renaming to /data/data/com.google.android.gms/code_cache/secondary-dexes/PrebuiltGmsCore.apk.classes6.zip
I/MultiDex( 1778): Extraction succeeded '/data/data/com.google.android.gms/code_cache/secondary-dexes/PrebuiltGmsCore.apk.classes6.zip': length 2190210 - crc: 2261963046
I/MultiDex( 1778): load found 5 secondary dex files
D/dalvikvm( 1778): DexOpt: --- BEGIN 'PrebuiltGmsCore.apk.classes2.zip' (bootstrap=0) ---
W/linker  ( 2076): libdvm.so has text relocations. This is wasting memory and is a security risk. Please fix.
E/cutils-trace( 2076): Error opening trace file: Permission denied (13)
D/dalvikvm( 2076): GC_FOR_ALLOC freed 842K, 42% free 1204K/2048K, paused 1ms, total 1ms
D/AndroidRuntime( 2079): 
D/AndroidRuntime( 2079): >>>>>> AndroidRuntime START com.android.internal.os.RuntimeInit <<<<<<
W/linker  ( 2079): libdvm.so has text relocations. This is wasting memory and is a security risk. Please fix.
D/AndroidRuntime( 2079): CheckJNI is ON
D/dalvikvm( 2079): Trying to load lib libjavacore.so 0x0
D/dalvikvm( 2079): Added shared lib libjavacore.so 0x0
D/dalvikvm( 2079): Trying to load lib libnativehelper.so 0x0
D/dalvikvm( 2079): Added shared lib libnativehelper.so 0x0
D/dalvikvm( 2079): No JNI_OnLoad found in libnativehelper.so 0x0, skipping init
D/dalvikvm( 2079): Note: class Landroid/app/ActivityManagerNative; has 179 unimplemented (abstract) methods
D/dalvikvm( 2076): DexOpt: couldn't find field Landroid/os/Message;.sendingUid
D/dalvikvm( 1568): GC_EXPLICIT freed 420K, 54% free 7097K/15268K, paused 0ms+1ms, total 8ms
E/memtrack( 2079): Couldn't load memtrack module (No such file or directory)
E/android.os.Debug( 2079): failed to load memtrack module: -2
D/AndroidRuntime( 2079): Calling main entry com.android.commands.pm.Pm
D/AndroidRuntime( 2079): Shutting down VM
D/jdwp    ( 2079): Got wake-up signal, bailing out of select
D/dalvikvm( 2079): Debugger has detached; object registry had 1 entries
I/AndroidRuntime( 2079): NOTE: attach of thread 'Binder_1' failed
D/dalvikvm( 2076): DexOpt: load 81ms, verify+opt 274ms, 9812300 bytes
D/dalvikvm( 1778): DexOpt: --- END 'PrebuiltGmsCore.apk.classes2.zip' (success) ---
D/dalvikvm( 1778): DEX prep '/data/data/com.google.android.gms/code_cache/secondary-dexes/PrebuiltGmsCore.apk.classes2.zip': unzip in 71ms, rewrite 437ms
D/dalvikvm( 1778): DexOpt: --- BEGIN 'PrebuiltGmsCore.apk.classes3.zip' (bootstrap=0) ---
W/linker  ( 2089): libdvm.so has text relocations. This is wasting memory and is a security risk. Please fix.
E/cutils-trace( 2089): Error opening trace file: Permission denied (13)
D/dalvikvm( 2089): GC_FOR_ALLOC freed 888K, 44% free 1158K/2048K, paused 1ms, total 1ms
D/AndroidRuntime( 2091): 
D/AndroidRuntime( 2091): >>>>>> AndroidRuntime START com.android.internal.os.RuntimeInit <<<<<<
W/linker  ( 2091): libdvm.so has text relocations. This is wasting memory and is a security risk. Please fix.
D/AndroidRuntime( 2091): CheckJNI is ON
D/dalvikvm( 2091): Trying to load lib libjavacore.so 0x0
D/dalvikvm( 2091): Added shared lib libjavacore.so 0x0
D/dalvikvm( 2091): Trying to load lib libnativehelper.so 0x0
D/dalvikvm( 2091): Added shared lib libnativehelper.so 0x0
D/dalvikvm( 2091): No JNI_OnLoad found in libnativehelper.so 0x0, skipping init
D/dalvikvm( 2091): Note: class Landroid/app/ActivityManagerNative; has 179 unimplemented (abstract) methods
E/memtrack( 2091): Couldn't load memtrack module (No such file or directory)
E/android.os.Debug( 2091): failed to load memtrack module: -2
D/dalvikvm( 2089): DexOpt: load 35ms, verify+opt 70ms, 4551068 bytes
D/AndroidRuntime( 2091): Calling main entry com.android.commands.pm.Pm
D/AndroidRuntime( 2091): Shutting down VM
D/jdwp    ( 2091): Got wake-up signal, bailing out of select
D/dalvikvm( 2091): Debugger has detached; object registry had 1 entries
D/dalvikvm( 1778): DexOpt: --- END 'PrebuiltGmsCore.apk.classes3.zip' (success) ---
D/dalvikvm( 1778): DEX prep '/data/data/com.google.android.gms/code_cache/secondary-dexes/PrebuiltGmsCore.apk.classes3.zip': unzip in 44ms, rewrite 171ms
D/dalvikvm( 1778): DexOpt: --- BEGIN 'PrebuiltGmsCore.apk.classes4.zip' (bootstrap=0) ---
W/linker  ( 2102): libdvm.so has text relocations. This is wasting memory and is a security risk. Please fix.
E/cutils-trace( 2102): Error opening trace file: Permission denied (13)
D/dalvikvm( 2102): GC_FOR_ALLOC freed 953K, 47% free 1093K/2048K, paused 1ms, total 1ms
D/AndroidRuntime( 2103): 
D/AndroidRuntime( 2103): >>>>>> AndroidRuntime START com.android.internal.os.RuntimeInit <<<<<<
W/linker  ( 2103): libdvm.so has text relocations. This is wasting memory and is a security risk. Please fix.
D/AndroidRuntime( 2103): CheckJNI is ON
D/dalvikvm( 2102): DexOpt: load 51ms, verify+opt 73ms, 5853988 bytes
D/dalvikvm( 2103): Trying to load lib libjavacore.so 0x0
D/dalvikvm( 2103): Added shared lib libjavacore.so 0x0
D/dalvikvm( 2103): Trying to load lib libnativehelper.so 0x0
D/dalvikvm( 2103): Added shared lib libnativehelper.so 0x0
D/dalvikvm( 2103): No JNI_OnLoad found in libnativehelper.so 0x0, skipping init
D/dalvikvm( 2103): Note: class Landroid/app/ActivityManagerNative; has 179 unimplemented (abstract) methods
D/dalvikvm( 1778): DexOpt: --- END 'PrebuiltGmsCore.apk.classes4.zip' (success) ---
D/dalvikvm( 1778): DEX prep '/data/data/com.google.android.gms/code_cache/secondary-dexes/PrebuiltGmsCore.apk.classes4.zip': unzip in 51ms, rewrite 197ms
E/memtrack( 2103): Couldn't load memtrack module (No such file or directory)
E/android.os.Debug( 2103): failed to load memtrack module: -2
D/AndroidRuntime( 2103): Calling main entry com.android.commands.pm.Pm
D/AndroidRuntime( 2103): Shutting down VM
D/jdwp    ( 2103): Got wake-up signal, bailing out of select
D/dalvikvm( 2103): Debugger has detached; object registry had 1 entries
D/Tethering( 1568): MasterInitialState.processMessage what=3
D/CaptivePortalTracker( 1568): NoActiveNetworkState{ when=0 what=1 obj=NetworkInfo: type: mobile[LTE], state: CONNECTED/CONNECTED, reason: connected, extra: epc.tmobile.com, roaming: false, failover: false, isAvailable: true, isConnectedToProvisioningNetwork: false target=com.android.internal.util.StateMachine$SmHandler }
D/CaptivePortalTracker( 1568): NoActiveNetworkState not a wifi connectivity change, ignore
D/dalvikvm( 1778): DexOpt: --- BEGIN 'PrebuiltGmsCore.apk.classes5.zip' (bootstrap=0) ---
W/linker  ( 2115): libdvm.so has text relocations. This is wasting memory and is a security risk. Please fix.
E/cutils-trace( 2115): Error opening trace file: Permission denied (13)
D/dalvikvm( 2115): GC_FOR_ALLOC freed 696K, 35% free 1350K/2048K, paused 1ms, total 1ms
D/Tethering( 1568): MasterInitialState.processMessage what=3
D/CaptivePortalTracker( 1568): NoActiveNetworkState{ when=-1ms what=1 obj=NetworkInfo: type: mobile_hipri[LTE], state: CONNECTED/CONNECTED, reason: dataEnabled, extra: epc.tmobile.com, roaming: false, failover: false, isAvailable: true, isConnectedToProvisioningNetwork: false target=com.android.internal.util.StateMachine$SmHandler }
D/CaptivePortalTracker( 1568): NoActiveNetworkState not a wifi connectivity change, ignore
D/dalvikvm( 2115): DexOpt: couldn't find static field Landroid/view/View;.TRANSLATION_Z
D/AndroidRuntime( 2121): 
D/AndroidRuntime( 2121): >>>>>> AndroidRuntime START com.android.internal.os.RuntimeInit <<<<<<
W/linker  ( 2121): libdvm.so has text relocations. This is wasting memory and is a security risk. Please fix.
D/AndroidRuntime( 2121): CheckJNI is ON
D/dalvikvm( 2121): Trying to load lib libjavacore.so 0x0
D/dalvikvm( 2121): Added shared lib libjavacore.so 0x0
D/dalvikvm( 2121): Trying to load lib libnativehelper.so 0x0
D/dalvikvm( 2121): Added shared lib libnativehelper.so 0x0
D/dalvikvm( 2121): No JNI_OnLoad found in libnativehelper.so 0x0, skipping init
D/dalvikvm( 2121): Note: class Landroid/app/ActivityManagerNative; has 179 unimplemented (abstract) methods
D/GpsLocationProvider( 1568): NTP server returned: 1629039900345 (Sun Aug 15 10:05:00 CDT 2021) reference: 16179 certainty: 2 system time offset: 772
D/dalvikvm( 2115): DexOpt: load 59ms, verify+opt 139ms, 6002044 bytes
E/memtrack( 2121): Couldn't load memtrack module (No such file or directory)
E/android.os.Debug( 2121): failed to load memtrack module: -2
D/AndroidRuntime( 2121): Calling main entry com.android.commands.pm.Pm
D/dalvikvm( 1778): DexOpt: --- END 'PrebuiltGmsCore.apk.classes5.zip' (success) ---
D/dalvikvm( 1778): DEX prep '/data/data/com.google.android.gms/code_cache/secondary-dexes/PrebuiltGmsCore.apk.classes5.zip': unzip in 59ms, rewrite 274ms
I/ActivityManager( 1568): Start proc com.android.defcontainer for service com.android.defcontainer/.DefaultContainerService: pid=2131 uid=10003 gids={50003, 1028, 1015, 1023, 2001, 1035}
I/PackageManager( 1568): Running dexopt on: com.android.defcontainer
W/linker  ( 2144): libdvm.so has text relocations. This is wasting memory and is a security risk. Please fix.
D/dalvikvm( 2144): DexOpt: load 0ms, verify+opt 1ms, 201428 bytes
W/ActivityManager( 1568): No content provider found for permission revoke: file:///data/local/tmp/AndroidRipperService.apk
W/ActivityManager( 1568): No content provider found for permission revoke: file:///data/local/tmp/AndroidRipperService.apk
I/PackageManager( 1568): Copying native libraries to /data/app-lib/vmdl-1554573677
I/PackageParser( 1568): it.unina.android.ripper_service: compat added android.permission.WRITE_EXTERNAL_STORAGE android.permission.READ_PHONE_STATE
D/dalvikvm( 1778): DexOpt: --- BEGIN 'PrebuiltGmsCore.apk.classes6.zip' (bootstrap=0) ---
W/linker  ( 2146): libdvm.so has text relocations. This is wasting memory and is a security risk. Please fix.
I/PackageManager( 1568): Running dexopt on: it.unina.android.ripper_service
W/linker  ( 2148): libdvm.so has text relocations. This is wasting memory and is a security risk. Please fix.
D/dalvikvm( 2148): DexOpt: load 7ms, verify+opt 28ms, 1117628 bytes
I/ActivityManager( 1568): Force stopping it.unina.android.ripper_service appid=10057 user=-1: update pkg
E/cutils-trace( 2146): Error opening trace file: Permission denied (13)
D/dalvikvm( 2146): GC_FOR_ALLOC freed 1274K, 63% free 772K/2048K, paused 1ms, total 1ms
I/InputReader( 1568): Reconfiguring input devices.  changes=0x00000010
I/PackageManager( 1568):   Action: "android.intent.action.SENDTO"
I/PackageManager( 1568):   Category: "android.intent.category.DEFAULT"
I/PackageManager( 1568):   Scheme: "sms"
I/PackageManager( 1568): Adding preferred activity ComponentInfo{com.android.mms/com.android.mms.ui.ComposeMessageActivity} for user 0 :
I/PackageManager( 1568):   Action: "android.intent.action.SENDTO"
I/PackageManager( 1568):   Category: "android.intent.category.DEFAULT"
I/PackageManager( 1568):   Scheme: "smsto"
I/PackageManager( 1568): Adding preferred activity ComponentInfo{com.android.mms/com.android.mms.ui.ComposeMessageActivity} for user 0 :
D/BackupManagerService( 1568): Received broadcast Intent { act=android.intent.action.PACKAGE_ADDED dat=package:it.unina.android.ripper_service flg=0x4000010 (has extras) }
I/PackageManager( 1568):   Action: "android.intent.action.SENDTO"
I/PackageManager( 1568):   Category: "android.intent.category.DEFAULT"
I/PackageManager( 1568):   Scheme: "mms"
I/PackageManager( 1568): Adding preferred activity ComponentInfo{com.android.mms/com.android.mms.ui.ComposeMessageActivity} for user 0 :
D/dalvikvm( 1568): GC_EXPLICIT freed 940K, 53% free 7188K/15268K, paused 1ms+1ms, total 25ms
D/dalvikvm( 1568): WAIT_FOR_CONCURRENT_GC blocked 9ms
D/dalvikvm( 1568): WAIT_FOR_CONCURRENT_GC blocked 8ms
D/AndroidRuntime( 2121): Shutting down VM
I/PackageManager( 1568):   Action: "android.intent.action.SENDTO"
I/PackageManager( 1568):   Category: "android.intent.category.DEFAULT"
I/PackageManager( 1568):   Scheme: "mmsto"
D/jdwp    ( 2121): Got wake-up signal, bailing out of select
D/dalvikvm( 2121): Debugger has detached; object registry had 1 entries
V/BackupManagerService( 1568): addPackageParticipantsLocked: #1
I/PackageManager( 1568): Adding preferred activity ComponentInfo{com.android.mms/com.android.mms.ui.ComposeMessageActivity} for user 0 :
D/dalvikvm( 1834): GC_FOR_ALLOC freed 459K, 16% free 3635K/4304K, paused 3ms, total 3ms
I/PackageManager( 1568):   Action: "android.intent.action.SENDTO"
I/PackageManager( 1568):   Category: "android.intent.category.DEFAULT"
I/PackageManager( 1568):   Scheme: "sms"
I/PackageManager( 1568):   Action: "android.intent.action.SENDTO"
I/PackageManager( 1568):   Category: "android.intent.category.DEFAULT"
I/PackageManager( 1568):   Scheme: "smsto"
I/PackageManager( 1568): Adding preferred activity ComponentInfo{com.android.mms/com.android.mms.ui.ComposeMessageActivity} for user 0 :
I/PackageManager( 1568): Adding preferred activity ComponentInfo{com.android.mms/com.android.mms.ui.ComposeMessageActivity} for user 0 :
I/PackageManager( 1568):   Action: "android.intent.action.SENDTO"
I/PackageManager( 1568):   Category: "android.intent.category.DEFAULT"
I/PackageManager( 1568):   Scheme: "mms"
I/PackageManager( 1568):   Action: "android.intent.action.SENDTO"
I/PackageManager( 1568):   Category: "android.intent.category.DEFAULT"
I/PackageManager( 1568):   Scheme: "mmsto"
I/PackageManager( 1568): Adding preferred activity ComponentInfo{com.android.mms/com.android.mms.ui.ComposeMessageActivity} for user 0 :
I/PackageManager( 1568): Adding preferred activity ComponentInfo{com.android.mms/com.android.mms.ui.ComposeMessageActivity} for user 0 :
D/dalvikvm( 2146): DexOpt: load 55ms, verify+opt 108ms, 4410764 bytes
D/dalvikvm( 1778): DexOpt: --- END 'PrebuiltGmsCore.apk.classes6.zip' (success) ---
D/dalvikvm( 1778): DEX prep '/data/data/com.google.android.gms/code_cache/secondary-dexes/PrebuiltGmsCore.apk.classes6.zip': unzip in 46ms, rewrite 231ms
I/MultiDex( 1778): install done
I/dalvikvm( 1778): Could not find method android.content.ContentProvider.query, referenced from method brf.superQuery
W/dalvikvm( 1778): VFY: unable to resolve virtual method 2428: Landroid/content/ContentProvider;.query (Landroid/net/Uri;[Ljava/lang/String;Landroid/os/Bundle;Landroid/os/CancellationSignal;)Landroid/database/Cursor;
D/dalvikvm( 1778): VFY: replacing opcode 0x6f at 0x0000
D/dalvikvm( 1778): GC_FOR_ALLOC freed 376K, 13% free 4684K/5340K, paused 3ms, total 3ms
I/dalvikvm( 1778): Could not find method android.os.UserHandle.isOwner, referenced from method nmy.f
W/dalvikvm( 1778): VFY: unable to resolve virtual method 3081: Landroid/os/UserHandle;.isOwner ()Z
D/dalvikvm( 1778): VFY: replacing opcode 0x6e at 0x000a
D/dalvikvm( 1778): DexOpt: couldn't find field Landroid/content/pm/ApplicationInfo;.splitSourceDirs
W/dalvikvm( 1778): VFY: unable to resolve instance field 1475
D/dalvikvm( 1778): VFY: replacing opcode 0x54 at 0x0055
D/dalvikvm( 1778): DexOpt: couldn't find static field Landroid/os/Build;.SUPPORTED_ABIS
W/dalvikvm( 1778): VFY: unable to resolve static field 1540 (SUPPORTED_ABIS) in Landroid/os/Build;
D/dalvikvm( 1778): VFY: replacing opcode 0x62 at 0x00d1
I/dalvikvm( 1778): Could not find method android.system.Os.stat, referenced from method nop.a
W/dalvikvm( 1778): VFY: unable to resolve static method 3146: Landroid/system/Os;.stat (Ljava/lang/String;)Landroid/system/StructStat;
D/dalvikvm( 1778): VFY: replacing opcode 0x71 at 0x0182
I/dalvikvm( 1778): Could not find method android.content.pm.PackageManager.getPackageInstaller, referenced from method men.a
W/dalvikvm( 1778): VFY: unable to resolve virtual method 2608: Landroid/content/pm/PackageManager;.getPackageInstaller ()Landroid/content/pm/PackageInstaller;
D/dalvikvm( 1778): VFY: replacing opcode 0x6e at 0x001c
W/DynamiteModule( 1778): Local module descriptor class for providerinstaller not found.
E/ChimeraCfgMgr( 1778): Failed to read module config: java.io.FileNotFoundException: /data/data/com.google.android.gms/app_chimera/current_config.fb: open failed: ENOENT (No such file or directory)
I/dalvikvm( 1778): Could not find method android.system.Os.readlink, referenced from method bse.a
W/dalvikvm( 1778): VFY: unable to resolve static method 3145: Landroid/system/Os;.readlink (Ljava/lang/String;)Ljava/lang/String;
D/dalvikvm( 1778): VFY: replacing opcode 0x71 at 0x0044
I/dalvikvm( 1778): Could not find method android.system.Os.symlink, referenced from method bse.a
W/dalvikvm( 1778): VFY: unable to resolve static method 3147: Landroid/system/Os;.symlink (Ljava/lang/String;Ljava/lang/String;)V
D/dalvikvm( 1778): VFY: replacing opcode 0x71 at 0x00b0
I/dalvikvm( 1778): Could not find method android.system.Os.stat, referenced from method bse.a
W/dalvikvm( 1778): VFY: unable to resolve static method 3146: Landroid/system/Os;.stat (Ljava/lang/String;)Landroid/system/StructStat;
D/dalvikvm( 1778): VFY: replacing opcode 0x71 at 0x0005
W/dalvikvm( 1778): VFY: unable to resolve static field 1615 (S_IXUSR) in Landroid/system/OsConstants;
D/dalvikvm( 1778): VFY: replacing opcode 0x60 at 0x0007
I/dalvikvm( 1778): Could not find method android.system.Os.stat, referenced from method bse.b
W/dalvikvm( 1778): VFY: unable to resolve static method 3146: Landroid/system/Os;.stat (Ljava/lang/String;)Landroid/system/StructStat;
D/dalvikvm( 1778): VFY: replacing opcode 0x71 at 0x0040
W/dalvikvm( 1778): VFY: unable to resolve static field 1612 (S_IRUSR) in Landroid/system/OsConstants;
D/dalvikvm( 1778): VFY: replacing opcode 0x60 at 0x0007
W/FileUtils( 1778): Failed to set world readable: /data/data/com.google.android.gms/app_chimera/current_config.fb
E/ChimeraCfgMgr( 1778): Failed to read module config: java.io.FileNotFoundException: /data/data/com.google.android.gms/app_chimera/current_config.fb: open failed: ENOENT (No such file or directory)
D/dalvikvm( 1778): DexOpt: couldn't find static field Landroid/os/Build;.SUPPORTED_ABIS
W/dalvikvm( 1778): VFY: unable to resolve static field 1540 (SUPPORTED_ABIS) in Landroid/os/Build;
D/dalvikvm( 1778): VFY: replacing opcode 0x62 at 0x0307
D/dalvikvm( 1778): DexOpt: couldn't find static field Landroid/os/Build;.SUPPORTED_ABIS
W/dalvikvm( 1778): VFY: unable to resolve static field 1540 (SUPPORTED_ABIS) in Landroid/os/Build;
D/dalvikvm( 1778): VFY: replacing opcode 0x62 at 0x06eb
I/dalvikvm( 1778): Could not find method android.content.Context.isCredentialProtectedStorage, referenced from method bry.j
W/dalvikvm( 1778): VFY: unable to resolve virtual method 2490: Landroid/content/Context;.isCredentialProtectedStorage ()Z
D/dalvikvm( 1778): VFY: replacing opcode 0x6e at 0x0087
E/ConfigFileUtils( 1778): Failed to read config file: /data/data/com.google.android.gms/app_chimera/current_fileapks.pb: open failed: ENOENT (No such file or directory)
D/dalvikvm( 1778): GC_FOR_ALLOC freed 1932K, 41% free 3218K/5432K, paused 2ms, total 2ms
I/GmsModuleFndr( 1778): Beginning GMS chimera module scan
E/ChimeraCfgMgr( 1778): Failed to read module config: java.io.FileNotFoundException: /data/data/com.google.android.gms/app_chimera/current_config.fb: open failed: ENOENT (No such file or directory)
D/dalvikvm( 1145): GC_EXPLICIT freed 39K, 8% free 2993K/3220K, paused 0ms+0ms, total 2ms
D/dalvikvm( 1145): GC_EXPLICIT freed <1K, 8% free 2993K/3220K, paused 1ms+0ms, total 3ms
D/dalvikvm( 1145): GC_EXPLICIT freed <1K, 8% free 2993K/3220K, paused 2ms+0ms, total 5ms
I/DynamiteModule( 1778): Considering local module com.google.android.gms.googlecertificates:4 and remote module com.google.android.gms.googlecertificates:0
I/DynamiteModule( 1778): Selected local version of com.google.android.gms.googlecertificates
I/dalvikvm( 1778): Could not find method android.app.Notification$Builder.setLocalOnly, referenced from method com.google.android.gms.common.GoogleCertificatesImpl.isGoogleOrPlatformSigned
W/dalvikvm( 1778): VFY: unable to resolve virtual method 2308: Landroid/app/Notification$Builder;.setLocalOnly (Z)Landroid/app/Notification$Builder;
D/dalvikvm( 1778): VFY: replacing opcode 0x6e at 0x00b1
I/ActivityManager( 1568): Start proc com.google.android.gms for service com.google.android.gms/.chimera.GmsIntentOperationService: pid=2151 uid=10007 gids={50007, 3003, 1007, 1028, 1015, 3002, 3001, 3007, 2001, 3006}
W/dalvikvm( 2151): VFY: unable to resolve static field 1608 (PR_SET_DUMPABLE) in Landroid/system/OsConstants;
D/dalvikvm( 2151): VFY: replacing opcode 0x60 at 0x0017
W/dalvikvm( 2151): VFY: unable to find class referenced in signature (Lyqx;)
W/dalvikvm( 2151): VFY: unable to find class referenced in signature (Lyro;)
I/dalvikvm( 2151): Could not find method android.system.Os.readlink, referenced from method msk.a
W/dalvikvm( 2151): VFY: unable to resolve static method 3145: Landroid/system/Os;.readlink (Ljava/lang/String;)Ljava/lang/String;
D/dalvikvm( 2151): VFY: replacing opcode 0x71 at 0x00b0
I/dalvikvm( 2151): Could not find method android.os.PowerManager.isInteractive, referenced from method ndc.a
W/dalvikvm( 2151): VFY: unable to resolve virtual method 3046: Landroid/os/PowerManager;.isInteractive ()Z
D/dalvikvm( 2151): VFY: replacing opcode 0x6e at 0x0013
I/dalvikvm( 2151): Could not find method com.google.android.chimera.ModuleContext.getAttributionTag, referenced from method com.google.android.chimera.ModuleContext.createAttributionContext
W/dalvikvm( 2151): VFY: unable to resolve virtual method 14170: Lcom/google/android/chimera/ModuleContext;.getAttributionTag ()Ljava/lang/String;
D/dalvikvm( 2151): VFY: replacing opcode 0x6e at 0x0004
I/dalvikvm( 2151): Could not find method com.google.android.chimera.ContextThemeWrapper.createAttributionContext, referenced from method com.google.android.chimera.ModuleContext.createAttributionContext
W/dalvikvm( 2151): VFY: unable to resolve virtual method 13785: Lcom/google/android/chimera/ContextThemeWrapper;.createAttributionContext (Ljava/lang/String;)Landroid/content/Context;
D/dalvikvm( 2151): VFY: replacing opcode 0x6f at 0x0035
I/dalvikvm( 2151): Could not find method android.content.ContextWrapper.createCredentialProtectedStorageContext, referenced from method com.google.android.chimera.ModuleContext.createCredentialProtectedStorageContext
W/dalvikvm( 2151): VFY: unable to resolve virtual method 2508: Landroid/content/ContextWrapper;.createCredentialProtectedStorageContext ()Landroid/content/Context;
D/dalvikvm( 2151): VFY: replacing opcode 0x6f at 0x0002
I/dalvikvm( 2151): Could not find method android.content.ContextWrapper.createDeviceProtectedStorageContext, referenced from method com.google.android.chimera.ModuleContext.createDeviceProtectedStorageContext
W/dalvikvm( 2151): VFY: unable to resolve virtual method 2509: Landroid/content/ContextWrapper;.createDeviceProtectedStorageContext ()Landroid/content/Context;
D/dalvikvm( 2151): VFY: replacing opcode 0x6f at 0x0002
I/dalvikvm( 2151): Could not find method com.google.android.chimera.ContextThemeWrapper.sendBroadcastWithMultiplePermissions, referenced from method com.google.android.chimera.ModuleContext.sendBroadcastWithMultiplePermissions
W/dalvikvm( 2151): VFY: unable to resolve virtual method 13795: Lcom/google/android/chimera/ContextThemeWrapper;.sendBroadcastWithMultiplePermissions (Landroid/content/Intent;[Ljava/lang/String;)V
D/dalvikvm( 2151): VFY: replacing opcode 0x6f at 0x0009
I/MultiDex( 2151): VM with version 1.6.0 does not have multidex support
I/MultiDex( 2151): Installing application
I/MultiDex( 2151): MultiDexExtractor(/system/priv-app/PrebuiltGmsCore.apk, /data/data/com.google.android.gms/code_cache/secondary-dexes)
E/ChimeraCfgMgr( 1778): Failed to read module config: java.io.FileNotFoundException: /data/data/com.google.android.gms/app_chimera/current_config.fb: open failed: ENOENT (No such file or directory)
I/MultiDex( 2151): Blocking on lock /data/data/com.google.android.gms/code_cache/secondary-dexes/MultiDex.lock
I/MultiDex( 2151): /data/data/com.google.android.gms/code_cache/secondary-dexes/MultiDex.lock locked
I/MultiDex( 2151): MultiDexExtractor.load(/system/priv-app/PrebuiltGmsCore.apk, false, )
I/ModuleSetMgr( 1778): Config file doesn't exist, writing blank config.
I/dalvikvm( 1778): Could not find method com.google.android.chimera.ContextThemeWrapper.createAttributionContext, referenced from method mnu.createAttributionContext
I/MultiDex( 2151): loading existing secondary dex files
W/dalvikvm( 1778): VFY: unable to resolve virtual method 13785: Lcom/google/android/chimera/ContextThemeWrapper;.createAttributionContext (Ljava/lang/String;)Landroid/content/Context;
D/dalvikvm( 1778): VFY: replacing opcode 0x6f at 0x0002
I/dalvikvm( 1778): Could not find method android.content.ContextWrapper.createCredentialProtectedStorageContext, referenced from method mnu.createCredentialProtectedStorageContext
W/dalvikvm( 1778): VFY: unable to resolve virtual method 2508: Landroid/content/ContextWrapper;.createCredentialProtectedStorageContext ()Landroid/content/Context;
D/dalvikvm( 1778): VFY: replacing opcode 0x6f at 0x0002
I/dalvikvm( 1778): Could not find method android.content.ContextWrapper.createDeviceProtectedStorageContext, referenced from method mnu.createDeviceProtectedStorageContext
W/dalvikvm( 1778): VFY: unable to resolve virtual method 2509: Landroid/content/ContextWrapper;.createDeviceProtectedStorageContext ()Landroid/content/Context;
D/dalvikvm( 1778): VFY: replacing opcode 0x6f at 0x0002
I/MultiDex( 2151): load found 5 secondary dex files
E/ConfigFileUtils( 1778): Failed to read config file: /data/data/com.google.android.gms/app_chimera/current_fileapks.pb: open failed: ENOENT (No such file or directory)
I/ModuleSetMgr( 1778): Computing pending module set with APKs: []
D/dalvikvm( 2151): GC_FOR_ALLOC freed 362K, 15% free 3144K/3692K, paused 2ms, total 2ms
I/MultiDex( 2151): install done
I/dalvikvm( 2151): Could not find method android.content.ContentProvider.query, referenced from method brf.superQuery
W/dalvikvm( 2151): VFY: unable to resolve virtual method 2428: Landroid/content/ContentProvider;.query (Landroid/net/Uri;[Ljava/lang/String;Landroid/os/Bundle;Landroid/os/CancellationSignal;)Landroid/database/Cursor;
D/dalvikvm( 2151): VFY: replacing opcode 0x6f at 0x0000
I/ModuleSetMgr( 1778): Pending container module APKs: []
I/ModuleSetMgr( 1778): Pending non-container module APKs: []
E/ConfigFileUtils( 1778): Failed to read config file: /data/data/com.google.android.gms/app_chimera/current_fileapks.pb: open failed: ENOENT (No such file or directory)
I/dalvikvm( 2151): Could not find method android.app.Activity.registerActivityLifecycleCallbacks, referenced from method amh.onActivityPreCreated
W/dalvikvm( 2151): VFY: unable to resolve virtual method 2308: Landroid/app/Activity;.registerActivityLifecycleCallbacks (Landroid/app/Application$ActivityLifecycleCallbacks;)V
D/dalvikvm( 2151): VFY: replacing opcode 0x6e at 0x0005
