D/ConnectivityService( 1567): [CheckMp] isMobileOk: addresses=clients3.google.com/172.217.13.110,clients3.google.com/2607:f8b0:4020:804::200e
D/ConnectivityService( 1567): [CheckMp] isMobileOk: linkHasIpv4=true linkHasIpv6=false
D/ConnectivityService( 1567): requestRouteToHostAddress ok=true
D/ConnectivityService( 1567): [CheckMp] isMobileOk: wait to establish route to hostAddr=clients3.google.com/172.217.13.110
I/ActivityManager( 1567): Start proc com.google.android.gms for service com.google.android.gms/.chimera.GmsIntentOperationService: pid=2083 uid=10007 gids={50007, 3003, 1007, 1028, 1015, 3002, 3001, 3007, 2001, 3006}
D/ConnectivityService( 1567): [CheckMp] isMobileOk: newUrl=https://172.217.13.110/generate_204
W/ActivityThread( 1567): ClassLoader.loadClass: The class loader returned by Thread.getContextClassLoader() may fail for processes that host multiple applications. You should explicitly specify a context class loader. For example: Thread.setContextClassLoader(getClass().getClassLoader());
D/ConnectivityService( 1567): [CheckMp] isMobileOk: hostnameVerify retVal=true hostname=172.217.13.110 orgUriHost=clients3.google.com
D/ConnectivityService( 1567): [CheckMp] isMobileOk: headers={null=[HTTP/1.1 204 No Content], Alt-Svc=[h3=":443"; ma=2592000,h3-29=":443"; ma=2592000,h3-T051=":443"; ma=2592000,h3-Q050=":443"; ma=2592000,h3-Q046=":443"; ma=2592000,h3-Q043=":443"; ma=2592000,quic=":443"; ma=2592000; v="46,43"], Connection=[close], Content-Length=[0], Date=[Sun, 15 Aug 2021 10:44:20 GMT], X-Android-Received-Millis=[1629024259459], X-Android-Response-Source=[NETWORK 204], X-Android-Selected-Transport=[http/1.1], X-Android-Sent-Millis=[1629024259446]}
D/ConnectivityService( 1567): [CheckMp] isMobileOk: X got expected responseCode=204 result=1
D/ConnectivityService( 1567): [CheckMp] isMobileOk: F stop hipri
D/MobileDataStateTracker( 1567): default: setEnableFailFastMobileData(enabled=0)
D/ConnectivityService( 1567): stopUsingNetworkFeature: teardown net 0: enableHIPRI
D/MobileDataStateTracker( 1567): hipri: Broadcast received: android.intent.action.ANY_DATA_STATE apnType=hipri
D/MobileDataStateTracker( 1567): hipri: Received state=DISCONNECTED, old=CONNECTED, reason=dataDisabled
D/MobileDataStateTracker( 1567): hipri: setDetailed state, old =CONNECTED and new state=DISCONNECTED
D/ConnectivityService( 1567): ConnectivityChange for mobile_hipri: DISCONNECTED/DISCONNECTED
D/Nat464Xlat( 1567): requiresClat: netType=5, hasIPv4Address=true
I/ActivityManager( 1567): Start proc com.android.music for broadcast com.android.music/.MediaButtonIntentReceiver: pid=2153 uid=10036 gids={50036, 3003, 1028, 1015}
W/ActivityManager( 1567): Unable to start service Intent { act=com.google.android.gms.auth.key.retrieval.service.START pkg=com.google.android.gms } U=0: not found
W/ActivityManager( 1567): Unbind failed: could not find connection for android.os.BinderProxy@9d97d560
W/ActivityManager( 1567): Unable to start service Intent { act=com.google.android.gms.nearby.discovery:ACTION_INIT_MESSAGES_PATH cmp=com.google.android.gms/.nearby.discovery.service.DiscoveryService } U=0: not found
W/ActivityManager( 1567): Unable to start service Intent { act=com.google.android.gms.nearby.discovery:ACTION_PERMISSION_CHANGE cmp=com.google.android.gms/.nearby.discovery.service.DiscoveryService } U=0: not found
I/PackageManager( 1567): Adding preferred activity ComponentInfo{com.android.mms/com.android.mms.ui.ComposeMessageActivity} for user 0 :
I/PackageManager( 1567): Adding preferred activity ComponentInfo{com.android.mms/com.android.mms.ui.ComposeMessageActivity} for user 0 :
I/PackageManager( 1567): Adding preferred activity ComponentInfo{com.android.mms/com.android.mms.ui.ComposeMessageActivity} for user 0 :
I/PackageManager( 1567): Adding preferred activity ComponentInfo{com.android.mms/com.android.mms.ui.ComposeMessageActivity} for user 0 :
I/PackageManager( 1567): Adding preferred activity ComponentInfo{com.android.mms/com.android.mms.ui.ComposeMessageActivity} for user 0 :
I/PackageManager( 1567): Adding preferred activity ComponentInfo{com.android.mms/com.android.mms.ui.ComposeMessageActivity} for user 0 :
I/PackageManager( 1567): Adding preferred activity ComponentInfo{com.android.mms/com.android.mms.ui.ComposeMessageActivity} for user 0 :
I/PackageManager( 1567): Adding preferred activity ComponentInfo{com.android.mms/com.android.mms.ui.ComposeMessageActivity} for user 0 :
I/PackageManager( 1567): Adding preferred activity ComponentInfo{com.android.mms/com.android.mms.ui.ComposeMessageActivity} for user 0 :
I/PackageManager( 1567): Adding preferred activity ComponentInfo{com.android.mms/com.android.mms.ui.ComposeMessageActivity} for user 0 :
I/PackageManager( 1567): Adding preferred activity ComponentInfo{com.android.mms/com.android.mms.ui.ComposeMessageActivity} for user 0 :
I/PackageManager( 1567): Adding preferred activity ComponentInfo{com.android.mms/com.android.mms.ui.ComposeMessageActivity} for user 0 :
I/PackageManager( 1567): Adding preferred activity ComponentInfo{com.android.mms/com.android.mms.ui.ComposeMessageActivity} for user 0 :
I/PackageManager( 1567): Adding preferred activity ComponentInfo{com.android.mms/com.android.mms.ui.ComposeMessageActivity} for user 0 :
I/PackageManager( 1567): Adding preferred activity ComponentInfo{com.android.mms/com.android.mms.ui.ComposeMessageActivity} for user 0 :
I/PackageManager( 1567): Adding preferred activity ComponentInfo{com.android.mms/com.android.mms.ui.ComposeMessageActivity} for user 0 :
I/PackageManager( 1567): Adding preferred activity ComponentInfo{com.android.mms/com.android.mms.ui.ComposeMessageActivity} for user 0 :
I/PackageManager( 1567): Adding preferred activity ComponentInfo{com.android.mms/com.android.mms.ui.ComposeMessageActivity} for user 0 :
I/PackageManager( 1567): Adding preferred activity ComponentInfo{com.android.mms/com.android.mms.ui.ComposeMessageActivity} for user 0 :
I/PackageManager( 1567): Adding preferred activity ComponentInfo{com.android.mms/com.android.mms.ui.ComposeMessageActivity} for user 0 :
I/PackageManager( 1567): Adding preferred activity ComponentInfo{com.android.mms/com.android.mms.ui.ComposeMessageActivity} for user 0 :
I/PackageManager( 1567): Adding preferred activity ComponentInfo{com.android.mms/com.android.mms.ui.ComposeMessageActivity} for user 0 :
I/ActivityManager( 1567): Start proc com.google.android.gms.ui for service com.google.android.gms/.chimera.UiIntentOperationService: pid=2301 uid=10007 gids={50007, 3003, 1007, 1028, 1015, 3002, 3001, 3007, 2001, 3006}
I/PackageManager( 1567): Adding preferred activity ComponentInfo{com.android.mms/com.android.mms.ui.ComposeMessageActivity} for user 0 :
I/PackageManager( 1567): Adding preferred activity ComponentInfo{com.android.mms/com.android.mms.ui.ComposeMessageActivity} for user 0 :
I/ActivityManager( 1567): Start proc com.android.defcontainer for service com.android.defcontainer/.DefaultContainerService: pid=2316 uid=10003 gids={50003, 1028, 1015, 1023, 2001, 1035}
I/PackageManager( 1567): Adding preferred activity ComponentInfo{com.android.mms/com.android.mms.ui.ComposeMessageActivity} for user 0 :
I/PackageManager( 1567): Adding preferred activity ComponentInfo{com.android.mms/com.android.mms.ui.ComposeMessageActivity} for user 0 :
I/PackageManager( 1567): Adding preferred activity ComponentInfo{com.android.mms/com.android.mms.ui.ComposeMessageActivity} for user 0 :
I/PackageManager( 1567): Adding preferred activity ComponentInfo{com.android.mms/com.android.mms.ui.ComposeMessageActivity} for user 0 :
I/PackageManager( 1567): Adding preferred activity ComponentInfo{com.android.mms/com.android.mms.ui.ComposeMessageActivity} for user 0 :
I/PackageManager( 1567): Adding preferred activity ComponentInfo{com.android.mms/com.android.mms.ui.ComposeMessageActivity} for user 0 :
I/PackageManager( 1567): Adding preferred activity ComponentInfo{com.android.mms/com.android.mms.ui.ComposeMessageActivity} for user 0 :
I/PackageManager( 1567): Adding preferred activity ComponentInfo{com.android.mms/com.android.mms.ui.ComposeMessageActivity} for user 0 :
W/ActivityManager( 1567): No content provider found for permission revoke: file:///data/local/tmp/AndroidRipperService.apk
W/ActivityManager( 1567): No content provider found for permission revoke: file:///data/local/tmp/AndroidRipperService.apk
I/PackageManager( 1567): Copying native libraries to /data/app-lib/vmdl788731372
I/PackageParser( 1567): it.unina.android.ripper_service: compat added android.permission.WRITE_EXTERNAL_STORAGE android.permission.READ_PHONE_STATE
I/ActivityManager( 1567): Delay finish: com.google.android.gms/.chimera.GmsIntentOperationService$PersistentTrustedReceiver
I/ActivityManager( 1567): Resuming delayed broadcast
I/ActivityManager( 1567): Start proc com.google.android.googlequicksearchbox for broadcast com.google.android.googlequicksearchbox/com.google.android.searchcommon.summons.icing.InternalIcingCorporaProvider$CorporaChangedReceiver: pid=2346 uid=10013 gids={50013, 3003, 1028, 3002, 1015}
I/ActivityManager( 1567): Force stopping it.unina.android.ripper_service appid=10057 user=-1: update pkg
I/PackageManager( 1567): Adding preferred activity ComponentInfo{com.android.mms/com.android.mms.ui.ComposeMessageActivity} for user 0 :
D/BackupManagerService( 1567): Received broadcast Intent { act=android.intent.action.PACKAGE_ADDED dat=package:it.unina.android.ripper_service flg=0x4000010 (has extras) }
V/BackupManagerService( 1567): addPackageParticipantsLocked: #1
I/PackageManager( 1567): Adding preferred activity ComponentInfo{com.android.mms/com.android.mms.ui.ComposeMessageActivity} for user 0 :
I/ActivityManager( 1567): Delay finish: com.google.android.googlequicksearchbox/com.google.android.searchcommon.summons.icing.InternalIcingCorporaProvider$CorporaChangedReceiver
I/PackageManager( 1567): Adding preferred activity ComponentInfo{com.android.mms/com.android.mms.ui.ComposeMessageActivity} for user 0 :
E/ActivityThread( 2346): Failed to find provider info for com.google.android.voicesearch
I/PackageManager( 1567): Adding preferred activity ComponentInfo{com.android.mms/com.android.mms.ui.ComposeMessageActivity} for user 0 :
I/PackageManager( 1567): Adding preferred activity ComponentInfo{com.android.mms/com.android.mms.ui.ComposeMessageActivity} for user 0 :
I/PackageManager( 1567): Adding preferred activity ComponentInfo{com.android.mms/com.android.mms.ui.ComposeMessageActivity} for user 0 :
I/PackageManager( 1567): Adding preferred activity ComponentInfo{com.android.mms/com.android.mms.ui.ComposeMessageActivity} for user 0 :
I/PackageManager( 1567): Adding preferred activity ComponentInfo{com.android.mms/com.android.mms.ui.ComposeMessageActivity} for user 0 :
E/ActivityThread( 2346): Failed to find provider info for com.google.android.partnersetup.rlzappprovider
D/ConnectivityService( 1567): [CheckMp] isMobileOk: X result=1
D/ConnectivityService( 1567): [CheckMp] onPostExecute: result=1
D/ConnectivityService( 1567): CheckMp.onComplete: result=1
D/ConnectivityService( 1567): CheckMp.onComplete: ignore, connected or no connection
I/ActivityManager( 1567): Start proc it.unina.android.ripper_service:android_ripper_service_process for service it.unina.android.ripper_service/.AndroidRipperService: pid=2464 uid=10057 gids={50057, 3003, 1028, 1015}
I/ActivityManager( 1567): Start proc com.google.android.gms.unstable for service com.google.android.gms/.droidguard.DroidGuardService: pid=2480 uid=10007 gids={50007, 3003, 1007, 1028, 1015, 3002, 3001, 3007, 2001, 3006}
I/CertBlacklister( 1567): Certificate blacklist changed, updating...
I/CertBlacklister( 1567): Certificate blacklist updated
I/CertBlacklister( 1567): Certificate blacklist changed, updating...
I/CertBlacklister( 1567): Certificate blacklist updated
D/ConnectivityService( 1567): handleInetConditionHoldEnd: net=0, condition=0, published condition=0
I/ActivityManager( 1567): Resuming delayed broadcast
I/ActivityManager( 1567): Start proc com.google.android.googlequicksearchbox:launcher for broadcast com.google.android.googlequicksearchbox/com.google.android.gel.GelStubAppWatcher: pid=2599 uid=10013 gids={50013, 3003, 1028, 3002, 1015}
I/ActivityManager( 1567): Start proc com.google.android.calendar for broadcast com.google.android.calendar/com.android.calendar.widget.CalendarAppWidgetService$CalendarFactory: pid=2618 uid=10018 gids={50018, 3003}
W/ActivityManager( 1567): No content provider found for permission revoke: file:///sdcard/aut.apk
I/ActivityManager( 1567): Start proc com.android.providers.calendar for content provider com.android.providers.calendar/.CalendarProvider2: pid=2650 uid=10001 gids={50001, 3003, 1028, 1015}
I/ActivityManager( 1567): Start proc com.android.deskclock for broadcast com.android.deskclock/.AlarmInitReceiver: pid=2663 uid=10022 gids={50022, 1028}
W/BackupManagerService( 1567): dataChanged but no participant pkg='com.android.providers.settings' uid=10022
I/ActivityManager( 1567): Start proc com.google.android.play.games for broadcast com.google.android.play.games/com.google.android.libraries.notifications.entrypoints.timezonechanged.TimezoneChangedReceiver: pid=2683 uid=10043 gids={50043, 3003}
W/ActivityManager( 1567): No content provider found for permission revoke: file:///sdcard/aut.apk
I/PackageManager( 1567): Copying native libraries to /data/app-lib/vmdl-2066281103
W/PackageParser( 1567): Unknown element under <manifest>: queries at /data/app/vmdl-2066281103.tmp Binary XML file line #11
W/ActivityManager( 1567): Unable to start service Intent { act=com.google.android.gms.instantapps.START pkg=com.google.android.gms } U=0: not found
W/ActivityManager( 1567): Unbind failed: could not find connection for android.os.BinderProxy@9d4cf110
I/ActivityManager( 1567): Delaying start of: ServiceRecord{9da84090 u0 com.google.android.play.games/com.google.android.libraries.notifications.executor.impl.basic.ChimeExecutorApiService}
I/ActivityManager( 1567): Delay finish: com.android.settings/.widget.SettingsAppWidgetProvider
I/ActivityManager( 1567): Force stopping com.calcitem.sanmill appid=10058 user=-1: update pkg
I/PackageManager( 1567): Adding preferred activity ComponentInfo{com.android.mms/com.android.mms.ui.ComposeMessageActivity} for user 0 :
D/BackupManagerService( 1567): Received broadcast Intent { act=android.intent.action.PACKAGE_ADDED dat=package:com.calcitem.sanmill flg=0x4000010 (has extras) }
V/BackupManagerService( 1567): addPackageParticipantsLocked: #1
I/PackageManager( 1567): Adding preferred activity ComponentInfo{com.android.mms/com.android.mms.ui.ComposeMessageActivity} for user 0 :
I/PackageManager( 1567): Adding preferred activity ComponentInfo{com.android.mms/com.android.mms.ui.ComposeMessageActivity} for user 0 :
I/PackageManager( 1567): Adding preferred activity ComponentInfo{com.android.mms/com.android.mms.ui.ComposeMessageActivity} for user 0 :
I/PackageManager( 1567): Adding preferred activity ComponentInfo{com.android.mms/com.android.mms.ui.ComposeMessageActivity} for user 0 :
I/PackageManager( 1567): Adding preferred activity ComponentInfo{com.android.mms/com.android.mms.ui.ComposeMessageActivity} for user 0 :
I/CertBlacklister( 1567): Certificate blacklist changed, updating...
I/CertBlacklister( 1567): Certificate blacklist updated
I/PackageManager( 1567): Adding preferred activity ComponentInfo{com.android.mms/com.android.mms.ui.ComposeMessageActivity} for user 0 :
I/PackageManager( 1567): Adding preferred activity ComponentInfo{com.android.mms/com.android.mms.ui.ComposeMessageActivity} for user 0 :
I/ActivityManager( 1567): Resuming delayed broadcast
I/ActivityManager( 1567): Start proc com.android.dialer for broadcast com.android.dialer/.calllog.CallLogReceiver: pid=2730 uid=10004 gids={50004, 3003, 1028, 1015}
I/ActivityManager( 1567): Delay finish: com.android.dialer/.calllog.CallLogReceiver
W/ActivityManager( 1567): No content provider found for permission revoke: file:///sdcard/ripper.apk
W/ActivityManager( 1567): No content provider found for permission revoke: file:///sdcard/ripper.apk
I/PackageManager( 1567): Copying native libraries to /data/app-lib/vmdl-1559180521
I/PackageParser( 1567): it.unina.android.ripper: compat added android.permission.WRITE_EXTERNAL_STORAGE android.permission.READ_PHONE_STATE
I/ActivityManager( 1567): Resuming delayed broadcast
V/WiredAccessoryManager( 1567): init()
I/PowerManagerService( 1567): Boot animation finished.
I/ActivityManager( 1567): Force stopping it.unina.android.ripper appid=10059 user=-1: update pkg
I/BootReceiver( 1567): Copying audit failures to DropBox
I/BootReceiver( 1567): Checking for fsck errors
I/PackageManager( 1567): Adding preferred activity ComponentInfo{com.android.mms/com.android.mms.ui.ComposeMessageActivity} for user 0 :
D/BackupManagerService( 1567): Received broadcast Intent { act=android.intent.action.PACKAGE_ADDED dat=package:it.unina.android.ripper flg=0x4000010 (has extras) }
V/BackupManagerService( 1567): addPackageParticipantsLocked: #1
I/PackageManager( 1567): Adding preferred activity ComponentInfo{com.android.mms/com.android.mms.ui.ComposeMessageActivity} for user 0 :
I/PackageManager( 1567): Adding preferred activity ComponentInfo{com.android.mms/com.android.mms.ui.ComposeMessageActivity} for user 0 :
I/ActivityManager( 1567): Delay finish: com.android.providers.downloads/.DownloadReceiver
I/PackageManager( 1567): Adding preferred activity ComponentInfo{com.android.mms/com.android.mms.ui.ComposeMessageActivity} for user 0 :
I/PackageManager( 1567): Adding preferred activity ComponentInfo{com.android.mms/com.android.mms.ui.ComposeMessageActivity} for user 0 :
I/PackageManager( 1567): Adding preferred activity ComponentInfo{com.android.mms/com.android.mms.ui.ComposeMessageActivity} for user 0 :
I/ActivityManager( 1567): Resuming delayed broadcast
I/PackageManager( 1567): Adding preferred activity ComponentInfo{com.android.mms/com.android.mms.ui.ComposeMessageActivity} for user 0 :
I/PackageManager( 1567): Adding preferred activity ComponentInfo{com.android.mms/com.android.mms.ui.ComposeMessageActivity} for user 0 :
I/SystemUpdateService( 1797): cancelUpdate (empty URL)
I/SystemUpdateService( 1797): cancelUpdate (empty URL)
I/ActivityManager( 1567): Start proc com.android.mms for broadcast com.android.mms/.transaction.MmsSystemEventReceiver: pid=2776 uid=10010 gids={50010, 3003, 1028, 1015}
D/CountryDetector( 1567): The first listener is added
I/ActivityManager( 1567): Delay finish: com.android.mms/.transaction.SmsReceiver
I/ActivityManager( 1567): Resuming delayed broadcast
I/ActivityManager( 1567): Force stopping com.calcitem.sanmill appid=10058 user=0: start instr
I/ActivityManager( 1567): Start proc com.calcitem.sanmill for added application com.calcitem.sanmill: pid=2819 uid=10058 gids={50058}
I/ActivityManager( 1567): Killing 1964:com.android.externalstorage/u0a6 (adj 15): empty #17
I/ActivityManager( 1567): Delay finish: com.google.android.calendar/com.android.calendar.alerts.AlertReceiver
I/ActivityManager( 1567): START u0 {act=android.intent.action.MAIN flg=0x10000000 cmp=com.calcitem.sanmill/.MainActivity} from pid 2819
I/PackageManager( 1567): Adding preferred activity ComponentInfo{com.android.mms/com.android.mms.ui.ComposeMessageActivity} for user 0 :
I/PackageManager( 1567): Adding preferred activity ComponentInfo{com.android.mms/com.android.mms.ui.ComposeMessageActivity} for user 0 :
I/PackageManager( 1567): Adding preferred activity ComponentInfo{com.android.mms/com.android.mms.ui.ComposeMessageActivity} for user 0 :
I/PackageManager( 1567): Adding preferred activity ComponentInfo{com.android.mms/com.android.mms.ui.ComposeMessageActivity} for user 0 :
I/PackageManager( 1567): Adding preferred activity ComponentInfo{com.android.mms/com.android.mms.ui.ComposeMessageActivity} for user 0 :
I/PackageManager( 1567): Adding preferred activity ComponentInfo{com.android.mms/com.android.mms.ui.ComposeMessageActivity} for user 0 :
I/PackageManager( 1567): Adding preferred activity ComponentInfo{com.android.mms/com.android.mms.ui.ComposeMessageActivity} for user 0 :
I/PackageManager( 1567): Adding preferred activity ComponentInfo{com.android.mms/com.android.mms.ui.ComposeMessageActivity} for user 0 :
I/PackageManager( 1567): Adding preferred activity ComponentInfo{com.android.mms/com.android.mms.ui.ComposeMessageActivity} for user 0 :
I/PackageManager( 1567): Adding preferred activity ComponentInfo{com.android.mms/com.android.mms.ui.ComposeMessageActivity} for user 0 :
I/PackageManager( 1567): Adding preferred activity ComponentInfo{com.android.mms/com.android.mms.ui.ComposeMessageActivity} for user 0 :
I/PackageManager( 1567): Adding preferred activity ComponentInfo{com.android.mms/com.android.mms.ui.ComposeMessageActivity} for user 0 :
I/PackageManager( 1567): Adding preferred activity ComponentInfo{com.android.mms/com.android.mms.ui.ComposeMessageActivity} for user 0 :
I/PackageManager( 1567): Adding preferred activity ComponentInfo{com.android.mms/com.android.mms.ui.ComposeMessageActivity} for user 0 :
I/PackageManager( 1567): Adding preferred activity ComponentInfo{com.android.mms/com.android.mms.ui.ComposeMessageActivity} for user 0 :
E/AndroidRuntime( 2819): FATAL EXCEPTION: main
E/AndroidRuntime( 2819): Process: com.calcitem.sanmill, PID: 2819
E/AndroidRuntime( 2819): java.lang.RuntimeException: Unable to start activity ComponentInfo{com.calcitem.sanmill/com.calcitem.sanmill.MainActivity}: java.lang.RuntimeException: java.util.concurrent.ExecutionException: java.lang.UnsatisfiedLinkError: Couldn't load flutter from loader dalvik.system.PathClassLoader[DexPathList[[zip file "/system/framework/android.test.runner.jar", zip file "/data/app/it.unina.android.ripper-1.apk", zip file "/data/app/com.calcitem.sanmill-1.apk"],nativeLibraryDirectories=[/data/app-lib/it.unina.android.ripper-1, /data/app-lib/com.calcitem.sanmill-1, /vendor/lib, /system/lib]]]: findLibrary returned null
E/AndroidRuntime( 2819): 	at android.app.ActivityThread.performLaunchActivity(ActivityThread.java:2195)
E/AndroidRuntime( 2819): 	at android.app.ActivityThread.handleLaunchActivity(ActivityThread.java:2245)
E/AndroidRuntime( 2819): 	at android.app.ActivityThread.access$800(ActivityThread.java:135)
E/AndroidRuntime( 2819): 	at android.app.ActivityThread$H.handleMessage(ActivityThread.java:1196)
E/AndroidRuntime( 2819): 	at android.os.Handler.dispatchMessage(Handler.java:102)
E/AndroidRuntime( 2819): 	at android.os.Looper.loop(Looper.java:136)
E/AndroidRuntime( 2819): 	at android.app.ActivityThread.main(ActivityThread.java:5017)
E/AndroidRuntime( 2819): 	at java.lang.reflect.Method.invokeNative(Native Method)
E/AndroidRuntime( 2819): 	at java.lang.reflect.Method.invoke(Method.java:515)
E/AndroidRuntime( 2819): 	at com.android.internal.os.ZygoteInit$MethodAndArgsCaller.run(ZygoteInit.java:779)
E/AndroidRuntime( 2819): 	at com.android.internal.os.ZygoteInit.main(ZygoteInit.java:595)
E/AndroidRuntime( 2819): 	at dalvik.system.NativeStart.main(Native Method)
E/AndroidRuntime( 2819): Caused by: java.lang.RuntimeException: java.util.concurrent.ExecutionException: java.lang.UnsatisfiedLinkError: Couldn't load flutter from loader dalvik.system.PathClassLoader[DexPathList[[zip file "/system/framework/android.test.runner.jar", zip file "/data/app/it.unina.android.ripper-1.apk", zip file "/data/app/com.calcitem.sanmill-1.apk"],nativeLibraryDirectories=[/data/app-lib/it.unina.android.ripper-1, /data/app-lib/com.calcitem.sanmill-1, /vendor/lib, /system/lib]]]: findLibrary returned null
E/AndroidRuntime( 2819): 	at io.flutter.embedding.engine.g.c.d()
E/AndroidRuntime( 2819): 	at io.flutter.embedding.engine.a.<init>()
E/AndroidRuntime( 2819): 	at io.flutter.embedding.engine.a.<init>()
E/AndroidRuntime( 2819): 	at io.flutter.embedding.android.f.B()
E/AndroidRuntime( 2819): 	at io.flutter.embedding.android.f.k()
E/AndroidRuntime( 2819): 	at io.flutter.embedding.android.e.onCreate()
E/AndroidRuntime( 2819): 	at com.calcitem.sanmill.MainActivity.onCreate()
E/AndroidRuntime( 2819): 	at android.app.Activity.performCreate(Activity.java:5231)
E/AndroidRuntime( 2819): 	at android.app.Instrumentation.callActivityOnCreate(Instrumentation.java:1087)
E/AndroidRuntime( 2819): 	at android.app.ActivityThread.performLaunchActivity(ActivityThread.java:2159)
E/AndroidRuntime( 2819): 	... 11 more
E/AndroidRuntime( 2819): Caused by: java.util.concurrent.ExecutionException: java.lang.UnsatisfiedLinkError: Couldn't load flutter from loader dalvik.system.PathClassLoader[DexPathList[[zip file "/system/framework/android.test.runner.jar", zip file "/data/app/it.unina.android.ripper-1.apk", zip file "/data/app/com.calcitem.sanmill-1.apk"],nativeLibraryDirectories=[/data/app-lib/it.unina.android.ripper-1, /data/app-lib/com.calcitem.sanmill-1, /vendor/lib, /system/lib]]]: findLibrary returned null
E/AndroidRuntime( 2819): 	at java.util.concurrent.FutureTask.report(FutureTask.java:93)
E/AndroidRuntime( 2819): 	at java.util.concurrent.FutureTask.get(FutureTask.java:163)
E/AndroidRuntime( 2819): 	... 21 more
E/AndroidRuntime( 2819): Caused by: java.lang.UnsatisfiedLinkError: Couldn't load flutter from loader dalvik.system.PathClassLoader[DexPathList[[zip file "/system/framework/android.test.runner.jar", zip file "/data/app/it.unina.android.ripper-1.apk", zip file "/data/app/com.calcitem.sanmill-1.apk"],nativeLibraryDirectories=[/data/app-lib/it.unina.android.ripper-1, /data/app-lib/com.calcitem.sanmill-1, /vendor/lib, /system/lib]]]: findLibrary returned null
E/AndroidRuntime( 2819): 	at java.lang.Runtime.loadLibrary(Runtime.java:358)
E/AndroidRuntime( 2819): 	at java.lang.System.loadLibrary(System.java:526)
E/AndroidRuntime( 2819): 	at io.flutter.embedding.engine.FlutterJNI.loadLibrary()
E/AndroidRuntime( 2819): 	at io.flutter.embedding.engine.g.c$a.a()
E/AndroidRuntime( 2819): 	at io.flutter.embedding.engine.g.c$a.call()
E/AndroidRuntime( 2819): 	at java.util.concurrent.FutureTask.run(FutureTask.java:237)
E/AndroidRuntime( 2819): 	at java.util.concurrent.ThreadPoolExecutor.runWorker(ThreadPoolExecutor.java:1112)
E/AndroidRuntime( 2819): 	at java.util.concurrent.ThreadPoolExecutor$Worker.run(ThreadPoolExecutor.java:587)
E/AndroidRuntime( 2819): 	at java.lang.Thread.run(Thread.java:841)
I/PackageManager( 1567): Adding preferred activity ComponentInfo{com.android.mms/com.android.mms.ui.ComposeMessageActivity} for user 0 :
W/ActivityManager( 1567): Error in app com.calcitem.sanmill running instrumentation ComponentInfo{it.unina.android.ripper/android.test.InstrumentationTestRunner}:
W/ActivityManager( 1567):   java.lang.UnsatisfiedLinkError
W/ActivityManager( 1567):   java.lang.UnsatisfiedLinkError: Couldn't load flutter from loader dalvik.system.PathClassLoader[DexPathList[[zip file "/system/framework/android.test.runner.jar", zip file "/data/app/it.unina.android.ripper-1.apk", zip file "/data/app/com.calcitem.sanmill-1.apk"],nativeLibraryDirectories=[/data/app-lib/it.unina.android.ripper-1, /data/app-lib/com.calcitem.sanmill-1, /vendor/lib, /system/lib]]]: findLibrary returned null
I/ActivityManager( 1567): Force stopping com.calcitem.sanmill appid=10058 user=0: finished inst
I/ActivityManager( 1567): Killing 2819:com.calcitem.sanmill/u0a58 (adj 0): stop com.calcitem.sanmill
I/ActivityManager( 1567):   Force finishing activity ActivityRecord{9d4416e8 u0 com.calcitem.sanmill/.MainActivity t4}
W/InputMethodManagerService( 1567): Window already focused, ignoring focus gain of: com.android.internal.view.IInputMethodClient$Stub$Proxy@9d6786a0 attribute=null, token = android.os.BinderProxy@9daeda50
I/ActivityManager( 1567): Resuming delayed broadcast
I/ActivityManager( 1567): Delay finish: com.android.email/.service.EmailUpgradeBroadcastReceiver
I/ActivityManager( 1567): Resuming delayed broadcast
I/ActivityManager( 1567): Delay finish: com.android.email/.service.EmailBroadcastReceiver
I/ActivityManager( 1567): Delaying start of: ServiceRecord{9daa7f20 u0 com.android.exchange/.service.EmailSyncAdapterService}
I/ActivityManager( 1567): Resuming delayed broadcast
I/ActivityManager( 1567): Delay finish: com.google.android.syncadapters.contacts/.ContactsSyncAdapterBroadcastReceiver
I/ActivityManager( 1567): Resuming delayed broadcast
I/ActivityManager( 1567): Delay finish: com.android.deskclock/com.android.alarmclock.AnalogAppWidgetProvider
W/ActivityManager( 1567): Unable to start service Intent { act=com.google.android.gms.auth.key.retrieval.service.START pkg=com.google.android.gms } U=0: not found
W/ActivityManager( 1567): Unbind failed: could not find connection for android.os.BinderProxy@9d1add20
I/ActivityManager( 1567): Resuming delayed broadcast
W/BroadcastQueue( 1567): Permission Denial: broadcasting Intent { act=android.appwidget.action.APPWIDGET_UPDATE_OPTIONS flg=0x10 cmp=com.android.settings/.widget.SettingsAppWidgetProvider (has extras) } from android (pid=1941, uid=10009) is not exported from uid 1000 due to receiver com.android.settings/.widget.SettingsAppWidgetProvider
I/ActivityManager( 1567): Delay finish: com.google.android.gms/.chimera.GmsIntentOperationService$PersistentInternalReceiver
I/ActivityManager( 1567): Resuming delayed broadcast
I/ActivityManager( 1567): Delay finish: com.google.android.googlequicksearchbox/com.google.android.searchcommon.summons.icing.InternalIcingCorporaProvider$CorporaChangedReceiver
I/ActivityManager( 1567): Resuming delayed broadcast
I/ActivityManager( 1567): Delay finish: com.google.android.googlequicksearchbox/com.google.android.searchcommon.summons.icing.InternalIcingCorporaProvider$CorporaChangedReceiver
I/ActivityManager( 1567): Resuming delayed broadcast
I/ActivityManager( 1567): Delay finish: com.google.android.googlequicksearchbox/com.google.android.searchcommon.summons.icing.InternalIcingCorporaProvider$CorporaChangedReceiver
I/ActivityManager( 1567): Resuming delayed broadcast
I/ActivityManager( 1567): Delay finish: com.google.android.googlequicksearchbox/com.google.android.searchcommon.summons.icing.InternalIcingCorporaProvider$CorporaChangedReceiver
I/ActivityManager( 1567): Resuming delayed broadcast
I/ActivityManager( 1567): Delay finish: com.android.providers.contacts/.PackageIntentReceiver
I/ActivityManager( 1567): Resuming delayed broadcast
I/ActivityManager( 1567): Delay finish: com.google.android.googlequicksearchbox/com.google.android.searchcommon.summons.icing.InternalIcingCorporaProvider$CorporaChangedReceiver
I/ActivityManager( 1567): Resuming delayed broadcast
I/ActivityManager( 1567): Start proc com.svox.pico for broadcast com.svox.pico/.VoiceDataInstallerReceiver: pid=2913 uid=10041 gids={50041, 1028, 1015}
I/ActivityManager( 1567): Delay finish: com.google.android.gsf/.update.SystemUpdateService$Receiver
I/ActivityManager( 1567): Resuming delayed broadcast
I/SystemUpdateService( 1797): cancelUpdate (empty URL)
I/SystemUpdateService( 1797): cancelUpdate (empty URL)
I/ActivityManager( 1567): Delay finish: com.google.android.gsf/.settings.GoogleLocationSettings$LocationSettingsChangedListener
I/ActivityManager( 1567): Resuming delayed broadcast
I/ActivityManager( 1567): Delay finish: com.google.android.calendar/com.android.calendar.alerts.AlertReceiver
W/ActivityThread( 1856): ClassLoader.loadClass: The class loader returned by Thread.getContextClassLoader() may fail for processes that host multiple applications. You should explicitly specify a context class loader. For example: Thread.setContextClassLoader(getClass().getClassLoader());
D/ConnectivityService( 1567): handleInetConditionHoldEnd: net=0, condition=100, published condition=0
W/ActivityManager( 1567): Unable to start service Intent { act=com.google.android.gms.nearby.discovery:ACTION_INIT_MESSAGES_PATH cmp=com.google.android.gms/.nearby.discovery.service.DiscoveryService } U=0: not found
--------- beginning of /dev/log/main
W/Conscrypt( 1779): 	at com.google.android.gms.org.conscrypt.Platform.setSocketWriteTimeout(:com.google.android.gms@202414005@20.24.14 (000700-319035315):2)
W/Conscrypt( 1779): 	at com.google.android.gms.org.conscrypt.ConscryptFileDescriptorSocket.setSoWriteTimeout(:com.google.android.gms@202414005@20.24.14 (000700-319035315):0)
I/ActivityManager( 1567): Waited long enough for: ServiceRecord{9d950c78 u0 com.android.music/.MediaPlaybackService}
I/ActivityManager( 1567): Resuming delayed broadcast
W/Conscrypt( 2083): Could not set socket write timeout: java.net.SocketException: Socket closed
W/Conscrypt( 2083): 	at com.google.android.gms.org.conscrypt.Platform.setSocketWriteTimeout(:com.google.android.gms@202414005@20.24.14 (000700-319035315):2)
W/Conscrypt( 2083): 	at com.google.android.gms.org.conscrypt.ConscryptFileDescriptorSocket.setSoWriteTimeout(:com.google.android.gms@202414005@20.24.14 (000700-319035315):0)
I/GCM-GMS ( 2083): Scheduling task to register GMS
E/PhenotypeRegOp( 2083): Attempting to overwrite config package for com.google.android.gms.games [CONTEXT service_id=231 ]
E/PhenotypeRegOp( 2083): Attempting to overwrite config package for com.google.android.gms.mobile_data_plan [CONTEXT service_id=231 ]
E/PhenotypeRegOp( 2083): Attempting to overwrite config package for com.google.android.gms.signin [CONTEXT service_id=231 ]
E/PhenotypeRegOp( 2083): Attempting to overwrite config package for com.google.android.gms.udc [CONTEXT service_id=231 ]
D/dalvikvm( 1567): GC_EXPLICIT freed 599K, 45% free 8600K/15468K, paused 1ms+1ms, total 24ms
W/Conscrypt( 2083): Could not set socket write timeout: java.net.SocketException: Socket closed
W/Conscrypt( 2083): 	at com.google.android.gms.org.conscrypt.Platform.setSocketWriteTimeout(:com.google.android.gms@202414005@20.24.14 (000700-319035315):2)
W/Conscrypt( 2083): 	at com.google.android.gms.org.conscrypt.ConscryptFileDescriptorSocket.setSoWriteTimeout(:com.google.android.gms@202414005@20.24.14 (000700-319035315):0)
W/GCM     ( 1779): Unexpected forwarded intent: Intent { act=android.intent.action.PACKAGE_ADDED dat=package:com.calcitem.sanmill flg=0x4000010 cmp=com.google.android.gms/.chimera.PersistentIntentOperationService (has extras) }
W/GCM     ( 1779): Unexpected forwarded intent: Intent { act=android.intent.action.PACKAGE_ADDED dat=package:com.calcitem.sanmill flg=0x4000010 cmp=com.google.android.gms/.chimera.PersistentIntentOperationService (has extras) }
I/Auth    ( 2083): [SupervisedAccountIntentOperation] onHandleIntent(): android.intent.action.PACKAGE_ADDED
I/Auth    ( 2083): [SupervisedAccountIntentOperation] This operation is disabled
I/ActivityManager( 1567): Delay finish: com.google.android.googlequicksearchbox/com.google.android.searchcommon.summons.icing.InternalIcingCorporaProvider$CorporaChangedReceiver
I/Icing.InternalIcingCorporaProvider( 2346): Updating corpora: A: com.calcitem.sanmill, C: MAYBE
I/ChromeSync( 2083): [Sync,SyncIntentOperation] Handling the intent: Intent { act=android.intent.action.PACKAGE_ADDED dat=package:com.calcitem.sanmill flg=0x4000010 cmp=com.google.android.gms/.chimera.GmsIntentOperationService (has extras) }.
E/GmsClient( 2083): unable to connect to service: com.google.android.gms.auth.key.retrieval.service.START on com.google.android.gms
W/ActivityManager( 1567): Unable to start service Intent { act=com.google.android.gms.auth.key.retrieval.service.START pkg=com.google.android.gms } U=0: not found
W/ActivityManager( 1567): Unbind failed: could not find connection for android.os.BinderProxy@9d3a0808
D/dalvikvm( 1779): GC_FOR_ALLOC freed 1828K, 19% free 9494K/11580K, paused 13ms, total 14ms
D/dalvikvm( 2083): GC_FOR_ALLOC freed 1627K, 20% free 11865K/14828K, paused 15ms, total 15ms
I/Icing   ( 2083): IndexChimeraService.getServiceInterface callingPackage=com.google.android.googlequicksearchbox componentName=null serviceId=21
I/ChromeSync( 2083): [Persistence,AffiliationManager] One of affiliation or grouping data for android://KSmUCdTXmQS-j9D_O8l1jvyu41Pjn2mc5cb0Gvx1e9H1Aj4JCzHs_uTW26nbtH65K-YfijtBsQxGp-8R6k6HFg==@com.calcitem.sanmill/ was not found. Marking affiliation data as stale...
D/dalvikvm( 1779): GC_FOR_ALLOC freed 582K, 22% free 9213K/11684K, paused 21ms, total 21ms
I/dalvikvm-heap( 1779): Grow heap (frag case) to 9.373MB for 131084-byte allocation
D/dalvikvm( 1779): GC_FOR_ALLOC freed 5K, 21% free 9336K/11816K, paused 9ms, total 9ms
W/Icing   ( 2083): No valid account for uploading user actions
I/GCM-GMS ( 2083): Got GMS registration
I/Icing   ( 2083): Usage reports ok 0, Failed Usage reports 0, indexed 0, rejected 0
I/ActivityManager( 1567): Resuming delayed broadcast
I/ActivityManager( 1567): Delay finish: com.google.android.gsf/.update.SystemUpdateService$Receiver
I/SystemUpdateService( 1797): cancelUpdate (empty URL)
D/dalvikvm( 1779): GC_FOR_ALLOC freed 201K, 22% free 9328K/11816K, paused 6ms, total 6ms
I/dalvikvm-heap( 1779): Grow heap (frag case) to 9.610MB for 262156-byte allocation
D/dalvikvm( 1779): GC_FOR_ALLOC freed <1K, 21% free 9584K/12076K, paused 9ms, total 9ms
I/SystemUpdateService( 1797): cancelUpdate (empty URL)
D/dalvikvm( 1779): GC_FOR_ALLOC freed 148K, 21% free 9579K/12076K, paused 6ms, total 6ms
I/dalvikvm-heap( 1779): Grow heap (frag case) to 9.976MB for 389699-byte allocation
D/dalvikvm( 1779): GC_FOR_ALLOC freed 504K, 25% free 9455K/12460K, paused 9ms, total 9ms
I/ActivityManager( 1567): Resuming delayed broadcast
I/ActivityManager( 1567): Delay finish: com.google.android.gms/.auth.account.be.channelid.ChannelBindingBroadcastReceiver
I/Herrevad( 1779): [126] wkz.a: updateListenState
I/GmsModuleFndr( 2083): Beginning GMS chimera module scan
I/Auth    ( 1779): [AuthManaged,PasswordComplexityHelperImpl] Updating password complexity components state.
I/Auth    ( 1779): [AuthManaged,PasswordComplexityHelperImpl] Disabling com.google.android.gms.auth.managed.admin.DeviceAdminReceiver
I/Auth    ( 1779): [AuthManaged,PasswordComplexityHelperImpl] Disabling com.google.android.gms.auth.managed.ui.SetNewPasswordActivity
I/ActivityManager( 1567): Resuming delayed broadcast
I/ModuleSetMgr( 2083): Computing pending module set with APKs: [[AdsFdrDynamite.integ:21460000000], [Cronetdynamite:202414000700], [Dynamiteloader:202414000700], [Dynamitemodulesa:202414000000], [Dynamitemodulesc:202414000000], [Googlecertificates:202414000000], [Mapsdynamite:202414000000], [Measurementdynamite:202414000000]]
I/ModuleSetMgr( 2083): Pending container module APKs: []
I/ModuleSetMgr( 2083): Pending non-container module APKs: []
I/Search.GservicesUpdateTask( 2346): Updating Gservices keys
I/ActivityManager( 1567): Delay finish: com.android.settings/.widget.SettingsAppWidgetProvider
I/GStaticConfiguration( 2346): Ignore gservice update: no configuration
I/ChromeSync( 2083): [Sync,SyncIntentOperation] Handling the intent: Intent { act=com.google.gservices.intent.action.GSERVICES_CHANGED flg=0x10 cmp=com.google.android.gms/.chimera.GmsIntentOperationService$PersistentInternalReceiver }.
E/BluetoothAdapter( 1826): Bluetooth binder is null
I/ActivityManager( 1567): Resuming delayed broadcast
I/MobileDataHub( 2083): Scheduling periodic tasks
W/MobileDataHub( 2083): [Service] appsupload-periodic periodic task disabled
I/MdiSyncModule( 2083): flag handling is skipping irrelevant intent.
V/EmulatedCamera_Camera( 1148): getCameraInfo
V/EmulatedCamera_BaseCamera( 1148): getCameraInfo
I/OcrModelUpStIntentOp( 2083): Updating ocr activity enabled=true (phenotypeFlag=true, lowRamDevice=false, prereqCheck=true)
I/OcrModelUpStIntentOp( 2083): Downloading text recognizer
I/SystemUpdate( 2083): [Installation,ReceiverIntentOperation] Received intent: Intent { act=com.google.gservices.intent.action.GSERVICES_CHANGED flg=0x10 cmp=com.google.android.gms/.chimera.GmsIntentOperationService$PersistentInternalReceiver }.
W/GCM     ( 1779): Unexpected forwarded intent: Intent { act=android.intent.action.PACKAGE_ADDED dat=package:it.unina.android.ripper flg=0x4000010 cmp=com.google.android.gms/.chimera.PersistentIntentOperationService (has extras) }
W/GCM     ( 1779): Unexpected forwarded intent: Intent { act=android.intent.action.PACKAGE_ADDED dat=package:it.unina.android.ripper flg=0x4000010 cmp=com.google.android.gms/.chimera.PersistentIntentOperationService (has extras) }
I/ActivityManager( 1567): Delay finish: com.google.android.googlequicksearchbox/com.google.android.searchcommon.summons.icing.InternalIcingCorporaProvider$CorporaChangedReceiver
I/Icing.InternalIcingCorporaProvider( 2346): Updating corpora: A: it.unina.android.ripper, C: MAYBE
I/SystemUpdate( 2083): [Execution,InstallationEventIntentOperation] Handling event of type 2.
D/dalvikvm( 2083): GC_EXPLICIT freed 1767K, 19% free 12145K/14828K, paused 16ms+1ms, total 31ms
D/dalvikvm( 2083): WAIT_FOR_CONCURRENT_GC blocked 22ms
D/dalvikvm( 2083): WAIT_FOR_CONCURRENT_GC blocked 22ms
D/dalvikvm( 2083): WAIT_FOR_CONCURRENT_GC blocked 19ms
D/dalvikvm( 2083): WAIT_FOR_CONCURRENT_GC blocked 19ms
D/dalvikvm( 2083): WAIT_FOR_CONCURRENT_GC blocked 19ms
D/dalvikvm( 2083): WAIT_FOR_CONCURRENT_GC blocked 5ms
D/dalvikvm( 2083): WAIT_FOR_CONCURRENT_GC blocked 17ms
D/dalvikvm( 2083): WAIT_FOR_CONCURRENT_GC blocked 17ms
D/dalvikvm( 2083): WAIT_FOR_CONCURRENT_GC blocked 11ms
I/Icing   ( 2083): IndexChimeraService.getServiceInterface callingPackage=com.google.android.googlequicksearchbox componentName=null serviceId=21
I/Auth    ( 2083): [SupervisedAccountIntentOperation] onHandleIntent(): android.intent.action.PACKAGE_ADDED
I/Auth    ( 2083): [SupervisedAccountIntentOperation] This operation is disabled
I/ChromeSync( 2083): [Sync,SyncIntentOperation] Handling the intent: Intent { act=android.intent.action.PACKAGE_ADDED dat=package:it.unina.android.ripper flg=0x4000010 cmp=com.google.android.gms/.chimera.GmsIntentOperationService (has extras) }.
W/ActivityManager( 1567): Unable to start service Intent { act=com.google.android.gms.auth.key.retrieval.service.START pkg=com.google.android.gms } U=0: not found
I/FontLog ( 2083): Package it.unina.android.ripper has no metadata [CONTEXT service_id=132 ]
E/GmsClient( 2083): unable to connect to service: com.google.android.gms.auth.key.retrieval.service.START on com.google.android.gms
W/Icing   ( 2083): No valid account for uploading user actions
W/ActivityManager( 1567): Unbind failed: could not find connection for android.os.BinderProxy@9d9a4380
I/SystemUpdate( 2083): [Execution,InstallationIntentOperation] Received intent: Intent { act=com.google.android.gms.update.INSTALL_UPDATE cat=[targeted_intent_op_prefix:.update.execution.InstallationIntentOperation] cmp=com.google.android.gms/.chimera.GmsIntentOperationService }.
I/ChromeSync( 2083): [Persistence,AffiliationManager] One of affiliation or grouping data for android://KSmUCdTXmQS-j9D_O8l1jvyu41Pjn2mc5cb0Gvx1e9H1Aj4JCzHs_uTW26nbtH65K-YfijtBsQxGp-8R6k6HFg==@it.unina.android.ripper/ was not found. Marking affiliation data as stale...
I/SystemUpdate( 2083): [Execution,ExecutionManager] Action finished-execution executed for 0.00 seconds.
I/Icing   ( 2083): Usage reports ok 0, Failed Usage reports 0, indexed 0, rejected 0
D/dalvikvm( 1797): GC_EXPLICIT freed 355K, 25% free 6034K/7968K, paused 1ms+1ms, total 54ms
I/ActivityManager( 1567): Resuming delayed broadcast
I/GCoreUlr( 1779): WorldUpdater received intent Intent { act=com.google.android.location.reporting.ACTION_UPDATE_WORLD cmp=com.google.android.gms/com.google.android.location.reporting.service.DispatchingService (has extras) } with receiverAction com.google.gservices.intent.action.GSERVICES_CHANGED
I/CheckinResponseProcess( 2083): From server: 1530 gservices [full] [CONTEXT service_id=130 ]
D/dalvikvm( 2083): GC_EXPLICIT freed 780K, 16% free 12531K/14828K, paused 14ms+2ms, total 30ms
I/ActivityManager( 1567): Delay finish: com.android.mms/.transaction.SmsReceiver
V/SmsReceiverService( 2776): onStart: #1 mResultCode: -1 = Activity.RESULT_OK
I/ActivityManager( 1567): Resuming delayed broadcast
I/GCoreUlr( 1779): WorldUpdater:com.google.gservices.intent.action.GSERVICES_CHANGED: Ensuring that reporting is stopped because of reasons: (no Google accounts)
I/Fitness ( 1779): OnPackageChangedOperation got intent: Intent { act=android.intent.action.PACKAGE_CHANGED dat=package:com.google.android.gsf flg=0x4000010 cmp=com.google.android.gms/.chimera.PersistentIntentOperationService (has extras) } [CONTEXT service_id=17 ]
I/Icing.InternalIcingCorporaProvider( 2346): Updating corpora: A: com.google.android.gsf, C: MAYBE
I/ActivityManager( 1567): Delay finish: com.google.android.googlequicksearchbox/com.google.android.searchcommon.summons.icing.InternalIcingCorporaProvider$CorporaChangedReceiver
D/dalvikvm( 2083): GC_EXPLICIT freed 442K, 17% free 12393K/14828K, paused 10ms+2ms, total 57ms
D/dalvikvm( 1779): GC_FOR_ALLOC freed 890K, 15% free 10612K/12460K, paused 22ms, total 22ms
I/GCoreUlr( 1779): Unbound from all signal providers.
I/Fitness ( 1779): FitCleanupIntentOperation received Intent android.intent.action.PACKAGE_CHANGED [CONTEXT service_id=17 ]
I/Icing   ( 2083): IndexChimeraService.getServiceInterface callingPackage=com.google.android.googlequicksearchbox componentName=null serviceId=21
W/Icing   ( 2083): No valid account for uploading user actions
I/Icing   ( 2083): Usage reports ok 0, Failed Usage reports 0, indexed 0, rejected 0
W/Launcher( 2599): setApplicationContext called twice! old=com.google.android.velvet.VelvetApplication@9d02d648 new=com.google.android.velvet.VelvetApplication@9d02d648
I/ActivityManager( 1567): Resuming delayed broadcast
I/GCoreUlr( 1779): Unbound from all signal providers.
I/GCoreUlr( 1779): Stopping handler for UlrDispSvcFast
I/Fitness ( 1779): OnPackageChangedOperation got intent: Intent { act=android.intent.action.PACKAGE_CHANGED dat=package:com.google.android.gms flg=0x4000010 cmp=com.google.android.gms/.chimera.PersistentIntentOperationService (has extras) } [CONTEXT service_id=17 ]
I/Icing   ( 2083): updateResources: need to parse wwx{com.google.android.gms}
I/ActivityManager( 1567): Delay finish: com.google.android.googlequicksearchbox/com.google.android.searchcommon.summons.icing.InternalIcingCorporaProvider$CorporaChangedReceiver
I/Fitness ( 1779): FitCleanupIntentOperation received Intent android.intent.action.PACKAGE_CHANGED [CONTEXT service_id=17 ]
D/dalvikvm( 2083): GC_EXPLICIT freed 51K, 15% free 12623K/14828K, paused 1ms+9ms, total 57ms
I/Icing.InternalIcingCorporaProvider( 2346): Updating corpora: A: com.google.android.gms, C: MAYBE
I/Icing   ( 2083): IndexChimeraService.getServiceInterface callingPackage=com.google.android.googlequicksearchbox componentName=null serviceId=21
D/dalvikvm( 2083): GC_EXPLICIT freed 257K, 15% free 12707K/14828K, paused 4ms+10ms, total 38ms
D/dalvikvm( 1797): GC_FOR_ALLOC freed 309K, 16% free 6763K/7968K, paused 3ms, total 3ms
D/dalvikvm( 2083): GC_EXPLICIT freed 397K, 17% free 12419K/14828K, paused 5ms+2ms, total 26ms
D/dalvikvm( 2083): GC_EXPLICIT freed 91K, 17% free 12409K/14828K, paused 1ms+2ms, total 17ms
W/Icing   ( 2083): No valid account for uploading user actions
I/Icing   ( 2083): Usage reports ok 0, Failed Usage reports 0, indexed 0, rejected 0
W/Launcher( 2599): setApplicationContext called twice! old=com.google.android.velvet.VelvetApplication@9d02d648 new=com.google.android.velvet.VelvetApplication@9d02d648
I/CertBlacklister( 1567): Certificate blacklist changed, updating...
I/ActivityManager( 1567): Resuming delayed broadcast
I/CertBlacklister( 1567): Certificate blacklist updated
I/GservicesProvider( 1797): main update completed
D/dalvikvm( 2083): GC_EXPLICIT freed 64K, 17% free 12393K/14828K, paused 4ms+1ms, total 37ms
D/dalvikvm( 1779): GC_FOR_ALLOC freed 1705K, 16% free 10957K/12920K, paused 16ms, total 16ms
I/Checkin ( 2083): [CheckinRequestProcessor] CheckinNowTaskTag : Checkin Succeeded: https://android.googleapis.com/checkin (fragment #1).
D/dalvikvm( 1797): GC_EXPLICIT freed 1148K, 23% free 6148K/7968K, paused 0ms+0ms, total 7ms
I/GmsModuleFndr( 2083): Beginning GMS chimera module scan
I/ModuleSetMgr( 2083): Computing pending module set with APKs: [[AdsFdrDynamite.integ:21460000000], [Cronetdynamite:202414000700], [Dynamiteloader:202414000700], [Dynamitemodulesa:202414000000], [Dynamitemodulesc:202414000000], [Googlecertificates:202414000000], [Mapsdynamite:202414000000], [Measurementdynamite:202414000000]]
I/ModuleSetMgr( 2083): Pending container module APKs: []
I/ModuleSetMgr( 2083): Pending non-container module APKs: []
D/dalvikvm( 1797): GC_EXPLICIT freed 179K, 23% free 6159K/7968K, paused 0ms+2ms, total 11ms
D/dalvikvm( 1779): GC_EXPLICIT freed 1486K, 19% free 10578K/12920K, paused 0ms+1ms, total 9ms
D/dalvikvm( 2083): GC_EXPLICIT freed 1427K, 22% free 11615K/14828K, paused 0ms+1ms, total 14ms
D/dalvikvm( 1797): GC_EXPLICIT freed 138K, 23% free 6160K/7968K, paused 0ms+0ms, total 4ms
D/dalvikvm( 2083): DexOpt: couldn't find static field Landroid/os/Build;.SUPPORTED_ABIS
W/dalvikvm( 2083): VFY: unable to resolve static field 17846 (SUPPORTED_ABIS) in Landroid/os/Build;
D/dalvikvm( 2083): VFY: replacing opcode 0x62 at 0x0006
I/Vision  ( 2083): Supported ABIS: [x86]
V/AlarmClock( 2663): AlarmInitReceiver android.intent.action.TIMEZONE_CHANGED
I/AlarmClock( 2663): Displaying next alarm time: ''
I/Vision  ( 2083): Requesting optional module download of ocr.
V/AlarmClock( 2663): AlarmInitReceiver finished
I/Notifications( 2683): [ChimeBroadcastReceiver] Intent received for action [android.intent.action.TIMEZONE_CHANGED] package [com.google.android.play.games].
I/Notifications( 2683): [ChimeBroadcastReceiver] Validation OK for action [android.intent.action.TIMEZONE_CHANGED].
I/ChmraDebugLogger( 1779): [53] +vision.ocr:-1
I/Notifications( 2683): [ChimeBroadcastReceiver] Executing action in Service [android.intent.action.TIMEZONE_CHANGED].
I/SystemUpdate( 2083): [Installation,ReceiverIntentOperation] Received intent: Intent { act=android.intent.action.TIME_SET flg=0x24000010 cmp=com.google.android.gms/.chimera.GmsIntentOperationService$PersistentTrustedReceiver }.
