W/dalvikvm( 7594): VFY: unable to resolve virtual method 3790: Landroid/view/View;.getNextClusterForwardId ()I
D/dalvikvm( 7594): VFY: replacing opcode 0x6e at 0x0006
I/dalvikvm( 7594): Could not find method android.view.View.getScrollIndicators, referenced from method androidx.core.view.ViewCompat.getScrollIndicators
W/dalvikvm( 7594): VFY: unable to resolve virtual method 3811: Landroid/view/View;.getScrollIndicators ()I
D/dalvikvm( 7594): VFY: replacing opcode 0x6e at 0x0006
I/dalvikvm( 7594): Could not find method android.view.View.getTransitionName, referenced from method androidx.core.view.ViewCompat.getTransitionName
W/dalvikvm( 7594): VFY: unable to resolve virtual method 3817: Landroid/view/View;.getTransitionName ()Ljava/lang/String;
D/dalvikvm( 7594): VFY: replacing opcode 0x6e at 0x0006
I/dalvikvm( 7594): Could not find method android.view.View.getTranslationZ, referenced from method androidx.core.view.ViewCompat.getTranslationZ
W/dalvikvm( 7594): VFY: unable to resolve virtual method 3820: Landroid/view/View;.getTranslationZ ()F
D/dalvikvm( 7594): VFY: replacing opcode 0x6e at 0x0006
I/dalvikvm( 7594): Could not find method android.view.View.getZ, referenced from method androidx.core.view.ViewCompat.getZ
W/dalvikvm( 7594): VFY: unable to resolve virtual method 3831: Landroid/view/View;.getZ ()F
D/dalvikvm( 7594): VFY: replacing opcode 0x6e at 0x0006
I/dalvikvm( 7594): Could not find method android.view.View.hasExplicitFocusable, referenced from method androidx.core.view.ViewCompat.hasExplicitFocusable
W/dalvikvm( 7594): VFY: unable to resolve virtual method 3832: Landroid/view/View;.hasExplicitFocusable ()Z
D/dalvikvm( 7594): VFY: replacing opcode 0x6e at 0x0006
I/dalvikvm( 7594): Could not find method android.view.View.hasNestedScrollingParent, referenced from method androidx.core.view.ViewCompat.hasNestedScrollingParent
W/dalvikvm( 7594): VFY: unable to resolve virtual method 3835: Landroid/view/View;.hasNestedScrollingParent ()Z
D/dalvikvm( 7594): VFY: replacing opcode 0x6e at 0x0006
I/dalvikvm( 7594): Could not find method android.view.View.isFocusedByDefault, referenced from method androidx.core.view.ViewCompat.isFocusedByDefault
W/dalvikvm( 7594): VFY: unable to resolve virtual method 3847: Landroid/view/View;.isFocusedByDefault ()Z
D/dalvikvm( 7594): VFY: replacing opcode 0x6e at 0x0006
I/dalvikvm( 7594): Could not find method android.view.View.isImportantForAutofill, referenced from method androidx.core.view.ViewCompat.isImportantForAutofill
W/dalvikvm( 7594): VFY: unable to resolve virtual method 3849: Landroid/view/View;.isImportantForAutofill ()Z
D/dalvikvm( 7594): VFY: replacing opcode 0x6e at 0x0006
I/dalvikvm( 7594): Could not find method android.view.View.isKeyboardNavigationCluster, referenced from method androidx.core.view.ViewCompat.isKeyboardNavigationCluster
W/dalvikvm( 7594): VFY: unable to resolve virtual method 3852: Landroid/view/View;.isKeyboardNavigationCluster ()Z
D/dalvikvm( 7594): VFY: replacing opcode 0x6e at 0x0006
I/dalvikvm( 7594): Could not find method android.view.View.isNestedScrollingEnabled, referenced from method androidx.core.view.ViewCompat.isNestedScrollingEnabled
W/dalvikvm( 7594): VFY: unable to resolve virtual method 3857: Landroid/view/View;.isNestedScrollingEnabled ()Z
D/dalvikvm( 7594): VFY: replacing opcode 0x6e at 0x0006
I/dalvikvm( 7594): Could not find method android.view.View.keyboardNavigationClusterSearch, referenced from method androidx.core.view.ViewCompat.keyboardNavigationClusterSearch
W/dalvikvm( 7594): VFY: unable to resolve virtual method 3864: Landroid/view/View;.keyboardNavigationClusterSearch (Landroid/view/View;I)Landroid/view/View;
D/dalvikvm( 7594): VFY: replacing opcode 0x6e at 0x0006
E/dalvikvm( 7594): Could not find class 'android.view.WindowInsets', referenced from method androidx.core.view.ViewCompat.onApplyWindowInsets
W/dalvikvm( 7594): VFY: unable to resolve check-cast 662 (Landroid/view/WindowInsets;) in Landroidx/core/view/ViewCompat;
D/dalvikvm( 7594): VFY: replacing opcode 0x1f at 0x000a
E/dalvikvm( 7594): Could not find class 'android.view.View$OnUnhandledKeyEventListener', referenced from method androidx.core.view.ViewCompat.removeOnUnhandledKeyEventListener
W/dalvikvm( 7594): VFY: unable to resolve check-cast 637 (Landroid/view/View$OnUnhandledKeyEventListener;) in Landroidx/core/view/ViewCompat;
D/dalvikvm( 7594): VFY: replacing opcode 0x1f at 0x0015
I/dalvikvm( 7594): Could not find method android.view.View.requestApplyInsets, referenced from method androidx.core.view.ViewCompat.requestApplyInsets
W/dalvikvm( 7594): VFY: unable to resolve virtual method 3893: Landroid/view/View;.requestApplyInsets ()V
D/dalvikvm( 7594): VFY: replacing opcode 0x6e at 0x0006
I/dalvikvm( 7594): Could not find method android.view.View.requireViewById, referenced from method androidx.core.view.ViewCompat.requireViewById
W/dalvikvm( 7594): VFY: unable to resolve virtual method 3899: Landroid/view/View;.requireViewById (I)Landroid/view/View;
D/dalvikvm( 7594): VFY: replacing opcode 0x6e at 0x0006
I/dalvikvm( 7594): Could not find method android.view.View.restoreDefaultFocus, referenced from method androidx.core.view.ViewCompat.restoreDefaultFocus
W/dalvikvm( 7594): VFY: unable to resolve virtual method 3901: Landroid/view/View;.restoreDefaultFocus ()Z
D/dalvikvm( 7594): VFY: replacing opcode 0x6e at 0x0006
I/dalvikvm( 7594): Could not find method android.view.View.setAutofillHints, referenced from method androidx.core.view.ViewCompat.setAutofillHints
W/dalvikvm( 7594): VFY: unable to resolve virtual method 3912: Landroid/view/View;.setAutofillHints ([Ljava/lang/String;)V
D/dalvikvm( 7594): VFY: replacing opcode 0x6e at 0x0006
I/dalvikvm( 7594): Could not find method android.view.View.setBackgroundTintList, referenced from method androidx.core.view.ViewCompat.setBackgroundTintList
W/dalvikvm( 7594): VFY: unable to resolve virtual method 3916: Landroid/view/View;.setBackgroundTintList (Landroid/content/res/ColorStateList;)V
D/dalvikvm( 7594): VFY: replacing opcode 0x6e at 0x0006
I/dalvikvm( 7594): Could not find method android.view.View.setBackgroundTintMode, referenced from method androidx.core.view.ViewCompat.setBackgroundTintMode
W/dalvikvm( 7594): VFY: unable to resolve virtual method 3917: Landroid/view/View;.setBackgroundTintMode (Landroid/graphics/PorterDuff$Mode;)V
D/dalvikvm( 7594): VFY: replacing opcode 0x6e at 0x0006
I/dalvikvm( 7594): Could not find method android.view.View.setElevation, referenced from method androidx.core.view.ViewCompat.setElevation
W/dalvikvm( 7594): VFY: unable to resolve virtual method 3921: Landroid/view/View;.setElevation (F)V
D/dalvikvm( 7594): VFY: replacing opcode 0x6e at 0x0006
I/dalvikvm( 7594): Could not find method android.view.View.setFocusedByDefault, referenced from method androidx.core.view.ViewCompat.setFocusedByDefault
W/dalvikvm( 7594): VFY: unable to resolve virtual method 3925: Landroid/view/View;.setFocusedByDefault (Z)V
D/dalvikvm( 7594): VFY: replacing opcode 0x6e at 0x0006
I/dalvikvm( 7594): Could not find method android.view.View.setImportantForAutofill, referenced from method androidx.core.view.ViewCompat.setImportantForAutofill
W/dalvikvm( 7594): VFY: unable to resolve virtual method 3929: Landroid/view/View;.setImportantForAutofill (I)V
D/dalvikvm( 7594): VFY: replacing opcode 0x6e at 0x0006
I/dalvikvm( 7594): Could not find method android.view.View.setKeyboardNavigationCluster, referenced from method androidx.core.view.ViewCompat.setKeyboardNavigationCluster
W/dalvikvm( 7594): VFY: unable to resolve virtual method 3930: Landroid/view/View;.setKeyboardNavigationCluster (Z)V
D/dalvikvm( 7594): VFY: replacing opcode 0x6e at 0x0006
I/dalvikvm( 7594): Could not find method android.view.View.setNestedScrollingEnabled, referenced from method androidx.core.view.ViewCompat.setNestedScrollingEnabled
W/dalvikvm( 7594): VFY: unable to resolve virtual method 3940: Landroid/view/View;.setNestedScrollingEnabled (Z)V
D/dalvikvm( 7594): VFY: replacing opcode 0x6e at 0x0006
I/dalvikvm( 7594): Could not find method android.view.View.setNextClusterForwardId, referenced from method androidx.core.view.ViewCompat.setNextClusterForwardId
W/dalvikvm( 7594): VFY: unable to resolve virtual method 3941: Landroid/view/View;.setNextClusterForwardId (I)V
D/dalvikvm( 7594): VFY: replacing opcode 0x6e at 0x0006
I/dalvikvm( 7594): Could not find method android.view.View.setOnApplyWindowInsetsListener, referenced from method androidx.core.view.ViewCompat.setOnApplyWindowInsetsListener
W/dalvikvm( 7594): VFY: unable to resolve virtual method 3942: Landroid/view/View;.setOnApplyWindowInsetsListener (Landroid/view/View$OnApplyWindowInsetsListener;)V
D/dalvikvm( 7594): VFY: replacing opcode 0x6e at 0x0009
I/dalvikvm( 7594): Failed resolving Landroidx/core/view/ViewCompat$1; interface 627 'Landroid/view/View$OnApplyWindowInsetsListener;'
W/dalvikvm( 7594): Link of class 'Landroidx/core/view/ViewCompat$1;' failed
E/dalvikvm( 7594): Could not find class 'androidx.core.view.ViewCompat$1', referenced from method androidx.core.view.ViewCompat.setOnApplyWindowInsetsListener
W/dalvikvm( 7594): VFY: unable to resolve new-instance 1674 (Landroidx/core/view/ViewCompat$1;) in Landroidx/core/view/ViewCompat;
D/dalvikvm( 7594): VFY: replacing opcode 0x22 at 0x000d
I/dalvikvm( 7594): Could not find method android.view.View.setPointerIcon, referenced from method androidx.core.view.ViewCompat.setPointerIcon
W/dalvikvm( 7594): VFY: unable to resolve virtual method 3954: Landroid/view/View;.setPointerIcon (Landroid/view/PointerIcon;)V
D/dalvikvm( 7594): VFY: replacing opcode 0x6e at 0x0012
I/dalvikvm( 7594): Could not find method android.view.View.setScrollIndicators, referenced from method androidx.core.view.ViewCompat.setScrollIndicators
W/dalvikvm( 7594): VFY: unable to resolve virtual method 3964: Landroid/view/View;.setScrollIndicators (I)V
D/dalvikvm( 7594): VFY: replacing opcode 0x6e at 0x0006
I/dalvikvm( 7594): Could not find method android.view.View.setScrollIndicators, referenced from method androidx.core.view.ViewCompat.setScrollIndicators
W/dalvikvm( 7594): VFY: unable to resolve virtual method 3965: Landroid/view/View;.setScrollIndicators (II)V
D/dalvikvm( 7594): VFY: replacing opcode 0x6e at 0x0006
I/dalvikvm( 7594): Could not find method android.view.View.setTooltipText, referenced from method androidx.core.view.ViewCompat.setTooltipText
W/dalvikvm( 7594): VFY: unable to resolve virtual method 3972: Landroid/view/View;.setTooltipText (Ljava/lang/CharSequence;)V
D/dalvikvm( 7594): VFY: replacing opcode 0x6e at 0x0006
I/dalvikvm( 7594): Could not find method android.view.View.setTransitionName, referenced from method androidx.core.view.ViewCompat.setTransitionName
W/dalvikvm( 7594): VFY: unable to resolve virtual method 3974: Landroid/view/View;.setTransitionName (Ljava/lang/String;)V
D/dalvikvm( 7594): VFY: replacing opcode 0x6e at 0x0006
I/dalvikvm( 7594): Could not find method android.view.View.setTranslationZ, referenced from method androidx.core.view.ViewCompat.setTranslationZ
W/dalvikvm( 7594): VFY: unable to resolve virtual method 3977: Landroid/view/View;.setTranslationZ (F)V
D/dalvikvm( 7594): VFY: replacing opcode 0x6e at 0x0006
I/dalvikvm( 7594): Could not find method android.view.View.setZ, referenced from method androidx.core.view.ViewCompat.setZ
W/dalvikvm( 7594): VFY: unable to resolve virtual method 3982: Landroid/view/View;.setZ (F)V
D/dalvikvm( 7594): VFY: replacing opcode 0x6e at 0x0006
I/dalvikvm( 7594): Could not find method android.view.View.startDragAndDrop, referenced from method androidx.core.view.ViewCompat.startDragAndDrop
W/dalvikvm( 7594): VFY: unable to resolve virtual method 3985: Landroid/view/View;.startDragAndDrop (Landroid/content/ClipData;Landroid/view/View$DragShadowBuilder;Ljava/lang/Object;I)Z
D/dalvikvm( 7594): VFY: replacing opcode 0x6e at 0x0006
I/dalvikvm( 7594): Could not find method android.view.View.startNestedScroll, referenced from method androidx.core.view.ViewCompat.startNestedScroll
W/dalvikvm( 7594): VFY: unable to resolve virtual method 3986: Landroid/view/View;.startNestedScroll (I)Z
D/dalvikvm( 7594): VFY: replacing opcode 0x6e at 0x0006
I/dalvikvm( 7594): Could not find method android.view.View.stopNestedScroll, referenced from method androidx.core.view.ViewCompat.stopNestedScroll
W/dalvikvm( 7594): VFY: unable to resolve virtual method 3987: Landroid/view/View;.stopNestedScroll ()V
D/dalvikvm( 7594): VFY: replacing opcode 0x6e at 0x0006
I/dalvikvm( 7594): Could not find method android.view.View.updateDragShadow, referenced from method androidx.core.view.ViewCompat.updateDragShadow
W/dalvikvm( 7594): VFY: unable to resolve virtual method 3988: Landroid/view/View;.updateDragShadow (Landroid/view/View$DragShadowBuilder;)V
D/dalvikvm( 7594): VFY: replacing opcode 0x6e at 0x0006
I/dalvikvm( 7594): Failed resolving Landroidx/core/view/ViewCompat$2; interface 637 'Landroid/view/View$OnUnhandledKeyEventListener;'
W/dalvikvm( 7594): Link of class 'Landroidx/core/view/ViewCompat$2;' failed
D/dalvikvm( 7594): DexOpt: unable to opt direct call 0x3604 at 0x1c in Landroidx/core/view/ViewCompat;.addOnUnhandledKeyEventListener
D/dalvikvm( 7594): DexOpt: unable to opt direct call 0x1094 at 0x18 in Landroidx/core/view/ViewCompat;.dispatchApplyWindowInsets
D/dalvikvm( 7594): DexOpt: unable to opt direct call 0x1094 at 0x18 in Landroidx/core/view/ViewCompat;.onApplyWindowInsets
I/dalvikvm( 7594): Failed resolving Landroidx/core/view/ViewCompat$1; interface 627 'Landroid/view/View$OnApplyWindowInsetsListener;'
W/dalvikvm( 7594): Link of class 'Landroidx/core/view/ViewCompat$1;' failed
D/dalvikvm( 7594): DexOpt: unable to opt direct call 0x3602 at 0x0f in Landroidx/core/view/ViewCompat;.setOnApplyWindowInsetsListener
I/dalvikvm( 7594): Could not find method android.content.res.Resources.getDrawable, referenced from method androidx.appcompat.widget.ResourcesWrapper.getDrawable
W/dalvikvm( 7594): VFY: unable to resolve virtual method 702: Landroid/content/res/Resources;.getDrawable (ILandroid/content/res/Resources$Theme;)Landroid/graphics/drawable/Drawable;
D/dalvikvm( 7594): VFY: replacing opcode 0x6e at 0x0002
I/dalvikvm( 7594): Could not find method android.content.res.Resources.getDrawableForDensity, referenced from method androidx.appcompat.widget.ResourcesWrapper.getDrawableForDensity
W/dalvikvm( 7594): VFY: unable to resolve virtual method 704: Landroid/content/res/Resources;.getDrawableForDensity (IILandroid/content/res/Resources$Theme;)Landroid/graphics/drawable/Drawable;
D/dalvikvm( 7594): VFY: replacing opcode 0x6e at 0x0002
E/dalvikvm( 7594): Could not find class 'android.graphics.drawable.RippleDrawable', referenced from method androidx.appcompat.widget.AppCompatImageHelper.hasOverlappingRendering
W/dalvikvm( 7594): VFY: unable to resolve instanceof 208 (Landroid/graphics/drawable/RippleDrawable;) in Landroidx/appcompat/widget/AppCompatImageHelper;
D/dalvikvm( 7594): VFY: replacing opcode 0x20 at 0x000c
I/dalvikvm( 7594): Could not find method android.content.Context.getColorStateList, referenced from method androidx.appcompat.content.res.AppCompatResources.getColorStateList
W/dalvikvm( 7594): VFY: unable to resolve virtual method 487: Landroid/content/Context;.getColorStateList (I)Landroid/content/res/ColorStateList;
D/dalvikvm( 7594): VFY: replacing opcode 0x6e at 0x0006
D/dalvikvm( 7594): GC_FOR_ALLOC freed 139K, 12% free 3197K/3608K, paused 2ms, total 2ms
I/dalvikvm-heap( 7594): Grow heap (frag case) to 4.041MB for 767388-byte allocation
D/dalvikvm( 7594): GC_FOR_ALLOC freed <1K, 10% free 3946K/4360K, paused 3ms, total 3ms
D/dalvikvm( 7594): GC_CONCURRENT freed <1K, 10% free 3946K/4360K, paused 1ms+0ms, total 4ms
D/EGL_emulation( 1941): eglMakeCurrent: 0xb8f07280: ver 3 0
D/dalvikvm( 7594): GC_FOR_ALLOC freed 2K, 10% free 4122K/4532K, paused 2ms, total 2ms
I/dalvikvm-heap( 7594): Grow heap (frag case) to 6.063MB for 1939932-byte allocation
D/dalvikvm( 7594): GC_CONCURRENT freed <1K, 7% free 6016K/6428K, paused 1ms+0ms, total 4ms
I/dalvikvm( 7594): Could not find method android.widget.TextView.getAutoSizeMaxTextSize, referenced from method androidx.appcompat.widget.AppCompatTextView.getAutoSizeMaxTextSize
W/dalvikvm( 7594): VFY: unable to resolve virtual method 5179: Landroid/widget/TextView;.getAutoSizeMaxTextSize ()I
D/dalvikvm( 7594): VFY: replacing opcode 0x6f at 0x0004
I/dalvikvm( 7594): Could not find method android.widget.TextView.getAutoSizeMinTextSize, referenced from method androidx.appcompat.widget.AppCompatTextView.getAutoSizeMinTextSize
W/dalvikvm( 7594): VFY: unable to resolve virtual method 5180: Landroid/widget/TextView;.getAutoSizeMinTextSize ()I
D/dalvikvm( 7594): VFY: replacing opcode 0x6f at 0x0004
I/dalvikvm( 7594): Could not find method android.widget.TextView.getAutoSizeStepGranularity, referenced from method androidx.appcompat.widget.AppCompatTextView.getAutoSizeStepGranularity
W/dalvikvm( 7594): VFY: unable to resolve virtual method 5181: Landroid/widget/TextView;.getAutoSizeStepGranularity ()I
D/dalvikvm( 7594): VFY: replacing opcode 0x6f at 0x0004
I/dalvikvm( 7594): Could not find method android.widget.TextView.getAutoSizeTextAvailableSizes, referenced from method androidx.appcompat.widget.AppCompatTextView.getAutoSizeTextAvailableSizes
W/dalvikvm( 7594): VFY: unable to resolve virtual method 5182: Landroid/widget/TextView;.getAutoSizeTextAvailableSizes ()[I
D/dalvikvm( 7594): VFY: replacing opcode 0x6f at 0x0004
I/dalvikvm( 7594): Could not find method android.widget.TextView.getAutoSizeTextType, referenced from method androidx.appcompat.widget.AppCompatTextView.getAutoSizeTextType
W/dalvikvm( 7594): VFY: unable to resolve virtual method 5183: Landroid/widget/TextView;.getAutoSizeTextType ()I
D/dalvikvm( 7594): VFY: replacing opcode 0x6f at 0x0005
I/dalvikvm( 7594): Could not find method android.widget.TextView.setAutoSizeTextTypeUniformWithConfiguration, referenced from method androidx.appcompat.widget.AppCompatTextView.setAutoSizeTextTypeUniformWithConfiguration
W/dalvikvm( 7594): VFY: unable to resolve virtual method 5248: Landroid/widget/TextView;.setAutoSizeTextTypeUniformWithConfiguration (IIII)V
D/dalvikvm( 7594): VFY: replacing opcode 0x6f at 0x0004
I/dalvikvm( 7594): Could not find method android.widget.TextView.setAutoSizeTextTypeUniformWithPresetSizes, referenced from method androidx.appcompat.widget.AppCompatTextView.setAutoSizeTextTypeUniformWithPresetSizes
W/dalvikvm( 7594): VFY: unable to resolve virtual method 5249: Landroid/widget/TextView;.setAutoSizeTextTypeUniformWithPresetSizes ([II)V
D/dalvikvm( 7594): VFY: replacing opcode 0x6f at 0x0004
I/dalvikvm( 7594): Could not find method android.widget.TextView.setAutoSizeTextTypeWithDefaults, referenced from method androidx.appcompat.widget.AppCompatTextView.setAutoSizeTextTypeWithDefaults
W/dalvikvm( 7594): VFY: unable to resolve virtual method 5250: Landroid/widget/TextView;.setAutoSizeTextTypeWithDefaults (I)V
D/dalvikvm( 7594): VFY: replacing opcode 0x6f at 0x0004
I/dalvikvm( 7594): Could not find method android.widget.TextView.setFirstBaselineToTopHeight, referenced from method androidx.appcompat.widget.AppCompatTextView.setFirstBaselineToTopHeight
W/dalvikvm( 7594): VFY: unable to resolve virtual method 5266: Landroid/widget/TextView;.setFirstBaselineToTopHeight (I)V
D/dalvikvm( 7594): VFY: replacing opcode 0x6f at 0x0006
I/dalvikvm( 7594): Could not find method android.widget.TextView.setLastBaselineToBottomHeight, referenced from method androidx.appcompat.widget.AppCompatTextView.setLastBaselineToBottomHeight
W/dalvikvm( 7594): VFY: unable to resolve virtual method 5272: Landroid/widget/TextView;.setLastBaselineToBottomHeight (I)V
D/dalvikvm( 7594): VFY: replacing opcode 0x6f at 0x0006
I/dalvikvm( 7594): Could not find method android.widget.TextView.getAutoSizeStepGranularity, referenced from method androidx.appcompat.widget.AppCompatTextHelper.loadFromAttributes
W/dalvikvm( 7594): VFY: unable to resolve virtual method 5181: Landroid/widget/TextView;.getAutoSizeStepGranularity ()I
D/dalvikvm( 7594): VFY: replacing opcode 0x6e at 0x01b7
I/dalvikvm( 7594): Could not find method android.text.StaticLayout$Builder.obtain, referenced from method androidx.appcompat.widget.AppCompatTextViewAutoSizeHelper.createStaticLayoutForMeasuring
W/dalvikvm( 7594): VFY: unable to resolve static method 3327: Landroid/text/StaticLayout$Builder;.obtain (Ljava/lang/CharSequence;IILandroid/text/TextPaint;I)Landroid/text/StaticLayout$Builder;
D/dalvikvm( 7594): VFY: replacing opcode 0x71 at 0x0013
I/dalvikvm( 7594): Could not find method android.widget.Spinner.getPopupContext, referenced from method androidx.appcompat.widget.AppCompatSpinner.getPopupContext
W/dalvikvm( 7594): VFY: unable to resolve virtual method 5123: Landroid/widget/Spinner;.getPopupContext ()Landroid/content/Context;
D/dalvikvm( 7594): VFY: replacing opcode 0x6f at 0x000d
I/ListPopupWindow( 7594): Could not find method setEpicenterBounds(Rect) on PopupWindow. Oh well.
I/dalvikvm( 7594): Could not find method android.widget.Button.getAutoSizeMaxTextSize, referenced from method androidx.appcompat.widget.AppCompatButton.getAutoSizeMaxTextSize
W/dalvikvm( 7594): VFY: unable to resolve virtual method 4605: Landroid/widget/Button;.getAutoSizeMaxTextSize ()I
D/dalvikvm( 7594): VFY: replacing opcode 0x6f at 0x0004
I/dalvikvm( 7594): Could not find method android.widget.Button.getAutoSizeMinTextSize, referenced from method androidx.appcompat.widget.AppCompatButton.getAutoSizeMinTextSize
W/dalvikvm( 7594): VFY: unable to resolve virtual method 4606: Landroid/widget/Button;.getAutoSizeMinTextSize ()I
D/dalvikvm( 7594): VFY: replacing opcode 0x6f at 0x0004
I/dalvikvm( 7594): Could not find method android.widget.Button.getAutoSizeStepGranularity, referenced from method androidx.appcompat.widget.AppCompatButton.getAutoSizeStepGranularity
W/dalvikvm( 7594): VFY: unable to resolve virtual method 4607: Landroid/widget/Button;.getAutoSizeStepGranularity ()I
D/dalvikvm( 7594): VFY: replacing opcode 0x6f at 0x0004
I/dalvikvm( 7594): Could not find method android.widget.Button.getAutoSizeTextAvailableSizes, referenced from method androidx.appcompat.widget.AppCompatButton.getAutoSizeTextAvailableSizes
W/dalvikvm( 7594): VFY: unable to resolve virtual method 4608: Landroid/widget/Button;.getAutoSizeTextAvailableSizes ()[I
D/dalvikvm( 7594): VFY: replacing opcode 0x6f at 0x0004
I/dalvikvm( 7594): Could not find method android.widget.Button.getAutoSizeTextType, referenced from method androidx.appcompat.widget.AppCompatButton.getAutoSizeTextType
W/dalvikvm( 7594): VFY: unable to resolve virtual method 4609: Landroid/widget/Button;.getAutoSizeTextType ()I
D/dalvikvm( 7594): VFY: replacing opcode 0x6f at 0x0005
I/dalvikvm( 7594): Could not find method android.widget.Button.setAutoSizeTextTypeUniformWithConfiguration, referenced from method androidx.appcompat.widget.AppCompatButton.setAutoSizeTextTypeUniformWithConfiguration
W/dalvikvm( 7594): VFY: unable to resolve virtual method 4620: Landroid/widget/Button;.setAutoSizeTextTypeUniformWithConfiguration (IIII)V
D/dalvikvm( 7594): VFY: replacing opcode 0x6f at 0x0004
I/dalvikvm( 7594): Could not find method android.widget.Button.setAutoSizeTextTypeUniformWithPresetSizes, referenced from method androidx.appcompat.widget.AppCompatButton.setAutoSizeTextTypeUniformWithPresetSizes
W/dalvikvm( 7594): VFY: unable to resolve virtual method 4621: Landroid/widget/Button;.setAutoSizeTextTypeUniformWithPresetSizes ([II)V
D/dalvikvm( 7594): VFY: replacing opcode 0x6f at 0x0004
I/dalvikvm( 7594): Could not find method android.widget.Button.setAutoSizeTextTypeWithDefaults, referenced from method androidx.appcompat.widget.AppCompatButton.setAutoSizeTextTypeWithDefaults
W/dalvikvm( 7594): VFY: unable to resolve virtual method 4622: Landroid/widget/Button;.setAutoSizeTextTypeWithDefaults (I)V
D/dalvikvm( 7594): VFY: replacing opcode 0x6f at 0x0004
I/dalvikvm( 7594): Could not find method android.graphics.Color.getModel, referenced from method androidx.core.graphics.ColorUtils.compositeColors
W/dalvikvm( 7594): VFY: unable to resolve virtual method 885: Landroid/graphics/Color;.getModel ()Landroid/graphics/ColorSpace$Model;
D/dalvikvm( 7594): VFY: replacing opcode 0x6e at 0x0000
E/dalvikvm( 7594): Could not find class 'android.widget.ThemedSpinnerAdapter', referenced from method androidx.appcompat.widget.AppCompatSpinner$DropDownAdapter.<init>
W/dalvikvm( 7594): VFY: unable to resolve instanceof 768 (Landroid/widget/ThemedSpinnerAdapter;) in Landroidx/appcompat/widget/AppCompatSpinner$DropDownAdapter;
D/dalvikvm( 7594): VFY: replacing opcode 0x20 at 0x0016
D/        ( 7594): HostConnection::get() New Host Connection established 0xb8ec1b10, tid 7594
D/EGL_emulation( 7594): eglCreateContext: 0xb8ec1c40: maj 3 min 0 rcv 3
D/EGL_emulation( 7594): eglMakeCurrent: 0xb8ec1c40: ver 3 0
E/eglCodecCommon( 7594): glUtilsParamSize: unknow param 0x00008cdf
E/eglCodecCommon( 7594): glUtilsParamSize: unknow param 0x00008824
E/EGL_emulation( 7594): tid 7594: eglSurfaceAttrib(1199): error 0x3009 (EGL_BAD_MATCH)
W/HardwareRenderer( 7594): Backbuffer cannot be preserved
D/OpenGLRenderer( 7594): Enabling debug mode 0
D/dalvikvm( 7594): GC_CONCURRENT freed 140K, 5% free 6767K/7104K, paused 2ms+1ms, total 6ms
I/ActivityManager( 1567): Displayed com.DartChecker/.MainActivity: +364ms
D/EGL_emulation( 1941): eglMakeCurrent: 0xb8f07280: ver 3 0
E/dalvikvm( 7594): Could not find class 'android.support.v4.app.FragmentActivity', referenced from method a.a.a.ag.c
W/dalvikvm( 7594): VFY: unable to resolve check-cast 122 (Landroid/support/v4/app/FragmentActivity;) in La/a/a/ag;
D/dalvikvm( 7594): VFY: replacing opcode 0x1f at 0x0008
I/dalvikvm( 7594): Could not find method android.support.v4.app.FragmentActivity.getSupportFragmentManager, referenced from method a.a.a.ag.c
W/dalvikvm( 7594): VFY: unable to resolve virtual method 750: Landroid/support/v4/app/FragmentActivity;.getSupportFragmentManager ()Landroid/support/v4/app/FragmentManager;
D/dalvikvm( 7594): VFY: replacing opcode 0x6e at 0x000e
I/dalvikvm( 7594): Could not find method android.support.v4.app.FragmentActivity.getSupportFragmentManager, referenced from method a.a.a.ag.c
W/dalvikvm( 7594): VFY: unable to resolve virtual method 750: Landroid/support/v4/app/FragmentActivity;.getSupportFragmentManager ()Landroid/support/v4/app/FragmentManager;
D/dalvikvm( 7594): VFY: replacing opcode 0x6e at 0x001a
W/dalvikvm( 7594): VFY: unable to find class referenced in signature (Landroid/support/v4/app/Fragment;)
W/dalvikvm( 7594): VFY: unable to find class referenced in signature (Landroid/support/v4/app/Fragment;)
D/EGL_emulation( 1941): eglMakeCurrent: 0xb8f07280: ver 3 0
I/AndroidRipper( 7594): [RipperTestCase] Ready to operate after restarting...
I/NetworkScheduler.Stats( 1779): Task com.google.android.gms/com.google.android.gms.auth.account.be.legacy.AuthCronService started execution. cause:4 exec_start_elapsed_seconds: 1130 [CONTEXT service_id=218 ]
I/Auth    ( 1797): [ReflectiveChannelBinder] Successfully bound channel!
W/Conscrypt( 1797): Could not set socket write timeout: java.net.SocketException: Socket closed
W/Conscrypt( 1797): 	at com.google.android.gms.org.conscrypt.Platform.setSocketWriteTimeout(:com.google.android.gms@202414005@20.24.14 (000700-319035315):2)
W/Conscrypt( 1797): 	at com.google.android.gms.org.conscrypt.ConscryptFileDescriptorSocket.setSoWriteTimeout(:com.google.android.gms@202414005@20.24.14 (000700-319035315):0)
W/Conscrypt( 1797): Could not set socket write timeout: java.net.SocketException: Socket closed
W/Conscrypt( 1797): 	at com.google.android.gms.org.conscrypt.Platform.setSocketWriteTimeout(:com.google.android.gms@202414005@20.24.14 (000700-319035315):2)
W/Conscrypt( 1797): 	at com.google.android.gms.org.conscrypt.ConscryptFileDescriptorSocket.setSoWriteTimeout(:com.google.android.gms@202414005@20.24.14 (000700-319035315):0)
W/GLSUser ( 1797): [AppCertManager] IOException while requesting key: 
W/GLSUser ( 1797): java.io.IOException: Invalid device key response.
W/GLSUser ( 1797): 	at gtl.a(:com.google.android.gms@202414005@20.24.14 (000700-319035315):49)
W/GLSUser ( 1797): 	at gtj.b(:com.google.android.gms@202414005@20.24.14 (000700-319035315):2)
W/GLSUser ( 1797): 	at gte.a(:com.google.android.gms@202414005@20.24.14 (000700-319035315):0)
W/GLSUser ( 1797): 	at gth.a(:com.google.android.gms@202414005@20.24.14 (000700-319035315):10)
W/GLSUser ( 1797): 	at eyt.call(:com.google.android.gms@202414005@20.24.14 (000700-319035315):0)
W/GLSUser ( 1797): 	at java.util.concurrent.FutureTask.run(FutureTask.java:237)
W/GLSUser ( 1797): 	at nlp.b(:com.google.android.gms@202414005@20.24.14 (000700-319035315):12)
W/GLSUser ( 1797): 	at nlp.run(:com.google.android.gms@202414005@20.24.14 (000700-319035315):7)
W/GLSUser ( 1797): 	at java.util.concurrent.ThreadPoolExecutor.runWorker(ThreadPoolExecutor.java:1112)
W/GLSUser ( 1797): 	at java.util.concurrent.ThreadPoolExecutor$Worker.run(ThreadPoolExecutor.java:587)
W/GLSUser ( 1797): 	at nrd.run(:com.google.android.gms@202414005@20.24.14 (000700-319035315):0)
W/GLSUser ( 1797): 	at java.lang.Thread.run(Thread.java:841)
I/NetworkScheduler.Stats( 1779): Task com.google.android.gms/com.google.android.gms.auth.account.be.legacy.AuthCronService finished executing. cause:4 result: 3 elapsed_millis: 219 uptime_millis: 219 exec_start_elapsed_seconds: 1130 [CONTEXT service_id=218 ]
I/ActivityManager( 1567): Waited long enough for: ServiceRecord{9d671528 u0 com.google.android.gms/.chimera.GmsIntentOperationService}
I/ActivityManager( 1567): Killing 2776:com.android.mms/u0a10 (adj 15): empty #17
D/CountryDetector( 1567): No listener is left
V/        ( 7511): ready
V/RipperService( 7511): PING
V/AndroidRipperService( 7511): mHandler.handleMessage() RECIVED
V/AndroidRipperService( 7511): broadcast()
I/AndroidRipper( 7594): Recived message: PING
V/AndroidRipperService( 7511): send()
V/AndroidRipperService( 7511): broadcast() done
V/        ( 7511): ready
V/RipperService( 7511): PING
V/AndroidRipperService( 7511): mHandler.handleMessage() RECIVED
V/AndroidRipperService( 7511): broadcast()
I/AndroidRipper( 7594): Recived message: PING
V/AndroidRipperService( 7511): broadcast() done
V/        ( 7511): ready
V/AndroidRipperService( 7511): send()
D/dalvikvm( 7511): GC_CONCURRENT freed 320K, 15% free 3110K/3628K, paused 0ms+1ms, total 5ms
D/dalvikvm( 1567): GC_FOR_ALLOC freed 772K, 41% free 9188K/15468K, paused 9ms, total 9ms
V/RipperService( 7511): DSC
V/AndroidRipperService( 7511): mHandler.handleMessage() RECIVED
V/AndroidRipperService( 7511): broadcast()
I/AndroidRipper( 7594): Recived message: DSC
V/AndroidRipperService( 7511): broadcast() done
V/        ( 7511): ready
I/AndroidRipper( 7594): [b] Found widget: id=-1 (android.widget.LinearLayout{9d07d138 V.E..... ........ 0,0-1080,1794})
I/AndroidRipper( 7594): [b] Found widget: id=16909070 (android.view.ViewStub{9d0814c8 G.E..... ......I. 0,0-0,0 #102030e})
I/AndroidRipper( 7594): [b] Found widget: id=-1 (android.widget.FrameLayout{9d081958 V.E..... ........ 0,66-1080,1794})
I/AndroidRipper( 7594): [b] Found widget: id=2131230767 (androidx.appcompat.widget.FitWindowsLinearLayout{9d082460 V.E..... ........ 0,0-1080,1728 #7f08002f app:id/action_bar_root})
I/AndroidRipper( 7594): [b] Found widget: id=2131230778 (androidx.appcompat.widget.ViewStubCompat{9d0828f0 G.E..... ......I. 0,0-0,0 #7f08003a app:id/action_mode_bar_stub})
I/AndroidRipper( 7594): [b] Found widget: id=16908290 (androidx.appcompat.widget.ContentFrameLayout{9d082ea0 V.E..... ........ 0,0-1080,1728 #1020002 android:id/content})
I/AndroidRipper( 7594): [b] Found widget: id=2131230902 (androidx.constraintlayout.widget.ConstraintLayout{9d03a230 V.E..... ........ 0,0-1080,1728 #7f0800b6 app:id/ebene1})
I/AndroidRipper( 7594): [b] Found widget: id=2131231167 (androidx.constraintlayout.widget.ConstraintLayout{9d06f340 V.E...C. ........ 0,0-1080,1728 #7f0801bf app:id/startlayout})
I/AndroidRipper( 7594): [b] Found widget: id=2131230944 (androidx.appcompat.widget.AppCompatImageView{9d0343d8 V.ED.... ........ 21,739-1059,1334 #7f0800e0 app:id/imageView})
I/AndroidRipper( 7594): [b] Found widget: id=2131231143 (android.widget.ScrollView{9d0653e8 VFED.V.. ........ 0,697-1080,1481 #7f0801a7 app:id/spielerscrollview})
I/AndroidRipper( 7594): [b] Found widget: id=-1 (androidx.constraintlayout.widget.ConstraintLayout{9d02dfb0 V.E..... ........ 0,0-1080,147})
I/AndroidRipper( 7594): [b] Found widget: id=2131231002 (androidx.constraintlayout.widget.Guideline{9d0693c8 G.ED.... ......I. 540,0-540,0 #7f08011a app:id/mittemitte})
I/AndroidRipper( 7594): [b] Found widget: id=2131231131 (androidx.appcompat.widget.AppCompatTextView{9d05add0 V.ED.... ........ 103,0-274,63 #7f08019b app:id/spieler1text})
I/AndroidRipper( 7594): [b] Found widget: id=2131231132 (androidx.appcompat.widget.AppCompatTextView{9d062da0 G.ED.... ......I. 0,0-0,0 #7f08019c app:id/spieler2text})
I/AndroidRipper( 7594): [b] Found widget: id=2131231133 (androidx.appcompat.widget.AppCompatTextView{9d084a38 G.ED.... ......I. 0,0-0,0 #7f08019d app:id/spieler3text})
I/AndroidRipper( 7594): [b] Found widget: id=2131231134 (androidx.appcompat.widget.AppCompatTextView{9d03e360 G.ED.... ......I. 0,0-0,0 #7f08019e app:id/spieler4text})
I/AndroidRipper( 7594): [b] Found widget: id=2131231135 (androidx.appcompat.widget.AppCompatTextView{9d03d3b8 G.ED.... ......I. 0,0-0,0 #7f08019f app:id/spieler5text})
I/AndroidRipper( 7594): [b] Found widget: id=2131231136 (androidx.appcompat.widget.AppCompatTextView{9d05c830 G.ED.... ......I. 0,0-0,0 #7f0801a0 app:id/spieler6text})
I/AndroidRipper( 7594): [b] Found widget: id=2131231137 (androidx.appcompat.widget.AppCompatTextView{9d067da0 G.ED.... ......I. 0,0-0,0 #7f0801a1 app:id/spieler7text})
I/AndroidRipper( 7594): [b] Found widget: id=2131231138 (androidx.appcompat.widget.AppCompatTextView{9d035760 G.ED.... ......I. 0,0-0,0 #7f0801a2 app:id/spieler8text})
I/AndroidRipper( 7594): [b] Found widget: id=2131231148 (androidx.appcompat.widget.AppCompatSpinner{9d041760 VFED.VCL .F...... 79,84-297,147 #7f0801ac app:id/spinner})
I/AndroidRipper( 7594): [b] Found widget: id=-1 (androidx.appcompat.widget.AppCompatTextView{9d3ed348 V.ED.... ..S..... 0,3-176,60})
I/AndroidRipper( 7594): [b] Found widget: id=2131231149 (androidx.appcompat.widget.AppCompatSpinner{9d052a48 GFED.VCL ......I. 0,0-0,0 #7f0801ad app:id/spinner2})
I/AndroidRipper( 7594): [b] Found widget: id=2131231150 (androidx.appcompat.widget.AppCompatSpinner{9d069bf0 GFED.VCL ......I. 0,0-0,0 #7f0801ae app:id/spinner3})
I/AndroidRipper( 7594): [b] Found widget: id=2131231151 (androidx.appcompat.widget.AppCompatSpinner{9d01b1e0 GFED.VCL ......I. 0,0-0,0 #7f0801af app:id/spinner4})
I/AndroidRipper( 7594): [b] Found widget: id=2131231152 (androidx.appcompat.widget.AppCompatSpinner{9d074e28 GFED.VCL ......I. 0,0-0,0 #7f0801b0 app:id/spinner5})
I/AndroidRipper( 7594): [b] Found widget: id=2131231153 (androidx.appcompat.widget.AppCompatSpinner{9d076fb8 GFED.VCL ......I. 0,0-0,0 #7f0801b1 app:id/spinner6})
I/AndroidRipper( 7594): [b] Found widget: id=2131231154 (androidx.appcompat.widget.AppCompatSpinner{9d079178 GFED.VCL ......I. 0,0-0,0 #7f0801b2 app:id/spinner7})
I/AndroidRipper( 7594): [b] Found widget: id=2131231155 (androidx.appcompat.widget.AppCompatSpinner{9d01d938 GFED.VCL ......I. 0,0-0,0 #7f0801b3 app:id/spinner8})
I/AndroidRipper( 7594): [b] Found widget: id=2131231004 (androidx.constraintlayout.widget.Guideline{9d01fb38 G.ED.... ......I. 0,0-0,0 #7f08011c app:id/mittestart})
I/AndroidRipper( 7594): [b] Found widget: id=2131230896 (android.widget.Switch{9d0214f0 VFED..C. ........ 261,423-819,497 #7f0800b0 app:id/doubleout})
I/AndroidRipper( 7594): [b] Found widget: id=2131230992 (android.widget.Switch{9d382538 VFED..C. ........ 260,539-820,613 #7f080110 app:id/masterout})
I/AndroidRipper( 7594): [b] Found widget: id=2131231375 (androidx.appcompat.widget.AppCompatTextView{9d3840f0 V.ED.... ........ 253,21-827,127 #7f08028f app:id/titeldartchecker})
I/AndroidRipper( 7594): [b] Found widget: id=2131230727 (androidx.appcompat.widget.AppCompatTextView{9d385490 V.ED.... ........ 79,169-236,232 #7f080007 app:id/Spieleranzahlbeschriftung})
I/AndroidRipper( 7594): [b] Found widget: id=2131231140 (androidx.appcompat.widget.AppCompatButton{9d3868c0 VFED..C. ........ 42,253-273,381 #7f0801a4 app:id/spieleranzahl})
I/AndroidRipper( 7594): [b] Found widget: id=2131231005 (androidx.appcompat.widget.AppCompatTextView{9d388da8 V.ED.... ........ 861,169-985,232 #7f08011d app:id/modustext})
I/AndroidRipper( 7594): [b] Found widget: id=2131231144 (androidx.appcompat.widget.AppCompatButton{9d389e48 VFED..C. ........ 807,253-1038,381 #7f0801a8 app:id/spielmodus})
I/AndroidRipper( 7594): [b] Found widget: id=2131231166 (androidx.appcompat.widget.AppCompatButton{9d38b1e0 VFED..C. ........ 383,1502-698,1686 #7f0801be app:id/startbutton})
I/AndroidRipper( 7594): [b] Found widget: id=2131231145 (androidx.appcompat.widget.AppCompatButton{9d38c580 VFED..C. ........ 425,253-656,381 #7f0801a9 app:id/spieltyp})
I/AndroidRipper( 7594): [b] Found widget: id=2131231147 (androidx.appcompat.widget.AppCompatTextView{9d38d918 V.ED.... ........ 421,169-660,232 #7f0801ab app:id/spieltyptext})
I/AndroidRipper( 7594): [b] Found widget: id=2131230905 (androidx.appcompat.widget.AppCompatEditText{9d38ec28 IFED..CL ......I. 175,444-905,581 #7f0800b9 app:id/eingabe})
I/AndroidRipper( 7594): [b] Found widget: id=2131231168 (androidx.appcompat.widget.AppCompatImageButton{9d3951d8 VFED..C. ........ 42,1552-188,1686 #7f0801c0 app:id/statistikbutton})
I/AndroidRipper( 7594): [b] Found widget: id=2131230907 (androidx.appcompat.widget.AppCompatImageButton{9d39d4f8 VFED..C. ........ 892,1552-1038,1686 #7f0800bb app:id/einstellungsbutton})
I/AndroidRipper( 7594): [b] Found widget: id=2131231108 (androidx.appcompat.widget.AppCompatButton{9d3a5820 GFED..C. ......I. 0,0-0,0 #7f080184 app:id/sets})
I/AndroidRipper( 7594): [b] Found widget: id=2131230954 (androidx.appcompat.widget.AppCompatButton{9d3a6bb8 GFED..C. ......I. 0,0-0,0 #7f0800ea app:id/legs})
I/AndroidRipper( 7594): [b] Found widget: id=2131231112 (androidx.appcompat.widget.AppCompatTextView{9d3a7f50 G.ED.... ......I. 0,0-0,0 #7f080188 app:id/settext})
I/AndroidRipper( 7594): [b] Found widget: id=2131230958 (androidx.appcompat.widget.AppCompatTextView{9d3a8ff0 G.ED.... ......I. 0,0-0,0 #7f0800ee app:id/legtext})
I/AndroidRipper( 7594): [b] Found widget: id=2131230859 (androidx.appcompat.widget.AppCompatButton{9d3aa090 GFED..C. ......I. 0,0-0,0 #7f08008b app:id/cricketmodeknopf})
I/AndroidRipper( 7594): [b] Found widget: id=2131230860 (androidx.appcompat.widget.AppCompatTextView{9d3ab430 G.ED.... ......I. 0,0-0,0 #7f08008c app:id/cricketmodetext})
I/AndroidRipper( 7594): [b] Found widget: id=2131230996 (android.widget.ScrollView{9d3ac510 IFED.V.. ......ID 765,1224-1080,1728 #7f080114 app:id/menu})
I/AndroidRipper( 7594): [b] Found widget: id=2131230989 (android.widget.LinearLayout{9d3adc28 V.E..... ......ID 0,0-315,504 #7f08010d app:id/llayout})
I/AndroidRipper( 7594): [b] Found widget: id=2131231142 (androidx.appcompat.widget.AppCompatButton{9d3adf70 VFED..C. ......ID 0,0-315,126 #7f0801a6 app:id/spielerlisteb})
I/AndroidRipper( 7594): [b] Found widget: id=2131230827 (androidx.appcompat.widget.AppCompatButton{9d3ae878 VFED..C. ......ID 0,126-315,252 #7f08006b app:id/buttoneinstellungen})
I/AndroidRipper( 7594): [b] Found widget: id=2131230937 (androidx.appcompat.widget.AppCompatButton{9d3af140 VFED..C. ......ID 0,252-315,378 #7f0800d9 app:id/hilfebutton})
I/AndroidRipper( 7594): [b] Found widget: id=2131230946 (androidx.appcompat.widget.AppCompatButton{9d3afa40 VFED..C. ......ID 0,378-315,504 #7f0800e2 app:id/infobutton})
I/AndroidRipper( 7594): [b] Found widget: id=-1 (com.android.internal.policy.impl.PhoneWindow$DecorView{9d073ec0 V.E..... R....... 0,0-1080,1794})
D/dalvikvm( 7594): GC_CONCURRENT freed 1020K, 16% free 6906K/8128K, paused 1ms+2ms, total 5ms
V/AndroidRipperService( 7511): send()
V/RipperService( 7511): EVT
V/AndroidRipperService( 7511): mHandler.handleMessage() RECIVED
V/AndroidRipperService( 7511): broadcast()
V/AndroidRipperService( 7511): broadcast() done
I/AndroidRipper( 7594): Recived message: EVT
V/RipperTestCase( 7594): START_EVENT[0|1629025392656]
V/        ( 7511): ready
D/gralloc_ranchu( 1145): gralloc_alloc: Creating ashmem region of size 1323008
D/        ( 1567): HostConnection::get() New Host Connection established 0xb90257f0, tid 1683
D/dalvikvm( 1567): GC_FOR_ALLOC freed 739K, 41% free 9143K/15468K, paused 8ms, total 8ms
I/dalvikvm-heap( 1567): Grow heap (frag case) to 9.750MB for 656856-byte allocation
D/dalvikvm( 1567): GC_FOR_ALLOC freed <1K, 40% free 9785K/16112K, paused 10ms, total 10ms
D/dalvikvm( 1567): GC_FOR_ALLOC freed 2K, 40% free 9808K/16112K, paused 7ms, total 7ms
I/dalvikvm-heap( 1567): Grow heap (frag case) to 10.399MB for 656856-byte allocation
D/dalvikvm( 1567): GC_FOR_ALLOC freed <1K, 38% free 10450K/16756K, paused 10ms, total 10ms
D/EGL_emulation( 1941): eglMakeCurrent: 0xb8f07280: ver 3 0
D/EGL_emulation( 1941): eglMakeCurrent: 0xb8f07280: ver 3 0
E/EGL_emulation( 1941): tid 1941: eglSurfaceAttrib(1199): error 0x3009 (EGL_BAD_MATCH)
W/HardwareRenderer( 1941): Backbuffer cannot be preserved
D/dalvikvm( 1941): GC_FOR_ALLOC freed 21094K, 52% free 13105K/26988K, paused 6ms, total 6ms
D/EGL_emulation( 7594): eglMakeCurrent: 0xb8ec1c40: ver 3 0
I/ContentMaintenance( 2083): Internal cache bytes used: 0; limit: 39526809; download size: 0
I/RealtimeCacheCleanup( 2083): Beginning Realtime garbage collection.
I/RealtimeCacheCleanup( 2083): Finished Realtime garbage collection.
V/RipperService( 7511): END
V/AndroidRipperService( 7511): mHandler.handleMessage() RECIVED
V/AndroidRipperService( 7511): broadcast()
V/AndroidRipperService( 7511): broadcast() done
V/        ( 7511): ready
D/dalvikvm( 7511): GC_CONCURRENT freed 422K, 17% free 3080K/3700K, paused 1ms+0ms, total 3ms
D/AndroidRuntime( 7653): 
D/AndroidRuntime( 7653): >>>>>> AndroidRuntime START com.android.internal.os.RuntimeInit <<<<<<
W/linker  ( 7653): libdvm.so has text relocations. This is wasting memory and is a security risk. Please fix.
D/AndroidRuntime( 7653): CheckJNI is ON
D/dalvikvm( 7653): Trying to load lib libjavacore.so 0x0
D/dalvikvm( 7653): Added shared lib libjavacore.so 0x0
D/dalvikvm( 7653): Trying to load lib libnativehelper.so 0x0
D/dalvikvm( 7653): Added shared lib libnativehelper.so 0x0
D/dalvikvm( 7653): No JNI_OnLoad found in libnativehelper.so 0x0, skipping init
D/dalvikvm( 7653): Note: class Landroid/app/ActivityManagerNative; has 179 unimplemented (abstract) methods
E/memtrack( 7653): Couldn't load memtrack module (No such file or directory)
E/android.os.Debug( 7653): failed to load memtrack module: -2
D/AndroidRuntime( 7653): Calling main entry com.android.commands.pm.Pm
D/AndroidRuntime( 7653): Shutting down VM
D/dalvikvm( 7653): GC_CONCURRENT freed 93K, 15% free 557K/652K, paused 0ms+0ms, total 0ms
D/AndroidRuntime( 7664): 
D/AndroidRuntime( 7664): >>>>>> AndroidRuntime START com.android.internal.os.RuntimeInit <<<<<<
W/linker  ( 7664): libdvm.so has text relocations. This is wasting memory and is a security risk. Please fix.
D/AndroidRuntime( 7664): CheckJNI is ON
D/dalvikvm( 7664): Trying to load lib libjavacore.so 0x0
D/dalvikvm( 7664): Added shared lib libjavacore.so 0x0
D/dalvikvm( 7664): Trying to load lib libnativehelper.so 0x0
D/dalvikvm( 7664): Added shared lib libnativehelper.so 0x0
D/dalvikvm( 7664): No JNI_OnLoad found in libnativehelper.so 0x0, skipping init
D/dalvikvm( 7664): Note: class Landroid/app/ActivityManagerNative; has 179 unimplemented (abstract) methods
E/memtrack( 7664): Couldn't load memtrack module (No such file or directory)
E/android.os.Debug( 7664): failed to load memtrack module: -2
D/AndroidRuntime( 7664): Calling main entry com.android.commands.pm.Pm
D/AndroidRuntime( 7583): Shutting down VM
D/dalvikvm( 7583): GC_CONCURRENT freed 96K, 15% free 557K/656K, paused 0ms+0ms, total 1ms
I/ActivityManager( 1567): Force stopping com.DartChecker appid=10061 user=0: clear data
I/ActivityManager( 1567): Killing 7594:com.DartChecker/u0a61 (adj 0): stop com.DartChecker
W/ActivityManager( 1567): Crash of app com.DartChecker running instrumentation ComponentInfo{it.unina.android.ripper/android.test.InstrumentationTestRunner}
I/ActivityManager( 1567): Force stopping com.DartChecker appid=10061 user=0: finished inst
D/keystore( 1150): calling clear_uid in state: 3
I/GeofencerStateMachine( 1779): removeGeofences: removeRequest=RemoveGeofencingRequest[REMOVE_ALL packageName=com.DartChecker]
D/Documents( 7294): Used cached roots for com.android.providers.downloads.documents
D/Documents( 7294): Used cached roots for com.android.externalstorage.documents
D/Documents( 7294): Used cached roots for com.android.providers.media.documents
D/Documents( 7294): Update found 6 roots in 1ms
D/AndroidRuntime( 7664): Shutting down VM
D/dalvikvm( 7664): GC_CONCURRENT freed 92K, 15% free 549K/644K, paused 0ms+0ms, total 1ms
I/Icing   ( 2083): doRemovePackageData com.DartChecker
I/Fitness ( 1779): FitCleanupIntentOperation received Intent android.intent.action.PACKAGE_DATA_CLEARED [CONTEXT service_id=17 ]
D/AndroidRuntime( 7689): 
D/AndroidRuntime( 7689): >>>>>> AndroidRuntime START com.android.internal.os.RuntimeInit <<<<<<
W/linker  ( 7689): libdvm.so has text relocations. This is wasting memory and is a security risk. Please fix.
D/AndroidRuntime( 7689): CheckJNI is ON
D/dalvikvm( 7689): Trying to load lib libjavacore.so 0x0
D/dalv