I/PackageManager( 1567):   Category: "android.intent.category.DEFAULT"
I/PackageManager( 1567):   Scheme: "sms"
D/dalvikvm( 2346): GC_EXPLICIT freed 515K, 18% free 3432K/4180K, paused 0ms+0ms, total 8ms
I/PackageManager( 1567): Adding preferred activity ComponentInfo{com.android.mms/com.android.mms.ui.ComposeMessageActivity} for user 0 :
I/PackageManager( 1567):   Action: "android.intent.action.SENDTO"
I/PackageManager( 1567):   Category: "android.intent.category.DEFAULT"
I/PackageManager( 1567):   Scheme: "smsto"
I/PackageManager( 1567): Adding preferred activity ComponentInfo{com.android.mms/com.android.mms.ui.ComposeMessageActivity} for user 0 :
D/VoicemailCleanupService( 1869): Cleaning up data for package: it.unina.android.ripper_service
D/Documents( 7294): Used cached roots for com.android.providers.downloads.documents
D/Documents( 7294): Used cached roots for com.android.externalstorage.documents
D/Documents( 7294): Used cached roots for com.android.providers.media.documents
D/Documents( 7294): Update found 6 roots in 15ms
I/PackageManager( 1567):   Action: "android.intent.action.SENDTO"
I/PackageManager( 1567):   Category: "android.intent.category.DEFAULT"
I/PackageManager( 1567):   Scheme: "mms"
I/PackageManager( 1567): Adding preferred activity ComponentInfo{com.android.mms/com.android.mms.ui.ComposeMessageActivity} for user 0 :
D/BackupManagerService( 1567): Received broadcast Intent { act=android.intent.action.PACKAGE_REMOVED dat=package:it.unina.android.ripper_service flg=0x4000010 (has extras) }
D/dalvikvm( 1815): GC_FOR_ALLOC freed 402K, 17% free 3669K/4388K, paused 2ms, total 3ms
I/PackageManager( 1567):   Action: "android.intent.action.SENDTO"
I/PackageManager( 1567):   Category: "android.intent.category.DEFAULT"
I/PackageManager( 1567):   Scheme: "mmsto"
V/BackupManagerService( 1567): removePackageParticipantsLocked: uid=10057 #1
I/PackageManager( 1567): Adding preferred activity ComponentInfo{com.android.mms/com.android.mms.ui.ComposeMessageActivity} for user 0 :
I/PackageManager( 1567):   Action: "android.intent.action.SENDTO"
I/PackageManager( 1567):   Category: "android.intent.category.DEFAULT"
I/PackageManager( 1567):   Scheme: "sms"
I/PackageManager( 1567): Adding preferred activity ComponentInfo{com.android.mms/com.android.mms.ui.ComposeMessageActivity} for user 0 :
I/PackageManager( 1567):   Action: "android.intent.action.SENDTO"
I/PackageManager( 1567):   Category: "android.intent.category.DEFAULT"
I/PackageManager( 1567):   Scheme: "smsto"
I/PackageManager( 1567):   Action: "android.intent.action.SENDTO"
I/PackageManager( 1567):   Category: "android.intent.category.DEFAULT"
I/PackageManager( 1567):   Scheme: "mms"
I/PackageManager( 1567): Adding preferred activity ComponentInfo{com.android.mms/com.android.mms.ui.ComposeMessageActivity} for user 0 :
I/PackageManager( 1567): Adding preferred activity ComponentInfo{com.android.mms/com.android.mms.ui.ComposeMessageActivity} for user 0 :
D/dalvikvm( 1815): GC_FOR_ALLOC freed 397K, 17% free 3663K/4388K, paused 3ms, total 3ms
D/dalvikvm( 1567): GC_EXPLICIT freed 1286K, 45% free 8653K/15468K, paused 1ms+7ms, total 37ms
W/Launcher( 2599): setApplicationContext called twice! old=com.google.android.velvet.VelvetApplication@9d02d648 new=com.google.android.velvet.VelvetApplication@9d02d648
I/PackageManager( 1567):   Action: "android.intent.action.SENDTO"
I/PackageManager( 1567):   Category: "android.intent.category.DEFAULT"
I/PackageManager( 1567):   Scheme: "mmsto"
I/Icing.InternalIcingCorporaProvider( 2346): Updating corpora: A: it.unina.android.ripper_service, C: MAYBE
W/ContextImpl( 7392): Calling a method in the system process without a qualified user: android.app.ContextImpl.startService:1479 android.content.ContextWrapper.startService:494 android.content.ContextWrapper.startService:494 com.android.keychain.KeyChainBroadcastReceiver.onReceive:12 android.app.ActivityThread.handleReceiver:2419 
I/ActivityManager( 1567): Delay finish: com.android.keychain/.KeyChainBroadcastReceiver
I/PackageManager( 1567): Adding preferred activity ComponentInfo{com.android.mms/com.android.mms.ui.ComposeMessageActivity} for user 0 :
I/ActivityManager( 1567): Resuming delayed broadcast
I/Icing   ( 2083): doRemovePackageData it.unina.android.ripper_service
D/AndroidRuntime( 7413): Shutting down VM
D/dalvikvm( 7413): GC_CONCURRENT freed 92K, 15% free 549K/644K, paused 0ms+0ms, total 1ms
I/Icing   ( 2083): IndexChimeraService.getServiceInterface callingPackage=com.google.android.googlequicksearchbox componentName=null serviceId=21
I/Fitness ( 1779): FitCleanupIntentOperation received Intent android.intent.action.PACKAGE_REMOVED [CONTEXT service_id=17 ]
I/LatinIME:LogUtils( 1765): Dictionary info: dictionary = main:en ; version = 42 ; date = 1381226516
I/DownloadManager( 1856): Download 8 starting
W/DownloadManager( 1856): Aborting request for download 8: TYPE_DISALLOWED_BY_REQUESTOR
I/DownloadManager( 1856): Download 8 finished with status WAITING_FOR_NETWORK
D/dalvikvm( 2083): GC_FOR_ALLOC freed 1825K, 14% free 21315K/24564K, paused 21ms, total 21ms
W/Icing   ( 2083): No valid account for uploading user actions
I/Icing   ( 2083): Usage reports ok 0, Failed Usage reports 0, indexed 0, rejected 0
I/Icing   ( 2083): Indexing com.google.android.gms-apps from com.google.android.gms
I/Icing   ( 2083): Indexing com.google.android.googlequicksearchbox-applications from com.google.android.googlequicksearchbox
I/Icing   ( 2083): Indexing com.google.android.gms-internal.3p:MobileApplication from com.google.android.gms
I/Icing   ( 2083): Indexing done com.google.android.gms-apps
I/Icing   ( 2083): Indexing done com.google.android.googlequicksearchbox-applications
I/Icing   ( 2083): Indexing done com.google.android.gms-internal.3p:MobileApplication
D/AndroidRuntime( 7444): 
D/AndroidRuntime( 7444): >>>>>> AndroidRuntime START com.android.internal.os.RuntimeInit <<<<<<
W/linker  ( 7444): libdvm.so has text relocations. This is wasting memory and is a security risk. Please fix.
D/AndroidRuntime( 7444): CheckJNI is ON
D/dalvikvm( 7444): Trying to load lib libjavacore.so 0x0
D/dalvikvm( 7444): Added shared lib libjavacore.so 0x0
D/dalvikvm( 7444): Trying to load lib libnativehelper.so 0x0
D/dalvikvm( 7444): Added shared lib libnativehelper.so 0x0
D/dalvikvm( 7444): No JNI_OnLoad found in libnativehelper.so 0x0, skipping init
D/dalvikvm( 7444): Note: class Landroid/app/ActivityManagerNative; has 179 unimplemented (abstract) methods
E/memtrack( 7444): Couldn't load memtrack module (No such file or directory)
E/android.os.Debug( 7444): failed to load memtrack module: -2
D/AndroidRuntime( 7444): Calling main entry com.android.commands.pm.Pm
W/ActivityManager( 1567): No content provider found for permission revoke: file:///data/local/tmp/AndroidRipperService.apk
W/ActivityManager( 1567): No content provider found for permission revoke: file:///data/local/tmp/AndroidRipperService.apk
I/PackageManager( 1567): Copying native libraries to /data/app-lib/vmdl403968987
I/PackageParser( 1567): it.unina.android.ripper_service: compat added android.permission.WRITE_EXTERNAL_STORAGE android.permission.READ_PHONE_STATE
I/PackageManager( 1567): Running dexopt on: it.unina.android.ripper_service
W/linker  ( 7455): libdvm.so has text relocations. This is wasting memory and is a security risk. Please fix.
D/dalvikvm( 7455): DexOpt: load 4ms, verify+opt 21ms, 1117628 bytes
I/ActivityManager( 1567): Force stopping it.unina.android.ripper_service appid=10060 user=-1: update pkg
D/dalvikvm( 2599): GC_FOR_ALLOC freed 290K, 16% free 3398K/4012K, paused 1ms, total 1ms
D/Documents( 7294): Used cached roots for com.android.providers.downloads.documents
D/Documents( 7294): Used cached roots for com.android.externalstorage.documents
D/Documents( 7294): Used cached roots for com.android.providers.media.documents
D/Documents( 7294): Update found 6 roots in 0ms
W/Launcher.Model( 2599): Nobody to tell about the new app.  Launcher is probably loading.
I/PackageManager( 1567):   Action: "android.intent.action.SENDTO"
I/PackageManager( 1567):   Category: "android.intent.category.DEFAULT"
I/PackageManager( 1567):   Scheme: "sms"
I/InputReader( 1567): Reconfiguring input devices.  changes=0x00000010
I/PackageManager( 1567): Adding preferred activity ComponentInfo{com.android.mms/com.android.mms.ui.ComposeMessageActivity} for user 0 :
D/BackupManagerService( 1567): Received broadcast Intent { act=android.intent.action.PACKAGE_ADDED dat=package:it.unina.android.ripper_service flg=0x4000010 (has extras) }
V/BackupManagerService( 1567): addPackageParticipantsLocked: #1
I/PackageManager( 1567):   Action: "android.intent.action.SENDTO"
I/PackageManager( 1567):   Category: "android.intent.category.DEFAULT"
I/PackageManager( 1567):   Scheme: "smsto"
I/PackageManager( 1567): Adding preferred activity ComponentInfo{com.android.mms/com.android.mms.ui.ComposeMessageActivity} for user 0 :
D/dalvikvm( 1567): GC_EXPLICIT freed 1399K, 44% free 8673K/15468K, paused 0ms+1ms, total 30ms
D/dalvikvm( 1567): WAIT_FOR_CONCURRENT_GC blocked 9ms
D/dalvikvm( 1567): WAIT_FOR_CONCURRENT_GC blocked 13ms
D/AndroidRuntime( 7444): Shutting down VM
D/dalvikvm( 7444): GC_CONCURRENT freed 93K, 15% free 552K/648K, paused 0ms+0ms, total 1ms
D/dalvikvm( 1815): GC_FOR_ALLOC freed 400K, 17% free 3649K/4388K, paused 2ms, total 2ms
I/PackageManager( 1567):   Action: "android.intent.action.SENDTO"
I/PackageManager( 1567):   Category: "android.intent.category.DEFAULT"
I/PackageManager( 1567):   Scheme: "mms"
I/PackageManager( 1567): Adding preferred activity ComponentInfo{com.android.mms/com.android.mms.ui.ComposeMessageActivity} for user 0 :
W/GCM     ( 1779): Unexpected forwarded intent: Intent { act=android.intent.action.PACKAGE_ADDED dat=package:it.unina.android.ripper_service flg=0x4000010 cmp=com.google.android.gms/.chimera.PersistentIntentOperationService (has extras) }
I/Auth    ( 2083): [SupervisedAccountIntentOperation] onHandleIntent(): android.intent.action.PACKAGE_ADDED
I/ChromeSync( 2083): [Sync,SyncIntentOperation] Handling the intent: Intent { act=android.intent.action.PACKAGE_ADDED dat=package:it.unina.android.ripper_service flg=0x4000010 cmp=com.google.android.gms/.chimera.GmsIntentOperationService (has extras) }.
W/GCM     ( 1779): Unexpected forwarded intent: Intent { act=android.intent.action.PACKAGE_ADDED dat=package:it.unina.android.ripper_service flg=0x4000010 cmp=com.google.android.gms/.chimera.PersistentIntentOperationService (has extras) }
I/PackageManager( 1567):   Action: "android.intent.action.SENDTO"
I/PackageManager( 1567):   Category: "android.intent.category.DEFAULT"
I/PackageManager( 1567):   Scheme: "mmsto"
I/PackageManager( 1567): Adding preferred activity ComponentInfo{com.android.mms/com.android.mms.ui.ComposeMessageActivity} for user 0 :
I/Icing.InternalIcingCorporaProvider( 2346): Updating corpora: A: it.unina.android.ripper_service, C: MAYBE
I/ChromeSync( 2083): [Persistence,AffiliationManager] One of affiliation or grouping data for android://KSmUCdTXmQS-j9D_O8l1jvyu41Pjn2mc5cb0Gvx1e9H1Aj4JCzHs_uTW26nbtH65K-YfijtBsQxGp-8R6k6HFg==@it.unina.android.ripper_service/ was not found. Marking affiliation data as stale...
I/PackageManager( 1567):   Action: "android.intent.action.SENDTO"
I/PackageManager( 1567):   Category: "android.intent.category.DEFAULT"
I/PackageManager( 1567):   Scheme: "sms"
I/ActivityManager( 1567): Start proc com.svox.pico for broadcast com.svox.pico/.VoiceDataInstallerReceiver: pid=7459 uid=10041 gids={50041, 1028, 1015}
W/ActivityManager( 1567): Unable to start service Intent { act=com.google.android.gms.auth.key.retrieval.service.START pkg=com.google.android.gms } U=0: not found
I/PackageManager( 1567): Adding preferred activity ComponentInfo{com.android.mms/com.android.mms.ui.ComposeMessageActivity} for user 0 :
E/GmsClient( 2083): unable to connect to service: com.google.android.gms.auth.key.retrieval.service.START on com.google.android.gms
I/FontLog ( 2083): Package it.unina.android.ripper_service has no metadata [CONTEXT service_id=132 ]
I/PackageManager( 1567):   Action: "android.intent.action.SENDTO"
I/PackageManager( 1567):   Category: "android.intent.category.DEFAULT"
I/PackageManager( 1567):   Scheme: "smsto"
W/ActivityManager( 1567): Unbind failed: could not find connection for android.os.BinderProxy@9d34b9e8
I/PackageManager( 1567): Adding preferred activity ComponentInfo{com.android.mms/com.android.mms.ui.ComposeMessageActivity} for user 0 :
D/dalvikvm( 1779): GC_FOR_ALLOC freed 2057K, 27% free 9758K/13288K, paused 11ms, total 11ms
D/dalvikvm( 1815): GC_FOR_ALLOC freed 388K, 17% free 3668K/4388K, paused 2ms, total 5ms
I/PackageManager( 1567):   Action: "android.intent.action.SENDTO"
I/PackageManager( 1567):   Category: "android.intent.category.DEFAULT"
I/PackageManager( 1567):   Scheme: "mms"
I/PackageManager( 1567): Adding preferred activity ComponentInfo{com.android.mms/com.android.mms.ui.ComposeMessageActivity} for user 0 :
I/Icing   ( 2083): IndexChimeraService.getServiceInterface callingPackage=com.google.android.googlequicksearchbox componentName=null serviceId=21
I/PackageManager( 1567):   Action: "android.intent.action.SENDTO"
I/PackageManager( 1567):   Category: "android.intent.category.DEFAULT"
I/PackageManager( 1567):   Scheme: "mmsto"
I/PackageManager( 1567): Adding preferred activity ComponentInfo{com.android.mms/com.android.mms.ui.ComposeMessageActivity} for user 0 :
W/Icing   ( 2083): No valid account for uploading user actions
I/Icing   ( 2083): Usage reports ok 0, Failed Usage reports 0, indexed 0, rejected 0
I/Icing   ( 2083): Indexing com.google.android.gms-apps from com.google.android.gms
I/Icing   ( 2083): Indexing com.google.android.googlequicksearchbox-applications from com.google.android.googlequicksearchbox
I/Icing   ( 2083): Indexing done com.google.android.gms-apps
I/Icing   ( 2083): Indexing com.google.android.gms-internal.3p:MobileApplication from com.google.android.gms
I/Icing   ( 2083): Indexing done com.google.android.googlequicksearchbox-applications
I/Icing   ( 2083): Indexing done com.google.android.gms-internal.3p:MobileApplication
D/AndroidRuntime( 7478): 
D/AndroidRuntime( 7478): >>>>>> AndroidRuntime START com.android.internal.os.RuntimeInit <<<<<<
W/linker  ( 7478): libdvm.so has text relocations. This is wasting memory and is a security risk. Please fix.
D/AndroidRuntime( 7478): CheckJNI is ON
D/dalvikvm( 7478): Trying to load lib libjavacore.so 0x0
D/dalvikvm( 7478): Added shared lib libjavacore.so 0x0
D/dalvikvm( 7478): Trying to load lib libnativehelper.so 0x0
D/dalvikvm( 7478): Added shared lib libnativehelper.so 0x0
D/dalvikvm( 7478): No JNI_OnLoad found in libnativehelper.so 0x0, skipping init
D/dalvikvm( 7478): Note: class Landroid/app/ActivityManagerNative; has 179 unimplemented (abstract) methods
E/memtrack( 7478): Couldn't load memtrack module (No such file or directory)
E/android.os.Debug( 7478): failed to load memtrack module: -2
D/AndroidRuntime( 7478): Calling main entry com.android.commands.pm.Pm
D/AndroidRuntime( 7478): Shutting down VM
D/dalvikvm( 7478): GC_CONCURRENT freed 92K, 15% free 547K/644K, paused 0ms+0ms, total 1ms
D/AndroidRuntime( 7489): 
D/AndroidRuntime( 7489): >>>>>> AndroidRuntime START com.android.internal.os.RuntimeInit <<<<<<
W/linker  ( 7489): libdvm.so has text relocations. This is wasting memory and is a security risk. Please fix.
D/AndroidRuntime( 7489): CheckJNI is ON
D/dalvikvm( 7489): Trying to load lib libjavacore.so 0x0
D/dalvikvm( 7489): Added shared lib libjavacore.so 0x0
D/dalvikvm( 7489): Trying to load lib libnativehelper.so 0x0
D/dalvikvm( 7489): Added shared lib libnativehelper.so 0x0
D/dalvikvm( 7489): No JNI_OnLoad found in libnativehelper.so 0x0, skipping init
D/dalvikvm( 7489): Note: class Landroid/app/ActivityManagerNative; has 179 unimplemented (abstract) methods
E/memtrack( 7489): Couldn't load memtrack module (No such file or directory)
E/android.os.Debug( 7489): failed to load memtrack module: -2
D/AndroidRuntime( 7489): Calling main entry com.android.commands.pm.Pm
D/AndroidRuntime( 7489): Shutting down VM
D/dalvikvm( 7489): GC_CONCURRENT freed 92K, 15% free 547K/644K, paused 0ms+0ms, total 0ms
D/AndroidRuntime( 7500): 
D/AndroidRuntime( 7500): >>>>>> AndroidRuntime START com.android.internal.os.RuntimeInit <<<<<<
W/linker  ( 7500): libdvm.so has text relocations. This is wasting memory and is a security risk. Please fix.
D/AndroidRuntime( 7500): CheckJNI is ON
D/dalvikvm( 7500): Trying to load lib libjavacore.so 0x0
D/dalvikvm( 7500): Added shared lib libjavacore.so 0x0
D/dalvikvm( 7500): Trying to load lib libnativehelper.so 0x0
D/dalvikvm( 7500): Added shared lib libnativehelper.so 0x0
D/dalvikvm( 7500): No JNI_OnLoad found in libnativehelper.so 0x0, skipping init
D/dalvikvm( 7500): Note: class Landroid/app/ActivityManagerNative; has 179 unimplemented (abstract) methods
E/memtrack( 7500): Couldn't load memtrack module (No such file or directory)
E/android.os.Debug( 7500): failed to load memtrack module: -2
D/AndroidRuntime( 7500): Calling main entry com.android.commands.am.Am
D/AndroidRuntime( 7500): Shutting down VM
D/dalvikvm( 7500): GC_CONCURRENT freed 93K, 15% free 575K/672K, paused 0ms+1ms, total 1ms
I/ActivityManager( 1567): Start proc it.unina.android.ripper_service:android_ripper_service_process for service it.unina.android.ripper_service/.AndroidRipperService: pid=7511 uid=10060 gids={50060, 3003, 1028, 1015}
V/AndroidRipperService( 7511): onCreate()
V/SERVER  ( 7511): Starting ServerSocket on PORT 18888
V/SERVER  ( 7511): Started ServerSocket on PORT 18888
V/SERVER  ( 7511): Ready to accept connections on port: 18888
D/AndroidRuntime( 7526): 
D/AndroidRuntime( 7526): >>>>>> AndroidRuntime START com.android.internal.os.RuntimeInit <<<<<<
W/linker  ( 7526): libdvm.so has text relocations. This is wasting memory and is a security risk. Please fix.
D/AndroidRuntime( 7526): CheckJNI is ON
D/dalvikvm( 7526): Trying to load lib libjavacore.so 0x0
D/dalvikvm( 7526): Added shared lib libjavacore.so 0x0
D/dalvikvm( 7526): Trying to load lib libnativehelper.so 0x0
D/dalvikvm( 7526): Added shared lib libnativehelper.so 0x0
D/dalvikvm( 7526): No JNI_OnLoad found in libnativehelper.so 0x0, skipping init
D/dalvikvm( 7526): Note: class Landroid/app/ActivityManagerNative; has 179 unimplemented (abstract) methods
E/memtrack( 7526): Couldn't load memtrack module (No such file or directory)
E/android.os.Debug( 7526): failed to load memtrack module: -2
D/AndroidRuntime( 7526): Calling main entry com.android.commands.input.Input
I/Input   ( 7526): injectKeyEvent: KeyEvent { action=ACTION_DOWN, keyCode=KEYCODE_MENU, scanCode=0, metaState=0, flags=0x0, repeatCount=0, eventTime=1125186, downTime=1125186, deviceId=-1, source=0x101 }
I/Input   ( 7526): injectKeyEvent: KeyEvent { action=ACTION_UP, keyCode=KEYCODE_MENU, scanCode=0, metaState=0, flags=0x0, repeatCount=0, eventTime=1125186, downTime=1125186, deviceId=-1, source=0x101 }
D/AndroidRuntime( 7526): Shutting down VM
E/SoundPool( 1567): error loading /system/media/audio/ui/Effect_Tick.ogg
W/AudioService( 1567): Soundpool could not load file: /system/media/audio/ui/Effect_Tick.ogg
E/SoundPool( 1567): error loading /system/media/audio/ui/Effect_Tick.ogg
W/AudioService( 1567): Soundpool could not load file: /system/media/audio/ui/Effect_Tick.ogg
E/SoundPool( 1567): error loading /system/media/audio/ui/Effect_Tick.ogg
W/AudioService( 1567): Soundpool could not load file: /system/media/audio/ui/Effect_Tick.ogg
E/SoundPool( 1567): error loading /system/media/audio/ui/Effect_Tick.ogg
W/AudioService( 1567): Soundpool could not load file: /system/media/audio/ui/Effect_Tick.ogg
E/SoundPool( 1567): error loading /system/media/audio/ui/Effect_Tick.ogg
W/AudioService( 1567): Soundpool could not load file: /system/media/audio/ui/Effect_Tick.ogg
E/SoundPool( 1567): error loading /system/media/audio/ui/KeypressStandard.ogg
W/AudioService( 1567): Soundpool could not load file: /system/media/audio/ui/KeypressStandard.ogg
E/SoundPool( 1567): error loading /system/media/audio/ui/KeypressSpacebar.ogg
W/AudioService( 1567): Soundpool could not load file: /system/media/audio/ui/KeypressSpacebar.ogg
E/SoundPool( 1567): error loading /system/media/audio/ui/KeypressDelete.ogg
W/AudioService( 1567): Soundpool could not load file: /system/media/audio/ui/KeypressDelete.ogg
D/dalvikvm( 1567): GC_FOR_ALLOC freed 1575K, 45% free 8523K/15468K, paused 8ms, total 8ms
E/SoundPool( 1567): error loading /system/media/audio/ui/KeypressReturn.ogg
W/AudioService( 1567): Soundpool could not load file: /system/media/audio/ui/KeypressReturn.ogg
E/SoundPool( 1567): error loading /system/media/audio/ui/KeypressInvalid.ogg
W/AudioService( 1567): Soundpool could not load file: /system/media/audio/ui/KeypressInvalid.ogg
W/AudioService( 1567): onLoadSoundEffects(), Error -1 while loading samples
D/dalvikvm( 7526): GC_CONCURRENT freed 96K, 15% free 554K/652K, paused 0ms+0ms, total 1ms
D/EGL_emulation( 1941): eglMakeCurrent: 0xb8f07280: ver 3 0
E/EGL_emulation( 1941): tid 1941: eglSurfaceAttrib(1199): error 0x3009 (EGL_BAD_MATCH)
W/HardwareRenderer( 1941): Backbuffer cannot be preserved
D/AndroidRuntime( 7544): 
D/AndroidRuntime( 7544): >>>>>> AndroidRuntime START com.android.internal.os.RuntimeInit <<<<<<
W/linker  ( 7544): libdvm.so has text relocations. This is wasting memory and is a security risk. Please fix.
D/AndroidRuntime( 7544): CheckJNI is ON
D/dalvikvm( 7544): Trying to load lib libjavacore.so 0x0
D/dalvikvm( 7544): Added shared lib libjavacore.so 0x0
D/dalvikvm( 7544): Trying to load lib libnativehelper.so 0x0
D/dalvikvm( 7544): Added shared lib libnativehelper.so 0x0
D/dalvikvm( 7544): No JNI_OnLoad found in libnativehelper.so 0x0, skipping init
D/dalvikvm( 7544): Note: class Landroid/app/ActivityManagerNative; has 179 unimplemented (abstract) methods
E/memtrack( 7544): Couldn't load memtrack module (No such file or directory)
E/android.os.Debug( 7544): failed to load memtrack module: -2
D/AndroidRuntime( 7544): Calling main entry com.android.commands.pm.Pm
W/ActivityManager( 1567): No content provider found for permission revoke: file:///sdcard/aut.apk
W/ActivityManager( 1567): No content provider found for permission revoke: file:///sdcard/aut.apk
I/PackageManager( 1567): Copying native libraries to /data/app-lib/vmdl441238185
D/dalvikvm( 1567): GC_FOR_ALLOC freed 746K, 42% free 9108K/15468K, paused 7ms, total 7ms
D/dalvikvm( 1567): GC_FOR_ALLOC freed 1410K, 41% free 9232K/15468K, paused 8ms, total 8ms
D/dalvikvm( 1567): GC_FOR_ALLOC freed 1548K, 41% free 9249K/15468K, paused 7ms, total 7ms
D/dalvikvm( 1567): GC_FOR_ALLOC freed 1552K, 41% free 9259K/15468K, paused 7ms, total 8ms
D/dalvikvm( 1567): GC_FOR_ALLOC freed 1562K, 41% free 9268K/15468K, paused 7ms, total 7ms
I/PackageManager( 1567): Running dexopt on: com.DartChecker
W/linker  ( 7555): libdvm.so has text relocations. This is wasting memory and is a security risk. Please fix.
W/dalvikvm( 7555): method Landroidx/appcompat/widget/DropDownListView;.lookForSelectablePosition incorrectly overrides package-private method with same name in Landroid/widget/ListView;
D/dalvikvm( 7555): DexOpt: couldn't find field Landroid/view/inputmethod/EditorInfo;.contentMimeTypes
D/dalvikvm( 7555): DexOpt: couldn't find static field Landroid/view/View;.TRANSLATION_Z
D/dalvikvm( 7555): DexOpt: load 22ms, verify+opt 109ms, 2961796 bytes
I/ActivityManager( 1567): Force stopping com.DartChecker appid=10061 user=-1: update pkg
D/Documents( 7294): Used cached roots for com.android.providers.downloads.documents
D/Documents( 7294): Used cached roots for com.android.externalstorage.documents
D/Documents( 7294): Used cached roots for com.android.providers.media.documents
D/Documents( 7294): Update found 6 roots in 0ms
D/dalvikvm( 7294): GC_CONCURRENT freed 408K, 17% free 3065K/3668K, paused 0ms+0ms, total 2ms
I/InputReader( 1567): Reconfiguring input devices.  changes=0x00000010
D/BackupManagerService( 1567): Received broadcast Intent { act=android.intent.action.PACKAGE_ADDED dat=package:com.DartChecker flg=0x4000010 (has extras) }
I/PackageManager( 1567):   Action: "android.intent.action.SENDTO"
I/PackageManager( 1567):   Category: "android.intent.category.DEFAULT"
I/PackageManager( 1567):   Scheme: "sms"
W/Launcher.Model( 2599): Nobody to tell about the new app.  Launcher is probably loading.
I/PackageManager( 1567): Adding preferred activity ComponentInfo{com.android.mms/com.android.mms.ui.ComposeMessageActivity} for user 0 :
V/BackupManagerService( 1567): addPackageParticipantsLocked: #1
D/dalvikvm( 1815): GC_FOR_ALLOC freed 412K, 18% free 3630K/4388K, paused 3ms, total 3ms
I/PackageManager( 1567):   Action: "android.intent.action.SENDTO"
I/PackageManager( 1567):   Category: "android.intent.category.DEFAULT"
I/PackageManager( 1567):   Scheme: "smsto"
I/PackageManager( 1567):   Action: "android.intent.action.SENDTO"
I/PackageManager( 1567):   Category: "android.intent.category.DEFAULT"
I/PackageManager( 1567):   Scheme: "mms"
I/PackageManager( 1567): Adding preferred activity ComponentInfo{com.android.mms/com.android.mms.ui.ComposeMessageActivity} for user 0 :
I/PackageManager( 1567): Adding preferred activity ComponentInfo{com.android.mms/com.android.mms.ui.ComposeMessageActivity} for user 0 :
I/PackageManager( 1567):   Action: "android.intent.action.SENDTO"
I/PackageManager( 1567):   Category: "android.intent.category.DEFAULT"
I/PackageManager( 1567):   Scheme: "mmsto"
W/GCM     ( 1779): Unexpected forwarded intent: Intent { act=android.intent.action.PACKAGE_ADDED dat=package:com.DartChecker flg=0x4000010 cmp=com.google.android.gms/.chimera.PersistentIntentOperationService (has extras) }
W/GCM     ( 1779): Unexpected forwarded intent: Intent { act=android.intent.action.PACKAGE_ADDED dat=package:com.DartChecker flg=0x4000010 cmp=com.google.android.gms/.chimera.PersistentIntentOperationService (has extras) }
I/PackageManager( 1567): Adding preferred activity ComponentInfo{com.android.mms/com.android.mms.ui.ComposeMessageActivity} for user 0 :
I/Auth    ( 2083): [SupervisedAccountIntentOperation] onHandleIntent(): android.intent.action.PACKAGE_ADDED
I/ChromeSync( 2083): [Sync,SyncIntentOperation] Handling the intent: Intent { act=android.intent.action.PACKAGE_ADDED dat=package:com.DartChecker flg=0x4000010 cmp=com.google.android.gms/.chimera.GmsIntentOperationService (has extras) }.
I/FontLog ( 2083): Package com.DartChecker has no metadata [CONTEXT service_id=132 ]
I/PackageManager( 1567):   Action: "android.intent.action.SENDTO"
I/PackageManager( 1567):   Category: "android.intent.category.DEFAULT"
I/PackageManager( 1567):   Scheme: "sms"
I/Icing.InternalIcingCorporaProvider( 2346): Updating corpora: A: com.DartChecker, C: MAYBE
I/PackageManager( 1567): Adding preferred activity ComponentInfo{com.android.mms/com.android.mms.ui.ComposeMessageActivity} for user 0 :
D/dalvikvm( 1815): GC_FOR_ALLOC freed 394K, 17% free 3667K/4388K, paused 2ms, total 6ms
I/ChromeSync( 2083): [Persistence,AffiliationManager] One of affiliation or grouping data for android://KSmUCdTXmQS-j9D_O8l1jvyu41Pjn2mc5cb0Gvx1e9H1Aj4JCzHs_uTW26nbtH65K-YfijtBsQxGp-8R6k6HFg==@com.DartChecker/ was not found. Marking affiliation data as stale...
I/PackageManager( 1567):   Action: "android.intent.action.SENDTO"
I/PackageManager( 1567):   Category: "android.intent.category.DEFAULT"
I/PackageManager( 1567):   Scheme: "smsto"
I/PackageManager( 1567): Adding preferred activity ComponentInfo{com.android.mms/com.android.mms.ui.ComposeMessageActivity} for user 0 :
D/dalvikvm( 1567): GC_EXPLICIT freed 1421K, 40% free 9419K/15468K, paused 2ms+4ms, total 77ms
D/AndroidRuntime( 7544): Shutting down VM
D/dalvikvm( 7544): GC_CONCURRENT freed 93K, 15% free 552K/648K, paused 0ms+0ms, total 0ms
I/PackageManager( 1567):   Action: "android.intent.action.SENDTO"
I/PackageManager( 1567):   Category: "android.intent.category.DEFAULT"
I/PackageManager( 1567):   Scheme: "mms"
I/PackageManager( 1567): Adding preferred activity ComponentInfo{com.android.mms/com.android.mms.ui.ComposeMessageActivity} for user 0 :
I/PackageManager( 1567):   Action: "android.intent.action.SENDTO"
I/PackageManager( 1567):   Category: "android.intent.category.DEFAULT"
I/PackageManager( 1567):   Scheme: "mmsto"
I/PackageManager( 1567): Adding preferred activity ComponentInfo{com.android.mms/com.android.mms.ui.ComposeMessageActivity} for user 0 :
D/EGL_emulation( 1941): eglMakeCurrent: 0xb8f07280: ver 3 0
D/dalvikvm( 2083): GC_FOR_ALLOC freed 1866K, 13% free 21497K/24564K, paused 32ms, total 32ms
I/Icing   ( 2083): IndexChimeraService.getServiceInterface callingPackage=com.google.android.googlequicksearchbox componentName=null serviceId=21
W/Icing   ( 2083): No valid account for uploading user actions
I/Icing   ( 2083): Usage reports ok 0, Failed Usage reports 0, indexed 0, rejected 0
I/Icing   ( 2083): Indexing com.google.android.gms-apps from com.google.android.gms
I/Icing   ( 2083): Indexing com.google.android.googlequicksearchbox-applications from com.google.android.googlequicksearchbox
I/Icing   ( 2083): Indexing com.google.android.gms-internal.3p:MobileApplication from com.google.android.gms
I/Icing   ( 2083): Indexing done com.google.android.gms-apps
I/Icing   ( 2083): Indexing done com.google.android.googlequicksearchbox-applications
I/Icing   ( 2083): Indexing done com.google.android.gms-internal.3p:MobileApplication
D/AndroidRuntime( 7565): 
D/AndroidRuntime( 7565): >>>>>> AndroidRuntime START com.android.internal.os.RuntimeInit <<<<<<
W/linker  ( 7565): libdvm.so has text relocations. This is wasting memory and is a security risk. Please fix.
D/AndroidRuntime( 7565): CheckJNI is ON
D/dalvikvm( 7565): Trying to load lib libjavacore.so 0x0
D/dalvikvm( 7565): Added shared lib libjavacore.so 0x0
D/dalvikvm( 7565): Trying to load lib libnativehelper.so 0x0
D/dalvikvm( 7565): Added shared lib libnativehelper.so 0x0
D/dalvikvm( 7565): No JNI_OnLoad found in libnativehelper.so 0x0, skipping init
D/dalvikvm( 7565): Note: class Landroid/app/ActivityManagerNative; has 179 unimplemented (abstract) methods
D/EGL_emulation( 1941): eglMakeCurrent: 0xb8f07280: ver 3 0
E/memtrack( 7565): Couldn't load memtrack module (No such file or directory)
E/android.os.Debug( 7565): failed to load memtrack module: -2
D/AndroidRuntime( 7565): Calling main entry com.android.commands.pm.Pm
W/ActivityManager( 1567): No content provider found for permission revoke: file:///sdcard/ripper.apk
W/ActivityManager( 1567): No content provider found for permission revoke: file:///sdcard/ripper.apk
I/PackageManager( 1567): Copying native libraries to /data/app-lib/vmdl-1388183058
I/PackageParser( 1567): it.unina.android.ripper: compat added android.permission.WRITE_EXTERNAL_STORAGE android.permission.READ_PHONE_STATE
I/PackageManager( 1567): Running dexopt on: it.unina.android.ripper
W/linker  ( 7576): libdvm.so has text relocations. This is wasting memory and is a security risk. Please fix.
D/dalvikvm( 7576): DexOpt: load 2ms, verify+opt 23ms, 936700 bytes
I/ActivityManager( 1567): Force stopping it.unina.android.ripper appid=10062 user=-1: update pkg
I/InputReader( 1567): Reconfiguring input devices.  changes=0x00000010
D/Documents( 7294): Used cached roots for com.android.providers.downloads.documents
D/Documents( 7294): Used cached roots for com.android.externalstorage.documents
D/Documents( 7294): Used cached roots for com.android.providers.media.documents
D/Documents( 7294): Update found 6 roots in 2ms
W/Launcher.Model( 2599): Nobody to tell about the new app.  Launcher is probably loading.
I/PackageManager( 1567):   Action: "android.intent.action.SENDTO"
I/PackageManager( 1567):   Category: "android.intent.category.DEFAULT"
I/PackageManager( 1567):   Scheme: "sms"
I/PackageManager( 1567): Adding preferred activity ComponentInfo{com.android.mms/com.android.mms.ui.ComposeMessageActivity} for user 0 :
D/dalvikvm( 1815): GC_FOR_ALLOC freed 454K, 18% free 3613K/4388K, paused 6ms, total 6ms
I/PackageManager( 1567):   Action: "android.intent.action.SENDTO"
I/PackageManager( 1567):   Category: "android.intent.category.DEFAULT"
I/PackageManager( 1567):   Scheme: "smsto"
I/PackageManager( 1567): Adding preferred activity ComponentInfo{com.android.mms/com.android.mms.ui.ComposeMessageActivity} for user 0 :
D/BackupManagerService( 1567): Received broadcast Intent { act=android.intent.action.PACKAGE_ADDED dat=package:it.unina.android.ripper flg=0x4000010 (has extras) }
I/PackageManager( 1567):   Action: "android.intent.action.SENDTO"
I/PackageManager( 1567):   Category: "android.intent.category.DEFAULT"
I/PackageManager( 1567):   Scheme: "mms"
V/BackupManagerService( 1567): addPackageParticipantsLocked: #1
I/PackageManager( 1567): Adding preferred activity ComponentInfo{com.android.mms/com.android.mms.ui.ComposeMessageActivity} for user 0 :
D/dalvikvm( 1567): GC_EXPLICIT freed 2380K, 45% free 8650K/15468K, paused 8ms+2ms, total 42ms
D/dalvikvm( 1567): WAIT_FOR_CONCURRENT_GC blocked 7ms
D/dalvikvm( 1567): WAIT_FOR_CONCURRENT_GC blocked 3ms
D/AndroidRuntime( 7565): Shutting down VM
D/dalvikvm( 1567): WAIT_FOR_CONCURRENT_GC blocked 9ms
D/dalvikvm( 7565): GC_CONCURRENT freed 93K, 15% free 552K/648K, paused 0ms+0ms, total 1ms
W/GCM     ( 1779): Unexpected forwarded intent: Intent { act=android.intent.action.PACKAGE_ADDED dat=package:it.unina.android.ripper flg=0x4000010 cmp=com.google.android.gms/.chimera.PersistentIntentOperationService (has extras) }
W/GCM     ( 1779): Unexpected forwarded intent: Intent { act=android.intent.action.PACKAGE_ADDED dat=package:it.unina.android.ripper flg=0x4000010 cmp=com.google.android.gms/.chimera.PersistentIntentOperationService (has extras) }
I/Auth    ( 2083): [SupervisedAccountIntentOperation] onHandleIntent(): android.intent.action.PACKAGE_ADDED
I/ChromeSync( 2083): [Sync,SyncIntentOperation] Handling the intent: Intent { act=android.intent.action.PACKAGE_ADDED dat=package:it.unina.android.ripper flg=0x4000010 cmp=com.google.android.gms/.chimera.GmsIntentOperationService (has extras) }.
I/FontLog ( 2083): Package it.unina.android.ripper has no metadata [CONTEXT service_id=132 ]
I/Icing.InternalIcingCorporaProvider( 2346): Updating corpora: A: it.unina.android.ripper, C: MAYBE
I/PackageManager( 1567):   Action: "android.intent.action.SENDTO"
I/PackageManager( 1567):   Category: "android.intent.category.DEFAULT"
I/PackageManager( 1567):   Scheme: "mmsto"
I/PackageManager( 1567): Adding preferred activity ComponentInfo{com.android.mms/com.android.mms.ui.ComposeMessageActivity} for user 0 :
I/ChromeSync( 2083): [Persistence,AffiliationManager] One of affiliation or grouping data for android://KSmUCdTXmQS-j9D_O8l1jvyu41Pjn2mc5cb0Gvx1e9H1Aj4JCzHs_uTW26nbtH65K-YfijtBsQxGp-8R6k6HFg==@it.unina.android.ripper/ was not found. Marking affiliation data as stale...
I/PackageManager( 1567):   Action: "android.intent.action.SENDTO"
I/PackageManager( 1567):   Category: "android.intent.category.DEFAULT"
I/PackageManager( 1567):   Scheme: "sms"
I/PackageManager( 1567): Adding preferred activity ComponentInfo{com.android.mms/com.android.mms.ui.ComposeMessageActivity} for user 0 :
D/dalvikvm( 1815): GC_FOR_ALLOC freed 392K, 17% free 3670K/4388K, paused 2ms, total 2ms
I/PackageManager( 1567):   Action: "android.intent.action.SENDTO"
I/PackageManager( 1567):   Category: "android.intent.category.DEFAULT"
I/PackageManager( 1567):   Scheme: "smsto"
I/PackageManager( 1567): Adding preferred activity ComponentInfo{com.android.mms/com.android.mms.ui.ComposeMessageActivity} for user 0 :
I/PackageManager( 1567):   Action: "android.intent.action.SENDTO"
I/PackageManager( 1567):   Category: "android.intent.category.DEFAULT"
I/PackageManager( 1567):   Scheme: "mms"
I/PackageManager( 1567):   Action: "android.intent.action.SENDTO"
I/PackageManager( 1567):   Category: "android.intent.category.DEFAULT"
I/PackageManager( 1567):   Scheme: "mmsto"
I/PackageManager( 1567): Adding preferred activity ComponentInfo{com.android.mms/com.android.mms.ui.ComposeMessageActivity} for user 0 :
I/PackageManager( 1567): Adding preferred activity ComponentInfo{com.android.mms/com.android.mms.ui.ComposeMessageActivity} for user 0 :
I/Icing   ( 2083): IndexChimeraService.getServiceInterface callingPackage=com.google.android.googlequicksearchbox componentName=null serviceId=21
I/Icing   ( 2083): Indexing com.google.android.gms-apps from com.google.android.gms
I/Icing   ( 2083): Indexing done com.google.android.gms-apps
W/Icing.InternalIcingCorporaProvider( 2346): Application table change notification failed.
W/Icing   ( 2083): No valid account for uploading user actions
I/Icing   ( 2083): Usage reports ok 0, Failed Usage reports 0, indexed 0, rejected 0
D/EGL_emulation( 1941): eglMakeCurrent: 0xb8f07280: ver 3 0
D/AndroidRuntime( 7583): 
D/AndroidRuntime( 7583): >>>>>> AndroidRuntime START com.android.internal.os.RuntimeInit <<<<<<
W/linker  ( 7583): libdvm.so has text relocations. This is wasting memory and is a security risk. Please fix.
D/AndroidRuntime( 7583): CheckJNI is ON
D/dalvikvm( 7583): Trying to load lib libjavacore.so 0x0
D/dalvikvm( 7583): Added shared lib libjavacore.so 0x0
D/dalvikvm( 7583): Trying to load lib libnativehelper.so 0x0
D/dalvikvm( 7583): Added shared lib libnativehelper.so 0x0
D/dalvikvm( 7583): No JNI_OnLoad found in libnativehelper.so 0x0, skipping init
D/dalvikvm( 7583): Note: class Landroid/app/ActivityManagerNative; has 179 unimplemented (abstract) methods
E/memtrack( 7583): Couldn't load memtrack module (No such file or directory)
E/android.os.Debug( 7583): failed to load memtrack module: -2
D/AndroidRuntime( 7583): Calling main entry com.android.commands.am.Am
I/ActivityManager( 1567): Force stopping com.DartChecker appid=10061 user=0: start instr
D/dalvikvm( 1567): GC_FOR_ALLOC freed 1496K, 45% free 8575K/15468K, paused 8ms, total 8ms
I/ActivityManager( 1567): Start proc com.DartChecker for added application com.DartChecker: pid=7594 uid=10061 gids={50061}
I/TestRunner( 7594): started: testApplication(it.unina.android.ripper.RipperTestCase)
V/AndroidRipperService( 7511): onBind()
V/AndroidRipperService( 7511): onBind()
V/AndroidRipperService( 7511): register()
I/ActivityManager( 1567): START u0 {act=android.intent.action.MAIN flg=0x10000000 cmp=com.DartChecker/.MainActivity} from pid 7594
I/dalvikvm( 7594): Could not find method android.content.Context.getSystemService, referenced from method androidx.appcompat.app.AppCompatDelegateImpl.mapNightMode
W/dalvikvm( 7594): VFY: unable to resolve virtual method 509: Landroid/content/Context;.getSystemService (Ljava/lang/Class;)Ljava/lang/Object;
D/dalvikvm( 7594): VFY: replacing opcode 0x6e at 0x0012
I/dalvikvm( 7594): Could not find method android.view.Window$Callback.onPointerCaptureChanged, referenced from method androidx.appcompat.view.WindowCallbackWrapper.onPointerCaptureChanged
W/dalvikvm( 7594): VFY: unable to resolve interface method 4215: Landroid/view/Window$Callback;.onPointerCaptureChanged (Z)V
D/dalvikvm( 7594): VFY: replacing opcode 0x72 at 0x0002
I/dalvikvm( 7594): Could not find method android.view.Window$Callback.onProvideKeyboardShortcuts, referenced from method androidx.appcompat.view.WindowCallbackWrapper.onProvideKeyboardShortcuts
W/dalvikvm( 7594): VFY: unable to resolve interface method 4217: Landroid/view/Window$Callback;.onProvideKeyboardShortcuts (Ljava/util/List;Landroid/view/Menu;I)V
D/dalvikvm( 7594): VFY: replacing opcode 0x72 at 0x0002
W/dalvikvm( 7594): VFY: unable to find class referenced in signature (Landroid/view/SearchEvent;)
I/dalvikvm( 7594): Could not find method android.view.Window$Callback.onSearchRequested, referenced from method androidx.appcompat.view.WindowCallbackWrapper.onSearchRequested
W/dalvikvm( 7594): VFY: unable to resolve interface method 4219: Landroid/view/Window$Callback;.onSearchRequested (Landroid/view/SearchEvent;)Z
D/dalvikvm( 7594): VFY: replacing opcode 0x72 at 0x0002
I/dalvikvm( 7594): Could not find method android.view.Window$Callback.onWindowStartingActionMode, referenced from method androidx.appcompat.view.WindowCallbackWrapper.onWindowStartingActionMode
W/dalvikvm( 7594): VFY: unable to resolve interface method 4223: Landroid/view/Window$Callback;.onWindowStartingActionMode (Landroid/view/ActionMode$Callback;I)Landroid/view/ActionMode;
D/dalvikvm( 7594): VFY: replacing opcode 0x72 at 0x0002
I/dalvikvm( 7594): Could not find method android.content.res.TypedArray.getChangingConfigurations, referenced from method androidx.appcompat.widget.TintTypedArray.getChangingConfigurations
W/dalvikvm( 7594): VFY: unable to resolve virtual method 739: Landroid/content/res/TypedArray;.getChangingConfigurations ()I
D/dalvikvm( 7594): VFY: replacing opcode 0x6e at 0x0002
I/dalvikvm( 7594): Could not find method android.content.res.TypedArray.getType, referenced from method androidx.appcompat.widget.TintTypedArray.getType
W/dalvikvm( 7594): VFY: unable to resolve virtual method 761: Landroid/content/res/TypedArray;.getType (I)I
D/dalvikvm( 7594): VFY: replacing opcode 0x6e at 0x0008
I/dalvikvm( 7594): Could not find method android.content.Context.createDeviceProtectedStorageContext, referenced from method androidx.core.content.ContextCompat.createDeviceProtectedStorageContext
W/dalvikvm( 7594): VFY: unable to resolve virtual method 478: Landroid/content/Context;.createDeviceProtectedStorageContext ()Landroid/content/Context;
D/dalvikvm( 7594): VFY: replacing opcode 0x6e at 0x0006
I/dalvikvm( 7594): Could not find method android.content.Context.getCodeCacheDir, referenced from method androidx.core.content.ContextCompat.getCodeCacheDir
W/dalvikvm( 7594): VFY: unable to resolve virtual method 485: Landroid/content/Context;.getCodeCacheDir ()Ljava/io/File;
D/dalvikvm( 7594): VFY: replacing opcode 0x6e at 0x0006
I/dalvikvm( 7594): Could not find method android.content.Context.getColor, referenced from method androidx.core.content.ContextCompat.getColor
W/dalvikvm( 7594): VFY: unable to resolve virtual method 486: Landroid/content/Context;.getColor (I)I
D/dalvikvm( 7594): VFY: replacing opcode 0x6e at 0x0006
I/dalvikvm( 7594): Could not find method android.content.Context.getColorStateList, referenced from method androidx.core.content.ContextCompat.getColorStateList
W/dalvikvm( 7594): VFY: unable to resolve virtual method 487: Landroid/content/Context;.getColorStateList (I)Landroid/content/res/ColorStateList;
D/dalvikvm( 7594): VFY: replacing opcode 0x6e at 0x0006
I/dalvikvm( 7594): Could not find method android.content.Context.getDataDir, referenced from method androidx.core.content.ContextCompat.getDataDir
W/dalvikvm( 7594): VFY: unable to resolve virtual method 489: Landroid/content/Context;.getDataDir ()Ljava/io/File;
D/dalvikvm( 7594): VFY: replacing opcode 0x6e at 0x0006
I/dalvikvm( 7594): Could not find method android.content.Context.getDrawable, referenced from method androidx.core.content.ContextCompat.getDrawable
W/dalvikvm( 7594): VFY: unable to resolve virtual method 490: Landroid/content/Context;.getDrawable (I)Landroid/graphics/drawable/Drawable;
D/dalvikvm( 7594): VFY: replacing opcode 0x6e at 0x0006
I/dalvikvm( 7594): Could not find method android.content.Context.getMainExecutor, referenced from method androidx.core.content.ContextCompat.getMainExecutor
W/dalvikvm( 7594): VFY: unable to resolve virtual method 498: Landroid/content/Context;.getMainExecutor ()Ljava/util/concurrent/Executor;
D/dalvikvm( 7594): VFY: replacing opcode 0x6e at 0x0006
I/dalvikvm( 7594): Could not find method android.content.Context.getNoBackupFilesDir, referenced from method androidx.core.content.ContextCompat.getNoBackupFilesDir
W/dalvikvm( 7594): VFY: unable to resolve virtual method 500: Landroid/content/Context;.getNoBackupFilesDir ()Ljava/io/File;
D/dalvikvm( 7594): VFY: replacing opcode 0x6e at 0x0006
I/dalvikvm( 7594): Could not find method android.content.Context.getSystemService, referenced from method androidx.core.content.ContextCompat.getSystemService
W/dalvikvm( 7594): VFY: unable to resolve virtual method 509: Landroid/content/Context;.getSystemService (Ljava/lang/Class;)Ljava/lang/Object;
D/dalvikvm( 7594): VFY: replacing opcode 0x6e at 0x0006
I/dalvikvm( 7594): Could not find method android.content.Context.getSystemServiceName, referenced from method androidx.core.content.ContextCompat.getSystemServiceName
W/dalvikvm( 7594): VFY: unable to resolve virtual method 511: Landroid/content/Context;.getSystemServiceName (Ljava/lang/Class;)Ljava/lang/String;
D/dalvikvm( 7594): VFY: replacing opcode 0x6e at 0x0006
I/dalvikvm( 7594): Could not find method android.content.Context.isDeviceProtectedStorage, referenced from method androidx.core.content.ContextCompat.isDeviceProtectedStorage
W/dalvikvm( 7594): VFY: unable to resolve virtual method 514: Landroid/content/Context;.isDeviceProtectedStorage ()Z
D/dalvikvm( 7594): VFY: replacing opcode 0x6e at 0x0006
I/dalvikvm( 7594): Could not find method android.content.Context.startForegroundService, referenced from method androidx.core.content.ContextCompat.startForegroundService
W/dalvikvm( 7594): VFY: unable to resolve virtual method 529: Landroid/content/Context;.startForegroundService (Landroid/content/Intent;)Landroid/content/ComponentName;
D/dalvikvm( 7594): VFY: replacing opcode 0x6e at 0x0006
I/dalvikvm( 7594): Could not find method android.view.View.addKeyboardNavigationClusters, referenced from method androidx.core.view.ViewCompat.addKeyboardNavigationClusters
W/dalvikvm( 7594): VFY: unable to resolve virtual method 3716: Landroid/view/View;.addKeyboardNavigationClusters (Ljava/util/Collection;I)V
D/dalvikvm( 7594): VFY: replacing opcode 0x6e at 0x0006
D/dalvikvm( 7594): GC_CONCURRENT freed 266K, 13% free 3146K/3608K, paused 2ms+2ms, total 6ms
I/dalvikvm( 7594): Failed resolving Landroidx/core/view/ViewCompat$2; interface 637 'Landroid/view/View$OnUnhandledKeyEventListener;'
W/dalvikvm( 7594): Link of class 'Landroidx/core/view/ViewCompat$2;' failed
E/dalvikvm( 7594): Could not find class 'androidx.core.view.ViewCompat$2', referenced from method androidx.core.view.ViewCompat.addOnUnhandledKeyEventListener
W/dalvikvm( 7594): VFY: unable to resolve new-instance 1675 (Landroidx/core/view/ViewCompat$2;) in Landroidx/core/view/ViewCompat;
D/dalvikvm( 7594): VFY: replacing opcode 0x22 at 0x001a
I/dalvikvm( 7594): Could not find method android.view.View.cancelDragAndDrop, referenced from method androidx.core.view.ViewCompat.cancelDragAndDrop
W/dalvikvm( 7594): VFY: unable to resolve virtual method 3725: Landroid/view/View;.cancelDragAndDrop ()V
D/dalvikvm( 7594): VFY: replacing opcode 0x6e at 0x0006
E/dalvikvm( 7594): Could not find class 'android.view.WindowInsets', referenced from method androidx.core.view.ViewCompat.dispatchApplyWindowInsets
W/dalvikvm( 7594): VFY: unable to resolve check-cast 662 (Landroid/view/WindowInsets;) in Landroidx/core/view/ViewCompat;
D/dalvikvm( 7594): VFY: replacing opcode 0x1f at 0x000a
I/dalvikvm( 7594): Could not find method android.view.View.dispatchNestedFling, referenced from method androidx.core.view.ViewCompat.dispatchNestedFling
W/dalvikvm( 7594): VFY: unable to resolve virtual method 3735: Landroid/view/View;.dispatchNestedFling (FFZ)Z
D/dalvikvm( 7594): VFY: replacing opcode 0x6e at 0x0006
I/dalvikvm( 7594): Could not find method android.view.View.dispatchNestedPreFling, referenced from method androidx.core.view.ViewCompat.dispatchNestedPreFling
W/dalvikvm( 7594): VFY: unable to resolve virtual method 3736: Landroid/view/View;.dispatchNestedPreFling (FF)Z
D/dalvikvm( 7594): VFY: replacing opcode 0x6e at 0x0006
I/dalvikvm( 7594): Could not find method android.view.View.dispatchNestedPreScroll, referenced from method androidx.core.view.ViewCompat.dispatchNestedPreScroll
W/dalvikvm( 7594): VFY: unable to resolve virtual method 3737: Landroid/view/View;.dispatchNestedPreScroll (II[I[I)Z
D/dalvikvm( 7594): VFY: replacing opcode 0x6e at 0x0006
I/dalvikvm( 7594): Could not find method android.view.View.dispatchNestedScroll, referenced from method androidx.core.view.ViewCompat.dispatchNestedScroll
W/dalvikvm( 7594): VFY: unable to resolve virtual method 3738: Landroid/view/View;.dispatchNestedScroll (IIII[I)Z
D/dalvikvm( 7594): VFY: replacing opcode 0x74 at 0x0006
I/dalvikvm( 7594): Could not find method android.view.View.getBackgroundTintList, referenced from method androidx.core.view.ViewCompat.getBackgroundTintList
W/dalvikvm( 7594): VFY: unable to resolve virtual method 3755: Landroid/view/View;.getBackgroundTintList ()Landroid/content/res/ColorStateList;
D/dalvikvm( 7594): VFY: replacing opcode 0x6e at 0x0006
I/dalvikvm( 7594): Could not find method android.view.View.getBackgroundTintMode, referenced from method androidx.core.view.ViewCompat.getBackgroundTintMode
W/dalvikvm( 7594): VFY: unable to resolve virtual method 3756: Landroid/view/View;.getBackgroundTintMode ()Landroid/graphics/PorterDuff$Mode;
D/dalvikvm( 7594): VFY: replacing opcode 0x6e at 0x0006
I/dalvikvm( 7594): Could not find method android.view.View.getElevation, referenced from method androidx.core.view.ViewCompat.getElevation
W/dalvikvm( 7594): VFY: unable to resolve virtual method 3765: Landroid/view/View;.getElevation ()F
D/dalvikvm( 7594): VFY: replacing opcode 0x6e at 0x0006
D/gralloc_ranchu( 1145): gralloc_alloc: Creating ashmem region of size 7753728
I/dalvikvm( 7594): Could not find method android.view.View.getImportantForAutofill, referenced from method androidx.core.view.ViewCompat.getImportantForAutofill
W/dalvikvm( 7594): VFY: unable to resolve virtual method 3772: Landroid/view/View;.getImportantForAutofill ()I
D/dalvikvm( 7594): VFY: replacing opcode 0x6e at 0x0006
I/dalvikvm( 7594): Could not find method android.view.View.getNextClusterForwardId, referenced from method androidx.core.view.ViewCompat.getNextClusterForwardId
