D/dalvikvm( 1567): GC_FOR_ALLOC freed 1413K, 46% free 8503K/15468K, paused 7ms, total 7ms
I/Vision  ( 2083): Requesting optional module download of ocr.
I/Vision  ( 2083): Checking for download completion for 121949 -- ocr
D/dalvikvm( 1779): GC_FOR_ALLOC freed 2119K, 24% free 10107K/13288K, paused 8ms, total 8ms
D/dalvikvm( 1567): GC_FOR_ALLOC freed 1382K, 46% free 8503K/15468K, paused 7ms, total 7ms
D/dalvikvm( 1567): GC_FOR_ALLOC freed 1388K, 46% free 8498K/15468K, paused 8ms, total 8ms
I/Vision  ( 2083): Requesting optional module download of ocr.
I/Vision  ( 2083): Checking for download completion for 131957 -- ocr
D/dalvikvm( 1567): GC_FOR_ALLOC freed 1381K, 46% free 8499K/15468K, paused 7ms, total 7ms
I/Vision  ( 2083): Requesting optional module download of ocr.
I/Vision  ( 2083): Checking for download completion for 141964 -- ocr
W/ActivityManager( 1567): Unable to start service Intent { act=com.google.android.gms.drive.ApiService.RESET_AFTER_BOOT flg=0x4 cmp=com.google.android.gms/.drive.api.ApiService (has extras) } U=0: not found
I/NetworkScheduler.Stats( 1779): Task com.google.android.gms/com.google.android.gms.checkin.CheckinService started execution. cause:4 exec_start_elapsed_seconds: 132 [CONTEXT service_id=218 ]
I/NetworkScheduler.Stats( 1779): Task com.google.android.gms/com.google.android.gms.checkin.CheckinService finished executing. cause:4 result: 3 elapsed_millis: 9 uptime_millis: 9 exec_start_elapsed_seconds: 132 [CONTEXT service_id=218 ]
D/dalvikvm( 1567): GC_FOR_ALLOC freed 1376K, 46% free 8504K/15468K, paused 7ms, total 7ms
I/Vision  ( 2083): Requesting optional module download of ocr.
I/Vision  ( 2083): Exceeded maximum feature download tries for ocr
W/Vision  ( 2083): Request of optional module download of ocr failed.
I/Vision  ( 2083): Checking for download completion for 151973 -- ocr
D/dalvikvm( 1567): GC_FOR_ALLOC freed 1386K, 46% free 8501K/15468K, paused 8ms, total 8ms
D/dalvikvm( 1567): GC_FOR_ALLOC freed 1384K, 46% free 8499K/15468K, paused 7ms, total 7ms
I/Vision  ( 2083): Requesting optional module download of ocr.
I/Vision  ( 2083): Checking for download completion for 161985 -- ocr
I/ChimeraConfigurator( 2083): Starting update, reason: 4 urgentFeatures: vision.ocr:-1
E/ConfigFileUtils( 2083): Failed to read config file: /data/data/com.google.android.gms/app_chimera/next_container.pb: open failed: ENOENT (No such file or directory)
I/ChmraDebugLogger( 2083): [73] 1801
I/ChmraDebugLogger( 2083): [30] [VisionOcr.optional:202414000700] permitMetered=true,
W/ChimeraConfigService( 2083): Retry attempt was throttled.
D/dalvikvm( 1567): GC_FOR_ALLOC freed 1376K, 46% free 8504K/15468K, paused 9ms, total 9ms
I/Vision  ( 2083): Requesting optional module download of ocr.
I/Vision  ( 2083): Checking for download completion for 171993 -- ocr
D/dalvikvm( 1567): GC_FOR_ALLOC freed 1379K, 46% free 8507K/15468K, paused 7ms, total 7ms
I/Vision  ( 2083): Requesting optional module download of ocr.
I/Vision  ( 2083): Checking for download completion for 182005 -- ocr
D/dalvikvm( 1567): GC_FOR_ALLOC freed 1385K, 46% free 8505K/15468K, paused 7ms, total 7ms
D/dalvikvm( 1567): GC_FOR_ALLOC freed 1380K, 45% free 8508K/15468K, paused 7ms, total 7ms
I/Vision  ( 2083): Requesting optional module download of ocr.
I/Vision  ( 2083): Checking for download completion for 192012 -- ocr
D/dalvikvm( 1567): GC_FOR_ALLOC freed 1407K, 46% free 8482K/15468K, paused 8ms, total 8ms
I/Vision  ( 2083): Requesting optional module download of ocr.
I/Vision  ( 2083): Checking for download completion for 202020 -- ocr
D/dalvikvm( 1567): GC_FOR_ALLOC freed 1351K, 45% free 8508K/15468K, paused 8ms, total 8ms
D/dalvikvm( 1567): GC_FOR_ALLOC freed 1386K, 46% free 8506K/15468K, paused 7ms, total 7ms
I/Vision  ( 2083): Requesting optional module download of ocr.
I/Vision  ( 2083): Exceeded maximum feature download tries for ocr
W/Vision  ( 2083): Request of optional module download of ocr failed.
I/Vision  ( 2083): Checking for download completion for 212031 -- ocr
I/NetworkScheduler.Stats( 1779): Task com.google.android.gms/com.google.android.gms.auth.account.be.legacy.AuthCronService started execution. cause:4 exec_start_elapsed_seconds: 202 [CONTEXT service_id=218 ]
W/GLSUser ( 1797): [AppCertManager] IOException while requesting key: 
W/GLSUser ( 1797): java.io.IOException: Invalid device key response.
W/GLSUser ( 1797): 	at gtl.a(:com.google.android.gms@202414005@20.24.14 (000700-319035315):49)
W/GLSUser ( 1797): 	at gtj.b(:com.google.android.gms@202414005@20.24.14 (000700-319035315):2)
W/GLSUser ( 1797): 	at gte.a(:com.google.android.gms@202414005@20.24.14 (000700-319035315):0)
W/GLSUser ( 1797): 	at gth.a(:com.google.android.gms@202414005@20.24.14 (000700-319035315):10)
W/GLSUser ( 1797): 	at eyt.call(:com.google.android.gms@202414005@20.24.14 (000700-319035315):0)
W/GLSUser ( 1797): 	at java.util.concurrent.FutureTask.run(FutureTask.java:237)
W/GLSUser ( 1797): 	at nlp.b(:com.google.android.gms@202414005@20.24.14 (000700-319035315):12)
W/GLSUser ( 1797): 	at nlp.run(:com.google.android.gms@202414005@20.24.14 (000700-319035315):7)
W/GLSUser ( 1797): 	at java.util.concurrent.ThreadPoolExecutor.runWorker(ThreadPoolExecutor.java:1112)
W/GLSUser ( 1797): 	at java.util.concurrent.ThreadPoolExecutor$Worker.run(ThreadPoolExecutor.java:587)
W/GLSUser ( 1797): 	at nrd.run(:com.google.android.gms@202414005@20.24.14 (000700-319035315):0)
W/GLSUser ( 1797): 	at java.lang.Thread.run(Thread.java:841)
I/NetworkScheduler.Stats( 1779): Task com.google.android.gms/com.google.android.gms.auth.account.be.legacy.AuthCronService finished executing. cause:4 result: 3 elapsed_millis: 113 uptime_millis: 113 exec_start_elapsed_seconds: 202 [CONTEXT service_id=218 ]
D/dalvikvm( 1567): GC_FOR_ALLOC freed 1369K, 45% free 8520K/15468K, paused 8ms, total 8ms
I/Vision  ( 2083): Requesting optional module download of ocr.
I/Vision  ( 2083): Checking for download completion for 222047 -- ocr
I/ChimeraConfigurator( 2083): Starting update, reason: 4 urgentFeatures: vision.ocr:-1
E/ConfigFileUtils( 2083): Failed to read config file: /data/data/com.google.android.gms/app_chimera/next_container.pb: open failed: ENOENT (No such file or directory)
D/dalvikvm( 2083): GC_FOR_ALLOC freed 2216K, 15% free 20885K/24564K, paused 19ms, total 19ms
I/ChmraDebugLogger( 2083): [73] 1801
I/ChmraDebugLogger( 2083): [30] [VisionOcr.optional:202414000700] permitMetered=true,
W/ChimeraConfigService( 2083): Retry attempt was throttled.
D/dalvikvm( 1567): GC_FOR_ALLOC freed 1386K, 45% free 8520K/15468K, paused 8ms, total 8ms
D/dalvikvm( 1567): GC_FOR_ALLOC freed 1428K, 46% free 8478K/15468K, paused 7ms, total 7ms
I/Vision  ( 2083): Requesting optional module download of ocr.
I/Vision  ( 2083): Checking for download completion for 232056 -- ocr
D/dalvikvm( 1567): GC_FOR_ALLOC freed 1397K, 46% free 8457K/15468K, paused 10ms, total 10ms
I/Vision  ( 2083): Requesting optional module download of ocr.
I/Vision  ( 2083): Checking for download completion for 242064 -- ocr
D/dalvikvm( 1567): GC_FOR_ALLOC freed 1369K, 46% free 8458K/15468K, paused 7ms, total 7ms
D/dalvikvm( 1567): GC_FOR_ALLOC freed 1347K, 46% free 8481K/15468K, paused 8ms, total 8ms
I/Vision  ( 2083): Requesting optional module download of ocr.
I/Vision  ( 2083): Checking for download completion for 252072 -- ocr
D/dalvikvm( 1567): GC_FOR_ALLOC freed 1374K, 46% free 8484K/15468K, paused 7ms, total 7ms
I/Vision  ( 2083): Requesting optional module download of ocr.
I/Vision  ( 2083): Checking for download completion for 262082 -- ocr
D/dalvikvm( 1567): GC_FOR_ALLOC freed 1375K, 46% free 8487K/15468K, paused 7ms, total 7ms
D/dalvikvm( 1567): GC_FOR_ALLOC freed 1381K, 46% free 8484K/15468K, paused 8ms, total 8ms
I/Vision  ( 2083): Requesting optional module download of ocr.
I/Vision  ( 2083): Exceeded maximum feature download tries for ocr
W/Vision  ( 2083): Request of optional module download of ocr failed.
I/Vision  ( 2083): Checking for download completion for 272092 -- ocr
I/NetworkScheduler.Stats( 1779): Task com.google.android.gms/com.google.android.gms.checkin.CheckinService started execution. cause:4 exec_start_elapsed_seconds: 262 [CONTEXT service_id=218 ]
I/NetworkScheduler.Stats( 1779): Task com.google.android.gms/com.google.android.gms.checkin.CheckinService finished executing. cause:4 result: 3 elapsed_millis: 10 uptime_millis: 10 exec_start_elapsed_seconds: 262 [CONTEXT service_id=218 ]
D/dalvikvm( 1567): GC_FOR_ALLOC freed 1395K, 46% free 8466K/15468K, paused 8ms, total 8ms
I/Vision  ( 2083): Requesting optional module download of ocr.
I/Vision  ( 2083): Checking for download completion for 282103 -- ocr
I/ChimeraConfigurator( 2083): Starting update, reason: 4 urgentFeatures: vision.ocr:-1
E/ConfigFileUtils( 2083): Failed to read config file: /data/data/com.google.android.gms/app_chimera/next_container.pb: open failed: ENOENT (No such file or directory)
I/ChmraDebugLogger( 2083): [73] 1801
I/ChmraDebugLogger( 2083): [30] [VisionOcr.optional:202414000700] permitMetered=true,
W/ChimeraConfigService( 2083): Retry attempt was throttled.
D/dalvikvm( 1567): GC_FOR_ALLOC freed 1347K, 46% free 8491K/15468K, paused 8ms, total 8ms
D/dalvikvm( 1567): GC_FOR_ALLOC freed 1380K, 46% free 8490K/15468K, paused 8ms, total 8ms
I/Vision  ( 2083): Requesting optional module download of ocr.
I/Vision  ( 2083): Checking for download completion for 292112 -- ocr
D/dalvikvm( 1567): GC_FOR_ALLOC freed 1377K, 46% free 8491K/15468K, paused 8ms, total 8ms
I/Vision  ( 2083): Requesting optional module download of ocr.
I/Vision  ( 2083): Checking for download completion for 302117 -- ocr
D/dalvikvm( 1567): GC_FOR_ALLOC freed 1376K, 46% free 8496K/15468K, paused 8ms, total 8ms
D/dalvikvm( 1567): GC_FOR_ALLOC freed 1383K, 46% free 8493K/15468K, paused 7ms, total 7ms
I/Vision  ( 2083): Requesting optional module download of ocr.
I/Vision  ( 2083): Checking for download completion for 312127 -- ocr
D/dalvikvm( 1567): GC_FOR_ALLOC freed 1379K, 46% free 8494K/15468K, paused 8ms, total 8ms
I/Vision  ( 2083): Requesting optional module download of ocr.
I/Vision  ( 2083): Checking for download completion for 322135 -- ocr
D/dalvikvm( 1567): GC_FOR_ALLOC freed 1378K, 46% free 8496K/15468K, paused 8ms, total 8ms
D/dalvikvm( 1567): GC_FOR_ALLOC freed 1382K, 46% free 8486K/15468K, paused 7ms, total 7ms
I/Vision  ( 2083): Requesting optional module download of ocr.
I/Vision  ( 2083): Exceeded maximum feature download tries for ocr
W/Vision  ( 2083): Request of optional module download of ocr failed.
I/Vision  ( 2083): Checking for download completion for 332146 -- ocr
D/dalvikvm( 1567): GC_FOR_ALLOC freed 1393K, 46% free 8467K/15468K, paused 7ms, total 7ms
I/Vision  ( 2083): Requesting optional module download of ocr.
I/Vision  ( 2083): Checking for download completion for 342156 -- ocr
I/ChimeraConfigurator( 2083): Starting update, reason: 4 urgentFeatures: vision.ocr:-1
E/ConfigFileUtils( 2083): Failed to read config file: /data/data/com.google.android.gms/app_chimera/next_container.pb: open failed: ENOENT (No such file or directory)
I/ChmraDebugLogger( 2083): [73] 1801
I/ChmraDebugLogger( 2083): [30] [VisionOcr.optional:202414000700] permitMetered=true,
W/ChimeraConfigService( 2083): Retry attempt was throttled.
D/dalvikvm( 1567): GC_FOR_ALLOC freed 1350K, 46% free 8491K/15468K, paused 7ms, total 7ms
D/dalvikvm( 1567): GC_FOR_ALLOC freed 1382K, 46% free 8488K/15468K, paused 8ms, total 8ms
I/Vision  ( 2083): Requesting optional module download of ocr.
D/dalvikvm( 1567): GC_FOR_ALLOC freed 1380K, 46% free 8486K/15468K, paused 7ms, total 7ms
I/ActivityManager( 1567): Killing 2005:com.android.exchange/u0a27 (adj 15): empty #17
D/dalvikvm( 1779): GC_FOR_ALLOC freed 1892K, 23% free 10262K/13288K, paused 9ms, total 10ms
I/NetworkScheduler.Stats( 1779): Task com.google.android.gms/com.google.android.gms.auth.account.be.legacy.AuthCronService started execution. cause:4 exec_start_elapsed_seconds: 350 [CONTEXT service_id=218 ]
W/GLSUser ( 1797): [AppCertManager] IOException while requesting key: 
W/GLSUser ( 1797): java.io.IOException: Invalid device key response.
W/GLSUser ( 1797): 	at gtl.a(:com.google.android.gms@202414005@20.24.14 (000700-319035315):49)
W/GLSUser ( 1797): 	at gtj.b(:com.google.android.gms@202414005@20.24.14 (000700-319035315):2)
W/GLSUser ( 1797): 	at gte.a(:com.google.android.gms@202414005@20.24.14 (000700-319035315):0)
W/GLSUser ( 1797): 	at gth.a(:com.google.android.gms@202414005@20.24.14 (000700-319035315):10)
W/GLSUser ( 1797): 	at eyt.call(:com.google.android.gms@202414005@20.24.14 (000700-319035315):0)
W/GLSUser ( 1797): 	at java.util.concurrent.FutureTask.run(FutureTask.java:237)
W/GLSUser ( 1797): 	at nlp.b(:com.google.android.gms@202414005@20.24.14 (000700-319035315):12)
W/GLSUser ( 1797): 	at nlp.run(:com.google.android.gms@202414005@20.24.14 (000700-319035315):7)
W/GLSUser ( 1797): 	at java.util.concurrent.ThreadPoolExecutor.runWorker(ThreadPoolExecutor.java:1112)
W/GLSUser ( 1797): 	at java.util.concurrent.ThreadPoolExecutor$Worker.run(ThreadPoolExecutor.java:587)
W/GLSUser ( 1797): 	at nrd.run(:com.google.android.gms@202414005@20.24.14 (000700-319035315):0)
W/GLSUser ( 1797): 	at java.lang.Thread.run(Thread.java:841)
I/NetworkScheduler.Stats( 1779): Task com.google.android.gms/com.google.android.gms.auth.account.be.legacy.AuthCronService finished executing. cause:4 result: 3 elapsed_millis: 119 uptime_millis: 119 exec_start_elapsed_seconds: 350 [CONTEXT service_id=218 ]
D/dalvikvm( 1567): GC_FOR_ALLOC freed 1370K, 46% free 8494K/15468K, paused 7ms, total 7ms
D/dalvikvm( 1567): GC_FOR_ALLOC freed 1358K, 45% free 8516K/15468K, paused 7ms, total 7ms
D/dalvikvm( 1567): GC_FOR_ALLOC freed 1440K, 46% free 8454K/15468K, paused 7ms, total 7ms
D/dalvikvm( 1567): GC_FOR_ALLOC freed 1374K, 46% free 8449K/15468K, paused 8ms, total 8ms
D/dalvikvm( 1567): GC_FOR_ALLOC freed 1337K, 46% free 8481K/15468K, paused 7ms, total 8ms
D/dalvikvm( 1567): GC_FOR_ALLOC freed 1383K, 46% free 8474K/15468K, paused 7ms, total 7ms
D/dalvikvm( 1567): GC_FOR_ALLOC freed 1357K, 46% free 8492K/15468K, paused 7ms, total 7ms
D/dalvikvm( 1567): GC_FOR_ALLOC freed 1398K, 46% free 8474K/15468K, paused 8ms, total 8ms
D/dalvikvm( 1567): GC_FOR_ALLOC freed 1378K, 46% free 8471K/15468K, paused 8ms, total 8ms
I/CastDatabase( 2083): Saving the database
I/SQLiteCastStore( 2083): [CastNetworkInfo] saved: 0, skipped: 0, [CastDeviceInfo]: saved 0, skipped 0, [Paired Guest Mode DeviceInfo] saved: 0, skipped: 0. [ProbedNetworks]: saved 0, skipped: 0, [ProbedSocketAddress]: saved 0, skipped: 0, [Network-Device pairs]: saved: 0
D/dalvikvm( 1567): GC_FOR_ALLOC freed 1375K, 46% free 8470K/15468K, paused 8ms, total 8ms
D/dalvikvm( 1567): GC_FOR_ALLOC freed 1374K, 46% free 8470K/15468K, paused 8ms, total 8ms
D/dalvikvm( 1567): GC_FOR_ALLOC freed 1374K, 46% free 8470K/15468K, paused 7ms, total 7ms
D/dalvikvm( 1567): GC_FOR_ALLOC freed 1374K, 46% free 8470K/15468K, paused 7ms, total 7ms
D/dalvikvm( 1567): GC_FOR_ALLOC freed 1374K, 46% free 8470K/15468K, paused 7ms, total 7ms
D/dalvikvm( 1567): GC_FOR_ALLOC freed 1374K, 46% free 8470K/15468K, paused 7ms, total 7ms
D/dalvikvm( 1567): GC_FOR_ALLOC freed 1380K, 46% free 8463K/15468K, paused 8ms, total 8ms
D/dalvikvm( 1567): GC_FOR_ALLOC freed 1381K, 46% free 8445K/15468K, paused 7ms, total 8ms
D/dalvikvm( 1567): GC_FOR_ALLOC freed 1343K, 46% free 8470K/15468K, paused 7ms, total 7ms
D/dalvikvm( 1567): GC_FOR_ALLOC freed 1374K, 46% free 8470K/15468K, paused 7ms, total 7ms
D/dalvikvm( 1567): GC_FOR_ALLOC freed 1389K, 46% free 8446K/15468K, paused 8ms, total 8ms
D/dalvikvm( 1567): GC_FOR_ALLOC freed 1344K, 46% free 8470K/15468K, paused 7ms, total 7ms
D/dalvikvm( 1567): GC_FOR_ALLOC freed 1374K, 46% free 8470K/15468K, paused 11ms, total 11ms
I/NetworkScheduler.Stats( 1779): Task com.google.android.gms/com.google.android.gms.checkin.CheckinService started execution. cause:4 exec_start_elapsed_seconds: 502 [CONTEXT service_id=218 ]
I/NetworkScheduler.Stats( 1779): Task com.google.android.gms/com.google.android.gms.checkin.CheckinService finished executing. cause:4 result: 3 elapsed_millis: 10 uptime_millis: 10 exec_start_elapsed_seconds: 502 [CONTEXT service_id=218 ]
D/dalvikvm( 1567): GC_FOR_ALLOC freed 1370K, 46% free 8474K/15468K, paused 8ms, total 8ms
D/dalvikvm( 1567): GC_FOR_ALLOC freed 1377K, 46% free 8472K/15468K, paused 7ms, total 7ms
D/dalvikvm( 1567): GC_FOR_ALLOC freed 1375K, 46% free 8472K/15468K, paused 7ms, total 8ms
D/dalvikvm( 1567): GC_FOR_ALLOC freed 1375K, 46% free 8472K/15468K, paused 8ms, total 8ms
D/dalvikvm( 1567): GC_FOR_ALLOC freed 1375K, 46% free 8472K/15468K, paused 8ms, total 8ms
D/dalvikvm( 1567): GC_FOR_ALLOC freed 1373K, 46% free 8473K/15468K, paused 8ms, total 8ms
D/dalvikvm( 1567): GC_FOR_ALLOC freed 1390K, 46% free 8448K/15468K, paused 8ms, total 8ms
D/dalvikvm( 1567): GC_FOR_ALLOC freed 1345K, 46% free 8471K/15468K, paused 7ms, total 7ms
D/dalvikvm( 1567): GC_FOR_ALLOC freed 1373K, 46% free 8473K/15468K, paused 8ms, total 8ms
D/dalvikvm( 1567): GC_FOR_ALLOC freed 1374K, 46% free 8473K/15468K, paused 7ms, total 7ms
D/dalvikvm( 1567): GC_FOR_ALLOC freed 1372K, 46% free 8475K/15468K, paused 7ms, total 7ms
D/dalvikvm( 1567): GC_FOR_ALLOC freed 1376K, 46% free 8474K/15468K, paused 7ms, total 7ms
D/dalvikvm( 1567): GC_FOR_ALLOC freed 1375K, 46% free 8474K/15468K, paused 7ms, total 7ms
D/dalvikvm( 1567): GC_FOR_ALLOC freed 1375K, 46% free 8475K/15468K, paused 6ms, total 6ms
D/dalvikvm( 1567): GC_FOR_ALLOC freed 1373K, 46% free 8478K/15468K, paused 7ms, total 7ms
D/dalvikvm( 1567): GC_FOR_ALLOC freed 1378K, 46% free 8475K/15468K, paused 8ms, total 8ms
D/dalvikvm( 1567): GC_FOR_ALLOC freed 1377K, 46% free 8473K/15468K, paused 7ms, total 7ms
D/dalvikvm( 1567): GC_FOR_ALLOC freed 1376K, 46% free 8472K/15468K, paused 8ms, total 8ms
D/dalvikvm( 1567): GC_FOR_ALLOC freed 1375K, 46% free 8472K/15468K, paused 7ms, total 7ms
I/NetworkScheduler.Stats( 1779): Task com.google.android.gms/com.google.android.gms.auth.account.be.legacy.AuthCronService started execution. cause:4 exec_start_elapsed_seconds: 622 [CONTEXT service_id=218 ]
W/Conscrypt( 1797): Could not set socket write timeout: java.net.SocketException: Socket closed
W/Conscrypt( 1797): 	at com.google.android.gms.org.conscrypt.Platform.setSocketWriteTimeout(:com.google.android.gms@202414005@20.24.14 (000700-319035315):2)
W/Conscrypt( 1797): 	at com.google.android.gms.org.conscrypt.ConscryptFileDescriptorSocket.setSoWriteTimeout(:com.google.android.gms@202414005@20.24.14 (000700-319035315):0)
W/Conscrypt( 1797): Could not set socket write timeout: java.net.SocketException: Socket closed
W/Conscrypt( 1797): 	at com.google.android.gms.org.conscrypt.Platform.setSocketWriteTimeout(:com.google.android.gms@202414005@20.24.14 (000700-319035315):2)
W/Conscrypt( 1797): 	at com.google.android.gms.org.conscrypt.ConscryptFileDescriptorSocket.setSoWriteTimeout(:com.google.android.gms@202414005@20.24.14 (000700-319035315):0)
W/GLSUser ( 1797): [AppCertManager] IOException while requesting key: 
W/GLSUser ( 1797): java.io.IOException: Invalid device key response.
W/GLSUser ( 1797): 	at gtl.a(:com.google.android.gms@202414005@20.24.14 (000700-319035315):49)
W/GLSUser ( 1797): 	at gtj.b(:com.google.android.gms@202414005@20.24.14 (000700-319035315):2)
W/GLSUser ( 1797): 	at gte.a(:com.google.android.gms@202414005@20.24.14 (000700-319035315):0)
W/GLSUser ( 1797): 	at gth.a(:com.google.android.gms@202414005@20.24.14 (000700-319035315):10)
W/GLSUser ( 1797): 	at eyt.call(:com.google.android.gms@202414005@20.24.14 (000700-319035315):0)
W/GLSUser ( 1797): 	at java.util.concurrent.FutureTask.run(FutureTask.java:237)
W/GLSUser ( 1797): 	at nlp.b(:com.google.android.gms@202414005@20.24.14 (000700-319035315):12)
W/GLSUser ( 1797): 	at nlp.run(:com.google.android.gms@202414005@20.24.14 (000700-319035315):7)
W/GLSUser ( 1797): 	at java.util.concurrent.ThreadPoolExecutor.runWorker(ThreadPoolExecutor.java:1112)
W/GLSUser ( 1797): 	at java.util.concurrent.ThreadPoolExecutor$Worker.run(ThreadPoolExecutor.java:587)
W/GLSUser ( 1797): 	at nrd.run(:com.google.android.gms@202414005@20.24.14 (000700-319035315):0)
W/GLSUser ( 1797): 	at java.lang.Thread.run(Thread.java:841)
I/NetworkScheduler.Stats( 1779): Task com.google.android.gms/com.google.android.gms.auth.account.be.legacy.AuthCronService finished executing. cause:4 result: 3 elapsed_millis: 205 uptime_millis: 205 exec_start_elapsed_seconds: 622 [CONTEXT service_id=218 ]
D/dalvikvm( 1815): GC_FOR_ALLOC freed 598K, 19% free 3583K/4388K, paused 3ms, total 3ms
D/dalvikvm( 1567): GC_FOR_ALLOC freed 1343K, 46% free 8503K/15468K, paused 7ms, total 7ms
D/dalvikvm( 1567): GC_FOR_ALLOC freed 1405K, 46% free 8480K/15468K, paused 8ms, total 8ms
D/dalvikvm( 1567): GC_FOR_ALLOC freed 1378K, 46% free 8478K/15468K, paused 7ms, total 7ms
D/dalvikvm( 1567): GC_FOR_ALLOC freed 1375K, 46% free 8479K/15468K, paused 7ms, total 7ms
D/dalvikvm( 1567): GC_FOR_ALLOC freed 1374K, 46% free 8481K/15468K, paused 7ms, total 7ms
D/dalvikvm( 1567): GC_FOR_ALLOC freed 1379K, 46% free 8479K/15468K, paused 8ms, total 8ms
D/dalvikvm( 1567): GC_FOR_ALLOC freed 1377K, 46% free 8478K/15468K, paused 8ms, total 8ms
D/dalvikvm( 1567): GC_FOR_ALLOC freed 1376K, 46% free 8478K/15468K, paused 8ms, total 8ms
D/dalvikvm( 1567): GC_FOR_ALLOC freed 1376K, 46% free 8478K/15468K, paused 7ms, total 7ms
D/dalvikvm( 1567): GC_FOR_ALLOC freed 1370K, 46% free 8484K/15468K, paused 7ms, total 7ms
D/dalvikvm( 1567): GC_FOR_ALLOC freed 1404K, 46% free 8453K/15468K, paused 7ms, total 7ms
D/dalvikvm( 1567): GC_FOR_ALLOC freed 1346K, 46% free 8477K/15468K, paused 7ms, total 7ms
D/dalvikvm( 1567): GC_FOR_ALLOC freed 1374K, 46% free 8479K/15468K, paused 7ms, total 7ms
D/dalvikvm( 1567): GC_FOR_ALLOC freed 1377K, 46% free 8478K/15468K, paused 7ms, total 7ms
D/dalvikvm( 1567): GC_FOR_ALLOC freed 1380K, 46% free 8472K/15468K, paused 8ms, total 8ms
D/dalvikvm( 1567): GC_FOR_ALLOC freed 1367K, 46% free 8479K/15468K, paused 8ms, total 8ms
D/dalvikvm( 1567): GC_FOR_ALLOC freed 1375K, 46% free 8480K/15468K, paused 8ms, total 8ms
D/dalvikvm( 1567): GC_FOR_ALLOC freed 1377K, 46% free 8480K/15468K, paused 7ms, total 7ms
D/dalvikvm( 1567): GC_FOR_ALLOC freed 1393K, 46% free 8456K/15468K, paused 8ms, total 8ms
D/dalvikvm( 1567): GC_FOR_ALLOC freed 1346K, 46% free 8480K/15468K, paused 7ms, total 7ms
D/dalvikvm( 1567): GC_FOR_ALLOC freed 1344K, 45% free 8512K/15468K, paused 7ms, total 7ms
D/dalvikvm( 1567): GC_FOR_ALLOC freed 1416K, 46% free 8480K/15468K, paused 7ms, total 8ms
D/dalvikvm( 1567): GC_FOR_ALLOC freed 1376K, 46% free 8480K/15468K, paused 7ms, total 7ms
D/dalvikvm( 1567): GC_FOR_ALLOC freed 1381K, 46% free 8472K/15468K, paused 8ms, total 8ms
D/dalvikvm( 1567): GC_FOR_ALLOC freed 1349K, 46% free 8497K/15468K, paused 7ms, total 7ms
D/dalvikvm( 1567): GC_FOR_ALLOC freed 1397K, 46% free 8480K/15468K, paused 7ms, total 7ms
D/dalvikvm( 1567): GC_FOR_ALLOC freed 1377K, 46% free 8480K/15468K, paused 7ms, total 7ms
D/dalvikvm( 1567): GC_FOR_ALLOC freed 1376K, 46% free 8480K/15468K, paused 8ms, total 8ms
D/ConnectivityService( 1567): Sampling interval elapsed, updating statistics ..
D/ConnectivityService( 1567): Done.
D/ConnectivityService( 1567): Setting timer for 720seconds
D/dalvikvm( 1567): GC_FOR_ALLOC freed 1372K, 46% free 8484K/15468K, paused 7ms, total 8ms
D/dalvikvm( 1567): GC_FOR_ALLOC freed 1381K, 46% free 8481K/15468K, paused 8ms, total 8ms
D/dalvikvm( 1567): GC_FOR_ALLOC freed 1378K, 46% free 8479K/15468K, paused 7ms, total 7ms
D/dalvikvm( 1567): GC_FOR_ALLOC freed 1375K, 46% free 8480K/15468K, paused 7ms, total 7ms
D/dalvikvm( 1567): GC_FOR_ALLOC freed 1377K, 46% free 8480K/15468K, paused 7ms, total 7ms
D/dalvikvm( 1567): GC_FOR_ALLOC freed 1376K, 46% free 8480K/15468K, paused 7ms, total 7ms
D/dalvikvm( 1567): GC_FOR_ALLOC freed 1378K, 46% free 8472K/15468K, paused 7ms, total 8ms
D/dalvikvm( 1567): GC_FOR_ALLOC freed 1367K, 46% free 8480K/15468K, paused 8ms, total 8ms
D/dalvikvm( 1567): GC_FOR_ALLOC freed 1375K, 46% free 8481K/15468K, paused 8ms, total 9ms
D/dalvikvm( 1567): GC_FOR_ALLOC freed 1377K, 46% free 8480K/15468K, paused 10ms, total 10ms
D/dalvikvm( 1567): GC_FOR_ALLOC freed 1376K, 46% free 8481K/15468K, paused 7ms, total 7ms
D/dalvikvm( 1567): GC_FOR_ALLOC freed 1378K, 46% free 8472K/15468K, paused 7ms, total 8ms
D/dalvikvm( 1567): GC_FOR_ALLOC freed 1367K, 46% free 8480K/15468K, paused 7ms, total 7ms
D/dalvikvm( 1567): GC_FOR_ALLOC freed 1370K, 46% free 8487K/15468K, paused 7ms, total 7ms
D/dalvikvm( 1567): GC_FOR_ALLOC freed 1386K, 46% free 8480K/15468K, paused 8ms, total 8ms
D/dalvikvm( 1567): GC_FOR_ALLOC freed 1375K, 46% free 8482K/15468K, paused 7ms, total 7ms
D/dalvikvm( 1567): GC_FOR_ALLOC freed 1378K, 46% free 8481K/15468K, paused 8ms, total 8ms
D/dalvikvm( 1567): GC_FOR_ALLOC freed 1378K, 46% free 8480K/15468K, paused 7ms, total 8ms
D/dalvikvm( 1567): GC_FOR_ALLOC freed 1376K, 46% free 8481K/15468K, paused 8ms, total 8ms
D/dalvikvm( 1567): GC_FOR_ALLOC freed 1359K, 46% free 8499K/15468K, paused 7ms, total 7ms
D/dalvikvm( 1567): GC_FOR_ALLOC freed 1399K, 46% free 8481K/15468K, paused 7ms, total 7ms
D/dalvikvm( 1567): GC_FOR_ALLOC freed 1376K, 46% free 8482K/15468K, paused 7ms, total 8ms
D/dalvikvm( 1567): GC_FOR_ALLOC freed 1378K, 46% free 8481K/15468K, paused 8ms, total 8ms
D/dalvikvm( 1567): GC_FOR_ALLOC freed 1389K, 46% free 8457K/15468K, paused 8ms, total 8ms
D/dalvikvm( 1567): GC_FOR_ALLOC freed 1348K, 46% free 8480K/15468K, paused 7ms, total 7ms
D/dalvikvm( 1567): GC_FOR_ALLOC freed 1374K, 46% free 8483K/15468K, paused 7ms, total 7ms
D/dalvikvm( 1567): GC_FOR_ALLOC freed 1378K, 46% free 8482K/15468K, paused 7ms, total 7ms
D/dalvikvm( 1567): GC_FOR_ALLOC freed 1377K, 46% free 8481K/15468K, paused 8ms, total 8ms
D/dalvikvm( 1567): GC_FOR_ALLOC freed 1377K, 46% free 8481K/15468K, paused 7ms, total 7ms
D/dalvikvm( 1567): GC_FOR_ALLOC freed 1376K, 46% free 8481K/15468K, paused 7ms, total 7ms
D/dalvikvm( 1567): GC_FOR_ALLOC freed 1377K, 46% free 8481K/15468K, paused 7ms, total 7ms
D/dalvikvm( 1567): GC_FOR_ALLOC freed 1359K, 46% free 8498K/15468K, paused 7ms, total 7ms
D/dalvikvm( 1567): GC_FOR_ALLOC freed 1398K, 46% free 8481K/15468K, paused 7ms, total 7ms
D/dalvikvm( 1567): GC_FOR_ALLOC freed 1376K, 46% free 8481K/15468K, paused 7ms, total 7ms
I/NetworkScheduler.Stats( 1779): Task com.google.android.gms/com.google.android.gms.checkin.CheckinService started execution. cause:4 exec_start_elapsed_seconds: 1017 [CONTEXT service_id=218 ]
I/NetworkScheduler.Stats( 1779): Task com.google.android.gms/com.google.android.gms.checkin.CheckinService finished executing. cause:4 result: 3 elapsed_millis: 9 uptime_millis: 9 exec_start_elapsed_seconds: 1017 [CONTEXT service_id=218 ]
D/dalvikvm( 1567): GC_FOR_ALLOC freed 1373K, 46% free 8485K/15468K, paused 7ms, total 7ms
D/dalvikvm( 1567): GC_FOR_ALLOC freed 1380K, 46% free 8483K/15468K, paused 7ms, total 7ms
D/dalvikvm( 1567): GC_FOR_ALLOC freed 1377K, 46% free 8483K/15468K, paused 7ms, total 7ms
D/dalvikvm( 1567): GC_FOR_ALLOC freed 1378K, 46% free 8482K/15468K, paused 8ms, total 8ms
D/dalvikvm( 1567): GC_FOR_ALLOC freed 1379K, 46% free 8475K/15468K, paused 8ms, total 8ms
D/dalvikvm( 1567): GC_FOR_ALLOC freed 1368K, 46% free 8482K/15468K, paused 7ms, total 7ms
D/dalvikvm( 1567): GC_FOR_ALLOC freed 1376K, 46% free 8483K/15468K, paused 7ms, total 7ms
D/dalvikvm( 1567): GC_FOR_ALLOC freed 1377K, 46% free 8483K/15468K, paused 7ms, total 7ms
D/dalvikvm( 1567): GC_FOR_ALLOC freed 1378K, 46% free 8482K/15468K, paused 7ms, total 7ms
D/EGL_emulation( 1941): eglMakeCurrent: 0xb8f07280: ver 3 0
D/        ( 1145): HostConnection::get() New Host Connection established 0xb8009b40, tid 2898
D/gralloc_ranchu( 1145): gralloc_alloc: Creating ashmem region of size 1134592
W/InputMethodManagerService( 1567): Window already focused, ignoring focus gain of: com.android.internal.view.IInputMethodClient$Stub$Proxy@9d307a20 attribute=null, token = android.os.BinderProxy@9daeda50
D/EGL_emulation( 1941): eglMakeCurrent: 0xb8f07280: ver 3 0
D/dalvikvm( 1941): GC_FOR_ALLOC freed 1741K, 8% free 25132K/27088K, paused 2ms, total 3ms
I/dalvikvm-heap( 1941): Grow heap (frag case) to 31.850MB for 7464972-byte allocation
D/dalvikvm( 1941): GC_FOR_ALLOC freed 10K, 6% free 32411K/34380K, paused 2ms, total 2ms
E/SoundPool( 1567): error loading /system/media/audio/ui/Effect_Tick.ogg
W/AudioService( 1567): Soundpool could not load file: /system/media/audio/ui/Effect_Tick.ogg
E/SoundPool( 1567): error loading /system/media/audio/ui/Effect_Tick.ogg
W/AudioService( 1567): Soundpool could not load file: /system/media/audio/ui/Effect_Tick.ogg
E/SoundPool( 1567): error loading /system/media/audio/ui/Effect_Tick.ogg
W/AudioService( 1567): Soundpool could not load file: /system/media/audio/ui/Effect_Tick.ogg
E/SoundPool( 1567): error loading /system/media/audio/ui/Effect_Tick.ogg
W/AudioService( 1567): Soundpool could not load file: /system/media/audio/ui/Effect_Tick.ogg
E/SoundPool( 1567): error loading /system/media/audio/ui/Effect_Tick.ogg
W/AudioService( 1567): Soundpool could not load file: /system/media/audio/ui/Effect_Tick.ogg
E/SoundPool( 1567): error loading /system/media/audio/ui/KeypressStandard.ogg
W/AudioService( 1567): Soundpool could not load file: /system/media/audio/ui/KeypressStandard.ogg
E/SoundPool( 1567): error loading /system/media/audio/ui/KeypressSpacebar.ogg
W/AudioService( 1567): Soundpool could not load file: /system/media/audio/ui/KeypressSpacebar.ogg
E/SoundPool( 1567): error loading /system/media/audio/ui/KeypressDelete.ogg
W/AudioService( 1567): Soundpool could not load file: /system/media/audio/ui/KeypressDelete.ogg
E/SoundPool( 1567): error loading /system/media/audio/ui/KeypressReturn.ogg
W/AudioService( 1567): Soundpool could not load file: /system/media/audio/ui/KeypressReturn.ogg
E/SoundPool( 1567): error loading /system/media/audio/ui/KeypressInvalid.ogg
W/AudioService( 1567): Soundpool could not load file: /system/media/audio/ui/KeypressInvalid.ogg
W/AudioService( 1567): onLoadSoundEffects(), Error -1 while loading samples
D/dalvikvm( 1941): GC_FOR_ALLOC freed 7305K, 27% free 25110K/34380K, paused 3ms, total 3ms
I/dalvikvm-heap( 1941): Grow heap (frag case) to 31.829MB for 7464972-byte allocation
D/dalvikvm( 1941): GC_FOR_ALLOC freed <1K, 6% free 32400K/34380K, paused 3ms, total 3ms
D/AndroidRuntime( 7258): 
D/AndroidRuntime( 7258): >>>>>> AndroidRuntime START com.android.internal.os.RuntimeInit <<<<<<
W/linker  ( 7258): libdvm.so has text relocations. This is wasting memory and is a security risk. Please fix.
D/AndroidRuntime( 7258): CheckJNI is ON
D/dalvikvm( 7258): Trying to load lib libjavacore.so 0x0
D/dalvikvm( 7258): Added shared lib libjavacore.so 0x0
D/dalvikvm( 7258): Trying to load lib libnativehelper.so 0x0
D/dalvikvm( 7258): Added shared lib libnativehelper.so 0x0
D/dalvikvm( 7258): No JNI_OnLoad found in libnativehelper.so 0x0, skipping init
D/dalvikvm( 7258): Note: class Landroid/app/ActivityManagerNative; has 179 unimplemented (abstract) methods
E/memtrack( 7258): Couldn't load memtrack module (No such file or directory)
E/android.os.Debug( 7258): failed to load memtrack module: -2
D/AndroidRuntime( 7258): Calling main entry com.android.commands.pm.Pm
D/AndroidRuntime( 7258): Shutting down VM
D/dalvikvm( 7258): GC_CONCURRENT freed 92K, 15% free 547K/644K, paused 0ms+0ms, total 0ms
D/AndroidRuntime( 7269): 
D/AndroidRuntime( 7269): >>>>>> AndroidRuntime START com.android.internal.os.RuntimeInit <<<<<<
W/linker  ( 7269): libdvm.so has text relocations. This is wasting memory and is a security risk. Please fix.
D/AndroidRuntime( 7269): CheckJNI is ON
D/dalvikvm( 7269): Trying to load lib libjavacore.so 0x0
D/dalvikvm( 7269): Added shared lib libjavacore.so 0x0
D/dalvikvm( 7269): Trying to load lib libnativehelper.so 0x0
D/dalvikvm( 7269): Added shared lib libnativehelper.so 0x0
D/dalvikvm( 7269): No JNI_OnLoad found in libnativehelper.so 0x0, skipping init
D/dalvikvm( 7269): Note: class Landroid/app/ActivityManagerNative; has 179 unimplemented (abstract) methods
E/memtrack( 7269): Couldn't load memtrack module (No such file or directory)
E/android.os.Debug( 7269): failed to load memtrack module: -2
D/AndroidRuntime( 7269): Calling main entry com.android.commands.pm.Pm
D/AndroidRuntime( 7269): Shutting down VM
D/dalvikvm( 7269): GC_CONCURRENT freed 93K, 15% free 557K/652K, paused 0ms+0ms, total 1ms
D/AndroidRuntime( 7280): 
D/AndroidRuntime( 7280): >>>>>> AndroidRuntime START com.android.internal.os.RuntimeInit <<<<<<
W/linker  ( 7280): libdvm.so has text relocations. This is wasting memory and is a security risk. Please fix.
D/AndroidRuntime( 7280): CheckJNI is ON
D/dalvikvm( 7280): Trying to load lib libjavacore.so 0x0
D/dalvikvm( 7280): Added shared lib libjavacore.so 0x0
D/dalvikvm( 7280): Trying to load lib libnativehelper.so 0x0
D/dalvikvm( 7280): Added shared lib libnativehelper.so 0x0
D/dalvikvm( 7280): No JNI_OnLoad found in libnativehelper.so 0x0, skipping init
D/dalvikvm( 7280): Note: class Landroid/app/ActivityManagerNative; has 179 unimplemented (abstract) methods
E/memtrack( 7280): Couldn't load memtrack module (No such file or directory)
E/android.os.Debug( 7280): failed to load memtrack module: -2
D/AndroidRuntime( 7280): Calling main entry com.android.commands.pm.Pm
I/ActivityManager( 1567): Force stopping it.unina.android.ripper appid=10059 user=0: clear data
D/keystore( 1150): calling clear_uid in state: 3
I/GeofencerStateMachine( 1779): removeGeofences: removeRequest=RemoveGeofencingRequest[REMOVE_ALL packageName=it.unina.android.ripper]
I/ActivityManager( 1567): Start proc com.android.documentsui for broadcast com.android.documentsui/.PackageReceiver: pid=7294 uid=10025 gids={50025}
I/PackageManager( 1567): Running dexopt on: com.android.documentsui
D/AndroidRuntime( 7280): Shutting down VM
D/dalvikvm( 7280): GC_CONCURRENT freed 92K, 15% free 549K/644K, paused 0ms+0ms, total 1ms
W/linker  ( 7311): libdvm.so has text relocations. This is wasting memory and is a security risk. Please fix.
D/dalvikvm( 7311): DexOpt: load 5ms, verify+opt 17ms, 925708 bytes
I/Icing   ( 2083): doRemovePackageData it.unina.android.ripper
D/Documents( 7294): Loading roots for com.android.providers.downloads.documents
D/Documents( 7294): Loading roots for com.android.externalstorage.documents
D/dalvikvm( 2083): GC_FOR_ALLOC freed 2098K, 16% free 20829K/24564K, paused 36ms, total 36ms
I/ActivityManager( 1567): Start proc com.android.externalstorage for content provider com.android.externalstorage/.ExternalStorageProvider: pid=7317 uid=10006 gids={50006, 1028, 1015, 1023}
I/ActivityManager( 1567): Killing 1826:com.android.settings/1000 (adj 15): empty #17
D/ExternalStorage( 7317): After updating volumes, found 1 active roots
D/Documents( 7294): Updating roots due to change at content://com.android.externalstorage.documents/root
D/Documents( 7294): Loading roots for com.android.providers.media.documents
D/Documents( 7294): Update found 6 roots in 38ms
D/Documents( 7294): Used cached roots for com.android.providers.downloads.documents
D/Documents( 7294): Loading roots for com.android.externalstorage.documents
I/Fitness ( 1779): FitCleanupIntentOperation received Intent android.intent.action.PACKAGE_DATA_CLEARED [CONTEXT service_id=17 ]
D/Documents( 7294): Used cached roots for com.android.providers.media.documents
D/Documents( 7294): Update found 6 roots in 5ms
D/AndroidRuntime( 7335): 
D/AndroidRuntime( 7335): >>>>>> AndroidRuntime START com.android.internal.os.RuntimeInit <<<<<<
W/linker  ( 7335): libdvm.so has text relocations. This is wasting memory and is a security risk. Please fix.
D/AndroidRuntime( 7335): CheckJNI is ON
D/dalvikvm( 7335): Trying to load lib libjavacore.so 0x0
D/dalvikvm( 7335): Added shared lib libjavacore.so 0x0
D/dalvikvm( 7335): Trying to load lib libnativehelper.so 0x0
D/dalvikvm( 7335): Added shared lib libnativehelper.so 0x0
D/dalvikvm( 7335): No JNI_OnLoad found in libnativehelper.so 0x0, skipping init
D/dalvikvm( 7335): Note: class Landroid/app/ActivityManagerNative; has 179 unimplemented (abstract) methods
E/memtrack( 7335): Couldn't load memtrack module (No such file or directory)
E/android.os.Debug( 7335): failed to load memtrack module: -2
D/AndroidRuntime( 7335): Calling main entry com.android.commands.pm.Pm
I/ActivityManager( 1567): Force stopping it.unina.android.ripper appid=10059 user=-1: uninstall pkg
W/PackageManager( 1567): Couldn't delete native library directory /data/app-lib/it.unina.android.ripper
D/dalvikvm( 1567): GC_FOR_ALLOC freed 1267K, 45% free 8591K/15468K, paused 7ms, total 7ms
D/keystore( 1150): calling clear_uid in state: 3
I/InputReader( 1567): Reconfiguring input devices.  changes=0x00000010
I/GeofencerStateMachine( 1779): removeGeofences: removeRequest=RemoveGeofencingRequest[REMOVE_ALL packageName=it.unina.android.ripper]
W/Launcher.Model( 2599): Nobody to tell about the new app.  Launcher is probably loading.
I/ActivityManager( 1567): Force stopping it.unina.android.ripper appid=10059 user=0: pkg removed
I/PackageManager( 1567):   Action: "android.intent.action.SENDTO"
I/PackageManager( 1567):   Category: "android.intent.category.DEFAULT"
I/PackageManager( 1567):   Scheme: "sms"
D/VoicemailCleanupService( 1869): Cleaning up data for package: it.unina.android.ripper
D/Documents( 7294): Used cached roots for com.android.providers.downloads.documents
I/PackageManager( 1567):   Action: "android.intent.action.SENDTO"
I/PackageManager( 1567):   Category: "android.intent.category.DEFAULT"
I/PackageManager( 1567):   Scheme: "smsto"
D/Documents( 7294): Used cached roots for com.android.externalstorage.documents
I/PackageManager( 1567): Adding preferred activity ComponentInfo{com.android.mms/com.android.mms.ui.ComposeMessageActivity} for user 0 :
I/PackageManager( 1567): Adding preferred activity ComponentInfo{com.android.mms/com.android.mms.ui.ComposeMessageActivity} for user 0 :
D/Documents( 7294): Used cached roots for com.android.providers.media.documents
D/Documents( 7294): Update found 6 roots in 8ms
I/PackageManager( 1567):   Action: "android.intent.action.SENDTO"
I/PackageManager( 1567):   Category: "android.intent.category.DEFAULT"
I/PackageManager( 1567):   Scheme: "mms"
I/PackageManager( 1567): Adding preferred activity ComponentInfo{com.android.mms/com.android.mms.ui.ComposeMessageActivity} for user 0 :
I/PackageManager( 1567):   Action: "android.intent.action.SENDTO"
I/PackageManager( 1567):   Category: "android.intent.category.DEFAULT"
I/PackageManager( 1567):   Scheme: "mmsto"
I/ActivityManager( 1567): Delay finish: com.google.android.gms/.games.chimera.GamesSystemBroadcastReceiverProxy
I/PackageManager( 1567): Adding preferred activity ComponentInfo{com.android.mms/com.android.mms.ui.ComposeMessageActivity} for user 0 :
D/dalvikvm( 1815): GC_FOR_ALLOC freed 425K, 17% free 3667K/4388K, paused 2ms, total 2ms
I/PackageManager( 1567):   Action: "android.intent.action.SENDTO"
I/PackageManager( 1567):   Category: "android.intent.category.DEFAULT"
I/PackageManager( 1567):   Scheme: "sms"
D/BackupManagerService( 1567): Received broadcast Intent { act=android.intent.action.PACKAGE_REMOVED dat=package:it.unina.android.ripper flg=0x4000010 (has extras) }
V/BackupManagerService( 1567): removePackageParticipantsLocked: uid=10059 #1
I/ActivityManager( 1567): Resuming delayed broadcast
I/PackageManager( 1567): Adding preferred activity ComponentInfo{com.android.mms/com.android.mms.ui.ComposeMessageActivity} for user 0 :
I/PackageManager( 1567):   Action: "android.intent.action.SENDTO"
I/PackageManager( 1567):   Category: "android.intent.category.DEFAULT"
I/PackageManager( 1567):   Scheme: "smsto"
I/PackageManager( 1567): Adding preferred activity ComponentInfo{com.android.mms/com.android.mms.ui.ComposeMessageActivity} for user 0 :
I/PackageManager( 1567):   Action: "android.intent.action.SENDTO"
I/PackageManager( 1567):   Category: "android.intent.category.DEFAULT"
I/PackageManager( 1567):   Scheme: "mms"
I/PackageManager( 1567): Adding preferred activity ComponentInfo{com.android.mms/com.android.mms.ui.ComposeMessageActivity} for user 0 :
D/dalvikvm( 1567): GC_EXPLICIT freed 1216K, 44% free 8744K/15468K, paused 7ms+2ms, total 39ms
D/AndroidRuntime( 7335): Shutting down VM
D/dalvikvm( 7335): GC_CONCURRENT freed 92K, 15% free 549K/644K, paused 0ms+0ms, total 1ms
I/ActivityManager( 1567): Delay finish: com.google.android.googlequicksearchbox/com.google.android.searchcommon.summons.icing.InternalIcingCorporaProvider$CorporaChangedReceiver
D/dalvikvm( 1815): GC_FOR_ALLOC freed 376K, 17% free 3664K/4388K, paused 4ms, total 4ms
I/PackageManager( 1567):   Action: "android.intent.action.SENDTO"
I/PackageManager( 1567):   Category: "android.intent.category.DEFAULT"
I/PackageManager( 1567):   Scheme: "mmsto"
I/Icing.InternalIcingCorporaProvider( 2346): Updating corpora: A: it.unina.android.ripper, C: MAYBE
I/PackageManager( 1567): Adding preferred activity ComponentInfo{com.android.mms/com.android.mms.ui.ComposeMessageActivity} for user 0 :
W/ContextImpl( 2346): Implicit intents with startService are not safe: Intent { act=com.google.android.gms.icing.INDEX_SERVICE } android.content.ContextWrapper.bindService:517 com.google.android.gms.internal.av.a:-1 com.google.android.gms.internal.au.connect:-1 
I/Icing   ( 2083): doRemovePackageData it.unina.android.ripper
D/dalvikvm( 1779): GC_FOR_ALLOC freed 2370K, 26% free 9938K/13288K, paused 41ms, total 41ms
I/Icing   ( 2083): IndexChimeraService.getServiceInterface callingPackage=com.google.android.gms componentName=AppsCorpus serviceId=36
I/Icing   ( 2083): IndexChimeraService.getServiceInterface callingPackage=com.google.android.googlequicksearchbox componentName=null serviceId=21
I/LatinIME:LogUtils( 1765): Dictionary info: dictionary = main:en ; version = 42 ; date = 1381226516
I/Fitness ( 1779): FitCleanupIntentOperation received Intent android.intent.action.PACKAGE_REMOVED [CONTEXT service_id=17 ]
W/Icing.InternalIcingCorporaProvider( 2346): Application table change notification failed.
D/dalvikvm( 1797): GC_FOR_ALLOC freed 1179K, 20% free 6426K/7968K, paused 3ms, total 3ms
I/DownloadManager( 1856): Download 7 starting
W/DownloadManager( 1856): Aborting request for download 7: TYPE_DISALLOWED_BY_REQUESTOR
E/ConnectivityChangeRecei( 2083): Ignoring connectivity change
I/DownloadManager( 1856): Download 7 finished with status WAITING_FOR_NETWORK
D/dalvikvm( 2083): GC_FOR_ALLOC freed 1783K, 15% free 21093K/24564K, paused 16ms, total 16ms
W/DriveInitializer( 2083): Awaiting to be initialized
D/AndroidRuntime( 7363): 
D/AndroidRuntime( 7363): >>>>>> AndroidRuntime START com.android.internal.os.RuntimeInit <<<<<<
W/linker  ( 7363): libdvm.so has text relocations. This is wasting memory and is a security risk. Please fix.
D/AndroidRuntime( 7363): CheckJNI is ON
D/dalvikvm( 7363): Trying to load lib libjavacore.so 0x0
D/dalvikvm( 7363): Added shared lib libjavacore.so 0x0
D/dalvikvm( 7363): Trying to load lib libnativehelper.so 0x0
D/dalvikvm( 7363): Added shared lib libnativehelper.so 0x0
D/dalvikvm( 7363): No JNI_OnLoad found in libnativehelper.so 0x0, skipping init
D/dalvikvm( 7363): Note: class Landroid/app/ActivityManagerNative; has 179 unimplemented (abstract) methods
W/Icing   ( 2083): No valid account for uploading user actions
E/memtrack( 7363): Couldn't load memtrack module (No such file or directory)
E/android.os.Debug( 7363): failed to load memtrack module: -2
I/Icing   ( 2083): Usage reports ok 0, Failed Usage reports 0, indexed 0, rejected 0
W/Icing   ( 2083): No valid account for uploading user actions
I/Icing   ( 2083): Usage reports ok 0, Failed Usage reports 0, indexed 0, rejected 0
I/Icing   ( 2083): IndexChimeraService.getServiceInterface callingPackage=com.google.android.gms componentName=null serviceId=30
D/AndroidRuntime( 7363): Calling main entry com.android.commands.pm.Pm
D/AndroidRuntime( 7363): Shutting down VM
W/Icing   ( 2083): No valid account for uploading user actions
D/dalvikvm( 7363): GC_CONCURRENT freed 93K, 15% free 557K/652K, paused 0ms+0ms, total 0ms
I/Icing   ( 2083): Usage reports ok 0, Failed Usage reports 0, indexed 0, rejected 0
I/Icing   ( 2083): Indexing com.google.android.gms-apps from com.google.android.gms
I/Icing   ( 2083): Indexing done com.google.android.gms-apps
I/ContentMaintenance( 2083): Internal cache bytes used: 0; limit: 39526809; download size: 0
I/RealtimeCacheCleanup( 2083): Beginning Realtime garbage collection.
I/RealtimeCacheCleanup( 2083): Finished Realtime garbage collection.
D/AndroidRuntime( 7375): 
D/AndroidRuntime( 7375): >>>>>> AndroidRuntime START com.android.internal.os.RuntimeInit <<<<<<
W/linker  ( 7375): libdvm.so has text relocations. This is wasting memory and is a security risk. Please fix.
D/AndroidRuntime( 7375): CheckJNI is ON
D/dalvikvm( 7375): Trying to load lib libjavacore.so 0x0
D/dalvikvm( 7375): Added shared lib libjavacore.so 0x0
D/dalvikvm( 7375): Trying to load lib libnativehelper.so 0x0
D/dalvikvm( 7375): Added shared lib libnativehelper.so 0x0
D/dalvikvm( 7375): No JNI_OnLoad found in libnativehelper.so 0x0, skipping init
D/dalvikvm( 7375): Note: class Landroid/app/ActivityManagerNative; has 179 unimplemented (abstract) methods
I/PinnedContentDownloader( 2083): Finished downloading pinned content.
E/memtrack( 7375): Couldn't load memtrack module (No such file or directory)
E/android.os.Debug( 7375): failed to load memtrack module: -2
D/AndroidRuntime( 7375): Calling main entry com.android.commands.pm.Pm
I/GeofencerStateMachine( 1779): removeGeofences: removeRequest=RemoveGeofencingRequest[REMOVE_ALL packageName=it.unina.android.ripper_service]
D/keystore( 1150): calling clear_uid in state: 3
D/Documents( 7294): Used cached roots for com.android.providers.downloads.documents
D/Documents( 7294): Used cached roots for com.android.externalstorage.documents
D/Documents( 7294): Used cached roots for com.android.providers.media.documents
D/Documents( 7294): Update found 6 roots in 1ms
I/ActivityManager( 1567): Force stopping it.unina.android.ripper_service appid=10057 user=0: clear data
I/ActivityManager( 1567): Killing 2464:it.unina.android.ripper_service:android_ripper_service_process/u0a57 (adj 5): stop it.unina.android.ripper_service
I/ActivityManager( 1567):   Force stopping service ServiceRecord{9da2b2b0 u0 it.unina.android.ripper_service/.AndroidRipperService}
D/AndroidRuntime( 7375): Shutting down VM
D/dalvikvm( 7375): GC_CONCURRENT freed 93K, 15% free 549K/644K, paused 1ms+0ms, total 1ms
D/dalvikvm( 1779): GC_FOR_ALLOC freed 2218K, 27% free 9767K/13288K, paused 8ms, total 8ms
W/Launcher( 2599): setApplicationContext called twice! old=com.google.android.velvet.VelvetApplication@9d02d648 new=com.google.android.velvet.VelvetApplication@9d02d648
I/ActivityManager( 1567): Resuming delayed broadcast
I/ActivityManager( 1567): Start proc com.android.keychain for broadcast com.android.keychain/.KeyChainBroadcastReceiver: pid=7392 uid=1000 gids={41000, 1028, 1015, 3002, 3001, 3003}
I/PackageManager( 1567): Running dexopt on: com.android.keychain
W/linker  ( 7405): libdvm.so has text relocations. This is wasting memory and is a security risk. Please fix.
D/dalvikvm( 7405): DexOpt: load 1ms, verify+opt 5ms, 392148 bytes
W/ContextImpl( 7392): Calling a method in the system process without a qualified user: android.app.ContextImpl.startService:1479 android.content.ContextWrapper.startService:494 android.content.ContextWrapper.startService:494 com.android.keychain.KeyChainBroadcastReceiver.onReceive:12 android.app.ActivityThread.handleReceiver:2419 
I/ActivityManager( 1567): Delay finish: com.android.keychain/.KeyChainBroadcastReceiver
I/ActivityManager( 1567): Resuming delayed broadcast
I/ActivityManager( 1567): Killing 2913:com.svox.pico/u0a41 (adj 15): empty #17
D/dalvikvm( 7294): GC_CONCURRENT freed 300K, 14% free 3086K/3588K, paused 2ms+0ms, total 3ms
I/Icing   ( 2083): doRemovePackageData it.unina.android.ripper_service
I/Fitness ( 1779): FitCleanupIntentOperation received Intent android.intent.action.PACKAGE_DATA_CLEARED [CONTEXT service_id=17 ]
D/AndroidRuntime( 7413): 
D/AndroidRuntime( 7413): >>>>>> AndroidRuntime START com.android.internal.os.RuntimeInit <<<<<<
W/linker  ( 7413): libdvm.so has text relocations. This is wasting memory and is a security risk. Please fix.
D/AndroidRuntime( 7413): CheckJNI is ON
D/dalvikvm( 7413): Trying to load lib libjavacore.so 0x0
D/dalvikvm( 7413): Added shared lib libjavacore.so 0x0
D/dalvikvm( 7413): Trying to load lib libnativehelper.so 0x0
D/dalvikvm( 7413): Added shared lib libnativehelper.so 0x0
D/dalvikvm( 7413): No JNI_OnLoad found in libnativehelper.so 0x0, skipping init
D/dalvikvm( 7413): Note: class Landroid/app/ActivityManagerNative; has 179 unimplemented (abstract) methods
E/memtrack( 7413): Couldn't load memtrack module (No such file or directory)
E/android.os.Debug( 7413): failed to load memtrack module: -2
D/AndroidRuntime( 7413): Calling main entry com.android.commands.pm.Pm
I/ActivityManager( 1567): Force stopping it.unina.android.ripper_service appid=10057 user=-1: uninstall pkg
W/PackageManager( 1567): Couldn't delete native library directory /data/app-lib/it.unina.android.ripper_service
D/dalvikvm( 1567): GC_FOR_ALLOC freed 1575K, 45% free 8606K/15468K, paused 7ms, total 7ms
D/keystore( 1150): calling clear_uid in state: 3
I/GeofencerStateMachine( 1779): removeGeofences: removeRequest=RemoveGeofencingRequest[REMOVE_ALL packageName=it.unina.android.ripper_service]
I/ActivityManager( 1567): Force stopping it.unina.android.ripper_service appid=10057 user=0: pkg removed
I/InputReader( 1567): Reconfiguring input devices.  changes=0x00000010
W/Launcher.Model( 2599): Nobody to tell about the new app.  Launcher is probably loading.
I/PackageManager( 1567):   Action: "android.intent.action.SENDTO"
