W/Launcher.LauncherProvider( 1944): 	at com.android.launcher2.LauncherProvider$DatabaseHelper.loadFavorites(LauncherProvider.java:843)
W/Launcher.LauncherProvider( 1944): 	at com.android.launcher2.LauncherProvider$DatabaseHelper.access$000(LauncherProvider.java:233)
W/Launcher.LauncherProvider( 1944): 	at com.android.launcher2.LauncherProvider.loadDefaultFavoritesIfNecessary(LauncherProvider.java:228)
W/Launcher.LauncherProvider( 1944): 	at com.android.launcher2.LauncherModel$LoaderTask.loadWorkspace(LauncherModel.java:1263)
W/Launcher.LauncherProvider( 1944): 	at com.android.launcher2.LauncherModel$LoaderTask.loadAndBindWorkspace(LauncherModel.java:1005)
W/Launcher.LauncherProvider( 1944): 	at com.android.launcher2.LauncherModel$LoaderTask.run(LauncherModel.java:1111)
W/Launcher.LauncherProvider( 1944): 	at android.os.Handler.handleCallback(Handler.java:733)
W/Launcher.LauncherProvider( 1944): 	at android.os.Handler.dispatchMessage(Handler.java:95)
W/Launcher.LauncherProvider( 1944): 	at android.os.Looper.loop(Looper.java:136)
W/Launcher.LauncherProvider( 1944): 	at android.os.HandlerThread.run(HandlerThread.java:61)
W/Launcher.LauncherProvider( 1944): Unable to add favorite: com.android.gallery3d/com.android.gallery3d.app.Gallery
W/Launcher.LauncherProvider( 1944): android.content.pm.PackageManager$NameNotFoundException: ComponentInfo{com.android.gallery3d/com.android.gallery3d.app.Gallery}
W/Launcher.LauncherProvider( 1944): 	at android.app.ApplicationPackageManager.getActivityInfo(ApplicationPackageManager.java:242)
W/Launcher.LauncherProvider( 1944): 	at com.android.launcher2.LauncherProvider$DatabaseHelper.addAppShortcut(LauncherProvider.java:939)
W/Launcher.LauncherProvider( 1944): 	at com.android.launcher2.LauncherProvider$DatabaseHelper.loadFavorites(LauncherProvider.java:843)
W/Launcher.LauncherProvider( 1944): 	at com.android.launcher2.LauncherProvider$DatabaseHelper.access$000(LauncherProvider.java:233)
W/Launcher.LauncherProvider( 1944): 	at com.android.launcher2.LauncherProvider.loadDefaultFavoritesIfNecessary(LauncherProvider.java:228)
W/Launcher.LauncherProvider( 1944): 	at com.android.launcher2.LauncherModel$LoaderTask.loadWorkspace(LauncherModel.java:1263)
W/Launcher.LauncherProvider( 1944): 	at com.android.launcher2.LauncherModel$LoaderTask.loadAndBindWorkspace(LauncherModel.java:1005)
W/Launcher.LauncherProvider( 1944): 	at com.android.launcher2.LauncherModel$LoaderTask.run(LauncherModel.java:1111)
W/Launcher.LauncherProvider( 1944): 	at android.os.Handler.handleCallback(Handler.java:733)
W/Launcher.LauncherProvider( 1944): 	at android.os.Handler.dispatchMessage(Handler.java:95)
W/Launcher.LauncherProvider( 1944): 	at android.os.Looper.loop(Looper.java:136)
W/Launcher.LauncherProvider( 1944): 	at android.os.HandlerThread.run(HandlerThread.java:61)
I/ContactsProvider( 1869): Upgrading aggregation algorithm
W/linker  ( 2037): libdvm.so has text relocations. This is wasting memory and is a security risk. Please fix.
I/ContactAggregator( 1869): Marked all visible contacts for aggregation: 0 raw contacts, 0 ms
D/dalvikvm( 1655): GC_FOR_ALLOC freed 17576K, 67% free 8864K/26672K, paused 5ms, total 6ms
I/dalvikvm-heap( 1655): Grow heap (frag case) to 11.766MB for 3072012-byte allocation
I/DownloadManager( 1845): Download 4 starting
W/DownloadManager( 1845): Aborting request for download 4: NO_CONNECTION
D/dalvikvm( 1655): GC_FOR_ALLOC freed 4K, 56% free 11859K/26672K, paused 4ms, total 4ms
D/dalvikvm( 1655): GC_FOR_ALLOC freed <1K, 56% free 11859K/26672K, paused 3ms, total 3ms
I/ContactsProvider( 1869): Aggregation algorithm upgraded for 0 raw contacts in 74ms
I/DownloadManager( 1845): Download 4 finished with status WAITING_FOR_NETWORK
I/dalvikvm-heap( 1655): Grow heap (frag case) to 26.615MB for 15575052-byte allocation
D/dalvikvm( 1655): GC_FOR_ALLOC freed 0K, 36% free 27069K/41884K, paused 4ms, total 4ms
I/ContactsFTS( 1869): Rebuild contact search index in 94ms, 0 contacts
D/gralloc_ranchu( 1144): gralloc_alloc: Creating ashmem region of size 15577088
D/        ( 1144): HostConnection::get() New Host Connection established 0xb8468860, tid 2021
I/Choreographer( 1655): Skipped 30 frames!  The application may be doing too much work on its main thread.
D/dalvikvm( 2037): DexOpt: load 65ms, verify+opt 233ms, 3355068 bytes
I/ContactDirectoryManager( 1869): deleted 0 stale rows which don't have any relevant directory
I/Choreographer( 1944): Skipped 32 frames!  The application may be doing too much work on its main thread.
D/MccTable( 1812): updateMccMncConfiguration: mcc=310, mnc=260
D/MccTable( 1812): getLocaleFromMcc to en_us mcc=310
D/MccTable( 1812): getLocaleForLanguageCountry: got match
D/MccTable( 1812): getLocaleForLanguageCountry: X locale=en_US
D/MccTable( 1812): WIFI_COUNTRY_CODE set to us
I/MultiDex( 1776): Renaming to /data/data/com.google.android.gms/code_cache/secondary-dexes/PrebuiltGmsCore.apk.classes2.zip
I/LatinIME:LogUtils( 1763): Dictionary info: dictionary = main:en ; version = 42 ; date = 1381226516
I/MultiDex( 1776): Extraction succeeded '/data/data/com.google.android.gms/code_cache/secondary-dexes/PrebuiltGmsCore.apk.classes2.zip': length 3623385 - crc: 3535609393
I/WifiService( 1569): WifiService trying to set country code to us with persist set to true
I/MultiDex( 1776): Extraction is needed for file /data/data/com.google.android.gms/code_cache/secondary-dexes/PrebuiltGmsCore.apk.classes3.zip
I/MultiDex( 1776): Extracting /data/data/com.google.android.gms/code_cache/secondary-dexes/tmp-PrebuiltGmsCore.apk.classes-463628767.zip
D/PermissionCache( 1144): checking android.permission.READ_FRAME_BUFFER for uid=1000 => granted (34 us)
D/gralloc_ranchu( 1144): gralloc_alloc: Creating ashmem region of size 8294400
D/MccTable( 1812): updateMccMncConfiguration updateConfig config={1.0 310mcc260mnc en_US ldltr ?swdp ?wdp ?hdp ?density ?lsize ?long ?orien ?uimode ?night ?touch ?keyb/?/? ?nav/?}
I/ActivityManager( 1569): Config changes=3 {1.0 310mcc260mnc en_US ldltr sw411dp w411dp h658dp 420dpi nrml port finger qwerty/v/v dpad/v s.5}
D/EGL_emulation( 1655): eglMakeCurrent: 0xb8ca88c0: ver 3 0
D/EGL_emulation( 1655): eglMakeCurrent: 0xb8ca88c0: ver 3 0
D/PhoneStatusBar( 1655): mSettingsPanelGravity = 55
D/        ( 1944): HostConnection::get() New Host Connection established 0xb8ce1240, tid 1944
I/ContactDirectoryManager( 1869): Discovered 0 contact directories in 1454ms
D/EGL_emulation( 1655): eglMakeCurrent: 0xb8ca88c0: ver 3 0
D/EGL_emulation( 1944): eglCreateContext: 0xb8ce2c90: maj 3 min 0 rcv 3
D/EGL_emulation( 1944): eglMakeCurrent: 0xb8ce2c90: ver 3 0
E/eglCodecCommon( 1944): glUtilsParamSize: unknow param 0x00008cdf
E/eglCodecCommon( 1944): glUtilsParamSize: unknow param 0x00008824
E/EGL_emulation( 1944): tid 1944: eglSurfaceAttrib(1199): error 0x3009 (EGL_BAD_MATCH)
W/HardwareRenderer( 1944): Backbuffer cannot be preserved
D/EGL_emulation( 1655): eglMakeCurrent: 0xb8ca88c0: ver 3 0
D/OpenGLRenderer( 1944): Enabling debug mode 0
D/ActivityThread( 2024): Loading provider com.android.email.provider;com.android.email.notifier: com.android.email.provider.EmailProvider
D/MccTable( 1812): updateMccMncConfiguration: mcc=310, mnc=260
D/MccTable( 1812): getLocaleFromMcc to en_us mcc=310
D/MccTable( 1812): getLocaleForLanguageCountry: skipping already persisted
D/MccTable( 1812): getLocaleForLanguageCountry: X locale=null
D/MccTable( 1812): WIFI_COUNTRY_CODE set to us
I/WifiService( 1569): WifiService trying to set country code to us with persist set to true
D/MccTable( 1812): updateMccMncConfiguration updateConfig config={1.0 310mcc260mnc ?locale ?layoutDir ?swdp ?wdp ?hdp ?density ?lsize ?long ?orien ?uimode ?night ?touch ?keyb/?/? ?nav/?}
D/dalvikvm( 1944): GC_FOR_ALLOC freed 586K, 8% free 9160K/9940K, paused 3ms, total 3ms
D/EGL_emulation( 1655): eglMakeCurrent: 0xb8ca88c0: ver 3 0
D/dalvikvm( 1812): GC_FOR_ALLOC freed 402K, 15% free 3538K/4128K, paused 3ms, total 7ms
I/LatinIME:LogUtils( 1763): Dictionary info: dictionary = main:en ; version = 42 ; date = 1381226516
I/dalvikvm-heap( 1944): Grow heap (frag case) to 16.249MB for 7464972-byte allocation
D/dalvikvm( 1944): GC_FOR_ALLOC freed 1K, 5% free 16448K/17232K, paused 16ms, total 16ms
I/DownloadManager( 1845): Download 5 starting
W/DownloadManager( 1845): Aborting request for download 5: NO_CONNECTION
D/dalvikvm( 1812): GC_FOR_ALLOC freed 509K, 17% free 3539K/4236K, paused 4ms, total 4ms
I/DownloadManager( 1845): Download 5 finished with status WAITING_FOR_NETWORK
D/MobileDataStateTracker( 1569): fota: Broadcast received: android.intent.action.ANY_DATA_STATE apnType=fota
D/MobileDataStateTracker( 1569): fota: Received state=DISCONNECTED, old=DISCONNECTED, reason=simLoaded
D/MobileDataStateTracker( 1569): ia: Broadcast received: android.intent.action.ANY_DATA_STATE apnType=ia
D/MobileDataStateTracker( 1569): ia: Received state=DISCONNECTED, old=DISCONNECTED, reason=simLoaded
D/MobileDataStateTracker( 1569): supl: Broadcast received: android.intent.action.ANY_DATA_STATE apnType=supl
D/MobileDataStateTracker( 1569): supl: Received state=DISCONNECTED, old=DISCONNECTED, reason=simLoaded
D/MobileDataStateTracker( 1569): hipri: Broadcast received: android.intent.action.ANY_DATA_STATE apnType=hipri
D/MobileDataStateTracker( 1569): hipri: Received state=DISCONNECTED, old=DISCONNECTED, reason=simLoaded
D/MobileDataStateTracker( 1569): ims: Broadcast received: android.intent.action.ANY_DATA_STATE apnType=ims
D/MobileDataStateTracker( 1569): ims: Received state=DISCONNECTED, old=DISCONNECTED, reason=simLoaded
D/MobileDataStateTracker( 1569): mms: Broadcast received: android.intent.action.ANY_DATA_STATE apnType=mms
D/MobileDataStateTracker( 1569): mms: Received state=DISCONNECTED, old=DISCONNECTED, reason=simLoaded
D/MobileDataStateTracker( 1569): cbs: Broadcast received: android.intent.action.ANY_DATA_STATE apnType=cbs
D/MobileDataStateTracker( 1569): cbs: Received state=DISCONNECTED, old=DISCONNECTED, reason=simLoaded
D/MobileDataStateTracker( 1569): default: Broadcast received: android.intent.action.ANY_DATA_STATE apnType=default
D/MobileDataStateTracker( 1569): default: Received state=CONNECTING, old=DISCONNECTED, reason=simLoaded
D/MobileDataStateTracker( 1569): default: setDetailed state, old =IDLE and new state=CONNECTING
D/MobileDataStateTracker( 1569): fota: Broadcast received: android.intent.action.ANY_DATA_STATE apnType=fota
D/MobileDataStateTracker( 1569): fota: Received state=DISCONNECTED, old=DISCONNECTED, reason=simLoaded
D/MobileDataStateTracker( 1569): ia: Broadcast received: android.intent.action.ANY_DATA_STATE apnType=ia
D/MobileDataStateTracker( 1569): ia: Received state=DISCONNECTED, old=DISCONNECTED, reason=simLoaded
D/MobileDataStateTracker( 1569): supl: Broadcast received: android.intent.action.ANY_DATA_STATE apnType=supl
D/MobileDataStateTracker( 1569): supl: Received state=DISCONNECTED, old=DISCONNECTED, reason=simLoaded
D/MobileDataStateTracker( 1569): hipri: Broadcast received: android.intent.action.ANY_DATA_STATE apnType=hipri
D/MobileDataStateTracker( 1569): hipri: Received state=DISCONNECTED, old=DISCONNECTED, reason=simLoaded
D/MobileDataStateTracker( 1569): ims: Broadcast received: android.intent.action.ANY_DATA_STATE apnType=ims
D/MobileDataStateTracker( 1569): ims: Received state=DISCONNECTED, old=DISCONNECTED, reason=simLoaded
D/MobileDataStateTracker( 1569): mms: Broadcast received: android.intent.action.ANY_DATA_STATE apnType=mms
D/MobileDataStateTracker( 1569): mms: Received state=DISCONNECTED, old=DISCONNECTED, reason=simLoaded
D/MobileDataStateTracker( 1569): cbs: Broadcast received: android.intent.action.ANY_DATA_STATE apnType=cbs
D/MobileDataStateTracker( 1569): cbs: Received state=DISCONNECTED, old=DISCONNECTED, reason=simLoaded
D/MobileDataStateTracker( 1569): default: Broadcast received: android.intent.action.ANY_DATA_STATE apnType=default
D/MobileDataStateTracker( 1569): default: Received state=CONNECTED, old=CONNECTING, reason=connected
D/MobileDataStateTracker( 1569): default: setDetailed state, old =CONNECTING and new state=CONNECTED
D/ConnectivityService( 1569): ConnectivityChange for mobile: CONNECTED/CONNECTED
D/ConnectivityService( 1569): ConnectivityChange checkMobileProvisioning for TYPE_MOBILE or ProvisioningNetwork
D/ConnectivityService( 1569): checkMobileProvisioning: E suggestedTimeOutMs=60000
D/ConnectivityService( 1569): setProvNotificationVisible: E visible=false networkType=5 extraInfo=null url=null
D/ConnectivityService( 1569): checkMobileProvisioning: params={ url=http://clients3.google.com/generate_204 mTimeOutMs=60000 mCb=com.android.server.ConnectivityService$5@9d91b230}
D/ConnectivityService( 1569): checkMobileProvisioning: X
D/Nat464Xlat( 1569): requiresClat: netType=0, hasIPv4Address=true
V/RenderScript( 1944): 0xb8cbb120 Launching thread(s), CPUs 2
D/MobileDataStateTracker( 1569): default: isProvisioningNetwork: retVal=false
D/ConnectivityService( 1569): [CheckMp] isMobileOk: isDefaultProvisioning=false
D/MobileDataStateTracker( 1569): hipri: isProvisioningNetwork: retVal=false
D/ConnectivityService( 1569): [CheckMp] isMobileOk: isHipriProvisioning=false
D/ConnectivityService( 1569): [CheckMp] isMobileOk: start hipri url=http://clients3.google.com/generate_204
D/ConnectivityService( 1569): startUsingNetworkFeature reconnecting to 0: enableHIPRI
D/ConnectivityService( 1569): startUsingNetworkFeature X: return APN_REQUEST_STARTED
D/ConnectivityService( 1569): [CheckMp] isMobileOk: hipri started
D/ConnectivityService( 1569): [CheckMp] isMobileOk: not connected ni=NetworkInfo: type: mobile_hipri[LTE], state: DISCONNECTED/IDLE, reason: (unspecified), extra: (none), roaming: false, failover: false, isAvailable: true, isConnectedToProvisioningNetwork: false
D/dalvikvm( 1812): GC_FOR_ALLOC freed 484K, 16% free 3569K/4240K, paused 3ms, total 3ms
D/MobileDataStateTracker( 1569): hipri: Broadcast received: android.intent.action.ANY_DATA_STATE apnType=hipri
D/MobileDataStateTracker( 1569): hipri: Received state=CONNECTING, old=DISCONNECTED, reason=dataEnabled
D/MobileDataStateTracker( 1569): hipri: setDetailed state, old =IDLE and new state=CONNECTING
D/MobileDataStateTracker( 1569): fota: Broadcast received: android.intent.action.ANY_DATA_STATE apnType=fota
D/MobileDataStateTracker( 1569): fota: Received state=DISCONNECTED, old=DISCONNECTED, reason=dataEnabled
D/MobileDataStateTracker( 1569): ia: Broadcast received: android.intent.action.ANY_DATA_STATE apnType=ia
D/MobileDataStateTracker( 1569): ia: Received state=DISCONNECTED, old=DISCONNECTED, reason=dataEnabled
D/MobileDataStateTracker( 1569): supl: Broadcast received: android.intent.action.ANY_DATA_STATE apnType=supl
D/MobileDataStateTracker( 1569): supl: Received state=DISCONNECTED, old=DISCONNECTED, reason=dataEnabled
D/MobileDataStateTracker( 1569): ims: Broadcast received: android.intent.action.ANY_DATA_STATE apnType=ims
D/MobileDataStateTracker( 1569): ims: Received state=DISCONNECTED, old=DISCONNECTED, reason=dataEnabled
D/MobileDataStateTracker( 1569): mms: Broadcast received: android.intent.action.ANY_DATA_STATE apnType=mms
D/MobileDataStateTracker( 1569): mms: Received state=DISCONNECTED, old=DISCONNECTED, reason=dataEnabled
D/MobileDataStateTracker( 1569): cbs: Broadcast received: android.intent.action.ANY_DATA_STATE apnType=cbs
D/MobileDataStateTracker( 1569): cbs: Received state=DISCONNECTED, old=DISCONNECTED, reason=dataEnabled
D/MobileDataStateTracker( 1569): hipri: Broadcast received: android.intent.action.ANY_DATA_STATE apnType=hipri
D/MobileDataStateTracker( 1569): hipri: Received state=CONNECTED, old=CONNECTING, reason=dataEnabled
D/MobileDataStateTracker( 1569): hipri: setDetailed state, old =CONNECTING and new state=CONNECTED
D/ConnectivityService( 1569): ConnectivityChange for mobile_hipri: CONNECTED/CONNECTED
W/Launcher.Model( 1944): LoaderTask running with no launcher (loadAllAppsByBatch)
D/Launcher.Model( 1944): going to save icon bitmap for info=ShortcutInfo(title=Browserintent=Intent { act=android.intent.action.MAIN cat=[android.intent.category.LAUNCHER] flg=0x10200000 cmp=com.android.browser/.BrowserActivity }id=12 type=0 container=-101 screen=4 cellX=4 cellY=0 spanX=1 spanY=1 dropPos=null)
D/dalvikvm( 1569): GC_FOR_ALLOC freed 847K, 52% free 7255K/14820K, paused 19ms, total 20ms
D/Launcher.Model( 1944): going to save icon bitmap for info=ShortcutInfo(title=Phoneintent=Intent { act=android.intent.action.MAIN cat=[android.intent.category.LAUNCHER] flg=0x10200000 cmp=com.android.dialer/.DialtactsActivity }id=6 type=0 container=-101 screen=0 cellX=0 cellY=0 spanX=1 spanY=1 dropPos=null)
D/Nat464Xlat( 1569): requiresClat: netType=5, hasIPv4Address=true
D/Launcher.Model( 1944): going to save icon bitmap for info=ShortcutInfo(title=Messagingintent=Intent { act=android.intent.action.MAIN cat=[android.intent.category.LAUNCHER] flg=0x10200000 cmp=com.android.mms/.ui.ConversationList }id=10 type=0 container=-101 screen=3 cellX=3 cellY=0 spanX=1 spanY=1 dropPos=null)
D/Launcher.Model( 1944): going to save icon bitmap for info=ShortcutInfo(title=Settingsintent=Intent { act=android.intent.action.MAIN cat=[android.intent.category.LAUNCHER] flg=0x10200000 cmp=com.android.settings/.Settings }id=4 type=0 container=-100 screen=3 cellX=2 cellY=3 spanX=1 spanY=1 dropPos=null)
D/Launcher.Model( 1944): going to save icon bitmap for info=ShortcutInfo(title=Peopleintent=Intent { act=android.intent.action.MAIN cat=[android.intent.category.LAUNCHER] flg=0x10200000 cmp=com.android.contacts/.activities.PeopleActivity }id=8 type=0 container=-101 screen=1 cellX=1 cellY=0 spanX=1 spanY=1 dropPos=null)
W/ActivityManager( 1569): Unable to start service Intent { cmp=com.android.email/.service.AttachmentDownloadService } U=0: not found
I/Email   ( 2024): Observing account changes for notifications
D/Launcher.Model( 1944): Reload apps on config change. curr_mcc:310 prevmcc:0
D/EGL_emulation( 1944): eglMakeCurrent: 0xb8ce2c90: ver 3 0
E/EGL_emulation( 1944): tid 1944: eglSurfaceAttrib(1199): error 0x3009 (EGL_BAD_MATCH)
W/HardwareRenderer( 1944): Backbuffer cannot be preserved
D/dalvikvm( 2024): GC_FOR_ALLOC freed 294K, 14% free 3192K/3680K, paused 6ms, total 6ms
D/dalvikvm( 1944): GC_FOR_ALLOC freed 8716K, 48% free 9770K/18684K, paused 3ms, total 3ms
D/dalvikvm( 1944): GC_FOR_ALLOC freed 33K, 48% free 9869K/18684K, paused 4ms, total 4ms
I/dalvikvm-heap( 1944): Grow heap (frag case) to 16.941MB for 7464972-byte allocation
D/dalvikvm( 1944): GC_FOR_ALLOC freed <1K, 9% free 17159K/18684K, paused 14ms, total 14ms
W/ActivityManager( 1569): Unable to start service Intent { cmp=com.android.email/.service.AttachmentDownloadService } U=0: not found
I/SurfaceFlinger( 1144): Boot is finished (11915 ms)
I/ActivityManager( 1569): Displayed com.android.launcher/com.android.launcher2.Launcher: +2s732ms (total +3s747ms)
I/WindowManager( 1569): Screen frozen for +791ms due to Window{9d49dea0 u0 com.android.launcher/com.android.launcher2.Launcher}
D/dalvikvm( 1944): GC_FOR_ALLOC freed 322K, 9% free 17133K/18684K, paused 3ms, total 3ms
I/dalvikvm-heap( 1944): Grow heap (frag case) to 24.035MB for 7464972-byte allocation
D/dalvikvm( 1944): GC_FOR_ALLOC freed 2K, 6% free 24420K/25976K, paused 11ms, total 11ms
D/dalvikvm( 1944): GC_FOR_ALLOC freed 7305K, 34% free 17172K/25976K, paused 2ms, total 2ms
D/dalvikvm( 1944): GC_FOR_ALLOC freed 1K, 28% free 18722K/25976K, paused 4ms, total 4ms
D/dalvikvm( 1944): GC_FOR_ALLOC freed <1K, 22% free 20273K/25976K, paused 2ms, total 2ms
I/MultiDex( 1776): Renaming to /data/data/com.google.android.gms/code_cache/secondary-dexes/PrebuiltGmsCore.apk.classes3.zip
I/MultiDex( 1776): Extraction succeeded '/data/data/com.google.android.gms/code_cache/secondary-dexes/PrebuiltGmsCore.apk.classes3.zip': length 3069570 - crc: 1812373452
I/MultiDex( 1776): Extraction is needed for file /data/data/com.google.android.gms/code_cache/secondary-dexes/PrebuiltGmsCore.apk.classes4.zip
I/MultiDex( 1776): Extracting /data/data/com.google.android.gms/code_cache/secondary-dexes/tmp-PrebuiltGmsCore.apk.classes1004536532.zip
D/dalvikvm( 1944): GC_FOR_ALLOC freed 187K, 16% free 22074K/25976K, paused 3ms, total 4ms
D/dalvikvm( 1944): GC_FOR_ALLOC freed 999K, 12% free 23077K/25976K, paused 3ms, total 3ms
D/MobileDataStateTracker( 1569): hipri: isProvisioningNetwork: retVal=false
D/ConnectivityService( 1569): [CheckMp] isMobileOk: isProvisioningNetwork is false, continue
D/ConnectivityService( 1569): [CheckMp] isMobileOk: addresses=clients3.google.com/172.217.13.110,clients3.google.com/2607:f8b0:4020:804::200e
D/ConnectivityService( 1569): [CheckMp] isMobileOk: linkHasIpv4=true linkHasIpv6=false
D/ConnectivityService( 1569): requestRouteToHostAddress ok=true
D/ConnectivityService( 1569): [CheckMp] isMobileOk: wait to establish route to hostAddr=clients3.google.com/172.217.13.110
I/MultiDex( 1776): Renaming to /data/data/com.google.android.gms/code_cache/secondary-dexes/PrebuiltGmsCore.apk.classes4.zip
I/MultiDex( 1776): Extraction succeeded '/data/data/com.google.android.gms/code_cache/secondary-dexes/PrebuiltGmsCore.apk.classes4.zip': length 3729559 - crc: 3858303340
I/MultiDex( 1776): Extraction is needed for file /data/data/com.google.android.gms/code_cache/secondary-dexes/PrebuiltGmsCore.apk.classes5.zip
I/MultiDex( 1776): Extracting /data/data/com.google.android.gms/code_cache/secondary-dexes/tmp-PrebuiltGmsCore.apk.classes2021481441.zip
I/MultiDex( 1776): Renaming to /data/data/com.google.android.gms/code_cache/secondary-dexes/PrebuiltGmsCore.apk.classes5.zip
I/MultiDex( 1776): Extraction succeeded '/data/data/com.google.android.gms/code_cache/secondary-dexes/PrebuiltGmsCore.apk.classes5.zip': length 3584837 - crc: 4123503416
I/MultiDex( 1776): Extraction is needed for file /data/data/com.google.android.gms/code_cache/secondary-dexes/PrebuiltGmsCore.apk.classes6.zip
I/MultiDex( 1776): Extracting /data/data/com.google.android.gms/code_cache/secondary-dexes/tmp-PrebuiltGmsCore.apk.classes-1182921850.zip
D/dalvikvm( 1569): GC_EXPLICIT freed 593K, 53% free 7104K/14820K, paused 1ms+1ms, total 8ms
I/MultiDex( 1776): Renaming to /data/data/com.google.android.gms/code_cache/secondary-dexes/PrebuiltGmsCore.apk.classes6.zip
I/MultiDex( 1776): Extraction succeeded '/data/data/com.google.android.gms/code_cache/secondary-dexes/PrebuiltGmsCore.apk.classes6.zip': length 2190210 - crc: 2261963046
I/MultiDex( 1776): load found 5 secondary dex files
D/dalvikvm( 1776): DexOpt: --- BEGIN 'PrebuiltGmsCore.apk.classes2.zip' (bootstrap=0) ---
W/linker  ( 2085): libdvm.so has text relocations. This is wasting memory and is a security risk. Please fix.
E/cutils-trace( 2085): Error opening trace file: Permission denied (13)
D/dalvikvm( 2085): GC_FOR_ALLOC freed 842K, 42% free 1204K/2048K, paused 1ms, total 1ms
D/dalvikvm( 2085): DexOpt: couldn't find field Landroid/os/Message;.sendingUid
D/dalvikvm( 2085): DexOpt: load 76ms, verify+opt 122ms, 9812300 bytes
D/dalvikvm( 1776): DexOpt: --- END 'PrebuiltGmsCore.apk.classes2.zip' (success) ---
D/dalvikvm( 1776): DEX prep '/data/data/com.google.android.gms/code_cache/secondary-dexes/PrebuiltGmsCore.apk.classes2.zip': unzip in 68ms, rewrite 278ms
D/dalvikvm( 1776): DexOpt: --- BEGIN 'PrebuiltGmsCore.apk.classes3.zip' (bootstrap=0) ---
W/linker  ( 2086): libdvm.so has text relocations. This is wasting memory and is a security risk. Please fix.
D/Tethering( 1569): MasterInitialState.processMessage what=3
D/CaptivePortalTracker( 1569): NoActiveNetworkState{ when=0 what=1 obj=NetworkInfo: type: mobile[LTE], state: CONNECTED/CONNECTED, reason: connected, extra: epc.tmobile.com, roaming: false, failover: false, isAvailable: true, isConnectedToProvisioningNetwork: false target=com.android.internal.util.StateMachine$SmHandler }
D/CaptivePortalTracker( 1569): NoActiveNetworkState not a wifi connectivity change, ignore
E/cutils-trace( 2086): Error opening trace file: Permission denied (13)
D/dalvikvm( 2086): GC_FOR_ALLOC freed 888K, 44% free 1158K/2048K, paused 1ms, total 1ms
D/dalvikvm( 2086): DexOpt: load 32ms, verify+opt 66ms, 4551068 bytes
D/GpsLocationProvider( 1569): NTP server returned: 1629042880148 (Sun Aug 15 10:54:40 CDT 2021) reference: 16074 certainty: 5 system time offset: 849
D/dalvikvm( 1776): DexOpt: --- END 'PrebuiltGmsCore.apk.classes3.zip' (success) ---
D/dalvikvm( 1776): DEX prep '/data/data/com.google.android.gms/code_cache/secondary-dexes/PrebuiltGmsCore.apk.classes3.zip': unzip in 41ms, rewrite 165ms
D/Tethering( 1569): MasterInitialState.processMessage what=3
D/CaptivePortalTracker( 1569): NoActiveNetworkState{ when=0 what=1 obj=NetworkInfo: type: mobile_hipri[LTE], state: CONNECTED/CONNECTED, reason: dataEnabled, extra: epc.tmobile.com, roaming: false, failover: false, isAvailable: true, isConnectedToProvisioningNetwork: false target=com.android.internal.util.StateMachine$SmHandler }
D/CaptivePortalTracker( 1569): NoActiveNetworkState not a wifi connectivity change, ignore
D/dalvikvm( 1776): DexOpt: --- BEGIN 'PrebuiltGmsCore.apk.classes4.zip' (bootstrap=0) ---
W/linker  ( 2088): libdvm.so has text relocations. This is wasting memory and is a security risk. Please fix.
E/cutils-trace( 2088): Error opening trace file: Permission denied (13)
D/dalvikvm( 2088): GC_FOR_ALLOC freed 953K, 47% free 1093K/2048K, paused 2ms, total 2ms
D/dalvikvm( 2088): DexOpt: load 57ms, verify+opt 75ms, 5853988 bytes
D/dalvikvm( 1776): DexOpt: --- END 'PrebuiltGmsCore.apk.classes4.zip' (success) ---
D/dalvikvm( 1776): DEX prep '/data/data/com.google.android.gms/code_cache/secondary-dexes/PrebuiltGmsCore.apk.classes4.zip': unzip in 57ms, rewrite 212ms
D/dalvikvm( 1776): DexOpt: --- BEGIN 'PrebuiltGmsCore.apk.classes5.zip' (bootstrap=0) ---
W/linker  ( 2091): libdvm.so has text relocations. This is wasting memory and is a security risk. Please fix.
E/cutils-trace( 2091): Error opening trace file: Permission denied (13)
D/dalvikvm( 2091): GC_FOR_ALLOC freed 696K, 35% free 1350K/2048K, paused 1ms, total 1ms
D/dalvikvm( 2091): DexOpt: couldn't find static field Landroid/view/View;.TRANSLATION_Z
D/dalvikvm( 2091): DexOpt: load 53ms, verify+opt 119ms, 6002044 bytes
D/dalvikvm( 1776): DexOpt: --- END 'PrebuiltGmsCore.apk.classes5.zip' (success) ---
D/dalvikvm( 1776): DEX prep '/data/data/com.google.android.gms/code_cache/secondary-dexes/PrebuiltGmsCore.apk.classes5.zip': unzip in 50ms, rewrite 243ms
D/dalvikvm( 1776): DexOpt: --- BEGIN 'PrebuiltGmsCore.apk.classes6.zip' (bootstrap=0) ---
W/linker  ( 2092): libdvm.so has text relocations. This is wasting memory and is a security risk. Please fix.
E/cutils-trace( 2092): Error opening trace file: Permission denied (13)
D/dalvikvm( 2092): GC_FOR_ALLOC freed 1274K, 63% free 772K/2048K, paused 1ms, total 1ms
D/dalvikvm( 2092): DexOpt: load 35ms, verify+opt 62ms, 4410764 bytes
D/dalvikvm( 1776): DexOpt: --- END 'PrebuiltGmsCore.apk.classes6.zip' (success) ---
D/dalvikvm( 1776): DEX prep '/data/data/com.google.android.gms/code_cache/secondary-dexes/PrebuiltGmsCore.apk.classes6.zip': unzip in 30ms, rewrite 154ms
I/MultiDex( 1776): install done
I/dalvikvm( 1776): Could not find method android.content.ContentProvider.query, referenced from method brf.superQuery
W/dalvikvm( 1776): VFY: unable to resolve virtual method 2428: Landroid/content/ContentProvider;.query (Landroid/net/Uri;[Ljava/lang/String;Landroid/os/Bundle;Landroid/os/CancellationSignal;)Landroid/database/Cursor;
D/dalvikvm( 1776): VFY: replacing opcode 0x6f at 0x0000
D/dalvikvm( 1776): GC_FOR_ALLOC freed 369K, 13% free 4679K/5332K, paused 2ms, total 2ms
I/dalvikvm( 1776): Could not find method android.os.UserHandle.isOwner, referenced from method nmy.f
W/dalvikvm( 1776): VFY: unable to resolve virtual method 3081: Landroid/os/UserHandle;.isOwner ()Z
D/dalvikvm( 1776): VFY: replacing opcode 0x6e at 0x000a
D/dalvikvm( 1776): DexOpt: couldn't find field Landroid/content/pm/ApplicationInfo;.splitSourceDirs
W/dalvikvm( 1776): VFY: unable to resolve instance field 1475
D/dalvikvm( 1776): VFY: replacing opcode 0x54 at 0x0055
D/dalvikvm( 1776): DexOpt: couldn't find static field Landroid/os/Build;.SUPPORTED_ABIS
W/dalvikvm( 1776): VFY: unable to resolve static field 1540 (SUPPORTED_ABIS) in Landroid/os/Build;
D/dalvikvm( 1776): VFY: replacing opcode 0x62 at 0x00d1
I/dalvikvm( 1776): Could not find method android.system.Os.stat, referenced from method nop.a
W/dalvikvm( 1776): VFY: unable to resolve static method 3146: Landroid/system/Os;.stat (Ljava/lang/String;)Landroid/system/StructStat;
D/dalvikvm( 1776): VFY: replacing opcode 0x71 at 0x0182
I/dalvikvm( 1776): Could not find method android.content.pm.PackageManager.getPackageInstaller, referenced from method men.a
W/dalvikvm( 1776): VFY: unable to resolve virtual method 2608: Landroid/content/pm/PackageManager;.getPackageInstaller ()Landroid/content/pm/PackageInstaller;
D/dalvikvm( 1776): VFY: replacing opcode 0x6e at 0x001c
W/DynamiteModule( 1776): Local module descriptor class for providerinstaller not found.
E/ChimeraCfgMgr( 1776): Failed to read module config: java.io.FileNotFoundException: /data/data/com.google.android.gms/app_chimera/current_config.fb: open failed: ENOENT (No such file or directory)
I/dalvikvm( 1776): Could not find method android.system.Os.readlink, referenced from method bse.a
W/dalvikvm( 1776): VFY: unable to resolve static method 3145: Landroid/system/Os;.readlink (Ljava/lang/String;)Ljava/lang/String;
D/dalvikvm( 1776): VFY: replacing opcode 0x71 at 0x0044
I/dalvikvm( 1776): Could not find method android.system.Os.symlink, referenced from method bse.a
W/dalvikvm( 1776): VFY: unable to resolve static method 3147: Landroid/system/Os;.symlink (Ljava/lang/String;Ljava/lang/String;)V
D/dalvikvm( 1776): VFY: replacing opcode 0x71 at 0x00b0
I/dalvikvm( 1776): Could not find method android.system.Os.stat, referenced from method bse.a
W/dalvikvm( 1776): VFY: unable to resolve static method 3146: Landroid/system/Os;.stat (Ljava/lang/String;)Landroid/system/StructStat;
D/dalvikvm( 1776): VFY: replacing opcode 0x71 at 0x0005
W/dalvikvm( 1776): VFY: unable to resolve static field 1615 (S_IXUSR) in Landroid/system/OsConstants;
D/dalvikvm( 1776): VFY: replacing opcode 0x60 at 0x0007
I/dalvikvm( 1776): Could not find method android.system.Os.stat, referenced from method bse.b
W/dalvikvm( 1776): VFY: unable to resolve static method 3146: Landroid/system/Os;.stat (Ljava/lang/String;)Landroid/system/StructStat;
D/dalvikvm( 1776): VFY: replacing opcode 0x71 at 0x0040
W/dalvikvm( 1776): VFY: unable to resolve static field 1612 (S_IRUSR) in Landroid/system/OsConstants;
D/dalvikvm( 1776): VFY: replacing opcode 0x60 at 0x0007
W/FileUtils( 1776): Failed to set world readable: /data/data/com.google.android.gms/app_chimera/current_config.fb
E/ChimeraCfgMgr( 1776): Failed to read module config: java.io.FileNotFoundException: /data/data/com.google.android.gms/app_chimera/current_config.fb: open failed: ENOENT (No such file or directory)
D/dalvikvm( 1776): DexOpt: couldn't find static field Landroid/os/Build;.SUPPORTED_ABIS
W/dalvikvm( 1776): VFY: unable to resolve static field 1540 (SUPPORTED_ABIS) in Landroid/os/Build;
D/dalvikvm( 1776): VFY: replacing opcode 0x62 at 0x0307
D/dalvikvm( 1776): DexOpt: couldn't find static field Landroid/os/Build;.SUPPORTED_ABIS
W/dalvikvm( 1776): VFY: unable to resolve static field 1540 (SUPPORTED_ABIS) in Landroid/os/Build;
D/dalvikvm( 1776): VFY: replacing opcode 0x62 at 0x06eb
I/dalvikvm( 1776): Could not find method android.content.Context.isCredentialProtectedStorage, referenced from method bry.j
W/dalvikvm( 1776): VFY: unable to resolve virtual method 2490: Landroid/content/Context;.isCredentialProtectedStorage ()Z
D/dalvikvm( 1776): VFY: replacing opcode 0x6e at 0x0087
E/ConfigFileUtils( 1776): Failed to read config file: /data/data/com.google.android.gms/app_chimera/current_fileapks.pb: open failed: ENOENT (No such file or directory)
D/dalvikvm( 1776): GC_FOR_ALLOC freed 1929K, 41% free 3218K/5428K, paused 2ms, total 2ms
I/GmsModuleFndr( 1776): Beginning GMS chimera module scan
E/ChimeraCfgMgr( 1776): Failed to read module config: java.io.FileNotFoundException: /data/data/com.google.android.gms/app_chimera/current_config.fb: open failed: ENOENT (No such file or directory)
I/ActivityManager( 1569): Start proc com.google.android.gms for service com.google.android.gms/.chimera.GmsIntentOperationService: pid=2094 uid=10007 gids={50007, 3003, 1007, 1028, 1015, 3002, 3001, 3007, 2001, 3006}
I/DynamiteModule( 1776): Considering local module com.google.android.gms.googlecertificates:4 and remote module com.google.android.gms.googlecertificates:0
I/DynamiteModule( 1776): Selected local version of com.google.android.gms.googlecertificates
I/dalvikvm( 1776): Could not find method android.app.Notification$Builder.setLocalOnly, referenced from method com.google.android.gms.common.GoogleCertificatesImpl.isGoogleOrPlatformSigned
W/dalvikvm( 1776): VFY: unable to resolve virtual method 2308: Landroid/app/Notification$Builder;.setLocalOnly (Z)Landroid/app/Notification$Builder;
D/dalvikvm( 1776): VFY: replacing opcode 0x6e at 0x00b1
W/dalvikvm( 2094): VFY: unable to resolve static field 1608 (PR_SET_DUMPABLE) in Landroid/system/OsConstants;
D/dalvikvm( 2094): VFY: replacing opcode 0x60 at 0x0017
W/dalvikvm( 2094): VFY: unable to find class referenced in signature (Lyqx;)
W/dalvikvm( 2094): VFY: unable to find class referenced in signature (Lyro;)
E/ChimeraCfgMgr( 1776): Failed to read module config: java.io.FileNotFoundException: /data/data/com.google.android.gms/app_chimera/current_config.fb: open failed: ENOENT (No such file or directory)
I/dalvikvm( 2094): Could not find method android.system.Os.readlink, referenced from method msk.a
W/dalvikvm( 2094): VFY: unable to resolve static method 3145: Landroid/system/Os;.readlink (Ljava/lang/String;)Ljava/lang/String;
D/dalvikvm( 2094): VFY: replacing opcode 0x71 at 0x00b0
I/ModuleSetMgr( 1776): Config file doesn't exist, writing blank config.
I/dalvikvm( 2094): Could not find method android.os.PowerManager.isInteractive, referenced from method ndc.a
W/dalvikvm( 2094): VFY: unable to resolve virtual method 3046: Landroid/os/PowerManager;.isInteractive ()Z
D/dalvikvm( 2094): VFY: replacing opcode 0x6e at 0x0013
I/dalvikvm( 1776): Could not find method com.google.android.chimera.ContextThemeWrapper.createAttributionContext, referenced from method mnu.createAttributionContext
W/dalvikvm( 1776): VFY: unable to resolve virtual method 13785: Lcom/google/android/chimera/ContextThemeWrapper;.createAttributionContext (Ljava/lang/String;)Landroid/content/Context;
D/dalvikvm( 1776): VFY: replacing opcode 0x6f at 0x0002
I/dalvikvm( 1776): Could not find method android.content.ContextWrapper.createCredentialProtectedStorageContext, referenced from method mnu.createCredentialProtectedStorageContext
W/dalvikvm( 1776): VFY: unable to resolve virtual method 2508: Landroid/content/ContextWrapper;.createCredentialProtectedStorageContext ()Landroid/content/Context;
D/dalvikvm( 1776): VFY: replacing opcode 0x6f at 0x0002
I/dalvikvm( 1776): Could not find method android.content.ContextWrapper.createDeviceProtectedStorageContext, referenced from method mnu.createDeviceProtectedStorageContext
W/dalvikvm( 1776): VFY: unable to resolve virtual method 2509: Landroid/content/ContextWrapper;.createDeviceProtectedStorageContext ()Landroid/content/Context;
D/dalvikvm( 1776): VFY: replacing opcode 0x6f at 0x0002
I/dalvikvm( 2094): Could not find method com.google.android.chimera.ModuleContext.getAttributionTag, referenced from method com.google.android.chimera.ModuleContext.createAttributionContext
W/dalvikvm( 2094): VFY: unable to resolve virtual method 14170: Lcom/google/android/chimera/ModuleContext;.getAttributionTag ()Ljava/lang/String;
D/dalvikvm( 2094): VFY: replacing opcode 0x6e at 0x0004
I/dalvikvm( 2094): Could not find method com.google.android.chimera.ContextThemeWrapper.createAttributionContext, referenced from method com.google.android.chimera.ModuleContext.createAttributionContext
W/dalvikvm( 2094): VFY: unable to resolve virtual method 13785: Lcom/google/android/chimera/ContextThemeWrapper;.createAttributionContext (Ljava/lang/String;)Landroid/content/Context;
D/dalvikvm( 2094): VFY: replacing opcode 0x6f at 0x0035
I/dalvikvm( 2094): Could not find method android.content.ContextWrapper.createCredentialProtectedStorageContext, referenced from method com.google.android.chimera.ModuleContext.createCredentialProtectedStorageContext
W/dalvikvm( 2094): VFY: unable to resolve virtual method 2508: Landroid/content/ContextWrapper;.createCredentialProtectedStorageContext ()Landroid/content/Context;
D/dalvikvm( 2094): VFY: replacing opcode 0x6f at 0x0002
I/dalvikvm( 2094): Could not find method android.content.ContextWrapper.createDeviceProtectedStorageContext, referenced from method com.google.android.chimera.ModuleContext.createDeviceProtectedStorageContext
W/dalvikvm( 2094): VFY: unable to resolve virtual method 2509: Landroid/content/ContextWrapper;.createDeviceProtectedStorageContext ()Landroid/content/Context;
D/dalvikvm( 2094): VFY: replacing opcode 0x6f at 0x0002
I/dalvikvm( 2094): Could not find method com.google.android.chimera.ContextThemeWrapper.sendBroadcastWithMultiplePermissions, referenced from method com.google.android.chimera.ModuleContext.sendBroadcastWithMultiplePermissions
W/dalvikvm( 2094): VFY: unable to resolve virtual method 13795: Lcom/google/android/chimera/ContextThemeWrapper;.sendBroadcastWithMultiplePermissions (Landroid/content/Intent;[Ljava/lang/String;)V
D/dalvikvm( 2094): VFY: replacing opcode 0x6f at 0x0009
I/MultiDex( 2094): VM with version 1.6.0 does not have multidex support
I/MultiDex( 2094): Installing application
I/MultiDex( 2094): MultiDexExtractor(/system/priv-app/PrebuiltGmsCore.apk, /data/data/com.google.android.gms/code_cache/secondary-dexes)
E/ConfigFileUtils( 1776): Failed to read config file: /data/data/com.google.android.gms/app_chimera/current_fileapks.pb: open failed: ENOENT (No such file or directory)
I/ModuleSetMgr( 1776): Computing pending module set with APKs: []
I/MultiDex( 2094): Blocking on lock /data/data/com.google.android.gms/code_cache/secondary-dexes/MultiDex.lock
I/MultiDex( 2094): /data/data/com.google.android.gms/code_cache/secondary-dexes/MultiDex.lock locked
I/MultiDex( 2094): MultiDexExtractor.load(/system/priv-app/PrebuiltGmsCore.apk, false, )
I/MultiDex( 2094): loading existing secondary dex files
I/MultiDex( 2094): load found 5 secondary dex files
I/ModuleSetMgr( 1776): Pending container module APKs: []
I/ModuleSetMgr( 1776): Pending non-container module APKs: []
E/ConfigFileUtils( 1776): Failed to read config file: /data/data/com.google.android.gms/app_chimera/current_fileapks.pb: open failed: ENOENT (No such file or directory)
D/dalvikvm( 2094): GC_FOR_ALLOC freed 361K, 15% free 3145K/3696K, paused 2ms, total 2ms
I/MultiDex( 2094): install done
E/ChimeraCfgMgr( 1776): Failed to read module config: java.io.FileNotFoundException: /data/data/com.google.android.gms/app_chimera/current_config.fb: open failed: ENOENT (No such file or directory)
W/IntentOperation( 1776): Failed to get Chimera config:com.google.android.chimera.config.InvalidConfigException: java.io.FileNotFoundException: /data/data/com.google.android.gms/app_chimera/current_config.fb: open failed: ENOENT (No such file or directory)
I/dalvikvm( 2094): Could not find method android.content.ContentProvider.query, referenced from method brf.superQuery
W/dalvikvm( 2094): VFY: unable to resolve virtual method 2428: Landroid/content/ContentProvider;.query (Landroid/net/Uri;[Ljava/lang/String;Landroid/os/Bundle;Landroid/os/CancellationSignal;)Landroid/database/Cursor;
D/dalvikvm( 2094): VFY: replacing opcode 0x6f at 0x0000
I/dalvikvm( 2094): Could not find method android.app.Activity.registerActivityLifecycleCallbacks, referenced from method amh.onActivityPreCreated
W/dalvikvm( 2094): VFY: unable to resolve virtual method 2308: Landroid/app/Activity;.registerActivityLifecycleCallbacks (Landroid/app/Application$ActivityLifecycleCallbacks;)V
D/dalvikvm( 2094): VFY: replacing opcode 0x6e at 0x0005
I/dalvikvm( 2094): Could not find method android.content.Context.getExternalMediaDirs, referenced from method jm.a
W/dalvikvm( 2094): VFY: unable to resolve virtual method 2477: Landroid/content/Context;.getExternalMediaDirs ()[Ljava/io/File;
D/dalvikvm( 2094): VFY: replacing opcode 0x6e at 0x00a8
D/dalvikvm( 1776): GC_FOR_ALLOC freed 322K, 38% free 3375K/5428K, paused 2ms, total 2ms
I/dalvikvm-heap( 1776): Grow heap (frag case) to 3.694MB for 228601-byte allocation
D/dalvikvm( 1776): GC_FOR_ALLOC freed 6K, 37% free 3592K/5652K, paused 2ms, total 2ms
I/dalvikvm( 2094): Could not find method android.content.Context.getDrawable, referenced from method jk.a
W/dalvikvm( 2094): VFY: unable to resolve virtual method 2472: Landroid/content/Context;.getDrawable (I)Landroid/graphics/drawable/Drawable;
D/dalvikvm( 2094): VFY: replacing opcode 0x6e at 0x0006
I/dalvikvm( 2094): Could not find method android.content.Context.getNoBackupFilesDir, referenced from method jk.b
W/dalvikvm( 2094): VFY: unable to resolve virtual method 2480: Landroid/content/Context;.getNoBackupFilesDir ()Ljava/io/File;
D/dalvikvm( 2094): VFY: replacing opcode 0x6e at 0x0006
I/dalvikvm( 2094): Could not find method android.os.UserHandle.isOwner, referenced from method nmy.f
W/dalvikvm( 2094): VFY: unable to resolve virtual method 3081: Landroid/os/UserHandle;.isOwner ()Z
D/dalvikvm( 2094): VFY: replacing opcode 0x6e at 0x000a
D/dalvikvm( 2094): DexOpt: couldn't find field Landroid/content/pm/ApplicationInfo;.splitSourceDirs
W/dalvikvm( 2094): VFY: unable to resolve instance field 1475
D/dalvikvm( 2094): VFY: replacing opcode 0x54 at 0x0055
D/dalvikvm( 2094): DexOpt: couldn't find static field Landroid/os/Build;.SUPPORTED_ABIS
W/dalvikvm( 2094): VFY: unable to resolve static field 1540 (SUPPORTED_ABIS) in Landroid/os/Build;
D/dalvikvm( 2094): VFY: replacing opcode 0x62 at 0x00d1
I/dalvikvm( 2094): Could not find method android.system.Os.stat, referenced from method nop.a
W/dalvikvm( 2094): VFY: unable to resolve static method 3146: Landroid/system/Os;.stat (Ljava/lang/String;)Landroid/system/StructStat;
D/dalvikvm( 2094): VFY: replacing opcode 0x71 at 0x0182
I/dalvikvm( 2094): Could not find method android.content.pm.PackageManager.getPackageInstaller, referenced from method men.a
W/dalvikvm( 2094): VFY: unable to resolve virtual method 2608: Landroid/content/pm/PackageManager;.getPackageInstaller ()Landroid/content/pm/PackageInstaller;
D/dalvikvm( 2094): VFY: replacing opcode 0x6e at 0x001c
W/DynamiteModule( 2094): Local module descriptor class for providerinstaller not found.
E/ChimeraCfgMgr( 2094): Failed to read module config: java.io.FileNotFoundException: /data/data/com.google.android.gms/app_chimera/current_config.fb: open failed: ENOENT (No such file or directory)
I/dalvikvm( 2094): Could not find method android.system.Os.readlink, referenced from method bse.a
W/dalvikvm( 2094): VFY: unable to resolve static method 3145: Landroid/system/Os;.readlink (Ljava/lang/String;)Ljava/lang/String;
D/dalvikvm( 2094): VFY: replacing opcode 0x71 at 0x0044
I/dalvikvm( 2094): Could not find method android.system.Os.symlink, referenced from method bse.a
W/dalvikvm( 2094): VFY: unable to resolve static method 3147: Landroid/system/Os;.symlink (Ljava/lang/String;Ljava/lang/String;)V
D/dalvikvm( 2094): VFY: replacing opcode 0x71 at 0x00b0
I/dalvikvm( 2094): Could not find method android.system.Os.stat, referenced from method bse.a
W/dalvikvm( 2094): VFY: unable to resolve static method 3146: Landroid/system/Os;.stat (Ljava/lang/String;)Landroid/system/StructStat;
D/dalvikvm( 2094): VFY: replacing opcode 0x71 at 0x0005
W/dalvikvm( 2094): VFY: unable to resolve static field 1615 (S_IXUSR) in Landroid/system/OsConstants;
D/dalvikvm( 2094): VFY: replacing opcode 0x60 at 0x0007
I/dalvikvm( 2094): Could not find method android.system.Os.stat, referenced from method bse.b
W/dalvikvm( 2094): VFY: unable to resolve static method 3146: Landroid/system/Os;.stat (Ljava/lang/String;)Landroid/system/StructStat;
D/dalvikvm( 2094): VFY: replacing opcode 0x71 at 0x0040
W/dalvikvm( 2094): VFY: unable to resolve static field 1612 (S_IRUSR) in Landroid/system/OsConstants;
D/dalvikvm( 2094): VFY: replacing opcode 0x60 at 0x0007
W/FileUtils( 2094): Failed to set world readable: /data/data/com.google.android.gms/app_chimera/current_config.fb
E/ChimeraCfgMgr( 2094): Failed to read module config: java.io.FileNotFoundException: /data/data/com.google.android.gms/app_chimera/current_config.fb: open failed: ENOENT (No such file or directory)
D/dalvikvm( 2094): DexOpt: couldn't find static field Landroid/os/Build;.SUPPORTED_ABIS
W/dalvikvm( 2094): VFY: unable to resolve static field 1540 (SUPPORTED_ABIS) in Landroid/os/Build;
D/dalvikvm( 2094): VFY: replacing opcode 0x62 at 0x0307
D/dalvikvm( 2094): DexOpt: couldn't find static field Landroid/os/Build;.SUPPORTED_ABIS
W/dalvikvm( 2094): VFY: unable to resolve static field 1540 (SUPPORTED_ABIS) in Landroid/os/Build;
D/dalvikvm( 2094): VFY: replacing opcode 0x62 at 0x06eb
I/dalvikvm( 2094): Could not find method android.content.Context.isCredentialProtectedStorage, referenced from method bry.j
W/dalvikvm( 2094): VFY: unable to resolve virtual method 2490: Landroid/content/Context;.isCredentialProtectedStorage ()Z
D/dalvikvm( 2094): VFY: replacing opcode 0x6e at 0x0087
E/ConfigFileUtils( 2094): Failed to read config file: /data/data/com.google.android.gms/app_chimera/current_fileapks.pb: open failed: ENOENT (No such file or directory)
D/dalvikvm( 2094): GC_FOR_ALLOC freed 411K, 16% free 3246K/3848K, paused 2ms, total 2ms
D/dalvikvm( 1776): GC_FOR_ALLOC freed 35K, 29% free 4069K/5652K, paused 2ms, total 2ms
I/GmsModuleFndr( 2094): Beginning GMS chimera module scan
E/ChimeraCfgMgr( 2094): Failed to read module config: java.io.FileNotFoundException: /data/data/com.google.android.gms/app_chimera/current_config.fb: open failed: ENOENT (No such file or directory)
I/DynamiteModule( 2094): Considering local module com.google.android.gms.googlecertificates:4 and remote module com.google.android.gms.googlecertificates:0
I/DynamiteModule( 2094): Selected local version of com.google.android.gms.googlecertificates
I/dalvikvm( 2094): Could not find method android.app.Notification$Builder.setLocalOnly, referenced from method com.google.android.gms.common.GoogleCertificatesImpl.isGoogleOrPlatformSigned
W/dalvikvm( 2094): VFY: unable to resolve virtual method 2308: Landroid/app/Notification$Builder;.setLocalOnly (Z)Landroid/app/Notification$Builder;
D/dalvikvm( 2094): VFY: replacing opcode 0x6e at 0x00b1
E/ChimeraCfgMgr( 2094): Failed to read module config: java.io.FileNotFoundException: /data/data/com.google.android.gms/app_chimera/current_config.fb: open failed: ENOENT (No such file or directory)
I/dalvikvm( 2094): Could not find method com.google.android.chimera.ContextThemeWrapper.createAttributionContext, referenced from method mnu.createAttributionContext
W/dalvikvm( 2094): VFY: unable to resolve virtual method 13785: Lcom/google/android/chimera/ContextThemeWrapper;.createAttributionContext (Ljava/lang/String;)Landroid/content/Context;
D/dalvikvm( 2094): VFY: replacing opcode 0x6f at 0x0002
I/dalvikvm( 2094): Could not find method android.content.ContextWrapper.createCredentialProtectedStorageContext, referenced from method mnu.createCredentialProtectedStorageContext
W/dalvikvm( 2094): VFY: unable to resolve virtual method 2508: Landroid/content/ContextWrapper;.createCredentialProtectedStorageContext ()Landroid/content/Context;
D/dalvikvm( 2094): VFY: replacing opcode 0x6f at 0x0002
I/dalvikvm( 2094): Could not find method android.content.ContextWrapper.createDeviceProtectedStorageContext, referenced from method mnu.createDeviceProtectedStorageContext
W/dalvikvm( 2094): VFY: unable to resolve virtual method 2509: Landroid/content/ContextWrapper;.createDeviceProtectedStorageContext ()Landroid/content/Context;
D/dalvikvm( 2094): VFY: replacing opcode 0x6f at 0x0002
E/ConfigFileUtils( 2094): Failed to read config file: /data/data/com.google.android.gms/app_chimera/current_fileapks.pb: open failed: ENOENT (No such file or directory)
I/ModuleSetMgr( 2094): Computing pending module set with APKs: []
I/ModuleSetMgr( 2094): Pending container module APKs: []
I/ModuleSetMgr( 2094): Pending non-container module APKs: []
D/dalvikvm( 2094): GC_FOR_ALLOC freed 369K, 15% free 3389K/3948K, paused 2ms, total 2ms
E/ConfigFileUtils( 2094): Failed to read config file: /data/data/com.google.android.gms/app_chimera/current_fileapks.pb: open failed: ENOENT (No such file or directory)
E/ChimeraCfgMgr( 2094): Failed to read module config: java.io.FileNotFoundException: /data/data/com.google.android.gms/app_chimera/current_config.fb: open failed: ENOENT (No such file or directory)
W/IntentOperation( 2094): Failed to get Chimera config:com.google.android.chimera.config.InvalidConfigException: java.io.FileNotFoundException: /data/data/com.google.android.gms/app_chimera/current_config.fb: open failed: ENOENT (No such file or directory)
D/dalvikvm( 2094): GC_FOR_ALLOC freed 57K, 15% free 3387K/3948K, paused 1ms, total 1ms
I/dalvikvm-heap( 2094): Grow heap (frag case) to 3.709MB for 228601-byte allocation
D/dalvikvm( 2094): GC_FOR_ALLOC freed <1K, 14% free 3610K/4172K, paused 1ms, total 1ms
D/dalvikvm( 1776): GC_FOR_ALLOC freed 275K, 24% free 4305K/5652K, paused 2ms, total 2ms
D/dalvikvm( 2094): GC_FOR_ALLOC freed 27K, 6% free 4092K/4312K, paused 2ms, total 2ms
D/dalvikvm( 2094): GC_FOR_ALLOC freed 274K, 10% free 4330K/4796K, paused 2ms, total 2ms
D/dalvikvm( 1776): GC_FOR_ALLOC freed 362K, 22% free 4454K/5652K, paused 4ms, total 4ms
D/ConnectivityService( 1569): [CheckMp] isMobileOk: newUrl=https://172.217.13.110/generate_204
