W/ActivityThread( 1569): ClassLoader.loadClass: The class loader returned by Thread.getContextClassLoader() may fail for processes that host multiple applications. You should explicitly specify a context class loader. For example: Thread.setContextClassLoader(getClass().getClassLoader());
D/dalvikvm( 2094): GC_FOR_ALLOC freed 362K, 11% free 4479K/5032K, paused 3ms, total 3ms
D/dalvikvm( 1776): GC_FOR_ALLOC freed 588K, 23% free 4378K/5652K, paused 4ms, total 4ms
D/dalvikvm( 2094): GC_FOR_ALLOC freed 587K, 16% free 4404K/5184K, paused 3ms, total 3ms
D/dalvikvm( 2094): GC_FOR_ALLOC freed 475K, 15% free 4440K/5184K, paused 2ms, total 2ms
D/dalvikvm( 1776): GC_FOR_ALLOC freed 474K, 22% free 4415K/5652K, paused 3ms, total 3ms
D/dalvikvm( 2094): GC_FOR_ALLOC freed 478K, 14% free 4474K/5184K, paused 3ms, total 3ms
D/dalvikvm( 1776): GC_FOR_ALLOC freed 477K, 22% free 4449K/5652K, paused 3ms, total 3ms
D/dalvikvm( 2094): GC_FOR_ALLOC freed 354K, 14% free 4491K/5184K, paused 2ms, total 2ms
D/dalvikvm( 1776): GC_FOR_ALLOC freed 481K, 21% free 4480K/5652K, paused 2ms, total 2ms
D/dalvikvm( 2094): GC_FOR_ALLOC freed 349K, 14% free 4512K/5196K, paused 3ms, total 3ms
D/dalvikvm( 1776): GC_FOR_ALLOC freed 496K, 21% free 4495K/5652K, paused 2ms, total 2ms
D/dalvikvm( 2094): GC_FOR_ALLOC freed 987K, 23% free 4038K/5216K, paused 4ms, total 4ms
D/dalvikvm( 2094): GC_FOR_ALLOC freed 0K, 23% free 4038K/5216K, paused 2ms, total 2ms
I/dalvikvm-heap( 2094): Grow heap (frag case) to 4.396MB for 281612-byte allocation
D/dalvikvm( 2094): GC_FOR_ALLOC freed 0K, 22% free 4313K/5492K, paused 1ms, total 1ms
D/dalvikvm( 1776): GC_FOR_ALLOC freed 719K, 30% free 4012K/5652K, paused 4ms, total 4ms
I/dalvikvm-heap( 1776): Grow heap (frag case) to 4.367MB for 281612-byte allocation
D/dalvikvm( 1776): GC_FOR_ALLOC freed 0K, 28% free 4287K/5928K, paused 2ms, total 2ms
D/ConnectivityService( 1569): [CheckMp] isMobileOk: hostnameVerify retVal=true hostname=172.217.13.110 orgUriHost=clients3.google.com
D/ConnectivityService( 1569): [CheckMp] isMobileOk: headers={null=[HTTP/1.1 204 No Content], Alt-Svc=[h3=":443"; ma=2592000,h3-29=":443"; ma=2592000,h3-T051=":443"; ma=2592000,h3-Q050=":443"; ma=2592000,h3-Q046=":443"; ma=2592000,h3-Q043=":443"; ma=2592000,quic=":443"; ma=2592000; v="46,43"], Connection=[close], Content-Length=[0], Date=[Sun, 15 Aug 2021 15:54:41 GMT], X-Android-Received-Millis=[1629042880538], X-Android-Response-Source=[NETWORK 204], X-Android-Selected-Transport=[http/1.1], X-Android-Sent-Millis=[1629042880524]}
I/ChimeraCfgMgr( 2094): Updating module config: <no config> -> container:2024149000700
D/ConnectivityService( 1569): [CheckMp] isMobileOk: X got expected responseCode=204 result=1
D/ConnectivityService( 1569): [CheckMp] isMobileOk: F stop hipri
D/MobileDataStateTracker( 1569): default: setEnableFailFastMobileData(enabled=0)
E/ConfigFileUtils( 2094): Failed to read config file: /data/data/com.google.android.gms/app_chimera/current_modules_init.pb: open failed: ENOENT (No such file or directory)
D/ConnectivityService( 1569): stopUsingNetworkFeature: teardown net 0: enableHIPRI
D/MobileDataStateTracker( 1569): hipri: Broadcast received: android.intent.action.ANY_DATA_STATE apnType=hipri
D/MobileDataStateTracker( 1569): hipri: Received state=DISCONNECTED, old=CONNECTED, reason=dataDisabled
D/MobileDataStateTracker( 1569): hipri: setDetailed state, old =CONNECTED and new state=DISCONNECTED
D/ConnectivityService( 1569): ConnectivityChange for mobile_hipri: DISCONNECTED/DISCONNECTED
D/AndroidRuntime( 2112): 
D/AndroidRuntime( 2112): >>>>>> AndroidRuntime START com.android.internal.os.RuntimeInit <<<<<<
W/linker  ( 2112): libdvm.so has text relocations. This is wasting memory and is a security risk. Please fix.
D/AndroidRuntime( 2112): CheckJNI is ON
D/dalvikvm( 2112): Trying to load lib libjavacore.so 0x0
D/dalvikvm( 2112): Added shared lib libjavacore.so 0x0
D/dalvikvm( 2112): Trying to load lib libnativehelper.so 0x0
D/dalvikvm( 2112): Added shared lib libnativehelper.so 0x0
D/dalvikvm( 2112): No JNI_OnLoad found in libnativehelper.so 0x0, skipping init
I/ChimeraCfgMgr( 1776): Updating module config: <no config> -> container:2024149000700
D/dalvikvm( 1776): DexOpt: couldn't find static field Landroid/os/Build;.SUPPORTED_64_BIT_ABIS
W/dalvikvm( 1776): VFY: unable to resolve static field 1539 (SUPPORTED_64_BIT_ABIS) in Landroid/os/Build;
D/dalvikvm( 1776): VFY: replacing opcode 0x62 at 0x0214
D/Nat464Xlat( 1569): requiresClat: netType=5, hasIPv4Address=true
D/dalvikvm( 2112): Note: class Landroid/app/ActivityManagerNative; has 179 unimplemented (abstract) methods
D/dalvikvm( 1569): GC_FOR_ALLOC freed 971K, 52% free 7165K/14820K, paused 6ms, total 6ms
E/memtrack( 2112): Couldn't load memtrack module (No such file or directory)
E/android.os.Debug( 2112): failed to load memtrack module: -2
D/AndroidRuntime( 2112): Calling main entry com.android.commands.pm.Pm
D/AndroidRuntime( 2112): Shutting down VM
D/jdwp    ( 2112): Got wake-up signal, bailing out of select
D/dalvikvm( 2112): Debugger has detached; object registry had 1 entries
D/dalvikvm( 1569): GC_FOR_ALLOC freed 1055K, 52% free 7157K/14820K, paused 8ms, total 8ms
I/ChimeraCfgMgr( 2094): Sending com.google.android.chimera.IntentOperation.NEW_MODULE Intents: 1,true,true
D/dalvikvm( 1569): GC_FOR_ALLOC freed 1034K, 52% free 7168K/14820K, paused 5ms, total 5ms
D/dalvikvm( 1569): GC_FOR_ALLOC freed 1012K, 52% free 7205K/14820K, paused 5ms, total 6ms
I/ChmraDebugLogger( 2094): [46] 
D/dalvikvm( 2094): DexOpt: couldn't find static field Landroid/os/Build;.SUPPORTED_64_BIT_ABIS
W/dalvikvm( 2094): VFY: unable to resolve static field 1539 (SUPPORTED_64_BIT_ABIS) in Landroid/os/Build;
D/dalvikvm( 2094): VFY: replacing opcode 0x62 at 0x0214
W/ProviderHelper( 1776): Unknown dynamite feature providerinstaller
I/DynamiteModule( 1776): Considering local module providerinstaller:0 and remote module providerinstaller:0
W/ProviderInstaller( 1776): Failed to load providerinstaller module: No acceptable module found. Local version is 0 and remote version is 0.
I/dalvikvm( 1776): Could not find method android.content.ContextWrapper.createCredentialProtectedStorageContext, referenced from method nfr.createCredentialProtectedStorageContext
W/dalvikvm( 1776): VFY: unable to resolve virtual method 2508: Landroid/content/ContextWrapper;.createCredentialProtectedStorageContext ()Landroid/content/Context;
D/dalvikvm( 1776): VFY: replacing opcode 0x6f at 0x0002
I/dalvikvm( 1776): Could not find method android.content.ContextWrapper.createDeviceProtectedStorageContext, referenced from method nfr.createDeviceProtectedStorageContext
W/dalvikvm( 1776): VFY: unable to resolve virtual method 2509: Landroid/content/ContextWrapper;.createDeviceProtectedStorageContext ()Landroid/content/Context;
D/dalvikvm( 1776): VFY: replacing opcode 0x6f at 0x0002
W/ProviderHelper( 2094): Unknown dynamite feature providerinstaller
I/DynamiteModule( 2094): Considering local module providerinstaller:0 and remote module providerinstaller:0
W/ProviderInstaller( 2094): Failed to load providerinstaller module: No acceptable module found. Local version is 0 and remote version is 0.
I/dalvikvm( 2094): Could not find method android.content.ContextWrapper.createCredentialProtectedStorageContext, referenced from method nfr.createCredentialProtectedStorageContext
W/dalvikvm( 2094): VFY: unable to resolve virtual method 2508: Landroid/content/ContextWrapper;.createCredentialProtectedStorageContext ()Landroid/content/Context;
D/dalvikvm( 2094): VFY: replacing opcode 0x6f at 0x0002
I/dalvikvm( 2094): Could not find method android.content.ContextWrapper.createDeviceProtectedStorageContext, referenced from method nfr.createDeviceProtectedStorageContext
W/dalvikvm( 2094): VFY: unable to resolve virtual method 2509: Landroid/content/ContextWrapper;.createDeviceProtectedStorageContext ()Landroid/content/Context;
D/dalvikvm( 2094): VFY: replacing opcode 0x6f at 0x0002
D/dalvikvm( 1776): DexOpt: couldn't find static field Landroid/os/Build;.SUPPORTED_64_BIT_ABIS
W/dalvikvm( 1776): VFY: unable to resolve static field 1539 (SUPPORTED_64_BIT_ABIS) in Landroid/os/Build;
D/dalvikvm( 1776): VFY: replacing opcode 0x62 at 0x0080
D/dalvikvm( 1776): DexOpt: couldn't find static field Landroid/os/Build;.SUPPORTED_ABIS
W/dalvikvm( 1776): VFY: unable to resolve static field 1540 (SUPPORTED_ABIS) in Landroid/os/Build;
D/dalvikvm( 1776): VFY: replacing opcode 0x62 at 0x00d3
D/dalvikvm( 2094): DexOpt: couldn't find static field Landroid/os/Build;.SUPPORTED_64_BIT_ABIS
W/dalvikvm( 2094): VFY: unable to resolve static field 1539 (SUPPORTED_64_BIT_ABIS) in Landroid/os/Build;
D/dalvikvm( 2094): VFY: replacing opcode 0x62 at 0x0080
D/dalvikvm( 2094): DexOpt: couldn't find static field Landroid/os/Build;.SUPPORTED_ABIS
W/dalvikvm( 2094): VFY: unable to resolve static field 1540 (SUPPORTED_ABIS) in Landroid/os/Build;
D/dalvikvm( 2094): VFY: replacing opcode 0x62 at 0x00d3
V/NativeCrypto( 2094): Registering com/google/android/gms/org/conscrypt/NativeCrypto's 286 native methods...
W/dalvikvm( 2094): Unable to resolve superclass of Lcom/google/android/gms/org/conscrypt/TrustManagerImpl; (5184)
W/dalvikvm( 2094): Link of class 'Lcom/google/android/gms/org/conscrypt/TrustManagerImpl;' failed
I/dalvikvm( 2094): Could not find method com.google.android.gms.org.conscrypt.TrustManagerImpl.getDefaultHostnameVerifier, referenced from method com.google.android.gms.org.conscrypt.Conscrypt.getDefaultHostnameVerifier
W/dalvikvm( 2094): VFY: unable to resolve static method 17870: Lcom/google/android/gms/org/conscrypt/TrustManagerImpl;.getDefaultHostnameVerifier ()Lcom/google/android/gms/org/conscrypt/ConscryptHostnameVerifier;
D/dalvikvm( 2094): VFY: replacing opcode 0x71 at 0x0003
D/dalvikvm( 2094): GC_FOR_ALLOC freed 1275K, 36% free 3549K/5492K, paused 2ms, total 2ms
W/dalvikvm( 2094): Unable to resolve superclass of Lcom/google/android/gms/org/conscrypt/TrustManagerImpl; (5184)
W/dalvikvm( 2094): Link of class 'Lcom/google/android/gms/org/conscrypt/TrustManagerImpl;' failed
W/dalvikvm( 2094): VFY: unable to find class referenced in signature (Lcom/google/android/gms/org/conscrypt/TrustManagerImpl;)
W/dalvikvm( 2094): Unable to resolve superclass of Lcom/google/android/gms/org/conscrypt/TrustManagerImpl; (5184)
W/dalvikvm( 2094): Link of class 'Lcom/google/android/gms/org/conscrypt/TrustManagerImpl;' failed
I/dalvikvm( 2094): Could not find method com.google.android.gms.org.conscrypt.TrustManagerImpl.getHostnameVerifier, referenced from method com.google.android.gms.org.conscrypt.Conscrypt.getHostnameVerifier
W/dalvikvm( 2094): VFY: unable to resolve virtual method 17872: Lcom/google/android/gms/org/conscrypt/TrustManagerImpl;.getHostnameVerifier ()Lcom/google/android/gms/org/conscrypt/ConscryptHostnameVerifier;
D/dalvikvm( 2094): VFY: replacing opcode 0x6e at 0x0004
W/dalvikvm( 2094): Unable to resolve superclass of Lcom/google/android/gms/org/conscrypt/TrustManagerImpl; (5184)
W/dalvikvm( 2094): Link of class 'Lcom/google/android/gms/org/conscrypt/TrustManagerImpl;' failed
E/dalvikvm( 2094): Could not find class 'com.google.android.gms.org.conscrypt.TrustManagerImpl', referenced from method com.google.android.gms.org.conscrypt.Conscrypt.isConscrypt
W/dalvikvm( 2094): VFY: unable to resolve instanceof 4452 (Lcom/google/android/gms/org/conscrypt/TrustManagerImpl;) in Lcom/google/android/gms/org/conscrypt/Conscrypt;
D/dalvikvm( 2094): VFY: replacing opcode 0x20 at 0x0000
W/dalvikvm( 2094): Unable to resolve superclass of Lcom/google/android/gms/org/conscrypt/TrustManagerImpl; (5184)
W/dalvikvm( 2094): Link of class 'Lcom/google/android/gms/org/conscrypt/TrustManagerImpl;' failed
I/dalvikvm( 2094): Could not find method com.google.android.gms.org.conscrypt.TrustManagerImpl.setDefaultHostnameVerifier, referenced from method com.google.android.gms.org.conscrypt.Conscrypt.setDefaultHostnameVerifier
W/dalvikvm( 2094): VFY: unable to resolve static method 17882: Lcom/google/android/gms/org/conscrypt/TrustManagerImpl;.setDefaultHostnameVerifier (Lcom/google/android/gms/org/conscrypt/ConscryptHostnameVerifier;)V
D/dalvikvm( 2094): VFY: replacing opcode 0x71 at 0x0003
W/dalvikvm( 2094): Unable to resolve superclass of Lcom/google/android/gms/org/conscrypt/TrustManagerImpl; (5184)
W/dalvikvm( 2094): Link of class 'Lcom/google/android/gms/org/conscrypt/TrustManagerImpl;' failed
W/dalvikvm( 2094): VFY: unable to find class referenced in signature (Lcom/google/android/gms/org/conscrypt/TrustManagerImpl;)
W/dalvikvm( 2094): Unable to resolve superclass of Lcom/google/android/gms/org/conscrypt/TrustManagerImpl; (5184)
W/dalvikvm( 2094): Link of class 'Lcom/google/android/gms/org/conscrypt/TrustManagerImpl;' failed
I/dalvikvm( 2094): Could not find method com.google.android.gms.org.conscrypt.TrustManagerImpl.setHostnameVerifier, referenced from method com.google.android.gms.org.conscrypt.Conscrypt.setHostnameVerifier
W/dalvikvm( 2094): VFY: unable to resolve virtual method 17883: Lcom/google/android/gms/org/conscrypt/TrustManagerImpl;.setHostnameVerifier (Lcom/google/android/gms/org/conscrypt/ConscryptHostnameVerifier;)V
D/dalvikvm( 2094): VFY: replacing opcode 0x6e at 0x0004
W/dalvikvm( 2094): Unable to resolve superclass of Lcom/google/android/gms/org/conscrypt/TrustManagerImpl; (5184)
W/dalvikvm( 2094): Link of class 'Lcom/google/android/gms/org/conscrypt/TrustManagerImpl;' failed
E/dalvikvm( 2094): Could not find class 'com.google.android.gms.org.conscrypt.TrustManagerImpl', referenced from method com.google.android.gms.org.conscrypt.Conscrypt.toConscrypt
W/dalvikvm( 2094): VFY: unable to resolve check-cast 4452 (Lcom/google/android/gms/org/conscrypt/TrustManagerImpl;) in Lcom/google/android/gms/org/conscrypt/Conscrypt;
D/dalvikvm( 2094): VFY: replacing opcode 0x1f at 0x002a
V/NativeCrypto( 1776): Registering com/google/android/gms/org/conscrypt/NativeCrypto's 286 native methods...
W/dalvikvm( 1776): Unable to resolve superclass of Lcom/google/android/gms/org/conscrypt/TrustManagerImpl; (5184)
W/dalvikvm( 1776): Link of class 'Lcom/google/android/gms/org/conscrypt/TrustManagerImpl;' failed
I/dalvikvm( 1776): Could not find method com.google.android.gms.org.conscrypt.TrustManagerImpl.getDefaultHostnameVerifier, referenced from method com.google.android.gms.org.conscrypt.Conscrypt.getDefaultHostnameVerifier
W/dalvikvm( 1776): VFY: unable to resolve static method 17870: Lcom/google/android/gms/org/conscrypt/TrustManagerImpl;.getDefaultHostnameVerifier ()Lcom/google/android/gms/org/conscrypt/ConscryptHostnameVerifier;
D/dalvikvm( 1776): VFY: replacing opcode 0x71 at 0x0003
W/dalvikvm( 1776): Unable to resolve superclass of Lcom/google/android/gms/org/conscrypt/TrustManagerImpl; (5184)
W/dalvikvm( 1776): Link of class 'Lcom/google/android/gms/org/conscrypt/TrustManagerImpl;' failed
W/dalvikvm( 1776): VFY: unable to find class referenced in signature (Lcom/google/android/gms/org/conscrypt/TrustManagerImpl;)
W/dalvikvm( 1776): Unable to resolve superclass of Lcom/google/android/gms/org/conscrypt/TrustManagerImpl; (5184)
W/dalvikvm( 1776): Link of class 'Lcom/google/android/gms/org/conscrypt/TrustManagerImpl;' failed
I/dalvikvm( 1776): Could not find method com.google.android.gms.org.conscrypt.TrustManagerImpl.getHostnameVerifier, referenced from method com.google.android.gms.org.conscrypt.Conscrypt.getHostnameVerifier
W/dalvikvm( 1776): VFY: unable to resolve virtual method 17872: Lcom/google/android/gms/org/conscrypt/TrustManagerImpl;.getHostnameVerifier ()Lcom/google/android/gms/org/conscrypt/ConscryptHostnameVerifier;
D/dalvikvm( 1776): VFY: replacing opcode 0x6e at 0x0004
W/dalvikvm( 1776): Unable to resolve superclass of Lcom/google/android/gms/org/conscrypt/TrustManagerImpl; (5184)
W/dalvikvm( 1776): Link of class 'Lcom/google/android/gms/org/conscrypt/TrustManagerImpl;' failed
E/dalvikvm( 1776): Could not find class 'com.google.android.gms.org.conscrypt.TrustManagerImpl', referenced from method com.google.android.gms.org.conscrypt.Conscrypt.isConscrypt
W/dalvikvm( 1776): VFY: unable to resolve instanceof 4452 (Lcom/google/android/gms/org/conscrypt/TrustManagerImpl;) in Lcom/google/android/gms/org/conscrypt/Conscrypt;
D/dalvikvm( 1776): VFY: replacing opcode 0x20 at 0x0000
W/dalvikvm( 1776): Unable to resolve superclass of Lcom/google/android/gms/org/conscrypt/TrustManagerImpl; (5184)
W/dalvikvm( 1776): Link of class 'Lcom/google/android/gms/org/conscrypt/TrustManagerImpl;' failed
I/dalvikvm( 1776): Could not find method com.google.android.gms.org.conscrypt.TrustManagerImpl.setDefaultHostnameVerifier, referenced from method com.google.android.gms.org.conscrypt.Conscrypt.setDefaultHostnameVerifier
W/dalvikvm( 1776): VFY: unable to resolve static method 17882: Lcom/google/android/gms/org/conscrypt/TrustManagerImpl;.setDefaultHostnameVerifier (Lcom/google/android/gms/org/conscrypt/ConscryptHostnameVerifier;)V
D/dalvikvm( 1776): VFY: replacing opcode 0x71 at 0x0003
W/dalvikvm( 1776): Unable to resolve superclass of Lcom/google/android/gms/org/conscrypt/TrustManagerImpl; (5184)
W/dalvikvm( 1776): Link of class 'Lcom/google/android/gms/org/conscrypt/TrustManagerImpl;' failed
W/dalvikvm( 1776): VFY: unable to find class referenced in signature (Lcom/google/android/gms/org/conscrypt/TrustManagerImpl;)
W/dalvikvm( 1776): Unable to resolve superclass of Lcom/google/android/gms/org/conscrypt/TrustManagerImpl; (5184)
W/dalvikvm( 1776): Link of class 'Lcom/google/android/gms/org/conscrypt/TrustManagerImpl;' failed
I/dalvikvm( 1776): Could not find method com.google.android.gms.org.conscrypt.TrustManagerImpl.setHostnameVerifier, referenced from method com.google.android.gms.org.conscrypt.Conscrypt.setHostnameVerifier
W/dalvikvm( 1776): VFY: unable to resolve virtual method 17883: Lcom/google/android/gms/org/conscrypt/TrustManagerImpl;.setHostnameVerifier (Lcom/google/android/gms/org/conscrypt/ConscryptHostnameVerifier;)V
D/dalvikvm( 1776): VFY: replacing opcode 0x6e at 0x0004
D/dalvikvm( 2094): GC_FOR_ALLOC freed 384K, 34% free 3677K/5492K, paused 1ms, total 1ms
W/dalvikvm( 1776): Unable to resolve superclass of Lcom/google/android/gms/org/conscrypt/TrustManagerImpl; (5184)
W/dalvikvm( 1776): Link of class 'Lcom/google/android/gms/org/conscrypt/TrustManagerImpl;' failed
D/dalvikvm( 1569): GC_FOR_ALLOC freed 1045K, 52% free 7217K/14820K, paused 8ms, total 9ms
D/dalvikvm( 1776): GC_FOR_ALLOC freed 1396K, 43% free 3402K/5928K, paused 3ms, total 3ms
E/dalvikvm( 1776): Could not find class 'com.google.android.gms.org.conscrypt.TrustManagerImpl', referenced from method com.google.android.gms.org.conscrypt.Conscrypt.toConscrypt
W/dalvikvm( 1776): VFY: unable to resolve check-cast 4452 (Lcom/google/android/gms/org/conscrypt/TrustManagerImpl;) in Lcom/google/android/gms/org/conscrypt/Conscrypt;
D/dalvikvm( 1776): VFY: replacing opcode 0x1f at 0x002a
D/dalvikvm( 1569): GC_FOR_ALLOC freed 1061K, 52% free 7217K/14820K, paused 6ms, total 6ms
D/dalvikvm( 1776): GC_FOR_ALLOC freed 170K, 37% free 3743K/5928K, paused 2ms, total 2ms
D/dalvikvm( 1569): GC_FOR_ALLOC freed 1060K, 52% free 7217K/14820K, paused 6ms, total 6ms
D/dalvikvm( 2094): GC_FOR_ALLOC freed 141K, 27% free 4047K/5492K, paused 17ms, total 17ms
D/dalvikvm( 1569): GC_FOR_ALLOC freed 1060K, 52% free 7216K/14820K, paused 8ms, total 8ms
D/dalvikvm( 2094): GC_FOR_ALLOC freed 139K, 20% free 4419K/5492K, paused 3ms, total 3ms
D/dalvikvm( 1776): GC_FOR_ALLOC freed 143K, 31% free 4112K/5928K, paused 1ms, total 1ms
D/AndroidRuntime( 2134): 
D/AndroidRuntime( 2134): >>>>>> AndroidRuntime START com.android.internal.os.RuntimeInit <<<<<<
W/linker  ( 2134): libdvm.so has text relocations. This is wasting memory and is a security risk. Please fix.
D/AndroidRuntime( 2134): CheckJNI is ON
D/dalvikvm( 2134): Trying to load lib libjavacore.so 0x0
D/dalvikvm( 2134): Added shared lib libjavacore.so 0x0
D/dalvikvm( 2134): Trying to load lib libnativehelper.so 0x0
D/dalvikvm( 2134): Added shared lib libnativehelper.so 0x0
D/dalvikvm( 2134): No JNI_OnLoad found in libnativehelper.so 0x0, skipping init
D/dalvikvm( 2094): GC_FOR_ALLOC freed 129K, 13% free 4788K/5492K, paused 2ms, total 2ms
D/dalvikvm( 1776): GC_FOR_ALLOC freed 133K, 25% free 4491K/5928K, paused 2ms, total 2ms
D/dalvikvm( 2134): Note: class Landroid/app/ActivityManagerNative; has 179 unimplemented (abstract) methods
E/dalvikvm( 2094): Could not find class 'javax.net.ssl.SNIServerName', referenced from method com.google.android.gms.org.conscrypt.Platform.getSniHostnameFromParams
W/dalvikvm( 2094): VFY: unable to resolve check-cast 5160 (Ljavax/net/ssl/SNIServerName;) in Lcom/google/android/gms/org/conscrypt/Platform;
D/dalvikvm( 2094): VFY: replacing opcode 0x1f at 0x0025
E/dalvikvm( 2094): Could not find class 'javax.net.ssl.SNIHostName', referenced from method com.google.android.gms.org.conscrypt.Platform.setParametersSniHostname
W/dalvikvm( 2094): VFY: unable to resolve new-instance 5159 (Ljavax/net/ssl/SNIHostName;) in Lcom/google/android/gms/org/conscrypt/Platform;
D/dalvikvm( 2094): VFY: replacing opcode 0x22 at 0x0024
E/dalvikvm( 2094): Could not find class 'javax.net.ssl.SNIHostName', referenced from method com.google.android.gms.org.conscrypt.Platform.setParametersSniHostname
W/dalvikvm( 2094): VFY: unable to resolve new-instance 5159 (Ljavax/net/ssl/SNIHostName;) in Lcom/google/android/gms/org/conscrypt/Platform;
D/dalvikvm( 2094): VFY: replacing opcode 0x22 at 0x0024
D/dalvikvm( 2094): GC_FOR_ALLOC freed 231K, 10% free 5072K/5580K, paused 2ms, total 2ms
D/dalvikvm( 2094): DexOpt: unable to opt direct call 0x52f9 at 0x2a in Lcom/google/android/gms/org/conscrypt/Platform;.setParametersSniHostname
D/dalvikvm( 2094): DexOpt: unable to opt direct call 0x52f9 at 0x2a in Lcom/google/android/gms/org/conscrypt/Platform;.setParametersSniHostname
D/dalvikvm( 1776): GC_FOR_ALLOC freed 147K, 19% free 4855K/5928K, paused 3ms, total 3ms
E/memtrack( 2134): Couldn't load memtrack module (No such file or directory)
E/android.os.Debug( 2134): failed to load memtrack module: -2
E/dalvikvm( 1776): Could not find class 'javax.net.ssl.SNIServerName', referenced from method com.google.android.gms.org.conscrypt.Platform.getSniHostnameFromParams
W/dalvikvm( 1776): VFY: unable to resolve check-cast 5160 (Ljavax/net/ssl/SNIServerName;) in Lcom/google/android/gms/org/conscrypt/Platform;
D/dalvikvm( 1776): VFY: replacing opcode 0x1f at 0x0025
E/dalvikvm( 1776): Could not find class 'javax.net.ssl.SNIHostName', referenced from method com.google.android.gms.org.conscrypt.Platform.setParametersSniHostname
D/dalvikvm( 1569): GC_FOR_ALLOC freed 1060K, 52% free 7216K/14820K, paused 41ms, total 41ms
W/dalvikvm( 1776): VFY: unable to resolve new-instance 5159 (Ljavax/net/ssl/SNIHostName;) in Lcom/google/android/gms/org/conscrypt/Platform;
D/dalvikvm( 1776): VFY: replacing opcode 0x22 at 0x0024
E/dalvikvm( 1776): Could not find class 'javax.net.ssl.SNIHostName', referenced from method com.google.android.gms.org.conscrypt.Platform.setParametersSniHostname
W/dalvikvm( 1776): VFY: unable to resolve new-instance 5159 (Ljavax/net/ssl/SNIHostName;) in Lcom/google/android/gms/org/conscrypt/Platform;
D/dalvikvm( 1776): VFY: replacing opcode 0x22 at 0x0024
D/dalvikvm( 1776): DexOpt: unable to opt direct call 0x52f9 at 0x2a in Lcom/google/android/gms/org/conscrypt/Platform;.setParametersSniHostname
D/dalvikvm( 1776): DexOpt: unable to opt direct call 0x52f9 at 0x2a in Lcom/google/android/gms/org/conscrypt/Platform;.setParametersSniHostname
D/AndroidRuntime( 2134): Calling main entry com.android.commands.pm.Pm
D/AndroidRuntime( 2134): Shutting down VM
D/jdwp    ( 2134): Got wake-up signal, bailing out of select
D/dalvikvm( 2134): Debugger has detached; object registry had 1 entries
I/AndroidRuntime( 2134): NOTE: attach of thread 'Binder_1' failed
I/ProviderInstaller( 2094): Installed default security provider GmsCore_OpenSSL
D/dalvikvm( 1776): GC_FOR_ALLOC freed 427K, 15% free 5051K/5928K, paused 3ms, total 3ms
D/dalvikvm( 1569): GC_FOR_ALLOC freed 1060K, 52% free 7216K/14820K, paused 7ms, total 7ms
I/ProviderInstaller( 1776): Installed default security provider GmsCore_OpenSSL
D/dalvikvm( 1795): GC_EXPLICIT freed 457K, 17% free 3194K/3840K, paused 1ms+1ms, total 3ms
I/Safeboot( 2094): Checking safeboot...
I/Safeboot( 2094): Not entering safeboot; wrong process.
I/Safeboot( 1776): Checking safeboot...
D/dalvikvm( 2094): GC_FOR_ALLOC freed 433K, 12% free 5284K/5960K, paused 2ms, total 2ms
I/Safeboot Condition( 1776): No need to enter Safeboot.
E/dalvikvm( 1776): Could not find class 'com.google.common.flogger.backend.google.GooglePlatform', referenced from method beui.a
W/dalvikvm( 1776): VFY: unable to resolve const-class 4605 (Lcom/google/common/flogger/backend/google/GooglePlatform;) in Lbeui;
D/dalvikvm( 1776): VFY: replacing opcode 0x1c at 0x001b
E/dalvikvm( 2094): Could not find class 'com.google.common.flogger.backend.google.GooglePlatform', referenced from method beui.a
W/dalvikvm( 2094): VFY: unable to resolve const-class 4605 (Lcom/google/common/flogger/backend/google/GooglePlatform;) in Lbeui;
D/dalvikvm( 2094): VFY: replacing opcode 0x1c at 0x001b
D/dalvikvm( 1776): GC_FOR_ALLOC freed 341K, 10% free 5379K/5928K, paused 4ms, total 4ms
I/auxu    ( 2094): Primes not initialized, returning default (no-op) Primes instance which will ignore all calls. Please call Primes.initialize(...) before using any Primes API.
I/dalvikvm( 2094): Could not find method android.content.Context.bindService, referenced from method uws.bindService
W/dalvikvm( 2094): VFY: unable to resolve virtual method 2453: Landroid/content/Context;.bindService (Landroid/content/Intent;ILjava/util/concurrent/Executor;Landroid/content/ServiceConnection;)Z
D/dalvikvm( 2094): VFY: replacing opcode 0x6e at 0x0018
I/dalvikvm( 2094): Could not find method android.content.Context.bindService, referenced from method uws.bindService
W/dalvikvm( 2094): VFY: unable to resolve virtual method 2453: Landroid/content/Context;.bindService (Landroid/content/Intent;ILjava/util/concurrent/Executor;Landroid/content/ServiceConnection;)Z
D/dalvikvm( 2094): VFY: replacing opcode 0x6e at 0x0030
I/dalvikvm( 2094): Could not find method android.content.Context.startForegroundService, referenced from method uws.startForegroundService
W/dalvikvm( 2094): VFY: unable to resolve virtual method 2501: Landroid/content/Context;.startForegroundService (Landroid/content/Intent;)Landroid/content/ComponentName;
D/dalvikvm( 2094): VFY: replacing opcode 0x6e at 0x001c
I/dalvikvm( 2094): Could not find method android.content.Context.startForegroundService, referenced from method uws.startForegroundService
W/dalvikvm( 2094): VFY: unable to resolve virtual method 2501: Landroid/content/Context;.startForegroundService (Landroid/content/Intent;)Landroid/content/ComponentName;
D/dalvikvm( 2094): VFY: replacing opcode 0x6e at 0x0028
I/dalvikvm( 2094): Could not find method android.os.PowerManager.isPowerSaveMode, referenced from method uwl.a
W/dalvikvm( 2094): VFY: unable to resolve virtual method 3047: Landroid/os/PowerManager;.isPowerSaveMode ()Z
D/dalvikvm( 2094): VFY: replacing opcode 0x6e at 0x0010
I/DeviceDrDatabaseHelper( 1776): Creating databases!
I/dalvikvm( 1776): Could not find method android.content.Context.bindService, referenced from method uws.bindService
W/dalvikvm( 1776): VFY: unable to resolve virtual method 2453: Landroid/content/Context;.bindService (Landroid/content/Intent;ILjava/util/concurrent/Executor;Landroid/content/ServiceConnection;)Z
D/dalvikvm( 1776): VFY: replacing opcode 0x6e at 0x0018
I/dalvikvm( 1776): Could not find method android.content.Context.bindService, referenced from method uws.bindService
W/dalvikvm( 1776): VFY: unable to resolve virtual method 2453: Landroid/content/Context;.bindService (Landroid/content/Intent;ILjava/util/concurrent/Executor;Landroid/content/ServiceConnection;)Z
D/dalvikvm( 1776): VFY: replacing opcode 0x6e at 0x0030
I/dalvikvm( 1776): Could not find method android.content.Context.startForegroundService, referenced from method uws.startForegroundService
W/dalvikvm( 1776): VFY: unable to resolve virtual method 2501: Landroid/content/Context;.startForegroundService (Landroid/content/Intent;)Landroid/content/ComponentName;
D/dalvikvm( 1776): VFY: replacing opcode 0x6e at 0x001c
I/dalvikvm( 1776): Could not find method android.content.Context.startForegroundService, referenced from method uws.startForegroundService
W/dalvikvm( 1776): VFY: unable to resolve virtual method 2501: Landroid/content/Context;.startForegroundService (Landroid/content/Intent;)Landroid/content/ComponentName;
D/dalvikvm( 1776): VFY: replacing opcode 0x6e at 0x0028
I/dalvikvm( 1776): Could not find method android.os.PowerManager.isPowerSaveMode, referenced from method uwl.a
W/dalvikvm( 1776): VFY: unable to resolve virtual method 3047: Landroid/os/PowerManager;.isPowerSaveMode ()Z
D/dalvikvm( 1776): VFY: replacing opcode 0x6e at 0x0010
D/dalvikvm( 1569): GC_FOR_ALLOC freed 1056K, 52% free 7221K/14820K, paused 8ms, total 8ms
D/dalvikvm( 1776): GC_FOR_ALLOC freed 269K, 8% free 5858K/6364K, paused 4ms, total 4ms
I/auxu    ( 1776): Primes not initialized, returning default (no-op) Primes instance which will ignore all calls. Please call Primes.initialize(...) before using any Primes API.
D/dalvikvm( 1569): GC_FOR_ALLOC freed 1062K, 52% free 7221K/14820K, paused 6ms, total 6ms
D/dalvikvm( 1776): GC_FOR_ALLOC freed 280K, 8% free 6448K/7000K, paused 4ms, total 4ms
I/dalvikvm( 1776): Could not find method android.os.PowerManager.isPowerSaveMode, referenced from method ayli.c
W/dalvikvm( 1776): VFY: unable to resolve virtual method 1679: Landroid/os/PowerManager;.isPowerSaveMode ()Z
D/dalvikvm( 1776): VFY: replacing opcode 0x6e at 0x000a
E/dalvikvm( 1776): Could not find class 'android.content.RestrictionsManager', referenced from method axpy.a
W/dalvikvm( 1776): VFY: unable to resolve check-cast 215 (Landroid/content/RestrictionsManager;) in Laxpy;
D/dalvikvm( 1776): VFY: replacing opcode 0x1f at 0x009b
D/dalvikvm( 1569): GC_FOR_ALLOC freed 1062K, 52% free 7221K/14820K, paused 8ms, total 8ms
D/dalvikvm( 1795): GC_FOR_ALLOC freed 492K, 19% free 3210K/3956K, paused 2ms, total 2ms
D/AndroidRuntime( 2153): 
D/AndroidRuntime( 2153): >>>>>> AndroidRuntime START com.android.internal.os.RuntimeInit <<<<<<
W/linker  ( 2153): libdvm.so has text relocations. This is wasting memory and is a security risk. Please fix.
D/AndroidRuntime( 2153): CheckJNI is ON
D/dalvikvm( 2153): Trying to load lib libjavacore.so 0x0
D/dalvikvm( 2153): Added shared lib libjavacore.so 0x0
D/dalvikvm( 2153): Trying to load lib libnativehelper.so 0x0
D/dalvikvm( 2153): Added shared lib libnativehelper.so 0x0
D/dalvikvm( 2153): No JNI_OnLoad found in libnativehelper.so 0x0, skipping init
D/dalvikvm( 2153): Note: class Landroid/app/ActivityManagerNative; has 179 unimplemented (abstract) methods
D/dalvikvm( 1776): GC_FOR_ALLOC freed 505K, 11% free 6965K/7780K, paused 5ms, total 5ms
I/NativeLibraryUtils( 1776): Extraction to /data/data/com.google.android.gms/app_extracted_libs/x86/libAppDataSearch.so true
D/dalvikvm( 1569): GC_FOR_ALLOC freed 1060K, 52% free 7222K/14820K, paused 7ms, total 7ms
E/memtrack( 2153): Couldn't load memtrack module (No such file or directory)
E/android.os.Debug( 2153): failed to load memtrack module: -2
E/SQLiteLog( 1776): (1) no such table: Packages
I/NativeLibraryUtils( 1776): Extraction to /data/data/com.google.android.gms/app_extracted_libs/x86/libWhisper.so true
D/AndroidRuntime( 2153): Calling main entry com.android.commands.pm.Pm
D/AndroidRuntime( 2153): Shutting down VM
D/jdwp    ( 2153): Got wake-up signal, bailing out of select
D/dalvikvm( 2153): Debugger has detached; object registry had 1 entries
I/AndroidRuntime( 2153): NOTE: attach of thread 'Binder_3' failed
D/dalvikvm( 1569): GC_FOR_ALLOC freed 862K, 51% free 7326K/14820K, paused 16ms, total 16ms
I/NativeLibraryUtils( 1776): Extraction to /data/data/com.google.android.gms/app_extracted_libs/x86/libconscrypt_gmscore_jni.so true
I/dalvikvm( 1776): Could not find method android.content.ServiceConnection.onNullBinding, referenced from method uxb.onNullBinding
W/dalvikvm( 1776): VFY: unable to resolve interface method 2566: Landroid/content/ServiceConnection;.onNullBinding (Landroid/content/ComponentName;)V
D/dalvikvm( 1776): VFY: replacing opcode 0x72 at 0x000f
E/ConfigFileUtils( 2094): Failed to read config file: /data/data/com.google.android.gms/app_chimera/current_fileapks.pb: open failed: ENOENT (No such file or directory)
I/NativeLibraryUtils( 1776): Extraction to /data/data/com.google.android.gms/app_extracted_libs/x86/libgcastv2_base.so true
D/dalvikvm( 2094): GC_FOR_ALLOC freed 545K, 13% free 5479K/6240K, paused 4ms, total 4ms
I/GmsModuleFndr( 2094): Beginning GMS chimera module scan
E/ConfigFileUtils( 2094): Failed to read config file: /data/data/com.google.android.gms/app_chimera/current_fileapks.pb: open failed: ENOENT (No such file or directory)
I/ModuleSetMgr( 2094): Computing pending module set with APKs: []
D/dalvikvm( 1776): GC_FOR_ALLOC freed 1180K, 18% free 7016K/8472K, paused 14ms, total 14ms
I/ModuleSetMgr( 2094): Pending container module APKs: []
E/StrictMode( 1776): A resource was acquired at attached stack trace but never released. See java.io.Closeable for information on avoiding resource leaks.
E/StrictMode( 1776): java.lang.Throwable: Explicit termination method 'end' not called
E/StrictMode( 1776): 	at dalvik.system.CloseGuard.open(CloseGuard.java:184)
E/StrictMode( 1776): 	at java.util.zip.Inflater.<init>(Inflater.java:82)
E/StrictMode( 1776): 	at java.util.zip.ZipFile.getInputStream(ZipFile.java:310)
E/StrictMode( 1776): 	at npp.d(:com.google.android.gms@202414005@20.24.14 (000700-319035315):36)
E/StrictMode( 1776): 	at mob.run(:com.google.android.gms@202414005@20.24.14 (000700-319035315):0)
I/ModuleSetMgr( 2094): Pending non-container module APKs: []
E/ConfigFileUtils( 2094): Failed to read config file: /data/data/com.google.android.gms/app_chimera/current_fileapks.pb: open failed: ENOENT (No such file or directory)
I/NativeLibraryUtils( 1776): Extraction to /data/data/com.google.android.gms/app_extracted_libs/x86/libgcastv2_support.so true
E/ConfigFileUtils( 2094): Failed to read config file: /data/data/com.google.android.gms/app_chimera/current_fileapks.pb: open failed: ENOENT (No such file or directory)
I/GmsModuleFndr( 2094): Beginning GMS chimera module scan
I/NativeLibraryUtils( 1776): Extraction to /data/data/com.google.android.gms/app_extracted_libs/x86/libgmscore.so true
E/ConfigFileUtils( 2094): Failed to read config file: /data/data/com.google.android.gms/app_chimera/current_fileapks.pb: open failed: ENOENT (No such file or directory)
I/ModuleSetMgr( 2094): Computing pending module set with APKs: []
I/ModuleSetMgr( 2094): Pending container module APKs: []
I/ModuleSetMgr( 2094): Pending non-container module APKs: []
E/ConfigFileUtils( 2094): Failed to read config file: /data/data/com.google.android.gms/app_chimera/current_fileapks.pb: open failed: ENOENT (No such file or directory)
W/ModuleManager( 1776): Unable to get current module's fulfilled APIs in ModuleManager created with non-module Context
I/NativeLibraryUtils( 1776): Extraction to /data/data/com.google.android.gms/app_extracted_libs/x86/libgoogle-ocrclient-v3.so true
I/dalvikvm( 1776): Could not find method android.system.Os.statvfs, referenced from method mbx.a
W/dalvikvm( 1776): VFY: unable to resolve static method 5777: Landroid/system/Os;.statvfs (Ljava/lang/String;)Landroid/system/StructStatVfs;
D/dalvikvm( 1776): VFY: replacing opcode 0x71 at 0x0029
I/dalvikvm( 1776): DexOpt: unable to optimize instance field ref 0x076d at 0x2d in Lmbx;.a
E/ConfigFileUtils( 2094): Failed to read config file: /data/data/com.google.android.gms/app_chimera/current_fileapks.pb: open failed: ENOENT (No such file or directory)
I/GmsModuleFndr( 2094): Beginning GMS chimera module scan
I/dalvikvm( 2094): Could not find method android.accounts.AccountManager.removeAccount, referenced from method ymq.c
W/dalvikvm( 2094): VFY: unable to resolve virtual method 4165: Landroid/accounts/AccountManager;.removeAccount (Landroid/accounts/Account;Landroid/app/Activity;Landroid/accounts/AccountManagerCallback;Landroid/os/Handler;)Landroid/accounts/AccountManagerFuture;
D/dalvikvm( 2094): VFY: replacing opcode 0x6e at 0x0009
I/dalvikvm( 2094): Could not find method android.accounts.AccountManager.removeAccountExplicitly, referenced from method ymq.d
W/dalvikvm( 2094): VFY: unable to resolve virtual method 4166: Landroid/accounts/AccountManager;.removeAccountExplicitly (Landroid/accounts/Account;)Z
D/dalvikvm( 2094): VFY: replacing opcode 0x6e at 0x0008
E/ConfigFileUtils( 2094): Failed to read config file: /data/data/com.google.android.gms/app_chimera/current_fileapks.pb: open failed: ENOENT (No such file or directory)
I/ModuleSetMgr( 2094): Computing pending module set with APKs: []
I/ModuleSetMgr( 2094): Pending container module APKs: []
I/ModuleSetMgr( 2094): Pending non-container module APKs: []
E/ConfigFileUtils( 2094): Failed to read config file: /data/data/com.google.android.gms/app_chimera/current_fileapks.pb: open failed: ENOENT (No such file or directory)
I/NativeLibraryUtils( 1776): Extraction to /data/data/com.google.android.gms/app_extracted_libs/x86/libinertial-anchor-jni.so true
I/NativeLibraryUtils( 1776): Extraction to /data/data/com.google.android.gms/app_extracted_libs/x86/libjgcastservice.so true
D/dalvikvm( 1569): GC_FOR_ALLOC freed 1018K, 51% free 7391K/14820K, paused 14ms, total 15ms
D/dalvikvm( 2094): GC_FOR_ALLOC freed 763K, 15% free 5538K/6500K, paused 11ms, total 11ms
D/dalvikvm( 1776): GC_FOR_ALLOC freed 1072K, 16% free 7214K/8544K, paused 9ms, total 9ms
I/dalvikvm( 2094): Could not find method android.app.Activity.getMediaController, referenced from method com.google.android.chimera.ActivityBase.getMediaController
W/dalvikvm( 2094): VFY: unable to resolve virtual method 2155: Landroid/app/Activity;.getMediaController ()Landroid/media/session/MediaController;
D/dalvikvm( 2094): VFY: replacing opcode 0x6e at 0x0002
I/dalvikvm( 2094): Could not find method android.app.Activity.getSearchEvent, referenced from method com.google.android.chimera.ActivityBase.getSearchEvent
W/dalvikvm( 2094): VFY: unable to resolve virtual method 2160: Landroid/app/Activity;.getSearchEvent ()Landroid/view/SearchEvent;
D/dalvikvm( 2094): VFY: replacing opcode 0x6e at 0x0002
W/dalvikvm( 2094): VFY: unable to find class referenced in signature (Landroid/app/VoiceInteractor;)
W/dalvikvm( 2094): VFY: unable to find class referenced in signature (Landroid/app/VoiceInteractor;)
W/dalvikvm( 2094): VFY: unable to find class referenced in signature (Landroid/os/PersistableBundle;)
W/dalvikvm( 2094): VFY: unable to find class referenced in signature (Landroid/os/PersistableBundle;)
W/dalvikvm( 2094): VFY: unable to find class referenced in signature (Landroid/os/PersistableBundle;)
W/dalvikvm( 2094): VFY: unable to find class referenced in signature (Landroid/os/PersistableBundle;)
W/dalvikvm( 2094): VFY: unable to find class referenced in signature (Landroid/app/assist/AssistContent;)
W/dalvikvm( 2094): VFY: unable to find class referenced in signature (Landroid/app/assist/AssistContent;)
W/dalvikvm( 2094): VFY: unable to find class referenced in signature (Landroid/os/PersistableBundle;)
W/dalvikvm( 2094): VFY: unable to find class referenced in signature (Landroid/os/PersistableBundle;)
W/dalvikvm( 2094): VFY: unable to find class referenced in signature (Landroid/os/PersistableBundle;)
D/dalvikvm( 2094): GC_FOR_ALLOC freed 743K, 15% free 5613K/6580K, paused 5ms, total 5ms
W/dalvikvm( 2094): VFY: unable to find class referenced in signature (Landroid/os/PersistableBundle;)
W/dalvikvm( 2094): VFY: unable to find class referenced in signature (Landroid/view/SearchEvent;)
W/dalvikvm( 2094): VFY: unable to find class referenced in signature (Landroid/view/SearchEvent;)
I/dalvikvm( 2094): Could not find method android.app.Activity.requestPermissions, referenced from method com.google.android.chimera.ActivityBase.requestPermissions
W/dalvikvm( 2094): VFY: unable to resolve virtual method 2194: Landroid/app/Activity;.requestPermissions ([Ljava/lang/String;I)V
D/dalvikvm( 2094): VFY: replacing opcode 0x6e at 0x0002
W/dalvikvm( 2094): VFY: unable to find class referenced in signature (Landroid/media/session/MediaController;)
I/dalvikvm( 2094): Could not find method android.app.Activity.setMediaController, referenced from method com.google.android.chimera.ActivityBase.setMediaController
W/dalvikvm( 2094): VFY: unable to resolve virtual method 2205: Landroid/app/Activity;.setMediaController (Landroid/media/session/MediaController;)V
D/dalvikvm( 2094): VFY: replacing opcode 0x6e at 0x0002
E/dalvikvm( 2094): Could not find class 'android.app.ActivityManager$TaskDescription', referenced from method com.google.android.gms.growth.ui.webview.GrowthWebViewChimeraActivity.onCreate
W/dalvikvm( 2094): VFY: unable to resolve new-instance 1205 (Landroid/app/ActivityManager$TaskDescription;) in Lcom/google/android/gms/growth/ui/webview/GrowthWebViewChimeraActivity;
D/dalvikvm( 2094): VFY: replacing opcode 0x22 at 0x00d9
D/dalvikvm( 2094): DexOpt: unable to opt direct call 0x1060 at 0xe6 in Lcom/google/android/gms/growth/ui/webview/GrowthWebViewChimeraActivity;.onCreate
D/AndroidRuntime( 2193): 
D/AndroidRuntime( 2193): >>>>>> AndroidRuntime START com.android.internal.os.RuntimeInit <<<<<<
W/linker  ( 2193): libdvm.so has text relocations. This is wasting memory and is a security risk. Please fix.
D/AndroidRuntime( 2193): CheckJNI is ON
D/dalvikvm( 2193): Trying to load lib libjavacore.so 0x0
D/dalvikvm( 1569): GC_FOR_ALLOC freed 1107K, 51% free 7384K/14820K, paused 24ms, total 24ms
D/dalvikvm( 2193): Added shared lib libjavacore.so 0x0
D/dalvikvm( 2193): Trying to load lib libnativehelper.so 0x0
D/dalvikvm( 2193): Added shared lib libnativehelper.so 0x0
D/dalvikvm( 2193): No JNI_OnLoad found in libnativehelper.so 0x0, skipping init
I/NativeLibraryUtils( 1776): Extraction to /data/data/com.google.android.gms/app_extracted_libs/x86/libjingle_peerconnection_so.so true
D/dalvikvm( 2193): Note: class Landroid/app/ActivityManagerNative; has 179 unimplemented (abstract) methods
D/dalvikvm( 1776): GC_EXPLICIT freed 308K, 17% free 7134K/8544K, paused 1ms+4ms, total 21ms
I/NativeLibraryUtils( 1776): Extraction to /data/data/com.google.android.gms/app_extracted_libs/x86/libleveldbjni.so true
I/NativeLibraryUtils( 1776): Extraction to /data/data/com.google.android.gms/app_extracted_libs/x86/libmatching.so true
D/dalvikvm( 1569): GC_FOR_ALLOC freed 1092K, 51% free 7381K/14820K, paused 33ms, total 35ms
D/dalvikvm( 2094): GC_FOR_ALLOC freed 855K, 17% free 5607K/6680K, paused 6ms, total 6ms
I/NativeLibraryUtils( 1776): Extraction to /data/data/com.google.android.gms/app_extracted_libs/x86/libvcdiffjni.so true
I/NativeLibraryUtils( 1776): Extraction to /data/data/com.google.android.gms/app_extracted_libs/x86/libwearable-selector.so true
I/dalvikvm( 1776): Could not find method android.os.UserHandle.isOwner, referenced from method ahls.a
W/dalvikvm( 1776): VFY: unable to resolve virtual method 29745: Landroid/os/UserHandle;.isOwner ()Z
D/dalvikvm( 1776): VFY: replacing opcode 0x6e at 0x000a
E/memtrack( 2193): Couldn't load memtrack module (No such file or directory)
E/android.os.Debug( 2193): failed to load memtrack module: -2
I/NearbyDiscovery( 1776): DiscoveryService created [CONTEXT service_id=49 ]
E/BluetoothAdapter( 1830): Bluetooth binder is null
D/dalvikvm( 1145): GC_EXPLICIT freed 39K, 8% free 2993K/3224K, paused 1ms+0ms, total 3ms
D/dalvikvm( 1145): GC_EXPLICIT freed <1K, 8% free 2993K/3224K, paused 1ms+0ms, total 3ms
D/dalvikvm( 1145): GC_EXPLICIT freed <1K, 8% free 2993K/3224K, paused 1ms+0ms, total 7ms
I/ActivityManager( 1569): Start proc com.android.music for broadcast com.android.music/.MediaButtonIntentReceiver: pid=2212 uid=10036 gids={50036, 3003, 1028, 1015}
I/dalvikvm( 2212): CheckJNI enabled: not enabling JNI app bug workarounds.
D/AndroidRuntime( 2193): Calling main entry com.android.commands.pm.Pm
D/dalvikvm( 1569): GC_FOR_ALLOC freed 1145K, 51% free 7338K/14820K, paused 11ms, total 11ms
I/PackageManager( 1569): Running dexopt on: com.android.music
W/linker  ( 2227): libdvm.so has text relocations. This is wasting memory and is a security risk. Please fix.
D/dalvikvm( 2094): GC_FOR_ALLOC freed 764K, 15% free 5699K/6680K, paused 5ms, total 5ms
D/dalvikvm( 1569): GC_FOR_ALLOC freed 1130K, 51% free 7298K/14820K, paused 6ms, total 6ms
D/dalvikvm( 2227): DexOpt: load 5ms, verify+opt 13ms, 753588 bytes
W/dalvikvm( 1795): VFY: unable to resolve static field 1608 (PR_SET_DUMPABLE) in Landroid/system/OsConstants;
D/dalvikvm( 1795): VFY: replacing opcode 0x60 at 0x0017
W/dalvikvm( 1795): VFY: unable to find class referenced in signature (Lyqx;)
D/dalvikvm( 1795): GC_FOR_ALLOC freed 516K, 20% free 3207K/3976K, paused 2ms, total 2ms
I/PackageManager( 1569):   Action: "android.intent.action.SENDTO"
I/PackageManager( 1569):   Category: "android.intent.category.DEFAULT"
I/PackageManager( 1569):   Scheme: "sms"
W/dalvikvm( 1795): VFY: unable to find class referenced in signature (Lyro;)
I/PackageManager( 1569): Adding preferred activity ComponentInfo{com.android.mms/com.android.mms.ui.ComposeMessageActivity} for user 0 :
I/InputReader( 1569): Reconfiguring input devices.  changes=0x00000010
D/dalvikvm( 1569): GC_FOR_ALLOC freed 961K, 50% free 7417K/14820K, paused 11ms, total 11ms
I/Auth    ( 2094): [WorkAccount] update authenticator enabled for boot or update
I/InputReader( 1569): Reconfiguring input devices.  changes=0x00000010
I/PackageManager( 1569):   Action: "android.intent.action.SENDTO"
I/PackageManager( 1569):   Category: "android.intent.category.DEFAULT"
I/PackageManager( 1569):   Scheme: "smsto"
I/dalvikvm( 2094): Could not find method android.content.ServiceConnection.onNullBinding, referenced from method uxb.onNullBinding
W/dalvikvm( 2094): VFY: unable to resolve interface method 2566: Landroid/content/ServiceConnection;.onNullBinding (Landroid/content/ComponentName;)V
D/dalvikvm( 2094): VFY: replacing opcode 0x72 at 0x000f
I/PackageManager( 1569): Adding preferred activity ComponentInfo{com.android.mms/com.android.mms.ui.ComposeMessageActivity} for user 0 :
D/dalvikvm( 1812): GC_FOR_ALLOC freed 468K, 16% free 3609K/4268K, paused 2ms, total 2ms
I/PackageManager( 1569):   Action: "android.intent.action.SENDTO"
I/PackageManager( 1569):   Category: "android.intent.category.DEFAULT"
I/PackageManager( 1569):   Scheme: "mms"
I/PackageManager( 1569):   Action: "android.intent.action.SENDTO"
I/PackageManager( 1569):   Category: "android.intent.category.DEFAULT"
I/PackageManager( 1569):   Scheme: "mmsto"
I/PackageManager( 1569): Adding preferred activity ComponentInfo{com.android.mms/com.android.mms.ui.ComposeMessageActivity} for user 0 :
I/ActivityManager( 1569): Start proc com.android.defcontainer for service com.android.defcontainer/.DefaultContainerService: pid=2230 uid=10003 gids={50003, 1028, 1015, 1023, 2001, 1035}
I/PackageManager( 1569): Adding preferred activity ComponentInfo{com.android.mms/com.android.mms.ui.ComposeMessageActivity} for user 0 :
I/PackageManager( 1569): Running dexopt on: com.android.defcontainer
I/dalvikvm( 1795): Could not find method android.system.Os.readlink, referenced from method msk.a
W/dalvikvm( 1795): VFY: unable to resolve static method 3145: Landroid/system/Os;.readlink (Ljava/lang/String;)Ljava/lang/String;
D/dalvikvm( 1795): VFY: replacing opcode 0x71 at 0x00b0
I/dalvikvm( 1795): Could not find method android.os.PowerManager.isInteractive, referenced from method ndc.a
W/dalvikvm( 1795): VFY: unable to resolve virtual method 3046: Landroid/os/PowerManager;.isInteractive ()Z
D/dalvikvm( 1795): VFY: replacing opcode 0x6e at 0x0013
I/dalvikvm( 1795): Could not find method com.google.android.chimera.ModuleContext.getAttributionTag, referenced from method com.google.android.chimera.ModuleContext.createAttributionContext
W/dalvikvm( 1795): VFY: unable to resolve virtual method 14170: Lcom/google/android/chimera/ModuleContext;.getAttributionTag ()Ljava/lang/String;
D/dalvikvm( 1795): VFY: replacing opcode 0x6e at 0x0004
I/dalvikvm( 1795): Could not find method com.google.android.chimera.ContextThemeWrapper.createAttributionContext, referenced from method com.google.android.chimera.ModuleContext.createAttributionContext
W/dalvikvm( 1795): VFY: unable to resolve virtual method 13785: Lcom/google/android/chimera/ContextThemeWrapper;.createAttributionContext (Ljava/lang/String;)Landroid/content/Context;
D/dalvikvm( 1795): VFY: replacing opcode 0x6f at 0x0035
I/dalvikvm( 1795): Could not find method android.content.ContextWrapper.createCredentialProtectedStorageContext, referenced from method com.google.android.chimera.ModuleContext.createCredentialProtectedStorageContext
W/dalvikvm( 1795): VFY: unable to resolve virtual method 2508: Landroid/content/ContextWrapper;.createCredentialProtectedStorageContext ()Landroid/content/Context;
D/dalvikvm( 1795): VFY: replacing opcode 0x6f at 0x0002
I/dalvikvm( 1795): Could not find method android.content.ContextWrapper.createDeviceProtectedStorageContext, referenced from method com.google.android.chimera.ModuleContext.createDeviceProtectedStorageContext
W/dalvikvm( 1795): VFY: unable to resolve virtual method 2509: Landroid/content/ContextWrapper;.createDeviceProtectedStorageContext ()Landroid/content/Context;
D/dalvikvm( 1795): VFY: replacing opcode 0x6f at 0x0002
I/dalvikvm( 1795): Could not find method com.google.android.chimera.ContextThemeWrapper.sendBroadcastWithMultiplePermissions, referenced from method com.google.android.chimera.ModuleContext.sendBroadcastWithMultiplePermissions
