D/dalvikvm( 2094): VFY: replacing opcode 0x71 at 0x0023
I/ChromeSync( 2094): [Sync,SyncIntentOperation] Handling the intent: Intent { act=com.google.android.gms.chimera.container.CONTAINER_UPDATED pkg=com.google.android.gms }.
D/dalvikvm( 2443): GC_FOR_ALLOC freed 284K, 13% free 3222K/3696K, paused 1ms, total 1ms
I/ChimeraConfigService( 2094): Scheduling checkin every 120 seconds, with flex of 60 seconds
I/constellation( 2094): [periodic_consent_checker] periodic consent checker is disabled.
D/dalvikvm( 1795): GC_EXPLICIT freed 141K, 30% free 5371K/7592K, paused 0ms+1ms, total 22ms
I/Icing   ( 2094): updateResources: need to parse wwx{com.google.android.gms}
D/ConnectivityService( 1569): [CheckMp] isMobileOk: X result=1
D/ConnectivityService( 1569): [CheckMp] onPostExecute: result=1
D/ConnectivityService( 1569): CheckMp.onComplete: result=1
D/ConnectivityService( 1569): CheckMp.onComplete: ignore, connected or no connection
I/dalvikvm( 2094): Could not find method android.os.UserManager.isManagedProfile, referenced from method lbq.a
W/dalvikvm( 2094): VFY: unable to resolve virtual method 4277: Landroid/os/UserManager;.isManagedProfile ()Z
D/dalvikvm( 2094): VFY: replacing opcode 0x6e at 0x007c
W/ContextImpl( 2443): Implicit intents with startService are not safe: Intent { act=com.google.android.gms.icing.INDEX_SERVICE } android.content.ContextWrapper.bindService:517 com.google.android.gms.internal.av.a:-1 com.google.android.gms.internal.au.connect:-1 
D/dalvikvm( 2094): GC_FOR_ALLOC freed 1280K, 16% free 8078K/9548K, paused 19ms, total 19ms
E/StrictMode( 2094): Finalizing a Cursor that has not been deactivated or closed. database = /data/data/com.google.android.gms/databases/matchstickv9.db, table = sharedPreference, query = SELECT * FROM sharedPreference WHERE key = ?
E/StrictMode( 2094): android.database.sqlite.DatabaseObjectNotClosedException: Application did not close the cursor or database object that was opened here
E/StrictMode( 2094): 	at android.database.sqlite.SQLiteCursor.<init>(SQLiteCursor.java:98)
E/StrictMode( 2094): 	at android.database.sqlite.SQLiteDirectCursorDriver.query(SQLiteDirectCursorDriver.java:50)
E/StrictMode( 2094): 	at android.database.sqlite.SQLiteDatabase.rawQueryWithFactory(SQLiteDatabase.java:1314)
E/StrictMode( 2094): 	at android.database.sqlite.SQLiteDatabase.queryWithFactory(SQLiteDatabase.java:1161)
E/StrictMode( 2094): 	at android.database.sqlite.SQLiteDatabase.query(SQLiteDatabase.java:1032)
E/StrictMode( 2094): 	at android.database.sqlite.SQLiteDatabase.query(SQLiteDatabase.java:1200)
E/StrictMode( 2094): 	at aqsg.a(:com.google.android.gms@202414005@20.24.14 (000700-319035315):7)
E/StrictMode( 2094): 	at aqsv.K(:com.google.android.gms@202414005@20.24.14 (000700-319035315):4)
E/StrictMode( 2094): 	at com.google.android.gms.matchstick.intent.MatchstickIntentHandler$OnModuleInitOperation.a(:com.google.android.gms@202414005@20.24.14 (000700-319035315):14)
E/StrictMode( 2094): 	at ljt.onHandleIntent(:com.google.android.gms@202414005@20.24.14 (000700-319035315):7)
E/StrictMode( 2094): 	at com.google.android.chimera.IntentOperation.onHandleIntent(:com.google.android.gms@202414005@20.24.14 (000700-319035315):2)
E/StrictMode( 2094): 	at ljm.onHandleIntent(:com.google.android.gms@202414005@20.24.14 (000700-319035315):4)
E/StrictMode( 2094): 	at bsh.run(:com.google.android.gms@202414005@20.24.14 (000700-319035315):5)
E/StrictMode( 2094): 	at bsg.run(:com.google.android.gms@202414005@20.24.14 (000700-319035315):10)
E/StrictMode( 2094): 	at java.util.concurrent.ThreadPoolExecutor.runWorker(ThreadPoolExecutor.java:1112)
E/StrictMode( 2094): 	at java.util.concurrent.ThreadPoolExecutor$Worker.run(ThreadPoolExecutor.java:587)
E/StrictMode( 2094): 	at java.lang.Thread.run(Thread.java:841)
I/dalvikvm( 2094): Could not find method android.telephony.SubscriptionManager.from, referenced from method arew.a
W/dalvikvm( 2094): VFY: unable to resolve static method 1982: Landroid/telephony/SubscriptionManager;.from (Landroid/content/Context;)Landroid/telephony/SubscriptionManager;
D/dalvikvm( 2094): VFY: replacing opcode 0x71 at 0x006c
D/dalvikvm( 1776): GC_FOR_ALLOC freed 895K, 15% free 7939K/9336K, paused 8ms, total 9ms
E/dalvikvm( 2094): Could not find class 'android.telephony.SubscriptionManager', referenced from method lbk.a
I/NearbySharing( 2094): Runtime state initialization complete. Sharing is disabled. [CONTEXT service_id=194 ]
W/dalvikvm( 2094): VFY: unable to resolve check-cast 1109 (Landroid/telephony/SubscriptionManager;) in Llbk;
D/dalvikvm( 2094): VFY: replacing opcode 0x1f at 0x0236
I/dalvikvm( 2094): Could not find method java.util.Locale.toLanguageTag, referenced from method lbk.a
W/dalvikvm( 2094): VFY: unable to resolve virtual method 43769: Ljava/util/Locale;.toLanguageTag ()Ljava/lang/String;
D/dalvikvm( 2094): VFY: replacing opcode 0x6e at 0x0025
W/dalvikvm( 2094): VFY: unable to find class referenced in signature (Landroid/telephony/SubscriptionManager;)
I/dalvikvm( 2094): Could not find method android.telephony.SubscriptionManager.getActiveSubscriptionInfoList, referenced from method lbk.a
W/dalvikvm( 2094): VFY: unable to resolve virtual method 5833: Landroid/telephony/SubscriptionManager;.getActiveSubscriptionInfoList ()Ljava/util/List;
D/dalvikvm( 2094): VFY: replacing opcode 0x74 at 0x0004
I/CheckinRequestBuilder( 2094): Checkin reason type: 5 attempt count: 1 [CONTEXT service_id=130 ]
W/Settings( 1776): Setting airplane_mode_on has moved from android.provider.Settings.System to android.provider.Settings.Global, returning read-only value.
W/Settings( 1776): Setting airplane_mode_on has moved from android.provider.Settings.System to android.provider.Settings.Global, returning read-only value.
D/dalvikvm( 1795): GC_EXPLICIT freed 139K, 30% free 5375K/7592K, paused 1ms+0ms, total 13ms
E/GCM     ( 1776): Missing checkin config file
W/GCM     ( 1776): GCM FAILED TO INITIALIZE - missing checkin
E/GCM     ( 1776): Missing checkin config file
W/GCM     ( 1776): GCM FAILED TO INITIALIZE - missing checkin
E/WakeLock( 1776): GCM_HB_ALARM release without a matched acquire!
W/WakeLock( 1776): GCM_HB_ALARM counter does not exist
D/        ( 2094): HostConnection::get() New Host Connection established 0xb8c69210, tid 2434
D/EGL_emulation( 2094): eglCreateContext: 0xb8eaaef0: maj 1 min 0 rcv 1
D/EGL_emulation( 2094): eglMakeCurrent: 0xb8eaaef0: ver 1 0
D/EGL_emulation( 2094): eglCreateContext: 0xb8eaaef0: maj 3 min 0 rcv 3
D/EGL_emulation( 2094): eglMakeCurrent: 0xb8eaaef0: ver 3 0
E/eglCodecCommon( 2094): glUtilsParamSize: unknow param 0x00008cdf
E/eglCodecCommon( 2094): glUtilsParamSize: unknow param 0x00008824
D/dalvikvm( 1569): GC_FOR_ALLOC freed 1109K, 50% free 7525K/14820K, paused 7ms, total 7ms
I/ActivityManager( 1569): Start proc com.google.android.gms.unstable for service com.google.android.gms/.droidguard.DroidGuardService: pid=2494 uid=10007 gids={50007, 3003, 1007, 1028, 1015, 3002, 3001, 3007, 2001, 3006}
W/dalvikvm( 2494): VFY: unable to resolve static field 1608 (PR_SET_DUMPABLE) in Landroid/system/OsConstants;
D/dalvikvm( 2494): VFY: replacing opcode 0x60 at 0x0017
W/dalvikvm( 2494): VFY: unable to find class referenced in signature (Lyqx;)
W/dalvikvm( 2494): VFY: unable to find class referenced in signature (Lyro;)
I/dalvikvm( 2494): Could not find method android.system.Os.readlink, referenced from method msk.a
W/dalvikvm( 2494): VFY: unable to resolve static method 3145: Landroid/system/Os;.readlink (Ljava/lang/String;)Ljava/lang/String;
D/dalvikvm( 2494): VFY: replacing opcode 0x71 at 0x00b0
I/dalvikvm( 2494): Could not find method android.os.PowerManager.isInteractive, referenced from method ndc.a
W/dalvikvm( 2494): VFY: unable to resolve virtual method 3046: Landroid/os/PowerManager;.isInteractive ()Z
D/dalvikvm( 2494): VFY: replacing opcode 0x6e at 0x0013
I/dalvikvm( 2494): Could not find method com.google.android.chimera.ModuleContext.getAttributionTag, referenced from method com.google.android.chimera.ModuleContext.createAttributionContext
W/dalvikvm( 2494): VFY: unable to resolve virtual method 14170: Lcom/google/android/chimera/ModuleContext;.getAttributionTag ()Ljava/lang/String;
D/dalvikvm( 2494): VFY: replacing opcode 0x6e at 0x0004
I/dalvikvm( 2494): Could not find method com.google.android.chimera.ContextThemeWrapper.createAttributionContext, referenced from method com.google.android.chimera.ModuleContext.createAttributionContext
W/dalvikvm( 2494): VFY: unable to resolve virtual method 13785: Lcom/google/android/chimera/ContextThemeWrapper;.createAttributionContext (Ljava/lang/String;)Landroid/content/Context;
D/dalvikvm( 2494): VFY: replacing opcode 0x6f at 0x0035
I/dalvikvm( 2494): Could not find method android.content.ContextWrapper.createCredentialProtectedStorageContext, referenced from method com.google.android.chimera.ModuleContext.createCredentialProtectedStorageContext
W/dalvikvm( 2494): VFY: unable to resolve virtual method 2508: Landroid/content/ContextWrapper;.createCredentialProtectedStorageContext ()Landroid/content/Context;
D/dalvikvm( 2494): VFY: replacing opcode 0x6f at 0x0002
I/dalvikvm( 2494): Could not find method android.content.ContextWrapper.createDeviceProtectedStorageContext, referenced from method com.google.android.chimera.ModuleContext.createDeviceProtectedStorageContext
W/dalvikvm( 2494): VFY: unable to resolve virtual method 2509: Landroid/content/ContextWrapper;.createDeviceProtectedStorageContext ()Landroid/content/Context;
D/dalvikvm( 2494): VFY: replacing opcode 0x6f at 0x0002
I/dalvikvm( 2494): Could not find method com.google.android.chimera.ContextThemeWrapper.sendBroadcastWithMultiplePermissions, referenced from method com.google.android.chimera.ModuleContext.sendBroadcastWithMultiplePermissions
W/dalvikvm( 2494): VFY: unable to resolve virtual method 13795: Lcom/google/android/chimera/ContextThemeWrapper;.sendBroadcastWithMultiplePermissions (Landroid/content/Intent;[Ljava/lang/String;)V
D/dalvikvm( 2494): VFY: replacing opcode 0x6f at 0x0009
I/MultiDex( 2494): VM with version 1.6.0 does not have multidex support
I/MultiDex( 2494): Installing application
I/MultiDex( 2494): MultiDexExtractor(/system/priv-app/PrebuiltGmsCore.apk, /data/data/com.google.android.gms/code_cache/secondary-dexes)
I/MultiDex( 2494): Blocking on lock /data/data/com.google.android.gms/code_cache/secondary-dexes/MultiDex.lock
I/MultiDex( 2494): /data/data/com.google.android.gms/code_cache/secondary-dexes/MultiDex.lock locked
I/MultiDex( 2494): MultiDexExtractor.load(/system/priv-app/PrebuiltGmsCore.apk, false, )
I/MultiDex( 2494): loading existing secondary dex files
I/MultiDex( 2494): load found 5 secondary dex files
I/MultiDex( 2494): install done
I/dalvikvm( 2494): Could not find method android.os.UserHandle.isOwner, referenced from method nmy.f
W/dalvikvm( 2494): VFY: unable to resolve virtual method 3081: Landroid/os/UserHandle;.isOwner ()Z
D/dalvikvm( 2494): VFY: replacing opcode 0x6e at 0x000a
D/dalvikvm( 2494): GC_FOR_ALLOC freed 384K, 16% free 3118K/3696K, paused 2ms, total 2ms
I/dalvikvm( 2494): Could not find method android.content.pm.PackageManager.getPackageInstaller, referenced from method men.a
W/dalvikvm( 2494): VFY: unable to resolve virtual method 2608: Landroid/content/pm/PackageManager;.getPackageInstaller ()Landroid/content/pm/PackageInstaller;
D/dalvikvm( 2494): VFY: replacing opcode 0x6e at 0x001c
W/DynamiteModule( 2494): Local module descriptor class for providerinstaller not found.
I/dalvikvm( 2494): Could not find method android.system.Os.readlink, referenced from method bse.a
W/dalvikvm( 2494): VFY: unable to resolve static method 3145: Landroid/system/Os;.readlink (Ljava/lang/String;)Ljava/lang/String;
D/dalvikvm( 2494): VFY: replacing opcode 0x71 at 0x0044
I/dalvikvm( 2494): Could not find method android.system.Os.symlink, referenced from method bse.a
W/dalvikvm( 2494): VFY: unable to resolve static method 3147: Landroid/system/Os;.symlink (Ljava/lang/String;Ljava/lang/String;)V
D/dalvikvm( 2494): VFY: replacing opcode 0x71 at 0x00b0
I/dalvikvm( 2494): Could not find method android.system.Os.stat, referenced from method bse.a
W/dalvikvm( 2494): VFY: unable to resolve static method 3146: Landroid/system/Os;.stat (Ljava/lang/String;)Landroid/system/StructStat;
D/dalvikvm( 2494): VFY: replacing opcode 0x71 at 0x0005
W/dalvikvm( 2494): VFY: unable to resolve static field 1615 (S_IXUSR) in Landroid/system/OsConstants;
D/dalvikvm( 2494): VFY: replacing opcode 0x60 at 0x0007
I/dalvikvm( 2494): Could not find method android.system.Os.stat, referenced from method bse.b
W/dalvikvm( 2494): VFY: unable to resolve static method 3146: Landroid/system/Os;.stat (Ljava/lang/String;)Landroid/system/StructStat;
D/dalvikvm( 2494): VFY: replacing opcode 0x71 at 0x0040
W/dalvikvm( 2494): VFY: unable to resolve static field 1612 (S_IRUSR) in Landroid/system/OsConstants;
D/dalvikvm( 2494): VFY: replacing opcode 0x60 at 0x0007
D/dalvikvm( 2494): DexOpt: couldn't find static field Landroid/os/Build;.SUPPORTED_64_BIT_ABIS
W/dalvikvm( 2494): VFY: unable to resolve static field 1539 (SUPPORTED_64_BIT_ABIS) in Landroid/os/Build;
D/dalvikvm( 2494): VFY: replacing opcode 0x62 at 0x0214
W/ProviderHelper( 2494): Unknown dynamite feature providerinstaller
I/DynamiteModule( 2494): Considering local module providerinstaller:0 and remote module providerinstaller:0
W/ProviderInstaller( 2494): Failed to load providerinstaller module: No acceptable module found. Local version is 0 and remote version is 0.
I/dalvikvm( 2494): Could not find method android.content.ContextWrapper.createCredentialProtectedStorageContext, referenced from method nfr.createCredentialProtectedStorageContext
W/dalvikvm( 2494): VFY: unable to resolve virtual method 2508: Landroid/content/ContextWrapper;.createCredentialProtectedStorageContext ()Landroid/content/Context;
D/dalvikvm( 2494): VFY: replacing opcode 0x6f at 0x0002
I/dalvikvm( 2494): Could not find method android.content.ContextWrapper.createDeviceProtectedStorageContext, referenced from method nfr.createDeviceProtectedStorageContext
W/dalvikvm( 2494): VFY: unable to resolve virtual method 2509: Landroid/content/ContextWrapper;.createDeviceProtectedStorageContext ()Landroid/content/Context;
D/dalvikvm( 2494): VFY: replacing opcode 0x6f at 0x0002
D/dalvikvm( 2494): DexOpt: couldn't find static field Landroid/os/Build;.SUPPORTED_64_BIT_ABIS
W/dalvikvm( 2494): VFY: unable to resolve static field 1539 (SUPPORTED_64_BIT_ABIS) in Landroid/os/Build;
D/dalvikvm( 2494): VFY: replacing opcode 0x62 at 0x0080
D/dalvikvm( 2494): DexOpt: couldn't find static field Landroid/os/Build;.SUPPORTED_ABIS
W/dalvikvm( 2494): VFY: unable to resolve static field 1540 (SUPPORTED_ABIS) in Landroid/os/Build;
D/dalvikvm( 2494): VFY: replacing opcode 0x62 at 0x00d3
V/NativeCrypto( 2494): Registering com/google/android/gms/org/conscrypt/NativeCrypto's 286 native methods...
W/dalvikvm( 2494): Unable to resolve superclass of Lcom/google/android/gms/org/conscrypt/TrustManagerImpl; (5184)
W/dalvikvm( 2494): Link of class 'Lcom/google/android/gms/org/conscrypt/TrustManagerImpl;' failed
I/dalvikvm( 2494): Could not find method com.google.android.gms.org.conscrypt.TrustManagerImpl.getDefaultHostnameVerifier, referenced from method com.google.android.gms.org.conscrypt.Conscrypt.getDefaultHostnameVerifier
W/dalvikvm( 2494): VFY: unable to resolve static method 17870: Lcom/google/android/gms/org/conscrypt/TrustManagerImpl;.getDefaultHostnameVerifier ()Lcom/google/android/gms/org/conscrypt/ConscryptHostnameVerifier;
D/dalvikvm( 2494): VFY: replacing opcode 0x71 at 0x0003
W/dalvikvm( 2494): Unable to resolve superclass of Lcom/google/android/gms/org/conscrypt/TrustManagerImpl; (5184)
W/dalvikvm( 2494): Link of class 'Lcom/google/android/gms/org/conscrypt/TrustManagerImpl;' failed
W/dalvikvm( 2494): VFY: unable to find class referenced in signature (Lcom/google/android/gms/org/conscrypt/TrustManagerImpl;)
W/dalvikvm( 2494): Unable to resolve superclass of Lcom/google/android/gms/org/conscrypt/TrustManagerImpl; (5184)
W/dalvikvm( 2494): Link of class 'Lcom/google/android/gms/org/conscrypt/TrustManagerImpl;' failed
I/dalvikvm( 2494): Could not find method com.google.android.gms.org.conscrypt.TrustManagerImpl.getHostnameVerifier, referenced from method com.google.android.gms.org.conscrypt.Conscrypt.getHostnameVerifier
W/dalvikvm( 2494): VFY: unable to resolve virtual method 17872: Lcom/google/android/gms/org/conscrypt/TrustManagerImpl;.getHostnameVerifier ()Lcom/google/android/gms/org/conscrypt/ConscryptHostnameVerifier;
D/dalvikvm( 2494): VFY: replacing opcode 0x6e at 0x0004
W/dalvikvm( 2494): Unable to resolve superclass of Lcom/google/android/gms/org/conscrypt/TrustManagerImpl; (5184)
W/dalvikvm( 2494): Link of class 'Lcom/google/android/gms/org/conscrypt/TrustManagerImpl;' failed
E/dalvikvm( 2494): Could not find class 'com.google.android.gms.org.conscrypt.TrustManagerImpl', referenced from method com.google.android.gms.org.conscrypt.Conscrypt.isConscrypt
W/dalvikvm( 2494): VFY: unable to resolve instanceof 4452 (Lcom/google/android/gms/org/conscrypt/TrustManagerImpl;) in Lcom/google/android/gms/org/conscrypt/Conscrypt;
D/dalvikvm( 2494): VFY: replacing opcode 0x20 at 0x0000
D/dalvikvm( 2494): GC_FOR_ALLOC freed 474K, 18% free 3154K/3820K, paused 1ms, total 2ms
W/dalvikvm( 2494): Unable to resolve superclass of Lcom/google/android/gms/org/conscrypt/TrustManagerImpl; (5184)
W/dalvikvm( 2494): Link of class 'Lcom/google/android/gms/org/conscrypt/TrustManagerImpl;' failed
I/dalvikvm( 2494): Could not find method com.google.android.gms.org.conscrypt.TrustManagerImpl.setDefaultHostnameVerifier, referenced from method com.google.android.gms.org.conscrypt.Conscrypt.setDefaultHostnameVerifier
W/dalvikvm( 2494): VFY: unable to resolve static method 17882: Lcom/google/android/gms/org/conscrypt/TrustManagerImpl;.setDefaultHostnameVerifier (Lcom/google/android/gms/org/conscrypt/ConscryptHostnameVerifier;)V
D/dalvikvm( 2494): VFY: replacing opcode 0x71 at 0x0003
W/dalvikvm( 2494): Unable to resolve superclass of Lcom/google/android/gms/org/conscrypt/TrustManagerImpl; (5184)
W/dalvikvm( 2494): Link of class 'Lcom/google/android/gms/org/conscrypt/TrustManagerImpl;' failed
W/dalvikvm( 2494): VFY: unable to find class referenced in signature (Lcom/google/android/gms/org/conscrypt/TrustManagerImpl;)
W/dalvikvm( 2494): Unable to resolve superclass of Lcom/google/android/gms/org/conscrypt/TrustManagerImpl; (5184)
W/dalvikvm( 2494): Link of class 'Lcom/google/android/gms/org/conscrypt/TrustManagerImpl;' failed
I/dalvikvm( 2494): Could not find method com.google.android.gms.org.conscrypt.TrustManagerImpl.setHostnameVerifier, referenced from method com.google.android.gms.org.conscrypt.Conscrypt.setHostnameVerifier
W/dalvikvm( 2494): VFY: unable to resolve virtual method 17883: Lcom/google/android/gms/org/conscrypt/TrustManagerImpl;.setHostnameVerifier (Lcom/google/android/gms/org/conscrypt/ConscryptHostnameVerifier;)V
D/dalvikvm( 2494): VFY: replacing opcode 0x6e at 0x0004
W/dalvikvm( 2494): Unable to resolve superclass of Lcom/google/android/gms/org/conscrypt/TrustManagerImpl; (5184)
W/dalvikvm( 2494): Link of class 'Lcom/google/android/gms/org/conscrypt/TrustManagerImpl;' failed
E/dalvikvm( 2494): Could not find class 'com.google.android.gms.org.conscrypt.TrustManagerImpl', referenced from method com.google.android.gms.org.conscrypt.Conscrypt.toConscrypt
W/dalvikvm( 2494): VFY: unable to resolve check-cast 4452 (Lcom/google/android/gms/org/conscrypt/TrustManagerImpl;) in Lcom/google/android/gms/org/conscrypt/Conscrypt;
D/dalvikvm( 2494): VFY: replacing opcode 0x1f at 0x002a
D/dalvikvm( 2494): GC_FOR_ALLOC freed 279K, 13% free 3377K/3848K, paused 1ms, total 1ms
D/dalvikvm( 2494): GC_FOR_ALLOC freed 134K, 9% free 3740K/4080K, paused 2ms, total 2ms
W/DynamiteModule( 2094): Local module descriptor class for providerinstaller not found.
W/ProviderHelper( 2094): Unknown dynamite feature providerinstaller
I/DynamiteModule( 2094): Considering local module providerinstaller:0 and remote module providerinstaller:0
W/ProviderInstaller( 2094): Failed to load providerinstaller module: No acceptable module found. Local version is 0 and remote version is 0.
D/dalvikvm( 2494): GC_FOR_ALLOC freed 131K, 8% free 4088K/4444K, paused 2ms, total 2ms
D/dalvikvm( 2094): GC_FOR_ALLOC freed 826K, 15% free 8263K/9616K, paused 8ms, total 8ms
I/dalvikvm-heap( 2094): Grow heap (frag case) to 9.253MB for 1048588-byte allocation
D/dalvikvm( 2094): GC_FOR_ALLOC freed 2K, 13% free 9285K/10644K, paused 8ms, total 8ms
D/dalvikvm( 2494): GC_FOR_ALLOC freed 105K, 8% free 4387K/4736K, paused 2ms, total 2ms
I/dalvikvm( 2094): Could not find method android.system.Os.stat, referenced from method brj.a
W/dalvikvm( 2094): VFY: unable to resolve static method 3146: Landroid/system/Os;.stat (Ljava/lang/String;)Landroid/system/StructStat;
D/dalvikvm( 2094): VFY: replacing opcode 0x71 at 0x00d7
D/dalvikvm( 2494): GC_FOR_ALLOC freed 157K, 9% free 4667K/5088K, paused 3ms, total 3ms
E/dalvikvm( 2494): Could not find class 'javax.net.ssl.SNIServerName', referenced from method com.google.android.gms.org.conscrypt.Platform.getSniHostnameFromParams
W/dalvikvm( 2494): VFY: unable to resolve check-cast 5160 (Ljavax/net/ssl/SNIServerName;) in Lcom/google/android/gms/org/conscrypt/Platform;
D/dalvikvm( 2494): VFY: replacing opcode 0x1f at 0x0025
E/dalvikvm( 2494): Could not find class 'javax.net.ssl.SNIHostName', referenced from method com.google.android.gms.org.conscrypt.Platform.setParametersSniHostname
W/dalvikvm( 2494): VFY: unable to resolve new-instance 5159 (Ljavax/net/ssl/SNIHostName;) in Lcom/google/android/gms/org/conscrypt/Platform;
D/dalvikvm( 2494): VFY: replacing opcode 0x22 at 0x0024
E/dalvikvm( 2494): Could not find class 'javax.net.ssl.SNIHostName', referenced from method com.google.android.gms.org.conscrypt.Platform.setParametersSniHostname
W/dalvikvm( 2494): VFY: unable to resolve new-instance 5159 (Ljavax/net/ssl/SNIHostName;) in Lcom/google/android/gms/org/conscrypt/Platform;
D/dalvikvm( 2494): VFY: replacing opcode 0x22 at 0x0024
D/dalvikvm( 2494): DexOpt: unable to opt direct call 0x52f9 at 0x2a in Lcom/google/android/gms/org/conscrypt/Platform;.setParametersSniHostname
D/dalvikvm( 2494): DexOpt: unable to opt direct call 0x52f9 at 0x2a in Lcom/google/android/gms/org/conscrypt/Platform;.setParametersSniHostname
D/dalvikvm( 2094): GC_EXPLICIT freed 1570K, 26% free 8109K/10876K, paused 0ms+1ms, total 10ms
D/dalvikvm( 2494): GC_FOR_ALLOC freed 305K, 11% free 4863K/5420K, paused 3ms, total 3ms
I/ProviderInstaller( 2494): Installed default security provider GmsCore_OpenSSL
I/Safeboot( 2494): Checking safeboot...
I/Safeboot( 2494): Not entering safeboot; wrong process.
D/dalvikvm( 2094): DexOpt: --- BEGIN 'AdsDynamite.apk' (bootstrap=0) ---
E/dalvikvm( 2494): Could not find class 'com.google.common.flogger.backend.google.GooglePlatform', referenced from method beui.a
W/dalvikvm( 2494): VFY: unable to resolve const-class 4605 (Lcom/google/common/flogger/backend/google/GooglePlatform;) in Lbeui;
D/dalvikvm( 2494): VFY: replacing opcode 0x1c at 0x001b
W/linker  ( 2514): libdvm.so has text relocations. This is wasting memory and is a security risk. Please fix.
D/dalvikvm( 2494): DexOpt: couldn't find field Landroid/content/pm/ApplicationInfo;.splitSourceDirs
W/dalvikvm( 2494): VFY: unable to resolve instance field 1475
D/dalvikvm( 2494): VFY: replacing opcode 0x54 at 0x0055
D/dalvikvm( 2494): DexOpt: couldn't find static field Landroid/os/Build;.SUPPORTED_ABIS
W/dalvikvm( 2494): VFY: unable to resolve static field 1540 (SUPPORTED_ABIS) in Landroid/os/Build;
D/dalvikvm( 2494): VFY: replacing opcode 0x62 at 0x00d1
D/dalvikvm( 2494): GC_FOR_ALLOC freed 344K, 10% free 5123K/5680K, paused 5ms, total 6ms
I/auxu    ( 2494): Primes not initialized, returning default (no-op) Primes instance which will ignore all calls. Please call Primes.initialize(...) before using any Primes API.
I/dalvikvm( 2494): Could not find method com.google.android.chimera.ContextThemeWrapper.createAttributionContext, referenced from method mnu.createAttributionContext
W/dalvikvm( 2494): VFY: unable to resolve virtual method 13785: Lcom/google/android/chimera/ContextThemeWrapper;.createAttributionContext (Ljava/lang/String;)Landroid/content/Context;
D/dalvikvm( 2494): VFY: replacing opcode 0x6f at 0x0002
I/dalvikvm( 2494): Could not find method android.content.ContextWrapper.createCredentialProtectedStorageContext, referenced from method mnu.createCredentialProtectedStorageContext
W/dalvikvm( 2494): VFY: unable to resolve virtual method 2508: Landroid/content/ContextWrapper;.createCredentialProtectedStorageContext ()Landroid/content/Context;
D/dalvikvm( 2494): VFY: replacing opcode 0x6f at 0x0002
I/dalvikvm( 2494): Could not find method android.content.ContextWrapper.createDeviceProtectedStorageContext, referenced from method mnu.createDeviceProtectedStorageContext
W/dalvikvm( 2494): VFY: unable to resolve virtual method 2509: Landroid/content/ContextWrapper;.createDeviceProtectedStorageContext ()Landroid/content/Context;
D/dalvikvm( 2494): VFY: replacing opcode 0x6f at 0x0002
I/dalvikvm( 2494): Could not find method android.content.Context.bindService, referenced from method uws.bindService
W/dalvikvm( 2494): VFY: unable to resolve virtual method 2453: Landroid/content/Context;.bindService (Landroid/content/Intent;ILjava/util/concurrent/Executor;Landroid/content/ServiceConnection;)Z
D/dalvikvm( 2494): VFY: replacing opcode 0x6e at 0x0018
I/dalvikvm( 2494): Could not find method android.content.Context.bindService, referenced from method uws.bindService
W/dalvikvm( 2494): VFY: unable to resolve virtual method 2453: Landroid/content/Context;.bindService (Landroid/content/Intent;ILjava/util/concurrent/Executor;Landroid/content/ServiceConnection;)Z
D/dalvikvm( 2494): VFY: replacing opcode 0x6e at 0x0030
I/dalvikvm( 2494): Could not find method android.content.Context.startForegroundService, referenced from method uws.startForegroundService
W/dalvikvm( 2494): VFY: unable to resolve virtual method 2501: Landroid/content/Context;.startForegroundService (Landroid/content/Intent;)Landroid/content/ComponentName;
D/dalvikvm( 2494): VFY: replacing opcode 0x6e at 0x001c
I/dalvikvm( 2494): Could not find method android.content.Context.startForegroundService, referenced from method uws.startForegroundService
W/dalvikvm( 2494): VFY: unable to resolve virtual method 2501: Landroid/content/Context;.startForegroundService (Landroid/content/Intent;)Landroid/content/ComponentName;
D/dalvikvm( 2494): VFY: replacing opcode 0x6e at 0x0028
D/dalvikvm( 2494): GC_FOR_ALLOC freed 357K, 11% free 5422K/6028K, paused 4ms, total 4ms
I/dalvikvm( 2494): Could not find method android.os.PowerManager.isPowerSaveMode, referenced from method uwl.a
W/dalvikvm( 2494): VFY: unable to resolve virtual method 3047: Landroid/os/PowerManager;.isPowerSaveMode ()Z
D/dalvikvm( 2494): VFY: replacing opcode 0x6e at 0x0010
E/dalvikvm( 2494): Could not find class 'android.net.Network', referenced from method quq.a
W/dalvikvm( 2494): VFY: unable to resolve check-cast 1424 (Landroid/net/Network;) in Lquq;
D/dalvikvm( 2494): VFY: replacing opcode 0x1f at 0x0066
I/dalvikvm( 2494): Could not find method android.content.ServiceConnection.onNullBinding, referenced from method uxb.onNullBinding
W/dalvikvm( 2494): VFY: unable to resolve interface method 2566: Landroid/content/ServiceConnection;.onNullBinding (Landroid/content/ComponentName;)V
D/dalvikvm( 2494): VFY: replacing opcode 0x72 at 0x000f
I/dalvikvm( 2094): Could not find method java.util.Locale.toLanguageTag, referenced from method com.google.android.libraries.matchstick.net.SilentRegisterIntentOperation.a
W/dalvikvm( 2094): VFY: unable to resolve virtual method 57646: Ljava/util/Locale;.toLanguageTag ()Ljava/lang/String;
D/dalvikvm( 2094): VFY: replacing opcode 0x6e at 0x0066
D/dalvikvm( 2494): GC_FOR_ALLOC freed 290K, 9% free 5867K/6424K, paused 7ms, total 7ms
I/dalvikvm( 2494): Could not find method android.net.Network.openConnection, referenced from method qsu.a
W/dalvikvm( 2494): VFY: unable to resolve virtual method 5072: Landroid/net/Network;.openConnection (Ljava/net/URL;)Ljava/net/URLConnection;
D/dalvikvm( 2494): VFY: replacing opcode 0x6e at 0x000f
E/dalvikvm( 2494): Could not find class 'android.net.Network', referenced from method quf.a
W/dalvikvm( 2494): VFY: unable to resolve check-cast 1424 (Landroid/net/Network;) in Lquf;
D/dalvikvm( 2494): VFY: replacing opcode 0x1f at 0x0075
I/ahju    ( 2094): Cancel all previously scheduled polling [CONTEXT service_id=51 ]
I/ahju    ( 2094): Scheduling Phenotype for first execution 7988 seconds from now (1629042886257) [CONTEXT service_id=51 ]
D/dalvikvm( 2494): GC_FOR_ALLOC freed 325K, 9% free 6406K/7020K, paused 5ms, total 5ms
I/Auth    ( 2094): [AuthManaged,AuthManagedModuleInitIntentOperation] enabling com.google.android.gms.auth.managed.ui.EmmActivity
I/Auth    ( 2094): [AuthManaged,AuthManagedModuleInitIntentOperation] enabling com.google.android.gms.auth.managed.ui.PhoneskyDpcInstallActivity
I/dalvikvm( 2494): Could not find method android.os.UserManager.isManagedProfile, referenced from method nmn.g
W/dalvikvm( 2494): VFY: unable to resolve virtual method 4277: Landroid/os/UserManager;.isManagedProfile ()Z
D/dalvikvm( 2494): VFY: replacing opcode 0x6e at 0x0012
I/dalvikvm( 2494): Could not find method android.app.admin.DevicePolicyManager.getAccountTypesWithManagementDisabled, referenced from method nmn.i
W/dalvikvm( 2494): VFY: unable to resolve virtual method 2586: Landroid/app/admin/DevicePolicyManager;.getAccountTypesWithManagementDisabled ()[Ljava/lang/String;
D/dalvikvm( 2494): VFY: replacing opcode 0x6e at 0x002b
I/dalvikvm( 2494): Could not find method android.accounts.AccountManager.removeAccount, referenced from method ymq.c
W/dalvikvm( 2494): VFY: unable to resolve virtual method 4165: Landroid/accounts/AccountManager;.removeAccount (Landroid/accounts/Account;Landroid/app/Activity;Landroid/accounts/AccountManagerCallback;Landroid/os/Handler;)Landroid/accounts/AccountManagerFuture;
D/dalvikvm( 2494): VFY: replacing opcode 0x6e at 0x0009
I/dalvikvm( 2494): Could not find method android.accounts.AccountManager.removeAccountExplicitly, referenced from method ymq.d
W/dalvikvm( 2494): VFY: unable to resolve virtual method 4166: Landroid/accounts/AccountManager;.removeAccountExplicitly (Landroid/accounts/Account;)Z
D/dalvikvm( 2494): VFY: replacing opcode 0x6e at 0x0008
D/dalvikvm( 1795): GC_EXPLICIT freed 141K, 30% free 5374K/7592K, paused 0ms+2ms, total 7ms
I/Auth    ( 2094): [AuthManaged,AuthManagedModuleInitIntentOperation] disabling com.google.android.gms.auth.managed.ui.SettingsSecurityDeviceOwnerActivity
I/dalvikvm( 2094): Could not find method android.app.admin.DevicePolicyManager.getProfileOwner, referenced from method com.google.android.gms.auth.managed.intentoperations.SetupWorkProfileSettingsIntentOperation.a
W/dalvikvm( 2094): VFY: unable to resolve virtual method 2591: Landroid/app/admin/DevicePolicyManager;.getProfileOwner ()Landroid/content/ComponentName;
D/dalvikvm( 2094): VFY: replacing opcode 0x6e at 0x0028
I/Auth    ( 2094): [AuthManaged,PasswordComplexityHelperImpl] Updating password complexity components state.
I/Auth    ( 2094): [AuthManaged,PasswordComplexityHelperImpl] Disabling com.google.android.gms.auth.managed.admin.DeviceAdminReceiver
I/dalvikvm( 2494): Could not find method android.os.PowerManager.isInteractive, referenced from method nol.a
W/dalvikvm( 2494): VFY: unable to resolve virtual method 4227: Landroid/os/PowerManager;.isInteractive ()Z
D/dalvikvm( 2494): VFY: replacing opcode 0x6e at 0x0006
I/Auth    ( 2094): [AuthManaged,PasswordComplexityHelperImpl] Disabling com.google.android.gms.auth.managed.ui.SetNewPasswordActivity
I/dalvikvm( 2494): Could not find method android.system.Os.stat, referenced from method nop.a
W/dalvikvm( 2494): VFY: unable to resolve static method 3146: Landroid/system/Os;.stat (Ljava/lang/String;)Landroid/system/StructStat;
D/dalvikvm( 2494): VFY: replacing opcode 0x71 at 0x0182
I/Icing   ( 2094): Internal init done: storage state 0
I/NearbyDiscovery( 1776): DiscoveryNearbyMessagesManager failed to background unsubscribe [CONTEXT service_id=49 ]
I/NearbyDiscovery( 1776): java.util.concurrent.TimeoutException: Timed out waiting for Task
I/NearbyDiscovery( 1776): 	at amhe.a(:com.google.android.gms@202414005@20.24.14 (000700-319035315):22)
I/NearbyDiscovery( 1776): 	at aceb.b(:com.google.android.gms@202414005@20.24.14 (000700-319035315):5)
I/NearbyDiscovery( 1776): 	at acds.run(:com.google.android.gms@202414005@20.24.14 (000700-319035315):3)
I/NearbyDiscovery( 1776): 	at bkpr.handleMessage(:com.google.android.gms@202414005@20.24.14 (000700-319035315):9)
I/NearbyDiscovery( 1776): 	at android.os.Handler.dispatchMessage(Handler.java:102)
I/NearbyDiscovery( 1776): 	at ypf.a(:com.google.android.gms@202414005@20.24.14 (000700-319035315):2)
I/NearbyDiscovery( 1776): 	at ypf.dispatchMessage(:com.google.android.gms@202414005@20.24.14 (000700-319035315):14)
I/NearbyDiscovery( 1776): 	at android.os.Looper.loop(Looper.java:136)
I/NearbyDiscovery( 1776): 	at android.os.HandlerThread.run(HandlerThread.java:61)
I/NearbyDiscovery( 1776): Show notifications: 0 total, no changes since last shown, no-op. [CONTEXT service_id=49 ]
W/NearbyShared( 1776): BTConnStateMgr: Already destroyed!
I/NearbyDiscovery( 1776): EventStreamLoggingManager: destroy, unbind service [CONTEXT service_id=49 ]
I/NearbyDiscovery( 1776): DiscoveryService destroy EventLoop [CONTEXT service_id=49 ]
I/Icing   ( 2094): Indexing com.google.android.gms-sms from com.google.android.gms
I/GCoreUlr( 1776): Unbound from all signal providers.
I/GCoreUlr( 1776): Stopping handler for UlrDispSvcFast
I/ChromeSync( 2094): [Sync,SyncIntentOperation] Handling the intent: Intent { act=com.google.android.chimera.IntentOperation.NEW_MODULE (has extras) }.
I/Icing   ( 2094): IndexChimeraService.getServiceInterface callingPackage=com.google.android.gms componentName=null serviceId=36
I/Icing   ( 2094): IndexChimeraService.getServiceInterface callingPackage=com.google.android.gms componentName=IpaAppsCorpus serviceId=32
I/Icing   ( 2094): IndexChimeraService.getServiceInterface callingPackage=com.google.android.googlequicksearchbox componentName=null serviceId=21
I/AutofillModuleInitInten( 2094): AutofillModuleInitIntentOperation onInitRuntimeState(12) [CONTEXT service_id=177 ]
D/dalvikvm( 1569): GC_FOR_ALLOC freed 1090K, 49% free 7561K/14820K, paused 8ms, total 8ms
I/Icing   ( 2094): Query from package: com.google.android.gms, component: AppsCorpus, restrict package: com.google.android.gms, start: 0, num: 100 maxNumSlices: 2147483647
E/dalvikvm( 1776): Could not find class 'android.telephony.SubscriptionManager', referenced from method amlx.a
W/dalvikvm( 1776): VFY: unable to resolve check-cast 8088 (Landroid/telephony/SubscriptionManager;) in Lamlx;
D/dalvikvm( 1776): VFY: replacing opcode 0x1f at 0x0016
I/dalvikvm( 1776): Could not find method android.hardware.SensorManager.getDefaultSensor, referenced from method ttr.a
W/dalvikvm( 1776): VFY: unable to resolve virtual method 4967: Landroid/hardware/SensorManager;.getDefaultSensor (IZ)Landroid/hardware/Sensor;
D/dalvikvm( 1776): VFY: replacing opcode 0x6e at 0x00b6
D/dalvikvm( 2094): GC_FOR_ALLOC freed 1429K, 23% free 8409K/10876K, paused 23ms, total 25ms
I/Fitness ( 1776): FitCleanupIntentOperation received Intent android.intent.action.PACKAGE_CHANGED [CONTEXT service_id=17 ]
I/FA-SVC  ( 2094): App measurement initialized, version: 202414
D/dalvikvm( 2514): DexOpt: couldn't find field Landroid/view/WindowManager$LayoutParams;.layoutInDisplayCutoutMode
I/dalvikvm( 2094): Failed resolving Lnkj; interface 845 'Landroid/net/ConnectivityManager$OnNetworkActiveListener;'
W/dalvikvm( 2094): Link of class 'Lnkj;' failed
I/dalvikvm( 2094): Could not find method nkj.a, referenced from method com.google.android.gms.common.stats.GmsCoreStatsChimeraService.onCreate
W/dalvikvm( 2094): VFY: unable to resolve static method 54667: Lnkj;.a ()Lnkj;
D/dalvikvm( 2094): VFY: replacing opcode 0x71 at 0x0009
I/dalvikvm( 2094): Failed resolving Lnkj; interface 845 'Landroid/net/ConnectivityManager$OnNetworkActiveListener;'
W/dalvikvm( 2094): Link of class 'Lnkj;' failed
I/dalvikvm( 2094): Could not find method nkj.a, referenced from method com.google.android.gms.common.stats.GmsCoreStatsChimeraService.onDestroy
W/dalvikvm( 2094): VFY: unable to resolve static method 54667: Lnkj;.a ()Lnkj;
D/dalvikvm( 2094): VFY: replacing opcode 0x71 at 0x0009
E/native  ( 2094): score-accumulator.cc:249 No scoring data for corpus [1]
I/Fido    ( 2094): [FidoInitIntentOperation] Initializing Fido module, InitRuntimeState=12
D/dalvikvm( 1776): GC_FOR_ALLOC freed 1354K, 17% free 8256K/9864K, paused 42ms, total 42ms
I/dalvikvm( 1776): Failed resolving Lnkj; interface 845 'Landroid/net/ConnectivityManager$OnNetworkActiveListener;'
W/dalvikvm( 1776): Link of class 'Lnkj;' failed
I/dalvikvm( 1776): Could not find method nkj.a, referenced from method com.google.android.gms.common.stats.GmsCoreStatsChimeraService.onCreate
W/dalvikvm( 1776): VFY: unable to resolve static method 54667: Lnkj;.a ()Lnkj;
D/dalvikvm( 1776): VFY: replacing opcode 0x71 at 0x0009
I/dalvikvm( 1776): Failed resolving Lnkj; interface 845 'Landroid/net/ConnectivityManager$OnNetworkActiveListener;'
W/dalvikvm( 1776): Link of class 'Lnkj;' failed
I/dalvikvm( 1776): Could not find method nkj.a, referenced from method com.google.android.gms.common.stats.GmsCoreStatsChimeraService.onDestroy
W/dalvikvm( 1776): VFY: unable to resolve static method 54667: Lnkj;.a ()Lnkj;
D/dalvikvm( 1776): VFY: replacing opcode 0x71 at 0x0009
I/Icing   ( 2094): Indexing done com.google.android.gms-sms
I/Icing   ( 2094): Indexing com.google.android.gms-apps from com.google.android.gms
D/dalvikvm( 1795): GC_EXPLICIT freed 139K, 30% free 5372K/7592K, paused 0ms+0ms, total 4ms
E/dalvikvm( 2094): Could not find class 'android.security.keystore.KeyGenParameterSpec$Builder', referenced from method rwq.a
W/dalvikvm( 2094): VFY: unable to resolve new-instance 1527 (Landroid/security/keystore/KeyGenParameterSpec$Builder;) in Lrwq;
D/dalvikvm( 2094): VFY: replacing opcode 0x22 at 0x0034
D/dalvikvm( 2094): DexOpt: unable to opt direct call 0x153f at 0x37 in Lrwq;.a
E/dalvikvm( 2094): Could not find class 'android.security.keystore.KeyGenParameterSpec$Builder', referenced from method rws.a
W/dalvikvm( 2094): VFY: unable to resolve new-instance 1527 (Landroid/security/keystore/KeyGenParameterSpec$Builder;) in Lrws;
D/dalvikvm( 2094): VFY: replacing opcode 0x22 at 0x000b
D/dalvikvm( 2094): DexOpt: unable to opt direct call 0x153f at 0x12 in Lrws;.a
I/GCoreUlr( 1776): WorldUpdater received intent Intent { act=com.google.android.location.reporting.ACTION_UPDATE_WORLD cmp=com.google.android.gms/com.google.android.location.reporting.service.DispatchingService (has extras) } with receiverAction init
I/Icing   ( 2094): Query from package: com.google.android.gms, component: IpaAppsCorpus, restrict package: com.google.android.gms, start: 0, num: 100 maxNumSlices: 2147483647
E/GmscoreIpa( 2094): Query failed: 8: Not authorized to read requested corpora [CONTEXT service_id=255 ]
I/GCoreUlr( 1776): WorldUpdater:init: Ensuring that reporting is stopped because of reasons: (no Google accounts)
D/dalvikvm( 2514): DexOpt: load 40ms, verify+opt 546ms, 2655180 bytes
I/GCoreUlr( 1776): Unbound from all signal providers.
D/dalvikvm( 2094): GC_FOR_ALLOC freed 1434K, 20% free 8804K/10876K, paused 17ms, total 18ms
I/GCoreUlr( 1776): Unbound from all signal providers.
I/GCoreUlr( 1776): Stopping handler for UlrDispSvcFast
I/ahju    ( 1776): Scheduling Phenotype for a PhenotypeSyncImmediately(6, com.google.android.gms.lockbox) one off with window [1, 2] in seconds [CONTEXT service_id=51 ]
D/dalvikvm( 2094): DexOpt: --- END 'AdsDynamite.apk' (success) ---
D/dalvikvm( 2094): DEX prep '/data/data/com.google.android.gms/app_chimera/m/00000000/AdsDynamite.apk': unzip in 31ms, rewrite 725ms
I/Icing   ( 2094): IndexChimeraService.getServiceInterface callingPackage=com.google.android.gms componentName=null serviceId=30
D/dalvikvm( 1569): GC_FOR_ALLOC freed 1140K, 49% free 7565K/14820K, paused 9ms, total 10ms
W/DynamiteModule( 2094): Local module descriptor class for providerinstaller not found.
I/DynamiteModule( 2094): Considering local module providerinstaller:0 and remote module providerinstaller:0
W/ProviderInstaller( 2094): Failed to load providerinstaller module: No acceptable module found. Local version is 0 and remote version is 0.
D/dalvikvm( 2094): GC_FOR_ALLOC freed 1298K, 19% free 8900K/10876K, paused 10ms, total 11ms
I/dalvikvm-heap( 2094): Grow heap (frag case) to 9.937MB for 1048588-byte allocation
D/AndroidRuntime( 2539): 
D/AndroidRuntime( 2539): >>>>>> AndroidRuntime START com.android.internal.os.RuntimeInit <<<<<<
W/linker  ( 2539): libdvm.so has text relocations. This is wasting memory and is a security risk. Please fix.
D/dalvikvm( 2094): GC_FOR_ALLOC freed 5K, 17% free 9919K/11904K, paused 12ms, total 12ms
D/AndroidRuntime( 2539): CheckJNI is ON
D/dalvikvm( 2539): Trying to load lib libjavacore.so 0x0
D/dalvikvm( 2539): Added shared lib libjavacore.so 0x0
D/dalvikvm( 2539): Trying to load lib libnativehelper.so 0x0
D/dalvikvm( 2539): Added shared lib libnativehelper.so 0x0
D/dalvikvm( 2539): No JNI_OnLoad found in libnativehelper.so 0x0, skipping init
D/dalvikvm( 2094): GC_FOR_ALLOC freed 1140K, 25% free 8982K/11904K, paused 9ms, total 10ms
I/NewModuleOp( 2094): Enable component: com.google.android.gms.languageprofile.GcmReceiverService [CONTEXT service_id=167 ]
D/dalvikvm( 2539): Note: class Landroid/app/ActivityManagerNative; has 179 unimplemented (abstract) methods
I/NewModuleOp( 2094): Enable component: com.google.android.gms.languageprofile.GcmTaskService [CONTEXT service_id=167 ]
I/NewModuleOp( 2094): Schedule LanguageProfileGcmTaskChimeraService tasks. [CONTEXT service_id=167 ]
I/LPGcmTaskChimeraService( 2094): Unscheduling sync tasks. [CONTEXT service_id=167 ]
E/memtrack( 2539): Couldn't load memtrack module (No such file or directory)
E/android.os.Debug( 2539): failed to load memtrack module: -2
I/TelephonySpam( 2094): TelephonySpamInit - onModuleUpdated TelephonySpam module initialized
I/LockboxService( 1776): Completed task: true [CONTEXT service_id=26 ]
I/TelephonySpam( 2094): SpamListSync - scheduleSyncTasks
I/TelephonySpam( 2094): SpamListSync - schedulePeriodicTask
D/AndroidRuntime( 2539): Calling main entry com.android.commands.input.Input
I/Input   ( 2539): injectKeyEvent: KeyEvent { action=ACTION_DOWN, keyCode=KEYCODE_MENU, scanCode=0, metaState=0, flags=0x0, repeatCount=0, eventTime=23802, downTime=23802, deviceId=-1, source=0x101 }
I/Input   ( 2539): injectKeyEvent: KeyEvent { action=ACTION_UP, keyCode=KEYCODE_MENU, scanCode=0, metaState=0, flags=0x0, repeatCount=0, eventTime=23802, downTime=23802, deviceId=-1, source=0x101 }
I/TelephonySpam( 2094): SpamListSync - scheduleOneTimeTask
D/dalvikvm( 1944): GC_FOR_ALLOC freed 1675K, 12% free 23040K/25976K, paused 3ms, total 4ms
I/dalvikvm-heap( 1944): Grow heap (frag case) to 24.534MB for 1939932-byte allocation
D/dalvikvm( 1944): GC_FOR_ALLOC freed 4K, 11% free 24929K/27872K, paused 5ms, total 5ms
D/dalvikvm( 2094): GC_FOR_ALLOC freed 2123K, 26% free 8879K/11904K, paused 17ms, total 17ms
D/AndroidRuntime( 2539): Shutting down VM
W/AudioService( 1569): onLoadSoundEffects() called before boot complete
D/jdwp    ( 2539): Got wake-up signal, bailing out of select
D/dalvikvm( 2539): Debugger has detached; object registry had 1 entries
D/EGL_emulation( 1944): eglMakeCurrent: 0xb8ce2c90: ver 3 0
E/EGL_emulation( 1944): tid 1944: eglSurfaceAttrib(1199): error 0x3009 (EGL_BAD_MATCH)
W/HardwareRenderer( 1944): Backbuffer cannot be preserved
W/GCoreFlp( 1776): No location to return for getLastLocation()
D/dalvikvm( 1795): GC_EXPLICIT freed 143K, 30% free 5372K/7592K, paused 1ms+1ms, total 5ms
E/ahif    ( 1776): Phenotype API error. Event # bqfe@8dfe32ba, EventCode: 32 [CONTEXT service_id=51 ]
E/ahif    ( 1776): ahhj: 29503
E/ahif    ( 1776): 	at ahjk.b(:com.google.android.gms@202414005@20.24.14 (000700-319035315):7)
E/ahif    ( 1776): 	at ahif.a(:com.google.android.gms@202414005@20.24.14 (000700-319035315):85)
E/ahif    ( 1776): 	at ahif.a(:com.google.android.gms@202414005@20.24.14 (000700-319035315):80)
E/ahif    ( 1776): 	at uun.run(:com.google.android.gms@202414005@20.24.14 (000700-319035315):9)
E/ahif    ( 1776): 	at bcny.run(:com.google.android.gms@202414005@20.24.14 (000700-319035315):2)
E/ahif    ( 1776): 	at nlp.b(:com.google.android.gms@202414005@20.24.14 (000700-319035315):12)
E/ahif    ( 1776): 	at nlp.run(:com.google.android.gms@202414005@20.24.14 (000700-319035315):7)
E/ahif    ( 1776): 	at java.util.concurrent.ThreadPoolExecutor.runWorker(ThreadPoolExecutor.java:1112)
E/ahif    ( 1776): 	at java.util.concurrent.ThreadPoolExecutor$Worker.run(ThreadPoolExecutor.java:587)
E/ahif    ( 1776): 	at nrd.run(:com.google.android.gms@202414005@20.24.14 (000700-319035315):0)
E/ahif    ( 1776): 	at java.lang.Thread.run(Thread.java:841)
E/AsyncOperation( 1776): serviceID=51, operation=SetAppSpecificPropertiesOperationCall
E/AsyncOperation( 1776): OperationException[Status{statusCode=unknown status code: 29503, resolution=null}]
E/AsyncOperation( 1776): 	at ahif.a(:com.google.android.gms@202414005@20.24.14 (000700-319035315):87)
E/AsyncOperation( 1776): 	at ahif.a(:com.google.android.gms@202414005@20.24.14 (000700-319035315):80)
E/AsyncOperation( 1776): 	at uun.run(:com.googl