W/PackageManager( 1569): Unknown permission android.car.permission.CAR_POWER in package com.google.android.gms
W/PackageManager( 1569): Unknown permission android.permission.USE_FINGERPRINT in package com.google.android.gms
W/PackageManager( 1569): Unknown permission android.permission.USE_BIOMETRIC in package com.google.android.gms
W/PackageManager( 1569): Unknown permission android.permission.SEND_SMS_NO_CONFIRMATION in package com.google.android.gms
W/PackageManager( 1569): Unknown permission com.google.android.wearable.WRITE_SETTINGS in package com.google.android.gms
W/PackageManager( 1569): Unknown permission com.felicanetworks.mfc.permission.MFC_ACCESS in package com.google.android.gms
W/PackageManager( 1569): Unknown permission com.felicanetworks.mfc.mfi.permission.MFI_ACCESS in package com.google.android.gms
W/PackageManager( 1569): Unknown permission com.google.android.finsky.permission.INSTANT_APP_STATE in package com.google.android.gms
W/PackageManager( 1569): Unknown permission android.permission.ACCESS_BACKGROUND_LOCATION in package com.google.android.gms
W/PackageManager( 1569): Unknown permission android.permission.ACCESS_NOTIFICATION_POLICY in package com.google.android.gms
W/PackageManager( 1569): Unknown permission com.google.android.googlequicksearchbox.permission.PAUSE_HOTWORD in package com.google.android.gms
W/PackageManager( 1569): Unknown permission android.permission.MANAGE_VOICE_KEYPHRASES in package com.google.android.gms
W/PackageManager( 1569): Unknown permission android.permission.UWB in package com.google.android.gms
W/PackageManager( 1569): Unknown permission android.permission.USE_FULL_SCREEN_INTENT in package com.google.android.gms
W/PackageManager( 1569): Unknown permission android.permission.TETHER_PRIVILEGED in package com.google.android.gms
W/PackageManager( 1569): Unknown permission android.permission.CONTROL_DISPLAY_SATURATION in package com.google.android.gms
W/PackageManager( 1569): Unknown permission android.permission.REAL_GET_TASKS in package com.google.android.gms
W/PackageManager( 1569): Unknown permission com.google.android.finsky.permission.BIND_GET_INSTALL_REFERRER_SERVICE in package com.google.android.gms
W/PackageManager( 1569): Unknown permission com.google.android.hangouts.START_HANGOUT in package com.google.android.gms
W/PackageManager( 1569): Unknown permission android.permission.READ_OEM_UNLOCK_STATE in package com.google.android.gms
W/PackageManager( 1569): Unknown permission android.permission.SCORE_NETWORKS in package com.google.android.gms
W/PackageManager( 1569): Unknown permission android.permission.OVERRIDE_WIFI_CONFIG in package com.google.android.gms
W/PackageManager( 1569): Unknown permission android.car.permission.CAR_POWERTRAIN in package com.google.android.gms
W/PackageManager( 1569): Unknown permission android.car.permission.CAR_ENERGY in package com.google.android.gms
W/PackageManager( 1569): Unknown permission android.car.permission.CAR_ENERGY_PORTS in package com.google.android.gms
W/PackageManager( 1569): Unknown permission android.car.permission.CAR_EXTERIOR_LIGHTS in package com.google.android.gms
W/PackageManager( 1569): Unknown permission android.car.permission.CAR_INFO in package com.google.android.gms
W/PackageManager( 1569): Unknown permission android.car.permission.CAR_MILEAGE in package com.google.android.gms
W/PackageManager( 1569): Unknown permission android.car.permission.CAR_TIRES in package com.google.android.gms
W/PackageManager( 1569): Unknown permission android.car.permission.CONTROL_CAR_CLIMATE in package com.google.android.gms
W/PackageManager( 1569): Unknown permission android.car.permission.CONTROL_CAR_DOORS in package com.google.android.gms
W/PackageManager( 1569): Unknown permission android.car.permission.CONTROL_CAR_EXTERIOR_LIGHTS in package com.google.android.gms
W/PackageManager( 1569): Unknown permission android.car.permission.CONTROL_CAR_MIRRORS in package com.google.android.gms
W/PackageManager( 1569): Unknown permission android.car.permission.CONTROL_CAR_SEATS in package com.google.android.gms
W/PackageManager( 1569): Unknown permission android.car.permission.CONTROL_CAR_WINDOWS in package com.google.android.gms
W/PackageManager( 1569): Unknown permission android.car.permission.READ_CAR_DISPLAY_UNITS in package com.google.android.gms
W/PackageManager( 1569): Unknown permission android.permission.CONTROL_INCALL_EXPERIENCE in package com.google.android.gms
W/PackageManager( 1569): Unknown permission android.permission.USER_ACTIVITY in package com.google.android.gms
W/PackageManager( 1569): Unknown permission android.permission.MODIFY_AUDIO_ROUTING in package com.google.android.gms
W/PackageManager( 1569): Unknown permission android.permission.MODIFY_DAY_NIGHT_MODE in package com.google.android.gms
W/PackageManager( 1569): Unknown permission com.google.android.finsky.permission.GEARHEAD_SERVICE in package com.google.android.gms
W/PackageManager( 1569): Unknown permission com.google.android.permission.ACCESSIBILITY_SCAN_SERVICE in package com.google.android.gms
W/PackageManager( 1569): Unknown permission android.permission.START_TASKS_FROM_RECENTS in package com.google.android.gms
W/PackageManager( 1569): Not granting permission android.permission.MANAGE_ACTIVITY_STACKS to package com.google.android.gms (protectionLevel=2 flags=0x40c83e45)
W/PackageManager( 1569): Unknown permission android.permission.ACTIVITY_EMBEDDING in package com.google.android.gms
W/PackageManager( 1569): Unknown permission com.google.android.finsky.permission.ACCESS_INSTANT_APP_NOTIFICATION_ENFORCEMENT in package com.google.android.gms
W/PackageManager( 1569): Unknown permission android.permission.PROVIDE_RESOLVER_RANKER_SERVICE in package com.google.android.gms
W/PackageManager( 1569): Unknown permission com.google.android.clockwork.settings.SHOW_FACTORY_RESET_CONFIRMATION in package com.google.android.gms
W/PackageManager( 1569): Unknown permission com.google.android.wearable.READ_SETTINGS in package com.google.android.gms
W/PackageManager( 1569): Unknown permission android.permission.READ_MEDIA_AUDIO in package com.google.android.gms
W/PackageManager( 1569): Unknown permission android.permission.READ_MEDIA_IMAGES in package com.google.android.gms
W/PackageManager( 1569): Unknown permission android.permission.READ_MEDIA_VIDEO in package com.google.android.gms
W/PackageManager( 1569): Unknown permission android.permission.INTENT_FILTER_VERIFICATION_AGENT in package com.google.android.gms
W/PackageManager( 1569): Unknown permission android.permission.LOCAL_MAC_ADDRESS in package com.google.android.gms
W/PackageManager( 1569): Unknown permission android.permission.CHANGE_DEVICE_IDLE_TEMP_WHITELIST in package com.google.android.gms
W/PackageManager( 1569): Unknown permission android.permission.READ_WIFI_CREDENTIAL in package com.google.android.gms
W/PackageManager( 1569): Unknown permission android.permission.SUBSTITUTE_NOTIFICATION_APP_NAME in package com.google.android.gms
W/PackageManager( 1569): Unknown permission android.permission.SUBSTITUTE_SHARE_TARGET_APP_NAME_AND_ICON in package com.google.android.gms
W/PackageManager( 1569): Unknown permission android.permission.ACTIVITY_RECOGNITION in package com.google.android.gms
W/PackageManager( 1569): Unknown permission android.permission.MANAGE_SUBSCRIPTION_PLANS in package com.google.android.gms
W/PackageManager( 1569): Unknown permission android.permission.READ_DEVICE_CONFIG in package com.google.android.gms
W/PackageManager( 1569): Unknown permission android.permission.WRITE_DEVICE_CONFIG in package com.google.android.gms
W/PackageManager( 1569): Unknown permission com.google.android.apps.now.OPT_IN_WIZARD in package com.google.android.gms
W/PackageManager( 1569): Unknown permission com.google.android.setupwizard.SETUP_COMPAT_SERVICE in package com.google.android.gms
W/PackageManager( 1569): Unknown permission android.permission.MANAGE_ROLLBACKS in package com.google.android.gms
W/PackageManager( 1569): Unknown permission android.permission.REQUEST_DELETE_PACKAGES in package com.google.android.gms
W/PackageManager( 1569): Unknown permission android.permission.NOTIFY_PENDING_SYSTEM_UPDATE in package com.google.android.gms
W/PackageManager( 1569): Unknown permission android.permission.BODY_SENSORS in package com.google.android.gms
W/PackageManager( 1569): Unknown permission com.google.android.launcher.permission.RECEIVE_LAUNCH_BROADCASTS in package com.google.android.gms
W/PackageManager( 1569): Unknown permission com.google.android.vending.verifier.ACCESS_VERIFIER in package com.google.android.gms
W/PackageManager( 1569): Unknown permission android.permission.RESET_PASSWORD in package com.google.android.gms
W/PackageManager( 1569): Unknown permission android.permission.LOCK_DEVICE in package com.google.android.gms
W/PackageManager( 1569): Unknown permission android.permission.CONTROL_KEYGUARD_SECURE_NOTIFICATIONS in package com.google.android.gms
W/PackageManager( 1569): Unknown permission com.google.android.gm.permission.READ_GMAIL in package com.google.android.gms
W/PackageManager( 1569): Unknown permission com.android.voicemail.permission.READ_VOICEMAIL in package com.google.android.gms
W/PackageManager( 1569): Unknown permission com.google.android.voicesearch.SHORTCUTS_ACCESS in package com.google.android.googlequicksearchbox
W/PackageManager( 1569): Unknown permission com.google.android.voicesearch.ACCESS_SETTINGS in package com.google.android.googlequicksearchbox
W/PackageManager( 1569): Unknown permission com.google.android.ears.permission.WRITE in package com.google.android.googlequicksearchbox
W/PackageManager( 1569): Unknown permission com.google.android.apps.googlevoice.permission.AUTO_SEND in package com.google.android.googlequicksearchbox
W/PackageManager( 1569): Unknown permission com.google.android.gm.permission.AUTO_SEND in package com.google.android.googlequicksearchbox
D/dalvikvm( 1655): GC_FOR_ALLOC freed 36K, 9% free 3449K/3776K, paused 4ms, total 4ms
W/PackageManager( 1569): Unknown permission android.permission.REQUEST_DELETE_PACKAGES in package com.google.android.play.games
W/PackageManager( 1569): Unknown permission com.google.android.finsky.permission.BIND_GET_INSTALL_REFERRER_SERVICE in package com.google.android.play.games
W/PackageManager( 1569): Not granting permission android.permission.DELETE_PACKAGES to package com.svox.pico (protectionLevel=18 flags=0x88be45)
W/PackageManager( 1569): Not granting permission android.permission.DEVICE_POWER to package com.android.deskclock (protectionLevel=2 flags=0xc8be45)
W/PackageManager( 1569): Not granting permission android.permission.READ_DREAM_STATE to package com.google.android.gsf (protectionLevel=2 flags=0x40883e45)
D/dalvikvm( 1655): GC_FOR_ALLOC freed 4K, 9% free 3617K/3948K, paused 2ms, total 2ms
I/dalvikvm-heap( 1655): Grow heap (frag case) to 5.562MB for 1939932-byte allocation
D/dalvikvm( 1655): GC_FOR_ALLOC freed <1K, 6% free 5511K/5844K, paused 3ms, total 3ms
D/dalvikvm( 1655): GC_FOR_ALLOC freed 18K, 5% free 6083K/6364K, paused 2ms, total 2ms
W/AppWidgetServiceImpl( 1569): Failed to read state: java.io.FileNotFoundException: /data/system/users/0/appwidgets.xml: open failed: ENOENT (No such file or directory)
W/InputMethodManagerService( 1569): Ignoring setImeWindowStatus of uid 1000 token: null
V/PhoneStatusBar/NavigationBarView( 1655): touchEnabled:false
W/InputMethodUtils( 1569): Found no subtypes in a system IME: com.android.inputmethod.pinyin
W/InputMethodManagerService( 1569): Reset the default IME as "Resource" is ready here.
W/InputMethodUtils( 1569): Found no subtypes in a system IME: com.android.inputmethod.pinyin
I/InputMethodManagerService( 1569): Selected default: com.google.android.inputmethod.latin/com.android.inputmethod.latin.LatinIME
D/dalvikvm( 1655): GC_FOR_ALLOC freed 44K, 4% free 7023K/7276K, paused 4ms, total 4ms
W/InputMethodUtils( 1569): NameNotFoundException: com.android.inputmethod.latin
W/InputMethodUtils( 1569): android.content.pm.PackageManager$NameNotFoundException: com.android.inputmethod.latin
W/InputMethodUtils( 1569): 	at android.app.ApplicationPackageManager.getApplicationInfo(ApplicationPackageManager.java:227)
W/InputMethodUtils( 1569): 	at com.android.internal.inputmethod.InputMethodUtils.setNonSelectedSystemImesDisabledUntilUsed(InputMethodUtils.java:441)
W/InputMethodUtils( 1569): 	at com.android.server.InputMethodManagerService.systemRunning(InputMethodManagerService.java:853)
W/InputMethodUtils( 1569): 	at com.android.server.ServerThread$2.run(SystemServer.java:1021)
W/InputMethodUtils( 1569): 	at com.android.server.am.ActivityManagerService.systemReady(ActivityManagerService.java:9363)
W/InputMethodUtils( 1569): 	at com.android.server.am.ActivityManagerService$13$1.run(ActivityManagerService.java:9258)
W/InputMethodUtils( 1569): 	at android.os.Handler.handleCallback(Handler.java:733)
W/InputMethodUtils( 1569): 	at android.os.Handler.dispatchMessage(Handler.java:95)
W/InputMethodUtils( 1569): 	at android.os.Looper.loop(Looper.java:136)
W/InputMethodUtils( 1569): 	at com.android.server.am.ActivityManagerService$AThread.run(ActivityManagerService.java:1870)
W/GpsLocationProvider( 1569): Could not open GPS configuration file /etc/gps.conf
I/ActivityManager( 1569): Start proc com.google.android.inputmethod.latin for service com.google.android.inputmethod.latin/com.android.inputmethod.latin.LatinIME: pid=1763 uid=10031 gids={50031, 3003, 1028, 1015}
V/InputMethodManagerService( 1569): Adding window token: android.os.Binder@9d9ca328
W/InputMethodManagerService( 1569): Illegal subtype state: old subtype = null, new subtype = android.view.inputmethod.InputMethodSubtype@c9194f98
I/PackageManager( 1569): Running dexopt on: com.android.location.fused
W/linker  ( 1789): libdvm.so has text relocations. This is wasting memory and is a security risk. Please fix.
I/ActivityManager( 1569): Start proc com.google.android.gms.persistent for service com.google.android.gms/com.google.android.location.network.NetworkLocationService: pid=1776 uid=10007 gids={50007, 3003, 1007, 1028, 1015, 3002, 3001, 3007, 2001, 3006}
D/dalvikvm( 1789): DexOpt: load 2ms, verify+opt 1ms, 150300 bytes
I/PackageManager( 1569): Running dexopt on: com.google.android.gms
W/linker  ( 1790): libdvm.so has text relocations. This is wasting memory and is a security risk. Please fix.
D/dalvikvm( 1790): DexOpt: couldn't find static field Landroid/os/Build;.SUPPORTED_64_BIT_ABIS
D/dalvikvm( 1790): DexOpt: couldn't find static field Landroid/os/Build;.SUPPORTED_64_BIT_ABIS
D/dalvikvm( 1790): DexOpt: couldn't find static field Landroid/os/Build;.SUPPORTED_64_BIT_ABIS
D/dalvikvm( 1790): DexOpt: couldn't find field Landroid/content/pm/ApplicationInfo;.splitSourceDirs
D/dalvikvm( 1790): DexOpt: couldn't find static field Landroid/os/Build;.SUPPORTED_ABIS
D/dalvikvm( 1790): DexOpt: couldn't find static field Landroid/os/Build;.SUPPORTED_64_BIT_ABIS
D/dalvikvm( 1790): DexOpt: load 32ms, verify+opt 186ms, 3112180 bytes
I/PackageManager( 1569): Running dexopt on: com.google.android.inputmethod.latin
W/linker  ( 1793): libdvm.so has text relocations. This is wasting memory and is a security risk. Please fix.
W/dalvikvm( 1776): VFY: unable to resolve static field 1608 (PR_SET_DUMPABLE) in Landroid/system/OsConstants;
D/dalvikvm( 1776): VFY: replacing opcode 0x60 at 0x0017
W/dalvikvm( 1776): VFY: unable to find class referenced in signature (Lyqx;)
W/dalvikvm( 1776): VFY: unable to find class referenced in signature (Lyro;)
D/dalvikvm( 1793): DexOpt: load 11ms, verify+opt 58ms, 1425476 bytes
E/FlpHardwareProvider( 1569): Error hw_get_module 'flp': -2
I/PackageManager( 1569): Running dexopt on: com.google.android.syncadapters.contacts
W/linker  ( 1809): libdvm.so has text relocations. This is wasting memory and is a security risk. Please fix.
I/ActivityManager( 1569): Start proc com.google.process.gapps for content provider com.google.android.gsf/.gservices.GservicesProvider: pid=1795 uid=10007 gids={50007, 3003, 1007, 1028, 1015, 3002, 3001, 3007, 2001, 3006}
D/dalvikvm( 1809): DexOpt: load 4ms, verify+opt 18ms, 550756 bytes
E/FlpHardwareProvider( 1569): Error hw_get_module 'flp': -2
E/BluetoothAdapter( 1655): Bluetooth binder is null
E/BluetoothAdapter( 1655): Bluetooth binder is null
E/BluetoothAdapter( 1655): Bluetooth binder is null
I/CommonTimeManagementService( 1569): No common time service detected on this platform.  Common time services will be unavailable.
I/InputReader( 1569): Reconfiguring input devices.  changes=0x00000020
I/LatinIME( 1763): Hardware accelerated drawing: true
D/dalvikvm( 1569): GC_FOR_ALLOC freed 778K, 53% free 6974K/14820K, paused 9ms, total 10ms
I/dalvikvm( 1795): Could not find method android.content.ContentProvider.query, referenced from method brf.superQuery
W/dalvikvm( 1795): VFY: unable to resolve virtual method 2428: Landroid/content/ContentProvider;.query (Landroid/net/Uri;[Ljava/lang/String;Landroid/os/Bundle;Landroid/os/CancellationSignal;)Landroid/database/Cursor;
D/dalvikvm( 1795): VFY: replacing opcode 0x6f at 0x0000
D/dalvikvm( 1145): GC_EXPLICIT freed 38K, 8% free 2993K/3220K, paused 0ms+0ms, total 16ms
I/ActivityManager( 1569): Start proc com.android.phone for added application com.android.phone: pid=1812 uid=1001 gids={41001, 3002, 3001, 3003, 1028, 1015}
I/ActivityManager( 1569): START u0 {act=android.intent.action.MAIN cat=[android.intent.category.HOME] flg=0x10000000 cmp=com.android.settings/.CryptKeeper} from pid 0
I/InputReader( 1569): Reconfiguring input devices.  changes=0x00000010
D/dalvikvm( 1145): GC_EXPLICIT freed <1K, 8% free 2993K/3220K, paused 0ms+0ms, total 2ms
D/dalvikvm( 1145): GC_EXPLICIT freed <1K, 8% free 2993K/3220K, paused 0ms+1ms, total 3ms
D/gralloc_ranchu( 1144): gralloc_alloc: Creating ashmem region of size 8294400
I/ActivityManager( 1569): Start proc com.android.settings for activity com.android.settings/.CryptKeeper: pid=1830 uid=1000 gids={41000, 1028, 1015, 3002, 3001, 3003}
I/LatinIME:LogUtils( 1763): Dictionary info: dictionary = personalization.en_US.dict ; version = ? ; date = 1629042872
I/LatinIME:LogUtils( 1763): Dictionary info: dictionary = PersonalizationPredictionDictio ; version = ? ; date = 1629042872
I/ActivityManager( 1569): Start proc android.process.media for broadcast com.android.providers.downloads/.DownloadReceiver: pid=1845 uid=10005 gids={50005, 1028, 1015, 1023, 1024, 2001, 3003, 3007}
I/PackageManager( 1569): Running dexopt on: com.android.settings
W/linker  ( 1858): libdvm.so has text relocations. This is wasting memory and is a security risk. Please fix.
E/BluetoothAdapter( 1655): Bluetooth binder is null
I/GservicesProvider( 1795): Gservices pushing to system: true; secure/global: true
D/dalvikvm( 1858): Note: class Landroid/app/ActivityManagerNative; has 179 unimplemented (abstract) methods
D/dalvikvm( 1858): DexOpt: load 22ms, verify+opt 117ms, 2338852 bytes
I/PackageManager( 1569): Running dexopt on: com.android.providers.telephony
W/InputAttributes( 1763): No editor info for this field. Bug?
I/ResourceUtils( 1763): Found default value: resource=keypress_vibration_durations build=[HARDWARE=ranchu MODEL=Android SDK built for x86 BRAND=generic_x86 MANUFACTURER=unknown] default=-1
I/ResourceUtils( 1763): Found default value: resource=keypress_volumes build=[HARDWARE=ranchu MODEL=Android SDK built for x86 BRAND=generic_x86 MANUFACTURER=unknown] default=-1.0f
W/linker  ( 1860): libdvm.so has text relocations. This is wasting memory and is a security risk. Please fix.
D/dalvikvm( 1763): GC_FOR_ALLOC freed 279K, 13% free 3219K/3684K, paused 3ms, total 3ms
D/dalvikvm( 1860): DexOpt: load 1ms, verify+opt 8ms, 229852 bytes
I/PackageManager( 1569): Running dexopt on: com.android.phone
W/linker  ( 1865): libdvm.so has text relocations. This is wasting memory and is a security risk. Please fix.
D/dalvikvm( 1763): GC_FOR_ALLOC freed 406K, 18% free 3237K/3904K, paused 7ms, total 7ms
D/dalvikvm( 1865): Note: class Landroid/app/ActivityManagerNative; has 179 unimplemented (abstract) methods
D/dalvikvm( 1865): DexOpt: load 18ms, verify+opt 69ms, 1187044 bytes
I/PackageManager( 1569): Running dexopt on: com.android.providers.downloads
W/linker  ( 1867): libdvm.so has text relocations. This is wasting memory and is a security risk. Please fix.
D/dalvikvm( 1867): DexOpt: load 4ms, verify+opt 15ms, 540948 bytes
D/dalvikvm( 1795): GC_FOR_ALLOC freed 270K, 13% free 3221K/3680K, paused 3ms, total 3ms
I/ActivityManager( 1569): Start proc android.process.acore for content provider com.android.providers.userdictionary/.UserDictionaryProvider: pid=1869 uid=10002 gids={50002, 3003, 1028, 1015}
I/ActivityManager( 1569): Start proc com.android.printspooler for service com.android.printspooler/.PrintSpoolerService: pid=1881 uid=10044 gids={50044}
I/PackageManager( 1569): Running dexopt on: com.android.providers.userdictionary
W/linker  ( 1899): libdvm.so has text relocations. This is wasting memory and is a security risk. Please fix.
D/dalvikvm( 1899): DexOpt: load 1ms, verify+opt 2ms, 173356 bytes
I/PackageManager( 1569): Running dexopt on: com.android.printspooler
W/linker  ( 1900): libdvm.so has text relocations. This is wasting memory and is a security risk. Please fix.
D/dalvikvm( 1869): GC_FOR_ALLOC freed 251K, 12% free 3255K/3696K, paused 2ms, total 2ms
D/dalvikvm( 1900): DexOpt: load 9ms, verify+opt 20ms, 610380 bytes
I/LatinIME:LogUtils( 1763): Dictionary info: dictionary = PersonalizationPredictionDictio ; version = ? ; date = 1629042872
I/LatinIME:LogUtils( 1763): Dictionary info: dictionary = UserHistoryDictionary.en_US.dic ; version = ? ; date = 1629042873
D/PhoneStatusBar( 1655): disable: < expand icons alerts ticker system_info back home recent clock search >
I/ActivityManager( 1569): START u0 {act=android.intent.action.MAIN cat=[android.intent.category.HOME] flg=0x10000000 cmp=com.android.sdksetup/.DefaultActivity} from pid 0
I/PrintSpoolerService( 1881): No existing print spooler state.
I/ActivityManager( 1569): Start proc com.android.sdksetup for activity com.android.sdksetup/.DefaultActivity: pid=1911 uid=10046 gids={50046}
D/dalvikvm( 1655): GC_FOR_ALLOC freed 166K, 5% free 8187K/8540K, paused 5ms, total 5ms
D/dalvikvm( 1569): GC_FOR_ALLOC freed 1043K, 54% free 6921K/14820K, paused 36ms, total 36ms
I/PackageManager( 1569): Running dexopt on: com.android.sdksetup
I/MediaProvider( 1845): Upgrading media database from version 0 to 700, which will destroy all old data
W/linker  ( 1929): libdvm.so has text relocations. This is wasting memory and is a security risk. Please fix.
D/dalvikvm( 1929): DexOpt: load 1ms, verify+opt 0ms, 147076 bytes
I/dalvikvm( 1776): Could not find method android.system.Os.readlink, referenced from method msk.a
W/dalvikvm( 1776): VFY: unable to resolve static method 3145: Landroid/system/Os;.readlink (Ljava/lang/String;)Ljava/lang/String;
D/dalvikvm( 1776): VFY: replacing opcode 0x71 at 0x00b0
I/dalvikvm( 1776): Could not find method android.os.PowerManager.isInteractive, referenced from method ndc.a
W/dalvikvm( 1776): VFY: unable to resolve virtual method 3046: Landroid/os/PowerManager;.isInteractive ()Z
D/dalvikvm( 1776): VFY: replacing opcode 0x6e at 0x0013
E/BluetoothAdapter( 1655): Bluetooth binder is null
D/PhoneStatusBar( 1655): heads up is disabled
I/LatinIME:LogUtils( 1763): Dictionary info: dictionary = userunigram.en_US.dict ; version = ? ; date = ?
I/dalvikvm( 1776): Could not find method com.google.android.chimera.ModuleContext.getAttributionTag, referenced from method com.google.android.chimera.ModuleContext.createAttributionContext
D/PhoneStatusBar( 1655): mSettingsPanelGravity = 55
W/dalvikvm( 1776): VFY: unable to resolve virtual method 14170: Lcom/google/android/chimera/ModuleContext;.getAttributionTag ()Ljava/lang/String;
D/dalvikvm( 1776): VFY: replacing opcode 0x6e at 0x0004
I/dalvikvm( 1776): Could not find method com.google.android.chimera.ContextThemeWrapper.createAttributionContext, referenced from method com.google.android.chimera.ModuleContext.createAttributionContext
W/dalvikvm( 1776): VFY: unable to resolve virtual method 13785: Lcom/google/android/chimera/ContextThemeWrapper;.createAttributionContext (Ljava/lang/String;)Landroid/content/Context;
D/dalvikvm( 1776): VFY: replacing opcode 0x6f at 0x0035
I/dalvikvm( 1776): Could not find method android.content.ContextWrapper.createCredentialProtectedStorageContext, referenced from method com.google.android.chimera.ModuleContext.createCredentialProtectedStorageContext
W/dalvikvm( 1776): VFY: unable to resolve virtual method 2508: Landroid/content/ContextWrapper;.createCredentialProtectedStorageContext ()Landroid/content/Context;
D/dalvikvm( 1776): VFY: replacing opcode 0x6f at 0x0002
I/dalvikvm( 1776): Could not find method android.content.ContextWrapper.createDeviceProtectedStorageContext, referenced from method com.google.android.chimera.ModuleContext.createDeviceProtectedStorageContext
W/dalvikvm( 1776): VFY: unable to resolve virtual method 2509: Landroid/content/ContextWrapper;.createDeviceProtectedStorageContext ()Landroid/content/Context;
D/dalvikvm( 1776): VFY: replacing opcode 0x6f at 0x0002
I/dalvikvm( 1776): Could not find method com.google.android.chimera.ContextThemeWrapper.sendBroadcastWithMultiplePermissions, referenced from method com.google.android.chimera.ModuleContext.sendBroadcastWithMultiplePermissions
W/dalvikvm( 1776): VFY: unable to resolve virtual method 13795: Lcom/google/android/chimera/ContextThemeWrapper;.sendBroadcastWithMultiplePermissions (Landroid/content/Intent;[Ljava/lang/String;)V
D/dalvikvm( 1776): VFY: replacing opcode 0x6f at 0x0009
I/Choreographer( 1655): Skipped 92 frames!  The application may be doing too much work on its main thread.
V/KeyguardTouchDelegate( 1655): Connected to keyguard
I/MultiDex( 1776): VM with version 1.6.0 does not have multidex support
I/MultiDex( 1776): Installing application
I/MultiDex( 1776): MultiDexExtractor(/system/priv-app/PrebuiltGmsCore.apk, /data/data/com.google.android.gms/code_cache/secondary-dexes)
D/dalvikvm( 1763): GC_FOR_ALLOC freed 460K, 17% free 3290K/3936K, paused 3ms, total 4ms
I/MultiDex( 1776): Blocking on lock /data/data/com.google.android.gms/code_cache/secondary-dexes/MultiDex.lock
I/MultiDex( 1776): /data/data/com.google.android.gms/code_cache/secondary-dexes/MultiDex.lock locked
I/MultiDex( 1776): MultiDexExtractor.load(/system/priv-app/PrebuiltGmsCore.apk, false, )
I/MultiDex( 1776): Detected that extraction must be performed.
I/FusedLocation( 1569): engine stopped (com.android.location.fused)
I/FusedLocation( 1569): engine started (com.android.location.fused)
I/FusedLocation( 1569): engine started (com.android.location.fused)
I/ActivityManager( 1569): Force stopping com.android.sdksetup appid=10046 user=0: pkg changed
I/ActivityManager( 1569): Killing 1911:com.android.sdksetup/u0a46 (adj 0): stop com.android.sdksetup
I/ActivityManager( 1569):   Force finishing activity ActivityRecord{9d508d98 u0 com.android.sdksetup/.DefaultActivity t2}
D/        ( 1655): HostConnection::get() New Host Connection established 0xb8ca6b70, tid 1655
D/EGL_emulation( 1655): eglCreateContext: 0xb8ca88c0: maj 3 min 0 rcv 3
D/EGL_emulation( 1655): eglMakeCurrent: 0xb8ca88c0: ver 3 0
E/eglCodecCommon( 1655): glUtilsParamSize: unknow param 0x00008cdf
E/eglCodecCommon( 1655): glUtilsParamSize: unknow param 0x00008824
E/EGL_emulation( 1655): tid 1655: eglSurfaceAttrib(1199): error 0x3009 (EGL_BAD_MATCH)
W/HardwareRenderer( 1655): Backbuffer cannot be preserved
I/ActivityManager( 1569): START u0 {act=android.intent.action.MAIN cat=[android.intent.category.HOME] flg=0x10000000 cmp=com.android.launcher/com.android.launcher2.Launcher} from pid 0
D/dalvikvm( 1776): GC_FOR_ALLOC freed 247K, 12% free 3242K/3680K, paused 4ms, total 5ms
D/OpenGLRenderer( 1655): Enabling debug mode 0
I/ActivityManager( 1569): Start proc com.android.launcher for activity com.android.launcher/com.android.launcher2.Launcher: pid=1944 uid=10009 gids={50009}
D/EGL_emulation( 1655): eglMakeCurrent: 0xb8ca88c0: ver 3 0
I/PackageManager( 1569): Running dexopt on: com.android.launcher
E/EGL_emulation( 1655): tid 1655: eglSurfaceAttrib(1199): error 0x3009 (EGL_BAD_MATCH)
W/HardwareRenderer( 1655): Backbuffer cannot be preserved
I/InputReader( 1569): Reconfiguring input devices.  changes=0x00000010
W/linker  ( 1959): libdvm.so has text relocations. This is wasting memory and is a security risk. Please fix.
E/SQLiteLog( 1845): (1) no such table: album_info
D/dalvikvm( 1776): GC_FOR_ALLOC freed 143K, 9% free 3603K/3940K, paused 2ms, total 2ms
I/ContactLocale( 1869): AddressBook Labels [en_US]: [, A, B, C, D, E, F, G, H, I, J, K, L, M, N, O, P, Q, R, S, T, U, V, W, X, Y, Z, , , , , , , , , , , , , , , , , , , , , , , , , , , , , , , , , , , , , , , , , , , , , , , , , , , , , , , , , , , , , , , , , , , , , , , , , , , , , , , , , , , , , , , , , , , , , , , , , , , , , , , , , , , , , , , , , , , , , , , , , , , , , , , , , , , , , , , , , , , , , , , , , , , , , , , , , , , , , , , , , , , , , , , , , , , , , , , , , , , , , , #, ]
D/dalvikvm( 1776): GC_FOR_ALLOC freed 132K, 9% free 3954K/4304K, paused 2ms, total 2ms
D/dalvikvm( 1776): GC_FOR_ALLOC freed 119K, 8% free 4295K/4652K, paused 2ms, total 2ms
D/dalvikvm( 1959): DexOpt: load 24ms, verify+opt 63ms, 987780 bytes
D/dalvikvm( 1776): GC_FOR_ALLOC freed 128K, 8% free 4606K/4996K, paused 9ms, total 9ms
I/MultiDex( 1776): Extraction is needed for file /data/data/com.google.android.gms/code_cache/secondary-dexes/PrebuiltGmsCore.apk.classes2.zip
I/MultiDex( 1776): Extracting /data/data/com.google.android.gms/code_cache/secondary-dexes/tmp-PrebuiltGmsCore.apk.classes1826052344.zip
I/ActivityManager( 1569): Start proc com.android.externalstorage for broadcast com.android.externalstorage/.MountReceiver: pid=1965 uid=10006 gids={50006, 1028, 1015, 1023}
I/PackageManager( 1569): Running dexopt on: com.android.externalstorage
W/linker  ( 1978): libdvm.so has text relocations. This is wasting memory and is a security risk. Please fix.
I/PackageManager( 1569):   Action: "android.intent.action.SENDTO"
I/PackageManager( 1569):   Category: "android.intent.category.DEFAULT"
I/PackageManager( 1569):   Scheme: "sms"
I/PackageManager( 1569):   Action: "android.intent.action.SENDTO"
I/PackageManager( 1569):   Category: "android.intent.category.DEFAULT"
I/PackageManager( 1569):   Scheme: "smsto"
W/BackupManagerService( 1569): dataChanged but no participant pkg='com.android.providers.settings' uid=1001
I/PackageManager( 1569): Adding preferred activity ComponentInfo{com.android.mms/com.android.mms.ui.ComposeMessageActivity} for user 0 :
I/PackageManager( 1569): Adding preferred activity ComponentInfo{com.android.mms/com.android.mms.ui.ComposeMessageActivity} for user 0 :
I/PackageManager( 1569):   Action: "android.intent.action.SENDTO"
I/PackageManager( 1569):   Category: "android.intent.category.DEFAULT"
I/PackageManager( 1569):   Scheme: "mms"
I/DownloadManager( 1845): Upgrading downloads database from version 0 to version 109, which will destroy all old data
I/PackageManager( 1569): Adding preferred activity ComponentInfo{com.android.mms/com.android.mms.ui.ComposeMessageActivity} for user 0 :
D/dalvikvm( 1569): GC_FOR_ALLOC freed 846K, 53% free 7056K/14820K, paused 20ms, total 20ms
I/PackageManager( 1569):   Action: "android.intent.action.SENDTO"
I/PackageManager( 1569):   Category: "android.intent.category.DEFAULT"
I/PackageManager( 1569):   Scheme: "mmsto"
D/dalvikvm( 1978): DexOpt: load 3ms, verify+opt 12ms, 224484 bytes
I/PackageManager( 1569): Adding preferred activity ComponentInfo{com.android.mms/com.android.mms.ui.ComposeMessageActivity} for user 0 :
D/EGL_emulation( 1655): eglMakeCurrent: 0xb8ca88c0: ver 3 0
I/PackageManager( 1569):   Action: "android.intent.action.SENDTO"
I/PackageManager( 1569):   Category: "android.intent.category.DEFAULT"
I/PackageManager( 1569):   Scheme: "sms"
I/PackageManager( 1569): Adding preferred activity ComponentInfo{com.android.mms/com.android.mms.ui.ComposeMessageActivity} for user 0 :
I/PackageManager( 1569):   Action: "android.intent.action.SENDTO"
I/PackageManager( 1569):   Category: "android.intent.category.DEFAULT"
I/PackageManager( 1569):   Scheme: "smsto"
I/PackageManager( 1569): Adding preferred activity ComponentInfo{com.android.mms/com.android.mms.ui.ComposeMessageActivity} for user 0 :
I/PackageManager( 1569):   Action: "android.intent.action.SENDTO"
I/PackageManager( 1569):   Category: "android.intent.category.DEFAULT"
I/PackageManager( 1569):   Scheme: "mms"
I/PackageManager( 1569):   Action: "android.intent.action.SENDTO"
I/PackageManager( 1569):   Category: "android.intent.category.DEFAULT"
I/PackageManager( 1569):   Scheme: "mmsto"
I/PackageManager( 1569): Adding preferred activity ComponentInfo{com.android.mms/com.android.mms.ui.ComposeMessageActivity} for user 0 :
I/PackageManager( 1569): Adding preferred activity ComponentInfo{com.android.mms/com.android.mms.ui.ComposeMessageActivity} for user 0 :
D/ExternalStorage( 1965): After updating volumes, found 1 active roots
D/ExternalStorage( 1965): After updating volumes, found 1 active roots
D/MediaScannerReceiver( 1845): action: android.intent.action.MEDIA_MOUNTED path: /storage/sdcard
D/dalvikvm( 1812): GC_FOR_ALLOC freed 245K, 12% free 3252K/3684K, paused 5ms, total 5ms
E/BluetoothAdapter( 1812): Bluetooth binder is null
I/DownloadManager( 1845): Download 1 starting
E/BluetoothAdapter( 1812): Bluetooth binder is null
D/dalvikvm( 1845): GC_FOR_ALLOC freed 287K, 13% free 3219K/3696K, paused 4ms, total 4ms
W/DownloadManager( 1845): Aborting request for download 1: NO_CONNECTION
D/CallNotifier( 1812): CallNotifier: mSignalInfoToneGenerator created when toneplay
E/BluetoothAdapter( 1812): Bluetooth binder is null
I/LatinIME:LogUtils( 1763): Dictionary info: dictionary = main:en ; version = 42 ; date = 1381226516
D/dalvikvm( 1655): GC_FOR_ALLOC freed 144K, 4% free 8888K/9220K, paused 2ms, total 2ms
I/DownloadManager( 1845): Download 1 finished with status WAITING_FOR_NETWORK
I/dalvikvm-heap( 1655): Grow heap (frag case) to 11.791MB for 3072012-byte allocation
D/AlarmManagerService( 1569): Kernel timezone updated to 240 minutes west of GMT
D/dalvikvm( 1655): GC_FOR_ALLOC freed 5K, 3% free 11883K/12224K, paused 12ms, total 12ms
D/        ( 1812): Setting time of day to sec=1629042874
D/MobileDataStateTracker( 1569): fota: Broadcast received: android.intent.action.ANY_DATA_STATE apnType=fota
D/MobileDataStateTracker( 1569): fota: Received state=DISCONNECTED, old=DISCONNECTED, reason=radioTurnedOff
D/MobileDataStateTracker( 1569): ia: Broadcast received: android.intent.action.ANY_DATA_STATE apnType=ia
D/MobileDataStateTracker( 1569): ia: Received state=DISCONNECTED, old=DISCONNECTED, reason=radioTurnedOff
D/MobileDataStateTracker( 1569): supl: Broadcast received: android.intent.action.ANY_DATA_STATE apnType=supl
D/MobileDataStateTracker( 1569): supl: Received state=DISCONNECTED, old=DISCONNECTED, reason=radioTurnedOff
D/MobileDataStateTracker( 1569): hipri: Broadcast received: android.intent.action.ANY_DATA_STATE apnType=hipri
D/MobileDataStateTracker( 1569): hipri: Received state=DISCONNECTED, old=DISCONNECTED, reason=radioTurnedOff
D/dalvikvm( 1944): GC_FOR_ALLOC freed 198K, 11% free 3279K/3672K, paused 3ms, total 3ms
D/MobileDataStateTracker( 1569): ims: Broadcast received: android.intent.action.ANY_DATA_STATE apnType=ims
D/MobileDataStateTracker( 1569): ims: Received state=DISCONNECTED, old=DISCONNECTED, reason=radioTurnedOff
D/MobileDataStateTracker( 1569): default: Broadcast received: android.intent.action.ANY_DATA_STATE apnType=default
D/MobileDataStateTracker( 1569): default: Received state=DISCONNECTED, old=DISCONNECTED, reason=radioTurnedOff
D/MobileDataStateTracker( 1569): mms: Broadcast received: android.intent.action.ANY_DATA_STATE apnType=mms
D/MobileDataStateTracker( 1569): mms: Received state=DISCONNECTED, old=DISCONNECTED, reason=radioTurnedOff
D/MobileDataStateTracker( 1569): cbs: Broadcast received: android.intent.action.ANY_DATA_STATE apnType=cbs
D/MobileDataStateTracker( 1569): cbs: Received state=DISCONNECTED, old=DISCONNECTED, reason=radioTurnedOff
D/MobileDataStateTracker( 1569): fota: Broadcast received: android.intent.action.ANY_DATA_STATE apnType=fota
D/MobileDataStateTracker( 1569): fota: Received state=DISCONNECTED, old=DISCONNECTED, reason=radioTurnedOff
D/MobileDataStateTracker( 1569): ia: Broadcast received: android.intent.action.ANY_DATA_STATE apnType=ia
D/MobileDataStateTracker( 1569): ia: Received state=DISCONNECTED, old=DISCONNECTED, reason=radioTurnedOff
D/MobileDataStateTracker( 1569): supl: Broadcast received: android.intent.action.ANY_DATA_STATE apnType=supl
D/MobileDataStateTracker( 1569): supl: Received state=DISCONNECTED, old=DISCONNECTED, reason=radioTurnedOff
D/MobileDataStateTracker( 1569): hipri: Broadcast received: android.intent.action.ANY_DATA_STATE apnType=hipri
D/MobileDataStateTracker( 1569): hipri: Received state=DISCONNECTED, old=DISCONNECTED, reason=radioTurnedOff
D/MobileDataStateTracker( 1569): ims: Broadcast received: android.intent.action.ANY_DATA_STATE apnType=ims
D/MobileDataStateTracker( 1569): ims: Received state=DISCONNECTED, old=DISCONNECTED, reason=radioTurnedOff
D/MobileDataStateTracker( 1569): default: Broadcast received: android.intent.action.ANY_DATA_STATE apnType=default
D/MobileDataStateTracker( 1569): default: Received state=DISCONNECTED, old=DISCONNECTED, reason=radioTurnedOff
D/MobileDataStateTracker( 1569): mms: Broadcast received: android.intent.action.ANY_DATA_STATE apnType=mms
D/MobileDataStateTracker( 1569): mms: Received state=DISCONNECTED, old=DISCONNECTED, reason=radioTurnedOff
D/MobileDataStateTracker( 1569): cbs: Broadcast received: android.intent.action.ANY_DATA_STATE apnType=cbs
D/MobileDataStateTracker( 1569): cbs: Received state=DISCONNECTED, old=DISCONNECTED, reason=radioTurnedOff
D/MobileDataStateTracker( 1569): fota: Broadcast received: android.intent.action.ANY_DATA_STATE apnType=fota
D/MobileDataStateTracker( 1569): fota: Received state=DISCONNECTED, old=DISCONNECTED, reason=dataDetached
D/MobileDataStateTracker( 1569): ia: Broadcast received: android.intent.action.ANY_DATA_STATE apnType=ia
D/MobileDataStateTracker( 1569): ia: Received state=DISCONNECTED, old=DISCONNECTED, reason=dataDetached
D/MobileDataStateTracker( 1569): supl: Broadcast received: android.intent.action.ANY_DATA_STATE apnType=supl
D/MobileDataStateTracker( 1569): supl: Received state=DISCONNECTED, old=DISCONNECTED, reason=dataDetached
D/MobileDataStateTracker( 1569): hipri: Broadcast received: android.intent.action.ANY_DATA_STATE apnType=hipri
D/MobileDataStateTracker( 1569): hipri: Received state=DISCONNECTED, old=DISCONNECTED, reason=dataDetached
D/MobileDataStateTracker( 1569): ims: Broadcast received: android.intent.action.ANY_DATA_STATE apnType=ims
D/MobileDataStateTracker( 1569): ims: Received state=DISCONNECTED, old=DISCONNECTED, reason=dataDetached
D/MobileDataStateTracker( 1569): default: Broadcast received: android.intent.action.ANY_DATA_STATE apnType=default
D/MobileDataStateTracker( 1569): default: Received state=DISCONNECTED, old=DISCONNECTED, reason=dataDetached
D/MobileDataStateTracker( 1569): mms: Broadcast received: android.intent.action.ANY_DATA_STATE apnType=mms
D/MobileDataStateTracker( 1569): mms: Received state=DISCONNECTED, old=DISCONNECTED, reason=dataDetached
D/MobileDataStateTracker( 1569): cbs: Broadcast received: android.intent.action.ANY_DATA_STATE apnType=cbs
D/MobileDataStateTracker( 1569): cbs: Received state=DISCONNECTED, old=DISCONNECTED, reason=dataDetached
D/MobileDataStateTracker( 1569): fota: Broadcast received: android.intent.action.ANY_DATA_STATE apnType=fota
D/MobileDataStateTracker( 1569): fota: Received state=DISCONNECTED, old=DISCONNECTED, reason=roamingOff
D/MobileDataStateTracker( 1569): ia: Broadcast received: android.intent.action.ANY_DATA_STATE apnType=ia
D/MobileDataStateTracker( 1569): ia: Received state=DISCONNECTED, old=DISCONNECTED, reason=roamingOff
D/MobileDataStateTracker( 1569): supl: Broadcast received: android.intent.action.ANY_DATA_STATE apnType=supl
D/MobileDataStateTracker( 1569): supl: Received state=DISCONNECTED, old=DISCONNECTED, reason=roamingOff
D/MobileDataStateTracker( 1569): hipri: Broadcast received: android.intent.action.ANY_DATA_STATE apnType=hipri
D/MobileDataStateTracker( 1569): hipri: Received state=DISCONNECTED, old=DISCONNECTED, reason=roamingOff
D/MobileDataStateTracker( 1569): ims: Broadcast received: android.intent.action.ANY_DATA_STATE apnType=ims
D/MobileDataStateTracker( 1569): ims: Received state=DISCONNECTED, old=DISCONNECTED, reason=roamingOff
D/MobileDataStateTracker( 1569): default: Broadcast received: android.intent.action.ANY_DATA_STATE apnType=default
D/MobileDataStateTracker( 1569): default: Received state=DISCONNECTED, old=DISCONNECTED, reason=roamingOff
D/MobileDataStateTracker( 1569): mms: Broadcast received: android.intent.action.ANY_DATA_STATE apnType=mms
D/MobileDataStateTracker( 1569): mms: Received state=DISCONNECTED, old=DISCONNECTED, reason=roamingOff
D/MobileDataStateTracker( 1569): cbs: Broadcast received: android.intent.action.ANY_DATA_STATE apnType=cbs
D/MobileDataStateTracker( 1569): cbs: Received state=DISCONNECTED, old=DISCONNECTED, reason=roamingOff
D/MobileDataStateTracker( 1569): fota: Broadcast received: android.intent.action.ANY_DATA_STATE apnType=fota
D/MobileDataStateTracker( 1569): fota: Received state=DISCONNECTED, old=DISCONNECTED, reason=roamingOff
D/MobileDataStateTracker( 1569): ia: Broadcast received: android.intent.action.ANY_DATA_STATE apnType=ia
D/dalvikvm( 1655): GC_FOR_ALLOC freed 1K, 3% free 11885K/12224K, paused 19ms, total 19ms
D/TelephonyDebugService( 1812): TelephonyDebugService()
D/MobileDataStateTracker( 1569): ia: Received state=DISCONNECTED, old=DISCONNECTED, reason=roamingOff
D/MobileDataStateTracker( 1569): supl: Broadcast received: android.intent.action.ANY_DATA_STATE apnType=supl
D/MobileDataStateTracker( 1569): supl: Received state=DISCONNECTED, old=DISCONNECTED, reason=roamingOff
D/MobileDataStateTracker( 1569): hipri: Broadcast received: android.intent.action.ANY_DATA_STATE apnType=hipri
D/MobileDataStateTracker( 1569): hipri: Received state=DISCONNECTED, old=DISCONNECTED, reason=roamingOff
D/MobileDataStateTracker( 1569): ims: Broadcast received: android.intent.action.ANY_DATA_STATE apnType=ims
D/dalvikvm( 1944): GC_FOR_ALLOC freed 51K, 7% free 3711K/3960K, paused 2ms, total 2ms
I/dalvikvm-heap( 1655): Grow heap (frag case) to 25.849MB for 14745612-byte allocation
D/dalvikvm( 1655): GC_FOR_ALLOC freed 0K, 2% free 26285K/26628K, paused 9ms, total 9ms
D/dalvikvm( 1869): GC_FOR_ALLOC freed 299K, 13% free 3467K/3956K, paused 2ms, total 2ms
D/MobileDataStateTracker( 1569): ims: Received state=DISCONNECTED, old=DISCONNECTED, reason=roamingOff
D/MobileDataStateTracker( 1569): default: Broadcast received: android.intent.action.ANY_DATA_STATE apnType=default
D/MobileDataStateTracker( 1569): default: Received state=DISCONNECTED, old=DISCONNECTED, reason=roamingOff
D/MobileDataStateTracker( 1569): mms: Broadcast received: android.intent.action.ANY_DATA_STATE apnType=mms
D/MobileDataStateTracker( 1569): mms: Received state=DISCONNECTED, old=DISCONNECTED, reason=roamingOff
D/MobileDataStateTracker( 1569): cbs: Broadcast received: android.intent.action.ANY_DATA_STATE apnType=cbs
D/MobileDataStateTracker( 1569): cbs: Received state=DISCONNECTED, old=DISCONNECTED, reason=roamingOff
I/LatinIME:LogUtils( 1763): Dictionary info: dictionary = main:en ; version = 42 ; date = 1381226516
D/AlarmManagerService( 1569): Kernel timezone updated to 300 minutes west of GMT
D/dalvikvm( 1944): GC_FOR_ALLOC freed 27K, 6% free 3875K/4096K, paused 3ms, total 3ms
W/MediaScanner( 1845): Error opening directory '/storage/sdcard/.android_secure/', skipping: Permission denied.
D/dalvikvm( 1812): GC_FOR_ALLOC freed 336K, 14% free 3430K/3952K, paused 54ms, total 54ms
I/DownloadManager( 1845): Download 2 starting
I/LatinIME:LogUtils( 1763): Dictionary info: dictionary = main:en ; version = 42 ; date = 1381226516
W/DownloadManager( 1845): Aborting request for download 2: NO_CONNECTION
D/gralloc_ranchu( 1144): gralloc_alloc: Creating ashmem region of size 14745600
I/PackageManager( 1569): Running dexopt on: com.android.exchange
I/ActivityManager( 1569): Start proc com.android.exchange for content provider com.android.exchange/.provider.ExchangeDirectoryProvider: pid=2004 uid=10027 gids={50027, 3003, 1028, 1015}
W/linker  ( 2022): libdvm.so has text relocations. This is wasting memory and is a security risk. Please fix.
I/dalvikvm-heap( 1944): Grow heap (frag case) to 8.174MB for 4410012-byte allocation
D/dalvikvm( 1944): GC_FOR_ALLOC freed 2K, 3% free 8179K/8404K, paused 8ms, total 8ms
I/DownloadManager( 1845): Download 2 finished with status WAITING_FOR_NETWORK
V/MediaScanner( 1845): pruneDeadThumbnailFiles... android.database.sqlite.SQLiteCursor@9d0be2d8
V/MediaScanner( 1845): /pruneDeadThumbnailFiles... android.database.sqlite.SQLiteCursor@9d0be2d8
W/Resources( 1944): Converting to int: TypedValue{t=0x3/d=0x12 "4" a=-1}
W/Resources( 1944): Converting to int: TypedValue{t=0x3/d=0xf "1" a=-1}
I/DownloadManager( 1845): Download 3 starting
W/DownloadManager( 1845): Aborting request for download 3: NO_CONNECTION
I/Choreographer( 1655): Skipped 62 frames!  The application may be doing too much work on its main thread.
D/EGL_emulation( 1655): eglMakeCurrent: 0xb8ca88c0: ver 3 0
I/DownloadManager( 1845): Download 3 finished with status WAITING_FOR_NETWORK
D/EGL_emulation( 1655): eglMakeCurrent: 0xb8ca88c0: ver 3 0
D/dalvikvm( 2022): DexOpt: load 43ms, verify+opt 145ms, 2148036 bytes
W/Resources( 1944): Converting to int: TypedValue{t=0x3/d=0x15 "2" a=-1}
W/Resources( 1944): Converting to int: TypedValue{t=0x3/d=0x15 "2" a=-1}
D/MobileDataStateTracker( 1569): fota: Broadcast received: android.intent.action.ANY_DATA_STATE apnType=fota
D/MobileDataStateTracker( 1569): fota: Received state=DISCONNECTED, old=DISCONNECTED, reason=dataAttached
D/MobileDataStateTracker( 1569): ia: Broadcast received: android.intent.action.ANY_DATA_STATE apnType=ia
D/MobileDataStateTracker( 1569): ia: Received state=DISCONNECTED, old=DISCONNECTED, reason=dataAttached
D/EGL_emulation( 1655): eglMakeCurrent: 0xb8ca88c0: ver 3 0
D/MobileDataStateTracker( 1569): supl: Broadcast received: android.intent.action.ANY_DATA_STATE apnType=supl
D/MobileDataStateTracker( 1569): supl: Received state=DISCONNECTED, old=DISCONNECTED, reason=dataAttached
D/MobileDataStateTracker( 1569): hipri: Broadcast received: android.intent.action.ANY_DATA_STATE apnType=hipri
D/MobileDataStateTracker( 1569): hipri: Received state=DISCONNECTED, old=DISCONNECTED, reason=dataAttached
D/MobileDataStateTracker( 1569): ims: Broadcast received: android.intent.action.ANY_DATA_STATE apnType=ims
D/MobileDataStateTracker( 1569): ims: Received state=DISCONNECTED, old=DISCONNECTED, reason=dataAttached
D/MobileDataStateTracker( 1569): mms: Broadcast received: android.intent.action.ANY_DATA_STATE apnType=mms
D/MobileDataStateTracker( 1569): mms: Received state=DISCONNECTED, old=DISCONNECTED, reason=dataAttached
D/MobileDataStateTracker( 1569): cbs: Broadcast received: android.intent.action.ANY_DATA_STATE apnType=cbs
D/MobileDataStateTracker( 1569): cbs: Received state=DISCONNECTED, old=DISCONNECTED, reason=dataAttached
D/MobileDataStateTracker( 1569): fota: Broadcast received: android.intent.action.ANY_DATA_STATE apnType=fota
D/MobileDataStateTracker( 1569): fota: Received state=DISCONNECTED, old=DISCONNECTED, reason=dataAttached
D/MobileDataStateTracker( 1569): ia: Broadcast received: android.intent.action.ANY_DATA_STATE apnType=ia
D/MobileDataStateTracker( 1569): ia: Received state=DISCONNECTED, old=DISCONNECTED, reason=dataAttached
D/MobileDataStateTracker( 1569): supl: Broadcast received: android.intent.action.ANY_DATA_STATE apnType=supl
D/MobileDataStateTracker( 1569): supl: Received state=DISCONNECTED, old=DISCONNECTED, reason=dataAttached
D/MobileDataStateTracker( 1569): hipri: Broadcast received: android.intent.action.ANY_DATA_STATE apnType=hipri
D/MobileDataStateTracker( 1569): hipri: Received state=DISCONNECTED, old=DISCONNECTED, reason=dataAttached
D/MobileDataStateTracker( 1569): ims: Broadcast received: android.intent.action.ANY_DATA_STATE apnType=ims
D/MobileDataStateTracker( 1569): ims: Received state=DISCONNECTED, old=DISCONNECTED, reason=dataAttached
D/MobileDataStateTracker( 1569): mms: Broadcast received: android.intent.action.ANY_DATA_STATE apnType=mms
D/MobileDataStateTracker( 1569): mms: Received state=DISCONNECTED, old=DISCONNECTED, reason=dataAttached
D/MobileDataStateTracker( 1569): cbs: Broadcast received: android.intent.action.ANY_DATA_STATE apnType=cbs
D/MobileDataStateTracker( 1569): cbs: Received state=DISCONNECTED, old=DISCONNECTED, reason=dataAttached
I/ContactDirectoryManager( 1869): deleted 0 stale rows which don't have any relevant directory
I/ActivityManager( 1569): Start proc com.android.email for content provider com.android.email/.provider.EmailProvider: pid=2024 uid=10026 gids={50026, 3003, 1028, 1015}
I/ContactDirectoryManager( 1869): Discovered 0 contact directories in 1015ms
D/dalvikvm( 1569): GC_FOR_ALLOC freed 950K, 52% free 7125K/14820K, paused 21ms, total 23ms
I/PackageManager( 1569): Running dexopt on: com.android.email
W/Launcher.LauncherProvider( 1944): Unable to add favorite: com.android.camera2/com.android.camera.CameraLauncher
W/Launcher.LauncherProvider( 1944): android.content.pm.PackageManager$NameNotFoundException: ComponentInfo{com.android.camera2/com.android.camera.CameraLauncher}
W/Launcher.LauncherProvider( 1944): 	at android.app.ApplicationPackageManager.getActivityInfo(ApplicationPackageManager.java:242)
W/Launcher.LauncherProvider( 1944): 	at com.android.launcher2.LauncherProvider$DatabaseHelper.addAppShortcut(LauncherProvider.java:939)
