D/dalvikvm( 5066): Note: class Landroid/app/ActivityManagerNative; has 179 unimplemented (abstract) methods
E/memtrack( 5066): Couldn't load memtrack module (No such file or directory)
E/android.os.Debug( 5066): failed to load memtrack module: -2
D/AndroidRuntime( 5066): Calling main entry com.android.commands.pm.Pm
D/AndroidRuntime( 5066): Shutting down VM
D/dalvikvm( 5066): GC_CONCURRENT freed 93K, 15% free 557K/652K, paused 0ms+0ms, total 0ms
D/AndroidRuntime( 5077): 
D/AndroidRuntime( 5077): >>>>>> AndroidRuntime START com.android.internal.os.RuntimeInit <<<<<<
W/linker  ( 5077): libdvm.so has text relocations. This is wasting memory and is a security risk. Please fix.
D/AndroidRuntime( 5077): CheckJNI is ON
D/dalvikvm( 5077): Trying to load lib libjavacore.so 0x0
D/dalvikvm( 5077): Added shared lib libjavacore.so 0x0
D/dalvikvm( 5077): Trying to load lib libnativehelper.so 0x0
D/dalvikvm( 5077): Added shared lib libnativehelper.so 0x0
D/dalvikvm( 5077): No JNI_OnLoad found in libnativehelper.so 0x0, skipping init
D/dalvikvm( 5077): Note: class Landroid/app/ActivityManagerNative; has 179 unimplemented (abstract) methods
V/AndroidRipperService( 3682): unregister()
E/memtrack( 5077): Couldn't load memtrack module (No such file or directory)
E/android.os.Debug( 5077): failed to load memtrack module: -2
D/AndroidRuntime( 5077): Calling main entry com.android.commands.pm.Pm
D/AndroidRuntime( 4393): Shutting down VM
D/dalvikvm( 4393): GC_CONCURRENT freed 96K, 15% free 557K/656K, paused 2ms+0ms, total 3ms
I/ActivityManager( 1568): Force stopping com.mendhak.gpslogger appid=10067 user=0: clear data
I/ActivityManager( 1568): Killing 4404:com.mendhak.gpslogger/u0a67 (adj 0): stop com.mendhak.gpslogger
W/ActivityManager( 1568): Crash of app com.mendhak.gpslogger running instrumentation ComponentInfo{it.unina.android.ripper/android.test.InstrumentationTestRunner}
D/keystore( 1149): calling clear_uid in state: 3
I/ActivityManager( 1568): Force stopping com.mendhak.gpslogger appid=10067 user=0: finished inst
I/GeofencerStateMachine( 1777): removeGeofences: removeRequest=RemoveGeofencingRequest[REMOVE_ALL packageName=com.mendhak.gpslogger]
D/Documents( 3214): Used cached roots for com.android.providers.downloads.documents
D/Documents( 3214): Used cached roots for com.android.externalstorage.documents
D/Documents( 3214): Used cached roots for com.android.providers.media.documents
D/Documents( 3214): Update found 6 roots in 1ms
I/Icing   ( 2195): doRemovePackageData com.mendhak.gpslogger
D/AndroidRuntime( 5077): Shutting down VM
D/dalvikvm( 5077): GC_CONCURRENT freed 92K, 15% free 549K/644K, paused 0ms+0ms, total 1ms
I/Fitness ( 1777): FitCleanupIntentOperation received Intent android.intent.action.PACKAGE_DATA_CLEARED [CONTEXT service_id=17 ]
D/AndroidRuntime( 5099): 
D/AndroidRuntime( 5099): >>>>>> AndroidRuntime START com.android.internal.os.RuntimeInit <<<<<<
W/linker  ( 5099): libdvm.so has text relocations. This is wasting memory and is a security risk. Please fix.
D/AndroidRuntime( 5099): CheckJNI is ON
D/dalvikvm( 5099): Trying to load lib libjavacore.so 0x0
D/dalvikvm( 5099): Added shared lib libjavacore.so 0x0
D/dalvikvm( 5099): Trying to load lib libnativehelper.so 0x0
D/dalvikvm( 5099): Added shared lib libnativehelper.so 0x0
D/dalvikvm( 5099): No JNI_OnLoad found in libnativehelper.so 0x0, skipping init
D/dalvikvm( 5099): Note: class Landroid/app/ActivityManagerNative; has 179 unimplemented (abstract) methods
E/memtrack( 5099): Couldn't load memtrack module (No such file or directory)
E/android.os.Debug( 5099): failed to load memtrack module: -2
D/AndroidRuntime( 5099): Calling main entry com.android.commands.pm.Pm
I/ActivityManager( 1568): Force stopping com.mendhak.gpslogger appid=10067 user=-1: uninstall pkg
W/PackageManager( 1568): Couldn't delete native library directory /data/app-lib/com.mendhak.gpslogger
D/keystore( 1149): calling clear_uid in state: 3
D/dalvikvm( 1568): GC_FOR_ALLOC freed 1700K, 44% free 9895K/17364K, paused 8ms, total 8ms
I/ActivityManager( 1568): Force stopping com.mendhak.gpslogger appid=10067 user=0: pkg removed
D/dalvikvm( 2670): GC_EXPLICIT freed 162K, 15% free 3445K/4044K, paused 0ms+0ms, total 2ms
W/Launcher.Model( 2670): Nobody to tell about the new app.  Launcher is probably loading.
I/GeofencerStateMachine( 1777): removeGeofences: removeRequest=RemoveGeofencingRequest[REMOVE_ALL packageName=com.mendhak.gpslogger]
I/PackageManager( 1568):   Action: "android.intent.action.SENDTO"
I/PackageManager( 1568):   Category: "android.intent.category.DEFAULT"
I/PackageManager( 1568):   Scheme: "sms"
I/InputReader( 1568): Reconfiguring input devices.  changes=0x00000010
D/dalvikvm( 2459): GC_EXPLICIT freed 214K, 18% free 3407K/4124K, paused 1ms+6ms, total 9ms
D/VoicemailCleanupService( 1881): Cleaning up data for package: com.mendhak.gpslogger
I/PackageManager( 1568): Adding preferred activity ComponentInfo{com.android.mms/com.android.mms.ui.ComposeMessageActivity} for user 0 :
D/Documents( 3214): Used cached roots for com.android.providers.downloads.documents
D/Documents( 3214): Used cached roots for com.android.externalstorage.documents
D/Documents( 3214): Used cached roots for com.android.providers.media.documents
D/Documents( 3214): Update found 6 roots in 16ms
D/dalvikvm( 1795): GC_FOR_ALLOC freed 465K, 17% free 3631K/4352K, paused 1ms, total 3ms
I/PackageManager( 1568):   Action: "android.intent.action.SENDTO"
I/PackageManager( 1568):   Category: "android.intent.category.DEFAULT"
I/PackageManager( 1568):   Scheme: "smsto"
D/BackupManagerService( 1568): Received broadcast Intent { act=android.intent.action.PACKAGE_REMOVED dat=package:com.mendhak.gpslogger flg=0x4000010 (has extras) }
V/BackupManagerService( 1568): removePackageParticipantsLocked: uid=10067 #1
I/PackageManager( 1568): Adding preferred activity ComponentInfo{com.android.mms/com.android.mms.ui.ComposeMessageActivity} for user 0 :
I/PackageManager( 1568):   Action: "android.intent.action.SENDTO"
I/PackageManager( 1568):   Category: "android.intent.category.DEFAULT"
I/PackageManager( 1568):   Scheme: "mms"
I/PackageManager( 1568): Adding preferred activity ComponentInfo{com.android.mms/com.android.mms.ui.ComposeMessageActivity} for user 0 :
I/PackageManager( 1568):   Action: "android.intent.action.SENDTO"
I/PackageManager( 1568):   Category: "android.intent.category.DEFAULT"
I/PackageManager( 1568):   Scheme: "mmsto"
I/PackageManager( 1568):   Action: "android.intent.action.SENDTO"
I/PackageManager( 1568):   Category: "android.intent.category.DEFAULT"
I/PackageManager( 1568):   Scheme: "sms"
I/PackageManager( 1568): Adding preferred activity ComponentInfo{com.android.mms/com.android.mms.ui.ComposeMessageActivity} for user 0 :
I/PackageManager( 1568): Adding preferred activity ComponentInfo{com.android.mms/com.android.mms.ui.ComposeMessageActivity} for user 0 :
D/dalvikvm( 2195): GC_EXPLICIT freed 1648K, 14% free 21319K/24536K, paused 0ms+1ms, total 56ms
I/PackageManager( 1568):   Action: "android.intent.action.SENDTO"
I/PackageManager( 1568):   Category: "android.intent.category.DEFAULT"
I/PackageManager( 1568):   Scheme: "smsto"
I/PackageManager( 1568): Adding preferred activity ComponentInfo{com.android.mms/com.android.mms.ui.ComposeMessageActivity} for user 0 :
D/dalvikvm( 1795): GC_FOR_ALLOC freed 434K, 16% free 3665K/4352K, paused 2ms, total 2ms
I/PackageManager( 1568):   Action: "android.intent.action.SENDTO"
I/PackageManager( 1568):   Category: "android.intent.category.DEFAULT"
I/PackageManager( 1568):   Scheme: "mms"
I/PackageManager( 1568): Adding preferred activity ComponentInfo{com.android.mms/com.android.mms.ui.ComposeMessageActivity} for user 0 :
D/dalvikvm( 1568): GC_EXPLICIT freed 1131K, 43% free 9978K/17364K, paused 2ms+2ms, total 47ms
I/PackageManager( 1568):   Action: "android.intent.action.SENDTO"
I/PackageManager( 1568):   Category: "android.intent.category.DEFAULT"
I/PackageManager( 1568):   Scheme: "mmsto"
D/AndroidRuntime( 5099): Shutting down VM
I/PackageManager( 1568): Adding preferred activity ComponentInfo{com.android.mms/com.android.mms.ui.ComposeMessageActivity} for user 0 :
D/dalvikvm( 5099): GC_CONCURRENT freed 92K, 15% free 549K/644K, paused 0ms+0ms, total 0ms
I/Fitness ( 1777): FitCleanupIntentOperation received Intent android.intent.action.PACKAGE_REMOVED [CONTEXT service_id=17 ]
W/Launcher( 2670): setApplicationContext called twice! old=com.google.android.velvet.VelvetApplication@9d07b4b8 new=com.google.android.velvet.VelvetApplication@9d07b4b8
I/ContentMaintenance( 2195): Internal cache bytes used: 0; limit: 39526809; download size: 0
I/Icing.InternalIcingCorporaProvider( 2459): Updating corpora: A: com.mendhak.gpslogger, C: MAYBE
W/ContextImpl( 3266): Calling a method in the system process without a qualified user: android.app.ContextImpl.startService:1479 android.content.ContextWrapper.startService:494 android.content.ContextWrapper.startService:494 com.android.keychain.KeyChainBroadcastReceiver.onReceive:12 android.app.ActivityThread.handleReceiver:2419 
I/LatinIME:LogUtils( 1762): Dictionary info: dictionary = main:en ; version = 42 ; date = 1381226516
I/Icing   ( 2195): doRemovePackageData com.mendhak.gpslogger
I/RealtimeCacheCleanup( 2195): Beginning Realtime garbage collection.
D/dalvikvm( 1777): GC_FOR_ALLOC freed 2099K, 27% free 9988K/13676K, paused 18ms, total 19ms
I/RealtimeCacheCleanup( 2195): Finished Realtime garbage collection.
W/ContextImpl( 2459): Implicit intents with startService are not safe: Intent { act=com.google.android.gms.icing.INDEX_SERVICE } android.content.ContextWrapper.bindService:517 com.google.android.gms.internal.av.a:-1 com.google.android.gms.internal.au.connect:-1 
I/Icing   ( 2195): IndexChimeraService.getServiceInterface callingPackage=com.google.android.googlequicksearchbox componentName=null serviceId=21
I/Icing   ( 2195): IndexChimeraService.getServiceInterface callingPackage=com.google.android.gms componentName=AppsCorpus serviceId=36
I/DownloadManager( 1828): Download 14 starting
W/Icing   ( 2195): No valid account for uploading user actions
W/DownloadManager( 1828): Aborting request for download 14: TYPE_DISALLOWED_BY_REQUESTOR
I/Icing   ( 2195): Usage reports ok 0, Failed Usage reports 0, indexed 0, rejected 0
W/Icing   ( 2195): No valid account for uploading user actions
I/DownloadManager( 1828): Download 14 finished with status WAITING_FOR_NETWORK
I/Icing   ( 2195): Usage reports ok 0, Failed Usage reports 0, indexed 0, rejected 0
I/Icing   ( 2195): IndexChimeraService.getServiceInterface callingPackage=com.google.android.gms componentName=null serviceId=30
I/Icing   ( 2195): Indexing com.google.android.gms-internal.3p:MobileApplication from com.google.android.gms
I/Icing   ( 2195): Indexing com.google.android.googlequicksearchbox-applications from com.google.android.googlequicksearchbox
I/Icing   ( 2195): Indexing com.google.android.gms-apps from com.google.android.gms
W/Icing   ( 2195): No valid account for uploading user actions
I/Icing   ( 2195): Usage reports ok 0, Failed Usage reports 0, indexed 0, rejected 0
I/Icing   ( 2195): Indexing done com.google.android.gms-internal.3p:MobileApplication
I/Icing   ( 2195): Indexing done com.google.android.googlequicksearchbox-applications
I/Icing   ( 2195): Indexing done com.google.android.gms-apps
D/AndroidRuntime( 5125): 
D/AndroidRuntime( 5125): >>>>>> AndroidRuntime START com.android.internal.os.RuntimeInit <<<<<<
W/linker  ( 5125): libdvm.so has text relocations. This is wasting memory and is a security risk. Please fix.
D/AndroidRuntime( 5125): CheckJNI is ON
D/dalvikvm( 5125): Trying to load lib libjavacore.so 0x0
D/dalvikvm( 5125): Added shared lib libjavacore.so 0x0
D/dalvikvm( 5125): Trying to load lib libnativehelper.so 0x0
D/dalvikvm( 5125): Added shared lib libnativehelper.so 0x0
D/dalvikvm( 5125): No JNI_OnLoad found in libnativehelper.so 0x0, skipping init
D/dalvikvm( 5125): Note: class Landroid/app/ActivityManagerNative; has 179 unimplemented (abstract) methods
E/memtrack( 5125): Couldn't load memtrack module (No such file or directory)
E/android.os.Debug( 5125): failed to load memtrack module: -2
D/AndroidRuntime( 5125): Calling main entry com.android.commands.pm.Pm
D/AndroidRuntime( 5125): Shutting down VM
D/dalvikvm( 5125): GC_CONCURRENT freed 93K, 15% free 557K/652K, paused 0ms+0ms, total 1ms
D/AndroidRuntime( 5136): 
D/AndroidRuntime( 5136): >>>>>> AndroidRuntime START com.android.internal.os.RuntimeInit <<<<<<
W/linker  ( 5136): libdvm.so has text relocations. This is wasting memory and is a security risk. Please fix.
D/AndroidRuntime( 5136): CheckJNI is ON
D/dalvikvm( 5136): Trying to load lib libjavacore.so 0x0
D/dalvikvm( 5136): Added shared lib libjavacore.so 0x0
D/dalvikvm( 5136): Trying to load lib libnativehelper.so 0x0
D/dalvikvm( 5136): Added shared lib libnativehelper.so 0x0
D/dalvikvm( 5136): No JNI_OnLoad found in libnativehelper.so 0x0, skipping init
D/dalvikvm( 5136): Note: class Landroid/app/ActivityManagerNative; has 179 unimplemented (abstract) methods
E/memtrack( 5136): Couldn't load memtrack module (No such file or directory)
E/android.os.Debug( 5136): failed to load memtrack module: -2
D/AndroidRuntime( 5136): Calling main entry com.android.commands.pm.Pm
I/ActivityManager( 1568): Force stopping it.unina.android.ripper appid=10068 user=0: clear data
I/GeofencerStateMachine( 1777): removeGeofences: removeRequest=RemoveGeofencingRequest[REMOVE_ALL packageName=it.unina.android.ripper]
D/Documents( 3214): Used cached roots for com.android.providers.downloads.documents
D/Documents( 3214): Used cached roots for com.android.externalstorage.documents
D/Documents( 3214): Used cached roots for com.android.providers.media.documents
D/Documents( 3214): Update found 6 roots in 1ms
D/keystore( 1149): calling clear_uid in state: 3
I/Fitness ( 1777): FitCleanupIntentOperation received Intent android.intent.action.PACKAGE_DATA_CLEARED [CONTEXT service_id=17 ]
D/AndroidRuntime( 5136): Shutting down VM
I/Icing   ( 2195): doRemovePackageData it.unina.android.ripper
D/dalvikvm( 5136): GC_CONCURRENT freed 92K, 15% free 549K/644K, paused 0ms+0ms, total 0ms
D/AndroidRuntime( 5152): 
D/AndroidRuntime( 5152): >>>>>> AndroidRuntime START com.android.internal.os.RuntimeInit <<<<<<
W/linker  ( 5152): libdvm.so has text relocations. This is wasting memory and is a security risk. Please fix.
D/AndroidRuntime( 5152): CheckJNI is ON
D/dalvikvm( 5152): Trying to load lib libjavacore.so 0x0
D/dalvikvm( 5152): Added shared lib libjavacore.so 0x0
D/dalvikvm( 5152): Trying to load lib libnativehelper.so 0x0
D/dalvikvm( 5152): Added shared lib libnativehelper.so 0x0
D/dalvikvm( 5152): No JNI_OnLoad found in libnativehelper.so 0x0, skipping init
D/dalvikvm( 5152): Note: class Landroid/app/ActivityManagerNative; has 179 unimplemented (abstract) methods
E/memtrack( 5152): Couldn't load memtrack module (No such file or directory)
E/android.os.Debug( 5152): failed to load memtrack module: -2
D/AndroidRuntime( 5152): Calling main entry com.android.commands.pm.Pm
I/ActivityManager( 1568): Force stopping it.unina.android.ripper appid=10068 user=-1: uninstall pkg
W/PackageManager( 1568): Couldn't delete native library directory /data/app-lib/it.unina.android.ripper
D/keystore( 1149): calling clear_uid in state: 3
W/Launcher.Model( 2670): Nobody to tell about the new app.  Launcher is probably loading.
I/GeofencerStateMachine( 1777): removeGeofences: removeRequest=RemoveGeofencingRequest[REMOVE_ALL packageName=it.unina.android.ripper]
I/ActivityManager( 1568): Force stopping it.unina.android.ripper appid=10068 user=0: pkg removed
I/PackageManager( 1568):   Action: "android.intent.action.SENDTO"
I/PackageManager( 1568):   Category: "android.intent.category.DEFAULT"
I/PackageManager( 1568):   Scheme: "sms"
D/Documents( 3214): Used cached roots for com.android.providers.downloads.documents
D/Documents( 3214): Used cached roots for com.android.externalstorage.documents
D/Documents( 3214): Used cached roots for com.android.providers.media.documents
D/Documents( 3214): Update found 6 roots in 6ms
D/VoicemailCleanupService( 1881): Cleaning up data for package: it.unina.android.ripper
I/InputReader( 1568): Reconfiguring input devices.  changes=0x00000010
D/BackupManagerService( 1568): Received broadcast Intent { act=android.intent.action.PACKAGE_REMOVED dat=package:it.unina.android.ripper flg=0x4000010 (has extras) }
I/PackageManager( 1568): Adding preferred activity ComponentInfo{com.android.mms/com.android.mms.ui.ComposeMessageActivity} for user 0 :
V/BackupManagerService( 1568): removePackageParticipantsLocked: uid=10068 #1
D/dalvikvm( 1795): GC_FOR_ALLOC freed 436K, 17% free 3631K/4352K, paused 2ms, total 2ms
I/PackageManager( 1568):   Action: "android.intent.action.SENDTO"
I/PackageManager( 1568):   Category: "android.intent.category.DEFAULT"
I/PackageManager( 1568):   Scheme: "smsto"
I/PackageManager( 1568): Adding preferred activity ComponentInfo{com.android.mms/com.android.mms.ui.ComposeMessageActivity} for user 0 :
I/PackageManager( 1568):   Action: "android.intent.action.SENDTO"
I/PackageManager( 1568):   Category: "android.intent.category.DEFAULT"
I/PackageManager( 1568):   Scheme: "mms"
I/PackageManager( 1568):   Action: "android.intent.action.SENDTO"
I/PackageManager( 1568):   Category: "android.intent.category.DEFAULT"
I/PackageManager( 1568):   Scheme: "mmsto"
I/PackageManager( 1568): Adding preferred activity ComponentInfo{com.android.mms/com.android.mms.ui.ComposeMessageActivity} for user 0 :
I/PackageManager( 1568): Adding preferred activity ComponentInfo{com.android.mms/com.android.mms.ui.ComposeMessageActivity} for user 0 :
D/dalvikvm( 1568): GC_EXPLICIT freed 1393K, 43% free 10024K/17364K, paused 0ms+2ms, total 50ms
D/AndroidRuntime( 5152): Shutting down VM
D/dalvikvm( 5152): GC_CONCURRENT freed 92K, 15% free 549K/644K, paused 0ms+0ms, total 0ms
I/Icing.InternalIcingCorporaProvider( 2459): Updating corpora: A: it.unina.android.ripper, C: MAYBE
I/PackageManager( 1568):   Action: "android.intent.action.SENDTO"
I/PackageManager( 1568):   Category: "android.intent.category.DEFAULT"
I/PackageManager( 1568):   Scheme: "sms"
I/PackageManager( 1568): Adding preferred activity ComponentInfo{com.android.mms/com.android.mms.ui.ComposeMessageActivity} for user 0 :
I/PackageManager( 1568):   Action: "android.intent.action.SENDTO"
I/PackageManager( 1568):   Category: "android.intent.category.DEFAULT"
I/PackageManager( 1568):   Scheme: "smsto"
I/Fitness ( 1777): FitCleanupIntentOperation received Intent android.intent.action.PACKAGE_REMOVED [CONTEXT service_id=17 ]
I/PackageManager( 1568): Adding preferred activity ComponentInfo{com.android.mms/com.android.mms.ui.ComposeMessageActivity} for user 0 :
D/dalvikvm( 1795): GC_FOR_ALLOC freed 433K, 16% free 3665K/4352K, paused 1ms, total 1ms
I/PackageManager( 1568):   Action: "android.intent.action.SENDTO"
I/PackageManager( 1568):   Category: "android.intent.category.DEFAULT"
I/PackageManager( 1568):   Scheme: "mms"
I/PackageManager( 1568): Adding preferred activity ComponentInfo{com.android.mms/com.android.mms.ui.ComposeMessageActivity} for user 0 :
W/Launcher( 2670): setApplicationContext called twice! old=com.google.android.velvet.VelvetApplication@9d07b4b8 new=com.google.android.velvet.VelvetApplication@9d07b4b8
W/ContextImpl( 3266): Calling a method in the system process without a qualified user: android.app.ContextImpl.startService:1479 android.content.ContextWrapper.startService:494 android.content.ContextWrapper.startService:494 com.android.keychain.KeyChainBroadcastReceiver.onReceive:12 android.app.ActivityThread.handleReceiver:2419 
I/Icing   ( 2195): IndexChimeraService.getServiceInterface callingPackage=com.google.android.googlequicksearchbox componentName=null serviceId=21
I/PackageManager( 1568):   Action: "android.intent.action.SENDTO"
I/PackageManager( 1568):   Category: "android.intent.category.DEFAULT"
I/PackageManager( 1568):   Scheme: "mmsto"
I/PackageManager( 1568): Adding preferred activity ComponentInfo{com.android.mms/com.android.mms.ui.ComposeMessageActivity} for user 0 :
W/Icing.InternalIcingCorporaProvider( 2459): Application table change notification failed.
I/Icing   ( 2195): doRemovePackageData it.unina.android.ripper
I/LatinIME:LogUtils( 1762): Dictionary info: dictionary = main:en ; version = 42 ; date = 1381226516
W/Icing   ( 2195): No valid account for uploading user actions
I/Icing   ( 2195): Usage reports ok 0, Failed Usage reports 0, indexed 0, rejected 0
I/Icing   ( 2195): Indexing com.google.android.gms-apps from com.google.android.gms
I/Icing   ( 2195): Indexing done com.google.android.gms-apps
I/DownloadManager( 1828): Download 15 starting
W/DownloadManager( 1828): Aborting request for download 15: TYPE_DISALLOWED_BY_REQUESTOR
I/DownloadManager( 1828): Download 15 finished with status WAITING_FOR_NETWORK
D/AndroidRuntime( 5177): 
D/AndroidRuntime( 5177): >>>>>> AndroidRuntime START com.android.internal.os.RuntimeInit <<<<<<
W/linker  ( 5177): libdvm.so has text relocations. This is wasting memory and is a security risk. Please fix.
D/AndroidRuntime( 5177): CheckJNI is ON
D/dalvikvm( 5177): Trying to load lib libjavacore.so 0x0
D/dalvikvm( 5177): Added shared lib libjavacore.so 0x0
D/dalvikvm( 5177): Trying to load lib libnativehelper.so 0x0
D/dalvikvm( 5177): Added shared lib libnativehelper.so 0x0
D/dalvikvm( 5177): No JNI_OnLoad found in libnativehelper.so 0x0, skipping init
D/dalvikvm( 5177): Note: class Landroid/app/ActivityManagerNative; has 179 unimplemented (abstract) methods
E/memtrack( 5177): Couldn't load memtrack module (No such file or directory)
E/android.os.Debug( 5177): failed to load memtrack module: -2
D/AndroidRuntime( 5177): Calling main entry com.android.commands.pm.Pm
W/ActivityManager( 1568): No content provider found for permission revoke: file:///sdcard/aut.apk
W/ResourceType( 1568): Failure getting entry for 0x7f11000d (t=16 e=13) in package 0 (error -75)
W/ActivityManager( 1568): No content provider found for permission revoke: file:///sdcard/aut.apk
I/PackageManager( 1568): Copying native libraries to /data/app-lib/vmdl685508517
D/dalvikvm( 1568): GC_FOR_ALLOC freed 1467K, 41% free 10320K/17364K, paused 8ms, total 8ms
D/dalvikvm( 1568): GC_FOR_ALLOC freed 1497K, 39% free 10659K/17364K, paused 8ms, total 8ms
D/dalvikvm( 1568): GC_FOR_ALLOC freed 1898K, 39% free 10682K/17364K, paused 8ms, total 8ms
D/dalvikvm( 1568): GC_FOR_ALLOC freed 1905K, 39% free 10697K/17364K, paused 8ms, total 8ms
D/dalvikvm( 1568): GC_FOR_ALLOC freed 1920K, 39% free 10707K/17364K, paused 7ms, total 7ms
I/PackageManager( 1568): Running dexopt on: com.mendhak.gpslogger
W/linker  ( 5189): libdvm.so has text relocations. This is wasting memory and is a security risk. Please fix.
W/dalvikvm( 5189): method Lme/zhanghai/android/materialprogressbar/MaterialProgressBar;.getCurrentDrawable incorrectly overrides package-private method with same name in Landroid/widget/ProgressBar;
D/dalvikvm( 5189): DexOpt: 'Lorg/apache/commons/codec/DecoderException;' has an earlier definition; blocking out
D/dalvikvm( 5189): DexOpt: 'Lorg/apache/commons/codec/binary/Base64;' has an earlier definition; blocking out
D/dalvikvm( 5189): DexOpt: 'Lorg/apache/commons/codec/binary/Hex;' has an earlier definition; blocking out
D/dalvikvm( 5189): DexOpt: 'Lorg/apache/commons/codec/net/URLCodec;' has an earlier definition; blocking out
D/dalvikvm( 5189): DexOpt: 'Lorg/apache/commons/logging/Log;' has an earlier definition; blocking out
D/dalvikvm( 5189): DexOpt: 'Lorg/apache/commons/logging/LogConfigurationException;' has an earlier definition; blocking out
D/dalvikvm( 5189): DexOpt: 'Lorg/apache/commons/logging/LogFactory;' has an earlier definition; blocking out
I/dalvikvm( 5189): DexOpt: not resolving ambiguous class 'Lorg/apache/commons/codec/binary/Base64;'
D/dalvikvm( 5189): DexOpt: not verifying/optimizing 'Lorg/apache/commons/codec/DecoderException;': multiple definitions
D/dalvikvm( 5189): DexOpt: not verifying/optimizing 'Lorg/apache/commons/codec/binary/Base64;': multiple definitions
D/dalvikvm( 5189): DexOpt: not verifying/optimizing 'Lorg/apache/commons/codec/binary/Hex;': multiple definitions
I/dalvikvm( 5189): DexOpt: not resolving ambiguous class 'Lorg/apache/commons/codec/binary/Hex;'
D/dalvikvm( 5189): DexOpt: not verifying/optimizing 'Lorg/apache/commons/codec/net/URLCodec;': multiple definitions
I/dalvikvm( 5189): DexOpt: not resolving ambiguous class 'Lorg/apache/commons/logging/LogFactory;'
I/dalvikvm( 5189): DexOpt: not resolving ambiguous class 'Lorg/apache/commons/logging/LogFactory;'
I/dalvikvm( 5189): DexOpt: not resolving ambiguous class 'Lorg/apache/commons/logging/LogFactory;'
I/dalvikvm( 5189): DexOpt: not resolving ambiguous class 'Lorg/apache/commons/logging/LogFactory;'
I/dalvikvm( 5189): DexOpt: not resolving ambiguous class 'Lorg/apache/commons/logging/LogFactory;'
I/dalvikvm( 5189): DexOpt: not resolving ambiguous class 'Lorg/apache/commons/logging/LogFactory;'
I/dalvikvm( 5189): DexOpt: not resolving ambiguous class 'Lorg/apache/commons/logging/Log;'
I/dalvikvm( 5189): DexOpt: not resolving ambiguous class 'Lorg/apache/commons/logging/Log;'
I/dalvikvm( 5189): DexOpt: not resolving ambiguous class 'Lorg/apache/commons/codec/net/URLCodec;'
I/dalvikvm( 5189): DexOpt: not resolving ambiguous class 'Lorg/apache/commons/logging/LogFactory;'
I/dalvikvm( 5189): DexOpt: not resolving ambiguous class 'Lorg/apache/commons/logging/LogFactory;'
I/dalvikvm( 5189): DexOpt: not resolving ambiguous class 'Lorg/apache/commons/logging/LogFactory;'
I/dalvikvm( 5189): DexOpt: not resolving ambiguous class 'Lorg/apache/commons/logging/LogFactory;'
I/dalvikvm( 5189): DexOpt: not resolving ambiguous class 'Lorg/apache/commons/codec/binary/Base64;'
I/dalvikvm( 5189): DexOpt: not resolving ambiguous class 'Lorg/apache/commons/logging/LogFactory;'
I/dalvikvm( 5189): DexOpt: not resolving ambiguous class 'Lorg/apache/commons/logging/LogFactory;'
I/dalvikvm( 5189): DexOpt: not resolving ambiguous class 'Lorg/apache/commons/logging/LogFactory;'
I/dalvikvm( 5189): DexOpt: not resolving ambiguous class 'Lorg/apache/commons/logging/LogFactory;'
D/dalvikvm( 5189): DexOpt: not verifying/optimizing 'Lorg/apache/commons/logging/Log;': multiple definitions
D/dalvikvm( 5189): DexOpt: not verifying/optimizing 'Lorg/apache/commons/logging/LogConfigurationException;': multiple definitions
D/dalvikvm( 5189): DexOpt: not verifying/optimizing 'Lorg/apache/commons/logging/LogFactory;': multiple definitions
I/dalvikvm( 5189): DexOpt: not resolving ambiguous class 'Lorg/apache/commons/logging/LogFactory;'
I/dalvikvm( 5189): DexOpt: not resolving ambiguous class 'Lorg/apache/commons/logging/LogFactory;'
I/dalvikvm( 5189): DexOpt: not resolving ambiguous class 'Lorg/apache/commons/logging/LogFactory;'
I/dalvikvm( 5189): DexOpt: not resolving ambiguous class 'Lorg/apache/commons/logging/LogFactory;'
I/dalvikvm( 5189): DexOpt: not resolving ambiguous class 'Lorg/apache/commons/logging/LogFactory;'
I/dalvikvm( 5189): DexOpt: not resolving ambiguous class 'Lorg/apache/commons/logging/LogFactory;'
I/dalvikvm( 5189): DexOpt: not resolving ambiguous class 'Lorg/apache/commons/logging/LogFactory;'
I/dalvikvm( 5189): DexOpt: not resolving ambiguous class 'Lorg/apache/commons/logging/Log;'
I/dalvikvm( 5189): DexOpt: not resolving ambiguous class 'Lorg/apache/commons/logging/Log;'
I/dalvikvm( 5189): DexOpt: not resolving ambiguous class 'Lorg/apache/commons/logging/LogFactory;'
I/dalvikvm( 5189): DexOpt: not resolving ambiguous class 'Lorg/apache/commons/logging/LogFactory;'
I/dalvikvm( 5189): DexOpt: not resolving ambiguous class 'Lorg/apache/commons/logging/LogFactory;'
I/dalvikvm( 5189): DexOpt: not resolving ambiguous class 'Lorg/apache/commons/logging/LogFactory;'
I/dalvikvm( 5189): DexOpt: not resolving ambiguous class 'Lorg/apache/commons/logging/LogFactory;'
I/dalvikvm( 5189): DexOpt: not resolving ambiguous class 'Lorg/apache/commons/logging/LogFactory;'
I/dalvikvm( 5189): DexOpt: not resolving ambiguous class 'Lorg/apache/commons/logging/Log;'
I/dalvikvm( 5189): DexOpt: not resolving ambiguous class 'Lorg/apache/commons/logging/Log;'
I/dalvikvm( 5189): DexOpt: not resolving ambiguous class 'Lorg/apache/commons/logging/Log;'
I/dalvikvm( 5189): DexOpt: not resolving ambiguous class 'Lorg/apache/commons/logging/LogFactory;'
I/dalvikvm( 5189): DexOpt: not resolving ambiguous class 'Lorg/apache/commons/logging/LogFactory;'
I/dalvikvm( 5189): DexOpt: not resolving ambiguous class 'Lorg/apache/commons/logging/LogFactory;'
D/dalvikvm( 5189): DexOpt: load 23ms, verify+opt 124ms, 3283892 bytes
I/ActivityManager( 1568): Force stopping com.mendhak.gpslogger appid=10069 user=-1: update pkg
W/PackageManager( 1568): Unknown permission android.permission.ACCESS_BACKGROUND_LOCATION in package com.mendhak.gpslogger
W/PackageManager( 1568): Unknown permission android.permission.REQUEST_IGNORE_BATTERY_OPTIMIZATIONS in package com.mendhak.gpslogger
W/PackageManager( 1568): Unknown permission android.permission.FOREGROUND_SERVICE in package com.mendhak.gpslogger
I/InputReader( 1568): Reconfiguring input devices.  changes=0x00000010
D/dalvikvm( 3214): GC_CONCURRENT freed 401K, 17% free 3070K/3660K, paused 0ms+0ms, total 2ms
I/PackageManager( 1568):   Action: "android.intent.action.SENDTO"
I/PackageManager( 1568):   Category: "android.intent.category.DEFAULT"
I/PackageManager( 1568):   Scheme: "sms"
D/Documents( 3214): Used cached roots for com.android.providers.downloads.documents
D/Documents( 3214): Used cached roots for com.android.externalstorage.documents
D/Documents( 3214): Used cached roots for com.android.providers.media.documents
D/Documents( 3214): Update found 6 roots in 7ms
W/Launcher.Model( 2670): Nobody to tell about the new app.  Launcher is probably loading.
I/PackageManager( 1568): Adding preferred activity ComponentInfo{com.android.mms/com.android.mms.ui.ComposeMessageActivity} for user 0 :
D/BackupManagerService( 1568): Received broadcast Intent { act=android.intent.action.PACKAGE_ADDED dat=package:com.mendhak.gpslogger flg=0x4000010 (has extras) }
V/BackupManagerService( 1568): addPackageParticipantsLocked: #1
I/PackageManager( 1568):   Action: "android.intent.action.SENDTO"
I/PackageManager( 1568):   Category: "android.intent.category.DEFAULT"
I/PackageManager( 1568):   Scheme: "smsto"
D/dalvikvm( 1881): GC_FOR_ALLOC freed 507K, 17% free 3430K/4128K, paused 13ms, total 13ms
W/GCM     ( 1777): Unexpected forwarded intent: Intent { act=android.intent.action.PACKAGE_ADDED dat=package:com.mendhak.gpslogger flg=0x4000010 cmp=com.google.android.gms/.chimera.PersistentIntentOperationService (has extras) }
I/Auth    ( 2195): [SupervisedAccountIntentOperation] onHandleIntent(): android.intent.action.PACKAGE_ADDED
I/PackageManager( 1568): Adding preferred activity ComponentInfo{com.android.mms/com.android.mms.ui.ComposeMessageActivity} for user 0 :
D/dalvikvm( 1795): GC_FOR_ALLOC freed 460K, 17% free 3631K/4352K, paused 2ms, total 16ms
W/ActivityManager( 1568): Unable to start service Intent { act=com.google.android.gms.auth.key.retrieval.service.START pkg=com.google.android.gms } U=0: not found
I/PackageManager( 1568):   Action: "android.intent.action.SENDTO"
I/PackageManager( 1568):   Category: "android.intent.category.DEFAULT"
I/PackageManager( 1568):   Scheme: "mms"
I/Icing.InternalIcingCorporaProvider( 2459): Updating corpora: A: com.mendhak.gpslogger, C: MAYBE
D/dalvikvm( 1777): GC_FOR_ALLOC freed 2070K, 28% free 9965K/13676K, paused 20ms, total 22ms
W/GCM     ( 1777): Unexpected forwarded intent: Intent { act=android.intent.action.PACKAGE_ADDED dat=package:com.mendhak.gpslogger flg=0x4000010 cmp=com.google.android.gms/.chimera.PersistentIntentOperationService (has extras) }
I/PackageManager( 1568): Adding preferred activity ComponentInfo{com.android.mms/com.android.mms.ui.ComposeMessageActivity} for user 0 :
I/PackageManager( 1568):   Action: "android.intent.action.SENDTO"
I/PackageManager( 1568):   Category: "android.intent.category.DEFAULT"
I/PackageManager( 1568):   Scheme: "mmsto"
I/PackageManager( 1568): Adding preferred activity ComponentInfo{com.android.mms/com.android.mms.ui.ComposeMessageActivity} for user 0 :
D/dalvikvm( 1568): GC_EXPLICIT freed 1821K, 38% free 10819K/17364K, paused 1ms+6ms, total 79ms
D/dalvikvm( 1568): WAIT_FOR_CONCURRENT_GC blocked 13ms
D/dalvikvm( 1568): WAIT_FOR_CONCURRENT_GC blocked 14ms
I/PackageManager( 1568):   Action: "android.intent.action.SENDTO"
I/PackageManager( 1568):   Category: "android.intent.category.DEFAULT"
I/PackageManager( 1568):   Scheme: "sms"
D/AndroidRuntime( 5177): Shutting down VM
D/dalvikvm( 5177): GC_CONCURRENT freed 93K, 15% free 552K/648K, paused 0ms+0ms, total 0ms
I/PackageManager( 1568): Adding preferred activity ComponentInfo{com.android.mms/com.android.mms.ui.ComposeMessageActivity} for user 0 :
I/PackageManager( 1568):   Action: "android.intent.action.SENDTO"
I/PackageManager( 1568):   Category: "android.intent.category.DEFAULT"
I/PackageManager( 1568):   Scheme: "smsto"
D/dalvikvm( 2195): GC_FOR_ALLOC freed 1858K, 13% free 21509K/24536K, paused 52ms, total 52ms
I/PackageManager( 1568): Adding preferred activity ComponentInfo{com.android.mms/com.android.mms.ui.ComposeMessageActivity} for user 0 :
W/ActivityManager( 1568): Unbind failed: could not find connection for android.os.BinderProxy@9d607e40
D/dalvikvm( 1795): GC_FOR_ALLOC freed 415K, 16% free 3666K/4352K, paused 2ms, total 2ms
I/PackageManager( 1568):   Action: "android.intent.action.SENDTO"
I/PackageManager( 1568):   Category: "android.intent.category.DEFAULT"
I/PackageManager( 1568):   Scheme: "mms"
I/FontLog ( 2195): Package com.mendhak.gpslogger has no metadata [CONTEXT service_id=132 ]
E/GmsClient( 2195): unable to connect to service: com.google.android.gms.auth.key.retrieval.service.START on com.google.android.gms
I/ChromeSync( 2195): [Sync,SyncIntentOperation] Handling the intent: Intent { act=android.intent.action.PACKAGE_ADDED dat=package:com.mendhak.gpslogger flg=0x4000010 cmp=com.google.android.gms/.chimera.GmsIntentOperationService (has extras) }.
I/PackageManager( 1568): Adding preferred activity ComponentInfo{com.android.mms/com.android.mms.ui.ComposeMessageActivity} for user 0 :
I/PackageManager( 1568):   Action: "android.intent.action.SENDTO"
I/PackageManager( 1568):   Category: "android.intent.category.DEFAULT"
I/PackageManager( 1568):   Scheme: "mmsto"
I/PackageManager( 1568): Adding preferred activity ComponentInfo{com.android.mms/com.android.mms.ui.ComposeMessageActivity} for user 0 :
I/Icing   ( 2195): IndexChimeraService.getServiceInterface callingPackage=com.google.android.googlequicksearchbox componentName=null serviceId=21
I/ChromeSync( 2195): [Persistence,AffiliationManager] One of affiliation or grouping data for android://KSmUCdTXmQS-j9D_O8l1jvyu41Pjn2mc5cb0Gvx1e9H1Aj4JCzHs_uTW26nbtH65K-YfijtBsQxGp-8R6k6HFg==@com.mendhak.gpslogger/ was not found. Marking affiliation data as stale...
W/Icing   ( 2195): No valid account for uploading user actions
I/Icing   ( 2195): Usage reports ok 0, Failed Usage reports 0, indexed 0, rejected 0
I/Icing   ( 2195): Indexing com.google.android.googlequicksearchbox-applications from com.google.android.googlequicksearchbox
I/Icing   ( 2195): Indexing com.google.android.gms-apps from com.google.android.gms
I/Icing   ( 2195): Indexing done com.google.android.googlequicksearchbox-applications
I/Icing   ( 2195): Indexing done com.google.android.gms-apps
I/Icing   ( 2195): Indexing com.google.android.gms-internal.3p:MobileApplication from com.google.android.gms
I/Icing   ( 2195): Indexing done com.google.android.gms-internal.3p:MobileApplication
D/AndroidRuntime( 5197): 
D/AndroidRuntime( 5197): >>>>>> AndroidRuntime START com.android.internal.os.RuntimeInit <<<<<<
W/linker  ( 5197): libdvm.so has text relocations. This is wasting memory and is a security risk. Please fix.
D/AndroidRuntime( 5197): CheckJNI is ON
D/dalvikvm( 5197): Trying to load lib libjavacore.so 0x0
D/dalvikvm( 5197): Added shared lib libjavacore.so 0x0
D/dalvikvm( 5197): Trying to load lib libnativehelper.so 0x0
D/dalvikvm( 5197): Added shared lib libnativehelper.so 0x0
D/dalvikvm( 5197): No JNI_OnLoad found in libnativehelper.so 0x0, skipping init
D/dalvikvm( 5197): Note: class Landroid/app/ActivityManagerNative; has 179 unimplemented (abstract) methods
E/memtrack( 5197): Couldn't load memtrack module (No such file or directory)
E/android.os.Debug( 5197): failed to load memtrack module: -2
D/AndroidRuntime( 5197): Calling main entry com.android.commands.pm.Pm
W/ActivityManager( 1568): No content provider found for permission revoke: file:///sdcard/ripper.apk
W/ActivityManager( 1568): No content provider found for permission revoke: file:///sdcard/ripper.apk
I/PackageManager( 1568): Copying native libraries to /data/app-lib/vmdl530389856
I/PackageParser( 1568): it.unina.android.ripper: compat added android.permission.WRITE_EXTERNAL_STORAGE android.permission.READ_PHONE_STATE
I/PackageManager( 1568): Running dexopt on: it.unina.android.ripper
W/linker  ( 5208): libdvm.so has text relocations. This is wasting memory and is a security risk. Please fix.
D/dalvikvm( 5208): DexOpt: load 2ms, verify+opt 17ms, 936700 bytes
I/ActivityManager( 1568): Force stopping it.unina.android.ripper appid=10070 user=-1: update pkg
W/Launcher.Model( 2670): Nobody to tell about the new app.  Launcher is probably loading.
D/Documents( 3214): Used cached roots for com.android.providers.downloads.documents
D/Documents( 3214): Used cached roots for com.android.externalstorage.documents
D/Documents( 3214): Used cached roots for com.android.providers.media.documents
D/Documents( 3214): Update found 6 roots in 1ms
I/InputReader( 1568): Reconfiguring input devices.  changes=0x00000010
I/PackageManager( 1568):   Action: "android.intent.action.SENDTO"
I/PackageManager( 1568):   Category: "android.intent.category.DEFAULT"
I/PackageManager( 1568):   Scheme: "sms"
I/PackageManager( 1568): Adding preferred activity ComponentInfo{com.android.mms/com.android.mms.ui.ComposeMessageActivity} for user 0 :
D/BackupManagerService( 1568): Received broadcast Intent { act=android.intent.action.PACKAGE_ADDED dat=package:it.unina.android.ripper flg=0x4000010 (has extras) }
V/BackupManagerService( 1568): addPackageParticipantsLocked: #1
I/Auth    ( 2195): [SupervisedAccountIntentOperation] onHandleIntent(): android.intent.action.PACKAGE_ADDED
I/ChromeSync( 2195): [Sync,SyncIntentOperation] Handling the intent: Intent { act=android.intent.action.PACKAGE_ADDED dat=package:it.unina.android.ripper flg=0x4000010 cmp=com.google.android.gms/.chimera.GmsIntentOperationService (has extras) }.
I/FontLog ( 2195): Package it.unina.android.ripper has no metadata [CONTEXT service_id=132 ]
W/GCM     ( 1777): Unexpected forwarded intent: Intent { act=android.intent.action.PACKAGE_ADDED dat=package:it.unina.android.ripper flg=0x4000010 cmp=com.google.android.gms/.chimera.PersistentIntentOperationService (has extras) }
W/GCM     ( 1777): Unexpected forwarded intent: Intent { act=android.intent.action.PACKAGE_ADDED dat=package:it.unina.android.ripper flg=0x4000010 cmp=com.google.android.gms/.chimera.PersistentIntentOperationService (has extras) }
I/Icing.InternalIcingCorporaProvider( 2459): Updating corpora: A: it.unina.android.ripper, C: MAYBE
D/dalvikvm( 1795): GC_FOR_ALLOC freed 423K, 17% free 3631K/4352K, paused 2ms, total 16ms
I/PackageManager( 1568):   Action: "android.intent.action.SENDTO"
I/PackageManager( 1568):   Category: "android.intent.category.DEFAULT"
I/PackageManager( 1568):   Scheme: "smsto"
I/PackageManager( 1568): Adding preferred activity ComponentInfo{com.android.mms/com.android.mms.ui.ComposeMessageActivity} for user 0 :
I/ChromeSync( 2195): [Persistence,AffiliationManager] One of affiliation or grouping data for android://KSmUCdTXmQS-j9D_O8l1jvyu41Pjn2mc5cb0Gvx1e9H1Aj4JCzHs_uTW26nbtH65K-YfijtBsQxGp-8R6k6HFg==@it.unina.android.ripper/ was not found. Marking affiliation data as stale...
I/PackageManager( 1568):   Action: "android.intent.action.SENDTO"
I/PackageManager( 1568):   Category: "android.intent.category.DEFAULT"
I/PackageManager( 1568):   Scheme: "mms"
I/PackageManager( 1568): Adding preferred activity ComponentInfo{com.android.mms/com.android.mms.ui.ComposeMessageActivity} for user 0 :
D/dalvikvm( 1568): GC_EXPLICIT freed 2738K, 43% free 10044K/17364K, paused 0ms+1ms, total 65ms
D/dalvikvm( 1568): WAIT_FOR_CONCURRENT_GC blocked 9ms
D/dalvikvm( 1568): WAIT_FOR_CONCURRENT_GC blocked 8ms
D/dalvikvm( 1568): WAIT_FOR_CONCURRENT_GC blocked 8ms
D/dalvikvm( 1568): WAIT_FOR_CONCURRENT_GC blocked 10ms
D/AndroidRuntime( 5197): Shutting down VM
D/dalvikvm( 5197): GC_CONCURRENT freed 93K, 15% free 552K/648K, paused 0ms+0ms, total 0ms
I/Icing   ( 2195): IndexChimeraService.getServiceInterface callingPackage=com.google.android.googlequicksearchbox componentName=null serviceId=21
I/PackageManager( 1568):   Action: "android.intent.action.SENDTO"
I/PackageManager( 1568):   Category: "android.intent.category.DEFAULT"
I/PackageManager( 1568):   Scheme: "mmsto"
W/Icing.InternalIcingCorporaProvider( 2459): Application table change notification failed.
I/PackageManager( 1568):   Action: "android.intent.action.SENDTO"
I/PackageManager( 1568):   Category: "android.intent.category.DEFAULT"
I/PackageManager( 1568):   Scheme: "sms"
I/PackageManager( 1568): Adding preferred activity ComponentInfo{com.android.mms/com.android.mms.ui.ComposeMessageActivity} for user 0 :
I/PackageManager( 1568): Adding preferred activity ComponentInfo{com.android.mms/com.android.mms.ui.ComposeMessageActivity} for user 0 :
I/PackageManager( 1568):   Action: "android.intent.action.SENDTO"
I/PackageManager( 1568):   Category: "android.intent.category.DEFAULT"
I/PackageManager( 1568):   Scheme: "smsto"
I/PackageManager( 1568): Adding preferred activity ComponentInfo{com.android.mms/com.android.mms.ui.ComposeMessageActivity} for user 0 :
D/dalvikvm( 1795): GC_FOR_ALLOC freed 439K, 16% free 3662K/4352K, paused 3ms, total 3ms
I/PackageManager( 1568):   Action: "android.intent.action.SENDTO"
I/PackageManager( 1568):   Category: "android.intent.category.DEFAULT"
I/PackageManager( 1568):   Scheme: "mms"
I/PackageManager( 1568): Adding preferred activity ComponentInfo{com.android.mms/com.android.mms.ui.ComposeMessageActivity} for user 0 :
I/PackageManager( 1568):   Action: "android.intent.action.SENDTO"
I/PackageManager( 1568):   Category: "android.intent.category.DEFAULT"
I/PackageManager( 1568):   Scheme: "mmsto"
I/PackageManager( 1568): Adding preferred activity ComponentInfo{com.android.mms/com.android.mms.ui.ComposeMessageActivity} for user 0 :
W/Icing   ( 2195): No valid account for uploading user actions
I/Icing   ( 2195): Usage reports ok 0, Failed Usage reports 0, indexed 0, rejected 0
I/Icing   ( 2195): Indexing com.google.android.gms-apps from com.google.android.gms
I/Icing   ( 2195): Indexing done com.google.android.gms-apps
D/AndroidRuntime( 5215): 
D/AndroidRuntime( 5215): >>>>>> AndroidRuntime START com.android.internal.os.RuntimeInit <<<<<<
W/linker  ( 5215): libdvm.so has text relocations. This is wasting memory and is a security risk. Please fix.
D/AndroidRuntime( 5215): CheckJNI is ON
D/dalvikvm( 5215): Trying to load lib libjavacore.so 0x0
D/dalvikvm( 5215): Added shared lib libjavacore.so 0x0
D/dalvikvm( 5215): Trying to load lib libnativehelper.so 0x0
D/dalvikvm( 5215): Added shared lib libnativehelper.so 0x0
D/dalvikvm( 5215): No JNI_OnLoad found in libnativehelper.so 0x0, skipping init
D/dalvikvm( 5215): Note: class Landroid/app/ActivityManagerNative; has 179 unimplemented (abstract) methods
E/memtrack( 5215): Couldn't load memtrack module (No such file or directory)
E/android.os.Debug( 5215): failed to load memtrack module: -2
D/AndroidRuntime( 5215): Calling main entry com.android.commands.am.Am
I/ActivityManager( 1568): Force stopping com.mendhak.gpslogger appid=10069 user=0: start instr
I/ActivityManager( 1568): Start proc com.mendhak.gpslogger for added application com.mendhak.gpslogger: pid=5226 uid=10069 gids={50069, 1028, 1015, 3003}
I/dalvikvm( 5226): Could not find method android.content.Context.getExternalMediaDirs, referenced from method androidx.core.content.FileProvider.parsePathStrategy
W/dalvikvm( 5226): VFY: unable to resolve virtual method 406: Landroid/content/Context;.getExternalMediaDirs ()[Ljava/io/File;
D/dalvikvm( 5226): VFY: replacing opcode 0x6e at 0x009d
I/dalvikvm( 5226): Could not find method android.content.Context.getColor, referenced from method androidx.core.content.ContextCompat.getColor
W/dalvikvm( 5226): VFY: unable to resolve virtual method 397: Landroid/content/Context;.getColor (I)I
D/dalvikvm( 5226): VFY: replacing opcode 0x6e at 0x0006
I/dalvikvm( 5226): Could not find method android.content.Context.getColorStateList, referenced from method androidx.core.content.ContextCompat.getColorStateList
W/dalvikvm( 5226): VFY: unable to resolve virtual method 398: Landroid/content/Context;.getColorStateList (I)Landroid/content/res/ColorStateList;
D/dalvikvm( 5226): VFY: replacing opcode 0x6e at 0x0006
I/dalvikvm( 5226): Could not find method android.content.Context.getDrawable, referenced from method androidx.core.content.ContextCompat.getDrawable
W/dalvikvm( 5226): VFY: unable to resolve virtual method 401: Landroid/content/Context;.getDrawable (I)Landroid/graphics/drawable/Drawable;
D/dalvikvm( 5226): VFY: replacing opcode 0x6e at 0x0006
I/dalvikvm( 5226): Could not find method android.content.Context.startForegroundService, referenced from method androidx.core.content.ContextCompat.startForegroundService
W/dalvikvm( 5226): VFY: unable to resolve virtual method 428: Landroid/content/Context;.startForegroundService (Landroid/content/Intent;)Landroid/content/ComponentName;
D/dalvikvm( 5226): VFY: replacing opcode 0x6e at 0x0006
D/dalvikvm( 5226): GC_CONCURRENT freed 177K, 10% free 3231K/3560K, paused 1ms+3ms, total 7ms
I/dalvikvm( 5226): Could not find method android.content.pm.PackageManager.getBackgroundPermissionOptionLabel, referenced from method com.mendhak.gpslogger.GpsMainActivity.askUserForBackgroundPermissions
W/dalvikvm( 5226): VFY: unable to resolve virtual method 503: Landroid/content/pm/PackageManager;.getBackgroundPermissionOptionLabel ()Ljava/lang/CharSequence;
D/dalvikvm( 5226): VFY: replacing opcode 0x6e at 0x0025
I/dalvikvm( 5226): Could not find method android.os.PowerManager.isIgnoringBatteryOptimizations, referenced from method com.mendhak.gpslogger.GpsMainActivity.askUserToDisableBatteryOptimization
W/dalvikvm( 5226): VFY: unable to resolve virtual method 1227: Landroid/os/PowerManager;.isIgnoringBatteryOptimizations (Ljava/lang/String;)Z
D/dalvikvm( 5226): VFY: replacing opcode 0x6e at 0x0017
I/dalvikvm( 5226): Could not find method android.app.Activity.onRequestPermissionsResult, referenced from method androidx.activity.ComponentActivity.onRequestPermissionsResult
W/dalvikvm( 5226): VFY: unable to resolve virtual method 154: Landroid/app/Activity;.onRequestPermissionsResult (I[Ljava/lang/String;[I)V
D/dalvikvm( 5226): VFY: replacing opcode 0x6f at 0x0020
I/TestRunner( 5226): started: testApplication(it.unina.android.ripper.RipperTestCase)
I/ActivityManager( 1568): START u0 {act=android.intent.action.MAIN flg=0x10000000 cmp=com.mendhak.gpslogger/.GpsMainActivity} from pid 5226
D/dalvikvm( 1568): GC_FOR_ALLOC freed 1281K, 44% free 9890K/17364K, paused 8ms, total 8ms
D/dalvikvm( 5226): GC_CONCURRENT freed 257K, 11% free 3357K/3772K, paused 1ms+0ms, total 3ms
D/gralloc_ranchu( 1144): gralloc_alloc: Creating ashmem region of size 7753728
D/AppSettings( 5226): onCreate:46 - Log4J configured
D/AppSettings( 5226): onCreate:50 - EventBus configured
E/dalvikvm( 5226): Could not find class 'android.net.NetworkRequest$Builder', referenced from method com.mendhak.gpslogger.common.WifiNetworkUtil.listenNetworkViaConnectivityManager
W/dalvikvm( 5226): VFY: unable to resolve new-instance 212 (Landroid/net/NetworkRequest$Builder;) in Lcom/mendhak/gpslogger/common/WifiNetworkUtil;
D/dalvikvm( 5226): VFY: replacing opcode 0x22 at 0x0008
D/dalvikvm( 5226): DexOpt: unable to opt direct call 0x0431 at 0x0a in Lcom/mendhak/gpslogger/common/WifiNetworkUtil;.listenNetworkViaConnectivityManager
W/dalvikvm( 5226): Unable to resolve superclass of Lcom/mendhak/gpslogger/common/WifiNetworkUtil$2; (208)
W/dalvikvm( 5226): Link of class 'Lcom/mendhak/gpslogger/common/WifiNetworkUtil$2;' failed
D/dalvikvm( 5226): DexOpt: unable to opt direct call 0x4aff at 0x1f in Lcom/mendhak/gpslogger/common/WifiNetworkUtil;.listenNetworkViaConnectivityManager
D/AppSettings( 5226): d:92 - CREATE TABLE IF NOT EXISTS job_holder (insertionOrder integer  primary key , `_id` text UNIQUE, `priority` integer, `group_id` text, `run_count` integer, `created_ns` long, `delay_until_ns` long, `running_session_id` long, `network_type` integer, `deadline` integer, `cancel_on_deadline` integer, `cancelled` integer );
D/AppSettings( 5226): d:92 - CREATE TABLE IF NOT EXISTS job_holder_tags (_id integer  primary key , `job_id` text, `tag_name` text, FOREIGN KEY(`job_id`) REFERENCES job_holder(`_id`) ON DELETE CASCADE );
D/dalvikvm( 5226): GC_CONCURRENT freed 293K, 12% free 3469K/3920K, paused 0ms+0ms, total 2ms
D/AppSettings( 5226): onCreate:61 - Job Queue configured
V/AndroidRipperService( 3682): register()
D/AppSettings( 5226): d:92 - [priority_mq] looking for next message at time 1629037181559310509
D/AppSettings( 5226): d:92 - flushing messages at time 1629037181559310509
I/dalvikvm( 5226): Could not find method android.os.Handler.createAsync, referenced from method androidx.arch.core.executor.DefaultTaskExecutor.createAsync
D/AppSettings( 5226): d:92 - [priority_mq] next delayed job null
D/AppSettings( 5226): v:108 - joq idle. running:? true
