W/dalvikvm( 6203): VFY: unable to resolve check-cast 792 (Landroid/view/accessibility/AccessibilityNodeInfo$AccessibilityAction;) in Landroidx/core/view/accessibility/AccessibilityNodeInfoCompat$AccessibilityActionCompat;
D/dalvikvm( 6203): VFY: replacing opcode 0x1f at 0x0008
E/dalvikvm( 6203): Could not find class 'android.view.accessibility.AccessibilityNodeInfo$AccessibilityAction', referenced from method androidx.core.view.accessibility.AccessibilityNodeInfoCompat$AccessibilityActionCompat.getLabel
W/dalvikvm( 6203): VFY: unable to resolve check-cast 792 (Landroid/view/accessibility/AccessibilityNodeInfo$AccessibilityAction;) in Landroidx/core/view/accessibility/AccessibilityNodeInfoCompat$AccessibilityActionCompat;
D/dalvikvm( 6203): VFY: replacing opcode 0x1f at 0x0008
D/dalvikvm( 6203): DexOpt: unable to opt direct call 0x1403 at 0x11 in Landroidx/core/view/accessibility/AccessibilityNodeInfoCompat$AccessibilityActionCompat;.<init>
D/EGL_emulation( 6203): eglMakeCurrent: 0xb7ccdfa0: ver 3 0
I/dalvikvm( 6203): Could not find method android.view.ViewConfiguration.getScaledHorizontalScrollFactor, referenced from method androidx.core.view.ViewConfigurationCompat.getScaledHorizontalScrollFactor
W/dalvikvm( 6203): VFY: unable to resolve virtual method 4775: Landroid/view/ViewConfiguration;.getScaledHorizontalScrollFactor ()F
D/dalvikvm( 6203): VFY: replacing opcode 0x6e at 0x0006
I/dalvikvm( 6203): Could not find method android.view.ViewConfiguration.getScaledHoverSlop, referenced from method androidx.core.view.ViewConfigurationCompat.getScaledHoverSlop
W/dalvikvm( 6203): VFY: unable to resolve virtual method 4776: Landroid/view/ViewConfiguration;.getScaledHoverSlop ()I
D/dalvikvm( 6203): VFY: replacing opcode 0x6e at 0x0006
I/dalvikvm( 6203): Could not find method android.view.ViewConfiguration.getScaledVerticalScrollFactor, referenced from method androidx.core.view.ViewConfigurationCompat.getScaledVerticalScrollFactor
W/dalvikvm( 6203): VFY: unable to resolve virtual method 4781: Landroid/view/ViewConfiguration;.getScaledVerticalScrollFactor ()F
D/dalvikvm( 6203): VFY: replacing opcode 0x6e at 0x0006
I/dalvikvm( 6203): Could not find method android.view.ViewConfiguration.shouldShowMenuShortcutsWhenKeyboardPresent, referenced from method androidx.core.view.ViewConfigurationCompat.shouldShowMenuShortcutsWhenKeyboardPresent
W/dalvikvm( 6203): VFY: unable to resolve virtual method 4784: Landroid/view/ViewConfiguration;.shouldShowMenuShortcutsWhenKeyboardPresent ()Z
D/dalvikvm( 6203): VFY: replacing opcode 0x6e at 0x0006
I/dalvikvm( 6203): Could not find method android.view.View.setTooltipText, referenced from method androidx.appcompat.widget.TooltipCompat.setTooltipText
W/dalvikvm( 6203): VFY: unable to resolve virtual method 4752: Landroid/view/View;.setTooltipText (Ljava/lang/CharSequence;)V
D/dalvikvm( 6203): VFY: replacing opcode 0x6e at 0x0006
I/dalvikvm( 6203): Could not find method android.view.MenuItem.getAlphabeticModifiers, referenced from method androidx.core.view.MenuItemCompat.getAlphabeticModifiers
W/dalvikvm( 6203): VFY: unable to resolve interface method 4351: Landroid/view/MenuItem;.getAlphabeticModifiers ()I
D/dalvikvm( 6203): VFY: replacing opcode 0x72 at 0x0011
I/dalvikvm( 6203): Could not find method android.view.MenuItem.getContentDescription, referenced from method androidx.core.view.MenuItemCompat.getContentDescription
W/dalvikvm( 6203): VFY: unable to resolve interface method 4352: Landroid/view/MenuItem;.getContentDescription ()Ljava/lang/CharSequence;
D/dalvikvm( 6203): VFY: replacing opcode 0x72 at 0x0011
I/dalvikvm( 6203): Could not find method android.view.MenuItem.getIconTintList, referenced from method androidx.core.view.MenuItemCompat.getIconTintList
W/dalvikvm( 6203): VFY: unable to resolve interface method 4355: Landroid/view/MenuItem;.getIconTintList ()Landroid/content/res/ColorStateList;
D/dalvikvm( 6203): VFY: replacing opcode 0x72 at 0x0011
I/dalvikvm( 6203): Could not find method android.view.MenuItem.getIconTintMode, referenced from method androidx.core.view.MenuItemCompat.getIconTintMode
W/dalvikvm( 6203): VFY: unable to resolve interface method 4356: Landroid/view/MenuItem;.getIconTintMode ()Landroid/graphics/PorterDuff$Mode;
D/dalvikvm( 6203): VFY: replacing opcode 0x72 at 0x0011
I/dalvikvm( 6203): Could not find method android.view.MenuItem.getNumericModifiers, referenced from method androidx.core.view.MenuItemCompat.getNumericModifiers
W/dalvikvm( 6203): VFY: unable to resolve interface method 4359: Landroid/view/MenuItem;.getNumericModifiers ()I
D/dalvikvm( 6203): VFY: replacing opcode 0x72 at 0x0011
I/dalvikvm( 6203): Could not find method android.view.MenuItem.getTooltipText, referenced from method androidx.core.view.MenuItemCompat.getTooltipText
W/dalvikvm( 6203): VFY: unable to resolve interface method 4362: Landroid/view/MenuItem;.getTooltipText ()Ljava/lang/CharSequence;
D/dalvikvm( 6203): VFY: replacing opcode 0x72 at 0x0011
I/dalvikvm( 6203): Could not find method android.view.MenuItem.setAlphabeticShortcut, referenced from method androidx.core.view.MenuItemCompat.setAlphabeticShortcut
W/dalvikvm( 6203): VFY: unable to resolve interface method 4370: Landroid/view/MenuItem;.setAlphabeticShortcut (CI)Landroid/view/MenuItem;
D/dalvikvm( 6203): VFY: replacing opcode 0x72 at 0x0010
I/dalvikvm( 6203): Could not find method android.view.MenuItem.setContentDescription, referenced from method androidx.core.view.MenuItemCompat.setContentDescription
W/dalvikvm( 6203): VFY: unable to resolve interface method 4373: Landroid/view/MenuItem;.setContentDescription (Ljava/lang/CharSequence;)Landroid/view/MenuItem;
D/dalvikvm( 6203): VFY: replacing opcode 0x72 at 0x0010
I/dalvikvm( 6203): Could not find method android.view.MenuItem.setIconTintList, referenced from method androidx.core.view.MenuItemCompat.setIconTintList
W/dalvikvm( 6203): VFY: unable to resolve interface method 4377: Landroid/view/MenuItem;.setIconTintList (Landroid/content/res/ColorStateList;)Landroid/view/MenuItem;
D/dalvikvm( 6203): VFY: replacing opcode 0x72 at 0x0010
I/dalvikvm( 6203): Could not find method android.view.MenuItem.setIconTintMode, referenced from method androidx.core.view.MenuItemCompat.setIconTintMode
W/dalvikvm( 6203): VFY: unable to resolve interface method 4378: Landroid/view/MenuItem;.setIconTintMode (Landroid/graphics/PorterDuff$Mode;)Landroid/view/MenuItem;
D/dalvikvm( 6203): VFY: replacing opcode 0x72 at 0x0010
I/dalvikvm( 6203): Could not find method android.view.MenuItem.setNumericShortcut, referenced from method androidx.core.view.MenuItemCompat.setNumericShortcut
W/dalvikvm( 6203): VFY: unable to resolve interface method 4380: Landroid/view/MenuItem;.setNumericShortcut (CI)Landroid/view/MenuItem;
D/dalvikvm( 6203): VFY: replacing opcode 0x72 at 0x0010
I/dalvikvm( 6203): Could not find method android.view.MenuItem.setShortcut, referenced from method androidx.core.view.MenuItemCompat.setShortcut
W/dalvikvm( 6203): VFY: unable to resolve interface method 4383: Landroid/view/MenuItem;.setShortcut (CCII)Landroid/view/MenuItem;
D/dalvikvm( 6203): VFY: replacing opcode 0x72 at 0x0010
I/dalvikvm( 6203): Could not find method android.view.MenuItem.setTooltipText, referenced from method androidx.core.view.MenuItemCompat.setTooltipText
W/dalvikvm( 6203): VFY: unable to resolve interface method 4387: Landroid/view/MenuItem;.setTooltipText (Ljava/lang/CharSequence;)Landroid/view/MenuItem;
D/dalvikvm( 6203): VFY: replacing opcode 0x72 at 0x0010
D/EGL_emulation( 6203): eglMakeCurrent: 0xb7ccdfa0: ver 3 0
D/EGL_emulation( 6203): eglMakeCurrent: 0xb7ccdfa0: ver 3 0
I/dalvikvm( 6203): Could not find method android.view.Window.setStatusBarColor, referenced from method me.ccrama.redditslide.Activities.Tutorial.onCreate
W/dalvikvm( 6203): VFY: unable to resolve virtual method 1600: Landroid/view/Window;.setStatusBarColor (I)V
D/dalvikvm( 6203): VFY: replacing opcode 0x6e at 0x008a
I/dalvikvm( 6203): Could not find method android.view.Window.setStatusBarColor, referenced from method me.ccrama.redditslide.Activities.Tutorial$Personalize.lambda$null$1$Tutorial$Personalize
W/dalvikvm( 6203): VFY: unable to resolve virtual method 1600: Landroid/view/Window;.setStatusBarColor (I)V
D/dalvikvm( 6203): VFY: replacing opcode 0x6e at 0x0030
I/dalvikvm( 6203): Could not find method android.view.Window.setStatusBarColor, referenced from method me.ccrama.redditslide.Activities.Tutorial$Personalize.onCreateView
W/dalvikvm( 6203): VFY: unable to resolve virtual method 1600: Landroid/view/Window;.setStatusBarColor (I)V
D/dalvikvm( 6203): VFY: replacing opcode 0x6e at 0x006f
D/dalvikvm( 6203): GC_FOR_ALLOC freed 957K, 11% free 8988K/10012K, paused 5ms, total 5ms
D/dalvikvm( 6203): GC_FOR_ALLOC freed 50K, 11% free 9398K/10472K, paused 3ms, total 3ms
I/dalvikvm-heap( 6203): Grow heap (frag case) to 16.129MB for 7225356-byte allocation
D/dalvikvm( 6203): GC_FOR_ALLOC freed <1K, 7% free 16454K/17532K, paused 5ms, total 5ms
D/dalvikvm( 6203): GC_CONCURRENT freed 0K, 7% free 16454K/17532K, paused 2ms+0ms, total 5ms
D/EGL_emulation( 6203): eglMakeCurrent: 0xb7ccdfa0: ver 3 0
E/EGL_emulation( 6203): tid 6203: eglSurfaceAttrib(1199): error 0x3009 (EGL_BAD_MATCH)
W/HardwareRenderer( 6203): Backbuffer cannot be preserved
W/System.err( 6203): java.lang.RuntimeException: Could not execute the request: HttpRequest {method='POST', url=https://www.reddit.com/api/v1/access_token, expectedMediaType=application/json, headers=User-Agent: android:me.ccrama.RedditSlide:v6.7.1
W/System.err( 6203): Authorization: Basic S0kyTmw5QV9vdUc5UXc6
W/System.err( 6203): , body=net.dean.jraw.http.RequestBody$DefaultRequestBody@9d012d70}
W/System.err( 6203): 	at net.dean.jraw.http.RestClient.execute(RestClient.java:144)
W/System.err( 6203): 	at net.dean.jraw.RedditClient.execute(RedditClient.java:147)
W/System.err( 6203): 	at net.dean.jraw.RedditClient.execute(RedditClient.java:141)
W/System.err( 6203): 	at net.dean.jraw.http.oauth.OAuthHelper.doApplicationOnly(OAuthHelper.java:274)
W/System.err( 6203): 	at net.dean.jraw.http.oauth.OAuthHelper.easyAuth(OAuthHelper.java:197)
W/System.err( 6203): 	at me.ccrama.redditslide.Authentication.doVerify(Authentication.java:313)
W/System.err( 6203): 	at me.ccrama.redditslide.Authentication$VerifyCredentials.doInBackground(Authentication.java:245)
W/System.err( 6203): 	at me.ccrama.redditslide.Authentication$VerifyCredentials.doInBackground(Authentication.java:233)
W/System.err( 6203): 	at android.os.AsyncTask$2.call(AsyncTask.java:288)
W/System.err( 6203): 	at java.util.concurrent.FutureTask.run(FutureTask.java:237)
W/System.err( 6203): 	at android.os.AsyncTask$SerialExecutor$1.run(AsyncTask.java:231)
W/System.err( 6203): 	at java.util.concurrent.ThreadPoolExecutor.runWorker(ThreadPoolExecutor.java:1112)
W/System.err( 6203): 	at java.util.concurrent.ThreadPoolExecutor$Worker.run(ThreadPoolExecutor.java:587)
W/System.err( 6203): 	at java.lang.Thread.run(Thread.java:841)
W/System.err( 6203): Caused by: javax.net.ssl.SSLHandshakeException: javax.net.ssl.SSLProtocolException: SSL handshake aborted: ssl=0xb7b20df0: Failure in SSL library, usually a protocol error
W/System.err( 6203): error:1407742E:SSL routines:SSL23_GET_SERVER_HELLO:tlsv1 alert protocol version (external/openssl/ssl/s23_clnt.c:741 0x8d9a4990:0x00000000)
W/System.err( 6203): 	at com.android.org.conscrypt.OpenSSLSocketImpl.startHandshake(OpenSSLSocketImpl.java:448)
I/ActivityManager( 1566): Displayed me.ccrama.redditslide/.Activities.Tutorial: +334ms (total +805ms)
W/InputMethodManagerService( 1566): Got RemoteException sending setActive(false) notification to pid 5944 uid 10075
W/Binder  ( 1656): Caught a RuntimeException from the binder stub implementation.
W/Binder  ( 1656): java.lang.NullPointerException
W/Binder  ( 1656): 	at android.inputmethodservice.IInputMethodWrapper.setSessionEnabled(IInputMethodWrapper.java:280)
W/Binder  ( 1656): 	at com.android.internal.view.IInputMethod$Stub.onTransact(IInputMethod.java:129)
W/Binder  ( 1656): 	at android.os.Binder.execTransact(Binder.java:404)
W/Binder  ( 1656): 	at dalvik.system.NativeStart.run(Native Method)
W/System.err( 6203): 	at okhttp3.internal.connection.RealConnection.connectTls(RealConnection.java:320)
W/System.err( 6203): 	at okhttp3.internal.connection.RealConnection.establishProtocol(RealConnection.java:284)
W/System.err( 6203): 	at okhttp3.internal.connection.RealConnection.connect(RealConnection.java:169)
W/System.err( 6203): 	at okhttp3.internal.connection.StreamAllocation.findConnection(StreamAllocation.java:258)
W/System.err( 6203): 	at okhttp3.internal.connection.StreamAllocation.findHealthyConnection(StreamAllocation.java:135)
W/System.err( 6203): 	at okhttp3.internal.connection.StreamAllocation.newStream(StreamAllocation.java:114)
W/System.err( 6203): 	at okhttp3.internal.connection.ConnectInterceptor.intercept(ConnectInterceptor.java:42)
W/System.err( 6203): 	at okhttp3.internal.http.RealInterceptorChain.proceed(RealInterceptorChain.java:147)
W/System.err( 6203): 	at okhttp3.internal.http.RealInterceptorChain.proceed(RealInterceptorChain.java:121)
W/System.err( 6203): 	at okhttp3.internal.cache.CacheInterceptor.intercept(CacheInterceptor.java:93)
W/System.err( 6203): 	at okhttp3.internal.http.RealInterceptorChain.proceed(RealInterceptorChain.java:147)
W/System.err( 6203): 	at okhttp3.internal.http.RealInterceptorChain.proceed(RealInterceptorChain.java:121)
W/System.err( 6203): 	at okhttp3.internal.http.BridgeInterceptor.intercept(BridgeInterceptor.java:93)
W/System.err( 6203): 	at okhttp3.internal.http.RealInterceptorChain.proceed(RealInterceptorChain.java:147)
W/System.err( 6203): 	at okhttp3.internal.http.RetryAndFollowUpInterceptor.intercept(RetryAndFollowUpInterceptor.java:127)
W/System.err( 6203): 	at okhttp3.internal.http.RealInterceptorChain.proceed(RealInterceptorChain.java:147)
W/System.err( 6203): 	at okhttp3.internal.http.RealInterceptorChain.proceed(RealInterceptorChain.java:121)
W/System.err( 6203): 	at okhttp3.RealCall.getResponseWithInterceptorChain(RealCall.java:257)
W/System.err( 6203): 	at okhttp3.RealCall.execute(RealCall.java:93)
W/System.err( 6203): 	at net.dean.jraw.http.OkHttpAdapter.execute(OkHttpAdapter.java:82)
W/System.err( 6203): 	at net.dean.jraw.http.RestClient.execute(RestClient.java:120)
W/System.err( 6203): 	... 13 more
W/System.err( 6203): Caused by: javax.net.ssl.SSLProtocolException: SSL handshake aborted: ssl=0xb7b20df0: Failure in SSL library, usually a protocol error
W/System.err( 6203): error:1407742E:SSL routines:SSL23_GET_SERVER_HELLO:tlsv1 alert protocol version (external/openssl/ssl/s23_clnt.c:741 0x8d9a4990:0x00000000)
W/System.err( 6203): 	at com.android.org.conscrypt.NativeCrypto.SSL_do_handshake(Native Method)
W/System.err( 6203): 	at com.android.org.conscrypt.OpenSSLSocketImpl.startHandshake(OpenSSLSocketImpl.java:405)
W/System.err( 6203): 	... 34 more
V/(Authentication.java:112)( 6203): REAUTH
D/EGL_emulation( 6203): eglMakeCurrent: 0xb7ccdfa0: ver 3 0
D/EGL_emulation( 6203): eglMakeCurrent: 0xb7ccdfa0: ver 3 0
E/dalvikvm( 6203): Could not find class 'android.support.v4.app.FragmentActivity', referenced from method a.a.a.ag.c
W/dalvikvm( 6203): VFY: unable to resolve check-cast 122 (Landroid/support/v4/app/FragmentActivity;) in La/a/a/ag;
D/dalvikvm( 6203): VFY: replacing opcode 0x1f at 0x0008
I/dalvikvm( 6203): Could not find method android.support.v4.app.FragmentActivity.getSupportFragmentManager, referenced from method a.a.a.ag.c
W/dalvikvm( 6203): VFY: unable to resolve virtual method 750: Landroid/support/v4/app/FragmentActivity;.getSupportFragmentManager ()Landroid/support/v4/app/FragmentManager;
D/dalvikvm( 6203): VFY: replacing opcode 0x6e at 0x000e
I/dalvikvm( 6203): Could not find method android.support.v4.app.FragmentActivity.getSupportFragmentManager, referenced from method a.a.a.ag.c
W/dalvikvm( 6203): VFY: unable to resolve virtual method 750: Landroid/support/v4/app/FragmentActivity;.getSupportFragmentManager ()Landroid/support/v4/app/FragmentManager;
D/dalvikvm( 6203): VFY: replacing opcode 0x6e at 0x001a
W/dalvikvm( 6203): VFY: unable to find class referenced in signature (Landroid/support/v4/app/Fragment;)
W/dalvikvm( 6203): VFY: unable to find class referenced in signature (Landroid/support/v4/app/Fragment;)
V/(Authentication.java:112)( 6203): REAUTH
I/ContentMaintenance( 1946): Internal cache bytes used: 0; limit: 39526809; download size: 0
I/RealtimeCacheCleanup( 1946): Beginning Realtime garbage collection.
I/RealtimeCacheCleanup( 1946): Finished Realtime garbage collection.
D/EGL_emulation( 6203): eglMakeCurrent: 0xb7ccdfa0: ver 3 0
E/EGL_emulation( 6203): tid 6203: eglSurfaceAttrib(1199): error 0x3009 (EGL_BAD_MATCH)
W/HardwareRenderer( 6203): Backbuffer cannot be preserved
I/AndroidRipper( 6203): [RipperTestCase] Ready to operate after restarting...
V/SERVER  ( 2701): ServerSocket on PORT 18888: offline
V/AndroidRipperService( 2701): mHandler.handleMessage() DISCONNECTED
V/SERVER  ( 2701): Ready to accept connections on port: 18888
D/dalvikvm( 1566): GC_FOR_ALLOC freed 966K, 35% free 9055K/13836K, paused 9ms, total 9ms
I/CastDatabase( 1946): Saving the database
I/SQLiteCastStore( 1946): [CastNetworkInfo] saved: 0, skipped: 0, [CastDeviceInfo]: saved 0, skipped 0, [Paired Guest Mode DeviceInfo] saved: 0, skipped: 0. [ProbedNetworks]: saved 0, skipped: 0, [ProbedSocketAddress]: saved 0, skipped: 0, [Network-Device pairs]: saved: 0
D/AndroidRuntime( 6253): 
D/AndroidRuntime( 6253): >>>>>> AndroidRuntime START com.android.internal.os.RuntimeInit <<<<<<
W/linker  ( 6253): libdvm.so has text relocations. This is wasting memory and is a security risk. Please fix.
D/AndroidRuntime( 6253): CheckJNI is ON
D/dalvikvm( 6253): Trying to load lib libjavacore.so 0x0
D/dalvikvm( 6253): Added shared lib libjavacore.so 0x0
D/dalvikvm( 6253): Trying to load lib libnativehelper.so 0x0
D/dalvikvm( 6253): Added shared lib libnativehelper.so 0x0
D/dalvikvm( 6253): No JNI_OnLoad found in libnativehelper.so 0x0, skipping init
D/dalvikvm( 6253): Note: class Landroid/app/ActivityManagerNative; has 179 unimplemented (abstract) methods
E/memtrack( 6253): Couldn't load memtrack module (No such file or directory)
E/android.os.Debug( 6253): failed to load memtrack module: -2
D/AndroidRuntime( 6253): Calling main entry com.android.commands.pm.Pm
D/AndroidRuntime( 6253): Shutting down VM
D/dalvikvm( 6253): GC_CONCURRENT freed 91K, 15% free 547K/640K, paused 0ms+0ms, total 1ms
I/AndroidRuntime( 6253): NOTE: attach of thread 'Binder_1' failed
D/AndroidRuntime( 6263): 
D/AndroidRuntime( 6263): >>>>>> AndroidRuntime START com.android.internal.os.RuntimeInit <<<<<<
W/linker  ( 6263): libdvm.so has text relocations. This is wasting memory and is a security risk. Please fix.
D/AndroidRuntime( 6263): CheckJNI is ON
D/dalvikvm( 6263): Trying to load lib libjavacore.so 0x0
D/dalvikvm( 6263): Added shared lib libjavacore.so 0x0
D/dalvikvm( 6263): Trying to load lib libnativehelper.so 0x0
D/dalvikvm( 6263): Added shared lib libnativehelper.so 0x0
D/dalvikvm( 6263): No JNI_OnLoad found in libnativehelper.so 0x0, skipping init
D/dalvikvm( 6263): Note: class Landroid/app/ActivityManagerNative; has 179 unimplemented (abstract) methods
E/memtrack( 6263): Couldn't load memtrack module (No such file or directory)
E/android.os.Debug( 6263): failed to load memtrack module: -2
D/AndroidRuntime( 6263): Calling main entry com.android.commands.pm.Pm
D/AndroidRuntime( 6263): Shutting down VM
D/dalvikvm( 6263): GC_CONCURRENT freed 93K, 15% free 557K/652K, paused 0ms+1ms, total 1ms
D/AndroidRuntime( 6274): 
D/AndroidRuntime( 6274): >>>>>> AndroidRuntime START com.android.internal.os.RuntimeInit <<<<<<
W/linker  ( 6274): libdvm.so has text relocations. This is wasting memory and is a security risk. Please fix.
D/AndroidRuntime( 6274): CheckJNI is ON
D/dalvikvm( 6274): Trying to load lib libjavacore.so 0x0
D/dalvikvm( 6274): Added shared lib libjavacore.so 0x0
D/dalvikvm( 6274): Trying to load lib libnativehelper.so 0x0
D/dalvikvm( 6274): Added shared lib libnativehelper.so 0x0
D/dalvikvm( 6274): No JNI_OnLoad found in libnativehelper.so 0x0, skipping init
D/dalvikvm( 6274): Note: class Landroid/app/ActivityManagerNative; has 179 unimplemented (abstract) methods
E/memtrack( 6274): Couldn't load memtrack module (No such file or directory)
E/android.os.Debug( 6274): failed to load memtrack module: -2
D/AndroidRuntime( 6274): Calling main entry com.android.commands.pm.Pm
I/GeofencerStateMachine( 1688): removeGeofences: removeRequest=RemoveGeofencingRequest[REMOVE_ALL packageName=it.unina.android.ripper]
I/ActivityManager( 1566): Force stopping it.unina.android.ripper appid=10078 user=0: clear data
D/Documents( 2537): Used cached roots for com.android.providers.downloads.documents
D/Documents( 2537): Used cached roots for com.android.externalstorage.documents
D/Documents( 2537): Used cached roots for com.android.providers.media.documents
D/Documents( 2537): Update found 6 roots in 2ms
D/keystore( 1148): calling clear_uid in state: 3
D/AndroidRuntime( 6274): Shutting down VM
D/dalvikvm( 6274): GC_CONCURRENT freed 92K, 15% free 549K/644K, paused 1ms+0ms, total 1ms
I/Fitness ( 1688): FitCleanupIntentOperation received Intent android.intent.action.PACKAGE_DATA_CLEARED [CONTEXT service_id=17 ]
D/dalvikvm( 1946): GC_FOR_ALLOC freed 2170K, 20% free 11198K/13856K, paused 12ms, total 12ms
I/Icing   ( 1946): doRemovePackageData it.unina.android.ripper
D/AndroidRuntime( 6300): 
D/AndroidRuntime( 6300): >>>>>> AndroidRuntime START com.android.internal.os.RuntimeInit <<<<<<
W/linker  ( 6300): libdvm.so has text relocations. This is wasting memory and is a security risk. Please fix.
D/AndroidRuntime( 6300): CheckJNI is ON
D/dalvikvm( 6300): Trying to load lib libjavacore.so 0x0
D/dalvikvm( 6300): Added shared lib libjavacore.so 0x0
D/dalvikvm( 6300): Trying to load lib libnativehelper.so 0x0
D/dalvikvm( 6300): Added shared lib libnativehelper.so 0x0
D/dalvikvm( 6300): No JNI_OnLoad found in libnativehelper.so 0x0, skipping init
D/dalvikvm( 6300): Note: class Landroid/app/ActivityManagerNative; has 179 unimplemented (abstract) methods
E/memtrack( 6300): Couldn't load memtrack module (No such file or directory)
E/android.os.Debug( 6300): failed to load memtrack module: -2
D/AndroidRuntime( 6300): Calling main entry com.android.commands.pm.Pm
I/ActivityManager( 1566): Force stopping it.unina.android.ripper appid=10078 user=-1: uninstall pkg
W/PackageManager( 1566): Couldn't delete native library directory /data/app-lib/it.unina.android.ripper
D/keystore( 1148): calling clear_uid in state: 3
D/dalvikvm( 6203): GC_EXPLICIT freed 418K, 6% free 16577K/17524K, paused 0ms+1ms, total 4ms
I/GeofencerStateMachine( 1688): removeGeofences: removeRequest=RemoveGeofencingRequest[REMOVE_ALL packageName=it.unina.android.ripper]
W/Launcher.Model( 2461): Nobody to tell about the new app.  Launcher is probably loading.
I/Launcher( 1720): Deferring update until onResume
I/ActivityManager( 1566): Force stopping it.unina.android.ripper appid=10078 user=0: pkg removed
D/Documents( 2537): Used cached roots for com.android.providers.downloads.documents
D/Documents( 2537): Used cached roots for com.android.externalstorage.documents
D/Documents( 2537): Used cached roots for com.android.providers.media.documents
D/Documents( 2537): Update found 6 roots in 3ms
I/PackageManager( 1566):   Action: "android.intent.action.SENDTO"
I/PackageManager( 1566):   Category: "android.intent.category.DEFAULT"
I/PackageManager( 1566):   Scheme: "sms"
D/dalvikvm( 1781): GC_FOR_ALLOC freed 499K, 15% free 3393K/3956K, paused 2ms, total 2ms
I/Launcher( 1720): Deferring update until onResume
I/InputReader( 1566): Reconfiguring input devices.  changes=0x00000010
I/PackageManager( 1566): Adding preferred activity ComponentInfo{com.android.mms/com.android.mms.ui.ComposeMessageActivity} for user 0 :
I/PackageManager( 1566):   Action: "android.intent.action.SENDTO"
I/PackageManager( 1566):   Category: "android.intent.category.DEFAULT"
I/PackageManager( 1566):   Scheme: "smsto"
D/VoicemailCleanupService( 1781): Cleaning up data for package: it.unina.android.ripper
I/PackageManager( 1566):   Action: "android.intent.action.SENDTO"
I/PackageManager( 1566):   Category: "android.intent.category.DEFAULT"
I/PackageManager( 1566):   Scheme: "mms"
I/PackageManager( 1566): Adding preferred activity ComponentInfo{com.android.mms/com.android.mms.ui.ComposeMessageActivity} for user 0 :
D/BackupManagerService( 1566): Received broadcast Intent { act=android.intent.action.PACKAGE_REMOVED dat=package:it.unina.android.ripper flg=0x4000010 (has extras) }
V/BackupManagerService( 1566): removePackageParticipantsLocked: uid=10078 #1
I/PackageManager( 1566): Adding preferred activity ComponentInfo{com.android.mms/com.android.mms.ui.ComposeMessageActivity} for user 0 :
D/dalvikvm( 1705): GC_FOR_ALLOC freed 365K, 15% free 3625K/4216K, paused 1ms, total 1ms
I/PackageManager( 1566):   Action: "android.intent.action.SENDTO"
I/PackageManager( 1566):   Category: "android.intent.category.DEFAULT"
I/PackageManager( 1566):   Scheme: "mmsto"
I/PackageManager( 1566): Adding preferred activity ComponentInfo{com.android.mms/com.android.mms.ui.ComposeMessageActivity} for user 0 :
I/PackageManager( 1566):   Action: "android.intent.action.SENDTO"
I/PackageManager( 1566):   Category: "android.intent.category.DEFAULT"
I/PackageManager( 1566):   Scheme: "sms"
I/PackageManager( 1566): Adding preferred activity ComponentInfo{com.android.mms/com.android.mms.ui.ComposeMessageActivity} for user 0 :
I/PackageManager( 1566):   Action: "android.intent.action.SENDTO"
I/PackageManager( 1566):   Category: "android.intent.category.DEFAULT"
I/PackageManager( 1566):   Scheme: "smsto"
I/Fitness ( 1688): FitCleanupIntentOperation received Intent android.intent.action.PACKAGE_REMOVED [CONTEXT service_id=17 ]
I/PackageManager( 1566): Adding preferred activity ComponentInfo{com.android.mms/com.android.mms.ui.ComposeMessageActivity} for user 0 :
I/ContentMaintenance( 1946): Internal cache bytes used: 0; limit: 39526809; download size: 0
W/Launcher( 2461): setApplicationContext called twice! old=com.google.android.velvet.VelvetApplication@9d01c628 new=com.google.android.velvet.VelvetApplication@9d01c628
I/PackageManager( 1566):   Action: "android.intent.action.SENDTO"
I/PackageManager( 1566):   Category: "android.intent.category.DEFAULT"
I/PackageManager( 1566):   Scheme: "mms"
W/ContextImpl( 2593): Calling a method in the system process without a qualified user: android.app.ContextImpl.startService:1479 android.content.ContextWrapper.startService:494 android.content.ContextWrapper.startService:494 com.android.keychain.KeyChainBroadcastReceiver.onReceive:12 android.app.ActivityThread.handleReceiver:2419 
I/PackageManager( 1566): Adding preferred activity ComponentInfo{com.android.mms/com.android.mms.ui.ComposeMessageActivity} for user 0 :
I/ActivityManager( 1566): Delay finish: com.android.keychain/.KeyChainBroadcastReceiver
I/Icing.InternalIcingCorporaProvider( 2209): Updating corpora: A: it.unina.android.ripper, C: MAYBE
D/dalvikvm( 1566): GC_FOR_ALLOC freed 1436K, 34% free 9139K/13836K, paused 11ms, total 11ms
D/dalvikvm( 1705): GC_FOR_ALLOC freed 367K, 15% free 3623K/4216K, paused 2ms, total 2ms
I/PackageManager( 1566):   Action: "android.intent.action.SENDTO"
I/PackageManager( 1566):   Category: "android.intent.category.DEFAULT"
I/PackageManager( 1566):   Scheme: "mmsto"
I/PackageManager( 1566): Adding preferred activity ComponentInfo{com.android.mms/com.android.mms.ui.ComposeMessageActivity} for user 0 :
I/RealtimeCacheCleanup( 1946): Beginning Realtime garbage collection.
I/ActivityManager( 1566): Resuming delayed broadcast
W/ContextImpl( 2209): Implicit intents with startService are not safe: Intent { act=com.google.android.gms.icing.INDEX_SERVICE } android.content.ContextWrapper.bindService:517 com.google.android.gms.internal.av.a:-1 com.google.android.gms.internal.au.connect:-1 
I/Icing   ( 1946): IndexChimeraService.getServiceInterface callingPackage=com.google.android.googlequicksearchbox componentName=null serviceId=21
I/Icing   ( 1946): IndexChimeraService.getServiceInterface callingPackage=com.google.android.gms componentName=AppsCorpus serviceId=36
I/Icing   ( 1946): doRemovePackageData it.unina.android.ripper
I/RealtimeCacheCleanup( 1946): Finished Realtime garbage collection.
I/LatinIME:LogUtils( 1656): Dictionary info: dictionary = main:en ; version = 42 ; date = 1381226516
W/Icing.InternalIcingCorporaProvider( 2209): Application table change notification failed.
D/dalvikvm( 1566): GC_EXPLICIT freed 405K, 35% free 9065K/13836K, paused 5ms+8ms, total 69ms
D/AndroidRuntime( 6300): Shutting down VM
W/Icing   ( 1946): No valid account for uploading user actions
D/dalvikvm( 6300): GC_CONCURRENT freed 92K, 15% free 549K/644K, paused 0ms+0ms, total 0ms
I/DownloadManager( 1673): Download 33 starting
W/DownloadManager( 1673): Aborting request for download 33: TYPE_DISALLOWED_BY_REQUESTOR
I/DownloadManager( 1673): Download 33 finished with status WAITING_FOR_NETWORK
D/dalvikvm( 1688): GC_FOR_ALLOC freed 1920K, 22% free 9070K/11588K, paused 8ms, total 8ms
I/Icing   ( 1946): Usage reports ok 0, Failed Usage reports 0, indexed 0, rejected 0
W/Icing   ( 1946): No valid account for uploading user actions
I/Icing   ( 1946): Usage reports ok 0, Failed Usage reports 0, indexed 0, rejected 0
I/Icing   ( 1946): Indexing com.google.android.gms-apps from com.google.android.gms
I/Icing   ( 1946): Indexing done com.google.android.gms-apps
D/AndroidRuntime( 6327): 
D/AndroidRuntime( 6327): >>>>>> AndroidRuntime START com.android.internal.os.RuntimeInit <<<<<<
W/linker  ( 6327): libdvm.so has text relocations. This is wasting memory and is a security risk. Please fix.
D/AndroidRuntime( 6327): CheckJNI is ON
D/dalvikvm( 6327): Trying to load lib libjavacore.so 0x0
D/dalvikvm( 6327): Added shared lib libjavacore.so 0x0
D/dalvikvm( 6327): Trying to load lib libnativehelper.so 0x0
D/dalvikvm( 6327): Added shared lib libnativehelper.so 0x0
D/dalvikvm( 6327): No JNI_OnLoad found in libnativehelper.so 0x0, skipping init
D/dalvikvm( 6327): Note: class Landroid/app/ActivityManagerNative; has 179 unimplemented (abstract) methods
E/memtrack( 6327): Couldn't load memtrack module (No such file or directory)
E/android.os.Debug( 6327): failed to load memtrack module: -2
D/AndroidRuntime( 6327): Calling main entry com.android.commands.pm.Pm
D/AndroidRuntime( 6327): Shutting down VM
D/dalvikvm( 6327): GC_CONCURRENT freed 93K, 15% free 557K/652K, paused 1ms+0ms, total 1ms
D/AndroidRuntime( 6338): 
D/AndroidRuntime( 6338): >>>>>> AndroidRuntime START com.android.internal.os.RuntimeInit <<<<<<
W/linker  ( 6338): libdvm.so has text relocations. This is wasting memory and is a security risk. Please fix.
D/AndroidRuntime( 6338): CheckJNI is ON
D/dalvikvm( 6338): Trying to load lib libjavacore.so 0x0
D/dalvikvm( 6338): Added shared lib libjavacore.so 0x0
D/dalvikvm( 6338): Trying to load lib libnativehelper.so 0x0
D/dalvikvm( 6338): Added shared lib libnativehelper.so 0x0
D/dalvikvm( 6338): No JNI_OnLoad found in libnativehelper.so 0x0, skipping init
D/dalvikvm( 6338): Note: class Landroid/app/ActivityManagerNative; has 179 unimplemented (abstract) methods
E/memtrack( 6338): Couldn't load memtrack module (No such file or directory)
E/android.os.Debug( 6338): failed to load memtrack module: -2
D/AndroidRuntime( 6338): Calling main entry com.android.commands.pm.Pm
D/Documents( 2537): Used cached roots for com.android.providers.downloads.documents
D/Documents( 2537): Used cached roots for com.android.externalstorage.documents
D/Documents( 2537): Used cached roots for com.android.providers.media.documents
D/Documents( 2537): Update found 6 roots in 1ms
I/GeofencerStateMachine( 1688): removeGeofences: removeRequest=RemoveGeofencingRequest[REMOVE_ALL packageName=it.unina.android.ripper_service]
D/keystore( 1148): calling clear_uid in state: 3
I/ActivityManager( 1566): Force stopping it.unina.android.ripper_service appid=10058 user=0: clear data
I/ActivityManager( 1566): Killing 2701:it.unina.android.ripper_service:android_ripper_service_process/u0a58 (adj 1): stop it.unina.android.ripper_service
I/ActivityManager( 1566):   Force stopping service ServiceRecord{9d53c8d0 u0 it.unina.android.ripper_service/.AndroidRipperService}
I/Icing   ( 1946): doRemovePackageData it.unina.android.ripper_service
D/AndroidRuntime( 6338): Shutting down VM
D/dalvikvm( 6338): GC_CONCURRENT freed 93K, 15% free 549K/644K, paused 0ms+0ms, total 0ms
I/Fitness ( 1688): FitCleanupIntentOperation received Intent android.intent.action.PACKAGE_DATA_CLEARED [CONTEXT service_id=17 ]
D/AndroidRuntime( 6354): 
D/AndroidRuntime( 6354): >>>>>> AndroidRuntime START com.android.internal.os.RuntimeInit <<<<<<
W/linker  ( 6354): libdvm.so has text relocations. This is wasting memory and is a security risk. Please fix.
D/AndroidRuntime( 6354): CheckJNI is ON
D/dalvikvm( 6354): Trying to load lib libjavacore.so 0x0
D/dalvikvm( 6354): Added shared lib libjavacore.so 0x0
D/dalvikvm( 6354): Trying to load lib libnativehelper.so 0x0
D/dalvikvm( 6354): Added shared lib libnativehelper.so 0x0
D/dalvikvm( 6354): No JNI_OnLoad found in libnativehelper.so 0x0, skipping init
D/dalvikvm( 6354): Note: class Landroid/app/ActivityManagerNative; has 179 unimplemented (abstract) methods
E/memtrack( 6354): Couldn't load memtrack module (No such file or directory)
E/android.os.Debug( 6354): failed to load memtrack module: -2
D/AndroidRuntime( 6354): Calling main entry com.android.commands.pm.Pm
I/ActivityManager( 1566): Force stopping it.unina.android.ripper_service appid=10058 user=-1: uninstall pkg
W/PackageManager( 1566): Couldn't delete native library directory /data/app-lib/it.unina.android.ripper_service
D/keystore( 1148): calling clear_uid in state: 3
D/dalvikvm( 2209): GC_EXPLICIT freed 263K, 14% free 3284K/3816K, paused 0ms+0ms, total 3ms
D/dalvikvm( 1720): GC_EXPLICIT freed 1669K, 10% free 25135K/27876K, paused 0ms+1ms, total 6ms
D/dalvikvm( 2461): GC_EXPLICIT freed 174K, 9% free 3304K/3612K, paused 0ms+0ms, total 2ms
I/ActivityManager( 1566): Force stopping it.unina.android.ripper_service appid=10058 user=0: pkg removed
I/GeofencerStateMachine( 1688): removeGeofences: removeRequest=RemoveGeofencingRequest[REMOVE_ALL packageName=it.unina.android.ripper_service]
W/Launcher.Model( 2461): Nobody to tell about the new app.  Launcher is probably loading.
D/Documents( 2537): Used cached roots for com.android.providers.downloads.documents
D/Documents( 2537): Used cached roots for com.android.externalstorage.documents
D/Documents( 2537): Used cached roots for com.android.providers.media.documents
D/Documents( 2537): Update found 6 roots in 1ms
I/Launcher( 1720): Deferring update until onResume
I/PackageManager( 1566):   Action: "android.intent.action.SENDTO"
I/PackageManager( 1566):   Category: "android.intent.category.DEFAULT"
I/PackageManager( 1566):   Scheme: "sms"
I/Launcher( 1720): Deferring update until onResume
I/PackageManager( 1566): Adding preferred activity ComponentInfo{com.android.mms/com.android.mms.ui.ComposeMessageActivity} for user 0 :
I/PackageManager( 1566):   Action: "android.intent.action.SENDTO"
I/PackageManager( 1566):   Category: "android.intent.category.DEFAULT"
I/PackageManager( 1566):   Scheme: "smsto"
I/InputReader( 1566): Reconfiguring input devices.  changes=0x00000010
D/dalvikvm( 1705): GC_FOR_ALLOC freed 374K, 15% free 3601K/4216K, paused 2ms, total 3ms
I/PackageManager( 1566): Adding preferred activity ComponentInfo{com.android.mms/com.android.mms.ui.ComposeMessageActivity} for user 0 :
I/PackageManager( 1566):   Action: "android.intent.action.SENDTO"
I/PackageManager( 1566):   Category: "android.intent.category.DEFAULT"
I/PackageManager( 1566):   Scheme: "mms"
D/VoicemailCleanupService( 1781): Cleaning up data for package: it.unina.android.ripper_service
I/PackageManager( 1566):   Action: "android.intent.action.SENDTO"
I/PackageManager( 1566):   Category: "android.intent.category.DEFAULT"
I/PackageManager( 1566):   Scheme: "mmsto"
I/PackageManager( 1566): Adding preferred activity ComponentInfo{com.android.mms/com.android.mms.ui.ComposeMessageActivity} for user 0 :
D/BackupManagerService( 1566): Received broadcast Intent { act=android.intent.action.PACKAGE_REMOVED dat=package:it.unina.android.ripper_service flg=0x4000010 (has extras) }
V/BackupManagerService( 1566): removePackageParticipantsLocked: uid=10058 #1
I/PackageManager( 1566): Adding preferred activity ComponentInfo{com.android.mms/com.android.mms.ui.ComposeMessageActivity} for user 0 :
I/PackageManager( 1566):   Action: "android.intent.action.SENDTO"
I/PackageManager( 1566):   Category: "android.intent.category.DEFAULT"
I/PackageManager( 1566):   Scheme: "sms"
I/PackageManager( 1566): Adding preferred activity ComponentInfo{com.android.mms/com.android.mms.ui.ComposeMessageActivity} for user 0 :
D/dalvikvm( 1705): GC_FOR_ALLOC freed 343K, 14% free 3625K/4216K, paused 1ms, total 2ms
I/PackageManager( 1566):   Action: "android.intent.action.SENDTO"
I/PackageManager( 1566):   Category: "android.intent.category.DEFAULT"
I/PackageManager( 1566):   Scheme: "smsto"
I/PackageManager( 1566): Adding preferred activity ComponentInfo{com.android.mms/com.android.mms.ui.ComposeMessageActivity} for user 0 :
D/dalvikvm( 1566): GC_EXPLICIT freed 1194K, 34% free 9235K/13836K, paused 1ms+6ms, total 50ms
I/Fitness ( 1688): FitCleanupIntentOperation received Intent android.intent.action.PACKAGE_REMOVED [CONTEXT service_id=17 ]
I/PackageManager( 1566):   Action: "android.intent.action.SENDTO"
I/PackageManager( 1566):   Category: "android.intent.category.DEFAULT"
I/PackageManager( 1566):   Scheme: "mms"
I/PackageManager( 1566): Adding preferred activity ComponentInfo{com.android.mms/com.android.mms.ui.ComposeMessageActivity} for user 0 :
I/Icing.InternalIcingCorporaProvider( 2209): Updating corpora: A: it.unina.android.ripper_service, C: MAYBE
I/PackageManager( 1566):   Action: "android.intent.action.SENDTO"
I/PackageManager( 1566):   Category: "android.intent.category.DEFAULT"
I/PackageManager( 1566):   Scheme: "mmsto"
D/AndroidRuntime( 6354): Shutting down VM
D/dalvikvm( 6354): GC_CONCURRENT freed 92K, 15% free 549K/644K, paused 0ms+0ms, total 0ms
I/PackageManager( 1566): Adding preferred activity ComponentInfo{com.android.mms/com.android.mms.ui.ComposeMessageActivity} for user 0 :
W/Launcher( 2461): setApplicationContext called twice! old=com.google.android.velvet.VelvetApplication@9d01c628 new=com.google.android.velvet.VelvetApplication@9d01c628
W/ContextImpl( 2593): Calling a method in the system process without a qualified user: android.app.ContextImpl.startService:1479 android.content.ContextWrapper.startService:494 android.content.ContextWrapper.startService:494 com.android.keychain.KeyChainBroadcastReceiver.onReceive:12 android.app.ActivityThread.handleReceiver:2419 
I/Icing   ( 1946): IndexChimeraService.getServiceInterface callingPackage=com.google.android.googlequicksearchbox componentName=null serviceId=21
I/Icing   ( 1946): doRemovePackageData it.unina.android.ripper_service
D/dalvikvm( 2537): GC_FOR_ALLOC freed 528K, 17% free 3078K/3692K, paused 1ms, total 1ms
W/Icing   ( 1946): No valid account for uploading user actions
I/Icing   ( 1946): Usage reports ok 0, Failed Usage reports 0, indexed 0, rejected 0
I/LatinIME:LogUtils( 1656): Dictionary info: dictionary = main:en ; version = 42 ; date = 1381226516
I/Icing   ( 1946): Indexing com.google.android.gms-apps from com.google.android.gms
I/Icing   ( 1946): Indexing done com.google.android.gms-apps
I/DownloadManager( 1673): Download 34 starting
I/Icing   ( 1946): Indexing com.google.android.googlequicksearchbox-applications from com.google.android.googlequicksearchbox
W/DownloadManager( 1673): Aborting request for download 34: TYPE_DISALLOWED_BY_REQUESTOR
I/DownloadManager( 1673): Download 34 finished with status WAITING_FOR_NETWORK
I/Icing   ( 1946): Indexing done com.google.android.googlequicksearchbox-applications
D/AndroidRuntime( 6384): 
D/AndroidRuntime( 6384): >>>>>> AndroidRuntime START com.android.internal.os.RuntimeInit <<<<<<
W/linker  ( 6384): libdvm.so has text relocations. This is wasting memory and is a security risk. Please fix.
D/AndroidRuntime( 6384): CheckJNI is ON
D/dalvikvm( 6384): Trying to load lib libjavacore.so 0x0
D/dalvikvm( 6384): Added shared lib libjavacore.so 0x0
D/dalvikvm( 6384): Trying to load lib libnativehelper.so 0x0
D/dalvikvm( 6384): Added shared lib libnativehelper.so 0x0
D/dalvikvm( 6384): No JNI_OnLoad found in libnativehelper.so 0x0, skipping init
D/dalvikvm( 6384): Note: class Landroid/app/ActivityManagerNative; has 179 unimplemented (abstract) methods
E/memtrack( 6384): Couldn't load memtrack module (No such file or directory)
E/android.os.Debug( 6384): failed to load memtrack module: -2
D/AndroidRuntime( 6384): Calling main entry com.android.commands.pm.Pm
W/ActivityManager( 1566): No content provider found for permission revoke: file:///data/local/tmp/AndroidRipperService.apk
W/ActivityManager( 1566): No content provider found for permission revoke: file:///data/local/tmp/AndroidRipperService.apk
I/PackageManager( 1566): Copying native libraries to /data/app-lib/vmdl-2010396635
I/PackageParser( 1566): it.unina.android.ripper_service: compat added android.permission.WRITE_EXTERNAL_STORAGE android.permission.READ_PHONE_STATE
I/PackageManager( 1566): Running dexopt on: it.unina.android.ripper_service
W/linker  ( 6395): libdvm.so has text relocations. This is wasting memory and is a security risk. Please fix.
D/dalvikvm( 6395): DexOpt: load 4ms, verify+opt 21ms, 1117628 bytes
I/ActivityManager( 1566): Force stopping it.unina.android.ripper_service appid=10079 user=-1: update pkg
I/Launcher( 1720): Deferring update until onResume
W/Launcher.Model( 2461): Nobody to tell about the new app.  Launcher is probably loading.
D/Documents( 2537): Used cached roots for com.android.providers.downloads.documents
D/Documents( 2537): Used cached roots for com.android.externalstorage.documents
D/Documents( 2537): Used cached roots for com.android.providers.media.documents
D/Documents( 2537): Update found 6 roots in 2ms
I/Launcher( 1720): Deferring update until onResume
I/InputReader( 1566): Reconfiguring input devices.  changes=0x00000010
I/PackageManager( 1566):   Action: "android.intent.action.SENDTO"
I/PackageManager( 1566):   Category: "android.intent.category.DEFAULT"
I/PackageManager( 1566):   Scheme: "sms"
I/PackageManager( 1566): Adding preferred activity ComponentInfo{com.android.mms/com.android.mms.ui.ComposeMessageActivity} for user 0 :
D/dalvikvm( 1946): GC_FOR_ALLOC freed 1970K, 19% free 11276K/13856K, paused 12ms, total 12ms
D/dalvikvm( 1705): GC_FOR_ALLOC freed 438K, 16% free 3562K/4216K, paused 1ms, total 3ms
D/BackupManagerService( 1566): Received broadcast Intent { act=android.intent.action.PACKAGE_ADDED dat=package:it.unina.android.ripper_service flg=0x4000010 (has extras) }
V/BackupManagerService( 1566): addPackageParticipantsLocked: #1
I/PackageManager( 1566):   Action: "android.intent.action.SENDTO"
I/PackageManager( 1566):   Category: "android.intent.category.DEFAULT"
I/PackageManager( 1566):   Scheme: "smsto"
I/PackageManager( 1566): Adding preferred activity ComponentInfo{com.android.mms/com.android.mms.ui.ComposeMessageActivity} for user 0 :
D/dalvikvm( 1566): GC_EXPLICIT freed 1615K, 34% free 9184K/13836K, paused 15ms+1ms, total 28ms
D/dalvikvm( 1566): WAIT_FOR_CONCURRENT_GC blocked 8ms
D/dalvikvm( 1566): WAIT_FOR_CONCURRENT_GC blocked 9ms
D/AndroidRuntime( 6384): Shutting down VM
D/dalvikvm( 6384): GC_CONCURRENT freed 93K, 15% free 552K/648K, paused 0ms+0ms, total 0ms
I/PackageManager( 1566):   Action: "android.intent.action.SENDTO"
I/PackageManager( 1566):   Category: "android.intent.category.DEFAULT"
I/PackageManager( 1566):   Scheme: "mms"
I/PackageManager( 1566): Adding preferred activity ComponentInfo{com.android.mms/com.android.mms.ui.ComposeMessageActivity} for user 0 :
W/GCM     ( 1688): Unexpected forwarded intent: Intent { act=android.intent.action.PACKAGE_ADDED dat=package:it.unina.android.ripper_service flg=0x4000010 cmp=com.google.android.gms/.chimera.PersistentIntentOperationService (has extras) }
W/GCM     ( 1688): Unexpected forwarded intent: Intent { act=android.intent.action.PACKAGE_ADDED dat=package:it.unina.android.ripper_service flg=0x4000010 cmp=com.google.android.gms/.chimera.PersistentIntentOperationService (has extras) }
I/Auth    ( 1946): [SupervisedAccountIntentOperation] onHandleIntent(): android.intent.action.PACKAGE_ADDED
I/ChromeSync( 1946): [Sync,SyncIntentOperation] Handling the intent: Intent { act=android.intent.action.PACKAGE_ADDED dat=package:it.unina.android.ripper_service flg=0x4000010 cmp=com.google.android.gms/.chimera.GmsIntentOperationService (has extras) }.
I/FontLog ( 1946): Package it.unina.android.ripper_service has no metadata [CONTEXT service_id=132 ]
W/ActivityManager( 1566): Unable to start service Intent { act=com.google.android.gms.auth.key.retrieval.service.START pkg=com.google.android.gms } U=0: not found
E/GmsClient( 1946): unable to connect to service: com.google.android.gms.auth.key.retrieval.service.START on com.google.android.gms
I/Icing.InternalIcingCorporaProvider( 2209): Updating corpora: A: it.unina.android.ripper_service, C: MAYBE
I/ChromeSync( 1946): [Persistence,AffiliationManager] One of affiliation or grouping data for android://KSmUCdTXmQS-j9D_O8l1jvyu41Pjn2mc5cb0Gvx1e9H1Aj4JCzHs_uTW26nbtH65K-YfijtBsQxGp-8R6k6HFg==@it.unina.android.ripper_service/ was not found. Marking affiliation data as stale...
I/PackageManager( 1566):   Action: "android.intent.action.SENDTO"
I/PackageManager( 1566):   Category: "android.intent.category.DEFAULT"
I/PackageManager( 1566):   Scheme: "mmsto"
W/ActivityManager( 1566): Unbind failed: could not find connection for android.os.BinderProxy@9d21bb58
I/PackageManager( 1566): Adding preferred activity ComponentInfo{com.android.mms/com.android.mms.ui.ComposeMessageActivity} for user 0 :
I/PackageManager( 1566):   Action: "android.intent.action.SENDTO"
I/PackageManager( 1566):   Category: "android.intent.category.DEFAULT"
I/PackageManager( 1566):   Scheme: "sms"
I/Icing   ( 1946): IndexChimeraService.getServiceInterface callingPackage=com.google.android.googlequicksearchbox componentName=null serviceId=21
I/PackageManager( 1566): Adding preferred activity ComponentInfo{com.android.mms/com.android.mms.ui.ComposeMessageActivity} for user 0 :
D/dalvikvm( 1705): GC_FOR_ALLOC freed 371K, 14% free 3626K/4216K, paused 2ms, total 2ms
I/PackageManager( 1566):   Action: "android.intent.action.SENDTO"
I/PackageManager( 1566):   Category: "android.intent.category.DEFAULT"
I/PackageManager( 1566):   Scheme: "smsto"
I/PackageManager( 1566): Adding preferred activity ComponentInfo{com.android.mms/com.android.mms.ui.ComposeMessageActivity} for user 0 :
I/PackageManager( 1566):   Action: "android.intent.action.SENDTO"
I/PackageManager( 1566):   Category: "android.intent.category.DEFAULT"
I/PackageManager( 1566):   Scheme: "mms"
W/Icing   ( 1946): No valid account for uploading user actions
I/Icing   ( 1946): Usage reports ok 0, Failed Usage reports 0, indexed 0, rejected 0
I/PackageManager( 1566):   Action: "android.intent.action.SENDTO"
I/PackageManager( 1566):   Category: "android.intent.category.DEFAULT"
I/PackageManager( 1566):   Scheme: "mmsto"
I/Icing   ( 1946): Indexing com.google.android.gms-internal.3p:MobileApplication from com.google.android.gms using seqno 76
I/PackageManager( 1566): Adding preferred activity ComponentInfo{com.android.mms/com.android.mms.ui.ComposeMessageActivity} for user 0 :
I/PackageManager( 1566): Adding preferred activity ComponentInfo{com.android.mms/com.android.mms.ui.ComposeMessageActivity} for user 0 :
D/dalvikvm( 1705): GC_FOR_ALLOC freed 333K, 14% free 3626K/4216K, paused 1ms, total 2ms
I/Icing   ( 1946): Indexing com.google.android.gms-apps from com.google.android.gms
I/Icing   ( 1946): Indexing done com.google.android.gms-apps
I/Icing   ( 1946): Indexing com.google.android.googlequicksearchbox-applications from com.google.android.googlequicksearchbox
I/Icing   ( 1946): Indexing done com.google.android.googlequicksearchbox-applications
D/AndroidRuntime( 6405): 
D/AndroidRuntime( 6405): >>>>>> AndroidRuntime START com.android.internal.os.RuntimeInit <<<<<<
W/linker  ( 6405): libdvm.so has text relocations. This is wasting memory and is a security risk. Please fix.
D/AndroidRuntime( 6405): CheckJNI is ON
D/dalvikvm( 6405): Trying to load lib libjavacore.so 0x0
D/dalvikvm( 6405): Added shared lib libjavacore.so 0x0
D/dalvikvm( 6405): Trying to load lib libnativehelper.so 0x0
D/dalvikvm( 6405): Added shared lib libnativehelper.so 0x0
D/dalvikvm( 6405): No JNI_OnLoad found in libnativehelper.so 0x0, skipping init
D/dalvikvm( 6405): Note: class Landroid/app/ActivityManagerNative; has 179 unimplemented (abstract) methods
E/memtrack( 6405): Couldn't load memtrack module (No such file or directory)
E/android.os.Debug( 6405): failed to load memtrack module: -2
D/AndroidRuntime( 6405): Calling main entry com.android.commands.pm.Pm
D/AndroidRuntime( 6405): Shutting down VM
D/dalvikvm( 6405): GC_CONCURRENT freed 92K, 15% free 547K/644K, paused 0ms+0ms, total 0ms
D/AndroidRuntime( 6416): 
D/AndroidRuntime( 6416): >>>>>> AndroidRuntime START com.android.internal.os.RuntimeInit <<<<<<
W/linker  ( 6416): libdvm.so has text relocations. This is wasting memory and is a security risk. Please fix.
D/AndroidRuntime( 6416): CheckJNI is ON
D/dalvikvm( 6416): Trying to load lib libjavacore.so 0x0
D/dalvikvm( 6416): Added shared lib libjavacore.so 0x0
D/dalvikvm( 6416): Trying to load lib libnativehelper.so 0x0
D/dalvikvm( 6416): Added shared lib libnativehelper.so 0x0
