I/dalvikvm( 2087): Could not find method android.os.UserHandle.isOwner, referenced from method ambv.a
I/AndroidRuntime( 2624): NOTE: attach of thread 'Binder_1' failed
W/dalvikvm( 2087): VFY: unable to resolve virtual method 29745: Landroid/os/UserHandle;.isOwner ()Z
D/dalvikvm( 2087): VFY: replacing opcode 0x6e at 0x000a
D/dalvikvm( 2598): GC_FOR_ALLOC freed 157K, 9% free 4667K/5084K, paused 2ms, total 2ms
E/dalvikvm( 2598): Could not find class 'javax.net.ssl.SNIServerName', referenced from method com.google.android.gms.org.conscrypt.Platform.getSniHostnameFromParams
W/dalvikvm( 2598): VFY: unable to resolve check-cast 5160 (Ljavax/net/ssl/SNIServerName;) in Lcom/google/android/gms/org/conscrypt/Platform;
D/dalvikvm( 2598): VFY: replacing opcode 0x1f at 0x0025
E/dalvikvm( 2598): Could not find class 'javax.net.ssl.SNIHostName', referenced from method com.google.android.gms.org.conscrypt.Platform.setParametersSniHostname
W/dalvikvm( 2598): VFY: unable to resolve new-instance 5159 (Ljavax/net/ssl/SNIHostName;) in Lcom/google/android/gms/org/conscrypt/Platform;
D/dalvikvm( 2598): VFY: replacing opcode 0x22 at 0x0024
E/dalvikvm( 2598): Could not find class 'javax.net.ssl.SNIHostName', referenced from method com.google.android.gms.org.conscrypt.Platform.setParametersSniHostname
W/dalvikvm( 2598): VFY: unable to resolve new-instance 5159 (Ljavax/net/ssl/SNIHostName;) in Lcom/google/android/gms/org/conscrypt/Platform;
D/dalvikvm( 2598): VFY: replacing opcode 0x22 at 0x0024
D/dalvikvm( 2598): DexOpt: unable to opt direct call 0x52f9 at 0x2a in Lcom/google/android/gms/org/conscrypt/Platform;.setParametersSniHostname
D/dalvikvm( 2598): DexOpt: unable to opt direct call 0x52f9 at 0x2a in Lcom/google/android/gms/org/conscrypt/Platform;.setParametersSniHostname
D/dalvikvm( 2598): GC_FOR_ALLOC freed 303K, 11% free 4860K/5412K, paused 2ms, total 2ms
D/dalvikvm( 2087): GC_FOR_ALLOC freed 1800K, 17% free 10176K/12244K, paused 27ms, total 27ms
I/ProviderInstaller( 2598): Installed default security provider GmsCore_OpenSSL
I/dalvikvm( 2087): Could not find method android.os.UserManager.isManagedProfile, referenced from method lbq.a
W/dalvikvm( 2087): VFY: unable to resolve virtual method 4277: Landroid/os/UserManager;.isManagedProfile ()Z
D/dalvikvm( 2087): VFY: replacing opcode 0x6e at 0x007c
I/Icing   ( 2087): MaintenanceDriver: Registering all GCM Tasks.
D/dalvikvm( 1779): GC_EXPLICIT freed 1446K, 18% free 8647K/10468K, paused 7ms+1ms, total 33ms
I/Safeboot( 2598): Checking safeboot...
I/Safeboot( 2598): Not entering safeboot; wrong process.
E/dalvikvm( 2598): Could not find class 'com.google.common.flogger.backend.google.GooglePlatform', referenced from method beui.a
W/dalvikvm( 2598): VFY: unable to resolve const-class 4605 (Lcom/google/common/flogger/backend/google/GooglePlatform;) in Lbeui;
D/dalvikvm( 2598): VFY: replacing opcode 0x1c at 0x001b
I/GCoreUlr( 1779): WorldUpdater received intent Intent { act=com.google.android.location.reporting.ACTION_UPDATE_WORLD cmp=com.google.android.gms/com.google.android.location.reporting.service.DispatchingService (has extras) } with receiverAction init
I/Icing   ( 2087): Indexing com.google.android.googlequicksearchbox-applications from com.google.android.googlequicksearchbox
D/dalvikvm( 2598): DexOpt: couldn't find field Landroid/content/pm/ApplicationInfo;.splitSourceDirs
W/dalvikvm( 2598): VFY: unable to resolve instance field 1475
D/dalvikvm( 2598): VFY: replacing opcode 0x54 at 0x0055
D/dalvikvm( 2598): DexOpt: couldn't find static field Landroid/os/Build;.SUPPORTED_ABIS
W/dalvikvm( 2598): VFY: unable to resolve static field 1540 (SUPPORTED_ABIS) in Landroid/os/Build;
D/dalvikvm( 2598): VFY: replacing opcode 0x62 at 0x00d1
E/dalvikvm( 2087): Could not find class 'android.telephony.SubscriptionManager', referenced from method lbk.a
W/dalvikvm( 2087): VFY: unable to resolve check-cast 1109 (Landroid/telephony/SubscriptionManager;) in Llbk;
D/dalvikvm( 2087): VFY: replacing opcode 0x1f at 0x0236
I/dalvikvm( 2087): Could not find method java.util.Locale.toLanguageTag, referenced from method lbk.a
I/dalvikvm( 1779): Could not find method android.os.PowerManager.isInteractive, referenced from method ayde.a
W/dalvikvm( 1779): VFY: unable to resolve virtual method 1678: Landroid/os/PowerManager;.isInteractive ()Z
D/dalvikvm( 1779): VFY: replacing opcode 0x6e at 0x003d
W/dalvikvm( 2087): VFY: unable to resolve virtual method 43769: Ljava/util/Locale;.toLanguageTag ()Ljava/lang/String;
D/dalvikvm( 2087): VFY: replacing opcode 0x6e at 0x0025
W/dalvikvm( 2087): VFY: unable to find class referenced in signature (Landroid/telephony/SubscriptionManager;)
I/dalvikvm( 2087): Could not find method android.telephony.SubscriptionManager.getActiveSubscriptionInfoList, referenced from method lbk.a
W/dalvikvm( 2087): VFY: unable to resolve virtual method 5833: Landroid/telephony/SubscriptionManager;.getActiveSubscriptionInfoList ()Ljava/util/List;
D/dalvikvm( 2087): VFY: replacing opcode 0x74 at 0x0004
I/CheckinRequestBuilder( 2087): Checkin reason type: 5 attempt count: 1 [CONTEXT service_id=130 ]
D/dalvikvm( 2598): GC_FOR_ALLOC freed 346K, 10% free 5117K/5672K, paused 13ms, total 14ms
I/auxu    ( 2598): Primes not initialized, returning default (no-op) Primes instance which will ignore all calls. Please call Primes.initialize(...) before using any Primes API.
I/dalvikvm( 2598): Could not find method com.google.android.chimera.ContextThemeWrapper.createAttributionContext, referenced from method mnu.createAttributionContext
W/dalvikvm( 2598): VFY: unable to resolve virtual method 13785: Lcom/google/android/chimera/ContextThemeWrapper;.createAttributionContext (Ljava/lang/String;)Landroid/content/Context;
D/dalvikvm( 2598): VFY: replacing opcode 0x6f at 0x0002
I/dalvikvm( 2598): Could not find method android.content.ContextWrapper.createCredentialProtectedStorageContext, referenced from method mnu.createCredentialProtectedStorageContext
W/dalvikvm( 2598): VFY: unable to resolve virtual method 2508: Landroid/content/ContextWrapper;.createCredentialProtectedStorageContext ()Landroid/content/Context;
D/dalvikvm( 2598): VFY: replacing opcode 0x6f at 0x0002
I/dalvikvm( 2598): Could not find method android.content.ContextWrapper.createDeviceProtectedStorageContext, referenced from method mnu.createDeviceProtectedStorageContext
W/dalvikvm( 2598): VFY: unable to resolve virtual method 2509: Landroid/content/ContextWrapper;.createDeviceProtectedStorageContext ()Landroid/content/Context;
D/dalvikvm( 2598): VFY: replacing opcode 0x6f at 0x0002
D/dalvikvm( 2087): DexOpt: --- END 'AdsDynamite.apk' (success) ---
D/dalvikvm( 2087): DEX prep '/data/data/com.google.android.gms/app_chimera/m/00000000/AdsDynamite.apk': unzip in 102ms, rewrite 1569ms
I/dalvikvm( 2598): Could not find method android.content.Context.bindService, referenced from method uws.bindService
W/dalvikvm( 2598): VFY: unable to resolve virtual method 2453: Landroid/content/Context;.bindService (Landroid/content/Intent;ILjava/util/concurrent/Executor;Landroid/content/ServiceConnection;)Z
D/dalvikvm( 2598): VFY: replacing opcode 0x6e at 0x0018
I/dalvikvm( 2598): Could not find method android.content.Context.bindService, referenced from method uws.bindService
W/dalvikvm( 2598): VFY: unable to resolve virtual method 2453: Landroid/content/Context;.bindService (Landroid/content/Intent;ILjava/util/concurrent/Executor;Landroid/content/ServiceConnection;)Z
D/dalvikvm( 2598): VFY: replacing opcode 0x6e at 0x0030
I/dalvikvm( 2598): Could not find method android.content.Context.startForegroundService, referenced from method uws.startForegroundService
W/dalvikvm( 2598): VFY: unable to resolve virtual method 2501: Landroid/content/Context;.startForegroundService (Landroid/content/Intent;)Landroid/content/ComponentName;
D/dalvikvm( 2598): VFY: replacing opcode 0x6e at 0x001c
I/dalvikvm( 2598): Could not find method android.content.Context.startForegroundService, referenced from method uws.startForegroundService
W/dalvikvm( 2598): VFY: unable to resolve virtual method 2501: Landroid/content/Context;.startForegroundService (Landroid/content/Intent;)Landroid/content/ComponentName;
D/dalvikvm( 2598): VFY: replacing opcode 0x6e at 0x0028
D/dalvikvm( 2598): GC_FOR_ALLOC freed 322K, 10% free 5450K/6016K, paused 7ms, total 7ms
D/dalvikvm( 1795): GC_EXPLICIT freed 138K, 23% free 5965K/7720K, paused 0ms+1ms, total 13ms
I/dalvikvm( 2598): Could not find method android.os.PowerManager.isPowerSaveMode, referenced from method uwl.a
W/dalvikvm( 2598): VFY: unable to resolve virtual method 3047: Landroid/os/PowerManager;.isPowerSaveMode ()Z
D/dalvikvm( 2598): VFY: replacing opcode 0x6e at 0x0010
W/ProviderHelper( 2087): Unknown dynamite feature providerinstaller
E/dalvikvm( 2598): Could not find class 'android.net.Network', referenced from method quq.a
W/dalvikvm( 2598): VFY: unable to resolve check-cast 1424 (Landroid/net/Network;) in Lquq;
D/dalvikvm( 2598): VFY: replacing opcode 0x1f at 0x0066
I/dalvikvm( 2598): Could not find method android.content.ServiceConnection.onNullBinding, referenced from method uxb.onNullBinding
I/dalvikvm( 2598): Could not find method android.net.Network.openConnection, referenced from method qsu.a
W/dalvikvm( 2598): VFY: unable to resolve virtual method 5072: Landroid/net/Network;.openConnection (Ljava/net/URL;)Ljava/net/URLConnection;
D/dalvikvm( 2598): VFY: replacing opcode 0x6e at 0x000f
I/DynamiteModule( 2087): Considering local module providerinstaller:0 and remote module providerinstaller:0
W/dalvikvm( 2598): VFY: unable to resolve interface method 2566: Landroid/content/ServiceConnection;.onNullBinding (Landroid/content/ComponentName;)V
D/dalvikvm( 2598): VFY: replacing opcode 0x72 at 0x000f
I/DynamiteModule( 2087): Considering local module providerinstaller:0 and remote module providerinstaller:0
V/SmartDevice( 2087): [service,SmartDeviceIntentHandlers] OnUpgradeOrBootOperation got intent: Intent { act=com.google.android.chimera.IntentOperation.NEW_MODULE (has extras) } with flag 12
D/dalvikvm( 2598): GC_FOR_ALLOC freed 350K, 10% free 5849K/6460K, paused 8ms, total 8ms
W/Conscrypt( 2087): Could not set socket write timeout: java.net.SocketException: Socket closed
D/AndroidRuntime( 2677): 
D/AndroidRuntime( 2677): >>>>>> AndroidRuntime START com.android.internal.os.RuntimeInit <<<<<<
W/linker  ( 2677): libdvm.so has text relocations. This is wasting memory and is a security risk. Please fix.
D/AndroidRuntime( 2677): CheckJNI is ON
I/ChimeraCfgMgr( 2087): Received com.google.android.chimera.IntentOperation.NEW_MODULE(1/0): 1,true
D/dalvikvm( 2677): Trying to load lib libjavacore.so 0x0
D/dalvikvm( 2677): Added shared lib libjavacore.so 0x0
D/dalvikvm( 2677): Trying to load lib libnativehelper.so 0x0
D/dalvikvm( 2677): Added shared lib libnativehelper.so 0x0
D/dalvikvm( 2677): No JNI_OnLoad found in libnativehelper.so 0x0, skipping init
W/DynamiteModule( 2087): Local module descriptor class for providerinstaller not found.
W/Conscrypt( 2087): 	at com.google.android.gms.org.conscrypt.Platform.setSocketWriteTimeout(:com.google.android.gms@202414005@20.24.14 (000700-319035315):2)
W/Conscrypt( 2087): 	at com.google.android.gms.org.conscrypt.ConscryptFileDescriptorSocket.setSoWriteTimeout(:com.google.android.gms@202414005@20.24.14 (000700-319035315):0)
W/ProviderHelper( 2087): Unknown dynamite feature providerinstaller
I/DynamiteModule( 2087): Considering local module providerinstaller:0 and remote module providerinstaller:0
W/ProviderInstaller( 2087): Failed to load providerinstaller module: No acceptable module found. Local version is 0 and remote version is 0.
D/dalvikvm( 2677): Note: class Landroid/app/ActivityManagerNative; has 179 unimplemented (abstract) methods
I/dalvikvm( 2598): Could not find method android.os.UserManager.isManagedProfile, referenced from method nmn.g
W/dalvikvm( 2598): VFY: unable to resolve virtual method 4277: Landroid/os/UserManager;.isManagedProfile ()Z
D/dalvikvm( 2598): VFY: replacing opcode 0x6e at 0x0012
I/dalvikvm( 2598): Could not find method android.app.admin.DevicePolicyManager.getAccountTypesWithManagementDisabled, referenced from method nmn.i
W/dalvikvm( 2598): VFY: unable to resolve virtual method 2586: Landroid/app/admin/DevicePolicyManager;.getAccountTypesWithManagementDisabled ()[Ljava/lang/String;
D/dalvikvm( 2598): VFY: replacing opcode 0x6e at 0x002b
I/dalvikvm( 2598): Could not find method android.accounts.AccountManager.removeAccount, referenced from method ymq.c
W/dalvikvm( 2598): VFY: unable to resolve virtual method 4165: Landroid/accounts/AccountManager;.removeAccount (Landroid/accounts/Account;Landroid/app/Activity;Landroid/accounts/AccountManagerCallback;Landroid/os/Handler;)Landroid/accounts/AccountManagerFuture;
D/dalvikvm( 2598): VFY: replacing opcode 0x6e at 0x0009
I/dalvikvm( 2598): Could not find method android.accounts.AccountManager.removeAccountExplicitly, referenced from method ymq.d
W/dalvikvm( 2598): VFY: unable to resolve virtual method 4166: Landroid/accounts/AccountManager;.removeAccountExplicitly (Landroid/accounts/Account;)Z
D/dalvikvm( 2598): VFY: replacing opcode 0x6e at 0x0008
I/dalvikvm( 2598): Could not find method android.os.PowerManager.isInteractive, referenced from method nol.a
W/dalvikvm( 2598): VFY: unable to resolve virtual method 4227: Landroid/os/PowerManager;.isInteractive ()Z
D/dalvikvm( 2598): VFY: replacing opcode 0x6e at 0x0006
D/dalvikvm( 2598): GC_FOR_ALLOC freed 271K, 8% free 6440K/6992K, paused 5ms, total 5ms
E/memtrack( 2677): Couldn't load memtrack module (No such file or directory)
E/android.os.Debug( 2677): failed to load memtrack module: -2
I/dalvikvm( 2598): Could not find method android.system.Os.stat, referenced from method nop.a
W/dalvikvm( 2598): VFY: unable to resolve static method 3146: Landroid/system/Os;.stat (Ljava/lang/String;)Landroid/system/StructStat;
D/dalvikvm( 2598): VFY: replacing opcode 0x71 at 0x0182
I/GCoreUlr( 1779): WorldUpdater:init: Ensuring that reporting is stopped because of reasons: (no Google accounts)
D/AndroidRuntime( 2677): Calling main entry com.android.commands.pm.Pm
I/GCoreUlr( 1779): Unbound from all signal providers.
D/AndroidRuntime( 2677): Shutting down VM
D/jdwp    ( 2677): Got wake-up signal, bailing out of select
D/dalvikvm( 2677): Debugger has detached; object registry had 1 entries
I/AndroidRuntime( 2677): NOTE: attach of thread 'Binder_1' failed
D/dalvikvm( 2087): GC_FOR_ALLOC freed 1475K, 18% free 10132K/12244K, paused 81ms, total 82ms
I/dalvikvm-heap( 2087): Grow heap (frag case) to 11.137MB for 1048588-byte allocation
I/GCoreUlr( 1779): Unbound from all signal providers.
I/GCoreUlr( 1779): Stopping handler for UlrDispSvcFast
D/dalvikvm( 2087): GC_FOR_ALLOC freed 14K, 17% free 11142K/13272K, paused 12ms, total 12ms
E/WakeLock( 2087): DG:service ** IS FORCE-RELEASED ON TIMEOUT **
D/dalvikvm( 2087): GC_FOR_ALLOC freed 1151K, 24% free 10102K/13272K, paused 8ms, total 8ms
I/Icing   ( 2087): Indexing done com.google.android.googlequicksearchbox-applications
W/Conscrypt( 2087): Could not set socket write timeout: java.net.SocketException: Socket closed
W/Conscrypt( 2087): 	at com.google.android.gms.org.conscrypt.Platform.setSocketWriteTimeout(:com.google.android.gms@202414005@20.24.14 (000700-319035315):2)
W/Conscrypt( 2087): 	at com.google.android.gms.org.conscrypt.ConscryptFileDescriptorSocket.setSoWriteTimeout(:com.google.android.gms@202414005@20.24.14 (000700-319035315):0)
I/Icing   ( 2087): Indexing done com.google.android.gms-internal.3p:MobileApplication
I/Icing   ( 2087): Indexing com.google.android.googlequicksearchbox-contacts from com.google.android.googlequicksearchbox
D/ConnectivityService( 1568): handleInetConditionHoldEnd: net=0, condition=0, published condition=0
E/dalvikvm( 2598): Could not find class 'android.net.Network', referenced from method quf.a
W/dalvikvm( 2598): VFY: unable to resolve check-cast 1424 (Landroid/net/Network;) in Lquf;
D/dalvikvm( 2598): VFY: replacing opcode 0x1f at 0x0075
I/Icing   ( 2087): Indexing done com.google.android.googlequicksearchbox-contacts
I/Icing   ( 2087): Indexing com.google.android.gms-apps from com.google.android.gms
D/dalvikvm( 2598): GC_FOR_ALLOC freed 670K, 12% free 6852K/7780K, paused 8ms, total 8ms
I/Icing   ( 2087): Indexing done com.google.android.gms-apps
D/dalvikvm( 2087): GC_FOR_ALLOC freed 1814K, 23% free 10336K/13272K, paused 18ms, total 19ms
I/Icing   ( 2087): IndexChimeraService.getServiceInterface callingPackage=com.google.android.googlequicksearchbox componentName=null serviceId=21
W/Icing.InternalIcingCorporaProvider( 2191): Application table change notification failed.
D/dalvikvm( 2191): GC_FOR_ALLOC freed 472K, 17% free 3409K/4068K, paused 2ms, total 2ms
W/Icing   ( 2087): No valid account for uploading user actions
I/Icing   ( 2087): Usage reports ok 0, Failed Usage reports 0, indexed 0, rejected 0
D/AndroidRuntime( 2692): 
D/AndroidRuntime( 2692): >>>>>> AndroidRuntime START com.android.internal.os.RuntimeInit <<<<<<
W/linker  ( 2692): libdvm.so has text relocations. This is wasting memory and is a security risk. Please fix.
I/Icing   ( 2087): IndexChimeraService.getServiceInterface callingPackage=com.google.android.googlequicksearchbox componentName=null serviceId=21
D/AndroidRuntime( 2692): CheckJNI is ON
W/Icing.InternalIcingCorporaProvider( 2191): Contacts table change notification failed.
D/dalvikvm( 2692): Trying to load lib libjavacore.so 0x0
W/Icing   ( 2087): No valid account for uploading user actions
D/dalvikvm( 2692): Added shared lib libjavacore.so 0x0
I/ActivityManager( 1568): Resuming delayed broadcast
D/dalvikvm( 2692): Trying to load lib libnativehelper.so 0x0
D/dalvikvm( 2692): Added shared lib libnativehelper.so 0x0
D/dalvikvm( 2692): No JNI_OnLoad found in libnativehelper.so 0x0, skipping init
I/Icing   ( 2087): Usage reports ok 0, Failed Usage reports 0, indexed 0, rejected 0
D/AlertReceiver( 2340): onReceive: a=android.intent.action.BOOT_COMPLETED Intent { act=android.intent.action.BOOT_COMPLETED flg=0x8000010 cmp=com.google.android.calendar/com.android.calendar.alerts.AlertReceiver (has extras) }
D/dalvikvm( 2692): Note: class Landroid/app/ActivityManagerNative; has 179 unimplemented (abstract) methods
I/ActivityManager( 1568): Delay finish: com.google.android.calendar/com.android.calendar.alerts.AlertReceiver
D/AlertUtils( 2340): Flushing old alerts from shared prefs table
D/AlertService( 2340): 0 Action = android.intent.action.BOOT_COMPLETED
D/AlertService( 2340): Scheduling next alarm with AlarmScheduler. sEventReminderReceived: null
D/dalvikvm( 2087): GC_EXPLICIT freed 97K, 22% free 10445K/13272K, paused 9ms+6ms, total 55ms
D/dalvikvm( 2087): DexOpt: --- BEGIN 'CronetDynamite.apk' (bootstrap=0) ---
D/AlarmScheduler( 2340): No events found starting within 1 week.
E/memtrack( 2692): Couldn't load memtrack module (No such file or directory)
E/android.os.Debug( 2692): failed to load memtrack module: -2
W/linker  ( 2708): libdvm.so has text relocations. This is wasting memory and is a security risk. Please fix.
D/dalvikvm( 2598): GC_FOR_ALLOC freed 2170K, 32% free 5697K/8320K, paused 4ms, total 4ms
D/AndroidRuntime( 2692): Calling main entry com.android.commands.pm.Pm
D/AndroidRuntime( 2692): Shutting down VM
D/jdwp    ( 2692): Got wake-up signal, bailing out of select
D/dalvikvm( 2692): Debugger has detached; object registry had 1 entries
D/dalvikvm( 2598): GC_FOR_ALLOC freed 259K, 30% free 5856K/8320K, paused 4ms, total 4ms
I/dalvikvm-heap( 2598): Grow heap (frag case) to 6.352MB for 475700-byte allocation
D/dalvikvm( 2598): GC_FOR_ALLOC freed <1K, 29% free 6321K/8788K, paused 6ms, total 6ms
D/dalvikvm( 2708): DexOpt: couldn't find static field Landroid/os/Build;.SUPPORTED_ABIS
D/dalvikvm( 2598): GC_FOR_ALLOC freed <1K, 29% free 6320K/8788K, paused 5ms, total 5ms
I/dalvikvm-heap( 2598): Grow heap (frag case) to 6.805MB for 475700-byte allocation
D/dalvikvm( 2598): GC_FOR_ALLOC freed 0K, 27% free 6785K/9256K, paused 7ms, total 7ms
D/dalvikvm( 2598): GC_FOR_ALLOC freed 941K, 37% free 5895K/9256K, paused 6ms, total 6ms
D/dalvikvm( 2708): DexOpt: load 7ms, verify+opt 39ms, 472172 bytes
D/dalvikvm( 2598): GC_FOR_ALLOC freed 166K, 31% free 6416K/9256K, paused 4ms, total 4ms
I/dalvikvm-heap( 2598): Grow heap (frag case) to 6.899MB for 475700-byte allocation
D/dalvikvm( 2598): GC_FOR_ALLOC freed <1K, 30% free 6881K/9724K, paused 4ms, total 4ms
D/dalvikvm( 2598): GC_FOR_ALLOC freed 3K, 29% free 6929K/9724K, paused 6ms, total 6ms
D/dalvikvm( 2087): DexOpt: --- END 'CronetDynamite.apk' (success) ---
D/dalvikvm( 2087): DEX prep '/data/data/com.google.android.gms/app_chimera/m/00000001/CronetDynamite.apk': unzip in 1ms, rewrite 125ms
I/dalvikvm-heap( 2598): Grow heap (frag case) to 7.353MB for 426603-byte allocation
D/dalvikvm( 2598): GC_FOR_ALLOC freed <1K, 28% free 7346K/10144K, paused 5ms, total 5ms
W/DynamiteModule( 2087): Local module descriptor class for providerinstaller not found.
I/DynamiteModule( 2087): Considering local module providerinstaller:0 and remote module providerinstaller:0
W/ProviderInstaller( 2087): Failed to load providerinstaller module: No acceptable module found. Local version is 0 and remote version is 0.
D/dalvikvm( 2598): GC_FOR_ALLOC freed 1841K, 45% free 5613K/10144K, paused 4ms, total 4ms
D/dalvikvm( 2598): DexOpt: --- BEGIN 'the.apk' (bootstrap=0) ---
W/linker  ( 2711): libdvm.so has text relocations. This is wasting memory and is a security risk. Please fix.
D/dalvikvm( 2598): GC_FOR_ALLOC freed 765K, 44% free 5717K/10144K, paused 4ms, total 6ms
D/dalvikvm( 2598): GC_FOR_ALLOC freed 234K, 38% free 6334K/10144K, paused 4ms, total 6ms
D/dalvikvm( 2711): DexOpt: load 1ms, verify+opt 2ms, 207932 bytes
D/dalvikvm( 2598): GC_FOR_ALLOC freed 939K, 38% free 6324K/10144K, paused 4ms, total 4ms
D/dalvikvm( 2598): DexOpt: --- END 'the.apk' (success) ---
D/dalvikvm( 2598): DEX prep '/data/data/com.google.android.gms/app_dg_cache/0BF2C608180009C015A9E5E9AF849125E742EA2A/the.apk': unzip in 0ms, rewrite 27ms
D/dalvikvm( 2598): GC_FOR_ALLOC freed 1507K, 42% free 5931K/10144K, paused 4ms, total 5ms
D/dalvikvm( 2087): GC_EXPLICIT freed 489K, 18% free 10984K/13272K, paused 17ms+7ms, total 45ms
I/Icing   ( 2087): IndexChimeraService.getServiceInterface callingPackage=com.google.android.googlequicksearchbox componentName=null serviceId=21
D/dalvikvm( 2087): DexOpt: --- BEGIN 'DynamiteLoader.apk' (bootstrap=0) ---
D/dalvikvm( 2598): Trying to load lib /data/data/com.google.android.gms/app_dg_cache/0BF2C608180009C015A9E5E9AF849125E742EA2A/libdCD96A5AB8310.so 0x9d1beeb0
D/dalvikvm( 2598): Added shared lib /data/data/com.google.android.gms/app_dg_cache/0BF2C608180009C015A9E5E9AF849125E742EA2A/libdCD96A5AB8310.so 0x9d1beeb0
W/Icing   ( 2087): No valid account for uploading user actions
I/Icing   ( 2087): Usage reports ok 0, Failed Usage reports 0, indexed 0, rejected 0
D/        ( 2598): HostConnection::get() New Host Connection established 0xb8738ff0, tid 2610
D/EGL_emulation( 2598): eglCreateContext: 0xb8738c50: maj 3 min 0 rcv 3
D/EGL_emulation( 2598): eglMakeCurrent: 0xb8738c50: ver 3 0
E/eglCodecCommon( 2598): glUtilsParamSize: unknow param 0x00008cdf
E/eglCodecCommon( 2598): glUtilsParamSize: unknow param 0x00008824
V/AlarmClock( 2374): AlarmInitReceiver android.intent.action.BOOT_COMPLETED
W/linker  ( 2714): libdvm.so has text relocations. This is wasting memory and is a security risk. Please fix.
I/ActivityManager( 1568): Resuming delayed broadcast
D/dalvikvm( 2374): GC_FOR_ALLOC freed 427K, 17% free 3068K/3684K, paused 3ms, total 3ms
D/dalvikvm( 2714): DexOpt: couldn't find static field Landroid/os/Build;.SUPPORTED_64_BIT_ABIS
D/dalvikvm( 2714): DexOpt: couldn't find static field Landroid/os/Build;.SUPPORTED_64_BIT_ABIS
D/dalvikvm( 2714): DexOpt: couldn't find static field Landroid/os/Build;.SUPPORTED_64_BIT_ABIS
D/dalvikvm( 2714): DexOpt: load 2ms, verify+opt 6ms, 376300 bytes
V/AlarmClock( 2374): AlarmInitReceiver - Reset timers and clear stopwatch data
V/AlarmClock( 2374): AlarmInitReceiver - resetting volume button default
I/AlarmClock( 2374): Displaying next alarm time: ''
V/AlarmClock( 2374): AlarmInitReceiver finished
D/dalvikvm( 2087): DexOpt: --- END 'DynamiteLoader.apk' (success) ---
D/dalvikvm( 2087): DEX prep '/data/data/com.google.android.gms/app_chimera/m/00000002/DynamiteLoader.apk': unzip in 1ms, rewrite 90ms
I/ActivityManager( 1568): Delay finish: com.android.email/.service.EmailUpgradeBroadcastReceiver
D/EGL_emulation( 2598): eglCreateContext: 0xb8738c40: maj 3 min 0 rcv 3
D/EGL_emulation( 2598): eglMakeCurrent: 0xb8738c40: ver 3 0
E/eglCodecCommon( 2598): glUtilsParamSize: unknow param 0x00008cdf
E/eglCodecCommon( 2598): glUtilsParamSize: unknow param 0x00008824
I/ActivityManager( 1568): Resuming delayed broadcast
I/ActivityManager( 1568): Delay finish: com.android.email/.service.EmailBroadcastReceiver
I/Email   ( 2026): Onetime initialization: 1
I/Email   ( 2026): Onetime initialization: 2
I/Email   ( 2026): Onetime initialization: completed.
I/ActivityManager( 1568): Delaying start of: ServiceRecord{9d513650 u0 com.android.exchange/.service.EmailSyncAdapterService}
I/ActivityManager( 1568): Resuming delayed broadcast
D/AndroidRuntime( 2723): 
D/AndroidRuntime( 2723): >>>>>> AndroidRuntime START com.android.internal.os.RuntimeInit <<<<<<
W/linker  ( 2723): libdvm.so has text relocations. This is wasting memory and is a security risk. Please fix.
I/ActivityManager( 1568): Delay finish: com.google.android.syncadapters.contacts/.ContactsSyncAdapterBroadcastReceiver
D/AndroidRuntime( 2723): CheckJNI is ON
D/dalvikvm( 2723): Trying to load lib libjavacore.so 0x0
D/dalvikvm( 2723): Added shared lib libjavacore.so 0x0
D/dalvikvm( 2723): Trying to load lib libnativehelper.so 0x0
D/dalvikvm( 2723): Added shared lib libnativehelper.so 0x0
D/dalvikvm( 2723): No JNI_OnLoad found in libnativehelper.so 0x0, skipping init
I/ActivityManager( 1568): Resuming delayed broadcast
I/LauncherIconVisibilityManager( 1765): Boot has been completed
I/LauncherIconVisibilityManager( 1765): Disable activity: ComponentInfo{com.google.android.inputmethod.latin/com.android.inputmethod.latin.setup.SetupActivity}
I/Notifications( 2405): [ChimeBroadcastReceiver] Intent received for action [android.intent.action.BOOT_COMPLETED] package [com.google.android.play.games].
I/Notifications( 2405): [ChimeBroadcastReceiver] Validation OK for action [android.intent.action.BOOT_COMPLETED].
D/dalvikvm( 1568): GC_FOR_ALLOC freed 1122K, 48% free 7808K/14816K, paused 8ms, total 8ms
W/DynamiteModule( 2087): Local module descriptor class for providerinstaller not found.
I/DynamiteModule( 2087): Considering local module providerinstaller:0 and remote module providerinstaller:0
W/ProviderInstaller( 2087): Failed to load providerinstaller module: No acceptable module found. Local version is 0 and remote version is 0.
I/ActivityManager( 1568): Delay finish: com.android.email/.provider.WidgetProvider
I/Notifications( 2405): [ChimeBroadcastReceiver] Executing action in Service [android.intent.action.BOOT_COMPLETED].
D/dalvikvm( 2723): Note: class Landroid/app/ActivityManagerNative; has 179 unimplemented (abstract) methods
I/ActivityManager( 1568): Resuming delayed broadcast
E/BluetoothAdapter( 1830): Bluetooth binder is null
I/Icing   ( 2087): Indexing com.google.android.gms-internal.3p:MobileApplication from com.google.android.gms
D/dalvikvm( 2497): GC_FOR_ALLOC freed 245K, 12% free 3261K/3692K, paused 3ms, total 3ms
E/memtrack( 2723): Couldn't load memtrack module (No such file or directory)
E/android.os.Debug( 2723): failed to load memtrack module: -2
I/Icing   ( 2087): Indexing done com.google.android.gms-internal.3p:MobileApplication
D/        ( 2598): HostConnection::get() New Host Connection established 0xb872f560, tid 2676
I/ActivityManager( 1568): Delay finish: com.google.android.gms/.chimera.GmsIntentOperationService$PersistentInternalReceiver
D/EGL_emulation( 2598): eglCreateContext: 0xb8736320: maj 3 min 0 rcv 3
D/EGL_emulation( 2598): eglMakeCurrent: 0xb8736320: ver 3 0
E/eglCodecCommon( 2598): glUtilsParamSize: unknow param 0x00008cdf
E/eglCodecCommon( 2598): glUtilsParamSize: unknow param 0x00008824
E/PhenotypeRegOp( 2087): Attempting to overwrite config package for com.google.android.gms.games [CONTEXT service_id=231 ]
I/ActivityManager( 1568): Resuming delayed broadcast
E/PhenotypeRegOp( 2087): Attempting to overwrite config package for com.google.android.gms.mobile_data_plan [CONTEXT service_id=231 ]
D/AndroidRuntime( 2723): Calling main entry com.android.commands.pm.Pm
E/PhenotypeRegOp( 2087): Attempting to overwrite config package for com.google.android.gms.signin [CONTEXT service_id=231 ]
I/ActivityManager( 1568): Delay finish: com.google.android.googlequicksearchbox/com.google.android.searchcommon.summons.icing.InternalIcingCorporaProvider$CorporaChangedReceiver
E/PhenotypeRegOp( 2087): Attempting to overwrite config package for com.google.android.gms.udc [CONTEXT service_id=231 ]
I/Fitness ( 1779): FitCleanupIntentOperation received Intent android.intent.action.PACKAGE_CHANGED [CONTEXT service_id=17 ]
D/dalvikvm( 1795): GC_EXPLICIT freed 195K, 23% free 5970K/7720K, paused 0ms+1ms, total 8ms
I/Icing.InternalIcingCorporaProvider( 2191): Updating corpora: A: com.android.email, C: MAYBE
E/WakeLock( 2087): DG:service ** IS FORCE-RELEASED ON TIMEOUT **
D/EGL_emulation( 2598): eglCreateContext: 0xb8725d60: maj 3 min 0 rcv 3
D/EGL_emulation( 2598): eglMakeCurrent: 0xb8725d60: ver 3 0
E/eglCodecCommon( 2598): glUtilsParamSize: unknow param 0x00008cdf
E/eglCodecCommon( 2598): glUtilsParamSize: unknow param 0x00008824
D/dalvikvm( 1144): GC_EXPLICIT freed 40K, 8% free 2993K/3220K, paused 1ms+0ms, total 5ms
I/PackageManager( 1568): Running dexopt on: com.android.defcontainer
I/Icing   ( 2087): IndexChimeraService.getServiceInterface callingPackage=com.google.android.googlequicksearchbox componentName=null serviceId=21
I/ActivityManager( 1568): Start proc com.android.defcontainer for service com.android.defcontainer/.DefaultContainerService: pid=2744 uid=10003 gids={50003, 1028, 1015, 1023, 2001, 1035}
W/linker  ( 2758): libdvm.so has text relocations. This is wasting memory and is a security risk. Please fix.
D/dalvikvm( 1144): GC_EXPLICIT freed <1K, 8% free 2993K/3220K, paused 1ms+0ms, total 2ms
D/dalvikvm( 1144): GC_EXPLICIT freed <1K, 8% free 2993K/3220K, paused 0ms+1ms, total 2ms
D/dalvikvm( 2758): DexOpt: load 1ms, verify+opt 1ms, 201428 bytes
I/Fitness ( 1779): OnPackageChangedOperation got intent: Intent { act=android.intent.action.PACKAGE_CHANGED dat=package:com.android.email flg=0x4000010 cmp=com.google.android.gms/.chimera.PersistentIntentOperationService (has extras) } [CONTEXT service_id=17 ]
D/dalvikvm( 2598): GC_FOR_ALLOC freed 1355K, 46% free 5558K/10144K, paused 10ms, total 10ms
W/Icing   ( 2087): No valid account for uploading user actions
I/Icing   ( 2087): Usage reports ok 0, Failed Usage reports 0, indexed 0, rejected 0
W/Launcher( 2214): setApplicationContext called twice! old=com.google.android.velvet.VelvetApplication@9d068aa0 new=com.google.android.velvet.VelvetApplication@9d068aa0
I/ActivityManager( 1568): Resuming delayed broadcast
I/Fitness ( 1779): OnPackageChangedOperation got intent: Intent { act=android.intent.action.PACKAGE_CHANGED dat=package:com.google.android.gsf flg=0x4000010 cmp=com.google.android.gms/.chimera.PersistentIntentOperationService (has extras) } [CONTEXT service_id=17 ]
I/Icing.InternalIcingCorporaProvider( 2191): Updating corpora: A: com.google.android.gsf, C: MAYBE
I/Fitness ( 1779): FitCleanupIntentOperation received Intent android.intent.action.PACKAGE_CHANGED [CONTEXT service_id=17 ]
I/ActivityManager( 1568): Delay finish: com.google.android.googlequicksearchbox/com.google.android.searchcommon.summons.icing.InternalIcingCorporaProvider$CorporaChangedReceiver
D/dalvikvm( 2087): GC_EXPLICIT freed 1205K, 15% free 11355K/13272K, paused 10ms+13ms, total 141ms
I/Icing   ( 2087): IndexChimeraService.getServiceInterface callingPackage=com.google.android.googlequicksearchbox componentName=null serviceId=21
D/dalvikvm( 2087): DexOpt: --- BEGIN 'DynamiteModulesA.apk' (bootstrap=0) ---
W/linker  ( 2763): libdvm.so has text relocations. This is wasting memory and is a security risk. Please fix.
W/Icing   ( 2087): No valid account for uploading user actions
I/Icing   ( 2087): Usage reports ok 0, Failed Usage reports 0, indexed 0, rejected 0
I/CheckinUtil( 2087): Classify the device as Phone. [CONTEXT service_id=130 ]
W/ActivityManager( 1568): No content provider found for permission revoke: file:///data/local/tmp/AndroidRipperService.apk
W/ActivityManager( 1568): No content provider found for permission revoke: file:///data/local/tmp/AndroidRipperService.apk
I/PackageManager( 1568): Copying native libraries to /data/app-lib/vmdl-2080677480
I/PackageParser( 1568): it.unina.android.ripper_service: compat added android.permission.WRITE_EXTERNAL_STORAGE android.permission.READ_PHONE_STATE
W/Launcher( 2214): setApplicationContext called twice! old=com.google.android.velvet.VelvetApplication@9d068aa0 new=com.google.android.velvet.VelvetApplication@9d068aa0
I/ActivityManager( 1568): Resuming delayed broadcast
I/Fitness ( 1779): OnPackageChangedOperation got intent: Intent { act=android.intent.action.PACKAGE_CHANGED dat=package:com.google.android.gms flg=0x4000010 cmp=com.google.android.gms/.chimera.PersistentIntentOperationService (has extras) } [CONTEXT service_id=17 ]
I/Icing   ( 2087): updateResources: need to parse wwx{com.google.android.gms}
I/ActivityManager( 1568): Delay finish: com.google.android.googlequicksearchbox/com.google.android.searchcommon.summons.icing.InternalIcingCorporaProvider$CorporaChangedReceiver
I/Icing.InternalIcingCorporaProvider( 2191): Updating corpora: A: com.google.android.gms, C: MAYBE
I/Fitness ( 1779): FitCleanupIntentOperation received Intent android.intent.action.PACKAGE_CHANGED [CONTEXT service_id=17 ]
I/Icing   ( 2087): IndexChimeraService.getServiceInterface callingPackage=com.google.android.googlequicksearchbox componentName=null serviceId=21
D/dalvikvm( 2598): GC_FOR_ALLOC freed 629K, 43% free 5782K/10144K, paused 3ms, total 3ms
D/dalvikvm( 2598): GC_FOR_ALLOC freed 205K, 38% free 6390K/10144K, paused 3ms, total 3ms
D/dalvikvm( 2598): GC_FOR_ALLOC freed 956K, 38% free 6370K/10144K, paused 5ms, total 5ms
I/PackageManager( 1568): Running dexopt on: it.unina.android.ripper_service
W/linker  ( 2773): libdvm.so has text relocations. This is wasting memory and is a security risk. Please fix.
D/dalvikvm( 1779): GC_EXPLICIT freed 1592K, 18% free 8888K/10732K, paused 1ms+1ms, total 31ms
W/Icing   ( 2087): No valid account for uploading user actions
I/Icing   ( 2087): Usage reports ok 0, Failed Usage reports 0, indexed 0, rejected 0
W/Launcher( 2214): setApplicationContext called twice! old=com.google.android.velvet.VelvetApplication@9d068aa0 new=com.google.android.velvet.VelvetApplication@9d068aa0
I/ActivityManager( 1568): Resuming delayed broadcast
I/Fitness ( 1779): OnPackageChangedOperation got intent: Intent { act=android.intent.action.PACKAGE_CHANGED dat=package:com.android.settings flg=0x4000010 cmp=com.google.android.gms/.chimera.PersistentIntentOperationService (has extras) } [CONTEXT service_id=17 ]
I/ActivityManager( 1568): Delay finish: com.google.android.googlequicksearchbox/com.google.android.searchcommon.summons.icing.InternalIcingCorporaProvider$CorporaChangedReceiver
I/Fitness ( 1779): FitCleanupIntentOperation received Intent android.intent.action.PACKAGE_CHANGED [CONTEXT service_id=17 ]
I/Icing.InternalIcingCorporaProvider( 2191): Updating corpora: A: com.android.settings, C: MAYBE
D/dalvikvm( 2598): GC_FOR_ALLOC freed 2009K, 46% free 5489K/10144K, paused 4ms, total 4ms
D/dalvikvm( 2773): DexOpt: load 10ms, verify+opt 70ms, 1117628 bytes
D/dalvikvm( 2763): DexOpt: load 15ms, verify+opt 228ms, 775212 bytes
D/dalvikvm( 1795): GC_EXPLICIT freed 145K, 23% free 5963K/7720K, paused 0ms+4ms, total 8ms
W/Conscrypt( 2087): Could not set socket write timeout: java.net.SocketException: Socket closed
W/Conscrypt( 2087): 	at com.google.android.gms.org.conscrypt.Platform.setSocketWriteTimeout(:com.google.android.gms@202414005@20.24.14 (000700-319035315):2)
W/Conscrypt( 2087): 	at com.google.android.gms.org.conscrypt.ConscryptFileDescriptorSocket.setSoWriteTimeout(:com.google.android.gms@202414005@20.24.14 (000700-319035315):0)
D/dalvikvm( 2087): DexOpt: --- END 'DynamiteModulesA.apk' (success) ---
D/dalvikvm( 2087): DEX prep '/data/data/com.google.android.gms/app_chimera/m/00000003/DynamiteModulesA.apk': unzip in 2ms, rewrite 295ms
I/Icing   ( 2087): IndexChimeraService.getServiceInterface callingPackage=com.google.android.googlequicksearchbox componentName=null serviceId=21
I/ActivityManager( 1568): Force stopping it.unina.android.ripper_service appid=10057 user=-1: update pkg
D/dalvikvm( 2598): GC_FOR_ALLOC freed 399K, 45% free 5586K/10144K, paused 3ms, total 3ms
D/dalvikvm( 2598): DexOpt: --- BEGIN 'the.apk' (bootstrap=0) ---
D/dalvikvm( 2087): GC_FOR_ALLOC freed 2730K, 22% free 10672K/13652K, paused 11ms, total 12ms
W/linker  ( 2776): libdvm.so has text relocations. This is wasting memory and is a security risk. Please fix.
W/Icing   ( 2087): No valid account for uploading user actions
I/Icing   ( 2087): Usage reports ok 0, Failed Usage reports 0, indexed 0, rejected 0
D/dalvikvm( 2776): DexOpt: load 1ms, verify+opt 1ms, 207932 bytes
D/dalvikvm( 2598): DexOpt: --- END 'the.apk' (success) ---
D/dalvikvm( 2598): DEX prep '/data/data/com.google.android.gms/app_dg_cache/332DF7A96159CC0FFEB819779627D9C94920AA73/the.apk': unzip in 0ms, rewrite 25ms
W/Conscrypt( 2087): Could not set socket write timeout: java.net.SocketException: Socket closed
D/dalvikvm( 2598): Trying to load lib /data/data/com.google.android.gms/app_dg_cache/332DF7A96159CC0FFEB819779627D9C94920AA73/libdCD96A5AB8310.so 0x9d35bf40
W/Conscrypt( 2087): 	at com.google.android.gms.org.conscrypt.Platform.setSocketWriteTimeout(:com.google.android.gms@202414005@20.24.14 (000700-319035315):2)
W/Conscrypt( 2087): 	at com.google.android.gms.org.conscrypt.ConscryptFileDescriptorSocket.setSoWriteTimeout(:com.google.android.gms@202414005@20.24.14 (000700-319035315):0)
D/dalvikvm( 2598): Added shared lib /data/data/com.google.android.gms/app_dg_cache/332DF7A96159CC0FFEB819779627D9C94920AA73/libdCD96A5AB8310.so 0x9d35bf40
W/DynamiteModule( 2087): Local module descriptor class for providerinstaller not found.
I/DynamiteModule( 2087): Considering local module providerinstaller:0 and remote module providerinstaller:0
W/ProviderInstaller( 2087): Failed to load providerinstaller module: No acceptable module found. Local version is 0 and remote version is 0.
E/DG      ( 2598): FSC error [CONTEXT service_id=25 ]
E/DG      ( 2598): java.lang.NullPointerException
E/DG      ( 2598): 	at bnwi.a(:com.google.android.gms@202414005@20.24.14 (000700-319035315):16)
E/DG      ( 2598): 	at com.google.android.gms.droidguard.DroidGuardChimeraService.a(:com.google.android.gms@202414005@20.24.14 (000700-319035315):39)
E/DG      ( 2598): 	at com.google.android.gms.droidguard.DroidGuardChimeraService.a(:com.google.android.gms@202414005@20.24.14 (000700-319035315):71)
E/DG      ( 2598): 	at com.google.android.gms.framework.tracing.wrapper.TracingIntentService.onHandleIntent(:com.google.android.gms@202414005@20.24.14 (000700-319035315):1)
E/DG      ( 2598): 	at bpq.handleMessage(:com.google.android.gms@202414005@20.24.14 (000700-319035315):0)
E/DG      ( 2598): 	at android.os.Handler.dispatchMessage(Handler.java:102)
E/DG      ( 2598): 	at android.os.Looper.loop(Looper.java:136)
E/DG      ( 2598): 	at android.os.HandlerThread.run(HandlerThread.java:61)
D/dalvikvm( 2087): GC_FOR_ALLOC freed 463K, 20% free 10973K/13652K, paused 16ms, total 16ms
I/dalvikvm-heap( 2087): Grow heap (frag case) to 11.873MB for 958476-byte allocation
D/dalvikvm( 2087): GC_FOR_ALLOC freed 8K, 19% free 11901K/14592K, paused 13ms, total 13ms
D/dalvikvm( 1568): GC_FOR_ALLOC freed 1138K, 47% free 7869K/14816K, paused 13ms, total 13ms
I/ActivityManager( 1568): Resuming delayed broadcast
I/InputReader( 1568): Reconfiguring input devices.  changes=0x00000010
D/dalvikvm( 2214): GC_FOR_ALLOC freed 299K, 14% free 3207K/3692K, paused 1ms, total 1ms
W/Launcher( 2214): setApplicationContext called twice! old=com.google.android.velvet.VelvetApplication@9d068aa0 new=com.google.android.velvet.VelvetApplication@9d068aa0
I/InputReader( 1568): Reconfiguring input devices.  changes=0x00000010
I/InputReader( 1568): Reconfiguring input devices.  changes=0x00000010
I/InputReader( 1568): Reconfiguring input devices.  changes=0x00000010
E/BluetoothAdapter( 1830): Bluetooth binder is null
W/Launcher.Model( 2214): Nobody to tell about the new app.  Launcher is probably loading.
I/PackageManager( 1568):   Action: "android.intent.action.SENDTO"
I/PackageManager( 1568):   Category: "android.intent.category.DEFAULT"
I/PackageManager( 1568):   Scheme: "sms"
W/Launcher.Model( 2214): Nobody to tell about the new app.  Launcher is probably loading.
W/Launcher.Model( 2214): Nobody to tell about the new app.  Launcher is probably loading.
I/PackageManager( 1568): Adding preferred activity ComponentInfo{com.android.mms/com.android.mms.ui.ComposeMessageActivity} for user 0 :
W/Launcher.Model( 2214): Nobody to tell about the new app.  Launcher is probably loading.
D/dalvikvm( 1820): GC_FOR_ALLOC freed 507K, 17% free 3643K/4344K, paused 2ms, total 4ms
I/InputReader( 1568): Reconfiguring input devices.  changes=0x00000010
I/PackageManager( 1568):   Action: "android.intent.action.SENDTO"
I/PackageManager( 1568):   Category: "android.intent.category.DEFAULT"
I/PackageManager( 1568):   Scheme: "smsto"
D/dalvikvm( 2214): GC_FOR_ALLOC freed 193K, 15% free 3334K/3884K, paused 1ms, total 1ms
W/Launcher.Model( 2214): Nobody to tell about the new app.  Launcher is probably loading.
I/PackageManager( 1568):   Action: "android.intent.action.SENDTO"
I/PackageManager( 1568):   Category: "android.intent.category.DEFAULT"
I/PackageManager( 1568):   Scheme: "mms"
I/PackageManager( 1568): Adding preferred activity ComponentInfo{com.android.mms/com.android.mms.ui.ComposeMessageActivity} for user 0 :
I/PackageManager( 1568): Adding preferred activity ComponentInfo{com.android.mms/com.android.mms.ui.ComposeMessageActivity} for user 0 :
I/PackageManager( 1568):   Action: "android.intent.action.SENDTO"
I/PackageManager( 1568):   Category: "android.intent.category.DEFAULT"
I/PackageManager( 1568):   Scheme: "mmsto"
D/dalvikvm( 1820): GC_FOR_ALLOC freed 350K, 16% free 3662K/4344K, paused 2ms, total 2ms
I/PackageManager( 1568): Adding preferred activity ComponentInfo{com.android.mms/com.android.mms.ui.ComposeMessageActivity} for user 0 :
I/Icing   ( 2087): Indexing com.google.android.googlequicksearchbox-applications from com.google.android.googlequicksearchbox
I/PackageManager( 1568):   Action: "android.intent.action.SENDTO"
I/PackageManager( 1568):   Category: "android.intent.category.DEFAULT"
I/PackageManager( 1568):   Scheme: "sms"
I/PackageManager( 1568):   Action: "android.intent.action.SENDTO"
I/PackageManager( 1568):   Category: "android.intent.category.DEFAULT"
I/PackageManager( 1568):   Scheme: "smsto"
I/PackageManager( 1568): Adding preferred activity ComponentInfo{com.android.mms/com.android.mms.ui.ComposeMessageActivity} for user 0 :
I/PackageManager( 1568): Adding preferred activity ComponentInfo{com.android.mms/com.android.mms.ui.ComposeMessageActivity} for user 0 :
D/dalvikvm( 2598): GC_FOR_ALLOC freed 878K, 46% free 5575K/10144K, paused 6ms, total 6ms
D/dalvikvm( 1568): GC_EXPLICIT freed 1173K, 47% free 7920K/14816K, paused 4ms+1ms, total 100ms
D/dalvikvm( 1568): WAIT_FOR_CONCURRENT_GC blocked 22ms
D/dalvikvm( 1568): WAIT_FOR_CONCURRENT_GC blocked 34ms
D/AndroidRuntime( 2723): Shutting down VM
D/jdwp    ( 2723): Got wake-up signal, bailing out of select
D/dalvikvm( 2723): Debugger has detached; object registry had 1 entries
D/dalvikvm( 1568): WAIT_FOR_CONCURRENT_GC blocked 20ms
I/PackageManager( 1568):   Action: "android.intent.action.SENDTO"
I/PackageManager( 1568):   Category: "android.intent.category.DEFAULT"
I/PackageManager( 1568):   Scheme: "mms"
D/BackupManagerService( 1568): Received broadcast Intent { act=android.intent.action.PACKAGE_ADDED dat=package:it.unina.android.ripper_service flg=0x4000010 (has extras) }
V/BackupManagerService( 1568): addPackageParticipantsLocked: #1
I/PackageManager( 1568): Adding preferred activity ComponentInfo{com.android.mms/com.android.mms.ui.ComposeMessageActivity} for user 0 :
I/PackageManager( 1568):   Action: "android.intent.action.SENDTO"
I/PackageManager( 1568):   Category: "android.intent.category.DEFAULT"
I/PackageManager( 1568):   Scheme: "mmsto"
I/PackageManager( 1568): Adding preferred activity ComponentInfo{com.android.mms/com.android.mms.ui.ComposeMessageActivity} for user 0 :
D/dalvikvm( 1820): GC_FOR_ALLOC freed 356K, 16% free 3660K/4356K, paused 2ms, total 2ms
I/ActivityManager( 1568): Delay finish: com.google.android.gms/.gcm.nts.SchedulerReceiver
I/ActivityManager( 1568): Resuming delayed broadcast
I/PackageManager( 1568):   Action: "android.intent.action.SENDTO"
I/PackageManager( 1568):   Category: "android.intent.category.DEFAULT"
I/PackageManager( 1568):   Scheme: "sms"
I/PackageManager( 1568): Adding preferred activity ComponentInfo{com.android.mms/com.android.mms.ui.ComposeMessageActivity} for user 0 :
I/PackageManager( 1568):   Action: "android.intent.action.SENDTO"
I/PackageManager( 1568):   Category: "android.intent.category.DEFAULT"
I/PackageManager( 1568):   Scheme: "smsto"
I/FontLog ( 2087): Updating from directory version 0 to 17 from disk [CONTEXT service_id=132 ]
I/PackageManager( 1568): Adding preferred activity ComponentInfo{com.android.mms/com.android.mms.ui.ComposeMessageActivity} for user 0 :
I/PackageManager( 1568):   Action: "android.intent.action.SENDTO"
I/PackageManager( 1568):   Category: "android.intent.category.DEFAULT"
I/PackageManager( 1568):   Scheme: "mms"
I/FusedLocation( 1568): engine stopped (com.android.location.fused)
D/dalvikvm( 2087): GC_EXPLICIT freed 1324K, 22% free 11519K/14592K, paused 2ms+1ms, total 85ms
D/dalvikvm( 1820): GC_FOR_ALLOC freed 367K, 16% free 3670K/4356K, paused 3ms, total 3ms
I/PackageManager( 1568): Adding preferred activity ComponentInfo{com.android.mms/com.android.mms.ui.ComposeMessageActivity} for user 0 :
I/PackageManager( 1568):   Action: "android.intent.action.SENDTO"
I/PackageManager( 1568):   Category: "android.intent.category.DEFAULT"
I/PackageManager( 1568):   Scheme: "mmsto"
I/PackageManager( 1568):   Action: "android.intent.action.SENDTO"
I/PackageManager( 1568):   Category: "android.intent.category.DEFAULT"
I/PackageManager( 1568):   Scheme: "sms"
I/PackageManager( 1568): Adding preferred activity ComponentInfo{com.android.mms/com.android.mms.ui.ComposeMessageActivity} for user 0 :
I/PackageManager( 1568): Adding preferred activity ComponentInfo{com.android.mms/com.android.mms.ui.ComposeMessageActivity} for user 0 :
D/dalvikvm( 2087): DexOpt: --- BEGIN 'DynamiteModulesC.apk' (bootstrap=0) ---
W/linker  ( 2783): libdvm.so has text relocations. This is wasting memory and is a security risk. Please fix.
D/dalvikvm( 1568): GC_FOR_ALLOC freed 1279K, 47% free 7865K/14816K, paused 21ms, total 21ms
I/PackageManager( 1568):   Action: "android.intent.action.SENDTO"
I/PackageManager( 1568):   Category: "android.intent.category.DEFAULT"
I/PackageManager( 1568):   Scheme: "smsto"
I/PackageManager( 1568): Adding preferred activity ComponentInfo{com.android.mms/com.android.mms.ui.ComposeMessageActivity} for user 0 :
D/dalvikvm( 1820): GC_FOR_ALLOC freed 340K, 16% free 3667K/4364K, paused 2ms, total 2ms
D/AlertReceiver( 2340): onReceive: a=android.intent.action.PROVIDER_CHANGED Intent { act=android.intent.action.PROVIDER_CHANGED dat=content://com.android.calendar flg=0x10 cmp=com.google.android.calendar/com.android.calendar.alerts.AlertReceiver }
I/PackageManager( 1568):   Action: "android.intent.action.SENDTO"
I/PackageManager( 1568):   Category: "android.intent.category.DEFAULT"
I/PackageManager( 1568):   Scheme: "mms"
I/ActivityManager( 1568): Delay finish: com.google.android.calendar/com.android.calendar.alerts.AlertReceiver
I/PackageManager( 1568): Adding preferred activity ComponentInfo{com.android.mms/com.android.mms.ui.ComposeMessageActivity} for user 0 :
I/PackageManager( 1568):   Action: "android.intent.action.SENDTO"
I/PackageManager( 1568):   Category: "android.intent.category.DEFAULT"
I/PackageManager( 1568):   Scheme: "mmsto"
I/PackageManager( 1568): Adding preferred activity ComponentInfo{com.android.mms/com.android.mms.ui.ComposeMessageActivity} for user 0 :
D/dalvikvm( 1942): GC_FOR_ALLOC freed 2197K, 33% free 22702K/33448K, paused 2ms, total 4ms
D/AlertService( 2340): 0 Action = android.intent.action.PROVIDER_CHANGED
I/PackageManager( 1568):   Action: "android.intent.action.SENDTO"
I/PackageManager( 1568):   Category: "android.intent.category.DEFAULT"
I/PackageManager( 1568):   Scheme: "sms"
I/PackageManager( 1568): Adding preferred activity ComponentInfo{com.android.mms/com.android.mms.ui.ComposeMessageActivity} for user 0 :
D/dalvikvm( 1820): GC_FOR_ALLOC freed 387K, 17% free 3648K/4364K, paused 2ms, total 2ms
I/PackageManager( 1568):   Action: "android.intent.action.SENDTO"
I/PackageManager( 1568):   Category: "android.intent.category.DEFAULT"
I/PackageManager( 1568):   Scheme: "smsto"
I/PackageManager( 1568):   Action: "android.intent.action.SENDTO"
I/PackageManager( 1568):   Category: "android.intent.category.DEFAULT"
I/PackageManager( 1568):   Scheme: "mms"
I/PackageManager( 1568): Adding preferred activity ComponentInfo{com.android.mms/com.android.mms.ui.ComposeMessageActivity} for user 0 :
