W/DockObserver( 1568): This kernel does not have dock station support
I/SystemServer( 1568): Wired Accessory Manager
W/WiredAccessoryManager( 1568): This kernel does not have wired headset support
W/WiredAccessoryManager( 1568): This kernel does not have usb audio support
W/WiredAccessoryManager( 1568): This kernel does not have HDMI audio support
I/SystemServer( 1568): USB Service
I/SystemServer( 1568): Serial Service
I/SystemServer( 1568): Twilight Service
I/SystemServer( 1568): UI Mode Manager Service
I/SystemServer( 1568): Backup Service
V/BackupManagerService( 1568): Initializing package tracking
V/BackupManagerService( 1568): No ancestral data
V/BackupManagerService( 1568): addPackageParticipantsLocked: all
I/BackupManagerService( 1568): Scheduling backup for new app com.android.browser
D/BackupManagerService( 1568): Now staging backup of com.android.browser
I/BackupManagerService( 1568): Scheduling backup for new app com.android.providers.userdictionary
D/BackupManagerService( 1568): Now staging backup of com.android.providers.userdictionary
I/BackupManagerService( 1568): Scheduling backup for new app com.android.sharedstoragebackup
D/BackupManagerService( 1568): Now staging backup of com.android.sharedstoragebackup
I/BackupManagerService( 1568): Scheduling backup for new app android
D/BackupManagerService( 1568): Now staging backup of android
I/BackupManagerService( 1568): Scheduling backup for new app com.google.android.play.games
D/BackupManagerService( 1568): Now staging backup of com.google.android.play.games
I/BackupManagerService( 1568): Scheduling backup for new app com.google.android.inputmethod.latin
D/BackupManagerService( 1568): Now staging backup of com.google.android.inputmethod.latin
I/BackupManagerService( 1568): Scheduling backup for new app com.android.dialer
D/BackupManagerService( 1568): Now staging backup of com.android.dialer
I/BackupManagerService( 1568): Scheduling backup for new app com.android.providers.settings
D/BackupManagerService( 1568): Now staging backup of com.android.providers.settings
I/BackupManagerService( 1568): Scheduling backup for new app com.google.android.calendar
D/BackupManagerService( 1568): Now staging backup of com.google.android.calendar
V/BackupManagerService( 1568): Starting with transport android/com.android.internal.backup.LocalTransport
V/BackupManagerService( 1568): Found transports: 1
I/BackupManagerService( 1568): Binding to transport host ComponentInfo{android/com.android.internal.backup.LocalTransportService}
I/BackupManagerService( 1568): Backup enabled => true
I/SystemServer( 1568): AppWidget Service
I/SystemServer( 1568): Recognition Service
I/SystemServer( 1568): DiskStats Service
I/SystemServer( 1568): SamplingProfiler Service
I/SystemServer( 1568): NetworkTimeUpdateService
I/SystemServer( 1568): CommonTimeManagementService
I/SystemServer( 1568): CertBlacklister
I/SystemServer( 1568): Dreams Service
I/SystemServer( 1568): Assets Atlas Service
I/SystemServer( 1568): IdleMaintenanceService
I/SystemServer( 1568): Print Service
I/SystemServer( 1568): Media Router Service
I/LockSettingsService( 1568): Migrated lock settings to new location
I/LockSettingsService( 1568): Migrated per-user lock settings to new location
I/ActivityManager( 1568): Start proc com.android.systemui for service com.android.keyguard/.KeyguardService: pid=1656 uid=10008 gids={50008, 1028, 1015, 1035, 3002, 3001}
I/ActivityManager( 1568): Sending system update to ComponentInfo{com.android.providers.calendar/com.android.providers.calendar.CalendarUpgradeReceiver} for user 0
I/ActivityManager( 1568): Sending system update to ComponentInfo{com.android.providers.contacts/com.android.providers.contacts.ContactsUpgradeReceiver} for user 0
I/ActivityManager( 1568): Sending system update to ComponentInfo{com.google.android.gsf/com.google.android.gsf.loginservice.MigrateToAccountManagerBroadcastReceiver} for user 0
I/ActivityManager( 1568): Sending system update to ComponentInfo{com.android.providers.media/com.android.providers.media.MediaUpgradeReceiver} for user 0
I/SystemServer( 1568): Enabled StrictMode for system server main thread.
I/ActivityManager( 1568): Start proc com.android.providers.calendar for broadcast com.android.providers.calendar/.CalendarUpgradeReceiver: pid=1674 uid=10001 gids={50001, 3003, 1028, 1015}
I/ActivityManager( 1568): Launching preboot mode app: ProcessRecord{9d96e3d8 1674:com.android.providers.calendar/u0a1}
W/InputMethodManagerService( 1568): Focus gain on non-focused client android.view.inputmethod.InputMethodManager$1@9d206748 (uid=1000 pid=1568)
V/BackupManagerService( 1568): Connected to transport ComponentInfo{android/com.android.internal.backup.LocalTransportService}
V/BackupManagerService( 1568): Registering transport android/com.android.internal.backup.LocalTransportService::android/com.android.internal.backup.LocalTransport = com.android.internal.backup.LocalTransport@9d3f3a40
I/ActivityManager( 1568): Start proc android.process.acore for broadcast com.android.providers.contacts/.ContactsUpgradeReceiver: pid=1689 uid=10002 gids={50002, 3003, 1028, 1015}
I/ActivityManager( 1568): Launching preboot mode app: ProcessRecord{9d4f5548 1689:android.process.acore/u0a2}
W/ActivityManager( 1568): Permission Denial: not allowed to send broadcast android.intent.action.USER_PRESENT from pid=1656, uid=10008
W/ActivityManager( 1568): Permission Denial: not allowed to send broadcast android.intent.action.USER_PRESENT from pid=1656, uid=10008
I/ActivityManager( 1568): Start proc com.google.process.gapps for broadcast com.google.android.gsf/.loginservice.MigrateToAccountManagerBroadcastReceiver: pid=1710 uid=10007 gids={50007, 3003, 1007, 1028, 1015, 3002, 3001, 3007, 2001, 3006}
I/ActivityManager( 1568): Launching preboot mode app: ProcessRecord{9d966708 1710:com.google.process.gapps/u0a7}
I/ActivityManager( 1568): Start proc android.process.media for broadcast com.android.providers.media/.MediaUpgradeReceiver: pid=1725 uid=10005 gids={50005, 1028, 1015, 1023, 1024, 2001, 3003, 3007}
I/ActivityManager( 1568): Launching preboot mode app: ProcessRecord{9d984bd8 1725:android.process.media/u0a5}
I/ActivityManager( 1568): Writing new set of last done pre-boot receivers...
I/ActivityManager( 1568): Removing system update proc: ProcessRecord{9d96e3d8 1674:com.android.providers.calendar/u0a1}
I/ActivityManager( 1568): Killing 1674:com.android.providers.calendar/u0a1 (adj 15): system update done
I/ActivityManager( 1568): Removing system update proc: ProcessRecord{9d4f5548 1689:android.process.acore/u0a2}
I/ActivityManager( 1568): Killing 1689:android.process.acore/u0a2 (adj 13): system update done
I/ActivityManager( 1568): Removing system update proc: ProcessRecord{9d966708 1710:com.google.process.gapps/u0a7}
I/ActivityManager( 1568): Killing 1710:com.google.process.gapps/u0a7 (adj 11): system update done
I/ActivityManager( 1568): Removing system update proc: ProcessRecord{9d984bd8 1725:android.process.media/u0a5}
I/ActivityManager( 1568): Killing 1725:android.process.media/u0a5 (adj 9): system update done
I/ActivityManager( 1568): System now ready
W/ActivityManager( 1568): Can't find mystery application for StrictMode from pid=1725 uid=10005: android.os.BinderProxy@9d2e1140
I/SystemServer( 1568): Making services ready
D/NetworkManagementService( 1568): not enabling bandwidth control
I/Vold    ( 1138): /dev/block/vold/253:48 being considered for volume sdcard
D/Vold    ( 1138): Volume sdcard state changing 1 (Idle-Unmounted) -> 3 (Checking)
D/MountService( 1568): volume state changed for /storage/sdcard (unmounted -> checking)
D/MountService( 1568): sendStorageIntent Intent { act=android.intent.action.MEDIA_CHECKING dat=file:///storage/sdcard (has extras) } to UserHandle{-1}
W/NetworkStats( 1568): bandwidth controls disabled, unable to track stats
W/NetworkPolicy( 1568): bandwidth controls disabled, unable to enforce policy
I/StatusBarManagerService( 1568): registerStatusBar bar=com.android.internal.statusbar.IStatusBar$Stub$Proxy@9dae0280
I/ActivityManager( 1568): Config changes=200 {1.0 ?mcc?mnc en_US ldltr sw411dp w411dp h658dp 420dpi nrml port finger qwerty/v/v dpad/v s.4}
I/Vold    ( 1138): Filesystem check completed OK
D/Vold    ( 1138): Volume sdcard state changing 3 (Checking) -> 4 (Mounted)
D/MountService( 1568): volume state changed for /storage/sdcard (checking -> mounted)
D/MountService( 1568): sendStorageIntent Intent { act=android.intent.action.MEDIA_MOUNTED dat=file:///storage/sdcard (has extras) } to UserHandle{-1}
W/AppWidgetServiceImpl( 1568): Failed to read state: java.io.FileNotFoundException: /data/system/users/0/appwidgets.xml: open failed: ENOENT (No such file or directory)
W/InputMethodManagerService( 1568): Ignoring setImeWindowStatus of uid 1000 token: null
W/InputMethodUtils( 1568): Found no subtypes in a system IME: com.android.inputmethod.pinyin
W/InputMethodManagerService( 1568): Reset the default IME as "Resource" is ready here.
W/InputMethodUtils( 1568): Found no subtypes in a system IME: com.android.inputmethod.pinyin
I/InputMethodManagerService( 1568): Selected default: com.google.android.inputmethod.latin/com.android.inputmethod.latin.LatinIME
W/PackageManager( 1568): Unknown permission com.android.smspush.WAPPUSH_MANAGER_BIND in package com.android.phone
W/PackageManager( 1568): Unknown permission com.android.vending.billing.BILLING_ACCOUNT_SERVICE in package com.google.android.gsf.login
W/PackageManager( 1568): Unknown permission com.android.vending.billing.ADD_CREDIT_CARD in package com.google.android.gsf.login
W/PackageManager( 1568): Unknown permission com.android.vending.billing.IBillingAccountService.BIND2 in package com.google.android.gsf.login
W/PackageManager( 1568): Unknown permission com.android.vending.TOS_ACKED in package com.google.android.gsf.login
W/PackageManager( 1568): Unknown permission com.android.chrome.TOS_ACKED in package com.google.android.gsf.login
W/PackageManager( 1568): Not granting permission android.permission.ACCESS_DOWNLOAD_MANAGER to package com.android.browser (protectionLevel=18 flags=0x89be45)
W/PackageManager( 1568): Not granting permission android.permission.SEND_DOWNLOAD_COMPLETED_INTENTS to package com.android.browser (protectionLevel=2 flags=0x89be45)
W/PackageManager( 1568): Not granting permission android.permission.BIND_APPWIDGET to package com.android.widgetpreview (protectionLevel=18 flags=0x8be44)
W/PackageManager( 1568): Unknown permission android.permission.INSTALL_DRM in package com.android.mms
W/PackageManager( 1568): Unknown permission android.permission.OBSERVE_GRANT_REVOKE_PERMISSIONS in package com.google.android.gms
W/PackageManager( 1568): Unknown permission android.permission.MANAGE_SOUND_TRIGGER in package com.google.android.gms
W/PackageManager( 1568): Unknown permission android.permission.FOREGROUND_SERVICE in package com.google.android.gms
W/PackageManager( 1568): Unknown permission android.permission.START_ACTIVITIES_FROM_BACKGROUND in package com.google.android.gms
W/PackageManager( 1568): Unknown permission android.permission.QUERY_ALL_PACKAGES in package com.google.android.gms
W/PackageManager( 1568): Unknown permission android.permission.REMOTE_DISPLAY_PROVIDER in package com.google.android.gms
W/PackageManager( 1568): Unknown permission android.permission.RECOVERY in package com.google.android.gms
W/PackageManager( 1568): Not granting permission android.permission.READ_DREAM_STATE to package com.google.android.gms (protectionLevel=2 flags=0x40c83e45)
W/PackageManager( 1568): Unknown permission android.permission.PROVIDE_TRUST_AGENT in package com.google.android.gms
W/PackageManager( 1568): Unknown permission android.permission.DISPATCH_PROVISIONING_MESSAGE in package com.google.android.gms
W/PackageManager( 1568): Unknown permission android.permission.RECOVER_KEYSTORE in package com.google.android.gms
W/PackageManager( 1568): Unknown permission android.permission.PRE_FACTORY_RESET in package com.google.android.gms
W/PackageManager( 1568): Unknown permission android.permission.MANAGE_FACTORY_RESET_PROTECTION in package com.google.android.gms
W/PackageManager( 1568): Unknown permission com.google.android.apps.enterprise.dmagent.permission.AutoSyncPermission in package com.google.android.gms
W/PackageManager( 1568): Unknown permission android.permission.CONNECTIVITY_USE_RESTRICTED_NETWORKS in package com.google.android.gms
W/PackageManager( 1568): Unknown permission android.permission.ALLOCATE_AGGRESSIVE in package com.google.android.gms
W/PackageManager( 1568): Unknown permission android.car.permission.CAR_POWER in package com.google.android.gms
W/PackageManager( 1568): Unknown permission android.permission.USE_FINGERPRINT in package com.google.android.gms
W/PackageManager( 1568): Unknown permission android.permission.USE_BIOMETRIC in package com.google.android.gms
W/PackageManager( 1568): Unknown permission android.permission.SEND_SMS_NO_CONFIRMATION in package com.google.android.gms
W/PackageManager( 1568): Unknown permission com.google.android.wearable.WRITE_SETTINGS in package com.google.android.gms
W/PackageManager( 1568): Unknown permission com.felicanetworks.mfc.permission.MFC_ACCESS in package com.google.android.gms
W/PackageManager( 1568): Unknown permission com.felicanetworks.mfc.mfi.permission.MFI_ACCESS in package com.google.android.gms
W/PackageManager( 1568): Unknown permission com.google.android.finsky.permission.INSTANT_APP_STATE in package com.google.android.gms
W/PackageManager( 1568): Unknown permission android.permission.ACCESS_BACKGROUND_LOCATION in package com.google.android.gms
W/PackageManager( 1568): Unknown permission android.permission.ACCESS_NOTIFICATION_POLICY in package com.google.android.gms
W/PackageManager( 1568): Unknown permission com.google.android.googlequicksearchbox.permission.PAUSE_HOTWORD in package com.google.android.gms
W/PackageManager( 1568): Unknown permission android.permission.MANAGE_VOICE_KEYPHRASES in package com.google.android.gms
W/PackageManager( 1568): Unknown permission android.permission.UWB in package com.google.android.gms
W/PackageManager( 1568): Unknown permission android.permission.USE_FULL_SCREEN_INTENT in package com.google.android.gms
W/PackageManager( 1568): Unknown permission android.permission.TETHER_PRIVILEGED in package com.google.android.gms
W/PackageManager( 1568): Unknown permission android.permission.CONTROL_DISPLAY_SATURATION in package com.google.android.gms
W/PackageManager( 1568): Unknown permission android.permission.REAL_GET_TASKS in package com.google.android.gms
W/PackageManager( 1568): Unknown permission com.google.android.finsky.permission.BIND_GET_INSTALL_REFERRER_SERVICE in package com.google.android.gms
W/PackageManager( 1568): Unknown permission com.google.android.hangouts.START_HANGOUT in package com.google.android.gms
W/PackageManager( 1568): Unknown permission android.permission.READ_OEM_UNLOCK_STATE in package com.google.android.gms
W/PackageManager( 1568): Unknown permission android.permission.SCORE_NETWORKS in package com.google.android.gms
W/PackageManager( 1568): Unknown permission android.permission.OVERRIDE_WIFI_CONFIG in package com.google.android.gms
W/PackageManager( 1568): Unknown permission android.car.permission.CAR_POWERTRAIN in package com.google.android.gms
W/PackageManager( 1568): Unknown permission android.car.permission.CAR_ENERGY in package com.google.android.gms
W/PackageManager( 1568): Unknown permission android.car.permission.CAR_ENERGY_PORTS in package com.google.android.gms
W/PackageManager( 1568): Unknown permission android.car.permission.CAR_EXTERIOR_LIGHTS in package com.google.android.gms
W/PackageManager( 1568): Unknown permission android.car.permission.CAR_INFO in package com.google.android.gms
W/PackageManager( 1568): Unknown permission android.car.permission.CAR_MILEAGE in package com.google.android.gms
W/PackageManager( 1568): Unknown permission android.car.permission.CAR_TIRES in package com.google.android.gms
W/PackageManager( 1568): Unknown permission android.car.permission.CONTROL_CAR_CLIMATE in package com.google.android.gms
W/PackageManager( 1568): Unknown permission android.car.permission.CONTROL_CAR_DOORS in package com.google.android.gms
W/PackageManager( 1568): Unknown permission android.car.permission.CONTROL_CAR_EXTERIOR_LIGHTS in package com.google.android.gms
W/PackageManager( 1568): Unknown permission android.car.permission.CONTROL_CAR_MIRRORS in package com.google.android.gms
W/PackageManager( 1568): Unknown permission android.car.permission.CONTROL_CAR_SEATS in package com.google.android.gms
W/PackageManager( 1568): Unknown permission android.car.permission.CONTROL_CAR_WINDOWS in package com.google.android.gms
W/PackageManager( 1568): Unknown permission android.car.permission.READ_CAR_DISPLAY_UNITS in package com.google.android.gms
W/PackageManager( 1568): Unknown permission android.permission.CONTROL_INCALL_EXPERIENCE in package com.google.android.gms
W/PackageManager( 1568): Unknown permission android.permission.USER_ACTIVITY in package com.google.android.gms
W/PackageManager( 1568): Unknown permission android.permission.MODIFY_AUDIO_ROUTING in package com.google.android.gms
W/PackageManager( 1568): Unknown permission android.permission.MODIFY_DAY_NIGHT_MODE in package com.google.android.gms
W/PackageManager( 1568): Unknown permission com.google.android.finsky.permission.GEARHEAD_SERVICE in package com.google.android.gms
W/PackageManager( 1568): Unknown permission com.google.android.permission.ACCESSIBILITY_SCAN_SERVICE in package com.google.android.gms
W/PackageManager( 1568): Unknown permission android.permission.START_TASKS_FROM_RECENTS in package com.google.android.gms
W/PackageManager( 1568): Not granting permission android.permission.MANAGE_ACTIVITY_STACKS to package com.google.android.gms (protectionLevel=2 flags=0x40c83e45)
W/PackageManager( 1568): Unknown permission android.permission.ACTIVITY_EMBEDDING in package com.google.android.gms
W/PackageManager( 1568): Unknown permission com.google.android.finsky.permission.ACCESS_INSTANT_APP_NOTIFICATION_ENFORCEMENT in package com.google.android.gms
W/PackageManager( 1568): Unknown permission android.permission.PROVIDE_RESOLVER_RANKER_SERVICE in package com.google.android.gms
W/PackageManager( 1568): Unknown permission com.google.android.clockwork.settings.SHOW_FACTORY_RESET_CONFIRMATION in package com.google.android.gms
W/PackageManager( 1568): Unknown permission com.google.android.wearable.READ_SETTINGS in package com.google.android.gms
W/PackageManager( 1568): Unknown permission android.permission.READ_MEDIA_AUDIO in package com.google.android.gms
W/PackageManager( 1568): Unknown permission android.permission.READ_MEDIA_IMAGES in package com.google.android.gms
W/PackageManager( 1568): Unknown permission android.permission.READ_MEDIA_VIDEO in package com.google.android.gms
W/PackageManager( 1568): Unknown permission android.permission.INTENT_FILTER_VERIFICATION_AGENT in package com.google.android.gms
W/PackageManager( 1568): Unknown permission android.permission.LOCAL_MAC_ADDRESS in package com.google.android.gms
W/PackageManager( 1568): Unknown permission android.permission.CHANGE_DEVICE_IDLE_TEMP_WHITELIST in package com.google.android.gms
W/PackageManager( 1568): Unknown permission android.permission.READ_WIFI_CREDENTIAL in package com.google.android.gms
W/PackageManager( 1568): Unknown permission android.permission.SUBSTITUTE_NOTIFICATION_APP_NAME in package com.google.android.gms
W/PackageManager( 1568): Unknown permission android.permission.SUBSTITUTE_SHARE_TARGET_APP_NAME_AND_ICON in package com.google.android.gms
W/PackageManager( 1568): Unknown permission android.permission.ACTIVITY_RECOGNITION in package com.google.android.gms
W/PackageManager( 1568): Unknown permission android.permission.MANAGE_SUBSCRIPTION_PLANS in package com.google.android.gms
W/PackageManager( 1568): Unknown permission android.permission.READ_DEVICE_CONFIG in package com.google.android.gms
W/PackageManager( 1568): Unknown permission android.permission.WRITE_DEVICE_CONFIG in package com.google.android.gms
W/PackageManager( 1568): Unknown permission com.google.android.apps.now.OPT_IN_WIZARD in package com.google.android.gms
W/PackageManager( 1568): Unknown permission com.google.android.setupwizard.SETUP_COMPAT_SERVICE in package com.google.android.gms
W/PackageManager( 1568): Unknown permission android.permission.MANAGE_ROLLBACKS in package com.google.android.gms
W/PackageManager( 1568): Unknown permission android.permission.REQUEST_DELETE_PACKAGES in package com.google.android.gms
W/PackageManager( 1568): Unknown permission android.permission.NOTIFY_PENDING_SYSTEM_UPDATE in package com.google.android.gms
W/PackageManager( 1568): Unknown permission android.permission.BODY_SENSORS in package com.google.android.gms
W/PackageManager( 1568): Unknown permission com.google.android.launcher.permission.RECEIVE_LAUNCH_BROADCASTS in package com.google.android.gms
W/PackageManager( 1568): Unknown permission com.google.android.vending.verifier.ACCESS_VERIFIER in package com.google.android.gms
W/PackageManager( 1568): Unknown permission android.permission.RESET_PASSWORD in package com.google.android.gms
W/PackageManager( 1568): Unknown permission android.permission.LOCK_DEVICE in package com.google.android.gms
W/PackageManager( 1568): Unknown permission android.permission.CONTROL_KEYGUARD_SECURE_NOTIFICATIONS in package com.google.android.gms
W/PackageManager( 1568): Unknown permission com.google.android.gm.permission.READ_GMAIL in package com.google.android.gms
W/PackageManager( 1568): Unknown permission com.android.voicemail.permission.READ_VOICEMAIL in package com.google.android.gms
W/PackageManager( 1568): Unknown permission com.google.android.voicesearch.SHORTCUTS_ACCESS in package com.google.android.googlequicksearchbox
W/PackageManager( 1568): Unknown permission com.google.android.voicesearch.ACCESS_SETTINGS in package com.google.android.googlequicksearchbox
W/PackageManager( 1568): Unknown permission com.google.android.ears.permission.WRITE in package com.google.android.googlequicksearchbox
W/PackageManager( 1568): Unknown permission com.google.android.apps.googlevoice.permission.AUTO_SEND in package com.google.android.googlequicksearchbox
W/PackageManager( 1568): Unknown permission com.google.android.gm.permission.AUTO_SEND in package com.google.android.googlequicksearchbox
W/PackageManager( 1568): Unknown permission android.permission.REQUEST_DELETE_PACKAGES in package com.google.android.play.games
W/PackageManager( 1568): Unknown permission com.google.android.finsky.permission.BIND_GET_INSTALL_REFERRER_SERVICE in package com.google.android.play.games
W/PackageManager( 1568): Not granting permission android.permission.DELETE_PACKAGES to package com.svox.pico (protectionLevel=18 flags=0x88be45)
W/PackageManager( 1568): Not granting permission android.permission.DEVICE_POWER to package com.android.deskclock (protectionLevel=2 flags=0xc8be45)
W/PackageManager( 1568): Not granting permission android.permission.READ_DREAM_STATE to package com.google.android.gsf (protectionLevel=2 flags=0x40883e45)
W/InputMethodUtils( 1568): NameNotFoundException: com.android.inputmethod.latin
W/InputMethodUtils( 1568): android.content.pm.PackageManager$NameNotFoundException: com.android.inputmethod.latin
W/InputMethodUtils( 1568): 	at android.app.ApplicationPackageManager.getApplicationInfo(ApplicationPackageManager.java:227)
W/InputMethodUtils( 1568): 	at com.android.internal.inputmethod.InputMethodUtils.setNonSelectedSystemImesDisabledUntilUsed(InputMethodUtils.java:441)
W/InputMethodUtils( 1568): 	at com.android.server.InputMethodManagerService.systemRunning(InputMethodManagerService.java:853)
W/InputMethodUtils( 1568): 	at com.android.server.ServerThread$2.run(SystemServer.java:1021)
W/InputMethodUtils( 1568): 	at com.android.server.am.ActivityManagerService.systemReady(ActivityManagerService.java:9363)
W/InputMethodUtils( 1568): 	at com.android.server.am.ActivityManagerService$13$1.run(ActivityManagerService.java:9258)
W/InputMethodUtils( 1568): 	at android.os.Handler.handleCallback(Handler.java:733)
W/InputMethodUtils( 1568): 	at android.os.Handler.dispatchMessage(Handler.java:95)
W/InputMethodUtils( 1568): 	at android.os.Looper.loop(Looper.java:136)
W/InputMethodUtils( 1568): 	at com.android.server.am.ActivityManagerService$AThread.run(ActivityManagerService.java:1870)
I/ActivityManager( 1568): Start proc com.google.android.inputmethod.latin for service com.google.android.inputmethod.latin/com.android.inputmethod.latin.LatinIME: pid=1765 uid=10031 gids={50031, 3003, 1028, 1015}
V/InputMethodManagerService( 1568): Adding window token: android.os.Binder@9dae1c78
W/InputMethodManagerService( 1568): Illegal subtype state: old subtype = null, new subtype = android.view.inputmethod.InputMethodSubtype@c9194f98
I/ActivityManager( 1568): Start proc com.google.android.gms.persistent for service com.google.android.gms/com.google.android.location.network.NetworkLocationService: pid=1779 uid=10007 gids={50007, 3003, 1007, 1028, 1015, 3002, 3001, 3007, 2001, 3006}
I/ActivityManager( 1568): Start proc com.google.process.gapps for content provider com.google.android.gsf/.gservices.GservicesProvider: pid=1795 uid=10007 gids={50007, 3003, 1007, 1028, 1015, 3002, 3001, 3007, 2001, 3006}
W/SocketClient( 1140): write error (Broken pipe)
I/ActivityManager( 1568): Start proc com.android.phone for added application com.android.phone: pid=1820 uid=1001 gids={41001, 3002, 3001, 3003, 1028, 1015}
I/ActivityManager( 1568): START u0 {act=android.intent.action.MAIN cat=[android.intent.category.HOME] flg=0x10000000 cmp=com.android.settings/.CryptKeeper} from pid 0
I/ActivityManager( 1568): Start proc com.android.settings for activity com.android.settings/.CryptKeeper: pid=1830 uid=1000 gids={41000, 1028, 1015, 3002, 3001, 3003}
I/ActivityManager( 1568): Start proc android.process.media for broadcast com.android.providers.downloads/.DownloadReceiver: pid=1845 uid=10005 gids={50005, 1028, 1015, 1023, 1024, 2001, 3003, 3007}
I/ActivityManager( 1568): Start proc android.process.acore for content provider com.android.providers.userdictionary/.UserDictionaryProvider: pid=1861 uid=10002 gids={50002, 3003, 1028, 1015}
I/ActivityManager( 1568): Start proc com.android.printspooler for service com.android.printspooler/.PrintSpoolerService: pid=1887 uid=10044 gids={50044}
I/ActivityManager( 1568): START u0 {act=android.intent.action.MAIN cat=[android.intent.category.HOME] flg=0x10000000 cmp=com.android.sdksetup/.DefaultActivity} from pid 0
I/ActivityManager( 1568): Start proc com.android.sdksetup for activity com.android.sdksetup/.DefaultActivity: pid=1917 uid=10046 gids={50046}
V/KeyguardTouchDelegate( 1656): Connected to keyguard
I/ActivityManager( 1568): Force stopping com.android.sdksetup appid=10046 user=0: pkg changed
I/ActivityManager( 1568): Killing 1917:com.android.sdksetup/u0a46 (adj 0): stop com.android.sdksetup
I/ActivityManager( 1568):   Force finishing activity ActivityRecord{9d541fc8 u0 com.android.sdksetup/.DefaultActivity t2}
I/ActivityManager( 1568): START u0 {act=android.intent.action.MAIN cat=[android.intent.category.HOME] flg=0x10000000 cmp=com.android.launcher/com.android.launcher2.Launcher} from pid 0
I/ActivityManager( 1568): Start proc com.android.launcher for activity com.android.launcher/com.android.launcher2.Launcher: pid=1942 uid=10009 gids={50009}
I/ActivityManager( 1568): Start proc com.android.externalstorage for broadcast com.android.externalstorage/.MountReceiver: pid=1960 uid=10006 gids={50006, 1028, 1015, 1023}
W/BackupManagerService( 1568): dataChanged but no participant pkg='com.android.providers.settings' uid=1001
I/PackageManager( 1568): Adding preferred activity ComponentInfo{com.android.mms/com.android.mms.ui.ComposeMessageActivity} for user 0 :
I/PackageManager( 1568): Adding preferred activity ComponentInfo{com.android.mms/com.android.mms.ui.ComposeMessageActivity} for user 0 :
I/PackageManager( 1568): Adding preferred activity ComponentInfo{com.android.mms/com.android.mms.ui.ComposeMessageActivity} for user 0 :
I/PackageManager( 1568): Adding preferred activity ComponentInfo{com.android.mms/com.android.mms.ui.ComposeMessageActivity} for user 0 :
I/PackageManager( 1568): Adding preferred activity ComponentInfo{com.android.mms/com.android.mms.ui.ComposeMessageActivity} for user 0 :
I/PackageManager( 1568): Adding preferred activity ComponentInfo{com.android.mms/com.android.mms.ui.ComposeMessageActivity} for user 0 :
I/PackageManager( 1568): Adding preferred activity ComponentInfo{com.android.mms/com.android.mms.ui.ComposeMessageActivity} for user 0 :
I/PackageManager( 1568): Adding preferred activity ComponentInfo{com.android.mms/com.android.mms.ui.ComposeMessageActivity} for user 0 :
D/MobileDataStateTracker( 1568): fota: Broadcast received: android.intent.action.ANY_DATA_STATE apnType=fota
D/MobileDataStateTracker( 1568): fota: Received state=DISCONNECTED, old=DISCONNECTED, reason=radioTurnedOff
D/MobileDataStateTracker( 1568): ia: Broadcast received: android.intent.action.ANY_DATA_STATE apnType=ia
D/MobileDataStateTracker( 1568): ia: Received state=DISCONNECTED, old=DISCONNECTED, reason=radioTurnedOff
D/MobileDataStateTracker( 1568): supl: Broadcast received: android.intent.action.ANY_DATA_STATE apnType=supl
D/MobileDataStateTracker( 1568): supl: Received state=DISCONNECTED, old=DISCONNECTED, reason=radioTurnedOff
D/MobileDataStateTracker( 1568): hipri: Broadcast received: android.intent.action.ANY_DATA_STATE apnType=hipri
D/MobileDataStateTracker( 1568): hipri: Received state=DISCONNECTED, old=DISCONNECTED, reason=radioTurnedOff
D/MobileDataStateTracker( 1568): ims: Broadcast received: android.intent.action.ANY_DATA_STATE apnType=ims
D/MobileDataStateTracker( 1568): ims: Received state=DISCONNECTED, old=DISCONNECTED, reason=radioTurnedOff
D/MobileDataStateTracker( 1568): default: Broadcast received: android.intent.action.ANY_DATA_STATE apnType=default
D/MobileDataStateTracker( 1568): default: Received state=DISCONNECTED, old=DISCONNECTED, reason=radioTurnedOff
D/MobileDataStateTracker( 1568): mms: Broadcast received: android.intent.action.ANY_DATA_STATE apnType=mms
D/MobileDataStateTracker( 1568): mms: Received state=DISCONNECTED, old=DISCONNECTED, reason=radioTurnedOff
D/MobileDataStateTracker( 1568): cbs: Broadcast received: android.intent.action.ANY_DATA_STATE apnType=cbs
D/MobileDataStateTracker( 1568): cbs: Received state=DISCONNECTED, old=DISCONNECTED, reason=radioTurnedOff
D/MobileDataStateTracker( 1568): fota: Broadcast received: android.intent.action.ANY_DATA_STATE apnType=fota
D/MobileDataStateTracker( 1568): fota: Received state=DISCONNECTED, old=DISCONNECTED, reason=radioTurnedOff
D/MobileDataStateTracker( 1568): ia: Broadcast received: android.intent.action.ANY_DATA_STATE apnType=ia
D/MobileDataStateTracker( 1568): ia: Received state=DISCONNECTED, old=DISCONNECTED, reason=radioTurnedOff
D/MobileDataStateTracker( 1568): supl: Broadcast received: android.intent.action.ANY_DATA_STATE apnType=supl
D/MobileDataStateTracker( 1568): supl: Received state=DISCONNECTED, old=DISCONNECTED, reason=radioTurnedOff
D/MobileDataStateTracker( 1568): hipri: Broadcast received: android.intent.action.ANY_DATA_STATE apnType=hipri
D/MobileDataStateTracker( 1568): hipri: Received state=DISCONNECTED, old=DISCONNECTED, reason=radioTurnedOff
D/MobileDataStateTracker( 1568): ims: Broadcast received: android.intent.action.ANY_DATA_STATE apnType=ims
D/MobileDataStateTracker( 1568): ims: Received state=DISCONNECTED, old=DISCONNECTED, reason=radioTurnedOff
D/MobileDataStateTracker( 1568): default: Broadcast received: android.intent.action.ANY_DATA_STATE apnType=default
D/MobileDataStateTracker( 1568): default: Received state=DISCONNECTED, old=DISCONNECTED, reason=radioTurnedOff
D/MobileDataStateTracker( 1568): mms: Broadcast received: android.intent.action.ANY_DATA_STATE apnType=mms
D/MobileDataStateTracker( 1568): mms: Received state=DISCONNECTED, old=DISCONNECTED, reason=radioTurnedOff
D/MobileDataStateTracker( 1568): cbs: Broadcast received: android.intent.action.ANY_DATA_STATE apnType=cbs
D/MobileDataStateTracker( 1568): cbs: Received state=DISCONNECTED, old=DISCONNECTED, reason=radioTurnedOff
D/MobileDataStateTracker( 1568): fota: Broadcast received: android.intent.action.ANY_DATA_STATE apnType=fota
D/MobileDataStateTracker( 1568): fota: Received state=DISCONNECTED, old=DISCONNECTED, reason=dataDetached
D/MobileDataStateTracker( 1568): ia: Broadcast received: android.intent.action.ANY_DATA_STATE apnType=ia
D/MobileDataStateTracker( 1568): ia: Received state=DISCONNECTED, old=DISCONNECTED, reason=dataDetached
D/MobileDataStateTracker( 1568): supl: Broadcast received: android.intent.action.ANY_DATA_STATE apnType=supl
D/MobileDataStateTracker( 1568): supl: Received state=DISCONNECTED, old=DISCONNECTED, reason=dataDetached
D/MobileDataStateTracker( 1568): hipri: Broadcast received: android.intent.action.ANY_DATA_STATE apnType=hipri
D/MobileDataStateTracker( 1568): hipri: Received state=DISCONNECTED, old=DISCONNECTED, reason=dataDetached
D/MobileDataStateTracker( 1568): ims: Broadcast received: android.intent.action.ANY_DATA_STATE apnType=ims
D/MobileDataStateTracker( 1568): ims: Received state=DISCONNECTED, old=DISCONNECTED, reason=dataDetached
D/MobileDataStateTracker( 1568): default: Broadcast received: android.intent.action.ANY_DATA_STATE apnType=default
D/MobileDataStateTracker( 1568): default: Received state=DISCONNECTED, old=DISCONNECTED, reason=dataDetached
D/MobileDataStateTracker( 1568): mms: Broadcast received: android.intent.action.ANY_DATA_STATE apnType=mms
D/MobileDataStateTracker( 1568): mms: Received state=DISCONNECTED, old=DISCONNECTED, reason=dataDetached
D/MobileDataStateTracker( 1568): cbs: Broadcast received: android.intent.action.ANY_DATA_STATE apnType=cbs
D/MobileDataStateTracker( 1568): cbs: Received state=DISCONNECTED, old=DISCONNECTED, reason=dataDetached
D/MobileDataStateTracker( 1568): fota: Broadcast received: android.intent.action.ANY_DATA_STATE apnType=fota
D/MobileDataStateTracker( 1568): fota: Received state=DISCONNECTED, old=DISCONNECTED, reason=roamingOff
D/MobileDataStateTracker( 1568): ia: Broadcast received: android.intent.action.ANY_DATA_STATE apnType=ia
D/MobileDataStateTracker( 1568): ia: Received state=DISCONNECTED, old=DISCONNECTED, reason=roamingOff
D/MobileDataStateTracker( 1568): supl: Broadcast received: android.intent.action.ANY_DATA_STATE apnType=supl
D/MobileDataStateTracker( 1568): supl: Received state=DISCONNECTED, old=DISCONNECTED, reason=roamingOff
D/MobileDataStateTracker( 1568): hipri: Broadcast received: android.intent.action.ANY_DATA_STATE apnType=hipri
D/MobileDataStateTracker( 1568): hipri: Received state=DISCONNECTED, old=DISCONNECTED, reason=roamingOff
D/MobileDataStateTracker( 1568): ims: Broadcast received: android.intent.action.ANY_DATA_STATE apnType=ims
D/MobileDataStateTracker( 1568): ims: Received state=DISCONNECTED, old=DISCONNECTED, reason=roamingOff
D/MobileDataStateTracker( 1568): default: Broadcast received: android.intent.action.ANY_DATA_STATE apnType=default
D/MobileDataStateTracker( 1568): default: Received state=DISCONNECTED, old=DISCONNECTED, reason=roamingOff
D/MobileDataStateTracker( 1568): mms: Broadcast received: android.intent.action.ANY_DATA_STATE apnType=mms
D/MobileDataStateTracker( 1568): mms: Received state=DISCONNECTED, old=DISCONNECTED, reason=roamingOff
D/MobileDataStateTracker( 1568): cbs: Broadcast received: android.intent.action.ANY_DATA_STATE apnType=cbs
D/MobileDataStateTracker( 1568): cbs: Received state=DISCONNECTED, old=DISCONNECTED, reason=roamingOff
D/MobileDataStateTracker( 1568): fota: Broadcast received: android.intent.action.ANY_DATA_STATE apnType=fota
D/MobileDataStateTracker( 1568): fota: Received state=DISCONNECTED, old=DISCONNECTED, reason=roamingOff
D/MobileDataStateTracker( 1568): ia: Broadcast received: android.intent.action.ANY_DATA_STATE apnType=ia
D/MobileDataStateTracker( 1568): ia: Received state=DISCONNECTED, old=DISCONNECTED, reason=roamingOff
D/MobileDataStateTracker( 1568): supl: Broadcast received: android.intent.action.ANY_DATA_STATE apnType=supl
D/MobileDataStateTracker( 1568): supl: Received state=DISCONNECTED, old=DISCONNECTED, reason=roamingOff
D/MobileDataStateTracker( 1568): hipri: Broadcast received: android.intent.action.ANY_DATA_STATE apnType=hipri
D/MobileDataStateTracker( 1568): hipri: Received state=DISCONNECTED, old=DISCONNECTED, reason=roamingOff
D/MobileDataStateTracker( 1568): ims: Broadcast received: android.intent.action.ANY_DATA_STATE apnType=ims
D/MobileDataStateTracker( 1568): ims: Received state=DISCONNECTED, old=DISCONNECTED, reason=roamingOff
D/MobileDataStateTracker( 1568): default: Broadcast received: android.intent.action.ANY_DATA_STATE apnType=default
D/MobileDataStateTracker( 1568): default: Received state=DISCONNECTED, old=DISCONNECTED, reason=roamingOff
D/MobileDataStateTracker( 1568): mms: Broadcast received: android.intent.action.ANY_DATA_STATE apnType=mms
D/MobileDataStateTracker( 1568): mms: Received state=DISCONNECTED, old=DISCONNECTED, reason=roamingOff
D/MobileDataStateTracker( 1568): cbs: Broadcast received: android.intent.action.ANY_DATA_STATE apnType=cbs
D/MobileDataStateTracker( 1568): cbs: Received state=DISCONNECTED, old=DISCONNECTED, reason=roamingOff
I/ActivityManager( 1568): Start proc com.android.exchange for content provider com.android.exchange/.provider.ExchangeDirectoryProvider: pid=2008 uid=10027 gids={50027, 3003, 1028, 1015}
I/ActivityManager( 1568): Start proc com.android.email for content provider com.android.email/.provider.EmailProvider: pid=2026 uid=10026 gids={50026, 3003, 1028, 1015}
D/MobileDataStateTracker( 1568): fota: Broadcast received: android.intent.action.ANY_DATA_STATE apnType=fota
D/MobileDataStateTracker( 1568): fota: Received state=DISCONNECTED, old=DISCONNECTED, reason=dataAttached
D/MobileDataStateTracker( 1568): ia: Broadcast received: android.intent.action.ANY_DATA_STATE apnType=ia
D/MobileDataStateTracker( 1568): ia: Received state=DISCONNECTED, old=DISCONNECTED, reason=dataAttached
D/MobileDataStateTracker( 1568): supl: Broadcast received: android.intent.action.ANY_DATA_STATE apnType=supl
D/MobileDataStateTracker( 1568): supl: Received state=DISCONNECTED, old=DISCONNECTED, reason=dataAttached
D/MobileDataStateTracker( 1568): hipri: Broadcast received: android.intent.action.ANY_DATA_STATE apnType=hipri
D/MobileDataStateTracker( 1568): hipri: Received state=DISCONNECTED, old=DISCONNECTED, reason=dataAttached
D/MobileDataStateTracker( 1568): ims: Broadcast received: android.intent.action.ANY_DATA_STATE apnType=ims
D/MobileDataStateTracker( 1568): ims: Received state=DISCONNECTED, old=DISCONNECTED, reason=dataAttached
D/MobileDataStateTracker( 1568): mms: Broadcast received: android.intent.action.ANY_DATA_STATE apnType=mms
D/MobileDataStateTracker( 1568): mms: Received state=DISCONNECTED, old=DISCONNECTED, reason=dataAttached
D/MobileDataStateTracker( 1568): cbs: Broadcast received: android.intent.action.ANY_DATA_STATE apnType=cbs
D/MobileDataStateTracker( 1568): cbs: Received state=DISCONNECTED, old=DISCONNECTED, reason=dataAttached
D/MobileDataStateTracker( 1568): fota: Broadcast received: android.intent.action.ANY_DATA_STATE apnType=fota
D/MobileDataStateTracker( 1568): fota: Received state=DISCONNECTED, old=DISCONNECTED, reason=dataAttached
D/MobileDataStateTracker( 1568): ia: Broadcast received: android.intent.action.ANY_DATA_STATE apnType=ia
D/MobileDataStateTracker( 1568): ia: Received state=DISCONNECTED, old=DISCONNECTED, reason=dataAttached
D/MobileDataStateTracker( 1568): supl: Broadcast received: android.intent.action.ANY_DATA_STATE apnType=supl
D/MobileDataStateTracker( 1568): supl: Received state=DISCONNECTED, old=DISCONNECTED, reason=dataAttached
D/MobileDataStateTracker( 1568): hipri: Broadcast received: android.intent.action.ANY_DATA_STATE apnType=hipri
D/MobileDataStateTracker( 1568): hipri: Received state=DISCONNECTED, old=DISCONNECTED, reason=dataAttached
D/MobileDataStateTracker( 1568): ims: Broadcast received: android.intent.action.ANY_DATA_STATE apnType=ims
D/MobileDataStateTracker( 1568): ims: Received state=DISCONNECTED, old=DISCONNECTED, reason=dataAttached
D/MobileDataStateTracker( 1568): mms: Broadcast received: android.intent.action.ANY_DATA_STATE apnType=mms
D/MobileDataStateTracker( 1568): mms: Received state=DISCONNECTED, old=DISCONNECTED, reason=dataAttached
D/MobileDataStateTracker( 1568): cbs: Broadcast received: android.intent.action.ANY_DATA_STATE apnType=cbs
D/MobileDataStateTracker( 1568): cbs: Received state=DISCONNECTED, old=DISCONNECTED, reason=dataAttached
D/MccTable( 1820): updateMccMncConfiguration: mcc=310, mnc=260
D/MccTable( 1820): getLocaleFromMcc to en_us mcc=310
D/MccTable( 1820): getLocaleForLanguageCountry: got match
D/MccTable( 1820): getLocaleForLanguageCountry: X locale=en_US
D/MccTable( 1820): WIFI_COUNTRY_CODE set to us
I/WifiService( 1568): WifiService trying to set country code to us with persist set to true
D/MccTable( 1820): updateMccMncConfiguration updateConfig config={1.0 310mcc260mnc en_US ldltr ?swdp ?wdp ?hdp ?density ?lsize ?long ?orien ?uimode ?night ?touch ?keyb/?/? ?nav/?}
I/ActivityManager( 1568): Config changes=3 {1.0 310mcc260mnc en_US ldltr sw411dp w411dp h658dp 420dpi nrml port finger qwerty/v/v dpad/v s.5}
D/ActivityThread( 2026): Loading provider com.android.email.provider;com.android.email.notifier: com.android.email.provider.EmailProvider
D/MccTable( 1820): updateMccMncConfiguration: mcc=310, mnc=260
D/MccTable( 1820): getLocaleFromMcc to en_us mcc=310
D/MccTable( 1820): getLocaleForLanguageCountry: skipping already persisted
D/MccTable( 1820): getLocaleForLanguageCountry: X locale=null
D/MccTable( 1820): WIFI_COUNTRY_CODE set to us
I/WifiService( 1568): WifiService trying to set country code to us with persist set to true
D/MccTable( 1820): updateMccMncConfiguration updateConfig config={1.0 310mcc260mnc ?locale ?layoutDir ?swdp ?wdp ?hdp ?density ?lsize ?long ?orien ?uimode ?night ?touch ?keyb/?/? ?nav/?}
D/MobileDataStateTracker( 1568): fota: Broadcast received: android.intent.action.ANY_DATA_STATE apnType=fota
D/MobileDataStateTracker( 1568): fota: Received state=DISCONNECTED, old=DISCONNECTED, reason=simLoaded
D/MobileDataStateTracker( 1568): ia: Broadcast received: android.intent.action.ANY_DATA_STATE apnType=ia
D/MobileDataStateTracker( 1568): ia: Received state=DISCONNECTED, old=DISCONNECTED, reason=simLoaded
D/MobileDataStateTracker( 1568): supl: Broadcast received: android.intent.action.ANY_DATA_STATE apnType=supl
D/MobileDataStateTracker( 1568): supl: Received state=DISCONNECTED, old=DISCONNECTED, reason=simLoaded
D/MobileDataStateTracker( 1568): hipri: Broadcast received: android.intent.action.ANY_DATA_STATE apnType=hipri
D/MobileDataStateTracker( 1568): hipri: Received state=DISCONNECTED, old=DISCONNECTED, reason=simLoaded
D/MobileDataStateTracker( 1568): ims: Broadcast received: android.intent.action.ANY_DATA_STATE apnType=ims
D/MobileDataStateTracker( 1568): ims: Received state=DISCONNECTED, old=DISCONNECTED, reason=simLoaded
D/MobileDataStateTracker( 1568): mms: Broadcast received: android.intent.action.ANY_DATA_STATE apnType=mms
D/MobileDataStateTracker( 1568): mms: Received state=DISCONNECTED, old=DISCONNECTED, reason=simLoaded
D/MobileDataStateTracker( 1568): cbs: Broadcast received: android.intent.action.ANY_DATA_STATE apnType=cbs
D/MobileDataStateTracker( 1568): cbs: Received state=DISCONNECTED, old=DISCONNECTED, reason=simLoaded
D/MobileDataStateTracker( 1568): default: Broadcast received: android.intent.action.ANY_DATA_STATE apnType=default
D/MobileDataStateTracker( 1568): default: Received state=CONNECTING, old=DISCONNECTED, reason=simLoaded
D/MobileDataStateTracker( 1568): default: setDetailed state, old =IDLE and new state=CONNECTING
D/MobileDataStateTracker( 1568): fota: Broadcast received: android.intent.action.ANY_DATA_STATE apnType=fota
D/MobileDataStateTracker( 1568): fota: Received state=DISCONNECTED, old=DISCONNECTED, reason=simLoaded
D/MobileDataStateTracker( 1568): ia: Broadcast received: android.intent.action.ANY_DATA_STATE apnType=ia
D/MobileDataStateTracker( 1568): ia: Received state=DISCONNECTED, old=DISCONNECTED, reason=simLoaded
D/MobileDataStateTracker( 1568): supl: Broadcast received: android.intent.action.ANY_DATA_STATE apnType=supl
D/MobileDataStateTracker( 1568): supl: Received state=DISCONNECTED, old=DISCONNECTED, reason=simLoaded
D/MobileDataStateTracker( 1568): hipri: Broadcast received: android.intent.action.ANY_DATA_STATE apnType=hipri
D/MobileDataStateTracker( 1568): hipri: Received state=DISCONNECTED, old=DISCONNECTED, reason=simLoaded
D/MobileDataStateTracker( 1568): ims: Broadcast received: android.intent.action.ANY_DATA_STATE apnType=ims
D/MobileDataStateTracker( 1568): ims: Received state=DISCONNECTED, old=DISCONNECTED, reason=simLoaded
D/MobileDataStateTracker( 1568): mms: Broadcast received: android.intent.action.ANY_DATA_STATE apnType=mms
D/MobileDataStateTracker( 1568): mms: Received state=DISCONNECTED, old=DISCONNECTED, reason=simLoaded
D/MobileDataStateTracker( 1568): cbs: Broadcast received: android.intent.action.ANY_DATA_STATE apnType=cbs
D/MobileDataStateTracker( 1568): cbs: Received state=DISCONNECTED, old=DISCONNECTED, reason=simLoaded
D/MobileDataStateTracker( 1568): default: Broadcast received: android.intent.action.ANY_DATA_STATE apnType=default
D/MobileDataStateTracker( 1568): default: Received state=CONNECTED, old=CONNECTING, reason=connected
D/MobileDataStateTracker( 1568): default: setDetailed state, old =CONNECTING and new state=CONNECTED
D/ConnectivityService( 1568): ConnectivityChange for mobile: CONNECTED/CONNECTED
D/ConnectivityService( 1568): ConnectivityChange checkMobileProvisioning for TYPE_MOBILE or ProvisioningNetwork
D/ConnectivityService( 1568): checkMobileProvisioning: E suggestedTimeOutMs=60000
D/ConnectivityService( 1568): setProvNotificationVisible: E visible=false networkType=5 extraInfo=null url=null
D/ConnectivityService( 1568): checkMobileProvisioning: params={ url=http://clients3.google.com/generate_204 mTimeOutMs=60000 mCb=com.android.server.ConnectivityService$5@9d51e378}
D/ConnectivityService( 1568): checkMobileProvisioning: X
D/MobileDataStateTracker( 1568): default: isProvisioningNetwork: retVal=false
D/ConnectivityService( 1568): [CheckMp] isMobileOk: isDefaultProvisioning=false
D/MobileDataStateTracker( 1568): hipri: isProvisioningNetwork: retVal=false
D/ConnectivityService( 1568): [CheckMp] isMobileOk: isHipriProvisioning=false
D/ConnectivityService( 1568): [CheckMp] isMobileOk: start hipri url=http://clients3.google.com/generate_204
D/ConnectivityService( 1568): startUsingNetworkFeature reconnecting to 0: enableHIPRI
D/MobileDataStateTracker( 1568): hipri: Broadcast received: android.intent.action.ANY_DATA_STATE apnType=hipri
D/MobileDataStateTracker( 1568): hipri: Received state=CONNECTING, old=DISCONNECTED, reason=dataEnabled
D/MobileDataStateTracker( 1568): hipri: setDetailed state, old =IDLE and new state=CONNECTING
D/MobileDataStateTracker( 1568): fota: Broadcast received: android.intent.action.ANY_DATA_STATE apnType=fota
D/MobileDataStateTracker( 1568): fota: Received state=DISCONNECTED, old=DISCONNECTED, reason=dataEnabled
D/ConnectivityService( 1568): startUsingNetworkFeature X: return APN_REQUEST_STARTED
D/ConnectivityService( 1568): [CheckMp] isMobileOk: hipri started
D/ConnectivityService( 1568): [CheckMp] isMobileOk: not connected ni=NetworkInfo: type: mobile_hipri[LTE], state: DISCONNECTED/IDLE, reason: (unspecified), extra: (none), roaming: false, failover: false, isAvailable: true, isConnectedToProvisioningNetwork: false
D/MobileDataStateTracker( 1568): ia: Broadcast received: android.intent.action.ANY_DATA_STATE apnType=ia
D/MobileDataStateTracker( 1568): ia: Received state=DISCONNECTED, old=DISCONNECTED, reason=dataEnabled
D/Nat464Xlat( 1568): requiresClat: netType=0, hasIPv4Address=true
D/MobileDataStateTracker( 1568): supl: Broadcast received: android.intent.action.ANY_DATA_STATE apnType=supl
D/MobileDataStateTracker( 1568): supl: Received state=DISCONNECTED, old=DISCONNECTED, reason=dataEnabled
D/MobileDataStateTracker( 1568): ims: Broadcast received: android.intent.action.ANY_DATA_STATE apnType=ims
D/MobileDataStateTracker( 1568): ims: Received state=DISCONNECTED, old=DISCONNECTED, reason=dataEnabled
D/MobileDataStateTracker( 1568): mms: Broadcast received: android.intent.action.ANY_DATA_STATE apnType=mms
D/MobileDataStateTracker( 1568): mms: Received state=DISCONNECTED, old=DISCONNECTED, reason=dataEnabled
D/MobileDataStateTracker( 1568): cbs: Broadcast received: android.intent.action.ANY_DATA_STATE apnType=cbs
D/MobileDataStateTracker( 1568): cbs: Received state=DISCONNECTED, old=DISCONNECTED, reason=dataEnabled
D/MobileDataStateTracker( 1568): hipri: Broadcast received: android.intent.action.ANY_DATA_STATE apnType=hipri
D/MobileDataStateTracker( 1568): hipri: Received state=CONNECTED, old=CONNECTING, reason=dataEnabled
D/MobileDataStateTracker( 1568): hipri: setDetailed state, old =IDLE and new state=CONNECTED
D/ConnectivityService( 1568): ConnectivityChange for mobile_hipri: CONNECTED/CONNECTED
I/WindowManager( 1568): Screen frozen for +634ms due to Window{9d9e8d28 u0 com.android.launcher/com.android.launcher2.Launcher}
D/Nat464Xlat( 1568): requiresClat: netType=5, hasIPv4Address=true
W/ActivityManager( 1568): Unable to start service Intent { cmp=com.android.email/.service.AttachmentDownloadService } U=0: not found
W/ActivityManager( 1568): Unable to start service Intent { cmp=com.android.email/.service.AttachmentDownloadService } U=0: not found
D/MobileDataStateTracker( 1568): hipri: isProvisioningNetwork: retVal=false
D/ConnectivityService( 1568): [CheckMp] isMobileOk: isProvisioningNetwork is false, continue
