D/ConnectivityService( 1568): [CheckMp] isMobileOk: addresses=clients3.google.com/172.217.13.206,clients3.google.com/2607:f8b0:4020:804::200e
D/ConnectivityService( 1568): [CheckMp] isMobileOk: linkHasIpv4=true linkHasIpv6=false
D/ConnectivityService( 1568): requestRouteToHostAddress ok=true
D/ConnectivityService( 1568): [CheckMp] isMobileOk: wait to establish route to hostAddr=clients3.google.com/172.217.13.206
I/ActivityManager( 1568): Start proc com.google.android.gms for service com.google.android.gms/.chimera.GmsIntentOperationService: pid=2087 uid=10007 gids={50007, 3003, 1007, 1028, 1015, 3002, 3001, 3007, 2001, 3006}
D/ConnectivityService( 1568): [CheckMp] isMobileOk: newUrl=https://172.217.13.206/generate_204
W/ActivityThread( 1568): ClassLoader.loadClass: The class loader returned by Thread.getContextClassLoader() may fail for processes that host multiple applications. You should explicitly specify a context class loader. For example: Thread.setContextClassLoader(getClass().getClassLoader());
--------- beginning of /dev/log/main
D/dalvikvm( 1779): VFY: replacing opcode 0x71 at 0x0003
W/dalvikvm( 1779): Unable to resolve superclass of Lcom/google/android/gms/org/conscrypt/TrustManagerImpl; (5184)
W/dalvikvm( 1779): Link of class 'Lcom/google/android/gms/org/conscrypt/TrustManagerImpl;' failed
W/dalvikvm( 1779): VFY: unable to find class referenced in signature (Lcom/google/android/gms/org/conscrypt/TrustManagerImpl;)
W/dalvikvm( 1779): Unable to resolve superclass of Lcom/google/android/gms/org/conscrypt/TrustManagerImpl; (5184)
W/dalvikvm( 1779): Link of class 'Lcom/google/android/gms/org/conscrypt/TrustManagerImpl;' failed
I/dalvikvm( 1779): Could not find method com.google.android.gms.org.conscrypt.TrustManagerImpl.setHostnameVerifier, referenced from method com.google.android.gms.org.conscrypt.Conscrypt.setHostnameVerifier
W/dalvikvm( 1779): VFY: unable to resolve virtual method 17883: Lcom/google/android/gms/org/conscrypt/TrustManagerImpl;.setHostnameVerifier (Lcom/google/android/gms/org/conscrypt/ConscryptHostnameVerifier;)V
D/dalvikvm( 1779): VFY: replacing opcode 0x6e at 0x0004
D/dalvikvm( 2087): GC_FOR_ALLOC freed 1275K, 36% free 3549K/5488K, paused 3ms, total 3ms
W/dalvikvm( 2087): Unable to resolve superclass of Lcom/google/android/gms/org/conscrypt/TrustManagerImpl; (5184)
W/dalvikvm( 2087): Link of class 'Lcom/google/android/gms/org/conscrypt/TrustManagerImpl;' failed
W/dalvikvm( 2087): VFY: unable to find class referenced in signature (Lcom/google/android/gms/org/conscrypt/TrustManagerImpl;)
W/dalvikvm( 2087): Unable to resolve superclass of Lcom/google/android/gms/org/conscrypt/TrustManagerImpl; (5184)
W/dalvikvm( 2087): Link of class 'Lcom/google/android/gms/org/conscrypt/TrustManagerImpl;' failed
I/dalvikvm( 2087): Could not find method com.google.android.gms.org.conscrypt.TrustManagerImpl.getHostnameVerifier, referenced from method com.google.android.gms.org.conscrypt.Conscrypt.getHostnameVerifier
W/dalvikvm( 2087): VFY: unable to resolve virtual method 17872: Lcom/google/android/gms/org/conscrypt/TrustManagerImpl;.getHostnameVerifier ()Lcom/google/android/gms/org/conscrypt/ConscryptHostnameVerifier;
D/dalvikvm( 2087): VFY: replacing opcode 0x6e at 0x0004
W/dalvikvm( 2087): Unable to resolve superclass of Lcom/google/android/gms/org/conscrypt/TrustManagerImpl; (5184)
W/dalvikvm( 2087): Link of class 'Lcom/google/android/gms/org/conscrypt/TrustManagerImpl;' failed
E/dalvikvm( 2087): Could not find class 'com.google.android.gms.org.conscrypt.TrustManagerImpl', referenced from method com.google.android.gms.org.conscrypt.Conscrypt.isConscrypt
W/dalvikvm( 2087): VFY: unable to resolve instanceof 4452 (Lcom/google/android/gms/org/conscrypt/TrustManagerImpl;) in Lcom/google/android/gms/org/conscrypt/Conscrypt;
D/dalvikvm( 2087): VFY: replacing opcode 0x20 at 0x0000
D/dalvikvm( 1779): GC_FOR_ALLOC freed 1394K, 43% free 3404K/5932K, paused 3ms, total 3ms
W/dalvikvm( 1779): Unable to resolve superclass of Lcom/google/android/gms/org/conscrypt/TrustManagerImpl; (5184)
W/dalvikvm( 1779): Link of class 'Lcom/google/android/gms/org/conscrypt/TrustManagerImpl;' failed
E/dalvikvm( 1779): Could not find class 'com.google.android.gms.org.conscrypt.TrustManagerImpl', referenced from method com.google.android.gms.org.conscrypt.Conscrypt.toConscrypt
W/dalvikvm( 1779): VFY: unable to resolve check-cast 4452 (Lcom/google/android/gms/org/conscrypt/TrustManagerImpl;) in Lcom/google/android/gms/org/conscrypt/Conscrypt;
D/dalvikvm( 1779): VFY: replacing opcode 0x1f at 0x002a
W/dalvikvm( 2087): Unable to resolve superclass of Lcom/google/android/gms/org/conscrypt/TrustManagerImpl; (5184)
W/dalvikvm( 2087): Link of class 'Lcom/google/android/gms/org/conscrypt/TrustManagerImpl;' failed
I/dalvikvm( 2087): Could not find method com.google.android.gms.org.conscrypt.TrustManagerImpl.setDefaultHostnameVerifier, referenced from method com.google.android.gms.org.conscrypt.Conscrypt.setDefaultHostnameVerifier
W/dalvikvm( 2087): VFY: unable to resolve static method 17882: Lcom/google/android/gms/org/conscrypt/TrustManagerImpl;.setDefaultHostnameVerifier (Lcom/google/android/gms/org/conscrypt/ConscryptHostnameVerifier;)V
D/dalvikvm( 2087): VFY: replacing opcode 0x71 at 0x0003
W/dalvikvm( 2087): Unable to resolve superclass of Lcom/google/android/gms/org/conscrypt/TrustManagerImpl; (5184)
W/dalvikvm( 2087): Link of class 'Lcom/google/android/gms/org/conscrypt/TrustManagerImpl;' failed
W/dalvikvm( 2087): VFY: unable to find class referenced in signature (Lcom/google/android/gms/org/conscrypt/TrustManagerImpl;)
W/dalvikvm( 2087): Unable to resolve superclass of Lcom/google/android/gms/org/conscrypt/TrustManagerImpl; (5184)
W/dalvikvm( 2087): Link of class 'Lcom/google/android/gms/org/conscrypt/TrustManagerImpl;' failed
I/dalvikvm( 2087): Could not find method com.google.android.gms.org.conscrypt.TrustManagerImpl.setHostnameVerifier, referenced from method com.google.android.gms.org.conscrypt.Conscrypt.setHostnameVerifier
W/dalvikvm( 2087): VFY: unable to resolve virtual method 17883: Lcom/google/android/gms/org/conscrypt/TrustManagerImpl;.setHostnameVerifier (Lcom/google/android/gms/org/conscrypt/ConscryptHostnameVerifier;)V
D/dalvikvm( 2087): VFY: replacing opcode 0x6e at 0x0004
W/dalvikvm( 2087): Unable to resolve superclass of Lcom/google/android/gms/org/conscrypt/TrustManagerImpl; (5184)
W/dalvikvm( 2087): Link of class 'Lcom/google/android/gms/org/conscrypt/TrustManagerImpl;' failed
E/dalvikvm( 2087): Could not find class 'com.google.android.gms.org.conscrypt.TrustManagerImpl', referenced from method com.google.android.gms.org.conscrypt.Conscrypt.toConscrypt
W/dalvikvm( 2087): VFY: unable to resolve check-cast 4452 (Lcom/google/android/gms/org/conscrypt/TrustManagerImpl;) in Lcom/google/android/gms/org/conscrypt/Conscrypt;
D/dalvikvm( 2087): VFY: replacing opcode 0x1f at 0x002a
D/dalvikvm( 2087): GC_FOR_ALLOC freed 383K, 33% free 3677K/5488K, paused 2ms, total 2ms
D/dalvikvm( 1779): GC_FOR_ALLOC freed 173K, 37% free 3743K/5932K, paused 2ms, total 2ms
D/dalvikvm( 2087): GC_FOR_ALLOC freed 141K, 27% free 4048K/5488K, paused 3ms, total 3ms
D/dalvikvm( 2087): GC_FOR_ALLOC freed 139K, 20% free 4420K/5488K, paused 3ms, total 3ms
D/dalvikvm( 1779): GC_FOR_ALLOC freed 143K, 31% free 4112K/5932K, paused 2ms, total 2ms
D/dalvikvm( 2087): GC_FOR_ALLOC freed 129K, 13% free 4789K/5488K, paused 2ms, total 2ms
D/dalvikvm( 1779): GC_FOR_ALLOC freed 133K, 25% free 4490K/5932K, paused 2ms, total 3ms
E/dalvikvm( 2087): Could not find class 'javax.net.ssl.SNIServerName', referenced from method com.google.android.gms.org.conscrypt.Platform.getSniHostnameFromParams
W/dalvikvm( 2087): VFY: unable to resolve check-cast 5160 (Ljavax/net/ssl/SNIServerName;) in Lcom/google/android/gms/org/conscrypt/Platform;
D/dalvikvm( 2087): VFY: replacing opcode 0x1f at 0x0025
E/dalvikvm( 2087): Could not find class 'javax.net.ssl.SNIHostName', referenced from method com.google.android.gms.org.conscrypt.Platform.setParametersSniHostname
W/dalvikvm( 2087): VFY: unable to resolve new-instance 5159 (Ljavax/net/ssl/SNIHostName;) in Lcom/google/android/gms/org/conscrypt/Platform;
D/dalvikvm( 2087): VFY: replacing opcode 0x22 at 0x0024
E/dalvikvm( 2087): Could not find class 'javax.net.ssl.SNIHostName', referenced from method com.google.android.gms.org.conscrypt.Platform.setParametersSniHostname
W/dalvikvm( 2087): VFY: unable to resolve new-instance 5159 (Ljavax/net/ssl/SNIHostName;) in Lcom/google/android/gms/org/conscrypt/Platform;
D/dalvikvm( 2087): VFY: replacing opcode 0x22 at 0x0024
D/dalvikvm( 2087): GC_FOR_ALLOC freed 232K, 10% free 5073K/5576K, paused 2ms, total 2ms
D/dalvikvm( 2087): DexOpt: unable to opt direct call 0x52f9 at 0x2a in Lcom/google/android/gms/org/conscrypt/Platform;.setParametersSniHostname
D/dalvikvm( 2087): DexOpt: unable to opt direct call 0x52f9 at 0x2a in Lcom/google/android/gms/org/conscrypt/Platform;.setParametersSniHostname
D/dalvikvm( 1779): GC_FOR_ALLOC freed 147K, 19% free 4855K/5932K, paused 2ms, total 2ms
E/dalvikvm( 1779): Could not find class 'javax.net.ssl.SNIServerName', referenced from method com.google.android.gms.org.conscrypt.Platform.getSniHostnameFromParams
W/dalvikvm( 1779): VFY: unable to resolve check-cast 5160 (Ljavax/net/ssl/SNIServerName;) in Lcom/google/android/gms/org/conscrypt/Platform;
D/dalvikvm( 1779): VFY: replacing opcode 0x1f at 0x0025
E/dalvikvm( 1779): Could not find class 'javax.net.ssl.SNIHostName', referenced from method com.google.android.gms.org.conscrypt.Platform.setParametersSniHostname
W/dalvikvm( 1779): VFY: unable to resolve new-instance 5159 (Ljavax/net/ssl/SNIHostName;) in Lcom/google/android/gms/org/conscrypt/Platform;
D/dalvikvm( 1779): VFY: replacing opcode 0x22 at 0x0024
E/dalvikvm( 1779): Could not find class 'javax.net.ssl.SNIHostName', referenced from method com.google.android.gms.org.conscrypt.Platform.setParametersSniHostname
W/dalvikvm( 1779): VFY: unable to resolve new-instance 5159 (Ljavax/net/ssl/SNIHostName;) in Lcom/google/android/gms/org/conscrypt/Platform;
D/dalvikvm( 1779): VFY: replacing opcode 0x22 at 0x0024
D/dalvikvm( 1779): DexOpt: unable to opt direct call 0x52f9 at 0x2a in Lcom/google/android/gms/org/conscrypt/Platform;.setParametersSniHostname
D/dalvikvm( 1779): DexOpt: unable to opt direct call 0x52f9 at 0x2a in Lcom/google/android/gms/org/conscrypt/Platform;.setParametersSniHostname
I/ProviderInstaller( 2087): Installed default security provider GmsCore_OpenSSL
I/Safeboot( 2087): Checking safeboot...
I/Safeboot( 2087): Not entering safeboot; wrong process.
D/dalvikvm( 2087): GC_FOR_ALLOC freed 434K, 12% free 5285K/5956K, paused 3ms, total 3ms
D/dalvikvm( 1779): GC_FOR_ALLOC freed 426K, 15% free 5051K/5932K, paused 6ms, total 6ms
E/dalvikvm( 2087): Could not find class 'com.google.common.flogger.backend.google.GooglePlatform', referenced from method beui.a
W/dalvikvm( 2087): VFY: unable to resolve const-class 4605 (Lcom/google/common/flogger/backend/google/GooglePlatform;) in Lbeui;
D/dalvikvm( 2087): VFY: replacing opcode 0x1c at 0x001b
D/dalvikvm( 1795): GC_EXPLICIT freed 457K, 17% free 3195K/3836K, paused 1ms+0ms, total 4ms
I/ProviderInstaller( 1779): Installed default security provider GmsCore_OpenSSL
I/Safeboot( 1779): Checking safeboot...
I/Safeboot Condition( 1779): No need to enter Safeboot.
E/dalvikvm( 1779): Could not find class 'com.google.common.flogger.backend.google.GooglePlatform', referenced from method beui.a
W/dalvikvm( 1779): VFY: unable to resolve const-class 4605 (Lcom/google/common/flogger/backend/google/GooglePlatform;) in Lbeui;
D/dalvikvm( 1779): VFY: replacing opcode 0x1c at 0x001b
D/dalvikvm( 2087): GC_FOR_ALLOC freed 288K, 9% free 5703K/6240K, paused 5ms, total 5ms
I/auxu    ( 1779): Primes not initialized, returning default (no-op) Primes instance which will ignore all calls. Please call Primes.initialize(...) before using any Primes API.
I/auxu    ( 2087): Primes not initialized, returning default (no-op) Primes instance which will ignore all calls. Please call Primes.initialize(...) before using any Primes API.
I/DeviceDrDatabaseHelper( 1779): Creating databases!
I/dalvikvm( 2087): Could not find method android.content.Context.bindService, referenced from method uws.bindService
W/dalvikvm( 2087): VFY: unable to resolve virtual method 2453: Landroid/content/Context;.bindService (Landroid/content/Intent;ILjava/util/concurrent/Executor;Landroid/content/ServiceConnection;)Z
D/dalvikvm( 2087): VFY: replacing opcode 0x6e at 0x0018
I/dalvikvm( 2087): Could not find method android.content.Context.bindService, referenced from method uws.bindService
W/dalvikvm( 2087): VFY: unable to resolve virtual method 2453: Landroid/content/Context;.bindService (Landroid/content/Intent;ILjava/util/concurrent/Executor;Landroid/content/ServiceConnection;)Z
D/dalvikvm( 2087): VFY: replacing opcode 0x6e at 0x0030
I/dalvikvm( 2087): Could not find method android.content.Context.startForegroundService, referenced from method uws.startForegroundService
W/dalvikvm( 2087): VFY: unable to resolve virtual method 2501: Landroid/content/Context;.startForegroundService (Landroid/content/Intent;)Landroid/content/ComponentName;
D/dalvikvm( 2087): VFY: replacing opcode 0x6e at 0x001c
I/dalvikvm( 2087): Could not find method android.content.Context.startForegroundService, referenced from method uws.startForegroundService
W/dalvikvm( 2087): VFY: unable to resolve virtual method 2501: Landroid/content/Context;.startForegroundService (Landroid/content/Intent;)Landroid/content/ComponentName;
D/dalvikvm( 2087): VFY: replacing opcode 0x6e at 0x0028
I/dalvikvm( 2087): Could not find method android.os.PowerManager.isPowerSaveMode, referenced from method uwl.a
W/dalvikvm( 2087): VFY: unable to resolve virtual method 3047: Landroid/os/PowerManager;.isPowerSaveMode ()Z
D/dalvikvm( 2087): VFY: replacing opcode 0x6e at 0x0010
I/dalvikvm( 1779): Could not find method android.content.Context.bindService, referenced from method uws.bindService
W/dalvikvm( 1779): VFY: unable to resolve virtual method 2453: Landroid/content/Context;.bindService (Landroid/content/Intent;ILjava/util/concurrent/Executor;Landroid/content/ServiceConnection;)Z
D/dalvikvm( 1779): VFY: replacing opcode 0x6e at 0x0018
I/dalvikvm( 1779): Could not find method android.content.Context.bindService, referenced from method uws.bindService
W/dalvikvm( 1779): VFY: unable to resolve virtual method 2453: Landroid/content/Context;.bindService (Landroid/content/Intent;ILjava/util/concurrent/Executor;Landroid/content/ServiceConnection;)Z
D/dalvikvm( 1779): VFY: replacing opcode 0x6e at 0x0030
I/dalvikvm( 1779): Could not find method android.content.Context.startForegroundService, referenced from method uws.startForegroundService
W/dalvikvm( 1779): VFY: unable to resolve virtual method 2501: Landroid/content/Context;.startForegroundService (Landroid/content/Intent;)Landroid/content/ComponentName;
D/dalvikvm( 1779): VFY: replacing opcode 0x6e at 0x001c
I/dalvikvm( 1779): Could not find method android.content.Context.startForegroundService, referenced from method uws.startForegroundService
W/dalvikvm( 1779): VFY: unable to resolve virtual method 2501: Landroid/content/Context;.startForegroundService (Landroid/content/Intent;)Landroid/content/ComponentName;
D/dalvikvm( 1779): VFY: replacing opcode 0x6e at 0x0028
I/dalvikvm( 1779): Could not find method android.os.PowerManager.isPowerSaveMode, referenced from method uwl.a
W/dalvikvm( 1779): VFY: unable to resolve virtual method 3047: Landroid/os/PowerManager;.isPowerSaveMode ()Z
D/dalvikvm( 1779): VFY: replacing opcode 0x6e at 0x0010
D/dalvikvm( 1779): GC_FOR_ALLOC freed 405K, 11% free 5332K/5932K, paused 5ms, total 5ms
I/dalvikvm( 1779): Could not find method android.os.PowerManager.isPowerSaveMode, referenced from method ayli.c
W/dalvikvm( 1779): VFY: unable to resolve virtual method 1679: Landroid/os/PowerManager;.isPowerSaveMode ()Z
D/dalvikvm( 1779): VFY: replacing opcode 0x6e at 0x000a
E/dalvikvm( 1779): Could not find class 'android.content.RestrictionsManager', referenced from method axpy.a
W/dalvikvm( 1779): VFY: unable to resolve check-cast 215 (Landroid/content/RestrictionsManager;) in Laxpy;
D/dalvikvm( 1779): VFY: replacing opcode 0x1f at 0x009b
D/dalvikvm( 2087): GC_FOR_ALLOC freed 264K, 9% free 6244K/6796K, paused 5ms, total 5ms
D/dalvikvm( 1795): GC_FOR_ALLOC freed 511K, 20% free 3195K/3956K, paused 2ms, total 2ms
D/ConnectivityService( 1568): [CheckMp] isMobileOk: hostnameVerify retVal=true hostname=172.217.13.206 orgUriHost=clients3.google.com
D/dalvikvm( 2087): GC_FOR_ALLOC freed 264K, 8% free 6928K/7516K, paused 9ms, total 9ms
D/dalvikvm( 1779): GC_FOR_ALLOC freed 609K, 13% free 5480K/6296K, paused 4ms, total 4ms
I/NativeLibraryUtils( 2087): Extraction to /data/data/com.google.android.gms/app_extracted_libs/x86/libAppDataSearch.so true
E/SQLiteLog( 1779): (1) no such table: Packages
I/NativeLibraryUtils( 2087): Extraction to /data/data/com.google.android.gms/app_extracted_libs/x86/libWhisper.so true
D/dalvikvm( 1568): GC_FOR_ALLOC freed 772K, 51% free 7287K/14816K, paused 9ms, total 9ms
I/NativeLibraryUtils( 2087): Extraction to /data/data/com.google.android.gms/app_extracted_libs/x86/libconscrypt_gmscore_jni.so true
D/ConnectivityService( 1568): [CheckMp] isMobileOk: headers={null=[HTTP/1.1 204 No Content], Alt-Svc=[h3=":443"; ma=2592000,h3-29=":443"; ma=2592000,h3-T051=":443"; ma=2592000,h3-Q050=":443"; ma=2592000,h3-Q046=":443"; ma=2592000,h3-Q043=":443"; ma=2592000,quic=":443"; ma=2592000; v="46,43"], Connection=[close], Content-Length=[0], Date=[Sun, 15 Aug 2021 15:11:32 GMT], X-Android-Received-Millis=[1629040292514], X-Android-Response-Source=[NETWORK 204], X-Android-Selected-Transport=[http/1.1], X-Android-Sent-Millis=[1629040292384]}
D/ConnectivityService( 1568): [CheckMp] isMobileOk: X got expected responseCode=204 result=1
D/ConnectivityService( 1568): [CheckMp] isMobileOk: F stop hipri
D/MobileDataStateTracker( 1568): default: setEnableFailFastMobileData(enabled=0)
D/ConnectivityService( 1568): stopUsingNetworkFeature: teardown net 0: enableHIPRI
I/NativeLibraryUtils( 2087): Extraction to /data/data/com.google.android.gms/app_extracted_libs/x86/libgcastv2_base.so true
D/MobileDataStateTracker( 1568): hipri: Broadcast received: android.intent.action.ANY_DATA_STATE apnType=hipri
D/MobileDataStateTracker( 1568): hipri: Received state=DISCONNECTED, old=CONNECTED, reason=dataDisabled
D/MobileDataStateTracker( 1568): hipri: setDetailed state, old =CONNECTED and new state=DISCONNECTED
D/ConnectivityService( 1568): ConnectivityChange for mobile_hipri: DISCONNECTED/DISCONNECTED
D/dalvikvm( 1779): GC_FOR_ALLOC freed 831K, 16% free 5463K/6492K, paused 4ms, total 4ms
E/ConfigFileUtils( 2087): Failed to read config file: /data/data/com.google.android.gms/app_chimera/current_fileapks.pb: open failed: ENOENT (No such file or directory)
I/GmsModuleFndr( 2087): Beginning GMS chimera module scan
E/ConfigFileUtils( 2087): Failed to read config file: /data/data/com.google.android.gms/app_chimera/current_fileapks.pb: open failed: ENOENT (No such file or directory)
I/ModuleSetMgr( 2087): Computing pending module set with APKs: []
I/dalvikvm( 1779): Could not find method android.content.ServiceConnection.onNullBinding, referenced from method uxb.onNullBinding
W/dalvikvm( 1779): VFY: unable to resolve interface method 2566: Landroid/content/ServiceConnection;.onNullBinding (Landroid/content/ComponentName;)V
D/dalvikvm( 1779): VFY: replacing opcode 0x72 at 0x000f
I/ModuleSetMgr( 2087): Pending container module APKs: []
I/ModuleSetMgr( 2087): Pending non-container module APKs: []
E/ConfigFileUtils( 2087): Failed to read config file: /data/data/com.google.android.gms/app_chimera/current_fileapks.pb: open failed: ENOENT (No such file or directory)
D/Nat464Xlat( 1568): requiresClat: netType=5, hasIPv4Address=true
E/ConfigFileUtils( 2087): Failed to read config file: /data/data/com.google.android.gms/app_chimera/current_fileapks.pb: open failed: ENOENT (No such file or directory)
I/GmsModuleFndr( 2087): Beginning GMS chimera module scan
I/NativeLibraryUtils( 2087): Extraction to /data/data/com.google.android.gms/app_extracted_libs/x86/libgcastv2_support.so true
E/ConfigFileUtils( 2087): Failed to read config file: /data/data/com.google.android.gms/app_chimera/current_fileapks.pb: open failed: ENOENT (No such file or directory)
I/ModuleSetMgr( 2087): Computing pending module set with APKs: []
I/ModuleSetMgr( 2087): Pending container module APKs: []
I/ModuleSetMgr( 2087): Pending non-container module APKs: []
E/ConfigFileUtils( 2087): Failed to read config file: /data/data/com.google.android.gms/app_chimera/current_fileapks.pb: open failed: ENOENT (No such file or directory)
I/NativeLibraryUtils( 2087): Extraction to /data/data/com.google.android.gms/app_extracted_libs/x86/libgmscore.so true
I/NativeLibraryUtils( 2087): Extraction to /data/data/com.google.android.gms/app_extracted_libs/x86/libgoogle-ocrclient-v3.so true
D/dalvikvm( 1779): GC_FOR_ALLOC freed 690K, 14% free 5598K/6492K, paused 5ms, total 5ms
I/NativeLibraryUtils( 2087): Extraction to /data/data/com.google.android.gms/app_extracted_libs/x86/libinertial-anchor-jni.so true
E/ConfigFileUtils( 2087): Failed to read config file: /data/data/com.google.android.gms/app_chimera/current_fileapks.pb: open failed: ENOENT (No such file or directory)
I/NativeLibraryUtils( 2087): Extraction to /data/data/com.google.android.gms/app_extracted_libs/x86/libjgcastservice.so true
D/dalvikvm( 2087): GC_FOR_ALLOC freed 1061K, 16% free 7084K/8420K, paused 12ms, total 12ms
E/StrictMode( 2087): A resource was acquired at attached stack trace but never released. See java.io.Closeable for information on avoiding resource leaks.
E/StrictMode( 2087): java.lang.Throwable: Explicit termination method 'end' not called
E/StrictMode( 2087): 	at dalvik.system.CloseGuard.open(CloseGuard.java:184)
E/StrictMode( 2087): 	at java.util.zip.Inflater.<init>(Inflater.java:82)
E/StrictMode( 2087): 	at java.util.zip.ZipFile.getInputStream(ZipFile.java:310)
E/StrictMode( 2087): 	at npp.d(:com.google.android.gms@202414005@20.24.14 (000700-319035315):36)
E/StrictMode( 2087): 	at mob.run(:com.google.android.gms@202414005@20.24.14 (000700-319035315):0)
I/GmsModuleFndr( 2087): Beginning GMS chimera module scan
E/ConfigFileUtils( 2087): Failed to read config file: /data/data/com.google.android.gms/app_chimera/current_fileapks.pb: open failed: ENOENT (No such file or directory)
I/ModuleSetMgr( 2087): Computing pending module set with APKs: []
I/ModuleSetMgr( 2087): Pending container module APKs: []
I/ModuleSetMgr( 2087): Pending non-container module APKs: []
E/ConfigFileUtils( 2087): Failed to read config file: /data/data/com.google.android.gms/app_chimera/current_fileapks.pb: open failed: ENOENT (No such file or directory)
I/dalvikvm( 2087): Could not find method android.accounts.AccountManager.removeAccount, referenced from method ymq.c
W/dalvikvm( 2087): VFY: unable to resolve virtual method 4165: Landroid/accounts/AccountManager;.removeAccount (Landroid/accounts/Account;Landroid/app/Activity;Landroid/accounts/AccountManagerCallback;Landroid/os/Handler;)Landroid/accounts/AccountManagerFuture;
D/dalvikvm( 2087): VFY: replacing opcode 0x6e at 0x0009
I/dalvikvm( 2087): Could not find method android.accounts.AccountManager.removeAccountExplicitly, referenced from method ymq.d
W/dalvikvm( 2087): VFY: unable to resolve virtual method 4166: Landroid/accounts/AccountManager;.removeAccountExplicitly (Landroid/accounts/Account;)Z
D/dalvikvm( 2087): VFY: replacing opcode 0x6e at 0x0008
W/ModuleManager( 1779): Unable to get current module's fulfilled APIs in ModuleManager created with non-module Context
I/dalvikvm( 1779): Could not find method android.system.Os.statvfs, referenced from method mbx.a
W/dalvikvm( 1779): VFY: unable to resolve static method 5777: Landroid/system/Os;.statvfs (Ljava/lang/String;)Landroid/system/StructStatVfs;
D/dalvikvm( 1779): VFY: replacing opcode 0x71 at 0x0029
I/dalvikvm( 1779): DexOpt: unable to optimize instance field ref 0x076d at 0x2d in Lmbx;.a
D/dalvikvm( 1568): GC_FOR_ALLOC freed 1033K, 51% free 7329K/14816K, paused 15ms, total 15ms
D/dalvikvm( 1779): GC_EXPLICIT freed 452K, 15% free 5561K/6492K, paused 0ms+1ms, total 9ms
E/BluetoothAdapter( 1830): Bluetooth binder is null
I/ActivityManager( 1568): Start proc com.android.music for broadcast com.android.music/.MediaButtonIntentReceiver: pid=2153 uid=10036 gids={50036, 3003, 1028, 1015}
D/dalvikvm( 1144): GC_EXPLICIT freed 39K, 8% free 2993K/3220K, paused 0ms+0ms, total 11ms
I/dalvikvm( 1779): Could not find method android.os.UserHandle.isOwner, referenced from method ahls.a
W/dalvikvm( 1779): VFY: unable to resolve virtual method 29745: Landroid/os/UserHandle;.isOwner ()Z
D/dalvikvm( 1779): VFY: replacing opcode 0x6e at 0x000a
D/dalvikvm( 1144): GC_EXPLICIT freed <1K, 8% free 2993K/3220K, paused 0ms+0ms, total 8ms
I/NearbyDiscovery( 1779): DiscoveryService created [CONTEXT service_id=49 ]
D/dalvikvm( 1144): GC_EXPLICIT freed <1K, 8% free 2993K/3220K, paused 0ms+7ms, total 15ms
I/dalvikvm( 2153): CheckJNI enabled: not enabling JNI app bug workarounds.
I/PackageManager( 1568): Running dexopt on: com.android.music
I/dalvikvm( 2087): Could not find method android.app.Activity.getMediaController, referenced from method com.google.android.chimera.ActivityBase.getMediaController
W/dalvikvm( 2087): VFY: unable to resolve virtual method 2155: Landroid/app/Activity;.getMediaController ()Landroid/media/session/MediaController;
D/dalvikvm( 2087): VFY: replacing opcode 0x6e at 0x0002
I/dalvikvm( 2087): Could not find method android.app.Activity.getSearchEvent, referenced from method com.google.android.chimera.ActivityBase.getSearchEvent
W/dalvikvm( 2087): VFY: unable to resolve virtual method 2160: Landroid/app/Activity;.getSearchEvent ()Landroid/view/SearchEvent;
D/dalvikvm( 2087): VFY: replacing opcode 0x6e at 0x0002
W/dalvikvm( 2087): VFY: unable to find class referenced in signature (Landroid/app/VoiceInteractor;)
W/dalvikvm( 2087): VFY: unable to find class referenced in signature (Landroid/app/VoiceInteractor;)
W/dalvikvm( 2087): VFY: unable to find class referenced in signature (Landroid/os/PersistableBundle;)
W/dalvikvm( 2087): VFY: unable to find class referenced in signature (Landroid/os/PersistableBundle;)
W/linker  ( 2168): libdvm.so has text relocations. This is wasting memory and is a security risk. Please fix.
D/dalvikvm( 2087): GC_FOR_ALLOC freed 1289K, 18% free 7142K/8636K, paused 8ms, total 8ms
W/dalvikvm( 2087): VFY: unable to find class referenced in signature (Landroid/os/PersistableBundle;)
W/dalvikvm( 2087): VFY: unable to find class referenced in signature (Landroid/os/PersistableBundle;)
W/dalvikvm( 2087): VFY: unable to find class referenced in signature (Landroid/app/assist/AssistContent;)
W/dalvikvm( 2087): VFY: unable to find class referenced in signature (Landroid/app/assist/AssistContent;)
W/dalvikvm( 2087): VFY: unable to find class referenced in signature (Landroid/os/PersistableBundle;)
W/dalvikvm( 2087): VFY: unable to find class referenced in signature (Landroid/os/PersistableBundle;)
W/dalvikvm( 2087): VFY: unable to find class referenced in signature (Landroid/os/PersistableBundle;)
W/dalvikvm( 2087): VFY: unable to find class referenced in signature (Landroid/os/PersistableBundle;)
W/dalvikvm( 2087): VFY: unable to find class referenced in signature (Landroid/view/SearchEvent;)
W/dalvikvm( 2087): VFY: unable to find class referenced in signature (Landroid/view/SearchEvent;)
I/dalvikvm( 2087): Could not find method android.app.Activity.requestPermissions, referenced from method com.google.android.chimera.ActivityBase.requestPermissions
W/dalvikvm( 2087): VFY: unable to resolve virtual method 2194: Landroid/app/Activity;.requestPermissions ([Ljava/lang/String;I)V
D/dalvikvm( 2087): VFY: replacing opcode 0x6e at 0x0002
W/dalvikvm( 2087): VFY: unable to find class referenced in signature (Landroid/media/session/MediaController;)
I/dalvikvm( 2087): Could not find method android.app.Activity.setMediaController, referenced from method com.google.android.chimera.ActivityBase.setMediaController
W/dalvikvm( 2087): VFY: unable to resolve virtual method 2205: Landroid/app/Activity;.setMediaController (Landroid/media/session/MediaController;)V
D/dalvikvm( 2087): VFY: replacing opcode 0x6e at 0x0002
E/dalvikvm( 2087): Could not find class 'android.app.ActivityManager$TaskDescription', referenced from method com.google.android.gms.growth.ui.webview.GrowthWebViewChimeraActivity.onCreate
W/dalvikvm( 2087): VFY: unable to resolve new-instance 1205 (Landroid/app/ActivityManager$TaskDescription;) in Lcom/google/android/gms/growth/ui/webview/GrowthWebViewChimeraActivity;
D/dalvikvm( 2087): VFY: replacing opcode 0x22 at 0x00d9
D/dalvikvm( 2087): DexOpt: unable to opt direct call 0x1060 at 0xe6 in Lcom/google/android/gms/growth/ui/webview/GrowthWebViewChimeraActivity;.onCreate
D/dalvikvm( 2168): DexOpt: load 6ms, verify+opt 19ms, 753588 bytes
I/NativeLibraryUtils( 2087): Extraction to /data/data/com.google.android.gms/app_extracted_libs/x86/libjingle_peerconnection_so.so true
I/dalvikvm( 1779): Could not find method android.app.NotificationManager.getCurrentInterruptionFilter, referenced from method nea.b
W/dalvikvm( 1779): VFY: unable to resolve virtual method 2504: Landroid/app/NotificationManager;.getCurrentInterruptionFilter ()I
D/dalvikvm( 1779): VFY: replacing opcode 0x6e at 0x0002
I/dalvikvm( 1779): Could not find method android.os.PowerManager.isInteractive, referenced from method acej.a
W/dalvikvm( 1779): VFY: unable to resolve virtual method 29693: Landroid/os/PowerManager;.isInteractive ()Z
D/dalvikvm( 1779): VFY: replacing opcode 0x6e at 0x0103
I/MediaFocusControl( 1568):   Remote Control   registerMediaButtonIntent() for PendingIntent{9d34e578: PendingIntentRecord{9d540430 com.android.music broadcastIntent}}
I/NativeLibraryUtils( 2087): Extraction to /data/data/com.google.android.gms/app_extracted_libs/x86/libleveldbjni.so true
I/NativeLibraryUtils( 2087): Extraction to /data/data/com.google.android.gms/app_extracted_libs/x86/libmatching.so true
D/dalvikvm( 1779): GC_FOR_ALLOC freed 551K, 13% free 5884K/6688K, paused 4ms, total 4ms
I/NativeLibraryUtils( 2087): Extraction to /data/data/com.google.android.gms/app_extracted_libs/x86/libvcdiffjni.so true
E/dalvikvm( 1779): Could not find class 'android.app.NotificationChannel', referenced from method aciq.a
W/dalvikvm( 1779): VFY: unable to resolve new-instance 7732 (Landroid/app/NotificationChannel;) in Laciq;
D/dalvikvm( 1779): VFY: replacing opcode 0x22 at 0x00a8
D/dalvikvm( 1779): DexOpt: unable to opt direct call 0x6f0e at 0xad in Laciq;.a
I/NativeLibraryUtils( 2087): Extraction to /data/data/com.google.android.gms/app_extracted_libs/x86/libwearable-selector.so true
E/BluetoothAdapter( 1779): Bluetooth binder is null
W/NearbyShared( 1779): BTConnStateMgr:BluetoothAdapter.getDefaultAdapter() return null!
W/dalvikvm( 1779): VFY: unable to find class referenced in signature (Landroid/bluetooth/le/ScanCallback;)
I/dalvikvm( 1779): Could not find method android.content.Context.getSystemService, referenced from method aclw.a
W/dalvikvm( 1779): VFY: unable to resolve virtual method 28695: Landroid/content/Context;.getSystemService (Ljava/lang/Class;)Ljava/lang/Object;
D/dalvikvm( 1779): VFY: replacing opcode 0x6e at 0x0006
I/InputReader( 1568): Reconfiguring input devices.  changes=0x00000010
I/InputReader( 1568): Reconfiguring input devices.  changes=0x00000010
I/InputReader( 1568): Reconfiguring input devices.  changes=0x00000010
I/InputReader( 1568): Reconfiguring input devices.  changes=0x00000010
I/PackageManager( 1568):   Action: "android.intent.action.SENDTO"
I/PackageManager( 1568):   Category: "android.intent.category.DEFAULT"
I/PackageManager( 1568):   Scheme: "sms"
I/PackageManager( 1568): Adding preferred activity ComponentInfo{com.android.mms/com.android.mms.ui.ComposeMessageActivity} for user 0 :
D/dalvikvm( 1568): GC_FOR_ALLOC freed 981K, 50% free 7421K/14816K, paused 12ms, total 12ms
I/PackageManager( 1568):   Action: "android.intent.action.SENDTO"
I/PackageManager( 1568):   Category: "android.intent.category.DEFAULT"
I/PackageManager( 1568):   Scheme: "smsto"
I/PackageManager( 1568): Adding preferred activity ComponentInfo{com.android.mms/com.android.mms.ui.ComposeMessageActivity} for user 0 :
I/dalvikvm( 1779): Could not find method android.content.Context.getDrawable, referenced from method jk.a
W/dalvikvm( 1779): VFY: unable to resolve virtual method 2472: Landroid/content/Context;.getDrawable (I)Landroid/graphics/drawable/Drawable;
D/dalvikvm( 1779): VFY: replacing opcode 0x6e at 0x0006
I/dalvikvm( 1779): Could not find method android.content.Context.getNoBackupFilesDir, referenced from method jk.b
W/dalvikvm( 1779): VFY: unable to resolve virtual method 2480: Landroid/content/Context;.getNoBackupFilesDir ()Ljava/io/File;
D/dalvikvm( 1779): VFY: replacing opcode 0x6e at 0x0006
I/PackageManager( 1568):   Action: "android.intent.action.SENDTO"
I/PackageManager( 1568):   Category: "android.intent.category.DEFAULT"
I/PackageManager( 1568):   Scheme: "mms"
I/PackageManager( 1568): Adding preferred activity ComponentInfo{com.android.mms/com.android.mms.ui.ComposeMessageActivity} for user 0 :
D/dalvikvm( 1820): GC_FOR_ALLOC freed 463K, 16% free 3621K/4268K, paused 2ms, total 2ms
I/PackageManager( 1568):   Action: "android.intent.action.SENDTO"
I/PackageManager( 1568):   Category: "android.intent.category.DEFAULT"
I/PackageManager( 1568):   Scheme: "mmsto"
I/PackageManager( 1568): Adding preferred activity ComponentInfo{com.android.mms/com.android.mms.ui.ComposeMessageActivity} for user 0 :
I/PackageManager( 1568):   Action: "android.intent.action.SENDTO"
I/PackageManager( 1568):   Category: "android.intent.category.DEFAULT"
I/PackageManager( 1568):   Scheme: "sms"
E/BluetoothAdapter( 1779): Bluetooth binder is null
I/NearbyDiscovery( 1779): FastPair: Skip backfill FastPairItem, adapter is null [CONTEXT service_id=49 ]
I/dalvikvm( 1779): Could not find method android.os.PowerManager.isPowerSaveMode, referenced from method ayei.a
W/dalvikvm( 1779): VFY: unable to resolve virtual method 1679: Landroid/os/PowerManager;.isPowerSaveMode ()Z
D/dalvikvm( 1779): VFY: replacing opcode 0x6e at 0x0154
D/dalvikvm( 1795): GC_EXPLICIT freed 482K, 19% free 3212K/3956K, paused 0ms+0ms, total 3ms
I/PackageManager( 1568): Adding preferred activity ComponentInfo{com.android.mms/com.android.mms.ui.ComposeMessageActivity} for user 0 :
I/PackageManager( 1568):   Action: "android.intent.action.SENDTO"
I/PackageManager( 1568):   Category: "android.intent.category.DEFAULT"
I/PackageManager( 1568):   Scheme: "smsto"
D/dalvikvm( 2087): GC_FOR_ALLOC freed 1275K, 18% free 7201K/8712K, paused 14ms, total 14ms
I/PackageManager( 1568): Adding preferred activity ComponentInfo{com.android.mms/com.android.mms.ui.ComposeMessageActivity} for user 0 :
D/dalvikvm( 1942): GC_FOR_ALLOC freed 1366K, 32% free 22877K/33448K, paused 2ms, total 3ms
D/dalvikvm( 1568): GC_FOR_ALLOC freed 1108K, 50% free 7423K/14816K, paused 11ms, total 12ms
I/PackageManager( 1568):   Action: "android.intent.action.SENDTO"
I/PackageManager( 1568):   Category: "android.intent.category.DEFAULT"
I/PackageManager( 1568):   Scheme: "mms"
W/dalvikvm( 1795): VFY: unable to resolve static field 1608 (PR_SET_DUMPABLE) in Landroid/system/OsConstants;
D/dalvikvm( 1795): VFY: replacing opcode 0x60 at 0x0017
W/dalvikvm( 1795): VFY: unable to find class referenced in signature (Lyqx;)
W/dalvikvm( 1795): VFY: unable to find class referenced in signature (Lyro;)
I/PackageManager( 1568): Adding preferred activity ComponentInfo{com.android.mms/com.android.mms.ui.ComposeMessageActivity} for user 0 :
D/dalvikvm( 1820): GC_FOR_ALLOC freed 298K, 16% free 3647K/4316K, paused 2ms, total 2ms
I/PackageManager( 1568):   Action: "android.intent.action.SENDTO"
I/PackageManager( 1568):   Category: "android.intent.category.DEFAULT"
I/PackageManager( 1568):   Scheme: "mmsto"
I/PackageManager( 1568): Adding preferred activity ComponentInfo{com.android.mms/com.android.mms.ui.ComposeMessageActivity} for user 0 :
I/dalvikvm( 1795): Could not find method android.system.Os.readlink, referenced from method msk.a
W/dalvikvm( 1795): VFY: unable to resolve static method 3145: Landroid/system/Os;.readlink (Ljava/lang/String;)Ljava/lang/String;
D/dalvikvm( 1795): VFY: replacing opcode 0x71 at 0x00b0
I/dalvikvm( 1795): Could not find method android.os.PowerManager.isInteractive, referenced from method ndc.a
W/dalvikvm( 1795): VFY: unable to resolve virtual method 3046: Landroid/os/PowerManager;.isInteractive ()Z
D/dalvikvm( 1795): VFY: replacing opcode 0x6e at 0x0013
I/Auth    ( 2087): [WorkAccount] update authenticator enabled for boot or update
I/dalvikvm( 1795): Could not find method com.google.android.chimera.ModuleContext.getAttributionTag, referenced from method com.google.android.chimera.ModuleContext.createAttributionContext
W/dalvikvm( 1795): VFY: unable to resolve virtual method 14170: Lcom/google/android/chimera/ModuleContext;.getAttributionTag ()Ljava/lang/String;
D/dalvikvm( 1795): VFY: replacing opcode 0x6e at 0x0004
I/dalvikvm( 1795): Could not find method com.google.android.chimera.ContextThemeWrapper.createAttributionContext, referenced from method com.google.android.chimera.ModuleContext.createAttributionContext
W/dalvikvm( 1795): VFY: unable to resolve virtual method 13785: Lcom/google/android/chimera/ContextThemeWrapper;.createAttributionContext (Ljava/lang/String;)Landroid/content/Context;
D/dalvikvm( 1795): VFY: replacing opcode 0x6f at 0x0035
I/dalvikvm( 1795): Could not find method android.content.ContextWrapper.createCredentialProtectedStorageContext, referenced from method com.google.android.chimera.ModuleContext.createCredentialProtectedStorageContext
W/dalvikvm( 1795): VFY: unable to resolve virtual method 2508: Landroid/content/ContextWrapper;.createCredentialProtectedStorageContext ()Landroid/content/Context;
D/dalvikvm( 1795): VFY: replacing opcode 0x6f at 0x0002
I/dalvikvm( 1795): Could not find method android.content.ContextWrapper.createDeviceProtectedStorageContext, referenced from method com.google.android.chimera.ModuleContext.createDeviceProtectedStorageContext
W/dalvikvm( 1795): VFY: unable to resolve virtual method 2509: Landroid/content/ContextWrapper;.createDeviceProtectedStorageContext ()Landroid/content/Context;
D/dalvikvm( 1795): VFY: replacing opcode 0x6f at 0x0002
I/dalvikvm( 1795): Could not find method com.google.android.chimera.ContextThemeWrapper.sendBroadcastWithMultiplePermissions, referenced from method com.google.android.chimera.ModuleContext.sendBroadcastWithMultiplePermissions
W/dalvikvm( 1795): VFY: unable to resolve virtual method 13795: Lcom/google/android/chimera/ContextThemeWrapper;.sendBroadcastWithMultiplePermissions (Landroid/content/Intent;[Ljava/lang/String;)V
D/dalvikvm( 1795): VFY: replacing opcode 0x6f at 0x0009
I/MultiDex( 1795): VM with version 1.6.0 does not have multidex support
I/MultiDex( 1795): Installing application
I/MultiDex( 1795): MultiDexExtractor(/system/priv-app/PrebuiltGmsCore.apk, /data/data/com.google.android.gms/code_cache/secondary-dexes)
I/PackageManager( 1568):   Action: "android.intent.action.SENDTO"
I/PackageManager( 1568):   Category: "android.intent.category.DEFAULT"
I/PackageManager( 1568):   Scheme: "sms"
I/PackageManager( 1568): Adding preferred activity ComponentInfo{com.android.mms/com.android.mms.ui.ComposeMessageActivity} for user 0 :
D/dalvikvm( 1795): GC_FOR_ALLOC freed 440K, 18% free 3285K/3976K, paused 2ms, total 2ms
I/NearbyDiscovery( 1779): FastPair: HeadsetPieceImage, grant permission files:0 [CONTEXT service_id=49 ]
I/MultiDex( 1795): Blocking on lock /data/data/com.google.android.gms/code_cache/secondary-dexes/MultiDex.lock
I/MultiDex( 1795): /data/data/com.google.android.gms/code_cache/secondary-dexes/MultiDex.lock locked
I/MultiDex( 1795): MultiDexExtractor.load(/system/priv-app/PrebuiltGmsCore.apk, false, )
I/PackageManager( 1568):   Action: "android.intent.action.SENDTO"
I/PackageManager( 1568):   Category: "android.intent.category.DEFAULT"
I/PackageManager( 1568):   Scheme: "smsto"
I/dalvikvm( 2087): Could not find method android.content.ServiceConnection.onNullBinding, referenced from method uxb.onNullBinding
I/MultiDex( 1795): loading existing secondary dex files
D/dalvikvm( 1795): GC_FOR_ALLOC freed 122K, 19% free 3269K/4036K, paused 2ms, total 2ms
I/MultiDex( 1795): load found 5 secondary dex files
I/PackageManager( 1568): Adding preferred activity ComponentInfo{com.android.mms/com.android.mms.ui.ComposeMessageActivity} for user 0 :
I/MultiDex( 1795): install done
W/dalvikvm( 2087): VFY: unable to resolve interface method 2566: Landroid/content/ServiceConnection;.onNullBinding (Landroid/content/ComponentName;)V
D/dalvikvm( 2087): VFY: replacing opcode 0x72 at 0x000f
I/dalvikvm( 1795): Could not find method android.os.UserHandle.isOwner, referenced from method nmy.f
I/PackageManager( 1568):   Action: "android.intent.action.SENDTO"
I/PackageManager( 1568):   Category: "android.intent.category.DEFAULT"
I/PackageManager( 1568):   Scheme: "mms"
I/NearbyDiscovery( 1779): FastPairEventStream: Skip initialize event stream, adapter is null [CONTEXT service_id=49 ]
W/dalvikvm( 1795): VFY: unable to resolve virtual method 3081: Landroid/os/UserHandle;.isOwner ()Z
D/dalvikvm( 1795): VFY: replacing opcode 0x6e at 0x000a
W/ModuleManager( 2087): Unable to get current module's fulfilled APIs in ModuleManager created with non-module Context
I/PackageManager( 1568):   Action: "android.intent.action.SENDTO"
I/PackageManager( 1568):   Category: "android.intent.category.DEFAULT"
I/PackageManager( 1568):   Scheme: "mmsto"
I/PackageManager( 1568): Adding preferred activity ComponentInfo{com.android.mms/com.android.mms.ui.ComposeMessageActivity} for user 0 :
I/PackageManager( 1568): Adding preferred activity ComponentInfo{com.android.mms/com.android.mms.ui.ComposeMessageActivity} for user 0 :
D/dalvikvm( 1820): GC_FOR_ALLOC freed 375K, 17% free 3640K/4340K, paused 3ms, total 3ms
D/dalvikvm( 1795): DexOpt: couldn't find field Landroid/content/pm/ApplicationInfo;.splitSourceDirs
W/dalvikvm( 1795): VFY: unable to resolve instance field 1475
D/dalvikvm( 1795): VFY: replacing opcode 0x54 at 0x0055
D/dalvikvm( 1795): DexOpt: couldn't find static field Landroid/os/Build;.SUPPORTED_ABIS
W/dalvikvm( 1795): VFY: unable to resolve static field 1540 (SUPPORTED_ABIS) in Landroid/os/Build;
D/dalvikvm( 1795): VFY: replacing opcode 0x62 at 0x00d1
I/dalvikvm( 1795): Could not find method android.system.Os.stat, referenced from method nop.a
W/dalvikvm( 1795): VFY: unable to resolve static method 3146: Landroid/system/Os;.stat (Ljava/lang/String;)Landroid/system/StructStat;
D/dalvikvm( 1795): VFY: replacing opcode 0x71 at 0x0182
I/dalvikvm( 1795): Could not find method android.content.pm.PackageManager.getPackageInstaller, referenced from method men.a
I/PackageManager( 1568):   Action: "android.intent.action.SENDTO"
I/PackageManager( 1568):   Category: "android.intent.category.DEFAULT"
I/PackageManager( 1568):   Scheme: "sms"
W/dalvikvm( 1795): VFY: unable to resolve virtual method 2608: Landroid/content/pm/PackageManager;.getPackageInstaller ()Landroid/content/pm/PackageInstaller;
D/dalvikvm( 1795): VFY: replacing opcode 0x6e at 0x001c
W/DynamiteModule( 1795): Local module descriptor class for providerinstaller not found.
I/dalvikvm( 1795): Could not find method android.system.Os.readlink, referenced from method bse.a
W/dalvikvm( 1795): VFY: unable to resolve static method 3145: Landroid/system/Os;.readlink (Ljava/lang/String;)Ljava/lang/String;
D/dalvikvm( 1795): VFY: replacing opcode 0x71 at 0x0044
I/dalvikvm( 1795): Could not find method android.system.Os.symlink, referenced from method bse.a
W/dalvikvm( 1795): VFY: unable to resolve static method 3147: Landroid/system/Os;.symlink (Ljava/lang/String;Ljava/lang/String;)V
D/dalvikvm( 1795): VFY: replacing opcode 0x71 at 0x00b0
I/dalvikvm( 1795): Could not find method android.system.Os.stat, referenced from method bse.a
W/dalvikvm( 1795): VFY: unable to resolve static method 3146: Landroid/system/Os;.stat (Ljava/lang/String;)Landroid/system/StructStat;
D/dalvikvm( 1795): VFY: replacing opcode 0x71 at 0x0005
I/PackageManager( 1568): Adding preferred activity ComponentInfo{com.android.mms/com.android.mms.ui.ComposeMessageActivity} for user 0 :
W/dalvikvm( 1795): VFY: unable to resolve static field 1615 (S_IXUSR) in Landroid/system/OsConstants;
D/dalvikvm( 1795): VFY: replacing opcode 0x60 at 0x0007
I/dalvikvm( 1795): Could not find method android.system.Os.stat, referenced from method bse.b
W/dalvikvm( 1795): VFY: unable to resolve static method 3146: Landroid/system/Os;.stat (Ljava/lang/String;)Landroid/system/StructStat;
D/dalvikvm( 1795): VFY: replacing opcode 0x71 at 0x0040
W/dalvikvm( 1795): VFY: unable to resolve static field 1612 (S_IRUSR) in Landroid/system/OsConstants;
D/dalvikvm( 1795): VFY: replacing opcode 0x60 at 0x0007
I/PackageManager( 1568):   Action: "android.intent.action.SENDTO"
I/PackageManager( 1568):   Category: "android.intent.category.DEFAULT"
I/PackageManager( 1568):   Scheme: "smsto"
D/dalvikvm( 1795): DexOpt: couldn't find static field Landroid/os/Build;.SUPPORTED_64_BIT_ABIS
W/dalvikvm( 1795): VFY: unable to resolve static field 1539 (SUPPORTED_64_BIT_ABIS) in Landroid/os/Build;
D/dalvikvm( 1795): VFY: replacing opcode 0x62 at 0x0214
D/dalvikvm( 1568): GC_FOR_ALLOC freed 1080K, 50% free 7452K/14816K, paused 5ms, total 5ms
I/PackageManager( 1568): Adding preferred activity ComponentInfo{com.android.mms/com.android.mms.ui.ComposeMessageActivity} for user 0 :
I/PackageManager( 1568):   Action: "android.intent.action.SENDTO"
I/PackageManager( 1568):   Category: "android.intent.category.DEFAULT"
I/PackageManager( 1568):   Scheme: "mms"
W/ProviderHelper( 1795): Unknown dynamite feature providerinstaller
I/DynamiteModule( 1795): Considering local module providerinstaller:0 and remote module providerinstaller:0
W/ProviderInstaller( 1795): Failed to load providerinstaller module: No acceptable module found. Local version is 0 and remote version is 0.
I/dalvikvm( 1795): Could not find method android.content.ContextWrapper.createCredentialProtectedStorageContext, referenced from method nfr.createCredentialProtectedStorageContext
W/dalvikvm( 1795): VFY: unable to resolve virtual method 2508: Landroid/content/ContextWrapper;.createCredentialProtectedStorageContext ()Landroid/content/Context;
D/dalvikvm( 1795): VFY: replacing opcode 0x6f at 0x0002
I/dalvikvm( 1795): Could not find method android.content.ContextWrapper.createDeviceProtectedStorageContext, referenced from method nfr.createDeviceProtectedStorageContext
W/dalvikvm( 1795): VFY: unable to resolve virtual method 2509: Landroid/content/ContextWrapper;.createDeviceProtectedStorageContext ()Landroid/content/Context;
D/dalvikvm( 1795): VFY: replacing opcode 0x6f at 0x0002
I/PackageManager( 1568): Adding preferred activity ComponentInfo{com.android.mms/com.android.mms.ui.ComposeMessageActivity} for user 0 :
D/dalvikvm( 1795): DexOpt: couldn't find static field Landroid/os/Build;.SUPPORTED_64_BIT_ABIS
W/dalvikvm( 1795): VFY: unable to resolve static field 1539 (SUPPORTED_64_BIT_ABIS) in Landroid/os/Build;
D/dalvikvm( 1795): VFY: replacing opcode 0x62 at 0x0080
D/dalvikvm( 1795): DexOpt: couldn't find static field Landroid/os/Build;.SUPPORTED_ABIS
W/dalvikvm( 1795): VFY: unable to resolve static field 1540 (SUPPORTED_ABIS) in Landroid/os/Build;
D/dalvikvm( 1795): VFY: replacing opcode 0x62 at 0x00d3
V/NativeCrypto( 1795): Registering com/google/android/gms/org/conscrypt/NativeCrypto's 286 native methods...
W/dalvikvm( 1795): Unable to resolve superclass of Lcom/google/android/gms/org/conscrypt/TrustManagerImpl; (5184)
W/dalvikvm( 1795): Link of class 'Lcom/google/android/gms/org/conscrypt/TrustManagerImpl;' failed
I/PackageManager( 1568):   Action: "android.intent.action.SENDTO"
I/PackageManager( 1568):   Category: "android.intent.category.DEFAULT"
I/PackageManager( 1568):   Scheme: "mmsto"
D/dalvikvm( 1795): GC_FOR_ALLOC freed 437K, 18% free 3343K/4036K, paused 3ms, total 3ms
I/dalvikvm( 1795): Could not find method com.google.android.gms.org.conscrypt.TrustManagerImpl.getDefaultHostnameVerifier, referenced from method com.google.android.gms.org.conscrypt.Conscrypt.getDefaultHostnameVerifier
W/dalvikvm( 1795): VFY: unable to resolve static method 17870: Lcom/google/android/gms/org/conscrypt/TrustManagerImpl;.getDefaultHostnameVerifier ()Lcom/google/android/gms/org/conscrypt/ConscryptHostnameVerifier;
D/dalvikvm( 1795): VFY: replacing opcode 0x71 at 0x0003
I/PackageManager( 1568): Adding preferred activity ComponentInfo{com.android.mms/com.android.mms.ui.ComposeMessageActivity} for user 0 :
I/PackageManager( 1568):   Action: "android.intent.action.SENDTO"
I/PackageManager( 1568):   Category: "android.intent.category.DEFAULT"
I/PackageManager( 1568):   Scheme: "sms"
W/dalvikvm( 1795): Unable to resolve superclass of Lcom/google/android/gms/org/conscrypt/TrustManagerImpl; (5184)
W/dalvikvm( 1795): Link of class 'Lcom/google/android/gms/org/conscrypt/TrustManagerImpl;' failed
W/dalvikvm( 1795): VFY: unable to find class referenced in signature (Lcom/google/android/gms/org/conscrypt/TrustManagerImpl;)
W/dalvikvm( 1795): Unable to resolve superclass of Lcom/google/android/gms/org/conscrypt/TrustManagerImpl; (5184)
W/dalvikvm( 1795): Link of class 'Lcom/google/android/gms/org/conscrypt/TrustManagerImpl;' failed
I/dalvikvm( 1795): Could not find method com.google.android.gms.org.conscrypt.TrustManagerImpl.getHostnameVerifier, referenced from method com.google.android.gms.org.conscrypt.Conscrypt.getHostnameVerifier
