I/dalvikvm( 2087): Could not find method java.util.Locale.toLanguageTag, referenced from method iqi.a
W/dalvikvm( 2087): VFY: unable to resolve virtual method 33842: Ljava/util/Locale;.toLanguageTag ()Ljava/lang/String;
D/dalvikvm( 2087): VFY: replacing opcode 0x6e at 0x0048
I/dalvikvm( 2087): Could not find method java.util.Locale.toLanguageTag, referenced from method iqi.a
W/dalvikvm( 2087): VFY: unable to resolve virtual method 33842: Ljava/util/Locale;.toLanguageTag ()Ljava/lang/String;
D/dalvikvm( 2087): VFY: replacing opcode 0x6e at 0x008c
I/dalvikvm( 2087): Could not find method java.util.Locale.toLanguageTag, referenced from method iqi.a
W/dalvikvm( 2087): VFY: unable to resolve virtual method 33842: Ljava/util/Locale;.toLanguageTag ()Ljava/lang/String;
D/dalvikvm( 2087): VFY: replacing opcode 0x6e at 0x0017
D/dalvikvm( 2191): GC_FOR_ALLOC freed 358K, 14% free 3369K/3916K, paused 2ms, total 2ms
I/NearbySharing( 2087): Runtime state initialization complete. Sharing is disabled. [CONTEXT service_id=194 ]
I/dalvikvm( 2087): Could not find method java.util.Locale.toLanguageTag, referenced from method iqp.b
W/dalvikvm( 2087): VFY: unable to resolve virtual method 33842: Ljava/util/Locale;.toLanguageTag ()Ljava/lang/String;
D/dalvikvm( 2087): VFY: replacing opcode 0x6e at 0x005c
I/dalvikvm( 2087): Could not find method android.telephony.SubscriptionManager.from, referenced from method arew.a
W/dalvikvm( 2087): VFY: unable to resolve static method 1982: Landroid/telephony/SubscriptionManager;.from (Landroid/content/Context;)Landroid/telephony/SubscriptionManager;
D/dalvikvm( 2087): VFY: replacing opcode 0x71 at 0x006c
I/dalvikvm( 2087): Could not find method java.util.Locale.toLanguageTag, referenced from method ipo.a
W/dalvikvm( 2087): VFY: unable to resolve virtual method 33842: Ljava/util/Locale;.toLanguageTag ()Ljava/lang/String;
D/dalvikvm( 2087): VFY: replacing opcode 0x6e at 0x0014
I/dalvikvm( 2087): Could not find method java.util.Locale.toLanguageTag, referenced from method iqg.a
W/dalvikvm( 2087): VFY: unable to resolve virtual method 33842: Ljava/util/Locale;.toLanguageTag ()Ljava/lang/String;
D/dalvikvm( 2087): VFY: replacing opcode 0x6e at 0x000d
I/dalvikvm( 2087): Could not find method java.util.Locale.toLanguageTag, referenced from method iqg.a
W/dalvikvm( 2087): VFY: unable to resolve virtual method 33842: Ljava/util/Locale;.toLanguageTag ()Ljava/lang/String;
D/dalvikvm( 2087): VFY: replacing opcode 0x6e at 0x0018
I/dalvikvm( 2087): Could not find method java.util.Locale.toLanguageTag, referenced from method iqg.a
W/dalvikvm( 2087): VFY: unable to resolve virtual method 33842: Ljava/util/Locale;.toLanguageTag ()Ljava/lang/String;
D/dalvikvm( 2087): VFY: replacing opcode 0x6e at 0x00ac
I/dalvikvm( 2087): Could not find method java.util.Locale.toLanguageTag, referenced from method iqg.a
W/dalvikvm( 2087): VFY: unable to resolve virtual method 33842: Ljava/util/Locale;.toLanguageTag ()Ljava/lang/String;
D/dalvikvm( 2087): VFY: replacing opcode 0x6e at 0x0015
I/dalvikvm( 2087): Could not find method java.util.Locale.toLanguageTag, referenced from method iqg.a
W/dalvikvm( 2087): VFY: unable to resolve virtual method 33842: Ljava/util/Locale;.toLanguageTag ()Ljava/lang/String;
D/dalvikvm( 2087): VFY: replacing opcode 0x6e at 0x000c
I/dalvikvm( 2087): Could not find method java.util.Locale.toLanguageTag, referenced from method iqg.a
W/dalvikvm( 2087): VFY: unable to resolve virtual method 33842: Ljava/util/Locale;.toLanguageTag ()Ljava/lang/String;
D/dalvikvm( 2087): VFY: replacing opcode 0x6e at 0x0074
I/dalvikvm( 2087): Could not find method java.util.Locale.toLanguageTag, referenced from method iqg.a
W/dalvikvm( 2087): VFY: unable to resolve virtual method 33842: Ljava/util/Locale;.toLanguageTag ()Ljava/lang/String;
D/dalvikvm( 2087): VFY: replacing opcode 0x6e at 0x0024
I/dalvikvm( 2087): Could not find method java.util.Locale.toLanguageTag, referenced from method iqs.a
W/dalvikvm( 2087): VFY: unable to resolve virtual method 33842: Ljava/util/Locale;.toLanguageTag ()Ljava/lang/String;
D/dalvikvm( 2087): VFY: replacing opcode 0x6e at 0x000e
I/dalvikvm( 2087): Could not find method java.util.Locale.toLanguageTag, referenced from method iqs.a
W/dalvikvm( 2087): VFY: unable to resolve virtual method 33842: Ljava/util/Locale;.toLanguageTag ()Ljava/lang/String;
D/dalvikvm( 2087): VFY: replacing opcode 0x6e at 0x0014
I/dalvikvm( 2087): Could not find method java.util.Locale.toLanguageTag, referenced from method iqs.a
W/dalvikvm( 2087): VFY: unable to resolve virtual method 33842: Ljava/util/Locale;.toLanguageTag ()Ljava/lang/String;
D/dalvikvm( 2087): VFY: replacing opcode 0x6e at 0x0147
I/dalvikvm( 2087): Could not find method java.util.Locale.toLanguageTag, referenced from method iqs.a
W/dalvikvm( 2087): VFY: unable to resolve virtual method 33842: Ljava/util/Locale;.toLanguageTag ()Ljava/lang/String;
D/dalvikvm( 2087): VFY: replacing opcode 0x6e at 0x000d
I/dalvikvm( 2087): Could not find method java.util.Locale.toLanguageTag, referenced from method iqs.a
W/dalvikvm( 2087): VFY: unable to resolve virtual method 33842: Ljava/util/Locale;.toLanguageTag ()Ljava/lang/String;
D/dalvikvm( 2087): VFY: replacing opcode 0x6e at 0x000d
I/dalvikvm( 2087): Could not find method java.util.Locale.toLanguageTag, referenced from method iqs.a
W/dalvikvm( 2087): VFY: unable to resolve virtual method 33842: Ljava/util/Locale;.toLanguageTag ()Ljava/lang/String;
D/dalvikvm( 2087): VFY: replacing opcode 0x6e at 0x0052
I/dalvikvm( 2087): Could not find method java.util.Locale.toLanguageTag, referenced from method iqs.a
W/dalvikvm( 2087): VFY: unable to resolve virtual method 33842: Ljava/util/Locale;.toLanguageTag ()Ljava/lang/String;
D/dalvikvm( 2087): VFY: replacing opcode 0x6e at 0x0011
I/dalvikvm( 2087): Could not find method java.util.Locale.toLanguageTag, referenced from method iqs.b
W/dalvikvm( 2087): VFY: unable to resolve virtual method 33842: Ljava/util/Locale;.toLanguageTag ()Ljava/lang/String;
D/dalvikvm( 2087): VFY: replacing opcode 0x6e at 0x0017
I/dalvikvm( 2087): Could not find method java.util.Locale.toLanguageTag, referenced from method iqs.b
W/dalvikvm( 2087): VFY: unable to resolve virtual method 33842: Ljava/util/Locale;.toLanguageTag ()Ljava/lang/String;
D/dalvikvm( 2087): VFY: replacing opcode 0x6e at 0x00a7
I/dalvikvm( 2087): Could not find method java.util.Locale.toLanguageTag, referenced from method iqs.c
W/dalvikvm( 2087): VFY: unable to resolve virtual method 33842: Ljava/util/Locale;.toLanguageTag ()Ljava/lang/String;
D/dalvikvm( 2087): VFY: replacing opcode 0x6e at 0x0017
D/dalvikvm( 1795): GC_EXPLICIT freed 175K, 20% free 6128K/7660K, paused 0ms+0ms, total 5ms
I/CastSocket( 2087): 19 >= 18. Adding new CastClientAuthKeyManager. [CONTEXT service_id=161 ]
D/dalvikvm( 1795): GC_FOR_ALLOC freed 150K, 19% free 6244K/7660K, paused 3ms, total 3ms
I/dalvikvm-heap( 1795): Grow heap (frag case) to 6.395MB for 58724-byte allocation
D/dalvikvm( 1795): GC_FOR_ALLOC freed 3K, 19% free 6297K/7720K, paused 5ms, total 5ms
D/dalvikvm( 2087): GC_EXPLICIT freed 1412K, 16% free 9160K/10824K, paused 1ms+1ms, total 10ms
E/StrictMode( 2087): Finalizing a Cursor that has not been deactivated or closed. database = /data/data/com.google.android.gms/databases/matchstickv9.db, table = sharedPreference, query = SELECT * FROM sharedPreference WHERE key = ?
E/StrictMode( 2087): android.database.sqlite.DatabaseObjectNotClosedException: Application did not close the cursor or database object that was opened here
E/StrictMode( 2087): 	at android.database.sqlite.SQLiteCursor.<init>(SQLiteCursor.java:98)
E/StrictMode( 2087): 	at android.database.sqlite.SQLiteDirectCursorDriver.query(SQLiteDirectCursorDriver.java:50)
E/StrictMode( 2087): 	at android.database.sqlite.SQLiteDatabase.rawQueryWithFactory(SQLiteDatabase.java:1314)
E/StrictMode( 2087): 	at android.database.sqlite.SQLiteDatabase.queryWithFactory(SQLiteDatabase.java:1161)
E/StrictMode( 2087): 	at android.database.sqlite.SQLiteDatabase.query(SQLiteDatabase.java:1032)
E/StrictMode( 2087): 	at android.database.sqlite.SQLiteDatabase.query(SQLiteDatabase.java:1200)
E/StrictMode( 2087): 	at aqsg.a(:com.google.android.gms@202414005@20.24.14 (000700-319035315):7)
E/StrictMode( 2087): 	at aqsv.K(:com.google.android.gms@202414005@20.24.14 (000700-319035315):4)
E/StrictMode( 2087): 	at com.google.android.gms.matchstick.intent.MatchstickIntentHandler$OnModuleInitOperation.a(:com.google.android.gms@202414005@20.24.14 (000700-319035315):14)
E/StrictMode( 2087): 	at ljt.onHandleIntent(:com.google.android.gms@202414005@20.24.14 (000700-319035315):7)
E/StrictMode( 2087): 	at com.google.android.chimera.IntentOperation.onHandleIntent(:com.google.android.gms@202414005@20.24.14 (000700-319035315):2)
E/StrictMode( 2087): 	at ljm.onHandleIntent(:com.google.android.gms@202414005@20.24.14 (000700-319035315):4)
E/StrictMode( 2087): 	at bsh.run(:com.google.android.gms@202414005@20.24.14 (000700-319035315):5)
E/StrictMode( 2087): 	at bsg.run(:com.google.android.gms@202414005@20.24.14 (000700-319035315):10)
E/StrictMode( 2087): 	at java.util.concurrent.ThreadPoolExecutor.runWorker(ThreadPoolExecutor.java:1112)
E/StrictMode( 2087): 	at java.util.concurrent.ThreadPoolExecutor$Worker.run(ThreadPoolExecutor.java:587)
E/StrictMode( 2087): 	at java.lang.Thread.run(Thread.java:841)
I/dalvikvm( 2087): Could not find method android.os.PowerManager.isInteractive, referenced from method kjw.a
W/dalvikvm( 2087): VFY: unable to resolve virtual method 4227: Landroid/os/PowerManager;.isInteractive ()Z
D/dalvikvm( 2087): VFY: replacing opcode 0x6e at 0x0012
E/BluetoothAdapter( 2087): Bluetooth binder is null
W/dalvikvm( 2087): VFY: unable to find class referenced in signature (Landroid/bluetooth/le/ScanResult;)
I/dalvikvm( 2087): Could not find method android.bluetooth.le.ScanResult.getScanRecord, referenced from method kjg.a
W/dalvikvm( 2087): VFY: unable to resolve virtual method 2766: Landroid/bluetooth/le/ScanResult;.getScanRecord ()Landroid/bluetooth/le/ScanRecord;
D/dalvikvm( 2087): VFY: replacing opcode 0x6e at 0x0005
I/dalvikvm( 2087): Could not find method android.bluetooth.le.BluetoothLeScanner.stopScan, referenced from method kjg.b
W/dalvikvm( 2087): VFY: unable to resolve virtual method 2749: Landroid/bluetooth/le/BluetoothLeScanner;.stopScan (Landroid/bluetooth/le/ScanCallback;)V
D/dalvikvm( 2087): VFY: replacing opcode 0x6e at 0x000f
I/dalvikvm( 2087): Could not find method android.bluetooth.BluetoothAdapter.getBluetoothLeScanner, referenced from method kjg.c
W/dalvikvm( 2087): VFY: unable to resolve virtual method 2729: Landroid/bluetooth/BluetoothAdapter;.getBluetoothLeScanner ()Landroid/bluetooth/le/BluetoothLeScanner;
D/dalvikvm( 2087): VFY: replacing opcode 0x6e at 0x0025
E/dalvikvm( 2087): Could not find class 'android.bluetooth.le.ScanFilter$Builder', referenced from method kjg.c
W/dalvikvm( 2087): VFY: unable to resolve new-instance 624 (Landroid/bluetooth/le/ScanFilter$Builder;) in Lkjg;
D/dalvikvm( 2087): VFY: replacing opcode 0x22 at 0x0035
D/dalvikvm( 2087): DexOpt: unable to opt direct call 0x0abf at 0x37 in Lkjg;.c
D/dalvikvm( 2087): DexOpt: unable to opt direct call 0x0ad0 at 0x49 in Lkjg;.c
W/dalvikvm( 2087): Unable to resolve superclass of Luxp; (1263)
W/dalvikvm( 2087): Link of class 'Luxp;' failed
W/dalvikvm( 2087): Unable to resolve superclass of Lcom/google/android/gms/cast/discovery/BleDeviceScanner$BleScanCallback; (16036)
W/dalvikvm( 2087): Link of class 'Lcom/google/android/gms/cast/discovery/BleDeviceScanner$BleScanCallback;' failed
D/dalvikvm( 2087): DexOpt: unable to opt direct call 0x63e6 at 0x62 in Lkjg;.c
I/CertBlacklister( 1568): Certificate blacklist changed, updating...
I/CertBlacklister( 1568): Certificate blacklist updated
I/dalvikvm( 2087): Could not find method java.util.Locale.toLanguageTag, referenced from method com.google.android.libraries.matchstick.net.SilentRegisterIntentOperation.a
W/dalvikvm( 2087): VFY: unable to resolve virtual method 57646: Ljava/util/Locale;.toLanguageTag ()Ljava/lang/String;
D/dalvikvm( 2087): VFY: replacing opcode 0x6e at 0x0066
D/dalvikvm( 1779): GC_FOR_ALLOC freed 1488K, 17% free 8539K/10276K, paused 18ms, total 18ms
I/CertBlacklister( 1568): Certificate blacklist changed, updating...
I/CertBlacklister( 1568): Certificate blacklist updated
W/DynamiteModule( 2087): Local module descriptor class for providerinstaller not found.
W/ProviderHelper( 2087): Unknown dynamite feature providerinstaller
I/DynamiteModule( 2087): Considering local module providerinstaller:0 and remote module providerinstaller:0
W/ProviderInstaller( 2087): Failed to load providerinstaller module: No acceptable module found. Local version is 0 and remote version is 0.
D/dalvikvm( 2087): GC_FOR_ALLOC freed 1244K, 16% free 9254K/10952K, paused 11ms, total 12ms
I/dalvikvm-heap( 2087): Grow heap (frag case) to 10.279MB for 1048588-byte allocation
D/dalvikvm( 2087): GC_FOR_ALLOC freed 3K, 15% free 10274K/11980K, paused 9ms, total 9ms
I/Icing   ( 2087): Indexing com.google.android.gms-contacts_contact_id from com.google.android.gms
I/Icing   ( 2087): Indexing done com.google.android.gms-contacts_contact_id
I/dalvikvm( 2087): Could not find method android.system.Os.stat, referenced from method brj.a
W/dalvikvm( 2087): VFY: unable to resolve static method 3146: Landroid/system/Os;.stat (Ljava/lang/String;)Landroid/system/StructStat;
D/dalvikvm( 2087): VFY: replacing opcode 0x71 at 0x00d7
I/Icing   ( 2087): Indexing com.google.android.gms-emails_data_id from com.google.android.gms
I/Icing   ( 2087): Indexing done com.google.android.gms-emails_data_id
I/Icing   ( 2087): Indexing com.google.android.gms-phones_data_id from com.google.android.gms
D/dalvikvm( 1568): GC_FOR_ALLOC freed 1141K, 48% free 7818K/14816K, paused 10ms, total 10ms
I/Icing   ( 2087): Indexing done com.google.android.gms-phones_data_id
I/Icing   ( 2087): Indexing com.google.android.gms-postals_data_id from com.google.android.gms
D/dalvikvm( 1795): GC_EXPLICIT freed 239K, 16% free 6527K/7720K, paused 1ms+0ms, total 9ms
I/Icing   ( 2087): Indexing done com.google.android.gms-postals_data_id
I/ahju    ( 2087): Cancel all previously scheduled polling [CONTEXT service_id=51 ]
I/ahju    ( 2087): Scheduling Phenotype for first execution 5054 seconds from now (1629040299832) [CONTEXT service_id=51 ]
D/dalvikvm( 2087): GC_EXPLICIT freed 1775K, 25% free 9229K/12244K, paused 3ms+1ms, total 35ms
I/Icing   ( 2087): Post-init done
I/Auth    ( 2087): [AuthManaged,AuthManagedModuleInitIntentOperation] enabling com.google.android.gms.auth.managed.ui.EmmActivity
I/Auth    ( 2087): [AuthManaged,AuthManagedModuleInitIntentOperation] enabling com.google.android.gms.auth.managed.ui.PhoneskyDpcInstallActivity
I/Auth    ( 2087): [AuthManaged,AuthManagedModuleInitIntentOperation] disabling com.google.android.gms.auth.managed.ui.SettingsSecurityDeviceOwnerActivity
I/dalvikvm( 2087): Could not find method android.app.admin.DevicePolicyManager.getProfileOwner, referenced from method com.google.android.gms.auth.managed.intentoperations.SetupWorkProfileSettingsIntentOperation.a
W/dalvikvm( 2087): VFY: unable to resolve virtual method 2591: Landroid/app/admin/DevicePolicyManager;.getProfileOwner ()Landroid/content/ComponentName;
D/dalvikvm( 2087): VFY: replacing opcode 0x6e at 0x0028
I/Auth    ( 2087): [AuthManaged,PasswordComplexityHelperImpl] Updating password complexity components state.
I/Auth    ( 2087): [AuthManaged,PasswordComplexityHelperImpl] Disabling com.google.android.gms.auth.managed.admin.DeviceAdminReceiver
I/Auth    ( 2087): [AuthManaged,PasswordComplexityHelperImpl] Disabling com.google.android.gms.auth.managed.ui.SetNewPasswordActivity
I/GservicesProvider( 1795): main update completed
W/Icing   ( 2087): No valid account for uploading user actions
D/EGL_emulation( 1795): eglCreateContext: 0xb878c810: maj 1 min 0 rcv 1
D/dalvikvm( 2087): DexOpt: --- BEGIN 'AdsDynamite.apk' (bootstrap=0) ---
D/EGL_emulation( 1795): eglMakeCurrent: 0xb878c810: ver 1 0
D/EGL_emulation( 1795): eglCreateContext: 0xb87bdaf0: maj 3 min 0 rcv 3
W/linker  ( 2570): libdvm.so has text relocations. This is wasting memory and is a security risk. Please fix.
D/dalvikvm( 1795): GC_EXPLICIT freed 578K, 21% free 6137K/7720K, paused 1ms+0ms, total 5ms
I/Icing   ( 2087): Usage reports ok 0, Failed Usage reports 0, indexed 0, rejected 0
D/EGL_emulation( 1795): eglMakeCurrent: 0xb87bdaf0: ver 3 0
E/eglCodecCommon( 1795): glUtilsParamSize: unknow param 0x00008cdf
E/eglCodecCommon( 1795): glUtilsParamSize: unknow param 0x00008824
D/EGL_emulation( 1795): eglCreateContext: 0xb878ddc0: maj 1 min 0 rcv 1
D/EGL_emulation( 1795): eglMakeCurrent: 0xb878ddc0: ver 1 0
W/Icing   ( 2087): No valid account for uploading user actions
I/Icing   ( 2087): Usage reports ok 0, Failed Usage reports 0, indexed 0, rejected 0
W/Icing   ( 2087): No valid account for uploading user actions
I/Icing   ( 2087): Usage reports ok 0, Failed Usage reports 0, indexed 0, rejected 0
I/ChromeSync( 2087): [Sync,SyncIntentOperation] Handling the intent: Intent { act=com.google.android.chimera.IntentOperation.NEW_MODULE (has extras) }.
D/EGL_emulation( 1795): eglCreateContext: 0xb8797b10: maj 3 min 0 rcv 3
W/Icing   ( 2087): No valid account for uploading user actions
D/EGL_emulation( 1795): eglMakeCurrent: 0xb8797b10: ver 3 0
E/eglCodecCommon( 1795): glUtilsParamSize: unknow param 0x00008cdf
I/Icing   ( 2087): Usage reports ok 0, Failed Usage reports 0, indexed 0, rejected 0
E/eglCodecCommon( 1795): glUtilsParamSize: unknow param 0x00008824
W/Icing   ( 2087): No valid account for uploading user actions
I/Icing   ( 2087): Usage reports ok 0, Failed Usage reports 0, indexed 0, rejected 0
W/Icing   ( 2087): No valid account for uploading user actions
I/FA-SVC  ( 2087): App measurement initialized, version: 202414
D/EGL_emulation( 1795): eglCreateContext: 0xb8798680: maj 1 min 0 rcv 1
I/AutofillModuleInitInten( 2087): AutofillModuleInitIntentOperation onInitRuntimeState(12) [CONTEXT service_id=177 ]
I/Icing   ( 2087): Usage reports ok 0, Failed Usage reports 0, indexed 0, rejected 0
D/EGL_emulation( 1795): eglMakeCurrent: 0xb8798680: ver 1 0
D/EGL_emulation( 1795): eglCreateContext: 0xb8797cf0: maj 3 min 0 rcv 3
D/EGL_emulation( 1795): eglMakeCurrent: 0xb8797cf0: ver 3 0
E/eglCodecCommon( 1795): glUtilsParamSize: unknow param 0x00008cdf
E/eglCodecCommon( 1795): glUtilsParamSize: unknow param 0x00008824
D/EGL_emulation( 1795): eglCreateContext: 0xb87df8e0: maj 1 min 0 rcv 1
D/EGL_emulation( 1795): eglMakeCurrent: 0xb87df8e0: ver 1 0
D/EGL_emulation( 1795): eglCreateContext: 0xb87909f0: maj 3 min 0 rcv 3
D/dalvikvm( 1795): GC_EXPLICIT freed 149K, 21% free 6141K/7720K, paused 1ms+1ms, total 5ms
D/EGL_emulation( 1795): eglMakeCurrent: 0xb87909f0: ver 3 0
E/eglCodecCommon( 1795): glUtilsParamSize: unknow param 0x00008cdf
E/eglCodecCommon( 1795): glUtilsParamSize: unknow param 0x00008824
I/CheckinTask( 1795): Checkin success: https://android.clients.google.com/checkin (1 requests sent)
D/dalvikvm( 2087): GC_EXPLICIT freed 985K, 24% free 9421K/12244K, paused 4ms+7ms, total 43ms
I/dalvikvm( 2087): Could not find method android.os.PowerManager.isPowerSaveMode, referenced from method xvf.a
W/dalvikvm( 2087): VFY: unable to resolve virtual method 5368: Landroid/os/PowerManager;.isPowerSaveMode ()Z
I/dalvikvm( 2087): Failed resolving Lnkj; interface 845 'Landroid/net/ConnectivityManager$OnNetworkActiveListener;'
W/dalvikvm( 2087): Link of class 'Lnkj;' failed
I/dalvikvm( 2087): Could not find method nkj.a, referenced from method com.google.android.gms.common.stats.GmsCoreStatsChimeraService.onCreate
W/dalvikvm( 2087): VFY: unable to resolve static method 54667: Lnkj;.a ()Lnkj;
D/dalvikvm( 2087): VFY: replacing opcode 0x71 at 0x0009
I/dalvikvm( 2087): Failed resolving Lnkj; interface 845 'Landroid/net/ConnectivityManager$OnNetworkActiveListener;'
W/dalvikvm( 2087): Link of class 'Lnkj;' failed
I/dalvikvm( 2087): Could not find method nkj.a, referenced from method com.google.android.gms.common.stats.GmsCoreStatsChimeraService.onDestroy
W/dalvikvm( 2087): VFY: unable to resolve static method 54667: Lnkj;.a ()Lnkj;
D/dalvikvm( 2087): VFY: replacing opcode 0x71 at 0x0009
D/dalvikvm( 2087): VFY: replacing opcode 0x6e at 0x00d8
I/EventLogService( 1795): Aggregate from 1629040298009 (log), 0 (data)
I/dalvikvm( 1779): Failed resolving Lnkj; interface 845 'Landroid/net/ConnectivityManager$OnNetworkActiveListener;'
W/dalvikvm( 1779): Link of class 'Lnkj;' failed
I/dalvikvm( 1779): Could not find method nkj.a, referenced from method com.google.android.gms.common.stats.GmsCoreStatsChimeraService.onCreate
W/dalvikvm( 1779): VFY: unable to resolve static method 54667: Lnkj;.a ()Lnkj;
D/dalvikvm( 1779): VFY: replacing opcode 0x71 at 0x0009
I/dalvikvm( 1779): Failed resolving Lnkj; interface 845 'Landroid/net/ConnectivityManager$OnNetworkActiveListener;'
W/dalvikvm( 1779): Link of class 'Lnkj;' failed
I/dalvikvm( 1779): Could not find method nkj.a, referenced from method com.google.android.gms.common.stats.GmsCoreStatsChimeraService.onDestroy
W/dalvikvm( 1779): VFY: unable to resolve static method 54667: Lnkj;.a ()Lnkj;
D/dalvikvm( 1779): VFY: replacing opcode 0x71 at 0x0009
I/Fido    ( 2087): [FidoInitIntentOperation] Initializing Fido module, InitRuntimeState=12
I/Icing   ( 2087): Indexing done com.google.android.gms-apps
D/dalvikvm( 1568): GC_FOR_ALLOC freed 1224K, 48% free 7795K/14816K, paused 8ms, total 12ms
D/dalvikvm( 1795): GC_EXPLICIT freed 599K, 23% free 6002K/7720K, paused 0ms+0ms, total 5ms
D/dalvikvm( 1779): GC_EXPLICIT freed 1619K, 18% free 8607K/10468K, paused 4ms+9ms, total 29ms
I/Icing   ( 2087): Indexing com.google.android.gms-internal.3p:MobileApplication from com.google.android.gms
I/NewModuleOp( 2087): Enable component: com.google.android.gms.languageprofile.GcmReceiverService [CONTEXT service_id=167 ]
I/NewModuleOp( 2087): Enable component: com.google.android.gms.languageprofile.GcmTaskService [CONTEXT service_id=167 ]
I/NewModuleOp( 2087): Schedule LanguageProfileGcmTaskChimeraService tasks. [CONTEXT service_id=167 ]
I/LPGcmTaskChimeraService( 2087): Unscheduling sync tasks. [CONTEXT service_id=167 ]
I/TelephonySpam( 2087): TelephonySpamInit - onModuleUpdated TelephonySpam module initialized
I/TelephonySpam( 2087): SpamListSync - scheduleSyncTasks
I/TelephonySpam( 2087): SpamListSync - schedulePeriodicTask
I/TelephonySpam( 2087): SpamListSync - scheduleOneTimeTask
I/ahju    ( 1779): Scheduling Phenotype for a PhenotypeSyncImmediately(6, com.google.android.gms.auth_api_phone) one off with window [1, 2] in seconds [CONTEXT service_id=51 ]
I/ahju    ( 1779): Scheduling Phenotype for a PhenotypeSyncImmediately(6, com.google.android.gms.lockbox) one off with window [1, 2] in seconds [CONTEXT service_id=51 ]
D/dalvikvm( 2570): DexOpt: couldn't find field Landroid/view/WindowManager$LayoutParams;.layoutInDisplayCutoutMode
D/dalvikvm( 1795): GC_EXPLICIT freed 225K, 24% free 5916K/7720K, paused 1ms+0ms, total 7ms
I/SystemUpdate( 2087): [Installation,ReceiverIntentOperation] Received intent: Intent { act=com.google.android.gms.update.BASE_MODULE_INIT cat=[targeted_intent_op_prefix:.update.control.ReceiverIntentOperation] cmp=com.google.android.gms/.chimera.GmsIntentOperationService }.
D/dalvikvm( 1568): GC_FOR_ALLOC freed 1192K, 48% free 7808K/14816K, paused 7ms, total 14ms
I/Auth    ( 2087): [WorkAccount] update authenticator enabled for boot or update
I/Auth    ( 1779): [WorkAccountServiceImpl] init work authenticator
W/dalvikvm( 2087): VFY: unable to find class referenced in signature (Landroid/service/persistentdata/PersistentDataBlockManager;)
E/dalvikvm( 2087): Could not find class 'android.service.persistentdata.PersistentDataBlockManager', referenced from method eyr.a
W/dalvikvm( 2087): VFY: unable to resolve check-cast 972 (Landroid/service/persistentdata/PersistentDataBlockManager;) in Leyr;
D/dalvikvm( 2087): VFY: replacing opcode 0x1f at 0x0022
W/dalvikvm( 2087): VFY: unable to find class referenced in signature (Landroid/service/persistentdata/PersistentDataBlockManager;)
I/dalvikvm( 2087): Could not find method android.service.persistentdata.PersistentDataBlockManager.getMaximumDataBlockSize, referenced from method eyr.a
W/dalvikvm( 2087): VFY: unable to resolve virtual method 4350: Landroid/service/persistentdata/PersistentDataBlockManager;.getMaximumDataBlockSize ()J
D/dalvikvm( 2087): VFY: replacing opcode 0x6e at 0x001e
I/dalvikvm( 2087): Could not find method android.service.persistentdata.PersistentDataBlockManager.read, referenced from method eyr.b
W/dalvikvm( 2087): VFY: unable to resolve virtual method 4351: Landroid/service/persistentdata/PersistentDataBlockManager;.read ()[B
D/dalvikvm( 2087): VFY: replacing opcode 0x6e at 0x000d
D/dalvikvm( 2087): GC_EXPLICIT freed 1421K, 22% free 9598K/12244K, paused 3ms+4ms, total 24ms
W/WakefulBroadcastReceiv.( 1795): No active wake lock id #3
I/SystemUpdate( 2087): [Execution,InstallationEventIntentOperation] Handling event of type 1.
I/Auth    ( 2087): [SupervisedAccountIntentOperation] onHandleIntent(): android.intent.action.BOOT_COMPLETED
I/SystemUpdate( 2087): [Execution,InstallationIntentOperation] Received intent: Intent { act=com.google.android.gms.update.INSTALL_UPDATE cat=[targeted_intent_op_prefix:.update.execution.InstallationIntentOperation] cmp=com.google.android.gms/.chimera.GmsIntentOperationService }.
I/Auth    ( 2087): [SupervisedAccountIntentOperation] This operation is disabled
I/Auth    ( 2087): [AuthManaged,PasswordComplexityHelperImpl] Updating password complexity components state.
I/SystemUpdate( 2087): [Execution,ExecutionManager] Action finished-execution executed for 0.00 seconds.
I/Auth    ( 2087): [AuthManaged,PasswordComplexityHelperImpl] Disabling com.google.android.gms.auth.managed.admin.DeviceAdminReceiver
I/Authzen ( 2087): [AuthZenEventHandler] Handling event: android.intent.action.BOOT_COMPLETED
I/Authzen ( 2087): [TransactionCache] Clearing transaction cache
I/Auth    ( 2087): [AuthManaged,PasswordComplexityHelperImpl] Disabling com.google.android.gms.auth.managed.ui.SetNewPasswordActivity
I/AutofillModuleInitInten( 2087): AutofillModuleInitIntentOperation onInitRuntimeState(3) [CONTEXT service_id=177 ]
I/BackupPreLmp( 2087): [ComponentEnabler] Enabling pre-L components
W/GCoreFlp( 1779): No location to return for getLastLocation()
V/BackupPreLmp( 2087): [ComponentEnabler] Enabling Component: com.google.android.gms.backup.component.D2dPreLSourceActivity
D/dalvikvm( 1795): GC_EXPLICIT freed 413K, 23% free 5965K/7720K, paused 0ms+0ms, total 5ms
I/MdiSyncModule( 2087): initializing module...
I/Checkin ( 2087): [CheckinChimeraService] onStartCommand
I/ChromeSync( 2087): [Sync,SyncIntentOperation] Handling the intent: Intent { act=android.intent.action.BOOT_COMPLETED flg=0x8000010 cmp=com.google.android.gms/.chimera.GmsIntentOperationService (has extras) }.
I/ahju    ( 1779): Scheduling Phenotype for a PhenotypeSyncImmediately(16, com.google.android.gms.icing.mdd) one off with window [1, 2] in seconds [CONTEXT service_id=51 ]
I/CCTBootCount( 1779): (BOOT_COMPLETE intent)Device boot count in Clearcut increased.
I/Checkin ( 2087): [CheckinChimeraService] runCheckinOnNewThread
I/Checkin ( 2087): [CheckinChimeraService] Check queued to run. Is task waiting: false
I/Checkin ( 2087): [CheckinChimeraService] Run checkin on new thread return:1
I/Checkin ( 2087): [CheckinChimeraService] Starting Checkin Task: CheckinNowTaskTag Reason : 1 Force : false UserId: 0
E/JavaBinder( 2087): !!! FAILED BINDER TRANSACTION !!!
I/constellation( 2087): [intent_handler] Received onBootCompleted intent
I/constellation( 2087): [reboot_checker] Reboot checker check status.
I/constellation( 2087): [reboot_checker] reboot checker is disabled.
I/constellation( 2087): [intent_handler] on init with intent Intent { act=android.intent.action.BOOT_COMPLETED flg=0x8000010 cmp=com.google.android.gms/.chimera.GmsIntentOperationService (has extras) }
I/GoogleSettingsUtils( 2087): Updated ID in checkin_id_token file [CONTEXT service_id=130 ]
D/dalvikvm( 2087): GC_EXPLICIT freed 1222K, 21% free 9773K/12244K, paused 3ms+2ms, total 38ms
I/GmsSyncPolicyEngine( 2087): Periodic sync 3 disabled
I/MdiSyncModule( 2087): module initialization completed
I/LockboxService( 1779): Completed task: true [CONTEXT service_id=26 ]
I/Fido    ( 2087): [FidoInitIntentOperation] Initializing Fido module, InitRuntimeState=3
I/GCM-GMS ( 2087): Scheduling task to register GMS
D/dalvikvm( 1795): GC_EXPLICIT freed 150K, 23% free 5968K/7720K, paused 0ms+1ms, total 32ms
I/ActivityManager( 1568): Start proc com.google.android.gms.unstable for service com.google.android.gms/.droidguard.DroidGuardService: pid=2598 uid=10007 gids={50007, 3003, 1007, 1028, 1015, 3002, 3001, 3007, 2001, 3006}
I/MobileDataHub( 2087): Scheduling periodic tasks
W/dalvikvm( 2087): VFY: unable to find class referenced in signature (Landroid/net/NetworkRequest;)
D/dalvikvm( 1779): GC_EXPLICIT freed 1564K, 18% free 8591K/10468K, paused 0ms+8ms, total 20ms
W/dalvikvm( 2598): VFY: unable to resolve static field 1608 (PR_SET_DUMPABLE) in Landroid/system/OsConstants;
D/dalvikvm( 2598): VFY: replacing opcode 0x60 at 0x0017
W/dalvikvm( 2598): VFY: unable to find class referenced in signature (Lyqx;)
W/dalvikvm( 2598): VFY: unable to find class referenced in signature (Lyro;)
I/Herrevad( 1779): [59] wkz.a: updateListenState
I/dalvikvm( 1779): Could not find method android.os.UserHandle.isOwner, referenced from method ankk.a
W/dalvikvm( 1779): VFY: unable to resolve virtual method 29745: Landroid/os/UserHandle;.isOwner ()Z
D/dalvikvm( 1779): VFY: replacing opcode 0x6e at 0x000a
D/dalvikvm( 1795): GC_EXPLICIT freed 147K, 23% free 5962K/7720K, paused 1ms+1ms, total 6ms
I/Checkin ( 2087): [EventLogChimeraService] Opted in for usage reporting: false
I/NewModuleOp( 2087): Schedule LanguageProfileGcmTaskChimeraService tasks. [CONTEXT service_id=167 ]
I/LPGcmTaskChimeraService( 2087): Unscheduling sync tasks. [CONTEXT service_id=167 ]
W/MobileDataHub( 2087): [Service] appsupload-periodic periodic task disabled
I/dalvikvm( 2598): Could not find method android.system.Os.readlink, referenced from method msk.a
W/dalvikvm( 2598): VFY: unable to resolve static method 3145: Landroid/system/Os;.readlink (Ljava/lang/String;)Ljava/lang/String;
D/dalvikvm( 2598): VFY: replacing opcode 0x71 at 0x00b0
I/dalvikvm( 2598): Could not find method android.os.PowerManager.isInteractive, referenced from method ndc.a
W/dalvikvm( 2598): VFY: unable to resolve virtual method 3046: Landroid/os/PowerManager;.isInteractive ()Z
D/dalvikvm( 2598): VFY: replacing opcode 0x6e at 0x0013
I/Checkin ( 2087): [EventLogChimeraService] Opted in for usage reporting: false
I/dalvikvm( 2598): Could not find method com.google.android.chimera.ModuleContext.getAttributionTag, referenced from method com.google.android.chimera.ModuleContext.createAttributionContext
W/dalvikvm( 2598): VFY: unable to resolve virtual method 14170: Lcom/google/android/chimera/ModuleContext;.getAttributionTag ()Ljava/lang/String;
D/dalvikvm( 2598): VFY: replacing opcode 0x6e at 0x0004
I/dalvikvm( 2598): Could not find method com.google.android.chimera.ContextThemeWrapper.createAttributionContext, referenced from method com.google.android.chimera.ModuleContext.createAttributionContext
W/dalvikvm( 2598): VFY: unable to resolve virtual method 13785: Lcom/google/android/chimera/ContextThemeWrapper;.createAttributionContext (Ljava/lang/String;)Landroid/content/Context;
D/dalvikvm( 2598): VFY: replacing opcode 0x6f at 0x0035
I/dalvikvm( 2598): Could not find method android.content.ContextWrapper.createCredentialProtectedStorageContext, referenced from method com.google.android.chimera.ModuleContext.createCredentialProtectedStorageContext
W/dalvikvm( 2598): VFY: unable to resolve virtual method 2508: Landroid/content/ContextWrapper;.createCredentialProtectedStorageContext ()Landroid/content/Context;
D/dalvikvm( 2598): VFY: replacing opcode 0x6f at 0x0002
I/dalvikvm( 2598): Could not find method android.content.ContextWrapper.createDeviceProtectedStorageContext, referenced from method com.google.android.chimera.ModuleContext.createDeviceProtectedStorageContext
W/dalvikvm( 2598): VFY: unable to resolve virtual method 2509: Landroid/content/ContextWrapper;.createDeviceProtectedStorageContext ()Landroid/content/Context;
D/dalvikvm( 2598): VFY: replacing opcode 0x6f at 0x0002
I/dalvikvm( 2598): Could not find method com.google.android.chimera.ContextThemeWrapper.sendBroadcastWithMultiplePermissions, referenced from method com.google.android.chimera.ModuleContext.sendBroadcastWithMultiplePermissions
W/dalvikvm( 2598): VFY: unable to resolve virtual method 13795: Lcom/google/android/chimera/ContextThemeWrapper;.sendBroadcastWithMultiplePermissions (Landroid/content/Intent;[Ljava/lang/String;)V
D/dalvikvm( 2598): VFY: replacing opcode 0x6f at 0x0009
I/MultiDex( 2598): VM with version 1.6.0 does not have multidex support
I/MultiDex( 2598): Installing application
I/MultiDex( 2598): MultiDexExtractor(/system/priv-app/PrebuiltGmsCore.apk, /data/data/com.google.android.gms/code_cache/secondary-dexes)
I/MultiDex( 2598): Blocking on lock /data/data/com.google.android.gms/code_cache/secondary-dexes/MultiDex.lock
I/MultiDex( 2598): /data/data/com.google.android.gms/code_cache/secondary-dexes/MultiDex.lock locked
I/MultiDex( 2598): MultiDexExtractor.load(/system/priv-app/PrebuiltGmsCore.apk, false, )
D/dalvikvm( 2087): GC_EXPLICIT freed 623K, 21% free 9744K/12244K, paused 3ms+4ms, total 17ms
I/Checkin ( 2087): [EventLogChimeraService] Accumulating logs since 0
I/MultiDex( 2598): loading existing secondary dex files
I/MultiDex( 2598): load found 5 secondary dex files
I/MultiDex( 2598): install done
I/Icing   ( 2087): MaintenanceDriver: Registering all GCM Tasks.
D/dalvikvm( 2598): GC_FOR_ALLOC freed 393K, 16% free 3113K/3692K, paused 1ms, total 1ms
I/dalvikvm( 2598): Could not find method android.os.UserHandle.isOwner, referenced from method nmy.f
W/dalvikvm( 2598): VFY: unable to resolve virtual method 3081: Landroid/os/UserHandle;.isOwner ()Z
D/dalvikvm( 2598): VFY: replacing opcode 0x6e at 0x000a
I/LockboxService( 1779): Completed task: true [CONTEXT service_id=26 ]
I/dalvikvm( 2598): Could not find method android.content.pm.PackageManager.getPackageInstaller, referenced from method men.a
W/dalvikvm( 2598): VFY: unable to resolve virtual method 2608: Landroid/content/pm/PackageManager;.getPackageInstaller ()Landroid/content/pm/PackageInstaller;
D/dalvikvm( 2598): VFY: replacing opcode 0x6e at 0x001c
W/DynamiteModule( 2598): Local module descriptor class for providerinstaller not found.
I/dalvikvm( 2598): Could not find method android.system.Os.readlink, referenced from method bse.a
W/dalvikvm( 2598): VFY: unable to resolve static method 3145: Landroid/system/Os;.readlink (Ljava/lang/String;)Ljava/lang/String;
D/dalvikvm( 2598): VFY: replacing opcode 0x71 at 0x0044
I/dalvikvm( 2598): Could not find method android.system.Os.symlink, referenced from method bse.a
W/dalvikvm( 2598): VFY: unable to resolve static method 3147: Landroid/system/Os;.symlink (Ljava/lang/String;Ljava/lang/String;)V
D/dalvikvm( 2598): VFY: replacing opcode 0x71 at 0x00b0
I/dalvikvm( 2598): Could not find method android.system.Os.stat, referenced from method bse.a
W/dalvikvm( 2598): VFY: unable to resolve static method 3146: Landroid/system/Os;.stat (Ljava/lang/String;)Landroid/system/StructStat;
D/dalvikvm( 2598): VFY: replacing opcode 0x71 at 0x0005
W/dalvikvm( 2598): VFY: unable to resolve static field 1615 (S_IXUSR) in Landroid/system/OsConstants;
D/dalvikvm( 2598): VFY: replacing opcode 0x60 at 0x0007
I/dalvikvm( 2598): Could not find method android.system.Os.stat, referenced from method bse.b
W/dalvikvm( 2598): VFY: unable to resolve static method 3146: Landroid/system/Os;.stat (Ljava/lang/String;)Landroid/system/StructStat;
D/dalvikvm( 2598): VFY: replacing opcode 0x71 at 0x0040
W/dalvikvm( 2598): VFY: unable to resolve static field 1612 (S_IRUSR) in Landroid/system/OsConstants;
D/dalvikvm( 2598): VFY: replacing opcode 0x60 at 0x0007
D/dalvikvm( 2598): DexOpt: couldn't find static field Landroid/os/Build;.SUPPORTED_64_BIT_ABIS
W/dalvikvm( 2598): VFY: unable to resolve static field 1539 (SUPPORTED_64_BIT_ABIS) in Landroid/os/Build;
D/dalvikvm( 2598): VFY: replacing opcode 0x62 at 0x0214
W/ProviderHelper( 2598): Unknown dynamite feature providerinstaller
I/DynamiteModule( 2598): Considering local module providerinstaller:0 and remote module providerinstaller:0
W/ProviderInstaller( 2598): Failed to load providerinstaller module: No acceptable module found. Local version is 0 and remote version is 0.
I/dalvikvm( 2598): Could not find method android.content.ContextWrapper.createCredentialProtectedStorageContext, referenced from method nfr.createCredentialProtectedStorageContext
W/dalvikvm( 2598): VFY: unable to resolve virtual method 2508: Landroid/content/ContextWrapper;.createCredentialProtectedStorageContext ()Landroid/content/Context;
D/dalvikvm( 2598): VFY: replacing opcode 0x6f at 0x0002
I/dalvikvm( 2598): Could not find method android.content.ContextWrapper.createDeviceProtectedStorageContext, referenced from method nfr.createDeviceProtectedStorageContext
W/dalvikvm( 2598): VFY: unable to resolve virtual method 2509: Landroid/content/ContextWrapper;.createDeviceProtectedStorageContext ()Landroid/content/Context;
D/dalvikvm( 2598): VFY: replacing opcode 0x6f at 0x0002
D/dalvikvm( 2598): DexOpt: couldn't find static field Landroid/os/Build;.SUPPORTED_64_BIT_ABIS
W/dalvikvm( 2598): VFY: unable to resolve static field 1539 (SUPPORTED_64_BIT_ABIS) in Landroid/os/Build;
D/dalvikvm( 2598): VFY: replacing opcode 0x62 at 0x0080
D/dalvikvm( 2598): DexOpt: couldn't find static field Landroid/os/Build;.SUPPORTED_ABIS
W/dalvikvm( 2598): VFY: unable to resolve static field 1540 (SUPPORTED_ABIS) in Landroid/os/Build;
D/dalvikvm( 2598): VFY: replacing opcode 0x62 at 0x00d3
V/NativeCrypto( 2598): Registering com/google/android/gms/org/conscrypt/NativeCrypto's 286 native methods...
W/dalvikvm( 2598): Unable to resolve superclass of Lcom/google/android/gms/org/conscrypt/TrustManagerImpl; (5184)
W/dalvikvm( 2598): Link of class 'Lcom/google/android/gms/org/conscrypt/TrustManagerImpl;' failed
I/dalvikvm( 2598): Could not find method com.google.android.gms.org.conscrypt.TrustManagerImpl.getDefaultHostnameVerifier, referenced from method com.google.android.gms.org.conscrypt.Conscrypt.getDefaultHostnameVerifier
W/dalvikvm( 2598): VFY: unable to resolve static method 17870: Lcom/google/android/gms/org/conscrypt/TrustManagerImpl;.getDefaultHostnameVerifier ()Lcom/google/android/gms/org/conscrypt/ConscryptHostnameVerifier;
D/dalvikvm( 2598): VFY: replacing opcode 0x71 at 0x0003
W/dalvikvm( 2598): Unable to resolve superclass of Lcom/google/android/gms/org/conscrypt/TrustManagerImpl; (5184)
W/dalvikvm( 2598): Link of class 'Lcom/google/android/gms/org/conscrypt/TrustManagerImpl;' failed
W/dalvikvm( 2598): VFY: unable to find class referenced in signature (Lcom/google/android/gms/org/conscrypt/TrustManagerImpl;)
W/dalvikvm( 2598): Unable to resolve superclass of Lcom/google/android/gms/org/conscrypt/TrustManagerImpl; (5184)
W/dalvikvm( 2598): Link of class 'Lcom/google/android/gms/org/conscrypt/TrustManagerImpl;' failed
I/dalvikvm( 2598): Could not find method com.google.android.gms.org.conscrypt.TrustManagerImpl.getHostnameVerifier, referenced from method com.google.android.gms.org.conscrypt.Conscrypt.getHostnameVerifier
W/dalvikvm( 2598): VFY: unable to resolve virtual method 17872: Lcom/google/android/gms/org/conscrypt/TrustManagerImpl;.getHostnameVerifier ()Lcom/google/android/gms/org/conscrypt/ConscryptHostnameVerifier;
D/dalvikvm( 2598): VFY: replacing opcode 0x6e at 0x0004
W/dalvikvm( 2598): Unable to resolve superclass of Lcom/google/android/gms/org/conscrypt/TrustManagerImpl; (5184)
W/dalvikvm( 2598): Link of class 'Lcom/google/android/gms/org/conscrypt/TrustManagerImpl;' failed
E/dalvikvm( 2598): Could not find class 'com.google.android.gms.org.conscrypt.TrustManagerImpl', referenced from method com.google.android.gms.org.conscrypt.Conscrypt.isConscrypt
W/dalvikvm( 2598): VFY: unable to resolve instanceof 4452 (Lcom/google/android/gms/org/conscrypt/TrustManagerImpl;) in Lcom/google/android/gms/org/conscrypt/Conscrypt;
D/dalvikvm( 2598): VFY: replacing opcode 0x20 at 0x0000
D/dalvikvm( 2598): GC_FOR_ALLOC freed 474K, 18% free 3151K/3812K, paused 4ms, total 4ms
W/dalvikvm( 2598): Unable to resolve superclass of Lcom/google/android/gms/org/conscrypt/TrustManagerImpl; (5184)
W/dalvikvm( 2598): Link of class 'Lcom/google/android/gms/org/conscrypt/TrustManagerImpl;' failed
I/dalvikvm( 2598): Could not find method com.google.android.gms.org.conscrypt.TrustManagerImpl.setDefaultHostnameVerifier, referenced from method com.google.android.gms.org.conscrypt.Conscrypt.setDefaultHostnameVerifier
W/dalvikvm( 2598): VFY: unable to resolve static method 17882: Lcom/google/android/gms/org/conscrypt/TrustManagerImpl;.setDefaultHostnameVerifier (Lcom/google/android/gms/org/conscrypt/ConscryptHostnameVerifier;)V
D/dalvikvm( 2598): VFY: replacing opcode 0x71 at 0x0003
W/dalvikvm( 2598): Unable to resolve superclass of Lcom/google/android/gms/org/conscrypt/TrustManagerImpl; (5184)
W/dalvikvm( 2598): Link of class 'Lcom/google/android/gms/org/conscrypt/TrustManagerImpl;' failed
W/dalvikvm( 2598): VFY: unable to find class referenced in signature (Lcom/google/android/gms/org/conscrypt/TrustManagerImpl;)
W/dalvikvm( 2598): Unable to resolve superclass of Lcom/google/android/gms/org/conscrypt/TrustManagerImpl; (5184)
W/dalvikvm( 2598): Link of class 'Lcom/google/android/gms/org/conscrypt/TrustManagerImpl;' failed
I/dalvikvm( 2598): Could not find method com.google.android.gms.org.conscrypt.TrustManagerImpl.setHostnameVerifier, referenced from method com.google.android.gms.org.conscrypt.Conscrypt.setHostnameVerifier
W/dalvikvm( 2598): VFY: unable to resolve virtual method 17883: Lcom/google/android/gms/org/conscrypt/TrustManagerImpl;.setHostnameVerifier (Lcom/google/android/gms/org/conscrypt/ConscryptHostnameVerifier;)V
D/dalvikvm( 2598): VFY: replacing opcode 0x6e at 0x0004
W/dalvikvm( 2598): Unable to resolve superclass of Lcom/google/android/gms/org/conscrypt/TrustManagerImpl; (5184)
I/Ads     ( 2087): Parental control value is stale. Refreshing.
W/dalvikvm( 2598): Link of class 'Lcom/google/android/gms/org/conscrypt/TrustManagerImpl;' failed
W/Ads     ( 2087): Play store is not installed or the service for parental controls is not available.
W/GCoreFlp( 1779): No location to return for getLastLocation()
I/Ads     ( 2087): Initialized AdMob in container 20.24.14 (000700-319035315)
I/MdiSyncModule( 2087): initializing module...
E/dalvikvm( 2598): Could not find class 'com.google.android.gms.org.conscrypt.TrustManagerImpl', referenced from method com.google.android.gms.org.conscrypt.Conscrypt.toConscrypt
W/dalvikvm( 2598): VFY: unable to resolve check-cast 4452 (Lcom/google/android/gms/org/conscrypt/TrustManagerImpl;) in Lcom/google/android/gms/org/conscrypt/Conscrypt;
D/dalvikvm( 2598): VFY: replacing opcode 0x1f at 0x002a
D/dalvikvm( 1795): GC_EXPLICIT freed 141K, 23% free 5959K/7720K, paused 0ms+0ms, total 7ms
I/GmsSyncPolicyEngine( 2087): Periodic sync 3 disabled
I/MdiSyncModule( 2087): module initialization completed
D/dalvikvm( 2598): GC_FOR_ALLOC freed 287K, 13% free 3377K/3852K, paused 2ms, total 2ms
I/NearbySharing( 2087): Runtime state initialization complete. Sharing is disabled. [CONTEXT service_id=194 ]
W/ActivityManager( 1568): Unable to start service Intent { act=com.google.android.gms.nearby.discovery:ACTION_INIT_MESSAGES_PATH cmp=com.google.android.gms/.nearby.discovery.service.DiscoveryService } U=0: not found
I/NearbyDiscovery( 2087): FastPair: HeadsetPieceImage, grant permission files:0 [CONTEXT service_id=49 ]
I/DeletedNullContactsCleanup( 2087): Scheduling the service.
W/MDM     ( 2087): [118] aamr.c: Device admin action is a no-op. Action: true
E/AsyncOperation( 1779): serviceID=51, operation=GetExperimentTokensOperationCall
E/AsyncOperation( 1779): OperationException[Status{statusCode=No config packages for log source, or config package not registered, resolution=null}]
E/AsyncOperation( 1779): 	at ahif.a(:com.google.android.gms@202414005@20.24.14 (000700-319035315):87)
E/AsyncOperation( 1779): 	at ahif.a(:com.google.android.gms@202414005@20.24.14 (000700-319035315):80)
E/AsyncOperation( 1779): 	at uun.run(:com.google.android.gms@202414005@20.24.14 (000700-319035315):9)
E/AsyncOperation( 1779): 	at bcny.run(:com.google.android.gms@202414005@20.24.14 (000700-319035315):2)
E/AsyncOperation( 1779): 	at nlp.b(:com.google.android.gms@202414005@20.24.14 (000700-319035315):12)
E/AsyncOperation( 1779): 	at nlp.run(:com.google.android.gms@202414005@20.24.14 (000700-319035315):7)
E/AsyncOperation( 1779): 	at java.util.concurrent.ThreadPoolExecutor.runWorker(ThreadPoolExecutor.java:1112)
E/AsyncOperation( 1779): 	at java.util.concurrent.ThreadPoolExecutor$Worker.run(ThreadPoolExecutor.java:587)
E/AsyncOperation( 1779): 	at nrd.run(:com.google.android.gms@202414005@20.24.14 (000700-319035315):0)
E/AsyncOperation( 1779): 	at java.lang.Thread.run(Thread.java:841)
V/SmartDevice( 2087): [service,SmartDeviceIntentHandlers] OnUpgradeOrBootOperation got intent: Intent { act=android.intent.action.BOOT_COMPLETED flg=0x8000010 cmp=com.google.android.gms/.chimera.GmsIntentOperationService (has extras) } with flag 3
I/dalvikvm( 1779): Could not find method android.os.UserManager.getUserProfiles, referenced from method alze.a
W/dalvikvm( 1779): VFY: unable to resolve virtual method 29751: Landroid/os/UserManager;.getUserProfiles ()Ljava/util/List;
D/dalvikvm( 1779): VFY: replacing opcode 0x6e at 0x006a
D/dalvikvm( 2087): GC_EXPLICIT freed 967K, 19% free 10022K/12244K, paused 15ms+17ms, total 75ms
I/TelephonySpam( 2087): TelephonySpamInit - On boot completed TelephonySpam module initialized
I/TelephonySpam( 2087): TelephonySpamInit - onModuleUpdated TelephonySpam module initialized
I/TelephonySpam( 2087): SpamListSync - scheduleSyncTasks
I/TelephonySpam( 2087): SpamListSync - schedulePeriodicTask
I/BackupAndSyncValidation( 2087): Scheduling the service.
I/Ads     ( 2087): Initialized AdMob in container 20.24.14 (000700-319035315)
I/TelephonySpam( 2087): SpamListSync - scheduleOneTimeTask
D/dalvikvm( 1795): GC_EXPLICIT freed 144K, 23% free 5956K/7720K, paused 1ms+1ms, total 6ms
I/dalvikvm( 1779): Could not find method android.os.UserHandle.isOwner, referenced from method ambv.a
W/dalvikvm( 1779): VFY: unable to resolve virtual method 29745: Landroid/os/UserHandle;.isOwner ()Z
D/dalvikvm( 1779): VFY: replacing opcode 0x6e at 0x000a
D/dalvikvm( 2598): GC_FOR_ALLOC freed 135K, 9% free 3739K/4076K, paused 40ms, total 40ms
I/PeopleInitIntentOp( 2087): Not initializing debuggability [CONTEXT service_id=5 ]
I/Wear_Controller( 2087): Wear requires a companion app to be installed.
I/Wear_Controller( 2087): onStartup - Wear is not available on this device.
I/ahlt    ( 1779): updateFromConfigurations using legacy put method [CONTEXT service_id=204 ]
E/dalvikvm( 2087): Could not find class 'android.system.ErrnoException', referenced from method usb.b
W/dalvikvm( 2087): VFY: unable to resolve instanceof 1540 (Landroid/system/ErrnoException;) in Lusb;
D/dalvikvm( 2087): VFY: replacing opcode 0x20 at 0x0043
D/AndroidRuntime( 2624): 
D/AndroidRuntime( 2624): >>>>>> AndroidRuntime START com.android.internal.os.RuntimeInit <<<<<<
W/linker  ( 2624): libdvm.so has text relocations. This is wasting memory and is a security risk. Please fix.
D/AndroidRuntime( 2624): CheckJNI is ON
D/dalvikvm( 2598): GC_FOR_ALLOC freed 131K, 8% free 4088K/4440K, paused 2ms, total 2ms
D/dalvikvm( 2624): Trying to load lib libjavacore.so 0x0
D/dalvikvm( 2624): Added shared lib libjavacore.so 0x0
D/dalvikvm( 2624): Trying to load lib libnativehelper.so 0x0
D/dalvikvm( 2624): Added shared lib libnativehelper.so 0x0
D/dalvikvm( 2624): No JNI_OnLoad found in libnativehelper.so 0x0, skipping init
I/FontLog ( 2087): No directory on disk newer than version 0 [CONTEXT service_id=132 ]
D/dalvikvm( 1568): GC_EXPLICIT freed 1224K, 48% free 7741K/14816K, paused 2ms+1ms, total 26ms
I/ahlt    ( 1779): updateFromConfigurations using legacy put method [CONTEXT service_id=204 ]
I/dalvikvm( 2087): Could not find method android.os.PowerManager.isInteractive, referenced from method nol.a
W/dalvikvm( 2087): VFY: unable to resolve virtual method 4227: Landroid/os/PowerManager;.isInteractive ()Z
D/dalvikvm( 2087): VFY: replacing opcode 0x6e at 0x0006
D/dalvikvm( 2624): Note: class Landroid/app/ActivityManagerNative; has 179 unimplemented (abstract) methods
I/MobileDataHub( 2087): Scheduling periodic tasks
W/MobileDataHub( 2087): [Service] appsupload-periodic periodic task disabled
D/dalvikvm( 2598): GC_FOR_ALLOC freed 105K, 8% free 4386K/4732K, paused 48ms, total 48ms
E/memtrack( 2624): Couldn't load memtrack module (No such file or directory)
E/android.os.Debug( 2624): failed to load memtrack module: -2
D/dalvikvm( 1795): GC_EXPLICIT freed 141K, 23% free 5955K/7720K, paused 1ms+25ms, total 72ms
I/dalvikvm( 2087): Could not find method android.os.UserManager.getUserProfiles, referenced from method alze.a
W/dalvikvm( 2087): VFY: unable to resolve virtual method 29751: Landroid/os/UserManager;.getUserProfiles ()Ljava/util/List;
D/dalvikvm( 2087): VFY: replacing opcode 0x6e at 0x006a
D/dalvikvm( 2570): DexOpt: load 107ms, verify+opt 1202ms, 2655180 bytes
D/AndroidRuntime( 2624): Calling main entry com.android.commands.pm.Pm
D/AndroidRuntime( 2624): Shutting down VM
D/jdwp    ( 2624): Got wake-up signal, bailing out of select
D/dalvikvm( 2624): Debugger has detached; object registry had 1 entries
