I/PackageManager( 1569):   Scheme: "smsto"
I/PackageManager( 1569): Adding preferred activity ComponentInfo{com.android.mms/com.android.mms.ui.ComposeMessageActivity} for user 0 :
I/dalvikvm( 2089): Could not find method android.os.UserManager.isManagedProfile, referenced from method nmn.g
W/dalvikvm( 2089): VFY: unable to resolve virtual method 4277: Landroid/os/UserManager;.isManagedProfile ()Z
D/dalvikvm( 2089): VFY: replacing opcode 0x6e at 0x0012
I/dalvikvm( 2089): Could not find method android.app.admin.DevicePolicyManager.getAccountTypesWithManagementDisabled, referenced from method nmn.i
W/dalvikvm( 2089): VFY: unable to resolve virtual method 2586: Landroid/app/admin/DevicePolicyManager;.getAccountTypesWithManagementDisabled ()[Ljava/lang/String;
D/dalvikvm( 2089): VFY: replacing opcode 0x6e at 0x002b
I/PackageManager( 1569):   Action: "android.intent.action.SENDTO"
I/PackageManager( 1569):   Category: "android.intent.category.DEFAULT"
I/PackageManager( 1569):   Scheme: "mms"
I/SystemUpdate( 2089): [Execution,InstallationEventIntentOperation] Handling event of type 1.
I/PackageManager( 1569):   Action: "android.intent.action.SENDTO"
I/PackageManager( 1569):   Category: "android.intent.category.DEFAULT"
I/PackageManager( 1569):   Scheme: "mmsto"
I/PackageManager( 1569): Adding preferred activity ComponentInfo{com.android.mms/com.android.mms.ui.ComposeMessageActivity} for user 0 :
I/PackageManager( 1569): Adding preferred activity ComponentInfo{com.android.mms/com.android.mms.ui.ComposeMessageActivity} for user 0 :
D/dalvikvm( 1817): GC_FOR_ALLOC freed 389K, 17% free 3643K/4348K, paused 1ms, total 1ms
I/NearbyDiscovery( 1777): FastPairEventStream: Skip initialize event stream, adapter is null [CONTEXT service_id=49 ]
D/dalvikvm( 1569): GC_FOR_ALLOC freed 1109K, 51% free 7389K/14816K, paused 10ms, total 10ms
I/NearbyDiscovery( 1777): EventStreamLoggingManager: destroy, unbind service [CONTEXT service_id=49 ]
I/NearbyDiscovery( 1777): Show notifications: 0 total, no changes since last shown, no-op. [CONTEXT service_id=49 ]
W/NearbyShared( 1777): BTConnStateMgr: Already destroyed!
E/BluetoothAdapter( 1777): Bluetooth binder is null
E/BluetoothAdapter( 1777): Bluetooth binder is null
I/dalvikvm( 1777): Could not find method android.os.UserManager.isManagedProfile, referenced from method ffl.a
W/dalvikvm( 1777): VFY: unable to resolve virtual method 4277: Landroid/os/UserManager;.isManagedProfile ()Z
D/dalvikvm( 1777): VFY: replacing opcode 0x6e at 0x0024
I/SystemUpdate( 2089): [Execution,InstallationIntentOperation] Received intent: Intent { act=com.google.android.gms.update.INSTALL_UPDATE cat=[targeted_intent_op_prefix:.update.execution.InstallationIntentOperation] cmp=com.google.android.gms/.chimera.GmsIntentOperationService }.
I/NearbyDiscovery( 1777): DiscoveryService destroy EventLoop [CONTEXT service_id=49 ]
I/dalvikvm( 1777): Could not find method android.app.admin.DevicePolicyManager.isProfileOwnerApp, referenced from method hbs.c
W/dalvikvm( 1777): VFY: unable to resolve virtual method 2595: Landroid/app/admin/DevicePolicyManager;.isProfileOwnerApp (Ljava/lang/String;)Z
D/dalvikvm( 1777): VFY: replacing opcode 0x6e at 0x0011
I/dalvikvm( 1777): Could not find method android.app.admin.DevicePolicyManager.getProfileOwner, referenced from method hbs.a
W/dalvikvm( 1777): VFY: unable to resolve virtual method 2591: Landroid/app/admin/DevicePolicyManager;.getProfileOwner ()Landroid/content/ComponentName;
D/dalvikvm( 1777): VFY: replacing opcode 0x6e at 0x0012
E/GeofenceStateCache( 1777): Unable to load state, all registered geofences are lost.
I/GCoreUlr( 1777): Unbound from all signal providers.
I/GCoreUlr( 1777): Stopping handler for UlrDispSvcFast
I/GeofencerStateMachine( 1777): Network location disabled.
I/SystemUpdate( 2089): [Control,InstallationControl] Installation progress updated to (0x000, -1.000).
I/Auth    ( 1777): [WorkAccountServiceImpl] init work authenticator
I/dalvikvm( 1777): Could not find method android.os.UserHandle.isOwner, referenced from method axon.c
W/dalvikvm( 1777): VFY: unable to resolve virtual method 1714: Landroid/os/UserHandle;.isOwner ()Z
D/dalvikvm( 1777): VFY: replacing opcode 0x6e at 0x0186
D/dalvikvm( 2089): GC_FOR_ALLOC freed 923K, 28% free 6429K/8868K, paused 6ms, total 6ms
I/Auth    ( 1777): [WorkAccountServiceImpl] updating authenticator enabled state to: false
D/dalvikvm( 1946): GC_FOR_ALLOC freed 1948K, 11% free 23172K/25972K, paused 3ms, total 3ms
D/dalvikvm( 1569): GC_FOR_ALLOC freed 1094K, 51% free 7398K/14816K, paused 6ms, total 6ms
D/dalvikvm( 2089): GC_FOR_ALLOC freed 533K, 28% free 6464K/8868K, paused 7ms, total 7ms
D/dalvikvm( 1799): GC_FOR_ALLOC freed 573K, 12% free 6893K/7800K, paused 5ms, total 5ms
I/SystemUpdate( 2089): [Execution,ExecutionManager] Action pending executed for 0.16 seconds.
I/SystemUpdate( 2089): [Execution,ExecutionManager] Action finished-execution executed for 0.00 seconds.
D/dalvikvm( 1799): GC_EXPLICIT freed 1568K, 32% free 5339K/7800K, paused 0ms+0ms, total 28ms
I/Auth    ( 2089): [SupervisedAccountIntentOperation] onHandleIntent(): com.google.android.chimera.IntentOperation.NEW_MODULE
I/Auth    ( 2089): [SupervisedAccountIntentOperation] This operation is disabled
W/Nearby  ( 1777): Bind call too late - someone already tried to get: interface bkxn [CONTEXT service_id=49 ]
E/BluetoothAdapter( 1777): Bluetooth binder is null
D/dalvikvm( 1777): GC_FOR_ALLOC freed 928K, 15% free 6967K/8144K, paused 16ms, total 16ms
D/dalvikvm( 1569): GC_FOR_ALLOC freed 1086K, 50% free 7410K/14816K, paused 14ms, total 14ms
I/ahju    ( 1777): Scheduling Phenotype for a PhenotypeSyncImmediately(6, com.google.android.gms.settings.platform) one off with window [1, 2] in seconds [CONTEXT service_id=51 ]
I/NearbyMessages( 1777): OfflineCache: old scanner cache is not enabled [CONTEXT service_id=62 ]
I/PackageManager( 1569): Running dexopt on: com.google.android.googlequicksearchbox
I/ActivityManager( 1569): Start proc com.google.android.googlequicksearchbox for broadcast com.google.android.googlequicksearchbox/com.google.android.searchcommon.summons.icing.InternalIcingCorporaProvider$CorporaChangedReceiver: pid=2233 uid=10013 gids={50013, 3003, 1028, 3002, 1015}
W/linker  ( 2246): libdvm.so has text relocations. This is wasting memory and is a security risk. Please fix.
D/dalvikvm( 1569): GC_FOR_ALLOC freed 1119K, 51% free 7400K/14816K, paused 13ms, total 14ms
D/dalvikvm( 1569): GC_FOR_ALLOC freed 1113K, 51% free 7393K/14816K, paused 9ms, total 9ms
D/dalvikvm( 1569): GC_FOR_ALLOC freed 1104K, 51% free 7393K/14816K, paused 9ms, total 9ms
D/dalvikvm( 1569): GC_FOR_ALLOC freed 1104K, 51% free 7393K/14816K, paused 6ms, total 6ms
D/dalvikvm( 2246): DexOpt: 'Landroid/util/Pools$Pool;' has an earlier definition; blocking out
D/dalvikvm( 2246): DexOpt: 'Landroid/util/Pools$SimplePool;' has an earlier definition; blocking out
D/dalvikvm( 2246): DexOpt: 'Landroid/util/Pools$SynchronizedPool;' has an earlier definition; blocking out
D/dalvikvm( 2246): DexOpt: 'Landroid/util/Pools;' has an earlier definition; blocking out
D/dalvikvm( 1569): GC_FOR_ALLOC freed 1104K, 51% free 7393K/14816K, paused 12ms, total 12ms
D/dalvikvm( 1569): GC_FOR_ALLOC freed 1105K, 51% free 7393K/14816K, paused 9ms, total 9ms
D/dalvikvm( 2246): DexOpt: not verifying/optimizing 'Landroid/util/Pools$Pool;': multiple definitions
D/dalvikvm( 2246): DexOpt: not verifying/optimizing 'Landroid/util/Pools$SimplePool;': multiple definitions
D/dalvikvm( 2246): DexOpt: not verifying/optimizing 'Landroid/util/Pools$SynchronizedPool;': multiple definitions
D/dalvikvm( 2246): DexOpt: not verifying/optimizing 'Landroid/util/Pools;': multiple definitions
D/dalvikvm( 1569): GC_FOR_ALLOC freed 1104K, 51% free 7393K/14816K, paused 7ms, total 7ms
D/dalvikvm( 1569): GC_FOR_ALLOC freed 1105K, 51% free 7393K/14816K, paused 8ms, total 8ms
I/dalvikvm( 2246): DexOpt: not resolving ambiguous class 'Landroid/util/Pools$Pool;'
I/dalvikvm( 2246): DexOpt: not resolving ambiguous class 'Landroid/util/Pools$SynchronizedPool;'
D/dalvikvm( 1569): GC_FOR_ALLOC freed 1104K, 51% free 7393K/14816K, paused 8ms, total 8ms
D/dalvikvm( 1569): GC_FOR_ALLOC freed 1105K, 51% free 7393K/14816K, paused 8ms, total 8ms
D/dalvikvm( 1569): GC_FOR_ALLOC freed 1104K, 51% free 7393K/14816K, paused 8ms, total 8ms
D/dalvikvm( 1569): GC_FOR_ALLOC freed 1105K, 51% free 7393K/14816K, paused 8ms, total 8ms
D/dalvikvm( 1569): GC_FOR_ALLOC freed 1104K, 51% free 7393K/14816K, paused 7ms, total 7ms
D/dalvikvm( 1569): GC_FOR_ALLOC freed 1105K, 51% free 7393K/14816K, paused 8ms, total 8ms
D/dalvikvm( 2246): DexOpt: load 63ms, verify+opt 271ms, 5311084 bytes
W/ahlp    ( 1777): Phenotype platform registration failed for com.google.android.gms.settings.platform [CONTEXT service_id=204 ]
W/ahlp    ( 1777): java.util.concurrent.TimeoutException: Timed out waiting for Task
W/ahlp    ( 1777): 	at amhe.a(:com.google.android.gms@202414005@20.24.14 (000700-319035315):22)
W/ahlp    ( 1777): 	at ahlp.a(:com.google.android.gms@202414005@20.24.14 (000700-319035315):10)
W/ahlp    ( 1777): 	at ahlp.a(:com.google.android.gms@202414005@20.24.14 (000700-319035315):3)
W/ahlp    ( 1777): 	at com.google.android.gms.platformconfigurator.PhenotypeConfigurationUpdateListener.d(:com.google.android.gms@202414005@20.24.14 (000700-319035315):2)
W/ahlp    ( 1777): 	at com.google.android.gms.platformconfigurator.PhenotypeConfigurationUpdateListener.c(:com.google.android.gms@202414005@20.24.14 (000700-319035315):1)
W/ahlp    ( 1777): 	at com.google.android.gms.platformconfigurator.PhenotypeConfigurationUpdateListener.onHandleIntent(:com.google.android.gms@202414005@20.24.14 (000700-319035315):15)
W/ahlp    ( 1777): 	at com.google.android.chimera.IntentOperation.onHandleIntent(:com.google.android.gms@202414005@20.24.14 (000700-319035315):2)
W/ahlp    ( 1777): 	at ljm.onHandleIntent(:com.google.android.gms@202414005@20.24.14 (000700-319035315):4)
W/ahlp    ( 1777): 	at bsh.run(:com.google.android.gms@202414005@20.24.14 (000700-319035315):5)
W/ahlp    ( 1777): 	at bsg.run(:com.google.android.gms@202414005@20.24.14 (000700-319035315):10)
W/ahlp    ( 1777): 	at java.util.concurrent.ThreadPoolExecutor.runWorker(ThreadPoolExecutor.java:1112)
W/ahlp    ( 1777): 	at java.util.concurrent.ThreadPoolExecutor$Worker.run(ThreadPoolExecutor.java:587)
W/ahlp    ( 1777): 	at java.lang.Thread.run(Thread.java:841)
D/dalvikvm( 1569): GC_FOR_ALLOC freed 1103K, 51% free 7394K/14816K, paused 7ms, total 7ms
D/dalvikvm( 2089): GC_FOR_ALLOC freed 1020K, 26% free 6604K/8868K, paused 11ms, total 13ms
I/Icing.InternalIcingCorporaProvider( 2233): Updating corpora: A: com.android.sdksetup, C: MAYBE
I/Search.SharedPreferencesProto( 2233): load shared preferences: file not found
I/Search.SharedPreferencesProto( 2233): load shared preferences: file not found
I/ActivityManager( 1569): Start proc com.google.android.googlequicksearchbox:launcher for broadcast com.google.android.googlequicksearchbox/com.google.android.gel.GelStubAppWatcher: pid=2250 uid=10013 gids={50013, 3003, 1028, 3002, 1015}
E/ActivityThread( 2233): Failed to find provider info for com.google.android.voicesearch
I/dalvikvm( 2089): Could not find method android.os.UserManager.getUserProfiles, referenced from method apwh.b
W/dalvikvm( 2089): VFY: unable to resolve virtual method 29751: Landroid/os/UserManager;.getUserProfiles ()Ljava/util/List;
D/dalvikvm( 2089): VFY: replacing opcode 0x6e at 0x005b
I/dalvikvm( 1777): Could not find method android.hardware.SensorManager.getDefaultSensor, referenced from method ttr.a
W/dalvikvm( 1777): VFY: unable to resolve virtual method 4967: Landroid/hardware/SensorManager;.getDefaultSensor (IZ)Landroid/hardware/Sensor;
D/dalvikvm( 1777): VFY: replacing opcode 0x6e at 0x00b6
I/Fitness ( 1777): FitCleanupIntentOperation received Intent android.intent.action.PACKAGE_CHANGED [CONTEXT service_id=17 ]
D/dalvikvm( 1569): GC_FOR_ALLOC freed 1037K, 50% free 7463K/14816K, paused 9ms, total 9ms
D/dalvikvm( 1569): GC_FOR_ALLOC freed 1125K, 50% free 7460K/14816K, paused 8ms, total 8ms
E/ActivityThread( 2233): Failed to find provider info for com.google.android.partnersetup.rlzappprovider
D/dalvikvm( 1799): GC_EXPLICIT freed 97K, 31% free 5395K/7800K, paused 9ms+1ms, total 14ms
V/Launcher( 2250): LauncherAppState inited
I/Fitness ( 1777): OnPackageChangedOperation got intent: Intent { act=android.intent.action.PACKAGE_CHANGED dat=package:com.android.sdksetup flg=0x4000010 cmp=com.google.android.gms/.chimera.PersistentIntentOperationService (has extras) } [CONTEXT service_id=17 ]
I/NearbySharing( 2089): Runtime state initialization complete. Sharing is disabled. [CONTEXT service_id=194 ]
I/ahju    ( 1777): Scheduling Phenotype for a PhenotypeSyncImmediately(6, com.google.android.gms.settings.platform.boot) one off with window [1, 2] in seconds [CONTEXT service_id=51 ]
W/ActivityManager( 1569): Unable to start service Intent { act=com.google.android.gms.nearby.discovery:ACTION_INIT_MESSAGES_PATH cmp=com.google.android.gms/.nearby.discovery.service.DiscoveryService } U=0: not found
D/dalvikvm( 2233): GC_FOR_ALLOC freed 280K, 13% free 3226K/3692K, paused 11ms, total 11ms
D/dalvikvm( 1569): GC_FOR_ALLOC freed 1138K, 50% free 7443K/14816K, paused 19ms, total 19ms
I/dalvikvm( 1777): Could not find method android.provider.DeviceConfig.getProperty, referenced from method ahlr.a
W/dalvikvm( 1777): VFY: unable to resolve static method 29770: Landroid/provider/DeviceConfig;.getProperty (Ljava/lang/String;Ljava/lang/String;)Ljava/lang/String;
D/dalvikvm( 1777): VFY: replacing opcode 0x71 at 0x0000
I/dalvikvm( 1777): Could not find method android.provider.DeviceConfig.setProperty, referenced from method ahlr.a
W/dalvikvm( 1777): VFY: unable to resolve static method 29771: Landroid/provider/DeviceConfig;.setProperty (Ljava/lang/String;Ljava/lang/String;Ljava/lang/String;Z)Z
D/dalvikvm( 1777): VFY: replacing opcode 0x71 at 0x0000
D/dalvikvm( 2089): GC_FOR_ALLOC freed 897K, 23% free 6913K/8868K, paused 9ms, total 9ms
W/ContextImpl( 2233): Implicit intents with startService are not safe: Intent { act=com.google.android.gms.icing.INDEX_SERVICE } android.content.ContextWrapper.bindService:517 com.google.android.gms.internal.av.a:-1 com.google.android.gms.internal.au.connect:-1 
E/BluetoothAdapter( 1834): Bluetooth binder is null
W/ActivityManager( 1569): Unable to start service Intent { act=com.google.android.gms.nearby.discovery:ACTION_PERMISSION_CHANGE cmp=com.google.android.gms/.nearby.discovery.service.DiscoveryService } U=0: not found
I/Icing   ( 2089): Storage manager: low false usage 0 Bytes avail 644.03MB capacity 753.91MB
D/dalvikvm( 1777): GC_FOR_ALLOC freed 1049K, 16% free 7265K/8564K, paused 23ms, total 25ms
I/PeopleSync( 2089): First sync
W/dalvikvm( 2089): VFY: unable to find class referenced in signature (Landroid/net/Network;)
W/dalvikvm( 2089): VFY: unable to find class referenced in signature (Landroid/net/Network;)
I/dalvikvm( 2089): Could not find method android.net.Network.openConnection, referenced from method wna.a
W/dalvikvm( 2089): VFY: unable to resolve virtual method 5072: Landroid/net/Network;.openConnection (Ljava/net/URL;)Ljava/net/URLConnection;
D/dalvikvm( 2089): VFY: replacing opcode 0x6e at 0x008f
E/GmsRequestQueue( 2089): Tried to stop global GMSCore RequestQueue. This is likely unintended, so ignoring.
I/Authzen ( 2089): [AuthZenEventHandler] Handling event: com.google.android.chimera.IntentOperation.NEW_MODULE
E/Authzen ( 2089): [AuthZenEventHandler] unknown action: com.google.android.chimera.IntentOperation.NEW_MODULE
I/dalvikvm( 1777): Could not find method java.util.Locale.toLanguageTag, referenced from method ablz.a
W/dalvikvm( 1777): VFY: unable to resolve virtual method 19297: Ljava/util/Locale;.toLanguageTag ()Ljava/lang/String;
D/dalvikvm( 1777): VFY: replacing opcode 0x6e at 0x0006
I/Icing   ( 2089): IndexChimeraService.getServiceInterface callingPackage=com.google.android.gms componentName=AppsCorpus serviceId=36
D/dalvikvm( 1569): GC_FOR_ALLOC freed 1110K, 50% free 7449K/14816K, paused 14ms, total 14ms
I/PackageManager( 1569): Running dexopt on: com.google.android.calendar
D/dalvikvm( 2089): GC_FOR_ALLOC freed 974K, 19% free 7248K/8868K, paused 11ms, total 11ms
I/Icing   ( 2089): IndexChimeraService.getServiceInterface callingPackage=com.google.android.gms componentName=AppsCorpus serviceId=32
I/Icing   ( 2089): IndexChimeraService.getServiceInterface callingPackage=com.google.android.googlequicksearchbox componentName=null serviceId=21
W/linker  ( 2325): libdvm.so has text relocations. This is wasting memory and is a security risk. Please fix.
I/ActivityManager( 1569): Start proc com.google.android.calendar for broadcast com.google.android.calendar/com.android.calendar.widget.CalendarAppWidgetService$CalendarFactory: pid=2311 uid=10018 gids={50018, 3003}
D/dalvikvm( 1569): GC_FOR_ALLOC freed 1132K, 50% free 7437K/14816K, paused 9ms, total 9ms
D/ConnectivityService( 1569): [CheckMp] isMobileOk: X result=1
D/ConnectivityService( 1569): [CheckMp] onPostExecute: result=1
D/ConnectivityService( 1569): CheckMp.onComplete: result=1
D/ConnectivityService( 1569): CheckMp.onComplete: ignore, connected or no connection
D/dalvikvm( 1569): GC_FOR_ALLOC freed 1119K, 50% free 7433K/14816K, paused 7ms, total 7ms
D/dalvikvm( 2325): DexOpt: load 17ms, verify+opt 81ms, 1896332 bytes
I/constellation( 2089): [sim_state_checker] sim state checker is disabled.
I/PeopleSync( 2089): requestAllFullSyncForContainerUpgrade
I/GCoreUlr( 1777): WorldUpdater received intent Intent { act=com.google.android.location.reporting.ACTION_UPDATE_WORLD cmp=com.google.android.gms/com.google.android.location.reporting.service.DispatchingService (has extras) } with receiverAction android.location.PROVIDERS_CHANGED
I/ahgs    ( 1777): No Heterodyne serving version in database [CONTEXT service_id=51 ]
D/dalvikvm( 2089): GC_FOR_ALLOC freed 1449K, 19% free 7205K/8868K, paused 12ms, total 12ms
D/dalvikvm( 1799): GC_EXPLICIT freed 138K, 31% free 5399K/7800K, paused 0ms+1ms, total 16ms
I/PackageManager( 1569): Running dexopt on: com.android.deskclock
I/ActivityManager( 1569): Start proc com.android.deskclock for broadcast com.android.deskclock/.AlarmInitReceiver: pid=2335 uid=10022 gids={50022, 1028}
W/linker  ( 2348): libdvm.so has text relocations. This is wasting memory and is a security risk. Please fix.
D/dalvikvm( 2348): DexOpt: load 9ms, verify+opt 32ms, 1099492 bytes
D/dalvikvm( 2089): GC_FOR_ALLOC freed 1298K, 18% free 7313K/8868K, paused 6ms, total 6ms
I/ActivityManager( 1569): Start proc com.android.providers.calendar for content provider com.android.providers.calendar/.CalendarProvider2: pid=2349 uid=10001 gids={50001, 3003, 1028, 1015}
V/AlarmClock( 2335): AlarmInitReceiver android.intent.action.TIMEZONE_CHANGED
I/GCoreUlr( 1777): WorldUpdater:android.location.PROVIDERS_CHANGED: Ensuring that reporting is stopped because of reasons: (no Google accounts)
I/AlarmClock( 2335): Alarms Table created
I/AlarmClock( 2335): Instance table created
I/AlarmClock( 2335): Cities table created
I/AlarmClock( 2335): Inserting default alarms
I/AlarmClock( 2335): Displaying next alarm time: ''
I/CalendarDatabaseHelper( 2349): Bootstrapping database
I/GCoreUlr( 1777): Unbound from all signal providers.
W/BackupManagerService( 1569): dataChanged but no participant pkg='com.android.providers.settings' uid=10022
V/AlarmClock( 2335): AlarmInitReceiver finished
I/PackageManager( 1569): Running dexopt on: com.google.android.play.games
I/CalendarProvider2( 2349): Created com.android.providers.calendar.CalendarAlarmManager@9d0359c0(com.android.providers.calendar.CalendarProvider2@9d022770)
I/ActivityManager( 1569): Start proc com.google.android.play.games for broadcast com.google.android.play.games/com.google.android.libraries.notifications.entrypoints.timezonechanged.TimezoneChangedReceiver: pid=2365 uid=10043 gids={50043, 3003}
W/linker  ( 2378): libdvm.so has text relocations. This is wasting memory and is a security risk. Please fix.
E/cutils-trace( 2378): Error opening trace file: Permission denied (13)
D/dalvikvm( 2378): GC_FOR_ALLOC freed 16K, 1% free 2030K/2048K, paused 1ms, total 1ms
D/dalvikvm( 2378): DexOpt: couldn't find static field Landroid/view/View;.TRANSLATION_Z
D/dalvikvm( 2378): DexOpt: couldn't find static field Landroid/graphics/Bitmap$Config;.HARDWARE
D/dalvikvm( 2378): DexOpt: couldn't find static field Landroid/graphics/Bitmap$Config;.RGBA_F16
D/dalvikvm( 2378): DexOpt: couldn't find static field Landroid/graphics/Bitmap$Config;.HARDWARE
D/dalvikvm( 2378): DexOpt: couldn't find static field Landroid/graphics/Bitmap$Config;.RGBA_F16
D/dalvikvm( 2378): DexOpt: couldn't find static field Landroid/graphics/Bitmap$Config;.RGBA_F16
D/dalvikvm( 2378): DexOpt: couldn't find field Landroid/content/pm/ApplicationInfo;.category
D/dalvikvm( 2378): DexOpt: couldn't find field Landroid/content/pm/ResolveInfo;.isInstantAppAvailable
D/dalvikvm( 2378): DexOpt: couldn't find static field Landroid/hardware/camera2/CameraCharacteristics;.LENS_FACING
D/dalvikvm( 2378): DexOpt: couldn't find field Landroid/os/Message;.sendingUid
D/dalvikvm( 2378): DexOpt: load 78ms, verify+opt 401ms, 7544340 bytes
E/dalvikvm( 2365): Could not find class 'android.app.NotificationChannel', referenced from method com.google.android.apps.play.games.core.PlayGamesApplication.onCreate
W/dalvikvm( 2365): VFY: unable to resolve new-instance 420 (Landroid/app/NotificationChannel;) in Lcom/google/android/apps/play/games/core/PlayGamesApplication;
D/dalvikvm( 2365): VFY: replacing opcode 0x22 at 0x008d
E/dalvikvm( 2365): Could not find class 'android.app.NotificationChannelGroup', referenced from method com.google.android.apps.play.games.core.PlayGamesApplication.onCreate
W/dalvikvm( 2365): VFY: unable to resolve new-instance 421 (Landroid/app/NotificationChannelGroup;) in Lcom/google/android/apps/play/games/core/PlayGamesApplication;
D/dalvikvm( 2365): VFY: replacing opcode 0x22 at 0x0131
D/dalvikvm( 2365): DexOpt: couldn't find static field Landroid/os/Build;.SUPPORTED_ABIS
W/dalvikvm( 2365): VFY: unable to resolve static field 1664 (SUPPORTED_ABIS) in Landroid/os/Build;
D/dalvikvm( 2365): VFY: replacing opcode 0x62 at 0x01a4
E/dalvikvm( 2365): Could not find class 'android.app.NotificationChannel', referenced from method com.google.android.apps.play.games.core.PlayGamesApplication.onCreate
W/dalvikvm( 2365): VFY: unable to resolve new-instance 420 (Landroid/app/NotificationChannel;) in Lcom/google/android/apps/play/games/core/PlayGamesApplication;
D/dalvikvm( 2365): VFY: replacing opcode 0x22 at 0x03e6
D/dalvikvm( 2365): DexOpt: unable to opt direct call 0x0b8a at 0x98 in Lcom/google/android/apps/play/games/core/PlayGamesApplication;.onCreate
D/dalvikvm( 2365): DexOpt: unable to opt direct call 0x0b8a at 0xa9 in Lcom/google/android/apps/play/games/core/PlayGamesApplication;.onCreate
D/dalvikvm( 2365): DexOpt: unable to opt direct call 0x0b8a at 0xba in Lcom/google/android/apps/play/games/core/PlayGamesApplication;.onCreate
D/dalvikvm( 2365): DexOpt: unable to opt direct call 0x0b8a at 0xcb in Lcom/google/android/apps/play/games/core/PlayGamesApplication;.onCreate
D/dalvikvm( 2365): DexOpt: unable to opt direct call 0x0b8a at 0xdc in Lcom/google/android/apps/play/games/core/PlayGamesApplication;.onCreate
D/dalvikvm( 2365): DexOpt: unable to opt direct call 0x0b8a at 0xed in Lcom/google/android/apps/play/games/core/PlayGamesApplication;.onCreate
D/dalvikvm( 2365): DexOpt: unable to opt direct call 0x0b8a at 0x107 in Lcom/google/android/apps/play/games/core/PlayGamesApplication;.onCreate
D/dalvikvm( 2365): DexOpt: unable to opt direct call 0x0b95 at 0x135 in Lcom/google/android/apps/play/games/core/PlayGamesApplication;.onCreate
D/dalvikvm( 2365): DexOpt: unable to opt direct call 0x0b8a at 0x144 in Lcom/google/android/apps/play/games/core/PlayGamesApplication;.onCreate
D/dalvikvm( 2365): DexOpt: unable to opt direct call 0x0b8a at 0x160 in Lcom/google/android/apps/play/games/core/PlayGamesApplication;.onCreate
D/dalvikvm( 2365): DexOpt: unable to opt direct call 0x0b8a at 0x3eb in Lcom/google/android/apps/play/games/core/PlayGamesApplication;.onCreate
I/dalvikvm( 2365): Could not find method android.app.Notification.getChannelId, referenced from method keu.a
W/dalvikvm( 2365): VFY: unable to resolve virtual method 2951: Landroid/app/Notification;.getChannelId ()Ljava/lang/String;
D/dalvikvm( 2365): VFY: replacing opcode 0x6e at 0x0010
I/dalvikvm( 2365): Could not find method android.content.Context.createDeviceProtectedStorageContext, referenced from method hgf.a
W/dalvikvm( 2365): VFY: unable to resolve virtual method 3139: Landroid/content/Context;.createDeviceProtectedStorageContext ()Landroid/content/Context;
D/dalvikvm( 2365): VFY: replacing opcode 0x6e at 0x0029
I/dalvikvm( 2365): Could not find method android.content.Context.getSystemService, referenced from method hgf.a
W/dalvikvm( 2365): VFY: unable to resolve virtual method 3171: Landroid/content/Context;.getSystemService (Ljava/lang/Class;)Ljava/lang/Object;
D/dalvikvm( 2365): VFY: replacing opcode 0x6e at 0x0009
I/dalvikvm( 2365): Could not find method android.content.Context.createDeviceProtectedStorageContext, referenced from method nzv.a
W/dalvikvm( 2365): VFY: unable to resolve virtual method 3139: Landroid/content/Context;.createDeviceProtectedStorageContext ()Landroid/content/Context;
D/dalvikvm( 2365): VFY: replacing opcode 0x6e at 0x0031
I/dalvikvm( 2365): Could not find method android.content.Context.isDeviceProtectedStorage, referenced from method mlu.a
W/dalvikvm( 2365): VFY: unable to resolve virtual method 3177: Landroid/content/Context;.isDeviceProtectedStorage ()Z
D/dalvikvm( 2365): VFY: replacing opcode 0x6e at 0x0018
E/dalvikvm( 2365): Could not find class 'android.app.NotificationChannel', referenced from method fsr.a
W/dalvikvm( 2365): VFY: unable to resolve new-instance 420 (Landroid/app/NotificationChannel;) in Lfsr;
D/dalvikvm( 2365): VFY: replacing opcode 0x22 at 0x0236
D/dalvikvm( 2365): DexOpt: unable to opt direct call 0x0b8a at 0x23d in Lfsr;.a
I/dalvikvm( 2365): Failed resolving Lnok; interface 1015 'Landroid/view/Window$OnFrameMetricsAvailableListener;'
W/dalvikvm( 2365): Link of class 'Lnok;' failed
I/dalvikvm( 2365): Failed resolving Lnok; interface 1015 'Landroid/view/Window$OnFrameMetricsAvailableListener;'
W/dalvikvm( 2365): Link of class 'Lnok;' failed
I/dalvikvm( 2365): Failed resolving Lnok; interface 1015 'Landroid/view/Window$OnFrameMetricsAvailableListener;'
W/dalvikvm( 2365): Link of class 'Lnok;' failed
W/dalvikvm( 2365): VFY: unable to resolve instance field 27376
D/dalvikvm( 2365): VFY: replacing opcode 0x5c at 0x06cf
I/dalvikvm( 2365): Failed resolving Lnok; interface 1015 'Landroid/view/Window$OnFrameMetricsAvailableListener;'
W/dalvikvm( 2365): Link of class 'Lnok;' failed
I/dalvikvm( 2365): Failed resolving Lnok; interface 1015 'Landroid/view/Window$OnFrameMetricsAvailableListener;'
W/dalvikvm( 2365): Link of class 'Lnok;' failed
W/PrimesInit( 2365): Primes instant initialization
I/GCoreUlr( 1777): Unbound from all signal providers.
I/GCoreUlr( 1777): Stopping handler for UlrDispSvcFast
D/dalvikvm( 2365): GC_FOR_ALLOC freed 369K, 16% free 3136K/3692K, paused 4ms, total 4ms
W/Primes  ( 2365): background initialization
I/dalvikvm( 2365): Could not find method android.app.AppOpsManager.permissionToOp, referenced from method rr.a
W/dalvikvm( 2365): VFY: unable to resolve static method 2785: Landroid/app/AppOpsManager;.permissionToOp (Ljava/lang/String;)Ljava/lang/String;
D/dalvikvm( 2365): VFY: replacing opcode 0x71 at 0x000e
I/dalvikvm( 2365): Could not find method android.content.Context.getSystemService, referenced from method rr.a
W/dalvikvm( 2365): VFY: unable to resolve virtual method 3171: Landroid/content/Context;.getSystemService (Ljava/lang/Class;)Ljava/lang/Object;
D/dalvikvm( 2365): VFY: replacing opcode 0x6e at 0x002b
I/dalvikvm( 2365): Could not find method android.content.Context.getSystemService, referenced from method mry.a
W/dalvikvm( 2365): VFY: unable to resolve virtual method 3171: Landroid/content/Context;.getSystemService (Ljava/lang/Class;)Ljava/lang/Object;
D/dalvikvm( 2365): VFY: replacing opcode 0x6e at 0x001a
I/dalvikvm( 2365): Could not find method android.os.UserManager.isUserUnlocked, referenced from method mry.a
W/dalvikvm( 2365): VFY: unable to resolve virtual method 4621: Landroid/os/UserManager;.isUserUnlocked ()Z
D/dalvikvm( 2365): VFY: replacing opcode 0x6e at 0x0030
I/dalvikvm( 2365): Could not find method android.content.Context.isDeviceProtectedStorage, referenced from method mry.b
W/dalvikvm( 2365): VFY: unable to resolve virtual method 3177: Landroid/content/Context;.isDeviceProtectedStorage ()Z
D/dalvikvm( 2365): VFY: replacing opcode 0x6e at 0x0000
I/DeletedNullContactsCleanup( 2089): Scheduling the service.
I/PrimesTesting( 2365): GserviceFlagsSupplier.get()
E/SQLiteLog( 2089): (1) no such table: owners
I/dalvikvm( 2365): Could not find method android.content.pm.PackageManager.getPackageInstaller, referenced from method gzw.a
W/dalvikvm( 2365): VFY: unable to resolve virtual method 3338: Landroid/content/pm/PackageManager;.getPackageInstaller ()Landroid/content/pm/PackageInstaller;
D/dalvikvm( 2365): VFY: replacing opcode 0x6e at 0x0024
D/dalvikvm( 1799): GC_EXPLICIT freed 147K, 31% free 5399K/7800K, paused 0ms+1ms, total 5ms
I/GAv4-SVC( 2365): Google Analytics 16.9.98 is starting up.
E/dalvikvm( 2365): Could not find class 'android.app.job.JobScheduler', referenced from method gss.e
W/dalvikvm( 2365): VFY: unable to resolve check-cast 443 (Landroid/app/job/JobScheduler;) in Lgss;
D/dalvikvm( 2365): VFY: replacing opcode 0x1f at 0x00d7
E/dalvikvm( 2365): Could not find class 'android.app.job.JobScheduler', referenced from method gss.b
W/dalvikvm( 2365): VFY: unable to resolve check-cast 443 (Landroid/app/job/JobScheduler;) in Lgss;
D/dalvikvm( 2365): VFY: replacing opcode 0x1f at 0x02b1
E/dalvikvm( 2365): Could not find class 'android.app.job.JobScheduler', referenced from method gss.b
W/dalvikvm( 2365): VFY: unable to resolve check-cast 443 (Landroid/app/job/JobScheduler;) in Lgss;
D/dalvikvm( 2365): VFY: replacing opcode 0x1f at 0x0672
E/dalvikvm( 2365): Could not find class 'android.app.job.JobScheduler', referenced from method gss.b
W/dalvikvm( 2365): VFY: unable to resolve check-cast 443 (Landroid/app/job/JobScheduler;) in Lgss;
D/dalvikvm( 2365): VFY: replacing opcode 0x1f at 0x0866
E/dalvikvm( 2365): Could not find class 'android.app.job.JobScheduler', referenced from method gss.b
W/dalvikvm( 2365): VFY: unable to resolve check-cast 443 (Landroid/app/job/JobScheduler;) in Lgss;
D/dalvikvm( 2365): VFY: replacing opcode 0x1f at 0x0906
E/dalvikvm( 2365): Could not find class 'android.app.job.JobScheduler', referenced from method gss.b
W/dalvikvm( 2365): VFY: unable to resolve check-cast 443 (Landroid/app/job/JobScheduler;) in Lgss;
D/dalvikvm( 2365): VFY: replacing opcode 0x1f at 0x095c
E/dalvikvm( 2365): Could not find class 'android.app.job.JobScheduler', referenced from method gss.b
W/dalvikvm( 2365): VFY: unable to resolve check-cast 443 (Landroid/app/job/JobScheduler;) in Lgss;
D/dalvikvm( 2365): VFY: replacing opcode 0x1f at 0x09fc
E/dalvikvm( 2365): Could not find class 'android.app.job.JobScheduler', referenced from method gss.b
W/dalvikvm( 2365): VFY: unable to resolve check-cast 443 (Landroid/app/job/JobScheduler;) in Lgss;
D/dalvikvm( 2365): VFY: replacing opcode 0x1f at 0x0a1e
E/dalvikvm( 2365): Could not find class 'android.app.job.JobScheduler', referenced from method gss.b
W/dalvikvm( 2365): VFY: unable to resolve check-cast 443 (Landroid/app/job/JobScheduler;) in Lgss;
D/dalvikvm( 2365): VFY: replacing opcode 0x1f at 0x0a40
E/dalvikvm( 2365): Could not find class 'android.app.job.JobScheduler', referenced from method gss.b
W/dalvikvm( 2365): VFY: unable to resolve check-cast 443 (Landroid/app/job/JobScheduler;) in Lgss;
D/dalvikvm( 2365): VFY: replacing opcode 0x1f at 0x0a62
E/dalvikvm( 2365): Could not find class 'android.app.job.JobScheduler', referenced from method gss.b
W/dalvikvm( 2365): VFY: unable to resolve check-cast 443 (Landroid/app/job/JobScheduler;) in Lgss;
D/dalvikvm( 2365): VFY: replacing opcode 0x1f at 0x0ae8
E/dalvikvm( 2365): Could not find class 'android.app.job.JobScheduler', referenced from method gss.b
W/dalvikvm( 2365): VFY: unable to resolve check-cast 443 (Landroid/app/job/JobScheduler;) in Lgss;
D/dalvikvm( 2365): VFY: replacing opcode 0x1f at 0x0b20
E/dalvikvm( 2365): Could not find class 'android.app.job.JobScheduler', referenced from method gss.c
W/dalvikvm( 2365): VFY: unable to resolve check-cast 443 (Landroid/app/job/JobScheduler;) in Lgss;
D/dalvikvm( 2365): VFY: replacing opcode 0x1f at 0x0077
E/dalvikvm( 2365): Could not find class 'android.app.job.JobScheduler', referenced from method gss.c
W/dalvikvm( 2365): VFY: unable to resolve check-cast 443 (Landroid/app/job/JobScheduler;) in Lgss;
D/dalvikvm( 2365): VFY: replacing opcode 0x1f at 0x012a
E/dalvikvm( 2365): Could not find class 'android.app.job.JobScheduler', referenced from method gss.c
W/dalvikvm( 2365): VFY: unable to resolve check-cast 443 (Landroid/app/job/JobScheduler;) in Lgss;
D/dalvikvm( 2365): VFY: replacing opcode 0x1f at 0x0327
I/PeopleDatabaseHelper( 2089): cleanUpNonGplusAccounts done.
I/PeopleSearchIndexManage( 2089): ICU version changed from unknown to 51.1.0.1
E/dalvikvm( 2365): Could not find class 'android.app.job.JobScheduler', referenced from method gtk.u_
W/dalvikvm( 2365): VFY: unable to resolve check-cast 443 (Landroid/app/job/JobScheduler;) in Lgtk;
D/dalvikvm( 2365): VFY: replacing opcode 0x1f at 0x0080
I/PeopleSearchIndexManage( 2089): Rebuilding index...
I/dalvikvm( 2365): Could not find method android.app.NotificationManager.getNotificationChannel, referenced from method gzd.a
W/dalvikvm( 2365): VFY: unable to resolve virtual method 2974: Landroid/app/NotificationManager;.getNotificationChannel (Ljava/lang/String;)Landroid/app/NotificationChannel;
D/dalvikvm( 2365): VFY: replacing opcode 0x6e at 0x00c5
D/dalvikvm( 2365): DexOpt: unable to opt direct call 0x0b8a at 0xd2 in Lgzd;.a
E/dalvikvm( 2365): Could not find class 'com.google.common.flogger.backend.google.GooglePlatform', referenced from method plf.a
W/dalvikvm( 2365): VFY: unable to resolve const-class 3003 (Lcom/google/common/flogger/backend/google/GooglePlatform;) in Lplf;
D/dalvikvm( 2365): VFY: replacing opcode 0x1c at 0x0014
I/dalvikvm( 2365): Could not find method android.content.pm.PackageManager.isInstantApp, referenced from method hub.a
W/dalvikvm( 2365): VFY: unable to resolve virtual method 3345: Landroid/content/pm/PackageManager;.isInstantApp (Ljava/lang/String;)Z
D/dalvikvm( 2365): VFY: replacing opcode 0x6e at 0x0026
D/dalvikvm( 2365): GC_FOR_ALLOC freed 378K, 15% free 3271K/3836K, paused 1ms, total 2ms
I/BackupAndSyncValidation( 2089): Scheduling the service.
I/dalvikvm( 2365): Could not find method com.google.android.chimera.BoundService.getStartIntent, referenced from method hki.a
W/dalvikvm( 2365): VFY: unable to resolve static method 13682: Lcom/google/android/chimera/BoundService;.getStartIntent (Landroid/content/Context;Ljava/lang/String;)Landroid/content/Intent;
D/dalvikvm( 2365): VFY: replacing opcode 0x71 at 0x0024
I/PeopleASM( 2089): Rebuilding autocomplete index...
I/PeopleSearchIndexManage( 2089): Rebuilding index done.
W/ActivityManager( 1569): Unable to start service Intent { act=com.google.android.gms.instantapps.START pkg=com.google.android.gms } U=0: not found
E/GmsClient( 2365): unable to connect to service: com.google.android.gms.instantapps.START on com.google.android.gms
W/ActivityManager( 1569): Unbind failed: could not find connection for android.os.BinderProxy@9d840940
I/dalvikvm( 2365): Could not find method android.content.Context.deleteSharedPreferences, referenced from method fya.c
W/dalvikvm( 2365): VFY: unable to resolve virtual method 3145: Landroid/content/Context;.deleteSharedPreferences (Ljava/lang/String;)Z
D/dalvikvm( 2365): VFY: replacing opcode 0x6e at 0x002a
D/dalvikvm( 2089): GC_FOR_ALLOC freed 1370K, 18% free 7388K/8944K, paused 11ms, total 11ms
I/dalvikvm( 2365): Could not find method java.util.Locale.toLanguageTag, referenced from method fvw.a
W/dalvikvm( 2365): VFY: unable to resolve virtual method 33842: Ljava/util/Locale;.toLanguageTag ()Ljava/lang/String;
D/dalvikvm( 2365): VFY: replacing opcode 0x6e at 0x000a
I/PeopleInitIntentOp( 2089): Not initializing debuggability [CONTEXT service_id=5 ]
W/ComponentDiscovery( 2365): Application info not found.
W/ComponentDiscovery( 2365): Could not retrieve metadata, returning empty list of registrars.
I/dalvikvm( 2365): Could not find method android.content.Context.getDrawable, referenced from method rj.a
W/dalvikvm( 2365): VFY: unable to resolve virtual method 3157: Landroid/content/Context;.getDrawable (I)Landroid/graphics/drawable/Drawable;
D/dalvikvm( 2365): VFY: replacing opcode 0x6e at 0x0006
I/dalvikvm( 2365): Could not find method android.content.Context.getDataDir, referenced from method rj.a
W/dalvikvm( 2365): VFY: unable to resolve virtual method 3154: Landroid/content/Context;.getDataDir ()Ljava/io/File;
D/dalvikvm( 2365): VFY: replacing opcode 0x6e at 0x0006
I/dalvikvm( 2365): Could not find method android.content.Context.getSystemServiceName, referenced from method rj.a
W/dalvikvm( 2365): VFY: unable to resolve virtual method 3173: Landroid/content/Context;.getSystemServiceName (Ljava/lang/Class;)Ljava/lang/String;
D/dalvikvm( 2365): VFY: replacing opcode 0x6e at 0x000a
I/dalvikvm( 2365): Could not find method android.content.Context.getSystemService, referenced from method rj.a
W/dalvikvm( 2365): VFY: unable to resolve virtual method 3171: Landroid/content/Context;.getSystemService (Ljava/lang/Class;)Ljava/lang/Object;
D/dalvikvm( 2365): VFY: replacing opcode 0x6e at 0x0020
I/dalvikvm( 2365): Could not find method android.content.Context.getColorStateList, referenced from method rj.b
W/dalvikvm( 2365): VFY: unable to resolve virtual method 3152: Landroid/content/Context;.getColorStateList (I)Landroid/content/res/ColorStateList;
D/dalvikvm( 2365): VFY: replacing opcode 0x6e at 0x0006
I/dalvikvm( 2365): Could not find method android.content.Context.getColor, referenced from method rj.c
W/dalvikvm( 2365): VFY: unable to resolve virtual method 3151: Landroid/content/Context;.getColor (I)I
D/dalvikvm( 2365): VFY: replacing opcode 0x6e at 0x0006
I/dalvikvm( 2365): Could not find method android.content.Context.getNoBackupFilesDir, referenced from method rj.d
W/dalvikvm( 2365): VFY: unable to resolve virtual method 3164: Landroid/content/Context;.getNoBackupFilesDir ()Ljava/io/File;
D/dalvikvm( 2365): VFY: replacing opcode 0x6e at 0x0006
I/dalvikvm( 2365): Could not find method android.content.Context.createDeviceProtectedStorageContext, referenced from method rj.e
W/dalvikvm( 2365): VFY: unable to resolve virtual method 3139: Landroid/content/Context;.createDeviceProtectedStorageContext ()Landroid/content/Context;
D/dalvikvm( 2365): VFY: replacing opcode 0x6e at 0x0008
I/dalvikvm( 2365): Could not find method android.content.Context.isDeviceProtectedStorage, referenced from method rj.f
W/dalvikvm( 2365): VFY: unable to resolve virtual method 3177: Landroid/content/Context;.isDeviceProtectedStorage ()Z
D/dalvikvm( 2365): VFY: replacing opcode 0x6e at 0x0008
D/dalvikvm( 2365): GC_FOR_ALLOC freed 338K, 14% free 3448K/3972K, paused 1ms, total 1ms
I/Notifications( 2365): [ChimeBroadcastReceiver] Intent received for action [android.intent.action.TIMEZONE_CHANGED] package [com.google.android.play.games].
E/dalvikvm( 2365): Could not find class 'android.os.PersistableBundle', referenced from method nit.a
W/dalvikvm( 2365): VFY: unable to resolve new-instance 743 (Landroid/os/PersistableBundle;) in Lnit;
D/dalvikvm( 2365): VFY: replacing opcode 0x22 at 0x0001
D/dalvikvm( 2365): DexOpt: unable to opt direct call 0x11d2 at 0x0b in Lnit;.a
D/dalvikvm( 2365): DexOpt: unable to opt direct call 0x0bbb at 0xa1 in Lnit;.a
I/dalvikvm( 2365): Could not find method android.app.NotificationManager.getNotificationChannels, referenced from method nkj.b
W/dalvikvm( 2365): VFY: unable to resolve virtual method 2976: Landroid/app/NotificationManager;.getNotificationChannels ()Ljava/util/List;
D/dalvikvm( 2365): VFY: replacing opcode 0x6e at 0x0015
I/dalvikvm( 2365): Could not find method android.app.NotificationManager.getNotificationChannels, referenced from method nkj.a
W/dalvikvm( 2365): VFY: unable to resolve virtual method 2976: Landroid/app/NotificationManager;.getNotificationChannels ()Ljava/util/List;
D/dalvikvm( 2365): VFY: replacing opcode 0x6e at 0x0016
I/dalvikvm( 2365): Could not find method android.app.NotificationManager.getNotificationChannel, referenced from method nkj.a
W/dalvikvm( 2365): VFY: unable to resolve virtual method 2974: Landroid/app/NotificationManager;.getNotificationChannel (Ljava/lang/String;)Landroid/app/NotificationChannel;
D/dalvikvm( 2365): VFY: replacing opcode 0x6e at 0x0026
I/dalvikvm( 2365): Could not find method android.app.NotificationManager.getNotificationChannelGroups, referenced from method nkj.b
W/dalvikvm( 2365): VFY: unable to resolve virtual method 2975: Landroid/app/NotificationManager;.getNotificationChannelGroups ()Ljava/util/List;
D/dalvikvm( 2365): VFY: replacing opcode 0x6e at 0x0016
I/dalvikvm( 2365): Could not find method java.util.Locale.toLanguageTag, referenced from method nid.a
W/dalvikvm( 2365): VFY: unable to resolve virtual method 33842: Ljava/util/Locale;.toLanguageTag ()Ljava/lang/String;
D/dalvikvm( 2365): VFY: replacing opcode 0x6e at 0x0025
I/dalvikvm( 2365): Could not find method android.content.res.Configuration.getLocales, referenced from method nid.a
W/dalvikvm( 2365): VFY: unable to resolve virtual method 3393: Landroid/content/res/Configuration;.getLocales ()Landroid/os/LocaleList;
D/dalvikvm( 2365): VFY: replacing opcode 0x6e at 0x0032
I/Notifications( 2365): [ChimeBroadcastReceiver] Validation OK for action [android.intent.action.TIMEZONE_CHANGED].
W/PGAfap  ( 2365): ContentFiltersService is unavailable; not applying content filters.
E/native  ( 2089): filesystem.cc:93 Opening file /data/data/com.google.android.gms/files/AppDataSearch/main/cur/compact_status for read failed: No such file or directory
I/native  ( 2089): permission-checker.cc:74 Creating PermissionChecker based on ACL with config_version 1 having 14 permissions defined.
W/native  ( 2089): words-map.cc:30 INVALID_ARGUMENT: Empty URI
W/native  ( 2089): words-map.cc:34 WordsMap was not properly initialized
I/ActivityManager( 1569): Delaying start of: ServiceRecord{9d2a4bf0 u0 com.google.android.play.games/com.google.android.libraries.notifications.executor.impl.basic.ChimeExecutorApiService}
I/CheckinService( 1799): Preparing to send checkin request
I/EventLogService( 1799): Accumulating logs since 0
E/ahif    ( 1777): Phenotype API error. Event # bqfe@8e1e5560, EventCode: 6 [CONTEXT service_id=51 ]
E/ahif    ( 1777): ahhj: 29505: No config packages for log source, or config package not registered
E/ahif    ( 1777): 	at ahiu.b(:com.google.android.gms@202414005@20.24.14 (000700-319035315):7)
E/ahif    ( 1777): 	at ahir.b(:com.google.android.gms@202414005@20.24.14 (000700-319035315):2)
E/ahif    ( 1777): 	at ahif.a(:com.google.android.gms@202414005@20.24.14 (000700-319035315):85)
E/ahif    ( 1777): 	at ahif.a(:com.google.android.gms@202414005@20.24.14 (000700-319035315):80)
E/ahif    ( 1777): 	at uun.run(:com.google.android.gms@202414005@20.24.14 (000700-319035315):9)
E/ahif    ( 1777): 	at bcny.run(:com.google.android.gms@202414005@20.24.14 (000700-319035315):2)
E/ahif    ( 1777): 	at nlp.b(:com.google.android.gms@202414005@20.24.14 (000700-319035315):12)
E/ahif    ( 1777): 	at nlp.run(:com.google.android.gms@202414005@20.24.14 (000700-319035315):7)
E/ahif    ( 1777): 	at java.util.concurrent.ThreadPoolExecutor.runWorker(ThreadPoolExecutor.java:1112)
E/ahif    ( 1777): 	at java.util.concurrent.ThreadPoolExecutor$Worker.run(ThreadPoolExecutor.java:587)
E/ahif    ( 1777): 	at nrd.run(:com.google.android.gms@202414005@20.24.14 (000700-319035315):0)
E/ahif    ( 1777): 	at java.lang.Thread.run(Thread.java:841)
E/AsyncOperation( 1777): serviceID=51, operation=GetExperimentTokensOperationCall
E/AsyncOperation( 1777): OperationException[Status{statusCode=No config packages for log source, or config package not registered, resolution=null}]
E/AsyncOperation( 1777): 	at ahif.a(:com.google.android.gms@202414005@20.24.14 (000700-319035315):87)
E/AsyncOperation( 1777): 	at ahif.a(:com.google.android.gms@202414005@20.24.14 (000700-319035315):80)
E/AsyncOperation( 1777): 	at uun.run(:com.google.android.gms@202414005@20.24.14 (000700-319035315):9)
E/AsyncOperation( 1777): 	at bcny.run(:com.google.android.gms@202414005@20.24.14 (000700-319035315):2)
E/AsyncOperation( 1777): 	at nlp.b(:com.google.android.gms@202414005@20.24.14 (000700-319035315):12)
E/AsyncOperation( 1777): 	at nlp.run(:com.google.android.gms@202414005@20.24.14 (000700-319035315):7)
E/AsyncOperation( 1777): 	at java.util.concurrent.ThreadPoolExecutor.runWorker(ThreadPoolExecutor.java:1112)
E/AsyncOperation( 1777): 	at java.util.concurrent.ThreadPoolExecutor$Worker.run(ThreadPoolExecutor.java:587)
E/AsyncOperation( 1777): 	at nrd.run(:com.google.android.gms@202414005@20.24.14 (000700-319035315):0)
E/AsyncOperation( 1777): 	at java.lang.Thread.run(Thread.java:841)
I/ahju    ( 1777): Scheduling Phenotype for a PhenotypeSyncImmediately(6, com.google.android.gms.people) one off with window [1, 2] in seconds [CONTEXT service_id=51 ]
I/SystemUpdate( 2089): [Installation,ReceiverIntentOperation] Received intent: Intent { act=android.intent.action.TIME_SET flg=0x24000010 cmp=com.google.android.gms/.chimera.GmsIntentOperationService$PersistentTrustedReceiver }.
I/SystemUpdate( 2089): [Execution,InstallationEventIntentOperation] Handling event of type 6.
E/ahif    ( 1777): Phenotype API error. Event # bqfe@a6f27547, EventCode: 5 [CONTEXT service_id=51 ]
E/ahif    ( 1777): ahhj: 29500: Empty (package not registered?) or malformed snapshot token: 
E/ahif    ( 1777): 	at ahii.a(:com.google.android.gms@202414005@20.24.14 (000700-319035315):8)
E/ahif    ( 1777): 	at ahih.b(:com.google.android.gms@202414005@20.24.14 (000700-319035315):2)
E/ahif    ( 1777): 	at ahif.a(:com.google.android.gms@202414005@20.24.14 (000700-319035315):85)
E/ahif    ( 1777): 	at ahif.a(:com.google.android.gms@202414005@20.24.14 (000700-319035315):80)
E/ahif    ( 1777): 	at uun.run(:com.google.android.gms@202414005@20.24.14 (000700-319035315):9)
E/ahif    ( 1777): 	at bcny.run(:com.google.android.gms@202414005@20.24.14 (000700-319035315):2)
E/ahif    ( 1777): 	at nlp.b(:com.google.android.gms@202414005@20.24.14 (000700-319035315):12)
E/ahif    ( 1777): 	at nlp.run(:com.google.android.gms@202414005@20.24.14 (000700-319035315):7)
E/ahif    ( 1777): 	at java.util.concurrent.ThreadPoolExecutor.runWorker(ThreadPoolExecutor.java:1112)
E/ahif    ( 1777): 	at java.util.concurrent.ThreadPoolExecutor$Worker.run(ThreadPoolExecutor.java:587)
E/ahif    ( 1777): 	at nrd.run(:com.google.android.gms@202414005@20.24.14 (000700-319035315):0)
E/ahif    ( 1777): 	at java.lang.Thread.run(Thread.java:841)
V/AlarmClock( 2335): AlarmInitReceiver android.intent.action.TIME_SET
E/AsyncOperation( 1777): serviceID=51, operation=CommitToConfigurationOperationCall
E/AsyncOperation( 1777): OperationException[Status{statusCode=Empty (package not registered?) or malformed snapshot token: , resolution=null}]
E/AsyncOperation( 1777): 	at ahif.a(:com.google.android.gms@202414005@20.24.14 (000700-319035315):87)
E/AsyncOperation( 1777): 	at ahif.a(:com.google.android.gms@202414005@20.24.14 (000700-319035315):80)
E/AsyncOperation( 1777): 	at uun.run(:com.google.android.gms@202414005@20.24.14 (000700-319035315):9)
E/AsyncOperation( 1777): 	at bcny.run(:com.google.android.gms@202414005@20.24.14 (000700-319035315):2)
E/AsyncOperation( 1777): 	at nlp.b(:com.google.android.gms@202414005@20.24.14 (000700-319035315):12)
E/AsyncOperation( 1777): 	at nlp.run(:com.google.android.gms@202414005@20.24.14 (000700-319035315):7)
E/AsyncOperation( 1777): 	at java.util.concurrent.ThreadPoolExecutor.runWorker(ThreadPoolExecutor.java:1112)
E/AsyncOperation( 1777): 	at java.util.concurrent.ThreadPoolExecutor$Worker.run(ThreadPoolExecutor.java:587)
E/AsyncOperation( 1777): 	at nrd.run(:com.google.android.gms@202414005@20.24.14 (000700-319035315):0)
E/AsyncOperation( 1777): 	at java.lang.Thread.run(Thread.java:841)
W/PhenotypeFlagCommitter( 2365): Committing snapshot for com.google.android.games.app failed, retrying
I/AlarmClock( 2335): Displaying next alarm time: ''
D/dalvikvm( 2089): GC_FOR_ALLOC freed 894K, 19% free 7378K/9044K, paused 10ms, total 10ms
V/AlarmClock( 2335): AlarmInitReceiver finished
I/ActivityManager( 1569): Delay finish: com.android.email/.provider.WidgetProvider
E/ahif    ( 1777): Phenotype API error. Event # bqfe@238260b4, EventCode: 5 [CONTEXT service_id=51 ]
E/ahif    ( 1777): ahhj: 29500: Empty (package not registered?) or malformed snapshot token: 
E/ahif    ( 1777): 	at ahii.a(:com.google.android.gms@202414005@20.24.14 (000700-319035315):8)
E/ahif    ( 1777): 	at ahih.b(:com.google.android.gms@202414005@20.24.14 (000700-319035315):2)
E/ahif    ( 1777): 	at ahif.a(:com.google.android.gms@202414005@20.24.14 (000700-319035315):85)
E/ahif    ( 1777): 	at ahif.a(:com.google.android.gms@202414005@20.24.14 (000700-319035315):80)
E/ahif    ( 1777): 	at uun.run(:com.google.android.gms@202414005@20.24.14 (000700-319035315):9)
E/ahif    ( 1777): 	at bcny.run(:com.google.android.gms@202414005@20.24.14 (000700-319035315):2)
E/ahif    ( 1777): 	at nlp.b(:com.google.android.gms@202414005@20.24.14 (000700-319035315):12)
