W/dalvikvm( 2089): VFY: unable to resolve static method 3146: Landroid/system/Os;.stat (Ljava/lang/String;)Landroid/system/StructStat;
D/dalvikvm( 2089): VFY: replacing opcode 0x71 at 0x00d7
I/ActivityManager( 1569): Resuming delayed broadcast
I/ActivityManager( 1569): Start proc com.android.mms for broadcast com.android.mms/.transaction.MmsSystemEventReceiver: pid=2518 uid=10010 gids={50010, 3003, 1028, 1015}
D/AndroidRuntime( 2516): 
D/AndroidRuntime( 2516): >>>>>> AndroidRuntime START com.android.internal.os.RuntimeInit <<<<<<
W/linker  ( 2516): libdvm.so has text relocations. This is wasting memory and is a security risk. Please fix.
I/PackageManager( 1569): Running dexopt on: com.android.mms
D/AndroidRuntime( 2516): CheckJNI is ON
I/CertBlacklister( 1569): Certificate blacklist changed, updating...
D/dalvikvm( 2516): Trying to load lib libjavacore.so 0x0
D/dalvikvm( 2516): Added shared lib libjavacore.so 0x0
W/linker  ( 2531): libdvm.so has text relocations. This is wasting memory and is a security risk. Please fix.
I/CertBlacklister( 1569): Certificate blacklist updated
D/dalvikvm( 2516): Trying to load lib libnativehelper.so 0x0
D/dalvikvm( 2516): Added shared lib libnativehelper.so 0x0
D/dalvikvm( 2516): No JNI_OnLoad found in libnativehelper.so 0x0, skipping init
D/dalvikvm( 2516): Note: class Landroid/app/ActivityManagerNative; has 179 unimplemented (abstract) methods
D/dalvikvm( 2089): GC_EXPLICIT freed 2483K, 27% free 8460K/11552K, paused 7ms+1ms, total 59ms
E/memtrack( 2516): Couldn't load memtrack module (No such file or directory)
E/android.os.Debug( 2516): failed to load memtrack module: -2
D/AndroidRuntime( 2516): Calling main entry com.android.commands.pm.Pm
D/AndroidRuntime( 2516): Shutting down VM
D/jdwp    ( 2516): Got wake-up signal, bailing out of select
D/dalvikvm( 2516): Debugger has detached; object registry had 1 entries
D/dalvikvm( 2531): DexOpt: load 13ms, verify+opt 52ms, 1353868 bytes
D/dalvikvm( 1799): GC_EXPLICIT freed 223K, 17% free 6538K/7800K, paused 0ms+1ms, total 9ms
I/ahju    ( 2089): Cancel all previously scheduled polling [CONTEXT service_id=51 ]
I/ahju    ( 2089): Scheduling Phenotype for first execution 12848 seconds from now (1629044544328) [CONTEXT service_id=51 ]
D/CountryDetector( 1569): The first listener is added
D/dalvikvm( 2089): DexOpt: --- BEGIN 'AdsDynamite.apk' (bootstrap=0) ---
W/linker  ( 2548): libdvm.so has text relocations. This is wasting memory and is a security risk. Please fix.
V/MmsConfig( 2518): mnc/mcc: 310260
V/MmsConfig( 2518): tag: bool value: enabledMMS - true
V/MmsConfig( 2518): tag: int value: maxMessageSize - 307200
V/MmsConfig( 2518): tag: int value: maxImageHeight - 480
V/MmsConfig( 2518): tag: int value: maxImageWidth - 640
V/MmsConfig( 2518): tag: int value: defaultSMSMessagesPerThread - 10000
V/MmsConfig( 2518): tag: int value: defaultMMSMessagesPerThread - 1000
V/MmsConfig( 2518): tag: int value: minMessageCountPerThread - 10
V/MmsConfig( 2518): tag: int value: maxMessageCountPerThread - 5000
V/MmsConfig( 2518): tag: string value: uaProfUrl - http://www.google.com/oha/rdf/ua-profile-kila.xml
V/MmsConfig( 2518): tag: int value: recipientLimit - -1
V/MmsConfig( 2518): tag: bool value: enableMultipartSMS - true
V/MmsConfig( 2518): tag: int value: smsToMmsTextThreshold - -1
V/MmsConfig( 2518): tag: bool value: enableSlideDuration - true
V/MmsConfig( 2518): tag: int value: maxMessageTextSize - -1
I/Auth    ( 2089): [AuthManaged,AuthManagedModuleInitIntentOperation] enabling com.google.android.gms.auth.managed.ui.EmmActivity
I/Auth    ( 2089): [AuthManaged,AuthManagedModuleInitIntentOperation] enabling com.google.android.gms.auth.managed.ui.PhoneskyDpcInstallActivity
I/Auth    ( 2089): [AuthManaged,AuthManagedModuleInitIntentOperation] disabling com.google.android.gms.auth.managed.ui.SettingsSecurityDeviceOwnerActivity
I/ActivityManager( 1569): Delay finish: com.android.mms/.transaction.MmsSystemEventReceiver
I/dalvikvm( 2089): Could not find method android.app.admin.DevicePolicyManager.getProfileOwner, referenced from method com.google.android.gms.auth.managed.intentoperations.SetupWorkProfileSettingsIntentOperation.a
W/dalvikvm( 2089): VFY: unable to resolve virtual method 2591: Landroid/app/admin/DevicePolicyManager;.getProfileOwner ()Landroid/content/ComponentName;
D/dalvikvm( 2089): VFY: replacing opcode 0x6e at 0x0028
I/Auth    ( 2089): [AuthManaged,PasswordComplexityHelperImpl] Updating password complexity components state.
D/dalvikvm( 1569): GC_EXPLICIT freed 918K, 49% free 7695K/14816K, paused 0ms+0ms, total 12ms
I/Auth    ( 2089): [AuthManaged,PasswordComplexityHelperImpl] Disabling com.google.android.gms.auth.managed.admin.DeviceAdminReceiver
D/Mms:app ( 2518): cancelNotification
I/Auth    ( 2089): [AuthManaged,PasswordComplexityHelperImpl] Disabling com.google.android.gms.auth.managed.ui.SetNewPasswordActivity
I/ActivityManager( 1569): Resuming delayed broadcast
I/ActivityManager( 1569): Delay finish: com.android.mms/.transaction.SmsReceiver
I/CastSocket( 2089): 19 >= 18. Adding new CastClientAuthKeyManager. [CONTEXT service_id=161 ]
D/MmsSmsDatabaseHelper( 1817): [MmsSmsDb] tableName: threads hasAutoIncrement: CREATE TABLE threads (_id INTEGER PRIMARY KEY AUTOINCREMENT,date INTEGER DEFAULT 0,message_count INTEGER DEFAULT 0,recipient_ids TEXT,snippet TEXT,snippet_cs INTEGER DEFAULT 0,read INTEGER DEFAULT 1,type INTEGER DEFAULT 0,error INTEGER DEFAULT 0,has_attachment INTEGER DEFAULT 0) result: true
D/MmsSmsDatabaseHelper( 1817): [MmsSmsDb] tableName: canonical_addresses hasAutoIncrement: CREATE TABLE canonical_addresses (_id INTEGER PRIMARY KEY AUTOINCREMENT,address TEXT) result: true
D/MmsSmsDatabaseHelper( 1817): [MmsSmsDb] tableName: part hasAutoIncrement: CREATE TABLE part (_id INTEGER PRIMARY KEY AUTOINCREMENT,mid INTEGER,seq INTEGER DEFAULT 0,ct TEXT,name TEXT,chset INTEGER,cd TEXT,fn TEXT,cid TEXT,cl TEXT,ctt_s INTEGER,ctt_t TEXT,_data TEXT,text TEXT) result: true
D/MmsSmsDatabaseHelper( 1817): [MmsSmsDb] tableName: pdu hasAutoIncrement: CREATE TABLE pdu (_id INTEGER PRIMARY KEY AUTOINCREMENT,thread_id INTEGER,date INTEGER,date_sent INTEGER DEFAULT 0,msg_box INTEGER,read INTEGER DEFAULT 0,m_id TEXT,sub TEXT,sub_cs INTEGER,ct_t TEXT,ct_l TEXT,exp INTEGER,m_cls TEXT,m_type INTEGER,v INTEGER,m_size INTEGER,pri INTEGER,rr INTEGER,rpt_a INTEGER,resp_st INTEGER,st INTEGER,tr_id TEXT,retr_st INTEGER,retr_txt TEXT,retr_txt_cs INTEGER,read_status INTEGER,ct_cls INTEGER,resp_txt TEXT,d_tm INTEGER,d_rpt INTEGER,locked INTEGER DEFAULT 0,seen INTEGER DEFAULT 0,text_only INTEGER DEFAULT 0) result: true
D/MmsSmsDatabaseHelper( 1817): [getWritableDatabase] hasAutoIncrementThreads: true hasAutoIncrementAddresses: true hasAutoIncrementPart: true hasAutoIncrementPdu: true
I/GservicesProvider( 1799): main update completed
D/Mms:app ( 2518): cancelNotification
I/ActivityManager( 1569): Resuming delayed broadcast
D/dalvikvm( 1777): GC_FOR_ALLOC freed 1654K, 19% free 8273K/10176K, paused 8ms, total 8ms
D/dalvikvm( 2089): GC_FOR_ALLOC freed 1720K, 26% free 8582K/11552K, paused 9ms, total 9ms
D/EGL_emulation( 1799): eglCreateContext: 0xb823c980: maj 1 min 0 rcv 1
I/ChromeSync( 2089): [Sync,SyncIntentOperation] Handling the intent: Intent { act=com.google.android.chimera.IntentOperation.NEW_MODULE (has extras) }.
D/AndroidRuntime( 2566): 
D/AndroidRuntime( 2566): >>>>>> AndroidRuntime START com.android.internal.os.RuntimeInit <<<<<<
W/linker  ( 2566): libdvm.so has text relocations. This is wasting memory and is a security risk. Please fix.
D/AndroidRuntime( 2566): CheckJNI is ON
D/dalvikvm( 2566): Trying to load lib libjavacore.so 0x0
D/dalvikvm( 1799): GC_EXPLICIT freed 584K, 22% free 6149K/7800K, paused 0ms+1ms, total 9ms
D/dalvikvm( 2566): Added shared lib libjavacore.so 0x0
D/dalvikvm( 2566): Trying to load lib libnativehelper.so 0x0
D/dalvikvm( 2566): Added shared lib libnativehelper.so 0x0
D/dalvikvm( 2566): No JNI_OnLoad found in libnativehelper.so 0x0, skipping init
D/EGL_emulation( 1799): eglMakeCurrent: 0xb823c980: ver 1 0
D/EGL_emulation( 1799): eglCreateContext: 0xb81e92b0: maj 3 min 0 rcv 3
D/EGL_emulation( 1799): eglMakeCurrent: 0xb81e92b0: ver 3 0
E/eglCodecCommon( 1799): glUtilsParamSize: unknow param 0x00008cdf
E/eglCodecCommon( 1799): glUtilsParamSize: unknow param 0x00008824
D/dalvikvm( 2566): Note: class Landroid/app/ActivityManagerNative; has 179 unimplemented (abstract) methods
I/AutofillModuleInitInten( 2089): AutofillModuleInitIntentOperation onInitRuntimeState(12) [CONTEXT service_id=177 ]
D/EGL_emulation( 1799): eglCreateContext: 0xb8209810: maj 1 min 0 rcv 1
D/EGL_emulation( 1799): eglMakeCurrent: 0xb8209810: ver 1 0
D/dalvikvm( 1799): GC_EXPLICIT freed 149K, 22% free 6147K/7800K, paused 0ms+1ms, total 6ms
D/EGL_emulation( 1799): eglCreateContext: 0xb8244150: maj 3 min 0 rcv 3
D/EGL_emulation( 1799): eglMakeCurrent: 0xb8244150: ver 3 0
E/eglCodecCommon( 1799): glUtilsParamSize: unknow param 0x00008cdf
E/eglCodecCommon( 1799): glUtilsParamSize: unknow param 0x00008824
I/dalvikvm( 2089): Could not find method android.content.Context.getSystemService, referenced from method com.google.android.gms.chimera.GmsModuleInitializer.initializeModuleV0
W/dalvikvm( 2089): VFY: unable to resolve virtual method 3171: Landroid/content/Context;.getSystemService (Ljava/lang/Class;)Ljava/lang/Object;
D/dalvikvm( 2089): VFY: replacing opcode 0x6e at 0x0018
I/dalvikvm( 2089): Failed resolving Lhne; interface 505 'Landroid/content/pm/PackageManager$OnPermissionsChangedListener;'
W/dalvikvm( 2089): Link of class 'Lhne;' failed
I/dalvikvm( 2089): Failed resolving Lhne; interface 505 'Landroid/content/pm/PackageManager$OnPermissionsChangedListener;'
W/dalvikvm( 2089): Link of class 'Lhne;' failed
E/dalvikvm( 2089): Could not find class 'hne', referenced from method com.google.android.gms.chimera.GmsModuleInitializer.initializeModuleV0
W/dalvikvm( 2089): VFY: unable to resolve new-instance 6487 (Lhne;) in Lcom/google/android/gms/chimera/GmsModuleInitializer;
D/dalvikvm( 2089): VFY: replacing opcode 0x22 at 0x0101
I/dalvikvm( 2089): Failed resolving Lhne; interface 505 'Landroid/content/pm/PackageManager$OnPermissionsChangedListener;'
W/dalvikvm( 2089): Link of class 'Lhne;' failed
I/dalvikvm( 2089): Failed resolving Lhne; interface 505 'Landroid/content/pm/PackageManager$OnPermissionsChangedListener;'
W/dalvikvm( 2089): Link of class 'Lhne;' failed
D/dalvikvm( 2089): DexOpt: unable to opt direct call 0x6e9b at 0x103 in Lcom/google/android/gms/chimera/GmsModuleInitializer;.initializeModuleV0
I/dalvikvm( 2089): Could not find method android.content.Context.createDeviceProtectedStorageContext, referenced from method hgf.a
W/dalvikvm( 2089): VFY: unable to resolve virtual method 3139: Landroid/content/Context;.createDeviceProtectedStorageContext ()Landroid/content/Context;
D/dalvikvm( 2089): VFY: replacing opcode 0x6e at 0x0029
I/dalvikvm( 2089): Could not find method android.content.Context.getSystemService, referenced from method hgf.a
W/dalvikvm( 2089): VFY: unable to resolve virtual method 3171: Landroid/content/Context;.getSystemService (Ljava/lang/Class;)Ljava/lang/Object;
D/dalvikvm( 2089): VFY: replacing opcode 0x6e at 0x0009
I/dalvikvm( 2089): Could not find method android.content.Context.createDeviceProtectedStorageContext, referenced from method nzv.a
E/memtrack( 2566): Couldn't load memtrack module (No such file or directory)
E/android.os.Debug( 2566): failed to load memtrack module: -2
W/dalvikvm( 2089): VFY: unable to resolve virtual method 3139: Landroid/content/Context;.createDeviceProtectedStorageContext ()Landroid/content/Context;
D/dalvikvm( 2089): VFY: replacing opcode 0x6e at 0x0031
D/EGL_emulation( 1799): eglCreateContext: 0xb8244150: maj 1 min 0 rcv 1
I/dalvikvm( 2089): Could not find method android.app.AppOpsManager.permissionToOp, referenced from method rr.a
W/dalvikvm( 2089): VFY: unable to resolve static method 2785: Landroid/app/AppOpsManager;.permissionToOp (Ljava/lang/String;)Ljava/lang/String;
D/dalvikvm( 2089): VFY: replacing opcode 0x71 at 0x000e
I/dalvikvm( 2089): Could not find method android.content.Context.getSystemService, referenced from method rr.a
W/dalvikvm( 2089): VFY: unable to resolve virtual method 3171: Landroid/content/Context;.getSystemService (Ljava/lang/Class;)Ljava/lang/Object;
D/dalvikvm( 2089): VFY: replacing opcode 0x6e at 0x002b
I/dalvikvm( 2089): Failed resolving Lnkj; interface 845 'Landroid/net/ConnectivityManager$OnNetworkActiveListener;'
W/dalvikvm( 2089): Link of class 'Lnkj;' failed
I/dalvikvm( 2089): Could not find method nkj.a, referenced from method com.google.android.gms.common.stats.GmsCoreStatsChimeraService.onCreate
W/dalvikvm( 2089): VFY: unable to resolve static method 54667: Lnkj;.a ()Lnkj;
D/dalvikvm( 2089): VFY: replacing opcode 0x71 at 0x0009
I/dalvikvm( 2089): Failed resolving Lnkj; interface 845 'Landroid/net/ConnectivityManager$OnNetworkActiveListener;'
W/dalvikvm( 2089): Link of class 'Lnkj;' failed
I/dalvikvm( 2089): Could not find method nkj.a, referenced from method com.google.android.gms.common.stats.GmsCoreStatsChimeraService.onDestroy
W/dalvikvm( 2089): VFY: unable to resolve static method 54667: Lnkj;.a ()Lnkj;
D/dalvikvm( 2089): VFY: replacing opcode 0x71 at 0x0009
D/EGL_emulation( 1799): eglMakeCurrent: 0xb8244150: ver 1 0
I/dalvikvm( 1777): Failed resolving Lnkj; interface 845 'Landroid/net/ConnectivityManager$OnNetworkActiveListener;'
W/dalvikvm( 1777): Link of class 'Lnkj;' failed
I/dalvikvm( 1777): Could not find method nkj.a, referenced from method com.google.android.gms.common.stats.GmsCoreStatsChimeraService.onCreate
W/dalvikvm( 1777): VFY: unable to resolve static method 54667: Lnkj;.a ()Lnkj;
D/dalvikvm( 1777): VFY: replacing opcode 0x71 at 0x0009
I/dalvikvm( 1777): Failed resolving Lnkj; interface 845 'Landroid/net/ConnectivityManager$OnNetworkActiveListener;'
W/dalvikvm( 1777): Link of class 'Lnkj;' failed
I/dalvikvm( 1777): Could not find method nkj.a, referenced from method com.google.android.gms.common.stats.GmsCoreStatsChimeraService.onDestroy
W/dalvikvm( 1777): VFY: unable to resolve static method 54667: Lnkj;.a ()Lnkj;
D/dalvikvm( 1777): VFY: replacing opcode 0x71 at 0x0009
D/EGL_emulation( 1799): eglCreateContext: 0xb8244150: maj 3 min 0 rcv 3
D/EGL_emulation( 1799): eglMakeCurrent: 0xb8244150: ver 3 0
E/eglCodecCommon( 1799): glUtilsParamSize: unknow param 0x00008cdf
E/eglCodecCommon( 1799): glUtilsParamSize: unknow param 0x00008824
I/FA-SVC  ( 2089): App measurement initialized, version: 202414
I/dalvikvm( 2089): Could not find method android.content.Context.getSystemService, referenced from method mry.a
W/dalvikvm( 2089): VFY: unable to resolve virtual method 3171: Landroid/content/Context;.getSystemService (Ljava/lang/Class;)Ljava/lang/Object;
D/dalvikvm( 2089): VFY: replacing opcode 0x6e at 0x001a
D/AndroidRuntime( 2566): Calling main entry com.android.commands.pm.Pm
D/AndroidRuntime( 2566): Shutting down VM
D/jdwp    ( 2566): Got wake-up signal, bailing out of select
D/dalvikvm( 2566): Debugger has detached; object registry had 1 entries
I/AndroidRuntime( 2566): NOTE: attach of thread 'Binder_1' failed
I/dalvikvm( 2089): Could not find method android.os.UserManager.isUserUnlocked, referenced from method mry.a
W/dalvikvm( 2089): VFY: unable to resolve virtual method 4621: Landroid/os/UserManager;.isUserUnlocked ()Z
D/dalvikvm( 2089): VFY: replacing opcode 0x6e at 0x0030
I/dalvikvm( 2089): Could not find method android.content.Context.isDeviceProtectedStorage, referenced from method mry.b
W/dalvikvm( 2089): VFY: unable to resolve virtual method 3177: Landroid/content/Context;.isDeviceProtectedStorage ()Z
D/dalvikvm( 2089): VFY: replacing opcode 0x6e at 0x0000
D/EGL_emulation( 1799): eglCreateContext: 0xb8209b50: maj 1 min 0 rcv 1
E/dalvikvm( 2089): Could not find class 'android.app.job.JobScheduler', referenced from method mei.<clinit>
W/dalvikvm( 2089): VFY: unable to resolve const-class 443 (Landroid/app/job/JobScheduler;) in Lmei;
D/dalvikvm( 2089): VFY: replacing opcode 0x1c at 0x0007
I/dalvikvm( 2089): Could not find method android.os.PowerManager.isDeviceIdleMode, referenced from method ikv.a
W/dalvikvm( 2089): VFY: unable to resolve virtual method 4576: Landroid/os/PowerManager;.isDeviceIdleMode ()Z
D/dalvikvm( 2089): VFY: replacing opcode 0x6e at 0x0131
I/dalvikvm( 2089): Could not find method android.os.PowerManager.isPowerSaveMode, referenced from method ikv.a
W/dalvikvm( 2089): VFY: unable to resolve virtual method 4578: Landroid/os/PowerManager;.isPowerSaveMode ()Z
D/dalvikvm( 2089): VFY: replacing opcode 0x6e at 0x0145
D/EGL_emulation( 1799): eglMakeCurrent: 0xb8209b50: ver 1 0
D/dalvikvm( 2089): GC_EXPLICIT freed 1308K, 25% free 8733K/11552K, paused 10ms+3ms, total 65ms
D/EGL_emulation( 1799): eglCreateContext: 0xb81f2cd0: maj 3 min 0 rcv 3
D/EGL_emulation( 1799): eglMakeCurrent: 0xb81f2cd0: ver 3 0
E/eglCodecCommon( 1799): glUtilsParamSize: unknow param 0x00008cdf
E/eglCodecCommon( 1799): glUtilsParamSize: unknow param 0x00008824
I/dalvikvm( 2089): Could not find method android.app.NotificationManager.getNotificationChannel, referenced from method gzd.a
W/dalvikvm( 2089): VFY: unable to resolve virtual method 2974: Landroid/app/NotificationManager;.getNotificationChannel (Ljava/lang/String;)Landroid/app/NotificationChannel;
D/dalvikvm( 2089): VFY: replacing opcode 0x6e at 0x00c5
D/dalvikvm( 2089): DexOpt: unable to opt direct call 0x0b8a at 0xd2 in Lgzd;.a
I/dalvikvm( 2089): Could not find method android.content.pm.PackageManager.getPackageInstaller, referenced from method gzw.a
W/dalvikvm( 2089): VFY: unable to resolve virtual method 3338: Landroid/content/pm/PackageManager;.getPackageInstaller ()Landroid/content/pm/PackageInstaller;
D/dalvikvm( 2089): VFY: replacing opcode 0x6e at 0x0024
I/CheckinTask( 1799): Checkin success: https://android.clients.google.com/checkin (1 requests sent)
I/Fido    ( 2089): [FidoInitIntentOperation] Initializing Fido module, InitRuntimeState=12
I/EventLogService( 1799): Aggregate from 1629044542349 (log), 0 (data)
E/ConfigFileUtils( 2089): Failed to read config file: /data/data/com.google.android.gms/app_chimera/current_fileapks.pb: open failed: ENOENT (No such file or directory)
D/dalvikvm( 1569): GC_FOR_ALLOC freed 1235K, 49% free 7625K/14816K, paused 8ms, total 8ms
I/Velvet.VelvetFactory( 2233): refreshing internal icing corpora
E/ConfigFileUtils( 2089): Failed to read config file: /data/data/com.google.android.gms/app_chimera/current_fileapks.pb: open failed: ENOENT (No such file or directory)
I/ActivityManager( 1569): Delay finish: com.google.android.googlequicksearchbox/com.google.android.searchcommon.StartUpReceiver
I/Search.RefreshSearchDomainTask( 2233): refreshing search domain
I/Search.GservicesUpdateTask( 2233): Updating Gservices keys
E/BluetoothAdapter( 1777): Bluetooth binder is null
D/dalvikvm( 1799): GC_EXPLICIT freed 529K, 24% free 5935K/7800K, paused 2ms+1ms, total 7ms
W/EventLogAggregator( 1799): Unknown tag: faceunlock
I/dalvikvm( 2089): Could not find method android.os.PowerManager.isInteractive, referenced from method kjw.a
W/dalvikvm( 2089): VFY: unable to resolve virtual method 4227: Landroid/os/PowerManager;.isInteractive ()Z
D/dalvikvm( 2089): VFY: replacing opcode 0x6e at 0x0012
I/GmsModuleFndr( 2089): Beginning GMS chimera module scan
W/Search.SearchUrlHelper( 2233): Auth token not ready, no auth header set.
I/dalvikvm( 2089): Could not find method android.os.UserManager.getUserProfiles, referenced from method ajir.g
W/dalvikvm( 2089): VFY: unable to resolve virtual method 29751: Landroid/os/UserManager;.getUserProfiles ()Ljava/util/List;
D/dalvikvm( 2089): VFY: replacing opcode 0x6e at 0x0018
E/ConfigFileUtils( 2089): Failed to read config file: /data/data/com.google.android.gms/app_chimera/current_fileapks.pb: open failed: ENOENT (No such file or directory)
I/ModuleSetMgr( 2089): Computing pending module set with APKs: []
I/ModuleSetMgr( 2089): Pending container module APKs: []
I/ModuleSetMgr( 2089): Pending non-container module APKs: []
I/DiscoveryManager( 2089): WifiGuestModeDeviceScanner enabled.
D/dalvikvm( 2548): DexOpt: couldn't find field Landroid/view/WindowManager$LayoutParams;.layoutInDisplayCutoutMode
E/BluetoothAdapter( 2089): Bluetooth binder is null
W/dalvikvm( 2089): VFY: unable to find class referenced in signature (Landroid/bluetooth/le/ScanResult;)
E/ConfigFileUtils( 2089): Failed to read config file: /data/data/com.google.android.gms/app_chimera/current_fileapks.pb: open failed: ENOENT (No such file or directory)
E/AsyncOperation( 1777): serviceID=51, operation=GetExperimentTokensOperationCall
E/AsyncOperation( 1777): OperationException[Status{statusCode=No config packages for log source, or config package not registered, resolution=null}]
E/AsyncOperation( 1777): 	at ahif.a(:com.google.android.gms@202414005@20.24.14 (000700-319035315):87)
E/AsyncOperation( 1777): 	at ahif.a(:com.google.android.gms@202414005@20.24.14 (000700-319035315):80)
E/AsyncOperation( 1777): 	at uun.run(:com.google.android.gms@202414005@20.24.14 (000700-319035315):9)
E/AsyncOperation( 1777): 	at bcny.run(:com.google.android.gms@202414005@20.24.14 (000700-319035315):2)
E/AsyncOperation( 1777): 	at nlp.b(:com.google.android.gms@202414005@20.24.14 (000700-319035315):12)
E/AsyncOperation( 1777): 	at nlp.run(:com.google.android.gms@202414005@20.24.14 (000700-319035315):7)
E/AsyncOperation( 1777): 	at java.util.concurrent.ThreadPoolExecutor.runWorker(ThreadPoolExecutor.java:1112)
E/AsyncOperation( 1777): 	at java.util.concurrent.ThreadPoolExecutor$Worker.run(ThreadPoolExecutor.java:587)
E/AsyncOperation( 1777): 	at nrd.run(:com.google.android.gms@202414005@20.24.14 (000700-319035315):0)
E/AsyncOperation( 1777): 	at java.lang.Thread.run(Thread.java:841)
D/dalvikvm( 2089): GC_FOR_ALLOC freed 1757K, 23% free 8913K/11552K, paused 15ms, total 15ms
I/dalvikvm( 2089): Could not find method android.bluetooth.le.ScanResult.getScanRecord, referenced from method kjg.a
W/dalvikvm( 2089): VFY: unable to resolve virtual method 2766: Landroid/bluetooth/le/ScanResult;.getScanRecord ()Landroid/bluetooth/le/ScanRecord;
D/dalvikvm( 2089): VFY: replacing opcode 0x6e at 0x0005
I/dalvikvm( 2089): Could not find method android.bluetooth.le.BluetoothLeScanner.stopScan, referenced from method kjg.b
W/dalvikvm( 2089): VFY: unable to resolve virtual method 2749: Landroid/bluetooth/le/BluetoothLeScanner;.stopScan (Landroid/bluetooth/le/ScanCallback;)V
D/dalvikvm( 2089): VFY: replacing opcode 0x6e at 0x000f
I/dalvikvm( 2089): Could not find method android.bluetooth.BluetoothAdapter.getBluetoothLeScanner, referenced from method kjg.c
W/dalvikvm( 2089): VFY: unable to resolve virtual method 2729: Landroid/bluetooth/BluetoothAdapter;.getBluetoothLeScanner ()Landroid/bluetooth/le/BluetoothLeScanner;
D/dalvikvm( 2089): VFY: replacing opcode 0x6e at 0x0025
I/dalvikvm( 2089): Could not find method java.util.Locale.toLanguageTag, referenced from method ing.a
W/dalvikvm( 2089): VFY: unable to resolve virtual method 33842: Ljava/util/Locale;.toLanguageTag ()Ljava/lang/String;
D/dalvikvm( 2089): VFY: replacing opcode 0x6e at 0x0061
I/dalvikvm( 2089): Could not find method java.util.Locale.toLanguageTag, referenced from method ing.b
W/dalvikvm( 2089): VFY: unable to resolve virtual method 33842: Ljava/util/Locale;.toLanguageTag ()Ljava/lang/String;
D/dalvikvm( 2089): VFY: replacing opcode 0x6e at 0x0078
I/dalvikvm( 2089): Could not find method java.util.Locale.toLanguageTag, referenced from method ing.c
W/dalvikvm( 2089): VFY: unable to resolve virtual method 33842: Ljava/util/Locale;.toLanguageTag ()Ljava/lang/String;
D/dalvikvm( 2089): VFY: replacing opcode 0x6e at 0x0010
I/dalvikvm( 2089): Could not find method java.util.Locale.toLanguageTag, referenced from method ing.d
W/dalvikvm( 2089): VFY: unable to resolve virtual method 33842: Ljava/util/Locale;.toLanguageTag ()Ljava/lang/String;
D/dalvikvm( 2089): VFY: replacing opcode 0x6e at 0x000e
E/dalvikvm( 2089): Could not find class 'android.bluetooth.le.ScanFilter$Builder', referenced from method kjg.c
W/dalvikvm( 2089): VFY: unable to resolve new-instance 624 (Landroid/bluetooth/le/ScanFilter$Builder;) in Lkjg;
D/dalvikvm( 2089): VFY: replacing opcode 0x22 at 0x0035
D/dalvikvm( 2089): DexOpt: unable to opt direct call 0x0abf at 0x37 in Lkjg;.c
I/ahlt    ( 1777): updateFromConfigurations using legacy put method [CONTEXT service_id=204 ]
D/dalvikvm( 2089): DexOpt: unable to opt direct call 0x0ad0 at 0x49 in Lkjg;.c
W/dalvikvm( 2089): Unable to resolve superclass of Luxp; (1263)
W/dalvikvm( 2089): Link of class 'Luxp;' failed
W/dalvikvm( 2089): Unable to resolve superclass of Lcom/google/android/gms/cast/discovery/BleDeviceScanner$BleScanCallback; (16036)
W/dalvikvm( 2089): Link of class 'Lcom/google/android/gms/cast/discovery/BleDeviceScanner$BleScanCallback;' failed
D/dalvikvm( 2089): DexOpt: unable to opt direct call 0x63e6 at 0x62 in Lkjg;.c
I/GStaticConfiguration( 2233): Ignore gservice update: no configuration
D/AndroidRuntime( 2610): 
D/AndroidRuntime( 2610): >>>>>> AndroidRuntime START com.android.internal.os.RuntimeInit <<<<<<
W/linker  ( 2610): libdvm.so has text relocations. This is wasting memory and is a security risk. Please fix.
D/AndroidRuntime( 2610): CheckJNI is ON
D/dalvikvm( 2610): Trying to load lib libjavacore.so 0x0
D/dalvikvm( 2610): Added shared lib libjavacore.so 0x0
D/dalvikvm( 2610): Trying to load lib libnativehelper.so 0x0
D/dalvikvm( 2610): Added shared lib libnativehelper.so 0x0
D/dalvikvm( 2610): No JNI_OnLoad found in libnativehelper.so 0x0, skipping init
I/dalvikvm( 2089): Could not find method java.util.Locale.toLanguageTag, referenced from method inz.a
W/dalvikvm( 2089): VFY: unable to resolve virtual method 33842: Ljava/util/Locale;.toLanguageTag ()Ljava/lang/String;
D/dalvikvm( 2089): VFY: replacing opcode 0x6e at 0x004b
I/dalvikvm( 2089): Could not find method java.util.Locale.toLanguageTag, referenced from method iof.a
W/dalvikvm( 2089): VFY: unable to resolve virtual method 33842: Ljava/util/Locale;.toLanguageTag ()Ljava/lang/String;
D/dalvikvm( 2089): VFY: replacing opcode 0x6e at 0x01b2
I/dalvikvm( 2089): Could not find method java.util.Locale.toLanguageTag, referenced from method iof.e
W/dalvikvm( 2089): VFY: unable to resolve virtual method 33842: Ljava/util/Locale;.toLanguageTag ()Ljava/lang/String;
D/dalvikvm( 2089): VFY: replacing opcode 0x6e at 0x003f
I/dalvikvm( 2089): Could not find method java.util.Locale.toLanguageTag, referenced from method iof.f
W/dalvikvm( 2089): VFY: unable to resolve virtual method 33842: Ljava/util/Locale;.toLanguageTag ()Ljava/lang/String;
D/dalvikvm( 2089): VFY: replacing opcode 0x6e at 0x0013
I/dalvikvm( 2089): Could not find method java.util.Locale.toLanguageTag, referenced from method iol.a
W/dalvikvm( 2089): VFY: unable to resolve virtual method 33842: Ljava/util/Locale;.toLanguageTag ()Ljava/lang/String;
D/dalvikvm( 2089): VFY: replacing opcode 0x6e at 0x0089
I/dalvikvm( 2089): Could not find method java.util.Locale.toLanguageTag, referenced from method iol.a
W/dalvikvm( 2089): VFY: unable to resolve virtual method 33842: Ljava/util/Locale;.toLanguageTag ()Ljava/lang/String;
D/dalvikvm( 2089): VFY: replacing opcode 0x6e at 0x01f2
I/dalvikvm( 2089): Could not find method java.util.Locale.toLanguageTag, referenced from method iol.a
W/dalvikvm( 2089): VFY: unable to resolve virtual method 33842: Ljava/util/Locale;.toLanguageTag ()Ljava/lang/String;
D/dalvikvm( 2089): VFY: replacing opcode 0x6e at 0x0080
I/dalvikvm( 2089): Could not find method java.util.Locale.toLanguageTag, referenced from method iol.b
W/dalvikvm( 2089): VFY: unable to resolve virtual method 33842: Ljava/util/Locale;.toLanguageTag ()Ljava/lang/String;
D/dalvikvm( 2089): VFY: replacing opcode 0x6e at 0x000e
I/dalvikvm( 2089): Could not find method java.util.Locale.toLanguageTag, referenced from method iol.a
W/dalvikvm( 2089): VFY: unable to resolve virtual method 33842: Ljava/util/Locale;.toLanguageTag ()Ljava/lang/String;
D/dalvikvm( 2089): VFY: replacing opcode 0x6e at 0x00ab
I/dalvikvm( 2089): Could not find method java.util.Locale.toLanguageTag, referenced from method iol.a
W/dalvikvm( 2089): VFY: unable to resolve virtual method 33842: Ljava/util/Locale;.toLanguageTag ()Ljava/lang/String;
D/dalvikvm( 2089): VFY: replacing opcode 0x6e at 0x0028
I/dalvikvm( 2089): Could not find method java.util.Locale.toLanguageTag, referenced from method iol.a
W/dalvikvm( 2089): VFY: unable to resolve virtual method 33842: Ljava/util/Locale;.toLanguageTag ()Ljava/lang/String;
D/dalvikvm( 2089): VFY: replacing opcode 0x6e at 0x009c
I/dalvikvm( 2089): Could not find method java.util.Locale.toLanguageTag, referenced from method iol.a
W/dalvikvm( 2089): VFY: unable to resolve virtual method 33842: Ljava/util/Locale;.toLanguageTag ()Ljava/lang/String;
D/dalvikvm( 2089): VFY: replacing opcode 0x6e at 0x0029
I/dalvikvm( 2089): Could not find method java.util.Locale.toLanguageTag, referenced from method iol.a
W/dalvikvm( 2089): VFY: unable to resolve virtual method 33842: Ljava/util/Locale;.toLanguageTag ()Ljava/lang/String;
D/dalvikvm( 2089): VFY: replacing opcode 0x6e at 0x0099
E/dalvikvm( 2089): Could not find class 'android.graphics.drawable.AdaptiveIconDrawable', referenced from method iol.a
W/dalvikvm( 2089): VFY: unable to resolve instanceof 599 (Landroid/graphics/drawable/AdaptiveIconDrawable;) in Liol;
D/dalvikvm( 2089): VFY: replacing opcode 0x20 at 0x016a
I/dalvikvm( 2089): Could not find method java.util.Locale.toLanguageTag, referenced from method iol.b
W/dalvikvm( 2089): VFY: unable to resolve virtual method 33842: Ljava/util/Locale;.toLanguageTag ()Ljava/lang/String;
D/dalvikvm( 2089): VFY: replacing opcode 0x6e at 0x00b7
D/dalvikvm( 2610): Note: class Landroid/app/ActivityManagerNative; has 179 unimplemented (abstract) methods
I/dalvikvm( 2089): Could not find method java.util.Locale.toLanguageTag, referenced from method iol.b
W/dalvikvm( 2089): VFY: unable to resolve virtual method 33842: Ljava/util/Locale;.toLanguageTag ()Ljava/lang/String;
D/dalvikvm( 2089): VFY: replacing opcode 0x6e at 0x0037
I/dalvikvm( 2089): Could not find method java.util.Locale.toLanguageTag, referenced from method ipl.b
W/dalvikvm( 2089): VFY: unable to resolve virtual method 33842: Ljava/util/Locale;.toLanguageTag ()Ljava/lang/String;
D/dalvikvm( 2089): VFY: replacing opcode 0x6e at 0x0013
I/dalvikvm( 2089): Could not find method java.util.Locale.toLanguageTag, referenced from method ipl.a
W/dalvikvm( 2089): VFY: unable to resolve virtual method 33842: Ljava/util/Locale;.toLanguageTag ()Ljava/lang/String;
D/dalvikvm( 2089): VFY: replacing opcode 0x6e at 0x0062
I/dalvikvm( 2089): Could not find method java.util.Locale.toLanguageTag, referenced from method ipl.a
W/dalvikvm( 2089): VFY: unable to resolve virtual method 33842: Ljava/util/Locale;.toLanguageTag ()Ljava/lang/String;
D/dalvikvm( 2089): VFY: replacing opcode 0x6e at 0x016a
I/dalvikvm( 2089): Could not find method java.util.Locale.toLanguageTag, referenced from method ipl.a
D/dalvikvm( 2233): GC_FOR_ALLOC freed 356K, 14% free 3382K/3924K, paused 60ms, total 60ms
W/dalvikvm( 2089): VFY: unable to resolve virtual method 33842: Ljava/util/Locale;.toLanguageTag ()Ljava/lang/String;
D/dalvikvm( 2089): VFY: replacing opcode 0x6e at 0x0015
I/dalvikvm( 2089): Could not find method java.util.Locale.toLanguageTag, referenced from method ipl.a
W/dalvikvm( 2089): VFY: unable to resolve virtual method 33842: Ljava/util/Locale;.toLanguageTag ()Ljava/lang/String;
D/dalvikvm( 2089): VFY: replacing opcode 0x6e at 0x004f
I/dalvikvm( 2089): Could not find method java.util.Locale.toLanguageTag, referenced from method ipl.a
D/dalvikvm( 2089): DexOpt: couldn't find static field Landroid/os/Build;.SUPPORTED_ABIS
W/dalvikvm( 2089): VFY: unable to resolve virtual method 33842: Ljava/util/Locale;.toLanguageTag ()Ljava/lang/String;
D/dalvikvm( 2089): VFY: replacing opcode 0x6e at 0x0014
I/dalvikvm( 2089): Could not find method java.util.Locale.toLanguageTag, referenced from method ipl.a
W/dalvikvm( 2089): VFY: unable to resolve virtual method 33842: Ljava/util/Locale;.toLanguageTag ()Ljava/lang/String;
D/dalvikvm( 2089): VFY: replacing opcode 0x6e at 0x001a
W/dalvikvm( 2089): VFY: unable to resolve static field 1191 (SUPPORTED_ABIS) in Landroid/os/Build;
D/dalvikvm( 2089): VFY: replacing opcode 0x62 at 0x02f8
I/dalvikvm( 2089): Could not find method java.util.Locale.toLanguageTag, referenced from method ipz.a
W/dalvikvm( 2089): VFY: unable to resolve virtual method 33842: Ljava/util/Locale;.toLanguageTag ()Ljava/lang/String;
D/dalvikvm( 2089): VFY: replacing opcode 0x6e at 0x001c
I/dalvikvm( 2089): Could not find method java.util.Locale.toLanguageTag, referenced from method ipz.c
W/dalvikvm( 2089): VFY: unable to resolve virtual method 33842: Ljava/util/Locale;.toLanguageTag ()Ljava/lang/String;
D/dalvikvm( 2089): VFY: replacing opcode 0x6e at 0x0016
I/dalvikvm( 2089): Could not find method java.util.Locale.toLanguageTag, referenced from method ipz.c
W/dalvikvm( 2089): VFY: unable to resolve virtual method 33842: Ljava/util/Locale;.toLanguageTag ()Ljava/lang/String;
D/dalvikvm( 2089): VFY: replacing opcode 0x6e at 0x0072
I/dalvikvm( 2089): Could not find method java.util.Locale.toLanguageTag, referenced from method ipz.a
W/dalvikvm( 2089): VFY: unable to resolve virtual method 33842: Ljava/util/Locale;.toLanguageTag ()Ljava/lang/String;
D/dalvikvm( 2089): VFY: replacing opcode 0x6e at 0x0061
I/dalvikvm( 2089): Could not find method java.util.Locale.toLanguageTag, referenced from method ipz.a
W/dalvikvm( 2089): VFY: unable to resolve virtual method 33842: Ljava/util/Locale;.toLanguageTag ()Ljava/lang/String;
D/dalvikvm( 2089): VFY: replacing opcode 0x6e at 0x008f
I/dalvikvm( 2089): Could not find method java.util.Locale.toLanguageTag, referenced from method ipz.a
W/dalvikvm( 2089): VFY: unable to resolve virtual method 33842: Ljava/util/Locale;.toLanguageTag ()Ljava/lang/String;
D/dalvikvm( 2089): VFY: replacing opcode 0x6e at 0x0116
I/dalvikvm( 2089): Could not find method java.util.Locale.toLanguageTag, referenced from method ipz.a
W/dalvikvm( 2089): VFY: unable to resolve virtual method 33842: Ljava/util/Locale;.toLanguageTag ()Ljava/lang/String;
D/dalvikvm( 2089): VFY: replacing opcode 0x6e at 0x001a
I/dalvikvm( 2089): Could not find method java.util.Locale.toLanguageTag, referenced from method ipz.a
W/dalvikvm( 2089): VFY: unable to resolve virtual method 33842: Ljava/util/Locale;.toLanguageTag ()Ljava/lang/String;
D/dalvikvm( 2089): VFY: replacing opcode 0x6e at 0x001a
I/dalvikvm( 2089): Could not find method java.util.Locale.toLanguageTag, referenced from method ipz.b
W/dalvikvm( 2089): VFY: unable to resolve virtual method 33842: Ljava/util/Locale;.toLanguageTag ()Ljava/lang/String;
D/dalvikvm( 2089): VFY: replacing opcode 0x6e at 0x000f
I/dalvikvm( 2089): Could not find method java.util.Locale.toLanguageTag, referenced from method ipz.b
W/dalvikvm( 2089): VFY: unable to resolve virtual method 33842: Ljava/util/Locale;.toLanguageTag ()Ljava/lang/String;
D/dalvikvm( 2089): VFY: replacing opcode 0x6e at 0x004c
I/dalvikvm( 2089): Could not find method java.util.Locale.toLanguageTag, referenced from method ipz.c
W/dalvikvm( 2089): VFY: unable to resolve virtual method 33842: Ljava/util/Locale;.toLanguageTag ()Ljava/lang/String;
D/dalvikvm( 2089): VFY: replacing opcode 0x6e at 0x0050
I/dalvikvm( 2089): Could not find method java.util.Locale.toLanguageTag, referenced from method ipz.c
W/dalvikvm( 2089): VFY: unable to resolve virtual method 33842: Ljava/util/Locale;.toLanguageTag ()Ljava/lang/String;
D/dalvikvm( 2089): VFY: replacing opcode 0x6e at 0x007f
I/dalvikvm( 2089): Could not find method java.util.Locale.toLanguageTag, referenced from method ipz.e
W/dalvikvm( 2089): VFY: unable to resolve virtual method 33842: Ljava/util/Locale;.toLanguageTag ()Ljava/lang/String;
D/dalvikvm( 2089): VFY: replacing opcode 0x6e at 0x0039
I/dalvikvm( 2089): Could not find method java.util.Locale.toLanguageTag, referenced from method iqa.a
W/dalvikvm( 2089): VFY: unable to resolve virtual method 33842: Ljava/util/Locale;.toLanguageTag ()Ljava/lang/String;
D/dalvikvm( 2089): VFY: replacing opcode 0x6e at 0x0088
I/dalvikvm( 2089): Could not find method java.util.Locale.toLanguageTag, referenced from method iqa.b
W/dalvikvm( 2089): VFY: unable to resolve virtual method 33842: Ljava/util/Locale;.toLanguageTag ()Ljava/lang/String;
D/dalvikvm( 2089): VFY: replacing opcode 0x6e at 0x0046
I/dalvikvm( 2089): Could not find method java.util.Locale.toLanguageTag, referenced from method iqa.b
W/dalvikvm( 2089): VFY: unable to resolve virtual method 33842: Ljava/util/Locale;.toLanguageTag ()Ljava/lang/String;
D/dalvikvm( 2089): VFY: replacing opcode 0x6e at 0x0017
I/dalvikvm( 2089): Could not find method java.util.Locale.toLanguageTag, referenced from method iqa.c
W/dalvikvm( 2089): VFY: unable to resolve virtual method 33842: Ljava/util/Locale;.toLanguageTag ()Ljava/lang/String;
D/dalvikvm( 2089): VFY: replacing opcode 0x6e at 0x0017
E/memtrack( 2610): Couldn't load memtrack module (No such file or directory)
E/android.os.Debug( 2610): failed to load memtrack module: -2
I/dalvikvm( 2089): Could not find method java.util.Locale.toLanguageTag, referenced from method iqi.a
W/dalvikvm( 2089): VFY: unable to resolve virtual method 33842: Ljava/util/Locale;.toLanguageTag ()Ljava/lang/String;
D/dalvikvm( 2089): VFY: replacing opcode 0x6e at 0x0048
I/ahju    ( 1777): Scheduling Phenotype for a PhenotypeSyncImmediately(6, com.google.android.gms.lockbox) one off with window [1, 2] in seconds [CONTEXT service_id=51 ]
I/ahlt    ( 1777): updateFromConfigurations using legacy put method [CONTEXT service_id=204 ]
D/AndroidRuntime( 2610): Calling main entry com.android.commands.pm.Pm
I/dalvikvm( 2089): Could not find method java.util.Locale.toLanguageTag, referenced from method iqi.a
W/dalvikvm( 2089): VFY: unable to resolve virtual method 33842: Ljava/util/Locale;.toLanguageTag ()Ljava/lang/String;
D/dalvikvm( 2089): VFY: replacing opcode 0x6e at 0x008c
I/dalvikvm( 2089): Could not find method java.util.Locale.toLanguageTag, referenced from method iqi.a
W/dalvikvm( 2089): VFY: unable to resolve virtual method 33842: Ljava/util/Locale;.toLanguageTag ()Ljava/lang/String;
D/dalvikvm( 2089): VFY: replacing opcode 0x6e at 0x0017
D/        ( 2089): HostConnection::get() New Host Connection established 0xb82a3ce0, tid 2124
D/EGL_emulation( 2089): eglCreateContext: 0xb84c89a0: maj 1 min 0 rcv 1
I/dalvikvm( 2089): Could not find method java.util.Locale.toLanguageTag, referenced from method iqp.b
W/dalvikvm( 2089): VFY: unable to resolve virtual method 33842: Ljava/util/Locale;.toLanguageTag ()Ljava/lang/String;
D/dalvikvm( 2089): VFY: replacing opcode 0x6e at 0x005c
I/dalvikvm( 2089): Could not find method java.util.Locale.toLanguageTag, referenced from method ipo.a
W/dalvikvm( 2089): VFY: unable to resolve virtual method 33842: Ljava/util/Locale;.toLanguageTag ()Ljava/lang/String;
D/dalvikvm( 2089): VFY: replacing opcode 0x6e at 0x0014
I/dalvikvm( 2089): Could not find method java.util.Locale.toLanguageTag, referenced from method iqg.a
W/dalvikvm( 2089): VFY: unable to resolve virtual method 33842: Ljava/util/Locale;.toLanguageTag ()Ljava/lang/String;
D/dalvikvm( 2089): VFY: replacing opcode 0x6e at 0x000d
I/dalvikvm( 2089): Could not find method java.util.Locale.toLanguageTag, referenced from method iqg.a
W/dalvikvm( 2089): VFY: unable to resolve virtual method 33842: Ljava/util/Locale;.toLanguageTag ()Ljava/lang/String;
D/dalvikvm( 2089): VFY: replacing opcode 0x6e at 0x0018
I/dalvikvm( 2089): Could not find method java.util.Locale.toLanguageTag, referenced from method iqg.a
W/dalvikvm( 2089): VFY: unable to resolve virtual method 33842: Ljava/util/Locale;.toLanguageTag ()Ljava/lang/String;
D/dalvikvm( 2089): VFY: replacing opcode 0x6e at 0x00ac
I/dalvikvm( 2089): Could not find method java.util.Locale.toLanguageTag, referenced from method iqg.a
W/dalvikvm( 2089): VFY: unable to resolve virtual method 33842: Ljava/util/Locale;.toLanguageTag ()Ljava/lang/String;
D/dalvikvm( 2089): VFY: replacing opcode 0x6e at 0x0015
I/dalvikvm( 2089): Could not find method java.util.Locale.toLanguageTag, referenced from method iqg.a
W/dalvikvm( 2089): VFY: unable to resolve virtual method 33842: Ljava/util/Locale;.toLanguageTag ()Ljava/lang/String;
D/dalvikvm( 2089): VFY: replacing opcode 0x6e at 0x000c
I/dalvikvm( 2089): Could not find method java.util.Locale.toLanguageTag, referenced from method iqg.a
W/dalvikvm( 2089): VFY: unable to resolve virtual method 33842: Ljava/util/Locale;.toLanguageTag ()Ljava/lang/String;
D/dalvikvm( 2089): VFY: replacing opcode 0x6e at 0x0074
I/dalvikvm( 2089): Could not find method java.util.Locale.toLanguageTag, referenced from method iqg.a
W/dalvikvm( 2089): VFY: unable to resolve virtual method 33842: Ljava/util/Locale;.toLanguageTag ()Ljava/lang/String;
D/dalvikvm( 2089): VFY: replacing opcode 0x6e at 0x0024
D/EGL_emulation( 2089): eglMakeCurrent: 0xb84c89a0: ver 1 0
I/ActivityManager( 1569): Start proc com.android.defcontainer for service com.android.defcontainer/.DefaultContainerService: pid=2626 uid=10003 gids={50003, 1028, 1015, 1023, 2001, 1035}
I/dalvikvm( 2089): Could not find method java.util.Locale.toLanguageTag, referenced from method iqs.a
W/dalvikvm( 2089): VFY: unable to resolve virtual method 33842: Ljava/util/Locale;.toLanguageTag ()Ljava/lang/String;
D/dalvikvm( 2089): VFY: replacing opcode 0x6e at 0x000e
I/dalvikvm( 2089): Could not find method java.util.Locale.toLanguageTag, referenced from method iqs.a
W/dalvikvm( 2089): VFY: unable to resolve virtual method 33842: Ljava/util/Locale;.toLanguageTag ()Ljava/lang/String;
D/dalvikvm( 2089): VFY: replacing opcode 0x6e at 0x0014
I/dalvikvm( 2089): Could not find method java.util.Locale.toLanguageTag, referenced from method iqs.a
W/dalvikvm( 2089): VFY: unable to resolve virtual method 33842: Ljava/util/Locale;.toLanguageTag ()Ljava/lang/String;
D/dalvikvm( 2089): VFY: replacing opcode 0x6e at 0x0147
I/dalvikvm( 2089): Could not find method java.util.Locale.toLanguageTag, referenced from method iqs.a
W/dalvikvm( 2089): VFY: unable to resolve virtual method 33842: Ljava/util/Locale;.toLanguageTag ()Ljava/lang/String;
D/dalvikvm( 2089): VFY: replacing opcode 0x6e at 0x000d
I/dalvikvm( 2089): Could not find method java.util.Locale.toLanguageTag, referenced from method iqs.a
W/dalvikvm( 2089): VFY: unable to resolve virtual method 33842: Ljava/util/Locale;.toLanguageTag ()Ljava/lang/String;
D/dalvikvm( 2089): VFY: replacing opcode 0x6e at 0x000d
I/dalvikvm( 2089): Could not find method java.util.Locale.toLanguageTag, referenced from method iqs.a
W/dalvikvm( 2089): VFY: unable to resolve virtual method 33842: Ljava/util/Locale;.toLanguageTag ()Ljava/lang/String;
D/dalvikvm( 2089): VFY: replacing opcode 0x6e at 0x0052
I/dalvikvm( 2089): Could not find method java.util.Locale.toLanguageTag, referenced from method iqs.a
W/dalvikvm( 2089): VFY: unable to resolve virtual method 33842: Ljava/util/Locale;.toLanguageTag ()Ljava/lang/String;
D/dalvikvm( 2089): VFY: replacing opcode 0x6e at 0x0011
I/dalvikvm( 2089): Could not find method java.util.Locale.toLanguageTag, referenced from method iqs.b
W/dalvikvm( 2089): VFY: unable to resolve virtual method 33842: Ljava/util/Locale;.toLanguageTag ()Ljava/lang/String;
D/dalvikvm( 2089): VFY: replacing opcode 0x6e at 0x0017
I/dalvikvm( 2089): Could not find method java.util.Locale.toLanguageTag, referenced from method iqs.b
W/dalvikvm( 2089): VFY: unable to resolve virtual method 33842: Ljava/util/Locale;.toLanguageTag ()Ljava/lang/String;
D/dalvikvm( 2089): VFY: replacing opcode 0x6e at 0x00a7
I/dalvikvm( 2089): Could not find method java.util.Locale.toLanguageTag, referenced from method iqs.c
W/dalvikvm( 2089): VFY: unable to resolve virtual method 33842: Ljava/util/Locale;.toLanguageTag ()Ljava/lang/String;
D/dalvikvm( 2089): VFY: replacing opcode 0x6e at 0x0017
D/EGL_emulation( 2089): eglCreateContext: 0xb8210d60: maj 3 min 0 rcv 3
D/EGL_emulation( 2089): eglMakeCurrent: 0xb8210d60: ver 3 0
E/eglCodecCommon( 2089): glUtilsParamSize: unknow param 0x00008cdf
E/eglCodecCommon( 2089): glUtilsParamSize: unknow param 0x00008824
I/PackageManager( 1569): Running dexopt on: com.android.defcontainer
W/linker  ( 2640): libdvm.so has text relocations. This is wasting memory and is a security risk. Please fix.
D/dalvikvm( 1799): GC_EXPLICIT freed 282K, 24% free 5968K/7800K, paused 1ms+13ms, total 90ms
D/dalvikvm( 2640): DexOpt: load 2ms, verify+opt 2ms, 201428 bytes
I/NewModuleOp( 2089): Enable component: com.google.android.gms.languageprofile.GcmReceiverService [CONTEXT service_id=167 ]
E/PhenotypeRegOp( 2089): Attempting to overwrite config package for com.google.android.gms.games [CONTEXT service_id=231 ]
E/PhenotypeRegOp( 2089): Attempting to overwrite config package for com.google.android.gms.mobile_data_plan [CONTEXT service_id=231 ]
I/NewModuleOp( 2089): Enable component: com.google.android.gms.languageprofile.GcmTaskService [CONTEXT service_id=167 ]
E/PhenotypeRegOp( 2089): Attempting to overwrite config package for com.google.android.gms.signin [CONTEXT service_id=231 ]
E/PhenotypeRegOp( 2089): Attempting to overwrite config package for com.google.android.gms.udc [CONTEXT service_id=231 ]
I/NewModuleOp( 2089): Schedule LanguageProfileGcmTaskChimeraService tasks. [CONTEXT service_id=167 ]
D/dalvikvm( 2089): GC_FOR_ALLOC freed 1618K, 20% free 9291K/11552K, paused 10ms, total 11ms
D/dalvikvm( 1569): GC_FOR_ALLOC freed 1124K, 49% free 7664K/14816K, paused 6ms, total 6ms
W/ActivityManager( 1569): No content provider found for permission revoke: file:///data/local/tmp/AndroidRipperService.apk
W/ActivityManager( 1569): No content provider found for permission revoke: file:///data/local/tmp/AndroidRipperService.apk
I/PackageManager( 1569): Copying native libraries to /data/app-lib/vmdl999928117
I/PackageParser( 1569): it.unina.android.ripper_service: compat added android.permission.WRITE_EXTERNAL_STORAGE android.permission.READ_PHONE_STATE
I/LPGcmTaskChimeraService( 2089): Unscheduling sync tasks. [CONTEXT service_id=167 ]
I/LockboxService( 1777): Completed task: true [CONTEXT service_id=26 ]
I/Icing   ( 2089): Query from package: com.google.android.gms, component: AppsCorpus, restrict package: com.google.android.gms, start: 0, num: 100 maxNumSlices: 2147483647
I/Icing   ( 2089): Query from package: com.google.android.gms, component: IpaAppsCorpus, restrict package: com.google.android.gms, start: 0, num: 100 maxNumSlices: 2147483647
I/TelephonySpam( 2089): TelephonySpamInit - onModuleUpdated TelephonySpam module initialized
I/TelephonySpam( 2089): SpamListSync - scheduleSyncTasks
I/TelephonySpam( 2089): SpamListSync - schedulePeriodicTask
I/PackageManager( 1569): Running dexopt on: it.unina.android.ripper_service
D/dalvikvm( 2548): DexOpt: load 124ms, verify+opt 796ms, 2655180 bytes
W/linker  ( 2645): libdvm.so has text relocations. This is wasting memory and is a security risk. Please fix.
E/native  ( 2089): score-accumulator.cc:249 No scoring data for corpus [1]
I/TelephonySpam( 2089): SpamListSync - scheduleOneTimeTask
E/GmscoreIpa( 2089): Query failed: 8: Not authorized to read requested corpora [CONTEXT service_id=255 ]
D/dalvikvm( 1799): GC_EXPLICIT freed 200K, 25% free 5926K/7800K, paused 1ms+0ms, total 25ms
D/dalvikvm( 2645): DexOpt: load 11ms, verify+opt 33ms, 1117628 bytes
W/ActivityManager( 1569): Unable to start service Intent { act=com.google.android.gms.auth.key.retrieval.service.START pkg=com.google.android.gms } U=0: not found
E/GmsClient( 2089): unable to connect to service: com.google.android.gms.auth.key.retrieval.service.START on com.google.android.gms
W/ActivityManager( 1569): Unbind failed: could not find connection for android.os.BinderProxy@9d083d68
D/dalvikvm( 2089): DexOpt: --- END 'AdsDynamite.apk' (success) ---
D/dalvikvm( 2089): DEX prep '/data/data/com.google.android.gms/app_chimera/m/00000000/AdsDynamite.apk': unzip in 64ms, rewrite 1116ms
I/ActivityManager( 1569): Force stopping it.unina.android.ripper_service appid=10057 user=-1: update pkg
D/dalvikvm( 1777): GC_EXPLICIT freed 1194K, 16% free 8551K/10176K, paused 3ms+10ms, total 26ms
W/DynamiteModule( 2089): Local module descriptor class for providerinstaller not found.
W/GCoreFlp( 1777): No location to return for getLastLocation()
I/InputReader( 1569): Reconfiguring input devices.  changes=0x00000010
D/BackupManagerService( 1569): Received broadcast Intent { act=android.intent.action.PACKAGE_ADDED dat=package:it.unina.android.ripper_service flg=0x4000010 (has extras) }
V/BackupManagerService( 1569): addPackageParticipantsLocked: #1
I/PackageManager( 1569):   Action: "android.intent.action.SENDTO"
I/PackageManager( 1569):   Category: "android.intent.category.DEFAULT"
I/PackageManager( 1569):   Scheme: "sms"
D/dalvikvm( 2250): GC_FOR_ALLOC freed 275K, 13% free 3206K/3668K, paused 1ms, total 1ms
W/Launcher.Model( 2250): Nobody to tell about the new app.  Launcher is probably loading.
I/PackageManager( 1569): Adding preferred activity ComponentInfo{com.android.mms/com.android.mms.ui.ComposeMessageActivity} for user 0 :
D/dalvikvm( 1569): GC_EXPLICIT freed 1096K, 48% free 7739K/14816K, paused 9ms+1ms, total 29ms
D/dalvikvm( 1569): WAIT_FOR_CONCURRENT_GC blocked 7ms
D/dalvikvm( 1569): WAIT_FOR_CONCURRENT_GC blocked 6ms
D/dalvikvm( 1569): WAIT_FOR_CONCURRENT_GC blocked 5ms
D/dalvikvm( 1569): WAIT_FOR_CONCURRENT_GC blocked 4ms
D/dalvikvm( 1569): WAIT_FOR_CONCURRENT_GC blocked 9ms
I/PackageManager( 1569):   Action: "android.intent.action.SENDTO"
I/PackageManager( 1569):   Category: "android.intent.category.DEFAULT"
I/PackageManager( 1569):   Scheme: "smsto"
D/AndroidRuntime( 2610): Shutting down VM
D/jdwp    ( 2610): Got wake-up signal, bailing out of select
