I/dalvikvm( 1777): Could not find method android.content.ContextWrapper.createCredentialProtectedStorageContext, referenced from method mnu.createCredentialProtectedStorageContext
W/dalvikvm( 1777): VFY: unable to resolve virtual method 2508: Landroid/content/ContextWrapper;.createCredentialProtectedStorageContext ()Landroid/content/Context;
D/dalvikvm( 1777): VFY: replacing opcode 0x6f at 0x0002
I/dalvikvm( 1777): Could not find method android.content.ContextWrapper.createDeviceProtectedStorageContext, referenced from method mnu.createDeviceProtectedStorageContext
W/dalvikvm( 1777): VFY: unable to resolve virtual method 2509: Landroid/content/ContextWrapper;.createDeviceProtectedStorageContext ()Landroid/content/Context;
D/dalvikvm( 1777): VFY: replacing opcode 0x6f at 0x0002
W/dalvikvm( 2089): VFY: unable to resolve virtual method 2508: Landroid/content/ContextWrapper;.createCredentialProtectedStorageContext ()Landroid/content/Context;
D/dalvikvm( 2089): VFY: replacing opcode 0x6f at 0x0002
I/dalvikvm( 2089): Could not find method android.content.ContextWrapper.createDeviceProtectedStorageContext, referenced from method com.google.android.chimera.ModuleContext.createDeviceProtectedStorageContext
W/dalvikvm( 2089): VFY: unable to resolve virtual method 2509: Landroid/content/ContextWrapper;.createDeviceProtectedStorageContext ()Landroid/content/Context;
D/dalvikvm( 2089): VFY: replacing opcode 0x6f at 0x0002
I/dalvikvm( 2089): Could not find method com.google.android.chimera.ContextThemeWrapper.sendBroadcastWithMultiplePermissions, referenced from method com.google.android.chimera.ModuleContext.sendBroadcastWithMultiplePermissions
W/dalvikvm( 2089): VFY: unable to resolve virtual method 13795: Lcom/google/android/chimera/ContextThemeWrapper;.sendBroadcastWithMultiplePermissions (Landroid/content/Intent;[Ljava/lang/String;)V
D/dalvikvm( 2089): VFY: replacing opcode 0x6f at 0x0009
I/MultiDex( 2089): VM with version 1.6.0 does not have multidex support
I/MultiDex( 2089): Installing application
I/MultiDex( 2089): MultiDexExtractor(/system/priv-app/PrebuiltGmsCore.apk, /data/data/com.google.android.gms/code_cache/secondary-dexes)
E/ConfigFileUtils( 1777): Failed to read config file: /data/data/com.google.android.gms/app_chimera/current_fileapks.pb: open failed: ENOENT (No such file or directory)
I/ModuleSetMgr( 1777): Computing pending module set with APKs: []
I/MultiDex( 2089): Blocking on lock /data/data/com.google.android.gms/code_cache/secondary-dexes/MultiDex.lock
I/MultiDex( 2089): /data/data/com.google.android.gms/code_cache/secondary-dexes/MultiDex.lock locked
I/MultiDex( 2089): MultiDexExtractor.load(/system/priv-app/PrebuiltGmsCore.apk, false, )
I/MultiDex( 2089): loading existing secondary dex files
I/MultiDex( 2089): load found 5 secondary dex files
I/ModuleSetMgr( 1777): Pending container module APKs: []
I/ModuleSetMgr( 1777): Pending non-container module APKs: []
D/dalvikvm( 2089): GC_FOR_ALLOC freed 361K, 15% free 3144K/3692K, paused 1ms, total 1ms
E/ConfigFileUtils( 1777): Failed to read config file: /data/data/com.google.android.gms/app_chimera/current_fileapks.pb: open failed: ENOENT (No such file or directory)
I/MultiDex( 2089): install done
E/ChimeraCfgMgr( 1777): Failed to read module config: java.io.FileNotFoundException: /data/data/com.google.android.gms/app_chimera/current_config.fb: open failed: ENOENT (No such file or directory)
W/IntentOperation( 1777): Failed to get Chimera config:com.google.android.chimera.config.InvalidConfigException: java.io.FileNotFoundException: /data/data/com.google.android.gms/app_chimera/current_config.fb: open failed: ENOENT (No such file or directory)
I/dalvikvm( 2089): Could not find method android.content.ContentProvider.query, referenced from method brf.superQuery
W/dalvikvm( 2089): VFY: unable to resolve virtual method 2428: Landroid/content/ContentProvider;.query (Landroid/net/Uri;[Ljava/lang/String;Landroid/os/Bundle;Landroid/os/CancellationSignal;)Landroid/database/Cursor;
D/dalvikvm( 2089): VFY: replacing opcode 0x6f at 0x0000
I/dalvikvm( 2089): Could not find method android.app.Activity.registerActivityLifecycleCallbacks, referenced from method amh.onActivityPreCreated
W/dalvikvm( 2089): VFY: unable to resolve virtual method 2308: Landroid/app/Activity;.registerActivityLifecycleCallbacks (Landroid/app/Application$ActivityLifecycleCallbacks;)V
D/dalvikvm( 2089): VFY: replacing opcode 0x6e at 0x0005
I/dalvikvm( 2089): Could not find method android.content.Context.getExternalMediaDirs, referenced from method jm.a
W/dalvikvm( 2089): VFY: unable to resolve virtual method 2477: Landroid/content/Context;.getExternalMediaDirs ()[Ljava/io/File;
D/dalvikvm( 2089): VFY: replacing opcode 0x6e at 0x00a8
D/dalvikvm( 1777): GC_FOR_ALLOC freed 305K, 38% free 3374K/5432K, paused 2ms, total 2ms
I/dalvikvm-heap( 1777): Grow heap (frag case) to 3.690MB for 228601-byte allocation
I/dalvikvm( 2089): Could not find method android.content.Context.getDrawable, referenced from method jk.a
W/dalvikvm( 2089): VFY: unable to resolve virtual method 2472: Landroid/content/Context;.getDrawable (I)Landroid/graphics/drawable/Drawable;
D/dalvikvm( 2089): VFY: replacing opcode 0x6e at 0x0006
I/dalvikvm( 2089): Could not find method android.content.Context.getNoBackupFilesDir, referenced from method jk.b
W/dalvikvm( 2089): VFY: unable to resolve virtual method 2480: Landroid/content/Context;.getNoBackupFilesDir ()Ljava/io/File;
D/dalvikvm( 2089): VFY: replacing opcode 0x6e at 0x0006
D/dalvikvm( 1777): GC_FOR_ALLOC freed 6K, 37% free 3591K/5656K, paused 1ms, total 1ms
I/dalvikvm( 2089): Could not find method android.os.UserHandle.isOwner, referenced from method nmy.f
W/dalvikvm( 2089): VFY: unable to resolve virtual method 3081: Landroid/os/UserHandle;.isOwner ()Z
D/dalvikvm( 2089): VFY: replacing opcode 0x6e at 0x000a
D/dalvikvm( 2089): DexOpt: couldn't find field Landroid/content/pm/ApplicationInfo;.splitSourceDirs
W/dalvikvm( 2089): VFY: unable to resolve instance field 1475
D/dalvikvm( 2089): VFY: replacing opcode 0x54 at 0x0055
D/dalvikvm( 2089): DexOpt: couldn't find static field Landroid/os/Build;.SUPPORTED_ABIS
W/dalvikvm( 2089): VFY: unable to resolve static field 1540 (SUPPORTED_ABIS) in Landroid/os/Build;
D/dalvikvm( 2089): VFY: replacing opcode 0x62 at 0x00d1
I/dalvikvm( 2089): Could not find method android.system.Os.stat, referenced from method nop.a
W/dalvikvm( 2089): VFY: unable to resolve static method 3146: Landroid/system/Os;.stat (Ljava/lang/String;)Landroid/system/StructStat;
D/dalvikvm( 2089): VFY: replacing opcode 0x71 at 0x0182
I/dalvikvm( 2089): Could not find method android.content.pm.PackageManager.getPackageInstaller, referenced from method men.a
W/dalvikvm( 2089): VFY: unable to resolve virtual method 2608: Landroid/content/pm/PackageManager;.getPackageInstaller ()Landroid/content/pm/PackageInstaller;
D/dalvikvm( 2089): VFY: replacing opcode 0x6e at 0x001c
W/DynamiteModule( 2089): Local module descriptor class for providerinstaller not found.
E/ChimeraCfgMgr( 2089): Failed to read module config: java.io.FileNotFoundException: /data/data/com.google.android.gms/app_chimera/current_config.fb: open failed: ENOENT (No such file or directory)
I/dalvikvm( 2089): Could not find method android.system.Os.readlink, referenced from method bse.a
W/dalvikvm( 2089): VFY: unable to resolve static method 3145: Landroid/system/Os;.readlink (Ljava/lang/String;)Ljava/lang/String;
D/dalvikvm( 2089): VFY: replacing opcode 0x71 at 0x0044
I/dalvikvm( 2089): Could not find method android.system.Os.symlink, referenced from method bse.a
W/dalvikvm( 2089): VFY: unable to resolve static method 3147: Landroid/system/Os;.symlink (Ljava/lang/String;Ljava/lang/String;)V
D/dalvikvm( 2089): VFY: replacing opcode 0x71 at 0x00b0
I/dalvikvm( 2089): Could not find method android.system.Os.stat, referenced from method bse.a
W/dalvikvm( 2089): VFY: unable to resolve static method 3146: Landroid/system/Os;.stat (Ljava/lang/String;)Landroid/system/StructStat;
D/dalvikvm( 2089): VFY: replacing opcode 0x71 at 0x0005
W/dalvikvm( 2089): VFY: unable to resolve static field 1615 (S_IXUSR) in Landroid/system/OsConstants;
D/dalvikvm( 2089): VFY: replacing opcode 0x60 at 0x0007
I/dalvikvm( 2089): Could not find method android.system.Os.stat, referenced from method bse.b
W/dalvikvm( 2089): VFY: unable to resolve static method 3146: Landroid/system/Os;.stat (Ljava/lang/String;)Landroid/system/StructStat;
D/dalvikvm( 2089): VFY: replacing opcode 0x71 at 0x0040
W/dalvikvm( 2089): VFY: unable to resolve static field 1612 (S_IRUSR) in Landroid/system/OsConstants;
D/dalvikvm( 2089): VFY: replacing opcode 0x60 at 0x0007
W/FileUtils( 2089): Failed to set world readable: /data/data/com.google.android.gms/app_chimera/current_config.fb
E/ChimeraCfgMgr( 2089): Failed to read module config: java.io.FileNotFoundException: /data/data/com.google.android.gms/app_chimera/current_config.fb: open failed: ENOENT (No such file or directory)
D/dalvikvm( 2089): DexOpt: couldn't find static field Landroid/os/Build;.SUPPORTED_ABIS
W/dalvikvm( 2089): VFY: unable to resolve static field 1540 (SUPPORTED_ABIS) in Landroid/os/Build;
D/dalvikvm( 2089): VFY: replacing opcode 0x62 at 0x0307
D/dalvikvm( 2089): DexOpt: couldn't find static field Landroid/os/Build;.SUPPORTED_ABIS
W/dalvikvm( 2089): VFY: unable to resolve static field 1540 (SUPPORTED_ABIS) in Landroid/os/Build;
D/dalvikvm( 2089): VFY: replacing opcode 0x62 at 0x06eb
D/dalvikvm( 1777): GC_FOR_ALLOC freed 35K, 29% free 4068K/5656K, paused 2ms, total 2ms
I/dalvikvm( 2089): Could not find method android.content.Context.isCredentialProtectedStorage, referenced from method bry.j
W/dalvikvm( 2089): VFY: unable to resolve virtual method 2490: Landroid/content/Context;.isCredentialProtectedStorage ()Z
D/dalvikvm( 2089): VFY: replacing opcode 0x6e at 0x0087
E/ConfigFileUtils( 2089): Failed to read config file: /data/data/com.google.android.gms/app_chimera/current_fileapks.pb: open failed: ENOENT (No such file or directory)
D/dalvikvm( 2089): GC_FOR_ALLOC freed 411K, 16% free 3246K/3844K, paused 3ms, total 3ms
I/GmsModuleFndr( 2089): Beginning GMS chimera module scan
E/ChimeraCfgMgr( 2089): Failed to read module config: java.io.FileNotFoundException: /data/data/com.google.android.gms/app_chimera/current_config.fb: open failed: ENOENT (No such file or directory)
I/DynamiteModule( 2089): Considering local module com.google.android.gms.googlecertificates:4 and remote module com.google.android.gms.googlecertificates:0
I/DynamiteModule( 2089): Selected local version of com.google.android.gms.googlecertificates
I/dalvikvm( 2089): Could not find method android.app.Notification$Builder.setLocalOnly, referenced from method com.google.android.gms.common.GoogleCertificatesImpl.isGoogleOrPlatformSigned
W/dalvikvm( 2089): VFY: unable to resolve virtual method 2308: Landroid/app/Notification$Builder;.setLocalOnly (Z)Landroid/app/Notification$Builder;
D/dalvikvm( 2089): VFY: replacing opcode 0x6e at 0x00b1
E/ChimeraCfgMgr( 2089): Failed to read module config: java.io.FileNotFoundException: /data/data/com.google.android.gms/app_chimera/current_config.fb: open failed: ENOENT (No such file or directory)
I/dalvikvm( 2089): Could not find method com.google.android.chimera.ContextThemeWrapper.createAttributionContext, referenced from method mnu.createAttributionContext
W/dalvikvm( 2089): VFY: unable to resolve virtual method 13785: Lcom/google/android/chimera/ContextThemeWrapper;.createAttributionContext (Ljava/lang/String;)Landroid/content/Context;
D/dalvikvm( 2089): VFY: replacing opcode 0x6f at 0x0002
I/dalvikvm( 2089): Could not find method android.content.ContextWrapper.createCredentialProtectedStorageContext, referenced from method mnu.createCredentialProtectedStorageContext
W/dalvikvm( 2089): VFY: unable to resolve virtual method 2508: Landroid/content/ContextWrapper;.createCredentialProtectedStorageContext ()Landroid/content/Context;
D/dalvikvm( 2089): VFY: replacing opcode 0x6f at 0x0002
I/dalvikvm( 2089): Could not find method android.content.ContextWrapper.createDeviceProtectedStorageContext, referenced from method mnu.createDeviceProtectedStorageContext
W/dalvikvm( 2089): VFY: unable to resolve virtual method 2509: Landroid/content/ContextWrapper;.createDeviceProtectedStorageContext ()Landroid/content/Context;
D/dalvikvm( 2089): VFY: replacing opcode 0x6f at 0x0002
E/ConfigFileUtils( 2089): Failed to read config file: /data/data/com.google.android.gms/app_chimera/current_fileapks.pb: open failed: ENOENT (No such file or directory)
I/ModuleSetMgr( 2089): Computing pending module set with APKs: []
I/ModuleSetMgr( 2089): Pending container module APKs: []
I/ModuleSetMgr( 2089): Pending non-container module APKs: []
D/dalvikvm( 2089): GC_FOR_ALLOC freed 368K, 15% free 3389K/3944K, paused 2ms, total 2ms
E/ConfigFileUtils( 2089): Failed to read config file: /data/data/com.google.android.gms/app_chimera/current_fileapks.pb: open failed: ENOENT (No such file or directory)
E/ChimeraCfgMgr( 2089): Failed to read module config: java.io.FileNotFoundException: /data/data/com.google.android.gms/app_chimera/current_config.fb: open failed: ENOENT (No such file or directory)
W/IntentOperation( 2089): Failed to get Chimera config:com.google.android.chimera.config.InvalidConfigException: java.io.FileNotFoundException: /data/data/com.google.android.gms/app_chimera/current_config.fb: open failed: ENOENT (No such file or directory)
D/dalvikvm( 2089): GC_FOR_ALLOC freed 57K, 15% free 3387K/3944K, paused 1ms, total 1ms
I/dalvikvm-heap( 2089): Grow heap (frag case) to 3.706MB for 228601-byte allocation
D/dalvikvm( 1777): GC_FOR_ALLOC freed 275K, 24% free 4305K/5656K, paused 2ms, total 2ms
D/dalvikvm( 2089): GC_FOR_ALLOC freed <1K, 14% free 3610K/4168K, paused 2ms, total 2ms
D/dalvikvm( 2089): GC_FOR_ALLOC freed 27K, 6% free 4092K/4308K, paused 3ms, total 3ms
D/dalvikvm( 1777): GC_FOR_ALLOC freed 363K, 22% free 4454K/5656K, paused 3ms, total 3ms
D/dalvikvm( 2089): GC_FOR_ALLOC freed 275K, 10% free 4330K/4792K, paused 3ms, total 3ms
D/dalvikvm( 1777): GC_FOR_ALLOC freed 587K, 23% free 4378K/5656K, paused 3ms, total 3ms
D/dalvikvm( 2089): GC_FOR_ALLOC freed 363K, 11% free 4479K/5028K, paused 4ms, total 4ms
D/dalvikvm( 2089): GC_FOR_ALLOC freed 587K, 15% free 4403K/5180K, paused 3ms, total 3ms
D/dalvikvm( 1777): GC_FOR_ALLOC freed 476K, 22% free 4414K/5656K, paused 2ms, total 2ms
D/dalvikvm( 2089): GC_FOR_ALLOC freed 476K, 15% free 4439K/5180K, paused 4ms, total 4ms
D/dalvikvm( 1777): GC_FOR_ALLOC freed 477K, 22% free 4448K/5656K, paused 3ms, total 3ms
D/dalvikvm( 2089): GC_FOR_ALLOC freed 477K, 14% free 4474K/5180K, paused 3ms, total 3ms
D/dalvikvm( 1777): GC_FOR_ALLOC freed 480K, 21% free 4480K/5656K, paused 3ms, total 3ms
D/dalvikvm( 2089): GC_FOR_ALLOC freed 356K, 14% free 4491K/5180K, paused 3ms, total 3ms
D/dalvikvm( 1777): GC_FOR_ALLOC freed 495K, 21% free 4496K/5656K, paused 2ms, total 2ms
D/dalvikvm( 2089): GC_FOR_ALLOC freed 352K, 14% free 4511K/5192K, paused 3ms, total 3ms
D/dalvikvm( 1777): GC_FOR_ALLOC freed 719K, 30% free 4012K/5656K, paused 3ms, total 3ms
I/dalvikvm-heap( 1777): Grow heap (frag case) to 4.363MB for 281612-byte allocation
D/dalvikvm( 1777): GC_FOR_ALLOC freed 0K, 28% free 4287K/5932K, paused 2ms, total 2ms
D/dalvikvm( 2089): GC_FOR_ALLOC freed 984K, 23% free 4038K/5212K, paused 3ms, total 3ms
I/dalvikvm-heap( 2089): Grow heap (frag case) to 4.392MB for 281612-byte allocation
D/dalvikvm( 2089): GC_FOR_ALLOC freed 0K, 22% free 4313K/5488K, paused 2ms, total 2ms
I/ChimeraCfgMgr( 2089): Updating module config: <no config> -> container:2024149000700
E/ConfigFileUtils( 2089): Failed to read config file: /data/data/com.google.android.gms/app_chimera/current_modules_init.pb: open failed: ENOENT (No such file or directory)
I/ChimeraCfgMgr( 1777): Updating module config: <no config> -> container:2024149000700
D/dalvikvm( 1777): DexOpt: couldn't find static field Landroid/os/Build;.SUPPORTED_64_BIT_ABIS
W/dalvikvm( 1777): VFY: unable to resolve static field 1539 (SUPPORTED_64_BIT_ABIS) in Landroid/os/Build;
D/dalvikvm( 1777): VFY: replacing opcode 0x62 at 0x0214
I/ChimeraCfgMgr( 2089): Sending com.google.android.chimera.IntentOperation.NEW_MODULE Intents: 1,true,true
D/dalvikvm( 1569): GC_FOR_ALLOC freed 964K, 52% free 7171K/14816K, paused 9ms, total 9ms
I/ChmraDebugLogger( 2089): [46] 
D/dalvikvm( 2089): DexOpt: couldn't find static field Landroid/os/Build;.SUPPORTED_64_BIT_ABIS
W/dalvikvm( 2089): VFY: unable to resolve static field 1539 (SUPPORTED_64_BIT_ABIS) in Landroid/os/Build;
D/dalvikvm( 2089): VFY: replacing opcode 0x62 at 0x0214
W/ProviderHelper( 2089): Unknown dynamite feature providerinstaller
W/ProviderHelper( 1777): Unknown dynamite feature providerinstaller
I/DynamiteModule( 1777): Considering local module providerinstaller:0 and remote module providerinstaller:0
W/ProviderInstaller( 1777): Failed to load providerinstaller module: No acceptable module found. Local version is 0 and remote version is 0.
I/dalvikvm( 1777): Could not find method android.content.ContextWrapper.createCredentialProtectedStorageContext, referenced from method nfr.createCredentialProtectedStorageContext
W/dalvikvm( 1777): VFY: unable to resolve virtual method 2508: Landroid/content/ContextWrapper;.createCredentialProtectedStorageContext ()Landroid/content/Context;
D/dalvikvm( 1777): VFY: replacing opcode 0x6f at 0x0002
I/dalvikvm( 1777): Could not find method android.content.ContextWrapper.createDeviceProtectedStorageContext, referenced from method nfr.createDeviceProtectedStorageContext
W/dalvikvm( 1777): VFY: unable to resolve virtual method 2509: Landroid/content/ContextWrapper;.createDeviceProtectedStorageContext ()Landroid/content/Context;
D/dalvikvm( 1777): VFY: replacing opcode 0x6f at 0x0002
I/DynamiteModule( 2089): Considering local module providerinstaller:0 and remote module providerinstaller:0
D/dalvikvm( 1777): DexOpt: couldn't find static field Landroid/os/Build;.SUPPORTED_64_BIT_ABIS
W/dalvikvm( 1777): VFY: unable to resolve static field 1539 (SUPPORTED_64_BIT_ABIS) in Landroid/os/Build;
D/dalvikvm( 1777): VFY: replacing opcode 0x62 at 0x0080
D/dalvikvm( 1777): DexOpt: couldn't find static field Landroid/os/Build;.SUPPORTED_ABIS
W/dalvikvm( 1777): VFY: unable to resolve static field 1540 (SUPPORTED_ABIS) in Landroid/os/Build;
D/dalvikvm( 1777): VFY: replacing opcode 0x62 at 0x00d3
W/ProviderInstaller( 2089): Failed to load providerinstaller module: No acceptable module found. Local version is 0 and remote version is 0.
I/dalvikvm( 2089): Could not find method android.content.ContextWrapper.createCredentialProtectedStorageContext, referenced from method nfr.createCredentialProtectedStorageContext
W/dalvikvm( 2089): VFY: unable to resolve virtual method 2508: Landroid/content/ContextWrapper;.createCredentialProtectedStorageContext ()Landroid/content/Context;
D/dalvikvm( 2089): VFY: replacing opcode 0x6f at 0x0002
I/dalvikvm( 2089): Could not find method android.content.ContextWrapper.createDeviceProtectedStorageContext, referenced from method nfr.createDeviceProtectedStorageContext
W/dalvikvm( 2089): VFY: unable to resolve virtual method 2509: Landroid/content/ContextWrapper;.createDeviceProtectedStorageContext ()Landroid/content/Context;
D/dalvikvm( 2089): VFY: replacing opcode 0x6f at 0x0002
D/dalvikvm( 2089): DexOpt: couldn't find static field Landroid/os/Build;.SUPPORTED_64_BIT_ABIS
W/dalvikvm( 2089): VFY: unable to resolve static field 1539 (SUPPORTED_64_BIT_ABIS) in Landroid/os/Build;
D/dalvikvm( 2089): VFY: replacing opcode 0x62 at 0x0080
D/dalvikvm( 2089): DexOpt: couldn't find static field Landroid/os/Build;.SUPPORTED_ABIS
W/dalvikvm( 2089): VFY: unable to resolve static field 1540 (SUPPORTED_ABIS) in Landroid/os/Build;
D/dalvikvm( 2089): VFY: replacing opcode 0x62 at 0x00d3
V/NativeCrypto( 2089): Registering com/google/android/gms/org/conscrypt/NativeCrypto's 286 native methods...
V/NativeCrypto( 1777): Registering com/google/android/gms/org/conscrypt/NativeCrypto's 286 native methods...
W/dalvikvm( 2089): Unable to resolve superclass of Lcom/google/android/gms/org/conscrypt/TrustManagerImpl; (5184)
W/dalvikvm( 2089): Link of class 'Lcom/google/android/gms/org/conscrypt/TrustManagerImpl;' failed
W/dalvikvm( 1777): Unable to resolve superclass of Lcom/google/android/gms/org/conscrypt/TrustManagerImpl; (5184)
W/dalvikvm( 1777): Link of class 'Lcom/google/android/gms/org/conscrypt/TrustManagerImpl;' failed
I/dalvikvm( 1777): Could not find method com.google.android.gms.org.conscrypt.TrustManagerImpl.getDefaultHostnameVerifier, referenced from method com.google.android.gms.org.conscrypt.Conscrypt.getDefaultHostnameVerifier
I/dalvikvm( 2089): Could not find method com.google.android.gms.org.conscrypt.TrustManagerImpl.getDefaultHostnameVerifier, referenced from method com.google.android.gms.org.conscrypt.Conscrypt.getDefaultHostnameVerifier
W/dalvikvm( 2089): VFY: unable to resolve static method 17870: Lcom/google/android/gms/org/conscrypt/TrustManagerImpl;.getDefaultHostnameVerifier ()Lcom/google/android/gms/org/conscrypt/ConscryptHostnameVerifier;
W/dalvikvm( 1777): VFY: unable to resolve static method 17870: Lcom/google/android/gms/org/conscrypt/TrustManagerImpl;.getDefaultHostnameVerifier ()Lcom/google/android/gms/org/conscrypt/ConscryptHostnameVerifier;
D/dalvikvm( 1777): VFY: replacing opcode 0x71 at 0x0003
D/dalvikvm( 2089): VFY: replacing opcode 0x71 at 0x0003
W/dalvikvm( 1777): Unable to resolve superclass of Lcom/google/android/gms/org/conscrypt/TrustManagerImpl; (5184)
W/dalvikvm( 1777): Link of class 'Lcom/google/android/gms/org/conscrypt/TrustManagerImpl;' failed
W/dalvikvm( 1777): VFY: unable to find class referenced in signature (Lcom/google/android/gms/org/conscrypt/TrustManagerImpl;)
W/dalvikvm( 1777): Unable to resolve superclass of Lcom/google/android/gms/org/conscrypt/TrustManagerImpl; (5184)
W/dalvikvm( 1777): Link of class 'Lcom/google/android/gms/org/conscrypt/TrustManagerImpl;' failed
I/dalvikvm( 1777): Could not find method com.google.android.gms.org.conscrypt.TrustManagerImpl.getHostnameVerifier, referenced from method com.google.android.gms.org.conscrypt.Conscrypt.getHostnameVerifier
W/dalvikvm( 1777): VFY: unable to resolve virtual method 17872: Lcom/google/android/gms/org/conscrypt/TrustManagerImpl;.getHostnameVerifier ()Lcom/google/android/gms/org/conscrypt/ConscryptHostnameVerifier;
D/dalvikvm( 1777): VFY: replacing opcode 0x6e at 0x0004
W/dalvikvm( 1777): Unable to resolve superclass of Lcom/google/android/gms/org/conscrypt/TrustManagerImpl; (5184)
W/dalvikvm( 1777): Link of class 'Lcom/google/android/gms/org/conscrypt/TrustManagerImpl;' failed
E/dalvikvm( 1777): Could not find class 'com.google.android.gms.org.conscrypt.TrustManagerImpl', referenced from method com.google.android.gms.org.conscrypt.Conscrypt.isConscrypt
W/dalvikvm( 1777): VFY: unable to resolve instanceof 4452 (Lcom/google/android/gms/org/conscrypt/TrustManagerImpl;) in Lcom/google/android/gms/org/conscrypt/Conscrypt;
D/dalvikvm( 1777): VFY: replacing opcode 0x20 at 0x0000
W/dalvikvm( 1777): Unable to resolve superclass of Lcom/google/android/gms/org/conscrypt/TrustManagerImpl; (5184)
W/dalvikvm( 1777): Link of class 'Lcom/google/android/gms/org/conscrypt/TrustManagerImpl;' failed
I/dalvikvm( 1777): Could not find method com.google.android.gms.org.conscrypt.TrustManagerImpl.setDefaultHostnameVerifier, referenced from method com.google.android.gms.org.conscrypt.Conscrypt.setDefaultHostnameVerifier
W/dalvikvm( 1777): VFY: unable to resolve static method 17882: Lcom/google/android/gms/org/conscrypt/TrustManagerImpl;.setDefaultHostnameVerifier (Lcom/google/android/gms/org/conscrypt/ConscryptHostnameVerifier;)V
D/dalvikvm( 1777): VFY: replacing opcode 0x71 at 0x0003
W/dalvikvm( 1777): Unable to resolve superclass of Lcom/google/android/gms/org/conscrypt/TrustManagerImpl; (5184)
W/dalvikvm( 1777): Link of class 'Lcom/google/android/gms/org/conscrypt/TrustManagerImpl;' failed
W/dalvikvm( 1777): VFY: unable to find class referenced in signature (Lcom/google/android/gms/org/conscrypt/TrustManagerImpl;)
W/dalvikvm( 1777): Unable to resolve superclass of Lcom/google/android/gms/org/conscrypt/TrustManagerImpl; (5184)
W/dalvikvm( 1777): Link of class 'Lcom/google/android/gms/org/conscrypt/TrustManagerImpl;' failed
I/dalvikvm( 1777): Could not find method com.google.android.gms.org.conscrypt.TrustManagerImpl.setHostnameVerifier, referenced from method com.google.android.gms.org.conscrypt.Conscrypt.setHostnameVerifier
W/dalvikvm( 1777): VFY: unable to resolve virtual method 17883: Lcom/google/android/gms/org/conscrypt/TrustManagerImpl;.setHostnameVerifier (Lcom/google/android/gms/org/conscrypt/ConscryptHostnameVerifier;)V
D/dalvikvm( 1777): VFY: replacing opcode 0x6e at 0x0004
D/dalvikvm( 2089): GC_FOR_ALLOC freed 1273K, 36% free 3549K/5488K, paused 2ms, total 2ms
W/dalvikvm( 2089): Unable to resolve superclass of Lcom/google/android/gms/org/conscrypt/TrustManagerImpl; (5184)
W/dalvikvm( 2089): Link of class 'Lcom/google/android/gms/org/conscrypt/TrustManagerImpl;' failed
W/dalvikvm( 2089): VFY: unable to find class referenced in signature (Lcom/google/android/gms/org/conscrypt/TrustManagerImpl;)
W/dalvikvm( 2089): Unable to resolve superclass of Lcom/google/android/gms/org/conscrypt/TrustManagerImpl; (5184)
W/dalvikvm( 2089): Link of class 'Lcom/google/android/gms/org/conscrypt/TrustManagerImpl;' failed
I/dalvikvm( 2089): Could not find method com.google.android.gms.org.conscrypt.TrustManagerImpl.getHostnameVerifier, referenced from method com.google.android.gms.org.conscrypt.Conscrypt.getHostnameVerifier
W/dalvikvm( 2089): VFY: unable to resolve virtual method 17872: Lcom/google/android/gms/org/conscrypt/TrustManagerImpl;.getHostnameVerifier ()Lcom/google/android/gms/org/conscrypt/ConscryptHostnameVerifier;
D/dalvikvm( 2089): VFY: replacing opcode 0x6e at 0x0004
W/dalvikvm( 2089): Unable to resolve superclass of Lcom/google/android/gms/org/conscrypt/TrustManagerImpl; (5184)
W/dalvikvm( 2089): Link of class 'Lcom/google/android/gms/org/conscrypt/TrustManagerImpl;' failed
E/dalvikvm( 2089): Could not find class 'com.google.android.gms.org.conscrypt.TrustManagerImpl', referenced from method com.google.android.gms.org.conscrypt.Conscrypt.isConscrypt
W/dalvikvm( 2089): VFY: unable to resolve instanceof 4452 (Lcom/google/android/gms/org/conscrypt/TrustManagerImpl;) in Lcom/google/android/gms/org/conscrypt/Conscrypt;
D/dalvikvm( 2089): VFY: replacing opcode 0x20 at 0x0000
W/dalvikvm( 2089): Unable to resolve superclass of Lcom/google/android/gms/org/conscrypt/TrustManagerImpl; (5184)
W/dalvikvm( 2089): Link of class 'Lcom/google/android/gms/org/conscrypt/TrustManagerImpl;' failed
I/dalvikvm( 2089): Could not find method com.google.android.gms.org.conscrypt.TrustManagerImpl.setDefaultHostnameVerifier, referenced from method com.google.android.gms.org.conscrypt.Conscrypt.setDefaultHostnameVerifier
W/dalvikvm( 2089): VFY: unable to resolve static method 17882: Lcom/google/android/gms/org/conscrypt/TrustManagerImpl;.setDefaultHostnameVerifier (Lcom/google/android/gms/org/conscrypt/ConscryptHostnameVerifier;)V
D/dalvikvm( 2089): VFY: replacing opcode 0x71 at 0x0003
W/dalvikvm( 2089): Unable to resolve superclass of Lcom/google/android/gms/org/conscrypt/TrustManagerImpl; (5184)
W/dalvikvm( 2089): Link of class 'Lcom/google/android/gms/org/conscrypt/TrustManagerImpl;' failed
W/dalvikvm( 2089): VFY: unable to find class referenced in signature (Lcom/google/android/gms/org/conscrypt/TrustManagerImpl;)
W/dalvikvm( 2089): Unable to resolve superclass of Lcom/google/android/gms/org/conscrypt/TrustManagerImpl; (5184)
W/dalvikvm( 2089): Link of class 'Lcom/google/android/gms/org/conscrypt/TrustManagerImpl;' failed
I/dalvikvm( 2089): Could not find method com.google.android.gms.org.conscrypt.TrustManagerImpl.setHostnameVerifier, referenced from method com.google.android.gms.org.conscrypt.Conscrypt.setHostnameVerifier
W/dalvikvm( 2089): VFY: unable to resolve virtual method 17883: Lcom/google/android/gms/org/conscrypt/TrustManagerImpl;.setHostnameVerifier (Lcom/google/android/gms/org/conscrypt/ConscryptHostnameVerifier;)V
D/dalvikvm( 2089): VFY: replacing opcode 0x6e at 0x0004
W/dalvikvm( 2089): Unable to resolve superclass of Lcom/google/android/gms/org/conscrypt/TrustManagerImpl; (5184)
W/dalvikvm( 2089): Link of class 'Lcom/google/android/gms/org/conscrypt/TrustManagerImpl;' failed
E/dalvikvm( 2089): Could not find class 'com.google.android.gms.org.conscrypt.TrustManagerImpl', referenced from method com.google.android.gms.org.conscrypt.Conscrypt.toConscrypt
W/dalvikvm( 2089): VFY: unable to resolve check-cast 4452 (Lcom/google/android/gms/org/conscrypt/TrustManagerImpl;) in Lcom/google/android/gms/org/conscrypt/Conscrypt;
D/dalvikvm( 2089): VFY: replacing opcode 0x1f at 0x002a
D/dalvikvm( 1777): GC_FOR_ALLOC freed 1394K, 43% free 3404K/5932K, paused 2ms, total 2ms
W/dalvikvm( 1777): Unable to resolve superclass of Lcom/google/android/gms/org/conscrypt/TrustManagerImpl; (5184)
W/dalvikvm( 1777): Link of class 'Lcom/google/android/gms/org/conscrypt/TrustManagerImpl;' failed
E/dalvikvm( 1777): Could not find class 'com.google.android.gms.org.conscrypt.TrustManagerImpl', referenced from method com.google.android.gms.org.conscrypt.Conscrypt.toConscrypt
W/dalvikvm( 1777): VFY: unable to resolve check-cast 4452 (Lcom/google/android/gms/org/conscrypt/TrustManagerImpl;) in Lcom/google/android/gms/org/conscrypt/Conscrypt;
D/dalvikvm( 1777): VFY: replacing opcode 0x1f at 0x002a
D/dalvikvm( 2089): GC_FOR_ALLOC freed 384K, 33% free 3677K/5488K, paused 1ms, total 1ms
D/dalvikvm( 2089): GC_FOR_ALLOC freed 141K, 27% free 4047K/5488K, paused 2ms, total 2ms
D/dalvikvm( 1777): GC_FOR_ALLOC freed 173K, 37% free 3742K/5932K, paused 2ms, total 2ms
D/dalvikvm( 2089): GC_FOR_ALLOC freed 139K, 20% free 4420K/5488K, paused 2ms, total 2ms
D/dalvikvm( 1777): GC_FOR_ALLOC freed 143K, 31% free 4111K/5932K, paused 3ms, total 3ms
D/dalvikvm( 2089): GC_FOR_ALLOC freed 129K, 13% free 4789K/5488K, paused 3ms, total 3ms
E/dalvikvm( 2089): Could not find class 'javax.net.ssl.SNIServerName', referenced from method com.google.android.gms.org.conscrypt.Platform.getSniHostnameFromParams
W/dalvikvm( 2089): VFY: unable to resolve check-cast 5160 (Ljavax/net/ssl/SNIServerName;) in Lcom/google/android/gms/org/conscrypt/Platform;
D/dalvikvm( 2089): VFY: replacing opcode 0x1f at 0x0025
E/dalvikvm( 2089): Could not find class 'javax.net.ssl.SNIHostName', referenced from method com.google.android.gms.org.conscrypt.Platform.setParametersSniHostname
W/dalvikvm( 2089): VFY: unable to resolve new-instance 5159 (Ljavax/net/ssl/SNIHostName;) in Lcom/google/android/gms/org/conscrypt/Platform;
D/dalvikvm( 2089): VFY: replacing opcode 0x22 at 0x0024
E/dalvikvm( 2089): Could not find class 'javax.net.ssl.SNIHostName', referenced from method com.google.android.gms.org.conscrypt.Platform.setParametersSniHostname
W/dalvikvm( 2089): VFY: unable to resolve new-instance 5159 (Ljavax/net/ssl/SNIHostName;) in Lcom/google/android/gms/org/conscrypt/Platform;
D/dalvikvm( 2089): VFY: replacing opcode 0x22 at 0x0024
D/dalvikvm( 2089): GC_FOR_ALLOC freed 231K, 10% free 5073K/5576K, paused 3ms, total 3ms
D/dalvikvm( 2089): DexOpt: unable to opt direct call 0x52f9 at 0x2a in Lcom/google/android/gms/org/conscrypt/Platform;.setParametersSniHostname
D/dalvikvm( 2089): DexOpt: unable to opt direct call 0x52f9 at 0x2a in Lcom/google/android/gms/org/conscrypt/Platform;.setParametersSniHostname
D/dalvikvm( 1777): GC_FOR_ALLOC freed 133K, 25% free 4490K/5932K, paused 6ms, total 6ms
I/ProviderInstaller( 2089): Installed default security provider GmsCore_OpenSSL
D/dalvikvm( 1777): GC_FOR_ALLOC freed 147K, 19% free 4854K/5932K, paused 2ms, total 2ms
I/Safeboot( 2089): Checking safeboot...
I/Safeboot( 2089): Not entering safeboot; wrong process.
E/dalvikvm( 1777): Could not find class 'javax.net.ssl.SNIServerName', referenced from method com.google.android.gms.org.conscrypt.Platform.getSniHostnameFromParams
W/dalvikvm( 1777): VFY: unable to resolve check-cast 5160 (Ljavax/net/ssl/SNIServerName;) in Lcom/google/android/gms/org/conscrypt/Platform;
D/dalvikvm( 1777): VFY: replacing opcode 0x1f at 0x0025
E/dalvikvm( 1777): Could not find class 'javax.net.ssl.SNIHostName', referenced from method com.google.android.gms.org.conscrypt.Platform.setParametersSniHostname
W/dalvikvm( 1777): VFY: unable to resolve new-instance 5159 (Ljavax/net/ssl/SNIHostName;) in Lcom/google/android/gms/org/conscrypt/Platform;
D/dalvikvm( 1777): VFY: replacing opcode 0x22 at 0x0024
E/dalvikvm( 1777): Could not find class 'javax.net.ssl.SNIHostName', referenced from method com.google.android.gms.org.conscrypt.Platform.setParametersSniHostname
W/dalvikvm( 1777): VFY: unable to resolve new-instance 5159 (Ljavax/net/ssl/SNIHostName;) in Lcom/google/android/gms/org/conscrypt/Platform;
D/dalvikvm( 1777): VFY: replacing opcode 0x22 at 0x0024
D/dalvikvm( 1777): DexOpt: unable to opt direct call 0x52f9 at 0x2a in Lcom/google/android/gms/org/conscrypt/Platform;.setParametersSniHostname
D/dalvikvm( 1777): DexOpt: unable to opt direct call 0x52f9 at 0x2a in Lcom/google/android/gms/org/conscrypt/Platform;.setParametersSniHostname
D/dalvikvm( 2089): GC_FOR_ALLOC freed 433K, 12% free 5285K/5956K, paused 4ms, total 4ms
E/dalvikvm( 2089): Could not find class 'com.google.common.flogger.backend.google.GooglePlatform', referenced from method beui.a
W/dalvikvm( 2089): VFY: unable to resolve const-class 4605 (Lcom/google/common/flogger/backend/google/GooglePlatform;) in Lbeui;
D/dalvikvm( 2089): VFY: replacing opcode 0x1c at 0x001b
D/dalvikvm( 1799): GC_EXPLICIT freed 457K, 17% free 3193K/3836K, paused 0ms+0ms, total 4ms
D/dalvikvm( 1777): GC_FOR_ALLOC freed 426K, 15% free 5050K/5932K, paused 2ms, total 2ms
I/ProviderInstaller( 1777): Installed default security provider GmsCore_OpenSSL
I/Safeboot( 1777): Checking safeboot...
I/auxu    ( 2089): Primes not initialized, returning default (no-op) Primes instance which will ignore all calls. Please call Primes.initialize(...) before using any Primes API.
I/Safeboot Condition( 1777): No need to enter Safeboot.
E/dalvikvm( 1777): Could not find class 'com.google.common.flogger.backend.google.GooglePlatform', referenced from method beui.a
W/dalvikvm( 1777): VFY: unable to resolve const-class 4605 (Lcom/google/common/flogger/backend/google/GooglePlatform;) in Lbeui;
D/dalvikvm( 1777): VFY: replacing opcode 0x1c at 0x001b
D/dalvikvm( 2089): GC_FOR_ALLOC freed 303K, 9% free 5692K/6240K, paused 4ms, total 4ms
D/dalvikvm( 1569): GC_FOR_ALLOC freed 1003K, 52% free 7217K/14816K, paused 14ms, total 15ms
I/DeviceDrDatabaseHelper( 1777): Creating databases!
D/dalvikvm( 2089): GC_FOR_ALLOC freed 230K, 8% free 6249K/6780K, paused 6ms, total 6ms
I/auxu    ( 1777): Primes not initialized, returning default (no-op) Primes instance which will ignore all calls. Please call Primes.initialize(...) before using any Primes API.
I/dalvikvm( 1777): Could not find method android.content.Context.bindService, referenced from method uws.bindService
W/dalvikvm( 1777): VFY: unable to resolve virtual method 2453: Landroid/content/Context;.bindService (Landroid/content/Intent;ILjava/util/concurrent/Executor;Landroid/content/ServiceConnection;)Z
D/dalvikvm( 1777): VFY: replacing opcode 0x6e at 0x0018
I/dalvikvm( 1777): Could not find method android.content.Context.bindService, referenced from method uws.bindService
W/dalvikvm( 1777): VFY: unable to resolve virtual method 2453: Landroid/content/Context;.bindService (Landroid/content/Intent;ILjava/util/concurrent/Executor;Landroid/content/ServiceConnection;)Z
D/dalvikvm( 1777): VFY: replacing opcode 0x6e at 0x0030
I/dalvikvm( 1777): Could not find method android.content.Context.startForegroundService, referenced from method uws.startForegroundService
W/dalvikvm( 1777): VFY: unable to resolve virtual method 2501: Landroid/content/Context;.startForegroundService (Landroid/content/Intent;)Landroid/content/ComponentName;
D/dalvikvm( 1777): VFY: replacing opcode 0x6e at 0x001c
I/dalvikvm( 1777): Could not find method android.content.Context.startForegroundService, referenced from method uws.startForegroundService
W/dalvikvm( 1777): VFY: unable to resolve virtual method 2501: Landroid/content/Context;.startForegroundService (Landroid/content/Intent;)Landroid/content/ComponentName;
D/dalvikvm( 1777): VFY: replacing opcode 0x6e at 0x0028
I/dalvikvm( 1777): Could not find method android.os.PowerManager.isPowerSaveMode, referenced from method uwl.a
W/dalvikvm( 1777): VFY: unable to resolve virtual method 3047: Landroid/os/PowerManager;.isPowerSaveMode ()Z
D/dalvikvm( 1777): VFY: replacing opcode 0x6e at 0x0010
D/dalvikvm( 1777): GC_FOR_ALLOC freed 408K, 11% free 5327K/5932K, paused 5ms, total 5ms
I/dalvikvm( 2089): Could not find method android.content.Context.bindService, referenced from method uws.bindService
W/dalvikvm( 2089): VFY: unable to resolve virtual method 2453: Landroid/content/Context;.bindService (Landroid/content/Intent;ILjava/util/concurrent/Executor;Landroid/content/ServiceConnection;)Z
D/dalvikvm( 2089): VFY: replacing opcode 0x6e at 0x0018
I/dalvikvm( 2089): Could not find method android.content.Context.bindService, referenced from method uws.bindService
W/dalvikvm( 2089): VFY: unable to resolve virtual method 2453: Landroid/content/Context;.bindService (Landroid/content/Intent;ILjava/util/concurrent/Executor;Landroid/content/ServiceConnection;)Z
D/dalvikvm( 2089): VFY: replacing opcode 0x6e at 0x0030
I/dalvikvm( 2089): Could not find method android.content.Context.startForegroundService, referenced from method uws.startForegroundService
W/dalvikvm( 2089): VFY: unable to resolve virtual method 2501: Landroid/content/Context;.startForegroundService (Landroid/content/Intent;)Landroid/content/ComponentName;
D/dalvikvm( 2089): VFY: replacing opcode 0x6e at 0x001c
I/dalvikvm( 2089): Could not find method android.content.Context.startForegroundService, referenced from method uws.startForegroundService
W/dalvikvm( 2089): VFY: unable to resolve virtual method 2501: Landroid/content/Context;.startForegroundService (Landroid/content/Intent;)Landroid/content/ComponentName;
D/dalvikvm( 2089): VFY: replacing opcode 0x6e at 0x0028
I/dalvikvm( 2089): Could not find method android.os.PowerManager.isPowerSaveMode, referenced from method uwl.a
W/dalvikvm( 2089): VFY: unable to resolve virtual method 3047: Landroid/os/PowerManager;.isPowerSaveMode ()Z
D/dalvikvm( 2089): VFY: replacing opcode 0x6e at 0x0010
I/dalvikvm( 1777): Could not find method android.os.PowerManager.isPowerSaveMode, referenced from method ayli.c
W/dalvikvm( 1777): VFY: unable to resolve virtual method 1679: Landroid/os/PowerManager;.isPowerSaveMode ()Z
D/dalvikvm( 1777): VFY: replacing opcode 0x6e at 0x000a
E/dalvikvm( 1777): Could not find class 'android.content.RestrictionsManager', referenced from method axpy.a
W/dalvikvm( 1777): VFY: unable to resolve check-cast 215 (Landroid/content/RestrictionsManager;) in Laxpy;
D/dalvikvm( 1777): VFY: replacing opcode 0x1f at 0x009b
D/dalvikvm( 2089): GC_FOR_ALLOC freed 284K, 9% free 6916K/7524K, paused 6ms, total 6ms
D/dalvikvm( 1799): GC_FOR_ALLOC freed 510K, 20% free 3195K/3956K, paused 2ms, total 2ms
D/dalvikvm( 1569): GC_FOR_ALLOC freed 1056K, 52% free 7221K/14816K, paused 9ms, total 9ms
I/NativeLibraryUtils( 2089): Extraction to /data/data/com.google.android.gms/app_extracted_libs/x86/libAppDataSearch.so true
D/dalvikvm( 1777): GC_FOR_ALLOC freed 605K, 14% free 5472K/6292K, paused 4ms, total 4ms
D/dalvikvm( 1569): GC_FOR_ALLOC freed 1061K, 52% free 7221K/14816K, paused 8ms, total 8ms
I/NativeLibraryUtils( 2089): Extraction to /data/data/com.google.android.gms/app_extracted_libs/x86/libWhisper.so true
E/SQLiteLog( 1777): (1) no such table: Packages
I/NativeLibraryUtils( 2089): Extraction to /data/data/com.google.android.gms/app_extracted_libs/x86/libconscrypt_gmscore_jni.so true
D/dalvikvm( 1569): GC_FOR_ALLOC freed 1061K, 52% free 7221K/14816K, paused 10ms, total 10ms
I/NativeLibraryUtils( 2089): Extraction to /data/data/com.google.android.gms/app_extracted_libs/x86/libgcastv2_base.so true
I/NativeLibraryUtils( 2089): Extraction to /data/data/com.google.android.gms/app_extracted_libs/x86/libgcastv2_support.so true
I/NativeLibraryUtils( 2089): Extraction to /data/data/com.google.android.gms/app_extracted_libs/x86/libgmscore.so true
E/ConfigFileUtils( 2089): Failed to read config file: /data/data/com.google.android.gms/app_chimera/current_fileapks.pb: open failed: ENOENT (No such file or directory)
I/GmsModuleFndr( 2089): Beginning GMS chimera module scan
I/NativeLibraryUtils( 2089): Extraction to /data/data/com.google.android.gms/app_extracted_libs/x86/libgoogle-ocrclient-v3.so true
D/dalvikvm( 1777): GC_FOR_ALLOC freed 828K, 16% free 5458K/6484K, paused 5ms, total 5ms
I/dalvikvm( 1777): Could not find method android.content.ServiceConnection.onNullBinding, referenced from method uxb.onNullBinding
W/dalvikvm( 1777): VFY: unable to resolve interface method 2566: Landroid/content/ServiceConnection;.onNullBinding (Landroid/content/ComponentName;)V
E/ConfigFileUtils( 2089): Failed to read config file: /data/data/com.google.android.gms/app_chimera/current_fileapks.pb: open failed: ENOENT (No such file or directory)
I/ModuleSetMgr( 2089): Computing pending module set with APKs: []
I/ModuleSetMgr( 2089): Pending container module APKs: []
I/ModuleSetMgr( 2089): Pending non-container module APKs: []
E/ConfigFileUtils( 2089): Failed to read config file: /data/data/com.google.android.gms/app_chimera/current_fileapks.pb: open failed: ENOENT (No such file or directory)
D/dalvikvm( 1777): VFY: replacing opcode 0x72 at 0x000f
I/NativeLibraryUtils( 2089): Extraction to /data/data/com.google.android.gms/app_extracted_libs/x86/libinertial-anchor-jni.so true
E/ConfigFileUtils( 2089): Failed to read config file: /data/data/com.google.android.gms/app_chimera/current_fileapks.pb: open failed: ENOENT (No such file or directory)
I/GmsModuleFndr( 2089): Beginning GMS chimera module scan
D/dalvikvm( 1569): GC_FOR_ALLOC freed 944K, 51% free 7338K/14816K, paused 8ms, total 8ms
I/NativeLibraryUtils( 2089): Extraction to /data/data/com.google.android.gms/app_extracted_libs/x86/libjgcastservice.so true
E/ConfigFileUtils( 2089): Failed to read config file: /data/data/com.google.android.gms/app_chimera/current_fileapks.pb: open failed: ENOENT (No such file or directory)
I/ModuleSetMgr( 2089): Computing pending module set with APKs: []
I/ModuleSetMgr( 2089): Pending container module APKs: []
I/ModuleSetMgr( 2089): Pending non-container module APKs: []
E/ConfigFileUtils( 2089): Failed to read config file: /data/data/com.google.android.gms/app_chimera/current_fileapks.pb: open failed: ENOENT (No such file or directory)
E/ConfigFileUtils( 2089): Failed to read config file: /data/data/com.google.android.gms/app_chimera/current_fileapks.pb: open failed: ENOENT (No such file or directory)
I/GmsModuleFndr( 2089): Beginning GMS chimera module scan
E/ConfigFileUtils( 2089): Failed to read config file: /data/data/com.google.android.gms/app_chimera/current_fileapks.pb: open failed: ENOENT (No such file or directory)
I/ModuleSetMgr( 2089): Computing pending module set with APKs: []
D/dalvikvm( 1777): GC_FOR_ALLOC freed 677K, 14% free 5601K/6484K, paused 5ms, total 5ms
D/dalvikvm( 2089): GC_FOR_ALLOC freed 1092K, 17% free 7047K/8412K, paused 13ms, total 13ms
I/dalvikvm( 2089): Could not find method android.accounts.AccountManager.removeAccount, referenced from method ymq.c
W/dalvikvm( 2089): VFY: unable to resolve virtual method 4165: Landroid/accounts/AccountManager;.removeAccount (Landroid/accounts/Account;Landroid/app/Activity;Landroid/accounts/AccountManagerCallback;Landroid/os/Handler;)Landroid/accounts/AccountManagerFuture;
D/dalvikvm( 2089): VFY: replacing opcode 0x6e at 0x0009
I/dalvikvm( 2089): Could not find method android.accounts.AccountManager.removeAccountExplicitly, referenced from method ymq.d
W/dalvikvm( 2089): VFY: unable to resolve virtual method 4166: Landroid/accounts/AccountManager;.removeAccountExplicitly (Landroid/accounts/Account;)Z
D/dalvikvm( 2089): VFY: replacing opcode 0x6e at 0x0008
I/ModuleSetMgr( 2089): Pending container module APKs: []
I/ModuleSetMgr( 2089): Pending non-container module APKs: []
E/ConfigFileUtils( 2089): Failed to read config file: /data/data/com.google.android.gms/app_chimera/current_fileapks.pb: open failed: ENOENT (No such file or directory)
E/StrictMode( 2089): A resource was acquired at attached stack trace but never released. See java.io.Closeable for information on avoiding resource leaks.
E/StrictMode( 2089): java.lang.Throwable: Explicit termination method 'end' not called
E/StrictMode( 2089): 	at dalvik.system.CloseGuard.open(CloseGuard.java:184)
E/StrictMode( 2089): 	at java.util.zip.Inflater.<init>(Inflater.java:82)
E/StrictMode( 2089): 	at java.util.zip.ZipFile.getInputStream(ZipFile.java:310)
E/StrictMode( 2089): 	at npp.d(:com.google.android.gms@202414005@20.24.14 (000700-319035315):36)
E/StrictMode( 2089): 	at mob.run(:com.google.android.gms@202414005@20.24.14 (000700-319035315):0)
D/dalvikvm( 1569): GC_FOR_ALLOC freed 1068K, 51% free 7361K/14816K, paused 21ms, total 21ms
W/ModuleManager( 1777): Unable to get current module's fulfilled APIs in ModuleManager created with non-module Context
I/dalvikvm( 1777): Could not find method android.system.Os.statvfs, referenced from method mbx.a
W/dalvikvm( 1777): VFY: unable to resolve static method 5777: Landroid/system/Os;.statvfs (Ljava/lang/String;)Landroid/system/StructStatVfs;
D/dalvikvm( 1777): VFY: replacing opcode 0x71 at 0x0029
I/dalvikvm( 1777): DexOpt: unable to optimize instance field ref 0x076d at 0x2d in Lmbx;.a
D/dalvikvm( 1569): GC_FOR_ALLOC freed 1166K, 51% free 7292K/14816K, paused 12ms, total 12ms
I/NativeLibraryUtils( 2089): Extraction to /data/data/com.google.android.gms/app_extracted_libs/x86/libjingle_peerconnection_so.so true
I/dalvikvm( 2089): Could not find method android.app.Activity.getMediaController, referenced from method com.google.android.chimera.ActivityBase.getMediaController
W/dalvikvm( 2089): VFY: unable to resolve virtual method 2155: Landroid/app/Activity;.getMediaController ()Landroid/media/session/MediaController;
D/dalvikvm( 2089): VFY: replacing opcode 0x6e at 0x0002
I/dalvikvm( 2089): Could not find method android.app.Activity.getSearchEvent, referenced from method com.google.android.chimera.ActivityBase.getSearchEvent
W/dalvikvm( 2089): VFY: unable to resolve virtual method 2160: Landroid/app/Activity;.getSearchEvent ()Landroid/view/SearchEvent;
D/dalvikvm( 2089): VFY: replacing opcode 0x6e at 0x0002
W/dalvikvm( 2089): VFY: unable to find class referenced in signature (Landroid/app/VoiceInteractor;)
W/dalvikvm( 2089): VFY: unable to find class referenced in signature (Landroid/app/VoiceInteractor;)
W/dalvikvm( 2089): VFY: unable to find class referenced in signature (Landroid/os/PersistableBundle;)
W/dalvikvm( 2089): VFY: unable to find class referenced in signature (Landroid/os/PersistableBundle;)
W/dalvikvm( 2089): VFY: unable to find class referenced in signature (Landroid/os/PersistableBundle;)
W/dalvikvm( 2089): VFY: unable to find class referenced in signature (Landroid/os/PersistableBundle;)
I/NearbyDiscovery( 1777): DiscoveryService created [CONTEXT service_id=49 ]
I/NativeLibraryUtils( 2089): Extraction to /data/data/com.google.android.gms/app_extracted_libs/x86/libleveldbjni.so true
E/BluetoothAdapter( 1834): Bluetooth binder is null
W/dalvikvm( 2089): VFY: unable to find class referenced in signature (Landroid/app/assist/AssistContent;)
W/dalvikvm( 2089): VFY: unable to find class referenced in signature (Landroid/app/assist/AssistContent;)
W/dalvikvm( 2089): VFY: unable to find class referenced in signature (Landroid/os/PersistableBundle;)
W/dalvikvm( 2089): VFY: unable to find class referenced in signature (Landroid/os/PersistableBundle;)
D/dalvikvm( 1777): GC_EXPLICIT freed 638K, 13% free 5659K/6488K, paused 0ms+1ms, total 52ms
W/dalvikvm( 2089): VFY: unable to find class referenced in signature (Landroid/os/PersistableBundle;)
W/dalvikvm( 2089): VFY: unable to find class referenced in signature (Landroid/os/PersistableBundle;)
W/dalvikvm( 2089): VFY: unable to find class referenced in signature (Landroid/view/SearchEvent;)
W/dalvikvm( 2089): VFY: unable to find class referenced in signature (Landroid/view/SearchEvent;)
I/dalvikvm( 2089): Could not find method android.app.Activity.requestPermissions, referenced from method com.google.android.chimera.ActivityBase.requestPermissions
W/dalvikvm( 2089): VFY: unable to resolve virtual method 2194: Landroid/app/Activity;.requestPermissions ([Ljava/lang/String;I)V
D/dalvikvm( 2089): VFY: replacing opcode 0x6e at 0x0002
D/dalvikvm( 1145): GC_EXPLICIT freed 39K, 8% free 2993K/3220K, paused 0ms+1ms, total 3ms
D/dalvikvm( 1145): GC_EXPLICIT freed <1K, 8% free 2993K/3220K, paused 0ms+0ms, total 4ms
I/ActivityManager( 1569): Start proc com.android.music for broadcast com.android.music/.MediaButtonIntentReceiver: pid=2148 uid=10036 gids={50036, 3003, 1028, 1015}
D/dalvikvm( 2089): GC_FOR_ALLOC freed 1231K, 18% free 7113K/8588K, paused 17ms, total 17ms
W/dalvikvm( 2089): VFY: unable to find class referenced in signature (Landroid/media/session/MediaController;)
I/NativeLibraryUtils( 2089): Extraction to /data/data/com.google.android.gms/app_extracted_libs/x86/libmatching.so true
I/dalvikvm( 2089): Could not find method android.app.Activity.setMediaController, referenced from method com.google.android.chimera.ActivityBase.setMediaController
W/dalvikvm( 2089): VFY: unable to resolve virtual method 2205: Landroid/app/Activity;.setMediaController (Landroid/media/session/MediaController;)V
D/dalvikvm( 2089): VFY: replacing opcode 0x6e at 0x0002
