I/Auth    ( 1776): [AuthManaged,PasswordComplexityHelperImpl] Disabling com.google.android.gms.auth.managed.admin.DeviceAdminReceiver
I/Auth    ( 1776): [AuthManaged,PasswordComplexityHelperImpl] Disabling com.google.android.gms.auth.managed.ui.SetNewPasswordActivity
I/PTCommittedOperation( 1776): Receive new configuration for com.google.android.gms.platformconfigurator
I/ChromeSync( 2088): [Sync,SyncIntentOperation] Handling the intent: Intent { act=com.google.android.gms.phenotype.COMMITTED flg=0x10 pkg=com.google.android.gms cmp=com.google.android.gms/.chimera.GmsIntentOperationService (has extras) }.
I/MdiSyncModule( 2088): flag handling is skipping irrelevant intent.
I/PTCommittedOperation( 1776): Receive new configuration for com.google.android.gms.accountsettings
W/ModuleInitIntentOp( 2088): Dropping unexpected action com.google.android.gms.phenotype.COMMITTED
D/dalvikvm( 1776): GC_FOR_ALLOC freed 1957K, 26% free 9465K/12624K, paused 10ms, total 10ms
I/Auth    ( 1776): [AuthManaged,PasswordComplexityHelperImpl] Updating password complexity components state.
I/Auth    ( 1776): [AuthManaged,PasswordComplexityHelperImpl] Disabling com.google.android.gms.auth.managed.admin.DeviceAdminReceiver
I/Auth    ( 1776): [AuthManaged,PasswordComplexityHelperImpl] Disabling com.google.android.gms.auth.managed.ui.SetNewPasswordActivity
I/ChromeSync( 2088): [Sync,SyncIntentOperation] Handling the intent: Intent { act=com.google.android.gms.phenotype.COMMITTED flg=0x10 pkg=com.google.android.gms cmp=com.google.android.gms/.chimera.GmsIntentOperationService (has extras) }.
I/MdiSyncModule( 2088): flag handling is skipping irrelevant intent.
W/ModuleInitIntentOp( 2088): Dropping unexpected action com.google.android.gms.phenotype.COMMITTED
I/PTCommittedOperation( 1776): Receive new configuration for com.google.android.gms.backup
I/Auth    ( 1776): [AuthManaged,PasswordComplexityHelperImpl] Updating password complexity components state.
I/Auth    ( 1776): [AuthManaged,PasswordComplexityHelperImpl] Disabling com.google.android.gms.auth.managed.admin.DeviceAdminReceiver
I/Auth    ( 1776): [AuthManaged,PasswordComplexityHelperImpl] Disabling com.google.android.gms.auth.managed.ui.SetNewPasswordActivity
I/ChromeSync( 2088): [Sync,SyncIntentOperation] Handling the intent: Intent { act=com.google.android.gms.phenotype.COMMITTED flg=0x10 pkg=com.google.android.gms cmp=com.google.android.gms/.chimera.GmsIntentOperationService (has extras) }.
I/MdiSyncModule( 2088): flag handling is skipping irrelevant intent.
W/ModuleInitIntentOp( 2088): Dropping unexpected action com.google.android.gms.phenotype.COMMITTED
I/PTCommittedOperation( 1776): Receive new configuration for com.google.android.gms.beacon
I/Auth    ( 1776): [AuthManaged,PasswordComplexityHelperImpl] Updating password complexity components state.
I/Auth    ( 1776): [AuthManaged,PasswordComplexityHelperImpl] Disabling com.google.android.gms.auth.managed.admin.DeviceAdminReceiver
I/ChromeSync( 2088): [Sync,SyncIntentOperation] Handling the intent: Intent { act=com.google.android.gms.phenotype.COMMITTED flg=0x10 pkg=com.google.android.gms cmp=com.google.android.gms/.chimera.GmsIntentOperationService (has extras) }.
I/PTCommittedOperation( 1776): Receive new configuration for com.google.android.gms.auth_account
I/Auth    ( 1776): [AuthManaged,PasswordComplexityHelperImpl] Disabling com.google.android.gms.auth.managed.ui.SetNewPasswordActivity
I/MdiSyncModule( 2088): flag handling is skipping irrelevant intent.
W/ModuleInitIntentOp( 2088): Dropping unexpected action com.google.android.gms.phenotype.COMMITTED
I/Auth    ( 1776): [AuthManaged,PasswordComplexityHelperImpl] Updating password complexity components state.
I/Auth    ( 1776): [AuthManaged,PasswordComplexityHelperImpl] Disabling com.google.android.gms.auth.managed.admin.DeviceAdminReceiver
I/Auth    ( 1776): [AuthManaged,PasswordComplexityHelperImpl] Disabling com.google.android.gms.auth.managed.ui.SetNewPasswordActivity
D/dalvikvm( 1776): GC_FOR_ALLOC freed 2057K, 26% free 9455K/12624K, paused 11ms, total 11ms
I/ChromeSync( 2088): [Sync,SyncIntentOperation] Handling the intent: Intent { act=com.google.android.gms.phenotype.COMMITTED flg=0x10 pkg=com.google.android.gms cmp=com.google.android.gms/.chimera.GmsIntentOperationService (has extras) }.
I/MdiSyncModule( 2088): flag handling is skipping irrelevant intent.
W/ModuleInitIntentOp( 2088): Dropping unexpected action com.google.android.gms.phenotype.COMMITTED
I/PTCommittedOperation( 1776): Receive new configuration for com.google.android.gms.family
I/Auth    ( 1776): [AuthManaged,PasswordComplexityHelperImpl] Updating password complexity components state.
I/Auth    ( 1776): [AuthManaged,PasswordComplexityHelperImpl] Disabling com.google.android.gms.auth.managed.admin.DeviceAdminReceiver
I/Auth    ( 1776): [AuthManaged,PasswordComplexityHelperImpl] Disabling com.google.android.gms.auth.managed.ui.SetNewPasswordActivity
I/ChromeSync( 2088): [Sync,SyncIntentOperation] Handling the intent: Intent { act=com.google.android.gms.phenotype.COMMITTED flg=0x10 pkg=com.google.android.gms cmp=com.google.android.gms/.chimera.GmsIntentOperationService (has extras) }.
I/MdiSyncModule( 2088): flag handling is skipping irrelevant intent.
W/ModuleInitIntentOp( 2088): Dropping unexpected action com.google.android.gms.phenotype.COMMITTED
I/PTCommittedOperation( 1776): Receive new configuration for com.google.android.gms.smart_profile
D/dalvikvm( 1569): GC_FOR_ALLOC freed 1292K, 47% free 7844K/14704K, paused 8ms, total 8ms
I/Auth    ( 1776): [AuthManaged,PasswordComplexityHelperImpl] Updating password complexity components state.
I/Auth    ( 1776): [AuthManaged,PasswordComplexityHelperImpl] Disabling com.google.android.gms.auth.managed.admin.DeviceAdminReceiver
I/Auth    ( 1776): [AuthManaged,PasswordComplexityHelperImpl] Disabling com.google.android.gms.auth.managed.ui.SetNewPasswordActivity
I/ChromeSync( 2088): [Sync,SyncIntentOperation] Handling the intent: Intent { act=com.google.android.gms.phenotype.COMMITTED flg=0x10 pkg=com.google.android.gms cmp=com.google.android.gms/.chimera.GmsIntentOperationService (has extras) }.
I/MdiSyncModule( 2088): flag handling is skipping irrelevant intent.
I/PTCommittedOperation( 1776): Receive new configuration for com.google.android.location
W/ModuleInitIntentOp( 2088): Dropping unexpected action com.google.android.gms.phenotype.COMMITTED
D/dalvikvm( 2088): GC_FOR_ALLOC freed 2072K, 16% free 11818K/14028K, paused 15ms, total 15ms
D/dalvikvm( 1776): GC_FOR_ALLOC freed 1944K, 25% free 9550K/12624K, paused 11ms, total 11ms
I/Auth    ( 1776): [AuthManaged,PasswordComplexityHelperImpl] Updating password complexity components state.
I/Auth    ( 1776): [AuthManaged,PasswordComplexityHelperImpl] Disabling com.google.android.gms.auth.managed.admin.DeviceAdminReceiver
I/Auth    ( 1776): [AuthManaged,PasswordComplexityHelperImpl] Disabling com.google.android.gms.auth.managed.ui.SetNewPasswordActivity
E/GmsClient( 2088): unable to connect to service: com.google.android.gms.auth.key.retrieval.service.START on com.google.android.gms
W/ActivityManager( 1569): Unable to start service Intent { act=com.google.android.gms.auth.key.retrieval.service.START pkg=com.google.android.gms } U=0: not found
W/ActivityManager( 1569): Unbind failed: could not find connection for android.os.BinderProxy@9d3474e0
I/ChromeSync( 2088): [Sync,SyncIntentOperation] Handling the intent: Intent { act=com.google.android.gms.phenotype.COMMITTED flg=0x10 pkg=com.google.android.gms cmp=com.google.android.gms/.chimera.GmsIntentOperationService (has extras) }.
I/MdiSyncModule( 2088): flag handling is skipping irrelevant intent.
W/ModuleInitIntentOp( 2088): Dropping unexpected action com.google.android.gms.phenotype.COMMITTED
I/PTCommittedOperation( 1776): Receive new configuration for com.google.android.gms.growth
I/Auth    ( 1776): [AuthManaged,PasswordComplexityHelperImpl] Updating password complexity components state.
I/Auth    ( 1776): [AuthManaged,PasswordComplexityHelperImpl] Disabling com.google.android.gms.auth.managed.admin.DeviceAdminReceiver
I/Auth    ( 1776): [AuthManaged,PasswordComplexityHelperImpl] Disabling com.google.android.gms.auth.managed.ui.SetNewPasswordActivity
I/ChromeSync( 2088): [Sync,SyncIntentOperation] Handling the intent: Intent { act=com.google.android.gms.phenotype.COMMITTED flg=0x10 pkg=com.google.android.gms cmp=com.google.android.gms/.chimera.GmsIntentOperationService (has extras) }.
I/MdiSyncModule( 2088): flag handling is skipping irrelevant intent.
W/ModuleInitIntentOp( 2088): Dropping unexpected action com.google.android.gms.phenotype.COMMITTED
I/PTCommittedOperation( 1776): Receive new configuration for com.google.android.gms.notifications
D/dalvikvm( 1776): GC_FOR_ALLOC freed 2016K, 25% free 9581K/12624K, paused 11ms, total 11ms
D/dalvikvm( 1776): GC_FOR_ALLOC freed 647K, 25% free 9496K/12624K, paused 7ms, total 7ms
I/dalvikvm-heap( 1776): Grow heap (frag case) to 9.526MB for 126004-byte allocation
D/dalvikvm( 1776): GC_FOR_ALLOC freed 84K, 26% free 9535K/12748K, paused 7ms, total 7ms
I/Auth    ( 1776): [AuthManaged,PasswordComplexityHelperImpl] Updating password complexity components state.
I/Auth    ( 1776): [AuthManaged,PasswordComplexityHelperImpl] Disabling com.google.android.gms.auth.managed.admin.DeviceAdminReceiver
I/Auth    ( 1776): [AuthManaged,PasswordComplexityHelperImpl] Disabling com.google.android.gms.auth.managed.ui.SetNewPasswordActivity
I/ChromeSync( 2088): [Sync,SyncIntentOperation] Handling the intent: Intent { act=com.google.android.gms.phenotype.COMMITTED flg=0x10 pkg=com.google.android.gms cmp=com.google.android.gms/.chimera.GmsIntentOperationService (has extras) }.
I/MdiSyncModule( 2088): flag handling is skipping irrelevant intent.
W/ModuleInitIntentOp( 2088): Dropping unexpected action com.google.android.gms.phenotype.COMMITTED
I/PTCommittedOperation( 1776): Receive new configuration for com.google.android.gms.nearby
I/Auth    ( 1776): [AuthManaged,PasswordComplexityHelperImpl] Updating password complexity components state.
I/Auth    ( 1776): [AuthManaged,PasswordComplexityHelperImpl] Disabling com.google.android.gms.auth.managed.admin.DeviceAdminReceiver
I/Auth    ( 1776): [AuthManaged,PasswordComplexityHelperImpl] Disabling com.google.android.gms.auth.managed.ui.SetNewPasswordActivity
D/dalvikvm( 1776): GC_FOR_ALLOC freed 1133K, 21% free 10076K/12748K, paused 13ms, total 13ms
D/dalvikvm( 1776): GC_FOR_ALLOC freed 721K, 23% free 9866K/12748K, paused 11ms, total 11ms
I/dalvikvm-heap( 1776): Grow heap (frag case) to 9.887MB for 126004-byte allocation
D/dalvikvm( 1776): GC_FOR_ALLOC freed <1K, 23% free 9989K/12872K, paused 8ms, total 8ms
D/dalvikvm( 1776): GC_FOR_ALLOC freed 362K, 24% free 9807K/12872K, paused 12ms, total 12ms
I/NearbySharing( 2088): Runtime state initialization complete. Sharing is disabled. [CONTEXT service_id=194 ]
I/ChromeSync( 2088): [Sync,SyncIntentOperation] Handling the intent: Intent { act=com.google.android.gms.phenotype.COMMITTED flg=0x10 pkg=com.google.android.gms cmp=com.google.android.gms/.chimera.GmsIntentOperationService (has extras) }.
I/MdiSyncModule( 2088): flag handling is skipping irrelevant intent.
W/ModuleInitIntentOp( 2088): Dropping unexpected action com.google.android.gms.phenotype.COMMITTED
I/PTCommittedOperation( 1776): Receive new configuration for com.google.android.gms.photos
I/Auth    ( 1776): [AuthManaged,PasswordComplexityHelperImpl] Updating password complexity components state.
I/Auth    ( 1776): [AuthManaged,PasswordComplexityHelperImpl] Disabling com.google.android.gms.auth.managed.admin.DeviceAdminReceiver
I/Auth    ( 1776): [AuthManaged,PasswordComplexityHelperImpl] Disabling com.google.android.gms.auth.managed.ui.SetNewPasswordActivity
I/PTCommittedOperation( 1776): Receive new configuration for com.google.android.gms.places
I/ChromeSync( 2088): [Sync,SyncIntentOperation] Handling the intent: Intent { act=com.google.android.gms.phenotype.COMMITTED flg=0x10 pkg=com.google.android.gms cmp=com.google.android.gms/.chimera.GmsIntentOperationService (has extras) }.
I/MdiSyncModule( 2088): flag handling is skipping irrelevant intent.
W/ModuleInitIntentOp( 2088): Dropping unexpected action com.google.android.gms.phenotype.COMMITTED
I/Auth    ( 1776): [AuthManaged,PasswordComplexityHelperImpl] Updating password complexity components state.
I/Auth    ( 1776): [AuthManaged,PasswordComplexityHelperImpl] Disabling com.google.android.gms.auth.managed.admin.DeviceAdminReceiver
I/Auth    ( 1776): [AuthManaged,PasswordComplexityHelperImpl] Disabling com.google.android.gms.auth.managed.ui.SetNewPasswordActivity
I/ChromeSync( 2088): [Sync,SyncIntentOperation] Handling the intent: Intent { act=com.google.android.gms.phenotype.COMMITTED flg=0x10 pkg=com.google.android.gms cmp=com.google.android.gms/.chimera.GmsIntentOperationService (has extras) }.
I/MdiSyncModule( 2088): flag handling is skipping irrelevant intent.
W/ModuleInitIntentOp( 2088): Dropping unexpected action com.google.android.gms.phenotype.COMMITTED
I/Auth    ( 1776): [AuthManaged,PasswordComplexityHelperImpl] Updating password complexity components state.
I/Auth    ( 1776): [AuthManaged,PasswordComplexityHelperImpl] Disabling com.google.android.gms.auth.managed.admin.DeviceAdminReceiver
I/Auth    ( 1776): [AuthManaged,PasswordComplexityHelperImpl] Disabling com.google.android.gms.auth.managed.ui.SetNewPasswordActivity
I/PTCommittedOperation( 1776): Receive new configuration for com.google.android.gms.signin
I/ChromeSync( 2088): [Sync,SyncIntentOperation] Handling the intent: Intent { act=com.google.android.gms.phenotype.COMMITTED flg=0x10 pkg=com.google.android.gms cmp=com.google.android.gms/.chimera.GmsIntentOperationService (has extras) }.
I/MdiSyncModule( 2088): flag handling is skipping irrelevant intent.
W/ModuleInitIntentOp( 2088): Dropping unexpected action com.google.android.gms.phenotype.COMMITTED
I/SystemUpdate( 2088): [Installation,ReceiverIntentOperation] Received intent: Intent { act=com.google.android.gms.phenotype.COMMITTED flg=0x10 pkg=com.google.android.gms cmp=com.google.android.gms/.chimera.GmsIntentOperationService (has extras) }.
D/dalvikvm( 1830): GC_EXPLICIT freed 148K, 20% free 6171K/7636K, paused 0ms+1ms, total 5ms
D/dalvikvm( 1776): GC_FOR_ALLOC freed 2167K, 25% free 9688K/12872K, paused 10ms, total 10ms
I/PTCommittedOperation( 1776): Receive new configuration for com.google.android.gms.update
I/SystemUpdate( 2088): [Execution,InstallationEventIntentOperation] Handling event of type 2.
I/SystemUpdate( 2088): [Execution,InstallationIntentOperation] Received intent: Intent { act=com.google.android.gms.update.INSTALL_UPDATE cat=[targeted_intent_op_prefix:.update.execution.InstallationIntentOperation] cmp=com.google.android.gms/.chimera.GmsIntentOperationService }.
I/SystemUpdate( 2088): [Execution,ExecutionManager] Action finished-execution executed for 0.00 seconds.
I/Auth    ( 1776): [AuthManaged,PasswordComplexityHelperImpl] Updating password complexity components state.
I/Auth    ( 1776): [AuthManaged,PasswordComplexityHelperImpl] Disabling com.google.android.gms.auth.managed.admin.DeviceAdminReceiver
I/Auth    ( 1776): [AuthManaged,PasswordComplexityHelperImpl] Disabling com.google.android.gms.auth.managed.ui.SetNewPasswordActivity
I/Auth    ( 1776): [AuthManaged,PasswordComplexityHelperImpl] Updating password complexity components state.
I/Auth    ( 1776): [AuthManaged,PasswordComplexityHelperImpl] Disabling com.google.android.gms.auth.managed.admin.DeviceAdminReceiver
I/Auth    ( 1776): [AuthManaged,PasswordComplexityHelperImpl] Disabling com.google.android.gms.auth.managed.ui.SetNewPasswordActivity
I/ChromeSync( 2088): [Sync,SyncIntentOperation] Handling the intent: Intent { act=com.google.android.gms.phenotype.COMMITTED flg=0x10 pkg=com.google.android.gms cmp=com.google.android.gms/.chimera.GmsIntentOperationService (has extras) }.
I/MdiSyncModule( 2088): flag handling is skipping irrelevant intent.
W/ModuleInitIntentOp( 2088): Dropping unexpected action com.google.android.gms.phenotype.COMMITTED
I/PTCommittedOperation( 1776): Receive new configuration for com.google.android.gms.auth_authzen
I/ChromeSync( 2088): [Sync,SyncIntentOperation] Handling the intent: Intent { act=com.google.android.gms.phenotype.COMMITTED flg=0x10 pkg=com.google.android.gms cmp=com.google.android.gms/.chimera.GmsIntentOperationService (has extras) }.
I/MdiSyncModule( 2088): flag handling is skipping irrelevant intent.
W/ModuleInitIntentOp( 2088): Dropping unexpected action com.google.android.gms.phenotype.COMMITTED
I/PTCommittedOperation( 1776): Receive new configuration for com.google.android.gms.vision
I/ChromeSync( 2088): [Sync,SyncIntentOperation] Handling the intent: Intent { act=com.google.android.gms.phenotype.COMMITTED flg=0x10 pkg=com.google.android.gms cmp=com.google.android.gms/.chimera.GmsIntentOperationService (has extras) }.
I/MdiSyncModule( 2088): flag handling is skipping irrelevant intent.
I/Auth    ( 1776): [AuthManaged,PasswordComplexityHelperImpl] Updating password complexity components state.
I/Auth    ( 1776): [AuthManaged,PasswordComplexityHelperImpl] Disabling com.google.android.gms.auth.managed.admin.DeviceAdminReceiver
I/Auth    ( 1776): [AuthManaged,PasswordComplexityHelperImpl] Disabling com.google.android.gms.auth.managed.ui.SetNewPasswordActivity
W/ModuleInitIntentOp( 2088): Dropping unexpected action com.google.android.gms.phenotype.COMMITTED
I/PTCommittedOperation( 1776): Receive new configuration for com.google.android.gms.wallet
D/dalvikvm( 1776): GC_FOR_ALLOC freed 2210K, 27% free 9525K/12872K, paused 8ms, total 8ms
I/Auth    ( 1776): [AuthManaged,PasswordComplexityHelperImpl] Updating password complexity components state.
I/Auth    ( 1776): [AuthManaged,PasswordComplexityHelperImpl] Disabling com.google.android.gms.auth.managed.admin.DeviceAdminReceiver
I/Auth    ( 1776): [AuthManaged,PasswordComplexityHelperImpl] Disabling com.google.android.gms.auth.managed.ui.SetNewPasswordActivity
I/ChromeSync( 2088): [Sync,SyncIntentOperation] Handling the intent: Intent { act=com.google.android.gms.phenotype.COMMITTED flg=0x10 pkg=com.google.android.gms cmp=com.google.android.gms/.chimera.GmsIntentOperationService (has extras) }.
I/MdiSyncModule( 2088): flag handling is skipping irrelevant intent.
W/ModuleInitIntentOp( 2088): Dropping unexpected action com.google.android.gms.phenotype.COMMITTED
I/PTCommittedOperation( 1776): Receive new configuration for com.google.android.gms.wearable
D/dalvikvm( 2088): GC_FOR_ALLOC freed 1955K, 16% free 11910K/14028K, paused 14ms, total 14ms
I/Auth    ( 1776): [AuthManaged,PasswordComplexityHelperImpl] Updating password complexity components state.
I/Auth    ( 1776): [AuthManaged,PasswordComplexityHelperImpl] Disabling com.google.android.gms.auth.managed.admin.DeviceAdminReceiver
I/Auth    ( 1776): [AuthManaged,PasswordComplexityHelperImpl] Disabling com.google.android.gms.auth.managed.ui.SetNewPasswordActivity
I/ChromeSync( 2088): [Sync,SyncIntentOperation] Handling the intent: Intent { act=com.google.android.gms.phenotype.COMMITTED flg=0x10 pkg=com.google.android.gms cmp=com.google.android.gms/.chimera.GmsIntentOperationService (has extras) }.
E/GmsClient( 2088): unable to connect to service: com.google.android.gms.auth.key.retrieval.service.START on com.google.android.gms
I/MdiSyncModule( 2088): flag handling is skipping irrelevant intent.
W/ModuleInitIntentOp( 2088): Dropping unexpected action com.google.android.gms.phenotype.COMMITTED
W/ActivityManager( 1569): Unable to start service Intent { act=com.google.android.gms.auth.key.retrieval.service.START pkg=com.google.android.gms } U=0: not found
W/ActivityManager( 1569): Unbind failed: could not find connection for android.os.BinderProxy@9d5bf418
I/PTCommittedOperation( 1776): Receive new configuration for com.google.android.gms.walletp2p.v2
I/Auth    ( 1776): [AuthManaged,PasswordComplexityHelperImpl] Updating password complexity components state.
I/Auth    ( 1776): [AuthManaged,PasswordComplexityHelperImpl] Disabling com.google.android.gms.auth.managed.admin.DeviceAdminReceiver
I/Auth    ( 1776): [AuthManaged,PasswordComplexityHelperImpl] Disabling com.google.android.gms.auth.managed.ui.SetNewPasswordActivity
I/ChromeSync( 2088): [Sync,SyncIntentOperation] Handling the intent: Intent { act=com.google.android.gms.phenotype.COMMITTED flg=0x10 pkg=com.google.android.gms cmp=com.google.android.gms/.chimera.GmsIntentOperationService (has extras) }.
I/MdiSyncModule( 2088): flag handling is skipping irrelevant intent.
I/PhoneskyRecoveryLogs( 2088): Experiments updated. Start recovery checks. [CONTEXT service_id=242 ]
W/ModuleInitIntentOp( 2088): Dropping unexpected action com.google.android.gms.phenotype.COMMITTED
I/PTCommittedOperation( 1776): Receive new configuration for com.google.android.gms.phonesky_recovery
I/Auth    ( 1776): [AuthManaged,PasswordComplexityHelperImpl] Updating password complexity components state.
I/Auth    ( 1776): [AuthManaged,PasswordComplexityHelperImpl] Disabling com.google.android.gms.auth.managed.admin.DeviceAdminReceiver
I/Auth    ( 1776): [AuthManaged,PasswordComplexityHelperImpl] Disabling com.google.android.gms.auth.managed.ui.SetNewPasswordActivity
I/ChromeSync( 2088): [Sync,SyncIntentOperation] Handling the intent: Intent { act=com.google.android.gms.phenotype.COMMITTED flg=0x10 pkg=com.google.android.gms cmp=com.google.android.gms/.chimera.GmsIntentOperationService (has extras) }.
I/MdiSyncModule( 2088): flag handling is skipping irrelevant intent.
W/ModuleInitIntentOp( 2088): Dropping unexpected action com.google.android.gms.phenotype.COMMITTED
D/dalvikvm( 1776): GC_FOR_ALLOC freed 2048K, 27% free 9524K/12872K, paused 9ms, total 10ms
I/PTCommittedOperation( 1776): Receive new configuration for com.google.android.gms.icing.mdd
I/Auth    ( 1776): [AuthManaged,PasswordComplexityHelperImpl] Updating password complexity components state.
I/Auth    ( 1776): [AuthManaged,PasswordComplexityHelperImpl] Disabling com.google.android.gms.auth.managed.admin.DeviceAdminReceiver
I/Auth    ( 1776): [AuthManaged,PasswordComplexityHelperImpl] Disabling com.google.android.gms.auth.managed.ui.SetNewPasswordActivity
I/PTCommittedOperation( 1776): Receive new configuration for com.google.android.gms.icing.mdh
E/MDD     ( 2088): MDDManager Failed to init shared file metadata.
I/Auth    ( 1776): [AuthManaged,PasswordComplexityHelperImpl] Updating password complexity components state.
I/Auth    ( 1776): [AuthManaged,PasswordComplexityHelperImpl] Disabling com.google.android.gms.auth.managed.admin.DeviceAdminReceiver
I/Auth    ( 1776): [AuthManaged,PasswordComplexityHelperImpl] Disabling com.google.android.gms.auth.managed.ui.SetNewPasswordActivity
I/PTCommittedOperation( 1776): Receive new configuration for com.google.android.gms.herrevad
I/Herrevad( 1776): [186] wkz.a: updateListenState
I/Auth    ( 1776): [AuthManaged,PasswordComplexityHelperImpl] Updating password complexity components state.
I/Auth    ( 1776): [AuthManaged,PasswordComplexityHelperImpl] Disabling com.google.android.gms.auth.managed.admin.DeviceAdminReceiver
I/Auth    ( 1776): [AuthManaged,PasswordComplexityHelperImpl] Disabling com.google.android.gms.auth.managed.ui.SetNewPasswordActivity
I/PTCommittedOperation( 1776): Receive new configuration for com.google.android.gms.firebase.auth
D/dalvikvm( 2088): GC_FOR_ALLOC freed 1235K, 15% free 12018K/14088K, paused 44ms, total 44ms
D/dalvikvm( 1776): GC_FOR_ALLOC freed 2046K, 26% free 9526K/12872K, paused 11ms, total 11ms
I/ChromeSync( 2088): [Sync,SyncIntentOperation] Handling the intent: Intent { act=com.google.android.gms.phenotype.COMMITTED flg=0x10 pkg=com.google.android.gms cmp=com.google.android.gms/.chimera.GmsIntentOperationService (has extras) }.
I/MdiSyncModule( 2088): flag handling is skipping irrelevant intent.
W/ModuleInitIntentOp( 2088): Dropping unexpected action com.google.android.gms.phenotype.COMMITTED
I/MobileDataHub( 2088): Scheduling periodic tasks
W/MobileDataHub( 2088): [Service] appsupload-periodic periodic task disabled
I/ChromeSync( 2088): [Sync,SyncIntentOperation] Handling the intent: Intent { act=com.google.android.gms.phenotype.COMMITTED flg=0x10 pkg=com.google.android.gms cmp=com.google.android.gms/.chimera.GmsIntentOperationService (has extras) }.
I/MdiSyncModule( 2088): flag handling is skipping irrelevant intent.
W/ModuleInitIntentOp( 2088): Dropping unexpected action com.google.android.gms.phenotype.COMMITTED
I/ChromeSync( 2088): [Sync,SyncIntentOperation] Handling the intent: Intent { act=com.google.android.gms.phenotype.COMMITTED flg=0x10 pkg=com.google.android.gms cmp=com.google.android.gms/.chimera.GmsIntentOperationService (has extras) }.
I/MdiSyncModule( 2088): flag handling is skipping irrelevant intent.
W/ModuleInitIntentOp( 2088): Dropping unexpected action com.google.android.gms.phenotype.COMMITTED
I/Auth    ( 1776): [AuthManaged,PasswordComplexityHelperImpl] Updating password complexity components state.
I/Auth    ( 1776): [AuthManaged,PasswordComplexityHelperImpl] Disabling com.google.android.gms.auth.managed.admin.DeviceAdminReceiver
I/Auth    ( 1776): [AuthManaged,PasswordComplexityHelperImpl] Disabling com.google.android.gms.auth.managed.ui.SetNewPasswordActivity
I/ChromeSync( 2088): [Sync,SyncIntentOperation] Handling the intent: Intent { act=com.google.android.gms.phenotype.COMMITTED flg=0x10 pkg=com.google.android.gms cmp=com.google.android.gms/.chimera.GmsIntentOperationService (has extras) }.
I/MdiSyncModule( 2088): flag handling is skipping irrelevant intent.
I/PTCommittedOperation( 1776): Receive new configuration for com.google.android.gms.ads
W/ModuleInitIntentOp( 2088): Dropping unexpected action com.google.android.gms.phenotype.COMMITTED
I/Auth    ( 1776): [AuthManaged,PasswordComplexityHelperImpl] Updating password complexity components state.
I/Auth    ( 1776): [AuthManaged,PasswordComplexityHelperImpl] Disabling com.google.android.gms.auth.managed.admin.DeviceAdminReceiver
I/Auth    ( 1776): [AuthManaged,PasswordComplexityHelperImpl] Disabling com.google.android.gms.auth.managed.ui.SetNewPasswordActivity
I/ChromeSync( 2088): [Sync,SyncIntentOperation] Handling the intent: Intent { act=com.google.android.gms.phenotype.COMMITTED flg=0x10 pkg=com.google.android.gms cmp=com.google.android.gms/.chimera.GmsIntentOperationService (has extras) }.
I/PTCommittedOperation( 1776): Receive new configuration for com.google.android.gms.gcm
I/MdiSyncModule( 2088): flag handling is skipping irrelevant intent.
W/ModuleInitIntentOp( 2088): Dropping unexpected action com.google.android.gms.phenotype.COMMITTED
D/dalvikvm( 1569): GC_FOR_ALLOC freed 1227K, 47% free 7834K/14704K, paused 9ms, total 9ms
I/ahju    ( 1776): Scheduling Phenotype for a PhenotypeSyncImmediately(6, com.google.android.gms.phenotype) one off with window [1, 2] in seconds [CONTEXT service_id=51 ]
I/Auth    ( 1776): [AuthManaged,PasswordComplexityHelperImpl] Updating password complexity components state.
I/Auth    ( 1776): [AuthManaged,PasswordComplexityHelperImpl] Disabling com.google.android.gms.auth.managed.admin.DeviceAdminReceiver
I/Auth    ( 1776): [AuthManaged,PasswordComplexityHelperImpl] Disabling com.google.android.gms.auth.managed.ui.SetNewPasswordActivity
I/ChromeSync( 2088): [Sync,SyncIntentOperation] Handling the intent: Intent { act=com.google.android.gms.phenotype.COMMITTED flg=0x10 pkg=com.google.android.gms cmp=com.google.android.gms/.chimera.GmsIntentOperationService (has extras) }.
I/MdiSyncModule( 2088): flag handling is skipping irrelevant intent.
W/ModuleInitIntentOp( 2088): Dropping unexpected action com.google.android.gms.phenotype.COMMITTED
D/dalvikvm( 1776): GC_FOR_ALLOC freed 1885K, 25% free 9688K/12872K, paused 10ms, total 10ms
I/PTCommittedOperation( 1776): Receive new configuration for com.google.android.gms.ipa
I/Auth    ( 1776): [AuthManaged,PasswordComplexityHelperImpl] Updating password complexity components state.
I/Auth    ( 1776): [AuthManaged,PasswordComplexityHelperImpl] Disabling com.google.android.gms.auth.managed.admin.DeviceAdminReceiver
I/Auth    ( 1776): [AuthManaged,PasswordComplexityHelperImpl] Disabling com.google.android.gms.auth.managed.ui.SetNewPasswordActivity
I/PTCommittedOperation( 1776): Receive new configuration for com.google.android.gms.ocr
I/ChromeSync( 2088): [Sync,SyncIntentOperation] Handling the intent: Intent { act=com.google.android.gms.phenotype.COMMITTED flg=0x10 pkg=com.google.android.gms cmp=com.google.android.gms/.chimera.GmsIntentOperationService (has extras) }.
I/MdiSyncModule( 2088): flag handling is skipping irrelevant intent.
W/ModuleInitIntentOp( 2088): Dropping unexpected action com.google.android.gms.phenotype.COMMITTED
V/EmulatedCamera_Camera( 1147): getCameraInfo
V/EmulatedCamera_BaseCamera( 1147): getCameraInfo
I/OcrModelUpStIntentOp( 2088): Updating ocr activity enabled=true (phenotypeFlag=true, lowRamDevice=false, prereqCheck=true)
W/DynamiteModule( 2088): Local module descriptor class for com.google.android.gms.vision.dynamite.ocr not found.
W/ProviderHelper( 2088): Unknown dynamite feature vision.dynamite.ocr
I/DynamiteModule( 2088): Considering local module com.google.android.gms.vision.dynamite.ocr:0 and remote module com.google.android.gms.vision.dynamite.ocr:0
W/ProviderHelper( 2088): Unknown dynamite feature vision.ocr
W/DynamiteModule( 2088): Local module descriptor class for com.google.android.gms.vision.ocr not found.
I/DynamiteModule( 2088): Considering local module com.google.android.gms.vision.ocr:0 and remote module com.google.android.gms.vision.ocr:0
E/Vision  ( 2088): Error loading module com.google.android.gms.vision.ocr optional module true: qxb: No acceptable module found. Local version is 0 and remote version is 0.
W/TextNativeHandle( 2088): Native handle not yet available. Reverting to no-op handle.
W/DynamiteModule( 2088): Local module descriptor class for com.google.android.gms.vision.dynamite.ocr not found.
W/ProviderHelper( 2088): Unknown dynamite feature vision.dynamite.ocr
I/DynamiteModule( 2088): Considering local module com.google.android.gms.vision.dynamite.ocr:0 and remote module com.google.android.gms.vision.dynamite.ocr:0
W/ProviderHelper( 2088): Unknown dynamite feature vision.ocr
W/DynamiteModule( 2088): Local module descriptor class for com.google.android.gms.vision.ocr not found.
I/DynamiteModule( 2088): Considering local module com.google.android.gms.vision.ocr:0 and remote module com.google.android.gms.vision.ocr:0
E/Vision  ( 2088): Error loading module com.google.android.gms.vision.ocr optional module true: qxb: No acceptable module found. Local version is 0 and remote version is 0.
I/Vision  ( 2088): Requesting optional module download of ocr.
I/Vision  ( 2088): Checking for download completion for 47406 -- ocr
I/OcrModelUpStIntentOp( 2088): Downloading text recognizer
I/Vision  ( 2088): Requesting optional module download of ocr.
I/Vision  ( 2088): Checking for download completion for 47419 -- ocr
I/Auth    ( 1776): [AuthManaged,PasswordComplexityHelperImpl] Updating password complexity components state.
I/Auth    ( 1776): [AuthManaged,PasswordComplexityHelperImpl] Disabling com.google.android.gms.auth.managed.admin.DeviceAdminReceiver
I/Auth    ( 1776): [AuthManaged,PasswordComplexityHelperImpl] Disabling com.google.android.gms.auth.managed.ui.SetNewPasswordActivity
I/ahju    ( 1776): Scheduling Phenotype for a PhenotypeSyncImmediately(6, com.google.android.games.app) one off with window [1, 2] in seconds [CONTEXT service_id=51 ]
I/ChromeSync( 2088): [Sync,SyncIntentOperation] Handling the intent: Intent { act=com.google.android.gms.phenotype.COMMITTED flg=0x10 pkg=com.google.android.gms cmp=com.google.android.gms/.chimera.GmsIntentOperationService (has extras) }.
I/MdiSyncModule( 2088): flag handling is skipping irrelevant intent.
W/ModuleInitIntentOp( 2088): Dropping unexpected action com.google.android.gms.phenotype.COMMITTED
I/PTCommittedOperation( 1776): Receive new configuration for com.google.android.gms.udc
D/dalvikvm( 1776): GC_FOR_ALLOC freed 1960K, 25% free 9776K/12872K, paused 10ms, total 10ms
I/Auth    ( 1776): [AuthManaged,PasswordComplexityHelperImpl] Updating password complexity components state.
I/Auth    ( 1776): [AuthManaged,PasswordComplexityHelperImpl] Disabling com.google.android.gms.auth.managed.admin.DeviceAdminReceiver
I/Auth    ( 1776): [AuthManaged,PasswordComplexityHelperImpl] Disabling com.google.android.gms.auth.managed.ui.SetNewPasswordActivity
I/PTCommittedOperation( 1776): Receive new configuration for com.google.android.gms.ulr
I/ChromeSync( 2088): [Sync,SyncIntentOperation] Handling the intent: Intent { act=com.google.android.gms.phenotype.COMMITTED flg=0x10 pkg=com.google.android.gms cmp=com.google.android.gms/.chimera.GmsIntentOperationService (has extras) }.
I/MdiSyncModule( 2088): flag handling is skipping irrelevant intent.
W/ModuleInitIntentOp( 2088): Dropping unexpected action com.google.android.gms.phenotype.COMMITTED
I/Auth    ( 1776): [AuthManaged,PasswordComplexityHelperImpl] Updating password complexity components state.
I/Auth    ( 1776): [AuthManaged,PasswordComplexityHelperImpl] Disabling com.google.android.gms.auth.managed.admin.DeviceAdminReceiver
I/Auth    ( 1776): [AuthManaged,PasswordComplexityHelperImpl] Disabling com.google.android.gms.auth.managed.ui.SetNewPasswordActivity
I/ChromeSync( 2088): [Sync,SyncIntentOperation] Handling the intent: Intent { act=com.google.android.gms.phenotype.COMMITTED flg=0x10 pkg=com.google.android.gms cmp=com.google.android.gms/.chimera.GmsIntentOperationService (has extras) }.
I/MdiSyncModule( 2088): flag handling is skipping irrelevant intent.
W/ModuleInitIntentOp( 2088): Dropping unexpected action com.google.android.gms.phenotype.COMMITTED
D/dalvikvm( 1776): GC_FOR_ALLOC freed 1943K, 24% free 9880K/12872K, paused 10ms, total 10ms
I/PTCommittedOperation( 1776): Receive new configuration for com.google.android.gms.appinvite
W/Conscrypt( 1776): Could not set socket write timeout: java.net.SocketException: Socket closed
W/Conscrypt( 1776): 	at com.google.android.gms.org.conscrypt.Platform.setSocketWriteTimeout(:com.google.android.gms@202414005@20.24.14 (000700-319035315):2)
W/Conscrypt( 1776): 	at com.google.android.gms.org.conscrypt.ConscryptFileDescriptorSocket.setSoWriteTimeout(:com.google.android.gms@202414005@20.24.14 (000700-319035315):0)
I/Auth    ( 1776): [AuthManaged,PasswordComplexityHelperImpl] Updating password complexity components state.
I/Auth    ( 1776): [AuthManaged,PasswordComplexityHelperImpl] Disabling com.google.android.gms.auth.managed.admin.DeviceAdminReceiver
I/Auth    ( 1776): [AuthManaged,PasswordComplexityHelperImpl] Disabling com.google.android.gms.auth.managed.ui.SetNewPasswordActivity
I/ChromeSync( 2088): [Sync,SyncIntentOperation] Handling the intent: Intent { act=com.google.android.gms.phenotype.COMMITTED flg=0x10 pkg=com.google.android.gms cmp=com.google.android.gms/.chimera.GmsIntentOperationService (has extras) }.
I/MdiSyncModule( 2088): flag handling is skipping irrelevant intent.
W/ModuleInitIntentOp( 2088): Dropping unexpected action com.google.android.gms.phenotype.COMMITTED
I/PTCommittedOperation( 1776): Receive new configuration for com.google.android.gms.usagereporting
I/Auth    ( 1776): [AuthManaged,PasswordComplexityHelperImpl] Updating password complexity components state.
I/Auth    ( 1776): [AuthManaged,PasswordComplexityHelperImpl] Disabling com.google.android.gms.auth.managed.admin.DeviceAdminReceiver
I/Auth    ( 1776): [AuthManaged,PasswordComplexityHelperImpl] Disabling com.google.android.gms.auth.managed.ui.SetNewPasswordActivity
I/GCoreUlr( 1776): WorldUpdater received intent Intent { act=com.google.android.location.reporting.ACTION_UPDATE_WORLD cmp=com.google.android.gms/com.google.android.location.reporting.service.DispatchingService (has extras) } with receiverAction com.google.gservices.intent.action.GSERVICES_CHANGED
W/Conscrypt( 1776): Could not set socket write timeout: java.net.SocketException: Socket closed
I/ChromeSync( 2088): [Sync,SyncIntentOperation] Handling the intent: Intent { act=com.google.android.gms.phenotype.COMMITTED flg=0x10 pkg=com.google.android.gms cmp=com.google.android.gms/.chimera.GmsIntentOperationService (has extras) }.
I/PTCommittedOperation( 1776): Receive new configuration for com.google.android.gms.constellation
W/Conscrypt( 1776): 	at com.google.android.gms.org.conscrypt.Platform.setSocketWriteTimeout(:com.google.android.gms@202414005@20.24.14 (000700-319035315):2)
W/Conscrypt( 1776): 	at com.google.android.gms.org.conscrypt.ConscryptFileDescriptorSocket.setSoWriteTimeout(:com.google.android.gms@202414005@20.24.14 (000700-319035315):0)
I/MdiSyncModule( 2088): flag handling is skipping irrelevant intent.
I/GCoreUlr( 1776): WorldUpdater:com.google.gservices.intent.action.GSERVICES_CHANGED: Ensuring that reporting is stopped because of reasons: (no Google accounts)
D/dalvikvm( 2088): GC_FOR_ALLOC freed 1996K, 16% free 12070K/14204K, paused 19ms, total 19ms
W/ModuleInitIntentOp( 2088): Dropping unexpected action com.google.android.gms.phenotype.COMMITTED
I/GCoreUlr( 1776): Unbound from all signal providers.
D/dalvikvm( 1776): GC_FOR_ALLOC freed 2211K, 25% free 9714K/12872K, paused 7ms, total 7ms
I/Auth    ( 1776): [AuthManaged,PasswordComplexityHelperImpl] Updating password complexity components state.
I/Auth    ( 1776): [AuthManaged,PasswordComplexityHelperImpl] Disabling com.google.android.gms.auth.managed.admin.DeviceAdminReceiver
I/Auth    ( 1776): [AuthManaged,PasswordComplexityHelperImpl] Disabling com.google.android.gms.auth.managed.ui.SetNewPasswordActivity
I/GCoreUlr( 1776): Unbound from all signal providers.
I/GCoreUlr( 1776): Stopping handler for UlrDispSvcFast
I/PTCommittedOperation( 1776): Receive new configuration for com.google.android.gms.feedback
I/ChromeSync( 2088): [Sync,SyncIntentOperation] Handling the intent: Intent { act=com.google.android.gms.phenotype.COMMITTED flg=0x10 pkg=com.google.android.gms cmp=com.google.android.gms/.chimera.GmsIntentOperationService (has extras) }.
W/ActivityManager( 1569): Unable to start service Intent { act=com.google.android.gms.auth.key.retrieval.service.START pkg=com.google.android.gms } U=0: not found
I/MdiSyncModule( 2088): flag handling is skipping irrelevant intent.
W/ModuleInitIntentOp( 2088): Dropping unexpected action com.google.android.gms.phenotype.COMMITTED
E/GmsClient( 2088): unable to connect to service: com.google.android.gms.auth.key.retrieval.service.START on com.google.android.gms
W/ActivityManager( 1569): Unbind failed: could not find connection for android.os.BinderProxy@9d07aa28
I/Auth    ( 1776): [AuthManaged,PasswordComplexityHelperImpl] Updating password complexity components state.
I/Auth    ( 1776): [AuthManaged,PasswordComplexityHelperImpl] Disabling com.google.android.gms.auth.managed.admin.DeviceAdminReceiver
I/Auth    ( 1776): [AuthManaged,PasswordComplexityHelperImpl] Disabling com.google.android.gms.auth.managed.ui.SetNewPasswordActivity
I/PTCommittedOperation( 1776): Receive new configuration for com.google.android.gms.analytics
I/ChromeSync( 2088): [Sync,SyncIntentOperation] Handling the intent: Intent { act=com.google.android.gms.phenotype.COMMITTED flg=0x10 pkg=com.google.android.gms cmp=com.google.android.gms/.chimera.GmsIntentOperationService (has extras) }.
I/MdiSyncModule( 2088): flag handling is skipping irrelevant intent.
W/ModuleInitIntentOp( 2088): Dropping unexpected action com.google.android.gms.phenotype.COMMITTED
I/Auth    ( 1776): [AuthManaged,PasswordComplexityHelperImpl] Updating password complexity components state.
I/Auth    ( 1776): [AuthManaged,PasswordComplexityHelperImpl] Disabling com.google.android.gms.auth.managed.admin.DeviceAdminReceiver
I/Auth    ( 1776): [AuthManaged,PasswordComplexityHelperImpl] Disabling com.google.android.gms.auth.managed.ui.SetNewPasswordActivity
I/PTCommittedOperation( 1776): Receive new configuration for com.google.android.libraries.personalization.footprints#com.google.android.gms
I/ChromeSync( 2088): [Sync,SyncIntentOperation] Handling the intent: Intent { act=com.google.android.gms.phenotype.COMMITTED flg=0x10 pkg=com.google.android.gms cmp=com.google.android.gms/.chimera.GmsIntentOperationService (has extras) }.
I/MdiSyncModule( 2088): flag handling is skipping irrelevant intent.
W/ModuleInitIntentOp( 2088): Dropping unexpected action com.google.android.gms.phenotype.COMMITTED
I/Auth    ( 1776): [AuthManaged,PasswordComplexityHelperImpl] Updating password complexity components state.
I/Auth    ( 1776): [AuthManaged,PasswordComplexityHelperImpl] Disabling com.google.android.gms.auth.managed.admin.DeviceAdminReceiver
I/ChromeSync( 2088): [Sync,SyncIntentOperation] Handling the intent: Intent { act=com.google.android.gms.phenotype.COMMITTED flg=0x10 pkg=com.google.android.gms cmp=com.google.android.gms/.chimera.GmsIntentOperationService (has extras) }.
I/Auth    ( 1776): [AuthManaged,PasswordComplexityHelperImpl] Disabling com.google.android.gms.auth.managed.ui.SetNewPasswordActivity
I/MdiSyncModule( 2088): flag handling is skipping irrelevant intent.
W/ModuleInitIntentOp( 2088): Dropping unexpected action com.google.android.gms.phenotype.COMMITTED
I/Authzen ( 2088): [DeviceStateSyncManager] Device state fast sync is disabled
I/PTCommittedOperation( 1776): Receive new configuration for com.google.android.gms.subscribedfeeds
I/Auth    ( 1776): [AuthManaged,PasswordComplexityHelperImpl] Updating password complexity components state.
I/Auth    ( 1776): [AuthManaged,PasswordComplexityHelperImpl] Disabling com.google.android.gms.auth.managed.admin.DeviceAdminReceiver
I/Auth    ( 1776): [AuthManaged,PasswordComplexityHelperImpl] Disabling com.google.android.gms.auth.managed.ui.SetNewPasswordActivity
I/ChromeSync( 2088): [Sync,SyncIntentOperation] Handling the intent: Intent { act=com.google.android.gms.phenotype.COMMITTED flg=0x10 pkg=com.google.android.gms cmp=com.google.android.gms/.chimera.GmsIntentOperationService (has extras) }.
I/MdiSyncModule( 2088): flag handling is skipping irrelevant intent.
W/ModuleInitIntentOp( 2088): Dropping unexpected action com.google.android.gms.phenotype.COMMITTED
I/PTCommittedOperation( 1776): Receive new configuration for com.google.android.gms.auth_cryptauth
D/dalvikvm( 1776): GC_FOR_ALLOC freed 2025K, 25% free 9736K/12872K, paused 9ms, total 10ms
I/Auth    ( 1776): [AuthManaged,PasswordComplexityHelperImpl] Updating password complexity components state.
I/Auth    ( 1776): [AuthManaged,PasswordComplexityHelperImpl] Disabling com.google.android.gms.auth.managed.admin.DeviceAdminReceiver
I/Auth    ( 1776): [AuthManaged,PasswordComplexityHelperImpl] Disabling com.google.android.gms.auth.managed.ui.SetNewPasswordActivity
I/ChromeSync( 2088): [Sync,SyncIntentOperation] Handling the intent: Intent { act=com.google.android.gms.phenotype.COMMITTED flg=0x10 pkg=com.google.android.gms cmp=com.google.android.gms/.chimera.GmsIntentOperationService (has extras) }.
I/MdiSyncModule( 2088): flag handling is skipping irrelevant intent.
W/ModuleInitIntentOp( 2088): Dropping unexpected action com.google.android.gms.phenotype.COMMITTED
E/dalvikvm( 2088): Could not find class 'android.telephony.SubscriptionManager', referenced from method amlx.a
W/dalvikvm( 2088): VFY: unable to resolve check-cast 8088 (Landroid/telephony/SubscriptionManager;) in Lamlx;
D/dalvikvm( 2088): VFY: replacing opcode 0x1f at 0x0016
I/PTCommittedOperation( 1776): Receive new configuration for com.google.android.gms.thunderbird
I/ChromeSync( 2088): [Sync,SyncIntentOperation] Handling the intent: Intent { act=com.google.android.gms.phenotype.COMMITTED flg=0x10 pkg=com.google.android.gms cmp=com.google.android.gms/.chimera.GmsIntentOperationService (has extras) }.
I/Auth    ( 1776): [AuthManaged,PasswordComplexityHelperImpl] Updating password complexity components state.
I/Auth    ( 1776): [AuthManaged,PasswordComplexityHelperImpl] Disabling com.google.android.gms.auth.managed.admin.DeviceAdminReceiver
I/Auth    ( 1776): [AuthManaged,PasswordComplexityHelperImpl] Disabling com.google.android.gms.auth.managed.ui.SetNewPasswordActivity
I/PTCommittedOperation( 1776): Receive new configuration for com.google.android.metrics
I/MdiSyncModule( 2088): flag handling is skipping irrelevant intent.
W/ModuleInitIntentOp( 2088): Dropping unexpected action com.google.android.gms.phenotype.COMMITTED
D/dalvikvm( 1776): GC_FOR_ALLOC freed 1883K, 24% free 9901K/12872K, paused 10ms, total 10ms
I/Auth    ( 1776): [AuthManaged,PasswordComplexityHelperImpl] Updating password complexity components state.
I/Auth    ( 1776): [AuthManaged,PasswordComplexityHelperImpl] Disabling com.google.android.gms.auth.managed.admin.DeviceAdminReceiver
I/Auth    ( 1776): [AuthManaged,PasswordComplexityHelperImpl] Disabling com.google.android.gms.auth.managed.ui.SetNewPasswordActivity
I/ChromeSync( 2088): [Sync,SyncIntentOperation] Handling the intent: Intent { act=com.google.android.gms.phenotype.COMMITTED flg=0x10 pkg=com.google.android.gms cmp=com.google.android.gms/.chimera.GmsIntentOperationService (has extras) }.
I/MdiSyncModule( 2088): flag handling is skipping irrelevant intent.
I/PTCommittedOperation( 1776): Receive new configuration for com.google.android.gms.matchstick
W/ModuleInitIntentOp( 2088): Dropping unexpected action com.google.android.gms.phenotype.COMMITTED
I/MS_RegisterService( 2088): Tachyon host: instantmessaging-pa.googleapis.com, Tachyon port: 443
I/dalvikvm( 2088): Could not find method android.telephony.SubscriptionManager.from, referenced from method ardv.a
W/dalvikvm( 2088): VFY: unable to resolve static method 1982: Landroid/telephony/SubscriptionManager;.from (Landroid/content/Context;)Landroid/telephony/SubscriptionManager;
D/dalvikvm( 2088): VFY: replacing opcode 0x71 at 0x0013
I/MS_RegisterService( 2088): RegisterService intent:Intent { act=com.google.android.gms.matchstick.register_intent_action cat=[targeted_intent_op_prefix:com.google.android.libraries.matchstick.net.SilentRegisterIntentOperation] cmp=com.google.android.gms/.chimera.GmsIntentOperationService } isPeriodic:false
D/dalvikvm( 1830): GC_EXPLICIT freed 150K, 19% free 6193K/7636K, paused 0ms+0ms, total 5ms
I/dalvikvm( 2088): Could not find method android.telephony.SubscriptionManager.from, referenced from method aren.a
W/dalvikvm( 2088): VFY: unable to resolve static method 1982: Landroid/telephony/SubscriptionManager;.from (Landroid/content/Context;)Landroid/telephony/SubscriptionManager;
D/dalvikvm( 2088): VFY: replacing opcode 0x71 at 0x000d
W/DynamiteModule( 2088): Local module descriptor class for providerinstaller not found.
W/ProviderHelper( 2088): Unknown dynamite feature providerinstaller
I/DynamiteModule( 2088): Considering local module providerinstaller:0 and remote module providerinstaller:0
W/ProviderInstaller( 2088): Failed to load providerinstaller module: No acceptable module found. Local version is 0 and remote version is 0.
D/dalvikvm( 1776): GC_FOR_ALLOC freed 1881K, 22% free 10062K/12872K, paused 17ms, total 17ms
I/Auth    ( 1776): [AuthManaged,PasswordComplexityHelperImpl] Updating password complexity components state.
I/Auth    ( 1776): [AuthManaged,PasswordComplexityHelperImpl] Disabling com.google.android.gms.auth.managed.admin.DeviceAdminReceiver
I/Auth    ( 1776): [AuthManaged,PasswordComplexityHelperImpl] Disabling com.google.android.gms.auth.managed.ui.SetNewPasswordActivity
I/PTCommittedOperation( 1776): Receive new configuration for com.google.android.mainline.release
I/ChromeSync( 2088): [Sync,SyncIntentOperation] Handling the intent: Intent { act=com.google.android.gms.phenotype.COMMITTED flg=0x10 pkg=com.google.android.gms cmp=com.google.android.gms/.chimera.GmsIntentOperationService (has extras) }.
I/MdiSyncModule( 2088): flag handling is skipping irrelevant intent.
W/ModuleInitIntentOp( 2088): Dropping unexpected action com.google.android.gms.phenotype.COMMITTED
E/ahif    ( 1776): Phenotype API error. Event # bqfe@1e42dbdf, EventCode: 5 [CONTEXT service_id=51 ]
E/ahif    ( 1776): ahhj: 29501: Stale snapshot (change count changed - expected 2  but was 1)
E/ahif    ( 1776): 	at ahii.a(:com.google.android.gms@202414005@20.24.14 (000700-319035315):13)
E/ahif    ( 1776): 	at ahih.b(:com.google.android.gms@202414005@20.24.14 (000700-319035315):2)
E/ahif    ( 1776): 	at ahif.a(:com.google.android.gms@202414005@20.24.14 (000700-319035315):85)
E/ahif    ( 1776): 	at ahif.a(:com.google.android.gms@202414005@20.24.14 (000700-319035315):80)
E/ahif    ( 1776): 	at uun.run(:com.google.android.gms@202414005@20.24.14 (000700-319035315):9)
E/ahif    ( 1776): 	at bcny.run(:com.google.android.gms@202414005@20.24.14 (000700-319035315):2)
E/ahif    ( 1776): 	at nlp.b(:com.google.android.gms@202414005@20.24.14 (000700-319035315):12)
E/ahif    ( 1776): 	at nlp.run(:com.google.android.gms@202414005@20.24.14 (000700-319035315):7)
E/ahif    ( 1776): 	at java.util.concurrent.ThreadPoolExecutor.runWorker(ThreadPoolExecutor.java:1112)
E/ahif    ( 1776): 	at java.util.concurrent.ThreadPoolExecutor$Worker.run(ThreadPoolExecutor.java:587)
E/ahif    ( 1776): 	at nrd.run(:com.google.android.gms@202414005@20.24.14 (000700-319035315):0)
E/ahif    ( 1776): 	at java.lang.Thread.run(Thread.java:841)
E/AsyncOperation( 1776): serviceID=51, operation=CommitToConfigurationOperationCall
E/AsyncOperation( 1776): OperationException[Status{statusCode=Stale snapshot (change count changed - expected 2  but was 1), resolution=null}]
E/AsyncOperation( 1776): 	at ahif.a(:com.google.android.gms@202414005@20.24.14 (000700-319035315):87)
E/AsyncOperation( 1776): 	at ahif.a(:com.google.android.gms@202414005@20.24.14 (000700-319035315):80)
E/AsyncOperation( 1776): 	at uun.run(:com.google.android.gms@202414005@20.24.14 (000700-319035315):9)
E/AsyncOperation( 1776): 	at bcny.run(:com.google.android.gms@202414005@20.24.14 (000700-319035315):2)
