D/ConnectivityService( 1569): [CheckMp] isMobileOk: newUrl=https://172.217.13.110/generate_204
W/ActivityThread( 1569): ClassLoader.loadClass: The class loader returned by Thread.getContextClassLoader() may fail for processes that host multiple applications. You should explicitly specify a context class loader. For example: Thread.setContextClassLoader(getClass().getClassLoader());
D/ConnectivityService( 1569): [CheckMp] isMobileOk: hostnameVerify retVal=true hostname=172.217.13.110 orgUriHost=clients3.google.com
D/ConnectivityService( 1569): [CheckMp] isMobileOk: headers={null=[HTTP/1.1 204 No Content], Alt-Svc=[h3=":443"; ma=2592000,h3-29=":443"; ma=2592000,h3-T051=":443"; ma=2592000,h3-Q050=":443"; ma=2592000,h3-Q046=":443"; ma=2592000,h3-Q043=":443"; ma=2592000,quic=":443"; ma=2592000; v="46,43"], Connection=[close], Content-Length=[0], Date=[Sun, 15 Aug 2021 14:24:58 GMT], X-Android-Received-Millis=[1629037497861], X-Android-Response-Source=[NETWORK 204], X-Android-Selected-Transport=[http/1.1], X-Android-Sent-Millis=[1629037497849]}
D/ConnectivityService( 1569): [CheckMp] isMobileOk: X got expected responseCode=204 result=1
D/ConnectivityService( 1569): [CheckMp] isMobileOk: F stop hipri
D/ConnectivityService( 1569): stopUsingNetworkFeature: teardown net 0: enableHIPRI
D/MobileDataStateTracker( 1569): hipri: Broadcast received: android.intent.action.ANY_DATA_STATE apnType=hipri
D/MobileDataStateTracker( 1569): hipri: Received state=DISCONNECTED, old=CONNECTED, reason=dataDisabled
D/MobileDataStateTracker( 1569): hipri: setDetailed state, old =CONNECTED and new state=DISCONNECTED
D/MobileDataStateTracker( 1569): default: setEnableFailFastMobileData(enabled=0)
D/ConnectivityService( 1569): ConnectivityChange for mobile_hipri: DISCONNECTED/DISCONNECTED
D/Nat464Xlat( 1569): requiresClat: netType=5, hasIPv4Address=true
I/ActivityManager( 1569): Start proc com.google.android.gms for service com.google.android.gms/.chimera.GmsIntentOperationService: pid=2088 uid=10007 gids={50007, 3003, 1007, 1028, 1015, 3002, 3001, 3007, 2001, 3006}
I/ActivityManager( 1569): Start proc com.android.music for broadcast com.android.music/.MediaButtonIntentReceiver: pid=2146 uid=10036 gids={50036, 3003, 1028, 1015}
W/ActivityManager( 1569): Unable to start service Intent { act=com.google.android.gms.auth.key.retrieval.service.START pkg=com.google.android.gms } U=0: not found
W/ActivityManager( 1569): Unbind failed: could not find connection for android.os.BinderProxy@9d99ac98
I/SystemUpdateService( 1830): cancelUpdate (empty URL)
I/SystemUpdateService( 1830): cancelUpdate (empty URL)
W/ActivityManager( 1569): Unable to start service Intent { act=com.google.android.gms.nearby.discovery:ACTION_INIT_MESSAGES_PATH cmp=com.google.android.gms/.nearby.discovery.service.DiscoveryService } U=0: not found
I/ActivityManager( 1569): Start proc com.google.android.gms.ui for service com.google.android.gms/.chimera.UiIntentOperationService: pid=2247 uid=10007 gids={50007, 3003, 1007, 1028, 1015, 3002, 3001, 3007, 2001, 3006}
I/PackageManager( 1569): Adding preferred activity ComponentInfo{com.android.mms/com.android.mms.ui.ComposeMessageActivity} for user 0 :
I/PackageManager( 1569): Adding preferred activity ComponentInfo{com.android.mms/com.android.mms.ui.ComposeMessageActivity} for user 0 :
I/PackageManager( 1569): Adding preferred activity ComponentInfo{com.android.mms/com.android.mms.ui.ComposeMessageActivity} for user 0 :
I/PackageManager( 1569): Adding preferred activity ComponentInfo{com.android.mms/com.android.mms.ui.ComposeMessageActivity} for user 0 :
I/PackageManager( 1569): Adding preferred activity ComponentInfo{com.android.mms/com.android.mms.ui.ComposeMessageActivity} for user 0 :
I/PackageManager( 1569): Adding preferred activity ComponentInfo{com.android.mms/com.android.mms.ui.ComposeMessageActivity} for user 0 :
I/PackageManager( 1569): Adding preferred activity ComponentInfo{com.android.mms/com.android.mms.ui.ComposeMessageActivity} for user 0 :
I/PackageManager( 1569): Adding preferred activity ComponentInfo{com.android.mms/com.android.mms.ui.ComposeMessageActivity} for user 0 :
I/PackageManager( 1569): Adding preferred activity ComponentInfo{com.android.mms/com.android.mms.ui.ComposeMessageActivity} for user 0 :
I/PackageManager( 1569): Adding preferred activity ComponentInfo{com.android.mms/com.android.mms.ui.ComposeMessageActivity} for user 0 :
I/PackageManager( 1569): Adding preferred activity ComponentInfo{com.android.mms/com.android.mms.ui.ComposeMessageActivity} for user 0 :
I/PackageManager( 1569): Adding preferred activity ComponentInfo{com.android.mms/com.android.mms.ui.ComposeMessageActivity} for user 0 :
I/PackageManager( 1569): Adding preferred activity ComponentInfo{com.android.mms/com.android.mms.ui.ComposeMessageActivity} for user 0 :
I/PackageManager( 1569): Adding preferred activity ComponentInfo{com.android.mms/com.android.mms.ui.ComposeMessageActivity} for user 0 :
I/PackageManager( 1569): Adding preferred activity ComponentInfo{com.android.mms/com.android.mms.ui.ComposeMessageActivity} for user 0 :
I/PackageManager( 1569): Adding preferred activity ComponentInfo{com.android.mms/com.android.mms.ui.ComposeMessageActivity} for user 0 :
I/PackageManager( 1569): Adding preferred activity ComponentInfo{com.android.mms/com.android.mms.ui.ComposeMessageActivity} for user 0 :
I/PackageManager( 1569): Adding preferred activity ComponentInfo{com.android.mms/com.android.mms.ui.ComposeMessageActivity} for user 0 :
I/PackageManager( 1569): Adding preferred activity ComponentInfo{com.android.mms/com.android.mms.ui.ComposeMessageActivity} for user 0 :
I/PackageManager( 1569): Adding preferred activity ComponentInfo{com.android.mms/com.android.mms.ui.ComposeMessageActivity} for user 0 :
I/PackageManager( 1569): Adding preferred activity ComponentInfo{com.android.mms/com.android.mms.ui.ComposeMessageActivity} for user 0 :
I/PackageManager( 1569): Adding preferred activity ComponentInfo{com.android.mms/com.android.mms.ui.ComposeMessageActivity} for user 0 :
I/PackageManager( 1569): Adding preferred activity ComponentInfo{com.android.mms/com.android.mms.ui.ComposeMessageActivity} for user 0 :
I/PackageManager( 1569): Adding preferred activity ComponentInfo{com.android.mms/com.android.mms.ui.ComposeMessageActivity} for user 0 :
I/PackageManager( 1569): Adding preferred activity ComponentInfo{com.android.mms/com.android.mms.ui.ComposeMessageActivity} for user 0 :
I/PackageManager( 1569): Adding preferred activity ComponentInfo{com.android.mms/com.android.mms.ui.ComposeMessageActivity} for user 0 :
I/PackageManager( 1569): Adding preferred activity ComponentInfo{com.android.mms/com.android.mms.ui.ComposeMessageActivity} for user 0 :
I/PackageManager( 1569): Adding preferred activity ComponentInfo{com.android.mms/com.android.mms.ui.ComposeMessageActivity} for user 0 :
I/PackageManager( 1569): Adding preferred activity ComponentInfo{com.android.mms/com.android.mms.ui.ComposeMessageActivity} for user 0 :
I/PackageManager( 1569): Adding preferred activity ComponentInfo{com.android.mms/com.android.mms.ui.ComposeMessageActivity} for user 0 :
I/PackageManager( 1569): Adding preferred activity ComponentInfo{com.android.mms/com.android.mms.ui.ComposeMessageActivity} for user 0 :
I/PackageManager( 1569): Adding preferred activity ComponentInfo{com.android.mms/com.android.mms.ui.ComposeMessageActivity} for user 0 :
I/ActivityManager( 1569): Start proc com.google.android.googlequicksearchbox for broadcast com.google.android.googlequicksearchbox/com.google.android.searchcommon.summons.icing.InternalIcingCorporaProvider$CorporaChangedReceiver: pid=2313 uid=10013 gids={50013, 3003, 1028, 3002, 1015}
I/ActivityManager( 1569): Start proc com.google.android.googlequicksearchbox:launcher for broadcast com.google.android.googlequicksearchbox/com.google.android.gel.GelStubAppWatcher: pid=2339 uid=10013 gids={50013, 3003, 1028, 3002, 1015}
E/ActivityThread( 2313): Failed to find provider info for com.google.android.voicesearch
E/ActivityThread( 2313): Failed to find provider info for com.google.android.partnersetup.rlzappprovider
W/ActivityManager( 1569): Unable to start service Intent { act=com.google.android.gms.nearby.discovery:ACTION_PERMISSION_CHANGE cmp=com.google.android.gms/.nearby.discovery.service.DiscoveryService } U=0: not found
D/ConnectivityService( 1569): [CheckMp] isMobileOk: X result=1
D/ConnectivityService( 1569): [CheckMp] onPostExecute: result=1
D/ConnectivityService( 1569): CheckMp.onComplete: result=1
D/ConnectivityService( 1569): CheckMp.onComplete: ignore, connected or no connection
I/ActivityManager( 1569): Start proc com.google.android.gms.unstable for service com.google.android.gms/.droidguard.DroidGuardService: pid=2382 uid=10007 gids={50007, 3003, 1007, 1028, 1015, 3002, 3001, 3007, 2001, 3006}
I/ActivityManager( 1569): Start proc com.google.android.calendar for broadcast com.google.android.calendar/com.android.calendar.widget.CalendarAppWidgetService$CalendarFactory: pid=2401 uid=10018 gids={50018, 3003}
I/ActivityManager( 1569): Start proc com.android.providers.calendar for content provider com.android.providers.calendar/.CalendarProvider2: pid=2428 uid=10001 gids={50001, 3003, 1028, 1015}
I/ActivityManager( 1569): Start proc com.android.deskclock for broadcast com.android.deskclock/.AlarmInitReceiver: pid=2440 uid=10022 gids={50022, 1028}
W/BackupManagerService( 1569): dataChanged but no participant pkg='com.android.providers.settings' uid=10022
I/ActivityManager( 1569): Start proc com.google.android.play.games for broadcast com.google.android.play.games/com.google.android.libraries.notifications.entrypoints.timezonechanged.TimezoneChangedReceiver: pid=2468 uid=10043 gids={50043, 3003}
W/ActivityManager( 1569): Unable to start service Intent { act=com.google.android.gms.instantapps.START pkg=com.google.android.gms } U=0: not found
W/ActivityManager( 1569): Unbind failed: could not find connection for android.os.BinderProxy@9d330e38
W/BroadcastQueue( 1569): Permission Denial: broadcasting Intent { act=android.appwidget.action.APPWIDGET_UPDATE_OPTIONS flg=0x10 cmp=com.android.settings/.widget.SettingsAppWidgetProvider (has extras) } from android (pid=1933, uid=10009) is not exported from uid 1000 due to receiver com.android.settings/.widget.SettingsAppWidgetProvider
I/ActivityManager( 1569): Start proc com.android.dialer for broadcast com.android.dialer/.calllog.CallLogReceiver: pid=2522 uid=10004 gids={50004, 3003, 1028, 1015}
I/ActivityManager( 1569): Delay finish: com.android.dialer/.calllog.CallLogReceiver
I/ActivityManager( 1569): Resuming delayed broadcast
V/WiredAccessoryManager( 1569): init()
I/PowerManagerService( 1569): Boot animation finished.
I/BootReceiver( 1569): Copying audit failures to DropBox
I/BootReceiver( 1569): Checking for fsck errors
I/ActivityManager( 1569): Delay finish: com.android.providers.downloads/.DownloadReceiver
I/ActivityManager( 1569): Resuming delayed broadcast
I/SystemUpdateService( 1830): cancelUpdate (empty URL)
I/SystemUpdateService( 1830): cancelUpdate (empty URL)
I/ActivityManager( 1569): Start proc com.android.mms for broadcast com.android.mms/.transaction.MmsSystemEventReceiver: pid=2552 uid=10010 gids={50010, 3003, 1028, 1015}
D/CountryDetector( 1569): The first listener is added
I/ActivityManager( 1569): Delay finish: com.android.mms/.transaction.MmsSystemEventReceiver
I/ActivityManager( 1569): Resuming delayed broadcast
I/ActivityManager( 1569): Delay finish: com.android.mms/.transaction.SmsReceiver
I/ActivityManager( 1569): Resuming delayed broadcast
I/ActivityManager( 1569): Delay finish: com.google.android.googlequicksearchbox/com.google.android.searchcommon.StartUpReceiver
D/ConnectivityService( 1569): handleInetConditionHoldEnd: net=0, condition=0, published condition=0
I/CertBlacklister( 1569): Certificate blacklist changed, updating...
I/CertBlacklister( 1569): Certificate blacklist updated
I/CertBlacklister( 1569): Certificate blacklist changed, updating...
I/CertBlacklister( 1569): Certificate blacklist updated
W/ActivityManager( 1569): Unable to start service Intent { act=com.google.android.gms.auth.key.retrieval.service.START pkg=com.google.android.gms } U=0: not found
W/ActivityManager( 1569): Unbind failed: could not find connection for android.os.BinderProxy@9dac9b40
I/CertBlacklister( 1569): Certificate blacklist changed, updating...
I/CertBlacklister( 1569): Certificate blacklist updated
W/ActivityManager( 1569): Unable to start service Intent { act=com.google.android.gms.nearby.discovery:ACTION_INIT_MESSAGES_PATH cmp=com.google.android.gms/.nearby.discovery.service.DiscoveryService } U=0: not found
--------- beginning of /dev/log/main
E/AsyncOperation( 1776): serviceID=51, operation=GetExperimentTokensOperationCall
E/AsyncOperation( 1776): OperationException[Status{statusCode=No config packages for log source, or config package not registered, resolution=null}]
E/AsyncOperation( 1776): 	at ahif.a(:com.google.android.gms@202414005@20.24.14 (000700-319035315):87)
E/AsyncOperation( 1776): 	at ahif.a(:com.google.android.gms@202414005@20.24.14 (000700-319035315):80)
E/AsyncOperation( 1776): 	at uun.run(:com.google.android.gms@202414005@20.24.14 (000700-319035315):9)
E/AsyncOperation( 1776): 	at bcny.run(:com.google.android.gms@202414005@20.24.14 (000700-319035315):2)
E/AsyncOperation( 1776): 	at nlp.b(:com.google.android.gms@202414005@20.24.14 (000700-319035315):12)
E/AsyncOperation( 1776): 	at nlp.run(:com.google.android.gms@202414005@20.24.14 (000700-319035315):7)
E/AsyncOperation( 1776): 	at java.util.concurrent.ThreadPoolExecutor.runWorker(ThreadPoolExecutor.java:1112)
E/AsyncOperation( 1776): 	at java.util.concurrent.ThreadPoolExecutor$Worker.run(ThreadPoolExecutor.java:587)
E/AsyncOperation( 1776): 	at nrd.run(:com.google.android.gms@202414005@20.24.14 (000700-319035315):0)
E/AsyncOperation( 1776): 	at java.lang.Thread.run(Thread.java:841)
I/BackupAndSyncValidation( 2088): Scheduling the service.
W/MDM     ( 2088): [107] aamr.c: Device admin action is a no-op. Action: true
V/SmartDevice( 2088): [service,SmartDeviceIntentHandlers] OnUpgradeOrBootOperation got intent: Intent { act=android.intent.action.BOOT_COMPLETED flg=0x8000010 cmp=com.google.android.gms/.chimera.GmsIntentOperationService (has extras) } with flag 3
I/PeopleInitIntentOp( 2088): Not initializing debuggability [CONTEXT service_id=5 ]
I/TelephonySpam( 2088): TelephonySpamInit - On boot completed TelephonySpam module initialized
I/TelephonySpam( 2088): TelephonySpamInit - onModuleUpdated TelephonySpam module initialized
I/TelephonySpam( 2088): SpamListSync - scheduleSyncTasks
I/TelephonySpam( 2088): SpamListSync - schedulePeriodicTask
D/dalvikvm( 2088): JIT code cache reset in 0 ms (523264 bytes 1/0)
D/dalvikvm( 1830): GC_EXPLICIT freed 132K, 21% free 6082K/7636K, paused 0ms+12ms, total 20ms
I/TelephonySpam( 2088): SpamListSync - scheduleOneTimeTask
I/CheckinRequestBuilder( 2088): Checkin reason type: 1 attempt count: 1 [CONTEXT service_id=130 ]
I/Wear_Controller( 2088): Wear requires a companion app to be installed.
I/Wear_Controller( 2088): onStartup - Wear is not available on this device.
I/ahlt    ( 1776): updateFromConfigurations using legacy put method [CONTEXT service_id=204 ]
D/dalvikvm( 2088): GC_EXPLICIT freed 643K, 13% free 11450K/13120K, paused 25ms+11ms, total 151ms
I/Icing   ( 2088): Indexing done com.google.android.googlequicksearchbox-applications
I/Icing   ( 2088): Indexing com.google.android.gms-apps from com.google.android.gms
D/dalvikvm( 1776): GC_EXPLICIT freed 1682K, 18% free 8674K/10496K, paused 1ms+2ms, total 22ms
I/Icing   ( 2088): Indexing done com.google.android.gms-apps
I/ahlt    ( 1776): updateFromConfigurations using legacy put method [CONTEXT service_id=204 ]
E/WakeLock( 2088): DG:service ** IS FORCE-RELEASED ON TIMEOUT **
I/Icing   ( 2088): Indexing com.google.android.gms-apps from com.google.android.gms
I/Icing   ( 2088): Indexing done com.google.android.gms-apps
D/dalvikvm( 2088): GC_EXPLICIT freed 456K, 15% free 11249K/13120K, paused 8ms+9ms, total 85ms
I/Icing   ( 2088): IndexChimeraService.getServiceInterface callingPackage=com.google.android.googlequicksearchbox componentName=null serviceId=21
D/dalvikvm( 1830): GC_EXPLICIT freed 146K, 21% free 6082K/7636K, paused 0ms+0ms, total 28ms
W/Icing.InternalIcingCorporaProvider( 2313): Application table change notification failed.
D/dalvikvm( 2313): GC_FOR_ALLOC freed 471K, 14% free 3411K/3956K, paused 1ms, total 1ms
D/dalvikvm( 1569): GC_EXPLICIT freed 915K, 47% free 7811K/14704K, paused 0ms+5ms, total 12ms
D/EGL_emulation( 2382): eglCreateContext: 0xb7b29160: maj 3 min 0 rcv 3
D/EGL_emulation( 2382): eglMakeCurrent: 0xb7b29160: ver 3 0
E/eglCodecCommon( 2382): glUtilsParamSize: unknow param 0x00008cdf
E/eglCodecCommon( 2382): glUtilsParamSize: unknow param 0x00008824
W/Icing   ( 2088): No valid account for uploading user actions
I/Icing   ( 2088): IndexChimeraService.getServiceInterface callingPackage=com.google.android.googlequicksearchbox componentName=null serviceId=21
W/Icing.InternalIcingCorporaProvider( 2313): Contacts table change notification failed.
I/GCoreUlr( 1776): WorldUpdater received intent Intent { act=com.google.android.location.reporting.ACTION_UPDATE_WORLD cmp=com.google.android.gms/com.google.android.location.reporting.service.DispatchingService (has extras) } with receiverAction init
I/ActivityManager( 1569): Resuming delayed broadcast
D/dalvikvm( 2088): GC_EXPLICIT freed 105K, 15% free 11205K/13120K, paused 9ms+7ms, total 62ms
D/AlertReceiver( 2401): onReceive: a=android.intent.action.BOOT_COMPLETED Intent { act=android.intent.action.BOOT_COMPLETED flg=0x8000010 cmp=com.google.android.calendar/com.android.calendar.alerts.AlertReceiver (has extras) }
I/ActivityManager( 1569): Delay finish: com.google.android.calendar/com.android.calendar.alerts.AlertReceiver
D/AlertUtils( 2401): Flushing old alerts from shared prefs table
D/AlertService( 2401): 0 Action = android.intent.action.BOOT_COMPLETED
D/AlertService( 2401): Scheduling next alarm with AlarmScheduler. sEventReminderReceived: null
I/Icing   ( 2088): Usage reports ok 0, Failed Usage reports 0, indexed 0, rejected 0
W/Icing   ( 2088): No valid account for uploading user actions
D/EGL_emulation( 2382): eglCreateContext: 0xb7b29160: maj 3 min 0 rcv 3
D/EGL_emulation( 2382): eglMakeCurrent: 0xb7b29160: ver 3 0
E/eglCodecCommon( 2382): glUtilsParamSize: unknow param 0x00008cdf
E/eglCodecCommon( 2382): glUtilsParamSize: unknow param 0x00008824
I/Icing   ( 2088): Usage reports ok 0, Failed Usage reports 0, indexed 0, rejected 0
D/AlarmScheduler( 2401): No events found starting within 1 week.
I/dalvikvm( 1776): Could not find method android.os.PowerManager.isInteractive, referenced from method ayde.a
W/dalvikvm( 1776): VFY: unable to resolve virtual method 1678: Landroid/os/PowerManager;.isInteractive ()Z
D/dalvikvm( 1776): VFY: replacing opcode 0x6e at 0x003d
I/GCoreUlr( 1776): WorldUpdater:init: Ensuring that reporting is stopped because of reasons: (no Google accounts)
I/GCoreUlr( 1776): Unbound from all signal providers.
D/dalvikvm( 2088): GC_EXPLICIT freed 75K, 15% free 11195K/13120K, paused 5ms+16ms, total 103ms
D/        ( 2382): HostConnection::get() New Host Connection established 0xb7b2a6a0, tid 2393
I/GCoreUlr( 1776): Unbound from all signal providers.
I/GCoreUlr( 1776): Stopping handler for UlrDispSvcFast
D/EGL_emulation( 2382): eglCreateContext: 0xb7b295f0: maj 3 min 0 rcv 3
D/EGL_emulation( 2382): eglMakeCurrent: 0xb7b295f0: ver 3 0
E/eglCodecCommon( 2382): glUtilsParamSize: unknow param 0x00008cdf
E/eglCodecCommon( 2382): glUtilsParamSize: unknow param 0x00008824
D/dalvikvm( 2088): GC_EXPLICIT freed 33K, 15% free 11362K/13288K, paused 7ms+2ms, total 28ms
D/EGL_emulation( 2382): eglCreateContext: 0xb7b2aa60: maj 3 min 0 rcv 3
D/EGL_emulation( 2382): eglMakeCurrent: 0xb7b2aa60: ver 3 0
E/eglCodecCommon( 2382): glUtilsParamSize: unknow param 0x00008cdf
E/eglCodecCommon( 2382): glUtilsParamSize: unknow param 0x00008824
D/dalvikvm( 2088): GC_EXPLICIT freed 1068K, 22% free 10461K/13288K, paused 3ms+2ms, total 38ms
D/dalvikvm( 2382): GC_FOR_ALLOC freed 2511K, 45% free 5617K/10072K, paused 7ms, total 7ms
I/GmsModuleFndr( 2088): Beginning GMS chimera module scan
I/ModuleSetMgr( 2088): Computing pending module set with APKs: [[AdsFdrDynamite.integ:21460000000], [Cronetdynamite:202414000700], [Dynamiteloader:202414000700], [Dynamitemodulesa:202414000000], [Dynamitemodulesc:202414000000], [Googlecertificates:202414000000], [Mapsdynamite:202414000000], [Measurementdynamite:202414000000]]
I/ModuleSetMgr( 2088): Pending container module APKs: []
I/ModuleSetMgr( 2088): Pending non-container module APKs: []
D/dalvikvm( 2088): GC_EXPLICIT freed 268K, 19% free 10847K/13288K, paused 15ms+5ms, total 41ms
I/Icing   ( 2088): IndexChimeraService.getServiceInterface callingPackage=com.google.android.googlequicksearchbox componentName=null serviceId=21
W/Icing   ( 2088): No valid account for uploading user actions
I/Icing   ( 2088): Usage reports ok 0, Failed Usage reports 0, indexed 0, rejected 0
I/CheckinUtil( 2088): Classify the device as Phone. [CONTEXT service_id=130 ]
V/AlarmClock( 2440): AlarmInitReceiver android.intent.action.BOOT_COMPLETED
D/dalvikvm( 2440): GC_FOR_ALLOC freed 430K, 15% free 3069K/3576K, paused 1ms, total 1ms
I/ActivityManager( 1569): Resuming delayed broadcast
V/AlarmClock( 2440): AlarmInitReceiver - Reset timers and clear stopwatch data
V/AlarmClock( 2440): AlarmInitReceiver - resetting volume button default
I/AlarmClock( 2440): Displaying next alarm time: ''
V/AlarmClock( 2440): AlarmInitReceiver finished
D/dalvikvm( 2088): GC_EXPLICIT freed 107K, 18% free 10960K/13288K, paused 6ms+2ms, total 37ms
W/Conscrypt( 2088): Could not set socket write timeout: java.net.SocketException: Socket closed
W/Conscrypt( 2088): 	at com.google.android.gms.org.conscrypt.Platform.setSocketWriteTimeout(:com.google.android.gms@202414005@20.24.14 (000700-319035315):2)
W/Conscrypt( 2088): 	at com.google.android.gms.org.conscrypt.ConscryptFileDescriptorSocket.setSoWriteTimeout(:com.google.android.gms@202414005@20.24.14 (000700-319035315):0)
I/ActivityManager( 1569): Delay finish: com.android.email/.service.EmailUpgradeBroadcastReceiver
D/dalvikvm( 2088): GC_EXPLICIT freed 30K, 17% free 11068K/13288K, paused 0ms+2ms, total 20ms
I/ActivityManager( 1569): Resuming delayed broadcast
I/Email   ( 2042): Onetime initialization: 1
I/Email   ( 2042): Onetime initialization: 2
I/Email   ( 2042): Onetime initialization: completed.
D/dalvikvm( 2088): GC_EXPLICIT freed 41K, 17% free 11136K/13288K, paused 3ms+10ms, total 29ms
I/ActivityManager( 1569): Delay finish: com.android.email/.service.EmailBroadcastReceiver
I/ActivityManager( 1569): Delaying start of: ServiceRecord{9d7c2318 u0 com.android.exchange/.service.EmailSyncAdapterService}
I/ActivityManager( 1569): Resuming delayed broadcast
I/ActivityManager( 1569): Delay finish: com.google.android.syncadapters.contacts/.ContactsSyncAdapterBroadcastReceiver
I/LauncherIconVisibilityManager( 1762): Boot has been completed
W/Conscrypt( 2088): Could not set socket write timeout: java.net.SocketException: Socket closed
W/Conscrypt( 2088): 	at com.google.android.gms.org.conscrypt.Platform.setSocketWriteTimeout(:com.google.android.gms@202414005@20.24.14 (000700-319035315):2)
I/LauncherIconVisibilityManager( 1762): Disable activity: ComponentInfo{com.google.android.inputmethod.latin/com.android.inputmethod.latin.setup.SetupActivity}
I/ActivityManager( 1569): Resuming delayed broadcast
W/Conscrypt( 2088): 	at com.google.android.gms.org.conscrypt.ConscryptFileDescriptorSocket.setSoWriteTimeout(:com.google.android.gms@202414005@20.24.14 (000700-319035315):0)
I/Notifications( 2468): [ChimeBroadcastReceiver] Intent received for action [android.intent.action.BOOT_COMPLETED] package [com.google.android.play.games].
I/Notifications( 2468): [ChimeBroadcastReceiver] Validation OK for action [android.intent.action.BOOT_COMPLETED].
I/Notifications( 2468): [ChimeBroadcastReceiver] Executing action in Service [android.intent.action.BOOT_COMPLETED].
I/ActivityManager( 1569): Delay finish: com.android.email/.provider.WidgetProvider
D/dalvikvm( 2088): GC_EXPLICIT freed 179K, 16% free 11244K/13288K, paused 3ms+6ms, total 43ms
E/WakeLock( 2088): DG:service ** IS FORCE-RELEASED ON TIMEOUT **
I/Icing   ( 2088): Indexing com.google.android.gms-internal.3p:MobileApplication from com.google.android.gms
I/FontLog ( 2088): Updating from directory version 0 to 17 from disk [CONTEXT service_id=132 ]
I/Icing   ( 2088): Indexing done com.google.android.gms-internal.3p:MobileApplication
I/ActivityManager( 1569): Resuming delayed broadcast
D/dalvikvm( 2088): GC_EXPLICIT freed 41K, 16% free 11239K/13288K, paused 3ms+7ms, total 38ms
D/dalvikvm( 2552): GC_FOR_ALLOC freed 244K, 9% free 3262K/3580K, paused 4ms, total 4ms
I/ActivityManager( 1569): Delay finish: com.google.android.gms/.chimera.GmsIntentOperationService$PersistentInternalReceiver
E/PhenotypeRegOp( 2088): Attempting to overwrite config package for com.google.android.gms.games [CONTEXT service_id=231 ]
E/PhenotypeRegOp( 2088): Attempting to overwrite config package for com.google.android.gms.mobile_data_plan [CONTEXT service_id=231 ]
E/PhenotypeRegOp( 2088): Attempting to overwrite config package for com.google.android.gms.signin [CONTEXT service_id=231 ]
E/PhenotypeRegOp( 2088): Attempting to overwrite config package for com.google.android.gms.udc [CONTEXT service_id=231 ]
I/ActivityManager( 1569): Resuming delayed broadcast
D/dalvikvm( 2088): GC_EXPLICIT freed 274K, 17% free 11101K/13288K, paused 2ms+1ms, total 56ms
D/dalvikvm( 1830): GC_EXPLICIT freed 203K, 21% free 6086K/7636K, paused 1ms+0ms, total 23ms
D/dalvikvm( 2088): GC_EXPLICIT freed 7K, 17% free 11100K/13288K, paused 1ms+4ms, total 29ms
D/dalvikvm( 1869): GC_FOR_ALLOC freed 376K, 12% free 3390K/3840K, paused 5ms, total 5ms
I/GmsModuleFndr( 2088): Beginning GMS chimera module scan
I/ModuleSetMgr( 2088): Computing pending module set with APKs: [[AdsFdrDynamite.integ:21460000000], [Cronetdynamite:202414000700], [Dynamiteloader:202414000700], [Dynamitemodulesa:202414000000], [Dynamitemodulesc:202414000000], [Googlecertificates:202414000000], [Mapsdynamite:202414000000], [Measurementdynamite:202414000000]]
I/ModuleSetMgr( 2088): Pending container module APKs: []
I/ModuleSetMgr( 2088): Pending non-container module APKs: []
I/ActivityManager( 1569): Delay finish: com.android.providers.contacts/.PackageIntentReceiver
I/ActivityManager( 1569): Resuming delayed broadcast
I/Fitness ( 1776): FitCleanupIntentOperation received Intent android.intent.action.PACKAGE_CHANGED [CONTEXT service_id=17 ]
I/ActivityManager( 1569): Delay finish: com.google.android.googlequicksearchbox/com.google.android.searchcommon.summons.icing.InternalIcingCorporaProvider$CorporaChangedReceiver
I/Fitness ( 1776): OnPackageChangedOperation got intent: Intent { act=android.intent.action.PACKAGE_CHANGED dat=package:com.android.email flg=0x4000010 cmp=com.google.android.gms/.chimera.PersistentIntentOperationService (has extras) } [CONTEXT service_id=17 ]
I/Icing.InternalIcingCorporaProvider( 2313): Updating corpora: A: com.android.email, C: MAYBE
I/Checkin ( 2088): [CheckinRequestProcessor] updateCheckinIdTokenFileFromResponse, Reading existing AID
I/Checkin ( 2088): [CheckinRequestProcessor] CheckinNowTaskTag : Checkin Succeeded: https://android.googleapis.com/checkin (fragment #1).
D/dalvikvm( 1569): GC_EXPLICIT freed 1032K, 48% free 7792K/14704K, paused 1ms+1ms, total 12ms
I/Icing   ( 2088): IndexChimeraService.getServiceInterface callingPackage=com.google.android.googlequicksearchbox componentName=null serviceId=21
W/Icing   ( 2088): No valid account for uploading user actions
I/Icing   ( 2088): Usage reports ok 0, Failed Usage reports 0, indexed 0, rejected 0
W/Launcher( 2339): setApplicationContext called twice! old=com.google.android.velvet.VelvetApplication@9cffc968 new=com.google.android.velvet.VelvetApplication@9cffc968
I/Fitness ( 1776): OnPackageChangedOperation got intent: Intent { act=android.intent.action.PACKAGE_CHANGED dat=package:com.google.android.gsf flg=0x4000010 cmp=com.google.android.gms/.chimera.PersistentIntentOperationService (has extras) } [CONTEXT service_id=17 ]
I/Icing.InternalIcingCorporaProvider( 2313): Updating corpora: A: com.google.android.gsf, C: MAYBE
I/Fitness ( 1776): FitCleanupIntentOperation received Intent android.intent.action.PACKAGE_CHANGED [CONTEXT service_id=17 ]
I/ActivityManager( 1569): Resuming delayed broadcast
I/ActivityManager( 1569): Delay finish: com.google.android.googlequicksearchbox/com.google.android.searchcommon.summons.icing.InternalIcingCorporaProvider$CorporaChangedReceiver
W/DynamiteModule( 2088): Local module descriptor class for providerinstaller not found.
I/DynamiteModule( 2088): Considering local module providerinstaller:0 and remote module providerinstaller:0
W/ProviderInstaller( 2088): Failed to load providerinstaller module: No acceptable module found. Local version is 0 and remote version is 0.
D/dalvikvm( 1776): GC_FOR_ALLOC freed 1804K, 19% free 8786K/10728K, paused 11ms, total 12ms
I/Icing   ( 2088): IndexChimeraService.getServiceInterface callingPackage=com.google.android.googlequicksearchbox componentName=null serviceId=21
D/dalvikvm( 2088): GC_FOR_ALLOC freed 1269K, 16% free 11196K/13288K, paused 14ms, total 14ms
I/dalvikvm-heap( 2088): Grow heap (frag case) to 12.067MB for 1048588-byte allocation
D/dalvikvm( 2088): GC_FOR_ALLOC freed 6K, 15% free 12214K/14316K, paused 18ms, total 18ms
D/dalvikvm( 2088): GC_FOR_ALLOC freed 1041K, 22% free 11176K/14316K, paused 10ms, total 12ms
W/Icing   ( 2088): No valid account for uploading user actions
I/Icing   ( 2088): Usage reports ok 0, Failed Usage reports 0, indexed 0, rejected 0
I/ActivityManager( 1569): Resuming delayed broadcast
W/Launcher( 2339): setApplicationContext called twice! old=com.google.android.velvet.VelvetApplication@9cffc968 new=com.google.android.velvet.VelvetApplication@9cffc968
I/Fitness ( 1776): OnPackageChangedOperation got intent: Intent { act=android.intent.action.PACKAGE_CHANGED dat=package:com.google.android.gms flg=0x4000010 cmp=com.google.android.gms/.chimera.PersistentIntentOperationService (has extras) } [CONTEXT service_id=17 ]
I/ActivityManager( 1569): Delay finish: com.google.android.googlequicksearchbox/com.google.android.searchcommon.summons.icing.InternalIcingCorporaProvider$CorporaChangedReceiver
I/Icing   ( 2088): updateResources: need to parse wwx{com.google.android.gms}
I/Icing.InternalIcingCorporaProvider( 2313): Updating corpora: A: com.google.android.gms, C: MAYBE
I/Fitness ( 1776): FitCleanupIntentOperation received Intent android.intent.action.PACKAGE_CHANGED [CONTEXT service_id=17 ]
I/Icing   ( 2088): IndexChimeraService.getServiceInterface callingPackage=com.google.android.googlequicksearchbox componentName=null serviceId=21
W/DynamiteModule( 2088): Local module descriptor class for providerinstaller not found.
I/DynamiteModule( 2088): Considering local module providerinstaller:0 and remote module providerinstaller:0
W/ProviderInstaller( 2088): Failed to load providerinstaller module: No acceptable module found. Local version is 0 and remote version is 0.
D/dalvikvm( 2088): GC_FOR_ALLOC freed 2064K, 23% free 11159K/14316K, paused 18ms, total 18ms
W/DynamiteModule( 2088): Local module descriptor class for providerinstaller not found.
I/DynamiteModule( 2088): Considering local module providerinstaller:0 and remote module providerinstaller:0
W/ProviderInstaller( 2088): Failed to load providerinstaller module: No acceptable module found. Local version is 0 and remote version is 0.
W/DynamiteModule( 2088): Local module descriptor class for providerinstaller not found.
I/DynamiteModule( 2088): Considering local module providerinstaller:0 and remote module providerinstaller:0
W/ProviderInstaller( 2088): Failed to load providerinstaller module: No acceptable module found. Local version is 0 and remote version is 0.
W/DynamiteModule( 2088): Local module descriptor class for providerinstaller not found.
I/DynamiteModule( 2088): Considering local module providerinstaller:0 and remote module providerinstaller:0
W/ProviderInstaller( 2088): Failed to load providerinstaller module: No acceptable module found. Local version is 0 and remote version is 0.
D/dalvikvm( 2088): GC_FOR_ALLOC freed 979K, 23% free 11141K/14316K, paused 11ms, total 11ms
I/dalvikvm-heap( 2088): Grow heap (frag case) to 12.012MB for 1048588-byte allocation
D/dalvikvm( 2088): GC_FOR_ALLOC freed 1031K, 28% free 11134K/15344K, paused 10ms, total 10ms
W/DynamiteModule( 2088): Local module descriptor class for providerinstaller not found.
I/DynamiteModule( 2088): Considering local module providerinstaller:0 and remote module providerinstaller:0
W/ProviderInstaller( 2088): Failed to load providerinstaller module: No acceptable module found. Local version is 0 and remote version is 0.
W/DynamiteModule( 2088): Local module descriptor class for providerinstaller not found.
I/DynamiteModule( 2088): Considering local module providerinstaller:0 and remote module providerinstaller:0
W/ProviderInstaller( 2088): Failed to load providerinstaller module: No acceptable module found. Local version is 0 and remote version is 0.
W/DynamiteModule( 2088): Local module descriptor class for providerinstaller not found.
I/DynamiteModule( 2088): Considering local module providerinstaller:0 and remote module providerinstaller:0
W/ProviderInstaller( 2088): Failed to load providerinstaller module: No acceptable module found. Local version is 0 and remote version is 0.
D/dalvikvm( 2088): GC_FOR_ALLOC freed 1866K, 28% free 11130K/15344K, paused 9ms, total 9ms
D/dalvikvm( 1776): GC_FOR_ALLOC freed 1679K, 17% free 9064K/10880K, paused 9ms, total 9ms
W/Icing   ( 2088): No valid account for uploading user actions
I/Icing   ( 2088): Usage reports ok 0, Failed Usage reports 0, indexed 0, rejected 0
W/Launcher( 2339): setApplicationContext called twice! old=com.google.android.velvet.VelvetApplication@9cffc968 new=com.google.android.velvet.VelvetApplication@9cffc968
I/ActivityManager( 1569): Resuming delayed broadcast
I/Fitness ( 1776): OnPackageChangedOperation got intent: Intent { act=android.intent.action.PACKAGE_CHANGED dat=package:com.android.settings flg=0x4000010 cmp=com.google.android.gms/.chimera.PersistentIntentOperationService (has extras) } [CONTEXT service_id=17 ]
I/ActivityManager( 1569): Delay finish: com.google.android.googlequicksearchbox/com.google.android.searchcommon.summons.icing.InternalIcingCorporaProvider$CorporaChangedReceiver
I/Fitness ( 1776): FitCleanupIntentOperation received Intent android.intent.action.PACKAGE_CHANGED [CONTEXT service_id=17 ]
I/Icing.InternalIcingCorporaProvider( 2313): Updating corpora: A: com.android.settings, C: MAYBE
I/Icing   ( 2088): IndexChimeraService.getServiceInterface callingPackage=com.google.android.googlequicksearchbox componentName=null serviceId=21
W/Icing   ( 2088): No valid account for uploading user actions
I/Icing   ( 2088): Usage reports ok 0, Failed Usage reports 0, indexed 0, rejected 0
D/dalvikvm( 2339): GC_FOR_ALLOC freed 300K, 11% free 3206K/3580K, paused 2ms, total 2ms
W/Launcher( 2339): setApplicationContext called twice! old=com.google.android.velvet.VelvetApplication@9cffc968 new=com.google.android.velvet.VelvetApplication@9cffc968
I/ActivityManager( 1569): Resuming delayed broadcast
E/BluetoothAdapter( 1813): Bluetooth binder is null
D/dalvikvm( 2088): GC_EXPLICIT freed 1440K, 14% free 11157K/12912K, paused 5ms+3ms, total 35ms
D/AlertReceiver( 2401): onReceive: a=android.intent.action.PROVIDER_CHANGED Intent { act=android.intent.action.PROVIDER_CHANGED dat=content://com.android.calendar flg=0x10 cmp=com.google.android.calendar/com.android.calendar.alerts.AlertReceiver }
I/IcingInternalCorpora( 2088): Received calendar change notification.
D/AlertService( 2401): 0 Action = android.intent.action.PROVIDER_CHANGED
I/ActivityManager( 1569): Delay finish: com.google.android.calendar/com.android.calendar.alerts.AlertReceiver
D/dalvikvm( 2088): GC_EXPLICIT freed 161K, 15% free 11050K/12912K, paused 1ms+1ms, total 42ms
D/dalvikvm( 2088): GC_EXPLICIT freed 19K, 15% free 11037K/12912K, paused 0ms+0ms, total 16ms
D/dalvikvm( 2088): GC_EXPLICIT freed 7K, 15% free 11037K/12912K, paused 1ms+1ms, total 15ms
D/dalvikvm( 2088): GC_EXPLICIT freed 6K, 15% free 11037K/12912K, paused 0ms+1ms, total 13ms
D/dalvikvm( 2088): GC_EXPLICIT freed 6K, 15% free 11037K/12912K, paused 1ms+1ms, total 13ms
D/dalvikvm( 2088): GC_EXPLICIT freed 7K, 15% free 11037K/12912K, paused 0ms+1ms, total 13ms
D/dalvikvm( 2088): GC_EXPLICIT freed 6K, 15% free 11037K/12912K, paused 1ms+1ms, total 12ms
I/GmsModuleFndr( 2088): Beginning GMS chimera module scan
I/ModuleSetMgr( 2088): Computing pending module set with APKs: [[AdsFdrDynamite.integ:21460000000], [Cronetdynamite:202414000700], [Dynamiteloader:202414000700], [Dynamitemodulesa:202414000000], [Dynamitemodulesc:202414000000], [Googlecertificates:202414000000], [Mapsdynamite:202414000000], [Measurementdynamite:202414000000]]
I/ModuleSetMgr( 2088): Pending container module APKs: []
I/ModuleSetMgr( 2088): Pending non-container module APKs: []
D/dalvikvm( 1830): GC_EXPLICIT freed 163K, 21% free 6079K/7636K, paused 0ms+1ms, total 6ms
D/dalvikvm( 1776): DexOpt: couldn't find field Landroid/os/Message;.sendingUid
W/dalvikvm( 1776): VFY: unable to resolve instance field 17858
D/dalvikvm( 1776): VFY: replacing opcode 0x52 at 0x0013
I/GCM-GMS ( 2088): Registering GMS 745476177629
I/Icing   ( 2088): Indexing com.google.android.googlequicksearchbox-applications from com.google.android.googlequicksearchbox
I/Icing   ( 2088): Indexing done com.google.android.googlequicksearchbox-applications
I/Icing   ( 2088): Indexing com.google.android.googlequicksearchbox-applications from com.google.android.googlequicksearchbox
I/Icing   ( 2088): Indexing done com.google.android.googlequicksearchbox-applications
W/Conscrypt( 1776): Could not set socket write timeout: java.net.SocketException: Socket closed
W/Conscrypt( 1776): 	at com.google.android.gms.org.conscrypt.Platform.setSocketWriteTimeout(:com.google.android.gms@202414005@20.24.14 (000700-319035315):2)
W/Conscrypt( 1776): 	at com.google.android.gms.org.conscrypt.ConscryptFileDescriptorSocket.setSoWriteTimeout(:com.google.android.gms@202414005@20.24.14 (000700-319035315):0)
W/Conscrypt( 1776): Could not set socket write timeout: java.net.SocketException: Socket closed
W/Conscrypt( 1776): 	at com.google.android.gms.org.conscrypt.Platform.setSocketWriteTimeout(:com.google.android.gms@202414005@20.24.14 (000700-319035315):2)
W/Conscrypt( 1776): 	at com.google.android.gms.org.conscrypt.ConscryptFileDescriptorSocket.setSoWriteTimeout(:com.google.android.gms@202414005@20.24.14 (000700-319035315):0)
I/Icing   ( 2088): Indexing com.google.android.gms-apps from com.google.android.gms
I/Icing   ( 2088): Indexing done com.google.android.gms-apps
I/Icing   ( 2088): Indexing com.google.android.googlequicksearchbox-applications from com.google.android.googlequicksearchbox
I/Icing   ( 2088): Indexing done com.google.android.googlequicksearchbox-applications
D/dalvikvm( 2313): GC_FOR_ALLOC freed 454K, 14% free 3468K/3996K, paused 3ms, total 3ms
W/Launcher.Model( 2339): Nobody to tell about the new app.  Launcher is probably loading.
I/PackageManager( 1569):   Action: "android.intent.action.SENDTO"
I/PackageManager( 1569):   Category: "android.intent.category.DEFAULT"
I/PackageManager( 1569):   Scheme: "sms"
I/PackageManager( 1569): Adding preferred activity ComponentInfo{com.android.mms/com.android.mms.ui.ComposeMessageActivity} for user 0 :
I/InputReader( 1569): Reconfiguring input devices.  changes=0x00000010
I/PackageManager( 1569):   Action: "android.intent.action.SENDTO"
I/PackageManager( 1569):   Category: "android.intent.category.DEFAULT"
I/PackageManager( 1569):   Scheme: "smsto"
I/PackageManager( 1569): Adding preferred activity ComponentInfo{com.android.mms/com.android.mms.ui.ComposeMessageActivity} for user 0 :
W/Launcher.Model( 2339): Nobody to tell about the new app.  Launcher is probably loading.
D/dalvikvm( 1796): GC_FOR_ALLOC freed 477K, 14% free 3677K/4244K, paused 4ms, total 5ms
I/PackageManager( 1569):   Action: "android.intent.action.SENDTO"
I/PackageManager( 1569):   Category: "android.intent.category.DEFAULT"
I/PackageManager( 1569):   Scheme: "mms"
W/Launcher.Model( 2339): Nobody to tell about the new app.  Launcher is probably loading.
W/Launcher.Model( 2339): Nobody to tell about the new app.  Launcher is probably loading.
I/InputReader( 1569): Reconfiguring input devices.  changes=0x00000010
I/PackageManager( 1569):   Action: "android.intent.action.SENDTO"
I/PackageManager( 1569):   Category: "android.intent.category.DEFAULT"
I/PackageManager( 1569):   Scheme: "mmsto"
D/dalvikvm( 1776): GC_FOR_ALLOC freed 2424K, 23% free 8686K/11248K, paused 26ms, total 26ms
I/PackageManager( 1569): Adding preferred activity ComponentInfo{com.android.mms/com.android.mms.ui.ComposeMessageActivity} for user 0 :
I/PackageManager( 1569): Adding preferred activity ComponentInfo{com.android.mms/com.android.mms.ui.ComposeMessageActivity} for user 0 :
D/dalvikvm( 1569): GC_FOR_ALLOC freed 1089K, 47% free 7906K/14704K, paused 12ms, total 13ms
I/InputReader( 1569): Reconfiguring input devices.  changes=0x00000010
I/InputReader( 1569): Reconfiguring input devices.  changes=0x00000010
I/PackageManager( 1569):   Action: "android.intent.action.SENDTO"
I/PackageManager( 1569):   Category: "android.intent.category.DEFAULT"
I/PackageManager( 1569):   Scheme: "sms"
I/PackageManager( 1569): Adding preferred activity ComponentInfo{com.android.mms/com.android.mms.ui.ComposeMessageActivity} for user 0 :
D/dalvikvm( 1796): GC_FOR_ALLOC freed 387K, 14% free 3667K/4260K, paused 3ms, total 5ms
I/PackageManager( 1569):   Action: "android.intent.action.SENDTO"
I/PackageManager( 1569):   Category: "android.intent.category.DEFAULT"
I/PackageManager( 1569):   Scheme: "smsto"
I/PackageManager( 1569): Adding preferred activity ComponentInfo{com.android.mms/com.android.mms.ui.ComposeMessageActivity} for user 0 :
I/PackageManager( 1569):   Action: "android.intent.action.SENDTO"
I/PackageManager( 1569):   Category: "android.intent.category.DEFAULT"
I/PackageManager( 1569):   Scheme: "mms"
I/Icing   ( 2088): Indexing com.google.android.gms-internal.3p:MobileApplication from com.google.android.gms
I/PackageManager( 1569): Adding preferred activity ComponentInfo{com.android.mms/com.android.mms.ui.ComposeMessageActivity} for user 0 :
I/PackageManager( 1569):   Action: "android.intent.action.SENDTO"
I/PackageManager( 1569):   Category: "android.intent.category.DEFAULT"
I/PackageManager( 1569):   Scheme: "mmsto"
I/PackageManager( 1569): Adding preferred activity ComponentInfo{com.android.mms/com.android.mms.ui.ComposeMessageActivity} for user 0 :
I/PackageManager( 1569):   Action: "android.intent.action.SENDTO"
I/PackageManager( 1569):   Category: "android.intent.category.DEFAULT"
I/PackageManager( 1569):   Scheme: "sms"
I/Icing   ( 2088): Indexing done com.google.android.gms-internal.3p:MobileApplication
I/Icing   ( 2088): Indexing com.google.android.googlequicksearchbox-applications from com.google.android.googlequicksearchbox
I/PackageManager( 1569): Adding preferred activity ComponentInfo{com.android.mms/com.android.mms.ui.ComposeMessageActivity} for user 0 :
D/dalvikvm( 1796): GC_FOR_ALLOC freed 439K, 16% free 3604K/4260K, paused 4ms, total 4ms
I/PackageManager( 1569):   Action: "android.intent.action.SENDTO"
I/PackageManager( 1569):   Category: "android.intent.category.DEFAULT"
I/PackageManager( 1569):   Scheme: "smsto"
I/PackageManager( 1569): Adding preferred activity ComponentInfo{com.android.mms/com.android.mms.ui.ComposeMessageActivity} for user 0 :
D/dalvikvm( 1569): GC_FOR_ALLOC freed 1225K, 47% free 7913K/14704K, paused 8ms, total 8ms
I/PackageManager( 1569):   Action: "android.intent.action.SENDTO"
I/PackageManager( 1569):   Category: "android.intent.category.DEFAULT"
I/PackageManager( 1569):   Scheme: "mms"
I/PackageManager( 1569): Adding preferred activity ComponentInfo{com.android.mms/com.android.mms.ui.ComposeMessageActivity} for user 0 :
I/PackageManager( 1569):   Action: "android.intent.action.SENDTO"
I/PackageManager( 1569):   Category: "android.intent.category.DEFAULT"
I/PackageManager( 1569):   Scheme: "mmsto"
D/dalvikvm( 1933): GC_FOR_ALLOC freed 1797K, 9% free 22632K/24800K, paused 2ms, total 3ms
I/PackageManager( 1569):   Action: "android.intent.action.SENDTO"
I/PackageManager( 1569):   Category: "android.intent.category.DEFAULT"
I/PackageManager( 1569):   Scheme: "sms"
I/FusedLocation( 1569): engine stopped (com.android.location.fused)
D/dalvikvm( 1796): GC_FOR_ALLOC freed 380K, 14% free 3665K/4260K, paused 4ms, total 4ms
I/PackageManager( 1569):   Action: "android.intent.action.SENDTO"
I/PackageManager( 1569):   Category: "android.intent.category.DEFAULT"
I/PackageManager( 1569):   Scheme: "smsto"
I/Icing   ( 2088): Indexing done com.google.android.googlequicksearchbox-applications
I/PackageManager( 1569): Adding preferred activity ComponentInfo{com.android.mms/com.android.mms.ui.ComposeMessageActivity} for user 0 :
I/PackageManager( 1569): Adding preferred activity ComponentInfo{com.android.mms/com.android.mms.ui.ComposeMessageActivity} for user 0 :
I/PackageManager( 1569): Adding preferred activity ComponentInfo{com.android.mms/com.android.mms.ui.ComposeMessageActivity} for user 0 :
I/Icing   ( 2088): Indexing com.google.android.gms-apps from com.google.android.gms
I/Icing   ( 2088): Indexing done com.google.android.gms-apps
I/Icing   ( 2088): Indexing com.google.android.gms-internal.3p:MobileApplication from com.google.android.gms
I/PackageManager( 1569):   Action: "android.intent.action.SENDTO"
I/PackageManager( 1569):   Category: "android.intent.category.DEFAULT"
I/PackageManager( 1569):   Scheme: "mms"
I/Icing   ( 2088): Indexing done com.google.android.gms-internal.3p:MobileApplication
I/Icing   ( 2088): Indexing com.google.android.googlequicksearchbox-applications from com.google.android.googlequicksearchbox
I/PackageManager( 1569):   Action: "android.intent.action.SENDTO"
I/PackageManager( 1569):   Category: "android.intent.category.DEFAULT"
I/PackageManager( 1569):   Scheme: "mmsto"
I/PackageManager( 1569): Adding preferred activity ComponentInfo{com.android.mms/com.android.mms.ui.ComposeMessageActivity} for user 0 :
I/PackageManager( 1569): Adding preferred activity ComponentInfo{com.android.mms/com.android.mms.ui.ComposeMessageActivity} for user 0 :
I/Icing   ( 2088): Indexing done com.google.android.googlequicksearchbox-applications
I/Icing   ( 2088): Indexing com.google.android.gms-internal.3p:MobileApplication from com.google.android.gms
D/dalvikvm( 1796): GC_FOR_ALLOC freed 336K, 14% free 3666K/4260K, paused 3ms, total 3ms
I/Icing   ( 2088): Indexing done com.google.android.gms-internal.3p:MobileApplication
I/PackageManager( 1569):   Action: "android.intent.action.SENDTO"
I/PackageManager( 1569):   Category: "android.intent.category.DEFAULT"
I/PackageManager( 1569):   Scheme: "sms"
I/PackageManager( 1569): Adding preferred activity ComponentInfo{com.android.mms/com.android.mms.ui.ComposeMessageActivity} for user 0 :
I/PackageManager( 1569):   Action: "android.intent.action.SENDTO"
I/PackageManager( 1569):   Category: "android.intent.category.DEFAULT"
I/PackageManager( 1569):   Scheme: "smsto"
I/PackageManager( 1569):   Action: "android.intent.action.SENDTO"
I/PackageManager( 1569):   Category: "android.intent.category.DEFAULT"
I/PackageManager( 1569):   Scheme: "mms"
D/dalvikvm( 1569): GC_FOR_ALLOC freed 1315K, 47% free 7832K/14704K, paused 7ms, total 7ms
I/PackageManager( 1569): Adding preferred activity ComponentInfo{com.android.mms/com.android.mms.ui.ComposeMessageActivity} for user 0 :
I/PackageManager( 1569): Adding preferred activity ComponentInfo{com.android.mms/com.android.mms.ui.ComposeMessageActivity} for user 0 :
D/dalvikvm( 1796): GC_FOR_ALLOC freed 353K, 14% free 3689K/4260K, paused 2ms, total 3ms
I/PackageManager( 1569):   Action: "android.intent.action.SENDTO"
I/PackageManager( 1569):   Category: "android.intent.category.DEFAULT"
I/PackageManager( 1569):   Scheme: "mmsto"
I/PackageManager( 1569): Adding preferred activity ComponentInfo{com.android.mms/com.android.mms.ui.ComposeMessageActivity} for user 0 :
I/PackageManager( 1569):   Action: "android.intent.action.SENDTO"
I/PackageManager( 1569):   Category: "android.intent.category.DEFAULT"
I/PackageManager( 1569):   Scheme: "sms"
I/PackageManager( 1569): Adding preferred activity ComponentInfo{com.android.mms/com.android.mms.ui.ComposeMessageActivity} for user 0 :
I/PackageManager( 1569):   Action: "android.intent.action.SENDTO"
I/PackageManager( 1569):   Category: "android.intent.category.DEFAULT"
I/PackageManager( 1569):   Scheme: "smsto"
I/GCM-GMS ( 2088): Got GMS registration
I/PackageManager( 1569):   Action: "android.intent.action.SENDTO"
I/PackageManager( 1569):   Category: "android.intent.category.DEFAULT"
I/PackageManager( 1569):   Scheme: "mms"
I/PackageManager( 1569): Adding preferred activity ComponentInfo{com.android.mms/com.android.mms.ui.ComposeMessageActivity} for user 0 :
I/PackageManager( 1569): Adding preferred activity ComponentInfo{com.android.mms/com.android.mms.ui.ComposeMessageActivity} for user 0 :
D/dalvikvm( 1796): GC_FOR_ALLOC freed 394K, 14% free 3685K/4272K, paused 2ms, total 3ms
I/PackageManager( 1569):   Action: "android.intent.action.SENDTO"
I/PackageManager( 1569):   Category: "android.intent.category.DEFAULT"
I/PackageManager( 1569):   Scheme: "mmsto"
I/PackageManager( 1569): Adding preferred activity ComponentInfo{com.android.mms/com.android.mms.ui.ComposeMessageActivity} for user 0 :
