W/dalvikvm( 5841): VFY: unable to resolve virtual method 13252: Landroid/view/View;.setTooltipText (Ljava/lang/CharSequence;)V
D/dalvikvm( 5841): VFY: replacing opcode 0x6e at 0x0006
I/dalvikvm( 5841): Could not find method android.view.MenuItem.getAlphabeticModifiers, referenced from method android.support.v4.view.MenuItemCompat.getAlphabeticModifiers
W/dalvikvm( 5841): VFY: unable to resolve interface method 12922: Landroid/view/MenuItem;.getAlphabeticModifiers ()I
D/dalvikvm( 5841): VFY: replacing opcode 0x72 at 0x0011
I/dalvikvm( 5841): Could not find method android.view.MenuItem.getContentDescription, referenced from method android.support.v4.view.MenuItemCompat.getContentDescription
W/dalvikvm( 5841): VFY: unable to resolve interface method 12923: Landroid/view/MenuItem;.getContentDescription ()Ljava/lang/CharSequence;
D/dalvikvm( 5841): VFY: replacing opcode 0x72 at 0x0011
I/dalvikvm( 5841): Could not find method android.view.MenuItem.getIconTintList, referenced from method android.support.v4.view.MenuItemCompat.getIconTintList
W/dalvikvm( 5841): VFY: unable to resolve interface method 12926: Landroid/view/MenuItem;.getIconTintList ()Landroid/content/res/ColorStateList;
D/dalvikvm( 5841): VFY: replacing opcode 0x72 at 0x0011
I/dalvikvm( 5841): Could not find method android.view.MenuItem.getIconTintMode, referenced from method android.support.v4.view.MenuItemCompat.getIconTintMode
W/dalvikvm( 5841): VFY: unable to resolve interface method 12927: Landroid/view/MenuItem;.getIconTintMode ()Landroid/graphics/PorterDuff$Mode;
D/dalvikvm( 5841): VFY: replacing opcode 0x72 at 0x0011
I/dalvikvm( 5841): Could not find method android.view.MenuItem.getNumericModifiers, referenced from method android.support.v4.view.MenuItemCompat.getNumericModifiers
W/dalvikvm( 5841): VFY: unable to resolve interface method 12930: Landroid/view/MenuItem;.getNumericModifiers ()I
D/dalvikvm( 5841): VFY: replacing opcode 0x72 at 0x0011
I/dalvikvm( 5841): Could not find method android.view.MenuItem.getTooltipText, referenced from method android.support.v4.view.MenuItemCompat.getTooltipText
W/dalvikvm( 5841): VFY: unable to resolve interface method 12932: Landroid/view/MenuItem;.getTooltipText ()Ljava/lang/CharSequence;
D/dalvikvm( 5841): VFY: replacing opcode 0x72 at 0x0011
I/dalvikvm( 5841): Could not find method android.view.MenuItem.setAlphabeticShortcut, referenced from method android.support.v4.view.MenuItemCompat.setAlphabeticShortcut
W/dalvikvm( 5841): VFY: unable to resolve interface method 12940: Landroid/view/MenuItem;.setAlphabeticShortcut (CI)Landroid/view/MenuItem;
D/dalvikvm( 5841): VFY: replacing opcode 0x72 at 0x0010
I/dalvikvm( 5841): Could not find method android.view.MenuItem.setContentDescription, referenced from method android.support.v4.view.MenuItemCompat.setContentDescription
W/dalvikvm( 5841): VFY: unable to resolve interface method 12943: Landroid/view/MenuItem;.setContentDescription (Ljava/lang/CharSequence;)Landroid/view/MenuItem;
D/dalvikvm( 5841): VFY: replacing opcode 0x72 at 0x0010
I/dalvikvm( 5841): Could not find method android.view.MenuItem.setIconTintList, referenced from method android.support.v4.view.MenuItemCompat.setIconTintList
W/dalvikvm( 5841): VFY: unable to resolve interface method 12947: Landroid/view/MenuItem;.setIconTintList (Landroid/content/res/ColorStateList;)Landroid/view/MenuItem;
D/dalvikvm( 5841): VFY: replacing opcode 0x72 at 0x0010
I/dalvikvm( 5841): Could not find method android.view.MenuItem.setIconTintMode, referenced from method android.support.v4.view.MenuItemCompat.setIconTintMode
W/dalvikvm( 5841): VFY: unable to resolve interface method 12948: Landroid/view/MenuItem;.setIconTintMode (Landroid/graphics/PorterDuff$Mode;)Landroid/view/MenuItem;
D/dalvikvm( 5841): VFY: replacing opcode 0x72 at 0x0010
I/dalvikvm( 5841): Could not find method android.view.MenuItem.setNumericShortcut, referenced from method android.support.v4.view.MenuItemCompat.setNumericShortcut
W/dalvikvm( 5841): VFY: unable to resolve interface method 12950: Landroid/view/MenuItem;.setNumericShortcut (CI)Landroid/view/MenuItem;
D/dalvikvm( 5841): VFY: replacing opcode 0x72 at 0x0010
I/dalvikvm( 5841): Could not find method android.view.MenuItem.setShortcut, referenced from method android.support.v4.view.MenuItemCompat.setShortcut
W/dalvikvm( 5841): VFY: unable to resolve interface method 12953: Landroid/view/MenuItem;.setShortcut (CCII)Landroid/view/MenuItem;
D/dalvikvm( 5841): VFY: replacing opcode 0x72 at 0x0010
I/dalvikvm( 5841): Could not find method android.view.MenuItem.setTooltipText, referenced from method android.support.v4.view.MenuItemCompat.setTooltipText
W/dalvikvm( 5841): VFY: unable to resolve interface method 12956: Landroid/view/MenuItem;.setTooltipText (Ljava/lang/CharSequence;)Landroid/view/MenuItem;
D/dalvikvm( 5841): VFY: replacing opcode 0x72 at 0x0010
D/EGL_emulation( 5841): eglMakeCurrent: 0xb81886a0: ver 3 0
I/LatinIME:LogUtils( 1760): Dictionary info: dictionary = main:en ; version = 42 ; date = 1381226516
I/LatinIME:LogUtils( 1760): Dictionary info: dictionary = userunigram.en_US.dict ; version = ? ; date = ?
I/DownloadManager( 1824): Download 34 starting
W/DownloadManager( 1824): Aborting request for download 34: TYPE_DISALLOWED_BY_REQUESTOR
I/DownloadManager( 1824): Download 34 finished with status WAITING_FOR_NETWORK
I/dalvikvm( 5841): Could not find method android.graphics.drawable.Drawable.applyTheme, referenced from method android.support.v4.graphics.drawable.DrawableCompat.applyTheme
W/dalvikvm( 5841): VFY: unable to resolve virtual method 1212: Landroid/graphics/drawable/Drawable;.applyTheme (Landroid/content/res/Resources$Theme;)V
D/dalvikvm( 5841): VFY: replacing opcode 0x6e at 0x0006
I/dalvikvm( 5841): Could not find method android.graphics.drawable.Drawable.canApplyTheme, referenced from method android.support.v4.graphics.drawable.DrawableCompat.canApplyTheme
W/dalvikvm( 5841): VFY: unable to resolve virtual method 1213: Landroid/graphics/drawable/Drawable;.canApplyTheme ()Z
D/dalvikvm( 5841): VFY: replacing opcode 0x6e at 0x0006
I/dalvikvm( 5841): Could not find method android.graphics.drawable.Drawable.getColorFilter, referenced from method android.support.v4.graphics.drawable.DrawableCompat.getColorFilter
W/dalvikvm( 5841): VFY: unable to resolve virtual method 1224: Landroid/graphics/drawable/Drawable;.getColorFilter ()Landroid/graphics/ColorFilter;
D/dalvikvm( 5841): VFY: replacing opcode 0x6e at 0x0006
I/dalvikvm( 5841): Could not find method android.graphics.drawable.Drawable.inflate, referenced from method android.support.v4.graphics.drawable.DrawableCompat.inflate
W/dalvikvm( 5841): VFY: unable to resolve virtual method 1241: Landroid/graphics/drawable/Drawable;.inflate (Landroid/content/res/Resources;Lorg/xmlpull/v1/XmlPullParser;Landroid/util/AttributeSet;Landroid/content/res/Resources$Theme;)V
D/dalvikvm( 5841): VFY: replacing opcode 0x6e at 0x0006
I/dalvikvm( 5841): Could not find method android.graphics.drawable.Drawable.setHotspot, referenced from method android.support.v4.graphics.drawable.DrawableCompat.setHotspot
W/dalvikvm( 5841): VFY: unable to resolve virtual method 1262: Landroid/graphics/drawable/Drawable;.setHotspot (FF)V
D/dalvikvm( 5841): VFY: replacing opcode 0x6e at 0x0006
I/dalvikvm( 5841): Could not find method android.graphics.drawable.Drawable.setHotspotBounds, referenced from method android.support.v4.graphics.drawable.DrawableCompat.setHotspotBounds
W/dalvikvm( 5841): VFY: unable to resolve virtual method 1263: Landroid/graphics/drawable/Drawable;.setHotspotBounds (IIII)V
D/dalvikvm( 5841): VFY: replacing opcode 0x6e at 0x0006
I/dalvikvm( 5841): Could not find method android.graphics.drawable.Drawable.setLayoutDirection, referenced from method android.support.v4.graphics.drawable.DrawableCompat.setLayoutDirection
W/dalvikvm( 5841): VFY: unable to resolve virtual method 1264: Landroid/graphics/drawable/Drawable;.setLayoutDirection (I)Z
D/dalvikvm( 5841): VFY: replacing opcode 0x6e at 0x0006
I/dalvikvm( 5841): Could not find method android.graphics.drawable.Drawable.setTint, referenced from method android.support.v4.graphics.drawable.DrawableCompat.setTint
W/dalvikvm( 5841): VFY: unable to resolve virtual method 1267: Landroid/graphics/drawable/Drawable;.setTint (I)V
D/dalvikvm( 5841): VFY: replacing opcode 0x6e at 0x0006
I/dalvikvm( 5841): Could not find method android.graphics.drawable.Drawable.setTintList, referenced from method android.support.v4.graphics.drawable.DrawableCompat.setTintList
W/dalvikvm( 5841): VFY: unable to resolve virtual method 1268: Landroid/graphics/drawable/Drawable;.setTintList (Landroid/content/res/ColorStateList;)V
D/dalvikvm( 5841): VFY: replacing opcode 0x6e at 0x0006
I/dalvikvm( 5841): Could not find method android.graphics.drawable.Drawable.setTintMode, referenced from method android.support.v4.graphics.drawable.DrawableCompat.setTintMode
W/dalvikvm( 5841): VFY: unable to resolve virtual method 1269: Landroid/graphics/drawable/Drawable;.setTintMode (Landroid/graphics/PorterDuff$Mode;)V
D/dalvikvm( 5841): VFY: replacing opcode 0x6e at 0x0006
D/EGL_emulation( 5841): eglMakeCurrent: 0xb81886a0: ver 3 0
I/ActivityManager( 1568): Displayed com.jovial.jrpn/.fmMain: +460ms
D/EGL_emulation( 1929): eglMakeCurrent: 0xb81bd400: ver 3 0
D/EGL_emulation( 1929): eglMakeCurrent: 0xb81bd400: ver 3 0
D/EGL_emulation( 5841): eglMakeCurrent: 0xb81886a0: ver 3 0
I/AndroidRipper( 5841): [RipperTestCase] Ready to operate after restarting...
E/SoundPool( 1568): error loading /system/media/audio/ui/Effect_Tick.ogg
W/AudioService( 1568): Soundpool could not load file: /system/media/audio/ui/Effect_Tick.ogg
E/SoundPool( 1568): error loading /system/media/audio/ui/Effect_Tick.ogg
W/AudioService( 1568): Soundpool could not load file: /system/media/audio/ui/Effect_Tick.ogg
E/SoundPool( 1568): error loading /system/media/audio/ui/Effect_Tick.ogg
W/AudioService( 1568): Soundpool could not load file: /system/media/audio/ui/Effect_Tick.ogg
E/SoundPool( 1568): error loading /system/media/audio/ui/Effect_Tick.ogg
W/AudioService( 1568): Soundpool could not load file: /system/media/audio/ui/Effect_Tick.ogg
E/SoundPool( 1568): error loading /system/media/audio/ui/Effect_Tick.ogg
W/AudioService( 1568): Soundpool could not load file: /system/media/audio/ui/Effect_Tick.ogg
E/SoundPool( 1568): error loading /system/media/audio/ui/KeypressStandard.ogg
W/AudioService( 1568): Soundpool could not load file: /system/media/audio/ui/KeypressStandard.ogg
E/SoundPool( 1568): error loading /system/media/audio/ui/KeypressSpacebar.ogg
W/AudioService( 1568): Soundpool could not load file: /system/media/audio/ui/KeypressSpacebar.ogg
E/SoundPool( 1568): error loading /system/media/audio/ui/KeypressDelete.ogg
W/AudioService( 1568): Soundpool could not load file: /system/media/audio/ui/KeypressDelete.ogg
E/SoundPool( 1568): error loading /system/media/audio/ui/KeypressReturn.ogg
W/AudioService( 1568): Soundpool could not load file: /system/media/audio/ui/KeypressReturn.ogg
E/SoundPool( 1568): error loading /system/media/audio/ui/KeypressInvalid.ogg
W/AudioService( 1568): Soundpool could not load file: /system/media/audio/ui/KeypressInvalid.ogg
W/AudioService( 1568): onLoadSoundEffects(), Error -1 while loading samples
D/EGL_emulation( 5841): eglMakeCurrent: 0xb81886a0: ver 3 0
D/AndroidRuntime( 5841): Shutting down VM
W/dalvikvm( 5841): threadid=1: thread exiting with uncaught exception (group=0x9cd22b20)
E/SoundPool( 1568): error loading /system/media/audio/ui/Effect_Tick.ogg
W/AudioService( 1568): Soundpool could not load file: /system/media/audio/ui/Effect_Tick.ogg
E/SoundPool( 1568): error loading /system/media/audio/ui/Effect_Tick.ogg
W/AudioService( 1568): Soundpool could not load file: /system/media/audio/ui/Effect_Tick.ogg
E/SoundPool( 1568): error loading /system/media/audio/ui/Effect_Tick.ogg
W/AudioService( 1568): Soundpool could not load file: /system/media/audio/ui/Effect_Tick.ogg
E/SoundPool( 1568): error loading /system/media/audio/ui/Effect_Tick.ogg
W/AudioService( 1568): Soundpool could not load file: /system/media/audio/ui/Effect_Tick.ogg
E/SoundPool( 1568): error loading /system/media/audio/ui/Effect_Tick.ogg
W/AudioService( 1568): Soundpool could not load file: /system/media/audio/ui/Effect_Tick.ogg
E/SoundPool( 1568): error loading /system/media/audio/ui/KeypressStandard.ogg
W/AudioService( 1568): Soundpool could not load file: /system/media/audio/ui/KeypressStandard.ogg
E/SoundPool( 1568): error loading /system/media/audio/ui/KeypressSpacebar.ogg
W/AudioService( 1568): Soundpool could not load file: /system/media/audio/ui/KeypressSpacebar.ogg
E/SoundPool( 1568): error loading /system/media/audio/ui/KeypressDelete.ogg
W/AudioService( 1568): Soundpool could not load file: /system/media/audio/ui/KeypressDelete.ogg
E/SoundPool( 1568): error loading /system/media/audio/ui/KeypressReturn.ogg
W/AudioService( 1568): Soundpool could not load file: /system/media/audio/ui/KeypressReturn.ogg
E/SoundPool( 1568): error loading /system/media/audio/ui/KeypressInvalid.ogg
W/AudioService( 1568): Soundpool could not load file: /system/media/audio/ui/KeypressInvalid.ogg
W/AudioService( 1568): onLoadSoundEffects(), Error -1 while loading samples
E/AndroidRuntime( 5841): FATAL EXCEPTION: main
E/AndroidRuntime( 5841): Process: com.jovial.jrpn, PID: 5841
E/AndroidRuntime( 5841): java.lang.IllegalStateException: Could not find a method GButton_Click(View) in the activity class android.support.v7.widget.TintContextWrapper for onClick handler on view class com.jovial.jrpn.GButton with id 'GButtonC'
E/AndroidRuntime( 5841): 	at android.view.View$1.onClick(View.java:3810)
E/AndroidRuntime( 5841): 	at android.view.View.performClick(View.java:4438)
E/AndroidRuntime( 5841): 	at android.view.View$PerformClick.run(View.java:18422)
E/AndroidRuntime( 5841): 	at android.os.Handler.handleCallback(Handler.java:733)
E/AndroidRuntime( 5841): 	at android.os.Handler.dispatchMessage(Handler.java:95)
E/AndroidRuntime( 5841): 	at android.os.Looper.loop(Looper.java:136)
E/AndroidRuntime( 5841): 	at android.app.ActivityThread.main(ActivityThread.java:5017)
E/AndroidRuntime( 5841): 	at java.lang.reflect.Method.invokeNative(Native Method)
E/AndroidRuntime( 5841): 	at java.lang.reflect.Method.invoke(Method.java:515)
E/AndroidRuntime( 5841): 	at com.android.internal.os.ZygoteInit$MethodAndArgsCaller.run(ZygoteInit.java:779)
E/AndroidRuntime( 5841): 	at com.android.internal.os.ZygoteInit.main(ZygoteInit.java:595)
E/AndroidRuntime( 5841): 	at dalvik.system.NativeStart.main(Native Method)
E/AndroidRuntime( 5841): Caused by: java.lang.NoSuchMethodException: GButton_Click [class android.view.View]
E/AndroidRuntime( 5841): 	at java.lang.Class.getConstructorOrMethod(Class.java:472)
E/AndroidRuntime( 5841): 	at java.lang.Class.getMethod(Class.java:857)
E/AndroidRuntime( 5841): 	at android.view.View$1.onClick(View.java:3803)
E/AndroidRuntime( 5841): 	... 11 more
D/AndroidRuntime( 5830): Shutting down VM
D/dalvikvm( 5830): GC_CONCURRENT freed 97K, 15% free 557K/656K, paused 0ms+1ms, total 1ms
W/ActivityManager( 1568): Error in app com.jovial.jrpn running instrumentation ComponentInfo{it.unina.android.ripper/android.test.InstrumentationTestRunner}:
W/ActivityManager( 1568):   java.lang.NoSuchMethodException
W/ActivityManager( 1568):   java.lang.NoSuchMethodException: GButton_Click [class android.view.View]
W/InputDispatcher( 1568): channel '9d2f6d48 com.jovial.jrpn/com.jovial.jrpn.fmMain (server)' ~ Consumer closed input channel or an error occurred.  events=0x9
E/InputDispatcher( 1568): channel '9d2f6d48 com.jovial.jrpn/com.jovial.jrpn.fmMain (server)' ~ Channel is unrecoverably broken and will be disposed!
I/ActivityManager( 1568): Force stopping com.jovial.jrpn appid=10077 user=0: finished inst
I/ActivityManager( 1568): Killing 5841:com.jovial.jrpn/u0a77 (adj 0): stop com.jovial.jrpn
W/ActivityManager( 1568): Force removing ActivityRecord{9d7d4ca0 u0 com.jovial.jrpn/.fmMain t13}: app died, no saved state
W/InputDispatcher( 1568): Attempted to unregister already unregistered input channel '9d2f6d48 com.jovial.jrpn/com.jovial.jrpn.fmMain (server)'
I/WindowState( 1568): WIN DEATH: Window{9d2f6d48 u0 com.jovial.jrpn/com.jovial.jrpn.fmMain}
D/EGL_emulation( 1929): eglMakeCurrent: 0xb81bd400: ver 3 0
D/EGL_emulation( 1929): eglMakeCurrent: 0xb81bd400: ver 3 0
E/EGL_emulation( 1929): tid 1929: eglSurfaceAttrib(1199): error 0x3009 (EGL_BAD_MATCH)
W/HardwareRenderer( 1929): Backbuffer cannot be preserved
W/Binder  ( 1760): Caught a RuntimeException from the binder stub implementation.
W/Binder  ( 1760): java.lang.NullPointerException
W/Binder  ( 1760): 	at android.inputmethodservice.IInputMethodWrapper.setSessionEnabled(IInputMethodWrapper.java:280)
W/Binder  ( 1760): 	at com.android.internal.view.IInputMethod$Stub.onTransact(IInputMethod.java:129)
W/Binder  ( 1760): 	at android.os.Binder.execTransact(Binder.java:404)
W/Binder  ( 1760): 	at dalvik.system.NativeStart.run(Native Method)
W/InputMethodManagerService( 1568): Got RemoteException sending setActive(false) notification to pid 5841 uid 10077
D/dalvikvm( 1929): GC_FOR_ALLOC freed 9512K, 52% free 13030K/26984K, paused 5ms, total 5ms
D/dalvikvm( 1568): GC_FOR_ALLOC freed 1529K, 49% free 8644K/16748K, paused 7ms, total 7ms
I/ContentMaintenance( 2077): Internal cache bytes used: 0; limit: 39526809; download size: 0
I/RealtimeCacheCleanup( 2077): Beginning Realtime garbage collection.
I/RealtimeCacheCleanup( 2077): Finished Realtime garbage collection.
D/AndroidRuntime( 5885): 
D/AndroidRuntime( 5885): >>>>>> AndroidRuntime START com.android.internal.os.RuntimeInit <<<<<<
W/linker  ( 5885): libdvm.so has text relocations. This is wasting memory and is a security risk. Please fix.
D/AndroidRuntime( 5885): CheckJNI is ON
D/dalvikvm( 5885): Trying to load lib libjavacore.so 0x0
D/dalvikvm( 5885): Added shared lib libjavacore.so 0x0
D/dalvikvm( 5885): Trying to load lib libnativehelper.so 0x0
D/dalvikvm( 5885): Added shared lib libnativehelper.so 0x0
D/dalvikvm( 5885): No JNI_OnLoad found in libnativehelper.so 0x0, skipping init
D/dalvikvm( 5885): Note: class Landroid/app/ActivityManagerNative; has 179 unimplemented (abstract) methods
E/memtrack( 5885): Couldn't load memtrack module (No such file or directory)
E/android.os.Debug( 5885): failed to load memtrack module: -2
D/AndroidRuntime( 5885): Calling main entry com.android.commands.pm.Pm
D/AndroidRuntime( 5885): Shutting down VM
D/dalvikvm( 5885): GC_CONCURRENT freed 92K, 15% free 557K/652K, paused 0ms+0ms, total 0ms
I/AndroidRuntime( 5885): NOTE: attach of thread 'Binder_1' failed
D/AndroidRuntime( 5897): 
D/AndroidRuntime( 5897): >>>>>> AndroidRuntime START com.android.internal.os.RuntimeInit <<<<<<
W/linker  ( 5897): libdvm.so has text relocations. This is wasting memory and is a security risk. Please fix.
D/AndroidRuntime( 5897): CheckJNI is ON
D/dalvikvm( 5897): Trying to load lib libjavacore.so 0x0
D/dalvikvm( 5897): Added shared lib libjavacore.so 0x0
D/dalvikvm( 5897): Trying to load lib libnativehelper.so 0x0
D/dalvikvm( 5897): Added shared lib libnativehelper.so 0x0
D/dalvikvm( 5897): No JNI_OnLoad found in libnativehelper.so 0x0, skipping init
D/dalvikvm( 5897): Note: class Landroid/app/ActivityManagerNative; has 179 unimplemented (abstract) methods
E/memtrack( 5897): Couldn't load memtrack module (No such file or directory)
E/android.os.Debug( 5897): failed to load memtrack module: -2
D/AndroidRuntime( 5897): Calling main entry com.android.commands.pm.Pm
D/keystore( 1149): calling clear_uid in state: 3
I/GeofencerStateMachine( 1774): removeGeofences: removeRequest=RemoveGeofencingRequest[REMOVE_ALL packageName=com.jovial.jrpn]
D/AndroidRuntime( 5897): Shutting down VM
D/dalvikvm( 5897): GC_CONCURRENT freed 92K, 15% free 549K/644K, paused 0ms+0ms, total 0ms
D/Documents( 3317): Used cached roots for com.android.providers.downloads.documents
D/Documents( 3317): Used cached roots for com.android.externalstorage.documents
D/Documents( 3317): Used cached roots for com.android.providers.media.documents
D/Documents( 3317): Update found 6 roots in 3ms
I/ActivityManager( 1568): Force stopping com.jovial.jrpn appid=10077 user=0: clear data
I/Fitness ( 1774): FitCleanupIntentOperation received Intent android.intent.action.PACKAGE_DATA_CLEARED [CONTEXT service_id=17 ]
I/Icing   ( 2077): doRemovePackageData com.jovial.jrpn
D/AndroidRuntime( 5923): 
D/AndroidRuntime( 5923): >>>>>> AndroidRuntime START com.android.internal.os.RuntimeInit <<<<<<
W/linker  ( 5923): libdvm.so has text relocations. This is wasting memory and is a security risk. Please fix.
D/AndroidRuntime( 5923): CheckJNI is ON
D/dalvikvm( 5923): Trying to load lib libjavacore.so 0x0
D/dalvikvm( 5923): Added shared lib libjavacore.so 0x0
D/dalvikvm( 5923): Trying to load lib libnativehelper.so 0x0
D/dalvikvm( 5923): Added shared lib libnativehelper.so 0x0
D/dalvikvm( 5923): No JNI_OnLoad found in libnativehelper.so 0x0, skipping init
D/dalvikvm( 5923): Note: class Landroid/app/ActivityManagerNative; has 179 unimplemented (abstract) methods
E/memtrack( 5923): Couldn't load memtrack module (No such file or directory)
E/android.os.Debug( 5923): failed to load memtrack module: -2
D/AndroidRuntime( 5923): Calling main entry com.android.commands.pm.Pm
I/ActivityManager( 1568): Force stopping com.jovial.jrpn appid=10077 user=-1: uninstall pkg
W/PackageManager( 1568): Couldn't delete native library directory /data/app-lib/com.jovial.jrpn
D/keystore( 1149): calling clear_uid in state: 3
D/dalvikvm( 1929): GC_EXPLICIT freed 24K, 52% free 13210K/26984K, paused 1ms+0ms, total 4ms
I/ActivityManager( 1568): Force stopping com.jovial.jrpn appid=10077 user=0: pkg removed
D/dalvikvm( 2207): GC_EXPLICIT freed 307K, 17% free 3508K/4184K, paused 1ms+0ms, total 2ms
D/dalvikvm( 2169): GC_EXPLICIT freed 320K, 18% free 3434K/4180K, paused 0ms+0ms, total 2ms
I/GeofencerStateMachine( 1774): removeGeofences: removeRequest=RemoveGeofencingRequest[REMOVE_ALL packageName=com.jovial.jrpn]
W/Launcher.Model( 2207): Nobody to tell about the new app.  Launcher is probably loading.
I/InputReader( 1568): Reconfiguring input devices.  changes=0x00000010
I/PackageManager( 1568):   Action: "android.intent.action.SENDTO"
I/PackageManager( 1568):   Category: "android.intent.category.DEFAULT"
I/PackageManager( 1568):   Scheme: "sms"
I/PackageManager( 1568): Adding preferred activity ComponentInfo{com.android.mms/com.android.mms.ui.ComposeMessageActivity} for user 0 :
D/Documents( 3317): Used cached roots for com.android.providers.downloads.documents
D/Documents( 3317): Used cached roots for com.android.externalstorage.documents
D/Documents( 3317): Used cached roots for com.android.providers.media.documents
D/Documents( 3317): Update found 6 roots in 10ms
I/PackageManager( 1568):   Action: "android.intent.action.SENDTO"
I/PackageManager( 1568):   Category: "android.intent.category.DEFAULT"
I/PackageManager( 1568):   Scheme: "smsto"
D/dalvikvm( 1796): GC_FOR_ALLOC freed 456K, 18% free 3633K/4384K, paused 2ms, total 2ms
D/VoicemailCleanupService( 1866): Cleaning up data for package: com.jovial.jrpn
I/PackageManager( 1568): Adding preferred activity ComponentInfo{com.android.mms/com.android.mms.ui.ComposeMessageActivity} for user 0 :
D/dalvikvm( 1568): GC_EXPLICIT freed 1085K, 49% free 8557K/16748K, paused 3ms+5ms, total 30ms
I/PackageManager( 1568):   Action: "android.intent.action.SENDTO"
I/PackageManager( 1568):   Category: "android.intent.category.DEFAULT"
I/PackageManager( 1568):   Scheme: "mms"
I/PackageManager( 1568): Adding preferred activity ComponentInfo{com.android.mms/com.android.mms.ui.ComposeMessageActivity} for user 0 :
I/PackageManager( 1568):   Action: "android.intent.action.SENDTO"
I/PackageManager( 1568):   Category: "android.intent.category.DEFAULT"
I/PackageManager( 1568):   Scheme: "mmsto"
D/dalvikvm( 1866): GC_FOR_ALLOC freed 489K, 17% free 3412K/4092K, paused 5ms, total 5ms
I/PackageManager( 1568):   Action: "android.intent.action.SENDTO"
I/PackageManager( 1568):   Category: "android.intent.category.DEFAULT"
I/PackageManager( 1568):   Scheme: "sms"
D/dalvikvm( 2077): GC_EXPLICIT freed 519K, 13% free 21308K/24352K, paused 1ms+3ms, total 61ms
I/PackageManager( 1568):   Action: "android.intent.action.SENDTO"
I/PackageManager( 1568):   Category: "android.intent.category.DEFAULT"
I/PackageManager( 1568):   Scheme: "smsto"
I/PackageManager( 1568): Adding preferred activity ComponentInfo{com.android.mms/com.android.mms.ui.ComposeMessageActivity} for user 0 :
I/PackageManager( 1568): Adding preferred activity ComponentInfo{com.android.mms/com.android.mms.ui.ComposeMessageActivity} for user 0 :
I/PackageManager( 1568): Adding preferred activity ComponentInfo{com.android.mms/com.android.mms.ui.ComposeMessageActivity} for user 0 :
D/dalvikvm( 1796): GC_FOR_ALLOC freed 419K, 17% free 3667K/4384K, paused 1ms, total 3ms
I/PackageManager( 1568):   Action: "android.intent.action.SENDTO"
I/PackageManager( 1568):   Category: "android.intent.category.DEFAULT"
I/PackageManager( 1568):   Scheme: "mms"
D/dalvikvm( 1568): GC_EXPLICIT freed 605K, 48% free 8804K/16748K, paused 0ms+2ms, total 40ms
I/PackageManager( 1568):   Action: "android.intent.action.SENDTO"
I/PackageManager( 1568):   Category: "android.intent.category.DEFAULT"
I/PackageManager( 1568):   Scheme: "mmsto"
I/PackageManager( 1568): Adding preferred activity ComponentInfo{com.android.mms/com.android.mms.ui.ComposeMessageActivity} for user 0 :
I/PackageManager( 1568): Adding preferred activity ComponentInfo{com.android.mms/com.android.mms.ui.ComposeMessageActivity} for user 0 :
D/BackupManagerService( 1568): Received broadcast Intent { act=android.intent.action.PACKAGE_REMOVED dat=package:com.jovial.jrpn flg=0x4000010 (has extras) }
V/BackupManagerService( 1568): removePackageParticipantsLocked: uid=10077 #1
I/Fitness ( 1774): FitCleanupIntentOperation received Intent android.intent.action.PACKAGE_REMOVED [CONTEXT service_id=17 ]
W/Launcher( 2207): setApplicationContext called twice! old=com.google.android.velvet.VelvetApplication@9d03aa18 new=com.google.android.velvet.VelvetApplication@9d03aa18
I/Icing.InternalIcingCorporaProvider( 2169): Updating corpora: A: com.jovial.jrpn, C: MAYBE
I/Icing   ( 2077): doRemovePackageData com.jovial.jrpn
W/ContextImpl( 3377): Calling a method in the system process without a qualified user: android.app.ContextImpl.startService:1479 android.content.ContextWrapper.startService:494 android.content.ContextWrapper.startService:494 com.android.keychain.KeyChainBroadcastReceiver.onReceive:12 android.app.ActivityThread.handleReceiver:2419 
D/AndroidRuntime( 5923): Shutting down VM
W/ContextImpl( 2169): Implicit intents with startService are not safe: Intent { act=com.google.android.gms.icing.INDEX_SERVICE } android.content.ContextWrapper.bindService:517 com.google.android.gms.internal.av.a:-1 com.google.android.gms.internal.au.connect:-1 
D/dalvikvm( 5923): GC_CONCURRENT freed 92K, 15% free 549K/644K, paused 0ms+0ms, total 1ms
I/Icing   ( 2077): IndexChimeraService.getServiceInterface callingPackage=com.google.android.googlequicksearchbox componentName=null serviceId=21
I/Icing   ( 2077): IndexChimeraService.getServiceInterface callingPackage=com.google.android.gms componentName=AppsCorpus serviceId=36
I/LatinIME:LogUtils( 1760): Dictionary info: dictionary = main:en ; version = 42 ; date = 1381226516
W/Icing   ( 2077): No valid account for uploading user actions
I/DownloadManager( 1824): Download 35 starting
W/DownloadManager( 1824): Aborting request for download 35: TYPE_DISALLOWED_BY_REQUESTOR
I/Icing   ( 2077): Usage reports ok 0, Failed Usage reports 0, indexed 0, rejected 0
W/Icing   ( 2077): No valid account for uploading user actions
D/dalvikvm( 1824): GC_FOR_ALLOC freed 504K, 17% free 3580K/4276K, paused 4ms, total 4ms
I/Icing   ( 2077): Usage reports ok 0, Failed Usage reports 0, indexed 0, rejected 0
I/DownloadManager( 1824): Download 35 finished with status WAITING_FOR_NETWORK
I/Icing   ( 2077): Indexing com.google.android.gms-apps from com.google.android.gms
I/Icing   ( 2077): Indexing com.google.android.googlequicksearchbox-applications from com.google.android.googlequicksearchbox
I/Icing   ( 2077): Indexing com.google.android.gms-internal.3p:MobileApplication from com.google.android.gms
I/Icing   ( 2077): Indexing done com.google.android.gms-apps
I/Icing   ( 2077): Indexing done com.google.android.googlequicksearchbox-applications
I/Icing   ( 2077): Indexing done com.google.android.gms-internal.3p:MobileApplication
D/AndroidRuntime( 5950): 
D/AndroidRuntime( 5950): >>>>>> AndroidRuntime START com.android.internal.os.RuntimeInit <<<<<<
W/linker  ( 5950): libdvm.so has text relocations. This is wasting memory and is a security risk. Please fix.
D/AndroidRuntime( 5950): CheckJNI is ON
D/dalvikvm( 5950): Trying to load lib libjavacore.so 0x0
D/dalvikvm( 5950): Added shared lib libjavacore.so 0x0
D/dalvikvm( 5950): Trying to load lib libnativehelper.so 0x0
D/dalvikvm( 5950): Added shared lib libnativehelper.so 0x0
D/dalvikvm( 5950): No JNI_OnLoad found in libnativehelper.so 0x0, skipping init
D/dalvikvm( 5950): Note: class Landroid/app/ActivityManagerNative; has 179 unimplemented (abstract) methods
E/memtrack( 5950): Couldn't load memtrack module (No such file or directory)
E/android.os.Debug( 5950): failed to load memtrack module: -2
D/AndroidRuntime( 5950): Calling main entry com.android.commands.pm.Pm
D/AndroidRuntime( 5950): Shutting down VM
D/dalvikvm( 5950): GC_CONCURRENT freed 93K, 15% free 557K/652K, paused 0ms+0ms, total 0ms
D/AndroidRuntime( 5961): 
D/AndroidRuntime( 5961): >>>>>> AndroidRuntime START com.android.internal.os.RuntimeInit <<<<<<
W/linker  ( 5961): libdvm.so has text relocations. This is wasting memory and is a security risk. Please fix.
D/AndroidRuntime( 5961): CheckJNI is ON
D/dalvikvm( 5961): Trying to load lib libjavacore.so 0x0
D/dalvikvm( 5961): Added shared lib libjavacore.so 0x0
D/dalvikvm( 5961): Trying to load lib libnativehelper.so 0x0
D/dalvikvm( 5961): Added shared lib libnativehelper.so 0x0
D/dalvikvm( 5961): No JNI_OnLoad found in libnativehelper.so 0x0, skipping init
D/dalvikvm( 5961): Note: class Landroid/app/ActivityManagerNative; has 179 unimplemented (abstract) methods
E/memtrack( 5961): Couldn't load memtrack module (No such file or directory)
E/android.os.Debug( 5961): failed to load memtrack module: -2
D/AndroidRuntime( 5961): Calling main entry com.android.commands.pm.Pm
I/GeofencerStateMachine( 1774): removeGeofences: removeRequest=RemoveGeofencingRequest[REMOVE_ALL packageName=it.unina.android.ripper]
D/Documents( 3317): Used cached roots for com.android.providers.downloads.documents
D/Documents( 3317): Used cached roots for com.android.externalstorage.documents
D/Documents( 3317): Used cached roots for com.android.providers.media.documents
D/Documents( 3317): Update found 6 roots in 1ms
I/ActivityManager( 1568): Force stopping it.unina.android.ripper appid=10078 user=0: clear data
D/keystore( 1149): calling clear_uid in state: 3
I/Icing   ( 2077): doRemovePackageData it.unina.android.ripper
D/AndroidRuntime( 5961): Shutting down VM
D/dalvikvm( 5961): GC_CONCURRENT freed 92K, 15% free 549K/644K, paused 0ms+0ms, total 0ms
D/dalvikvm( 1774): GC_FOR_ALLOC freed 1974K, 24% free 9790K/12848K, paused 10ms, total 10ms
I/Fitness ( 1774): FitCleanupIntentOperation received Intent android.intent.action.PACKAGE_DATA_CLEARED [CONTEXT service_id=17 ]
D/AndroidRuntime( 5977): 
D/AndroidRuntime( 5977): >>>>>> AndroidRuntime START com.android.internal.os.RuntimeInit <<<<<<
W/linker  ( 5977): libdvm.so has text relocations. This is wasting memory and is a security risk. Please fix.
D/AndroidRuntime( 5977): CheckJNI is ON
D/dalvikvm( 5977): Trying to load lib libjavacore.so 0x0
D/dalvikvm( 5977): Added shared lib libjavacore.so 0x0
D/dalvikvm( 5977): Trying to load lib libnativehelper.so 0x0
D/dalvikvm( 5977): Added shared lib libnativehelper.so 0x0
D/dalvikvm( 5977): No JNI_OnLoad found in libnativehelper.so 0x0, skipping init
D/dalvikvm( 5977): Note: class Landroid/app/ActivityManagerNative; has 179 unimplemented (abstract) methods
E/memtrack( 5977): Couldn't load memtrack module (No such file or directory)
E/android.os.Debug( 5977): failed to load memtrack module: -2
D/AndroidRuntime( 5977): Calling main entry com.android.commands.pm.Pm
I/ActivityManager( 1568): Force stopping it.unina.android.ripper appid=10078 user=-1: uninstall pkg
W/PackageManager( 1568): Couldn't delete native library directory /data/app-lib/it.unina.android.ripper
D/keystore( 1149): calling clear_uid in state: 3
I/GeofencerStateMachine( 1774): removeGeofences: removeRequest=RemoveGeofencingRequest[REMOVE_ALL packageName=it.unina.android.ripper]
W/Launcher.Model( 2207): Nobody to tell about the new app.  Launcher is probably loading.
I/ActivityManager( 1568): Force stopping it.unina.android.ripper appid=10078 user=0: pkg removed
D/BackupManagerService( 1568): Received broadcast Intent { act=android.intent.action.PACKAGE_REMOVED dat=package:it.unina.android.ripper flg=0x4000010 (has extras) }
V/BackupManagerService( 1568): removePackageParticipantsLocked: uid=10078 #1
I/PackageManager( 1568):   Action: "android.intent.action.SENDTO"
I/PackageManager( 1568):   Category: "android.intent.category.DEFAULT"
I/PackageManager( 1568):   Scheme: "sms"
D/Documents( 3317): Used cached roots for com.android.providers.downloads.documents
D/Documents( 3317): Used cached roots for com.android.externalstorage.documents
D/Documents( 3317): Used cached roots for com.android.providers.media.documents
D/Documents( 3317): Update found 6 roots in 9ms
I/PackageManager( 1568):   Action: "android.intent.action.SENDTO"
I/PackageManager( 1568):   Category: "android.intent.category.DEFAULT"
I/PackageManager( 1568):   Scheme: "smsto"
I/InputReader( 1568): Reconfiguring input devices.  changes=0x00000010
D/VoicemailCleanupService( 1866): Cleaning up data for package: it.unina.android.ripper
D/dalvikvm( 1796): GC_FOR_ALLOC freed 450K, 18% free 3633K/4384K, paused 2ms, total 2ms
I/PackageManager( 1568): Adding preferred activity ComponentInfo{com.android.mms/com.android.mms.ui.ComposeMessageActivity} for user 0 :
I/PackageManager( 1568): Adding preferred activity ComponentInfo{com.android.mms/com.android.mms.ui.ComposeMessageActivity} for user 0 :
I/PackageManager( 1568):   Action: "android.intent.action.SENDTO"
I/PackageManager( 1568):   Category: "android.intent.category.DEFAULT"
I/PackageManager( 1568):   Scheme: "mms"
I/PackageManager( 1568):   Action: "android.intent.action.SENDTO"
I/PackageManager( 1568):   Category: "android.intent.category.DEFAULT"
I/PackageManager( 1568):   Scheme: "mmsto"
I/PackageManager( 1568): Adding preferred activity ComponentInfo{com.android.mms/com.android.mms.ui.ComposeMessageActivity} for user 0 :
I/PackageManager( 1568): Adding preferred activity ComponentInfo{com.android.mms/com.android.mms.ui.ComposeMessageActivity} for user 0 :
I/Icing.InternalIcingCorporaProvider( 2169): Updating corpora: A: it.unina.android.ripper, C: MAYBE
D/dalvikvm( 1568): GC_EXPLICIT freed 1635K, 49% free 8627K/16748K, paused 8ms+1ms, total 37ms
D/dalvikvm( 1568): WAIT_FOR_CONCURRENT_GC blocked 6ms
D/dalvikvm( 1568): WAIT_FOR_CONCURRENT_GC blocked 6ms
D/dalvikvm( 1568): WAIT_FOR_CONCURRENT_GC blocked 6ms
I/PackageManager( 1568):   Action: "android.intent.action.SENDTO"
I/PackageManager( 1568):   Category: "android.intent.category.DEFAULT"
I/PackageManager( 1568):   Scheme: "sms"
D/dalvikvm( 1568): WAIT_FOR_CONCURRENT_GC blocked 6ms
D/dalvikvm( 1568): WAIT_FOR_CONCURRENT_GC blocked 6ms
D/dalvikvm( 1568): WAIT_FOR_CONCURRENT_GC blocked 7ms
D/dalvikvm( 1568): WAIT_FOR_CONCURRENT_GC blocked 8ms
D/dalvikvm( 1568): WAIT_FOR_CONCURRENT_GC blocked 12ms
D/AndroidRuntime( 5977): Shutting down VM
D/dalvikvm( 5977): GC_CONCURRENT freed 92K, 15% free 549K/644K, paused 0ms+0ms, total 0ms
I/PackageManager( 1568): Adding preferred activity ComponentInfo{com.android.mms/com.android.mms.ui.ComposeMessageActivity} for user 0 :
W/Launcher( 2207): setApplicationContext called twice! old=com.google.android.velvet.VelvetApplication@9d03aa18 new=com.google.android.velvet.VelvetApplication@9d03aa18
I/Fitness ( 1774): FitCleanupIntentOperation received Intent android.intent.action.PACKAGE_REMOVED [CONTEXT service_id=17 ]
W/ContextImpl( 3377): Calling a method in the system process without a qualified user: android.app.ContextImpl.startService:1479 android.content.ContextWrapper.startService:494 android.content.ContextWrapper.startService:494 com.android.keychain.KeyChainBroadcastReceiver.onReceive:12 android.app.ActivityThread.handleReceiver:2419 
I/PackageManager( 1568):   Action: "android.intent.action.SENDTO"
I/PackageManager( 1568):   Category: "android.intent.category.DEFAULT"
I/PackageManager( 1568):   Scheme: "smsto"
I/PackageManager( 1568): Adding preferred activity ComponentInfo{com.android.mms/com.android.mms.ui.ComposeMessageActivity} for user 0 :
D/dalvikvm( 1796): GC_FOR_ALLOC freed 420K, 17% free 3667K/4384K, paused 8ms, total 9ms
I/PackageManager( 1568):   Action: "android.intent.action.SENDTO"
I/PackageManager( 1568):   Category: "android.intent.category.DEFAULT"
I/PackageManager( 1568):   Scheme: "mms"
I/PackageManager( 1568): Adding preferred activity ComponentInfo{com.android.mms/com.android.mms.ui.ComposeMessageActivity} for user 0 :
I/PackageManager( 1568):   Action: "android.intent.action.SENDTO"
I/PackageManager( 1568):   Category: "android.intent.category.DEFAULT"
I/PackageManager( 1568):   Scheme: "mmsto"
I/PackageManager( 1568): Adding preferred activity ComponentInfo{com.android.mms/com.android.mms.ui.ComposeMessageActivity} for user 0 :
I/Icing   ( 2077): IndexChimeraService.getServiceInterface callingPackage=com.google.android.googlequicksearchbox componentName=null serviceId=21
I/Icing   ( 2077): doRemovePackageData it.unina.android.ripper
I/LatinIME:LogUtils( 1760): Dictionary info: dictionary = main:en ; version = 42 ; date = 1381226516
I/DownloadManager( 1824): Download 36 starting
W/Icing.InternalIcingCorporaProvider( 2169): Application table change notification failed.
W/DownloadManager( 1824): Aborting request for download 36: TYPE_DISALLOWED_BY_REQUESTOR
W/Icing   ( 2077): No valid account for uploading user actions
I/Icing   ( 2077): Usage reports ok 0, Failed Usage reports 0, indexed 0, rejected 0
I/Icing   ( 2077): Indexing com.google.android.gms-apps from com.google.android.gms
I/Icing   ( 2077): Indexing done com.google.android.gms-apps
I/DownloadManager( 1824): Download 36 finished with status WAITING_FOR_NETWORK
D/AndroidRuntime( 6001): 
D/AndroidRuntime( 6001): >>>>>> AndroidRuntime START com.android.internal.os.RuntimeInit <<<<<<
W/linker  ( 6001): libdvm.so has text relocations. This is wasting memory and is a security risk. Please fix.
D/AndroidRuntime( 6001): CheckJNI is ON
D/dalvikvm( 6001): Trying to load lib libjavacore.so 0x0
D/dalvikvm( 6001): Added shared lib libjavacore.so 0x0
D/dalvikvm( 6001): Trying to load lib libnativehelper.so 0x0
D/dalvikvm( 6001): Added shared lib libnativehelper.so 0x0
D/dalvikvm( 6001): No JNI_OnLoad found in libnativehelper.so 0x0, skipping init
D/dalvikvm( 6001): Note: class Landroid/app/ActivityManagerNative; has 179 unimplemented (abstract) methods
E/memtrack( 6001): Couldn't load memtrack module (No such file or directory)
E/android.os.Debug( 6001): failed to load memtrack module: -2
D/AndroidRuntime( 6001): Calling main entry com.android.commands.pm.Pm
D/AndroidRuntime( 6001): Shutting down VM
D/dalvikvm( 6001): GC_CONCURRENT freed 93K, 15% free 557K/652K, paused 0ms+0ms, total 1ms
D/AndroidRuntime( 6012): 
D/AndroidRuntime( 6012): >>>>>> AndroidRuntime START com.android.internal.os.RuntimeInit <<<<<<
W/linker  ( 6012): libdvm.so has text relocations. This is wasting memory and is a security risk. Please fix.
D/AndroidRuntime( 6012): CheckJNI is ON
D/dalvikvm( 6012): Trying to load lib libjavacore.so 0x0
D/dalvikvm( 6012): Added shared lib libjavacore.so 0x0
D/dalvikvm( 6012): Trying to load lib libnativehelper.so 0x0
D/dalvikvm( 6012): Added shared lib libnativehelper.so 0x0
D/dalvikvm( 6012): No JNI_OnLoad found in libnativehelper.so 0x0, skipping init
D/dalvikvm( 6012): Note: class Landroid/app/ActivityManagerNative; has 179 unimplemented (abstract) methods
E/memtrack( 6012): Couldn't load memtrack module (No such file or directory)
E/android.os.Debug( 6012): failed to load memtrack module: -2
D/AndroidRuntime( 6012): Calling main entry com.android.commands.pm.Pm
I/ActivityManager( 1568): Force stopping it.unina.android.ripper_service appid=10076 user=0: clear data
I/ActivityManager( 1568): Killing 5764:it.unina.android.ripper_service:android_ripper_service_process/u0a76 (adj 5): stop it.unina.android.ripper_service
I/ActivityManager( 1568):   Force stopping service ServiceRecord{9daa93a0 u0 it.unina.android.ripper_service/.AndroidRipperService}
I/GeofencerStateMachine( 1774): removeGeofences: removeRequest=RemoveGeofencingRequest[REMOVE_ALL packageName=it.unina.android.ripper_service]
D/Documents( 3317): Used cached roots for com.android.providers.downloads.documents
D/Documents( 3317): Used cached roots for com.android.externalstorage.documents
D/Documents( 3317): Used cached roots for com.android.providers.media.documents
D/Documents( 3317): Update found 6 roots in 1ms
D/keystore( 1149): calling clear_uid in state: 3
I/Icing   ( 2077): doRemovePackageData it.unina.android.ripper_service
D/AndroidRuntime( 6012): Shutting down VM
D/dalvikvm( 6012): GC_CONCURRENT freed 93K, 15% free 549K/644K, paused 0ms+0ms, total 1ms
I/Fitness ( 1774): FitCleanupIntentOperation received Intent android.intent.action.PACKAGE_DATA_CLEARED [CONTEXT service_id=17 ]
D/dalvikvm( 2077): GC_FOR_ALLOC freed 1876K, 12% free 21472K/24352K, paused 18ms, total 18ms
D/AndroidRuntime( 6028): 
D/AndroidRuntime( 6028): >>>>>> AndroidRuntime START com.android.internal.os.RuntimeInit <<<<<<
W/linker  ( 6028): libdvm.so has text relocations. This is wasting memory and is a security risk. Please fix.
D/AndroidRuntime( 6028): CheckJNI is ON
D/dalvikvm( 6028): Trying to load lib libjavacore.so 0x0
D/dalvikvm( 6028): Added shared lib libjavacore.so 0x0
D/dalvikvm( 6028): Trying to load lib libnativehelper.so 0x0
D/dalvikvm( 6028): Added shared lib libnativehelper.so 0x0
D/dalvikvm( 6028): No JNI_OnLoad found in libnativehelper.so 0x0, skipping init
D/dalvikvm( 6028): Note: class Landroid/app/ActivityManagerNative; has 179 unimplemented (abstract) methods
E/memtrack( 6028): Couldn't load memtrack module (No such file or directory)
E/android.os.Debug( 6028): failed to load memtrack module: -2
D/AndroidRuntime( 6028): Calling main entry com.android.commands.pm.Pm
I/ActivityManager( 1568): Force stopping it.unina.android.ripper_service appid=10076 user=-1: uninstall pkg
W/PackageManager( 1568): Couldn't delete native library directory /data/app-lib/it.unina.android.ripper_service
D/keystore( 1149): calling clear_uid in state: 3
I/ActivityManager( 1568): Force stopping it.unina.android.ripper_service appid=10076 user=0: pkg removed
W/Launcher.Model( 2207): Nobody to tell about the new app.  Launcher is probably loading.
I/GeofencerStateMachine( 1774): removeGeofences: removeRequest=RemoveGeofencingRequest[REMOVE_ALL packageName=it.unina.android.ripper_service]
I/PackageManager( 1568):   Action: "android.intent.action.SENDTO"
I/PackageManager( 1568):   Category: "android.intent.category.DEFAULT"
I/PackageManager( 1568):   Scheme: "sms"
D/VoicemailCleanupService( 1866): Cleaning up data for package: it.unina.android.ripper_service
I/InputReader( 1568): Reconfiguring input devices.  changes=0x00000010
D/Documents( 3317): Used cached roots for com.android.providers.downloads.documents
D/Documents( 3317): Used cached roots for com.android.externalstorage.documents
D/Documents( 3317): Used cached roots for com.android.providers.media.documents
D/Documents( 3317): Update found 6 roots in 11ms
I/PackageManager( 1568):   Action: "android.intent.action.SENDTO"
I/PackageManager( 1568):   Category: "android.intent.category.DEFAULT"
I/PackageManager( 1568):   Scheme: "smsto"
I/PackageManager( 1568): Adding preferred activity ComponentInfo{com.android.mms/com.android.mms.ui.ComposeMessageActivity} for user 0 :
I/PackageManager( 1568): Adding preferred activity ComponentInfo{com.android.mms/com.android.mms.ui.ComposeMessageActivity} for user 0 :
W/Launcher( 2207): setApplicationContext called twice! old=com.google.android.velvet.VelvetApplication@9d03aa18 new=com.google.android.velvet.VelvetApplication@9d03aa18
I/Fitness ( 1774): FitCleanupIntentOperation received Intent android.intent.action.PACKAGE_REMOVED [CONTEXT service_id=17 ]
D/dalvikvm( 1796): GC_FOR_ALLOC freed 457K, 18% free 3632K/4384K, paused 1ms, total 6ms
W/ContextImpl( 3377): Calling a method in the system process without a qualified user: android.app.ContextImpl.startService:1479 android.content.ContextWrapper.startService:494 android.content.ContextWrapper.startService:494 com.android.keychain.KeyChainBroadcastReceiver.onReceive:12 android.app.ActivityThread.handleReceiver:2419 
I/ActivityManager( 1568): Delay finish: com.android.keychain/.KeyChainBroadcastReceiver
I/ActivityManager( 1568): Resuming delayed broadcast
D/dalvikvm( 1568): GC_EXPLICIT freed 1474K, 49% free 8565K/16748K, paused 0ms+1ms, total 26ms
D/dalvikvm( 1568): WAIT_FOR_CONCURRENT_GC blocked 11ms
D/dalvikvm( 1568): WAIT_FOR_CONCURRENT_GC blocked 11ms
D/dalvikvm( 1568): WAIT_FOR_CONCURRENT_GC bl