I/dalvikvm( 5237): Could not find method android.view.View.isKeyboardNavigationCluster, referenced from method android.support.v4.view.ViewCompat.isKeyboardNavigationCluster
W/dalvikvm( 5237): VFY: unable to resolve virtual method 13149: Landroid/view/View;.isKeyboardNavigationCluster ()Z
D/dalvikvm( 5237): VFY: replacing opcode 0x6e at 0x0006
I/dalvikvm( 5237): Could not find method android.view.View.isNestedScrollingEnabled, referenced from method android.support.v4.view.ViewCompat.isNestedScrollingEnabled
W/dalvikvm( 5237): VFY: unable to resolve virtual method 13154: Landroid/view/View;.isNestedScrollingEnabled ()Z
D/dalvikvm( 5237): VFY: replacing opcode 0x6e at 0x0006
I/dalvikvm( 5237): Could not find method android.view.View.keyboardNavigationClusterSearch, referenced from method android.support.v4.view.ViewCompat.keyboardNavigationClusterSearch
W/dalvikvm( 5237): VFY: unable to resolve virtual method 13160: Landroid/view/View;.keyboardNavigationClusterSearch (Landroid/view/View;I)Landroid/view/View;
D/dalvikvm( 5237): VFY: replacing opcode 0x6e at 0x0006
E/dalvikvm( 5237): Could not find class 'android.view.WindowInsets', referenced from method android.support.v4.view.ViewCompat.onApplyWindowInsets
W/dalvikvm( 5237): VFY: unable to resolve check-cast 1713 (Landroid/view/WindowInsets;) in Landroid/support/v4/view/ViewCompat;
D/dalvikvm( 5237): VFY: replacing opcode 0x1f at 0x000a
E/dalvikvm( 5237): Could not find class 'android.view.View$OnUnhandledKeyEventListener', referenced from method android.support.v4.view.ViewCompat.removeOnUnhandledKeyEventListener
W/dalvikvm( 5237): VFY: unable to resolve check-cast 1695 (Landroid/view/View$OnUnhandledKeyEventListener;) in Landroid/support/v4/view/ViewCompat;
D/dalvikvm( 5237): VFY: replacing opcode 0x1f at 0x0015
I/dalvikvm( 5237): Could not find method android.view.View.requestApplyInsets, referenced from method android.support.v4.view.ViewCompat.requestApplyInsets
W/dalvikvm( 5237): VFY: unable to resolve virtual method 13186: Landroid/view/View;.requestApplyInsets ()V
D/dalvikvm( 5237): VFY: replacing opcode 0x6e at 0x0006
I/dalvikvm( 5237): Could not find method android.view.View.requireViewById, referenced from method android.support.v4.view.ViewCompat.requireViewById
W/dalvikvm( 5237): VFY: unable to resolve virtual method 13192: Landroid/view/View;.requireViewById (I)Landroid/view/View;
D/dalvikvm( 5237): VFY: replacing opcode 0x6e at 0x0006
I/dalvikvm( 5237): Could not find method android.view.View.restoreDefaultFocus, referenced from method android.support.v4.view.ViewCompat.restoreDefaultFocus
W/dalvikvm( 5237): VFY: unable to resolve virtual method 13194: Landroid/view/View;.restoreDefaultFocus ()Z
D/dalvikvm( 5237): VFY: replacing opcode 0x6e at 0x0006
I/dalvikvm( 5237): Could not find method android.view.View.setAutofillHints, referenced from method android.support.v4.view.ViewCompat.setAutofillHints
W/dalvikvm( 5237): VFY: unable to resolve virtual method 13202: Landroid/view/View;.setAutofillHints ([Ljava/lang/String;)V
D/dalvikvm( 5237): VFY: replacing opcode 0x6e at 0x0006
I/dalvikvm( 5237): Could not find method android.view.View.setBackgroundTintList, referenced from method android.support.v4.view.ViewCompat.setBackgroundTintList
W/dalvikvm( 5237): VFY: unable to resolve virtual method 13206: Landroid/view/View;.setBackgroundTintList (Landroid/content/res/ColorStateList;)V
D/dalvikvm( 5237): VFY: replacing opcode 0x6e at 0x0006
I/dalvikvm( 5237): Could not find method android.view.View.setBackgroundTintMode, referenced from method android.support.v4.view.ViewCompat.setBackgroundTintMode
W/dalvikvm( 5237): VFY: unable to resolve virtual method 13207: Landroid/view/View;.setBackgroundTintMode (Landroid/graphics/PorterDuff$Mode;)V
D/dalvikvm( 5237): VFY: replacing opcode 0x6e at 0x0006
I/dalvikvm( 5237): Could not find method android.view.View.setElevation, referenced from method android.support.v4.view.ViewCompat.setElevation
W/dalvikvm( 5237): VFY: unable to resolve virtual method 13209: Landroid/view/View;.setElevation (F)V
D/dalvikvm( 5237): VFY: replacing opcode 0x6e at 0x0006
I/dalvikvm( 5237): Could not find method android.view.View.setFocusedByDefault, referenced from method android.support.v4.view.ViewCompat.setFocusedByDefault
W/dalvikvm( 5237): VFY: unable to resolve virtual method 13212: Landroid/view/View;.setFocusedByDefault (Z)V
D/dalvikvm( 5237): VFY: replacing opcode 0x6e at 0x0006
I/dalvikvm( 5237): Could not find method android.view.View.setImportantForAutofill, referenced from method android.support.v4.view.ViewCompat.setImportantForAutofill
W/dalvikvm( 5237): VFY: unable to resolve virtual method 13216: Landroid/view/View;.setImportantForAutofill (I)V
D/dalvikvm( 5237): VFY: replacing opcode 0x6e at 0x0006
I/dalvikvm( 5237): Could not find method android.view.View.setKeyboardNavigationCluster, referenced from method android.support.v4.view.ViewCompat.setKeyboardNavigationCluster
W/dalvikvm( 5237): VFY: unable to resolve virtual method 13217: Landroid/view/View;.setKeyboardNavigationCluster (Z)V
D/dalvikvm( 5237): VFY: replacing opcode 0x6e at 0x0006
I/dalvikvm( 5237): Could not find method android.view.View.setNestedScrollingEnabled, referenced from method android.support.v4.view.ViewCompat.setNestedScrollingEnabled
W/dalvikvm( 5237): VFY: unable to resolve virtual method 13226: Landroid/view/View;.setNestedScrollingEnabled (Z)V
D/dalvikvm( 5237): VFY: replacing opcode 0x6e at 0x0006
I/dalvikvm( 5237): Could not find method android.view.View.setNextClusterForwardId, referenced from method android.support.v4.view.ViewCompat.setNextClusterForwardId
W/dalvikvm( 5237): VFY: unable to resolve virtual method 13227: Landroid/view/View;.setNextClusterForwardId (I)V
D/dalvikvm( 5237): VFY: replacing opcode 0x6e at 0x0006
I/dalvikvm( 5237): Could not find method android.view.View.setOnApplyWindowInsetsListener, referenced from method android.support.v4.view.ViewCompat.setOnApplyWindowInsetsListener
W/dalvikvm( 5237): VFY: unable to resolve virtual method 13228: Landroid/view/View;.setOnApplyWindowInsetsListener (Landroid/view/View$OnApplyWindowInsetsListener;)V
D/dalvikvm( 5237): VFY: replacing opcode 0x6e at 0x0009
I/dalvikvm( 5237): Failed resolving Landroid/support/v4/view/ViewCompat$1; interface 1685 'Landroid/view/View$OnApplyWindowInsetsListener;'
W/dalvikvm( 5237): Link of class 'Landroid/support/v4/view/ViewCompat$1;' failed
E/dalvikvm( 5237): Could not find class 'android.support.v4.view.ViewCompat$1', referenced from method android.support.v4.view.ViewCompat.setOnApplyWindowInsetsListener
W/dalvikvm( 5237): VFY: unable to resolve new-instance 1055 (Landroid/support/v4/view/ViewCompat$1;) in Landroid/support/v4/view/ViewCompat;
D/dalvikvm( 5237): VFY: replacing opcode 0x22 at 0x000d
I/dalvikvm( 5237): Could not find method android.view.View.setPointerIcon, referenced from method android.support.v4.view.ViewCompat.setPointerIcon
W/dalvikvm( 5237): VFY: unable to resolve virtual method 13239: Landroid/view/View;.setPointerIcon (Landroid/view/PointerIcon;)V
D/dalvikvm( 5237): VFY: replacing opcode 0x6e at 0x0012
I/dalvikvm( 5237): Could not find method android.view.View.setScrollIndicators, referenced from method android.support.v4.view.ViewCompat.setScrollIndicators
W/dalvikvm( 5237): VFY: unable to resolve virtual method 13247: Landroid/view/View;.setScrollIndicators (I)V
D/dalvikvm( 5237): VFY: replacing opcode 0x6e at 0x0006
I/dalvikvm( 5237): Could not find method android.view.View.setScrollIndicators, referenced from method android.support.v4.view.ViewCompat.setScrollIndicators
W/dalvikvm( 5237): VFY: unable to resolve virtual method 13248: Landroid/view/View;.setScrollIndicators (II)V
D/dalvikvm( 5237): VFY: replacing opcode 0x6e at 0x0006
I/dalvikvm( 5237): Could not find method android.view.View.setTooltipText, referenced from method android.support.v4.view.ViewCompat.setTooltipText
W/dalvikvm( 5237): VFY: unable to resolve virtual method 13252: Landroid/view/View;.setTooltipText (Ljava/lang/CharSequence;)V
D/dalvikvm( 5237): VFY: replacing opcode 0x6e at 0x0006
I/dalvikvm( 5237): Could not find method android.view.View.setTransitionName, referenced from method android.support.v4.view.ViewCompat.setTransitionName
W/dalvikvm( 5237): VFY: unable to resolve virtual method 13253: Landroid/view/View;.setTransitionName (Ljava/lang/String;)V
D/dalvikvm( 5237): VFY: replacing opcode 0x6e at 0x0006
I/dalvikvm( 5237): Could not find method android.view.View.setTranslationZ, referenced from method android.support.v4.view.ViewCompat.setTranslationZ
W/dalvikvm( 5237): VFY: unable to resolve virtual method 13256: Landroid/view/View;.setTranslationZ (F)V
D/dalvikvm( 5237): VFY: replacing opcode 0x6e at 0x0006
I/dalvikvm( 5237): Could not find method android.view.View.setZ, referenced from method android.support.v4.view.ViewCompat.setZ
W/dalvikvm( 5237): VFY: unable to resolve virtual method 13260: Landroid/view/View;.setZ (F)V
D/dalvikvm( 5237): VFY: replacing opcode 0x6e at 0x0006
I/dalvikvm( 5237): Could not find method android.view.View.startDragAndDrop, referenced from method android.support.v4.view.ViewCompat.startDragAndDrop
W/dalvikvm( 5237): VFY: unable to resolve virtual method 13263: Landroid/view/View;.startDragAndDrop (Landroid/content/ClipData;Landroid/view/View$DragShadowBuilder;Ljava/lang/Object;I)Z
D/dalvikvm( 5237): VFY: replacing opcode 0x6e at 0x0006
I/dalvikvm( 5237): Could not find method android.view.View.startNestedScroll, referenced from method android.support.v4.view.ViewCompat.startNestedScroll
W/dalvikvm( 5237): VFY: unable to resolve virtual method 13264: Landroid/view/View;.startNestedScroll (I)Z
D/dalvikvm( 5237): VFY: replacing opcode 0x6e at 0x0006
I/dalvikvm( 5237): Could not find method android.view.View.stopNestedScroll, referenced from method android.support.v4.view.ViewCompat.stopNestedScroll
W/dalvikvm( 5237): VFY: unable to resolve virtual method 13265: Landroid/view/View;.stopNestedScroll ()V
D/dalvikvm( 5237): VFY: replacing opcode 0x6e at 0x0006
I/dalvikvm( 5237): Could not find method android.view.View.updateDragShadow, referenced from method android.support.v4.view.ViewCompat.updateDragShadow
W/dalvikvm( 5237): VFY: unable to resolve virtual method 13266: Landroid/view/View;.updateDragShadow (Landroid/view/View$DragShadowBuilder;)V
D/dalvikvm( 5237): VFY: replacing opcode 0x6e at 0x0006
I/dalvikvm( 5237): Failed resolving Landroid/support/v4/view/ViewCompat$OnUnhandledKeyEventListenerWrapper; interface 1695 'Landroid/view/View$OnUnhandledKeyEventListener;'
W/dalvikvm( 5237): Link of class 'Landroid/support/v4/view/ViewCompat$OnUnhandledKeyEventListenerWrapper;' failed
D/dalvikvm( 5237): DexOpt: unable to opt direct call 0x1852 at 0x1c in Landroid/support/v4/view/ViewCompat;.addOnUnhandledKeyEventListener
D/dalvikvm( 5237): DexOpt: unable to opt direct call 0x34a2 at 0x14 in Landroid/support/v4/view/ViewCompat;.dispatchApplyWindowInsets
D/dalvikvm( 5237): DexOpt: unable to opt direct call 0x34a2 at 0x14 in Landroid/support/v4/view/ViewCompat;.onApplyWindowInsets
I/dalvikvm( 5237): Failed resolving Landroid/support/v4/view/ViewCompat$1; interface 1685 'Landroid/view/View$OnApplyWindowInsetsListener;'
W/dalvikvm( 5237): Link of class 'Landroid/support/v4/view/ViewCompat$1;' failed
D/dalvikvm( 5237): DexOpt: unable to opt direct call 0x184f at 0x0f in Landroid/support/v4/view/ViewCompat;.setOnApplyWindowInsetsListener
I/dalvikvm( 5237): Could not find method android.content.Context.getColorStateList, referenced from method android.support.v7.content.res.AppCompatResources.getColorStateList
W/dalvikvm( 5237): VFY: unable to resolve virtual method 686: Landroid/content/Context;.getColorStateList (I)Landroid/content/res/ColorStateList;
D/dalvikvm( 5237): VFY: replacing opcode 0x6e at 0x0006
D/dalvikvm( 5237): GC_FOR_ALLOC freed 100K, 12% free 3161K/3572K, paused 2ms, total 2ms
I/dalvikvm-heap( 5237): Grow heap (frag case) to 7.574MB for 4515852-byte allocation
D/dalvikvm( 5237): GC_FOR_ALLOC freed 1K, 6% free 7570K/7984K, paused 3ms, total 3ms
D/dalvikvm( 5237): GC_CONCURRENT freed <1K, 6% free 7570K/7984K, paused 0ms+0ms, total 2ms
D/dalvikvm( 5237): GC_FOR_ALLOC freed <1K, 6% free 7572K/7984K, paused 1ms, total 1ms
I/dalvikvm-heap( 5237): Grow heap (frag case) to 9.297MB for 1806348-byte allocation
D/dalvikvm( 5237): GC_CONCURRENT freed <1K, 5% free 9336K/9752K, paused 1ms+0ms, total 2ms
I/dalvikvm( 5237): Could not find method android.content.res.Resources.getDrawable, referenced from method android.support.v7.widget.ResourcesWrapper.getDrawable
W/dalvikvm( 5237): VFY: unable to resolve virtual method 873: Landroid/content/res/Resources;.getDrawable (ILandroid/content/res/Resources$Theme;)Landroid/graphics/drawable/Drawable;
D/dalvikvm( 5237): VFY: replacing opcode 0x6e at 0x0002
I/dalvikvm( 5237): Could not find method android.content.res.Resources.getDrawableForDensity, referenced from method android.support.v7.widget.ResourcesWrapper.getDrawableForDensity
W/dalvikvm( 5237): VFY: unable to resolve virtual method 875: Landroid/content/res/Resources;.getDrawableForDensity (IILandroid/content/res/Resources$Theme;)Landroid/graphics/drawable/Drawable;
D/dalvikvm( 5237): VFY: replacing opcode 0x6e at 0x0002
I/dalvikvm( 5237): Could not find method android.widget.TextView.getAutoSizeStepGranularity, referenced from method android.support.v7.widget.AppCompatTextHelper.loadFromAttributes
W/dalvikvm( 5237): VFY: unable to resolve virtual method 14279: Landroid/widget/TextView;.getAutoSizeStepGranularity ()I
D/dalvikvm( 5237): VFY: replacing opcode 0x6e at 0x01b7
I/dalvikvm( 5237): Could not find method android.text.StaticLayout$Builder.obtain, referenced from method android.support.v7.widget.AppCompatTextViewAutoSizeHelper.createStaticLayoutForMeasuring
W/dalvikvm( 5237): VFY: unable to resolve static method 12671: Landroid/text/StaticLayout$Builder;.obtain (Ljava/lang/CharSequence;IILandroid/text/TextPaint;I)Landroid/text/StaticLayout$Builder;
D/dalvikvm( 5237): VFY: replacing opcode 0x71 at 0x0013
I/dalvikvm( 5237): Could not find method android.widget.TextView.getAutoSizeMaxTextSize, referenced from method android.support.v7.widget.AppCompatTextView.getAutoSizeMaxTextSize
W/dalvikvm( 5237): VFY: unable to resolve virtual method 14277: Landroid/widget/TextView;.getAutoSizeMaxTextSize ()I
D/dalvikvm( 5237): VFY: replacing opcode 0x6f at 0x0004
I/dalvikvm( 5237): Could not find method android.widget.TextView.getAutoSizeMinTextSize, referenced from method android.support.v7.widget.AppCompatTextView.getAutoSizeMinTextSize
W/dalvikvm( 5237): VFY: unable to resolve virtual method 14278: Landroid/widget/TextView;.getAutoSizeMinTextSize ()I
D/dalvikvm( 5237): VFY: replacing opcode 0x6f at 0x0004
I/dalvikvm( 5237): Could not find method android.widget.TextView.getAutoSizeStepGranularity, referenced from method android.support.v7.widget.AppCompatTextView.getAutoSizeStepGranularity
W/dalvikvm( 5237): VFY: unable to resolve virtual method 14279: Landroid/widget/TextView;.getAutoSizeStepGranularity ()I
D/dalvikvm( 5237): VFY: replacing opcode 0x6f at 0x0004
I/dalvikvm( 5237): Could not find method android.widget.TextView.getAutoSizeTextAvailableSizes, referenced from method android.support.v7.widget.AppCompatTextView.getAutoSizeTextAvailableSizes
W/dalvikvm( 5237): VFY: unable to resolve virtual method 14280: Landroid/widget/TextView;.getAutoSizeTextAvailableSizes ()[I
D/dalvikvm( 5237): VFY: replacing opcode 0x6f at 0x0004
I/dalvikvm( 5237): Could not find method android.widget.TextView.getAutoSizeTextType, referenced from method android.support.v7.widget.AppCompatTextView.getAutoSizeTextType
W/dalvikvm( 5237): VFY: unable to resolve virtual method 14281: Landroid/widget/TextView;.getAutoSizeTextType ()I
D/dalvikvm( 5237): VFY: replacing opcode 0x6f at 0x0005
I/dalvikvm( 5237): Could not find method android.widget.TextView.setAutoSizeTextTypeUniformWithConfiguration, referenced from method android.support.v7.widget.AppCompatTextView.setAutoSizeTextTypeUniformWithConfiguration
W/dalvikvm( 5237): VFY: unable to resolve virtual method 14337: Landroid/widget/TextView;.setAutoSizeTextTypeUniformWithConfiguration (IIII)V
D/dalvikvm( 5237): VFY: replacing opcode 0x6f at 0x0004
I/dalvikvm( 5237): Could not find method android.widget.TextView.setAutoSizeTextTypeUniformWithPresetSizes, referenced from method android.support.v7.widget.AppCompatTextView.setAutoSizeTextTypeUniformWithPresetSizes
W/dalvikvm( 5237): VFY: unable to resolve virtual method 14338: Landroid/widget/TextView;.setAutoSizeTextTypeUniformWithPresetSizes ([II)V
D/dalvikvm( 5237): VFY: replacing opcode 0x6f at 0x0004
I/dalvikvm( 5237): Could not find method android.widget.TextView.setAutoSizeTextTypeWithDefaults, referenced from method android.support.v7.widget.AppCompatTextView.setAutoSizeTextTypeWithDefaults
W/dalvikvm( 5237): VFY: unable to resolve virtual method 14339: Landroid/widget/TextView;.setAutoSizeTextTypeWithDefaults (I)V
D/dalvikvm( 5237): VFY: replacing opcode 0x6f at 0x0004
I/dalvikvm( 5237): Could not find method android.widget.TextView.setFirstBaselineToTopHeight, referenced from method android.support.v7.widget.AppCompatTextView.setFirstBaselineToTopHeight
W/dalvikvm( 5237): VFY: unable to resolve virtual method 14351: Landroid/widget/TextView;.setFirstBaselineToTopHeight (I)V
D/dalvikvm( 5237): VFY: replacing opcode 0x6f at 0x0006
I/dalvikvm( 5237): Could not find method android.widget.TextView.setLastBaselineToBottomHeight, referenced from method android.support.v7.widget.AppCompatTextView.setLastBaselineToBottomHeight
W/dalvikvm( 5237): VFY: unable to resolve virtual method 14357: Landroid/widget/TextView;.setLastBaselineToBottomHeight (I)V
D/dalvikvm( 5237): VFY: replacing opcode 0x6f at 0x0006
I/dalvikvm( 5237): Could not find method android.graphics.Color.getModel, referenced from method android.support.v4.graphics.ColorUtils.compositeColors
W/dalvikvm( 5237): VFY: unable to resolve virtual method 1039: Landroid/graphics/Color;.getModel ()Landroid/graphics/ColorSpace$Model;
D/dalvikvm( 5237): VFY: replacing opcode 0x6e at 0x0000
E/dalvikvm( 5237): Could not find class 'android.graphics.drawable.RippleDrawable', referenced from method android.support.v7.widget.AppCompatImageHelper.hasOverlappingRendering
W/dalvikvm( 5237): VFY: unable to resolve instanceof 258 (Landroid/graphics/drawable/RippleDrawable;) in Landroid/support/v7/widget/AppCompatImageHelper;
D/dalvikvm( 5237): VFY: replacing opcode 0x20 at 0x000c
D/dalvikvm( 5237): GC_FOR_ALLOC freed 155K, 4% free 10145K/10488K, paused 2ms, total 2ms
I/dalvikvm-heap( 5237): Grow heap (frag case) to 11.938MB for 1939932-byte allocation
D/dalvikvm( 5237): GC_FOR_ALLOC freed 13K, 3% free 12026K/12384K, paused 2ms, total 2ms
I/dalvikvm( 5237): Could not find method android.widget.Button.getAutoSizeMaxTextSize, referenced from method android.support.v7.widget.AppCompatButton.getAutoSizeMaxTextSize
W/dalvikvm( 5237): VFY: unable to resolve virtual method 13829: Landroid/widget/Button;.getAutoSizeMaxTextSize ()I
D/dalvikvm( 5237): VFY: replacing opcode 0x6f at 0x0004
I/dalvikvm( 5237): Could not find method android.widget.Button.getAutoSizeMinTextSize, referenced from method android.support.v7.widget.AppCompatButton.getAutoSizeMinTextSize
W/dalvikvm( 5237): VFY: unable to resolve virtual method 13830: Landroid/widget/Button;.getAutoSizeMinTextSize ()I
D/dalvikvm( 5237): VFY: replacing opcode 0x6f at 0x0004
I/dalvikvm( 5237): Could not find method android.widget.Button.getAutoSizeStepGranularity, referenced from method android.support.v7.widget.AppCompatButton.getAutoSizeStepGranularity
W/dalvikvm( 5237): VFY: unable to resolve virtual method 13831: Landroid/widget/Button;.getAutoSizeStepGranularity ()I
D/dalvikvm( 5237): VFY: replacing opcode 0x6f at 0x0004
I/dalvikvm( 5237): Could not find method android.widget.Button.getAutoSizeTextAvailableSizes, referenced from method android.support.v7.widget.AppCompatButton.getAutoSizeTextAvailableSizes
W/dalvikvm( 5237): VFY: unable to resolve virtual method 13832: Landroid/widget/Button;.getAutoSizeTextAvailableSizes ()[I
D/dalvikvm( 5237): VFY: replacing opcode 0x6f at 0x0004
I/dalvikvm( 5237): Could not find method android.widget.Button.getAutoSizeTextType, referenced from method android.support.v7.widget.AppCompatButton.getAutoSizeTextType
W/dalvikvm( 5237): VFY: unable to resolve virtual method 13833: Landroid/widget/Button;.getAutoSizeTextType ()I
D/dalvikvm( 5237): VFY: replacing opcode 0x6f at 0x0005
I/dalvikvm( 5237): Could not find method android.widget.Button.setAutoSizeTextTypeUniformWithConfiguration, referenced from method android.support.v7.widget.AppCompatButton.setAutoSizeTextTypeUniformWithConfiguration
W/dalvikvm( 5237): VFY: unable to resolve virtual method 13839: Landroid/widget/Button;.setAutoSizeTextTypeUniformWithConfiguration (IIII)V
D/dalvikvm( 5237): VFY: replacing opcode 0x6f at 0x0004
I/dalvikvm( 5237): Could not find method android.widget.Button.setAutoSizeTextTypeUniformWithPresetSizes, referenced from method android.support.v7.widget.AppCompatButton.setAutoSizeTextTypeUniformWithPresetSizes
W/dalvikvm( 5237): VFY: unable to resolve virtual method 13840: Landroid/widget/Button;.setAutoSizeTextTypeUniformWithPresetSizes ([II)V
D/dalvikvm( 5237): VFY: replacing opcode 0x6f at 0x0004
I/dalvikvm( 5237): Could not find method android.widget.Button.setAutoSizeTextTypeWithDefaults, referenced from method android.support.v7.widget.AppCompatButton.setAutoSizeTextTypeWithDefaults
W/dalvikvm( 5237): VFY: unable to resolve virtual method 13841: Landroid/widget/Button;.setAutoSizeTextTypeWithDefaults (I)V
D/dalvikvm( 5237): VFY: replacing opcode 0x6f at 0x0004
D/        ( 5237): HostConnection::get() New Host Connection established 0xb81885c0, tid 5237
D/EGL_emulation( 5237): eglCreateContext: 0xb81886e0: maj 3 min 0 rcv 3
D/EGL_emulation( 5237): eglMakeCurrent: 0xb81886e0: ver 3 0
E/eglCodecCommon( 5237): glUtilsParamSize: unknow param 0x00008cdf
E/eglCodecCommon( 5237): glUtilsParamSize: unknow param 0x00008824
E/EGL_emulation( 5237): tid 5237: eglSurfaceAttrib(1199): error 0x3009 (EGL_BAD_MATCH)
W/HardwareRenderer( 5237): Backbuffer cannot be preserved
D/OpenGLRenderer( 5237): Enabling debug mode 0
D/EGL_emulation( 5237): eglMakeCurrent: 0xb81886e0: ver 3 0
E/EGL_emulation( 5237): tid 5237: eglSurfaceAttrib(1199): error 0x3009 (EGL_BAD_MATCH)
W/HardwareRenderer( 5237): Backbuffer cannot be preserved
I/LatinIME:LogUtils( 1760): Dictionary info: dictionary = contacts.en_US.dict ; version = ? ; date = ?
I/dalvikvm( 5237): Could not find method android.view.ViewConfiguration.getScaledHorizontalScrollFactor, referenced from method android.support.v4.view.ViewConfigurationCompat.getScaledHorizontalScrollFactor
W/dalvikvm( 5237): VFY: unable to resolve virtual method 13271: Landroid/view/ViewConfiguration;.getScaledHorizontalScrollFactor ()F
D/dalvikvm( 5237): VFY: replacing opcode 0x6e at 0x0006
I/dalvikvm( 5237): Could not find method android.view.ViewConfiguration.getScaledHoverSlop, referenced from method android.support.v4.view.ViewConfigurationCompat.getScaledHoverSlop
W/dalvikvm( 5237): VFY: unable to resolve virtual method 13272: Landroid/view/ViewConfiguration;.getScaledHoverSlop ()I
D/dalvikvm( 5237): VFY: replacing opcode 0x6e at 0x0006
I/dalvikvm( 5237): Could not find method android.view.ViewConfiguration.getScaledVerticalScrollFactor, referenced from method android.support.v4.view.ViewConfigurationCompat.getScaledVerticalScrollFactor
W/dalvikvm( 5237): VFY: unable to resolve virtual method 13277: Landroid/view/ViewConfiguration;.getScaledVerticalScrollFactor ()F
D/dalvikvm( 5237): VFY: replacing opcode 0x6e at 0x0006
I/dalvikvm( 5237): Could not find method android.view.ViewConfiguration.shouldShowMenuShortcutsWhenKeyboardPresent, referenced from method android.support.v4.view.ViewConfigurationCompat.shouldShowMenuShortcutsWhenKeyboardPresent
W/dalvikvm( 5237): VFY: unable to resolve virtual method 13280: Landroid/view/ViewConfiguration;.shouldShowMenuShortcutsWhenKeyboardPresent ()Z
D/dalvikvm( 5237): VFY: replacing opcode 0x6e at 0x0006
I/dalvikvm( 5237): Could not find method android.view.View.setTooltipText, referenced from method android.support.v7.widget.TooltipCompat.setTooltipText
W/dalvikvm( 5237): VFY: unable to resolve virtual method 13252: Landroid/view/View;.setTooltipText (Ljava/lang/CharSequence;)V
D/dalvikvm( 5237): VFY: replacing opcode 0x6e at 0x0006
I/dalvikvm( 5237): Could not find method android.view.MenuItem.getAlphabeticModifiers, referenced from method android.support.v4.view.MenuItemCompat.getAlphabeticModifiers
W/dalvikvm( 5237): VFY: unable to resolve interface method 12922: Landroid/view/MenuItem;.getAlphabeticModifiers ()I
D/dalvikvm( 5237): VFY: replacing opcode 0x72 at 0x0011
I/dalvikvm( 5237): Could not find method android.view.MenuItem.getContentDescription, referenced from method android.support.v4.view.MenuItemCompat.getContentDescription
W/dalvikvm( 5237): VFY: unable to resolve interface method 12923: Landroid/view/MenuItem;.getContentDescription ()Ljava/lang/CharSequence;
D/dalvikvm( 5237): VFY: replacing opcode 0x72 at 0x0011
I/dalvikvm( 5237): Could not find method android.view.MenuItem.getIconTintList, referenced from method android.support.v4.view.MenuItemCompat.getIconTintList
W/dalvikvm( 5237): VFY: unable to resolve interface method 12926: Landroid/view/MenuItem;.getIconTintList ()Landroid/content/res/ColorStateList;
D/dalvikvm( 5237): VFY: replacing opcode 0x72 at 0x0011
I/dalvikvm( 5237): Could not find method android.view.MenuItem.getIconTintMode, referenced from method android.support.v4.view.MenuItemCompat.getIconTintMode
W/dalvikvm( 5237): VFY: unable to resolve interface method 12927: Landroid/view/MenuItem;.getIconTintMode ()Landroid/graphics/PorterDuff$Mode;
D/dalvikvm( 5237): VFY: replacing opcode 0x72 at 0x0011
I/dalvikvm( 5237): Could not find method android.view.MenuItem.getNumericModifiers, referenced from method android.support.v4.view.MenuItemCompat.getNumericModifiers
W/dalvikvm( 5237): VFY: unable to resolve interface method 12930: Landroid/view/MenuItem;.getNumericModifiers ()I
D/dalvikvm( 5237): VFY: replacing opcode 0x72 at 0x0011
I/dalvikvm( 5237): Could not find method android.view.MenuItem.getTooltipText, referenced from method android.support.v4.view.MenuItemCompat.getTooltipText
W/dalvikvm( 5237): VFY: unable to resolve interface method 12932: Landroid/view/MenuItem;.getTooltipText ()Ljava/lang/CharSequence;
D/dalvikvm( 5237): VFY: replacing opcode 0x72 at 0x0011
I/dalvikvm( 5237): Could not find method android.view.MenuItem.setAlphabeticShortcut, referenced from method android.support.v4.view.MenuItemCompat.setAlphabeticShortcut
W/dalvikvm( 5237): VFY: unable to resolve interface method 12940: Landroid/view/MenuItem;.setAlphabeticShortcut (CI)Landroid/view/MenuItem;
D/dalvikvm( 5237): VFY: replacing opcode 0x72 at 0x0010
I/dalvikvm( 5237): Could not find method android.view.MenuItem.setContentDescription, referenced from method android.support.v4.view.MenuItemCompat.setContentDescription
W/dalvikvm( 5237): VFY: unable to resolve interface method 12943: Landroid/view/MenuItem;.setContentDescription (Ljava/lang/CharSequence;)Landroid/view/MenuItem;
D/dalvikvm( 5237): VFY: replacing opcode 0x72 at 0x0010
I/dalvikvm( 5237): Could not find method android.view.MenuItem.setIconTintList, referenced from method android.support.v4.view.MenuItemCompat.setIconTintList
W/dalvikvm( 5237): VFY: unable to resolve interface method 12947: Landroid/view/MenuItem;.setIconTintList (Landroid/content/res/ColorStateList;)Landroid/view/MenuItem;
D/dalvikvm( 5237): VFY: replacing opcode 0x72 at 0x0010
I/dalvikvm( 5237): Could not find method android.view.MenuItem.setIconTintMode, referenced from method android.support.v4.view.MenuItemCompat.setIconTintMode
W/dalvikvm( 5237): VFY: unable to resolve interface method 12948: Landroid/view/MenuItem;.setIconTintMode (Landroid/graphics/PorterDuff$Mode;)Landroid/view/MenuItem;
D/dalvikvm( 5237): VFY: replacing opcode 0x72 at 0x0010
I/dalvikvm( 5237): Could not find method android.view.MenuItem.setNumericShortcut, referenced from method android.support.v4.view.MenuItemCompat.setNumericShortcut
W/dalvikvm( 5237): VFY: unable to resolve interface method 12950: Landroid/view/MenuItem;.setNumericShortcut (CI)Landroid/view/MenuItem;
D/dalvikvm( 5237): VFY: replacing opcode 0x72 at 0x0010
I/dalvikvm( 5237): Could not find method android.view.MenuItem.setShortcut, referenced from method android.support.v4.view.MenuItemCompat.setShortcut
W/dalvikvm( 5237): VFY: unable to resolve interface method 12953: Landroid/view/MenuItem;.setShortcut (CCII)Landroid/view/MenuItem;
D/dalvikvm( 5237): VFY: replacing opcode 0x72 at 0x0010
I/dalvikvm( 5237): Could not find method android.view.MenuItem.setTooltipText, referenced from method android.support.v4.view.MenuItemCompat.setTooltipText
W/dalvikvm( 5237): VFY: unable to resolve interface method 12956: Landroid/view/MenuItem;.setTooltipText (Ljava/lang/CharSequence;)Landroid/view/MenuItem;
D/dalvikvm( 5237): VFY: replacing opcode 0x72 at 0x0010
D/EGL_emulation( 5237): eglMakeCurrent: 0xb81886e0: ver 3 0
I/LatinIME:LogUtils( 1760): Dictionary info: dictionary = main:en ; version = 42 ; date = 1381226516
I/LatinIME:LogUtils( 1760): Dictionary info: dictionary = userunigram.en_US.dict ; version = ? ; date = ?
I/DownloadManager( 1824): Download 30 starting
W/DownloadManager( 1824): Aborting request for download 30: TYPE_DISALLOWED_BY_REQUESTOR
I/DownloadManager( 1824): Download 30 finished with status WAITING_FOR_NETWORK
D/dalvikvm( 1824): GC_FOR_ALLOC freed 510K, 17% free 3572K/4276K, paused 2ms, total 2ms
I/dalvikvm( 5237): Could not find method android.graphics.drawable.Drawable.applyTheme, referenced from method android.support.v4.graphics.drawable.DrawableCompat.applyTheme
W/dalvikvm( 5237): VFY: unable to resolve virtual method 1212: Landroid/graphics/drawable/Drawable;.applyTheme (Landroid/content/res/Resources$Theme;)V
D/dalvikvm( 5237): VFY: replacing opcode 0x6e at 0x0006
I/dalvikvm( 5237): Could not find method android.graphics.drawable.Drawable.canApplyTheme, referenced from method android.support.v4.graphics.drawable.DrawableCompat.canApplyTheme
W/dalvikvm( 5237): VFY: unable to resolve virtual method 1213: Landroid/graphics/drawable/Drawable;.canApplyTheme ()Z
D/dalvikvm( 5237): VFY: replacing opcode 0x6e at 0x0006
I/dalvikvm( 5237): Could not find method android.graphics.drawable.Drawable.getColorFilter, referenced from method android.support.v4.graphics.drawable.DrawableCompat.getColorFilter
W/dalvikvm( 5237): VFY: unable to resolve virtual method 1224: Landroid/graphics/drawable/Drawable;.getColorFilter ()Landroid/graphics/ColorFilter;
D/dalvikvm( 5237): VFY: replacing opcode 0x6e at 0x0006
I/dalvikvm( 5237): Could not find method android.graphics.drawable.Drawable.inflate, referenced from method android.support.v4.graphics.drawable.DrawableCompat.inflate
W/dalvikvm( 5237): VFY: unable to resolve virtual method 1241: Landroid/graphics/drawable/Drawable;.inflate (Landroid/content/res/Resources;Lorg/xmlpull/v1/XmlPullParser;Landroid/util/AttributeSet;Landroid/content/res/Resources$Theme;)V
D/dalvikvm( 5237): VFY: replacing opcode 0x6e at 0x0006
I/dalvikvm( 5237): Could not find method android.graphics.drawable.Drawable.setHotspot, referenced from method android.support.v4.graphics.drawable.DrawableCompat.setHotspot
W/dalvikvm( 5237): VFY: unable to resolve virtual method 1262: Landroid/graphics/drawable/Drawable;.setHotspot (FF)V
D/dalvikvm( 5237): VFY: replacing opcode 0x6e at 0x0006
I/dalvikvm( 5237): Could not find method android.graphics.drawable.Drawable.setHotspotBounds, referenced from method android.support.v4.graphics.drawable.DrawableCompat.setHotspotBounds
W/dalvikvm( 5237): VFY: unable to resolve virtual method 1263: Landroid/graphics/drawable/Drawable;.setHotspotBounds (IIII)V
D/dalvikvm( 5237): VFY: replacing opcode 0x6e at 0x0006
I/dalvikvm( 5237): Could not find method android.graphics.drawable.Drawable.setLayoutDirection, referenced from method android.support.v4.graphics.drawable.DrawableCompat.setLayoutDirection
W/dalvikvm( 5237): VFY: unable to resolve virtual method 1264: Landroid/graphics/drawable/Drawable;.setLayoutDirection (I)Z
D/dalvikvm( 5237): VFY: replacing opcode 0x6e at 0x0006
I/dalvikvm( 5237): Could not find method android.graphics.drawable.Drawable.setTint, referenced from method android.support.v4.graphics.drawable.DrawableCompat.setTint
W/dalvikvm( 5237): VFY: unable to resolve virtual method 1267: Landroid/graphics/drawable/Drawable;.setTint (I)V
D/dalvikvm( 5237): VFY: replacing opcode 0x6e at 0x0006
I/dalvikvm( 5237): Could not find method android.graphics.drawable.Drawable.setTintList, referenced from method android.support.v4.graphics.drawable.DrawableCompat.setTintList
W/dalvikvm( 5237): VFY: unable to resolve virtual method 1268: Landroid/graphics/drawable/Drawable;.setTintList (Landroid/content/res/ColorStateList;)V
D/dalvikvm( 5237): VFY: replacing opcode 0x6e at 0x0006
I/dalvikvm( 5237): Could not find method android.graphics.drawable.Drawable.setTintMode, referenced from method android.support.v4.graphics.drawable.DrawableCompat.setTintMode
W/dalvikvm( 5237): VFY: unable to resolve virtual method 1269: Landroid/graphics/drawable/Drawable;.setTintMode (Landroid/graphics/PorterDuff$Mode;)V
D/dalvikvm( 5237): VFY: replacing opcode 0x6e at 0x0006
D/EGL_emulation( 5237): eglMakeCurrent: 0xb81886e0: ver 3 0
I/ActivityManager( 1568): Displayed com.jovial.jrpn/.fmMain: +461ms
D/EGL_emulation( 1929): eglMakeCurrent: 0xb81bd400: ver 3 0
D/EGL_emulation( 5237): eglMakeCurrent: 0xb81886e0: ver 3 0
E/SoundPool( 1568): error loading /system/media/audio/ui/Effect_Tick.ogg
W/AudioService( 1568): Soundpool could not load file: /system/media/audio/ui/Effect_Tick.ogg
E/SoundPool( 1568): error loading /system/media/audio/ui/Effect_Tick.ogg
W/AudioService( 1568): Soundpool could not load file: /system/media/audio/ui/Effect_Tick.ogg
E/SoundPool( 1568): error loading /system/media/audio/ui/Effect_Tick.ogg
W/AudioService( 1568): Soundpool could not load file: /system/media/audio/ui/Effect_Tick.ogg
E/SoundPool( 1568): error loading /system/media/audio/ui/Effect_Tick.ogg
W/AudioService( 1568): Soundpool could not load file: /system/media/audio/ui/Effect_Tick.ogg
E/SoundPool( 1568): error loading /system/media/audio/ui/Effect_Tick.ogg
W/AudioService( 1568): Soundpool could not load file: /system/media/audio/ui/Effect_Tick.ogg
E/SoundPool( 1568): error loading /system/media/audio/ui/KeypressStandard.ogg
W/AudioService( 1568): Soundpool could not load file: /system/media/audio/ui/KeypressStandard.ogg
E/SoundPool( 1568): error loading /system/media/audio/ui/KeypressSpacebar.ogg
W/AudioService( 1568): Soundpool could not load file: /system/media/audio/ui/KeypressSpacebar.ogg
E/SoundPool( 1568): error loading /system/media/audio/ui/KeypressDelete.ogg
W/AudioService( 1568): Soundpool could not load file: /system/media/audio/ui/KeypressDelete.ogg
E/SoundPool( 1568): error loading /system/media/audio/ui/KeypressReturn.ogg
W/AudioService( 1568): Soundpool could not load file: /system/media/audio/ui/KeypressReturn.ogg
E/SoundPool( 1568): error loading /system/media/audio/ui/KeypressInvalid.ogg
W/AudioService( 1568): Soundpool could not load file: /system/media/audio/ui/KeypressInvalid.ogg
W/AudioService( 1568): onLoadSoundEffects(), Error -1 while loading samples
D/dalvikvm( 1760): GC_EXPLICIT freed 453K, 17% free 3536K/4260K, paused 1ms+0ms, total 3ms
D/EGL_emulation( 5237): eglMakeCurrent: 0xb81886e0: ver 3 0
I/AndroidRipper( 5237): [RipperTestCase] Ready to operate after restarting...
D/dalvikvm( 1568): GC_FOR_ALLOC freed 737K, 45% free 9290K/16748K, paused 11ms, total 11ms
D/AndroidRuntime( 5237): Shutting down VM
W/dalvikvm( 5237): threadid=1: thread exiting with uncaught exception (group=0x9cd22b20)
E/SoundPool( 1568): error loading /system/media/audio/ui/Effect_Tick.ogg
W/AudioService( 1568): Soundpool could not load file: /system/media/audio/ui/Effect_Tick.ogg
E/SoundPool( 1568): error loading /system/media/audio/ui/Effect_Tick.ogg
W/AudioService( 1568): Soundpool could not load file: /system/media/audio/ui/Effect_Tick.ogg
E/SoundPool( 1568): error loading /system/media/audio/ui/Effect_Tick.ogg
W/AudioService( 1568): Soundpool could not load file: /system/media/audio/ui/Effect_Tick.ogg
E/SoundPool( 1568): error loading /system/media/audio/ui/Effect_Tick.ogg
W/AudioService( 1568): Soundpool could not load file: /system/media/audio/ui/Effect_Tick.ogg
E/SoundPool( 1568): error loading /system/media/audio/ui/Effect_Tick.ogg
W/AudioService( 1568): Soundpool could not load file: /system/media/audio/ui/Effect_Tick.ogg
E/SoundPool( 1568): error loading /system/media/audio/ui/KeypressStandard.ogg
W/AudioService( 1568): Soundpool could not load file: /system/media/audio/ui/KeypressStandard.ogg
E/SoundPool( 1568): error loading /system/media/audio/ui/KeypressSpacebar.ogg
W/AudioService( 1568): Soundpool could not load file: /system/media/audio/ui/KeypressSpacebar.ogg
E/SoundPool( 1568): error loading /system/media/audio/ui/KeypressDelete.ogg
W/AudioService( 1568): Soundpool could not load file: /system/media/audio/ui/KeypressDelete.ogg
E/SoundPool( 1568): error loading /system/media/audio/ui/KeypressReturn.ogg
W/AudioService( 1568): Soundpool could not load file: /system/media/audio/ui/KeypressReturn.ogg
E/SoundPool( 1568): error loading /system/media/audio/ui/KeypressInvalid.ogg
W/AudioService( 1568): Soundpool could not load file: /system/media/audio/ui/KeypressInvalid.ogg
W/AudioService( 1568): onLoadSoundEffects(), Error -1 while loading samples
D/AndroidRuntime( 5226): Shutting down VM
D/dalvikvm( 5226): GC_CONCURRENT freed 97K, 15% free 557K/656K, paused 0ms+0ms, total 1ms
E/AndroidRuntime( 5237): FATAL EXCEPTION: main
E/AndroidRuntime( 5237): Process: com.jovial.jrpn, PID: 5237
E/AndroidRuntime( 5237): java.lang.IllegalStateException: Could not find a method GButton_Click(View) in the activity class android.support.v7.widget.TintContextWrapper for onClick handler on view class com.jovial.jrpn.GButtonEnter with id 'GButtonEnt'
E/AndroidRuntime( 5237): 	at android.view.View$1.onClick(View.java:3810)
E/AndroidRuntime( 5237): 	at android.view.View.performClick(View.java:4438)
E/AndroidRuntime( 5237): 	at android.view.View$PerformClick.run(View.java:18422)
E/AndroidRuntime( 5237): 	at android.os.Handler.handleCallback(Handler.java:733)
E/AndroidRuntime( 5237): 	at android.os.Handler.dispatchMessage(Handler.java:95)
E/AndroidRuntime( 5237): 	at android.os.Looper.loop(Looper.java:136)
E/AndroidRuntime( 5237): 	at android.app.ActivityThread.main(ActivityThread.java:5017)
E/AndroidRuntime( 5237): 	at java.lang.reflect.Method.invokeNative(Native Method)
E/AndroidRuntime( 5237): 	at java.lang.reflect.Method.invoke(Method.java:515)
E/AndroidRuntime( 5237): 	at com.android.internal.os.ZygoteInit$MethodAndArgsCaller.run(ZygoteInit.java:779)
E/AndroidRuntime( 5237): 	at com.android.internal.os.ZygoteInit.main(ZygoteInit.java:595)
E/AndroidRuntime( 5237): 	at dalvik.system.NativeStart.main(Native Method)
E/AndroidRuntime( 5237): Caused by: java.lang.NoSuchMethodException: GButton_Click [class android.view.View]
E/AndroidRuntime( 5237): 	at java.lang.Class.getConstructorOrMethod(Class.java:472)
E/AndroidRuntime( 5237): 	at java.lang.Class.getMethod(Class.java:857)
E/AndroidRuntime( 5237): 	at android.view.View$1.onClick(View.java:3803)
E/AndroidRuntime( 5237): 	... 11 more
W/ActivityManager( 1568): Error in app com.jovial.jrpn running instrumentation ComponentInfo{it.unina.android.ripper/android.test.InstrumentationTestRunner}:
W/ActivityManager( 1568):   java.lang.NoSuchMethodException
W/ActivityManager( 1568):   java.lang.NoSuchMethodException: GButton_Click [class android.view.View]
I/ActivityManager( 1568): Force stopping com.jovial.jrpn appid=10074 user=0: finished inst
I/ActivityManager( 1568): Killing 5237:com.jovial.jrpn/u0a74 (adj 0): stop com.jovial.jrpn
W/ActivityManager( 1568): Force removing ActivityRecord{9d9399f0 u0 com.jovial.jrpn/.fmMain t12}: app died, no saved state
I/WindowState( 1568): WIN DEATH: Window{9d1cf698 u0 com.jovial.jrpn/com.jovial.jrpn.fmMain}
D/EGL_emulation( 1929): eglMakeCurrent: 0xb81bd400: ver 3 0
D/EGL_emulation( 1929): eglMakeCurrent: 0xb81bd400: ver 3 0
E/EGL_emulation( 1929): tid 1929: eglSurfaceAttrib(1199): error 0x3009 (EGL_BAD_MATCH)
W/HardwareRenderer( 1929): Backbuffer cannot be preserved
W/Binder  ( 1760): Caught a RuntimeException from the binder stub implementation.
W/Binder  ( 1760): java.lang.NullPointerException
W/Binder  ( 1760): 	at android.inputmethodservice.IInputMethodWrapper.setSessionEnabled(IInputMethodWrapper.java:280)
W/Binder  ( 1760): 	at com.android.internal.view.IInputMethod$Stub.onTransact(IInputMethod.java:129)
W/Binder  ( 1760): 	at android.os.Binder.execTransact(Binder.java:404)
W/Binder  ( 1760): 	at dalvik.system.NativeStart.run(Native Method)
W/InputMethodManagerService( 1568): Got RemoteException sending setActive(false) notification to pid 5237 uid 10074
D/dalvikvm( 1929): GC_FOR_ALLOC freed 8841K, 35% free 17815K/27180K, paused 3ms, total 3ms
I/dalvikvm-heap( 1929): Grow heap (frag case) to 24.698MB for 7464972-byte allocation
D/dalvikvm( 1929): GC_FOR_ALLOC freed 1K, 8% free 25103K/27180K, paused 4ms, total 4ms
D/dalvikvm( 1568): GC_FOR_ALLOC freed 2304K, 49% free 8565K/16748K, paused 8ms, total 8ms
D/dalvikvm( 1568): GC_FOR_ALLOC freed 1409K, 49% free 8554K/16748K, paused 8ms, total 8ms
D/dalvikvm( 1568): GC_FOR_ALLOC freed 1396K, 49% free 8553K/16748K, paused 7ms, total 7ms
D/dalvikvm( 1568): GC_FOR_ALLOC freed 1395K, 49% free 8553K/16748K, paused 7ms, total 7ms
D/dalvikvm( 1568): GC_FOR_ALLOC freed 1395K, 49% free 8553K/16748K, paused 7ms, total 8ms
D/dalvikvm( 1929): GC_FOR_ALLOC freed 13K, 8% free 25095K/27180K, paused 3ms, total 3ms
I/dalvikvm-heap( 1929): Grow heap (frag case) to 31.807MB for 7464972-byte allocation
D/dalvikvm( 1929): GC_FOR_ALLOC freed <1K, 7% free 32385K/34472K, paused 6ms, total 6ms
E/SoundPool( 1568): error loading /system/media/audio/ui/Effect_Tick.ogg
W/AudioService( 1568): Soundpool could not load file: /system/media/audio/ui/Effect_Tick.ogg
E/SoundPool( 1568): error loading /system/media/audio/ui/Effect_Tick.ogg
W/AudioService( 1568): Soundpool could not load file: /system/media/audio/ui/Effect_Tick.ogg
E/SoundPool( 1568): error loading /system/media/audio/ui/Effect_Tick.ogg
W/AudioService( 1568): Soundpool could not load file: /system/media/audio/ui/Effect_Tick.ogg
E/SoundPool( 1568): error loading /system/media/audio/ui/Effect_Tick.ogg
W/AudioService( 1568): Soundpool could not load file: /system/media/audio/ui/Effect_Tick.ogg
E/SoundPool( 1568): error loading /system/media/audio/ui/Effect_Tick.ogg
W/AudioService( 1568): Soundpool could not load file: /system/media/audio/ui/Effect_Tick.ogg
E/SoundPool( 1568): error loading /system/media/audio/ui/KeypressStandard.ogg
W/AudioService( 1568): Soundpool could not load file: /system/media/audio/ui/KeypressStandard.ogg
E/SoundPool( 1568): error loading /system/media/audio/ui/KeypressSpacebar.ogg
W/AudioService( 1568): Soundpool could not load file: /system/media/audio/ui/KeypressSpacebar.ogg
E/SoundPool( 1568): error loading /system/media/audio/ui/KeypressDelete.ogg
W/AudioService( 1568): Soundpool could not load file: /system/media/audio/ui/KeypressDelete.ogg
E/SoundPool( 1568): error loading /system/media/audio/ui/KeypressReturn.ogg
W/AudioService( 1568): Soundpool could not load file: /system/media/audio/ui/KeypressReturn.ogg
E/SoundPool( 1568): error loading /system/media/audio/ui/KeypressInvalid.ogg
W/AudioService( 1568): Soundpool could not load file: /system/media/audio/ui/KeypressInvalid.ogg
W/AudioService( 1568): onLoadSoundEffects(), Error -1 while loading samples
D/dalvikvm( 1929): GC_FOR_ALLOC freed 7294K, 28% free 25095K/34472K, paused 3ms, total 3ms
I/dalvikvm-heap( 1929): Grow heap (frag case) to 31.808MB for 7464972-byte allocation
D/dalvikvm( 1929): GC_FOR_ALLOC freed <1K, 7% free 32385K/34472K, paused 5ms, total 5ms
D/dalvikvm( 1568): GC_FOR_ALLOC freed 1394K, 49% free 8553K/16748K, paused 7ms, total 7ms
D/dalvikvm( 1568): GC_FOR_ALLOC freed 1394K, 49% free 8553K/16748K, paused 7ms, total 7ms
D/dalvikvm( 1568): GC_FOR_ALLOC freed 1395K, 49% free 8552K/16748K, paused 7ms, total 7ms
D/dalvikvm( 1568): GC_FOR_ALLOC freed 1393K, 49% free 8553K/16748K, paused 15ms, total 15ms
D/dalvikvm( 1568): GC_FOR_ALLOC freed 1393K, 49% free 8555K/16748K, paused 8ms, total 8ms
V/SERVER  ( 3083): ServerSocket on PORT 18888: offline
V/AndroidRipperService( 3083): mHandler.handleMessage() DISCONNECTED
V/SERVER  ( 3083): Ready to accept connections on port: 18888
D/AndroidRuntime( 5541): 
D/AndroidRuntime( 5541): >>>>>> AndroidRuntime START com.android.internal.os.RuntimeInit <<<<<<
W/linker  ( 5541): libdvm.so has text relocations. This is wasting memory and is a security risk. Please fix.
D/AndroidRuntime( 5541): CheckJNI is ON
D/dalvikvm( 5541): Trying to load lib libjavacore.so 0x0
D/dalvikvm( 5541): Added shared lib libjavacore.so 0x0
D/dalvikvm( 5541): Trying to load lib libnativehelper.so 0x0
D/dalvikvm( 5541): Added shared lib libnativehelper.so 0x0
D/dalvikvm( 5541): No JNI_OnLoad found in libnativehelper.so 0x0, skipping init
D/dalvikvm( 5541): Note: class Landroid/app/ActivityManagerNative; has 179 unimplemented (abstract) methods
E/memtrack( 5541): Couldn't load memtrack module (No such file or directory)
E/android.os.Debug( 5541): failed to load memtrack module: -2
D/AndroidRuntime( 5541): Calling main entry com.android.commands.pm.Pm
D/AndroidRuntime( 5541): Shutting down VM
D/dalvikvm( 5541): GC_CONCURRENT freed 93K, 15% free 557K/652K, paused 0ms+0ms, total 0ms
D/AndroidRuntime( 5552): 
D/AndroidRuntime( 5552): >>>>>> AndroidRuntime START com.android.internal.os.RuntimeInit <<<<<<
W/linker  ( 5552): libdvm.so has text relocations. This is wasting memory and is a security risk. Please fix.
D/AndroidRuntime( 5552): CheckJNI is ON
D/dalvikvm( 5552): Trying to load lib libjavacore.so 0x0
D/dalvikvm( 5552): Added shared lib libjavacore.so 0x0
D/dalvikvm( 5552): Trying to load lib libnativehelper.so 0x0
D/dalvikvm( 5552): Added shared lib libnativehelper.so 0x0
D/dalvikvm( 5552): No JNI_OnLoad found in libnativehelper.so 0x0, skipping init
D/dalvikvm( 5552): Note: class Landroid/app/ActivityManagerNative; has 179 unimplemented (abstract) methods
E/memtrack( 5552): Couldn't load memtrack module (No such file or directory)
E/android.os.Debug( 5552): failed to load memtrack module: -2
D/AndroidRuntime( 5552): Calling main entry com.android.commands.pm.Pm
I/ActivityManager( 1568): Force stopping com.jovial.jrpn appid=10074 user=0: clear data
D/keystore( 1149): calling clear_uid in state: 3
I/GeofencerStateMachine( 1774): removeGeofences: removeRequest=RemoveGeofencingRequest[REMOVE_ALL packageName=com.jovial.jrpn]
D/Documents( 3317): Used cached roots for com.android.providers.downloads.documents
D/Documents( 3317): Used cached roots for com.android.externalstorage.documents
D/Documents( 3317): Used cached roots for com.android.providers.media.documents
D/Documents( 3317): Update found 6 roots in 1ms
D/AndroidRuntime( 5552): Shutting down VM
D/dalvikvm( 5552): GC_CONCURRENT freed 92K, 15% free 549K/644K, paused 0ms+0ms, total 1ms
I/Fitness ( 1774): FitCleanupIntentOperation received Intent android.intent.action.PACKAGE_DATA_CLEARED [CONTEXT service_id=17 ]
I/Icing   ( 2077): doRemovePackageData com.jovial.jrpn
D/dalvikvm( 1774): GC_FOR_ALLOC freed 1887K, 25% free 9755K/12848K, paused 9ms, total 9ms
D/dalvikvm( 2077): GC_FOR_ALLOC freed 2166K, 13% free 21397K/24352K, paused 23ms, total 25ms
D/AndroidRuntime( 5577): 
D/AndroidRuntime( 5577): >>>>>> AndroidRuntime START com.android.internal.os.RuntimeInit <<<<<<
W/linker  ( 5577): libdvm.so has text relocations. This is wasting memory and is a security risk. Please fix.
D/AndroidRuntime( 5577): CheckJNI is ON
D/dalvikvm( 5577): Trying to load lib libjavacore.so 0x0
D/dalvikvm( 5577): Added shared lib libjavacore.so 0x0
D/dalvikvm( 5577): Trying to load lib libnativehelper.so 0x0
D/dalvikvm( 5577): Added shared lib libnativehelper.so 0x0
D/dalvikvm( 5577): No JNI_OnLoad found in libnativehelper.so 0x0, skipping init
D/dalvikvm( 5577): Note: class Landroid/app/ActivityManagerNative; has 179 unimplemented (abstract) methods
E/memtrack( 5577): Couldn't load memtrack module (No such file or directory)
E/android.os.Debug( 5577): failed to load memtrack module: -2
D/AndroidRuntime( 5577): Calling main entry com.android.commands.pm.Pm
D/keystore( 1149): calling clear_uid in state: 3
D/dalvikvm( 2169): GC_EXPLICIT freed 215K, 19% free 3411K/4180K, paused 0ms+1ms, total 2ms
D/dalvikvm( 1929): GC_EXPLICIT freed 11915K, 25% free 20500K/26984K, paused 1ms+1ms, total 5ms
I/ActivityManager( 1568): Force stopping com.jovial.jrpn appid=10074 user=-1: uninstall pkg
W/PackageManager( 1568): Couldn't delete native library directory /data/app-lib/com.jovial.jrpn
I/ActivityManager( 1568): Force stopping com.jovial.jrpn appid=10074 user=0: pkg removed
D/dalvikvm( 2207): GC_EXPLICIT freed 162K, 14% free 3507K/4056K, paused 1ms+0ms, total 2ms
I/GeofencerStateMachine( 1774): removeGeofences: removeRequest=RemoveGeofencingRequest[REMOVE_ALL packageName=com.jovial.jrpn]
I/InputReader( 1568): Reconfiguring input devices.  changes=0x00000010
I/PackageManager( 1568):   Action: "android.intent.action.SENDTO"
I/PackageManager( 1568):   Category: "android.intent.category.DEFAULT"
I/PackageManager( 1568):   Scheme: "sms"
I/PackageManager( 1568): Adding preferred activity ComponentInfo{com.android.mms/com.android.mms.ui.ComposeMessageActivity} for user 0 :
D/Documents( 3317): Used cached roots for com.android.providers.downloads.documents
