I/dalvikvm( 2793): Could not find method android.content.Context.getSystemService, referenced from method androidx.core.content.ContextCompat.getSystemService
W/dalvikvm( 2793): VFY: unable to resolve virtual method 608: Landroid/content/Context;.getSystemService (Ljava/lang/Class;)Ljava/lang/Object;
D/dalvikvm( 2793): VFY: replacing opcode 0x6e at 0x0006
I/dalvikvm( 2793): Could not find method android.content.Context.getSystemServiceName, referenced from method androidx.core.content.ContextCompat.getSystemServiceName
W/dalvikvm( 2793): VFY: unable to resolve virtual method 610: Landroid/content/Context;.getSystemServiceName (Ljava/lang/Class;)Ljava/lang/String;
D/dalvikvm( 2793): VFY: replacing opcode 0x6e at 0x0006
I/dalvikvm( 2793): Could not find method android.content.Context.isDeviceProtectedStorage, referenced from method androidx.core.content.ContextCompat.isDeviceProtectedStorage
W/dalvikvm( 2793): VFY: unable to resolve virtual method 614: Landroid/content/Context;.isDeviceProtectedStorage ()Z
D/dalvikvm( 2793): VFY: replacing opcode 0x6e at 0x0006
I/dalvikvm( 2793): Could not find method android.content.Context.startForegroundService, referenced from method androidx.core.content.ContextCompat.startForegroundService
W/dalvikvm( 2793): VFY: unable to resolve virtual method 632: Landroid/content/Context;.startForegroundService (Landroid/content/Intent;)Landroid/content/ComponentName;
D/dalvikvm( 2793): VFY: replacing opcode 0x6e at 0x0006
I/TestRunner( 2793): started: testApplication(it.unina.android.ripper.RipperTestCase)
V/AndroidRipperService( 2701): onBind()
V/AndroidRipperService( 2701): onBind()
I/ActivityManager( 1566): START u0 {act=android.intent.action.MAIN flg=0x10000000 cmp=me.ccrama.redditslide/.Activities.Slide} from pid 2793
D/dalvikvm( 2793): GC_FOR_ALLOC freed 319K, 10% free 3501K/3884K, paused 4ms, total 4ms
V/(Reddit.java:401)( 2793): ON CREATED AGAIN
D/gralloc_ranchu( 1143): gralloc_alloc: Creating ashmem region of size 1323008
D/        ( 1566): HostConnection::get() New Host Connection established 0xb7dcf860, tid 1578
W/dalvikvm( 2793): VFY: unable to find class referenced in signature (Ljava/time/Duration;)
I/dalvikvm( 2793): Could not find method java.time.Duration.toMillis, referenced from method okhttp3.OkHttpClient$Builder.callTimeout
W/dalvikvm( 2793): VFY: unable to resolve virtual method 54927: Ljava/time/Duration;.toMillis ()J
D/dalvikvm( 2793): VFY: replacing opcode 0x6e at 0x0000
W/dalvikvm( 2793): VFY: unable to find class referenced in signature (Ljava/time/Duration;)
I/dalvikvm( 2793): Could not find method java.time.Duration.toMillis, referenced from method okhttp3.OkHttpClient$Builder.connectTimeout
W/dalvikvm( 2793): VFY: unable to resolve virtual method 54927: Ljava/time/Duration;.toMillis ()J
D/dalvikvm( 2793): VFY: replacing opcode 0x6e at 0x0000
W/dalvikvm( 2793): VFY: unable to find class referenced in signature (Ljava/time/Duration;)
I/dalvikvm( 2793): Could not find method java.time.Duration.toMillis, referenced from method okhttp3.OkHttpClient$Builder.pingInterval
W/dalvikvm( 2793): VFY: unable to resolve virtual method 54927: Ljava/time/Duration;.toMillis ()J
D/dalvikvm( 2793): VFY: replacing opcode 0x6e at 0x0000
W/dalvikvm( 2793): VFY: unable to find class referenced in signature (Ljava/time/Duration;)
I/dalvikvm( 2793): Could not find method java.time.Duration.toMillis, referenced from method okhttp3.OkHttpClient$Builder.readTimeout
W/dalvikvm( 2793): VFY: unable to resolve virtual method 54927: Ljava/time/Duration;.toMillis ()J
D/dalvikvm( 2793): VFY: replacing opcode 0x6e at 0x0000
W/dalvikvm( 2793): VFY: unable to find class referenced in signature (Ljava/time/Duration;)
I/dalvikvm( 2793): Could not find method java.time.Duration.toMillis, referenced from method okhttp3.OkHttpClient$Builder.writeTimeout
W/dalvikvm( 2793): VFY: unable to resolve virtual method 54927: Ljava/time/Duration;.toMillis ()J
D/dalvikvm( 2793): VFY: replacing opcode 0x6e at 0x0000
I/dalvikvm( 2793): Could not find method android.net.ssl.SSLSockets.isSupportedSocket, referenced from method okhttp3.internal.platform.Android10Platform.enableSessionTickets
W/dalvikvm( 2793): VFY: unable to resolve static method 774: Landroid/net/ssl/SSLSockets;.isSupportedSocket (Ljavax/net/ssl/SSLSocket;)Z
D/dalvikvm( 1566): GC_FOR_ALLOC freed 885K, 32% free 7709K/11260K, paused 8ms, total 8ms
I/dalvikvm-heap( 1566): Grow heap (frag case) to 8.221MB for 656856-byte allocation
D/dalvikvm( 2793): VFY: replacing opcode 0x71 at 0x0000
I/dalvikvm( 2793): Could not find method javax.net.ssl.SSLParameters.setApplicationProtocols, referenced from method okhttp3.internal.platform.Android10Platform.configureTlsExtensions
W/dalvikvm( 2793): VFY: unable to resolve virtual method 39387: Ljavax/net/ssl/SSLParameters;.setApplicationProtocols ([Ljava/lang/String;)V
D/dalvikvm( 2793): VFY: replacing opcode 0x6e at 0x0014
I/dalvikvm( 2793): Could not find method javax.net.ssl.SSLSocket.getApplicationProtocol, referenced from method okhttp3.internal.platform.Android10Platform.getSelectedProtocol
W/dalvikvm( 2793): VFY: unable to resolve virtual method 39395: Ljavax/net/ssl/SSLSocket;.getApplicationProtocol ()Ljava/lang/String;
D/dalvikvm( 2793): VFY: replacing opcode 0x6e at 0x0000
D/dalvikvm( 1566): GC_FOR_ALLOC freed 9K, 30% free 8340K/11904K, paused 9ms, total 9ms
I/dalvikvm( 2793): Could not find method android.view.Display.getMode, referenced from method com.google.android.exoplayer2.util.Util.getDisplaySizeV23
W/dalvikvm( 2793): VFY: unable to resolve virtual method 4245: Landroid/view/Display;.getMode ()Landroid/view/Display$Mode;
D/dalvikvm( 2793): VFY: replacing opcode 0x6e at 0x0000
I/dalvikvm( 2793): Could not find method java.util.Locale.toLanguageTag, referenced from method com.google.android.exoplayer2.util.Util.getLocaleLanguageTagV21
W/dalvikvm( 2793): VFY: unable to resolve virtual method 55270: Ljava/util/Locale;.toLanguageTag ()Ljava/lang/String;
D/dalvikvm( 2793): VFY: replacing opcode 0x6e at 0x0000
I/dalvikvm( 2793): Could not find method android.content.res.Configuration.getLocales, referenced from method com.google.android.exoplayer2.util.Util.getSystemLocalesV24
W/dalvikvm( 2793): VFY: unable to resolve virtual method 827: Landroid/content/res/Configuration;.getLocales ()Landroid/os/LocaleList;
D/dalvikvm( 2793): VFY: replacing opcode 0x6e at 0x0000
I/dalvikvm( 2793): Could not find method android.security.NetworkSecurityPolicy.getInstance, referenced from method com.google.android.exoplayer2.util.Util.isTrafficRestricted
W/dalvikvm( 2793): VFY: unable to resolve static method 2341: Landroid/security/NetworkSecurityPolicy;.getInstance ()Landroid/security/NetworkSecurityPolicy;
D/dalvikvm( 2793): VFY: replacing opcode 0x71 at 0x000c
I/dalvikvm( 2793): Could not find method android.app.Activity.checkSelfPermission, referenced from method com.google.android.exoplayer2.util.Util.requestExternalStoragePermission
W/dalvikvm( 2793): VFY: unable to resolve virtual method 114: Landroid/app/Activity;.checkSelfPermission (Ljava/lang/String;)I
D/dalvikvm( 2793): VFY: replacing opcode 0x6e at 0x0002
I/dalvikvm( 2793): Could not find method android.content.Context.startForegroundService, referenced from method com.google.android.exoplayer2.util.Util.startForegroundService
W/dalvikvm( 2793): VFY: unable to resolve virtual method 632: Landroid/content/Context;.startForegroundService (Landroid/content/Intent;)Landroid/content/ComponentName;
D/dalvikvm( 2793): VFY: replacing opcode 0x6e at 0x0006
D/dalvikvm( 1566): GC_FOR_ALLOC freed <1K, 30% free 8341K/11904K, paused 5ms, total 5ms
I/dalvikvm-heap( 1566): Grow heap (frag case) to 8.837MB for 656856-byte allocation
D/dalvikvm( 2793): GC_FOR_ALLOC freed 727K, 20% free 3285K/4076K, paused 2ms, total 2ms
D/dalvikvm( 1566): GC_FOR_ALLOC freed <1K, 29% free 8982K/12548K, paused 6ms, total 6ms
E/dalvikvm( 2793): Could not find class 'android.telephony.SubscriptionManager', referenced from method androidx.core.content.ContextCompat$LegacyServiceMapHolder.<clinit>
W/dalvikvm( 2793): VFY: unable to resolve const-class 614 (Landroid/telephony/SubscriptionManager;) in Landroidx/core/content/ContextCompat$LegacyServiceMapHolder;
D/dalvikvm( 2793): VFY: replacing opcode 0x1c at 0x000d
E/dalvikvm( 2793): Could not find class 'android.app.job.JobScheduler', referenced from method androidx.core.content.ContextCompat$LegacyServiceMapHolder.<clinit>
W/dalvikvm( 2793): VFY: unable to resolve const-class 83 (Landroid/app/job/JobScheduler;) in Landroidx/core/content/ContextCompat$LegacyServiceMapHolder;
D/dalvikvm( 2793): VFY: replacing opcode 0x1c at 0x0037
D/dalvikvm( 2793): DexOpt: couldn't find static field Lokhttp3/internal/Internal;.logger
W/dalvikvm( 2793): VFY: unable to resolve static field 54791 (logger) in Lokhttp3/internal/Internal;
D/dalvikvm( 2793): VFY: replacing opcode 0x62 at 0x0077
D/dalvikvm( 2793): DexOpt: couldn't find static field Lokhttp3/internal/Internal;.logger
W/dalvikvm( 2793): VFY: unable to resolve static field 54791 (logger) in Lokhttp3/internal/Internal;
D/dalvikvm( 2793): VFY: replacing opcode 0x62 at 0x0032
I/dalvikvm( 2793): Could not find method org.slf4j.impl.StaticLoggerBinder.getSingleton, referenced from method org.slf4j.LoggerFactory.bind
W/dalvikvm( 2793): VFY: unable to resolve static method 17188: Lorg/slf4j/impl/StaticLoggerBinder;.getSingleton ()Lorg/slf4j/impl/StaticLoggerBinder;
D/dalvikvm( 2793): VFY: replacing opcode 0x71 at 0x000e
I/dalvikvm( 2793): Could not find method org.slf4j.impl.StaticLoggerBinder.getSingleton, referenced from method org.slf4j.LoggerFactory.getILoggerFactory
W/dalvikvm( 2793): VFY: unable to resolve static method 17188: Lorg/slf4j/impl/StaticLoggerBinder;.getSingleton ()Lorg/slf4j/impl/StaticLoggerBinder;
D/dalvikvm( 2793): VFY: replacing opcode 0x71 at 0x002e
I/dalvikvm( 2793): Could not find method org.slf4j.impl.StaticLoggerBinder.getSingleton, referenced from method org.slf4j.LoggerFactory.reportActualBinding
W/dalvikvm( 2793): VFY: unable to resolve static method 17188: Lorg/slf4j/impl/StaticLoggerBinder;.getSingleton ()Lorg/slf4j/impl/StaticLoggerBinder;
D/dalvikvm( 2793): VFY: replacing opcode 0x71 at 0x0012
W/dalvikvm( 2793): VFY: unable to resolve static field 15348 (REQUESTED_API_VERSION) in Lorg/slf4j/impl/StaticLoggerBinder;
D/dalvikvm( 2793): VFY: replacing opcode 0x62 at 0x0000
W/System.err( 2793): SLF4J: Failed to load class "org.slf4j.impl.StaticLoggerBinder".
W/System.err( 2793): SLF4J: Defaulting to no-operation (NOP) logger implementation
W/System.err( 2793): SLF4J: See http://www.slf4j.org/codes.html#StaticLoggerBinder for further details.
D/dalvikvm( 2793): GC_FOR_ALLOC freed 310K, 15% free 3487K/4076K, paused 2ms, total 2ms
V/AndroidRipperService( 2701): register()
I/ActivityManager( 1566): START u0 {cmp=me.ccrama.redditslide/.Activities.MainActivity} from pid 2793
I/dalvikvm( 2793): Could not find method android.graphics.drawable.Icon.createWithBitmap, referenced from method me.ccrama.redditslide.Activities.MainActivity.getIcon
W/dalvikvm( 2793): VFY: unable to resolve static method 1431: Landroid/graphics/drawable/Icon;.createWithBitmap (Landroid/graphics/Bitmap;)Landroid/graphics/drawable/Icon;
D/dalvikvm( 2793): VFY: replacing opcode 0x71 at 0x0052
W/dalvikvm( 2793): VFY: unable to find class referenced in signature (Landroid/graphics/drawable/Icon;)
I/dalvikvm( 2793): Could not find method android.view.Window.setStatusBarColor, referenced from method me.ccrama.redditslide.Activities.MainActivity.onCreate
W/dalvikvm( 2793): VFY: unable to resolve virtual method 5044: Landroid/view/Window;.setStatusBarColor (I)V
D/dalvikvm( 2793): VFY: replacing opcode 0x6e at 0x0153
I/dalvikvm( 2793): Could not find method android.view.Window.setStatusBarColor, referenced from method me.ccrama.redditslide.Activities.MainActivity.updateColor
W/dalvikvm( 2793): VFY: unable to resolve virtual method 5044: Landroid/view/Window;.setStatusBarColor (I)V
D/dalvikvm( 2793): VFY: replacing opcode 0x6e at 0x0023
E/dalvikvm( 2793): Could not find class 'android.content.pm.ShortcutManager', referenced from method me.ccrama.redditslide.Activities.MainActivity.updateSubs
W/dalvikvm( 2793): VFY: unable to resolve const-class 134 (Landroid/content/pm/ShortcutManager;) in Lme/ccrama/redditslide/Activities/MainActivity;
D/dalvikvm( 2793): VFY: replacing opcode 0x1c at 0x00ba
E/dalvikvm( 2793): Could not find class 'android.content.pm.ShortcutManager', referenced from method me.ccrama.redditslide.Activities.MainActivity.updateSubs
W/dalvikvm( 2793): VFY: unable to resolve const-class 134 (Landroid/content/pm/ShortcutManager;) in Lme/ccrama/redditslide/Activities/MainActivity;
D/dalvikvm( 2793): VFY: replacing opcode 0x1c at 0x01cf
D/dalvikvm( 2793): DexOpt: unable to opt direct call 0x0304 at 0xcb in Lme/ccrama/redditslide/Activities/MainActivity;.updateSubs
D/dalvikvm( 2793): DexOpt: unable to opt direct call 0x0304 at 0x104 in Lme/ccrama/redditslide/Activities/MainActivity;.updateSubs
D/dalvikvm( 2793): DexOpt: unable to opt direct call 0x0304 at 0x197 in Lme/ccrama/redditslide/Activities/MainActivity;.updateSubs
D/dalvikvm( 2793): DexOpt: unable to opt direct call 0x0304 at 0x239 in Lme/ccrama/redditslide/Activities/MainActivity;.updateSubs
E/dalvikvm( 2793): Could not find class 'android.app.ActivityManager$TaskDescription', referenced from method me.ccrama.redditslide.Activities.BaseActivity.setRecentBarTaskDescription
W/dalvikvm( 2793): VFY: unable to resolve new-instance 30 (Landroid/app/ActivityManager$TaskDescription;) in Lme/ccrama/redditslide/Activities/BaseActivity;
D/dalvikvm( 2793): VFY: replacing opcode 0x22 at 0x0015
E/dalvikvm( 2793): Could not find class 'android.app.ActivityManager$TaskDescription', referenced from method me.ccrama.redditslide.Activities.BaseActivity.setRecentBarTaskDescription
W/dalvikvm( 2793): VFY: unable to resolve new-instance 30 (Landroid/app/ActivityManager$TaskDescription;) in Lme/ccrama/redditslide/Activities/BaseActivity;
D/dalvikvm( 2793): VFY: replacing opcode 0x22 at 0x0026
I/dalvikvm( 2793): Could not find method android.view.View.setImportantForAutofill, referenced from method me.ccrama.redditslide.Activities.BaseActivity.setAutofill
W/dalvikvm( 2793): VFY: unable to resolve virtual method 4709: Landroid/view/View;.setImportantForAutofill (I)V
D/dalvikvm( 2793): VFY: replacing opcode 0x6e at 0x000a
I/dalvikvm( 2793): Could not find method android.view.Window.setStatusBarColor, referenced from method me.ccrama.redditslide.Activities.BaseActivity.themeSystemBars
W/dalvikvm( 2793): VFY: unable to resolve virtual method 5044: Landroid/view/Window;.setStatusBarColor (I)V
D/dalvikvm( 2793): VFY: replacing opcode 0x6e at 0x000a
D/dalvikvm( 2793): DexOpt: unable to opt direct call 0x00ab at 0x17 in Lme/ccrama/redditslide/Activities/BaseActivity;.setRecentBarTaskDescription
D/dalvikvm( 2793): DexOpt: unable to opt direct call 0x00ac at 0x28 in Lme/ccrama/redditslide/Activities/BaseActivity;.setRecentBarTaskDescription
I/dalvikvm( 2793): Could not find method android.os.Handler.createAsync, referenced from method androidx.arch.core.executor.DefaultTaskExecutor.createAsync
W/dalvikvm( 2793): VFY: unable to resolve static method 2068: Landroid/os/Handler;.createAsync (Landroid/os/Looper;)Landroid/os/Handler;
D/dalvikvm( 2793): VFY: replacing opcode 0x71 at 0x0006
D/dalvikvm( 2793): GC_FOR_ALLOC freed 384K, 12% free 3612K/4076K, paused 2ms, total 2ms
I/dalvikvm( 2793): Could not find method android.content.Context.getSystemService, referenced from method androidx.appcompat.app.AppCompatDelegateImpl.mapNightMode
W/dalvikvm( 2793): VFY: unable to resolve virtual method 608: Landroid/content/Context;.getSystemService (Ljava/lang/Class;)Ljava/lang/Object;
D/dalvikvm( 2793): VFY: replacing opcode 0x6e at 0x002f
I/dalvikvm( 2793): Could not find method android.view.Window$Callback.onPointerCaptureChanged, referenced from method androidx.appcompat.view.WindowCallbackWrapper.onPointerCaptureChanged
W/dalvikvm( 2793): VFY: unable to resolve interface method 5016: Landroid/view/Window$Callback;.onPointerCaptureChanged (Z)V
D/dalvikvm( 2793): VFY: replacing opcode 0x72 at 0x0002
I/dalvikvm( 2793): Could not find method android.view.Window$Callback.onProvideKeyboardShortcuts, referenced from method androidx.appcompat.view.WindowCallbackWrapper.onProvideKeyboardShortcuts
W/dalvikvm( 2793): VFY: unable to resolve interface method 5018: Landroid/view/Window$Callback;.onProvideKeyboardShortcuts (Ljava/util/List;Landroid/view/Menu;I)V
D/dalvikvm( 2793): VFY: replacing opcode 0x72 at 0x0002
W/dalvikvm( 2793): VFY: unable to find class referenced in signature (Landroid/view/SearchEvent;)
I/dalvikvm( 2793): Could not find method android.view.Window$Callback.onSearchRequested, referenced from method androidx.appcompat.view.WindowCallbackWrapper.onSearchRequested
W/dalvikvm( 2793): VFY: unable to resolve interface method 5020: Landroid/view/Window$Callback;.onSearchRequested (Landroid/view/SearchEvent;)Z
D/dalvikvm( 2793): VFY: replacing opcode 0x72 at 0x0002
I/dalvikvm( 2793): Could not find method android.view.Window$Callback.onWindowStartingActionMode, referenced from method androidx.appcompat.view.WindowCallbackWrapper.onWindowStartingActionMode
W/dalvikvm( 2793): VFY: unable to resolve interface method 5024: Landroid/view/Window$Callback;.onWindowStartingActionMode (Landroid/view/ActionMode$Callback;I)Landroid/view/ActionMode;
D/dalvikvm( 2793): VFY: replacing opcode 0x72 at 0x0002
I/dalvikvm( 2793): Could not find method android.content.res.TypedArray.getChangingConfigurations, referenced from method androidx.appcompat.widget.TintTypedArray.getChangingConfigurations
W/dalvikvm( 2793): VFY: unable to resolve virtual method 891: Landroid/content/res/TypedArray;.getChangingConfigurations ()I
D/dalvikvm( 2793): VFY: replacing opcode 0x6e at 0x0002
I/dalvikvm( 2793): Could not find method android.content.res.TypedArray.getType, referenced from method androidx.appcompat.widget.TintTypedArray.getType
W/dalvikvm( 2793): VFY: unable to resolve virtual method 914: Landroid/content/res/TypedArray;.getType (I)I
D/dalvikvm( 2793): VFY: replacing opcode 0x6e at 0x0008
I/dalvikvm( 2793): Could not find method android.view.View.addKeyboardNavigationClusters, referenced from method androidx.core.view.ViewCompat.addKeyboardNavigationClusters
W/dalvikvm( 2793): VFY: unable to resolve virtual method 4486: Landroid/view/View;.addKeyboardNavigationClusters (Ljava/util/Collection;I)V
D/dalvikvm( 2793): VFY: replacing opcode 0x6e at 0x0006
I/dalvikvm( 2793): Failed resolving Landroidx/core/view/ViewCompat$2; interface 760 'Landroid/view/View$OnUnhandledKeyEventListener;'
W/dalvikvm( 2793): Link of class 'Landroidx/core/view/ViewCompat$2;' failed
E/dalvikvm( 2793): Could not find class 'androidx.core.view.ViewCompat$2', referenced from method androidx.core.view.ViewCompat.addOnUnhandledKeyEventListener
W/dalvikvm( 2793): VFY: unable to resolve new-instance 2304 (Landroidx/core/view/ViewCompat$2;) in Landroidx/core/view/ViewCompat;
D/dalvikvm( 2793): VFY: replacing opcode 0x22 at 0x001a
I/dalvikvm( 2793): Could not find method android.view.View.cancelDragAndDrop, referenced from method androidx.core.view.ViewCompat.cancelDragAndDrop
W/dalvikvm( 2793): VFY: unable to resolve virtual method 4494: Landroid/view/View;.cancelDragAndDrop ()V
D/dalvikvm( 2793): VFY: replacing opcode 0x6e at 0x0006
W/dalvikvm( 2793): VFY: unable to find class referenced in signature (Landroid/view/WindowInsets;)
I/dalvikvm( 2793): Could not find method android.view.View.dispatchApplyWindowInsets, referenced from method androidx.core.view.ViewCompat.dispatchApplyWindowInsets
W/dalvikvm( 2793): VFY: unable to resolve virtual method 4501: Landroid/view/View;.dispatchApplyWindowInsets (Landroid/view/WindowInsets;)Landroid/view/WindowInsets;
D/dalvikvm( 2793): VFY: replacing opcode 0x6e at 0x000c
I/dalvikvm( 2793): Could not find method android.view.View.dispatchNestedFling, referenced from method androidx.core.view.ViewCompat.dispatchNestedFling
W/dalvikvm( 2793): VFY: unable to resolve virtual method 4505: Landroid/view/View;.dispatchNestedFling (FFZ)Z
D/dalvikvm( 2793): VFY: replacing opcode 0x6e at 0x0006
I/dalvikvm( 2793): Could not find method android.view.View.dispatchNestedPreFling, referenced from method androidx.core.view.ViewCompat.dispatchNestedPreFling
W/dalvikvm( 2793): VFY: unable to resolve virtual method 4506: Landroid/view/View;.dispatchNestedPreFling (FF)Z
D/dalvikvm( 2793): VFY: replacing opcode 0x6e at 0x0006
I/dalvikvm( 2793): Could not find method android.view.View.dispatchNestedPreScroll, referenced from method androidx.core.view.ViewCompat.dispatchNestedPreScroll
W/dalvikvm( 2793): VFY: unable to resolve virtual method 4507: Landroid/view/View;.dispatchNestedPreScroll (II[I[I)Z
D/dalvikvm( 2793): VFY: replacing opcode 0x6e at 0x0006
I/dalvikvm( 2793): Could not find method android.view.View.dispatchNestedScroll, referenced from method androidx.core.view.ViewCompat.dispatchNestedScroll
W/dalvikvm( 2793): VFY: unable to resolve virtual method 4508: Landroid/view/View;.dispatchNestedScroll (IIII[I)Z
D/dalvikvm( 2793): VFY: replacing opcode 0x74 at 0x0006
I/dalvikvm( 2793): Could not find method android.view.View.getBackgroundTintList, referenced from method androidx.core.view.ViewCompat.getBackgroundTintList
W/dalvikvm( 2793): VFY: unable to resolve virtual method 4526: Landroid/view/View;.getBackgroundTintList ()Landroid/content/res/ColorStateList;
D/dalvikvm( 2793): VFY: replacing opcode 0x6e at 0x0006
I/dalvikvm( 2793): Could not find method android.view.View.getBackgroundTintMode, referenced from method androidx.core.view.ViewCompat.getBackgroundTintMode
W/dalvikvm( 2793): VFY: unable to resolve virtual method 4527: Landroid/view/View;.getBackgroundTintMode ()Landroid/graphics/PorterDuff$Mode;
D/dalvikvm( 2793): VFY: replacing opcode 0x6e at 0x0006
I/dalvikvm( 2793): Could not find method android.view.View.getElevation, referenced from method androidx.core.view.ViewCompat.getElevation
W/dalvikvm( 2793): VFY: unable to resolve virtual method 4535: Landroid/view/View;.getElevation ()F
D/dalvikvm( 2793): VFY: replacing opcode 0x6e at 0x0006
I/dalvikvm( 2793): Could not find method android.view.View.getImportantForAutofill, referenced from method androidx.core.view.ViewCompat.getImportantForAutofill
W/dalvikvm( 2793): VFY: unable to resolve virtual method 4542: Landroid/view/View;.getImportantForAutofill ()I
D/dalvikvm( 2793): VFY: replacing opcode 0x6e at 0x0006
I/dalvikvm( 2793): Could not find method android.view.View.getNextClusterForwardId, referenced from method androidx.core.view.ViewCompat.getNextClusterForwardId
W/dalvikvm( 2793): VFY: unable to resolve virtual method 4560: Landroid/view/View;.getNextClusterForwardId ()I
D/dalvikvm( 2793): VFY: replacing opcode 0x6e at 0x0006
W/dalvikvm( 2793): VFY: unable to find class referenced in signature (Landroid/view/WindowInsets;)
W/dalvikvm( 2793): VFY: unable to find class referenced in signature (Landroid/view/WindowInsets;)
I/dalvikvm( 2793): Could not find method android.view.View.getScrollIndicators, referenced from method androidx.core.view.ViewCompat.getScrollIndicators
W/dalvikvm( 2793): VFY: unable to resolve virtual method 4582: Landroid/view/View;.getScrollIndicators ()I
D/dalvikvm( 2793): VFY: replacing opcode 0x6e at 0x0006
I/dalvikvm( 2793): Could not find method android.view.View.getSystemGestureExclusionRects, referenced from method androidx.core.view.ViewCompat.getSystemGestureExclusionRects
W/dalvikvm( 2793): VFY: unable to resolve virtual method 4585: Landroid/view/View;.getSystemGestureExclusionRects ()Ljava/util/List;
D/dalvikvm( 2793): VFY: replacing opcode 0x6e at 0x0006
I/dalvikvm( 2793): Could not find method android.view.View.getTransitionName, referenced from method androidx.core.view.ViewCompat.getTransitionName
W/dalvikvm( 2793): VFY: unable to resolve virtual method 4590: Landroid/view/View;.getTransitionName ()Ljava/lang/String;
D/dalvikvm( 2793): VFY: replacing opcode 0x6e at 0x0006
I/dalvikvm( 2793): Could not find method android.view.View.getTranslationZ, referenced from method androidx.core.view.ViewCompat.getTranslationZ
W/dalvikvm( 2793): VFY: unable to resolve virtual method 4593: Landroid/view/View;.getTranslationZ ()F
D/dalvikvm( 2793): VFY: replacing opcode 0x6e at 0x0006
I/dalvikvm( 2793): Could not find method android.view.View.getZ, referenced from method androidx.core.view.ViewCompat.getZ
W/dalvikvm( 2793): VFY: unable to resolve virtual method 4604: Landroid/view/View;.getZ ()F
D/dalvikvm( 2793): VFY: replacing opcode 0x6e at 0x0006
I/dalvikvm( 2793): Could not find method android.view.View.hasExplicitFocusable, referenced from method androidx.core.view.ViewCompat.hasExplicitFocusable
W/dalvikvm( 2793): VFY: unable to resolve virtual method 4605: Landroid/view/View;.hasExplicitFocusable ()Z
D/dalvikvm( 2793): VFY: replacing opcode 0x6e at 0x0006
I/dalvikvm( 2793): Could not find method android.view.View.hasNestedScrollingParent, referenced from method androidx.core.view.ViewCompat.hasNestedScrollingParent
W/dalvikvm( 2793): VFY: unable to resolve virtual method 4608: Landroid/view/View;.hasNestedScrollingParent ()Z
D/dalvikvm( 2793): VFY: replacing opcode 0x6e at 0x0006
I/dalvikvm( 2793): Could not find method android.view.View.isFocusedByDefault, referenced from method androidx.core.view.ViewCompat.isFocusedByDefault
W/dalvikvm( 2793): VFY: unable to resolve virtual method 4620: Landroid/view/View;.isFocusedByDefault ()Z
D/dalvikvm( 2793): VFY: replacing opcode 0x6e at 0x0006
I/dalvikvm( 2793): Could not find method android.view.View.isImportantForAutofill, referenced from method androidx.core.view.ViewCompat.isImportantForAutofill
W/dalvikvm( 2793): VFY: unable to resolve virtual method 4622: Landroid/view/View;.isImportantForAutofill ()Z
D/dalvikvm( 2793): VFY: replacing opcode 0x6e at 0x0006
I/dalvikvm( 2793): Could not find method android.view.View.isKeyboardNavigationCluster, referenced from method androidx.core.view.ViewCompat.isKeyboardNavigationCluster
W/dalvikvm( 2793): VFY: unable to resolve virtual method 4625: Landroid/view/View;.isKeyboardNavigationCluster ()Z
D/dalvikvm( 2793): VFY: replacing opcode 0x6e at 0x0006
I/dalvikvm( 2793): Could not find method android.view.View.isNestedScrollingEnabled, referenced from method androidx.core.view.ViewCompat.isNestedScrollingEnabled
W/dalvikvm( 2793): VFY: unable to resolve virtual method 4630: Landroid/view/View;.isNestedScrollingEnabled ()Z
D/dalvikvm( 2793): VFY: replacing opcode 0x6e at 0x0006
I/dalvikvm( 2793): Could not find method android.view.View.keyboardNavigationClusterSearch, referenced from method androidx.core.view.ViewCompat.keyboardNavigationClusterSearch
W/dalvikvm( 2793): VFY: unable to resolve virtual method 4637: Landroid/view/View;.keyboardNavigationClusterSearch (Landroid/view/View;I)Landroid/view/View;
D/dalvikvm( 2793): VFY: replacing opcode 0x6e at 0x0006
W/dalvikvm( 2793): VFY: unable to find class referenced in signature (Landroid/view/WindowInsets;)
I/dalvikvm( 2793): Could not find method android.view.View.onApplyWindowInsets, referenced from method androidx.core.view.ViewCompat.onApplyWindowInsets
W/dalvikvm( 2793): VFY: unable to resolve virtual method 4642: Landroid/view/View;.onApplyWindowInsets (Landroid/view/WindowInsets;)Landroid/view/WindowInsets;
D/dalvikvm( 2793): VFY: replacing opcode 0x6e at 0x000c
E/dalvikvm( 2793): Could not find class 'android.view.View$OnUnhandledKeyEventListener', referenced from method androidx.core.view.ViewCompat.removeOnUnhandledKeyEventListener
W/dalvikvm( 2793): VFY: unable to resolve check-cast 760 (Landroid/view/View$OnUnhandledKeyEventListener;) in Landroidx/core/view/ViewCompat;
D/dalvikvm( 2793): VFY: replacing opcode 0x1f at 0x0015
I/dalvikvm( 2793): Could not find method android.view.View.requestApplyInsets, referenced from method androidx.core.view.ViewCompat.requestApplyInsets
W/dalvikvm( 2793): VFY: unable to resolve virtual method 4670: Landroid/view/View;.requestApplyInsets ()V
D/dalvikvm( 2793): VFY: replacing opcode 0x6e at 0x0006
I/dalvikvm( 2793): Could not find method android.view.View.requireViewById, referenced from method androidx.core.view.ViewCompat.requireViewById
W/dalvikvm( 2793): VFY: unable to resolve virtual method 4676: Landroid/view/View;.requireViewById (I)Landroid/view/View;
D/dalvikvm( 2793): VFY: replacing opcode 0x6e at 0x0006
I/dalvikvm( 2793): Could not find method android.view.View.restoreDefaultFocus, referenced from method androidx.core.view.ViewCompat.restoreDefaultFocus
W/dalvikvm( 2793): VFY: unable to resolve virtual method 4678: Landroid/view/View;.restoreDefaultFocus ()Z
D/dalvikvm( 2793): VFY: replacing opcode 0x6e at 0x0006
I/dalvikvm( 2793): Could not find method android.view.View.setAutofillHints, referenced from method androidx.core.view.ViewCompat.setAutofillHints
W/dalvikvm( 2793): VFY: unable to resolve virtual method 4691: Landroid/view/View;.setAutofillHints ([Ljava/lang/String;)V
D/dalvikvm( 2793): VFY: replacing opcode 0x6e at 0x0006
I/dalvikvm( 2793): Could not find method android.view.View.setBackgroundTintList, referenced from method androidx.core.view.ViewCompat.setBackgroundTintList
W/dalvikvm( 2793): VFY: unable to resolve virtual method 4695: Landroid/view/View;.setBackgroundTintList (Landroid/content/res/ColorStateList;)V
D/dalvikvm( 2793): VFY: replacing opcode 0x6e at 0x0006
I/dalvikvm( 2793): Could not find method android.view.View.setBackgroundTintMode, referenced from method androidx.core.view.ViewCompat.setBackgroundTintMode
W/dalvikvm( 2793): VFY: unable to resolve virtual method 4696: Landroid/view/View;.setBackgroundTintMode (Landroid/graphics/PorterDuff$Mode;)V
D/dalvikvm( 2793): VFY: replacing opcode 0x6e at 0x0006
I/dalvikvm( 2793): Could not find method android.view.View.setElevation, referenced from method androidx.core.view.ViewCompat.setElevation
W/dalvikvm( 2793): VFY: unable to resolve virtual method 4701: Landroid/view/View;.setElevation (F)V
D/dalvikvm( 2793): VFY: replacing opcode 0x6e at 0x0006
I/dalvikvm( 2793): Could not find method android.view.View.setFocusedByDefault, referenced from method androidx.core.view.ViewCompat.setFocusedByDefault
W/dalvikvm( 2793): VFY: unable to resolve virtual method 4705: Landroid/view/View;.setFocusedByDefault (Z)V
D/dalvikvm( 2793): VFY: replacing opcode 0x6e at 0x0006
I/dalvikvm( 2793): Could not find method android.view.View.setImportantForAutofill, referenced from method androidx.core.view.ViewCompat.setImportantForAutofill
W/dalvikvm( 2793): VFY: unable to resolve virtual method 4709: Landroid/view/View;.setImportantForAutofill (I)V
D/dalvikvm( 2793): VFY: replacing opcode 0x6e at 0x0006
I/dalvikvm( 2793): Could not find method android.view.View.setKeyboardNavigationCluster, referenced from method androidx.core.view.ViewCompat.setKeyboardNavigationCluster
W/dalvikvm( 2793): VFY: unable to resolve virtual method 4710: Landroid/view/View;.setKeyboardNavigationCluster (Z)V
D/dalvikvm( 2793): VFY: replacing opcode 0x6e at 0x0006
I/dalvikvm( 2793): Could not find method android.view.View.setNestedScrollingEnabled, referenced from method androidx.core.view.ViewCompat.setNestedScrollingEnabled
W/dalvikvm( 2793): VFY: unable to resolve virtual method 4720: Landroid/view/View;.setNestedScrollingEnabled (Z)V
D/dalvikvm( 2793): VFY: replacing opcode 0x6e at 0x0006
I/dalvikvm( 2793): Could not find method android.view.View.setNextClusterForwardId, referenced from method androidx.core.view.ViewCompat.setNextClusterForwardId
W/dalvikvm( 2793): VFY: unable to resolve virtual method 4721: Landroid/view/View;.setNextClusterForwardId (I)V
D/dalvikvm( 2793): VFY: replacing opcode 0x6e at 0x0006
I/dalvikvm( 2793): Could not find method android.view.View.setOnApplyWindowInsetsListener, referenced from method androidx.core.view.ViewCompat.setOnApplyWindowInsetsListener
W/dalvikvm( 2793): VFY: unable to resolve virtual method 4722: Landroid/view/View;.setOnApplyWindowInsetsListener (Landroid/view/View$OnApplyWindowInsetsListener;)V
D/dalvikvm( 2793): VFY: replacing opcode 0x6e at 0x0009
I/dalvikvm( 2793): Failed resolving Landroidx/core/view/ViewCompat$1; interface 749 'Landroid/view/View$OnApplyWindowInsetsListener;'
W/dalvikvm( 2793): Link of class 'Landroidx/core/view/ViewCompat$1;' failed
E/dalvikvm( 2793): Could not find class 'androidx.core.view.ViewCompat$1', referenced from method androidx.core.view.ViewCompat.setOnApplyWindowInsetsListener
W/dalvikvm( 2793): VFY: unable to resolve new-instance 2303 (Landroidx/core/view/ViewCompat$1;) in Landroidx/core/view/ViewCompat;
D/dalvikvm( 2793): VFY: replacing opcode 0x22 at 0x000d
I/dalvikvm( 2793): Could not find method android.view.View.setPointerIcon, referenced from method androidx.core.view.ViewCompat.setPointerIcon
W/dalvikvm( 2793): VFY: unable to resolve virtual method 4734: Landroid/view/View;.setPointerIcon (Landroid/view/PointerIcon;)V
D/dalvikvm( 2793): VFY: replacing opcode 0x6e at 0x0010
I/dalvikvm( 2793): Could not find method android.view.View.setScrollIndicators, referenced from method androidx.core.view.ViewCompat.setScrollIndicators
W/dalvikvm( 2793): VFY: unable to resolve virtual method 4743: Landroid/view/View;.setScrollIndicators (I)V
D/dalvikvm( 2793): VFY: replacing opcode 0x6e at 0x0006
I/dalvikvm( 2793): Could not find method android.view.View.setScrollIndicators, referenced from method androidx.core.view.ViewCompat.setScrollIndicators
W/dalvikvm( 2793): VFY: unable to resolve virtual method 4744: Landroid/view/View;.setScrollIndicators (II)V
D/dalvikvm( 2793): VFY: replacing opcode 0x6e at 0x0006
I/dalvikvm( 2793): Could not find method android.view.View.setSystemGestureExclusionRects, referenced from method androidx.core.view.ViewCompat.setSystemGestureExclusionRects
W/dalvikvm( 2793): VFY: unable to resolve virtual method 4748: Landroid/view/View;.setSystemGestureExclusionRects (Ljava/util/List;)V
D/dalvikvm( 2793): VFY: replacing opcode 0x6e at 0x0006
I/dalvikvm( 2793): Could not find method android.view.View.setTooltipText, referenced from method androidx.core.view.ViewCompat.setTooltipText
W/dalvikvm( 2793): VFY: unable to resolve virtual method 4752: Landroid/view/View;.setTooltipText (Ljava/lang/CharSequence;)V
D/dalvikvm( 2793): VFY: replacing opcode 0x6e at 0x0006
I/dalvikvm( 2793): Could not find method android.view.View.setTransitionName, referenced from method androidx.core.view.ViewCompat.setTransitionName
W/dalvikvm( 2793): VFY: unable to resolve virtual method 4754: Landroid/view/View;.setTransitionName (Ljava/lang/String;)V
D/dalvikvm( 2793): VFY: replacing opcode 0x6e at 0x0006
I/dalvikvm( 2793): Could not find method android.view.View.setTranslationZ, referenced from method androidx.core.view.ViewCompat.setTranslationZ
W/dalvikvm( 2793): VFY: unable to resolve virtual method 4758: Landroid/view/View;.setTranslationZ (F)V
D/dalvikvm( 2793): VFY: replacing opcode 0x6e at 0x0006
I/dalvikvm( 2793): Could not find method android.view.View.setZ, referenced from method androidx.core.view.ViewCompat.setZ
W/dalvikvm( 2793): VFY: unable to resolve virtual method 4762: Landroid/view/View;.setZ (F)V
D/dalvikvm( 2793): VFY: replacing opcode 0x6e at 0x0006
I/dalvikvm( 2793): Could not find method android.view.View.startDragAndDrop, referenced from method androidx.core.view.ViewCompat.startDragAndDrop
W/dalvikvm( 2793): VFY: unable to resolve virtual method 4765: Landroid/view/View;.startDragAndDrop (Landroid/content/ClipData;Landroid/view/View$DragShadowBuilder;Ljava/lang/Object;I)Z
D/dalvikvm( 2793): VFY: replacing opcode 0x6e at 0x0006
I/dalvikvm( 2793): Could not find method android.view.View.startNestedScroll, referenced from method androidx.core.view.ViewCompat.startNestedScroll
W/dalvikvm( 2793): VFY: unable to resolve virtual method 4766: Landroid/view/View;.startNestedScroll (I)Z
D/dalvikvm( 2793): VFY: replacing opcode 0x6e at 0x0006
I/dalvikvm( 2793): Could not find method android.view.View.stopNestedScroll, referenced from method androidx.core.view.ViewCompat.stopNestedScroll
W/dalvikvm( 2793): VFY: unable to resolve virtual method 4767: Landroid/view/View;.stopNestedScroll ()V
D/dalvikvm( 2793): VFY: replacing opcode 0x6e at 0x0006
I/dalvikvm( 2793): Could not find method android.view.View.updateDragShadow, referenced from method androidx.core.view.ViewCompat.updateDragShadow
W/dalvikvm( 2793): VFY: unable to resolve virtual method 4770: Landroid/view/View;.updateDragShadow (Landroid/view/View$DragShadowBuilder;)V
D/dalvikvm( 2793): VFY: replacing opcode 0x6e at 0x0006
I/dalvikvm( 2793): Failed resolving Landroidx/core/view/ViewCompat$2; interface 760 'Landroid/view/View$OnUnhandledKeyEventListener;'
W/dalvikvm( 2793): Link of class 'Landroidx/core/view/ViewCompat$2;' failed
D/dalvikvm( 2793): DexOpt: unable to opt direct call 0x46cd at 0x1c in Landroidx/core/view/ViewCompat;.addOnUnhandledKeyEventListener
I/dalvikvm( 2793): Failed resolving Landroidx/core/view/ViewCompat$1; interface 749 'Landroid/view/View$OnApplyWindowInsetsListener;'
W/dalvikvm( 2793): Link of class 'Landroidx/core/view/ViewCompat$1;' failed
D/dalvikvm( 2793): DexOpt: unable to opt direct call 0x46cb at 0x0f in Landroidx/core/view/ViewCompat;.setOnApplyWindowInsetsListener
I/dalvikvm( 2793): Could not find method android.content.res.Resources.getDrawable, referenced from method androidx.appcompat.widget.ResourcesWrapper.getDrawable
W/dalvikvm( 2793): VFY: unable to resolve virtual method 854: Landroid/content/res/Resources;.getDrawable (ILandroid/content/res/Resources$Theme;)Landroid/graphics/drawable/Drawable;
D/dalvikvm( 2793): VFY: replacing opcode 0x6e at 0x0002
I/dalvikvm( 2793): Could not find method android.content.res.Resources.getDrawableForDensity, referenced from method androidx.appcompat.widget.ResourcesWrapper.getDrawableForDensity
W/dalvikvm( 2793): VFY: unable to resolve virtual method 856: Landroid/content/res/Resources;.getDrawableForDensity (IILandroid/content/res/Resources$Theme;)Landroid/graphics/drawable/Drawable;
D/dalvikvm( 2793): VFY: replacing opcode 0x6e at 0x0002
E/dalvikvm( 2793): Could not find class 'android.graphics.drawable.RippleDrawable', referenced from method androidx.appcompat.widget.AppCompatImageHelper.hasOverlappingRendering
W/dalvikvm( 2793): VFY: unable to resolve instanceof 238 (Landroid/graphics/drawable/RippleDrawable;) in Landroidx/appcompat/widget/AppCompatImageHelper;
D/dalvikvm( 2793): VFY: replacing opcode 0x20 at 0x000c
I/dalvikvm( 2793): Could not find method android.widget.TextView.getAutoSizeMaxTextSize, referenced from method androidx.appcompat.widget.AppCompatTextView.getAutoSizeMaxTextSize
W/dalvikvm( 2793): VFY: unable to resolve virtual method 6089: Landroid/widget/TextView;.getAutoSizeMaxTextSize ()I
D/dalvikvm( 2793): VFY: replacing opcode 0x6f at 0x0004
I/dalvikvm( 2793): Could not find method android.widget.TextView.getAutoSizeMinTextSize, referenced from method androidx.appcompat.widget.AppCompatTextView.getAutoSizeMinTextSize
W/dalvikvm( 2793): VFY: unable to resolve virtual method 6090: Landroid/widget/TextView;.getAutoSizeMinTextSize ()I
D/dalvikvm( 2793): VFY: replacing opcode 0x6f at 0x0004
I/dalvikvm( 2793): Could not find method android.widget.TextView.getAutoSizeStepGranularity, referenced from method androidx.appcompat.widget.AppCompatTextView.getAutoSizeStepGranularity
W/dalvikvm( 2793): VFY: unable to resolve virtual method 6091: Landroid/widget/TextView;.getAutoSizeStepGranularity ()I
D/dalvikvm( 2793): VFY: replacing opcode 0x6f at 0x0004
I/dalvikvm( 2793): Could not find method android.widget.TextView.getAutoSizeTextAvailableSizes, referenced from method androidx.appcompat.widget.AppCompatTextView.getAutoSizeTextAvailableSizes
W/dalvikvm( 2793): VFY: unable to resolve virtual method 6092: Landroid/widget/TextView;.getAutoSizeTextAvailableSizes ()[I
D/dalvikvm( 2793): VFY: replacing opcode 0x6f at 0x0004
I/dalvikvm( 2793): Could not find method android.widget.TextView.getAutoSizeTextType, referenced from method androidx.appcompat.widget.AppCompatTextView.getAutoSizeTextType
W/dalvikvm( 2793): VFY: unable to resolve virtual method 6093: Landroid/widget/TextView;.getAutoSizeTextType ()I
D/dalvikvm( 2793): VFY: replacing opcode 0x6f at 0x0005
I/dalvikvm( 2793): Could not find method android.widget.TextView.getTextClassifier, referenced from method androidx.appcompat.widget.AppCompatTextView.getTextClassifier
W/dalvikvm( 2793): VFY: unable to resolve virtual method 6129: Landroid/widget/TextView;.getTextClassifier ()Landroid/view/textclassifier/TextClassifier;
D/dalvikvm( 2793): VFY: replacing opcode 0x6f at 0x0010
W/dalvikvm( 2793): VFY: unable to find class referenced in signature (Landroid/view/textclassifier/TextClassifier;)
W/dalvikvm( 2793): VFY: unable to find class referenced in signature (Landroid/view/textclassifier/TextClassifier;)
I/dalvikvm( 2793): Could not find method android.widget.TextView.setAutoSizeTextTypeUniformWithConfiguration, referenced from method androidx.appcompat.widget.AppCompatTextView.setAutoSizeTextTypeUniformWithConfiguration
W/dalvikvm( 2793): VFY: unable to resolve virtual method 6154: Landroid/widget/TextView;.setAutoSizeTextTypeUniformWithConfiguration (IIII)V
D/dalvikvm( 2793): VFY: replacing opcode 0x6f at 0x0004
I/dalvikvm( 2793): Could not find method android.widget.TextView.setAutoSizeTextTypeUniformWithPresetSizes, referenced from method androidx.appcompat.widget.AppCompatTextView.setAutoSizeTextTypeUniformWithPresetSizes
W/dalvikvm( 2793): VFY: unable to resolve virtual method 6155: Landroid/widget/TextView;.setAutoSizeTextTypeUniformWithPresetSizes ([II)V
D/dalvikvm( 2793): VFY: replacing opcode 0x6f at 0x0004
I/dalvikvm( 2793): Could not find method android.widget.TextView.setAutoSizeTextTypeWithDefaults, referenced from method androidx.appcompat.widget.AppCompatTextView.setAutoSizeTextTypeWithDefaults
W/dalvikvm( 2793): VFY: unable to resolve virtual method 6156: Landroid/widget/TextView;.setAutoSizeTextTypeWithDefaults (I)V
D/dalvikvm( 2793): VFY: replacing opcode 0x6f at 0x0004
I/dalvikvm( 2793): Could not find method android.widget.TextView.setFirstBaselineToTopHeight, referenced from method androidx.appcompat.widget.AppCompatTextView.setFirstBaselineToTopHeight
W/dalvikvm( 2793): VFY: unable to resolve virtual method 6172: Landroid/widget/TextView;.setFirstBaselineToTopHeight (I)V
D/dalvikvm( 2793): VFY: replacing opcode 0x6f at 0x0006
I/dalvikvm( 2793): Could not find method android.widget.TextView.setLastBaselineToBottomHeight, referenced from method androidx.appcompat.widget.AppCompatTextView.setLastBaselineToBottomHeight
W/dalvikvm( 2793): VFY: unable to resolve virtual method 6179: Landroid/widget/TextView;.setLastBaselineToBottomHeight (I)V
D/dalvikvm( 2793): VFY: replacing opcode 0x6f at 0x0006
W/dalvikvm( 2793): VFY: unable to find class referenced in signature (Landroid/view/textclassifier/TextClassifier;)
I/dalvikvm( 2793): Could not find method android.widget.TextView.setTextClassifier, referenced from method androidx.appcompat.widget.AppCompatTextView.setTextClassifier
W/dalvikvm( 2793): VFY: unable to resolve virtual method 6196: Landroid/widget/TextView;.setTextClassifier (Landroid/view/textclassifier/TextClassifier;)V
D/dalvikvm( 2793): VFY: replacing opcode 0x6f at 0x000f
W/dalvikvm( 2793): VFY: unable to find class referenced in signature (Landroid/view/textclassifier/TextClassifier;)
I/dalvikvm( 2793): Could not find method android.graphics.Typeface.create, referenced from method androidx.appcompat.widget.AppCompatTextHelper.updateTypefaceAndStyle
W/dalvikvm( 2793): VFY: unable to resolve static method 1315: Landroid/graphics/Typeface;.create (Landroid/graphics/Typeface;IZ)Landroid/graphics/Typeface;
D/dalvikvm( 2793): VFY: replacing opcode 0x71 at 0x00a0
I/dalvikvm( 2793): Could not find method android.graphics.Typeface.create, referenced from method androidx.appcompat.widget.AppCompatTextHelper.updateTypefaceAndStyle
W/dalvikvm( 2793): VFY: unable to resolve static method 1315: Landroid/graphics/Typeface;.create (Landroid/graphics/Typeface;IZ)Landroid/graphics/Typeface;
D/dalvikvm( 2793): VFY: replacing opcode 0x71 at 0x00d2
I/dalvikvm( 2793): Could not find method android.widget.TextView.setFontVariationSettings, referenced from method androidx.appcompat.widget.AppCompatTextHelper.loadFromAttributes
W/dalvikvm( 2793): VFY: unable to resolve virtual method 6174: Landroid/widget/TextView;.setFontVariationSettings (Ljava/lang/String;)Z
D/dalvikvm( 2793): VFY: replacing opcode 0x6e at 0x020b
I/dalvikvm( 2793): Could not find method android.os.LocaleList.forLanguageTags, referenced from method androidx.appcompat.widget.AppCompatTextHelper.loadFromAttributes
W/dalvikvm( 2793): VFY: unable to resolve static method 2106: Landroid/os/LocaleList;.forLanguageTags (Ljava/lang/String;)Landroid/os/LocaleList;
D/dalvikvm( 2793): VFY: replacing opcode 0x71 at 0x0218
I/dalvikvm( 2793): Could not find method java.util.Locale.forLanguageTag, referenced from method androidx.appcompat.widget.AppCompatTextHelper.loadFromAttributes
W/dalvikvm( 2793): VFY: unable to resolve static method 55259: Ljava/util/Locale;.forLanguageTag (Ljava/lang/String;)Ljava/util/Locale;
D/dalvikvm( 2793): VFY: replacing opcode 0x71 at 0x0232
I/dalvikvm( 2793): Could not find method android.widget.TextView.getAutoSizeStepGranularity, referenced from method androidx.appcompat.widget.AppCompatTextHelper.loadFromAttributes
W/dalvikvm( 2793): VFY: unable to resolve virtual method 6091: Landroid/widget/TextView;.getAutoSizeStepGranularity ()I
D/dalvikvm( 2793): VFY: replacing opcode 0x6e at 0x0255
I/dalvikvm( 2793): Could not find method android.widget.TextView.setFontVariationSettings, referenced from method androidx.appcompat.widget.AppCompatTextHelper.onSetTextAppearance
W/dalvikvm( 2793): VFY: unable to resolve virtual method 6174: Landroid/widget/TextView;.setFontVariationSettings (Ljava/lang/String;)Z
D/dalvikvm( 2793): VFY: replacing opcode 0x6e at 0x0065
I/dalvikvm( 2793): Could not find method android.text.StaticLayout$Builder.obtain, referenced from method androidx.appcompat.widget.AppCompatTextViewAutoSizeHelper.createStaticLayoutForMeasuring
W/dalvikvm( 2793): VFY: unable to resolve static method 3978: Landroid/text/StaticLayout$Builder;.obtain (Ljava/lang/CharSequence;IILandroid/text/TextPaint;I)Landroid/text/StaticLayout$Builder;
D/dalvikvm( 2793): VFY: replacing opcode 0x71 at 0x0007
I/dalvikvm( 2793): Could not find method android.content.Context.getColorStateList, referenced from method androidx.appcompat.content.res.AppCompatResources.getColorStateList
W/dalvikvm( 2793): VFY: unable to resolve virtual method 587: Landroid/content/Context;.getColorStateList (I)Landroid/content/res/ColorStateList;
D/dalvikvm( 2793): VFY: replacing opcode 0x6e at 0x0006
D/dalvikvm( 2793): GC_FOR_ALLOC freed 400K, 12% free 3722K/4188K, paused 2ms, total 2ms
W/dalvikvm( 2793): VFY: unable to find class referenced in signature (Ljava/nio/file/Path;)
W/dalvikvm( 2793): VFY: unable to find class referenced in signature ([Ljava/nio/file/OpenOption;)
E/dalvikvm( 2793): Could not find class 'android.view.textclassifier.TextClassificationManager', referenced from method androidx.appcompat.widget.AppCompatTextClassifierHelper.getTextClassifier
W/dalvikvm( 2793): VFY: unable to resolve const-class 825 (Landroid/view/textclassifier/TextClassificationManager;) in Landroidx/appcompat/widget/AppCompatTextClassifierHelper;
D/dalvikvm( 2793): VFY: replacing opcode 0x1c at 0x000a
W/dalvikvm( 2793): VFY: unable to find class referenced in signature (Landroid/view/textclassifier/TextClassifier;)
W/dalvikvm( 2793): VFY: unable to find class referenced in signature (Landroid/view/textclassifier/TextClassifier;)
I/dalvikvm( 2793): Could not find method java.nio.file.Files.newOutputStream, referenced from method okio.Okio.sink
W/dalvikvm( 2793): VFY: unable to resolve static method 38235: Ljava/nio/file/Files;.newOutputStream (Ljava/nio/file/Path;[Ljava/nio/file/OpenOption;)Ljava/io/OutputStream;
D/dalvikvm( 2793): VFY: replacing opcode 0x71 at 0x0002
W/dalvikvm( 2793): VFY: unable to find class referenced in signature (Ljava/nio/file/Path;)
W/dalvikvm( 2793): VFY: unable to find class referenced in signature ([Ljava/nio/file/OpenOption;)
I/dalvikvm( 2793): Could not find method java.nio.file.Files.newInputStream, referenced from method okio.Okio.source
W/dalvikvm( 2793): VFY: unable to resolve static method 38234: Ljava/nio/file/Files;.newInputStream (Ljava/nio/file/Path;[Ljava/nio/file/OpenOption;)Ljava/io/InputStream;
D/dalvikvm( 2793): VFY: replacing opcode 0x71 at 0x0002
I/dalvikvm( 2793): Could not find method androidx.core.widget.NestedScrollView.getClipToPadding, referenced from method androidx.core.widget.NestedScrollView.draw
W/dalvikvm( 2793): VFY: unable to resolve virtual method 19185: Landroidx/core/widget/NestedScrollView;.getClipToPadding ()Z
D/dalvikvm( 2793): VFY: replacing opcode 0x6e at 0x002a
I/dalvikvm( 2793): Could not find method androidx.core.widget.NestedScrollView.getClipToPadding, referenced from method androidx.core.widget.NestedScrollView.draw
W/dalvikvm( 2793): VFY: unable to resolve virtual method 19185: Landroidx/core/widget/NestedScrollView;.getClipToPadding ()Z
D/dalvikvm( 2793): VFY: replacing opcode 0x6e at 0x0046
I/dalvikvm( 2793): Could not find method androidx.core.widget.NestedScrollView.getClipToPadding, referenced from method androidx.core.widget.NestedScrollView.draw
W/dalvikvm( 2793): VFY: unable to resolve virtual method 19185: Landroidx/core/widget/NestedScrollView;.getClipToPadding ()Z
D/dalvikvm( 2793): VFY: replacing opcode 0x6e at 0x0094
I/dalvikvm( 2793): Could not find method androidx.core.widget.NestedScrollView.getClipToPadding, referenced from method androidx.core.widget.NestedScrollView.draw
