E/eglCodecCommon( 2102): glUtilsParamSize: unknow param 0x00008824
I/ActivityManager( 1566): Delay finish: com.android.providers.media/.MediaScannerReceiver
D/dalvikvm( 2102): GC_FOR_ALLOC freed 2736K, 35% free 5517K/8440K, paused 4ms, total 4ms
D/GpsLocationProvider( 1566): NTP server returned: 1629045532796 (Sun Aug 15 11:38:52 CDT 2021) reference: 8385 certainty: 18 system time offset: 174
E/dalvikvm( 1946): Could not find class 'android.telephony.SubscriptionManager', referenced from method lbk.a
W/dalvikvm( 1946): VFY: unable to resolve check-cast 1109 (Landroid/telephony/SubscriptionManager;) in Llbk;
D/dalvikvm( 1946): VFY: replacing opcode 0x1f at 0x0236
I/dalvikvm( 1946): Could not find method java.util.Locale.toLanguageTag, referenced from method lbk.a
W/dalvikvm( 1946): VFY: unable to resolve virtual method 43769: Ljava/util/Locale;.toLanguageTag ()Ljava/lang/String;
D/dalvikvm( 1946): VFY: replacing opcode 0x6e at 0x0025
W/dalvikvm( 1946): VFY: unable to find class referenced in signature (Landroid/telephony/SubscriptionManager;)
I/dalvikvm( 1946): Could not find method android.telephony.SubscriptionManager.getActiveSubscriptionInfoList, referenced from method lbk.a
W/dalvikvm( 1946): VFY: unable to resolve virtual method 5833: Landroid/telephony/SubscriptionManager;.getActiveSubscriptionInfoList ()Ljava/util/List;
D/dalvikvm( 1946): VFY: replacing opcode 0x74 at 0x0004
I/dalvikvm( 1946): Could not find method android.os.PowerManager.isInteractive, referenced from method nol.a
W/dalvikvm( 1946): VFY: unable to resolve virtual method 4227: Landroid/os/PowerManager;.isInteractive ()Z
D/dalvikvm( 1946): VFY: replacing opcode 0x6e at 0x0006
W/MediaScanner( 1673): Error opening directory '/storage/sdcard/.android_secure/', skipping: Permission denied.
W/ProviderHelper( 1946): Unknown dynamite feature providerinstaller
I/DynamiteModule( 1946): Considering local module providerinstaller:0 and remote module providerinstaller:0
I/DynamiteModule( 1946): Considering local module providerinstaller:0 and remote module providerinstaller:0
W/Conscrypt( 1946): Could not set socket write timeout: java.net.SocketException: Socket closed
W/Conscrypt( 1946): 	at com.google.android.gms.org.conscrypt.Platform.setSocketWriteTimeout(:com.google.android.gms@202414005@20.24.14 (000700-319035315):2)
W/Conscrypt( 1946): 	at com.google.android.gms.org.conscrypt.ConscryptFileDescriptorSocket.setSoWriteTimeout(:com.google.android.gms@202414005@20.24.14 (000700-319035315):0)
V/MediaScanner( 1673): pruneDeadThumbnailFiles... android.database.sqlite.SQLiteCursor@9d08c2d0
V/MediaScanner( 1673): /pruneDeadThumbnailFiles... android.database.sqlite.SQLiteCursor@9d08c2d0
I/ActivityManager( 1566): Resuming delayed broadcast
D/dalvikvm( 1144): GC_EXPLICIT freed 40K, 4% free 2995K/3100K, paused 0ms+0ms, total 5ms
D/dalvikvm( 1144): GC_EXPLICIT freed <1K, 4% free 2995K/3100K, paused 0ms+0ms, total 2ms
I/ActivityManager( 1566): Start proc com.android.mms for broadcast com.android.mms/.transaction.MmsSystemEventReceiver: pid=2161 uid=10010 gids={50010, 3003, 1028, 1015}
D/dalvikvm( 1144): GC_EXPLICIT freed <1K, 4% free 2995K/3100K, paused 1ms+0ms, total 4ms
W/Conscrypt( 1946): Could not set socket write timeout: java.net.SocketException: Socket closed
W/Conscrypt( 1946): 	at com.google.android.gms.org.conscrypt.Platform.setSocketWriteTimeout(:com.google.android.gms@202414005@20.24.14 (000700-319035315):2)
W/Conscrypt( 1946): 	at com.google.android.gms.org.conscrypt.ConscryptFileDescriptorSocket.setSoWriteTimeout(:com.google.android.gms@202414005@20.24.14 (000700-319035315):0)
V/MmsConfig( 2161): mnc/mcc: 310260
V/MmsConfig( 2161): tag: bool value: enabledMMS - true
V/MmsConfig( 2161): tag: int value: maxMessageSize - 307200
V/MmsConfig( 2161): tag: int value: maxImageHeight - 480
V/MmsConfig( 2161): tag: int value: maxImageWidth - 640
V/MmsConfig( 2161): tag: int value: defaultSMSMessagesPerThread - 10000
V/MmsConfig( 2161): tag: int value: defaultMMSMessagesPerThread - 1000
V/MmsConfig( 2161): tag: int value: minMessageCountPerThread - 10
V/MmsConfig( 2161): tag: int value: maxMessageCountPerThread - 5000
V/MmsConfig( 2161): tag: string value: uaProfUrl - http://www.google.com/oha/rdf/ua-profile-kila.xml
V/MmsConfig( 2161): tag: int value: recipientLimit - -1
V/MmsConfig( 2161): tag: bool value: enableMultipartSMS - true
V/MmsConfig( 2161): tag: int value: smsToMmsTextThreshold - -1
V/MmsConfig( 2161): tag: bool value: enableSlideDuration - true
V/MmsConfig( 2161): tag: int value: maxMessageTextSize - -1
D/CountryDetector( 1566): The first listener is added
I/ActivityManager( 1566): Delay finish: com.android.mms/.transaction.MmsSystemEventReceiver
D/Mms:app ( 2161): cancelNotification
D/dalvikvm( 1566): GC_EXPLICIT freed 382K, 14% free 7229K/8316K, paused 1ms+1ms, total 7ms
D/dalvikvm( 1705): GC_FOR_ALLOC freed 491K, 14% free 3548K/4100K, paused 2ms, total 2ms
I/ActivityManager( 1566): Resuming delayed broadcast
I/ActivityManager( 1566): Delay finish: com.android.mms/.transaction.SmsReceiver
D/MmsSmsDatabaseHelper( 1705): [MmsSmsDb] tableName: threads hasAutoIncrement: CREATE TABLE threads (_id INTEGER PRIMARY KEY AUTOINCREMENT,date INTEGER DEFAULT 0,message_count INTEGER DEFAULT 0,recipient_ids TEXT,snippet TEXT,snippet_cs INTEGER DEFAULT 0,read INTEGER DEFAULT 1,type INTEGER DEFAULT 0,error INTEGER DEFAULT 0,has_attachment INTEGER DEFAULT 0) result: true
D/MmsSmsDatabaseHelper( 1705): [MmsSmsDb] tableName: canonical_addresses hasAutoIncrement: CREATE TABLE canonical_addresses (_id INTEGER PRIMARY KEY AUTOINCREMENT,address TEXT) result: true
D/MmsSmsDatabaseHelper( 1705): [MmsSmsDb] tableName: part hasAutoIncrement: CREATE TABLE part (_id INTEGER PRIMARY KEY AUTOINCREMENT,mid INTEGER,seq INTEGER DEFAULT 0,ct TEXT,name TEXT,chset INTEGER,cd TEXT,fn TEXT,cid TEXT,cl TEXT,ctt_s INTEGER,ctt_t TEXT,_data TEXT,text TEXT) result: true
D/MmsSmsDatabaseHelper( 1705): [MmsSmsDb] tableName: pdu hasAutoIncrement: CREATE TABLE pdu (_id INTEGER PRIMARY KEY AUTOINCREMENT,thread_id INTEGER,date INTEGER,date_sent INTEGER DEFAULT 0,msg_box INTEGER,read INTEGER DEFAULT 0,m_id TEXT,sub TEXT,sub_cs INTEGER,ct_t TEXT,ct_l TEXT,exp INTEGER,m_cls TEXT,m_type INTEGER,v INTEGER,m_size INTEGER,pri INTEGER,rr INTEGER,rpt_a INTEGER,resp_st INTEGER,st INTEGER,tr_id TEXT,retr_st INTEGER,retr_txt TEXT,retr_txt_cs INTEGER,read_status INTEGER,ct_cls INTEGER,resp_txt TEXT,d_tm INTEGER,d_rpt INTEGER,locked INTEGER DEFAULT 0,seen INTEGER DEFAULT 0,text_only INTEGER DEFAULT 0) result: true
D/MmsSmsDatabaseHelper( 1705): [getWritableDatabase] hasAutoIncrementThreads: true hasAutoIncrementAddresses: true hasAutoIncrementPart: true hasAutoIncrementPdu: true
D/dalvikvm( 2161): GC_FOR_ALLOC freed 263K, 10% free 3245K/3572K, paused 2ms, total 2ms
D/Mms:app ( 2161): cancelNotification
I/ActivityManager( 1566): Resuming delayed broadcast
D/dalvikvm( 1946): GC_FOR_ALLOC freed 966K, 23% free 6641K/8608K, paused 7ms, total 7ms
I/dalvikvm( 1946): Could not find method android.content.Context.getSystemService, referenced from method com.google.android.gms.chimera.GmsModuleInitializer.initializeModuleV0
W/dalvikvm( 1946): VFY: unable to resolve virtual method 3171: Landroid/content/Context;.getSystemService (Ljava/lang/Class;)Ljava/lang/Object;
D/dalvikvm( 1946): VFY: replacing opcode 0x6e at 0x0018
I/dalvikvm( 1946): Failed resolving Lhne; interface 505 'Landroid/content/pm/PackageManager$OnPermissionsChangedListener;'
W/dalvikvm( 1946): Link of class 'Lhne;' failed
I/dalvikvm( 1946): Failed resolving Lhne; interface 505 'Landroid/content/pm/PackageManager$OnPermissionsChangedListener;'
W/dalvikvm( 1946): Link of class 'Lhne;' failed
E/dalvikvm( 1946): Could not find class 'hne', referenced from method com.google.android.gms.chimera.GmsModuleInitializer.initializeModuleV0
W/dalvikvm( 1946): VFY: unable to resolve new-instance 6487 (Lhne;) in Lcom/google/android/gms/chimera/GmsModuleInitializer;
D/dalvikvm( 1946): VFY: replacing opcode 0x22 at 0x0101
I/dalvikvm( 1946): Failed resolving Lhne; interface 505 'Landroid/content/pm/PackageManager$OnPermissionsChangedListener;'
W/dalvikvm( 1946): Link of class 'Lhne;' failed
I/dalvikvm( 1946): Failed resolving Lhne; interface 505 'Landroid/content/pm/PackageManager$OnPermissionsChangedListener;'
W/dalvikvm( 1946): Link of class 'Lhne;' failed
D/dalvikvm( 1946): DexOpt: unable to opt direct call 0x6e9b at 0x103 in Lcom/google/android/gms/chimera/GmsModuleInitializer;.initializeModuleV0
I/dalvikvm( 1946): Could not find method android.content.Context.createDeviceProtectedStorageContext, referenced from method hgf.a
W/dalvikvm( 1946): VFY: unable to resolve virtual method 3139: Landroid/content/Context;.createDeviceProtectedStorageContext ()Landroid/content/Context;
D/dalvikvm( 1946): VFY: replacing opcode 0x6e at 0x0029
I/dalvikvm( 1946): Could not find method android.content.Context.getSystemService, referenced from method hgf.a
W/dalvikvm( 1946): VFY: unable to resolve virtual method 3171: Landroid/content/Context;.getSystemService (Ljava/lang/Class;)Ljava/lang/Object;
D/dalvikvm( 1946): VFY: replacing opcode 0x6e at 0x0009
I/dalvikvm( 1946): Could not find method android.content.Context.createDeviceProtectedStorageContext, referenced from method nzv.a
W/dalvikvm( 1946): VFY: unable to resolve virtual method 3139: Landroid/content/Context;.createDeviceProtectedStorageContext ()Landroid/content/Context;
D/dalvikvm( 1946): VFY: replacing opcode 0x6e at 0x0031
I/dalvikvm( 1946): Could not find method android.app.AppOpsManager.permissionToOp, referenced from method rr.a
W/dalvikvm( 1946): VFY: unable to resolve static method 2785: Landroid/app/AppOpsManager;.permissionToOp (Ljava/lang/String;)Ljava/lang/String;
D/dalvikvm( 1946): VFY: replacing opcode 0x71 at 0x000e
I/dalvikvm( 1946): Could not find method android.content.Context.getSystemService, referenced from method rr.a
W/dalvikvm( 1946): VFY: unable to resolve virtual method 3171: Landroid/content/Context;.getSystemService (Ljava/lang/Class;)Ljava/lang/Object;
D/dalvikvm( 1946): VFY: replacing opcode 0x6e at 0x002b
I/dalvikvm( 1946): Could not find method android.content.Context.getSystemService, referenced from method mry.a
W/dalvikvm( 1946): VFY: unable to resolve virtual method 3171: Landroid/content/Context;.getSystemService (Ljava/lang/Class;)Ljava/lang/Object;
D/dalvikvm( 1946): VFY: replacing opcode 0x6e at 0x001a
I/dalvikvm( 1946): Could not find method android.os.UserManager.isUserUnlocked, referenced from method mry.a
W/dalvikvm( 1946): VFY: unable to resolve virtual method 4621: Landroid/os/UserManager;.isUserUnlocked ()Z
D/dalvikvm( 1946): VFY: replacing opcode 0x6e at 0x0030
I/dalvikvm( 1946): Could not find method android.content.Context.isDeviceProtectedStorage, referenced from method mry.b
W/dalvikvm( 1946): VFY: unable to resolve virtual method 3177: Landroid/content/Context;.isDeviceProtectedStorage ()Z
D/dalvikvm( 1946): VFY: replacing opcode 0x6e at 0x0000
E/dalvikvm( 1946): Could not find class 'android.app.job.JobScheduler', referenced from method mei.<clinit>
W/dalvikvm( 1946): VFY: unable to resolve const-class 443 (Landroid/app/job/JobScheduler;) in Lmei;
D/dalvikvm( 1946): VFY: replacing opcode 0x1c at 0x0007
I/dalvikvm( 1946): Could not find method android.os.PowerManager.isDeviceIdleMode, referenced from method ikv.a
W/dalvikvm( 1946): VFY: unable to resolve virtual method 4576: Landroid/os/PowerManager;.isDeviceIdleMode ()Z
D/dalvikvm( 1946): VFY: replacing opcode 0x6e at 0x0131
I/dalvikvm( 1946): Could not find method android.os.PowerManager.isPowerSaveMode, referenced from method ikv.a
W/dalvikvm( 1946): VFY: unable to resolve virtual method 4578: Landroid/os/PowerManager;.isPowerSaveMode ()Z
D/dalvikvm( 1946): VFY: replacing opcode 0x6e at 0x0145
I/dalvikvm( 1946): Could not find method android.app.NotificationManager.getNotificationChannel, referenced from method gzd.a
W/dalvikvm( 1946): VFY: unable to resolve virtual method 2974: Landroid/app/NotificationManager;.getNotificationChannel (Ljava/lang/String;)Landroid/app/NotificationChannel;
D/dalvikvm( 1946): VFY: replacing opcode 0x6e at 0x00c5
D/dalvikvm( 1946): DexOpt: unable to opt direct call 0x0b8a at 0xd2 in Lgzd;.a
I/dalvikvm( 1946): Could not find method android.content.pm.PackageManager.getPackageInstaller, referenced from method gzw.a
W/dalvikvm( 1946): VFY: unable to resolve virtual method 3338: Landroid/content/pm/PackageManager;.getPackageInstaller ()Landroid/content/pm/PackageInstaller;
D/dalvikvm( 1946): VFY: replacing opcode 0x6e at 0x0024
D/dalvikvm( 1753): GC_EXPLICIT freed 145K, 29% free 5893K/8252K, paused 1ms+1ms, total 7ms
I/ActivityManager( 1566): Delay finish: com.google.android.gms/.games.chimera.GamesSystemBroadcastReceiverProxy
I/Checkin ( 1946): [CheckinRequestProcessor] updateCheckinIdTokenFileFromResponse, Reading existing AID
I/Checkin ( 1946): [CheckinRequestProcessor] Default Task : Checkin Succeeded: https://android.googleapis.com/checkin (fragment #1).
E/GmsRequestQueue( 1946): Tried to stop global GMSCore RequestQueue. This is likely unintended, so ignoring.
D/dalvikvm( 1946): GC_FOR_ALLOC freed 957K, 20% free 6891K/8608K, paused 9ms, total 9ms
I/Checkin ( 1946): [CheckinOperation] Checkin Operation finished with result: 0 finish time: 8766.
I/dalvikvm( 1946): Could not find method java.util.Locale.toLanguageTag, referenced from method ing.a
W/dalvikvm( 1946): VFY: unable to resolve virtual method 33842: Ljava/util/Locale;.toLanguageTag ()Ljava/lang/String;
D/dalvikvm( 1946): VFY: replacing opcode 0x6e at 0x0061
I/dalvikvm( 1946): Could not find method java.util.Locale.toLanguageTag, referenced from method ing.b
W/dalvikvm( 1946): VFY: unable to resolve virtual method 33842: Ljava/util/Locale;.toLanguageTag ()Ljava/lang/String;
D/dalvikvm( 1946): VFY: replacing opcode 0x6e at 0x0078
I/dalvikvm( 1946): Could not find method java.util.Locale.toLanguageTag, referenced from method ing.c
W/dalvikvm( 1946): VFY: unable to resolve virtual method 33842: Ljava/util/Locale;.toLanguageTag ()Ljava/lang/String;
D/dalvikvm( 1946): VFY: replacing opcode 0x6e at 0x0010
I/dalvikvm( 1946): Could not find method java.util.Locale.toLanguageTag, referenced from method ing.d
W/dalvikvm( 1946): VFY: unable to resolve virtual method 33842: Ljava/util/Locale;.toLanguageTag ()Ljava/lang/String;
D/dalvikvm( 1946): VFY: replacing opcode 0x6e at 0x000e
I/dalvikvm( 1946): Could not find method java.util.Locale.toLanguageTag, referenced from method inz.a
W/dalvikvm( 1946): VFY: unable to resolve virtual method 33842: Ljava/util/Locale;.toLanguageTag ()Ljava/lang/String;
D/dalvikvm( 1946): VFY: replacing opcode 0x6e at 0x004b
I/dalvikvm( 1946): Could not find method java.util.Locale.toLanguageTag, referenced from method iof.a
W/dalvikvm( 1946): VFY: unable to resolve virtual method 33842: Ljava/util/Locale;.toLanguageTag ()Ljava/lang/String;
D/dalvikvm( 1946): VFY: replacing opcode 0x6e at 0x01b2
I/dalvikvm( 1946): Could not find method java.util.Locale.toLanguageTag, referenced from method iof.e
W/dalvikvm( 1946): VFY: unable to resolve virtual method 33842: Ljava/util/Locale;.toLanguageTag ()Ljava/lang/String;
D/dalvikvm( 1946): VFY: replacing opcode 0x6e at 0x003f
I/dalvikvm( 1946): Could not find method java.util.Locale.toLanguageTag, referenced from method iof.f
W/dalvikvm( 1946): VFY: unable to resolve virtual method 33842: Ljava/util/Locale;.toLanguageTag ()Ljava/lang/String;
D/dalvikvm( 1946): VFY: replacing opcode 0x6e at 0x0013
I/dalvikvm( 1946): Could not find method java.util.Locale.toLanguageTag, referenced from method iol.a
W/dalvikvm( 1946): VFY: unable to resolve virtual method 33842: Ljava/util/Locale;.toLanguageTag ()Ljava/lang/String;
D/dalvikvm( 1946): VFY: replacing opcode 0x6e at 0x0089
I/dalvikvm( 1946): Could not find method java.util.Locale.toLanguageTag, referenced from method iol.a
W/dalvikvm( 1946): VFY: unable to resolve virtual method 33842: Ljava/util/Locale;.toLanguageTag ()Ljava/lang/String;
D/dalvikvm( 1946): VFY: replacing opcode 0x6e at 0x01f2
I/dalvikvm( 1946): Could not find method java.util.Locale.toLanguageTag, referenced from method iol.a
W/dalvikvm( 1946): VFY: unable to resolve virtual method 33842: Ljava/util/Locale;.toLanguageTag ()Ljava/lang/String;
D/dalvikvm( 1946): VFY: replacing opcode 0x6e at 0x0080
I/dalvikvm( 1946): Could not find method java.util.Locale.toLanguageTag, referenced from method iol.b
W/dalvikvm( 1946): VFY: unable to resolve virtual method 33842: Ljava/util/Locale;.toLanguageTag ()Ljava/lang/String;
D/dalvikvm( 1946): VFY: replacing opcode 0x6e at 0x000e
I/dalvikvm( 1946): Could not find method java.util.Locale.toLanguageTag, referenced from method iol.a
W/dalvikvm( 1946): VFY: unable to resolve virtual method 33842: Ljava/util/Locale;.toLanguageTag ()Ljava/lang/String;
D/dalvikvm( 1946): VFY: replacing opcode 0x6e at 0x00ab
I/dalvikvm( 1946): Could not find method java.util.Locale.toLanguageTag, referenced from method iol.a
W/dalvikvm( 1946): VFY: unable to resolve virtual method 33842: Ljava/util/Locale;.toLanguageTag ()Ljava/lang/String;
D/dalvikvm( 1946): VFY: replacing opcode 0x6e at 0x0028
I/dalvikvm( 1946): Could not find method java.util.Locale.toLanguageTag, referenced from method iol.a
W/dalvikvm( 1946): VFY: unable to resolve virtual method 33842: Ljava/util/Locale;.toLanguageTag ()Ljava/lang/String;
D/dalvikvm( 1946): VFY: replacing opcode 0x6e at 0x009c
I/dalvikvm( 1946): Could not find method java.util.Locale.toLanguageTag, referenced from method iol.a
W/dalvikvm( 1946): VFY: unable to resolve virtual method 33842: Ljava/util/Locale;.toLanguageTag ()Ljava/lang/String;
D/dalvikvm( 1946): VFY: replacing opcode 0x6e at 0x0029
I/dalvikvm( 1946): Could not find method java.util.Locale.toLanguageTag, referenced from method iol.a
W/dalvikvm( 1946): VFY: unable to resolve virtual method 33842: Ljava/util/Locale;.toLanguageTag ()Ljava/lang/String;
D/dalvikvm( 1946): VFY: replacing opcode 0x6e at 0x0099
E/dalvikvm( 1946): Could not find class 'android.graphics.drawable.AdaptiveIconDrawable', referenced from method iol.a
W/dalvikvm( 1946): VFY: unable to resolve instanceof 599 (Landroid/graphics/drawable/AdaptiveIconDrawable;) in Liol;
D/dalvikvm( 1946): VFY: replacing opcode 0x20 at 0x016a
I/dalvikvm( 1946): Could not find method java.util.Locale.toLanguageTag, referenced from method iol.b
W/dalvikvm( 1946): VFY: unable to resolve virtual method 33842: Ljava/util/Locale;.toLanguageTag ()Ljava/lang/String;
D/dalvikvm( 1946): VFY: replacing opcode 0x6e at 0x00b7
I/dalvikvm( 1946): Could not find method java.util.Locale.toLanguageTag, referenced from method iol.b
W/dalvikvm( 1946): VFY: unable to resolve virtual method 33842: Ljava/util/Locale;.toLanguageTag ()Ljava/lang/String;
D/dalvikvm( 1946): VFY: replacing opcode 0x6e at 0x0037
I/dalvikvm( 1946): Could not find method java.util.Locale.toLanguageTag, referenced from method ipl.b
W/dalvikvm( 1946): VFY: unable to resolve virtual method 33842: Ljava/util/Locale;.toLanguageTag ()Ljava/lang/String;
D/dalvikvm( 1946): VFY: replacing opcode 0x6e at 0x0013
I/dalvikvm( 1946): Could not find method java.util.Locale.toLanguageTag, referenced from method ipl.a
W/dalvikvm( 1946): VFY: unable to resolve virtual method 33842: Ljava/util/Locale;.toLanguageTag ()Ljava/lang/String;
D/dalvikvm( 1946): VFY: replacing opcode 0x6e at 0x0062
I/dalvikvm( 1946): Could not find method java.util.Locale.toLanguageTag, referenced from method ipl.a
W/dalvikvm( 1946): VFY: unable to resolve virtual method 33842: Ljava/util/Locale;.toLanguageTag ()Ljava/lang/String;
D/dalvikvm( 1946): VFY: replacing opcode 0x6e at 0x016a
I/dalvikvm( 1946): Could not find method java.util.Locale.toLanguageTag, referenced from method ipl.a
W/dalvikvm( 1946): VFY: unable to resolve virtual method 33842: Ljava/util/Locale;.toLanguageTag ()Ljava/lang/String;
D/dalvikvm( 1946): VFY: replacing opcode 0x6e at 0x0015
I/dalvikvm( 1946): Could not find method java.util.Locale.toLanguageTag, referenced from method ipl.a
W/dalvikvm( 1946): VFY: unable to resolve virtual method 33842: Ljava/util/Locale;.toLanguageTag ()Ljava/lang/String;
D/dalvikvm( 1946): VFY: replacing opcode 0x6e at 0x004f
I/dalvikvm( 1946): Could not find method java.util.Locale.toLanguageTag, referenced from method ipl.a
W/dalvikvm( 1946): VFY: unable to resolve virtual method 33842: Ljava/util/Locale;.toLanguageTag ()Ljava/lang/String;
D/dalvikvm( 1946): VFY: replacing opcode 0x6e at 0x0014
I/dalvikvm( 1946): Could not find method java.util.Locale.toLanguageTag, referenced from method ipl.a
W/dalvikvm( 1946): VFY: unable to resolve virtual method 33842: Ljava/util/Locale;.toLanguageTag ()Ljava/lang/String;
D/dalvikvm( 1946): VFY: replacing opcode 0x6e at 0x001a
I/dalvikvm( 1946): Could not find method java.util.Locale.toLanguageTag, referenced from method ipz.a
W/dalvikvm( 1946): VFY: unable to resolve virtual method 33842: Ljava/util/Locale;.toLanguageTag ()Ljava/lang/String;
D/dalvikvm( 1946): VFY: replacing opcode 0x6e at 0x001c
I/dalvikvm( 1946): Could not find method java.util.Locale.toLanguageTag, referenced from method ipz.c
W/dalvikvm( 1946): VFY: unable to resolve virtual method 33842: Ljava/util/Locale;.toLanguageTag ()Ljava/lang/String;
D/dalvikvm( 1946): VFY: replacing opcode 0x6e at 0x0016
I/dalvikvm( 1946): Could not find method java.util.Locale.toLanguageTag, referenced from method ipz.c
W/dalvikvm( 1946): VFY: unable to resolve virtual method 33842: Ljava/util/Locale;.toLanguageTag ()Ljava/lang/String;
D/dalvikvm( 1946): VFY: replacing opcode 0x6e at 0x0072
I/dalvikvm( 1946): Could not find method java.util.Locale.toLanguageTag, referenced from method ipz.a
W/dalvikvm( 1946): VFY: unable to resolve virtual method 33842: Ljava/util/Locale;.toLanguageTag ()Ljava/lang/String;
D/dalvikvm( 1946): VFY: replacing opcode 0x6e at 0x0061
I/dalvikvm( 1946): Could not find method java.util.Locale.toLanguageTag, referenced from method ipz.a
W/dalvikvm( 1946): VFY: unable to resolve virtual method 33842: Ljava/util/Locale;.toLanguageTag ()Ljava/lang/String;
D/dalvikvm( 1946): VFY: replacing opcode 0x6e at 0x008f
I/dalvikvm( 1946): Could not find method java.util.Locale.toLanguageTag, referenced from method ipz.a
W/dalvikvm( 1946): VFY: unable to resolve virtual method 33842: Ljava/util/Locale;.toLanguageTag ()Ljava/lang/String;
D/dalvikvm( 1946): VFY: replacing opcode 0x6e at 0x0116
I/dalvikvm( 1946): Could not find method java.util.Locale.toLanguageTag, referenced from method ipz.a
W/dalvikvm( 1946): VFY: unable to resolve virtual method 33842: Ljava/util/Locale;.toLanguageTag ()Ljava/lang/String;
D/dalvikvm( 1946): VFY: replacing opcode 0x6e at 0x001a
I/dalvikvm( 1946): Could not find method java.util.Locale.toLanguageTag, referenced from method ipz.a
W/dalvikvm( 1946): VFY: unable to resolve virtual method 33842: Ljava/util/Locale;.toLanguageTag ()Ljava/lang/String;
D/dalvikvm( 1946): VFY: replacing opcode 0x6e at 0x001a
I/dalvikvm( 1946): Could not find method java.util.Locale.toLanguageTag, referenced from method ipz.b
W/dalvikvm( 1946): VFY: unable to resolve virtual method 33842: Ljava/util/Locale;.toLanguageTag ()Ljava/lang/String;
D/dalvikvm( 1946): VFY: replacing opcode 0x6e at 0x000f
I/dalvikvm( 1946): Could not find method java.util.Locale.toLanguageTag, referenced from method ipz.b
W/dalvikvm( 1946): VFY: unable to resolve virtual method 33842: Ljava/util/Locale;.toLanguageTag ()Ljava/lang/String;
D/dalvikvm( 1946): VFY: replacing opcode 0x6e at 0x004c
I/dalvikvm( 1946): Could not find method java.util.Locale.toLanguageTag, referenced from method ipz.c
W/dalvikvm( 1946): VFY: unable to resolve virtual method 33842: Ljava/util/Locale;.toLanguageTag ()Ljava/lang/String;
D/dalvikvm( 1946): VFY: replacing opcode 0x6e at 0x0050
I/dalvikvm( 1946): Could not find method java.util.Locale.toLanguageTag, referenced from method ipz.c
W/dalvikvm( 1946): VFY: unable to resolve virtual method 33842: Ljava/util/Locale;.toLanguageTag ()Ljava/lang/String;
D/dalvikvm( 1946): VFY: replacing opcode 0x6e at 0x007f
I/dalvikvm( 1946): Could not find method java.util.Locale.toLanguageTag, referenced from method ipz.e
W/dalvikvm( 1946): VFY: unable to resolve virtual method 33842: Ljava/util/Locale;.toLanguageTag ()Ljava/lang/String;
D/dalvikvm( 1946): VFY: replacing opcode 0x6e at 0x0039
I/dalvikvm( 1946): Could not find method java.util.Locale.toLanguageTag, referenced from method iqa.a
W/dalvikvm( 1946): VFY: unable to resolve virtual method 33842: Ljava/util/Locale;.toLanguageTag ()Ljava/lang/String;
D/dalvikvm( 1946): VFY: replacing opcode 0x6e at 0x0088
I/dalvikvm( 1946): Could not find method java.util.Locale.toLanguageTag, referenced from method iqa.b
W/dalvikvm( 1946): VFY: unable to resolve virtual method 33842: Ljava/util/Locale;.toLanguageTag ()Ljava/lang/String;
D/dalvikvm( 1946): VFY: replacing opcode 0x6e at 0x0046
I/dalvikvm( 1946): Could not find method java.util.Locale.toLanguageTag, referenced from method iqa.b
W/dalvikvm( 1946): VFY: unable to resolve virtual method 33842: Ljava/util/Locale;.toLanguageTag ()Ljava/lang/String;
D/dalvikvm( 1946): VFY: replacing opcode 0x6e at 0x0017
I/dalvikvm( 1946): Could not find method java.util.Locale.toLanguageTag, referenced from method iqa.c
W/dalvikvm( 1946): VFY: unable to resolve virtual method 33842: Ljava/util/Locale;.toLanguageTag ()Ljava/lang/String;
D/dalvikvm( 1946): VFY: replacing opcode 0x6e at 0x0017
I/dalvikvm( 1946): Could not find method java.util.Locale.toLanguageTag, referenced from method iqi.a
W/dalvikvm( 1946): VFY: unable to resolve virtual method 33842: Ljava/util/Locale;.toLanguageTag ()Ljava/lang/String;
D/dalvikvm( 1946): VFY: replacing opcode 0x6e at 0x0048
I/dalvikvm( 1946): Could not find method java.util.Locale.toLanguageTag, referenced from method iqi.a
W/dalvikvm( 1946): VFY: unable to resolve virtual method 33842: Ljava/util/Locale;.toLanguageTag ()Ljava/lang/String;
D/dalvikvm( 1946): VFY: replacing opcode 0x6e at 0x008c
I/dalvikvm( 1946): Could not find method java.util.Locale.toLanguageTag, referenced from method iqi.a
W/dalvikvm( 1946): VFY: unable to resolve virtual method 33842: Ljava/util/Locale;.toLanguageTag ()Ljava/lang/String;
D/dalvikvm( 1946): VFY: replacing opcode 0x6e at 0x0017
I/dalvikvm( 1946): Could not find method java.util.Locale.toLanguageTag, referenced from method iqp.b
W/dalvikvm( 1946): VFY: unable to resolve virtual method 33842: Ljava/util/Locale;.toLanguageTag ()Ljava/lang/String;
D/dalvikvm( 1946): VFY: replacing opcode 0x6e at 0x005c
I/dalvikvm( 1946): Could not find method java.util.Locale.toLanguageTag, referenced from method ipo.a
W/dalvikvm( 1946): VFY: unable to resolve virtual method 33842: Ljava/util/Locale;.toLanguageTag ()Ljava/lang/String;
D/dalvikvm( 1946): VFY: replacing opcode 0x6e at 0x0014
I/dalvikvm( 1946): Could not find method java.util.Locale.toLanguageTag, referenced from method iqg.a
W/dalvikvm( 1946): VFY: unable to resolve virtual method 33842: Ljava/util/Locale;.toLanguageTag ()Ljava/lang/String;
D/dalvikvm( 1946): VFY: replacing opcode 0x6e at 0x000d
I/dalvikvm( 1946): Could not find method java.util.Locale.toLanguageTag, referenced from method iqg.a
W/dalvikvm( 1946): VFY: unable to resolve virtual method 33842: Ljava/util/Locale;.toLanguageTag ()Ljava/lang/String;
D/dalvikvm( 1946): VFY: replacing opcode 0x6e at 0x0018
I/dalvikvm( 1946): Could not find method java.util.Locale.toLanguageTag, referenced from method iqg.a
W/dalvikvm( 1946): VFY: unable to resolve virtual method 33842: Ljava/util/Locale;.toLanguageTag ()Ljava/lang/String;
D/dalvikvm( 1946): VFY: replacing opcode 0x6e at 0x00ac
I/dalvikvm( 1946): Could not find method java.util.Locale.toLanguageTag, referenced from method iqg.a
W/dalvikvm( 1946): VFY: unable to resolve virtual method 33842: Ljava/util/Locale;.toLanguageTag ()Ljava/lang/String;
D/dalvikvm( 1946): VFY: replacing opcode 0x6e at 0x0015
I/dalvikvm( 1946): Could not find method java.util.Locale.toLanguageTag, referenced from method iqg.a
W/dalvikvm( 1946): VFY: unable to resolve virtual method 33842: Ljava/util/Locale;.toLanguageTag ()Ljava/lang/String;
D/dalvikvm( 1946): VFY: replacing opcode 0x6e at 0x000c
I/dalvikvm( 1946): Could not find method java.util.Locale.toLanguageTag, referenced from method iqg.a
W/dalvikvm( 1946): VFY: unable to resolve virtual method 33842: Ljava/util/Locale;.toLanguageTag ()Ljava/lang/String;
D/dalvikvm( 1946): VFY: replacing opcode 0x6e at 0x0074
I/dalvikvm( 1946): Could not find method java.util.Locale.toLanguageTag, referenced from method iqg.a
W/dalvikvm( 1946): VFY: unable to resolve virtual method 33842: Ljava/util/Locale;.toLanguageTag ()Ljava/lang/String;
D/dalvikvm( 1946): VFY: replacing opcode 0x6e at 0x0024
I/dalvikvm( 1946): Could not find method java.util.Locale.toLanguageTag, referenced from method iqs.a
W/dalvikvm( 1946): VFY: unable to resolve virtual method 33842: Ljava/util/Locale;.toLanguageTag ()Ljava/lang/String;
D/dalvikvm( 1946): VFY: replacing opcode 0x6e at 0x000e
I/dalvikvm( 1946): Could not find method java.util.Locale.toLanguageTag, referenced from method iqs.a
W/dalvikvm( 1946): VFY: unable to resolve virtual method 33842: Ljava/util/Locale;.toLanguageTag ()Ljava/lang/String;
D/dalvikvm( 1946): VFY: replacing opcode 0x6e at 0x0014
I/dalvikvm( 1946): Could not find method java.util.Locale.toLanguageTag, referenced from method iqs.a
W/dalvikvm( 1946): VFY: unable to resolve virtual method 33842: Ljava/util/Locale;.toLanguageTag ()Ljava/lang/String;
D/dalvikvm( 1946): VFY: replacing opcode 0x6e at 0x0147
I/dalvikvm( 1946): Could not find method java.util.Locale.toLanguageTag, referenced from method iqs.a
W/dalvikvm( 1946): VFY: unable to resolve virtual method 33842: Ljava/util/Locale;.toLanguageTag ()Ljava/lang/String;
D/dalvikvm( 1946): VFY: replacing opcode 0x6e at 0x000d
I/dalvikvm( 1946): Could not find method java.util.Locale.toLanguageTag, referenced from method iqs.a
W/dalvikvm( 1946): VFY: unable to resolve virtual method 33842: Ljava/util/Locale;.toLanguageTag ()Ljava/lang/String;
D/dalvikvm( 1946): VFY: replacing opcode 0x6e at 0x000d
I/dalvikvm( 1946): Could not find method java.util.Locale.toLanguageTag, referenced from method iqs.a
W/dalvikvm( 1946): VFY: unable to resolve virtual method 33842: Ljava/util/Locale;.toLanguageTag ()Ljava/lang/String;
D/dalvikvm( 1946): VFY: replacing opcode 0x6e at 0x0052
I/dalvikvm( 1946): Could not find method java.util.Locale.toLanguageTag, referenced from method iqs.a
W/dalvikvm( 1946): VFY: unable to resolve virtual method 33842: Ljava/util/Locale;.toLanguageTag ()Ljava/lang/String;
D/dalvikvm( 1946): VFY: replacing opcode 0x6e at 0x0011
I/dalvikvm( 1946): Could not find method java.util.Locale.toLanguageTag, referenced from method iqs.b
W/dalvikvm( 1946): VFY: unable to resolve virtual method 33842: Ljava/util/Locale;.toLanguageTag ()Ljava/lang/String;
D/dalvikvm( 1946): VFY: replacing opcode 0x6e at 0x0017
I/dalvikvm( 1946): Could not find method java.util.Locale.toLanguageTag, referenced from method iqs.b
W/dalvikvm( 1946): VFY: unable to resolve virtual method 33842: Ljava/util/Locale;.toLanguageTag ()Ljava/lang/String;
D/dalvikvm( 1946): VFY: replacing opcode 0x6e at 0x00a7
I/dalvikvm( 1946): Could not find method java.util.Locale.toLanguageTag, referenced from method iqs.c
W/dalvikvm( 1946): VFY: unable to resolve virtual method 33842: Ljava/util/Locale;.toLanguageTag ()Ljava/lang/String;
D/dalvikvm( 1946): VFY: replacing opcode 0x6e at 0x0017
D/ConnectivityService( 1566): [CheckMp] isMobileOk: newUrl=https://172.217.13.110/generate_204
W/ActivityThread( 1566): ClassLoader.loadClass: The class loader returned by Thread.getContextClassLoader() may fail for processes that host multiple applications. You should explicitly specify a context class loader. For example: Thread.setContextClassLoader(getClass().getClassLoader());
D/ConnectivityService( 1566): [CheckMp] isMobileOk: hostnameVerify retVal=true hostname=172.217.13.110 orgUriHost=clients3.google.com
D/ConnectivityService( 1566): [CheckMp] isMobileOk: headers={null=[HTTP/1.1 204 No Content], Alt-Svc=[h3=":443"; ma=2592000,h3-29=":443"; ma=2592000,h3-T051=":443"; ma=2592000,h3-Q050=":443"; ma=2592000,h3-Q046=":443"; ma=2592000,h3-Q043=":443"; ma=2592000,quic=":443"; ma=2592000; v="46,43"], Connection=[close], Content-Length=[0], Date=[Sun, 15 Aug 2021 16:38:53 GMT], X-Android-Received-Millis=[1629045533456], X-Android-Response-Source=[NETWORK 204], X-Android-Selected-Transport=[http/1.1], X-Android-Sent-Millis=[1629045533444]}
D/ConnectivityService( 1566): [CheckMp] isMobileOk: X got expected responseCode=204 result=1
D/ConnectivityService( 1566): [CheckMp] isMobileOk: F stop hipri
D/ConnectivityService( 1566): stopUsingNetworkFeature: teardown net 0: enableHIPRI
D/MobileDataStateTracker( 1566): default: setEnableFailFastMobileData(enabled=0)
D/MobileDataStateTracker( 1566): hipri: Broadcast received: android.intent.action.ANY_DATA_STATE apnType=hipri
D/MobileDataStateTracker( 1566): hipri: Received state=DISCONNECTED, old=CONNECTED, reason=dataDisabled
D/MobileDataStateTracker( 1566): hipri: setDetailed state, old =CONNECTED and new state=DISCONNECTED
D/ConnectivityService( 1566): ConnectivityChange for mobile_hipri: DISCONNECTED/DISCONNECTED
D/Nat464Xlat( 1566): requiresClat: netType=5, hasIPv4Address=true
I/dalvikvm( 1688): Could not find method android.app.NotificationManager.getCurrentInterruptionFilter, referenced from method nea.b
W/dalvikvm( 1688): VFY: unable to resolve virtual method 2504: Landroid/app/NotificationManager;.getCurrentInterruptionFilter ()I
D/dalvikvm( 1688): VFY: replacing opcode 0x6e at 0x0002
I/ActivityManager( 1566): Resuming delayed broadcast
I/dalvikvm( 1688): Could not find method android.os.UserHandle.isOwner, referenced from method ahls.a
W/dalvikvm( 1688): VFY: unable to resolve virtual method 29745: Landroid/os/UserHandle;.isOwner ()Z
D/dalvikvm( 1688): VFY: replacing opcode 0x6e at 0x000a
D/dalvikvm( 1946): DexOpt: couldn't find static field Landroid/os/Build;.SUPPORTED_ABIS
W/dalvikvm( 1946): VFY: unable to resolve static field 1540 (SUPPORTED_ABIS) in Landroid/os/Build;
D/dalvikvm( 1946): VFY: replacing opcode 0x62 at 0x0307
D/dalvikvm( 1946): DexOpt: couldn't find static field Landroid/os/Build;.SUPPORTED_ABIS
W/dalvikvm( 1946): VFY: unable to resolve static field 1540 (SUPPORTED_ABIS) in Landroid/os/Build;
D/dalvikvm( 1946): VFY: replacing opcode 0x62 at 0x06eb
I/dalvikvm( 1946): Could not find method android.content.Context.isCredentialProtectedStorage, referenced from method bry.j
W/dalvikvm( 1946): VFY: unable to resolve virtual method 2490: Landroid/content/Context;.isCredentialProtectedStorage ()Z
D/dalvikvm( 1946): VFY: replacing opcode 0x6e at 0x0087
I/ActivityManager( 1566): Start proc com.google.android.googlequicksearchbox for broadcast com.google.android.googlequicksearchbox/com.google.android.searchcommon.StartUpReceiver: pid=2209 uid=10013 gids={50013, 3003, 1028, 3002, 1015}
D/dalvikvm( 1688): GC_FOR_ALLOC freed 1404K, 17% free 7473K/9004K, paused 5ms, total 5ms
I/dalvikvm( 1688): Could not find method android.provider.DeviceConfig.getProperty, referenced from method ahlr.a
W/dalvikvm( 1688): VFY: unable to resolve static method 29770: Landroid/provider/DeviceConfig;.getProperty (Ljava/lang/String;Ljava/lang/String;)Ljava/lang/String;
D/dalvikvm( 1688): VFY: replacing opcode 0x71 at 0x0000
I/dalvikvm( 1688): Could not find method android.provider.DeviceConfig.setProperty, referenced from method ahlr.a
W/dalvikvm( 1688): VFY: unable to resolve static method 29771: Landroid/provider/DeviceConfig;.setProperty (Ljava/lang/String;Ljava/lang/String;Ljava/lang/String;Z)Z
D/dalvikvm( 1688): VFY: replacing opcode 0x71 at 0x0000
D/dalvikvm( 1946): GC_FOR_ALLOC freed 957K, 16% free 7234K/8608K, paused 9ms, total 9ms
I/GmsModuleFndr( 1946): Beginning GMS chimera module scan
D/dalvikvm( 1946): DexOpt: couldn't find static field Landroid/os/Build;.SUPPORTED_64_BIT_ABIS
W/dalvikvm( 1946): VFY: unable to resolve static field 1539 (SUPPORTED_64_BIT_ABIS) in Landroid/os/Build;
D/dalvikvm( 1946): VFY: replacing opcode 0x62 at 0x002c
D/dalvikvm( 1946): DexOpt: couldn't find static field Landroid/os/Build;.SUPPORTED_32_BIT_ABIS
W/dalvikvm( 1946): VFY: unable to resolve static field 1538 (SUPPORTED_32_BIT_ABIS) in Landroid/os/Build;
D/dalvikvm( 1946): VFY: replacing opcode 0x62 at 0x0032
I/ModuleSetMgr( 1946): Computing pending module set with APKs: [[AdsFdrDynamite.integ:21460000000], [Cronetdynamite:202414000700], [Dynamiteloader:202414000700], [Dynamitemodulesa:202414000000], [Dynamitemodulesc:202414000000], [Googlecertificates:202414000000], [Mapsdynamite:202414000000], [Measurementdynamite:202414000000]]
D/dalvikvm( 1688): GC_FOR_ALLOC freed 606K, 17% free 7612K/9084K, paused 6ms, total 6ms
I/ModuleSetMgr( 1946): Pending container module APKs: []
I/ModuleSetMgr( 1946): Pending non-container module APKs: []
D/dalvikvm( 1688): GC_FOR_ALLOC freed 255K, 18% free 7629K/9224K, paused 7ms, total 7ms
E/GmsClient( 1946): unable to connect to service: com.google.android.gms.auth.key.retrieval.service.START on com.google.android.gms
W/ActivityManager( 1566): Unable to start service Intent { act=com.google.android.gms.auth.key.retrieval.service.START pkg=com.google.android.gms } U=0: not found
W/ActivityManager( 1566): Unbind failed: could not find connection for android.os.BinderProxy@9d4bd0b0
E/ActivityThread( 2209): Failed to find provider info for com.google.android.partnersetup.rlzappprovider
I/ahlt    ( 1688): updateFromConfigurations using legacy put method [CONTEXT service_id=204 ]
I/dalvikvm( 1946): Could not find method android.app.Activity.getMediaController, referenced from method com.google.android.chimera.ActivityBase.getMediaController
W/dalvikvm( 1946): VFY: unable to resolve virtual method 2155: Landroid/app/Activity;.getMediaController ()Landroid/media/session/MediaController;
D/dalvikvm( 1946): VFY: replacing opcode 0x6e at 0x0002
I/dalvikvm( 1946): Could not find method android.app.Activity.getSearchEvent, referenced from method com.google.android.chimera.ActivityBase.getSearchEvent
W/dalvikvm( 1946): VFY: unable to resolve virtual method 2160: Landroid/app/Activity;.getSearchEvent ()Landroid/view/SearchEvent;
D/dalvikvm( 1946): VFY: replacing opcode 0x6e at 0x0002
W/dalvikvm( 1946): VFY: unable to find class referenced in signature (Landroid/app/VoiceInteractor;)
W/dalvikvm( 1946): VFY: unable to find class referenced in signature (Landroid/app/VoiceInteractor;)
W/dalvikvm( 1946): VFY: unable to find class referenced in signature (Landroid/os/PersistableBundle;)
W/dalvikvm( 1946): VFY: unable to find class referenced in signature (Landroid/os/PersistableBundle;)
W/dalvikvm( 1946): VFY: unable to find class referenced in signature (Landroid/os/PersistableBundle;)
W/dalvikvm( 1946): VFY: unable to find class referenced in signature (Landroid/os/PersistableBundle;)
W/dalvikvm( 1946): VFY: unable to find class referenced in signature (Landroid/app/assist/AssistContent;)
W/dalvikvm( 1946): VFY: unable to find class referenced in signature (Landroid/app/assist/AssistContent;)
W/dalvikvm( 1946): VFY: unable to find class referenced in signature (Landroid/os/PersistableBundle;)
W/dalvikvm( 1946): VFY: unable to find class referenced in signature (Landroid/os/PersistableBundle;)
W/dalvikvm( 1946): VFY: unable to find class referenced in signature (Landroid/os/PersistableBundle;)
W/dalvikvm( 1946): VFY: unable to find class referenced in signature (Landroid/os/PersistableBundle;)
W/dalvikvm( 1946): VFY: unable to find class referenced in signature (Landroid/view/SearchEvent;)
W/dalvikvm( 1946): VFY: unable to find class referenced in signature (Landroid/view/SearchEvent;)
I/dalvikvm( 1946): Could not find method android.app.Activity.requestPermissions, referenced from method com.google.android.chimera.ActivityBase.requestPermissions
W/dalvikvm( 1946): VFY: unable to resolve virtual method 2194: Landroid/app/Activity;.requestPermissions ([Ljava/lang/String;I)V
D/dalvikvm( 1946): VFY: replacing opcode 0x6e at 0x0002
W/dalvikvm( 1946): VFY: unable to find class referenced in signature (Landroid/media/session/MediaController;)
I/dalvikvm( 1946): Could not find method android.app.Activity.setMediaController, referenced from method com.google.android.chimera.ActivityBase.setMediaController
W/dalvikvm( 1946): VFY: unable to resolve virtual method 2205: Landroid/app/Activity;.setMediaController (Landroid/media/session/MediaController;)V
D/dalvikvm( 1946): VFY: replacing opcode 0x6e at 0x0002
E/dalvikvm( 1946): Could not find class 'android.app.ActivityManager$TaskDescription', referenced from method com.google.android.gms.growth.ui.webview.GrowthWebViewChimeraActivity.onCreate
W/dalvikvm( 1946): VFY: unable to resolve new-instance 1205 (Landroid/app/ActivityManager$TaskDescription;) in Lcom/google/android/gms/growth/ui/webview/GrowthWebViewChimeraActivity;
D/dalvikvm( 1946): VFY: replacing opcode 0x22 at 0x00d9
E/BluetoothAdapter( 1688): Bluetooth binder is null
D/dalvikvm( 1946): DexOpt: unable to opt direct call 0x1060 at 0xe6 in Lcom/google/android/gms/growth/ui/webview/GrowthWebViewChimeraActivity;.onCreate
D/dalvikvm( 2209): GC_FOR_ALLOC freed 267K, 10% free 3240K/3572K, paused 2ms, total 2ms
I/ahlt    ( 1688): updateFromConfigurations using legacy put method [CONTEXT service_id=204 ]
D/AlertReceiver( 1996): onReceive: a=android.intent.action.BOOT_COMPLETED Intent { act=android.intent.action.BOOT_COMPLETED flg=0x8000010 cmp=com.google.android.calendar/com.android.calendar.alerts.AlertReceiver (has extras) }
D/dalvikvm( 1946): GC_FOR_ALLOC freed 1241K, 16% free 7407K/8716K, paused 9ms, total 9ms
D/AlertService( 1996): 0 Action = android.intent.action.BOOT_COMPLETED
D/AlertService( 1996): Scheduling next alarm with AlarmScheduler. sEventReminderReceived: null
D/AlarmScheduler( 1996): No events found starting within 1 week.
I/ActivityManager( 1566): Delay finish: com.google.android.calendar/com.android.calendar.alerts.AlertReceiver
I/dalvikvm( 1946): Could not find method android.system.Os.stat, referenced from method brj.a
W/dalvikvm( 1946): VFY: unable to resolve static method 3146: Landroid/system/Os;.stat (Ljava/lang/String;)Landroid/system/StructStat;
D/dalvikvm( 1946): VFY: replacing opcode 0x71 at 0x00d7
D/dalvikvm( 1946): GC_EXPLICIT freed 666K, 16% free 7396K/8716K, paused 2ms+3ms, total 26ms
I/dalvikvm( 1946): Could not find method android.os.UserManager.getUserProfiles, referenced from method ajir.g
W/dalvikvm( 1946): VFY: unable to resolve virtual method 29751: Landroid/os/UserManager;.getUserProfiles ()Ljava/util/List;
D/dalvikvm( 1946): VFY: replacing opcode 0x6e at 0x0018
D/dalvikvm( 1946): GC_EXPLICIT freed 251K, 15% free 7450K/8716K, paused 11ms+2ms, total 27ms
E/PhenotypeRegOp( 1946): Attempting to overwrite config package for com.google.android.gms.games [CONTEXT service_id=231 ]
E/PhenotypeRegOp( 1946): Attempting to overwrite config package for com.google.android.gms.mobile_data_plan [CONTEXT service_id=231 ]
E/PhenotypeRegOp( 1946): Attempting to overwrite config package for com.google.android.gms.signin [CONTEXT service_id=231 ]
E/PhenotypeRegOp( 1946): Attempting to overwrite config package for com.google.android.gms.udc [CONTEXT service_id=231 ]
D/dalvikvm( 1946): GC_EXPLICIT freed 45K, 14% free 7521K/8716K, paused 7ms+5ms, total 21ms
D/dalvikvm( 1946): GC_EXPLICIT freed 381K, 14% free 7509K/8716K, paused 2ms+1ms, total 24ms
D/dalvikvm( 1946): GC_EXPLICIT freed 17K, 14% free 7534K/8716K, paused 1ms+1ms, total 8ms
D/dalvikvm( 1946): GC_EXPLICIT freed 7K, 14% free 7534K/8716K, paused 1ms+1ms, total 8ms
D/dalvikvm( 1946): GC_EXPLICIT freed 7K, 14% free 7534K/8716K, paused 0ms+1ms, total 6ms
D/dalvikvm( 1946): GC_EXPLICIT freed 37K, 14% free 7546K/8716K, paused 1ms+0ms, total 11ms
D/dalvikvm( 1753): GC_EXPLICIT freed 140K, 29% free 5891K/8252K, paused 0ms+1ms, total 4ms
I/GmsModuleFndr( 1946): Beginning GMS chimera module scan
I/ModuleSetMgr( 1946): Computing pending module set with APKs: [[AdsFdrDynamite.integ:21460000000], [Cronetdynamite:202414000700], [Dynamiteloader:202414000700], [Dynamitemodulesa:202414000000], [Dynamitemodulesc:202414000000], [Googlecertificates:202414000000], [Mapsdynamite:202414000000], [Measurementdynamite:202414000000]]
I/ModuleSetMgr( 1946): Pending container module APKs: []
I/ModuleSetMgr( 1946): Pending non-container module APKs: []
W/DynamiteModule( 1946): Local module descriptor class for providerinstaller not found.
W/ProviderHelper( 1946): Unknown dynamite feature providerinstaller
I/DynamiteModule( 1946): Considering local module providerinstaller:0 and remote module providerinstaller:0
W/ProviderInstaller( 1946): Failed to load providerinstaller module: No acceptable module found. Local version is 0 and remote version is 0.
D/dalvikvm( 1946): GC_FOR_ALLOC freed 328K, 14% free 7599K/8784K, paused 7ms, total 7ms
I/dalvikvm-heap( 1946): Grow heap (frag case) to 8.543MB for 1048588-byte allocation
D/dalvikvm( 1946): GC_FOR_ALLOC freed 5K, 13% free 8617K/9812K, paused 22ms, total 22ms
D/dalvikvm( 1946): GC_FOR_ALLOC freed 1047K, 23% free 7569K/9812K, paused 6ms, total 6ms
D/dalvikvm( 1688): GC_FOR_ALLOC freed 1381K, 17% free 7816K/9324K, paused 7ms, total 7ms
D/dalvikvm( 1946): GC_FOR_ALLOC freed 1024K, 23% free 7569K/9812K, paused 6ms, total 6ms
W/DynamiteModule( 1946): Local module descriptor class for providerinstaller not found.
I/DynamiteModule( 1946): Considering local module providerinstaller:0 and remote module providerinstaller:0
W/ProviderInstaller( 1946): Failed to load providerinstaller module: No acceptable module found. Local version is 0 and remote version is 0.
W/DynamiteModule( 1946): Local module descriptor class for providerinstaller not found.
I/DynamiteModule( 1946): Considering local module providerinstaller:0 and remote module providerinstaller:0
W/ProviderInstaller( 1946): Failed to load providerinstaller module: No acceptable module found. Local version is 0 and remote version is 0.
W/DynamiteModule( 1946): Local module descriptor class for providerinstaller not found.
I/DynamiteModule( 1946): Considering local module providerinstaller:0 and remote module providerinstaller:0
W/ProviderInstaller( 1946): Failed to load providerinstaller module: No acceptable module found. Local version is 0 and remote version is 0.
W/DynamiteModule( 1946): Local module descriptor class for providerinstaller not found.
I/DynamiteModule( 1946): Considering local module providerinstaller:0 and remote module providerinstaller:0
W/ProviderInstaller( 1946): Failed to load providerinstaller module: No acceptable module found. Local version is 0 and remote version is 0.
D/dalvikvm( 1946): GC_FOR_ALLOC freed 1120K, 23% free 7585K/9812K, paused 6ms, total 6ms
I/dalvikvm-heap( 1946): Grow heap (frag case) to 8.531MB for 1048588-byte allocation
D/dalvikvm( 1946): GC_FOR_ALLOC freed <1K, 21% free 8609K/10840K, paused 4ms, total 4ms
W/DynamiteModule( 1946): Local module descriptor class for providerinstaller not found.
I/DynamiteModule( 1946): Considering local module providerinstaller:0 and remote module providerinstaller:0
W/ProviderInstaller( 1946): Failed to load providerinstaller module: No acceptable module found. Local version is 0 and remote version is 0.
D/dalvikvm( 1946): GC_FOR_ALLOC freed 1383K, 31% free 7574K/10840K, paused 6ms, total 6ms
W/DynamiteModule( 1946): Local module descriptor class for providerinstaller not found.
I/DynamiteModule( 1946): Considering local module providerinstaller:0 and remote module providerinstaller:0
W/ProviderInstaller( 1946): Failed to load providerinstaller module: No acceptable module found. Local version is 0 and remote version is 0.
I/SystemUpdate( 1946): [Installation,ReceiverIntentOperation] Received intent: Intent { act=com.google.android.gms.update.BASE_MODULE_INIT cat=[targeted_intent_op_prefix:.update.control.ReceiverIntentOperation] cmp=com.google.android.gms/.chimera.GmsIntentOperationService }.
W/dalvikvm( 1946): VFY: unable to find class referenced in signature (Landroid/service/persistentdata/PersistentDataBlockManager;)
E/dalvikvm( 1946): Could not find class 'android.service.persistentdata.PersistentDataBlockManager', referenced from method eyr.a
W/dalvikvm( 1946): VFY: unable to resolve check-cast 972 (Landroid/service/persistentdata/PersistentDataBlockManager;) in Leyr;
D/dalvikvm( 1946): VFY: replacing opcode 0x1f at 0x0022
W/dalvikvm( 1946): VFY: unable to find class referenced in signature (Landroid/service/persistentdata/PersistentDataBlockManager;)
I/dalvikvm( 1946): Could not find method android.service.persistentdata.PersistentDataBlockManager.getMaximumDataBlockSize, referenced from method eyr.a
W/dalvikvm( 1946): VFY: unable to resolve virtual method 4350: Landroid/service/persistentdata/PersistentDataBlockManager;.getMaximumDataBlockSize ()J
D/dalvikvm( 1946): VFY: replacing opcode 0x6e at 0x001e
D/dalvikvm( 1566): GC_FOR_ALLOC freed 954K, 13% free 7325K/8360K, paused 6ms, total 6ms
I/dalvikvm( 1753): Could not find method android.app.admin.DevicePolicyManager.isProfileOwnerApp, referenced from method hbs.c
W/dalvikvm( 1753): VFY: unable to resolve virtual method 2595: Landroid/app/admin/DevicePolicyManager;.isProfileOwnerApp (Ljava/lang/String;)Z
D/dalvikvm( 1753): VFY: replacing opcode 0x6e at 0x0011
I/dalvikvm( 1753): Could not find method android.app.admin.DevicePolicyManager.getProfileOwner, referenced from method hbs.a
W/dalvikvm( 1753): VFY: unable to resolve virtual method 2591: Landroid/app/admin/DevicePolicyManager;.getProfileOwner ()Landroid/content/ComponentName;
D/dalvikvm( 1753): VFY: replacing opcode 0x6e at 0x0012
I/dalvikvm( 1753): Could not find method android.app.NotificationManager.getCurrentInterruptionFilter, referenced from method nea.b
