W/dalvikvm( 1753): VFY: unable to resolve virtual method 2504: Landroid/app/NotificationManager;.getCurrentInterruptionFilter ()I
D/dalvikvm( 1753): VFY: replacing opcode 0x6e at 0x0002
D/dalvikvm( 1946): GC_FOR_ALLOC freed 1472K, 30% free 7651K/10840K, paused 18ms, total 18ms
I/dalvikvm( 1946): Could not find method android.service.persistentdata.PersistentDataBlockManager.read, referenced from method eyr.b
I/Auth    ( 1946): [WorkAccount] update authenticator enabled for boot or update
W/dalvikvm( 1946): VFY: unable to resolve virtual method 4351: Landroid/service/persistentdata/PersistentDataBlockManager;.read ()[B
D/dalvikvm( 1946): VFY: replacing opcode 0x6e at 0x000d
I/dalvikvm( 1688): Could not find method android.os.UserManager.isManagedProfile, referenced from method ffl.a
W/dalvikvm( 1688): VFY: unable to resolve virtual method 4277: Landroid/os/UserManager;.isManagedProfile ()Z
D/dalvikvm( 1688): VFY: replacing opcode 0x6e at 0x0024
I/dalvikvm( 1688): Could not find method android.app.admin.DevicePolicyManager.isProfileOwnerApp, referenced from method hbs.c
W/dalvikvm( 1688): VFY: unable to resolve virtual method 2595: Landroid/app/admin/DevicePolicyManager;.isProfileOwnerApp (Ljava/lang/String;)Z
D/dalvikvm( 1688): VFY: replacing opcode 0x6e at 0x0011
I/dalvikvm( 1688): Could not find method android.app.admin.DevicePolicyManager.getProfileOwner, referenced from method hbs.a
W/dalvikvm( 1688): VFY: unable to resolve virtual method 2591: Landroid/app/admin/DevicePolicyManager;.getProfileOwner ()Landroid/content/ComponentName;
D/dalvikvm( 1688): VFY: replacing opcode 0x6e at 0x0012
W/DynamiteModule( 1946): Local module descriptor class for providerinstaller not found.
I/DynamiteModule( 1946): Considering local module providerinstaller:0 and remote module providerinstaller:0
W/ProviderInstaller( 1946): Failed to load providerinstaller module: No acceptable module found. Local version is 0 and remote version is 0.
I/dalvikvm( 1946): Could not find method android.app.admin.DevicePolicyManager.isProfileOwnerApp, referenced from method hbs.c
W/dalvikvm( 1946): VFY: unable to resolve virtual method 2595: Landroid/app/admin/DevicePolicyManager;.isProfileOwnerApp (Ljava/lang/String;)Z
D/dalvikvm( 1946): VFY: replacing opcode 0x6e at 0x0011
I/dalvikvm( 1946): Could not find method android.app.admin.DevicePolicyManager.getProfileOwner, referenced from method hbs.a
W/dalvikvm( 1946): VFY: unable to resolve virtual method 2591: Landroid/app/admin/DevicePolicyManager;.getProfileOwner ()Landroid/content/ComponentName;
D/dalvikvm( 1946): VFY: replacing opcode 0x6e at 0x0012
I/Auth    ( 1688): [WorkAccountServiceImpl] init work authenticator
W/WakefulBroadcastReceiv.( 1753): No active wake lock id #2
I/SystemUpdate( 1946): [Execution,InstallationEventIntentOperation] Handling event of type 1.
D/dalvikvm( 1946): GC_FOR_ALLOC freed 639K, 21% free 8575K/10840K, paused 44ms, total 44ms
I/SystemUpdate( 1946): [Execution,InstallationIntentOperation] Received intent: Intent { act=com.google.android.gms.update.INSTALL_UPDATE cat=[targeted_intent_op_prefix:.update.execution.InstallationIntentOperation] cmp=com.google.android.gms/.chimera.GmsIntentOperationService }.
I/SystemUpdate( 1946): [Execution,ExecutionManager] Action finished-execution executed for 0.00 seconds.
D/dalvikvm( 1946): GC_EXPLICIT freed 1218K, 13% free 7594K/8716K, paused 2ms+1ms, total 15ms
D/dalvikvm( 1753): GC_EXPLICIT freed 488K, 27% free 6037K/8252K, paused 0ms+0ms, total 5ms
D/dalvikvm( 1946): GC_EXPLICIT freed 59K, 13% free 7609K/8716K, paused 1ms+1ms, total 13ms
E/dalvikvm( 1688): Could not find class 'android.app.usage.UsageStatsManager', referenced from method vha.a
W/dalvikvm( 1688): VFY: unable to resolve const-class 1242 (Landroid/app/usage/UsageStatsManager;) in Lvha;
D/dalvikvm( 1688): VFY: replacing opcode 0x1c at 0x0009
D/dalvikvm( 1946): GC_EXPLICIT freed 188K, 12% free 7745K/8716K, paused 0ms+5ms, total 26ms
I/Auth    ( 1946): [SupervisedAccountIntentOperation] onHandleIntent(): android.intent.action.BOOT_COMPLETED
I/PackageManager( 1566): Running dexopt on: com.google.android.gsf.login
W/linker  ( 2253): libdvm.so has text relocations. This is wasting memory and is a security risk. Please fix.
D/dalvikvm( 1946): GC_EXPLICIT freed 38K, 11% free 7784K/8716K, paused 1ms+0ms, total 8ms
D/dalvikvm( 1946): GC_EXPLICIT freed 6K, 11% free 7785K/8716K, paused 0ms+0ms, total 7ms
D/dalvikvm( 1946): GC_EXPLICIT freed 13K, 11% free 7779K/8716K, paused 0ms+0ms, total 6ms
D/dalvikvm( 1946): GC_EXPLICIT freed 7K, 11% free 7778K/8716K, paused 0ms+1ms, total 6ms
D/dalvikvm( 1946): GC_EXPLICIT freed 6K, 11% free 7778K/8716K, paused 1ms+0ms, total 7ms
I/GmsModuleFndr( 1946): Beginning GMS chimera module scan
I/ModuleSetMgr( 1946): Computing pending module set with APKs: [[AdsFdrDynamite.integ:21460000000], [Cronetdynamite:202414000700], [Dynamiteloader:202414000700], [Dynamitemodulesa:202414000000], [Dynamitemodulesc:202414000000], [Googlecertificates:202414000000], [Mapsdynamite:202414000000], [Measurementdynamite:202414000000]]
I/ModuleSetMgr( 1946): Pending container module APKs: []
I/ModuleSetMgr( 1946): Pending non-container module APKs: []
D/dalvikvm( 2253): DexOpt: load 7ms, verify+opt 28ms, 1145084 bytes
I/dalvikvm( 1946): Could not find method android.app.admin.DevicePolicyManager.getProfileOwner, referenced from method com.google.android.gms.auth.managed.intentoperations.SetupWorkProfileSettingsIntentOperation.a
W/dalvikvm( 1946): VFY: unable to resolve virtual method 2591: Landroid/app/admin/DevicePolicyManager;.getProfileOwner ()Landroid/content/ComponentName;
D/dalvikvm( 1946): VFY: replacing opcode 0x6e at 0x0028
I/AutofillModuleInitInten( 1946): AutofillModuleInitIntentOperation onInitRuntimeState(3) [CONTEXT service_id=177 ]
I/Auth    ( 1946): [AuthManaged,PasswordComplexityHelperImpl] Updating password complexity components state.
D/dalvikvm( 1688): GC_FOR_ALLOC freed 1617K, 19% free 7832K/9576K, paused 18ms, total 18ms
I/Auth    ( 1946): [AuthManaged,PasswordComplexityHelperImpl] Enabling com.google.android.gms.auth.managed.ui.SetNewPasswordActivity
I/Auth    ( 1946): [AuthManaged,PasswordComplexityHelperImpl] Enabling com.google.android.gms.auth.managed.admin.DeviceAdminReceiver
I/BackupPreLmp( 1946): [ComponentEnabler] Enabling pre-L components
V/BackupPreLmp( 1946): [ComponentEnabler] Enabling Component: com.google.android.gms.backup.component.D2dPreLSourceActivity
I/Authzen ( 1946): [AuthZenEventHandler] Handling event: android.intent.action.BOOT_COMPLETED
I/Authzen ( 1946): [TransactionCache] Clearing transaction cache
V/AlarmClock( 2014): AlarmInitReceiver android.intent.action.BOOT_COMPLETED
I/ActivityManager( 1566): Resuming delayed broadcast
D/dalvikvm( 2014): GC_FOR_ALLOC freed 431K, 14% free 3067K/3564K, paused 3ms, total 3ms
V/AlarmClock( 2014): AlarmInitReceiver - Reset timers and clear stopwatch data
I/AlarmClock( 2014): Displaying next alarm time: ''
V/AlarmClock( 2014): AlarmInitReceiver finished
E/JavaBinder( 1946): !!! FAILED BINDER TRANSACTION !!!
I/ActivityManager( 1566): Start proc com.android.email for broadcast com.android.email/.service.EmailBroadcastReceiver: pid=2259 uid=10026 gids={50026, 3003, 1028, 1015}
I/ChromeSync( 1946): [Sync,SyncIntentOperation] Handling the intent: Intent { act=android.intent.action.BOOT_COMPLETED flg=0x8000010 cmp=com.google.android.gms/.chimera.GmsIntentOperationService (has extras) }.
I/CCTBootCount( 1688): (BOOT_COMPLETE intent)Device boot count in Clearcut increased.
I/Checkin ( 1946): [EventLogChimeraService] Opted in for usage reporting: false
D/dalvikvm( 1753): GC_EXPLICIT freed 147K, 27% free 6044K/8252K, paused 0ms+0ms, total 16ms
I/Checkin ( 1946): [EventLogChimeraService] Accumulating logs since 1629045531678
I/dalvikvm( 1946): Failed resolving Lnkj; interface 845 'Landroid/net/ConnectivityManager$OnNetworkActiveListener;'
W/dalvikvm( 1946): Link of class 'Lnkj;' failed
I/dalvikvm( 1946): Could not find method nkj.a, referenced from method com.google.android.gms.common.stats.GmsCoreStatsChimeraService.onCreate
W/dalvikvm( 1946): VFY: unable to resolve static method 54667: Lnkj;.a ()Lnkj;
D/dalvikvm( 1946): VFY: replacing opcode 0x71 at 0x0009
I/dalvikvm( 1946): Failed resolving Lnkj; interface 845 'Landroid/net/ConnectivityManager$OnNetworkActiveListener;'
W/dalvikvm( 1946): Link of class 'Lnkj;' failed
I/dalvikvm( 1946): Could not find method nkj.a, referenced from method com.google.android.gms.common.stats.GmsCoreStatsChimeraService.onDestroy
W/dalvikvm( 1946): VFY: unable to resolve static method 54667: Lnkj;.a ()Lnkj;
D/dalvikvm( 1946): VFY: replacing opcode 0x71 at 0x0009
I/NetworkScheduler( 1688): Using standalone scheduling engine [CONTEXT service_id=218 ]
I/dalvikvm( 1688): Failed resolving Lnkj; interface 845 'Landroid/net/ConnectivityManager$OnNetworkActiveListener;'
W/dalvikvm( 1688): Link of class 'Lnkj;' failed
I/dalvikvm( 1688): Could not find method nkj.a, referenced from method com.google.android.gms.common.stats.GmsCoreStatsChimeraService.onCreate
W/dalvikvm( 1688): VFY: unable to resolve static method 54667: Lnkj;.a ()Lnkj;
D/dalvikvm( 1688): VFY: replacing opcode 0x71 at 0x0009
I/dalvikvm( 1688): Failed resolving Lnkj; interface 845 'Landroid/net/ConnectivityManager$OnNetworkActiveListener;'
W/dalvikvm( 1688): Link of class 'Lnkj;' failed
I/dalvikvm( 1688): Could not find method nkj.a, referenced from method com.google.android.gms.common.stats.GmsCoreStatsChimeraService.onDestroy
W/dalvikvm( 1688): VFY: unable to resolve static method 54667: Lnkj;.a ()Lnkj;
D/dalvikvm( 1688): VFY: replacing opcode 0x71 at 0x0009
I/constellation( 1946): [intent_handler] Received onBootCompleted intent
I/constellation( 1946): [reboot_checker] Reboot checker check status.
I/constellation( 1946): [reboot_checker] reboot checker is disabled.
I/constellation( 1946): [intent_handler] on init with intent Intent { act=android.intent.action.BOOT_COMPLETED flg=0x8000010 cmp=com.google.android.gms/.chimera.GmsIntentOperationService (has extras) }
I/Checkin ( 1946): [CheckinOperation] Starting Checkin: Default Task Reason : 1 Force : false UserId : 0 Start time : 10395
I/dalvikvm( 1946): Could not find method android.net.ConnectivityManager.getAllNetworks, referenced from method npq.a
W/dalvikvm( 1946): VFY: unable to resolve virtual method 3870: Landroid/net/ConnectivityManager;.getAllNetworks ()[Landroid/net/Network;
D/dalvikvm( 1946): VFY: replacing opcode 0x6e at 0x0025
I/dalvikvm( 1946): Could not find method android.net.ConnectivityManager.isDefaultNetworkActive, referenced from method npq.e
W/dalvikvm( 1946): VFY: unable to resolve virtual method 3874: Landroid/net/ConnectivityManager;.isDefaultNetworkActive ()Z
D/dalvikvm( 1946): VFY: replacing opcode 0x6e at 0x000d
I/CheckinUtil( 1946): Classify the device as Phone. [CONTEXT service_id=130 ]
D/dalvikvm( 1946): GC_EXPLICIT freed 1156K, 14% free 8246K/9508K, paused 1ms+4ms, total 30ms
I/ActivityManager( 1566): Delay finish: com.android.email/.service.EmailBroadcastReceiver
D/dalvikvm( 1566): GC_FOR_ALLOC freed 1032K, 13% free 7383K/8484K, paused 12ms, total 12ms
I/Fido    ( 1946): [FidoInitIntentOperation] Initializing Fido module, InitRuntimeState=3
I/Ads     ( 1946): Parental control value is stale. Refreshing.
W/Ads     ( 1946): Play store is not installed or the service for parental controls is not available.
I/Ads     ( 1946): Initialized AdMob in container 20.24.14 (000700-319035315)
E/dalvikvm( 1946): Could not find class 'android.app.usage.UsageStatsManager', referenced from method vha.a
W/dalvikvm( 1946): VFY: unable to resolve const-class 1242 (Landroid/app/usage/UsageStatsManager;) in Lvha;
D/dalvikvm( 1946): VFY: replacing opcode 0x1c at 0x0009
I/dalvikvm( 2102): Could not find method android.os.UserManager.isManagedProfile, referenced from method nmn.g
W/dalvikvm( 2102): VFY: unable to resolve virtual method 4277: Landroid/os/UserManager;.isManagedProfile ()Z
D/dalvikvm( 2102): VFY: replacing opcode 0x6e at 0x0012
I/dalvikvm( 2102): Could not find method android.app.admin.DevicePolicyManager.getAccountTypesWithManagementDisabled, referenced from method nmn.i
W/dalvikvm( 2102): VFY: unable to resolve virtual method 2586: Landroid/app/admin/DevicePolicyManager;.getAccountTypesWithManagementDisabled ()[Ljava/lang/String;
D/dalvikvm( 2102): VFY: replacing opcode 0x6e at 0x002b
I/dalvikvm( 2102): Could not find method android.accounts.AccountManager.removeAccount, referenced from method ymq.c
W/dalvikvm( 2102): VFY: unable to resolve virtual method 4165: Landroid/accounts/AccountManager;.removeAccount (Landroid/accounts/Account;Landroid/app/Activity;Landroid/accounts/AccountManagerCallback;Landroid/os/Handler;)Landroid/accounts/AccountManagerFuture;
D/dalvikvm( 2102): VFY: replacing opcode 0x6e at 0x0009
I/dalvikvm( 2102): Could not find method android.accounts.AccountManager.removeAccountExplicitly, referenced from method ymq.d
W/dalvikvm( 2102): VFY: unable to resolve virtual method 4166: Landroid/accounts/AccountManager;.removeAccountExplicitly (Landroid/accounts/Account;)Z
D/dalvikvm( 2102): VFY: replacing opcode 0x6e at 0x0008
D/dalvikvm( 1566): GC_FOR_ALLOC freed 129K, 13% free 7383K/8484K, paused 14ms, total 14ms
I/dalvikvm-heap( 1566): Grow heap (frag case) to 7.362MB for 89574-byte allocation
D/dalvikvm( 1566): GC_FOR_ALLOC freed <1K, 13% free 7471K/8572K, paused 14ms, total 14ms
I/dalvikvm( 2102): Could not find method android.os.PowerManager.isInteractive, referenced from method nol.a
W/dalvikvm( 2102): VFY: unable to resolve virtual method 4227: Landroid/os/PowerManager;.isInteractive ()Z
D/dalvikvm( 2102): VFY: replacing opcode 0x6e at 0x0006
I/Checkin ( 1946): [AndroidCheckinProtoModule] Checkin reason type: 1 attempt count: 1.
D/dalvikvm( 1753): GC_EXPLICIT freed 137K, 27% free 6051K/8252K, paused 0ms+1ms, total 8ms
D/dalvikvm( 1688): GC_FOR_ALLOC freed 1631K, 19% free 7838K/9596K, paused 55ms, total 59ms
D/dalvikvm( 1566): GC_FOR_ALLOC freed 222K, 14% free 7422K/8572K, paused 8ms, total 8ms
I/dalvikvm-heap( 1566): Grow heap (frag case) to 7.442MB for 134358-byte allocation
D/dalvikvm( 1566): GC_FOR_ALLOC freed 89K, 15% free 7464K/8704K, paused 7ms, total 7ms
W/ActivityManager( 1566): Unable to start service Intent { cmp=com.android.email/.service.AttachmentDownloadService } U=0: not found
D/dalvikvm( 1688): GC_FOR_ALLOC freed 321K, 19% free 7838K/9596K, paused 12ms, total 12ms
I/ActivityManager( 1566): Delaying start of: ServiceRecord{9d4b3700 u0 com.android.exchange/.service.EmailSyncAdapterService}
D/dalvikvm( 1688): GC_FOR_ALLOC freed 43K, 19% free 7816K/9596K, paused 8ms, total 8ms
I/Email   ( 2259): Observing account changes for notifications
I/dalvikvm( 1688): Could not find method android.os.PowerManager.isPowerSaveMode, referenced from method ajlz.a
I/dalvikvm( 1688): Could not find method android.content.Context.createDeviceProtectedStorageContext, referenced from method vhu.a
W/dalvikvm( 1688): VFY: unable to resolve virtual method 4497: Landroid/content/Context;.createDeviceProtectedStorageContext ()Landroid/content/Context;
D/dalvikvm( 1688): VFY: replacing opcode 0x6e at 0x001b
I/ActivityManager( 1566): Start proc com.android.exchange for service com.android.exchange/.service.EmailSyncAdapterService: pid=2297 uid=10027 gids={50027, 3003, 1028, 1015}
W/dalvikvm( 1688): VFY: unable to resolve virtual method 29694: Landroid/os/PowerManager;.isPowerSaveMode ()Z
D/dalvikvm( 1688): VFY: replacing opcode 0x6e at 0x007d
I/NewModuleOp( 1946): Schedule LanguageProfileGcmTaskChimeraService tasks. [CONTEXT service_id=167 ]
D/dalvikvm( 1688): GC_FOR_ALLOC freed 295K, 19% free 7847K/9596K, paused 28ms, total 28ms
I/DownloadManager( 1673): Download 13 starting
I/dalvikvm( 1688): Could not find method android.hardware.SensorManager.getDefaultSensor, referenced from method ttr.a
W/dalvikvm( 1688): VFY: unable to resolve virtual method 4967: Landroid/hardware/SensorManager;.getDefaultSensor (IZ)Landroid/hardware/Sensor;
D/dalvikvm( 1688): VFY: replacing opcode 0x6e at 0x00b6
W/ActivityThread( 1673): ClassLoader.loadClass: The class loader returned by Thread.getContextClassLoader() may fail for processes that host multiple applications. You should explicitly specify a context class loader. For example: Thread.setContextClassLoader(getClass().getClassLoader());
D/dalvikvm( 2102): GC_FOR_ALLOC freed 704K, 33% free 5656K/8440K, paused 16ms, total 16ms
I/LPGcmTaskChimeraService( 1946): Unscheduling sync tasks. [CONTEXT service_id=167 ]
I/Icing   ( 1946): Using regular flags by method 2
W/dalvikvm( 1688): VFY: unable to find class referenced in signature (Landroid/net/Network;)
W/dalvikvm( 1688): VFY: unable to find class referenced in signature (Landroid/net/Network;)
I/dalvikvm( 1688): Could not find method android.net.Network.openConnection, referenced from method wna.a
W/dalvikvm( 1688): VFY: unable to resolve virtual method 5072: Landroid/net/Network;.openConnection (Ljava/net/URL;)Ljava/net/URLConnection;
D/dalvikvm( 1688): VFY: replacing opcode 0x6e at 0x008f
D/        ( 2102): HostConnection::get() New Host Connection established 0xb7bc8ef0, tid 2128
I/LauncherIconVisibilityManager( 1656): Boot has been completed
I/LauncherIconVisibilityManager( 1656): Activity has already been disabled: ComponentInfo{com.google.android.inputmethod.latin/com.android.inputmethod.latin.setup.SetupActivity}
I/ActivityManager( 1566): Resuming delayed broadcast
I/Notifications( 2067): [ChimeBroadcastReceiver] Intent received for action [android.intent.action.BOOT_COMPLETED] package [com.google.android.play.games].
I/Notifications( 2067): [ChimeBroadcastReceiver] Validation OK for action [android.intent.action.BOOT_COMPLETED].
D/dalvikvm( 1946): GC_FOR_ALLOC freed 1283K, 14% free 8721K/10132K, paused 25ms, total 25ms
D/dalvikvm( 1688): GC_FOR_ALLOC freed 743K, 17% free 8042K/9596K, paused 24ms, total 24ms
D/EGL_emulation( 2102): eglCreateContext: 0xb7bba5f0: maj 3 min 0 rcv 3
D/EGL_emulation( 2102): eglMakeCurrent: 0xb7bba5f0: ver 3 0
E/eglCodecCommon( 2102): glUtilsParamSize: unknow param 0x00008cdf
E/eglCodecCommon( 2102): glUtilsParamSize: unknow param 0x00008824
I/Notifications( 2067): [ChimeBroadcastReceiver] Executing action in Service [android.intent.action.BOOT_COMPLETED].
I/MobileDataHub( 1946): Scheduling periodic tasks
D/EGL_emulation( 2102): eglCreateContext: 0xb7baff50: maj 3 min 0 rcv 3
I/MdiSyncModule( 1946): initializing module...
D/EGL_emulation( 2102): eglMakeCurrent: 0xb7baff50: ver 3 0
E/eglCodecCommon( 2102): glUtilsParamSize: unknow param 0x00008cdf
E/eglCodecCommon( 2102): glUtilsParamSize: unknow param 0x00008824
I/MS_Utils( 1946): version of com.google.android.apps.maps = 704001123
I/dalvikvm( 1946): Could not find method java.util.Locale.forLanguageTag, referenced from method arfv.a
W/dalvikvm( 1946): VFY: unable to resolve static method 57637: Ljava/util/Locale;.forLanguageTag (Ljava/lang/String;)Ljava/util/Locale;
D/dalvikvm( 1946): VFY: replacing opcode 0x71 at 0x0023
D/dalvikvm( 1673): GC_FOR_ALLOC freed 368K, 12% free 3372K/3800K, paused 2ms, total 2ms
I/Icing   ( 1946): IndexChimeraService.getServiceInterface callingPackage=com.google.android.gms componentName=null serviceId=36
D/dalvikvm( 1566): GC_FOR_ALLOC freed 499K, 14% free 7499K/8704K, paused 19ms, total 20ms
I/dalvikvm-heap( 1566): Grow heap (frag case) to 7.582MB for 201534-byte allocation
D/dalvikvm( 1566): GC_FOR_ALLOC freed 7K, 14% free 7689K/8904K, paused 10ms, total 10ms
I/Icing   ( 1946): Storage manager: low false usage 1.60MB avail 601.89MB capacity 753.91MB
D/dalvikvm( 1566): GC_FOR_ALLOC freed 169K, 16% free 7550K/8904K, paused 9ms, total 9ms
I/GmsSyncPolicyEngine( 1946): Periodic sync 3 disabled
I/MdiSyncModule( 1946): module initialization completed
I/dalvikvm( 1946): Could not find method java.util.Locale.toLanguageTag, referenced from method ablz.a
W/dalvikvm( 1946): VFY: unable to resolve virtual method 19297: Ljava/util/Locale;.toLanguageTag ()Ljava/lang/String;
D/dalvikvm( 1946): VFY: replacing opcode 0x6e at 0x0006
I/dalvikvm( 1688): Could not find method android.os.PowerManager.isInteractive, referenced from method nol.a
W/dalvikvm( 1688): VFY: unable to resolve virtual method 4227: Landroid/os/PowerManager;.isInteractive ()Z
D/dalvikvm( 1688): VFY: replacing opcode 0x6e at 0x0006
W/MobileDataHub( 1946): [Service] appsupload-periodic periodic task disabled
W/ProviderHelper( 1688): Unknown dynamite feature providerinstaller
I/DynamiteModule( 1688): Considering local module providerinstaller:0 and remote module providerinstaller:0
I/DynamiteModule( 1688): Considering local module providerinstaller:0 and remote module providerinstaller:0
D/EGL_emulation( 2102): eglCreateContext: 0xb7c11c30: maj 3 min 0 rcv 3
D/EGL_emulation( 2102): eglMakeCurrent: 0xb7c11c30: ver 3 0
E/eglCodecCommon( 2102): glUtilsParamSize: unknow param 0x00008cdf
E/eglCodecCommon( 2102): glUtilsParamSize: unknow param 0x00008824
D/dalvikvm( 1688): GC_FOR_ALLOC freed 1534K, 17% free 8200K/9864K, paused 24ms, total 24ms
D/EGL_emulation( 2102): eglCreateContext: 0xb7c11c30: maj 3 min 0 rcv 3
D/EGL_emulation( 2102): eglMakeCurrent: 0xb7c11c30: ver 3 0
E/eglCodecCommon( 2102): glUtilsParamSize: unknow param 0x00008cdf
E/eglCodecCommon( 2102): glUtilsParamSize: unknow param 0x00008824
D/dalvikvm( 1753): GC_EXPLICIT freed 158K, 27% free 6056K/8252K, paused 1ms+104ms, total 119ms
D/dalvikvm( 1688): GC_FOR_ALLOC freed 1419K, 16% free 8497K/10080K, paused 35ms, total 36ms
I/ChimeraSrvcProxy( 1688): com.google.android.gms.chimera.PersistentBoundBrokerService returning NullBinder for action com.google.android.gms.ipa.smsindexer.PERSISTENT_START
I/Herrevad( 1688): [61] wkz.a: updateListenState
D/dalvikvm( 1946): GC_FOR_ALLOC freed 1813K, 18% free 8843K/10784K, paused 100ms, total 101ms
I/dalvikvm( 1946): Could not find method java.util.Locale.toLanguageTag, referenced from method com.google.android.libraries.matchstick.net.SilentRegisterIntentOperation.a
W/dalvikvm( 1946): VFY: unable to resolve virtual method 57646: Ljava/util/Locale;.toLanguageTag ()Ljava/lang/String;
D/dalvikvm( 1946): VFY: replacing opcode 0x6e at 0x0066
W/ActivityManager( 1566): Unable to start service Intent { act=com.google.android.gms.nearby.discovery:ACTION_INIT_MESSAGES_PATH cmp=com.google.android.gms/.nearby.discovery.service.DiscoveryService } U=0: not found
D/dalvikvm( 1566): GC_FOR_ALLOC freed 1284K, 17% free 7408K/8904K, paused 12ms, total 13ms
E/WakeLock( 1946): DG:service ** IS FORCE-RELEASED ON TIMEOUT **
I/NearbyDiscovery( 1946): FastPair: HeadsetPieceImage, grant permission files:0 [CONTEXT service_id=49 ]
I/NearbySharing( 1946): Runtime state initialization complete. Sharing is disabled. [CONTEXT service_id=194 ]
D/dalvikvm( 1688): GC_FOR_ALLOC freed 1951K, 20% free 8406K/10484K, paused 52ms, total 55ms
D/dalvikvm( 1673): GC_FOR_ALLOC freed 556K, 16% free 3327K/3944K, paused 10ms, total 10ms
W/Conscrypt( 1946): Could not set socket write timeout: java.net.SocketException: Socket closed
W/Conscrypt( 1946): 	at com.google.android.gms.org.conscrypt.Platform.setSocketWriteTimeout(:com.google.android.gms@202414005@20.24.14 (000700-319035315):2)
W/Conscrypt( 1946): 	at com.google.android.gms.org.conscrypt.ConscryptFileDescriptorSocket.setSoWriteTimeout(:com.google.android.gms@202414005@20.24.14 (000700-319035315):0)
D/dalvikvm( 1688): GC_FOR_ALLOC freed 1621K, 19% free 8595K/10484K, paused 43ms, total 43ms
D/dalvikvm( 2102): GC_FOR_ALLOC freed 934K, 34% free 5611K/8440K, paused 10ms, total 16ms
D/dalvikvm( 1566): GC_FOR_ALLOC freed 1104K, 17% free 7411K/8904K, paused 39ms, total 39ms
D/AlertReceiver( 1996): onReceive: a=android.intent.action.PROVIDER_CHANGED Intent { act=android.intent.action.PROVIDER_CHANGED dat=content://com.android.calendar flg=0x10 cmp=com.google.android.calendar/com.android.calendar.alerts.AlertReceiver }
I/ActivityManager( 1566): Delay finish: com.google.android.calendar/com.android.calendar.alerts.AlertReceiver
I/DeletedNullContactsCleanup( 1946): Scheduling the service.
W/native  ( 1946): model-utils.cc:23 No CRC32, most likely an old model; skip CRC32 check
D/AlertService( 1996): 0 Action = android.intent.action.PROVIDER_CHANGED
W/Conscrypt( 1946): Could not set socket write timeout: java.net.SocketException: Socket closed
I/native  ( 1946): permission-checker.cc:74 Creating PermissionChecker based on ACL with config_version 1 having 8 permissions defined.
W/Conscrypt( 1946): 	at com.google.android.gms.org.conscrypt.Platform.setSocketWriteTimeout(:com.google.android.gms@202414005@20.24.14 (000700-319035315):2)
W/Conscrypt( 1946): 	at com.google.android.gms.org.conscrypt.ConscryptFileDescriptorSocket.setSoWriteTimeout(:com.google.android.gms@202414005@20.24.14 (000700-319035315):0)
I/ahlt    ( 1688): updateFromConfigurations using legacy put method [CONTEXT service_id=204 ]
I/FA-SVC  ( 1946): App measurement initialized, version: 202414
W/native  ( 1946): words-map.cc:30 INVALID_ARGUMENT: Empty URI
W/native  ( 1946): words-map.cc:34 WordsMap was not properly initialized
D/dalvikvm( 1946): GC_FOR_ALLOC freed 1171K, 12% free 9645K/10944K, paused 26ms, total 26ms
W/MDM     ( 1946): [67] aamr.c: Device admin action is a no-op. Action: true
I/DownloadManager( 1673): Download 13 finished with status SUCCESS
I/LockboxService( 1688): Completed task: true [CONTEXT service_id=26 ]
V/SmartDevice( 1946): [service,SmartDeviceIntentHandlers] OnUpgradeOrBootOperation got intent: Intent { act=android.intent.action.BOOT_COMPLETED flg=0x8000010 cmp=com.google.android.gms/.chimera.GmsIntentOperationService (has extras) } with flag 3
D/dalvikvm( 1753): GC_EXPLICIT freed 148K, 27% free 6056K/8252K, paused 1ms+1ms, total 21ms
I/BackupAndSyncValidation( 1946): Scheduling the service.
I/dalvikvm( 1688): Could not find method android.os.UserManager.getUserProfiles, referenced from method alze.a
W/dalvikvm( 1688): VFY: unable to resolve virtual method 29751: Landroid/os/UserManager;.getUserProfiles ()Ljava/util/List;
D/dalvikvm( 1688): VFY: replacing opcode 0x6e at 0x006a
D/dalvikvm( 1566): GC_FOR_ALLOC freed 1101K, 17% free 7418K/8904K, paused 19ms, total 20ms
I/PeopleInitIntentOp( 1946): Not initializing debuggability [CONTEXT service_id=5 ]
I/TelephonySpam( 1946): TelephonySpamInit - On boot completed TelephonySpam module initialized
I/TelephonySpam( 1946): TelephonySpamInit - onModuleUpdated TelephonySpam module initialized
I/TelephonySpam( 1946): SpamListSync - scheduleSyncTasks
I/TelephonySpam( 1946): SpamListSync - schedulePeriodicTask
D/dalvikvm( 1688): GC_FOR_ALLOC freed 1890K, 20% free 8595K/10612K, paused 22ms, total 22ms
E/dalvikvm( 1688): Could not find class 'android.telephony.SubscriptionManager', referenced from method amlx.a
W/dalvikvm( 1688): VFY: unable to resolve check-cast 8088 (Landroid/telephony/SubscriptionManager;) in Lamlx;
D/dalvikvm( 1688): VFY: replacing opcode 0x1f at 0x0016
I/TelephonySpam( 1946): SpamListSync - scheduleOneTimeTask
I/dalvikvm( 1946): Could not find method android.os.UserManager.getUserProfiles, referenced from method apwh.b
W/dalvikvm( 1946): VFY: unable to resolve virtual method 29751: Landroid/os/UserManager;.getUserProfiles ()Ljava/util/List;
D/dalvikvm( 1946): VFY: replacing opcode 0x6e at 0x005b
D/ConnectivityService( 1566): handleInetConditionHoldEnd: net=0, condition=100, published condition=0
I/ahlt    ( 1688): updateFromConfigurations using legacy put method [CONTEXT service_id=204 ]
D/dalvikvm( 1946): DexOpt: couldn't find static field Landroid/os/Build;.SUPPORTED_ABIS
W/dalvikvm( 1946): VFY: unable to resolve static field 17846 (SUPPORTED_ABIS) in Landroid/os/Build;
D/dalvikvm( 1946): VFY: replacing opcode 0x62 at 0x0006
I/Vision  ( 1946): Supported ABIS: [x86]
I/Vision  ( 1946): Requesting optional module download of ocr.
I/dalvikvm( 1688): Could not find method android.os.UserHandle.isOwner, referenced from method ambv.a
W/dalvikvm( 1688): VFY: unable to resolve virtual method 29745: Landroid/os/UserHandle;.isOwner ()Z
D/dalvikvm( 1688): VFY: replacing opcode 0x6e at 0x000a
I/Wear_Controller( 1946): Wear requires a companion app to be installed.
I/Wear_Controller( 1946): onStartup - Wear is not available on this device.
D/dalvikvm( 1688): GC_FOR_ALLOC freed 1833K, 19% free 8651K/10612K, paused 26ms, total 26ms
I/Vision  ( 1946): Checking for download completion for 22208 -- ocr
W/native  ( 1946): document-store.cc:131 Docstore bad crc 0xb578cf2c vs 0xec76e485
D/dalvikvm( 1566): GC_FOR_ALLOC freed 1100K, 17% free 7428K/8904K, paused 14ms, total 14ms
I/Checkin ( 1946): [CheckinRequestProcessor] updateCheckinIdTokenFileFromResponse, Reading existing AID
D/Tethering( 1566): MasterInitialState.processMessage what=3
D/Tethering( 1566): MasterInitialState.processMessage what=3
D/CaptivePortalTracker( 1566): NoActiveNetworkState{ when=0 what=1 obj=NetworkInfo: type: mobile_hipri[LTE], state: DISCONNECTED/DISCONNECTED, reason: dataDisabled, extra: epc.tmobile.com, roaming: false, failover: false, isAvailable: true, isConnectedToProvisioningNetwork: false target=com.android.internal.util.StateMachine$SmHandler }
D/CaptivePortalTracker( 1566): NoActiveNetworkState not a wifi connectivity change, ignore
D/CaptivePortalTracker( 1566): NoActiveNetworkState{ when=0 what=1 obj=NetworkInfo: type: mobile[LTE], state: CONNECTED/CONNECTED, reason: connected, extra: epc.tmobile.com, roaming: false, failover: false, isAvailable: true, isConnectedToProvisioningNetwork: false target=com.android.internal.util.StateMachine$SmHandler }
D/CaptivePortalTracker( 1566): NoActiveNetworkState not a wifi connectivity change, ignore
I/ActivityManager( 1566): Start proc com.google.android.gms.ui for service com.google.android.gms/.chimera.UiIntentOperationService: pid=2387 uid=10007 gids={50007, 3003, 1007, 1028, 1015, 3002, 3001, 3007, 2001, 3006}
W/dalvikvm( 2387): VFY: unable to resolve static field 1608 (PR_SET_DUMPABLE) in Landroid/system/OsConstants;
D/dalvikvm( 2387): VFY: replacing opcode 0x60 at 0x0017
W/dalvikvm( 2387): VFY: unable to find class referenced in signature (Lyqx;)
W/dalvikvm( 2387): VFY: unable to find class referenced in signature (Lyro;)
D/dalvikvm( 1946): GC_FOR_ALLOC freed 1459K, 14% free 10236K/11824K, paused 66ms, total 66ms
I/ChimeraConfigurator( 1946): Starting update, reason: 4 urgentFeatures: vision.ocr:-1
I/Checkin ( 1946): [CheckinRequestProcessor] Default Task : Checkin Succeeded: https://android.googleapis.com/checkin (fragment #1).
E/ConfigFileUtils( 1946): Failed to read config file: /data/data/com.google.android.gms/app_chimera/next_container.pb: open failed: ENOENT (No such file or directory)
E/native  ( 1946): flash-index.cc:2651 Lite index docid 157 ahead of clip 85
I/Checkin ( 1946): [CheckinOperation] Checkin Operation finished with result: 0 finish time: 12442.
I/DynamiteModule( 1946): Considering local module com.google.android.gms.cronet_dynamite:0 and remote module com.google.android.gms.cronet_dynamite:1311
I/DynamiteModule( 1946): Selected remote version of com.google.android.gms.cronet_dynamite, version >= 1311
I/dalvikvm( 1946): Could not find method android.content.ContextWrapper.createCredentialProtectedStorageContext, referenced from method lkh.createCredentialProtectedStorageContext
W/dalvikvm( 1946): VFY: unable to resolve virtual method 2508: Landroid/content/ContextWrapper;.createCredentialProtectedStorageContext ()Landroid/content/Context;
D/dalvikvm( 1946): VFY: replacing opcode 0x6f at 0x0002
I/dalvikvm( 1946): Could not find method android.content.ContextWrapper.createDeviceProtectedStorageContext, referenced from method lkh.createDeviceProtectedStorageContext
W/dalvikvm( 1946): VFY: unable to resolve virtual method 2509: Landroid/content/ContextWrapper;.createDeviceProtectedStorageContext ()Landroid/content/Context;
D/dalvikvm( 1946): VFY: replacing opcode 0x6f at 0x0002
I/dalvikvm( 2387): Could not find method android.system.Os.readlink, referenced from method msk.a
W/dalvikvm( 2387): VFY: unable to resolve static method 3145: Landroid/system/Os;.readlink (Ljava/lang/String;)Ljava/lang/String;
D/dalvikvm( 2387): VFY: replacing opcode 0x71 at 0x00b0
I/dalvikvm( 2387): Could not find method android.os.PowerManager.isInteractive, referenced from method ndc.a
W/dalvikvm( 2387): VFY: unable to resolve virtual method 3046: Landroid/os/PowerManager;.isInteractive ()Z
D/dalvikvm( 2387): VFY: replacing opcode 0x6e at 0x0013
I/dalvikvm( 2387): Could not find method com.google.android.chimera.ModuleContext.getAttributionTag, referenced from method com.google.android.chimera.ModuleContext.createAttributionContext
W/dalvikvm( 2387): VFY: unable to resolve virtual method 14170: Lcom/google/android/chimera/ModuleContext;.getAttributionTag ()Ljava/lang/String;
D/dalvikvm( 2387): VFY: replacing opcode 0x6e at 0x0004
I/dalvikvm( 2387): Could not find method com.google.android.chimera.ContextThemeWrapper.createAttributionContext, referenced from method com.google.android.chimera.ModuleContext.createAttributionContext
W/dalvikvm( 2387): VFY: unable to resolve virtual method 13785: Lcom/google/android/chimera/ContextThemeWrapper;.createAttributionContext (Ljava/lang/String;)Landroid/content/Context;
D/dalvikvm( 2387): VFY: replacing opcode 0x6f at 0x0035
I/dalvikvm( 2387): Could not find method android.content.ContextWrapper.createCredentialProtectedStorageContext, referenced from method com.google.android.chimera.ModuleContext.createCredentialProtectedStorageContext
W/dalvikvm( 2387): VFY: unable to resolve virtual method 2508: Landroid/content/ContextWrapper;.createCredentialProtectedStorageContext ()Landroid/content/Context;
D/dalvikvm( 2387): VFY: replacing opcode 0x6f at 0x0002
I/dalvikvm( 2387): Could not find method android.content.ContextWrapper.createDeviceProtectedStorageContext, referenced from method com.google.android.chimera.ModuleContext.createDeviceProtectedStorageContext
W/dalvikvm( 2387): VFY: unable to resolve virtual method 2509: Landroid/content/ContextWrapper;.createDeviceProtectedStorageContext ()Landroid/content/Context;
D/dalvikvm( 2387): VFY: replacing opcode 0x6f at 0x0002
I/dalvikvm( 2387): Could not find method com.google.android.chimera.ContextThemeWrapper.sendBroadcastWithMultiplePermissions, referenced from method com.google.android.chimera.ModuleContext.sendBroadcastWithMultiplePermissions
W/dalvikvm( 2387): VFY: unable to resolve virtual method 13795: Lcom/google/android/chimera/ContextThemeWrapper;.sendBroadcastWithMultiplePermissions (Landroid/content/Intent;[Ljava/lang/String;)V
D/dalvikvm( 2387): VFY: replacing opcode 0x6f at 0x0009
I/MultiDex( 2387): VM with version 1.6.0 does not have multidex support
I/MultiDex( 2387): Installing application
I/MultiDex( 2387): MultiDexExtractor(/system/priv-app/PrebuiltGmsCore.apk, /data/data/com.google.android.gms/code_cache/secondary-dexes)
I/MultiDex( 2387): Blocking on lock /data/data/com.google.android.gms/code_cache/secondary-dexes/MultiDex.lock
I/MultiDex( 2387): /data/data/com.google.android.gms/code_cache/secondary-dexes/MultiDex.lock locked
I/MultiDex( 2387): MultiDexExtractor.load(/system/priv-app/PrebuiltGmsCore.apk, false, )
D/dalvikvm( 1946): Trying to load lib /data/data/com.google.android.gms/app_chimera/m/00000001/n/x86/libcronet.83.0.4103.60.so 0x9d0a6ff8
I/dalvikvm( 1946): Could not find method android.net.ConnectivityManager.getProcessDefaultNetwork, referenced from method org.chromium.net.NetworkChangeNotifier.isProcessBoundToNetwork
W/dalvikvm( 1946): VFY: unable to resolve static method 225: Landroid/net/ConnectivityManager;.getProcessDefaultNetwork ()Landroid/net/Network;
D/dalvikvm( 1946): VFY: replacing opcode 0x71 at 0x0009
W/dalvikvm( 1946): Unable to resolve superclass of Lcr; (44)
W/dalvikvm( 1946): Link of class 'Lcr;' failed
W/dalvikvm( 1946): Unable to resolve superclass of Lcr; (44)
W/dalvikvm( 1946): Link of class 'Lcr;' failed
I/dalvikvm( 1946): Could not find method android.net.ConnectivityManager.unregisterNetworkCallback, referenced from method org.chromium.net.NetworkChangeNotifier.a
W/dalvikvm( 1946): VFY: unable to resolve virtual method 227: Landroid/net/ConnectivityManager;.unregisterNetworkCallback (Landroid/net/ConnectivityManager$NetworkCallback;)V
D/dalvikvm( 1946): VFY: replacing opcode 0x6e at 0x003e
W/dalvikvm( 1946): VFY: unable to find class referenced in signature (Landroid/net/Network;)
W/dalvikvm( 1946): VFY: unable to find class referenced in signature (Landroid/net/Network;)
W/dalvikvm( 1946): VFY: unable to find class referenced in signature ([Landroid/net/Network;)
W/dalvikvm( 1946): VFY: unable to find class referenced in signature (Landroid/net/Network;)
W/dalvikvm( 1946): VFY: unable to find class referenced in signature (Landroid/net/Network;)
W/dalvikvm( 1946): VFY: unable to find class referenced in signature (Landroid/net/Network;)
W/dalvikvm( 1946): VFY: unable to find class referenced in signature (Landroid/net/Network;)
W/dalvikvm( 1946): VFY: unable to find class referenced in signature ([Landroid/net/Network;)
W/dalvikvm( 1946): VFY: unable to find class referenced in signature (Landroid/net/Network;)
W/dalvikvm( 1946): VFY: unable to find class referenced in signature (Landroid/net/Network;)
W/dalvikvm( 1946): VFY: unable to find class referenced in signature (Landroid/net/Network;)
W/dalvikvm( 1946): VFY: unable to find class referenced in signature (Landroid/net/Network;)
W/dalvikvm( 1946): Unable to resolve superclass of Lcl; (44)
W/dalvikvm( 1946): Link of class 'Lcl;' failed
W/dalvikvm( 1946): Unable to resolve superclass of Lcl; (44)
W/dalvikvm( 1946): Link of class 'Lcl;' failed
W/dalvikvm( 1946): Unable to resolve superclass of Lcr; (44)
W/dalvikvm( 1946): Link of class 'Lcr;' failed
W/dalvikvm( 1946): Unable to resolve superclass of Lcr; (44)
W/dalvikvm( 1946): Link of class 'Lcr;' failed
W/dalvikvm( 1946): Unable to resolve superclass of Lcr; (44)
W/dalvikvm( 1946): Link of class 'Lcr;' failed
W/dalvikvm( 1946): Unable to resolve superclass of Lcr; (44)
I/MultiDex( 2387): loading existing secondary dex files
W/dalvikvm( 1946): Link of class 'Lcr;' failed
W/dalvikvm( 1946): VFY: unable to resolve instance field 189
D/dalvikvm( 1946): VFY: replacing opcode 0x54 at 0x002c
W/dalvikvm( 1946): Unable to resolve superclass of Lcr; (44)
W/dalvikvm( 1946): Link of class 'Lcr;' failed
W/dalvikvm( 1946): Unable to resolve superclass of Lcr; (44)
W/dalvikvm( 1946): Link of class 'Lcr;' failed
W/dalvikvm( 1946): Unable to resolve superclass of Lcr; (44)
W/dalvikvm( 1946): Link of class 'Lcr;' failed
D/dalvikvm( 2387): GC_FOR_ALLOC freed 311K, 11% free 3185K/3560K, paused 4ms, total 4ms
W/dalvikvm( 1946): Unable to resolve superclass of Lcr; (44)
I/MultiDex( 2387): load found 5 secondary dex files
W/dalvikvm( 1946): Link of class 'Lcr;' failed
E/dalvikvm( 1946): Could not find class 'cr', referenced from method cv.<init>
W/dalvikvm( 1946): VFY: unable to resolve new-instance 183 (Lcr;) in Lcv;
D/dalvikvm( 1946): VFY: replacing opcode 0x22 at 0x002d
W/dalvikvm( 1946): Unable to resolve superclass of Lcr; (44)
W/dalvikvm( 1946): Link of class 'Lcr;' failed
W/dalvikvm( 1946): Unable to resolve superclass of Lcr; (44)
W/dalvikvm( 1946): Link of class 'Lcr;' failed
W/dalvikvm( 1946): Unable to resolve superclass of Lcl; (44)
W/dalvikvm( 1946): Link of class 'Lcl;' failed
W/dalvikvm( 1946): Unable to resolve superclass of Lcl; (44)
W/dalvikvm( 1946): Link of class 'Lcl;' failed
W/dalvikvm( 1946): VFY: unable to find class referenced in signature (Landroid/net/Network;)
I/dalvikvm( 1946): Could not find method android.net.Network.toString, referenced from method cv.a
W/dalvikvm( 1946): VFY: unable to resolve virtual method 231: Landroid/net/Network;.toString ()Ljava/lang/String;
D/dalvikvm( 1946): VFY: replacing opcode 0x6e at 0x0002
W/dalvikvm( 1946): VFY: unable to find class referenced in signature (Landroid/net/Network;)
I/dalvikvm( 1946): Could not find method android.net.ConnectivityManager.getAllNetworks, referenced from method cv.a
W/dalvikvm( 1946): VFY: unable to resolve virtual method 221: Landroid/net/ConnectivityManager;.getAllNetworks ()[Landroid/net/Network;
D/dalvikvm( 1946): VFY: replacing opcode 0x6e at 0x0002
I/MultiDex( 2387): install done
W/dalvikvm( 1946): Unable to resolve superclass of Lcr; (44)
W/dalvikvm( 1946): Link of class 'Lcr;' failed
W/dalvikvm( 1946): Unable to resolve superclass of Lcr; (44)
D/dalvikvm( 1946): Added shared lib /data/data/com.google.android.gms/app_chimera/m/00000001/n/x86/libcronet.83.0.4103.60.so 0x9d0a6ff8
W/dalvikvm( 1946): Link of class 'Lcr;' failed
D/dalvikvm( 1946): DexOpt: unable to opt direct call 0x0243 at 0x2f in Lcv;.<init>
D/dalvikvm( 1946): DexOpt: unable to opt direct call 0x00f0 at 0x36 in Lcv;.<init>
W/dalvikvm( 1946): VFY: unable to find class referenced in signature (Landroid/net/Network;)
I/dalvikvm( 1946): Could not find method android.net.Network.bindSocket, referenced from method ck.d
W/dalvikvm( 1946): VFY: unable to resolve virtual method 229: Landroid/net/Network;.bindSocket (Ljava/net/Socket;)V
D/dalvikvm( 1946): VFY: replacing opcode 0x6e at 0x0014
W/dalvikvm( 1946): VFY: unable to find class referenced in signature (Landroid/net/Network;)
I/dalvikvm( 1946): Could not find method android.net.ConnectivityManager.getNetworkInfo, referenced from method ck.a
W/dalvikvm( 1946): VFY: unable to resolve virtual method 224: Landroid/net/ConnectivityManager;.getNetworkInfo (Landroid/net/Network;)Landroid/net/NetworkInfo;
D/dalvikvm( 1946): VFY: replacing opcode 0x6e at 0x0002
I/dalvikvm( 1946): Could not find method android.net.ConnectivityManager.getNetworkInfo, referenced from method ck.a
W/dalvikvm( 1946): VFY: unable to resolve virtual method 224: Landroid/net/ConnectivityManager;.getNetworkInfo (Landroid/net/Network;)Landroid/net/NetworkInfo;
D/dalvikvm( 1946): VFY: replacing opcode 0x6e at 0x000a
W/dalvikvm( 1946): VFY: unable to find class referenced in signature (Landroid/net/Network;)
W/dalvikvm( 1946): VFY: unable to find class referenced in signature (Landroid/net/Network;)
W/dalvikvm( 1946): VFY: unable to find class referenced in signature (Landroid/net/Network;)
I/dalvikvm( 1946): Could not find method android.net.ConnectivityManager.getNetworkCapabilities, referenced from method ck.c
W/dalvikvm( 1946): VFY: unable to resolve virtual method 223: Landroid/net/ConnectivityManager;.getNetworkCapabilities (Landroid/net/Network;)Landroid/net/NetworkCapabilities;
D/dalvikvm( 1946): VFY: replacing opcode 0x6e at 0x0002
I/dalvikvm( 2387): Could not find method android.os.UserHandle.isOwner, referenced from method nmy.f
W/dalvikvm( 2387): VFY: unable to resolve virtual method 3081: Landroid/os/UserHandle;.isOwner ()Z
D/dalvikvm( 2387): VFY: replacing opcode 0x6e at 0x000a
I/dalvikvm( 2387): Could not find method android.content.ContentProvider.query, referenced from method brf.superQuery
W/dalvikvm( 2387): VFY: unable to resolve virtual method 2428: Landroid/content/ContentProvider;.query (Landroid/net/Uri;[Ljava/lang/String;Landroid/os/Bundle;Landroid/os/CancellationSignal;)Landroid/database/Cursor;
D/dalvikvm( 2387): VFY: replacing opcode 0x6f at 0x0000
I/cr_CronetLibraryLoader( 1946): Cronet version: 83.0.4103.60, arch: i686
I/dalvikvm( 2387): Could not find method android.content.pm.PackageManager.getPackageInstaller, referenced from method men.a
W/dalvikvm( 2387): VFY: unable to resolve virtual method 2608: Landroid/content/pm/PackageManager;.getPackageInstaller ()Landroid/content/pm/PackageInstaller;
D/dalvikvm( 2387): VFY: replacing opcode 0x6e at 0x001c
D/dalvikvm( 1946): DexOpt: couldn't find static field Landroid/os/Build;.SUPPORTED_ABIS
W/dalvikvm( 1946): VFY: unable to resolve static field 37 (SUPPORTED_ABIS) in Landroid/os/Build;
D/dalvikvm( 1946): VFY: replacing opcode 0x62 at 0x006d
W/DynamiteModule( 2387): Local module descriptor class for providerinstaller not found.
I/dalvikvm( 2387): Could not find method android.system.Os.readlink, referenced from method bse.a
W/dalvikvm( 2387): VFY: unable to resolve static method 3145: Landroid/system/Os;.readlink (Ljava/lang/String;)Ljava/lang/String;
D/dalvikvm( 2387): VFY: replacing opcode 0x71 at 0x0044
I/dalvikvm( 2387): Could not find method android.system.Os.symlink, referenced from method bse.a
W/dalvikvm( 2387): VFY: unable to resolve static method 3147: Landroid/system/Os;.symlink (Ljava/lang/String;Ljava/lang/String;)V
D/dalvikvm( 2387): VFY: replacing opcode 0x71 at 0x00b0
I/dalvikvm( 2387): Could not find method android.system.Os.stat, referenced from method bse.a
W/dalvikvm( 2387): VFY: unable to resolve static method 3146: Landroid/system/Os;.stat (Ljava/lang/String;)Landroid/system/StructStat;
D/dalvikvm( 2387): VFY: replacing opcode 0x71 at 0x0005
W/dalvikvm( 2387): VFY: unable to resolve static field 1615 (S_IXUSR) in Landroid/system/OsConstants;
D/dalvikvm( 1688): GC_FOR_ALLOC freed 1990K, 20% free 8571K/10688K, paused 80ms, total 81ms
D/dalvikvm( 2387): VFY: replacing opcode 0x60 at 0x0007
I/Icing   ( 1946): IndexChimeraService.getServiceInterface callingPackage=com.google.android.gms componentName=null serviceId=30
I/dalvikvm( 2387): Could not find method android.system.Os.stat, referenced from method bse.b
W/dalvikvm( 2387): VFY: unable to resolve static method 3146: Landroid/system/Os;.stat (Ljava/lang/String;)Landroid/system/StructStat;
D/dalvikvm( 2387): VFY: replacing opcode 0x71 at 0x0040
W/dalvikvm( 2387): VFY: unable to resolve static field 1612 (S_IRUSR) in Landroid/system/OsConstants;
D/dalvikvm( 2387): VFY: replacing opcode 0x60 at 0x0007
D/dalvikvm( 2387): DexOpt: couldn't find static field Landroid/os/Build;.SUPPORTED_64_BIT_ABIS
W/dalvikvm( 2387): VFY: unable to resolve static field 1539 (SUPPORTED_64_BIT_ABIS) in Landroid/os/Build;
D/dalvikvm( 2387): VFY: replacing opcode 0x62 at 0x0214
W/ProviderHelper( 2387): Unknown dynamite feature providerinstaller
I/ChmraDebugLogger( 1946): [73] 1801
I/ChmraDebugLogger( 1946): [30] [VisionOcr.optional:202414000700] permitMetered=true,
W/ChimeraConfigService( 1946): Retry attempt was throttled.
I/DynamiteModule( 2387): Considering local module providerinstaller:0 and remote module providerinstaller:0
W/ProviderInstaller( 2387): Failed to load providerinstaller module: No acceptable module found. Local version is 0 and remote version is 0.
I/dalvikvm( 2387): Could not find method android.content.ContextWrapper.createCredentialProtectedStorageContext, referenced from method nfr.createCredentialProtectedStorageContext
W/dalvikvm( 2387): VFY: unable to resolve virtual method 2508: Landroid/content/ContextWrapper;.createCredentialProtectedStorageContext ()Landroid/content/Context;
D/dalvikvm( 2387): VFY: replacing opcode 0x6f at 0x0002
I/dalvikvm( 2387): Could not find method android.content.ContextWrapper.createDeviceProtectedStorageContext, referenced from method nfr.createDeviceProtectedStorageContext
W/dalvikvm( 2387): VFY: unable to resolve virtual method 2509: Landroid/content/ContextWrapper;.createDeviceProtectedStorageContext ()Landroid/content/Context;
D/dalvikvm( 2387): VFY: replacing opcode 0x6f at 0x0002
D/dalvikvm( 2387): DexOpt: couldn't find static field Landroid/os/Build;.SUPPORTED_64_BIT_ABIS
W/dalvikvm( 2387): VFY: unable to resolve static field 1539 (SUPPORTED_64_BIT_ABIS) in Landroid/os/Build;
D/dalvikvm( 2387): VFY: replacing opcode 0x62 at 0x0080
D/dalvikvm( 2387): DexOpt: couldn't find static field Landroid/os/Build;.SUPPORTED_ABIS
W/dalvikvm( 2387): VFY: unable to resolve static field 1540 (SUPPORTED_ABIS) in Landroid/os/Build;
D/dalvikvm( 2387): VFY: replacing opcode 0x62 at 0x00d3
V/NativeCrypto( 2387): Registering com/google/android/gms/org/conscrypt/NativeCrypto's 286 native methods...
W/dalvikvm( 2387): Unable to resolve superclass of Lcom/google/android/gms/org/conscrypt/TrustManagerImpl; (5184)
W/dalvikvm( 2387): Link of class 'Lcom/google/android/gms/org/conscrypt/TrustManagerImpl;' failed
D/dalvikvm( 2387): GC_FOR_ALLOC freed 448K, 14% free 3248K/3760K, paused 3ms, total 3ms
I/dalvikvm( 2387): Could not find method com.google.android.gms.org.conscrypt.TrustManagerImpl.getDefaultHostnameVerifier, referenced from method com.google.android.gms.org.conscrypt.Conscrypt.getDefaultHostnameVerifier
W/dalvikvm( 2387): VFY: unable to resolve static method 17870: Lcom/google/android/gms/org/conscrypt/TrustManagerImpl;.getDefaultHostnameVerifier ()Lcom/google/android/gms/org/conscrypt/ConscryptHostnameVerifier;
D/dalvikvm( 2387): VFY: replacing opcode 0x71 at 0x0003
W/dalvikvm( 2387): Unable to resolve superclass of Lcom/google/android/gms/org/conscrypt/TrustManagerImpl; (5184)
W/dalvikvm( 2387): Link of class 'Lcom/google/android/gms/org/conscrypt/TrustManagerImpl;' failed
W/dalvikvm( 2387): VFY: unable to find class referenced in signature (Lcom/google/android/gms/org/conscrypt/TrustManagerImpl;)
W/dalvikvm( 2387): Unable to resolve superclass of Lcom/google/android/gms/org/conscrypt/TrustManagerImpl; (5184)
W/dalvikvm( 2387): Link of class 'Lcom/google/android/gms/org/conscrypt/TrustManagerImpl;' failed
I/dalvikvm( 2387): Could not find method com.google.android.gms.org.conscrypt.TrustManagerImpl.getHostnameVerifier, referenced from method com.google.android.gms.org.conscrypt.Conscrypt.getHostnameVerifier
W/dalvikvm( 2387): VFY: unable to resolve virtual method 17872: Lcom/google/android/gms/org/conscrypt/TrustManagerImpl;.getHostnameVerifier ()Lcom/google/android/gms/org/conscrypt/ConscryptHostnameVerifier;
D/dalvikvm( 2387): VFY: replacing opcode 0x6e at 0x0004
W/dalvikvm( 2387): Unable to resolve superclass of Lcom/google/android/gms/org/conscrypt/TrustManagerImpl; (5184)
W/dalvikvm( 2387): Link of class 'Lcom/google/android/gms/org/conscrypt/TrustManagerImpl;' failed
E/dalvikvm( 2387): Could not find class 'com.google.android.gms.org.conscrypt.TrustManagerImpl', referenced from method com.google.android.gms.org.conscrypt.Conscrypt.isConscrypt
