W/dalvikvm( 2221): VFY: unable to find class referenced in signature (Landroid/os/PersistableBundle;)
W/dalvikvm( 2221): VFY: unable to find class referenced in signature (Landroid/os/PersistableBundle;)
W/dalvikvm( 2221): VFY: unable to find class referenced in signature (Landroid/os/PersistableBundle;)
W/dalvikvm( 2221): VFY: unable to find class referenced in signature (Landroid/app/assist/AssistContent;)
W/dalvikvm( 2221): VFY: unable to find class referenced in signature (Landroid/app/assist/AssistContent;)
W/dalvikvm( 2221): VFY: unable to find class referenced in signature (Landroid/os/PersistableBundle;)
W/dalvikvm( 2221): VFY: unable to find class referenced in signature (Landroid/os/PersistableBundle;)
W/dalvikvm( 2221): VFY: unable to find class referenced in signature (Landroid/os/PersistableBundle;)
W/dalvikvm( 2221): VFY: unable to find class referenced in signature (Landroid/os/PersistableBundle;)
W/dalvikvm( 2221): VFY: unable to find class referenced in signature (Landroid/view/SearchEvent;)
W/dalvikvm( 2221): VFY: unable to find class referenced in signature (Landroid/view/SearchEvent;)
I/dalvikvm( 2221): Could not find method android.app.Activity.requestPermissions, referenced from method com.google.android.chimera.ActivityBase.requestPermissions
W/dalvikvm( 2221): VFY: unable to resolve virtual method 2194: Landroid/app/Activity;.requestPermissions ([Ljava/lang/String;I)V
D/dalvikvm( 2221): VFY: replacing opcode 0x6e at 0x0002
W/dalvikvm( 2221): VFY: unable to find class referenced in signature (Landroid/media/session/MediaController;)
I/dalvikvm( 2221): Could not find method android.app.Activity.setMediaController, referenced from method com.google.android.chimera.ActivityBase.setMediaController
W/dalvikvm( 2221): VFY: unable to resolve virtual method 2205: Landroid/app/Activity;.setMediaController (Landroid/media/session/MediaController;)V
D/dalvikvm( 2221): VFY: replacing opcode 0x6e at 0x0002
E/dalvikvm( 2221): Could not find class 'android.app.ActivityManager$TaskDescription', referenced from method com.google.android.gms.growth.ui.webview.GrowthWebViewChimeraActivity.onCreate
W/dalvikvm( 2221): VFY: unable to resolve new-instance 1205 (Landroid/app/ActivityManager$TaskDescription;) in Lcom/google/android/gms/growth/ui/webview/GrowthWebViewChimeraActivity;
D/dalvikvm( 2221): VFY: replacing opcode 0x22 at 0x00d9
D/dalvikvm( 2221): DexOpt: unable to opt direct call 0x1060 at 0xe6 in Lcom/google/android/gms/growth/ui/webview/GrowthWebViewChimeraActivity;.onCreate
I/NativeLibraryUtils( 2221): Extraction to /data/data/com.google.android.gms/app_extracted_libs/x86/libvcdiffjni.so true
I/NativeLibraryUtils( 2221): Extraction to /data/data/com.google.android.gms/app_extracted_libs/x86/libwearable-selector.so true
D/dalvikvm( 1777): GC_FOR_ALLOC freed 546K, 12% free 5885K/6684K, paused 11ms, total 11ms
E/dalvikvm( 1777): Could not find class 'android.app.NotificationChannel', referenced from method aciq.a
W/dalvikvm( 1777): VFY: unable to resolve new-instance 7732 (Landroid/app/NotificationChannel;) in Laciq;
D/dalvikvm( 1777): VFY: replacing opcode 0x22 at 0x00a8
D/dalvikvm( 1777): DexOpt: unable to opt direct call 0x6f0e at 0xad in Laciq;.a
E/BluetoothAdapter( 1777): Bluetooth binder is null
W/NearbyShared( 1777): BTConnStateMgr:BluetoothAdapter.getDefaultAdapter() return null!
W/dalvikvm( 1777): VFY: unable to find class referenced in signature (Landroid/bluetooth/le/ScanCallback;)
I/dalvikvm( 1777): Could not find method android.content.Context.getSystemService, referenced from method aclw.a
W/dalvikvm( 1777): VFY: unable to resolve virtual method 28695: Landroid/content/Context;.getSystemService (Ljava/lang/Class;)Ljava/lang/Object;
D/dalvikvm( 1777): VFY: replacing opcode 0x6e at 0x0006
I/dalvikvm( 1777): Could not find method android.content.Context.getDrawable, referenced from method jk.a
W/dalvikvm( 1777): VFY: unable to resolve virtual method 2472: Landroid/content/Context;.getDrawable (I)Landroid/graphics/drawable/Drawable;
D/dalvikvm( 1777): VFY: replacing opcode 0x6e at 0x0006
I/dalvikvm( 1777): Could not find method android.content.Context.getNoBackupFilesDir, referenced from method jk.b
W/dalvikvm( 1777): VFY: unable to resolve virtual method 2480: Landroid/content/Context;.getNoBackupFilesDir ()Ljava/io/File;
D/dalvikvm( 1777): VFY: replacing opcode 0x6e at 0x0006
D/dalvikvm( 2221): GC_FOR_ALLOC freed 1314K, 18% free 7216K/8752K, paused 9ms, total 9ms
W/ModuleManager( 2221): Unable to get current module's fulfilled APIs in ModuleManager created with non-module Context
I/dalvikvm( 1777): Could not find method android.os.PowerManager.isPowerSaveMode, referenced from method ayei.a
W/dalvikvm( 1777): VFY: unable to resolve virtual method 1679: Landroid/os/PowerManager;.isPowerSaveMode ()Z
D/dalvikvm( 1777): VFY: replacing opcode 0x6e at 0x0154
D/dalvikvm( 1568): GC_FOR_ALLOC freed 1008K, 51% free 7394K/14816K, paused 9ms, total 10ms
E/BluetoothAdapter( 1777): Bluetooth binder is null
I/NearbyDiscovery( 1777): FastPair: Skip backfill FastPairItem, adapter is null [CONTEXT service_id=49 ]
D/dalvikvm( 1797): GC_EXPLICIT freed 502K, 20% free 3212K/3968K, paused 1ms+3ms, total 14ms
I/Auth    ( 2221): [WorkAccount] update authenticator enabled for boot or update
W/dalvikvm( 1797): VFY: unable to resolve static field 1608 (PR_SET_DUMPABLE) in Landroid/system/OsConstants;
D/dalvikvm( 1797): VFY: replacing opcode 0x60 at 0x0017
W/dalvikvm( 1797): VFY: unable to find class referenced in signature (Lyqx;)
W/dalvikvm( 1797): VFY: unable to find class referenced in signature (Lyro;)
I/dalvikvm( 2221): Could not find method android.content.ServiceConnection.onNullBinding, referenced from method uxb.onNullBinding
W/dalvikvm( 2221): VFY: unable to resolve interface method 2566: Landroid/content/ServiceConnection;.onNullBinding (Landroid/content/ComponentName;)V
D/dalvikvm( 2221): VFY: replacing opcode 0x72 at 0x000f
I/NearbyDiscovery( 1777): FastPair: HeadsetPieceImage, grant permission files:0 [CONTEXT service_id=49 ]
I/dalvikvm( 1797): Could not find method android.system.Os.readlink, referenced from method msk.a
W/dalvikvm( 1797): VFY: unable to resolve static method 3145: Landroid/system/Os;.readlink (Ljava/lang/String;)Ljava/lang/String;
D/dalvikvm( 1797): VFY: replacing opcode 0x71 at 0x00b0
I/dalvikvm( 1797): Could not find method android.os.PowerManager.isInteractive, referenced from method ndc.a
W/dalvikvm( 1797): VFY: unable to resolve virtual method 3046: Landroid/os/PowerManager;.isInteractive ()Z
D/dalvikvm( 1797): VFY: replacing opcode 0x6e at 0x0013
I/dalvikvm( 1797): Could not find method com.google.android.chimera.ModuleContext.getAttributionTag, referenced from method com.google.android.chimera.ModuleContext.createAttributionContext
W/dalvikvm( 1797): VFY: unable to resolve virtual method 14170: Lcom/google/android/chimera/ModuleContext;.getAttributionTag ()Ljava/lang/String;
D/dalvikvm( 1797): VFY: replacing opcode 0x6e at 0x0004
I/dalvikvm( 1797): Could not find method com.google.android.chimera.ContextThemeWrapper.createAttributionContext, referenced from method com.google.android.chimera.ModuleContext.createAttributionContext
W/dalvikvm( 1797): VFY: unable to resolve virtual method 13785: Lcom/google/android/chimera/ContextThemeWrapper;.createAttributionContext (Ljava/lang/String;)Landroid/content/Context;
D/dalvikvm( 1797): VFY: replacing opcode 0x6f at 0x0035
I/dalvikvm( 1797): Could not find method android.content.ContextWrapper.createCredentialProtectedStorageContext, referenced from method com.google.android.chimera.ModuleContext.createCredentialProtectedStorageContext
W/dalvikvm( 1797): VFY: unable to resolve virtual method 2508: Landroid/content/ContextWrapper;.createCredentialProtectedStorageContext ()Landroid/content/Context;
D/dalvikvm( 1797): VFY: replacing opcode 0x6f at 0x0002
I/dalvikvm( 1797): Could not find method android.content.ContextWrapper.createDeviceProtectedStorageContext, referenced from method com.google.android.chimera.ModuleContext.createDeviceProtectedStorageContext
W/dalvikvm( 1797): VFY: unable to resolve virtual method 2509: Landroid/content/ContextWrapper;.createDeviceProtectedStorageContext ()Landroid/content/Context;
D/dalvikvm( 1797): VFY: replacing opcode 0x6f at 0x0002
I/dalvikvm( 1797): Could not find method com.google.android.chimera.ContextThemeWrapper.sendBroadcastWithMultiplePermissions, referenced from method com.google.android.chimera.ModuleContext.sendBroadcastWithMultiplePermissions
W/dalvikvm( 1797): VFY: unable to resolve virtual method 13795: Lcom/google/android/chimera/ContextThemeWrapper;.sendBroadcastWithMultiplePermissions (Landroid/content/Intent;[Ljava/lang/String;)V
D/dalvikvm( 1797): VFY: replacing opcode 0x6f at 0x0009
I/MultiDex( 1797): VM with version 1.6.0 does not have multidex support
I/MultiDex( 1797): Installing application
I/MultiDex( 1797): MultiDexExtractor(/system/priv-app/PrebuiltGmsCore.apk, /data/data/com.google.android.gms/code_cache/secondary-dexes)
D/dalvikvm( 1797): GC_FOR_ALLOC freed 430K, 18% free 3290K/3972K, paused 2ms, total 2ms
I/NearbyDiscovery( 1777): FastPairEventStream: Skip initialize event stream, adapter is null [CONTEXT service_id=49 ]
I/MultiDex( 1797): Blocking on lock /data/data/com.google.android.gms/code_cache/secondary-dexes/MultiDex.lock
I/MultiDex( 1797): /data/data/com.google.android.gms/code_cache/secondary-dexes/MultiDex.lock locked
I/MultiDex( 1797): MultiDexExtractor.load(/system/priv-app/PrebuiltGmsCore.apk, false, )
I/MultiDex( 1797): loading existing secondary dex files
D/dalvikvm( 1797): GC_FOR_ALLOC freed 180K, 20% free 3271K/4052K, paused 2ms, total 2ms
I/MultiDex( 1797): load found 5 secondary dex files
I/MultiDex( 1797): install done
I/dalvikvm( 1797): Could not find method android.os.UserHandle.isOwner, referenced from method nmy.f
W/dalvikvm( 1797): VFY: unable to resolve virtual method 3081: Landroid/os/UserHandle;.isOwner ()Z
D/dalvikvm( 1797): VFY: replacing opcode 0x6e at 0x000a
D/dalvikvm( 1797): DexOpt: couldn't find field Landroid/content/pm/ApplicationInfo;.splitSourceDirs
W/dalvikvm( 1797): VFY: unable to resolve instance field 1475
D/dalvikvm( 1797): VFY: replacing opcode 0x54 at 0x0055
D/dalvikvm( 1797): DexOpt: couldn't find static field Landroid/os/Build;.SUPPORTED_ABIS
W/dalvikvm( 1797): VFY: unable to resolve static field 1540 (SUPPORTED_ABIS) in Landroid/os/Build;
D/dalvikvm( 1797): VFY: replacing opcode 0x62 at 0x00d1
I/dalvikvm( 1797): Could not find method android.system.Os.stat, referenced from method nop.a
W/dalvikvm( 1797): VFY: unable to resolve static method 3146: Landroid/system/Os;.stat (Ljava/lang/String;)Landroid/system/StructStat;
D/dalvikvm( 1797): VFY: replacing opcode 0x71 at 0x0182
I/dalvikvm( 1797): Could not find method android.content.pm.PackageManager.getPackageInstaller, referenced from method men.a
W/dalvikvm( 1797): VFY: unable to resolve virtual method 2608: Landroid/content/pm/PackageManager;.getPackageInstaller ()Landroid/content/pm/PackageInstaller;
D/dalvikvm( 1797): VFY: replacing opcode 0x6e at 0x001c
W/DynamiteModule( 1797): Local module descriptor class for providerinstaller not found.
I/dalvikvm( 1797): Could not find method android.system.Os.readlink, referenced from method bse.a
W/dalvikvm( 1797): VFY: unable to resolve static method 3145: Landroid/system/Os;.readlink (Ljava/lang/String;)Ljava/lang/String;
D/dalvikvm( 1797): VFY: replacing opcode 0x71 at 0x0044
I/dalvikvm( 1797): Could not find method android.system.Os.symlink, referenced from method bse.a
W/dalvikvm( 1797): VFY: unable to resolve static method 3147: Landroid/system/Os;.symlink (Ljava/lang/String;Ljava/lang/String;)V
D/dalvikvm( 1797): VFY: replacing opcode 0x71 at 0x00b0
I/dalvikvm( 1797): Could not find method android.system.Os.stat, referenced from method bse.a
W/dalvikvm( 1797): VFY: unable to resolve static method 3146: Landroid/system/Os;.stat (Ljava/lang/String;)Landroid/system/StructStat;
D/dalvikvm( 1797): VFY: replacing opcode 0x71 at 0x0005
W/dalvikvm( 1797): VFY: unable to resolve static field 1615 (S_IXUSR) in Landroid/system/OsConstants;
D/dalvikvm( 1797): VFY: replacing opcode 0x60 at 0x0007
I/dalvikvm( 1797): Could not find method android.system.Os.stat, referenced from method bse.b
W/dalvikvm( 1797): VFY: unable to resolve static method 3146: Landroid/system/Os;.stat (Ljava/lang/String;)Landroid/system/StructStat;
D/dalvikvm( 1797): VFY: replacing opcode 0x71 at 0x0040
W/dalvikvm( 1797): VFY: unable to resolve static field 1612 (S_IRUSR) in Landroid/system/OsConstants;
D/dalvikvm( 1797): VFY: replacing opcode 0x60 at 0x0007
D/dalvikvm( 1797): DexOpt: couldn't find static field Landroid/os/Build;.SUPPORTED_64_BIT_ABIS
W/dalvikvm( 1797): VFY: unable to resolve static field 1539 (SUPPORTED_64_BIT_ABIS) in Landroid/os/Build;
D/dalvikvm( 1797): VFY: replacing opcode 0x62 at 0x0214
W/ProviderHelper( 1797): Unknown dynamite feature providerinstaller
I/DynamiteModule( 1797): Considering local module providerinstaller:0 and remote module providerinstaller:0
W/ProviderInstaller( 1797): Failed to load providerinstaller module: No acceptable module found. Local version is 0 and remote version is 0.
I/dalvikvm( 1797): Could not find method android.content.ContextWrapper.createCredentialProtectedStorageContext, referenced from method nfr.createCredentialProtectedStorageContext
W/dalvikvm( 1797): VFY: unable to resolve virtual method 2508: Landroid/content/ContextWrapper;.createCredentialProtectedStorageContext ()Landroid/content/Context;
D/dalvikvm( 1797): VFY: replacing opcode 0x6f at 0x0002
I/dalvikvm( 1797): Could not find method android.content.ContextWrapper.createDeviceProtectedStorageContext, referenced from method nfr.createDeviceProtectedStorageContext
W/dalvikvm( 1797): VFY: unable to resolve virtual method 2509: Landroid/content/ContextWrapper;.createDeviceProtectedStorageContext ()Landroid/content/Context;
D/dalvikvm( 1797): VFY: replacing opcode 0x6f at 0x0002
D/dalvikvm( 1797): DexOpt: couldn't find static field Landroid/os/Build;.SUPPORTED_64_BIT_ABIS
W/dalvikvm( 1797): VFY: unable to resolve static field 1539 (SUPPORTED_64_BIT_ABIS) in Landroid/os/Build;
D/dalvikvm( 1797): VFY: replacing opcode 0x62 at 0x0080
D/dalvikvm( 1797): DexOpt: couldn't find static field Landroid/os/Build;.SUPPORTED_ABIS
W/dalvikvm( 1797): VFY: unable to resolve static field 1540 (SUPPORTED_ABIS) in Landroid/os/Build;
D/dalvikvm( 1797): VFY: replacing opcode 0x62 at 0x00d3
V/NativeCrypto( 1797): Registering com/google/android/gms/org/conscrypt/NativeCrypto's 286 native methods...
W/dalvikvm( 1797): Unable to resolve superclass of Lcom/google/android/gms/org/conscrypt/TrustManagerImpl; (5184)
W/dalvikvm( 1797): Link of class 'Lcom/google/android/gms/org/conscrypt/TrustManagerImpl;' failed
I/dalvikvm( 1797): Could not find method com.google.android.gms.org.conscrypt.TrustManagerImpl.getDefaultHostnameVerifier, referenced from method com.google.android.gms.org.conscrypt.Conscrypt.getDefaultHostnameVerifier
W/dalvikvm( 1797): VFY: unable to resolve static method 17870: Lcom/google/android/gms/org/conscrypt/TrustManagerImpl;.getDefaultHostnameVerifier ()Lcom/google/android/gms/org/conscrypt/ConscryptHostnameVerifier;
D/dalvikvm( 1797): VFY: replacing opcode 0x71 at 0x0003
W/dalvikvm( 1797): Unable to resolve superclass of Lcom/google/android/gms/org/conscrypt/TrustManagerImpl; (5184)
W/dalvikvm( 1797): Link of class 'Lcom/google/android/gms/org/conscrypt/TrustManagerImpl;' failed
D/dalvikvm( 1797): GC_FOR_ALLOC freed 444K, 18% free 3337K/4052K, paused 2ms, total 2ms
W/dalvikvm( 1797): VFY: unable to find class referenced in signature (Lcom/google/android/gms/org/conscrypt/TrustManagerImpl;)
W/dalvikvm( 1797): Unable to resolve superclass of Lcom/google/android/gms/org/conscrypt/TrustManagerImpl; (5184)
W/dalvikvm( 1797): Link of class 'Lcom/google/android/gms/org/conscrypt/TrustManagerImpl;' failed
I/dalvikvm( 1797): Could not find method com.google.android.gms.org.conscrypt.TrustManagerImpl.getHostnameVerifier, referenced from method com.google.android.gms.org.conscrypt.Conscrypt.getHostnameVerifier
W/dalvikvm( 1797): VFY: unable to resolve virtual method 17872: Lcom/google/android/gms/org/conscrypt/TrustManagerImpl;.getHostnameVerifier ()Lcom/google/android/gms/org/conscrypt/ConscryptHostnameVerifier;
D/dalvikvm( 1797): VFY: replacing opcode 0x6e at 0x0004
W/dalvikvm( 1797): Unable to resolve superclass of Lcom/google/android/gms/org/conscrypt/TrustManagerImpl; (5184)
W/dalvikvm( 1797): Link of class 'Lcom/google/android/gms/org/conscrypt/TrustManagerImpl;' failed
E/dalvikvm( 1797): Could not find class 'com.google.android.gms.org.conscrypt.TrustManagerImpl', referenced from method com.google.android.gms.org.conscrypt.Conscrypt.isConscrypt
W/dalvikvm( 1797): VFY: unable to resolve instanceof 4452 (Lcom/google/android/gms/org/conscrypt/TrustManagerImpl;) in Lcom/google/android/gms/org/conscrypt/Conscrypt;
D/dalvikvm( 1797): VFY: replacing opcode 0x20 at 0x0000
W/dalvikvm( 1797): Unable to resolve superclass of Lcom/google/android/gms/org/conscrypt/TrustManagerImpl; (5184)
W/dalvikvm( 1797): Link of class 'Lcom/google/android/gms/org/conscrypt/TrustManagerImpl;' failed
I/dalvikvm( 1797): Could not find method com.google.android.gms.org.conscrypt.TrustManagerImpl.setDefaultHostnameVerifier, referenced from method com.google.android.gms.org.conscrypt.Conscrypt.setDefaultHostnameVerifier
W/dalvikvm( 1797): VFY: unable to resolve static method 17882: Lcom/google/android/gms/org/conscrypt/TrustManagerImpl;.setDefaultHostnameVerifier (Lcom/google/android/gms/org/conscrypt/ConscryptHostnameVerifier;)V
D/dalvikvm( 1797): VFY: replacing opcode 0x71 at 0x0003
W/dalvikvm( 1797): Unable to resolve superclass of Lcom/google/android/gms/org/conscrypt/TrustManagerImpl; (5184)
W/dalvikvm( 1797): Link of class 'Lcom/google/android/gms/org/conscrypt/TrustManagerImpl;' failed
W/dalvikvm( 1797): VFY: unable to find class referenced in signature (Lcom/google/android/gms/org/conscrypt/TrustManagerImpl;)
W/dalvikvm( 1797): Unable to resolve superclass of Lcom/google/android/gms/org/conscrypt/TrustManagerImpl; (5184)
W/dalvikvm( 1797): Link of class 'Lcom/google/android/gms/org/conscrypt/TrustManagerImpl;' failed
I/dalvikvm( 1797): Could not find method com.google.android.gms.org.conscrypt.TrustManagerImpl.setHostnameVerifier, referenced from method com.google.android.gms.org.conscrypt.Conscrypt.setHostnameVerifier
W/dalvikvm( 1797): VFY: unable to resolve virtual method 17883: Lcom/google/android/gms/org/conscrypt/TrustManagerImpl;.setHostnameVerifier (Lcom/google/android/gms/org/conscrypt/ConscryptHostnameVerifier;)V
D/dalvikvm( 1797): VFY: replacing opcode 0x6e at 0x0004
W/dalvikvm( 1797): Unable to resolve superclass of Lcom/google/android/gms/org/conscrypt/TrustManagerImpl; (5184)
W/dalvikvm( 1797): Link of class 'Lcom/google/android/gms/org/conscrypt/TrustManagerImpl;' failed
E/dalvikvm( 1797): Could not find class 'com.google.android.gms.org.conscrypt.TrustManagerImpl', referenced from method com.google.android.gms.org.conscrypt.Conscrypt.toConscrypt
W/dalvikvm( 1797): VFY: unable to resolve check-cast 4452 (Lcom/google/android/gms/org/conscrypt/TrustManagerImpl;) in Lcom/google/android/gms/org/conscrypt/Conscrypt;
D/dalvikvm( 1797): VFY: replacing opcode 0x1f at 0x002a
D/dalvikvm( 1568): GC_FOR_ALLOC freed 1189K, 51% free 7309K/14816K, paused 8ms, total 8ms
I/dalvikvm( 1777): Could not find method android.accounts.AccountManager.getPreviousName, referenced from method ayhp.d
D/dalvikvm( 2221): GC_FOR_ALLOC freed 2751K, 35% free 5811K/8812K, paused 4ms, total 4ms
W/dalvikvm( 1777): VFY: unable to resolve virtual method 271: Landroid/accounts/AccountManager;.getPreviousName (Landroid/accounts/Account;)Ljava/lang/String;
D/dalvikvm( 1777): VFY: replacing opcode 0x6e at 0x0024
I/dalvikvm( 1777): Could not find method android.accounts.AccountManager.removeAccount, referenced from method ymq.c
W/dalvikvm( 1777): VFY: unable to resolve virtual method 4165: Landroid/accounts/AccountManager;.removeAccount (Landroid/accounts/Account;Landroid/app/Activity;Landroid/accounts/AccountManagerCallback;Landroid/os/Handler;)Landroid/accounts/AccountManagerFuture;
D/dalvikvm( 1777): VFY: replacing opcode 0x6e at 0x0009
I/dalvikvm( 1777): Could not find method android.accounts.AccountManager.removeAccountExplicitly, referenced from method ymq.d
W/dalvikvm( 1777): VFY: unable to resolve virtual method 4166: Landroid/accounts/AccountManager;.removeAccountExplicitly (Landroid/accounts/Account;)Z
D/dalvikvm( 1777): VFY: replacing opcode 0x6e at 0x0008
D/dalvikvm( 1797): GC_FOR_ALLOC freed 369K, 16% free 3478K/4100K, paused 4ms, total 4ms
E/BluetoothAdapter( 1777): Bluetooth binder is null
I/NearbyDiscovery( 1777): Show notifications: 0 total, no changes since last shown, no-op. [CONTEXT service_id=49 ]
D/dalvikvm( 1797): GC_FOR_ALLOC freed 143K, 10% free 3835K/4240K, paused 2ms, total 2ms
D/dalvikvm( 1777): GC_FOR_ALLOC freed 682K, 14% free 6193K/7124K, paused 7ms, total 7ms
D/dalvikvm( 1797): GC_FOR_ALLOC freed 136K, 10% free 4175K/4596K, paused 3ms, total 3ms
D/dalvikvm( 1568): GC_FOR_ALLOC freed 1086K, 51% free 7306K/14816K, paused 14ms, total 15ms
I/dalvikvm( 1777): Could not find method android.app.AlarmManager.setExactAndAllowWhileIdle, referenced from method nio.a
W/dalvikvm( 1777): VFY: unable to resolve virtual method 2384: Landroid/app/AlarmManager;.setExactAndAllowWhileIdle (IJLandroid/app/PendingIntent;)V
D/dalvikvm( 1777): VFY: replacing opcode 0x6e at 0x000b
I/dalvikvm( 1777): Failed resolving Lnin; interface 549 'Landroid/app/AlarmManager$OnAlarmListener;'
W/dalvikvm( 1777): Link of class 'Lnin;' failed
W/dalvikvm( 1777): VFY: unable to find class referenced in signature (Lnin;)
I/dalvikvm( 1777): Could not find method android.app.AlarmManager.set, referenced from method nio.a
W/dalvikvm( 1777): VFY: unable to resolve virtual method 2381: Landroid/app/AlarmManager;.set (IJJJLandroid/app/AlarmManager$OnAlarmListener;Landroid/os/Handler;Landroid/os/WorkSource;)V
D/dalvikvm( 1777): VFY: replacing opcode 0x74 at 0x0024
I/dalvikvm( 1777): Failed resolving Lnin; interface 549 'Landroid/app/AlarmManager$OnAlarmListener;'
W/dalvikvm( 1777): Link of class 'Lnin;' failed
W/dalvikvm( 1777): VFY: unable to find class referenced in signature (Lnin;)
I/dalvikvm( 1777): Could not find method android.app.AlarmManager.cancel, referenced from method nio.a
W/dalvikvm( 1777): VFY: unable to resolve virtual method 2378: Landroid/app/AlarmManager;.cancel (Landroid/app/AlarmManager$OnAlarmListener;)V
D/dalvikvm( 1777): VFY: replacing opcode 0x6e at 0x0002
D/dalvikvm( 1797): GC_FOR_ALLOC freed 125K, 9% free 4506K/4936K, paused 2ms, total 2ms
I/dalvikvm( 1777): Could not find method android.os.UserManager.isManagedProfile, referenced from method ffl.a
W/dalvikvm( 1777): VFY: unable to resolve virtual method 4277: Landroid/os/UserManager;.isManagedProfile ()Z
D/dalvikvm( 1777): VFY: replacing opcode 0x6e at 0x0024
D/dalvikvm( 1797): GC_FOR_ALLOC freed 134K, 9% free 4822K/5284K, paused 4ms, total 4ms
I/dalvikvm( 1777): Could not find method android.app.admin.DevicePolicyManager.isProfileOwnerApp, referenced from method hbs.c
W/dalvikvm( 1777): VFY: unable to resolve virtual method 2595: Landroid/app/admin/DevicePolicyManager;.isProfileOwnerApp (Ljava/lang/String;)Z
D/dalvikvm( 1777): VFY: replacing opcode 0x6e at 0x0011
I/PackageManager( 1568): Running dexopt on: com.google.android.googlequicksearchbox
E/dalvikvm( 1797): Could not find class 'javax.net.ssl.SNIServerName', referenced from method com.google.android.gms.org.conscrypt.Platform.getSniHostnameFromParams
W/dalvikvm( 1797): VFY: unable to resolve check-cast 5160 (Ljavax/net/ssl/SNIServerName;) in Lcom/google/android/gms/org/conscrypt/Platform;
D/dalvikvm( 1797): VFY: replacing opcode 0x1f at 0x0025
E/dalvikvm( 1797): Could not find class 'javax.net.ssl.SNIHostName', referenced from method com.google.android.gms.org.conscrypt.Platform.setParametersSniHostname
W/dalvikvm( 1797): VFY: unable to resolve new-instance 5159 (Ljavax/net/ssl/SNIHostName;) in Lcom/google/android/gms/org/conscrypt/Platform;
D/dalvikvm( 1797): VFY: replacing opcode 0x22 at 0x0024
E/dalvikvm( 1797): Could not find class 'javax.net.ssl.SNIHostName', referenced from method com.google.android.gms.org.conscrypt.Platform.setParametersSniHostname
W/dalvikvm( 1797): VFY: unable to resolve new-instance 5159 (Ljavax/net/ssl/SNIHostName;) in Lcom/google/android/gms/org/conscrypt/Platform;
D/dalvikvm( 1797): VFY: replacing opcode 0x22 at 0x0024
D/dalvikvm( 1797): DexOpt: unable to opt direct call 0x52f9 at 0x2a in Lcom/google/android/gms/org/conscrypt/Platform;.setParametersSniHostname
D/dalvikvm( 1797): DexOpt: unable to opt direct call 0x52f9 at 0x2a in Lcom/google/android/gms/org/conscrypt/Platform;.setParametersSniHostname
W/linker  ( 2334): libdvm.so has text relocations. This is wasting memory and is a security risk. Please fix.
I/dalvikvm( 1777): Could not find method android.app.admin.DevicePolicyManager.getProfileOwner, referenced from method hbs.a
I/ActivityManager( 1568): Start proc com.google.android.googlequicksearchbox for broadcast com.google.android.googlequicksearchbox/com.google.android.searchcommon.summons.icing.InternalIcingCorporaProvider$CorporaChangedReceiver: pid=2321 uid=10013 gids={50013, 3003, 1028, 3002, 1015}
W/dalvikvm( 1777): VFY: unable to resolve virtual method 2591: Landroid/app/admin/DevicePolicyManager;.getProfileOwner ()Landroid/content/ComponentName;
D/dalvikvm( 1777): VFY: replacing opcode 0x6e at 0x0012
D/dalvikvm( 1797): GC_FOR_ALLOC freed 414K, 13% free 4977K/5708K, paused 2ms, total 2ms
I/ProviderInstaller( 1797): Installed default security provider GmsCore_OpenSSL
I/Safeboot( 1797): Checking safeboot...
I/Safeboot( 1797): Not entering safeboot; wrong process.
E/dalvikvm( 1797): Could not find class 'com.google.common.flogger.backend.google.GooglePlatform', referenced from method beui.a
W/dalvikvm( 1797): VFY: unable to resolve const-class 4605 (Lcom/google/common/flogger/backend/google/GooglePlatform;) in Lbeui;
D/dalvikvm( 1797): VFY: replacing opcode 0x1c at 0x001b
D/dalvikvm( 1568): GC_FOR_ALLOC freed 1069K, 51% free 7319K/14816K, paused 7ms, total 7ms
D/dalvikvm( 1568): GC_FOR_ALLOC freed 1087K, 51% free 7318K/14816K, paused 6ms, total 6ms
D/dalvikvm( 2334): DexOpt: 'Landroid/util/Pools$Pool;' has an earlier definition; blocking out
D/dalvikvm( 2334): DexOpt: 'Landroid/util/Pools$SimplePool;' has an earlier definition; blocking out
D/dalvikvm( 2334): DexOpt: 'Landroid/util/Pools$SynchronizedPool;' has an earlier definition; blocking out
D/dalvikvm( 2334): DexOpt: 'Landroid/util/Pools;' has an earlier definition; blocking out
D/dalvikvm( 1568): GC_FOR_ALLOC freed 1086K, 51% free 7318K/14816K, paused 7ms, total 7ms
D/dalvikvm( 1568): GC_FOR_ALLOC freed 1085K, 51% free 7318K/14816K, paused 6ms, total 6ms
D/dalvikvm( 2334): DexOpt: not verifying/optimizing 'Landroid/util/Pools$Pool;': multiple definitions
D/dalvikvm( 2334): DexOpt: not verifying/optimizing 'Landroid/util/Pools$SimplePool;': multiple definitions
D/dalvikvm( 2334): DexOpt: not verifying/optimizing 'Landroid/util/Pools$SynchronizedPool;': multiple definitions
D/dalvikvm( 2334): DexOpt: not verifying/optimizing 'Landroid/util/Pools;': multiple definitions
D/dalvikvm( 1568): GC_FOR_ALLOC freed 1085K, 51% free 7318K/14816K, paused 7ms, total 7ms
D/dalvikvm( 1568): GC_FOR_ALLOC freed 1085K, 51% free 7318K/14816K, paused 7ms, total 7ms
I/dalvikvm( 2334): DexOpt: not resolving ambiguous class 'Landroid/util/Pools$Pool;'
I/dalvikvm( 2334): DexOpt: not resolving ambiguous class 'Landroid/util/Pools$SynchronizedPool;'
D/dalvikvm( 1568): GC_FOR_ALLOC freed 1085K, 51% free 7318K/14816K, paused 6ms, total 6ms
D/dalvikvm( 1568): GC_FOR_ALLOC freed 1085K, 51% free 7318K/14816K, paused 5ms, total 5ms
D/dalvikvm( 1568): GC_FOR_ALLOC freed 1086K, 51% free 7318K/14816K, paused 6ms, total 6ms
D/dalvikvm( 1568): GC_FOR_ALLOC freed 1086K, 51% free 7318K/14816K, paused 6ms, total 6ms
D/dalvikvm( 1568): GC_FOR_ALLOC freed 1086K, 51% free 7318K/14816K, paused 6ms, total 6ms
D/dalvikvm( 1568): GC_FOR_ALLOC freed 1086K, 51% free 7318K/14816K, paused 5ms, total 5ms
D/dalvikvm( 2334): DexOpt: load 50ms, verify+opt 226ms, 5311084 bytes
D/dalvikvm( 1568): GC_FOR_ALLOC freed 1086K, 51% free 7318K/14816K, paused 7ms, total 7ms
I/NearbyDiscovery( 1777): DiscoveryService destroyed [CONTEXT service_id=49 ]
D/dalvikvm( 2221): GC_FOR_ALLOC freed 881K, 34% free 5873K/8812K, paused 9ms, total 10ms
I/Auth    ( 1777): [WorkAccountServiceImpl] init work authenticator
I/ActivityManager( 1568): Delay finish: com.google.android.googlequicksearchbox/com.google.android.searchcommon.summons.icing.InternalIcingCorporaProvider$CorporaChangedReceiver
I/Icing.InternalIcingCorporaProvider( 2321): Updating corpora: A: com.android.sdksetup, C: MAYBE
I/Auth    ( 1777): [WorkAccountServiceImpl] updating authenticator enabled state to: false
D/dalvikvm( 1797): GC_FOR_ALLOC freed 357K, 11% free 5275K/5912K, paused 6ms, total 6ms
I/Search.SharedPreferencesProto( 2321): load shared preferences: file not found
I/Search.SharedPreferencesProto( 2321): load shared preferences: file not found
I/dalvikvm( 2221): Could not find method android.app.AlarmManager.setExactAndAllowWhileIdle, referenced from method nio.a
W/dalvikvm( 2221): VFY: unable to resolve virtual method 2384: Landroid/app/AlarmManager;.setExactAndAllowWhileIdle (IJLandroid/app/PendingIntent;)V
I/auxu    ( 1797): Primes not initialized, returning default (no-op) Primes instance which will ignore all calls. Please call Primes.initialize(...) before using any Primes API.
D/dalvikvm( 2221): VFY: replacing opcode 0x6e at 0x000b
I/dalvikvm( 2221): Failed resolving Lnin; interface 549 'Landroid/app/AlarmManager$OnAlarmListener;'
W/dalvikvm( 2221): Link of class 'Lnin;' failed
W/dalvikvm( 2221): VFY: unable to find class referenced in signature (Lnin;)
I/dalvikvm( 2221): Could not find method android.app.AlarmManager.set, referenced from method nio.a
W/dalvikvm( 2221): VFY: unable to resolve virtual method 2381: Landroid/app/AlarmManager;.set (IJJJLandroid/app/AlarmManager$OnAlarmListener;Landroid/os/Handler;Landroid/os/WorkSource;)V
I/dalvikvm( 1797): Could not find method com.google.android.chimera.ContextThemeWrapper.createAttributionContext, referenced from method mnu.createAttributionContext
W/dalvikvm( 1797): VFY: unable to resolve virtual method 13785: Lcom/google/android/chimera/ContextThemeWrapper;.createAttributionContext (Ljava/lang/String;)Landroid/content/Context;
D/dalvikvm( 1797): VFY: replacing opcode 0x6f at 0x0002
I/dalvikvm( 1797): Could not find method android.content.ContextWrapper.createCredentialProtectedStorageContext, referenced from method mnu.createCredentialProtectedStorageContext
W/dalvikvm( 1797): VFY: unable to resolve virtual method 2508: Landroid/content/ContextWrapper;.createCredentialProtectedStorageContext ()Landroid/content/Context;
D/dalvikvm( 1797): VFY: replacing opcode 0x6f at 0x0002
I/dalvikvm( 1797): Could not find method android.content.ContextWrapper.createDeviceProtectedStorageContext, referenced from method mnu.createDeviceProtectedStorageContext
W/dalvikvm( 1797): VFY: unable to resolve virtual method 2509: Landroid/content/ContextWrapper;.createDeviceProtectedStorageContext ()Landroid/content/Context;
D/dalvikvm( 1797): VFY: replacing opcode 0x6f at 0x0002
D/dalvikvm( 2221): VFY: replacing opcode 0x74 at 0x0024
I/dalvikvm( 2221): Failed resolving Lnin; interface 549 'Landroid/app/AlarmManager$OnAlarmListener;'
W/dalvikvm( 2221): Link of class 'Lnin;' failed
W/dalvikvm( 2221): VFY: unable to find class referenced in signature (Lnin;)
E/ActivityThread( 2321): Failed to find provider info for com.google.android.voicesearch
I/dalvikvm( 2221): Could not find method android.app.AlarmManager.cancel, referenced from method nio.a
W/dalvikvm( 2221): VFY: unable to resolve virtual method 2378: Landroid/app/AlarmManager;.cancel (Landroid/app/AlarmManager$OnAlarmListener;)V
D/dalvikvm( 2221): VFY: replacing opcode 0x6e at 0x0002
I/dalvikvm( 1797): Could not find method android.content.Context.bindService, referenced from method uws.bindService
W/dalvikvm( 1797): VFY: unable to resolve virtual method 2453: Landroid/content/Context;.bindService (Landroid/content/Intent;ILjava/util/concurrent/Executor;Landroid/content/ServiceConnection;)Z
D/dalvikvm( 1797): VFY: replacing opcode 0x6e at 0x0018
I/dalvikvm( 1797): Could not find method android.content.Context.bindService, referenced from method uws.bindService
W/dalvikvm( 1797): VFY: unable to resolve virtual method 2453: Landroid/content/Context;.bindService (Landroid/content/Intent;ILjava/util/concurrent/Executor;Landroid/content/ServiceConnection;)Z
D/dalvikvm( 1797): VFY: replacing opcode 0x6e at 0x0030
I/dalvikvm( 1797): Could not find method android.content.Context.startForegroundService, referenced from method uws.startForegroundService
W/dalvikvm( 1797): VFY: unable to resolve virtual method 2501: Landroid/content/Context;.startForegroundService (Landroid/content/Intent;)Landroid/content/ComponentName;
D/dalvikvm( 1797): VFY: replacing opcode 0x6e at 0x001c
I/dalvikvm( 1797): Could not find method android.content.Context.startForegroundService, referenced from method uws.startForegroundService
W/dalvikvm( 1797): VFY: unable to resolve virtual method 2501: Landroid/content/Context;.startForegroundService (Landroid/content/Intent;)Landroid/content/ComponentName;
D/dalvikvm( 1797): VFY: replacing opcode 0x6e at 0x0028
I/dalvikvm( 1797): Could not find method android.os.PowerManager.isPowerSaveMode, referenced from method uwl.a
W/dalvikvm( 1797): VFY: unable to resolve virtual method 3047: Landroid/os/PowerManager;.isPowerSaveMode ()Z
D/dalvikvm( 1797): VFY: replacing opcode 0x6e at 0x0010
I/dalvikvm( 1777): Could not find method android.os.UserManager.isManagedProfile, referenced from method nmn.g
D/dalvikvm( 1568): GC_FOR_ALLOC freed 1057K, 51% free 7345K/14816K, paused 9ms, total 9ms
D/dalvikvm( 1797): GC_FOR_ALLOC freed 393K, 12% free 5608K/6312K, paused 3ms, total 3ms
W/dalvikvm( 1777): VFY: unable to resolve virtual method 4277: Landroid/os/UserManager;.isManagedProfile ()Z
E/ActivityThread( 2321): Failed to find provider info for com.google.android.partnersetup.rlzappprovider
I/Auth    ( 2221): [SupervisedAccountIntentOperation] onHandleIntent(): com.google.android.chimera.IntentOperation.NEW_MODULE
D/dalvikvm( 1777): VFY: replacing opcode 0x6e at 0x0012
I/dalvikvm( 1777): Could not find method android.app.admin.DevicePolicyManager.getAccountTypesWithManagementDisabled, referenced from method nmn.i
W/dalvikvm( 1777): VFY: unable to resolve virtual method 2586: Landroid/app/admin/DevicePolicyManager;.getAccountTypesWithManagementDisabled ()[Ljava/lang/String;
D/dalvikvm( 1777): VFY: replacing opcode 0x6e at 0x002b
I/Auth    ( 2221): [SupervisedAccountIntentOperation] This operation is disabled
I/dalvikvm( 2221): Could not find method android.os.UserManager.isManagedProfile, referenced from method nmn.g
W/dalvikvm( 2221): VFY: unable to resolve virtual method 4277: Landroid/os/UserManager;.isManagedProfile ()Z
D/dalvikvm( 2221): VFY: replacing opcode 0x6e at 0x0012
I/dalvikvm( 2221): Could not find method android.app.admin.DevicePolicyManager.getAccountTypesWithManagementDisabled, referenced from method nmn.i
W/dalvikvm( 2221): VFY: unable to resolve virtual method 2586: Landroid/app/admin/DevicePolicyManager;.getAccountTypesWithManagementDisabled ()[Ljava/lang/String;
D/dalvikvm( 2221): VFY: replacing opcode 0x6e at 0x002b
I/dalvikvm( 1797): Could not find method android.app.admin.DevicePolicyManager.isProfileOwnerApp, referenced from method hbs.c
W/dalvikvm( 1797): VFY: unable to resolve virtual method 2595: Landroid/app/admin/DevicePolicyManager;.isProfileOwnerApp (Ljava/lang/String;)Z
D/dalvikvm( 1797): VFY: replacing opcode 0x6e at 0x0011
I/dalvikvm( 1797): Could not find method android.app.admin.DevicePolicyManager.getProfileOwner, referenced from method hbs.a
W/dalvikvm( 1797): VFY: unable to resolve virtual method 2591: Landroid/app/admin/DevicePolicyManager;.getProfileOwner ()Landroid/content/ComponentName;
D/dalvikvm( 1797): VFY: replacing opcode 0x6e at 0x0012
I/dalvikvm( 1797): Could not find method android.app.NotificationManager.getCurrentInterruptionFilter, referenced from method nea.b
W/dalvikvm( 1797): VFY: unable to resolve virtual method 2504: Landroid/app/NotificationManager;.getCurrentInterruptionFilter ()I
D/dalvikvm( 1797): VFY: replacing opcode 0x6e at 0x0002
W/ActivityManager( 1568): Unable to start service Intent { act=com.google.android.gms.auth.key.retrieval.service.START pkg=com.google.android.gms } U=0: not found
I/ActivityManager( 1568): Resuming delayed broadcast
I/ActivityManager( 1568): Start proc com.google.android.googlequicksearchbox:launcher for broadcast com.google.android.googlequicksearchbox/com.google.android.gel.GelStubAppWatcher: pid=2361 uid=10013 gids={50013, 3003, 1028, 3002, 1015}
E/GmsClient( 2221): unable to connect to service: com.google.android.gms.auth.key.retrieval.service.START on com.google.android.gms
I/Icing   ( 2221): Using regular flags by method 2
W/ActivityManager( 1568): Unbind failed: could not find connection for android.os.BinderProxy@9d4a2b80
I/dalvikvm( 1797): Could not find method android.accounts.AccountManager.removeAccount, referenced from method ymq.c
W/dalvikvm( 1797): VFY: unable to resolve virtual method 4165: Landroid/accounts/AccountManager;.removeAccount (Landroid/accounts/Account;Landroid/app/Activity;Landroid/accounts/AccountManagerCallback;Landroid/os/Handler;)Landroid/accounts/AccountManagerFuture;
D/dalvikvm( 1797): VFY: replacing opcode 0x6e at 0x0009
I/dalvikvm( 1797): Could not find method android.accounts.AccountManager.removeAccountExplicitly, referenced from method ymq.d
W/dalvikvm( 1797): VFY: unable to resolve virtual method 4166: Landroid/accounts/AccountManager;.removeAccountExplicitly (Landroid/accounts/Account;)Z
D/dalvikvm( 1797): VFY: replacing opcode 0x6e at 0x0008
D/dalvikvm( 2321): GC_FOR_ALLOC freed 279K, 13% free 3227K/3692K, paused 12ms, total 12ms
D/dalvikvm( 1797): GC_FOR_ALLOC freed 317K, 10% free 6104K/6756K, paused 3ms, total 3ms
I/dalvikvm( 1797): Could not find method android.content.ServiceConnection.onNullBinding, referenced from method uxb.onNullBinding
W/dalvikvm( 1797): VFY: unable to resolve interface method 2566: Landroid/content/ServiceConnection;.onNullBinding (Landroid/content/ComponentName;)V
D/dalvikvm( 1797): VFY: replacing opcode 0x72 at 0x000f
D/dalvikvm( 1944): GC_FOR_ALLOC freed 1830K, 29% free 22861K/31944K, paused 3ms, total 4ms
I/GCoreUlr( 1777): WorldUpdater received intent Intent { act=com.google.android.location.reporting.ACTION_UPDATE_WORLD cmp=com.google.android.gms/com.google.android.location.reporting.service.DispatchingService (has extras) } with receiverAction android.location.PROVIDERS_CHANGED
I/Auth    ( 1797): [Change,AccountsChange] First snapshot
D/dalvikvm( 1797): GC_FOR_ALLOC freed 299K, 10% free 6740K/7412K, paused 6ms, total 6ms
D/dalvikvm( 1568): GC_FOR_ALLOC freed 1045K, 51% free 7392K/14816K, paused 8ms, total 13ms
W/WakefulBroadcastReceiv.( 1797): No active wake lock id #1
W/ContextImpl( 2321): Implicit intents with startService are not safe: Intent { act=com.google.android.gms.icing.INDEX_SERVICE } android.content.ContextWrapper.bindService:517 com.google.android.gms.internal.av.a:-1 com.google.android.gms.internal.au.connect:-1 
V/Launcher( 2361): LauncherAppState inited
D/dalvikvm( 2221): GC_FOR_ALLOC freed 683K, 31% free 6153K/8812K, paused 4ms, total 4ms
I/dalvikvm( 2221): Could not find method android.app.NotificationManager.getCurrentInterruptionFilter, referenced from method nea.b
W/dalvikvm( 2221): VFY: unable to resolve virtual method 2504: Landroid/app/NotificationManager;.getCurrentInterruptionFilter ()I
D/dalvikvm( 2221): VFY: replacing opcode 0x6e at 0x0002
D/AndroidRuntime( 2376): 
D/AndroidRuntime( 2376): >>>>>> AndroidRuntime START com.android.internal.os.RuntimeInit <<<<<<
W/linker  ( 2376): libdvm.so has text relocations. This is wasting memory and is a security risk. Please fix.
D/dalvikvm( 2361): GC_FOR_ALLOC freed 290K, 14% free 3204K/3684K, paused 4ms, total 4ms
I/PackageManager( 1568):   Action: "android.intent.action.SENDTO"
I/PackageManager( 1568):   Category: "android.intent.category.DEFAULT"
I/PackageManager( 1568):   Scheme: "sms"
I/PackageManager( 1568): Adding preferred activity ComponentInfo{com.android.mms/com.android.mms.ui.ComposeMessageActivity} for user 0 :
I/InputReader( 1568): Reconfiguring input devices.  changes=0x00000010
I/InputReader( 1568): Reconfiguring input devices.  changes=0x00000010
I/InputReader( 1568): Reconfiguring input devices.  changes=0x00000010
I/InputReader( 1568): Reconfiguring input devices.  changes=0x00000010
I/PackageManager( 1568):   Action: "android.intent.action.SENDTO"
I/PackageManager( 1568):   Category: "android.intent.category.DEFAULT"
I/PackageManager( 1568):   Scheme: "smsto"
I/PackageManager( 1568): Adding preferred activity ComponentInfo{com.android.mms/com.android.mms.ui.ComposeMessageActivity} for user 0 :
W/Launcher.Model( 2361): Nobody to tell about the new app.  Launcher is probably loading.
D/AndroidRuntime( 2376): CheckJNI is ON
D/dalvikvm( 2376): Trying to load lib libjavacore.so 0x0
D/dalvikvm( 2376): Added shared lib libjavacore.so 0x0
D/dalvikvm( 2376): Trying to load lib libnativehelper.so 0x0
D/dalvikvm( 2376): Added shared lib libnativehelper.so 0x0
D/dalvikvm( 2376): No JNI_OnLoad found in libnativehelper.so 0x0, skipping init
W/Launcher.Model( 2361): Nobody to tell about the new app.  Launcher is probably loading.
D/dalvikvm( 2376): Note: class Landroid/app/ActivityManagerNative; has 179 unimplemented (abstract) methods
D/dalvikvm( 1568): GC_FOR_ALLOC freed 1006K, 50% free 7485K/14816K, paused 15ms, total 15ms
I/PackageManager( 1568):   Action: "android.intent.action.SENDTO"
I/PackageManager( 1568):   Category: "android.intent.category.DEFAULT"
I/PackageManager( 1568):   Scheme: "mms"
I/PackageManager( 1568):   Action: "android.intent.action.SENDTO"
I/PackageManager( 1568):   Category: "android.intent.category.DEFAULT"
I/PackageManager( 1568):   Scheme: "mmsto"
I/PackageManager( 1568): Adding preferred activity ComponentInfo{com.android.mms/com.android.mms.ui.ComposeMessageActivity} for user 0 :
I/PackageManager( 1568): Adding preferred activity ComponentInfo{com.android.mms/com.android.mms.ui.ComposeMessageActivity} for user 0 :
I/PackageManager( 1568):   Action: "android.intent.action.SENDTO"
I/PackageManager( 1568):   Category: "android.intent.category.DEFAULT"
I/PackageManager( 1568):   Scheme: "sms"
W/Launcher.Model( 2361): Nobody to tell about the new app.  Launcher is probably loading.
I/PackageManager( 1568):   Action: "android.intent.action.SENDTO"
I/PackageManager( 1568):   Category: "android.intent.category.DEFAULT"
I/PackageManager( 1568):   Scheme: "smsto"
I/PackageManager( 1568): Adding preferred activity ComponentInfo{com.android.mms/com.android.mms.ui.ComposeMessageActivity} for user 0 :
I/PackageManager( 1568): Adding preferred activity ComponentInfo{com.android.mms/com.android.mms.ui.ComposeMessageActivity} for user 0 :
I/GCoreUlr( 1777): WorldUpdater:android.location.PROVIDERS_CHANGED: Ensuring that reporting is stopped because of reasons: (no Google accounts)
I/PackageManager( 1568):   Action: "android.intent.action.SENDTO"
I/PackageManager( 1568):   Category: "android.intent.category.DEFAULT"
I/PackageManager( 1568):   Scheme: "mms"
I/PackageManager( 1568): Adding preferred activity ComponentInfo{com.android.mms/com.android.mms.ui.ComposeMessageActivity} for user 0 :
D/dalvikvm( 1815): GC_FOR_ALLOC freed 452K, 16% free 3636K/4328K, paused 6ms, total 6ms
D/dalvikvm( 2361): GC_FOR_ALLOC freed 148K, 15% free 3330K/3876K, paused 5ms, total 5ms
I/PackageManager( 1568):   Action: "android.intent.action.SENDTO"
I/PackageManager( 1568):   Category: "android.intent.category.DEFAULT"
I/PackageManager( 1568):   Scheme: "mmsto"
I/PackageManager( 1568): Adding preferred activity ComponentInfo{com.android.mms/com.android.mms.ui.ComposeMessageActivity} for user 0 :
W/Launcher.Model( 2361): Nobody to tell about the new app.  Launcher is probably loading.
D/dalvikvm( 2221): GC_FOR_ALLOC freed 815K, 28% free 6393K/8812K, paused 5ms, total 6ms
I/GCoreUlr( 1777): Unbound from all signal providers.
D/dalvikvm( 1568): GC_FOR_ALLOC freed 1111K, 50% free 7491K/14816K, paused 7ms, total 7ms
I/PackageManager( 1568):   Action: "android.intent.action.SENDTO"
I/PackageManager( 1568):   Category: "android.intent.category.DEFAULT"
I/PackageManager( 1568):   Scheme: "sms"
I/PackageManager( 1568): Adding preferred activity ComponentInfo{com.android.mms/com.android.mms.ui.ComposeMessageActivity} for user 0 :
I/PackageManager( 1568):   Action: "android.intent.action.SENDTO"
I/PackageManager( 1568):   Category: "android.intent.category.DEFAULT"
I/PackageManager( 1568):   Scheme: "smsto"
E/memtrack( 2376): Couldn't load memtrack module (No such file or directory)
E/android.os.Debug( 2376): failed to load memtrack module: -2
I/PackageManager( 1568): Adding preferred activity ComponentInfo{com.android.mms/com.android.mms.ui.ComposeMessageActivity} for user 0 :
I/PackageManager( 1568):   Action: "android.intent.action.SENDTO"
I/PackageManager( 1568):   Category: "android.intent.category.DEFAULT"
I/PackageManager( 1568):   Scheme: "mms"
I/PackageManager( 1568): Adding preferred activity ComponentInfo{com.android.mms/com.android.mms.ui.ComposeMessageActivity} for user 0 :
I/PackageManager( 1568):   Action: "android.intent.action.SENDTO"
I/PackageManager( 1568):   Category: "android.intent.category.DEFAULT"
I/PackageManager( 1568):   Scheme: "mmsto"
I/PackageManager( 1568): Adding preferred activity ComponentInfo{com.android.mms/com.android.mms.ui.ComposeMessageActivity} for user 0 :
D/dalvikvm( 1815): GC_FOR_ALLOC freed 416K, 16% free 3649K/4332K, paused 2ms, total 2ms
I/PackageManager( 1568):   Action: "android.intent.action.SENDTO"
I/PackageManager( 1568):   Category: "android.intent.category.DEFAULT"
I/PackageManager( 1568):   Scheme: "sms"
I/PackageManager( 1568): Adding preferred activity ComponentInfo{com.android.mms/com.android.mms.ui.ComposeMessageActivity} for user 0 :
I/PackageManager( 1568):   Action: "android.intent.action.SENDTO"
I/PackageManager( 1568):   Category: "android.intent.category.DEFAULT"
I/PackageManager( 1568):   Scheme: "smsto"
I/PackageManager( 1568):   Action: "android.intent.action.SENDTO"
I/PackageManager( 1568):   Category: "android.intent.category.DEFAULT"
I/PackageManager( 1568):   Scheme: "mms"
I/PackageManager( 1568): Adding preferred activity ComponentInfo{com.android.mms/com.android.mms.ui.ComposeMessageActivity} for user 0 :
I/PackageManager( 1568): Adding preferred activity ComponentInfo{com.android.mms/com.android.mms.ui.ComposeMessageActivity} for user 0 :
I/PackageManager( 1568):   Action: "android.intent.action.SENDTO"
I/PackageManager( 1568):   Category: "android.intent.category.DEFAULT"
I/PackageManager( 1568):   Scheme: "mmsto"
I/PackageManager( 1568): Adding preferred activity ComponentInfo{com.android.mms/com.android.mms.ui.ComposeMessageActivity} for user 0 :
D/AndroidRuntime( 2376): Calling main entry com.android.commands.input.Input
I/Input   ( 2376): injectKeyEvent: KeyEvent { action=ACTION_DOWN, keyCode=KEYCODE_MENU, scanCode=0, metaState=0, flags=0x0, repeatCount=0, eventTime=19562, downTime=19562, deviceId=-1, source=0x101 }
D/dalvikvm( 1568): GC_FOR_ALLOC freed 1051K, 49% free 7568K/14816K, paused 10ms, total 10ms
I/NearbyDiscovery( 1777): DiscoveryNearbyMessagesManager failed to background unsubscribe [CONTEXT service_id=49 ]
I/NearbyDiscovery( 1777): java.util.concurrent.TimeoutException: Timed out waiting for Task
I/NearbyDiscovery( 1777): 	at amhe.a(:com.google.android.gms@202414005@20.24.14 (000700-319035315):22)
I/NearbyDiscovery( 1777): 	at aceb.b(:com.google.android.gms@202414005@20.24.14 (000700-319035315):5)
I/NearbyDiscovery( 1777): 	at acds.run(:com.google.android.gms@202414005@20.24.14 (000700-319035315):3)
I/NearbyDiscovery( 1777): 	at bkpr.handleMessage(:com.google.android.gms@202414005@20.24.14 (000700-319035315):9)
I/NearbyDiscovery( 1777): 	at android.os.Handler.dispatchMessage(Handler.java:102)
I/NearbyDiscovery( 1777): 	at ypf.a(:com.google.android.gms@202414005@20.24.14 (000700-319035315):2)
I/NearbyDiscovery( 1777): 	at ypf.dispatchMessage(:com.google.android.gms@202414005@20.24.14 (000700-319035315):14)
I/NearbyDiscovery( 1777): 	at android.os.Looper.loop(Looper.java:136)
I/NearbyDiscovery( 1777): 	at android.os.HandlerThread.run(HandlerThread.java:61)
I/NearbyDiscovery( 1777): EventStreamLoggingManager: destroy, unbind service [CONTEXT service_id=49 ]
W/NearbyShared( 1777): BTConnStateMgr: Already destroyed!
I/NearbyDiscovery( 1777): Show notifications: 0 total, no changes since last shown, no-op. [CONTEXT service_id=49 ]
I/Input   ( 2376): injectKeyEvent: KeyEvent { action=ACTION_UP, keyCode=KEYCODE_MENU, scanCode=0, metaState=0, flags=0x0, repeatCount=0, eventTime=19562, downTime=19562, deviceId=-1, source=0x101 }
E/ConfigFileUtils( 2221): Failed to read config file: /data/data/com.google.android.gms/app_chimera/current_fileapks.pb: open failed: ENOENT (No such file or directory)
I/Icing   ( 2221): IndexChimeraService.getServiceInterface callingPackage=com.google.android.googlequicksearchbox componentName=null serviceId=21
I/PackageManager( 1568):   Action: "android.intent.action.SENDTO"
I/PackageManager( 1568):   Category: "android.intent.category.DEFAULT"
I/PackageManager( 1568):   Scheme: "sms"
