D/dalvikvm( 1568): GC_FOR_ALLOC freed 872K, 52% free 7163K/14816K, paused 15ms, total 16ms
D/TelephonyDebugService( 1815): TelephonyDebugService()
D/MobileDataStateTracker( 1568): hipri: Received state=DISCONNECTED, old=DISCONNECTED, reason=roamingOff
D/MobileDataStateTracker( 1568): ims: Broadcast received: android.intent.action.ANY_DATA_STATE apnType=ims
D/ActivityThread( 2018): Loading provider com.android.email.provider;com.android.email.notifier: com.android.email.provider.EmailProvider
D/MobileDataStateTracker( 1568): ims: Received state=DISCONNECTED, old=DISCONNECTED, reason=roamingOff
D/MobileDataStateTracker( 1568): default: Broadcast received: android.intent.action.ANY_DATA_STATE apnType=default
D/MobileDataStateTracker( 1568): default: Received state=DISCONNECTED, old=DISCONNECTED, reason=roamingOff
D/MobileDataStateTracker( 1568): mms: Broadcast received: android.intent.action.ANY_DATA_STATE apnType=mms
D/MobileDataStateTracker( 1568): mms: Received state=DISCONNECTED, old=DISCONNECTED, reason=roamingOff
D/MobileDataStateTracker( 1568): cbs: Broadcast received: android.intent.action.ANY_DATA_STATE apnType=cbs
D/MobileDataStateTracker( 1568): cbs: Received state=DISCONNECTED, old=DISCONNECTED, reason=roamingOff
D/MobileDataStateTracker( 1568): fota: Broadcast received: android.intent.action.ANY_DATA_STATE apnType=fota
D/MobileDataStateTracker( 1568): fota: Received state=DISCONNECTED, old=DISCONNECTED, reason=roamingOff
D/MobileDataStateTracker( 1568): ia: Broadcast received: android.intent.action.ANY_DATA_STATE apnType=ia
D/MobileDataStateTracker( 1568): ia: Received state=DISCONNECTED, old=DISCONNECTED, reason=roamingOff
D/MobileDataStateTracker( 1568): supl: Broadcast received: android.intent.action.ANY_DATA_STATE apnType=supl
D/MobileDataStateTracker( 1568): supl: Received state=DISCONNECTED, old=DISCONNECTED, reason=roamingOff
D/MobileDataStateTracker( 1568): hipri: Broadcast received: android.intent.action.ANY_DATA_STATE apnType=hipri
D/MobileDataStateTracker( 1568): hipri: Received state=DISCONNECTED, old=DISCONNECTED, reason=roamingOff
D/MobileDataStateTracker( 1568): ims: Broadcast received: android.intent.action.ANY_DATA_STATE apnType=ims
D/MobileDataStateTracker( 1568): ims: Received state=DISCONNECTED, old=DISCONNECTED, reason=roamingOff
D/MobileDataStateTracker( 1568): default: Broadcast received: android.intent.action.ANY_DATA_STATE apnType=default
D/MobileDataStateTracker( 1568): default: Received state=DISCONNECTED, old=DISCONNECTED, reason=roamingOff
D/MobileDataStateTracker( 1568): mms: Broadcast received: android.intent.action.ANY_DATA_STATE apnType=mms
D/MobileDataStateTracker( 1568): mms: Received state=DISCONNECTED, old=DISCONNECTED, reason=roamingOff
D/MobileDataStateTracker( 1568): cbs: Broadcast received: android.intent.action.ANY_DATA_STATE apnType=cbs
D/MobileDataStateTracker( 1568): cbs: Received state=DISCONNECTED, old=DISCONNECTED, reason=roamingOff
D/AlarmManagerService( 1568): Kernel timezone updated to 300 minutes west of GMT
D/dalvikvm( 1815): GC_FOR_ALLOC freed 337K, 14% free 3428K/3948K, paused 3ms, total 3ms
I/LatinIME:LogUtils( 1763): Dictionary info: dictionary = main:en ; version = 42 ; date = 1381226516
I/SurfaceFlinger( 1144): Boot is finished (11570 ms)
I/LatinIME:LogUtils( 1763): Dictionary info: dictionary = main:en ; version = 42 ; date = 1381226516
D/MobileDataStateTracker( 1568): fota: Broadcast received: android.intent.action.ANY_DATA_STATE apnType=fota
D/MobileDataStateTracker( 1568): fota: Received state=DISCONNECTED, old=DISCONNECTED, reason=dataAttached
D/MobileDataStateTracker( 1568): ia: Broadcast received: android.intent.action.ANY_DATA_STATE apnType=ia
D/MobileDataStateTracker( 1568): ia: Received state=DISCONNECTED, old=DISCONNECTED, reason=dataAttached
D/MobileDataStateTracker( 1568): supl: Broadcast received: android.intent.action.ANY_DATA_STATE apnType=supl
D/MobileDataStateTracker( 1568): supl: Received state=DISCONNECTED, old=DISCONNECTED, reason=dataAttached
D/MobileDataStateTracker( 1568): hipri: Broadcast received: android.intent.action.ANY_DATA_STATE apnType=hipri
D/MobileDataStateTracker( 1568): hipri: Received state=DISCONNECTED, old=DISCONNECTED, reason=dataAttached
D/MobileDataStateTracker( 1568): ims: Broadcast received: android.intent.action.ANY_DATA_STATE apnType=ims
D/MobileDataStateTracker( 1568): ims: Received state=DISCONNECTED, old=DISCONNECTED, reason=dataAttached
D/MobileDataStateTracker( 1568): mms: Broadcast received: android.intent.action.ANY_DATA_STATE apnType=mms
D/MobileDataStateTracker( 1568): mms: Received state=DISCONNECTED, old=DISCONNECTED, reason=dataAttached
I/LatinIME:LogUtils( 1763): Dictionary info: dictionary = main:en ; version = 42 ; date = 1381226516
D/MobileDataStateTracker( 1568): cbs: Broadcast received: android.intent.action.ANY_DATA_STATE apnType=cbs
D/MobileDataStateTracker( 1568): cbs: Received state=DISCONNECTED, old=DISCONNECTED, reason=dataAttached
D/MobileDataStateTracker( 1568): fota: Broadcast received: android.intent.action.ANY_DATA_STATE apnType=fota
D/MobileDataStateTracker( 1568): fota: Received state=DISCONNECTED, old=DISCONNECTED, reason=dataAttached
D/MobileDataStateTracker( 1568): ia: Broadcast received: android.intent.action.ANY_DATA_STATE apnType=ia
D/MobileDataStateTracker( 1568): ia: Received state=DISCONNECTED, old=DISCONNECTED, reason=dataAttached
D/MobileDataStateTracker( 1568): supl: Broadcast received: android.intent.action.ANY_DATA_STATE apnType=supl
D/MobileDataStateTracker( 1568): supl: Received state=DISCONNECTED, old=DISCONNECTED, reason=dataAttached
D/MobileDataStateTracker( 1568): hipri: Broadcast received: android.intent.action.ANY_DATA_STATE apnType=hipri
D/MobileDataStateTracker( 1568): hipri: Received state=DISCONNECTED, old=DISCONNECTED, reason=dataAttached
D/MobileDataStateTracker( 1568): ims: Broadcast received: android.intent.action.ANY_DATA_STATE apnType=ims
D/MobileDataStateTracker( 1568): ims: Received state=DISCONNECTED, old=DISCONNECTED, reason=dataAttached
D/MobileDataStateTracker( 1568): mms: Broadcast received: android.intent.action.ANY_DATA_STATE apnType=mms
D/MobileDataStateTracker( 1568): mms: Received state=DISCONNECTED, old=DISCONNECTED, reason=dataAttached
D/MobileDataStateTracker( 1568): cbs: Broadcast received: android.intent.action.ANY_DATA_STATE apnType=cbs
D/MobileDataStateTracker( 1568): cbs: Received state=DISCONNECTED, old=DISCONNECTED, reason=dataAttached
I/DownloadManager( 1838): Download 4 starting
W/DownloadManager( 1838): Aborting request for download 4: NO_CONNECTION
I/DownloadManager( 1838): Download 4 finished with status WAITING_FOR_NETWORK
D/MccTable( 1815): updateMccMncConfiguration: mcc=310, mnc=260
D/MccTable( 1815): getLocaleFromMcc to en_us mcc=310
D/MccTable( 1815): getLocaleForLanguageCountry: got match
D/MccTable( 1815): getLocaleForLanguageCountry: X locale=en_US
D/MccTable( 1815): WIFI_COUNTRY_CODE set to us
D/dalvikvm( 1944): GC_FOR_ALLOC freed 231K, 18% free 21675K/26216K, paused 5ms, total 7ms
I/DownloadManager( 1838): Download 5 starting
D/EGL_emulation( 1654): eglMakeCurrent: 0xb82bc180: ver 3 0
I/WifiService( 1568): WifiService trying to set country code to us with persist set to true
D/MccTable( 1815): updateMccMncConfiguration updateConfig config={1.0 310mcc260mnc en_US ldltr ?swdp ?wdp ?hdp ?density ?lsize ?long ?orien ?uimode ?night ?touch ?keyb/?/? ?nav/?}
I/ActivityManager( 1568): Config changes=3 {1.0 310mcc260mnc en_US ldltr sw411dp w411dp h658dp 420dpi nrml port finger qwerty/v/v dpad/v s.5}
D/EGL_emulation( 1654): eglMakeCurrent: 0xb82bc180: ver 3 0
D/PermissionCache( 1144): checking android.permission.READ_FRAME_BUFFER for uid=1000 => granted (1112 us)
D/gralloc_ranchu( 1144): gralloc_alloc: Creating ashmem region of size 8294400
W/DownloadManager( 1838): Aborting request for download 5: NO_CONNECTION
D/PhoneStatusBar( 1654): mSettingsPanelGravity = 55
D/EGL_emulation( 1654): eglMakeCurrent: 0xb82bc180: ver 3 0
I/DownloadManager( 1838): Download 5 finished with status WAITING_FOR_NETWORK
I/DownloadManager( 1838): Download 6 starting
W/DownloadManager( 1838): Aborting request for download 6: NO_CONNECTION
D/dalvikvm( 1944): GC_FOR_ALLOC freed 7374K, 45% free 14433K/26216K, paused 7ms, total 7ms
I/dalvikvm-heap( 1944): Grow heap (frag case) to 21.394MB for 7464972-byte allocation
D/dalvikvm( 1944): GC_FOR_ALLOC freed 3K, 18% free 21719K/26216K, paused 2ms, total 2ms
I/DownloadManager( 1838): Download 6 finished with status WAITING_FOR_NETWORK
D/EGL_emulation( 1654): eglMakeCurrent: 0xb82bc180: ver 3 0
D/EGL_emulation( 1654): eglMakeCurrent: 0xb82bc180: ver 3 0
D/MccTable( 1815): updateMccMncConfiguration: mcc=310, mnc=260
D/MccTable( 1815): getLocaleFromMcc to en_us mcc=310
D/MccTable( 1815): getLocaleForLanguageCountry: skipping already persisted
D/MccTable( 1815): getLocaleForLanguageCountry: X locale=null
D/MccTable( 1815): WIFI_COUNTRY_CODE set to us
I/WifiService( 1568): WifiService trying to set country code to us with persist set to true
D/MccTable( 1815): updateMccMncConfiguration updateConfig config={1.0 310mcc260mnc ?locale ?layoutDir ?swdp ?wdp ?hdp ?density ?lsize ?long ?orien ?uimode ?night ?touch ?keyb/?/? ?nav/?}
D/dalvikvm( 1815): GC_FOR_ALLOC freed 401K, 15% free 3540K/4124K, paused 2ms, total 2ms
D/Launcher.Model( 1944): Reload apps on config change. curr_mcc:310 prevmcc:0
D/dalvikvm( 1815): GC_FOR_ALLOC freed 509K, 17% free 3543K/4236K, paused 3ms, total 3ms
D/EGL_emulation( 1944): eglMakeCurrent: 0xb82f1a60: ver 3 0
E/EGL_emulation( 1944): tid 1944: eglSurfaceAttrib(1199): error 0x3009 (EGL_BAD_MATCH)
W/HardwareRenderer( 1944): Backbuffer cannot be preserved
D/MobileDataStateTracker( 1568): fota: Broadcast received: android.intent.action.ANY_DATA_STATE apnType=fota
D/MobileDataStateTracker( 1568): fota: Received state=DISCONNECTED, old=DISCONNECTED, reason=simLoaded
D/MobileDataStateTracker( 1568): ia: Broadcast received: android.intent.action.ANY_DATA_STATE apnType=ia
D/MobileDataStateTracker( 1568): ia: Received state=DISCONNECTED, old=DISCONNECTED, reason=simLoaded
D/MobileDataStateTracker( 1568): supl: Broadcast received: android.intent.action.ANY_DATA_STATE apnType=supl
D/MobileDataStateTracker( 1568): supl: Received state=DISCONNECTED, old=DISCONNECTED, reason=simLoaded
D/MobileDataStateTracker( 1568): hipri: Broadcast received: android.intent.action.ANY_DATA_STATE apnType=hipri
D/MobileDataStateTracker( 1568): hipri: Received state=DISCONNECTED, old=DISCONNECTED, reason=simLoaded
D/MobileDataStateTracker( 1568): ims: Broadcast received: android.intent.action.ANY_DATA_STATE apnType=ims
D/MobileDataStateTracker( 1568): ims: Received state=DISCONNECTED, old=DISCONNECTED, reason=simLoaded
D/MobileDataStateTracker( 1568): mms: Broadcast received: android.intent.action.ANY_DATA_STATE apnType=mms
D/MobileDataStateTracker( 1568): mms: Received state=DISCONNECTED, old=DISCONNECTED, reason=simLoaded
D/MobileDataStateTracker( 1568): cbs: Broadcast received: android.intent.action.ANY_DATA_STATE apnType=cbs
D/MobileDataStateTracker( 1568): cbs: Received state=DISCONNECTED, old=DISCONNECTED, reason=simLoaded
D/MobileDataStateTracker( 1568): default: Broadcast received: android.intent.action.ANY_DATA_STATE apnType=default
W/ActivityManager( 1568): Unable to start service Intent { cmp=com.android.email/.service.AttachmentDownloadService } U=0: not found
D/MobileDataStateTracker( 1568): default: Received state=CONNECTING, old=DISCONNECTED, reason=simLoaded
D/MobileDataStateTracker( 1568): default: setDetailed state, old =IDLE and new state=CONNECTING
D/MobileDataStateTracker( 1568): fota: Broadcast received: android.intent.action.ANY_DATA_STATE apnType=fota
D/MobileDataStateTracker( 1568): fota: Received state=DISCONNECTED, old=DISCONNECTED, reason=simLoaded
D/MobileDataStateTracker( 1568): ia: Broadcast received: android.intent.action.ANY_DATA_STATE apnType=ia
D/MobileDataStateTracker( 1568): ia: Received state=DISCONNECTED, old=DISCONNECTED, reason=simLoaded
D/MobileDataStateTracker( 1568): supl: Broadcast received: android.intent.action.ANY_DATA_STATE apnType=supl
D/MobileDataStateTracker( 1568): supl: Received state=DISCONNECTED, old=DISCONNECTED, reason=simLoaded
D/MobileDataStateTracker( 1568): hipri: Broadcast received: android.intent.action.ANY_DATA_STATE apnType=hipri
D/MobileDataStateTracker( 1568): hipri: Received state=DISCONNECTED, old=DISCONNECTED, reason=simLoaded
D/dalvikvm( 1944): GC_FOR_ALLOC freed 13245K, 40% free 10489K/17360K, paused 6ms, total 6ms
D/MobileDataStateTracker( 1568): ims: Broadcast received: android.intent.action.ANY_DATA_STATE apnType=ims
D/MobileDataStateTracker( 1568): ims: Received state=DISCONNECTED, old=DISCONNECTED, reason=simLoaded
D/MobileDataStateTracker( 1568): mms: Broadcast received: android.intent.action.ANY_DATA_STATE apnType=mms
D/MobileDataStateTracker( 1568): mms: Received state=DISCONNECTED, old=DISCONNECTED, reason=simLoaded
D/MobileDataStateTracker( 1568): cbs: Broadcast received: android.intent.action.ANY_DATA_STATE apnType=cbs
D/MobileDataStateTracker( 1568): cbs: Received state=DISCONNECTED, old=DISCONNECTED, reason=simLoaded
D/MobileDataStateTracker( 1568): default: Broadcast received: android.intent.action.ANY_DATA_STATE apnType=default
D/dalvikvm( 1815): GC_FOR_ALLOC freed 439K, 16% free 3567K/4236K, paused 4ms, total 4ms
I/Email   ( 2018): Observing account changes for notifications
D/MobileDataStateTracker( 1568): default: Received state=CONNECTED, old=CONNECTING, reason=connected
D/MobileDataStateTracker( 1568): default: setDetailed state, old =CONNECTING and new state=CONNECTED
D/ConnectivityService( 1568): ConnectivityChange for mobile: CONNECTED/CONNECTED
D/ConnectivityService( 1568): ConnectivityChange checkMobileProvisioning for TYPE_MOBILE or ProvisioningNetwork
D/ConnectivityService( 1568): checkMobileProvisioning: E suggestedTimeOutMs=60000
D/ConnectivityService( 1568): setProvNotificationVisible: E visible=false networkType=5 extraInfo=null url=null
D/ConnectivityService( 1568): checkMobileProvisioning: params={ url=http://clients3.google.com/generate_204 mTimeOutMs=60000 mCb=com.android.server.ConnectivityService$5@9d3207a8}
D/ConnectivityService( 1568): checkMobileProvisioning: X
D/dalvikvm( 1568): GC_FOR_ALLOC freed 1003K, 52% free 7198K/14816K, paused 7ms, total 9ms
I/dalvikvm-heap( 1944): Grow heap (frag case) to 17.542MB for 7464972-byte allocation
D/MobileDataStateTracker( 1568): default: isProvisioningNetwork: retVal=false
D/ConnectivityService( 1568): [CheckMp] isMobileOk: isDefaultProvisioning=false
D/MobileDataStateTracker( 1568): hipri: isProvisioningNetwork: retVal=false
D/ConnectivityService( 1568): [CheckMp] isMobileOk: isHipriProvisioning=false
D/ConnectivityService( 1568): [CheckMp] isMobileOk: start hipri url=http://clients3.google.com/generate_204
D/ConnectivityService( 1568): startUsingNetworkFeature reconnecting to 0: enableHIPRI
D/dalvikvm( 1944): GC_FOR_ALLOC freed 99K, 29% free 17679K/24652K, paused 4ms, total 4ms
D/MobileDataStateTracker( 1568): hipri: Broadcast received: android.intent.action.ANY_DATA_STATE apnType=hipri
D/MobileDataStateTracker( 1568): hipri: Received state=CONNECTING, old=DISCONNECTED, reason=dataEnabled
D/MobileDataStateTracker( 1568): hipri: setDetailed state, old =IDLE and new state=CONNECTING
D/MobileDataStateTracker( 1568): fota: Broadcast received: android.intent.action.ANY_DATA_STATE apnType=fota
D/ConnectivityService( 1568): startUsingNetworkFeature X: return APN_REQUEST_STARTED
D/MobileDataStateTracker( 1568): fota: Received state=DISCONNECTED, old=DISCONNECTED, reason=dataEnabled
D/MobileDataStateTracker( 1568): ia: Broadcast received: android.intent.action.ANY_DATA_STATE apnType=ia
D/MobileDataStateTracker( 1568): ia: Received state=DISCONNECTED, old=DISCONNECTED, reason=dataEnabled
D/MobileDataStateTracker( 1568): supl: Broadcast received: android.intent.action.ANY_DATA_STATE apnType=supl
D/MobileDataStateTracker( 1568): supl: Received state=DISCONNECTED, old=DISCONNECTED, reason=dataEnabled
D/MobileDataStateTracker( 1568): ims: Broadcast received: android.intent.action.ANY_DATA_STATE apnType=ims
D/MobileDataStateTracker( 1568): ims: Received state=DISCONNECTED, old=DISCONNECTED, reason=dataEnabled
D/MobileDataStateTracker( 1568): mms: Broadcast received: android.intent.action.ANY_DATA_STATE apnType=mms
D/MobileDataStateTracker( 1568): mms: Received state=DISCONNECTED, old=DISCONNECTED, reason=dataEnabled
D/MobileDataStateTracker( 1568): cbs: Broadcast received: android.intent.action.ANY_DATA_STATE apnType=cbs
D/MobileDataStateTracker( 1568): cbs: Received state=DISCONNECTED, old=DISCONNECTED, reason=dataEnabled
D/ConnectivityService( 1568): [CheckMp] isMobileOk: hipri started
D/MobileDataStateTracker( 1568): hipri: Broadcast received: android.intent.action.ANY_DATA_STATE apnType=hipri
D/MobileDataStateTracker( 1568): hipri: Received state=CONNECTED, old=CONNECTING, reason=dataEnabled
D/MobileDataStateTracker( 1568): hipri: setDetailed state, old =IDLE and new state=CONNECTED
D/MobileDataStateTracker( 1568): hipri: isProvisioningNetwork: retVal=false
D/ConnectivityService( 1568): [CheckMp] isMobileOk: isProvisioningNetwork is false, continue
D/Nat464Xlat( 1568): requiresClat: netType=0, hasIPv4Address=true
D/ConnectivityService( 1568): ConnectivityChange for mobile_hipri: CONNECTED/CONNECTED
W/ActivityManager( 1568): Unable to start service Intent { cmp=com.android.email/.service.AttachmentDownloadService } U=0: not found
I/WindowManager( 1568): Screen frozen for +341ms due to Window{9d4ec920 u0 com.android.launcher/com.android.launcher2.Launcher}
D/dalvikvm( 2018): GC_FOR_ALLOC freed 298K, 14% free 3194K/3680K, paused 3ms, total 3ms
D/ConnectivityService( 1568): [CheckMp] isMobileOk: addresses=clients3.google.com/172.217.13.110,clients3.google.com/2607:f8b0:4020:804::200e
D/ConnectivityService( 1568): [CheckMp] isMobileOk: linkHasIpv4=true linkHasIpv6=false
D/dalvikvm( 1944): GC_FOR_ALLOC freed 849K, 24% free 18832K/24652K, paused 3ms, total 3ms
D/Launcher.Model( 1944): going to save icon bitmap for info=ShortcutInfo(title=Browserintent=Intent { act=android.intent.action.MAIN cat=[android.intent.category.LAUNCHER] flg=0x10200000 cmp=com.android.browser/.BrowserActivity }id=12 type=0 container=-101 screen=4 cellX=4 cellY=0 spanX=1 spanY=1 dropPos=null)
I/Launcher.Model( 1944): not binding apps: no Launcher activity
D/ConnectivityService( 1568): requestRouteToHostAddress ok=true
D/ConnectivityService( 1568): [CheckMp] isMobileOk: wait to establish route to hostAddr=clients3.google.com/172.217.13.110
D/Nat464Xlat( 1568): requiresClat: netType=5, hasIPv4Address=true
D/Launcher.Model( 1944): going to save icon bitmap for info=ShortcutInfo(title=Peopleintent=Intent { act=android.intent.action.MAIN cat=[android.intent.category.LAUNCHER] flg=0x10200000 cmp=com.android.contacts/.activities.PeopleActivity }id=8 type=0 container=-101 screen=1 cellX=1 cellY=0 spanX=1 spanY=1 dropPos=null)
D/Launcher.Model( 1944): going to save icon bitmap for info=ShortcutInfo(title=Messagingintent=Intent { act=android.intent.action.MAIN cat=[android.intent.category.LAUNCHER] flg=0x10200000 cmp=com.android.mms/.ui.ConversationList }id=10 type=0 container=-101 screen=3 cellX=3 cellY=0 spanX=1 spanY=1 dropPos=null)
D/Launcher.Model( 1944): going to save icon bitmap for info=ShortcutInfo(title=Phoneintent=Intent { act=android.intent.action.MAIN cat=[android.intent.category.LAUNCHER] flg=0x10200000 cmp=com.android.dialer/.DialtactsActivity }id=6 type=0 container=-101 screen=0 cellX=0 cellY=0 spanX=1 spanY=1 dropPos=null)
D/Launcher.Model( 1944): going to save icon bitmap for info=ShortcutInfo(title=Settingsintent=Intent { act=android.intent.action.MAIN cat=[android.intent.category.LAUNCHER] flg=0x10200000 cmp=com.android.settings/.Settings }id=4 type=0 container=-100 screen=3 cellX=2 cellY=3 spanX=1 spanY=1 dropPos=null)
D/dalvikvm( 1944): GC_FOR_ALLOC freed 1320K, 26% free 18301K/24652K, paused 2ms, total 7ms
I/dalvikvm-heap( 1944): Grow heap (frag case) to 25.171MB for 7464972-byte allocation
D/dalvikvm( 1944): GC_FOR_ALLOC freed 19K, 20% free 25572K/31944K, paused 3ms, total 4ms
D/dalvikvm( 1944): GC_FOR_ALLOC freed 7307K, 38% free 19869K/31944K, paused 3ms, total 3ms
D/dalvikvm( 1944): GC_FOR_ALLOC freed <1K, 33% free 21419K/31944K, paused 3ms, total 3ms
I/MultiDex( 1777): Renaming to /data/data/com.google.android.gms/code_cache/secondary-dexes/PrebuiltGmsCore.apk.classes3.zip
I/MultiDex( 1777): Extraction succeeded '/data/data/com.google.android.gms/code_cache/secondary-dexes/PrebuiltGmsCore.apk.classes3.zip': length 3069570 - crc: 1812373452
I/MultiDex( 1777): Extraction is needed for file /data/data/com.google.android.gms/code_cache/secondary-dexes/PrebuiltGmsCore.apk.classes4.zip
I/MultiDex( 1777): Extracting /data/data/com.google.android.gms/code_cache/secondary-dexes/tmp-PrebuiltGmsCore.apk.classes1542261484.zip
D/dalvikvm( 1944): GC_FOR_ALLOC freed 817K, 30% free 22644K/31944K, paused 2ms, total 3ms
D/AndroidRuntime( 2094): 
D/AndroidRuntime( 2094): >>>>>> AndroidRuntime START com.android.internal.os.RuntimeInit <<<<<<
W/linker  ( 2094): libdvm.so has text relocations. This is wasting memory and is a security risk. Please fix.
D/AndroidRuntime( 2094): CheckJNI is ON
D/dalvikvm( 2094): Trying to load lib libjavacore.so 0x0
D/dalvikvm( 2094): Added shared lib libjavacore.so 0x0
D/dalvikvm( 2094): Trying to load lib libnativehelper.so 0x0
D/dalvikvm( 2094): Added shared lib libnativehelper.so 0x0
D/dalvikvm( 2094): No JNI_OnLoad found in libnativehelper.so 0x0, skipping init
D/dalvikvm( 2094): Note: class Landroid/app/ActivityManagerNative; has 179 unimplemented (abstract) methods
E/memtrack( 2094): Couldn't load memtrack module (No such file or directory)
E/android.os.Debug( 2094): failed to load memtrack module: -2
D/AndroidRuntime( 2094): Calling main entry com.android.commands.pm.Pm
D/AndroidRuntime( 2094): Shutting down VM
D/jdwp    ( 2094): Got wake-up signal, bailing out of select
D/dalvikvm( 2094): Debugger has detached; object registry had 1 entries
I/AndroidRuntime( 2094): NOTE: attach of thread 'Binder_1' failed
I/MultiDex( 1777): Renaming to /data/data/com.google.android.gms/code_cache/secondary-dexes/PrebuiltGmsCore.apk.classes4.zip
I/MultiDex( 1777): Extraction succeeded '/data/data/com.google.android.gms/code_cache/secondary-dexes/PrebuiltGmsCore.apk.classes4.zip': length 3729559 - crc: 3858303340
I/MultiDex( 1777): Extraction is needed for file /data/data/com.google.android.gms/code_cache/secondary-dexes/PrebuiltGmsCore.apk.classes5.zip
I/MultiDex( 1777): Extracting /data/data/com.google.android.gms/code_cache/secondary-dexes/tmp-PrebuiltGmsCore.apk.classes1438603268.zip
D/AndroidRuntime( 2104): 
D/AndroidRuntime( 2104): >>>>>> AndroidRuntime START com.android.internal.os.RuntimeInit <<<<<<
W/linker  ( 2104): libdvm.so has text relocations. This is wasting memory and is a security risk. Please fix.
D/AndroidRuntime( 2104): CheckJNI is ON
D/dalvikvm( 2104): Trying to load lib libjavacore.so 0x0
D/dalvikvm( 2104): Added shared lib libjavacore.so 0x0
D/dalvikvm( 2104): Trying to load lib libnativehelper.so 0x0
D/dalvikvm( 2104): Added shared lib libnativehelper.so 0x0
D/dalvikvm( 2104): No JNI_OnLoad found in libnativehelper.so 0x0, skipping init
D/dalvikvm( 2104): Note: class Landroid/app/ActivityManagerNative; has 179 unimplemented (abstract) methods
E/memtrack( 2104): Couldn't load memtrack module (No such file or directory)
E/android.os.Debug( 2104): failed to load memtrack module: -2
D/AndroidRuntime( 2104): Calling main entry com.android.commands.pm.Pm
D/AndroidRuntime( 2104): Shutting down VM
D/jdwp    ( 2104): Got wake-up signal, bailing out of select
D/dalvikvm( 2104): Debugger has detached; object registry had 1 entries
I/AndroidRuntime( 2104): NOTE: attach of thread 'Binder_1' failed
D/AndroidRuntime( 2114): 
D/AndroidRuntime( 2114): >>>>>> AndroidRuntime START com.android.internal.os.RuntimeInit <<<<<<
W/linker  ( 2114): libdvm.so has text relocations. This is wasting memory and is a security risk. Please fix.
D/AndroidRuntime( 2114): CheckJNI is ON
D/dalvikvm( 2114): Trying to load lib libjavacore.so 0x0
D/dalvikvm( 2114): Added shared lib libjavacore.so 0x0
D/dalvikvm( 2114): Trying to load lib libnativehelper.so 0x0
D/dalvikvm( 2114): Added shared lib libnativehelper.so 0x0
D/dalvikvm( 2114): No JNI_OnLoad found in libnativehelper.so 0x0, skipping init
D/dalvikvm( 2114): Note: class Landroid/app/ActivityManagerNative; has 179 unimplemented (abstract) methods
E/memtrack( 2114): Couldn't load memtrack module (No such file or directory)
E/android.os.Debug( 2114): failed to load memtrack module: -2
D/AndroidRuntime( 2114): Calling main entry com.android.commands.pm.Pm
D/AndroidRuntime( 2114): Shutting down VM
D/jdwp    ( 2114): Got wake-up signal, bailing out of select
D/dalvikvm( 2114): Debugger has detached; object registry had 1 entries
I/AndroidRuntime( 2114): NOTE: attach of thread 'Binder_1' failed
I/MultiDex( 1777): Renaming to /data/data/com.google.android.gms/code_cache/secondary-dexes/PrebuiltGmsCore.apk.classes5.zip
I/MultiDex( 1777): Extraction succeeded '/data/data/com.google.android.gms/code_cache/secondary-dexes/PrebuiltGmsCore.apk.classes5.zip': length 3584837 - crc: 4123503416
I/MultiDex( 1777): Extraction is needed for file /data/data/com.google.android.gms/code_cache/secondary-dexes/PrebuiltGmsCore.apk.classes6.zip
I/MultiDex( 1777): Extracting /data/data/com.google.android.gms/code_cache/secondary-dexes/tmp-PrebuiltGmsCore.apk.classes-2025998353.zip
D/AndroidRuntime( 2129): 
D/AndroidRuntime( 2129): >>>>>> AndroidRuntime START com.android.internal.os.RuntimeInit <<<<<<
W/linker  ( 2129): libdvm.so has text relocations. This is wasting memory and is a security risk. Please fix.
D/AndroidRuntime( 2129): CheckJNI is ON
D/dalvikvm( 2129): Trying to load lib libjavacore.so 0x0
D/dalvikvm( 2129): Added shared lib libjavacore.so 0x0
D/dalvikvm( 2129): Trying to load lib libnativehelper.so 0x0
D/dalvikvm( 2129): Added shared lib libnativehelper.so 0x0
D/dalvikvm( 2129): No JNI_OnLoad found in libnativehelper.so 0x0, skipping init
D/dalvikvm( 2129): Note: class Landroid/app/ActivityManagerNative; has 179 unimplemented (abstract) methods
E/memtrack( 2129): Couldn't load memtrack module (No such file or directory)
E/android.os.Debug( 2129): failed to load memtrack module: -2
D/AndroidRuntime( 2129): Calling main entry com.android.commands.pm.Pm
I/ActivityManager( 1568): Start proc com.android.defcontainer for service com.android.defcontainer/.DefaultContainerService: pid=2139 uid=10003 gids={50003, 1028, 1015, 1023, 2001, 1035}
I/PackageManager( 1568): Running dexopt on: com.android.defcontainer
W/linker  ( 2152): libdvm.so has text relocations. This is wasting memory and is a security risk. Please fix.
D/dalvikvm( 2152): DexOpt: load 1ms, verify+opt 1ms, 201428 bytes
W/ActivityManager( 1568): No content provider found for permission revoke: file:///data/local/tmp/AndroidRipperService.apk
W/ActivityManager( 1568): No content provider found for permission revoke: file:///data/local/tmp/AndroidRipperService.apk
I/PackageManager( 1568): Copying native libraries to /data/app-lib/vmdl-1420474343
I/PackageParser( 1568): it.unina.android.ripper_service: compat added android.permission.WRITE_EXTERNAL_STORAGE android.permission.READ_PHONE_STATE
I/PackageManager( 1568): Running dexopt on: it.unina.android.ripper_service
W/linker  ( 2154): libdvm.so has text relocations. This is wasting memory and is a security risk. Please fix.
D/dalvikvm( 2154): DexOpt: load 6ms, verify+opt 25ms, 1117628 bytes
I/ActivityManager( 1568): Force stopping it.unina.android.ripper_service appid=10057 user=-1: update pkg
I/MultiDex( 1777): Renaming to /data/data/com.google.android.gms/code_cache/secondary-dexes/PrebuiltGmsCore.apk.classes6.zip
I/MultiDex( 1777): Extraction succeeded '/data/data/com.google.android.gms/code_cache/secondary-dexes/PrebuiltGmsCore.apk.classes6.zip': length 2190210 - crc: 2261963046
I/MultiDex( 1777): load found 5 secondary dex files
D/dalvikvm( 1568): GC_FOR_ALLOC freed 963K, 51% free 7291K/14816K, paused 8ms, total 9ms
I/InputReader( 1568): Reconfiguring input devices.  changes=0x00000010
D/BackupManagerService( 1568): Received broadcast Intent { act=android.intent.action.PACKAGE_ADDED dat=package:it.unina.android.ripper_service flg=0x4000010 (has extras) }
V/BackupManagerService( 1568): addPackageParticipantsLocked: #1
I/PackageManager( 1568):   Action: "android.intent.action.SENDTO"
I/PackageManager( 1568):   Category: "android.intent.category.DEFAULT"
I/PackageManager( 1568):   Scheme: "sms"
I/PackageManager( 1568):   Action: "android.intent.action.SENDTO"
I/PackageManager( 1568):   Category: "android.intent.category.DEFAULT"
I/PackageManager( 1568):   Scheme: "smsto"
I/PackageManager( 1568): Adding preferred activity ComponentInfo{com.android.mms/com.android.mms.ui.ComposeMessageActivity} for user 0 :
I/PackageManager( 1568): Adding preferred activity ComponentInfo{com.android.mms/com.android.mms.ui.ComposeMessageActivity} for user 0 :
I/PackageManager( 1568):   Action: "android.intent.action.SENDTO"
I/PackageManager( 1568):   Category: "android.intent.category.DEFAULT"
I/PackageManager( 1568):   Scheme: "mms"
I/PackageManager( 1568): Adding preferred activity ComponentInfo{com.android.mms/com.android.mms.ui.ComposeMessageActivity} for user 0 :
I/PackageManager( 1568):   Action: "android.intent.action.SENDTO"
I/PackageManager( 1568):   Category: "android.intent.category.DEFAULT"
I/PackageManager( 1568):   Scheme: "mmsto"
D/dalvikvm( 1568): GC_EXPLICIT freed 492K, 51% free 7282K/14816K, paused 8ms+1ms, total 32ms
I/PackageManager( 1568): Adding preferred activity ComponentInfo{com.android.mms/com.android.mms.ui.ComposeMessageActivity} for user 0 :
D/AndroidRuntime( 2129): Shutting down VM
D/jdwp    ( 2129): Got wake-up signal, bailing out of select
D/dalvikvm( 2129): Debugger has detached; object registry had 1 entries
D/dalvikvm( 1815): GC_FOR_ALLOC freed 441K, 15% free 3637K/4264K, paused 2ms, total 2ms
I/PackageManager( 1568):   Action: "android.intent.action.SENDTO"
I/PackageManager( 1568):   Category: "android.intent.category.DEFAULT"
I/PackageManager( 1568):   Scheme: "sms"
I/PackageManager( 1568): Adding preferred activity ComponentInfo{com.android.mms/com.android.mms.ui.ComposeMessageActivity} for user 0 :
I/PackageManager( 1568):   Action: "android.intent.action.SENDTO"
I/PackageManager( 1568):   Category: "android.intent.category.DEFAULT"
I/PackageManager( 1568):   Scheme: "smsto"
I/PackageManager( 1568):   Action: "android.intent.action.SENDTO"
I/PackageManager( 1568):   Category: "android.intent.category.DEFAULT"
I/PackageManager( 1568):   Scheme: "mms"
I/PackageManager( 1568): Adding preferred activity ComponentInfo{com.android.mms/com.android.mms.ui.ComposeMessageActivity} for user 0 :
I/PackageManager( 1568): Adding preferred activity ComponentInfo{com.android.mms/com.android.mms.ui.ComposeMessageActivity} for user 0 :
I/PackageManager( 1568):   Action: "android.intent.action.SENDTO"
I/PackageManager( 1568):   Category: "android.intent.category.DEFAULT"
I/PackageManager( 1568):   Scheme: "mmsto"
I/PackageManager( 1568): Adding preferred activity ComponentInfo{com.android.mms/com.android.mms.ui.ComposeMessageActivity} for user 0 :
D/dalvikvm( 1777): DexOpt: --- BEGIN 'PrebuiltGmsCore.apk.classes2.zip' (bootstrap=0) ---
W/linker  ( 2156): libdvm.so has text relocations. This is wasting memory and is a security risk. Please fix.
D/dalvikvm( 1568): GC_EXPLICIT freed 700K, 51% free 7277K/14816K, paused 0ms+0ms, total 7ms
E/cutils-trace( 2156): Error opening trace file: Permission denied (13)
D/dalvikvm( 2156): GC_FOR_ALLOC freed 842K, 42% free 1204K/2048K, paused 1ms, total 1ms
D/dalvikvm( 2156): DexOpt: couldn't find field Landroid/os/Message;.sendingUid
D/AndroidRuntime( 2160): 
D/AndroidRuntime( 2160): >>>>>> AndroidRuntime START com.android.internal.os.RuntimeInit <<<<<<
W/linker  ( 2160): libdvm.so has text relocations. This is wasting memory and is a security risk. Please fix.
D/AndroidRuntime( 2160): CheckJNI is ON
D/dalvikvm( 2160): Trying to load lib libjavacore.so 0x0
D/dalvikvm( 2160): Added shared lib libjavacore.so 0x0
D/dalvikvm( 2160): Trying to load lib libnativehelper.so 0x0
D/dalvikvm( 2160): Added shared lib libnativehelper.so 0x0
D/dalvikvm( 2160): No JNI_OnLoad found in libnativehelper.so 0x0, skipping init
D/dalvikvm( 2160): Note: class Landroid/app/ActivityManagerNative; has 179 unimplemented (abstract) methods
E/memtrack( 2160): Couldn't load memtrack module (No such file or directory)
E/android.os.Debug( 2160): failed to load memtrack module: -2
D/AndroidRuntime( 2160): Calling main entry com.android.commands.pm.Pm
D/AndroidRuntime( 2160): Shutting down VM
D/jdwp    ( 2160): Got wake-up signal, bailing out of select
D/dalvikvm( 2160): Debugger has detached; object registry had 1 entries
I/AndroidRuntime( 2160): NOTE: attach of thread 'Binder_1' failed
D/dalvikvm( 2156): DexOpt: load 74ms, verify+opt 135ms, 9812300 bytes
D/dalvikvm( 1777): DexOpt: --- END 'PrebuiltGmsCore.apk.classes2.zip' (success) ---
D/dalvikvm( 1777): DEX prep '/data/data/com.google.android.gms/code_cache/secondary-dexes/PrebuiltGmsCore.apk.classes2.zip': unzip in 89ms, rewrite 297ms
D/dalvikvm( 1777): DexOpt: --- BEGIN 'PrebuiltGmsCore.apk.classes3.zip' (bootstrap=0) ---
W/linker  ( 2170): libdvm.so has text relocations. This is wasting memory and is a security risk. Please fix.
E/cutils-trace( 2170): Error opening trace file: Permission denied (13)
D/dalvikvm( 2170): GC_FOR_ALLOC freed 888K, 44% free 1158K/2048K, paused 0ms, total 0ms
D/dalvikvm( 2170): DexOpt: load 29ms, verify+opt 66ms, 4551068 bytes
D/AndroidRuntime( 2172): 
D/AndroidRuntime( 2172): >>>>>> AndroidRuntime START com.android.internal.os.RuntimeInit <<<<<<
W/linker  ( 2172): libdvm.so has text relocations. This is wasting memory and is a security risk. Please fix.
D/AndroidRuntime( 2172): CheckJNI is ON
D/dalvikvm( 2172): Trying to load lib libjavacore.so 0x0
D/dalvikvm( 2172): Added shared lib libjavacore.so 0x0
D/dalvikvm( 2172): Trying to load lib libnativehelper.so 0x0
D/dalvikvm( 2172): Added shared lib libnativehelper.so 0x0
D/dalvikvm( 2172): No JNI_OnLoad found in libnativehelper.so 0x0, skipping init
D/dalvikvm( 2172): Note: class Landroid/app/ActivityManagerNative; has 179 unimplemented (abstract) methods
D/dalvikvm( 1777): DexOpt: --- END 'PrebuiltGmsCore.apk.classes3.zip' (success) ---
D/dalvikvm( 1777): DEX prep '/data/data/com.google.android.gms/code_cache/secondary-dexes/PrebuiltGmsCore.apk.classes3.zip': unzip in 42ms, rewrite 159ms
E/memtrack( 2172): Couldn't load memtrack module (No such file or directory)
E/android.os.Debug( 2172): failed to load memtrack module: -2
D/AndroidRuntime( 2172): Calling main entry com.android.commands.pm.Pm
D/AndroidRuntime( 2172): Shutting down VM
D/jdwp    ( 2172): Got wake-up signal, bailing out of select
D/dalvikvm( 2172): Debugger has detached; object registry had 1 entries
I/AndroidRuntime( 2172): NOTE: attach of thread 'Binder_1' failed
D/dalvikvm( 1777): DexOpt: --- BEGIN 'PrebuiltGmsCore.apk.classes4.zip' (bootstrap=0) ---
W/linker  ( 2182): libdvm.so has text relocations. This is wasting memory and is a security risk. Please fix.
E/cutils-trace( 2182): Error opening trace file: Permission denied (13)
D/dalvikvm( 2182): GC_FOR_ALLOC freed 953K, 47% free 1093K/2048K, paused 1ms, total 1ms
D/dalvikvm( 2182): DexOpt: load 55ms, verify+opt 73ms, 5853988 bytes
D/dalvikvm( 1777): DexOpt: --- END 'PrebuiltGmsCore.apk.classes4.zip' (success) ---
D/dalvikvm( 1777): DEX prep '/data/data/com.google.android.gms/code_cache/secondary-dexes/PrebuiltGmsCore.apk.classes4.zip': unzip in 64ms, rewrite 203ms
D/AndroidRuntime( 2183): 
D/AndroidRuntime( 2183): >>>>>> AndroidRuntime START com.android.internal.os.RuntimeInit <<<<<<
W/linker  ( 2183): libdvm.so has text relocations. This is wasting memory and is a security risk. Please fix.
D/AndroidRuntime( 2183): CheckJNI is ON
D/dalvikvm( 2183): Trying to load lib libjavacore.so 0x0
D/dalvikvm( 2183): Added shared lib libjavacore.so 0x0
D/dalvikvm( 2183): Trying to load lib libnativehelper.so 0x0
D/dalvikvm( 2183): Added shared lib libnativehelper.so 0x0
D/dalvikvm( 2183): No JNI_OnLoad found in libnativehelper.so 0x0, skipping init
D/dalvikvm( 2183): Note: class Landroid/app/ActivityManagerNative; has 179 unimplemented (abstract) methods
E/memtrack( 2183): Couldn't load memtrack module (No such file or directory)
E/android.os.Debug( 2183): failed to load memtrack module: -2
D/AndroidRuntime( 2183): Calling main entry com.android.commands.am.Am
D/dalvikvm( 1777): DexOpt: --- BEGIN 'PrebuiltGmsCore.apk.classes5.zip' (bootstrap=0) ---
W/linker  ( 2193): libdvm.so has text relocations. This is wasting memory and is a security risk. Please fix.
D/dalvikvm( 1145): GC_EXPLICIT freed 39K, 8% free 2993K/3220K, paused 1ms+0ms, total 3ms
D/AndroidRuntime( 2183): Shutting down VM
I/ActivityManager( 1568): Start proc it.unina.android.ripper_service:android_ripper_service_process for service it.unina.android.ripper_service/.AndroidRipperService: pid=2195 uid=10057 gids={50057, 3003, 1028, 1015}
D/jdwp    ( 2183): Got wake-up signal, bailing out of select
D/dalvikvm( 2183): Debugger has detached; object registry had 1 entries
D/dalvikvm( 1145): GC_EXPLICIT freed <1K, 8% free 2993K/3220K, paused 1ms+0ms, total 3ms
V/AndroidRipperService( 2195): onCreate()
V/SERVER  ( 2195): Starting ServerSocket on PORT 18888
D/dalvikvm( 1145): GC_EXPLICIT freed <1K, 8% free 2993K/3220K, paused 0ms+0ms, total 5ms
V/SERVER  ( 2195): Started ServerSocket on PORT 18888
V/SERVER  ( 2195): Ready to accept connections on port: 18888
E/cutils-trace( 2193): Error opening trace file: Permission denied (13)
D/dalvikvm( 2193): GC_FOR_ALLOC freed 696K, 35% free 1350K/2048K, paused 1ms, total 1ms
D/Tethering( 1568): MasterInitialState.processMessage what=3
D/CaptivePortalTracker( 1568): NoActiveNetworkState{ when=-1ms what=1 obj=NetworkInfo: type: mobile[LTE], state: CONNECTED/CONNECTED, reason: connected, extra: epc.tmobile.com, roaming: false, failover: false, isAvailable: true, isConnectedToProvisioningNetwork: false target=com.android.internal.util.StateMachine$SmHandler }
D/CaptivePortalTracker( 1568): NoActiveNetworkState not a wifi connectivity change, ignore
D/dalvikvm( 2193): DexOpt: couldn't find static field Landroid/view/View;.TRANSLATION_Z
D/dalvikvm( 2193): DexOpt: load 55ms, verify+opt 122ms, 6002044 bytes
D/ConnectivityService( 1568): [CheckMp] isMobileOk: newUrl=https://172.217.13.110/generate_204
W/ActivityThread( 1568): ClassLoader.loadClass: The class loader returned by Thread.getContextClassLoader() may fail for processes that host multiple applications. You should explicitly specify a context class loader. For example: Thread.setContextClassLoader(getClass().getClassLoader());
D/Tethering( 1568): MasterInitialState.processMessage what=3
D/CaptivePortalTracker( 1568): NoActiveNetworkState{ when=0 what=1 obj=NetworkInfo: type: mobile_hipri[LTE], state: CONNECTED/CONNECTED, reason: dataEnabled, extra: epc.tmobile.com, roaming: false, failover: false, isAvailable: true, isConnectedToProvisioningNetwork: false target=com.android.internal.util.StateMachine$SmHandler }
D/CaptivePortalTracker( 1568): NoActiveNetworkState not a wifi connectivity change, ignore
D/dalvikvm( 1777): DexOpt: --- END 'PrebuiltGmsCore.apk.classes5.zip' (success) ---
D/dalvikvm( 1777): DEX prep '/data/data/com.google.android.gms/code_cache/secondary-dexes/PrebuiltGmsCore.apk.classes5.zip': unzip in 63ms, rewrite 262ms
D/dalvikvm( 1777): DexOpt: --- BEGIN 'PrebuiltGmsCore.apk.classes6.zip' (bootstrap=0) ---
W/linker  ( 2211): libdvm.so has text relocations. This is wasting memory and is a security risk. Please fix.
D/ConnectivityService( 1568): [CheckMp] isMobileOk: hostnameVerify retVal=true hostname=172.217.13.110 orgUriHost=clients3.google.com
D/ConnectivityService( 1568): [CheckMp] isMobileOk: headers={null=[HTTP/1.1 204 No Content], Alt-Svc=[h3=":443"; ma=2592000,h3-29=":443"; ma=2592000,h3-T051=":443"; ma=2592000,h3-Q050=":443"; ma=2592000,h3-Q046=":443"; ma=2592000,h3-Q043=":443"; ma=2592000,quic=":443"; ma=2592000; v="46,43"], Connection=[close], Content-Length=[0], Date=[Sun, 15 Aug 2021 14:06:31 GMT], X-Android-Received-Millis=[1629036390913], X-Android-Response-Source=[NETWORK 204], X-Android-Selected-Transport=[http/1.1], X-Android-Sent-Millis=[1629036390901]}
D/ConnectivityService( 1568): [CheckMp] isMobileOk: X got expected responseCode=204 result=1
D/ConnectivityService( 1568): [CheckMp] isMobileOk: F stop hipri
D/ConnectivityService( 1568): stopUsingNetworkFeature: teardown net 0: enableHIPRI
D/dalvikvm( 1815): GC_FOR_ALLOC freed 524K, 18% free 3576K/4328K, paused 2ms, total 2ms
E/cutils-trace( 2211): Error opening trace file: Permission denied (13)
D/dalvikvm( 2211): GC_FOR_ALLOC freed 1274K, 63% free 772K/2048K, paused 2ms, total 2ms
D/MobileDataStateTracker( 1568): default: setEnableFailFastMobileData(enabled=0)
D/MobileDataStateTracker( 1568): hipri: Broadcast received: android.intent.action.ANY_DATA_STATE apnType=hipri
D/MobileDataStateTracker( 1568): hipri: Received state=DISCONNECTED, old=CONNECTED, reason=dataDisabled
D/MobileDataStateTracker( 1568): hipri: setDetailed state, old =CONNECTED and new state=DISCONNECTED
D/ConnectivityService( 1568): ConnectivityChange for mobile_hipri: DISCONNECTED/DISCONNECTED
D/Nat464Xlat( 1568): requiresClat: netType=5, hasIPv4Address=true
D/dalvikvm( 2211): DexOpt: load 35ms, verify+opt 60ms, 4410764 bytes
D/GpsLocationProvider( 1568): NTP server returned: 1629036392013 (Sun Aug 15 09:06:32 CDT 2021) reference: 16738 certainty: 6 system time offset: 1009
D/dalvikvm( 1777): DexOpt: --- END 'PrebuiltGmsCore.apk.classes6.zip' (success) ---
D/dalvikvm( 1777): DEX prep '/data/data/com.google.android.gms/code_cache/secondary-dexes/PrebuiltGmsCore.apk.classes6.zip': unzip in 30ms, rewrite 153ms
I/MultiDex( 1777): install done
I/dalvikvm( 1777): Could not find method android.content.ContentProvider.query, referenced from method brf.superQuery
W/dalvikvm( 1777): VFY: unable to resolve virtual method 2428: Landroid/content/ContentProvider;.query (Landroid/net/Uri;[Ljava/lang/String;Landroid/os/Bundle;Landroid/os/CancellationSignal;)Landroid/database/Cursor;
D/dalvikvm( 1777): VFY: replacing opcode 0x6f at 0x0000
D/dalvikvm( 1777): GC_FOR_ALLOC freed 371K, 13% free 4681K/5332K, paused 2ms, total 2ms
I/dalvikvm( 1777): Could not find method android.os.UserHandle.isOwner, referenced from method nmy.f
W/dalvikvm( 1777): VFY: unable to resolve virtual method 3081: Landroid/os/UserHandle;.isOwner ()Z
D/dalvikvm( 1777): VFY: replacing opcode 0x6e at 0x000a
D/dalvikvm( 1777): DexOpt: couldn't find field Landroid/content/pm/ApplicationInfo;.splitSourceDirs
W/dalvikvm( 1777): VFY: unable to resolve instance field 1475
D/dalvikvm( 1777): VFY: replacing opcode 0x54 at 0x0055
D/dalvikvm( 1777): DexOpt: couldn't find static field Landroid/os/Build;.SUPPORTED_ABIS
W/dalvikvm( 1777): VFY: unable to resolve static field 1540 (SUPPORTED_ABIS) in Landroid/os/Build;
D/dalvikvm( 1777): VFY: replacing opcode 0x62 at 0x00d1
I/dalvikvm( 1777): Could not find method android.system.Os.stat, referenced from method nop.a
W/dalvikvm( 1777): VFY: unable to resolve static method 3146: Landroid/system/Os;.stat (Ljava/lang/String;)Landroid/system/StructStat;
D/dalvikvm( 1777): VFY: replacing opcode 0x71 at 0x0182
I/dalvikvm( 1777): Could not find method android.content.pm.PackageManager.getPackageInstaller, referenced from method men.a
W/dalvikvm( 1777): VFY: unable to resolve virtual method 2608: Landroid/content/pm/PackageManager;.getPackageInstaller ()Landroid/content/pm/PackageInstaller;
D/dalvikvm( 1777): VFY: replacing opcode 0x6e at 0x001c
W/DynamiteModule( 1777): Local module descriptor class for providerinstaller not found.
E/ChimeraCfgMgr( 1777): Failed to read module config: java.io.FileNotFoundException: /data/data/com.google.android.gms/app_chimera/current_config.fb: open failed: ENOENT (No such file or directory)
I/dalvikvm( 1777): Could not find method android.system.Os.readlink, referenced from method bse.a
W/dalvikvm( 1777): VFY: unable to resolve static method 3145: Landroid/system/Os;.readlink (Ljava/lang/String;)Ljava/lang/String;
D/dalvikvm( 1777): VFY: replacing opcode 0x71 at 0x0044
I/dalvikvm( 1777): Could not find method android.system.Os.symlink, referenced from method bse.a
W/dalvikvm( 1777): VFY: unable to resolve static method 3147: Landroid/system/Os;.symlink (Ljava/lang/String;Ljava/lang/String;)V
D/dalvikvm( 1777): VFY: replacing opcode 0x71 at 0x00b0
I/dalvikvm( 1777): Could not find method android.system.Os.stat, referenced from method bse.a
W/dalvikvm( 1777): VFY: unable to resolve static method 3146: Landroid/system/Os;.stat (Ljava/lang/String;)Landroid/system/StructStat;
D/dalvikvm( 1777): VFY: replacing opcode 0x71 at 0x0005
W/dalvikvm( 1777): VFY: unable to resolve static field 1615 (S_IXUSR) in Landroid/system/OsConstants;
D/dalvikvm( 1777): VFY: replacing opcode 0x60 at 0x0007
I/dalvikvm( 1777): Could not find method android.system.Os.stat, referenced from method bse.b
W/dalvikvm( 1777): VFY: unable to resolve static method 3146: Landroid/system/Os;.stat (Ljava/lang/String;)Landroid/system/StructStat;
D/dalvikvm( 1777): VFY: replacing opcode 0x71 at 0x0040
W/dalvikvm( 1777): VFY: unable to resolve static field 1612 (S_IRUSR) in Landroid/system/OsConstants;
D/dalvikvm( 1777): VFY: replacing opcode 0x60 at 0x0007
W/FileUtils( 1777): Failed to set world readable: /data/data/com.google.android.gms/app_chimera/current_config.fb
E/ChimeraCfgMgr( 1777): Failed to read module config: java.io.FileNotFoundException: /data/data/com.google.android.gms/app_chimera/current_config.fb: open failed: ENOENT (No such file or directory)
D/dalvikvm( 1777): DexOpt: couldn't find static field Landroid/os/Build;.SUPPORTED_ABIS
W/dalvikvm( 1777): VFY: unable to resolve static field 1540 (SUPPORTED_ABIS) in Landroid/os/Build;
D/dalvikvm( 1777): VFY: replacing opcode 0x62 at 0x0307
D/dalvikvm( 1777): DexOpt: couldn't find static field Landroid/os/Build;.SUPPORTED_ABIS
W/dalvikvm( 1777): VFY: unable to resolve static field 1540 (SUPPORTED_ABIS) in Landroid/os/Build;
D/dalvikvm( 1777): VFY: replacing opcode 0x62 at 0x06eb
I/dalvikvm( 1777): Could not find method android.content.Context.isCredentialProtectedStorage, referenced from method bry.j
W/dalvikvm( 1777): VFY: unable to resolve virtual method 2490: Landroid/content/Context;.isCredentialProtectedStorage ()Z
D/dalvikvm( 1777): VFY: replacing opcode 0x6e at 0x0087
E/ConfigFileUtils( 1777): Failed to read config file: /data/data/com.google.android.gms/app_chimera/current_fileapks.pb: open failed: ENOENT (No such file or directory)
D/dalvikvm( 1777): GC_FOR_ALLOC freed 1930K, 41% free 3220K/5428K, paused 3ms, total 3ms
I/GmsModuleFndr( 1777): Beginning GMS chimera module scan
E/ChimeraCfgMgr( 1777): Failed to read module config: java.io.FileNotFoundException: /data/data/com.google.android.gms/app_chimera/current_config.fb: open failed: ENOENT (No such file or directory)
I/DynamiteModule( 1777): Considering local module com.google.android.gms.googlecertificates:4 and remote module com.google.android.gms.googlecertificates:0
I/DynamiteModule( 1777): Selected local version of com.google.android.gms.googlecertificates
I/dalvikvm( 1777): Could not find method android.app.Notification$Builder.setLocalOnly, referenced from method com.google.android.gms.common.GoogleCertificatesImpl.isGoogleOrPlatformSigned
W/dalvikvm( 1777): VFY: unable to resolve virtual method 2308: Landroid/app/Notification$Builder;.setLocalOnly (Z)Landroid/app/Notification$Builder;
D/dalvikvm( 1777): VFY: replacing opcode 0x6e at 0x00b1
I/ActivityManager( 1568): Start proc com.google.android.gms for service com.google.android.gms/.chimera.GmsIntentOperationService: pid=2221 uid=10007 gids={50007, 3003, 1007, 1028, 1015, 3002, 3001, 3007, 2001, 3006}
W/dalvikvm( 2221): VFY: unable to resolve static field 1608 (PR_SET_DUMPABLE) in Landroid/system/OsConstants;
D/dalvikvm( 2221): VFY: replacing opcode 0x60 at 0x0017
W/dalvikvm( 2221): VFY: unable to find class referenced in signature (Lyqx;)
W/dalvikvm( 2221): VFY: unable to find class referenced in signature (Lyro;)
E/ChimeraCfgMgr( 1777): Failed to read module config: java.io.FileNotFoundException: /data/data/com.google.android.gms/app_chimera/current_config.fb: open failed: ENOENT (No such file or directory)
I/ModuleSetMgr( 1777): Config file doesn't exist, writing blank config.
I/dalvikvm( 1777): Could not find method com.google.android.chimera.ContextThemeWrapper.createAttributionContext, referenced from method mnu.createAttributionContext
I/dalvikvm( 2221): Could not find method android.system.Os.readlink, referenced from method msk.a
W/dalvikvm( 2221): VFY: unable to resolve static method 3145: Landroid/system/Os;.readlink (Ljava/lang/String;)Ljava/lang/String;
D/dalvikvm( 2221): VFY: replacing opcode 0x71 at 0x00b0
W/dalvikvm( 1777): VFY: unable to resolve virtual method 13785: Lcom/google/android/chimera/ContextThemeWrapper;.createAttributionContext (Ljava/lang/String;)Landroid/content/Context;
D/dalvikvm( 1777): VFY: replacing opcode 0x6f at 0x0002
I/dalvikvm( 1777): Could not find method android.content.ContextWrapper.createCredentialProtectedStorageContext, referenced from method mnu.createCredentialProtectedStorageContext
W/dalvikvm( 1777): VFY: unable to resolve virtual method 2508: Landroid/content/ContextWrapper;.createCredentialProtectedStorageContext ()Landroid/content/Context;
D/dalvikvm( 1777): VFY: replacing opcode 0x6f at 0x0002
