I/PackageManager( 1568): Adding preferred activity ComponentInfo{com.android.mms/com.android.mms.ui.ComposeMessageActivity} for user 0 :
E/ConfigFileUtils( 2221): Failed to read config file: /data/data/com.google.android.gms/app_chimera/current_fileapks.pb: open failed: ENOENT (No such file or directory)
I/PackageManager( 1568):   Action: "android.intent.action.SENDTO"
I/PackageManager( 1568):   Category: "android.intent.category.DEFAULT"
I/PackageManager( 1568):   Scheme: "smsto"
I/PackageManager( 1568): Adding preferred activity ComponentInfo{com.android.mms/com.android.mms.ui.ComposeMessageActivity} for user 0 :
D/dalvikvm( 1815): GC_FOR_ALLOC freed 474K, 17% free 3609K/4340K, paused 2ms, total 2ms
W/ActivityManager( 1568): Unable to start service Intent { act=com.google.android.gms.nearby.discovery:ACTION_INIT_MESSAGES_PATH cmp=com.google.android.gms/.nearby.discovery.service.DiscoveryService } U=0: not found
D/dalvikvm( 1944): GC_FOR_ALLOC freed 859K, 29% free 22899K/31944K, paused 6ms, total 8ms
I/NearbyDiscovery( 1777): DiscoveryService destroy EventLoop [CONTEXT service_id=49 ]
D/dalvikvm( 1568): GC_FOR_ALLOC freed 1189K, 50% free 7525K/14816K, paused 10ms, total 10ms
I/Icing   ( 2221): Storage manager: low false usage 0 Bytes avail 644.18MB capacity 753.91MB
I/PackageManager( 1568):   Action: "android.intent.action.SENDTO"
I/PackageManager( 1568):   Category: "android.intent.category.DEFAULT"
I/PackageManager( 1568):   Scheme: "mms"
I/PackageManager( 1568):   Action: "android.intent.action.SENDTO"
I/PackageManager( 1568):   Category: "android.intent.category.DEFAULT"
I/PackageManager( 1568):   Scheme: "mmsto"
I/PackageManager( 1568): Adding preferred activity ComponentInfo{com.android.mms/com.android.mms.ui.ComposeMessageActivity} for user 0 :
I/PackageManager( 1568): Adding preferred activity ComponentInfo{com.android.mms/com.android.mms.ui.ComposeMessageActivity} for user 0 :
W/AudioService( 1568): onLoadSoundEffects() called before boot complete
D/AndroidRuntime( 2376): Shutting down VM
I/PackageManager( 1568):   Action: "android.intent.action.SENDTO"
I/PackageManager( 1568):   Category: "android.intent.category.DEFAULT"
I/PackageManager( 1568):   Scheme: "sms"
I/PackageManager( 1568): Adding preferred activity ComponentInfo{com.android.mms/com.android.mms.ui.ComposeMessageActivity} for user 0 :
D/jdwp    ( 2376): Got wake-up signal, bailing out of select
D/dalvikvm( 2376): Debugger has detached; object registry had 1 entries
I/PackageManager( 1568):   Action: "android.intent.action.SENDTO"
I/PackageManager( 1568):   Category: "android.intent.category.DEFAULT"
I/PackageManager( 1568):   Scheme: "smsto"
I/PackageManager( 1568): Adding preferred activity ComponentInfo{com.android.mms/com.android.mms.ui.ComposeMessageActivity} for user 0 :
D/dalvikvm( 1815): GC_FOR_ALLOC freed 383K, 16% free 3658K/4340K, paused 2ms, total 2ms
I/PackageManager( 1568):   Action: "android.intent.action.SENDTO"
I/PackageManager( 1568):   Category: "android.intent.category.DEFAULT"
I/PackageManager( 1568):   Scheme: "mms"
D/dalvikvm( 1944): GC_FOR_ALLOC freed 31K, 23% free 24857K/31944K, paused 2ms, total 2ms
D/dalvikvm( 2221): GC_FOR_ALLOC freed 984K, 26% free 6545K/8812K, paused 10ms, total 10ms
I/PackageManager( 1568): Adding preferred activity ComponentInfo{com.android.mms/com.android.mms.ui.ComposeMessageActivity} for user 0 :
D/dalvikvm( 1568): GC_FOR_ALLOC freed 1096K, 49% free 7567K/14816K, paused 11ms, total 12ms
D/Tethering( 1568): MasterInitialState.processMessage what=3
D/CaptivePortalTracker( 1568): NoActiveNetworkState{ when=0 what=1 obj=NetworkInfo: type: mobile_hipri[LTE], state: DISCONNECTED/DISCONNECTED, reason: dataDisabled, extra: epc.tmobile.com, roaming: false, failover: false, isAvailable: true, isConnectedToProvisioningNetwork: false target=com.android.internal.util.StateMachine$SmHandler }
D/CaptivePortalTracker( 1568): NoActiveNetworkState not a wifi connectivity change, ignore
D/Tethering( 1568): MasterInitialState.processMessage what=3
D/CaptivePortalTracker( 1568): NoActiveNetworkState{ when=0 what=1 obj=NetworkInfo: type: mobile[LTE], state: CONNECTED/CONNECTED, reason: connected, extra: epc.tmobile.com, roaming: false, failover: false, isAvailable: true, isConnectedToProvisioningNetwork: false target=com.android.internal.util.StateMachine$SmHandler }
D/CaptivePortalTracker( 1568): NoActiveNetworkState not a wifi connectivity change, ignore
D/dalvikvm( 1777): GC_FOR_ALLOC freed 792K, 14% free 6491K/7532K, paused 5ms, total 5ms
I/dalvikvm( 1777): Failed resolving Lnin; interface 549 'Landroid/app/AlarmManager$OnAlarmListener;'
W/dalvikvm( 1777): Link of class 'Lnin;' failed
I/ahju    ( 1777): Scheduling Phenotype for a PhenotypeSyncImmediately(6, com.google.android.gms.settings.platform) one off with window [1, 2] in seconds [CONTEXT service_id=51 ]
I/PackageManager( 1568):   Action: "android.intent.action.SENDTO"
I/PackageManager( 1568):   Category: "android.intent.category.DEFAULT"
I/PackageManager( 1568):   Scheme: "mmsto"
I/PackageManager( 1568): Adding preferred activity ComponentInfo{com.android.mms/com.android.mms.ui.ComposeMessageActivity} for user 0 :
I/PackageManager( 1568):   Action: "android.intent.action.SENDTO"
I/PackageManager( 1568):   Category: "android.intent.category.DEFAULT"
I/PackageManager( 1568):   Scheme: "sms"
W/dalvikvm( 2221): VFY: unable to find class referenced in signature (Landroid/net/Network;)
I/PackageManager( 1568): Adding preferred activity ComponentInfo{com.android.mms/com.android.mms.ui.ComposeMessageActivity} for user 0 :
W/dalvikvm( 2221): VFY: unable to find class referenced in signature (Landroid/net/Network;)
I/dalvikvm( 2221): Could not find method android.net.Network.openConnection, referenced from method wna.a
W/dalvikvm( 2221): VFY: unable to resolve virtual method 5072: Landroid/net/Network;.openConnection (Ljava/net/URL;)Ljava/net/URLConnection;
D/dalvikvm( 2221): VFY: replacing opcode 0x6e at 0x008f
E/GmsRequestQueue( 2221): Tried to stop global GMSCore RequestQueue. This is likely unintended, so ignoring.
I/PackageManager( 1568):   Action: "android.intent.action.SENDTO"
I/PackageManager( 1568):   Category: "android.intent.category.DEFAULT"
I/PackageManager( 1568):   Scheme: "smsto"
I/SystemUpdate( 2221): [Installation,ReceiverIntentOperation] Received intent: Intent { act=com.google.android.gms.update.BASE_MODULE_INIT cat=[targeted_intent_op_prefix:.update.control.ReceiverIntentOperation] cmp=com.google.android.gms/.chimera.GmsIntentOperationService }.
I/PackageManager( 1568): Adding preferred activity ComponentInfo{com.android.mms/com.android.mms.ui.ComposeMessageActivity} for user 0 :
D/dalvikvm( 1815): GC_FOR_ALLOC freed 418K, 17% free 3620K/4348K, paused 2ms, total 5ms
I/NearbySharing( 2221): Runtime state initialization complete. Sharing is disabled. [CONTEXT service_id=194 ]
I/dalvikvm( 1777): Failed resolving Lnin; interface 549 'Landroid/app/AlarmManager$OnAlarmListener;'
W/dalvikvm( 1777): Link of class 'Lnin;' failed
I/dalvikvm( 1777): Failed resolving Lnin; interface 549 'Landroid/app/AlarmManager$OnAlarmListener;'
W/dalvikvm( 1777): Link of class 'Lnin;' failed
I/PackageManager( 1568):   Action: "android.intent.action.SENDTO"
I/PackageManager( 1568):   Category: "android.intent.category.DEFAULT"
I/PackageManager( 1568):   Scheme: "mms"
I/dalvikvm( 1777): Failed resolving Lnin; interface 549 'Landroid/app/AlarmManager$OnAlarmListener;'
I/PackageManager( 1568): Adding preferred activity ComponentInfo{com.android.mms/com.android.mms.ui.ComposeMessageActivity} for user 0 :
W/dalvikvm( 1777): Link of class 'Lnin;' failed
I/dalvikvm( 2221): Could not find method android.app.admin.DevicePolicyManager.isProfileOwnerApp, referenced from method hbs.c
W/dalvikvm( 2221): VFY: unable to resolve virtual method 2595: Landroid/app/admin/DevicePolicyManager;.isProfileOwnerApp (Ljava/lang/String;)Z
D/dalvikvm( 2221): VFY: replacing opcode 0x6e at 0x0011
I/dalvikvm( 2221): Could not find method android.app.admin.DevicePolicyManager.getProfileOwner, referenced from method hbs.a
W/dalvikvm( 2221): VFY: unable to resolve virtual method 2591: Landroid/app/admin/DevicePolicyManager;.getProfileOwner ()Landroid/content/ComponentName;
I/PackageManager( 1568):   Action: "android.intent.action.SENDTO"
I/PackageManager( 1568):   Category: "android.intent.category.DEFAULT"
I/PackageManager( 1568):   Scheme: "mmsto"
D/dalvikvm( 2221): VFY: replacing opcode 0x6e at 0x0012
W/dalvikvm( 1777): VFY: unable to find class referenced in signature (Lnin;)
I/PeopleSync( 2221): First sync
D/dalvikvm( 1568): GC_FOR_ALLOC freed 1145K, 49% free 7560K/14816K, paused 6ms, total 6ms
I/PackageManager( 1568): Adding preferred activity ComponentInfo{com.android.mms/com.android.mms.ui.ComposeMessageActivity} for user 0 :
I/PackageManager( 1568):   Action: "android.intent.action.SENDTO"
I/PackageManager( 1568):   Category: "android.intent.category.DEFAULT"
I/PackageManager( 1568):   Scheme: "sms"
I/PackageManager( 1568): Adding preferred activity ComponentInfo{com.android.mms/com.android.mms.ui.ComposeMessageActivity} for user 0 :
I/PackageManager( 1568):   Action: "android.intent.action.SENDTO"
I/PackageManager( 1568):   Category: "android.intent.category.DEFAULT"
I/PackageManager( 1568):   Scheme: "smsto"
I/PackageManager( 1568): Adding preferred activity ComponentInfo{com.android.mms/com.android.mms.ui.ComposeMessageActivity} for user 0 :
D/dalvikvm( 1815): GC_FOR_ALLOC freed 373K, 16% free 3654K/4348K, paused 1ms, total 2ms
I/PackageManager( 1568):   Action: "android.intent.action.SENDTO"
I/PackageManager( 1568):   Category: "android.intent.category.DEFAULT"
I/PackageManager( 1568):   Scheme: "mms"
I/Authzen ( 2221): [AuthZenEventHandler] Handling event: com.google.android.chimera.IntentOperation.NEW_MODULE
E/Authzen ( 2221): [AuthZenEventHandler] unknown action: com.google.android.chimera.IntentOperation.NEW_MODULE
D/dalvikvm( 1797): GC_EXPLICIT freed 336K, 10% free 6878K/7604K, paused 0ms+11ms, total 16ms
I/PackageManager( 1568): Adding preferred activity ComponentInfo{com.android.mms/com.android.mms.ui.ComposeMessageActivity} for user 0 :
I/PackageManager( 1568):   Action: "android.intent.action.SENDTO"
I/PackageManager( 1568):   Category: "android.intent.category.DEFAULT"
I/PackageManager( 1568):   Scheme: "mmsto"
I/PackageManager( 1568): Adding preferred activity ComponentInfo{com.android.mms/com.android.mms.ui.ComposeMessageActivity} for user 0 :
D/dalvikvm( 1568): GC_FOR_ALLOC freed 1080K, 49% free 7627K/14816K, paused 9ms, total 9ms
D/dalvikvm( 2221): GC_FOR_ALLOC freed 933K, 23% free 6797K/8812K, paused 6ms, total 6ms
W/Settings( 2221): Setting device_provisioned has moved from android.provider.Settings.Secure to android.provider.Settings.Global.
I/PeopleSync( 2221): requestAllFullSyncForContainerUpgrade
E/dalvikvm( 2221): Could not find class 'android.net.Network', referenced from method anbj.a
W/dalvikvm( 2221): VFY: unable to resolve check-cast 7930 (Landroid/net/Network;) in Lanbj;
D/dalvikvm( 2221): VFY: replacing opcode 0x1f at 0x01c1
I/dalvikvm( 1777): Could not find method android.os.PowerManager.isInteractive, referenced from method nqg.b
W/dalvikvm( 1777): VFY: unable to resolve virtual method 4227: Landroid/os/PowerManager;.isInteractive ()Z
D/dalvikvm( 1777): VFY: replacing opcode 0x6e at 0x0008
I/ahju    ( 1777): Scheduling Phenotype for a PhenotypeSyncImmediately(6, com.google.android.gms.settings.platform.boot) one off with window [1, 2] in seconds [CONTEXT service_id=51 ]
D/dalvikvm( 1797): GC_EXPLICIT freed 1645K, 30% free 5370K/7604K, paused 0ms+1ms, total 8ms
D/dalvikvm( 1568): GC_FOR_ALLOC freed 1186K, 49% free 7603K/14816K, paused 15ms, total 15ms
I/dalvikvm( 1777): Could not find method android.provider.DeviceConfig.getProperty, referenced from method ahlr.a
W/dalvikvm( 1777): VFY: unable to resolve static method 29770: Landroid/provider/DeviceConfig;.getProperty (Ljava/lang/String;Ljava/lang/String;)Ljava/lang/String;
D/dalvikvm( 1777): VFY: replacing opcode 0x71 at 0x0000
I/dalvikvm( 1777): Could not find method android.provider.DeviceConfig.setProperty, referenced from method ahlr.a
W/dalvikvm( 1777): VFY: unable to resolve static method 29771: Landroid/provider/DeviceConfig;.setProperty (Ljava/lang/String;Ljava/lang/String;Ljava/lang/String;Z)Z
D/dalvikvm( 1777): VFY: replacing opcode 0x71 at 0x0000
D/AndroidRuntime( 2433): 
D/AndroidRuntime( 2433): >>>>>> AndroidRuntime START com.android.internal.os.RuntimeInit <<<<<<
W/linker  ( 2433): libdvm.so has text relocations. This is wasting memory and is a security risk. Please fix.
D/EGL_emulation( 1944): eglMakeCurrent: 0xb82f1a60: ver 3 0
E/EGL_emulation( 1944): tid 1944: eglSurfaceAttrib(1199): error 0x3009 (EGL_BAD_MATCH)
W/HardwareRenderer( 1944): Backbuffer cannot be preserved
D/EGL_emulation( 1944): eglMakeCurrent: 0xb82f1a60: ver 3 0
D/AndroidRuntime( 2433): CheckJNI is ON
D/dalvikvm( 2433): Trying to load lib libjavacore.so 0x0
D/dalvikvm( 2433): Added shared lib libjavacore.so 0x0
D/dalvikvm( 2433): Trying to load lib libnativehelper.so 0x0
D/dalvikvm( 2433): Added shared lib libnativehelper.so 0x0
D/dalvikvm( 2433): No JNI_OnLoad found in libnativehelper.so 0x0, skipping init
D/EGL_emulation( 1944): eglMakeCurrent: 0xb82f1a60: ver 3 0
D/EGL_emulation( 1944): eglMakeCurrent: 0xb82f1a60: ver 3 0
D/dalvikvm( 2221): GC_FOR_ALLOC freed 958K, 20% free 7101K/8812K, paused 21ms, total 21ms
D/EGL_emulation( 1944): eglMakeCurrent: 0xb82f1a60: ver 3 0
D/dalvikvm( 2433): Note: class Landroid/app/ActivityManagerNative; has 179 unimplemented (abstract) methods
D/dalvikvm( 1568): GC_FOR_ALLOC freed 1118K, 49% free 7642K/14816K, paused 12ms, total 12ms
D/EGL_emulation( 1944): eglMakeCurrent: 0xb82f1a60: ver 3 0
D/dalvikvm( 1777): GC_FOR_ALLOC freed 832K, 14% free 6851K/7932K, paused 27ms, total 28ms
E/memtrack( 2433): Couldn't load memtrack module (No such file or directory)
E/android.os.Debug( 2433): failed to load memtrack module: -2
D/AndroidRuntime( 2433): Calling main entry com.android.commands.pm.Pm
I/dalvikvm( 2221): Could not find method android.os.UserManager.getUserProfiles, referenced from method apwh.b
W/dalvikvm( 2221): VFY: unable to resolve virtual method 29751: Landroid/os/UserManager;.getUserProfiles ()Ljava/util/List;
D/dalvikvm( 2221): VFY: replacing opcode 0x6e at 0x005b
D/dalvikvm( 1568): GC_FOR_ALLOC freed 1234K, 49% free 7575K/14816K, paused 17ms, total 17ms
W/ActivityManager( 1568): No content provider found for permission revoke: file:///sdcard/aut.apk
E/BluetoothAdapter( 1777): Bluetooth binder is null
E/BluetoothAdapter( 1777): Bluetooth binder is null
I/Fitness ( 1777): OnPackageChangedOperation got intent: Intent { act=android.intent.action.PACKAGE_CHANGED dat=package:com.android.sdksetup flg=0x4000010 cmp=com.google.android.gms/.chimera.PersistentIntentOperationService (has extras) } [CONTEXT service_id=17 ]
I/GCoreUlr( 1777): Unbound from all signal providers.
I/GCoreUlr( 1777): Stopping handler for UlrDispSvcFast
I/DeletedNullContactsCleanup( 2221): Scheduling the service.
D/dalvikvm( 1797): GC_EXPLICIT freed 151K, 30% free 5376K/7604K, paused 0ms+1ms, total 11ms
E/GeofenceStateCache( 1777): Unable to load state, all registered geofences are lost.
I/GeofencerStateMachine( 1777): Network location disabled.
D/dalvikvm( 2221): GC_FOR_ALLOC freed 1171K, 18% free 7302K/8812K, paused 45ms, total 45ms
D/dalvikvm( 1568): GC_FOR_ALLOC freed 1113K, 49% free 7612K/14816K, paused 18ms, total 18ms
W/ActivityManager( 1568): No content provider found for permission revoke: file:///sdcard/aut.apk
I/PackageManager( 1568): Copying native libraries to /data/app-lib/vmdl1542261484
I/SystemUpdate( 2221): [Execution,InstallationEventIntentOperation] Handling event of type 1.
I/IcingInternalCorpora( 2221): Delta update with no prior full sync - doing full sync instead.
I/dalvikvm( 1777): Could not find method android.os.UserHandle.isOwner, referenced from method axon.c
W/dalvikvm( 1777): VFY: unable to resolve virtual method 1714: Landroid/os/UserHandle;.isOwner ()Z
D/dalvikvm( 1777): VFY: replacing opcode 0x6e at 0x0186
I/Icing   ( 2221): IndexChimeraService.getServiceInterface callingPackage=com.google.android.gms componentName=null serviceId=36
I/Icing   ( 2221): IndexChimeraService.getServiceInterface callingPackage=com.google.android.gms componentName=AppsCorpus serviceId=32
I/BackupAndSyncValidation( 2221): Scheduling the service.
E/SQLiteLog( 2221): (1) no such table: owners
E/native  ( 2221): filesystem.cc:93 Opening file /data/data/com.google.android.gms/files/AppDataSearch/main/cur/compact_status for read failed: No such file or directory
I/native  ( 2221): permission-checker.cc:74 Creating PermissionChecker based on ACL with config_version 1 having 14 permissions defined.
D/dalvikvm( 1568): GC_FOR_ALLOC freed 1020K, 48% free 7751K/14816K, paused 14ms, total 15ms
W/native  ( 2221): words-map.cc:30 INVALID_ARGUMENT: Empty URI
W/native  ( 2221): words-map.cc:34 WordsMap was not properly initialized
W/Nearby  ( 1777): Bind call too late - someone already tried to get: interface bkxn [CONTEXT service_id=49 ]
D/dalvikvm( 2221): GC_FOR_ALLOC freed 1150K, 15% free 7591K/8928K, paused 16ms, total 16ms
I/PeopleInitIntentOp( 2221): Not initializing debuggability [CONTEXT service_id=5 ]
I/PeopleDatabaseHelper( 2221): cleanUpNonGplusAccounts done.
I/PeopleSearchIndexManage( 2221): ICU version changed from unknown to 51.1.0.1
I/PeopleSearchIndexManage( 2221): Rebuilding index...
D/dalvikvm( 1777): GC_FOR_ALLOC freed 1040K, 16% free 7123K/8412K, paused 9ms, total 9ms
I/PeopleASM( 2221): Rebuilding autocomplete index...
I/PeopleSearchIndexManage( 2221): Rebuilding index done.
D/dalvikvm( 1568): GC_FOR_ALLOC freed 970K, 47% free 7939K/14816K, paused 10ms, total 10ms
I/SystemUpdate( 2221): [Execution,InstallationIntentOperation] Received intent: Intent { act=com.google.android.gms.update.INSTALL_UPDATE cat=[targeted_intent_op_prefix:.update.execution.InstallationIntentOperation] cmp=com.google.android.gms/.chimera.GmsIntentOperationService }.
E/BluetoothAdapter( 1777): Bluetooth binder is null
I/dalvikvm( 1777): Could not find method android.hardware.SensorManager.getDefaultSensor, referenced from method ttr.a
W/dalvikvm( 1777): VFY: unable to resolve virtual method 4967: Landroid/hardware/SensorManager;.getDefaultSensor (IZ)Landroid/hardware/Sensor;
D/dalvikvm( 1777): VFY: replacing opcode 0x6e at 0x00b6
I/Fitness ( 1777): FitCleanupIntentOperation received Intent android.intent.action.PACKAGE_CHANGED [CONTEXT service_id=17 ]
I/NearbyMessages( 1777): OfflineCache: old scanner cache is not enabled [CONTEXT service_id=62 ]
I/SystemUpdate( 2221): [Control,InstallationControl] Installation progress updated to (0x000, -1.000).
E/BluetoothAdapter( 1824): Bluetooth binder is null
W/ActivityManager( 1568): Unable to start service Intent { act=com.google.android.gms.nearby.discovery:ACTION_PERMISSION_CHANGE cmp=com.google.android.gms/.nearby.discovery.service.DiscoveryService } U=0: not found
D/dalvikvm( 1797): GC_EXPLICIT freed 168K, 30% free 5381K/7604K, paused 2ms+1ms, total 59ms
D/dalvikvm( 2221): GC_FOR_ALLOC freed 1536K, 19% free 7580K/9308K, paused 9ms, total 9ms
D/dalvikvm( 1568): GC_FOR_ALLOC freed 1288K, 47% free 7892K/14816K, paused 20ms, total 20ms
I/Icing   ( 2221): Version not set, assuming clear data.
I/Icing   ( 2221): Clearing storage
I/Icing   ( 2221): Clearing CorpusMap, ClientRegistry, Setting
I/constellation( 2221): [sim_state_checker] sim state checker is disabled.
E/BluetoothAdapter( 1824): Bluetooth binder is null
I/dalvikvm( 1777): Could not find method java.util.Locale.toLanguageTag, referenced from method ablz.a
W/dalvikvm( 1777): VFY: unable to resolve virtual method 19297: Ljava/util/Locale;.toLanguageTag ()Ljava/lang/String;
D/dalvikvm( 1777): VFY: replacing opcode 0x6e at 0x0006
I/ahju    ( 1777): Scheduling Phenotype for a PhenotypeSyncImmediately(6, com.google.android.gms.people) one off with window [1, 2] in seconds [CONTEXT service_id=51 ]
I/ahgs    ( 1777): No Heterodyne serving version in database [CONTEXT service_id=51 ]
D/dalvikvm( 2221): GC_FOR_ALLOC freed 850K, 19% free 7600K/9308K, paused 20ms, total 20ms
I/ActivityManager( 1568): Start proc com.android.deskclock for broadcast com.android.deskclock/com.android.alarmclock.AnalogAppWidgetProvider: pid=2473 uid=10022 gids={50022, 1028}
D/dalvikvm( 1568): GC_FOR_ALLOC freed 996K, 46% free 8126K/14816K, paused 8ms, total 10ms
D/dalvikvm( 1568): GC_FOR_ALLOC freed 1278K, 46% free 8135K/14816K, paused 9ms, total 9ms
D/dalvikvm( 2221): GC_FOR_ALLOC freed 1671K, 21% free 7431K/9324K, paused 5ms, total 6ms
D/dalvikvm( 1568): GC_FOR_ALLOC freed 1277K, 46% free 8143K/14816K, paused 7ms, total 8ms
D/dalvikvm( 1568): GC_FOR_ALLOC freed 1282K, 45% free 8153K/14816K, paused 6ms, total 6ms
D/dalvikvm( 1568): GC_FOR_ALLOC freed 1295K, 45% free 8153K/14816K, paused 6ms, total 7ms
D/dalvikvm( 1568): GC_FOR_ALLOC freed 1291K, 45% free 8156K/14816K, paused 6ms, total 6ms
D/dalvikvm( 1568): GC_FOR_ALLOC freed 1292K, 45% free 8160K/14816K, paused 6ms, total 6ms
D/dalvikvm( 1568): GC_FOR_ALLOC freed 1293K, 45% free 8163K/14816K, paused 6ms, total 7ms
D/dalvikvm( 1568): GC_FOR_ALLOC freed 1296K, 45% free 8165K/14816K, paused 6ms, total 6ms
D/dalvikvm( 1568): GC_FOR_ALLOC freed 1284K, 45% free 8179K/14816K, paused 6ms, total 6ms
I/PackageManager( 1568): Running dexopt on: com.github.siggel.coordinatejoker
W/linker  ( 2492): libdvm.so has text relocations. This is wasting memory and is a security risk. Please fix.
D/dalvikvm( 1568): GC_FOR_ALLOC freed 1324K, 45% free 8155K/14816K, paused 7ms, total 7ms
D/dalvikvm( 2492): DexOpt: couldn't find field Landroid/content/res/Configuration;.colorMode
D/dalvikvm( 1568): GC_FOR_ALLOC freed 1894K, 49% free 7557K/14816K, paused 7ms, total 7ms
D/dalvikvm( 2492): DexOpt: couldn't find field Landroid/view/inputmethod/EditorInfo;.contentMimeTypes
I/dalvikvm( 2492): DexOpt: illegal method access (call Landroid/widget/TextView;.getTextDirectionHeuristic ()Landroid/text/TextDirectionHeuristic; from Landroidx/appcompat/widget/a0$b;)
D/EGL_emulation( 1944): eglMakeCurrent: 0xb82f1a60: ver 3 0
D/dalvikvm( 2492): DexOpt: load 14ms, verify+opt 41ms, 1661628 bytes
D/dalvikvm( 1568): GC_FOR_ALLOC freed 1146K, 49% free 7557K/14816K, paused 11ms, total 11ms
D/dalvikvm( 1568): GC_FOR_ALLOC freed 1111K, 49% free 7591K/14816K, paused 8ms, total 8ms
D/dalvikvm( 1568): GC_FOR_ALLOC freed 1146K, 49% free 7600K/14816K, paused 10ms, total 11ms
I/PackageManager( 1568): Running dexopt on: com.android.deskclock
W/linker  ( 2493): libdvm.so has text relocations. This is wasting memory and is a security risk. Please fix.
D/dalvikvm( 1568): GC_FOR_ALLOC freed 1192K, 49% free 7563K/14816K, paused 9ms, total 9ms
D/dalvikvm( 2493): DexOpt: load 7ms, verify+opt 32ms, 1099492 bytes
I/ActivityManager( 1568): Force stopping com.github.siggel.coordinatejoker appid=10058 user=-1: update pkg
D/dalvikvm( 1568): GC_EXPLICIT freed 1160K, 50% free 7549K/14816K, paused 0ms+1ms, total 18ms
D/dalvikvm( 1568): WAIT_FOR_CONCURRENT_GC blocked 16ms
D/dalvikvm( 1568): WAIT_FOR_CONCURRENT_GC blocked 16ms
D/dalvikvm( 1568): WAIT_FOR_CONCURRENT_GC blocked 16ms
D/dalvikvm( 1568): WAIT_FOR_CONCURRENT_GC blocked 13ms
D/dalvikvm( 1568): WAIT_FOR_CONCURRENT_GC blocked 17ms
D/dalvikvm( 1568): WAIT_FOR_CONCURRENT_GC blocked 17ms
D/dalvikvm( 1568): WAIT_FOR_CONCURRENT_GC blocked 18ms
D/dalvikvm( 1568): WAIT_FOR_CONCURRENT_GC blocked 19ms
I/InputReader( 1568): Reconfiguring input devices.  changes=0x00000010
D/AndroidRuntime( 2433): Shutting down VM
W/Launcher.Model( 2361): Nobody to tell about the new app.  Launcher is probably loading.
D/jdwp    ( 2433): Got wake-up signal, bailing out of select
D/dalvikvm( 2433): Debugger has detached; object registry had 1 entries
I/PackageManager( 1568):   Action: "android.intent.action.SENDTO"
I/PackageManager( 1568):   Category: "android.intent.category.DEFAULT"
I/PackageManager( 1568):   Scheme: "sms"
I/PackageManager( 1568): Adding preferred activity ComponentInfo{com.android.mms/com.android.mms.ui.ComposeMessageActivity} for user 0 :
D/BackupManagerService( 1568): Received broadcast Intent { act=android.intent.action.PACKAGE_ADDED dat=package:com.github.siggel.coordinatejoker flg=0x4000010 (has extras) }
V/BackupManagerService( 1568): addPackageParticipantsLocked: #1
D/dalvikvm( 1815): GC_FOR_ALLOC freed 397K, 17% free 3609K/4348K, paused 2ms, total 9ms
I/GCoreUlr( 1777): WorldUpdater received intent Intent { act=com.google.android.location.reporting.ACTION_UPDATE_WORLD cmp=com.google.android.gms/com.google.android.location.reporting.service.DispatchingService (has extras) } with receiverAction android.location.PROVIDERS_CHANGED
I/PackageManager( 1568):   Action: "android.intent.action.SENDTO"
I/PackageManager( 1568):   Category: "android.intent.category.DEFAULT"
I/PackageManager( 1568):   Scheme: "smsto"
I/PackageManager( 1568): Adding preferred activity ComponentInfo{com.android.mms/com.android.mms.ui.ComposeMessageActivity} for user 0 :
I/PackageManager( 1568):   Action: "android.intent.action.SENDTO"
I/PackageManager( 1568):   Category: "android.intent.category.DEFAULT"
I/PackageManager( 1568):   Scheme: "mms"
I/PackageManager( 1568): Adding preferred activity ComponentInfo{com.android.mms/com.android.mms.ui.ComposeMessageActivity} for user 0 :
D/EGL_emulation( 1944): eglMakeCurrent: 0xb82f1a60: ver 3 0
I/PackageManager( 1568):   Action: "android.intent.action.SENDTO"
I/PackageManager( 1568):   Category: "android.intent.category.DEFAULT"
I/PackageManager( 1568):   Scheme: "mmsto"
I/PackageManager( 1568): Adding preferred activity ComponentInfo{com.android.mms/com.android.mms.ui.ComposeMessageActivity} for user 0 :
I/PackageManager( 1568):   Action: "android.intent.action.SENDTO"
I/PackageManager( 1568):   Category: "android.intent.category.DEFAULT"
I/PackageManager( 1568):   Scheme: "sms"
I/PackageManager( 1568): Adding preferred activity ComponentInfo{com.android.mms/com.android.mms.ui.ComposeMessageActivity} for user 0 :
D/dalvikvm( 1568): GC_FOR_ALLOC freed 1064K, 49% free 7628K/14816K, paused 10ms, total 10ms
I/PackageManager( 1568):   Action: "android.intent.action.SENDTO"
I/PackageManager( 1568):   Category: "android.intent.category.DEFAULT"
I/PackageManager( 1568):   Scheme: "smsto"
I/PackageManager( 1568): Adding preferred activity ComponentInfo{com.android.mms/com.android.mms.ui.ComposeMessageActivity} for user 0 :
D/dalvikvm( 1815): GC_FOR_ALLOC freed 408K, 17% free 3648K/4348K, paused 2ms, total 2ms
I/SystemUpdate( 2221): [Execution,ExecutionManager] Action pending executed for 0.96 seconds.
I/PackageManager( 1568):   Action: "android.intent.action.SENDTO"
I/PackageManager( 1568):   Category: "android.intent.category.DEFAULT"
I/PackageManager( 1568):   Scheme: "mms"
I/ahju    ( 1777): Scheduling Phenotype for a PhenotypeSyncImmediately(6, com.google.android.gms.people.ui) one off with window [1, 2] in seconds [CONTEXT service_id=51 ]
I/SystemUpdate( 2221): [Execution,ExecutionManager] Action finished-execution executed for 0.00 seconds.
I/PackageManager( 1568): Adding preferred activity ComponentInfo{com.android.mms/com.android.mms.ui.ComposeMessageActivity} for user 0 :
I/PackageManager( 1568):   Action: "android.intent.action.SENDTO"
I/PackageManager( 1568):   Category: "android.intent.category.DEFAULT"
I/PackageManager( 1568):   Scheme: "mmsto"
I/PackageManager( 1568): Adding preferred activity ComponentInfo{com.android.mms/com.android.mms.ui.ComposeMessageActivity} for user 0 :
I/Wear_Controller( 2221): Wear requires a companion app to be installed.
I/Wear_Controller( 2221): onStartup - Wear is not available on this device.
E/dalvikvm( 2221): Could not find class 'android.security.keystore.KeyGenParameterSpec$Builder', referenced from method rwq.a
W/dalvikvm( 2221): VFY: unable to resolve new-instance 1527 (Landroid/security/keystore/KeyGenParameterSpec$Builder;) in Lrwq;
D/dalvikvm( 2221): VFY: replacing opcode 0x22 at 0x0034
D/dalvikvm( 2221): DexOpt: unable to opt direct call 0x153f at 0x37 in Lrwq;.a
E/dalvikvm( 2221): Could not find class 'android.security.keystore.KeyGenParameterSpec$Builder', referenced from method rws.a
W/dalvikvm( 2221): VFY: unable to resolve new-instance 1527 (Landroid/security/keystore/KeyGenParameterSpec$Builder;) in Lrws;
D/dalvikvm( 2221): VFY: replacing opcode 0x22 at 0x000b
D/dalvikvm( 2221): DexOpt: unable to opt direct call 0x153f at 0x12 in Lrws;.a
D/dalvikvm( 2221): GC_FOR_ALLOC freed 1420K, 20% free 7493K/9324K, paused 8ms, total 8ms
D/dalvikvm( 1568): GC_FOR_ALLOC freed 1203K, 49% free 7589K/14816K, paused 15ms, total 15ms
I/ActivityManager( 1568): Start proc com.google.android.gms.ui for service com.google.android.gms/.chimera.UiIntentOperationService: pid=2497 uid=10007 gids={50007, 3003, 1007, 1028, 1015, 3002, 3001, 3007, 2001, 3006}
W/dalvikvm( 2497): VFY: unable to resolve static field 1608 (PR_SET_DUMPABLE) in Landroid/system/OsConstants;
D/dalvikvm( 2497): VFY: replacing opcode 0x60 at 0x0017
W/dalvikvm( 2497): VFY: unable to find class referenced in signature (Lyqx;)
W/dalvikvm( 2497): VFY: unable to find class referenced in signature (Lyro;)
I/dalvikvm( 2497): Could not find method android.system.Os.readlink, referenced from method msk.a
W/dalvikvm( 2497): VFY: unable to resolve static method 3145: Landroid/system/Os;.readlink (Ljava/lang/String;)Ljava/lang/String;
D/dalvikvm( 2497): VFY: replacing opcode 0x71 at 0x00b0
I/dalvikvm( 2497): Could not find method android.os.PowerManager.isInteractive, referenced from method ndc.a
W/dalvikvm( 2497): VFY: unable to resolve virtual method 3046: Landroid/os/PowerManager;.isInteractive ()Z
D/dalvikvm( 2497): VFY: replacing opcode 0x6e at 0x0013
I/dalvikvm( 2497): Could not find method com.google.android.chimera.ModuleContext.getAttributionTag, referenced from method com.google.android.chimera.ModuleContext.createAttributionContext
W/dalvikvm( 2497): VFY: unable to resolve virtual method 14170: Lcom/google/android/chimera/ModuleContext;.getAttributionTag ()Ljava/lang/String;
D/dalvikvm( 2497): VFY: replacing opcode 0x6e at 0x0004
I/dalvikvm( 2497): Could not find method com.google.android.chimera.ContextThemeWrapper.createAttributionContext, referenced from method com.google.android.chimera.ModuleContext.createAttributionContext
W/dalvikvm( 2497): VFY: unable to resolve virtual method 13785: Lcom/google/android/chimera/ContextThemeWrapper;.createAttributionContext (Ljava/lang/String;)Landroid/content/Context;
D/dalvikvm( 2497): VFY: replacing opcode 0x6f at 0x0035
I/dalvikvm( 2497): Could not find method android.content.ContextWrapper.createCredentialProtectedStorageContext, referenced from method com.google.android.chimera.ModuleContext.createCredentialProtectedStorageContext
W/dalvikvm( 2497): VFY: unable to resolve virtual method 2508: Landroid/content/ContextWrapper;.createCredentialProtectedStorageContext ()Landroid/content/Context;
D/dalvikvm( 2497): VFY: replacing opcode 0x6f at 0x0002
I/dalvikvm( 2497): Could not find method android.content.ContextWrapper.createDeviceProtectedStorageContext, referenced from method com.google.android.chimera.ModuleContext.createDeviceProtectedStorageContext
W/dalvikvm( 2497): VFY: unable to resolve virtual method 2509: Landroid/content/ContextWrapper;.createDeviceProtectedStorageContext ()Landroid/content/Context;
D/dalvikvm( 2497): VFY: replacing opcode 0x6f at 0x0002
I/dalvikvm( 2497): Could not find method com.google.android.chimera.ContextThemeWrapper.sendBroadcastWithMultiplePermissions, referenced from method com.google.android.chimera.ModuleContext.sendBroadcastWithMultiplePermissions
W/dalvikvm( 2497): VFY: unable to resolve virtual method 13795: Lcom/google/android/chimera/ContextThemeWrapper;.sendBroadcastWithMultiplePermissions (Landroid/content/Intent;[Ljava/lang/String;)V
D/dalvikvm( 2497): VFY: replacing opcode 0x6f at 0x0009
I/MultiDex( 2497): VM with version 1.6.0 does not have multidex support
I/MultiDex( 2497): Installing application
I/MultiDex( 2497): MultiDexExtractor(/system/priv-app/PrebuiltGmsCore.apk, /data/data/com.google.android.gms/code_cache/secondary-dexes)
I/MultiDex( 2497): Blocking on lock /data/data/com.google.android.gms/code_cache/secondary-dexes/MultiDex.lock
I/MultiDex( 2497): /data/data/com.google.android.gms/code_cache/secondary-dexes/MultiDex.lock locked
I/MultiDex( 2497): MultiDexExtractor.load(/system/priv-app/PrebuiltGmsCore.apk, false, )
I/MultiDex( 2497): loading existing secondary dex files
I/MultiDex( 2497): load found 5 secondary dex files
D/ConnectivityService( 1568): [CheckMp] isMobileOk: X result=1
D/ConnectivityService( 1568): [CheckMp] onPostExecute: result=1
D/ConnectivityService( 1568): CheckMp.onComplete: result=1
D/ConnectivityService( 1568): CheckMp.onComplete: ignore, connected or no connection
I/MultiDex( 2497): install done
I/dalvikvm( 2497): Could not find method android.content.ContentProvider.query, referenced from method brf.superQuery
W/dalvikvm( 2497): VFY: unable to resolve virtual method 2428: Landroid/content/ContentProvider;.query (Landroid/net/Uri;[Ljava/lang/String;Landroid/os/Bundle;Landroid/os/CancellationSignal;)Landroid/database/Cursor;
D/dalvikvm( 2497): VFY: replacing opcode 0x6f at 0x0000
I/MediaRouter( 2221): Found default route: MediaRouter.RouteInfo{ uniqueId=android/aqi:DEFAULT_ROUTE, name=Phone, description=null, iconUri=null, enabled=true, connectionState=0, canDisconnect=false, playbackType=0, playbackStream=3, deviceType=0, volumeHandling=1, volume=11, volumeMax=15, presentationDisplayId=-1, extras=null, settingsIntent=null, providerPackageName=android }
I/MediaRouter( 2221): Unselecting the current route because it is no longer selectable: null
D/dalvikvm( 2497): GC_FOR_ALLOC freed 380K, 16% free 3125K/3692K, paused 2ms, total 2ms
I/dalvikvm( 2497): Could not find method android.os.UserHandle.isOwner, referenced from method nmy.f
W/dalvikvm( 2497): VFY: unable to resolve virtual method 3081: Landroid/os/UserHandle;.isOwner ()Z
D/dalvikvm( 2497): VFY: replacing opcode 0x6e at 0x000a
D/dalvikvm( 2497): DexOpt: couldn't find field Landroid/content/pm/ApplicationInfo;.splitSourceDirs
W/dalvikvm( 2497): VFY: unable to resolve instance field 1475
D/dalvikvm( 2497): VFY: replacing opcode 0x54 at 0x0055
D/dalvikvm( 2497): DexOpt: couldn't find static field Landroid/os/Build;.SUPPORTED_ABIS
W/dalvikvm( 2497): VFY: unable to resolve static field 1540 (SUPPORTED_ABIS) in Landroid/os/Build;
D/dalvikvm( 2497): VFY: replacing opcode 0x62 at 0x00d1
I/dalvikvm( 2497): Could not find method android.system.Os.stat, referenced from method nop.a
W/dalvikvm( 2497): VFY: unable to resolve static method 3146: Landroid/system/Os;.stat (Ljava/lang/String;)Landroid/system/StructStat;
D/dalvikvm( 2497): VFY: replacing opcode 0x71 at 0x0182
I/dalvikvm( 2497): Could not find method android.content.pm.PackageManager.getPackageInstaller, referenced from method men.a
W/dalvikvm( 2497): VFY: unable to resolve virtual method 2608: Landroid/content/pm/PackageManager;.getPackageInstaller ()Landroid/content/pm/PackageInstaller;
D/dalvikvm( 2497): VFY: replacing opcode 0x6e at 0x001c
W/DynamiteModule( 2497): Local module descriptor class for providerinstaller not found.
I/dalvikvm( 2497): Could not find method android.system.Os.readlink, referenced from method bse.a
W/dalvikvm( 2497): VFY: unable to resolve static method 3145: Landroid/system/Os;.readlink (Ljava/lang/String;)Ljava/lang/String;
D/dalvikvm( 2497): VFY: replacing opcode 0x71 at 0x0044
I/dalvikvm( 2497): Could not find method android.system.Os.symlink, referenced from method bse.a
W/dalvikvm( 2497): VFY: unable to resolve static method 3147: Landroid/system/Os;.symlink (Ljava/lang/String;Ljava/lang/String;)V
D/dalvikvm( 2497): VFY: replacing opcode 0x71 at 0x00b0
I/dalvikvm( 2497): Could not find method android.system.Os.stat, referenced from method bse.a
W/dalvikvm( 2497): VFY: unable to resolve static method 3146: Landroid/system/Os;.stat (Ljava/lang/String;)Landroid/system/StructStat;
D/dalvikvm( 2497): VFY: replacing opcode 0x71 at 0x0005
W/dalvikvm( 2497): VFY: unable to resolve static field 1615 (S_IXUSR) in Landroid/system/OsConstants;
D/dalvikvm( 2497): VFY: replacing opcode 0x60 at 0x0007
I/dalvikvm( 2497): Could not find method android.system.Os.stat, referenced from method bse.b
W/dalvikvm( 2497): VFY: unable to resolve static method 3146: Landroid/system/Os;.stat (Ljava/lang/String;)Landroid/system/StructStat;
D/dalvikvm( 2497): VFY: replacing opcode 0x71 at 0x0040
W/dalvikvm( 2497): VFY: unable to resolve static field 1612 (S_IRUSR) in Landroid/system/OsConstants;
D/dalvikvm( 2497): VFY: replacing opcode 0x60 at 0x0007
D/dalvikvm( 1777): GC_FOR_ALLOC freed 1006K, 15% free 7517K/8772K, paused 41ms, total 45ms
I/GCoreUlr( 1777): WorldUpdater:android.location.PROVIDERS_CHANGED: Ensuring that reporting is stopped because of reasons: (no Google accounts)
D/dalvikvm( 2497): DexOpt: couldn't find static field Landroid/os/Build;.SUPPORTED_64_BIT_ABIS
W/dalvikvm( 2497): VFY: unable to resolve static field 1539 (SUPPORTED_64_BIT_ABIS) in Landroid/os/Build;
D/dalvikvm( 2497): VFY: replacing opcode 0x62 at 0x0214
W/ProviderHelper( 2497): Unknown dynamite feature providerinstaller
I/DynamiteModule( 2497): Considering local module providerinstaller:0 and remote module providerinstaller:0
W/ProviderInstaller( 2497): Failed to load providerinstaller module: No acceptable module found. Local version is 0 and remote version is 0.
I/dalvikvm( 2497): Could not find method android.content.ContextWrapper.createCredentialProtectedStorageContext, referenced from method nfr.createCredentialProtectedStorageContext
W/dalvikvm( 2497): VFY: unable to resolve virtual method 2508: Landroid/content/ContextWrapper;.createCredentialProtectedStorageContext ()Landroid/content/Context;
D/dalvikvm( 2497): VFY: replacing opcode 0x6f at 0x0002
I/dalvikvm( 2497): Could not find method android.content.ContextWrapper.createDeviceProtectedStorageContext, referenced from method nfr.createDeviceProtectedStorageContext
W/dalvikvm( 2497): VFY: unable to resolve virtual method 2509: Landroid/content/ContextWrapper;.createDeviceProtectedStorageContext ()Landroid/content/Context;
D/dalvikvm( 2497): VFY: replacing opcode 0x6f at 0x0002
D/dalvikvm( 2497): DexOpt: couldn't find static field Landroid/os/Build;.SUPPORTED_64_BIT_ABIS
W/dalvikvm( 2497): VFY: unable to resolve static field 1539 (SUPPORTED_64_BIT_ABIS) in Landroid/os/Build;
D/dalvikvm( 2497): VFY: replacing opcode 0x62 at 0x0080
D/dalvikvm( 2497): DexOpt: couldn't find static field Landroid/os/Build;.SUPPORTED_ABIS
W/dalvikvm( 2497): VFY: unable to resolve static field 1540 (SUPPORTED_ABIS) in Landroid/os/Build;
D/dalvikvm( 2497): VFY: replacing opcode 0x62 at 0x00d3
V/NativeCrypto( 2497): Registering com/google/android/gms/org/conscrypt/NativeCrypto's 286 native methods...
W/dalvikvm( 2497): Unable to resolve superclass of Lcom/google/android/gms/org/conscrypt/TrustManagerImpl; (5184)
W/dalvikvm( 2497): Link of class 'Lcom/google/android/gms/org/conscrypt/TrustManagerImpl;' failed
I/dalvikvm( 2497): Could not find method com.google.android.gms.org.conscrypt.TrustManagerImpl.getDefaultHostnameVerifier, referenced from method com.google.android.gms.org.conscrypt.Conscrypt.getDefaultHostnameVerifier
W/dalvikvm( 2497): VFY: unable to resolve static method 17870: Lcom/google/android/gms/org/conscrypt/TrustManagerImpl;.getDefaultHostnameVerifier ()Lcom/google/android/gms/org/conscrypt/ConscryptHostnameVerifier;
D/dalvikvm( 2497): VFY: replacing opcode 0x71 at 0x0003
W/dalvikvm( 2497): Unable to resolve superclass of Lcom/google/android/gms/org/conscrypt/TrustManagerImpl; (5184)
W/dalvikvm( 2497): Link of class 'Lcom/google/android/gms/org/conscrypt/TrustManagerImpl;' failed
W/dalvikvm( 2497): VFY: unable to find class referenced in signature (Lcom/google/android/gms/org/conscrypt/TrustManagerImpl;)
W/dalvikvm( 2497): Unable to resolve superclass of Lcom/google/android/gms/org/conscrypt/TrustManagerImpl; (5184)
W/dalvikvm( 2497): Link of class 'Lcom/google/android/gms/org/conscrypt/TrustManagerImpl;' failed
I/dalvikvm( 2497): Could not find method com.google.android.gms.org.conscrypt.TrustManagerImpl.getHostnameVerifier, referenced from method com.google.android.gms.org.conscrypt.Conscrypt.getHostnameVerifier
W/dalvikvm( 2497): VFY: unable to resolve virtual method 17872: Lcom/google/android/gms/org/conscrypt/TrustManagerImpl;.getHostnameVerifier ()Lcom/google/android/gms/org/conscrypt/ConscryptHostnameVerifier;
D/dalvikvm( 2497): VFY: replacing opcode 0x6e at 0x0004
W/dalvikvm( 2497): Unable to resolve superclass of Lcom/google/android/gms/org/conscrypt/TrustManagerImpl; (5184)
W/dalvikvm( 2497): Link of class 'Lcom/google/android/gms/org/conscrypt/TrustManagerImpl;' failed
E/dalvikvm( 2497): Could not find class 'com.google.android.gms.org.conscrypt.TrustManagerImpl', referenced from method com.google.android.gms.org.conscrypt.Conscrypt.isConscrypt
W/dalvikvm( 2497): VFY: unable to resolve instanceof 4452 (Lcom/google/android/gms/org/conscrypt/TrustManagerImpl;) in Lcom/google/android/gms/org/conscrypt/Conscrypt;
D/dalvikvm( 2497): VFY: replacing opcode 0x20 at 0x0000
D/dalvikvm( 2497): GC_FOR_ALLOC freed 467K, 18% free 3170K/3824K, paused 1ms, total 1ms
W/dalvikvm( 2497): Unable to resolve superclass of Lcom/google/android/gms/org/conscrypt/TrustManagerImpl; (5184)
W/dalvikvm( 2497): Link of class 'Lcom/google/android/gms/org/conscrypt/TrustManagerImpl;' failed
I/dalvikvm( 2497): Could not find method com.google.android.gms.org.conscrypt.TrustManagerImpl.setDefaultHostnameVerifier, referenced from method com.google.android.gms.org.conscrypt.Conscrypt.setDefaultHostnameVerifier
W/dalvikvm( 2497): VFY: unable to resolve static method 17882: Lcom/google/android/gms/org/conscrypt/TrustManagerImpl;.setDefaultHostnameVerifier (Lcom/google/android/gms/org/conscrypt/ConscryptHostnameVerifier;)V
D/dalvikvm( 2497): VFY: replacing opcode 0x71 at 0x0003
W/dalvikvm( 2497): Unable to resolve superclass of Lcom/google/android/gms/org/conscrypt/TrustManagerImpl; (5184)
W/dalvikvm( 2497): Link of class 'Lcom/google/android/gms/org/conscrypt/TrustManagerImpl;' failed
W/dalvikvm( 2497): VFY: unable to find class referenced in signature (Lcom/google/android/gms/org/conscrypt/TrustManagerImpl;)
W/dalvikvm( 2497): Unable to resolve superclass of Lcom/google/android/gms/org/conscrypt/TrustManagerImpl; (5184)
W/dalvikvm( 2497): Link of class 'Lcom/google/android/gms/org/conscrypt/TrustManagerImpl;' failed
I/dalvikvm( 2497): Could not find method com.google.android.gms.org.conscrypt.TrustManagerImpl.setHostnameVerifier, referenced from method com.google.android.gms.org.conscrypt.Conscrypt.setHostnameVerifier
W/dalvikvm( 2497): VFY: unable to resolve virtual method 17883: Lcom/google/android/gms/org/conscrypt/TrustManagerImpl;.setHostnameVerifier (Lcom/google/android/gms/org/conscrypt/ConscryptHostnameVerifier;)V
D/dalvikvm( 2497): VFY: replacing opcode 0x6e at 0x0004
W/dalvikvm( 2497): Unable to resolve superclass of Lcom/google/android/gms/org/conscrypt/TrustManagerImpl; (5184)
W/dalvikvm( 2497): Link of class 'Lcom/google/android/gms/org/conscrypt/TrustManagerImpl;' failed
E/dalvikvm( 2497): Could not find class 'com.google.android.gms.org.conscrypt.TrustManagerImpl', referenced from method com.google.android.gms.org.conscrypt.Conscrypt.toConscrypt
W/dalvikvm( 2497): VFY: unable to resolve check-cast 4452 (Lcom/google/android/gms/org/conscrypt/TrustManagerImpl;) in Lcom/google/android/gms/org/conscrypt/Conscrypt;
D/dalvikvm( 2497): VFY: replacing opcode 0x1f at 0x002a
D/dalvikvm( 2497): GC_FOR_ALLOC freed 291K, 13% free 3389K/3868K, paused 2ms, total 2ms
D/AndroidRuntime( 2515): 
D/AndroidRuntime( 2515): >>>>>> AndroidRuntime START com.android.internal.os.RuntimeInit <<<<<<
W/linker  ( 2515): libdvm.so has text relocations. This is wasting memory and is a security risk. Please fix.
D/AndroidRuntime( 2515): CheckJNI is ON
D/dalvikvm( 1797): GC_EXPLICIT freed 331K, 30% free 5379K/7604K, paused 0ms+1ms, total 5ms
D/dalvikvm( 2515): Trying to load lib libjavacore.so 0x0
I/GCoreUlr( 1777): Unbound from all signal providers.
D/dalvikvm( 2515): Added shared lib libjavacore.so 0x0
D/dalvikvm( 2515): Trying to load lib libnativehelper.so 0x0
D/dalvikvm( 2515): Added shared lib libnativehelper.so 0x0
D/dalvikvm( 2515): No JNI_OnLoad found in libnativehelper.so 0x0, skipping init
D/dalvikvm( 2515): Note: class Landroid/app/ActivityManagerNative; has 179 unimplemented (abstract) methods
E/dalvikvm( 2221): Could not find class 'android.app.usage.UsageStatsManager', referenced from method vha.a
W/dalvikvm( 2221): VFY: unable to resolve const-class 1242 (Landroid/app/usage/UsageStatsManager;) in Lvha;
D/dalvikvm( 2221): VFY: replacing opcode 0x1c at 0x0009
D/dalvikvm( 2497): GC_FOR_ALLOC freed 134K, 9% free 3752K/4088K, paused 9ms, total 9ms
E/memtrack( 2515): Couldn't load memtrack module (No such file or directory)
E/android.os.Debug( 2515): failed to load memtrack module: -2
I/ActivityManager( 1568): Start proc com.google.android.calendar for broadcast com.google.android.calendar/com.android.calendar.widget.CalendarAppWidgetService$CalendarFactory: pid=2533 uid=10018 gids={50018, 3003}
I/GCM-GMS ( 2221): Scheduling task to register GMS
I/Herrevad( 1777): [58] wkz.a: updateListenState
I/dalvikvm( 1777): Could not find method android.content.Context.createDeviceProtectedStorageContext, referenced from method vhu.a
W/dalvikvm( 1777): VFY: unable to resolve virtual method 4497: Landroid/content/Context;.createDeviceProtectedStorageContext ()Landroid/content/Context;
D/dalvikvm( 1777): VFY: replacing opcode 0x6e at 0x001b
I/CastDatabase( 2221): Opening the database
E/dalvikvm( 1777): Could not find class 'android.app.usage.UsageStatsManager', referenced from method vha.a
W/dalvikvm( 1777): VFY: unable to resolve const-class 1242 (Landroid/app/usage/UsageStatsManager;) in Lvha;
D/dalvikvm( 1777): VFY: replacing opcode 0x1c at 0x0009
D/dalvikvm( 2497): GC_FOR_ALLOC freed 132K, 8% free 4099K/4452K, paused 9ms, total 9ms
I/PackageManager( 1568): Running dexopt on: com.google.android.calendar
D/AndroidRuntime( 2515): Calling main entry com.android.commands.pm.Pm
W/linker  ( 2547): libdvm.so has text relocations. This is wasting memory and is a security risk. Please fix.
D/dalvikvm( 2497): GC_FOR_ALLOC freed 108K, 8% free 4405K/4756K, paused 2ms, total 2ms
D/dalvikvm( 2221): GC_FOR_ALLOC freed 1232K, 17% free 7764K/9324K, paused 14ms, total 14ms
D/dalvikvm( 2497): GC_FOR_ALLOC freed 157K, 9% free 4687K/5104K, paused 2ms, total 2ms
E/dalvikvm( 2497): Could not find class 'javax.net.ssl.SNIServerName', referenced from method com.google.android.gms.org.conscrypt.Platform.getSniHostnameFromParams
W/dalvikvm( 2497): VFY: unable to resolve check-cast 5160 (Ljavax/net/ssl/SNIServerName;) in Lcom/google/android/gms/org/conscrypt/Platform;
D/dalvikvm( 2497): VFY: replacing opcode 0x1f at 0x0025
E/dalvikvm( 2497): Could not find class 'javax.net.ssl.SNIHostName', referenced from method com.google.android.gms.org.conscrypt.Platform.setParametersSniHostname
W/dalvikvm( 2497): VFY: unable to resolve new-instance 5159 (Ljavax/net/ssl/SNIHostName;) in Lcom/google/android/gms/org/conscrypt/Platform;
D/dalvikvm( 2497): VFY: replacing opcode 0x22 at 0x0024
E/dalvikvm( 2497): Could not find class 'javax.net.ssl.SNIHostName', referenced from method com.google.android.gms.org.conscrypt.Platform.setParametersSniHostname
W/dalvikvm( 2497): VFY: unable to resolve new-instance 5159 (Ljavax/net/ssl/SNIHostName;) in Lcom/google/android/gms/org/conscrypt/Platform;
D/dalvikvm( 2497): VFY: replacing opcode 0x22 at 0x0024
D/dalvikvm( 2497): DexOpt: unable to opt direct call 0x52f9 at 0x2a in Lcom/google/android/gms/org/conscrypt/Platform;.setParametersSniHostname
D/dalvikvm( 2497): DexOpt: unable to opt direct call 0x52f9 at 0x2a in Lcom/google/android/gms/org/conscrypt/Platform;.setParametersSniHostname
D/dalvikvm( 2497): GC_FOR_ALLOC freed 308K, 11% free 4884K/5440K, paused 2ms, total 2ms
I/ProviderInstaller( 2497): Installed default security provider GmsCore_OpenSSL
I/SQLiteCastDBHelper( 2221): Creating cast database
D/dalvikvm( 2547): DexOpt: load 20ms, verify+opt 61ms, 1896332 bytes
W/ActivityManager( 1568): No content provider found for permission revoke: file:///sdcard/ripper.apk
W/ActivityManager( 1568): No content provider found for permission revoke: file:///sdcard/ripper.apk
I/PackageManager( 1568): Copying native libraries to /data/app-lib/vmdl1438603268
I/PackageParser( 1568): it.unina.android.ripper: compat added android.permission.WRITE_EXTERNAL_STORAGE android.permission.READ_PHONE_STATE
I/Safeboot( 2497): Checking safeboot...
I/Safeboot( 2497): Not entering safeboot; wrong process.
D/dalvikvm( 1797): GC_EXPLICIT freed 141K, 30% free 5379K/7604K, paused 1ms+0ms, total 5ms
E/dalvikvm( 2497): Could not find class 'com.google.common.flogger.backend.google.GooglePlatform', referenced from method beui.a
W/dalvikvm( 2497): VFY: unable to resolve const-class 4605 (Lcom/google/common/flogger/backend/google/GooglePlatform;) in Lbeui;
D/dalvikvm( 2497): VFY: replacing opcode 0x1c at 0x001b
I/Icing   ( 2221): updateResources: need to parse wwx{com.google.android.gms}
I/SQLiteCastStore( 2221): 0 CastNetworkInfo instances loaded, 0 CastDeviceInfo instances loaded, 0 paired guest mode devices loaded.
I/PackageManager( 1568): Running dexopt on: it.unina.android.ripper
W/linker  ( 2570): libdvm.so has text relocations. This is wasting memory and is a security risk. Please fix.
V/AlarmClock( 2473): AlarmInitReceiver android.intent.action.TIMEZONE_CHANGED
I/ActivityManager( 1568): Start proc com.android.providers.calendar for content provider com.android.providers.calendar/.CalendarProvider2: pid=2559 uid=10001 gids={50001, 3003, 1028, 1015}
