I/ActivityManager( 1569): Start proc com.google.android.gms for service com.google.android.gms/.chimera.GmsIntentOperationService: pid=2105 uid=10007 gids={50007, 3003, 1007, 1028, 1015, 3002, 3001, 3007, 2001, 3006}
D/ConnectivityService( 1569): [CheckMp] isMobileOk: newUrl=https://172.217.13.110/generate_204
W/ActivityThread( 1569): ClassLoader.loadClass: The class loader returned by Thread.getContextClassLoader() may fail for processes that host multiple applications. You should explicitly specify a context class loader. For example: Thread.setContextClassLoader(getClass().getClassLoader());
D/ConnectivityService( 1569): [CheckMp] isMobileOk: hostnameVerify retVal=true hostname=172.217.13.110 orgUriHost=clients3.google.com
D/ConnectivityService( 1569): [CheckMp] isMobileOk: headers={null=[HTTP/1.1 204 No Content], Alt-Svc=[h3=":443"; ma=2592000,h3-29=":443"; ma=2592000,h3-T051=":443"; ma=2592000,h3-Q050=":443"; ma=2592000,h3-Q046=":443"; ma=2592000,h3-Q043=":443"; ma=2592000,quic=":443"; ma=2592000; v="46,43"], Connection=[close], Content-Length=[0], Date=[Sun, 15 Aug 2021 14:48:03 GMT], X-Android-Received-Millis=[1629038883250], X-Android-Response-Source=[NETWORK 204], X-Android-Selected-Transport=[http/1.1], X-Android-Sent-Millis=[1629038883232]}
D/ConnectivityService( 1569): [CheckMp] isMobileOk: X got expected responseCode=204 result=1
D/ConnectivityService( 1569): [CheckMp] isMobileOk: F stop hipri
D/MobileDataStateTracker( 1569): default: setEnableFailFastMobileData(enabled=0)
D/ConnectivityService( 1569): stopUsingNetworkFeature: teardown net 0: enableHIPRI
D/MobileDataStateTracker( 1569): hipri: Broadcast received: android.intent.action.ANY_DATA_STATE apnType=hipri
D/MobileDataStateTracker( 1569): hipri: Received state=DISCONNECTED, old=CONNECTED, reason=dataDisabled
D/MobileDataStateTracker( 1569): hipri: setDetailed state, old =CONNECTED and new state=DISCONNECTED
D/ConnectivityService( 1569): ConnectivityChange for mobile_hipri: DISCONNECTED/DISCONNECTED
D/Nat464Xlat( 1569): requiresClat: netType=5, hasIPv4Address=true
I/ActivityManager( 1569): Start proc com.android.defcontainer for service com.android.defcontainer/.DefaultContainerService: pid=2176 uid=10003 gids={50003, 1028, 1015, 1023, 2001, 1035}
W/ActivityManager( 1569): No content provider found for permission revoke: file:///data/local/tmp/AndroidRipperService.apk
W/ActivityManager( 1569): No content provider found for permission revoke: file:///data/local/tmp/AndroidRipperService.apk
I/PackageManager( 1569): Copying native libraries to /data/app-lib/vmdl863509364
I/PackageParser( 1569): it.unina.android.ripper_service: compat added android.permission.WRITE_EXTERNAL_STORAGE android.permission.READ_PHONE_STATE
I/ActivityManager( 1569): Force stopping it.unina.android.ripper_service appid=10057 user=-1: update pkg
I/ActivityManager( 1569): Start proc com.android.music for broadcast com.android.music/.MediaButtonIntentReceiver: pid=2227 uid=10036 gids={50036, 3003, 1028, 1015}
I/PackageManager( 1569): Adding preferred activity ComponentInfo{com.android.mms/com.android.mms.ui.ComposeMessageActivity} for user 0 :
I/PackageManager( 1569): Adding preferred activity ComponentInfo{com.android.mms/com.android.mms.ui.ComposeMessageActivity} for user 0 :
I/PackageManager( 1569): Adding preferred activity ComponentInfo{com.android.mms/com.android.mms.ui.ComposeMessageActivity} for user 0 :
I/PackageManager( 1569): Adding preferred activity ComponentInfo{com.android.mms/com.android.mms.ui.ComposeMessageActivity} for user 0 :
D/BackupManagerService( 1569): Received broadcast Intent { act=android.intent.action.PACKAGE_ADDED dat=package:it.unina.android.ripper_service flg=0x4000010 (has extras) }
I/PackageManager( 1569): Adding preferred activity ComponentInfo{com.android.mms/com.android.mms.ui.ComposeMessageActivity} for user 0 :
I/PackageManager( 1569): Adding preferred activity ComponentInfo{com.android.mms/com.android.mms.ui.ComposeMessageActivity} for user 0 :
V/BackupManagerService( 1569): addPackageParticipantsLocked: #1
I/PackageManager( 1569): Adding preferred activity ComponentInfo{com.android.mms/com.android.mms.ui.ComposeMessageActivity} for user 0 :
I/PackageManager( 1569): Adding preferred activity ComponentInfo{com.android.mms/com.android.mms.ui.ComposeMessageActivity} for user 0 :
W/ActivityManager( 1569): Unable to start service Intent { act=com.google.android.gms.auth.key.retrieval.service.START pkg=com.google.android.gms } U=0: not found
W/ActivityManager( 1569): Unbind failed: could not find connection for android.os.BinderProxy@9d986e58
W/ActivityManager( 1569): Unable to start service Intent { act=com.google.android.gms.nearby.discovery:ACTION_INIT_MESSAGES_PATH cmp=com.google.android.gms/.nearby.discovery.service.DiscoveryService } U=0: not found
I/PackageManager( 1569): Adding preferred activity ComponentInfo{com.android.mms/com.android.mms.ui.ComposeMessageActivity} for user 0 :
I/PackageManager( 1569): Adding preferred activity ComponentInfo{com.android.mms/com.android.mms.ui.ComposeMessageActivity} for user 0 :
I/PackageManager( 1569): Adding preferred activity ComponentInfo{com.android.mms/com.android.mms.ui.ComposeMessageActivity} for user 0 :
I/PackageManager( 1569): Adding preferred activity ComponentInfo{com.android.mms/com.android.mms.ui.ComposeMessageActivity} for user 0 :
I/PackageManager( 1569): Adding preferred activity ComponentInfo{com.android.mms/com.android.mms.ui.ComposeMessageActivity} for user 0 :
I/PackageManager( 1569): Adding preferred activity ComponentInfo{com.android.mms/com.android.mms.ui.ComposeMessageActivity} for user 0 :
I/PackageManager( 1569): Adding preferred activity ComponentInfo{com.android.mms/com.android.mms.ui.ComposeMessageActivity} for user 0 :
I/PackageManager( 1569): Adding preferred activity ComponentInfo{com.android.mms/com.android.mms.ui.ComposeMessageActivity} for user 0 :
I/ActivityManager( 1569): Start proc it.unina.android.ripper_service:android_ripper_service_process for service it.unina.android.ripper_service/.AndroidRipperService: pid=2343 uid=10057 gids={50057, 3003, 1028, 1015}
I/PackageManager( 1569): Adding preferred activity ComponentInfo{com.android.mms/com.android.mms.ui.ComposeMessageActivity} for user 0 :
I/PackageManager( 1569): Adding preferred activity ComponentInfo{com.android.mms/com.android.mms.ui.ComposeMessageActivity} for user 0 :
I/PackageManager( 1569): Adding preferred activity ComponentInfo{com.android.mms/com.android.mms.ui.ComposeMessageActivity} for user 0 :
I/PackageManager( 1569): Adding preferred activity ComponentInfo{com.android.mms/com.android.mms.ui.ComposeMessageActivity} for user 0 :
I/PackageManager( 1569): Adding preferred activity ComponentInfo{com.android.mms/com.android.mms.ui.ComposeMessageActivity} for user 0 :
I/PackageManager( 1569): Adding preferred activity ComponentInfo{com.android.mms/com.android.mms.ui.ComposeMessageActivity} for user 0 :
I/PackageManager( 1569): Adding preferred activity ComponentInfo{com.android.mms/com.android.mms.ui.ComposeMessageActivity} for user 0 :
I/PackageManager( 1569): Adding preferred activity ComponentInfo{com.android.mms/com.android.mms.ui.ComposeMessageActivity} for user 0 :
I/PackageManager( 1569): Adding preferred activity ComponentInfo{com.android.mms/com.android.mms.ui.ComposeMessageActivity} for user 0 :
I/PackageManager( 1569): Adding preferred activity ComponentInfo{com.android.mms/com.android.mms.ui.ComposeMessageActivity} for user 0 :
I/PackageManager( 1569): Adding preferred activity ComponentInfo{com.android.mms/com.android.mms.ui.ComposeMessageActivity} for user 0 :
I/PackageManager( 1569): Adding preferred activity ComponentInfo{com.android.mms/com.android.mms.ui.ComposeMessageActivity} for user 0 :
W/ActivityManager( 1569): Unable to start service Intent { act=com.google.android.gms.nearby.discovery:ACTION_PERMISSION_CHANGE cmp=com.google.android.gms/.nearby.discovery.service.DiscoveryService } U=0: not found
I/PackageManager( 1569): Adding preferred activity ComponentInfo{com.android.mms/com.android.mms.ui.ComposeMessageActivity} for user 0 :
I/PackageManager( 1569): Adding preferred activity ComponentInfo{com.android.mms/com.android.mms.ui.ComposeMessageActivity} for user 0 :
I/PackageManager( 1569): Adding preferred activity ComponentInfo{com.android.mms/com.android.mms.ui.ComposeMessageActivity} for user 0 :
I/PackageManager( 1569): Adding preferred activity ComponentInfo{com.android.mms/com.android.mms.ui.ComposeMessageActivity} for user 0 :
I/PackageManager( 1569): Adding preferred activity ComponentInfo{com.android.mms/com.android.mms.ui.ComposeMessageActivity} for user 0 :
I/PackageManager( 1569): Adding preferred activity ComponentInfo{com.android.mms/com.android.mms.ui.ComposeMessageActivity} for user 0 :
I/PackageManager( 1569): Adding preferred activity ComponentInfo{com.android.mms/com.android.mms.ui.ComposeMessageActivity} for user 0 :
I/PackageManager( 1569): Adding preferred activity ComponentInfo{com.android.mms/com.android.mms.ui.ComposeMessageActivity} for user 0 :
I/PackageManager( 1569): Adding preferred activity ComponentInfo{com.android.mms/com.android.mms.ui.ComposeMessageActivity} for user 0 :
I/PackageManager( 1569): Adding preferred activity ComponentInfo{com.android.mms/com.android.mms.ui.ComposeMessageActivity} for user 0 :
I/PackageManager( 1569): Adding preferred activity ComponentInfo{com.android.mms/com.android.mms.ui.ComposeMessageActivity} for user 0 :
I/PackageManager( 1569): Adding preferred activity ComponentInfo{com.android.mms/com.android.mms.ui.ComposeMessageActivity} for user 0 :
I/ActivityManager( 1569): Start proc com.google.android.gms.ui for service com.google.android.gms/.chimera.UiIntentOperationService: pid=2377 uid=10007 gids={50007, 3003, 1007, 1028, 1015, 3002, 3001, 3007, 2001, 3006}
I/ActivityManager( 1569): Start proc com.google.android.googlequicksearchbox for broadcast com.google.android.googlequicksearchbox/com.google.android.searchcommon.summons.icing.InternalIcingCorporaProvider$CorporaChangedReceiver: pid=2391 uid=10013 gids={50013, 3003, 1028, 3002, 1015}
I/ActivityManager( 1569): Start proc com.google.android.googlequicksearchbox:launcher for broadcast com.google.android.googlequicksearchbox/com.google.android.gel.GelStubAppWatcher: pid=2411 uid=10013 gids={50013, 3003, 1028, 3002, 1015}
E/ActivityThread( 2391): Failed to find provider info for com.google.android.voicesearch
E/ActivityThread( 2391): Failed to find provider info for com.google.android.partnersetup.rlzappprovider
I/ActivityManager( 1569): Start proc com.google.android.calendar for broadcast com.google.android.calendar/com.android.calendar.widget.CalendarAppWidgetService$CalendarFactory: pid=2482 uid=10018 gids={50018, 3003}
I/ActivityManager( 1569): Start proc com.android.deskclock for broadcast com.android.deskclock/.AlarmInitReceiver: pid=2513 uid=10022 gids={50022, 1028}
I/ActivityManager( 1569): Start proc com.android.providers.calendar for content provider com.android.providers.calendar/.CalendarProvider2: pid=2525 uid=10001 gids={50001, 3003, 1028, 1015}
W/BackupManagerService( 1569): dataChanged but no participant pkg='com.android.providers.settings' uid=10022
I/ActivityManager( 1569): Start proc com.google.android.play.games for broadcast com.google.android.play.games/com.google.android.libraries.notifications.entrypoints.timezonechanged.TimezoneChangedReceiver: pid=2545 uid=10043 gids={50043, 3003}
D/ConnectivityService( 1569): [CheckMp] isMobileOk: X result=1
D/ConnectivityService( 1569): [CheckMp] onPostExecute: result=1
D/ConnectivityService( 1569): CheckMp.onComplete: result=1
D/ConnectivityService( 1569): CheckMp.onComplete: ignore, connected or no connection
W/ActivityManager( 1569): Unable to start service Intent { act=com.google.android.gms.instantapps.START pkg=com.google.android.gms } U=0: not found
W/ActivityManager( 1569): Unbind failed: could not find connection for android.os.BinderProxy@9da8b820
W/ActivityManager( 1569): No content provider found for permission revoke: file:///sdcard/aut.apk
I/ActivityManager( 1569): Delaying start of: ServiceRecord{9da9cf10 u0 com.google.android.play.games/com.google.android.libraries.notifications.executor.impl.basic.ChimeExecutorApiService}
I/ActivityManager( 1569): Delay finish: com.android.settings/.widget.SettingsAppWidgetProvider
W/ActivityManager( 1569): No content provider found for permission revoke: file:///sdcard/aut.apk
I/PackageManager( 1569): Copying native libraries to /data/app-lib/vmdl616071106
W/PackageParser( 1569): Unknown element under <manifest>: queries at /data/app/vmdl616071106.tmp Binary XML file line #23
I/ActivityManager( 1569): Start proc com.google.android.gms.unstable for service com.google.android.gms/.droidguard.DroidGuardService: pid=2625 uid=10007 gids={50007, 3003, 1007, 1028, 1015, 3002, 3001, 3007, 2001, 3006}
I/ActivityManager( 1569): Resuming delayed broadcast
W/BroadcastQueue( 1569): Permission Denial: broadcasting Intent { act=android.appwidget.action.APPWIDGET_UPDATE_OPTIONS flg=0x10 cmp=com.android.settings/.widget.SettingsAppWidgetProvider (has extras) } from android (pid=1946, uid=10009) is not exported from uid 1000 due to receiver com.android.settings/.widget.SettingsAppWidgetProvider
I/ActivityManager( 1569): Start proc com.android.dialer for broadcast com.android.dialer/.calllog.CallLogReceiver: pid=2654 uid=10004 gids={50004, 3003, 1028, 1015}
I/CertBlacklister( 1569): Certificate blacklist changed, updating...
I/CertBlacklister( 1569): Certificate blacklist updated
I/CertBlacklister( 1569): Certificate blacklist changed, updating...
I/CertBlacklister( 1569): Certificate blacklist updated
W/PackageManager( 1569): Unknown permission android.permission.FOREGROUND_SERVICE in package it.reyboz.bustorino
I/ActivityManager( 1569): Force stopping it.reyboz.bustorino appid=10058 user=-1: update pkg
I/PackageManager( 1569): Adding preferred activity ComponentInfo{com.android.mms/com.android.mms.ui.ComposeMessageActivity} for user 0 :
I/PackageManager( 1569): Adding preferred activity ComponentInfo{com.android.mms/com.android.mms.ui.ComposeMessageActivity} for user 0 :
D/BackupManagerService( 1569): Received broadcast Intent { act=android.intent.action.PACKAGE_ADDED dat=package:it.reyboz.bustorino flg=0x4000010 (has extras) }
V/BackupManagerService( 1569): addPackageParticipantsLocked: #1
I/ActivityManager( 1569): Delay finish: com.android.dialer/.calllog.CallLogReceiver
I/PackageManager( 1569): Adding preferred activity ComponentInfo{com.android.mms/com.android.mms.ui.ComposeMessageActivity} for user 0 :
I/PackageManager( 1569): Adding preferred activity ComponentInfo{com.android.mms/com.android.mms.ui.ComposeMessageActivity} for user 0 :
I/ActivityManager( 1569): Resuming delayed broadcast
I/PackageManager( 1569): Adding preferred activity ComponentInfo{com.android.mms/com.android.mms.ui.ComposeMessageActivity} for user 0 :
I/PackageManager( 1569): Adding preferred activity ComponentInfo{com.android.mms/com.android.mms.ui.ComposeMessageActivity} for user 0 :
I/PackageManager( 1569): Adding preferred activity ComponentInfo{com.android.mms/com.android.mms.ui.ComposeMessageActivity} for user 0 :
I/PackageManager( 1569): Adding preferred activity ComponentInfo{com.android.mms/com.android.mms.ui.ComposeMessageActivity} for user 0 :
V/WiredAccessoryManager( 1569): init()
I/PowerManagerService( 1569): Boot animation finished.
I/BootReceiver( 1569): Copying audit failures to DropBox
I/BootReceiver( 1569): Checking for fsck errors
I/ActivityManager( 1569): Delay finish: com.android.providers.downloads/.DownloadReceiver
I/ActivityManager( 1569): Resuming delayed broadcast
I/SystemUpdateService( 1796): cancelUpdate (empty URL)
I/ActivityManager( 1569): Delay finish: com.android.providers.media/.MediaScannerReceiver
I/SystemUpdateService( 1796): cancelUpdate (empty URL)
W/ActivityManager( 1569): No content provider found for permission revoke: file:///sdcard/ripper.apk
W/ActivityManager( 1569): No content provider found for permission revoke: file:///sdcard/ripper.apk
I/PackageManager( 1569): Copying native libraries to /data/app-lib/vmdl-673067639
I/PackageParser( 1569): it.unina.android.ripper: compat added android.permission.WRITE_EXTERNAL_STORAGE android.permission.READ_PHONE_STATE
I/ActivityManager( 1569): Force stopping it.unina.android.ripper appid=10059 user=-1: update pkg
D/BackupManagerService( 1569): Received broadcast Intent { act=android.intent.action.PACKAGE_ADDED dat=package:it.unina.android.ripper flg=0x4000010 (has extras) }
V/BackupManagerService( 1569): addPackageParticipantsLocked: #1
I/PackageManager( 1569): Adding preferred activity ComponentInfo{com.android.mms/com.android.mms.ui.ComposeMessageActivity} for user 0 :
I/PackageManager( 1569): Adding preferred activity ComponentInfo{com.android.mms/com.android.mms.ui.ComposeMessageActivity} for user 0 :
I/ActivityManager( 1569): Resuming delayed broadcast
I/PackageManager( 1569): Adding preferred activity ComponentInfo{com.android.mms/com.android.mms.ui.ComposeMessageActivity} for user 0 :
I/PackageManager( 1569): Adding preferred activity ComponentInfo{com.android.mms/com.android.mms.ui.ComposeMessageActivity} for user 0 :
I/ActivityManager( 1569): Start proc com.android.mms for broadcast com.android.mms/.transaction.MmsSystemEventReceiver: pid=2722 uid=10010 gids={50010, 3003, 1028, 1015}
I/PackageManager( 1569): Adding preferred activity ComponentInfo{com.android.mms/com.android.mms.ui.ComposeMessageActivity} for user 0 :
I/PackageManager( 1569): Adding preferred activity ComponentInfo{com.android.mms/com.android.mms.ui.ComposeMessageActivity} for user 0 :
I/PackageManager( 1569): Adding preferred activity ComponentInfo{com.android.mms/com.android.mms.ui.ComposeMessageActivity} for user 0 :
I/PackageManager( 1569): Adding preferred activity ComponentInfo{com.android.mms/com.android.mms.ui.ComposeMessageActivity} for user 0 :
D/ConnectivityService( 1569): handleInetConditionHoldEnd: net=0, condition=0, published condition=0
D/CountryDetector( 1569): The first listener is added
I/ActivityManager( 1569): Delay finish: com.android.mms/.transaction.MmsSystemEventReceiver
I/ActivityManager( 1569): Resuming delayed broadcast
I/ActivityManager( 1569): Delay finish: com.android.mms/.transaction.SmsReceiver
I/ActivityManager( 1569): Force stopping it.reyboz.bustorino appid=10058 user=0: start instr
I/ActivityManager( 1569): Start proc it.reyboz.bustorino for added application it.reyboz.bustorino: pid=2772 uid=10058 gids={50058, 3003, 1028, 1015}
I/ActivityManager( 1569): Resuming delayed broadcast
I/ActivityManager( 1569): Delay finish: com.google.android.googlequicksearchbox/com.google.android.searchcommon.StartUpReceiver
I/ActivityManager( 1569): START u0 {act=android.intent.action.MAIN flg=0x10000000 cmp=it.reyboz.bustorino/.ActivityPrincipal} from pid 2772
W/ActivityManager( 1569): Unable to start service Intent { act=com.google.android.gms.auth.key.retrieval.service.START pkg=com.google.android.gms } U=0: not found
W/ActivityManager( 1569): Unbind failed: could not find connection for android.os.BinderProxy@9d990548
I/CertBlacklister( 1569): Certificate blacklist changed, updating...
I/CertBlacklister( 1569): Certificate blacklist updated
D/NotificationService( 1569): onNotification error pkg=it.reyboz.bustorino tag=null id=32198; will crashApplication(uid=10058, pid=2772)
I/ActivityManager( 1569): START u0 {flg=0x10000000 cmp=it.reyboz.bustorino/org.acra.dialog.CrashReportDialog (has extras)} from pid 2772
I/ActivityManager( 1569): Process it.reyboz.bustorino (pid 2772) has died.
I/WindowState( 1569): WIN DEATH: Window{9d2e1058 u0 it.reyboz.bustorino/it.reyboz.bustorino.ActivityPrincipal}
W/ActivityManager( 1569): Crash of app it.reyboz.bustorino running instrumentation ComponentInfo{it.unina.android.ripper/android.test.InstrumentationTestRunner}
I/ActivityManager( 1569): Force stopping it.reyboz.bustorino appid=10058 user=0: finished inst
I/ActivityManager( 1569):   Force finishing activity ActivityRecord{9d057ca0 u0 it.reyboz.bustorino/org.acra.dialog.CrashReportDialog t5}
I/ActivityManager( 1569):   Force stopping service ServiceRecord{9dad4ea0 u0 it.reyboz.bustorino/androidx.work.impl.background.systemalarm.SystemAlarmService}
W/InputMethodManagerService( 1569): Got RemoteException sending setActive(false) notification to pid 2772 uid 10058
I/PackageManager( 1569): Adding preferred activity ComponentInfo{com.android.mms/com.android.mms.ui.ComposeMessageActivity} for user 0 :
I/PackageManager( 1569): Adding preferred activity ComponentInfo{com.android.mms/com.android.mms.ui.ComposeMessageActivity} for user 0 :
I/PackageManager( 1569): Adding preferred activity ComponentInfo{com.android.mms/com.android.mms.ui.ComposeMessageActivity} for user 0 :
I/PackageManager( 1569): Adding preferred activity ComponentInfo{com.android.mms/com.android.mms.ui.ComposeMessageActivity} for user 0 :
I/PackageManager( 1569): Adding preferred activity ComponentInfo{com.android.mms/com.android.mms.ui.ComposeMessageActivity} for user 0 :
I/PackageManager( 1569): Adding preferred activity ComponentInfo{com.android.mms/com.android.mms.ui.ComposeMessageActivity} for user 0 :
I/PackageManager( 1569): Adding preferred activity ComponentInfo{com.android.mms/com.android.mms.ui.ComposeMessageActivity} for user 0 :
I/PackageManager( 1569): Adding preferred activity ComponentInfo{com.android.mms/com.android.mms.ui.ComposeMessageActivity} for user 0 :
I/PackageManager( 1569): Adding preferred activity ComponentInfo{com.android.mms/com.android.mms.ui.ComposeMessageActivity} for user 0 :
I/PackageManager( 1569): Adding preferred activity ComponentInfo{com.android.mms/com.android.mms.ui.ComposeMessageActivity} for user 0 :
I/PackageManager( 1569): Adding preferred activity ComponentInfo{com.android.mms/com.android.mms.ui.ComposeMessageActivity} for user 0 :
I/PackageManager( 1569): Adding preferred activity ComponentInfo{com.android.mms/com.android.mms.ui.ComposeMessageActivity} for user 0 :
I/PackageManager( 1569): Adding preferred activity ComponentInfo{com.android.mms/com.android.mms.ui.ComposeMessageActivity} for user 0 :
I/PackageManager( 1569): Adding preferred activity ComponentInfo{com.android.mms/com.android.mms.ui.ComposeMessageActivity} for user 0 :
I/PackageManager( 1569): Adding preferred activity ComponentInfo{com.android.mms/com.android.mms.ui.ComposeMessageActivity} for user 0 :
I/PackageManager( 1569): Adding preferred activity ComponentInfo{com.android.mms/com.android.mms.ui.ComposeMessageActivity} for user 0 :
I/PackageManager( 1569): Adding preferred activity ComponentInfo{com.android.mms/com.android.mms.ui.ComposeMessageActivity} for user 0 :
I/PackageManager( 1569): Adding preferred activity ComponentInfo{com.android.mms/com.android.mms.ui.ComposeMessageActivity} for user 0 :
I/PackageManager( 1569): Adding preferred activity ComponentInfo{com.android.mms/com.android.mms.ui.ComposeMessageActivity} for user 0 :
I/PackageManager( 1569): Adding preferred activity ComponentInfo{com.android.mms/com.android.mms.ui.ComposeMessageActivity} for user 0 :
I/PackageManager( 1569): Adding preferred activity ComponentInfo{com.android.mms/com.android.mms.ui.ComposeMessageActivity} for user 0 :
I/PackageManager( 1569): Adding preferred activity ComponentInfo{com.android.mms/com.android.mms.ui.ComposeMessageActivity} for user 0 :
I/PackageManager( 1569): Adding preferred activity ComponentInfo{com.android.mms/com.android.mms.ui.ComposeMessageActivity} for user 0 :
I/PackageManager( 1569): Adding preferred activity ComponentInfo{com.android.mms/com.android.mms.ui.ComposeMessageActivity} for user 0 :
I/ActivityManager( 1569): Resuming delayed broadcast
I/ActivityManager( 1569): Delay finish: com.google.android.calendar/com.android.calendar.alerts.AlertReceiver
I/ActivityManager( 1569): Resuming delayed broadcast
I/ActivityManager( 1569): Delay finish: com.android.email/.service.EmailUpgradeBroadcastReceiver
I/ActivityManager( 1569): Resuming delayed broadcast
I/ActivityManager( 1569): Delay finish: com.android.email/.service.EmailBroadcastReceiver
I/ActivityManager( 1569): Delaying start of: ServiceRecord{9d3c1240 u0 com.android.exchange/.service.EmailSyncAdapterService}
I/ActivityManager( 1569): Resuming delayed broadcast
I/ActivityManager( 1569): Delay finish: com.google.android.gms/.chimera.GmsIntentOperationService$PersistentInternalReceiver
I/ActivityManager( 1569): Resuming delayed broadcast
I/ActivityManager( 1569): Delay finish: com.google.android.googlequicksearchbox/com.google.android.searchcommon.summons.icing.InternalIcingCorporaProvider$CorporaChangedReceiver
W/ActivityManager( 1569): Unable to start service Intent { act=com.google.android.gms.auth.key.retrieval.service.START pkg=com.google.android.gms } U=0: not found
W/ActivityManager( 1569): Unbind failed: could not find connection for android.os.BinderProxy@9d1af2c0
I/ActivityManager( 1569): Resuming delayed broadcast
I/ActivityManager( 1569): Start proc com.svox.pico for broadcast com.svox.pico/.VoiceDataInstallerReceiver: pid=2925 uid=10041 gids={50041, 1028, 1015}
W/ActivityManager( 1569): Unable to start service Intent { act=com.google.android.gms.nearby.discovery:ACTION_INIT_MESSAGES_PATH cmp=com.google.android.gms/.nearby.discovery.service.DiscoveryService } U=0: not found
I/ActivityManager( 1569): Delay finish: com.google.android.googlequicksearchbox/com.google.android.searchcommon.summons.icing.InternalIcingCorporaProvider$CorporaChangedReceiver
I/ActivityManager( 1569): Resuming delayed broadcast
I/ActivityManager( 1569): Delay finish: com.google.android.googlequicksearchbox/com.google.android.searchcommon.summons.icing.InternalIcingCorporaProvider$CorporaChangedReceiver
I/ActivityManager( 1569): Resuming delayed broadcast
I/ActivityManager( 1569): Delay finish: com.google.android.googlequicksearchbox/com.google.android.searchcommon.summons.icing.InternalIcingCorporaProvider$CorporaChangedReceiver
I/ActivityManager( 1569): Resuming delayed broadcast
I/ActivityManager( 1569): Delay finish: com.google.android.googlequicksearchbox/com.google.android.searchcommon.summons.icing.InternalIcingCorporaProvider$CorporaChangedReceiver
I/ActivityManager( 1569): Resuming delayed broadcast
W/ActivityManager( 1569): Unable to start service Intent { cmp=com.google.android.gsf/.checkin.CheckinService } U=0: not found
W/ActivityManager( 1569): Unable to start service Intent { cmp=com.google.android.gsf/.checkin.CheckinService } U=0: not found
I/ActivityManager( 1569): Delay finish: com.google.android.gms/.gcm.nts.SchedulerReceiver
I/ActivityManager( 1569): Resuming delayed broadcast
I/ActivityManager( 1569): Delay finish: com.google.android.calendar/com.android.calendar.alerts.AlertReceiver
I/ActivityManager( 1569): Waited long enough for: ServiceRecord{9d5d3650 u0 com.android.music/.MediaPlaybackService}
I/ActivityManager( 1569): Resuming delayed broadcast
I/SystemUpdateService( 1796): cancelUpdate (empty URL)
I/SystemUpdateService( 1796): cancelUpdate (empty URL)
W/ActivityManager( 1569): Unable to start service Intent { act=com.google.android.gms.auth.key.retrieval.service.START pkg=com.google.android.gms } U=0: not found
W/ActivityManager( 1569): Unbind failed: could not find connection for android.os.BinderProxy@9d7845a8
I/ActivityManager( 1569): Delay finish: com.google.android.gms/.games.chimera.GamesSystemBroadcastReceiverProxy
I/ActivityManager( 1569): Resuming delayed broadcast
I/ActivityManager( 1569): Delay finish: com.google.android.googlequicksearchbox/com.google.android.searchcommon.summons.icing.InternalIcingCorporaProvider$CorporaChangedReceiver
W/ActivityManager( 1569): Unable to start service Intent { act=com.google.android.gms.auth.key.retrieval.service.START pkg=com.google.android.gms } U=0: not found
W/ActivityManager( 1569): Unbind failed: could not find connection for android.os.BinderProxy@9d26df68
I/ActivityManager( 1569): Resuming delayed broadcast
W/ActivityThread( 1845): ClassLoader.loadClass: The class loader returned by Thread.getContextClassLoader() may fail for processes that host multiple applications. You should explicitly specify a context class loader. For example: Thread.setContextClassLoader(getClass().getClassLoader());
I/ActivityManager( 1569): Delay finish: com.google.android.googlequicksearchbox/com.google.android.searchcommon.summons.icing.InternalIcingCorporaProvider$CorporaChangedReceiver
I/ActivityManager( 1569): Resuming delayed broadcast
I/ActivityManager( 1569): Delay finish: com.android.mms/.transaction.SmsReceiver
I/ActivityManager( 1569): Resuming delayed broadcast
I/ActivityManager( 1569): Start proc it.reyboz.bustorino for broadcast it.reyboz.bustorino/androidx.work.impl.background.systemalarm.ConstraintProxyUpdateReceiver: pid=3022 uid=10058 gids={50058, 3003, 1028, 1015}
I/ActivityManager( 1569): START u0 {flg=0x10000000 cmp=it.reyboz.bustorino/org.acra.dialog.CrashReportDialog (has extras)} from pid 3022
I/ActivityManager( 1569): Start proc it.reyboz.bustorino:acra for activity it.reyboz.bustorino/org.acra.dialog.CrashReportDialog: pid=3049 uid=10058 gids={50058, 3003, 1028, 1015}
I/ActivityManager( 1569): Delay finish: it.reyboz.bustorino/androidx.work.impl.background.systemalarm.ConstraintProxyUpdateReceiver
I/ActivityManager( 1569): Resuming delayed broadcast
I/ActivityManager( 1569): Delay finish: com.google.android.gsf/.update.SystemUpdateService$Receiver
I/SystemUpdateService( 1796): cancelUpdate (empty URL)
I/SystemUpdateService( 1796): cancelUpdate (empty URL)
I/ActivityManager( 1569): Resuming delayed broadcast
I/ActivityManager( 1569): Delay finish: com.google.android.gms/.auth.account.be.channelid.ChannelBindingBroadcastReceiver
I/ActivityManager( 1569): Resuming delayed broadcast
W/ActivityManager( 1569): Unable to start service Intent { act=com.google.android.gms.auth.key.retrieval.service.START pkg=com.google.android.gms } U=0: not found
W/ActivityManager( 1569): Unbind failed: could not find connection for android.os.BinderProxy@9d2e3478
D/ConnectivityService( 1569): handleInetConditionHoldEnd: net=0, condition=100, published condition=0
I/ActivityManager( 1569): Delay finish: com.android.providers.calendar/.CalendarProviderBroadcastReceiver
I/ActivityManager( 1569): Resuming delayed broadcast
I/ActivityManager( 1569): Delay finish: com.google.android.googlequicksearchbox/com.google.android.searchcommon.summons.icing.InternalIcingCorporaProvider$CorporaChangedReceiver
I/ActivityManager( 1569): Resuming delayed broadcast
I/ActivityManager( 1569): Delay finish: com.google.android.googlequicksearchbox/com.google.android.searchcommon.summons.icing.InternalIcingCorporaProvider$CorporaChangedReceiver
I/ActivityManager( 1569): Resuming delayed broadcast
D/NotificationService( 1569): onNotification error pkg=it.reyboz.bustorino tag=null id=32198; will crashApplication(uid=10058, pid=3022)
I/ActivityManager( 1569): START u0 {flg=0x10000000 cmp=it.reyboz.bustorino/org.acra.dialog.CrashReportDialog (has extras)} from pid 3022
I/ActivityManager( 1569): Process it.reyboz.bustorino (pid 3022) has died.
--------- beginning of /dev/log/main
I/Icing   ( 2105): Indexing com.google.android.gms-internal.3p:MobileApplication from com.google.android.gms
I/Icing   ( 2105): Indexing done com.google.android.gms-internal.3p:MobileApplication
I/Icing   ( 2105): Indexing com.google.android.gms-apps from com.google.android.gms
I/Icing   ( 2105): Indexing done com.google.android.gms-apps
I/Icing   ( 2105): Indexing com.google.android.gms-internal.3p:MobileApplication from com.google.android.gms
I/Icing   ( 2105): Indexing done com.google.android.gms-internal.3p:MobileApplication
D/dalvikvm( 1778): GC_FOR_ALLOC freed 3162K, 29% free 9531K/13256K, paused 18ms, total 18ms
D/dalvikvm( 1778): GC_FOR_ALLOC freed 380K, 30% free 9296K/13256K, paused 9ms, total 9ms
I/dalvikvm-heap( 1778): Grow heap (frag case) to 9.373MB for 54624-byte allocation
D/dalvikvm( 1778): GC_FOR_ALLOC freed 36K, 31% free 9313K/13312K, paused 9ms, total 9ms
D/dalvikvm( 1778): GC_FOR_ALLOC freed 1903K, 29% free 9457K/13312K, paused 7ms, total 8ms
I/ActivityManager( 1569): Start proc com.google.android.play.games.ui for broadcast com.google.android.play.games/com.google.android.apps.play.games.features.experiments.PhenotypeBroadcastReceiver: pid=3105 uid=10043 gids={50043, 3003}
E/dalvikvm( 3105): Could not find class 'android.app.NotificationChannel', referenced from method com.google.android.apps.play.games.core.PlayGamesApplication.onCreate
W/dalvikvm( 3105): VFY: unable to resolve new-instance 420 (Landroid/app/NotificationChannel;) in Lcom/google/android/apps/play/games/core/PlayGamesApplication;
D/dalvikvm( 3105): VFY: replacing opcode 0x22 at 0x008d
E/dalvikvm( 3105): Could not find class 'android.app.NotificationChannelGroup', referenced from method com.google.android.apps.play.games.core.PlayGamesApplication.onCreate
W/dalvikvm( 3105): VFY: unable to resolve new-instance 421 (Landroid/app/NotificationChannelGroup;) in Lcom/google/android/apps/play/games/core/PlayGamesApplication;
D/dalvikvm( 3105): VFY: replacing opcode 0x22 at 0x0131
D/dalvikvm( 3105): DexOpt: couldn't find static field Landroid/os/Build;.SUPPORTED_ABIS
W/dalvikvm( 3105): VFY: unable to resolve static field 1664 (SUPPORTED_ABIS) in Landroid/os/Build;
D/dalvikvm( 3105): VFY: replacing opcode 0x62 at 0x01a4
E/dalvikvm( 3105): Could not find class 'android.app.NotificationChannel', referenced from method com.google.android.apps.play.games.core.PlayGamesApplication.onCreate
W/dalvikvm( 3105): VFY: unable to resolve new-instance 420 (Landroid/app/NotificationChannel;) in Lcom/google/android/apps/play/games/core/PlayGamesApplication;
D/dalvikvm( 3105): VFY: replacing opcode 0x22 at 0x03e6
D/dalvikvm( 3105): DexOpt: unable to opt direct call 0x0b8a at 0x98 in Lcom/google/android/apps/play/games/core/PlayGamesApplication;.onCreate
D/dalvikvm( 3105): DexOpt: unable to opt direct call 0x0b8a at 0xa9 in Lcom/google/android/apps/play/games/core/PlayGamesApplication;.onCreate
D/dalvikvm( 3105): DexOpt: unable to opt direct call 0x0b8a at 0xba in Lcom/google/android/apps/play/games/core/PlayGamesApplication;.onCreate
D/dalvikvm( 3105): DexOpt: unable to opt direct call 0x0b8a at 0xcb in Lcom/google/android/apps/play/games/core/PlayGamesApplication;.onCreate
D/dalvikvm( 3105): DexOpt: unable to opt direct call 0x0b8a at 0xdc in Lcom/google/android/apps/play/games/core/PlayGamesApplication;.onCreate
D/dalvikvm( 3105): DexOpt: unable to opt direct call 0x0b8a at 0xed in Lcom/google/android/apps/play/games/core/PlayGamesApplication;.onCreate
D/dalvikvm( 3105): DexOpt: unable to opt direct call 0x0b8a at 0x107 in Lcom/google/android/apps/play/games/core/PlayGamesApplication;.onCreate
D/dalvikvm( 3105): DexOpt: unable to opt direct call 0x0b95 at 0x135 in Lcom/google/android/apps/play/games/core/PlayGamesApplication;.onCreate
D/dalvikvm( 3105): DexOpt: unable to opt direct call 0x0b8a at 0x144 in Lcom/google/android/apps/play/games/core/PlayGamesApplication;.onCreate
D/dalvikvm( 3105): DexOpt: unable to opt direct call 0x0b8a at 0x160 in Lcom/google/android/apps/play/games/core/PlayGamesApplication;.onCreate
D/dalvikvm( 3105): DexOpt: unable to opt direct call 0x0b8a at 0x3eb in Lcom/google/android/apps/play/games/core/PlayGamesApplication;.onCreate
I/dalvikvm( 3105): Could not find method android.app.Notification.getChannelId, referenced from method keu.a
W/dalvikvm( 3105): VFY: unable to resolve virtual method 2951: Landroid/app/Notification;.getChannelId ()Ljava/lang/String;
D/dalvikvm( 3105): VFY: replacing opcode 0x6e at 0x0010
I/dalvikvm( 3105): Could not find method android.content.Context.createDeviceProtectedStorageContext, referenced from method hgf.a
W/dalvikvm( 3105): VFY: unable to resolve virtual method 3139: Landroid/content/Context;.createDeviceProtectedStorageContext ()Landroid/content/Context;
D/dalvikvm( 3105): VFY: replacing opcode 0x6e at 0x0029
I/dalvikvm( 3105): Could not find method android.content.Context.getSystemService, referenced from method hgf.a
W/dalvikvm( 3105): VFY: unable to resolve virtual method 3171: Landroid/content/Context;.getSystemService (Ljava/lang/Class;)Ljava/lang/Object;
D/dalvikvm( 3105): VFY: replacing opcode 0x6e at 0x0009
I/dalvikvm( 3105): Could not find method android.content.Context.createDeviceProtectedStorageContext, referenced from method nzv.a
W/dalvikvm( 3105): VFY: unable to resolve virtual method 3139: Landroid/content/Context;.createDeviceProtectedStorageContext ()Landroid/content/Context;
D/dalvikvm( 3105): VFY: replacing opcode 0x6e at 0x0031
I/dalvikvm( 3105): Could not find method android.content.Context.isDeviceProtectedStorage, referenced from method mlu.a
W/dalvikvm( 3105): VFY: unable to resolve virtual method 3177: Landroid/content/Context;.isDeviceProtectedStorage ()Z
D/dalvikvm( 3105): VFY: replacing opcode 0x6e at 0x0018
E/dalvikvm( 3105): Could not find class 'android.app.NotificationChannel', referenced from method fsr.a
W/dalvikvm( 3105): VFY: unable to resolve new-instance 420 (Landroid/app/NotificationChannel;) in Lfsr;
D/dalvikvm( 3105): VFY: replacing opcode 0x22 at 0x0236
D/dalvikvm( 3105): DexOpt: unable to opt direct call 0x0b8a at 0x23d in Lfsr;.a
I/dalvikvm( 3105): Failed resolving Lnok; interface 1015 'Landroid/view/Window$OnFrameMetricsAvailableListener;'
W/dalvikvm( 3105): Link of class 'Lnok;' failed
I/dalvikvm( 3105): Failed resolving Lnok; interface 1015 'Landroid/view/Window$OnFrameMetricsAvailableListener;'
W/dalvikvm( 3105): Link of class 'Lnok;' failed
I/dalvikvm( 3105): Failed resolving Lnok; interface 1015 'Landroid/view/Window$OnFrameMetricsAvailableListener;'
W/dalvikvm( 3105): Link of class 'Lnok;' failed
W/dalvikvm( 3105): VFY: unable to resolve instance field 27376
D/dalvikvm( 3105): VFY: replacing opcode 0x5c at 0x06cf
I/dalvikvm( 3105): Failed resolving Lnok; interface 1015 'Landroid/view/Window$OnFrameMetricsAvailableListener;'
W/dalvikvm( 3105): Link of class 'Lnok;' failed
I/dalvikvm( 3105): Failed resolving Lnok; interface 1015 'Landroid/view/Window$OnFrameMetricsAvailableListener;'
W/dalvikvm( 3105): Link of class 'Lnok;' failed
W/PrimesInit( 3105): Primes instant initialization
W/Primes  ( 3105): background initialization
I/dalvikvm( 3105): Could not find method android.app.AppOpsManager.permissionToOp, referenced from method rr.a
W/dalvikvm( 3105): VFY: unable to resolve static method 2785: Landroid/app/AppOpsManager;.permissionToOp (Ljava/lang/String;)Ljava/lang/String;
D/dalvikvm( 3105): VFY: replacing opcode 0x71 at 0x000e
I/dalvikvm( 3105): Could not find method android.content.Context.getSystemService, referenced from method rr.a
W/dalvikvm( 3105): VFY: unable to resolve virtual method 3171: Landroid/content/Context;.getSystemService (Ljava/lang/Class;)Ljava/lang/Object;
D/dalvikvm( 3105): VFY: replacing opcode 0x6e at 0x002b
D/dalvikvm( 3105): GC_FOR_ALLOC freed 352K, 15% free 3153K/3692K, paused 5ms, total 5ms
I/dalvikvm( 3105): Could not find method android.content.Context.getSystemService, referenced from method mry.a
W/dalvikvm( 3105): VFY: unable to resolve virtual method 3171: Landroid/content/Context;.getSystemService (Ljava/lang/Class;)Ljava/lang/Object;
D/dalvikvm( 3105): VFY: replacing opcode 0x6e at 0x001a
I/dalvikvm( 3105): Could not find method android.os.UserManager.isUserUnlocked, referenced from method mry.a
W/dalvikvm( 3105): VFY: unable to resolve virtual method 4621: Landroid/os/UserManager;.isUserUnlocked ()Z
D/dalvikvm( 3105): VFY: replacing opcode 0x6e at 0x0030
I/dalvikvm( 3105): Could not find method android.content.Context.isDeviceProtectedStorage, referenced from method mry.b
W/dalvikvm( 3105): VFY: unable to resolve virtual method 3177: Landroid/content/Context;.isDeviceProtectedStorage ()Z
D/dalvikvm( 3105): VFY: replacing opcode 0x6e at 0x0000
I/dalvikvm( 3105): Could not find method android.content.pm.PackageManager.getPackageInstaller, referenced from method gzw.a
W/dalvikvm( 3105): VFY: unable to resolve virtual method 3338: Landroid/content/pm/PackageManager;.getPackageInstaller ()Landroid/content/pm/PackageInstaller;
D/dalvikvm( 3105): VFY: replacing opcode 0x6e at 0x0024
I/GAv4-SVC( 3105): Google Analytics 16.9.98 is starting up.
E/dalvikvm( 3105): Could not find class 'android.app.job.JobScheduler', referenced from method gss.e
W/dalvikvm( 3105): VFY: unable to resolve check-cast 443 (Landroid/app/job/JobScheduler;) in Lgss;
D/dalvikvm( 3105): VFY: replacing opcode 0x1f at 0x00d7
E/dalvikvm( 3105): Could not find class 'android.app.job.JobScheduler', referenced from method gss.b
W/dalvikvm( 3105): VFY: unable to resolve check-cast 443 (Landroid/app/job/JobScheduler;) in Lgss;
D/dalvikvm( 3105): VFY: replacing opcode 0x1f at 0x02b1
E/dalvikvm( 3105): Could not find class 'android.app.job.JobScheduler', referenced from method gss.b
W/dalvikvm( 3105): VFY: unable to resolve check-cast 443 (Landroid/app/job/JobScheduler;) in Lgss;
D/dalvikvm( 3105): VFY: replacing opcode 0x1f at 0x0672
E/dalvikvm( 3105): Could not find class 'android.app.job.JobScheduler', referenced from method gss.b
W/dalvikvm( 3105): VFY: unable to resolve check-cast 443 (Landroid/app/job/JobScheduler;) in Lgss;
D/dalvikvm( 3105): VFY: replacing opcode 0x1f at 0x0866
E/dalvikvm( 3105): Could not find class 'android.app.job.JobScheduler', referenced from method gss.b
W/dalvikvm( 3105): VFY: unable to resolve check-cast 443 (Landroid/app/job/JobScheduler;) in Lgss;
D/dalvikvm( 3105): VFY: replacing opcode 0x1f at 0x0906
E/dalvikvm( 3105): Could not find class 'android.app.job.JobScheduler', referenced from method gss.b
W/dalvikvm( 3105): VFY: unable to resolve check-cast 443 (Landroid/app/job/JobScheduler;) in Lgss;
D/dalvikvm( 3105): VFY: replacing opcode 0x1f at 0x095c
E/dalvikvm( 3105): Could not find class 'android.app.job.JobScheduler', referenced from method gss.b
W/dalvikvm( 3105): VFY: unable to resolve check-cast 443 (Landroid/app/job/JobScheduler;) in Lgss;
D/dalvikvm( 3105): VFY: replacing opcode 0x1f at 0x09fc
E/dalvikvm( 3105): Could not find class 'android.app.job.JobScheduler', referenced from method gss.b
W/dalvikvm( 3105): VFY: unable to resolve check-cast 443 (Landroid/app/job/JobScheduler;) in Lgss;
D/dalvikvm( 3105): VFY: replacing opcode 0x1f at 0x0a1e
E/dalvikvm( 3105): Could not find class 'android.app.job.JobScheduler', referenced from method gss.b
W/dalvikvm( 3105): VFY: unable to resolve check-cast 443 (Landroid/app/job/JobScheduler;) in Lgss;
D/dalvikvm( 3105): VFY: replacing opcode 0x1f at 0x0a40
E/dalvikvm( 3105): Could not find class 'android.app.job.JobScheduler', referenced from method gss.b
W/dalvikvm( 3105): VFY: unable to resolve check-cast 443 (Landroid/app/job/JobScheduler;) in Lgss;
D/dalvikvm( 3105): VFY: replacing opcode 0x1f at 0x0a62
E/dalvikvm( 3105): Could not find class 'android.app.job.JobScheduler', referenced from method gss.b
W/dalvikvm( 3105): VFY: unable to resolve check-cast 443 (Landroid/app/job/JobScheduler;) in Lgss;
D/dalvikvm( 3105): VFY: replacing opcode 0x1f at 0x0ae8
I/PrimesTesting( 3105): GserviceFlagsSupplier.get()
E/dalvikvm( 3105): Could not find class 'android.app.job.JobScheduler', referenced from method gss.b
W/dalvikvm( 3105): VFY: unable to resolve check-cast 443 (Landroid/app/job/JobScheduler;) in Lgss;
D/dalvikvm( 3105): VFY: replacing opcode 0x1f at 0x0b20
E/dalvikvm( 3105): Could not find class 'android.app.job.JobScheduler', referenced from method gss.c
W/dalvikvm( 3105): VFY: unable to resolve check-cast 443 (Landroid/app/job/JobScheduler;) in Lgss;
D/dalvikvm( 3105): VFY: replacing opcode 0x1f at 0x0077
E/dalvikvm( 3105): Could not find class 'android.app.job.JobScheduler', referenced from method gss.c
W/dalvikvm( 3105): VFY: unable to resolve check-cast 443 (Landroid/app/job/JobScheduler;) in Lgss;
D/dalvikvm( 3105): VFY: replacing opcode 0x1f at 0x012a
E/dalvikvm( 3105): Could not find class 'android.app.job.JobScheduler', referenced from method gss.c
W/dalvikvm( 3105): VFY: unable to resolve check-cast 443 (Landroid/app/job/JobScheduler;) in Lgss;
D/dalvikvm( 3105): VFY: replacing opcode 0x1f at 0x0327
E/dalvikvm( 3105): Could not find class 'android.app.job.JobScheduler', referenced from method gtk.u_
W/dalvikvm( 3105): VFY: unable to resolve check-cast 443 (Landroid/app/job/JobScheduler;) in Lgtk;
D/dalvikvm( 3105): VFY: replacing opcode 0x1f at 0x0080
I/dalvikvm( 3105): Could not find method android.content.pm.PackageManager.isInstantApp, referenced from method hub.a
W/dalvikvm( 3105): VFY: unable to resolve virtual method 3345: Landroid/content/pm/PackageManager;.isInstantApp (Ljava/lang/String;)Z
D/dalvikvm( 3105): VFY: replacing opcode 0x6e at 0x0026
D/dalvikvm( 3105): GC_FOR_ALLOC freed 400K, 16% free 3265K/3852K, paused 2ms, total 2ms
I/dalvikvm( 3105): Could not find method android.app.NotificationManager.getNotificationChannel, referenced from method gzd.a
W/dalvikvm( 3105): VFY: unable to resolve virtual method 2974: Landroid/app/NotificationManager;.getNotificationChannel (Ljava/lang/String;)Landroid/app/NotificationChannel;
D/dalvikvm( 3105): VFY: replacing opcode 0x6e at 0x00c5
D/dalvikvm( 3105): DexOpt: unable to opt direct call 0x0b8a at 0xd2 in Lgzd;.a
I/dalvikvm( 3105): Could not find method com.google.android.chimera.BoundService.getStartIntent, referenced from method hki.a
E/dalvikvm( 3105): Could not find class 'com.google.common.flogger.backend.google.GooglePlatform', referenced from method plf.a
W/dalvikvm( 3105): VFY: unable to resolve const-class 3003 (Lcom/google/common/flogger/backend/google/GooglePlatform;) in Lplf;
D/dalvikvm( 3105): VFY: replacing opcode 0x1c at 0x0014
W/dalvikvm( 3105): VFY: unable to resolve static method 13682: Lcom/google/android/chimera/BoundService;.getStartIntent (Landroid/content/Context;Ljava/lang/String;)Landroid/content/Intent;
D/dalvikvm( 3105): VFY: replacing opcode 0x71 at 0x0024
I/ahju    ( 1778): Scheduling a periodic sync task every 14400 seconds, with flex of 1800 seconds [CONTEXT service_id=51 ]
E/GmsClient( 3105): unable to connect to service: com.google.android.gms.instantapps.START on com.google.android.gms
I/ahju    ( 1778): Scheduling adaptive one off task with window [14400, 604800] in seconds [CONTEXT service_id=51 ]
W/ActivityManager( 1569): Unable to start service Intent { act=com.google.android.gms.instantapps.START pkg=com.google.android.gms } U=0: not found
W/ActivityManager( 1569): Unbind failed: could not find connection for android.os.BinderProxy@9d89e8c8
D/dalvikvm( 1796): GC_EXPLICIT freed 150K, 20% free 6166K/7648K, paused 1ms+1ms, total 5ms
D/AlertService( 2482): Beginning updateAlertNotification
I/dalvikvm( 3105): Could not find method android.content.Context.deleteSharedPreferences, referenced from method fya.c
W/dalvikvm( 3105): VFY: unable to resolve virtual method 3145: Landroid/content/Context;.deleteSharedPreferences (Ljava/lang/String;)Z
D/dalvikvm( 3105): VFY: replacing opcode 0x6e at 0x002a
D/AlertService( 2482): No fired or scheduled alerts
I/dalvikvm( 3105): Could not find method java.util.Locale.toLanguageTag, referenced from method fvw.a
W/dalvikvm( 3105): VFY: unable to resolve virtual method 33842: Ljava/util/Locale;.toLanguageTag ()Ljava/lang/String;
D/dalvikvm( 3105): VFY: replacing opcode 0x6e at 0x000a
D/AlertService( 2482): Scheduling next alarm with AlarmScheduler. sEventReminderReceived: null
D/AlarmScheduler( 2482): No events found starting within 1 week.
D/dalvikvm( 3105): GC_FOR_ALLOC freed 344K, 14% free 3434K/3964K, paused 1ms, total 1ms
W/ComponentDiscovery( 3105): Application info not found.
W/ComponentDiscovery( 3105): Could not retrieve metadata, returning empty list of registrars.
I/dalvikvm( 3105): Could not find method android.content.Context.getDrawable, referenced from method rj.a
W/dalvikvm( 3105): VFY: unable to resolve virtual method 3157: Landroid/content/Context;.getDrawable (I)Landroid/graphics/drawable/Drawable;
D/dalvikvm( 3105): VFY: replacing opcode 0x6e at 0x0006
I/dalvikvm( 3105): Could not find method android.content.Context.getDataDir, referenced from method rj.a
W/dalvikvm( 3105): VFY: unable to resolve virtual method 3154: Landroid/content/Context;.getDataDir ()Ljava/io/File;
D/dalvikvm( 3105): VFY: replacing opcode 0x6e at 0x0006
I/dalvikvm( 3105): Could not find method android.content.Context.getSystemServiceName, referenced from method rj.a
W/dalvikvm( 3105): VFY: unable to resolve virtual method 3173: Landroid/content/Context;.getSystemServiceName (Ljava/lang/Class;)Ljava/lang/String;
D/dalvikvm( 3105): VFY: replacing opcode 0x6e at 0x000a
I/dalvikvm( 3105): Could not find method android.content.Context.getSystemService, referenced from method rj.a
W/dalvikvm( 3105): VFY: unable to resolve virtual method 3171: Landroid/content/Context;.getSystemService (Ljava/lang/Class;)Ljava/lang/Object;
D/dalvikvm( 3105): VFY: replacing opcode 0x6e at 0x0020
I/dalvikvm( 3105): Could not find method android.content.Context.getColorStateList, referenced from method rj.b
W/dalvikvm( 3105): VFY: unable to resolve virtual method 3152: Landroid/content/Context;.getColorStateList (I)Landroid/content/res/ColorStateList;
D/dalvikvm( 3105): VFY: replacing opcode 0x6e at 0x0006
I/dalvikvm( 3105): Could not find method android.content.Context.getColor, referenced from method rj.c
W/dalvikvm( 3105): VFY: unable to resolve virtual method 3151: Landroid/content/Context;.getColor (I)I
D/dalvikvm( 3105): VFY: replacing opcode 0x6e at 0x0006
I/dalvikvm( 3105): Could not find method android.content.Context.getNoBackupFilesDir, referenced from method rj.d
W/dalvikvm( 3105): VFY: unable to resolve virtual method 3164: Landroid/content/Context;.getNoBackupFilesDir ()Ljava/io/File;
D/dalvikvm( 3105): VFY: replacing opcode 0x6e at 0x0006
