D/ConnectivityService( 1569): [CheckMp] isMobileOk: wait to establish route to hostAddr=clients3.google.com/172.217.13.110
I/ActivityManager( 1569): Start proc com.google.android.gms for service com.google.android.gms/.chimera.GmsIntentOperationService: pid=2082 uid=10007 gids={50007, 3003, 1007, 1028, 1015, 3002, 3001, 3007, 2001, 3006}
D/ConnectivityService( 1569): [CheckMp] isMobileOk: newUrl=https://172.217.13.110/generate_204
W/ActivityThread( 1569): ClassLoader.loadClass: The class loader returned by Thread.getContextClassLoader() may fail for processes that host multiple applications. You should explicitly specify a context class loader. For example: Thread.setContextClassLoader(getClass().getClassLoader());
D/ConnectivityService( 1569): [CheckMp] isMobileOk: hostnameVerify retVal=true hostname=172.217.13.110 orgUriHost=clients3.google.com
D/ConnectivityService( 1569): [CheckMp] isMobileOk: headers={null=[HTTP/1.1 204 No Content], Alt-Svc=[h3=":443"; ma=2592000,h3-29=":443"; ma=2592000,h3-T051=":443"; ma=2592000,h3-Q050=":443"; ma=2592000,h3-Q046=":443"; ma=2592000,h3-Q043=":443"; ma=2592000,quic=":443"; ma=2592000; v="46,43"], Connection=[close], Content-Length=[0], Date=[Sun, 15 Aug 2021 08:28:20 GMT], X-Android-Received-Millis=[1629016099995], X-Android-Response-Source=[NETWORK 204], X-Android-Selected-Transport=[http/1.1], X-Android-Sent-Millis=[1629016099982]}
D/ConnectivityService( 1569): [CheckMp] isMobileOk: X got expected responseCode=204 result=1
D/ConnectivityService( 1569): [CheckMp] isMobileOk: F stop hipri
D/ConnectivityService( 1569): stopUsingNetworkFeature: teardown net 0: enableHIPRI
D/MobileDataStateTracker( 1569): hipri: Broadcast received: android.intent.action.ANY_DATA_STATE apnType=hipri
D/MobileDataStateTracker( 1569): default: setEnableFailFastMobileData(enabled=0)
D/MobileDataStateTracker( 1569): hipri: Received state=DISCONNECTED, old=CONNECTED, reason=dataDisabled
D/MobileDataStateTracker( 1569): hipri: setDetailed state, old =CONNECTED and new state=DISCONNECTED
D/ConnectivityService( 1569): ConnectivityChange for mobile_hipri: DISCONNECTED/DISCONNECTED
D/Nat464Xlat( 1569): requiresClat: netType=5, hasIPv4Address=true
I/ActivityManager( 1569): Start proc com.android.music for broadcast com.android.music/.MediaButtonIntentReceiver: pid=2150 uid=10036 gids={50036, 3003, 1028, 1015}
I/ActivityManager( 1569): Start proc com.google.android.googlequicksearchbox for broadcast com.google.android.googlequicksearchbox/com.google.android.searchcommon.summons.icing.InternalIcingCorporaProvider$CorporaChangedReceiver: pid=2185 uid=10013 gids={50013, 3003, 1028, 3002, 1015}
I/ActivityManager( 1569): Start proc com.google.android.googlequicksearchbox:launcher for broadcast com.google.android.googlequicksearchbox/com.google.android.gel.GelStubAppWatcher: pid=2205 uid=10013 gids={50013, 3003, 1028, 3002, 1015}
E/ActivityThread( 2185): Failed to find provider info for com.google.android.voicesearch
E/ActivityThread( 2185): Failed to find provider info for com.google.android.partnersetup.rlzappprovider
W/ActivityManager( 1569): Unable to start service Intent { act=com.google.android.gms.auth.key.retrieval.service.START pkg=com.google.android.gms } U=0: not found
W/ActivityManager( 1569): Unbind failed: could not find connection for android.os.BinderProxy@9daeaeb8
I/ActivityManager( 1569): Start proc com.google.android.calendar for broadcast com.google.android.calendar/com.android.calendar.widget.CalendarAppWidgetService$CalendarFactory: pid=2304 uid=10018 gids={50018, 3003}
W/ActivityManager( 1569): Unable to start service Intent { act=com.google.android.gms.nearby.discovery:ACTION_INIT_MESSAGES_PATH cmp=com.google.android.gms/.nearby.discovery.service.DiscoveryService } U=0: not found
I/ActivityManager( 1569): Start proc com.android.deskclock for broadcast com.android.deskclock/.AlarmInitReceiver: pid=2334 uid=10022 gids={50022, 1028}
I/ActivityManager( 1569): Start proc com.android.providers.calendar for content provider com.android.providers.calendar/.CalendarProvider2: pid=2348 uid=10001 gids={50001, 3003, 1028, 1015}
I/PackageManager( 1569): Adding preferred activity ComponentInfo{com.android.mms/com.android.mms.ui.ComposeMessageActivity} for user 0 :
W/BackupManagerService( 1569): dataChanged but no participant pkg='com.android.providers.settings' uid=10022
I/PackageManager( 1569): Adding preferred activity ComponentInfo{com.android.mms/com.android.mms.ui.ComposeMessageActivity} for user 0 :
I/PackageManager( 1569): Adding preferred activity ComponentInfo{com.android.mms/com.android.mms.ui.ComposeMessageActivity} for user 0 :
I/ActivityManager( 1569): Start proc com.google.android.play.games for broadcast com.google.android.play.games/com.google.android.libraries.notifications.entrypoints.timezonechanged.TimezoneChangedReceiver: pid=2368 uid=10043 gids={50043, 3003}
I/PackageManager( 1569): Adding preferred activity ComponentInfo{com.android.mms/com.android.mms.ui.ComposeMessageActivity} for user 0 :
I/PackageManager( 1569): Adding preferred activity ComponentInfo{com.android.mms/com.android.mms.ui.ComposeMessageActivity} for user 0 :
I/PackageManager( 1569): Adding preferred activity ComponentInfo{com.android.mms/com.android.mms.ui.ComposeMessageActivity} for user 0 :
I/PackageManager( 1569): Adding preferred activity ComponentInfo{com.android.mms/com.android.mms.ui.ComposeMessageActivity} for user 0 :
I/PackageManager( 1569): Adding preferred activity ComponentInfo{com.android.mms/com.android.mms.ui.ComposeMessageActivity} for user 0 :
I/PackageManager( 1569): Adding preferred activity ComponentInfo{com.android.mms/com.android.mms.ui.ComposeMessageActivity} for user 0 :
I/PackageManager( 1569): Adding preferred activity ComponentInfo{com.android.mms/com.android.mms.ui.ComposeMessageActivity} for user 0 :
I/PackageManager( 1569): Adding preferred activity ComponentInfo{com.android.mms/com.android.mms.ui.ComposeMessageActivity} for user 0 :
I/PackageManager( 1569): Adding preferred activity ComponentInfo{com.android.mms/com.android.mms.ui.ComposeMessageActivity} for user 0 :
I/PackageManager( 1569): Adding preferred activity ComponentInfo{com.android.mms/com.android.mms.ui.ComposeMessageActivity} for user 0 :
I/PackageManager( 1569): Adding preferred activity ComponentInfo{com.android.mms/com.android.mms.ui.ComposeMessageActivity} for user 0 :
I/PackageManager( 1569): Adding preferred activity ComponentInfo{com.android.mms/com.android.mms.ui.ComposeMessageActivity} for user 0 :
I/PackageManager( 1569): Adding preferred activity ComponentInfo{com.android.mms/com.android.mms.ui.ComposeMessageActivity} for user 0 :
I/PackageManager( 1569): Adding preferred activity ComponentInfo{com.android.mms/com.android.mms.ui.ComposeMessageActivity} for user 0 :
I/PackageManager( 1569): Adding preferred activity ComponentInfo{com.android.mms/com.android.mms.ui.ComposeMessageActivity} for user 0 :
I/PackageManager( 1569): Adding preferred activity ComponentInfo{com.android.mms/com.android.mms.ui.ComposeMessageActivity} for user 0 :
I/PackageManager( 1569): Adding preferred activity ComponentInfo{com.android.mms/com.android.mms.ui.ComposeMessageActivity} for user 0 :
W/ActivityManager( 1569): Unable to start service Intent { act=com.google.android.gms.instantapps.START pkg=com.google.android.gms } U=0: not found
I/PackageManager( 1569): Adding preferred activity ComponentInfo{com.android.mms/com.android.mms.ui.ComposeMessageActivity} for user 0 :
W/ActivityManager( 1569): Unbind failed: could not find connection for android.os.BinderProxy@9d2f9cf8
I/PackageManager( 1569): Adding preferred activity ComponentInfo{com.android.mms/com.android.mms.ui.ComposeMessageActivity} for user 0 :
I/PackageManager( 1569): Adding preferred activity ComponentInfo{com.android.mms/com.android.mms.ui.ComposeMessageActivity} for user 0 :
I/PackageManager( 1569): Adding preferred activity ComponentInfo{com.android.mms/com.android.mms.ui.ComposeMessageActivity} for user 0 :
I/PackageManager( 1569): Adding preferred activity ComponentInfo{com.android.mms/com.android.mms.ui.ComposeMessageActivity} for user 0 :
I/PackageManager( 1569): Adding preferred activity ComponentInfo{com.android.mms/com.android.mms.ui.ComposeMessageActivity} for user 0 :
I/PackageManager( 1569): Adding preferred activity ComponentInfo{com.android.mms/com.android.mms.ui.ComposeMessageActivity} for user 0 :
I/PackageManager( 1569): Adding preferred activity ComponentInfo{com.android.mms/com.android.mms.ui.ComposeMessageActivity} for user 0 :
I/PackageManager( 1569): Adding preferred activity ComponentInfo{com.android.mms/com.android.mms.ui.ComposeMessageActivity} for user 0 :
I/PackageManager( 1569): Adding preferred activity ComponentInfo{com.android.mms/com.android.mms.ui.ComposeMessageActivity} for user 0 :
I/PackageManager( 1569): Adding preferred activity ComponentInfo{com.android.mms/com.android.mms.ui.ComposeMessageActivity} for user 0 :
I/PackageManager( 1569): Adding preferred activity ComponentInfo{com.android.mms/com.android.mms.ui.ComposeMessageActivity} for user 0 :
I/ActivityManager( 1569): Delaying start of: ServiceRecord{9dafa9d8 u0 com.google.android.play.games/com.google.android.libraries.notifications.executor.impl.basic.ChimeExecutorApiService}
I/ActivityManager( 1569): Delay finish: com.android.settings/.widget.SettingsAppWidgetProvider
I/ActivityManager( 1569): Start proc com.google.android.gms.ui for service com.google.android.gms/.chimera.UiIntentOperationService: pid=2421 uid=10007 gids={50007, 3003, 1007, 1028, 1015, 3002, 3001, 3007, 2001, 3006}
--------- beginning of /dev/log/main
W/dalvikvm( 2421): VFY: unable to resolve virtual method 2509: Landroid/content/ContextWrapper;.createDeviceProtectedStorageContext ()Landroid/content/Context;
D/dalvikvm( 2421): VFY: replacing opcode 0x6f at 0x0002
I/dalvikvm( 2421): Could not find method com.google.android.chimera.ContextThemeWrapper.sendBroadcastWithMultiplePermissions, referenced from method com.google.android.chimera.ModuleContext.sendBroadcastWithMultiplePermissions
W/dalvikvm( 2421): VFY: unable to resolve virtual method 13795: Lcom/google/android/chimera/ContextThemeWrapper;.sendBroadcastWithMultiplePermissions (Landroid/content/Intent;[Ljava/lang/String;)V
D/dalvikvm( 2421): VFY: replacing opcode 0x6f at 0x0009
I/MultiDex( 2421): VM with version 1.6.0 does not have multidex support
I/MultiDex( 2421): Installing application
I/MultiDex( 2421): MultiDexExtractor(/system/priv-app/PrebuiltGmsCore.apk, /data/data/com.google.android.gms/code_cache/secondary-dexes)
I/MultiDex( 2421): Blocking on lock /data/data/com.google.android.gms/code_cache/secondary-dexes/MultiDex.lock
I/MultiDex( 2421): /data/data/com.google.android.gms/code_cache/secondary-dexes/MultiDex.lock locked
I/MultiDex( 2421): MultiDexExtractor.load(/system/priv-app/PrebuiltGmsCore.apk, false, )
I/MultiDex( 2421): loading existing secondary dex files
I/MultiDex( 2421): load found 5 secondary dex files
D/dalvikvm( 1569): GC_FOR_ALLOC freed 1169K, 49% free 7605K/14820K, paused 10ms, total 10ms
I/MultiDex( 2421): install done
I/dalvikvm( 2421): Could not find method android.content.ContentProvider.query, referenced from method brf.superQuery
W/dalvikvm( 2421): VFY: unable to resolve virtual method 2428: Landroid/content/ContentProvider;.query (Landroid/net/Uri;[Ljava/lang/String;Landroid/os/Bundle;Landroid/os/CancellationSignal;)Landroid/database/Cursor;
D/dalvikvm( 2421): VFY: replacing opcode 0x6f at 0x0000
D/dalvikvm( 2421): GC_FOR_ALLOC freed 381K, 16% free 3125K/3692K, paused 2ms, total 2ms
I/dalvikvm( 2421): Could not find method android.os.UserHandle.isOwner, referenced from method nmy.f
W/dalvikvm( 2421): VFY: unable to resolve virtual method 3081: Landroid/os/UserHandle;.isOwner ()Z
D/dalvikvm( 2421): VFY: replacing opcode 0x6e at 0x000a
D/dalvikvm( 2421): DexOpt: couldn't find field Landroid/content/pm/ApplicationInfo;.splitSourceDirs
W/dalvikvm( 2421): VFY: unable to resolve instance field 1475
D/dalvikvm( 2421): VFY: replacing opcode 0x54 at 0x0055
D/dalvikvm( 2421): DexOpt: couldn't find static field Landroid/os/Build;.SUPPORTED_ABIS
W/dalvikvm( 2421): VFY: unable to resolve static field 1540 (SUPPORTED_ABIS) in Landroid/os/Build;
D/dalvikvm( 2421): VFY: replacing opcode 0x62 at 0x00d1
I/dalvikvm( 2421): Could not find method android.system.Os.stat, referenced from method nop.a
W/dalvikvm( 2421): VFY: unable to resolve static method 3146: Landroid/system/Os;.stat (Ljava/lang/String;)Landroid/system/StructStat;
D/dalvikvm( 2421): VFY: replacing opcode 0x71 at 0x0182
I/dalvikvm( 2421): Could not find method android.content.pm.PackageManager.getPackageInstaller, referenced from method men.a
W/dalvikvm( 2421): VFY: unable to resolve virtual method 2608: Landroid/content/pm/PackageManager;.getPackageInstaller ()Landroid/content/pm/PackageInstaller;
D/dalvikvm( 2421): VFY: replacing opcode 0x6e at 0x001c
W/DynamiteModule( 2421): Local module descriptor class for providerinstaller not found.
I/dalvikvm( 2421): Could not find method android.system.Os.readlink, referenced from method bse.a
W/dalvikvm( 2421): VFY: unable to resolve static method 3145: Landroid/system/Os;.readlink (Ljava/lang/String;)Ljava/lang/String;
D/dalvikvm( 2421): VFY: replacing opcode 0x71 at 0x0044
I/dalvikvm( 2421): Could not find method android.system.Os.symlink, referenced from method bse.a
W/dalvikvm( 2421): VFY: unable to resolve static method 3147: Landroid/system/Os;.symlink (Ljava/lang/String;Ljava/lang/String;)V
D/dalvikvm( 2421): VFY: replacing opcode 0x71 at 0x00b0
I/dalvikvm( 2421): Could not find method android.system.Os.stat, referenced from method bse.a
W/dalvikvm( 2421): VFY: unable to resolve static method 3146: Landroid/system/Os;.stat (Ljava/lang/String;)Landroid/system/StructStat;
D/dalvikvm( 2421): VFY: replacing opcode 0x71 at 0x0005
W/dalvikvm( 2421): VFY: unable to resolve static field 1615 (S_IXUSR) in Landroid/system/OsConstants;
D/dalvikvm( 2421): VFY: replacing opcode 0x60 at 0x0007
I/dalvikvm( 2421): Could not find method android.system.Os.stat, referenced from method bse.b
W/dalvikvm( 2421): VFY: unable to resolve static method 3146: Landroid/system/Os;.stat (Ljava/lang/String;)Landroid/system/StructStat;
D/dalvikvm( 2421): VFY: replacing opcode 0x71 at 0x0040
W/dalvikvm( 2421): VFY: unable to resolve static field 1612 (S_IRUSR) in Landroid/system/OsConstants;
D/dalvikvm( 2421): VFY: replacing opcode 0x60 at 0x0007
W/dalvikvm( 1774): VFY: unable to find class referenced in signature (Landroid/net/Network;)
W/dalvikvm( 1774): VFY: unable to find class referenced in signature (Landroid/net/Network;)
I/dalvikvm( 1774): Could not find method android.net.Network.openConnection, referenced from method wna.a
W/dalvikvm( 1774): VFY: unable to resolve virtual method 5072: Landroid/net/Network;.openConnection (Ljava/net/URL;)Ljava/net/URLConnection;
D/dalvikvm( 1774): VFY: replacing opcode 0x6e at 0x008f
D/dalvikvm( 2421): DexOpt: couldn't find static field Landroid/os/Build;.SUPPORTED_64_BIT_ABIS
W/dalvikvm( 2421): VFY: unable to resolve static field 1539 (SUPPORTED_64_BIT_ABIS) in Landroid/os/Build;
D/dalvikvm( 2421): VFY: replacing opcode 0x62 at 0x0214
W/ProviderHelper( 2421): Unknown dynamite feature providerinstaller
I/DynamiteModule( 2421): Considering local module providerinstaller:0 and remote module providerinstaller:0
W/ProviderInstaller( 2421): Failed to load providerinstaller module: No acceptable module found. Local version is 0 and remote version is 0.
I/dalvikvm( 2421): Could not find method android.content.ContextWrapper.createCredentialProtectedStorageContext, referenced from method nfr.createCredentialProtectedStorageContext
W/dalvikvm( 2421): VFY: unable to resolve virtual method 2508: Landroid/content/ContextWrapper;.createCredentialProtectedStorageContext ()Landroid/content/Context;
D/dalvikvm( 2421): VFY: replacing opcode 0x6f at 0x0002
I/dalvikvm( 2421): Could not find method android.content.ContextWrapper.createDeviceProtectedStorageContext, referenced from method nfr.createDeviceProtectedStorageContext
W/dalvikvm( 2421): VFY: unable to resolve virtual method 2509: Landroid/content/ContextWrapper;.createDeviceProtectedStorageContext ()Landroid/content/Context;
D/dalvikvm( 2421): VFY: replacing opcode 0x6f at 0x0002
D/dalvikvm( 2421): DexOpt: couldn't find static field Landroid/os/Build;.SUPPORTED_64_BIT_ABIS
W/dalvikvm( 2421): VFY: unable to resolve static field 1539 (SUPPORTED_64_BIT_ABIS) in Landroid/os/Build;
D/dalvikvm( 2421): VFY: replacing opcode 0x62 at 0x0080
D/dalvikvm( 2421): DexOpt: couldn't find static field Landroid/os/Build;.SUPPORTED_ABIS
W/dalvikvm( 2421): VFY: unable to resolve static field 1540 (SUPPORTED_ABIS) in Landroid/os/Build;
D/dalvikvm( 2421): VFY: replacing opcode 0x62 at 0x00d3
V/NativeCrypto( 2421): Registering com/google/android/gms/org/conscrypt/NativeCrypto's 286 native methods...
W/dalvikvm( 2421): Unable to resolve superclass of Lcom/google/android/gms/org/conscrypt/TrustManagerImpl; (5184)
W/dalvikvm( 2421): Link of class 'Lcom/google/android/gms/org/conscrypt/TrustManagerImpl;' failed
I/dalvikvm( 2421): Could not find method com.google.android.gms.org.conscrypt.TrustManagerImpl.getDefaultHostnameVerifier, referenced from method com.google.android.gms.org.conscrypt.Conscrypt.getDefaultHostnameVerifier
W/dalvikvm( 2421): VFY: unable to resolve static method 17870: Lcom/google/android/gms/org/conscrypt/TrustManagerImpl;.getDefaultHostnameVerifier ()Lcom/google/android/gms/org/conscrypt/ConscryptHostnameVerifier;
D/dalvikvm( 2421): VFY: replacing opcode 0x71 at 0x0003
W/dalvikvm( 2421): Unable to resolve superclass of Lcom/google/android/gms/org/conscrypt/TrustManagerImpl; (5184)
W/dalvikvm( 2421): Link of class 'Lcom/google/android/gms/org/conscrypt/TrustManagerImpl;' failed
W/dalvikvm( 2421): VFY: unable to find class referenced in signature (Lcom/google/android/gms/org/conscrypt/TrustManagerImpl;)
W/dalvikvm( 2421): Unable to resolve superclass of Lcom/google/android/gms/org/conscrypt/TrustManagerImpl; (5184)
W/dalvikvm( 2421): Link of class 'Lcom/google/android/gms/org/conscrypt/TrustManagerImpl;' failed
I/dalvikvm( 2421): Could not find method com.google.android.gms.org.conscrypt.TrustManagerImpl.getHostnameVerifier, referenced from method com.google.android.gms.org.conscrypt.Conscrypt.getHostnameVerifier
W/dalvikvm( 2421): VFY: unable to resolve virtual method 17872: Lcom/google/android/gms/org/conscrypt/TrustManagerImpl;.getHostnameVerifier ()Lcom/google/android/gms/org/conscrypt/ConscryptHostnameVerifier;
D/dalvikvm( 2421): VFY: replacing opcode 0x6e at 0x0004
W/dalvikvm( 2421): Unable to resolve superclass of Lcom/google/android/gms/org/conscrypt/TrustManagerImpl; (5184)
W/dalvikvm( 2421): Link of class 'Lcom/google/android/gms/org/conscrypt/TrustManagerImpl;' failed
E/dalvikvm( 2421): Could not find class 'com.google.android.gms.org.conscrypt.TrustManagerImpl', referenced from method com.google.android.gms.org.conscrypt.Conscrypt.isConscrypt
W/dalvikvm( 2421): VFY: unable to resolve instanceof 4452 (Lcom/google/android/gms/org/conscrypt/TrustManagerImpl;) in Lcom/google/android/gms/org/conscrypt/Conscrypt;
D/dalvikvm( 2421): VFY: replacing opcode 0x20 at 0x0000
D/dalvikvm( 2421): GC_FOR_ALLOC freed 468K, 18% free 3170K/3824K, paused 2ms, total 3ms
W/dalvikvm( 2421): Unable to resolve superclass of Lcom/google/android/gms/org/conscrypt/TrustManagerImpl; (5184)
W/dalvikvm( 2421): Link of class 'Lcom/google/android/gms/org/conscrypt/TrustManagerImpl;' failed
I/dalvikvm( 2421): Could not find method com.google.android.gms.org.conscrypt.TrustManagerImpl.setDefaultHostnameVerifier, referenced from method com.google.android.gms.org.conscrypt.Conscrypt.setDefaultHostnameVerifier
W/dalvikvm( 2421): VFY: unable to resolve static method 17882: Lcom/google/android/gms/org/conscrypt/TrustManagerImpl;.setDefaultHostnameVerifier (Lcom/google/android/gms/org/conscrypt/ConscryptHostnameVerifier;)V
D/dalvikvm( 2421): VFY: replacing opcode 0x71 at 0x0003
W/dalvikvm( 2421): Unable to resolve superclass of Lcom/google/android/gms/org/conscrypt/TrustManagerImpl; (5184)
W/dalvikvm( 2421): Link of class 'Lcom/google/android/gms/org/conscrypt/TrustManagerImpl;' failed
W/dalvikvm( 2421): VFY: unable to find class referenced in signature (Lcom/google/android/gms/org/conscrypt/TrustManagerImpl;)
W/dalvikvm( 2421): Unable to resolve superclass of Lcom/google/android/gms/org/conscrypt/TrustManagerImpl; (5184)
W/dalvikvm( 2421): Link of class 'Lcom/google/android/gms/org/conscrypt/TrustManagerImpl;' failed
I/dalvikvm( 2421): Could not find method com.google.android.gms.org.conscrypt.TrustManagerImpl.setHostnameVerifier, referenced from method com.google.android.gms.org.conscrypt.Conscrypt.setHostnameVerifier
W/dalvikvm( 2421): VFY: unable to resolve virtual method 17883: Lcom/google/android/gms/org/conscrypt/TrustManagerImpl;.setHostnameVerifier (Lcom/google/android/gms/org/conscrypt/ConscryptHostnameVerifier;)V
D/dalvikvm( 2421): VFY: replacing opcode 0x6e at 0x0004
W/dalvikvm( 2421): Unable to resolve superclass of Lcom/google/android/gms/org/conscrypt/TrustManagerImpl; (5184)
W/dalvikvm( 2421): Link of class 'Lcom/google/android/gms/org/conscrypt/TrustManagerImpl;' failed
E/dalvikvm( 2421): Could not find class 'com.google.android.gms.org.conscrypt.TrustManagerImpl', referenced from method com.google.android.gms.org.conscrypt.Conscrypt.toConscrypt
W/dalvikvm( 2421): VFY: unable to resolve check-cast 4452 (Lcom/google/android/gms/org/conscrypt/TrustManagerImpl;) in Lcom/google/android/gms/org/conscrypt/Conscrypt;
D/dalvikvm( 2421): VFY: replacing opcode 0x1f at 0x002a
D/dalvikvm( 1793): GC_EXPLICIT freed 148K, 28% free 5450K/7536K, paused 0ms+1ms, total 5ms
D/dalvikvm( 2421): GC_FOR_ALLOC freed 292K, 13% free 3388K/3868K, paused 1ms, total 2ms
D/dalvikvm( 2082): GC_FOR_ALLOC freed 1628K, 19% free 7938K/9752K, paused 13ms, total 14ms
E/dalvikvm( 2082): Could not find class 'android.telephony.SubscriptionManager', referenced from method com.google.android.gms.checkin.CheckinChimeraService.a
W/dalvikvm( 2082): VFY: unable to resolve check-cast 1109 (Landroid/telephony/SubscriptionManager;) in Lcom/google/android/gms/checkin/CheckinChimeraService;
D/dalvikvm( 2082): VFY: replacing opcode 0x1f at 0x019b
E/dalvikvm( 2082): Could not find class 'android.net.NetworkRequest', referenced from method com.google.android.gms.checkin.CheckinChimeraService.a
W/dalvikvm( 2082): VFY: unable to resolve check-cast 853 (Landroid/net/NetworkRequest;) in Lcom/google/android/gms/checkin/CheckinChimeraService;
D/dalvikvm( 2082): VFY: replacing opcode 0x1f at 0x04d7
D/dalvikvm( 2421): GC_FOR_ALLOC freed 135K, 9% free 3751K/4088K, paused 2ms, total 2ms
I/CalendarProvider2( 2348): Sending notification intent: Intent { act=android.intent.action.PROVIDER_CHANGED dat=content://com.android.calendar }
W/ContentResolver( 2348): Failed to get type for: content://com.android.calendar (Unknown URL content://com.android.calendar)
I/Notifications( 2368): [ChimeBroadcastReceiver] Executing action in Service [android.intent.action.TIMEZONE_CHANGED].
D/ConnectivityService( 1569): [CheckMp] isMobileOk: X result=1
D/ConnectivityService( 1569): [CheckMp] onPostExecute: result=1
D/ConnectivityService( 1569): CheckMp.onComplete: result=1
D/ConnectivityService( 1569): CheckMp.onComplete: ignore, connected or no connection
D/dalvikvm( 2421): GC_FOR_ALLOC freed 131K, 8% free 4100K/4452K, paused 2ms, total 2ms
E/BluetoothAdapter( 1833): Bluetooth binder is null
I/ActivityManager( 1569): Resuming delayed broadcast
D/dalvikvm( 1569): GC_FOR_ALLOC freed 1152K, 49% free 7609K/14820K, paused 8ms, total 8ms
I/Checkin ( 2082): [CheckinChimeraService] onStartCommand
V/EmulatedCamera_Camera( 1147): getCameraInfo
V/EmulatedCamera_BaseCamera( 1147): getCameraInfo
I/OcrModelUpStIntentOp( 2082): Updating ocr activity enabled=false (phenotypeFlag=false, lowRamDevice=false, prereqCheck=true)
I/dalvikvm( 1774): Could not find method android.os.PowerManager.isInteractive, referenced from method nol.a
W/dalvikvm( 1774): VFY: unable to resolve virtual method 4227: Landroid/os/PowerManager;.isInteractive ()Z
D/dalvikvm( 1774): VFY: replacing opcode 0x6e at 0x0006
I/CheckinCompat( 2082): Disabling old GoogleServicesFramework version [CONTEXT service_id=130 ]
I/constellation( 2082): [intent_handler] on init with intent Intent { act=com.google.android.chimera.IntentOperation.NEW_MODULE (has extras) }
D/dalvikvm( 2421): GC_FOR_ALLOC freed 107K, 8% free 4405K/4752K, paused 9ms, total 9ms
D/dalvikvm( 1569): GC_FOR_ALLOC freed 1120K, 49% free 7641K/14820K, paused 10ms, total 10ms
W/ProviderHelper( 1774): Unknown dynamite feature providerinstaller
I/DynamiteModule( 1774): Considering local module providerinstaller:0 and remote module providerinstaller:0
I/DynamiteModule( 1774): Considering local module providerinstaller:0 and remote module providerinstaller:0
I/CheckinCompat( 2082): GSF Checkin still active [CONTEXT service_id=130 ]
I/Checkin ( 2082): [CheckinChimeraService] notEnabled return:2
D/dalvikvm( 1793): GC_EXPLICIT freed 778K, 28% free 5497K/7536K, paused 1ms+0ms, total 5ms
I/BackupPreLmp( 2082): [ComponentEnabler] Enabling pre-L components
V/BackupPreLmp( 2082): [ComponentEnabler] Enabling Component: com.google.android.gms.backup.component.D2dPreLSourceActivity
D/dalvikvm( 2421): GC_FOR_ALLOC freed 157K, 9% free 4687K/5104K, paused 8ms, total 8ms
E/dalvikvm( 2421): Could not find class 'javax.net.ssl.SNIServerName', referenced from method com.google.android.gms.org.conscrypt.Platform.getSniHostnameFromParams
W/dalvikvm( 2421): VFY: unable to resolve check-cast 5160 (Ljavax/net/ssl/SNIServerName;) in Lcom/google/android/gms/org/conscrypt/Platform;
D/dalvikvm( 2421): VFY: replacing opcode 0x1f at 0x0025
E/dalvikvm( 2421): Could not find class 'javax.net.ssl.SNIHostName', referenced from method com.google.android.gms.org.conscrypt.Platform.setParametersSniHostname
W/dalvikvm( 2421): VFY: unable to resolve new-instance 5159 (Ljavax/net/ssl/SNIHostName;) in Lcom/google/android/gms/org/conscrypt/Platform;
D/dalvikvm( 2421): VFY: replacing opcode 0x22 at 0x0024
E/dalvikvm( 2421): Could not find class 'javax.net.ssl.SNIHostName', referenced from method com.google.android.gms.org.conscrypt.Platform.setParametersSniHostname
W/dalvikvm( 2421): VFY: unable to resolve new-instance 5159 (Ljavax/net/ssl/SNIHostName;) in Lcom/google/android/gms/org/conscrypt/Platform;
D/dalvikvm( 2421): VFY: replacing opcode 0x22 at 0x0024
D/dalvikvm( 2421): DexOpt: unable to opt direct call 0x52f9 at 0x2a in Lcom/google/android/gms/org/conscrypt/Platform;.setParametersSniHostname
D/dalvikvm( 2421): DexOpt: unable to opt direct call 0x52f9 at 0x2a in Lcom/google/android/gms/org/conscrypt/Platform;.setParametersSniHostname
I/NetworkScheduler( 1774): Using standalone scheduling engine [CONTEXT service_id=218 ]
D/dalvikvm( 2421): GC_FOR_ALLOC freed 308K, 11% free 4885K/5440K, paused 3ms, total 3ms
I/dalvikvm( 1774): Could not find method android.os.PowerManager.isPowerSaveMode, referenced from method ajlz.a
W/dalvikvm( 1774): VFY: unable to resolve virtual method 29694: Landroid/os/PowerManager;.isPowerSaveMode ()Z
D/dalvikvm( 1774): VFY: replacing opcode 0x6e at 0x007d
I/ProviderInstaller( 2421): Installed default security provider GmsCore_OpenSSL
I/Safeboot( 2421): Checking safeboot...
I/Safeboot( 2421): Not entering safeboot; wrong process.
I/dalvikvm( 2082): Could not find method java.util.Locale.toLanguageTag, referenced from method ablz.a
W/dalvikvm( 2082): VFY: unable to resolve virtual method 19297: Ljava/util/Locale;.toLanguageTag ()Ljava/lang/String;
D/dalvikvm( 2082): VFY: replacing opcode 0x6e at 0x0006
E/dalvikvm( 2421): Could not find class 'com.google.common.flogger.backend.google.GooglePlatform', referenced from method beui.a
W/dalvikvm( 2421): VFY: unable to resolve const-class 4605 (Lcom/google/common/flogger/backend/google/GooglePlatform;) in Lbeui;
D/dalvikvm( 2421): VFY: replacing opcode 0x1c at 0x001b
I/ChimeraSrvcProxy( 1774): com.google.android.gms.chimera.PersistentBoundBrokerService returning NullBinder for action com.google.android.gms.ipa.smsindexer.PERSISTENT_START
D/dalvikvm( 1774): GC_FOR_ALLOC freed 1426K, 18% free 7936K/9612K, paused 17ms, total 17ms
E/BluetoothAdapter( 1833): Bluetooth binder is null
I/auxu    ( 2421): Primes not initialized, returning default (no-op) Primes instance which will ignore all calls. Please call Primes.initialize(...) before using any Primes API.
D/dalvikvm( 2421): GC_FOR_ALLOC freed 361K, 10% free 5140K/5704K, paused 3ms, total 4ms
D/dalvikvm( 1569): GC_FOR_ALLOC freed 1288K, 50% free 7516K/14820K, paused 9ms, total 10ms
W/BroadcastQueue( 1569): Permission Denial: broadcasting Intent { act=android.appwidget.action.APPWIDGET_UPDATE_OPTIONS flg=0x10 cmp=com.android.settings/.widget.SettingsAppWidgetProvider (has extras) } from android (pid=1935, uid=10009) is not exported from uid 1000 due to receiver com.android.settings/.widget.SettingsAppWidgetProvider
D/dalvikvm( 2082): GC_FOR_ALLOC freed 1417K, 17% free 8172K/9776K, paused 51ms, total 51ms
I/ActivityManager( 1569): Start proc com.android.dialer for broadcast com.android.dialer/.calllog.CallLogReceiver: pid=2457 uid=10004 gids={50004, 3003, 1028, 1015}
I/SubscribedFeeds( 2082): Setting ComponentInfo{com.google.android.gms/com.google.android.gms.subscribedfeeds.GcmReceiverService} to 1 [CONTEXT service_id=250 ]
I/SubscribedFeeds( 2082): Setting ComponentInfo{com.google.android.gms/com.google.android.gms.subscribedfeeds.GmsSubscribedFeedsProvider} to 1 [CONTEXT service_id=250 ]
I/dalvikvm( 2421): Could not find method com.google.android.chimera.ContextThemeWrapper.createAttributionContext, referenced from method mnu.createAttributionContext
W/dalvikvm( 2421): VFY: unable to resolve virtual method 13785: Lcom/google/android/chimera/ContextThemeWrapper;.createAttributionContext (Ljava/lang/String;)Landroid/content/Context;
D/dalvikvm( 2421): VFY: replacing opcode 0x6f at 0x0002
I/dalvikvm( 2421): Could not find method android.content.ContextWrapper.createCredentialProtectedStorageContext, referenced from method mnu.createCredentialProtectedStorageContext
W/dalvikvm( 2421): VFY: unable to resolve virtual method 2508: Landroid/content/ContextWrapper;.createCredentialProtectedStorageContext ()Landroid/content/Context;
D/dalvikvm( 2421): VFY: replacing opcode 0x6f at 0x0002
I/dalvikvm( 2421): Could not find method android.content.ContextWrapper.createDeviceProtectedStorageContext, referenced from method mnu.createDeviceProtectedStorageContext
W/dalvikvm( 2421): VFY: unable to resolve virtual method 2509: Landroid/content/ContextWrapper;.createDeviceProtectedStorageContext ()Landroid/content/Context;
D/dalvikvm( 2421): VFY: replacing opcode 0x6f at 0x0002
I/dalvikvm( 2421): Could not find method android.content.Context.bindService, referenced from method uws.bindService
W/dalvikvm( 2421): VFY: unable to resolve virtual method 2453: Landroid/content/Context;.bindService (Landroid/content/Intent;ILjava/util/concurrent/Executor;Landroid/content/ServiceConnection;)Z
D/dalvikvm( 2421): VFY: replacing opcode 0x6e at 0x0018
I/dalvikvm( 2421): Could not find method android.content.Context.bindService, referenced from method uws.bindService
W/dalvikvm( 2421): VFY: unable to resolve virtual method 2453: Landroid/content/Context;.bindService (Landroid/content/Intent;ILjava/util/concurrent/Executor;Landroid/content/ServiceConnection;)Z
D/dalvikvm( 2421): VFY: replacing opcode 0x6e at 0x0030
I/dalvikvm( 2421): Could not find method android.content.Context.startForegroundService, referenced from method uws.startForegroundService
W/dalvikvm( 2421): VFY: unable to resolve virtual method 2501: Landroid/content/Context;.startForegroundService (Landroid/content/Intent;)Landroid/content/ComponentName;
D/dalvikvm( 2421): VFY: replacing opcode 0x6e at 0x001c
I/dalvikvm( 2421): Could not find method android.content.Context.startForegroundService, referenced from method uws.startForegroundService
W/dalvikvm( 2421): VFY: unable to resolve virtual method 2501: Landroid/content/Context;.startForegroundService (Landroid/content/Intent;)Landroid/content/ComponentName;
D/dalvikvm( 2421): VFY: replacing opcode 0x6e at 0x0028
I/SubscribedFeeds( 2082): Setting ComponentInfo{com.google.android.gsf/com.google.android.gsf.subscribedfeeds.SubscribedFeedsSyncAdapterService} to 2 [CONTEXT service_id=250 ]
D/dalvikvm( 2421): GC_FOR_ALLOC freed 219K, 8% free 5568K/6044K, paused 8ms, total 8ms
I/SubscribedFeeds( 2082): Setting ComponentInfo{com.google.android.gms/com.google.android.gms.subscribedfeeds.SyncService} to 1 [CONTEXT service_id=250 ]
I/SubscribedFeeds( 2082): Setting ComponentInfo{com.google.android.gms/com.google.android.gms.subscribedfeeds.GmsFeedsSyncService} to 1 [CONTEXT service_id=250 ]
E/dalvikvm( 2082): Could not find class 'android.security.keystore.KeyGenParameterSpec$Builder', referenced from method rwq.a
W/dalvikvm( 2082): VFY: unable to resolve new-instance 1527 (Landroid/security/keystore/KeyGenParameterSpec$Builder;) in Lrwq;
D/dalvikvm( 2082): VFY: replacing opcode 0x22 at 0x0034
D/dalvikvm( 2082): DexOpt: unable to opt direct call 0x153f at 0x37 in Lrwq;.a
E/dalvikvm( 2082): Could not find class 'android.security.keystore.KeyGenParameterSpec$Builder', referenced from method rws.a
W/dalvikvm( 2082): VFY: unable to resolve new-instance 1527 (Landroid/security/keystore/KeyGenParameterSpec$Builder;) in Lrws;
D/dalvikvm( 2082): VFY: replacing opcode 0x22 at 0x000b
D/dalvikvm( 2082): DexOpt: unable to opt direct call 0x153f at 0x12 in Lrws;.a
I/MediaRouter( 2082): Found default route: MediaRouter.RouteInfo{ uniqueId=android/aqi:DEFAULT_ROUTE, name=Phone, description=null, iconUri=null, enabled=true, connectionState=0, canDisconnect=false, playbackType=0, playbackStream=3, deviceType=0, volumeHandling=1, volume=11, volumeMax=15, presentationDisplayId=-1, extras=null, settingsIntent=null, providerPackageName=android }
I/MediaRouter( 2082): Unselecting the current route because it is no longer selectable: null
I/dalvikvm( 2421): Could not find method android.os.PowerManager.isPowerSaveMode, referenced from method uwl.a
W/dalvikvm( 2421): VFY: unable to resolve virtual method 3047: Landroid/os/PowerManager;.isPowerSaveMode ()Z
D/dalvikvm( 2421): VFY: replacing opcode 0x6e at 0x0010
I/PackageManager( 1569): Running dexopt on: com.android.dialer
I/ChmraDebugLogger( 2082): [11] com.google.android.gms.flags
E/GCM     ( 1774): Missing checkin config file
W/linker  ( 2470): libdvm.so has text relocations. This is wasting memory and is a security risk. Please fix.
D/dalvikvm( 2421): GC_FOR_ALLOC freed 353K, 10% free 5980K/6616K, paused 5ms, total 7ms
D/dalvikvm( 2421): GC_FOR_ALLOC freed 242K, 8% free 6613K/7164K, paused 4ms, total 4ms
D/dalvikvm( 1793): GC_FOR_ALLOC freed 288K, 20% free 6067K/7536K, paused 3ms, total 3ms
I/CheckinResponseProcessor( 1793): From server: 1144 gservices [full]
D/dalvikvm( 2470): DexOpt: load 16ms, verify+opt 59ms, 1622148 bytes
I/DynamiteModule( 2082): Considering local module com.google.android.gms.flags:3 and remote module com.google.android.gms.flags:0
I/DynamiteModule( 2082): Selected local version of com.google.android.gms.flags
I/GCM     ( 1774): GCM config loaded
D/ExtensionsFactory( 2457): No custom extensions.
I/ActivityManager( 1569): Delay finish: com.android.dialer/.calllog.CallLogReceiver
E/WakeLock( 1774): GCM_HB_ALARM release without a matched acquire!
W/WakeLock( 1774): GCM_HB_ALARM counter does not exist
D/dalvikvm( 2082): GC_FOR_ALLOC freed 1618K, 18% free 8279K/10088K, paused 9ms, total 11ms
I/ActivityManager( 1569): Resuming delayed broadcast
E/BluetoothAdapter( 1569): Bluetooth binder is null
E/BluetoothAdapter( 1569): Bluetooth binder is null
E/SoundPool( 1569): error loading /system/media/audio/ui/Effect_Tick.ogg
W/AudioService( 1569): Soundpool could not load file: /system/media/audio/ui/Effect_Tick.ogg
E/SoundPool( 1569): error loading /system/media/audio/ui/Effect_Tick.ogg
W/AudioService( 1569): Soundpool could not load file: /system/media/audio/ui/Effect_Tick.ogg
E/SoundPool( 1569): error loading /system/media/audio/ui/Effect_Tick.ogg
W/AudioService( 1569): Soundpool could not load file: /system/media/audio/ui/Effect_Tick.ogg
E/SoundPool( 1569): error loading /system/media/audio/ui/Effect_Tick.ogg
W/AudioService( 1569): Soundpool could not load file: /system/media/audio/ui/Effect_Tick.ogg
E/SoundPool( 1569): error loading /system/media/audio/ui/Effect_Tick.ogg
W/AudioService( 1569): Soundpool could not load file: /system/media/audio/ui/Effect_Tick.ogg
E/SoundPool( 1569): error loading /system/media/audio/ui/KeypressStandard.ogg
W/AudioService( 1569): Soundpool could not load file: /system/media/audio/ui/KeypressStandard.ogg
E/SoundPool( 1569): error loading /system/media/audio/ui/KeypressSpacebar.ogg
W/AudioService( 1569): Soundpool could not load file: /system/media/audio/ui/KeypressSpacebar.ogg
E/SoundPool( 1569): error loading /system/media/audio/ui/KeypressDelete.ogg
W/AudioService( 1569): Soundpool could not load file: /system/media/audio/ui/KeypressDelete.ogg
E/SoundPool( 1569): error loading /system/media/audio/ui/KeypressReturn.ogg
W/AudioService( 1569): Soundpool could not load file: /system/media/audio/ui/KeypressReturn.ogg
E/SoundPool( 1569): error loading /system/media/audio/ui/KeypressInvalid.ogg
W/AudioService( 1569): Soundpool could not load file: /system/media/audio/ui/KeypressInvalid.ogg
W/AudioService( 1569): onLoadSoundEffects(), Error -1 while loading samples
V/WiredAccessoryManager( 1569): init()
I/PowerManagerService( 1569): Boot animation finished.
I/GCoreUlr( 1774): WorldUpdater received intent Intent { act=com.google.android.location.reporting.ACTION_UPDATE_WORLD cmp=com.google.android.gms/com.google.android.location.reporting.service.DispatchingService (has extras) } with receiverAction init
I/dalvikvm( 2082): Could not find method android.net.ConnectivityManager.getAllNetworks, referenced from method npq.a
W/dalvikvm( 2082): VFY: unable to resolve virtual method 3870: Landroid/net/ConnectivityManager;.getAllNetworks ()[Landroid/net/Network;
D/dalvikvm( 2082): VFY: replacing opcode 0x6e at 0x0025
I/dalvikvm( 2082): Could not find method android.net.ConnectivityManager.isDefaultNetworkActive, referenced from method npq.e
W/dalvikvm( 2082): VFY: unable to resolve virtual method 3874: Landroid/net/ConnectivityManager;.isDefaultNetworkActive ()Z
D/dalvikvm( 2082): VFY: replacing opcode 0x6e at 0x000d
I/RecoverySystem( 1569): No recovery log file
I/BootReceiver( 1569): Copying audit failures to DropBox
I/BootReceiver( 1569): Checking for fsck errors
D/dalvikvm( 1569): GC_FOR_ALLOC freed 1061K, 49% free 7587K/14820K, paused 11ms, total 11ms
I/SystemUpdateService( 1793): cancelUpdate (empty URL)
I/GCoreUlr( 1774): WorldUpdater:init: Ensuring that reporting is stopped because of reasons: (no Google accounts)
I/CastDatabase( 2082): Opening the database
E/dalvikvm( 1774): Could not find class 'android.telephony.SubscriptionManager', referenced from method amlx.a
W/dalvikvm( 1774): VFY: unable to resolve check-cast 8088 (Landroid/telephony/SubscriptionManager;) in Lamlx;
D/dalvikvm( 1774): VFY: replacing opcode 0x1f at 0x0016
D/dalvikvm( 1793): GC_EXPLICIT freed 334K, 15% free 6432K/7536K, paused 5ms+4ms, total 25ms
I/SQLiteCastDBHelper( 2082): Creating cast database
I/ActivityManager( 1569): Start proc com.android.mms for broadcast com.android.mms/.transaction.MmsSystemEventReceiver: pid=2498 uid=10010 gids={50010, 3003, 1028, 1015}
I/GCoreUlr( 1774): Unbound from all signal providers.
I/ChimeraCfgMgr( 2082): Received com.google.android.chimera.IntentOperation.NEW_MODULE(1/0): -1,false
W/ChimeraCfgMgr( 2082): Ignoring unexpected com.google.android.chimera.IntentOperation.NEW_MODULE
E/ConfigFileUtils( 2082): Failed to read config file: /data/data/com.google.android.gms/app_chimera/current_fileapks.pb: open failed: ENOENT (No such file or directory)
I/dalvikvm( 2082): Could not find method android.app.KeyguardManager.isDeviceLocked, referenced from method com.google.android.gms.ads.identifier.settings.g.a
W/dalvikvm( 2082): VFY: unable to resolve virtual method 2478: Landroid/app/KeyguardManager;.isDeviceLocked ()Z
D/dalvikvm( 2082): VFY: replacing opcode 0x6e at 0x0070
I/dalvikvm( 2082): Could not find method android.os.PowerManager.isInteractive, referenced from method com.google.android.gms.ads.identifier.settings.g.a
W/dalvikvm( 2082): VFY: unable to resolve virtual method 4227: Landroid/os/PowerManager;.isInteractive ()Z
D/dalvikvm( 2082): VFY: replacing opcode 0x6e at 0x0093
I/SystemUpdateService( 1793): cancelUpdate (empty URL)
I/Auth    ( 2082): [SupervisedAccountIntentOperation] onHandleIntent(): com.google.android.gms.chimera.container.CONTAINER_UPDATED
I/Auth    ( 2082): [SupervisedAccountIntentOperation] This operation is disabled
I/PackageManager( 1569): Running dexopt on: com.android.mms
W/linker  ( 2513): libdvm.so has text relocations. This is wasting memory and is a security risk. Please fix.
I/MediaProvider( 1866): Upgrading media database from version 0 to 700, which will destroy all old data
D/dalvikvm( 1866): GC_FOR_ALLOC freed 354K, 14% free 3375K/3916K, paused 2ms, total 2ms
E/SQLiteLog( 1866): (1) no such table: files
D/dalvikvm( 2513): DexOpt: load 20ms, verify+opt 39ms, 1353868 bytes
E/WVMExtractor( 1147): Failed to open libwvm.so
D/dalvikvm( 1774): GC_FOR_ALLOC freed 1310K, 16% free 8296K/9856K, paused 17ms, total 18ms
I/SQLiteCastStore( 2082): 0 CastNetworkInfo instances loaded, 0 CastDeviceInfo instances loaded, 0 paired guest mode devices loaded.
I/GCoreUlr( 1774): Unbound from all signal providers.
I/GCoreUlr( 1774): Stopping handler for UlrDispSvcFast
I/GCM     ( 1774): GCM config loaded
D/CountryDetector( 1569): The first listener is added
I/ChromeSync( 2082): [Sync,SyncIntentOperation] Handling the intent: Intent { act=com.google.android.gms.chimera.container.CONTAINER_UPDATED pkg=com.google.android.gms }.
V/MmsConfig( 2498): mnc/mcc: 310260
V/MmsConfig( 2498): tag: bool value: enabledMMS - true
V/MmsConfig( 2498): tag: int value: maxMessageSize - 307200
V/MmsConfig( 2498): tag: int value: maxImageHeight - 480
V/MmsConfig( 2498): tag: int value: maxImageWidth - 640
V/MmsConfig( 2498): tag: int value: defaultSMSMessagesPerThread - 10000
V/MmsConfig( 2498): tag: int value: defaultMMSMessagesPerThread - 1000
V/MmsConfig( 2498): tag: int value: minMessageCountPerThread - 10
V/MmsConfig( 2498): tag: int value: maxMessageCountPerThread - 5000
V/MmsConfig( 2498): tag: string value: uaProfUrl - http://www.google.com/oha/rdf/ua-profile-kila.xml
V/MmsConfig( 2498): tag: int value: recipientLimit - -1
V/MmsConfig( 2498): tag: bool value: enableMultipartSMS - true
V/MmsConfig( 2498): tag: int value: smsToMmsTextThreshold - -1
V/MmsConfig( 2498): tag: bool value: enableSlideDuration - true
V/MmsConfig( 2498): tag: int value: maxMessageTextSize - -1
D/dalvikvm( 2082): GC_FOR_ALLOC freed 1646K, 18% free 8396K/10232K, paused 11ms, total 11ms
I/ChimeraConfigService( 2082): Scheduling checkin every 120 seconds, with flex of 60 seconds
I/constellation( 2082): [periodic_consent_checker] periodic consent checker is disabled.
I/dalvikvm( 2082): Could not find method java.util.Locale.forLanguageTag, referenced from method arfv.a
W/dalvikvm( 2082): VFY: unable to resolve static method 57637: Ljava/util/Locale;.forLanguageTag (Ljava/lang/String;)Ljava/util/Locale;
D/dalvikvm( 2082): VFY: replacing opcode 0x71 at 0x0023
I/CertBlacklister( 1569): Certificate blacklist changed, updating...
I/CertBlacklister( 1569): Certificate blacklist updated
I/ActivityManager( 1569): Delay finish: com.android.mms/.transaction.MmsSystemEventReceiver
E/MetadataRetrieverClient( 1147): failed to extract an album art
D/Mms:app ( 2498): cancelNotification
I/ActivityManager( 1569): Resuming delayed broadcast
I/ActivityManager( 1569): Delay finish: com.android.mms/.transaction.SmsReceiver
D/MmsSmsDatabaseHelper( 1815): [MmsSmsDb] tableName: threads hasAutoIncrement: CREATE TABLE threads (_id INTEGER PRIMARY KEY AUTOINCREMENT,date INTEGER DEFAULT 0,message_count INTEGER DEFAULT 0,recipient_ids TEXT,snippet TEXT,snippet_cs INTEGER DEFAULT 0,read INTEGER DEFAULT 1,type INTEGER DEFAULT 0,error INTEGER DEFAULT 0,has_attachment INTEGER DEFAULT 0) result: true
D/MmsSmsDatabaseHelper( 1815): [MmsSmsDb] tableName: canonical_addresses hasAutoIncrement: CREATE TABLE canonical_addresses (_id INTEGER PRIMARY KEY AUTOINCREMENT,address TEXT) result: true
D/MmsSmsDatabaseHelper( 1815): [MmsSmsDb] tableName: part hasAutoIncrement: CREATE TABLE part (_id INTEGER PRIMARY KEY AUTOINCREMENT,mid INTEGER,seq INTEGER DEFAULT 0,ct TEXT,name TEXT,chset INTEGER,cd TEXT,fn TEXT,cid TEXT,cl TEXT,ctt_s INTEGER,ctt_t TEXT,_data TEXT,text TEXT) result: true
W/MediaScanner( 1866): Error opening directory '/storage/sdcard/.android_secure/', skipping: Permission denied.
D/MmsSmsDatabaseHelper( 1815): [MmsSmsDb] tableName: pdu hasAutoIncrement: CREATE TABLE pdu (_id INTEGER PRIMARY KEY AUTOINCREMENT,thread_id INTEGER,date INTEGER,date_sent INTEGER DEFAULT 0,msg_box INTEGER,read INTEGER DEFAULT 0,m_id TEXT,sub TEXT,sub_cs INTEGER,ct_t TEXT,ct_l TEXT,exp INTEGER,m_cls TEXT,m_type INTEGER,v INTEGER,m_size INTEGER,pri INTEGER,rr INTEGER,rpt_a INTEGER,resp_st INTEGER,st INTEGER,tr_id TEXT,retr_st INTEGER,retr_txt TEXT,retr_txt_cs INTEGER,read_status INTEGER,ct_cls INTEGER,resp_txt TEXT,d_tm INTEGER,d_rpt INTEGER,locked INTEGER DEFAULT 0,seen INTEGER DEFAULT 0,text_only INTEGER DEFAULT 0) result: true
D/MmsSmsDatabaseHelper( 1815): [getWritableDatabase] hasAutoIncrementThreads: true hasAutoIncrementAddresses: true hasAutoIncrementPart: true hasAutoIncrementPdu: true
E/WakeLock( 1774): GCM_HB_ALARM release without a matched acquire!
W/WakeLock( 1774): GCM_HB_ALARM counter does not exist
W/WakeLock( 1774): GCM_CONN_ALARM counter does not exist
I/dalvikvm( 2082): Could not find method android.telephony.SubscriptionManager.from, referenced from method arew.a
W/dalvikvm( 2082): VFY: unable to resolve static method 1982: Landroid/telephony/SubscriptionManager;.from (Landroid/content/Context;)Landroid/telephony/SubscriptionManager;
D/dalvikvm( 2082): VFY: replacing opcode 0x71 at 0x006c
D/dalvikvm( 1569): GC_FOR_ALLOC freed 1119K, 49% free 7620K/14820K, paused 8ms, total 8ms
I/NearbySharing( 2082): Runtime state initialization complete. Sharing is disabled. [CONTEXT service_id=194 ]
V/MediaScanner( 1866): pruneDeadThumbnailFiles... android.database.sqlite.SQLiteCursor@9d099138
V/MediaScanner( 1866): /pruneDeadThumbnailFiles... android.database.sqlite.SQLiteCursor@9d099138
D/dalvikvm( 1793): GC_EXPLICIT freed 246K, 14% free 6519K/7536K, paused 0ms+0ms, total 12ms
D/Mms:app ( 2498): cancelNotification
I/ActivityManager( 1569): Resuming delayed broadcast
I/CertBlacklister( 1569): Certificate blacklist changed, updating...
I/CertBlacklister( 1569): Certificate blacklist updated
D/dalvikvm( 2082): GC_EXPLICIT freed 1291K, 16% free 8595K/10232K, paused 1ms+1ms, total 12ms
E/StrictMode( 2082): Finalizing a Cursor that has not been deactivated or closed. database = /data/data/com.google.android.gms/databases/matchstickv9.db, table = sharedPreference, query = SELECT * FROM sharedPreference WHERE key = ?
E/StrictMode( 2082): android.database.sqlite.DatabaseObjectNotClosedException: Application did not close the cursor or database object that was opened here
E/StrictMode( 2082): 	at android.database.sqlite.SQLiteCursor.<init>(SQLiteCursor.java:98)
E/StrictMode( 2082): 	at android.database.sqlite.SQLiteDirectCursorDriver.query(SQLiteDirectCursorDriver.java:50)
E/StrictMode( 2082): 	at android.database.sqlite.SQLiteDatabase.rawQueryWithFactory(SQLiteDatabase.java:1314)
E/StrictMode( 2082): 	at android.database.sqlite.SQLiteDatabase.queryWithFactory(SQLiteDatabase.java:1161)
E/StrictMode( 2082): 	at android.database.sqlite.SQLiteDatabase.query(SQLiteDatabase.java:1032)
E/StrictMode( 2082): 	at android.database.sqlite.SQLiteDatabase.query(SQLiteDatabase.java:1200)
E/StrictMode( 2082): 	at aqsg.a(:com.google.android.gms@202414005@20.24.14 (000700-319035315):7)
E/StrictMode( 2082): 	at aqsv.K(:com.google.android.gms@202414005@20.24.14 (000700-319035315):4)
E/StrictMode( 2082): 	at com.google.android.gms.matchstick.intent.MatchstickIntentHandler$OnModuleInitOperation.a(:com.google.android.gms@202414005@20.24.14 (000700-319035315):14)
E/StrictMode( 2082): 	at ljt.onHandleIntent(:com.google.android.gms@202414005@20.24.14 (000700-319035315):7)
E/StrictMode( 2082): 	at com.google.android.chimera.IntentOperation.onHandleIntent(:com.google.android.gms@202414005@20.24.14 (000700-319035315):2)
E/StrictMode( 2082): 	at ljm.onHandleIntent(:com.google.android.gms@202414005@20.24.14 (000700-319035315):4)
E/StrictMode( 2082): 	at bsh.run(:com.google.android.gms@202414005@20.24.14 (000700-319035315):5)
E/StrictMode( 2082): 	at bsg.run(:com.google.android.gms@202414005@20.24.14 (000700-319035315):10)
E/StrictMode( 2082): 	at java.util.concurrent.ThreadPoolExecutor.runWorker(ThreadPoolExecutor.java:1112)
E/StrictMode( 2082): 	at java.util.concurrent.ThreadPoolExecutor$Worker.run(ThreadPoolExecutor.java:587)
E/StrictMode( 2082): 	at java.lang.Thread.run(Thread.java:841)
I/CastSocket( 2082): 19 >= 18. Adding new CastClientAuthKeyManager. [CONTEXT service_id=161 ]
D/dalvikvm( 1793): GC_EXPLICIT freed 159K, 14% free 6508K/7536K, paused 0ms+0ms, total 5ms
I/dalvikvm( 2082): Could not find method android.os.PowerManager.isInteractive, referenced from method kjw.a
W/dalvikvm( 2082): VFY: unable to resolve virtual method 4227: Landroid/os/PowerManager;.isInteractive ()Z
D/dalvikvm( 2082): VFY: replacing opcode 0x6e at 0x0012
I/DiscoveryManager( 2082): WifiGuestModeDeviceScanner enabled.
E/BluetoothAdapter( 2082): Bluetooth binder is null
