D/AndroidRuntime( 2964): Calling main entry com.android.commands.am.Am
I/PTCommittedOperation( 1774): Receive new configuration for com.google.android.gms.icing.mdh
D/AndroidRuntime( 2964): Shutting down VM
D/jdwp    ( 2964): Got wake-up signal, bailing out of select
D/dalvikvm( 2964): Debugger has detached; object registry had 1 entries
I/ActivityManager( 1569): Start proc it.unina.android.ripper_service:android_ripper_service_process for service it.unina.android.ripper_service/.AndroidRipperService: pid=2975 uid=10057 gids={50057, 3003, 1028, 1015}
V/AndroidRipperService( 2975): onCreate()
V/SERVER  ( 2975): Starting ServerSocket on PORT 18888
V/SERVER  ( 2975): Started ServerSocket on PORT 18888
V/SERVER  ( 2975): Ready to accept connections on port: 18888
I/Auth    ( 1774): [AuthManaged,PasswordComplexityHelperImpl] Updating password complexity components state.
I/Auth    ( 1774): [AuthManaged,PasswordComplexityHelperImpl] Disabling com.google.android.gms.auth.managed.admin.DeviceAdminReceiver
I/Auth    ( 1774): [AuthManaged,PasswordComplexityHelperImpl] Disabling com.google.android.gms.auth.managed.ui.SetNewPasswordActivity
I/PTCommittedOperation( 1774): Receive new configuration for com.google.android.gms.herrevad
I/Auth    ( 1774): [AuthManaged,PasswordComplexityHelperImpl] Updating password complexity components state.
I/Auth    ( 1774): [AuthManaged,PasswordComplexityHelperImpl] Disabling com.google.android.gms.auth.managed.admin.DeviceAdminReceiver
I/Auth    ( 1774): [AuthManaged,PasswordComplexityHelperImpl] Disabling com.google.android.gms.auth.managed.ui.SetNewPasswordActivity
I/Herrevad( 1774): [150] wkz.a: updateListenState
I/Icing   ( 2082): Indexing com.google.android.googlequicksearchbox-applications from com.google.android.googlequicksearchbox
I/PTCommittedOperation( 1774): Receive new configuration for com.google.android.gms.firebase.auth
E/MDD     ( 2082): MDDManager Failed to init shared file metadata.
I/Icing   ( 2082): Indexing done com.google.android.googlequicksearchbox-applications
D/dalvikvm( 1774): GC_FOR_ALLOC freed 1979K, 28% free 9674K/13304K, paused 10ms, total 10ms
I/Auth    ( 1774): [AuthManaged,PasswordComplexityHelperImpl] Updating password complexity components state.
I/Auth    ( 1774): [AuthManaged,PasswordComplexityHelperImpl] Disabling com.google.android.gms.auth.managed.admin.DeviceAdminReceiver
I/Auth    ( 1774): [AuthManaged,PasswordComplexityHelperImpl] Disabling com.google.android.gms.auth.managed.ui.SetNewPasswordActivity
I/Icing   ( 2082): Indexing com.google.android.gms-apps from com.google.android.gms
I/Icing   ( 2082): Indexing done com.google.android.gms-apps
I/PTCommittedOperation( 1774): Receive new configuration for com.google.android.gms.ads
I/Icing   ( 2082): Indexing com.google.android.gms-internal.3p:MobileApplication from com.google.android.gms
I/Auth    ( 1774): [AuthManaged,PasswordComplexityHelperImpl] Updating password complexity components state.
I/Auth    ( 1774): [AuthManaged,PasswordComplexityHelperImpl] Disabling com.google.android.gms.auth.managed.admin.DeviceAdminReceiver
I/Auth    ( 1774): [AuthManaged,PasswordComplexityHelperImpl] Disabling com.google.android.gms.auth.managed.ui.SetNewPasswordActivity
I/PTCommittedOperation( 1774): Receive new configuration for com.google.android.gms.gcm
I/Icing   ( 2082): Indexing done com.google.android.gms-internal.3p:MobileApplication
I/Auth    ( 1774): [AuthManaged,PasswordComplexityHelperImpl] Updating password complexity components state.
I/Auth    ( 1774): [AuthManaged,PasswordComplexityHelperImpl] Disabling com.google.android.gms.auth.managed.admin.DeviceAdminReceiver
I/Auth    ( 1774): [AuthManaged,PasswordComplexityHelperImpl] Disabling com.google.android.gms.auth.managed.ui.SetNewPasswordActivity
I/PTCommittedOperation( 1774): Receive new configuration for com.google.android.gms.ipa
I/ChromeSync( 2082): [Sync,SyncIntentOperation] Handling the intent: Intent { act=com.google.android.gms.phenotype.COMMITTED flg=0x10 pkg=com.google.android.gms cmp=com.google.android.gms/.chimera.GmsIntentOperationService (has extras) }.
I/MdiSyncModule( 2082): flag handling is skipping irrelevant intent.
I/MobileDataHub( 2082): Scheduling periodic tasks
W/MobileDataHub( 2082): [Service] appsupload-periodic periodic task disabled
W/ModuleInitIntentOp( 2082): Dropping unexpected action com.google.android.gms.phenotype.COMMITTED
I/ChromeSync( 2082): [Sync,SyncIntentOperation] Handling the intent: Intent { act=com.google.android.gms.phenotype.COMMITTED flg=0x10 pkg=com.google.android.gms cmp=com.google.android.gms/.chimera.GmsIntentOperationService (has extras) }.
I/MdiSyncModule( 2082): flag handling is skipping irrelevant intent.
W/ModuleInitIntentOp( 2082): Dropping unexpected action com.google.android.gms.phenotype.COMMITTED
I/ChromeSync( 2082): [Sync,SyncIntentOperation] Handling the intent: Intent { act=com.google.android.gms.phenotype.COMMITTED flg=0x10 pkg=com.google.android.gms cmp=com.google.android.gms/.chimera.GmsIntentOperationService (has extras) }.
I/MdiSyncModule( 2082): flag handling is skipping irrelevant intent.
W/ModuleInitIntentOp( 2082): Dropping unexpected action com.google.android.gms.phenotype.COMMITTED
I/ChromeSync( 2082): [Sync,SyncIntentOperation] Handling the intent: Intent { act=com.google.android.gms.phenotype.COMMITTED flg=0x10 pkg=com.google.android.gms cmp=com.google.android.gms/.chimera.GmsIntentOperationService (has extras) }.
I/MdiSyncModule( 2082): flag handling is skipping irrelevant intent.
W/ModuleInitIntentOp( 2082): Dropping unexpected action com.google.android.gms.phenotype.COMMITTED
I/ChromeSync( 2082): [Sync,SyncIntentOperation] Handling the intent: Intent { act=com.google.android.gms.phenotype.COMMITTED flg=0x10 pkg=com.google.android.gms cmp=com.google.android.gms/.chimera.GmsIntentOperationService (has extras) }.
I/MdiSyncModule( 2082): flag handling is skipping irrelevant intent.
W/ModuleInitIntentOp( 2082): Dropping unexpected action com.google.android.gms.phenotype.COMMITTED
I/ChromeSync( 2082): [Sync,SyncIntentOperation] Handling the intent: Intent { act=com.google.android.gms.phenotype.COMMITTED flg=0x10 pkg=com.google.android.gms cmp=com.google.android.gms/.chimera.GmsIntentOperationService (has extras) }.
I/MdiSyncModule( 2082): flag handling is skipping irrelevant intent.
W/ModuleInitIntentOp( 2082): Dropping unexpected action com.google.android.gms.phenotype.COMMITTED
D/dalvikvm( 2082): GC_FOR_ALLOC freed 1894K, 30% free 12153K/17336K, paused 22ms, total 22ms
D/dalvikvm( 1774): GC_FOR_ALLOC freed 2071K, 28% free 9651K/13304K, paused 11ms, total 11ms
I/Auth    ( 1774): [AuthManaged,PasswordComplexityHelperImpl] Updating password complexity components state.
I/Auth    ( 1774): [AuthManaged,PasswordComplexityHelperImpl] Disabling com.google.android.gms.auth.managed.admin.DeviceAdminReceiver
I/Auth    ( 1774): [AuthManaged,PasswordComplexityHelperImpl] Disabling com.google.android.gms.auth.managed.ui.SetNewPasswordActivity
I/ChromeSync( 2082): [Sync,SyncIntentOperation] Handling the intent: Intent { act=com.google.android.gms.phenotype.COMMITTED flg=0x10 pkg=com.google.android.gms cmp=com.google.android.gms/.chimera.GmsIntentOperationService (has extras) }.
I/MdiSyncModule( 2082): flag handling is skipping irrelevant intent.
W/ModuleInitIntentOp( 2082): Dropping unexpected action com.google.android.gms.phenotype.COMMITTED
V/EmulatedCamera_Camera( 1147): getCameraInfo
V/EmulatedCamera_BaseCamera( 1147): getCameraInfo
I/OcrModelUpStIntentOp( 2082): Updating ocr activity enabled=true (phenotypeFlag=true, lowRamDevice=false, prereqCheck=true)
I/PTCommittedOperation( 1774): Receive new configuration for com.google.android.gms.ocr
W/DynamiteModule( 2082): Local module descriptor class for com.google.android.gms.vision.dynamite.ocr not found.
W/ProviderHelper( 2082): Unknown dynamite feature vision.dynamite.ocr
I/DynamiteModule( 2082): Considering local module com.google.android.gms.vision.dynamite.ocr:0 and remote module com.google.android.gms.vision.dynamite.ocr:0
W/ProviderHelper( 2082): Unknown dynamite feature vision.ocr
W/DynamiteModule( 2082): Local module descriptor class for com.google.android.gms.vision.ocr not found.
I/DynamiteModule( 2082): Considering local module com.google.android.gms.vision.ocr:0 and remote module com.google.android.gms.vision.ocr:0
E/Vision  ( 2082): Error loading module com.google.android.gms.vision.ocr optional module true: qxb: No acceptable module found. Local version is 0 and remote version is 0.
W/TextNativeHandle( 2082): Native handle not yet available. Reverting to no-op handle.
I/Vision  ( 2082): Requesting optional module download of ocr.
I/Vision  ( 2082): Checking for download completion for 46938 -- ocr
W/DynamiteModule( 2082): Local module descriptor class for com.google.android.gms.vision.dynamite.ocr not found.
W/ProviderHelper( 2082): Unknown dynamite feature vision.dynamite.ocr
I/DynamiteModule( 2082): Considering local module com.google.android.gms.vision.dynamite.ocr:0 and remote module com.google.android.gms.vision.dynamite.ocr:0
W/ProviderHelper( 2082): Unknown dynamite feature vision.ocr
W/DynamiteModule( 2082): Local module descriptor class for com.google.android.gms.vision.ocr not found.
I/DynamiteModule( 2082): Considering local module com.google.android.gms.vision.ocr:0 and remote module com.google.android.gms.vision.ocr:0
E/Vision  ( 2082): Error loading module com.google.android.gms.vision.ocr optional module true: qxb: No acceptable module found. Local version is 0 and remote version is 0.
I/OcrModelUpStIntentOp( 2082): Downloading text recognizer
I/Vision  ( 2082): Requesting optional module download of ocr.
I/Vision  ( 2082): Checking for download completion for 46952 -- ocr
I/Auth    ( 1774): [AuthManaged,PasswordComplexityHelperImpl] Updating password complexity components state.
I/Auth    ( 1774): [AuthManaged,PasswordComplexityHelperImpl] Disabling com.google.android.gms.auth.managed.admin.DeviceAdminReceiver
I/Auth    ( 1774): [AuthManaged,PasswordComplexityHelperImpl] Disabling com.google.android.gms.auth.managed.ui.SetNewPasswordActivity
I/ChromeSync( 2082): [Sync,SyncIntentOperation] Handling the intent: Intent { act=com.google.android.gms.phenotype.COMMITTED flg=0x10 pkg=com.google.android.gms cmp=com.google.android.gms/.chimera.GmsIntentOperationService (has extras) }.
I/MdiSyncModule( 2082): flag handling is skipping irrelevant intent.
W/ModuleInitIntentOp( 2082): Dropping unexpected action com.google.android.gms.phenotype.COMMITTED
I/PTCommittedOperation( 1774): Receive new configuration for com.google.android.gms.udc
I/Auth    ( 1774): [AuthManaged,PasswordComplexityHelperImpl] Updating password complexity components state.
I/Auth    ( 1774): [AuthManaged,PasswordComplexityHelperImpl] Disabling com.google.android.gms.auth.managed.admin.DeviceAdminReceiver
I/Auth    ( 1774): [AuthManaged,PasswordComplexityHelperImpl] Disabling com.google.android.gms.auth.managed.ui.SetNewPasswordActivity
I/PTCommittedOperation( 1774): Receive new configuration for com.google.android.gms.ulr
I/ChromeSync( 2082): [Sync,SyncIntentOperation] Handling the intent: Intent { act=com.google.android.gms.phenotype.COMMITTED flg=0x10 pkg=com.google.android.gms cmp=com.google.android.gms/.chimera.GmsIntentOperationService (has extras) }.
I/MdiSyncModule( 2082): flag handling is skipping irrelevant intent.
W/ModuleInitIntentOp( 2082): Dropping unexpected action com.google.android.gms.phenotype.COMMITTED
D/dalvikvm( 1774): GC_FOR_ALLOC freed 2021K, 28% free 9677K/13304K, paused 11ms, total 11ms
D/dalvikvm( 1569): GC_FOR_ALLOC freed 1206K, 47% free 7956K/14820K, paused 8ms, total 8ms
I/Auth    ( 1774): [AuthManaged,PasswordComplexityHelperImpl] Updating password complexity components state.
I/Auth    ( 1774): [AuthManaged,PasswordComplexityHelperImpl] Disabling com.google.android.gms.auth.managed.admin.DeviceAdminReceiver
I/Auth    ( 1774): [AuthManaged,PasswordComplexityHelperImpl] Disabling com.google.android.gms.auth.managed.ui.SetNewPasswordActivity
I/ChromeSync( 2082): [Sync,SyncIntentOperation] Handling the intent: Intent { act=com.google.android.gms.phenotype.COMMITTED flg=0x10 pkg=com.google.android.gms cmp=com.google.android.gms/.chimera.GmsIntentOperationService (has extras) }.
I/MdiSyncModule( 2082): flag handling is skipping irrelevant intent.
W/ModuleInitIntentOp( 2082): Dropping unexpected action com.google.android.gms.phenotype.COMMITTED
I/PTCommittedOperation( 1774): Receive new configuration for com.google.android.gms.appinvite
I/GCoreUlr( 1774): WorldUpdater received intent Intent { act=com.google.android.location.reporting.ACTION_UPDATE_WORLD cmp=com.google.android.gms/com.google.android.location.reporting.service.DispatchingService (has extras) } with receiverAction com.google.gservices.intent.action.GSERVICES_CHANGED
I/Auth    ( 1774): [AuthManaged,PasswordComplexityHelperImpl] Updating password complexity components state.
I/Auth    ( 1774): [AuthManaged,PasswordComplexityHelperImpl] Disabling com.google.android.gms.auth.managed.admin.DeviceAdminReceiver
I/Auth    ( 1774): [AuthManaged,PasswordComplexityHelperImpl] Disabling com.google.android.gms.auth.managed.ui.SetNewPasswordActivity
I/ChromeSync( 2082): [Sync,SyncIntentOperation] Handling the intent: Intent { act=com.google.android.gms.phenotype.COMMITTED flg=0x10 pkg=com.google.android.gms cmp=com.google.android.gms/.chimera.GmsIntentOperationService (has extras) }.
I/MdiSyncModule( 2082): flag handling is skipping irrelevant intent.
W/ModuleInitIntentOp( 2082): Dropping unexpected action com.google.android.gms.phenotype.COMMITTED
I/GCoreUlr( 1774): WorldUpdater:com.google.gservices.intent.action.GSERVICES_CHANGED: Ensuring that reporting is stopped because of reasons: (no Google accounts)
I/GCoreUlr( 1774): Unbound from all signal providers.
D/dalvikvm( 1774): GC_FOR_ALLOC freed 2039K, 28% free 9679K/13304K, paused 8ms, total 8ms
I/PTCommittedOperation( 1774): Receive new configuration for com.google.android.gms.usagereporting
I/GCoreUlr( 1774): Unbound from all signal providers.
I/GCoreUlr( 1774): Stopping handler for UlrDispSvcFast
I/Auth    ( 1774): [AuthManaged,PasswordComplexityHelperImpl] Updating password complexity components state.
I/Auth    ( 1774): [AuthManaged,PasswordComplexityHelperImpl] Disabling com.google.android.gms.auth.managed.admin.DeviceAdminReceiver
I/Auth    ( 1774): [AuthManaged,PasswordComplexityHelperImpl] Disabling com.google.android.gms.auth.managed.ui.SetNewPasswordActivity
I/ChromeSync( 2082): [Sync,SyncIntentOperation] Handling the intent: Intent { act=com.google.android.gms.phenotype.COMMITTED flg=0x10 pkg=com.google.android.gms cmp=com.google.android.gms/.chimera.GmsIntentOperationService (has extras) }.
I/MdiSyncModule( 2082): flag handling is skipping irrelevant intent.
W/ModuleInitIntentOp( 2082): Dropping unexpected action com.google.android.gms.phenotype.COMMITTED
I/PTCommittedOperation( 1774): Receive new configuration for com.google.android.gms.constellation
I/Auth    ( 1774): [AuthManaged,PasswordComplexityHelperImpl] Updating password complexity components state.
I/Auth    ( 1774): [AuthManaged,PasswordComplexityHelperImpl] Disabling com.google.android.gms.auth.managed.admin.DeviceAdminReceiver
I/Auth    ( 1774): [AuthManaged,PasswordComplexityHelperImpl] Disabling com.google.android.gms.auth.managed.ui.SetNewPasswordActivity
I/ChromeSync( 2082): [Sync,SyncIntentOperation] Handling the intent: Intent { act=com.google.android.gms.phenotype.COMMITTED flg=0x10 pkg=com.google.android.gms cmp=com.google.android.gms/.chimera.GmsIntentOperationService (has extras) }.
I/MdiSyncModule( 2082): flag handling is skipping irrelevant intent.
W/ModuleInitIntentOp( 2082): Dropping unexpected action com.google.android.gms.phenotype.COMMITTED
I/PTCommittedOperation( 1774): Receive new configuration for com.google.android.gms.feedback
I/Auth    ( 1774): [AuthManaged,PasswordComplexityHelperImpl] Updating password complexity components state.
I/Auth    ( 1774): [AuthManaged,PasswordComplexityHelperImpl] Disabling com.google.android.gms.auth.managed.admin.DeviceAdminReceiver
I/Auth    ( 1774): [AuthManaged,PasswordComplexityHelperImpl] Disabling com.google.android.gms.auth.managed.ui.SetNewPasswordActivity
I/ChromeSync( 2082): [Sync,SyncIntentOperation] Handling the intent: Intent { act=com.google.android.gms.phenotype.COMMITTED flg=0x10 pkg=com.google.android.gms cmp=com.google.android.gms/.chimera.GmsIntentOperationService (has extras) }.
I/MdiSyncModule( 2082): flag handling is skipping irrelevant intent.
W/ModuleInitIntentOp( 2082): Dropping unexpected action com.google.android.gms.phenotype.COMMITTED
I/PTCommittedOperation( 1774): Receive new configuration for com.google.android.gms.analytics
I/Auth    ( 1774): [AuthManaged,PasswordComplexityHelperImpl] Updating password complexity components state.
I/Auth    ( 1774): [AuthManaged,PasswordComplexityHelperImpl] Disabling com.google.android.gms.auth.managed.admin.DeviceAdminReceiver
I/Auth    ( 1774): [AuthManaged,PasswordComplexityHelperImpl] Disabling com.google.android.gms.auth.managed.ui.SetNewPasswordActivity
D/dalvikvm( 1774): GC_FOR_ALLOC freed 2035K, 28% free 9692K/13304K, paused 8ms, total 9ms
I/ChromeSync( 2082): [Sync,SyncIntentOperation] Handling the intent: Intent { act=com.google.android.gms.phenotype.COMMITTED flg=0x10 pkg=com.google.android.gms cmp=com.google.android.gms/.chimera.GmsIntentOperationService (has extras) }.
I/MdiSyncModule( 2082): flag handling is skipping irrelevant intent.
W/ModuleInitIntentOp( 2082): Dropping unexpected action com.google.android.gms.phenotype.COMMITTED
I/PTCommittedOperation( 1774): Receive new configuration for com.google.android.libraries.personalization.footprints#com.google.android.gms
I/Auth    ( 1774): [AuthManaged,PasswordComplexityHelperImpl] Updating password complexity components state.
I/Auth    ( 1774): [AuthManaged,PasswordComplexityHelperImpl] Disabling com.google.android.gms.auth.managed.admin.DeviceAdminReceiver
I/Auth    ( 1774): [AuthManaged,PasswordComplexityHelperImpl] Disabling com.google.android.gms.auth.managed.ui.SetNewPasswordActivity
I/ChromeSync( 2082): [Sync,SyncIntentOperation] Handling the intent: Intent { act=com.google.android.gms.phenotype.COMMITTED flg=0x10 pkg=com.google.android.gms cmp=com.google.android.gms/.chimera.GmsIntentOperationService (has extras) }.
I/MdiSyncModule( 2082): flag handling is skipping irrelevant intent.
W/ModuleInitIntentOp( 2082): Dropping unexpected action com.google.android.gms.phenotype.COMMITTED
I/PTCommittedOperation( 1774): Receive new configuration for com.google.android.gms.subscribedfeeds
I/Auth    ( 1774): [AuthManaged,PasswordComplexityHelperImpl] Updating password complexity components state.
I/Auth    ( 1774): [AuthManaged,PasswordComplexityHelperImpl] Disabling com.google.android.gms.auth.managed.admin.DeviceAdminReceiver
I/Auth    ( 1774): [AuthManaged,PasswordComplexityHelperImpl] Disabling com.google.android.gms.auth.managed.ui.SetNewPasswordActivity
I/ChromeSync( 2082): [Sync,SyncIntentOperation] Handling the intent: Intent { act=com.google.android.gms.phenotype.COMMITTED flg=0x10 pkg=com.google.android.gms cmp=com.google.android.gms/.chimera.GmsIntentOperationService (has extras) }.
I/MdiSyncModule( 2082): flag handling is skipping irrelevant intent.
W/ModuleInitIntentOp( 2082): Dropping unexpected action com.google.android.gms.phenotype.COMMITTED
I/PTCommittedOperation( 1774): Receive new configuration for com.google.android.gms.auth_cryptauth
I/Auth    ( 1774): [AuthManaged,PasswordComplexityHelperImpl] Updating password complexity components state.
I/Auth    ( 1774): [AuthManaged,PasswordComplexityHelperImpl] Disabling com.google.android.gms.auth.managed.admin.DeviceAdminReceiver
I/Auth    ( 1774): [AuthManaged,PasswordComplexityHelperImpl] Disabling com.google.android.gms.auth.managed.ui.SetNewPasswordActivity
I/ChromeSync( 2082): [Sync,SyncIntentOperation] Handling the intent: Intent { act=com.google.android.gms.phenotype.COMMITTED flg=0x10 pkg=com.google.android.gms cmp=com.google.android.gms/.chimera.GmsIntentOperationService (has extras) }.
I/MdiSyncModule( 2082): flag handling is skipping irrelevant intent.
W/ModuleInitIntentOp( 2082): Dropping unexpected action com.google.android.gms.phenotype.COMMITTED
I/PTCommittedOperation( 1774): Receive new configuration for com.google.android.gms.thunderbird
D/dalvikvm( 2082): GC_FOR_ALLOC freed 2059K, 30% free 12142K/17336K, paused 18ms, total 18ms
E/dalvikvm( 2082): Could not find class 'android.telephony.SubscriptionManager', referenced from method amlx.a
W/dalvikvm( 2082): VFY: unable to resolve check-cast 8088 (Landroid/telephony/SubscriptionManager;) in Lamlx;
D/dalvikvm( 2082): VFY: replacing opcode 0x1f at 0x0016
D/dalvikvm( 1774): GC_FOR_ALLOC freed 1994K, 27% free 9746K/13304K, paused 8ms, total 8ms
I/Auth    ( 1774): [AuthManaged,PasswordComplexityHelperImpl] Updating password complexity components state.
I/Auth    ( 1774): [AuthManaged,PasswordComplexityHelperImpl] Disabling com.google.android.gms.auth.managed.admin.DeviceAdminReceiver
I/Auth    ( 1774): [AuthManaged,PasswordComplexityHelperImpl] Disabling com.google.android.gms.auth.managed.ui.SetNewPasswordActivity
I/PTCommittedOperation( 1774): Receive new configuration for com.google.android.metrics
I/ChromeSync( 2082): [Sync,SyncIntentOperation] Handling the intent: Intent { act=com.google.android.gms.phenotype.COMMITTED flg=0x10 pkg=com.google.android.gms cmp=com.google.android.gms/.chimera.GmsIntentOperationService (has extras) }.
W/ActivityManager( 1569): Unable to start service Intent { act=com.google.android.gms.auth.key.retrieval.service.START pkg=com.google.android.gms } U=0: not found
E/GmsClient( 2082): unable to connect to service: com.google.android.gms.auth.key.retrieval.service.START on com.google.android.gms
I/MdiSyncModule( 2082): flag handling is skipping irrelevant intent.
W/ModuleInitIntentOp( 2082): Dropping unexpected action com.google.android.gms.phenotype.COMMITTED
W/ActivityManager( 1569): Unbind failed: could not find connection for android.os.BinderProxy@9d397f88
I/Auth    ( 1774): [AuthManaged,PasswordComplexityHelperImpl] Updating password complexity components state.
I/Auth    ( 1774): [AuthManaged,PasswordComplexityHelperImpl] Disabling com.google.android.gms.auth.managed.admin.DeviceAdminReceiver
I/PTCommittedOperation( 1774): Receive new configuration for com.google.android.gms.matchstick
I/ChromeSync( 2082): [Sync,SyncIntentOperation] Handling the intent: Intent { act=com.google.android.gms.phenotype.COMMITTED flg=0x10 pkg=com.google.android.gms cmp=com.google.android.gms/.chimera.GmsIntentOperationService (has extras) }.
I/MdiSyncModule( 2082): flag handling is skipping irrelevant intent.
I/Auth    ( 1774): [AuthManaged,PasswordComplexityHelperImpl] Disabling com.google.android.gms.auth.managed.ui.SetNewPasswordActivity
W/ModuleInitIntentOp( 2082): Dropping unexpected action com.google.android.gms.phenotype.COMMITTED
D/dalvikvm( 1774): GC_FOR_ALLOC freed 1812K, 25% free 9982K/13304K, paused 10ms, total 10ms
I/MS_RegisterService( 2082): Tachyon host: instantmessaging-pa.googleapis.com, Tachyon port: 443
I/dalvikvm( 2082): Could not find method android.telephony.SubscriptionManager.from, referenced from method ardv.a
W/dalvikvm( 2082): VFY: unable to resolve static method 1982: Landroid/telephony/SubscriptionManager;.from (Landroid/content/Context;)Landroid/telephony/SubscriptionManager;
D/dalvikvm( 2082): VFY: replacing opcode 0x71 at 0x0013
I/Auth    ( 1774): [AuthManaged,PasswordComplexityHelperImpl] Updating password complexity components state.
I/Auth    ( 1774): [AuthManaged,PasswordComplexityHelperImpl] Disabling com.google.android.gms.auth.managed.admin.DeviceAdminReceiver
I/Auth    ( 1774): [AuthManaged,PasswordComplexityHelperImpl] Disabling com.google.android.gms.auth.managed.ui.SetNewPasswordActivity
I/PTCommittedOperation( 1774): Receive new configuration for com.google.android.mainline.release
I/MS_RegisterService( 2082): RegisterService intent:Intent { act=com.google.android.gms.matchstick.register_intent_action cat=[targeted_intent_op_prefix:com.google.android.libraries.matchstick.net.SilentRegisterIntentOperation] cmp=com.google.android.gms/.chimera.GmsIntentOperationService } isPeriodic:false
I/dalvikvm( 2082): Could not find method android.telephony.SubscriptionManager.from, referenced from method aren.a
W/dalvikvm( 2082): VFY: unable to resolve static method 1982: Landroid/telephony/SubscriptionManager;.from (Landroid/content/Context;)Landroid/telephony/SubscriptionManager;
D/dalvikvm( 2082): VFY: replacing opcode 0x71 at 0x000d
W/DynamiteModule( 2082): Local module descriptor class for providerinstaller not found.
W/ProviderHelper( 2082): Unknown dynamite feature providerinstaller
I/DynamiteModule( 2082): Considering local module providerinstaller:0 and remote module providerinstaller:0
W/ProviderInstaller( 2082): Failed to load providerinstaller module: No acceptable module found. Local version is 0 and remote version is 0.
I/ChromeSync( 2082): [Sync,SyncIntentOperation] Handling the intent: Intent { act=com.google.android.gms.phenotype.COMMITTED flg=0x10 pkg=com.google.android.gms cmp=com.google.android.gms/.chimera.GmsIntentOperationService (has extras) }.
I/MdiSyncModule( 2082): flag handling is skipping irrelevant intent.
W/ModuleInitIntentOp( 2082): Dropping unexpected action com.google.android.gms.phenotype.COMMITTED
D/dalvikvm( 1793): GC_EXPLICIT freed 141K, 19% free 6165K/7536K, paused 0ms+1ms, total 4ms
I/Auth    ( 1774): [AuthManaged,PasswordComplexityHelperImpl] Updating password complexity components state.
I/Auth    ( 1774): [AuthManaged,PasswordComplexityHelperImpl] Disabling com.google.android.gms.auth.managed.admin.DeviceAdminReceiver
I/Auth    ( 1774): [AuthManaged,PasswordComplexityHelperImpl] Disabling com.google.android.gms.auth.managed.ui.SetNewPasswordActivity
I/PTCommittedOperation( 1774): Receive new configuration for com.google.android.gms.clearcut.public
I/ChromeSync( 2082): [Sync,SyncIntentOperation] Handling the intent: Intent { act=com.google.android.gms.phenotype.COMMITTED flg=0x10 pkg=com.google.android.gms cmp=com.google.android.gms/.chimera.GmsIntentOperationService (has extras) }.
I/MdiSyncModule( 2082): flag handling is skipping irrelevant intent.
W/ModuleInitIntentOp( 2082): Dropping unexpected action com.google.android.gms.phenotype.COMMITTED
I/Auth    ( 1774): [AuthManaged,PasswordComplexityHelperImpl] Updating password complexity components state.
I/Auth    ( 1774): [AuthManaged,PasswordComplexityHelperImpl] Disabling com.google.android.gms.auth.managed.admin.DeviceAdminReceiver
I/ChromeSync( 2082): [Sync,SyncIntentOperation] Handling the intent: Intent { act=com.google.android.gms.phenotype.COMMITTED flg=0x10 pkg=com.google.android.gms cmp=com.google.android.gms/.chimera.GmsIntentOperationService (has extras) }.
I/Auth    ( 1774): [AuthManaged,PasswordComplexityHelperImpl] Disabling com.google.android.gms.auth.managed.ui.SetNewPasswordActivity
I/PTCommittedOperation( 1774): Receive new configuration for com.google.android.gms.fitness
W/ModuleInitIntentOp( 2082): Dropping unexpected action com.google.android.gms.phenotype.COMMITTED
I/MdiSyncModule( 2082): flag handling is skipping irrelevant intent.
D/dalvikvm( 1774): GC_FOR_ALLOC freed 2237K, 27% free 9793K/13304K, paused 12ms, total 12ms
I/Auth    ( 1774): [AuthManaged,PasswordComplexityHelperImpl] Updating password complexity components state.
I/Auth    ( 1774): [AuthManaged,PasswordComplexityHelperImpl] Disabling com.google.android.gms.auth.managed.admin.DeviceAdminReceiver
I/Auth    ( 1774): [AuthManaged,PasswordComplexityHelperImpl] Disabling com.google.android.gms.auth.managed.ui.SetNewPasswordActivity
I/PTCommittedOperation( 1774): Receive new configuration for com.google.android.gms.contextmanager
I/ChromeSync( 2082): [Sync,SyncIntentOperation] Handling the intent: Intent { act=com.google.android.gms.phenotype.COMMITTED flg=0x10 pkg=com.google.android.gms cmp=com.google.android.gms/.chimera.GmsIntentOperationService (has extras) }.
I/MdiSyncModule( 2082): flag handling is skipping irrelevant intent.
W/ModuleInitIntentOp( 2082): Dropping unexpected action com.google.android.gms.phenotype.COMMITTED
I/Auth    ( 1774): [AuthManaged,PasswordComplexityHelperImpl] Updating password complexity components state.
I/Auth    ( 1774): [AuthManaged,PasswordComplexityHelperImpl] Enabling com.google.android.gms.auth.managed.ui.SetNewPasswordActivity
I/ChromeSync( 2082): [Sync,SyncIntentOperation] Handling the intent: Intent { act=com.google.android.gms.phenotype.COMMITTED flg=0x10 pkg=com.google.android.gms cmp=com.google.android.gms/.chimera.GmsIntentOperationService (has extras) }.
I/MdiSyncModule( 2082): flag handling is skipping irrelevant intent.
W/ModuleInitIntentOp( 2082): Dropping unexpected action com.google.android.gms.phenotype.COMMITTED
I/PTCommittedOperation( 1774): Receive new configuration for com.google.android.gms.auth_managed
I/Auth    ( 1774): [AuthManaged,PasswordComplexityHelperImpl] Updating password complexity components state.
I/Auth    ( 1774): [AuthManaged,PasswordComplexityHelperImpl] Enabling com.google.android.gms.auth.managed.ui.SetNewPasswordActivity
I/ChromeSync( 2082): [Sync,SyncIntentOperation] Handling the intent: Intent { act=com.google.android.gms.phenotype.COMMITTED flg=0x10 pkg=com.google.android.gms cmp=com.google.android.gms/.chimera.GmsIntentOperationService (has extras) }.
I/MdiSyncModule( 2082): flag handling is skipping irrelevant intent.
W/ModuleInitIntentOp( 2082): Dropping unexpected action com.google.android.gms.phenotype.COMMITTED
I/PTCommittedOperation( 1774): Receive new configuration for alt.com.google.android.gms
D/dalvikvm( 1569): GC_FOR_ALLOC freed 1243K, 47% free 7957K/14820K, paused 7ms, total 7ms
I/Auth    ( 1774): [AuthManaged,PasswordComplexityHelperImpl] Updating password complexity components state.
I/Auth    ( 1774): [AuthManaged,PasswordComplexityHelperImpl] Enabling com.google.android.gms.auth.managed.ui.SetNewPasswordActivity
I/ChromeSync( 2082): [Sync,SyncIntentOperation] Handling the intent: Intent { act=com.google.android.gms.phenotype.COMMITTED flg=0x10 pkg=com.google.android.gms cmp=com.google.android.gms/.chimera.GmsIntentOperationService (has extras) }.
I/MdiSyncModule( 2082): flag handling is skipping irrelevant intent.
W/ModuleInitIntentOp( 2082): Dropping unexpected action com.google.android.gms.phenotype.COMMITTED
I/PTCommittedOperation( 1774): Receive new configuration for com.google.android.gms.measurement
D/dalvikvm( 1774): GC_FOR_ALLOC freed 2146K, 28% free 9694K/13304K, paused 11ms, total 12ms
I/Auth    ( 1774): [AuthManaged,PasswordComplexityHelperImpl] Updating password complexity components state.
I/Auth    ( 1774): [AuthManaged,PasswordComplexityHelperImpl] Enabling com.google.android.gms.auth.managed.ui.SetNewPasswordActivity
I/Auth    ( 1774): [AuthManaged,PasswordComplexityHelperImpl] Updating password complexity components state.
I/Auth    ( 1774): [AuthManaged,PasswordComplexityHelperImpl] Enabling com.google.android.gms.auth.managed.ui.SetNewPasswordActivity
D/dalvikvm( 2082): GC_FOR_ALLOC freed 1925K, 30% free 12264K/17336K, paused 16ms, total 16ms
I/ChromeSync( 2082): [Sync,SyncIntentOperation] Handling the intent: Intent { act=com.google.android.gms.phenotype.COMMITTED flg=0x10 pkg=com.google.android.gms cmp=com.google.android.gms/.chimera.GmsIntentOperationService (has extras) }.
I/MdiSyncModule( 2082): flag handling is skipping irrelevant intent.
W/ModuleInitIntentOp( 2082): Dropping unexpected action com.google.android.gms.phenotype.COMMITTED
I/ChromeSync( 2082): [Sync,SyncIntentOperation] Handling the intent: Intent { act=com.google.android.gms.phenotype.COMMITTED flg=0x10 pkg=com.google.android.gms cmp=com.google.android.gms/.chimera.GmsIntentOperationService (has extras) }.
I/MdiSyncModule( 2082): flag handling is skipping irrelevant intent.
W/ModuleInitIntentOp( 2082): Dropping unexpected action com.google.android.gms.phenotype.COMMITTED
I/PTCommittedOperation( 1774): Receive new configuration for com.google.android.gms.common.download
I/PTCommittedOperation( 1774): Receive new configuration for com.google.android.gms.vision.sdk
I/Auth    ( 1774): [AuthManaged,PasswordComplexityHelperImpl] Updating password complexity components state.
I/Auth    ( 1774): [AuthManaged,PasswordComplexityHelperImpl] Enabling com.google.android.gms.auth.managed.ui.SetNewPasswordActivity
I/PTCommittedOperation( 1774): Receive new configuration for com.google.android.gms.security
I/ChromeSync( 2082): [Sync,SyncIntentOperation] Handling the intent: Intent { act=com.google.android.gms.phenotype.COMMITTED flg=0x10 pkg=com.google.android.gms cmp=com.google.android.gms/.chimera.GmsIntentOperationService (has extras) }.
I/MdiSyncModule( 2082): flag handling is skipping irrelevant intent.
W/ModuleInitIntentOp( 2082): Dropping unexpected action com.google.android.gms.phenotype.COMMITTED
I/Auth    ( 1774): [AuthManaged,PasswordComplexityHelperImpl] Updating password complexity components state.
I/Auth    ( 1774): [AuthManaged,PasswordComplexityHelperImpl] Enabling com.google.android.gms.auth.managed.ui.SetNewPasswordActivity
I/PTCommittedOperation( 1774): Receive new configuration for com.google.android.gms.locationsharing
I/ChromeSync( 2082): [Sync,SyncIntentOperation] Handling the intent: Intent { act=com.google.android.gms.phenotype.COMMITTED flg=0x10 pkg=com.google.android.gms cmp=com.google.android.gms/.chimera.GmsIntentOperationService (has extras) }.
I/MdiSyncModule( 2082): flag handling is skipping irrelevant intent.
W/ModuleInitIntentOp( 2082): Dropping unexpected action com.google.android.gms.phenotype.COMMITTED
I/FA-SVC  ( 1774): App measurement initialized, version: 202414
I/Auth    ( 1774): [AuthManaged,PasswordComplexityHelperImpl] Updating password complexity components state.
I/Auth    ( 1774): [AuthManaged,PasswordComplexityHelperImpl] Enabling com.google.android.gms.auth.managed.ui.SetNewPasswordActivity
I/PTCommittedOperation( 1774): Receive new configuration for com.google.android.gms.panorama
I/ChromeSync( 2082): [Sync,SyncIntentOperation] Handling the intent: Intent { act=com.google.android.gms.phenotype.COMMITTED flg=0x10 pkg=com.google.android.gms cmp=com.google.android.gms/.chimera.GmsIntentOperationService (has extras) }.
I/MdiSyncModule( 2082): flag handling is skipping irrelevant intent.
W/ModuleInitIntentOp( 2082): Dropping unexpected action com.google.android.gms.phenotype.COMMITTED
D/dalvikvm( 1774): GC_FOR_ALLOC freed 1973K, 27% free 9769K/13304K, paused 10ms, total 10ms
I/Auth    ( 1774): [AuthManaged,PasswordComplexityHelperImpl] Updating password complexity components state.
I/Auth    ( 1774): [AuthManaged,PasswordComplexityHelperImpl] Enabling com.google.android.gms.auth.managed.ui.SetNewPasswordActivity
I/PTCommittedOperation( 1774): Receive new configuration for com.google.android.gms.appstate
D/dalvikvm( 2082): GC_FOR_ALLOC freed 1269K, 25% free 13043K/17336K, paused 12ms, total 12ms
I/ChromeSync( 2082): [Sync,SyncIntentOperation] Handling the intent: Intent { act=com.google.android.gms.phenotype.COMMITTED flg=0x10 pkg=com.google.android.gms cmp=com.google.android.gms/.chimera.GmsIntentOperationService (has extras) }.
I/MdiSyncModule( 2082): flag handling is skipping irrelevant intent.
W/ModuleInitIntentOp( 2082): Dropping unexpected action com.google.android.gms.phenotype.COMMITTED
W/ActivityManager( 1569): Unable to start service Intent { act=com.google.android.gms.auth.key.retrieval.service.START pkg=com.google.android.gms } U=0: not found
W/ActivityManager( 1569): Unbind failed: could not find connection for android.os.BinderProxy@9d17f0d8
E/GmsClient( 2082): unable to connect to service: com.google.android.gms.auth.key.retrieval.service.START on com.google.android.gms
I/Auth    ( 1774): [AuthManaged,PasswordComplexityHelperImpl] Updating password complexity components state.
I/Auth    ( 1774): [AuthManaged,PasswordComplexityHelperImpl] Enabling com.google.android.gms.auth.managed.ui.SetNewPasswordActivity
I/ChromeSync( 2082): [Sync,SyncIntentOperation] Handling the intent: Intent { act=com.google.android.gms.phenotype.COMMITTED flg=0x10 pkg=com.google.android.gms cmp=com.google.android.gms/.chimera.GmsIntentOperationService (has extras) }.
I/MdiSyncModule( 2082): flag handling is skipping irrelevant intent.
W/ModuleInitIntentOp( 2082): Dropping unexpected action com.google.android.gms.phenotype.COMMITTED
I/PTCommittedOperation( 1774): Receive new configuration for com.google.android.gms.octarine
I/Auth    ( 1774): [AuthManaged,PasswordComplexityHelperImpl] Updating password complexity components state.
I/Auth    ( 1774): [AuthManaged,PasswordComplexityHelperImpl] Enabling com.google.android.gms.auth.managed.ui.SetNewPasswordActivity
I/PTCommittedOperation( 1774): Receive new configuration for com.google.android.gms.googlehelp
D/dalvikvm( 2082): GC_FOR_ALLOC freed 1238K, 21% free 13852K/17336K, paused 21ms, total 21ms
I/ChromeSync( 2082): [Sync,SyncIntentOperation] Handling the intent: Intent { act=com.google.android.gms.phenotype.COMMITTED flg=0x10 pkg=com.google.android.gms cmp=com.google.android.gms/.chimera.GmsIntentOperationService (has extras) }.
E/GmsClient( 2082): unable to connect to service: com.google.android.gms.auth.key.retrieval.service.START on com.google.android.gms
W/ActivityManager( 1569): Unable to start service Intent { act=com.google.android.gms.auth.key.retrieval.service.START pkg=com.google.android.gms } U=0: not found
W/ActivityManager( 1569): Unbind failed: could not find connection for android.os.BinderProxy@9d374180
I/MdiSyncModule( 2082): flag handling is skipping irrelevant intent.
W/ModuleInitIntentOp( 2082): Dropping unexpected action com.google.android.gms.phenotype.COMMITTED
D/dalvikvm( 1774): GC_FOR_ALLOC freed 1872K, 26% free 9945K/13304K, paused 15ms, total 15ms
D/dalvikvm( 2082): GC_FOR_ALLOC freed 700K, 18% free 14370K/17336K, paused 13ms, total 13ms
I/Auth    ( 1774): [AuthManaged,PasswordComplexityHelperImpl] Updating password complexity components state.
I/Auth    ( 1774): [AuthManaged,PasswordComplexityHelperImpl] Enabling com.google.android.gms.auth.managed.ui.SetNewPasswordActivity
I/PTCommittedOperation( 1774): Receive new configuration for com.google.android.gms.chromesync
D/dalvikvm( 2082): GC_FOR_ALLOC freed 510K, 15% free 14881K/17336K, paused 16ms, total 16ms
D/dalvikvm( 2082): GC_FOR_ALLOC freed 1153K, 16% free 14576K/17336K, paused 10ms, total 10ms
I/Auth    ( 1774): [AuthManaged,PasswordComplexityHelperImpl] Updating password complexity components state.
I/Auth    ( 1774): [AuthManaged,PasswordComplexityHelperImpl] Enabling com.google.android.gms.auth.managed.ui.SetNewPasswordActivity
W/ActivityManager( 1569): Unable to start service Intent { act=com.google.android.gms.auth.key.retrieval.service.START pkg=com.google.android.gms } U=0: not found
W/ActivityManager( 1569): Unbind failed: could not find connection for android.os.BinderProxy@9d425558
E/GmsClient( 2082): unable to connect to service: com.google.android.gms.auth.key.retrieval.service.START on com.google.android.gms
I/ChromeSync( 2082): [Sync,SyncIntentOperation] Handling the intent: Intent { act=com.google.android.gms.phenotype.COMMITTED flg=0x10 pkg=com.google.android.gms cmp=com.google.android.gms/.chimera.GmsIntentOperationService (has extras) }.
I/MdiSyncModule( 2082): flag handling is skipping irrelevant intent.
I/PTCommittedOperation( 1774): Receive new configuration for com.google.android.gms.credential_manager
W/ModuleInitIntentOp( 2082): Dropping unexpected action com.google.android.gms.phenotype.COMMITTED
I/ChromeSync( 2082): [Sync,SyncIntentOperation] Handling the intent: Intent { act=com.google.android.gms.phenotype.COMMITTED flg=0x10 pkg=com.google.android.gms cmp=com.google.android.gms/.chimera.GmsIntentOperationService (has extras) }.
I/MdiSyncModule( 2082): flag handling is skipping irrelevant intent.
W/ModuleInitIntentOp( 2082): Dropping unexpected action com.google.android.gms.phenotype.COMMITTED
I/Auth    ( 1774): [AuthManaged,PasswordComplexityHelperImpl] Updating password complexity components state.
I/Auth    ( 1774): [AuthManaged,PasswordComplexityHelperImpl] Enabling com.google.android.gms.auth.managed.ui.SetNewPasswordActivity
D/dalvikvm( 2082): GC_FOR_ALLOC freed 657K, 14% free 15053K/17336K, paused 14ms, total 14ms
I/dalvikvm-heap( 2082): Grow heap (frag case) to 15.935MB for 1041154-byte allocation
I/PTCommittedOperation( 1774): Receive new configuration for com.google.android.gms.chimera_debug
D/dalvikvm( 2082): GC_FOR_ALLOC freed <1K, 13% free 16069K/18356K, paused 16ms, total 16ms
I/Auth    ( 1774): [AuthManaged,PasswordComplexityHelperImpl] Updating password complexity components state.
I/Auth    ( 1774): [AuthManaged,PasswordComplexityHelperImpl] Enabling com.google.android.gms.auth.managed.ui.SetNewPasswordActivity
D/dalvikvm( 2082): GC_FOR_ALLOC freed 512K, 16% free 15559K/18356K, paused 17ms, total 17ms
E/GmsClient( 2082): unable to connect to service: com.google.android.gms.auth.key.retrieval.service.START on com.google.android.gms
I/ChromeSync( 2082): [Sync,SyncIntentOperation] Handling the intent: Intent { act=com.google.android.gms.phenotype.COMMITTED flg=0x10 pkg=com.google.android.gms cmp=com.google.android.gms/.chimera.GmsIntentOperationService (has extras) }.
I/MdiSyncModule( 2082): flag handling is skipping irrelevant intent.
W/ModuleInitIntentOp( 2082): Dropping unexpected action com.google.android.gms.phenotype.COMMITTED
W/ActivityManager( 1569): Unable to start service Intent { act=com.google.android.gms.auth.key.retrieval.service.START pkg=com.google.android.gms } U=0: not found
W/ActivityManager( 1569): Unbind failed: could not find connection for android.os.BinderProxy@9d497790
I/PTCommittedOperation( 1774): Receive new configuration for com.google.android.gms.autofill
D/dalvikvm( 2082): GC_FOR_ALLOC freed 1406K, 17% free 15310K/18356K, paused 15ms, total 15ms
I/ChromeSync( 2082): [Sync,SyncIntentOperation] Handling the intent: Intent { act=com.google.android.gms.phenotype.COMMITTED flg=0x10 pkg=com.google.android.gms cmp=com.google.android.gms/.chimera.GmsIntentOperationService (has extras) }.
I/MdiSyncModule( 2082): flag handling is skipping irrelevant intent.
W/ModuleInitIntentOp( 2082): Dropping unexpected action com.google.android.gms.phenotype.COMMITTED
E/GmsClient( 2082): unable to connect to service: com.google.android.gms.auth.key.retrieval.service.START on com.google.android.gms
W/ActivityManager( 1569): Unable to start service Intent { act=com.google.android.gms.auth.key.retrieval.service.START pkg=com.google.android.gms } U=0: not found
W/ActivityManager( 1569): Unbind failed: could not find connection for android.os.BinderProxy@9d98f628
D/dalvikvm( 1774): GC_FOR_ALLOC freed 2165K, 27% free 9827K/13304K, paused 15ms, total 15ms
D/dalvikvm( 2082): GC_FOR_ALLOC freed 384K, 16% free 15567K/18356K, paused 16ms, total 16ms
D/dalvikvm( 2082): GC_FOR_ALLOC freed 509K, 13% free 16076K/18356K, paused 10ms, total 10ms
I/dalvikvm-heap( 2082): Grow heap (frag case) to 16.444MB for 526902-byte allocation
I/Auth    ( 1774): [AuthManaged,PasswordComplexityHelperImpl] Updating password complexity components state.
I/Auth    ( 1774): [AuthManaged,PasswordComplexityHelperImpl] Enabling com.google.android.gms.auth.managed.ui.SetNewPasswordActivity
I/PTCommittedOperation( 1774): Receive new configuration for com.google.android.gms.cast
D/dalvikvm( 2082): GC_FOR_ALLOC freed 0K, 13% free 16590K/18872K, paused 18ms, total 18ms
I/ChromeSync( 2082): [Sync,SyncIntentOperation] Handling the intent: Intent { act=com.google.android.gms.phenotype.COMMITTED flg=0x10 pkg=com.google.android.gms cmp=com.google.android.gms/.chimera.GmsIntentOperationService (has extras) }.
E/GmsClient( 2082): unable to connect to service: com.google.android.gms.auth.key.retrieval.service.START on com.google.android.gms
W/ActivityManager( 1569): Unable to start service Intent { act=com.google.android.gms.auth.key.retrieval.service.START pkg=com.google.android.gms } U=0: not found
W/ActivityManager( 1569): Unbind failed: could not find connection for android.os.BinderProxy@9d0c41d8
I/MdiSyncModule( 2082): flag handling is skipping irrelevant intent.
W/ModuleInitIntentOp( 2082): Dropping unexpected action com.google.android.gms.phenotype.COMMITTED
I/Auth    ( 1774): [AuthManaged,PasswordComplexityHelperImpl] Updating password complexity components state.
I/Auth    ( 1774): [AuthManaged,PasswordComplexityHelperImpl] Enabling com.google.android.gms.auth.managed.ui.SetNewPasswordActivity
I/ChromeSync( 2082): [Sync,SyncIntentOperation] Handling the intent: Intent { act=com.google.android.gms.phenotype.COMMITTED flg=0x10 pkg=com.google.android.gms cmp=com.google.android.gms/.chimera.GmsIntentOperationService (has extras) }.
I/PTCommittedOperation( 1774): Receive new configuration for com.google.android.gms.fido
I/MdiSyncModule( 2082): flag handling is skipping irrelevant intent.
W/ModuleInitIntentOp( 2082): Dropping unexpected action com.google.android.gms.phenotype.COMMITTED
E/dalvikvm( 1774): Could not find class 'android.security.keystore.KeyGenParameterSpec$Builder', referenced from method rwq.a
W/dalvikvm( 1774): VFY: unable to resolve new-instance 1527 (Landroid/security/keystore/KeyGenParameterSpec$Builder;) in Lrwq;
D/dalvikvm( 1774): VFY: replacing opcode 0x22 at 0x0034
D/dalvikvm( 1774): DexOpt: unable to opt direct call 0x153f at 0x37 in Lrwq;.a
E/dalvikvm( 1774): Could not find class 'android.security.keystore.KeyGenParameterSpec$Builder', referenced from method rws.a
W/dalvikvm( 1774): VFY: unable to resolve new-instance 1527 (Landroid/security/keystore/KeyGenParameterSpec$Builder;) in Lrws;
D/dalvikvm( 1774): VFY: replacing opcode 0x22 at 0x000b
D/dalvikvm( 1774): DexOpt: unable to opt direct call 0x153f at 0x12 in Lrws;.a
I/ActivityManager( 1569): Waited long enough for: ServiceRecord{9d57dc18 u0 com.google.android.calendar/com.android.calendar.alerts.InitAlarmsService}
I/Auth    ( 1774): [AuthManaged,PasswordComplexityHelperImpl] Updating password complexity components state.
I/Auth    ( 1774): [AuthManaged,PasswordComplexityHelperImpl] Enabling com.google.android.gms.auth.managed.ui.SetNewPasswordActivity
I/PTCommittedOperation( 1774): Receive new configuration for com.google.android.gms.gass
I/ChromeSync( 2082): [Sync,SyncIntentOperation] Handling the intent: Intent { act=com.google.android.gms.phenotype.COMMITTED flg=0x10 pkg=com.google.android.gms cmp=com.google.android.gms/.chimera.GmsIntentOperationService (has extras) }.
I/MdiSyncModule( 2082): flag handling is skipping irrelevant intent.
W/ModuleInitIntentOp( 2082): Dropping unexpected action com.google.android.gms.phenotype.COMMITTED
I/Auth    ( 1774): [AuthManaged,PasswordComplexityHelperImpl] Updating password complexity components state.
I/Auth    ( 1774): [AuthManaged,PasswordComplexityHelperImpl] Enabling com.google.android.gms.auth.managed.ui.SetNewPasswordActivity
I/ChromeSync( 2082): [Sync,SyncIntentOperation] Handling the intent: Intent { act=com.google.android.gms.phenotype.COMMITTED flg=0x10 pkg=com.google.android.gms cmp=com.google.android.gms/.chimera.GmsIntentOperationService (has extras) }.
I/MdiSyncModule( 2082): flag handling is skipping irrelevant intent.
I/PTCommittedOperation( 1774): Receive new configuration for com.google.android.gms.languageprofile
W/ModuleInitIntentOp( 2082): Dropping unexpected action com.google.android.gms.phenotype.COMMITTED
D/dalvikvm( 1774): GC_FOR_ALLOC freed 1971K, 26% free 9903K/13304K, paused 10ms, total 10ms
I/Auth    ( 1774): [AuthManaged,PasswordComplexityHelperImpl] Updating password complexity components state.
I/Auth    ( 1774): [AuthManaged,PasswordComplexityHelperImpl] Enabling com.google.android.gms.auth.managed.ui.SetNewPasswordActivity
I/PTCommittedOperation( 1774): Receive new configuration for com.google.android.gms.mobile_data_plan
D/dalvikvm( 2082): GC_FOR_ALLOC freed 2070K, 13% free 16568K/18888K, paused 21ms, total 21ms
I/ChromeSync( 2082): [Sync,SyncIntentOperation] Handling the intent: Intent { act=com.google.android.gms.phenotype.COMMITTED flg=0x10 pkg=com.google.android.gms cmp=com.google.android.gms/.chimera.GmsIntentOperationService (has extras) }.
E/GmsClient( 2082): unable to connect to service: com.google.android.gms.auth.key.retrieval.service.START on com.google.android.gms
I/MdiSyncModule( 2082): flag handling is skipping irrelevant intent.
W/ActivityManager( 1569): Unable to start service Intent { act=com.google.android.gms.auth.key.retrieval.service.START pkg=com.google.android.gms } U=0: not found
W/ActivityManager( 1569): Unbind failed: could not find connection for android.os.BinderProxy@9d35c6c0
W/ModuleInitIntentOp( 2082): Dropping unexpected action com.google.android.gms.phenotype.COMMITTED
I/Auth    ( 1774): [AuthManaged,PasswordComplexityHelperImpl] Updating password complexity components state.
I/Auth    ( 1774): [AuthManaged,PasswordComplexityHelperImpl] Enabling com.google.android.gms.auth.managed.ui.SetNewPasswordActivity
I/PTCommittedOperation( 1774): Receive new configuration for com.google.android.gms.contactinteractions
I/ChromeSync( 2082): [Sync,SyncIntentOperation] Handling the intent: Intent { act=com.google.android.gms.phenotype.COMMITTED flg=0x10 pkg=com.google.android.gms cmp=com.google.android.gms/.chimera.GmsIntentOperationService (has extras) }.
I/MdiSyncModule( 2082): flag handling is skipping irrelevant intent.
W/ModuleInitIntentOp( 2082): Dropping unexpected action com.google.android.gms.phenotype.COMMITTED
I/Auth    ( 1774): [AuthManaged,PasswordComplexityHelperImpl] Updating password complexity components state.
