E/AsyncOperation( 1774): 	at java.lang.Thread.run(Thread.java:841)
W/PhenotypeFlagCommitter( 2082): Committing snapshot for com.google.android.gms.people failed, retrying
W/PhenotypeFlagCommitter( 2082): java.util.concurrent.ExecutionException: mic: 29501: Stale snapshot (change count changed - expected 2  but was 1)
W/PhenotypeFlagCommitter( 2082): 	at amhe.b(:com.google.android.gms@202414005@20.24.14 (000700-319035315):5)
W/PhenotypeFlagCommitter( 2082): 	at amhe.a(:com.google.android.gms@202414005@20.24.14 (000700-319035315):23)
W/PhenotypeFlagCommitter( 2082): 	at ahgl.a(:com.google.android.gms@202414005@20.24.14 (000700-319035315):19)
W/PhenotypeFlagCommitter( 2082): 	at ahgl.a(:com.google.android.gms@202414005@20.24.14 (000700-319035315):27)
W/PhenotypeFlagCommitter( 2082): 	at ages.onHandleIntent(:com.google.android.gms@202414005@20.24.14 (000700-319035315):4)
W/PhenotypeFlagCommitter( 2082): 	at com.google.android.chimera.IntentOperation.onHandleIntent(:com.google.android.gms@202414005@20.24.14 (000700-319035315):2)
W/PhenotypeFlagCommitter( 2082): 	at ljm.onHandleIntent(:com.google.android.gms@202414005@20.24.14 (000700-319035315):4)
W/PhenotypeFlagCommitter( 2082): 	at bsh.run(:com.google.android.gms@202414005@20.24.14 (000700-319035315):5)
W/PhenotypeFlagCommitter( 2082): 	at bsg.run(:com.google.android.gms@202414005@20.24.14 (000700-319035315):10)
W/PhenotypeFlagCommitter( 2082): 	at java.util.concurrent.ThreadPoolExecutor.runWorker(ThreadPoolExecutor.java:1112)
W/PhenotypeFlagCommitter( 2082): 	at java.util.concurrent.ThreadPoolExecutor$Worker.run(ThreadPoolExecutor.java:587)
W/PhenotypeFlagCommitter( 2082): 	at java.lang.Thread.run(Thread.java:841)
W/PhenotypeFlagCommitter( 2082): Caused by: mic: 29501: Stale snapshot (change count changed - expected 2  but was 1)
W/PhenotypeFlagCommitter( 2082): 	at mnq.a(:com.google.android.gms@202414005@20.24.14 (000700-319035315):4)
W/PhenotypeFlagCommitter( 2082): 	at mnq.a(:com.google.android.gms@202414005@20.24.14 (000700-319035315):2)
W/PhenotypeFlagCommitter( 2082): 	at ahht.e(:com.google.android.gms@202414005@20.24.14 (000700-319035315):0)
W/PhenotypeFlagCommitter( 2082): 	at ahht.a(:com.google.android.gms@202414005@20.24.14 (000700-319035315):20)
W/PhenotypeFlagCommitter( 2082): 	at bne.onTransact(:com.google.android.gms@202414005@20.24.14 (000700-319035315):8)
W/PhenotypeFlagCommitter( 2082): 	at android.os.Binder.execTransact(Binder.java:404)
W/PhenotypeFlagCommitter( 2082): 	at dalvik.system.NativeStart.run(Native Method)
I/Auth    ( 1774): [AuthManaged,PasswordComplexityHelperImpl] Updating password complexity components state.
I/Auth    ( 1774): [AuthManaged,PasswordComplexityHelperImpl] Disabling com.google.android.gms.auth.managed.admin.DeviceAdminReceiver
I/Auth    ( 1774): [AuthManaged,PasswordComplexityHelperImpl] Disabling com.google.android.gms.auth.managed.ui.SetNewPasswordActivity
D/AndroidRuntime( 2842): 
D/AndroidRuntime( 2842): >>>>>> AndroidRuntime START com.android.internal.os.RuntimeInit <<<<<<
W/linker  ( 2842): libdvm.so has text relocations. This is wasting memory and is a security risk. Please fix.
D/AndroidRuntime( 2842): CheckJNI is ON
D/dalvikvm( 2842): Trying to load lib libjavacore.so 0x0
D/dalvikvm( 2842): Added shared lib libjavacore.so 0x0
D/dalvikvm( 2842): Trying to load lib libnativehelper.so 0x0
D/dalvikvm( 2842): Added shared lib libnativehelper.so 0x0
D/dalvikvm( 2842): No JNI_OnLoad found in libnativehelper.so 0x0, skipping init
D/dalvikvm( 2842): Note: class Landroid/app/ActivityManagerNative; has 179 unimplemented (abstract) methods
D/dalvikvm( 1774): GC_FOR_ALLOC freed 1684K, 27% free 9676K/13088K, paused 13ms, total 13ms
E/memtrack( 2842): Couldn't load memtrack module (No such file or directory)
E/android.os.Debug( 2842): failed to load memtrack module: -2
I/ahju    ( 1774): Scheduling Phenotype for a PhenotypeSyncImmediately(12, com.google.android.gms) one off with window [1, 2] in seconds [CONTEXT service_id=51 ]
D/AndroidRuntime( 2842): Calling main entry com.android.commands.pm.Pm
D/AndroidRuntime( 2842): Shutting down VM
D/jdwp    ( 2842): Got wake-up signal, bailing out of select
D/dalvikvm( 2842): Debugger has detached; object registry had 1 entries
I/AndroidRuntime( 2842): NOTE: attach of thread 'Binder_2' failed
I/ahlt    ( 1774): updateFromConfigurations using legacy put method [CONTEXT service_id=204 ]
I/Auth    ( 1774): [AuthManaged,PasswordComplexityHelperImpl] Updating password complexity components state.
I/Auth    ( 1774): [AuthManaged,PasswordComplexityHelperImpl] Disabling com.google.android.gms.auth.managed.admin.DeviceAdminReceiver
I/Auth    ( 1774): [AuthManaged,PasswordComplexityHelperImpl] Disabling com.google.android.gms.auth.managed.ui.SetNewPasswordActivity
E/dalvikvm( 1774): JIT code cache full
I/ChromeSync( 2082): [Sync,SyncIntentOperation] Handling the intent: Intent { act=com.google.android.gms.phenotype.COMMITTED flg=0x10 pkg=com.google.android.gms cmp=com.google.android.gms/.chimera.GmsIntentOperationService (has extras) }.
I/PTCommittedOperation( 1774): Receive new configuration for com.google.android.gms.people
I/MdiSyncModule( 2082): flag handling is skipping irrelevant intent.
W/ModuleInitIntentOp( 2082): Dropping unexpected action com.google.android.gms.phenotype.COMMITTED
W/ActivityManager( 1569): Unable to start service Intent { act=com.google.android.gms.auth.key.retrieval.service.START pkg=com.google.android.gms } U=0: not found
W/ActivityManager( 1569): Unbind failed: could not find connection for android.os.BinderProxy@9d436b40
E/GmsClient( 2082): unable to connect to service: com.google.android.gms.auth.key.retrieval.service.START on com.google.android.gms
D/dalvikvm( 1793): GC_EXPLICIT freed 271K, 19% free 6177K/7536K, paused 1ms+8ms, total 13ms
D/dalvikvm( 1774): JIT code cache reset in 0 ms (522944 bytes 1/0)
D/dalvikvm( 1774): GC_FOR_ALLOC freed 1899K, 28% free 9469K/13088K, paused 11ms, total 11ms
D/dalvikvm( 2082): GC_FOR_ALLOC freed 1511K, 31% free 12098K/17336K, paused 15ms, total 15ms
I/Auth    ( 1774): [AuthManaged,PasswordComplexityHelperImpl] Updating password complexity components state.
I/Auth    ( 1774): [AuthManaged,PasswordComplexityHelperImpl] Disabling com.google.android.gms.auth.managed.admin.DeviceAdminReceiver
I/Auth    ( 1774): [AuthManaged,PasswordComplexityHelperImpl] Disabling com.google.android.gms.auth.managed.ui.SetNewPasswordActivity
W/FsaEntryPointSwitcher( 2082): getServiceInfo failed for com.google.android.gms.people.sync.focus.ContactsSyncAdapterService
E/GmsClient( 2082): unable to connect to service: com.google.android.gms.auth.key.retrieval.service.START on com.google.android.gms
I/FsaEntryPointSwitcher( 2082): setting component enabled=1 for com.google.android.gms.people.sync.focus.ContactsSyncAdapterService
W/ActivityManager( 1569): Unable to start service Intent { act=com.google.android.gms.auth.key.retrieval.service.START pkg=com.google.android.gms } U=0: not found
W/ActivityManager( 1569): Unbind failed: could not find connection for android.os.BinderProxy@9d47cac0
I/FsaEntryPointSwitcher( 2082): Setting component enabled succeeds.
I/FsaEntryPointSwitcher( 2082): setting component enabled=2 for com.google.android.syncadapters.contacts.ContactsSyncAdapterService
I/FsaEntryPointSwitcher( 2082): Setting component enabled succeeds.
I/Auth    ( 1774): [AuthManaged,PasswordComplexityHelperImpl] Updating password complexity components state.
I/Auth    ( 1774): [AuthManaged,PasswordComplexityHelperImpl] Disabling com.google.android.gms.auth.managed.admin.DeviceAdminReceiver
I/Auth    ( 1774): [AuthManaged,PasswordComplexityHelperImpl] Disabling com.google.android.gms.auth.managed.ui.SetNewPasswordActivity
I/PTCommittedOperation( 1774): Receive new configuration for com.google.android.gms.auth_api_phone
I/ChromeSync( 2082): [Sync,SyncIntentOperation] Handling the intent: Intent { act=com.google.android.gms.phenotype.COMMITTED flg=0x10 pkg=com.google.android.gms cmp=com.google.android.gms/.chimera.GmsIntentOperationService (has extras) }.
I/MdiSyncModule( 2082): flag handling is skipping irrelevant intent.
W/ModuleInitIntentOp( 2082): Dropping unexpected action com.google.android.gms.phenotype.COMMITTED
I/ChromeSync( 2082): [Sync,SyncIntentOperation] Handling the intent: Intent { act=com.google.android.gms.phenotype.COMMITTED flg=0x10 pkg=com.google.android.gms cmp=com.google.android.gms/.chimera.GmsIntentOperationService (has extras) }.
I/MdiSyncModule( 2082): flag handling is skipping irrelevant intent.
W/ModuleInitIntentOp( 2082): Dropping unexpected action com.google.android.gms.phenotype.COMMITTED
I/PTCommittedOperation( 1774): Receive new configuration for com.google.android.gms.auth_api_proxy
I/Auth    ( 1774): [AuthManaged,PasswordComplexityHelperImpl] Updating password complexity components state.
I/Auth    ( 1774): [AuthManaged,PasswordComplexityHelperImpl] Disabling com.google.android.gms.auth.managed.admin.DeviceAdminReceiver
I/Auth    ( 1774): [AuthManaged,PasswordComplexityHelperImpl] Disabling com.google.android.gms.auth.managed.ui.SetNewPasswordActivity
I/ChromeSync( 2082): [Sync,SyncIntentOperation] Handling the intent: Intent { act=com.google.android.gms.phenotype.COMMITTED flg=0x10 pkg=com.google.android.gms cmp=com.google.android.gms/.chimera.GmsIntentOperationService (has extras) }.
I/MdiSyncModule( 2082): flag handling is skipping irrelevant intent.
W/ModuleInitIntentOp( 2082): Dropping unexpected action com.google.android.gms.phenotype.COMMITTED
D/AndroidRuntime( 2859): 
D/AndroidRuntime( 2859): >>>>>> AndroidRuntime START com.android.internal.os.RuntimeInit <<<<<<
W/linker  ( 2859): libdvm.so has text relocations. This is wasting memory and is a security risk. Please fix.
D/AndroidRuntime( 2859): CheckJNI is ON
D/dalvikvm( 2859): Trying to load lib libjavacore.so 0x0
D/dalvikvm( 2859): Added shared lib libjavacore.so 0x0
D/dalvikvm( 2859): Trying to load lib libnativehelper.so 0x0
D/dalvikvm( 2859): Added shared lib libnativehelper.so 0x0
D/dalvikvm( 2859): No JNI_OnLoad found in libnativehelper.so 0x0, skipping init
D/dalvikvm( 2859): Note: class Landroid/app/ActivityManagerNative; has 179 unimplemented (abstract) methods
I/Auth    ( 1774): [AuthManaged,PasswordComplexityHelperImpl] Updating password complexity components state.
I/Auth    ( 1774): [AuthManaged,PasswordComplexityHelperImpl] Disabling com.google.android.gms.auth.managed.admin.DeviceAdminReceiver
I/Auth    ( 1774): [AuthManaged,PasswordComplexityHelperImpl] Disabling com.google.android.gms.auth.managed.ui.SetNewPasswordActivity
I/PTCommittedOperation( 1774): Receive new configuration for com.google.android.gms.reminders
D/dalvikvm( 1774): GC_FOR_ALLOC freed 1921K, 27% free 9596K/13088K, paused 9ms, total 10ms
I/ChromeSync( 2082): [Sync,SyncIntentOperation] Handling the intent: Intent { act=com.google.android.gms.phenotype.COMMITTED flg=0x10 pkg=com.google.android.gms cmp=com.google.android.gms/.chimera.GmsIntentOperationService (has extras) }.
I/MdiSyncModule( 2082): flag handling is skipping irrelevant intent.
W/ModuleInitIntentOp( 2082): Dropping unexpected action com.google.android.gms.phenotype.COMMITTED
E/memtrack( 2859): Couldn't load memtrack module (No such file or directory)
E/android.os.Debug( 2859): failed to load memtrack module: -2
D/AndroidRuntime( 2859): Calling main entry com.android.commands.pm.Pm
D/AndroidRuntime( 2859): Shutting down VM
D/jdwp    ( 2859): Got wake-up signal, bailing out of select
D/dalvikvm( 2859): Debugger has detached; object registry had 1 entries
I/AndroidRuntime( 2859): NOTE: attach of thread 'Binder_2' failed
I/PTCommittedOperation( 1774): Receive new configuration for com.google.android.client_error_logging
I/Auth    ( 1774): [AuthManaged,PasswordComplexityHelperImpl] Updating password complexity components state.
I/Auth    ( 1774): [AuthManaged,PasswordComplexityHelperImpl] Disabling com.google.android.gms.auth.managed.admin.DeviceAdminReceiver
I/Auth    ( 1774): [AuthManaged,PasswordComplexityHelperImpl] Disabling com.google.android.gms.auth.managed.ui.SetNewPasswordActivity
I/ChromeSync( 2082): [Sync,SyncIntentOperation] Handling the intent: Intent { act=com.google.android.gms.phenotype.COMMITTED flg=0x10 pkg=com.google.android.gms cmp=com.google.android.gms/.chimera.GmsIntentOperationService (has extras) }.
I/MdiSyncModule( 2082): flag handling is skipping irrelevant intent.
W/ModuleInitIntentOp( 2082): Dropping unexpected action com.google.android.gms.phenotype.COMMITTED
I/PTCommittedOperation( 1774): Receive new configuration for com.google.android.gms.romanesco
I/Auth    ( 1774): [AuthManaged,PasswordComplexityHelperImpl] Updating password complexity components state.
I/Auth    ( 1774): [AuthManaged,PasswordComplexityHelperImpl] Disabling com.google.android.gms.auth.managed.admin.DeviceAdminReceiver
I/Auth    ( 1774): [AuthManaged,PasswordComplexityHelperImpl] Disabling com.google.android.gms.auth.managed.ui.SetNewPasswordActivity
D/dalvikvm( 1774): GC_FOR_ALLOC freed 2117K, 28% free 9526K/13088K, paused 10ms, total 10ms
I/ChromeSync( 2082): [Sync,SyncIntentOperation] Handling the intent: Intent { act=com.google.android.gms.phenotype.COMMITTED flg=0x10 pkg=com.google.android.gms cmp=com.google.android.gms/.chimera.GmsIntentOperationService (has extras) }.
I/MdiSyncModule( 2082): flag handling is skipping irrelevant intent.
I/PTCommittedOperation( 1774): Receive new configuration for com.google.android.gms.platformconfigurator
I/ChromeSync( 2082): [Sync,SyncIntentOperation] Handling the intent: Intent { act=com.google.android.gms.phenotype.COMMITTED flg=0x10 pkg=com.google.android.gms cmp=com.google.android.gms/.chimera.GmsIntentOperationService (has extras) }.
I/MdiSyncModule( 2082): flag handling is skipping irrelevant intent.
W/ModuleInitIntentOp( 2082): Dropping unexpected action com.google.android.gms.phenotype.COMMITTED
I/FsaEntryPointSwitcher( 2082): setting component enabled=1 for com.google.android.gms.people.sync.focus.ContactsSyncAdapterService
I/FsaEntryPointSwitcher( 2082): Setting component enabled succeeds.
I/FsaEntryPointSwitcher( 2082): setting component enabled=2 for com.google.android.syncadapters.contacts.ContactsSyncAdapterService
I/FsaEntryPointSwitcher( 2082): Setting component enabled succeeds.
I/PTCommittedOperation( 1774): Receive new configuration for com.google.android.gms.people
I/Auth    ( 1774): [AuthManaged,PasswordComplexityHelperImpl] Updating password complexity components state.
I/Auth    ( 1774): [AuthManaged,PasswordComplexityHelperImpl] Disabling com.google.android.gms.auth.managed.admin.DeviceAdminReceiver
I/Auth    ( 1774): [AuthManaged,PasswordComplexityHelperImpl] Disabling com.google.android.gms.auth.managed.ui.SetNewPasswordActivity
D/AndroidRuntime( 2876): 
D/AndroidRuntime( 2876): >>>>>> AndroidRuntime START com.android.internal.os.RuntimeInit <<<<<<
W/linker  ( 2876): libdvm.so has text relocations. This is wasting memory and is a security risk. Please fix.
D/AndroidRuntime( 2876): CheckJNI is ON
D/dalvikvm( 2876): Trying to load lib libjavacore.so 0x0
D/dalvikvm( 2876): Added shared lib libjavacore.so 0x0
D/dalvikvm( 2876): Trying to load lib libnativehelper.so 0x0
D/dalvikvm( 2876): Added shared lib libnativehelper.so 0x0
D/dalvikvm( 2876): No JNI_OnLoad found in libnativehelper.so 0x0, skipping init
D/dalvikvm( 2876): Note: class Landroid/app/ActivityManagerNative; has 179 unimplemented (abstract) methods
I/ChromeSync( 2082): [Sync,SyncIntentOperation] Handling the intent: Intent { act=com.google.android.gms.phenotype.COMMITTED flg=0x10 pkg=com.google.android.gms cmp=com.google.android.gms/.chimera.GmsIntentOperationService (has extras) }.
I/MdiSyncModule( 2082): flag handling is skipping irrelevant intent.
W/ModuleInitIntentOp( 2082): Dropping unexpected action com.google.android.gms.phenotype.COMMITTED
D/dalvikvm( 1774): GC_FOR_ALLOC freed 1924K, 27% free 9641K/13088K, paused 9ms, total 9ms
I/PTCommittedOperation( 1774): Receive new configuration for com.google.android.gms.accountsettings
E/memtrack( 2876): Couldn't load memtrack module (No such file or directory)
E/android.os.Debug( 2876): failed to load memtrack module: -2
D/dalvikvm( 1569): GC_FOR_ALLOC freed 1257K, 47% free 7959K/14820K, paused 9ms, total 9ms
D/AndroidRuntime( 2876): Calling main entry com.android.commands.pm.Pm
D/AndroidRuntime( 2876): Shutting down VM
D/jdwp    ( 2876): Got wake-up signal, bailing out of select
D/dalvikvm( 2876): Debugger has detached; object registry had 1 entries
I/Auth    ( 1774): [AuthManaged,PasswordComplexityHelperImpl] Updating password complexity components state.
I/Auth    ( 1774): [AuthManaged,PasswordComplexityHelperImpl] Disabling com.google.android.gms.auth.managed.admin.DeviceAdminReceiver
I/Auth    ( 1774): [AuthManaged,PasswordComplexityHelperImpl] Disabling com.google.android.gms.auth.managed.ui.SetNewPasswordActivity
I/ChromeSync( 2082): [Sync,SyncIntentOperation] Handling the intent: Intent { act=com.google.android.gms.phenotype.COMMITTED flg=0x10 pkg=com.google.android.gms cmp=com.google.android.gms/.chimera.GmsIntentOperationService (has extras) }.
I/MdiSyncModule( 2082): flag handling is skipping irrelevant intent.
W/ModuleInitIntentOp( 2082): Dropping unexpected action com.google.android.gms.phenotype.COMMITTED
I/PTCommittedOperation( 1774): Receive new configuration for com.google.android.gms.backup
I/Auth    ( 1774): [AuthManaged,PasswordComplexityHelperImpl] Updating password complexity components state.
I/Auth    ( 1774): [AuthManaged,PasswordComplexityHelperImpl] Disabling com.google.android.gms.auth.managed.admin.DeviceAdminReceiver
I/Auth    ( 1774): [AuthManaged,PasswordComplexityHelperImpl] Disabling com.google.android.gms.auth.managed.ui.SetNewPasswordActivity
I/ChromeSync( 2082): [Sync,SyncIntentOperation] Handling the intent: Intent { act=com.google.android.gms.phenotype.COMMITTED flg=0x10 pkg=com.google.android.gms cmp=com.google.android.gms/.chimera.GmsIntentOperationService (has extras) }.
D/dalvikvm( 2082): GC_FOR_ALLOC freed 2375K, 33% free 11770K/17336K, paused 14ms, total 15ms
W/ModuleInitIntentOp( 2082): Dropping unexpected action com.google.android.gms.phenotype.COMMITTED
I/MdiSyncModule( 2082): flag handling is skipping irrelevant intent.
I/PTCommittedOperation( 1774): Receive new configuration for com.google.android.gms.beacon
I/Auth    ( 1774): [AuthManaged,PasswordComplexityHelperImpl] Updating password complexity components state.
I/Auth    ( 1774): [AuthManaged,PasswordComplexityHelperImpl] Disabling com.google.android.gms.auth.managed.admin.DeviceAdminReceiver
I/Auth    ( 1774): [AuthManaged,PasswordComplexityHelperImpl] Disabling com.google.android.gms.auth.managed.ui.SetNewPasswordActivity
I/ChromeSync( 2082): [Sync,SyncIntentOperation] Handling the intent: Intent { act=com.google.android.gms.phenotype.COMMITTED flg=0x10 pkg=com.google.android.gms cmp=com.google.android.gms/.chimera.GmsIntentOperationService (has extras) }.
E/GmsClient( 2082): unable to connect to service: com.google.android.gms.auth.key.retrieval.service.START on com.google.android.gms
I/MdiSyncModule( 2082): flag handling is skipping irrelevant intent.
W/ActivityManager( 1569): Unable to start service Intent { act=com.google.android.gms.auth.key.retrieval.service.START pkg=com.google.android.gms } U=0: not found
W/ActivityManager( 1569): Unbind failed: could not find connection for android.os.BinderProxy@9d43ac10
W/ModuleInitIntentOp( 2082): Dropping unexpected action com.google.android.gms.phenotype.COMMITTED
I/PTCommittedOperation( 1774): Receive new configuration for com.google.android.gms.auth_account
D/dalvikvm( 1774): GC_FOR_ALLOC freed 2154K, 28% free 9535K/13088K, paused 8ms, total 8ms
I/Auth    ( 1774): [AuthManaged,PasswordComplexityHelperImpl] Updating password complexity components state.
I/Auth    ( 1774): [AuthManaged,PasswordComplexityHelperImpl] Disabling com.google.android.gms.auth.managed.admin.DeviceAdminReceiver
I/Auth    ( 1774): [AuthManaged,PasswordComplexityHelperImpl] Disabling com.google.android.gms.auth.managed.ui.SetNewPasswordActivity
I/ChromeSync( 2082): [Sync,SyncIntentOperation] Handling the intent: Intent { act=com.google.android.gms.phenotype.COMMITTED flg=0x10 pkg=com.google.android.gms cmp=com.google.android.gms/.chimera.GmsIntentOperationService (has extras) }.
I/MdiSyncModule( 2082): flag handling is skipping irrelevant intent.
W/ModuleInitIntentOp( 2082): Dropping unexpected action com.google.android.gms.phenotype.COMMITTED
I/PTCommittedOperation( 1774): Receive new configuration for com.google.android.gms.family
I/Auth    ( 1774): [AuthManaged,PasswordComplexityHelperImpl] Updating password complexity components state.
I/Auth    ( 1774): [AuthManaged,PasswordComplexityHelperImpl] Disabling com.google.android.gms.auth.managed.admin.DeviceAdminReceiver
I/Auth    ( 1774): [AuthManaged,PasswordComplexityHelperImpl] Disabling com.google.android.gms.auth.managed.ui.SetNewPasswordActivity
I/ChromeSync( 2082): [Sync,SyncIntentOperation] Handling the intent: Intent { act=com.google.android.gms.phenotype.COMMITTED flg=0x10 pkg=com.google.android.gms cmp=com.google.android.gms/.chimera.GmsIntentOperationService (has extras) }.
I/MdiSyncModule( 2082): flag handling is skipping irrelevant intent.
W/ModuleInitIntentOp( 2082): Dropping unexpected action com.google.android.gms.phenotype.COMMITTED
D/AndroidRuntime( 2894): 
D/AndroidRuntime( 2894): >>>>>> AndroidRuntime START com.android.internal.os.RuntimeInit <<<<<<
W/linker  ( 2894): libdvm.so has text relocations. This is wasting memory and is a security risk. Please fix.
D/AndroidRuntime( 2894): CheckJNI is ON
D/dalvikvm( 2894): Trying to load lib libjavacore.so 0x0
D/dalvikvm( 2894): Added shared lib libjavacore.so 0x0
D/dalvikvm( 2894): Trying to load lib libnativehelper.so 0x0
D/dalvikvm( 2894): Added shared lib libnativehelper.so 0x0
D/dalvikvm( 2894): No JNI_OnLoad found in libnativehelper.so 0x0, skipping init
D/dalvikvm( 2894): Note: class Landroid/app/ActivityManagerNative; has 179 unimplemented (abstract) methods
I/PTCommittedOperation( 1774): Receive new configuration for com.google.android.gms.smart_profile
E/memtrack( 2894): Couldn't load memtrack module (No such file or directory)
E/android.os.Debug( 2894): failed to load memtrack module: -2
D/AndroidRuntime( 2894): Calling main entry com.android.commands.pm.Pm
I/PackageManager( 1569): Running dexopt on: com.android.defcontainer
W/linker  ( 2917): libdvm.so has text relocations. This is wasting memory and is a security risk. Please fix.
I/ActivityManager( 1569): Start proc com.android.defcontainer for service com.android.defcontainer/.DefaultContainerService: pid=2904 uid=10003 gids={50003, 1028, 1015, 1023, 2001, 1035}
D/dalvikvm( 2917): DexOpt: load 1ms, verify+opt 1ms, 201428 bytes
I/ChromeSync( 2082): [Sync,SyncIntentOperation] Handling the intent: Intent { act=com.google.android.gms.phenotype.COMMITTED flg=0x10 pkg=com.google.android.gms cmp=com.google.android.gms/.chimera.GmsIntentOperationService (has extras) }.
I/MdiSyncModule( 2082): flag handling is skipping irrelevant intent.
I/PTCommittedOperation( 1774): Receive new configuration for com.google.android.location
W/ModuleInitIntentOp( 2082): Dropping unexpected action com.google.android.gms.phenotype.COMMITTED
I/Auth    ( 1774): [AuthManaged,PasswordComplexityHelperImpl] Updating password complexity components state.
I/Auth    ( 1774): [AuthManaged,PasswordComplexityHelperImpl] Disabling com.google.android.gms.auth.managed.admin.DeviceAdminReceiver
I/Auth    ( 1774): [AuthManaged,PasswordComplexityHelperImpl] Disabling com.google.android.gms.auth.managed.ui.SetNewPasswordActivity
W/ActivityManager( 1569): No content provider found for permission revoke: file:///data/local/tmp/AndroidRipperService.apk
W/ActivityManager( 1569): No content provider found for permission revoke: file:///data/local/tmp/AndroidRipperService.apk
I/PackageManager( 1569): Copying native libraries to /data/app-lib/vmdl2131610221
I/PackageParser( 1569): it.unina.android.ripper_service: compat added android.permission.WRITE_EXTERNAL_STORAGE android.permission.READ_PHONE_STATE
D/dalvikvm( 1774): GC_FOR_ALLOC freed 2086K, 28% free 9497K/13088K, paused 11ms, total 11ms
I/PackageManager( 1569): Running dexopt on: it.unina.android.ripper_service
W/linker  ( 2919): libdvm.so has text relocations. This is wasting memory and is a security risk. Please fix.
I/Auth    ( 1774): [AuthManaged,PasswordComplexityHelperImpl] Updating password complexity components state.
I/Auth    ( 1774): [AuthManaged,PasswordComplexityHelperImpl] Disabling com.google.android.gms.auth.managed.admin.DeviceAdminReceiver
I/Auth    ( 1774): [AuthManaged,PasswordComplexityHelperImpl] Disabling com.google.android.gms.auth.managed.ui.SetNewPasswordActivity
I/ChromeSync( 2082): [Sync,SyncIntentOperation] Handling the intent: Intent { act=com.google.android.gms.phenotype.COMMITTED flg=0x10 pkg=com.google.android.gms cmp=com.google.android.gms/.chimera.GmsIntentOperationService (has extras) }.
I/MdiSyncModule( 2082): flag handling is skipping irrelevant intent.
W/ModuleInitIntentOp( 2082): Dropping unexpected action com.google.android.gms.phenotype.COMMITTED
I/PTCommittedOperation( 1774): Receive new configuration for com.google.android.gms.growth
D/dalvikvm( 2919): DexOpt: load 7ms, verify+opt 40ms, 1117628 bytes
I/ActivityManager( 1569): Force stopping it.unina.android.ripper_service appid=10057 user=-1: update pkg
D/dalvikvm( 1569): GC_FOR_ALLOC freed 1299K, 47% free 7898K/14820K, paused 7ms, total 7ms
D/dalvikvm( 1774): GC_FOR_ALLOC freed 2077K, 28% free 9467K/13088K, paused 8ms, total 8ms
I/Auth    ( 1774): [AuthManaged,PasswordComplexityHelperImpl] Updating password complexity components state.
I/Auth    ( 1774): [AuthManaged,PasswordComplexityHelperImpl] Disabling com.google.android.gms.auth.managed.admin.DeviceAdminReceiver
I/Auth    ( 1774): [AuthManaged,PasswordComplexityHelperImpl] Disabling com.google.android.gms.auth.managed.ui.SetNewPasswordActivity
I/InputReader( 1569): Reconfiguring input devices.  changes=0x00000010
I/PackageManager( 1569):   Action: "android.intent.action.SENDTO"
I/PackageManager( 1569):   Category: "android.intent.category.DEFAULT"
I/PackageManager( 1569):   Scheme: "sms"
W/Launcher.Model( 2205): Nobody to tell about the new app.  Launcher is probably loading.
I/PackageManager( 1569): Adding preferred activity ComponentInfo{com.android.mms/com.android.mms.ui.ComposeMessageActivity} for user 0 :
D/dalvikvm( 1935): GC_FOR_ALLOC freed 1856K, 10% free 22801K/25112K, paused 11ms, total 12ms
D/dalvikvm( 1815): GC_FOR_ALLOC freed 486K, 18% free 3607K/4380K, paused 2ms, total 2ms
I/PackageManager( 1569):   Action: "android.intent.action.SENDTO"
I/PackageManager( 1569):   Category: "android.intent.category.DEFAULT"
I/PackageManager( 1569):   Scheme: "smsto"
I/PackageManager( 1569): Adding preferred activity ComponentInfo{com.android.mms/com.android.mms.ui.ComposeMessageActivity} for user 0 :
I/PackageManager( 1569):   Action: "android.intent.action.SENDTO"
I/PackageManager( 1569):   Category: "android.intent.category.DEFAULT"
I/PackageManager( 1569):   Scheme: "mms"
I/PackageManager( 1569): Adding preferred activity ComponentInfo{com.android.mms/com.android.mms.ui.ComposeMessageActivity} for user 0 :
D/BackupManagerService( 1569): Received broadcast Intent { act=android.intent.action.PACKAGE_ADDED dat=package:it.unina.android.ripper_service flg=0x4000010 (has extras) }
I/PackageManager( 1569):   Action: "android.intent.action.SENDTO"
I/PackageManager( 1569):   Category: "android.intent.category.DEFAULT"
I/PackageManager( 1569):   Scheme: "mmsto"
V/BackupManagerService( 1569): addPackageParticipantsLocked: #1
I/PackageManager( 1569): Adding preferred activity ComponentInfo{com.android.mms/com.android.mms.ui.ComposeMessageActivity} for user 0 :
I/PackageManager( 1569):   Action: "android.intent.action.SENDTO"
I/PackageManager( 1569):   Category: "android.intent.category.DEFAULT"
I/PackageManager( 1569):   Scheme: "sms"
I/PackageManager( 1569): Adding preferred activity ComponentInfo{com.android.mms/com.android.mms.ui.ComposeMessageActivity} for user 0 :
I/ChromeSync( 2082): [Sync,SyncIntentOperation] Handling the intent: Intent { act=com.google.android.gms.phenotype.COMMITTED flg=0x10 pkg=com.google.android.gms cmp=com.google.android.gms/.chimera.GmsIntentOperationService (has extras) }.
I/MdiSyncModule( 2082): flag handling is skipping irrelevant intent.
W/ModuleInitIntentOp( 2082): Dropping unexpected action com.google.android.gms.phenotype.COMMITTED
I/PTCommittedOperation( 1774): Receive new configuration for com.google.android.gms.notifications
D/dalvikvm( 1815): GC_FOR_ALLOC freed 404K, 17% free 3666K/4380K, paused 15ms, total 15ms
I/PackageManager( 1569):   Action: "android.intent.action.SENDTO"
I/PackageManager( 1569):   Category: "android.intent.category.DEFAULT"
I/PackageManager( 1569):   Scheme: "smsto"
I/PackageManager( 1569): Adding preferred activity ComponentInfo{com.android.mms/com.android.mms.ui.ComposeMessageActivity} for user 0 :
D/dalvikvm( 1569): GC_EXPLICIT freed 1226K, 47% free 7904K/14820K, paused 2ms+1ms, total 66ms
D/dalvikvm( 1569): WAIT_FOR_CONCURRENT_GC blocked 8ms
D/dalvikvm( 1569): WAIT_FOR_CONCURRENT_GC blocked 9ms
D/dalvikvm( 1569): WAIT_FOR_CONCURRENT_GC blocked 9ms
D/dalvikvm( 1569): WAIT_FOR_CONCURRENT_GC blocked 9ms
D/AndroidRuntime( 2894): Shutting down VM
D/jdwp    ( 2894): Got wake-up signal, bailing out of select
D/dalvikvm( 2894): Debugger has detached; object registry had 1 entries
I/PackageManager( 1569):   Action: "android.intent.action.SENDTO"
I/PackageManager( 1569):   Category: "android.intent.category.DEFAULT"
I/PackageManager( 1569):   Scheme: "mms"
I/PackageManager( 1569): Adding preferred activity ComponentInfo{com.android.mms/com.android.mms.ui.ComposeMessageActivity} for user 0 :
I/PackageManager( 1569):   Action: "android.intent.action.SENDTO"
I/PackageManager( 1569):   Category: "android.intent.category.DEFAULT"
I/PackageManager( 1569):   Scheme: "mmsto"
I/PackageManager( 1569): Adding preferred activity ComponentInfo{com.android.mms/com.android.mms.ui.ComposeMessageActivity} for user 0 :
D/dalvikvm( 2185): GC_FOR_ALLOC freed 484K, 17% free 3506K/4176K, paused 2ms, total 2ms
I/Icing.InternalIcingCorporaProvider( 2185): Updating corpora: A: it.unina.android.ripper_service, C: MAYBE
I/ActivityManager( 1569): Start proc com.svox.pico for broadcast com.svox.pico/.VoiceDataInstallerReceiver: pid=2924 uid=10041 gids={50041, 1028, 1015}
I/PackageManager( 1569): Running dexopt on: com.svox.pico
W/linker  ( 2937): libdvm.so has text relocations. This is wasting memory and is a security risk. Please fix.
D/dalvikvm( 1774): GC_FOR_ALLOC freed 1318K, 27% free 9657K/13088K, paused 29ms, total 30ms
I/dalvikvm-heap( 1774): Grow heap (frag case) to 9.793MB for 126004-byte allocation
D/dalvikvm( 2937): DexOpt: load 1ms, verify+opt 0ms, 225028 bytes
I/Icing   ( 2082): IndexChimeraService.getServiceInterface callingPackage=com.google.android.googlequicksearchbox componentName=null serviceId=21
D/dalvikvm( 1774): GC_FOR_ALLOC freed 88K, 27% free 9691K/13212K, paused 14ms, total 14ms
W/Icing   ( 2082): No valid account for uploading user actions
I/Icing   ( 2082): Usage reports ok 0, Failed Usage reports 0, indexed 0, rejected 0
I/Auth    ( 2082): [SupervisedAccountIntentOperation] onHandleIntent(): android.intent.action.PACKAGE_ADDED
I/ChromeSync( 2082): [Sync,SyncIntentOperation] Handling the intent: Intent { act=android.intent.action.PACKAGE_ADDED dat=package:it.unina.android.ripper_service flg=0x4000010 cmp=com.google.android.gms/.chimera.GmsIntentOperationService (has extras) }.
I/ChromeSync( 2082): [Persistence,AffiliationManager] One of affiliation or grouping data for android://KSmUCdTXmQS-j9D_O8l1jvyu41Pjn2mc5cb0Gvx1e9H1Aj4JCzHs_uTW26nbtH65K-YfijtBsQxGp-8R6k6HFg==@it.unina.android.ripper_service/ was not found. Marking affiliation data as stale...
I/dalvikvm( 2082): Could not find method java.util.Locale.toLanguageTag, referenced from method wkb.a
W/dalvikvm( 2082): VFY: unable to resolve virtual method 19297: Ljava/util/Locale;.toLanguageTag ()Ljava/lang/String;
D/dalvikvm( 2082): VFY: replacing opcode 0x6e at 0x015f
I/FontLog ( 2082): Package it.unina.android.ripper_service has no metadata [CONTEXT service_id=132 ]
W/GCM     ( 1774): Unexpected forwarded intent: Intent { act=android.intent.action.PACKAGE_ADDED dat=package:it.unina.android.ripper_service flg=0x4000010 cmp=com.google.android.gms/.chimera.PersistentIntentOperationService (has extras) }
W/GCM     ( 1774): Unexpected forwarded intent: Intent { act=android.intent.action.PACKAGE_ADDED dat=package:it.unina.android.ripper_service flg=0x4000010 cmp=com.google.android.gms/.chimera.PersistentIntentOperationService (has extras) }
I/Auth    ( 1774): [AuthManaged,PasswordComplexityHelperImpl] Updating password complexity components state.
I/Auth    ( 1774): [AuthManaged,PasswordComplexityHelperImpl] Disabling com.google.android.gms.auth.managed.admin.DeviceAdminReceiver
I/Auth    ( 1774): [AuthManaged,PasswordComplexityHelperImpl] Disabling com.google.android.gms.auth.managed.ui.SetNewPasswordActivity
I/ChromeSync( 2082): [Sync,SyncIntentOperation] Handling the intent: Intent { act=com.google.android.gms.phenotype.COMMITTED flg=0x10 pkg=com.google.android.gms cmp=com.google.android.gms/.chimera.GmsIntentOperationService (has extras) }.
I/PTCommittedOperation( 1774): Receive new configuration for com.google.android.gms.nearby
D/dalvikvm( 2082): GC_FOR_ALLOC freed 1977K, 32% free 11840K/17336K, paused 15ms, total 15ms
I/MdiSyncModule( 2082): flag handling is skipping irrelevant intent.
W/ModuleInitIntentOp( 2082): Dropping unexpected action com.google.android.gms.phenotype.COMMITTED
I/Auth    ( 1774): [AuthManaged,PasswordComplexityHelperImpl] Updating password complexity components state.
I/Auth    ( 1774): [AuthManaged,PasswordComplexityHelperImpl] Disabling com.google.android.gms.auth.managed.admin.DeviceAdminReceiver
I/Auth    ( 1774): [AuthManaged,PasswordComplexityHelperImpl] Disabling com.google.android.gms.auth.managed.ui.SetNewPasswordActivity
W/ActivityManager( 1569): Unable to start service Intent { act=com.google.android.gms.auth.key.retrieval.service.START pkg=com.google.android.gms } U=0: not found
W/ActivityManager( 1569): Unbind failed: could not find connection for android.os.BinderProxy@9d548cd0
E/GmsClient( 2082): unable to connect to service: com.google.android.gms.auth.key.retrieval.service.START on com.google.android.gms
D/AndroidRuntime( 2943): 
D/AndroidRuntime( 2943): >>>>>> AndroidRuntime START com.android.internal.os.RuntimeInit <<<<<<
W/linker  ( 2943): libdvm.so has text relocations. This is wasting memory and is a security risk. Please fix.
D/dalvikvm( 1774): GC_FOR_ALLOC freed 1628K, 24% free 10110K/13212K, paused 12ms, total 12ms
D/AndroidRuntime( 2943): CheckJNI is ON
D/dalvikvm( 2943): Trying to load lib libjavacore.so 0x0
D/dalvikvm( 2943): Added shared lib libjavacore.so 0x0
D/dalvikvm( 2943): Trying to load lib libnativehelper.so 0x0
D/dalvikvm( 2943): Added shared lib libnativehelper.so 0x0
D/dalvikvm( 2943): No JNI_OnLoad found in libnativehelper.so 0x0, skipping init
D/dalvikvm( 2943): Note: class Landroid/app/ActivityManagerNative; has 179 unimplemented (abstract) methods
D/dalvikvm( 1774): GC_FOR_ALLOC freed 711K, 25% free 9976K/13212K, paused 10ms, total 10ms
D/dalvikvm( 1774): GC_FOR_ALLOC freed 406K, 25% free 10031K/13212K, paused 10ms, total 10ms
E/memtrack( 2943): Couldn't load memtrack module (No such file or directory)
E/android.os.Debug( 2943): failed to load memtrack module: -2
D/dalvikvm( 1774): GC_FOR_ALLOC freed 96K, 24% free 10057K/13212K, paused 10ms, total 10ms
I/dalvikvm-heap( 1774): Grow heap (frag case) to 10.151MB for 92240-byte allocation
D/dalvikvm( 1774): GC_FOR_ALLOC freed 0K, 24% free 10147K/13304K, paused 11ms, total 11ms
D/AndroidRuntime( 2943): Calling main entry com.android.commands.pm.Pm
D/AndroidRuntime( 2943): Shutting down VM
D/jdwp    ( 2943): Got wake-up signal, bailing out of select
D/dalvikvm( 2943): Debugger has detached; object registry had 1 entries
I/AndroidRuntime( 2943): NOTE: attach of thread 'Binder_1' failed
D/dalvikvm( 1774): GC_FOR_ALLOC freed 664K, 27% free 9819K/13304K, paused 8ms, total 8ms
I/NearbySharing( 2082): Runtime state initialization complete. Sharing is disabled. [CONTEXT service_id=194 ]
I/ChromeSync( 2082): [Sync,SyncIntentOperation] Handling the intent: Intent { act=com.google.android.gms.phenotype.COMMITTED flg=0x10 pkg=com.google.android.gms cmp=com.google.android.gms/.chimera.GmsIntentOperationService (has extras) }.
I/MdiSyncModule( 2082): flag handling is skipping irrelevant intent.
W/ModuleInitIntentOp( 2082): Dropping unexpected action com.google.android.gms.phenotype.COMMITTED
I/PTCommittedOperation( 1774): Receive new configuration for com.google.android.gms.photos
I/Auth    ( 1774): [AuthManaged,PasswordComplexityHelperImpl] Updating password complexity components state.
I/Auth    ( 1774): [AuthManaged,PasswordComplexityHelperImpl] Disabling com.google.android.gms.auth.managed.admin.DeviceAdminReceiver
I/Auth    ( 1774): [AuthManaged,PasswordComplexityHelperImpl] Disabling com.google.android.gms.auth.managed.ui.SetNewPasswordActivity
I/ChromeSync( 2082): [Sync,SyncIntentOperation] Handling the intent: Intent { act=com.google.android.gms.phenotype.COMMITTED flg=0x10 pkg=com.google.android.gms cmp=com.google.android.gms/.chimera.GmsIntentOperationService (has extras) }.
I/MdiSyncModule( 2082): flag handling is skipping irrelevant intent.
I/PTCommittedOperation( 1774): Receive new configuration for com.google.android.gms.places
W/ModuleInitIntentOp( 2082): Dropping unexpected action com.google.android.gms.phenotype.COMMITTED
I/Auth    ( 1774): [AuthManaged,PasswordComplexityHelperImpl] Updating password complexity components state.
I/Auth    ( 1774): [AuthManaged,PasswordComplexityHelperImpl] Disabling com.google.android.gms.auth.managed.admin.DeviceAdminReceiver
I/Auth    ( 1774): [AuthManaged,PasswordComplexityHelperImpl] Disabling com.google.android.gms.auth.managed.ui.SetNewPasswordActivity
I/ChromeSync( 2082): [Sync,SyncIntentOperation] Handling the intent: Intent { act=com.google.android.gms.phenotype.COMMITTED flg=0x10 pkg=com.google.android.gms cmp=com.google.android.gms/.chimera.GmsIntentOperationService (has extras) }.
I/MdiSyncModule( 2082): flag handling is skipping irrelevant intent.
W/ModuleInitIntentOp( 2082): Dropping unexpected action com.google.android.gms.phenotype.COMMITTED
I/PTCommittedOperation( 1774): Receive new configuration for com.google.android.gms.signin
D/dalvikvm( 1569): GC_FOR_ALLOC freed 1212K, 47% free 7924K/14820K, paused 7ms, total 7ms
I/Auth    ( 1774): [AuthManaged,PasswordComplexityHelperImpl] Updating password complexity components state.
I/Auth    ( 1774): [AuthManaged,PasswordComplexityHelperImpl] Disabling com.google.android.gms.auth.managed.admin.DeviceAdminReceiver
I/Auth    ( 1774): [AuthManaged,PasswordComplexityHelperImpl] Disabling com.google.android.gms.auth.managed.ui.SetNewPasswordActivity
I/ChromeSync( 2082): [Sync,SyncIntentOperation] Handling the intent: Intent { act=com.google.android.gms.phenotype.COMMITTED flg=0x10 pkg=com.google.android.gms cmp=com.google.android.gms/.chimera.GmsIntentOperationService (has extras) }.
I/MdiSyncModule( 2082): flag handling is skipping irrelevant intent.
W/ModuleInitIntentOp( 2082): Dropping unexpected action com.google.android.gms.phenotype.COMMITTED
I/SystemUpdate( 2082): [Installation,ReceiverIntentOperation] Received intent: Intent { act=com.google.android.gms.phenotype.COMMITTED flg=0x10 pkg=com.google.android.gms cmp=com.google.android.gms/.chimera.GmsIntentOperationService (has extras) }.
D/dalvikvm( 1774): GC_FOR_ALLOC freed 2102K, 27% free 9765K/13304K, paused 9ms, total 9ms
I/PTCommittedOperation( 1774): Receive new configuration for com.google.android.gms.update
D/AndroidRuntime( 2953): 
D/AndroidRuntime( 2953): >>>>>> AndroidRuntime START com.android.internal.os.RuntimeInit <<<<<<
W/linker  ( 2953): libdvm.so has text relocations. This is wasting memory and is a security risk. Please fix.
D/AndroidRuntime( 2953): CheckJNI is ON
D/dalvikvm( 2953): Trying to load lib libjavacore.so 0x0
D/dalvikvm( 2953): Added shared lib libjavacore.so 0x0
D/dalvikvm( 2953): Trying to load lib libnativehelper.so 0x0
D/dalvikvm( 2953): Added shared lib libnativehelper.so 0x0
D/dalvikvm( 2953): No JNI_OnLoad found in libnativehelper.so 0x0, skipping init
D/dalvikvm( 2953): Note: class Landroid/app/ActivityManagerNative; has 179 unimplemented (abstract) methods
I/SystemUpdate( 2082): [Execution,InstallationEventIntentOperation] Handling event of type 2.
I/SystemUpdate( 2082): [Execution,InstallationIntentOperation] Received intent: Intent { act=com.google.android.gms.update.INSTALL_UPDATE cat=[targeted_intent_op_prefix:.update.execution.InstallationIntentOperation] cmp=com.google.android.gms/.chimera.GmsIntentOperationService }.
I/Auth    ( 1774): [AuthManaged,PasswordComplexityHelperImpl] Updating password complexity components state.
I/Auth    ( 1774): [AuthManaged,PasswordComplexityHelperImpl] Disabling com.google.android.gms.auth.managed.admin.DeviceAdminReceiver
I/Auth    ( 1774): [AuthManaged,PasswordComplexityHelperImpl] Disabling com.google.android.gms.auth.managed.ui.SetNewPasswordActivity
I/SystemUpdate( 2082): [Execution,ExecutionManager] Action finished-execution executed for 0.00 seconds.
I/Auth    ( 1774): [AuthManaged,PasswordComplexityHelperImpl] Updating password complexity components state.
I/Auth    ( 1774): [AuthManaged,PasswordComplexityHelperImpl] Disabling com.google.android.gms.auth.managed.admin.DeviceAdminReceiver
I/ChromeSync( 2082): [Sync,SyncIntentOperation] Handling the intent: Intent { act=com.google.android.gms.phenotype.COMMITTED flg=0x10 pkg=com.google.android.gms cmp=com.google.android.gms/.chimera.GmsIntentOperationService (has extras) }.
I/Auth    ( 1774): [AuthManaged,PasswordComplexityHelperImpl] Disabling com.google.android.gms.auth.managed.ui.SetNewPasswordActivity
I/MdiSyncModule( 2082): flag handling is skipping irrelevant intent.
I/PTCommittedOperation( 1774): Receive new configuration for com.google.android.gms.auth_authzen
W/ModuleInitIntentOp( 2082): Dropping unexpected action com.google.android.gms.phenotype.COMMITTED
I/ChromeSync( 2082): [Sync,SyncIntentOperation] Handling the intent: Intent { act=com.google.android.gms.phenotype.COMMITTED flg=0x10 pkg=com.google.android.gms cmp=com.google.android.gms/.chimera.GmsIntentOperationService (has extras) }.
I/Authzen ( 2082): [DeviceStateSyncManager] Device state fast sync is disabled
I/MdiSyncModule( 2082): flag handling is skipping irrelevant intent.
W/ModuleInitIntentOp( 2082): Dropping unexpected action com.google.android.gms.phenotype.COMMITTED
E/memtrack( 2953): Couldn't load memtrack module (No such file or directory)
E/android.os.Debug( 2953): failed to load memtrack module: -2
I/PTCommittedOperation( 1774): Receive new configuration for com.google.android.gms.vision
D/AndroidRuntime( 2953): Calling main entry com.android.commands.pm.Pm
D/AndroidRuntime( 2953): Shutting down VM
D/jdwp    ( 2953): Got wake-up signal, bailing out of select
D/dalvikvm( 2953): Debugger has detached; object registry had 1 entries
I/Auth    ( 1774): [AuthManaged,PasswordComplexityHelperImpl] Updating password complexity components state.
I/Auth    ( 1774): [AuthManaged,PasswordComplexityHelperImpl] Disabling com.google.android.gms.auth.managed.admin.DeviceAdminReceiver
I/ChromeSync( 2082): [Sync,SyncIntentOperation] Handling the intent: Intent { act=com.google.android.gms.phenotype.COMMITTED flg=0x10 pkg=com.google.android.gms cmp=com.google.android.gms/.chimera.GmsIntentOperationService (has extras) }.
I/MdiSyncModule( 2082): flag handling is skipping irrelevant intent.
W/ModuleInitIntentOp( 2082): Dropping unexpected action com.google.android.gms.phenotype.COMMITTED
I/Auth    ( 1774): [AuthManaged,PasswordComplexityHelperImpl] Disabling com.google.android.gms.auth.managed.ui.SetNewPasswordActivity
I/PTCommittedOperation( 1774): Receive new configuration for com.google.android.gms.wallet
D/dalvikvm( 1774): GC_FOR_ALLOC freed 2203K, 28% free 9610K/13304K, paused 8ms, total 8ms
I/Auth    ( 1774): [AuthManaged,PasswordComplexityHelperImpl] Updating password complexity components state.
I/Auth    ( 1774): [AuthManaged,PasswordComplexityHelperImpl] Disabling com.google.android.gms.auth.managed.admin.DeviceAdminReceiver
I/Auth    ( 1774): [AuthManaged,PasswordComplexityHelperImpl] Disabling com.google.android.gms.auth.managed.ui.SetNewPasswordActivity
I/ChromeSync( 2082): [Sync,SyncIntentOperation] Handling the intent: Intent { act=com.google.android.gms.phenotype.COMMITTED flg=0x10 pkg=com.google.android.gms cmp=com.google.android.gms/.chimera.GmsIntentOperationService (has extras) }.
I/PTCommittedOperation( 1774): Receive new configuration for com.google.android.gms.wearable
I/MdiSyncModule( 2082): flag handling is skipping irrelevant intent.
W/ModuleInitIntentOp( 2082): Dropping unexpected action com.google.android.gms.phenotype.COMMITTED
I/Auth    ( 1774): [AuthManaged,PasswordComplexityHelperImpl] Updating password complexity components state.
I/Auth    ( 1774): [AuthManaged,PasswordComplexityHelperImpl] Disabling com.google.android.gms.auth.managed.admin.DeviceAdminReceiver
I/Auth    ( 1774): [AuthManaged,PasswordComplexityHelperImpl] Disabling com.google.android.gms.auth.managed.ui.SetNewPasswordActivity
D/dalvikvm( 1793): GC_EXPLICIT freed 149K, 19% free 6166K/7536K, paused 0ms+1ms, total 5ms
I/ChromeSync( 2082): [Sync,SyncIntentOperation] Handling the intent: Intent { act=com.google.android.gms.phenotype.COMMITTED flg=0x10 pkg=com.google.android.gms cmp=com.google.android.gms/.chimera.GmsIntentOperationService (has extras) }.
I/MdiSyncModule( 2082): flag handling is skipping irrelevant intent.
W/ModuleInitIntentOp( 2082): Dropping unexpected action com.google.android.gms.phenotype.COMMITTED
I/PTCommittedOperation( 1774): Receive new configuration for com.google.android.gms.walletp2p.v2
I/Auth    ( 1774): [AuthManaged,PasswordComplexityHelperImpl] Updating password complexity components state.
I/Auth    ( 1774): [AuthManaged,PasswordComplexityHelperImpl] Disabling com.google.android.gms.auth.managed.admin.DeviceAdminReceiver
I/Auth    ( 1774): [AuthManaged,PasswordComplexityHelperImpl] Disabling com.google.android.gms.auth.managed.ui.SetNewPasswordActivity
I/ChromeSync( 2082): [Sync,SyncIntentOperation] Handling the intent: Intent { act=com.google.android.gms.phenotype.COMMITTED flg=0x10 pkg=com.google.android.gms cmp=com.google.android.gms/.chimera.GmsIntentOperationService (has extras) }.
I/MdiSyncModule( 2082): flag handling is skipping irrelevant intent.
I/PhoneskyRecoveryLogs( 2082): Experiments updated. Start recovery checks. [CONTEXT service_id=242 ]
W/ModuleInitIntentOp( 2082): Dropping unexpected action com.google.android.gms.phenotype.COMMITTED
I/PTCommittedOperation( 1774): Receive new configuration for com.google.android.gms.phonesky_recovery
D/AndroidRuntime( 2964): 
D/AndroidRuntime( 2964): >>>>>> AndroidRuntime START com.android.internal.os.RuntimeInit <<<<<<
W/linker  ( 2964): libdvm.so has text relocations. This is wasting memory and is a security risk. Please fix.
D/AndroidRuntime( 2964): CheckJNI is ON
D/dalvikvm( 2964): Trying to load lib libjavacore.so 0x0
D/dalvikvm( 2964): Added shared lib libjavacore.so 0x0
D/dalvikvm( 2964): Trying to load lib libnativehelper.so 0x0
D/dalvikvm( 2964): Added shared lib libnativehelper.so 0x0
D/dalvikvm( 2964): No JNI_OnLoad found in libnativehelper.so 0x0, skipping init
D/dalvikvm( 2964): Note: class Landroid/app/ActivityManagerNative; has 179 unimplemented (abstract) methods
I/Auth    ( 1774): [AuthManaged,PasswordComplexityHelperImpl] Updating password complexity components state.
I/Auth    ( 1774): [AuthManaged,PasswordComplexityHelperImpl] Disabling com.google.android.gms.auth.managed.admin.DeviceAdminReceiver
I/Auth    ( 1774): [AuthManaged,PasswordComplexityHelperImpl] Disabling com.google.android.gms.auth.managed.ui.SetNewPasswordActivity
I/PTCommittedOperation( 1774): Receive new configuration for com.google.android.gms.icing.mdd
D/dalvikvm( 2082): GC_FOR_ALLOC freed 1888K, 31% free 12000K/17336K, paused 23ms, total 23ms
E/GmsClient( 2082): unable to connect to service: com.google.android.gms.auth.key.retrieval.service.START on com.google.android.gms
I/ChromeSync( 2082): [Sync,SyncIntentOperation] Handling the intent: Intent { act=com.google.android.gms.phenotype.COMMITTED flg=0x10 pkg=com.google.android.gms cmp=com.google.android.gms/.chimera.GmsIntentOperationService (has extras) }.
I/MdiSyncModule( 2082): flag handling is skipping irrelevant intent.
W/ActivityManager( 1569): Unable to start service Intent { act=com.google.android.gms.auth.key.retrieval.service.START pkg=com.google.android.gms } U=0: not found
W/ActivityManager( 1569): Unbind failed: could not find connection for android.os.BinderProxy@9d95e960
W/ModuleInitIntentOp( 2082): Dropping unexpected action com.google.android.gms.phenotype.COMMITTED
D/dalvikvm( 1774): GC_FOR_ALLOC freed 2052K, 28% free 9606K/13304K, paused 23ms, total 23ms
E/memtrack( 2964): Couldn't load memtrack module (No such file or directory)
E/android.os.Debug( 2964): failed to load memtrack module: -2
I/Auth    ( 1774): [AuthManaged,PasswordComplexityHelperImpl] Updating password complexity components state.
I/Auth    ( 1774): [AuthManaged,PasswordComplexityHelperImpl] Disabling com.google.android.gms.auth.managed.admin.DeviceAdminReceiver
I/Auth    ( 1774): [AuthManaged,PasswordComplexityHelperImpl] Disabling com.google.android.gms.auth.managed.ui.SetNewPasswordActivity
