W/dalvikvm( 2598): Unable to resolve superclass of Lcom/google/android/gms/org/conscrypt/TrustManagerImpl; (5184)
W/dalvikvm( 2598): Link of class 'Lcom/google/android/gms/org/conscrypt/TrustManagerImpl;' failed
I/dalvikvm( 2598): Could not find method com.google.android.gms.org.conscrypt.TrustManagerImpl.setDefaultHostnameVerifier, referenced from method com.google.android.gms.org.conscrypt.Conscrypt.setDefaultHostnameVerifier
W/dalvikvm( 2598): VFY: unable to resolve static method 17882: Lcom/google/android/gms/org/conscrypt/TrustManagerImpl;.setDefaultHostnameVerifier (Lcom/google/android/gms/org/conscrypt/ConscryptHostnameVerifier;)V
D/dalvikvm( 2598): VFY: replacing opcode 0x71 at 0x0003
W/dalvikvm( 2598): Unable to resolve superclass of Lcom/google/android/gms/org/conscrypt/TrustManagerImpl; (5184)
W/dalvikvm( 2598): Link of class 'Lcom/google/android/gms/org/conscrypt/TrustManagerImpl;' failed
W/dalvikvm( 2598): VFY: unable to find class referenced in signature (Lcom/google/android/gms/org/conscrypt/TrustManagerImpl;)
W/dalvikvm( 2598): Unable to resolve superclass of Lcom/google/android/gms/org/conscrypt/TrustManagerImpl; (5184)
W/dalvikvm( 2598): Link of class 'Lcom/google/android/gms/org/conscrypt/TrustManagerImpl;' failed
I/dalvikvm( 2598): Could not find method com.google.android.gms.org.conscrypt.TrustManagerImpl.setHostnameVerifier, referenced from method com.google.android.gms.org.conscrypt.Conscrypt.setHostnameVerifier
W/dalvikvm( 2598): VFY: unable to resolve virtual method 17883: Lcom/google/android/gms/org/conscrypt/TrustManagerImpl;.setHostnameVerifier (Lcom/google/android/gms/org/conscrypt/ConscryptHostnameVerifier;)V
D/dalvikvm( 2598): VFY: replacing opcode 0x6e at 0x0004
W/dalvikvm( 2598): Unable to resolve superclass of Lcom/google/android/gms/org/conscrypt/TrustManagerImpl; (5184)
W/dalvikvm( 2598): Link of class 'Lcom/google/android/gms/org/conscrypt/TrustManagerImpl;' failed
E/dalvikvm( 2598): Could not find class 'com.google.android.gms.org.conscrypt.TrustManagerImpl', referenced from method com.google.android.gms.org.conscrypt.Conscrypt.toConscrypt
W/dalvikvm( 2598): VFY: unable to resolve check-cast 4452 (Lcom/google/android/gms/org/conscrypt/TrustManagerImpl;) in Lcom/google/android/gms/org/conscrypt/Conscrypt;
D/dalvikvm( 2598): VFY: replacing opcode 0x1f at 0x002a
D/dalvikvm( 1799): GC_EXPLICIT freed 143K, 22% free 5948K/7604K, paused 0ms+1ms, total 7ms
W/MobileDataHub( 2083): [Service] appsupload-periodic periodic task disabled
W/Icing   ( 2083): No valid account for uploading user actions
I/Icing   ( 2083): Usage reports ok 0, Failed Usage reports 0, indexed 0, rejected 0
I/NewModuleOp( 2083): Schedule LanguageProfileGcmTaskChimeraService tasks. [CONTEXT service_id=167 ]
I/LPGcmTaskChimeraService( 2083): Unscheduling sync tasks. [CONTEXT service_id=167 ]
D/dalvikvm( 2598): GC_FOR_ALLOC freed 287K, 13% free 3376K/3852K, paused 2ms, total 3ms
D/dalvikvm( 2594): DexOpt: load 60ms, verify+opt 137ms, 775212 bytes
W/Icing   ( 2083): No valid account for uploading user actions
I/Icing   ( 2083): Usage reports ok 0, Failed Usage reports 0, indexed 0, rejected 0
I/Checkin ( 2083): [EventLogChimeraService] Opted in for usage reporting: false
I/Checkin ( 2083): [EventLogChimeraService] Accumulating logs since 0
W/GCoreFlp( 1778): No location to return for getLastLocation()
I/MdiSyncModule( 2083): initializing module...
I/GmsSyncPolicyEngine( 2083): Periodic sync 3 disabled
I/MdiSyncModule( 2083): module initialization completed
D/dalvikvm( 2598): GC_FOR_ALLOC freed 134K, 9% free 3740K/4076K, paused 4ms, total 4ms
D/dalvikvm( 2083): GC_EXPLICIT freed 720K, 24% free 9764K/12776K, paused 16ms+2ms, total 38ms
D/dalvikvm( 2083): DexOpt: --- END 'DynamiteModulesA.apk' (success) ---
D/dalvikvm( 2083): DEX prep '/data/data/com.google.android.gms/app_chimera/m/00000003/DynamiteModulesA.apk': unzip in 72ms, rewrite 411ms
I/LockboxService( 1778): Completed task: true [CONTEXT service_id=26 ]
I/Ads     ( 2083): Parental control value is stale. Refreshing.
W/Ads     ( 2083): Play store is not installed or the service for parental controls is not available.
I/Ads     ( 2083): Initialized AdMob in container 20.24.14 (000700-319035315)
D/dalvikvm( 2598): GC_FOR_ALLOC freed 131K, 8% free 4088K/4440K, paused 3ms, total 3ms
I/NearbyDiscovery( 2083): FastPair: HeadsetPieceImage, grant permission files:0 [CONTEXT service_id=49 ]
W/ActivityManager( 1569): Unable to start service Intent { act=com.google.android.gms.nearby.discovery:ACTION_INIT_MESSAGES_PATH cmp=com.google.android.gms/.nearby.discovery.service.DiscoveryService } U=0: not found
I/NearbySharing( 2083): Runtime state initialization complete. Sharing is disabled. [CONTEXT service_id=194 ]
E/AsyncOperation( 1778): serviceID=51, operation=GetExperimentTokensOperationCall
E/AsyncOperation( 1778): OperationException[Status{statusCode=No config packages for log source, or config package not registered, resolution=null}]
E/AsyncOperation( 1778): 	at ahif.a(:com.google.android.gms@202414005@20.24.14 (000700-319035315):87)
E/AsyncOperation( 1778): 	at ahif.a(:com.google.android.gms@202414005@20.24.14 (000700-319035315):80)
E/AsyncOperation( 1778): 	at uun.run(:com.google.android.gms@202414005@20.24.14 (000700-319035315):9)
E/AsyncOperation( 1778): 	at bcny.run(:com.google.android.gms@202414005@20.24.14 (000700-319035315):2)
E/AsyncOperation( 1778): 	at nlp.b(:com.google.android.gms@202414005@20.24.14 (000700-319035315):12)
E/AsyncOperation( 1778): 	at nlp.run(:com.google.android.gms@202414005@20.24.14 (000700-319035315):7)
E/AsyncOperation( 1778): 	at java.util.concurrent.ThreadPoolExecutor.runWorker(ThreadPoolExecutor.java:1112)
E/AsyncOperation( 1778): 	at java.util.concurrent.ThreadPoolExecutor$Worker.run(ThreadPoolExecutor.java:587)
E/AsyncOperation( 1778): 	at nrd.run(:com.google.android.gms@202414005@20.24.14 (000700-319035315):0)
E/AsyncOperation( 1778): 	at java.lang.Thread.run(Thread.java:841)
I/dalvikvm( 2083): Could not find method android.os.PowerManager.isPowerSaveMode, referenced from method xvf.a
W/dalvikvm( 2083): VFY: unable to resolve virtual method 5368: Landroid/os/PowerManager;.isPowerSaveMode ()Z
D/dalvikvm( 2083): VFY: replacing opcode 0x6e at 0x00d8
I/DeletedNullContactsCleanup( 2083): Scheduling the service.
W/MDM     ( 2083): [169] aamr.c: Device admin action is a no-op. Action: true
D/dalvikvm( 1799): GC_EXPLICIT freed 134K, 22% free 5956K/7604K, paused 0ms+0ms, total 11ms
V/SmartDevice( 2083): [service,SmartDeviceIntentHandlers] OnUpgradeOrBootOperation got intent: Intent { act=android.intent.action.BOOT_COMPLETED flg=0x8000010 cmp=com.google.android.gms/.chimera.GmsIntentOperationService (has extras) } with flag 3
D/dalvikvm( 2598): GC_FOR_ALLOC freed 105K, 8% free 4386K/4732K, paused 8ms, total 8ms
I/BackupAndSyncValidation( 2083): Scheduling the service.
I/dalvikvm( 1778): Could not find method android.os.UserManager.getUserProfiles, referenced from method alze.a
I/ahlt    ( 1778): updateFromConfigurations using legacy put method [CONTEXT service_id=204 ]
W/dalvikvm( 1778): VFY: unable to resolve virtual method 29751: Landroid/os/UserManager;.getUserProfiles ()Ljava/util/List;
D/dalvikvm( 1778): VFY: replacing opcode 0x6e at 0x006a
I/TelephonySpam( 2083): TelephonySpamInit - On boot completed TelephonySpam module initialized
I/TelephonySpam( 2083): TelephonySpamInit - onModuleUpdated TelephonySpam module initialized
I/TelephonySpam( 2083): SpamListSync - scheduleSyncTasks
I/TelephonySpam( 2083): SpamListSync - schedulePeriodicTask
I/TelephonySpam( 2083): SpamListSync - scheduleOneTimeTask
I/PeopleInitIntentOp( 2083): Not initializing debuggability [CONTEXT service_id=5 ]
D/dalvikvm( 2598): GC_FOR_ALLOC freed 157K, 9% free 4667K/5084K, paused 5ms, total 5ms
I/Wear_Controller( 2083): Wear requires a companion app to be installed.
I/Wear_Controller( 2083): onStartup - Wear is not available on this device.
E/dalvikvm( 2598): Could not find class 'javax.net.ssl.SNIServerName', referenced from method com.google.android.gms.org.conscrypt.Platform.getSniHostnameFromParams
W/dalvikvm( 2598): VFY: unable to resolve check-cast 5160 (Ljavax/net/ssl/SNIServerName;) in Lcom/google/android/gms/org/conscrypt/Platform;
D/dalvikvm( 2598): VFY: replacing opcode 0x1f at 0x0025
E/dalvikvm( 2598): Could not find class 'javax.net.ssl.SNIHostName', referenced from method com.google.android.gms.org.conscrypt.Platform.setParametersSniHostname
W/dalvikvm( 2598): VFY: unable to resolve new-instance 5159 (Ljavax/net/ssl/SNIHostName;) in Lcom/google/android/gms/org/conscrypt/Platform;
D/dalvikvm( 2598): VFY: replacing opcode 0x22 at 0x0024
E/dalvikvm( 2598): Could not find class 'javax.net.ssl.SNIHostName', referenced from method com.google.android.gms.org.conscrypt.Platform.setParametersSniHostname
W/dalvikvm( 2598): VFY: unable to resolve new-instance 5159 (Ljavax/net/ssl/SNIHostName;) in Lcom/google/android/gms/org/conscrypt/Platform;
D/dalvikvm( 2598): VFY: replacing opcode 0x22 at 0x0024
D/dalvikvm( 2598): DexOpt: unable to opt direct call 0x52f9 at 0x2a in Lcom/google/android/gms/org/conscrypt/Platform;.setParametersSniHostname
D/dalvikvm( 2598): DexOpt: unable to opt direct call 0x52f9 at 0x2a in Lcom/google/android/gms/org/conscrypt/Platform;.setParametersSniHostname
W/DynamiteModule( 2083): Local module descriptor class for providerinstaller not found.
I/DynamiteModule( 2083): Considering local module providerinstaller:0 and remote module providerinstaller:0
W/ProviderInstaller( 2083): Failed to load providerinstaller module: No acceptable module found. Local version is 0 and remote version is 0.
D/dalvikvm( 2598): GC_FOR_ALLOC freed 305K, 11% free 4863K/5416K, paused 3ms, total 3ms
I/Ads     ( 2083): Initialized AdMob in container 20.24.14 (000700-319035315)
I/ProviderInstaller( 2598): Installed default security provider GmsCore_OpenSSL
I/dalvikvm( 1778): Could not find method android.os.UserHandle.isOwner, referenced from method ambv.a
W/dalvikvm( 1778): VFY: unable to resolve virtual method 29745: Landroid/os/UserHandle;.isOwner ()Z
D/dalvikvm( 1778): VFY: replacing opcode 0x6e at 0x000a
I/Safeboot( 2598): Checking safeboot...
I/Safeboot( 2598): Not entering safeboot; wrong process.
I/ahlt    ( 1778): updateFromConfigurations using legacy put method [CONTEXT service_id=204 ]
E/dalvikvm( 2598): Could not find class 'com.google.common.flogger.backend.google.GooglePlatform', referenced from method beui.a
W/dalvikvm( 2598): VFY: unable to resolve const-class 4605 (Lcom/google/common/flogger/backend/google/GooglePlatform;) in Lbeui;
D/dalvikvm( 2598): VFY: replacing opcode 0x1c at 0x001b
E/dalvikvm( 2083): Could not find class 'android.system.ErrnoException', referenced from method usb.b
W/dalvikvm( 2083): VFY: unable to resolve instanceof 1540 (Landroid/system/ErrnoException;) in Lusb;
D/dalvikvm( 2083): VFY: replacing opcode 0x20 at 0x0043
D/dalvikvm( 1799): GC_EXPLICIT freed 143K, 22% free 5953K/7604K, paused 0ms+0ms, total 6ms
D/dalvikvm( 2598): DexOpt: couldn't find field Landroid/content/pm/ApplicationInfo;.splitSourceDirs
W/dalvikvm( 2598): VFY: unable to resolve instance field 1475
D/dalvikvm( 2598): VFY: replacing opcode 0x54 at 0x0055
D/dalvikvm( 2598): DexOpt: couldn't find static field Landroid/os/Build;.SUPPORTED_ABIS
W/dalvikvm( 2598): VFY: unable to resolve static field 1540 (SUPPORTED_ABIS) in Landroid/os/Build;
D/dalvikvm( 2598): VFY: replacing opcode 0x62 at 0x00d1
D/dalvikvm( 2598): GC_FOR_ALLOC freed 335K, 10% free 5129K/5676K, paused 6ms, total 6ms
I/auxu    ( 2598): Primes not initialized, returning default (no-op) Primes instance which will ignore all calls. Please call Primes.initialize(...) before using any Primes API.
D/dalvikvm( 2083): GC_FOR_ALLOC freed 1498K, 20% free 10232K/12776K, paused 59ms, total 60ms
I/dalvikvm( 2598): Could not find method com.google.android.chimera.ContextThemeWrapper.createAttributionContext, referenced from method mnu.createAttributionContext
W/dalvikvm( 2598): VFY: unable to resolve virtual method 13785: Lcom/google/android/chimera/ContextThemeWrapper;.createAttributionContext (Ljava/lang/String;)Landroid/content/Context;
D/dalvikvm( 2598): VFY: replacing opcode 0x6f at 0x0002
I/dalvikvm( 2598): Could not find method android.content.ContextWrapper.createCredentialProtectedStorageContext, referenced from method mnu.createCredentialProtectedStorageContext
W/dalvikvm( 2598): VFY: unable to resolve virtual method 2508: Landroid/content/ContextWrapper;.createCredentialProtectedStorageContext ()Landroid/content/Context;
D/dalvikvm( 2598): VFY: replacing opcode 0x6f at 0x0002
I/dalvikvm( 2598): Could not find method android.content.ContextWrapper.createDeviceProtectedStorageContext, referenced from method mnu.createDeviceProtectedStorageContext
W/dalvikvm( 2598): VFY: unable to resolve virtual method 2509: Landroid/content/ContextWrapper;.createDeviceProtectedStorageContext ()Landroid/content/Context;
D/dalvikvm( 2598): VFY: replacing opcode 0x6f at 0x0002
I/dalvikvm-heap( 2083): Grow heap (frag case) to 11.148MB for 958476-byte allocation
I/dalvikvm( 2598): Could not find method android.content.Context.bindService, referenced from method uws.bindService
W/dalvikvm( 2598): VFY: unable to resolve virtual method 2453: Landroid/content/Context;.bindService (Landroid/content/Intent;ILjava/util/concurrent/Executor;Landroid/content/ServiceConnection;)Z
D/dalvikvm( 2598): VFY: replacing opcode 0x6e at 0x0018
I/dalvikvm( 2598): Could not find method android.content.Context.bindService, referenced from method uws.bindService
W/dalvikvm( 2598): VFY: unable to resolve virtual method 2453: Landroid/content/Context;.bindService (Landroid/content/Intent;ILjava/util/concurrent/Executor;Landroid/content/ServiceConnection;)Z
D/dalvikvm( 2598): VFY: replacing opcode 0x6e at 0x0030
I/dalvikvm( 2598): Could not find method android.content.Context.startForegroundService, referenced from method uws.startForegroundService
W/dalvikvm( 2598): VFY: unable to resolve virtual method 2501: Landroid/content/Context;.startForegroundService (Landroid/content/Intent;)Landroid/content/ComponentName;
D/dalvikvm( 2598): VFY: replacing opcode 0x6e at 0x001c
I/dalvikvm( 2598): Could not find method android.content.Context.startForegroundService, referenced from method uws.startForegroundService
W/dalvikvm( 2598): VFY: unable to resolve virtual method 2501: Landroid/content/Context;.startForegroundService (Landroid/content/Intent;)Landroid/content/ComponentName;
D/dalvikvm( 2598): VFY: replacing opcode 0x6e at 0x0028
I/dalvikvm( 2598): Could not find method android.os.PowerManager.isPowerSaveMode, referenced from method uwl.a
W/dalvikvm( 2598): VFY: unable to resolve virtual method 3047: Landroid/os/PowerManager;.isPowerSaveMode ()Z
D/dalvikvm( 2598): VFY: replacing opcode 0x6e at 0x0010
D/dalvikvm( 2083): GC_FOR_ALLOC freed 19K, 19% free 11148K/13716K, paused 22ms, total 22ms
D/dalvikvm( 2598): GC_FOR_ALLOC freed 415K, 11% free 5388K/6032K, paused 7ms, total 7ms
E/dalvikvm( 2598): Could not find class 'android.net.Network', referenced from method quq.a
W/dalvikvm( 2598): VFY: unable to resolve check-cast 1424 (Landroid/net/Network;) in Lquq;
D/dalvikvm( 2598): VFY: replacing opcode 0x1f at 0x0066
I/dalvikvm( 2598): Could not find method android.content.ServiceConnection.onNullBinding, referenced from method uxb.onNullBinding
W/dalvikvm( 2598): VFY: unable to resolve interface method 2566: Landroid/content/ServiceConnection;.onNullBinding (Landroid/content/ComponentName;)V
D/dalvikvm( 2598): VFY: replacing opcode 0x72 at 0x000f
I/dalvikvm( 2598): Could not find method android.net.Network.openConnection, referenced from method qsu.a
W/dalvikvm( 2598): VFY: unable to resolve virtual method 5072: Landroid/net/Network;.openConnection (Ljava/net/URL;)Ljava/net/URLConnection;
D/dalvikvm( 2598): VFY: replacing opcode 0x6e at 0x000f
I/Icing   ( 2083): Indexing done com.google.android.gms-apps
I/GCoreUlr( 1778): WorldUpdater received intent Intent { act=com.google.android.location.reporting.ACTION_UPDATE_WORLD cmp=com.google.android.gms/com.google.android.location.reporting.service.DispatchingService (has extras) } with receiverAction init
D/dalvikvm( 2598): GC_FOR_ALLOC freed 270K, 9% free 5845K/6376K, paused 6ms, total 6ms
I/FontLog ( 2083): No directory on disk newer than version 0 [CONTEXT service_id=132 ]
D/dalvikvm( 1569): GC_EXPLICIT freed 780K, 48% free 7738K/14820K, paused 1ms+2ms, total 15ms
I/MobileDataHub( 2083): Scheduling periodic tasks
W/MobileDataHub( 2083): [Service] appsupload-periodic periodic task disabled
I/dalvikvm( 2083): Could not find method android.os.PowerManager.isInteractive, referenced from method nol.a
W/dalvikvm( 2083): VFY: unable to resolve virtual method 4227: Landroid/os/PowerManager;.isInteractive ()Z
D/dalvikvm( 2083): VFY: replacing opcode 0x6e at 0x0006
I/dalvikvm( 2083): Could not find method android.os.UserManager.getUserProfiles, referenced from method alze.a
W/dalvikvm( 2083): VFY: unable to resolve virtual method 29751: Landroid/os/UserManager;.getUserProfiles ()Ljava/util/List;
D/dalvikvm( 2083): VFY: replacing opcode 0x6e at 0x006a
I/dalvikvm( 2598): Could not find method android.os.UserManager.isManagedProfile, referenced from method nmn.g
W/dalvikvm( 2598): VFY: unable to resolve virtual method 4277: Landroid/os/UserManager;.isManagedProfile ()Z
D/dalvikvm( 2598): VFY: replacing opcode 0x6e at 0x0012
I/dalvikvm( 2598): Could not find method android.app.admin.DevicePolicyManager.getAccountTypesWithManagementDisabled, referenced from method nmn.i
W/dalvikvm( 2598): VFY: unable to resolve virtual method 2586: Landroid/app/admin/DevicePolicyManager;.getAccountTypesWithManagementDisabled ()[Ljava/lang/String;
D/dalvikvm( 2598): VFY: replacing opcode 0x6e at 0x002b
I/dalvikvm( 2598): Could not find method android.accounts.AccountManager.removeAccount, referenced from method ymq.c
W/dalvikvm( 2598): VFY: unable to resolve virtual method 4165: Landroid/accounts/AccountManager;.removeAccount (Landroid/accounts/Account;Landroid/app/Activity;Landroid/accounts/AccountManagerCallback;Landroid/os/Handler;)Landroid/accounts/AccountManagerFuture;
D/dalvikvm( 2598): VFY: replacing opcode 0x6e at 0x0009
I/dalvikvm( 2598): Could not find method android.accounts.AccountManager.removeAccountExplicitly, referenced from method ymq.d
W/dalvikvm( 2598): VFY: unable to resolve virtual method 4166: Landroid/accounts/AccountManager;.removeAccountExplicitly (Landroid/accounts/Account;)Z
D/dalvikvm( 2598): VFY: replacing opcode 0x6e at 0x0008
D/dalvikvm( 1799): GC_EXPLICIT freed 134K, 22% free 5960K/7604K, paused 0ms+1ms, total 10ms
I/dalvikvm( 1778): Could not find method android.os.PowerManager.isInteractive, referenced from method ayde.a
W/dalvikvm( 1778): VFY: unable to resolve virtual method 1678: Landroid/os/PowerManager;.isInteractive ()Z
D/dalvikvm( 1778): VFY: replacing opcode 0x6e at 0x003d
D/dalvikvm( 2598): GC_FOR_ALLOC freed 257K, 8% free 6446K/6984K, paused 14ms, total 14ms
I/dalvikvm( 2598): Could not find method android.os.PowerManager.isInteractive, referenced from method nol.a
W/dalvikvm( 2598): VFY: unable to resolve virtual method 4227: Landroid/os/PowerManager;.isInteractive ()Z
D/dalvikvm( 2598): VFY: replacing opcode 0x6e at 0x0006
D/dalvikvm( 2083): GC_FOR_ALLOC freed 2571K, 26% free 10199K/13716K, paused 30ms, total 32ms
I/dalvikvm( 2598): Could not find method android.system.Os.stat, referenced from method nop.a
W/dalvikvm( 2598): VFY: unable to resolve static method 3146: Landroid/system/Os;.stat (Ljava/lang/String;)Landroid/system/StructStat;
D/dalvikvm( 2598): VFY: replacing opcode 0x71 at 0x0182
I/dalvikvm( 2083): Could not find method android.os.UserHandle.isOwner, referenced from method ambv.a
W/dalvikvm( 2083): VFY: unable to resolve virtual method 29745: Landroid/os/UserHandle;.isOwner ()Z
D/dalvikvm( 2083): VFY: replacing opcode 0x6e at 0x000a
I/Icing   ( 2083): Indexing com.google.android.gms-internal.3p:MobileApplication from com.google.android.gms
D/dalvikvm( 1778): GC_EXPLICIT freed 1515K, 19% free 8671K/10640K, paused 1ms+9ms, total 23ms
D/dalvikvm( 2083): GC_EXPLICIT freed 710K, 26% free 10182K/13716K, paused 5ms+9ms, total 25ms
I/Icing   ( 2083): MaintenanceDriver: Registering all GCM Tasks.
I/dalvikvm( 2083): Could not find method android.os.UserManager.isManagedProfile, referenced from method lbq.a
W/dalvikvm( 2083): VFY: unable to resolve virtual method 4277: Landroid/os/UserManager;.isManagedProfile ()Z
D/dalvikvm( 2083): VFY: replacing opcode 0x6e at 0x007c
D/dalvikvm( 2083): DexOpt: --- BEGIN 'DynamiteModulesC.apk' (bootstrap=0) ---
I/GCoreUlr( 1778): WorldUpdater:init: Ensuring that reporting is stopped because of reasons: (no Google accounts)
I/GCoreUlr( 1778): Unbound from all signal providers.
I/GCoreUlr( 1778): Unbound from all signal providers.
I/GCoreUlr( 1778): Stopping handler for UlrDispSvcFast
W/linker  ( 2654): libdvm.so has text relocations. This is wasting memory and is a security risk. Please fix.
E/dalvikvm( 2083): Could not find class 'android.telephony.SubscriptionManager', referenced from method lbk.a
W/dalvikvm( 2083): VFY: unable to resolve check-cast 1109 (Landroid/telephony/SubscriptionManager;) in Llbk;
D/dalvikvm( 2083): VFY: replacing opcode 0x1f at 0x0236
I/dalvikvm( 2083): Could not find method java.util.Locale.toLanguageTag, referenced from method lbk.a
W/dalvikvm( 2083): VFY: unable to resolve virtual method 43769: Ljava/util/Locale;.toLanguageTag ()Ljava/lang/String;
D/dalvikvm( 2083): VFY: replacing opcode 0x6e at 0x0025
W/dalvikvm( 2083): VFY: unable to find class referenced in signature (Landroid/telephony/SubscriptionManager;)
I/dalvikvm( 2083): Could not find method android.telephony.SubscriptionManager.getActiveSubscriptionInfoList, referenced from method lbk.a
W/dalvikvm( 2083): VFY: unable to resolve virtual method 5833: Landroid/telephony/SubscriptionManager;.getActiveSubscriptionInfoList ()Ljava/util/List;
D/dalvikvm( 2083): VFY: replacing opcode 0x74 at 0x0004
I/CheckinRequestBuilder( 2083): Checkin reason type: 5 attempt count: 1 [CONTEXT service_id=130 ]
E/WakeLock( 2083): DG:service ** IS FORCE-RELEASED ON TIMEOUT **
W/ProviderHelper( 2083): Unknown dynamite feature providerinstaller
I/DynamiteModule( 2083): Considering local module providerinstaller:0 and remote module providerinstaller:0
I/DynamiteModule( 2083): Considering local module providerinstaller:0 and remote module providerinstaller:0
W/Conscrypt( 2083): Could not set socket write timeout: java.net.SocketException: Socket closed
W/Conscrypt( 2083): 	at com.google.android.gms.org.conscrypt.Platform.setSocketWriteTimeout(:com.google.android.gms@202414005@20.24.14 (000700-319035315):2)
W/Conscrypt( 2083): 	at com.google.android.gms.org.conscrypt.ConscryptFileDescriptorSocket.setSoWriteTimeout(:com.google.android.gms@202414005@20.24.14 (000700-319035315):0)
D/dalvikvm( 2598): GC_FOR_ALLOC freed 721K, 13% free 6823K/7788K, paused 4ms, total 4ms
D/dalvikvm( 2654): DexOpt: load 12ms, verify+opt 81ms, 1684660 bytes
D/dalvikvm( 2083): DexOpt: --- END 'DynamiteModulesC.apk' (success) ---
D/dalvikvm( 2083): DEX prep '/data/data/com.google.android.gms/app_chimera/m/00000004/DynamiteModulesC.apk': unzip in 28ms, rewrite 177ms
V/SmartDevice( 2083): [service,SmartDeviceIntentHandlers] OnUpgradeOrBootOperation got intent: Intent { act=com.google.android.chimera.IntentOperation.NEW_MODULE (has extras) } with flag 12
I/ChimeraCfgMgr( 2083): Received com.google.android.chimera.IntentOperation.NEW_MODULE(1/0): 1,true
D/dalvikvm( 2598): GC_FOR_ALLOC freed 1968K, 32% free 5652K/8280K, paused 6ms, total 6ms
W/DynamiteModule( 2083): Local module descriptor class for providerinstaller not found.
W/ProviderHelper( 2083): Unknown dynamite feature providerinstaller
I/DynamiteModule( 2083): Considering local module providerinstaller:0 and remote module providerinstaller:0
D/dalvikvm( 2598): GC_FOR_ALLOC freed 187K, 31% free 5772K/8280K, paused 3ms, total 3ms
I/dalvikvm-heap( 2598): Grow heap (frag case) to 6.270MB for 475613-byte allocation
W/ProviderInstaller( 2083): Failed to load providerinstaller module: No acceptable module found. Local version is 0 and remote version is 0.
D/dalvikvm( 2598): GC_FOR_ALLOC freed 0K, 29% free 6237K/8748K, paused 3ms, total 3ms
D/dalvikvm( 2598): GC_FOR_ALLOC freed <1K, 29% free 6236K/8748K, paused 3ms, total 3ms
I/dalvikvm-heap( 2598): Grow heap (frag case) to 6.723MB for 475613-byte allocation
D/dalvikvm( 2598): GC_FOR_ALLOC freed <1K, 28% free 6701K/9216K, paused 4ms, total 4ms
D/dalvikvm( 2598): GC_FOR_ALLOC freed 940K, 37% free 5811K/9216K, paused 2ms, total 2ms
D/dalvikvm( 2598): GC_FOR_ALLOC freed 11K, 28% free 6701K/9216K, paused 3ms, total 3ms
D/dalvikvm( 2598): GC_FOR_ALLOC freed <1K, 27% free 6751K/9216K, paused 2ms, total 2ms
I/dalvikvm-heap( 2598): Grow heap (frag case) to 7.180MB for 426603-byte allocation
D/dalvikvm( 2598): GC_FOR_ALLOC freed <1K, 26% free 7168K/9636K, paused 6ms, total 6ms
D/dalvikvm( 2083): GC_EXPLICIT freed 1559K, 26% free 10261K/13716K, paused 5ms+8ms, total 25ms
D/dalvikvm( 2083): DexOpt: --- BEGIN 'GoogleCertificates.apk' (bootstrap=0) ---
D/dalvikvm( 2598): GC_FOR_ALLOC freed 1885K, 44% free 5461K/9636K, paused 3ms, total 4ms
E/dalvikvm( 2598): Could not find class 'android.net.Network', referenced from method quf.a
W/dalvikvm( 2598): VFY: unable to resolve check-cast 1424 (Landroid/net/Network;) in Lquf;
D/dalvikvm( 2598): VFY: replacing opcode 0x1f at 0x0075
D/dalvikvm( 2598): DexOpt: --- BEGIN 'the.apk' (bootstrap=0) ---
W/linker  ( 2668): libdvm.so has text relocations. This is wasting memory and is a security risk. Please fix.
W/linker  ( 2669): libdvm.so has text relocations. This is wasting memory and is a security risk. Please fix.
W/Conscrypt( 2083): Could not set socket write timeout: java.net.SocketException: Socket closed
W/Conscrypt( 2083): 	at com.google.android.gms.org.conscrypt.Platform.setSocketWriteTimeout(:com.google.android.gms@202414005@20.24.14 (000700-319035315):2)
W/Conscrypt( 2083): 	at com.google.android.gms.org.conscrypt.ConscryptFileDescriptorSocket.setSoWriteTimeout(:com.google.android.gms@202414005@20.24.14 (000700-319035315):0)
D/dalvikvm( 2669): DexOpt: load 1ms, verify+opt 2ms, 207932 bytes
D/dalvikvm( 2598): DexOpt: --- END 'the.apk' (success) ---
D/dalvikvm( 2598): DEX prep '/data/data/com.google.android.gms/app_dg_cache/0BF2C608180009C015A9E5E9AF849125E742EA2A/the.apk': unzip in 0ms, rewrite 34ms
D/dalvikvm( 2668): DexOpt: load 1ms, verify+opt 12ms, 294780 bytes
D/dalvikvm( 2083): DexOpt: --- END 'GoogleCertificates.apk' (success) ---
D/dalvikvm( 2083): DEX prep '/data/data/com.google.android.gms/app_chimera/m/00000005/GoogleCertificates.apk': unzip in 2ms, rewrite 59ms
D/dalvikvm( 1799): GC_EXPLICIT freed 155K, 22% free 5960K/7604K, paused 0ms+0ms, total 19ms
D/dalvikvm( 2598): Trying to load lib /data/data/com.google.android.gms/app_dg_cache/0BF2C608180009C015A9E5E9AF849125E742EA2A/libdCD96A5AB8310.so 0x9d1466c0
D/dalvikvm( 2598): Added shared lib /data/data/com.google.android.gms/app_dg_cache/0BF2C608180009C015A9E5E9AF849125E742EA2A/libdCD96A5AB8310.so 0x9d1466c0
W/DynamiteModule( 2083): Local module descriptor class for providerinstaller not found.
I/DynamiteModule( 2083): Considering local module providerinstaller:0 and remote module providerinstaller:0
W/ProviderInstaller( 2083): Failed to load providerinstaller module: No acceptable module found. Local version is 0 and remote version is 0.
D/dalvikvm( 2598): GC_FOR_ALLOC freed 816K, 44% free 5470K/9636K, paused 4ms, total 4ms
I/Icing   ( 2083): Indexing com.google.android.googlequicksearchbox-contacts from com.google.android.googlequicksearchbox
D/dalvikvm( 2083): GC_EXPLICIT freed 1957K, 26% free 10279K/13716K, paused 1ms+1ms, total 10ms
D/dalvikvm( 2083): DexOpt: --- BEGIN 'MapsDynamite.apk' (bootstrap=0) ---
W/linker  ( 2670): libdvm.so has text relocations. This is wasting memory and is a security risk. Please fix.
D/        ( 2598): HostConnection::get() New Host Connection established 0xb8e15060, tid 2638
D/EGL_emulation( 2598): eglCreateContext: 0xb8e164f0: maj 3 min 0 rcv 3
D/EGL_emulation( 2598): eglMakeCurrent: 0xb8e164f0: ver 3 0
E/eglCodecCommon( 2598): glUtilsParamSize: unknow param 0x00008cdf
E/eglCodecCommon( 2598): glUtilsParamSize: unknow param 0x00008824
D/dalvikvm( 2236): GC_FOR_ALLOC freed 468K, 17% free 3426K/4080K, paused 1ms, total 1ms
I/Icing   ( 2083): Indexing done com.google.android.googlequicksearchbox-contacts
I/Icing   ( 2083): Indexing done com.google.android.gms-internal.3p:MobileApplication
I/Icing   ( 2083): Indexing com.google.android.googlequicksearchbox-applications from com.google.android.googlequicksearchbox
D/EGL_emulation( 2598): eglCreateContext: 0xb8e1ea50: maj 3 min 0 rcv 3
D/EGL_emulation( 2598): eglMakeCurrent: 0xb8e1ea50: ver 3 0
E/eglCodecCommon( 2598): glUtilsParamSize: unknow param 0x00008cdf
E/eglCodecCommon( 2598): glUtilsParamSize: unknow param 0x00008824
I/Icing   ( 2083): Indexing done com.google.android.googlequicksearchbox-applications
I/Icing   ( 2083): IndexChimeraService.getServiceInterface callingPackage=com.google.android.googlequicksearchbox componentName=null serviceId=21
W/Icing.InternalIcingCorporaProvider( 2236): Application table change notification failed.
W/Icing   ( 2083): No valid account for uploading user actions
I/Icing   ( 2083): Usage reports ok 0, Failed Usage reports 0, indexed 0, rejected 0
I/Icing   ( 2083): IndexChimeraService.getServiceInterface callingPackage=com.google.android.googlequicksearchbox componentName=null serviceId=21
I/Icing   ( 2083): Indexing com.google.android.gms-apps from com.google.android.gms
I/Icing   ( 2083): Indexing done com.google.android.gms-apps
W/Icing   ( 2083): No valid account for uploading user actions
I/Icing   ( 2083): Usage reports ok 0, Failed Usage reports 0, indexed 0, rejected 0
W/Icing.InternalIcingCorporaProvider( 2236): Contacts table change notification failed.
D/AlertReceiver( 2310): onReceive: a=android.intent.action.BOOT_COMPLETED Intent { act=android.intent.action.BOOT_COMPLETED flg=0x8000010 cmp=com.google.android.calendar/com.android.calendar.alerts.AlertReceiver (has extras) }
I/ActivityManager( 1569): Resuming delayed broadcast
I/ActivityManager( 1569): Delay finish: com.google.android.calendar/com.android.calendar.alerts.AlertReceiver
D/AlertUtils( 2310): Flushing old alerts from shared prefs table
D/AlertService( 2310): 0 Action = android.intent.action.BOOT_COMPLETED
D/AlertService( 2310): Scheduling next alarm with AlarmScheduler. sEventReminderReceived: null
D/AlarmScheduler( 2310): No events found starting within 1 week.
D/dalvikvm( 2598): GC_FOR_ALLOC freed 793K, 43% free 5506K/9636K, paused 4ms, total 4ms
D/dalvikvm( 2670): DexOpt: load 25ms, verify+opt 235ms, 1867812 bytes
I/Icing   ( 2083): IndexChimeraService.getServiceInterface callingPackage=com.google.android.googlequicksearchbox componentName=null serviceId=21
W/Icing   ( 2083): No valid account for uploading user actions
I/Icing   ( 2083): Usage reports ok 0, Failed Usage reports 0, indexed 0, rejected 0
D/dalvikvm( 2083): DexOpt: --- END 'MapsDynamite.apk' (success) ---
D/dalvikvm( 2083): DEX prep '/data/data/com.google.android.gms/app_chimera/m/00000006/MapsDynamite.apk': unzip in 11ms, rewrite 307ms
D/        ( 2598): HostConnection::get() New Host Connection established 0xb8cffce0, tid 2640
D/EGL_emulation( 2598): eglCreateContext: 0xb8e39180: maj 3 min 0 rcv 3
D/EGL_emulation( 2598): eglMakeCurrent: 0xb8e39180: ver 3 0
E/eglCodecCommon( 2598): glUtilsParamSize: unknow param 0x00008cdf
E/eglCodecCommon( 2598): glUtilsParamSize: unknow param 0x00008824
W/DynamiteModule( 2083): Local module descriptor class for providerinstaller not found.
I/DynamiteModule( 2083): Considering local module providerinstaller:0 and remote module providerinstaller:0
W/ProviderInstaller( 2083): Failed to load providerinstaller module: No acceptable module found. Local version is 0 and remote version is 0.
V/AlarmClock( 2339): AlarmInitReceiver android.intent.action.BOOT_COMPLETED
I/ActivityManager( 1569): Resuming delayed broadcast
D/dalvikvm( 2339): GC_FOR_ALLOC freed 419K, 17% free 3069K/3676K, paused 2ms, total 2ms
V/AlarmClock( 2339): AlarmInitReceiver - Reset timers and clear stopwatch data
V/AlarmClock( 2339): AlarmInitReceiver - resetting volume button default
I/AlarmClock( 2339): Displaying next alarm time: ''
V/AlarmClock( 2339): AlarmInitReceiver finished
I/ActivityManager( 1569): Delay finish: com.android.email/.service.EmailUpgradeBroadcastReceiver
D/dalvikvm( 2598): GC_FOR_ALLOC freed 644K, 41% free 5697K/9636K, paused 4ms, total 4ms
I/ActivityManager( 1569): Resuming delayed broadcast
I/ActivityManager( 1569): Delay finish: com.android.email/.service.EmailBroadcastReceiver
D/EGL_emulation( 2598): eglCreateContext: 0xb8e17a60: maj 3 min 0 rcv 3
I/Email   ( 1944): Onetime initialization: 1
D/EGL_emulation( 2598): eglMakeCurrent: 0xb8e17a60: ver 3 0
E/eglCodecCommon( 2598): glUtilsParamSize: unknow param 0x00008cdf
E/eglCodecCommon( 2598): glUtilsParamSize: unknow param 0x00008824
I/Email   ( 1944): Onetime initialization: 2
I/Email   ( 1944): Onetime initialization: completed.
I/ActivityManager( 1569): Delaying start of: ServiceRecord{9d7f35e0 u0 com.android.exchange/.service.EmailSyncAdapterService}
D/dalvikvm( 2083): GC_EXPLICIT freed 801K, 21% free 10866K/13716K, paused 1ms+5ms, total 66ms
I/LauncherIconVisibilityManager( 1764): Boot has been completed
I/ActivityManager( 1569): Resuming delayed broadcast
I/ActivityManager( 1569): Delay finish: com.google.android.syncadapters.contacts/.ContactsSyncAdapterBroadcastReceiver
I/ActivityManager( 1569): Resuming delayed broadcast
D/dalvikvm( 2598): GC_FOR_ALLOC freed 439K, 38% free 5978K/9636K, paused 5ms, total 5ms
D/dalvikvm( 2598): GC_FOR_ALLOC freed 955K, 38% free 6009K/9636K, paused 4ms, total 4ms
I/LauncherIconVisibilityManager( 1764): Disable activity: ComponentInfo{com.google.android.inputmethod.latin/com.android.inputmethod.latin.setup.SetupActivity}
D/dalvikvm( 2083): DexOpt: --- BEGIN 'MeasurementDynamite.apk' (bootstrap=0) ---
I/Notifications( 2386): [ChimeBroadcastReceiver] Intent received for action [android.intent.action.BOOT_COMPLETED] package [com.google.android.play.games].
I/Notifications( 2386): [ChimeBroadcastReceiver] Validation OK for action [android.intent.action.BOOT_COMPLETED].
D/dalvikvm( 2598): GC_FOR_ALLOC freed 2K, 28% free 6945K/9636K, paused 8ms, total 8ms
I/Notifications( 2386): [ChimeBroadcastReceiver] Executing action in Service [android.intent.action.BOOT_COMPLETED].
D/dalvikvm( 2492): GC_FOR_ALLOC freed 246K, 12% free 3260K/3692K, paused 4ms, total 4ms
W/linker  ( 2688): libdvm.so has text relocations. This is wasting memory and is a security risk. Please fix.
D/dalvikvm( 1569): GC_FOR_ALLOC freed 1103K, 48% free 7825K/14820K, paused 8ms, total 9ms
I/ActivityManager( 1569): Delay finish: com.google.android.gms/.chimera.GmsIntentOperationService$PersistentInternalReceiver
E/PhenotypeRegOp( 2083): Attempting to overwrite config package for com.google.android.gms.games [CONTEXT service_id=231 ]
E/PhenotypeRegOp( 2083): Attempting to overwrite config package for com.google.android.gms.mobile_data_plan [CONTEXT service_id=231 ]
E/PhenotypeRegOp( 2083): Attempting to overwrite config package for com.google.android.gms.signin [CONTEXT service_id=231 ]
E/PhenotypeRegOp( 2083): Attempting to overwrite config package for com.google.android.gms.udc [CONTEXT service_id=231 ]
I/ActivityManager( 1569): Resuming delayed broadcast
D/dalvikvm( 1778): GC_FOR_ALLOC freed 1487K, 17% free 9103K/10840K, paused 29ms, total 29ms
D/dalvikvm( 2688): DexOpt: load 2ms, verify+opt 92ms, 584588 bytes
I/Icing.InternalIcingCorporaProvider( 2236): Updating corpora: A: com.android.email, C: MAYBE
I/ActivityManager( 1569): Delay finish: com.google.android.googlequicksearchbox/com.google.android.searchcommon.summons.icing.InternalIcingCorporaProvider$CorporaChangedReceiver
I/Fitness ( 1778): FitCleanupIntentOperation received Intent android.intent.action.PACKAGE_CHANGED [CONTEXT service_id=17 ]
I/Fitness ( 1778): OnPackageChangedOperation got intent: Intent { act=android.intent.action.PACKAGE_CHANGED dat=package:com.android.email flg=0x4000010 cmp=com.google.android.gms/.chimera.PersistentIntentOperationService (has extras) } [CONTEXT service_id=17 ]
D/dalvikvm( 2083): DexOpt: --- END 'MeasurementDynamite.apk' (success) ---
D/dalvikvm( 2083): DEX prep '/data/data/com.google.android.gms/app_chimera/m/00000007/MeasurementDynamite.apk': unzip in 7ms, rewrite 165ms
I/Icing   ( 2083): IndexChimeraService.getServiceInterface callingPackage=com.google.android.googlequicksearchbox componentName=null serviceId=21
W/Icing   ( 2083): No valid account for uploading user actions
I/Icing   ( 2083): Usage reports ok 0, Failed Usage reports 0, indexed 0, rejected 0
W/Launcher( 2254): setApplicationContext called twice! old=com.google.android.velvet.VelvetApplication@9cfd9a30 new=com.google.android.velvet.VelvetApplication@9cfd9a30
I/ActivityManager( 1569): Resuming delayed broadcast
I/Fitness ( 1778): OnPackageChangedOperation got intent: Intent { act=android.intent.action.PACKAGE_CHANGED dat=package:com.google.android.gsf flg=0x4000010 cmp=com.google.android.gms/.chimera.PersistentIntentOperationService (has extras) } [CONTEXT service_id=17 ]
I/Fitness ( 1778): FitCleanupIntentOperation received Intent android.intent.action.PACKAGE_CHANGED [CONTEXT service_id=17 ]
D/dalvikvm( 2598): GC_FOR_ALLOC freed 2600K, 42% free 5660K/9636K, paused 4ms, total 4ms
I/ActivityManager( 1569): Delay finish: com.google.android.googlequicksearchbox/com.google.android.searchcommon.summons.icing.InternalIcingCorporaProvider$CorporaChangedReceiver
I/Icing.InternalIcingCorporaProvider( 2236): Updating corpora: A: com.google.android.gsf, C: MAYBE
D/dalvikvm( 2598): DexOpt: --- BEGIN 'the.apk' (bootstrap=0) ---
W/linker  ( 2701): libdvm.so has text relocations. This is wasting memory and is a security risk. Please fix.
I/Icing   ( 2083): IndexChimeraService.getServiceInterface callingPackage=com.google.android.googlequicksearchbox componentName=null serviceId=21
D/dalvikvm( 2701): DexOpt: load 1ms, verify+opt 6ms, 207932 bytes
W/Icing   ( 2083): No valid account for uploading user actions
I/Icing   ( 2083): Usage reports ok 0, Failed Usage reports 0, indexed 0, rejected 0
I/CheckinUtil( 2083): Classify the device as Phone. [CONTEXT service_id=130 ]
D/dalvikvm( 2598): DexOpt: --- END 'the.apk' (success) ---
D/dalvikvm( 2598): DEX prep '/data/data/com.google.android.gms/app_dg_cache/332DF7A96159CC0FFEB819779627D9C94920AA73/the.apk': unzip in 0ms, rewrite 44ms
D/dalvikvm( 2598): Trying to load lib /data/data/com.google.android.gms/app_dg_cache/332DF7A96159CC0FFEB819779627D9C94920AA73/libdCD96A5AB8310.so 0x9d1e4da8
D/dalvikvm( 2598): Added shared lib /data/data/com.google.android.gms/app_dg_cache/332DF7A96159CC0FFEB819779627D9C94920AA73/libdCD96A5AB8310.so 0x9d1e4da8
W/Launcher( 2254): setApplicationContext called twice! old=com.google.android.velvet.VelvetApplication@9cfd9a30 new=com.google.android.velvet.VelvetApplication@9cfd9a30
I/ActivityManager( 1569): Resuming delayed broadcast
E/DG      ( 2598): FSC error [CONTEXT service_id=25 ]
E/DG      ( 2598): java.lang.NullPointerException
E/DG      ( 2598): 	at bnwi.a(:com.google.android.gms@202414005@20.24.14 (000700-319035315):16)
E/DG      ( 2598): 	at com.google.android.gms.droidguard.DroidGuardChimeraService.a(:com.google.android.gms@202414005@20.24.14 (000700-319035315):39)
E/DG      ( 2598): 	at com.google.android.gms.droidguard.DroidGuardChimeraService.a(:com.google.android.gms@202414005@20.24.14 (000700-319035315):71)
E/DG      ( 2598): 	at com.google.android.gms.framework.tracing.wrapper.TracingIntentService.onHandleIntent(:com.google.android.gms@202414005@20.24.14 (000700-319035315):1)
E/DG      ( 2598): 	at bpq.handleMessage(:com.google.android.gms@202414005@20.24.14 (000700-319035315):0)
E/DG      ( 2598): 	at android.os.Handler.dispatchMessage(Handler.java:102)
E/DG      ( 2598): 	at android.os.Looper.loop(Looper.java:136)
E/DG      ( 2598): 	at android.os.HandlerThread.run(HandlerThread.java:61)
I/Fitness ( 1778): OnPackageChangedOperation got intent: Intent { act=android.intent.action.PACKAGE_CHANGED dat=package:com.google.android.gms flg=0x4000010 cmp=com.google.android.gms/.chimera.PersistentIntentOperationService (has extras) } [CONTEXT service_id=17 ]
I/ActivityManager( 1569): Delay finish: com.google.android.googlequicksearchbox/com.google.android.searchcommon.summons.icing.InternalIcingCorporaProvider$CorporaChangedReceiver
I/Fitness ( 1778): FitCleanupIntentOperation received Intent android.intent.action.PACKAGE_CHANGED [CONTEXT service_id=17 ]
I/Icing.InternalIcingCorporaProvider( 2236): Updating corpora: A: com.google.android.gms, C: MAYBE
D/dalvikvm( 2083): GC_EXPLICIT freed 1135K, 17% free 11481K/13716K, paused 3ms+6ms, total 86ms
I/Icing   ( 2083): updateResources: need to parse wwx{com.google.android.gms}
I/Icing   ( 2083): IndexChimeraService.getServiceInterface callingPackage=com.google.android.googlequicksearchbox componentName=null serviceId=21
D/dalvikvm( 2083): GC_EXPLICIT freed 676K, 19% free 11126K/13716K, paused 4ms+2ms, total 39ms
E/WakeLock( 2083): DG:service ** IS FORCE-RELEASED ON TIMEOUT **
D/dalvikvm( 2083): GC_EXPLICIT freed 151K, 19% free 11118K/13716K, paused 2ms+3ms, total 36ms
W/Conscrypt( 2083): Could not set socket write timeout: java.net.SocketException: Socket closed
W/Conscrypt( 2083): 	at com.google.android.gms.org.conscrypt.Platform.setSocketWriteTimeout(:com.google.android.gms@202414005@20.24.14 (000700-319035315):2)
W/Conscrypt( 2083): 	at com.google.android.gms.org.conscrypt.ConscryptFileDescriptorSocket.setSoWriteTimeout(:com.google.android.gms@202414005@20.24.14 (000700-319035315):0)
D/dalvikvm( 2083): GC_EXPLICIT freed 163K, 20% free 11076K/13716K, paused 2ms+2ms, total 22ms
W/Icing   ( 2083): No valid account for uploading user actions
I/Icing   ( 2083): Usage reports ok 0, Failed Usage reports 0, indexed 0, rejected 0
W/Launcher( 2254): setApplicationContext called twice! old=com.google.android.velvet.VelvetApplication@9cfd9a30 new=com.google.android.velvet.VelvetApplication@9cfd9a30
I/ActivityManager( 1569): Resuming delayed broadcast
I/ActivityManager( 1569): Delay finish: com.google.android.googlequicksearchbox/com.google.android.searchcommon.summons.icing.InternalIcingCorporaProvider$CorporaChangedReceiver
I/Fitness ( 1778): OnPackageChangedOperation got intent: Intent { act=android.intent.action.PACKAGE_CHANGED dat=package:com.android.settings flg=0x4000010 cmp=com.google.android.gms/.chimera.PersistentIntentOperationService (has extras) } [CONTEXT service_id=17 ]
I/Icing.InternalIcingCorporaProvider( 2236): Updating corpora: A: com.android.settings, C: MAYBE
I/Fitness ( 1778): FitCleanupIntentOperation received Intent android.intent.action.PACKAGE_CHANGED [CONTEXT service_id=17 ]
D/dalvikvm( 2236): GC_FOR_ALLOC freed 458K, 16% free 3480K/4124K, paused 2ms, total 2ms
I/Icing   ( 2083): IndexChimeraService.getServiceInterface callingPackage=com.google.android.googlequicksearchbox componentName=null serviceId=21
W/Icing   ( 2083): No valid account for uploading user actions
I/Icing   ( 2083): Usage reports ok 0, Failed Usage reports 0, indexed 0, rejected 0
W/Conscrypt( 2083): Could not set socket write timeout: java.net.SocketException: Socket closed
D/dalvikvm( 2254): GC_FOR_ALLOC freed 300K, 14% free 3206K/3692K, paused 2ms, total 2ms
W/Launcher( 2254): setApplicationContext called twice! old=com.google.android.velvet.VelvetApplication@9cfd9a30 new=com.google.android.velvet.VelvetApplication@9cfd9a30
E/BluetoothAdapter( 1852): Bluetooth binder is null
I/ActivityManager( 1569): Resuming delayed broadcast
D/dalvikvm( 2083): GC_EXPLICIT freed 533K, 18% free 11317K/13716K, paused 3ms+6ms, total 74ms
W/Conscrypt( 2083): 	at com.google.android.gms.org.conscrypt.Platform.setSocketWriteTimeout(:com.google.android.gms@202414005@20.24.14 (000700-319035315):2)
W/Conscrypt( 2083): 	at com.google.android.gms.org.conscrypt.ConscryptFileDescriptorSocket.setSoWriteTimeout(:com.google.android.gms@202414005@20.24.14 (000700-319035315):0)
I/ActivityManager( 1569): Delay finish: com.google.android.gms/.gcm.nts.SchedulerReceiver
D/dalvikvm( 1778): GC_FOR_ALLOC freed 2211K, 22% free 8939K/11400K, paused 9ms, total 9ms
I/ActivityManager( 1569): Resuming delayed broadcast
D/dalvikvm( 2083): GC_EXPLICIT freed 208K, 18% free 11258K/13716K, paused 7ms+13ms, total 50ms
I/Icing   ( 2083): Indexing com.google.android.gms-internal.3p:MobileApplication from com.google.android.gms
D/AlertReceiver( 2310): onReceive: a=android.intent.action.PROVIDER_CHANGED Intent { act=android.intent.action.PROVIDER_CHANGED dat=content://com.android.calendar flg=0x10 cmp=com.google.android.calendar/com.android.calendar.alerts.AlertReceiver }
I/ActivityManager( 1569): Delay finish: com.google.android.calendar/com.android.calendar.alerts.AlertReceiver
D/AlertService( 2310): 0 Action = android.intent.action.PROVIDER_CHANGED
I/Icing   ( 2083): Indexing com.google.android.gms-apps from com.google.android.gms
D/dalvikvm( 2083): GC_EXPLICIT freed 187K, 18% free 11365K/13716K, paused 2ms+2ms, total 54ms
I/Icing   ( 2083): Indexing done com.google.android.gms-internal.3p:MobileApplication
I/Icing   ( 2083): Indexing done com.google.android.gms-apps
D/dalvikvm( 2083): GC_EXPLICIT freed 276K, 18% free 11253K/13716K, paused 3ms+2ms, total 30ms
I/GmsModuleFndr( 2083): Beginning GMS chimera module scan
D/dalvikvm( 2083): DexOpt: couldn't find static field Landroid/os/Build;.SUPPORTED_64_BIT_ABIS
W/dalvikvm( 2083): VFY: unable to resolve static field 1539 (SUPPORTED_64_BIT_ABIS) in Landroid/os/Build;
D/dalvikvm( 2083): VFY: replacing opcode 0x62 at 0x002c
D/dalvikvm( 2083): DexOpt: couldn't find static field Landroid/os/Build;.SUPPORTED_32_BIT_ABIS
W/dalvikvm( 2083): VFY: unable to resolve static field 1538 (SUPPORTED_32_BIT_ABIS) in Landroid/os/Build;
D/dalvikvm( 2083): VFY: replacing opcode 0x62 at 0x0032
I/ModuleSetMgr( 2083): Computing pending module set with APKs: [[AdsFdrDynamite.integ:21460000000], [Cronetdynamite:202414000700], [Dynamiteloader:202414000700], [Dynamitemodulesa:202414000000], [Dynamitemodulesc:202414000000], [Googlecertificates:202414000000], [Mapsdynamite:202414000000], [Measurementdynamite:202414000000]]
I/ModuleSetMgr( 2083): Pending container module APKs: []
I/ModuleSetMgr( 2083): Pending non-container module APKs: []
D/dalvikvm( 2083): GC_FOR_ALLOC freed 1397K, 14% free 11903K/13716K, paused 10ms, total 10ms
I/FontLog ( 2083): Updating from directory version 0 to 17 from disk [CONTEXT service_id=132 ]
D/dalvikvm( 2083): GC_FOR_ALLOC freed 1446K, 12% free 12503K/14200K, paused 8ms, total 8ms
I/CheckinResponseProcess( 2083): From server: 1518 gservices [full] [CONTEXT service_id=130 ]
I/Icing   ( 2083): Indexing com.google.android.googlequicksearchbox-applications from com.google.android.googlequicksearchbox
I/Icing   ( 2083): Indexing done com.google.android.googlequicksearchbox-applications
D/dalvikvm( 1799): GC_FOR_ALLOC freed 335K, 13% free 6638K/7604K, paused 4ms, total 4ms
I/GservicesProvider( 1799): main update completed
I/CertBlacklister( 1569): Certificate blacklist changed, updating...
I/CertBlacklister( 1569): Certificate blacklist updated
D/dalvikvm( 2083): GC_FOR_ALLOC freed 1556K, 13% free 12980K/14804K, paused 14ms, total 14ms
I/Checkin ( 2083): [CheckinRequestProcessor] CheckinNowTaskTag : Checkin Succeeded: https://android.googleapis.com/checkin (fragment #1).
D/dalvikvm( 1799): GC_EXPLICIT freed 1112K, 21% free 6064K/7604K, paused 1ms+1ms, total 5ms
D/AndroidRuntime( 2721): 
D/AndroidRuntime( 2721): >>>>>> AndroidRuntime START com.android.internal.os.RuntimeInit <<<<<<
W/linker  ( 2721): libdvm.so has text relocations. This is wasting memory and is a security risk. Please fix.
W/Launcher.Model( 2254): Nobody to tell about the new app.  Launcher is probably loading.
I/InputReader( 1569): Reconfiguring input devices.  changes=0x00000010
I/InputReader( 1569): Reconfiguring input devices.  changes=0x00000010
I/PackageManager( 1569):   Action: "android.intent.action.SENDTO"
I/PackageManager( 1569):   Category: "android.intent.category.DEFAULT"
I/PackageManager( 1569):   Scheme: "sms"
I/PackageManager( 1569): Adding preferred activity ComponentInfo{com.android.mms/com.android.mms.ui.ComposeMessageActivity} for user 0 :
W/Launcher.Model( 2254): Nobody to tell about the new app.  Launcher is probably loading.
W/Launcher.Model( 2254): Nobody to tell about the new app.  Launcher is probably loading.
I/InputReader( 1569): Reconfiguring input devices.  changes=0x00000010
I/PackageManager( 1569):   Action: "android.intent.action.SENDTO"
I/PackageManager( 1569):   Category: "android.intent.category.DEFAULT"
I/PackageManager( 1569):   Scheme: "smsto"
I/PackageManager( 1569): Adding preferred activity ComponentInfo{com.android.mms/com.android.mms.ui.ComposeMessageActivity} for user 0 :
W/Launcher.Model( 2254): Nobody to tell about the new app.  Launcher is probably loading.
D/dalvikvm( 1834): GC_FOR_ALLOC freed 491K, 16% free 3667K/4356K, paused 3ms, total 3ms
I/PackageManager( 1569):   Action: "android.intent.action.SENDTO"
I/PackageManager( 1569):   Category: "android.intent.category.DEFAULT"
I/PackageManager( 1569):   Scheme: "mms"
D/AndroidRuntime( 2721): CheckJNI is ON
I/PackageManager( 1569): Adding preferred activity ComponentInfo{com.android.mms/com.android.mms.ui.ComposeMessageActivity} for user 0 :
D/dalvikvm( 2721): Trying to load lib libjavacore.so 0x0
D/dalvikvm( 2721): Added shared lib libjavacore.so 0x0
D/dalvikvm( 1569): GC_FOR_ALLOC freed 1088K, 47% free 7944K/14820K, paused 8ms, total 15ms
D/dalvikvm( 2721): Trying to load lib libnativehelper.so 0x0
