I/PackageManager( 1569): Adding preferred activity ComponentInfo{com.android.mms/com.android.mms.ui.ComposeMessageActivity} for user 0 :
I/PackageManager( 1569):   Action: "android.intent.action.SENDTO"
I/PackageManager( 1569):   Category: "android.intent.category.DEFAULT"
I/PackageManager( 1569):   Scheme: "sms"
I/PackageManager( 1569): Adding preferred activity ComponentInfo{com.android.mms/com.android.mms.ui.ComposeMessageActivity} for user 0 :
I/PackageManager( 1569):   Action: "android.intent.action.SENDTO"
I/PackageManager( 1569):   Category: "android.intent.category.DEFAULT"
I/PackageManager( 1569):   Scheme: "smsto"
I/PackageManager( 1569): Adding preferred activity ComponentInfo{com.android.mms/com.android.mms.ui.ComposeMessageActivity} for user 0 :
D/dalvikvm( 1834): GC_FOR_ALLOC freed 374K, 17% free 3647K/4356K, paused 2ms, total 2ms
I/PackageManager( 1569):   Action: "android.intent.action.SENDTO"
I/PackageManager( 1569):   Category: "android.intent.category.DEFAULT"
I/PackageManager( 1569):   Scheme: "mms"
I/PackageManager( 1569): Adding preferred activity ComponentInfo{com.android.mms/com.android.mms.ui.ComposeMessageActivity} for user 0 :
D/dalvikvm( 1569): GC_FOR_ALLOC freed 1136K, 50% free 7483K/14820K, paused 11ms, total 13ms
I/PackageManager( 1569):   Action: "android.intent.action.SENDTO"
I/PackageManager( 1569):   Category: "android.intent.category.DEFAULT"
I/PackageManager( 1569):   Scheme: "mmsto"
I/PackageManager( 1569): Adding preferred activity ComponentInfo{com.android.mms/com.android.mms.ui.ComposeMessageActivity} for user 0 :
D/dalvikvm( 1569): GC_FOR_ALLOC freed 1165K, 50% free 7445K/14820K, paused 9ms, total 10ms
D/dalvikvm( 2326): DexOpt: load 37ms, verify+opt 121ms, 1896332 bytes
D/dalvikvm( 2083): GC_FOR_ALLOC freed 1506K, 19% free 7351K/9060K, paused 13ms, total 14ms
D/dalvikvm( 1569): GC_FOR_ALLOC freed 1103K, 50% free 7460K/14820K, paused 15ms, total 15ms
I/ahju    ( 1778): Scheduling Phenotype for a PhenotypeSyncImmediately(6, com.google.android.gms.people) one off with window [1, 2] in seconds [CONTEXT service_id=51 ]
I/GCoreUlr( 1778): Unbound from all signal providers.
I/GCoreUlr( 1778): Stopping handler for UlrDispSvcFast
I/ActivityManager( 1569): Start proc com.android.deskclock for broadcast com.android.deskclock/.AlarmInitReceiver: pid=2339 uid=10022 gids={50022, 1028}
I/PackageManager( 1569): Running dexopt on: com.android.deskclock
I/ActivityManager( 1569): Start proc com.android.providers.calendar for content provider com.android.providers.calendar/.CalendarProvider2: pid=2350 uid=10001 gids={50001, 3003, 1028, 1015}
W/linker  ( 2366): libdvm.so has text relocations. This is wasting memory and is a security risk. Please fix.
D/dalvikvm( 1569): GC_FOR_ALLOC freed 1087K, 50% free 7494K/14820K, paused 18ms, total 24ms
I/CalendarDatabaseHelper( 2350): Bootstrapping database
D/dalvikvm( 2083): GC_FOR_ALLOC freed 1391K, 19% free 7401K/9060K, paused 13ms, total 21ms
D/dalvikvm( 2366): DexOpt: load 13ms, verify+opt 45ms, 1099492 bytes
D/dalvikvm( 1569): GC_FOR_ALLOC freed 1132K, 50% free 7491K/14820K, paused 7ms, total 7ms
I/CalendarProvider2( 2350): Created com.android.providers.calendar.CalendarAlarmManager@9cff99f8(com.android.providers.calendar.CalendarProvider2@9cfe5f88)
V/AlarmClock( 2339): AlarmInitReceiver android.intent.action.TIMEZONE_CHANGED
D/dalvikvm( 1778): GC_FOR_ALLOC freed 1084K, 16% free 7475K/8808K, paused 9ms, total 10ms
I/ahju    ( 1778): Scheduling Phenotype for a PhenotypeSyncImmediately(6, com.google.android.gms.people.ui) one off with window [1, 2] in seconds [CONTEXT service_id=51 ]
I/ahgs    ( 1778): No Heterodyne serving version in database [CONTEXT service_id=51 ]
I/ActivityManager( 1569): Start proc com.google.android.gms.ui for service com.google.android.gms/.chimera.UiIntentOperationService: pid=2372 uid=10007 gids={50007, 3003, 1007, 1028, 1015, 3002, 3001, 3007, 2001, 3006}
D/dalvikvm( 1569): GC_FOR_ALLOC freed 1113K, 50% free 7506K/14820K, paused 12ms, total 13ms
I/Wear_Controller( 2083): Wear requires a companion app to be installed.
I/Wear_Controller( 2083): onStartup - Wear is not available on this device.
I/AlarmClock( 2339): Alarms Table created
I/AlarmClock( 2339): Instance table created
I/AlarmClock( 2339): Cities table created
I/AlarmClock( 2339): Inserting default alarms
W/dalvikvm( 2372): VFY: unable to resolve static field 1608 (PR_SET_DUMPABLE) in Landroid/system/OsConstants;
D/dalvikvm( 2372): VFY: replacing opcode 0x60 at 0x0017
W/dalvikvm( 2372): VFY: unable to find class referenced in signature (Lyqx;)
I/AlarmClock( 2339): Displaying next alarm time: ''
W/dalvikvm( 2372): VFY: unable to find class referenced in signature (Lyro;)
V/AlarmClock( 2339): AlarmInitReceiver finished
W/BackupManagerService( 1569): dataChanged but no participant pkg='com.android.providers.settings' uid=10022
I/PackageManager( 1569): Running dexopt on: com.google.android.play.games
W/linker  ( 2401): libdvm.so has text relocations. This is wasting memory and is a security risk. Please fix.
I/ActivityManager( 1569): Start proc com.google.android.play.games for broadcast com.google.android.play.games/com.google.android.libraries.notifications.entrypoints.timezonechanged.TimezoneChangedReceiver: pid=2386 uid=10043 gids={50043, 3003}
D/dalvikvm( 1569): GC_FOR_ALLOC freed 1150K, 50% free 7488K/14820K, paused 8ms, total 8ms
D/dalvikvm( 1569): GC_FOR_ALLOC freed 1131K, 50% free 7485K/14820K, paused 10ms, total 10ms
D/dalvikvm( 1569): GC_FOR_ALLOC freed 1127K, 50% free 7484K/14820K, paused 7ms, total 7ms
D/dalvikvm( 1569): GC_FOR_ALLOC freed 1127K, 50% free 7485K/14820K, paused 8ms, total 8ms
D/dalvikvm( 1569): GC_FOR_ALLOC freed 1127K, 50% free 7485K/14820K, paused 8ms, total 8ms
D/dalvikvm( 1569): GC_FOR_ALLOC freed 1127K, 50% free 7485K/14820K, paused 10ms, total 10ms
D/dalvikvm( 1569): GC_FOR_ALLOC freed 1127K, 50% free 7485K/14820K, paused 8ms, total 8ms
E/cutils-trace( 2401): Error opening trace file: Permission denied (13)
D/dalvikvm( 2401): GC_FOR_ALLOC freed 16K, 1% free 2030K/2048K, paused 1ms, total 1ms
D/dalvikvm( 1569): GC_FOR_ALLOC freed 1127K, 50% free 7485K/14820K, paused 8ms, total 8ms
D/dalvikvm( 2401): DexOpt: couldn't find static field Landroid/view/View;.TRANSLATION_Z
D/dalvikvm( 1569): GC_FOR_ALLOC freed 1127K, 50% free 7485K/14820K, paused 9ms, total 9ms
D/dalvikvm( 1569): GC_FOR_ALLOC freed 1128K, 50% free 7485K/14820K, paused 7ms, total 7ms
D/dalvikvm( 2401): DexOpt: couldn't find static field Landroid/graphics/Bitmap$Config;.HARDWARE
D/dalvikvm( 2401): DexOpt: couldn't find static field Landroid/graphics/Bitmap$Config;.RGBA_F16
D/dalvikvm( 2401): DexOpt: couldn't find static field Landroid/graphics/Bitmap$Config;.HARDWARE
D/dalvikvm( 2401): DexOpt: couldn't find static field Landroid/graphics/Bitmap$Config;.RGBA_F16
D/dalvikvm( 2401): DexOpt: couldn't find static field Landroid/graphics/Bitmap$Config;.RGBA_F16
D/dalvikvm( 1569): GC_FOR_ALLOC freed 1127K, 50% free 7486K/14820K, paused 11ms, total 11ms
D/dalvikvm( 1569): GC_FOR_ALLOC freed 1128K, 50% free 7486K/14820K, paused 9ms, total 9ms
D/dalvikvm( 2401): DexOpt: couldn't find field Landroid/content/pm/ApplicationInfo;.category
D/dalvikvm( 2401): DexOpt: couldn't find field Landroid/content/pm/ResolveInfo;.isInstantAppAvailable
D/dalvikvm( 1569): GC_FOR_ALLOC freed 1128K, 50% free 7486K/14820K, paused 9ms, total 9ms
D/dalvikvm( 1569): GC_FOR_ALLOC freed 1127K, 50% free 7486K/14820K, paused 9ms, total 9ms
D/dalvikvm( 1569): GC_FOR_ALLOC freed 1128K, 50% free 7486K/14820K, paused 9ms, total 9ms
D/dalvikvm( 1569): GC_FOR_ALLOC freed 1128K, 50% free 7486K/14820K, paused 10ms, total 10ms
D/dalvikvm( 1569): GC_FOR_ALLOC freed 1128K, 50% free 7486K/14820K, paused 8ms, total 8ms
D/dalvikvm( 1569): GC_FOR_ALLOC freed 1128K, 50% free 7486K/14820K, paused 9ms, total 9ms
D/dalvikvm( 1569): GC_FOR_ALLOC freed 1128K, 50% free 7486K/14820K, paused 11ms, total 11ms
D/dalvikvm( 2401): DexOpt: couldn't find static field Landroid/hardware/camera2/CameraCharacteristics;.LENS_FACING
D/dalvikvm( 2401): DexOpt: couldn't find field Landroid/os/Message;.sendingUid
D/dalvikvm( 1569): GC_FOR_ALLOC freed 1128K, 50% free 7486K/14820K, paused 9ms, total 9ms
D/ConnectivityService( 1569): [CheckMp] isMobileOk: X result=1
D/ConnectivityService( 1569): [CheckMp] onPostExecute: result=1
D/ConnectivityService( 1569): CheckMp.onComplete: result=1
D/ConnectivityService( 1569): CheckMp.onComplete: ignore, connected or no connection
I/CalendarProvider2( 2350): Sending notification intent: Intent { act=android.intent.action.PROVIDER_CHANGED dat=content://com.android.calendar }
W/ContentResolver( 2350): Failed to get type for: content://com.android.calendar (Unknown URL content://com.android.calendar)
D/dalvikvm( 2401): DexOpt: load 98ms, verify+opt 730ms, 7544340 bytes
E/dalvikvm( 2386): Could not find class 'android.app.NotificationChannel', referenced from method com.google.android.apps.play.games.core.PlayGamesApplication.onCreate
W/dalvikvm( 2386): VFY: unable to resolve new-instance 420 (Landroid/app/NotificationChannel;) in Lcom/google/android/apps/play/games/core/PlayGamesApplication;
D/dalvikvm( 2386): VFY: replacing opcode 0x22 at 0x008d
E/dalvikvm( 2386): Could not find class 'android.app.NotificationChannelGroup', referenced from method com.google.android.apps.play.games.core.PlayGamesApplication.onCreate
W/dalvikvm( 2386): VFY: unable to resolve new-instance 421 (Landroid/app/NotificationChannelGroup;) in Lcom/google/android/apps/play/games/core/PlayGamesApplication;
D/dalvikvm( 2386): VFY: replacing opcode 0x22 at 0x0131
D/dalvikvm( 2386): DexOpt: couldn't find static field Landroid/os/Build;.SUPPORTED_ABIS
W/dalvikvm( 2386): VFY: unable to resolve static field 1664 (SUPPORTED_ABIS) in Landroid/os/Build;
D/dalvikvm( 2386): VFY: replacing opcode 0x62 at 0x01a4
E/dalvikvm( 2386): Could not find class 'android.app.NotificationChannel', referenced from method com.google.android.apps.play.games.core.PlayGamesApplication.onCreate
W/dalvikvm( 2386): VFY: unable to resolve new-instance 420 (Landroid/app/NotificationChannel;) in Lcom/google/android/apps/play/games/core/PlayGamesApplication;
D/dalvikvm( 2386): VFY: replacing opcode 0x22 at 0x03e6
D/dalvikvm( 2386): DexOpt: unable to opt direct call 0x0b8a at 0x98 in Lcom/google/android/apps/play/games/core/PlayGamesApplication;.onCreate
D/dalvikvm( 2386): DexOpt: unable to opt direct call 0x0b8a at 0xa9 in Lcom/google/android/apps/play/games/core/PlayGamesApplication;.onCreate
D/dalvikvm( 2386): DexOpt: unable to opt direct call 0x0b8a at 0xba in Lcom/google/android/apps/play/games/core/PlayGamesApplication;.onCreate
D/dalvikvm( 2386): DexOpt: unable to opt direct call 0x0b8a at 0xcb in Lcom/google/android/apps/play/games/core/PlayGamesApplication;.onCreate
D/dalvikvm( 2386): DexOpt: unable to opt direct call 0x0b8a at 0xdc in Lcom/google/android/apps/play/games/core/PlayGamesApplication;.onCreate
D/dalvikvm( 2386): DexOpt: unable to opt direct call 0x0b8a at 0xed in Lcom/google/android/apps/play/games/core/PlayGamesApplication;.onCreate
D/dalvikvm( 2386): DexOpt: unable to opt direct call 0x0b8a at 0x107 in Lcom/google/android/apps/play/games/core/PlayGamesApplication;.onCreate
D/dalvikvm( 2386): DexOpt: unable to opt direct call 0x0b95 at 0x135 in Lcom/google/android/apps/play/games/core/PlayGamesApplication;.onCreate
D/dalvikvm( 2386): DexOpt: unable to opt direct call 0x0b8a at 0x144 in Lcom/google/android/apps/play/games/core/PlayGamesApplication;.onCreate
D/dalvikvm( 2386): DexOpt: unable to opt direct call 0x0b8a at 0x160 in Lcom/google/android/apps/play/games/core/PlayGamesApplication;.onCreate
D/dalvikvm( 2386): DexOpt: unable to opt direct call 0x0b8a at 0x3eb in Lcom/google/android/apps/play/games/core/PlayGamesApplication;.onCreate
I/dalvikvm( 2386): Could not find method android.app.Notification.getChannelId, referenced from method keu.a
W/dalvikvm( 2386): VFY: unable to resolve virtual method 2951: Landroid/app/Notification;.getChannelId ()Ljava/lang/String;
D/dalvikvm( 2386): VFY: replacing opcode 0x6e at 0x0010
I/dalvikvm( 2386): Could not find method android.content.Context.createDeviceProtectedStorageContext, referenced from method hgf.a
W/dalvikvm( 2386): VFY: unable to resolve virtual method 3139: Landroid/content/Context;.createDeviceProtectedStorageContext ()Landroid/content/Context;
D/dalvikvm( 2386): VFY: replacing opcode 0x6e at 0x0029
I/dalvikvm( 2372): Could not find method android.system.Os.readlink, referenced from method msk.a
W/dalvikvm( 2372): VFY: unable to resolve static method 3145: Landroid/system/Os;.readlink (Ljava/lang/String;)Ljava/lang/String;
D/dalvikvm( 2372): VFY: replacing opcode 0x71 at 0x00b0
I/dalvikvm( 2386): Could not find method android.content.Context.getSystemService, referenced from method hgf.a
W/dalvikvm( 2386): VFY: unable to resolve virtual method 3171: Landroid/content/Context;.getSystemService (Ljava/lang/Class;)Ljava/lang/Object;
D/dalvikvm( 2386): VFY: replacing opcode 0x6e at 0x0009
I/dalvikvm( 2372): Could not find method android.os.PowerManager.isInteractive, referenced from method ndc.a
W/dalvikvm( 2372): VFY: unable to resolve virtual method 3046: Landroid/os/PowerManager;.isInteractive ()Z
D/dalvikvm( 2372): VFY: replacing opcode 0x6e at 0x0013
I/dalvikvm( 2372): Could not find method com.google.android.chimera.ModuleContext.getAttributionTag, referenced from method com.google.android.chimera.ModuleContext.createAttributionContext
W/dalvikvm( 2372): VFY: unable to resolve virtual method 14170: Lcom/google/android/chimera/ModuleContext;.getAttributionTag ()Ljava/lang/String;
D/dalvikvm( 2372): VFY: replacing opcode 0x6e at 0x0004
I/dalvikvm( 2372): Could not find method com.google.android.chimera.ContextThemeWrapper.createAttributionContext, referenced from method com.google.android.chimera.ModuleContext.createAttributionContext
W/dalvikvm( 2372): VFY: unable to resolve virtual method 13785: Lcom/google/android/chimera/ContextThemeWrapper;.createAttributionContext (Ljava/lang/String;)Landroid/content/Context;
D/dalvikvm( 2372): VFY: replacing opcode 0x6f at 0x0035
I/dalvikvm( 2372): Could not find method android.content.ContextWrapper.createCredentialProtectedStorageContext, referenced from method com.google.android.chimera.ModuleContext.createCredentialProtectedStorageContext
W/dalvikvm( 2372): VFY: unable to resolve virtual method 2508: Landroid/content/ContextWrapper;.createCredentialProtectedStorageContext ()Landroid/content/Context;
D/dalvikvm( 2372): VFY: replacing opcode 0x6f at 0x0002
I/dalvikvm( 2372): Could not find method android.content.ContextWrapper.createDeviceProtectedStorageContext, referenced from method com.google.android.chimera.ModuleContext.createDeviceProtectedStorageContext
W/dalvikvm( 2372): VFY: unable to resolve virtual method 2509: Landroid/content/ContextWrapper;.createDeviceProtectedStorageContext ()Landroid/content/Context;
D/dalvikvm( 2372): VFY: replacing opcode 0x6f at 0x0002
I/dalvikvm( 2386): Could not find method android.content.Context.createDeviceProtectedStorageContext, referenced from method nzv.a
W/dalvikvm( 2386): VFY: unable to resolve virtual method 3139: Landroid/content/Context;.createDeviceProtectedStorageContext ()Landroid/content/Context;
I/dalvikvm( 2372): Could not find method com.google.android.chimera.ContextThemeWrapper.sendBroadcastWithMultiplePermissions, referenced from method com.google.android.chimera.ModuleContext.sendBroadcastWithMultiplePermissions
D/dalvikvm( 2386): VFY: replacing opcode 0x6e at 0x0031
W/dalvikvm( 2372): VFY: unable to resolve virtual method 13795: Lcom/google/android/chimera/ContextThemeWrapper;.sendBroadcastWithMultiplePermissions (Landroid/content/Intent;[Ljava/lang/String;)V
D/dalvikvm( 2372): VFY: replacing opcode 0x6f at 0x0009
I/dalvikvm( 2386): Could not find method android.content.Context.isDeviceProtectedStorage, referenced from method mlu.a
W/dalvikvm( 2386): VFY: unable to resolve virtual method 3177: Landroid/content/Context;.isDeviceProtectedStorage ()Z
D/dalvikvm( 2386): VFY: replacing opcode 0x6e at 0x0018
I/MultiDex( 2372): VM with version 1.6.0 does not have multidex support
I/MultiDex( 2372): Installing application
I/MultiDex( 2372): MultiDexExtractor(/system/priv-app/PrebuiltGmsCore.apk, /data/data/com.google.android.gms/code_cache/secondary-dexes)
I/MultiDex( 2372): Blocking on lock /data/data/com.google.android.gms/code_cache/secondary-dexes/MultiDex.lock
I/MultiDex( 2372): /data/data/com.google.android.gms/code_cache/secondary-dexes/MultiDex.lock locked
I/MultiDex( 2372): MultiDexExtractor.load(/system/priv-app/PrebuiltGmsCore.apk, false, )
I/MultiDex( 2372): loading existing secondary dex files
I/MultiDex( 2372): load found 5 secondary dex files
E/dalvikvm( 2386): Could not find class 'android.app.NotificationChannel', referenced from method fsr.a
W/dalvikvm( 2386): VFY: unable to resolve new-instance 420 (Landroid/app/NotificationChannel;) in Lfsr;
D/dalvikvm( 2386): VFY: replacing opcode 0x22 at 0x0236
D/dalvikvm( 2386): DexOpt: unable to opt direct call 0x0b8a at 0x23d in Lfsr;.a
I/MultiDex( 2372): install done
D/dalvikvm( 1799): GC_EXPLICIT freed 147K, 30% free 5372K/7604K, paused 0ms+1ms, total 9ms
I/dalvikvm( 2372): Could not find method android.content.ContentProvider.query, referenced from method brf.superQuery
W/dalvikvm( 2372): VFY: unable to resolve virtual method 2428: Landroid/content/ContentProvider;.query (Landroid/net/Uri;[Ljava/lang/String;Landroid/os/Bundle;Landroid/os/CancellationSignal;)Landroid/database/Cursor;
D/dalvikvm( 2372): VFY: replacing opcode 0x6f at 0x0000
D/dalvikvm( 2372): GC_FOR_ALLOC freed 380K, 16% free 3126K/3692K, paused 2ms, total 2ms
I/dalvikvm( 2372): Could not find method android.os.UserHandle.isOwner, referenced from method nmy.f
W/dalvikvm( 2372): VFY: unable to resolve virtual method 3081: Landroid/os/UserHandle;.isOwner ()Z
D/dalvikvm( 2372): VFY: replacing opcode 0x6e at 0x000a
I/dalvikvm( 2386): Failed resolving Lnok; interface 1015 'Landroid/view/Window$OnFrameMetricsAvailableListener;'
W/dalvikvm( 2386): Link of class 'Lnok;' failed
I/dalvikvm( 2386): Failed resolving Lnok; interface 1015 'Landroid/view/Window$OnFrameMetricsAvailableListener;'
W/dalvikvm( 2386): Link of class 'Lnok;' failed
I/dalvikvm( 2386): Failed resolving Lnok; interface 1015 'Landroid/view/Window$OnFrameMetricsAvailableListener;'
W/dalvikvm( 2386): Link of class 'Lnok;' failed
W/dalvikvm( 2386): VFY: unable to resolve instance field 27376
D/dalvikvm( 2386): VFY: replacing opcode 0x5c at 0x06cf
D/dalvikvm( 2372): DexOpt: couldn't find field Landroid/content/pm/ApplicationInfo;.splitSourceDirs
W/dalvikvm( 2372): VFY: unable to resolve instance field 1475
D/dalvikvm( 2372): VFY: replacing opcode 0x54 at 0x0055
D/dalvikvm( 2372): DexOpt: couldn't find static field Landroid/os/Build;.SUPPORTED_ABIS
W/dalvikvm( 2372): VFY: unable to resolve static field 1540 (SUPPORTED_ABIS) in Landroid/os/Build;
D/dalvikvm( 2372): VFY: replacing opcode 0x62 at 0x00d1
I/dalvikvm( 2386): Failed resolving Lnok; interface 1015 'Landroid/view/Window$OnFrameMetricsAvailableListener;'
W/dalvikvm( 2386): Link of class 'Lnok;' failed
I/dalvikvm( 2386): Failed resolving Lnok; interface 1015 'Landroid/view/Window$OnFrameMetricsAvailableListener;'
W/dalvikvm( 2386): Link of class 'Lnok;' failed
W/PrimesInit( 2386): Primes instant initialization
I/dalvikvm( 2372): Could not find method android.system.Os.stat, referenced from method nop.a
W/dalvikvm( 2372): VFY: unable to resolve static method 3146: Landroid/system/Os;.stat (Ljava/lang/String;)Landroid/system/StructStat;
D/dalvikvm( 2372): VFY: replacing opcode 0x71 at 0x0182
I/dalvikvm( 2372): Could not find method android.content.pm.PackageManager.getPackageInstaller, referenced from method men.a
W/dalvikvm( 2372): VFY: unable to resolve virtual method 2608: Landroid/content/pm/PackageManager;.getPackageInstaller ()Landroid/content/pm/PackageInstaller;
D/dalvikvm( 2372): VFY: replacing opcode 0x6e at 0x001c
W/DynamiteModule( 2372): Local module descriptor class for providerinstaller not found.
I/dalvikvm( 2372): Could not find method android.system.Os.readlink, referenced from method bse.a
D/dalvikvm( 2386): GC_FOR_ALLOC freed 369K, 16% free 3136K/3692K, paused 3ms, total 3ms
W/dalvikvm( 2372): VFY: unable to resolve static method 3145: Landroid/system/Os;.readlink (Ljava/lang/String;)Ljava/lang/String;
D/dalvikvm( 2372): VFY: replacing opcode 0x71 at 0x0044
I/dalvikvm( 2372): Could not find method android.system.Os.symlink, referenced from method bse.a
W/dalvikvm( 2372): VFY: unable to resolve static method 3147: Landroid/system/Os;.symlink (Ljava/lang/String;Ljava/lang/String;)V
D/dalvikvm( 2372): VFY: replacing opcode 0x71 at 0x00b0
I/dalvikvm( 2372): Could not find method android.system.Os.stat, referenced from method bse.a
W/dalvikvm( 2372): VFY: unable to resolve static method 3146: Landroid/system/Os;.stat (Ljava/lang/String;)Landroid/system/StructStat;
D/dalvikvm( 2372): VFY: replacing opcode 0x71 at 0x0005
I/dalvikvm( 2386): Could not find method android.app.AppOpsManager.permissionToOp, referenced from method rr.a
W/dalvikvm( 2386): VFY: unable to resolve static method 2785: Landroid/app/AppOpsManager;.permissionToOp (Ljava/lang/String;)Ljava/lang/String;
D/dalvikvm( 2386): VFY: replacing opcode 0x71 at 0x000e
I/dalvikvm( 2386): Could not find method android.content.Context.getSystemService, referenced from method rr.a
W/dalvikvm( 2386): VFY: unable to resolve virtual method 3171: Landroid/content/Context;.getSystemService (Ljava/lang/Class;)Ljava/lang/Object;
D/dalvikvm( 2386): VFY: replacing opcode 0x6e at 0x002b
W/Primes  ( 2386): background initialization
W/dalvikvm( 2372): VFY: unable to resolve static field 1615 (S_IXUSR) in Landroid/system/OsConstants;
D/dalvikvm( 2372): VFY: replacing opcode 0x60 at 0x0007
I/dalvikvm( 2372): Could not find method android.system.Os.stat, referenced from method bse.b
W/dalvikvm( 2372): VFY: unable to resolve static method 3146: Landroid/system/Os;.stat (Ljava/lang/String;)Landroid/system/StructStat;
D/dalvikvm( 2372): VFY: replacing opcode 0x71 at 0x0040
W/dalvikvm( 2372): VFY: unable to resolve static field 1612 (S_IRUSR) in Landroid/system/OsConstants;
D/dalvikvm( 2372): VFY: replacing opcode 0x60 at 0x0007
D/dalvikvm( 2372): DexOpt: couldn't find static field Landroid/os/Build;.SUPPORTED_64_BIT_ABIS
W/dalvikvm( 2372): VFY: unable to resolve static field 1539 (SUPPORTED_64_BIT_ABIS) in Landroid/os/Build;
D/dalvikvm( 2372): VFY: replacing opcode 0x62 at 0x0214
E/native  ( 2083): filesystem.cc:93 Opening file /data/data/com.google.android.gms/files/AppDataSearch/main/cur/compact_status for read failed: No such file or directory
I/native  ( 2083): permission-checker.cc:74 Creating PermissionChecker based on ACL with config_version 1 having 14 permissions defined.
W/native  ( 2083): words-map.cc:30 INVALID_ARGUMENT: Empty URI
W/native  ( 2083): words-map.cc:34 WordsMap was not properly initialized
D/dalvikvm( 1569): GC_FOR_ALLOC freed 1125K, 50% free 7488K/14820K, paused 15ms, total 16ms
I/dalvikvm( 2386): Could not find method android.content.Context.getSystemService, referenced from method mry.a
W/dalvikvm( 2386): VFY: unable to resolve virtual method 3171: Landroid/content/Context;.getSystemService (Ljava/lang/Class;)Ljava/lang/Object;
D/dalvikvm( 2386): VFY: replacing opcode 0x6e at 0x001a
I/dalvikvm( 2386): Could not find method android.os.UserManager.isUserUnlocked, referenced from method mry.a
W/dalvikvm( 2386): VFY: unable to resolve virtual method 4621: Landroid/os/UserManager;.isUserUnlocked ()Z
D/dalvikvm( 2386): VFY: replacing opcode 0x6e at 0x0030
I/dalvikvm( 2386): Could not find method android.content.Context.isDeviceProtectedStorage, referenced from method mry.b
W/dalvikvm( 2386): VFY: unable to resolve virtual method 3177: Landroid/content/Context;.isDeviceProtectedStorage ()Z
D/dalvikvm( 2386): VFY: replacing opcode 0x6e at 0x0000
W/ProviderHelper( 2372): Unknown dynamite feature providerinstaller
I/DynamiteModule( 2372): Considering local module providerinstaller:0 and remote module providerinstaller:0
W/ProviderInstaller( 2372): Failed to load providerinstaller module: No acceptable module found. Local version is 0 and remote version is 0.
I/dalvikvm( 2372): Could not find method android.content.ContextWrapper.createCredentialProtectedStorageContext, referenced from method nfr.createCredentialProtectedStorageContext
W/dalvikvm( 2372): VFY: unable to resolve virtual method 2508: Landroid/content/ContextWrapper;.createCredentialProtectedStorageContext ()Landroid/content/Context;
D/dalvikvm( 2372): VFY: replacing opcode 0x6f at 0x0002
I/dalvikvm( 2372): Could not find method android.content.ContextWrapper.createDeviceProtectedStorageContext, referenced from method nfr.createDeviceProtectedStorageContext
W/dalvikvm( 2372): VFY: unable to resolve virtual method 2509: Landroid/content/ContextWrapper;.createDeviceProtectedStorageContext ()Landroid/content/Context;
D/dalvikvm( 2372): VFY: replacing opcode 0x6f at 0x0002
D/dalvikvm( 2372): DexOpt: couldn't find static field Landroid/os/Build;.SUPPORTED_64_BIT_ABIS
W/dalvikvm( 2372): VFY: unable to resolve static field 1539 (SUPPORTED_64_BIT_ABIS) in Landroid/os/Build;
D/dalvikvm( 2372): VFY: replacing opcode 0x62 at 0x0080
D/dalvikvm( 2372): DexOpt: couldn't find static field Landroid/os/Build;.SUPPORTED_ABIS
W/dalvikvm( 2372): VFY: unable to resolve static field 1540 (SUPPORTED_ABIS) in Landroid/os/Build;
D/dalvikvm( 2372): VFY: replacing opcode 0x62 at 0x00d3
V/NativeCrypto( 2372): Registering com/google/android/gms/org/conscrypt/NativeCrypto's 286 native methods...
W/dalvikvm( 2372): Unable to resolve superclass of Lcom/google/android/gms/org/conscrypt/TrustManagerImpl; (5184)
W/dalvikvm( 2372): Link of class 'Lcom/google/android/gms/org/conscrypt/TrustManagerImpl;' failed
I/dalvikvm( 2372): Could not find method com.google.android.gms.org.conscrypt.TrustManagerImpl.getDefaultHostnameVerifier, referenced from method com.google.android.gms.org.conscrypt.Conscrypt.getDefaultHostnameVerifier
W/dalvikvm( 2372): VFY: unable to resolve static method 17870: Lcom/google/android/gms/org/conscrypt/TrustManagerImpl;.getDefaultHostnameVerifier ()Lcom/google/android/gms/org/conscrypt/ConscryptHostnameVerifier;
D/dalvikvm( 2372): VFY: replacing opcode 0x71 at 0x0003
E/dalvikvm( 2083): Could not find class 'android.app.usage.UsageStatsManager', referenced from method vha.a
W/dalvikvm( 2083): VFY: unable to resolve const-class 1242 (Landroid/app/usage/UsageStatsManager;) in Lvha;
D/dalvikvm( 2083): VFY: replacing opcode 0x1c at 0x0009
W/dalvikvm( 2372): Unable to resolve superclass of Lcom/google/android/gms/org/conscrypt/TrustManagerImpl; (5184)
W/dalvikvm( 2372): Link of class 'Lcom/google/android/gms/org/conscrypt/TrustManagerImpl;' failed
W/dalvikvm( 2372): VFY: unable to find class referenced in signature (Lcom/google/android/gms/org/conscrypt/TrustManagerImpl;)
W/dalvikvm( 2372): Unable to resolve superclass of Lcom/google/android/gms/org/conscrypt/TrustManagerImpl; (5184)
W/dalvikvm( 2372): Link of class 'Lcom/google/android/gms/org/conscrypt/TrustManagerImpl;' failed
I/dalvikvm( 2372): Could not find method com.google.android.gms.org.conscrypt.TrustManagerImpl.getHostnameVerifier, referenced from method com.google.android.gms.org.conscrypt.Conscrypt.getHostnameVerifier
W/dalvikvm( 2372): VFY: unable to resolve virtual method 17872: Lcom/google/android/gms/org/conscrypt/TrustManagerImpl;.getHostnameVerifier ()Lcom/google/android/gms/org/conscrypt/ConscryptHostnameVerifier;
D/dalvikvm( 2372): VFY: replacing opcode 0x6e at 0x0004
W/dalvikvm( 2372): Unable to resolve superclass of Lcom/google/android/gms/org/conscrypt/TrustManagerImpl; (5184)
W/dalvikvm( 2372): Link of class 'Lcom/google/android/gms/org/conscrypt/TrustManagerImpl;' failed
E/dalvikvm( 2372): Could not find class 'com.google.android.gms.org.conscrypt.TrustManagerImpl', referenced from method com.google.android.gms.org.conscrypt.Conscrypt.isConscrypt
W/dalvikvm( 2372): VFY: unable to resolve instanceof 4452 (Lcom/google/android/gms/org/conscrypt/TrustManagerImpl;) in Lcom/google/android/gms/org/conscrypt/Conscrypt;
D/dalvikvm( 2372): VFY: replacing opcode 0x20 at 0x0000
I/dalvikvm( 2386): Could not find method android.content.pm.PackageManager.getPackageInstaller, referenced from method gzw.a
W/dalvikvm( 2386): VFY: unable to resolve virtual method 3338: Landroid/content/pm/PackageManager;.getPackageInstaller ()Landroid/content/pm/PackageInstaller;
D/dalvikvm( 2386): VFY: replacing opcode 0x6e at 0x0024
I/dalvikvm( 1778): Could not find method android.content.Context.createDeviceProtectedStorageContext, referenced from method vhu.a
W/dalvikvm( 1778): VFY: unable to resolve virtual method 4497: Landroid/content/Context;.createDeviceProtectedStorageContext ()Landroid/content/Context;
D/dalvikvm( 1778): VFY: replacing opcode 0x6e at 0x001b
D/dalvikvm( 2372): GC_FOR_ALLOC freed 467K, 18% free 3170K/3824K, paused 4ms, total 6ms
W/dalvikvm( 2372): Unable to resolve superclass of Lcom/google/android/gms/org/conscrypt/TrustManagerImpl; (5184)
I/GAv4-SVC( 2386): Google Analytics 16.9.98 is starting up.
W/dalvikvm( 2372): Link of class 'Lcom/google/android/gms/org/conscrypt/TrustManagerImpl;' failed
I/dalvikvm( 2372): Could not find method com.google.android.gms.org.conscrypt.TrustManagerImpl.setDefaultHostnameVerifier, referenced from method com.google.android.gms.org.conscrypt.Conscrypt.setDefaultHostnameVerifier
W/dalvikvm( 2372): VFY: unable to resolve static method 17882: Lcom/google/android/gms/org/conscrypt/TrustManagerImpl;.setDefaultHostnameVerifier (Lcom/google/android/gms/org/conscrypt/ConscryptHostnameVerifier;)V
D/dalvikvm( 2372): VFY: replacing opcode 0x71 at 0x0003
E/dalvikvm( 1778): Could not find class 'android.app.usage.UsageStatsManager', referenced from method vha.a
W/dalvikvm( 1778): VFY: unable to resolve const-class 1242 (Landroid/app/usage/UsageStatsManager;) in Lvha;
D/dalvikvm( 1778): VFY: replacing opcode 0x1c at 0x0009
W/dalvikvm( 2372): Unable to resolve superclass of Lcom/google/android/gms/org/conscrypt/TrustManagerImpl; (5184)
W/dalvikvm( 2372): Link of class 'Lcom/google/android/gms/org/conscrypt/TrustManagerImpl;' failed
W/dalvikvm( 2372): VFY: unable to find class referenced in signature (Lcom/google/android/gms/org/conscrypt/TrustManagerImpl;)
W/dalvikvm( 2372): Unable to resolve superclass of Lcom/google/android/gms/org/conscrypt/TrustManagerImpl; (5184)
W/dalvikvm( 2372): Link of class 'Lcom/google/android/gms/org/conscrypt/TrustManagerImpl;' failed
I/dalvikvm( 2372): Could not find method com.google.android.gms.org.conscrypt.TrustManagerImpl.setHostnameVerifier, referenced from method com.google.android.gms.org.conscrypt.Conscrypt.setHostnameVerifier
W/dalvikvm( 2372): VFY: unable to resolve virtual method 17883: Lcom/google/android/gms/org/conscrypt/TrustManagerImpl;.setHostnameVerifier (Lcom/google/android/gms/org/conscrypt/ConscryptHostnameVerifier;)V
D/dalvikvm( 2372): VFY: replacing opcode 0x6e at 0x0004
W/dalvikvm( 2372): Unable to resolve superclass of Lcom/google/android/gms/org/conscrypt/TrustManagerImpl; (5184)
W/dalvikvm( 2372): Link of class 'Lcom/google/android/gms/org/conscrypt/TrustManagerImpl;' failed
E/dalvikvm( 2372): Could not find class 'com.google.android.gms.org.conscrypt.TrustManagerImpl', referenced from method com.google.android.gms.org.conscrypt.Conscrypt.toConscrypt
W/dalvikvm( 2372): VFY: unable to resolve check-cast 4452 (Lcom/google/android/gms/org/conscrypt/TrustManagerImpl;) in Lcom/google/android/gms/org/conscrypt/Conscrypt;
D/dalvikvm( 2372): VFY: replacing opcode 0x1f at 0x002a
I/PrimesTesting( 2386): GserviceFlagsSupplier.get()
I/GCM-GMS ( 2083): Scheduling task to register GMS
I/Herrevad( 1778): [59] wkz.a: updateListenState
E/dalvikvm( 2386): Could not find class 'android.app.job.JobScheduler', referenced from method gss.e
W/dalvikvm( 2386): VFY: unable to resolve check-cast 443 (Landroid/app/job/JobScheduler;) in Lgss;
D/dalvikvm( 2386): VFY: replacing opcode 0x1f at 0x00d7
E/dalvikvm( 2386): Could not find class 'android.app.job.JobScheduler', referenced from method gss.b
W/dalvikvm( 2386): VFY: unable to resolve check-cast 443 (Landroid/app/job/JobScheduler;) in Lgss;
D/dalvikvm( 2386): VFY: replacing opcode 0x1f at 0x02b1
E/dalvikvm( 2386): Could not find class 'android.app.job.JobScheduler', referenced from method gss.b
W/dalvikvm( 2386): VFY: unable to resolve check-cast 443 (Landroid/app/job/JobScheduler;) in Lgss;
D/dalvikvm( 2386): VFY: replacing opcode 0x1f at 0x0672
E/dalvikvm( 2386): Could not find class 'android.app.job.JobScheduler', referenced from method gss.b
W/dalvikvm( 2386): VFY: unable to resolve check-cast 443 (Landroid/app/job/JobScheduler;) in Lgss;
D/dalvikvm( 2386): VFY: replacing opcode 0x1f at 0x0866
E/dalvikvm( 2386): Could not find class 'android.app.job.JobScheduler', referenced from method gss.b
W/dalvikvm( 2386): VFY: unable to resolve check-cast 443 (Landroid/app/job/JobScheduler;) in Lgss;
D/dalvikvm( 2386): VFY: replacing opcode 0x1f at 0x0906
E/dalvikvm( 2386): Could not find class 'android.app.job.JobScheduler', referenced from method gss.b
W/dalvikvm( 2386): VFY: unable to resolve check-cast 443 (Landroid/app/job/JobScheduler;) in Lgss;
D/dalvikvm( 2386): VFY: replacing opcode 0x1f at 0x095c
E/dalvikvm( 2386): Could not find class 'android.app.job.JobScheduler', referenced from method gss.b
W/dalvikvm( 2386): VFY: unable to resolve check-cast 443 (Landroid/app/job/JobScheduler;) in Lgss;
D/dalvikvm( 2386): VFY: replacing opcode 0x1f at 0x09fc
E/dalvikvm( 2386): Could not find class 'android.app.job.JobScheduler', referenced from method gss.b
W/dalvikvm( 2386): VFY: unable to resolve check-cast 443 (Landroid/app/job/JobScheduler;) in Lgss;
D/dalvikvm( 2386): VFY: replacing opcode 0x1f at 0x0a1e
E/dalvikvm( 2386): Could not find class 'android.app.job.JobScheduler', referenced from method gss.b
W/dalvikvm( 2386): VFY: unable to resolve check-cast 443 (Landroid/app/job/JobScheduler;) in Lgss;
D/dalvikvm( 2386): VFY: replacing opcode 0x1f at 0x0a40
E/dalvikvm( 2386): Could not find class 'android.app.job.JobScheduler', referenced from method gss.b
W/dalvikvm( 2386): VFY: unable to resolve check-cast 443 (Landroid/app/job/JobScheduler;) in Lgss;
D/dalvikvm( 2386): VFY: replacing opcode 0x1f at 0x0a62
E/dalvikvm( 2386): Could not find class 'android.app.job.JobScheduler', referenced from method gss.b
W/dalvikvm( 2386): VFY: unable to resolve check-cast 443 (Landroid/app/job/JobScheduler;) in Lgss;
D/dalvikvm( 2386): VFY: replacing opcode 0x1f at 0x0ae8
E/dalvikvm( 2386): Could not find class 'android.app.job.JobScheduler', referenced from method gss.b
W/dalvikvm( 2386): VFY: unable to resolve check-cast 443 (Landroid/app/job/JobScheduler;) in Lgss;
D/dalvikvm( 2386): VFY: replacing opcode 0x1f at 0x0b20
E/dalvikvm( 2386): Could not find class 'android.app.job.JobScheduler', referenced from method gss.c
W/dalvikvm( 2386): VFY: unable to resolve check-cast 443 (Landroid/app/job/JobScheduler;) in Lgss;
D/dalvikvm( 2386): VFY: replacing opcode 0x1f at 0x0077
E/dalvikvm( 2386): Could not find class 'android.app.job.JobScheduler', referenced from method gss.c
W/dalvikvm( 2386): VFY: unable to resolve check-cast 443 (Landroid/app/job/JobScheduler;) in Lgss;
D/dalvikvm( 2386): VFY: replacing opcode 0x1f at 0x012a
E/dalvikvm( 2386): Could not find class 'android.app.job.JobScheduler', referenced from method gss.c
W/dalvikvm( 2386): VFY: unable to resolve check-cast 443 (Landroid/app/job/JobScheduler;) in Lgss;
D/dalvikvm( 2386): VFY: replacing opcode 0x1f at 0x0327
E/dalvikvm( 2386): Could not find class 'android.app.job.JobScheduler', referenced from method gtk.u_
W/dalvikvm( 2386): VFY: unable to resolve check-cast 443 (Landroid/app/job/JobScheduler;) in Lgtk;
D/dalvikvm( 2386): VFY: replacing opcode 0x1f at 0x0080
D/dalvikvm( 2372): GC_FOR_ALLOC freed 291K, 13% free 3389K/3868K, paused 13ms, total 13ms
I/Icing   ( 2083): Version not set, assuming clear data.
I/Icing   ( 2083): Clearing storage
D/dalvikvm( 1799): GC_EXPLICIT freed 139K, 30% free 5381K/7604K, paused 1ms+0ms, total 16ms
I/dalvikvm( 2386): Could not find method android.app.NotificationManager.getNotificationChannel, referenced from method gzd.a
W/dalvikvm( 2386): VFY: unable to resolve virtual method 2974: Landroid/app/NotificationManager;.getNotificationChannel (Ljava/lang/String;)Landroid/app/NotificationChannel;
D/dalvikvm( 2386): VFY: replacing opcode 0x6e at 0x00c5
D/dalvikvm( 2386): DexOpt: unable to opt direct call 0x0b8a at 0xd2 in Lgzd;.a
E/dalvikvm( 2386): Could not find class 'com.google.common.flogger.backend.google.GooglePlatform', referenced from method plf.a
W/dalvikvm( 2386): VFY: unable to resolve const-class 3003 (Lcom/google/common/flogger/backend/google/GooglePlatform;) in Lplf;
D/dalvikvm( 2386): VFY: replacing opcode 0x1c at 0x0014
I/dalvikvm( 2386): Could not find method android.content.pm.PackageManager.isInstantApp, referenced from method hub.a
W/dalvikvm( 2386): VFY: unable to resolve virtual method 3345: Landroid/content/pm/PackageManager;.isInstantApp (Ljava/lang/String;)Z
D/dalvikvm( 2386): VFY: replacing opcode 0x6e at 0x0026
I/Icing   ( 2083): Clearing CorpusMap, ClientRegistry, Setting
D/dalvikvm( 2386): GC_FOR_ALLOC freed 380K, 15% free 3270K/3836K, paused 2ms, total 2ms
I/dalvikvm( 2386): Could not find method com.google.android.chimera.BoundService.getStartIntent, referenced from method hki.a
W/dalvikvm( 2386): VFY: unable to resolve static method 13682: Lcom/google/android/chimera/BoundService;.getStartIntent (Landroid/content/Context;Ljava/lang/String;)Landroid/content/Intent;
D/dalvikvm( 2386): VFY: replacing opcode 0x71 at 0x0024
D/dalvikvm( 2372): GC_FOR_ALLOC freed 134K, 9% free 3753K/4088K, paused 3ms, total 3ms
E/GmsClient( 2386): unable to connect to service: com.google.android.gms.instantapps.START on com.google.android.gms
W/ActivityManager( 1569): Unable to start service Intent { act=com.google.android.gms.instantapps.START pkg=com.google.android.gms } U=0: not found
W/ActivityManager( 1569): Unbind failed: could not find connection for android.os.BinderProxy@9d8493d0
I/dalvikvm( 2386): Could not find method android.content.Context.deleteSharedPreferences, referenced from method fya.c
W/dalvikvm( 2386): VFY: unable to resolve virtual method 3145: Landroid/content/Context;.deleteSharedPreferences (Ljava/lang/String;)Z
D/dalvikvm( 2386): VFY: replacing opcode 0x6e at 0x002a
I/dalvikvm( 2386): Could not find method java.util.Locale.toLanguageTag, referenced from method fvw.a
W/dalvikvm( 2386): VFY: unable to resolve virtual method 33842: Ljava/util/Locale;.toLanguageTag ()Ljava/lang/String;
D/dalvikvm( 2386): VFY: replacing opcode 0x6e at 0x000a
D/dalvikvm( 2372): GC_FOR_ALLOC freed 131K, 8% free 4100K/4452K, paused 2ms, total 2ms
W/dalvikvm( 1778): VFY: unable to find class referenced in signature (Landroid/net/Network;)
W/dalvikvm( 1778): VFY: unable to find class referenced in signature (Landroid/net/Network;)
I/dalvikvm( 1778): Could not find method android.net.Network.openConnection, referenced from method wna.a
W/dalvikvm( 1778): VFY: unable to resolve virtual method 5072: Landroid/net/Network;.openConnection (Ljava/net/URL;)Ljava/net/URLConnection;
D/dalvikvm( 1778): VFY: replacing opcode 0x6e at 0x008f
W/Settings( 1778): Setting airplane_mode_on has moved from android.provider.Settings.System to android.provider.Settings.Global, returning read-only value.
W/ComponentDiscovery( 2386): Application info not found.
W/ComponentDiscovery( 2386): Could not retrieve metadata, returning empty list of registrars.
D/dalvikvm( 2386): GC_FOR_ALLOC freed 335K, 14% free 3446K/3968K, paused 5ms, total 5ms
I/dalvikvm( 2386): Could not find method android.content.Context.getDrawable, referenced from method rj.a
W/dalvikvm( 2386): VFY: unable to resolve virtual method 3157: Landroid/content/Context;.getDrawable (I)Landroid/graphics/drawable/Drawable;
D/dalvikvm( 2386): VFY: replacing opcode 0x6e at 0x0006
I/dalvikvm( 2386): Could not find method android.content.Context.getDataDir, referenced from method rj.a
W/dalvikvm( 2386): VFY: unable to resolve virtual method 3154: Landroid/content/Context;.getDataDir ()Ljava/io/File;
D/dalvikvm( 2386): VFY: replacing opcode 0x6e at 0x0006
I/dalvikvm( 2386): Could not find method android.content.Context.getSystemServiceName, referenced from method rj.a
W/dalvikvm( 2386): VFY: unable to resolve virtual method 3173: Landroid/content/Context;.getSystemServiceName (Ljava/lang/Class;)Ljava/lang/String;
D/dalvikvm( 2386): VFY: replacing opcode 0x6e at 0x000a
I/dalvikvm( 2386): Could not find method android.content.Context.getSystemService, referenced from method rj.a
W/dalvikvm( 2386): VFY: unable to resolve virtual method 3171: Landroid/content/Context;.getSystemService (Ljava/lang/Class;)Ljava/lang/Object;
D/dalvikvm( 2386): VFY: replacing opcode 0x6e at 0x0020
I/dalvikvm( 2386): Could not find method android.content.Context.getColorStateList, referenced from method rj.b
W/dalvikvm( 2386): VFY: unable to resolve virtual method 3152: Landroid/content/Context;.getColorStateList (I)Landroid/content/res/ColorStateList;
D/dalvikvm( 2386): VFY: replacing opcode 0x6e at 0x0006
I/dalvikvm( 2386): Could not find method android.content.Context.getColor, referenced from method rj.c
W/dalvikvm( 2386): VFY: unable to resolve virtual method 3151: Landroid/content/Context;.getColor (I)I
D/dalvikvm( 2386): VFY: replacing opcode 0x6e at 0x0006
I/dalvikvm( 2386): Could not find method android.content.Context.getNoBackupFilesDir, referenced from method rj.d
W/dalvikvm( 2386): VFY: unable to resolve virtual method 3164: Landroid/content/Context;.getNoBackupFilesDir ()Ljava/io/File;
D/dalvikvm( 2386): VFY: replacing opcode 0x6e at 0x0006
I/dalvikvm( 2386): Could not find method android.content.Context.createDeviceProtectedStorageContext, referenced from method rj.e
W/dalvikvm( 2386): VFY: unable to resolve virtual method 3139: Landroid/content/Context;.createDeviceProtectedStorageContext ()Landroid/content/Context;
D/dalvikvm( 2386): VFY: replacing opcode 0x6e at 0x0008
I/dalvikvm( 2386): Could not find method android.content.Context.isDeviceProtectedStorage, referenced from method rj.f
W/dalvikvm( 2386): VFY: unable to resolve virtual method 3177: Landroid/content/Context;.isDeviceProtectedStorage ()Z
D/dalvikvm( 2386): VFY: replacing opcode 0x6e at 0x0008
I/Notifications( 2386): [ChimeBroadcastReceiver] Intent received for action [android.intent.action.TIMEZONE_CHANGED] package [com.google.android.play.games].
E/dalvikvm( 2386): Could not find class 'android.os.PersistableBundle', referenced from method nit.a
W/dalvikvm( 2386): VFY: unable to resolve new-instance 743 (Landroid/os/PersistableBundle;) in Lnit;
D/dalvikvm( 2386): VFY: replacing opcode 0x22 at 0x0001
D/dalvikvm( 2386): DexOpt: unable to opt direct call 0x11d2 at 0x0b in Lnit;.a
D/dalvikvm( 2386): DexOpt: unable to opt direct call 0x0bbb at 0xa1 in Lnit;.a
I/dalvikvm( 2386): Could not find method android.app.NotificationManager.getNotificationChannels, referenced from method nkj.b
W/dalvikvm( 2386): VFY: unable to resolve virtual method 2976: Landroid/app/NotificationManager;.getNotificationChannels ()Ljava/util/List;
D/dalvikvm( 2386): VFY: replacing opcode 0x6e at 0x0015
I/dalvikvm( 2386): Could not find method android.app.NotificationManager.getNotificationChannels, referenced from method nkj.a
W/dalvikvm( 2386): VFY: unable to resolve virtual method 2976: Landroid/app/NotificationManager;.getNotificationChannels ()Ljava/util/List;
D/dalvikvm( 2386): VFY: replacing opcode 0x6e at 0x0016
I/dalvikvm( 2386): Could not find method android.app.NotificationManager.getNotificationChannel, referenced from method nkj.a
W/dalvikvm( 2386): VFY: unable to resolve virtual method 2974: Landroid/app/NotificationManager;.getNotificationChannel (Ljava/lang/String;)Landroid/app/NotificationChannel;
D/dalvikvm( 2386): VFY: replacing opcode 0x6e at 0x0026
I/dalvikvm( 2386): Could not find method android.app.NotificationManager.getNotificationChannelGroups, referenced from method nkj.b
W/dalvikvm( 2386): VFY: unable to resolve virtual method 2975: Landroid/app/NotificationManager;.getNotificationChannelGroups ()Ljava/util/List;
D/dalvikvm( 2386): VFY: replacing opcode 0x6e at 0x0016
I/dalvikvm( 2386): Could not find method java.util.Locale.toLanguageTag, referenced from method nid.a
W/dalvikvm( 2386): VFY: unable to resolve virtual method 33842: Ljava/util/Locale;.toLanguageTag ()Ljava/lang/String;
D/dalvikvm( 2386): VFY: replacing opcode 0x6e at 0x0025
I/dalvikvm( 2386): Could not find method android.content.res.Configuration.getLocales, referenced from method nid.a
W/dalvikvm( 2386): VFY: unable to resolve virtual method 3393: Landroid/content/res/Configuration;.getLocales ()Landroid/os/LocaleList;
D/dalvikvm( 2386): VFY: replacing opcode 0x6e at 0x0032
I/Notifications( 2386): [ChimeBroadcastReceiver] Validation OK for action [android.intent.action.TIMEZONE_CHANGED].
W/Settings( 1778): Setting airplane_mode_on has moved from android.provider.Settings.System to android.provider.Settings.Global, returning read-only value.
W/PGAfap  ( 2386): ContentFiltersService is unavailable; not applying content filters.
D/dalvikvm( 2372): GC_FOR_ALLOC freed 108K, 8% free 4405K/4752K, paused 16ms, total 16ms
E/dalvikvm( 2083): Could not find class 'android.telephony.SubscriptionManager', referenced from method com.google.android.gms.checkin.CheckinChimeraService.a
W/dalvikvm( 2083): VFY: unable to resolve check-cast 1109 (Landroid/telephony/SubscriptionManager;) in Lcom/google/android/gms/checkin/CheckinChimeraService;
D/dalvikvm( 2083): VFY: replacing opcode 0x1f at 0x019b
I/Notifications( 2386): [ChimeBroadcastReceiver] Executing action in Service [android.intent.action.TIMEZONE_CHANGED].
D/dalvikvm( 2083): GC_FOR_ALLOC freed 1342K, 17% free 7529K/9060K, paused 9ms, total 9ms
E/dalvikvm( 2083): Could not find class 'android.net.NetworkRequest', referenced from method com.google.android.gms.checkin.CheckinChimeraService.a
W/dalvikvm( 2083): VFY: unable to resolve check-cast 853 (Landroid/net/NetworkRequest;) in Lcom/google/android/gms/checkin/CheckinChimeraService;
D/dalvikvm( 2083): VFY: replacing opcode 0x1f at 0x04d7
D/dalvikvm( 1799): GC_EXPLICIT freed 157K, 30% free 5393K/7604K, paused 1ms+1ms, total 7ms
D/dalvikvm( 2372): GC_FOR_ALLOC freed 158K, 9% free 4687K/5104K, paused 10ms, total 10ms
E/dalvikvm( 2372): Could not find class 'javax.net.ssl.SNIServerName', referenced from method com.google.android.gms.org.conscrypt.Platform.getSniHostnameFromParams
W/dalvikvm( 2372): VFY: unable to resolve check-cast 5160 (Ljavax/net/ssl/SNIServerName;) in Lcom/google/android/gms/org/conscrypt/Platform;
D/dalvikvm( 2372): VFY: replacing opcode 0x1f at 0x0025
E/dalvikvm( 2372): Could not find class 'javax.net.ssl.SNIHostName', referenced from method com.google.android.gms.org.conscrypt.Platform.setParametersSniHostname
W/dalvikvm( 2372): VFY: unable to resolve new-instance 5159 (Ljavax/net/ssl/SNIHostName;) in Lcom/google/android/gms/org/conscrypt/Platform;
D/dalvikvm( 2372): VFY: replacing opcode 0x22 at 0x0024
E/dalvikvm( 2372): Could not find class 'javax.net.ssl.SNIHostName', referenced from method com.google.android.gms.org.conscrypt.Platform.setParametersSniHostname
W/dalvikvm( 2372): VFY: unable to resolve new-instance 5159 (Ljavax/net/ssl/SNIHostName;) in Lcom/google/android/gms/org/conscrypt/Platform;
D/dalvikvm( 2372): VFY: replacing opcode 0x22 at 0x0024
D/dalvikvm( 2372): DexOpt: unable to opt direct call 0x52f9 at 0x2a in Lcom/google/android/gms/org/conscrypt/Platform;.setParametersSniHostname
D/dalvikvm( 2372): DexOpt: unable to opt direct call 0x52f9 at 0x2a in Lcom/google/android/gms/org/conscrypt/Platform;.setParametersSniHostname
I/CheckinService( 1799): Preparing to send checkin request
I/EventLogService( 1799): Accumulating logs since 0
V/EmulatedCamera_Camera( 1147): getCameraInfo
V/EmulatedCamera_BaseCamera( 1147): getCameraInfo
I/OcrModelUpStIntentOp( 2083): Updating ocr activity enabled=false (phenotypeFlag=false, lowRamDevice=false, prereqCheck=true)
D/dalvikvm( 2372): GC_FOR_ALLOC freed 308K, 11% free 4885K/5440K, paused 5ms, total 5ms
D/dalvikvm( 1778): GC_FOR_ALLOC freed 1256K, 17% free 7738K/9244K, paused 58ms, total 58ms
I/ProviderInstaller( 2372): Installed default security provider GmsCore_OpenSSL
V/GoogleSettingsUtils( 1799): pre-froyo android id is 0
I/Safeboot( 2372): Checking safeboot...
I/Safeboot( 2372): Not entering safeboot; wrong process.
E/dalvikvm( 2372): Could not find class 'com.google.common.flogger.backend.google.GooglePlatform', referenced from method beui.a
W/dalvikvm( 2372): VFY: unable to resolve const-class 4605 (Lcom/google/common/flogger/backend/google/GooglePlatform;) in Lbeui;
D/dalvikvm( 2372): VFY: replacing opcode 0x1c at 0x001b
D/dalvikvm( 1799): GC_EXPLICIT freed 375K, 29% free 5415K/7604K, paused 0ms+0ms, total 6ms
I/Checkin ( 2083): [CheckinChimeraService] onStartCommand
I/CheckinCompat( 2083): Disabling old GoogleServicesFramework version [CONTEXT service_id=130 ]
I/CheckinCompat( 2083): GSF Checkin still active [CONTEXT service_id=130 ]
I/Checkin ( 2083): [CheckinChimeraService] notEnabled return:2
D/        ( 1799): HostConnection::get() New Host Connection established 0xb8e7a4a0, tid 2426
I/constellation( 2083): [intent_handler] on init with intent Intent { act=com.google.android.chimera.IntentOperation.NEW_MODULE (has extras) }
D/dalvikvm( 2372): GC_FOR_ALLOC freed 344K, 10% free 5151K/5704K, paused 4ms, total 5ms
I/auxu    ( 2372): Primes not initialized, returning default (no-op) Primes instance which will ignore all calls. Please call Primes.initialize(...) before using any Primes API.
