E/AsyncOperation( 1778): 	at java.util.concurrent.ThreadPoolExecutor.runWorker(ThreadPoolExecutor.java:1112)
E/AsyncOperation( 1778): 	at java.util.concurrent.ThreadPoolExecutor$Worker.run(ThreadPoolExecutor.java:587)
E/AsyncOperation( 1778): 	at nrd.run(:com.google.android.gms@202414005@20.24.14 (000700-319035315):0)
E/AsyncOperation( 1778): 	at java.lang.Thread.run(Thread.java:841)
I/GStaticConfiguration( 2236): Ignore gservice update: no configuration
I/ahlt    ( 1778): updateFromConfigurations using legacy put method [CONTEXT service_id=204 ]
D/dalvikvm( 1799): GC_EXPLICIT freed 273K, 22% free 5960K/7604K, paused 1ms+5ms, total 14ms
W/Search.SearchUrlHelper( 2236): Auth token not ready, no auth header set.
D/dalvikvm( 2236): GC_FOR_ALLOC freed 358K, 14% free 3379K/3924K, paused 2ms, total 2ms
I/ahlt    ( 1778): updateFromConfigurations using legacy put method [CONTEXT service_id=204 ]
D/dalvikvm( 1799): GC_EXPLICIT freed 189K, 23% free 5910K/7604K, paused 0ms+0ms, total 10ms
D/dalvikvm( 2541): DexOpt: couldn't find field Landroid/view/WindowManager$LayoutParams;.layoutInDisplayCutoutMode
E/ConfigFileUtils( 2083): Failed to read config file: /data/data/com.google.android.gms/app_chimera/current_fileapks.pb: open failed: ENOENT (No such file or directory)
D/dalvikvm( 2083): GC_FOR_ALLOC freed 1815K, 25% free 8925K/11748K, paused 12ms, total 13ms
E/ConfigFileUtils( 2083): Failed to read config file: /data/data/com.google.android.gms/app_chimera/current_fileapks.pb: open failed: ENOENT (No such file or directory)
I/dalvikvm( 2083): Could not find method java.util.Locale.toLanguageTag, referenced from method com.google.android.libraries.matchstick.net.SilentRegisterIntentOperation.a
W/dalvikvm( 2083): VFY: unable to resolve virtual method 57646: Ljava/util/Locale;.toLanguageTag ()Ljava/lang/String;
D/dalvikvm( 2083): VFY: replacing opcode 0x6e at 0x0066
I/GmsModuleFndr( 2083): Beginning GMS chimera module scan
E/ConfigFileUtils( 2083): Failed to read config file: /data/data/com.google.android.gms/app_chimera/current_fileapks.pb: open failed: ENOENT (No such file or directory)
I/ModuleSetMgr( 2083): Computing pending module set with APKs: []
I/dalvikvm( 2083): Could not find method android.os.UserManager.getUserProfiles, referenced from method ajir.g
W/dalvikvm( 2083): VFY: unable to resolve virtual method 29751: Landroid/os/UserManager;.getUserProfiles ()Ljava/util/List;
D/dalvikvm( 2083): VFY: replacing opcode 0x6e at 0x0018
I/dalvikvm( 2083): Could not find method java.util.Locale.toLanguageTag, referenced from method ing.a
W/dalvikvm( 2083): VFY: unable to resolve virtual method 33842: Ljava/util/Locale;.toLanguageTag ()Ljava/lang/String;
D/dalvikvm( 2083): VFY: replacing opcode 0x6e at 0x0061
I/ModuleSetMgr( 2083): Pending container module APKs: []
I/ModuleSetMgr( 2083): Pending non-container module APKs: []
E/ConfigFileUtils( 2083): Failed to read config file: /data/data/com.google.android.gms/app_chimera/current_fileapks.pb: open failed: ENOENT (No such file or directory)
I/dalvikvm( 2083): Could not find method java.util.Locale.toLanguageTag, referenced from method ing.b
W/dalvikvm( 2083): VFY: unable to resolve virtual method 33842: Ljava/util/Locale;.toLanguageTag ()Ljava/lang/String;
D/dalvikvm( 2083): VFY: replacing opcode 0x6e at 0x0078
I/dalvikvm( 2083): Could not find method java.util.Locale.toLanguageTag, referenced from method ing.c
W/dalvikvm( 2083): VFY: unable to resolve virtual method 33842: Ljava/util/Locale;.toLanguageTag ()Ljava/lang/String;
D/dalvikvm( 2083): VFY: replacing opcode 0x6e at 0x0010
I/dalvikvm( 2083): Could not find method java.util.Locale.toLanguageTag, referenced from method ing.d
W/dalvikvm( 2083): VFY: unable to resolve virtual method 33842: Ljava/util/Locale;.toLanguageTag ()Ljava/lang/String;
D/dalvikvm( 2083): VFY: replacing opcode 0x6e at 0x000e
I/dalvikvm( 2083): Could not find method java.util.Locale.toLanguageTag, referenced from method inz.a
W/dalvikvm( 2083): VFY: unable to resolve virtual method 33842: Ljava/util/Locale;.toLanguageTag ()Ljava/lang/String;
D/dalvikvm( 2083): VFY: replacing opcode 0x6e at 0x004b
I/dalvikvm( 2083): Could not find method java.util.Locale.toLanguageTag, referenced from method iof.a
W/dalvikvm( 2083): VFY: unable to resolve virtual method 33842: Ljava/util/Locale;.toLanguageTag ()Ljava/lang/String;
D/dalvikvm( 2083): VFY: replacing opcode 0x6e at 0x01b2
I/dalvikvm( 2083): Could not find method java.util.Locale.toLanguageTag, referenced from method iof.e
W/dalvikvm( 2083): VFY: unable to resolve virtual method 33842: Ljava/util/Locale;.toLanguageTag ()Ljava/lang/String;
D/dalvikvm( 2083): VFY: replacing opcode 0x6e at 0x003f
I/dalvikvm( 2083): Could not find method java.util.Locale.toLanguageTag, referenced from method iof.f
W/dalvikvm( 2083): VFY: unable to resolve virtual method 33842: Ljava/util/Locale;.toLanguageTag ()Ljava/lang/String;
D/dalvikvm( 2083): VFY: replacing opcode 0x6e at 0x0013
I/dalvikvm( 2083): Could not find method java.util.Locale.toLanguageTag, referenced from method iol.a
W/dalvikvm( 2083): VFY: unable to resolve virtual method 33842: Ljava/util/Locale;.toLanguageTag ()Ljava/lang/String;
D/dalvikvm( 2083): VFY: replacing opcode 0x6e at 0x0089
I/dalvikvm( 2083): Could not find method java.util.Locale.toLanguageTag, referenced from method iol.a
W/dalvikvm( 2083): VFY: unable to resolve virtual method 33842: Ljava/util/Locale;.toLanguageTag ()Ljava/lang/String;
D/dalvikvm( 2083): VFY: replacing opcode 0x6e at 0x01f2
I/dalvikvm( 2083): Could not find method java.util.Locale.toLanguageTag, referenced from method iol.a
D/dalvikvm( 2083): DexOpt: couldn't find static field Landroid/os/Build;.SUPPORTED_ABIS
W/dalvikvm( 2083): VFY: unable to resolve static field 1191 (SUPPORTED_ABIS) in Landroid/os/Build;
D/dalvikvm( 2083): VFY: replacing opcode 0x62 at 0x02f8
W/dalvikvm( 2083): VFY: unable to resolve virtual method 33842: Ljava/util/Locale;.toLanguageTag ()Ljava/lang/String;
D/dalvikvm( 2083): VFY: replacing opcode 0x6e at 0x0080
I/dalvikvm( 2083): Could not find method java.util.Locale.toLanguageTag, referenced from method iol.b
W/dalvikvm( 2083): VFY: unable to resolve virtual method 33842: Ljava/util/Locale;.toLanguageTag ()Ljava/lang/String;
D/dalvikvm( 2083): VFY: replacing opcode 0x6e at 0x000e
D/dalvikvm( 2083): GC_FOR_ALLOC freed 1811K, 23% free 9115K/11748K, paused 12ms, total 12ms
I/dalvikvm( 2083): Could not find method java.util.Locale.toLanguageTag, referenced from method iol.a
W/dalvikvm( 2083): VFY: unable to resolve virtual method 33842: Ljava/util/Locale;.toLanguageTag ()Ljava/lang/String;
D/dalvikvm( 2083): VFY: replacing opcode 0x6e at 0x00ab
I/dalvikvm( 2083): Could not find method java.util.Locale.toLanguageTag, referenced from method iol.a
W/dalvikvm( 2083): VFY: unable to resolve virtual method 33842: Ljava/util/Locale;.toLanguageTag ()Ljava/lang/String;
D/dalvikvm( 2083): VFY: replacing opcode 0x6e at 0x0028
I/dalvikvm( 2083): Could not find method java.util.Locale.toLanguageTag, referenced from method iol.a
W/dalvikvm( 2083): VFY: unable to resolve virtual method 33842: Ljava/util/Locale;.toLanguageTag ()Ljava/lang/String;
D/dalvikvm( 2083): VFY: replacing opcode 0x6e at 0x009c
I/dalvikvm( 2083): Could not find method java.util.Locale.toLanguageTag, referenced from method iol.a
W/dalvikvm( 2083): VFY: unable to resolve virtual method 33842: Ljava/util/Locale;.toLanguageTag ()Ljava/lang/String;
D/dalvikvm( 2083): VFY: replacing opcode 0x6e at 0x0029
I/dalvikvm( 2083): Could not find method java.util.Locale.toLanguageTag, referenced from method iol.a
W/dalvikvm( 2083): VFY: unable to resolve virtual method 33842: Ljava/util/Locale;.toLanguageTag ()Ljava/lang/String;
D/dalvikvm( 2083): VFY: replacing opcode 0x6e at 0x0099
E/dalvikvm( 2083): Could not find class 'android.graphics.drawable.AdaptiveIconDrawable', referenced from method iol.a
W/dalvikvm( 2083): VFY: unable to resolve instanceof 599 (Landroid/graphics/drawable/AdaptiveIconDrawable;) in Liol;
D/dalvikvm( 2083): VFY: replacing opcode 0x20 at 0x016a
I/dalvikvm( 2083): Could not find method java.util.Locale.toLanguageTag, referenced from method iol.b
W/dalvikvm( 2083): VFY: unable to resolve virtual method 33842: Ljava/util/Locale;.toLanguageTag ()Ljava/lang/String;
D/dalvikvm( 2083): VFY: replacing opcode 0x6e at 0x00b7
I/dalvikvm( 2083): Could not find method java.util.Locale.toLanguageTag, referenced from method iol.b
W/dalvikvm( 2083): VFY: unable to resolve virtual method 33842: Ljava/util/Locale;.toLanguageTag ()Ljava/lang/String;
D/dalvikvm( 2083): VFY: replacing opcode 0x6e at 0x0037
D/dalvikvm( 1799): GC_EXPLICIT freed 132K, 23% free 5915K/7604K, paused 0ms+0ms, total 8ms
I/dalvikvm( 2083): Could not find method java.util.Locale.toLanguageTag, referenced from method ipl.b
W/dalvikvm( 2083): VFY: unable to resolve virtual method 33842: Ljava/util/Locale;.toLanguageTag ()Ljava/lang/String;
D/dalvikvm( 2083): VFY: replacing opcode 0x6e at 0x0013
I/dalvikvm( 2083): Could not find method java.util.Locale.toLanguageTag, referenced from method ipl.a
W/dalvikvm( 2083): VFY: unable to resolve virtual method 33842: Ljava/util/Locale;.toLanguageTag ()Ljava/lang/String;
D/dalvikvm( 2083): VFY: replacing opcode 0x6e at 0x0062
I/dalvikvm( 2083): Could not find method java.util.Locale.toLanguageTag, referenced from method ipl.a
W/dalvikvm( 2083): VFY: unable to resolve virtual method 33842: Ljava/util/Locale;.toLanguageTag ()Ljava/lang/String;
D/dalvikvm( 2083): VFY: replacing opcode 0x6e at 0x016a
I/dalvikvm( 2083): Could not find method java.util.Locale.toLanguageTag, referenced from method ipl.a
W/dalvikvm( 2083): VFY: unable to resolve virtual method 33842: Ljava/util/Locale;.toLanguageTag ()Ljava/lang/String;
D/dalvikvm( 2083): VFY: replacing opcode 0x6e at 0x0015
I/dalvikvm( 2083): Could not find method java.util.Locale.toLanguageTag, referenced from method ipl.a
W/dalvikvm( 2083): VFY: unable to resolve virtual method 33842: Ljava/util/Locale;.toLanguageTag ()Ljava/lang/String;
D/dalvikvm( 2083): VFY: replacing opcode 0x6e at 0x004f
D/        ( 2083): HostConnection::get() New Host Connection established 0xb90a4960, tid 2202
I/dalvikvm( 2083): Could not find method java.util.Locale.toLanguageTag, referenced from method ipl.a
W/dalvikvm( 2083): VFY: unable to resolve virtual method 33842: Ljava/util/Locale;.toLanguageTag ()Ljava/lang/String;
D/dalvikvm( 2083): VFY: replacing opcode 0x6e at 0x0014
I/dalvikvm( 2083): Could not find method java.util.Locale.toLanguageTag, referenced from method ipl.a
W/dalvikvm( 2083): VFY: unable to resolve virtual method 33842: Ljava/util/Locale;.toLanguageTag ()Ljava/lang/String;
D/dalvikvm( 2083): VFY: replacing opcode 0x6e at 0x001a
D/EGL_emulation( 2083): eglCreateContext: 0xb9159980: maj 1 min 0 rcv 1
D/EGL_emulation( 2083): eglMakeCurrent: 0xb9159980: ver 1 0
D/EGL_emulation( 2083): eglCreateContext: 0xb9159980: maj 3 min 0 rcv 3
D/EGL_emulation( 2083): eglMakeCurrent: 0xb9159980: ver 3 0
E/eglCodecCommon( 2083): glUtilsParamSize: unknow param 0x00008cdf
E/eglCodecCommon( 2083): glUtilsParamSize: unknow param 0x00008824
I/dalvikvm( 2083): Could not find method java.util.Locale.toLanguageTag, referenced from method ipz.a
W/dalvikvm( 2083): VFY: unable to resolve virtual method 33842: Ljava/util/Locale;.toLanguageTag ()Ljava/lang/String;
D/dalvikvm( 2083): VFY: replacing opcode 0x6e at 0x001c
I/dalvikvm( 2083): Could not find method java.util.Locale.toLanguageTag, referenced from method ipz.c
W/dalvikvm( 2083): VFY: unable to resolve virtual method 33842: Ljava/util/Locale;.toLanguageTag ()Ljava/lang/String;
D/dalvikvm( 2083): VFY: replacing opcode 0x6e at 0x0016
I/dalvikvm( 2083): Could not find method java.util.Locale.toLanguageTag, referenced from method ipz.c
W/dalvikvm( 2083): VFY: unable to resolve virtual method 33842: Ljava/util/Locale;.toLanguageTag ()Ljava/lang/String;
D/dalvikvm( 2083): VFY: replacing opcode 0x6e at 0x0072
I/dalvikvm( 2083): Could not find method java.util.Locale.toLanguageTag, referenced from method ipz.a
W/dalvikvm( 2083): VFY: unable to resolve virtual method 33842: Ljava/util/Locale;.toLanguageTag ()Ljava/lang/String;
D/dalvikvm( 2083): VFY: replacing opcode 0x6e at 0x0061
I/dalvikvm( 2083): Could not find method java.util.Locale.toLanguageTag, referenced from method ipz.a
W/dalvikvm( 2083): VFY: unable to resolve virtual method 33842: Ljava/util/Locale;.toLanguageTag ()Ljava/lang/String;
D/dalvikvm( 2083): VFY: replacing opcode 0x6e at 0x008f
I/dalvikvm( 2083): Could not find method java.util.Locale.toLanguageTag, referenced from method ipz.a
W/dalvikvm( 2083): VFY: unable to resolve virtual method 33842: Ljava/util/Locale;.toLanguageTag ()Ljava/lang/String;
D/dalvikvm( 2083): VFY: replacing opcode 0x6e at 0x0116
I/dalvikvm( 2083): Could not find method java.util.Locale.toLanguageTag, referenced from method ipz.a
W/dalvikvm( 2083): VFY: unable to resolve virtual method 33842: Ljava/util/Locale;.toLanguageTag ()Ljava/lang/String;
D/dalvikvm( 2083): VFY: replacing opcode 0x6e at 0x001a
I/dalvikvm( 2083): Could not find method java.util.Locale.toLanguageTag, referenced from method ipz.a
W/dalvikvm( 2083): VFY: unable to resolve virtual method 33842: Ljava/util/Locale;.toLanguageTag ()Ljava/lang/String;
D/dalvikvm( 2083): VFY: replacing opcode 0x6e at 0x001a
I/dalvikvm( 2083): Could not find method java.util.Locale.toLanguageTag, referenced from method ipz.b
W/dalvikvm( 2083): VFY: unable to resolve virtual method 33842: Ljava/util/Locale;.toLanguageTag ()Ljava/lang/String;
D/dalvikvm( 2083): VFY: replacing opcode 0x6e at 0x000f
E/PhenotypeRegOp( 2083): Attempting to overwrite config package for com.google.android.gms.games [CONTEXT service_id=231 ]
I/dalvikvm( 2083): Could not find method java.util.Locale.toLanguageTag, referenced from method ipz.b
W/dalvikvm( 2083): VFY: unable to resolve virtual method 33842: Ljava/util/Locale;.toLanguageTag ()Ljava/lang/String;
D/dalvikvm( 2083): VFY: replacing opcode 0x6e at 0x004c
I/dalvikvm( 2083): Could not find method java.util.Locale.toLanguageTag, referenced from method ipz.c
W/dalvikvm( 2083): VFY: unable to resolve virtual method 33842: Ljava/util/Locale;.toLanguageTag ()Ljava/lang/String;
D/dalvikvm( 2083): VFY: replacing opcode 0x6e at 0x0050
E/PhenotypeRegOp( 2083): Attempting to overwrite config package for com.google.android.gms.mobile_data_plan [CONTEXT service_id=231 ]
E/PhenotypeRegOp( 2083): Attempting to overwrite config package for com.google.android.gms.signin [CONTEXT service_id=231 ]
E/PhenotypeRegOp( 2083): Attempting to overwrite config package for com.google.android.gms.udc [CONTEXT service_id=231 ]
I/ahju    ( 2083): Cancel all previously scheduled polling [CONTEXT service_id=51 ]
I/ahju    ( 2083): Scheduling Phenotype for first execution 12481 seconds from now (1629050792654) [CONTEXT service_id=51 ]
I/dalvikvm( 2083): Could not find method java.util.Locale.toLanguageTag, referenced from method ipz.c
W/dalvikvm( 2083): VFY: unable to resolve virtual method 33842: Ljava/util/Locale;.toLanguageTag ()Ljava/lang/String;
D/dalvikvm( 2083): VFY: replacing opcode 0x6e at 0x007f
I/dalvikvm( 2083): Could not find method java.util.Locale.toLanguageTag, referenced from method ipz.e
W/dalvikvm( 2083): VFY: unable to resolve virtual method 33842: Ljava/util/Locale;.toLanguageTag ()Ljava/lang/String;
D/dalvikvm( 2083): VFY: replacing opcode 0x6e at 0x0039
I/dalvikvm( 2083): Could not find method java.util.Locale.toLanguageTag, referenced from method iqa.a
W/dalvikvm( 2083): VFY: unable to resolve virtual method 33842: Ljava/util/Locale;.toLanguageTag ()Ljava/lang/String;
D/dalvikvm( 2083): VFY: replacing opcode 0x6e at 0x0088
I/dalvikvm( 2083): Could not find method java.util.Locale.toLanguageTag, referenced from method iqa.b
W/dalvikvm( 2083): VFY: unable to resolve virtual method 33842: Ljava/util/Locale;.toLanguageTag ()Ljava/lang/String;
D/dalvikvm( 2083): VFY: replacing opcode 0x6e at 0x0046
I/dalvikvm( 2083): Could not find method java.util.Locale.toLanguageTag, referenced from method iqa.b
W/dalvikvm( 2083): VFY: unable to resolve virtual method 33842: Ljava/util/Locale;.toLanguageTag ()Ljava/lang/String;
D/dalvikvm( 2083): VFY: replacing opcode 0x6e at 0x0017
I/dalvikvm( 2083): Could not find method java.util.Locale.toLanguageTag, referenced from method iqa.c
W/dalvikvm( 2083): VFY: unable to resolve virtual method 33842: Ljava/util/Locale;.toLanguageTag ()Ljava/lang/String;
D/dalvikvm( 2083): VFY: replacing opcode 0x6e at 0x0017
I/dalvikvm( 2083): Could not find method java.util.Locale.toLanguageTag, referenced from method iqi.a
W/dalvikvm( 2083): VFY: unable to resolve virtual method 33842: Ljava/util/Locale;.toLanguageTag ()Ljava/lang/String;
D/dalvikvm( 2083): VFY: replacing opcode 0x6e at 0x0048
I/dalvikvm( 2083): Could not find method java.util.Locale.toLanguageTag, referenced from method iqi.a
W/dalvikvm( 2083): VFY: unable to resolve virtual method 33842: Ljava/util/Locale;.toLanguageTag ()Ljava/lang/String;
D/dalvikvm( 2083): VFY: replacing opcode 0x6e at 0x008c
I/dalvikvm( 2083): Could not find method java.util.Locale.toLanguageTag, referenced from method iqi.a
W/dalvikvm( 2083): VFY: unable to resolve virtual method 33842: Ljava/util/Locale;.toLanguageTag ()Ljava/lang/String;
D/dalvikvm( 2083): VFY: replacing opcode 0x6e at 0x0017
D/dalvikvm( 2541): DexOpt: load 89ms, verify+opt 709ms, 2655180 bytes
I/dalvikvm( 2083): Could not find method java.util.Locale.toLanguageTag, referenced from method iqp.b
W/dalvikvm( 2083): VFY: unable to resolve virtual method 33842: Ljava/util/Locale;.toLanguageTag ()Ljava/lang/String;
D/dalvikvm( 2083): VFY: replacing opcode 0x6e at 0x005c
I/dalvikvm( 2083): Could not find method java.util.Locale.toLanguageTag, referenced from method ipo.a
W/dalvikvm( 2083): VFY: unable to resolve virtual method 33842: Ljava/util/Locale;.toLanguageTag ()Ljava/lang/String;
D/dalvikvm( 2083): VFY: replacing opcode 0x6e at 0x0014
I/dalvikvm( 2083): Could not find method java.util.Locale.toLanguageTag, referenced from method iqg.a
W/dalvikvm( 2083): VFY: unable to resolve virtual method 33842: Ljava/util/Locale;.toLanguageTag ()Ljava/lang/String;
D/dalvikvm( 2083): VFY: replacing opcode 0x6e at 0x000d
I/dalvikvm( 2083): Could not find method java.util.Locale.toLanguageTag, referenced from method iqg.a
W/dalvikvm( 2083): VFY: unable to resolve virtual method 33842: Ljava/util/Locale;.toLanguageTag ()Ljava/lang/String;
D/dalvikvm( 2083): VFY: replacing opcode 0x6e at 0x0018
I/dalvikvm( 2083): Could not find method java.util.Locale.toLanguageTag, referenced from method iqg.a
W/dalvikvm( 2083): VFY: unable to resolve virtual method 33842: Ljava/util/Locale;.toLanguageTag ()Ljava/lang/String;
D/dalvikvm( 2083): VFY: replacing opcode 0x6e at 0x00ac
I/dalvikvm( 2083): Could not find method java.util.Locale.toLanguageTag, referenced from method iqg.a
W/dalvikvm( 2083): VFY: unable to resolve virtual method 33842: Ljava/util/Locale;.toLanguageTag ()Ljava/lang/String;
D/dalvikvm( 2083): VFY: replacing opcode 0x6e at 0x0015
I/Auth    ( 2083): [AuthManaged,AuthManagedModuleInitIntentOperation] enabling com.google.android.gms.auth.managed.ui.EmmActivity
I/dalvikvm( 2083): Could not find method java.util.Locale.toLanguageTag, referenced from method iqg.a
W/dalvikvm( 2083): VFY: unable to resolve virtual method 33842: Ljava/util/Locale;.toLanguageTag ()Ljava/lang/String;
D/dalvikvm( 2083): VFY: replacing opcode 0x6e at 0x000c
I/dalvikvm( 2083): Could not find method java.util.Locale.toLanguageTag, referenced from method iqg.a
W/dalvikvm( 2083): VFY: unable to resolve virtual method 33842: Ljava/util/Locale;.toLanguageTag ()Ljava/lang/String;
D/dalvikvm( 2083): VFY: replacing opcode 0x6e at 0x0074
I/dalvikvm( 2083): Could not find method java.util.Locale.toLanguageTag, referenced from method iqg.a
W/dalvikvm( 2083): VFY: unable to resolve virtual method 33842: Ljava/util/Locale;.toLanguageTag ()Ljava/lang/String;
D/dalvikvm( 2083): VFY: replacing opcode 0x6e at 0x0024
I/dalvikvm( 2083): Could not find method java.util.Locale.toLanguageTag, referenced from method iqs.a
I/Auth    ( 2083): [AuthManaged,AuthManagedModuleInitIntentOperation] enabling com.google.android.gms.auth.managed.ui.PhoneskyDpcInstallActivity
W/dalvikvm( 2083): VFY: unable to resolve virtual method 33842: Ljava/util/Locale;.toLanguageTag ()Ljava/lang/String;
D/dalvikvm( 2083): VFY: replacing opcode 0x6e at 0x000e
I/dalvikvm( 2083): Could not find method java.util.Locale.toLanguageTag, referenced from method iqs.a
W/dalvikvm( 2083): VFY: unable to resolve virtual method 33842: Ljava/util/Locale;.toLanguageTag ()Ljava/lang/String;
D/dalvikvm( 2083): VFY: replacing opcode 0x6e at 0x0014
I/dalvikvm( 2083): Could not find method java.util.Locale.toLanguageTag, referenced from method iqs.a
W/dalvikvm( 2083): VFY: unable to resolve virtual method 33842: Ljava/util/Locale;.toLanguageTag ()Ljava/lang/String;
D/dalvikvm( 2083): VFY: replacing opcode 0x6e at 0x0147
I/dalvikvm( 2083): Could not find method java.util.Locale.toLanguageTag, referenced from method iqs.a
W/dalvikvm( 2083): VFY: unable to resolve virtual method 33842: Ljava/util/Locale;.toLanguageTag ()Ljava/lang/String;
D/dalvikvm( 2083): VFY: replacing opcode 0x6e at 0x000d
I/dalvikvm( 2083): Could not find method java.util.Locale.toLanguageTag, referenced from method iqs.a
W/dalvikvm( 2083): VFY: unable to resolve virtual method 33842: Ljava/util/Locale;.toLanguageTag ()Ljava/lang/String;
D/dalvikvm( 2083): VFY: replacing opcode 0x6e at 0x000d
I/dalvikvm( 2083): Could not find method java.util.Locale.toLanguageTag, referenced from method iqs.a
W/dalvikvm( 2083): VFY: unable to resolve virtual method 33842: Ljava/util/Locale;.toLanguageTag ()Ljava/lang/String;
D/dalvikvm( 2083): VFY: replacing opcode 0x6e at 0x0052
I/dalvikvm( 2083): Could not find method java.util.Locale.toLanguageTag, referenced from method iqs.a
W/dalvikvm( 2083): VFY: unable to resolve virtual method 33842: Ljava/util/Locale;.toLanguageTag ()Ljava/lang/String;
D/dalvikvm( 2083): VFY: replacing opcode 0x6e at 0x0011
I/dalvikvm( 2083): Could not find method java.util.Locale.toLanguageTag, referenced from method iqs.b
W/dalvikvm( 2083): VFY: unable to resolve virtual method 33842: Ljava/util/Locale;.toLanguageTag ()Ljava/lang/String;
D/dalvikvm( 2083): VFY: replacing opcode 0x6e at 0x0017
I/dalvikvm( 2083): Could not find method java.util.Locale.toLanguageTag, referenced from method iqs.b
W/dalvikvm( 2083): VFY: unable to resolve virtual method 33842: Ljava/util/Locale;.toLanguageTag ()Ljava/lang/String;
D/dalvikvm( 2083): VFY: replacing opcode 0x6e at 0x00a7
I/dalvikvm( 2083): Could not find method java.util.Locale.toLanguageTag, referenced from method iqs.c
W/dalvikvm( 2083): VFY: unable to resolve virtual method 33842: Ljava/util/Locale;.toLanguageTag ()Ljava/lang/String;
D/dalvikvm( 2083): VFY: replacing opcode 0x6e at 0x0017
D/dalvikvm( 1778): GC_EXPLICIT freed 1359K, 16% free 8502K/10112K, paused 4ms+2ms, total 17ms
D/dalvikvm( 2083): DexOpt: --- END 'AdsDynamite.apk' (success) ---
D/dalvikvm( 2083): DEX prep '/data/data/com.google.android.gms/app_chimera/m/00000000/AdsDynamite.apk': unzip in 87ms, rewrite 1001ms
I/Auth    ( 2083): [AuthManaged,AuthManagedModuleInitIntentOperation] disabling com.google.android.gms.auth.managed.ui.SettingsSecurityDeviceOwnerActivity
I/dalvikvm( 2083): Could not find method android.app.admin.DevicePolicyManager.getProfileOwner, referenced from method com.google.android.gms.auth.managed.intentoperations.SetupWorkProfileSettingsIntentOperation.a
W/dalvikvm( 2083): VFY: unable to resolve virtual method 2591: Landroid/app/admin/DevicePolicyManager;.getProfileOwner ()Landroid/content/ComponentName;
D/dalvikvm( 2083): VFY: replacing opcode 0x6e at 0x0028
I/Auth    ( 2083): [AuthManaged,PasswordComplexityHelperImpl] Updating password complexity components state.
I/Auth    ( 2083): [AuthManaged,PasswordComplexityHelperImpl] Disabling com.google.android.gms.auth.managed.admin.DeviceAdminReceiver
I/Auth    ( 2083): [AuthManaged,PasswordComplexityHelperImpl] Disabling com.google.android.gms.auth.managed.ui.SetNewPasswordActivity
D/dalvikvm( 1569): GC_FOR_ALLOC freed 1175K, 49% free 7633K/14820K, paused 8ms, total 8ms
D/dalvikvm( 2083): GC_FOR_ALLOC freed 1866K, 21% free 9297K/11748K, paused 14ms, total 14ms
W/DynamiteModule( 2083): Local module descriptor class for providerinstaller not found.
I/DynamiteModule( 2083): Considering local module providerinstaller:0 and remote module providerinstaller:0
W/ProviderInstaller( 2083): Failed to load providerinstaller module: No acceptable module found. Local version is 0 and remote version is 0.
D/dalvikvm( 2083): GC_FOR_ALLOC freed 238K, 22% free 9254K/11748K, paused 10ms, total 10ms
I/dalvikvm-heap( 2083): Grow heap (frag case) to 10.279MB for 1048588-byte allocation
D/dalvikvm( 2083): GC_FOR_ALLOC freed <1K, 20% free 10277K/12776K, paused 11ms, total 11ms
D/dalvikvm( 2083): GC_FOR_ALLOC freed 1195K, 28% free 9272K/12776K, paused 9ms, total 9ms
I/ChromeSync( 2083): [Sync,SyncIntentOperation] Handling the intent: Intent { act=com.google.android.chimera.IntentOperation.NEW_MODULE (has extras) }.
D/dalvikvm( 1799): GC_EXPLICIT freed 144K, 23% free 5910K/7604K, paused 1ms+4ms, total 11ms
I/AutofillModuleInitInten( 2083): AutofillModuleInitIntentOperation onInitRuntimeState(12) [CONTEXT service_id=177 ]
D/dalvikvm( 2083): GC_FOR_ALLOC freed 2049K, 28% free 9270K/12776K, paused 13ms, total 13ms
I/FA-SVC  ( 2083): App measurement initialized, version: 202414
I/dalvikvm( 2083): Failed resolving Lnkj; interface 845 'Landroid/net/ConnectivityManager$OnNetworkActiveListener;'
W/dalvikvm( 2083): Link of class 'Lnkj;' failed
I/dalvikvm( 2083): Could not find method nkj.a, referenced from method com.google.android.gms.common.stats.GmsCoreStatsChimeraService.onCreate
W/dalvikvm( 2083): VFY: unable to resolve static method 54667: Lnkj;.a ()Lnkj;
D/dalvikvm( 2083): VFY: replacing opcode 0x71 at 0x0009
I/dalvikvm( 2083): Failed resolving Lnkj; interface 845 'Landroid/net/ConnectivityManager$OnNetworkActiveListener;'
W/dalvikvm( 2083): Link of class 'Lnkj;' failed
I/dalvikvm( 2083): Could not find method nkj.a, referenced from method com.google.android.gms.common.stats.GmsCoreStatsChimeraService.onDestroy
W/dalvikvm( 2083): VFY: unable to resolve static method 54667: Lnkj;.a ()Lnkj;
D/dalvikvm( 2083): VFY: replacing opcode 0x71 at 0x0009
I/dalvikvm( 1778): Failed resolving Lnkj; interface 845 'Landroid/net/ConnectivityManager$OnNetworkActiveListener;'
W/dalvikvm( 1778): Link of class 'Lnkj;' failed
I/dalvikvm( 1778): Could not find method nkj.a, referenced from method com.google.android.gms.common.stats.GmsCoreStatsChimeraService.onCreate
W/dalvikvm( 1778): VFY: unable to resolve static method 54667: Lnkj;.a ()Lnkj;
D/dalvikvm( 1778): VFY: replacing opcode 0x71 at 0x0009
I/dalvikvm( 1778): Failed resolving Lnkj; interface 845 'Landroid/net/ConnectivityManager$OnNetworkActiveListener;'
W/dalvikvm( 1778): Link of class 'Lnkj;' failed
I/dalvikvm( 1778): Could not find method nkj.a, referenced from method com.google.android.gms.common.stats.GmsCoreStatsChimeraService.onDestroy
W/dalvikvm( 1778): VFY: unable to resolve static method 54667: Lnkj;.a ()Lnkj;
D/dalvikvm( 1778): VFY: replacing opcode 0x71 at 0x0009
I/Fido    ( 2083): [FidoInitIntentOperation] Initializing Fido module, InitRuntimeState=12
D/dalvikvm( 2083): GC_EXPLICIT freed 546K, 27% free 9359K/12776K, paused 5ms+6ms, total 51ms
D/dalvikvm( 1778): GC_EXPLICIT freed 1647K, 18% free 8662K/10560K, paused 1ms+1ms, total 19ms
D/dalvikvm( 2083): DexOpt: --- BEGIN 'CronetDynamite.apk' (bootstrap=0) ---
W/linker  ( 2579): libdvm.so has text relocations. This is wasting memory and is a security risk. Please fix.
D/dalvikvm( 2579): DexOpt: couldn't find static field Landroid/os/Build;.SUPPORTED_ABIS
D/dalvikvm( 1569): GC_FOR_ALLOC freed 1163K, 49% free 7626K/14820K, paused 22ms, total 22ms
D/dalvikvm( 2579): DexOpt: load 4ms, verify+opt 24ms, 472172 bytes
D/dalvikvm( 1799): GC_EXPLICIT freed 138K, 23% free 5907K/7604K, paused 0ms+1ms, total 8ms
D/dalvikvm( 2083): DexOpt: --- END 'CronetDynamite.apk' (success) ---
D/dalvikvm( 2083): DEX prep '/data/data/com.google.android.gms/app_chimera/m/00000001/CronetDynamite.apk': unzip in 1ms, rewrite 111ms
W/DynamiteModule( 2083): Local module descriptor class for providerinstaller not found.
I/DynamiteModule( 2083): Considering local module providerinstaller:0 and remote module providerinstaller:0
W/ProviderInstaller( 2083): Failed to load providerinstaller module: No acceptable module found. Local version is 0 and remote version is 0.
I/NewModuleOp( 2083): Enable component: com.google.android.gms.languageprofile.GcmReceiverService [CONTEXT service_id=167 ]
I/NewModuleOp( 2083): Enable component: com.google.android.gms.languageprofile.GcmTaskService [CONTEXT service_id=167 ]
I/NewModuleOp( 2083): Schedule LanguageProfileGcmTaskChimeraService tasks. [CONTEXT service_id=167 ]
I/LPGcmTaskChimeraService( 2083): Unscheduling sync tasks. [CONTEXT service_id=167 ]
D/dalvikvm( 2083): GC_EXPLICIT freed 1287K, 26% free 9468K/12776K, paused 1ms+1ms, total 63ms
I/TelephonySpam( 2083): TelephonySpamInit - onModuleUpdated TelephonySpam module initialized
D/dalvikvm( 2083): DexOpt: --- BEGIN 'DynamiteLoader.apk' (bootstrap=0) ---
W/linker  ( 2582): libdvm.so has text relocations. This is wasting memory and is a security risk. Please fix.
I/TelephonySpam( 2083): SpamListSync - scheduleSyncTasks
I/TelephonySpam( 2083): SpamListSync - schedulePeriodicTask
I/Icing   ( 2083): Indexing com.google.android.gms-contacts_contact_id from com.google.android.gms
D/dalvikvm( 2582): DexOpt: couldn't find static field Landroid/os/Build;.SUPPORTED_64_BIT_ABIS
I/Icing   ( 2083): Indexing done com.google.android.gms-contacts_contact_id
D/dalvikvm( 2582): DexOpt: couldn't find static field Landroid/os/Build;.SUPPORTED_64_BIT_ABIS
D/dalvikvm( 2582): DexOpt: couldn't find static field Landroid/os/Build;.SUPPORTED_64_BIT_ABIS
I/Icing   ( 2083): Indexing com.google.android.gms-emails_data_id from com.google.android.gms
I/Icing   ( 2083): Indexing done com.google.android.gms-emails_data_id
I/Icing   ( 2083): Indexing com.google.android.gms-phones_data_id from com.google.android.gms
I/TelephonySpam( 2083): SpamListSync - scheduleOneTimeTask
D/dalvikvm( 2582): DexOpt: load 4ms, verify+opt 34ms, 376300 bytes
I/Icing   ( 2083): Indexing done com.google.android.gms-phones_data_id
I/Icing   ( 2083): Indexing com.google.android.gms-postals_data_id from com.google.android.gms
I/Icing   ( 2083): Indexing done com.google.android.gms-postals_data_id
D/dalvikvm( 2083): DexOpt: --- END 'DynamiteLoader.apk' (success) ---
D/dalvikvm( 2083): DEX prep '/data/data/com.google.android.gms/app_chimera/m/00000002/DynamiteLoader.apk': unzip in 9ms, rewrite 136ms
I/Icing   ( 2083): Post-init done
W/DynamiteModule( 2083): Local module descriptor class for providerinstaller not found.
I/DynamiteModule( 2083): Considering local module providerinstaller:0 and remote module providerinstaller:0
W/ProviderInstaller( 2083): Failed to load providerinstaller module: No acceptable module found. Local version is 0 and remote version is 0.
I/ahju    ( 1778): Scheduling Phenotype for a PhenotypeSyncImmediately(6, com.google.android.gms.auth_api_phone) one off with window [1, 2] in seconds [CONTEXT service_id=51 ]
I/ahju    ( 1778): Scheduling Phenotype for a PhenotypeSyncImmediately(6, com.google.android.gms.lockbox) one off with window [1, 2] in seconds [CONTEXT service_id=51 ]
I/SystemUpdate( 2083): [Installation,ReceiverIntentOperation] Received intent: Intent { act=com.google.android.gms.update.BASE_MODULE_INIT cat=[targeted_intent_op_prefix:.update.control.ReceiverIntentOperation] cmp=com.google.android.gms/.chimera.GmsIntentOperationService }.
W/dalvikvm( 2083): VFY: unable to find class referenced in signature (Landroid/service/persistentdata/PersistentDataBlockManager;)
E/dalvikvm( 2083): Could not find class 'android.service.persistentdata.PersistentDataBlockManager', referenced from method eyr.a
W/dalvikvm( 2083): VFY: unable to resolve check-cast 972 (Landroid/service/persistentdata/PersistentDataBlockManager;) in Leyr;
D/dalvikvm( 2083): VFY: replacing opcode 0x1f at 0x0022
W/dalvikvm( 2083): VFY: unable to find class referenced in signature (Landroid/service/persistentdata/PersistentDataBlockManager;)
I/dalvikvm( 2083): Could not find method android.service.persistentdata.PersistentDataBlockManager.getMaximumDataBlockSize, referenced from method eyr.a
W/dalvikvm( 2083): VFY: unable to resolve virtual method 4350: Landroid/service/persistentdata/PersistentDataBlockManager;.getMaximumDataBlockSize ()J
D/dalvikvm( 2083): VFY: replacing opcode 0x6e at 0x001e
I/dalvikvm( 2083): Could not find method android.service.persistentdata.PersistentDataBlockManager.read, referenced from method eyr.b
W/dalvikvm( 2083): VFY: unable to resolve virtual method 4351: Landroid/service/persistentdata/PersistentDataBlockManager;.read ()[B
D/dalvikvm( 2083): VFY: replacing opcode 0x6e at 0x000d
I/Auth    ( 2083): [WorkAccount] update authenticator enabled for boot or update
I/Auth    ( 1778): [WorkAccountServiceImpl] init work authenticator
W/WakefulBroadcastReceiv.( 1799): No active wake lock id #3
I/Auth    ( 2083): [SupervisedAccountIntentOperation] onHandleIntent(): android.intent.action.BOOT_COMPLETED
I/Auth    ( 2083): [SupervisedAccountIntentOperation] This operation is disabled
I/Auth    ( 2083): [AuthManaged,PasswordComplexityHelperImpl] Updating password complexity components state.
I/Auth    ( 2083): [AuthManaged,PasswordComplexityHelperImpl] Disabling com.google.android.gms.auth.managed.admin.DeviceAdminReceiver
I/Auth    ( 2083): [AuthManaged,PasswordComplexityHelperImpl] Disabling com.google.android.gms.auth.managed.ui.SetNewPasswordActivity
I/AutofillModuleInitInten( 2083): AutofillModuleInitIntentOperation onInitRuntimeState(3) [CONTEXT service_id=177 ]
I/Authzen ( 2083): [AuthZenEventHandler] Handling event: android.intent.action.BOOT_COMPLETED
I/Authzen ( 2083): [TransactionCache] Clearing transaction cache
D/dalvikvm( 1799): GC_EXPLICIT freed 412K, 22% free 5950K/7604K, paused 0ms+3ms, total 8ms
D/dalvikvm( 1569): GC_FOR_ALLOC freed 1103K, 49% free 7686K/14820K, paused 17ms, total 17ms
I/BackupPreLmp( 2083): [ComponentEnabler] Enabling pre-L components
V/BackupPreLmp( 2083): [ComponentEnabler] Enabling Component: com.google.android.gms.backup.component.D2dPreLSourceActivity
W/GCoreFlp( 1778): No location to return for getLastLocation()
D/dalvikvm( 2083): GC_EXPLICIT freed 1895K, 25% free 9620K/12776K, paused 1ms+3ms, total 41ms
D/dalvikvm( 2083): WAIT_FOR_CONCURRENT_GC blocked 27ms
D/dalvikvm( 2083): WAIT_FOR_CONCURRENT_GC blocked 27ms
D/dalvikvm( 2083): WAIT_FOR_CONCURRENT_GC blocked 26ms
D/dalvikvm( 2083): WAIT_FOR_CONCURRENT_GC blocked 26ms
D/dalvikvm( 2083): WAIT_FOR_CONCURRENT_GC blocked 7ms
D/dalvikvm( 2083): WAIT_FOR_CONCURRENT_GC blocked 25ms
D/dalvikvm( 2083): WAIT_FOR_CONCURRENT_GC blocked 23ms
D/dalvikvm( 2083): WAIT_FOR_CONCURRENT_GC blocked 23ms
W/Icing   ( 2083): No valid account for uploading user actions
I/MdiSyncModule( 2083): initializing module...
I/Checkin ( 2083): [CheckinChimeraService] onStartCommand
I/ChromeSync( 2083): [Sync,SyncIntentOperation] Handling the intent: Intent { act=android.intent.action.BOOT_COMPLETED flg=0x8000010 cmp=com.google.android.gms/.chimera.GmsIntentOperationService (has extras) }.
I/Checkin ( 2083): [CheckinChimeraService] runCheckinOnNewThread
I/Checkin ( 2083): [CheckinChimeraService] Check queued to run. Is task waiting: false
I/CCTBootCount( 1778): (BOOT_COMPLETE intent)Device boot count in Clearcut increased.
I/ahju    ( 1778): Scheduling Phenotype for a PhenotypeSyncImmediately(16, com.google.android.gms.icing.mdd) one off with window [1, 2] in seconds [CONTEXT service_id=51 ]
I/Checkin ( 2083): [CheckinChimeraService] Run checkin on new thread return:1
I/Checkin ( 2083): [CheckinChimeraService] Starting Checkin Task: CheckinNowTaskTag Reason : 1 Force : false UserId: 0
I/SystemUpdate( 2083): [Execution,InstallationEventIntentOperation] Handling event of type 1.
I/SystemUpdate( 2083): [Execution,InstallationIntentOperation] Received intent: Intent { act=com.google.android.gms.update.INSTALL_UPDATE cat=[targeted_intent_op_prefix:.update.execution.InstallationIntentOperation] cmp=com.google.android.gms/.chimera.GmsIntentOperationService }.
I/SystemUpdate( 2083): [Execution,ExecutionManager] Action finished-execution executed for 0.00 seconds.
E/JavaBinder( 2083): !!! FAILED BINDER TRANSACTION !!!
D/dalvikvm( 2083): DexOpt: --- BEGIN 'DynamiteModulesA.apk' (bootstrap=0) ---
I/LockboxService( 1778): Completed task: true [CONTEXT service_id=26 ]
I/Icing   ( 2083): Usage reports ok 0, Failed Usage reports 0, indexed 0, rejected 0
W/linker  ( 2594): libdvm.so has text relocations. This is wasting memory and is a security risk. Please fix.
W/Icing   ( 2083): No valid account for uploading user actions
D/dalvikvm( 1799): GC_EXPLICIT freed 136K, 22% free 5955K/7604K, paused 0ms+0ms, total 12ms
I/constellation( 2083): [intent_handler] Received onBootCompleted intent
I/constellation( 2083): [reboot_checker] Reboot checker check status.
I/constellation( 2083): [reboot_checker] reboot checker is disabled.
I/constellation( 2083): [intent_handler] on init with intent Intent { act=android.intent.action.BOOT_COMPLETED flg=0x8000010 cmp=com.google.android.gms/.chimera.GmsIntentOperationService (has extras) }
I/Icing   ( 2083): Usage reports ok 0, Failed Usage reports 0, indexed 0, rejected 0
W/Icing   ( 2083): No valid account for uploading user actions
I/Icing   ( 2083): Usage reports ok 0, Failed Usage reports 0, indexed 0, rejected 0
I/Fido    ( 2083): [FidoInitIntentOperation] Initializing Fido module, InitRuntimeState=3
D/ConnectivityService( 1569): handleInetConditionHoldEnd: net=0, condition=0, published condition=0
I/GCM-GMS ( 2083): Scheduling task to register GMS
I/GmsSyncPolicyEngine( 2083): Periodic sync 3 disabled
I/MdiSyncModule( 2083): module initialization completed
I/GoogleSettingsUtils( 2083): Updated ID in checkin_id_token file [CONTEXT service_id=130 ]
I/ActivityManager( 1569): Start proc com.google.android.gms.unstable for service com.google.android.gms/.droidguard.DroidGuardService: pid=2598 uid=10007 gids={50007, 3003, 1007, 1028, 1015, 3002, 3001, 3007, 2001, 3006}
I/Herrevad( 1778): [59] wkz.a: updateListenState
W/dalvikvm( 2598): VFY: unable to resolve static field 1608 (PR_SET_DUMPABLE) in Landroid/system/OsConstants;
D/dalvikvm( 2598): VFY: replacing opcode 0x60 at 0x0017
W/dalvikvm( 2598): VFY: unable to find class referenced in signature (Lyqx;)
W/dalvikvm( 2598): VFY: unable to find class referenced in signature (Lyro;)
D/dalvikvm( 1778): GC_EXPLICIT freed 1766K, 19% free 8621K/10640K, paused 6ms+1ms, total 29ms
D/dalvikvm( 2083): GC_EXPLICIT freed 1129K, 25% free 9704K/12776K, paused 12ms+1ms, total 38ms
I/dalvikvm( 2598): Could not find method android.system.Os.readlink, referenced from method msk.a
W/dalvikvm( 2598): VFY: unable to resolve static method 3145: Landroid/system/Os;.readlink (Ljava/lang/String;)Ljava/lang/String;
D/dalvikvm( 2598): VFY: replacing opcode 0x71 at 0x00b0
I/dalvikvm( 2598): Could not find method android.os.PowerManager.isInteractive, referenced from method ndc.a
W/dalvikvm( 2598): VFY: unable to resolve virtual method 3046: Landroid/os/PowerManager;.isInteractive ()Z
D/dalvikvm( 2598): VFY: replacing opcode 0x6e at 0x0013
I/dalvikvm( 2598): Could not find method com.google.android.chimera.ModuleContext.getAttributionTag, referenced from method com.google.android.chimera.ModuleContext.createAttributionContext
W/dalvikvm( 2598): VFY: unable to resolve virtual method 14170: Lcom/google/android/chimera/ModuleContext;.getAttributionTag ()Ljava/lang/String;
D/dalvikvm( 2598): VFY: replacing opcode 0x6e at 0x0004
I/dalvikvm( 2598): Could not find method com.google.android.chimera.ContextThemeWrapper.createAttributionContext, referenced from method com.google.android.chimera.ModuleContext.createAttributionContext
W/dalvikvm( 2598): VFY: unable to resolve virtual method 13785: Lcom/google/android/chimera/ContextThemeWrapper;.createAttributionContext (Ljava/lang/String;)Landroid/content/Context;
D/dalvikvm( 2598): VFY: replacing opcode 0x6f at 0x0035
I/dalvikvm( 2598): Could not find method android.content.ContextWrapper.createCredentialProtectedStorageContext, referenced from method com.google.android.chimera.ModuleContext.createCredentialProtectedStorageContext
W/dalvikvm( 2598): VFY: unable to resolve virtual method 2508: Landroid/content/ContextWrapper;.createCredentialProtectedStorageContext ()Landroid/content/Context;
D/dalvikvm( 2598): VFY: replacing opcode 0x6f at 0x0002
I/dalvikvm( 2598): Could not find method android.content.ContextWrapper.createDeviceProtectedStorageContext, referenced from method com.google.android.chimera.ModuleContext.createDeviceProtectedStorageContext
W/dalvikvm( 2598): VFY: unable to resolve virtual method 2509: Landroid/content/ContextWrapper;.createDeviceProtectedStorageContext ()Landroid/content/Context;
D/dalvikvm( 2598): VFY: replacing opcode 0x6f at 0x0002
I/dalvikvm( 2598): Could not find method com.google.android.chimera.ContextThemeWrapper.sendBroadcastWithMultiplePermissions, referenced from method com.google.android.chimera.ModuleContext.sendBroadcastWithMultiplePermissions
W/dalvikvm( 2598): VFY: unable to resolve virtual method 13795: Lcom/google/android/chimera/ContextThemeWrapper;.sendBroadcastWithMultiplePermissions (Landroid/content/Intent;[Ljava/lang/String;)V
D/dalvikvm( 2598): VFY: replacing opcode 0x6f at 0x0009
I/MultiDex( 2598): VM with version 1.6.0 does not have multidex support
I/MultiDex( 2598): Installing application
I/MultiDex( 2598): MultiDexExtractor(/system/priv-app/PrebuiltGmsCore.apk, /data/data/com.google.android.gms/code_cache/secondary-dexes)
I/MultiDex( 2598): Blocking on lock /data/data/com.google.android.gms/code_cache/secondary-dexes/MultiDex.lock
I/MultiDex( 2598): /data/data/com.google.android.gms/code_cache/secondary-dexes/MultiDex.lock locked
I/MultiDex( 2598): MultiDexExtractor.load(/system/priv-app/PrebuiltGmsCore.apk, false, )
I/MultiDex( 2598): loading existing secondary dex files
I/MultiDex( 2598): load found 5 secondary dex files
D/dalvikvm( 1799): GC_EXPLICIT freed 137K, 22% free 5956K/7604K, paused 3ms+1ms, total 16ms
W/dalvikvm( 2083): VFY: unable to find class referenced in signature (Landroid/net/NetworkRequest;)
I/MultiDex( 2598): install done
I/MobileDataHub( 2083): Scheduling periodic tasks
D/dalvikvm( 2598): GC_FOR_ALLOC freed 392K, 16% free 3113K/3692K, paused 3ms, total 3ms
I/dalvikvm( 2598): Could not find method android.os.UserHandle.isOwner, referenced from method nmy.f
W/dalvikvm( 2598): VFY: unable to resolve virtual method 3081: Landroid/os/UserHandle;.isOwner ()Z
D/dalvikvm( 2598): VFY: replacing opcode 0x6e at 0x000a
I/dalvikvm( 1778): Could not find method android.os.UserHandle.isOwner, referenced from method ankk.a
I/dalvikvm( 2598): Could not find method android.content.pm.PackageManager.getPackageInstaller, referenced from method men.a
W/dalvikvm( 2598): VFY: unable to resolve virtual method 2608: Landroid/content/pm/PackageManager;.getPackageInstaller ()Landroid/content/pm/PackageInstaller;
D/dalvikvm( 2598): VFY: replacing opcode 0x6e at 0x001c
W/DynamiteModule( 2598): Local module descriptor class for providerinstaller not found.
I/dalvikvm( 2598): Could not find method android.system.Os.readlink, referenced from method bse.a
W/dalvikvm( 2598): VFY: unable to resolve static method 3145: Landroid/system/Os;.readlink (Ljava/lang/String;)Ljava/lang/String;
D/dalvikvm( 2598): VFY: replacing opcode 0x71 at 0x0044
I/dalvikvm( 2598): Could not find method android.system.Os.symlink, referenced from method bse.a
W/dalvikvm( 2598): VFY: unable to resolve static method 3147: Landroid/system/Os;.symlink (Ljava/lang/String;Ljava/lang/String;)V
D/dalvikvm( 2598): VFY: replacing opcode 0x71 at 0x00b0
I/dalvikvm( 2598): Could not find method android.system.Os.stat, referenced from method bse.a
W/dalvikvm( 2598): VFY: unable to resolve static method 3146: Landroid/system/Os;.stat (Ljava/lang/String;)Landroid/system/StructStat;
D/dalvikvm( 2598): VFY: replacing opcode 0x71 at 0x0005
W/dalvikvm( 2598): VFY: unable to resolve static field 1615 (S_IXUSR) in Landroid/system/OsConstants;
D/dalvikvm( 2598): VFY: replacing opcode 0x60 at 0x0007
I/dalvikvm( 2598): Could not find method android.system.Os.stat, referenced from method bse.b
W/dalvikvm( 2598): VFY: unable to resolve static method 3146: Landroid/system/Os;.stat (Ljava/lang/String;)Landroid/system/StructStat;
D/dalvikvm( 2598): VFY: replacing opcode 0x71 at 0x0040
W/dalvikvm( 2598): VFY: unable to resolve static field 1612 (S_IRUSR) in Landroid/system/OsConstants;
D/dalvikvm( 2598): VFY: replacing opcode 0x60 at 0x0007
W/dalvikvm( 1778): VFY: unable to resolve virtual method 29745: Landroid/os/UserHandle;.isOwner ()Z
D/dalvikvm( 1778): VFY: replacing opcode 0x6e at 0x000a
D/dalvikvm( 2598): DexOpt: couldn't find static field Landroid/os/Build;.SUPPORTED_64_BIT_ABIS
W/dalvikvm( 2598): VFY: unable to resolve static field 1539 (SUPPORTED_64_BIT_ABIS) in Landroid/os/Build;
D/dalvikvm( 2598): VFY: replacing opcode 0x62 at 0x0214
W/ProviderHelper( 2598): Unknown dynamite feature providerinstaller
I/DynamiteModule( 2598): Considering local module providerinstaller:0 and remote module providerinstaller:0
W/ProviderInstaller( 2598): Failed to load providerinstaller module: No acceptable module found. Local version is 0 and remote version is 0.
I/dalvikvm( 2598): Could not find method android.content.ContextWrapper.createCredentialProtectedStorageContext, referenced from method nfr.createCredentialProtectedStorageContext
W/dalvikvm( 2598): VFY: unable to resolve virtual method 2508: Landroid/content/ContextWrapper;.createCredentialProtectedStorageContext ()Landroid/content/Context;
D/dalvikvm( 2598): VFY: replacing opcode 0x6f at 0x0002
I/dalvikvm( 2598): Could not find method android.content.ContextWrapper.createDeviceProtectedStorageContext, referenced from method nfr.createDeviceProtectedStorageContext
W/dalvikvm( 2598): VFY: unable to resolve virtual method 2509: Landroid/content/ContextWrapper;.createDeviceProtectedStorageContext ()Landroid/content/Context;
D/dalvikvm( 2598): VFY: replacing opcode 0x6f at 0x0002
D/dalvikvm( 2598): DexOpt: couldn't find static field Landroid/os/Build;.SUPPORTED_64_BIT_ABIS
W/dalvikvm( 2598): VFY: unable to resolve static field 1539 (SUPPORTED_64_BIT_ABIS) in Landroid/os/Build;
D/dalvikvm( 2598): VFY: replacing opcode 0x62 at 0x0080
I/Icing   ( 2083): MaintenanceDriver: Registering all GCM Tasks.
D/dalvikvm( 2598): DexOpt: couldn't find static field Landroid/os/Build;.SUPPORTED_ABIS
W/dalvikvm( 2598): VFY: unable to resolve static field 1540 (SUPPORTED_ABIS) in Landroid/os/Build;
D/dalvikvm( 2598): VFY: replacing opcode 0x62 at 0x00d3
V/NativeCrypto( 2598): Registering com/google/android/gms/org/conscrypt/NativeCrypto's 286 native methods...
W/dalvikvm( 2598): Unable to resolve superclass of Lcom/google/android/gms/org/conscrypt/TrustManagerImpl; (5184)
W/dalvikvm( 2598): Link of class 'Lcom/google/android/gms/org/conscrypt/TrustManagerImpl;' failed
I/dalvikvm( 2598): Could not find method com.google.android.gms.org.conscrypt.TrustManagerImpl.getDefaultHostnameVerifier, referenced from method com.google.android.gms.org.conscrypt.Conscrypt.getDefaultHostnameVerifier
W/dalvikvm( 2598): VFY: unable to resolve static method 17870: Lcom/google/android/gms/org/conscrypt/TrustManagerImpl;.getDefaultHostnameVerifier ()Lcom/google/android/gms/org/conscrypt/ConscryptHostnameVerifier;
D/dalvikvm( 2598): VFY: replacing opcode 0x71 at 0x0003
W/dalvikvm( 2598): Unable to resolve superclass of Lcom/google/android/gms/org/conscrypt/TrustManagerImpl; (5184)
W/dalvikvm( 2598): Link of class 'Lcom/google/android/gms/org/conscrypt/TrustManagerImpl;' failed
W/dalvikvm( 2598): VFY: unable to find class referenced in signature (Lcom/google/android/gms/org/conscrypt/TrustManagerImpl;)
I/Checkin ( 2083): [EventLogChimeraService] Opted in for usage reporting: false
W/dalvikvm( 2598): Unable to resolve superclass of Lcom/google/android/gms/org/conscrypt/TrustManagerImpl; (5184)
W/dalvikvm( 2598): Link of class 'Lcom/google/android/gms/org/conscrypt/TrustManagerImpl;' failed
W/Icing   ( 2083): No valid account for uploading user actions
I/dalvikvm( 2598): Could not find method com.google.android.gms.org.conscrypt.TrustManagerImpl.getHostnameVerifier, referenced from method com.google.android.gms.org.conscrypt.Conscrypt.getHostnameVerifier
W/dalvikvm( 2598): VFY: unable to resolve virtual method 17872: Lcom/google/android/gms/org/conscrypt/TrustManagerImpl;.getHostnameVerifier ()Lcom/google/android/gms/org/conscrypt/ConscryptHostnameVerifier;
D/dalvikvm( 2598): VFY: replacing opcode 0x6e at 0x0004
I/Icing   ( 2083): Usage reports ok 0, Failed Usage reports 0, indexed 0, rejected 0
W/dalvikvm( 2598): Unable to resolve superclass of Lcom/google/android/gms/org/conscrypt/TrustManagerImpl; (5184)
W/dalvikvm( 2598): Link of class 'Lcom/google/android/gms/org/conscrypt/TrustManagerImpl;' failed
E/dalvikvm( 2598): Could not find class 'com.google.android.gms.org.conscrypt.TrustManagerImpl', referenced from method com.google.android.gms.org.conscrypt.Conscrypt.isConscrypt
W/dalvikvm( 2598): VFY: unable to resolve instanceof 4452 (Lcom/google/android/gms/org/conscrypt/TrustManagerImpl;) in Lcom/google/android/gms/org/conscrypt/Conscrypt;
D/dalvikvm( 2598): VFY: replacing opcode 0x20 at 0x0000
D/dalvikvm( 2598): GC_FOR_ALLOC freed 475K, 18% free 3151K/3812K, paused 4ms, total 4ms
