D/dalvikvm( 2083): newInstance failed: no <init>()
D/dalvikvm( 2083): GC_EXPLICIT freed 231K, 26% free 11096K/14928K, paused 13ms+13ms, total 55ms
I/ActivityManager( 1569): Delay finish: com.android.providers.calendar/.CalendarProviderBroadcastReceiver
D/dalvikvm( 2083): GC_EXPLICIT freed 50K, 26% free 11122K/14928K, paused 3ms+2ms, total 29ms
I/GCM-GMS ( 2083): Scheduling task to register GMS
I/ActivityManager( 1569): Resuming delayed broadcast
I/GCM-GMS ( 2083): Scheduling task to register GMS
I/GCM-GMS ( 2083): Scheduling task to register GMS
I/GCM-GMS ( 2083): Scheduling task to register GMS
I/SystemUpdateService( 1799): cancelUpdate (empty URL)
I/GCoreUlr( 1778): WorldUpdater:com.google.gservices.intent.action.GSERVICES_CHANGED: Ensuring that reporting is stopped because of reasons: (no Google accounts)
W/ActivityManager( 1569): Unable to start service Intent { act=com.google.android.gms.auth.key.retrieval.service.START pkg=com.google.android.gms } U=0: not found
E/GmsClient( 2083): unable to connect to service: com.google.android.gms.auth.key.retrieval.service.START on com.google.android.gms
I/GmsModuleFndr( 2083): Beginning GMS chimera module scan
I/Herrevad( 1778): [84] wkz.a: updateListenState
I/Auth    ( 1778): [AuthManaged,PasswordComplexityHelperImpl] Updating password complexity components state.
I/Auth    ( 1778): [AuthManaged,PasswordComplexityHelperImpl] Disabling com.google.android.gms.auth.managed.admin.DeviceAdminReceiver
I/Auth    ( 1778): [AuthManaged,PasswordComplexityHelperImpl] Disabling com.google.android.gms.auth.managed.ui.SetNewPasswordActivity
I/ModuleSetMgr( 2083): Computing pending module set with APKs: [[AdsFdrDynamite.integ:21460000000], [Cronetdynamite:202414000700], [Dynamiteloader:202414000700], [Dynamitemodulesa:202414000000], [Dynamitemodulesc:202414000000], [Googlecertificates:202414000000], [Mapsdynamite:202414000000], [Measurementdynamite:202414000000]]
I/ModuleSetMgr( 2083): Pending container module APKs: []
I/ModuleSetMgr( 2083): Pending non-container module APKs: []
W/ActivityManager( 1569): Unbind failed: could not find connection for android.os.BinderProxy@9d6998a8
I/GCoreUlr( 1778): Unbound from all signal providers.
D/dalvikvm( 1799): GC_EXPLICIT freed 389K, 20% free 6144K/7604K, paused 0ms+3ms, total 54ms
I/ActivityManager( 1569): Delay finish: com.google.android.gsf/.settings.GoogleLocationSettings$LocationSettingsChangedListener
I/Search.GservicesUpdateTask( 2236): Updating Gservices keys
I/GStaticConfiguration( 2236): Ignore gservice update: no configuration
I/ChromeSync( 2083): [Sync,SyncIntentOperation] Handling the intent: Intent { act=com.google.gservices.intent.action.GSERVICES_CHANGED flg=0x10 cmp=com.google.android.gms/.chimera.GmsIntentOperationService$PersistentInternalReceiver }.
I/SystemUpdateService( 1799): cancelUpdate (empty URL)
I/MobileDataHub( 2083): Scheduling periodic tasks
W/MobileDataHub( 2083): [Service] appsupload-periodic periodic task disabled
D/dalvikvm( 2083): GC_EXPLICIT freed 419K, 25% free 11339K/14928K, paused 0ms+21ms, total 105ms
D/dalvikvm( 1778): GC_FOR_ALLOC freed 1776K, 21% free 9110K/11400K, paused 23ms, total 23ms
I/MdiSyncModule( 2083): flag handling is skipping irrelevant intent.
V/EmulatedCamera_Camera( 1147): getCameraInfo
V/EmulatedCamera_BaseCamera( 1147): getCameraInfo
I/OcrModelUpStIntentOp( 2083): Updating ocr activity enabled=true (phenotypeFlag=true, lowRamDevice=false, prereqCheck=true)
I/OcrModelUpStIntentOp( 2083): Downloading text recognizer
I/ActivityManager( 1569): Resuming delayed broadcast
I/SystemUpdate( 2083): [Installation,ReceiverIntentOperation] Received intent: Intent { act=com.google.gservices.intent.action.GSERVICES_CHANGED flg=0x10 cmp=com.google.android.gms/.chimera.GmsIntentOperationService$PersistentInternalReceiver }.
I/GCM-GMS ( 2083): Scheduling task to register GMS
I/DownloadManager( 1865): Download 4 starting
W/ActivityThread( 1865): ClassLoader.loadClass: The class loader returned by Thread.getContextClassLoader() may fail for processes that host multiple applications. You should explicitly specify a context class loader. For example: Thread.setContextClassLoader(getClass().getClassLoader());
I/Fitness ( 1778): FitCleanupIntentOperation received Intent android.intent.action.PACKAGE_CHANGED [CONTEXT service_id=17 ]
I/Fitness ( 1778): OnPackageChangedOperation got intent: Intent { act=android.intent.action.PACKAGE_CHANGED dat=package:com.android.email flg=0x4000010 cmp=com.google.android.gms/.chimera.PersistentIntentOperationService (has extras) } [CONTEXT service_id=17 ]
I/ActivityManager( 1569): Delay finish: com.google.android.googlequicksearchbox/com.google.android.searchcommon.summons.icing.InternalIcingCorporaProvider$CorporaChangedReceiver
I/Icing.InternalIcingCorporaProvider( 2236): Updating corpora: A: com.android.email, C: MAYBE
D/dalvikvm( 2083): GC_EXPLICIT freed 471K, 25% free 11334K/14928K, paused 1ms+10ms, total 76ms
D/dalvikvm( 1865): GC_FOR_ALLOC freed 448K, 16% free 3454K/4088K, paused 2ms, total 2ms
I/SystemUpdate( 2083): [Execution,InstallationEventIntentOperation] Handling event of type 2.
I/SystemUpdate( 2083): [Execution,InstallationIntentOperation] Received intent: Intent { act=com.google.android.gms.update.INSTALL_UPDATE cat=[targeted_intent_op_prefix:.update.execution.InstallationIntentOperation] cmp=com.google.android.gms/.chimera.GmsIntentOperationService }.
I/GCoreUlr( 1778): WorldUpdater received intent Intent { act=com.google.android.location.reporting.ACTION_UPDATE_WORLD cmp=com.google.android.gms/com.google.android.location.reporting.service.DispatchingService (has extras) } with receiverAction com.google.gservices.intent.action.GSERVICES_CHANGED
I/Icing   ( 2083): IndexChimeraService.getServiceInterface callingPackage=com.google.android.googlequicksearchbox componentName=null serviceId=21
I/SystemUpdate( 2083): [Execution,ExecutionManager] Action finished-execution executed for 0.00 seconds.
D/dalvikvm( 1778): DexOpt: couldn't find field Landroid/os/Message;.sendingUid
W/dalvikvm( 1778): VFY: unable to resolve instance field 17858
D/dalvikvm( 1778): VFY: replacing opcode 0x52 at 0x0013
D/dalvikvm( 1569): GC_EXPLICIT freed 752K, 47% free 7886K/14820K, paused 1ms+3ms, total 18ms
I/GCoreUlr( 1778): WorldUpdater:com.google.gservices.intent.action.GSERVICES_CHANGED: Ensuring that reporting is stopped because of reasons: (no Google accounts)
D/dalvikvm( 2083): GC_EXPLICIT freed 808K, 26% free 11136K/14928K, paused 0ms+5ms, total 68ms
I/GCoreUlr( 1778): Unbound from all signal providers.
I/GCoreUlr( 1778): Unbound from all signal providers.
I/GCoreUlr( 1778): Stopping handler for UlrDispSvcFast
D/dalvikvm( 1799): GC_EXPLICIT freed 227K, 20% free 6102K/7604K, paused 1ms+2ms, total 34ms
I/ahju    ( 1778): Scheduling Phenotype for a PhenotypeSyncImmediately(6, com.google.android.gms.phenotype) one off with window [1, 2] in seconds [CONTEXT service_id=51 ]
D/dalvikvm( 2083): GC_EXPLICIT freed 60K, 26% free 11137K/14928K, paused 1ms+21ms, total 65ms
D/dalvikvm( 1778): GC_FOR_ALLOC freed 1844K, 19% free 9314K/11408K, paused 21ms, total 21ms
I/GmsModuleFndr( 2083): Beginning GMS chimera module scan
I/ModuleSetMgr( 2083): Computing pending module set with APKs: [[AdsFdrDynamite.integ:21460000000], [Cronetdynamite:202414000700], [Dynamiteloader:202414000700], [Dynamitemodulesa:202414000000], [Dynamitemodulesc:202414000000], [Googlecertificates:202414000000], [Mapsdynamite:202414000000], [Measurementdynamite:202414000000]]
I/ModuleSetMgr( 2083): Pending container module APKs: []
I/ModuleSetMgr( 2083): Pending non-container module APKs: []
W/Icing   ( 2083): No valid account for uploading user actions
I/Icing   ( 2083): Usage reports ok 0, Failed Usage reports 0, indexed 0, rejected 0
I/ActivityManager( 1569): Resuming delayed broadcast
I/ahju    ( 1778): Scheduling Phenotype for a PhenotypeSyncImmediately(6, com.google.android.games.app) one off with window [1, 2] in seconds [CONTEXT service_id=51 ]
W/Launcher( 2254): setApplicationContext called twice! old=com.google.android.velvet.VelvetApplication@9cfd9a30 new=com.google.android.velvet.VelvetApplication@9cfd9a30
I/ActivityManager( 1569): Delay finish: com.google.android.googlequicksearchbox/com.google.android.searchcommon.summons.icing.InternalIcingCorporaProvider$CorporaChangedReceiver
I/Fitness ( 1778): OnPackageChangedOperation got intent: Intent { act=android.intent.action.PACKAGE_CHANGED dat=package:com.google.android.gsf flg=0x4000010 cmp=com.google.android.gms/.chimera.PersistentIntentOperationService (has extras) } [CONTEXT service_id=17 ]
I/Fitness ( 1778): FitCleanupIntentOperation received Intent android.intent.action.PACKAGE_CHANGED [CONTEXT service_id=17 ]
I/Icing.InternalIcingCorporaProvider( 2236): Updating corpora: A: com.google.android.gsf, C: MAYBE
D/dalvikvm( 2083): GC_EXPLICIT freed 505K, 24% free 11348K/14928K, paused 3ms+8ms, total 46ms
I/Icing   ( 2083): IndexChimeraService.getServiceInterface callingPackage=com.google.android.googlequicksearchbox componentName=null serviceId=21
W/Icing   ( 2083): No valid account for uploading user actions
D/ConnectivityService( 1569): handleInetConditionHoldEnd: net=0, condition=100, published condition=0
I/Icing   ( 2083): Usage reports ok 0, Failed Usage reports 0, indexed 0, rejected 0
D/dalvikvm( 1865): GC_FOR_ALLOC freed 570K, 19% free 3390K/4148K, paused 5ms, total 5ms
I/ActivityManager( 1569): Resuming delayed broadcast
W/Launcher( 2254): setApplicationContext called twice! old=com.google.android.velvet.VelvetApplication@9cfd9a30 new=com.google.android.velvet.VelvetApplication@9cfd9a30
I/Fitness ( 1778): OnPackageChangedOperation got intent: Intent { act=android.intent.action.PACKAGE_CHANGED dat=package:com.google.android.gms flg=0x4000010 cmp=com.google.android.gms/.chimera.PersistentIntentOperationService (has extras) } [CONTEXT service_id=17 ]
I/Icing.InternalIcingCorporaProvider( 2236): Updating corpora: A: com.google.android.gms, C: MAYBE
I/Fitness ( 1778): FitCleanupIntentOperation received Intent android.intent.action.PACKAGE_CHANGED [CONTEXT service_id=17 ]
I/ActivityManager( 1569): Delay finish: com.google.android.googlequicksearchbox/com.google.android.searchcommon.summons.icing.InternalIcingCorporaProvider$CorporaChangedReceiver
D/dalvikvm( 2083): GC_EXPLICIT freed 243K, 24% free 11398K/14928K, paused 6ms+13ms, total 59ms
I/Icing   ( 2083): updateResources: need to parse wwx{com.google.android.gms}
I/Icing   ( 2083): IndexChimeraService.getServiceInterface callingPackage=com.google.android.googlequicksearchbox componentName=null serviceId=21
W/DownloadManager( 1865): Aborting request for download 4: download canceled
I/DownloadManager( 1865): Download 4 finished with status CANCELED
D/dalvikvm( 2083): GC_EXPLICIT freed 545K, 24% free 11383K/14928K, paused 1ms+6ms, total 27ms
D/dalvikvm( 2083): GC_EXPLICIT freed 213K, 24% free 11345K/14928K, paused 3ms+6ms, total 32ms
D/dalvikvm( 2083): GC_EXPLICIT freed 63K, 25% free 11309K/14928K, paused 1ms+2ms, total 14ms
D/dalvikvm( 2083): GC_EXPLICIT freed 54K, 25% free 11306K/14928K, paused 4ms+2ms, total 19ms
W/Icing   ( 2083): No valid account for uploading user actions
I/Icing   ( 2083): Usage reports ok 0, Failed Usage reports 0, indexed 0, rejected 0
W/Launcher( 2254): setApplicationContext called twice! old=com.google.android.velvet.VelvetApplication@9cfd9a30 new=com.google.android.velvet.VelvetApplication@9cfd9a30
I/ActivityManager( 1569): Resuming delayed broadcast
I/Icing.InternalIcingCorporaProvider( 2236): Updating corpora: A: com.google.android.inputmethod.latin, C: MAYBE
I/ActivityManager( 1569): Delay finish: com.google.android.googlequicksearchbox/com.google.android.searchcommon.summons.icing.InternalIcingCorporaProvider$CorporaChangedReceiver
I/Fitness ( 1778): OnPackageChangedOperation got intent: Intent { act=android.intent.action.PACKAGE_CHANGED dat=package:com.google.android.inputmethod.latin flg=0x4000010 cmp=com.google.android.gms/.chimera.PersistentIntentOperationService (has extras) } [CONTEXT service_id=17 ]
I/Icing   ( 2083): IndexChimeraService.getServiceInterface callingPackage=com.google.android.googlequicksearchbox componentName=null serviceId=21
D/dalvikvm( 2083): GC_EXPLICIT freed 304K, 25% free 11313K/14928K, paused 1ms+2ms, total 47ms
D/dalvikvm( 1778): GC_FOR_ALLOC freed 1727K, 18% free 9635K/11612K, paused 14ms, total 14ms
I/Fitness ( 1778): FitCleanupIntentOperation received Intent android.intent.action.PACKAGE_CHANGED [CONTEXT service_id=17 ]
W/Icing   ( 2083): No valid account for uploading user actions
I/Icing   ( 2083): Usage reports ok 0, Failed Usage reports 0, indexed 0, rejected 0
W/Launcher( 2254): setApplicationContext called twice! old=com.google.android.velvet.VelvetApplication@9cfd9a30 new=com.google.android.velvet.VelvetApplication@9cfd9a30
I/ActivityManager( 1569): Resuming delayed broadcast
W/GCM     ( 1778): Unexpected forwarded intent: Intent { act=android.intent.action.PACKAGE_ADDED dat=package:it.unina.android.ripper_service flg=0x4000010 cmp=com.google.android.gms/.chimera.PersistentIntentOperationService (has extras) }
W/GCM     ( 1778): Unexpected forwarded intent: Intent { act=android.intent.action.PACKAGE_ADDED dat=package:it.unina.android.ripper_service flg=0x4000010 cmp=com.google.android.gms/.chimera.PersistentIntentOperationService (has extras) }
I/Icing.InternalIcingCorporaProvider( 2236): Updating corpora: A: it.unina.android.ripper_service, C: MAYBE
I/ActivityManager( 1569): Delay finish: com.google.android.googlequicksearchbox/com.google.android.searchcommon.summons.icing.InternalIcingCorporaProvider$CorporaChangedReceiver
I/Auth    ( 2083): [SupervisedAccountIntentOperation] onHandleIntent(): android.intent.action.PACKAGE_ADDED
I/ChromeSync( 2083): [Sync,SyncIntentOperation] Handling the intent: Intent { act=android.intent.action.PACKAGE_ADDED dat=package:it.unina.android.ripper_service flg=0x4000010 cmp=com.google.android.gms/.chimera.GmsIntentOperationService (has extras) }.
I/Auth    ( 2083): [SupervisedAccountIntentOperation] This operation is disabled
E/GmsClient( 2083): unable to connect to service: com.google.android.gms.auth.key.retrieval.service.START on com.google.android.gms
I/FontLog ( 2083): Package it.unina.android.ripper_service has no metadata [CONTEXT service_id=132 ]
W/ActivityManager( 1569): Unable to start service Intent { act=com.google.android.gms.auth.key.retrieval.service.START pkg=com.google.android.gms } U=0: not found
W/ActivityManager( 1569): Unbind failed: could not find connection for android.os.BinderProxy@9d82eea0
D/dalvikvm( 2083): GC_EXPLICIT freed 231K, 22% free 11704K/14928K, paused 1ms+18ms, total 91ms
I/Icing   ( 2083): IndexChimeraService.getServiceInterface callingPackage=com.google.android.googlequicksearchbox componentName=null serviceId=21
I/ActivityManager( 1569): Resuming delayed broadcast
W/Icing   ( 2083): No valid account for uploading user actions
I/Icing   ( 2083): Usage reports ok 0, Failed Usage reports 0, indexed 0, rejected 0
I/ChromeSync( 2083): [Persistence,AffiliationManager] One of affiliation or grouping data for android://KSmUCdTXmQS-j9D_O8l1jvyu41Pjn2mc5cb0Gvx1e9H1Aj4JCzHs_uTW26nbtH65K-YfijtBsQxGp-8R6k6HFg==@it.unina.android.ripper_service/ was not found. Marking affiliation data as stale...
I/dalvikvm( 2083): Could not find method java.util.Locale.toLanguageTag, referenced from method wkb.a
W/dalvikvm( 2083): VFY: unable to resolve virtual method 19297: Ljava/util/Locale;.toLanguageTag ()Ljava/lang/String;
D/dalvikvm( 2083): VFY: replacing opcode 0x6e at 0x015f
I/ActivityManager( 1569): Start proc com.svox.pico for broadcast com.svox.pico/.VoiceDataInstallerReceiver: pid=2897 uid=10041 gids={50041, 1028, 1015}
I/GmsModuleFndr( 2083): Beginning GMS chimera module scan
I/ModuleSetMgr( 2083): Computing pending module set with APKs: [[AdsFdrDynamite.integ:21460000000], [Cronetdynamite:202414000700], [Dynamiteloader:202414000700], [Dynamitemodulesa:202414000000], [Dynamitemodulesc:202414000000], [Googlecertificates:202414000000], [Mapsdynamite:202414000000], [Measurementdynamite:202414000000]]
I/PackageManager( 1569): Running dexopt on: com.svox.pico
I/ModuleSetMgr( 2083): Pending container module APKs: []
I/ModuleSetMgr( 2083): Pending non-container module APKs: []
W/linker  ( 2910): libdvm.so has text relocations. This is wasting memory and is a security risk. Please fix.
D/dalvikvm( 2910): DexOpt: load 3ms, verify+opt 1ms, 225028 bytes
E/PhenotypeRegOp( 2083): Attempting to overwrite config package for com.google.android.gms.games [CONTEXT service_id=231 ]
E/PhenotypeRegOp( 2083): Attempting to overwrite config package for com.google.android.gms.mobile_data_plan [CONTEXT service_id=231 ]
E/PhenotypeRegOp( 2083): Attempting to overwrite config package for com.google.android.gms.signin [CONTEXT service_id=231 ]
E/PhenotypeRegOp( 2083): Attempting to overwrite config package for com.google.android.gms.udc [CONTEXT service_id=231 ]
W/GoogleHttpServiceClient( 1778): Interrupted waiting for binder: java.lang.InterruptedException
D/dalvikvm( 1799): GC_EXPLICIT freed 157K, 21% free 6080K/7604K, paused 0ms+0ms, total 4ms
V/AlarmClock( 2339): AlarmInitReceiver android.intent.action.TIMEZONE_CHANGED
I/AlarmClock( 2339): Displaying next alarm time: ''
V/AlarmClock( 2339): AlarmInitReceiver finished
I/Notifications( 2386): [ChimeBroadcastReceiver] Intent received for action [android.intent.action.TIMEZONE_CHANGED] package [com.google.android.play.games].
I/Notifications( 2386): [ChimeBroadcastReceiver] Validation OK for action [android.intent.action.TIMEZONE_CHANGED].
I/Notifications( 2386): [ChimeBroadcastReceiver] Executing action in Service [android.intent.action.TIMEZONE_CHANGED].
I/SystemUpdate( 2083): [Installation,ReceiverIntentOperation] Received intent: Intent { act=android.intent.action.TIME_SET flg=0x24000010 cmp=com.google.android.gms/.chimera.GmsIntentOperationService$PersistentTrustedReceiver }.
W/Conscrypt( 1778): Could not set socket write timeout: java.net.SocketException: Socket closed
W/Conscrypt( 1778): 	at com.google.android.gms.org.conscrypt.Platform.setSocketWriteTimeout(:com.google.android.gms@202414005@20.24.14 (000700-319035315):2)
W/Conscrypt( 1778): 	at com.google.android.gms.org.conscrypt.ConscryptFileDescriptorSocket.setSoWriteTimeout(:com.google.android.gms@202414005@20.24.14 (000700-319035315):0)
V/AlarmClock( 2339): AlarmInitReceiver android.intent.action.TIME_SET
I/SystemUpdate( 2083): [Execution,InstallationEventIntentOperation] Handling event of type 6.
I/SystemUpdate( 2083): [Execution,InstallationIntentOperation] Received intent: Intent { act=com.google.android.gms.update.INSTALL_UPDATE cat=[targeted_intent_op_prefix:.update.execution.InstallationIntentOperation] cmp=com.google.android.gms/.chimera.GmsIntentOperationService }.
I/SystemUpdate( 2083): [Execution,ExecutionManager] Action finished-execution executed for 0.00 seconds.
I/AlarmClock( 2339): Displaying next alarm time: ''
V/AlarmClock( 2339): AlarmInitReceiver finished
D/dalvikvm( 2083): DexOpt: couldn't find static field Landroid/os/Build;.SUPPORTED_ABIS
W/dalvikvm( 2083): VFY: unable to resolve static field 17846 (SUPPORTED_ABIS) in Landroid/os/Build;
D/dalvikvm( 2083): VFY: replacing opcode 0x62 at 0x0006
I/Vision  ( 2083): Supported ABIS: [x86]
I/Vision  ( 2083): Requesting optional module download of ocr.
I/ChmraDebugLogger( 1778): [53] +vision.ocr:-1
I/Vision  ( 2083): Checking for download completion for 43740 -- ocr
I/Vision  ( 2083): Requesting optional module download of ocr.
W/DownloadServiceState( 2083): Failed to clear DownloadManager of id [CONTEXT service_id=43 ]
I/ChimeraConfigurator( 2083): Starting update, reason: 4 urgentFeatures: vision.ocr:-1
I/Vision  ( 2083): Checking for download completion for 43759 -- ocr
W/Conscrypt( 1778): Could not set socket write timeout: java.net.SocketException: Socket closed
I/Vision  ( 2083): Requesting optional module download of ocr.
I/Vision  ( 2083): Checking for download completion for 43772 -- ocr
W/Conscrypt( 1778): 	at com.google.android.gms.org.conscrypt.Platform.setSocketWriteTimeout(:com.google.android.gms@202414005@20.24.14 (000700-319035315):2)
W/Conscrypt( 1778): 	at com.google.android.gms.org.conscrypt.ConscryptFileDescriptorSocket.setSoWriteTimeout(:com.google.android.gms@202414005@20.24.14 (000700-319035315):0)
D/dalvikvm( 1778): GC_FOR_ALLOC freed 2277K, 22% free 9405K/11932K, paused 11ms, total 11ms
D/dalvikvm( 1569): GC_EXPLICIT freed 846K, 48% free 7814K/14820K, paused 1ms+2ms, total 11ms
D/dalvikvm( 1778): GC_FOR_ALLOC freed 1222K, 23% free 9286K/11932K, paused 10ms, total 10ms
I/dalvikvm-heap( 1778): Grow heap (frag case) to 9.342MB for 32780-byte allocation
D/dalvikvm( 1778): GC_FOR_ALLOC freed 11K, 23% free 9307K/11968K, paused 9ms, total 9ms
I/Icing   ( 2083): Indexing com.google.android.gms-apps from com.google.android.gms
D/dalvikvm( 1778): GC_FOR_ALLOC freed 190K, 24% free 9157K/11968K, paused 8ms, total 8ms
I/dalvikvm-heap( 1778): Grow heap (frag case) to 9.247MB for 65548-byte allocation
D/dalvikvm( 1778): GC_FOR_ALLOC freed 1K, 24% free 9219K/12036K, paused 8ms, total 8ms
D/dalvikvm( 2083): GC_FOR_ALLOC freed 2101K, 22% free 11651K/14928K, paused 16ms, total 16ms
D/dalvikvm( 1778): GC_FOR_ALLOC freed 35K, 24% free 9217K/12036K, paused 15ms, total 15ms
I/dalvikvm-heap( 1778): Grow heap (frag case) to 9.369MB for 131084-byte allocation
D/dalvikvm( 1778): GC_FOR_ALLOC freed 2K, 24% free 9343K/12168K, paused 9ms, total 9ms
D/dalvikvm( 1799): GC_EXPLICIT freed 147K, 21% free 6076K/7604K, paused 0ms+1ms, total 8ms
D/dalvikvm( 1778): GC_FOR_ALLOC freed 38K, 24% free 9343K/12168K, paused 11ms, total 11ms
I/dalvikvm-heap( 1778): Grow heap (frag case) to 9.617MB for 262156-byte allocation
D/AlertService( 2310): Beginning updateAlertNotification
D/dalvikvm( 1778): GC_FOR_ALLOC freed 1K, 23% free 9597K/12428K, paused 10ms, total 10ms
D/AlertService( 2310): No fired or scheduled alerts
D/AlertService( 2310): Scheduling next alarm with AlarmScheduler. sEventReminderReceived: null
D/AlarmScheduler( 2310): No events found starting within 1 week.
I/Icing   ( 2083): Indexing done com.google.android.gms-apps
D/dalvikvm( 1778): GC_FOR_ALLOC freed 65K, 23% free 9592K/12428K, paused 9ms, total 9ms
I/dalvikvm-heap( 1778): Grow heap (frag case) to 9.980MB for 389447-byte allocation
D/dalvikvm( 1778): GC_FOR_ALLOC freed 504K, 27% free 9468K/12812K, paused 6ms, total 6ms
I/Icing   ( 2083): Indexing com.google.android.googlequicksearchbox-applications from com.google.android.googlequicksearchbox
I/NetworkScheduler( 1778): ignoring stale queue check message
I/Icing   ( 2083): Indexing com.google.android.gms-internal.3p:MobileApplication from com.google.android.gms
I/Icing   ( 2083): Indexing done com.google.android.googlequicksearchbox-applications
I/Icing   ( 2083): Indexing done com.google.android.gms-internal.3p:MobileApplication
I/Icing   ( 2083): Indexing com.google.android.gms-apps from com.google.android.gms
I/Icing   ( 2083): Indexing done com.google.android.gms-apps
I/Icing   ( 2083): Indexing com.google.android.googlequicksearchbox-applications from com.google.android.googlequicksearchbox
D/dalvikvm( 1778): GC_FOR_ALLOC freed 655K, 16% free 10860K/12812K, paused 10ms, total 10ms
I/Icing   ( 2083): Indexing done com.google.android.googlequicksearchbox-applications
I/ahju    ( 1778): Scheduling Phenotype for a PhenotypeSyncImmediately(6, org.chromium.net.cronet) one off with window [1, 2] in seconds [CONTEXT service_id=51 ]
D/dalvikvm( 1799): GC_EXPLICIT freed 140K, 21% free 6073K/7604K, paused 0ms+0ms, total 6ms
I/Icing   ( 2083): Indexing com.google.android.googlequicksearchbox-applications from com.google.android.googlequicksearchbox
D/dalvikvm( 2598): GC_FOR_ALLOC freed 997K, 43% free 5554K/9636K, paused 3ms, total 5ms
D/dalvikvm( 2236): GC_FOR_ALLOC freed 497K, 17% free 3497K/4180K, paused 4ms, total 5ms
I/Icing   ( 2083): Indexing done com.google.android.googlequicksearchbox-applications
I/Icing   ( 2083): Indexing com.google.android.gms-apps from com.google.android.gms
I/Icing   ( 2083): Indexing done com.google.android.gms-apps
I/Icing   ( 2083): Indexing com.google.android.gms-internal.3p:MobileApplication from com.google.android.gms
I/Icing   ( 2083): Indexing done com.google.android.gms-internal.3p:MobileApplication
I/GCM-GMS ( 2083): Registering GMS 745476177629
I/Icing   ( 2083): Indexing com.google.android.gms-apps from com.google.android.gms
I/Icing   ( 2083): Indexing done com.google.android.gms-apps
I/Icing   ( 2083): Indexing com.google.android.googlequicksearchbox-applications from com.google.android.googlequicksearchbox
I/Icing   ( 2083): Indexing done com.google.android.googlequicksearchbox-applications
D/        ( 2598): HostConnection::get() New Host Connection established 0xb8e259a0, tid 2609
D/EGL_emulation( 2598): eglCreateContext: 0xb8de54c0: maj 3 min 0 rcv 3
D/EGL_emulation( 2598): eglMakeCurrent: 0xb8de54c0: ver 3 0
E/eglCodecCommon( 2598): glUtilsParamSize: unknow param 0x00008cdf
E/eglCodecCommon( 2598): glUtilsParamSize: unknow param 0x00008824
D/dalvikvm( 1778): GC_FOR_ALLOC freed 2335K, 20% free 10575K/13160K, paused 9ms, total 9ms
I/Icing   ( 2083): Indexing com.google.android.googlequicksearchbox-applications from com.google.android.googlequicksearchbox
I/Icing   ( 2083): Indexing done com.google.android.googlequicksearchbox-applications
D/EGL_emulation( 2598): eglCreateContext: 0xb8de54c0: maj 3 min 0 rcv 3
D/EGL_emulation( 2598): eglMakeCurrent: 0xb8de54c0: ver 3 0
E/eglCodecCommon( 2598): glUtilsParamSize: unknow param 0x00008cdf
E/eglCodecCommon( 2598): glUtilsParamSize: unknow param 0x00008824
I/Icing   ( 2083): Indexing com.google.android.gms-apps from com.google.android.gms
I/Icing   ( 2083): Indexing done com.google.android.gms-apps
I/Icing   ( 2083): Indexing com.google.android.gms-internal.3p:MobileApplication from com.google.android.gms
I/Icing   ( 2083): Indexing done com.google.android.gms-internal.3p:MobileApplication
W/Conscrypt( 2083): Could not set socket write timeout: java.net.SocketException: Socket closed
W/Conscrypt( 2083): 	at com.google.android.gms.org.conscrypt.Platform.setSocketWriteTimeout(:com.google.android.gms@202414005@20.24.14 (000700-319035315):2)
W/Conscrypt( 2083): 	at com.google.android.gms.org.conscrypt.ConscryptFileDescriptorSocket.setSoWriteTimeout(:com.google.android.gms@202414005@20.24.14 (000700-319035315):0)
W/Conscrypt( 2083): Could not set socket write timeout: java.net.SocketException: Socket closed
W/Conscrypt( 2083): 	at com.google.android.gms.org.conscrypt.Platform.setSocketWriteTimeout(:com.google.android.gms@202414005@20.24.14 (000700-319035315):2)
W/Conscrypt( 2083): 	at com.google.android.gms.org.conscrypt.ConscryptFileDescriptorSocket.setSoWriteTimeout(:com.google.android.gms@202414005@20.24.14 (000700-319035315):0)
D/dalvikvm( 1778): GC_FOR_ALLOC freed 3304K, 30% free 9319K/13160K, paused 10ms, total 10ms
D/AndroidRuntime( 2934): 
D/AndroidRuntime( 2934): >>>>>> AndroidRuntime START com.android.internal.os.RuntimeInit <<<<<<
W/linker  ( 2934): libdvm.so has text relocations. This is wasting memory and is a security risk. Please fix.
D/AndroidRuntime( 2934): CheckJNI is ON
I/ActivityManager( 1569): Start proc com.google.android.play.games.ui for broadcast com.google.android.play.games/com.google.android.apps.play.games.features.experiments.PhenotypeBroadcastReceiver: pid=2936 uid=10043 gids={50043, 3003}
D/dalvikvm( 2934): Trying to load lib libjavacore.so 0x0
D/dalvikvm( 2934): Added shared lib libjavacore.so 0x0
D/dalvikvm( 2934): Trying to load lib libnativehelper.so 0x0
D/dalvikvm( 2934): Added shared lib libnativehelper.so 0x0
D/dalvikvm( 2934): No JNI_OnLoad found in libnativehelper.so 0x0, skipping init
E/dalvikvm( 2936): Could not find class 'android.app.NotificationChannel', referenced from method com.google.android.apps.play.games.core.PlayGamesApplication.onCreate
W/dalvikvm( 2936): VFY: unable to resolve new-instance 420 (Landroid/app/NotificationChannel;) in Lcom/google/android/apps/play/games/core/PlayGamesApplication;
D/dalvikvm( 2936): VFY: replacing opcode 0x22 at 0x008d
E/dalvikvm( 2936): Could not find class 'android.app.NotificationChannelGroup', referenced from method com.google.android.apps.play.games.core.PlayGamesApplication.onCreate
W/dalvikvm( 2936): VFY: unable to resolve new-instance 421 (Landroid/app/NotificationChannelGroup;) in Lcom/google/android/apps/play/games/core/PlayGamesApplication;
D/dalvikvm( 2936): VFY: replacing opcode 0x22 at 0x0131
D/dalvikvm( 2936): DexOpt: couldn't find static field Landroid/os/Build;.SUPPORTED_ABIS
W/dalvikvm( 2936): VFY: unable to resolve static field 1664 (SUPPORTED_ABIS) in Landroid/os/Build;
D/dalvikvm( 2936): VFY: replacing opcode 0x62 at 0x01a4
E/dalvikvm( 2936): Could not find class 'android.app.NotificationChannel', referenced from method com.google.android.apps.play.games.core.PlayGamesApplication.onCreate
W/dalvikvm( 2936): VFY: unable to resolve new-instance 420 (Landroid/app/NotificationChannel;) in Lcom/google/android/apps/play/games/core/PlayGamesApplication;
D/dalvikvm( 2936): VFY: replacing opcode 0x22 at 0x03e6
D/dalvikvm( 2936): DexOpt: unable to opt direct call 0x0b8a at 0x98 in Lcom/google/android/apps/play/games/core/PlayGamesApplication;.onCreate
D/dalvikvm( 2936): DexOpt: unable to opt direct call 0x0b8a at 0xa9 in Lcom/google/android/apps/play/games/core/PlayGamesApplication;.onCreate
D/dalvikvm( 2936): DexOpt: unable to opt direct call 0x0b8a at 0xba in Lcom/google/android/apps/play/games/core/PlayGamesApplication;.onCreate
D/dalvikvm( 2936): DexOpt: unable to opt direct call 0x0b8a at 0xcb in Lcom/google/android/apps/play/games/core/PlayGamesApplication;.onCreate
D/dalvikvm( 2936): DexOpt: unable to opt direct call 0x0b8a at 0xdc in Lcom/google/android/apps/play/games/core/PlayGamesApplication;.onCreate
D/dalvikvm( 2936): DexOpt: unable to opt direct call 0x0b8a at 0xed in Lcom/google/android/apps/play/games/core/PlayGamesApplication;.onCreate
D/dalvikvm( 2936): DexOpt: unable to opt direct call 0x0b8a at 0x107 in Lcom/google/android/apps/play/games/core/PlayGamesApplication;.onCreate
D/dalvikvm( 2936): DexOpt: unable to opt direct call 0x0b95 at 0x135 in Lcom/google/android/apps/play/games/core/PlayGamesApplication;.onCreate
D/dalvikvm( 2936): DexOpt: unable to opt direct call 0x0b8a at 0x144 in Lcom/google/android/apps/play/games/core/PlayGamesApplication;.onCreate
D/dalvikvm( 2936): DexOpt: unable to opt direct call 0x0b8a at 0x160 in Lcom/google/android/apps/play/games/core/PlayGamesApplication;.onCreate
D/dalvikvm( 2936): DexOpt: unable to opt direct call 0x0b8a at 0x3eb in Lcom/google/android/apps/play/games/core/PlayGamesApplication;.onCreate
I/dalvikvm( 2936): Could not find method android.app.Notification.getChannelId, referenced from method keu.a
W/dalvikvm( 2936): VFY: unable to resolve virtual method 2951: Landroid/app/Notification;.getChannelId ()Ljava/lang/String;
D/dalvikvm( 2936): VFY: replacing opcode 0x6e at 0x0010
I/dalvikvm( 2936): Could not find method android.content.Context.createDeviceProtectedStorageContext, referenced from method hgf.a
W/dalvikvm( 2936): VFY: unable to resolve virtual method 3139: Landroid/content/Context;.createDeviceProtectedStorageContext ()Landroid/content/Context;
D/dalvikvm( 2936): VFY: replacing opcode 0x6e at 0x0029
I/dalvikvm( 2936): Could not find method android.content.Context.getSystemService, referenced from method hgf.a
W/dalvikvm( 2936): VFY: unable to resolve virtual method 3171: Landroid/content/Context;.getSystemService (Ljava/lang/Class;)Ljava/lang/Object;
D/dalvikvm( 2936): VFY: replacing opcode 0x6e at 0x0009
I/dalvikvm( 2936): Could not find method android.content.Context.createDeviceProtectedStorageContext, referenced from method nzv.a
W/dalvikvm( 2936): VFY: unable to resolve virtual method 3139: Landroid/content/Context;.createDeviceProtectedStorageContext ()Landroid/content/Context;
D/dalvikvm( 2936): VFY: replacing opcode 0x6e at 0x0031
I/dalvikvm( 2936): Could not find method android.content.Context.isDeviceProtectedStorage, referenced from method mlu.a
W/dalvikvm( 2936): VFY: unable to resolve virtual method 3177: Landroid/content/Context;.isDeviceProtectedStorage ()Z
D/dalvikvm( 2936): VFY: replacing opcode 0x6e at 0x0018
D/dalvikvm( 2934): Note: class Landroid/app/ActivityManagerNative; has 179 unimplemented (abstract) methods
E/dalvikvm( 2936): Could not find class 'android.app.NotificationChannel', referenced from method fsr.a
W/dalvikvm( 2936): VFY: unable to resolve new-instance 420 (Landroid/app/NotificationChannel;) in Lfsr;
D/dalvikvm( 2936): VFY: replacing opcode 0x22 at 0x0236
D/dalvikvm( 2936): DexOpt: unable to opt direct call 0x0b8a at 0x23d in Lfsr;.a
I/dalvikvm( 2936): Failed resolving Lnok; interface 1015 'Landroid/view/Window$OnFrameMetricsAvailableListener;'
W/dalvikvm( 2936): Link of class 'Lnok;' failed
I/dalvikvm( 2936): Failed resolving Lnok; interface 1015 'Landroid/view/Window$OnFrameMetricsAvailableListener;'
W/dalvikvm( 2936): Link of class 'Lnok;' failed
I/dalvikvm( 2936): Failed resolving Lnok; interface 1015 'Landroid/view/Window$OnFrameMetricsAvailableListener;'
W/dalvikvm( 2936): Link of class 'Lnok;' failed
W/dalvikvm( 2936): VFY: unable to resolve instance field 27376
D/dalvikvm( 2936): VFY: replacing opcode 0x5c at 0x06cf
I/dalvikvm( 2936): Failed resolving Lnok; interface 1015 'Landroid/view/Window$OnFrameMetricsAvailableListener;'
W/dalvikvm( 2936): Link of class 'Lnok;' failed
I/dalvikvm( 2936): Failed resolving Lnok; interface 1015 'Landroid/view/Window$OnFrameMetricsAvailableListener;'
W/dalvikvm( 2936): Link of class 'Lnok;' failed
W/PrimesInit( 2936): Primes instant initialization
D/dalvikvm( 2936): GC_FOR_ALLOC freed 352K, 15% free 3154K/3692K, paused 2ms, total 2ms
W/Primes  ( 2936): background initialization
I/dalvikvm( 2936): Could not find method android.app.AppOpsManager.permissionToOp, referenced from method rr.a
W/dalvikvm( 2936): VFY: unable to resolve static method 2785: Landroid/app/AppOpsManager;.permissionToOp (Ljava/lang/String;)Ljava/lang/String;
D/dalvikvm( 2936): VFY: replacing opcode 0x71 at 0x000e
I/dalvikvm( 2936): Could not find method android.content.Context.getSystemService, referenced from method rr.a
W/dalvikvm( 2936): VFY: unable to resolve virtual method 3171: Landroid/content/Context;.getSystemService (Ljava/lang/Class;)Ljava/lang/Object;
D/dalvikvm( 2936): VFY: replacing opcode 0x6e at 0x002b
I/dalvikvm( 2936): Could not find method android.content.Context.getSystemService, referenced from method mry.a
W/dalvikvm( 2936): VFY: unable to resolve virtual method 3171: Landroid/content/Context;.getSystemService (Ljava/lang/Class;)Ljava/lang/Object;
D/dalvikvm( 2936): VFY: replacing opcode 0x6e at 0x001a
I/dalvikvm( 2936): Could not find method android.os.UserManager.isUserUnlocked, referenced from method mry.a
W/dalvikvm( 2936): VFY: unable to resolve virtual method 4621: Landroid/os/UserManager;.isUserUnlocked ()Z
D/dalvikvm( 2936): VFY: replacing opcode 0x6e at 0x0030
I/dalvikvm( 2936): Could not find method android.content.Context.isDeviceProtectedStorage, referenced from method mry.b
W/dalvikvm( 2936): VFY: unable to resolve virtual method 3177: Landroid/content/Context;.isDeviceProtectedStorage ()Z
D/dalvikvm( 2936): VFY: replacing opcode 0x6e at 0x0000
I/dalvikvm( 2936): Could not find method android.content.pm.PackageManager.getPackageInstaller, referenced from method gzw.a
W/dalvikvm( 2936): VFY: unable to resolve virtual method 3338: Landroid/content/pm/PackageManager;.getPackageInstaller ()Landroid/content/pm/PackageInstaller;
D/dalvikvm( 2936): VFY: replacing opcode 0x6e at 0x0024
I/GAv4-SVC( 2936): Google Analytics 16.9.98 is starting up.
E/memtrack( 2934): Couldn't load memtrack module (No such file or directory)
E/android.os.Debug( 2934): failed to load memtrack module: -2
I/PrimesTesting( 2936): GserviceFlagsSupplier.get()
E/dalvikvm( 2936): Could not find class 'android.app.job.JobScheduler', referenced from method gss.e
W/dalvikvm( 2936): VFY: unable to resolve check-cast 443 (Landroid/app/job/JobScheduler;) in Lgss;
D/dalvikvm( 2936): VFY: replacing opcode 0x1f at 0x00d7
E/dalvikvm( 2936): Could not find class 'android.app.job.JobScheduler', referenced from method gss.b
W/dalvikvm( 2936): VFY: unable to resolve check-cast 443 (Landroid/app/job/JobScheduler;) in Lgss;
D/dalvikvm( 2936): VFY: replacing opcode 0x1f at 0x02b1
E/dalvikvm( 2936): Could not find class 'android.app.job.JobScheduler', referenced from method gss.b
W/dalvikvm( 2936): VFY: unable to resolve check-cast 443 (Landroid/app/job/JobScheduler;) in Lgss;
D/dalvikvm( 2936): VFY: replacing opcode 0x1f at 0x0672
E/dalvikvm( 2936): Could not find class 'android.app.job.JobScheduler', referenced from method gss.b
W/dalvikvm( 2936): VFY: unable to resolve check-cast 443 (Landroid/app/job/JobScheduler;) in Lgss;
D/dalvikvm( 2936): VFY: replacing opcode 0x1f at 0x0866
E/dalvikvm( 2936): Could not find class 'android.app.job.JobScheduler', referenced from method gss.b
W/dalvikvm( 2936): VFY: unable to resolve check-cast 443 (Landroid/app/job/JobScheduler;) in Lgss;
D/dalvikvm( 2936): VFY: replacing opcode 0x1f at 0x0906
E/dalvikvm( 2936): Could not find class 'android.app.job.JobScheduler', referenced from method gss.b
W/dalvikvm( 2936): VFY: unable to resolve check-cast 443 (Landroid/app/job/JobScheduler;) in Lgss;
D/dalvikvm( 2936): VFY: replacing opcode 0x1f at 0x095c
E/dalvikvm( 2936): Could not find class 'android.app.job.JobScheduler', referenced from method gss.b
W/dalvikvm( 2936): VFY: unable to resolve check-cast 443 (Landroid/app/job/JobScheduler;) in Lgss;
D/dalvikvm( 2936): VFY: replacing opcode 0x1f at 0x09fc
E/dalvikvm( 2936): Could not find class 'android.app.job.JobScheduler', referenced from method gss.b
W/dalvikvm( 2936): VFY: unable to resolve check-cast 443 (Landroid/app/job/JobScheduler;) in Lgss;
D/dalvikvm( 2936): VFY: replacing opcode 0x1f at 0x0a1e
E/dalvikvm( 2936): Could not find class 'android.app.job.JobScheduler', referenced from method gss.b
W/dalvikvm( 2936): VFY: unable to resolve check-cast 443 (Landroid/app/job/JobScheduler;) in Lgss;
D/dalvikvm( 2936): VFY: replacing opcode 0x1f at 0x0a40
E/dalvikvm( 2936): Could not find class 'android.app.job.JobScheduler', referenced from method gss.b
W/dalvikvm( 2936): VFY: unable to resolve check-cast 443 (Landroid/app/job/JobScheduler;) in Lgss;
D/dalvikvm( 2936): VFY: replacing opcode 0x1f at 0x0a62
D/AndroidRuntime( 2934): Calling main entry com.android.commands.input.Input
E/dalvikvm( 2936): Could not find class 'android.app.job.JobScheduler', referenced from method gss.b
W/dalvikvm( 2936): VFY: unable to resolve check-cast 443 (Landroid/app/job/JobScheduler;) in Lgss;
D/dalvikvm( 2936): VFY: replacing opcode 0x1f at 0x0ae8
E/dalvikvm( 2936): Could not find class 'android.app.job.JobScheduler', referenced from method gss.b
W/dalvikvm( 2936): VFY: unable to resolve check-cast 443 (Landroid/app/job/JobScheduler;) in Lgss;
D/dalvikvm( 2936): VFY: replacing opcode 0x1f at 0x0b20
I/Input   ( 2934): injectKeyEvent: KeyEvent { action=ACTION_DOWN, keyCode=KEYCODE_MENU, scanCode=0, metaState=0, flags=0x0, repeatCount=0, eventTime=35015, downTime=35015, deviceId=-1, source=0x101 }
E/dalvikvm( 2936): Could not find class 'android.app.job.JobScheduler', referenced from method gss.c
W/dalvikvm( 2936): VFY: unable to resolve check-cast 443 (Landroid/app/job/JobScheduler;) in Lgss;
D/dalvikvm( 2936): VFY: replacing opcode 0x1f at 0x0077
E/dalvikvm( 2936): Could not find class 'android.app.job.JobScheduler', referenced from method gss.c
W/dalvikvm( 2936): VFY: unable to resolve check-cast 443 (Landroid/app/job/JobScheduler;) in Lgss;
D/dalvikvm( 2936): VFY: replacing opcode 0x1f at 0x012a
E/dalvikvm( 2936): Could not find class 'android.app.job.JobScheduler', referenced from method gss.c
W/dalvikvm( 2936): VFY: unable to resolve check-cast 443 (Landroid/app/job/JobScheduler;) in Lgss;
D/dalvikvm( 2936): VFY: replacing opcode 0x1f at 0x0327
I/Input   ( 2934): injectKeyEvent: KeyEvent { action=ACTION_UP, keyCode=KEYCODE_MENU, scanCode=0, metaState=0, flags=0x0, repeatCount=0, eventTime=35015, downTime=35015, deviceId=-1, source=0x101 }
E/dalvikvm( 2936): Could not find class 'android.app.job.JobScheduler', referenced from method gtk.u_
W/dalvikvm( 2936): VFY: unable to resolve check-cast 443 (Landroid/app/job/JobScheduler;) in Lgtk;
D/dalvikvm( 2936): VFY: replacing opcode 0x1f at 0x0080
D/dalvikvm( 1993): GC_FOR_ALLOC freed 805K, 10% free 22977K/25348K, paused 3ms, total 3ms
I/dalvikvm-heap( 1993): Grow heap (frag case) to 24.468MB for 1939932-byte allocation
I/ahju    ( 1778): Scheduling a periodic sync task every 14400 seconds, with flex of 1800 seconds [CONTEXT service_id=51 ]
D/dalvikvm( 1993): GC_FOR_ALLOC freed 2K, 9% free 24869K/27244K, paused 4ms, total 4ms
I/dalvikvm( 2936): Could not find method android.content.pm.PackageManager.isInstantApp, referenced from method hub.a
W/dalvikvm( 2936): VFY: unable to resolve virtual method 3345: Landroid/content/pm/PackageManager;.isInstantApp (Ljava/lang/String;)Z
D/dalvikvm( 2936): VFY: replacing opcode 0x6e at 0x0026
W/Conscrypt( 1778): Could not set socket write timeout: java.net.SocketException: Socket closed
W/Conscrypt( 1778): 	at com.google.android.gms.org.conscrypt.Platform.setSocketWriteTimeout(:com.google.android.gms@202414005@20.24.14 (000700-319035315):2)
W/Conscrypt( 1778): 	at com.google.android.gms.org.conscrypt.ConscryptFileDescriptorSocket.setSoWriteTimeout(:com.google.android.gms@202414005@20.24.14 (000700-319035315):0)
I/ahju    ( 1778): Scheduling adaptive one off task with window [14400, 604800] in seconds [CONTEXT service_id=51 ]
D/dalvikvm( 2936): GC_FOR_ALLOC freed 400K, 16% free 3266K/3852K, paused 2ms, total 2ms
I/dalvikvm( 2936): Could not find method android.app.NotificationManager.getNotificationChannel, referenced from method gzd.a
W/dalvikvm( 2936): VFY: unable to resolve virtual method 2974: Landroid/app/NotificationManager;.getNotificationChannel (Ljava/lang/String;)Landroid/app/NotificationChannel;
D/dalvikvm( 2936): VFY: replacing opcode 0x6e at 0x00c5
D/dalvikvm( 2936): DexOpt: unable to opt direct call 0x0b8a at 0xd2 in Lgzd;.a
E/dalvikvm( 2936): Could not find class 'com.google.common.flogger.backend.google.GooglePlatform', referenced from method plf.a
W/dalvikvm( 2936): VFY: unable to resolve const-class 3003 (Lcom/google/common/flogger/backend/google/GooglePlatform;) in Lplf;
D/dalvikvm( 2936): VFY: replacing opcode 0x1c at 0x0014
I/dalvikvm( 2936): Could not find method com.google.android.chimera.BoundService.getStartIntent, referenced from method hki.a
W/dalvikvm( 2936): VFY: unable to resolve static method 13682: Lcom/google/android/chimera/BoundService;.getStartIntent (Landroid/content/Context;Ljava/lang/String;)Landroid/content/Intent;
D/dalvikvm( 2936): VFY: replacing opcode 0x71 at 0x0024
E/GmsClient( 2936): unable to connect to service: com.google.android.gms.instantapps.START on com.google.android.gms
D/AndroidRuntime( 2934): Shutting down VM
E/SoundPool( 1569): error loading /system/media/audio/ui/Effect_Tick.ogg
W/AudioService( 1569): Soundpool could not load file: /system/media/audio/ui/Effect_Tick.ogg
E/SoundPool( 1569): error loading /system/media/audio/ui/Effect_Tick.ogg
W/AudioService( 1569): Soundpool could not load file: /system/media/audio/ui/Effect_Tick.ogg
E/SoundPool( 1569): error loading /system/media/audio/ui/Effect_Tick.ogg
W/AudioService( 1569): Soundpool could not load file: /system/media/audio/ui/Effect_Tick.ogg
E/SoundPool( 1569): error loading /system/media/audio/ui/Effect_Tick.ogg
W/AudioService( 1569): Soundpool could not load file: /system/media/audio/ui/Effect_Tick.ogg
E/SoundPool( 1569): error loading /system/media/audio/ui/Effect_Tick.ogg
W/AudioService( 1569): Soundpool could not load file: /system/media/audio/ui/Effect_Tick.ogg
E/SoundPool( 1569): error loading /system/media/audio/ui/KeypressStandard.ogg
W/AudioService( 1569): Soundpool could not load file: /system/media/audio/ui/KeypressStandard.ogg
E/SoundPool( 1569): error loading /system/media/audio/ui/KeypressSpacebar.ogg
W/AudioService( 1569): Soundpool could not load file: /system/media/audio/ui/KeypressSpacebar.ogg
E/SoundPool( 1569): error loading /system/media/audio/ui/KeypressDelete.ogg
W/AudioService( 1569): Soundpool could not load file: /system/media/audio/ui/KeypressDelete.ogg
E/SoundPool( 1569): error loading /system/media/audio/ui/KeypressReturn.ogg
W/AudioService( 1569): Soundpool could not load file: /system/media/audio/ui/KeypressReturn.ogg
E/SoundPool( 1569): error loading /system/media/audio/ui/KeypressInvalid.ogg
W/AudioService( 1569): Soundpool could not load file: /system/media/audio/ui/KeypressInvalid.ogg
W/AudioService( 1569): onLoadSoundEffects(), Error -1 while loading samples
D/jdwp    ( 2934): Got wake-up signal, bailing out of select
D/dalvikvm( 2934): Debugger has detached; object registry had 1 entries
W/ActivityManager( 1569): Unable to start service Intent { act=com.google.android.gms.instantapps.START pkg=com.google.android.gms } U=0: not found
W/ActivityManager( 1569): Unbind failed: could not find connection for android.os.BinderProxy@9d8826e8
W/Conscrypt( 1778): Could not set socket write timeout: java.net.SocketException: Socket closed
W/Conscrypt( 1778): 	at com.google.android.gms.org.conscrypt.Platform.setSocketWriteTimeout(:com.google.android.gms@202414005@20.24.14 (000700-319035315):2)
W/Conscrypt( 1778): 	at com.google.android.gms.org.conscrypt.ConscryptFileDescriptorSocket.setSoWriteTimeout(:com.google.android.gms@202414005@20.24.14 (000700-319035315):0)
I/dalvikvm( 2936): Could not find method android.content.Context.deleteSharedPreferences, referenced from method fya.c
W/dalvikvm( 2936): VFY: unable to resolve virtual method 3145: Landroid/content/Context;.deleteSharedPreferences (Ljava/lang/String;)Z
D/dalvikvm( 2936): VFY: replacing opcode 0x6e at 0x002a
D/EGL_emulation( 1993): eglMakeCurrent: 0xb8e68530: ver 3 0
E/EGL_emulation( 1993): tid 1993: eglSurfaceAttrib(1199): error 0x3009 (EGL_BAD_MATCH)
W/HardwareRenderer( 1993): Backbuffer cannot be preserved
I/dalvikvm( 2936): Could not find method java.util.Locale.toLanguageTag, referenced from method fvw.a
W/dalvikvm( 2936): VFY: unable to resolve virtual method 33842: Ljava/util/Locale;.toLanguageTag ()Ljava/lang/String;
D/dalvikvm( 2936): VFY: replacing opcode 0x6e at 0x000a
D/dalvikvm( 2936): GC_FOR_ALLOC freed 342K, 14% free 3436K/3964K, paused 3ms, total 3ms
W/ComponentDiscovery( 2936): Application info not found.
W/ComponentDiscovery( 2936): Could not retrieve metadata, returning empty list of registrars.
I/dalvikvm( 2936): Could not find method android.content.Context.getDrawable, referenced from method rj.a
W/dalvikvm( 2936): VFY: unable to resolve virtual method 3157: Landroid/content/Context;.getDrawable (I)Landroid/graphics/drawable/Drawable;
D/dalvikvm( 2936): VFY: replacing opcode 0x6e at 0x0006
I/dalvikvm( 2936): Could not find method android.content.Context.getDataDir, referenced from method rj.a
W/dalvikvm( 2936): VFY: unable to resolve virtual method 3154: Landroid/content/Context;.getDataDir ()Ljava/io/File;
D/dalvikvm( 2936): VFY: replacing opcode 0x6e at 0x0006
I/dalvikvm( 2936): Could not find method android.content.Context.getSystemServiceName, referenced from method rj.a
W/dalvikvm( 2936): VFY: unable to resolve virtual method 3173: Landroid/content/Context;.getSystemServiceName (Ljava/lang/Class;)Ljava/lang/String;
D/dalvikvm( 2936): VFY: replacing opcode 0x6e at 0x000a
I/dalvikvm( 2936): Could not find method android.content.Context.getSystemService, referenced from method rj.a
W/dalvikvm( 2936): VFY: unable to resolve virtual method 3171: Landroid/content/Context;.getSystemService (Ljava/lang/Class;)Ljava/lang/Object;
D/dalvikvm( 2936): VFY: replacing opcode 0x6e at 0x0020
I/dalvikvm( 2936): Could not find method android.content.Context.getColorStateList, referenced from method rj.b
W/dalvikvm( 2936): VFY: unable to resolve virtual method 3152: Landroid/content/Context;.getColorStateList (I)Landroid/content/res/ColorStateList;
D/dalvikvm( 2936): VFY: replacing opcode 0x6e at 0x0006
I/dalvikvm( 2936): Could not find method android.content.Context.getColor, referenced from method rj.c
W/dalvikvm( 2936): VFY: unable to resolve virtual method 3151: Landroid/content/Context;.getColor (I)I
D/dalvikvm( 2936): VFY: replacing opcode 0x6e at 0x0006
I/dalvikvm( 2936): Could not find method android.content.Context.getNoBackupFilesDir, referenced from method rj.d
W/dalvikvm( 2936): VFY: unable to resolve virtual method 3164: Landroid/content/Context;.getNoBackupFilesDir ()Ljava/io/File;
D/dalvikvm( 2936): VFY: replacing opcode 0x6e at 0x0006
I/dalvikvm( 2936): Could not find method android.content.Context.createDeviceProtectedStorageContext, referenced from method rj.e
W/dalvikvm( 2936): VFY: unable to resolve virtual method 3139: Landroid/content/Context;.createDeviceProtectedStorageContext ()Landroid/content/Context;
D/dalvikvm( 2936): VFY: replacing opcode 0x6e at 0x0008
I/dalvikvm( 2936): Could not find method android.content.Context.isDeviceProtectedStorage, referenced from method rj.f
W/dalvikvm( 2936): VFY: unable to resolve virtual method 3177: Landroid/content/Context;.isDeviceProtectedStorage ()Z
D/dalvikvm( 2936): VFY: replacing opcode 0x6e at 0x0008
I/PGAPhenotypeBroadcastRe( 2936): Received Phenotype update.
W/PGAfap  ( 2936): ContentFiltersService is unavailable; not applying content filters.
I/ActivityManager( 1569): Killing 1966:com.android.externalstorage/u0a6 (adj 15): empty #17
D/dalvikvm( 1799): GC_EXPLICIT freed 134K, 21% free 6077K/7604K, paused 0ms+0ms, total 5ms
D/dalvikvm( 1778): GC_FOR_ALLOC freed 1891K, 28% free 9476K/13160K, paused 14ms, total 14ms
