I/PackageManager( 1567):   Action: "android.intent.action.SENDTO"
I/PackageManager( 1567):   Category: "android.intent.category.DEFAULT"
I/PackageManager( 1567):   Scheme: "mms"
I/PackageManager( 1567): Adding preferred activity ComponentInfo{com.android.mms/com.android.mms.ui.ComposeMessageActivity} for user 0 :
I/PackageManager( 1567): Adding preferred activity ComponentInfo{com.android.mms/com.android.mms.ui.ComposeMessageActivity} for user 0 :
D/dalvikvm( 1814): GC_FOR_ALLOC freed 393K, 17% free 3668K/4388K, paused 2ms, total 2ms
I/Fitness ( 1775): FitCleanupIntentOperation received Intent android.intent.action.PACKAGE_REMOVED [CONTEXT service_id=17 ]
W/Launcher( 2470): setApplicationContext called twice! old=com.google.android.velvet.VelvetApplication@9cfd6928 new=com.google.android.velvet.VelvetApplication@9cfd6928
I/PackageManager( 1567):   Action: "android.intent.action.SENDTO"
I/PackageManager( 1567):   Category: "android.intent.category.DEFAULT"
I/PackageManager( 1567):   Scheme: "mmsto"
I/Icing.InternalIcingCorporaProvider( 2279): Updating corpora: A: it.unina.android.ripper_service, C: MAYBE
I/PackageManager( 1567):   Action: "android.intent.action.SENDTO"
I/PackageManager( 1567):   Category: "android.intent.category.DEFAULT"
I/PackageManager( 1567):   Scheme: "sms"
I/PackageManager( 1567): Adding preferred activity ComponentInfo{com.android.mms/com.android.mms.ui.ComposeMessageActivity} for user 0 :
W/ContextImpl( 3287): Calling a method in the system process without a qualified user: android.app.ContextImpl.startService:1479 android.content.ContextWrapper.startService:494 android.content.ContextWrapper.startService:494 com.android.keychain.KeyChainBroadcastReceiver.onReceive:12 android.app.ActivityThread.handleReceiver:2419 
I/ActivityManager( 1567): Delay finish: com.android.keychain/.KeyChainBroadcastReceiver
I/PackageManager( 1567): Adding preferred activity ComponentInfo{com.android.mms/com.android.mms.ui.ComposeMessageActivity} for user 0 :
D/dalvikvm( 3287): GC_FOR_ALLOC freed 395K, 16% free 3110K/3700K, paused 3ms, total 3ms
D/dalvikvm( 1567): GC_EXPLICIT freed 1760K, 43% free 10048K/17400K, paused 1ms+3ms, total 53ms
D/dalvikvm( 1567): WAIT_FOR_CONCURRENT_GC blocked 11ms
D/dalvikvm( 1567): WAIT_FOR_CONCURRENT_GC blocked 10ms
D/dalvikvm( 1567): WAIT_FOR_CONCURRENT_GC blocked 10ms
D/dalvikvm( 1567): WAIT_FOR_CONCURRENT_GC blocked 13ms
D/dalvikvm( 1567): WAIT_FOR_CONCURRENT_GC blocked 13ms
I/PackageManager( 1567):   Action: "android.intent.action.SENDTO"
I/PackageManager( 1567):   Category: "android.intent.category.DEFAULT"
I/PackageManager( 1567):   Scheme: "smsto"
D/AndroidRuntime( 5137): Shutting down VM
I/ActivityManager( 1567): Resuming delayed broadcast
I/PackageManager( 1567): Adding preferred activity ComponentInfo{com.android.mms/com.android.mms.ui.ComposeMessageActivity} for user 0 :
D/jdwp    ( 5137): Got wake-up signal, bailing out of select
D/dalvikvm( 5137): Debugger has detached; object registry had 1 entries
D/dalvikvm( 1814): GC_FOR_ALLOC freed 352K, 17% free 3668K/4388K, paused 3ms, total 3ms
I/PackageManager( 1567):   Action: "android.intent.action.SENDTO"
I/PackageManager( 1567):   Category: "android.intent.category.DEFAULT"
I/PackageManager( 1567):   Scheme: "mms"
I/PackageManager( 1567): Adding preferred activity ComponentInfo{com.android.mms/com.android.mms.ui.ComposeMessageActivity} for user 0 :
I/Icing   ( 2088): doRemovePackageData it.unina.android.ripper_service
I/PackageManager( 1567):   Action: "android.intent.action.SENDTO"
I/PackageManager( 1567):   Category: "android.intent.category.DEFAULT"
I/PackageManager( 1567):   Scheme: "mmsto"
I/PackageManager( 1567): Adding preferred activity ComponentInfo{com.android.mms/com.android.mms.ui.ComposeMessageActivity} for user 0 :
I/Icing   ( 2088): IndexChimeraService.getServiceInterface callingPackage=com.google.android.googlequicksearchbox componentName=null serviceId=21
I/LatinIME:LogUtils( 1761): Dictionary info: dictionary = main:en ; version = 42 ; date = 1381226516
I/DownloadManager( 1846): Download 24 starting
W/Icing   ( 2088): No valid account for uploading user actions
W/DownloadManager( 1846): Aborting request for download 24: TYPE_DISALLOWED_BY_REQUESTOR
I/Icing   ( 2088): Usage reports ok 0, Failed Usage reports 0, indexed 0, rejected 0
I/Icing   ( 2088): Indexing com.google.android.gms-apps from com.google.android.gms
I/Icing   ( 2088): Indexing done com.google.android.gms-apps
I/DownloadManager( 1846): Download 24 finished with status WAITING_FOR_NETWORK
I/Icing   ( 2088): Indexing com.google.android.gms-internal.3p:MobileApplication from com.google.android.gms
I/Icing   ( 2088): Indexing com.google.android.googlequicksearchbox-applications from com.google.android.googlequicksearchbox
I/Icing   ( 2088): Indexing done com.google.android.gms-internal.3p:MobileApplication
I/Icing   ( 2088): Indexing done com.google.android.googlequicksearchbox-applications
D/AndroidRuntime( 5165): 
D/AndroidRuntime( 5165): >>>>>> AndroidRuntime START com.android.internal.os.RuntimeInit <<<<<<
W/linker  ( 5165): libdvm.so has text relocations. This is wasting memory and is a security risk. Please fix.
D/AndroidRuntime( 5165): CheckJNI is ON
D/dalvikvm( 5165): Trying to load lib libjavacore.so 0x0
D/dalvikvm( 5165): Added shared lib libjavacore.so 0x0
D/dalvikvm( 5165): Trying to load lib libnativehelper.so 0x0
D/dalvikvm( 5165): Added shared lib libnativehelper.so 0x0
D/dalvikvm( 5165): No JNI_OnLoad found in libnativehelper.so 0x0, skipping init
D/dalvikvm( 5165): Note: class Landroid/app/ActivityManagerNative; has 179 unimplemented (abstract) methods
E/memtrack( 5165): Couldn't load memtrack module (No such file or directory)
E/android.os.Debug( 5165): failed to load memtrack module: -2
D/AndroidRuntime( 5165): Calling main entry com.android.commands.pm.Pm
W/ActivityManager( 1567): No content provider found for permission revoke: file:///data/local/tmp/AndroidRipperService.apk
W/ActivityManager( 1567): No content provider found for permission revoke: file:///data/local/tmp/AndroidRipperService.apk
I/PackageManager( 1567): Copying native libraries to /data/app-lib/vmdl882178978
I/PackageParser( 1567): it.unina.android.ripper_service: compat added android.permission.WRITE_EXTERNAL_STORAGE android.permission.READ_PHONE_STATE
I/PackageManager( 1567): Running dexopt on: it.unina.android.ripper_service
W/linker  ( 5176): libdvm.so has text relocations. This is wasting memory and is a security risk. Please fix.
D/dalvikvm( 5176): DexOpt: load 4ms, verify+opt 21ms, 1117628 bytes
I/ActivityManager( 1567): Force stopping it.unina.android.ripper_service appid=10075 user=-1: update pkg
I/InputReader( 1567): Reconfiguring input devices.  changes=0x00000010
I/PackageManager( 1567):   Action: "android.intent.action.SENDTO"
I/PackageManager( 1567):   Category: "android.intent.category.DEFAULT"
I/PackageManager( 1567):   Scheme: "sms"
W/Launcher.Model( 2470): Nobody to tell about the new app.  Launcher is probably loading.
D/Documents( 3227): Used cached roots for com.android.providers.downloads.documents
D/Documents( 3227): Used cached roots for com.android.externalstorage.documents
D/Documents( 3227): Used cached roots for com.android.providers.media.documents
D/Documents( 3227): Update found 6 roots in 3ms
I/PackageManager( 1567): Adding preferred activity ComponentInfo{com.android.mms/com.android.mms.ui.ComposeMessageActivity} for user 0 :
I/Launcher( 1955): Deferring update until onResume
I/Launcher( 1955): Deferring update until onResume
I/PackageManager( 1567):   Action: "android.intent.action.SENDTO"
I/PackageManager( 1567):   Category: "android.intent.category.DEFAULT"
I/PackageManager( 1567):   Scheme: "smsto"
I/PackageManager( 1567): Adding preferred activity ComponentInfo{com.android.mms/com.android.mms.ui.ComposeMessageActivity} for user 0 :
D/dalvikvm( 1814): GC_FOR_ALLOC freed 424K, 18% free 3632K/4388K, paused 2ms, total 2ms
I/PackageManager( 1567):   Action: "android.intent.action.SENDTO"
I/PackageManager( 1567):   Category: "android.intent.category.DEFAULT"
I/PackageManager( 1567):   Scheme: "mms"
I/PackageManager( 1567): Adding preferred activity ComponentInfo{com.android.mms/com.android.mms.ui.ComposeMessageActivity} for user 0 :
D/dalvikvm( 1567): GC_EXPLICIT freed 1825K, 43% free 9992K/17400K, paused 1ms+1ms, total 33ms
D/dalvikvm( 1567): WAIT_FOR_CONCURRENT_GC blocked 10ms
D/AndroidRuntime( 5165): Shutting down VM
D/dalvikvm( 1567): WAIT_FOR_CONCURRENT_GC blocked 10ms
D/dalvikvm( 1567): WAIT_FOR_CONCURRENT_GC blocked 10ms
D/jdwp    ( 5165): Got wake-up signal, bailing out of select
D/dalvikvm( 5165): Debugger has detached; object registry had 1 entries
I/PackageManager( 1567):   Action: "android.intent.action.SENDTO"
I/PackageManager( 1567):   Category: "android.intent.category.DEFAULT"
I/PackageManager( 1567):   Scheme: "mmsto"
I/Auth    ( 2088): [SupervisedAccountIntentOperation] onHandleIntent(): android.intent.action.PACKAGE_ADDED
I/PackageManager( 1567): Adding preferred activity ComponentInfo{com.android.mms/com.android.mms.ui.ComposeMessageActivity} for user 0 :
I/PackageManager( 1567):   Action: "android.intent.action.SENDTO"
I/PackageManager( 1567):   Category: "android.intent.category.DEFAULT"
I/PackageManager( 1567):   Scheme: "sms"
W/GCM     ( 1775): Unexpected forwarded intent: Intent { act=android.intent.action.PACKAGE_ADDED dat=package:it.unina.android.ripper_service flg=0x4000010 cmp=com.google.android.gms/.chimera.PersistentIntentOperationService (has extras) }
I/ChromeSync( 2088): [Sync,SyncIntentOperation] Handling the intent: Intent { act=android.intent.action.PACKAGE_ADDED dat=package:it.unina.android.ripper_service flg=0x4000010 cmp=com.google.android.gms/.chimera.GmsIntentOperationService (has extras) }.
I/PackageManager( 1567): Adding preferred activity ComponentInfo{com.android.mms/com.android.mms.ui.ComposeMessageActivity} for user 0 :
I/FontLog ( 2088): Package it.unina.android.ripper_service has no metadata [CONTEXT service_id=132 ]
D/dalvikvm( 1814): GC_FOR_ALLOC freed 369K, 17% free 3669K/4388K, paused 9ms, total 9ms
I/PackageManager( 1567):   Action: "android.intent.action.SENDTO"
I/PackageManager( 1567):   Category: "android.intent.category.DEFAULT"
I/PackageManager( 1567):   Scheme: "smsto"
I/Icing.InternalIcingCorporaProvider( 2279): Updating corpora: A: it.unina.android.ripper_service, C: MAYBE
W/ActivityManager( 1567): Unable to start service Intent { act=com.google.android.gms.auth.key.retrieval.service.START pkg=com.google.android.gms } U=0: not found
D/BackupManagerService( 1567): Received broadcast Intent { act=android.intent.action.PACKAGE_ADDED dat=package:it.unina.android.ripper_service flg=0x4000010 (has extras) }
V/BackupManagerService( 1567): addPackageParticipantsLocked: #1
W/ActivityManager( 1567): Unbind failed: could not find connection for android.os.BinderProxy@9d238030
I/PackageManager( 1567): Adding preferred activity ComponentInfo{com.android.mms/com.android.mms.ui.ComposeMessageActivity} for user 0 :
E/GmsClient( 2088): unable to connect to service: com.google.android.gms.auth.key.retrieval.service.START on com.google.android.gms
W/GCM     ( 1775): Unexpected forwarded intent: Intent { act=android.intent.action.PACKAGE_ADDED dat=package:it.unina.android.ripper_service flg=0x4000010 cmp=com.google.android.gms/.chimera.PersistentIntentOperationService (has extras) }
I/PackageManager( 1567):   Action: "android.intent.action.SENDTO"
I/PackageManager( 1567):   Category: "android.intent.category.DEFAULT"
I/PackageManager( 1567):   Scheme: "mms"
I/PackageManager( 1567): Adding preferred activity ComponentInfo{com.android.mms/com.android.mms.ui.ComposeMessageActivity} for user 0 :
I/ChromeSync( 2088): [Persistence,AffiliationManager] One of affiliation or grouping data for android://KSmUCdTXmQS-j9D_O8l1jvyu41Pjn2mc5cb0Gvx1e9H1Aj4JCzHs_uTW26nbtH65K-YfijtBsQxGp-8R6k6HFg==@it.unina.android.ripper_service/ was not found. Marking affiliation data as stale...
I/PackageManager( 1567):   Action: "android.intent.action.SENDTO"
I/PackageManager( 1567):   Category: "android.intent.category.DEFAULT"
I/PackageManager( 1567):   Scheme: "mmsto"
I/PackageManager( 1567): Adding preferred activity ComponentInfo{com.android.mms/com.android.mms.ui.ComposeMessageActivity} for user 0 :
I/Icing   ( 2088): IndexChimeraService.getServiceInterface callingPackage=com.google.android.googlequicksearchbox componentName=null serviceId=21
W/Icing   ( 2088): No valid account for uploading user actions
I/Icing   ( 2088): Usage reports ok 0, Failed Usage reports 0, indexed 0, rejected 0
I/Icing   ( 2088): Indexing com.google.android.gms-apps from com.google.android.gms
I/Icing   ( 2088): Indexing com.google.android.googlequicksearchbox-applications from com.google.android.googlequicksearchbox
I/Icing   ( 2088): Indexing done com.google.android.gms-apps
I/Icing   ( 2088): Indexing com.google.android.gms-internal.3p:MobileApplication from com.google.android.gms
D/dalvikvm( 2088): GC_FOR_ALLOC freed 2015K, 13% free 21403K/24408K, paused 18ms, total 18ms
I/Icing   ( 2088): Indexing done com.google.android.googlequicksearchbox-applications
I/Icing   ( 2088): Indexing done com.google.android.gms-internal.3p:MobileApplication
D/AndroidRuntime( 5185): 
D/AndroidRuntime( 5185): >>>>>> AndroidRuntime START com.android.internal.os.RuntimeInit <<<<<<
W/linker  ( 5185): libdvm.so has text relocations. This is wasting memory and is a security risk. Please fix.
D/AndroidRuntime( 5185): CheckJNI is ON
D/dalvikvm( 5185): Trying to load lib libjavacore.so 0x0
D/dalvikvm( 5185): Added shared lib libjavacore.so 0x0
D/dalvikvm( 5185): Trying to load lib libnativehelper.so 0x0
D/dalvikvm( 5185): Added shared lib libnativehelper.so 0x0
D/dalvikvm( 5185): No JNI_OnLoad found in libnativehelper.so 0x0, skipping init
D/dalvikvm( 5185): Note: class Landroid/app/ActivityManagerNative; has 179 unimplemented (abstract) methods
E/memtrack( 5185): Couldn't load memtrack module (No such file or directory)
E/android.os.Debug( 5185): failed to load memtrack module: -2
D/AndroidRuntime( 5185): Calling main entry com.android.commands.pm.Pm
D/AndroidRuntime( 5185): Shutting down VM
D/jdwp    ( 5185): Got wake-up signal, bailing out of select
D/dalvikvm( 5185): Debugger has detached; object registry had 1 entries
D/AndroidRuntime( 5196): 
D/AndroidRuntime( 5196): >>>>>> AndroidRuntime START com.android.internal.os.RuntimeInit <<<<<<
W/linker  ( 5196): libdvm.so has text relocations. This is wasting memory and is a security risk. Please fix.
D/AndroidRuntime( 5196): CheckJNI is ON
D/dalvikvm( 5196): Trying to load lib libjavacore.so 0x0
D/dalvikvm( 5196): Added shared lib libjavacore.so 0x0
D/dalvikvm( 5196): Trying to load lib libnativehelper.so 0x0
D/dalvikvm( 5196): Added shared lib libnativehelper.so 0x0
D/dalvikvm( 5196): No JNI_OnLoad found in libnativehelper.so 0x0, skipping init
D/dalvikvm( 5196): Note: class Landroid/app/ActivityManagerNative; has 179 unimplemented (abstract) methods
E/memtrack( 5196): Couldn't load memtrack module (No such file or directory)
E/android.os.Debug( 5196): failed to load memtrack module: -2
D/AndroidRuntime( 5196): Calling main entry com.android.commands.pm.Pm
D/AndroidRuntime( 5196): Shutting down VM
D/jdwp    ( 5196): Got wake-up signal, bailing out of select
D/dalvikvm( 5196): Debugger has detached; object registry had 1 entries
D/AndroidRuntime( 5207): 
D/AndroidRuntime( 5207): >>>>>> AndroidRuntime START com.android.internal.os.RuntimeInit <<<<<<
W/linker  ( 5207): libdvm.so has text relocations. This is wasting memory and is a security risk. Please fix.
D/AndroidRuntime( 5207): CheckJNI is ON
D/dalvikvm( 5207): Trying to load lib libjavacore.so 0x0
D/dalvikvm( 5207): Added shared lib libjavacore.so 0x0
D/dalvikvm( 5207): Trying to load lib libnativehelper.so 0x0
D/dalvikvm( 5207): Added shared lib libnativehelper.so 0x0
D/dalvikvm( 5207): No JNI_OnLoad found in libnativehelper.so 0x0, skipping init
D/dalvikvm( 5207): Note: class Landroid/app/ActivityManagerNative; has 179 unimplemented (abstract) methods
E/memtrack( 5207): Couldn't load memtrack module (No such file or directory)
E/android.os.Debug( 5207): failed to load memtrack module: -2
D/AndroidRuntime( 5207): Calling main entry com.android.commands.am.Am
D/AndroidRuntime( 5207): Shutting down VM
D/jdwp    ( 5207): Got wake-up signal, bailing out of select
D/dalvikvm( 5207): Debugger has detached; object registry had 1 entries
I/ActivityManager( 1567): Start proc it.unina.android.ripper_service:android_ripper_service_process for service it.unina.android.ripper_service/.AndroidRipperService: pid=5218 uid=10075 gids={50075, 3003, 1028, 1015}
V/AndroidRipperService( 5218): onCreate()
V/SERVER  ( 5218): Starting ServerSocket on PORT 18888
V/SERVER  ( 5218): Started ServerSocket on PORT 18888
V/SERVER  ( 5218): Ready to accept connections on port: 18888
D/AndroidRuntime( 5232): 
D/AndroidRuntime( 5232): >>>>>> AndroidRuntime START com.android.internal.os.RuntimeInit <<<<<<
W/linker  ( 5232): libdvm.so has text relocations. This is wasting memory and is a security risk. Please fix.
D/AndroidRuntime( 5232): CheckJNI is ON
D/dalvikvm( 5232): Trying to load lib libjavacore.so 0x0
D/dalvikvm( 5232): Added shared lib libjavacore.so 0x0
D/dalvikvm( 5232): Trying to load lib libnativehelper.so 0x0
D/dalvikvm( 5232): Added shared lib libnativehelper.so 0x0
D/dalvikvm( 5232): No JNI_OnLoad found in libnativehelper.so 0x0, skipping init
D/dalvikvm( 5232): Note: class Landroid/app/ActivityManagerNative; has 179 unimplemented (abstract) methods
E/memtrack( 5232): Couldn't load memtrack module (No such file or directory)
E/android.os.Debug( 5232): failed to load memtrack module: -2
D/AndroidRuntime( 5232): Calling main entry com.android.commands.input.Input
I/Input   ( 5232): injectKeyEvent: KeyEvent { action=ACTION_DOWN, keyCode=KEYCODE_MENU, scanCode=0, metaState=0, flags=0x0, repeatCount=0, eventTime=413550, downTime=413550, deviceId=-1, source=0x101 }
I/dalvikvm( 4995): Could not find method android.view.ViewConfiguration.shouldShowMenuShortcutsWhenKeyboardPresent, referenced from method b.b.h.i.g.<init>
W/dalvikvm( 4995): VFY: unable to resolve virtual method 1841: Landroid/view/ViewConfiguration;.shouldShowMenuShortcutsWhenKeyboardPresent ()Z
D/dalvikvm( 4995): VFY: replacing opcode 0x6e at 0x005b
I/Input   ( 5232): injectKeyEvent: KeyEvent { action=ACTION_UP, keyCode=KEYCODE_MENU, scanCode=0, metaState=0, flags=0x0, repeatCount=0, eventTime=413550, downTime=413550, deviceId=-1, source=0x101 }
D/AndroidRuntime( 5232): Shutting down VM
D/jdwp    ( 5232): Got wake-up signal, bailing out of select
D/dalvikvm( 5232): Debugger has detached; object registry had 1 entries
E/SoundPool( 1567): error loading /system/media/audio/ui/Effect_Tick.ogg
W/AudioService( 1567): Soundpool could not load file: /system/media/audio/ui/Effect_Tick.ogg
E/SoundPool( 1567): error loading /system/media/audio/ui/Effect_Tick.ogg
W/AudioService( 1567): Soundpool could not load file: /system/media/audio/ui/Effect_Tick.ogg
E/SoundPool( 1567): error loading /system/media/audio/ui/Effect_Tick.ogg
W/AudioService( 1567): Soundpool could not load file: /system/media/audio/ui/Effect_Tick.ogg
E/SoundPool( 1567): error loading /system/media/audio/ui/Effect_Tick.ogg
W/AudioService( 1567): Soundpool could not load file: /system/media/audio/ui/Effect_Tick.ogg
E/SoundPool( 1567): error loading /system/media/audio/ui/Effect_Tick.ogg
W/AudioService( 1567): Soundpool could not load file: /system/media/audio/ui/Effect_Tick.ogg
E/SoundPool( 1567): error loading /system/media/audio/ui/KeypressStandard.ogg
W/AudioService( 1567): Soundpool could not load file: /system/media/audio/ui/KeypressStandard.ogg
E/SoundPool( 1567): error loading /system/media/audio/ui/KeypressSpacebar.ogg
W/AudioService( 1567): Soundpool could not load file: /system/media/audio/ui/KeypressSpacebar.ogg
E/SoundPool( 1567): error loading /system/media/audio/ui/KeypressDelete.ogg
W/AudioService( 1567): Soundpool could not load file: /system/media/audio/ui/KeypressDelete.ogg
E/SoundPool( 1567): error loading /system/media/audio/ui/KeypressReturn.ogg
W/AudioService( 1567): Soundpool could not load file: /system/media/audio/ui/KeypressReturn.ogg
E/SoundPool( 1567): error loading /system/media/audio/ui/KeypressInvalid.ogg
W/AudioService( 1567): Soundpool could not load file: /system/media/audio/ui/KeypressInvalid.ogg
W/AudioService( 1567): onLoadSoundEffects(), Error -1 while loading samples
D/AndroidRuntime( 5250): 
D/AndroidRuntime( 5250): >>>>>> AndroidRuntime START com.android.internal.os.RuntimeInit <<<<<<
W/linker  ( 5250): libdvm.so has text relocations. This is wasting memory and is a security risk. Please fix.
D/AndroidRuntime( 5250): CheckJNI is ON
D/dalvikvm( 5250): Trying to load lib libjavacore.so 0x0
D/dalvikvm( 5250): Added shared lib libjavacore.so 0x0
D/dalvikvm( 5250): Trying to load lib libnativehelper.so 0x0
D/dalvikvm( 5250): Added shared lib libnativehelper.so 0x0
D/dalvikvm( 5250): No JNI_OnLoad found in libnativehelper.so 0x0, skipping init
D/dalvikvm( 5250): Note: class Landroid/app/ActivityManagerNative; has 179 unimplemented (abstract) methods
E/memtrack( 5250): Couldn't load memtrack module (No such file or directory)
E/android.os.Debug( 5250): failed to load memtrack module: -2
D/AndroidRuntime( 5250): Calling main entry com.android.commands.pm.Pm
W/ActivityManager( 1567): No content provider found for permission revoke: file:///sdcard/aut.apk
W/ActivityManager( 1567): No content provider found for permission revoke: file:///sdcard/aut.apk
I/PackageManager( 1567): Copying native libraries to /data/app-lib/vmdl-826436288
D/dalvikvm( 1567): GC_FOR_ALLOC freed 1625K, 42% free 10121K/17400K, paused 9ms, total 9ms
D/dalvikvm( 1567): GC_FOR_ALLOC freed 1611K, 41% free 10298K/17400K, paused 8ms, total 8ms
D/dalvikvm( 1567): GC_FOR_ALLOC freed 1808K, 41% free 10320K/17400K, paused 7ms, total 7ms
I/PackageManager( 1567): Running dexopt on: nds.fyll.puzzle_grid
W/linker  ( 5261): libdvm.so has text relocations. This is wasting memory and is a security risk. Please fix.
D/dalvikvm( 5261): DexOpt: couldn't find static field Landroid/os/Build;.SUPPORTED_ABIS
D/dalvikvm( 5261): DexOpt: load 7ms, verify+opt 14ms, 831236 bytes
I/ActivityManager( 1567): Force stopping nds.fyll.puzzle_grid appid=10076 user=-1: update pkg
I/InputReader( 1567): Reconfiguring input devices.  changes=0x00000010
W/Launcher.Model( 2470): Nobody to tell about the new app.  Launcher is probably loading.
I/Launcher( 1955): Deferring update until onResume
D/Documents( 3227): Used cached roots for com.android.providers.downloads.documents
I/PackageManager( 1567):   Action: "android.intent.action.SENDTO"
I/PackageManager( 1567):   Category: "android.intent.category.DEFAULT"
I/PackageManager( 1567):   Scheme: "sms"
D/BackupManagerService( 1567): Received broadcast Intent { act=android.intent.action.PACKAGE_ADDED dat=package:nds.fyll.puzzle_grid flg=0x4000010 (has extras) }
I/PackageManager( 1567): Adding preferred activity ComponentInfo{com.android.mms/com.android.mms.ui.ComposeMessageActivity} for user 0 :
D/Documents( 3227): Used cached roots for com.android.externalstorage.documents
D/Documents( 3227): Used cached roots for com.android.providers.media.documents
D/Documents( 3227): Update found 6 roots in 13ms
I/Launcher( 1955): Deferring update until onResume
D/dalvikvm( 1814): GC_FOR_ALLOC freed 447K, 18% free 3614K/4388K, paused 2ms, total 2ms
I/PackageManager( 1567):   Action: "android.intent.action.SENDTO"
I/PackageManager( 1567):   Category: "android.intent.category.DEFAULT"
I/PackageManager( 1567):   Scheme: "smsto"
V/BackupManagerService( 1567): addPackageParticipantsLocked: #1
I/PackageManager( 1567): Adding preferred activity ComponentInfo{com.android.mms/com.android.mms.ui.ComposeMessageActivity} for user 0 :
I/PackageManager( 1567):   Action: "android.intent.action.SENDTO"
I/PackageManager( 1567):   Category: "android.intent.category.DEFAULT"
I/PackageManager( 1567):   Scheme: "mms"
I/PackageManager( 1567): Adding preferred activity ComponentInfo{com.android.mms/com.android.mms.ui.ComposeMessageActivity} for user 0 :
I/PackageManager( 1567):   Action: "android.intent.action.SENDTO"
I/PackageManager( 1567):   Category: "android.intent.category.DEFAULT"
I/PackageManager( 1567):   Scheme: "mmsto"
W/ActivityManager( 1567): Unable to start service Intent { act=com.google.android.gms.auth.key.retrieval.service.START pkg=com.google.android.gms } U=0: not found
I/PackageManager( 1567): Adding preferred activity ComponentInfo{com.android.mms/com.android.mms.ui.ComposeMessageActivity} for user 0 :
E/GmsClient( 2088): unable to connect to service: com.google.android.gms.auth.key.retrieval.service.START on com.google.android.gms
I/Icing.InternalIcingCorporaProvider( 2279): Updating corpora: A: nds.fyll.puzzle_grid, C: MAYBE
W/GCM     ( 1775): Unexpected forwarded intent: Intent { act=android.intent.action.PACKAGE_ADDED dat=package:nds.fyll.puzzle_grid flg=0x4000010 cmp=com.google.android.gms/.chimera.PersistentIntentOperationService (has extras) }
W/GCM     ( 1775): Unexpected forwarded intent: Intent { act=android.intent.action.PACKAGE_ADDED dat=package:nds.fyll.puzzle_grid flg=0x4000010 cmp=com.google.android.gms/.chimera.PersistentIntentOperationService (has extras) }
I/PackageManager( 1567):   Action: "android.intent.action.SENDTO"
I/PackageManager( 1567):   Category: "android.intent.category.DEFAULT"
I/PackageManager( 1567):   Scheme: "sms"
W/ActivityManager( 1567): Unbind failed: could not find connection for android.os.BinderProxy@9d4eb828
I/PackageManager( 1567): Adding preferred activity ComponentInfo{com.android.mms/com.android.mms.ui.ComposeMessageActivity} for user 0 :
D/dalvikvm( 1567): GC_EXPLICIT freed 1625K, 40% free 10606K/17400K, paused 0ms+12ms, total 59ms
D/AndroidRuntime( 5250): Shutting down VM
D/jdwp    ( 5250): Got wake-up signal, bailing out of select
D/dalvikvm( 5250): Debugger has detached; object registry had 1 entries
D/dalvikvm( 1814): GC_FOR_ALLOC freed 389K, 17% free 3670K/4388K, paused 2ms, total 3ms
I/Auth    ( 2088): [SupervisedAccountIntentOperation] onHandleIntent(): android.intent.action.PACKAGE_ADDED
I/ChromeSync( 2088): [Sync,SyncIntentOperation] Handling the intent: Intent { act=android.intent.action.PACKAGE_ADDED dat=package:nds.fyll.puzzle_grid flg=0x4000010 cmp=com.google.android.gms/.chimera.GmsIntentOperationService (has extras) }.
I/PackageManager( 1567):   Action: "android.intent.action.SENDTO"
I/PackageManager( 1567):   Category: "android.intent.category.DEFAULT"
I/PackageManager( 1567):   Scheme: "smsto"
I/PackageManager( 1567): Adding preferred activity ComponentInfo{com.android.mms/com.android.mms.ui.ComposeMessageActivity} for user 0 :
W/ContextImpl( 2279): Implicit intents with startService are not safe: Intent { act=com.google.android.gms.icing.INDEX_SERVICE } android.content.ContextWrapper.bindService:517 com.google.android.gms.internal.av.a:-1 com.google.android.gms.internal.au.connect:-1 
I/PackageManager( 1567):   Action: "android.intent.action.SENDTO"
I/PackageManager( 1567):   Category: "android.intent.category.DEFAULT"
I/PackageManager( 1567):   Scheme: "mms"
I/PackageManager( 1567): Adding preferred activity ComponentInfo{com.android.mms/com.android.mms.ui.ComposeMessageActivity} for user 0 :
I/PackageManager( 1567):   Action: "android.intent.action.SENDTO"
I/PackageManager( 1567):   Category: "android.intent.category.DEFAULT"
I/PackageManager( 1567):   Scheme: "mmsto"
I/PackageManager( 1567): Adding preferred activity ComponentInfo{com.android.mms/com.android.mms.ui.ComposeMessageActivity} for user 0 :
I/ChromeSync( 2088): [Persistence,AffiliationManager] One of affiliation or grouping data for android://KSmUCdTXmQS-j9D_O8l1jvyu41Pjn2mc5cb0Gvx1e9H1Aj4JCzHs_uTW26nbtH65K-YfijtBsQxGp-8R6k6HFg==@nds.fyll.puzzle_grid/ was not found. Marking affiliation data as stale...
I/Icing   ( 2088): IndexChimeraService.getServiceInterface callingPackage=com.google.android.googlequicksearchbox componentName=null serviceId=21
W/Icing   ( 2088): No valid account for uploading user actions
I/Icing   ( 2088): Usage reports ok 0, Failed Usage reports 0, indexed 0, rejected 0
I/Icing   ( 2088): Indexing com.google.android.googlequicksearchbox-applications from com.google.android.googlequicksearchbox
I/Icing   ( 2088): Indexing done com.google.android.googlequicksearchbox-applications
I/Icing   ( 2088): Indexing com.google.android.gms-apps from com.google.android.gms
I/Icing   ( 2088): Indexing done com.google.android.gms-apps
I/Icing   ( 2088): Indexing com.google.android.gms-internal.3p:MobileApplication from com.google.android.gms
I/Icing   ( 2088): Indexing done com.google.android.gms-internal.3p:MobileApplication
D/AndroidRuntime( 5278): 
D/AndroidRuntime( 5278): >>>>>> AndroidRuntime START com.android.internal.os.RuntimeInit <<<<<<
W/linker  ( 5278): libdvm.so has text relocations. This is wasting memory and is a security risk. Please fix.
D/AndroidRuntime( 5278): CheckJNI is ON
D/dalvikvm( 5278): Trying to load lib libjavacore.so 0x0
D/dalvikvm( 5278): Added shared lib libjavacore.so 0x0
D/dalvikvm( 5278): Trying to load lib libnativehelper.so 0x0
D/dalvikvm( 5278): Added shared lib libnativehelper.so 0x0
D/dalvikvm( 5278): No JNI_OnLoad found in libnativehelper.so 0x0, skipping init
D/dalvikvm( 5278): Note: class Landroid/app/ActivityManagerNative; has 179 unimplemented (abstract) methods
E/memtrack( 5278): Couldn't load memtrack module (No such file or directory)
E/android.os.Debug( 5278): failed to load memtrack module: -2
D/AndroidRuntime( 5278): Calling main entry com.android.commands.pm.Pm
D/dalvikvm( 2777): GC_FOR_ALLOC freed 477K, 19% free 3085K/3768K, paused 2ms, total 2ms
W/ActivityManager( 1567): No content provider found for permission revoke: file:///sdcard/ripper.apk
W/ActivityManager( 1567): No content provider found for permission revoke: file:///sdcard/ripper.apk
I/PackageManager( 1567): Copying native libraries to /data/app-lib/vmdl-2092374575
I/PackageParser( 1567): it.unina.android.ripper: compat added android.permission.WRITE_EXTERNAL_STORAGE android.permission.READ_PHONE_STATE
I/PackageManager( 1567): Running dexopt on: it.unina.android.ripper
W/linker  ( 5289): libdvm.so has text relocations. This is wasting memory and is a security risk. Please fix.
D/dalvikvm( 5289): DexOpt: load 2ms, verify+opt 18ms, 936700 bytes
I/ActivityManager( 1567): Force stopping it.unina.android.ripper appid=10077 user=-1: update pkg
W/Launcher.Model( 2470): Nobody to tell about the new app.  Launcher is probably loading.
I/Launcher( 1955): Deferring update until onResume
D/Documents( 3227): Used cached roots for com.android.providers.downloads.documents
D/Documents( 3227): Used cached roots for com.android.externalstorage.documents
I/PackageManager( 1567):   Action: "android.intent.action.SENDTO"
I/PackageManager( 1567):   Category: "android.intent.category.DEFAULT"
I/PackageManager( 1567):   Scheme: "sms"
D/Documents( 3227): Used cached roots for com.android.providers.media.documents
D/Documents( 3227): Update found 6 roots in 4ms
I/InputReader( 1567): Reconfiguring input devices.  changes=0x00000010
D/dalvikvm( 1814): GC_FOR_ALLOC freed 462K, 18% free 3604K/4388K, paused 2ms, total 5ms
I/PackageManager( 1567): Adding preferred activity ComponentInfo{com.android.mms/com.android.mms.ui.ComposeMessageActivity} for user 0 :
W/GCM     ( 1775): Unexpected forwarded intent: Intent { act=android.intent.action.PACKAGE_ADDED dat=package:it.unina.android.ripper flg=0x4000010 cmp=com.google.android.gms/.chimera.PersistentIntentOperationService (has extras) }
W/GCM     ( 1775): Unexpected forwarded intent: Intent { act=android.intent.action.PACKAGE_ADDED dat=package:it.unina.android.ripper flg=0x4000010 cmp=com.google.android.gms/.chimera.PersistentIntentOperationService (has extras) }
I/Auth    ( 2088): [SupervisedAccountIntentOperation] onHandleIntent(): android.intent.action.PACKAGE_ADDED
I/ChromeSync( 2088): [Sync,SyncIntentOperation] Handling the intent: Intent { act=android.intent.action.PACKAGE_ADDED dat=package:it.unina.android.ripper flg=0x4000010 cmp=com.google.android.gms/.chimera.GmsIntentOperationService (has extras) }.
I/FontLog ( 2088): Package it.unina.android.ripper has no metadata [CONTEXT service_id=132 ]
D/BackupManagerService( 1567): Received broadcast Intent { act=android.intent.action.PACKAGE_ADDED dat=package:it.unina.android.ripper flg=0x4000010 (has extras) }
V/BackupManagerService( 1567): addPackageParticipantsLocked: #1
I/Icing.InternalIcingCorporaProvider( 2279): Updating corpora: A: it.unina.android.ripper, C: MAYBE
I/PackageManager( 1567):   Action: "android.intent.action.SENDTO"
I/PackageManager( 1567):   Category: "android.intent.category.DEFAULT"
I/PackageManager( 1567):   Scheme: "smsto"
I/ChromeSync( 2088): [Persistence,AffiliationManager] One of affiliation or grouping data for android://KSmUCdTXmQS-j9D_O8l1jvyu41Pjn2mc5cb0Gvx1e9H1Aj4JCzHs_uTW26nbtH65K-YfijtBsQxGp-8R6k6HFg==@it.unina.android.ripper/ was not found. Marking affiliation data as stale...
I/PackageManager( 1567):   Action: "android.intent.action.SENDTO"
I/PackageManager( 1567):   Category: "android.intent.category.DEFAULT"
I/PackageManager( 1567):   Scheme: "mms"
I/PackageManager( 1567): Adding preferred activity ComponentInfo{com.android.mms/com.android.mms.ui.ComposeMessageActivity} for user 0 :
I/PackageManager( 1567): Adding preferred activity ComponentInfo{com.android.mms/com.android.mms.ui.ComposeMessageActivity} for user 0 :
I/PackageManager( 1567):   Action: "android.intent.action.SENDTO"
I/PackageManager( 1567):   Category: "android.intent.category.DEFAULT"
I/PackageManager( 1567):   Scheme: "mmsto"
I/PackageManager( 1567): Adding preferred activity ComponentInfo{com.android.mms/com.android.mms.ui.ComposeMessageActivity} for user 0 :
D/dalvikvm( 1567): GC_EXPLICIT freed 2531K, 43% free 9983K/17400K, paused 1ms+1ms, total 63ms
D/dalvikvm( 1567): WAIT_FOR_CONCURRENT_GC blocked 10ms
D/dalvikvm( 1567): WAIT_FOR_CONCURRENT_GC blocked 12ms
D/AndroidRuntime( 5278): Shutting down VM
D/jdwp    ( 5278): Got wake-up signal, bailing out of select
D/dalvikvm( 5278): Debugger has detached; object registry had 1 entries
I/PackageManager( 1567):   Action: "android.intent.action.SENDTO"
I/PackageManager( 1567):   Category: "android.intent.category.DEFAULT"
I/PackageManager( 1567):   Scheme: "sms"
I/Icing   ( 2088): IndexChimeraService.getServiceInterface callingPackage=com.google.android.googlequicksearchbox componentName=null serviceId=21
I/PackageManager( 1567): Adding preferred activity ComponentInfo{com.android.mms/com.android.mms.ui.ComposeMessageActivity} for user 0 :
D/dalvikvm( 1814): GC_FOR_ALLOC freed 392K, 17% free 3671K/4388K, paused 2ms, total 2ms
I/PackageManager( 1567):   Action: "android.intent.action.SENDTO"
I/PackageManager( 1567):   Category: "android.intent.category.DEFAULT"
I/PackageManager( 1567):   Scheme: "smsto"
W/Icing.InternalIcingCorporaProvider( 2279): Application table change notification failed.
I/PackageManager( 1567): Adding preferred activity ComponentInfo{com.android.mms/com.android.mms.ui.ComposeMessageActivity} for user 0 :
I/PackageManager( 1567):   Action: "android.intent.action.SENDTO"
I/PackageManager( 1567):   Category: "android.intent.category.DEFAULT"
I/PackageManager( 1567):   Scheme: "mms"
W/Icing   ( 2088): No valid account for uploading user actions
I/PackageManager( 1567):   Action: "android.intent.action.SENDTO"
I/PackageManager( 1567):   Category: "android.intent.category.DEFAULT"
I/PackageManager( 1567):   Scheme: "mmsto"
I/Icing   ( 2088): Usage reports ok 0, Failed Usage reports 0, indexed 0, rejected 0
I/Icing   ( 2088): Indexing com.google.android.gms-apps from com.google.android.gms
I/Icing   ( 2088): Indexing done com.google.android.gms-apps
D/dalvikvm( 1814): GC_FOR_ALLOC freed 366K, 17% free 3667K/4388K, paused 2ms, total 2ms
I/PackageManager( 1567): Adding preferred activity ComponentInfo{com.android.mms/com.android.mms.ui.ComposeMessageActivity} for user 0 :
I/PackageManager( 1567): Adding preferred activity ComponentInfo{com.android.mms/com.android.mms.ui.ComposeMessageActivity} for user 0 :
D/AndroidRuntime( 5296): 
D/AndroidRuntime( 5296): >>>>>> AndroidRuntime START com.android.internal.os.RuntimeInit <<<<<<
W/linker  ( 5296): libdvm.so has text relocations. This is wasting memory and is a security risk. Please fix.
D/AndroidRuntime( 5296): CheckJNI is ON
D/dalvikvm( 5296): Trying to load lib libjavacore.so 0x0
D/dalvikvm( 5296): Added shared lib libjavacore.so 0x0
D/dalvikvm( 5296): Trying to load lib libnativehelper.so 0x0
D/dalvikvm( 5296): Added shared lib libnativehelper.so 0x0
D/dalvikvm( 5296): No JNI_OnLoad found in libnativehelper.so 0x0, skipping init
D/AndroidRuntime( 5298): 
D/AndroidRuntime( 5298): >>>>>> AndroidRuntime START com.android.internal.os.RuntimeInit <<<<<<
W/linker  ( 5298): libdvm.so has text relocations. This is wasting memory and is a security risk. Please fix.
D/AndroidRuntime( 5298): CheckJNI is ON
D/dalvikvm( 5298): Trying to load lib libjavacore.so 0x0
D/dalvikvm( 5298): Added shared lib libjavacore.so 0x0
D/dalvikvm( 5296): Note: class Landroid/app/ActivityManagerNative; has 179 unimplemented (abstract) methods
D/dalvikvm( 5298): Trying to load lib libnativehelper.so 0x0
D/dalvikvm( 5298): Added shared lib libnativehelper.so 0x0
D/dalvikvm( 5298): No JNI_OnLoad found in libnativehelper.so 0x0, skipping init
D/dalvikvm( 5298): Note: class Landroid/app/ActivityManagerNative; has 179 unimplemented (abstract) methods
E/memtrack( 5296): Couldn't load memtrack module (No such file or directory)
E/android.os.Debug( 5296): failed to load memtrack module: -2
E/memtrack( 5298): Couldn't load memtrack module (No such file or directory)
E/android.os.Debug( 5298): failed to load memtrack module: -2
D/AndroidRuntime( 5296): Calling main entry com.android.commands.am.Am
W/InputDispatcher( 1567): channel '9d356da0 mf.asciitext.lite/mf.irregex.MainActivity (server)' ~ Consumer closed input channel or an error occurred.  events=0x9
E/InputDispatcher( 1567): channel '9d356da0 mf.asciitext.lite/mf.irregex.MainActivity (server)' ~ Channel is unrecoverably broken and will be disposed!
E/JavaBinder( 1567): !!! FAILED BINDER TRANSACTION !!!
W/InputDispatcher( 1567): Attempted to unregister already unregistered input channel '9d356da0 mf.asciitext.lite/mf.irregex.MainActivity (server)'
D/AndroidRuntime( 5296): Shutting down VM
D/jdwp    ( 5296): Got wake-up signal, bailing out of select
D/dalvikvm( 5296): Debugger has detached; object registry had 1 entries
I/ActivityManager( 1567): Force stopping mf.asciitext.lite appid=10073 user=0: from pid 5296
I/ActivityManager( 1567): Killing 4995:mf.asciitext.lite/u0a73 (adj 0): stop mf.asciitext.lite
W/ActivityManager( 1567): Force removing ActivityRecord{9d0418d8 u0 mf.asciitext.lite/mf.irregex.MainActivity t14}: app died, no saved state
I/WindowState( 1567): WIN DEATH: Window{9d356da0 u0 mf.asciitext.lite/mf.irregex.MainActivity}
W/ActivityManager( 1567): Crash of app mf.asciitext.lite running instrumentation ComponentInfo{it.unina.android.ripper/android.test.InstrumentationTestRunner}
I/ActivityManager( 1567): Force stopping mf.asciitext.lite appid=10073 user=0: finished inst
D/EGL_emulation( 1955): eglMakeCurrent: 0xb7d47060: ver 3 0
D/AndroidRuntime( 5298): Calling main entry com.android.commands.am.Am
I/ActivityManager( 1567): Force stopping nds.fyll.puzzle_grid appid=10076 user=0: start instr
I/ActivityManager( 1567): Start proc nds.fyll.puzzle_grid for added application nds.fyll.puzzle_grid: pid=5318 uid=10076 gids={50076, 1028}
D/EGL_emulation( 1955): eglMakeCurrent: 0xb7d47060: ver 3 0
E/EGL_emulation( 1955): tid 1955: eglSurfaceAttrib(1199): error 0x3009 (EGL_BAD_MATCH)
W/HardwareRenderer( 1955): Backbuffer cannot be preserved
W/Binder  ( 1761): Caught a RuntimeException from the binder stub implementation.
W/Binder  ( 1761): java.lang.NullPointerException
W/Binder  ( 1761): 	at android.inputmethodservice.IInputMethodWrapper.setSessionEnabled(IInputMethodWrapper.java:280)
W/Binder  ( 1761): 	at com.android.internal.view.IInputMethod$Stub.onTransact(IInputMethod.java:129)
W/Binder  ( 1761): 	at android.os.Binder.execTransact(Binder.java:404)
W/Binder  ( 1761): 	at dalvik.system.NativeStart.run(Native Method)
W/InputMethodManagerService( 1567): Got RemoteException sending setActive(false) notification to pid 4995 uid 10073
I/dalvikvm( 5318): Could not find method android.view.Window.setStatusBarColor, referenced from method io.flutter.embedding.android.d.s
W/dalvikvm( 5318): VFY: unable to resolve virtual method 664: Landroid/view/Window;.setStatusBarColor (I)V
D/dalvikvm( 5318): VFY: replacing opcode 0x6e at 0x0011
I/dalvikvm( 5318): Could not find method android.content.res.Resources.getDrawable, referenced from method io.flutter.embedding.android.d.v
W/dalvikvm( 5318): VFY: unable to resolve virtual method 298: Landroid/content/res/Resources;.getDrawable (ILandroid/content/res/Resources$Theme;)Landroid/graphics/drawable/Drawable;
D/dalvikvm( 5318): VFY: replacing opcode 0x6e at 0x002b
I/System.out( 5318): should load native is true
I/TestRunner( 5318): started: testApplication(it.unina.android.ripper.RipperTestCase)
I/dalvikvm( 5318): Could not find method android.security.NetworkSecurityPolicy.getInstance, referenced from method io.flutter.embedding.engine.f.a.b
W/dalvikvm( 5318): VFY: unable to resolve static method 445: Landroid/security/NetworkSecurityPolicy;.getInstance ()Landroid/security/NetworkSecurityPolicy;
D/dalvikvm( 5318): VFY: replacing opcode 0x71 at 0x000a
V/AndroidRipperService( 5218): onBind()
E/dalvikvm( 5318): Could not find class 'java.util.Locale$Builder', referenced from method io.flutter.embedding.engine.FlutterJNI.computePlatformResolvedLocale
V/AndroidRipperService( 5218): onBind()
W/dalvikvm( 5318): VFY: unable to resolve new-instance 714 (Ljava/util/Locale$Builder;) in Lio/flutter/embedding/engine/FlutterJNI;
D/dalvikvm( 5318): VFY: replacing opcode 0x22 at 0x0023
I/dalvikvm( 5318): Could not find method java.util.Locale.getScript, referenced from method io.flutter.embedding.engine.FlutterJNI.computePlatformResolvedLocale
W/dalvikvm( 5318): VFY: unable to resolve virtual method 3230: Ljava/util/Locale;.getScript ()Ljava/lang/String;
D/dalvikvm( 5318): VFY: replacing opcode 0x6e at 0x0076
D/dalvikvm( 5318): DexOpt: unable to opt direct call 0x0c94 at 0x25 in Lio/flutter/embedding/engine/FlutterJNI;.computePlatformResolvedLocale
I/ActivityManager( 1567): START u0 {act=android.intent.action.MAIN flg=0x10000000 cmp=nds.fyll.puzzle_grid/.MainActivity} from pid 5318
V/AndroidRipperService( 5218): register()
D/dalvikvm( 1955): GC_FOR_ALLOC freed 540K, 35% free 17878K/27276K, paused 7ms, total 7ms
I/dalvikvm-heap( 1955): Grow heap (frag case) to 24.768MB for 7464972-byte allocation
D/dalvikvm( 1955): GC_FOR_ALLOC freed 1K, 8% free 25167K/27276K, paused 3ms, total 3ms
D/gralloc_ranchu( 1144): gralloc_alloc: Creating ashmem region of size 7753728
I/dalvikvm( 5318): Could not find method java.util.Locale.getScript, referenced from method io.flutter.embedding.engine.i.e.a
W/dalvikvm( 5318): VFY: unable to resolve virtual method 3230: Ljava/util/Locale;.getScript ()Ljava/lang/String;
D/dalvikvm( 5318): VFY: replacing opcode 0x6e at 0x0065
I/dalvikvm( 5318): Could not find method android.content.res.Configuration.getLocales, referenced from method c.a.c.b.a.a
W/dalvikvm( 5318): VFY: unable to resolve virtual method 294: Landroid/content/res/Configuration;.getLocales ()Landroid/os/LocaleList;
D/dalvikvm( 5318): VFY: replacing opcode 0x6e at 0x0020
I/dalvikvm( 5318): Could not find method android.content.res.Configuration.getLocales, referenced from method c.a.c.b.a.a
W/dalvikvm( 5318): VFY: unable to resolve virtual method 294: Landroid/content/res/Configuration;.getLocales ()Landroid/os/LocaleList;
D/dalvikvm( 5318): VFY: replacing opcode 0x6e at 0x008b
I/dalvikvm( 5318): Could not find method android.content.res.Configuration.getLocales, referenced from method c.a.c.b.a.a
W/dalvikvm( 5318): VFY: unable to resolve virtual method 294: Landroid/content/res/Configuration;.getLocales ()Landroid/os/LocaleList;
D/dalvikvm( 5318): VFY: replacing opcode 0x6e at 0x000b
D/dalvikvm( 5318): DexOpt: unable to opt direct call 0x0c99 at 0x3d in Lc/a/c/b/a;.a
D/dalvikvm( 5318): DexOpt: unable to opt direct call 0x0c99 at 0x49 in Lc/a/c/b/a;.a
D/dalvikvm( 5318): DexOpt: unable to opt direct call 0x0c99 at 0x66 in Lc/a/c/b/a;.a
E/FlutterLoader( 5318): Flutter initialization failed.
E/FlutterLoader( 5318): java.util.concurrent.ExecutionException: java.lang.UnsatisfiedLinkError: Couldn't load flutter from loader dalvik.system.PathClassLoader[DexPathList[[zip file "/system/framework/android.test.runner.jar", zip file "/data/app/it.unina.android.ripper-1.apk", zip file "/data/app/nds.fyll.puzzle_grid-1.apk"],nativeLibraryDirectories=[/data/app-lib/it.unina.android.ripper-1, /data/app-lib/nds.fyll.puzzle_grid-1, /vendor/lib, /system/lib]]]: findLibrary returned null
E/FlutterLoader( 5318): 	at java.util.concurrent.FutureTask.report(FutureTask.java:93)
E/FlutterLoader( 5318): 	at java.util.concurrent.FutureTask.get(FutureTask.java:163)
E/FlutterLoader( 5318): 	at io.flutter.embedding.engine.f.c.a()
E/FlutterLoader( 5318): 	at io.flutter.embedding.engine.a.<init>()
E/FlutterLoader( 5318): 	at io.flutter.embedding.engine.a.<init>()
E/FlutterLoader( 5318): 	at io.flutter.embedding.android.e.k()
E/FlutterLoader( 5318): 	at io.flutter.embedding.android.e.a()
E/FlutterLoader( 5318): 	at io.flutter.embedding.android.d.onCreate()
E/FlutterLoader( 5318): 	at android.app.Activity.performCreate(Activity.java:5231)
E/FlutterLoader( 5318): 	at android.app.Instrumentation.callActivityOnCreate(Instrumentation.java:1087)
E/FlutterLoader( 5318): 	at android.app.ActivityThread.performLaunchActivity(ActivityThread.java:2159)
E/FlutterLoader( 5318): 	at android.app.ActivityThread.handleLaunchActivity(ActivityThread.java:2245)
E/FlutterLoader( 5318): 	at android.app.ActivityThread.access$800(ActivityThread.java:135)
E/FlutterLoader( 5318): 	at android.app.ActivityThread$H.handleMessage(ActivityThread.java:1196)
E/FlutterLoader( 5318): 	at android.os.Handler.dispatchMessage(Handler.java:102)
E/FlutterLoader( 5318): 	at android.os.Looper.loop(Looper.java:136)
E/FlutterLoader( 5318): 	at android.app.ActivityThread.main(ActivityThread.java:5017)
E/FlutterLoader( 5318): 	at java.lang.reflect.Method.invokeNative(Native Method)
E/FlutterLoader( 5318): 	at java.lang.reflect.Method.invoke(Method.java:515)
E/FlutterLoader( 5318): 	at com.android.internal.os.ZygoteInit$MethodAndArgsCaller.run(ZygoteInit.java:779)
E/FlutterLoader( 5318): 	at com.android.internal.os.ZygoteInit.main(ZygoteInit.java:595)
E/FlutterLoader( 5318): 	at dalvik.system.NativeStart.main(Native Method)
E/FlutterLoader( 5318): Caused by: java.lang.UnsatisfiedLinkError: Couldn't load flutter from loader dalvik.system.PathClassLoader[DexPathList[[zip file "/system/framework/android.test.runner.jar", zip file "/data/app/it.unina.android.ripper-1.apk", zip file "/data/app/nds.fyll.puzzle_grid-1.apk"],nativeLibraryDirectories=[/data/app-lib/it.unina.android.ripper-1, /data/app-lib/nds.fyll.puzzle_grid-1, /vendor/lib, /system/lib]]]: findLibrary returned null
E/FlutterLoader( 5318): 	at java.lang.Runtime.loadLibrary(Runtime.java:358)
E/FlutterLoader( 5318): 	at java.lang.System.loadLibrary(System.java:526)
E/FlutterLoader( 5318): 	at io.flutter.embedding.engine.f.c$a.call()
E/FlutterLoader( 5318): 	at io.flutter.embedding.engine.f.c$a.call()
E/FlutterLoader( 5318): 	at java.util.concurrent.FutureTask.run(FutureTask.java:237)
E/FlutterLoader( 5318): 	at java.util.concurrent.ThreadPoolExecutor.runWorker(ThreadPoolExecutor.java:1112)
E/FlutterLoader( 5318): 	at java.util.concurrent.ThreadPoolExecutor$Worker.run(ThreadPoolExecutor.java:587)
E/FlutterLoader( 5318): 	at java.lang.Thread.run(Thread.java:841)
D/AndroidRuntime( 5318): Shutting down VM
W/dalvikvm( 5318): threadid=1: thread exiting with uncaught exception (group=0x9ccbab20)
E/AndroidRuntime( 5318): FATAL EXCEPTION: main
E/AndroidRuntime( 5318): Process: nds.fyll.puzzle_grid, PID: 5318
E/AndroidRuntime( 5318): java.lang.RuntimeException: Unable to start activity ComponentInfo{nds.fyll.puzzle_grid/nds.fyll.puzzle_grid.MainActivity}: java.lang.RuntimeException: java.util.concurrent.ExecutionException: java.lang.UnsatisfiedLinkError: Couldn't load flutter from loader dalvik.system.PathClassLoader[DexPathList[[zip file "/system/framework/android.test.runner.jar", zip file "/data/app/it.unina.android.ripper-1.apk", zip file "/data/app/nds.fyll.puzzle_grid-1.apk"],nativeLibraryDirectories=[/data/app-lib/it.unina.android.ripper-1, /data/app-lib/nds.fyll.puzzle_grid-1, /vendor/lib, /system/lib]]]: findLibrary returned null
E/AndroidRuntime( 5318): 	at android.app.ActivityThread.performLaunchActivity(ActivityThread.java:2195)
E/AndroidRuntime( 5318): 	at android.app.ActivityThread.handleLaunchActivity(ActivityThread.java:2245)
E/AndroidRuntime( 5318): 	at android.app.ActivityThread.access$800(ActivityThread.java:135)
E/AndroidRuntime( 5318): 	at android.app.ActivityThread$H.handleMessage(ActivityThread.java:1196)
E/AndroidRuntime( 5318): 	at android.os.Handler.dispatchMessage(Handler.java:102)
E/AndroidRuntime( 5318): 	at android.os.Looper.loop(Looper.java:136)
E/AndroidRuntime( 5318): 	at android.app.ActivityThread.main(ActivityThread.java:5017)
E/AndroidRuntime( 5318): 	at java.lang.reflect.Method.invokeNative(Native Method)
E/AndroidRuntime( 5318): 	at java.lang.reflect.Method.invoke(Method.java:515)
E/AndroidRuntime( 5318): 	at com.android.internal.os.ZygoteInit$MethodAndArgsCaller.run(ZygoteInit.java:779)
