I/PackageManager( 1567): Adding preferred activity ComponentInfo{com.android.mms/com.android.mms.ui.ComposeMessageActivity} for user 0 :
I/PackageManager( 1567): Adding preferred activity ComponentInfo{com.android.mms/com.android.mms.ui.ComposeMessageActivity} for user 0 :
I/PackageManager( 1567): Adding preferred activity ComponentInfo{com.android.mms/com.android.mms.ui.ComposeMessageActivity} for user 0 :
I/PackageManager( 1567): Adding preferred activity ComponentInfo{com.android.mms/com.android.mms.ui.ComposeMessageActivity} for user 0 :
I/PackageManager( 1567): Adding preferred activity ComponentInfo{com.android.mms/com.android.mms.ui.ComposeMessageActivity} for user 0 :
I/ActivityManager( 1567): Force stopping com.android.settings appid=1000 user=0: from pid 3418
I/ActivityManager( 1567): Killing 1830:com.android.settings/1000 (adj 0): stop com.android.settings
W/ActivityManager( 1567): Force removing ActivityRecord{9d3f8730 u0 com.android.settings/.Settings$InputMethodAndLanguageSettingsActivity t5}: app died, no saved state
I/WindowState( 1567): WIN DEATH: Window{9d122720 u0 com.android.settings/com.android.settings.Settings$InputMethodAndLanguageSettingsActivity}
I/ActivityManager( 1567): Force stopping mf.asciitext.lite appid=10060 user=0: start instr
W/InputMethodManagerService( 1567): Got RemoteException sending setActive(false) notification to pid 1830 uid 1000
I/ActivityManager( 1567): Start proc mf.asciitext.lite for added application mf.asciitext.lite: pid=3440 uid=10060 gids={50060}
I/ActivityManager( 1567): START u0 {act=android.intent.action.MAIN flg=0x10000000 cmp=mf.asciitext.lite/mf.irregex.SplashScreen} from pid 3440
I/ActivityManager( 1567): START u0 {flg=0x4000000 cmp=mf.asciitext.lite/mf.irregex.MainActivity} from pid 3440
I/ActivityManager( 1567): Killing 2159:com.android.music/u0a36 (adj 15): empty #17
W/ActivityManager( 1567): Unable to start service Intent { act=com.google.android.gms.drive.ApiService.RESET_AFTER_BOOT flg=0x4 cmp=com.google.android.gms/.drive.api.ApiService (has extras) } U=0: not found
I/ActivityManager( 1567): Force stopping mf.asciitext.lite appid=10060 user=0: clear data
I/ActivityManager( 1567): Killing 3440:mf.asciitext.lite/u0a60 (adj 0): stop mf.asciitext.lite
W/ActivityManager( 1567): Force removing ActivityRecord{9d25da00 u0 mf.asciitext.lite/mf.irregex.MainActivity t6}: app died, no saved state
W/ActivityManager( 1567): Crash of app mf.asciitext.lite running instrumentation ComponentInfo{it.unina.android.ripper/android.test.InstrumentationTestRunner}
I/ActivityManager( 1567): Force stopping mf.asciitext.lite appid=10060 user=0: finished inst
I/WindowState( 1567): WIN DEATH: Window{9d26e1b8 u0 mf.asciitext.lite/mf.irregex.MainActivity}
W/InputMethodManagerService( 1567): Got RemoteException sending setActive(false) notification to pid 3440 uid 10060
I/ActivityManager( 1567): Force stopping mf.asciitext.lite appid=10060 user=-1: uninstall pkg
W/PackageManager( 1567): Couldn't delete native library directory /data/app-lib/mf.asciitext.lite
I/ActivityManager( 1567): Force stopping mf.asciitext.lite appid=10060 user=0: pkg removed
I/PackageManager( 1567): Adding preferred activity ComponentInfo{com.android.mms/com.android.mms.ui.ComposeMessageActivity} for user 0 :
I/InputMethodManagerService( 1567): Input method uninstalled, disabling: ComponentInfo{mf.asciitext.lite/mf.irregex.keyboard.MyInputMethodService}
D/BackupManagerService( 1567): Received broadcast Intent { act=android.intent.action.PACKAGE_REMOVED dat=package:mf.asciitext.lite flg=0x4000010 (has extras) }
V/BackupManagerService( 1567): removePackageParticipantsLocked: uid=10060 #1
I/PackageManager( 1567): Adding preferred activity ComponentInfo{com.android.mms/com.android.mms.ui.ComposeMessageActivity} for user 0 :
I/PackageManager( 1567): Adding preferred activity ComponentInfo{com.android.mms/com.android.mms.ui.ComposeMessageActivity} for user 0 :
I/PackageManager( 1567): Adding preferred activity ComponentInfo{com.android.mms/com.android.mms.ui.ComposeMessageActivity} for user 0 :
I/PackageManager( 1567): Adding preferred activity ComponentInfo{com.android.mms/com.android.mms.ui.ComposeMessageActivity} for user 0 :
W/ContextImpl( 3287): Calling a method in the system process without a qualified user: android.app.ContextImpl.startService:1479 android.content.ContextWrapper.startService:494 android.content.ContextWrapper.startService:494 com.android.keychain.KeyChainBroadcastReceiver.onReceive:12 android.app.ActivityThread.handleReceiver:2419 
I/PackageManager( 1567): Adding preferred activity ComponentInfo{com.android.mms/com.android.mms.ui.ComposeMessageActivity} for user 0 :
I/PackageManager( 1567): Adding preferred activity ComponentInfo{com.android.mms/com.android.mms.ui.ComposeMessageActivity} for user 0 :
I/PackageManager( 1567): Adding preferred activity ComponentInfo{com.android.mms/com.android.mms.ui.ComposeMessageActivity} for user 0 :
I/ActivityManager( 1567): Force stopping it.unina.android.ripper appid=10061 user=0: clear data
I/ActivityManager( 1567): Force stopping it.unina.android.ripper appid=10061 user=-1: uninstall pkg
W/PackageManager( 1567): Couldn't delete native library directory /data/app-lib/it.unina.android.ripper
I/ActivityManager( 1567): Force stopping it.unina.android.ripper appid=10061 user=0: pkg removed
I/PackageManager( 1567): Adding preferred activity ComponentInfo{com.android.mms/com.android.mms.ui.ComposeMessageActivity} for user 0 :
D/BackupManagerService( 1567): Received broadcast Intent { act=android.intent.action.PACKAGE_REMOVED dat=package:it.unina.android.ripper flg=0x4000010 (has extras) }
V/BackupManagerService( 1567): removePackageParticipantsLocked: uid=10061 #1
I/PackageManager( 1567): Adding preferred activity ComponentInfo{com.android.mms/com.android.mms.ui.ComposeMessageActivity} for user 0 :
I/PackageManager( 1567): Adding preferred activity ComponentInfo{com.android.mms/com.android.mms.ui.ComposeMessageActivity} for user 0 :
I/PackageManager( 1567): Adding preferred activity ComponentInfo{com.android.mms/com.android.mms.ui.ComposeMessageActivity} for user 0 :
W/ContextImpl( 3287): Calling a method in the system process without a qualified user: android.app.ContextImpl.startService:1479 android.content.ContextWrapper.startService:494 android.content.ContextWrapper.startService:494 com.android.keychain.KeyChainBroadcastReceiver.onReceive:12 android.app.ActivityThread.handleReceiver:2419 
I/PackageManager( 1567): Adding preferred activity ComponentInfo{com.android.mms/com.android.mms.ui.ComposeMessageActivity} for user 0 :
I/PackageManager( 1567): Adding preferred activity ComponentInfo{com.android.mms/com.android.mms.ui.ComposeMessageActivity} for user 0 :
I/PackageManager( 1567): Adding preferred activity ComponentInfo{com.android.mms/com.android.mms.ui.ComposeMessageActivity} for user 0 :
I/PackageManager( 1567): Adding preferred activity ComponentInfo{com.android.mms/com.android.mms.ui.ComposeMessageActivity} for user 0 :
I/ActivityManager( 1567): Force stopping it.unina.android.ripper_service appid=10057 user=0: clear data
I/ActivityManager( 1567): Killing 2873:it.unina.android.ripper_service:android_ripper_service_process/u0a57 (adj 8): stop it.unina.android.ripper_service
I/ActivityManager( 1567):   Force stopping service ServiceRecord{9dadee40 u0 it.unina.android.ripper_service/.AndroidRipperService}
I/ActivityManager( 1567): Force stopping it.unina.android.ripper_service appid=10057 user=-1: uninstall pkg
W/PackageManager( 1567): Couldn't delete native library directory /data/app-lib/it.unina.android.ripper_service
I/ActivityManager( 1567): Force stopping it.unina.android.ripper_service appid=10057 user=0: pkg removed
I/PackageManager( 1567): Adding preferred activity ComponentInfo{com.android.mms/com.android.mms.ui.ComposeMessageActivity} for user 0 :
I/PackageManager( 1567): Adding preferred activity ComponentInfo{com.android.mms/com.android.mms.ui.ComposeMessageActivity} for user 0 :
D/BackupManagerService( 1567): Received broadcast Intent { act=android.intent.action.PACKAGE_REMOVED dat=package:it.unina.android.ripper_service flg=0x4000010 (has extras) }
V/BackupManagerService( 1567): removePackageParticipantsLocked: uid=10057 #1
I/PackageManager( 1567): Adding preferred activity ComponentInfo{com.android.mms/com.android.mms.ui.ComposeMessageActivity} for user 0 :
I/PackageManager( 1567): Adding preferred activity ComponentInfo{com.android.mms/com.android.mms.ui.ComposeMessageActivity} for user 0 :
W/ContextImpl( 3287): Calling a method in the system process without a qualified user: android.app.ContextImpl.startService:1479 android.content.ContextWrapper.startService:494 android.content.ContextWrapper.startService:494 com.android.keychain.KeyChainBroadcastReceiver.onReceive:12 android.app.ActivityThread.handleReceiver:2419 
I/PackageManager( 1567): Adding preferred activity ComponentInfo{com.android.mms/com.android.mms.ui.ComposeMessageActivity} for user 0 :
I/PackageManager( 1567): Adding preferred activity ComponentInfo{com.android.mms/com.android.mms.ui.ComposeMessageActivity} for user 0 :
I/PackageManager( 1567): Adding preferred activity ComponentInfo{com.android.mms/com.android.mms.ui.ComposeMessageActivity} for user 0 :
I/PackageManager( 1567): Adding preferred activity ComponentInfo{com.android.mms/com.android.mms.ui.ComposeMessageActivity} for user 0 :
W/ActivityManager( 1567): No content provider found for permission revoke: file:///data/local/tmp/AndroidRipperService.apk
W/ActivityManager( 1567): No content provider found for permission revoke: file:///data/local/tmp/AndroidRipperService.apk
I/PackageManager( 1567): Copying native libraries to /data/app-lib/vmdl1786315892
I/PackageParser( 1567): it.unina.android.ripper_service: compat added android.permission.WRITE_EXTERNAL_STORAGE android.permission.READ_PHONE_STATE
I/ActivityManager( 1567): Force stopping it.unina.android.ripper_service appid=10062 user=-1: update pkg
I/PackageManager( 1567): Adding preferred activity ComponentInfo{com.android.mms/com.android.mms.ui.ComposeMessageActivity} for user 0 :
D/BackupManagerService( 1567): Received broadcast Intent { act=android.intent.action.PACKAGE_ADDED dat=package:it.unina.android.ripper_service flg=0x4000010 (has extras) }
V/BackupManagerService( 1567): addPackageParticipantsLocked: #1
I/PackageManager( 1567): Adding preferred activity ComponentInfo{com.android.mms/com.android.mms.ui.ComposeMessageActivity} for user 0 :
W/ActivityManager( 1567): Unable to start service Intent { act=com.google.android.gms.auth.key.retrieval.service.START pkg=com.google.android.gms } U=0: not found
W/ActivityManager( 1567): Unbind failed: could not find connection for android.os.BinderProxy@9d22f208
I/PackageManager( 1567): Adding preferred activity ComponentInfo{com.android.mms/com.android.mms.ui.ComposeMessageActivity} for user 0 :
I/PackageManager( 1567): Adding preferred activity ComponentInfo{com.android.mms/com.android.mms.ui.ComposeMessageActivity} for user 0 :
I/PackageManager( 1567): Adding preferred activity ComponentInfo{com.android.mms/com.android.mms.ui.ComposeMessageActivity} for user 0 :
I/PackageManager( 1567): Adding preferred activity ComponentInfo{com.android.mms/com.android.mms.ui.ComposeMessageActivity} for user 0 :
I/PackageManager( 1567): Adding preferred activity ComponentInfo{com.android.mms/com.android.mms.ui.ComposeMessageActivity} for user 0 :
I/PackageManager( 1567): Adding preferred activity ComponentInfo{com.android.mms/com.android.mms.ui.ComposeMessageActivity} for user 0 :
I/ActivityManager( 1567): Start proc it.unina.android.ripper_service:android_ripper_service_process for service it.unina.android.ripper_service/.AndroidRipperService: pid=3716 uid=10062 gids={50062, 3003, 1028, 1015}
W/ActivityManager( 1567): No content provider found for permission revoke: file:///sdcard/aut.apk
W/ActivityManager( 1567): No content provider found for permission revoke: file:///sdcard/aut.apk
I/PackageManager( 1567): Copying native libraries to /data/app-lib/vmdl-1095525877
W/PackageParser( 1567): Unknown element under <manifest>: module at /data/app/vmdl-1095525877.tmp Binary XML file line #14
I/ActivityManager( 1567): Force stopping mf.asciitext.lite appid=10063 user=-1: update pkg
I/PackageManager( 1567): Adding preferred activity ComponentInfo{com.android.mms/com.android.mms.ui.ComposeMessageActivity} for user 0 :
I/PackageManager( 1567): Adding preferred activity ComponentInfo{com.android.mms/com.android.mms.ui.ComposeMessageActivity} for user 0 :
D/BackupManagerService( 1567): Received broadcast Intent { act=android.intent.action.PACKAGE_ADDED dat=package:mf.asciitext.lite flg=0x4000010 (has extras) }
V/BackupManagerService( 1567): addPackageParticipantsLocked: #1
I/PackageManager( 1567): Adding preferred activity ComponentInfo{com.android.mms/com.android.mms.ui.ComposeMessageActivity} for user 0 :
I/PackageManager( 1567): Adding preferred activity ComponentInfo{com.android.mms/com.android.mms.ui.ComposeMessageActivity} for user 0 :
I/PackageManager( 1567): Adding preferred activity ComponentInfo{com.android.mms/com.android.mms.ui.ComposeMessageActivity} for user 0 :
I/PackageManager( 1567): Adding preferred activity ComponentInfo{com.android.mms/com.android.mms.ui.ComposeMessageActivity} for user 0 :
W/ActivityManager( 1567): Unable to start service Intent { act=com.google.android.gms.auth.key.retrieval.service.START pkg=com.google.android.gms } U=0: not found
W/ActivityManager( 1567): Unbind failed: could not find connection for android.os.BinderProxy@9d41fb80
I/PackageManager( 1567): Adding preferred activity ComponentInfo{com.android.mms/com.android.mms.ui.ComposeMessageActivity} for user 0 :
I/PackageManager( 1567): Adding preferred activity ComponentInfo{com.android.mms/com.android.mms.ui.ComposeMessageActivity} for user 0 :
W/ActivityManager( 1567): No content provider found for permission revoke: file:///sdcard/ripper.apk
W/ActivityManager( 1567): No content provider found for permission revoke: file:///sdcard/ripper.apk
I/PackageManager( 1567): Copying native libraries to /data/app-lib/vmdl568879597
I/PackageParser( 1567): it.unina.android.ripper: compat added android.permission.WRITE_EXTERNAL_STORAGE android.permission.READ_PHONE_STATE
I/ActivityManager( 1567): Force stopping it.unina.android.ripper appid=10064 user=-1: update pkg
I/PackageManager( 1567): Adding preferred activity ComponentInfo{com.android.mms/com.android.mms.ui.ComposeMessageActivity} for user 0 :
D/BackupManagerService( 1567): Received broadcast Intent { act=android.intent.action.PACKAGE_ADDED dat=package:it.unina.android.ripper flg=0x4000010 (has extras) }
V/BackupManagerService( 1567): addPackageParticipantsLocked: #1
I/PackageManager( 1567): Adding preferred activity ComponentInfo{com.android.mms/com.android.mms.ui.ComposeMessageActivity} for user 0 :
I/PackageManager( 1567): Adding preferred activity ComponentInfo{com.android.mms/com.android.mms.ui.ComposeMessageActivity} for user 0 :
I/PackageManager( 1567): Adding preferred activity ComponentInfo{com.android.mms/com.android.mms.ui.ComposeMessageActivity} for user 0 :
I/PackageManager( 1567): Adding preferred activity ComponentInfo{com.android.mms/com.android.mms.ui.ComposeMessageActivity} for user 0 :
I/PackageManager( 1567): Adding preferred activity ComponentInfo{com.android.mms/com.android.mms.ui.ComposeMessageActivity} for user 0 :
I/PackageManager( 1567): Adding preferred activity ComponentInfo{com.android.mms/com.android.mms.ui.ComposeMessageActivity} for user 0 :
I/PackageManager( 1567): Adding preferred activity ComponentInfo{com.android.mms/com.android.mms.ui.ComposeMessageActivity} for user 0 :
I/ActivityManager( 1567): Force stopping mf.asciitext.lite appid=10063 user=0: start instr
I/ActivityManager( 1567): Start proc mf.asciitext.lite for added application mf.asciitext.lite: pid=3795 uid=10063 gids={50063}
I/ActivityManager( 1567): START u0 {act=android.intent.action.MAIN flg=0x10000000 cmp=mf.asciitext.lite/mf.irregex.SplashScreen} from pid 3795
I/ActivityManager( 1567): START u0 {flg=0x4000000 cmp=mf.asciitext.lite/mf.irregex.MainActivity} from pid 3795
I/ActivityManager( 1567): START u0 {act=android.settings.INPUT_METHOD_SETTINGS flg=0x10000000 cmp=com.android.settings/.Settings$InputMethodAndLanguageSettingsActivity} from pid 3795
I/ActivityManager( 1567): Start proc com.android.settings for activity com.android.settings/.Settings$InputMethodAndLanguageSettingsActivity: pid=3825 uid=1000 gids={41000, 1028, 1015, 3002, 3001, 3003}
W/InputMethodUtils( 3825): Found no subtypes in a system IME: com.android.inputmethod.pinyin
W/InputMethodManagerService( 1567): Starting input on non-focused client com.android.internal.view.IInputMethodClient$Stub$Proxy@9d898c10 (uid=1000 pid=3825)
I/ActivityManager( 1567): Killing 2545:com.google.android.play.games/u0a43 (adj 15): empty #17
I/ActivityManager( 1567): Force stopping mf.asciitext.lite appid=10063 user=0: clear data
I/ActivityManager( 1567): Killing 3795:mf.asciitext.lite/u0a63 (adj 0): stop mf.asciitext.lite
W/ActivityManager( 1567): Crash of app mf.asciitext.lite running instrumentation ComponentInfo{it.unina.android.ripper/android.test.InstrumentationTestRunner}
I/ActivityManager( 1567): Force stopping mf.asciitext.lite appid=10063 user=0: finished inst
I/ActivityManager( 1567): Force stopping mf.asciitext.lite appid=10063 user=-1: uninstall pkg
W/PackageManager( 1567): Couldn't delete native library directory /data/app-lib/mf.asciitext.lite
I/ActivityManager( 1567): Force stopping mf.asciitext.lite appid=10063 user=0: pkg removed
I/PackageManager( 1567): Adding preferred activity ComponentInfo{com.android.mms/com.android.mms.ui.ComposeMessageActivity} for user 0 :
I/InputMethodManagerService( 1567): Input method uninstalled, disabling: ComponentInfo{mf.asciitext.lite/mf.irregex.keyboard.MyInputMethodService}
I/PackageManager( 1567): Adding preferred activity ComponentInfo{com.android.mms/com.android.mms.ui.ComposeMessageActivity} for user 0 :
D/BackupManagerService( 1567): Received broadcast Intent { act=android.intent.action.PACKAGE_REMOVED dat=package:mf.asciitext.lite flg=0x4000010 (has extras) }
V/BackupManagerService( 1567): removePackageParticipantsLocked: uid=10063 #1
I/PackageManager( 1567): Adding preferred activity ComponentInfo{com.android.mms/com.android.mms.ui.ComposeMessageActivity} for user 0 :
I/PackageManager( 1567): Adding preferred activity ComponentInfo{com.android.mms/com.android.mms.ui.ComposeMessageActivity} for user 0 :
I/PackageManager( 1567): Adding preferred activity ComponentInfo{com.android.mms/com.android.mms.ui.ComposeMessageActivity} for user 0 :
W/ContextImpl( 3287): Calling a method in the system process without a qualified user: android.app.ContextImpl.startService:1479 android.content.ContextWrapper.startService:494 android.content.ContextWrapper.startService:494 com.android.keychain.KeyChainBroadcastReceiver.onReceive:12 android.app.ActivityThread.handleReceiver:2419 
I/PackageManager( 1567): Adding preferred activity ComponentInfo{com.android.mms/com.android.mms.ui.ComposeMessageActivity} for user 0 :
I/PackageManager( 1567): Adding preferred activity ComponentInfo{com.android.mms/com.android.mms.ui.ComposeMessageActivity} for user 0 :
I/PackageManager( 1567): Adding preferred activity ComponentInfo{com.android.mms/com.android.mms.ui.ComposeMessageActivity} for user 0 :
I/ActivityManager( 1567): Force stopping it.unina.android.ripper appid=10064 user=0: clear data
I/ActivityManager( 1567): Force stopping it.unina.android.ripper appid=10064 user=-1: uninstall pkg
W/PackageManager( 1567): Couldn't delete native library directory /data/app-lib/it.unina.android.ripper
I/ActivityManager( 1567): Force stopping it.unina.android.ripper appid=10064 user=0: pkg removed
W/ContextImpl( 3287): Calling a method in the system process without a qualified user: android.app.ContextImpl.startService:1479 android.content.ContextWrapper.startService:494 android.content.ContextWrapper.startService:494 com.android.keychain.KeyChainBroadcastReceiver.onReceive:12 android.app.ActivityThread.handleReceiver:2419 
I/PackageManager( 1567): Adding preferred activity ComponentInfo{com.android.mms/com.android.mms.ui.ComposeMessageActivity} for user 0 :
D/BackupManagerService( 1567): Received broadcast Intent { act=android.intent.action.PACKAGE_REMOVED dat=package:it.unina.android.ripper flg=0x4000010 (has extras) }
V/BackupManagerService( 1567): removePackageParticipantsLocked: uid=10064 #1
I/ActivityManager( 1567): Delay finish: com.android.keychain/.KeyChainBroadcastReceiver
I/PackageManager( 1567): Adding preferred activity ComponentInfo{com.android.mms/com.android.mms.ui.ComposeMessageActivity} for user 0 :
I/ActivityManager( 1567): Resuming delayed broadcast
I/PackageManager( 1567): Adding preferred activity ComponentInfo{com.android.mms/com.android.mms.ui.ComposeMessageActivity} for user 0 :
I/PackageManager( 1567): Adding preferred activity ComponentInfo{com.android.mms/com.android.mms.ui.ComposeMessageActivity} for user 0 :
I/PackageManager( 1567): Adding preferred activity ComponentInfo{com.android.mms/com.android.mms.ui.ComposeMessageActivity} for user 0 :
I/PackageManager( 1567): Adding preferred activity ComponentInfo{com.android.mms/com.android.mms.ui.ComposeMessageActivity} for user 0 :
I/PackageManager( 1567): Adding preferred activity ComponentInfo{com.android.mms/com.android.mms.ui.ComposeMessageActivity} for user 0 :
I/PackageManager( 1567): Adding preferred activity ComponentInfo{com.android.mms/com.android.mms.ui.ComposeMessageActivity} for user 0 :
W/ActivityManager( 1567): No content provider found for permission revoke: file:///sdcard/aut.apk
W/ActivityManager( 1567): No content provider found for permission revoke: file:///sdcard/aut.apk
I/PackageManager( 1567): Copying native libraries to /data/app-lib/vmdl-1191052006
W/PackageParser( 1567): Unknown element under <manifest>: module at /data/app/vmdl-1191052006.tmp Binary XML file line #14
I/ActivityManager( 1567): Force stopping mf.asciitext.lite appid=10065 user=-1: update pkg
I/PackageManager( 1567): Adding preferred activity ComponentInfo{com.android.mms/com.android.mms.ui.ComposeMessageActivity} for user 0 :
I/PackageManager( 1567): Adding preferred activity ComponentInfo{com.android.mms/com.android.mms.ui.ComposeMessageActivity} for user 0 :
W/ActivityManager( 1567): Unable to start service Intent { act=com.google.android.gms.auth.key.retrieval.service.START pkg=com.google.android.gms } U=0: not found
D/BackupManagerService( 1567): Received broadcast Intent { act=android.intent.action.PACKAGE_ADDED dat=package:mf.asciitext.lite flg=0x4000010 (has extras) }
W/ActivityManager( 1567): Unbind failed: could not find connection for android.os.BinderProxy@9d23db98
V/BackupManagerService( 1567): addPackageParticipantsLocked: #1
I/PackageManager( 1567): Adding preferred activity ComponentInfo{com.android.mms/com.android.mms.ui.ComposeMessageActivity} for user 0 :
I/PackageManager( 1567): Adding preferred activity ComponentInfo{com.android.mms/com.android.mms.ui.ComposeMessageActivity} for user 0 :
I/PackageManager( 1567): Adding preferred activity ComponentInfo{com.android.mms/com.android.mms.ui.ComposeMessageActivity} for user 0 :
I/PackageManager( 1567): Adding preferred activity ComponentInfo{com.android.mms/com.android.mms.ui.ComposeMessageActivity} for user 0 :
I/PackageManager( 1567): Adding preferred activity ComponentInfo{com.android.mms/com.android.mms.ui.ComposeMessageActivity} for user 0 :
I/PackageManager( 1567): Adding preferred activity ComponentInfo{com.android.mms/com.android.mms.ui.ComposeMessageActivity} for user 0 :
W/ActivityManager( 1567): No content provider found for permission revoke: file:///sdcard/ripper.apk
W/ActivityManager( 1567): No content provider found for permission revoke: file:///sdcard/ripper.apk
I/PackageManager( 1567): Copying native libraries to /data/app-lib/vmdl1572947596
I/PackageParser( 1567): it.unina.android.ripper: compat added android.permission.WRITE_EXTERNAL_STORAGE android.permission.READ_PHONE_STATE
I/ActivityManager( 1567): Force stopping it.unina.android.ripper appid=10066 user=-1: update pkg
I/PackageManager( 1567): Adding preferred activity ComponentInfo{com.android.mms/com.android.mms.ui.ComposeMessageActivity} for user 0 :
D/BackupManagerService( 1567): Received broadcast Intent { act=android.intent.action.PACKAGE_ADDED dat=package:it.unina.android.ripper flg=0x4000010 (has extras) }
V/BackupManagerService( 1567): addPackageParticipantsLocked: #1
I/PackageManager( 1567): Adding preferred activity ComponentInfo{com.android.mms/com.android.mms.ui.ComposeMessageActivity} for user 0 :
I/PackageManager( 1567): Adding preferred activity ComponentInfo{com.android.mms/com.android.mms.ui.ComposeMessageActivity} for user 0 :
I/PackageManager( 1567): Adding preferred activity ComponentInfo{com.android.mms/com.android.mms.ui.ComposeMessageActivity} for user 0 :
I/PackageManager( 1567): Adding preferred activity ComponentInfo{com.android.mms/com.android.mms.ui.ComposeMessageActivity} for user 0 :
I/PackageManager( 1567): Adding preferred activity ComponentInfo{com.android.mms/com.android.mms.ui.ComposeMessageActivity} for user 0 :
I/PackageManager( 1567): Adding preferred activity ComponentInfo{com.android.mms/com.android.mms.ui.ComposeMessageActivity} for user 0 :
I/PackageManager( 1567): Adding preferred activity ComponentInfo{com.android.mms/com.android.mms.ui.ComposeMessageActivity} for user 0 :
I/ActivityManager( 1567): Force stopping mf.asciitext.lite appid=10065 user=0: start instr
I/ActivityManager( 1567): Start proc mf.asciitext.lite for added application mf.asciitext.lite: pid=4047 uid=10065 gids={50065}
I/ActivityManager( 1567): START u0 {act=android.intent.action.MAIN flg=0x10000000 cmp=mf.asciitext.lite/mf.irregex.SplashScreen} from pid 4047
I/ActivityManager( 1567): START u0 {flg=0x4000000 cmp=mf.asciitext.lite/mf.irregex.MainActivity} from pid 4047
I/ActivityManager( 1567): Force stopping mf.asciitext.lite appid=10065 user=0: clear data
I/ActivityManager( 1567): Killing 4047:mf.asciitext.lite/u0a65 (adj 0): stop mf.asciitext.lite
W/ActivityManager( 1567): Crash of app mf.asciitext.lite running instrumentation ComponentInfo{it.unina.android.ripper/android.test.InstrumentationTestRunner}
I/ActivityManager( 1567): Force stopping mf.asciitext.lite appid=10065 user=0: finished inst
I/ActivityManager( 1567): Force stopping mf.asciitext.lite appid=10065 user=-1: uninstall pkg
W/PackageManager( 1567): Couldn't delete native library directory /data/app-lib/mf.asciitext.lite
I/ActivityManager( 1567): Force stopping mf.asciitext.lite appid=10065 user=0: pkg removed
I/PackageManager( 1567): Adding preferred activity ComponentInfo{com.android.mms/com.android.mms.ui.ComposeMessageActivity} for user 0 :
I/InputMethodManagerService( 1567): Input method uninstalled, disabling: ComponentInfo{mf.asciitext.lite/mf.irregex.keyboard.MyInputMethodService}
D/BackupManagerService( 1567): Received broadcast Intent { act=android.intent.action.PACKAGE_REMOVED dat=package:mf.asciitext.lite flg=0x4000010 (has extras) }
V/BackupManagerService( 1567): removePackageParticipantsLocked: uid=10065 #1
I/PackageManager( 1567): Adding preferred activity ComponentInfo{com.android.mms/com.android.mms.ui.ComposeMessageActivity} for user 0 :
I/PackageManager( 1567): Adding preferred activity ComponentInfo{com.android.mms/com.android.mms.ui.ComposeMessageActivity} for user 0 :
I/PackageManager( 1567): Adding preferred activity ComponentInfo{com.android.mms/com.android.mms.ui.ComposeMessageActivity} for user 0 :
I/PackageManager( 1567): Adding preferred activity ComponentInfo{com.android.mms/com.android.mms.ui.ComposeMessageActivity} for user 0 :
W/ContextImpl( 3287): Calling a method in the system process without a qualified user: android.app.ContextImpl.startService:1479 android.content.ContextWrapper.startService:494 android.content.ContextWrapper.startService:494 com.android.keychain.KeyChainBroadcastReceiver.onReceive:12 android.app.ActivityThread.handleReceiver:2419 
I/PackageManager( 1567): Adding preferred activity ComponentInfo{com.android.mms/com.android.mms.ui.ComposeMessageActivity} for user 0 :
I/PackageManager( 1567): Adding preferred activity ComponentInfo{com.android.mms/com.android.mms.ui.ComposeMessageActivity} for user 0 :
I/PackageManager( 1567): Adding preferred activity ComponentInfo{com.android.mms/com.android.mms.ui.ComposeMessageActivity} for user 0 :
I/ActivityManager( 1567): Force stopping it.unina.android.ripper appid=10066 user=0: clear data
I/ActivityManager( 1567): Force stopping it.unina.android.ripper appid=10066 user=-1: uninstall pkg
W/PackageManager( 1567): Couldn't delete native library directory /data/app-lib/it.unina.android.ripper
I/ActivityManager( 1567): Force stopping it.unina.android.ripper appid=10066 user=0: pkg removed
D/BackupManagerService( 1567): Received broadcast Intent { act=android.intent.action.PACKAGE_REMOVED dat=package:it.unina.android.ripper flg=0x4000010 (has extras) }
V/BackupManagerService( 1567): removePackageParticipantsLocked: uid=10066 #1
I/PackageManager( 1567): Adding preferred activity ComponentInfo{com.android.mms/com.android.mms.ui.ComposeMessageActivity} for user 0 :
I/PackageManager( 1567): Adding preferred activity ComponentInfo{com.android.mms/com.android.mms.ui.ComposeMessageActivity} for user 0 :
I/PackageManager( 1567): Adding preferred activity ComponentInfo{com.android.mms/com.android.mms.ui.ComposeMessageActivity} for user 0 :
I/PackageManager( 1567): Adding preferred activity ComponentInfo{com.android.mms/com.android.mms.ui.ComposeMessageActivity} for user 0 :
W/ContextImpl( 3287): Calling a method in the system process without a qualified user: android.app.ContextImpl.startService:1479 android.content.ContextWrapper.startService:494 android.content.ContextWrapper.startService:494 com.android.keychain.KeyChainBroadcastReceiver.onReceive:12 android.app.ActivityThread.handleReceiver:2419 
I/PackageManager( 1567): Adding preferred activity ComponentInfo{com.android.mms/com.android.mms.ui.ComposeMessageActivity} for user 0 :
I/PackageManager( 1567): Adding preferred activity ComponentInfo{com.android.mms/com.android.mms.ui.ComposeMessageActivity} for user 0 :
I/PackageManager( 1567): Adding preferred activity ComponentInfo{com.android.mms/com.android.mms.ui.ComposeMessageActivity} for user 0 :
I/PackageManager( 1567): Adding preferred activity ComponentInfo{com.android.mms/com.android.mms.ui.ComposeMessageActivity} for user 0 :
W/ActivityManager( 1567): No content provider found for permission revoke: file:///sdcard/aut.apk
W/ActivityManager( 1567): No content provider found for permission revoke: file:///sdcard/aut.apk
I/PackageManager( 1567): Copying native libraries to /data/app-lib/vmdl-621089322
W/PackageParser( 1567): Unknown element under <manifest>: module at /data/app/vmdl-621089322.tmp Binary XML file line #14
I/ActivityManager( 1567): Force stopping mf.asciitext.lite appid=10067 user=-1: update pkg
I/PackageManager( 1567): Adding preferred activity ComponentInfo{com.android.mms/com.android.mms.ui.ComposeMessageActivity} for user 0 :
I/PackageManager( 1567): Adding preferred activity ComponentInfo{com.android.mms/com.android.mms.ui.ComposeMessageActivity} for user 0 :
I/PackageManager( 1567): Adding preferred activity ComponentInfo{com.android.mms/com.android.mms.ui.ComposeMessageActivity} for user 0 :
I/PackageManager( 1567): Adding preferred activity ComponentInfo{com.android.mms/com.android.mms.ui.ComposeMessageActivity} for user 0 :
D/BackupManagerService( 1567): Received broadcast Intent { act=android.intent.action.PACKAGE_ADDED dat=package:mf.asciitext.lite flg=0x4000010 (has extras) }
V/BackupManagerService( 1567): addPackageParticipantsLocked: #1
I/PackageManager( 1567): Adding preferred activity ComponentInfo{com.android.mms/com.android.mms.ui.ComposeMessageActivity} for user 0 :
I/PackageManager( 1567): Adding preferred activity ComponentInfo{com.android.mms/com.android.mms.ui.ComposeMessageActivity} for user 0 :
I/PackageManager( 1567): Adding preferred activity ComponentInfo{com.android.mms/com.android.mms.ui.ComposeMessageActivity} for user 0 :
I/PackageManager( 1567): Adding preferred activity ComponentInfo{com.android.mms/com.android.mms.ui.ComposeMessageActivity} for user 0 :
W/ActivityManager( 1567): Unable to start service Intent { act=com.google.android.gms.auth.key.retrieval.service.START pkg=com.google.android.gms } U=0: not found
W/ActivityManager( 1567): Unbind failed: could not find connection for android.os.BinderProxy@9d804de8
W/ActivityManager( 1567): No content provider found for permission revoke: file:///sdcard/ripper.apk
W/ActivityManager( 1567): No content provider found for permission revoke: file:///sdcard/ripper.apk
I/PackageManager( 1567): Copying native libraries to /data/app-lib/vmdl1526370683
I/PackageParser( 1567): it.unina.android.ripper: compat added android.permission.WRITE_EXTERNAL_STORAGE android.permission.READ_PHONE_STATE
I/ActivityManager( 1567): Force stopping it.unina.android.ripper appid=10068 user=-1: update pkg
I/PackageManager( 1567): Adding preferred activity ComponentInfo{com.android.mms/com.android.mms.ui.ComposeMessageActivity} for user 0 :
I/PackageManager( 1567): Adding preferred activity ComponentInfo{com.android.mms/com.android.mms.ui.ComposeMessageActivity} for user 0 :
D/BackupManagerService( 1567): Received broadcast Intent { act=android.intent.action.PACKAGE_ADDED dat=package:it.unina.android.ripper flg=0x4000010 (has extras) }
V/BackupManagerService( 1567): addPackageParticipantsLocked: #1
I/PackageManager( 1567): Adding preferred activity ComponentInfo{com.android.mms/com.android.mms.ui.ComposeMessageActivity} for user 0 :
I/PackageManager( 1567): Adding preferred activity ComponentInfo{com.android.mms/com.android.mms.ui.ComposeMessageActivity} for user 0 :
I/PackageManager( 1567): Adding preferred activity ComponentInfo{com.android.mms/com.android.mms.ui.ComposeMessageActivity} for user 0 :
I/PackageManager( 1567): Adding preferred activity ComponentInfo{com.android.mms/com.android.mms.ui.ComposeMessageActivity} for user 0 :
I/PackageManager( 1567): Adding preferred activity ComponentInfo{com.android.mms/com.android.mms.ui.ComposeMessageActivity} for user 0 :
I/PackageManager( 1567): Adding preferred activity ComponentInfo{com.android.mms/com.android.mms.ui.ComposeMessageActivity} for user 0 :
I/ActivityManager( 1567): Force stopping mf.asciitext.lite appid=10067 user=0: start instr
I/ActivityManager( 1567): Start proc mf.asciitext.lite for added application mf.asciitext.lite: pid=4276 uid=10067 gids={50067}
I/ActivityManager( 1567): START u0 {act=android.intent.action.MAIN flg=0x10000000 cmp=mf.asciitext.lite/mf.irregex.SplashScreen} from pid 4276
I/ActivityManager( 1567): START u0 {flg=0x4000000 cmp=mf.asciitext.lite/mf.irregex.MainActivity} from pid 4276
I/ActivityManager( 1567): Force stopping mf.asciitext.lite appid=10067 user=0: clear data
I/ActivityManager( 1567): Killing 4276:mf.asciitext.lite/u0a67 (adj 0): stop mf.asciitext.lite
W/ActivityManager( 1567): Crash of app mf.asciitext.lite running instrumentation ComponentInfo{it.unina.android.ripper/android.test.InstrumentationTestRunner}
I/ActivityManager( 1567): Force stopping mf.asciitext.lite appid=10067 user=0: finished inst
I/ActivityManager( 1567): Force stopping mf.asciitext.lite appid=10067 user=-1: uninstall pkg
W/PackageManager( 1567): Couldn't delete native library directory /data/app-lib/mf.asciitext.lite
I/ActivityManager( 1567): Force stopping mf.asciitext.lite appid=10067 user=0: pkg removed
I/PackageManager( 1567): Adding preferred activity ComponentInfo{com.android.mms/com.android.mms.ui.ComposeMessageActivity} for user 0 :
I/InputMethodManagerService( 1567): Input method uninstalled, disabling: ComponentInfo{mf.asciitext.lite/mf.irregex.keyboard.MyInputMethodService}
I/PackageManager( 1567): Adding preferred activity ComponentInfo{com.android.mms/com.android.mms.ui.ComposeMessageActivity} for user 0 :
D/BackupManagerService( 1567): Received broadcast Intent { act=android.intent.action.PACKAGE_REMOVED dat=package:mf.asciitext.lite flg=0x4000010 (has extras) }
V/BackupManagerService( 1567): removePackageParticipantsLocked: uid=10067 #1
I/PackageManager( 1567): Adding preferred activity ComponentInfo{com.android.mms/com.android.mms.ui.ComposeMessageActivity} for user 0 :
I/PackageManager( 1567): Adding preferred activity ComponentInfo{com.android.mms/com.android.mms.ui.ComposeMessageActivity} for user 0 :
I/PackageManager( 1567): Adding preferred activity ComponentInfo{com.android.mms/com.android.mms.ui.ComposeMessageActivity} for user 0 :
I/PackageManager( 1567): Adding preferred activity ComponentInfo{com.android.mms/com.android.mms.ui.ComposeMessageActivity} for user 0 :
W/ContextImpl( 3287): Calling a method in the system process without a qualified user: android.app.ContextImpl.startService:1479 android.content.ContextWrapper.startService:494 android.content.ContextWrapper.startService:494 com.android.keychain.KeyChainBroadcastReceiver.onReceive:12 android.app.ActivityThread.handleReceiver:2419 
I/PackageManager( 1567): Adding preferred activity ComponentInfo{com.android.mms/com.android.mms.ui.ComposeMessageActivity} for user 0 :
I/PackageManager( 1567): Adding preferred activity ComponentInfo{com.android.mms/com.android.mms.ui.ComposeMessageActivity} for user 0 :
I/ActivityManager( 1567): Force stopping it.unina.android.ripper appid=10068 user=0: clear data
I/ActivityManager( 1567): Force stopping it.unina.android.ripper appid=10068 user=-1: uninstall pkg
W/PackageManager( 1567): Couldn't delete native library directory /data/app-lib/it.unina.android.ripper
I/ActivityManager( 1567): Force stopping it.unina.android.ripper appid=10068 user=0: pkg removed
I/PackageManager( 1567): Adding preferred activity ComponentInfo{com.android.mms/com.android.mms.ui.ComposeMessageActivity} for user 0 :
D/BackupManagerService( 1567): Received broadcast Intent { act=android.intent.action.PACKAGE_REMOVED dat=package:it.unina.android.ripper flg=0x4000010 (has extras) }
V/BackupManagerService( 1567): removePackageParticipantsLocked: uid=10068 #1
W/ContextImpl( 3287): Calling a method in the system process without a qualified user: android.app.ContextImpl.startService:1479 android.content.ContextWrapper.startService:494 android.content.ContextWrapper.startService:494 com.android.keychain.KeyChainBroadcastReceiver.onReceive:12 android.app.ActivityThread.handleReceiver:2419 
I/ActivityManager( 1567): Delay finish: com.android.keychain/.KeyChainBroadcastReceiver
I/PackageManager( 1567): Adding preferred activity ComponentInfo{com.android.mms/com.android.mms.ui.ComposeMessageActivity} for user 0 :
I/ActivityManager( 1567): Resuming delayed broadcast
I/PackageManager( 1567): Adding preferred activity ComponentInfo{com.android.mms/com.android.mms.ui.ComposeMessageActivity} for user 0 :
I/PackageManager( 1567): Adding preferred activity ComponentInfo{com.android.mms/com.android.mms.ui.ComposeMessageActivity} for user 0 :
I/PackageManager( 1567): Adding preferred activity ComponentInfo{com.android.mms/com.android.mms.ui.ComposeMessageActivity} for user 0 :
I/PackageManager( 1567): Adding preferred activity ComponentInfo{com.android.mms/com.android.mms.ui.ComposeMessageActivity} for user 0 :
I/PackageManager( 1567): Adding preferred activity ComponentInfo{com.android.mms/com.android.mms.ui.ComposeMessageActivity} for user 0 :
I/PackageManager( 1567): Adding preferred activity ComponentInfo{com.android.mms/com.android.mms.ui.ComposeMessageActivity} for user 0 :
W/ActivityManager( 1567): No content provider found for permission revoke: file:///sdcard/aut.apk
W/ActivityManager( 1567): No content provider found for permission revoke: file:///sdcard/aut.apk
I/PackageManager( 1567): Copying native libraries to /data/app-lib/vmdl1404416195
W/PackageParser( 1567): Unknown element under <manifest>: module at /data/app/vmdl1404416195.tmp Binary XML file line #14
I/ActivityManager( 1567): Force stopping mf.asciitext.lite appid=10069 user=-1: update pkg
I/PackageManager( 1567): Adding preferred activity ComponentInfo{com.android.mms/com.android.mms.ui.ComposeMessageActivity} for user 0 :
D/BackupManagerService( 1567): Received broadcast Intent { act=android.intent.action.PACKAGE_ADDED dat=package:mf.asciitext.lite flg=0x4000010 (has extras) }
V/BackupManagerService( 1567): addPackageParticipantsLocked: #1
I/PackageManager( 1567): Adding preferred activity ComponentInfo{com.android.mms/com.android.mms.ui.ComposeMessageActivity} for user 0 :
I/PackageManager( 1567): Adding preferred activity ComponentInfo{com.android.mms/com.android.mms.ui.ComposeMessageActivity} for user 0 :
W/ActivityManager( 1567): Unable to start service Intent { act=com.google.android.gms.auth.key.retrieval.service.START pkg=com.google.android.gms } U=0: not found
I/PackageManager( 1567): Adding preferred activity ComponentInfo{com.android.mms/com.android.mms.ui.ComposeMessageActivity} for user 0 :
W/ActivityManager( 1567): Unbind failed: could not find connection for android.os.BinderProxy@9d16a1e0
I/PackageManager( 1567): Adding preferred activity ComponentInfo{com.android.mms/com.android.mms.ui.ComposeMessageActivity} for user 0 :
I/PackageManager( 1567): Adding preferred activity ComponentInfo{com.android.mms/com.android.mms.ui.ComposeMessageActivity} for user 0 :
I/PackageManager( 1567): Adding preferred activity ComponentInfo{com.android.mms/com.android.mms.ui.ComposeMessageActivity} for user 0 :
I/PackageManager( 1567): Adding preferred activity ComponentInfo{com.android.mms/com.android.mms.ui.ComposeMessageActivity} for user 0 :
W/ActivityManager( 1567): No content provider found for permission revoke: file:///sdcard/ripper.apk
W/ActivityManager( 1567): No content provider found for permission revoke: file:///sdcard/ripper.apk
I/PackageManager( 1567): Copying native libraries to /data/app-lib/vmdl-1888421894
I/PackageParser( 1567): it.unina.android.ripper: compat added android.permission.WRITE_EXTERNAL_STORAGE android.permission.READ_PHONE_STATE
I/ActivityManager( 1567): Force stopping it.unina.android.ripper appid=10070 user=-1: update pkg
I/PackageManager( 1567): Adding preferred activity ComponentInfo{com.android.mms/com.android.mms.ui.ComposeMessageActivity} for user 0 :
I/PackageManager( 1567): Adding preferred activity ComponentInfo{com.android.mms/com.android.mms.ui.ComposeMessageActivity} for user 0 :
I/PackageManager( 1567): Adding preferred activity ComponentInfo{com.android.mms/com.android.mms.ui.ComposeMessageActivity} for user 0 :
I/PackageManager( 1567): Adding preferred activity ComponentInfo{com.android.mms/com.android.mms.ui.ComposeMessageActivity} for user 0 :
D/BackupManagerService( 1567): Received broadcast Intent { act=android.intent.action.PACKAGE_ADDED dat=package:it.unina.android.ripper flg=0x4000010 (has extras) }
V/BackupManagerService( 1567): addPackageParticipantsLocked: #1
I/PackageManager( 1567): Adding preferred activity ComponentInfo{com.android.mms/com.android.mms.ui.ComposeMessageActivity} for user 0 :
I/PackageManager( 1567): Adding preferred activity ComponentInfo{com.android.mms/com.android.mms.ui.ComposeMessageActivity} for user 0 :
I/PackageManager( 1567): Adding preferred activity ComponentInfo{com.android.mms/com.android.mms.ui.ComposeMessageActivity} for user 0 :
I/PackageManager( 1567): Adding preferred activity ComponentInfo{com.android.mms/com.android.mms.ui.ComposeMessageActivity} for user 0 :
I/ActivityManager( 1567): Force stopping mf.asciitext.lite appid=10069 user=0: start instr
I/ActivityManager( 1567): Start proc mf.asciitext.lite for added application mf.asciitext.lite: pid=4519 uid=10069 gids={50069}
I/ActivityManager( 1567): START u0 {act=android.intent.action.MAIN flg=0x10000000 cmp=mf.asciitext.lite/mf.irregex.SplashScreen} from pid 4519
I/ActivityManager( 1567): START u0 {flg=0x4000000 cmp=mf.asciitext.lite/mf.irregex.MainActivity} from pid 4519
I/ActivityManager( 1567): Force stopping mf.asciitext.lite appid=10069 user=0: clear data
I/ActivityManager( 1567): Killing 4519:mf.asciitext.lite/u0a69 (adj 0): stop mf.asciitext.lite
W/ActivityManager( 1567): Crash of app mf.asciitext.lite running instrumentation ComponentInfo{it.unina.android.ripper/android.test.InstrumentationTestRunner}
I/WindowState( 1567): WIN DEATH: Window{9d67ea98 u0 mf.asciitext.lite/mf.irregex.MainActivity}
I/ActivityManager( 1567): Force stopping mf.asciitext.lite appid=10069 user=0: finished inst
W/PackageManager( 1567): Couldn't delete native library directory /data/app-lib/mf.asciitext.lite
I/ActivityManager( 1567): Force stopping mf.asciitext.lite appid=10069 user=-1: uninstall pkg
I/ActivityManager( 1567): Force stopping mf.asciitext.lite appid=10069 user=0: pkg removed
I/PackageManager( 1567): Adding preferred activity ComponentInfo{com.android.mms/com.android.mms.ui.ComposeMessageActivity} for user 0 :
I/InputMethodManagerService( 1567): Input method uninstalled, disabling: ComponentInfo{mf.asciitext.lite/mf.irregex.keyboard.MyInputMethodService}
D/BackupManagerService( 1567): Received broadcast Intent { act=android.intent.action.PACKAGE_REMOVED dat=package:mf.asciitext.lite flg=0x4000010 (has extras) }
V/BackupManagerService( 1567): removePackageParticipantsLocked: uid=10069 #1
I/PackageManager( 1567): Adding preferred activity ComponentInfo{com.android.mms/com.android.mms.ui.ComposeMessageActivity} for user 0 :
I/PackageManager( 1567): Adding preferred activity ComponentInfo{com.android.mms/com.android.mms.ui.ComposeMessageActivity} for user 0 :
W/ContextImpl( 3287): Calling a method in the system process without a qualified user: android.app.ContextImpl.startService:1479 android.content.ContextWrapper.startService:494 android.content.ContextWrapper.startService:494 com.android.keychain.KeyChainBroadcastReceiver.onReceive:12 android.app.ActivityThread.handleReceiver:2419 
I/PackageManager( 1567): Adding preferred activity ComponentInfo{com.android.mms/com.android.mms.ui.ComposeMessageActivity} for user 0 :
I/PackageManager( 1567): Adding preferred activity ComponentInfo{com.android.mms/com.android.mms.ui.ComposeMessageActivity} for user 0 :
I/PackageManager( 1567): Adding preferred activity ComponentInfo{com.android.mms/com.android.mms.ui.ComposeMessageActivity} for user 0 :
I/PackageManager( 1567): Adding preferred activity ComponentInfo{com.android.mms/com.android.mms.ui.ComposeMessageActivity} for user 0 :
I/PackageManager( 1567): Adding preferred activity ComponentInfo{com.android.mms/com.android.mms.ui.ComposeMessageActivity} for user 0 :
I/ActivityManager( 1567): Force stopping it.unina.android.ripper appid=10070 user=0: clear data
I/ActivityManager( 1567): Force stopping it.unina.android.ripper appid=10070 user=-1: uninstall pkg
W/PackageManager( 1567): Couldn't delete native library directory /data/app-lib/it.unina.android.ripper
I/ActivityManager( 1567): Force stopping it.unina.android.ripper appid=10070 user=0: pkg removed
I/PackageManager( 1567): Adding preferred activity ComponentInfo{com.android.mms/com.android.mms.ui.ComposeMessageActivity} for user 0 :
I/PackageManager( 1567): Adding preferred activity ComponentInfo{com.android.mms/com.android.mms.ui.ComposeMessageActivity} for user 0 :
I/PackageManager( 1567): Adding preferred activity ComponentInfo{com.android.mms/com.android.mms.ui.ComposeMessageActivity} for user 0 :
I/PackageManager( 1567): Adding preferred activity ComponentInfo{com.android.mms/com.android.mms.ui.ComposeMessageActivity} for user 0 :
W/ContextImpl( 3287): Calling a method in the system process without a qualified user: android.app.ContextImpl.startService:1479 android.content.ContextWrapper.startService:494 android.content.ContextWrapper.startService:494 com.android.keychain.KeyChainBroadcastReceiver.onReceive:12 android.app.ActivityThread.handleReceiver:2419 
I/ActivityManager( 1567): Delay finish: com.android.keychain/.KeyChainBroadcastReceiver
I/PackageManager( 1567): Adding preferred activity ComponentInfo{com.android.mms/com.android.mms.ui.ComposeMessageActivity} for user 0 :
I/PackageManager( 1567): Adding preferred activity ComponentInfo{com.android.mms/com.android.mms.ui.ComposeMessageActivity} for user 0 :
I/ActivityManager( 1567): Resuming delayed broadcast
D/BackupManagerService( 1567): Received broadcast Intent { act=android.intent.action.PACKAGE_REMOVED dat=package:it.unina.android.ripper flg=0x4000010 (has extras) }
V/BackupManagerService( 1567): removePackageParticipantsLocked: uid=10070 #1
I/PackageManager( 1567): Adding preferred activity ComponentInfo{com.android.mms/com.android.mms.ui.ComposeMessageActivity} for user 0 :
I/PackageManager( 1567): Adding preferred activity ComponentInfo{com.android.mms/com.android.mms.ui.ComposeMessageActivity} for user 0 :
W/ActivityManager( 1567): No content provider found for permission revoke: file:///sdcard/aut.apk
W/ActivityManager( 1567): No content provider found for permission revoke: file:///sdcard/aut.apk
I/PackageManager( 1567): Copying native libraries to /data/app-lib/vmdl-1442154549
W/PackageParser( 1567): Unknown element under <manifest>: module at /data/app/vmdl-1442154549.tmp Binary XML file line #14
I/ActivityManager( 1567): Force stopping mf.asciitext.lite appid=10071 user=-1: update pkg
I/PackageManager( 1567): Adding preferred activity ComponentInfo{com.android.mms/com.android.mms.ui.ComposeMessageActivity} for user 0 :
D/BackupManagerService( 1567): Received broadcast Intent { act=android.intent.action.PACKAGE_ADDED dat=package:mf.asciitext.lite flg=0x4000010 (has extras) }
V/BackupManagerService( 1567): addPackageParticipantsLocked: #1
