W/PackageManager( 1568): Unknown permission android.permission.CONNECTIVITY_USE_RESTRICTED_NETWORKS in package com.google.android.gms
W/PackageManager( 1568): Unknown permission android.permission.ALLOCATE_AGGRESSIVE in package com.google.android.gms
W/PackageManager( 1568): Unknown permission android.car.permission.CAR_POWER in package com.google.android.gms
W/PackageManager( 1568): Unknown permission android.permission.USE_FINGERPRINT in package com.google.android.gms
W/PackageManager( 1568): Unknown permission android.permission.USE_BIOMETRIC in package com.google.android.gms
W/PackageManager( 1568): Unknown permission android.permission.SEND_SMS_NO_CONFIRMATION in package com.google.android.gms
W/PackageManager( 1568): Unknown permission com.google.android.wearable.WRITE_SETTINGS in package com.google.android.gms
W/PackageManager( 1568): Unknown permission com.felicanetworks.mfc.permission.MFC_ACCESS in package com.google.android.gms
W/PackageManager( 1568): Unknown permission com.felicanetworks.mfc.mfi.permission.MFI_ACCESS in package com.google.android.gms
W/PackageManager( 1568): Unknown permission com.google.android.finsky.permission.INSTANT_APP_STATE in package com.google.android.gms
W/PackageManager( 1568): Unknown permission android.permission.ACCESS_BACKGROUND_LOCATION in package com.google.android.gms
W/PackageManager( 1568): Unknown permission android.permission.ACCESS_NOTIFICATION_POLICY in package com.google.android.gms
W/PackageManager( 1568): Unknown permission com.google.android.googlequicksearchbox.permission.PAUSE_HOTWORD in package com.google.android.gms
W/PackageManager( 1568): Unknown permission android.permission.MANAGE_VOICE_KEYPHRASES in package com.google.android.gms
W/PackageManager( 1568): Unknown permission android.permission.UWB in package com.google.android.gms
W/PackageManager( 1568): Unknown permission android.permission.USE_FULL_SCREEN_INTENT in package com.google.android.gms
W/PackageManager( 1568): Unknown permission android.permission.TETHER_PRIVILEGED in package com.google.android.gms
W/PackageManager( 1568): Unknown permission android.permission.CONTROL_DISPLAY_SATURATION in package com.google.android.gms
D/dalvikvm( 1653): GC_FOR_ALLOC freed 36K, 9% free 3449K/3772K, paused 1ms, total 1ms
D/dalvikvm( 1568): GC_FOR_ALLOC freed 712K, 55% free 6764K/14812K, paused 7ms, total 7ms
W/PackageManager( 1568): Unknown permission android.permission.REAL_GET_TASKS in package com.google.android.gms
W/PackageManager( 1568): Unknown permission com.google.android.finsky.permission.BIND_GET_INSTALL_REFERRER_SERVICE in package com.google.android.gms
W/PackageManager( 1568): Unknown permission com.google.android.hangouts.START_HANGOUT in package com.google.android.gms
W/PackageManager( 1568): Unknown permission android.permission.READ_OEM_UNLOCK_STATE in package com.google.android.gms
W/PackageManager( 1568): Unknown permission android.permission.SCORE_NETWORKS in package com.google.android.gms
W/PackageManager( 1568): Unknown permission android.permission.OVERRIDE_WIFI_CONFIG in package com.google.android.gms
W/PackageManager( 1568): Unknown permission android.car.permission.CAR_POWERTRAIN in package com.google.android.gms
W/PackageManager( 1568): Unknown permission android.car.permission.CAR_ENERGY in package com.google.android.gms
W/PackageManager( 1568): Unknown permission android.car.permission.CAR_ENERGY_PORTS in package com.google.android.gms
W/PackageManager( 1568): Unknown permission android.car.permission.CAR_EXTERIOR_LIGHTS in package com.google.android.gms
W/PackageManager( 1568): Unknown permission android.car.permission.CAR_INFO in package com.google.android.gms
W/PackageManager( 1568): Unknown permission android.car.permission.CAR_MILEAGE in package com.google.android.gms
W/PackageManager( 1568): Unknown permission android.car.permission.CAR_TIRES in package com.google.android.gms
W/PackageManager( 1568): Unknown permission android.car.permission.CONTROL_CAR_CLIMATE in package com.google.android.gms
W/PackageManager( 1568): Unknown permission android.car.permission.CONTROL_CAR_DOORS in package com.google.android.gms
W/PackageManager( 1568): Unknown permission android.car.permission.CONTROL_CAR_EXTERIOR_LIGHTS in package com.google.android.gms
W/PackageManager( 1568): Unknown permission android.car.permission.CONTROL_CAR_MIRRORS in package com.google.android.gms
W/PackageManager( 1568): Unknown permission android.car.permission.CONTROL_CAR_SEATS in package com.google.android.gms
W/PackageManager( 1568): Unknown permission android.car.permission.CONTROL_CAR_WINDOWS in package com.google.android.gms
W/PackageManager( 1568): Unknown permission android.car.permission.READ_CAR_DISPLAY_UNITS in package com.google.android.gms
W/PackageManager( 1568): Unknown permission android.permission.CONTROL_INCALL_EXPERIENCE in package com.google.android.gms
W/PackageManager( 1568): Unknown permission android.permission.USER_ACTIVITY in package com.google.android.gms
W/PackageManager( 1568): Unknown permission android.permission.MODIFY_AUDIO_ROUTING in package com.google.android.gms
W/PackageManager( 1568): Unknown permission android.permission.MODIFY_DAY_NIGHT_MODE in package com.google.android.gms
W/PackageManager( 1568): Unknown permission com.google.android.finsky.permission.GEARHEAD_SERVICE in package com.google.android.gms
W/PackageManager( 1568): Unknown permission com.google.android.permission.ACCESSIBILITY_SCAN_SERVICE in package com.google.android.gms
W/PackageManager( 1568): Unknown permission android.permission.START_TASKS_FROM_RECENTS in package com.google.android.gms
W/PackageManager( 1568): Not granting permission android.permission.MANAGE_ACTIVITY_STACKS to package com.google.android.gms (protectionLevel=2 flags=0x40c83e45)
W/PackageManager( 1568): Unknown permission android.permission.ACTIVITY_EMBEDDING in package com.google.android.gms
W/PackageManager( 1568): Unknown permission com.google.android.finsky.permission.ACCESS_INSTANT_APP_NOTIFICATION_ENFORCEMENT in package com.google.android.gms
W/PackageManager( 1568): Unknown permission android.permission.PROVIDE_RESOLVER_RANKER_SERVICE in package com.google.android.gms
W/PackageManager( 1568): Unknown permission com.google.android.clockwork.settings.SHOW_FACTORY_RESET_CONFIRMATION in package com.google.android.gms
W/PackageManager( 1568): Unknown permission com.google.android.wearable.READ_SETTINGS in package com.google.android.gms
W/PackageManager( 1568): Unknown permission android.permission.READ_MEDIA_AUDIO in package com.google.android.gms
W/PackageManager( 1568): Unknown permission android.permission.READ_MEDIA_IMAGES in package com.google.android.gms
W/PackageManager( 1568): Unknown permission android.permission.READ_MEDIA_VIDEO in package com.google.android.gms
W/PackageManager( 1568): Unknown permission android.permission.INTENT_FILTER_VERIFICATION_AGENT in package com.google.android.gms
W/PackageManager( 1568): Unknown permission android.permission.LOCAL_MAC_ADDRESS in package com.google.android.gms
W/PackageManager( 1568): Unknown permission android.permission.CHANGE_DEVICE_IDLE_TEMP_WHITELIST in package com.google.android.gms
W/PackageManager( 1568): Unknown permission android.permission.READ_WIFI_CREDENTIAL in package com.google.android.gms
W/PackageManager( 1568): Unknown permission android.permission.SUBSTITUTE_NOTIFICATION_APP_NAME in package com.google.android.gms
W/PackageManager( 1568): Unknown permission android.permission.SUBSTITUTE_SHARE_TARGET_APP_NAME_AND_ICON in package com.google.android.gms
W/PackageManager( 1568): Unknown permission android.permission.ACTIVITY_RECOGNITION in package com.google.android.gms
W/PackageManager( 1568): Unknown permission android.permission.MANAGE_SUBSCRIPTION_PLANS in package com.google.android.gms
W/PackageManager( 1568): Unknown permission android.permission.READ_DEVICE_CONFIG in package com.google.android.gms
W/PackageManager( 1568): Unknown permission android.permission.WRITE_DEVICE_CONFIG in package com.google.android.gms
W/PackageManager( 1568): Unknown permission com.google.android.apps.now.OPT_IN_WIZARD in package com.google.android.gms
W/PackageManager( 1568): Unknown permission com.google.android.setupwizard.SETUP_COMPAT_SERVICE in package com.google.android.gms
W/PackageManager( 1568): Unknown permission android.permission.MANAGE_ROLLBACKS in package com.google.android.gms
W/PackageManager( 1568): Unknown permission android.permission.REQUEST_DELETE_PACKAGES in package com.google.android.gms
W/PackageManager( 1568): Unknown permission android.permission.NOTIFY_PENDING_SYSTEM_UPDATE in package com.google.android.gms
W/PackageManager( 1568): Unknown permission android.permission.BODY_SENSORS in package com.google.android.gms
W/PackageManager( 1568): Unknown permission com.google.android.launcher.permission.RECEIVE_LAUNCH_BROADCASTS in package com.google.android.gms
W/PackageManager( 1568): Unknown permission com.google.android.vending.verifier.ACCESS_VERIFIER in package com.google.android.gms
W/PackageManager( 1568): Unknown permission android.permission.RESET_PASSWORD in package com.google.android.gms
W/PackageManager( 1568): Unknown permission android.permission.LOCK_DEVICE in package com.google.android.gms
W/PackageManager( 1568): Unknown permission android.permission.CONTROL_KEYGUARD_SECURE_NOTIFICATIONS in package com.google.android.gms
W/PackageManager( 1568): Unknown permission com.google.android.gm.permission.READ_GMAIL in package com.google.android.gms
W/PackageManager( 1568): Unknown permission com.android.voicemail.permission.READ_VOICEMAIL in package com.google.android.gms
D/dalvikvm( 1653): GC_FOR_ALLOC freed 4K, 9% free 3617K/3944K, paused 1ms, total 1ms
I/dalvikvm-heap( 1653): Grow heap (frag case) to 5.558MB for 1939932-byte allocation
W/PackageManager( 1568): Unknown permission com.google.android.voicesearch.SHORTCUTS_ACCESS in package com.google.android.googlequicksearchbox
W/PackageManager( 1568): Unknown permission com.google.android.voicesearch.ACCESS_SETTINGS in package com.google.android.googlequicksearchbox
W/PackageManager( 1568): Unknown permission com.google.android.ears.permission.WRITE in package com.google.android.googlequicksearchbox
W/PackageManager( 1568): Unknown permission com.google.android.apps.googlevoice.permission.AUTO_SEND in package com.google.android.googlequicksearchbox
W/PackageManager( 1568): Unknown permission com.google.android.gm.permission.AUTO_SEND in package com.google.android.googlequicksearchbox
W/PackageManager( 1568): Unknown permission android.permission.REQUEST_DELETE_PACKAGES in package com.google.android.play.games
W/PackageManager( 1568): Unknown permission com.google.android.finsky.permission.BIND_GET_INSTALL_REFERRER_SERVICE in package com.google.android.play.games
W/PackageManager( 1568): Not granting permission android.permission.DELETE_PACKAGES to package com.svox.pico (protectionLevel=18 flags=0x88be45)
W/PackageManager( 1568): Not granting permission android.permission.DEVICE_POWER to package com.android.deskclock (protectionLevel=2 flags=0xc8be45)
W/PackageManager( 1568): Not granting permission android.permission.READ_DREAM_STATE to package com.google.android.gsf (protectionLevel=2 flags=0x40883e45)
D/dalvikvm( 1653): GC_FOR_ALLOC freed <1K, 6% free 5511K/5840K, paused 2ms, total 2ms
D/dalvikvm( 1653): GC_FOR_ALLOC freed 18K, 5% free 6083K/6360K, paused 2ms, total 2ms
W/AppWidgetServiceImpl( 1568): Failed to read state: java.io.FileNotFoundException: /data/system/users/0/appwidgets.xml: open failed: ENOENT (No such file or directory)
W/InputMethodManagerService( 1568): Ignoring setImeWindowStatus of uid 1000 token: null
W/InputMethodUtils( 1568): Found no subtypes in a system IME: com.android.inputmethod.pinyin
W/InputMethodManagerService( 1568): Reset the default IME as "Resource" is ready here.
W/InputMethodUtils( 1568): Found no subtypes in a system IME: com.android.inputmethod.pinyin
I/InputMethodManagerService( 1568): Selected default: com.google.android.inputmethod.latin/com.android.inputmethod.latin.LatinIME
W/InputMethodUtils( 1568): NameNotFoundException: com.android.inputmethod.latin
W/InputMethodUtils( 1568): android.content.pm.PackageManager$NameNotFoundException: com.android.inputmethod.latin
W/InputMethodUtils( 1568): 	at android.app.ApplicationPackageManager.getApplicationInfo(ApplicationPackageManager.java:227)
W/InputMethodUtils( 1568): 	at com.android.internal.inputmethod.InputMethodUtils.setNonSelectedSystemImesDisabledUntilUsed(InputMethodUtils.java:441)
W/InputMethodUtils( 1568): 	at com.android.server.InputMethodManagerService.systemRunning(InputMethodManagerService.java:853)
W/InputMethodUtils( 1568): 	at com.android.server.ServerThread$2.run(SystemServer.java:1021)
W/InputMethodUtils( 1568): 	at com.android.server.am.ActivityManagerService.systemReady(ActivityManagerService.java:9363)
W/InputMethodUtils( 1568): 	at com.android.server.am.ActivityManagerService$13$1.run(ActivityManagerService.java:9258)
W/InputMethodUtils( 1568): 	at android.os.Handler.handleCallback(Handler.java:733)
W/InputMethodUtils( 1568): 	at android.os.Handler.dispatchMessage(Handler.java:95)
W/InputMethodUtils( 1568): 	at android.os.Looper.loop(Looper.java:136)
W/InputMethodUtils( 1568): 	at com.android.server.am.ActivityManagerService$AThread.run(ActivityManagerService.java:1870)
V/PhoneStatusBar/NavigationBarView( 1653): touchEnabled:false
W/GpsLocationProvider( 1568): Could not open GPS configuration file /etc/gps.conf
I/PackageManager( 1568): Running dexopt on: com.google.android.inputmethod.latin
W/linker  ( 1774): libdvm.so has text relocations. This is wasting memory and is a security risk. Please fix.
I/ActivityManager( 1568): Start proc com.google.android.inputmethod.latin for service com.google.android.inputmethod.latin/com.android.inputmethod.latin.LatinIME: pid=1762 uid=10031 gids={50031, 3003, 1028, 1015}
V/InputMethodManagerService( 1568): Adding window token: android.os.Binder@9d8be9d8
W/InputMethodManagerService( 1568): Illegal subtype state: old subtype = null, new subtype = android.view.inputmethod.InputMethodSubtype@c9194f98
D/dalvikvm( 1774): DexOpt: load 10ms, verify+opt 47ms, 1425476 bytes
I/PackageManager( 1568): Running dexopt on: com.android.location.fused
W/linker  ( 1781): libdvm.so has text relocations. This is wasting memory and is a security risk. Please fix.
I/ActivityManager( 1568): Start proc com.google.android.gms.persistent for service com.google.android.gms/com.google.android.location.network.NetworkLocationService: pid=1776 uid=10007 gids={50007, 3003, 1007, 1028, 1015, 3002, 3001, 3007, 2001, 3006}
D/dalvikvm( 1781): DexOpt: load 1ms, verify+opt 0ms, 150300 bytes
I/PackageManager( 1568): Running dexopt on: com.google.android.gms
W/linker  ( 1790): libdvm.so has text relocations. This is wasting memory and is a security risk. Please fix.
I/LatinIME( 1762): Hardware accelerated drawing: true
I/LatinIME:LogUtils( 1762): Dictionary info: dictionary = PersonalizationPredictionDictio ; version = ? ; date = 1629051011
I/LatinIME:LogUtils( 1762): Dictionary info: dictionary = personalization.en_US.dict ; version = ? ; date = 1629051011
D/dalvikvm( 1790): DexOpt: couldn't find static field Landroid/os/Build;.SUPPORTED_64_BIT_ABIS
D/dalvikvm( 1790): DexOpt: couldn't find static field Landroid/os/Build;.SUPPORTED_64_BIT_ABIS
D/dalvikvm( 1790): DexOpt: couldn't find static field Landroid/os/Build;.SUPPORTED_64_BIT_ABIS
D/dalvikvm( 1790): DexOpt: couldn't find field Landroid/content/pm/ApplicationInfo;.splitSourceDirs
D/dalvikvm( 1790): DexOpt: couldn't find static field Landroid/os/Build;.SUPPORTED_ABIS
D/dalvikvm( 1790): DexOpt: couldn't find static field Landroid/os/Build;.SUPPORTED_64_BIT_ABIS
D/dalvikvm( 1790): DexOpt: load 30ms, verify+opt 159ms, 3112180 bytes
E/FlpHardwareProvider( 1568): Error hw_get_module 'flp': -2
W/InputAttributes( 1762): No editor info for this field. Bug?
E/FlpHardwareProvider( 1568): Error hw_get_module 'flp': -2
I/ResourceUtils( 1762): Found default value: resource=keypress_vibration_durations build=[HARDWARE=ranchu MODEL=Android SDK built for x86 BRAND=generic_x86 MANUFACTURER=unknown] default=-1
I/ResourceUtils( 1762): Found default value: resource=keypress_volumes build=[HARDWARE=ranchu MODEL=Android SDK built for x86 BRAND=generic_x86 MANUFACTURER=unknown] default=-1.0f
D/dalvikvm( 1653): GC_FOR_ALLOC freed 49K, 4% free 7069K/7300K, paused 2ms, total 2ms
W/dalvikvm( 1776): VFY: unable to resolve static field 1608 (PR_SET_DUMPABLE) in Landroid/system/OsConstants;
D/dalvikvm( 1776): VFY: replacing opcode 0x60 at 0x0017
W/dalvikvm( 1776): VFY: unable to find class referenced in signature (Lyqx;)
W/dalvikvm( 1776): VFY: unable to find class referenced in signature (Lyro;)
I/CommonTimeManagementService( 1568): No common time service detected on this platform.  Common time services will be unavailable.
I/ActivityManager( 1568): Start proc android.process.acore for content provider com.android.providers.userdictionary/.UserDictionaryProvider: pid=1799 uid=10002 gids={50002, 3003, 1028, 1015}
I/InputReader( 1568): Reconfiguring input devices.  changes=0x00000020
D/dalvikvm( 1144): GC_EXPLICIT freed 37K, 7% free 2993K/3216K, paused 1ms+1ms, total 8ms
I/InputReader( 1568): Reconfiguring input devices.  changes=0x00000010
D/dalvikvm( 1144): GC_EXPLICIT freed <1K, 7% free 2993K/3216K, paused 0ms+0ms, total 4ms
I/ActivityManager( 1568): Start proc com.google.process.gapps for content provider com.google.android.gsf/.gservices.GservicesProvider: pid=1814 uid=10007 gids={50007, 3003, 1007, 1028, 1015, 3002, 3001, 3007, 2001, 3006}
D/dalvikvm( 1144): GC_EXPLICIT freed <1K, 7% free 2993K/3216K, paused 0ms+1ms, total 5ms
D/dalvikvm( 1762): GC_FOR_ALLOC freed 279K, 13% free 3219K/3680K, paused 3ms, total 3ms
I/ActivityManager( 1568): Start proc com.android.phone for added application com.android.phone: pid=1829 uid=1001 gids={41001, 3002, 3001, 3003, 1028, 1015}
I/ActivityManager( 1568): START u0 {act=android.intent.action.MAIN cat=[android.intent.category.HOME] flg=0x10000000 cmp=com.android.settings/.CryptKeeper} from pid 0
D/gralloc_ranchu( 1143): gralloc_alloc: Creating ashmem region of size 8294400
I/ActivityManager( 1568): Start proc com.android.settings for activity com.android.settings/.CryptKeeper: pid=1842 uid=1000 gids={41000, 1028, 1015, 3002, 3001, 3003}
D/dalvikvm( 1568): GC_FOR_ALLOC freed 795K, 54% free 6915K/14812K, paused 29ms, total 30ms
I/ActivityManager( 1568): Start proc android.process.media for broadcast com.android.providers.downloads/.DownloadReceiver: pid=1854 uid=10005 gids={50005, 1028, 1015, 1023, 1024, 2001, 3003, 3007}
I/PackageManager( 1568): Running dexopt on: com.android.providers.userdictionary
W/linker  ( 1871): libdvm.so has text relocations. This is wasting memory and is a security risk. Please fix.
D/dalvikvm( 1762): GC_FOR_ALLOC freed 411K, 18% free 3233K/3900K, paused 5ms, total 5ms
D/dalvikvm( 1871): DexOpt: load 1ms, verify+opt 2ms, 173356 bytes
I/FusedLocation( 1568): engine started (com.android.location.fused)
I/PackageManager( 1568): Running dexopt on: com.google.android.syncadapters.contacts
W/linker  ( 1874): libdvm.so has text relocations. This is wasting memory and is a security risk. Please fix.
D/dalvikvm( 1799): GC_FOR_ALLOC freed 263K, 13% free 3234K/3680K, paused 2ms, total 2ms
D/dalvikvm( 1874): DexOpt: load 5ms, verify+opt 24ms, 550756 bytes
I/PackageManager( 1568): Running dexopt on: com.android.providers.telephony
W/linker  ( 1877): libdvm.so has text relocations. This is wasting memory and is a security risk. Please fix.
I/dalvikvm( 1814): Could not find method android.content.ContentProvider.query, referenced from method brf.superQuery
W/dalvikvm( 1814): VFY: unable to resolve virtual method 2428: Landroid/content/ContentProvider;.query (Landroid/net/Uri;[Ljava/lang/String;Landroid/os/Bundle;Landroid/os/CancellationSignal;)Landroid/database/Cursor;
D/dalvikvm( 1814): VFY: replacing opcode 0x6f at 0x0000
D/dalvikvm( 1877): DexOpt: load 1ms, verify+opt 6ms, 229852 bytes
I/PackageManager( 1568): Running dexopt on: com.android.phone
W/linker  ( 1879): libdvm.so has text relocations. This is wasting memory and is a security risk. Please fix.
D/dalvikvm( 1879): Note: class Landroid/app/ActivityManagerNative; has 179 unimplemented (abstract) methods
I/ContactLocale( 1799): AddressBook Labels [en_US]: [, A, B, C, D, E, F, G, H, I, J, K, L, M, N, O, P, Q, R, S, T, U, V, W, X, Y, Z, , , , , , , , , , , , , , , , , , , , , , , , , , , , , , , , , , , , , , , , , , , , , , , , , , , , , , , , , , , , , , , , , , , , , , , , , , , , , , , , , , , , , , , , , , , , , , , , , , , , , , , , , , , , , , , , , , , , , , , , , , , , , , , , , , , , , , , , , , , , , , , , , , , , , , , , , , , , , , , , , , , , , , , , , , , , , , , , , , , , , , #, ]
D/dalvikvm( 1879): DexOpt: load 8ms, verify+opt 53ms, 1187044 bytes
I/PackageManager( 1568): Running dexopt on: com.android.settings
W/linker  ( 1880): libdvm.so has text relocations. This is wasting memory and is a security risk. Please fix.
D/dalvikvm( 1880): Note: class Landroid/app/ActivityManagerNative; has 179 unimplemented (abstract) methods
D/dalvikvm( 1880): DexOpt: load 16ms, verify+opt 96ms, 2338852 bytes
I/PackageManager( 1568): Running dexopt on: com.android.providers.downloads
W/linker  ( 1882): libdvm.so has text relocations. This is wasting memory and is a security risk. Please fix.
D/dalvikvm( 1882): DexOpt: load 3ms, verify+opt 13ms, 540948 bytes
I/ActivityManager( 1568): Start proc com.android.printspooler for service com.android.printspooler/.PrintSpoolerService: pid=1883 uid=10044 gids={50044}
E/BluetoothAdapter( 1653): Bluetooth binder is null
E/BluetoothAdapter( 1653): Bluetooth binder is null
I/LatinIME:LogUtils( 1762): Dictionary info: dictionary = personalization.en_US.dict ; version = ? ; date = 1629051011
E/BluetoothAdapter( 1653): Bluetooth binder is null
I/LatinIME:LogUtils( 1762): Dictionary info: dictionary = UserHistoryDictionary.en_US.dic ; version = ? ; date = 1629051012
I/PackageManager( 1568): Running dexopt on: com.android.printspooler
W/linker  ( 1899): libdvm.so has text relocations. This is wasting memory and is a security risk. Please fix.
E/BluetoothAdapter( 1653): Bluetooth binder is null
D/dalvikvm( 1899): DexOpt: load 5ms, verify+opt 18ms, 610380 bytes
I/LatinIME:LogUtils( 1762): Dictionary info: dictionary = userunigram.en_US.dict ; version = ? ; date = ?
I/ActivityManager( 1568): START u0 {act=android.intent.action.MAIN cat=[android.intent.category.HOME] flg=0x10000000 cmp=com.android.sdksetup/.DefaultActivity} from pid 0
I/GservicesProvider( 1814): Gservices pushing to system: true; secure/global: true
I/ActivityManager( 1568): Start proc com.android.sdksetup for activity com.android.sdksetup/.DefaultActivity: pid=1904 uid=10046 gids={50046}
I/PackageManager( 1568): Running dexopt on: com.android.sdksetup
D/dalvikvm( 1762): GC_FOR_ALLOC freed 461K, 17% free 3285K/3928K, paused 4ms, total 5ms
I/PrintSpoolerService( 1883): No existing print spooler state.
W/linker  ( 1918): libdvm.so has text relocations. This is wasting memory and is a security risk. Please fix.
D/dalvikvm( 1918): DexOpt: load 1ms, verify+opt 2ms, 147076 bytes
I/MediaProvider( 1854): Upgrading media database from version 0 to 700, which will destroy all old data
D/PhoneStatusBar( 1653): disable: < expand icons alerts ticker system_info back home recent clock search >
D/dalvikvm( 1814): GC_FOR_ALLOC freed 273K, 13% free 3221K/3680K, paused 9ms, total 9ms
I/dalvikvm( 1776): Could not find method android.system.Os.readlink, referenced from method msk.a
W/dalvikvm( 1776): VFY: unable to resolve static method 3145: Landroid/system/Os;.readlink (Ljava/lang/String;)Ljava/lang/String;
D/dalvikvm( 1776): VFY: replacing opcode 0x71 at 0x00b0
I/dalvikvm( 1776): Could not find method android.os.PowerManager.isInteractive, referenced from method ndc.a
W/dalvikvm( 1776): VFY: unable to resolve virtual method 3046: Landroid/os/PowerManager;.isInteractive ()Z
D/dalvikvm( 1776): VFY: replacing opcode 0x6e at 0x0013
I/dalvikvm( 1776): Could not find method com.google.android.chimera.ModuleContext.getAttributionTag, referenced from method com.google.android.chimera.ModuleContext.createAttributionContext
W/dalvikvm( 1776): VFY: unable to resolve virtual method 14170: Lcom/google/android/chimera/ModuleContext;.getAttributionTag ()Ljava/lang/String;
D/dalvikvm( 1776): VFY: replacing opcode 0x6e at 0x0004
I/dalvikvm( 1776): Could not find method com.google.android.chimera.ContextThemeWrapper.createAttributionContext, referenced from method com.google.android.chimera.ModuleContext.createAttributionContext
W/dalvikvm( 1776): VFY: unable to resolve virtual method 13785: Lcom/google/android/chimera/ContextThemeWrapper;.createAttributionContext (Ljava/lang/String;)Landroid/content/Context;
D/dalvikvm( 1776): VFY: replacing opcode 0x6f at 0x0035
I/dalvikvm( 1776): Could not find method android.content.ContextWrapper.createCredentialProtectedStorageContext, referenced from method com.google.android.chimera.ModuleContext.createCredentialProtectedStorageContext
W/dalvikvm( 1776): VFY: unable to resolve virtual method 2508: Landroid/content/ContextWrapper;.createCredentialProtectedStorageContext ()Landroid/content/Context;
D/dalvikvm( 1776): VFY: replacing opcode 0x6f at 0x0002
I/dalvikvm( 1776): Could not find method android.content.ContextWrapper.createDeviceProtectedStorageContext, referenced from method com.google.android.chimera.ModuleContext.createDeviceProtectedStorageContext
W/dalvikvm( 1776): VFY: unable to resolve virtual method 2509: Landroid/content/ContextWrapper;.createDeviceProtectedStorageContext ()Landroid/content/Context;
D/dalvikvm( 1776): VFY: replacing opcode 0x6f at 0x0002
I/dalvikvm( 1776): Could not find method com.google.android.chimera.ContextThemeWrapper.sendBroadcastWithMultiplePermissions, referenced from method com.google.android.chimera.ModuleContext.sendBroadcastWithMultiplePermissions
W/dalvikvm( 1776): VFY: unable to resolve virtual method 13795: Lcom/google/android/chimera/ContextThemeWrapper;.sendBroadcastWithMultiplePermissions (Landroid/content/Intent;[Ljava/lang/String;)V
D/dalvikvm( 1776): VFY: replacing opcode 0x6f at 0x0009
I/MultiDex( 1776): VM with version 1.6.0 does not have multidex support
I/MultiDex( 1776): Installing application
I/MultiDex( 1776): MultiDexExtractor(/system/priv-app/PrebuiltGmsCore.apk, /data/data/com.google.android.gms/code_cache/secondary-dexes)
I/MultiDex( 1776): Blocking on lock /data/data/com.google.android.gms/code_cache/secondary-dexes/MultiDex.lock
I/MultiDex( 1776): /data/data/com.google.android.gms/code_cache/secondary-dexes/MultiDex.lock locked
I/MultiDex( 1776): MultiDexExtractor.load(/system/priv-app/PrebuiltGmsCore.apk, false, )
D/dalvikvm( 1653): GC_FOR_ALLOC freed 164K, 5% free 8188K/8536K, paused 9ms, total 9ms
I/MultiDex( 1776): Detected that extraction must be performed.
I/ActivityManager( 1568): Force stopping com.android.sdksetup appid=10046 user=0: pkg changed
I/ActivityManager( 1568): Killing 1904:com.android.sdksetup/u0a46 (adj 0): stop com.android.sdksetup
I/ActivityManager( 1568):   Force finishing activity ActivityRecord{9d0c0588 u0 com.android.sdksetup/.DefaultActivity t2}
I/ActivityManager( 1568): START u0 {act=android.intent.action.MAIN cat=[android.intent.category.HOME] flg=0x10000000 cmp=com.android.launcher/com.android.launcher2.Launcher} from pid 0
I/ActivityManager( 1568): Start proc com.android.launcher for activity com.android.launcher/com.android.launcher2.Launcher: pid=1934 uid=10009 gids={50009}
D/dalvikvm( 1776): GC_FOR_ALLOC freed 251K, 12% free 3246K/3680K, paused 7ms, total 13ms
D/dalvikvm( 1568): GC_FOR_ALLOC freed 824K, 53% free 7075K/14812K, paused 25ms, total 25ms
E/SQLiteLog( 1854): (1) no such table: album_info
I/InputReader( 1568): Reconfiguring input devices.  changes=0x00000010
I/PackageManager( 1568): Running dexopt on: com.android.launcher
E/BluetoothAdapter( 1653): Bluetooth binder is null
D/PhoneStatusBar( 1653): heads up is disabled
D/PhoneStatusBar( 1653): mSettingsPanelGravity = 55
I/ActivityManager( 1568): Start proc com.android.exchange for content provider com.android.exchange/.provider.ExchangeDirectoryProvider: pid=1953 uid=10027 gids={50027, 3003, 1028, 1015}
W/linker  ( 1959): libdvm.so has text relocations. This is wasting memory and is a security risk. Please fix.
D/dalvikvm( 1776): GC_FOR_ALLOC freed 142K, 9% free 3608K/3940K, paused 2ms, total 2ms
D/dalvikvm( 1776): GC_FOR_ALLOC freed 132K, 9% free 3958K/4304K, paused 2ms, total 2ms
D/dalvikvm( 1776): GC_FOR_ALLOC freed 119K, 8% free 4298K/4652K, paused 3ms, total 3ms
D/dalvikvm( 1959): DexOpt: load 14ms, verify+opt 40ms, 987780 bytes
D/dalvikvm( 1776): GC_FOR_ALLOC freed 127K, 8% free 4606K/4992K, paused 4ms, total 4ms
I/MultiDex( 1776): Extraction is needed for file /data/data/com.google.android.gms/code_cache/secondary-dexes/PrebuiltGmsCore.apk.classes2.zip
I/MultiDex( 1776): Extracting /data/data/com.google.android.gms/code_cache/secondary-dexes/tmp-PrebuiltGmsCore.apk.classes1625427883.zip
I/PackageManager( 1568): Running dexopt on: com.android.exchange
I/Choreographer( 1653): Skipped 93 frames!  The application may be doing too much work on its main thread.
V/KeyguardTouchDelegate( 1653): Connected to keyguard
W/linker  ( 1967): libdvm.so has text relocations. This is wasting memory and is a security risk. Please fix.
I/PackageManager( 1568):   Action: "android.intent.action.SENDTO"
I/PackageManager( 1568):   Category: "android.intent.category.DEFAULT"
I/PackageManager( 1568):   Scheme: "sms"
W/BackupManagerService( 1568): dataChanged but no participant pkg='com.android.providers.settings' uid=1001
I/PackageManager( 1568): Adding preferred activity ComponentInfo{com.android.mms/com.android.mms.ui.ComposeMessageActivity} for user 0 :
I/PackageManager( 1568):   Action: "android.intent.action.SENDTO"
I/PackageManager( 1568):   Category: "android.intent.category.DEFAULT"
I/PackageManager( 1568):   Scheme: "smsto"
I/PackageManager( 1568): Adding preferred activity ComponentInfo{com.android.mms/com.android.mms.ui.ComposeMessageActivity} for user 0 :
I/PackageManager( 1568):   Action: "android.intent.action.SENDTO"
I/PackageManager( 1568):   Category: "android.intent.category.DEFAULT"
I/PackageManager( 1568):   Scheme: "mms"
I/PackageManager( 1568):   Action: "android.intent.action.SENDTO"
I/PackageManager( 1568):   Category: "android.intent.category.DEFAULT"
I/PackageManager( 1568):   Scheme: "mmsto"
I/PackageManager( 1568): Adding preferred activity ComponentInfo{com.android.mms/com.android.mms.ui.ComposeMessageActivity} for user 0 :
I/PackageManager( 1568): Adding preferred activity ComponentInfo{com.android.mms/com.android.mms.ui.ComposeMessageActivity} for user 0 :
I/PackageManager( 1568):   Action: "android.intent.action.SENDTO"
I/PackageManager( 1568):   Category: "android.intent.category.DEFAULT"
I/PackageManager( 1568):   Scheme: "sms"
I/PackageManager( 1568): Adding preferred activity ComponentInfo{com.android.mms/com.android.mms.ui.ComposeMessageActivity} for user 0 :
I/PackageManager( 1568):   Action: "android.intent.action.SENDTO"
I/PackageManager( 1568):   Category: "android.intent.category.DEFAULT"
I/PackageManager( 1568):   Scheme: "smsto"
I/PackageManager( 1568):   Action: "android.intent.action.SENDTO"
I/PackageManager( 1568):   Category: "android.intent.category.DEFAULT"
I/PackageManager( 1568):   Scheme: "mms"
I/PackageManager( 1568): Adding preferred activity ComponentInfo{com.android.mms/com.android.mms.ui.ComposeMessageActivity} for user 0 :
I/PackageManager( 1568): Adding preferred activity ComponentInfo{com.android.mms/com.android.mms.ui.ComposeMessageActivity} for user 0 :
I/PackageManager( 1568):   Action: "android.intent.action.SENDTO"
I/PackageManager( 1568):   Category: "android.intent.category.DEFAULT"
I/PackageManager( 1568):   Scheme: "mmsto"
I/PackageManager( 1568): Adding preferred activity ComponentInfo{com.android.mms/com.android.mms.ui.ComposeMessageActivity} for user 0 :
D/dalvikvm( 1967): DexOpt: load 26ms, verify+opt 132ms, 2148036 bytes
E/BluetoothAdapter( 1829): Bluetooth binder is null
I/FusedLocation( 1568): engine stopped (com.android.location.fused)
I/FusedLocation( 1568): engine started (com.android.location.fused)
I/ActivityManager( 1568): Start proc com.android.externalstorage for broadcast com.android.externalstorage/.MountReceiver: pid=1975 uid=10006 gids={50006, 1028, 1015, 1023}
D/dalvikvm( 1568): GC_FOR_ALLOC freed 862K, 52% free 7233K/14812K, paused 20ms, total 21ms
I/DownloadManager( 1854): Upgrading downloads database from version 0 to version 109, which will destroy all old data
I/PackageManager( 1568): Running dexopt on: com.android.externalstorage
D/dalvikvm( 1829): GC_FOR_ALLOC freed 230K, 12% free 3276K/3692K, paused 2ms, total 2ms
W/linker  ( 1990): libdvm.so has text relocations. This is wasting memory and is a security risk. Please fix.
D/        ( 1653): HostConnection::get() New Host Connection established 0xb890eaa0, tid 1653
D/dalvikvm( 1990): DexOpt: load 3ms, verify+opt 2ms, 224484 bytes
D/EGL_emulation( 1653): eglCreateContext: 0xb890f4c0: maj 3 min 0 rcv 3
D/EGL_emulation( 1653): eglMakeCurrent: 0xb890f4c0: ver 3 0
E/eglCodecCommon( 1653): glUtilsParamSize: unknow param 0x00008cdf
E/eglCodecCommon( 1653): glUtilsParamSize: unknow param 0x00008824
E/EGL_emulation( 1653): tid 1653: eglSurfaceAttrib(1199): error 0x3009 (EGL_BAD_MATCH)
W/HardwareRenderer( 1653): Backbuffer cannot be preserved
D/OpenGLRenderer( 1653): Enabling debug mode 0
E/BluetoothAdapter( 1829): Bluetooth binder is null
I/PackageManager( 1568): Running dexopt on: com.android.email
I/ActivityManager( 1568): Start proc com.android.email for content provider com.android.email/.provider.EmailProvider: pid=1994 uid=10026 gids={50026, 3003, 1028, 1015}
W/linker  ( 2007): libdvm.so has text relocations. This is wasting memory and is a security risk. Please fix.
D/CallNotifier( 1829): CallNotifier: mSignalInfoToneGenerator created when toneplay
E/BluetoothAdapter( 1829): Bluetooth binder is null
D/ExternalStorage( 1975): After updating volumes, found 1 active roots
I/LatinIME:LogUtils( 1762): Dictionary info: dictionary = main:en ; version = 42 ; date = 1381226516
D/EGL_emulation( 1653): eglMakeCurrent: 0xb890f4c0: ver 3 0
E/EGL_emulation( 1653): tid 1653: eglSurfaceAttrib(1199): error 0x3009 (EGL_BAD_MATCH)
W/HardwareRenderer( 1653): Backbuffer cannot be preserved
I/DownloadManager( 1854): Download 1 starting
W/DownloadManager( 1854): Aborting request for download 1: NO_CONNECTION
I/DownloadManager( 1854): Download 1 finished with status WAITING_FOR_NETWORK
D/dalvikvm( 1854): GC_FOR_ALLOC freed 286K, 13% free 3220K/3692K, paused 2ms, total 2ms
D/dalvikvm( 2007): DexOpt: load 65ms, verify+opt 306ms, 3355068 bytes
D/ExternalStorage( 1975): After updating volumes, found 1 active roots
D/MediaScannerReceiver( 1854): action: android.intent.action.MEDIA_MOUNTED path: /storage/sdcard
I/ContactDirectoryManager( 1799): deleted 0 stale rows which don't have any relevant directory
D/EGL_emulation( 1653): eglMakeCurrent: 0xb890f4c0: ver 3 0
D/AlarmManagerService( 1568): Kernel timezone updated to 240 minutes west of GMT
D/        ( 1829): Setting time of day to sec=1629051014
I/ContactDirectoryManager( 1799): Discovered 0 contact directories in 1506ms
I/LatinIME:LogUtils( 1762): Dictionary info: dictionary = main:en ; version = 42 ; date = 1381226516
D/dalvikvm( 1934): GC_FOR_ALLOC freed 198K, 11% free 3279K/3668K, paused 24ms, total 24ms
D/MobileDataStateTracker( 1568): fota: Broadcast received: android.intent.action.ANY_DATA_STATE apnType=fota
D/MobileDataStateTracker( 1568): fota: Received state=DISCONNECTED, old=DISCONNECTED, reason=radioTurnedOff
D/MobileDataStateTracker( 1568): ia: Broadcast received: android.intent.action.ANY_DATA_STATE apnType=ia
D/MobileDataStateTracker( 1568): ia: Received state=DISCONNECTED, old=DISCONNECTED, reason=radioTurnedOff
D/MobileDataStateTracker( 1568): supl: Broadcast received: android.intent.action.ANY_DATA_STATE apnType=supl
D/MobileDataStateTracker( 1568): supl: Received state=DISCONNECTED, old=DISCONNECTED, reason=radioTurnedOff
D/MobileDataStateTracker( 1568): hipri: Broadcast received: android.intent.action.ANY_DATA_STATE apnType=hipri
D/MobileDataStateTracker( 1568): hipri: Received state=DISCONNECTED, old=DISCONNECTED, reason=radioTurnedOff
D/MobileDataStateTracker( 1568): ims: Broadcast received: android.intent.action.ANY_DATA_STATE apnType=ims
D/MobileDataStateTracker( 1568): ims: Received state=DISCONNECTED, old=DISCONNECTED, reason=radioTurnedOff
D/MobileDataStateTracker( 1568): default: Broadcast received: android.intent.action.ANY_DATA_STATE apnType=default
D/MobileDataStateTracker( 1568): default: Received state=DISCONNECTED, old=DISCONNECTED, reason=radioTurnedOff
D/MobileDataStateTracker( 1568): mms: Broadcast received: android.intent.action.ANY_DATA_STATE apnType=mms
D/MobileDataStateTracker( 1568): mms: Received state=DISCONNECTED, old=DISCONNECTED, reason=radioTurnedOff
D/MobileDataStateTracker( 1568): cbs: Broadcast received: android.intent.action.ANY_DATA_STATE apnType=cbs
D/MobileDataStateTracker( 1568): cbs: Received state=DISCONNECTED, old=DISCONNECTED, reason=radioTurnedOff
D/MobileDataStateTracker( 1568): fota: Broadcast received: android.intent.action.ANY_DATA_STATE apnType=fota
D/MobileDataStateTracker( 1568): fota: Received state=DISCONNECTED, old=DISCONNECTED, reason=radioTurnedOff
D/MobileDataStateTracker( 1568): ia: Broadcast received: android.intent.action.ANY_DATA_STATE apnType=ia
D/MobileDataStateTracker( 1568): ia: Received state=DISCONNECTED, old=DISCONNECTED, reason=radioTurnedOff
D/MobileDataStateTracker( 1568): supl: Broadcast received: android.intent.action.ANY_DATA_STATE apnType=supl
D/MobileDataStateTracker( 1568): supl: Received state=DISCONNECTED, old=DISCONNECTED, reason=radioTurnedOff
D/MobileDataStateTracker( 1568): hipri: Broadcast received: android.intent.action.ANY_DATA_STATE apnType=hipri
D/MobileDataStateTracker( 1568): hipri: Received state=DISCONNECTED, old=DISCONNECTED, reason=radioTurnedOff
D/MobileDataStateTracker( 1568): ims: Broadcast received: android.intent.action.ANY_DATA_STATE apnType=ims
D/MobileDataStateTracker( 1568): ims: Received state=DISCONNECTED, old=DISCONNECTED, reason=radioTurnedOff
D/MobileDataStateTracker( 1568): default: Broadcast received: android.intent.action.ANY_DATA_STATE apnType=default
D/MobileDataStateTracker( 1568): default: Received state=DISCONNECTED, old=DISCONNECTED, reason=radioTurnedOff
D/MobileDataStateTracker( 1568): mms: Broadcast received: android.intent.action.ANY_DATA_STATE apnType=mms
D/MobileDataStateTracker( 1568): mms: Received state=DISCONNECTED, old=DISCONNECTED, reason=radioTurnedOff
D/MobileDataStateTracker( 1568): cbs: Broadcast received: android.intent.action.ANY_DATA_STATE apnType=cbs
D/MobileDataStateTracker( 1568): cbs: Received state=DISCONNECTED, old=DISCONNECTED, reason=radioTurnedOff
D/MobileDataStateTracker( 1568): fota: Broadcast received: android.intent.action.ANY_DATA_STATE apnType=fota
D/MobileDataStateTracker( 1568): fota: Received state=DISCONNECTED, old=DISCONNECTED, reason=dataDetached
D/MobileDataStateTracker( 1568): ia: Broadcast received: android.intent.action.ANY_DATA_STATE apnType=ia
D/MobileDataStateTracker( 1568): ia: Received state=DISCONNECTED, old=DISCONNECTED, reason=dataDetached
D/MobileDataStateTracker( 1568): supl: Broadcast received: android.intent.action.ANY_DATA_STATE apnType=supl
D/MobileDataStateTracker( 1568): supl: Received state=DISCONNECTED, old=DISCONNECTED, reason=dataDetached
D/MobileDataStateTracker( 1568): hipri: Broadcast received: android.intent.action.ANY_DATA_STATE apnType=hipri
D/MobileDataStateTracker( 1568): hipri: Received state=DISCONNECTED, old=DISCONNECTED, reason=dataDetached
D/MobileDataStateTracker( 1568): ims: Broadcast received: android.intent.action.ANY_DATA_STATE apnType=ims
D/ActivityThread( 1994): Loading provider com.android.email.provider;com.android.email.notifier: com.android.email.provider.EmailProvider
D/TelephonyDebugService( 1829): TelephonyDebugService()
D/MobileDataStateTracker( 1568): ims: Received state=DISCONNECTED, old=DISCONNECTED, reason=dataDetached
D/MobileDataStateTracker( 1568): default: Broadcast received: android.intent.action.ANY_DATA_STATE apnType=default
D/MobileDataStateTracker( 1568): default: Received state=DISCONNECTED, old=DISCONNECTED, reason=dataDetached
D/MobileDataStateTracker( 1568): mms: Broadcast received: android.intent.action.ANY_DATA_STATE apnType=mms
D/MobileDataStateTracker( 1568): mms: Received state=DISCONNECTED, old=DISCONNECTED, reason=dataDetached
D/MobileDataStateTracker( 1568): cbs: Broadcast received: android.intent.action.ANY_DATA_STATE apnType=cbs
D/MobileDataStateTracker( 1568): cbs: Received state=DISCONNECTED, old=DISCONNECTED, reason=dataDetached
D/MobileDataStateTracker( 1568): fota: Broadcast received: android.intent.action.ANY_DATA_STATE apnType=fota
D/MobileDataStateTracker( 1568): fota: Received state=DISCONNECTED, old=DISCONNECTED, reason=roamingOff
D/MobileDataStateTracker( 1568): ia: Broadcast received: android.intent.action.ANY_DATA_STATE apnType=ia
D/MobileDataStateTracker( 1568): ia: Received state=DISCONNECTED, old=DISCONNECTED, reason=roamingOff
D/MobileDataStateTracker( 1568): supl: Broadcast received: android.intent.action.ANY_DATA_STATE apnType=supl
I/LatinIME:LogUtils( 1762): Dictionary info: dictionary = main:en ; version = 42 ; date = 1381226516
D/MobileDataStateTracker( 1568): supl: Received state=DISCONNECTED, old=DISCONNECTED, reason=roamingOff
D/MobileDataStateTracker( 1568): hipri: Broadcast received: android.intent.action.ANY_DATA_STATE apnType=hipri
D/MobileDataStateTracker( 1568): hipri: Received state=DISCONNECTED, old=DISCONNECTED, reason=roamingOff
D/MobileDataStateTracker( 1568): ims: Broadcast received: android.intent.action.ANY_DATA_STATE apnType=ims
D/MobileDataStateTracker( 1568): ims: Received state=DISCONNECTED, old=DISCONNECTED, reason=roamingOff
D/MobileDataStateTracker( 1568): default: Broadcast received: android.intent.action.ANY_DATA_STATE apnType=default
D/dalvikvm( 1653): GC_FOR_ALLOC freed 175K, 4% free 8871K/9232K, paused 31ms, total 34ms
D/MobileDataStateTracker( 1568): default: Received state=DISCONNECTED, old=DISCONNECTED, reason=roamingOff
D/MobileDataStateTracker( 1568): mms: Broadcast received: android.intent.action.ANY_DATA_STATE apnType=mms
D/MobileDataStateTracker( 1568): mms: Received state=DISCONNECTED, old=DISCONNECTED, reason=roamingOff
D/MobileDataStateTracker( 1568): cbs: Broadcast received: android.intent.action.ANY_DATA_STATE apnType=cbs
D/MobileDataStateTracker( 1568): cbs: Received state=DISCONNECTED, old=DISCONNECTED, reason=roamingOff
D/MobileDataStateTracker( 1568): fota: Broadcast received: android.intent.action.ANY_DATA_STATE apnType=fota
D/MobileDataStateTracker( 1568): fota: Received state=DISCONNECTED, old=DISCONNECTED, reason=roamingOff
D/MobileDataStateTracker( 1568): ia: Broadcast received: android.intent.action.ANY_DATA_STATE apnType=ia
D/MobileDataStateTracker( 1568): ia: Received state=DISCONNECTED, old=DISCONNECTED, reason=roamingOff
D/MobileDataStateTracker( 1568): supl: Broadcast received: android.intent.action.ANY_DATA_STATE apnType=supl
D/MobileDataStateTracker( 1568): supl: Received state=DISCONNECTED, old=DISCONNECTED, reason=roamingOff
D/MobileDataStateTracker( 1568): hipri: Broadcast received: android.intent.action.ANY_DATA_STATE apnType=hipri
D/MobileDataStateTracker( 1568): hipri: Received state=DISCONNECTED, old=DISCONNECTED, reason=roamingOff
D/MobileDataStateTracker( 1568): ims: Broadcast received: android.intent.action.ANY_DATA_STATE apnType=ims
D/MobileDataStateTracker( 1568): ims: Received state=DISCONNECTED, old=DISCONNECTED, reason=roamingOff
D/MobileDataStateTracker( 1568): default: Broadcast received: android.intent.action.ANY_DATA_STATE apnType=default
D/MobileDataStateTracker( 1568): default: Received state=DISCONNECTED, old=DISCONNECTED, reason=roamingOff
D/MobileDataStateTracker( 1568): mms: Broadcast received: android.intent.action.ANY_DATA_STATE apnType=mms
D/MobileDataStateTracker( 1568): mms: Received state=DISCONNECTED, old=DISCONNECTED, reason=roamingOff
D/MobileDataStateTracker( 1568): cbs: Broadcast received: android.intent.action.ANY_DATA_STATE apnType=cbs
D/MobileDataStateTracker( 1568): cbs: Received state=DISCONNECTED, old=DISCONNECTED, reason=roamingOff
D/dalvikvm( 1934): GC_FOR_ALLOC freed 51K, 7% free 3711K/3956K, paused 4ms, total 4ms
I/ContactsProvider( 1799): Upgrading aggregation algorithm
I/ContactAggregator( 1799): Marked all visible contacts for aggregation: 0 raw contacts, 1 ms
D/AlarmManagerService( 1568): Kernel timezone updated to 300 minutes west of GMT
I/dalvikvm-heap( 1653): Grow heap (frag case) to 11.769MB for 3072012-byte allocation
D/dalvikvm( 1829): GC_FOR_ALLOC freed 365K, 14% free 3424K/3976K, paused 5ms, total 5ms
W/MediaScanner( 1854): Error opening directory '/storage/sdcard/.android_secure/', skipping: Permission denied.
D/dalvikvm( 1653): GC_FOR_ALLOC freed 4K, 4% free 11867K/12236K, paused 4ms, total 4ms
I/LatinIME:LogUtils( 1762): Dictionary info: dictionary = main:en ; version = 42 ; date = 1381226516
D/dalvikvm( 1653): GC_FOR_ALLOC freed <1K, 3% free 11869K/12236K, paused 3ms, total 3ms
D/MobileDataStateTracker( 1568): fota: Broadcast received: android.intent.action.ANY_DATA_STATE apnType=fota
D/MobileDataStateTracker( 1568): fota: Received state=DISCONNECTED, old=DISCONNECTED, reason=dataAttached
D/MobileDataStateTracker( 1568): ia: Broadcast received: android.intent.action.ANY_DATA_STATE apnType=ia
D/MobileDataStateTracker( 1568): ia: Received state=DISCONNECTED, old=DISCONNECTED, reason=dataAttached
D/MobileDataStateTracker( 1568): supl: Broadcast received: android.intent.action.ANY_DATA_STATE apnType=supl
D/MobileDataStateTracker( 1568): supl: Received state=DISCONNECTED, old=DISCONNECTED, reason=dataAttached
D/MobileDataStateTracker( 1568): hipri: Broadcast received: android.intent.action.ANY_DATA_STATE apnType=hipri
D/MobileDataStateTracker( 1568): hipri: Received state=DISCONNECTED, old=DISCONNECTED, reason=dataAttached
D/MobileDataStateTracker( 1568): ims: Broadcast received: android.intent.action.ANY_DATA_STATE apnType=ims
D/MobileDataStateTracker( 1568): ims: Received state=DISCONNECTED, old=DISCONNECTED, reason=dataAttached
D/MobileDataStateTracker( 1568): mms: Broadcast received: android.intent.action.ANY_DATA_STATE apnType=mms
D/MobileDataStateTracker( 1568): mms: Received state=DISCONNECTED, old=DISCONNECTED, reason=dataAttached
D/MobileDataStateTracker( 1568): cbs: Broadcast received: android.intent.action.ANY_DATA_STATE apnType=cbs
I/ContactsProvider( 1799): Aggregation algorithm upgraded for 0 raw contacts in 71ms
D/MobileDataStateTracker( 1568): cbs: Received state=DISCONNECTED, old=DISCONNECTED, reason=dataAttached
D/MobileDataStateTracker( 1568): fota: Broadcast received: android.intent.action.ANY_DATA_STATE apnType=fota
D/MobileDataStateTracker( 1568): fota: Received state=DISCONNECTED, old=DISCONNECTED, reason=dataAttached
D/MobileDataStateTracker( 1568): ia: Broadcast received: android.intent.action.ANY_DATA_STATE apnType=ia
D/MobileDataStateTracker( 1568): ia: Received state=DISCONNECTED, old=DISCONNECTED, reason=dataAttached
D/MobileDataStateTracker( 1568): supl: Broadcast received: android.intent.action.ANY_DATA_STATE apnType=supl
D/MobileDataStateTracker( 1568): supl: Received state=DISCONNECTED, old=DISCONNECTED, reason=dataAttached
D/MobileDataStateTracker( 1568): hipri: Broadcast received: android.intent.action.ANY_DATA_STATE apnType=hipri
D/dalvikvm( 1934): GC_FOR_ALLOC freed 27K, 6% free 3875K/4092K, paused 2ms, total 2ms
I/LatinIME:LogUtils( 1762): Dictionary info: dictionary = main:en ; version = 42 ; date = 1381226516
D/MobileDataStateTracker( 1568): hipri: Received state=DISCONNECTED, old=DISCONNECTED, reason=dataAttached
D/MobileDataStateTracker( 1568): ims: Broadcast received: android.intent.action.ANY_DATA_STATE apnType=ims
D/MobileDataStateTracker( 1568): ims: Received state=DISCONNECTED, old=DISCONNECTED, reason=dataAttached
D/MobileDataStateTracker( 1568): mms: Broadcast received: android.intent.action.ANY_DATA_STATE apnType=mms
D/MobileDataStateTracker( 1568): mms: Received state=DISCONNECTED, old=DISCONNECTED, reason=dataAttached
D/MobileDataStateTracker( 1568): cbs: Broadcast received: android.intent.action.ANY_DATA_STATE apnType=cbs
D/MobileDataStateTracker( 1568): cbs: Received state=DISCONNECTED, old=DISCONNECTED, reason=dataAttached
D/MccTable( 1829): updateMccMncConfiguration: mcc=310, mnc=260
D/MccTable( 1829): getLocaleFromMcc to en_us mcc=310
D/MccTable( 1829): getLocaleForLanguageCountry: got match
D/MccTable( 1829): getLocaleForLanguageCountry: X locale=en_US
D/MccTable( 1829): WIFI_COUNTRY_CODE set to us
I/dalvikvm-heap( 1934): Grow heap (frag case) to 8.169MB for 4410012-byte allocation
I/WifiService( 1568): WifiService trying to set country code to us with persist set to true
D/dalvikvm( 1934): GC_FOR_ALLOC freed 2K, 3% free 8179K/8400K, paused 11ms, total 11ms
D/MccTable( 1829): updateMccMncConfiguration updateConfig config={1.0 310mcc260mnc en_US ldltr ?swdp ?wdp ?hdp ?density ?lsize ?long ?orien ?uimode ?night ?touch ?keyb/?/? ?nav/?}
I/ActivityManager( 1568): Config changes=3 {1.0 310mcc260mnc en_US ldltr sw411dp w411dp h658dp 420dpi nrml port finger qwerty/v/v dpad/v s.5}
D/PermissionCache( 1143): checking android.permission.READ_FRAME_BUFFER for uid=1000 => granted (36 us)
D/gralloc_ranchu( 1143): gralloc_alloc: Creating ashmem region of size 8294400
V/MediaScanner( 1854): pruneDeadThumbnailFiles... android.database.sqlite.SQLiteCursor@9d0c6848
