W/IntentOperation( 2085): Failed to get Chimera config:com.google.android.chimera.config.InvalidConfigException: java.io.FileNotFoundException: /data/data/com.google.android.gms/app_chimera/current_config.fb: open failed: ENOENT (No such file or directory)
D/dalvikvm( 2085): GC_FOR_ALLOC freed 57K, 15% free 3387K/3944K, paused 2ms, total 2ms
I/dalvikvm-heap( 2085): Grow heap (frag case) to 3.706MB for 228601-byte allocation
D/dalvikvm( 2085): GC_FOR_ALLOC freed <1K, 14% free 3610K/4168K, paused 2ms, total 2ms
D/Nat464Xlat( 1568): requiresClat: netType=5, hasIPv4Address=true
D/dalvikvm( 1776): GC_FOR_ALLOC freed 275K, 24% free 4305K/5652K, paused 2ms, total 2ms
D/dalvikvm( 2085): GC_FOR_ALLOC freed 27K, 6% free 4092K/4308K, paused 2ms, total 2ms
D/dalvikvm( 1776): GC_FOR_ALLOC freed 362K, 22% free 4454K/5652K, paused 2ms, total 2ms
D/dalvikvm( 2085): GC_FOR_ALLOC freed 275K, 10% free 4330K/4792K, paused 2ms, total 2ms
D/dalvikvm( 2085): GC_FOR_ALLOC freed 363K, 11% free 4479K/5028K, paused 2ms, total 2ms
D/dalvikvm( 1776): GC_FOR_ALLOC freed 588K, 23% free 4377K/5652K, paused 2ms, total 2ms
D/dalvikvm( 2085): GC_FOR_ALLOC freed 588K, 15% free 4403K/5180K, paused 2ms, total 2ms
D/dalvikvm( 1776): GC_FOR_ALLOC freed 474K, 22% free 4414K/5652K, paused 3ms, total 3ms
D/dalvikvm( 2085): GC_FOR_ALLOC freed 475K, 15% free 4439K/5180K, paused 2ms, total 2ms
D/dalvikvm( 2085): GC_FOR_ALLOC freed 478K, 14% free 4473K/5180K, paused 2ms, total 2ms
D/dalvikvm( 1776): GC_FOR_ALLOC freed 477K, 22% free 4449K/5652K, paused 2ms, total 2ms
D/dalvikvm( 2085): GC_FOR_ALLOC freed 353K, 14% free 4491K/5180K, paused 3ms, total 3ms
D/dalvikvm( 1776): GC_FOR_ALLOC freed 480K, 21% free 4480K/5652K, paused 2ms, total 2ms
D/dalvikvm( 2085): GC_FOR_ALLOC freed 345K, 14% free 4511K/5188K, paused 2ms, total 2ms
D/dalvikvm( 1776): GC_FOR_ALLOC freed 496K, 21% free 4496K/5652K, paused 3ms, total 3ms
D/dalvikvm( 2085): GC_FOR_ALLOC freed 491K, 13% free 4534K/5212K, paused 2ms, total 2ms
D/dalvikvm( 2085): GC_FOR_ALLOC freed 500K, 23% free 4038K/5212K, paused 2ms, total 2ms
I/dalvikvm-heap( 2085): Grow heap (frag case) to 4.391MB for 281612-byte allocation
D/dalvikvm( 2085): GC_FOR_ALLOC freed 0K, 22% free 4313K/5488K, paused 2ms, total 2ms
D/dalvikvm( 1776): GC_FOR_ALLOC freed 717K, 30% free 4012K/5652K, paused 2ms, total 2ms
I/dalvikvm-heap( 1776): Grow heap (frag case) to 4.363MB for 281612-byte allocation
D/dalvikvm( 1776): GC_FOR_ALLOC freed 0K, 28% free 4287K/5928K, paused 2ms, total 2ms
I/ChimeraCfgMgr( 2085): Updating module config: <no config> -> container:2024149000700
E/ConfigFileUtils( 2085): Failed to read config file: /data/data/com.google.android.gms/app_chimera/current_modules_init.pb: open failed: ENOENT (No such file or directory)
I/ChimeraCfgMgr( 1776): Updating module config: <no config> -> container:2024149000700
D/dalvikvm( 1776): DexOpt: couldn't find static field Landroid/os/Build;.SUPPORTED_64_BIT_ABIS
W/dalvikvm( 1776): VFY: unable to resolve static field 1539 (SUPPORTED_64_BIT_ABIS) in Landroid/os/Build;
D/dalvikvm( 1776): VFY: replacing opcode 0x62 at 0x0214
I/ChimeraCfgMgr( 2085): Sending com.google.android.chimera.IntentOperation.NEW_MODULE Intents: 1,true,true
I/ChmraDebugLogger( 2085): [46] 
D/dalvikvm( 2085): DexOpt: couldn't find static field Landroid/os/Build;.SUPPORTED_64_BIT_ABIS
W/dalvikvm( 2085): VFY: unable to resolve static field 1539 (SUPPORTED_64_BIT_ABIS) in Landroid/os/Build;
D/dalvikvm( 2085): VFY: replacing opcode 0x62 at 0x0214
W/ProviderHelper( 2085): Unknown dynamite feature providerinstaller
I/DynamiteModule( 2085): Considering local module providerinstaller:0 and remote module providerinstaller:0
W/ProviderInstaller( 2085): Failed to load providerinstaller module: No acceptable module found. Local version is 0 and remote version is 0.
I/dalvikvm( 2085): Could not find method android.content.ContextWrapper.createCredentialProtectedStorageContext, referenced from method nfr.createCredentialProtectedStorageContext
W/dalvikvm( 2085): VFY: unable to resolve virtual method 2508: Landroid/content/ContextWrapper;.createCredentialProtectedStorageContext ()Landroid/content/Context;
D/dalvikvm( 2085): VFY: replacing opcode 0x6f at 0x0002
I/dalvikvm( 2085): Could not find method android.content.ContextWrapper.createDeviceProtectedStorageContext, referenced from method nfr.createDeviceProtectedStorageContext
W/dalvikvm( 2085): VFY: unable to resolve virtual method 2509: Landroid/content/ContextWrapper;.createDeviceProtectedStorageContext ()Landroid/content/Context;
D/dalvikvm( 2085): VFY: replacing opcode 0x6f at 0x0002
D/dalvikvm( 2085): DexOpt: couldn't find static field Landroid/os/Build;.SUPPORTED_64_BIT_ABIS
W/dalvikvm( 2085): VFY: unable to resolve static field 1539 (SUPPORTED_64_BIT_ABIS) in Landroid/os/Build;
D/dalvikvm( 2085): VFY: replacing opcode 0x62 at 0x0080
D/dalvikvm( 2085): DexOpt: couldn't find static field Landroid/os/Build;.SUPPORTED_ABIS
W/dalvikvm( 2085): VFY: unable to resolve static field 1540 (SUPPORTED_ABIS) in Landroid/os/Build;
D/dalvikvm( 2085): VFY: replacing opcode 0x62 at 0x00d3
W/ProviderHelper( 1776): Unknown dynamite feature providerinstaller
I/DynamiteModule( 1776): Considering local module providerinstaller:0 and remote module providerinstaller:0
W/ProviderInstaller( 1776): Failed to load providerinstaller module: No acceptable module found. Local version is 0 and remote version is 0.
I/dalvikvm( 1776): Could not find method android.content.ContextWrapper.createCredentialProtectedStorageContext, referenced from method nfr.createCredentialProtectedStorageContext
W/dalvikvm( 1776): VFY: unable to resolve virtual method 2508: Landroid/content/ContextWrapper;.createCredentialProtectedStorageContext ()Landroid/content/Context;
D/dalvikvm( 1776): VFY: replacing opcode 0x6f at 0x0002
I/dalvikvm( 1776): Could not find method android.content.ContextWrapper.createDeviceProtectedStorageContext, referenced from method nfr.createDeviceProtectedStorageContext
W/dalvikvm( 1776): VFY: unable to resolve virtual method 2509: Landroid/content/ContextWrapper;.createDeviceProtectedStorageContext ()Landroid/content/Context;
D/dalvikvm( 1776): VFY: replacing opcode 0x6f at 0x0002
D/dalvikvm( 1776): DexOpt: couldn't find static field Landroid/os/Build;.SUPPORTED_64_BIT_ABIS
W/dalvikvm( 1776): VFY: unable to resolve static field 1539 (SUPPORTED_64_BIT_ABIS) in Landroid/os/Build;
D/dalvikvm( 1776): VFY: replacing opcode 0x62 at 0x0080
D/dalvikvm( 1776): DexOpt: couldn't find static field Landroid/os/Build;.SUPPORTED_ABIS
W/dalvikvm( 1776): VFY: unable to resolve static field 1540 (SUPPORTED_ABIS) in Landroid/os/Build;
D/dalvikvm( 1776): VFY: replacing opcode 0x62 at 0x00d3
V/NativeCrypto( 2085): Registering com/google/android/gms/org/conscrypt/NativeCrypto's 286 native methods...
V/NativeCrypto( 1776): Registering com/google/android/gms/org/conscrypt/NativeCrypto's 286 native methods...
W/dalvikvm( 1776): Unable to resolve superclass of Lcom/google/android/gms/org/conscrypt/TrustManagerImpl; (5184)
W/dalvikvm( 1776): Link of class 'Lcom/google/android/gms/org/conscrypt/TrustManagerImpl;' failed
W/dalvikvm( 2085): Unable to resolve superclass of Lcom/google/android/gms/org/conscrypt/TrustManagerImpl; (5184)
W/dalvikvm( 2085): Link of class 'Lcom/google/android/gms/org/conscrypt/TrustManagerImpl;' failed
I/dalvikvm( 1776): Could not find method com.google.android.gms.org.conscrypt.TrustManagerImpl.getDefaultHostnameVerifier, referenced from method com.google.android.gms.org.conscrypt.Conscrypt.getDefaultHostnameVerifier
I/dalvikvm( 2085): Could not find method com.google.android.gms.org.conscrypt.TrustManagerImpl.getDefaultHostnameVerifier, referenced from method com.google.android.gms.org.conscrypt.Conscrypt.getDefaultHostnameVerifier
W/dalvikvm( 2085): VFY: unable to resolve static method 17870: Lcom/google/android/gms/org/conscrypt/TrustManagerImpl;.getDefaultHostnameVerifier ()Lcom/google/android/gms/org/conscrypt/ConscryptHostnameVerifier;
D/dalvikvm( 2085): VFY: replacing opcode 0x71 at 0x0003
W/dalvikvm( 1776): VFY: unable to resolve static method 17870: Lcom/google/android/gms/org/conscrypt/TrustManagerImpl;.getDefaultHostnameVerifier ()Lcom/google/android/gms/org/conscrypt/ConscryptHostnameVerifier;
D/dalvikvm( 1776): VFY: replacing opcode 0x71 at 0x0003
W/dalvikvm( 1776): Unable to resolve superclass of Lcom/google/android/gms/org/conscrypt/TrustManagerImpl; (5184)
W/dalvikvm( 1776): Link of class 'Lcom/google/android/gms/org/conscrypt/TrustManagerImpl;' failed
W/dalvikvm( 1776): VFY: unable to find class referenced in signature (Lcom/google/android/gms/org/conscrypt/TrustManagerImpl;)
W/dalvikvm( 1776): Unable to resolve superclass of Lcom/google/android/gms/org/conscrypt/TrustManagerImpl; (5184)
W/dalvikvm( 1776): Link of class 'Lcom/google/android/gms/org/conscrypt/TrustManagerImpl;' failed
I/dalvikvm( 1776): Could not find method com.google.android.gms.org.conscrypt.TrustManagerImpl.getHostnameVerifier, referenced from method com.google.android.gms.org.conscrypt.Conscrypt.getHostnameVerifier
W/dalvikvm( 1776): VFY: unable to resolve virtual method 17872: Lcom/google/android/gms/org/conscrypt/TrustManagerImpl;.getHostnameVerifier ()Lcom/google/android/gms/org/conscrypt/ConscryptHostnameVerifier;
D/dalvikvm( 1776): VFY: replacing opcode 0x6e at 0x0004
W/dalvikvm( 1776): Unable to resolve superclass of Lcom/google/android/gms/org/conscrypt/TrustManagerImpl; (5184)
W/dalvikvm( 1776): Link of class 'Lcom/google/android/gms/org/conscrypt/TrustManagerImpl;' failed
E/dalvikvm( 1776): Could not find class 'com.google.android.gms.org.conscrypt.TrustManagerImpl', referenced from method com.google.android.gms.org.conscrypt.Conscrypt.isConscrypt
W/dalvikvm( 1776): VFY: unable to resolve instanceof 4452 (Lcom/google/android/gms/org/conscrypt/TrustManagerImpl;) in Lcom/google/android/gms/org/conscrypt/Conscrypt;
D/dalvikvm( 1776): VFY: replacing opcode 0x20 at 0x0000
W/dalvikvm( 1776): Unable to resolve superclass of Lcom/google/android/gms/org/conscrypt/TrustManagerImpl; (5184)
W/dalvikvm( 1776): Link of class 'Lcom/google/android/gms/org/conscrypt/TrustManagerImpl;' failed
I/dalvikvm( 1776): Could not find method com.google.android.gms.org.conscrypt.TrustManagerImpl.setDefaultHostnameVerifier, referenced from method com.google.android.gms.org.conscrypt.Conscrypt.setDefaultHostnameVerifier
W/dalvikvm( 1776): VFY: unable to resolve static method 17882: Lcom/google/android/gms/org/conscrypt/TrustManagerImpl;.setDefaultHostnameVerifier (Lcom/google/android/gms/org/conscrypt/ConscryptHostnameVerifier;)V
D/dalvikvm( 1776): VFY: replacing opcode 0x71 at 0x0003
W/dalvikvm( 1776): Unable to resolve superclass of Lcom/google/android/gms/org/conscrypt/TrustManagerImpl; (5184)
W/dalvikvm( 1776): Link of class 'Lcom/google/android/gms/org/conscrypt/TrustManagerImpl;' failed
W/dalvikvm( 1776): VFY: unable to find class referenced in signature (Lcom/google/android/gms/org/conscrypt/TrustManagerImpl;)
D/dalvikvm( 2085): GC_FOR_ALLOC freed 1275K, 36% free 3549K/5488K, paused 2ms, total 2ms
W/dalvikvm( 2085): Unable to resolve superclass of Lcom/google/android/gms/org/conscrypt/TrustManagerImpl; (5184)
W/dalvikvm( 2085): Link of class 'Lcom/google/android/gms/org/conscrypt/TrustManagerImpl;' failed
W/dalvikvm( 2085): VFY: unable to find class referenced in signature (Lcom/google/android/gms/org/conscrypt/TrustManagerImpl;)
W/dalvikvm( 2085): Unable to resolve superclass of Lcom/google/android/gms/org/conscrypt/TrustManagerImpl; (5184)
W/dalvikvm( 2085): Link of class 'Lcom/google/android/gms/org/conscrypt/TrustManagerImpl;' failed
I/dalvikvm( 2085): Could not find method com.google.android.gms.org.conscrypt.TrustManagerImpl.getHostnameVerifier, referenced from method com.google.android.gms.org.conscrypt.Conscrypt.getHostnameVerifier
W/dalvikvm( 2085): VFY: unable to resolve virtual method 17872: Lcom/google/android/gms/org/conscrypt/TrustManagerImpl;.getHostnameVerifier ()Lcom/google/android/gms/org/conscrypt/ConscryptHostnameVerifier;
D/dalvikvm( 2085): VFY: replacing opcode 0x6e at 0x0004
W/dalvikvm( 1776): Unable to resolve superclass of Lcom/google/android/gms/org/conscrypt/TrustManagerImpl; (5184)
W/dalvikvm( 1776): Link of class 'Lcom/google/android/gms/org/conscrypt/TrustManagerImpl;' failed
W/dalvikvm( 2085): Unable to resolve superclass of Lcom/google/android/gms/org/conscrypt/TrustManagerImpl; (5184)
W/dalvikvm( 2085): Link of class 'Lcom/google/android/gms/org/conscrypt/TrustManagerImpl;' failed
E/dalvikvm( 2085): Could not find class 'com.google.android.gms.org.conscrypt.TrustManagerImpl', referenced from method com.google.android.gms.org.conscrypt.Conscrypt.isConscrypt
W/dalvikvm( 2085): VFY: unable to resolve instanceof 4452 (Lcom/google/android/gms/org/conscrypt/TrustManagerImpl;) in Lcom/google/android/gms/org/conscrypt/Conscrypt;
D/dalvikvm( 2085): VFY: replacing opcode 0x20 at 0x0000
I/dalvikvm( 1776): Could not find method com.google.android.gms.org.conscrypt.TrustManagerImpl.setHostnameVerifier, referenced from method com.google.android.gms.org.conscrypt.Conscrypt.setHostnameVerifier
W/dalvikvm( 1776): VFY: unable to resolve virtual method 17883: Lcom/google/android/gms/org/conscrypt/TrustManagerImpl;.setHostnameVerifier (Lcom/google/android/gms/org/conscrypt/ConscryptHostnameVerifier;)V
D/dalvikvm( 1776): VFY: replacing opcode 0x6e at 0x0004
W/dalvikvm( 2085): Unable to resolve superclass of Lcom/google/android/gms/org/conscrypt/TrustManagerImpl; (5184)
W/dalvikvm( 2085): Link of class 'Lcom/google/android/gms/org/conscrypt/TrustManagerImpl;' failed
I/dalvikvm( 2085): Could not find method com.google.android.gms.org.conscrypt.TrustManagerImpl.setDefaultHostnameVerifier, referenced from method com.google.android.gms.org.conscrypt.Conscrypt.setDefaultHostnameVerifier
W/dalvikvm( 2085): VFY: unable to resolve static method 17882: Lcom/google/android/gms/org/conscrypt/TrustManagerImpl;.setDefaultHostnameVerifier (Lcom/google/android/gms/org/conscrypt/ConscryptHostnameVerifier;)V
D/dalvikvm( 2085): VFY: replacing opcode 0x71 at 0x0003
W/dalvikvm( 2085): Unable to resolve superclass of Lcom/google/android/gms/org/conscrypt/TrustManagerImpl; (5184)
W/dalvikvm( 2085): Link of class 'Lcom/google/android/gms/org/conscrypt/TrustManagerImpl;' failed
W/dalvikvm( 2085): VFY: unable to find class referenced in signature (Lcom/google/android/gms/org/conscrypt/TrustManagerImpl;)
W/dalvikvm( 2085): Unable to resolve superclass of Lcom/google/android/gms/org/conscrypt/TrustManagerImpl; (5184)
W/dalvikvm( 2085): Link of class 'Lcom/google/android/gms/org/conscrypt/TrustManagerImpl;' failed
I/dalvikvm( 2085): Could not find method com.google.android.gms.org.conscrypt.TrustManagerImpl.setHostnameVerifier, referenced from method com.google.android.gms.org.conscrypt.Conscrypt.setHostnameVerifier
W/dalvikvm( 2085): VFY: unable to resolve virtual method 17883: Lcom/google/android/gms/org/conscrypt/TrustManagerImpl;.setHostnameVerifier (Lcom/google/android/gms/org/conscrypt/ConscryptHostnameVerifier;)V
D/dalvikvm( 2085): VFY: replacing opcode 0x6e at 0x0004
W/dalvikvm( 2085): Unable to resolve superclass of Lcom/google/android/gms/org/conscrypt/TrustManagerImpl; (5184)
W/dalvikvm( 2085): Link of class 'Lcom/google/android/gms/org/conscrypt/TrustManagerImpl;' failed
E/dalvikvm( 2085): Could not find class 'com.google.android.gms.org.conscrypt.TrustManagerImpl', referenced from method com.google.android.gms.org.conscrypt.Conscrypt.toConscrypt
W/dalvikvm( 2085): VFY: unable to resolve check-cast 4452 (Lcom/google/android/gms/org/conscrypt/TrustManagerImpl;) in Lcom/google/android/gms/org/conscrypt/Conscrypt;
D/dalvikvm( 2085): VFY: replacing opcode 0x1f at 0x002a
D/dalvikvm( 1776): GC_FOR_ALLOC freed 1394K, 43% free 3404K/5928K, paused 2ms, total 2ms
W/dalvikvm( 1776): Unable to resolve superclass of Lcom/google/android/gms/org/conscrypt/TrustManagerImpl; (5184)
W/dalvikvm( 1776): Link of class 'Lcom/google/android/gms/org/conscrypt/TrustManagerImpl;' failed
E/dalvikvm( 1776): Could not find class 'com.google.android.gms.org.conscrypt.TrustManagerImpl', referenced from method com.google.android.gms.org.conscrypt.Conscrypt.toConscrypt
W/dalvikvm( 1776): VFY: unable to resolve check-cast 4452 (Lcom/google/android/gms/org/conscrypt/TrustManagerImpl;) in Lcom/google/android/gms/org/conscrypt/Conscrypt;
D/dalvikvm( 1776): VFY: replacing opcode 0x1f at 0x002a
D/dalvikvm( 2085): GC_FOR_ALLOC freed 381K, 33% free 3679K/5488K, paused 2ms, total 2ms
D/dalvikvm( 1776): GC_FOR_ALLOC freed 173K, 37% free 3743K/5928K, paused 2ms, total 2ms
D/dalvikvm( 2085): GC_FOR_ALLOC freed 144K, 27% free 4047K/5488K, paused 3ms, total 3ms
D/dalvikvm( 2085): GC_FOR_ALLOC freed 139K, 20% free 4419K/5488K, paused 3ms, total 3ms
D/dalvikvm( 1776): GC_FOR_ALLOC freed 143K, 31% free 4111K/5928K, paused 2ms, total 2ms
D/dalvikvm( 2085): GC_FOR_ALLOC freed 129K, 13% free 4789K/5488K, paused 3ms, total 3ms
E/dalvikvm( 2085): Could not find class 'javax.net.ssl.SNIServerName', referenced from method com.google.android.gms.org.conscrypt.Platform.getSniHostnameFromParams
W/dalvikvm( 2085): VFY: unable to resolve check-cast 5160 (Ljavax/net/ssl/SNIServerName;) in Lcom/google/android/gms/org/conscrypt/Platform;
D/dalvikvm( 2085): VFY: replacing opcode 0x1f at 0x0025
E/dalvikvm( 2085): Could not find class 'javax.net.ssl.SNIHostName', referenced from method com.google.android.gms.org.conscrypt.Platform.setParametersSniHostname
W/dalvikvm( 2085): VFY: unable to resolve new-instance 5159 (Ljavax/net/ssl/SNIHostName;) in Lcom/google/android/gms/org/conscrypt/Platform;
D/dalvikvm( 2085): VFY: replacing opcode 0x22 at 0x0024
E/dalvikvm( 2085): Could not find class 'javax.net.ssl.SNIHostName', referenced from method com.google.android.gms.org.conscrypt.Platform.setParametersSniHostname
W/dalvikvm( 2085): VFY: unable to resolve new-instance 5159 (Ljavax/net/ssl/SNIHostName;) in Lcom/google/android/gms/org/conscrypt/Platform;
D/dalvikvm( 2085): VFY: replacing opcode 0x22 at 0x0024
D/dalvikvm( 1776): GC_FOR_ALLOC freed 133K, 25% free 4490K/5928K, paused 2ms, total 2ms
D/dalvikvm( 2085): GC_FOR_ALLOC freed 231K, 10% free 5072K/5576K, paused 3ms, total 3ms
D/dalvikvm( 2085): DexOpt: unable to opt direct call 0x52f9 at 0x2a in Lcom/google/android/gms/org/conscrypt/Platform;.setParametersSniHostname
D/dalvikvm( 2085): DexOpt: unable to opt direct call 0x52f9 at 0x2a in Lcom/google/android/gms/org/conscrypt/Platform;.setParametersSniHostname
D/dalvikvm( 1776): GC_FOR_ALLOC freed 147K, 19% free 4855K/5928K, paused 3ms, total 3ms
E/dalvikvm( 1776): Could not find class 'javax.net.ssl.SNIServerName', referenced from method com.google.android.gms.org.conscrypt.Platform.getSniHostnameFromParams
W/dalvikvm( 1776): VFY: unable to resolve check-cast 5160 (Ljavax/net/ssl/SNIServerName;) in Lcom/google/android/gms/org/conscrypt/Platform;
D/dalvikvm( 1776): VFY: replacing opcode 0x1f at 0x0025
E/dalvikvm( 1776): Could not find class 'javax.net.ssl.SNIHostName', referenced from method com.google.android.gms.org.conscrypt.Platform.setParametersSniHostname
W/dalvikvm( 1776): VFY: unable to resolve new-instance 5159 (Ljavax/net/ssl/SNIHostName;) in Lcom/google/android/gms/org/conscrypt/Platform;
D/dalvikvm( 1776): VFY: replacing opcode 0x22 at 0x0024
E/dalvikvm( 1776): Could not find class 'javax.net.ssl.SNIHostName', referenced from method com.google.android.gms.org.conscrypt.Platform.setParametersSniHostname
W/dalvikvm( 1776): VFY: unable to resolve new-instance 5159 (Ljavax/net/ssl/SNIHostName;) in Lcom/google/android/gms/org/conscrypt/Platform;
D/dalvikvm( 1776): VFY: replacing opcode 0x22 at 0x0024
D/dalvikvm( 1776): DexOpt: unable to opt direct call 0x52f9 at 0x2a in Lcom/google/android/gms/org/conscrypt/Platform;.setParametersSniHostname
D/dalvikvm( 1776): DexOpt: unable to opt direct call 0x52f9 at 0x2a in Lcom/google/android/gms/org/conscrypt/Platform;.setParametersSniHostname
I/ProviderInstaller( 2085): Installed default security provider GmsCore_OpenSSL
I/Safeboot( 2085): Checking safeboot...
I/Safeboot( 2085): Not entering safeboot; wrong process.
D/dalvikvm( 2085): GC_FOR_ALLOC freed 433K, 12% free 5284K/5956K, paused 11ms, total 11ms
E/dalvikvm( 2085): Could not find class 'com.google.common.flogger.backend.google.GooglePlatform', referenced from method beui.a
W/dalvikvm( 2085): VFY: unable to resolve const-class 4605 (Lcom/google/common/flogger/backend/google/GooglePlatform;) in Lbeui;
D/dalvikvm( 2085): VFY: replacing opcode 0x1c at 0x001b
D/dalvikvm( 1814): GC_EXPLICIT freed 457K, 17% free 3193K/3836K, paused 1ms+1ms, total 4ms
D/dalvikvm( 1776): GC_FOR_ALLOC freed 426K, 15% free 5050K/5928K, paused 26ms, total 26ms
D/AndroidRuntime( 2111): 
D/AndroidRuntime( 2111): >>>>>> AndroidRuntime START com.android.internal.os.RuntimeInit <<<<<<
W/linker  ( 2111): libdvm.so has text relocations. This is wasting memory and is a security risk. Please fix.
D/AndroidRuntime( 2111): CheckJNI is ON
I/auxu    ( 2085): Primes not initialized, returning default (no-op) Primes instance which will ignore all calls. Please call Primes.initialize(...) before using any Primes API.
D/dalvikvm( 2111): Trying to load lib libjavacore.so 0x0
I/ProviderInstaller( 1776): Installed default security provider GmsCore_OpenSSL
D/dalvikvm( 2111): Added shared lib libjavacore.so 0x0
D/dalvikvm( 2111): Trying to load lib libnativehelper.so 0x0
D/dalvikvm( 2111): Added shared lib libnativehelper.so 0x0
D/dalvikvm( 2111): No JNI_OnLoad found in libnativehelper.so 0x0, skipping init
I/dalvikvm( 2085): Could not find method android.content.Context.bindService, referenced from method uws.bindService
W/dalvikvm( 2085): VFY: unable to resolve virtual method 2453: Landroid/content/Context;.bindService (Landroid/content/Intent;ILjava/util/concurrent/Executor;Landroid/content/ServiceConnection;)Z
D/dalvikvm( 2085): VFY: replacing opcode 0x6e at 0x0018
I/dalvikvm( 2085): Could not find method android.content.Context.bindService, referenced from method uws.bindService
W/dalvikvm( 2085): VFY: unable to resolve virtual method 2453: Landroid/content/Context;.bindService (Landroid/content/Intent;ILjava/util/concurrent/Executor;Landroid/content/ServiceConnection;)Z
D/dalvikvm( 2085): VFY: replacing opcode 0x6e at 0x0030
I/dalvikvm( 2085): Could not find method android.content.Context.startForegroundService, referenced from method uws.startForegroundService
W/dalvikvm( 2085): VFY: unable to resolve virtual method 2501: Landroid/content/Context;.startForegroundService (Landroid/content/Intent;)Landroid/content/ComponentName;
D/dalvikvm( 2085): VFY: replacing opcode 0x6e at 0x001c
I/dalvikvm( 2085): Could not find method android.content.Context.startForegroundService, referenced from method uws.startForegroundService
W/dalvikvm( 2085): VFY: unable to resolve virtual method 2501: Landroid/content/Context;.startForegroundService (Landroid/content/Intent;)Landroid/content/ComponentName;
D/dalvikvm( 2085): VFY: replacing opcode 0x6e at 0x0028
I/dalvikvm( 2085): Could not find method android.os.PowerManager.isPowerSaveMode, referenced from method uwl.a
W/dalvikvm( 2085): VFY: unable to resolve virtual method 3047: Landroid/os/PowerManager;.isPowerSaveMode ()Z
D/dalvikvm( 2085): VFY: replacing opcode 0x6e at 0x0010
I/Safeboot( 1776): Checking safeboot...
D/dalvikvm( 2111): Note: class Landroid/app/ActivityManagerNative; has 179 unimplemented (abstract) methods
E/dalvikvm( 1776): Could not find class 'com.google.common.flogger.backend.google.GooglePlatform', referenced from method beui.a
W/dalvikvm( 1776): VFY: unable to resolve const-class 4605 (Lcom/google/common/flogger/backend/google/GooglePlatform;) in Lbeui;
D/dalvikvm( 1776): VFY: replacing opcode 0x1c at 0x001b
I/dalvikvm( 1776): Could not find method android.content.Context.bindService, referenced from method uws.bindService
W/dalvikvm( 1776): VFY: unable to resolve virtual method 2453: Landroid/content/Context;.bindService (Landroid/content/Intent;ILjava/util/concurrent/Executor;Landroid/content/ServiceConnection;)Z
D/dalvikvm( 1776): VFY: replacing opcode 0x6e at 0x0018
I/dalvikvm( 1776): Could not find method android.content.Context.bindService, referenced from method uws.bindService
W/dalvikvm( 1776): VFY: unable to resolve virtual method 2453: Landroid/content/Context;.bindService (Landroid/content/Intent;ILjava/util/concurrent/Executor;Landroid/content/ServiceConnection;)Z
D/dalvikvm( 1776): VFY: replacing opcode 0x6e at 0x0030
I/dalvikvm( 1776): Could not find method android.content.Context.startForegroundService, referenced from method uws.startForegroundService
W/dalvikvm( 1776): VFY: unable to resolve virtual method 2501: Landroid/content/Context;.startForegroundService (Landroid/content/Intent;)Landroid/content/ComponentName;
D/dalvikvm( 1776): VFY: replacing opcode 0x6e at 0x001c
I/dalvikvm( 1776): Could not find method android.content.Context.startForegroundService, referenced from method uws.startForegroundService
W/dalvikvm( 1776): VFY: unable to resolve virtual method 2501: Landroid/content/Context;.startForegroundService (Landroid/content/Intent;)Landroid/content/ComponentName;
D/dalvikvm( 1776): VFY: replacing opcode 0x6e at 0x0028
I/Safeboot Condition( 1776): No need to enter Safeboot.
I/dalvikvm( 1776): Could not find method android.os.PowerManager.isPowerSaveMode, referenced from method uwl.a
W/dalvikvm( 1776): VFY: unable to resolve virtual method 3047: Landroid/os/PowerManager;.isPowerSaveMode ()Z
D/dalvikvm( 1776): VFY: replacing opcode 0x6e at 0x0010
D/dalvikvm( 2085): GC_FOR_ALLOC freed 324K, 9% free 5675K/6236K, paused 14ms, total 14ms
E/memtrack( 2111): Couldn't load memtrack module (No such file or directory)
E/android.os.Debug( 2111): failed to load memtrack module: -2
D/AndroidRuntime( 2111): Calling main entry com.android.commands.pm.Pm
D/AndroidRuntime( 2111): Shutting down VM
D/jdwp    ( 2111): Got wake-up signal, bailing out of select
D/dalvikvm( 2111): Debugger has detached; object registry had 1 entries
I/AndroidRuntime( 2111): NOTE: attach of thread 'Binder_1' failed
D/dalvikvm( 1776): GC_FOR_ALLOC freed 396K, 10% free 5336K/5928K, paused 9ms, total 9ms
I/DeviceDrDatabaseHelper( 1776): Creating databases!
D/dalvikvm( 2085): GC_FOR_ALLOC freed 231K, 8% free 6234K/6760K, paused 5ms, total 5ms
I/auxu    ( 1776): Primes not initialized, returning default (no-op) Primes instance which will ignore all calls. Please call Primes.initialize(...) before using any Primes API.
D/dalvikvm( 1776): GC_FOR_ALLOC freed 688K, 15% free 5409K/6300K, paused 3ms, total 3ms
D/dalvikvm( 2085): GC_FOR_ALLOC freed 259K, 8% free 6918K/7504K, paused 4ms, total 4ms
I/dalvikvm( 1776): Could not find method android.os.PowerManager.isPowerSaveMode, referenced from method ayli.c
W/dalvikvm( 1776): VFY: unable to resolve virtual method 1679: Landroid/os/PowerManager;.isPowerSaveMode ()Z
D/dalvikvm( 1776): VFY: replacing opcode 0x6e at 0x000a
E/dalvikvm( 1776): Could not find class 'android.content.RestrictionsManager', referenced from method axpy.a
W/dalvikvm( 1776): VFY: unable to resolve check-cast 215 (Landroid/content/RestrictionsManager;) in Laxpy;
D/dalvikvm( 1776): VFY: replacing opcode 0x1f at 0x009b
E/SQLiteLog( 1776): (1) no such table: Packages
D/dalvikvm( 1814): GC_FOR_ALLOC freed 492K, 19% free 3209K/3952K, paused 2ms, total 2ms
E/ConfigFileUtils( 2085): Failed to read config file: /data/data/com.google.android.gms/app_chimera/current_fileapks.pb: open failed: ENOENT (No such file or directory)
I/GmsModuleFndr( 2085): Beginning GMS chimera module scan
E/ConfigFileUtils( 2085): Failed to read config file: /data/data/com.google.android.gms/app_chimera/current_fileapks.pb: open failed: ENOENT (No such file or directory)
I/ModuleSetMgr( 2085): Computing pending module set with APKs: []
I/ModuleSetMgr( 2085): Pending container module APKs: []
I/NativeLibraryUtils( 2085): Extraction to /data/data/com.google.android.gms/app_extracted_libs/x86/libAppDataSearch.so true
I/ModuleSetMgr( 2085): Pending non-container module APKs: []
E/ConfigFileUtils( 2085): Failed to read config file: /data/data/com.google.android.gms/app_chimera/current_fileapks.pb: open failed: ENOENT (No such file or directory)
D/dalvikvm( 1568): GC_FOR_ALLOC freed 807K, 51% free 7288K/14812K, paused 8ms, total 8ms
E/ConfigFileUtils( 2085): Failed to read config file: /data/data/com.google.android.gms/app_chimera/current_fileapks.pb: open failed: ENOENT (No such file or directory)
I/GmsModuleFndr( 2085): Beginning GMS chimera module scan
E/ConfigFileUtils( 2085): Failed to read config file: /data/data/com.google.android.gms/app_chimera/current_fileapks.pb: open failed: ENOENT (No such file or directory)
I/ModuleSetMgr( 2085): Computing pending module set with APKs: []
I/ModuleSetMgr( 2085): Pending container module APKs: []
I/ModuleSetMgr( 2085): Pending non-container module APKs: []
D/dalvikvm( 1776): GC_FOR_ALLOC freed 736K, 15% free 5459K/6400K, paused 4ms, total 4ms
I/NativeLibraryUtils( 2085): Extraction to /data/data/com.google.android.gms/app_extracted_libs/x86/libWhisper.so true
E/ConfigFileUtils( 2085): Failed to read config file: /data/data/com.google.android.gms/app_chimera/current_fileapks.pb: open failed: ENOENT (No such file or directory)
I/dalvikvm( 1776): Could not find method android.content.ServiceConnection.onNullBinding, referenced from method uxb.onNullBinding
I/dalvikvm( 2085): Could not find method android.accounts.AccountManager.removeAccount, referenced from method ymq.c
W/dalvikvm( 2085): VFY: unable to resolve virtual method 4165: Landroid/accounts/AccountManager;.removeAccount (Landroid/accounts/Account;Landroid/app/Activity;Landroid/accounts/AccountManagerCallback;Landroid/os/Handler;)Landroid/accounts/AccountManagerFuture;
D/dalvikvm( 2085): VFY: replacing opcode 0x6e at 0x0009
I/dalvikvm( 2085): Could not find method android.accounts.AccountManager.removeAccountExplicitly, referenced from method ymq.d
W/dalvikvm( 2085): VFY: unable to resolve virtual method 4166: Landroid/accounts/AccountManager;.removeAccountExplicitly (Landroid/accounts/Account;)Z
D/dalvikvm( 2085): VFY: replacing opcode 0x6e at 0x0008
W/dalvikvm( 1776): VFY: unable to resolve interface method 2566: Landroid/content/ServiceConnection;.onNullBinding (Landroid/content/ComponentName;)V
D/dalvikvm( 1776): VFY: replacing opcode 0x72 at 0x000f
I/NativeLibraryUtils( 2085): Extraction to /data/data/com.google.android.gms/app_extracted_libs/x86/libconscrypt_gmscore_jni.so true
E/ConfigFileUtils( 2085): Failed to read config file: /data/data/com.google.android.gms/app_chimera/current_fileapks.pb: open failed: ENOENT (No such file or directory)
I/GmsModuleFndr( 2085): Beginning GMS chimera module scan
E/ConfigFileUtils( 2085): Failed to read config file: /data/data/com.google.android.gms/app_chimera/current_fileapks.pb: open failed: ENOENT (No such file or directory)
I/ModuleSetMgr( 2085): Computing pending module set with APKs: []
I/ModuleSetMgr( 2085): Pending container module APKs: []
I/ModuleSetMgr( 2085): Pending non-container module APKs: []
E/ConfigFileUtils( 2085): Failed to read config file: /data/data/com.google.android.gms/app_chimera/current_fileapks.pb: open failed: ENOENT (No such file or directory)
D/AndroidRuntime( 2145): 
D/AndroidRuntime( 2145): >>>>>> AndroidRuntime START com.android.internal.os.RuntimeInit <<<<<<
W/linker  ( 2145): libdvm.so has text relocations. This is wasting memory and is a security risk. Please fix.
D/AndroidRuntime( 2145): CheckJNI is ON
D/dalvikvm( 2085): GC_FOR_ALLOC freed 1048K, 16% free 7110K/8416K, paused 10ms, total 10ms
D/dalvikvm( 2145): Trying to load lib libjavacore.so 0x0
D/dalvikvm( 2145): Added shared lib libjavacore.so 0x0
D/dalvikvm( 2145): Trying to load lib libnativehelper.so 0x0
D/dalvikvm( 2145): Added shared lib libnativehelper.so 0x0
D/dalvikvm( 2145): No JNI_OnLoad found in libnativehelper.so 0x0, skipping init
E/StrictMode( 2085): A resource was acquired at attached stack trace but never released. See java.io.Closeable for information on avoiding resource leaks.
E/StrictMode( 2085): java.lang.Throwable: Explicit termination method 'end' not called
E/StrictMode( 2085): 	at dalvik.system.CloseGuard.open(CloseGuard.java:184)
E/StrictMode( 2085): 	at java.util.zip.Inflater.<init>(Inflater.java:82)
E/StrictMode( 2085): 	at java.util.zip.ZipFile.getInputStream(ZipFile.java:310)
E/StrictMode( 2085): 	at npp.d(:com.google.android.gms@202414005@20.24.14 (000700-319035315):36)
E/StrictMode( 2085): 	at mob.run(:com.google.android.gms@202414005@20.24.14 (000700-319035315):0)
I/NativeLibraryUtils( 2085): Extraction to /data/data/com.google.android.gms/app_extracted_libs/x86/libgcastv2_base.so true
D/dalvikvm( 1776): GC_FOR_ALLOC freed 678K, 14% free 5595K/6464K, paused 4ms, total 4ms
I/NativeLibraryUtils( 2085): Extraction to /data/data/com.google.android.gms/app_extracted_libs/x86/libgcastv2_support.so true
D/dalvikvm( 2145): Note: class Landroid/app/ActivityManagerNative; has 179 unimplemented (abstract) methods
I/NativeLibraryUtils( 2085): Extraction to /data/data/com.google.android.gms/app_extracted_libs/x86/libgmscore.so true
D/dalvikvm( 1568): GC_FOR_ALLOC freed 980K, 51% free 7386K/14812K, paused 13ms, total 14ms
I/NativeLibraryUtils( 2085): Extraction to /data/data/com.google.android.gms/app_extracted_libs/x86/libgoogle-ocrclient-v3.so true
E/memtrack( 2145): Couldn't load memtrack module (No such file or directory)
E/android.os.Debug( 2145): failed to load memtrack module: -2
W/ModuleManager( 1776): Unable to get current module's fulfilled APIs in ModuleManager created with non-module Context
I/dalvikvm( 1776): Could not find method android.system.Os.statvfs, referenced from method mbx.a
D/AndroidRuntime( 2145): Calling main entry com.android.commands.pm.Pm
W/dalvikvm( 1776): VFY: unable to resolve static method 5777: Landroid/system/Os;.statvfs (Ljava/lang/String;)Landroid/system/StructStatVfs;
D/dalvikvm( 1776): VFY: replacing opcode 0x71 at 0x0029
D/AndroidRuntime( 2145): Shutting down VM
D/jdwp    ( 2145): Got wake-up signal, bailing out of select
D/dalvikvm( 2145): Debugger has detached; object registry had 1 entries
I/AndroidRuntime( 2145): NOTE: attach of thread 'Binder_1' failed
I/dalvikvm( 1776): DexOpt: unable to optimize instance field ref 0x076d at 0x2d in Lmbx;.a
I/NativeLibraryUtils( 2085): Extraction to /data/data/com.google.android.gms/app_extracted_libs/x86/libinertial-anchor-jni.so true
I/dalvikvm( 2085): Could not find method android.app.Activity.getMediaController, referenced from method com.google.android.chimera.ActivityBase.getMediaController
W/dalvikvm( 2085): VFY: unable to resolve virtual method 2155: Landroid/app/Activity;.getMediaController ()Landroid/media/session/MediaController;
D/dalvikvm( 2085): VFY: replacing opcode 0x6e at 0x0002
I/dalvikvm( 2085): Could not find method android.app.Activity.getSearchEvent, referenced from method com.google.android.chimera.ActivityBase.getSearchEvent
W/dalvikvm( 2085): VFY: unable to resolve virtual method 2160: Landroid/app/Activity;.getSearchEvent ()Landroid/view/SearchEvent;
D/dalvikvm( 2085): VFY: replacing opcode 0x6e at 0x0002
W/dalvikvm( 2085): VFY: unable to find class referenced in signature (Landroid/app/VoiceInteractor;)
W/dalvikvm( 2085): VFY: unable to find class referenced in signature (Landroid/app/VoiceInteractor;)
W/dalvikvm( 2085): VFY: unable to find class referenced in signature (Landroid/os/PersistableBundle;)
W/dalvikvm( 2085): VFY: unable to find class referenced in signature (Landroid/os/PersistableBundle;)
W/dalvikvm( 2085): VFY: unable to find class referenced in signature (Landroid/os/PersistableBundle;)
W/dalvikvm( 2085): VFY: unable to find class referenced in signature (Landroid/os/PersistableBundle;)
W/dalvikvm( 2085): VFY: unable to find class referenced in signature (Landroid/app/assist/AssistContent;)
W/dalvikvm( 2085): VFY: unable to find class referenced in signature (Landroid/app/assist/AssistContent;)
W/dalvikvm( 2085): VFY: unable to find class referenced in signature (Landroid/os/PersistableBundle;)
W/dalvikvm( 2085): VFY: unable to find class referenced in signature (Landroid/os/PersistableBundle;)
W/dalvikvm( 2085): VFY: unable to find class referenced in signature (Landroid/os/PersistableBundle;)
W/dalvikvm( 2085): VFY: unable to find class referenced in signature (Landroid/os/PersistableBundle;)
W/dalvikvm( 2085): VFY: unable to find class referenced in signature (Landroid/view/SearchEvent;)
D/dalvikvm( 2085): GC_FOR_ALLOC freed 1237K, 18% free 7191K/8672K, paused 9ms, total 9ms
I/NativeLibraryUtils( 2085): Extraction to /data/data/com.google.android.gms/app_extracted_libs/x86/libjgcastservice.so true
W/dalvikvm( 2085): VFY: unable to find class referenced in signature (Landroid/view/SearchEvent;)
I/dalvikvm( 2085): Could not find method android.app.Activity.requestPermissions, referenced from method com.google.android.chimera.ActivityBase.requestPermissions
W/dalvikvm( 2085): VFY: unable to resolve virtual method 2194: Landroid/app/Activity;.requestPermissions ([Ljava/lang/String;I)V
D/dalvikvm( 1776): GC_EXPLICIT freed 432K, 15% free 5533K/6464K, paused 1ms+3ms, total 10ms
D/dalvikvm( 2085): VFY: replacing opcode 0x6e at 0x0002
W/dalvikvm( 2085): VFY: unable to find class referenced in signature (Landroid/media/session/MediaController;)
I/dalvikvm( 2085): Could not find method android.app.Activity.setMediaController, referenced from method com.google.android.chimera.ActivityBase.setMediaController
W/dalvikvm( 2085): VFY: unable to resolve virtual method 2205: Landroid/app/Activity;.setMediaController (Landroid/media/session/MediaController;)V
D/dalvikvm( 2085): VFY: replacing opcode 0x6e at 0x0002
D/dalvikvm( 1568): GC_FOR_ALLOC freed 1205K, 51% free 7280K/14812K, paused 12ms, total 13ms
E/dalvikvm( 2085): Could not find class 'android.app.ActivityManager$TaskDescription', referenced from method com.google.android.gms.growth.ui.webview.GrowthWebViewChimeraActivity.onCreate
W/dalvikvm( 2085): VFY: unable to resolve new-instance 1205 (Landroid/app/ActivityManager$TaskDescription;) in Lcom/google/android/gms/growth/ui/webview/GrowthWebViewChimeraActivity;
D/dalvikvm( 2085): VFY: replacing opcode 0x22 at 0x00d9
D/dalvikvm( 2085): DexOpt: unable to opt direct call 0x1060 at 0xe6 in Lcom/google/android/gms/growth/ui/webview/GrowthWebViewChimeraActivity;.onCreate
I/dalvikvm( 1776): Could not find method android.os.UserHandle.isOwner, referenced from method ahls.a
W/dalvikvm( 1776): VFY: unable to resolve virtual method 29745: Landroid/os/UserHandle;.isOwner ()Z
D/dalvikvm( 1776): VFY: replacing opcode 0x6e at 0x000a
W/dalvikvm( 1814): VFY: unable to resolve static field 1608 (PR_SET_DUMPABLE) in Landroid/system/OsConstants;
D/dalvikvm( 1814): VFY: replacing opcode 0x60 at 0x0017
I/Auth    ( 2085): [WorkAccount] update authenticator enabled for boot or update
W/dalvikvm( 1814): VFY: unable to find class referenced in signature (Lyqx;)
W/dalvikvm( 1814): VFY: unable to find class referenced in signature (Lyro;)
D/dalvikvm( 1814): GC_FOR_ALLOC freed 518K, 20% free 3204K/3972K, paused 2ms, total 2ms
I/NearbyDiscovery( 1776): DiscoveryService created [CONTEXT service_id=49 ]
E/BluetoothAdapter( 1842): Bluetooth binder is null
I/dalvikvm( 1814): Could not find method android.system.Os.readlink, referenced from method msk.a
W/dalvikvm( 1814): VFY: unable to resolve static method 3145: Landroid/system/Os;.readlink (Ljava/lang/String;)Ljava/lang/String;
D/dalvikvm( 1814): VFY: replacing opcode 0x71 at 0x00b0
I/dalvikvm( 1814): Could not find method android.os.PowerManager.isInteractive, referenced from method ndc.a
W/dalvikvm( 1814): VFY: unable to resolve virtual method 3046: Landroid/os/PowerManager;.isInteractive ()Z
D/dalvikvm( 1814): VFY: replacing opcode 0x6e at 0x0013
I/dalvikvm( 1814): Could not find method com.google.android.chimera.ModuleContext.getAttributionTag, referenced from method com.google.android.chimera.ModuleContext.createAttributionContext
W/dalvikvm( 1814): VFY: unable to resolve virtual method 14170: Lcom/google/android/chimera/ModuleContext;.getAttributionTag ()Ljava/lang/String;
D/dalvikvm( 1814): VFY: replacing opcode 0x6e at 0x0004
I/dalvikvm( 1814): Could not find method com.google.android.chimera.ContextThemeWrapper.createAttributionContext, referenced from method com.google.android.chimera.ModuleContext.createAttributionContext
W/dalvikvm( 1814): VFY: unable to resolve virtual method 13785: Lcom/google/android/chimera/ContextThemeWrapper;.createAttributionContext (Ljava/lang/String;)Landroid/content/Context;
D/dalvikvm( 1814): VFY: replacing opcode 0x6f at 0x0035
I/dalvikvm( 1814): Could not find method android.content.ContextWrapper.createCredentialProtectedStorageContext, referenced from method com.google.android.chimera.ModuleContext.createCredentialProtectedStorageContext
W/dalvikvm( 1814): VFY: unable to resolve virtual method 2508: Landroid/content/ContextWrapper;.createCredentialProtectedStorageContext ()Landroid/content/Context;
D/dalvikvm( 1814): VFY: replacing opcode 0x6f at 0x0002
I/dalvikvm( 1814): Could not find method android.content.ContextWrapper.createDeviceProtectedStorageContext, referenced from method com.google.android.chimera.ModuleContext.createDeviceProtectedStorageContext
W/dalvikvm( 1814): VFY: unable to resolve virtual method 2509: Landroid/content/ContextWrapper;.createDeviceProtectedStorageContext ()Landroid/content/Context;
D/dalvikvm( 1814): VFY: replacing opcode 0x6f at 0x0002
I/dalvikvm( 1814): Could not find method com.google.android.chimera.ContextThemeWrapper.sendBroadcastWithMultiplePermissions, referenced from method com.google.android.chimera.ModuleContext.sendBroadcastWithMultiplePermissions
W/dalvikvm( 1814): VFY: unable to resolve virtual method 13795: Lcom/google/android/chimera/ContextThemeWrapper;.sendBroadcastWithMultiplePermissions (Landroid/content/Intent;[Ljava/lang/String;)V
D/dalvikvm( 1814): VFY: replacing opcode 0x6f at 0x0009
I/MultiDex( 1814): VM with version 1.6.0 does not have multidex support
I/MultiDex( 1814): Installing application
I/MultiDex( 1814): MultiDexExtractor(/system/priv-app/PrebuiltGmsCore.apk, /data/data/com.google.android.gms/code_cache/secondary-dexes)
D/dalvikvm( 1144): GC_EXPLICIT freed 39K, 8% free 2993K/3220K, paused 0ms+1ms, total 3ms
I/dalvikvm( 2085): Could not find method android.content.ServiceConnection.onNullBinding, referenced from method uxb.onNullBinding
I/ActivityManager( 1568): Start proc com.android.music for broadcast com.android.music/.MediaButtonIntentReceiver: pid=2179 uid=10036 gids={50036, 3003, 1028, 1015}
D/dalvikvm( 1144): GC_EXPLICIT freed <1K, 8% free 2993K/3220K, paused 3ms+0ms, total 4ms
W/dalvikvm( 2085): VFY: unable to resolve interface method 2566: Landroid/content/ServiceConnection;.onNullBinding (Landroid/content/ComponentName;)V
D/dalvikvm( 2085): VFY: replacing opcode 0x72 at 0x000f
D/dalvikvm( 1144): GC_EXPLICIT freed <1K, 8% free 2993K/3220K, paused 0ms+0ms, total 2ms
I/MultiDex( 1814): Blocking on lock /data/data/com.google.android.gms/code_cache/secondary-dexes/MultiDex.lock
I/MultiDex( 1814): /data/data/com.google.android.gms/code_cache/secondary-dexes/MultiDex.lock locked
I/MultiDex( 1814): MultiDexExtractor.load(/system/priv-app/PrebuiltGmsCore.apk, false, )
D/dalvikvm( 1814): GC_FOR_ALLOC freed 415K, 18% free 3289K/3972K, paused 14ms, total 14ms
I/MultiDex( 1814): loading existing secondary dex files
I/MultiDex( 1814): load found 5 secondary dex files
I/dalvikvm( 2179): CheckJNI enabled: not enabling JNI app bug workarounds.
I/dalvikvm( 1776): Could not find method android.app.NotificationManager.getCurrentInterruptionFilter, referenced from method nea.b
W/dalvikvm( 1776): VFY: unable to resolve virtual method 2504: Landroid/app/NotificationManager;.getCurrentInterruptionFilter ()I
D/dalvikvm( 1776): VFY: replacing opcode 0x6e at 0x0002
I/dalvikvm( 1776): Could not find method android.os.PowerManager.isInteractive, referenced from method acej.a
W/dalvikvm( 1776): VFY: unable to resolve virtual method 29693: Landroid/os/PowerManager;.isInteractive ()Z
D/dalvikvm( 1776): VFY: replacing opcode 0x6e at 0x0103
I/MultiDex( 1814): install done
I/dalvikvm( 1814): Could not find method android.os.UserHandle.isOwner, referenced from method nmy.f
W/dalvikvm( 1814): VFY: unable to resolve virtual method 3081: Landroid/os/UserHandle;.isOwner ()Z
D/dalvikvm( 1814): VFY: replacing opcode 0x6e at 0x000a
D/dalvikvm( 1814): DexOpt: couldn't find field Landroid/content/pm/ApplicationInfo;.splitSourceDirs
W/dalvikvm( 1814): VFY: unable to resolve instance field 1475
D/dalvikvm( 1814): VFY: replacing opcode 0x54 at 0x0055
D/dalvikvm( 1814): DexOpt: couldn't find static field Landroid/os/Build;.SUPPORTED_ABIS
W/dalvikvm( 1814): VFY: unable to resolve static field 1540 (SUPPORTED_ABIS) in Landroid/os/Build;
D/dalvikvm( 1814): VFY: replacing opcode 0x62 at 0x00d1
I/dalvikvm( 1814): Could not find method android.system.Os.stat, referenced from method nop.a
W/dalvikvm( 1814): VFY: unable to resolve static method 3146: Landroid/system/Os;.stat (Ljava/lang/String;)Landroid/system/StructStat;
D/dalvikvm( 1814): VFY: replacing opcode 0x71 at 0x0182
I/dalvikvm( 1814): Could not find method android.content.pm.PackageManager.getPackageInstaller, referenced from method men.a
I/PackageManager( 1568): Running dexopt on: com.android.music
W/dalvikvm( 1814): VFY: unable to resolve virtual method 2608: Landroid/content/pm/PackageManager;.getPackageInstaller ()Landroid/content/pm/PackageInstaller;
D/dalvikvm( 1814): VFY: replacing opcode 0x6e at 0x001c
W/DynamiteModule( 1814): Local module descriptor class for providerinstaller not found.
I/dalvikvm( 1814): Could not find method android.system.Os.readlink, referenced from method bse.a
W/linker  ( 2198): libdvm.so has text relocations. This is wasting memory and is a security risk. Please fix.
W/dalvikvm( 1814): VFY: unable to resolve static method 3145: Landroid/system/Os;.readlink (Ljava/lang/String;)Ljava/lang/String;
D/dalvikvm( 1814): VFY: replacing opcode 0x71 at 0x0044
I/dalvikvm( 1814): Could not find method android.system.Os.symlink, referenced from method bse.a
W/dalvikvm( 1814): VFY: unable to resolve static method 3147: Landroid/system/Os;.symlink (Ljava/lang/String;Ljava/lang/String;)V
D/dalvikvm( 1814): VFY: replacing opcode 0x71 at 0x00b0
I/dalvikvm( 1814): Could not find method android.system.Os.stat, referenced from method bse.a
W/dalvikvm( 1814): VFY: unable to resolve static method 3146: Landroid/system/Os;.stat (Ljava/lang/String;)Landroid/system/StructStat;
D/dalvikvm( 1814): VFY: replacing opcode 0x71 at 0x0005
W/dalvikvm( 1814): VFY: unable to resolve static field 1615 (S_IXUSR) in Landroid/system/OsConstants;
D/dalvikvm( 1814): VFY: replacing opcode 0x60 at 0x0007
I/dalvikvm( 1814): Could not find method android.system.Os.stat, referenced from method bse.b
W/dalvikvm( 1814): VFY: unable to resolve static method 3146: Landroid/system/Os;.stat (Ljava/lang/String;)Landroid/system/StructStat;
D/dalvikvm( 1814): VFY: replacing opcode 0x71 at 0x0040
W/dalvikvm( 1814): VFY: unable to resolve static field 1612 (S_IRUSR) in Landroid/system/OsConstants;
D/dalvikvm( 1814): VFY: replacing opcode 0x60 at 0x0007
D/AndroidRuntime( 2191): 
D/AndroidRuntime( 2191): >>>>>> AndroidRuntime START com.android.internal.os.RuntimeInit <<<<<<
W/linker  ( 2191): libdvm.so has text relocations. This is wasting memory and is a security risk. Please fix.
D/AndroidRuntime( 2191): CheckJNI is ON
D/dalvikvm( 2191): Trying to load lib libjavacore.so 0x0
D/dalvikvm( 2191): Added shared lib libjavacore.so 0x0
D/dalvikvm( 2191): Trying to load lib libnativehelper.so 0x0
D/dalvikvm( 2191): Added shared lib libnativehelper.so 0x0
D/dalvikvm( 2191): No JNI_OnLoad found in libnativehelper.so 0x0, skipping init
D/dalvikvm( 2191): Note: class Landroid/app/ActivityManagerNative; has 179 unimplemented (abstract) methods
D/dalvikvm( 2198): DexOpt: load 12ms, verify+opt 24ms, 753588 bytes
E/memtrack( 2191): Couldn't load memtrack module (No such file or directory)
E/android.os.Debug( 2191): failed to load memtrack module: -2
D/dalvikvm( 1776): GC_FOR_ALLOC freed 547K, 13% free 5852K/6652K, paused 4ms, total 4ms
D/dalvikvm( 1814): DexOpt: couldn't find static field Landroid/os/Build;.SUPPORTED_64_BIT_ABIS
W/dalvikvm( 1814): VFY: unable to resolve static field 1539 (SUPPORTED_64_BIT_ABIS) in Landroid/os/Build;
D/dalvikvm( 1814): VFY: replacing opcode 0x62 at 0x0214
W/ProviderHelper( 1814): Unknown dynamite feature providerinstaller
I/DynamiteModule( 1814): Considering local module providerinstaller:0 and remote module providerinstaller:0
W/ProviderInstaller( 1814): Failed to load providerinstaller module: No acceptable module found. Local version is 0 and remote version is 0.
I/dalvikvm( 1814): Could not find method android.content.ContextWrapper.createCredentialProtectedStorageContext, referenced from method nfr.createCredentialProtectedStorageContext
W/dalvikvm( 1814): VFY: unable to resolve virtual method 2508: Landroid/content/ContextWrapper;.createCredentialProtectedStorageContext ()Landroid/content/Context;
D/dalvikvm( 1814): VFY: replacing opcode 0x6f at 0x0002
I/dalvikvm( 1814): Could not find method android.content.ContextWrapper.createDeviceProtectedStorageContext, referenced from method nfr.createDeviceProtectedStorageContext
W/dalvikvm( 1814): VFY: unable to resolve virtual method 2509: Landroid/content/ContextWrapper;.createDeviceProtectedStorageContext ()Landroid/content/Context;
D/dalvikvm( 1814): VFY: replacing opcode 0x6f at 0x0002
D/dalvikvm( 1814): DexOpt: couldn't find static field Landroid/os/Build;.SUPPORTED_64_BIT_ABIS
W/dalvikvm( 1814): VFY: unable to resolve static field 1539 (SUPPORTED_64_BIT_ABIS) in Landroid/os/Build;
D/dalvikvm( 1814): VFY: replacing opcode 0x62 at 0x0080
