D/dalvikvm( 1814): DexOpt: couldn't find static field Landroid/os/Build;.SUPPORTED_ABIS
W/dalvikvm( 1814): VFY: unable to resolve static field 1540 (SUPPORTED_ABIS) in Landroid/os/Build;
D/dalvikvm( 1814): VFY: replacing opcode 0x62 at 0x00d3
V/NativeCrypto( 1814): Registering com/google/android/gms/org/conscrypt/NativeCrypto's 286 native methods...
D/AndroidRuntime( 2191): Calling main entry com.android.commands.pm.Pm
D/dalvikvm( 1814): GC_FOR_ALLOC freed 469K, 18% free 3334K/4052K, paused 3ms, total 3ms
W/dalvikvm( 1814): Unable to resolve superclass of Lcom/google/android/gms/org/conscrypt/TrustManagerImpl; (5184)
W/dalvikvm( 1814): Link of class 'Lcom/google/android/gms/org/conscrypt/TrustManagerImpl;' failed
I/dalvikvm( 1814): Could not find method com.google.android.gms.org.conscrypt.TrustManagerImpl.getDefaultHostnameVerifier, referenced from method com.google.android.gms.org.conscrypt.Conscrypt.getDefaultHostnameVerifier
W/dalvikvm( 1814): VFY: unable to resolve static method 17870: Lcom/google/android/gms/org/conscrypt/TrustManagerImpl;.getDefaultHostnameVerifier ()Lcom/google/android/gms/org/conscrypt/ConscryptHostnameVerifier;
D/dalvikvm( 1814): VFY: replacing opcode 0x71 at 0x0003
W/dalvikvm( 1814): Unable to resolve superclass of Lcom/google/android/gms/org/conscrypt/TrustManagerImpl; (5184)
W/dalvikvm( 1814): Link of class 'Lcom/google/android/gms/org/conscrypt/TrustManagerImpl;' failed
W/dalvikvm( 1814): VFY: unable to find class referenced in signature (Lcom/google/android/gms/org/conscrypt/TrustManagerImpl;)
W/dalvikvm( 1814): Unable to resolve superclass of Lcom/google/android/gms/org/conscrypt/TrustManagerImpl; (5184)
W/dalvikvm( 1814): Link of class 'Lcom/google/android/gms/org/conscrypt/TrustManagerImpl;' failed
I/dalvikvm( 1814): Could not find method com.google.android.gms.org.conscrypt.TrustManagerImpl.getHostnameVerifier, referenced from method com.google.android.gms.org.conscrypt.Conscrypt.getHostnameVerifier
W/dalvikvm( 1814): VFY: unable to resolve virtual method 17872: Lcom/google/android/gms/org/conscrypt/TrustManagerImpl;.getHostnameVerifier ()Lcom/google/android/gms/org/conscrypt/ConscryptHostnameVerifier;
D/dalvikvm( 1814): VFY: replacing opcode 0x6e at 0x0004
W/dalvikvm( 1814): Unable to resolve superclass of Lcom/google/android/gms/org/conscrypt/TrustManagerImpl; (5184)
W/dalvikvm( 1814): Link of class 'Lcom/google/android/gms/org/conscrypt/TrustManagerImpl;' failed
E/dalvikvm( 1814): Could not find class 'com.google.android.gms.org.conscrypt.TrustManagerImpl', referenced from method com.google.android.gms.org.conscrypt.Conscrypt.isConscrypt
W/dalvikvm( 1814): VFY: unable to resolve instanceof 4452 (Lcom/google/android/gms/org/conscrypt/TrustManagerImpl;) in Lcom/google/android/gms/org/conscrypt/Conscrypt;
D/dalvikvm( 1814): VFY: replacing opcode 0x20 at 0x0000
W/dalvikvm( 1814): Unable to resolve superclass of Lcom/google/android/gms/org/conscrypt/TrustManagerImpl; (5184)
W/dalvikvm( 1814): Link of class 'Lcom/google/android/gms/org/conscrypt/TrustManagerImpl;' failed
I/dalvikvm( 1814): Could not find method com.google.android.gms.org.conscrypt.TrustManagerImpl.setDefaultHostnameVerifier, referenced from method com.google.android.gms.org.conscrypt.Conscrypt.setDefaultHostnameVerifier
W/dalvikvm( 1814): VFY: unable to resolve static method 17882: Lcom/google/android/gms/org/conscrypt/TrustManagerImpl;.setDefaultHostnameVerifier (Lcom/google/android/gms/org/conscrypt/ConscryptHostnameVerifier;)V
D/dalvikvm( 1814): VFY: replacing opcode 0x71 at 0x0003
W/dalvikvm( 1814): Unable to resolve superclass of Lcom/google/android/gms/org/conscrypt/TrustManagerImpl; (5184)
W/dalvikvm( 1814): Link of class 'Lcom/google/android/gms/org/conscrypt/TrustManagerImpl;' failed
W/dalvikvm( 1814): VFY: unable to find class referenced in signature (Lcom/google/android/gms/org/conscrypt/TrustManagerImpl;)
W/dalvikvm( 1814): Unable to resolve superclass of Lcom/google/android/gms/org/conscrypt/TrustManagerImpl; (5184)
W/dalvikvm( 1814): Link of class 'Lcom/google/android/gms/org/conscrypt/TrustManagerImpl;' failed
I/dalvikvm( 1814): Could not find method com.google.android.gms.org.conscrypt.TrustManagerImpl.setHostnameVerifier, referenced from method com.google.android.gms.org.conscrypt.Conscrypt.setHostnameVerifier
W/dalvikvm( 1814): VFY: unable to resolve virtual method 17883: Lcom/google/android/gms/org/conscrypt/TrustManagerImpl;.setHostnameVerifier (Lcom/google/android/gms/org/conscrypt/ConscryptHostnameVerifier;)V
D/dalvikvm( 1814): VFY: replacing opcode 0x6e at 0x0004
W/dalvikvm( 1814): Unable to resolve superclass of Lcom/google/android/gms/org/conscrypt/TrustManagerImpl; (5184)
W/dalvikvm( 1814): Link of class 'Lcom/google/android/gms/org/conscrypt/TrustManagerImpl;' failed
E/dalvikvm( 1814): Could not find class 'com.google.android.gms.org.conscrypt.TrustManagerImpl', referenced from method com.google.android.gms.org.conscrypt.Conscrypt.toConscrypt
W/dalvikvm( 1814): VFY: unable to resolve check-cast 4452 (Lcom/google/android/gms/org/conscrypt/TrustManagerImpl;) in Lcom/google/android/gms/org/conscrypt/Conscrypt;
D/dalvikvm( 1814): VFY: replacing opcode 0x1f at 0x002a
I/MediaFocusControl( 1568):   Remote Control   registerMediaButtonIntent() for PendingIntent{9d5002a0: PendingIntentRecord{9d992058 com.android.music broadcastIntent}}
D/AndroidRuntime( 2191): Shutting down VM
D/jdwp    ( 2191): Got wake-up signal, bailing out of select
D/dalvikvm( 2191): Debugger has detached; object registry had 1 entries
I/AndroidRuntime( 2191): NOTE: attach of thread 'Binder_1' failed
E/dalvikvm( 1776): Could not find class 'android.app.NotificationChannel', referenced from method aciq.a
W/dalvikvm( 1776): VFY: unable to resolve new-instance 7732 (Landroid/app/NotificationChannel;) in Laciq;
D/dalvikvm( 1776): VFY: replacing opcode 0x22 at 0x00a8
D/dalvikvm( 1776): DexOpt: unable to opt direct call 0x6f0e at 0xad in Laciq;.a
D/dalvikvm( 2085): GC_FOR_ALLOC freed 1355K, 18% free 7202K/8780K, paused 14ms, total 14ms
D/dalvikvm( 1814): GC_FOR_ALLOC freed 432K, 17% free 3414K/4096K, paused 3ms, total 3ms
I/NativeLibraryUtils( 2085): Extraction to /data/data/com.google.android.gms/app_extracted_libs/x86/libjingle_peerconnection_so.so false
E/BluetoothAdapter( 1776): Bluetooth binder is null
W/NearbyShared( 1776): BTConnStateMgr:BluetoothAdapter.getDefaultAdapter() return null!
W/dalvikvm( 1776): VFY: unable to find class referenced in signature (Landroid/bluetooth/le/ScanCallback;)
I/dalvikvm( 1776): Could not find method android.content.Context.getSystemService, referenced from method aclw.a
W/dalvikvm( 1776): VFY: unable to resolve virtual method 28695: Landroid/content/Context;.getSystemService (Ljava/lang/Class;)Ljava/lang/Object;
D/dalvikvm( 1776): VFY: replacing opcode 0x6e at 0x0006
D/dalvikvm( 1568): GC_FOR_ALLOC freed 1026K, 51% free 7331K/14812K, paused 8ms, total 8ms
I/dalvikvm( 1776): Could not find method android.content.Context.getDrawable, referenced from method jk.a
W/dalvikvm( 1776): VFY: unable to resolve virtual method 2472: Landroid/content/Context;.getDrawable (I)Landroid/graphics/drawable/Drawable;
D/dalvikvm( 1776): VFY: replacing opcode 0x6e at 0x0006
I/dalvikvm( 1776): Could not find method android.content.Context.getNoBackupFilesDir, referenced from method jk.b
W/dalvikvm( 1776): VFY: unable to resolve virtual method 2480: Landroid/content/Context;.getNoBackupFilesDir ()Ljava/io/File;
D/dalvikvm( 1776): VFY: replacing opcode 0x6e at 0x0006
I/dalvikvm( 1776): Could not find method android.os.UserManager.isManagedProfile, referenced from method ffl.a
W/dalvikvm( 1776): VFY: unable to resolve virtual method 4277: Landroid/os/UserManager;.isManagedProfile ()Z
D/dalvikvm( 1776): VFY: replacing opcode 0x6e at 0x0024
I/NativeLibraryUtils( 2085): Extraction to /data/data/com.google.android.gms/app_extracted_libs/x86/libleveldbjni.so true
W/ModuleManager( 2085): Unable to get current module's fulfilled APIs in ModuleManager created with non-module Context
I/dalvikvm( 1776): Could not find method android.app.admin.DevicePolicyManager.isProfileOwnerApp, referenced from method hbs.c
W/dalvikvm( 1776): VFY: unable to resolve virtual method 2595: Landroid/app/admin/DevicePolicyManager;.isProfileOwnerApp (Ljava/lang/String;)Z
D/dalvikvm( 1776): VFY: replacing opcode 0x6e at 0x0011
I/dalvikvm( 1776): Could not find method android.app.admin.DevicePolicyManager.getProfileOwner, referenced from method hbs.a
W/dalvikvm( 1776): VFY: unable to resolve virtual method 2591: Landroid/app/admin/DevicePolicyManager;.getProfileOwner ()Landroid/content/ComponentName;
D/dalvikvm( 1776): VFY: replacing opcode 0x6e at 0x0012
I/NativeLibraryUtils( 2085): Extraction to /data/data/com.google.android.gms/app_extracted_libs/x86/libmatching.so true
E/BluetoothAdapter( 1776): Bluetooth binder is null
I/NearbyDiscovery( 1776): FastPair: Skip backfill FastPairItem, adapter is null [CONTEXT service_id=49 ]
I/dalvikvm( 1776): Could not find method android.accounts.AccountManager.removeAccount, referenced from method ymq.c
W/dalvikvm( 1776): VFY: unable to resolve virtual method 4165: Landroid/accounts/AccountManager;.removeAccount (Landroid/accounts/Account;Landroid/app/Activity;Landroid/accounts/AccountManagerCallback;Landroid/os/Handler;)Landroid/accounts/AccountManagerFuture;
D/dalvikvm( 1776): VFY: replacing opcode 0x6e at 0x0009
I/dalvikvm( 1776): Could not find method android.accounts.AccountManager.removeAccountExplicitly, referenced from method ymq.d
W/dalvikvm( 1776): VFY: unable to resolve virtual method 4166: Landroid/accounts/AccountManager;.removeAccountExplicitly (Landroid/accounts/Account;)Z
D/dalvikvm( 1776): VFY: replacing opcode 0x6e at 0x0008
I/dalvikvm( 1776): Could not find method android.os.PowerManager.isPowerSaveMode, referenced from method ayei.a
W/dalvikvm( 1776): VFY: unable to resolve virtual method 1679: Landroid/os/PowerManager;.isPowerSaveMode ()Z
D/dalvikvm( 1776): VFY: replacing opcode 0x6e at 0x0154
I/NativeLibraryUtils( 2085): Extraction to /data/data/com.google.android.gms/app_extracted_libs/x86/libvcdiffjni.so true
I/NativeLibraryUtils( 2085): Extraction to /data/data/com.google.android.gms/app_extracted_libs/x86/libwearable-selector.so true
D/dalvikvm( 1814): GC_FOR_ALLOC freed 157K, 10% free 3764K/4176K, paused 4ms, total 4ms
I/NearbyDiscovery( 1776): FastPair: HeadsetPieceImage, grant permission files:0 [CONTEXT service_id=49 ]
I/Auth    ( 1776): [WorkAccountServiceImpl] init work authenticator
I/Auth    ( 1776): [WorkAccountServiceImpl] updating authenticator enabled state to: false
D/dalvikvm( 1814): GC_FOR_ALLOC freed 148K, 10% free 4101K/4528K, paused 3ms, total 3ms
I/NearbyDiscovery( 1776): FastPairEventStream: Skip initialize event stream, adapter is null [CONTEXT service_id=49 ]
D/dalvikvm( 1814): GC_FOR_ALLOC freed 131K, 9% free 4437K/4864K, paused 3ms, total 3ms
D/dalvikvm( 1776): Trying to load lib /data/data/com.google.android.gms/app_extracted_libs/x86/libleveldbjni.so 0x9d06d870
I/Auth    ( 2085): [SupervisedAccountIntentOperation] onHandleIntent(): com.google.android.chimera.IntentOperation.NEW_MODULE
D/dalvikvm( 2085): GC_FOR_ALLOC freed 1130K, 16% free 7396K/8796K, paused 11ms, total 11ms
I/Auth    ( 2085): [SupervisedAccountIntentOperation] This operation is disabled
D/dalvikvm( 1776): Added shared lib /data/data/com.google.android.gms/app_extracted_libs/x86/libleveldbjni.so 0x9d06d870
I/dalvikvm( 2085): Could not find method android.os.UserManager.isManagedProfile, referenced from method nmn.g
W/dalvikvm( 2085): VFY: unable to resolve virtual method 4277: Landroid/os/UserManager;.isManagedProfile ()Z
D/dalvikvm( 2085): VFY: replacing opcode 0x6e at 0x0012
I/dalvikvm( 2085): Could not find method android.app.admin.DevicePolicyManager.getAccountTypesWithManagementDisabled, referenced from method nmn.i
W/dalvikvm( 2085): VFY: unable to resolve virtual method 2586: Landroid/app/admin/DevicePolicyManager;.getAccountTypesWithManagementDisabled ()[Ljava/lang/String;
D/dalvikvm( 2085): VFY: replacing opcode 0x6e at 0x002b
D/dalvikvm( 1814): GC_FOR_ALLOC freed 140K, 9% free 4740K/5200K, paused 3ms, total 3ms
E/dalvikvm( 1814): Could not find class 'javax.net.ssl.SNIServerName', referenced from method com.google.android.gms.org.conscrypt.Platform.getSniHostnameFromParams
W/dalvikvm( 1814): VFY: unable to resolve check-cast 5160 (Ljavax/net/ssl/SNIServerName;) in Lcom/google/android/gms/org/conscrypt/Platform;
D/dalvikvm( 1814): VFY: replacing opcode 0x1f at 0x0025
E/dalvikvm( 1814): Could not find class 'javax.net.ssl.SNIHostName', referenced from method com.google.android.gms.org.conscrypt.Platform.setParametersSniHostname
W/dalvikvm( 1814): VFY: unable to resolve new-instance 5159 (Ljavax/net/ssl/SNIHostName;) in Lcom/google/android/gms/org/conscrypt/Platform;
D/dalvikvm( 1814): VFY: replacing opcode 0x22 at 0x0024
E/dalvikvm( 1814): Could not find class 'javax.net.ssl.SNIHostName', referenced from method com.google.android.gms.org.conscrypt.Platform.setParametersSniHostname
W/dalvikvm( 1814): VFY: unable to resolve new-instance 5159 (Ljavax/net/ssl/SNIHostName;) in Lcom/google/android/gms/org/conscrypt/Platform;
D/dalvikvm( 1814): VFY: replacing opcode 0x22 at 0x0024
D/dalvikvm( 1814): DexOpt: unable to opt direct call 0x52f9 at 0x2a in Lcom/google/android/gms/org/conscrypt/Platform;.setParametersSniHostname
D/dalvikvm( 1814): DexOpt: unable to opt direct call 0x52f9 at 0x2a in Lcom/google/android/gms/org/conscrypt/Platform;.setParametersSniHostname
D/dalvikvm( 1814): GC_FOR_ALLOC freed 335K, 12% free 4931K/5596K, paused 6ms, total 6ms
D/AndroidRuntime( 2232): 
D/AndroidRuntime( 2232): >>>>>> AndroidRuntime START com.android.internal.os.RuntimeInit <<<<<<
W/linker  ( 2232): libdvm.so has text relocations. This is wasting memory and is a security risk. Please fix.
D/AndroidRuntime( 2232): CheckJNI is ON
D/dalvikvm( 2232): Trying to load lib libjavacore.so 0x0
D/dalvikvm( 2232): Added shared lib libjavacore.so 0x0
D/dalvikvm( 2232): Trying to load lib libnativehelper.so 0x0
D/dalvikvm( 2232): Added shared lib libnativehelper.so 0x0
D/dalvikvm( 2232): No JNI_OnLoad found in libnativehelper.so 0x0, skipping init
D/dalvikvm( 2232): Note: class Landroid/app/ActivityManagerNative; has 179 unimplemented (abstract) methods
I/ProviderInstaller( 1814): Installed default security provider GmsCore_OpenSSL
I/Safeboot( 1814): Checking safeboot...
I/Safeboot( 1814): Not entering safeboot; wrong process.
E/dalvikvm( 1814): Could not find class 'com.google.common.flogger.backend.google.GooglePlatform', referenced from method beui.a
W/dalvikvm( 1814): VFY: unable to resolve const-class 4605 (Lcom/google/common/flogger/backend/google/GooglePlatform;) in Lbeui;
D/dalvikvm( 1814): VFY: replacing opcode 0x1c at 0x001b
E/memtrack( 2232): Couldn't load memtrack module (No such file or directory)
E/android.os.Debug( 2232): failed to load memtrack module: -2
D/dalvikvm( 1814): GC_FOR_ALLOC freed 394K, 12% free 5176K/5852K, paused 4ms, total 4ms
D/dalvikvm( 1568): GC_FOR_ALLOC freed 1076K, 51% free 7336K/14812K, paused 17ms, total 17ms
I/auxu    ( 1814): Primes not initialized, returning default (no-op) Primes instance which will ignore all calls. Please call Primes.initialize(...) before using any Primes API.
I/dalvikvm( 1814): Could not find method com.google.android.chimera.ContextThemeWrapper.createAttributionContext, referenced from method mnu.createAttributionContext
W/dalvikvm( 1814): VFY: unable to resolve virtual method 13785: Lcom/google/android/chimera/ContextThemeWrapper;.createAttributionContext (Ljava/lang/String;)Landroid/content/Context;
D/dalvikvm( 1814): VFY: replacing opcode 0x6f at 0x0002
I/dalvikvm( 1814): Could not find method android.content.ContextWrapper.createCredentialProtectedStorageContext, referenced from method mnu.createCredentialProtectedStorageContext
W/dalvikvm( 1814): VFY: unable to resolve virtual method 2508: Landroid/content/ContextWrapper;.createCredentialProtectedStorageContext ()Landroid/content/Context;
D/dalvikvm( 1814): VFY: replacing opcode 0x6f at 0x0002
I/dalvikvm( 1814): Could not find method android.content.ContextWrapper.createDeviceProtectedStorageContext, referenced from method mnu.createDeviceProtectedStorageContext
W/dalvikvm( 1814): VFY: unable to resolve virtual method 2509: Landroid/content/ContextWrapper;.createDeviceProtectedStorageContext ()Landroid/content/Context;
D/dalvikvm( 1814): VFY: replacing opcode 0x6f at 0x0002
I/dalvikvm( 1814): Could not find method android.content.Context.bindService, referenced from method uws.bindService
W/dalvikvm( 1814): VFY: unable to resolve virtual method 2453: Landroid/content/Context;.bindService (Landroid/content/Intent;ILjava/util/concurrent/Executor;Landroid/content/ServiceConnection;)Z
D/dalvikvm( 1814): VFY: replacing opcode 0x6e at 0x0018
I/dalvikvm( 1814): Could not find method android.content.Context.bindService, referenced from method uws.bindService
W/dalvikvm( 1814): VFY: unable to resolve virtual method 2453: Landroid/content/Context;.bindService (Landroid/content/Intent;ILjava/util/concurrent/Executor;Landroid/content/ServiceConnection;)Z
D/dalvikvm( 1814): VFY: replacing opcode 0x6e at 0x0030
I/dalvikvm( 1814): Could not find method android.content.Context.startForegroundService, referenced from method uws.startForegroundService
W/dalvikvm( 1814): VFY: unable to resolve virtual method 2501: Landroid/content/Context;.startForegroundService (Landroid/content/Intent;)Landroid/content/ComponentName;
D/dalvikvm( 1814): VFY: replacing opcode 0x6e at 0x001c
I/dalvikvm( 1814): Could not find method android.content.Context.startForegroundService, referenced from method uws.startForegroundService
W/dalvikvm( 1814): VFY: unable to resolve virtual method 2501: Landroid/content/Context;.startForegroundService (Landroid/content/Intent;)Landroid/content/ComponentName;
D/dalvikvm( 1814): VFY: replacing opcode 0x6e at 0x0028
I/dalvikvm( 1814): Could not find method android.os.PowerManager.isPowerSaveMode, referenced from method uwl.a
W/dalvikvm( 1814): VFY: unable to resolve virtual method 3047: Landroid/os/PowerManager;.isPowerSaveMode ()Z
D/dalvikvm( 1814): VFY: replacing opcode 0x6e at 0x0010
D/AndroidRuntime( 2232): Calling main entry com.android.commands.pm.Pm
D/dalvikvm( 1814): GC_FOR_ALLOC freed 389K, 12% free 5475K/6176K, paused 6ms, total 6ms
I/PackageManager( 1568):   Action: "android.intent.action.SENDTO"
I/PackageManager( 1568):   Category: "android.intent.category.DEFAULT"
I/PackageManager( 1568):   Scheme: "sms"
I/PackageManager( 1568): Adding preferred activity ComponentInfo{com.android.mms/com.android.mms.ui.ComposeMessageActivity} for user 0 :
I/PackageManager( 1568):   Action: "android.intent.action.SENDTO"
I/PackageManager( 1568):   Category: "android.intent.category.DEFAULT"
I/PackageManager( 1568):   Scheme: "smsto"
I/InputReader( 1568): Reconfiguring input devices.  changes=0x00000010
D/dalvikvm( 1776): GC_FOR_ALLOC freed 653K, 13% free 6178K/7080K, paused 99ms, total 106ms
I/PackageManager( 1568):   Action: "android.intent.action.SENDTO"
I/PackageManager( 1568):   Category: "android.intent.category.DEFAULT"
I/PackageManager( 1568):   Scheme: "mms"
I/InputReader( 1568): Reconfiguring input devices.  changes=0x00000010
I/PackageManager( 1568): Adding preferred activity ComponentInfo{com.android.mms/com.android.mms.ui.ComposeMessageActivity} for user 0 :
I/PackageManager( 1568): Adding preferred activity ComponentInfo{com.android.mms/com.android.mms.ui.ComposeMessageActivity} for user 0 :
I/InputReader( 1568): Reconfiguring input devices.  changes=0x00000010
D/dalvikvm( 1829): GC_FOR_ALLOC freed 460K, 16% free 3619K/4268K, paused 2ms, total 2ms
I/InputReader( 1568): Reconfiguring input devices.  changes=0x00000010
I/PackageManager( 1568):   Action: "android.intent.action.SENDTO"
I/PackageManager( 1568):   Category: "android.intent.category.DEFAULT"
I/PackageManager( 1568):   Scheme: "mmsto"
I/PackageManager( 1568): Adding preferred activity ComponentInfo{com.android.mms/com.android.mms.ui.ComposeMessageActivity} for user 0 :
D/dalvikvm( 1568): GC_FOR_ALLOC freed 977K, 50% free 7450K/14812K, paused 13ms, total 13ms
I/ActivityManager( 1568): Start proc com.android.defcontainer for service com.android.defcontainer/.DefaultContainerService: pid=2247 uid=10003 gids={50003, 1028, 1015, 1023, 2001, 1035}
I/PackageManager( 1568):   Action: "android.intent.action.SENDTO"
I/PackageManager( 1568):   Category: "android.intent.category.DEFAULT"
I/PackageManager( 1568):   Scheme: "sms"
I/PackageManager( 1568): Adding preferred activity ComponentInfo{com.android.mms/com.android.mms.ui.ComposeMessageActivity} for user 0 :
I/PackageManager( 1568): Running dexopt on: com.android.defcontainer
I/PackageManager( 1568):   Action: "android.intent.action.SENDTO"
I/PackageManager( 1568):   Category: "android.intent.category.DEFAULT"
I/PackageManager( 1568):   Scheme: "smsto"
I/PackageManager( 1568): Adding preferred activity ComponentInfo{com.android.mms/com.android.mms.ui.ComposeMessageActivity} for user 0 :
I/PackageManager( 1568):   Action: "android.intent.action.SENDTO"
I/PackageManager( 1568):   Category: "android.intent.category.DEFAULT"
I/PackageManager( 1568):   Scheme: "mms"
I/PackageManager( 1568): Adding preferred activity ComponentInfo{com.android.mms/com.android.mms.ui.ComposeMessageActivity} for user 0 :
W/linker  ( 2261): libdvm.so has text relocations. This is wasting memory and is a security risk. Please fix.
D/dalvikvm( 1829): GC_FOR_ALLOC freed 320K, 16% free 3643K/4316K, paused 2ms, total 2ms
I/PackageManager( 1568):   Action: "android.intent.action.SENDTO"
I/PackageManager( 1568):   Category: "android.intent.category.DEFAULT"
I/PackageManager( 1568):   Scheme: "mmsto"
I/PackageManager( 1568): Adding preferred activity ComponentInfo{com.android.mms/com.android.mms.ui.ComposeMessageActivity} for user 0 :
D/dalvikvm( 2261): DexOpt: load 1ms, verify+opt 1ms, 201428 bytes
D/dalvikvm( 1814): GC_FOR_ALLOC freed 218K, 9% free 6015K/6576K, paused 12ms, total 12ms
D/dalvikvm( 1568): GC_FOR_ALLOC freed 1101K, 50% free 7468K/14812K, paused 9ms, total 9ms
I/dalvikvm( 1776): Could not find method android.accounts.AccountManager.getPreviousName, referenced from method ayhp.d
W/dalvikvm( 1776): VFY: unable to resolve virtual method 271: Landroid/accounts/AccountManager;.getPreviousName (Landroid/accounts/Account;)Ljava/lang/String;
D/dalvikvm( 1776): VFY: replacing opcode 0x6e at 0x0024
I/PackageManager( 1568):   Action: "android.intent.action.SENDTO"
I/PackageManager( 1568):   Category: "android.intent.category.DEFAULT"
I/PackageManager( 1568):   Scheme: "sms"
I/PackageManager( 1568): Adding preferred activity ComponentInfo{com.android.mms/com.android.mms.ui.ComposeMessageActivity} for user 0 :
I/PackageManager( 1568):   Action: "android.intent.action.SENDTO"
I/PackageManager( 1568):   Category: "android.intent.category.DEFAULT"
I/PackageManager( 1568):   Scheme: "smsto"
I/PackageManager( 1568):   Action: "android.intent.action.SENDTO"
I/PackageManager( 1568):   Category: "android.intent.category.DEFAULT"
I/PackageManager( 1568):   Scheme: "mms"
I/PackageManager( 1568): Adding preferred activity ComponentInfo{com.android.mms/com.android.mms.ui.ComposeMessageActivity} for user 0 :
I/PackageManager( 1568): Adding preferred activity ComponentInfo{com.android.mms/com.android.mms.ui.ComposeMessageActivity} for user 0 :
E/BluetoothAdapter( 1776): Bluetooth binder is null
I/dalvikvm( 2085): Could not find method android.app.NotificationManager.getCurrentInterruptionFilter, referenced from method nea.b
W/dalvikvm( 2085): VFY: unable to resolve virtual method 2504: Landroid/app/NotificationManager;.getCurrentInterruptionFilter ()I
D/dalvikvm( 2085): VFY: replacing opcode 0x6e at 0x0002
I/PackageManager( 1568):   Action: "android.intent.action.SENDTO"
I/PackageManager( 1568):   Category: "android.intent.category.DEFAULT"
I/PackageManager( 1568):   Scheme: "mmsto"
I/PackageManager( 1568): Adding preferred activity ComponentInfo{com.android.mms/com.android.mms.ui.ComposeMessageActivity} for user 0 :
D/dalvikvm( 1568): GC_FOR_ALLOC freed 1072K, 50% free 7504K/14812K, paused 10ms, total 10ms
D/dalvikvm( 1829): GC_FOR_ALLOC freed 381K, 17% free 3645K/4340K, paused 1ms, total 1ms
I/PackageManager( 1568):   Action: "android.intent.action.SENDTO"
I/PackageManager( 1568):   Category: "android.intent.category.DEFAULT"
I/PackageManager( 1568):   Scheme: "sms"
I/PackageManager( 1568): Adding preferred activity ComponentInfo{com.android.mms/com.android.mms.ui.ComposeMessageActivity} for user 0 :
I/PackageManager( 1568):   Action: "android.intent.action.SENDTO"
I/PackageManager( 1568):   Category: "android.intent.category.DEFAULT"
I/PackageManager( 1568):   Scheme: "smsto"
I/PackageManager( 1568): Adding preferred activity ComponentInfo{com.android.mms/com.android.mms.ui.ComposeMessageActivity} for user 0 :
I/PackageManager( 1568):   Action: "android.intent.action.SENDTO"
I/PackageManager( 1568):   Category: "android.intent.category.DEFAULT"
I/PackageManager( 1568):   Scheme: "mms"
D/dalvikvm( 1814): GC_FOR_ALLOC freed 301K, 10% free 6621K/7296K, paused 4ms, total 4ms
I/PackageManager( 1568): Adding preferred activity ComponentInfo{com.android.mms/com.android.mms.ui.ComposeMessageActivity} for user 0 :
I/dalvikvm( 1814): Could not find method android.app.admin.DevicePolicyManager.isProfileOwnerApp, referenced from method hbs.c
W/dalvikvm( 1814): VFY: unable to resolve virtual method 2595: Landroid/app/admin/DevicePolicyManager;.isProfileOwnerApp (Ljava/lang/String;)Z
D/dalvikvm( 1814): VFY: replacing opcode 0x6e at 0x0011
I/dalvikvm( 1814): Could not find method android.app.admin.DevicePolicyManager.getProfileOwner, referenced from method hbs.a
W/dalvikvm( 1814): VFY: unable to resolve virtual method 2591: Landroid/app/admin/DevicePolicyManager;.getProfileOwner ()Landroid/content/ComponentName;
D/dalvikvm( 1814): VFY: replacing opcode 0x6e at 0x0012
I/PackageManager( 1568):   Action: "android.intent.action.SENDTO"
I/PackageManager( 1568):   Category: "android.intent.category.DEFAULT"
I/PackageManager( 1568):   Scheme: "mmsto"
I/PackageManager( 1568): Adding preferred activity ComponentInfo{com.android.mms/com.android.mms.ui.ComposeMessageActivity} for user 0 :
I/PackageManager( 1568):   Action: "android.intent.action.SENDTO"
I/PackageManager( 1568):   Category: "android.intent.category.DEFAULT"
I/PackageManager( 1568):   Scheme: "sms"
D/dalvikvm( 1934): GC_FOR_ALLOC freed 1963K, 9% free 22792K/25016K, paused 5ms, total 10ms
I/dalvikvm( 1814): Could not find method android.app.NotificationManager.getCurrentInterruptionFilter, referenced from method nea.b
W/dalvikvm( 1814): VFY: unable to resolve virtual method 2504: Landroid/app/NotificationManager;.getCurrentInterruptionFilter ()I
D/dalvikvm( 1814): VFY: replacing opcode 0x6e at 0x0002
I/PackageManager( 1568):   Action: "android.intent.action.SENDTO"
I/PackageManager( 1568):   Category: "android.intent.category.DEFAULT"
I/PackageManager( 1568):   Scheme: "smsto"
I/dalvikvm( 1814): Could not find method android.accounts.AccountManager.removeAccount, referenced from method ymq.c
W/dalvikvm( 1814): VFY: unable to resolve virtual method 4165: Landroid/accounts/AccountManager;.removeAccount (Landroid/accounts/Account;Landroid/app/Activity;Landroid/accounts/AccountManagerCallback;Landroid/os/Handler;)Landroid/accounts/AccountManagerFuture;
D/dalvikvm( 1814): VFY: replacing opcode 0x6e at 0x0009
I/dalvikvm( 1814): Could not find method android.accounts.AccountManager.removeAccountExplicitly, referenced from method ymq.d
W/dalvikvm( 1814): VFY: unable to resolve virtual method 4166: Landroid/accounts/AccountManager;.removeAccountExplicitly (Landroid/accounts/Account;)Z
D/dalvikvm( 1814): VFY: replacing opcode 0x6e at 0x0008
I/dalvikvm( 1814): Could not find method android.content.ServiceConnection.onNullBinding, referenced from method uxb.onNullBinding
I/PackageManager( 1568): Adding preferred activity ComponentInfo{com.android.mms/com.android.mms.ui.ComposeMessageActivity} for user 0 :
I/PackageManager( 1568): Adding preferred activity ComponentInfo{com.android.mms/com.android.mms.ui.ComposeMessageActivity} for user 0 :
D/dalvikvm( 1829): GC_FOR_ALLOC freed 457K, 17% free 3604K/4340K, paused 6ms, total 6ms
I/PackageManager( 1568):   Action: "android.intent.action.SENDTO"
I/PackageManager( 1568):   Category: "android.intent.category.DEFAULT"
I/PackageManager( 1568):   Scheme: "mms"
I/PackageManager( 1568): Adding preferred activity ComponentInfo{com.android.mms/com.android.mms.ui.ComposeMessageActivity} for user 0 :
W/dalvikvm( 1814): VFY: unable to resolve interface method 2566: Landroid/content/ServiceConnection;.onNullBinding (Landroid/content/ComponentName;)V
D/dalvikvm( 1814): VFY: replacing opcode 0x72 at 0x000f
D/dalvikvm( 1568): GC_FOR_ALLOC freed 1074K, 49% free 7558K/14812K, paused 7ms, total 7ms
I/Auth    ( 1814): [Change,AccountsChange] First snapshot
I/PackageManager( 1568):   Action: "android.intent.action.SENDTO"
I/PackageManager( 1568):   Category: "android.intent.category.DEFAULT"
I/PackageManager( 1568):   Scheme: "mmsto"
W/ActivityManager( 1568): No content provider found for permission revoke: file:///data/local/tmp/AndroidRipperService.apk
I/PackageManager( 1568): Adding preferred activity ComponentInfo{com.android.mms/com.android.mms.ui.ComposeMessageActivity} for user 0 :
W/ActivityManager( 1568): No content provider found for permission revoke: file:///data/local/tmp/AndroidRipperService.apk
I/PackageManager( 1568): Copying native libraries to /data/app-lib/vmdl102686920
I/PackageParser( 1568): it.unina.android.ripper_service: compat added android.permission.WRITE_EXTERNAL_STORAGE android.permission.READ_PHONE_STATE
W/WakefulBroadcastReceiv.( 1814): No active wake lock id #1
I/NearbyDiscovery( 1776): Show notifications: 0 total, no changes since last shown, no-op. [CONTEXT service_id=49 ]
I/PackageManager( 1568):   Action: "android.intent.action.SENDTO"
I/PackageManager( 1568):   Category: "android.intent.category.DEFAULT"
I/PackageManager( 1568):   Scheme: "sms"
I/dalvikvm( 1776): Could not find method android.app.AlarmManager.setExactAndAllowWhileIdle, referenced from method nio.a
W/dalvikvm( 1776): VFY: unable to resolve virtual method 2384: Landroid/app/AlarmManager;.setExactAndAllowWhileIdle (IJLandroid/app/PendingIntent;)V
D/dalvikvm( 1776): VFY: replacing opcode 0x6e at 0x000b
I/dalvikvm( 1776): Failed resolving Lnin; interface 549 'Landroid/app/AlarmManager$OnAlarmListener;'
W/dalvikvm( 1776): Link of class 'Lnin;' failed
W/dalvikvm( 1776): VFY: unable to find class referenced in signature (Lnin;)
I/dalvikvm( 1776): Could not find method android.app.AlarmManager.set, referenced from method nio.a
W/dalvikvm( 1776): VFY: unable to resolve virtual method 2381: Landroid/app/AlarmManager;.set (IJJJLandroid/app/AlarmManager$OnAlarmListener;Landroid/os/Handler;Landroid/os/WorkSource;)V
D/dalvikvm( 1776): VFY: replacing opcode 0x74 at 0x0024
I/dalvikvm( 1776): Failed resolving Lnin; interface 549 'Landroid/app/AlarmManager$OnAlarmListener;'
W/dalvikvm( 1776): Link of class 'Lnin;' failed
W/dalvikvm( 1776): VFY: unable to find class referenced in signature (Lnin;)
I/dalvikvm( 1776): Could not find method android.app.AlarmManager.cancel, referenced from method nio.a
W/dalvikvm( 1776): VFY: unable to resolve virtual method 2378: Landroid/app/AlarmManager;.cancel (Landroid/app/AlarmManager$OnAlarmListener;)V
D/dalvikvm( 1776): VFY: replacing opcode 0x6e at 0x0002
I/PackageManager( 1568): Adding preferred activity ComponentInfo{com.android.mms/com.android.mms.ui.ComposeMessageActivity} for user 0 :
I/PackageManager( 1568):   Action: "android.intent.action.SENDTO"
I/PackageManager( 1568):   Category: "android.intent.category.DEFAULT"
I/PackageManager( 1568):   Scheme: "smsto"
I/PackageManager( 1568): Adding preferred activity ComponentInfo{com.android.mms/com.android.mms.ui.ComposeMessageActivity} for user 0 :
I/PackageManager( 1568):   Action: "android.intent.action.SENDTO"
I/PackageManager( 1568):   Category: "android.intent.category.DEFAULT"
I/PackageManager( 1568):   Scheme: "mms"
I/PackageManager( 1568): Adding preferred activity ComponentInfo{com.android.mms/com.android.mms.ui.ComposeMessageActivity} for user 0 :
D/dalvikvm( 1568): GC_FOR_ALLOC freed 1091K, 49% free 7612K/14812K, paused 9ms, total 9ms
E/BluetoothAdapter( 1776): Bluetooth binder is null
E/BluetoothAdapter( 1776): Bluetooth binder is null
I/PackageManager( 1568):   Action: "android.intent.action.SENDTO"
I/PackageManager( 1568):   Category: "android.intent.category.DEFAULT"
I/PackageManager( 1568):   Scheme: "mmsto"
I/PackageManager( 1568): Adding preferred activity ComponentInfo{com.android.mms/com.android.mms.ui.ComposeMessageActivity} for user 0 :
D/dalvikvm( 1829): GC_FOR_ALLOC freed 411K, 17% free 3645K/4340K, paused 1ms, total 2ms
I/PackageManager( 1568):   Action: "android.intent.action.SENDTO"
I/PackageManager( 1568):   Category: "android.intent.category.DEFAULT"
I/PackageManager( 1568):   Scheme: "sms"
I/PackageManager( 1568): Adding preferred activity ComponentInfo{com.android.mms/com.android.mms.ui.ComposeMessageActivity} for user 0 :
I/PackageManager( 1568):   Action: "android.intent.action.SENDTO"
I/PackageManager( 1568):   Category: "android.intent.category.DEFAULT"
I/PackageManager( 1568):   Scheme: "smsto"
I/NearbyDiscovery( 1776): DiscoveryService destroyed [CONTEXT service_id=49 ]
I/PackageManager( 1568): Adding preferred activity ComponentInfo{com.android.mms/com.android.mms.ui.ComposeMessageActivity} for user 0 :
I/PackageManager( 1568):   Action: "android.intent.action.SENDTO"
I/PackageManager( 1568):   Category: "android.intent.category.DEFAULT"
I/PackageManager( 1568):   Scheme: "mms"
I/PackageManager( 1568): Adding preferred activity ComponentInfo{com.android.mms/com.android.mms.ui.ComposeMessageActivity} for user 0 :
I/PackageManager( 1568):   Action: "android.intent.action.SENDTO"
I/PackageManager( 1568):   Category: "android.intent.category.DEFAULT"
I/PackageManager( 1568):   Scheme: "mmsto"
I/PackageManager( 1568): Adding preferred activity ComponentInfo{com.android.mms/com.android.mms.ui.ComposeMessageActivity} for user 0 :
D/dalvikvm( 1568): GC_FOR_ALLOC freed 1183K, 49% free 7583K/14812K, paused 12ms, total 13ms
I/PackageManager( 1568): Running dexopt on: it.unina.android.ripper_service
W/linker  ( 2274): libdvm.so has text relocations. This is wasting memory and is a security risk. Please fix.
I/PackageManager( 1568):   Action: "android.intent.action.SENDTO"
I/PackageManager( 1568):   Category: "android.intent.category.DEFAULT"
I/PackageManager( 1568):   Scheme: "sms"
D/dalvikvm( 1829): GC_FOR_ALLOC freed 403K, 17% free 3645K/4344K, paused 1ms, total 2ms
I/PackageManager( 1568): Adding preferred activity ComponentInfo{com.android.mms/com.android.mms.ui.ComposeMessageActivity} for user 0 :
I/PackageManager( 1568):   Action: "android.intent.action.SENDTO"
I/PackageManager( 1568):   Category: "android.intent.category.DEFAULT"
I/PackageManager( 1568):   Scheme: "smsto"
I/PackageManager( 1568): Adding preferred activity ComponentInfo{com.android.mms/com.android.mms.ui.ComposeMessageActivity} for user 0 :
I/PackageManager( 1568):   Action: "android.intent.action.SENDTO"
I/PackageManager( 1568):   Category: "android.intent.category.DEFAULT"
I/PackageManager( 1568):   Scheme: "mms"
I/PackageManager( 1568):   Action: "android.intent.action.SENDTO"
I/PackageManager( 1568):   Category: "android.intent.category.DEFAULT"
I/PackageManager( 1568):   Scheme: "mmsto"
I/PackageManager( 1568): Adding preferred activity ComponentInfo{com.android.mms/com.android.mms.ui.ComposeMessageActivity} for user 0 :
I/PackageManager( 1568): Adding preferred activity ComponentInfo{com.android.mms/com.android.mms.ui.ComposeMessageActivity} for user 0 :
I/NativeLibraryUtils( 1814): Extraction to /data/data/com.google.android.gms/app_extracted_libs/x86/libjingle_peerconnection_so.so true
D/dalvikvm( 1568): GC_FOR_ALLOC freed 1181K, 50% free 7553K/14812K, paused 8ms, total 8ms
D/dalvikvm( 2085): GC_FOR_ALLOC freed 2807K, 34% free 6054K/9052K, paused 7ms, total 11ms
I/Icing   ( 2085): Using regular flags by method 2
I/SystemUpdateService( 1814): cancelUpdate (empty URL)
D/dalvikvm( 2274): DexOpt: load 35ms, verify+opt 39ms, 1117628 bytes
I/SystemUpdateService( 1814): cancelUpdate (empty URL)
I/ActivityManager( 1568): Force stopping it.unina.android.ripper_service appid=10057 user=-1: update pkg
D/dalvikvm( 1568): GC_FOR_ALLOC freed 1143K, 50% free 7550K/14812K, paused 9ms, total 10ms
I/dalvikvm( 2085): Could not find method android.app.AlarmManager.setExactAndAllowWhileIdle, referenced from method nio.a
W/dalvikvm( 2085): VFY: unable to resolve virtual method 2384: Landroid/app/AlarmManager;.setExactAndAllowWhileIdle (IJLandroid/app/PendingIntent;)V
D/dalvikvm( 2085): VFY: replacing opcode 0x6e at 0x000b
I/dalvikvm( 2085): Failed resolving Lnin; interface 549 'Landroid/app/AlarmManager$OnAlarmListener;'
W/dalvikvm( 2085): Link of class 'Lnin;' failed
W/dalvikvm( 2085): VFY: unable to find class referenced in signature (Lnin;)
I/dalvikvm( 2085): Could not find method android.app.AlarmManager.set, referenced from method nio.a
W/dalvikvm( 2085): VFY: unable to resolve virtual method 2381: Landroid/app/AlarmManager;.set (IJJJLandroid/app/AlarmManager$OnAlarmListener;Landroid/os/Handler;Landroid/os/WorkSource;)V
D/dalvikvm( 2085): VFY: replacing opcode 0x74 at 0x0024
I/dalvikvm( 2085): Failed resolving Lnin; interface 549 'Landroid/app/AlarmManager$OnAlarmListener;'
W/dalvikvm( 2085): Link of class 'Lnin;' failed
W/dalvikvm( 2085): VFY: unable to find class referenced in signature (Lnin;)
I/dalvikvm( 2085): Could not find method android.app.AlarmManager.cancel, referenced from method nio.a
W/dalvikvm( 2085): VFY: unable to resolve virtual method 2378: Landroid/app/AlarmManager;.cancel (Landroid/app/AlarmManager$OnAlarmListener;)V
D/dalvikvm( 2085): VFY: replacing opcode 0x6e at 0x0002
D/dalvikvm( 1568): GC_FOR_ALLOC freed 1144K, 50% free 7550K/14812K, paused 9ms, total 9ms
I/InputReader( 1568): Reconfiguring input devices.  changes=0x00000010
W/dalvikvm( 2085): VFY: unable to find class referenced in signature (Landroid/net/Network;)
D/dalvikvm( 2085): GC_FOR_ALLOC freed 818K, 31% free 6259K/9052K, paused 11ms, total 11ms
W/dalvikvm( 2085): VFY: unable to find class referenced in signature (Landroid/net/Network;)
I/dalvikvm( 2085): Could not find method android.net.Network.openConnection, referenced from method wna.a
W/dalvikvm( 2085): VFY: unable to resolve virtual method 5072: Landroid/net/Network;.openConnection (Ljava/net/URL;)Ljava/net/URLConnection;
D/dalvikvm( 2085): VFY: replacing opcode 0x6e at 0x008f
E/GmsRequestQueue( 2085): Tried to stop global GMSCore RequestQueue. This is likely unintended, so ignoring.
I/PackageManager( 1568):   Action: "android.intent.action.SENDTO"
I/PackageManager( 1568):   Category: "android.intent.category.DEFAULT"
I/PackageManager( 1568):   Scheme: "sms"
I/PackageManager( 1568): Adding preferred activity ComponentInfo{com.android.mms/com.android.mms.ui.ComposeMessageActivity} for user 0 :
D/dalvikvm( 1568): GC_EXPLICIT freed 1072K, 49% free 7622K/14812K, paused 17ms+1ms, total 28ms
D/dalvikvm( 1568): WAIT_FOR_CONCURRENT_GC blocked 9ms
D/dalvikvm( 1568): WAIT_FOR_CONCURRENT_GC blocked 9ms
D/AndroidRuntime( 2232): Shutting down VM
D/jdwp    ( 2232): Got wake-up signal, bailing out of select
D/dalvikvm( 2232): Debugger has detached; object registry had 1 entries
D/dalvikvm( 1568): WAIT_FOR_CONCURRENT_GC blocked 11ms
I/Authzen ( 2085): [AuthZenEventHandler] Handling event: com.google.android.chimera.IntentOperation.NEW_MODULE
E/Authzen ( 2085): [AuthZenEventHandler] unknown action: com.google.android.chimera.IntentOperation.NEW_MODULE
D/BackupManagerService( 1568): Received broadcast Intent { act=android.intent.action.PACKAGE_ADDED dat=package:it.unina.android.ripper_service flg=0x4000010 (has extras) }
V/BackupManagerService( 1568): addPackageParticipantsLocked: #1
I/PackageManager( 1568):   Action: "android.intent.action.SENDTO"
I/PackageManager( 1568):   Category: "android.intent.category.DEFAULT"
I/PackageManager( 1568):   Scheme: "smsto"
I/PackageManager( 1568): Adding preferred activity ComponentInfo{com.android.mms/com.android.mms.ui.ComposeMessageActivity} for user 0 :
D/dalvikvm( 1829): GC_FOR_ALLOC freed 425K, 17% free 3612K/4344K, paused 2ms, total 2ms
D/dalvikvm( 1568): GC_FOR_ALLOC freed 1261K, 50% free 7523K/14812K, paused 10ms, total 10ms
I/ahju    ( 1776): Scheduling Phenotype for a PhenotypeSyncImmediately(6, com.google.android.gms.settings.platform) one off with window [1, 2] in seconds [CONTEXT service_id=51 ]
I/PackageManager( 1568):   Action: "android.intent.action.SENDTO"
I/PackageManager( 1568):   Category: "android.intent.category.DEFAULT"
I/PackageManager( 1568):   Scheme: "mms"
W/ActivityManager( 1568): Unable to start service Intent { act=com.google.android.gms.auth.key.retrieval.service.START pkg=com.google.android.gms } U=0: not found
I/PackageManager( 1568): Adding preferred activity ComponentInfo{com.android.mms/com.android.mms.ui.ComposeMessageActivity} for user 0 :
I/PackageManager( 1568):   Action: "android.intent.action.SENDTO"
I/PackageManager( 1568):   Category: "android.intent.category.DEFAULT"
I/PackageManager( 1568):   Scheme: "mmsto"
I/PackageManager( 1568): Adding preferred activity ComponentInfo{com.android.mms/com.android.mms.ui.ComposeMessageActivity} for user 0 :
I/PackageManager( 1568):   Action: "android.intent.action.SENDTO"
I/PackageManager( 1568):   Category: "android.intent.category.DEFAULT"
I/PackageManager( 1568):   Scheme: "sms"
I/PackageManager( 1568): Adding preferred activity ComponentInfo{com.android.mms/com.android.mms.ui.ComposeMessageActivity} for user 0 :
E/GmsClient( 2085): unable to connect to service: com.google.android.gms.auth.key.retrieval.service.START on com.google.android.gms
I/PackageManager( 1568):   Action: "android.intent.action.SENDTO"
I/PackageManager( 1568):   Category: "android.intent.category.DEFAULT"
I/PackageManager( 1568):   Scheme: "smsto"
I/NearbySharing( 2085): Runtime state initialization complete. Sharing is disabled. [CONTEXT service_id=194 ]
D/dalvikvm( 1829): GC_FOR_ALLOC freed 350K, 17% free 3647K/4344K, paused 1ms, total 1ms
W/ActivityManager( 1568): Unable to start service Intent { act=com.google.android.gms.nearby.discovery:ACTION_INIT_MESSAGES_PATH cmp=com.google.android.gms/.nearby.discovery.service.DiscoveryService } U=0: not found
W/ActivityManager( 1568): Unbind failed: could not find connection for android.os.BinderProxy@9d4ff868
I/PackageManager( 1568): Adding preferred activity ComponentInfo{com.android.mms/com.android.mms.ui.ComposeMessageActivity} for user 0 :
I/PackageManager( 1568):   Action: "android.intent.action.SENDTO"
I/PackageManager( 1568):   Category: "android.intent.category.DEFAULT"
I/PackageManager( 1568):   Scheme: "mms"
I/PackageManager( 1568): Adding preferred activity ComponentInfo{com.android.mms/com.android.mms.ui.ComposeMessageActivity} for user 0 :
D/dalvikvm( 1568): GC_FOR_ALLOC freed 1104K, 50% free 7548K/14812K, paused 10ms, total 10ms
I/PackageManager( 1568):   Action: "android.intent.action.SENDTO"
I/PackageManager( 1568):   Category: "android.intent.category.DEFAULT"
I/PackageManager( 1568):   Scheme: "mmsto"
I/PackageManager( 1568): Adding preferred activity ComponentInfo{com.android.mms/com.android.mms.ui.ComposeMessageActivity} for user 0 :
D/dalvikvm( 1776): GC_FOR_ALLOC freed 817K, 15% free 6446K/7512K, paused 12ms, total 13ms
I/dalvikvm( 1776): Could not find method android.os.UserManager.isManagedProfile, referenced from method nmn.g
W/dalvikvm( 1776): VFY: unable to resolve virtual method 4277: Landroid/os/UserManager;.isManagedProfile ()Z
D/dalvikvm( 1776): VFY: replacing opcode 0x6e at 0x0012
I/dalvikvm( 1776): Could not find method android.app.admin.DevicePolicyManager.getAccountTypesWithManagementDisabled, referenced from method nmn.i
W/dalvikvm( 1776): VFY: unable to resolve virtual method 2586: Landroid/app/admin/DevicePolicyManager;.getAccountTypesWithManagementDisabled ()[Ljava/lang/String;
D/dalvikvm( 1776): VFY: replacing opcode 0x6e at 0x002b
I/PeopleSync( 2085): First sync
D/dalvikvm( 1568): GC_FOR_ALLOC freed 1240K, 50% free 7451K/14812K, paused 13ms, total 13ms
I/GCoreUlr( 1776): WorldUpdater received intent Intent { act=com.google.android.location.reporting.ACTION_UPDATE_WORLD cmp=com.google.android.gms/com.google.android.location.reporting.service.DispatchingService (has extras) } with receiverAction android.location.PROVIDERS_CHANGED
D/dalvikvm( 1814): GC_EXPLICIT freed 582K, 12% free 6898K/7828K, paused 1ms+1ms, total 6ms
E/StrictMode( 1814): A resource was acquired at attached stack trace but never released. See java.io.Closeable for information on avoiding resource leaks.
E/StrictMode( 1814): java.lang.Throwable: Explicit termination method 'end' not called
E/StrictMode( 1814): 	at dalvik.system.CloseGuard.open(CloseGuard.java:184)
E/StrictMode( 1814): 	at java.util.zip.Inflater.<init>(Inflater.java:82)
E/StrictMode( 1814): 	at java.util.zip.ZipFile.getInputStream(ZipFile.java:310)
E/StrictMode( 1814): 	at npp.d(:com.google.android.gms@202414005@20.24.14 (000700-319035315):36)
E/StrictMode( 1814): 	at mob.run(:com.google.android.gms@202414005@20.24.14 (000700-319035315):0)
D/dalvikvm( 2085): GC_FOR_ALLOC freed 888K, 29% free 6463K/9052K, paused 8ms, total 8ms
I/PeopleSync( 2085): requestAllFullSyncForContainerUpgrade
I/ahju    ( 1776): Scheduling Phenotype for a PhenotypeSyncImmediately(6, com.google.android.gms.settings.platform.boot) one off with window [1, 2] in seconds [CONTEXT service_id=51 ]
I/dalvikvm( 1776): Could not find method android.provider.DeviceConfig.getProperty, referenced from method ahlr.a
W/dalvikvm( 1776): VFY: unable to resolve static method 29770: Landroid/provider/DeviceConfig;.getProperty (Ljava/lang/String;Ljava/lang/String;)Ljava/lang/String;
D/dalvikvm( 1776): VFY: replacing opcode 0x71 at 0x0000
I/dalvikvm( 1776): Could not find method android.provider.DeviceConfig.setProperty, referenced from method ahlr.a
W/dalvikvm( 1776): VFY: unable to resolve static method 29771: Landroid/provider/DeviceConfig;.setProperty (Ljava/lang/String;Ljava/lang/String;Ljava/lang/String;Z)Z
D/dalvikvm( 1776): VFY: replacing opcode 0x71 at 0x0000
D/AndroidRuntime( 2304): 
D/AndroidRuntime( 2304): >>>>>> AndroidRuntime START com.android.internal.os.RuntimeInit <<<<<<
W/linker  ( 2304): libdvm.so has text relocations. This is wasting memory and is a security risk. Please fix.
D/AndroidRuntime( 2304): CheckJNI is ON
D/dalvikvm( 2304): Trying to load lib libjavacore.so 0x0
D/dalvikvm( 2304): Added shared lib libjavacore.so 0x0
D/dalvikvm( 2304): Trying to load lib libnativehelper.so 0x0
D/dalvikvm( 2304): Added shared lib libnativehelper.so 0x0
D/dalvikvm( 2304): No JNI_OnLoad found in libnativehelper.so 0x0, skipping init
D/dalvikvm( 1568): GC_FOR_ALLOC freed 1155K, 50% free 7416K/14812K, paused 6ms, total 6ms
D/dalvikvm( 2304): Note: class Landroid/app/ActivityManagerNative; has 179 unimplemented (abstract) methods
I/GCoreUlr( 1776): WorldUpdater:android.location.PROVIDERS_CHANGED: Ensuring that reporting is stopped because of reasons: (no Google accounts)
I/GCoreUlr( 1776): Unbound from all signal providers.
E/ConfigFileUtils( 2085): Failed to read config file: /data/data/com.google.android.gms/app_chimera/current_fileapks.pb: open failed: ENOENT (No such file or directory)
E/memtrack( 2304): Couldn't load memtrack module (No such file or directory)
E/android.os.Debug( 2304): failed to load memtrack module: -2
D/dalvikvm( 2085): GC_FOR_ALLOC freed 1073K, 28% free 6548K/9052K, paused 6ms, total 6ms
D/AndroidRuntime( 2304): Calling main entry com.android.commands.pm.Pm
D/AndroidRuntime( 2304): Shutting down VM
D/jdwp    ( 2304): Got wake-up signal, bailing out of select
D/dalvikvm( 2304): Debugger has detached; object registry had 1 entries
I/AndroidRuntime( 2304): NOTE: attach of thread 'Binder_1' failed
E/ConfigFileUtils( 2085): Failed to read config file: /data/data/com.google.android.gms/app_chimera/current_fileapks.pb: open failed: ENOENT (No such file or directory)
D/Tethering( 1568): MasterInitialState.processMessage what=3
D/Tethering( 1568): MasterInitialState.processMessage what=3
D/CaptivePortalTracker( 1568): NoActiveNetworkState{ when=-1ms what=1 obj=NetworkInfo: type: mobile_hipri[LTE], state: DISCONNECTED/DISCONNECTED, reason: dataDisabled, extra: epc.tmobile.com, roaming: false, failover: false, isAvailable: true, isConnectedToProvisioningNetwork: false target=com.android.internal.util.StateMachine$SmHandler }
D/CaptivePortalTracker( 1568): NoActiveNetworkState not a wifi connectivity change, ignore
D/CaptivePortalTracker( 1568): NoActiveNetworkState{ when=-1ms what=1 obj=NetworkInfo: type: mobile[LTE], state: CONNECTED/CONNECTED, reason: connected, extra: epc.tmobile.com, roaming: false, failover: false, isAvailable: true, isConnectedToProvisioningNetwork: false target=com.android.internal.util.StateMachine$SmHandler }
D/CaptivePortalTracker( 1568): NoActiveNetworkState not a wifi connectivity change, ignore
I/SystemUpdate( 2085): [Installation,ReceiverIntentOperation] Received intent: Intent { act=com.google.android.gms.update.BASE_MODULE_INIT cat=[targeted_intent_op_prefix:.update.control.ReceiverIntentOperation] cmp=com.google.android.gms/.chimera.GmsIntentOperationService }.
I/dalvikvm( 2085): Could not find method android.app.admin.DevicePolicyManager.isProfileOwnerApp, referenced from method hbs.c
W/dalvikvm( 2085): VFY: unable to resolve virtual method 2595: Landroid/app/admin/DevicePolicyManager;.isProfileOwnerApp (Ljava/lang/String;)Z
D/dalvikvm( 2085): VFY: replacing opcode 0x6e at 0x0011
