W/dalvikvm( 2238): Link of class 'Lcr;' failed
W/dalvikvm( 2238): Unable to resolve superclass of Lcr; (44)
W/dalvikvm( 2238): Link of class 'Lcr;' failed
W/dalvikvm( 2238): Unable to resolve superclass of Lcr; (44)
W/dalvikvm( 2238): Link of class 'Lcr;' failed
W/dalvikvm( 2238): Unable to resolve superclass of Lcr; (44)
W/dalvikvm( 2238): Link of class 'Lcr;' failed
E/dalvikvm( 2238): Could not find class 'cr', referenced from method cv.<init>
W/dalvikvm( 2238): VFY: unable to resolve new-instance 183 (Lcr;) in Lcv;
D/dalvikvm( 2238): VFY: replacing opcode 0x22 at 0x002d
W/dalvikvm( 2238): Unable to resolve superclass of Lcr; (44)
W/dalvikvm( 2238): Link of class 'Lcr;' failed
W/dalvikvm( 2238): Unable to resolve superclass of Lcr; (44)
W/dalvikvm( 2238): Link of class 'Lcr;' failed
D/dalvikvm( 2238): GC_FOR_ALLOC freed 1789K, 13% free 20861K/23760K, paused 21ms, total 22ms
W/dalvikvm( 2238): Unable to resolve superclass of Lcl; (44)
W/dalvikvm( 2238): Link of class 'Lcl;' failed
W/dalvikvm( 2238): Unable to resolve superclass of Lcl; (44)
W/dalvikvm( 2238): Link of class 'Lcl;' failed
W/dalvikvm( 2238): VFY: unable to find class referenced in signature (Landroid/net/Network;)
I/dalvikvm( 2238): Could not find method android.net.Network.toString, referenced from method cv.a
W/dalvikvm( 2238): VFY: unable to resolve virtual method 231: Landroid/net/Network;.toString ()Ljava/lang/String;
D/dalvikvm( 2238): VFY: replacing opcode 0x6e at 0x0002
W/dalvikvm( 2238): VFY: unable to find class referenced in signature (Landroid/net/Network;)
I/dalvikvm( 2238): Could not find method android.net.ConnectivityManager.getAllNetworks, referenced from method cv.a
W/dalvikvm( 2238): VFY: unable to resolve virtual method 221: Landroid/net/ConnectivityManager;.getAllNetworks ()[Landroid/net/Network;
D/dalvikvm( 2238): VFY: replacing opcode 0x6e at 0x0002
W/dalvikvm( 2238): Unable to resolve superclass of Lcr; (44)
W/dalvikvm( 2238): Link of class 'Lcr;' failed
W/dalvikvm( 2238): Unable to resolve superclass of Lcr; (44)
W/dalvikvm( 2238): Link of class 'Lcr;' failed
D/dalvikvm( 2238): DexOpt: unable to opt direct call 0x0243 at 0x2f in Lcv;.<init>
D/dalvikvm( 2238): DexOpt: unable to opt direct call 0x00f0 at 0x36 in Lcv;.<init>
W/dalvikvm( 2238): VFY: unable to find class referenced in signature (Landroid/net/Network;)
I/dalvikvm( 2238): Could not find method android.net.Network.bindSocket, referenced from method ck.d
W/dalvikvm( 2238): VFY: unable to resolve virtual method 229: Landroid/net/Network;.bindSocket (Ljava/net/Socket;)V
D/dalvikvm( 2238): VFY: replacing opcode 0x6e at 0x0014
W/dalvikvm( 2238): VFY: unable to find class referenced in signature (Landroid/net/Network;)
I/dalvikvm( 2238): Could not find method android.net.ConnectivityManager.getNetworkInfo, referenced from method ck.a
W/dalvikvm( 2238): VFY: unable to resolve virtual method 224: Landroid/net/ConnectivityManager;.getNetworkInfo (Landroid/net/Network;)Landroid/net/NetworkInfo;
D/dalvikvm( 2238): VFY: replacing opcode 0x6e at 0x0002
I/dalvikvm( 2238): Could not find method android.net.ConnectivityManager.getNetworkInfo, referenced from method ck.a
W/dalvikvm( 2238): VFY: unable to resolve virtual method 224: Landroid/net/ConnectivityManager;.getNetworkInfo (Landroid/net/Network;)Landroid/net/NetworkInfo;
D/dalvikvm( 2238): VFY: replacing opcode 0x6e at 0x000a
W/dalvikvm( 2238): VFY: unable to find class referenced in signature (Landroid/net/Network;)
W/dalvikvm( 2238): VFY: unable to find class referenced in signature (Landroid/net/Network;)
W/dalvikvm( 2238): VFY: unable to find class referenced in signature (Landroid/net/Network;)
I/dalvikvm( 2238): Could not find method android.net.ConnectivityManager.getNetworkCapabilities, referenced from method ck.c
W/dalvikvm( 2238): VFY: unable to resolve virtual method 223: Landroid/net/ConnectivityManager;.getNetworkCapabilities (Landroid/net/Network;)Landroid/net/NetworkCapabilities;
D/dalvikvm( 2238): VFY: replacing opcode 0x6e at 0x0002
I/ChmraDebugLogger( 2238): [73] 1801
D/dalvikvm( 2238): DexOpt: couldn't find static field Landroid/os/Build;.SUPPORTED_ABIS
W/dalvikvm( 2238): VFY: unable to resolve static field 37 (SUPPORTED_ABIS) in Landroid/os/Build;
D/dalvikvm( 2238): VFY: replacing opcode 0x62 at 0x006d
I/ChmraDebugLogger( 2238): [30] [VisionOcr.optional:202414000700] permitMetered=true,
I/ChimeraConfigService( 2238): Scheduling checkin for one-off execution between [3300,43200] seconds from now (1629009229703)
I/ChimeraConfigurator( 2238): Update complete: success
I/GmsModuleFndr( 2238): Beginning GMS chimera module scan
I/ModuleSetMgr( 2238): Computing pending module set with APKs: [[AdsFdrDynamite.integ:21460000000], [Cronetdynamite:202414000700], [Dynamiteloader:202414000700], [Dynamitemodulesa:202414000000], [Dynamitemodulesc:202414000000], [Googlecertificates:202414000000], [Mapsdynamite:202414000000], [Measurementdynamite:202414000000]]
I/ModuleSetMgr( 2238): Pending container module APKs: []
I/ModuleSetMgr( 2238): Pending non-container module APKs: []
D/dalvikvm( 2238): GC_FOR_ALLOC freed 853K, 8% free 22056K/23760K, paused 18ms, total 18ms
D/dalvikvm( 2238): GC_FOR_ALLOC freed 2175K, 11% free 21898K/24356K, paused 19ms, total 19ms
D/dalvikvm( 2238): GC_FOR_ALLOC freed 1973K, 12% free 21442K/24356K, paused 18ms, total 18ms
I/dalvikvm-heap( 2238): Grow heap (frag case) to 21.449MB for 279784-byte allocation
D/dalvikvm( 2238): GC_FOR_ALLOC freed <1K, 12% free 21715K/24632K, paused 21ms, total 21ms
I/ChimeraCfgMgr( 2238): Updating module config: container:2024149000700 -> container:2024149000700
E/DowngradeHelper( 2238): isModuleDowngradeRequired false
E/ConfigFileUtils( 2238): Failed to read config file: /data/data/com.google.android.gms/app_chimera/current_modules_init.pb: open failed: ENOENT (No such file or directory)
I/ChimeraCfgMgr( 2238): Sending com.google.android.chimera.IntentOperation.NEW_MODULE Intents: 1,false,true
I/ChmraDebugLogger( 2238): [46] container:2024149000700
I/ChimeraCfgMgr( 2238): Received com.google.android.chimera.IntentOperation.NEW_MODULE(1/0): 1,false
D/dalvikvm( 2238): GC_FOR_ALLOC freed 2911K, 16% free 20850K/24632K, paused 16ms, total 16ms
E/PhenotypeRegOp( 2238): Attempting to overwrite config package for com.google.android.gms.games [CONTEXT service_id=231 ]
E/PhenotypeRegOp( 2238): Attempting to overwrite config package for com.google.android.gms.mobile_data_plan [CONTEXT service_id=231 ]
E/PhenotypeRegOp( 2238): Attempting to overwrite config package for com.google.android.gms.signin [CONTEXT service_id=231 ]
E/PhenotypeRegOp( 2238): Attempting to overwrite config package for com.google.android.gms.udc [CONTEXT service_id=231 ]
I/ActivityManager( 1572): Killing 2711:com.android.dialer/u0a4 (adj 15): empty #17
V/RipperService( 2209): PING
V/AndroidRipperService( 2209): mHandler.handleMessage() RECIVED
V/AndroidRipperService( 2209): broadcast()
V/AndroidRipperService( 2209): broadcast() done
V/        ( 2209): ready
D/dalvikvm( 1785): GC_FOR_ALLOC freed 1936K, 23% free 10287K/13196K, paused 13ms, total 13ms
I/InputReader( 1572): Reconfiguring input devices.  changes=0x00000010
W/Launcher.Model( 2407): Nobody to tell about the new app.  Launcher is probably loading.
I/PackageManager( 1572):   Action: "android.intent.action.SENDTO"
I/PackageManager( 1572):   Category: "android.intent.category.DEFAULT"
I/PackageManager( 1572):   Scheme: "sms"
D/dalvikvm( 2407): GC_FOR_ALLOC freed 269K, 14% free 3521K/4076K, paused 2ms, total 2ms
W/Launcher.Model( 2407): Nobody to tell about the new app.  Launcher is probably loading.
I/PackageManager( 1572): Adding preferred activity ComponentInfo{com.android.mms/com.android.mms.ui.ComposeMessageActivity} for user 0 :
I/Launcher( 1958): Deferring update until onResume
I/InputReader( 1572): Reconfiguring input devices.  changes=0x00000010
I/PackageManager( 1572):   Action: "android.intent.action.SENDTO"
I/PackageManager( 1572):   Category: "android.intent.category.DEFAULT"
I/PackageManager( 1572):   Scheme: "smsto"
I/PackageManager( 1572): Adding preferred activity ComponentInfo{com.android.mms/com.android.mms.ui.ComposeMessageActivity} for user 0 :
I/Launcher( 1958): Deferring update until onResume
I/PackageManager( 1572):   Action: "android.intent.action.SENDTO"
I/PackageManager( 1572):   Category: "android.intent.category.DEFAULT"
I/PackageManager( 1572):   Scheme: "mms"
I/PackageManager( 1572): Adding preferred activity ComponentInfo{com.android.mms/com.android.mms.ui.ComposeMessageActivity} for user 0 :
D/dalvikvm( 1812): GC_FOR_ALLOC freed 393K, 17% free 3668K/4392K, paused 2ms, total 2ms
I/Launcher( 1958): Deferring update until onResume
I/PackageManager( 1572):   Action: "android.intent.action.SENDTO"
I/PackageManager( 1572):   Category: "android.intent.category.DEFAULT"
I/PackageManager( 1572):   Scheme: "mmsto"
I/PackageManager( 1572): Adding preferred activity ComponentInfo{com.android.mms/com.android.mms.ui.ComposeMessageActivity} for user 0 :
I/PackageManager( 1572):   Action: "android.intent.action.SENDTO"
I/PackageManager( 1572):   Category: "android.intent.category.DEFAULT"
I/PackageManager( 1572):   Scheme: "sms"
I/PackageManager( 1572): Adding preferred activity ComponentInfo{com.android.mms/com.android.mms.ui.ComposeMessageActivity} for user 0 :
I/Icing.InternalIcingCorporaProvider( 2358): Updating corpora: A: com.google.android.gsf, C: MAYBE
W/Launcher( 2407): setApplicationContext called twice! old=com.google.android.velvet.VelvetApplication@9d075750 new=com.google.android.velvet.VelvetApplication@9d075750
I/PackageManager( 1572):   Action: "android.intent.action.SENDTO"
I/PackageManager( 1572):   Category: "android.intent.category.DEFAULT"
I/PackageManager( 1572):   Scheme: "smsto"
I/PackageManager( 1572): Adding preferred activity ComponentInfo{com.android.mms/com.android.mms.ui.ComposeMessageActivity} for user 0 :
I/Icing   ( 2238): IndexChimeraService.getServiceInterface callingPackage=com.google.android.gms componentName=AppsCorpus serviceId=36
I/PackageManager( 1572):   Action: "android.intent.action.SENDTO"
I/PackageManager( 1572):   Category: "android.intent.category.DEFAULT"
I/PackageManager( 1572):   Scheme: "mms"
I/PackageManager( 1572): Adding preferred activity ComponentInfo{com.android.mms/com.android.mms.ui.ComposeMessageActivity} for user 0 :
V/RipperService( 2209): PING
V/AndroidRipperService( 2209): mHandler.handleMessage() RECIVED
V/AndroidRipperService( 2209): broadcast()
V/AndroidRipperService( 2209): broadcast() done
V/        ( 2209): ready
D/dalvikvm( 1812): GC_FOR_ALLOC freed 394K, 17% free 3663K/4392K, paused 2ms, total 2ms
W/ContextImpl( 2358): Implicit intents with startService are not safe: Intent { act=com.google.android.gms.icing.INDEX_SERVICE } android.content.ContextWrapper.bindService:517 com.google.android.gms.internal.av.a:-1 com.google.android.gms.internal.au.connect:-1 
I/Fitness ( 1785): FitCleanupIntentOperation received Intent android.intent.action.PACKAGE_CHANGED [CONTEXT service_id=17 ]
W/Launcher( 2407): setApplicationContext called twice! old=com.google.android.velvet.VelvetApplication@9d075750 new=com.google.android.velvet.VelvetApplication@9d075750
I/Icing   ( 2238): IndexChimeraService.getServiceInterface callingPackage=com.google.android.googlequicksearchbox componentName=null serviceId=21
I/PackageManager( 1572):   Action: "android.intent.action.SENDTO"
I/PackageManager( 1572):   Category: "android.intent.category.DEFAULT"
I/PackageManager( 1572):   Scheme: "mmsto"
I/Fitness ( 1785): OnPackageChangedOperation got intent: Intent { act=android.intent.action.PACKAGE_CHANGED dat=package:com.google.android.gsf flg=0x4000010 cmp=com.google.android.gms/.chimera.PersistentIntentOperationService (has extras) } [CONTEXT service_id=17 ]
I/PackageManager( 1572): Adding preferred activity ComponentInfo{com.android.mms/com.android.mms.ui.ComposeMessageActivity} for user 0 :
D/dalvikvm( 1572): GC_FOR_ALLOC freed 1505K, 43% free 9295K/16104K, paused 11ms, total 11ms
I/Fitness ( 1785): OnPackageChangedOperation got intent: Intent { act=android.intent.action.PACKAGE_CHANGED dat=package:com.google.android.gms flg=0x4000010 cmp=com.google.android.gms/.chimera.PersistentIntentOperationService (has extras) } [CONTEXT service_id=17 ]
I/Vision  ( 2238): Requesting optional module download of ocr.
I/PackageManager( 1572):   Action: "android.intent.action.SENDTO"
I/PackageManager( 1572):   Category: "android.intent.category.DEFAULT"
I/PackageManager( 1572):   Scheme: "sms"
I/Vision  ( 2238): Exceeded maximum feature download tries for ocr
W/Vision  ( 2238): Request of optional module download of ocr failed.
I/Vision  ( 2238): Checking for download completion for 65559 -- ocr
E/dalvikvm( 2238): JIT code cache full
I/PackageManager( 1572): Adding preferred activity ComponentInfo{com.android.mms/com.android.mms.ui.ComposeMessageActivity} for user 0 :
I/PackageManager( 1572):   Action: "android.intent.action.SENDTO"
I/PackageManager( 1572):   Category: "android.intent.category.DEFAULT"
I/PackageManager( 1572):   Scheme: "smsto"
I/PackageManager( 1572): Adding preferred activity ComponentInfo{com.android.mms/com.android.mms.ui.ComposeMessageActivity} for user 0 :
I/Fitness ( 1785): FitCleanupIntentOperation received Intent android.intent.action.PACKAGE_CHANGED [CONTEXT service_id=17 ]
W/Icing   ( 2238): No valid account for uploading user actions
W/Icing.InternalIcingCorporaProvider( 2358): Application table change notification failed.
I/Icing.InternalIcingCorporaProvider( 2358): Updating corpora: A: com.google.android.gms, C: MAYBE
D/dalvikvm( 1812): GC_FOR_ALLOC freed 380K, 17% free 3655K/4392K, paused 2ms, total 2ms
I/PackageManager( 1572):   Action: "android.intent.action.SENDTO"
I/PackageManager( 1572):   Category: "android.intent.category.DEFAULT"
I/PackageManager( 1572):   Scheme: "mms"
I/PackageManager( 1572): Adding preferred activity ComponentInfo{com.android.mms/com.android.mms.ui.ComposeMessageActivity} for user 0 :
I/PackageManager( 1572):   Action: "android.intent.action.SENDTO"
I/PackageManager( 1572):   Category: "android.intent.category.DEFAULT"
I/PackageManager( 1572):   Scheme: "mmsto"
I/PackageManager( 1572): Adding preferred activity ComponentInfo{com.android.mms/com.android.mms.ui.ComposeMessageActivity} for user 0 :
I/Icing   ( 2238): Usage reports ok 0, Failed Usage reports 0, indexed 0, rejected 0
I/Icing   ( 2238): updateResources: need to parse wwx{com.google.android.gms}
I/PackageManager( 1572):   Action: "android.intent.action.SENDTO"
I/PackageManager( 1572):   Category: "android.intent.category.DEFAULT"
I/PackageManager( 1572):   Scheme: "sms"
I/Icing   ( 2238): IndexChimeraService.getServiceInterface callingPackage=com.google.android.googlequicksearchbox componentName=null serviceId=21
I/PackageManager( 1572): Adding preferred activity ComponentInfo{com.android.mms/com.android.mms.ui.ComposeMessageActivity} for user 0 :
I/PackageManager( 1572):   Action: "android.intent.action.SENDTO"
I/PackageManager( 1572):   Category: "android.intent.category.DEFAULT"
I/PackageManager( 1572):   Scheme: "smsto"
I/PackageManager( 1572): Adding preferred activity ComponentInfo{com.android.mms/com.android.mms.ui.ComposeMessageActivity} for user 0 :
D/dalvikvm( 1812): GC_FOR_ALLOC freed 387K, 17% free 3667K/4392K, paused 2ms, total 2ms
I/PackageManager( 1572):   Action: "android.intent.action.SENDTO"
I/PackageManager( 1572):   Category: "android.intent.category.DEFAULT"
I/PackageManager( 1572):   Scheme: "mms"
I/PackageManager( 1572): Adding preferred activity ComponentInfo{com.android.mms/com.android.mms.ui.ComposeMessageActivity} for user 0 :
I/PackageManager( 1572):   Action: "android.intent.action.SENDTO"
I/PackageManager( 1572):   Category: "android.intent.category.DEFAULT"
I/PackageManager( 1572):   Scheme: "mmsto"
I/PackageManager( 1572): Adding preferred activity ComponentInfo{com.android.mms/com.android.mms.ui.ComposeMessageActivity} for user 0 :
W/Icing   ( 2238): No valid account for uploading user actions
I/Icing   ( 2238): Usage reports ok 0, Failed Usage reports 0, indexed 0, rejected 0
W/Icing   ( 2238): No valid account for uploading user actions
I/Icing   ( 2238): Usage reports ok 0, Failed Usage reports 0, indexed 0, rejected 0
I/Icing   ( 2238): Indexing com.google.android.gms-apps from com.google.android.gms
I/Icing   ( 2238): Indexing com.google.android.googlequicksearchbox-applications from com.google.android.googlequicksearchbox
I/Icing   ( 2238): Indexing done com.google.android.gms-apps
I/Icing   ( 2238): Indexing done com.google.android.googlequicksearchbox-applications
I/Icing   ( 2238): Indexing com.google.android.gms-internal.3p:MobileApplication from com.google.android.gms
D/dalvikvm( 2238): JIT code cache reset in 0 ms (523200 bytes 2/0)
D/dalvikvm( 2238): GC_FOR_ALLOC freed 1948K, 15% free 20949K/24632K, paused 17ms, total 17ms
I/Icing   ( 2238): Indexing done com.google.android.gms-internal.3p:MobileApplication
V/RipperService( 2209): PING
V/AndroidRipperService( 2209): mHandler.handleMessage() RECIVED
V/AndroidRipperService( 2209): broadcast()
V/AndroidRipperService( 2209): broadcast() done
V/        ( 2209): ready
V/RipperService( 2209): PING
V/AndroidRipperService( 2209): mHandler.handleMessage() RECIVED
V/AndroidRipperService( 2209): broadcast()
V/AndroidRipperService( 2209): broadcast() done
V/        ( 2209): ready
D/dalvikvm( 1572): GC_FOR_ALLOC freed 1682K, 43% free 9185K/16104K, paused 11ms, total 11ms
D/dalvikvm( 1785): GC_FOR_ALLOC freed 2238K, 24% free 10072K/13196K, paused 9ms, total 9ms
D/dalvikvm( 2209): GC_FOR_ALLOC freed 482K, 18% free 3083K/3752K, paused 2ms, total 2ms
V/RipperService( 2209): PING
V/AndroidRipperService( 2209): mHandler.handleMessage() RECIVED
V/AndroidRipperService( 2209): broadcast()
V/AndroidRipperService( 2209): broadcast() done
V/        ( 2209): ready
V/RipperService( 2209): PING
V/AndroidRipperService( 2209): mHandler.handleMessage() RECIVED
V/AndroidRipperService( 2209): broadcast()
V/AndroidRipperService( 2209): broadcast() done
V/        ( 2209): ready
W/Nearby  ( 1785): Failed attempt #3 out of 3 for RestoreDeviceName [CONTEXT service_id=49 ]
W/Nearby  ( 1785): java.lang.IllegalStateException: BluetoothAdapter not ready yet!
W/Nearby  ( 1785): 	at adap.d(:com.google.android.gms@202414005@20.24.14 (000700-319035315):2)
W/Nearby  ( 1785): 	at adao.run(Unknown Source)
W/Nearby  ( 1785): 	at bksp.call(Unknown Source)
W/Nearby  ( 1785): 	at bksu.a(:com.google.android.gms@202414005@20.24.14 (000700-319035315):2)
W/Nearby  ( 1785): 	at bksu.a(:com.google.android.gms@202414005@20.24.14 (000700-319035315):9)
W/Nearby  ( 1785): 	at adan.run(Unknown Source)
W/Nearby  ( 1785): 	at java.lang.Thread.run(Thread.java:841)
W/Nearby  ( 1785): 	at nln.run(Unknown Source)
W/Nearby  ( 1785): 	at java.util.concurrent.ThreadPoolExecutor.runWorker(ThreadPoolExecutor.java:1112)
W/Nearby  ( 1785): 	at java.util.concurrent.ThreadPoolExecutor$Worker.run(ThreadPoolExecutor.java:587)
W/Nearby  ( 1785): 	at nrd.run(:com.google.android.gms@202414005@20.24.14 (000700-319035315):0)
W/Nearby  ( 1785): 	at java.lang.Thread.run(Thread.java:841)
D/InitAlarmsService( 2547): Clearing and rescheduling alarms.
I/ActivityManager( 1572): Killing 2153:com.android.defcontainer/u0a3 (adj 15): empty #17
V/RipperService( 2209): PING
V/AndroidRipperService( 2209): mHandler.handleMessage() RECIVED
V/AndroidRipperService( 2209): broadcast()
V/AndroidRipperService( 2209): broadcast() done
V/        ( 2209): ready
I/Vision  ( 2238): Requesting optional module download of ocr.
I/Vision  ( 2238): Checking for download completion for 75573 -- ocr
I/ChimeraConfigurator( 2238): Starting update, reason: 4 urgentFeatures: vision.ocr:-1
E/ConfigFileUtils( 2238): Failed to read config file: /data/data/com.google.android.gms/app_chimera/next_container.pb: open failed: ENOENT (No such file or directory)
I/ChmraDebugLogger( 2238): [73] 1801
I/ChmraDebugLogger( 2238): [30] [VisionOcr.optional:202414000700] permitMetered=true,
W/ChimeraConfigService( 2238): Retry attempt was throttled.
V/RipperService( 2209): PING
V/AndroidRipperService( 2209): mHandler.handleMessage() RECIVED
V/AndroidRipperService( 2209): broadcast()
V/AndroidRipperService( 2209): broadcast() done
V/        ( 2209): ready
V/RipperService( 2209): PING
V/AndroidRipperService( 2209): mHandler.handleMessage() RECIVED
V/AndroidRipperService( 2209): broadcast()
V/AndroidRipperService( 2209): broadcast() done
V/        ( 2209): ready
D/ConnectivityService( 1572): Sampling interval elapsed, updating statistics ..
D/ConnectivityService( 1572): Done.
D/ConnectivityService( 1572): Setting timer for 720seconds
D/dalvikvm( 2209): GC_FOR_ALLOC freed 515K, 19% free 3083K/3784K, paused 6ms, total 6ms
V/RipperService( 2209): PING
V/AndroidRipperService( 2209): mHandler.handleMessage() RECIVED
V/AndroidRipperService( 2209): broadcast()
V/AndroidRipperService( 2209): broadcast() done
V/        ( 2209): ready
V/RipperService( 2209): PING
V/AndroidRipperService( 2209): mHandler.handleMessage() RECIVED
V/AndroidRipperService( 2209): broadcast()
V/AndroidRipperService( 2209): broadcast() done
V/        ( 2209): ready
V/RipperService( 2209): PING
V/AndroidRipperService( 2209): mHandler.handleMessage() RECIVED
V/AndroidRipperService( 2209): broadcast()
V/AndroidRipperService( 2209): broadcast() done
V/        ( 2209): ready
I/Vision  ( 2238): Requesting optional module download of ocr.
I/Vision  ( 2238): Checking for download completion for 85586 -- ocr
V/RipperService( 2209): PING
V/AndroidRipperService( 2209): mHandler.handleMessage() RECIVED
V/AndroidRipperService( 2209): broadcast()
V/AndroidRipperService( 2209): broadcast() done
V/        ( 2209): ready
V/RipperService( 2209): PING
V/AndroidRipperService( 2209): mHandler.handleMessage() RECIVED
V/AndroidRipperService( 2209): broadcast()
V/AndroidRipperService( 2209): broadcast() done
V/        ( 2209): ready
D/dalvikvm( 2209): GC_FOR_ALLOC freed 513K, 19% free 3081K/3784K, paused 2ms, total 2ms
V/RipperService( 2209): PING
V/AndroidRipperService( 2209): mHandler.handleMessage() RECIVED
V/AndroidRipperService( 2209): broadcast()
V/AndroidRipperService( 2209): broadcast() done
V/        ( 2209): ready
V/RipperService( 2209): PING
V/AndroidRipperService( 2209): mHandler.handleMessage() RECIVED
V/AndroidRipperService( 2209): broadcast()
V/AndroidRipperService( 2209): broadcast() done
V/        ( 2209): ready
I/MediaFocusControl( 1572):  AudioFocus  abandonAudioFocus() from android.media.AudioManager@9d076180com.android.music.MediaPlaybackService$3@9d075080
W/MediaFocusControl( 1572):   RemoteControlClient died
I/ActivityManager( 1572): Killing 2316:com.android.music/u0a36 (adj 15): empty #17
V/RipperService( 2209): PING
V/AndroidRipperService( 2209): mHandler.handleMessage() RECIVED
V/AndroidRipperService( 2209): broadcast()
V/AndroidRipperService( 2209): broadcast() done
V/        ( 2209): ready
I/Vision  ( 2238): Requesting optional module download of ocr.
I/Vision  ( 2238): Checking for download completion for 95595 -- ocr
V/RipperService( 2209): PING
V/AndroidRipperService( 2209): mHandler.handleMessage() RECIVED
V/AndroidRipperService( 2209): broadcast()
V/AndroidRipperService( 2209): broadcast() done
V/        ( 2209): ready
V/RipperService( 2209): PING
V/AndroidRipperService( 2209): mHandler.handleMessage() RECIVED
V/AndroidRipperService( 2209): broadcast()
V/AndroidRipperService( 2209): broadcast() done
V/        ( 2209): ready
D/dalvikvm( 2209): GC_FOR_ALLOC freed 511K, 19% free 3082K/3784K, paused 2ms, total 2ms
V/RipperService( 2209): PING
V/AndroidRipperService( 2209): mHandler.handleMessage() RECIVED
V/AndroidRipperService( 2209): broadcast()
V/AndroidRipperService( 2209): broadcast() done
V/        ( 2209): ready
V/RipperService( 2209): PING
V/AndroidRipperService( 2209): mHandler.handleMessage() RECIVED
V/AndroidRipperService( 2209): broadcast()
V/AndroidRipperService( 2209): broadcast() done
V/        ( 2209): ready
V/RipperService( 2209): PING
V/AndroidRipperService( 2209): mHandler.handleMessage() RECIVED
V/AndroidRipperService( 2209): broadcast()
V/AndroidRipperService( 2209): broadcast() done
V/        ( 2209): ready
V/RipperService( 2209): PING
V/AndroidRipperService( 2209): mHandler.handleMessage() RECIVED
V/AndroidRipperService( 2209): broadcast()
V/AndroidRipperService( 2209): broadcast() done
V/        ( 2209): ready
V/RipperService( 2209): PING
V/AndroidRipperService( 2209): mHandler.handleMessage() RECIVED
V/AndroidRipperService( 2209): broadcast()
V/AndroidRipperService( 2209): broadcast() done
V/        ( 2209): ready
I/Vision  ( 2238): Requesting optional module download of ocr.
I/Vision  ( 2238): Checking for download completion for 110249 -- ocr
I/NetworkScheduler.Stats( 1785): Task com.google.android.gms/com.google.android.gms.auth.account.be.legacy.AuthCronService started execution. cause:4 exec_start_elapsed_seconds: 100 [CONTEXT service_id=218 ]
D/dalvikvm( 2769): GC_FOR_ALLOC freed 813K, 42% free 5619K/9676K, paused 3ms, total 3ms
D/dalvikvm( 1785): GC_FOR_ALLOC freed 1795K, 22% free 10325K/13196K, paused 11ms, total 12ms
I/dalvikvm( 1847): Could not find method android.content.Context.getDrawable, referenced from method jk.a
W/dalvikvm( 1847): VFY: unable to resolve virtual method 2472: Landroid/content/Context;.getDrawable (I)Landroid/graphics/drawable/Drawable;
D/dalvikvm( 1847): VFY: replacing opcode 0x6e at 0x0006
I/dalvikvm( 1847): Could not find method android.content.Context.getNoBackupFilesDir, referenced from method jk.b
W/dalvikvm( 1847): VFY: unable to resolve virtual method 2480: Landroid/content/Context;.getNoBackupFilesDir ()Ljava/io/File;
D/dalvikvm( 1847): VFY: replacing opcode 0x6e at 0x0006
W/dalvikvm( 1847): VFY: unable to find class referenced in signature (Landroid/net/Network;)
W/dalvikvm( 1847): VFY: unable to find class referenced in signature (Landroid/net/Network;)
I/dalvikvm( 1847): Could not find method android.net.Network.openConnection, referenced from method wna.a
W/dalvikvm( 1847): VFY: unable to resolve virtual method 5072: Landroid/net/Network;.openConnection (Ljava/net/URL;)Ljava/net/URLConnection;
D/dalvikvm( 1847): VFY: replacing opcode 0x6e at 0x008f
I/Auth    ( 1847): [ReflectiveChannelBinder] Successfully bound channel!
I/dalvikvm( 1847): Could not find method android.os.PowerManager.isInteractive, referenced from method nol.a
W/dalvikvm( 1847): VFY: unable to resolve virtual method 4227: Landroid/os/PowerManager;.isInteractive ()Z
D/dalvikvm( 1847): VFY: replacing opcode 0x6e at 0x0006
W/ProviderHelper( 1847): Unknown dynamite feature providerinstaller
I/DynamiteModule( 1847): Considering local module providerinstaller:0 and remote module providerinstaller:0
I/DynamiteModule( 1847): Considering local module providerinstaller:0 and remote module providerinstaller:0
W/Conscrypt( 1847): Could not set socket write timeout: java.net.SocketException: Socket closed
W/Conscrypt( 1847): 	at com.google.android.gms.org.conscrypt.Platform.setSocketWriteTimeout(:com.google.android.gms@202414005@20.24.14 (000700-319035315):2)
W/Conscrypt( 1847): 	at com.google.android.gms.org.conscrypt.ConscryptFileDescriptorSocket.setSoWriteTimeout(:com.google.android.gms@202414005@20.24.14 (000700-319035315):0)
D/dalvikvm( 1847): GC_FOR_ALLOC freed 950K, 16% free 6419K/7624K, paused 4ms, total 4ms
W/Conscrypt( 1847): Could not set socket write timeout: java.net.SocketException: Socket closed
W/Conscrypt( 1847): 	at com.google.android.gms.org.conscrypt.Platform.setSocketWriteTimeout(:com.google.android.gms@202414005@20.24.14 (000700-319035315):2)
W/Conscrypt( 1847): 	at com.google.android.gms.org.conscrypt.ConscryptFileDescriptorSocket.setSoWriteTimeout(:com.google.android.gms@202414005@20.24.14 (000700-319035315):0)
W/GLSUser ( 1847): [AppCertManager] IOException while requesting key: 
W/GLSUser ( 1847): java.io.IOException: Invalid device key response.
W/GLSUser ( 1847): 	at gtl.a(:com.google.android.gms@202414005@20.24.14 (000700-319035315):49)
W/GLSUser ( 1847): 	at gtj.b(:com.google.android.gms@202414005@20.24.14 (000700-319035315):2)
W/GLSUser ( 1847): 	at gte.a(:com.google.android.gms@202414005@20.24.14 (000700-319035315):0)
W/GLSUser ( 1847): 	at gth.a(:com.google.android.gms@202414005@20.24.14 (000700-319035315):10)
W/GLSUser ( 1847): 	at eyt.call(:com.google.android.gms@202414005@20.24.14 (000700-319035315):0)
W/GLSUser ( 1847): 	at java.util.concurrent.FutureTask.run(FutureTask.java:237)
W/GLSUser ( 1847): 	at nlp.b(:com.google.android.gms@202414005@20.24.14 (000700-319035315):12)
W/GLSUser ( 1847): 	at nlp.run(:com.google.android.gms@202414005@20.24.14 (000700-319035315):7)
W/GLSUser ( 1847): 	at java.util.concurrent.ThreadPoolExecutor.runWorker(ThreadPoolExecutor.java:1112)
W/GLSUser ( 1847): 	at java.util.concurrent.ThreadPoolExecutor$Worker.run(ThreadPoolExecutor.java:587)
W/GLSUser ( 1847): 	at nrd.run(:com.google.android.gms@202414005@20.24.14 (000700-319035315):0)
W/GLSUser ( 1847): 	at java.lang.Thread.run(Thread.java:841)
I/NetworkScheduler.Stats( 1785): Task com.google.android.gms/com.google.android.gms.auth.account.be.legacy.AuthCronService finished executing. cause:4 result: 3 elapsed_millis: 408 uptime_millis: 408 exec_start_elapsed_seconds: 100 [CONTEXT service_id=218 ]
I/NetworkScheduler.Stats( 1785): Task com.google.android.gms/com.google.android.gms.clearcut.uploader.QosUploaderService started execution. cause:5 exec_start_elapsed_seconds: 100 [CONTEXT service_id=218 ]
E/dalvikvm( 1785): Could not find class 'android.system.ErrnoException', referenced from method mck.a
W/dalvikvm( 1785): VFY: unable to resolve instanceof 1082 (Landroid/system/ErrnoException;) in Lmck;
D/dalvikvm( 1785): VFY: replacing opcode 0x20 at 0x000a
W/Conscrypt( 1785): Could not set socket write timeout: java.net.SocketException: Socket closed
W/Conscrypt( 1785): 	at com.google.android.gms.org.conscrypt.Platform.setSocketWriteTimeout(:com.google.android.gms@202414005@20.24.14 (000700-319035315):2)
W/Conscrypt( 1785): 	at com.google.android.gms.org.conscrypt.ConscryptFileDescriptorSocket.setSoWriteTimeout(:com.google.android.gms@202414005@20.24.14 (000700-319035315):0)
W/Conscrypt( 1785): Could not set socket write timeout: java.net.SocketException: Socket closed
W/Conscrypt( 1785): 	at com.google.android.gms.org.conscrypt.Platform.setSocketWriteTimeout(:com.google.android.gms@202414005@20.24.14 (000700-319035315):2)
W/Conscrypt( 1785): 	at com.google.android.gms.org.conscrypt.ConscryptFileDescriptorSocket.setSoWriteTimeout(:com.google.android.gms@202414005@20.24.14 (000700-319035315):0)
D/dalvikvm( 1785): GC_FOR_ALLOC freed 2321K, 24% free 10047K/13196K, paused 9ms, total 9ms
W/Conscrypt( 1785): Could not set socket write timeout: java.net.SocketException: Socket closed
W/Conscrypt( 1785): 	at com.google.android.gms.org.conscrypt.Platform.setSocketWriteTimeout(:com.google.android.gms@202414005@20.24.14 (000700-319035315):2)
W/Conscrypt( 1785): 	at com.google.android.gms.org.conscrypt.ConscryptFileDescriptorSocket.setSoWriteTimeout(:com.google.android.gms@202414005@20.24.14 (000700-319035315):0)
W/Conscrypt( 1785): Could not set socket write timeout: java.net.SocketException: Socket closed
W/Conscrypt( 1785): 	at com.google.android.gms.org.conscrypt.Platform.setSocketWriteTimeout(:com.google.android.gms@202414005@20.24.14 (000700-319035315):2)
W/Conscrypt( 1785): 	at com.google.android.gms.org.conscrypt.ConscryptFileDescriptorSocket.setSoWriteTimeout(:com.google.android.gms@202414005@20.24.14 (000700-319035315):0)
I/NetworkScheduler.Stats( 1785): Task com.google.android.gms/com.google.android.gms.clearcut.uploader.QosUploaderService finished executing. cause:5 result: 1 elapsed_millis: 612 uptime_millis: 612 exec_start_elapsed_seconds: 100 [CONTEXT service_id=218 ]
I/NetworkScheduler.Stats( 1785): Task com.google.android.gms/com.google.android.gms.chimera.container.ConfigService started execution. cause:5 exec_start_elapsed_seconds: 101 [CONTEXT service_id=218 ]
I/ChimeraConfigurator( 2238): Starting update, reason: 1 urgentFeatures: 
E/ConfigFileUtils( 2238): Failed to read config file: /data/data/com.google.android.gms/app_chimera/next_container.pb: open failed: ENOENT (No such file or directory)
I/ChmraDebugLogger( 2238): [73] 1801
I/ChmraDebugLogger( 2238): [30] [VisionOcr.optional:202414000700] permitMetered=true,
I/ChimeraConfigService( 2238): Scheduling checkin for one-off execution between [3300,43200] seconds from now (1629009279433)
I/ChimeraConfigService( 2238): Scheduling checkin every 43200 seconds, with flex of 1800 seconds
I/NetworkScheduler.Stats( 1785): Task com.google.android.gms/com.google.android.gms.chimera.container.ConfigService finished executing. cause:5 result: 2 elapsed_millis: 59 uptime_millis: 59 exec_start_elapsed_seconds: 101 [CONTEXT service_id=218 ]
I/NetworkScheduler.Stats( 1785): Task com.google.android.gms/com.google.android.gms.telephonyspam.sync.SpamListSyncTaskService started execution. cause:5 exec_start_elapsed_seconds: 101 [CONTEXT service_id=218 ]
I/TelephonySpam( 2238): TelephonySpamChimeraService - Running Telephony Spam Chimera Service
I/NetworkScheduler.Stats( 1785): Task com.google.android.gms/com.google.android.gms.telephonyspam.sync.SpamListSyncTaskService finished executing. cause:5 result: 2 elapsed_millis: 10 uptime_millis: 10 exec_start_elapsed_seconds: 101 [CONTEXT service_id=218 ]
D/dalvikvm( 2209): GC_FOR_ALLOC freed 512K, 19% free 3081K/3784K, paused 2ms, total 2ms
V/RipperService( 2209): PING
V/AndroidRipperService( 2209): mHandler.handleMessage() RECIVED
V/AndroidRipperService( 2209): broadcast()
V/AndroidRipperService( 2209): broadcast() done
V/        ( 2209): ready
V/RipperService( 2209): PING
V/AndroidRipperService( 2209): mHandler.handleMessage() RECIVED
V/AndroidRipperService( 2209): broadcast()
V/AndroidRipperService( 2209): broadcast() done
V/        ( 2209): ready
V/RipperService( 2209): PING
V/AndroidRipperService( 2209): mHandler.handleMessage() RECIVED
V/AndroidRipperService( 2209): broadcast()
V/AndroidRipperService( 2209): broadcast() done
V/        ( 2209): ready
V/RipperService( 2209): PING
V/AndroidRipperService( 2209): mHandler.handleMessage() RECIVED
V/AndroidRipperService( 2209): broadcast()
V/AndroidRipperService( 2209): broadcast() done
V/        ( 2209): ready
V/RipperService( 2209): PING
V/AndroidRipperService( 2209): mHandler.handleMessage() RECIVED
V/AndroidRipperService( 2209): broadcast()
V/AndroidRipperService( 2209): broadcast() done
V/        ( 2209): ready
I/Vision  ( 2238): Requesting optional module download of ocr.
I/Vision  ( 2238): Checking for download completion for 120257 -- ocr
D/dalvikvm( 2209): GC_FOR_ALLOC freed 511K, 19% free 3082K/3784K, paused 2ms, total 2ms
V/RipperService( 2209): PING
V/AndroidRipperService( 2209): mHandler.handleMessage() RECIVED
V/AndroidRipperService( 2209): broadcast()
V/AndroidRipperService( 2209): broadcast() done
V/        ( 2209): ready
V/RipperService( 2209): PING
V/AndroidRipperService( 2209): mHandler.handleMessage() RECIVED
V/AndroidRipperService( 2209): broadcast()
V/AndroidRipperService( 2209): broadcast() done
V/        ( 2209): ready
V/RipperService( 2209): PING
V/AndroidRipperService( 2209): mHandler.handleMessage() RECIVED
V/AndroidRipperService( 2209): broadcast()
V/AndroidRipperService( 2209): broadcast() done
V/        ( 2209): ready
V/RipperService( 2209): PING
V/AndroidRipperService( 2209): mHandler.handleMessage() RECIVED
V/AndroidRipperService( 2209): broadcast()
V/AndroidRipperService( 2209): broadcast() done
V/        ( 2209): ready
V/RipperService( 2209): PING
V/AndroidRipperService( 2209): mHandler.handleMessage() RECIVED
V/AndroidRipperService( 2209): broadcast()
V/AndroidRipperService( 2209): broadcast() done
V/        ( 2209): ready
W/ActivityManager( 1572): Unable to start service Intent { act=com.google.android.gms.drive.ApiService.RESET_AFTER_BOOT flg=0x4 cmp=com.google.android.gms/.drive.api.ApiService (has extras) } U=0: not found
I/Vision  ( 2238): Requesting optional module download of ocr.
I/Vision  ( 2238): Exceeded maximum feature download tries for ocr
W/Vision  ( 2238): Request of optional module download of ocr failed.
I/Vision  ( 2238): Checking for download completion for 130268 -- ocr
D/dalvikvm( 1785): GC_FOR_ALLOC freed 1852K, 23% free 10242K/13196K, paused 9ms, total 9ms
D/dalvikvm( 2209): GC_FOR_ALLOC freed 512K, 19% free 3082K/3784K, paused 3ms, total 3ms
V/RipperService( 2209): PING
V/AndroidRipperService( 2209): mHandler.handleMessage() RECIVED
V/AndroidRipperService( 2209): broadcast()
V/AndroidRipperService( 2209): broadcast() done
V/        ( 2209): ready
V/RipperService( 2209): PING
V/AndroidRipperService( 2209): mHandler.handleMessage() RECIVED
V/AndroidRipperService( 2209): broadcast()
V/AndroidRipperService( 2209): broadcast() done
V/        ( 2209): ready
V/RipperService( 2209): PING
V/AndroidRipperService( 2209): mHandler.handleMessage() RECIVED
V/AndroidRipperService( 2209): broadcast()
V/AndroidRipperService( 2209): broadcast() done
V/        ( 2209): ready
V/RipperService( 2209): PING
V/AndroidRipperService( 2209): mHandler.handleMessage() RECIVED
V/AndroidRipperService( 2209): broadcast()
V/AndroidRipperService( 2209): broadcast() done
V/        ( 2209): ready
V/RipperService( 2209): PING
V/AndroidRipperService( 2209): mHandler.handleMessage() RECIVED
V/AndroidRipperService( 2209): broadcast()
V/AndroidRipperService( 2209): broadcast() done
V/        ( 2209): ready
I/Vision  ( 2238): Requesting optional module download of ocr.
I/Vision  ( 2238): Checking for download completion for 140279 -- ocr
I/ChimeraConfigurator( 2238): Starting update, reason: 4 urgentFeatures: vision.ocr:-1
E/ConfigFileUtils( 2238): Failed to read config file: /data/data/com.google.android.gms/app_chimera/next_container.pb: open failed: ENOENT (No such file or directory)
D/dalvikvm( 2238): GC_FOR_ALLOC freed 2043K, 15% free 20947K/24632K, paused 17ms, total 18ms
I/ChmraDebugLogger( 2238): [73] 1801
I/ChmraDebugLogger( 2238): [30] [VisionOcr.optional:202414000700] permitMetered=true,
W/ChimeraConfigService( 2238): Retry attempt was throttled.
D/dalvikvm( 2209): GC_FOR_ALLOC freed 513K, 19% free 3081K/3784K, paused 2ms, total 2ms
V/RipperService( 2209): PING
V/AndroidRipperService( 2209): mHandler.handleMessage() RECIVED
V/AndroidRipperService( 2209): broadcast()
V/AndroidRipperService( 2209): broadcast() done
V/        ( 2209): ready
V/RipperService( 2209): PING
V/AndroidRipperService( 2209): mHandler.handleMessage() RECIVED
V/AndroidRipperService( 2209): broadcast()
V/AndroidRipperService( 2209): broadcast() done
V/        ( 2209): ready
V/RipperService( 2209): PING
V/AndroidRipperService( 2209): mHandler.handleMessage() RECIVED
V/AndroidRipperService( 2209): broadcast()
V/AndroidRipperService( 2209): broadcast() done
V/        ( 2209): ready
V/RipperService( 2209): PING
V/AndroidRipperService( 2209): mHandler.handleMessage() RECIVED
V/AndroidRipperService( 2209): broadcast()
V/AndroidRipperService( 2209): broadcast() done
V/        ( 2209): ready
V/RipperService( 2209): PING
V/AndroidRipperService( 2209): mHandler.handleMessage() RECIVED
V/AndroidRipperService( 2209): broadcast()
V/AndroidRipperService( 2209): broadcast() done
V/        ( 2209): ready
I/Vision  ( 2238): Requesting optional module download of ocr.
I/Vision  ( 2238): Checking for download completion for 150289 -- ocr
D/dalvikvm( 2209): GC_FOR_ALLOC freed 512K, 19% free 3080K/3784K, paused 2ms, total 2ms
V/RipperService( 2209): PING
V/AndroidRipperService( 2209): mHandler.handleMessage() RECIVED
V/AndroidRipperService( 2209): broadcast()
V/AndroidRipperService( 2209): broadcast() done
V/        ( 2209): ready
V/RipperService( 2209): PING
V/AndroidRipperService( 2209): mHandler.handleMessage() RECIVED
V/AndroidRipperService( 2209): broadcast()
V/AndroidRipperService( 2209): broadcast() done
V/        ( 2209): ready
V/RipperService( 2209): PING
V/AndroidRipperService( 2209): mHandler.handleMessage() RECIVED
V/AndroidRipperService( 2209): broadcast()
V/AndroidRipperService( 2209): broadcast() done
V/        ( 2209): ready
V/RipperService( 2209): PING
V/AndroidRipperService( 2209): mHandler.handleMessage() RECIVED
V/AndroidRipperService( 2209): broadcast()
V/AndroidRipperService( 2209): broadcast() done
V/        ( 2209): ready
V/RipperService( 2209): PING
V/AndroidRipperService( 2209): mHandler.handleMessage() RECIVED
V/AndroidRipperService( 2209): broadcast()
V/AndroidRipperService( 2209): broadcast() done
V/        ( 2209): ready
I/Vision  ( 2238): Requesting optional module download of ocr.
I/Vision  ( 2238): Checking for download completion for 160297 -- ocr
D/dalvikvm( 2209): GC_FOR_ALLOC freed 510K, 19% free 3082K/3784K, paused 2ms, total 2ms
V/RipperService( 2209): PING
V/AndroidRipperService( 2209): mHandler.handleMessage() RECIVED
V/AndroidRipperService( 2209): broadcast()
V/AndroidRipperService( 2209): broadcast() done
V/        ( 2209): ready
V/RipperService( 2209): PING
V/AndroidRipperService( 2209): mHandler.handleMessage() RECIVED
V/AndroidRipperService( 2209): broadcast()
V/AndroidRipperService( 2209): broadcast() done
V/        ( 2209): ready
V/RipperService( 2209): PING
V/AndroidRipperService( 2209): mHandler.handleMessage() RECIVED
V/AndroidRipperService( 2209): broadcast()
V/AndroidRipperService( 2209): broadcast() done
V/        ( 2209): ready
V/RipperService( 2209): PING
V/AndroidRipperService( 2209): mHandler.handleMessage() RECIVED
V/AndroidRipperService( 2209): broadcast()
V/AndroidRipperService( 2209): broadcast() done
V/        ( 2209): ready
V/RipperService( 2209): PING
V/AndroidRipperService( 2209): mHandler.handleMessage() RECIVED
V/AndroidRipperService( 2209): broadcast()
V/AndroidRipperService( 2209): broadcast() done
V/        ( 2209): ready
I/Vision  ( 2238): Requesting optional module download of ocr.
I/Vision  ( 2238): Checking for download completion for 170306 -- ocr
D/dalvikvm( 2209): GC_FOR_ALLOC freed 513K, 19% free 3081K/3784K, paused 2ms, total 2ms
V/RipperService( 2209): PING
V/AndroidRipperService( 2209): mHandler.handleMessage() RECIVED
V/AndroidRipperService( 2209): broadcast()
V/AndroidRipperService( 2209): broadcast() done
V/        ( 2209): ready
V/RipperService( 2209): PING
V/AndroidRipperService( 2209): mHandler.handleMessage() RECIVED
V/AndroidRipperService( 2209): broadcast()
V/AndroidRipperService( 2209): broadcast() done
V/        ( 2209): ready
V/RipperService( 2209): PING
V/AndroidRipperService( 2209): mHandler.handleMessage() RECIVED
V/AndroidRipperService( 2209): broadcast()
V/AndroidRipperService( 2209): broadcast() done
V/        ( 2209): ready
V/RipperService( 2209): PING
V/AndroidRipperService( 2209): mHandler.handleMessage() RECIVED
V/AndroidRipperService( 2209): broadcast()
V/AndroidRipperService( 2209): broadcast() done
V/        ( 2209): ready
V/RipperService( 2209): PING
V/AndroidRipperService( 2209): mHandler.handleMessage() RECIVED
V/AndroidRipperService( 2209): broadcast()
V/AndroidRipperService( 2209): broadcast() done
V/        ( 2209): ready
I/Vision  ( 2238): Requesting optional module download of ocr.
I/Vision  ( 2238): Checking for download completion for 180315 -- ocr
D/dalvikvm( 2209): GC_FOR_ALLOC freed 511K, 19% free 3081K/3784K, paused 2ms, total 2ms
V/RipperService( 2209): PING
V/AndroidRipperService( 2209): mHandler.handleMessage() RECIVED
V/AndroidRipperService( 2209): broadcast()
V/AndroidRipperService( 2209): broadcast() done
V/        ( 2209): ready
V/RipperService( 2209): PING
V/AndroidRipperService( 2209): mHandler.handleMessage() RECIVED
V/AndroidRipperService( 2209): broadcast()
V/AndroidRipperService( 2209): broadcast() done
V/        ( 2209): ready
V/RipperService( 2209): PING
V/AndroidRipperService( 2209): mHandler.handleMessage() RECIVED
V/AndroidRipperService( 2209): broadcast()
V/AndroidRipperService( 2209): broadcast() done
V/        ( 2209): ready
V/RipperService( 2209): PING
V/AndroidRipperService( 2209): mHandler.handleMessage() RECIVED
V/AndroidRipperService( 2209): broadcast()
V/AndroidRipperService( 2209): broadcast() done
V/        ( 2209): ready
V/RipperService( 2209): PING
V/AndroidRipperService( 2209): mHandler.handleMessage() RECIVED
V/AndroidRipperService( 2209): broadcast()
V/AndroidRipperService( 2209): broadcast() done
V/        ( 2209): ready
I/Vision  ( 2238): Requesting optional module download of ocr.
I/Vision  ( 2238): Exceeded maximum feature download tries for ocr
W/Vision  ( 2238): Request of optional module download of ocr failed.
I/Vision  ( 2238): Checking for download completion for 190324 -- ocr
D/dalvikvm( 2209): GC_FOR_ALLOC freed 512K, 19% free 3081K/3784K, paused 2ms, total 2ms
V/RipperService( 2209): PING
V/AndroidRipperService( 2209): mHandler.handleMessage() RECIVED
V/AndroidRipperService( 2209): broadcast()
V/AndroidRipperService( 2209): broadcast() done
V/        ( 2209): ready
V/RipperService( 2209): PING
V/AndroidRipperService( 2209): mHandler.handleMessage() RECIVED
V/AndroidRipperService( 2209): broadcast()
V/AndroidRipperService( 2209): broadcast() done
V/        ( 2209): ready
V/RipperService( 2209): PING
V/AndroidRipperService( 2209): mHandler.handleMessage() RECIVED
V/AndroidRipperService( 2209): broadcast()
V/AndroidRipperService( 2209): broadcast() done
V/        ( 2209): ready
V/RipperService( 2209): PING
V/AndroidRipperService( 2209): mHandler.handleMessage() RECIVED
V/AndroidRipperService( 2209): broadcast()
V/AndroidRipperService( 2209): broadcast() done
V/        ( 2209): ready
V/RipperService( 2209): PING
V/AndroidRipperService( 2209): mHandler.handleMessage() RECIVED
V/AndroidRipperService( 2209): broadcast()
V/AndroidRipperService( 2209): broadcast() done
V/        ( 2209): ready
I/Vision  ( 2238): Requesting optional module download of ocr.
I/Vision  ( 2238): Checking for download completion for 200332 -- ocr
I/ChimeraConfigurator( 2238): Starting update, reason: 4 urgentFeatures: vision.ocr:-1
E/ConfigFileUtils( 2238): Failed to read config file: /data/data/com.google.android.gms/app_chimera/next_container.pb: open failed: ENOENT (No such file or directory)
I/ChmraDebugLogger( 2238): [73] 1801
I/ChmraDebugLogger( 2238): [30] [VisionOcr.optional:202414000700] permitMetered=true,
W/ChimeraConfigService( 2238): Retry attempt was throttled.
V/SERVER  ( 2209): ServerSocket on PORT 18888: offline
V/AndroidRipperService( 2209): mHandler.handleMessage() DISCONNECTED
V/SERVER  ( 2209): Ready to accept connections on port: 18888
I/MS_RegisterService( 2238): Tachyon host: instantmessaging-pa.googleapis.com, Tachyon port: 443
I/Vision  ( 2238): Requesting optional module download of ocr.
I/Vision  ( 2238): Checking for download completion for 210345 -- ocr
I/MS_RegisterService( 2238): RegisterService intent:Intent { act=com.google.android.gms.matchstick.register_intent_action cat=[targeted_intent_op_prefix:com.google.android.libraries.matchstick.net.SilentRegisterIntentOperation] flg=0x4 cmp=com.google.android.gms/.chimera.GmsIntentOperationService (has extras) } isPeriodic:false
W/DynamiteModule( 2238): Local module descriptor class for providerinstaller not found.
W/ProviderHelper( 2238): Unknown dynamite feature providerinstaller
I/DynamiteModule( 2238): Considering local module providerinstaller:0 and remote module providerinstaller:0
W/ProviderInstaller( 2238): Failed to load providerinstaller module: No acceptable module found. Local version is 0 and remote version is 0.
I/NetworkScheduler.Stats( 1785): Task com.google.android.gms/com.google.android.gms.auth.account.be.legacy.AuthCronService started execution. cause:4 exec_start_elapsed_seconds: 200 [CONTEXT service_id=218 ]
W/GLSUser ( 1847): [AppCertManager] IOException while requesting key: 
W/GLSUser ( 1847): java.io.IOException: Invalid device key response.
W/GLSUser ( 1847): 	at gtl.a(:com.google.android.gms@202414005@20.24.14 (000700-319035315):49)
W/GLSUser ( 1847): 	at gtj.b(:com.google.android.gms@202414005@20.24.14 (000700-319035315):2)
W/GLSUser ( 1847): 	at gte.a(:com.google.android.gms@202414005@20.24.14 (000700-319035315):0)
W/GLSUser ( 1847): 	at gth.a(:com.google.android.gms@202414005@20.24.14 (000700-319035315):10)
W/GLSUser ( 1847): 	at eyt.call(:com.google.android.gms@202414005@20.24.14 (000700-319035315):0)
W/GLSUser ( 1847): 	at java.util.concurrent.FutureTask.run(FutureTask.java:237)
W/GLSUser ( 1847): 	at nlp.b(:com.google.android.gms@202414005@20.24.14 (000700-319035315):12)
W/GLSUser ( 1847): 	at nlp.run(:com.google.android.gms@202414005@20.24.14 (000700-319035315):7)
W/GLSUser ( 1847): 	at java.util.concurrent.ThreadPoolExecutor.runWorker(ThreadPoolExecutor.java:1112)
W/GLSUser ( 1847): 	at java.util.concurrent.ThreadPoolExecutor$Worker.run(ThreadPoolExecutor.java:587)
W/GLSUser ( 1847): 	at nrd.run(:com.google.android.gms@202414005@20.24.14 (000700-319035315):0)
W/GLSUser ( 1847): 	at java.lang.Thread.run(Thread.java:841)
I/NetworkScheduler.Stats( 1785): Task com.google.android.gms/com.google.android.gms.auth.account.be.legacy.AuthCronService finished executing. cause:4 result: 3 elapsed_millis: 118 uptime_millis: 118 exec_start_elapsed_seconds: 200 [CONTEXT service_id=218 ]
I/Vision  ( 2238): Requesting optional module download of ocr.
I/Vision  ( 2238): Checking for download completion for 220354 -- ocr
I/Vision  ( 2238): Requesting optional module download of ocr.
I/Vision  ( 2238): Checking for download completion for 230362 -- ocr
I/Vision  ( 2238): Requesting optional module download of ocr.
I/Vision  ( 2238): Checking for download completion for 240370 -- ocr
I/Vision  ( 2238): Requesting optional module download of ocr.
I/Vision  ( 2238): Exceeded maximum feature download tries for ocr
W/Vision  ( 2238): Request of optional module download of ocr failed.
I/Vision  ( 2238): Checking for download completion for 250378 -- ocr
I/Vision  ( 2238): Requesting optional module download of ocr.
