I/AndroidRipper( 8133): [b] Found widget: id=-1 (android.widget.FrameLayout{9d06b290 V.E..... ......I. 0,0-1080,1794})
I/AndroidRipper( 8133): [b] Found widget: id=2131296301 (androidx.appcompat.widget.FitWindowsFrameLayout{9d078388 V.E..... ......I. 0,0-1080,1794 #7f09002d app:id/action_bar_root})
I/AndroidRipper( 8133): [b] Found widget: id=16908290 (androidx.appcompat.widget.ContentFrameLayout{9d06f988 V.ED.... ......I. 0,0-1080,1794 #1020002 android:id/content})
I/AndroidRipper( 8133): [b] Found widget: id=2131296384 (androidx.drawerlayout.widget.DrawerLayout{9d0c17c8 VFE..... ......I. 0,0-1080,1794 #7f090080 app:id/drawer_layout})
I/AndroidRipper( 8133): [b] Found widget: id=-1 (androidx.coordinatorlayout.widget.CoordinatorLayout{9d0c3f28 V.E..... ........ 0,0-1080,1794})
I/AndroidRipper( 8133): [b] Found widget: id=2131296507 (com.mmt.widget.SlidingUpPanelLayout{9d0c6310 V.ED.... ......I. 0,0-1080,1794 #7f0900fb app:id/sliding_layout})
I/AndroidRipper( 8133): [b] Found widget: id=-1 (android.widget.RelativeLayout{9d0cea78 V.E..... ........ 0,0-1080,1794})
I/AndroidRipper( 8133): [b] Found widget: id=2131296437 (androidx.appcompat.widget.Toolbar{9d0cf480 V.E..... ........ 0,0-1080,147 #7f0900b5 app:id/main_toolbar})
I/AndroidRipper( 8133): [b] Found widget: id=-1 (androidx.appcompat.widget.m{9d0d8e18 VFED..C. ........ 0,0-147,147})
I/AndroidRipper( 8133): [b] Found widget: id=-1 (androidx.appcompat.widget.y{9d06cc98 V.ED.... ........ 189,38-320,109})
I/AndroidRipper( 8133): [b] Found widget: id=-1 (androidx.appcompat.widget.ActionMenuView{9d673940 V.E..... ......ID 1080,0-1080,147})
I/AndroidRipper( 8133): [b] Found widget: id=2131296362 (android.widget.FrameLayout{9d072b20 V.E..... ........ 0,147-1080,1794 #7f09006a app:id/content_frame})
I/AndroidRipper( 8133): [b] Found widget: id=-1 (android.widget.RelativeLayout{9d5e2388 V.E..... ........ 0,0-1080,1647})
I/AndroidRipper( 8133): [b] Found widget: id=2131296427 (android.widget.RelativeLayout{9d5e2940 V.E..... ........ 0,0-1080,147 #7f0900ab app:id/layout_title})
I/AndroidRipper( 8133): [b] Found widget: id=2131296335 (androidx.appcompat.widget.m{9d5e2f48 IFED..C. ......I. 0,0-131,147 #7f09004f app:id/back_word})
I/AndroidRipper( 8133): [b] Found widget: id=2131296564 (com.mmt.widget.QTextView{9d5e7918 V.ED.... ........ 131,0-1080,147 #7f090134 app:id/tv_title})
I/AndroidRipper( 8133): [b] Found widget: id=2131296321 (androidx.appcompat.widget.m{9d5e80a0 GFED..C. ......I. 0,0-0,0 #7f090041 app:id/action_speak})
I/AndroidRipper( 8133): [b] Found widget: id=2131296376 (android.webkit.WebView{9d5eeba0 VFED..C. ........ 0,147-1080,1647 #7f090078 app:id/dictContentView})
I/AndroidRipper( 8133): [b] Found widget: id=2131296305 (com.google.android.material.floatingactionbutton.FloatingActionButton{9d0712a0 VFED..C. ........ 827,1509-1038,1752 #7f090031 app:id/action_button})
I/AndroidRipper( 8133): [b] Found widget: id=2131296382 (android.widget.LinearLayout{9d0753c0 V.E...C. ......I. 0,1794-1080,3588 #7f09007e app:id/dragView})
I/AndroidRipper( 8133): [b] Found widget: id=2131296378 (android.widget.LinearLayout{9d07a788 VFE..... ......I. 21,21-1059,168 #7f09007a app:id/dictSearchBarLayout})
I/AndroidRipper( 8133): [b] Found widget: id=2131296312 (androidx.appcompat.widget.m{9d08fb98 VFED..C. ........ 0,0-131,147 #7f090038 app:id/action_menu})
I/AndroidRipper( 8133): [b] Found widget: id=2131296426 (android.widget.LinearLayout{9d09d908 V.E..... ......I. 152,0-907,147 #7f0900aa app:id/layout_input})
I/AndroidRipper( 8133): [b] Found widget: id=-1 (com.annie.dictionary.MainActivity$b{9d076080 VFED..CL ........ 0,0-755,115})
I/AndroidRipper( 8133): [b] Found widget: id=2131296324 (androidx.appcompat.widget.m{9d0ab608 GFED..C. ......I. 0,0-0,0 #7f090044 app:id/action_wordslist})
I/AndroidRipper( 8133): [b] Found widget: id=2131296323 (androidx.appcompat.widget.m{9d072e08 VFED..C. ........ 907,0-1038,147 #7f090043 app:id/action_voice})
I/AndroidRipper( 8133): [b] Found widget: id=2131296563 (com.mmt.widget.QTextView{9d07fd58 G.ED.... ......I. 0,0-0,0 #7f090133 app:id/tv_info_search})
I/AndroidRipper( 8133): [b] Found widget: id=2131296385 (com.mmt.widget.DropDownListView{9d0626e8 V.ED..C. ........ 21,168-1059,1794 #7f090081 app:id/drop_list})
I/AndroidRipper( 8133): [b] Found widget: id=2131296449 (com.google.android.material.navigation.NavigationView{9d092690 I.E..... ......ID -735,0-0,1794 #7f0900c1 app:id/nav_view})
I/AndroidRipper( 8133): [b] Found widget: id=2131296374 (com.google.android.material.internal.NavigationMenuView{9d07b878 VFED.V.. ......ID 0,0-735,1794 #7f090076 app:id/design_navigation_view})
I/AndroidRipper( 8133): [b] Found widget: id=2131296450 (android.widget.LinearLayout{9d0c46c0 V.E..... ......I. 0,0-735,21 #7f0900c2 app:id/navigation_header_container})
I/AndroidRipper( 8133): [b] Found widget: id=-1 (androidx.constraintlayout.widget.ConstraintLayout{9d0750c0 V.E..... ......ID 0,0-735,1794})
I/AndroidRipper( 8133): [b] Found widget: id=2131296448 (android.widget.LinearLayout{9d0af318 V.E..... ......ID 0,0-735,462 #7f0900c0 app:id/nav_header})
I/AndroidRipper( 8133): [b] Found widget: id=2131296402 (android.widget.FrameLayout{9d0cd8e0 V.E..... ......ID 0,462-735,1647 #7f090092 app:id/frame_container})
I/AndroidRipper( 8133): [b] Found widget: id=-1 (android.widget.ScrollView{9d5dc640 VFED.... ......ID 0,0-735,1185})
I/AndroidRipper( 8133): [b] Found widget: id=-1 (android.widget.LinearLayout{9d5dcfa8 V.E..... ......ID 0,0-735,954})
I/AndroidRipper( 8133): [b] Found widget: id=2131296432 (com.mmt.widget.M2tListView{9d5dd670 VFED..C. .F....ID 0,42-735,435 #7f0900b0 app:id/list1})
I/AndroidRipper( 8133): [b] Found widget: id=-1 (androidx.constraintlayout.widget.ConstraintLayout{9d617258 V.E..... ..S...I. 42,0-693,131})
I/AndroidRipper( 8133): [b] Found widget: id=2131296477 (androidx.appcompat.widget.AppCompatImageView{9d61a2e0 V.ED.... ..S...ID 0,0-131,131 #7f0900dd app:id/row_icon})
I/AndroidRipper( 8133): [b] Found widget: id=2131296478 (com.mmt.widget.QTextView{9d62ac20 V.ED.... ..S...ID 131,0-651,131 #7f0900de app:id/row_title})
I/AndroidRipper( 8133): [b] Found widget: id=-1 (androidx.constraintlayout.widget.ConstraintLayout{9d657590 V.E..... ......I. 42,130-693,261})
I/AndroidRipper( 8133): [b] Found widget: id=2131296477 (androidx.appcompat.widget.AppCompatImageView{9d65a150 V.ED.... ......ID 0,0-131,131 #7f0900dd app:id/row_icon})
I/AndroidRipper( 8133): [b] Found widget: id=2131296478 (com.mmt.widget.QTextView{9d65af40 V.ED.... ......ID 131,0-651,131 #7f0900de app:id/row_title})
I/AndroidRipper( 8133): [b] Found widget: id=-1 (androidx.constraintlayout.widget.ConstraintLayout{9d65e190 V.E..... ......I. 42,260-693,391})
I/AndroidRipper( 8133): [b] Found widget: id=2131296477 (androidx.appcompat.widget.AppCompatImageView{9d660d50 V.ED.... ......ID 0,0-131,131 #7f0900dd app:id/row_icon})
I/AndroidRipper( 8133): [b] Found widget: id=2131296478 (com.mmt.widget.QTextView{9d661b40 V.ED.... ......ID 131,0-651,131 #7f0900de app:id/row_title})
I/AndroidRipper( 8133): [b] Found widget: id=2131296433 (com.mmt.widget.M2tListView{9d5de5e8 VFED..C. ......ID 0,519-735,912 #7f0900b1 app:id/list2})
I/AndroidRipper( 8133): [b] Found widget: id=-1 (androidx.constraintlayout.widget.ConstraintLayout{9d63c1d8 V.E..... ..S...I. 42,0-693,131})
I/AndroidRipper( 8133): [b] Found widget: id=2131296477 (androidx.appcompat.widget.AppCompatImageView{9d63ed98 V.ED.... ..S...ID 0,0-131,131 #7f0900dd app:id/row_icon})
I/AndroidRipper( 8133): [b] Found widget: id=2131296478 (com.mmt.widget.QTextView{9d63fb88 V.ED.... ..S...ID 131,0-651,131 #7f0900de app:id/row_title})
I/AndroidRipper( 8133): [b] Found widget: id=-1 (androidx.constraintlayout.widget.ConstraintLayout{9d6651e0 V.E..... ......I. 42,130-693,261})
I/AndroidRipper( 8133): [b] Found widget: id=2131296477 (androidx.appcompat.widget.AppCompatImageView{9d667da0 V.ED.... ......ID 0,0-131,131 #7f0900dd app:id/row_icon})
I/AndroidRipper( 8133): [b] Found widget: id=2131296478 (com.mmt.widget.QTextView{9d668b90 V.ED.... ......ID 131,0-651,131 #7f0900de app:id/row_title})
I/AndroidRipper( 8133): [b] Found widget: id=-1 (androidx.constraintlayout.widget.ConstraintLayout{9d66bde0 V.E..... ......I. 42,260-693,391})
I/AndroidRipper( 8133): [b] Found widget: id=2131296477 (androidx.appcompat.widget.AppCompatImageView{9d66e9a0 V.ED.... ......ID 0,0-131,131 #7f0900dd app:id/row_icon})
I/AndroidRipper( 8133): [b] Found widget: id=2131296478 (com.mmt.widget.QTextView{9d66f790 V.ED.... ......ID 131,0-651,131 #7f0900de app:id/row_title})
I/AndroidRipper( 8133): [b] Found widget: id=2131296424 (android.widget.LinearLayout{9d0d09c0 V.E..... ......ID 0,1647-735,1794 #7f0900a8 app:id/layout_footer})
I/AndroidRipper( 8133): [b] Found widget: id=2131296296 (com.mmt.widget.QButton{9d0cfca8 VFED..C. ......ID 0,0-367,147 #7f090028 app:id/action_about})
I/AndroidRipper( 8133): [b] Found widget: id=-1 (android.view.View{9d0a85d0 V.ED.... ......ID 367,0-368,147})
I/AndroidRipper( 8133): [b] Found widget: id=2131296320 (com.mmt.widget.QButton{9d0bb758 VFED..C. ......ID 368,0-735,147 #7f090040 app:id/action_share})
I/AndroidRipper( 8133): [b] Found widget: id=2131296316 (androidx.appcompat.widget.ViewStubCompat{9d0a7d90 G.E..... ......I. 0,0-0,0 #7f09003c app:id/action_mode_bar_stub})
I/AndroidRipper( 8133): [b] Found widget: id=-1 (android.view.View{9d0a4d48 V.ED.... ........ 0,0-1080,66})
I/AndroidRipper( 8133): [b] Found widget: id=-1 (com.android.internal.policy.impl.PhoneWindow$DecorView{9d094250 V.E..... R.....I. 0,0-1080,1794})
V/AndroidRipperService( 2392): send()
V/RipperService( 2392): EVT
V/AndroidRipperService( 2392): mHandler.handleMessage() RECIVED
V/AndroidRipperService( 2392): broadcast()
I/AndroidRipper( 8133): Recived message: EVT
V/RipperTestCase( 8133): START_EVENT[35|1629043585481]
I/AndroidRipper( 8133): [b] Retrieved from return list id=-1
I/AndroidRipper( 8133): [b] Testing for type (androidx.appcompat.widget.m) against the original (button)
I/AndroidRipper( 8133): [b] Testing for name () against the original ()
V/AndroidRipperService( 2392): broadcast() done
V/        ( 2392): ready
D/dalvikvm( 1569): GC_FOR_ALLOC freed 1575K, 47% free 9265K/17396K, paused 7ms, total 7ms
E/SoundPool( 1569): error loading /system/media/audio/ui/Effect_Tick.ogg
W/AudioService( 1569): Soundpool could not load file: /system/media/audio/ui/Effect_Tick.ogg
E/SoundPool( 1569): error loading /system/media/audio/ui/Effect_Tick.ogg
W/AudioService( 1569): Soundpool could not load file: /system/media/audio/ui/Effect_Tick.ogg
E/SoundPool( 1569): error loading /system/media/audio/ui/Effect_Tick.ogg
W/AudioService( 1569): Soundpool could not load file: /system/media/audio/ui/Effect_Tick.ogg
E/SoundPool( 1569): error loading /system/media/audio/ui/Effect_Tick.ogg
W/AudioService( 1569): Soundpool could not load file: /system/media/audio/ui/Effect_Tick.ogg
E/SoundPool( 1569): error loading /system/media/audio/ui/Effect_Tick.ogg
W/AudioService( 1569): Soundpool could not load file: /system/media/audio/ui/Effect_Tick.ogg
E/SoundPool( 1569): error loading /system/media/audio/ui/KeypressStandard.ogg
W/AudioService( 1569): Soundpool could not load file: /system/media/audio/ui/KeypressStandard.ogg
E/SoundPool( 1569): error loading /system/media/audio/ui/KeypressSpacebar.ogg
W/AudioService( 1569): Soundpool could not load file: /system/media/audio/ui/KeypressSpacebar.ogg
E/SoundPool( 1569): error loading /system/media/audio/ui/KeypressDelete.ogg
W/AudioService( 1569): Soundpool could not load file: /system/media/audio/ui/KeypressDelete.ogg
E/SoundPool( 1569): error loading /system/media/audio/ui/KeypressReturn.ogg
W/AudioService( 1569): Soundpool could not load file: /system/media/audio/ui/KeypressReturn.ogg
E/SoundPool( 1569): error loading /system/media/audio/ui/KeypressInvalid.ogg
W/AudioService( 1569): Soundpool could not load file: /system/media/audio/ui/KeypressInvalid.ogg
W/AudioService( 1569): onLoadSoundEffects(), Error -1 while loading samples
E/SoundPool( 1569): error loading /system/media/audio/ui/Effect_Tick.ogg
W/AudioService( 1569): Soundpool could not load file: /system/media/audio/ui/Effect_Tick.ogg
E/SoundPool( 1569): error loading /system/media/audio/ui/Effect_Tick.ogg
W/AudioService( 1569): Soundpool could not load file: /system/media/audio/ui/Effect_Tick.ogg
E/SoundPool( 1569): error loading /system/media/audio/ui/Effect_Tick.ogg
W/AudioService( 1569): Soundpool could not load file: /system/media/audio/ui/Effect_Tick.ogg
E/SoundPool( 1569): error loading /system/media/audio/ui/Effect_Tick.ogg
W/AudioService( 1569): Soundpool could not load file: /system/media/audio/ui/Effect_Tick.ogg
E/SoundPool( 1569): error loading /system/media/audio/ui/Effect_Tick.ogg
W/AudioService( 1569): Soundpool could not load file: /system/media/audio/ui/Effect_Tick.ogg
E/SoundPool( 1569): error loading /system/media/audio/ui/KeypressStandard.ogg
W/AudioService( 1569): Soundpool could not load file: /system/media/audio/ui/KeypressStandard.ogg
E/SoundPool( 1569): error loading /system/media/audio/ui/KeypressSpacebar.ogg
W/AudioService( 1569): Soundpool could not load file: /system/media/audio/ui/KeypressSpacebar.ogg
E/SoundPool( 1569): error loading /system/media/audio/ui/KeypressDelete.ogg
W/AudioService( 1569): Soundpool could not load file: /system/media/audio/ui/KeypressDelete.ogg
E/SoundPool( 1569): error loading /system/media/audio/ui/KeypressReturn.ogg
W/AudioService( 1569): Soundpool could not load file: /system/media/audio/ui/KeypressReturn.ogg
E/SoundPool( 1569): error loading /system/media/audio/ui/KeypressInvalid.ogg
W/AudioService( 1569): Soundpool could not load file: /system/media/audio/ui/KeypressInvalid.ogg
W/AudioService( 1569): onLoadSoundEffects(), Error -1 while loading samples
V/AndroidRipperService( 2392): send()
V/RipperTestCase( 8133): END_EVENT[35|1629043593872]
D/dalvikvm( 1569): GC_FOR_ALLOC freed 1571K, 47% free 9267K/17396K, paused 12ms, total 12ms
D/dalvikvm( 2392): GC_FOR_ALLOC freed 512K, 19% free 3088K/3804K, paused 1ms, total 1ms
V/RipperService( 2392): PING
V/AndroidRipperService( 2392): mHandler.handleMessage() RECIVED
V/AndroidRipperService( 2392): broadcast()
I/AndroidRipper( 8133): Recived message: PING
V/AndroidRipperService( 2392): send()
V/AndroidRipperService( 2392): broadcast() done
V/        ( 2392): ready
V/RipperService( 2392): DSC
V/AndroidRipperService( 2392): mHandler.handleMessage() RECIVED
V/AndroidRipperService( 2392): broadcast()
I/AndroidRipper( 8133): Recived message: DSC
V/AndroidRipperService( 2392): broadcast() done
V/        ( 2392): ready
I/AndroidRipper( 8133): [b] Found widget: id=-1 (android.widget.LinearLayout{9d096248 V.E..... ......I. 0,0-1080,1794})
I/AndroidRipper( 8133): [b] Found widget: id=16909070 (android.view.ViewStub{9d067888 G.E..... ......I. 0,0-0,0 #102030e})
I/AndroidRipper( 8133): [b] Found widget: id=-1 (android.widget.FrameLayout{9d06b290 V.E..... ......I. 0,0-1080,1794})
I/AndroidRipper( 8133): [b] Found widget: id=2131296301 (androidx.appcompat.widget.FitWindowsFrameLayout{9d078388 V.E..... ......I. 0,0-1080,1794 #7f09002d app:id/action_bar_root})
I/AndroidRipper( 8133): [b] Found widget: id=16908290 (androidx.appcompat.widget.ContentFrameLayout{9d06f988 V.ED.... ......I. 0,0-1080,1794 #1020002 android:id/content})
I/AndroidRipper( 8133): [b] Found widget: id=2131296384 (androidx.drawerlayout.widget.DrawerLayout{9d0c17c8 VFE..... ......I. 0,0-1080,1794 #7f090080 app:id/drawer_layout})
I/AndroidRipper( 8133): [b] Found widget: id=-1 (androidx.coordinatorlayout.widget.CoordinatorLayout{9d0c3f28 V.E..... ......I. 0,0-1080,1794})
I/AndroidRipper( 8133): [b] Found widget: id=2131296507 (com.mmt.widget.SlidingUpPanelLayout{9d0c6310 V.ED.... ......I. 0,0-1080,1794 #7f0900fb app:id/sliding_layout})
I/AndroidRipper( 8133): [b] Found widget: id=-1 (android.widget.RelativeLayout{9d0cea78 V.E..... ......I. 0,0-1080,1794})
I/AndroidRipper( 8133): [b] Found widget: id=2131296437 (androidx.appcompat.widget.Toolbar{9d0cf480 V.E..... ........ 0,0-1080,147 #7f0900b5 app:id/main_toolbar})
I/AndroidRipper( 8133): [b] Found widget: id=-1 (androidx.appcompat.widget.m{9d0d8e18 VFED..C. ........ 0,0-147,147})
I/AndroidRipper( 8133): [b] Found widget: id=-1 (androidx.appcompat.widget.y{9d06cc98 V.ED.... ........ 189,38-320,109})
I/AndroidRipper( 8133): [b] Found widget: id=-1 (androidx.appcompat.widget.ActionMenuView{9d673940 V.E..... ........ 954,0-1080,147})
I/AndroidRipper( 8133): [b] Found widget: id=2131296319 (androidx.appcompat.view.menu.ActionMenuItemView{9d6b1a88 VFED..CL ........ 0,10-126,136 #7f09003f app:id/action_rotate})
I/AndroidRipper( 8133): [b] Found widget: id=2131296362 (android.widget.FrameLayout{9d072b20 V.E..... ......I. 0,147-1080,1794 #7f09006a app:id/content_frame})
I/AndroidRipper( 8133): [b] Found widget: id=-1 (androidx.constraintlayout.widget.ConstraintLayout{9d78e620 V.E..... ......I. 0,0-1080,1647})
I/AndroidRipper( 8133): [b] Found widget: id=2131296427 (android.widget.RelativeLayout{9d791290 V.E..... ........ 0,0-1080,147 #7f0900ab app:id/layout_title})
I/AndroidRipper( 8133): [b] Found widget: id=2131296564 (com.mmt.widget.QTextView{9d792188 V.ED.... ........ 53,0-508,99 #7f090134 app:id/tv_title})
I/AndroidRipper( 8133): [b] Found widget: id=2131296560 (com.mmt.widget.QTextView{9d792f40 V.ED.... ........ 869,32-1059,82 #7f090130 app:id/tv_count})
I/AndroidRipper( 8133): [b] Found widget: id=2131296562 (com.mmt.widget.QTextView{9d793758 V.ED.... ........ 287,685-793,1110 #7f090132 app:id/tv_empty})
I/AndroidRipper( 8133): [b] Found widget: id=16908298 (android.widget.ListView{9d794db0 V.ED..CL ......I. 0,147-1080,1647 #102000a android:id/list})
I/AndroidRipper( 8133): [b] Found widget: id=2131296305 (com.google.android.material.floatingactionbutton.FloatingActionButton{9d0712a0 VFED..C. ........ 827,1509-1038,1752 #7f090031 app:id/action_button})
I/AndroidRipper( 8133): [b] Found widget: id=2131296382 (android.widget.LinearLayout{9d0753c0 V.E...C. ........ 0,1794-1080,3588 #7f09007e app:id/dragView})
I/AndroidRipper( 8133): [b] Found widget: id=2131296378 (android.widget.LinearLayout{9d07a788 VFE..... .F...... 21,21-1059,168 #7f09007a app:id/dictSearchBarLayout})
I/AndroidRipper( 8133): [b] Found widget: id=2131296312 (androidx.appcompat.widget.m{9d08fb98 VFED..C. ........ 0,0-131,147 #7f090038 app:id/action_menu})
I/AndroidRipper( 8133): [b] Found widget: id=2131296426 (android.widget.LinearLayout{9d09d908 V.E..... ........ 152,0-907,147 #7f0900aa app:id/layout_input})
I/AndroidRipper( 8133): [b] Found widget: id=-1 (com.annie.dictionary.MainActivity$b{9d076080 VFED..CL ........ 0,0-755,115})
I/AndroidRipper( 8133): [b] Found widget: id=2131296324 (androidx.appcompat.widget.m{9d0ab608 GFED..C. ......I. 0,0-0,0 #7f090044 app:id/action_wordslist})
I/AndroidRipper( 8133): [b] Found widget: id=2131296323 (androidx.appcompat.widget.m{9d072e08 VFED..C. ........ 907,0-1038,147 #7f090043 app:id/action_voice})
D/dalvikvm( 8133): GC_CONCURRENT freed 1796K, 18% free 9281K/11264K, paused 4ms+0ms, total 9ms
I/AndroidRipper( 8133): [b] Found widget: id=2131296563 (com.mmt.widget.QTextView{9d07fd58 G.ED.... ......I. 0,0-0,0 #7f090133 app:id/tv_info_search})
I/AndroidRipper( 8133): [b] Found widget: id=2131296385 (com.mmt.widget.DropDownListView{9d0626e8 V.ED..C. ........ 21,168-1059,1794 #7f090081 app:id/drop_list})
I/AndroidRipper( 8133): [b] Found widget: id=2131296449 (com.google.android.material.navigation.NavigationView{9d092690 I.E..... ........ -735,0-0,1794 #7f0900c1 app:id/nav_view})
I/AndroidRipper( 8133): [b] Found widget: id=2131296374 (com.google.android.material.internal.NavigationMenuView{9d07b878 VFED.V.. ........ 0,0-735,1794 #7f090076 app:id/design_navigation_view})
I/AndroidRipper( 8133): [b] Found widget: id=2131296450 (android.widget.LinearLayout{9d0c46c0 V.E..... ........ 0,0-735,21 #7f0900c2 app:id/navigation_header_container})
I/AndroidRipper( 8133): [b] Found widget: id=-1 (androidx.constraintlayout.widget.ConstraintLayout{9d0750c0 V.E..... ........ 0,0-735,1794})
I/AndroidRipper( 8133): [b] Found widget: id=2131296448 (android.widget.LinearLayout{9d0af318 V.E..... ........ 0,0-735,462 #7f0900c0 app:id/nav_header})
I/AndroidRipper( 8133): [b] Found widget: id=2131296402 (android.widget.FrameLayout{9d0cd8e0 V.E..... ........ 0,462-735,1647 #7f090092 app:id/frame_container})
I/AndroidRipper( 8133): [b] Found widget: id=-1 (android.widget.ScrollView{9d5dc640 VFED.... ........ 0,0-735,1185})
I/AndroidRipper( 8133): [b] Found widget: id=-1 (android.widget.LinearLayout{9d5dcfa8 V.E..... ........ 0,0-735,954})
I/AndroidRipper( 8133): [b] Found widget: id=2131296432 (com.mmt.widget.M2tListView{9d5dd670 VFED..C. ........ 0,42-735,435 #7f0900b0 app:id/list1})
I/AndroidRipper( 8133): [b] Found widget: id=-1 (androidx.constraintlayout.widget.ConstraintLayout{9d617258 V.E..... ........ 42,0-693,131})
I/AndroidRipper( 8133): [b] Found widget: id=2131296477 (androidx.appcompat.widget.AppCompatImageView{9d61a2e0 V.ED.... ........ 0,0-131,131 #7f0900dd app:id/row_icon})
I/AndroidRipper( 8133): [b] Found widget: id=2131296478 (com.mmt.widget.QTextView{9d62ac20 V.ED.... ........ 131,0-651,131 #7f0900de app:id/row_title})
I/AndroidRipper( 8133): [b] Found widget: id=-1 (androidx.constraintlayout.widget.ConstraintLayout{9d657590 V.E..... ........ 42,130-693,261})
I/AndroidRipper( 8133): [b] Found widget: id=2131296477 (androidx.appcompat.widget.AppCompatImageView{9d65a150 V.ED.... ........ 0,0-131,131 #7f0900dd app:id/row_icon})
I/AndroidRipper( 8133): [b] Found widget: id=2131296478 (com.mmt.widget.QTextView{9d65af40 V.ED.... ........ 131,0-651,131 #7f0900de app:id/row_title})
I/AndroidRipper( 8133): [b] Found widget: id=-1 (androidx.constraintlayout.widget.ConstraintLayout{9d65e190 V.E..... ........ 42,260-693,391})
I/AndroidRipper( 8133): [b] Found widget: id=2131296477 (androidx.appcompat.widget.AppCompatImageView{9d660d50 V.ED.... ........ 0,0-131,131 #7f0900dd app:id/row_icon})
I/AndroidRipper( 8133): [b] Found widget: id=2131296478 (com.mmt.widget.QTextView{9d661b40 V.ED.... ........ 131,0-651,131 #7f0900de app:id/row_title})
I/AndroidRipper( 8133): [b] Found widget: id=2131296433 (com.mmt.widget.M2tListView{9d5de5e8 VFED..C. ........ 0,519-735,912 #7f0900b1 app:id/list2})
I/AndroidRipper( 8133): [b] Found widget: id=-1 (androidx.constraintlayout.widget.ConstraintLayout{9d63c1d8 V.E..... ........ 42,0-693,131})
I/AndroidRipper( 8133): [b] Found widget: id=2131296477 (androidx.appcompat.widget.AppCompatImageView{9d63ed98 V.ED.... ........ 0,0-131,131 #7f0900dd app:id/row_icon})
I/AndroidRipper( 8133): [b] Found widget: id=2131296478 (com.mmt.widget.QTextView{9d63fb88 V.ED.... ........ 131,0-651,131 #7f0900de app:id/row_title})
I/AndroidRipper( 8133): [b] Found widget: id=-1 (androidx.constraintlayout.widget.ConstraintLayout{9d6651e0 V.E..... ........ 42,130-693,261})
I/AndroidRipper( 8133): [b] Found widget: id=2131296477 (androidx.appcompat.widget.AppCompatImageView{9d667da0 V.ED.... ........ 0,0-131,131 #7f0900dd app:id/row_icon})
I/AndroidRipper( 8133): [b] Found widget: id=2131296478 (com.mmt.widget.QTextView{9d668b90 V.ED.... ........ 131,0-651,131 #7f0900de app:id/row_title})
I/AndroidRipper( 8133): [b] Found widget: id=-1 (androidx.constraintlayout.widget.ConstraintLayout{9d66bde0 V.E..... ........ 42,260-693,391})
I/AndroidRipper( 8133): [b] Found widget: id=2131296477 (androidx.appcompat.widget.AppCompatImageView{9d66e9a0 V.ED.... ........ 0,0-131,131 #7f0900dd app:id/row_icon})
I/AndroidRipper( 8133): [b] Found widget: id=2131296478 (com.mmt.widget.QTextView{9d66f790 V.ED.... ........ 131,0-651,131 #7f0900de app:id/row_title})
I/AndroidRipper( 8133): [b] Found widget: id=2131296424 (android.widget.LinearLayout{9d0d09c0 V.E..... ........ 0,1647-735,1794 #7f0900a8 app:id/layout_footer})
I/AndroidRipper( 8133): [b] Found widget: id=2131296296 (com.mmt.widget.QButton{9d0cfca8 VFED..C. ........ 0,0-367,147 #7f090028 app:id/action_about})
I/AndroidRipper( 8133): [b] Found widget: id=-1 (android.view.View{9d0a85d0 V.ED.... ........ 367,0-368,147})
I/AndroidRipper( 8133): [b] Found widget: id=2131296320 (com.mmt.widget.QButton{9d0bb758 VFED..C. ........ 368,0-735,147 #7f090040 app:id/action_share})
I/AndroidRipper( 8133): [b] Found widget: id=2131296316 (androidx.appcompat.widget.ViewStubCompat{9d0a7d90 G.E..... ......I. 0,0-0,0 #7f09003c app:id/action_mode_bar_stub})
I/AndroidRipper( 8133): [b] Found widget: id=-1 (android.view.View{9d0a4d48 V.ED.... ........ 0,0-1080,66})
I/AndroidRipper( 8133): [b] Found widget: id=-1 (com.android.internal.policy.impl.PhoneWindow$DecorView{9d094250 V.E..... R.....ID 0,0-1080,1794})
V/AndroidRipperService( 2392): send()
V/RipperService( 2392): EVT
V/AndroidRipperService( 2392): mHandler.handleMessage() RECIVED
V/AndroidRipperService( 2392): broadcast()
I/AndroidRipper( 8133): Recived message: EVT
V/RipperTestCase( 8133): START_EVENT[36|1629043594064]
I/AndroidRipper( 8133): [b] Retrieved from return list id=2131296433
I/AndroidRipper( 8133): [b] Testing for type (com.mmt.widget.M2tListView) against the original (listView)
I/AndroidRipper( 8133): [b] Testing for name () against the original ()
V/AndroidRipperService( 2392): broadcast() done
V/        ( 2392): ready
I/AndroidRipper( 8133): [b] Swapping to listview item 1
E/SoundPool( 1569): error loading /system/media/audio/ui/Effect_Tick.ogg
W/AudioService( 1569): Soundpool could not load file: /system/media/audio/ui/Effect_Tick.ogg
E/SoundPool( 1569): error loading /system/media/audio/ui/Effect_Tick.ogg
W/AudioService( 1569): Soundpool could not load file: /system/media/audio/ui/Effect_Tick.ogg
E/SoundPool( 1569): error loading /system/media/audio/ui/Effect_Tick.ogg
W/AudioService( 1569): Soundpool could not load file: /system/media/audio/ui/Effect_Tick.ogg
E/SoundPool( 1569): error loading /system/media/audio/ui/Effect_Tick.ogg
W/AudioService( 1569): Soundpool could not load file: /system/media/audio/ui/Effect_Tick.ogg
E/SoundPool( 1569): error loading /system/media/audio/ui/Effect_Tick.ogg
W/AudioService( 1569): Soundpool could not load file: /system/media/audio/ui/Effect_Tick.ogg
E/SoundPool( 1569): error loading /system/media/audio/ui/KeypressStandard.ogg
W/AudioService( 1569): Soundpool could not load file: /system/media/audio/ui/KeypressStandard.ogg
E/SoundPool( 1569): error loading /system/media/audio/ui/KeypressSpacebar.ogg
W/AudioService( 1569): Soundpool could not load file: /system/media/audio/ui/KeypressSpacebar.ogg
E/SoundPool( 1569): error loading /system/media/audio/ui/KeypressDelete.ogg
W/AudioService( 1569): Soundpool could not load file: /system/media/audio/ui/KeypressDelete.ogg
E/SoundPool( 1569): error loading /system/media/audio/ui/KeypressReturn.ogg
W/AudioService( 1569): Soundpool could not load file: /system/media/audio/ui/KeypressReturn.ogg
E/SoundPool( 1569): error loading /system/media/audio/ui/KeypressInvalid.ogg
W/AudioService( 1569): Soundpool could not load file: /system/media/audio/ui/KeypressInvalid.ogg
W/AudioService( 1569): onLoadSoundEffects(), Error -1 while loading samples
E/SoundPool( 1569): error loading /system/media/audio/ui/Effect_Tick.ogg
W/AudioService( 1569): Soundpool could not load file: /system/media/audio/ui/Effect_Tick.ogg
E/SoundPool( 1569): error loading /system/media/audio/ui/Effect_Tick.ogg
W/AudioService( 1569): Soundpool could not load file: /system/media/audio/ui/Effect_Tick.ogg
E/SoundPool( 1569): error loading /system/media/audio/ui/Effect_Tick.ogg
W/AudioService( 1569): Soundpool could not load file: /system/media/audio/ui/Effect_Tick.ogg
E/SoundPool( 1569): error loading /system/media/audio/ui/Effect_Tick.ogg
W/AudioService( 1569): Soundpool could not load file: /system/media/audio/ui/Effect_Tick.ogg
E/SoundPool( 1569): error loading /system/media/audio/ui/Effect_Tick.ogg
W/AudioService( 1569): Soundpool could not load file: /system/media/audio/ui/Effect_Tick.ogg
E/SoundPool( 1569): error loading /system/media/audio/ui/KeypressStandard.ogg
W/AudioService( 1569): Soundpool could not load file: /system/media/audio/ui/KeypressStandard.ogg
E/SoundPool( 1569): error loading /system/media/audio/ui/KeypressSpacebar.ogg
W/AudioService( 1569): Soundpool could not load file: /system/media/audio/ui/KeypressSpacebar.ogg
E/SoundPool( 1569): error loading /system/media/audio/ui/KeypressDelete.ogg
W/AudioService( 1569): Soundpool could not load file: /system/media/audio/ui/KeypressDelete.ogg
E/SoundPool( 1569): error loading /system/media/audio/ui/KeypressReturn.ogg
W/AudioService( 1569): Soundpool could not load file: /system/media/audio/ui/KeypressReturn.ogg
E/SoundPool( 1569): error loading /system/media/audio/ui/KeypressInvalid.ogg
W/AudioService( 1569): Soundpool could not load file: /system/media/audio/ui/KeypressInvalid.ogg
W/AudioService( 1569): onLoadSoundEffects(), Error -1 while loading samples
I/InputDispatcher( 1569): Dropping event because there is no touchable window at (-366, 1046).
W/InputDispatcher( 1569): Permission denied: injecting event from pid 8133 uid 10088
W/InputDispatcher( 1569): Permission denied: injecting event from pid 8133 uid 10088
W/InputManager( 1569): Input event injection from pid 8133 failed.
W/InputManager( 1569): Input event injection from pid 8133 failed.
D/dalvikvm( 1569): GC_FOR_ALLOC freed 1577K, 47% free 9264K/17396K, paused 8ms, total 8ms
V/AndroidRipperService( 2392): send()
V/RipperTestCase( 8133): END_EVENT[36|1629043598755]
V/RipperService( 2392): PING
V/AndroidRipperService( 2392): mHandler.handleMessage() RECIVED
V/AndroidRipperService( 2392): broadcast()
V/AndroidRipperService( 2392): broadcast() done
V/        ( 2392): ready
I/AndroidRipper( 8133): Recived message: PING
D/dalvikvm( 2392): GC_FOR_ALLOC freed 530K, 20% free 3059K/3804K, paused 3ms, total 3ms
V/AndroidRipperService( 2392): send()
V/RipperService( 2392): DSC
V/AndroidRipperService( 2392): mHandler.handleMessage() RECIVED
V/AndroidRipperService( 2392): broadcast()
V/AndroidRipperService( 2392): broadcast() done
V/        ( 2392): ready
I/AndroidRipper( 8133): Recived message: DSC
I/AndroidRipper( 8133): [b] Found widget: id=-1 (android.widget.LinearLayout{9d096248 V.E..... ......ID 0,0-1080,1794})
I/AndroidRipper( 8133): [b] Found widget: id=16909070 (android.view.ViewStub{9d067888 G.E..... ......I. 0,0-0,0 #102030e})
I/AndroidRipper( 8133): [b] Found widget: id=-1 (android.widget.FrameLayout{9d06b290 V.E..... ......ID 0,0-1080,1794})
I/AndroidRipper( 8133): [b] Found widget: id=2131296301 (androidx.appcompat.widget.FitWindowsFrameLayout{9d078388 V.E..... ......ID 0,0-1080,1794 #7f09002d app:id/action_bar_root})
I/AndroidRipper( 8133): [b] Found widget: id=16908290 (androidx.appcompat.widget.ContentFrameLayout{9d06f988 V.ED.... ......ID 0,0-1080,1794 #1020002 android:id/content})
I/AndroidRipper( 8133): [b] Found widget: id=2131296384 (androidx.drawerlayout.widget.DrawerLayout{9d0c17c8 VFE..... ......ID 0,0-1080,1794 #7f090080 app:id/drawer_layout})
I/AndroidRipper( 8133): [b] Found widget: id=-1 (androidx.coordinatorlayout.widget.CoordinatorLayout{9d0c3f28 V.E..... .......D 0,0-1080,1794})
I/AndroidRipper( 8133): [b] Found widget: id=2131296507 (com.mmt.widget.SlidingUpPanelLayout{9d0c6310 V.ED.... .......D 0,0-1080,1794 #7f0900fb app:id/sliding_layout})
I/AndroidRipper( 8133): [b] Found widget: id=-1 (android.widget.RelativeLayout{9d0cea78 V.E..... ........ 0,0-1080,1794})
I/AndroidRipper( 8133): [b] Found widget: id=2131296437 (androidx.appcompat.widget.Toolbar{9d0cf480 V.E..... ........ 0,0-1080,147 #7f0900b5 app:id/main_toolbar})
I/AndroidRipper( 8133): [b] Found widget: id=-1 (androidx.appcompat.widget.m{9d0d8e18 VFED..C. ........ 0,0-147,147})
I/AndroidRipper( 8133): [b] Found widget: id=-1 (androidx.appcompat.widget.y{9d06cc98 V.ED.... ........ 189,38-320,109})
I/AndroidRipper( 8133): [b] Found widget: id=-1 (androidx.appcompat.widget.ActionMenuView{9d673940 V.E..... ........ 954,0-1080,147})
I/AndroidRipper( 8133): [b] Found widget: id=2131296319 (androidx.appcompat.view.menu.ActionMenuItemView{9d6b1a88 VFED..CL ........ 0,10-126,136 #7f09003f app:id/action_rotate})
I/AndroidRipper( 8133): [b] Found widget: id=2131296362 (android.widget.FrameLayout{9d072b20 V.E..... ........ 0,147-1080,1794 #7f09006a app:id/content_frame})
I/AndroidRipper( 8133): [b] Found widget: id=-1 (androidx.constraintlayout.widget.ConstraintLayout{9d78e620 V.E..... ........ 0,0-1080,1647})
I/AndroidRipper( 8133): [b] Found widget: id=2131296427 (android.widget.RelativeLayout{9d791290 V.E..... ........ 0,0-1080,147 #7f0900ab app:id/layout_title})
I/AndroidRipper( 8133): [b] Found widget: id=2131296564 (com.mmt.widget.QTextView{9d792188 V.ED.... ........ 53,0-508,99 #7f090134 app:id/tv_title})
I/AndroidRipper( 8133): [b] Found widget: id=2131296560 (com.mmt.widget.QTextView{9d792f40 V.ED.... ........ 869,32-1059,82 #7f090130 app:id/tv_count})
I/AndroidRipper( 8133): [b] Found widget: id=2131296562 (com.mmt.widget.QTextView{9d793758 V.ED.... ........ 287,685-793,1110 #7f090132 app:id/tv_empty})
I/AndroidRipper( 8133): [b] Found widget: id=16908298 (android.widget.ListView{9d794db0 V.ED..CL ........ 0,147-1080,1647 #102000a android:id/list})
I/AndroidRipper( 8133): [b] Found widget: id=2131296305 (com.google.android.material.floatingactionbutton.FloatingActionButton{9d0712a0 VFED..C. ........ 827,1509-1038,1752 #7f090031 app:id/action_button})
I/AndroidRipper( 8133): [b] Found widget: id=2131296382 (android.widget.LinearLayout{9d0753c0 V.E...C. .......D 0,1794-1080,3588 #7f09007e app:id/dragView})
I/AndroidRipper( 8133): [b] Found widget: id=2131296378 (android.widget.LinearLayout{9d07a788 VFE..... ......ID 21,21-1059,168 #7f09007a app:id/dictSearchBarLayout})
I/AndroidRipper( 8133): [b] Found widget: id=2131296312 (androidx.appcompat.widget.m{9d08fb98 VFED..C. ........ 0,0-131,147 #7f090038 app:id/action_menu})
I/AndroidRipper( 8133): [b] Found widget: id=2131296426 (android.widget.LinearLayout{9d09d908 V.E..... ........ 152,0-907,147 #7f0900aa app:id/layout_input})
I/AndroidRipper( 8133): [b] Found widget: id=-1 (com.annie.dictionary.MainActivity$b{9d076080 VFED..CL ........ 0,0-755,115})
I/AndroidRipper( 8133): [b] Found widget: id=2131296324 (androidx.appcompat.widget.m{9d0ab608 GFED..C. ......I. 0,0-0,0 #7f090044 app:id/action_wordslist})
I/AndroidRipper( 8133): [b] Found widget: id=2131296323 (androidx.appcompat.widget.m{9d072e08 VFED..C. ........ 907,0-1038,147 #7f090043 app:id/action_voice})
I/AndroidRipper( 8133): [b] Found widget: id=2131296563 (com.mmt.widget.QTextView{9d07fd58 G.ED.... ......I. 0,0-0,0 #7f090133 app:id/tv_info_search})
I/AndroidRipper( 8133): [b] Found widget: id=2131296385 (com.mmt.widget.DropDownListView{9d0626e8 V.ED..C. ........ 21,168-1059,1794 #7f090081 app:id/drop_list})
I/AndroidRipper( 8133): [b] Found widget: id=2131296449 (com.google.android.material.navigation.NavigationView{9d092690 I.E..... ......ID -735,0-0,1794 #7f0900c1 app:id/nav_view})
I/AndroidRipper( 8133): [b] Found widget: id=2131296374 (com.google.android.material.internal.NavigationMenuView{9d07b878 VFED.V.. ........ 0,0-735,1794 #7f090076 app:id/design_navigation_view})
I/AndroidRipper( 8133): [b] Found widget: id=2131296450 (android.widget.LinearLayout{9d0c46c0 V.E..... ........ 0,0-735,21 #7f0900c2 app:id/navigation_header_container})
I/AndroidRipper( 8133): [b] Found widget: id=-1 (androidx.constraintlayout.widget.ConstraintLayout{9d0750c0 V.E..... ......ID 0,0-735,1794})
I/AndroidRipper( 8133): [b] Found widget: id=2131296448 (android.widget.LinearLayout{9d0af318 V.E..... ........ 0,0-735,462 #7f0900c0 app:id/nav_header})
I/AndroidRipper( 8133): [b] Found widget: id=2131296402 (android.widget.FrameLayout{9d0cd8e0 V.E..... ......ID 0,462-735,1647 #7f090092 app:id/frame_container})
I/AndroidRipper( 8133): [b] Found widget: id=-1 (android.widget.ScrollView{9d5dc640 VFED.... ......ID 0,0-735,1185})
D/dalvikvm( 8133): GC_CONCURRENT freed 1953K, 19% free 9281K/11424K, paused 3ms+3ms, total 11ms
I/AndroidRipper( 8133): [b] Found widget: id=-1 (android.widget.LinearLayout{9d5dcfa8 V.E..... ......ID 0,0-735,954})
I/AndroidRipper( 8133): [b] Found widget: id=2131296432 (com.mmt.widget.M2tListView{9d5dd670 VFED..C. .F....ID 0,42-735,435 #7f0900b0 app:id/list1})
I/AndroidRipper( 8133): [b] Found widget: id=-1 (androidx.constraintlayout.widget.ConstraintLayout{9d617258 V.E..... ......I. 42,0-693,131})
I/AndroidRipper( 8133): [b] Found widget: id=2131296477 (androidx.appcompat.widget.AppCompatImageView{9d61a2e0 V.ED.... ........ 0,0-131,131 #7f0900dd app:id/row_icon})
I/AndroidRipper( 8133): [b] Found widget: id=2131296478 (com.mmt.widget.QTextView{9d62ac20 V.ED.... ........ 131,0-651,131 #7f0900de app:id/row_title})
I/AndroidRipper( 8133): [b] Found widget: id=-1 (androidx.constraintlayout.widget.ConstraintLayout{9d657590 V.E..... ..S...I. 42,130-693,261})
I/AndroidRipper( 8133): [b] Found widget: id=2131296477 (androidx.appcompat.widget.AppCompatImageView{9d65a150 V.ED.... ..S...ID 0,0-131,131 #7f0900dd app:id/row_icon})
I/AndroidRipper( 8133): [b] Found widget: id=2131296478 (com.mmt.widget.QTextView{9d65af40 V.ED.... ..S...ID 131,0-651,131 #7f0900de app:id/row_title})
I/AndroidRipper( 8133): [b] Found widget: id=-1 (androidx.constraintlayout.widget.ConstraintLayout{9d65e190 V.E..... ......I. 42,260-693,391})
I/AndroidRipper( 8133): [b] Found widget: id=2131296477 (androidx.appcompat.widget.AppCompatImageView{9d660d50 V.ED.... ........ 0,0-131,131 #7f0900dd app:id/row_icon})
I/AndroidRipper( 8133): [b] Found widget: id=2131296478 (com.mmt.widget.QTextView{9d661b40 V.ED.... ........ 131,0-651,131 #7f0900de app:id/row_title})
I/AndroidRipper( 8133): [b] Found widget: id=2131296433 (com.mmt.widget.M2tListView{9d5de5e8 VFED..C. ......ID 0,519-735,912 #7f0900b1 app:id/list2})
I/AndroidRipper( 8133): [b] Found widget: id=-1 (androidx.constraintlayout.widget.ConstraintLayout{9d63c1d8 V.E..... ..S...I. 42,0-693,131})
I/AndroidRipper( 8133): [b] Found widget: id=2131296477 (androidx.appcompat.widget.AppCompatImageView{9d63ed98 V.ED.... ..S...ID 0,0-131,131 #7f0900dd app:id/row_icon})
I/AndroidRipper( 8133): [b] Found widget: id=2131296478 (com.mmt.widget.QTextView{9d63fb88 V.ED.... ..S...ID 131,0-651,131 #7f0900de app:id/row_title})
I/AndroidRipper( 8133): [b] Found widget: id=-1 (androidx.constraintlayout.widget.ConstraintLayout{9d6651e0 V.E..... ......I. 42,130-693,261})
I/AndroidRipper( 8133): [b] Found widget: id=2131296477 (androidx.appcompat.widget.AppCompatImageView{9d667da0 V.ED.... ......ID 0,0-131,131 #7f0900dd app:id/row_icon})
I/AndroidRipper( 8133): [b] Found widget: id=2131296478 (com.mmt.widget.QTextView{9d668b90 V.ED.... ......ID 131,0-651,131 #7f0900de app:id/row_title})
I/AndroidRipper( 8133): [b] Found widget: id=-1 (androidx.constraintlayout.widget.ConstraintLayout{9d66bde0 V.E..... ......I. 42,260-693,391})
I/AndroidRipper( 8133): [b] Found widget: id=2131296477 (androidx.appcompat.widget.AppCompatImageView{9d66e9a0 V.ED.... ........ 0,0-131,131 #7f0900dd app:id/row_icon})
I/AndroidRipper( 8133): [b] Found widget: id=2131296478 (com.mmt.widget.QTextView{9d66f790 V.ED.... ........ 131,0-651,131 #7f0900de app:id/row_title})
I/AndroidRipper( 8133): [b] Found widget: id=2131296424 (android.widget.LinearLayout{9d0d09c0 V.E..... ........ 0,1647-735,1794 #7f0900a8 app:id/layout_footer})
I/AndroidRipper( 8133): [b] Found widget: id=2131296296 (com.mmt.widget.QButton{9d0cfca8 VFED..C. ........ 0,0-367,147 #7f090028 app:id/action_about})
I/AndroidRipper( 8133): [b] Found widget: id=-1 (android.view.View{9d0a85d0 V.ED.... ........ 367,0-368,147})
I/AndroidRipper( 8133): [b] Found widget: id=2131296320 (com.mmt.widget.QButton{9d0bb758 VFED..C. ........ 368,0-735,147 #7f090040 app:id/action_share})
I/AndroidRipper( 8133): [b] Found widget: id=2131296316 (androidx.appcompat.widget.ViewStubCompat{9d0a7d90 G.E..... ......I. 0,0-0,0 #7f09003c app:id/action_mode_bar_stub})
I/AndroidRipper( 8133): [b] Found widget: id=-1 (android.view.View{9d0a4d48 V.ED.... ........ 0,0-1080,66})
I/AndroidRipper( 8133): [b] Found widget: id=-1 (com.android.internal.policy.impl.PhoneWindow$DecorView{9d094250 V.E..... R.....ID 0,0-1080,1794})
V/AndroidRipperService( 2392): send()
V/RipperService( 2392): EVT
V/AndroidRipperService( 2392): mHandler.handleMessage() RECIVED
V/AndroidRipperService( 2392): broadcast()
V/AndroidRipperService( 2392): broadcast() done
V/        ( 2392): ready
I/AndroidRipper( 8133): Recived message: EVT
V/RipperTestCase( 8133): START_EVENT[37|1629043598925]
I/AndroidRipper( 8133): [b] Retrieved from return list id=2131296319
I/AndroidRipper( 8133): [b] Testing for type (androidx.appcompat.view.menu.ActionMenuItemView) against the original (menuItem)
I/AndroidRipper( 8133): [b] Testing for name () against the original ()
E/SoundPool( 1569): error loading /system/media/audio/ui/Effect_Tick.ogg
W/AudioService( 1569): Soundpool could not load file: /system/media/audio/ui/Effect_Tick.ogg
E/SoundPool( 1569): error loading /system/media/audio/ui/Effect_Tick.ogg
W/AudioService( 1569): Soundpool could not load file: /system/media/audio/ui/Effect_Tick.ogg
E/SoundPool( 1569): error loading /system/media/audio/ui/Effect_Tick.ogg
W/AudioService( 1569): Soundpool could not load file: /system/media/audio/ui/Effect_Tick.ogg
E/SoundPool( 1569): error loading /system/media/audio/ui/Effect_Tick.ogg
W/AudioService( 1569): Soundpool could not load file: /system/media/audio/ui/Effect_Tick.ogg
E/SoundPool( 1569): error loading /system/media/audio/ui/Effect_Tick.ogg
W/AudioService( 1569): Soundpool could not load file: /system/media/audio/ui/Effect_Tick.ogg
E/SoundPool( 1569): error loading /system/media/audio/ui/KeypressStandard.ogg
W/AudioService( 1569): Soundpool could not load file: /system/media/audio/ui/KeypressStandard.ogg
E/SoundPool( 1569): error loading /system/media/audio/ui/KeypressSpacebar.ogg
W/AudioService( 1569): Soundpool could not load file: /system/media/audio/ui/KeypressSpacebar.ogg
E/SoundPool( 1569): error loading /system/media/audio/ui/KeypressDelete.ogg
W/AudioService( 1569): Soundpool could not load file: /system/media/audio/ui/KeypressDelete.ogg
E/SoundPool( 1569): error loading /system/media/audio/ui/KeypressReturn.ogg
W/AudioService( 1569): Soundpool could not load file: /system/media/audio/ui/KeypressReturn.ogg
E/SoundPool( 1569): error loading /system/media/audio/ui/KeypressInvalid.ogg
W/AudioService( 1569): Soundpool could not load file: /system/media/audio/ui/KeypressInvalid.ogg
W/AudioService( 1569): onLoadSoundEffects(), Error -1 while loading samples
D/dalvikvm( 8133): GC_FOR_ALLOC freed 595K, 20% free 9244K/11424K, paused 3ms, total 3ms
V/AndroidRipperService( 2392): send()
V/RipperTestCase( 8133): END_EVENT[37|1629043600266]
V/RipperService( 2392): PING
V/AndroidRipperService( 2392): mHandler.handleMessage() RECIVED
V/AndroidRipperService( 2392): broadcast()
I/AndroidRipper( 8133): Recived message: PING
V/AndroidRipperService( 2392): send()
V/AndroidRipperService( 2392): broadcast() done
V/        ( 2392): ready
D/dalvikvm( 1569): GC_FOR_ALLOC freed 1569K, 47% free 9268K/17396K, paused 8ms, total 8ms
V/RipperService( 2392): DSC
V/AndroidRipperService( 2392): mHandler.handleMessage() RECIVED
V/AndroidRipperService( 2392): broadcast()
V/AndroidRipperService( 2392): broadcast() done
V/        ( 2392): ready
I/AndroidRipper( 8133): Recived message: DSC
D/dalvikvm( 2392): GC_FOR_ALLOC freed 505K, 20% free 3059K/3804K, paused 5ms, total 5ms
I/AndroidRipper( 8133): [b] Found widget: id=-1 (android.widget.LinearLayout{9d096248 V.E..... ......I. 0,0-1080,1794})
I/AndroidRipper( 8133): [b] Found widget: id=16909070 (android.view.ViewStub{9d067888 G.E..... ......I. 0,0-0,0 #102030e})
I/AndroidRipper( 8133): [b] Found widget: id=-1 (android.widget.FrameLayout{9d06b290 V.E..... ......I. 0,0-1080,1794})
I/AndroidRipper( 8133): [b] Found widget: id=2131296301 (androidx.appcompat.widget.FitWindowsFrameLayout{9d078388 V.E..... ......I. 0,0-1080,1794 #7f09002d app:id/action_bar_root})
I/AndroidRipper( 8133): [b] Found widget: id=16908290 (androidx.appcompat.widget.ContentFrameLayout{9d06f988 V.ED.... ......I. 0,0-1080,1794 #1020002 android:id/content})
I/AndroidRipper( 8133): [b] Found widget: id=2131296384 (androidx.drawerlayout.widget.DrawerLayout{9d0c17c8 VFE..... ......I. 0,0-1080,1794 #7f090080 app:id/drawer_layout})
I/AndroidRipper( 8133): [b] Found widget: id=-1 (androidx.coordinatorlayout.widget.CoordinatorLayout{9d0c3f28 V.E..... ......I. 0,0-1080,1794})
I/AndroidRipper( 8133): [b] Found widget: id=2131296507 (com.mmt.widget.SlidingUpPanelLayout{9d0c6310 V.ED.... ........ 0,0-1080,1794 #7f0900fb app:id/sliding_layout})
I/AndroidRipper( 8133): [b] Found widget: id=-1 (android.widget.RelativeLayout{9d0cea78 V.E..... ........ 0,0-1080,1794})
I/AndroidRipper( 8133): [b] Found widget: id=2131296437 (androidx.appcompat.widget.Toolbar{9d0cf480 V.E..... ........ 0,0-1080,147 #7f0900b5 app:id/main_toolbar})
I/AndroidRipper( 8133): [b] Found widget: id=-1 (androidx.appcompat.widget.m{9d0d8e18 VFED..C. ........ 0,0-147,147})
I/AndroidRipper( 8133): [b] Found widget: id=-1 (androidx.appcompat.widget.y{9d06cc98 V.ED.... ........ 189,38-320,109})
I/AndroidRipper( 8133): [b] Found widget: id=-1 (androidx.appcompat.widget.ActionMenuView{9d673940 V.E..... ........ 954,0-1080,147})
I/AndroidRipper( 8133): [b] Found widget: id=2131296319 (androidx.appcompat.view.menu.ActionMenuItemView{9d6b1a88 VFED..CL ........ 0,10-126,136 #7f09003f app:id/action_rotate})
I/AndroidRipper( 8133): [b] Found widget: id=2131296362 (android.widget.FrameLayout{9d072b20 V.E..... ........ 0,147-1080,1794 #7f09006a app:id/content_frame})
I/AndroidRipper( 8133): [b] Found widget: id=-1 (androidx.constraintlayout.widget.ConstraintLayout{9d78e620 V.E..... ........ 0,0-1080,1647})
I/AndroidRipper( 8133): [b] Found widget: id=2131296427 (android.widget.RelativeLayout{9d791290 V.E..... ........ 0,0-1080,147 #7f0900ab app:id/layout_title})
I/AndroidRipper( 8133): [b] Found widget: id=2131296564 (com.mmt.widget.QTextView{9d792188 V.ED.... ........ 53,0-360,99 #7f090134 app:id/tv_title})
I/AndroidRipper( 8133): [b] Found widget: id=2131296560 (com.mmt.widget.QTextView{9d792f40 V.ED.... ........ 869,32-1059,82 #7f090130 app:id/tv_count})
I/AndroidRipper( 8133): [b] Found widget: id=2131296562 (com.mmt.widget.QTextView{9d793758 V.ED.... ........ 275,685-805,1110 #7f090132 app:id/tv_empty})
I/AndroidRipper( 8133): [b] Found widget: id=16908298 (android.widget.ListView{9d794db0 V.ED..CL ........ 0,147-1080,1647 #102000a android:id/list})
I/AndroidRipper( 8133): [b] Found widget: id=2131296305 (com.google.android.material.floatingactionbutton.FloatingActionButton{9d0712a0 VFED..C. ........ 827,1509-1038,1752 #7f090031 app:id/action_button})
I/AndroidRipper( 8133): [b] Found widget: id=2131296382 (android.widget.LinearLayout{9d0753c0 V.E...C. .......D 0,1794-1080,3588 #7f09007e app:id/dragView})
I/AndroidRipper( 8133): [b] Found widget: id=2131296378 (android.widget.LinearLayout{9d07a788 VFE..... ......ID 21,21-1059,168 #7f09007a app:id/dictSearchBarLayout})
I/AndroidRipper( 8133): [b] Found widget: id=2131296312 (androidx.appcompat.widget.m{9d08fb98 VFED..C. ........ 0,0-131,147 #7f090038 app:id/action_menu})
I/AndroidRipper( 8133): [b] Found widget: id=2131296426 (android.widget.LinearLayout{9d09d908 V.E..... ........ 152,0-907,147 #7f0900aa app:id/layout_input})
I/AndroidRipper( 8133): [b] Found widget: id=-1 (com.annie.dictionary.MainActivity$b{9d076080 VFED..CL ........ 0,0-755,115})
I/AndroidRipper( 8133): [b] Found widget: id=2131296324 (androidx.appcompat.widget.m{9d0ab608 GFED..C. ......I. 0,0-0,0 #7f090044 app:id/action_wordslist})
I/AndroidRipper( 8133): [b] Found widget: id=2131296323 (androidx.appcompat.widget.m{9d072e08 VFED..C. ........ 907,0-1038,147 #7f090043 app:id/action_voice})
I/AndroidRipper( 8133): [b] Found widget: id=2131296563 (com.mmt.widget.QTextView{9d07fd58 G.ED.... ......I. 0,0-0,0 #7f090133 app:id/tv_info_search})
I/AndroidRipper( 8133): [b] Found widget: id=2131296385 (com.mmt.widget.DropDownListView{9d0626e8 V.ED..C. ........ 21,168-1059,1794 #7f090081 app:id/drop_list})
I/AndroidRipper( 8133): [b] Found widget: id=2131296449 (com.google.android.material.navigation.NavigationView{9d092690 I.E..... ......ID -735,0-0,1794 #7f0900c1 app:id/nav_view})
I/AndroidRipper( 8133): [b] Found widget: id=2131296374 (com.google.android.material.internal.NavigationMenuView{9d07b878 VFED.V.. ........ 0,0-735,1794 #7f090076 app:id/design_navigation_view})
I/AndroidRipper( 8133): [b] Found widget: id=2131296450 (android.widget.LinearLayout{9d0c46c0 V.E..... ........ 0,0-735,21 #7f0900c2 app:id/navigation_header_container})
I/AndroidRipper( 8133): [b] Found widget: id=-1 (androidx.constraintlayout.widget.ConstraintLayout{9d0750c0 V.E..... ......ID 0,0-735,1794})
I/AndroidRipper( 8133): [b] Found widget: id=2131296448 (android.widget.LinearLayout{9d0af318 V.E..... ........ 0,0-735,462 #7f0900c0 app:id/nav_header})
I/AndroidRipper( 8133): [b] Found widget: id=2131296402 (android.widget.FrameLayout{9d0cd8e0 V.E..... ......ID 0,462-735,1647 #7f090092 app:id/frame_container})
I/AndroidRipper( 8133): [b] Found widget: id=-1 (android.widget.ScrollView{9d5dc640 VFED.... ......ID 0,0-735,1185})
I/AndroidRipper( 8133): [b] Found widget: id=-1 (android.widget.LinearLayout{9d5dcfa8 V.E..... ......ID 0,0-735,954})
I/AndroidRipper( 8133): [b] Found widget: id=2131296432 (com.mmt.widget.M2tListView{9d5dd670 VFED..C. .F....ID 0,42-735,435 #7f0900b0 app:id/list1})
I/AndroidRipper( 8133): [b] Found widget: id=-1 (androidx.constraintlayout.widget.ConstraintLayout{9d617258 V.E..... ......I. 42,0-693,131})
I/AndroidRipper( 8133): [b] Found widget: id=2131296477 (androidx.appcompat.widget.AppCompatImageView{9d61a2e0 V.ED.... ........ 0,0-131,131 #7f0900dd app:id/row_icon})
