I/AndroidRipper( 8133): [b] Found widget: id=2131296478 (com.mmt.widget.QTextView{9d62ac20 V.ED.... ........ 131,0-651,131 #7f0900de app:id/row_title})
I/AndroidRipper( 8133): [b] Found widget: id=-1 (androidx.constraintlayout.widget.ConstraintLayout{9d657590 V.E..... ......I. 42,130-693,261})
I/AndroidRipper( 8133): [b] Found widget: id=2131296477 (androidx.appcompat.widget.AppCompatImageView{9d65a150 V.ED.... ......ID 0,0-131,131 #7f0900dd app:id/row_icon})
I/AndroidRipper( 8133): [b] Found widget: id=2131296478 (com.mmt.widget.QTextView{9d65af40 V.ED.... ......ID 131,0-651,131 #7f0900de app:id/row_title})
I/AndroidRipper( 8133): [b] Found widget: id=-1 (androidx.constraintlayout.widget.ConstraintLayout{9d65e190 V.E..... ......I. 42,260-693,391})
I/AndroidRipper( 8133): [b] Found widget: id=2131296477 (androidx.appcompat.widget.AppCompatImageView{9d660d50 V.ED.... ........ 0,0-131,131 #7f0900dd app:id/row_icon})
I/AndroidRipper( 8133): [b] Found widget: id=2131296478 (com.mmt.widget.QTextView{9d661b40 V.ED.... ........ 131,0-651,131 #7f0900de app:id/row_title})
I/AndroidRipper( 8133): [b] Found widget: id=2131296433 (com.mmt.widget.M2tListView{9d5de5e8 VFED..C. ......ID 0,519-735,912 #7f0900b1 app:id/list2})
I/AndroidRipper( 8133): [b] Found widget: id=-1 (androidx.constraintlayout.widget.ConstraintLayout{9d63c1d8 V.E..... ......ID 42,0-693,131})
I/AndroidRipper( 8133): [b] Found widget: id=2131296477 (androidx.appcompat.widget.AppCompatImageView{9d63ed98 V.ED.... ......ID 0,0-131,131 #7f0900dd app:id/row_icon})
I/AndroidRipper( 8133): [b] Found widget: id=2131296478 (com.mmt.widget.QTextView{9d63fb88 V.ED.... ......ID 131,0-651,131 #7f0900de app:id/row_title})
I/AndroidRipper( 8133): [b] Found widget: id=-1 (androidx.constraintlayout.widget.ConstraintLayout{9d6651e0 V.E..... ......I. 42,130-693,261})
I/AndroidRipper( 8133): [b] Found widget: id=2131296477 (androidx.appcompat.widget.AppCompatImageView{9d667da0 V.ED.... ......ID 0,0-131,131 #7f0900dd app:id/row_icon})
I/AndroidRipper( 8133): [b] Found widget: id=2131296478 (com.mmt.widget.QTextView{9d668b90 V.ED.... ......ID 131,0-651,131 #7f0900de app:id/row_title})
I/AndroidRipper( 8133): [b] Found widget: id=-1 (androidx.constraintlayout.widget.ConstraintLayout{9d66bde0 V.E..... ......I. 42,260-693,391})
I/AndroidRipper( 8133): [b] Found widget: id=2131296477 (androidx.appcompat.widget.AppCompatImageView{9d66e9a0 V.ED.... ........ 0,0-131,131 #7f0900dd app:id/row_icon})
I/AndroidRipper( 8133): [b] Found widget: id=2131296478 (com.mmt.widget.QTextView{9d66f790 V.ED.... ........ 131,0-651,131 #7f0900de app:id/row_title})
I/AndroidRipper( 8133): [b] Found widget: id=2131296424 (android.widget.LinearLayout{9d0d09c0 V.E..... ........ 0,1647-735,1794 #7f0900a8 app:id/layout_footer})
I/AndroidRipper( 8133): [b] Found widget: id=2131296296 (com.mmt.widget.QButton{9d0cfca8 VFED..C. ........ 0,0-367,147 #7f090028 app:id/action_about})
I/AndroidRipper( 8133): [b] Found widget: id=-1 (android.view.View{9d0a85d0 V.ED.... ........ 367,0-368,147})
I/AndroidRipper( 8133): [b] Found widget: id=2131296320 (com.mmt.widget.QButton{9d0bb758 VFED..C. ........ 368,0-735,147 #7f090040 app:id/action_share})
I/AndroidRipper( 8133): [b] Found widget: id=2131296316 (androidx.appcompat.widget.ViewStubCompat{9d0a7d90 G.E..... ......I. 0,0-0,0 #7f09003c app:id/action_mode_bar_stub})
I/AndroidRipper( 8133): [b] Found widget: id=-1 (android.view.View{9d0a4d48 V.ED.... ........ 0,0-1080,66})
I/AndroidRipper( 8133): [b] Found widget: id=-1 (com.android.internal.policy.impl.PhoneWindow$DecorView{9d094250 V.E..... R.....ID 0,0-1080,1794})
V/AndroidRipperService( 2392): send()
V/RipperService( 2392): EVT
V/AndroidRipperService( 2392): mHandler.handleMessage() RECIVED
V/AndroidRipperService( 2392): broadcast()
V/AndroidRipperService( 2392): broadcast() done
V/        ( 2392): ready
I/AndroidRipper( 8133): Recived message: EVT
V/RipperTestCase( 8133): START_EVENT[38|1629043600449]
V/AndroidRipperService( 2392): send()
V/RipperTestCase( 8133): END_EVENT[38|1629043601458]
V/RipperService( 2392): PING
V/AndroidRipperService( 2392): mHandler.handleMessage() RECIVED
V/AndroidRipperService( 2392): broadcast()
I/AndroidRipper( 8133): Recived message: PING
V/AndroidRipperService( 2392): broadcast() done
V/        ( 2392): ready
V/AndroidRipperService( 2392): send()
V/RipperService( 2392): DSC
V/AndroidRipperService( 2392): mHandler.handleMessage() RECIVED
V/AndroidRipperService( 2392): broadcast()
V/AndroidRipperService( 2392): broadcast() done
V/        ( 2392): ready
I/AndroidRipper( 8133): Recived message: DSC
I/AndroidRipper( 8133): [b] Found widget: id=-1 (android.widget.LinearLayout{9d096248 V.E..... ......ID 0,0-1080,1794})
I/AndroidRipper( 8133): [b] Found widget: id=16909070 (android.view.ViewStub{9d067888 G.E..... ......I. 0,0-0,0 #102030e})
I/AndroidRipper( 8133): [b] Found widget: id=-1 (android.widget.FrameLayout{9d06b290 V.E..... ......ID 0,0-1080,1794})
I/AndroidRipper( 8133): [b] Found widget: id=2131296301 (androidx.appcompat.widget.FitWindowsFrameLayout{9d078388 V.E..... ......ID 0,0-1080,1794 #7f09002d app:id/action_bar_root})
I/AndroidRipper( 8133): [b] Found widget: id=16908290 (androidx.appcompat.widget.ContentFrameLayout{9d06f988 V.ED.... ......ID 0,0-1080,1794 #1020002 android:id/content})
I/AndroidRipper( 8133): [b] Found widget: id=2131296384 (androidx.drawerlayout.widget.DrawerLayout{9d0c17c8 VFE..... ......ID 0,0-1080,1794 #7f090080 app:id/drawer_layout})
I/AndroidRipper( 8133): [b] Found widget: id=-1 (androidx.coordinatorlayout.widget.CoordinatorLayout{9d0c3f28 V.E..... ......ID 0,0-1080,1794})
I/AndroidRipper( 8133): [b] Found widget: id=2131296507 (com.mmt.widget.SlidingUpPanelLayout{9d0c6310 V.ED.... ......ID 0,0-1080,1794 #7f0900fb app:id/sliding_layout})
I/AndroidRipper( 8133): [b] Found widget: id=-1 (android.widget.RelativeLayout{9d0cea78 V.E..... ......I. 0,0-1080,1794})
I/AndroidRipper( 8133): [b] Found widget: id=2131296437 (androidx.appcompat.widget.Toolbar{9d0cf480 V.E..... ........ 0,0-1080,147 #7f0900b5 app:id/main_toolbar})
I/AndroidRipper( 8133): [b] Found widget: id=-1 (androidx.appcompat.widget.m{9d0d8e18 VFED..C. ........ 0,0-147,147})
I/AndroidRipper( 8133): [b] Found widget: id=-1 (androidx.appcompat.widget.y{9d06cc98 V.ED.... ........ 189,38-320,109})
I/AndroidRipper( 8133): [b] Found widget: id=-1 (androidx.appcompat.widget.ActionMenuView{9d673940 V.E..... ........ 954,0-1080,147})
I/AndroidRipper( 8133): [b] Found widget: id=2131296319 (androidx.appcompat.view.menu.ActionMenuItemView{9d6b1a88 VFED..CL ........ 0,10-126,136 #7f09003f app:id/action_rotate})
I/AndroidRipper( 8133): [b] Found widget: id=2131296362 (android.widget.FrameLayout{9d072b20 V.E..... ......I. 0,147-1080,1794 #7f09006a app:id/content_frame})
I/AndroidRipper( 8133): [b] Found widget: id=-1 (androidx.constraintlayout.widget.ConstraintLayout{9d78e620 V.E..... ......I. 0,0-1080,1647})
I/AndroidRipper( 8133): [b] Found widget: id=2131296427 (android.widget.RelativeLayout{9d791290 V.E..... ........ 0,0-1080,147 #7f0900ab app:id/layout_title})
I/AndroidRipper( 8133): [b] Found widget: id=2131296564 (com.mmt.widget.QTextView{9d792188 V.ED.... ........ 53,0-360,99 #7f090134 app:id/tv_title})
I/AndroidRipper( 8133): [b] Found widget: id=2131296560 (com.mmt.widget.QTextView{9d792f40 V.ED.... ........ 869,32-1059,82 #7f090130 app:id/tv_count})
I/AndroidRipper( 8133): [b] Found widget: id=2131296562 (com.mmt.widget.QTextView{9d793758 V.ED.... ........ 275,685-805,1110 #7f090132 app:id/tv_empty})
I/AndroidRipper( 8133): [b] Found widget: id=16908298 (android.widget.ListView{9d794db0 V.ED..CL ......I. 0,147-1080,1647 #102000a android:id/list})
I/AndroidRipper( 8133): [b] Found widget: id=2131296305 (com.google.android.material.floatingactionbutton.FloatingActionButton{9d0712a0 VFED..C. ........ 827,1509-1038,1752 #7f090031 app:id/action_button})
I/AndroidRipper( 8133): [b] Found widget: id=2131296382 (android.widget.LinearLayout{9d0753c0 V.E...C. .......D 0,1794-1080,3588 #7f09007e app:id/dragView})
I/AndroidRipper( 8133): [b] Found widget: id=2131296378 (android.widget.LinearLayout{9d07a788 VFE..... ......ID 21,21-1059,168 #7f09007a app:id/dictSearchBarLayout})
I/AndroidRipper( 8133): [b] Found widget: id=2131296312 (androidx.appcompat.widget.m{9d08fb98 VFED..C. ........ 0,0-131,147 #7f090038 app:id/action_menu})
I/AndroidRipper( 8133): [b] Found widget: id=2131296426 (android.widget.LinearLayout{9d09d908 V.E..... ........ 152,0-907,147 #7f0900aa app:id/layout_input})
I/AndroidRipper( 8133): [b] Found widget: id=-1 (com.annie.dictionary.MainActivity$b{9d076080 VFED..CL ........ 0,0-755,115})
I/AndroidRipper( 8133): [b] Found widget: id=2131296324 (androidx.appcompat.widget.m{9d0ab608 GFED..C. ......I. 0,0-0,0 #7f090044 app:id/action_wordslist})
I/AndroidRipper( 8133): [b] Found widget: id=2131296323 (androidx.appcompat.widget.m{9d072e08 VFED..C. ........ 907,0-1038,147 #7f090043 app:id/action_voice})
I/AndroidRipper( 8133): [b] Found widget: id=2131296563 (com.mmt.widget.QTextView{9d07fd58 G.ED.... ......I. 0,0-0,0 #7f090133 app:id/tv_info_search})
I/AndroidRipper( 8133): [b] Found widget: id=2131296385 (com.mmt.widget.DropDownListView{9d0626e8 V.ED..C. ........ 21,168-1059,1794 #7f090081 app:id/drop_list})
I/AndroidRipper( 8133): [b] Found widget: id=2131296449 (com.google.android.material.navigation.NavigationView{9d092690 I.E..... ......ID -735,0-0,1794 #7f0900c1 app:id/nav_view})
I/AndroidRipper( 8133): [b] Found widget: id=2131296374 (com.google.android.material.internal.NavigationMenuView{9d07b878 VFED.V.. ........ 0,0-735,1794 #7f090076 app:id/design_navigation_view})
I/AndroidRipper( 8133): [b] Found widget: id=2131296450 (android.widget.LinearLayout{9d0c46c0 V.E..... ........ 0,0-735,21 #7f0900c2 app:id/navigation_header_container})
I/AndroidRipper( 8133): [b] Found widget: id=-1 (androidx.constraintlayout.widget.ConstraintLayout{9d0750c0 V.E..... ......ID 0,0-735,1794})
I/AndroidRipper( 8133): [b] Found widget: id=2131296448 (android.widget.LinearLayout{9d0af318 V.E..... ........ 0,0-735,462 #7f0900c0 app:id/nav_header})
I/AndroidRipper( 8133): [b] Found widget: id=2131296402 (android.widget.FrameLayout{9d0cd8e0 V.E..... ......ID 0,462-735,1647 #7f090092 app:id/frame_container})
I/AndroidRipper( 8133): [b] Found widget: id=-1 (android.widget.ScrollView{9d5dc640 VFED.... ......ID 0,0-735,1185})
I/AndroidRipper( 8133): [b] Found widget: id=-1 (android.widget.LinearLayout{9d5dcfa8 V.E..... ......ID 0,0-735,954})
I/AndroidRipper( 8133): [b] Found widget: id=2131296432 (com.mmt.widget.M2tListView{9d5dd670 VFED..C. .F....ID 0,42-735,435 #7f0900b0 app:id/list1})
D/dalvikvm( 8133): GC_CONCURRENT freed 1910K, 19% free 9291K/11424K, paused 2ms+3ms, total 14ms
I/AndroidRipper( 8133): [b] Found widget: id=-1 (androidx.constraintlayout.widget.ConstraintLayout{9d617258 V.E..... ......I. 42,0-693,131})
I/AndroidRipper( 8133): [b] Found widget: id=2131296477 (androidx.appcompat.widget.AppCompatImageView{9d61a2e0 V.ED.... ........ 0,0-131,131 #7f0900dd app:id/row_icon})
I/AndroidRipper( 8133): [b] Found widget: id=2131296478 (com.mmt.widget.QTextView{9d62ac20 V.ED.... ........ 131,0-651,131 #7f0900de app:id/row_title})
I/AndroidRipper( 8133): [b] Found widget: id=-1 (androidx.constraintlayout.widget.ConstraintLayout{9d657590 V.E..... ......I. 42,130-693,261})
I/AndroidRipper( 8133): [b] Found widget: id=2131296477 (androidx.appcompat.widget.AppCompatImageView{9d65a150 V.ED.... ......ID 0,0-131,131 #7f0900dd app:id/row_icon})
I/AndroidRipper( 8133): [b] Found widget: id=2131296478 (com.mmt.widget.QTextView{9d65af40 V.ED.... ......ID 131,0-651,131 #7f0900de app:id/row_title})
I/AndroidRipper( 8133): [b] Found widget: id=-1 (androidx.constraintlayout.widget.ConstraintLayout{9d65e190 V.E..... ......I. 42,260-693,391})
I/AndroidRipper( 8133): [b] Found widget: id=2131296477 (androidx.appcompat.widget.AppCompatImageView{9d660d50 V.ED.... ........ 0,0-131,131 #7f0900dd app:id/row_icon})
I/AndroidRipper( 8133): [b] Found widget: id=2131296478 (com.mmt.widget.QTextView{9d661b40 V.ED.... ........ 131,0-651,131 #7f0900de app:id/row_title})
I/AndroidRipper( 8133): [b] Found widget: id=2131296433 (com.mmt.widget.M2tListView{9d5de5e8 VFED..C. ......ID 0,519-735,912 #7f0900b1 app:id/list2})
I/AndroidRipper( 8133): [b] Found widget: id=-1 (androidx.constraintlayout.widget.ConstraintLayout{9d63c1d8 V.E..... ......ID 42,0-693,131})
I/AndroidRipper( 8133): [b] Found widget: id=2131296477 (androidx.appcompat.widget.AppCompatImageView{9d63ed98 V.ED.... ......ID 0,0-131,131 #7f0900dd app:id/row_icon})
I/AndroidRipper( 8133): [b] Found widget: id=2131296478 (com.mmt.widget.QTextView{9d63fb88 V.ED.... ......ID 131,0-651,131 #7f0900de app:id/row_title})
I/AndroidRipper( 8133): [b] Found widget: id=-1 (androidx.constraintlayout.widget.ConstraintLayout{9d6651e0 V.E..... ......I. 42,130-693,261})
I/AndroidRipper( 8133): [b] Found widget: id=2131296477 (androidx.appcompat.widget.AppCompatImageView{9d667da0 V.ED.... ......ID 0,0-131,131 #7f0900dd app:id/row_icon})
I/AndroidRipper( 8133): [b] Found widget: id=2131296478 (com.mmt.widget.QTextView{9d668b90 V.ED.... ......ID 131,0-651,131 #7f0900de app:id/row_title})
I/AndroidRipper( 8133): [b] Found widget: id=-1 (androidx.constraintlayout.widget.ConstraintLayout{9d66bde0 V.E..... ......I. 42,260-693,391})
I/AndroidRipper( 8133): [b] Found widget: id=2131296477 (androidx.appcompat.widget.AppCompatImageView{9d66e9a0 V.ED.... ........ 0,0-131,131 #7f0900dd app:id/row_icon})
I/AndroidRipper( 8133): [b] Found widget: id=2131296478 (com.mmt.widget.QTextView{9d66f790 V.ED.... ........ 131,0-651,131 #7f0900de app:id/row_title})
I/AndroidRipper( 8133): [b] Found widget: id=2131296424 (android.widget.LinearLayout{9d0d09c0 V.E..... ........ 0,1647-735,1794 #7f0900a8 app:id/layout_footer})
I/AndroidRipper( 8133): [b] Found widget: id=2131296296 (com.mmt.widget.QButton{9d0cfca8 VFED..C. ........ 0,0-367,147 #7f090028 app:id/action_about})
I/AndroidRipper( 8133): [b] Found widget: id=-1 (android.view.View{9d0a85d0 V.ED.... ........ 367,0-368,147})
I/AndroidRipper( 8133): [b] Found widget: id=2131296320 (com.mmt.widget.QButton{9d0bb758 VFED..C. ........ 368,0-735,147 #7f090040 app:id/action_share})
I/AndroidRipper( 8133): [b] Found widget: id=2131296316 (androidx.appcompat.widget.ViewStubCompat{9d0a7d90 G.E..... ......I. 0,0-0,0 #7f09003c app:id/action_mode_bar_stub})
I/AndroidRipper( 8133): [b] Found widget: id=-1 (android.view.View{9d0a4d48 V.ED.... ........ 0,0-1080,66})
I/AndroidRipper( 8133): [b] Found widget: id=-1 (com.android.internal.policy.impl.PhoneWindow$DecorView{9d094250 V.E..... R....... 0,0-1080,1794})
V/AndroidRipperService( 2392): send()
D/dalvikvm( 2392): GC_FOR_ALLOC freed 487K, 19% free 3083K/3804K, paused 3ms, total 3ms
V/RipperService( 2392): EVT
V/AndroidRipperService( 2392): mHandler.handleMessage() RECIVED
V/AndroidRipperService( 2392): broadcast()
V/AndroidRipperService( 2392): broadcast() done
I/AndroidRipper( 8133): Recived message: EVT
V/RipperTestCase( 8133): START_EVENT[39|1629043601614]
V/        ( 2392): ready
D/dalvikvm( 1569): GC_FOR_ALLOC freed 1580K, 47% free 9256K/17396K, paused 11ms, total 11ms
V/SERVER  ( 2392): ServerSocket on PORT 18888: offline
V/AndroidRipperService( 2392): mHandler.handleMessage() DISCONNECTED
V/SERVER  ( 2392): Ready to accept connections on port: 18888
V/AndroidRipperService( 2392): send()
V/RipperTestCase( 8133): END_EVENT[39|1629043602618]
D/AndroidRuntime( 8370): 
D/AndroidRuntime( 8370): >>>>>> AndroidRuntime START com.android.internal.os.RuntimeInit <<<<<<
W/linker  ( 8370): libdvm.so has text relocations. This is wasting memory and is a security risk. Please fix.
D/AndroidRuntime( 8370): CheckJNI is ON
D/dalvikvm( 8370): Trying to load lib libjavacore.so 0x0
D/dalvikvm( 8370): Added shared lib libjavacore.so 0x0
D/dalvikvm( 8370): Trying to load lib libnativehelper.so 0x0
D/dalvikvm( 8370): Added shared lib libnativehelper.so 0x0
D/dalvikvm( 8370): No JNI_OnLoad found in libnativehelper.so 0x0, skipping init
D/dalvikvm( 8370): Note: class Landroid/app/ActivityManagerNative; has 179 unimplemented (abstract) methods
E/memtrack( 8370): Couldn't load memtrack module (No such file or directory)
E/android.os.Debug( 8370): failed to load memtrack module: -2
D/AndroidRuntime( 8370): Calling main entry com.android.commands.pm.Pm
D/AndroidRuntime( 8370): Shutting down VM
D/dalvikvm( 8370): GC_CONCURRENT freed 91K, 15% free 547K/644K, paused 0ms+0ms, total 1ms
D/AndroidRuntime( 8380): 
D/AndroidRuntime( 8380): >>>>>> AndroidRuntime START com.android.internal.os.RuntimeInit <<<<<<
W/linker  ( 8380): libdvm.so has text relocations. This is wasting memory and is a security risk. Please fix.
D/AndroidRuntime( 8380): CheckJNI is ON
D/dalvikvm( 8380): Trying to load lib libjavacore.so 0x0
D/dalvikvm( 8380): Added shared lib libjavacore.so 0x0
D/dalvikvm( 8380): Trying to load lib libnativehelper.so 0x0
D/dalvikvm( 8380): Added shared lib libnativehelper.so 0x0
D/dalvikvm( 8380): No JNI_OnLoad found in libnativehelper.so 0x0, skipping init
D/dalvikvm( 8380): Note: class Landroid/app/ActivityManagerNative; has 179 unimplemented (abstract) methods
E/memtrack( 8380): Couldn't load memtrack module (No such file or directory)
E/android.os.Debug( 8380): failed to load memtrack module: -2
D/AndroidRuntime( 8380): Calling main entry com.android.commands.pm.Pm
D/AndroidRuntime( 8380): Shutting down VM
D/dalvikvm( 8380): GC_CONCURRENT freed 93K, 15% free 557K/652K, paused 0ms+0ms, total 1ms
D/AndroidRuntime( 8391): 
D/AndroidRuntime( 8391): >>>>>> AndroidRuntime START com.android.internal.os.RuntimeInit <<<<<<
W/linker  ( 8391): libdvm.so has text relocations. This is wasting memory and is a security risk. Please fix.
D/AndroidRuntime( 8391): CheckJNI is ON
D/dalvikvm( 8391): Trying to load lib libjavacore.so 0x0
D/dalvikvm( 8391): Added shared lib libjavacore.so 0x0
D/dalvikvm( 8391): Trying to load lib libnativehelper.so 0x0
D/dalvikvm( 8391): Added shared lib libnativehelper.so 0x0
D/dalvikvm( 8391): No JNI_OnLoad found in libnativehelper.so 0x0, skipping init
D/dalvikvm( 8391): Note: class Landroid/app/ActivityManagerNative; has 179 unimplemented (abstract) methods
E/memtrack( 8391): Couldn't load memtrack module (No such file or directory)
E/android.os.Debug( 8391): failed to load memtrack module: -2
D/AndroidRuntime( 8391): Calling main entry com.android.commands.pm.Pm
I/GeofencerStateMachine( 1776): removeGeofences: removeRequest=RemoveGeofencingRequest[REMOVE_ALL packageName=it.unina.android.ripper]
D/Documents( 3240): Used cached roots for com.android.providers.downloads.documents
D/Documents( 3240): Used cached roots for com.android.externalstorage.documents
D/Documents( 3240): Used cached roots for com.android.providers.media.documents
D/Documents( 3240): Update found 6 roots in 1ms
D/keystore( 1149): calling clear_uid in state: 3
I/ActivityManager( 1569): Force stopping it.unina.android.ripper appid=10089 user=0: clear data
I/Fitness ( 1776): FitCleanupIntentOperation received Intent android.intent.action.PACKAGE_DATA_CLEARED [CONTEXT service_id=17 ]
D/AndroidRuntime( 8391): Shutting down VM
D/dalvikvm( 8391): GC_CONCURRENT freed 92K, 15% free 549K/644K, paused 0ms+1ms, total 1ms
I/Icing   ( 2094): doRemovePackageData it.unina.android.ripper
D/dalvikvm( 1776): GC_FOR_ALLOC freed 2057K, 26% free 9740K/13068K, paused 11ms, total 11ms
D/dalvikvm( 2094): GC_FOR_ALLOC freed 2157K, 13% free 21350K/24432K, paused 26ms, total 26ms
D/AndroidRuntime( 8418): 
D/AndroidRuntime( 8418): >>>>>> AndroidRuntime START com.android.internal.os.RuntimeInit <<<<<<
W/linker  ( 8418): libdvm.so has text relocations. This is wasting memory and is a security risk. Please fix.
D/AndroidRuntime( 8418): CheckJNI is ON
D/dalvikvm( 8418): Trying to load lib libjavacore.so 0x0
D/dalvikvm( 8418): Added shared lib libjavacore.so 0x0
D/dalvikvm( 8418): Trying to load lib libnativehelper.so 0x0
D/dalvikvm( 8418): Added shared lib libnativehelper.so 0x0
D/dalvikvm( 8418): No JNI_OnLoad found in libnativehelper.so 0x0, skipping init
D/dalvikvm( 8418): Note: class Landroid/app/ActivityManagerNative; has 179 unimplemented (abstract) methods
E/memtrack( 8418): Couldn't load memtrack module (No such file or directory)
E/android.os.Debug( 8418): failed to load memtrack module: -2
D/AndroidRuntime( 8418): Calling main entry com.android.commands.pm.Pm
I/ActivityManager( 1569): Force stopping it.unina.android.ripper appid=10089 user=-1: uninstall pkg
W/PackageManager( 1569): Couldn't delete native library directory /data/app-lib/it.unina.android.ripper
D/keystore( 1149): calling clear_uid in state: 3
D/dalvikvm( 8133): GC_EXPLICIT freed 642K, 20% free 9176K/11388K, paused 0ms+1ms, total 3ms
W/Launcher.Model( 2621): Nobody to tell about the new app.  Launcher is probably loading.
I/GeofencerStateMachine( 1776): removeGeofences: removeRequest=RemoveGeofencingRequest[REMOVE_ALL packageName=it.unina.android.ripper]
I/ActivityManager( 1569): Force stopping it.unina.android.ripper appid=10089 user=0: pkg removed
I/Launcher( 1944): Deferring update until onResume
I/Launcher( 1944): Deferring update until onResume
D/Documents( 3240): Used cached roots for com.android.providers.downloads.documents
D/Documents( 3240): Used cached roots for com.android.externalstorage.documents
D/Documents( 3240): Used cached roots for com.android.providers.media.documents
D/Documents( 3240): Update found 6 roots in 5ms
I/PackageManager( 1569):   Action: "android.intent.action.SENDTO"
I/PackageManager( 1569):   Category: "android.intent.category.DEFAULT"
I/PackageManager( 1569):   Scheme: "sms"
I/InputReader( 1569): Reconfiguring input devices.  changes=0x00000010
I/PackageManager( 1569): Adding preferred activity ComponentInfo{com.android.mms/com.android.mms.ui.ComposeMessageActivity} for user 0 :
D/dalvikvm( 1812): GC_FOR_ALLOC freed 470K, 18% free 3619K/4396K, paused 2ms, total 2ms
I/PackageManager( 1569):   Action: "android.intent.action.SENDTO"
I/PackageManager( 1569):   Category: "android.intent.category.DEFAULT"
I/PackageManager( 1569):   Scheme: "smsto"
D/BackupManagerService( 1569): Received broadcast Intent { act=android.intent.action.PACKAGE_REMOVED dat=package:it.unina.android.ripper flg=0x4000010 (has extras) }
V/BackupManagerService( 1569): removePackageParticipantsLocked: uid=10089 #1
I/PackageManager( 1569): Adding preferred activity ComponentInfo{com.android.mms/com.android.mms.ui.ComposeMessageActivity} for user 0 :
D/VoicemailCleanupService( 1869): Cleaning up data for package: it.unina.android.ripper
W/Launcher( 2621): setApplicationContext called twice! old=com.google.android.velvet.VelvetApplication@9d06b608 new=com.google.android.velvet.VelvetApplication@9d06b608
W/ContextImpl( 3291): Calling a method in the system process without a qualified user: android.app.ContextImpl.startService:1479 android.content.ContextWrapper.startService:494 android.content.ContextWrapper.startService:494 com.android.keychain.KeyChainBroadcastReceiver.onReceive:12 android.app.ActivityThread.handleReceiver:2419 
I/ActivityManager( 1569): Delay finish: com.android.keychain/.KeyChainBroadcastReceiver
I/ContentMaintenance( 2094): Internal cache bytes used: 0; limit: 39526809; download size: 0
I/Fitness ( 1776): FitCleanupIntentOperation received Intent android.intent.action.PACKAGE_REMOVED [CONTEXT service_id=17 ]
I/PackageManager( 1569):   Action: "android.intent.action.SENDTO"
I/PackageManager( 1569):   Category: "android.intent.category.DEFAULT"
I/PackageManager( 1569):   Scheme: "mms"
I/PackageManager( 1569): Adding preferred activity ComponentInfo{com.android.mms/com.android.mms.ui.ComposeMessageActivity} for user 0 :
I/PackageManager( 1569):   Action: "android.intent.action.SENDTO"
I/PackageManager( 1569):   Category: "android.intent.category.DEFAULT"
I/PackageManager( 1569):   Scheme: "mmsto"
I/PackageManager( 1569): Adding preferred activity ComponentInfo{com.android.mms/com.android.mms.ui.ComposeMessageActivity} for user 0 :
I/Icing.InternalIcingCorporaProvider( 2443): Updating corpora: A: it.unina.android.ripper, C: MAYBE
I/PackageManager( 1569):   Action: "android.intent.action.SENDTO"
I/PackageManager( 1569):   Category: "android.intent.category.DEFAULT"
I/PackageManager( 1569):   Scheme: "sms"
I/Icing   ( 2094): doRemovePackageData it.unina.android.ripper
D/dalvikvm( 1812): GC_FOR_ALLOC freed 411K, 17% free 3667K/4396K, paused 2ms, total 2ms
I/PackageManager( 1569): Adding preferred activity ComponentInfo{com.android.mms/com.android.mms.ui.ComposeMessageActivity} for user 0 :
I/ActivityManager( 1569): Resuming delayed broadcast
I/PackageManager( 1569):   Action: "android.intent.action.SENDTO"
I/PackageManager( 1569):   Category: "android.intent.category.DEFAULT"
I/PackageManager( 1569):   Scheme: "smsto"
I/RealtimeCacheCleanup( 2094): Beginning Realtime garbage collection.
I/RealtimeCacheCleanup( 2094): Finished Realtime garbage collection.
I/PackageManager( 1569): Adding preferred activity ComponentInfo{com.android.mms/com.android.mms.ui.ComposeMessageActivity} for user 0 :
D/dalvikvm( 1569): GC_EXPLICIT freed 1445K, 47% free 9381K/17396K, paused 1ms+2ms, total 81ms
D/dalvikvm( 1569): WAIT_FOR_CONCURRENT_GC blocked 9ms
D/dalvikvm( 1569): WAIT_FOR_CONCURRENT_GC blocked 15ms
D/dalvikvm( 1569): WAIT_FOR_CONCURRENT_GC blocked 10ms
D/dalvikvm( 1569): WAIT_FOR_CONCURRENT_GC blocked 10ms
D/AndroidRuntime( 8418): Shutting down VM
D/dalvikvm( 8418): GC_CONCURRENT freed 92K, 15% free 549K/644K, paused 1ms+0ms, total 1ms
I/Icing   ( 2094): IndexChimeraService.getServiceInterface callingPackage=com.google.android.gms componentName=AppsCorpus serviceId=36
I/PackageManager( 1569):   Action: "android.intent.action.SENDTO"
I/PackageManager( 1569):   Category: "android.intent.category.DEFAULT"
I/PackageManager( 1569):   Scheme: "mms"
I/PackageManager( 1569): Adding preferred activity ComponentInfo{com.android.mms/com.android.mms.ui.ComposeMessageActivity} for user 0 :
I/PackageManager( 1569):   Action: "android.intent.action.SENDTO"
I/PackageManager( 1569):   Category: "android.intent.category.DEFAULT"
I/PackageManager( 1569):   Scheme: "mmsto"
W/ContextImpl( 2443): Implicit intents with startService are not safe: Intent { act=com.google.android.gms.icing.INDEX_SERVICE } android.content.ContextWrapper.bindService:517 com.google.android.gms.internal.av.a:-1 com.google.android.gms.internal.au.connect:-1 
I/PackageManager( 1569): Adding preferred activity ComponentInfo{com.android.mms/com.android.mms.ui.ComposeMessageActivity} for user 0 :
I/Icing   ( 2094): IndexChimeraService.getServiceInterface callingPackage=com.google.android.googlequicksearchbox componentName=null serviceId=21
W/Icing.InternalIcingCorporaProvider( 2443): Application table change notification failed.
W/Icing   ( 2094): No valid account for uploading user actions
I/Icing   ( 2094): Usage reports ok 0, Failed Usage reports 0, indexed 0, rejected 0
W/Icing   ( 2094): No valid account for uploading user actions
I/Icing   ( 2094): Usage reports ok 0, Failed Usage reports 0, indexed 0, rejected 0
I/Icing   ( 2094): Indexing com.google.android.gms-apps from com.google.android.gms
I/Icing   ( 2094): Indexing done com.google.android.gms-apps
I/LatinIME:LogUtils( 1763): Dictionary info: dictionary = main:en ; version = 42 ; date = 1381226516
I/DownloadManager( 1845): Download 37 starting
W/DownloadManager( 1845): Aborting request for download 37: TYPE_DISALLOWED_BY_REQUESTOR
I/DownloadManager( 1845): Download 37 finished with status WAITING_FOR_NETWORK
D/AndroidRuntime( 8441): 
D/AndroidRuntime( 8441): >>>>>> AndroidRuntime START com.android.internal.os.RuntimeInit <<<<<<
W/linker  ( 8441): libdvm.so has text relocations. This is wasting memory and is a security risk. Please fix.
D/AndroidRuntime( 8441): CheckJNI is ON
D/dalvikvm( 8441): Trying to load lib libjavacore.so 0x0
D/dalvikvm( 8441): Added shared lib libjavacore.so 0x0
D/dalvikvm( 8441): Trying to load lib libnativehelper.so 0x0
D/dalvikvm( 8441): Added shared lib libnativehelper.so 0x0
D/dalvikvm( 8441): No JNI_OnLoad found in libnativehelper.so 0x0, skipping init
D/dalvikvm( 8441): Note: class Landroid/app/ActivityManagerNative; has 179 unimplemented (abstract) methods
E/memtrack( 8441): Couldn't load memtrack module (No such file or directory)
E/android.os.Debug( 8441): failed to load memtrack module: -2
D/AndroidRuntime( 8441): Calling main entry com.android.commands.pm.Pm
D/AndroidRuntime( 8441): Shutting down VM
D/dalvikvm( 8441): GC_CONCURRENT freed 93K, 15% free 557K/652K, paused 0ms+0ms, total 1ms
D/AndroidRuntime( 8452): 
D/AndroidRuntime( 8452): >>>>>> AndroidRuntime START com.android.internal.os.RuntimeInit <<<<<<
W/linker  ( 8452): libdvm.so has text relocations. This is wasting memory and is a security risk. Please fix.
D/AndroidRuntime( 8452): CheckJNI is ON
D/dalvikvm( 8452): Trying to load lib libjavacore.so 0x0
D/dalvikvm( 8452): Added shared lib libjavacore.so 0x0
D/dalvikvm( 8452): Trying to load lib libnativehelper.so 0x0
D/dalvikvm( 8452): Added shared lib libnativehelper.so 0x0
D/dalvikvm( 8452): No JNI_OnLoad found in libnativehelper.so 0x0, skipping init
D/dalvikvm( 8452): Note: class Landroid/app/ActivityManagerNative; has 179 unimplemented (abstract) methods
E/memtrack( 8452): Couldn't load memtrack module (No such file or directory)
E/android.os.Debug( 8452): failed to load memtrack module: -2
D/AndroidRuntime( 8452): Calling main entry com.android.commands.pm.Pm
I/GeofencerStateMachine( 1776): removeGeofences: removeRequest=RemoveGeofencingRequest[REMOVE_ALL packageName=it.unina.android.ripper_service]
D/Documents( 3240): Used cached roots for com.android.providers.downloads.documents
D/keystore( 1149): calling clear_uid in state: 3
I/ActivityManager( 1569): Force stopping it.unina.android.ripper_service appid=10057 user=0: clear data
I/ActivityManager( 1569): Killing 2392:it.unina.android.ripper_service:android_ripper_service_process/u0a57 (adj 1): stop it.unina.android.ripper_service
I/ActivityManager( 1569):   Force stopping service ServiceRecord{9d910ea0 u0 it.unina.android.ripper_service/.AndroidRipperService}
D/Documents( 3240): Used cached roots for com.android.externalstorage.documents
D/Documents( 3240): Used cached roots for com.android.providers.media.documents
D/Documents( 3240): Update found 6 roots in 5ms
I/Icing   ( 2094): doRemovePackageData it.unina.android.ripper_service
D/AndroidRuntime( 8452): Shutting down VM
D/dalvikvm( 8452): GC_CONCURRENT freed 93K, 15% free 549K/644K, paused 0ms+0ms, total 1ms
I/Fitness ( 1776): FitCleanupIntentOperation received Intent android.intent.action.PACKAGE_DATA_CLEARED [CONTEXT service_id=17 ]
D/AndroidRuntime( 8468): 
D/AndroidRuntime( 8468): >>>>>> AndroidRuntime START com.android.internal.os.RuntimeInit <<<<<<
W/linker  ( 8468): libdvm.so has text relocations. This is wasting memory and is a security risk. Please fix.
D/AndroidRuntime( 8468): CheckJNI is ON
D/dalvikvm( 8468): Trying to load lib libjavacore.so 0x0
D/dalvikvm( 8468): Added shared lib libjavacore.so 0x0
D/dalvikvm( 8468): Trying to load lib libnativehelper.so 0x0
D/dalvikvm( 8468): Added shared lib libnativehelper.so 0x0
D/dalvikvm( 8468): No JNI_OnLoad found in libnativehelper.so 0x0, skipping init
D/dalvikvm( 8468): Note: class Landroid/app/ActivityManagerNative; has 179 unimplemented (abstract) methods
E/memtrack( 8468): Couldn't load memtrack module (No such file or directory)
E/android.os.Debug( 8468): failed to load memtrack module: -2
D/AndroidRuntime( 8468): Calling main entry com.android.commands.pm.Pm
I/ActivityManager( 1569): Force stopping it.unina.android.ripper_service appid=10057 user=-1: uninstall pkg
W/PackageManager( 1569): Couldn't delete native library directory /data/app-lib/it.unina.android.ripper_service
D/keystore( 1149): calling clear_uid in state: 3
D/dalvikvm( 1944): GC_EXPLICIT freed 8859K, 37% free 17640K/27872K, paused 0ms+1ms, total 3ms
I/ActivityManager( 1569): Force stopping it.unina.android.ripper_service appid=10057 user=0: pkg removed
D/dalvikvm( 2443): GC_EXPLICIT freed 263K, 34% free 3617K/5480K, paused 0ms+0ms, total 3ms
I/GeofencerStateMachine( 1776): removeGeofences: removeRequest=RemoveGeofencingRequest[REMOVE_ALL packageName=it.unina.android.ripper_service]
I/InputReader( 1569): Reconfiguring input devices.  changes=0x00000010
W/Launcher.Model( 2621): Nobody to tell about the new app.  Launcher is probably loading.
I/PackageManager( 1569):   Action: "android.intent.action.SENDTO"
I/PackageManager( 1569):   Category: "android.intent.category.DEFAULT"
I/PackageManager( 1569):   Scheme: "sms"
I/Launcher( 1944): Deferring update until onResume
D/VoicemailCleanupService( 1869): Cleaning up data for package: it.unina.android.ripper_service
I/PackageManager( 1569): Adding preferred activity ComponentInfo{com.android.mms/com.android.mms.ui.ComposeMessageActivity} for user 0 :
D/Documents( 3240): Used cached roots for com.android.providers.downloads.documents
D/Documents( 3240): Used cached roots for com.android.externalstorage.documents
I/Launcher( 1944): Deferring update until onResume
D/dalvikvm( 1812): GC_FOR_ALLOC freed 471K, 18% free 3619K/4396K, paused 2ms, total 7ms
D/Documents( 3240): Used cached roots for com.android.providers.media.documents
D/Documents( 3240): Update found 6 roots in 17ms
I/PackageManager( 1569):   Action: "android.intent.action.SENDTO"
I/PackageManager( 1569):   Category: "android.intent.category.DEFAULT"
I/PackageManager( 1569):   Scheme: "smsto"
I/PackageManager( 1569): Adding preferred activity ComponentInfo{com.android.mms/com.android.mms.ui.ComposeMessageActivity} for user 0 :
D/BackupManagerService( 1569): Received broadcast Intent { act=android.intent.action.PACKAGE_REMOVED dat=package:it.unina.android.ripper_service flg=0x4000010 (has extras) }
I/PackageManager( 1569):   Action: "android.intent.action.SENDTO"
I/PackageManager( 1569):   Category: "android.intent.category.DEFAULT"
I/PackageManager( 1569):   Scheme: "mms"
I/Icing.InternalIcingCorporaProvider( 2443): Updating corpora: A: it.unina.android.ripper_service, C: MAYBE
I/PackageManager( 1569):   Action: "android.intent.action.SENDTO"
I/PackageManager( 1569):   Category: "android.intent.category.DEFAULT"
I/PackageManager( 1569):   Scheme: "mmsto"
V/BackupManagerService( 1569): removePackageParticipantsLocked: uid=10057 #1
I/PackageManager( 1569): Adding preferred activity ComponentInfo{com.android.mms/com.android.mms.ui.ComposeMessageActivity} for user 0 :
I/PackageManager( 1569): Adding preferred activity ComponentInfo{com.android.mms/com.android.mms.ui.ComposeMessageActivity} for user 0 :
I/PackageManager( 1569):   Action: "android.intent.action.SENDTO"
I/PackageManager( 1569):   Category: "android.intent.category.DEFAULT"
I/PackageManager( 1569):   Scheme: "sms"
I/PackageManager( 1569): Adding preferred activity ComponentInfo{com.android.mms/com.android.mms.ui.ComposeMessageActivity} for user 0 :
D/dalvikvm( 1569): GC_FOR_ALLOC freed 1640K, 47% free 9340K/17396K, paused 12ms, total 12ms
I/PackageManager( 1569):   Action: "android.intent.action.SENDTO"
I/PackageManager( 1569):   Category: "android.intent.category.DEFAULT"
I/PackageManager( 1569):   Scheme: "smsto"
D/dalvikvm( 1812): GC_FOR_ALLOC freed 436K, 17% free 3662K/4396K, paused 1ms, total 1ms
I/PackageManager( 1569): Adding preferred activity ComponentInfo{com.android.mms/com.android.mms.ui.ComposeMessageActivity} for user 0 :
W/Launcher( 2621): setApplicationContext called twice! old=com.google.android.velvet.VelvetApplication@9d06b608 new=com.google.android.velvet.VelvetApplication@9d06b608
D/dalvikvm( 1776): GC_FOR_ALLOC freed 2031K, 26% free 9756K/13068K, paused 20ms, total 21ms
I/PackageManager( 1569):   Action: "android.intent.action.SENDTO"
I/PackageManager( 1569):   Category: "android.intent.category.DEFAULT"
I/PackageManager( 1569):   Scheme: "mms"
I/PackageManager( 1569): Adding preferred activity ComponentInfo{com.android.mms/com.android.mms.ui.ComposeMessageActivity} for user 0 :
W/ContextImpl( 3291): Calling a method in the system process without a qualified user: android.app.ContextImpl.startService:1479 android.content.ContextWrapper.startService:494 android.content.ContextWrapper.startService:494 com.android.keychain.KeyChainBroadcastReceiver.onReceive:12 android.app.ActivityThread.handleReceiver:2419 
D/dalvikvm( 1569): GC_EXPLICIT freed 305K, 46% free 9471K/17396K, paused 6ms+9ms, total 31ms
D/AndroidRuntime( 8468): Shutting down VM
D/dalvikvm( 8468): GC_CONCURRENT freed 92K, 15% free 549K/644K, paused 0ms+0ms, total 1ms
I/PackageManager( 1569):   Action: "android.intent.action.SENDTO"
I/PackageManager( 1569):   Category: "android.intent.category.DEFAULT"
I/PackageManager( 1569):   Scheme: "mmsto"
I/PackageManager( 1569): Adding preferred activity ComponentInfo{com.android.mms/com.android.mms.ui.ComposeMessageActivity} for user 0 :
I/Icing   ( 2094): doRemovePackageData it.unina.android.ripper_service
I/Icing   ( 2094): IndexChimeraService.getServiceInterface callingPackage=com.google.android.googlequicksearchbox componentName=null serviceId=21
I/Fitness ( 1776): FitCleanupIntentOperation received Intent android.intent.action.PACKAGE_REMOVED [CONTEXT service_id=17 ]
W/Icing   ( 2094): No valid account for uploading user actions
I/Icing   ( 2094): Usage reports ok 0, Failed Usage reports 0, indexed 0, rejected 0
I/Icing   ( 2094): Indexing com.google.android.gms-apps from com.google.android.gms
I/LatinIME:LogUtils( 1763): Dictionary info: dictionary = main:en ; version = 42 ; date = 1381226516
I/Icing   ( 2094): Indexing com.google.android.gms-internal.3p:MobileApplication from com.google.android.gms
I/Icing   ( 2094): Indexing com.google.android.googlequicksearchbox-applications from com.google.android.googlequicksearchbox
I/DownloadManager( 1845): Download 38 starting
W/DownloadManager( 1845): Aborting request for download 38: TYPE_DISALLOWED_BY_REQUESTOR
I/DownloadManager( 1845): Download 38 finished with status WAITING_FOR_NETWORK
I/Icing   ( 2094): Indexing done com.google.android.gms-apps
I/Icing   ( 2094): Indexing done com.google.android.gms-internal.3p:MobileApplication
I/Icing   ( 2094): Indexing done com.google.android.googlequicksearchbox-applications
D/AndroidRuntime( 8496): 
D/AndroidRuntime( 8496): >>>>>> AndroidRuntime START com.android.internal.os.RuntimeInit <<<<<<
W/linker  ( 8496): libdvm.so has text relocations. This is wasting memory and is a security risk. Please fix.
D/AndroidRuntime( 8496): CheckJNI is ON
D/dalvikvm( 8496): Trying to load lib libjavacore.so 0x0
D/dalvikvm( 8496): Added shared lib libjavacore.so 0x0
D/dalvikvm( 8496): Trying to load lib libnativehelper.so 0x0
D/dalvikvm( 8496): Added shared lib libnativehelper.so 0x0
D/dalvikvm( 8496): No JNI_OnLoad found in libnativehelper.so 0x0, skipping init
D/dalvikvm( 8496): Note: class Landroid/app/ActivityManagerNative; has 179 unimplemented (abstract) methods
E/memtrack( 8496): Couldn't load memtrack module (No such file or directory)
E/android.os.Debug( 8496): failed to load memtrack module: -2
D/AndroidRuntime( 8496): Calling main entry com.android.commands.pm.Pm
W/ActivityManager( 1569): No content provider found for permission revoke: file:///data/local/tmp/AndroidRipperService.apk
W/ActivityManager( 1569): No content provider found for permission revoke: file:///data/local/tmp/AndroidRipperService.apk
I/PackageManager( 1569): Copying native libraries to /data/app-lib/vmdl171183119
I/PackageParser( 1569): it.unina.android.ripper_service: compat added android.permission.WRITE_EXTERNAL_STORAGE android.permission.READ_PHONE_STATE
I/PackageManager( 1569): Running dexopt on: it.unina.android.ripper_service
W/linker  ( 8507): libdvm.so has text relocations. This is wasting memory and is a security risk. Please fix.
D/dalvikvm( 8507): DexOpt: load 4ms, verify+opt 25ms, 1117628 bytes
I/ActivityManager( 1569): Force stopping it.unina.android.ripper_service appid=10090 user=-1: update pkg
W/Launcher.Model( 2621): Nobody to tell about the new app.  Launcher is probably loading.
D/Documents( 3240): Used cached roots for com.android.providers.downloads.documents
D/Documents( 3240): Used cached roots for com.android.externalstorage.documents
D/Documents( 3240): Used cached roots for com.android.providers.media.documents
D/Documents( 3240): Update found 6 roots in 5ms
I/PackageManager( 1569):   Action: "android.intent.action.SENDTO"
I/PackageManager( 1569):   Category: "android.intent.category.DEFAULT"
I/PackageManager( 1569):   Scheme: "sms"
I/Launcher( 1944): Deferring update until onResume
I/InputReader( 1569): Reconfiguring input devices.  changes=0x00000010
I/PackageManager( 1569): Adding preferred activity ComponentInfo{com.android.mms/com.android.mms.ui.ComposeMessageActivity} for user 0 :
I/Launcher( 1944): Deferring update until onResume
D/dalvikvm( 1812): GC_FOR_ALLOC freed 441K, 18% free 3629K/4396K, paused 2ms, total 2ms
I/PackageManager( 1569):   Action: "android.intent.action.SENDTO"
I/PackageManager( 1569):   Category: "android.intent.category.DEFAULT"
I/PackageManager( 1569):   Scheme: "smsto"
D/BackupManagerService( 1569): Received broadcast Intent { act=android.intent.action.PACKAGE_ADDED dat=package:it.unina.android.ripper_service flg=0x4000010 (has extras) }
V/BackupManagerService( 1569): addPackageParticipantsLocked: #1
I/PackageManager( 1569): Adding preferred activity ComponentInfo{com.android.mms/com.android.mms.ui.ComposeMessageActivity} for user 0 :
I/PackageManager( 1569):   Action: "android.intent.action.SENDTO"
I/PackageManager( 1569):   Category: "android.intent.category.DEFAULT"
I/PackageManager( 1569):   Scheme: "mms"
I/Auth    ( 2094): [SupervisedAccountIntentOperation] onHandleIntent(): android.intent.action.PACKAGE_ADDED
W/GCM     ( 1776): Unexpected forwarded intent: Intent { act=android.intent.action.PACKAGE_ADDED dat=package:it.unina.android.ripper_service flg=0x4000010 cmp=com.google.android.gms/.chimera.PersistentIntentOperationService (has extras) }
W/GCM     ( 1776): Unexpected forwarded intent: Intent { act=android.intent.action.PACKAGE_ADDED dat=package:it.unina.android.ripper_service flg=0x4000010 cmp=com.google.android.gms/.chimera.PersistentIntentOperationService (has extras) }
I/PackageManager( 1569): Adding preferred activity ComponentInfo{com.android.mms/com.android.mms.ui.ComposeMessageActivity} for user 0 :
I/PackageManager( 1569):   Action: "android.intent.action.SENDTO"
I/PackageManager( 1569):   Category: "android.intent.category.DEFAULT"
I/PackageManager( 1569):   Scheme: "mmsto"
I/PackageManager( 1569): Adding preferred activity ComponentInfo{com.android.mms/com.android.mms.ui.ComposeMessageActivity} for user 0 :
I/Icing.InternalIcingCorporaProvider( 2443): Updating corpora: A: it.unina.android.ripper_service, C: MAYBE
D/dalvikvm( 1569): GC_EXPLICIT freed 1696K, 46% free 9399K/17396K, paused 1ms+2ms, total 52ms
D/dalvikvm( 1569): WAIT_FOR_CONCURRENT_GC blocked 16ms
D/dalvikvm( 1569): WAIT_FOR_CONCURRENT_GC blocked 17ms
D/dalvikvm( 1569): WAIT_FOR_CONCURRENT_GC blocked 10ms
D/AndroidRuntime( 8496): Shutting down VM
D/dalvikvm( 8496): GC_CONCURRENT freed 93K, 15% free 552K/648K, paused 0ms+0ms, total 0ms
D/dalvikvm( 2094): GC_FOR_ALLOC freed 1969K, 13% free 21429K/24432K, paused 28ms, total 28ms
I/ChromeSync( 2094): [Sync,SyncIntentOperation] Handling the intent: Intent { act=android.intent.action.PACKAGE_ADDED dat=package:it.unina.android.ripper_service flg=0x4000010 cmp=com.google.android.gms/.chimera.GmsIntentOperationService (has extras) }.
I/FontLog ( 2094): Package it.unina.android.ripper_service has no metadata [CONTEXT service_id=132 ]
W/ActivityManager( 1569): Unable to start service Intent { act=com.google.android.gms.auth.key.retrieval.service.START pkg=com.google.android.gms } U=0: not found
I/PackageManager( 1569):   Action: "android.intent.action.SENDTO"
I/PackageManager( 1569):   Category: "android.intent.category.DEFAULT"
I/PackageManager( 1569):   Scheme: "sms"
E/GmsClient( 2094): unable to connect to service: com.google.android.gms.auth.key.retrieval.service.START on com.google.android.gms
I/PackageManager( 1569): Adding preferred activity ComponentInfo{com.android.mms/com.android.mms.ui.ComposeMessageActivity} for user 0 :
W/ActivityManager( 1569): Unbind failed: could not find connection for android.os.BinderProxy@9d8ca210
I/PackageManager( 1569):   Action: "android.intent.action.SENDTO"
I/PackageManager( 1569):   Category: "android.intent.category.DEFAULT"
I/PackageManager( 1569):   Scheme: "smsto"
D/dalvikvm( 1812): GC_FOR_ALLOC freed 432K, 17% free 3662K/4396K, paused 2ms, total 2ms
I/ChromeSync( 2094): [Persistence,AffiliationManager] One of affiliation or grouping data for android://KSmUCdTXmQS-j9D_O8l1jvyu41Pjn2mc5cb0Gvx1e9H1Aj4JCzHs_uTW26nbtH65K-YfijtBsQxGp-8R6k6HFg==@it.unina.android.ripper_service/ was not found. Marking affiliation data as stale...
I/PackageManager( 1569):   Action: "android.intent.action.SENDTO"
I/PackageManager( 1569):   Category: "android.intent.category.DEFAULT"
I/PackageManager( 1569):   Scheme: "mms"
I/PackageManager( 1569): Adding preferred activity ComponentInfo{com.android.mms/com.android.mms.ui.ComposeMessageActivity} for user 0 :
I/PackageManager( 1569): Adding preferred activity ComponentInfo{com.android.mms/com.android.mms.ui.ComposeMessageActivity} for user 0 :
I/PackageManager( 1569):   Action: "android.intent.action.SENDTO"
I/PackageManager( 1569):   Category: "android.intent.category.DEFAULT"
I/PackageManager( 1569):   Scheme: "mmsto"
I/PackageManager( 1569): Adding preferred activity ComponentInfo{com.android.mms/com.android.mms.ui.ComposeMessageActivity} for user 0 :
I/Icing   ( 2094): IndexChimeraService.getServiceInterface callingPackage=com.google.android.googlequicksearchbox componentName=null serviceId=21
W/Icing   ( 2094): No valid account for uploading user actions
I/Icing   ( 2094): Usage reports ok 0, Failed Usage reports 0, indexed 0, rejected 0
I/Icing   ( 2094): Indexing com.google.android.googlequicksearchbox-application