V/AndroidRipperService( 2392): send()
V/AndroidRipperService( 2392): broadcast() done
V/        ( 2392): ready
V/RipperService( 2392): DSC
V/AndroidRipperService( 2392): mHandler.handleMessage() RECIVED
V/AndroidRipperService( 2392): broadcast()
I/AndroidRipper( 7823): Recived message: DSC
V/AndroidRipperService( 2392): broadcast() done
V/        ( 2392): ready
I/AndroidRipper( 7823): [b] Found widget: id=-1 (android.widget.LinearLayout{9d095358 V.E..... ........ 0,0-1080,1794})
I/AndroidRipper( 7823): [b] Found widget: id=16909070 (android.view.ViewStub{9d094e20 G.E..... ......I. 0,0-0,0 #102030e})
I/AndroidRipper( 7823): [b] Found widget: id=-1 (android.widget.FrameLayout{9d06a3a0 V.E..... ......I. 0,0-1080,1794})
I/AndroidRipper( 7823): [b] Found widget: id=2131296301 (androidx.appcompat.widget.FitWindowsFrameLayout{9d077498 V.E..... ......I. 0,0-1080,1794 #7f09002d app:id/action_bar_root})
I/AndroidRipper( 7823): [b] Found widget: id=16908290 (androidx.appcompat.widget.ContentFrameLayout{9d06ea98 V.ED.... ......I. 0,0-1080,1794 #1020002 android:id/content})
I/AndroidRipper( 7823): [b] Found widget: id=2131296384 (androidx.drawerlayout.widget.DrawerLayout{9d0c48b8 VFE..... ......I. 0,0-1080,1794 #7f090080 app:id/drawer_layout})
I/AndroidRipper( 7823): [b] Found widget: id=-1 (androidx.coordinatorlayout.widget.CoordinatorLayout{9d0c7018 V.E..... ........ 0,0-1080,1794})
I/AndroidRipper( 7823): [b] Found widget: id=2131296507 (com.mmt.widget.SlidingUpPanelLayout{9d0c9400 V.ED.... ......I. 0,0-1080,1794 #7f0900fb app:id/sliding_layout})
I/AndroidRipper( 7823): [b] Found widget: id=-1 (android.widget.RelativeLayout{9d0d1bb8 V.E..... ........ 0,0-1080,1794})
I/AndroidRipper( 7823): [b] Found widget: id=2131296437 (androidx.appcompat.widget.Toolbar{9d0d25d0 V.E..... ........ 0,0-1080,147 #7f0900b5 app:id/main_toolbar})
I/AndroidRipper( 7823): [b] Found widget: id=-1 (androidx.appcompat.widget.m{9d0dc038 VFED..C. ........ 0,0-147,147})
I/AndroidRipper( 7823): [b] Found widget: id=-1 (androidx.appcompat.widget.y{9d073b50 V.ED.... ........ 189,38-320,109})
I/AndroidRipper( 7823): [b] Found widget: id=-1 (androidx.appcompat.widget.ActionMenuView{9d676778 V.E..... ......ID 1080,0-1080,147})
I/AndroidRipper( 7823): [b] Found widget: id=2131296362 (android.widget.FrameLayout{9d0a43c0 V.E..... ........ 0,147-1080,1794 #7f09006a app:id/content_frame})
I/AndroidRipper( 7823): [b] Found widget: id=-1 (android.widget.RelativeLayout{9d5e2300 V.E..... ........ 0,0-1080,1647})
I/AndroidRipper( 7823): [b] Found widget: id=2131296427 (android.widget.RelativeLayout{9d5e28b8 V.E..... ........ 0,0-1080,147 #7f0900ab app:id/layout_title})
I/AndroidRipper( 7823): [b] Found widget: id=2131296335 (androidx.appcompat.widget.m{9d5e2ec0 IFED..C. ......I. 0,0-131,147 #7f09004f app:id/back_word})
I/AndroidRipper( 7823): [b] Found widget: id=2131296564 (com.mmt.widget.QTextView{9d5e7890 V.ED.... ........ 131,0-1080,147 #7f090134 app:id/tv_title})
I/AndroidRipper( 7823): [b] Found widget: id=2131296321 (androidx.appcompat.widget.m{9d5e8018 GFED..C. ......I. 0,0-0,0 #7f090041 app:id/action_speak})
I/AndroidRipper( 7823): [b] Found widget: id=2131296376 (android.webkit.WebView{9d5eeb18 VFED..C. ........ 0,147-1080,1647 #7f090078 app:id/dictContentView})
I/AndroidRipper( 7823): [b] Found widget: id=2131296305 (com.google.android.material.floatingactionbutton.FloatingActionButton{9d0bacb8 VFED..C. ........ 827,1509-1038,1752 #7f090031 app:id/action_button})
I/AndroidRipper( 7823): [b] Found widget: id=2131296382 (android.widget.LinearLayout{9d0c6cd8 V.E...C. ......I. 0,1794-1080,3588 #7f09007e app:id/dragView})
I/AndroidRipper( 7823): [b] Found widget: id=2131296378 (android.widget.LinearLayout{9d0c77b0 VFE..... ......I. 21,21-1059,168 #7f09007a app:id/dictSearchBarLayout})
I/AndroidRipper( 7823): [b] Found widget: id=2131296312 (androidx.appcompat.widget.m{9d079898 VFED..C. ........ 0,0-131,147 #7f090038 app:id/action_menu})
I/AndroidRipper( 7823): [b] Found widget: id=2131296426 (android.widget.LinearLayout{9d079bd8 V.E..... ......I. 152,0-907,147 #7f0900aa app:id/layout_input})
I/AndroidRipper( 7823): [b] Found widget: id=-1 (com.annie.dictionary.MainActivity$b{9d5a4e08 VFED..CL ........ 0,0-755,115})
I/AndroidRipper( 7823): [b] Found widget: id=2131296324 (androidx.appcompat.widget.m{9d098c40 GFED..C. ......I. 0,0-0,0 #7f090044 app:id/action_wordslist})
D/dalvikvm( 7823): GC_CONCURRENT freed 954K, 12% free 8995K/10132K, paused 3ms+1ms, total 8ms
I/AndroidRipper( 7823): [b] Found widget: id=2131296323 (androidx.appcompat.widget.m{9d09a8d0 VFED..C. ........ 907,0-1038,147 #7f090043 app:id/action_voice})
I/AndroidRipper( 7823): [b] Found widget: id=2131296563 (com.mmt.widget.QTextView{9d0801a0 G.ED.... ......I. 0,0-0,0 #7f090133 app:id/tv_info_search})
I/AndroidRipper( 7823): [b] Found widget: id=2131296385 (com.mmt.widget.DropDownListView{9d0f3d28 V.ED..C. ........ 21,168-1059,1794 #7f090081 app:id/drop_list})
I/AndroidRipper( 7823): [b] Found widget: id=2131296449 (com.google.android.material.navigation.NavigationView{9d0c4de8 I.E..... ......ID -735,0-0,1794 #7f0900c1 app:id/nav_view})
I/AndroidRipper( 7823): [b] Found widget: id=2131296374 (com.google.android.material.internal.NavigationMenuView{9d07a988 VFED.V.. ......ID 0,0-735,1794 #7f090076 app:id/design_navigation_view})
I/AndroidRipper( 7823): [b] Found widget: id=2131296450 (android.widget.LinearLayout{9d0d3b40 V.E..... ......I. 0,0-735,21 #7f0900c2 app:id/navigation_header_container})
I/AndroidRipper( 7823): [b] Found widget: id=-1 (androidx.constraintlayout.widget.ConstraintLayout{9d0c86c8 V.E..... ......ID 0,0-735,1794})
I/AndroidRipper( 7823): [b] Found widget: id=2131296448 (android.widget.LinearLayout{9d0780b8 V.E..... ......ID 0,0-735,462 #7f0900c0 app:id/nav_header})
I/AndroidRipper( 7823): [b] Found widget: id=2131296402 (android.widget.FrameLayout{9d06be50 V.E..... ......ID 0,462-735,1647 #7f090092 app:id/frame_container})
I/AndroidRipper( 7823): [b] Found widget: id=-1 (android.widget.ScrollView{9d5dc4c8 VFED.... ......ID 0,0-735,1185})
I/AndroidRipper( 7823): [b] Found widget: id=-1 (android.widget.LinearLayout{9d5dcf20 V.E..... ......ID 0,0-735,954})
I/AndroidRipper( 7823): [b] Found widget: id=2131296432 (com.mmt.widget.M2tListView{9d5dd5e8 VFED..C. .F....ID 0,42-735,435 #7f0900b0 app:id/list1})
I/AndroidRipper( 7823): [b] Found widget: id=-1 (androidx.constraintlayout.widget.ConstraintLayout{9d617750 V.E..... ..S...I. 42,0-693,131})
I/AndroidRipper( 7823): [b] Found widget: id=2131296477 (androidx.appcompat.widget.AppCompatImageView{9d61a7d8 V.ED.... ..S...ID 0,0-131,131 #7f0900dd app:id/row_icon})
I/AndroidRipper( 7823): [b] Found widget: id=2131296478 (com.mmt.widget.QTextView{9d62b118 V.ED.... ..S...ID 131,0-651,131 #7f0900de app:id/row_title})
I/AndroidRipper( 7823): [b] Found widget: id=-1 (androidx.constraintlayout.widget.ConstraintLayout{9d659a60 V.E..... ......I. 42,130-693,261})
I/AndroidRipper( 7823): [b] Found widget: id=2131296477 (androidx.appcompat.widget.AppCompatImageView{9d65c620 V.ED.... ......ID 0,0-131,131 #7f0900dd app:id/row_icon})
I/AndroidRipper( 7823): [b] Found widget: id=2131296478 (com.mmt.widget.QTextView{9d65d410 V.ED.... ......ID 131,0-651,131 #7f0900de app:id/row_title})
I/AndroidRipper( 7823): [b] Found widget: id=-1 (androidx.constraintlayout.widget.ConstraintLayout{9d6606e0 V.E..... ......I. 42,260-693,391})
I/AndroidRipper( 7823): [b] Found widget: id=2131296477 (androidx.appcompat.widget.AppCompatImageView{9d6632a0 V.ED.... ......ID 0,0-131,131 #7f0900dd app:id/row_icon})
I/AndroidRipper( 7823): [b] Found widget: id=2131296478 (com.mmt.widget.QTextView{9d664090 V.ED.... ......ID 131,0-651,131 #7f0900de app:id/row_title})
I/AndroidRipper( 7823): [b] Found widget: id=2131296433 (com.mmt.widget.M2tListView{9d5de560 VFED..C. ......ID 0,519-735,912 #7f0900b1 app:id/list2})
I/AndroidRipper( 7823): [b] Found widget: id=-1 (androidx.constraintlayout.widget.ConstraintLayout{9d63c4d0 V.E..... ..S...I. 42,0-693,131})
I/AndroidRipper( 7823): [b] Found widget: id=2131296477 (androidx.appcompat.widget.AppCompatImageView{9d63f090 V.ED.... ..S...ID 0,0-131,131 #7f0900dd app:id/row_icon})
I/AndroidRipper( 7823): [b] Found widget: id=2131296478 (com.mmt.widget.QTextView{9d63fe80 V.ED.... ..S...ID 131,0-651,131 #7f0900de app:id/row_title})
I/AndroidRipper( 7823): [b] Found widget: id=-1 (androidx.constraintlayout.widget.ConstraintLayout{9d6677b0 V.E..... ......I. 42,130-693,261})
I/AndroidRipper( 7823): [b] Found widget: id=2131296477 (androidx.appcompat.widget.AppCompatImageView{9d66a370 V.ED.... ......ID 0,0-131,131 #7f0900dd app:id/row_icon})
I/AndroidRipper( 7823): [b] Found widget: id=2131296478 (com.mmt.widget.QTextView{9d66b160 V.ED.... ......ID 131,0-651,131 #7f0900de app:id/row_title})
I/AndroidRipper( 7823): [b] Found widget: id=-1 (androidx.constraintlayout.widget.ConstraintLayout{9d66e3b0 V.E..... ......I. 42,260-693,391})
I/AndroidRipper( 7823): [b] Found widget: id=2131296477 (androidx.appcompat.widget.AppCompatImageView{9d670f70 V.ED.... ......ID 0,0-131,131 #7f0900dd app:id/row_icon})
I/AndroidRipper( 7823): [b] Found widget: id=2131296478 (com.mmt.widget.QTextView{9d671d60 V.ED.... ......ID 131,0-651,131 #7f0900de app:id/row_title})
I/AndroidRipper( 7823): [b] Found widget: id=2131296424 (android.widget.LinearLayout{9d0d2ae0 V.E..... ......ID 0,1647-735,1794 #7f0900a8 app:id/layout_footer})
I/AndroidRipper( 7823): [b] Found widget: id=2131296296 (com.mmt.widget.QButton{9d07fd58 VFED..C. ......ID 0,0-367,147 #7f090028 app:id/action_about})
I/AndroidRipper( 7823): [b] Found widget: id=-1 (android.view.View{9d0a2c60 V.ED.... ......ID 367,0-368,147})
I/AndroidRipper( 7823): [b] Found widget: id=2131296320 (com.mmt.widget.QButton{9d0624f8 VFED..C. ......ID 368,0-735,147 #7f090040 app:id/action_share})
I/AndroidRipper( 7823): [b] Found widget: id=2131296316 (androidx.appcompat.widget.ViewStubCompat{9d071cb0 G.E..... ......I. 0,0-0,0 #7f09003c app:id/action_mode_bar_stub})
I/AndroidRipper( 7823): [b] Found widget: id=-1 (android.view.View{9d070d40 V.ED.... ........ 0,0-1080,66})
I/AndroidRipper( 7823): [b] Found widget: id=-1 (com.android.internal.policy.impl.PhoneWindow$DecorView{9d093360 V.E..... R.....I. 0,0-1080,1794})
V/AndroidRipperService( 2392): send()
V/RipperService( 2392): EVT
V/AndroidRipperService( 2392): mHandler.handleMessage() RECIVED
V/AndroidRipperService( 2392): broadcast()
I/AndroidRipper( 7823): Recived message: EVT
V/RipperTestCase( 7823): START_EVENT[29|1629043550348]
I/AndroidRipper( 7823): [b] Retrieved from return list id=2131296305
I/AndroidRipper( 7823): [b] Testing for type (com.google.android.material.floatingactionbutton.FloatingActionButton) against the original (button)
I/AndroidRipper( 7823): [b] Testing for name () against the original ()
V/AndroidRipperService( 2392): broadcast() done
V/        ( 2392): ready
D/dalvikvm( 2392): GC_FOR_ALLOC freed 499K, 20% free 3059K/3804K, paused 2ms, total 2ms
D/dalvikvm( 1569): GC_FOR_ALLOC freed 2361K, 47% free 9300K/17396K, paused 10ms, total 10ms
E/SoundPool( 1569): error loading /system/media/audio/ui/Effect_Tick.ogg
W/AudioService( 1569): Soundpool could not load file: /system/media/audio/ui/Effect_Tick.ogg
E/SoundPool( 1569): error loading /system/media/audio/ui/Effect_Tick.ogg
W/AudioService( 1569): Soundpool could not load file: /system/media/audio/ui/Effect_Tick.ogg
E/SoundPool( 1569): error loading /system/media/audio/ui/Effect_Tick.ogg
W/AudioService( 1569): Soundpool could not load file: /system/media/audio/ui/Effect_Tick.ogg
E/SoundPool( 1569): error loading /system/media/audio/ui/Effect_Tick.ogg
W/AudioService( 1569): Soundpool could not load file: /system/media/audio/ui/Effect_Tick.ogg
E/SoundPool( 1569): error loading /system/media/audio/ui/Effect_Tick.ogg
W/AudioService( 1569): Soundpool could not load file: /system/media/audio/ui/Effect_Tick.ogg
E/SoundPool( 1569): error loading /system/media/audio/ui/KeypressStandard.ogg
W/AudioService( 1569): Soundpool could not load file: /system/media/audio/ui/KeypressStandard.ogg
E/SoundPool( 1569): error loading /system/media/audio/ui/KeypressSpacebar.ogg
W/AudioService( 1569): Soundpool could not load file: /system/media/audio/ui/KeypressSpacebar.ogg
E/SoundPool( 1569): error loading /system/media/audio/ui/KeypressDelete.ogg
W/AudioService( 1569): Soundpool could not load file: /system/media/audio/ui/KeypressDelete.ogg
E/SoundPool( 1569): error loading /system/media/audio/ui/KeypressReturn.ogg
W/AudioService( 1569): Soundpool could not load file: /system/media/audio/ui/KeypressReturn.ogg
E/SoundPool( 1569): error loading /system/media/audio/ui/KeypressInvalid.ogg
W/AudioService( 1569): Soundpool could not load file: /system/media/audio/ui/KeypressInvalid.ogg
W/AudioService( 1569): onLoadSoundEffects(), Error -1 while loading samples
D/InputEventConsistencyVerifier( 7823): TouchEvent: Source was not SOURCE_CLASS_POINTER.
D/InputEventConsistencyVerifier( 7823):   in com.annie.dictionary.MainActivity$b{9d5a4e08 VFED..CL .F....ID 0,0-755,115}
D/InputEventConsistencyVerifier( 7823):   0: sent at 687690000000, MotionEvent { action=ACTION_DOWN, id[0]=0, x[0]=0.0, y[0]=0.0, toolType[0]=TOOL_TYPE_UNKNOWN, buttonState=0, metaState=0, flags=0x0, edgeFlags=0x0, pointerCount=1, historySize=0, eventTime=687690, downTime=687690, deviceId=0, source=0x0 }
D/InputEventConsistencyVerifier( 7823): TouchEvent: Source was not SOURCE_CLASS_POINTER.
D/InputEventConsistencyVerifier( 7823):   in com.annie.dictionary.MainActivity$b{9d5a4e08 VFED..CL .F.p..ID 0,0-755,115}
D/InputEventConsistencyVerifier( 7823):   0: sent at 687691000000, MotionEvent { action=ACTION_UP, id[0]=0, x[0]=0.0, y[0]=0.0, toolType[0]=TOOL_TYPE_UNKNOWN, buttonState=0, metaState=0, flags=0x0, edgeFlags=0x0, pointerCount=1, historySize=0, eventTime=687691, downTime=687691, deviceId=0, source=0x0 }
D/InputEventConsistencyVerifier( 7823):   -- recent events --
D/InputEventConsistencyVerifier( 7823):   1: sent at 687690000000, MotionEvent { action=ACTION_DOWN, id[0]=0, x[0]=0.0, y[0]=0.0, toolType[0]=TOOL_TYPE_UNKNOWN, buttonState=0, metaState=0, flags=0x80000000, edgeFlags=0x0, pointerCount=1, historySize=0, eventTime=687690, downTime=687690, deviceId=0, source=0x0 }
V/AndroidRipperService( 2392): send()
V/RipperTestCase( 7823): END_EVENT[29|1629043551694]
V/RipperService( 2392): PING
V/AndroidRipperService( 2392): mHandler.handleMessage() RECIVED
V/AndroidRipperService( 2392): broadcast()
I/AndroidRipper( 7823): Recived message: PING
V/AndroidRipperService( 2392): send()
V/AndroidRipperService( 2392): broadcast() done
V/        ( 2392): ready
V/RipperService( 2392): DSC
V/AndroidRipperService( 2392): mHandler.handleMessage() RECIVED
V/AndroidRipperService( 2392): broadcast()
I/AndroidRipper( 7823): Recived message: DSC
V/AndroidRipperService( 2392): broadcast() done
V/        ( 2392): ready
I/AndroidRipper( 7823): [b] Found widget: id=-1 (android.widget.LinearLayout{9d095358 V.E..... ........ 0,0-1080,1794})
I/AndroidRipper( 7823): [b] Found widget: id=16909070 (android.view.ViewStub{9d094e20 G.E..... ......I. 0,0-0,0 #102030e})
I/AndroidRipper( 7823): [b] Found widget: id=-1 (android.widget.FrameLayout{9d06a3a0 V.E..... ......ID 0,0-1080,1794})
I/AndroidRipper( 7823): [b] Found widget: id=2131296301 (androidx.appcompat.widget.FitWindowsFrameLayout{9d077498 V.E..... ......ID 0,0-1080,1794 #7f09002d app:id/action_bar_root})
I/AndroidRipper( 7823): [b] Found widget: id=16908290 (androidx.appcompat.widget.ContentFrameLayout{9d06ea98 V.ED.... ......ID 0,0-1080,1794 #1020002 android:id/content})
I/AndroidRipper( 7823): [b] Found widget: id=2131296384 (androidx.drawerlayout.widget.DrawerLayout{9d0c48b8 VFE..... ......ID 0,0-1080,1794 #7f090080 app:id/drawer_layout})
I/AndroidRipper( 7823): [b] Found widget: id=-1 (androidx.coordinatorlayout.widget.CoordinatorLayout{9d0c7018 V.E..... .......D 0,0-1080,1794})
I/AndroidRipper( 7823): [b] Found widget: id=2131296507 (com.mmt.widget.SlidingUpPanelLayout{9d0c9400 V.ED.... .......D 0,0-1080,1794 #7f0900fb app:id/sliding_layout})
I/AndroidRipper( 7823): [b] Found widget: id=-1 (android.widget.RelativeLayout{9d0d1bb8 I.E..... ........ 0,0-1080,1794})
I/AndroidRipper( 7823): [b] Found widget: id=2131296437 (androidx.appcompat.widget.Toolbar{9d0d25d0 V.E..... ........ 0,0-1080,147 #7f0900b5 app:id/main_toolbar})
I/AndroidRipper( 7823): [b] Found widget: id=-1 (androidx.appcompat.widget.m{9d0dc038 VFED..C. ........ 0,0-147,147})
I/AndroidRipper( 7823): [b] Found widget: id=-1 (androidx.appcompat.widget.y{9d073b50 V.ED.... ........ 189,38-320,109})
I/AndroidRipper( 7823): [b] Found widget: id=-1 (androidx.appcompat.widget.ActionMenuView{9d676778 V.E..... ......ID 1080,0-1080,147})
I/AndroidRipper( 7823): [b] Found widget: id=2131296362 (android.widget.FrameLayout{9d0a43c0 V.E..... ........ 0,147-1080,1794 #7f09006a app:id/content_frame})
I/AndroidRipper( 7823): [b] Found widget: id=-1 (android.widget.RelativeLayout{9d5e2300 V.E..... ........ 0,0-1080,1647})
I/AndroidRipper( 7823): [b] Found widget: id=2131296427 (android.widget.RelativeLayout{9d5e28b8 V.E..... ........ 0,0-1080,147 #7f0900ab app:id/layout_title})
I/AndroidRipper( 7823): [b] Found widget: id=2131296335 (androidx.appcompat.widget.m{9d5e2ec0 IFED..C. ......I. 0,0-131,147 #7f09004f app:id/back_word})
I/AndroidRipper( 7823): [b] Found widget: id=2131296564 (com.mmt.widget.QTextView{9d5e7890 V.ED.... ........ 131,0-1080,147 #7f090134 app:id/tv_title})
I/AndroidRipper( 7823): [b] Found widget: id=2131296321 (androidx.appcompat.widget.m{9d5e8018 GFED..C. ......I. 0,0-0,0 #7f090041 app:id/action_speak})
I/AndroidRipper( 7823): [b] Found widget: id=2131296376 (android.webkit.WebView{9d5eeb18 VFED..C. ........ 0,147-1080,1647 #7f090078 app:id/dictContentView})
I/AndroidRipper( 7823): [b] Found widget: id=2131296305 (com.google.android.material.floatingactionbutton.FloatingActionButton{9d0bacb8 VFED..C. ........ 827,1509-1038,1752 #7f090031 app:id/action_button})
I/AndroidRipper( 7823): [b] Found widget: id=2131296382 (android.widget.LinearLayout{9d0c6cd8 V.E...C. ........ 0,0-1080,1794 #7f09007e app:id/dragView})
I/AndroidRipper( 7823): [b] Found widget: id=2131296378 (android.widget.LinearLayout{9d0c77b0 VFE..... ........ 21,21-1059,168 #7f09007a app:id/dictSearchBarLayout})
I/AndroidRipper( 7823): [b] Found widget: id=2131296312 (androidx.appcompat.widget.m{9d079898 VFED..C. ........ 0,0-131,147 #7f090038 app:id/action_menu})
I/AndroidRipper( 7823): [b] Found widget: id=2131296426 (android.widget.LinearLayout{9d079bd8 V.E..... ........ 152,0-907,147 #7f0900aa app:id/layout_input})
I/AndroidRipper( 7823): [b] Found widget: id=-1 (com.annie.dictionary.MainActivity$b{9d5a4e08 VFED..CL ........ 0,0-755,115})
I/AndroidRipper( 7823): [b] Found widget: id=2131296324 (androidx.appcompat.widget.m{9d098c40 GFED..C. ......I. 0,0-0,0 #7f090044 app:id/action_wordslist})
I/AndroidRipper( 7823): [b] Found widget: id=2131296323 (androidx.appcompat.widget.m{9d09a8d0 VFED..C. ........ 907,0-1038,147 #7f090043 app:id/action_voice})
I/AndroidRipper( 7823): [b] Found widget: id=2131296563 (com.mmt.widget.QTextView{9d0801a0 G.ED.... ......I. 0,0-0,0 #7f090133 app:id/tv_info_search})
I/AndroidRipper( 7823): [b] Found widget: id=2131296385 (com.mmt.widget.DropDownListView{9d0f3d28 V.ED..C. ........ 21,168-1059,1794 #7f090081 app:id/drop_list})
I/AndroidRipper( 7823): [b] Found widget: id=2131296449 (com.google.android.material.navigation.NavigationView{9d0c4de8 I.E..... ......ID -735,0-0,1794 #7f0900c1 app:id/nav_view})
I/AndroidRipper( 7823): [b] Found widget: id=2131296374 (com.google.android.material.internal.NavigationMenuView{9d07a988 VFED.V.. ......ID 0,0-735,1794 #7f090076 app:id/design_navigation_view})
I/AndroidRipper( 7823): [b] Found widget: id=2131296450 (android.widget.LinearLayout{9d0d3b40 V.E..... ......I. 0,0-735,21 #7f0900c2 app:id/navigation_header_container})
I/AndroidRipper( 7823): [b] Found widget: id=-1 (androidx.constraintlayout.widget.ConstraintLayout{9d0c86c8 V.E..... ......ID 0,0-735,1794})
I/AndroidRipper( 7823): [b] Found widget: id=2131296448 (android.widget.LinearLayout{9d0780b8 V.E..... ......ID 0,0-735,462 #7f0900c0 app:id/nav_header})
I/AndroidRipper( 7823): [b] Found widget: id=2131296402 (android.widget.FrameLayout{9d06be50 V.E..... ......ID 0,462-735,1647 #7f090092 app:id/frame_container})
I/AndroidRipper( 7823): [b] Found widget: id=-1 (android.widget.ScrollView{9d5dc4c8 VFED.... ......ID 0,0-735,1185})
I/AndroidRipper( 7823): [b] Found widget: id=-1 (android.widget.LinearLayout{9d5dcf20 V.E..... ......ID 0,0-735,954})
I/AndroidRipper( 7823): [b] Found widget: id=2131296432 (com.mmt.widget.M2tListView{9d5dd5e8 VFED..C. .F....ID 0,42-735,435 #7f0900b0 app:id/list1})
I/AndroidRipper( 7823): [b] Found widget: id=-1 (androidx.constraintlayout.widget.ConstraintLayout{9d617750 V.E..... ......I. 42,0-693,131})
I/AndroidRipper( 7823): [b] Found widget: id=2131296477 (androidx.appcompat.widget.AppCompatImageView{9d61a7d8 V.ED.... ......ID 0,0-131,131 #7f0900dd app:id/row_icon})
I/AndroidRipper( 7823): [b] Found widget: id=2131296478 (com.mmt.widget.QTextView{9d62b118 V.ED.... ......ID 131,0-651,131 #7f0900de app:id/row_title})
I/AndroidRipper( 7823): [b] Found widget: id=-1 (androidx.constraintlayout.widget.ConstraintLayout{9d659a60 V.E..... ......I. 42,130-693,261})
I/AndroidRipper( 7823): [b] Found widget: id=2131296477 (androidx.appcompat.widget.AppCompatImageView{9d65c620 V.ED.... ......ID 0,0-131,131 #7f0900dd app:id/row_icon})
I/AndroidRipper( 7823): [b] Found widget: id=2131296478 (com.mmt.widget.QTextView{9d65d410 V.ED.... ......ID 131,0-651,131 #7f0900de app:id/row_title})
I/AndroidRipper( 7823): [b] Found widget: id=-1 (androidx.constraintlayout.widget.ConstraintLayout{9d6606e0 V.E..... ......I. 42,260-693,391})
I/AndroidRipper( 7823): [b] Found widget: id=2131296477 (androidx.appcompat.widget.AppCompatImageView{9d6632a0 V.ED.... ......ID 0,0-131,131 #7f0900dd app:id/row_icon})
I/AndroidRipper( 7823): [b] Found widget: id=2131296478 (com.mmt.widget.QTextView{9d664090 V.ED.... ......ID 131,0-651,131 #7f0900de app:id/row_title})
I/AndroidRipper( 7823): [b] Found widget: id=2131296433 (com.mmt.widget.M2tListView{9d5de560 VFED..C. ......ID 0,519-735,912 #7f0900b1 app:id/list2})
I/AndroidRipper( 7823): [b] Found widget: id=-1 (androidx.constraintlayout.widget.ConstraintLayout{9d63c4d0 V.E..... ......ID 42,0-693,131})
I/AndroidRipper( 7823): [b] Found widget: id=2131296477 (androidx.appcompat.widget.AppCompatImageView{9d63f090 V.ED.... ......ID 0,0-131,131 #7f0900dd app:id/row_icon})
I/AndroidRipper( 7823): [b] Found widget: id=2131296478 (com.mmt.widget.QTextView{9d63fe80 V.ED.... ......ID 131,0-651,131 #7f0900de app:id/row_title})
I/AndroidRipper( 7823): [b] Found widget: id=-1 (androidx.constraintlayout.widget.ConstraintLayout{9d6677b0 V.E..... ......I. 42,130-693,261})
I/AndroidRipper( 7823): [b] Found widget: id=2131296477 (androidx.appcompat.widget.AppCompatImageView{9d66a370 V.ED.... ......ID 0,0-131,131 #7f0900dd app:id/row_icon})
I/AndroidRipper( 7823): [b] Found widget: id=2131296478 (com.mmt.widget.QTextView{9d66b160 V.ED.... ......ID 131,0-651,131 #7f0900de app:id/row_title})
I/AndroidRipper( 7823): [b] Found widget: id=-1 (androidx.constraintlayout.widget.ConstraintLayout{9d66e3b0 V.E..... ......I. 42,260-693,391})
I/AndroidRipper( 7823): [b] Found widget: id=2131296477 (androidx.appcompat.widget.AppCompatImageView{9d670f70 V.ED.... ......ID 0,0-131,131 #7f0900dd app:id/row_icon})
I/AndroidRipper( 7823): [b] Found widget: id=2131296478 (com.mmt.widget.QTextView{9d671d60 V.ED.... ......ID 131,0-651,131 #7f0900de app:id/row_title})
I/AndroidRipper( 7823): [b] Found widget: id=2131296424 (android.widget.LinearLayout{9d0d2ae0 V.E..... ......ID 0,1647-735,1794 #7f0900a8 app:id/layout_footer})
I/AndroidRipper( 7823): [b] Found widget: id=2131296296 (com.mmt.widget.QButton{9d07fd58 VFED..C. ......ID 0,0-367,147 #7f090028 app:id/action_about})
I/AndroidRipper( 7823): [b] Found widget: id=-1 (android.view.View{9d0a2c60 V.ED.... ......ID 367,0-368,147})
I/AndroidRipper( 7823): [b] Found widget: id=2131296320 (com.mmt.widget.QButton{9d0624f8 VFED..C. ......ID 368,0-735,147 #7f090040 app:id/action_share})
I/AndroidRipper( 7823): [b] Found widget: id=2131296316 (androidx.appcompat.widget.ViewStubCompat{9d071cb0 G.E..... ......I. 0,0-0,0 #7f09003c app:id/action_mode_bar_stub})
I/AndroidRipper( 7823): [b] Found widget: id=-1 (android.view.View{9d070d40 V.ED.... ........ 0,0-1080,66})
I/AndroidRipper( 7823): [b] Found widget: id=-1 (com.android.internal.policy.impl.PhoneWindow$DecorView{9d093360 V.E..... R....... 0,0-1080,1794})
D/dalvikvm( 7823): GC_CONCURRENT freed 1846K, 19% free 9121K/11156K, paused 0ms+3ms, total 7ms
V/AndroidRipperService( 2392): send()
V/RipperService( 2392): EVT
V/AndroidRipperService( 2392): mHandler.handleMessage() RECIVED
V/AndroidRipperService( 2392): broadcast()
I/AndroidRipper( 7823): Recived message: EVT
V/RipperTestCase( 7823): START_EVENT[30|1629043551836]
V/AndroidRipperService( 2392): broadcast() done
V/        ( 2392): ready
D/dalvikvm( 1569): GC_FOR_ALLOC freed 1611K, 47% free 9270K/17396K, paused 8ms, total 8ms
V/AndroidRipperService( 2392): send()
V/RipperTestCase( 7823): END_EVENT[30|1629043554354]
V/RipperService( 2392): PING
V/AndroidRipperService( 2392): mHandler.handleMessage() RECIVED
V/AndroidRipperService( 2392): broadcast()
I/AndroidRipper( 7823): Recived message: PING
V/AndroidRipperService( 2392): send()
V/AndroidRipperService( 2392): broadcast() done
V/        ( 2392): ready
D/dalvikvm( 2392): GC_FOR_ALLOC freed 482K, 19% free 3088K/3804K, paused 1ms, total 1ms
V/RipperService( 2392): DSC
V/AndroidRipperService( 2392): mHandler.handleMessage() RECIVED
V/AndroidRipperService( 2392): broadcast()
I/AndroidRipper( 7823): Recived message: DSC
V/AndroidRipperService( 2392): broadcast() done
V/        ( 2392): ready
I/AndroidRipper( 7823): [b] Found widget: id=-1 (android.widget.LinearLayout{9d095358 V.E..... ........ 0,0-1080,1794})
I/AndroidRipper( 7823): [b] Found widget: id=16909070 (android.view.ViewStub{9d094e20 G.E..... ......I. 0,0-0,0 #102030e})
I/AndroidRipper( 7823): [b] Found widget: id=-1 (android.widget.FrameLayout{9d06a3a0 V.E..... ........ 0,0-1080,1794})
I/AndroidRipper( 7823): [b] Found widget: id=2131296301 (androidx.appcompat.widget.FitWindowsFrameLayout{9d077498 V.E..... ........ 0,0-1080,1794 #7f09002d app:id/action_bar_root})
I/AndroidRipper( 7823): [b] Found widget: id=16908290 (androidx.appcompat.widget.ContentFrameLayout{9d06ea98 V.ED.... ........ 0,0-1080,1794 #1020002 android:id/content})
I/AndroidRipper( 7823): [b] Found widget: id=2131296384 (androidx.drawerlayout.widget.DrawerLayout{9d0c48b8 VFE..... ........ 0,0-1080,1794 #7f090080 app:id/drawer_layout})
I/AndroidRipper( 7823): [b] Found widget: id=-1 (androidx.coordinatorlayout.widget.CoordinatorLayout{9d0c7018 V.E..... ........ 0,0-1080,1794})
I/AndroidRipper( 7823): [b] Found widget: id=2131296507 (com.mmt.widget.SlidingUpPanelLayout{9d0c9400 V.ED.... ........ 0,0-1080,1794 #7f0900fb app:id/sliding_layout})
I/AndroidRipper( 7823): [b] Found widget: id=-1 (android.widget.RelativeLayout{9d0d1bb8 V.E..... ........ 0,0-1080,1794})
I/AndroidRipper( 7823): [b] Found widget: id=2131296437 (androidx.appcompat.widget.Toolbar{9d0d25d0 V.E..... ........ 0,0-1080,147 #7f0900b5 app:id/main_toolbar})
I/AndroidRipper( 7823): [b] Found widget: id=-1 (androidx.appcompat.widget.m{9d0dc038 VFED..C. ........ 0,0-147,147})
I/AndroidRipper( 7823): [b] Found widget: id=-1 (androidx.appcompat.widget.y{9d073b50 V.ED.... ........ 189,38-320,109})
I/AndroidRipper( 7823): [b] Found widget: id=-1 (androidx.appcompat.widget.ActionMenuView{9d676778 V.E..... ......ID 1080,0-1080,147})
I/AndroidRipper( 7823): [b] Found widget: id=2131296362 (android.widget.FrameLayout{9d0a43c0 V.E..... ........ 0,147-1080,1794 #7f09006a app:id/content_frame})
I/AndroidRipper( 7823): [b] Found widget: id=-1 (android.widget.RelativeLayout{9d5e2300 V.E..... ........ 0,0-1080,1647})
I/AndroidRipper( 7823): [b] Found widget: id=2131296427 (android.widget.RelativeLayout{9d5e28b8 V.E..... ........ 0,0-1080,147 #7f0900ab app:id/layout_title})
I/AndroidRipper( 7823): [b] Found widget: id=2131296335 (androidx.appcompat.widget.m{9d5e2ec0 IFED..C. ......I. 0,0-131,147 #7f09004f app:id/back_word})
I/AndroidRipper( 7823): [b] Found widget: id=2131296564 (com.mmt.widget.QTextView{9d5e7890 V.ED.... ........ 131,0-1080,147 #7f090134 app:id/tv_title})
I/AndroidRipper( 7823): [b] Found widget: id=2131296321 (androidx.appcompat.widget.m{9d5e8018 GFED..C. ......I. 0,0-0,0 #7f090041 app:id/action_speak})
I/AndroidRipper( 7823): [b] Found widget: id=2131296376 (android.webkit.WebView{9d5eeb18 VFED..C. ........ 0,147-1080,1647 #7f090078 app:id/dictContentView})
I/AndroidRipper( 7823): [b] Found widget: id=2131296305 (com.google.android.material.floatingactionbutton.FloatingActionButton{9d0bacb8 VFED..C. ........ 827,1509-1038,1752 #7f090031 app:id/action_button})
I/AndroidRipper( 7823): [b] Found widget: id=2131296382 (android.widget.LinearLayout{9d0c6cd8 I.E...C. ........ 0,1794-1080,3588 #7f09007e app:id/dragView})
I/AndroidRipper( 7823): [b] Found widget: id=2131296378 (android.widget.LinearLayout{9d0c77b0 VFE..... ........ 21,21-1059,168 #7f09007a app:id/dictSearchBarLayout})
I/AndroidRipper( 7823): [b] Found widget: id=2131296312 (androidx.appcompat.widget.m{9d079898 VFED..C. ........ 0,0-131,147 #7f090038 app:id/action_menu})
I/AndroidRipper( 7823): [b] Found widget: id=2131296426 (android.widget.LinearLayout{9d079bd8 V.E..... ........ 152,0-907,147 #7f0900aa app:id/layout_input})
I/AndroidRipper( 7823): [b] Found widget: id=-1 (com.annie.dictionary.MainActivity$b{9d5a4e08 VFED..CL ........ 0,0-755,115})
I/AndroidRipper( 7823): [b] Found widget: id=2131296324 (androidx.appcompat.widget.m{9d098c40 GFED..C. ......I. 0,0-0,0 #7f090044 app:id/action_wordslist})
I/AndroidRipper( 7823): [b] Found widget: id=2131296323 (androidx.appcompat.widget.m{9d09a8d0 VFED..C. ........ 907,0-1038,147 #7f090043 app:id/action_voice})
I/AndroidRipper( 7823): [b] Found widget: id=2131296563 (com.mmt.widget.QTextView{9d0801a0 G.ED.... ......I. 0,0-0,0 #7f090133 app:id/tv_info_search})
I/AndroidRipper( 7823): [b] Found widget: id=2131296385 (com.mmt.widget.DropDownListView{9d0f3d28 V.ED..C. ........ 21,168-1059,1794 #7f090081 app:id/drop_list})
I/AndroidRipper( 7823): [b] Found widget: id=2131296449 (com.google.android.material.navigation.NavigationView{9d0c4de8 I.E..... ......ID -735,0-0,1794 #7f0900c1 app:id/nav_view})
I/AndroidRipper( 7823): [b] Found widget: id=2131296374 (com.google.android.material.internal.NavigationMenuView{9d07a988 VFED.V.. ......ID 0,0-735,1794 #7f090076 app:id/design_navigation_view})
I/AndroidRipper( 7823): [b] Found widget: id=2131296450 (android.widget.LinearLayout{9d0d3b40 V.E..... ......I. 0,0-735,21 #7f0900c2 app:id/navigation_header_container})
I/AndroidRipper( 7823): [b] Found widget: id=-1 (androidx.constraintlayout.widget.ConstraintLayout{9d0c86c8 V.E..... ......ID 0,0-735,1794})
I/AndroidRipper( 7823): [b] Found widget: id=2131296448 (android.widget.LinearLayout{9d0780b8 V.E..... ......ID 0,0-735,462 #7f0900c0 app:id/nav_header})
I/AndroidRipper( 7823): [b] Found widget: id=2131296402 (android.widget.FrameLayout{9d06be50 V.E..... ......ID 0,462-735,1647 #7f090092 app:id/frame_container})
I/AndroidRipper( 7823): [b] Found widget: id=-1 (android.widget.ScrollView{9d5dc4c8 VFED.... ......ID 0,0-735,1185})
I/AndroidRipper( 7823): [b] Found widget: id=-1 (android.widget.LinearLayout{9d5dcf20 V.E..... ......ID 0,0-735,954})
I/AndroidRipper( 7823): [b] Found widget: id=2131296432 (com.mmt.widget.M2tListView{9d5dd5e8 VFED..C. .F....ID 0,42-735,435 #7f0900b0 app:id/list1})
I/AndroidRipper( 7823): [b] Found widget: id=-1 (androidx.constraintlayout.widget.ConstraintLayout{9d617750 V.E..... ......I. 42,0-693,131})
I/AndroidRipper( 7823): [b] Found widget: id=2131296477 (androidx.appcompat.widget.AppCompatImageView{9d61a7d8 V.ED.... ......ID 0,0-131,131 #7f0900dd app:id/row_icon})
I/AndroidRipper( 7823): [b] Found widget: id=2131296478 (com.mmt.widget.QTextView{9d62b118 V.ED.... ......ID 131,0-651,131 #7f0900de app:id/row_title})
I/AndroidRipper( 7823): [b] Found widget: id=-1 (androidx.constraintlayout.widget.ConstraintLayout{9d659a60 V.E..... ......I. 42,130-693,261})
I/AndroidRipper( 7823): [b] Found widget: id=2131296477 (androidx.appcompat.widget.AppCompatImageView{9d65c620 V.ED.... ......ID 0,0-131,131 #7f0900dd app:id/row_icon})
I/AndroidRipper( 7823): [b] Found widget: id=2131296478 (com.mmt.widget.QTextView{9d65d410 V.ED.... ......ID 131,0-651,131 #7f0900de app:id/row_title})
I/AndroidRipper( 7823): [b] Found widget: id=-1 (androidx.constraintlayout.widget.ConstraintLayout{9d6606e0 V.E..... ......I. 42,260-693,391})
I/AndroidRipper( 7823): [b] Found widget: id=2131296477 (androidx.appcompat.widget.AppCompatImageView{9d6632a0 V.ED.... ......ID 0,0-131,131 #7f0900dd app:id/row_icon})
I/AndroidRipper( 7823): [b] Found widget: id=2131296478 (com.mmt.widget.QTextView{9d664090 V.ED.... ......ID 131,0-651,131 #7f0900de app:id/row_title})
I/AndroidRipper( 7823): [b] Found widget: id=2131296433 (com.mmt.widget.M2tListView{9d5de560 VFED..C. ......ID 0,519-735,912 #7f0900b1 app:id/list2})
I/AndroidRipper( 7823): [b] Found widget: id=-1 (androidx.constraintlayout.widget.ConstraintLayout{9d63c4d0 V.E..... ......ID 42,0-693,131})
I/AndroidRipper( 7823): [b] Found widget: id=2131296477 (androidx.appcompat.widget.AppCompatImageView{9d63f090 V.ED.... ......ID 0,0-131,131 #7f0900dd app:id/row_icon})
I/AndroidRipper( 7823): [b] Found widget: id=2131296478 (com.mmt.widget.QTextView{9d63fe80 V.ED.... ......ID 131,0-651,131 #7f0900de app:id/row_title})
I/AndroidRipper( 7823): [b] Found widget: id=-1 (androidx.constraintlayout.widget.ConstraintLayout{9d6677b0 V.E..... ......I. 42,130-693,261})
I/AndroidRipper( 7823): [b] Found widget: id=2131296477 (androidx.appcompat.widget.AppCompatImageView{9d66a370 V.ED.... ......ID 0,0-131,131 #7f0900dd app:id/row_icon})
I/AndroidRipper( 7823): [b] Found widget: id=2131296478 (com.mmt.widget.QTextView{9d66b160 V.ED.... ......ID 131,0-651,131 #7f0900de app:id/row_title})
I/AndroidRipper( 7823): [b] Found widget: id=-1 (androidx.constraintlayout.widget.ConstraintLayout{9d66e3b0 V.E..... ......I. 42,260-693,391})
I/AndroidRipper( 7823): [b] Found widget: id=2131296477 (androidx.appcompat.widget.AppCompatImageView{9d670f70 V.ED.... ......ID 0,0-131,131 #7f0900dd app:id/row_icon})
I/AndroidRipper( 7823): [b] Found widget: id=2131296478 (com.mmt.widget.QTextView{9d671d60 V.ED.... ......ID 131,0-651,131 #7f0900de app:id/row_title})
I/AndroidRipper( 7823): [b] Found widget: id=2131296424 (android.widget.LinearLayout{9d0d2ae0 V.E..... ......ID 0,1647-735,1794 #7f0900a8 app:id/layout_footer})
I/AndroidRipper( 7823): [b] Found widget: id=2131296296 (com.mmt.widget.QButton{9d07fd58 VFED..C. ......ID 0,0-367,147 #7f090028 app:id/action_about})
I/AndroidRipper( 7823): [b] Found widget: id=-1 (android.view.View{9d0a2c60 V.ED.... ......ID 367,0-368,147})
I/AndroidRipper( 7823): [b] Found widget: id=2131296320 (com.mmt.widget.QButton{9d0624f8 VFED..C. ......ID 368,0-735,147 #7f090040 app:id/action_share})
I/AndroidRipper( 7823): [b] Found widget: id=2131296316 (androidx.appcompat.widget.ViewStubCompat{9d071cb0 G.E..... ......I. 0,0-0,0 #7f09003c app:id/action_mode_bar_stub})
I/AndroidRipper( 7823): [b] Found widget: id=-1 (android.view.View{9d070d40 V.ED.... ........ 0,0-1080,66})
I/AndroidRipper( 7823): [b] Found widget: id=-1 (com.android.internal.policy.impl.PhoneWindow$DecorView{9d093360 V.E..... R....... 0,0-1080,1794})
V/AndroidRipperService( 2392): send()
V/RipperService( 2392): EVT
V/AndroidRipperService( 2392): mHandler.handleMessage() RECIVED
V/AndroidRipperService( 2392): broadcast()
V/AndroidRipperService( 2392): broadcast() done
V/        ( 2392): ready
I/AndroidRipper( 7823): Recived message: EVT
V/RipperTestCase( 7823): START_EVENT[31|1629043554481]
V/AndroidRipperService( 2392): send()
V/RipperTestCase( 7823): END_EVENT[31|1629043555486]
V/RipperService( 2392): PING
V/AndroidRipperService( 2392): mHandler.handleMessage() RECIVED
V/AndroidRipperService( 2392): broadcast()
V/AndroidRipperService( 2392): broadcast() done
V/        ( 2392): ready
I/AndroidRipper( 7823): Recived message: PING
V/AndroidRipperService( 2392): send()
D/dalvikvm( 1569): GC_FOR_ALLOC freed 1574K, 47% free 9270K/17396K, paused 11ms, total 11ms
V/RipperService( 2392): DSC
V/AndroidRipperService( 2392): mHandler.handleMessage() RECIVED
V/AndroidRipperService( 2392): broadcast()
V/AndroidRipperService( 2392): broadcast() done
V/        ( 2392): ready
I/AndroidRipper( 7823): Recived message: DSC
I/AndroidRipper( 7823): [b] Found widget: id=-1 (android.widget.LinearLayout{9d095358 V.E..... ........ 0,0-1080,1794})
I/AndroidRipper( 7823): [b] Found widget: id=16909070 (android.view.ViewStub{9d094e20 G.E..... ......I. 0,0-0,0 #102030e})
I/AndroidRipper( 7823): [b] Found widget: id=-1 (android.widget.FrameLayout{9d06a3a0 V.E..... ........ 0,0-1080,1794})
I/AndroidRipper( 7823): [b] Found widget: id=2131296301 (androidx.appcompat.widget.FitWindowsFrameLayout{9d077498 V.E..... ........ 0,0-1080,1794 #7f09002d app:id/action_bar_root})
I/AndroidRipper( 7823): [b] Found widget: id=16908290 (androidx.appcompat.widget.ContentFrameLayout{9d06ea98 V.ED.... ........ 0,0-1080,1794 #1020002 android:id/content})
I/AndroidRipper( 7823): [b] Found widget: id=2131296384 (androidx.drawerlayout.widget.DrawerLayout{9d0c48b8 VFE..... ........ 0,0-1080,1794 #7f090080 app:id/drawer_layout})
I/AndroidRipper( 7823): [b] Found widget: id=-1 (androidx.coordinatorlayout.widget.CoordinatorLayout{9d0c7018 V.E..... ........ 0,0-1080,1794})
I/AndroidRipper( 7823): [b] Found widget: id=2131296507 (com.mmt.widget.SlidingUpPanelLayout{9d0c9400 V.ED.... ........ 0,0-1080,1794 #7f0900fb app:id/sliding_layout})
I/AndroidRipper( 7823): [b] Found widget: id=-1 (android.widget.RelativeLayout{9d0d1bb8 V.E..... ........ 0,0-1080,1794})
I/AndroidRipper( 7823): [b] Found widget: id=2131296437 (androidx.appcompat.widget.Toolbar{9d0d25d0 V.E..... ........ 0,0-1080,147 #7f0900b5 app:id/main_toolbar})
I/AndroidRipper( 7823): [b] Found widget: id=-1 (androidx.appcompat.widget.m{9d0dc038 VFED..C. ........ 0,0-147,147})
I/AndroidRipper( 7823): [b] Found widget: id=-1 (androidx.appcompat.widget.y{9d073b50 V.ED.... ........ 189,38-320,109})
I/AndroidRipper( 7823): [b] Found widget: id=-1 (androidx.appcompat.widget.ActionMenuView{9d676778 V.E..... ......ID 1080,0-1080,147})
I/AndroidRipper( 7823): [b] Found widget: id=2131296362 (android.widget.FrameLayout{9d0a43c0 V.E..... ........ 0,147-1080,1794 #7f09006a app:id/content_frame})
I/AndroidRipper( 7823): [b] Found widget: id=-1 (android.widget.RelativeLayout{9d5e2300 V.E..... ........ 0,0-1080,1647})
I/AndroidRipper( 7823): [b] Found widget: id=2131296427 (android.widget.RelativeLayout{9d5e28b8 V.E..... ........ 0,0-1080,147 #7f0900ab app:id/layout_title})
I/AndroidRipper( 7823): [b] Found widget: id=2131296335 (androidx.appcompat.widget.m{9d5e2ec0 IFED..C. ......I. 0,0-131,147 #7f09004f app:id/back_word})
I/AndroidRipper( 7823): [b] Found widget: id=2131296564 (com.mmt.widget.QTextView{9d5e7890 V.ED.... ........ 131,0-1080,147 #7f090134 app:id/tv_title})
I/AndroidRipper( 7823): [b] Found widget: id=2131296321 (androidx.appcompat.widget.m{9d5e8018 GFED..C. ......I. 0,0-0,0 #7f090041 app:id/action_speak})
I/AndroidRipper( 7823): [b] Found widget: id=2131296376 (android.webkit.WebView{9d5eeb18 VFED..C. ........ 0,147-1080,1647 #7f090078 app:id/dictContentView})
I/AndroidRipper( 7823): [b] Found widget: id=2131296305 (com.google.android.material.floatingactionbutton.FloatingActionButton{9d0bacb8 VFED..C. ........ 827,1509-1038,1752 #7f090031 app:id/action_button})
I/AndroidRipper( 7823): [b] Found widget: id=2131296382 (android.widget.LinearLayout{9d0c6cd8 I.E...C. ........ 0,1794-1080,3588 #7f09007e app:id/dragView})
I/AndroidRipper( 7823): [b] Found widget: id=2131296378 (android.widget.LinearLayout{9d0c77b0 VFE..... ........ 21,21-1059,168 #7f09007a app:id/dictSearchBarLayout})
I/AndroidRipper( 7823): [b] Found widget: id=2131296312 (androidx.appcompat.widget.m{9d079898 VFED..C. ........ 0,0-131,147 #7f090038 app:id/action_menu})
I/AndroidRipper( 7823): [b] Found widget: id=2131296426 (android.widget.LinearLayout{9d079bd8 V.E..... ........ 152,0-907,147 #7f0900aa app:id/layout_input})
I/AndroidRipper( 7823): [b] Found widget: id=-1 (com.annie.dictionary.MainActivity$b{9d5a4e08 VFED..CL ........ 0,0-755,115})
I/AndroidRipper( 7823): [b] Found widget: id=2131296324 (androidx.appcompat.widget.m{9d098c40 GFED..C. ......I. 0,0-0,0 #7f090044 app:id/action_wordslist})
I/AndroidRipper( 7823): [b] Found widget: id=2131296323 (androidx.appcompat.widget.m{9d09a8d0 VFED..C. ........ 907,0-1038,147 #7f090043 app:id/action_voice})
I/AndroidRipper( 7823): [b] Found widget: id=2131296563 (com.mmt.widget.QTextView{9d0801a0 G.ED.... ......I. 0,0-0,0 #7f090133 app:id/tv_info_search})
I/AndroidRipper( 7823): [b] Found widget: id=2131296385 (com.mmt.widget.DropDownListView{9d0f3d28 V.ED..C. ........ 21,168-1059,1794 #7f090081 app:id/drop_list})
I/AndroidRipper( 7823): [b] Found widget: id=2131296449 (com.google.android.material.navigation.NavigationView{9d0c4de8 I.E..... ......ID -735,0-0,1794 #7f0900c1 app:id/nav_view})
I/AndroidRipper( 7823): [b] Found widget: id=2131296374 (com.google.android.material.internal.NavigationMenuView{9d07a988 VFED.V.. ......ID 0,0-735,1794 #7f090076 app:id/design_navigation_view})
I/AndroidRipper( 7823): [b] Found widget: id=2131296450 (android.widget.LinearLayout{9d0d3b40 V.E..... ......I. 0,0-735,21 #7f0900c2 app:id/navigation_header_container})
I/AndroidRipper( 7823): [b] Found widget: id=-1 (androidx.constraintlayout.widget.ConstraintLayout{9d0c86c8 V.E..... ......ID 0,0-735,1794})
I/AndroidRipper( 7823): [b] Found widget: id=2131296448 (android.widget.LinearLayout{9d0780b8 V.E..... ......ID 0,0-735,462 #7f0900c0 app:id/nav_header})
I/AndroidRipper( 7823): [b] Found widget: id=2131296402 (android.widget.FrameLayout{9d06be50 V.E..... ......ID 0,462-735,1647 #7f090092 app:id/frame_container})
I/AndroidRipper( 7823): [b] Found widget: id=-1 (android.widget.ScrollView{9d5dc4c8 VFED.... ......ID 0,0-735,1185})
I/AndroidRipper( 7823): [b] Found widget: id=-1 (android.widget.LinearLayout{9d5dcf20 V.E..... ......ID 0,0-735,954})
I/AndroidRipper( 7823): [b] Found widget: id=2131296432 (com.mmt.widget.M2tListView{9d5dd5e8 VFED..C. .F....ID 0,42-735,435 #7f0900b0 app:id/list1})
I/AndroidRipper( 7823): [b] Found widget: id=-1 (androidx.constraintlayout.widget.ConstraintLayout{9d617750 V.E..... ......I. 42,0-693,131})
I/AndroidRipper( 7823): [b] Found widget: id=2131296477 (androidx.appcompat.widget.AppCompatImageView{9d61a7d8 V.ED.... ......ID 0,0-131,131 #7f0900dd app:id/row_icon})
I/AndroidRipper( 7823): [b] Found widget: id=2131296478 (com.mmt.widget.QTextView{9d62b118 V.ED.... ......ID 131,0-651,131 #7f0900de app:id/row_title})
I/AndroidRipper( 7823): [b] Found widget: id=-1 (androidx.constraintlayout.widget.ConstraintLayout{9d659a60 V.E..... ......I. 42,130-693,261})
I/AndroidRipper( 7823): [b] Found widget: id=2131296477 (androidx.appcompat.widget.AppCompatImageView{9d65c620 V.ED.... ......ID 0,0-131,131 #7f0900dd app:id/row_icon})
I/AndroidRipper( 7823): [b] Found widget: id=2131296478 (com.mmt.widget.QTextView{9d65d410 V.ED.... ......ID 131,0-651,131 #7f0900de app:id/row_title})
I/AndroidRipper( 7823): [b] Found widget: id=-1 (androidx.constraintlayout.widget.ConstraintLayout{9d6606e0 V.E..... ......I. 42,260-693,391})
I/AndroidRipper( 7823): [b] Found widget: id=2131296477 (androidx.appcompat.widget.AppCompatImageView{9d6632a0 V.ED.... ......ID 0,0-131,131 #7f0900dd app:id/row_icon})
I/AndroidRipper( 7823): [b] Found widget: id=2131296478 (com.mmt.widget.QTextView{9d664090 V.ED.... ......ID 131,0-651,131 #7f0900de app:id/row_title})
I/AndroidRipper( 7823): [b] Found widget: id=2131296433 (com.mmt.widget.M2tListView{9d5de560 VFED..C. ......ID 0,519-735,912 #7f0900b1 app:id/list2})
I/AndroidRipper( 7823): [b] Found widget: id=-1 (androidx.constraintlayout.widget.ConstraintLayout{9d63c4d0 V.E..... ......ID 42,0-693,131})
D/dalvikvm( 7823): GC_CONCURRENT freed 2012K, 20% free 9119K/11316K, paused 2ms+0ms, total 7ms
I/AndroidRipper( 7823): [b] Found widget: id=2131296477 (androidx.appcompat.widget.AppCompatImageView{9d63f090 V.ED.... ......ID 0,0-131,131 #7f0900dd app:id/row_icon})
I/AndroidRipper( 7823): [b] Found widget: id=2131296478 (com.mmt.widget.QTextView{9d63fe80 V.ED.... ......ID 131,0-651,131 #7f0900de app:id/row_title})
I/AndroidRipper( 7823): [b] Found widget: id=-1 (androidx.constraintlayout.widget.ConstraintLayout{9d6677b0 V.E..... ......I. 42,130-693,261})
I/AndroidRipper( 7823): [b] Found widget: id=2131296477 (androidx.appcompat.widget.AppCompatImageView{9d66a370 V.ED.... ......ID 0,0-131,131 #7f0900dd app:id/row_icon})
I/AndroidRipper( 7823): [b] Found widget: id=2131296478 (com.mmt.widget.QTextView{9d66b160 V.ED.... ......ID 131,0-651,131 #7f0900de app:id/row_title})
I/AndroidRipper( 7823): [b] Found widget: id=-1 (androidx.constraintlayout.widget.ConstraintLayout{9d66e3b0 V.E..... ......I. 42,260-693,391})
I/AndroidRipper( 7823): [b] Found widget: id=2131296477 (androidx.appcompat.widget.AppCompatImageView{9d670f70 V.ED.... ......ID 0,0-131,131 #7f0900dd app:id/row_icon})
I/AndroidRipper( 7823): [b] Found widget: id=2131296478 (com.mmt.widget.QTextView{9d671d60 V.ED.... ......ID 131,0-651,131 #7f0900de app:id/row_title})
I/AndroidRipper( 7823): [b] Found widget: id=2131296424 (android.widget.LinearLayout{9d0d2ae0 V.E..... ......ID 0,1647-735,1794 #7f0900a8 app:id/layout_footer})
I/AndroidRipper( 7823): [b] Found widget: id=2131296296 (com.mmt.widget.QButton{9d07fd58 VFED..C. ......ID 0,0-367,147 #7f090028 app:id/action_about})
I/AndroidRipper( 7823): [b] Found widget: id=-1 (android.view.View{9d0a2c60 V.ED.... ......ID 367,0-368,147})
I/AndroidRipper( 7823): [b] Found widget: id=2131296320 (com.mmt.widget.QButton{9d0624f8 VFED..C. ......ID 368,0-735,147 #7f090040 app:id/action_share})
I/AndroidRipper( 7823): [b] Found widget: id=2131296316 (androidx.appcompat.widget.ViewStubCompat{9d071cb0 G.E..... ......I. 0,0-0,0 #7f09003c app:id/action_mode_bar_stub})
I/AndroidRipper( 7823): [b] Found widget: id=-1 (android.view.View{9d070d40 V.ED.... ........ 0,0-1080,66})
I/AndroidRipper( 7823): [b] Found widget: id=-1 (com.android.internal.policy.impl.PhoneWindow$DecorView{9d093360 V.E..... R....... 0,0-1080,1794})
V/AndroidRipperService( 2392): send()
D/dalvikvm( 2392): GC_FOR_ALLOC freed 501K, 19% free 3096K/3804K, paused 1ms, total 1ms
V/RipperService( 2392): EVT
V/AndroidRipperService( 2392): mHandler.handleMessage() RECIVED
V/AndroidRipperService( 2392): broadcast()
I/AndroidRipper( 7823): Recived message: EVT
V/RipperTestCase( 7823): START_EVENT[32|1629043555635]
V/AndroidRipperService( 2392): broadcast() done
V/        ( 2392): ready
D/gralloc_ranchu( 1144): gralloc_alloc: Creating ashmem region of size 1323008
D/dalvikvm( 1569): GC_FOR_ALLOC freed 505K, 44% free 9884K/17396K, paused 7ms, total 7ms
D/EGL_emulation( 1944): eglMakeCurrent: 0xb8ce2c90: ver 3 0
D/EGL_emulation( 1944): eglMakeCurrent: 0xb8ce2c90: ver 3 0
E/EGL_emulation( 1944): tid 1944: eglSurfaceAttrib(1199): error 0x3009 (EGL_BAD_MATCH)
W/HardwareRenderer( 1944): Backbuffer cannot be preserved
D/dalvikvm( 1944): GC_FOR_ALLOC freed 8843K, 37% free 17829K/27872K, paused 3ms, total 3ms
I/dalvikvm-heap( 1944): Grow heap (frag case) to 24.714MB for 7464972-byte allocation
D/dalvikvm( 1944): GC_FOR_ALLOC freed 1K, 10% free 25117K/27872K, paused 5ms, total 5ms
D/EGL_emulation( 7823): eglMakeCurrent: 0xb8dc02f0: ver 3 0
D/EGL_emulation( 7823): eglMakeCurrent: 0xb8dc02f0: ver 3 0
V/RipperService( 2392): END
V/AndroidRipperService( 2392): mHandler.handleMessage() RECIVED
V/AndroidRipperService( 2392): broadcast()
V/AndroidRipperService( 2392): broadcast() done
V/        ( 2392): ready
D/AndroidRuntime( 7970): 
D/AndroidRuntime( 7970): >>>>>> AndroidRuntime START com.android.internal.os.RuntimeInit <<<<<<
W/linker  ( 7970): libdvm.so has text relocations. This is wasting memory and is a security risk. Please fix.
D/AndroidRuntime( 7970): CheckJNI is ON
D/dalvikvm( 7970): Trying to load lib libjavacore.so 0x0
D/dalvikvm( 7970): Added shared lib libjavacore.so 0x0
D/dalvikvm( 7970): Trying to load lib libnativehelper.so 0x0
D/dalvikvm( 7970): Added shared lib libnativehelper.so 0x0
D/dalvikvm( 7970): No JNI_OnLoad found in libnativehelper.so 0x0, skipping init
D/dalvikvm( 7970): Note: class Landroid/app/ActivityManagerNative; has 179 unimplemented (abstract) methods
E/memtrack( 7970): Couldn't load memtrack module (No such file or directory)
E/android.os.Debug( 7970): failed to load memtrack module: -2
D/AndroidRuntime( 7970): Calling main entry com.android.commands.pm.Pm
D/AndroidRuntime( 7970): Shutting down VM
D/dalvikvm( 7970): GC_CONCURRENT freed 93K, 15% free 557K/652K, paused 0ms+0ms, total 1ms
D/AndroidRuntime( 7981): 
D/AndroidRuntime( 7981): >>>>>> AndroidRuntime START com.android.internal.os.RuntimeInit <<<<<<
W/linker  ( 7981): libdvm.so has text relocations. This is wasting memory and is a security risk. Please fix.
D/AndroidRuntime( 7981): CheckJNI is ON
D/dalvikvm( 7981): Trying to load lib libjavacore.so 0x0
D/dalvikvm( 7981): Added shared lib libjavacore.so 0x0
D/dalvikvm( 7981): Trying to load lib libnativehelper.so 0x0
D/dalvikvm( 7981): Added shared lib libnativehelper.so 0x0
D/dalvikvm( 7981): No JNI_OnLoad found in libnativehelper.so 0x0, skipping init
