D/ConnectivityService( 1571): [CheckMp] isMobileOk: addresses=clients3.google.com/172.217.13.110,clients3.google.com/2607:f8b0:4020:804::200e
D/ConnectivityService( 1571): [CheckMp] isMobileOk: linkHasIpv4=true linkHasIpv6=false
D/ConnectivityService( 1571): requestRouteToHostAddress ok=true
D/ConnectivityService( 1571): [CheckMp] isMobileOk: wait to establish route to hostAddr=clients3.google.com/172.217.13.110
I/ActivityManager( 1571): Start proc com.android.defcontainer for service com.android.defcontainer/.DefaultContainerService: pid=2148 uid=10003 gids={50003, 1028, 1015, 1023, 2001, 1035}
W/ActivityManager( 1571): No content provider found for permission revoke: file:///data/local/tmp/AndroidRipperService.apk
W/ActivityManager( 1571): No content provider found for permission revoke: file:///data/local/tmp/AndroidRipperService.apk
I/PackageManager( 1571): Copying native libraries to /data/app-lib/vmdl-1569023700
I/PackageParser( 1571): it.unina.android.ripper_service: compat added android.permission.WRITE_EXTERNAL_STORAGE android.permission.READ_PHONE_STATE
I/ActivityManager( 1571): Force stopping it.unina.android.ripper_service appid=10057 user=-1: update pkg
I/PackageManager( 1571): Adding preferred activity ComponentInfo{com.android.mms/com.android.mms.ui.ComposeMessageActivity} for user 0 :
I/PackageManager( 1571): Adding preferred activity ComponentInfo{com.android.mms/com.android.mms.ui.ComposeMessageActivity} for user 0 :
I/PackageManager( 1571): Adding preferred activity ComponentInfo{com.android.mms/com.android.mms.ui.ComposeMessageActivity} for user 0 :
I/PackageManager( 1571): Adding preferred activity ComponentInfo{com.android.mms/com.android.mms.ui.ComposeMessageActivity} for user 0 :
D/BackupManagerService( 1571): Received broadcast Intent { act=android.intent.action.PACKAGE_ADDED dat=package:it.unina.android.ripper_service flg=0x4000010 (has extras) }
V/BackupManagerService( 1571): addPackageParticipantsLocked: #1
I/PackageManager( 1571): Adding preferred activity ComponentInfo{com.android.mms/com.android.mms.ui.ComposeMessageActivity} for user 0 :
I/PackageManager( 1571): Adding preferred activity ComponentInfo{com.android.mms/com.android.mms.ui.ComposeMessageActivity} for user 0 :
I/PackageManager( 1571): Adding preferred activity ComponentInfo{com.android.mms/com.android.mms.ui.ComposeMessageActivity} for user 0 :
I/PackageManager( 1571): Adding preferred activity ComponentInfo{com.android.mms/com.android.mms.ui.ComposeMessageActivity} for user 0 :
I/ActivityManager( 1571): Start proc com.google.android.gms for service com.google.android.gms/.chimera.GmsIntentOperationService: pid=2173 uid=10007 gids={50007, 3003, 1007, 1028, 1015, 3002, 3001, 3007, 2001, 3006}
D/ConnectivityService( 1571): [CheckMp] isMobileOk: newUrl=https://172.217.13.110/generate_204
W/ActivityThread( 1571): ClassLoader.loadClass: The class loader returned by Thread.getContextClassLoader() may fail for processes that host multiple applications. You should explicitly specify a context class loader. For example: Thread.setContextClassLoader(getClass().getClassLoader());
D/ConnectivityService( 1571): [CheckMp] isMobileOk: hostnameVerify retVal=true hostname=172.217.13.110 orgUriHost=clients3.google.com
D/ConnectivityService( 1571): [CheckMp] isMobileOk: headers={null=[HTTP/1.1 204 No Content], Alt-Svc=[h3=":443"; ma=2592000,h3-29=":443"; ma=2592000,h3-T051=":443"; ma=2592000,h3-Q050=":443"; ma=2592000,h3-Q046=":443"; ma=2592000,h3-Q043=":443"; ma=2592000,quic=":443"; ma=2592000; v="46,43"], Connection=[close], Content-Length=[0], Date=[Sun, 15 Aug 2021 13:34:42 GMT], X-Android-Received-Millis=[1629034481710], X-Android-Response-Source=[NETWORK 204], X-Android-Selected-Transport=[http/1.1], X-Android-Sent-Millis=[1629034481698]}
D/ConnectivityService( 1571): [CheckMp] isMobileOk: X got expected responseCode=204 result=1
D/ConnectivityService( 1571): [CheckMp] isMobileOk: F stop hipri
D/ConnectivityService( 1571): stopUsingNetworkFeature: teardown net 0: enableHIPRI
D/MobileDataStateTracker( 1571): default: setEnableFailFastMobileData(enabled=0)
D/MobileDataStateTracker( 1571): hipri: Broadcast received: android.intent.action.ANY_DATA_STATE apnType=hipri
D/MobileDataStateTracker( 1571): hipri: Received state=DISCONNECTED, old=CONNECTED, reason=dataDisabled
D/MobileDataStateTracker( 1571): hipri: setDetailed state, old =CONNECTED and new state=DISCONNECTED
D/ConnectivityService( 1571): ConnectivityChange for mobile_hipri: DISCONNECTED/DISCONNECTED
D/Nat464Xlat( 1571): requiresClat: netType=5, hasIPv4Address=true
I/ActivityManager( 1571): Start proc it.unina.android.ripper_service:android_ripper_service_process for service it.unina.android.ripper_service/.AndroidRipperService: pid=2233 uid=10057 gids={50057, 3003, 1028, 1015}
I/ActivityManager( 1571): Start proc com.android.music for broadcast com.android.music/.MediaButtonIntentReceiver: pid=2283 uid=10036 gids={50036, 3003, 1028, 1015}
I/ActivityManager( 1571): Start proc com.google.android.googlequicksearchbox for broadcast com.google.android.googlequicksearchbox/com.google.android.searchcommon.summons.icing.InternalIcingCorporaProvider$CorporaChangedReceiver: pid=2324 uid=10013 gids={50013, 3003, 1028, 3002, 1015}
I/ActivityManager( 1571): Delay finish: com.google.android.googlequicksearchbox/com.google.android.searchcommon.summons.icing.InternalIcingCorporaProvider$CorporaChangedReceiver
E/ActivityThread( 2324): Failed to find provider info for com.google.android.voicesearch
E/ActivityThread( 2324): Failed to find provider info for com.google.android.partnersetup.rlzappprovider
W/ActivityManager( 1571): Unable to start service Intent { act=com.google.android.gms.auth.key.retrieval.service.START pkg=com.google.android.gms } U=0: not found
W/ActivityManager( 1571): Unbind failed: could not find connection for android.os.BinderProxy@9d055ea0
I/ActivityManager( 1571): Resuming delayed broadcast
I/ActivityManager( 1571): Start proc com.google.android.googlequicksearchbox:launcher for broadcast com.google.android.googlequicksearchbox/com.google.android.gel.GelStubAppWatcher: pid=2369 uid=10013 gids={50013, 3003, 1028, 3002, 1015}
W/ActivityManager( 1571): Unable to start service Intent { act=com.google.android.gms.nearby.discovery:ACTION_INIT_MESSAGES_PATH cmp=com.google.android.gms/.nearby.discovery.service.DiscoveryService } U=0: not found
W/ActivityManager( 1571): Unable to start service Intent { act=com.google.android.gms.nearby.discovery:ACTION_PERMISSION_CHANGE cmp=com.google.android.gms/.nearby.discovery.service.DiscoveryService } U=0: not found
I/ActivityManager( 1571): Start proc com.google.android.calendar for broadcast com.google.android.calendar/com.android.calendar.widget.CalendarAppWidgetService$CalendarFactory: pid=2455 uid=10018 gids={50018, 3003}
I/PackageManager( 1571): Adding preferred activity ComponentInfo{com.android.mms/com.android.mms.ui.ComposeMessageActivity} for user 0 :
I/PackageManager( 1571): Adding preferred activity ComponentInfo{com.android.mms/com.android.mms.ui.ComposeMessageActivity} for user 0 :
I/PackageManager( 1571): Adding preferred activity ComponentInfo{com.android.mms/com.android.mms.ui.ComposeMessageActivity} for user 0 :
I/PackageManager( 1571): Adding preferred activity ComponentInfo{com.android.mms/com.android.mms.ui.ComposeMessageActivity} for user 0 :
I/PackageManager( 1571): Adding preferred activity ComponentInfo{com.android.mms/com.android.mms.ui.ComposeMessageActivity} for user 0 :
I/ActivityManager( 1571): Start proc com.android.deskclock for broadcast com.android.deskclock/.AlarmInitReceiver: pid=2483 uid=10022 gids={50022, 1028}
I/PackageManager( 1571): Adding preferred activity ComponentInfo{com.android.mms/com.android.mms.ui.ComposeMessageActivity} for user 0 :
I/PackageManager( 1571): Adding preferred activity ComponentInfo{com.android.mms/com.android.mms.ui.ComposeMessageActivity} for user 0 :
I/PackageManager( 1571): Adding preferred activity ComponentInfo{com.android.mms/com.android.mms.ui.ComposeMessageActivity} for user 0 :
I/ActivityManager( 1571): Start proc com.android.providers.calendar for content provider com.android.providers.calendar/.CalendarProvider2: pid=2504 uid=10001 gids={50001, 3003, 1028, 1015}
I/PackageManager( 1571): Adding preferred activity ComponentInfo{com.android.mms/com.android.mms.ui.ComposeMessageActivity} for user 0 :
I/PackageManager( 1571): Adding preferred activity ComponentInfo{com.android.mms/com.android.mms.ui.ComposeMessageActivity} for user 0 :
W/BackupManagerService( 1571): dataChanged but no participant pkg='com.android.providers.settings' uid=10022
I/PackageManager( 1571): Adding preferred activity ComponentInfo{com.android.mms/com.android.mms.ui.ComposeMessageActivity} for user 0 :
I/PackageManager( 1571): Adding preferred activity ComponentInfo{com.android.mms/com.android.mms.ui.ComposeMessageActivity} for user 0 :
I/ActivityManager( 1571): Start proc com.google.android.play.games for broadcast com.google.android.play.games/com.google.android.libraries.notifications.entrypoints.timezonechanged.TimezoneChangedReceiver: pid=2530 uid=10043 gids={50043, 3003}
I/PackageManager( 1571): Adding preferred activity ComponentInfo{com.android.mms/com.android.mms.ui.ComposeMessageActivity} for user 0 :
I/PackageManager( 1571): Adding preferred activity ComponentInfo{com.android.mms/com.android.mms.ui.ComposeMessageActivity} for user 0 :
I/PackageManager( 1571): Adding preferred activity ComponentInfo{com.android.mms/com.android.mms.ui.ComposeMessageActivity} for user 0 :
I/ActivityManager( 1571): Start proc com.google.android.gms.ui for service com.google.android.gms/.chimera.UiIntentOperationService: pid=2543 uid=10007 gids={50007, 3003, 1007, 1028, 1015, 3002, 3001, 3007, 2001, 3006}
I/PackageManager( 1571): Adding preferred activity ComponentInfo{com.android.mms/com.android.mms.ui.ComposeMessageActivity} for user 0 :
I/PackageManager( 1571): Adding preferred activity ComponentInfo{com.android.mms/com.android.mms.ui.ComposeMessageActivity} for user 0 :
I/PackageManager( 1571): Adding preferred activity ComponentInfo{com.android.mms/com.android.mms.ui.ComposeMessageActivity} for user 0 :
I/PackageManager( 1571): Adding preferred activity ComponentInfo{com.android.mms/com.android.mms.ui.ComposeMessageActivity} for user 0 :
I/PackageManager( 1571): Adding preferred activity ComponentInfo{com.android.mms/com.android.mms.ui.ComposeMessageActivity} for user 0 :
W/ActivityManager( 1571): No content provider found for permission revoke: file:///sdcard/aut.apk
I/PackageManager( 1571): Adding preferred activity ComponentInfo{com.android.mms/com.android.mms.ui.ComposeMessageActivity} for user 0 :
I/PackageManager( 1571): Adding preferred activity ComponentInfo{com.android.mms/com.android.mms.ui.ComposeMessageActivity} for user 0 :
I/PackageManager( 1571): Adding preferred activity ComponentInfo{com.android.mms/com.android.mms.ui.ComposeMessageActivity} for user 0 :
I/PackageManager( 1571): Adding preferred activity ComponentInfo{com.android.mms/com.android.mms.ui.ComposeMessageActivity} for user 0 :
I/PackageManager( 1571): Adding preferred activity ComponentInfo{com.android.mms/com.android.mms.ui.ComposeMessageActivity} for user 0 :
I/PackageManager( 1571): Adding preferred activity ComponentInfo{com.android.mms/com.android.mms.ui.ComposeMessageActivity} for user 0 :
I/PackageManager( 1571): Adding preferred activity ComponentInfo{com.android.mms/com.android.mms.ui.ComposeMessageActivity} for user 0 :
I/PackageManager( 1571): Adding preferred activity ComponentInfo{com.android.mms/com.android.mms.ui.ComposeMessageActivity} for user 0 :
I/PackageManager( 1571): Adding preferred activity ComponentInfo{com.android.mms/com.android.mms.ui.ComposeMessageActivity} for user 0 :
I/PackageManager( 1571): Adding preferred activity ComponentInfo{com.android.mms/com.android.mms.ui.ComposeMessageActivity} for user 0 :
I/PackageManager( 1571): Adding preferred activity ComponentInfo{com.android.mms/com.android.mms.ui.ComposeMessageActivity} for user 0 :
I/PackageManager( 1571): Adding preferred activity ComponentInfo{com.android.mms/com.android.mms.ui.ComposeMessageActivity} for user 0 :
W/ActivityManager( 1571): Unable to start service Intent { act=com.google.android.gms.instantapps.START pkg=com.google.android.gms } U=0: not found
W/ActivityManager( 1571): Unbind failed: could not find connection for android.os.BinderProxy@9d79ad08
D/ConnectivityService( 1571): [CheckMp] isMobileOk: X result=1
D/ConnectivityService( 1571): [CheckMp] onPostExecute: result=1
D/ConnectivityService( 1571): CheckMp.onComplete: result=1
D/ConnectivityService( 1571): CheckMp.onComplete: ignore, connected or no connection
W/ActivityManager( 1571): No content provider found for permission revoke: file:///sdcard/aut.apk
I/PackageManager( 1571): Copying native libraries to /data/app-lib/vmdl764446208
W/BroadcastQueue( 1571): Permission Denial: broadcasting Intent { act=android.appwidget.action.APPWIDGET_UPDATE_OPTIONS flg=0x10 cmp=com.android.settings/.widget.SettingsAppWidgetProvider (has extras) } from android (pid=1964, uid=10009) is not exported from uid 1000 due to receiver com.android.settings/.widget.SettingsAppWidgetProvider
I/ActivityManager( 1571): Start proc com.android.dialer for broadcast com.android.dialer/.calllog.CallLogReceiver: pid=2627 uid=10004 gids={50004, 3003, 1028, 1015}
I/CertBlacklister( 1571): Certificate blacklist changed, updating...
I/CertBlacklister( 1571): Certificate blacklist updated
I/CertBlacklister( 1571): Certificate blacklist changed, updating...
I/CertBlacklister( 1571): Certificate blacklist updated
I/ActivityManager( 1571): Force stopping fr.odrevet.kingdomino_score_count appid=10058 user=-1: update pkg
I/PackageManager( 1571): Adding preferred activity ComponentInfo{com.android.mms/com.android.mms.ui.ComposeMessageActivity} for user 0 :
I/ActivityManager( 1571): Delay finish: com.android.dialer/.calllog.CallLogReceiver
I/PackageManager( 1571): Adding preferred activity ComponentInfo{com.android.mms/com.android.mms.ui.ComposeMessageActivity} for user 0 :
I/PackageManager( 1571): Adding preferred activity ComponentInfo{com.android.mms/com.android.mms.ui.ComposeMessageActivity} for user 0 :
I/ActivityManager( 1571): Resuming delayed broadcast
D/BackupManagerService( 1571): Received broadcast Intent { act=android.intent.action.PACKAGE_ADDED dat=package:fr.odrevet.kingdomino_score_count flg=0x4000010 (has extras) }
V/BackupManagerService( 1571): addPackageParticipantsLocked: #1
I/PackageManager( 1571): Adding preferred activity ComponentInfo{com.android.mms/com.android.mms.ui.ComposeMessageActivity} for user 0 :
I/PackageManager( 1571): Adding preferred activity ComponentInfo{com.android.mms/com.android.mms.ui.ComposeMessageActivity} for user 0 :
I/PackageManager( 1571): Adding preferred activity ComponentInfo{com.android.mms/com.android.mms.ui.ComposeMessageActivity} for user 0 :
I/PackageManager( 1571): Adding preferred activity ComponentInfo{com.android.mms/com.android.mms.ui.ComposeMessageActivity} for user 0 :
I/PackageManager( 1571): Adding preferred activity ComponentInfo{com.android.mms/com.android.mms.ui.ComposeMessageActivity} for user 0 :
V/WiredAccessoryManager( 1571): init()
I/PowerManagerService( 1571): Boot animation finished.
I/BootReceiver( 1571): Copying audit failures to DropBox
I/BootReceiver( 1571): Checking for fsck errors
I/ActivityManager( 1571): Delay finish: com.android.providers.downloads/.DownloadReceiver
I/ActivityManager( 1571): Resuming delayed broadcast
I/SystemUpdateService( 1830): cancelUpdate (empty URL)
I/ActivityManager( 1571): Start proc com.android.mms for broadcast com.android.mms/.transaction.MmsSystemEventReceiver: pid=2671 uid=10010 gids={50010, 3003, 1028, 1015}
I/SystemUpdateService( 1830): cancelUpdate (empty URL)
W/ActivityManager( 1571): No content provider found for permission revoke: file:///sdcard/ripper.apk
W/ActivityManager( 1571): No content provider found for permission revoke: file:///sdcard/ripper.apk
I/PackageManager( 1571): Copying native libraries to /data/app-lib/vmdl-1757894091
I/PackageParser( 1571): it.unina.android.ripper: compat added android.permission.WRITE_EXTERNAL_STORAGE android.permission.READ_PHONE_STATE
D/CountryDetector( 1571): The first listener is added
I/ActivityManager( 1571): Delay finish: com.android.mms/.transaction.MmsSystemEventReceiver
I/ActivityManager( 1571): Resuming delayed broadcast
I/ActivityManager( 1571): Delay finish: com.android.mms/.transaction.SmsReceiver
I/ActivityManager( 1571): Resuming delayed broadcast
I/ActivityManager( 1571): Force stopping it.unina.android.ripper appid=10059 user=-1: update pkg
I/PackageManager( 1571): Adding preferred activity ComponentInfo{com.android.mms/com.android.mms.ui.ComposeMessageActivity} for user 0 :
D/BackupManagerService( 1571): Received broadcast Intent { act=android.intent.action.PACKAGE_ADDED dat=package:it.unina.android.ripper flg=0x4000010 (has extras) }
V/BackupManagerService( 1571): addPackageParticipantsLocked: #1
I/PackageManager( 1571): Adding preferred activity ComponentInfo{com.android.mms/com.android.mms.ui.ComposeMessageActivity} for user 0 :
I/PackageManager( 1571): Adding preferred activity ComponentInfo{com.android.mms/com.android.mms.ui.ComposeMessageActivity} for user 0 :
I/PackageManager( 1571): Adding preferred activity ComponentInfo{com.android.mms/com.android.mms.ui.ComposeMessageActivity} for user 0 :
I/PackageManager( 1571): Adding preferred activity ComponentInfo{com.android.mms/com.android.mms.ui.ComposeMessageActivity} for user 0 :
I/PackageManager( 1571): Adding preferred activity ComponentInfo{com.android.mms/com.android.mms.ui.ComposeMessageActivity} for user 0 :
I/PackageManager( 1571): Adding preferred activity ComponentInfo{com.android.mms/com.android.mms.ui.ComposeMessageActivity} for user 0 :
I/PackageManager( 1571): Adding preferred activity ComponentInfo{com.android.mms/com.android.mms.ui.ComposeMessageActivity} for user 0 :
I/ActivityManager( 1571): Delay finish: com.google.android.googlequicksearchbox/com.google.android.searchcommon.StartUpReceiver
I/ActivityManager( 1571): Force stopping fr.odrevet.kingdomino_score_count appid=10058 user=0: start instr
I/ActivityManager( 1571): Start proc fr.odrevet.kingdomino_score_count for added application fr.odrevet.kingdomino_score_count: pid=2763 uid=10058 gids={50058}
I/ActivityManager( 1571): START u0 {act=android.intent.action.MAIN flg=0x10000000 cmp=fr.odrevet.kingdomino_score_count/.MainActivity} from pid 2763
E/AndroidRuntime( 2763): FATAL EXCEPTION: main
E/AndroidRuntime( 2763): Process: fr.odrevet.kingdomino_score_count, PID: 2763
E/AndroidRuntime( 2763): java.lang.RuntimeException: Unable to start activity ComponentInfo{fr.odrevet.kingdomino_score_count/fr.odrevet.kingdomino_score_count.MainActivity}: java.lang.RuntimeException: java.util.concurrent.ExecutionException: java.lang.UnsatisfiedLinkError: Couldn't load flutter from loader dalvik.system.PathClassLoader[DexPathList[[zip file "/system/framework/android.test.runner.jar", zip file "/data/app/it.unina.android.ripper-1.apk", zip file "/data/app/fr.odrevet.kingdomino_score_count-1.apk"],nativeLibraryDirectories=[/data/app-lib/it.unina.android.ripper-1, /data/app-lib/fr.odrevet.kingdomino_score_count-1, /vendor/lib, /system/lib]]]: findLibrary returned null
E/AndroidRuntime( 2763): 	at android.app.ActivityThread.performLaunchActivity(ActivityThread.java:2195)
E/AndroidRuntime( 2763): 	at android.app.ActivityThread.handleLaunchActivity(ActivityThread.java:2245)
E/AndroidRuntime( 2763): 	at android.app.ActivityThread.access$800(ActivityThread.java:135)
E/AndroidRuntime( 2763): 	at android.app.ActivityThread$H.handleMessage(ActivityThread.java:1196)
E/AndroidRuntime( 2763): 	at android.os.Handler.dispatchMessage(Handler.java:102)
E/AndroidRuntime( 2763): 	at android.os.Looper.loop(Looper.java:136)
E/AndroidRuntime( 2763): 	at android.app.ActivityThread.main(ActivityThread.java:5017)
E/AndroidRuntime( 2763): 	at java.lang.reflect.Method.invokeNative(Native Method)
E/AndroidRuntime( 2763): 	at java.lang.reflect.Method.invoke(Method.java:515)
E/AndroidRuntime( 2763): 	at com.android.internal.os.ZygoteInit$MethodAndArgsCaller.run(ZygoteInit.java:779)
E/AndroidRuntime( 2763): 	at com.android.internal.os.ZygoteInit.main(ZygoteInit.java:595)
E/AndroidRuntime( 2763): 	at dalvik.system.NativeStart.main(Native Method)
E/AndroidRuntime( 2763): Caused by: java.lang.RuntimeException: java.util.concurrent.ExecutionException: java.lang.UnsatisfiedLinkError: Couldn't load flutter from loader dalvik.system.PathClassLoader[DexPathList[[zip file "/system/framework/android.test.runner.jar", zip file "/data/app/it.unina.android.ripper-1.apk", zip file "/data/app/fr.odrevet.kingdomino_score_count-1.apk"],nativeLibraryDirectories=[/data/app-lib/it.unina.android.ripper-1, /data/app-lib/fr.odrevet.kingdomino_score_count-1, /vendor/lib, /system/lib]]]: findLibrary returned null
E/AndroidRuntime( 2763): 	at io.flutter.embedding.engine.g.c.a()
E/AndroidRuntime( 2763): 	at io.flutter.embedding.engine.a.<init>()
E/AndroidRuntime( 2763): 	at io.flutter.embedding.engine.a.<init>()
E/AndroidRuntime( 2763): 	at io.flutter.embedding.android.f.o()
E/AndroidRuntime( 2763): 	at io.flutter.embedding.android.f.a()
E/AndroidRuntime( 2763): 	at io.flutter.embedding.android.e.onCreate()
E/AndroidRuntime( 2763): 	at android.app.Activity.performCreate(Activity.java:5231)
E/AndroidRuntime( 2763): 	at android.app.Instrumentation.callActivityOnCreate(Instrumentation.java:1087)
E/AndroidRuntime( 2763): 	at android.app.ActivityThread.performLaunchActivity(ActivityThread.java:2159)
E/AndroidRuntime( 2763): 	... 11 more
E/AndroidRuntime( 2763): Caused by: java.util.concurrent.ExecutionException: java.lang.UnsatisfiedLinkError: Couldn't load flutter from loader dalvik.system.PathClassLoader[DexPathList[[zip file "/system/framework/android.test.runner.jar", zip file "/data/app/it.unina.android.ripper-1.apk", zip file "/data/app/fr.odrevet.kingdomino_score_count-1.apk"],nativeLibraryDirectories=[/data/app-lib/it.unina.android.ripper-1, /data/app-lib/fr.odrevet.kingdomino_score_count-1, /vendor/lib, /system/lib]]]: findLibrary returned null
E/AndroidRuntime( 2763): 	at java.util.concurrent.FutureTask.report(FutureTask.java:93)
E/AndroidRuntime( 2763): 	at java.util.concurrent.FutureTask.get(FutureTask.java:163)
E/AndroidRuntime( 2763): 	... 20 more
E/AndroidRuntime( 2763): Caused by: java.lang.UnsatisfiedLinkError: Couldn't load flutter from loader dalvik.system.PathClassLoader[DexPathList[[zip file "/system/framework/android.test.runner.jar", zip file "/data/app/it.unina.android.ripper-1.apk", zip file "/data/app/fr.odrevet.kingdomino_score_count-1.apk"],nativeLibraryDirectories=[/data/app-lib/it.unina.android.ripper-1, /data/app-lib/fr.odrevet.kingdomino_score_count-1, /vendor/lib, /system/lib]]]: findLibrary returned null
E/AndroidRuntime( 2763): 	at java.lang.Runtime.loadLibrary(Runtime.java:358)
E/AndroidRuntime( 2763): 	at java.lang.System.loadLibrary(System.java:526)
E/AndroidRuntime( 2763): 	at io.flutter.embedding.engine.FlutterJNI.loadLibrary()
E/AndroidRuntime( 2763): 	at io.flutter.embedding.engine.g.c$a.call()
E/AndroidRuntime( 2763): 	at io.flutter.embedding.engine.g.c$a.call()
E/AndroidRuntime( 2763): 	at java.util.concurrent.FutureTask.run(FutureTask.java:237)
E/AndroidRuntime( 2763): 	at java.util.concurrent.ThreadPoolExecutor.runWorker(ThreadPoolExecutor.java:1112)
E/AndroidRuntime( 2763): 	at java.util.concurrent.ThreadPoolExecu
W/ActivityManager( 1571): Error in app fr.odrevet.kingdomino_score_count running instrumentation ComponentInfo{it.unina.android.ripper/android.test.InstrumentationTestRunner}:
W/ActivityManager( 1571):   java.lang.UnsatisfiedLinkError
W/ActivityManager( 1571):   java.lang.UnsatisfiedLinkError: Couldn't load flutter from loader dalvik.system.PathClassLoader[DexPathList[[zip file "/system/framework/android.test.runner.jar", zip file "/data/app/it.unina.android.ripper-1.apk", zip file "/data/app/fr.odrevet.kingdomino_score_count-1.apk"],nativeLibraryDirectories=[/data/app-lib/it.unina.android.ripper-1, /data/app-lib/fr.odrevet.kingdomino_score_count-1, /vendor/lib, /system/lib]]]: findLibrary returned null
I/ActivityManager( 1571): Force stopping fr.odrevet.kingdomino_score_count appid=10058 user=0: finished inst
I/ActivityManager( 1571): Killing 2763:fr.odrevet.kingdomino_score_count/u0a58 (adj 0): stop fr.odrevet.kingdomino_score_count
I/ActivityManager( 1571):   Force finishing activity ActivityRecord{9d16acc8 u0 fr.odrevet.kingdomino_score_count/.MainActivity t4}
W/InputMethodManagerService( 1571): Window already focused, ignoring focus gain of: com.android.internal.view.IInputMethodClient$Stub$Proxy@9d8c02e0 attribute=null, token = android.os.BinderProxy@9d4d55d0
I/ActivityManager( 1571): Start proc com.google.android.gms.unstable for service com.google.android.gms/.droidguard.DroidGuardService: pid=2821 uid=10007 gids={50007, 3003, 1007, 1028, 1015, 3002, 3001, 3007, 2001, 3006}
I/ActivityManager( 1571): Resuming delayed broadcast
I/ActivityManager( 1571): Delay finish: com.google.android.calendar/com.android.calendar.alerts.AlertReceiver
W/ActivityManager( 1571): Unable to start service Intent { act=com.google.android.gms.nearby.discovery:ACTION_INIT_MESSAGES_PATH cmp=com.google.android.gms/.nearby.discovery.service.DiscoveryService } U=0: not found
I/ActivityManager( 1571): Resuming delayed broadcast
D/ConnectivityService( 1571): handleInetConditionHoldEnd: net=0, condition=0, published condition=0
I/ActivityManager( 1571): Delay finish: com.android.email/.service.EmailUpgradeBroadcastReceiver
I/ActivityManager( 1571): Resuming delayed broadcast
I/ActivityManager( 1571): Delay finish: com.android.email/.service.EmailBroadcastReceiver
I/ActivityManager( 1571): Delaying start of: ServiceRecord{9d8e0578 u0 com.android.exchange/.service.EmailSyncAdapterService}
I/ActivityManager( 1571): Resuming delayed broadcast
I/ActivityManager( 1571): Delay finish: com.android.providers.contacts/.PackageIntentReceiver
I/ActivityManager( 1571): Resuming delayed broadcast
I/ActivityManager( 1571): Delay finish: com.google.android.googlequicksearchbox/com.google.android.searchcommon.summons.icing.InternalIcingCorporaProvider$CorporaChangedReceiver
W/ActivityManager( 1571): Unable to start service Intent { act=com.google.android.gms.auth.key.retrieval.service.START pkg=com.google.android.gms } U=0: not found
W/ActivityManager( 1571): Unbind failed: could not find connection for android.os.BinderProxy@9d45a390
I/ActivityManager( 1571): Resuming delayed broadcast
I/ActivityManager( 1571): Start proc com.svox.pico for broadcast com.svox.pico/.VoiceDataInstallerReceiver: pid=2904 uid=10041 gids={50041, 1028, 1015}
--------- beginning of /dev/log/main
D/dalvikvm( 2917): DexOpt: load 1ms, verify+opt 1ms, 225028 bytes
D/dalvikvm( 2821): GC_FOR_ALLOC freed 698K, 11% free 6811K/7636K, paused 5ms, total 5ms
E/PhenotypeRegOp( 2173): Attempting to overwrite config package for com.google.android.gms.games [CONTEXT service_id=231 ]
E/PhenotypeRegOp( 2173): Attempting to overwrite config package for com.google.android.gms.mobile_data_plan [CONTEXT service_id=231 ]
D/dalvikvm( 2173): GC_FOR_ALLOC freed 1399K, 19% free 10827K/13220K, paused 23ms, total 23ms
E/PhenotypeRegOp( 2173): Attempting to overwrite config package for com.google.android.gms.signin [CONTEXT service_id=231 ]
E/PhenotypeRegOp( 2173): Attempting to overwrite config package for com.google.android.gms.udc [CONTEXT service_id=231 ]
I/ActivityManager( 1571): Delay finish: com.android.providers.contacts/.PackageIntentReceiver
W/DynamiteModule( 2173): Local module descriptor class for providerinstaller not found.
I/DynamiteModule( 2173): Considering local module providerinstaller:0 and remote module providerinstaller:0
W/ProviderInstaller( 2173): Failed to load providerinstaller module: No acceptable module found. Local version is 0 and remote version is 0.
I/ActivityManager( 1571): Resuming delayed broadcast
I/Fitness ( 1788): OnPackageChangedOperation got intent: Intent { act=android.intent.action.PACKAGE_CHANGED dat=package:com.android.email flg=0x4000010 cmp=com.google.android.gms/.chimera.PersistentIntentOperationService (has extras) } [CONTEXT service_id=17 ]
I/Fitness ( 1788): FitCleanupIntentOperation received Intent android.intent.action.PACKAGE_CHANGED [CONTEXT service_id=17 ]
I/Icing.InternalIcingCorporaProvider( 2324): Updating corpora: A: com.android.email, C: MAYBE
I/ActivityManager( 1571): Delay finish: com.google.android.googlequicksearchbox/com.google.android.searchcommon.summons.icing.InternalIcingCorporaProvider$CorporaChangedReceiver
D/dalvikvm( 2173): GC_FOR_ALLOC freed 344K, 18% free 10954K/13220K, paused 24ms, total 24ms
I/dalvikvm-heap( 2173): Grow heap (frag case) to 11.745MB for 958476-byte allocation
D/dalvikvm( 1571): GC_EXPLICIT freed 1144K, 45% free 8580K/15348K, paused 1ms+1ms, total 22ms
D/dalvikvm( 2821): GC_FOR_ALLOC freed 2012K, 31% free 5651K/8152K, paused 8ms, total 8ms
D/dalvikvm( 2821): GC_FOR_ALLOC freed 178K, 30% free 5771K/8152K, paused 3ms, total 3ms
I/dalvikvm-heap( 2821): Grow heap (frag case) to 6.161MB for 475702-byte allocation
D/dalvikvm( 2821): GC_FOR_ALLOC freed <1K, 28% free 6236K/8620K, paused 3ms, total 3ms
D/dalvikvm( 2821): GC_FOR_ALLOC freed 0K, 28% free 6236K/8620K, paused 3ms, total 3ms
I/dalvikvm-heap( 2821): Grow heap (frag case) to 6.614MB for 475702-byte allocation
D/dalvikvm( 2173): GC_FOR_ALLOC freed 90K, 17% free 11800K/14160K, paused 44ms, total 44ms
E/WakeLock( 2173): DG:service ** IS FORCE-RELEASED ON TIMEOUT **
D/dalvikvm( 2821): GC_FOR_ALLOC freed 464K, 32% free 6236K/9088K, paused 7ms, total 7ms
I/Icing   ( 2173): IndexChimeraService.getServiceInterface callingPackage=com.google.android.googlequicksearchbox componentName=null serviceId=21
D/dalvikvm( 2821): GC_FOR_ALLOC freed 476K, 32% free 6227K/9088K, paused 4ms, total 4ms
D/dalvikvm( 2821): GC_FOR_ALLOC freed 3K, 26% free 6740K/9088K, paused 4ms, total 4ms
I/dalvikvm-heap( 2821): Grow heap (frag case) to 7.059MB for 426603-byte allocation
D/dalvikvm( 2821): GC_FOR_ALLOC freed 1394K, 40% free 5762K/9508K, paused 4ms, total 4ms
D/dalvikvm( 2821): DexOpt: --- BEGIN 'the.apk' (bootstrap=0) ---
W/Icing   ( 2173): No valid account for uploading user actions
W/linker  ( 2926): libdvm.so has text relocations. This is wasting memory and is a security risk. Please fix.
I/Icing   ( 2173): Usage reports ok 0, Failed Usage reports 0, indexed 0, rejected 0
W/Launcher( 2369): setApplicationContext called twice! old=com.google.android.velvet.VelvetApplication@9cffe6e0 new=com.google.android.velvet.VelvetApplication@9cffe6e0
I/Fitness ( 1788): OnPackageChangedOperation got intent: Intent { act=android.intent.action.PACKAGE_CHANGED dat=package:com.google.android.gsf flg=0x4000010 cmp=com.google.android.gms/.chimera.PersistentIntentOperationService (has extras) } [CONTEXT service_id=17 ]
I/ActivityManager( 1571): Resuming delayed broadcast
I/ActivityManager( 1571): Delay finish: com.google.android.googlequicksearchbox/com.google.android.searchcommon.summons.icing.InternalIcingCorporaProvider$CorporaChangedReceiver
I/Fitness ( 1788): FitCleanupIntentOperation received Intent android.intent.action.PACKAGE_CHANGED [CONTEXT service_id=17 ]
I/Icing.InternalIcingCorporaProvider( 2324): Updating corpora: A: com.google.android.gsf, C: MAYBE
D/dalvikvm( 2926): DexOpt: load 19ms, verify+opt 5ms, 207932 bytes
I/Icing   ( 2173): IndexChimeraService.getServiceInterface callingPackage=com.google.android.googlequicksearchbox componentName=null serviceId=21
E/dalvikvm( 2821): Could not find class 'android.net.Network', referenced from method quf.a
W/dalvikvm( 2821): VFY: unable to resolve check-cast 1424 (Landroid/net/Network;) in Lquf;
D/dalvikvm( 2821): VFY: replacing opcode 0x1f at 0x0075
D/dalvikvm( 2821): DexOpt: --- END 'the.apk' (success) ---
D/dalvikvm( 2821): DEX prep '/data/data/com.google.android.gms/app_dg_cache/332DF7A96159CC0FFEB819779627D9C94920AA73/the.apk': unzip in 0ms, rewrite 70ms
W/Icing   ( 2173): No valid account for uploading user actions
I/Icing   ( 2173): Usage reports ok 0, Failed Usage reports 0, indexed 0, rejected 0
W/Launcher( 2369): setApplicationContext called twice! old=com.google.android.velvet.VelvetApplication@9cffe6e0 new=com.google.android.velvet.VelvetApplication@9cffe6e0
I/ActivityManager( 1571): Resuming delayed broadcast
D/dalvikvm( 2821): GC_FOR_ALLOC freed 1203K, 43% free 5473K/9508K, paused 12ms, total 13ms
D/dalvikvm( 2324): GC_FOR_ALLOC freed 447K, 13% free 3487K/4008K, paused 2ms, total 2ms
I/Fitness ( 1788): OnPackageChangedOperation got intent: Intent { act=android.intent.action.PACKAGE_CHANGED dat=package:com.google.android.gms flg=0x4000010 cmp=com.google.android.gms/.chimera.PersistentIntentOperationService (has extras) } [CONTEXT service_id=17 ]
D/dalvikvm( 2821): Trying to load lib /data/data/com.google.android.gms/app_dg_cache/332DF7A96159CC0FFEB819779627D9C94920AA73/libdCD96A5AB8310.so 0x9d16df80
D/dalvikvm( 2821): Added shared lib /data/data/com.google.android.gms/app_dg_cache/332DF7A96159CC0FFEB819779627D9C94920AA73/libdCD96A5AB8310.so 0x9d16df80
I/ActivityManager( 1571): Delay finish: com.google.android.googlequicksearchbox/com.google.android.searchcommon.summons.icing.InternalIcingCorporaProvider$CorporaChangedReceiver
I/Fitness ( 1788): FitCleanupIntentOperation received Intent android.intent.action.PACKAGE_CHANGED [CONTEXT service_id=17 ]
I/Icing.InternalIcingCorporaProvider( 2324): Updating corpora: A: com.google.android.gms, C: MAYBE
I/Icing   ( 2173): updateResources: need to parse wwx{com.google.android.gms}
I/Icing   ( 2173): IndexChimeraService.getServiceInterface callingPackage=com.google.android.googlequicksearchbox componentName=null serviceId=21
D/dalvikvm( 1788): GC_FOR_ALLOC freed 1797K, 18% free 8828K/10764K, paused 20ms, total 20ms
D/dalvikvm( 2173): GC_FOR_ALLOC freed 2573K, 21% free 11275K/14160K, paused 13ms, total 20ms
D/dalvikvm( 2821): GC_FOR_ALLOC freed 783K, 42% free 5518K/9508K, paused 3ms, total 7ms
D/        ( 2821): HostConnection::get() New Host Connection established 0xb8b98d20, tid 2887
D/EGL_emulation( 2821): eglCreateContext: 0xb8bc0770: maj 3 min 0 rcv 3
D/EGL_emulation( 2821): eglMakeCurrent: 0xb8bc0770: ver 3 0
E/eglCodecCommon( 2821): glUtilsParamSize: unknow param 0x00008cdf
E/eglCodecCommon( 2821): glUtilsParamSize: unknow param 0x00008824
D/dalvikvm( 2173): GC_EXPLICIT freed 351K, 20% free 11383K/14160K, paused 4ms+1ms, total 54ms
D/EGL_emulation( 2821): eglCreateContext: 0xb8bc8670: maj 3 min 0 rcv 3
D/EGL_emulation( 2821): eglMakeCurrent: 0xb8bc8670: ver 3 0
E/eglCodecCommon( 2821): glUtilsParamSize: unknow param 0x00008cdf
E/eglCodecCommon( 2821): glUtilsParamSize: unknow param 0x00008824
E/WakeLock( 2173): DG:service ** IS FORCE-RELEASED ON TIMEOUT **
D/dalvikvm( 2173): DexOpt: --- BEGIN 'DynamiteModulesC.apk' (bootstrap=0) ---
W/Icing   ( 2173): No valid account for uploading user actions
I/Icing   ( 2173): Usage reports ok 0, Failed Usage reports 0, indexed 0, rejected 0
W/Launcher( 2369): setApplicationContext called twice! old=com.google.android.velvet.VelvetApplication@9cffe6e0 new=com.google.android.velvet.VelvetApplication@9cffe6e0
I/ActivityManager( 1571): Resuming delayed broadcast
I/Fitness ( 1788): OnPackageChangedOperation got intent: Intent { act=android.intent.action.PACKAGE_CHANGED dat=package:com.android.settings flg=0x4000010 cmp=com.google.android.gms/.chimera.PersistentIntentOperationService (has extras) } [CONTEXT service_id=17 ]
I/Fitness ( 1788): FitCleanupIntentOperation received Intent android.intent.action.PACKAGE_CHANGED [CONTEXT service_id=17 ]
I/ActivityManager( 1571): Delay finish: com.google.android.googlequicksearchbox/com.google.android.searchcommon.summons.icing.InternalIcingCorporaProvider$CorporaChangedReceiver
I/Icing.InternalIcingCorporaProvider( 2324): Updating corpora: A: com.android.settings, C: MAYBE
I/Icing   ( 2173): Indexing com.google.android.googlequicksearchbox-applications from com.google.android.googlequicksearchbox
W/linker  ( 2938): libdvm.so has text relocations. This is wasting memory and is a security risk. Please fix.
I/Icing   ( 2173): IndexChimeraService.getServiceInterface callingPackage=com.google.android.googlequicksearchbox componentName=null serviceId=21
D/        ( 2821): HostConnection::get() New Host Connection established 0xb8bc08c0, tid 2833
D/EGL_emulation( 2821): eglCreateContext: 0xb8bc8670: maj 3 min 0 rcv 3
D/EGL_emulation( 2821): eglMakeCurrent: 0xb8bc8670: ver 3 0
E/eglCodecCommon( 2821): glUtilsParamSize: unknow param 0x00008cdf
E/eglCodecCommon( 2821): glUtilsParamSize: unknow param 0x00008824
D/EGL_emulation( 2821): eglCreateContext: 0xb8b89900: maj 3 min 0 rcv 3
D/EGL_emulation( 2821): eglMakeCurrent: 0xb8b89900: ver 3 0
E/eglCodecCommon( 2821): glUtilsParamSize: unknow param 0x00008cdf
E/eglCodecCommon( 2821): glUtilsParamSize: unknow param 0x00008824
W/Icing   ( 2173): No valid account for uploading user actions
I/Icing   ( 2173): Usage reports ok 0, Failed Usage reports 0, indexed 0, rejected 0
W/Launcher( 2369): setApplicationContext called twice! old=com.google.android.velvet.VelvetApplication@9cffe6e0 new=com.google.android.velvet.VelvetApplication@9cffe6e0
E/BluetoothAdapter( 1861): Bluetooth binder is null
I/ActivityManager( 1571): Resuming delayed broadcast
D/AlertReceiver( 2455): onReceive: a=android.intent.action.PROVIDER_CHANGED Intent { act=android.intent.action.PROVIDER_CHANGED dat=content://com.android.calendar flg=0x10 cmp=com.google.android.calendar/com.android.calendar.alerts.AlertReceiver }
D/dalvikvm( 1830): GC_EXPLICIT freed 166K, 21% free 5963K/7512K, paused 0ms+2ms, total 7ms
I/ActivityManager( 1571): Delay finish: com.google.android.calendar/com.android.calendar.alerts.AlertReceiver
D/AlertService( 2455): 0 Action = android.intent.action.PROVIDER_CHANGED
I/Icing   ( 2173): Indexing done com.google.android.googlequicksearchbox-applications
I/CheckinUtil( 2173): Classify the device as Phone. [CONTEXT service_id=130 ]
D/dalvikvm( 2821): GC_FOR_ALLOC freed 808K, 42% free 5553K/9508K, paused 3ms, total 10ms
D/dalvikvm( 2821): GC_FOR_ALLOC freed 482K, 38% free 5916K/9508K, paused 2ms, total 2ms
D/dalvikvm( 2821): GC_FOR_ALLOC freed 956K, 38% free 5895K/9508K, paused 2ms, total 2ms
D/dalvikvm( 2821): GC_FOR_ALLOC freed 1K, 29% free 6831K/9508K, paused 2ms, total 2ms
I/Icing   ( 2173): Indexing com.google.android.googlequicksearchbox-applications from com.google.android.googlequicksearchbox
D/dalvikvm( 2938): DexOpt: load 117ms, verify+opt 125ms, 1684660 bytes
I/Icing   ( 2173): Indexing done com.google.android.googlequicksearchbox-applications
W/Conscrypt( 2173): Could not set socket write timeout: java.net.SocketException: Socket closed
W/Conscrypt( 2173): 	at com.google.android.gms.org.conscrypt.Platform.setSocketWriteTimeout(:com.google.android.gms@202414005@20.24.14 (000700-319035315):2)
W/Conscrypt( 2173): 	at com.google.android.gms.org.conscrypt.ConscryptFileDescriptorSocket.setSoWriteTimeout(:com.google.android.gms@202414005@20.24.14 (000700-319035315):0)
D/dalvikvm( 2173): DexOpt: --- END 'DynamiteModulesC.apk' (success) ---
D/dalvikvm( 2173): DEX prep '/data/data/com.google.android.gms/app_chimera/m/00000004/DynamiteModulesC.apk': unzip in 31ms, rewrite 402ms
D/dalvikvm( 2173): GC_FOR_ALLOC freed 2261K, 22% free 11169K/14160K, paused 11ms, total 11ms
W/DynamiteModule( 2173): Local module descriptor class for providerinstaller not found.
I/DynamiteModule( 2173): Considering local module providerinstaller:0 and remote module providerinstaller:0
W/ProviderInstaller( 2173): Failed to load providerinstaller module: No acceptable module found. Local version is 0 and remote version is 0.
W/Conscrypt( 2173): Could not set socket write timeout: java.net.SocketException: Socket closed
W/Conscrypt( 2173): 	at com.google.android.gms.org.conscrypt.Platform.setSocketWriteTimeout(:com.google.android.gms@202414005@20.24.14 (000700-319035315):2)
W/Conscrypt( 2173): 	at com.google.android.gms.org.conscrypt.ConscryptFileDescriptorSocket.setSoWriteTimeout(:com.google.android.gms@202414005@20.24.14 (000700-319035315):0)
D/dalvikvm( 2821): GC_FOR_ALLOC freed 2388K, 42% free 5528K/9508K, paused 3ms, total 3ms
I/FontLog ( 2173): Updating from directory version 0 to 17 from disk [CONTEXT service_id=132 ]
D/dalvikvm( 2821): DexOpt: --- BEGIN 'the.apk' (bootstrap=0) ---
W/linker  ( 2945): libdvm.so has text relocations. This is wasting memory and is a security risk. Please fix.
D/dalvikvm( 2173): GC_EXPLICIT freed 635K, 21% free 11307K/14160K, paused 2ms+1ms, total 30ms
D/dalvikvm( 2173): DexOpt: --- BEGIN 'GoogleCertificates.apk' (bootstrap=0) ---
W/linker  ( 2946): libdvm.so has text relocations. This is wasting memory and is a security risk. Please fix.
D/dalvikvm( 2945): DexOpt: load 1ms, verify+opt 1ms, 207932 bytes
D/dalvikvm( 2821): DexOpt: --- END 'the.apk' (success) ---
D/dalvikvm( 2821): DEX prep '/data/data/com.google.android.gms/app_dg_cache/0BF2C608180009C015A9E5E9AF849125E742EA2A/the.apk': unzip in 0ms, rewrite 16ms
D/dalvikvm( 2946): DexOpt: load 1ms, verify+opt 4ms, 294780 bytes
D/dalvikvm( 2821): Trying to load lib /data/data/com.google.android.gms/app_dg_cache/0BF2C608180009C015A9E5E9AF849125E742EA2A/libdCD96A5AB8310.so 0x9d1e9520
D/dalvikvm( 2821): Added shared lib /data/data/com.google.android.gms/app_dg_cache/0BF2C608180009C015A9E5E9AF849125E742EA2A/libdCD96A5AB8310.so 0x9d1e9520
E/DG      ( 2821): FSC error [CONTEXT service_id=25 ]
E/DG      ( 2821): java.lang.NullPointerException
E/DG      ( 2821): 	at bnwi.a(:com.google.android.gms@202414005@20.24.14 (000700-319035315):16)
E/DG      ( 2821): 	at com.google.android.gms.droidguard.DroidGuardChimeraService.a(:com.google.android.gms@202414005@20.24.14 (000700-319035315):39)
E/DG      ( 2821): 	at com.google.android.gms.droidguard.DroidGuardChimeraService.a(:com.google.android.gms@202414005@20.24.14 (000700-319035315):71)
E/DG      ( 2821): 	at com.google.android.gms.framework.tracing.wrapper.TracingIntentService.onHandleIntent(:com.google.android.gms@202414005@20.24.14 (000700-319035315):1)
E/DG      ( 2821): 	at bpq.handleMessage(:com.google.android.gms@202414005@20.24.14 (000700-319035315):0)
E/DG      ( 2821): 	at android.os.Handler.dispatchMessage(Handler.java:102)
E/DG      ( 2821): 	at android.os.Looper.loop(Looper.java:136)
E/DG      ( 2821): 	at android.os.HandlerThread.run(HandlerThread.java:61)
D/dalvikvm( 2173): DexOpt: --- END 'GoogleCertificates.apk' (success) ---
D/dalvikvm( 2173): DEX prep '/data/data/com.google.android.gms/app_chimera/m/00000005/GoogleCertificates.apk': unzip in 0ms, rewrite 31ms
I/Icing   ( 2173): Indexing com.google.android.gms-apps from com.google.android.gms
W/DynamiteModule( 2173): Local module descriptor class for providerinstaller not found.
I/DynamiteModule( 2173): Considering local module providerinstaller:0 and remote module providerinstaller:0
W/ProviderInstaller( 2173): Failed to load providerinstaller module: No acceptable module found. Local version is 0 and remote version is 0.
D/dalvikvm( 2173): GC_FOR_ALLOC freed 624K, 21% free 11253K/14160K, paused 8ms, total 8ms
I/dalvikvm-heap( 2173): Grow heap (frag case) to 12.122MB for 1048588-byte allocation
D/dalvikvm( 2173): GC_FOR_ALLOC freed 1027K, 26% free 11249K/15188K, paused 8ms, total 8ms
I/Icing   ( 2173): Indexing done com.google.android.gms-apps
D/dalvikvm( 2173): GC_EXPLICIT freed 467K, 26% free 11251K/15188K, paused 0ms+1ms, total 9ms
D/dalvikvm( 2173): DexOpt: --- BEGIN 'MapsDynamite.apk' (bootstrap=0) ---
D/dalvikvm( 2821): GC_FOR_ALLOC freed 843K, 42% free 5529K/9508K, paused 3ms, total 3ms
W/linker  ( 2947): libdvm.so has text relocations. This is wasting memory and is a security risk. Please fix.
I/Icing   ( 2173): Indexing com.google.android.googlequicksearchbox-applications from com.google.android.googlequicksearchbox
I/Icing   ( 2173): Indexing done com.google.android.googlequicksearchbox-applications
D/EGL_emulation( 2821): eglCreateContext: 0xb8bdd2d0: maj 3 min 0 rcv 3
D/EGL_emulation( 2821): eglMakeCurrent: 0xb8bdd2d0: ver 3 0
E/eglCodecCommon( 2821): glUtilsParamSize: unknow param 0x00008cdf
E/eglCodecCommon( 2821): glUtilsParamSize: unknow param 0x00008824
I/Icing   ( 2173): Indexing com.google.android.gms-internal.3p:MobileApplication from com.google.android.gms
D/EGL_emulation( 2821): eglCreateContext: 0xb8bdd2d0: maj 3 min 0 rcv 3
D/EGL_emulation( 2821): eglMakeCurrent: 0xb8bdd2d0: ver 3 0
E/eglCodecCommon( 2821): glUtilsParamSize: unknow param 0x00008cdf
E/eglCodecCommon( 2821): glUtilsParamSize: unknow param 0x00008824
I/Icing   ( 2173): Indexing done com.google.android.gms-internal.3p:MobileApplication
I/Icing   ( 2173): Indexing com.google.android.gms-apps from com.google.android.gms
D/dalvikvm( 2947): DexOpt: load 14ms, verify+opt 150ms, 1867812 bytes
I/Icing   ( 2173): Indexing done com.google.android.gms-apps
I/Icing   ( 2173): Indexing com.google.android.googlequicksearchbox-applications from com.google.android.googlequicksearchbox
I/Icing   ( 2173): Indexing done com.google.android.googlequicksearchbox-applications
I/Icing   ( 2173): Indexing com.google.android.gms-internal.3p:MobileApplication from com.google.android.gms
I/Icing   ( 2173): Indexing done com.google.android.gms-internal.3p:MobileApplication
I/Icing   ( 2173): Indexing com.google.android.gms-apps from com.google.android.gms
I/Icing   ( 2173): Indexing done com.google.android.gms-apps
D/dalvikvm( 2173): DexOpt: --- END 'MapsDynamite.apk' (success) ---
D/dalvikvm( 2173): DEX prep '/data/data/com.google.android.gms/app_chimera/m/00000006/MapsDynamite.apk': unzip in 13ms, rewrite 229ms
I/CheckinResponseProcess( 2173): From server: 1525 gservices [full] [CONTEXT service_id=130 ]
W/DynamiteModule( 2173): Local module descriptor class for providerinstaller not found.
I/DynamiteModule( 2173): Considering local module providerinstaller:0 and remote module providerinstaller:0
W/ProviderInstaller( 2173): Failed to load providerinstaller module: No acceptable module found. Local version is 0 and remote version is 0.
D/dalvikvm( 2173): GC_EXPLICIT freed 822K, 21% free 12014K/15188K, paused 1ms+1ms, total 20ms
D/dalvikvm( 2173): DexOpt: --- BEGIN 'MeasurementDynamite.apk' (bootstrap=0) ---
W/linker  ( 2949): libdvm.so has text relocations. This is wasting memory and is a security risk. Please fix.
D/dalvikvm( 2821): GC_FOR_ALLOC freed 791K, 42% free 5585K/9508K, paused 4ms, total 4ms
D/dalvikvm( 2949): DexOpt: load 2ms, verify+opt 30ms, 584588 bytes
D/dalvikvm( 2173): DexOpt: --- END 'MeasurementDynamite.apk' (success) ---
D/dalvikvm( 2173): DEX prep '/data/data/com.google.android.gms/app_chimera/m/00000007/MeasurementDynamite.apk': unzip in 2ms, rewrite 62ms
D/dalvikvm( 1830): GC_FOR_ALLOC freed 217K, 13% free 6605K/7512K, paused 4ms, total 4ms
D/dalvikvm( 2173): GC_EXPLICIT freed 138K, 22% free 11918K/15188K, paused 0ms+1ms, total 11ms
D/dalvikvm( 2173): GC_EXPLICIT freed 10K, 22% free 11914K/15188K, paused 1ms+1ms, total 13ms
D/dalvikvm( 2173): GC_EXPLICIT freed 7K, 22% free 11914K/15188K, paused 1ms+1ms, total 14ms
I/GservicesProvider( 1830): main update completed
I/CertBlacklister( 1571): Certificate blacklist changed, updating...
I/CertBlacklister( 1571): Certificate blacklist updated
I/Checkin ( 2173): [CheckinRequestProcessor] CheckinNowTaskTag : Checkin Succeeded: https://android.googleapis.com/checkin (fragment #1).
D/dalvikvm( 2173): GC_EXPLICIT freed 106K, 22% free 11913K/15188K, paused 1ms+1ms, total 24ms
I/Icing   ( 2173): Indexing com.google.android.googlequicksearchbox-applications from com.google.android.googlequicksearchbox
D/dalvikvm( 2173): GC_EXPLICIT freed 668K, 25% free 11416K/15188K, paused 2ms+3ms, total 27ms
I/Icing   ( 2173): Indexing done com.google.android.googlequicksearchbox-applications
I/Icing   ( 2173): Indexing com.google.android.gms-apps from com.google.android.gms
D/dalvikvm( 1830): GC_EXPLICIT freed 1064K, 20% free 6068K/7572K, paused 0ms+0ms, total 5ms
I/Icing   ( 2173): Indexing done com.google.android.gms-apps
I/Icing   ( 2173): Indexing com.google.android.gms-internal.3p:MobileApplication from com.google.android.gms
D/dalvikvm( 2173): GC_EXPLICIT freed 411K, 28% free 11056K/15188K, paused 2ms+4ms, total 26ms
I/Icing   ( 2173): Indexing done com.google.android.gms-internal.3p:MobileApplication
D/dalvikvm( 2173): GC_EXPLICIT freed 46K, 28% free 11065K/15188K, paused 1ms+2ms, total 18ms
D/dalvikvm( 2173): GC_EXPLICIT freed 52K, 28% free 11048K/15188K, paused 1ms+1ms, total 21ms
D/dalvikvm( 1830): GC_EXPLICIT freed 134K, 20% free 6070K/7572K, paused 0ms+1ms, total 4ms
I/GmsModuleFndr( 2173): Beginning GMS chimera module scan
D/dalvikvm( 2173): DexOpt: couldn't find static field Landroid/os/Build;.SUPPORTED_64_BIT_ABIS
W/dalvikvm( 2173): VFY: unable to resolve static field 1539 (SUPPORTED_64_BIT_ABIS) in Landroid/os/Build;
D/dalvikvm( 2173): VFY: replacing opcode 0x62 at 0x002c
D/dalvikvm( 2173): DexOpt: couldn't find static field Landroid/os/Build;.SUPPORTED_32_BIT_ABIS
W/dalvikvm( 2173): VFY: unable to resolve static field 1538 (SUPPORTED_32_BIT_ABIS) in Landroid/os/Build;
D/dalvikvm( 2173): VFY: replacing opcode 0x62 at 0x0032
I/ModuleSetMgr( 2173): Computing pending module set with APKs: [[AdsFdrDynamite.integ:21460000000], [Cronetdynamite:202414000700], [Dynamiteloader:202414000700], [Dynamitemodulesa:202414000000], [Dynamitemodulesc:202414000000], [Googlecertificates:202414000000], [Mapsdynamite:202414000000], [Measurementdynamite:202414000000]]
I/ModuleSetMgr( 2173): Pending container module APKs: []
I/ModuleSetMgr( 2173): Pending non-container module APKs: []
I/Icing   ( 2173): Indexing com.google.android.gms-apps from com.google.android.gms
