W/dalvikvm( 3583): VFY: unable to resolve virtual method 1733: Landroid/view/View;.setOnApplyWindowInsetsListener (Landroid/view/View$OnApplyWindowInsetsListener;)V
D/dalvikvm( 3583): VFY: replacing opcode 0x6e at 0x0009
I/dalvikvm( 3583): Failed resolving Lb/h/l/o$a; interface 302 'Landroid/view/View$OnApplyWindowInsetsListener;'
W/dalvikvm( 3583): Link of class 'Lb/h/l/o$a;' failed
E/dalvikvm( 3583): Could not find class 'b.h.l.o$a', referenced from method b.h.l.o.a
W/dalvikvm( 3583): VFY: unable to resolve new-instance 1028 (Lb/h/l/o$a;) in Lb/h/l/o;
D/dalvikvm( 3583): VFY: replacing opcode 0x22 at 0x000d
I/dalvikvm( 3583): Could not find method android.view.View.setTransitionName, referenced from method b.h.l.o.a
W/dalvikvm( 3583): VFY: unable to resolve virtual method 1758: Landroid/view/View;.setTransitionName (Ljava/lang/String;)V
D/dalvikvm( 3583): VFY: replacing opcode 0x6e at 0x0006
I/dalvikvm( 3583): Could not find method android.view.View.getBackgroundTintList, referenced from method b.h.l.o.e
W/dalvikvm( 3583): VFY: unable to resolve virtual method 1597: Landroid/view/View;.getBackgroundTintList ()Landroid/content/res/ColorStateList;
D/dalvikvm( 3583): VFY: replacing opcode 0x6e at 0x0006
I/dalvikvm( 3583): Could not find method android.view.View.getElevation, referenced from method b.h.l.o.h
W/dalvikvm( 3583): VFY: unable to resolve virtual method 1606: Landroid/view/View;.getElevation ()F
D/dalvikvm( 3583): VFY: replacing opcode 0x6e at 0x0006
I/dalvikvm( 3583): Could not find method android.view.View.getImportantForAutofill, referenced from method b.h.l.o.k
W/dalvikvm( 3583): VFY: unable to resolve virtual method 1612: Landroid/view/View;.getImportantForAutofill ()I
D/dalvikvm( 3583): VFY: replacing opcode 0x6e at 0x0006
I/dalvikvm( 3583): Could not find method android.view.View.getTransitionName, referenced from method b.h.l.o.q
W/dalvikvm( 3583): VFY: unable to resolve virtual method 1644: Landroid/view/View;.getTransitionName ()Ljava/lang/String;
D/dalvikvm( 3583): VFY: replacing opcode 0x6e at 0x0006
I/dalvikvm( 3583): Could not find method android.view.View.getZ, referenced from method b.h.l.o.s
W/dalvikvm( 3583): VFY: unable to resolve virtual method 1655: Landroid/view/View;.getZ ()F
D/dalvikvm( 3583): VFY: replacing opcode 0x6e at 0x0006
I/dalvikvm( 3583): Could not find method android.view.View.isNestedScrollingEnabled, referenced from method b.h.l.o.y
W/dalvikvm( 3583): VFY: unable to resolve virtual method 1672: Landroid/view/View;.isNestedScrollingEnabled ()Z
D/dalvikvm( 3583): VFY: replacing opcode 0x6e at 0x0006
D/dalvikvm( 3583): DexOpt: unable to opt direct call 0x07f9 at 0x1b in Lb/h/l/o;.a
I/dalvikvm( 3583): Failed resolving Lb/h/l/o$a; interface 302 'Landroid/view/View$OnApplyWindowInsetsListener;'
W/dalvikvm( 3583): Link of class 'Lb/h/l/o$a;' failed
D/dalvikvm( 3583): DexOpt: unable to opt direct call 0x1dc6 at 0x0f in Lb/h/l/o;.a
I/dalvikvm( 3583): Could not find method android.view.ViewGroup.saveAttributeDataForStyleable, referenced from method androidx.coordinatorlayout.widget.CoordinatorLayout.<init>
W/dalvikvm( 3583): VFY: unable to resolve virtual method 1928: Landroid/view/ViewGroup;.saveAttributeDataForStyleable (Landroid/content/Context;[ILandroid/util/AttributeSet;Landroid/content/res/TypedArray;II)V
D/dalvikvm( 3583): VFY: replacing opcode 0x74 at 0x0050
I/dalvikvm( 3583): Could not find method android.view.ViewGroup.saveAttributeDataForStyleable, referenced from method androidx.coordinatorlayout.widget.CoordinatorLayout.<init>
W/dalvikvm( 3583): VFY: unable to resolve virtual method 1928: Landroid/view/ViewGroup;.saveAttributeDataForStyleable (Landroid/content/Context;[ILandroid/util/AttributeSet;Landroid/content/res/TypedArray;II)V
D/dalvikvm( 3583): VFY: replacing opcode 0x74 at 0x005a
I/dalvikvm( 3583): Could not find method android.view.View.requestApplyInsets, referenced from method androidx.coordinatorlayout.widget.CoordinatorLayout.onAttachedToWindow
W/dalvikvm( 3583): VFY: unable to resolve virtual method 1698: Landroid/view/View;.requestApplyInsets ()V
D/dalvikvm( 3583): VFY: replacing opcode 0x6e at 0x002f
W/dalvikvm( 3583): VFY: unable to resolve static field 209 (BOUNDS) in Landroid/view/ViewOutlineProvider;
D/dalvikvm( 3583): VFY: replacing opcode 0x62 at 0x0017
I/dalvikvm( 3583): Could not find method android.widget.LinearLayout.setKeyboardNavigationCluster, referenced from method com.google.android.material.appbar.AppBarLayout.<init>
W/dalvikvm( 3583): VFY: unable to resolve virtual method 2784: Landroid/widget/LinearLayout;.setKeyboardNavigationCluster (Z)V
D/dalvikvm( 3583): VFY: replacing opcode 0x6e at 0x00c5
I/dalvikvm( 3583): Could not find method android.widget.LinearLayout.setTouchscreenBlocksFocus, referenced from method com.google.android.material.appbar.AppBarLayout.<init>
W/dalvikvm( 3583): VFY: unable to resolve virtual method 2790: Landroid/widget/LinearLayout;.setTouchscreenBlocksFocus (Z)V
D/dalvikvm( 3583): VFY: replacing opcode 0x6e at 0x00d6
I/dalvikvm( 3583): Could not find method android.widget.LinearLayout.setElevation, referenced from method com.google.android.material.appbar.AppBarLayout.setElevation
W/dalvikvm( 3583): VFY: unable to resolve virtual method 2781: Landroid/widget/LinearLayout;.setElevation (F)V
D/dalvikvm( 3583): VFY: replacing opcode 0x6f at 0x0000
I/dalvikvm( 3583): Could not find method android.graphics.Path.isConvex, referenced from method c.b.a.a.e0.g.draw
W/dalvikvm( 3583): VFY: unable to resolve virtual method 715: Landroid/graphics/Path;.isConvex ()Z
D/dalvikvm( 3583): VFY: replacing opcode 0x6e at 0x00da
W/dalvikvm( 3583): VFY: unable to find class referenced in signature (Landroid/graphics/Outline;)
I/dalvikvm( 3583): Could not find method android.graphics.Outline.setRoundRect, referenced from method c.b.a.a.e0.g.getOutline
W/dalvikvm( 3583): VFY: unable to resolve virtual method 680: Landroid/graphics/Outline;.setRoundRect (Landroid/graphics/Rect;F)V
D/dalvikvm( 3583): VFY: replacing opcode 0x6e at 0x001c
I/dalvikvm( 3583): Could not find method android.graphics.Path.isConvex, referenced from method c.b.a.a.e0.g.getOutline
W/dalvikvm( 3583): VFY: unable to resolve virtual method 715: Landroid/graphics/Path;.isConvex ()Z
D/dalvikvm( 3583): VFY: replacing opcode 0x6e at 0x002b
I/dalvikvm( 3583): Could not find method android.content.Context.getColorStateList, referenced from method b.b.l.a.a.b
W/dalvikvm( 3583): VFY: unable to resolve virtual method 405: Landroid/content/Context;.getColorStateList (I)Landroid/content/res/ColorStateList;
D/dalvikvm( 3583): VFY: replacing opcode 0x6e at 0x0006
I/dalvikvm( 3583): Could not find method android.view.View.setTranslationZ, referenced from method androidx.constraintlayout.widget.ConstraintLayout.onMeasure
W/dalvikvm( 3583): VFY: unable to resolve virtual method 1762: Landroid/view/View;.setTranslationZ (F)V
D/dalvikvm( 3583): VFY: replacing opcode 0x6e at 0x0273
D/dalvikvm( 3583): GC_CONCURRENT freed 220K, 9% free 3346K/3640K, paused 0ms+0ms, total 2ms
W/dalvikvm( 3583): VFY: unable to find class referenced in signature (Landroid/view/WindowInsets;)
E/dalvikvm( 3583): Could not find class 'android.view.WindowInsets', referenced from method b.k.d.l.onApplyWindowInsets
W/dalvikvm( 3583): VFY: unable to resolve new-instance 334 (Landroid/view/WindowInsets;) in Lb/k/d/l;
D/dalvikvm( 3583): VFY: replacing opcode 0x22 at 0x000b
W/dalvikvm( 3583): VFY: unable to find class referenced in signature (Landroid/view/WindowInsets;)
D/dalvikvm( 3583): DexOpt: unable to opt direct call 0x07f9 at 0x0d in Lb/k/d/l;.onApplyWindowInsets
I/dalvikvm( 3583): Could not find method android.content.res.Resources.getDrawable, referenced from method b.b.p.o0.getDrawable
W/dalvikvm( 3583): VFY: unable to resolve virtual method 519: Landroid/content/res/Resources;.getDrawable (ILandroid/content/res/Resources$Theme;)Landroid/graphics/drawable/Drawable;
D/dalvikvm( 3583): VFY: replacing opcode 0x6e at 0x0002
I/dalvikvm( 3583): Could not find method android.content.res.Resources.getDrawableForDensity, referenced from method b.b.p.o0.getDrawableForDensity
W/dalvikvm( 3583): VFY: unable to resolve virtual method 521: Landroid/content/res/Resources;.getDrawableForDensity (IILandroid/content/res/Resources$Theme;)Landroid/graphics/drawable/Drawable;
D/dalvikvm( 3583): VFY: replacing opcode 0x6e at 0x0002
I/dalvikvm( 3583): Could not find method android.view.View.getBackgroundTintMode, referenced from method b.b.p.e.a
W/dalvikvm( 3583): VFY: unable to resolve virtual method 1598: Landroid/view/View;.getBackgroundTintMode ()Landroid/graphics/PorterDuff$Mode;
D/dalvikvm( 3583): VFY: replacing opcode 0x6e at 0x0045
I/dalvikvm( 3583): Could not find method android.widget.ImageView.getImageTintList, referenced from method b.b.p.m.a
W/dalvikvm( 3583): VFY: unable to resolve virtual method 2676: Landroid/widget/ImageView;.getImageTintList ()Landroid/content/res/ColorStateList;
D/dalvikvm( 3583): VFY: replacing opcode 0x6e at 0x0038
I/dalvikvm( 3583): Could not find method android.widget.ImageView.getImageTintMode, referenced from method b.b.p.m.a
W/dalvikvm( 3583): VFY: unable to resolve virtual method 2677: Landroid/widget/ImageView;.getImageTintMode ()Landroid/graphics/PorterDuff$Mode;
D/dalvikvm( 3583): VFY: replacing opcode 0x6e at 0x0055
I/dalvikvm( 3583): Could not find method android.widget.ImageView.setImageTintList, referenced from method b.b.p.m.a
W/dalvikvm( 3583): VFY: unable to resolve virtual method 2705: Landroid/widget/ImageView;.setImageTintList (Landroid/content/res/ColorStateList;)V
D/dalvikvm( 3583): VFY: replacing opcode 0x6e at 0x004a
I/dalvikvm( 3583): Could not find method android.widget.ImageView.setImageTintMode, referenced from method b.b.p.m.a
W/dalvikvm( 3583): VFY: unable to resolve virtual method 2706: Landroid/widget/ImageView;.setImageTintMode (Landroid/graphics/PorterDuff$Mode;)V
D/dalvikvm( 3583): VFY: replacing opcode 0x6e at 0x0093
E/dalvikvm( 3583): Could not find class 'android.graphics.drawable.RippleDrawable', referenced from method b.b.p.m.b
W/dalvikvm( 3583): VFY: unable to resolve instanceof 144 (Landroid/graphics/drawable/RippleDrawable;) in Lb/b/p/m;
D/dalvikvm( 3583): VFY: replacing opcode 0x20 at 0x000c
I/dalvikvm( 3583): Could not find method android.widget.TextView.getAutoSizeMaxTextSize, referenced from method b.b.p.z.getAutoSizeMaxTextSize
W/dalvikvm( 3583): VFY: unable to resolve virtual method 3024: Landroid/widget/TextView;.getAutoSizeMaxTextSize ()I
D/dalvikvm( 3583): VFY: replacing opcode 0x6f at 0x0004
I/dalvikvm( 3583): Could not find method android.widget.TextView.getAutoSizeMinTextSize, referenced from method b.b.p.z.getAutoSizeMinTextSize
W/dalvikvm( 3583): VFY: unable to resolve virtual method 3025: Landroid/widget/TextView;.getAutoSizeMinTextSize ()I
D/dalvikvm( 3583): VFY: replacing opcode 0x6f at 0x0004
I/dalvikvm( 3583): Could not find method android.widget.TextView.getAutoSizeStepGranularity, referenced from method b.b.p.z.getAutoSizeStepGranularity
W/dalvikvm( 3583): VFY: unable to resolve virtual method 3026: Landroid/widget/TextView;.getAutoSizeStepGranularity ()I
D/dalvikvm( 3583): VFY: replacing opcode 0x6f at 0x0004
I/dalvikvm( 3583): Could not find method android.widget.TextView.getAutoSizeTextAvailableSizes, referenced from method b.b.p.z.getAutoSizeTextAvailableSizes
W/dalvikvm( 3583): VFY: unable to resolve virtual method 3027: Landroid/widget/TextView;.getAutoSizeTextAvailableSizes ()[I
D/dalvikvm( 3583): VFY: replacing opcode 0x6f at 0x0004
I/dalvikvm( 3583): Could not find method android.widget.TextView.getAutoSizeTextType, referenced from method b.b.p.z.getAutoSizeTextType
W/dalvikvm( 3583): VFY: unable to resolve virtual method 3028: Landroid/widget/TextView;.getAutoSizeTextType ()I
D/dalvikvm( 3583): VFY: replacing opcode 0x6f at 0x0005
I/dalvikvm( 3583): Could not find method android.widget.TextView.getTextClassifier, referenced from method b.b.p.z.getTextClassifier
W/dalvikvm( 3583): VFY: unable to resolve virtual method 3057: Landroid/widget/TextView;.getTextClassifier ()Landroid/view/textclassifier/TextClassifier;
D/dalvikvm( 3583): VFY: replacing opcode 0x6f at 0x0010
W/dalvikvm( 3583): VFY: unable to find class referenced in signature (Landroid/view/textclassifier/TextClassifier;)
W/dalvikvm( 3583): VFY: unable to find class referenced in signature (Landroid/view/textclassifier/TextClassifier;)
I/dalvikvm( 3583): Could not find method android.widget.TextView.setAutoSizeTextTypeUniformWithConfiguration, referenced from method b.b.p.z.setAutoSizeTextTypeUniformWithConfiguration
W/dalvikvm( 3583): VFY: unable to resolve virtual method 3086: Landroid/widget/TextView;.setAutoSizeTextTypeUniformWithConfiguration (IIII)V
D/dalvikvm( 3583): VFY: replacing opcode 0x6f at 0x0004
I/dalvikvm( 3583): Could not find method android.widget.TextView.setAutoSizeTextTypeUniformWithPresetSizes, referenced from method b.b.p.z.setAutoSizeTextTypeUniformWithPresetSizes
W/dalvikvm( 3583): VFY: unable to resolve virtual method 3087: Landroid/widget/TextView;.setAutoSizeTextTypeUniformWithPresetSizes ([II)V
D/dalvikvm( 3583): VFY: replacing opcode 0x6f at 0x0004
I/dalvikvm( 3583): Could not find method android.widget.TextView.setAutoSizeTextTypeWithDefaults, referenced from method b.b.p.z.setAutoSizeTextTypeWithDefaults
W/dalvikvm( 3583): VFY: unable to resolve virtual method 3088: Landroid/widget/TextView;.setAutoSizeTextTypeWithDefaults (I)V
D/dalvikvm( 3583): VFY: replacing opcode 0x6f at 0x0004
I/dalvikvm( 3583): Could not find method android.widget.TextView.setFirstBaselineToTopHeight, referenced from method b.b.p.z.setFirstBaselineToTopHeight
W/dalvikvm( 3583): VFY: unable to resolve virtual method 3102: Landroid/widget/TextView;.setFirstBaselineToTopHeight (I)V
D/dalvikvm( 3583): VFY: replacing opcode 0x6f at 0x0006
I/dalvikvm( 3583): Could not find method android.widget.TextView.setLastBaselineToBottomHeight, referenced from method b.b.p.z.setLastBaselineToBottomHeight
W/dalvikvm( 3583): VFY: unable to resolve virtual method 3107: Landroid/widget/TextView;.setLastBaselineToBottomHeight (I)V
D/dalvikvm( 3583): VFY: replacing opcode 0x6f at 0x0006
W/dalvikvm( 3583): VFY: unable to find class referenced in signature (Landroid/view/textclassifier/TextClassifier;)
I/dalvikvm( 3583): Could not find method android.widget.TextView.setTextClassifier, referenced from method b.b.p.z.setTextClassifier
W/dalvikvm( 3583): VFY: unable to resolve virtual method 3121: Landroid/widget/TextView;.setTextClassifier (Landroid/view/textclassifier/TextClassifier;)V
D/dalvikvm( 3583): VFY: replacing opcode 0x6f at 0x000e
I/dalvikvm( 3583): Could not find method android.widget.TextView.setBreakStrategy, referenced from method b.b.p.z.setTextMetricsParamsCompat
W/dalvikvm( 3583): VFY: unable to resolve virtual method 3091: Landroid/widget/TextView;.setBreakStrategy (I)V
D/dalvikvm( 3583): VFY: replacing opcode 0x6e at 0x006f
I/dalvikvm( 3583): Could not find method android.widget.TextView.setFontVariationSettings, referenced from method b.b.p.y.a
W/dalvikvm( 3583): VFY: unable to resolve virtual method 3103: Landroid/widget/TextView;.setFontVariationSettings (Ljava/lang/String;)Z
D/dalvikvm( 3583): VFY: replacing opcode 0x6e at 0x006c
I/dalvikvm( 3583): Could not find method android.graphics.Typeface.create, referenced from method b.b.p.y.a
W/dalvikvm( 3583): VFY: unable to resolve static method 798: Landroid/graphics/Typeface;.create (Landroid/graphics/Typeface;IZ)Landroid/graphics/Typeface;
D/dalvikvm( 3583): VFY: replacing opcode 0x71 at 0x0095
I/dalvikvm( 3583): Could not find method android.graphics.Typeface.create, referenced from method b.b.p.y.a
W/dalvikvm( 3583): VFY: unable to resolve static method 798: Landroid/graphics/Typeface;.create (Landroid/graphics/Typeface;IZ)Landroid/graphics/Typeface;
D/dalvikvm( 3583): VFY: replacing opcode 0x71 at 0x00c4
I/dalvikvm( 3583): Could not find method android.widget.TextView.setFontVariationSettings, referenced from method b.b.p.y.a
W/dalvikvm( 3583): VFY: unable to resolve virtual method 3103: Landroid/widget/TextView;.setFontVariationSettings (Ljava/lang/String;)Z
D/dalvikvm( 3583): VFY: replacing opcode 0x6e at 0x020b
I/dalvikvm( 3583): Could not find method android.os.LocaleList.forLanguageTags, referenced from method b.b.p.y.a
W/dalvikvm( 3583): VFY: unable to resolve static method 1061: Landroid/os/LocaleList;.forLanguageTags (Ljava/lang/String;)Landroid/os/LocaleList;
D/dalvikvm( 3583): VFY: replacing opcode 0x71 at 0x0218
I/dalvikvm( 3583): Could not find method java.util.Locale.forLanguageTag, referenced from method b.b.p.y.a
W/dalvikvm( 3583): VFY: unable to resolve static method 11599: Ljava/util/Locale;.forLanguageTag (Ljava/lang/String;)Ljava/util/Locale;
D/dalvikvm( 3583): VFY: replacing opcode 0x71 at 0x0231
I/dalvikvm( 3583): Could not find method android.widget.TextView.getAutoSizeStepGranularity, referenced from method b.b.p.y.a
W/dalvikvm( 3583): VFY: unable to resolve virtual method 3026: Landroid/widget/TextView;.getAutoSizeStepGranularity ()I
D/dalvikvm( 3583): VFY: replacing opcode 0x6e at 0x0315
I/dalvikvm( 3583): Could not find method android.widget.TextView.setCompoundDrawableTintList, referenced from method b.b.p.y.a
W/dalvikvm( 3583): VFY: unable to resolve virtual method 3092: Landroid/widget/TextView;.setCompoundDrawableTintList (Landroid/content/res/ColorStateList;)V
D/dalvikvm( 3583): VFY: replacing opcode 0x6e at 0x043d
I/dalvikvm( 3583): Could not find method android.widget.TextView.setCompoundDrawableTintMode, referenced from method b.b.p.y.a
W/dalvikvm( 3583): VFY: unable to resolve virtual method 3093: Landroid/widget/TextView;.setCompoundDrawableTintMode (Landroid/graphics/PorterDuff$Mode;)V
D/dalvikvm( 3583): VFY: replacing opcode 0x6e at 0x046b
I/dalvikvm( 3583): Could not find method android.text.StaticLayout$Builder.obtain, referenced from method b.b.p.a0.a
W/dalvikvm( 3583): VFY: unable to resolve static method 1241: Landroid/text/StaticLayout$Builder;.obtain (Ljava/lang/CharSequence;IILandroid/text/TextPaint;I)Landroid/text/StaticLayout$Builder;
D/dalvikvm( 3583): VFY: replacing opcode 0x71 at 0x0075
I/dalvikvm( 3583): Could not find method android.widget.TextView.isHorizontallyScrollable, referenced from method b.b.p.a0.a
W/dalvikvm( 3583): VFY: unable to resolve virtual method 3071: Landroid/widget/TextView;.isHorizontallyScrollable ()Z
D/dalvikvm( 3583): VFY: replacing opcode 0x6e at 0x0030
E/dalvikvm( 3583): Could not find class 'android.view.textclassifier.TextClassificationManager', referenced from method b.b.p.x.a
W/dalvikvm( 3583): VFY: unable to resolve const-class 363 (Landroid/view/textclassifier/TextClassificationManager;) in Lb/b/p/x;
D/dalvikvm( 3583): VFY: replacing opcode 0x1c at 0x000a
W/dalvikvm( 3583): VFY: unable to find class referenced in signature (Landroid/view/textclassifier/TextClassifier;)
I/System.out( 3583): invoked get_data_from_memory method
I/System.out( 3583): sp_active = false
I/System.out( 3583): invoked get_data_from_memory 2nd method
I/System.out( 3583): is_game_won = false
I/System.out( 3583): MainActivity: is_sp_active = false
E/cutils-trace( 1147): Error opening trace file: Permission denied (13)
D/dalvikvm( 3583): GC_FOR_ALLOC freed 208K, 8% free 3465K/3748K, paused 2ms, total 3ms
I/dalvikvm-heap( 3583): Grow heap (frag case) to 32.166MB for 30105612-byte allocation
D/dalvikvm( 3583): GC_FOR_ALLOC freed 1K, 1% free 32864K/33152K, paused 4ms, total 4ms
D/dalvikvm( 3583): GC_CONCURRENT freed 2K, 1% free 32862K/33152K, paused 1ms+0ms, total 3ms
I/dalvikvm( 3583): Could not find method android.view.ViewGroup.isTransitionGroup, referenced from method b.k.d.l0.a
W/dalvikvm( 3583): VFY: unable to resolve virtual method 1882: Landroid/view/ViewGroup;.isTransitionGroup ()Z
D/dalvikvm( 3583): VFY: replacing opcode 0x6e at 0x0013
E/MediaPlayer( 3583): Should have subtitle controller already set
D/        ( 3583): HostConnection::get() New Host Connection established 0xb8b91450, tid 3583
D/EGL_emulation( 3583): eglCreateContext: 0xb8b8fdf0: maj 3 min 0 rcv 3
D/gralloc_ranchu( 1144): gralloc_alloc: Creating ashmem region of size 8294400
D/EGL_emulation( 3583): eglMakeCurrent: 0xb8b8fdf0: ver 3 0
E/eglCodecCommon( 3583): glUtilsParamSize: unknow param 0x00008cdf
E/eglCodecCommon( 3583): glUtilsParamSize: unknow param 0x00008824
E/EGL_emulation( 3583): tid 3583: eglSurfaceAttrib(1199): error 0x3009 (EGL_BAD_MATCH)
W/HardwareRenderer( 3583): Backbuffer cannot be preserved
D/OpenGLRenderer( 3583): Enabling debug mode 0
I/dalvikvm( 3583): Could not find method android.view.ViewConfiguration.getScaledHoverSlop, referenced from method b.h.l.s.a
W/dalvikvm( 3583): VFY: unable to resolve virtual method 1773: Landroid/view/ViewConfiguration;.getScaledHoverSlop ()I
D/dalvikvm( 3583): VFY: replacing opcode 0x6e at 0x0006
I/dalvikvm( 3583): Could not find method android.view.ViewConfiguration.getScaledHorizontalScrollFactor, referenced from method b.h.l.s.b
W/dalvikvm( 3583): VFY: unable to resolve virtual method 1772: Landroid/view/ViewConfiguration;.getScaledHorizontalScrollFactor ()F
D/dalvikvm( 3583): VFY: replacing opcode 0x6e at 0x0006
I/dalvikvm( 3583): Could not find method android.view.ViewConfiguration.shouldShowMenuShortcutsWhenKeyboardPresent, referenced from method b.h.l.s.c
W/dalvikvm( 3583): VFY: unable to resolve virtual method 1782: Landroid/view/ViewConfiguration;.shouldShowMenuShortcutsWhenKeyboardPresent ()Z
D/dalvikvm( 3583): VFY: replacing opcode 0x6e at 0x0006
I/dalvikvm( 3583): Could not find method android.view.MenuItem.setContentDescription, referenced from method b.b.o.f$b.a
W/dalvikvm( 3583): VFY: unable to resolve interface method 1496: Landroid/view/MenuItem;.setContentDescription (Ljava/lang/CharSequence;)Landroid/view/MenuItem;
D/dalvikvm( 3583): VFY: replacing opcode 0x72 at 0x0101
I/dalvikvm( 3583): Could not find method android.view.MenuItem.setTooltipText, referenced from method b.b.o.f$b.a
W/dalvikvm( 3583): VFY: unable to resolve interface method 1512: Landroid/view/MenuItem;.setTooltipText (Ljava/lang/CharSequence;)Landroid/view/MenuItem;
D/dalvikvm( 3583): VFY: replacing opcode 0x72 at 0x0113
I/dalvikvm( 3583): Could not find method android.view.MenuItem.setAlphabeticShortcut, referenced from method b.b.o.f$b.a
W/dalvikvm( 3583): VFY: unable to resolve interface method 1493: Landroid/view/MenuItem;.setAlphabeticShortcut (CI)Landroid/view/MenuItem;
D/dalvikvm( 3583): VFY: replacing opcode 0x72 at 0x0127
I/dalvikvm( 3583): Could not find method android.view.MenuItem.setNumericShortcut, referenced from method b.b.o.f$b.a
W/dalvikvm( 3583): VFY: unable to resolve interface method 1504: Landroid/view/MenuItem;.setNumericShortcut (CI)Landroid/view/MenuItem;
D/dalvikvm( 3583): VFY: replacing opcode 0x72 at 0x013b
I/dalvikvm( 3583): Could not find method android.view.MenuItem.setIconTintMode, referenced from method b.b.o.f$b.a
W/dalvikvm( 3583): VFY: unable to resolve interface method 1501: Landroid/view/MenuItem;.setIconTintMode (Landroid/graphics/PorterDuff$Mode;)Landroid/view/MenuItem;
D/dalvikvm( 3583): VFY: replacing opcode 0x72 at 0x014f
I/dalvikvm( 3583): Could not find method android.view.MenuItem.setIconTintList, referenced from method b.b.o.f$b.a
W/dalvikvm( 3583): VFY: unable to resolve interface method 1500: Landroid/view/MenuItem;.setIconTintList (Landroid/content/res/ColorStateList;)Landroid/view/MenuItem;
D/dalvikvm( 3583): VFY: replacing opcode 0x72 at 0x0162
D/        ( 1144): HostConnection::get() New Host Connection established 0xb8dfa400, tid 2784
E/dalvikvm( 3583): Could not find class 'android.support.v4.app.FragmentActivity', referenced from method a.a.a.ag.c
W/dalvikvm( 3583): VFY: unable to resolve check-cast 122 (Landroid/support/v4/app/FragmentActivity;) in La/a/a/ag;
D/dalvikvm( 3583): VFY: replacing opcode 0x1f at 0x0008
I/dalvikvm( 3583): Could not find method android.support.v4.app.FragmentActivity.getSupportFragmentManager, referenced from method a.a.a.ag.c
W/dalvikvm( 3583): VFY: unable to resolve virtual method 750: Landroid/support/v4/app/FragmentActivity;.getSupportFragmentManager ()Landroid/support/v4/app/FragmentManager;
D/dalvikvm( 3583): VFY: replacing opcode 0x6e at 0x000e
I/dalvikvm( 3583): Could not find method android.support.v4.app.FragmentActivity.getSupportFragmentManager, referenced from method a.a.a.ag.c
W/dalvikvm( 3583): VFY: unable to resolve virtual method 750: Landroid/support/v4/app/FragmentActivity;.getSupportFragmentManager ()Landroid/support/v4/app/FragmentManager;
D/dalvikvm( 3583): VFY: replacing opcode 0x6e at 0x001a
W/dalvikvm( 3583): VFY: unable to find class referenced in signature (Landroid/support/v4/app/Fragment;)
W/dalvikvm( 3583): VFY: unable to find class referenced in signature (Landroid/support/v4/app/Fragment;)
I/ActivityManager( 1571): Displayed ml.vivekthazhathattil.chalachithram/.MainActivity: +954ms
D/EGL_emulation( 1964): eglMakeCurrent: 0xb8c10ac0: ver 3 0
D/gralloc_ranchu( 1144): gralloc_alloc: Creating ashmem region of size 8294400
D/        ( 1571): HostConnection::get() New Host Connection established 0xb8dae0f0, tid 1590
D/gralloc_ranchu( 1144): gralloc_alloc: Creating ashmem region of size 8294400
D/gralloc_ranchu( 1144): gralloc_alloc: Creating ashmem region of size 8294400
I/AndroidRipper( 3583): [RipperTestCase] Ready to operate after restarting...
I/Vision  ( 2173): Requesting optional module download of ocr.
I/Vision  ( 2173): Checking for download completion for 127156 -- ocr
I/ChimeraConfigurator( 2173): Starting update, reason: 4 urgentFeatures: vision.ocr:-1
E/ConfigFileUtils( 2173): Failed to read config file: /data/data/com.google.android.gms/app_chimera/next_container.pb: open failed: ENOENT (No such file or directory)
I/ChmraDebugLogger( 2173): [73] 1801
I/ChmraDebugLogger( 2173): [30] [VisionOcr.optional:202414000700] permitMetered=true,
W/ChimeraConfigService( 2173): Retry attempt was throttled.
W/ActivityManager( 1571): Unable to start service Intent { act=com.google.android.gms.drive.ApiService.RESET_AFTER_BOOT flg=0x4 cmp=com.google.android.gms/.drive.api.ApiService (has extras) } U=0: not found
I/Vision  ( 2173): Requesting optional module download of ocr.
I/Vision  ( 2173): Checking for download completion for 137166 -- ocr
E/SoundPool( 1571): error loading /system/media/audio/ui/Effect_Tick.ogg
W/AudioService( 1571): Soundpool could not load file: /system/media/audio/ui/Effect_Tick.ogg
E/SoundPool( 1571): error loading /system/media/audio/ui/Effect_Tick.ogg
W/AudioService( 1571): Soundpool could not load file: /system/media/audio/ui/Effect_Tick.ogg
E/SoundPool( 1571): error loading /system/media/audio/ui/Effect_Tick.ogg
W/AudioService( 1571): Soundpool could not load file: /system/media/audio/ui/Effect_Tick.ogg
E/SoundPool( 1571): error loading /system/media/audio/ui/Effect_Tick.ogg
W/AudioService( 1571): Soundpool could not load file: /system/media/audio/ui/Effect_Tick.ogg
E/SoundPool( 1571): error loading /system/media/audio/ui/Effect_Tick.ogg
W/AudioService( 1571): Soundpool could not load file: /system/media/audio/ui/Effect_Tick.ogg
E/SoundPool( 1571): error loading /system/media/audio/ui/KeypressStandard.ogg
W/AudioService( 1571): Soundpool could not load file: /system/media/audio/ui/KeypressStandard.ogg
E/SoundPool( 1571): error loading /system/media/audio/ui/KeypressSpacebar.ogg
W/AudioService( 1571): Soundpool could not load file: /system/media/audio/ui/KeypressSpacebar.ogg
E/SoundPool( 1571): error loading /system/media/audio/ui/KeypressDelete.ogg
W/AudioService( 1571): Soundpool could not load file: /system/media/audio/ui/KeypressDelete.ogg
E/SoundPool( 1571): error loading /system/media/audio/ui/KeypressReturn.ogg
W/AudioService( 1571): Soundpool could not load file: /system/media/audio/ui/KeypressReturn.ogg
E/SoundPool( 1571): error loading /system/media/audio/ui/KeypressInvalid.ogg
W/AudioService( 1571): Soundpool could not load file: /system/media/audio/ui/KeypressInvalid.ogg
W/AudioService( 1571): onLoadSoundEffects(), Error -1 while loading samples
E/SoundPool( 1571): error loading /system/media/audio/ui/Effect_Tick.ogg
W/AudioService( 1571): Soundpool could not load file: /system/media/audio/ui/Effect_Tick.ogg
E/SoundPool( 1571): error loading /system/media/audio/ui/Effect_Tick.ogg
W/AudioService( 1571): Soundpool could not load file: /system/media/audio/ui/Effect_Tick.ogg
E/SoundPool( 1571): error loading /system/media/audio/ui/Effect_Tick.ogg
W/AudioService( 1571): Soundpool could not load file: /system/media/audio/ui/Effect_Tick.ogg
E/SoundPool( 1571): error loading /system/media/audio/ui/Effect_Tick.ogg
W/AudioService( 1571): Soundpool could not load file: /system/media/audio/ui/Effect_Tick.ogg
E/SoundPool( 1571): error loading /system/media/audio/ui/Effect_Tick.ogg
W/AudioService( 1571): Soundpool could not load file: /system/media/audio/ui/Effect_Tick.ogg
E/SoundPool( 1571): error loading /system/media/audio/ui/KeypressStandard.ogg
W/AudioService( 1571): Soundpool could not load file: /system/media/audio/ui/KeypressStandard.ogg
E/SoundPool( 1571): error loading /system/media/audio/ui/KeypressSpacebar.ogg
W/AudioService( 1571): Soundpool could not load file: /system/media/audio/ui/KeypressSpacebar.ogg
E/SoundPool( 1571): error loading /system/media/audio/ui/KeypressDelete.ogg
W/AudioService( 1571): Soundpool could not load file: /system/media/audio/ui/KeypressDelete.ogg
E/SoundPool( 1571): error loading /system/media/audio/ui/KeypressReturn.ogg
W/AudioService( 1571): Soundpool could not load file: /system/media/audio/ui/KeypressReturn.ogg
E/SoundPool( 1571): error loading /system/media/audio/ui/KeypressInvalid.ogg
W/AudioService( 1571): Soundpool could not load file: /system/media/audio/ui/KeypressInvalid.ogg
W/AudioService( 1571): onLoadSoundEffects(), Error -1 while loading samples
D/dalvikvm( 3583): GC_FOR_ALLOC freed 141K, 1% free 32993K/33212K, paused 3ms, total 3ms
I/dalvikvm-heap( 3583): Grow heap (frag case) to 48.440MB for 16934412-byte allocation
D/dalvikvm( 3583): GC_FOR_ALLOC freed 3K, 1% free 49527K/49752K, paused 2ms, total 2ms
I/System.out( 3583): invoked get_data_from_memory 3rd method
I/System.out( 3583): is_music_on = true
D/AudioSink( 1147): bufferCount (4) is too small and increased to 12
V/        ( 3503): ready
V/RipperService( 3503): PING
V/AndroidRipperService( 3503): mHandler.handleMessage() RECIVED
V/AndroidRipperService( 3503): broadcast()
I/AndroidRipper( 3583): Recived message: PING
V/AndroidRipperService( 3503): send()
V/AndroidRipperService( 3503): broadcast() done
V/        ( 3503): ready
V/RipperService( 3503): PING
V/AndroidRipperService( 3503): mHandler.handleMessage() RECIVED
V/AndroidRipperService( 3503): broadcast()
I/AndroidRipper( 3583): Recived message: PING
V/AndroidRipperService( 3503): send()
V/AndroidRipperService( 3503): broadcast() done
V/        ( 3503): ready
D/dalvikvm( 1571): GC_FOR_ALLOC freed 660K, 40% free 9272K/15348K, paused 10ms, total 10ms
D/dalvikvm( 3503): GC_FOR_ALLOC freed 418K, 14% free 3087K/3580K, paused 4ms, total 4ms
V/RipperService( 3503): DSC
V/AndroidRipperService( 3503): mHandler.handleMessage() RECIVED
V/AndroidRipperService( 3503): broadcast()
I/AndroidRipper( 3583): Recived message: DSC
V/AndroidRipperService( 3503): broadcast() done
V/        ( 3503): ready
I/ContentMaintenance( 2173): Internal cache bytes used: 0; limit: 39526809; download size: 0
I/RealtimeCacheCleanup( 2173): Beginning Realtime garbage collection.
I/RealtimeCacheCleanup( 2173): Finished Realtime garbage collection.
I/Vision  ( 2173): Requesting optional module download of ocr.
I/Vision  ( 2173): Checking for download completion for 147181 -- ocr
E/SoundPool( 1571): error loading /system/media/audio/ui/Effect_Tick.ogg
W/AudioService( 1571): Soundpool could not load file: /system/media/audio/ui/Effect_Tick.ogg
E/SoundPool( 1571): error loading /system/media/audio/ui/Effect_Tick.ogg
W/AudioService( 1571): Soundpool could not load file: /system/media/audio/ui/Effect_Tick.ogg
E/SoundPool( 1571): error loading /system/media/audio/ui/Effect_Tick.ogg
W/AudioService( 1571): Soundpool could not load file: /system/media/audio/ui/Effect_Tick.ogg
E/SoundPool( 1571): error loading /system/media/audio/ui/Effect_Tick.ogg
W/AudioService( 1571): Soundpool could not load file: /system/media/audio/ui/Effect_Tick.ogg
E/SoundPool( 1571): error loading /system/media/audio/ui/Effect_Tick.ogg
W/AudioService( 1571): Soundpool could not load file: /system/media/audio/ui/Effect_Tick.ogg
E/SoundPool( 1571): error loading /system/media/audio/ui/KeypressStandard.ogg
W/AudioService( 1571): Soundpool could not load file: /system/media/audio/ui/KeypressStandard.ogg
E/SoundPool( 1571): error loading /system/media/audio/ui/KeypressSpacebar.ogg
W/AudioService( 1571): Soundpool could not load file: /system/media/audio/ui/KeypressSpacebar.ogg
E/SoundPool( 1571): error loading /system/media/audio/ui/KeypressDelete.ogg
W/AudioService( 1571): Soundpool could not load file: /system/media/audio/ui/KeypressDelete.ogg
E/SoundPool( 1571): error loading /system/media/audio/ui/KeypressReturn.ogg
W/AudioService( 1571): Soundpool could not load file: /system/media/audio/ui/KeypressReturn.ogg
E/SoundPool( 1571): error loading /system/media/audio/ui/KeypressInvalid.ogg
W/AudioService( 1571): Soundpool could not load file: /system/media/audio/ui/KeypressInvalid.ogg
W/AudioService( 1571): onLoadSoundEffects(), Error -1 while loading samples
D/dalvikvm( 3583): GC_FOR_ALLOC freed 28K, 1% free 50217K/50376K, paused 3ms, total 3ms
I/dalvikvm-heap( 3583): Grow heap (frag case) to 65.261MB for 16934412-byte allocation
D/dalvikvm( 3583): GC_FOR_ALLOC freed 7K, 1% free 66747K/66916K, paused 3ms, total 3ms
I/dalvikvm( 3583): Could not find method android.widget.Button.getAutoSizeMaxTextSize, referenced from method b.b.p.f.getAutoSizeMaxTextSize
W/dalvikvm( 3583): VFY: unable to resolve virtual method 2244: Landroid/widget/Button;.getAutoSizeMaxTextSize ()I
D/dalvikvm( 3583): VFY: replacing opcode 0x6f at 0x0004
I/dalvikvm( 3583): Could not find method android.widget.Button.getAutoSizeMinTextSize, referenced from method b.b.p.f.getAutoSizeMinTextSize
W/dalvikvm( 3583): VFY: unable to resolve virtual method 2245: Landroid/widget/Button;.getAutoSizeMinTextSize ()I
D/dalvikvm( 3583): VFY: replacing opcode 0x6f at 0x0004
I/dalvikvm( 3583): Could not find method android.widget.Button.getAutoSizeStepGranularity, referenced from method b.b.p.f.getAutoSizeStepGranularity
W/dalvikvm( 3583): VFY: unable to resolve virtual method 2246: Landroid/widget/Button;.getAutoSizeStepGranularity ()I
D/dalvikvm( 3583): VFY: replacing opcode 0x6f at 0x0004
I/dalvikvm( 3583): Could not find method android.widget.Button.getAutoSizeTextAvailableSizes, referenced from method b.b.p.f.getAutoSizeTextAvailableSizes
W/dalvikvm( 3583): VFY: unable to resolve virtual method 2247: Landroid/widget/Button;.getAutoSizeTextAvailableSizes ()[I
D/dalvikvm( 3583): VFY: replacing opcode 0x6f at 0x0004
I/dalvikvm( 3583): Could not find method android.widget.Button.getAutoSizeTextType, referenced from method b.b.p.f.getAutoSizeTextType
W/dalvikvm( 3583): VFY: unable to resolve virtual method 2248: Landroid/widget/Button;.getAutoSizeTextType ()I
D/dalvikvm( 3583): VFY: replacing opcode 0x6f at 0x0005
I/dalvikvm( 3583): Could not find method android.widget.Button.setAutoSizeTextTypeUniformWithConfiguration, referenced from method b.b.p.f.setAutoSizeTextTypeUniformWithConfiguration
W/dalvikvm( 3583): VFY: unable to resolve virtual method 2279: Landroid/widget/Button;.setAutoSizeTextTypeUniformWithConfiguration (IIII)V
D/dalvikvm( 3583): VFY: replacing opcode 0x6f at 0x0004
I/dalvikvm( 3583): Could not find method android.widget.Button.setAutoSizeTextTypeUniformWithPresetSizes, referenced from method b.b.p.f.setAutoSizeTextTypeUniformWithPresetSizes
W/dalvikvm( 3583): VFY: unable to resolve virtual method 2280: Landroid/widget/Button;.setAutoSizeTextTypeUniformWithPresetSizes ([II)V
D/dalvikvm( 3583): VFY: replacing opcode 0x6f at 0x0004
I/dalvikvm( 3583): Could not find method android.widget.Button.setAutoSizeTextTypeWithDefaults, referenced from method b.b.p.f.setAutoSizeTextTypeWithDefaults
W/dalvikvm( 3583): VFY: unable to resolve virtual method 2281: Landroid/widget/Button;.setAutoSizeTextTypeWithDefaults (I)V
D/dalvikvm( 3583): VFY: replacing opcode 0x6f at 0x0004
D/AndroidRuntime( 3583): Shutting down VM
W/dalvikvm( 3583): threadid=1: thread exiting with uncaught exception (group=0x9cd00b20)
D/AndroidRuntime( 3572): Shutting down VM
D/jdwp    ( 3572): Got wake-up signal, bailing out of select
D/dalvikvm( 3572): Debugger has detached; object registry had 1 entries
E/AndroidRuntime( 3583): FATAL EXCEPTION: main
E/AndroidRuntime( 3583): Process: ml.vivekthazhathattil.chalachithram, PID: 3583
E/AndroidRuntime( 3583): android.view.InflateException: Binary XML file line #101: Error inflating class ImageButton
E/AndroidRuntime( 3583): 	at android.view.LayoutInflater.createViewFromTag(LayoutInflater.java:714)
E/AndroidRuntime( 3583): 	at android.view.LayoutInflater.rInflate(LayoutInflater.java:756)
E/AndroidRuntime( 3583): 	at android.view.LayoutInflater.inflate(LayoutInflater.java:492)
E/AndroidRuntime( 3583): 	at android.view.LayoutInflater.inflate(LayoutInflater.java:397)
E/AndroidRuntime( 3583): 	at ml.vivekthazhathattil.chalachithram.game_mode.a()
E/AndroidRuntime( 3583): 	at androidx.fragment.app.Fragment.b()
E/AndroidRuntime( 3583): 	at b.k.d.r.a(:88)
E/AndroidRuntime( 3583): 	at b.k.d.r.a()
E/AndroidRuntime( 3583): 	at b.k.d.r.a(:38)
E/AndroidRuntime( 3583): 	at b.k.d.r.c()
E/AndroidRuntime( 3583): 	at b.k.d.r.d()
E/AndroidRuntime( 3583): 	at b.k.d.r$d.run()
E/AndroidRuntime( 3583): 	at android.os.Handler.handleCallback(Handler.java:733)
E/AndroidRuntime( 3583): 	at android.os.Handler.dispatchMessage(Handler.java:95)
E/AndroidRuntime( 3583): 	at android.os.Looper.loop(Looper.java:136)
E/AndroidRuntime( 3583): 	at android.app.ActivityThread.main(ActivityThread.java:5017)
E/AndroidRuntime( 3583): 	at java.lang.reflect.Method.invokeNative(Native Method)
E/AndroidRuntime( 3583): 	at java.lang.reflect.Method.invoke(Method.java:515)
E/AndroidRuntime( 3583): 	at com.android.internal.os.ZygoteInit$MethodAndArgsCaller.run(ZygoteInit.java:779)
E/AndroidRuntime( 3583): 	at com.android.internal.os.ZygoteInit.main(ZygoteInit.java:595)
E/AndroidRuntime( 3583): 	at dalvik.system.NativeStart.main(Native Method)
E/AndroidRuntime( 3583): Caused by: android.content.res.Resources$NotFoundException: File res/drawable/abc_vector_test.xml from drawable resource ID #0x7f07005c
E/AndroidRuntime( 3583): 	at android.content.res.Resources.loadDrawable(Resources.java:2101)
E/AndroidRuntime( 3583): 	at android.content.res.TypedArray.getDrawable(TypedArray.java:602)
E/AndroidRuntime( 3583): 	at android.widget.ImageView.<init>(ImageView.java:129)
E/AndroidRuntime( 3583): 	at android.widget.ImageButton.<init>(ImageButton.java:87)
E/AndroidRuntime( 3583): 	at b.b.p.l.<init>()
E/AndroidRuntime( 3583): 	at b.b.p.l.<init>()
E/AndroidRuntime( 3583): 	at androidx.appcompat.app.AppCompatViewInflater.createImageButton()
E/AndroidRuntime( 3583): 	at androidx.appcompat.app.AppCompatViewInflater.createView()
E/AndroidRuntime( 3583): 	at b.b.k.k.onCreateView(:3)
E/AndroidRuntime( 3583): 	at android.view.LayoutInflater$FactoryMerger.onCreateView(LayoutInflater.java:172)
E/AndroidRuntime( 3583): 	at android.view.LayoutInflater.createViewFromTag(LayoutInflater.java:685)
E/AndroidRuntime( 3583): 	... 20 more
E/AndroidRuntime( 3583): Caused by: org.xmlpull.v1.XmlPullParserException: Binary XML file line #17: invalid drawable tag vector
E/AndroidRuntime( 3583): 	at android.graphics.drawable.Drawable.createFromXmlInner(Drawable.java:933)
E/AndroidRuntime( 3583): 	at android.graphics.drawable.Drawable.createFromXml(Drawable.java:877)
E/AndroidRuntime( 3583): 	at android.content.res.Resources.loadDrawable(Resources.java:2097)
E/AndroidRuntime( 3583): 	... 30 more
W/ActivityManager( 1571): Error in app ml.vivekthazhathattil.chalachithram running instrumentation ComponentInfo{it.unina.android.ripper/android.test.InstrumentationTestRunner}:
W/ActivityManager( 1571):   org.xmlpull.v1.XmlPullParserException
W/ActivityManager( 1571):   org.xmlpull.v1.XmlPullParserException: Binary XML file line #17: invalid drawable tag vector
I/ActivityManager( 1571): Force stopping ml.vivekthazhathattil.chalachithram appid=10061 user=0: finished inst
I/ActivityManager( 1571): Killing 3583:ml.vivekthazhathattil.chalachithram/u0a61 (adj 0): stop ml.vivekthazhathattil.chalachithram
W/ActivityManager( 1571): Force removing ActivityRecord{9da8b568 u0 ml.vivekthazhathattil.chalachithram/.MainActivity t5}: app died, no saved state
D/EGL_emulation( 1964): eglMakeCurrent: 0xb8c10ac0: ver 3 0
W/InputDispatcher( 1571): channel '9d3baf48 ml.vivekthazhathattil.chalachithram/ml.vivekthazhathattil.chalachithram.MainActivity (server)' ~ Consumer closed input channel or an error occurred.  events=0x9
E/InputDispatcher( 1571): channel '9d3baf48 ml.vivekthazhathattil.chalachithram/ml.vivekthazhathattil.chalachithram.MainActivity (server)' ~ Channel is unrecoverably broken and will be disposed!
W/InputDispatcher( 1571): Attempted to unregister already unregistered input channel '9d3baf48 ml.vivekthazhathattil.chalachithram/ml.vivekthazhathattil.chalachithram.MainActivity (server)'
I/WindowState( 1571): WIN DEATH: Window{9d3baf48 u0 ml.vivekthazhathattil.chalachithram/ml.vivekthazhathattil.chalachithram.MainActivity}
D/EGL_emulation( 1964): eglMakeCurrent: 0xb8c10ac0: ver 3 0
E/EGL_emulation( 1964): tid 1964: eglSurfaceAttrib(1199): error 0x3009 (EGL_BAD_MATCH)
W/HardwareRenderer( 1964): Backbuffer cannot be preserved
W/Binder  ( 1774): Caught a RuntimeException from the binder stub implementation.
W/Binder  ( 1774): java.lang.NullPointerException
W/Binder  ( 1774): 	at android.inputmethodservice.IInputMethodWrapper.setSessionEnabled(IInputMethodWrapper.java:280)
W/Binder  ( 1774): 	at com.android.internal.view.IInputMethod$Stub.onTransact(IInputMethod.java:129)
W/Binder  ( 1774): 	at android.os.Binder.execTransact(Binder.java:404)
W/Binder  ( 1774): 	at dalvik.system.NativeStart.run(Native Method)
W/InputMethodManagerService( 1571): Got RemoteException sending setActive(false) notification to pid 3583 uid 10061
D/dalvikvm( 1964): GC_FOR_ALLOC freed 8909K, 35% free 17889K/27272K, paused 2ms, total 2ms
I/dalvikvm-heap( 1964): Grow heap (frag case) to 24.661MB for 7464972-byte allocation
D/dalvikvm( 1964): GC_FOR_ALLOC freed 1K, 8% free 25178K/27272K, paused 5ms, total 5ms
D/dalvikvm( 1964): GC_FOR_ALLOC freed 20K, 8% free 25162K/27272K, paused 3ms, total 3ms
I/dalvikvm-heap( 1964): Grow heap (frag case) to 31.764MB for 7464972-byte allocation
D/dalvikvm( 1964): GC_FOR_ALLOC freed <1K, 7% free 32452K/34564K, paused 5ms, total 5ms
E/SoundPool( 1571): error loading /system/media/audio/ui/Effect_Tick.ogg
W/AudioService( 1571): Soundpool could not load file: /system/media/audio/ui/Effect_Tick.ogg
E/SoundPool( 1571): error loading /system/media/audio/ui/Effect_Tick.ogg
W/AudioService( 1571): Soundpool could not load file: /system/media/audio/ui/Effect_Tick.ogg
E/SoundPool( 1571): error loading /system/media/audio/ui/Effect_Tick.ogg
W/AudioService( 1571): Soundpool could not load file: /system/media/audio/ui/Effect_Tick.ogg
E/SoundPool( 1571): error loading /system/media/audio/ui/Effect_Tick.ogg
W/AudioService( 1571): Soundpool could not load file: /system/media/audio/ui/Effect_Tick.ogg
E/SoundPool( 1571): error loading /system/media/audio/ui/Effect_Tick.ogg
W/AudioService( 1571): Soundpool could not load file: /system/media/audio/ui/Effect_Tick.ogg
E/SoundPool( 1571): error loading /system/media/audio/ui/KeypressStandard.ogg
W/AudioService( 1571): Soundpool could not load file: /system/media/audio/ui/KeypressStandard.ogg
E/SoundPool( 1571): error loading /system/media/audio/ui/KeypressSpacebar.ogg
W/AudioService( 1571): Soundpool could not load file: /system/media/audio/ui/KeypressSpacebar.ogg
E/SoundPool( 1571): error loading /system/media/audio/ui/KeypressDelete.ogg
W/AudioService( 1571): Soundpool could not load file: /system/media/audio/ui/KeypressDelete.ogg
E/SoundPool( 1571): error loading /system/media/audio/ui/KeypressReturn.ogg
W/AudioService( 1571): Soundpool could not load file: /system/media/audio/ui/KeypressReturn.ogg
E/SoundPool( 1571): error loading /system/media/audio/ui/KeypressInvalid.ogg
W/AudioService( 1571): Soundpool could not load file: /system/media/audio/ui/KeypressInvalid.ogg
W/AudioService( 1571): onLoadSoundEffects(), Error -1 while loading samples
D/dalvikvm( 1964): GC_FOR_ALLOC freed 7294K, 28% free 25163K/34564K, paused 2ms, total 3ms
I/dalvikvm-heap( 1964): Grow heap (frag case) to 31.764MB for 7464972-byte allocation
D/dalvikvm( 1964): GC_FOR_ALLOC freed <1K, 7% free 32452K/34564K, paused 4ms, total 4ms
V/RipperService( 3503): DSC
V/AndroidRipperService( 3503): mHandler.handleMessage() RECIVED
V/AndroidRipperService( 3503): broadcast()
V/AndroidRipperService( 3503): broadcast() done
V/        ( 3503): ready
I/Vision  ( 2173): Requesting optional module download of ocr.
I/Vision  ( 2173): Checking for download completion for 157189 -- ocr
