D/Documents( 3185): Used cached roots for com.android.externalstorage.documents
D/Documents( 3185): Used cached roots for com.android.providers.media.documents
D/Documents( 3185): Update found 6 roots in 3ms
I/ActivityManager( 1569): Force stopping it.unina.android.ripper_service appid=10060 user=0: pkg removed
I/PackageManager( 1569): Adding preferred activity ComponentInfo{com.android.mms/com.android.mms.ui.ComposeMessageActivity} for user 0 :
D/dalvikvm( 1817): GC_FOR_ALLOC freed 470K, 18% free 3602K/4392K, paused 2ms, total 3ms
I/PackageManager( 1569):   Action: "android.intent.action.SENDTO"
I/PackageManager( 1569):   Category: "android.intent.category.DEFAULT"
I/PackageManager( 1569):   Scheme: "smsto"
I/PackageManager( 1569): Adding preferred activity ComponentInfo{com.android.mms/com.android.mms.ui.ComposeMessageActivity} for user 0 :
D/VoicemailCleanupService( 1846): Cleaning up data for package: it.unina.android.ripper_service
D/dalvikvm( 1569): GC_EXPLICIT freed 1414K, 47% free 8665K/16104K, paused 0ms+1ms, total 32ms
D/dalvikvm( 1569): WAIT_FOR_CONCURRENT_GC blocked 7ms
D/dalvikvm( 1569): WAIT_FOR_CONCURRENT_GC blocked 9ms
I/PackageManager( 1569):   Action: "android.intent.action.SENDTO"
I/PackageManager( 1569):   Category: "android.intent.category.DEFAULT"
I/PackageManager( 1569):   Scheme: "mms"
D/AndroidRuntime( 3643): Shutting down VM
D/dalvikvm( 3643): GC_CONCURRENT freed 92K, 15% free 549K/644K, paused 0ms+0ms, total 1ms
I/PackageManager( 1569): Adding preferred activity ComponentInfo{com.android.mms/com.android.mms.ui.ComposeMessageActivity} for user 0 :
D/dalvikvm( 1569): WAIT_FOR_CONCURRENT_GC blocked 13ms
I/PackageManager( 1569):   Action: "android.intent.action.SENDTO"
I/PackageManager( 1569):   Category: "android.intent.category.DEFAULT"
I/PackageManager( 1569):   Scheme: "mmsto"
D/BackupManagerService( 1569): Received broadcast Intent { act=android.intent.action.PACKAGE_REMOVED dat=package:it.unina.android.ripper_service flg=0x4000010 (has extras) }
I/PackageManager( 1569): Adding preferred activity ComponentInfo{com.android.mms/com.android.mms.ui.ComposeMessageActivity} for user 0 :
V/BackupManagerService( 1569): removePackageParticipantsLocked: uid=10060 #1
I/PackageManager( 1569):   Action: "android.intent.action.SENDTO"
I/PackageManager( 1569):   Category: "android.intent.category.DEFAULT"
I/PackageManager( 1569):   Scheme: "sms"
I/PackageManager( 1569): Adding preferred activity ComponentInfo{com.android.mms/com.android.mms.ui.ComposeMessageActivity} for user 0 :
D/dalvikvm( 1817): GC_FOR_ALLOC freed 398K, 17% free 3670K/4392K, paused 2ms, total 2ms
I/PackageManager( 1569):   Action: "android.intent.action.SENDTO"
I/PackageManager( 1569):   Category: "android.intent.category.DEFAULT"
I/PackageManager( 1569):   Scheme: "smsto"
I/PackageManager( 1569): Adding preferred activity ComponentInfo{com.android.mms/com.android.mms.ui.ComposeMessageActivity} for user 0 :
W/Launcher( 2250): setApplicationContext called twice! old=com.google.android.velvet.VelvetApplication@9d015a10 new=com.google.android.velvet.VelvetApplication@9d015a10
I/Fitness ( 1777): FitCleanupIntentOperation received Intent android.intent.action.PACKAGE_REMOVED [CONTEXT service_id=17 ]
W/ContextImpl( 3237): Calling a method in the system process without a qualified user: android.app.ContextImpl.startService:1479 android.content.ContextWrapper.startService:494 android.content.ContextWrapper.startService:494 com.android.keychain.KeyChainBroadcastReceiver.onReceive:12 android.app.ActivityThread.handleReceiver:2419 
I/Icing   ( 2089): doRemovePackageData it.unina.android.ripper_service
I/PackageManager( 1569):   Action: "android.intent.action.SENDTO"
I/PackageManager( 1569):   Category: "android.intent.category.DEFAULT"
I/PackageManager( 1569):   Scheme: "mms"
I/Icing.InternalIcingCorporaProvider( 2233): Updating corpora: A: it.unina.android.ripper_service, C: MAYBE
I/PackageManager( 1569): Adding preferred activity ComponentInfo{com.android.mms/com.android.mms.ui.ComposeMessageActivity} for user 0 :
I/PackageManager( 1569):   Action: "android.intent.action.SENDTO"
I/PackageManager( 1569):   Category: "android.intent.category.DEFAULT"
I/PackageManager( 1569):   Scheme: "mmsto"
I/PackageManager( 1569): Adding preferred activity ComponentInfo{com.android.mms/com.android.mms.ui.ComposeMessageActivity} for user 0 :
D/dalvikvm( 3185): GC_CONCURRENT freed 427K, 17% free 3076K/3692K, paused 0ms+0ms, total 2ms
I/Icing   ( 2089): IndexChimeraService.getServiceInterface callingPackage=com.google.android.googlequicksearchbox componentName=null serviceId=21
D/dalvikvm( 1867): GC_FOR_ALLOC freed 340K, 15% free 3569K/4164K, paused 4ms, total 4ms
W/Icing   ( 2089): No valid account for uploading user actions
I/Icing   ( 2089): Usage reports ok 0, Failed Usage reports 0, indexed 0, rejected 0
I/Icing   ( 2089): Indexing com.google.android.gms-apps from com.google.android.gms
I/Icing   ( 2089): Indexing com.google.android.googlequicksearchbox-applications from com.google.android.googlequicksearchbox
I/Icing   ( 2089): Indexing done com.google.android.gms-apps
I/Icing   ( 2089): Indexing com.google.android.gms-internal.3p:MobileApplication from com.google.android.gms
I/LatinIME:LogUtils( 1761): Dictionary info: dictionary = main:en ; version = 42 ; date = 1381226516
I/Icing   ( 2089): Indexing done com.google.android.googlequicksearchbox-applications
I/Icing   ( 2089): Indexing done com.google.android.gms-internal.3p:MobileApplication
I/DownloadManager( 1867): Download 9 starting
W/DownloadManager( 1867): Aborting request for download 9: TYPE_DISALLOWED_BY_REQUESTOR
I/DownloadManager( 1867): Download 9 finished with status WAITING_FOR_NETWORK
D/AndroidRuntime( 3672): 
D/AndroidRuntime( 3672): >>>>>> AndroidRuntime START com.android.internal.os.RuntimeInit <<<<<<
W/linker  ( 3672): libdvm.so has text relocations. This is wasting memory and is a security risk. Please fix.
D/AndroidRuntime( 3672): CheckJNI is ON
D/dalvikvm( 3672): Trying to load lib libjavacore.so 0x0
D/dalvikvm( 3672): Added shared lib libjavacore.so 0x0
D/dalvikvm( 3672): Trying to load lib libnativehelper.so 0x0
D/dalvikvm( 3672): Added shared lib libnativehelper.so 0x0
D/dalvikvm( 3672): No JNI_OnLoad found in libnativehelper.so 0x0, skipping init
D/dalvikvm( 3672): Note: class Landroid/app/ActivityManagerNative; has 179 unimplemented (abstract) methods
E/memtrack( 3672): Couldn't load memtrack module (No such file or directory)
E/android.os.Debug( 3672): failed to load memtrack module: -2
D/AndroidRuntime( 3672): Calling main entry com.android.commands.pm.Pm
W/ActivityManager( 1569): No content provider found for permission revoke: file:///data/local/tmp/AndroidRipperService.apk
W/ActivityManager( 1569): No content provider found for permission revoke: file:///data/local/tmp/AndroidRipperService.apk
I/PackageManager( 1569): Copying native libraries to /data/app-lib/vmdl1413134461
I/PackageParser( 1569): it.unina.android.ripper_service: compat added android.permission.WRITE_EXTERNAL_STORAGE android.permission.READ_PHONE_STATE
I/PackageManager( 1569): Running dexopt on: it.unina.android.ripper_service
W/linker  ( 3683): libdvm.so has text relocations. This is wasting memory and is a security risk. Please fix.
D/dalvikvm( 3683): DexOpt: load 4ms, verify+opt 20ms, 1117628 bytes
I/ActivityManager( 1569): Force stopping it.unina.android.ripper_service appid=10063 user=-1: update pkg
D/dalvikvm( 1569): GC_FOR_ALLOC freed 1497K, 47% free 8590K/16104K, paused 8ms, total 9ms
I/InputReader( 1569): Reconfiguring input devices.  changes=0x00000010
I/PackageManager( 1569):   Action: "android.intent.action.SENDTO"
I/PackageManager( 1569):   Category: "android.intent.category.DEFAULT"
I/PackageManager( 1569):   Scheme: "sms"
D/Documents( 3185): Used cached roots for com.android.providers.downloads.documents
D/Documents( 3185): Used cached roots for com.android.externalstorage.documents
D/Documents( 3185): Used cached roots for com.android.providers.media.documents
D/Documents( 3185): Update found 6 roots in 6ms
I/PackageManager( 1569): Adding preferred activity ComponentInfo{com.android.mms/com.android.mms.ui.ComposeMessageActivity} for user 0 :
D/dalvikvm( 1817): GC_FOR_ALLOC freed 470K, 18% free 3602K/4392K, paused 2ms, total 2ms
I/PackageManager( 1569):   Action: "android.intent.action.SENDTO"
I/PackageManager( 1569):   Category: "android.intent.category.DEFAULT"
I/PackageManager( 1569):   Scheme: "smsto"
I/PackageManager( 1569): Adding preferred activity ComponentInfo{com.android.mms/com.android.mms.ui.ComposeMessageActivity} for user 0 :
W/GCM     ( 1777): Unexpected forwarded intent: Intent { act=android.intent.action.PACKAGE_ADDED dat=package:it.unina.android.ripper_service flg=0x4000010 cmp=com.google.android.gms/.chimera.PersistentIntentOperationService (has extras) }
W/GCM     ( 1777): Unexpected forwarded intent: Intent { act=android.intent.action.PACKAGE_ADDED dat=package:it.unina.android.ripper_service flg=0x4000010 cmp=com.google.android.gms/.chimera.PersistentIntentOperationService (has extras) }
W/Launcher.Model( 2250): Nobody to tell about the new app.  Launcher is probably loading.
I/PackageManager( 1569):   Action: "android.intent.action.SENDTO"
I/PackageManager( 1569):   Category: "android.intent.category.DEFAULT"
I/PackageManager( 1569):   Scheme: "mms"
I/PackageManager( 1569): Adding preferred activity ComponentInfo{com.android.mms/com.android.mms.ui.ComposeMessageActivity} for user 0 :
I/Auth    ( 2089): [SupervisedAccountIntentOperation] onHandleIntent(): android.intent.action.PACKAGE_ADDED
I/ChromeSync( 2089): [Sync,SyncIntentOperation] Handling the intent: Intent { act=android.intent.action.PACKAGE_ADDED dat=package:it.unina.android.ripper_service flg=0x4000010 cmp=com.google.android.gms/.chimera.GmsIntentOperationService (has extras) }.
I/FontLog ( 2089): Package it.unina.android.ripper_service has no metadata [CONTEXT service_id=132 ]
E/GmsClient( 2089): unable to connect to service: com.google.android.gms.auth.key.retrieval.service.START on com.google.android.gms
W/ActivityManager( 1569): Unable to start service Intent { act=com.google.android.gms.auth.key.retrieval.service.START pkg=com.google.android.gms } U=0: not found
W/ActivityManager( 1569): Unbind failed: could not find connection for android.os.BinderProxy@9d35c030
I/PackageManager( 1569):   Action: "android.intent.action.SENDTO"
I/PackageManager( 1569):   Category: "android.intent.category.DEFAULT"
I/PackageManager( 1569):   Scheme: "mmsto"
I/Icing.InternalIcingCorporaProvider( 2233): Updating corpora: A: it.unina.android.ripper_service, C: MAYBE
I/PackageManager( 1569): Adding preferred activity ComponentInfo{com.android.mms/com.android.mms.ui.ComposeMessageActivity} for user 0 :
I/ChromeSync( 2089): [Persistence,AffiliationManager] One of affiliation or grouping data for android://KSmUCdTXmQS-j9D_O8l1jvyu41Pjn2mc5cb0Gvx1e9H1Aj4JCzHs_uTW26nbtH65K-YfijtBsQxGp-8R6k6HFg==@it.unina.android.ripper_service/ was not found. Marking affiliation data as stale...
I/PackageManager( 1569):   Action: "android.intent.action.SENDTO"
I/PackageManager( 1569):   Category: "android.intent.category.DEFAULT"
I/PackageManager( 1569):   Scheme: "sms"
D/BackupManagerService( 1569): Received broadcast Intent { act=android.intent.action.PACKAGE_ADDED dat=package:it.unina.android.ripper_service flg=0x4000010 (has extras) }
V/BackupManagerService( 1569): addPackageParticipantsLocked: #1
I/PackageManager( 1569): Adding preferred activity ComponentInfo{com.android.mms/com.android.mms.ui.ComposeMessageActivity} for user 0 :
D/dalvikvm( 1569): GC_EXPLICIT freed 1149K, 46% free 8775K/16104K, paused 3ms+5ms, total 78ms
D/AndroidRuntime( 3672): Shutting down VM
D/dalvikvm( 3672): GC_CONCURRENT freed 93K, 15% free 552K/648K, paused 0ms+0ms, total 0ms
D/dalvikvm( 1817): GC_FOR_ALLOC freed 398K, 17% free 3669K/4392K, paused 2ms, total 4ms
I/PackageManager( 1569):   Action: "android.intent.action.SENDTO"
I/PackageManager( 1569):   Category: "android.intent.category.DEFAULT"
I/PackageManager( 1569):   Scheme: "smsto"
I/PackageManager( 1569): Adding preferred activity ComponentInfo{com.android.mms/com.android.mms.ui.ComposeMessageActivity} for user 0 :
I/PackageManager( 1569):   Action: "android.intent.action.SENDTO"
I/PackageManager( 1569):   Category: "android.intent.category.DEFAULT"
I/PackageManager( 1569):   Scheme: "mms"
I/PackageManager( 1569): Adding preferred activity ComponentInfo{com.android.mms/com.android.mms.ui.ComposeMessageActivity} for user 0 :
I/PackageManager( 1569):   Action: "android.intent.action.SENDTO"
I/PackageManager( 1569):   Category: "android.intent.category.DEFAULT"
I/PackageManager( 1569):   Scheme: "mmsto"
I/PackageManager( 1569): Adding preferred activity ComponentInfo{com.android.mms/com.android.mms.ui.ComposeMessageActivity} for user 0 :
I/Icing   ( 2089): IndexChimeraService.getServiceInterface callingPackage=com.google.android.googlequicksearchbox componentName=null serviceId=21
W/Icing   ( 2089): No valid account for uploading user actions
I/Icing   ( 2089): Usage reports ok 0, Failed Usage reports 0, indexed 0, rejected 0
I/Icing   ( 2089): Indexing com.google.android.gms-apps from com.google.android.gms
I/Icing   ( 2089): Indexing com.google.android.gms-internal.3p:MobileApplication from com.google.android.gms
I/Icing   ( 2089): Indexing done com.google.android.gms-apps
D/dalvikvm( 2089): GC_FOR_ALLOC freed 2048K, 12% free 21520K/24316K, paused 19ms, total 19ms
I/Icing   ( 2089): Indexing done com.google.android.gms-internal.3p:MobileApplication
I/Icing   ( 2089): Indexing com.google.android.googlequicksearchbox-applications from com.google.android.googlequicksearchbox
I/Icing   ( 2089): Indexing done com.google.android.googlequicksearchbox-applications
D/AndroidRuntime( 3691): 
D/AndroidRuntime( 3691): >>>>>> AndroidRuntime START com.android.internal.os.RuntimeInit <<<<<<
W/linker  ( 3691): libdvm.so has text relocations. This is wasting memory and is a security risk. Please fix.
D/AndroidRuntime( 3691): CheckJNI is ON
D/dalvikvm( 3691): Trying to load lib libjavacore.so 0x0
D/dalvikvm( 3691): Added shared lib libjavacore.so 0x0
D/dalvikvm( 3691): Trying to load lib libnativehelper.so 0x0
D/dalvikvm( 3691): Added shared lib libnativehelper.so 0x0
D/dalvikvm( 3691): No JNI_OnLoad found in libnativehelper.so 0x0, skipping init
D/dalvikvm( 3691): Note: class Landroid/app/ActivityManagerNative; has 179 unimplemented (abstract) methods
E/memtrack( 3691): Couldn't load memtrack module (No such file or directory)
E/android.os.Debug( 3691): failed to load memtrack module: -2
D/AndroidRuntime( 3691): Calling main entry com.android.commands.pm.Pm
D/AndroidRuntime( 3691): Shutting down VM
D/dalvikvm( 3691): GC_CONCURRENT freed 92K, 15% free 547K/644K, paused 1ms+0ms, total 1ms
D/AndroidRuntime( 3702): 
D/AndroidRuntime( 3702): >>>>>> AndroidRuntime START com.android.internal.os.RuntimeInit <<<<<<
W/linker  ( 3702): libdvm.so has text relocations. This is wasting memory and is a security risk. Please fix.
D/AndroidRuntime( 3702): CheckJNI is ON
D/dalvikvm( 3702): Trying to load lib libjavacore.so 0x0
D/dalvikvm( 3702): Added shared lib libjavacore.so 0x0
D/dalvikvm( 3702): Trying to load lib libnativehelper.so 0x0
D/dalvikvm( 3702): Added shared lib libnativehelper.so 0x0
D/dalvikvm( 3702): No JNI_OnLoad found in libnativehelper.so 0x0, skipping init
D/dalvikvm( 3702): Note: class Landroid/app/ActivityManagerNative; has 179 unimplemented (abstract) methods
E/memtrack( 3702): Couldn't load memtrack module (No such file or directory)
E/android.os.Debug( 3702): failed to load memtrack module: -2
D/AndroidRuntime( 3702): Calling main entry com.android.commands.pm.Pm
D/AndroidRuntime( 3702): Shutting down VM
D/dalvikvm( 3702): GC_CONCURRENT freed 92K, 15% free 547K/644K, paused 0ms+0ms, total 1ms
D/AndroidRuntime( 3713): 
D/AndroidRuntime( 3713): >>>>>> AndroidRuntime START com.android.internal.os.RuntimeInit <<<<<<
W/linker  ( 3713): libdvm.so has text relocations. This is wasting memory and is a security risk. Please fix.
D/AndroidRuntime( 3713): CheckJNI is ON
D/dalvikvm( 3713): Trying to load lib libjavacore.so 0x0
D/dalvikvm( 3713): Added shared lib libjavacore.so 0x0
D/dalvikvm( 3713): Trying to load lib libnativehelper.so 0x0
D/dalvikvm( 3713): Added shared lib libnativehelper.so 0x0
D/dalvikvm( 3713): No JNI_OnLoad found in libnativehelper.so 0x0, skipping init
D/dalvikvm( 3713): Note: class Landroid/app/ActivityManagerNative; has 179 unimplemented (abstract) methods
E/memtrack( 3713): Couldn't load memtrack module (No such file or directory)
E/android.os.Debug( 3713): failed to load memtrack module: -2
D/AndroidRuntime( 3713): Calling main entry com.android.commands.am.Am
D/AndroidRuntime( 3713): Shutting down VM
D/dalvikvm( 3713): GC_CONCURRENT freed 93K, 15% free 575K/672K, paused 0ms+0ms, total 1ms
I/ActivityManager( 1569): Start proc it.unina.android.ripper_service:android_ripper_service_process for service it.unina.android.ripper_service/.AndroidRipperService: pid=3724 uid=10063 gids={50063, 3003, 1028, 1015}
V/AndroidRipperService( 3724): onCreate()
V/SERVER  ( 3724): Starting ServerSocket on PORT 18888
V/SERVER  ( 3724): Started ServerSocket on PORT 18888
V/SERVER  ( 3724): Ready to accept connections on port: 18888
W/ActivityManager( 1569): Unable to start service Intent { act=com.google.android.gms.drive.ApiService.RESET_AFTER_BOOT flg=0x4 cmp=com.google.android.gms/.drive.api.ApiService (has extras) } U=0: not found
D/AndroidRuntime( 3738): 
D/AndroidRuntime( 3738): >>>>>> AndroidRuntime START com.android.internal.os.RuntimeInit <<<<<<
W/linker  ( 3738): libdvm.so has text relocations. This is wasting memory and is a security risk. Please fix.
D/AndroidRuntime( 3738): CheckJNI is ON
D/dalvikvm( 3738): Trying to load lib libjavacore.so 0x0
D/dalvikvm( 3738): Added shared lib libjavacore.so 0x0
D/dalvikvm( 3738): Trying to load lib libnativehelper.so 0x0
D/dalvikvm( 3738): Added shared lib libnativehelper.so 0x0
D/dalvikvm( 3738): No JNI_OnLoad found in libnativehelper.so 0x0, skipping init
D/dalvikvm( 3738): Note: class Landroid/app/ActivityManagerNative; has 179 unimplemented (abstract) methods
E/memtrack( 3738): Couldn't load memtrack module (No such file or directory)
E/android.os.Debug( 3738): failed to load memtrack module: -2
D/AndroidRuntime( 3738): Calling main entry com.android.commands.input.Input
I/Input   ( 3738): injectKeyEvent: KeyEvent { action=ACTION_DOWN, keyCode=KEYCODE_MENU, scanCode=0, metaState=0, flags=0x0, repeatCount=0, eventTime=121989, downTime=121989, deviceId=-1, source=0x101 }
I/Input   ( 3738): injectKeyEvent: KeyEvent { action=ACTION_UP, keyCode=KEYCODE_MENU, scanCode=0, metaState=0, flags=0x0, repeatCount=0, eventTime=121989, downTime=121989, deviceId=-1, source=0x101 }
D/AndroidRuntime( 3738): Shutting down VM
E/SoundPool( 1569): error loading /system/media/audio/ui/Effect_Tick.ogg
W/AudioService( 1569): Soundpool could not load file: /system/media/audio/ui/Effect_Tick.ogg
E/SoundPool( 1569): error loading /system/media/audio/ui/Effect_Tick.ogg
W/AudioService( 1569): Soundpool could not load file: /system/media/audio/ui/Effect_Tick.ogg
E/SoundPool( 1569): error loading /system/media/audio/ui/Effect_Tick.ogg
W/AudioService( 1569): Soundpool could not load file: /system/media/audio/ui/Effect_Tick.ogg
E/SoundPool( 1569): error loading /system/media/audio/ui/Effect_Tick.ogg
W/AudioService( 1569): Soundpool could not load file: /system/media/audio/ui/Effect_Tick.ogg
E/SoundPool( 1569): error loading /system/media/audio/ui/Effect_Tick.ogg
W/AudioService( 1569): Soundpool could not load file: /system/media/audio/ui/Effect_Tick.ogg
E/SoundPool( 1569): error loading /system/media/audio/ui/KeypressStandard.ogg
W/AudioService( 1569): Soundpool could not load file: /system/media/audio/ui/KeypressStandard.ogg
E/SoundPool( 1569): error loading /system/media/audio/ui/KeypressSpacebar.ogg
W/AudioService( 1569): Soundpool could not load file: /system/media/audio/ui/KeypressSpacebar.ogg
E/SoundPool( 1569): error loading /system/media/audio/ui/KeypressDelete.ogg
W/AudioService( 1569): Soundpool could not load file: /system/media/audio/ui/KeypressDelete.ogg
E/SoundPool( 1569): error loading /system/media/audio/ui/KeypressReturn.ogg
W/AudioService( 1569): Soundpool could not load file: /system/media/audio/ui/KeypressReturn.ogg
E/SoundPool( 1569): error loading /system/media/audio/ui/KeypressInvalid.ogg
W/AudioService( 1569): Soundpool could not load file: /system/media/audio/ui/KeypressInvalid.ogg
W/AudioService( 1569): onLoadSoundEffects(), Error -1 while loading samples
D/dalvikvm( 3738): GC_CONCURRENT freed 96K, 15% free 554K/652K, paused 0ms+1ms, total 1ms
D/EGL_emulation( 1946): eglMakeCurrent: 0xb81db2f0: ver 3 0
E/EGL_emulation( 1946): tid 1946: eglSurfaceAttrib(1199): error 0x3009 (EGL_BAD_MATCH)
W/HardwareRenderer( 1946): Backbuffer cannot be preserved
D/AndroidRuntime( 3756): 
D/AndroidRuntime( 3756): >>>>>> AndroidRuntime START com.android.internal.os.RuntimeInit <<<<<<
W/linker  ( 3756): libdvm.so has text relocations. This is wasting memory and is a security risk. Please fix.
D/AndroidRuntime( 3756): CheckJNI is ON
D/dalvikvm( 3756): Trying to load lib libjavacore.so 0x0
D/dalvikvm( 3756): Added shared lib libjavacore.so 0x0
D/dalvikvm( 3756): Trying to load lib libnativehelper.so 0x0
D/dalvikvm( 3756): Added shared lib libnativehelper.so 0x0
D/dalvikvm( 3756): No JNI_OnLoad found in libnativehelper.so 0x0, skipping init
D/dalvikvm( 3756): Note: class Landroid/app/ActivityManagerNative; has 179 unimplemented (abstract) methods
E/memtrack( 3756): Couldn't load memtrack module (No such file or directory)
E/android.os.Debug( 3756): failed to load memtrack module: -2
D/AndroidRuntime( 3756): Calling main entry com.android.commands.pm.Pm
W/ActivityManager( 1569): No content provider found for permission revoke: file:///sdcard/aut.apk
W/ActivityManager( 1569): No content provider found for permission revoke: file:///sdcard/aut.apk
I/PackageManager( 1569): Copying native libraries to /data/app-lib/vmdl95402214
W/PackageParser( 1569): Unknown element under <manifest>: meta-data at /data/app/vmdl95402214.tmp Binary XML file line #23
D/dalvikvm( 1569): GC_FOR_ALLOC freed 1338K, 45% free 8887K/16104K, paused 8ms, total 8ms
D/dalvikvm( 1569): GC_FOR_ALLOC freed 1149K, 43% free 9216K/16104K, paused 7ms, total 7ms
D/dalvikvm( 1569): GC_FOR_ALLOC freed 1533K, 43% free 9240K/16104K, paused 6ms, total 6ms
D/dalvikvm( 1569): GC_FOR_ALLOC freed 1557K, 43% free 9250K/16104K, paused 6ms, total 6ms
D/dalvikvm( 1569): GC_FOR_ALLOC freed 1550K, 43% free 9262K/16104K, paused 7ms, total 7ms
I/PackageManager( 1569): Running dexopt on: de.reimardoeffinger.quickdic
W/linker  ( 3767): libdvm.so has text relocations. This is wasting memory and is a security risk. Please fix.
D/dalvikvm( 3767): DexOpt: load 12ms, verify+opt 49ms, 2073076 bytes
I/ActivityManager( 1569): Force stopping de.reimardoeffinger.quickdic appid=10064 user=-1: update pkg
D/dalvikvm( 1569): GC_FOR_ALLOC freed 1571K, 43% free 9264K/16104K, paused 8ms, total 8ms
W/Launcher.Model( 2250): Nobody to tell about the new app.  Launcher is probably loading.
D/Documents( 3185): Used cached roots for com.android.providers.downloads.documents
D/Documents( 3185): Used cached roots for com.android.externalstorage.documents
D/Documents( 3185): Used cached roots for com.android.providers.media.documents
D/Documents( 3185): Update found 6 roots in 6ms
I/InputReader( 1569): Reconfiguring input devices.  changes=0x00000010
I/PackageManager( 1569):   Action: "android.intent.action.SENDTO"
I/PackageManager( 1569):   Category: "android.intent.category.DEFAULT"
I/PackageManager( 1569):   Scheme: "sms"
D/BackupManagerService( 1569): Received broadcast Intent { act=android.intent.action.PACKAGE_ADDED dat=package:de.reimardoeffinger.quickdic flg=0x4000010 (has extras) }
I/PackageManager( 1569): Adding preferred activity ComponentInfo{com.android.mms/com.android.mms.ui.ComposeMessageActivity} for user 0 :
D/dalvikvm( 1817): GC_FOR_ALLOC freed 468K, 18% free 3601K/4392K, paused 2ms, total 3ms
V/BackupManagerService( 1569): addPackageParticipantsLocked: #1
I/PackageManager( 1569):   Action: "android.intent.action.SENDTO"
I/PackageManager( 1569):   Category: "android.intent.category.DEFAULT"
I/PackageManager( 1569):   Scheme: "smsto"
I/PackageManager( 1569):   Action: "android.intent.action.SENDTO"
I/PackageManager( 1569):   Category: "android.intent.category.DEFAULT"
I/PackageManager( 1569):   Scheme: "mms"
I/PackageManager( 1569): Adding preferred activity ComponentInfo{com.android.mms/com.android.mms.ui.ComposeMessageActivity} for user 0 :
I/PackageManager( 1569): Adding preferred activity ComponentInfo{com.android.mms/com.android.mms.ui.ComposeMessageActivity} for user 0 :
W/GCM     ( 1777): Unexpected forwarded intent: Intent { act=android.intent.action.PACKAGE_ADDED dat=package:de.reimardoeffinger.quickdic flg=0x4000010 cmp=com.google.android.gms/.chimera.PersistentIntentOperationService (has extras) }
W/GCM     ( 1777): Unexpected forwarded intent: Intent { act=android.intent.action.PACKAGE_ADDED dat=package:de.reimardoeffinger.quickdic flg=0x4000010 cmp=com.google.android.gms/.chimera.PersistentIntentOperationService (has extras) }
I/PackageManager( 1569):   Action: "android.intent.action.SENDTO"
I/PackageManager( 1569):   Category: "android.intent.category.DEFAULT"
I/PackageManager( 1569):   Scheme: "mmsto"
I/PackageManager( 1569): Adding preferred activity ComponentInfo{com.android.mms/com.android.mms.ui.ComposeMessageActivity} for user 0 :
I/ChromeSync( 2089): [Sync,SyncIntentOperation] Handling the intent: Intent { act=android.intent.action.PACKAGE_ADDED dat=package:de.reimardoeffinger.quickdic flg=0x4000010 cmp=com.google.android.gms/.chimera.GmsIntentOperationService (has extras) }.
E/GmsClient( 2089): unable to connect to service: com.google.android.gms.auth.key.retrieval.service.START on com.google.android.gms
I/Icing.InternalIcingCorporaProvider( 2233): Updating corpora: A: de.reimardoeffinger.quickdic, C: MAYBE
W/ActivityManager( 1569): Unable to start service Intent { act=com.google.android.gms.auth.key.retrieval.service.START pkg=com.google.android.gms } U=0: not found
W/ActivityManager( 1569): Unbind failed: could not find connection for android.os.BinderProxy@9d607ad0
I/Auth    ( 2089): [SupervisedAccountIntentOperation] onHandleIntent(): android.intent.action.PACKAGE_ADDED
I/PackageManager( 1569):   Action: "android.intent.action.SENDTO"
I/PackageManager( 1569):   Category: "android.intent.category.DEFAULT"
I/PackageManager( 1569):   Scheme: "sms"
I/PackageManager( 1569): Adding preferred activity ComponentInfo{com.android.mms/com.android.mms.ui.ComposeMessageActivity} for user 0 :
D/EGL_emulation( 1946): eglMakeCurrent: 0xb81db2f0: ver 3 0
D/dalvikvm( 1817): GC_FOR_ALLOC freed 398K, 17% free 3669K/4392K, paused 1ms, total 3ms
I/PackageManager( 1569):   Action: "android.intent.action.SENDTO"
I/PackageManager( 1569):   Category: "android.intent.category.DEFAULT"
I/PackageManager( 1569):   Scheme: "smsto"
I/PackageManager( 1569): Adding preferred activity ComponentInfo{com.android.mms/com.android.mms.ui.ComposeMessageActivity} for user 0 :
I/ChromeSync( 2089): [Persistence,AffiliationManager] One of affiliation or grouping data for android://KSmUCdTXmQS-j9D_O8l1jvyu41Pjn2mc5cb0Gvx1e9H1Aj4JCzHs_uTW26nbtH65K-YfijtBsQxGp-8R6k6HFg==@de.reimardoeffinger.quickdic/ was not found. Marking affiliation data as stale...
I/Icing   ( 2089): IndexChimeraService.getServiceInterface callingPackage=com.google.android.googlequicksearchbox componentName=null serviceId=21
D/dalvikvm( 1569): GC_EXPLICIT freed 2210K, 47% free 8626K/16104K, paused 0ms+2ms, total 94ms
D/dalvikvm( 1569): WAIT_FOR_CONCURRENT_GC blocked 9ms
D/dalvikvm( 1569): WAIT_FOR_CONCURRENT_GC blocked 6ms
D/dalvikvm( 1569): WAIT_FOR_CONCURRENT_GC blocked 6ms
D/dalvikvm( 1569): WAIT_FOR_CONCURRENT_GC blocked 3ms
D/dalvikvm( 1569): WAIT_FOR_CONCURRENT_GC blocked 10ms
D/dalvikvm( 1569): WAIT_FOR_CONCURRENT_GC blocked 7ms
D/dalvikvm( 1569): WAIT_FOR_CONCURRENT_GC blocked 7ms
D/dalvikvm( 1569): WAIT_FOR_CONCURRENT_GC blocked 6ms
D/AndroidRuntime( 3756): Shutting down VM
D/dalvikvm( 3756): GC_CONCURRENT freed 93K, 15% free 552K/648K, paused 0ms+0ms, total 0ms
I/PackageManager( 1569):   Action: "android.intent.action.SENDTO"
I/PackageManager( 1569):   Category: "android.intent.category.DEFAULT"
I/PackageManager( 1569):   Scheme: "mms"
I/PackageManager( 1569):   Action: "android.intent.action.SENDTO"
I/PackageManager( 1569):   Category: "android.intent.category.DEFAULT"
I/PackageManager( 1569):   Scheme: "mmsto"
I/PackageManager( 1569): Adding preferred activity ComponentInfo{com.android.mms/com.android.mms.ui.ComposeMessageActivity} for user 0 :
I/PackageManager( 1569): Adding preferred activity ComponentInfo{com.android.mms/com.android.mms.ui.ComposeMessageActivity} for user 0 :
W/Icing   ( 2089): No valid account for uploading user actions
I/Icing   ( 2089): Usage reports ok 0, Failed Usage reports 0, indexed 0, rejected 0
I/Icing   ( 2089): Indexing com.google.android.googlequicksearchbox-applications from com.google.android.googlequicksearchbox
I/Icing   ( 2089): Indexing com.google.android.gms-apps from com.google.android.gms
I/Icing   ( 2089): Indexing done com.google.android.googlequicksearchbox-applications
I/Icing   ( 2089): Indexing done com.google.android.gms-apps
I/Icing   ( 2089): Indexing com.google.android.gms-internal.3p:MobileApplication from com.google.android.gms
I/Icing   ( 2089): Indexing done com.google.android.gms-internal.3p:MobileApplication
D/AndroidRuntime( 3776): 
D/AndroidRuntime( 3776): >>>>>> AndroidRuntime START com.android.internal.os.RuntimeInit <<<<<<
W/linker  ( 3776): libdvm.so has text relocations. This is wasting memory and is a security risk. Please fix.
D/AndroidRuntime( 3776): CheckJNI is ON
D/dalvikvm( 3776): Trying to load lib libjavacore.so 0x0
D/dalvikvm( 3776): Added shared lib libjavacore.so 0x0
D/dalvikvm( 3776): Trying to load lib libnativehelper.so 0x0
D/dalvikvm( 3776): Added shared lib libnativehelper.so 0x0
D/dalvikvm( 3776): No JNI_OnLoad found in libnativehelper.so 0x0, skipping init
D/dalvikvm( 3776): Note: class Landroid/app/ActivityManagerNative; has 179 unimplemented (abstract) methods
E/memtrack( 3776): Couldn't load memtrack module (No such file or directory)
E/android.os.Debug( 3776): failed to load memtrack module: -2
D/AndroidRuntime( 3776): Calling main entry com.android.commands.pm.Pm
W/ActivityManager( 1569): No content provider found for permission revoke: file:///sdcard/ripper.apk
W/ActivityManager( 1569): No content provider found for permission revoke: file:///sdcard/ripper.apk
I/PackageManager( 1569): Copying native libraries to /data/app-lib/vmdl1704080888
I/PackageParser( 1569): it.unina.android.ripper: compat added android.permission.WRITE_EXTERNAL_STORAGE android.permission.READ_PHONE_STATE
I/PackageManager( 1569): Running dexopt on: it.unina.android.ripper
W/linker  ( 3787): libdvm.so has text relocations. This is wasting memory and is a security risk. Please fix.
D/EGL_emulation( 1946): eglMakeCurrent: 0xb81db2f0: ver 3 0
D/dalvikvm( 3787): DexOpt: load 2ms, verify+opt 24ms, 936700 bytes
I/ActivityManager( 1569): Force stopping it.unina.android.ripper appid=10065 user=-1: update pkg
W/Launcher.Model( 2250): Nobody to tell about the new app.  Launcher is probably loading.
I/InputReader( 1569): Reconfiguring input devices.  changes=0x00000010
D/Documents( 3185): Used cached roots for com.android.providers.downloads.documents
D/Documents( 3185): Used cached roots for com.android.externalstorage.documents
D/Documents( 3185): Used cached roots for com.android.providers.media.documents
D/Documents( 3185): Update found 6 roots in 2ms
I/PackageManager( 1569):   Action: "android.intent.action.SENDTO"
I/PackageManager( 1569):   Category: "android.intent.category.DEFAULT"
I/PackageManager( 1569):   Scheme: "sms"
I/PackageManager( 1569): Adding preferred activity ComponentInfo{com.android.mms/com.android.mms.ui.ComposeMessageActivity} for user 0 :
D/dalvikvm( 1817): GC_FOR_ALLOC freed 469K, 18% free 3602K/4392K, paused 1ms, total 1ms
D/BackupManagerService( 1569): Received broadcast Intent { act=android.intent.action.PACKAGE_ADDED dat=package:it.unina.android.ripper flg=0x4000010 (has extras) }
I/PackageManager( 1569):   Action: "android.intent.action.SENDTO"
I/PackageManager( 1569):   Category: "android.intent.category.DEFAULT"
I/PackageManager( 1569):   Scheme: "smsto"
W/GCM     ( 1777): Unexpected forwarded intent: Intent { act=android.intent.action.PACKAGE_ADDED dat=package:it.unina.android.ripper flg=0x4000010 cmp=com.google.android.gms/.chimera.PersistentIntentOperationService (has extras) }
W/GCM     ( 1777): Unexpected forwarded intent: Intent { act=android.intent.action.PACKAGE_ADDED dat=package:it.unina.android.ripper flg=0x4000010 cmp=com.google.android.gms/.chimera.PersistentIntentOperationService (has extras) }
V/BackupManagerService( 1569): addPackageParticipantsLocked: #1
I/PackageManager( 1569): Adding preferred activity ComponentInfo{com.android.mms/com.android.mms.ui.ComposeMessageActivity} for user 0 :
D/dalvikvm( 1569): GC_EXPLICIT freed 1366K, 47% free 8673K/16104K, paused 10ms+2ms, total 43ms
D/AndroidRuntime( 3776): Shutting down VM
D/dalvikvm( 3776): GC_CONCURRENT freed 93K, 15% free 552K/648K, paused 0ms+1ms, total 1ms
D/dalvikvm( 1569): WAIT_FOR_CONCURRENT_GC blocked 15ms
I/Icing.InternalIcingCorporaProvider( 2233): Updating corpora: A: it.unina.android.ripper, C: MAYBE
I/PackageManager( 1569):   Action: "android.intent.action.SENDTO"
I/PackageManager( 1569):   Category: "android.intent.category.DEFAULT"
I/PackageManager( 1569):   Scheme: "mms"
I/Auth    ( 2089): [SupervisedAccountIntentOperation] onHandleIntent(): android.intent.action.PACKAGE_ADDED
I/ChromeSync( 2089): [Sync,SyncIntentOperation] Handling the intent: Intent { act=android.intent.action.PACKAGE_ADDED dat=package:it.unina.android.ripper flg=0x4000010 cmp=com.google.android.gms/.chimera.GmsIntentOperationService (has extras) }.
I/PackageManager( 1569): Adding preferred activity ComponentInfo{com.android.mms/com.android.mms.ui.ComposeMessageActivity} for user 0 :
I/PackageManager( 1569):   Action: "android.intent.action.SENDTO"
I/PackageManager( 1569):   Category: "android.intent.category.DEFAULT"
I/PackageManager( 1569):   Scheme: "mmsto"
I/PackageManager( 1569): Adding preferred activity ComponentInfo{com.android.mms/com.android.mms.ui.ComposeMessageActivity} for user 0 :
I/FontLog ( 2089): Package it.unina.android.ripper has no metadata [CONTEXT service_id=132 ]
I/PackageManager( 1569):   Action: "android.intent.action.SENDTO"
I/PackageManager( 1569):   Category: "android.intent.category.DEFAULT"
I/PackageManager( 1569):   Scheme: "sms"
I/PackageManager( 1569): Adding preferred activity ComponentInfo{com.android.mms/com.android.mms.ui.ComposeMessageActivity} for user 0 :
I/Icing   ( 2089): IndexChimeraService.getServiceInterface callingPackage=com.google.android.googlequicksearchbox componentName=null serviceId=21
D/dalvikvm( 1817): GC_FOR_ALLOC freed 398K, 17% free 3669K/4392K, paused 4ms, total 4ms
I/PackageManager( 1569):   Action: "android.intent.action.SENDTO"
I/PackageManager( 1569):   Category: "android.intent.category.DEFAULT"
I/PackageManager( 1569):   Scheme: "smsto"
I/ChromeSync( 2089): [Persistence,AffiliationManager] One of affiliation or grouping data for android://KSmUCdTXmQS-j9D_O8l1jvyu41Pjn2mc5cb0Gvx1e9H1Aj4JCzHs_uTW26nbtH65K-YfijtBsQxGp-8R6k6HFg==@it.unina.android.ripper/ was not found. Marking affiliation data as stale...
W/Icing.InternalIcingCorporaProvider( 2233): Application table change notification failed.
I/PackageManager( 1569): Adding preferred activity ComponentInfo{com.android.mms/com.android.mms.ui.ComposeMessageActivity} for user 0 :
W/Icing   ( 2089): No valid account for uploading user actions
I/PackageManager( 1569):   Action: "android.intent.action.SENDTO"
I/PackageManager( 1569):   Category: "android.intent.category.DEFAULT"
I/PackageManager( 1569):   Scheme: "mms"
I/Icing   ( 2089): Usage reports ok 0, Failed Usage reports 0, indexed 0, rejected 0
I/PackageManager( 1569): Adding preferred activity ComponentInfo{com.android.mms/com.android.mms.ui.ComposeMessageActivity} for user 0 :
I/PackageManager( 1569):   Action: "android.intent.action.SENDTO"
I/PackageManager( 1569):   Category: "android.intent.category.DEFAULT"
I/PackageManager( 1569):   Scheme: "mmsto"
I/PackageManager( 1569): Adding preferred activity ComponentInfo{com.android.mms/com.android.mms.ui.ComposeMessageActivity} for user 0 :
I/Icing   ( 2089): Indexing com.google.android.gms-apps from com.google.android.gms
D/EGL_emulation( 1946): eglMakeCurrent: 0xb81db2f0: ver 3 0
D/dalvikvm( 2089): GC_FOR_ALLOC freed 2071K, 12% free 21496K/24316K, paused 33ms, total 33ms
I/Icing   ( 2089): Indexing done com.google.android.gms-apps
D/EGL_emulation( 1946): eglMakeCurrent: 0xb81db2f0: ver 3 0
D/AndroidRuntime( 3794): 
D/AndroidRuntime( 3794): >>>>>> AndroidRuntime START com.android.internal.os.RuntimeInit <<<<<<
W/linker  ( 3794): libdvm.so has text relocations. This is wasting memory and is a security risk. Please fix.
D/AndroidRuntime( 3794): CheckJNI is ON
D/dalvikvm( 3794): Trying to load lib libjavacore.so 0x0
D/dalvikvm( 3794): Added shared lib libjavacore.so 0x0
D/dalvikvm( 3794): Trying to load lib libnativehelper.so 0x0
D/dalvikvm( 3794): Added shared lib libnativehelper.so 0x0
D/dalvikvm( 3794): No JNI_OnLoad found in libnativehelper.so 0x0, skipping init
D/dalvikvm( 3794): Note: class Landroid/app/ActivityManagerNative; has 179 unimplemented (abstract) methods
E/memtrack( 3794): Couldn't load memtrack module (No such file or directory)
E/android.os.Debug( 3794): failed to load memtrack module: -2
D/AndroidRuntime( 3794): Calling main entry com.android.commands.am.Am
I/ActivityManager( 1569): Force stopping de.reimardoeffinger.quickdic appid=10064 user=0: start instr
I/ActivityManager( 1569): Start proc de.reimardoeffinger.quickdic for added application de.reimardoeffinger.quickdic: pid=3805 uid=10064 gids={50064, 3003, 1028, 1015}
D/dalvikvm( 1145): GC_EXPLICIT freed 40K, 8% free 2993K/3220K, paused 0ms+1ms, total 5ms
D/dalvikvm( 1145): GC_EXPLICIT freed <1K, 8% free 2993K/3220K, paused 0ms+0ms, total 2ms
I/MultiDex( 3805): VM with version 1.6.0 does not have multidex support
I/MultiDex( 3805): Installing application
I/MultiDex( 3805): MultiDexExtractor.load(/data/app/de.reimardoeffinger.quickdic-1.apk, false, )
I/MultiDex( 3805): Blocking on lock /data/data/de.reimardoeffinger.quickdic/code_cache/secondary-dexes/MultiDex.lock
I/MultiDex( 3805): /data/data/de.reimardoeffinger.quickdic/code_cache/secondary-dexes/MultiDex.lock locked
I/MultiDex( 3805): Detected that extraction must be performed.
D/dalvikvm( 1145): GC_EXPLICIT freed <1K, 8% free 2993K/3220K, paused 0ms+0ms, total 2ms
I/MultiDex( 3805): Extraction is needed for file /data/data/de.reimardoeffinger.quickdic/code_cache/secondary-dexes/de.reimardoeffinger.quickdic-1.apk.classes2.zip
I/MultiDex( 3805): Extracting /data/data/de.reimardoeffinger.quickdic/code_cache/secondary-dexes/tmp-de.reimardoeffinger.quickdic-1.apk.classes1123019749.zip
I/MultiDex( 3805): Renaming to /data/data/de.reimardoeffinger.quickdic/code_cache/secondary-dexes/de.reimardoeffinger.quickdic-1.apk.classes2.zip
I/MultiDex( 3805): Extraction succeeded - length /data/data/de.reimardoeffinger.quickdic/code_cache/secondary-dexes/de.reimardoeffinger.quickdic-1.apk.classes2.zip: 120032 - crc: 3139377640
D/dalvikvm( 3805): GC_CONCURRENT freed 205K, 12% free 3182K/3580K, paused 3ms+1ms, total 7ms
I/MultiDex( 3805): load found 1 secondary dex files
D/dalvikvm( 3805): DexOpt: --- BEGIN 'de.reimardoeffinger.quickdic-1.apk.classes2.zip' (bootstrap=0) ---
W/linker  ( 3820): libdvm.so has text relocations. This is wasting memory and is a security risk. Please fix.
D/dalvikvm( 3820): DexOpt: load 2ms, verify+opt 11ms, 550020 bytes
D/dalvikvm( 3805): DexOpt: --- END 'de.reimardoeffinger.quickdic-1.apk.classes2.zip' (success) ---
D/dalvikvm( 3805): DEX prep '/data/data/de.reimardoeffinger.quickdic/code_cache/secondary-dexes/de.reimardoeffinger.quickdic-1.apk.classes2.zip': unzip in 1ms, rewrite 27ms
I/MultiDex( 3805): install done
I/TestRunner( 3805): started: testApplication(it.unina.android.ripper.RipperTestCase)
V/AndroidRipperService( 3724): onBind()
V/AndroidRipperService( 3724): onBind()
V/AndroidRipperService( 3724): register()
I/ActivityManager( 1569): START u0 {act=android.intent.action.MAIN flg=0x10000000 cmp=de.reimardoeffinger.quickdic/com.hughes.android.dictionary.DictionaryManagerActivity} from pid 3805
D/dalvikvm( 1569): GC_FOR_ALLOC freed 1374K, 47% free 8597K/16104K, paused 8ms, total 8ms
I/dalvikvm( 3805): Could not find method b.a.a.a.c.a, referenced from method com.hughes.android.dictionary.b.d
W/dalvikvm( 3805): VFY: unable to resolve static method 10320: Lb/a/a/a/c;.a ()Lb/a/a/a/c;
D/dalvikvm( 3805): VFY: replacing opcode 0x71 at 0x0020
I/dalvikvm( 3805): Could not find method b.a.a.a.c.b, referenced from method com.hughes.android.dictionary.b.m
W/dalvikvm( 3805): VFY: unable to resolve static method 10321: Lb/a/a/a/c;.b (Landroid/content/Context;)Lb/a/a/a/c;
D/dalvikvm( 3805): VFY: replacing opcode 0x71 at 0x0031
I/dalvikvm( 3805): Could not find method b.a.a.a.c.a, referenced from method com.hughes.android.dictionary.b.o
W/dalvikvm( 3805): VFY: unable to resolve static method 10320: Lb/a/a/a/c;.a ()Lb/a/a/a/c;
D/dalvikvm( 3805): VFY: replacing opcode 0x71 at 0x0014
I/dalvikvm( 3805): Could not find method b.a.a.a.c.a, referenced from method com.hughes.android.dictionary.b.r
W/dalvikvm( 3805): VFY: unable to resolve static method 10320: Lb/a/a/a/c;.a ()Lb/a/a/a/c;
D/dalvikvm( 3805): VFY: replacing opcode 0x71 at 0x000a
D/QuickDic( 3805): Application: onCreate
I/System.out( 3805): Starting Transliterator load.
D/gralloc_ranchu( 1144): gralloc_alloc: Creating ashmem region of size 7753728
D/AndroidRuntime( 3805): Shutting down VM
W/dalvikvm( 3805): threadid=1: thread exiting with uncaught exception (group=0x9ccfdb20)
D/dalvikvm( 3805): GC_CONCURRENT freed 357K, 13% free 3368K/3852K, paused 3ms+5ms, total 15ms
E/AndroidRuntime( 3805): FATAL EXCEPTION: main
E/AndroidRuntime( 3805): Process: de.reimardoeffinger.quickdic, PID: 3805
E/AndroidRuntime( 3805): java.lang.NoSuchMethodError: b.a.a.a.c.b
E/AndroidRuntime( 3805): 	at com.hughes.android.dictionary.b.m()
E/AndroidRuntime( 3805): 	at com.hughes.android.dictionary.DictionaryManagerActivity.onCreate()
E/AndroidRuntime( 3805): 	at android.app.Activity.performCreate(Activity.java:5231)
E/AndroidRuntime( 3805): 	at android.app.Instrumentation.callActivityOnCreate(Instrumentation.java:1087)
E/AndroidRuntime( 3805): 	at android.app.ActivityThread.performLaunchActivity(ActivityThread.java:2159)
E/AndroidRuntime( 3805): 	at android.app.ActivityThread.handleLaunchActivity(ActivityThread.java:2245)
E/AndroidRuntime( 3805): 	at android.app.ActivityThread.access$800(ActivityThread.java:135)
E/AndroidRuntime( 3805): 	at android.app.ActivityThread$H.handleMessage(ActivityThread.java:1196)
E/AndroidRuntime( 3805): 	at android.os.Handler.dispatchMessage(Handler.java:102)
E/AndroidRuntime( 3805): 	at android.os.Looper.loop(Looper.java:136)
E/AndroidRuntime( 3805): 	at android.app.ActivityThread.main(ActivityThread.java:5017)
E/AndroidRuntime( 3805): 	at java.lang.reflect.Method.invokeNative(Native Method)
E/AndroidRuntime( 3805): 	at java.lang.reflect.Method.invoke(Method.java:515)
E/AndroidRuntime( 3805): 	at com.android.internal.os.ZygoteInit$MethodAndArgsCaller.run(ZygoteInit.java:779)
E/AndroidRuntime( 3805): 	at com.android.internal.os.ZygoteInit.main(ZygoteInit.java:595)
E/AndroidRuntime( 3805): 	at dalvik.system.NativeStart.main(Native Method)
D/AndroidRuntime( 3794): Shutting down VM
D/dalvikvm( 3794): GC_CONCURRENT freed 97K, 15% free 557K/656K, paused 0ms+0ms, total 0ms
W/ActivityManager( 1569): Error in app de.reimardoeffinger.quickdic running instrumentation ComponentInfo{it.unina.android.ripper/android.test.InstrumentationTestRunner}:
W/ActivityManager( 1569):   java.lang.NoSuchMethodError
W/ActivityManager( 1569):   java.lang.NoSuchMethodError: b.a.a.a.c.b
D/EGL_emulation( 1946): eglMakeCurrent: 0xb81db2f0: ver 3 0
D/dalvikvm( 3805): GC_CONCURRENT freed 248K, 12% free 3513K/3960K, paused 2ms+0ms, total 5ms
D/dalvikvm( 3805): GC_FOR_ALLOC freed 235K, 14% free 3603K/4184K, paused 1ms, total 1ms
D/EGL_emulation( 1946): eglMakeCurrent: 0xb81db2f0: ver 3 0
D/dalvikvm( 3805): GC_CONCURRENT freed 199K, 10% free 3836K/4224K, paused 3ms+0ms, total 5ms
D/dalvikvm( 3805): GC_CONCURRENT freed 203K, 9% free 4050K/4444K, paused 0ms+0ms, total 3ms
D/dalvikvm( 3805): GC_CONCURRENT freed 206K, 9% free 4254K/4648K, paused 0ms+0ms, total 4ms
D/dalvikvm( 3805): GC_FOR_ALLOC freed 163K, 12% free 4124K/4648K, paused 2ms, total 2ms
I/dalvikvm-heap( 3805): Grow heap (frag case) to 4.829MB for 651244-byte allocation
D/dalvikvm( 3805): GC_FOR_ALLOC freed <1K, 10% free 4760K/5288K, paused 4ms, total 4ms
D/dalvikvm( 3805): GC_CONCURRENT freed <1K, 10% free 4760K/5288K, paused 0ms+0ms, total 4ms
D/dalvikvm( 3805): GC_CONCURRENT freed 185K, 7% free 5079K/5456K, paused 0ms+0ms, total 6ms
D/dalvikvm( 3805): WAIT_FOR_CONCURRENT_GC blocked 3ms
I/ActivityManager( 1569): Force stopping de.reimardoeffinger.quickdic appid=10064 user=0: finished inst
I/ActivityManager( 1569): Killing 3805:de.reimardoeffinger.quickdic/u0a64 (adj 0): stop de.reimardoeffinger.quickdic
I/ActivityManager( 1569):   Force finishing activity ActivityRecord{9dadcf10 u0 de.reimardoeffinger.quickdic/com.hughes.android.dictionary.DictionaryManagerActivity t6}
D/EGL_emulation( 1946): eglMakeCurrent: 0xb81db2f0: ver 3 0
E/EGL_emulation( 1946): tid 1946: eglSurfaceAttrib(1199): error 0x3009 (EGL_BAD_MATCH)
W/HardwareRenderer( 1946): Backbuffer cannot be preserved
D/EGL_emulation( 1946): eglMakeCurrent: 0xb81db2f0: ver 3 0
E/EGL_emulation( 1946): tid 1946: eglSurfaceAttrib(1199): error 0x3009 (EGL_BAD_MATCH)
W/HardwareRenderer( 1946): Backbuffer cannot be preserved
D/EGL_emulation( 1946): eglMakeCurrent: 0xb81db2f0: ver 3 0
W/InputMethodManagerService( 1569): Window already focused, ignoring focus gain of: com.android.internal.view.IInputMethodClient$Stub$Proxy@9d3c4e98 attribute=null, token = android.os.BinderProxy@9d839218
D/dalvikvm( 1946): GC_FOR_ALLOC freed 9504K, 37% free 17699K/27868K, paused 2ms, total 2ms
D/dalvikvm( 1946): GC_FOR_ALLOC freed 5K, 36% free 17897K/27868K, paused 3ms, total 3ms
I/dalvikvm-heap( 1946): Grow heap (frag case) to 24.778MB for 7464972-byte allocation
D/dalvikvm( 1946): GC_FOR_ALLOC freed <1K, 10% free 25187K/27868K, paused 2ms, total 2ms
D/EGL_emulation( 1946): eglMakeCurrent: 0xb81db2f0: ver 3 0
D/EGL_emulation( 1946): eglMakeCurrent: 0xb81db2f0: ver 3 0
I/Vision  ( 2089): Requesting optional module download of ocr.
I/Vision  ( 2089): Checking for download completion for 134776 -- ocr
D/EGL_emulation( 1946): eglMakeCurrent: 0xb81db2f0: ver 3 0
I/Vision  ( 2089): Requesting optional module download of ocr.
I/Vision  ( 2089): Exceeded maximum feature download tries for ocr
W/Vision  ( 2089): Request of optional module download of ocr failed.
I/Vision  ( 2089): Checking for download completion for 144788 -- ocr
D/dalvikvm( 1569): GC_FOR_ALLOC freed 1421K, 47% free 8581K/16104K, paused 9ms, total 9ms
I/Vision  ( 2089): Requesting optional module download of ocr.
I/Vision  ( 2089): Checking for download completion for 154810 -- ocr
I/ChimeraConfigurator( 2089): Starting update, reason: 4 urgentFeatures: vision.ocr:-1
E/ConfigFileUtils( 2089): Failed to read config file: /data/data/com.google.android.gms/app_chimera/next_container.pb: open failed: ENOENT (No such file or directory)
I/ChmraDebugLogger( 2089): [73] 1801
I/ChmraDebugLogger( 2089): [30] [VisionOcr.optional:202414000700] permitMetered=true,
W/ChimeraConfigService( 2089): Retry attempt was throttled.
I/ContentMaintenance( 2089): Internal cache bytes used: 0; limit: 39526809; download size: 0
I/RealtimeCacheCleanup( 2089): Beginning Realtime garbage collection.
I/RealtimeCacheCleanup( 2089): Finished Realtime garbage collection.
D/dalvikvm( 1569): GC_FOR_ALLOC freed 1401K, 47% free 8582K/16104K, paused 7ms, total 7ms
I/Vision  ( 2089): Requesting optional module download of ocr.
I/Vision  ( 2089): Checking for download completion for 164817 -- ocr
I/Vision  ( 2089): Requesting optional module download of ocr.
I/Vision  ( 2089): Checking for download completion for 174824 -- ocr
I/Vision  ( 2089): Requesting optional module download of ocr.
I/Vision  ( 2089): Checking for download completion for 184831 -- ocr
D/EGL_emulation( 1946): eglMakeCurrent: 0xb81db2f0: ver 3 0
I/Vision  ( 2089): Requesting optional module download of ocr.
I/Vision  ( 2089): Checking for download completion for 194837 -- ocr
D/AndroidRuntime( 3889): 
D/AndroidRuntime( 3889): >>>>>> AndroidRuntime START com.android.internal.os.RuntimeInit <<<<<<
W/linker  ( 3889): libdvm.so has text relocations. This is wasting memory and is a security risk. Please fix.
D/AndroidRuntime( 3889): CheckJNI is ON
D/dalvikvm( 3889): Trying to load lib libjavacore.so 0x0
D/dalvikvm( 3889): Added shared lib libjavacore.so 0x0
D/dalvikvm( 3889): Trying to load lib libnativehelper.so 0x0
D/dalvikvm( 3889): Added shared lib libnativehelper.so 0x0
D/dalvikvm( 3889): No JNI_OnLoad found in libnativehelper.so 0x0, skipping init
D/dalvikvm( 3889): Note: class Landroid/app/ActivityManagerNative; has 179 unimplemented (abstract) methods
E/memtrack( 3889): Couldn't load memtrack module (No such file or directory)
E/android.os.Debug( 3889): failed to load memtrack module: -2
