V/AndroidRipperService( 3716): broadcast()
V/AndroidRipperService( 3716): broadcast() done
V/        ( 3716): ready
I/AndroidRipper( 4519): Recived message: PING
V/AndroidRipperService( 3716): send()
V/RipperService( 3716): PING
V/AndroidRipperService( 3716): mHandler.handleMessage() RECIVED
V/AndroidRipperService( 3716): broadcast()
V/AndroidRipperService( 3716): broadcast() done
V/        ( 3716): ready
I/AndroidRipper( 4519): Recived message: PING
V/AndroidRipperService( 3716): send()
V/RipperService( 3716): DSC
V/AndroidRipperService( 3716): mHandler.handleMessage() RECIVED
V/AndroidRipperService( 3716): broadcast()
V/AndroidRipperService( 3716): broadcast() done
V/        ( 3716): ready
I/AndroidRipper( 4519): Recived message: DSC
I/AndroidRipper( 4519): [b] Found widget: id=-1 (android.widget.LinearLayout{9cfde6c0 V.E..... ........ 0,0-1080,1794})
I/AndroidRipper( 4519): [b] Found widget: id=16909070 (android.view.ViewStub{9d021898 G.E..... ......I. 0,0-0,0 #102030e})
I/AndroidRipper( 4519): [b] Found widget: id=-1 (android.widget.FrameLayout{9cfcf140 V.E..... ........ 0,0-1080,1794})
I/AndroidRipper( 4519): [b] Found widget: id=2131296309 (androidx.appcompat.widget.FitWindowsLinearLayout{9d017a50 V.E..... ........ 0,0-1080,1794 #7f090035 app:id/action_bar_root})
I/AndroidRipper( 4519): [b] Found widget: id=2131296320 (androidx.appcompat.widget.ViewStubCompat{9d014d18 G.E..... ......I. 0,0-0,0 #7f090040 app:id/action_mode_bar_stub})
I/AndroidRipper( 4519): [b] Found widget: id=16908290 (androidx.appcompat.widget.ContentFrameLayout{9cfd5810 V.ED.... ........ 0,0-1080,1794 #1020002 android:id/content})
I/AndroidRipper( 4519): [b] Found widget: id=-1 (android.widget.ScrollView{9cfee128 VFED.V.. ........ 0,0-1080,1794})
I/AndroidRipper( 4519): [b] Found widget: id=-1 (android.widget.LinearLayout{9d019500 V.E..... ........ 0,0-1080,1539})
I/AndroidRipper( 4519): [b] Found widget: id=-1 (com.google.android.material.textview.MaterialTextView{9d012678 V.ED.... ........ 0,53-1080,332})
I/AndroidRipper( 4519): [b] Found widget: id=-1 (android.widget.LinearLayout{9cfe20f8 V.E..... ........ 0,332-1080,1539})
I/AndroidRipper( 4519): [b] Found widget: id=-1 (android.view.View{9d012ca0 V.ED.... ........ 0,0-108,1207})
I/AndroidRipper( 4519): [b] Found widget: id=-1 (androidx.constraintlayout.widget.ConstraintLayout{9cfe6488 V.E..... ........ 108,0-972,1154})
I/AndroidRipper( 4519): [b] Found widget: id=2131296448 (androidx.appcompat.widget.AppCompatImageView{9cfc74b8 V.ED.... ........ 348,105-516,273 #7f0900c0 app:id/icon})
I/AndroidRipper( 4519): [b] Found widget: id=2131296441 (com.google.android.material.textview.MaterialTextView{9d22ffb0 V.ED.... ........ 0,273-864,430 #7f0900b9 app:id/header})
I/AndroidRipper( 4519): [b] Found widget: id=2131296633 (com.google.android.material.button.MaterialButton{9d0028f8 VFED..C. .F...... 53,430-811,556 #7f090179 app:id/step_1})
I/AndroidRipper( 4519): [b] Found widget: id=2131296634 (com.google.android.material.button.MaterialButton{9d011450 VF.D..C. ........ 53,556-811,682 #7f09017a app:id/step_2})
I/AndroidRipper( 4519): [b] Found widget: id=2131296695 (com.google.android.material.textview.MaterialTextView{9d00c580 V.ED.... ........ 0,682-864,839 #7f0901b7 app:id/try_hint})
I/AndroidRipper( 4519): [b] Found widget: id=2131296658 (com.google.android.material.textfield.TextInputLayout{9d28f288 V.ED.... ........ 53,839-811,1049 #7f090192 app:id/test_input})
I/AndroidRipper( 4519): [b] Found widget: id=-1 (android.widget.FrameLayout{9d2592a8 V.E..... ........ 0,14-758,210})
I/AndroidRipper( 4519): [b] Found widget: id=2131296676 (b.b.i.z{9d2364e0 I.ED.... ......ID 0,0-758,196 #7f0901a4 app:id/textinput_placeholder})
I/AndroidRipper( 4519): [b] Found widget: id=-1 (com.google.android.material.textfield.TextInputEditText{9d243300 VFED..CL ........ 0,0-758,196})
I/AndroidRipper( 4519): [b] Found widget: id=-1 (android.widget.LinearLayout{9d277468 V.E..... ......ID 0,0-0,196})
I/AndroidRipper( 4519): [b] Found widget: id=2131296671 (com.google.android.material.internal.CheckableImageButton{9d27b510 G.ED.... ......I. 0,0-0,0 #7f09019f app:id/text_input_start_icon})
I/AndroidRipper( 4519): [b] Found widget: id=2131296677 (b.b.i.z{9d2313f8 G.ED.... ......ID 0,0-0,0 #7f0901a5 app:id/textinput_prefix_text})
I/AndroidRipper( 4519): [b] Found widget: id=-1 (android.widget.LinearLayout{9d277720 V.E..... ......ID 758,0-758,196})
D/dalvikvm( 4519): GC_CONCURRENT freed 1004K, 17% free 6357K/7588K, paused 2ms+1ms, total 9ms
I/AndroidRipper( 4519): [b] Found widget: id=2131296678 (b.b.i.z{9d232740 G.ED.... ......ID 0,0-0,0 #7f0901a6 app:id/textinput_suffix_text})
I/AndroidRipper( 4519): [b] Found widget: id=-1 (android.widget.FrameLayout{9d27cfc0 V.E..... ......ID 0,0-0,196})
I/AndroidRipper( 4519): [b] Found widget: id=2131296669 (com.google.android.material.internal.CheckableImageButton{9d2800f0 GFED..C. ......I. 0,0-0,0 #7f09019d app:id/text_input_end_icon})
I/AndroidRipper( 4519): [b] Found widget: id=2131296670 (com.google.android.material.internal.CheckableImageButton{9d294ed0 G.ED.... ......I. 0,0-0,0 #7f09019e app:id/text_input_error_icon})
I/AndroidRipper( 4519): [b] Found widget: id=-1 (android.view.View{9d22d410 V.ED.... ........ 972,0-1080,1207})
I/AndroidRipper( 4519): [b] Found widget: id=-1 (com.android.internal.policy.impl.PhoneWindow$DecorView{9cfea138 V.E..... R....... 0,0-1080,1794})
V/AndroidRipperService( 3716): send()
D/dalvikvm( 3716): GC_CONCURRENT freed 395K, 17% free 3081K/3704K, paused 1ms+0ms, total 3ms
V/RipperService( 3716): EVT
V/AndroidRipperService( 3716): mHandler.handleMessage() RECIVED
V/AndroidRipperService( 3716): broadcast()
I/AndroidRipper( 4519): Recived message: EVT
V/RipperTestCase( 4519): START_EVENT[4|1629085839709]
V/AndroidRipperService( 3716): broadcast() done
V/        ( 3716): ready
I/dalvikvm( 4519): Could not find method android.view.ViewConfiguration.shouldShowMenuShortcutsWhenKeyboardPresent, referenced from method b.b.h.i.g.<init>
W/dalvikvm( 4519): VFY: unable to resolve virtual method 1841: Landroid/view/ViewConfiguration;.shouldShowMenuShortcutsWhenKeyboardPresent ()Z
D/dalvikvm( 4519): VFY: replacing opcode 0x6e at 0x005b
E/SoundPool( 1567): error loading /system/media/audio/ui/Effect_Tick.ogg
W/AudioService( 1567): Soundpool could not load file: /system/media/audio/ui/Effect_Tick.ogg
E/SoundPool( 1567): error loading /system/media/audio/ui/Effect_Tick.ogg
W/AudioService( 1567): Soundpool could not load file: /system/media/audio/ui/Effect_Tick.ogg
E/SoundPool( 1567): error loading /system/media/audio/ui/Effect_Tick.ogg
W/AudioService( 1567): Soundpool could not load file: /system/media/audio/ui/Effect_Tick.ogg
E/SoundPool( 1567): error loading /system/media/audio/ui/Effect_Tick.ogg
W/AudioService( 1567): Soundpool could not load file: /system/media/audio/ui/Effect_Tick.ogg
E/SoundPool( 1567): error loading /system/media/audio/ui/Effect_Tick.ogg
W/AudioService( 1567): Soundpool could not load file: /system/media/audio/ui/Effect_Tick.ogg
E/SoundPool( 1567): error loading /system/media/audio/ui/KeypressStandard.ogg
W/AudioService( 1567): Soundpool could not load file: /system/media/audio/ui/KeypressStandard.ogg
E/SoundPool( 1567): error loading /system/media/audio/ui/KeypressSpacebar.ogg
W/AudioService( 1567): Soundpool could not load file: /system/media/audio/ui/KeypressSpacebar.ogg
E/SoundPool( 1567): error loading /system/media/audio/ui/KeypressDelete.ogg
W/AudioService( 1567): Soundpool could not load file: /system/media/audio/ui/KeypressDelete.ogg
E/SoundPool( 1567): error loading /system/media/audio/ui/KeypressReturn.ogg
W/AudioService( 1567): Soundpool could not load file: /system/media/audio/ui/KeypressReturn.ogg
E/SoundPool( 1567): error loading /system/media/audio/ui/KeypressInvalid.ogg
W/AudioService( 1567): Soundpool could not load file: /system/media/audio/ui/KeypressInvalid.ogg
W/AudioService( 1567): onLoadSoundEffects(), Error -1 while loading samples
V/AndroidRipperService( 3716): send()
V/RipperTestCase( 4519): END_EVENT[4|1629085840721]
V/RipperService( 3716): PING
V/AndroidRipperService( 3716): mHandler.handleMessage() RECIVED
V/AndroidRipperService( 3716): broadcast()
I/AndroidRipper( 4519): Recived message: PING
V/AndroidRipperService( 3716): send()
V/AndroidRipperService( 3716): broadcast() done
V/        ( 3716): ready
V/RipperService( 3716): DSC
V/AndroidRipperService( 3716): mHandler.handleMessage() RECIVED
V/AndroidRipperService( 3716): broadcast()
I/AndroidRipper( 4519): Recived message: DSC
V/AndroidRipperService( 3716): broadcast() done
V/        ( 3716): ready
I/AndroidRipper( 4519): [b] Found widget: id=-1 (android.widget.LinearLayout{9cfde6c0 V.E..... ........ 0,0-1080,1794})
I/AndroidRipper( 4519): [b] Found widget: id=16909070 (android.view.ViewStub{9d021898 G.E..... ......I. 0,0-0,0 #102030e})
I/AndroidRipper( 4519): [b] Found widget: id=-1 (android.widget.FrameLayout{9cfcf140 V.E..... ........ 0,0-1080,1794})
I/AndroidRipper( 4519): [b] Found widget: id=2131296309 (androidx.appcompat.widget.FitWindowsLinearLayout{9d017a50 V.E..... ........ 0,0-1080,1794 #7f090035 app:id/action_bar_root})
I/AndroidRipper( 4519): [b] Found widget: id=2131296320 (androidx.appcompat.widget.ViewStubCompat{9d014d18 G.E..... ......I. 0,0-0,0 #7f090040 app:id/action_mode_bar_stub})
I/AndroidRipper( 4519): [b] Found widget: id=16908290 (androidx.appcompat.widget.ContentFrameLayout{9cfd5810 V.ED.... ........ 0,0-1080,1794 #1020002 android:id/content})
I/AndroidRipper( 4519): [b] Found widget: id=-1 (android.widget.ScrollView{9cfee128 VFED.V.. ........ 0,0-1080,1794})
I/AndroidRipper( 4519): [b] Found widget: id=-1 (android.widget.LinearLayout{9d019500 V.E..... ........ 0,0-1080,1539})
I/AndroidRipper( 4519): [b] Found widget: id=-1 (com.google.android.material.textview.MaterialTextView{9d012678 V.ED.... ........ 0,53-1080,332})
I/AndroidRipper( 4519): [b] Found widget: id=-1 (android.widget.LinearLayout{9cfe20f8 V.E..... ........ 0,332-1080,1539})
I/AndroidRipper( 4519): [b] Found widget: id=-1 (android.view.View{9d012ca0 V.ED.... ........ 0,0-108,1207})
I/AndroidRipper( 4519): [b] Found widget: id=-1 (androidx.constraintlayout.widget.ConstraintLayout{9cfe6488 V.E..... ........ 108,0-972,1154})
I/AndroidRipper( 4519): [b] Found widget: id=2131296448 (androidx.appcompat.widget.AppCompatImageView{9cfc74b8 V.ED.... ........ 348,105-516,273 #7f0900c0 app:id/icon})
I/AndroidRipper( 4519): [b] Found widget: id=2131296441 (com.google.android.material.textview.MaterialTextView{9d22ffb0 V.ED.... ........ 0,273-864,430 #7f0900b9 app:id/header})
I/AndroidRipper( 4519): [b] Found widget: id=2131296633 (com.google.android.material.button.MaterialButton{9d0028f8 VFED..C. .F...... 53,430-811,556 #7f090179 app:id/step_1})
I/AndroidRipper( 4519): [b] Found widget: id=2131296634 (com.google.android.material.button.MaterialButton{9d011450 VF.D..C. ........ 53,556-811,682 #7f09017a app:id/step_2})
I/AndroidRipper( 4519): [b] Found widget: id=2131296695 (com.google.android.material.textview.MaterialTextView{9d00c580 V.ED.... ........ 0,682-864,839 #7f0901b7 app:id/try_hint})
I/AndroidRipper( 4519): [b] Found widget: id=2131296658 (com.google.android.material.textfield.TextInputLayout{9d28f288 V.ED.... ........ 53,839-811,1049 #7f090192 app:id/test_input})
I/AndroidRipper( 4519): [b] Found widget: id=-1 (android.widget.FrameLayout{9d2592a8 V.E..... ........ 0,14-758,210})
I/AndroidRipper( 4519): [b] Found widget: id=2131296676 (b.b.i.z{9d2364e0 I.ED.... ......ID 0,0-758,196 #7f0901a4 app:id/textinput_placeholder})
I/AndroidRipper( 4519): [b] Found widget: id=-1 (com.google.android.material.textfield.TextInputEditText{9d243300 VFED..CL ........ 0,0-758,196})
I/AndroidRipper( 4519): [b] Found widget: id=-1 (android.widget.LinearLayout{9d277468 V.E..... ......ID 0,0-0,196})
I/AndroidRipper( 4519): [b] Found widget: id=2131296671 (com.google.android.material.internal.CheckableImageButton{9d27b510 G.ED.... ......I. 0,0-0,0 #7f09019f app:id/text_input_start_icon})
I/AndroidRipper( 4519): [b] Found widget: id=2131296677 (b.b.i.z{9d2313f8 G.ED.... ......ID 0,0-0,0 #7f0901a5 app:id/textinput_prefix_text})
I/AndroidRipper( 4519): [b] Found widget: id=-1 (android.widget.LinearLayout{9d277720 V.E..... ......ID 758,0-758,196})
I/AndroidRipper( 4519): [b] Found widget: id=2131296678 (b.b.i.z{9d232740 G.ED.... ......ID 0,0-0,0 #7f0901a6 app:id/textinput_suffix_text})
I/AndroidRipper( 4519): [b] Found widget: id=-1 (android.widget.FrameLayout{9d27cfc0 V.E..... ......ID 0,0-0,196})
I/AndroidRipper( 4519): [b] Found widget: id=2131296669 (com.google.android.material.internal.CheckableImageButton{9d2800f0 GFED..C. ......I. 0,0-0,0 #7f09019d app:id/text_input_end_icon})
I/AndroidRipper( 4519): [b] Found widget: id=2131296670 (com.google.android.material.internal.CheckableImageButton{9d294ed0 G.ED.... ......I. 0,0-0,0 #7f09019e app:id/text_input_error_icon})
I/AndroidRipper( 4519): [b] Found widget: id=-1 (android.view.View{9d22d410 V.ED.... ........ 972,0-1080,1207})
I/AndroidRipper( 4519): [b] Found widget: id=-1 (com.android.internal.policy.impl.PhoneWindow$DecorView{9cfea138 V.E..... R....... 0,0-1080,1794})
V/AndroidRipperService( 3716): send()
D/dalvikvm( 3716): GC_CONCURRENT freed 389K, 17% free 3092K/3704K, paused 0ms+0ms, total 2ms
V/RipperService( 3716): EVT
V/AndroidRipperService( 3716): mHandler.handleMessage() RECIVED
V/AndroidRipperService( 3716): broadcast()
I/AndroidRipper( 4519): Recived message: EVT
V/RipperTestCase( 4519): START_EVENT[5|1629085840840]
V/AndroidRipperService( 3716): broadcast() done
V/        ( 3716): ready
D/gralloc_ranchu( 1144): gralloc_alloc: Creating ashmem region of size 1323008
D/        ( 1567): HostConnection::get() New Host Connection established 0xb7e5c290, tid 1683
D/dalvikvm( 4519): GC_CONCURRENT freed 910K, 16% free 6446K/7588K, paused 1ms+0ms, total 6ms
D/dalvikvm( 1567): GC_FOR_ALLOC freed 1945K, 40% free 10468K/17400K, paused 9ms, total 9ms
D/EGL_emulation( 1955): eglMakeCurrent: 0xb7d47060: ver 3 0
D/dalvikvm( 4519): GC_FOR_ALLOC freed 9K, 16% free 6447K/7588K, paused 3ms, total 3ms
I/dalvikvm-heap( 4519): Grow heap (frag case) to 6.787MB for 318668-byte allocation
D/dalvikvm( 4519): GC_FOR_ALLOC freed 2K, 15% free 6756K/7900K, paused 5ms, total 5ms
D/dalvikvm( 4519): GC_FOR_ALLOC freed 320K, 19% free 6450K/7900K, paused 2ms, total 2ms
D/EGL_emulation( 1955): eglMakeCurrent: 0xb7d47060: ver 3 0
E/EGL_emulation( 1955): tid 1955: eglSurfaceAttrib(1199): error 0x3009 (EGL_BAD_MATCH)
W/HardwareRenderer( 1955): Backbuffer cannot be preserved
V/RipperService( 3716): END
V/AndroidRipperService( 3716): mHandler.handleMessage() RECIVED
V/AndroidRipperService( 3716): broadcast()
V/AndroidRipperService( 3716): broadcast() done
V/        ( 3716): ready
D/dalvikvm( 1955): GC_FOR_ALLOC freed 8842K, 35% free 17819K/27276K, paused 3ms, total 3ms
I/dalvikvm-heap( 1955): Grow heap (frag case) to 24.709MB for 7464972-byte allocation
D/dalvikvm( 1955): GC_FOR_ALLOC freed <1K, 8% free 25108K/27276K, paused 14ms, total 14ms
D/dalvikvm( 1567): GC_FOR_ALLOC freed 1213K, 37% free 11129K/17400K, paused 10ms, total 10ms
D/AndroidRuntime( 4594): 
D/AndroidRuntime( 4594): >>>>>> AndroidRuntime START com.android.internal.os.RuntimeInit <<<<<<
W/linker  ( 4594): libdvm.so has text relocations. This is wasting memory and is a security risk. Please fix.
D/AndroidRuntime( 4594): CheckJNI is ON
D/dalvikvm( 4594): Trying to load lib libjavacore.so 0x0
D/dalvikvm( 4594): Added shared lib libjavacore.so 0x0
D/dalvikvm( 4594): Trying to load lib libnativehelper.so 0x0
D/dalvikvm( 4594): Added shared lib libnativehelper.so 0x0
D/dalvikvm( 4594): No JNI_OnLoad found in libnativehelper.so 0x0, skipping init
D/dalvikvm( 4594): Note: class Landroid/app/ActivityManagerNative; has 179 unimplemented (abstract) methods
E/memtrack( 4594): Couldn't load memtrack module (No such file or directory)
E/android.os.Debug( 4594): failed to load memtrack module: -2
D/AndroidRuntime( 4594): Calling main entry com.android.commands.pm.Pm
D/AndroidRuntime( 4594): Shutting down VM
D/dalvikvm( 4594): GC_CONCURRENT freed 93K, 15% free 557K/652K, paused 0ms+0ms, total 1ms
D/AndroidRuntime( 4605): 
D/AndroidRuntime( 4605): >>>>>> AndroidRuntime START com.android.internal.os.RuntimeInit <<<<<<
W/linker  ( 4605): libdvm.so has text relocations. This is wasting memory and is a security risk. Please fix.
D/AndroidRuntime( 4605): CheckJNI is ON
D/dalvikvm( 4605): Trying to load lib libjavacore.so 0x0
D/dalvikvm( 4605): Added shared lib libjavacore.so 0x0
D/dalvikvm( 4605): Trying to load lib libnativehelper.so 0x0
D/dalvikvm( 4605): Added shared lib libnativehelper.so 0x0
D/dalvikvm( 4605): No JNI_OnLoad found in libnativehelper.so 0x0, skipping init
D/dalvikvm( 4605): Note: class Landroid/app/ActivityManagerNative; has 179 unimplemented (abstract) methods
E/memtrack( 4605): Couldn't load memtrack module (No such file or directory)
E/android.os.Debug( 4605): failed to load memtrack module: -2
D/AndroidRuntime( 4605): Calling main entry com.android.commands.pm.Pm
I/ActivityManager( 1567): Force stopping mf.asciitext.lite appid=10069 user=0: clear data
I/ActivityManager( 1567): Killing 4519:mf.asciitext.lite/u0a69 (adj 0): stop mf.asciitext.lite
W/InputDispatcher( 1567): channel '9d67ea98 mf.asciitext.lite/mf.irregex.MainActivity (server)' ~ Consumer closed input channel or an error occurred.  events=0x9
E/InputDispatcher( 1567): channel '9d67ea98 mf.asciitext.lite/mf.irregex.MainActivity (server)' ~ Channel is unrecoverably broken and will be disposed!
D/AndroidRuntime( 4508): Shutting down VM
D/dalvikvm( 4508): GC_CONCURRENT freed 96K, 15% free 557K/656K, paused 0ms+0ms, total 1ms
W/InputDispatcher( 1567): Attempted to unregister already unregistered input channel '9d67ea98 mf.asciitext.lite/mf.irregex.MainActivity (server)'
W/ActivityManager( 1567): Crash of app mf.asciitext.lite running instrumentation ComponentInfo{it.unina.android.ripper/android.test.InstrumentationTestRunner}
I/WindowState( 1567): WIN DEATH: Window{9d67ea98 u0 mf.asciitext.lite/mf.irregex.MainActivity}
D/keystore( 1149): calling clear_uid in state: 3
D/Documents( 3227): Used cached roots for com.android.providers.downloads.documents
D/Documents( 3227): Used cached roots for com.android.externalstorage.documents
D/Documents( 3227): Used cached roots for com.android.providers.media.documents
D/Documents( 3227): Update found 6 roots in 1ms
I/GeofencerStateMachine( 1775): removeGeofences: removeRequest=RemoveGeofencingRequest[REMOVE_ALL packageName=mf.asciitext.lite]
D/AndroidRuntime( 4605): Shutting down VM
D/dalvikvm( 4605): GC_CONCURRENT freed 92K, 15% free 549K/644K, paused 0ms+0ms, total 0ms
I/ActivityManager( 1567): Force stopping mf.asciitext.lite appid=10069 user=0: finished inst
I/Fitness ( 1775): FitCleanupIntentOperation received Intent android.intent.action.PACKAGE_DATA_CLEARED [CONTEXT service_id=17 ]
I/Icing   ( 2088): doRemovePackageData mf.asciitext.lite
D/AndroidRuntime( 4631): 
D/AndroidRuntime( 4631): >>>>>> AndroidRuntime START com.android.internal.os.RuntimeInit <<<<<<
W/linker  ( 4631): libdvm.so has text relocations. This is wasting memory and is a security risk. Please fix.
D/AndroidRuntime( 4631): CheckJNI is ON
D/dalvikvm( 4631): Trying to load lib libjavacore.so 0x0
D/dalvikvm( 4631): Added shared lib libjavacore.so 0x0
D/dalvikvm( 4631): Trying to load lib libnativehelper.so 0x0
D/dalvikvm( 4631): Added shared lib libnativehelper.so 0x0
D/dalvikvm( 4631): No JNI_OnLoad found in libnativehelper.so 0x0, skipping init
D/dalvikvm( 4631): Note: class Landroid/app/ActivityManagerNative; has 179 unimplemented (abstract) methods
E/memtrack( 4631): Couldn't load memtrack module (No such file or directory)
E/android.os.Debug( 4631): failed to load memtrack module: -2
D/AndroidRuntime( 4631): Calling main entry com.android.commands.pm.Pm
W/PackageManager( 1567): Couldn't delete native library directory /data/app-lib/mf.asciitext.lite
I/ActivityManager( 1567): Force stopping mf.asciitext.lite appid=10069 user=-1: uninstall pkg
D/keystore( 1149): calling clear_uid in state: 3
I/ActivityManager( 1567): Force stopping mf.asciitext.lite appid=10069 user=0: pkg removed
D/dalvikvm( 2279): GC_EXPLICIT freed 214K, 19% free 3413K/4168K, paused 0ms+0ms, total 2ms
D/dalvikvm( 2470): GC_EXPLICIT freed 162K, 17% free 3445K/4148K, paused 0ms+1ms, total 2ms
D/dalvikvm( 2088): GC_EXPLICIT freed 938K, 13% free 21305K/24408K, paused 1ms+2ms, total 23ms
I/GeofencerStateMachine( 1775): removeGeofences: removeRequest=RemoveGeofencingRequest[REMOVE_ALL packageName=mf.asciitext.lite]
I/InputReader( 1567): Reconfiguring input devices.  changes=0x00000010
W/Launcher.Model( 2470): Nobody to tell about the new app.  Launcher is probably loading.
D/Documents( 3227): Used cached roots for com.android.providers.downloads.documents
I/PackageManager( 1567):   Action: "android.intent.action.SENDTO"
I/PackageManager( 1567):   Category: "android.intent.category.DEFAULT"
I/PackageManager( 1567):   Scheme: "sms"
D/Documents( 3227): Used cached roots for com.android.externalstorage.documents
I/PackageManager( 1567): Adding preferred activity ComponentInfo{com.android.mms/com.android.mms.ui.ComposeMessageActivity} for user 0 :
D/Documents( 3227): Used cached roots for com.android.providers.media.documents
D/Documents( 3227): Update found 6 roots in 6ms
D/VoicemailCleanupService( 1859): Cleaning up data for package: mf.asciitext.lite
I/PackageManager( 1567):   Action: "android.intent.action.SENDTO"
I/PackageManager( 1567):   Category: "android.intent.category.DEFAULT"
I/PackageManager( 1567):   Scheme: "smsto"
I/InputMethodManagerService( 1567): Input method uninstalled, disabling: ComponentInfo{mf.asciitext.lite/mf.irregex.keyboard.MyInputMethodService}
D/BackupManagerService( 1567): Received broadcast Intent { act=android.intent.action.PACKAGE_REMOVED dat=package:mf.asciitext.lite flg=0x4000010 (has extras) }
V/BackupManagerService( 1567): removePackageParticipantsLocked: uid=10069 #1
I/PackageManager( 1567): Adding preferred activity ComponentInfo{com.android.mms/com.android.mms.ui.ComposeMessageActivity} for user 0 :
D/dalvikvm( 1814): GC_FOR_ALLOC freed 437K, 18% free 3637K/4388K, paused 2ms, total 2ms
I/PackageManager( 1567):   Action: "android.intent.action.SENDTO"
I/PackageManager( 1567):   Category: "android.intent.category.DEFAULT"
I/PackageManager( 1567):   Scheme: "mms"
I/PackageManager( 1567): Adding preferred activity ComponentInfo{com.android.mms/com.android.mms.ui.ComposeMessageActivity} for user 0 :
W/Launcher( 2470): setApplicationContext called twice! old=com.google.android.velvet.VelvetApplication@9cfd6928 new=com.google.android.velvet.VelvetApplication@9cfd6928
I/PackageManager( 1567):   Action: "android.intent.action.SENDTO"
I/PackageManager( 1567):   Category: "android.intent.category.DEFAULT"
I/PackageManager( 1567):   Scheme: "mmsto"
W/ContextImpl( 3287): Calling a method in the system process without a qualified user: android.app.ContextImpl.startService:1479 android.content.ContextWrapper.startService:494 android.content.ContextWrapper.startService:494 com.android.keychain.KeyChainBroadcastReceiver.onReceive:12 android.app.ActivityThread.handleReceiver:2419 
I/PackageManager( 1567): Adding preferred activity ComponentInfo{com.android.mms/com.android.mms.ui.ComposeMessageActivity} for user 0 :
I/Fitness ( 1775): FitCleanupIntentOperation received Intent android.intent.action.PACKAGE_REMOVED [CONTEXT service_id=17 ]
I/Icing.InternalIcingCorporaProvider( 2279): Updating corpora: A: mf.asciitext.lite, C: MAYBE
I/PackageManager( 1567):   Action: "android.intent.action.SENDTO"
I/PackageManager( 1567):   Category: "android.intent.category.DEFAULT"
I/PackageManager( 1567):   Scheme: "sms"
I/PackageManager( 1567):   Action: "android.intent.action.SENDTO"
I/PackageManager( 1567):   Category: "android.intent.category.DEFAULT"
I/PackageManager( 1567):   Scheme: "smsto"
D/dalvikvm( 1814): GC_FOR_ALLOC freed 383K, 17% free 3664K/4388K, paused 2ms, total 2ms
I/PackageManager( 1567): Adding preferred activity ComponentInfo{com.android.mms/com.android.mms.ui.ComposeMessageActivity} for user 0 :
I/PackageManager( 1567): Adding preferred activity ComponentInfo{com.android.mms/com.android.mms.ui.ComposeMessageActivity} for user 0 :
I/PackageManager( 1567):   Action: "android.intent.action.SENDTO"
I/PackageManager( 1567):   Category: "android.intent.category.DEFAULT"
I/PackageManager( 1567):   Scheme: "mms"
W/ContextImpl( 2279): Implicit intents with startService are not safe: Intent { act=com.google.android.gms.icing.INDEX_SERVICE } android.content.ContextWrapper.bindService:517 com.google.android.gms.internal.av.a:-1 com.google.android.gms.internal.au.connect:-1 
I/PackageManager( 1567):   Action: "android.intent.action.SENDTO"
I/PackageManager( 1567):   Category: "android.intent.category.DEFAULT"
I/PackageManager( 1567):   Scheme: "mmsto"
D/dalvikvm( 1775): GC_FOR_ALLOC freed 2012K, 23% free 10101K/13016K, paused 10ms, total 10ms
I/PackageManager( 1567): Adding preferred activity ComponentInfo{com.android.mms/com.android.mms.ui.ComposeMessageActivity} for user 0 :
I/PackageManager( 1567): Adding preferred activity ComponentInfo{com.android.mms/com.android.mms.ui.ComposeMessageActivity} for user 0 :
I/Icing   ( 2088): IndexChimeraService.getServiceInterface callingPackage=com.google.android.googlequicksearchbox componentName=null serviceId=21
D/dalvikvm( 3227): GC_FOR_ALLOC freed 501K, 19% free 3096K/3792K, paused 1ms, total 1ms
I/Icing   ( 2088): doRemovePackageData mf.asciitext.lite
I/Icing   ( 2088): IndexChimeraService.getServiceInterface callingPackage=com.google.android.gms componentName=AppsCorpus serviceId=36
D/dalvikvm( 1567): GC_EXPLICIT freed 1811K, 36% free 11234K/17400K, paused 0ms+7ms, total 135ms
D/AndroidRuntime( 4631): Shutting down VM
D/dalvikvm( 4631): GC_CONCURRENT freed 92K, 15% free 549K/644K, paused 0ms+0ms, total 1ms
D/dalvikvm( 1761): GC_FOR_ALLOC freed 480K, 17% free 3419K/4120K, paused 3ms, total 7ms
W/Icing   ( 2088): No valid account for uploading user actions
I/LatinIME:LogUtils( 1761): Dictionary info: dictionary = main:en ; version = 42 ; date = 1381226516
I/Icing   ( 2088): Usage reports ok 0, Failed Usage reports 0, indexed 0, rejected 0
W/Icing   ( 2088): No valid account for uploading user actions
I/Icing   ( 2088): Usage reports ok 0, Failed Usage reports 0, indexed 0, rejected 0
I/Icing   ( 2088): Indexing com.google.android.googlequicksearchbox-applications from com.google.android.googlequicksearchbox
I/DownloadManager( 1846): Download 19 starting
W/DownloadManager( 1846): Aborting request for download 19: TYPE_DISALLOWED_BY_REQUESTOR
I/DownloadManager( 1846): Download 19 finished with status WAITING_FOR_NETWORK
I/Icing   ( 2088): Indexing com.google.android.gms-apps from com.google.android.gms
I/Icing   ( 2088): Indexing com.google.android.gms-internal.3p:MobileApplication from com.google.android.gms
I/Icing   ( 2088): Indexing done com.google.android.googlequicksearchbox-applications
I/Icing   ( 2088): Indexing done com.google.android.gms-apps
I/Icing   ( 2088): Indexing done com.google.android.gms-internal.3p:MobileApplication
D/AndroidRuntime( 4657): 
D/AndroidRuntime( 4657): >>>>>> AndroidRuntime START com.android.internal.os.RuntimeInit <<<<<<
W/linker  ( 4657): libdvm.so has text relocations. This is wasting memory and is a security risk. Please fix.
D/AndroidRuntime( 4657): CheckJNI is ON
D/dalvikvm( 4657): Trying to load lib libjavacore.so 0x0
D/dalvikvm( 4657): Added shared lib libjavacore.so 0x0
D/dalvikvm( 4657): Trying to load lib libnativehelper.so 0x0
D/dalvikvm( 4657): Added shared lib libnativehelper.so 0x0
D/dalvikvm( 4657): No JNI_OnLoad found in libnativehelper.so 0x0, skipping init
D/dalvikvm( 4657): Note: class Landroid/app/ActivityManagerNative; has 179 unimplemented (abstract) methods
E/memtrack( 4657): Couldn't load memtrack module (No such file or directory)
E/android.os.Debug( 4657): failed to load memtrack module: -2
D/AndroidRuntime( 4657): Calling main entry com.android.commands.pm.Pm
D/AndroidRuntime( 4657): Shutting down VM
D/dalvikvm( 4657): GC_CONCURRENT freed 93K, 15% free 557K/652K, paused 0ms+0ms, total 1ms
D/AndroidRuntime( 4668): 
D/AndroidRuntime( 4668): >>>>>> AndroidRuntime START com.android.internal.os.RuntimeInit <<<<<<
W/linker  ( 4668): libdvm.so has text relocations. This is wasting memory and is a security risk. Please fix.
D/AndroidRuntime( 4668): CheckJNI is ON
D/dalvikvm( 4668): Trying to load lib libjavacore.so 0x0
D/dalvikvm( 4668): Added shared lib libjavacore.so 0x0
D/dalvikvm( 4668): Trying to load lib libnativehelper.so 0x0
D/dalvikvm( 4668): Added shared lib libnativehelper.so 0x0
D/dalvikvm( 4668): No JNI_OnLoad found in libnativehelper.so 0x0, skipping init
D/dalvikvm( 4668): Note: class Landroid/app/ActivityManagerNative; has 179 unimplemented (abstract) methods
E/memtrack( 4668): Couldn't load memtrack module (No such file or directory)
E/android.os.Debug( 4668): failed to load memtrack module: -2
D/AndroidRuntime( 4668): Calling main entry com.android.commands.pm.Pm
I/ActivityManager( 1567): Force stopping it.unina.android.ripper appid=10070 user=0: clear data
I/GeofencerStateMachine( 1775): removeGeofences: removeRequest=RemoveGeofencingRequest[REMOVE_ALL packageName=it.unina.android.ripper]
D/Documents( 3227): Used cached roots for com.android.providers.downloads.documents
D/Documents( 3227): Used cached roots for com.android.externalstorage.documents
D/Documents( 3227): Used cached roots for com.android.providers.media.documents
D/Documents( 3227): Update found 6 roots in 1ms
D/keystore( 1149): calling clear_uid in state: 3
I/Fitness ( 1775): FitCleanupIntentOperation received Intent android.intent.action.PACKAGE_DATA_CLEARED [CONTEXT service_id=17 ]
I/Icing   ( 2088): doRemovePackageData it.unina.android.ripper
D/AndroidRuntime( 4668): Shutting down VM
D/dalvikvm( 4668): GC_CONCURRENT freed 92K, 15% free 549K/644K, paused 0ms+0ms, total 1ms
D/AndroidRuntime( 4684): 
D/AndroidRuntime( 4684): >>>>>> AndroidRuntime START com.android.internal.os.RuntimeInit <<<<<<
W/linker  ( 4684): libdvm.so has text relocations. This is wasting memory and is a security risk. Please fix.
D/AndroidRuntime( 4684): CheckJNI is ON
D/dalvikvm( 4684): Trying to load lib libjavacore.so 0x0
D/dalvikvm( 4684): Added shared lib libjavacore.so 0x0
D/dalvikvm( 4684): Trying to load lib libnativehelper.so 0x0
D/dalvikvm( 4684): Added shared lib libnativehelper.so 0x0
D/dalvikvm( 4684): No JNI_OnLoad found in libnativehelper.so 0x0, skipping init
I/Vision  ( 2088): Requesting optional module download of ocr.
I/Vision  ( 2088): Checking for download completion for 279722 -- ocr
D/dalvikvm( 4684): Note: class Landroid/app/ActivityManagerNative; has 179 unimplemented (abstract) methods
E/memtrack( 4684): Couldn't load memtrack module (No such file or directory)
E/android.os.Debug( 4684): failed to load memtrack module: -2
D/AndroidRuntime( 4684): Calling main entry com.android.commands.pm.Pm
I/ActivityManager( 1567): Force stopping it.unina.android.ripper appid=10070 user=-1: uninstall pkg
W/PackageManager( 1567): Couldn't delete native library directory /data/app-lib/it.unina.android.ripper
D/keystore( 1149): calling clear_uid in state: 3
W/Launcher.Model( 2470): Nobody to tell about the new app.  Launcher is probably loading.
I/GeofencerStateMachine( 1775): removeGeofences: removeRequest=RemoveGeofencingRequest[REMOVE_ALL packageName=it.unina.android.ripper]
I/ActivityManager( 1567): Force stopping it.unina.android.ripper appid=10070 user=0: pkg removed
D/Documents( 3227): Used cached roots for com.android.providers.downloads.documents
D/Documents( 3227): Used cached roots for com.android.externalstorage.documents
D/Documents( 3227): Used cached roots for com.android.providers.media.documents
D/Documents( 3227): Update found 6 roots in 4ms
I/PackageManager( 1567):   Action: "android.intent.action.SENDTO"
I/PackageManager( 1567):   Category: "android.intent.category.DEFAULT"
I/PackageManager( 1567):   Scheme: "sms"
D/dalvikvm( 1814): GC_FOR_ALLOC freed 422K, 18% free 3621K/4388K, paused 1ms, total 1ms
I/PackageManager( 1567): Adding preferred activity ComponentInfo{com.android.mms/com.android.mms.ui.ComposeMessageActivity} for user 0 :
I/PackageManager( 1567):   Action: "android.intent.action.SENDTO"
I/PackageManager( 1567):   Category: "android.intent.category.DEFAULT"
I/PackageManager( 1567):   Scheme: "smsto"
I/InputReader( 1567): Reconfiguring input devices.  changes=0x00000010
D/VoicemailCleanupService( 1859): Cleaning up data for package: it.unina.android.ripper
I/PackageManager( 1567):   Action: "android.intent.action.SENDTO"
I/PackageManager( 1567):   Category: "android.intent.category.DEFAULT"
I/PackageManager( 1567):   Scheme: "mms"
I/PackageManager( 1567): Adding preferred activity ComponentInfo{com.android.mms/com.android.mms.ui.ComposeMessageActivity} for user 0 :
I/PackageManager( 1567): Adding preferred activity ComponentInfo{com.android.mms/com.android.mms.ui.ComposeMessageActivity} for user 0 :
I/PackageManager( 1567):   Action: "android.intent.action.SENDTO"
I/PackageManager( 1567):   Category: "android.intent.category.DEFAULT"
I/PackageManager( 1567):   Scheme: "mmsto"
I/PackageManager( 1567): Adding preferred activity ComponentInfo{com.android.mms/com.android.mms.ui.ComposeMessageActivity} for user 0 :
W/Launcher( 2470): setApplicationContext called twice! old=com.google.android.velvet.VelvetApplication@9cfd6928 new=com.google.android.velvet.VelvetApplication@9cfd6928
I/PackageManager( 1567):   Action: "android.intent.action.SENDTO"
I/PackageManager( 1567):   Category: "android.intent.category.DEFAULT"
I/PackageManager( 1567):   Scheme: "sms"
I/Fitness ( 1775): FitCleanupIntentOperation received Intent android.intent.action.PACKAGE_REMOVED [CONTEXT service_id=17 ]
D/dalvikvm( 1814): GC_FOR_ALLOC freed 382K, 17% free 3672K/4388K, paused 1ms, total 1ms
I/PackageManager( 1567):   Action: "android.intent.action.SENDTO"
I/PackageManager( 1567):   Category: "android.intent.category.DEFAULT"
I/PackageManager( 1567):   Scheme: "smsto"
I/Icing.InternalIcingCorporaProvider( 2279): Updating corpora: A: it.unina.android.ripper, C: MAYBE
W/ContextImpl( 3287): Calling a method in the system process without a qualified user: android.app.ContextImpl.startService:1479 android.content.ContextWrapper.startService:494 android.content.ContextWrapper.startService:494 com.android.keychain.KeyChainBroadcastReceiver.onReceive:12 android.app.ActivityThread.handleReceiver:2419 
I/ActivityManager( 1567): Delay finish: com.android.keychain/.KeyChainBroadcastReceiver
I/PackageManager( 1567): Adding preferred activity ComponentInfo{com.android.mms/com.android.mms.ui.ComposeMessageActivity} for user 0 :
I/PackageManager( 1567): Adding preferred activity ComponentInfo{com.android.mms/com.android.mms.ui.ComposeMessageActivity} for user 0 :
I/ActivityManager( 1567): Resuming delayed broadcast
I/PackageManager( 1567):   Action: "android.intent.action.SENDTO"
I/PackageManager( 1567):   Category: "android.intent.category.DEFAULT"
I/PackageManager( 1567):   Scheme: "mms"
D/BackupManagerService( 1567): Received broadcast Intent { act=android.intent.action.PACKAGE_REMOVED dat=package:it.unina.android.ripper flg=0x4000010 (has extras) }
V/BackupManagerService( 1567): removePackageParticipantsLocked: uid=10070 #1
I/PackageManager( 1567): Adding preferred activity ComponentInfo{com.android.mms/com.android.mms.ui.ComposeMessageActivity} for user 0 :
I/PackageManager( 1567):   Action: "android.intent.action.SENDTO"
I/PackageManager( 1567):   Category: "android.intent.category.DEFAULT"
I/PackageManager( 1567):   Scheme: "mmsto"
I/Icing   ( 2088): doRemovePackageData it.unina.android.ripper
I/Icing   ( 2088): IndexChimeraService.getServiceInterface callingPackage=com.google.android.googlequicksearchbox componentName=null serviceId=21
I/PackageManager( 1567): Adding preferred activity ComponentInfo{com.android.mms/com.android.mms.ui.ComposeMessageActivity} for user 0 :
W/Icing.InternalIcingCorporaProvider( 2279): Application table change notification failed.
D/dalvikvm( 1567): GC_EXPLICIT freed 1716K, 36% free 11244K/17400K, paused 0ms+2ms, total 100ms
W/Icing   ( 2088): No valid account for uploading user actions
I/Icing   ( 2088): Usage reports ok 0, Failed Usage reports 0, indexed 0, rejected 0
I/Icing   ( 2088): Indexing com.google.android.gms-apps from com.google.android.gms
D/AndroidRuntime( 4684): Shutting down VM
D/dalvikvm( 4684): GC_CONCURRENT freed 92K, 15% free 549K/644K, paused 0ms+0ms, total 1ms
I/Icing   ( 2088): Indexing done com.google.android.gms-apps
D/dalvikvm( 1846): GC_FOR_ALLOC freed 527K, 17% free 3559K/4280K, paused 3ms, total 3ms
I/LatinIME:LogUtils( 1761): Dictionary info: dictionary = main:en ; version = 42 ; date = 1381226516
I/DownloadManager( 1846): Download 20 starting
W/DownloadManager( 1846): Aborting request for download 20: TYPE_DISALLOWED_BY_REQUESTOR
I/DownloadManager( 1846): Download 20 finished with status WAITING_FOR_NETWORK
D/AndroidRuntime( 4709): 
D/AndroidRuntime( 4709): >>>>>> AndroidRuntime START com.android.internal.os.RuntimeInit <<<<<<
W/linker  ( 4709): libdvm.so has text relocations. This is wasting memory and is a security risk. Please fix.
D/AndroidRuntime( 4709): CheckJNI is ON
D/dalvikvm( 4709): Trying to load lib libjavacore.so 0x0
D/dalvikvm( 4709): Added shared lib libjavacore.so 0x0
D/dalvikvm( 4709): Trying to load lib libnativehelper.so 0x0
D/dalvikvm( 4709): Added shared lib libnativehelper.so 0x0
D/dalvikvm( 4709): No JNI_OnLoad found in libnativehelper.so 0x0, skipping init
D/dalvikvm( 4709): Note: class Landroid/app/ActivityManagerNative; has 179 unimplemented (abstract) methods
E/memtrack( 4709): Couldn't load memtrack module (No such file or directory)
E/android.os.Debug( 4709): failed to load memtrack module: -2
D/AndroidRuntime( 4709): Calling main entry com.android.commands.pm.Pm
W/ActivityManager( 1567): No content provider found for permission revoke: file:///sdcard/aut.apk
W/ActivityManager( 1567): No content provider found for permission revoke: file:///sdcard/aut.apk
I/PackageManager( 1567): Copying native libraries to /data/app-lib/vmdl-1442154549
W/PackageParser( 1567): Unknown element under <manifest>: module at /data/app/vmdl-1442154549.tmp Binary XML file line #14
D/dalvikvm( 1567): GC_FOR_ALLOC freed 1207K, 31% free 12084K/17400K, paused 8ms, total 8ms
D/dalvikvm( 1567): GC_FOR_ALLOC freed 2115K, 31% free 12015K/17400K, paused 8ms, total 8ms
D/dalvikvm( 1567): GC_FOR_ALLOC freed 2032K, 31% free 12031K/17400K, paused 9ms, total 9ms
D/dalvikvm( 1567): GC_FOR_ALLOC freed 2029K, 31% free 12046K/17400K, paused 8ms, total 8ms
D/dalvikvm( 1567): GC_FOR_ALLOC freed 2034K, 31% free 12055K/17400K, paused 11ms, total 11ms
I/PackageManager( 1567): Running dexopt on: mf.asciitext.lite
W/linker  ( 4721): libdvm.so has text relocations. This is wasting memory and is a security risk. Please fix.
I/dalvikvm( 4721): DexOpt: illegal method access (call Landroid/widget/TextView;.getTextDirectionHeuristic ()Landroid/text/TextDirectionHeuristic; from Lb/b/i/a0$b;)
D/dalvikvm( 4721): DexOpt: load 16ms, verify+opt 62ms, 2110828 bytes
I/ActivityManager( 1567): Force stopping mf.asciitext.lite appid=10071 user=-1: update pkg
I/InputReader( 1567): Reconfiguring input devices.  changes=0x00000010
W/Launcher.Model( 2470): Nobody to tell about the new app.  Launcher is probably loading.
D/Documents( 3227): Used cached roots for com.android.providers.downloads.documents
D/Documents( 3227): Used cached roots for com.android.externalstorage.documents
D/Documents( 3227): Used cached roots for com.android.providers.media.documents
D/Documents( 3227): Update found 6 roots in 4ms
I/PackageManager( 1567):   Action: "android.intent.action.SENDTO"
I/PackageManager( 1567):   Category: "android.intent.category.DEFAULT"
I/PackageManager( 1567):   Scheme: "sms"
I/PackageManager( 1567): Adding preferred activity ComponentInfo{com.android.mms/com.android.mms.ui.ComposeMessageActivity} for user 0 :
D/BackupManagerService( 1567): Received broadcast Intent { act=android.intent.action.PACKAGE_ADDED dat=package:mf.asciitext.lite flg=0x4000010 (has extras) }
V/BackupManagerService( 1567): addPackageParticipantsLocked: #1
D/dalvikvm( 1814): GC_FOR_ALLOC freed 460K, 18% free 3604K/4388K, paused 2ms, total 8ms
I/Auth    ( 2088): [SupervisedAccountIntentOperation] onHandleIntent(): android.intent.action.PACKAGE_ADDED
I/PackageManager( 1567):   Action: "android.intent.action.SENDTO"
I/PackageManager( 1567):   Category: "android.intent.category.DEFAULT"
I/PackageManager( 1567):   Scheme: "smsto"
W/GCM     ( 1775): Unexpected forwarded intent: Intent { act=android.intent.action.PACKAGE_ADDED dat=package:mf.asciitext.lite flg=0x4000010 cmp=com.google.android.gms/.chimera.PersistentIntentOperationService (has extras) }
I/PackageManager( 1567): Adding preferred activity ComponentInfo{com.android.mms/com.android.mms.ui.ComposeMessageActivity} for user 0 :
I/ChromeSync( 2088): [Sync,SyncIntentOperation] Handling the intent: Intent { act=android.intent.action.PACKAGE_ADDED dat=package:mf.asciitext.lite flg=0x4000010 cmp=com.google.android.gms/.chimera.GmsIntentOperationService (has extras) }.
I/PackageManager( 1567):   Action: "android.intent.action.SENDTO"
I/PackageManager( 1567):   Category: "android.intent.category.DEFAULT"
I/PackageManager( 1567):   Scheme: "mms"
W/GCM     ( 1775): Unexpected forwarded intent: Intent { act=android.intent.action.PACKAGE_ADDED dat=package:mf.asciitext.lite flg=0x4000010 cmp=com.google.android.gms/.chimera.PersistentIntentOperationService (has extras) }
I/Icing.InternalIcingCorporaProvider( 2279): Updating corpora: A: mf.asciitext.lite, C: MAYBE
I/PackageManager( 1567): Adding preferred activity ComponentInfo{com.android.mms/com.android.mms.ui.ComposeMessageActivity} for user 0 :
I/PackageManager( 1567):   Action: "android.intent.action.SENDTO"
I/PackageManager( 1567):   Category: "android.intent.category.DEFAULT"
I/PackageManager( 1567):   Scheme: "mmsto"
W/ActivityManager( 1567): Unable to start service Intent { act=com.google.android.gms.auth.key.retrieval.service.START pkg=com.google.android.gms } U=0: not found
I/PackageManager( 1567): Adding preferred activity ComponentInfo{com.android.mms/com.android.mms.ui.ComposeMessageActivity} for user 0 :
I/PackageManager( 1567):   Action: "android.intent.action.SENDTO"
I/PackageManager( 1567):   Category: "android.intent.category.DEFAULT"
I/PackageManager( 1567):   Scheme: "sms"
I/PackageManager( 1567): Adding preferred activity ComponentInfo{com.android.mms/com.android.mms.ui.ComposeMessageActivity} for user 0 :
D/dalvikvm( 1814): GC_FOR_ALLOC freed 392K, 17% free 3671K/4388K, paused 2ms, total 2ms
I/PackageManager( 1567):   Action: "android.intent.action.SENDTO"
I/PackageManager( 1567):   Category: "android.intent.category.DEFAULT"
I/PackageManager( 1567):   Scheme: "smsto"
I/PackageManager( 1567): Adding preferred activity ComponentInfo{com.android.mms/com.android.mms.ui.ComposeMessageActivity} for user 0 :
I/PackageManager( 1567):   Action: "android.intent.action.SENDTO"
I/PackageManager( 1567):   Category: "android.intent.category.DEFAULT"
I/PackageManager( 1567):   Scheme: "mms"
D/dalvikvm( 2088): GC_FOR_ALLOC freed 1860K, 12% free 21492K/24408K, paused 26ms, total 26ms
I/FontLog ( 2088): Package mf.asciitext.lite has no metadata [CONTEXT service_id=132 ]
E/GmsClient( 2088): unable to connect to service: com.google.android.gms.auth.key.retrieval.service.START on com.google.android.gms
I/PackageManager( 1567):   Action: "android.intent.action.SENDTO"
I/PackageManager( 1567):   Category: "android.intent.category.DEFAULT"
I/PackageManager( 1567):   Scheme: "mmsto"
I/PackageManager( 1567): Adding preferred activity ComponentInfo{com.android.mms/com.android.mms.ui.ComposeMessageActivity} for user 0 :
W/ActivityManager( 1567): Unbind failed: could not find connection for android.os.BinderProxy@9d47a5c8
I/PackageManager( 1567): Adding preferred activity ComponentInfo{com.android.mms/com.android.mms.ui.ComposeMessageActivity} for user 0 :
I/Icing   ( 2088): IndexChimeraService.getServiceInterface callingPackage=com.google.android.googlequicksearchbox componentName=null serviceId=21
D/dalvikvm( 1814): GC_FOR_ALLOC freed 366K, 17% free 3667K/4388K, paused 2ms, total 2ms
I/ChromeSync( 2088): [Persistence,AffiliationManager] One of affiliation or grouping data for android://KSmUCdTXmQS-j9D_O8l1jvyu41Pjn2mc5cb0Gvx1e9H1Aj4JCzHs_uTW26nbtH65K-YfijtBsQxGp-8R6k6HFg==@mf.asciitext.lite/ was not found. Marking affiliation data as stale...
D/dalvikvm( 1567): GC_EXPLICIT freed 2737K, 36% free 11197K/17400K, paused 0ms+2ms, total 119ms
D/AndroidRuntime( 4709): Shutting down VM
D/dalvikvm( 4709): GC_CONCURRENT freed 93K, 15% free 552K/648K, paused 0ms+0ms, total 0ms
W/Icing   ( 2088): No valid account for uploading user actions
I/Icing   ( 2088): Usage reports ok 0, Failed Usage reports 0, indexed 0, rejected 0
I/Icing   ( 2088): Indexing com.google.android.googlequicksearchbox-applications from com.google.android.googlequicksearchbox
I/Icing   ( 2088): Indexing com.google.android.gms-apps from com.google.android.gms
I/Icing   ( 2088): Indexing done com.google.android.googlequicksearchbox-applications
I/Icing   ( 2088): Indexing done com.google.android.gms-apps
I/Icing   ( 2088): Indexing com.google.android.gms-internal.3p:MobileApplication from com.google.android.gms
I/Icing   ( 2088): Indexing done com.google.android.gms-internal.3p:MobileApplication
D/AndroidRuntime( 4728): 
D/AndroidRuntime( 4728): >>>>>> AndroidRuntime START com.android.internal.os.RuntimeInit <<<<<<
W/linker  ( 4728): libdvm.so has text relocations. This is wasting memory and is a security risk. Please fix.
D/AndroidRuntime( 4728): CheckJNI is ON
D/dalvikvm( 4728): Trying to load lib libjavacore.so 0x0
D/dalvikvm( 4728): Added shared lib libjavacore.so 0x0
D/dalvikvm( 4728): Trying to load lib libnativehelper.so 0x0
D/dalvikvm( 4728): Added shared lib libnativehelper.so 0x0
D/dalvikvm( 4728): No JNI_OnLoad found in libnativehelper.so 0x0, skipping init
D/dalvikvm( 4728): Note: class Landroid/app/ActivityManagerNative; has 179 unimplemented (abstract) methods
E/memtrack( 4728): Couldn't load memtrack module (No such file or directory)
E/android.os.Debug( 4728): failed to load memtrack module: -2
D/AndroidRuntime( 4728): Calling main entry com.android.commands.pm.Pm
W/ActivityManager( 1567): No content provider found for permission revoke: file:///sdcard/ripper.apk
W/ActivityManager( 1567): No content provider found for permission revoke: file:///sdcard/ripper.apk
I/PackageManager( 1567): Copying native libraries to /data/app-lib/vmdl-265994204
I/PackageParser( 1567): it.unina.android.ripper: compat added android.permission.WRITE_EXTERNAL_STORAGE android.permission.READ_PHONE_STATE
I/PackageManager( 1567): Running dexopt on: it.unina.android.ripper
W/linker  ( 4739): libdvm.so has text relocations. This is wasting memory and is a security risk. Please fix.
D/dalvikvm( 4739): DexOpt: load 2ms, verify+opt 17ms, 936700 bytes
I/ActivityManager( 1567): Force stopping it.unina.android.ripper appid=10072 user=-1: update pkg
W/Launcher.Model( 2470): Nobody to tell about the new app.  Launcher is probably loading.
I/InputReader( 1567): Reconfiguring input devices.  changes=0x00000010
D/Documents( 3227): Used cached roots for com.android.providers.downloads.documents
D/Documents( 3227): Used cached roots for com.android.externalstorage.documents
D/Documents( 3227): Used cached roots for com.android.providers.media.documents
I/PackageManager( 1567):   Action: "android.intent.action.SENDTO"
I/PackageManager( 1567):   Category: "android.intent.category.DEFAULT"
I/PackageManager( 1567):   Scheme: "sms"
I/PackageManager( 1567): Adding preferred activity ComponentInfo{com.android.mms/com.android.mms.ui.ComposeMessageActivity} for user 0 :
D/Documents( 3227): Update found 6 roots in 8ms
I/PackageManager( 1567):   Action: "android.intent.action.SENDTO"
I/PackageManager( 1567):   Category: "android.intent.category.DEFAULT"
I/PackageManager( 1567):   Scheme: "smsto"
D/BackupManagerService( 1567): Received broadcast Intent { act=android.intent.action.PACKAGE_ADDED dat=package:it.unina.android.ripper flg=0x4000010 (has extras) }
V/BackupManagerService( 1567): addPackageParticipantsLocked: #1
I/PackageManager( 1567): Adding preferred activity ComponentInfo{com.android.mms/com.android.mms.ui.ComposeMessageActivity} for user 0 :
I/PackageManager( 1567):   Action: "android.intent.action.SENDTO"
I/PackageManager( 1567):   Category: "android.intent.category.DEFAULT"
I/PackageManager( 1567):   Scheme: "mms"
I/PackageManager( 1567):   Action: "android.intent.action.SENDTO"
I/PackageManager( 1567):   Category: "android.intent.category.DEFAULT"
I/PackageManager( 1567):   Scheme: "mmsto"
I/PackageManager( 1567): Adding preferred activity ComponentInfo{com.android.mms/com.android.mms.ui.ComposeMessageActivity} for user 0 :
I/PackageManager( 1567): Adding preferred activity ComponentInfo{com.android.mms/com.android.mms.ui.ComposeMessageActivity} for user 0 :
W/GCM     ( 1775): Unexpected forwarded intent: Intent { act=android.intent.action.PACKAGE_ADDED dat=package:it.unina.android.ripper flg=0x4000010 cmp=com.google.android.gms/.chimera.PersistentIntentOperationService (has extras) }
W/GCM     ( 1775): Unexpected forwarded intent: Intent { act=android.intent.action.PACKAGE_ADDED dat=package:it.unina.android.ripper flg=0x4000010 cmp=com.google.android.gms/.chimera.PersistentIntentOperationService (has extras) }
D/dalvikvm( 1814): GC_FOR_ALLOC freed 392K, 17% free 3670K/4388K, paused 3ms, total 3ms
