W/dalvikvm( 4756): VFY: unable to resolve virtual method 2647: Landroid/widget/EditText;.setTextClassifier (Landroid/view/textclassifier/TextClassifier;)V
D/dalvikvm( 4756): VFY: replacing opcode 0x6f at 0x000e
I/dalvikvm( 4756): Could not find method android.graphics.Canvas.saveLayer, referenced from method c.b.a.a.z.g.draw
W/dalvikvm( 4756): VFY: unable to resolve virtual method 576: Landroid/graphics/Canvas;.saveLayer (FFFFLandroid/graphics/Paint;)I
D/dalvikvm( 4756): VFY: replacing opcode 0x74 at 0x002a
D/        ( 4756): HostConnection::get() New Host Connection established 0xb7d76d60, tid 4756
D/EGL_emulation( 4756): eglCreateContext: 0xb7d76e80: maj 3 min 0 rcv 3
D/EGL_emulation( 4756): eglMakeCurrent: 0xb7d76e80: ver 3 0
E/eglCodecCommon( 4756): glUtilsParamSize: unknow param 0x00008cdf
E/eglCodecCommon( 4756): glUtilsParamSize: unknow param 0x00008824
E/EGL_emulation( 4756): tid 4756: eglSurfaceAttrib(1199): error 0x3009 (EGL_BAD_MATCH)
W/HardwareRenderer( 4756): Backbuffer cannot be preserved
D/OpenGLRenderer( 4756): Enabling debug mode 0
D/dalvikvm( 4756): GC_CONCURRENT freed 433K, 10% free 5709K/6340K, paused 0ms+0ms, total 6ms
D/dalvikvm( 4756): GC_FOR_ALLOC freed 57K, 11% free 5985K/6652K, paused 3ms, total 3ms
I/ActivityManager( 1567): Displayed mf.asciitext.lite/mf.irregex.MainActivity: +363ms (total +401ms)
I/dalvikvm( 1567): JIT code cache full after ChainingCell (trace uses 336B)
D/dalvikvm( 4756): GC_FOR_ALLOC freed 20K, 10% free 6305K/6964K, paused 1ms, total 1ms
E/dalvikvm( 4756): Could not find class 'android.support.v4.app.FragmentActivity', referenced from method a.a.a.ag.c
W/dalvikvm( 4756): VFY: unable to resolve check-cast 122 (Landroid/support/v4/app/FragmentActivity;) in La/a/a/ag;
D/dalvikvm( 4756): VFY: replacing opcode 0x1f at 0x0008
I/dalvikvm( 4756): Could not find method android.support.v4.app.FragmentActivity.getSupportFragmentManager, referenced from method a.a.a.ag.c
W/dalvikvm( 4756): VFY: unable to resolve virtual method 750: Landroid/support/v4/app/FragmentActivity;.getSupportFragmentManager ()Landroid/support/v4/app/FragmentManager;
D/dalvikvm( 4756): VFY: replacing opcode 0x6e at 0x000e
I/dalvikvm( 4756): Could not find method android.support.v4.app.FragmentActivity.getSupportFragmentManager, referenced from method a.a.a.ag.c
W/dalvikvm( 4756): VFY: unable to resolve virtual method 750: Landroid/support/v4/app/FragmentActivity;.getSupportFragmentManager ()Landroid/support/v4/app/FragmentManager;
D/dalvikvm( 4756): VFY: replacing opcode 0x6e at 0x001a
W/dalvikvm( 4756): VFY: unable to find class referenced in signature (Landroid/support/v4/app/Fragment;)
D/EGL_emulation( 1955): eglMakeCurrent: 0xb7d47060: ver 3 0
W/dalvikvm( 4756): VFY: unable to find class referenced in signature (Landroid/support/v4/app/Fragment;)
I/AndroidRipper( 4756): [RipperTestCase] Ready to operate after restarting...
I/Vision  ( 2088): Requesting optional module download of ocr.
I/Vision  ( 2088): Exceeded maximum feature download tries for ocr
W/Vision  ( 2088): Request of optional module download of ocr failed.
I/Vision  ( 2088): Checking for download completion for 289732 -- ocr
I/ContentMaintenance( 2088): Internal cache bytes used: 0; limit: 39526809; download size: 0
I/RealtimeCacheCleanup( 2088): Beginning Realtime garbage collection.
I/RealtimeCacheCleanup( 2088): Finished Realtime garbage collection.
I/Vision  ( 2088): Requesting optional module download of ocr.
I/Vision  ( 2088): Checking for download completion for 299748 -- ocr
I/ChimeraConfigurator( 2088): Starting update, reason: 4 urgentFeatures: vision.ocr:-1
E/ConfigFileUtils( 2088): Failed to read config file: /data/data/com.google.android.gms/app_chimera/next_container.pb: open failed: ENOENT (No such file or directory)
D/dalvikvm( 2088): GC_FOR_ALLOC freed 2159K, 13% free 21381K/24408K, paused 19ms, total 19ms
I/ChmraDebugLogger( 2088): [73] 1801
I/ChmraDebugLogger( 2088): [30] [VisionOcr.optional:202414000700] permitMetered=true,
W/ChimeraConfigService( 2088): Retry attempt was throttled.
I/Vision  ( 2088): Requesting optional module download of ocr.
I/Vision  ( 2088): Checking for download completion for 309756 -- ocr
V/RipperService( 3716): PING
V/AndroidRipperService( 3716): mHandler.handleMessage() RECIVED
V/AndroidRipperService( 3716): broadcast()
I/AndroidRipper( 4756): Recived message: PING
V/AndroidRipperService( 3716): send()
V/AndroidRipperService( 3716): broadcast() done
V/        ( 3716): ready
V/RipperService( 3716): PING
V/AndroidRipperService( 3716): mHandler.handleMessage() RECIVED
V/AndroidRipperService( 3716): broadcast()
I/AndroidRipper( 4756): Recived message: PING
V/AndroidRipperService( 3716): send()
V/AndroidRipperService( 3716): broadcast() done
V/        ( 3716): ready
D/dalvikvm( 3716): GC_CONCURRENT freed 400K, 17% free 3112K/3728K, paused 0ms+0ms, total 1ms
V/RipperService( 3716): DSC
V/AndroidRipperService( 3716): mHandler.handleMessage() RECIVED
V/AndroidRipperService( 3716): broadcast()
I/AndroidRipper( 4756): Recived message: DSC
V/AndroidRipperService( 3716): broadcast() done
V/        ( 3716): ready
I/AndroidRipper( 4756): [b] Found widget: id=-1 (android.widget.LinearLayout{9d02a9f8 V.E..... ........ 0,0-1080,1794})
I/AndroidRipper( 4756): [b] Found widget: id=16909070 (android.view.ViewStub{9d02a080 G.E..... ......I. 0,0-0,0 #102030e})
I/AndroidRipper( 4756): [b] Found widget: id=-1 (android.widget.FrameLayout{9cfd2080 V.E..... ........ 0,0-1080,1794})
I/AndroidRipper( 4756): [b] Found widget: id=2131296309 (androidx.appcompat.widget.FitWindowsLinearLayout{9cfdf4e8 V.E..... ........ 0,0-1080,1794 #7f090035 app:id/action_bar_root})
I/AndroidRipper( 4756): [b] Found widget: id=2131296320 (androidx.appcompat.widget.ViewStubCompat{9d0159b8 G.E..... ......I. 0,0-0,0 #7f090040 app:id/action_mode_bar_stub})
I/AndroidRipper( 4756): [b] Found widget: id=16908290 (androidx.appcompat.widget.ContentFrameLayout{9cfd6638 V.ED.... ........ 0,0-1080,1794 #1020002 android:id/content})
I/AndroidRipper( 4756): [b] Found widget: id=-1 (android.widget.ScrollView{9cfeef50 VFED.V.. ........ 0,0-1080,1794})
I/AndroidRipper( 4756): [b] Found widget: id=-1 (android.widget.LinearLayout{9d018950 V.E..... ........ 0,0-1080,1539})
I/AndroidRipper( 4756): [b] Found widget: id=-1 (com.google.android.material.textview.MaterialTextView{9d013578 V.ED.... ........ 0,53-1080,332})
I/AndroidRipper( 4756): [b] Found widget: id=-1 (android.widget.LinearLayout{9d01a400 V.E..... ........ 0,332-1080,1539})
I/AndroidRipper( 4756): [b] Found widget: id=-1 (android.view.View{9cfec5e0 V.ED.... ........ 0,0-108,1207})
I/AndroidRipper( 4756): [b] Found widget: id=-1 (androidx.constraintlayout.widget.ConstraintLayout{9cfed1a8 V.E..... ........ 108,0-972,1154})
I/AndroidRipper( 4756): [b] Found widget: id=2131296448 (androidx.appcompat.widget.AppCompatImageView{9d00e0b0 V.ED.... ........ 348,105-516,273 #7f0900c0 app:id/icon})
I/AndroidRipper( 4756): [b] Found widget: id=2131296441 (com.google.android.material.textview.MaterialTextView{9cfe8d90 V.ED.... ........ 0,273-864,430 #7f0900b9 app:id/header})
I/AndroidRipper( 4756): [b] Found widget: id=2131296633 (com.google.android.material.button.MaterialButton{9cfc7930 VFED..C. .F...... 53,430-811,556 #7f090179 app:id/step_1})
I/AndroidRipper( 4756): [b] Found widget: id=2131296634 (com.google.android.material.button.MaterialButton{9cfe6e08 VF.D..C. ........ 53,556-811,682 #7f09017a app:id/step_2})
I/AndroidRipper( 4756): [b] Found widget: id=2131296695 (com.google.android.material.textview.MaterialTextView{9cfc5c38 V.ED.... ........ 0,682-864,839 #7f0901b7 app:id/try_hint})
I/AndroidRipper( 4756): [b] Found widget: id=2131296658 (com.google.android.material.textfield.TextInputLayout{9d27ab28 V.ED.... ........ 53,839-811,1049 #7f090192 app:id/test_input})
I/AndroidRipper( 4756): [b] Found widget: id=-1 (android.widget.FrameLayout{9d2535a0 V.E..... ........ 0,14-758,210})
I/AndroidRipper( 4756): [b] Found widget: id=2131296676 (b.b.i.z{9d2310c8 I.ED.... ......ID 0,0-758,196 #7f0901a4 app:id/textinput_placeholder})
I/AndroidRipper( 4756): [b] Found widget: id=-1 (com.google.android.material.textfield.TextInputEditText{9d269480 VFED..CL ........ 0,0-758,196})
I/AndroidRipper( 4756): [b] Found widget: id=-1 (android.widget.LinearLayout{9d2537d0 V.E..... ......ID 0,0-0,196})
I/AndroidRipper( 4756): [b] Found widget: id=2131296671 (com.google.android.material.internal.CheckableImageButton{9d257700 G.ED.... ......I. 0,0-0,0 #7f09019f app:id/text_input_start_icon})
I/AndroidRipper( 4756): [b] Found widget: id=2131296677 (b.b.i.z{9d237d38 G.ED.... ......ID 0,0-0,0 #7f0901a5 app:id/textinput_prefix_text})
I/AndroidRipper( 4756): [b] Found widget: id=-1 (android.widget.LinearLayout{9d258f48 V.E..... ......ID 758,0-758,196})
D/dalvikvm( 4756): GC_CONCURRENT freed 1011K, 17% free 6350K/7584K, paused 1ms+1ms, total 3ms
I/AndroidRipper( 4756): [b] Found widget: id=2131296678 (b.b.i.z{9d234a80 G.ED.... ......ID 0,0-0,0 #7f0901a6 app:id/textinput_suffix_text})
I/AndroidRipper( 4756): [b] Found widget: id=-1 (android.widget.FrameLayout{9d2592c0 V.E..... ......ID 0,0-0,196})
I/AndroidRipper( 4756): [b] Found widget: id=2131296669 (com.google.android.material.internal.CheckableImageButton{9d25c360 GFED..C. ......I. 0,0-0,0 #7f09019d app:id/text_input_end_icon})
I/AndroidRipper( 4756): [b] Found widget: id=2131296670 (com.google.android.material.internal.CheckableImageButton{9d27bed0 G.ED.... ......I. 0,0-0,0 #7f09019e app:id/text_input_error_icon})
I/AndroidRipper( 4756): [b] Found widget: id=-1 (android.view.View{9d242b28 V.ED.... ........ 972,0-1080,1207})
I/AndroidRipper( 4756): [b] Found widget: id=-1 (com.android.internal.policy.impl.PhoneWindow$DecorView{9cfeaf60 V.E..... R....... 0,0-1080,1794})
V/AndroidRipperService( 3716): send()
V/RipperService( 3716): INP
V/AndroidRipperService( 3716): mHandler.handleMessage() RECIVED
V/AndroidRipperService( 3716): broadcast()
I/AndroidRipper( 4756): Recived message: INP
V/RipperTestCase( 4756): START_INPUT[6|0+|1629085874522]
V/AndroidRipperService( 3716): broadcast() done
V/        ( 3716): ready
I/AndroidRipper( 4756): [b] Retrieving widgets
I/AndroidRipper( 4756): [b] Found widget: id=-1 (android.widget.LinearLayout{9d02a9f8 V.E..... ........ 0,0-1080,1794})
I/AndroidRipper( 4756): [b] Found widget: id=16909070 (android.view.ViewStub{9d02a080 G.E..... ......I. 0,0-0,0 #102030e})
I/AndroidRipper( 4756): [b] Found widget: id=-1 (android.widget.FrameLayout{9cfd2080 V.E..... ........ 0,0-1080,1794})
I/AndroidRipper( 4756): [b] Found widget: id=2131296309 (androidx.appcompat.widget.FitWindowsLinearLayout{9cfdf4e8 V.E..... ........ 0,0-1080,1794 #7f090035 app:id/action_bar_root})
I/AndroidRipper( 4756): [b] Found widget: id=2131296320 (androidx.appcompat.widget.ViewStubCompat{9d0159b8 G.E..... ......I. 0,0-0,0 #7f090040 app:id/action_mode_bar_stub})
I/AndroidRipper( 4756): [b] Found widget: id=16908290 (androidx.appcompat.widget.ContentFrameLayout{9cfd6638 V.ED.... ........ 0,0-1080,1794 #1020002 android:id/content})
I/AndroidRipper( 4756): [b] Found widget: id=-1 (android.widget.ScrollView{9cfeef50 VFED.V.. ........ 0,0-1080,1794})
I/AndroidRipper( 4756): [b] Found widget: id=-1 (android.widget.LinearLayout{9d018950 V.E..... ........ 0,0-1080,1539})
I/AndroidRipper( 4756): [b] Found widget: id=-1 (com.google.android.material.textview.MaterialTextView{9d013578 V.ED.... ........ 0,53-1080,332}): Welcome to
I/AndroidRipper( 4756): Irregular Expressions
I/AndroidRipper( 4756): keyboard!
I/AndroidRipper( 4756): [b] Found widget: id=-1 (android.widget.LinearLayout{9d01a400 V.E..... ........ 0,332-1080,1539})
I/AndroidRipper( 4756): [b] Found widget: id=-1 (android.view.View{9cfec5e0 V.ED.... ........ 0,0-108,1207})
I/AndroidRipper( 4756): [b] Found widget: id=-1 (androidx.constraintlayout.widget.ConstraintLayout{9cfed1a8 V.E..... ........ 108,0-972,1154})
I/AndroidRipper( 4756): [b] Found widget: id=2131296448 (androidx.appcompat.widget.AppCompatImageView{9d00e0b0 V.ED.... ........ 348,105-516,273 #7f0900c0 app:id/icon})
I/AndroidRipper( 4756): [b] Found widget: id=2131296441 (com.google.android.material.textview.MaterialTextView{9cfe8d90 V.ED.... ........ 0,273-864,430 #7f0900b9 app:id/header}): How to use
I/AndroidRipper( 4756): [b] Found widget: id=2131296633 (com.google.android.material.button.MaterialButton{9cfc7930 VFED..C. .F...... 53,430-811,556 #7f090179 app:id/step_1}): 1. Enable Keyboard
I/AndroidRipper( 4756): [b] Found widget: id=2131296634 (com.google.android.material.button.MaterialButton{9cfe6e08 VF.D..C. ........ 53,556-811,682 #7f09017a app:id/step_2}): 2. Select Keyboard
I/AndroidRipper( 4756): [b] Found widget: id=2131296695 (com.google.android.material.textview.MaterialTextView{9cfc5c38 V.ED.... ........ 0,682-864,839 #7f0901b7 app:id/try_hint}): 3. Now try it  type here:
I/AndroidRipper( 4756): [b] Found widget: id=2131296658 (com.google.android.material.textfield.TextInputLayout{9d27ab28 V.ED.... ........ 53,839-811,1049 #7f090192 app:id/test_input})
I/AndroidRipper( 4756): [b] Found widget: id=-1 (android.widget.FrameLayout{9d2535a0 V.E..... ........ 0,14-758,210})
I/AndroidRipper( 4756): [b] Found widget: id=2131296676 (b.b.i.z{9d2310c8 I.ED.... ......ID 0,0-758,196 #7f0901a4 app:id/textinput_placeholder}): 
I/AndroidRipper( 4756): [b] Found widget: id=-1 (com.google.android.material.textfield.TextInputEditText{9d269480 VFED..CL ........ 0,0-758,196}): 
I/AndroidRipper( 4756): [b] Found widget: id=-1 (android.widget.LinearLayout{9d2537d0 V.E..... ......ID 0,0-0,196})
I/AndroidRipper( 4756): [b] Found widget: id=2131296671 (com.google.android.material.internal.CheckableImageButton{9d257700 G.ED.... ......I. 0,0-0,0 #7f09019f app:id/text_input_start_icon})
I/AndroidRipper( 4756): [b] Found widget: id=2131296677 (b.b.i.z{9d237d38 G.ED.... ......ID 0,0-0,0 #7f0901a5 app:id/textinput_prefix_text}): 
I/AndroidRipper( 4756): [b] Found widget: id=-1 (android.widget.LinearLayout{9d258f48 V.E..... ......ID 758,0-758,196})
I/AndroidRipper( 4756): [b] Found widget: id=2131296678 (b.b.i.z{9d234a80 G.ED.... ......ID 0,0-0,0 #7f0901a6 app:id/textinput_suffix_text}): 
I/AndroidRipper( 4756): [b] Found widget: id=-1 (android.widget.FrameLayout{9d2592c0 V.E..... ......ID 0,0-0,196})
I/AndroidRipper( 4756): [b] Found widget: id=2131296669 (com.google.android.material.internal.CheckableImageButton{9d25c360 GFED..C. ......I. 0,0-0,0 #7f09019d app:id/text_input_end_icon})
I/AndroidRipper( 4756): [b] Found widget: id=2131296670 (com.google.android.material.internal.CheckableImageButton{9d27bed0 G.ED.... ......I. 0,0-0,0 #7f09019e app:id/text_input_error_icon})
I/AndroidRipper( 4756): [b] Found widget: id=-1 (android.view.View{9d242b28 V.ED.... ........ 972,0-1080,1207})
I/AndroidRipper( 4756): [b] Found widget: id=-1 (com.android.internal.policy.impl.PhoneWindow$DecorView{9cfeaf60 V.E..... R....... 0,0-1080,1794})
V/RipperService( 3716): EVT
V/AndroidRipperService( 3716): mHandler.handleMessage() RECIVED
V/AndroidRipperService( 3716): broadcast()
V/AndroidRipperService( 3716): broadcast() done
V/        ( 3716): ready
D/dalvikvm( 3716): GC_CONCURRENT freed 435K, 18% free 3082K/3728K, paused 2ms+0ms, total 4ms
D/dalvikvm( 1567): JIT code cache reset in 0 ms (522932 bytes 2/0)
V/AndroidRipperService( 3716): send()
V/RipperTestCase( 4756): END_INPUT[6|0|1629085874542]
I/AndroidRipper( 4756): Recived message: EVT
V/RipperTestCase( 4756): START_EVENT[6|1629085874542]
I/AndroidRipper( 4756): [b] Retrieved from return list id=2131296633
I/AndroidRipper( 4756): [b] Testing for type (com.google.android.material.button.MaterialButton) against the original (button)
I/AndroidRipper( 4756): [b] Testing for name (1. Enable Keyboard) against the original (1. Enable Keyboard)
D/dalvikvm( 1567): GC_FOR_ALLOC freed 2774K, 40% free 10535K/17400K, paused 9ms, total 10ms
V/RipperService( 3716): PING
V/AndroidRipperService( 3716): mHandler.handleMessage() RECIVED
V/AndroidRipperService( 3716): broadcast()
V/AndroidRipperService( 3716): broadcast() done
V/        ( 3716): ready
D/gralloc_ranchu( 1144): gralloc_alloc: Creating ashmem region of size 1323008
E/SoundPool( 1567): error loading /system/media/audio/ui/Effect_Tick.ogg
W/AudioService( 1567): Soundpool could not load file: /system/media/audio/ui/Effect_Tick.ogg
E/SoundPool( 1567): error loading /system/media/audio/ui/Effect_Tick.ogg
W/AudioService( 1567): Soundpool could not load file: /system/media/audio/ui/Effect_Tick.ogg
E/SoundPool( 1567): error loading /system/media/audio/ui/Effect_Tick.ogg
W/AudioService( 1567): Soundpool could not load file: /system/media/audio/ui/Effect_Tick.ogg
E/SoundPool( 1567): error loading /system/media/audio/ui/Effect_Tick.ogg
W/AudioService( 1567): Soundpool could not load file: /system/media/audio/ui/Effect_Tick.ogg
E/SoundPool( 1567): error loading /system/media/audio/ui/Effect_Tick.ogg
W/AudioService( 1567): Soundpool could not load file: /system/media/audio/ui/Effect_Tick.ogg
I/ActivityManager( 1567): START u0 {act=android.settings.INPUT_METHOD_SETTINGS flg=0x10000000 cmp=com.android.settings/.Settings$InputMethodAndLanguageSettingsActivity} from pid 4756
E/SoundPool( 1567): error loading /system/media/audio/ui/KeypressStandard.ogg
W/AudioService( 1567): Soundpool could not load file: /system/media/audio/ui/KeypressStandard.ogg
E/SoundPool( 1567): error loading /system/media/audio/ui/KeypressSpacebar.ogg
W/AudioService( 1567): Soundpool could not load file: /system/media/audio/ui/KeypressSpacebar.ogg
E/SoundPool( 1567): error loading /system/media/audio/ui/KeypressDelete.ogg
W/AudioService( 1567): Soundpool could not load file: /system/media/audio/ui/KeypressDelete.ogg
E/SoundPool( 1567): error loading /system/media/audio/ui/KeypressReturn.ogg
W/AudioService( 1567): Soundpool could not load file: /system/media/audio/ui/KeypressReturn.ogg
E/SoundPool( 1567): error loading /system/media/audio/ui/KeypressInvalid.ogg
W/AudioService( 1567): Soundpool could not load file: /system/media/audio/ui/KeypressInvalid.ogg
W/AudioService( 1567): onLoadSoundEffects(), Error -1 while loading samples
D/dalvikvm( 1567): GC_FOR_ALLOC freed 518K, 32% free 11893K/17400K, paused 8ms, total 8ms
D/dalvikvm( 4756): GC_FOR_ALLOC freed 796K, 15% free 6451K/7584K, paused 4ms, total 4ms
D/dalvikvm( 4756): GC_FOR_ALLOC freed 327K, 16% free 6444K/7584K, paused 1ms, total 2ms
D/gralloc_ranchu( 1144): gralloc_alloc: Creating ashmem region of size 7753728
W/InputMethodSettingValuesWrapper( 3825): ascii capable subtype enabled imi not found. Fall back to English Keyboard subtype.
W/InputMethodSettingValuesWrapper( 3825): ascii capable subtype enabled imi not found. Fall back to English Keyboard subtype.
W/InputMethodSettingValuesWrapper( 3825): ascii capable subtype enabled imi not found. Fall back to English Keyboard subtype.
W/InputMethodSettingValuesWrapper( 3825): ascii capable subtype enabled imi not found. Fall back to English Keyboard subtype.
W/InputMethodUtils( 3825): Found no subtypes in a system IME: com.android.inputmethod.pinyin
D/gralloc_ranchu( 1144): gralloc_alloc: Creating ashmem region of size 7753728
D/EGL_emulation( 3825): eglMakeCurrent: 0xb7d37820: ver 3 0
E/EGL_emulation( 3825): tid 3825: eglSurfaceAttrib(1199): error 0x3009 (EGL_BAD_MATCH)
W/HardwareRenderer( 3825): Backbuffer cannot be preserved
I/ActivityManager( 1567): Displayed com.android.settings/.Settings$InputMethodAndLanguageSettingsActivity: +226ms
V/AndroidRipperService( 3716): send()
V/RipperTestCase( 4756): END_EVENT[6|1629085875854]
I/AndroidRipper( 4756): Recived message: PING
V/AndroidRipperService( 3716): send()
V/RipperService( 3716): END
V/AndroidRipperService( 3716): mHandler.handleMessage() RECIVED
V/AndroidRipperService( 3716): broadcast()
I/AndroidRipper( 4756): Recived message: END
V/AndroidRipperService( 3716): send()
V/AndroidRipperService( 3716): broadcast() done
V/        ( 3716): ready
D/AndroidRuntime( 4821): 
D/AndroidRuntime( 4821): >>>>>> AndroidRuntime START com.android.internal.os.RuntimeInit <<<<<<
W/linker  ( 4821): libdvm.so has text relocations. This is wasting memory and is a security risk. Please fix.
D/AndroidRuntime( 4821): CheckJNI is ON
V/AndroidRipperService( 3716): unregister()
V/AndroidRipperService( 3716): unregister()
D/dalvikvm( 4821): Trying to load lib libjavacore.so 0x0
D/dalvikvm( 4821): Added shared lib libjavacore.so 0x0
D/dalvikvm( 4821): Trying to load lib libnativehelper.so 0x0
D/dalvikvm( 4821): Added shared lib libnativehelper.so 0x0
D/dalvikvm( 4821): No JNI_OnLoad found in libnativehelper.so 0x0, skipping init
D/dalvikvm( 4756): GC_EXPLICIT freed 983K, 24% free 5815K/7584K, paused 0ms+1ms, total 4ms
D/dalvikvm( 4821): Note: class Landroid/app/ActivityManagerNative; has 179 unimplemented (abstract) methods
D/dalvikvm( 4756): GC_EXPLICIT freed 6K, 24% free 5811K/7584K, paused 0ms+0ms, total 3ms
I/TestRunner( 4756): finished: testApplication(it.unina.android.ripper.RipperTestCase)
I/TestRunner( 4756): passed: testApplication(it.unina.android.ripper.RipperTestCase)
D/AndroidRuntime( 4745): Shutting down VM
D/dalvikvm( 4745): GC_CONCURRENT freed 96K, 16% free 556K/656K, paused 0ms+0ms, total 1ms
E/memtrack( 4821): Couldn't load memtrack module (No such file or directory)
E/android.os.Debug( 4821): failed to load memtrack module: -2
D/AndroidRuntime( 4821): Calling main entry com.android.commands.pm.Pm
D/AndroidRuntime( 4821): Shutting down VM
D/dalvikvm( 4821): GC_CONCURRENT freed 93K, 15% free 557K/652K, paused 0ms+0ms, total 0ms
D/AndroidRuntime( 4832): 
D/AndroidRuntime( 4832): >>>>>> AndroidRuntime START com.android.internal.os.RuntimeInit <<<<<<
W/linker  ( 4832): libdvm.so has text relocations. This is wasting memory and is a security risk. Please fix.
D/AndroidRuntime( 4832): CheckJNI is ON
D/dalvikvm( 4832): Trying to load lib libjavacore.so 0x0
D/dalvikvm( 4832): Added shared lib libjavacore.so 0x0
D/dalvikvm( 4832): Trying to load lib libnativehelper.so 0x0
D/dalvikvm( 4832): Added shared lib libnativehelper.so 0x0
D/dalvikvm( 4832): No JNI_OnLoad found in libnativehelper.so 0x0, skipping init
D/dalvikvm( 4832): Note: class Landroid/app/ActivityManagerNative; has 179 unimplemented (abstract) methods
E/memtrack( 4832): Couldn't load memtrack module (No such file or directory)
E/android.os.Debug( 4832): failed to load memtrack module: -2
D/AndroidRuntime( 4832): Calling main entry com.android.commands.pm.Pm
W/InputDispatcher( 1567): channel '9d37fd08 mf.asciitext.lite/mf.irregex.MainActivity (server)' ~ Consumer closed input channel or an error occurred.  events=0x9
E/InputDispatcher( 1567): channel '9d37fd08 mf.asciitext.lite/mf.irregex.MainActivity (server)' ~ Channel is unrecoverably broken and will be disposed!
I/ActivityManager( 1567): Force stopping mf.asciitext.lite appid=10071 user=0: finished inst
I/ActivityManager( 1567): Killing 4756:mf.asciitext.lite/u0a71 (adj 0): stop mf.asciitext.lite
I/ActivityManager( 1567):   Force finishing activity ActivityRecord{9d29de48 u0 mf.asciitext.lite/mf.irregex.MainActivity t12}
W/InputDispatcher( 1567): Attempted to unregister already unregistered input channel '9d37fd08 mf.asciitext.lite/mf.irregex.MainActivity (server)'
I/GeofencerStateMachine( 1775): removeGeofences: removeRequest=RemoveGeofencingRequest[REMOVE_ALL packageName=mf.asciitext.lite]
D/Documents( 3227): Used cached roots for com.android.providers.downloads.documents
D/Documents( 3227): Used cached roots for com.android.externalstorage.documents
D/Documents( 3227): Used cached roots for com.android.providers.media.documents
D/Documents( 3227): Update found 6 roots in 2ms
I/ActivityManager( 1567): Force stopping mf.asciitext.lite appid=10071 user=0: clear data
I/WindowState( 1567): WIN DEATH: Window{9d37fd08 u0 mf.asciitext.lite/mf.irregex.MainActivity}
D/keystore( 1149): calling clear_uid in state: 3
I/Icing   ( 2088): doRemovePackageData mf.asciitext.lite
D/AndroidRuntime( 4832): Shutting down VM
D/dalvikvm( 4832): GC_CONCURRENT freed 92K, 15% free 549K/644K, paused 0ms+0ms, total 0ms
D/dalvikvm( 1775): GC_FOR_ALLOC freed 2069K, 23% free 10080K/13016K, paused 15ms, total 15ms
I/Fitness ( 1775): FitCleanupIntentOperation received Intent android.intent.action.PACKAGE_DATA_CLEARED [CONTEXT service_id=17 ]
D/AndroidRuntime( 4856): 
D/AndroidRuntime( 4856): >>>>>> AndroidRuntime START com.android.internal.os.RuntimeInit <<<<<<
W/linker  ( 4856): libdvm.so has text relocations. This is wasting memory and is a security risk. Please fix.
D/AndroidRuntime( 4856): CheckJNI is ON
D/dalvikvm( 4856): Trying to load lib libjavacore.so 0x0
D/dalvikvm( 4856): Added shared lib libjavacore.so 0x0
D/dalvikvm( 4856): Trying to load lib libnativehelper.so 0x0
D/dalvikvm( 4856): Added shared lib libnativehelper.so 0x0
D/dalvikvm( 4856): No JNI_OnLoad found in libnativehelper.so 0x0, skipping init
D/dalvikvm( 4856): Note: class Landroid/app/ActivityManagerNative; has 179 unimplemented (abstract) methods
E/memtrack( 4856): Couldn't load memtrack module (No such file or directory)
E/android.os.Debug( 4856): failed to load memtrack module: -2
D/AndroidRuntime( 4856): Calling main entry com.android.commands.pm.Pm
I/ActivityManager( 1567): Force stopping mf.asciitext.lite appid=10071 user=-1: uninstall pkg
W/PackageManager( 1567): Couldn't delete native library directory /data/app-lib/mf.asciitext.lite
D/keystore( 1149): calling clear_uid in state: 3
D/dalvikvm( 1955): GC_EXPLICIT freed 8625K, 35% free 17818K/27276K, paused 0ms+0ms, total 3ms
D/dalvikvm( 3825): GC_EXPLICIT freed 563K, 11% free 6408K/7168K, paused 0ms+0ms, total 4ms
I/ActivityManager( 1567): Force stopping mf.asciitext.lite appid=10071 user=0: pkg removed
D/dalvikvm( 2279): GC_EXPLICIT freed 214K, 19% free 3414K/4168K, paused 0ms+0ms, total 2ms
D/dalvikvm( 2470): GC_EXPLICIT freed 162K, 17% free 3445K/4148K, paused 0ms+0ms, total 2ms
I/GeofencerStateMachine( 1775): removeGeofences: removeRequest=RemoveGeofencingRequest[REMOVE_ALL packageName=mf.asciitext.lite]
D/Documents( 3227): Used cached roots for com.android.providers.downloads.documents
D/Documents( 3227): Used cached roots for com.android.externalstorage.documents
D/Documents( 3227): Used cached roots for com.android.providers.media.documents
D/Documents( 3227): Update found 6 roots in 0ms
I/InputReader( 1567): Reconfiguring input devices.  changes=0x00000010
W/Launcher.Model( 2470): Nobody to tell about the new app.  Launcher is probably loading.
I/Launcher( 1955): Deferring update until onResume
I/Launcher( 1955): Deferring update until onResume
I/InputMethodManagerService( 1567): Input method uninstalled, disabling: ComponentInfo{mf.asciitext.lite/mf.irregex.keyboard.MyInputMethodService}
D/BackupManagerService( 1567): Received broadcast Intent { act=android.intent.action.PACKAGE_REMOVED dat=package:mf.asciitext.lite flg=0x4000010 (has extras) }
V/BackupManagerService( 1567): removePackageParticipantsLocked: uid=10071 #1
D/VoicemailCleanupService( 1859): Cleaning up data for package: mf.asciitext.lite
I/PackageManager( 1567):   Action: "android.intent.action.SENDTO"
I/PackageManager( 1567):   Category: "android.intent.category.DEFAULT"
I/PackageManager( 1567):   Scheme: "sms"
I/PackageManager( 1567):   Action: "android.intent.action.SENDTO"
I/PackageManager( 1567):   Category: "android.intent.category.DEFAULT"
I/PackageManager( 1567):   Scheme: "smsto"
I/PackageManager( 1567): Adding preferred activity ComponentInfo{com.android.mms/com.android.mms.ui.ComposeMessageActivity} for user 0 :
I/PackageManager( 1567): Adding preferred activity ComponentInfo{com.android.mms/com.android.mms.ui.ComposeMessageActivity} for user 0 :
D/dalvikvm( 2088): GC_EXPLICIT freed 718K, 13% free 21275K/24408K, paused 1ms+1ms, total 35ms
I/PackageManager( 1567):   Action: "android.intent.action.SENDTO"
I/PackageManager( 1567):   Category: "android.intent.category.DEFAULT"
I/PackageManager( 1567):   Scheme: "mms"
I/PackageManager( 1567): Adding preferred activity ComponentInfo{com.android.mms/com.android.mms.ui.ComposeMessageActivity} for user 0 :
D/dalvikvm( 1814): GC_FOR_ALLOC freed 398K, 17% free 3668K/4388K, paused 3ms, total 3ms
I/PackageManager( 1567):   Action: "android.intent.action.SENDTO"
I/PackageManager( 1567):   Category: "android.intent.category.DEFAULT"
I/PackageManager( 1567):   Scheme: "mmsto"
D/dalvikvm( 1567): GC_EXPLICIT freed 3134K, 38% free 10806K/17400K, paused 5ms+1ms, total 20ms
D/dalvikvm( 1567): WAIT_FOR_CONCURRENT_GC blocked 7ms
D/dalvikvm( 1567): WAIT_FOR_CONCURRENT_GC blocked 8ms
I/PackageManager( 1567): Adding preferred activity ComponentInfo{com.android.mms/com.android.mms.ui.ComposeMessageActivity} for user 0 :
D/AndroidRuntime( 4856): Shutting down VM
D/dalvikvm( 4856): GC_CONCURRENT freed 92K, 15% free 549K/644K, paused 0ms+0ms, total 0ms
I/PackageManager( 1567):   Action: "android.intent.action.SENDTO"
I/PackageManager( 1567):   Category: "android.intent.category.DEFAULT"
I/PackageManager( 1567):   Scheme: "sms"
I/PackageManager( 1567): Adding preferred activity ComponentInfo{com.android.mms/com.android.mms.ui.ComposeMessageActivity} for user 0 :
I/PackageManager( 1567):   Action: "android.intent.action.SENDTO"
I/PackageManager( 1567):   Category: "android.intent.category.DEFAULT"
I/PackageManager( 1567):   Scheme: "smsto"
I/PackageManager( 1567): Adding preferred activity ComponentInfo{com.android.mms/com.android.mms.ui.ComposeMessageActivity} for user 0 :
D/dalvikvm( 1814): GC_FOR_ALLOC freed 354K, 17% free 3670K/4388K, paused 1ms, total 1ms
I/PackageManager( 1567):   Action: "android.intent.action.SENDTO"
I/PackageManager( 1567):   Category: "android.intent.category.DEFAULT"
I/PackageManager( 1567):   Scheme: "mms"
I/PackageManager( 1567):   Action: "android.intent.action.SENDTO"
I/PackageManager( 1567):   Category: "android.intent.category.DEFAULT"
I/PackageManager( 1567):   Scheme: "mmsto"
I/PackageManager( 1567): Adding preferred activity ComponentInfo{com.android.mms/com.android.mms.ui.ComposeMessageActivity} for user 0 :
I/PackageManager( 1567): Adding preferred activity ComponentInfo{com.android.mms/com.android.mms.ui.ComposeMessageActivity} for user 0 :
W/Launcher( 2470): setApplicationContext called twice! old=com.google.android.velvet.VelvetApplication@9cfd6928 new=com.google.android.velvet.VelvetApplication@9cfd6928
I/Icing.InternalIcingCorporaProvider( 2279): Updating corpora: A: mf.asciitext.lite, C: MAYBE
W/ContextImpl( 3287): Calling a method in the system process without a qualified user: android.app.ContextImpl.startService:1479 android.content.ContextWrapper.startService:494 android.content.ContextWrapper.startService:494 com.android.keychain.KeyChainBroadcastReceiver.onReceive:12 android.app.ActivityThread.handleReceiver:2419 
I/Icing   ( 2088): doRemovePackageData mf.asciitext.lite
I/LatinIME:LogUtils( 1761): Dictionary info: dictionary = main:en ; version = 42 ; date = 1381226516
I/Fitness ( 1775): FitCleanupIntentOperation received Intent android.intent.action.PACKAGE_REMOVED [CONTEXT service_id=17 ]
W/ContextImpl( 2279): Implicit intents with startService are not safe: Intent { act=com.google.android.gms.icing.INDEX_SERVICE } android.content.ContextWrapper.bindService:517 com.google.android.gms.internal.av.a:-1 com.google.android.gms.internal.au.connect:-1 
I/Icing   ( 2088): IndexChimeraService.getServiceInterface callingPackage=com.google.android.googlequicksearchbox componentName=null serviceId=21
I/DownloadManager( 1846): Download 21 starting
I/Icing   ( 2088): IndexChimeraService.getServiceInterface callingPackage=com.google.android.gms componentName=AppsCorpus serviceId=36
W/Icing   ( 2088): No valid account for uploading user actions
W/DownloadManager( 1846): Aborting request for download 21: TYPE_DISALLOWED_BY_REQUESTOR
I/Icing   ( 2088): Usage reports ok 0, Failed Usage reports 0, indexed 0, rejected 0
I/DownloadManager( 1846): Download 21 finished with status WAITING_FOR_NETWORK
W/Icing   ( 2088): No valid account for uploading user actions
I/Icing   ( 2088): Usage reports ok 0, Failed Usage reports 0, indexed 0, rejected 0
I/Icing   ( 2088): Indexing com.google.android.googlequicksearchbox-applications from com.google.android.googlequicksearchbox
I/Icing   ( 2088): Indexing com.google.android.gms-internal.3p:MobileApplication from com.google.android.gms
I/Icing   ( 2088): Indexing com.google.android.gms-apps from com.google.android.gms
I/Icing   ( 2088): Indexing done com.google.android.googlequicksearchbox-applications
I/Icing   ( 2088): Indexing done com.google.android.gms-internal.3p:MobileApplication
I/Icing   ( 2088): Indexing done com.google.android.gms-apps
D/AndroidRuntime( 4884): 
D/AndroidRuntime( 4884): >>>>>> AndroidRuntime START com.android.internal.os.RuntimeInit <<<<<<
W/linker  ( 4884): libdvm.so has text relocations. This is wasting memory and is a security risk. Please fix.
D/AndroidRuntime( 4884): CheckJNI is ON
D/dalvikvm( 4884): Trying to load lib libjavacore.so 0x0
D/dalvikvm( 4884): Added shared lib libjavacore.so 0x0
D/dalvikvm( 4884): Trying to load lib libnativehelper.so 0x0
D/dalvikvm( 4884): Added shared lib libnativehelper.so 0x0
D/dalvikvm( 4884): No JNI_OnLoad found in libnativehelper.so 0x0, skipping init
D/dalvikvm( 4884): Note: class Landroid/app/ActivityManagerNative; has 179 unimplemented (abstract) methods
E/memtrack( 4884): Couldn't load memtrack module (No such file or directory)
E/android.os.Debug( 4884): failed to load memtrack module: -2
D/AndroidRuntime( 4884): Calling main entry com.android.commands.pm.Pm
D/AndroidRuntime( 4884): Shutting down VM
D/dalvikvm( 4884): GC_CONCURRENT freed 93K, 15% free 557K/652K, paused 0ms+1ms, total 1ms
D/AndroidRuntime( 4895): 
D/AndroidRuntime( 4895): >>>>>> AndroidRuntime START com.android.internal.os.RuntimeInit <<<<<<
W/linker  ( 4895): libdvm.so has text relocations. This is wasting memory and is a security risk. Please fix.
D/AndroidRuntime( 4895): CheckJNI is ON
D/dalvikvm( 4895): Trying to load lib libjavacore.so 0x0
D/dalvikvm( 4895): Added shared lib libjavacore.so 0x0
D/dalvikvm( 4895): Trying to load lib libnativehelper.so 0x0
D/dalvikvm( 4895): Added shared lib libnativehelper.so 0x0
D/dalvikvm( 4895): No JNI_OnLoad found in libnativehelper.so 0x0, skipping init
D/dalvikvm( 4895): Note: class Landroid/app/ActivityManagerNative; has 179 unimplemented (abstract) methods
E/memtrack( 4895): Couldn't load memtrack module (No such file or directory)
E/android.os.Debug( 4895): failed to load memtrack module: -2
D/AndroidRuntime( 4895): Calling main entry com.android.commands.pm.Pm
I/GeofencerStateMachine( 1775): removeGeofences: removeRequest=RemoveGeofencingRequest[REMOVE_ALL packageName=it.unina.android.ripper]
D/Documents( 3227): Used cached roots for com.android.providers.downloads.documents
D/Documents( 3227): Used cached roots for com.android.externalstorage.documents
D/Documents( 3227): Used cached roots for com.android.providers.media.documents
D/Documents( 3227): Update found 6 roots in 0ms
D/keystore( 1149): calling clear_uid in state: 3
D/AndroidRuntime( 4895): Shutting down VM
D/dalvikvm( 4895): GC_CONCURRENT freed 92K, 15% free 549K/644K, paused 0ms+0ms, total 0ms
I/Icing   ( 2088): doRemovePackageData it.unina.android.ripper
I/ActivityManager( 1567): Force stopping it.unina.android.ripper appid=10072 user=0: clear data
I/Fitness ( 1775): FitCleanupIntentOperation received Intent android.intent.action.PACKAGE_DATA_CLEARED [CONTEXT service_id=17 ]
D/AndroidRuntime( 4911): 
D/AndroidRuntime( 4911): >>>>>> AndroidRuntime START com.android.internal.os.RuntimeInit <<<<<<
W/linker  ( 4911): libdvm.so has text relocations. This is wasting memory and is a security risk. Please fix.
D/AndroidRuntime( 4911): CheckJNI is ON
D/dalvikvm( 4911): Trying to load lib libjavacore.so 0x0
D/dalvikvm( 4911): Added shared lib libjavacore.so 0x0
D/dalvikvm( 4911): Trying to load lib libnativehelper.so 0x0
D/dalvikvm( 4911): Added shared lib libnativehelper.so 0x0
D/dalvikvm( 4911): No JNI_OnLoad found in libnativehelper.so 0x0, skipping init
D/dalvikvm( 4911): Note: class Landroid/app/ActivityManagerNative; has 179 unimplemented (abstract) methods
E/memtrack( 4911): Couldn't load memtrack module (No such file or directory)
E/android.os.Debug( 4911): failed to load memtrack module: -2
D/AndroidRuntime( 4911): Calling main entry com.android.commands.pm.Pm
I/ActivityManager( 1567): Force stopping it.unina.android.ripper appid=10072 user=-1: uninstall pkg
W/PackageManager( 1567): Couldn't delete native library directory /data/app-lib/it.unina.android.ripper
D/keystore( 1149): calling clear_uid in state: 3
I/Launcher( 1955): Deferring update until onResume
I/InputReader( 1567): Reconfiguring input devices.  changes=0x00000010
I/GeofencerStateMachine( 1775): removeGeofences: removeRequest=RemoveGeofencingRequest[REMOVE_ALL packageName=it.unina.android.ripper]
W/Launcher.Model( 2470): Nobody to tell about the new app.  Launcher is probably loading.
I/Launcher( 1955): Deferring update until onResume
I/ActivityManager( 1567): Force stopping it.unina.android.ripper appid=10072 user=0: pkg removed
D/Documents( 3227): Used cached roots for com.android.providers.downloads.documents
D/Documents( 3227): Used cached roots for com.android.externalstorage.documents
D/Documents( 3227): Used cached roots for com.android.providers.media.documents
D/Documents( 3227): Update found 6 roots in 0ms
I/PackageManager( 1567):   Action: "android.intent.action.SENDTO"
I/PackageManager( 1567):   Category: "android.intent.category.DEFAULT"
I/PackageManager( 1567):   Scheme: "sms"
I/PackageManager( 1567):   Action: "android.intent.action.SENDTO"
I/PackageManager( 1567):   Category: "android.intent.category.DEFAULT"
I/PackageManager( 1567):   Scheme: "smsto"
D/VoicemailCleanupService( 1859): Cleaning up data for package: it.unina.android.ripper
D/dalvikvm( 1814): GC_FOR_ALLOC freed 431K, 18% free 3634K/4388K, paused 2ms, total 2ms
I/PackageManager( 1567): Adding preferred activity ComponentInfo{com.android.mms/com.android.mms.ui.ComposeMessageActivity} for user 0 :
I/PackageManager( 1567): Adding preferred activity ComponentInfo{com.android.mms/com.android.mms.ui.ComposeMessageActivity} for user 0 :
I/PackageManager( 1567):   Action: "android.intent.action.SENDTO"
I/PackageManager( 1567):   Category: "android.intent.category.DEFAULT"
I/PackageManager( 1567):   Scheme: "mms"
I/PackageManager( 1567):   Action: "android.intent.action.SENDTO"
I/PackageManager( 1567):   Category: "android.intent.category.DEFAULT"
I/PackageManager( 1567):   Scheme: "mmsto"
I/PackageManager( 1567): Adding preferred activity ComponentInfo{com.android.mms/com.android.mms.ui.ComposeMessageActivity} for user 0 :
I/PackageManager( 1567): Adding preferred activity ComponentInfo{com.android.mms/com.android.mms.ui.ComposeMessageActivity} for user 0 :
D/BackupManagerService( 1567): Received broadcast Intent { act=android.intent.action.PACKAGE_REMOVED dat=package:it.unina.android.ripper flg=0x4000010 (has extras) }
V/BackupManagerService( 1567): removePackageParticipantsLocked: uid=10072 #1
I/PackageManager( 1567):   Action: "android.intent.action.SENDTO"
I/PackageManager( 1567):   Category: "android.intent.category.DEFAULT"
I/PackageManager( 1567):   Scheme: "sms"
D/dalvikvm( 1567): GC_EXPLICIT freed 2163K, 40% free 10602K/17400K, paused 4ms+1ms, total 20ms
D/dalvikvm( 1567): WAIT_FOR_CONCURRENT_GC blocked 9ms
D/dalvikvm( 1567): WAIT_FOR_CONCURRENT_GC blocked 10ms
D/dalvikvm( 1567): WAIT_FOR_CONCURRENT_GC blocked 10ms
D/AndroidRuntime( 4911): Shutting down VM
D/dalvikvm( 4911): GC_CONCURRENT freed 92K, 15% free 549K/644K, paused 0ms+1ms, total 1ms
I/PackageManager( 1567): Adding preferred activity ComponentInfo{com.android.mms/com.android.mms.ui.ComposeMessageActivity} for user 0 :
I/PackageManager( 1567):   Action: "android.intent.action.SENDTO"
I/PackageManager( 1567):   Category: "android.intent.category.DEFAULT"
I/PackageManager( 1567):   Scheme: "smsto"
I/PackageManager( 1567): Adding preferred activity ComponentInfo{com.android.mms/com.android.mms.ui.ComposeMessageActivity} for user 0 :
D/dalvikvm( 1814): GC_FOR_ALLOC freed 392K, 17% free 3663K/4388K, paused 2ms, total 2ms
I/PackageManager( 1567):   Action: "android.intent.action.SENDTO"
I/PackageManager( 1567):   Category: "android.intent.category.DEFAULT"
I/PackageManager( 1567):   Scheme: "mms"
I/PackageManager( 1567): Adding preferred activity ComponentInfo{com.android.mms/com.android.mms.ui.ComposeMessageActivity} for user 0 :
W/Launcher( 2470): setApplicationContext called twice! old=com.google.android.velvet.VelvetApplication@9cfd6928 new=com.google.android.velvet.VelvetApplication@9cfd6928
I/Icing.InternalIcingCorporaProvider( 2279): Updating corpora: A: it.unina.android.ripper, C: MAYBE
I/PackageManager( 1567):   Action: "android.intent.action.SENDTO"
I/PackageManager( 1567):   Category: "android.intent.category.DEFAULT"
I/PackageManager( 1567):   Scheme: "mmsto"
W/ContextImpl( 3287): Calling a method in the system process without a qualified user: android.app.ContextImpl.startService:1479 android.content.ContextWrapper.startService:494 android.content.ContextWrapper.startService:494 com.android.keychain.KeyChainBroadcastReceiver.onReceive:12 android.app.ActivityThread.handleReceiver:2419 
I/PackageManager( 1567): Adding preferred activity ComponentInfo{com.android.mms/com.android.mms.ui.ComposeMessageActivity} for user 0 :
I/Fitness ( 1775): FitCleanupIntentOperation received Intent android.intent.action.PACKAGE_REMOVED [CONTEXT service_id=17 ]
I/Icing   ( 2088): IndexChimeraService.getServiceInterface callingPackage=com.google.android.googlequicksearchbox componentName=null serviceId=21
W/Icing.InternalIcingCorporaProvider( 2279): Application table change notification failed.
W/Icing   ( 2088): No valid account for uploading user actions
D/dalvikvm( 1775): GC_FOR_ALLOC freed 2028K, 23% free 10099K/13016K, paused 16ms, total 16ms
I/Icing   ( 2088): Usage reports ok 0, Failed Usage reports 0, indexed 0, rejected 0
I/Icing   ( 2088): doRemovePackageData it.unina.android.ripper
I/LatinIME:LogUtils( 1761): Dictionary info: dictionary = main:en ; version = 42 ; date = 1381226516
I/DownloadManager( 1846): Download 22 starting
I/Icing   ( 2088): Indexing com.google.android.gms-apps from com.google.android.gms
I/Icing   ( 2088): Indexing done com.google.android.gms-apps
W/DownloadManager( 1846): Aborting request for download 22: TYPE_DISALLOWED_BY_REQUESTOR
I/DownloadManager( 1846): Download 22 finished with status WAITING_FOR_NETWORK
D/AndroidRuntime( 4936): 
D/AndroidRuntime( 4936): >>>>>> AndroidRuntime START com.android.internal.os.RuntimeInit <<<<<<
W/linker  ( 4936): libdvm.so has text relocations. This is wasting memory and is a security risk. Please fix.
D/AndroidRuntime( 4936): CheckJNI is ON
D/dalvikvm( 4936): Trying to load lib libjavacore.so 0x0
D/dalvikvm( 4936): Added shared lib libjavacore.so 0x0
D/dalvikvm( 4936): Trying to load lib libnativehelper.so 0x0
D/dalvikvm( 4936): Added shared lib libnativehelper.so 0x0
D/dalvikvm( 4936): No JNI_OnLoad found in libnativehelper.so 0x0, skipping init
D/dalvikvm( 4936): Note: class Landroid/app/ActivityManagerNative; has 179 unimplemented (abstract) methods
E/memtrack( 4936): Couldn't load memtrack module (No such file or directory)
E/android.os.Debug( 4936): failed to load memtrack module: -2
D/AndroidRuntime( 4936): Calling main entry com.android.commands.pm.Pm
W/ActivityManager( 1567): No content provider found for permission revoke: file:///sdcard/aut.apk
W/ActivityManager( 1567): No content provider found for permission revoke: file:///sdcard/aut.apk
I/PackageManager( 1567): Copying native libraries to /data/app-lib/vmdl-1265477720
W/PackageParser( 1567): Unknown element under <manifest>: module at /data/app/vmdl-1265477720.tmp Binary XML file line #14
D/dalvikvm( 1567): GC_FOR_ALLOC freed 1450K, 37% free 11059K/17400K, paused 8ms, total 8ms
D/dalvikvm( 1567): GC_FOR_ALLOC freed 1705K, 35% free 11372K/17400K, paused 8ms, total 8ms
D/dalvikvm( 1567): GC_FOR_ALLOC freed 2018K, 35% free 11401K/17400K, paused 8ms, total 8ms
D/dalvikvm( 1567): GC_FOR_ALLOC freed 2032K, 35% free 11416K/17400K, paused 8ms, total 8ms
D/dalvikvm( 1567): GC_FOR_ALLOC freed 2037K, 35% free 11427K/17400K, paused 8ms, total 8ms
I/PackageManager( 1567): Running dexopt on: mf.asciitext.lite
W/linker  ( 4948): libdvm.so has text relocations. This is wasting memory and is a security risk. Please fix.
I/dalvikvm( 4948): DexOpt: illegal method access (call Landroid/widget/TextView;.getTextDirectionHeuristic ()Landroid/text/TextDirectionHeuristic; from Lb/b/i/a0$b;)
D/dalvikvm( 4948): DexOpt: load 15ms, verify+opt 70ms, 2110828 bytes
I/ActivityManager( 1567): Force stopping mf.asciitext.lite appid=10073 user=-1: update pkg
I/PackageManager( 1567):   Action: "android.intent.action.SENDTO"
I/PackageManager( 1567):   Category: "android.intent.category.DEFAULT"
I/PackageManager( 1567):   Scheme: "sms"
W/Launcher.Model( 2470): Nobody to tell about the new app.  Launcher is probably loading.
D/Documents( 3227): Used cached roots for com.android.providers.downloads.documents
D/Documents( 3227): Used cached roots for com.android.externalstorage.documents
D/Documents( 3227): Used cached roots for com.android.providers.media.documents
D/Documents( 3227): Update found 6 roots in 3ms
I/Launcher( 1955): Deferring update until onResume
I/PackageManager( 1567): Adding preferred activity ComponentInfo{com.android.mms/com.android.mms.ui.ComposeMessageActivity} for user 0 :
D/dalvikvm( 1814): GC_FOR_ALLOC freed 423K, 18% free 3619K/4388K, paused 2ms, total 2ms
I/InputReader( 1567): Reconfiguring input devices.  changes=0x00000010
I/Launcher( 1955): Deferring update until onResume
I/PackageManager( 1567):   Action: "android.intent.action.SENDTO"
I/PackageManager( 1567):   Category: "android.intent.category.DEFAULT"
I/PackageManager( 1567):   Scheme: "smsto"
I/PackageManager( 1567):   Action: "android.intent.action.SENDTO"
I/PackageManager( 1567):   Category: "android.intent.category.DEFAULT"
I/PackageManager( 1567):   Scheme: "mms"
I/PackageManager( 1567): Adding preferred activity ComponentInfo{com.android.mms/com.android.mms.ui.ComposeMessageActivity} for user 0 :
I/PackageManager( 1567): Adding preferred activity ComponentInfo{com.android.mms/com.android.mms.ui.ComposeMessageActivity} for user 0 :
D/dalvikvm( 1567): GC_EXPLICIT freed 1454K, 33% free 11766K/17400K, paused 2ms+5ms, total 47ms
D/AndroidRuntime( 4936): Shutting down VM
D/dalvikvm( 4936): GC_CONCURRENT freed 93K, 15% free 551K/648K, paused 1ms+0ms, total 2ms
I/PackageManager( 1567):   Action: "android.intent.action.SENDTO"
I/PackageManager( 1567):   Category: "android.intent.category.DEFAULT"
I/PackageManager( 1567):   Scheme: "mmsto"
D/BackupManagerService( 1567): Received broadcast Intent { act=android.intent.action.PACKAGE_ADDED dat=package:mf.asciitext.lite flg=0x4000010 (has extras) }
V/BackupManagerService( 1567): addPackageParticipantsLocked: #1
I/PackageManager( 1567): Adding preferred activity ComponentInfo{com.android.mms/com.android.mms.ui.ComposeMessageActivity} for user 0 :
I/PackageManager( 1567):   Action: "android.intent.action.SENDTO"
I/PackageManager( 1567):   Category: "android.intent.category.DEFAULT"
I/PackageManager( 1567):   Scheme: "sms"
W/GCM     ( 1775): Unexpected forwarded intent: Intent { act=android.intent.action.PACKAGE_ADDED dat=package:mf.asciitext.lite flg=0x4000010 cmp=com.google.android.gms/.chimera.PersistentIntentOperationService (has extras) }
D/dalvikvm( 1814): GC_FOR_ALLOC freed 385K, 17% free 3671K/4388K, paused 1ms, total 1ms
I/PackageManager( 1567):   Action: "android.intent.action.SENDTO"
I/PackageManager( 1567):   Category: "android.intent.category.DEFAULT"
I/PackageManager( 1567):   Scheme: "smsto"
I/Auth    ( 2088): [SupervisedAccountIntentOperation] onHandleIntent(): android.intent.action.PACKAGE_ADDED
W/GCM     ( 1775): Unexpected forwarded intent: Intent { act=android.intent.action.PACKAGE_ADDED dat=package:mf.asciitext.lite flg=0x4000010 cmp=com.google.android.gms/.chimera.PersistentIntentOperationService (has extras) }
I/ChromeSync( 2088): [Sync,SyncIntentOperation] Handling the intent: Intent { act=android.intent.action.PACKAGE_ADDED dat=package:mf.asciitext.lite flg=0x4000010 cmp=com.google.android.gms/.chimera.GmsIntentOperationService (has extras) }.
I/FontLog ( 2088): Package mf.asciitext.lite has no metadata [CONTEXT service_id=132 ]
I/PackageManager( 1567): Adding preferred activity ComponentInfo{com.android.mms/com.android.mms.ui.ComposeMessageActivity} for user 0 :
I/PackageManager( 1567): Adding preferred activity ComponentInfo{com.android.mms/com.android.mms.ui.ComposeMessageActivity} for user 0 :
W/ActivityManager( 1567): Unable to start service Intent { act=com.google.android.gms.auth.key.retrieval.service.START pkg=com.google.android.gms } U=0: not found
I/PackageManager( 1567):   Action: "android.intent.action.SENDTO"
I/PackageManager( 1567):   Category: "android.intent.category.DEFAULT"
I/PackageManager( 1567):   Scheme: "mms"
I/PackageManager( 1567): Adding preferred activity ComponentInfo{com.android.mms/com.android.mms.ui.ComposeMessageActivity} for user 0 :
W/ActivityManager( 1567): Unbind failed: could not find connection for android.os.BinderProxy@9d3d0d50
I/PackageManager( 1567):   Action: "android.intent.action.SENDTO"
I/PackageManager( 1567):   Category: "android.intent.category.DEFAULT"
I/PackageManager( 1567):   Scheme: "mmsto"
I/Icing.InternalIcingCorporaProvider( 2279): Updating corpora: A: mf.asciitext.lite, C: MAYBE
I/PackageManager( 1567): Adding preferred activity ComponentInfo{com.android.mms/com.android.mms.ui.ComposeMessageActivity} for user 0 :
D/dalvikvm( 2088): GC_FOR_ALLOC freed 1825K, 12% free 21498K/24408K, paused 35ms, total 36ms
