I/dalvikvm( 2080): Could not find method android.net.ConnectivityManager.unregisterNetworkCallback, referenced from method org.chromium.net.NetworkChangeNotifier.a
W/dalvikvm( 2080): VFY: unable to resolve virtual method 227: Landroid/net/ConnectivityManager;.unregisterNetworkCallback (Landroid/net/ConnectivityManager$NetworkCallback;)V
D/dalvikvm( 2080): VFY: replacing opcode 0x6e at 0x003e
W/dalvikvm( 2080): VFY: unable to find class referenced in signature (Landroid/net/Network;)
W/dalvikvm( 2080): VFY: unable to find class referenced in signature (Landroid/net/Network;)
W/dalvikvm( 2080): VFY: unable to find class referenced in signature ([Landroid/net/Network;)
W/dalvikvm( 2080): VFY: unable to find class referenced in signature (Landroid/net/Network;)
I/Auth    ( 1779): [AuthManaged,PasswordComplexityHelperImpl] Updating password complexity components state.
I/Auth    ( 1779): [AuthManaged,PasswordComplexityHelperImpl] Enabling com.google.android.gms.auth.managed.ui.SetNewPasswordActivity
W/dalvikvm( 2080): VFY: unable to find class referenced in signature (Landroid/net/Network;)
W/dalvikvm( 2080): VFY: unable to find class referenced in signature (Landroid/net/Network;)
W/dalvikvm( 2080): VFY: unable to find class referenced in signature (Landroid/net/Network;)
W/dalvikvm( 2080): VFY: unable to find class referenced in signature ([Landroid/net/Network;)
W/dalvikvm( 2080): VFY: unable to find class referenced in signature (Landroid/net/Network;)
W/dalvikvm( 2080): VFY: unable to find class referenced in signature (Landroid/net/Network;)
W/dalvikvm( 2080): VFY: unable to find class referenced in signature (Landroid/net/Network;)
W/dalvikvm( 2080): VFY: unable to find class referenced in signature (Landroid/net/Network;)
W/dalvikvm( 2080): Unable to resolve superclass of Lcl; (44)
W/dalvikvm( 2080): Link of class 'Lcl;' failed
W/dalvikvm( 2080): Unable to resolve superclass of Lcl; (44)
W/dalvikvm( 2080): Link of class 'Lcl;' failed
W/dalvikvm( 2080): Unable to resolve superclass of Lcr; (44)
W/dalvikvm( 2080): Link of class 'Lcr;' failed
I/MdiSyncModule( 2080): flag handling is skipping irrelevant intent.
W/dalvikvm( 2080): Unable to resolve superclass of Lcr; (44)
W/dalvikvm( 2080): Link of class 'Lcr;' failed
D/dalvikvm( 1779): GC_FOR_ALLOC freed 2028K, 21% free 10018K/12588K, paused 25ms, total 25ms
D/dalvikvm( 2080): GC_FOR_ALLOC freed 2433K, 15% free 15988K/18692K, paused 34ms, total 35ms
W/dalvikvm( 2080): Unable to resolve superclass of Lcr; (44)
W/dalvikvm( 2080): Link of class 'Lcr;' failed
W/dalvikvm( 2080): Unable to resolve superclass of Lcr; (44)
W/dalvikvm( 2080): Link of class 'Lcr;' failed
W/dalvikvm( 2080): VFY: unable to resolve instance field 189
D/dalvikvm( 2080): VFY: replacing opcode 0x54 at 0x002c
W/dalvikvm( 2080): Unable to resolve superclass of Lcr; (44)
W/dalvikvm( 2080): Link of class 'Lcr;' failed
W/dalvikvm( 2080): Unable to resolve superclass of Lcr; (44)
W/dalvikvm( 2080): Link of class 'Lcr;' failed
W/dalvikvm( 2080): Unable to resolve superclass of Lcr; (44)
W/dalvikvm( 2080): Link of class 'Lcr;' failed
W/dalvikvm( 2080): Unable to resolve superclass of Lcr; (44)
W/dalvikvm( 2080): Link of class 'Lcr;' failed
E/dalvikvm( 2080): Could not find class 'cr', referenced from method cv.<init>
W/dalvikvm( 2080): VFY: unable to resolve new-instance 183 (Lcr;) in Lcv;
D/dalvikvm( 2080): VFY: replacing opcode 0x22 at 0x002d
W/dalvikvm( 2080): Unable to resolve superclass of Lcr; (44)
W/dalvikvm( 2080): Link of class 'Lcr;' failed
W/dalvikvm( 2080): Unable to resolve superclass of Lcr; (44)
W/dalvikvm( 2080): Link of class 'Lcr;' failed
W/dalvikvm( 2080): Unable to resolve superclass of Lcl; (44)
W/dalvikvm( 2080): Link of class 'Lcl;' failed
W/dalvikvm( 2080): Unable to resolve superclass of Lcl; (44)
W/dalvikvm( 2080): Link of class 'Lcl;' failed
W/dalvikvm( 2080): VFY: unable to find class referenced in signature (Landroid/net/Network;)
I/dalvikvm( 2080): Could not find method android.net.Network.toString, referenced from method cv.a
W/dalvikvm( 2080): VFY: unable to resolve virtual method 231: Landroid/net/Network;.toString ()Ljava/lang/String;
D/dalvikvm( 2080): VFY: replacing opcode 0x6e at 0x0002
W/dalvikvm( 2080): VFY: unable to find class referenced in signature (Landroid/net/Network;)
I/dalvikvm( 2080): Could not find method android.net.ConnectivityManager.getAllNetworks, referenced from method cv.a
W/dalvikvm( 2080): VFY: unable to resolve virtual method 221: Landroid/net/ConnectivityManager;.getAllNetworks ()[Landroid/net/Network;
D/dalvikvm( 2080): VFY: replacing opcode 0x6e at 0x0002
W/dalvikvm( 2080): Unable to resolve superclass of Lcr; (44)
W/dalvikvm( 2080): Link of class 'Lcr;' failed
W/dalvikvm( 2080): Unable to resolve superclass of Lcr; (44)
W/dalvikvm( 2080): Link of class 'Lcr;' failed
D/dalvikvm( 2080): DexOpt: unable to opt direct call 0x0243 at 0x2f in Lcv;.<init>
D/dalvikvm( 2080): DexOpt: unable to opt direct call 0x00f0 at 0x36 in Lcv;.<init>
W/dalvikvm( 2080): VFY: unable to find class referenced in signature (Landroid/net/Network;)
I/dalvikvm( 2080): Could not find method android.net.Network.bindSocket, referenced from method ck.d
W/dalvikvm( 2080): VFY: unable to resolve virtual method 229: Landroid/net/Network;.bindSocket (Ljava/net/Socket;)V
D/dalvikvm( 2080): VFY: replacing opcode 0x6e at 0x0014
W/dalvikvm( 2080): VFY: unable to find class referenced in signature (Landroid/net/Network;)
I/dalvikvm( 2080): Could not find method android.net.ConnectivityManager.getNetworkInfo, referenced from method ck.a
W/dalvikvm( 2080): VFY: unable to resolve virtual method 224: Landroid/net/ConnectivityManager;.getNetworkInfo (Landroid/net/Network;)Landroid/net/NetworkInfo;
D/dalvikvm( 2080): VFY: replacing opcode 0x6e at 0x0002
I/dalvikvm( 2080): Could not find method android.net.ConnectivityManager.getNetworkInfo, referenced from method ck.a
W/dalvikvm( 2080): VFY: unable to resolve virtual method 224: Landroid/net/ConnectivityManager;.getNetworkInfo (Landroid/net/Network;)Landroid/net/NetworkInfo;
D/dalvikvm( 2080): VFY: replacing opcode 0x6e at 0x000a
W/dalvikvm( 2080): VFY: unable to find class referenced in signature (Landroid/net/Network;)
W/dalvikvm( 2080): VFY: unable to find class referenced in signature (Landroid/net/Network;)
W/dalvikvm( 2080): VFY: unable to find class referenced in signature (Landroid/net/Network;)
I/dalvikvm( 2080): Could not find method android.net.ConnectivityManager.getNetworkCapabilities, referenced from method ck.c
W/dalvikvm( 2080): VFY: unable to resolve virtual method 223: Landroid/net/ConnectivityManager;.getNetworkCapabilities (Landroid/net/Network;)Landroid/net/NetworkCapabilities;
D/dalvikvm( 2080): VFY: replacing opcode 0x6e at 0x0002
W/ModuleInitIntentOp( 2080): Dropping unexpected action com.google.android.gms.phenotype.COMMITTED
D/dalvikvm( 2080): DexOpt: couldn't find static field Landroid/os/Build;.SUPPORTED_ABIS
W/dalvikvm( 2080): VFY: unable to resolve static field 37 (SUPPORTED_ABIS) in Landroid/os/Build;
D/dalvikvm( 2080): VFY: replacing opcode 0x62 at 0x006d
I/Auth    ( 1779): [AuthManaged,PasswordComplexityHelperImpl] Updating password complexity components state.
I/Auth    ( 1779): [AuthManaged,PasswordComplexityHelperImpl] Enabling com.google.android.gms.auth.managed.ui.SetNewPasswordActivity
I/ChromeSync( 2080): [Sync,SyncIntentOperation] Handling the intent: Intent { act=com.google.android.gms.phenotype.COMMITTED flg=0x10 pkg=com.google.android.gms cmp=com.google.android.gms/.chimera.GmsIntentOperationService (has extras) }.
I/MdiSyncModule( 2080): flag handling is skipping irrelevant intent.
W/ActivityManager( 1572): Unable to start service Intent { act=com.google.android.gms.auth.key.retrieval.service.START pkg=com.google.android.gms } U=0: not found
W/ModuleInitIntentOp( 2080): Dropping unexpected action com.google.android.gms.phenotype.COMMITTED
E/GmsClient( 2080): unable to connect to service: com.google.android.gms.auth.key.retrieval.service.START on com.google.android.gms
I/PTCommittedOperation( 1779): Receive new configuration for com.google.android.gms.appstate
W/ActivityManager( 1572): Unbind failed: could not find connection for android.os.BinderProxy@9d8d2608
I/ChmraDebugLogger( 2080): [73] 1801
I/ChmraDebugLogger( 2080): [30] [VisionOcr.optional:202414000700] permitMetered=true,
I/ChimeraConfigService( 2080): Scheduling checkin for one-off execution between [3300,43200] seconds from now (1629033708699)
I/ChimeraConfigurator( 2080): Update complete: success
I/GmsModuleFndr( 2080): Beginning GMS chimera module scan
I/ModuleSetMgr( 2080): Computing pending module set with APKs: [[AdsFdrDynamite.integ:21460000000], [Cronetdynamite:202414000700], [Dynamiteloader:202414000700], [Dynamitemodulesa:202414000000], [Dynamitemodulesc:202414000000], [Googlecertificates:202414000000], [Mapsdynamite:202414000000], [Measurementdynamite:202414000000]]
I/Auth    ( 1779): [AuthManaged,PasswordComplexityHelperImpl] Updating password complexity components state.
I/Auth    ( 1779): [AuthManaged,PasswordComplexityHelperImpl] Enabling com.google.android.gms.auth.managed.ui.SetNewPasswordActivity
I/ChromeSync( 2080): [Sync,SyncIntentOperation] Handling the intent: Intent { act=com.google.android.gms.phenotype.COMMITTED flg=0x10 pkg=com.google.android.gms cmp=com.google.android.gms/.chimera.GmsIntentOperationService (has extras) }.
I/MdiSyncModule( 2080): flag handling is skipping irrelevant intent.
W/ModuleInitIntentOp( 2080): Dropping unexpected action com.google.android.gms.phenotype.COMMITTED
I/PTCommittedOperation( 1779): Receive new configuration for com.google.android.gms.octarine
I/ModuleSetMgr( 2080): Pending container module APKs: []
I/ModuleSetMgr( 2080): Pending non-container module APKs: []
D/dalvikvm( 2080): GC_FOR_ALLOC freed 1483K, 12% free 16553K/18692K, paused 22ms, total 22ms
D/dalvikvm( 1779): GC_FOR_ALLOC freed 1906K, 20% free 10158K/12588K, paused 14ms, total 14ms
D/dalvikvm( 2080): GC_FOR_ALLOC freed 237K, 10% free 16933K/18692K, paused 25ms, total 25ms
I/Auth    ( 1779): [AuthManaged,PasswordComplexityHelperImpl] Updating password complexity components state.
I/Auth    ( 1779): [AuthManaged,PasswordComplexityHelperImpl] Enabling com.google.android.gms.auth.managed.ui.SetNewPasswordActivity
D/dalvikvm( 2080): GC_FOR_ALLOC freed 611K, 4% free 18371K/19108K, paused 15ms, total 15ms
I/PTCommittedOperation( 1779): Receive new configuration for com.google.android.gms.chromesync
I/ChromeSync( 2080): [Sync,SyncIntentOperation] Handling the intent: Intent { act=com.google.android.gms.phenotype.COMMITTED flg=0x10 pkg=com.google.android.gms cmp=com.google.android.gms/.chimera.GmsIntentOperationService (has extras) }.
E/GmsClient( 2080): unable to connect to service: com.google.android.gms.auth.key.retrieval.service.START on com.google.android.gms
I/MdiSyncModule( 2080): flag handling is skipping irrelevant intent.
W/ActivityManager( 1572): Unable to start service Intent { act=com.google.android.gms.auth.key.retrieval.service.START pkg=com.google.android.gms } U=0: not found
W/ActivityManager( 1572): Unbind failed: could not find connection for android.os.BinderProxy@9d5b35c8
W/ModuleInitIntentOp( 2080): Dropping unexpected action com.google.android.gms.phenotype.COMMITTED
I/Auth    ( 1779): [AuthManaged,PasswordComplexityHelperImpl] Updating password complexity components state.
I/Auth    ( 1779): [AuthManaged,PasswordComplexityHelperImpl] Enabling com.google.android.gms.auth.managed.ui.SetNewPasswordActivity
I/Auth    ( 1779): [AuthManaged,PasswordComplexityHelperImpl] Updating password complexity components state.
I/Auth    ( 1779): [AuthManaged,PasswordComplexityHelperImpl] Enabling com.google.android.gms.auth.managed.ui.SetNewPasswordActivity
I/PTCommittedOperation( 1779): Receive new configuration for com.google.android.gms.credential_manager
I/ChromeSync( 2080): [Sync,SyncIntentOperation] Handling the intent: Intent { act=com.google.android.gms.phenotype.COMMITTED flg=0x10 pkg=com.google.android.gms cmp=com.google.android.gms/.chimera.GmsIntentOperationService (has extras) }.
I/MdiSyncModule( 2080): flag handling is skipping irrelevant intent.
W/ModuleInitIntentOp( 2080): Dropping unexpected action com.google.android.gms.phenotype.COMMITTED
I/Auth    ( 1779): [AuthManaged,PasswordComplexityHelperImpl] Updating password complexity components state.
I/Auth    ( 1779): [AuthManaged,PasswordComplexityHelperImpl] Enabling com.google.android.gms.auth.managed.ui.SetNewPasswordActivity
D/dalvikvm( 1779): GC_FOR_ALLOC freed 2000K, 19% free 10206K/12588K, paused 16ms, total 16ms
D/dalvikvm( 2080): GC_FOR_ALLOC freed 706K, 5% free 19712K/20544K, paused 26ms, total 26ms
I/Auth    ( 1779): [AuthManaged,PasswordComplexityHelperImpl] Updating password complexity components state.
I/Auth    ( 1779): [AuthManaged,PasswordComplexityHelperImpl] Enabling com.google.android.gms.auth.managed.ui.SetNewPasswordActivity
I/PTCommittedOperation( 1779): Receive new configuration for com.google.android.gms.autofill
I/ChromeSync( 2080): [Sync,SyncIntentOperation] Handling the intent: Intent { act=com.google.android.gms.phenotype.COMMITTED flg=0x10 pkg=com.google.android.gms cmp=com.google.android.gms/.chimera.GmsIntentOperationService (has extras) }.
E/GmsClient( 2080): unable to connect to service: com.google.android.gms.auth.key.retrieval.service.START on com.google.android.gms
W/ActivityManager( 1572): Unable to start service Intent { act=com.google.android.gms.auth.key.retrieval.service.START pkg=com.google.android.gms } U=0: not found
W/ActivityManager( 1572): Unbind failed: could not find connection for android.os.BinderProxy@9d8b6358
I/MdiSyncModule( 2080): flag handling is skipping irrelevant intent.
W/ModuleInitIntentOp( 2080): Dropping unexpected action com.google.android.gms.phenotype.COMMITTED
I/MdiSyncModule( 2080): flag handling is skipping irrelevant intent.
W/ModuleInitIntentOp( 2080): Dropping unexpected action com.google.android.gms.phenotype.COMMITTED
I/ChromeSync( 2080): [Sync,SyncIntentOperation] Handling the intent: Intent { act=com.google.android.gms.phenotype.COMMITTED flg=0x10 pkg=com.google.android.gms cmp=com.google.android.gms/.chimera.GmsIntentOperationService (has extras) }.
D/dalvikvm( 1572): GC_FOR_ALLOC freed 1227K, 47% free 7790K/14696K, paused 19ms, total 20ms
I/Auth    ( 1779): [AuthManaged,PasswordComplexityHelperImpl] Updating password complexity components state.
I/Auth    ( 1779): [AuthManaged,PasswordComplexityHelperImpl] Enabling com.google.android.gms.auth.managed.ui.SetNewPasswordActivity
I/PTCommittedOperation( 1779): Receive new configuration for com.google.android.gms.cast
I/PTCommittedOperation( 1779): Receive new configuration for com.google.android.gms.fido
D/dalvikvm( 2080): GC_FOR_ALLOC freed 2035K, 10% free 19727K/21888K, paused 36ms, total 36ms
I/ChromeSync( 2080): [Sync,SyncIntentOperation] Handling the intent: Intent { act=com.google.android.gms.phenotype.COMMITTED flg=0x10 pkg=com.google.android.gms cmp=com.google.android.gms/.chimera.GmsIntentOperationService (has extras) }.
E/GmsClient( 2080): unable to connect to service: com.google.android.gms.auth.key.retrieval.service.START on com.google.android.gms
I/MdiSyncModule( 2080): flag handling is skipping irrelevant intent.
W/ActivityManager( 1572): Unable to start service Intent { act=com.google.android.gms.auth.key.retrieval.service.START pkg=com.google.android.gms } U=0: not found
W/ActivityManager( 1572): Unbind failed: could not find connection for android.os.BinderProxy@9d38f710
I/Auth    ( 1779): [AuthManaged,PasswordComplexityHelperImpl] Updating password complexity components state.
I/Auth    ( 1779): [AuthManaged,PasswordComplexityHelperImpl] Enabling com.google.android.gms.auth.managed.ui.SetNewPasswordActivity
W/ModuleInitIntentOp( 2080): Dropping unexpected action com.google.android.gms.phenotype.COMMITTED
D/dalvikvm( 1872): GC_EXPLICIT freed 144K, 18% free 6246K/7560K, paused 1ms+1ms, total 7ms
E/dalvikvm( 1779): Could not find class 'android.security.keystore.KeyGenParameterSpec$Builder', referenced from method rwq.a
W/dalvikvm( 1779): VFY: unable to resolve new-instance 1527 (Landroid/security/keystore/KeyGenParameterSpec$Builder;) in Lrwq;
D/dalvikvm( 1779): VFY: replacing opcode 0x22 at 0x0034
D/dalvikvm( 1779): DexOpt: unable to opt direct call 0x153f at 0x37 in Lrwq;.a
E/dalvikvm( 1779): Could not find class 'android.security.keystore.KeyGenParameterSpec$Builder', referenced from method rws.a
W/dalvikvm( 1779): VFY: unable to resolve new-instance 1527 (Landroid/security/keystore/KeyGenParameterSpec$Builder;) in Lrws;
D/dalvikvm( 1779): VFY: replacing opcode 0x22 at 0x000b
D/dalvikvm( 1779): DexOpt: unable to opt direct call 0x153f at 0x12 in Lrws;.a
D/ConnectivityService( 1572): [CheckMp] isMobileOk: not connected ni=NetworkInfo: type: mobile_hipri[LTE], state: DISCONNECTED/IDLE, reason: (unspecified), extra: (none), roaming: false, failover: false, isAvailable: true, isConnectedToProvisioningNetwork: false
D/dalvikvm( 1779): GC_FOR_ALLOC freed 2145K, 20% free 10108K/12588K, paused 25ms, total 25ms
D/dalvikvm( 2080): GC_FOR_ALLOC freed 979K, 6% free 20799K/21904K, paused 20ms, total 20ms
I/Auth    ( 1779): [AuthManaged,PasswordComplexityHelperImpl] Updating password complexity components state.
I/Auth    ( 1779): [AuthManaged,PasswordComplexityHelperImpl] Enabling com.google.android.gms.auth.managed.ui.SetNewPasswordActivity
I/ChromeSync( 2080): [Sync,SyncIntentOperation] Handling the intent: Intent { act=com.google.android.gms.phenotype.COMMITTED flg=0x10 pkg=com.google.android.gms cmp=com.google.android.gms/.chimera.GmsIntentOperationService (has extras) }.
W/ActivityManager( 1572): Unable to start service Intent { act=com.google.android.gms.auth.key.retrieval.service.START pkg=com.google.android.gms } U=0: not found
I/MdiSyncModule( 2080): flag handling is skipping irrelevant intent.
I/PTCommittedOperation( 1779): Receive new configuration for com.google.android.gms.gass
W/ModuleInitIntentOp( 2080): Dropping unexpected action com.google.android.gms.phenotype.COMMITTED
E/GmsClient( 2080): unable to connect to service: com.google.android.gms.auth.key.retrieval.service.START on com.google.android.gms
W/ActivityManager( 1572): Unbind failed: could not find connection for android.os.BinderProxy@9d07df60
I/PTCommittedOperation( 1779): Receive new configuration for com.google.android.gms.languageprofile
I/Auth    ( 1779): [AuthManaged,PasswordComplexityHelperImpl] Updating password complexity components state.
I/Auth    ( 1779): [AuthManaged,PasswordComplexityHelperImpl] Enabling com.google.android.gms.auth.managed.ui.SetNewPasswordActivity
I/ChromeSync( 2080): [Sync,SyncIntentOperation] Handling the intent: Intent { act=com.google.android.gms.phenotype.COMMITTED flg=0x10 pkg=com.google.android.gms cmp=com.google.android.gms/.chimera.GmsIntentOperationService (has extras) }.
I/MdiSyncModule( 2080): flag handling is skipping irrelevant intent.
W/ModuleInitIntentOp( 2080): Dropping unexpected action com.google.android.gms.phenotype.COMMITTED
I/Auth    ( 1779): [AuthManaged,PasswordComplexityHelperImpl] Updating password complexity components state.
I/Auth    ( 1779): [AuthManaged,PasswordComplexityHelperImpl] Enabling com.google.android.gms.auth.managed.ui.SetNewPasswordActivity
I/PTCommittedOperation( 1779): Receive new configuration for com.google.android.gms.mobile_data_plan
I/Auth    ( 1779): [AuthManaged,PasswordComplexityHelperImpl] Updating password complexity components state.
I/Auth    ( 1779): [AuthManaged,PasswordComplexityHelperImpl] Enabling com.google.android.gms.auth.managed.ui.SetNewPasswordActivity
D/dalvikvm( 2080): GC_FOR_ALLOC freed 1320K, 7% free 21526K/22972K, paused 23ms, total 23ms
I/PTCommittedOperation( 1779): Receive new configuration for com.google.android.gms.checkin
I/ChromeSync( 2080): [Sync,SyncIntentOperation] Handling the intent: Intent { act=com.google.android.gms.phenotype.COMMITTED flg=0x10 pkg=com.google.android.gms cmp=com.google.android.gms/.chimera.GmsIntentOperationService (has extras) }.
W/ActivityManager( 1572): Unable to start service Intent { act=com.google.android.gms.auth.key.retrieval.service.START pkg=com.google.android.gms } U=0: not found
W/ActivityManager( 1572): Unbind failed: could not find connection for android.os.BinderProxy@9d3cd510
E/GmsClient( 2080): unable to connect to service: com.google.android.gms.auth.key.retrieval.service.START on com.google.android.gms
I/Auth    ( 1779): [AuthManaged,PasswordComplexityHelperImpl] Updating password complexity components state.
I/Auth    ( 1779): [AuthManaged,PasswordComplexityHelperImpl] Enabling com.google.android.gms.auth.managed.ui.SetNewPasswordActivity
I/MdiSyncModule( 2080): flag handling is skipping irrelevant intent.
W/ModuleInitIntentOp( 2080): Dropping unexpected action com.google.android.gms.phenotype.COMMITTED
I/ChromeSync( 2080): [Sync,SyncIntentOperation] Handling the intent: Intent { act=com.google.android.gms.phenotype.COMMITTED flg=0x10 pkg=com.google.android.gms cmp=com.google.android.gms/.chimera.GmsIntentOperationService (has extras) }.
D/dalvikvm( 1779): GC_FOR_ALLOC freed 2058K, 20% free 10098K/12588K, paused 18ms, total 18ms
I/Auth    ( 1779): [AuthManaged,PasswordComplexityHelperImpl] Updating password complexity components state.
I/Auth    ( 1779): [AuthManaged,PasswordComplexityHelperImpl] Enabling com.google.android.gms.auth.managed.ui.SetNewPasswordActivity
I/PTCommittedOperation( 1779): Receive new configuration for com.google.android.gms.reachability
I/Auth    ( 1779): [AuthManaged,PasswordComplexityHelperImpl] Updating password complexity components state.
I/Auth    ( 1779): [AuthManaged,PasswordComplexityHelperImpl] Enabling com.google.android.gms.auth.managed.ui.SetNewPasswordActivity
D/dalvikvm( 2080): GC_FOR_ALLOC freed 1214K, 6% free 22360K/23700K, paused 36ms, total 36ms
I/MdiSyncModule( 2080): flag handling is skipping irrelevant intent.
W/ModuleInitIntentOp( 2080): Dropping unexpected action com.google.android.gms.phenotype.COMMITTED
I/TelephonySpam( 2080): SettingsChangedIntentOp - telephonyspam phenotype flag changed
I/TelephonySpam( 2080): SpamListSync - schedulePeriodicTask
I/ChromeSync( 2080): [Sync,SyncIntentOperation] Handling the intent: Intent { act=com.google.android.gms.phenotype.COMMITTED flg=0x10 pkg=com.google.android.gms cmp=com.google.android.gms/.chimera.GmsIntentOperationService (has extras) }.
I/MdiSyncModule( 2080): flag handling is skipping irrelevant intent.
W/ModuleInitIntentOp( 2080): Dropping unexpected action com.google.android.gms.phenotype.COMMITTED
W/ActivityManager( 1572): Unable to start service Intent { act=com.google.android.gms.auth.key.retrieval.service.START pkg=com.google.android.gms } U=0: not found
E/GmsClient( 2080): unable to connect to service: com.google.android.gms.auth.key.retrieval.service.START on com.google.android.gms
I/ActivityManager( 1572): Waited long enough for: ServiceRecord{9d4f35f0 u0 com.google.android.calendar/com.android.calendar.alerts.InitAlarmsService}
W/ActivityManager( 1572): Unbind failed: could not find connection for android.os.BinderProxy@9d844748
I/Auth    ( 1779): [AuthManaged,PasswordComplexityHelperImpl] Updating password complexity components state.
I/Auth    ( 1779): [AuthManaged,PasswordComplexityHelperImpl] Enabling com.google.android.gms.auth.managed.ui.SetNewPasswordActivity
I/ChromeSync( 2080): [Sync,SyncIntentOperation] Handling the intent: Intent { act=com.google.android.gms.phenotype.COMMITTED flg=0x10 pkg=com.google.android.gms cmp=com.google.android.gms/.chimera.GmsIntentOperationService (has extras) }.
I/PTCommittedOperation( 1779): Receive new configuration for com.google.android.gms.mdisync
W/ModuleInitIntentOp( 2080): Dropping unexpected action com.google.android.gms.phenotype.COMMITTED
I/MdiSyncModule( 2080): handling relevant flag change...
I/GmsSyncPolicyEngine( 2080): Periodic sync 3 disabled
I/MdiSyncModule( 2080): flag handling completed
I/Auth    ( 1779): [AuthManaged,PasswordComplexityHelperImpl] Updating password complexity components state.
I/Auth    ( 1779): [AuthManaged,PasswordComplexityHelperImpl] Enabling com.google.android.gms.auth.managed.ui.SetNewPasswordActivity
I/Auth    ( 1779): [AuthManaged,PasswordComplexityHelperImpl] Updating password complexity components state.
I/Auth    ( 1779): [AuthManaged,PasswordComplexityHelperImpl] Enabling com.google.android.gms.auth.managed.ui.SetNewPasswordActivity
I/PTCommittedOperation( 1779): Receive new configuration for com.google.android.gms.audit
D/dalvikvm( 2080): GC_FOR_ALLOC freed 2955K, 13% free 21455K/24536K, paused 32ms, total 33ms
I/ChromeSync( 2080): [Sync,SyncIntentOperation] Handling the intent: Intent { act=com.google.android.gms.phenotype.COMMITTED flg=0x10 pkg=com.google.android.gms cmp=com.google.android.gms/.chimera.GmsIntentOperationService (has extras) }.
E/GmsClient( 2080): unable to connect to service: com.google.android.gms.auth.key.retrieval.service.START on com.google.android.gms
I/MdiSyncModule( 2080): flag handling is skipping irrelevant intent.
W/ModuleInitIntentOp( 2080): Dropping unexpected action com.google.android.gms.phenotype.COMMITTED
I/dalvikvm( 2080): Could not find method android.app.Notification$Builder.addExtras, referenced from method aqpx.a
W/dalvikvm( 2080): VFY: unable to resolve virtual method 461: Landroid/app/Notification$Builder;.addExtras (Landroid/os/Bundle;)Landroid/app/Notification$Builder;
D/dalvikvm( 2080): VFY: replacing opcode 0x6e at 0x0069
I/dalvikvm( 2080): Could not find method android.app.Notification$Builder.setColor, referenced from method aqpx.a
W/dalvikvm( 2080): VFY: unable to resolve virtual method 466: Landroid/app/Notification$Builder;.setColor (I)Landroid/app/Notification$Builder;
D/dalvikvm( 2080): VFY: replacing opcode 0x6e at 0x0074
I/dalvikvm( 2080): Could not find method android.app.Notification$Builder.addAction, referenced from method aqpx.a
W/dalvikvm( 2080): VFY: unable to resolve virtual method 460: Landroid/app/Notification$Builder;.addAction (Landroid/app/Notification$Action;)Landroid/app/Notification$Builder;
D/dalvikvm( 2080): VFY: replacing opcode 0x6e at 0x0079
I/dalvikvm( 2080): Could not find method android.app.Notification$Builder.addPerson, referenced from method aqpx.a
W/dalvikvm( 2080): VFY: unable to resolve virtual method 462: Landroid/app/Notification$Builder;.addPerson (Ljava/lang/String;)Landroid/app/Notification$Builder;
D/dalvikvm( 2080): VFY: replacing opcode 0x6e at 0x01d7
W/ActivityManager( 1572): Unable to start service Intent { act=com.google.android.gms.auth.key.retrieval.service.START pkg=com.google.android.gms } U=0: not found
W/ActivityManager( 1572): Unbind failed: could not find connection for android.os.BinderProxy@9d3a1bb0
D/dalvikvm( 1779): GC_FOR_ALLOC freed 2057K, 20% free 10087K/12588K, paused 34ms, total 34ms
I/PTCommittedOperation( 1779): Receive new configuration for com.google.android.gms.drive
I/ChromeSync( 2080): [Sync,SyncIntentOperation] Handling the intent: Intent { act=com.google.android.gms.phenotype.COMMITTED flg=0x10 pkg=com.google.android.gms cmp=com.google.android.gms/.chimera.GmsIntentOperationService (has extras) }.
I/MdiSyncModule( 2080): flag handling is skipping irrelevant intent.
W/ModuleInitIntentOp( 2080): Dropping unexpected action com.google.android.gms.phenotype.COMMITTED
I/Auth    ( 1779): [AuthManaged,PasswordComplexityHelperImpl] Updating password complexity components state.
I/Auth    ( 1779): [AuthManaged,PasswordComplexityHelperImpl] Enabling com.google.android.gms.auth.managed.ui.SetNewPasswordActivity
I/Auth    ( 1779): [AuthManaged,PasswordComplexityHelperImpl] Updating password complexity components state.
I/Auth    ( 1779): [AuthManaged,PasswordComplexityHelperImpl] Enabling com.google.android.gms.auth.managed.ui.SetNewPasswordActivity
I/PTCommittedOperation( 1779): Receive new configuration for com.google.android.gms.games
I/ChromeSync( 2080): [Sync,SyncIntentOperation] Handling the intent: Intent { act=com.google.android.gms.phenotype.COMMITTED flg=0x10 pkg=com.google.android.gms cmp=com.google.android.gms/.chimera.GmsIntentOperationService (has extras) }.
I/MdiSyncModule( 2080): flag handling is skipping irrelevant intent.
I/Auth    ( 1779): [AuthManaged,PasswordComplexityHelperImpl] Updating password complexity components state.
I/Auth    ( 1779): [AuthManaged,PasswordComplexityHelperImpl] Enabling com.google.android.gms.auth.managed.ui.SetNewPasswordActivity
D/dalvikvm( 2080): GC_FOR_ALLOC freed 1949K, 13% free 21554K/24536K, paused 22ms, total 22ms
W/ModuleInitIntentOp( 2080): Dropping unexpected action com.google.android.gms.phenotype.COMMITTED
D/dalvikvm( 1779): GC_FOR_ALLOC freed 1967K, 20% free 10168K/12588K, paused 8ms, total 8ms
I/Auth    ( 1779): [AuthManaged,PasswordComplexityHelperImpl] Updating password complexity components state.
I/Auth    ( 1779): [AuthManaged,PasswordComplexityHelperImpl] Enabling com.google.android.gms.auth.managed.ui.SetNewPasswordActivity
W/GLSUser ( 1872): [DeviceKeyStore] Cannot load key: Device key file not found.
W/GLSUser ( 1872): [DeviceKeyStore] Cannot load key: Device key file not found.
I/MobileDataHub( 2080): Scheduling periodic tasks
W/MobileDataHub( 2080): [Service] appsupload-periodic periodic task disabled
I/Auth    ( 1779): [AuthManaged,PasswordComplexityHelperImpl] Updating password complexity components state.
I/Auth    ( 1779): [AuthManaged,PasswordComplexityHelperImpl] Enabling com.google.android.gms.auth.managed.ui.SetNewPasswordActivity
I/PTCommittedOperation( 1779): Receive new configuration for com.google.android.gms.droidguard
I/ChromeSync( 2080): [Sync,SyncIntentOperation] Handling the intent: Intent { act=com.google.android.gms.phenotype.COMMITTED flg=0x10 pkg=com.google.android.gms cmp=com.google.android.gms/.chimera.GmsIntentOperationService (has extras) }.
W/ActivityManager( 1572): Unable to start service Intent { act=com.google.android.gms.auth.key.retrieval.service.START pkg=com.google.android.gms } U=0: not found
I/MdiSyncModule( 2080): flag handling is skipping irrelevant intent.
E/GmsClient( 2080): unable to connect to service: com.google.android.gms.auth.key.retrieval.service.START on com.google.android.gms
W/ActivityManager( 1572): Unbind failed: could not find connection for android.os.BinderProxy@9d5e3150
W/ModuleInitIntentOp( 2080): Dropping unexpected action com.google.android.gms.phenotype.COMMITTED
I/Auth    ( 1779): [AuthManaged,PasswordComplexityHelperImpl] Updating password complexity components state.
I/Auth    ( 1779): [AuthManaged,PasswordComplexityHelperImpl] Enabling com.google.android.gms.auth.managed.ui.SetNewPasswordActivity
I/ChromeSync( 2080): [Sync,SyncIntentOperation] Handling the intent: Intent { act=com.google.android.gms.phenotype.COMMITTED flg=0x10 pkg=com.google.android.gms cmp=com.google.android.gms/.chimera.GmsIntentOperationService (has extras) }.
I/MdiSyncModule( 2080): flag handling is skipping irrelevant intent.
W/ModuleInitIntentOp( 2080): Dropping unexpected action com.google.android.gms.phenotype.COMMITTED
I/PTCommittedOperation( 1779): Receive new configuration for com.google.android.gms.recaptcha
I/Auth    ( 1779): [AuthManaged,PasswordComplexityHelperImpl] Updating password complexity components state.
I/Auth    ( 1779): [AuthManaged,PasswordComplexityHelperImpl] Enabling com.google.android.gms.auth.managed.ui.SetNewPasswordActivity
I/Auth    ( 1779): [AuthManaged,PasswordComplexityHelperImpl] Updating password complexity components state.
I/Auth    ( 1779): [AuthManaged,PasswordComplexityHelperImpl] Enabling com.google.android.gms.auth.managed.ui.SetNewPasswordActivity
W/Conscrypt( 2080): Could not set socket write timeout: java.net.SocketException: Socket closed
W/Conscrypt( 2080): 	at com.google.android.gms.org.conscrypt.Platform.setSocketWriteTimeout(:com.google.android.gms@202414005@20.24.14 (000700-319035315):2)
W/Conscrypt( 2080): 	at com.google.android.gms.org.conscrypt.ConscryptFileDescriptorSocket.setSoWriteTimeout(:com.google.android.gms@202414005@20.24.14 (000700-319035315):0)
I/ChromeSync( 2080): [Sync,SyncIntentOperation] Handling the intent: Intent { act=com.google.android.gms.phenotype.COMMITTED flg=0x10 pkg=com.google.android.gms cmp=com.google.android.gms/.chimera.GmsIntentOperationService (has extras) }.
I/Auth    ( 1779): [AuthManaged,PasswordComplexityHelperImpl] Updating password complexity components state.
I/Auth    ( 1779): [AuthManaged,PasswordComplexityHelperImpl] Enabling com.google.android.gms.auth.managed.ui.SetNewPasswordActivity
I/MdiSyncModule( 2080): flag handling is skipping irrelevant intent.
W/ModuleInitIntentOp( 2080): Dropping unexpected action com.google.android.gms.phenotype.COMMITTED
I/PTCommittedOperation( 1779): Receive new configuration for com.google.android.gms.smartdevice
I/Auth    ( 1779): [AuthManaged,PasswordComplexityHelperImpl] Updating password complexity components state.
I/Auth    ( 1779): [AuthManaged,PasswordComplexityHelperImpl] Enabling com.google.android.gms.auth.managed.ui.SetNewPasswordActivity
I/Auth    ( 1779): [AuthManaged,PasswordComplexityHelperImpl] Updating password complexity components state.
I/Auth    ( 1779): [AuthManaged,PasswordComplexityHelperImpl] Enabling com.google.android.gms.auth.managed.ui.SetNewPasswordActivity
I/Auth    ( 1779): [AuthManaged,PasswordComplexityHelperImpl] Updating password complexity components state.
I/Auth    ( 1779): [AuthManaged,PasswordComplexityHelperImpl] Enabling com.google.android.gms.auth.managed.ui.SetNewPasswordActivity
I/ahlt    ( 1779): updateFromConfigurations using legacy put method [CONTEXT service_id=204 ]
D/dalvikvm( 1779): GC_FOR_ALLOC freed 2120K, 20% free 10090K/12588K, paused 15ms, total 15ms
I/Auth    ( 1779): [AuthManaged,PasswordComplexityHelperImpl] Updating password complexity components state.
I/Auth    ( 1779): [AuthManaged,PasswordComplexityHelperImpl] Enabling com.google.android.gms.auth.managed.ui.SetNewPasswordActivity
I/ChimeraCfgMgr( 2080): Updating module config: container:2024149000700 -> container:2024149000700
E/DowngradeHelper( 2080): isModuleDowngradeRequired false
E/ConfigFileUtils( 2080): Failed to read config file: /data/data/com.google.android.gms/app_chimera/current_modules_init.pb: open failed: ENOENT (No such file or directory)
W/Conscrypt( 2080): Could not set socket write timeout: java.net.SocketException: Socket closed
W/Conscrypt( 2080): 	at com.google.android.gms.org.conscrypt.Platform.setSocketWriteTimeout(:com.google.android.gms@202414005@20.24.14 (000700-319035315):2)
W/Conscrypt( 2080): 	at com.google.android.gms.org.conscrypt.ConscryptFileDescriptorSocket.setSoWriteTimeout(:com.google.android.gms@202414005@20.24.14 (000700-319035315):0)
D/ConnectivityService( 1572): [CheckMp] isMobileOk: not connected ni=NetworkInfo: type: mobile_hipri[LTE], state: DISCONNECTED/IDLE, reason: (unspecified), extra: (none), roaming: false, failover: false, isAvailable: true, isConnectedToProvisioningNetwork: false
D/dalvikvm( 2080): GC_FOR_ALLOC freed 2748K, 16% free 20853K/24536K, paused 21ms, total 21ms
I/ChimeraCfgMgr( 2080): Sending com.google.android.chimera.IntentOperation.NEW_MODULE Intents: 1,false,true
I/ChmraDebugLogger( 2080): [46] container:2024149000700
I/ChimeraCfgMgr( 2080): Received com.google.android.chimera.IntentOperation.NEW_MODULE(1/0): 1,false
E/dalvikvm( 2080): JIT code cache full
I/Auth    ( 1779): [AuthManaged,PasswordComplexityHelperImpl] Updating password complexity components state.
I/Auth    ( 1779): [AuthManaged,PasswordComplexityHelperImpl] Enabling com.google.android.gms.auth.managed.ui.SetNewPasswordActivity
I/PTCommittedOperation( 1779): Receive new configuration for com.google.android.location
I/Auth    ( 1779): [AuthManaged,PasswordComplexityHelperImpl] Updating password complexity components state.
I/Auth    ( 1779): [AuthManaged,PasswordComplexityHelperImpl] Enabling com.google.android.gms.auth.managed.ui.SetNewPasswordActivity
D/dalvikvm( 2080): JIT code cache reset in 0 ms (523104 bytes 2/8)
D/dalvikvm( 2080): GC_FOR_ALLOC freed 2301K, 17% free 20599K/24536K, paused 35ms, total 36ms
I/ChromeSync( 2080): [Sync,SyncIntentOperation] Handling the intent: Intent { act=com.google.android.gms.phenotype.COMMITTED flg=0x10 pkg=com.google.android.gms cmp=com.google.android.gms/.chimera.GmsIntentOperationService (has extras) }.
I/MdiSyncModule( 2080): flag handling is skipping irrelevant intent.
W/ModuleInitIntentOp( 2080): Dropping unexpected action com.google.android.gms.phenotype.COMMITTED
W/ActivityManager( 1572): Unable to start service Intent { act=com.google.android.gms.auth.key.retrieval.service.START pkg=com.google.android.gms } U=0: not found
W/ActivityManager( 1572): Unbind failed: could not find connection for android.os.BinderProxy@9d4d02d8
I/Auth    ( 1779): [AuthManaged,PasswordComplexityHelperImpl] Updating password complexity components state.
I/Auth    ( 1779): [AuthManaged,PasswordComplexityHelperImpl] Enabling com.google.android.gms.auth.managed.ui.SetNewPasswordActivity
E/GmsClient( 2080): unable to connect to service: com.google.android.gms.auth.key.retrieval.service.START on com.google.android.gms
E/MS_RegisterService( 2080): Exception during register request.
E/MS_RegisterService( 2080): bwqb: UNAUTHENTICATED: Request is missing required authentication credential. Expected OAuth 2 access token, login cookie or other valid authentication credential. See https://developers.google.com/identity/sign-in/web/devconsole-project.
E/MS_RegisterService( 2080): 	at bwqa.c(:com.google.android.gms@202414005@20.24.14 (000700-319035315):3)
E/MS_RegisterService( 2080): 	at ngh.a(:com.google.android.gms@202414005@20.24.14 (000700-319035315):48)
E/MS_RegisterService( 2080): 	at zvl.a(:com.google.android.gms@202414005@20.24.14 (000700-319035315):12)
E/MS_RegisterService( 2080): 	at com.google.android.libraries.matchstick.net.SilentRegisterIntentOperation.a(:com.google.android.gms@202414005@20.24.14 (000700-319035315):218)
E/MS_RegisterService( 2080): 	at com.google.android.libraries.matchstick.net.SilentRegisterIntentOperation.f(:com.google.android.gms@202414005@20.24.14 (000700-319035315):35)
E/MS_RegisterService( 2080): 	at com.google.android.libraries.matchstick.net.SilentRegisterIntentOperation.onHandleIntent(:com.google.android.gms@202414005@20.24.14 (000700-319035315):205)
E/MS_RegisterService( 2080): 	at com.google.android.chimera.IntentOperation.onHandleIntent(:com.google.android.gms@202414005@20.24.14 (000700-319035315):2)
E/MS_RegisterService( 2080): 	at ljm.onHandleIntent(:com.google.android.gms@202414005@20.24.14 (000700-319035315):4)
E/MS_RegisterService( 2080): 	at bsh.run(:com.google.android.gms@202414005@20.24.14 (000700-319035315):5)
E/MS_RegisterService( 2080): 	at bsg.run(:com.google.android.gms@202414005@20.24.14 (000700-319035315):10)
E/MS_RegisterService( 2080): 	at java.util.concurrent.ThreadPoolExecutor.runWorker(ThreadPoolExecutor.java:1112)
E/MS_RegisterService( 2080): 	at java.util.concurrent.ThreadPoolExecutor$Worker.run(ThreadPoolExecutor.java:587)
E/MS_RegisterService( 2080): 	at java.lang.Thread.run(Thread.java:841)
D/dalvikvm( 1779): GC_FOR_ALLOC freed 1823K, 19% free 10314K/12588K, paused 29ms, total 30ms
V/EmulatedCamera_Camera( 1147): getCameraInfo
V/EmulatedCamera_BaseCamera( 1147): getCameraInfo
I/OcrModelUpStIntentOp( 2080): Updating ocr activity enabled=true (phenotypeFlag=true, lowRamDevice=false, prereqCheck=true)
W/DynamiteModule( 2080): Local module descriptor class for com.google.android.gms.vision.dynamite.ocr not found.
W/ProviderHelper( 2080): Unknown dynamite feature vision.dynamite.ocr
I/ChromeSync( 2080): [Sync,SyncIntentOperation] Handling the intent: Intent { act=com.google.android.gms.phenotype.COMMITTED flg=0x10 pkg=com.google.android.gms cmp=com.google.android.gms/.chimera.GmsIntentOperationService (has extras) }.
I/DynamiteModule( 2080): Considering local module com.google.android.gms.vision.dynamite.ocr:0 and remote module com.google.android.gms.vision.dynamite.ocr:0
W/ProviderHelper( 2080): Ignoring optional dynamite feature vision.ocr
W/DynamiteModule( 2080): Local module descriptor class for com.google.android.gms.vision.ocr not found.
I/DynamiteModule( 2080): Considering local module com.google.android.gms.vision.ocr:0 and remote module com.google.android.gms.vision.ocr:0
E/Vision  ( 2080): Error loading module com.google.android.gms.vision.ocr optional module true: qxb: No acceptable module found. Local version is 0 and remote version is 0.
W/ModuleInitIntentOp( 2080): Dropping unexpected action com.google.android.gms.phenotype.COMMITTED
W/TextNativeHandle( 2080): Native handle not yet available. Reverting to no-op handle.
W/DynamiteModule( 2080): Local module descriptor class for com.google.android.gms.vision.dynamite.ocr not found.
W/ProviderHelper( 2080): Unknown dynamite feature vision.dynamite.ocr
I/DynamiteModule( 2080): Considering local module com.google.android.gms.vision.dynamite.ocr:0 and remote module com.google.android.gms.vision.dynamite.ocr:0
W/ProviderHelper( 2080): Ignoring optional dynamite feature vision.ocr
W/DynamiteModule( 2080): Local module descriptor class for com.google.android.gms.vision.ocr not found.
I/DynamiteModule( 2080): Considering local module com.google.android.gms.vision.ocr:0 and remote module com.google.android.gms.vision.ocr:0
E/Vision  ( 2080): Error loading module com.google.android.gms.vision.ocr optional module true: qxb: No acceptable module found. Local version is 0 and remote version is 0.
I/OcrModelUpStIntentOp( 2080): Downloading text recognizer
I/MdiSyncModule( 2080): flag handling is skipping irrelevant intent.
I/Vision  ( 2080): Requesting optional module download of ocr.
I/Vision  ( 2080): Exceeded maximum feature download tries for ocr
W/Vision  ( 2080): Request of optional module download of ocr failed.
I/Vision  ( 2080): Checking for download completion for 51933 -- ocr
I/Vision  ( 2080): Requesting optional module download of ocr.
I/PTCommittedOperation( 1779): Receive new configuration for com.google.android.gms.auth_authzen
I/Vision  ( 2080): Checking for download completion for 51946 -- ocr
I/Auth    ( 1779): [AuthManaged,PasswordComplexityHelperImpl] Updating password complexity components state.
I/Auth    ( 1779): [AuthManaged,PasswordComplexityHelperImpl] Enabling com.google.android.gms.auth.managed.ui.SetNewPasswordActivity
I/ChimeraConfigurator( 2080): Starting update, reason: 4 urgentFeatures: vision.ocr:-1
E/ConfigFileUtils( 2080): Failed to read config file: /data/data/com.google.android.gms/app_chimera/next_container.pb: open failed: ENOENT (No such file or directory)
E/PhenotypeRegOp( 2080): Attempting to overwrite config package for com.google.android.gms.games [CONTEXT service_id=231 ]
E/PhenotypeRegOp( 2080): Attempting to overwrite config package for com.google.android.gms.mobile_data_plan [CONTEXT service_id=231 ]
E/PhenotypeRegOp( 2080): Attempting to overwrite config package for com.google.android.gms.signin [CONTEXT service_id=231 ]
E/PhenotypeRegOp( 2080): Attempting to overwrite config package for com.google.android.gms.udc [CONTEXT service_id=231 ]
I/ChmraDebugLogger( 2080): [73] 1801
I/ChmraDebugLogger( 2080): [30] [VisionOcr.optional:202414000700] permitMetered=true,
W/ChimeraConfigService( 2080): Retry attempt was throttled.
D/dalvikvm( 1779): GC_FOR_ALLOC freed 1830K, 19% free 10217K/12588K, paused 27ms, total 27ms
I/MS_RegisterService( 2080): checking registration with Lighter
I/LT_StubFactory( 2080): tachyonHostName = instantmessaging-pa.googleapis.com and tachyonPortNumber = 443
D/LT_OkHttpChannelBuilder( 2080): Using Spatula header keyless authentication.
W/GLSUser ( 1872): [DeviceKeyStore] Cannot load key: Device key file not found.
W/GLSUser ( 1872): [DeviceKeyStore] Cannot load key: Device key file not found.
D/LT_ClntIntrcptrFctryV12( 2080): Spatula header: CjYKFmNvbS5nb29nbGUuYW5kcm9pZC5nbXMaHFdPSEVFejkwUWV3OUxDY0NjS0ZJQXRwSHVnND0YzdTnx43x/vE8
D/dalvikvm( 1779): GC_FOR_ALLOC freed 1833K, 18% free 10432K/12588K, paused 10ms, total 10ms
D/dalvikvm( 2080): GC_FOR_ALLOC freed 1740K, 15% free 20907K/24536K, paused 27ms, total 27ms
I/LT_PhenotypeApiImplV12( 2080): Retrieve experiment configurations for: 
D/dalvikvm( 1572): GC_FOR_ALLOC freed 1174K, 47% free 7821K/14696K, paused 10ms, total 10ms
I/Auth    ( 1779): [AuthManaged,PasswordComplexityHelperImpl] Updating password complexity components state.
I/Auth    ( 1779): [AuthManaged,PasswordComplexityHelperImpl] Enabling com.google.android.gms.auth.managed.ui.SetNewPasswordActivity
W/Launcher.Model( 2346): Nobody to tell about the new app.  Launcher is probably loading.
W/Launcher.Model( 2346): Nobody to tell about the new app.  Launcher is probably loading.
D/dalvikvm( 2346): GC_FOR_ALLOC freed 159K, 10% free 3394K/3760K, paused 2ms, total 2ms
W/Launcher.Model( 2346): Nobody to tell about the new app.  Launcher is probably loading.
I/PackageManager( 1572):   Action: "android.intent.action.SENDTO"
I/PackageManager( 1572):   Category: "android.intent.category.DEFAULT"
I/PackageManager( 1572):   Scheme: "sms"
I/InputReader( 1572): Reconfiguring input devices.  changes=0x00000010
I/PackageManager( 1572): Adding preferred activity ComponentInfo{com.android.mms/com.android.mms.ui.ComposeMessageActivity} for user 0 :
I/ahju    ( 1779): Scheduling Phenotype for a PhenotypeSyncImmediately(6, com.google.lighter.android#com.google.android.gms) one off with window [1, 2] in seconds [CONTEXT service_id=51 ]
I/InputReader( 1572): Reconfiguring input devices.  changes=0x00000010
D/dalvikvm( 1800): GC_FOR_ALLOC freed 414K, 15% free 3631K/4256K, paused 2ms, total 5ms
I/PackageManager( 1572):   Action: "android.intent.action.SENDTO"
I/PackageManager( 1572):   Category: "android.intent.category.DEFAULT"
I/PackageManager( 1572):   Scheme: "smsto"
I/PackageManager( 1572): Adding preferred activity ComponentInfo{com.android.mms/com.android.mms.ui.ComposeMessageActivity} for user 0 :
I/PackageManager( 1572):   Action: "android.intent.action.SENDTO"
I/PackageManager( 1572):   Category: "android.intent.category.DEFAULT"
I/PackageManager( 1572):   Scheme: "mms"
I/MS_RegisterService( 2080): Tachyon host: instantmessaging-pa.googleapis.com, Tachyon port: 443
I/PackageManager( 1572): Adding preferred activity ComponentInfo{com.android.mms/com.android.mms.ui.ComposeMessageActivity} for user 0 :
I/Auth    ( 1779): [AuthManaged,PasswordComplexityHelperImpl] Updating password complexity components state.
I/Auth    ( 1779): [AuthManaged,PasswordComplexityHelperImpl] Enabling com.google.android.gms.auth.managed.ui.SetNewPasswordActivity
I/MS_RegisterService( 2080): RegisterService intent:Intent { act=com.google.android.gms.matchstick.register_intent_action cat=[targeted_intent_op_prefix:com.google.android.libraries.matchstick.net.SilentRegisterIntentOperation] cmp=com.google.android.gms/.chimera.GmsIntentOperationService } isPeriodic:false
W/Launcher( 2346): setApplicationContext called twice! old=com.google.android.velvet.VelvetApplication@9d008960 new=com.google.android.velvet.VelvetApplication@9d008960
I/Fitness ( 1779): OnPackageChangedOperation got intent: Intent { act=android.intent.action.PACKAGE_CHANGED dat=package:com.google.android.gsf flg=0x4000010 cmp=com.google.android.gms/.chimera.PersistentIntentOperationService (has extras) } [CONTEXT service_id=17 ]
W/DynamiteModule( 2080): Local module descriptor class for providerinstaller not found.
W/ProviderHelper( 2080): Unknown dynamite feature providerinstaller
I/DynamiteModule( 2080): Considering local module providerinstaller:0 and remote module providerinstaller:0
W/ProviderInstaller( 2080): Failed to load providerinstaller module: No acceptable module found. Local version is 0 and remote version is 0.
I/Fitness ( 1779): FitCleanupIntentOperation received Intent android.intent.action.PACKAGE_CHANGED [CONTEXT service_id=17 ]
I/Icing.InternalIcingCorporaProvider( 2324): Updating corpora: A: com.google.android.gsf, C: MAYBE
I/PackageManager( 1572):   Action: "android.intent.action.SENDTO"
I/PackageManager( 1572):   Category: "android.intent.category.DEFAULT"
I/PackageManager( 1572):   Scheme: "mmsto"
I/LT_PhenotypeApiImplV12( 2080): Phenotype registration succeeded
I/PackageManager( 1572): Adding preferred activity ComponentInfo{com.android.mms/com.android.mms.ui.ComposeMessageActivity} for user 0 :
I/PackageManager( 1572):   Action: "android.intent.action.SENDTO"
I/PackageManager( 1572):   Category: "android.intent.category.DEFAULT"
I/PackageManager( 1572):   Scheme: "sms"
I/PackageManager( 1572): Adding preferred activity ComponentInfo{com.android.mms/com.android.mms.ui.ComposeMessageActivity} for user 0 :
D/dalvikvm( 1800): GC_FOR_ALLOC freed 382K, 14% free 3668K/4256K, paused 10ms, total 10ms
D/dalvikvm( 2324): GC_FOR_ALLOC freed 495K, 14% free 3495K/4052K, paused 3ms, total 3ms
D/dalvikvm( 1572): GC_FOR_ALLOC freed 1241K, 47% free 7792K/14696K, paused 13ms, total 14ms
I/PackageManager( 1572):   Action: "android.intent.action.SENDTO"
I/PackageManager( 1572):   Category: "android.intent.category.DEFAULT"
I/PackageManager( 1572):   Scheme: "smsto"
I/PackageManager( 1572): Adding preferred activity ComponentInfo{com.android.mms/com.android.mms.ui.ComposeMessageActivity} for user 0 :
W/ContextImpl( 2324): Implicit intents with startService are not safe: Intent { act=com.google.android.gms.icing.INDEX_SERVICE } android.content.ContextWrapper.bindService:517 com.google.android.gms.internal.av.a:-1 com.google.android.gms.internal.au.connect:-1 
I/PackageManager( 1572):   Action: "android.intent.action.SENDTO"
I/PackageManager( 1572):   Category: "android.intent.category.DEFAULT"
I/PackageManager( 1572):   Scheme: "mms"
I/PackageManager( 1572): Adding preferred activity ComponentInfo{com.android.mms/com.android.mms.ui.ComposeMessageActivity} for user 0 :
