I/PackageManager( 1572): Running dexopt on: dev.corruptedark.openchaoschess
W/linker  ( 3067): libdvm.so has text relocations. This is wasting memory and is a security risk. Please fix.
I/dalvikvm( 3067): DexOpt: illegal method access (call Landroid/widget/TextView;.getTextDirectionHeuristic ()Landroid/text/TextDirectionHeuristic; from Lb/b/h/z$b;)
D/dalvikvm( 3067): DexOpt: load 12ms, verify+opt 35ms, 1421580 bytes
I/ActivityManager( 1572): Force stopping dev.corruptedark.openchaoschess appid=10058 user=-1: update pkg
I/InputReader( 1572): Reconfiguring input devices.  changes=0x00000010
D/dalvikvm( 2346): GC_FOR_ALLOC freed 231K, 13% free 3461K/3952K, paused 2ms, total 2ms
D/BackupManagerService( 1572): Received broadcast Intent { act=android.intent.action.PACKAGE_ADDED dat=package:dev.corruptedark.openchaoschess flg=0x4000010 (has extras) }
V/BackupManagerService( 1572): addPackageParticipantsLocked: #1
I/PackageManager( 1572):   Action: "android.intent.action.SENDTO"
I/PackageManager( 1572):   Category: "android.intent.category.DEFAULT"
I/PackageManager( 1572):   Scheme: "sms"
W/Launcher.Model( 2346): Nobody to tell about the new app.  Launcher is probably loading.
I/PackageManager( 1572): Adding preferred activity ComponentInfo{com.android.mms/com.android.mms.ui.ComposeMessageActivity} for user 0 :
D/dalvikvm( 1800): GC_FOR_ALLOC freed 398K, 15% free 3628K/4256K, paused 3ms, total 3ms
I/PackageManager( 1572):   Action: "android.intent.action.SENDTO"
I/PackageManager( 1572):   Category: "android.intent.category.DEFAULT"
I/PackageManager( 1572):   Scheme: "smsto"
W/GCM     ( 1779): Unexpected forwarded intent: Intent { act=android.intent.action.PACKAGE_ADDED dat=package:dev.corruptedark.openchaoschess flg=0x4000010 cmp=com.google.android.gms/.chimera.PersistentIntentOperationService (has extras) }
W/GCM     ( 1779): Unexpected forwarded intent: Intent { act=android.intent.action.PACKAGE_ADDED dat=package:dev.corruptedark.openchaoschess flg=0x4000010 cmp=com.google.android.gms/.chimera.PersistentIntentOperationService (has extras) }
I/Auth    ( 2080): [SupervisedAccountIntentOperation] onHandleIntent(): android.intent.action.PACKAGE_ADDED
I/PackageManager( 1572):   Action: "android.intent.action.SENDTO"
I/PackageManager( 1572):   Category: "android.intent.category.DEFAULT"
I/PackageManager( 1572):   Scheme: "mms"
I/PackageManager( 1572): Adding preferred activity ComponentInfo{com.android.mms/com.android.mms.ui.ComposeMessageActivity} for user 0 :
I/PackageManager( 1572): Adding preferred activity ComponentInfo{com.android.mms/com.android.mms.ui.ComposeMessageActivity} for user 0 :
I/Icing.InternalIcingCorporaProvider( 2324): Updating corpora: A: dev.corruptedark.openchaoschess, C: MAYBE
I/PackageManager( 1572):   Action: "android.intent.action.SENDTO"
I/PackageManager( 1572):   Category: "android.intent.category.DEFAULT"
I/PackageManager( 1572):   Scheme: "mmsto"
I/PackageManager( 1572): Adding preferred activity ComponentInfo{com.android.mms/com.android.mms.ui.ComposeMessageActivity} for user 0 :
I/PackageManager( 1572):   Action: "android.intent.action.SENDTO"
I/PackageManager( 1572):   Category: "android.intent.category.DEFAULT"
I/PackageManager( 1572):   Scheme: "sms"
I/ChromeSync( 2080): [Sync,SyncIntentOperation] Handling the intent: Intent { act=android.intent.action.PACKAGE_ADDED dat=package:dev.corruptedark.openchaoschess flg=0x4000010 cmp=com.google.android.gms/.chimera.GmsIntentOperationService (has extras) }.
I/PackageManager( 1572): Adding preferred activity ComponentInfo{com.android.mms/com.android.mms.ui.ComposeMessageActivity} for user 0 :
D/dalvikvm( 1572): GC_EXPLICIT freed 1310K, 42% free 8599K/14696K, paused 18ms+2ms, total 57ms
D/dalvikvm( 1572): WAIT_FOR_CONCURRENT_GC blocked 7ms
D/dalvikvm( 1572): WAIT_FOR_CONCURRENT_GC blocked 8ms
D/dalvikvm( 1572): WAIT_FOR_CONCURRENT_GC blocked 8ms
D/dalvikvm( 1572): WAIT_FOR_CONCURRENT_GC blocked 8ms
D/dalvikvm( 1572): WAIT_FOR_CONCURRENT_GC blocked 10ms
D/dalvikvm( 1572): WAIT_FOR_CONCURRENT_GC blocked 11ms
D/AndroidRuntime( 3056): Shutting down VM
D/jdwp    ( 3056): Got wake-up signal, bailing out of select
D/dalvikvm( 3056): Debugger has detached; object registry had 1 entries
I/FontLog ( 2080): Package dev.corruptedark.openchaoschess has no metadata [CONTEXT service_id=132 ]
D/dalvikvm( 1800): GC_FOR_ALLOC freed 380K, 14% free 3667K/4256K, paused 2ms, total 2ms
W/ActivityManager( 1572): Unable to start service Intent { act=com.google.android.gms.auth.key.retrieval.service.START pkg=com.google.android.gms } U=0: not found
W/ActivityManager( 1572): Unbind failed: could not find connection for android.os.BinderProxy@9d95cc48
I/PackageManager( 1572):   Action: "android.intent.action.SENDTO"
I/PackageManager( 1572):   Category: "android.intent.category.DEFAULT"
I/PackageManager( 1572):   Scheme: "smsto"
E/GmsClient( 2080): unable to connect to service: com.google.android.gms.auth.key.retrieval.service.START on com.google.android.gms
I/PackageManager( 1572): Adding preferred activity ComponentInfo{com.android.mms/com.android.mms.ui.ComposeMessageActivity} for user 0 :
I/ChromeSync( 2080): [Persistence,AffiliationManager] One of affiliation or grouping data for android://KSmUCdTXmQS-j9D_O8l1jvyu41Pjn2mc5cb0Gvx1e9H1Aj4JCzHs_uTW26nbtH65K-YfijtBsQxGp-8R6k6HFg==@dev.corruptedark.openchaoschess/ was not found. Marking affiliation data as stale...
I/PackageManager( 1572):   Action: "android.intent.action.SENDTO"
I/PackageManager( 1572):   Category: "android.intent.category.DEFAULT"
I/PackageManager( 1572):   Scheme: "mms"
I/PackageManager( 1572): Adding preferred activity ComponentInfo{com.android.mms/com.android.mms.ui.ComposeMessageActivity} for user 0 :
I/Icing   ( 2080): IndexChimeraService.getServiceInterface callingPackage=com.google.android.googlequicksearchbox componentName=null serviceId=21
I/PackageManager( 1572):   Action: "android.intent.action.SENDTO"
I/PackageManager( 1572):   Category: "android.intent.category.DEFAULT"
I/PackageManager( 1572):   Scheme: "mmsto"
I/PackageManager( 1572): Adding preferred activity ComponentInfo{com.android.mms/com.android.mms.ui.ComposeMessageActivity} for user 0 :
W/Icing   ( 2080): No valid account for uploading user actions
I/Icing   ( 2080): Usage reports ok 0, Failed Usage reports 0, indexed 0, rejected 0
I/Icing   ( 2080): Indexing com.google.android.googlequicksearchbox-applications from com.google.android.googlequicksearchbox
D/EGL_emulation( 1960): eglMakeCurrent: 0xb8dc6fd0: ver 3 0
I/Icing   ( 2080): Indexing com.google.android.gms-apps from com.google.android.gms
I/Icing   ( 2080): Indexing done com.google.android.googlequicksearchbox-applications
I/Icing   ( 2080): Indexing done com.google.android.gms-apps
I/Icing   ( 2080): Indexing com.google.android.gms-internal.3p:MobileApplication from com.google.android.gms
I/Icing   ( 2080): Indexing done com.google.android.gms-internal.3p:MobileApplication
D/AndroidRuntime( 3076): 
D/AndroidRuntime( 3076): >>>>>> AndroidRuntime START com.android.internal.os.RuntimeInit <<<<<<
W/linker  ( 3076): libdvm.so has text relocations. This is wasting memory and is a security risk. Please fix.
D/AndroidRuntime( 3076): CheckJNI is ON
D/dalvikvm( 3076): Trying to load lib libjavacore.so 0x0
D/dalvikvm( 3076): Added shared lib libjavacore.so 0x0
D/dalvikvm( 3076): Trying to load lib libnativehelper.so 0x0
D/dalvikvm( 3076): Added shared lib libnativehelper.so 0x0
D/dalvikvm( 3076): No JNI_OnLoad found in libnativehelper.so 0x0, skipping init
D/dalvikvm( 3076): Note: class Landroid/app/ActivityManagerNative; has 179 unimplemented (abstract) methods
E/memtrack( 3076): Couldn't load memtrack module (No such file or directory)
E/android.os.Debug( 3076): failed to load memtrack module: -2
D/AndroidRuntime( 3076): Calling main entry com.android.commands.pm.Pm
W/ActivityManager( 1572): No content provider found for permission revoke: file:///sdcard/ripper.apk
W/ActivityManager( 1572): No content provider found for permission revoke: file:///sdcard/ripper.apk
I/PackageManager( 1572): Copying native libraries to /data/app-lib/vmdl-1367354913
I/PackageParser( 1572): it.unina.android.ripper: compat added android.permission.WRITE_EXTERNAL_STORAGE android.permission.READ_PHONE_STATE
I/PackageManager( 1572): Running dexopt on: it.unina.android.ripper
W/linker  ( 3087): libdvm.so has text relocations. This is wasting memory and is a security risk. Please fix.
D/dalvikvm( 3087): DexOpt: load 5ms, verify+opt 17ms, 936700 bytes
I/ActivityManager( 1572): Force stopping it.unina.android.ripper appid=10059 user=-1: update pkg
D/dalvikvm( 1572): GC_FOR_ALLOC freed 2193K, 47% free 7813K/14696K, paused 7ms, total 7ms
D/EGL_emulation( 1960): eglMakeCurrent: 0xb8dc6fd0: ver 3 0
I/PackageManager( 1572):   Action: "android.intent.action.SENDTO"
I/PackageManager( 1572):   Category: "android.intent.category.DEFAULT"
I/PackageManager( 1572):   Scheme: "sms"
I/InputReader( 1572): Reconfiguring input devices.  changes=0x00000010
I/PackageManager( 1572): Adding preferred activity ComponentInfo{com.android.mms/com.android.mms.ui.ComposeMessageActivity} for user 0 :
W/Launcher.Model( 2346): Nobody to tell about the new app.  Launcher is probably loading.
D/dalvikvm( 1800): GC_FOR_ALLOC freed 451K, 16% free 3601K/4256K, paused 4ms, total 6ms
I/PackageManager( 1572):   Action: "android.intent.action.SENDTO"
I/PackageManager( 1572):   Category: "android.intent.category.DEFAULT"
I/PackageManager( 1572):   Scheme: "smsto"
I/PackageManager( 1572): Adding preferred activity ComponentInfo{com.android.mms/com.android.mms.ui.ComposeMessageActivity} for user 0 :
D/BackupManagerService( 1572): Received broadcast Intent { act=android.intent.action.PACKAGE_ADDED dat=package:it.unina.android.ripper flg=0x4000010 (has extras) }
I/PackageManager( 1572):   Action: "android.intent.action.SENDTO"
I/PackageManager( 1572):   Category: "android.intent.category.DEFAULT"
I/PackageManager( 1572):   Scheme: "mms"
V/BackupManagerService( 1572): addPackageParticipantsLocked: #1
I/PackageManager( 1572): Adding preferred activity ComponentInfo{com.android.mms/com.android.mms.ui.ComposeMessageActivity} for user 0 :
I/PackageManager( 1572):   Action: "android.intent.action.SENDTO"
I/PackageManager( 1572):   Category: "android.intent.category.DEFAULT"
I/PackageManager( 1572):   Scheme: "mmsto"
I/PackageManager( 1572):   Action: "android.intent.action.SENDTO"
I/PackageManager( 1572):   Category: "android.intent.category.DEFAULT"
I/PackageManager( 1572):   Scheme: "sms"
I/PackageManager( 1572): Adding preferred activity ComponentInfo{com.android.mms/com.android.mms.ui.ComposeMessageActivity} for user 0 :
I/PackageManager( 1572): Adding preferred activity ComponentInfo{com.android.mms/com.android.mms.ui.ComposeMessageActivity} for user 0 :
W/GCM     ( 1779): Unexpected forwarded intent: Intent { act=android.intent.action.PACKAGE_ADDED dat=package:it.unina.android.ripper flg=0x4000010 cmp=com.google.android.gms/.chimera.PersistentIntentOperationService (has extras) }
W/GCM     ( 1779): Unexpected forwarded intent: Intent { act=android.intent.action.PACKAGE_ADDED dat=package:it.unina.android.ripper flg=0x4000010 cmp=com.google.android.gms/.chimera.PersistentIntentOperationService (has extras) }
I/Auth    ( 2080): [SupervisedAccountIntentOperation] onHandleIntent(): android.intent.action.PACKAGE_ADDED
I/ChromeSync( 2080): [Sync,SyncIntentOperation] Handling the intent: Intent { act=android.intent.action.PACKAGE_ADDED dat=package:it.unina.android.ripper flg=0x4000010 cmp=com.google.android.gms/.chimera.GmsIntentOperationService (has extras) }.
I/FontLog ( 2080): Package it.unina.android.ripper has no metadata [CONTEXT service_id=132 ]
D/dalvikvm( 1800): GC_FOR_ALLOC freed 384K, 14% free 3668K/4256K, paused 16ms, total 16ms
I/PackageManager( 1572):   Action: "android.intent.action.SENDTO"
I/PackageManager( 1572):   Category: "android.intent.category.DEFAULT"
I/PackageManager( 1572):   Scheme: "smsto"
I/Icing.InternalIcingCorporaProvider( 2324): Updating corpora: A: it.unina.android.ripper, C: MAYBE
I/PackageManager( 1572): Adding preferred activity ComponentInfo{com.android.mms/com.android.mms.ui.ComposeMessageActivity} for user 0 :
D/dalvikvm( 1572): GC_EXPLICIT freed 1250K, 48% free 7772K/14696K, paused 1ms+2ms, total 84ms
D/dalvikvm( 1572): WAIT_FOR_CONCURRENT_GC blocked 10ms
D/dalvikvm( 1572): WAIT_FOR_CONCURRENT_GC blocked 9ms
D/dalvikvm( 1572): WAIT_FOR_CONCURRENT_GC blocked 11ms
D/AndroidRuntime( 3076): Shutting down VM
D/jdwp    ( 3076): Got wake-up signal, bailing out of select
D/dalvikvm( 3076): Debugger has detached; object registry had 1 entries
D/dalvikvm( 1572): WAIT_FOR_CONCURRENT_GC blocked 7ms
D/dalvikvm( 1572): WAIT_FOR_CONCURRENT_GC blocked 9ms
D/dalvikvm( 1572): WAIT_FOR_CONCURRENT_GC blocked 8ms
D/dalvikvm( 1572): WAIT_FOR_CONCURRENT_GC blocked 12ms
D/dalvikvm( 1572): WAIT_FOR_CONCURRENT_GC blocked 8ms
I/PackageManager( 1572):   Action: "android.intent.action.SENDTO"
I/PackageManager( 1572):   Category: "android.intent.category.DEFAULT"
I/PackageManager( 1572):   Scheme: "mms"
I/ChromeSync( 2080): [Persistence,AffiliationManager] One of affiliation or grouping data for android://KSmUCdTXmQS-j9D_O8l1jvyu41Pjn2mc5cb0Gvx1e9H1Aj4JCzHs_uTW26nbtH65K-YfijtBsQxGp-8R6k6HFg==@it.unina.android.ripper/ was not found. Marking affiliation data as stale...
I/PackageManager( 1572): Adding preferred activity ComponentInfo{com.android.mms/com.android.mms.ui.ComposeMessageActivity} for user 0 :
I/PackageManager( 1572):   Action: "android.intent.action.SENDTO"
I/PackageManager( 1572):   Category: "android.intent.category.DEFAULT"
I/PackageManager( 1572):   Scheme: "mmsto"
I/PackageManager( 1572): Adding preferred activity ComponentInfo{com.android.mms/com.android.mms.ui.ComposeMessageActivity} for user 0 :
D/dalvikvm( 1800): GC_FOR_ALLOC freed 351K, 14% free 3665K/4256K, paused 2ms, total 2ms
D/dalvikvm( 2080): GC_FOR_ALLOC freed 2025K, 15% free 21041K/24536K, paused 37ms, total 37ms
I/Icing   ( 2080): IndexChimeraService.getServiceInterface callingPackage=com.google.android.googlequicksearchbox componentName=null serviceId=21
I/Icing   ( 2080): Indexing com.google.android.gms-apps from com.google.android.gms
D/EGL_emulation( 1960): eglMakeCurrent: 0xb8dc6fd0: ver 3 0
W/Icing.InternalIcingCorporaProvider( 2324): Application table change notification failed.
I/ActivityManager( 1572): Killing 1943:com.android.externalstorage/u0a6 (adj 15): empty #17
I/Icing   ( 2080): Indexing done com.google.android.gms-apps
W/Icing   ( 2080): No valid account for uploading user actions
D/EGL_emulation( 1960): eglMakeCurrent: 0xb8dc6fd0: ver 3 0
I/Icing   ( 2080): Usage reports ok 0, Failed Usage reports 0, indexed 0, rejected 0
D/ConnectivityService( 1572): [CheckMp] isMobileOk: not connected ni=NetworkInfo: type: mobile_hipri[LTE], state: DISCONNECTED/IDLE, reason: (unspecified), extra: (none), roaming: false, failover: false, isAvailable: true, isConnectedToProvisioningNetwork: false
D/dalvikvm( 1779): GC_FOR_ALLOC freed 2080K, 19% free 10407K/12768K, paused 13ms, total 13ms
D/AndroidRuntime( 3095): 
D/AndroidRuntime( 3095): >>>>>> AndroidRuntime START com.android.internal.os.RuntimeInit <<<<<<
W/linker  ( 3095): libdvm.so has text relocations. This is wasting memory and is a security risk. Please fix.
D/AndroidRuntime( 3095): CheckJNI is ON
D/dalvikvm( 3095): Trying to load lib libjavacore.so 0x0
D/dalvikvm( 3095): Added shared lib libjavacore.so 0x0
D/dalvikvm( 3095): Trying to load lib libnativehelper.so 0x0
D/dalvikvm( 3095): Added shared lib libnativehelper.so 0x0
D/dalvikvm( 3095): No JNI_OnLoad found in libnativehelper.so 0x0, skipping init
D/dalvikvm( 3095): Note: class Landroid/app/ActivityManagerNative; has 179 unimplemented (abstract) methods
E/memtrack( 3095): Couldn't load memtrack module (No such file or directory)
E/android.os.Debug( 3095): failed to load memtrack module: -2
D/AndroidRuntime( 3095): Calling main entry com.android.commands.am.Am
I/ActivityManager( 1572): Force stopping dev.corruptedark.openchaoschess appid=10058 user=0: start instr
I/ActivityManager( 1572): Start proc dev.corruptedark.openchaoschess for added application dev.corruptedark.openchaoschess: pid=3106 uid=10058 gids={50058, 3002, 3001, 1028, 1015}
I/dalvikvm( 3106): Could not find method android.app.Activity.getDisplay, referenced from method dev.corruptedark.openchaoschess.MainActivity.onPostCreate
W/dalvikvm( 3106): VFY: unable to resolve virtual method 76: Landroid/app/Activity;.getDisplay ()Landroid/view/Display;
D/dalvikvm( 3106): VFY: replacing opcode 0x74 at 0x000b
I/dalvikvm( 3106): Could not find method android.view.Window.setStatusBarColor, referenced from method dev.corruptedark.openchaoschess.MainActivity.onPostCreate
W/dalvikvm( 3106): VFY: unable to resolve virtual method 1504: Landroid/view/Window;.setStatusBarColor (I)V
D/dalvikvm( 3106): VFY: replacing opcode 0x6e at 0x037a
I/dalvikvm( 3106): Could not find method android.app.Activity.getDisplay, referenced from method dev.corruptedark.openchaoschess.MainActivity.onResume
W/dalvikvm( 3106): VFY: unable to resolve virtual method 76: Landroid/app/Activity;.getDisplay ()Landroid/view/Display;
D/dalvikvm( 3106): VFY: replacing opcode 0x74 at 0x000b
I/dalvikvm( 3106): Could not find method android.view.Window.setStatusBarColor, referenced from method dev.corruptedark.openchaoschess.MainActivity.onResume
W/dalvikvm( 3106): VFY: unable to resolve virtual method 1504: Landroid/view/Window;.setStatusBarColor (I)V
D/dalvikvm( 3106): VFY: replacing opcode 0x6e at 0x03a1
I/TestRunner( 3106): started: testApplication(it.unina.android.ripper.RipperTestCase)
V/AndroidRipperService( 3024): onBind()
V/AndroidRipperService( 3024): onBind()
V/AndroidRipperService( 3024): register()
D/gralloc_ranchu( 1144): gralloc_alloc: Creating ashmem region of size 1323008
D/        ( 1572): HostConnection::get() New Host Connection established 0xb9009a90, tid 1651
I/ActivityManager( 1572): START u0 {act=android.intent.action.MAIN flg=0x10000000 cmp=dev.corruptedark.openchaoschess/.MainActivity} from pid 3106
D/dalvikvm( 1572): GC_FOR_ALLOC freed 1064K, 47% free 7847K/14696K, paused 12ms, total 12ms
D/dalvikvm( 1572): GC_FOR_ALLOC freed 35K, 43% free 8460K/14696K, paused 9ms, total 9ms
I/dalvikvm-heap( 1572): Grow heap (frag case) to 8.953MB for 656856-byte allocation
D/dalvikvm( 1572): GC_FOR_ALLOC freed <1K, 41% free 9102K/15340K, paused 8ms, total 8ms
I/dalvikvm( 3106): Could not find method android.widget.TextView.getTextMetricsParams, referenced from method b.e.b.f.A
W/dalvikvm( 3106): VFY: unable to resolve virtual method 2244: Landroid/widget/TextView;.getTextMetricsParams ()Landroid/text/PrecomputedText$Params;
D/dalvikvm( 3106): VFY: replacing opcode 0x6e at 0x0008
I/dalvikvm( 3106): Could not find method android.widget.TextView.getBreakStrategy, referenced from method b.e.b.f.A
W/dalvikvm( 3106): VFY: unable to resolve virtual method 2214: Landroid/widget/TextView;.getBreakStrategy ()I
D/dalvikvm( 3106): VFY: replacing opcode 0x6e at 0x0030
I/dalvikvm( 3106): Could not find method android.icu.text.DecimalFormatSymbols.getInstance, referenced from method b.e.b.f.A
W/dalvikvm( 3106): VFY: unable to resolve static method 655: Landroid/icu/text/DecimalFormatSymbols;.getInstance (Ljava/util/Locale;)Landroid/icu/text/DecimalFormatSymbols;
D/dalvikvm( 3106): VFY: replacing opcode 0x71 at 0x0055
I/dalvikvm( 3106): Could not find method android.view.ViewParent.onNestedFling, referenced from method b.e.b.f.F
W/dalvikvm( 3106): VFY: unable to resolve interface method 1442: Landroid/view/ViewParent;.onNestedFling (Landroid/view/View;FFZ)Z
D/dalvikvm( 3106): VFY: replacing opcode 0x72 at 0x0006
I/dalvikvm( 3106): Could not find method android.view.ViewParent.onNestedPreFling, referenced from method b.e.b.f.G
W/dalvikvm( 3106): VFY: unable to resolve interface method 1443: Landroid/view/ViewParent;.onNestedPreFling (Landroid/view/View;FF)Z
D/dalvikvm( 3106): VFY: replacing opcode 0x72 at 0x0006
I/dalvikvm( 3106): Could not find method android.view.ViewParent.onNestedPreScroll, referenced from method b.e.b.f.H
W/dalvikvm( 3106): VFY: unable to resolve interface method 1444: Landroid/view/ViewParent;.onNestedPreScroll (Landroid/view/View;II[I)V
D/dalvikvm( 3106): VFY: replacing opcode 0x72 at 0x0018
I/dalvikvm( 3106): Could not find method android.view.ViewParent.onNestedScroll, referenced from method b.e.b.f.I
W/dalvikvm( 3106): VFY: unable to resolve interface method 1445: Landroid/view/ViewParent;.onNestedScroll (Landroid/view/View;IIII)V
D/dalvikvm( 3106): VFY: replacing opcode 0x78 at 0x003a
I/dalvikvm( 3106): Could not find method android.content.res.TypedArray.getType, referenced from method b.e.b.f.K
W/dalvikvm( 3106): VFY: unable to resolve virtual method 402: Landroid/content/res/TypedArray;.getType (I)I
D/dalvikvm( 3106): VFY: replacing opcode 0x6e at 0x0025
I/dalvikvm( 3106): Could not find method android.widget.CompoundButton.setButtonTintList, referenced from method b.e.b.f.M
W/dalvikvm( 3106): VFY: unable to resolve virtual method 1728: Landroid/widget/CompoundButton;.setButtonTintList (Landroid/content/res/ColorStateList;)V
D/dalvikvm( 3106): VFY: replacing opcode 0x6e at 0x0006
I/dalvikvm( 3106): Could not find method android.widget.TextView.setCompoundDrawableTintList, referenced from method b.e.b.f.N
W/dalvikvm( 3106): VFY: unable to resolve virtual method 2274: Landroid/widget/TextView;.setCompoundDrawableTintList (Landroid/content/res/ColorStateList;)V
D/dalvikvm( 3106): VFY: replacing opcode 0x6e at 0x0009
I/dalvikvm( 3106): Could not find method android.widget.TextView.setFirstBaselineToTopHeight, referenced from method b.e.b.f.P
W/dalvikvm( 3106): VFY: unable to resolve virtual method 2284: Landroid/widget/TextView;.setFirstBaselineToTopHeight (I)V
D/dalvikvm( 3106): VFY: replacing opcode 0x6e at 0x0009
I/dalvikvm( 3106): Could not find method android.graphics.drawable.Drawable.setHotspot, referenced from method b.e.b.f.Q
W/dalvikvm( 3106): VFY: unable to resolve virtual method 618: Landroid/graphics/drawable/Drawable;.setHotspot (FF)V
D/dalvikvm( 3106): VFY: replacing opcode 0x6e at 0x0006
I/dalvikvm( 3106): Could not find method android.graphics.drawable.Drawable.setHotspotBounds, referenced from method b.e.b.f.R
W/dalvikvm( 3106): VFY: unable to resolve virtual method 619: Landroid/graphics/drawable/Drawable;.setHotspotBounds (IIII)V
D/dalvikvm( 3106): VFY: replacing opcode 0x6e at 0x0006
I/dalvikvm( 3106): Could not find method android.widget.PopupWindow.setOverlapAnchor, referenced from method b.e.b.f.U
W/dalvikvm( 3106): VFY: unable to resolve virtual method 2097: Landroid/widget/PopupWindow;.setOverlapAnchor (Z)V
D/dalvikvm( 3106): VFY: replacing opcode 0x6e at 0x0006
I/dalvikvm( 3106): Could not find method android.graphics.drawable.Drawable.setTint, referenced from method b.e.b.f.W
W/dalvikvm( 3106): VFY: unable to resolve virtual method 623: Landroid/graphics/drawable/Drawable;.setTint (I)V
D/gralloc_ranchu( 1144): gralloc_alloc: Creating ashmem region of size 7753728
D/dalvikvm( 3106): VFY: replacing opcode 0x6e at 0x0006
I/dalvikvm( 3106): Could not find method android.graphics.drawable.Drawable.setTintList, referenced from method b.e.b.f.X
W/dalvikvm( 3106): VFY: unable to resolve virtual method 624: Landroid/graphics/drawable/Drawable;.setTintList (Landroid/content/res/ColorStateList;)V
D/dalvikvm( 3106): VFY: replacing opcode 0x6e at 0x0006
I/dalvikvm( 3106): Could not find method android.graphics.drawable.Drawable.setTintMode, referenced from method b.e.b.f.Y
W/dalvikvm( 3106): VFY: unable to resolve virtual method 625: Landroid/graphics/drawable/Drawable;.setTintMode (Landroid/graphics/PorterDuff$Mode;)V
D/dalvikvm( 3106): VFY: replacing opcode 0x6e at 0x0006
I/dalvikvm( 3106): Could not find method android.app.AppOpsManager.permissionToOp, referenced from method b.e.b.f.f
W/dalvikvm( 3106): VFY: unable to resolve static method 138: Landroid/app/AppOpsManager;.permissionToOp (Ljava/lang/String;)Ljava/lang/String;
D/dalvikvm( 3106): VFY: replacing opcode 0x71 at 0x001b
I/dalvikvm( 3106): Could not find method android.content.Context.getSystemService, referenced from method b.e.b.f.f
W/dalvikvm( 3106): VFY: unable to resolve virtual method 245: Landroid/content/Context;.getSystemService (Ljava/lang/Class;)Ljava/lang/Object;
D/dalvikvm( 3106): VFY: replacing opcode 0x6e at 0x003d
I/dalvikvm( 3106): Could not find method android.widget.CompoundButton.getButtonDrawable, referenced from method b.e.b.f.t
W/dalvikvm( 3106): VFY: unable to resolve virtual method 1723: Landroid/widget/CompoundButton;.getButtonDrawable ()Landroid/graphics/drawable/Drawable;
D/dalvikvm( 3106): VFY: replacing opcode 0x6e at 0x0006
I/dalvikvm( 3106): Failed resolving Lb/e/i/n; interface 290 'Landroid/view/View$OnApplyWindowInsetsListener;'
W/dalvikvm( 3106): Link of class 'Lb/e/i/n;' failed
E/dalvikvm( 3106): Could not find class 'b.e.i.n', referenced from method b.b.c.k.K
W/dalvikvm( 3106): VFY: unable to resolve new-instance 837 (Lb/e/i/n;) in Lb/b/c/k;
D/dalvikvm( 3106): VFY: replacing opcode 0x22 at 0x00fc
I/dalvikvm( 3106): Could not find method android.content.Context.getSystemService, referenced from method b.b.c.k.S
W/dalvikvm( 3106): VFY: unable to resolve virtual method 245: Landroid/content/Context;.getSystemService (Ljava/lang/Class;)Ljava/lang/Object;
D/dalvikvm( 3106): VFY: replacing opcode 0x6e at 0x0038
I/dalvikvm( 3106): Could not find method android.view.View.getRootWindowInsets, referenced from method b.b.c.k.Y
W/dalvikvm( 3106): VFY: unable to resolve virtual method 1277: Landroid/view/View;.getRootWindowInsets ()Landroid/view/WindowInsets;
D/dalvikvm( 3106): VFY: replacing opcode 0x6e at 0x0071
I/dalvikvm( 3106): Could not find method android.content.res.Resources$Theme.rebase, referenced from method b.b.c.k.d
W/dalvikvm( 3106): VFY: unable to resolve virtual method 333: Landroid/content/res/Resources$Theme;.rebase ()V
D/dalvikvm( 3106): VFY: replacing opcode 0x6e at 0x01a5
I/dalvikvm( 3106): Could not find method android.content.res.Configuration.getLocales, referenced from method b.b.c.k.d
W/dalvikvm( 3106): VFY: unable to resolve virtual method 323: Landroid/content/res/Configuration;.getLocales ()Landroid/os/LocaleList;
D/dalvikvm( 3106): VFY: replacing opcode 0x6e at 0x008a
D/dalvikvm( 3106): DexOpt: couldn't find field Landroid/content/res/Configuration;.colorMode
W/dalvikvm( 3106): VFY: unable to resolve instance field 20
D/dalvikvm( 3106): VFY: replacing opcode 0x52 at 0x011e
I/dalvikvm( 3106): Failed resolving Lb/e/i/n; interface 290 'Landroid/view/View$OnApplyWindowInsetsListener;'
W/dalvikvm( 3106): Link of class 'Lb/e/i/n;' failed
D/dalvikvm( 3106): DexOpt: unable to opt direct call 0x15a4 at 0xfe in Lb/b/c/k;.K
I/dalvikvm( 3106): Could not find method android.view.Window$Callback.onProvideKeyboardShortcuts, referenced from method b.b.c.k$e.onProvideKeyboardShortcuts
W/dalvikvm( 3106): VFY: unable to resolve interface method 1485: Landroid/view/Window$Callback;.onProvideKeyboardShortcuts (Ljava/util/List;Landroid/view/Menu;I)V
D/dalvikvm( 3106): VFY: replacing opcode 0x72 at 0x000d
I/dalvikvm( 3106): Could not find method android.view.Window$Callback.onProvideKeyboardShortcuts, referenced from method b.b.c.k$e.onProvideKeyboardShortcuts
W/dalvikvm( 3106): VFY: unable to resolve interface method 1485: Landroid/view/Window$Callback;.onProvideKeyboardShortcuts (Ljava/util/List;Landroid/view/Menu;I)V
D/dalvikvm( 3106): VFY: replacing opcode 0x72 at 0x0013
I/dalvikvm( 3106): Could not find method android.view.Window$Callback.onWindowStartingActionMode, referenced from method b.b.c.k$e.onWindowStartingActionMode
W/dalvikvm( 3106): VFY: unable to resolve interface method 1491: Landroid/view/Window$Callback;.onWindowStartingActionMode (Landroid/view/ActionMode$Callback;I)Landroid/view/ActionMode;
D/dalvikvm( 3106): VFY: replacing opcode 0x72 at 0x0009
I/dalvikvm( 3106): Could not find method android.view.Window$Callback.onPointerCaptureChanged, referenced from method b.b.g.h.onPointerCaptureChanged
W/dalvikvm( 3106): VFY: unable to resolve interface method 1483: Landroid/view/Window$Callback;.onPointerCaptureChanged (Z)V
D/dalvikvm( 3106): VFY: replacing opcode 0x72 at 0x0002
I/dalvikvm( 3106): Could not find method android.view.Window$Callback.onProvideKeyboardShortcuts, referenced from method b.b.g.h.onProvideKeyboardShortcuts
W/dalvikvm( 3106): VFY: unable to resolve interface method 1485: Landroid/view/Window$Callback;.onProvideKeyboardShortcuts (Ljava/util/List;Landroid/view/Menu;I)V
D/dalvikvm( 3106): VFY: replacing opcode 0x72 at 0x0002
W/dalvikvm( 3106): VFY: unable to find class referenced in signature (Landroid/view/SearchEvent;)
I/dalvikvm( 3106): Could not find method android.view.Window$Callback.onSearchRequested, referenced from method b.b.g.h.onSearchRequested
W/dalvikvm( 3106): VFY: unable to resolve interface method 1487: Landroid/view/Window$Callback;.onSearchRequested (Landroid/view/SearchEvent;)Z
D/dalvikvm( 3106): VFY: replacing opcode 0x72 at 0x0002
I/dalvikvm( 3106): Could not find method android.view.Window$Callback.onWindowStartingActionMode, referenced from method b.b.g.h.onWindowStartingActionMode
W/dalvikvm( 3106): VFY: unable to resolve interface method 1491: Landroid/view/Window$Callback;.onWindowStartingActionMode (Landroid/view/ActionMode$Callback;I)Landroid/view/ActionMode;
D/dalvikvm( 3106): VFY: replacing opcode 0x72 at 0x0002
I/dalvikvm( 3106): Could not find method android.graphics.drawable.Drawable.canApplyTheme, referenced from method b.m.a.a.g.canApplyTheme
W/dalvikvm( 3106): VFY: unable to resolve virtual method 570: Landroid/graphics/drawable/Drawable;.canApplyTheme ()Z
D/dalvikvm( 3106): VFY: replacing opcode 0x6e at 0x000a
I/dalvikvm( 3106): Could not find method android.graphics.drawable.Drawable.getColorFilter, referenced from method b.m.a.a.g.getColorFilter
W/dalvikvm( 3106): VFY: unable to resolve virtual method 581: Landroid/graphics/drawable/Drawable;.getColorFilter ()Landroid/graphics/ColorFilter;
D/dalvikvm( 3106): VFY: replacing opcode 0x6e at 0x000a
I/dalvikvm( 3106): Could not find method android.graphics.drawable.Drawable.inflate, referenced from method b.m.a.a.g.inflate
W/dalvikvm( 3106): VFY: unable to resolve virtual method 598: Landroid/graphics/drawable/Drawable;.inflate (Landroid/content/res/Resources;Lorg/xmlpull/v1/XmlPullParser;Landroid/util/AttributeSet;Landroid/content/res/Resources$Theme;)V
D/dalvikvm( 3106): VFY: replacing opcode 0x6e at 0x0014
I/dalvikvm( 3106): Could not find method android.graphics.drawable.Drawable.applyTheme, referenced from method b.m.a.a.f.applyTheme
W/dalvikvm( 3106): VFY: unable to resolve virtual method 569: Landroid/graphics/drawable/Drawable;.applyTheme (Landroid/content/res/Resources$Theme;)V
D/dalvikvm( 3106): VFY: replacing opcode 0x6e at 0x000a
I/dalvikvm( 3106): Could not find method android.content.Context.getColor, referenced from method b.e.c.a.a
W/dalvikvm( 3106): VFY: unable to resolve virtual method 235: Landroid/content/Context;.getColor (I)I
D/dalvikvm( 3106): VFY: replacing opcode 0x6e at 0x0006
I/dalvikvm( 3106): Could not find method android.content.Context.getDrawable, referenced from method b.e.c.a.b
W/dalvikvm( 3106): VFY: unable to resolve virtual method 238: Landroid/content/Context;.getDrawable (I)Landroid/graphics/drawable/Drawable;
D/dalvikvm( 3106): VFY: replacing opcode 0x6e at 0x0006
I/dalvikvm( 3106): Could not find method android.view.View.getTransitionName, referenced from method b.e.i.r.d
W/dalvikvm( 3106): VFY: unable to resolve virtual method 1283: Landroid/view/View;.getTransitionName ()Ljava/lang/String;
D/dalvikvm( 3106): VFY: replacing opcode 0x6e at 0x0006
I/dalvikvm( 3106): Could not find method android.view.View.requestApplyInsets, referenced from method b.e.i.r.g
W/dalvikvm( 3106): VFY: unable to resolve virtual method 1315: Landroid/view/View;.requestApplyInsets ()V
D/dalvikvm( 3106): VFY: replacing opcode 0x6e at 0x0006
I/dalvikvm( 3106): Could not find method android.view.View.saveAttributeDataForStyleable, referenced from method b.e.i.r.h
W/dalvikvm( 3106): VFY: unable to resolve virtual method 1323: Landroid/view/View;.saveAttributeDataForStyleable (Landroid/content/Context;[ILandroid/util/AttributeSet;Landroid/content/res/TypedArray;II)V
D/dalvikvm( 3106): VFY: replacing opcode 0x74 at 0x0006
I/dalvikvm( 3106): Could not find method android.view.View.setTransitionName, referenced from method b.e.i.r.i
W/dalvikvm( 3106): VFY: unable to resolve virtual method 1346: Landroid/view/View;.setTransitionName (Ljava/lang/String;)V
D/dalvikvm( 3106): VFY: replacing opcode 0x6e at 0x0006
I/dalvikvm( 3106): Could not find method android.widget.TextView.getAutoSizeMaxTextSize, referenced from method b.b.h.y.getAutoSizeMaxTextSize
W/dalvikvm( 3106): VFY: unable to resolve virtual method 2209: Landroid/widget/TextView;.getAutoSizeMaxTextSize ()I
D/dalvikvm( 3106): VFY: replacing opcode 0x6f at 0x0004
I/dalvikvm( 3106): Could not find method android.widget.TextView.getAutoSizeMinTextSize, referenced from method b.b.h.y.getAutoSizeMinTextSize
W/dalvikvm( 3106): VFY: unable to resolve virtual method 2210: Landroid/widget/TextView;.getAutoSizeMinTextSize ()I
D/dalvikvm( 3106): VFY: replacing opcode 0x6f at 0x0004
I/dalvikvm( 3106): Could not find method android.widget.TextView.getAutoSizeStepGranularity, referenced from method b.b.h.y.getAutoSizeStepGranularity
W/dalvikvm( 3106): VFY: unable to resolve virtual method 2211: Landroid/widget/TextView;.getAutoSizeStepGranularity ()I
D/dalvikvm( 3106): VFY: replacing opcode 0x6f at 0x0004
I/dalvikvm( 3106): Could not find method android.widget.TextView.getAutoSizeTextAvailableSizes, referenced from method b.b.h.y.getAutoSizeTextAvailableSizes
W/dalvikvm( 3106): VFY: unable to resolve virtual method 2212: Landroid/widget/TextView;.getAutoSizeTextAvailableSizes ()[I
D/dalvikvm( 3106): VFY: replacing opcode 0x6f at 0x0004
I/dalvikvm( 3106): Could not find method android.widget.TextView.getAutoSizeTextType, referenced from method b.b.h.y.getAutoSizeTextType
W/dalvikvm( 3106): VFY: unable to resolve virtual method 2213: Landroid/widget/TextView;.getAutoSizeTextType ()I
D/dalvikvm( 3106): VFY: replacing opcode 0x6f at 0x0005
I/dalvikvm( 3106): Could not find method android.widget.TextView.getTextClassifier, referenced from method b.b.h.y.getTextClassifier
W/dalvikvm( 3106): VFY: unable to resolve virtual method 2240: Landroid/widget/TextView;.getTextClassifier ()Landroid/view/textclassifier/TextClassifier;
D/dalvikvm( 3106): VFY: replacing opcode 0x6f at 0x0010
W/dalvikvm( 3106): VFY: unable to find class referenced in signature (Landroid/view/textclassifier/TextClassifier;)
W/dalvikvm( 3106): VFY: unable to find class referenced in signature (Landroid/view/textclassifier/TextClassifier;)
I/dalvikvm( 3106): Could not find method android.widget.TextView.setAutoSizeTextTypeUniformWithConfiguration, referenced from method b.b.h.y.setAutoSizeTextTypeUniformWithConfiguration
W/dalvikvm( 3106): VFY: unable to resolve virtual method 2268: Landroid/widget/TextView;.setAutoSizeTextTypeUniformWithConfiguration (IIII)V
D/dalvikvm( 3106): VFY: replacing opcode 0x6f at 0x0004
I/dalvikvm( 3106): Could not find method android.widget.TextView.setAutoSizeTextTypeUniformWithPresetSizes, referenced from method b.b.h.y.setAutoSizeTextTypeUniformWithPresetSizes
W/dalvikvm( 3106): VFY: unable to resolve virtual method 2269: Landroid/widget/TextView;.setAutoSizeTextTypeUniformWithPresetSizes ([II)V
D/dalvikvm( 3106): VFY: replacing opcode 0x6f at 0x0004
I/dalvikvm( 3106): Could not find method android.widget.TextView.setAutoSizeTextTypeWithDefaults, referenced from method b.b.h.y.setAutoSizeTextTypeWithDefaults
W/dalvikvm( 3106): VFY: unable to resolve virtual method 2270: Landroid/widget/TextView;.setAutoSizeTextTypeWithDefaults (I)V
D/dalvikvm( 3106): VFY: replacing opcode 0x6f at 0x0004
I/dalvikvm( 3106): Could not find method android.widget.TextView.setFirstBaselineToTopHeight, referenced from method b.b.h.y.setFirstBaselineToTopHeight
W/dalvikvm( 3106): VFY: unable to resolve virtual method 2284: Landroid/widget/TextView;.setFirstBaselineToTopHeight (I)V
D/dalvikvm( 3106): VFY: replacing opcode 0x6f at 0x0006
I/dalvikvm( 3106): Could not find method android.widget.TextView.setLastBaselineToBottomHeight, referenced from method b.b.h.y.setLastBaselineToBottomHeight
W/dalvikvm( 3106): VFY: unable to resolve virtual method 2291: Landroid/widget/TextView;.setLastBaselineToBottomHeight (I)V
D/dalvikvm( 3106): VFY: replacing opcode 0x6f at 0x0006
W/dalvikvm( 3106): VFY: unable to find class referenced in signature (Landroid/view/textclassifier/TextClassifier;)
I/dalvikvm( 3106): Could not find method android.widget.TextView.setTextClassifier, referenced from method b.b.h.y.setTextClassifier
W/dalvikvm( 3106): VFY: unable to resolve virtual method 2305: Landroid/widget/TextView;.setTextClassifier (Landroid/view/textclassifier/TextClassifier;)V
D/dalvikvm( 3106): VFY: replacing opcode 0x6f at 0x000e
I/dalvikvm( 3106): Could not find method android.widget.TextView.setBreakStrategy, referenced from method b.b.h.y.setTextMetricsParamsCompat
W/dalvikvm( 3106): VFY: unable to resolve virtual method 2273: Landroid/widget/TextView;.setBreakStrategy (I)V
D/dalvikvm( 3106): VFY: replacing opcode 0x6e at 0x006d
D/EGL_emulation( 1960): eglMakeCurrent: 0xb8dc6fd0: ver 3 0
I/dalvikvm( 3106): Could not find method android.content.res.Resources.getDrawable, referenced from method b.b.h.n0.getDrawable
W/dalvikvm( 3106): VFY: unable to resolve virtual method 348: Landroid/content/res/Resources;.getDrawable (ILandroid/content/res/Resources$Theme;)Landroid/graphics/drawable/Drawable;
D/dalvikvm( 3106): VFY: replacing opcode 0x6e at 0x0002
I/dalvikvm( 3106): Could not find method android.content.res.Resources.getDrawableForDensity, referenced from method b.b.h.n0.getDrawableForDensity
W/dalvikvm( 3106): VFY: unable to resolve virtual method 350: Landroid/content/res/Resources;.getDrawableForDensity (IILandroid/content/res/Resources$Theme;)Landroid/graphics/drawable/Drawable;
D/dalvikvm( 3106): VFY: replacing opcode 0x6e at 0x0002
D/EGL_emulation( 1960): eglMakeCurrent: 0xb8dc6fd0: ver 3 0
I/dalvikvm( 3106): Could not find method android.view.View.getBackgroundTintList, referenced from method b.b.h.e.a
W/dalvikvm( 3106): VFY: unable to resolve virtual method 1250: Landroid/view/View;.getBackgroundTintList ()Landroid/content/res/ColorStateList;
D/dalvikvm( 3106): VFY: replacing opcode 0x6e at 0x0039
I/dalvikvm( 3106): Could not find method android.view.View.getBackgroundTintMode, referenced from method b.b.h.e.a
W/dalvikvm( 3106): VFY: unable to resolve virtual method 1251: Landroid/view/View;.getBackgroundTintMode ()Landroid/graphics/PorterDuff$Mode;
D/dalvikvm( 3106): VFY: replacing opcode 0x6e at 0x0054
I/dalvikvm( 3106): Could not find method android.view.View.setBackgroundTintList, referenced from method b.b.h.e.d
W/dalvikvm( 3106): VFY: unable to resolve virtual method 1329: Landroid/view/View;.setBackgroundTintList (Landroid/content/res/ColorStateList;)V
D/dalvikvm( 3106): VFY: replacing opcode 0x6e at 0x004e
I/dalvikvm( 3106): Could not find method android.view.View.setBackgroundTintMode, referenced from method b.b.h.e.d
W/dalvikvm( 3106): VFY: unable to resolve virtual method 1330: Landroid/view/View;.setBackgroundTintMode (Landroid/graphics/PorterDuff$Mode;)V
D/dalvikvm( 3106): VFY: replacing opcode 0x6e at 0x009e
I/dalvikvm( 3106): Could not find method android.widget.TextView.setFontVariationSettings, referenced from method b.b.h.x.e
W/dalvikvm( 3106): VFY: unable to resolve virtual method 2285: Landroid/widget/TextView;.setFontVariationSettings (Ljava/lang/String;)Z
D/dalvikvm( 3106): VFY: replacing opcode 0x6e at 0x01e9
I/dalvikvm( 3106): Could not find method android.os.LocaleList.forLanguageTags, referenced from method b.b.h.x.e
W/dalvikvm( 3106): VFY: unable to resolve static method 754: Landroid/os/LocaleList;.forLanguageTags (Ljava/lang/String;)Landroid/os/LocaleList;
D/dalvikvm( 3106): VFY: replacing opcode 0x71 at 0x01f4
I/dalvikvm( 3106): Could not find method java.util.Locale.forLanguageTag, referenced from method b.b.h.x.e
W/dalvikvm( 3106): VFY: unable to resolve static method 7159: Ljava/util/Locale;.forLanguageTag (Ljava/lang/String;)Ljava/util/Locale;
D/dalvikvm( 3106): VFY: replacing opcode 0x71 at 0x020c
I/dalvikvm( 3106): Could not find method android.widget.TextView.getAutoSizeStepGranularity, referenced from method b.b.h.x.e
W/dalvikvm( 3106): VFY: unable to resolve virtual method 2211: Landroid/widget/TextView;.getAutoSizeStepGranularity ()I
D/dalvikvm( 3106): VFY: replacing opcode 0x6e at 0x02f3
I/dalvikvm( 3106): Could not find method android.widget.TextView.setCompoundDrawableTintMode, referenced from method b.b.h.x.e
W/dalvikvm( 3106): VFY: unable to resolve virtual method 2275: Landroid/widget/TextView;.setCompoundDrawableTintMode (Landroid/graphics/PorterDuff$Mode;)V
D/dalvikvm( 3106): VFY: replacing opcode 0x6e at 0x043a
I/dalvikvm( 3106): Could not find method android.widget.TextView.setFontVariationSettings, referenced from method b.b.h.x.f
W/dalvikvm( 3106): VFY: unable to resolve virtual method 2285: Landroid/widget/TextView;.setFontVariationSettings (Ljava/lang/String;)Z
D/dalvikvm( 3106): VFY: replacing opcode 0x6e at 0x005f
I/dalvikvm( 3106): Could not find method android.graphics.Typeface.create, referenced from method b.b.h.x.l
W/dalvikvm( 3106): VFY: unable to resolve static method 536: Landroid/graphics/Typeface;.create (Landroid/graphics/Typeface;IZ)Landroid/graphics/Typeface;
D/dalvikvm( 3106): VFY: replacing opcode 0x71 at 0x008f
I/dalvikvm( 3106): Could not find method android.graphics.Typeface.create, referenced from method b.b.h.x.l
W/dalvikvm( 3106): VFY: unable to resolve static method 536: Landroid/graphics/Typeface;.create (Landroid/graphics/Typeface;IZ)Landroid/graphics/Typeface;
D/dalvikvm( 3106): VFY: replacing opcode 0x71 at 0x00be
I/dalvikvm( 3106): Could not find method android.text.StaticLayout$Builder.obtain, referenced from method b.b.h.z.c
W/dalvikvm( 3106): VFY: unable to resolve static method 939: Landroid/text/StaticLayout$Builder;.obtain (Ljava/lang/CharSequence;IILandroid/text/TextPaint;I)Landroid/text/StaticLayout$Builder;
D/dalvikvm( 3106): VFY: replacing opcode 0x71 at 0x0075
I/dalvikvm( 3106): Could not find method android.content.Context.getColorStateList, referenced from method b.b.d.a.a.a
W/dalvikvm( 3106): VFY: unable to resolve virtual method 236: Landroid/content/Context;.getColorStateList (I)Landroid/content/res/ColorStateList;
D/dalvikvm( 3106): VFY: replacing opcode 0x6e at 0x0006
I/dalvikvm( 3106): Could not find method android.content.Context.getColorStateList, referenced from method b.b.d.a.a.a
W/dalvikvm( 3106): VFY: unable to resolve virtual method 236: Landroid/content/Context;.getColorStateList (I)Landroid/content/res/ColorStateList;
D/dalvikvm( 3106): VFY: replacing opcode 0x6e at 0x00b7
E/dalvikvm( 3106): Could not find class 'android.view.textclassifier.TextClassificationManager', referenced from method b.b.h.w.a
W/dalvikvm( 3106): VFY: unable to resolve const-class 342 (Landroid/view/textclassifier/TextClassificationManager;) in Lb/b/h/w;
D/dalvikvm( 3106): VFY: replacing opcode 0x1c at 0x000a
D/dalvikvm( 3106): GC_FOR_ALLOC freed 362K, 12% free 3144K/3568K, paused 2ms, total 2ms
W/dalvikvm( 3106): VFY: unable to find class referenced in signature (Landroid/view/textclassifier/TextClassifier;)
I/dalvikvm( 3106): Could not find method android.graphics.Typeface.create, referenced from method b.b.h.x$a.c
W/dalvikvm( 3106): VFY: unable to resolve static method 536: Landroid/graphics/Typeface;.create (Landroid/graphics/Typeface;IZ)Landroid/graphics/Typeface;
D/dalvikvm( 3106): VFY: replacing opcode 0x71 at 0x0014
I/dalvikvm( 3106): Could not find method android.widget.ImageView.getImageTintList, referenced from method b.b.h.l.a
W/dalvikvm( 3106): VFY: unable to resolve virtual method 1890: Landroid/widget/ImageView;.getImageTintList ()Landroid/content/res/ColorStateList;
D/dalvikvm( 3106): VFY: replacing opcode 0x6e at 0x0036
I/dalvikvm( 3106): Could not find method android.widget.ImageView.getImageTintMode, referenced from method b.b.h.l.a
W/dalvikvm( 3106): VFY: unable to resolve virtual method 1891: Landroid/widget/ImageView;.getImageTintMode ()Landroid/graphics/PorterDuff$Mode;
D/dalvikvm( 3106): VFY: replacing opcode 0x6e at 0x0051
E/dalvikvm( 3106): Could not find class 'android.graphics.drawable.RippleDrawable', referenced from method b.b.h.l.b
W/dalvikvm( 3106): VFY: unable to resolve instanceof 131 (Landroid/graphics/drawable/RippleDrawable;) in Lb/b/h/l;
D/dalvikvm( 3106): VFY: replacing opcode 0x20 at 0x000c
I/dalvikvm( 3106): Could not find method android.widget.ImageView.setImageTintList, referenced from method b.b.h.l.c
W/dalvikvm( 3106): VFY: unable to resolve virtual method 1923: Landroid/widget/ImageView;.setImageTintList (Landroid/content/res/ColorStateList;)V
D/dalvikvm( 3106): VFY: replacing opcode 0x6e at 0x0054
I/dalvikvm( 3106): Could not find method android.widget.ImageView.setImageTintMode, referenced from method b.b.h.l.c
W/dalvikvm( 3106): VFY: unable to resolve virtual method 1924: Landroid/widget/ImageView;.setImageTintMode (Landroid/graphics/PorterDuff$Mode;)V
D/dalvikvm( 3106): VFY: replacing opcode 0x6e at 0x0098
I/dalvikvm( 3106): Could not find method android.widget.Button.getAutoSizeMaxTextSize, referenced from method b.b.h.f.getAutoSizeMaxTextSize
W/dalvikvm( 3106): VFY: unable to resolve virtual method 1675: Landroid/widget/Button;.getAutoSizeMaxTextSize ()I
D/dalvikvm( 3106): VFY: replacing opcode 0x6f at 0x0004
I/dalvikvm( 3106): Could not find method android.widget.Button.getAutoSizeMinTextSize, referenced from method b.b.h.f.getAutoSizeMinTextSize
W/dalvikvm( 3106): VFY: unable to resolve virtual method 1676: Landroid/widget/Button;.getAutoSizeMinTextSize ()I
D/dalvikvm( 3106): VFY: replacing opcode 0x6f at 0x0004
I/dalvikvm( 3106): Could not find method android.widget.Button.getAutoSizeStepGranularity, referenced from method b.b.h.f.getAutoSizeStepGranularity
W/dalvikvm( 3106): VFY: unable to resolve virtual method 1677: Landroid/widget/Button;.getAutoSizeStepGranularity ()I
D/dalvikvm( 3106): VFY: replacing opcode 0x6f at 0x0004
I/dalvikvm( 3106): Could not find method android.widget.Button.getAutoSizeTextAvailableSizes, referenced from method b.b.h.f.getAutoSizeTextAvailableSizes
W/dalvikvm( 3106): VFY: unable to resolve virtual method 1678: Landroid/widget/Button;.getAutoSizeTextAvailableSizes ()[I
D/dalvikvm( 3106): VFY: replacing opcode 0x6f at 0x0004
I/dalvikvm( 3106): Could not find method android.widget.Button.getAutoSizeTextType, referenced from method b.b.h.f.getAutoSizeTextType
W/dalvikvm( 3106): VFY: unable to resolve virtual method 1679: Landroid/widget/Button;.getAutoSizeTextType ()I
D/dalvikvm( 3106): VFY: replacing opcode 0x6f at 0x0005
I/dalvikvm( 3106): Could not find method android.widget.Button.setAutoSizeTextTypeUniformWithConfiguration, referenced from method b.b.h.f.setAutoSizeTextTypeUniformWithConfiguration
W/dalvikvm( 3106): VFY: unable to resolve virtual method 1686: Landroid/widget/Button;.setAutoSizeTextTypeUniformWithConfiguration (IIII)V
D/dalvikvm( 3106): VFY: replacing opcode 0x6f at 0x0004
I/dalvikvm( 3106): Could not find method android.widget.Button.setAutoSizeTextTypeUniformWithPresetSizes, referenced from method b.b.h.f.setAutoSizeTextTypeUniformWithPresetSizes
W/dalvikvm( 3106): VFY: unable to resolve virtual method 1687: Landroid/widget/Button;.setAutoSizeTextTypeUniformWithPresetSizes ([II)V
D/dalvikvm( 3106): VFY: replacing opcode 0x6f at 0x0004
I/dalvikvm( 3106): Could not find method android.widget.Button.setAutoSizeTextTypeWithDefaults, referenced from method b.b.h.f.setAutoSizeTextTypeWithDefaults
W/dalvikvm( 3106): VFY: unable to resolve virtual method 1688: Landroid/widget/Button;.setAutoSizeTextTypeWithDefaults (I)V
D/dalvikvm( 3106): VFY: replacing opcode 0x6f at 0x0004
D/dalvikvm( 3106): GC_FOR_ALLOC freed 408K, 13% free 3250K/3720K, paused 3ms, total 3ms
D/        ( 3106): HostConnection::get() New Host Connection established 0xb8d89f90, tid 3106
D/EGL_emulation( 3106): eglCreateContext: 0xb8d8b880: maj 3 min 0 rcv 3
D/EGL_emulation( 3106): eglMakeCurrent: 0xb8d8b880: ver 3 0
E/eglCodecCommon( 3106): glUtilsParamSize: unknow param 0x00008cdf
E/eglCodecCommon( 3106): glUtilsParamSize: unknow param 0x00008824
E/EGL_emulation( 3106): tid 3106: eglSurfaceAttrib(1199): error 0x3009 (EGL_BAD_MATCH)
W/HardwareRenderer( 3106): Backbuffer cannot be preserved
D/OpenGLRenderer( 3106): Enabling debug mode 0
D/dalvikvm( 3106): GC_FOR_ALLOC freed 70K, 13% free 3272K/3720K, paused 2ms, total 3ms
I/dalvikvm-heap( 3106): Grow heap (frag case) to 3.655MB for 419916-byte allocation
D/dalvikvm( 3106): GC_FOR_ALLOC freed <1K, 11% free 3681K/4132K, paused 5ms, total 5ms
D/dalvikvm( 3106): GC_FOR_ALLOC freed 3K, 11% free 3681K/4132K, paused 4ms, total 4ms
I/dalvikvm-heap( 3106): Grow heap (frag case) to 4.054MB for 419916-byte allocation
D/dalvikvm( 3106): GC_FOR_ALLOC freed <1K, 10% free 4091K/4544K, paused 4ms, total 4ms
D/dalvikvm( 3106): GC_FOR_ALLOC freed 2K, 10% free 4092K/4544K, paused 1ms, total 1ms
I/dalvikvm-heap( 3106): Grow heap (frag case) to 4.456MB for 419916-byte allocation
D/dalvikvm( 3106): GC_FOR_ALLOC freed <1K, 10% free 4502K/4956K, paused 3ms, total 3ms
W/PathParser( 3106): Points are too far apart 4.0000004805917975
W/PathParser( 3106): Points are too far apart 4.00000083589653
W/PathParser( 3106): Points are too far apart 4.00000083589653
W/PathParser( 3106): Points are too far apart 4.000058144329939
W/PathParser( 3106): Points are too far apart 4.000058144329939
