D/ConnectivityService( 1572): [CheckMp] isMobileOk: not connected ni=NetworkInfo: type: mobile_hipri[LTE], state: DISCONNECTED/IDLE, reason: (unspecified), extra: (none), roaming: false, failover: false, isAvailable: true, isConnectedToProvisioningNetwork: false
I/ActivityManager( 1572): Start proc com.google.android.gms for service com.google.android.gms/.chimera.GmsIntentOperationService: pid=2080 uid=10007 gids={50007, 3003, 1007, 1028, 1015, 3002, 3001, 3007, 2001, 3006}
D/ConnectivityService( 1572): [CheckMp] isMobileOk: not connected ni=NetworkInfo: type: mobile_hipri[LTE], state: DISCONNECTED/IDLE, reason: (unspecified), extra: (none), roaming: false, failover: false, isAvailable: true, isConnectedToProvisioningNetwork: false
I/ActivityManager( 1572): Start proc com.android.music for broadcast com.android.music/.MediaButtonIntentReceiver: pid=2143 uid=10036 gids={50036, 3003, 1028, 1015}
D/ConnectivityService( 1572): [CheckMp] isMobileOk: not connected ni=NetworkInfo: type: mobile_hipri[LTE], state: DISCONNECTED/IDLE, reason: (unspecified), extra: (none), roaming: false, failover: false, isAvailable: true, isConnectedToProvisioningNetwork: false
W/ActivityManager( 1572): Unable to start service Intent { act=com.google.android.gms.auth.key.retrieval.service.START pkg=com.google.android.gms } U=0: not found
W/ActivityManager( 1572): Unbind failed: could not find connection for android.os.BinderProxy@9d14c420
I/SystemUpdateService( 1872): cancelUpdate (empty URL)
I/SystemUpdateService( 1872): cancelUpdate (empty URL)
W/ActivityManager( 1572): Unable to start service Intent { act=com.google.android.gms.nearby.discovery:ACTION_INIT_MESSAGES_PATH cmp=com.google.android.gms/.nearby.discovery.service.DiscoveryService } U=0: not found
I/ActivityManager( 1572): Start proc com.google.android.gms.ui for service com.google.android.gms/.chimera.UiIntentOperationService: pid=2244 uid=10007 gids={50007, 3003, 1007, 1028, 1015, 3002, 3001, 3007, 2001, 3006}
D/ConnectivityService( 1572): [CheckMp] isMobileOk: not connected ni=NetworkInfo: type: mobile_hipri[LTE], state: DISCONNECTED/IDLE, reason: (unspecified), extra: (none), roaming: false, failover: false, isAvailable: true, isConnectedToProvisioningNetwork: false
W/ActivityManager( 1572): Unable to start service Intent { act=com.google.android.gms.nearby.discovery:ACTION_PERMISSION_CHANGE cmp=com.google.android.gms/.nearby.discovery.service.DiscoveryService } U=0: not found
I/PackageManager( 1572): Adding preferred activity ComponentInfo{com.android.mms/com.android.mms.ui.ComposeMessageActivity} for user 0 :
I/PackageManager( 1572): Adding preferred activity ComponentInfo{com.android.mms/com.android.mms.ui.ComposeMessageActivity} for user 0 :
I/PackageManager( 1572): Adding preferred activity ComponentInfo{com.android.mms/com.android.mms.ui.ComposeMessageActivity} for user 0 :
I/PackageManager( 1572): Adding preferred activity ComponentInfo{com.android.mms/com.android.mms.ui.ComposeMessageActivity} for user 0 :
I/PackageManager( 1572): Adding preferred activity ComponentInfo{com.android.mms/com.android.mms.ui.ComposeMessageActivity} for user 0 :
I/ActivityManager( 1572): Start proc com.google.android.googlequicksearchbox for broadcast com.google.android.googlequicksearchbox/com.google.android.searchcommon.summons.icing.InternalIcingCorporaProvider$CorporaChangedReceiver: pid=2324 uid=10013 gids={50013, 3003, 1028, 3002, 1015}
I/PackageManager( 1572): Adding preferred activity ComponentInfo{com.android.mms/com.android.mms.ui.ComposeMessageActivity} for user 0 :
D/ConnectivityService( 1572): [CheckMp] isMobileOk: not connected ni=NetworkInfo: type: mobile_hipri[LTE], state: DISCONNECTED/IDLE, reason: (unspecified), extra: (none), roaming: false, failover: false, isAvailable: true, isConnectedToProvisioningNetwork: false
I/PackageManager( 1572): Adding preferred activity ComponentInfo{com.android.mms/com.android.mms.ui.ComposeMessageActivity} for user 0 :
I/PackageManager( 1572): Adding preferred activity ComponentInfo{com.android.mms/com.android.mms.ui.ComposeMessageActivity} for user 0 :
I/PackageManager( 1572): Adding preferred activity ComponentInfo{com.android.mms/com.android.mms.ui.ComposeMessageActivity} for user 0 :
I/PackageManager( 1572): Adding preferred activity ComponentInfo{com.android.mms/com.android.mms.ui.ComposeMessageActivity} for user 0 :
I/PackageManager( 1572): Adding preferred activity ComponentInfo{com.android.mms/com.android.mms.ui.ComposeMessageActivity} for user 0 :
I/PackageManager( 1572): Adding preferred activity ComponentInfo{com.android.mms/com.android.mms.ui.ComposeMessageActivity} for user 0 :
I/ActivityManager( 1572): Start proc com.google.android.googlequicksearchbox:launcher for broadcast com.google.android.googlequicksearchbox/com.google.android.gel.GelStubAppWatcher: pid=2346 uid=10013 gids={50013, 3003, 1028, 3002, 1015}
E/ActivityThread( 2324): Failed to find provider info for com.google.android.voicesearch
I/PackageManager( 1572): Adding preferred activity ComponentInfo{com.android.mms/com.android.mms.ui.ComposeMessageActivity} for user 0 :
I/PackageManager( 1572): Adding preferred activity ComponentInfo{com.android.mms/com.android.mms.ui.ComposeMessageActivity} for user 0 :
I/PackageManager( 1572): Adding preferred activity ComponentInfo{com.android.mms/com.android.mms.ui.ComposeMessageActivity} for user 0 :
I/PackageManager( 1572): Adding preferred activity ComponentInfo{com.android.mms/com.android.mms.ui.ComposeMessageActivity} for user 0 :
I/PackageManager( 1572): Adding preferred activity ComponentInfo{com.android.mms/com.android.mms.ui.ComposeMessageActivity} for user 0 :
I/PackageManager( 1572): Adding preferred activity ComponentInfo{com.android.mms/com.android.mms.ui.ComposeMessageActivity} for user 0 :
I/PackageManager( 1572): Adding preferred activity ComponentInfo{com.android.mms/com.android.mms.ui.ComposeMessageActivity} for user 0 :
I/PackageManager( 1572): Adding preferred activity ComponentInfo{com.android.mms/com.android.mms.ui.ComposeMessageActivity} for user 0 :
E/ActivityThread( 2324): Failed to find provider info for com.google.android.partnersetup.rlzappprovider
I/PackageManager( 1572): Adding preferred activity ComponentInfo{com.android.mms/com.android.mms.ui.ComposeMessageActivity} for user 0 :
I/PackageManager( 1572): Adding preferred activity ComponentInfo{com.android.mms/com.android.mms.ui.ComposeMessageActivity} for user 0 :
I/PackageManager( 1572): Adding preferred activity ComponentInfo{com.android.mms/com.android.mms.ui.ComposeMessageActivity} for user 0 :
I/PackageManager( 1572): Adding preferred activity ComponentInfo{com.android.mms/com.android.mms.ui.ComposeMessageActivity} for user 0 :
I/PackageManager( 1572): Adding preferred activity ComponentInfo{com.android.mms/com.android.mms.ui.ComposeMessageActivity} for user 0 :
I/PackageManager( 1572): Adding preferred activity ComponentInfo{com.android.mms/com.android.mms.ui.ComposeMessageActivity} for user 0 :
I/PackageManager( 1572): Adding preferred activity ComponentInfo{com.android.mms/com.android.mms.ui.ComposeMessageActivity} for user 0 :
I/PackageManager( 1572): Adding preferred activity ComponentInfo{com.android.mms/com.android.mms.ui.ComposeMessageActivity} for user 0 :
I/PackageManager( 1572): Adding preferred activity ComponentInfo{com.android.mms/com.android.mms.ui.ComposeMessageActivity} for user 0 :
I/PackageManager( 1572): Adding preferred activity ComponentInfo{com.android.mms/com.android.mms.ui.ComposeMessageActivity} for user 0 :
I/PackageManager( 1572): Adding preferred activity ComponentInfo{com.android.mms/com.android.mms.ui.ComposeMessageActivity} for user 0 :
I/ActivityManager( 1572): Start proc com.google.android.calendar for broadcast com.google.android.calendar/com.android.calendar.widget.CalendarAppWidgetService$CalendarFactory: pid=2382 uid=10018 gids={50018, 3003}
I/PackageManager( 1572): Adding preferred activity ComponentInfo{com.android.mms/com.android.mms.ui.ComposeMessageActivity} for user 0 :
D/ConnectivityService( 1572): [CheckMp] isMobileOk: not connected ni=NetworkInfo: type: mobile_hipri[LTE], state: DISCONNECTED/IDLE, reason: (unspecified), extra: (none), roaming: false, failover: false, isAvailable: true, isConnectedToProvisioningNetwork: false
I/ActivityManager( 1572): Start proc com.android.deskclock for broadcast com.android.deskclock/.AlarmInitReceiver: pid=2403 uid=10022 gids={50022, 1028}
I/ActivityManager( 1572): Start proc com.android.providers.calendar for content provider com.android.providers.calendar/.CalendarProvider2: pid=2418 uid=10001 gids={50001, 3003, 1028, 1015}
I/ActivityManager( 1572): Start proc com.google.android.gms.unstable for service com.google.android.gms/.droidguard.DroidGuardService: pid=2436 uid=10007 gids={50007, 3003, 1007, 1028, 1015, 3002, 3001, 3007, 2001, 3006}
W/BackupManagerService( 1572): dataChanged but no participant pkg='com.android.providers.settings' uid=10022
I/ActivityManager( 1572): Start proc com.google.android.play.games for broadcast com.google.android.play.games/com.google.android.libraries.notifications.entrypoints.timezonechanged.TimezoneChangedReceiver: pid=2451 uid=10043 gids={50043, 3003}
D/ConnectivityService( 1572): [CheckMp] isMobileOk: not connected ni=NetworkInfo: type: mobile_hipri[LTE], state: DISCONNECTED/IDLE, reason: (unspecified), extra: (none), roaming: false, failover: false, isAvailable: true, isConnectedToProvisioningNetwork: false
W/ActivityManager( 1572): Unable to start service Intent { act=com.google.android.gms.instantapps.START pkg=com.google.android.gms } U=0: not found
W/ActivityManager( 1572): Unbind failed: could not find connection for android.os.BinderProxy@9d14d908
I/ActivityManager( 1572): Delaying start of: ServiceRecord{9d8fc7f8 u0 com.google.android.play.games/com.google.android.libraries.notifications.executor.impl.basic.ChimeExecutorApiService}
I/ActivityManager( 1572): Delay finish: com.android.settings/.widget.SettingsAppWidgetProvider
D/ConnectivityService( 1572): [CheckMp] isMobileOk: not connected ni=NetworkInfo: type: mobile_hipri[LTE], state: DISCONNECTED/IDLE, reason: (unspecified), extra: (none), roaming: false, failover: false, isAvailable: true, isConnectedToProvisioningNetwork: false
I/ActivityManager( 1572): Resuming delayed broadcast
W/BroadcastQueue( 1572): Permission Denial: broadcasting Intent { act=android.appwidget.action.APPWIDGET_UPDATE_OPTIONS flg=0x10 cmp=com.android.settings/.widget.SettingsAppWidgetProvider (has extras) } from android (pid=1960, uid=10009) is not exported from uid 1000 due to receiver com.android.settings/.widget.SettingsAppWidgetProvider
I/ActivityManager( 1572): Start proc com.android.dialer for broadcast com.android.dialer/.calllog.CallLogReceiver: pid=2533 uid=10004 gids={50004, 3003, 1028, 1015}
I/ActivityManager( 1572): Delay finish: com.android.dialer/.calllog.CallLogReceiver
I/ActivityManager( 1572): Resuming delayed broadcast
V/WiredAccessoryManager( 1572): init()
I/PowerManagerService( 1572): Boot animation finished.
I/BootReceiver( 1572): Copying audit failures to DropBox
I/BootReceiver( 1572): Checking for fsck errors
I/SystemUpdateService( 1872): cancelUpdate (empty URL)
I/SystemUpdateService( 1872): cancelUpdate (empty URL)
I/ActivityManager( 1572): Start proc com.android.mms for broadcast com.android.mms/.transaction.MmsSystemEventReceiver: pid=2565 uid=10010 gids={50010, 3003, 1028, 1015}
D/CountryDetector( 1572): The first listener is added
I/ActivityManager( 1572): Delay finish: com.android.mms/.transaction.MmsSystemEventReceiver
I/ActivityManager( 1572): Resuming delayed broadcast
I/ActivityManager( 1572): Delay finish: com.android.mms/.transaction.SmsReceiver
D/ConnectivityService( 1572): [CheckMp] isMobileOk: not connected ni=NetworkInfo: type: mobile_hipri[LTE], state: DISCONNECTED/IDLE, reason: (unspecified), extra: (none), roaming: false, failover: false, isAvailable: true, isConnectedToProvisioningNetwork: false
I/ActivityManager( 1572): Resuming delayed broadcast
I/CertBlacklister( 1572): Certificate blacklist changed, updating...
I/CertBlacklister( 1572): Certificate blacklist updated
I/CertBlacklister( 1572): Certificate blacklist changed, updating...
I/CertBlacklister( 1572): Certificate blacklist updated
I/ActivityManager( 1572): Delay finish: com.google.android.googlequicksearchbox/com.google.android.searchcommon.StartUpReceiver
D/ConnectivityService( 1572): [CheckMp] isMobileOk: not connected ni=NetworkInfo: type: mobile_hipri[LTE], state: DISCONNECTED/IDLE, reason: (unspecified), extra: (none), roaming: false, failover: false, isAvailable: true, isConnectedToProvisioningNetwork: false
W/ActivityManager( 1572): Unable to start service Intent { act=com.google.android.gms.auth.key.retrieval.service.START pkg=com.google.android.gms } U=0: not found
W/ActivityManager( 1572): Unbind failed: could not find connection for android.os.BinderProxy@9d368cd0
D/ConnectivityService( 1572): handleInetConditionHoldEnd: net=0, condition=0, published condition=0
--------- beginning of /dev/log/main
W/Icing   ( 2080): No valid account for uploading user actions
I/Icing   ( 2080): Usage reports ok 0, Failed Usage reports 0, indexed 0, rejected 0
W/Icing   ( 2080): No valid account for uploading user actions
I/Icing   ( 2080): Usage reports ok 0, Failed Usage reports 0, indexed 0, rejected 0
W/Icing   ( 2080): No valid account for uploading user actions
I/Icing   ( 2080): Usage reports ok 0, Failed Usage reports 0, indexed 0, rejected 0
W/Icing   ( 2080): No valid account for uploading user actions
I/Icing   ( 2080): Usage reports ok 0, Failed Usage reports 0, indexed 0, rejected 0
I/ChimeraCfgMgr( 2080): Updating module config: container:2024149000700 -> container:2024149000700
E/DowngradeHelper( 2080): isModuleDowngradeRequired false
E/ConfigFileUtils( 2080): Failed to read config file: /data/data/com.google.android.gms/app_chimera/current_modules_init.pb: open failed: ENOENT (No such file or directory)
D/dalvikvm( 2080): GC_FOR_ALLOC freed 1629K, 15% free 11367K/13312K, paused 11ms, total 11ms
I/dalvikvm( 2080): Could not find method android.os.PowerManager.isPowerSaveMode, referenced from method xvf.a
W/dalvikvm( 2080): VFY: unable to resolve virtual method 5368: Landroid/os/PowerManager;.isPowerSaveMode ()Z
D/dalvikvm( 2080): VFY: replacing opcode 0x6e at 0x00d8
I/GoogleSettingsUtils( 2080): Updated ID in checkin_id_token file [CONTEXT service_id=130 ]
I/Icing   ( 2080): Indexing done com.google.android.gms-apps
I/CheckinResponseProcess( 2080): From server: 1544 gservices [full] [CONTEXT service_id=130 ]
I/Icing   ( 2080): Indexing com.google.android.gms-internal.3p:MobileApplication from com.google.android.gms
D/dalvikvm( 1872): GC_FOR_ALLOC freed 246K, 13% free 6650K/7560K, paused 5ms, total 5ms
D/dalvikvm( 2080): GC_FOR_ALLOC freed 1510K, 13% free 11859K/13544K, paused 13ms, total 14ms
I/ChimeraCfgMgr( 2080): Sending com.google.android.chimera.IntentOperation.NEW_MODULE Intents: 1,false,true
I/GservicesProvider( 1872): main update completed
I/CertBlacklister( 1572): Certificate blacklist changed, updating...
I/CertBlacklister( 1572): Certificate blacklist updated
I/ChmraDebugLogger( 2080): [46] container:2024149000700
I/Checkin ( 2080): [CheckinRequestProcessor] CheckinNowTaskTag : Checkin Succeeded: https://android.googleapis.com/checkin (fragment #1).
D/dalvikvm( 1872): GC_EXPLICIT freed 1102K, 21% free 6025K/7560K, paused 0ms+0ms, total 5ms
W/DynamiteModule( 2080): Local module descriptor class for providerinstaller not found.
W/ProviderHelper( 2080): Unknown dynamite feature providerinstaller
I/DynamiteModule( 2080): Considering local module providerinstaller:0 and remote module providerinstaller:0
W/ProviderInstaller( 2080): Failed to load providerinstaller module: No acceptable module found. Local version is 0 and remote version is 0.
D/dalvikvm( 1872): GC_EXPLICIT freed 131K, 21% free 6030K/7560K, paused 0ms+1ms, total 8ms
I/ChimeraCfgMgr( 2080): Received com.google.android.chimera.IntentOperation.NEW_MODULE(1/0): 1,false
D/dalvikvm( 1779): GC_EXPLICIT freed 721K, 18% free 8487K/10340K, paused 1ms+1ms, total 13ms
D/dalvikvm( 2080): GC_EXPLICIT freed 2738K, 21% free 11080K/13968K, paused 3ms+3ms, total 86ms
D/dalvikvm( 2080): WAIT_FOR_CONCURRENT_GC blocked 54ms
I/dalvikvm-heap( 2080): Grow heap (frag case) to 11.942MB for 1048588-byte allocation
D/dalvikvm( 2080): WAIT_FOR_CONCURRENT_GC blocked 18ms
I/dalvikvm-heap( 2080): Grow heap (frag case) to 12.102MB for 168031-byte allocation
D/dalvikvm( 2080): GC_FOR_ALLOC freed 1071K, 26% free 11196K/14996K, paused 46ms, total 46ms
E/WakeLock( 2080): DG:service ** IS FORCE-RELEASED ON TIMEOUT **
D/dalvikvm( 2080): GC_FOR_ALLOC freed 1114K, 31% free 10418K/14996K, paused 15ms, total 15ms
W/DynamiteModule( 2080): Local module descriptor class for providerinstaller not found.
I/DynamiteModule( 2080): Considering local module providerinstaller:0 and remote module providerinstaller:0
W/ProviderInstaller( 2080): Failed to load providerinstaller module: No acceptable module found. Local version is 0 and remote version is 0.
W/DynamiteModule( 2080): Local module descriptor class for providerinstaller not found.
I/DynamiteModule( 2080): Considering local module providerinstaller:0 and remote module providerinstaller:0
W/ProviderInstaller( 2080): Failed to load providerinstaller module: No acceptable module found. Local version is 0 and remote version is 0.
I/GmsModuleFndr( 2080): Beginning GMS chimera module scan
I/ModuleSetMgr( 2080): Computing pending module set with APKs: [[AdsFdrDynamite.integ:21460000000], [Cronetdynamite:202414000700], [Dynamiteloader:202414000700], [Dynamitemodulesa:202414000000], [Dynamitemodulesc:202414000000], [Googlecertificates:202414000000], [Mapsdynamite:202414000000], [Measurementdynamite:202414000000]]
D/dalvikvm( 2080): GC_FOR_ALLOC freed 1564K, 28% free 10862K/14996K, paused 10ms, total 10ms
W/DynamiteModule( 2080): Local module descriptor class for providerinstaller not found.
I/DynamiteModule( 2080): Considering local module providerinstaller:0 and remote module providerinstaller:0
W/ProviderInstaller( 2080): Failed to load providerinstaller module: No acceptable module found. Local version is 0 and remote version is 0.
I/FontLog ( 2080): Updating from directory version 0 to 17 from disk [CONTEXT service_id=132 ]
D/ConnectivityService( 1572): [CheckMp] isMobileOk: not connected ni=NetworkInfo: type: mobile_hipri[LTE], state: DISCONNECTED/IDLE, reason: (unspecified), extra: (none), roaming: false, failover: false, isAvailable: true, isConnectedToProvisioningNetwork: false
I/ModuleSetMgr( 2080): Pending container module APKs: []
I/ModuleSetMgr( 2080): Pending non-container module APKs: []
W/DynamiteModule( 2080): Local module descriptor class for providerinstaller not found.
I/DynamiteModule( 2080): Considering local module providerinstaller:0 and remote module providerinstaller:0
W/ProviderInstaller( 2080): Failed to load providerinstaller module: No acceptable module found. Local version is 0 and remote version is 0.
D/dalvikvm( 2080): GC_FOR_ALLOC freed 983K, 29% free 10795K/14996K, paused 9ms, total 9ms
W/DynamiteModule( 2080): Local module descriptor class for providerinstaller not found.
I/DynamiteModule( 2080): Considering local module providerinstaller:0 and remote module providerinstaller:0
W/ProviderInstaller( 2080): Failed to load providerinstaller module: No acceptable module found. Local version is 0 and remote version is 0.
D/dalvikvm( 2080): GC_FOR_ALLOC freed 1649K, 28% free 10816K/14996K, paused 12ms, total 12ms
W/DynamiteModule( 2080): Local module descriptor class for providerinstaller not found.
I/DynamiteModule( 2080): Considering local module providerinstaller:0 and remote module providerinstaller:0
W/ProviderInstaller( 2080): Failed to load providerinstaller module: No acceptable module found. Local version is 0 and remote version is 0.
W/DynamiteModule( 2080): Local module descriptor class for providerinstaller not found.
I/DynamiteModule( 2080): Considering local module providerinstaller:0 and remote module providerinstaller:0
W/ProviderInstaller( 2080): Failed to load providerinstaller module: No acceptable module found. Local version is 0 and remote version is 0.
D/dalvikvm( 2080): GC_FOR_ALLOC freed 1590K, 28% free 10817K/14996K, paused 11ms, total 11ms
E/dalvikvm( 2080): JIT code cache full
E/PhenotypeRegOp( 2080): Attempting to overwrite config package for com.google.android.gms.games [CONTEXT service_id=231 ]
E/PhenotypeRegOp( 2080): Attempting to overwrite config package for com.google.android.gms.mobile_data_plan [CONTEXT service_id=231 ]
E/PhenotypeRegOp( 2080): Attempting to overwrite config package for com.google.android.gms.signin [CONTEXT service_id=231 ]
E/PhenotypeRegOp( 2080): Attempting to overwrite config package for com.google.android.gms.udc [CONTEXT service_id=231 ]
I/Icing   ( 2080): Indexing com.google.android.googlequicksearchbox-contacts from com.google.android.googlequicksearchbox
D/dalvikvm( 2080): JIT code cache reset delayed (523204 bytes 0/1)
D/dalvikvm( 2080): GC_EXPLICIT freed 1532K, 28% free 10807K/14996K, paused 0ms+1ms, total 14ms
D/dalvikvm( 2080): JIT code cache reset delayed (523204 bytes 0/2)
D/dalvikvm( 2080): GC_EXPLICIT freed 42K, 29% free 10772K/14996K, paused 0ms+1ms, total 13ms
D/dalvikvm( 2324): GC_FOR_ALLOC freed 466K, 14% free 3423K/3952K, paused 2ms, total 2ms
D/dalvikvm( 2080): JIT code cache reset delayed (523204 bytes 0/3)
D/dalvikvm( 2080): GC_EXPLICIT freed 7K, 29% free 10774K/14996K, paused 1ms+1ms, total 16ms
D/dalvikvm( 2080): JIT code cache reset delayed (523204 bytes 0/4)
D/dalvikvm( 2080): GC_EXPLICIT freed 7K, 29% free 10774K/14996K, paused 1ms+1ms, total 16ms
I/Icing   ( 2080): Indexing done com.google.android.googlequicksearchbox-contacts
D/dalvikvm( 2080): JIT code cache reset delayed (523204 bytes 0/5)
D/dalvikvm( 2080): GC_EXPLICIT freed 27K, 29% free 10777K/14996K, paused 3ms+0ms, total 18ms
D/dalvikvm( 1872): GC_EXPLICIT freed 130K, 21% free 6038K/7560K, paused 0ms+0ms, total 5ms
D/dalvikvm( 2080): JIT code cache reset delayed (523204 bytes 0/6)
D/dalvikvm( 2080): GC_EXPLICIT freed 82K, 29% free 10792K/14996K, paused 1ms+7ms, total 21ms
I/Icing   ( 2080): Indexing done com.google.android.gms-internal.3p:MobileApplication
I/Icing   ( 2080): Indexing com.google.android.googlequicksearchbox-applications from com.google.android.googlequicksearchbox
D/dalvikvm( 2080): JIT code cache reset delayed (523204 bytes 0/7)
D/dalvikvm( 2080): GC_EXPLICIT freed 34K, 29% free 10786K/14996K, paused 0ms+4ms, total 21ms
I/Icing   ( 2080): Indexing done com.google.android.googlequicksearchbox-applications
I/Icing   ( 2080): Indexing com.google.android.gms-apps from com.google.android.gms
I/Icing   ( 2080): Indexing done com.google.android.gms-apps
D/dalvikvm( 2080): JIT code cache reset delayed (523204 bytes 0/8)
D/dalvikvm( 2080): GC_EXPLICIT freed 95K, 29% free 10782K/14996K, paused 3ms+1ms, total 23ms
I/Icing   ( 2080): IndexChimeraService.getServiceInterface callingPackage=com.google.android.googlequicksearchbox componentName=null serviceId=21
W/Icing.InternalIcingCorporaProvider( 2324): Application table change notification failed.
W/Icing   ( 2080): No valid account for uploading user actions
I/Icing   ( 2080): IndexChimeraService.getServiceInterface callingPackage=com.google.android.googlequicksearchbox componentName=null serviceId=21
I/GmsModuleFndr( 2080): Beginning GMS chimera module scan
W/Icing.InternalIcingCorporaProvider( 2324): Contacts table change notification failed.
I/Icing   ( 2080): Usage reports ok 0, Failed Usage reports 0, indexed 0, rejected 0
I/ModuleSetMgr( 2080): Computing pending module set with APKs: [[AdsFdrDynamite.integ:21460000000], [Cronetdynamite:202414000700], [Dynamiteloader:202414000700], [Dynamitemodulesa:202414000000], [Dynamitemodulesc:202414000000], [Googlecertificates:202414000000], [Mapsdynamite:202414000000], [Measurementdynamite:202414000000]]
W/Icing   ( 2080): No valid account for uploading user actions
I/ModuleSetMgr( 2080): Pending container module APKs: []
I/ModuleSetMgr( 2080): Pending non-container module APKs: []
D/AlertReceiver( 2382): onReceive: a=android.intent.action.BOOT_COMPLETED Intent { act=android.intent.action.BOOT_COMPLETED flg=0x8000010 cmp=com.google.android.calendar/com.android.calendar.alerts.AlertReceiver (has extras) }
I/Icing   ( 2080): Usage reports ok 0, Failed Usage reports 0, indexed 0, rejected 0
D/AlertUtils( 2382): Flushing old alerts from shared prefs table
I/ActivityManager( 1572): Resuming delayed broadcast
I/ActivityManager( 1572): Delay finish: com.google.android.calendar/com.android.calendar.alerts.AlertReceiver
D/AlertService( 2382): 0 Action = android.intent.action.BOOT_COMPLETED
D/AlertService( 2382): Scheduling next alarm with AlarmScheduler. sEventReminderReceived: null
D/AlarmScheduler( 2382): No events found starting within 1 week.
D/dalvikvm( 2080): JIT code cache reset in 0 ms (523204 bytes 1/8)
D/dalvikvm( 2080): GC_EXPLICIT freed 317K, 28% free 10801K/14996K, paused 1ms+1ms, total 15ms
I/Icing   ( 2080): Indexing com.google.android.gms-apps from com.google.android.gms
I/Icing   ( 2080): Indexing done com.google.android.gms-apps
D/dalvikvm( 2080): GC_EXPLICIT freed 55K, 29% free 10778K/14996K, paused 1ms+1ms, total 17ms
D/dalvikvm( 2080): GC_EXPLICIT freed 12K, 29% free 10772K/14996K, paused 0ms+1ms, total 10ms
D/dalvikvm( 1779): GC_EXPLICIT freed 1285K, 16% free 8730K/10340K, paused 1ms+2ms, total 10ms
D/dalvikvm( 2080): GC_EXPLICIT freed 9K, 29% free 10770K/14996K, paused 0ms+1ms, total 10ms
D/dalvikvm( 2080): GC_EXPLICIT freed 6K, 29% free 10771K/14996K, paused 1ms+1ms, total 19ms
I/Icing   ( 2080): IndexChimeraService.getServiceInterface callingPackage=com.google.android.googlequicksearchbox componentName=null serviceId=21
W/Icing   ( 2080): No valid account for uploading user actions
D/dalvikvm( 2080): GC_EXPLICIT freed 24K, 29% free 10778K/14996K, paused 1ms+1ms, total 15ms
I/Icing   ( 2080): Usage reports ok 0, Failed Usage reports 0, indexed 0, rejected 0
D/dalvikvm( 2080): GC_EXPLICIT freed 23K, 29% free 10777K/14996K, paused 1ms+1ms, total 18ms
V/AlarmClock( 2403): AlarmInitReceiver android.intent.action.BOOT_COMPLETED
D/dalvikvm( 2403): GC_FOR_ALLOC freed 428K, 14% free 3068K/3560K, paused 2ms, total 2ms
I/ActivityManager( 1572): Resuming delayed broadcast
V/AlarmClock( 2403): AlarmInitReceiver - Reset timers and clear stopwatch data
V/AlarmClock( 2403): AlarmInitReceiver - resetting volume button default
I/AlarmClock( 2403): Displaying next alarm time: ''
V/AlarmClock( 2403): AlarmInitReceiver finished
D/dalvikvm( 1872): GC_EXPLICIT freed 153K, 21% free 6023K/7560K, paused 0ms+1ms, total 5ms
D/dalvikvm( 2080): GC_EXPLICIT freed 11K, 29% free 10774K/14996K, paused 1ms+1ms, total 21ms
I/ActivityManager( 1572): Delay finish: com.android.email/.service.EmailUpgradeBroadcastReceiver
I/GmsModuleFndr( 2080): Beginning GMS chimera module scan
I/ModuleSetMgr( 2080): Computing pending module set with APKs: [[AdsFdrDynamite.integ:21460000000], [Cronetdynamite:202414000700], [Dynamiteloader:202414000700], [Dynamitemodulesa:202414000000], [Dynamitemodulesc:202414000000], [Googlecertificates:202414000000], [Mapsdynamite:202414000000], [Measurementdynamite:202414000000]]
I/ModuleSetMgr( 2080): Pending container module APKs: []
I/ModuleSetMgr( 2080): Pending non-container module APKs: []
I/Email   ( 2011): Onetime initialization: 1
I/Email   ( 2011): Onetime initialization: 2
I/Email   ( 2011): Onetime initialization: completed.
I/ActivityManager( 1572): Resuming delayed broadcast
I/ActivityManager( 1572): Delay finish: com.android.email/.service.EmailBroadcastReceiver
I/ActivityManager( 1572): Delaying start of: ServiceRecord{9d97e708 u0 com.android.exchange/.service.EmailSyncAdapterService}
I/ActivityManager( 1572): Resuming delayed broadcast
I/LauncherIconVisibilityManager( 1765): Boot has been completed
I/LauncherIconVisibilityManager( 1765): Disable activity: ComponentInfo{com.google.android.inputmethod.latin/com.android.inputmethod.latin.setup.SetupActivity}
I/Notifications( 2451): [ChimeBroadcastReceiver] Intent received for action [android.intent.action.BOOT_COMPLETED] package [com.google.android.play.games].
I/Notifications( 2451): [ChimeBroadcastReceiver] Validation OK for action [android.intent.action.BOOT_COMPLETED].
I/Notifications( 2451): [ChimeBroadcastReceiver] Executing action in Service [android.intent.action.BOOT_COMPLETED].
D/dalvikvm( 2565): GC_FOR_ALLOC freed 247K, 9% free 3259K/3568K, paused 4ms, total 4ms
W/DynamiteModule( 2080): Local module descriptor class for providerinstaller not found.
I/DynamiteModule( 2080): Considering local module providerinstaller:0 and remote module providerinstaller:0
W/ProviderInstaller( 2080): Failed to load providerinstaller module: No acceptable module found. Local version is 0 and remote version is 0.
D/dalvikvm( 1572): GC_EXPLICIT freed 785K, 48% free 7751K/14696K, paused 1ms+1ms, total 12ms
I/ActivityManager( 1572): Delay finish: com.google.android.gms/.chimera.GmsIntentOperationService$PersistentInternalReceiver
I/ActivityManager( 1572): Resuming delayed broadcast
D/dalvikvm( 2080): GC_FOR_ALLOC freed 1300K, 28% free 10875K/14996K, paused 15ms, total 16ms
W/DynamiteModule( 2080): Local module descriptor class for providerinstaller not found.
I/DynamiteModule( 2080): Considering local module providerinstaller:0 and remote module providerinstaller:0
W/ProviderInstaller( 2080): Failed to load providerinstaller module: No acceptable module found. Local version is 0 and remote version is 0.
W/DynamiteModule( 2080): Local module descriptor class for providerinstaller not found.
I/DynamiteModule( 2080): Considering local module providerinstaller:0 and remote module providerinstaller:0
W/ProviderInstaller( 2080): Failed to load providerinstaller module: No acceptable module found. Local version is 0 and remote version is 0.
W/DynamiteModule( 2080): Local module descriptor class for providerinstaller not found.
I/DynamiteModule( 2080): Considering local module providerinstaller:0 and remote module providerinstaller:0
W/ProviderInstaller( 2080): Failed to load providerinstaller module: No acceptable module found. Local version is 0 and remote version is 0.
D/dalvikvm( 1859): GC_FOR_ALLOC freed 375K, 12% free 3390K/3828K, paused 1ms, total 1ms
D/dalvikvm( 2080): GC_FOR_ALLOC freed 1721K, 28% free 10864K/14996K, paused 12ms, total 12ms
I/ActivityManager( 1572): Delay finish: com.google.android.googlequicksearchbox/com.google.android.searchcommon.summons.icing.InternalIcingCorporaProvider$CorporaChangedReceiver
W/DynamiteModule( 2080): Local module descriptor class for providerinstaller not found.
I/DynamiteModule( 2080): Considering local module providerinstaller:0 and remote module providerinstaller:0
W/ProviderInstaller( 2080): Failed to load providerinstaller module: No acceptable module found. Local version is 0 and remote version is 0.
I/Icing.InternalIcingCorporaProvider( 2324): Updating corpora: A: com.android.email, C: MAYBE
D/dalvikvm( 2080): GC_FOR_ALLOC freed 627K, 28% free 10882K/14996K, paused 15ms, total 17ms
I/Fitness ( 1779): FitCleanupIntentOperation received Intent android.intent.action.PACKAGE_CHANGED [CONTEXT service_id=17 ]
I/Icing   ( 2080): IndexChimeraService.getServiceInterface callingPackage=com.google.android.googlequicksearchbox componentName=null serviceId=21
I/Fitness ( 1779): OnPackageChangedOperation got intent: Intent { act=android.intent.action.PACKAGE_CHANGED dat=package:com.android.email flg=0x4000010 cmp=com.google.android.gms/.chimera.PersistentIntentOperationService (has extras) } [CONTEXT service_id=17 ]
W/Icing   ( 2080): No valid account for uploading user actions
I/Icing   ( 2080): Usage reports ok 0, Failed Usage reports 0, indexed 0, rejected 0
W/DynamiteModule( 2080): Local module descriptor class for providerinstaller not found.
I/DynamiteModule( 2080): Considering local module providerinstaller:0 and remote module providerinstaller:0
W/ProviderInstaller( 2080): Failed to load providerinstaller module: No acceptable module found. Local version is 0 and remote version is 0.
W/Launcher( 2346): setApplicationContext called twice! old=com.google.android.velvet.VelvetApplication@9d008960 new=com.google.android.velvet.VelvetApplication@9d008960
I/ActivityManager( 1572): Resuming delayed broadcast
I/Fitness ( 1779): OnPackageChangedOperation got intent: Intent { act=android.intent.action.PACKAGE_CHANGED dat=package:com.google.android.gsf flg=0x4000010 cmp=com.google.android.gms/.chimera.PersistentIntentOperationService (has extras) } [CONTEXT service_id=17 ]
D/dalvikvm( 1872): GC_EXPLICIT freed 182K, 21% free 6032K/7560K, paused 1ms+1ms, total 15ms
I/Icing.InternalIcingCorporaProvider( 2324): Updating corpora: A: com.google.android.gsf, C: MAYBE
I/Fitness ( 1779): FitCleanupIntentOperation received Intent android.intent.action.PACKAGE_CHANGED [CONTEXT service_id=17 ]
I/ActivityManager( 1572): Delay finish: com.google.android.googlequicksearchbox/com.google.android.searchcommon.summons.icing.InternalIcingCorporaProvider$CorporaChangedReceiver
D/dalvikvm( 2080): GC_FOR_ALLOC freed 1683K, 28% free 10886K/14996K, paused 16ms, total 17ms
I/Icing   ( 2080): IndexChimeraService.getServiceInterface callingPackage=com.google.android.googlequicksearchbox componentName=null serviceId=21
W/DynamiteModule( 2080): Local module descriptor class for providerinstaller not found.
I/DynamiteModule( 2080): Considering local module providerinstaller:0 and remote module providerinstaller:0
W/ProviderInstaller( 2080): Failed to load providerinstaller module: No acceptable module found. Local version is 0 and remote version is 0.
W/DynamiteModule( 2080): Local module descriptor class for providerinstaller not found.
I/DynamiteModule( 2080): Considering local module providerinstaller:0 and remote module providerinstaller:0
W/ProviderInstaller( 2080): Failed to load providerinstaller module: No acceptable module found. Local version is 0 and remote version is 0.
D/dalvikvm( 2080): GC_FOR_ALLOC freed 1840K, 28% free 10899K/14996K, paused 8ms, total 8ms
W/Icing   ( 2080): No valid account for uploading user actions
I/ahju    ( 1779): Scheduling Phenotype for a PhenotypeSyncImmediately(6, org.chromium.net.cronet) one off with window [1, 2] in seconds [CONTEXT service_id=51 ]
I/Icing   ( 2080): Usage reports ok 0, Failed Usage reports 0, indexed 0, rejected 0
W/Launcher( 2346): setApplicationContext called twice! old=com.google.android.velvet.VelvetApplication@9d008960 new=com.google.android.velvet.VelvetApplication@9d008960
I/ActivityManager( 1572): Resuming delayed broadcast
I/Fitness ( 1779): OnPackageChangedOperation got intent: Intent { act=android.intent.action.PACKAGE_CHANGED dat=package:com.google.android.gms flg=0x4000010 cmp=com.google.android.gms/.chimera.PersistentIntentOperationService (has extras) } [CONTEXT service_id=17 ]
I/Fitness ( 1779): FitCleanupIntentOperation received Intent android.intent.action.PACKAGE_CHANGED [CONTEXT service_id=17 ]
I/Icing.InternalIcingCorporaProvider( 2324): Updating corpora: A: com.google.android.gms, C: MAYBE
I/ActivityManager( 1572): Delay finish: com.google.android.googlequicksearchbox/com.google.android.searchcommon.summons.icing.InternalIcingCorporaProvider$CorporaChangedReceiver
I/Icing   ( 2080): updateResources: need to parse wwx{com.google.android.gms}
I/SystemUpdate( 2080): [Installation,ReceiverIntentOperation] Received intent: Intent { act=com.google.android.gms.update.BASE_MODULE_INIT cat=[targeted_intent_op_prefix:.update.control.ReceiverIntentOperation] cmp=com.google.android.gms/.chimera.GmsIntentOperationService }.
I/Auth    ( 2080): [WorkAccount] update authenticator enabled for boot or update
W/dalvikvm( 2080): VFY: unable to find class referenced in signature (Landroid/service/persistentdata/PersistentDataBlockManager;)
E/dalvikvm( 2080): Could not find class 'android.service.persistentdata.PersistentDataBlockManager', referenced from method eyr.a
W/dalvikvm( 2080): VFY: unable to resolve check-cast 972 (Landroid/service/persistentdata/PersistentDataBlockManager;) in Leyr;
D/dalvikvm( 2080): VFY: replacing opcode 0x1f at 0x0022
W/dalvikvm( 2080): VFY: unable to find class referenced in signature (Landroid/service/persistentdata/PersistentDataBlockManager;)
I/dalvikvm( 2080): Could not find method android.service.persistentdata.PersistentDataBlockManager.getMaximumDataBlockSize, referenced from method eyr.a
W/dalvikvm( 2080): VFY: unable to resolve virtual method 4350: Landroid/service/persistentdata/PersistentDataBlockManager;.getMaximumDataBlockSize ()J
D/dalvikvm( 2080): VFY: replacing opcode 0x6e at 0x001e
I/dalvikvm( 2080): Could not find method android.service.persistentdata.PersistentDataBlockManager.read, referenced from method eyr.b
W/dalvikvm( 2080): VFY: unable to resolve virtual method 4351: Landroid/service/persistentdata/PersistentDataBlockManager;.read ()[B
D/dalvikvm( 2080): VFY: replacing opcode 0x6e at 0x000d
I/Icing   ( 2080): IndexChimeraService.getServiceInterface callingPackage=com.google.android.googlequicksearchbox componentName=null serviceId=21
I/Auth    ( 1779): [WorkAccountServiceImpl] init work authenticator
W/WakefulBroadcastReceiv.( 1872): No active wake lock id #3
D/dalvikvm( 2080): GC_EXPLICIT freed 2059K, 28% free 10888K/14996K, paused 9ms+8ms, total 67ms
D/dalvikvm( 2080): WAIT_FOR_CONCURRENT_GC blocked 27ms
E/PhenotypeRegOp( 2080): Attempting to overwrite config package for com.google.android.gms.games [CONTEXT service_id=231 ]
D/dalvikvm( 2080): WAIT_FOR_CONCURRENT_GC blocked 27ms
D/dalvikvm( 2080): WAIT_FOR_CONCURRENT_GC blocked 27ms
D/dalvikvm( 2080): WAIT_FOR_CONCURRENT_GC blocked 27ms
D/dalvikvm( 2080): WAIT_FOR_CONCURRENT_GC blocked 26ms
D/dalvikvm( 2080): WAIT_FOR_CONCURRENT_GC blocked 28ms
D/dalvikvm( 2080): WAIT_FOR_CONCURRENT_GC blocked 28ms
E/PhenotypeRegOp( 2080): Attempting to overwrite config package for com.google.android.gms.mobile_data_plan [CONTEXT service_id=231 ]
E/PhenotypeRegOp( 2080): Attempting to overwrite config package for com.google.android.gms.signin [CONTEXT service_id=231 ]
E/PhenotypeRegOp( 2080): Attempting to overwrite config package for com.google.android.gms.udc [CONTEXT service_id=231 ]
I/Auth    ( 2080): [SupervisedAccountIntentOperation] onHandleIntent(): android.intent.action.BOOT_COMPLETED
I/Auth    ( 2080): [SupervisedAccountIntentOperation] This operation is disabled
D/ConnectivityService( 1572): [CheckMp] isMobileOk: not connected ni=NetworkInfo: type: mobile_hipri[LTE], state: DISCONNECTED/IDLE, reason: (unspecified), extra: (none), roaming: false, failover: false, isAvailable: true, isConnectedToProvisioningNetwork: false
I/Auth    ( 2080): [AuthManaged,PasswordComplexityHelperImpl] Updating password complexity components state.
I/Auth    ( 2080): [AuthManaged,PasswordComplexityHelperImpl] Disabling com.google.android.gms.auth.managed.admin.DeviceAdminReceiver
I/Auth    ( 2080): [AuthManaged,PasswordComplexityHelperImpl] Disabling com.google.android.gms.auth.managed.ui.SetNewPasswordActivity
I/AutofillModuleInitInten( 2080): AutofillModuleInitIntentOperation onInitRuntimeState(3) [CONTEXT service_id=177 ]
I/Authzen ( 2080): [AuthZenEventHandler] Handling event: android.intent.action.BOOT_COMPLETED
I/Authzen ( 2080): [TransactionCache] Clearing transaction cache
D/dalvikvm( 1779): GC_FOR_ALLOC freed 1950K, 20% free 8715K/10792K, paused 19ms, total 29ms
D/dalvikvm( 1872): GC_EXPLICIT freed 408K, 20% free 6081K/7560K, paused 0ms+0ms, total 10ms
I/BackupPreLmp( 2080): [ComponentEnabler] Enabling pre-L components
V/BackupPreLmp( 2080): [ComponentEnabler] Enabling Component: com.google.android.gms.backup.component.D2dPreLSourceActivity
I/SystemUpdate( 2080): [Execution,InstallationEventIntentOperation] Handling event of type 1.
I/SystemUpdate( 2080): [Execution,InstallationIntentOperation] Received intent: Intent { act=com.google.android.gms.update.INSTALL_UPDATE cat=[targeted_intent_op_prefix:.update.execution.InstallationIntentOperation] cmp=com.google.android.gms/.chimera.GmsIntentOperationService }.
I/Checkin ( 2080): [CheckinChimeraService] onStartCommand
I/ChromeSync( 2080): [Sync,SyncIntentOperation] Handling the intent: Intent { act=android.intent.action.BOOT_COMPLETED flg=0x8000010 cmp=com.google.android.gms/.chimera.GmsIntentOperationService (has extras) }.
I/CCTBootCount( 1779): (BOOT_COMPLETE intent)Device boot count in Clearcut increased.
I/SystemUpdate( 2080): [Execution,ExecutionManager] Action finished-execution executed for 0.00 seconds.
I/Checkin ( 2080): [CheckinChimeraService] runCheckinOnNewThread
I/Checkin ( 2080): [CheckinChimeraService] Check queued to run. Is task waiting: false
E/JavaBinder( 2080): !!! FAILED BINDER TRANSACTION !!!
D/dalvikvm( 2080): GC_EXPLICIT freed 684K, 27% free 10984K/14996K, paused 3ms+2ms, total 100ms
I/Checkin ( 2080): [CheckinChimeraService] Run checkin on new thread return:1
I/Checkin ( 2080): [CheckinChimeraService] Starting Checkin Task: CheckinNowTaskTag Reason : 1 Force : false UserId: 0
D/dalvikvm( 1872): GC_EXPLICIT freed 141K, 20% free 6074K/7560K, paused 2ms+1ms, total 13ms
I/constellation( 2080): [intent_handler] Received onBootCompleted intent
I/constellation( 2080): [reboot_checker] Reboot checker check status.
I/constellation( 2080): [reboot_checker] reboot checker is disabled.
I/constellation( 2080): [intent_handler] on init with intent Intent { act=android.intent.action.BOOT_COMPLETED flg=0x8000010 cmp=com.google.android.gms/.chimera.GmsIntentOperationService (has extras) }
I/Checkin ( 2080): [EventLogChimeraService] Opted in for usage reporting: false
D/dalvikvm( 2080): GC_EXPLICIT freed 406K, 27% free 10969K/14996K, paused 4ms+7ms, total 58ms
I/Checkin ( 2080): [EventLogChimeraService] Opted in for usage reporting: false
I/Checkin ( 2080): [EventLogChimeraService] Accumulating logs since 1629033688142
I/Fido    ( 2080): [FidoInitIntentOperation] Initializing Fido module, InitRuntimeState=3
W/Icing   ( 2080): No valid account for uploading user actions
I/Icing   ( 2080): Usage reports ok 0, Failed Usage reports 0, indexed 0, rejected 0
I/GCM-GMS ( 2080): Scheduling task to register GMS
I/ActivityManager( 1572): Resuming delayed broadcast
W/Launcher( 2346): setApplicationContext called twice! old=com.google.android.velvet.VelvetApplication@9d008960 new=com.google.android.velvet.VelvetApplication@9d008960
D/dalvikvm( 1872): GC_EXPLICIT freed 138K, 20% free 6071K/7560K, paused 0ms+1ms, total 5ms
D/dalvikvm( 2324): GC_FOR_ALLOC freed 461K, 14% free 3477K/4000K, paused 2ms, total 2ms
I/Fitness ( 1779): OnPackageChangedOperation got intent: Intent { act=android.intent.action.PACKAGE_CHANGED dat=package:com.android.settings flg=0x4000010 cmp=com.google.android.gms/.chimera.PersistentIntentOperationService (has extras) } [CONTEXT service_id=17 ]
I/ActivityManager( 1572): Delay finish: com.google.android.googlequicksearchbox/com.google.android.searchcommon.summons.icing.InternalIcingCorporaProvider$CorporaChangedReceiver
I/Icing.InternalIcingCorporaProvider( 2324): Updating corpora: A: com.android.settings, C: MAYBE
I/Herrevad( 1779): [58] wkz.a: updateListenState
I/Ads     ( 2080): Initialized AdMob in container 20.24.14 (000700-319035315)
I/MobileDataHub( 2080): Scheduling periodic tasks
I/Fitness ( 1779): FitCleanupIntentOperation received Intent android.intent.action.PACKAGE_CHANGED [CONTEXT service_id=17 ]
W/MobileDataHub( 2080): [Service] appsupload-periodic periodic task disabled
I/Icing   ( 2080): IndexChimeraService.getServiceInterface callingPackage=com.google.android.googlequicksearchbox componentName=null serviceId=21
I/Icing   ( 2080): Indexing com.google.android.gms-internal.3p:MobileApplication from com.google.android.gms
D/dalvikvm( 2436): GC_FOR_ALLOC freed 869K, 42% free 5557K/9528K, paused 7ms, total 10ms
E/DG      ( 2436): FSC error [CONTEXT service_id=25 ]
E/DG      ( 2436): java.lang.NullPointerException
E/DG      ( 2436): 	at bnwi.a(:com.google.android.gms@202414005@20.24.14 (000700-319035315):16)
E/DG      ( 2436): 	at com.google.android.gms.droidguard.DroidGuardChimeraService.a(:com.google.android.gms@202414005@20.24.14 (000700-319035315):39)
E/DG      ( 2436): 	at com.google.android.gms.droidguard.DroidGuardChimeraService.a(:com.google.android.gms@202414005@20.24.14 (000700-319035315):71)
E/DG      ( 2436): 	at com.google.android.gms.framework.tracing.wrapper.TracingIntentService.onHandleIntent(:com.google.android.gms@202414005@20.24.14 (000700-319035315):1)
E/DG      ( 2436): 	at bpq.handleMessage(:com.google.android.gms@202414005@20.24.14 (000700-319035315):0)
E/DG      ( 2436): 	at android.os.Handler.dispatchMessage(Handler.java:102)
E/DG      ( 2436): 	at android.os.Looper.loop(Looper.java:136)
E/DG      ( 2436): 	at android.os.HandlerThread.run(HandlerThread.java:61)
D/dalvikvm( 2080): GC_EXPLICIT freed 596K, 25% free 11268K/14996K, paused 4ms+14ms, total 163ms
I/NewModuleOp( 2080): Schedule LanguageProfileGcmTaskChimeraService tasks. [CONTEXT service_id=167 ]
I/LPGcmTaskChimeraService( 2080): Unscheduling sync tasks. [CONTEXT service_id=167 ]
D/dalvikvm( 1779): GC_FOR_ALLOC freed 1522K, 16% free 9125K/10792K, paused 29ms, total 31ms
D/dalvikvm( 1872): GC_EXPLICIT freed 131K, 20% free 6078K/7560K, paused 0ms+0ms, total 11ms
W/GCoreFlp( 1779): No location to return for getLastLocation()
W/Icing   ( 2080): No valid account for uploading user actions
I/Icing   ( 2080): Usage reports ok 0, Failed Usage reports 0, indexed 0, rejected 0
I/MdiSyncModule( 2080): initializing module...
D/dalvikvm( 2346): GC_FOR_ALLOC freed 300K, 11% free 3205K/3568K, paused 1ms, total 1ms
W/Launcher( 2346): setApplicationContext called twice! old=com.google.android.velvet.VelvetApplication@9d008960 new=com.google.android.velvet.VelvetApplication@9d008960
I/ActivityManager( 1572): Resuming delayed broadcast
I/GmsSyncPolicyEngine( 2080): Periodic sync 3 disabled
I/MdiSyncModule( 2080): module initialization completed
I/Icing   ( 2080): Indexing done com.google.android.gms-internal.3p:MobileApplication
E/BluetoothAdapter( 1818): Bluetooth binder is null
I/LockboxService( 1779): Completed task: true [CONTEXT service_id=26 ]
D/dalvikvm( 2080): GC_EXPLICIT freed 640K, 27% free 11087K/14996K, paused 11ms+6ms, total 112ms
D/dalvikvm( 1572): GC_FOR_ALLOC freed 1095K, 47% free 7842K/14696K, paused 9ms, total 10ms
I/CheckinRequestBuilder( 2080): Checkin reason type: 1 attempt count: 1 [CONTEXT service_id=130 ]
W/ActivityManager( 1572): Unable to start service Intent { act=com.google.android.gms.nearby.discovery:ACTION_INIT_MESSAGES_PATH cmp=com.google.android.gms/.nearby.discovery.service.DiscoveryService } U=0: not found
D/dalvikvm( 1872): GC_EXPLICIT freed 142K, 20% free 6078K/7560K, paused 0ms+0ms, total 8ms
I/NearbySharing( 2080): Runtime state initialization complete. Sharing is disabled. [CONTEXT service_id=194 ]
I/NearbyDiscovery( 2080): FastPair: HeadsetPieceImage, grant permission files:0 [CONTEXT service_id=49 ]
I/Icing   ( 2080): Indexing com.google.android.googlequicksearchbox-applications from com.google.android.googlequicksearchbox
I/dalvikvm( 2244): Could not find method android.app.admin.DeviceAdminReceiver.onChoosePrivateKeyAlias, referenced from method bpj.a
W/dalvikvm( 2244): VFY: unable to resolve virtual method 2571: Landroid/app/admin/DeviceAdminReceiver;.onChoosePrivateKeyAlias (Landroid/content/Context;Landroid/content/Intent;ILandroid/net/Uri;Ljava/lang/String;)Ljava/lang/String;
D/dalvikvm( 2244): VFY: replacing opcode 0x75 at 0x0000
I/dalvikvm( 2244): Could not find method android.app.admin.DeviceAdminReceiver.onSystemUpdatePending, referenced from method bpj.a
W/dalvikvm( 2244): VFY: unable to resolve virtual method 2583: Landroid/app/admin/DeviceAdminReceiver;.onSystemUpdatePending (Landroid/content/Context;Landroid/content/Intent;J)V
D/dalvikvm( 2244): VFY: replacing opcode 0x6f at 0x0000
I/dalvikvm( 2244): Could not find method android.app.admin.DeviceAdminReceiver.onLockTaskModeEntering, referenced from method bpj.a
W/dalvikvm( 2244): VFY: unable to resolve virtual method 2575: Landroid/app/admin/DeviceAdminReceiver;.onLockTaskModeEntering (Landroid/content/Context;Landroid/content/Intent;Ljava/lang/String;)V
D/dalvikvm( 2244): VFY: replacing opcode 0x6f at 0x0000
I/dalvikvm( 2244): Could not find method android.app.admin.DeviceAdminReceiver.onProfileProvisioningComplete, referenced from method bpj.h
W/dalvikvm( 2244): VFY: unable to resolve virtual method 2581: Landroid/app/admin/DeviceAdminReceiver;.onProfileProvisioningComplete (Landroid/content/Context;Landroid/content/Intent;)V
D/dalvikvm( 2244): VFY: replacing opcode 0x6f at 0x0000
I/dalvikvm( 2244): Could not find method android.app.admin.DeviceAdminReceiver.onReadyForUserInitialization, referenced from method bpj.i
W/dalvikvm( 2244): VFY: unable to resolve virtual method 2582: Landroid/app/admin/DeviceAdminReceiver;.onReadyForUserInitialization (Landroid/content/Context;Landroid/content/Intent;)V
D/dalvikvm( 2244): VFY: replacing opcode 0x6f at 0x0000
I/dalvikvm( 2244): Could not find method android.app.admin.DeviceAdminReceiver.onLockTaskModeExiting, referenced from method bpj.j
W/dalvikvm( 2244): VFY: unable to resolve virtual method 2576: Landroid/app/admin/DeviceAdminReceiver;.onLockTaskModeExiting (Landroid/content/Context;Landroid/content/Intent;)V
D/dalvikvm( 2244): VFY: replacing opcode 0x6f at 0x0000
I/dalvikvm( 2244): Could not find method android.app.NotificationManager.getCurrentInterruptionFilter, referenced from method nea.b
W/dalvikvm( 2244): VFY: unable to resolve virtual method 2504: Landroid/app/NotificationManager;.getCurrentInterruptionFilter ()I
D/dalvikvm( 2244): VFY: replacing opcode 0x6e at 0x0002
I/DeletedNullContactsCleanup( 2080): Scheduling the service.
