I/PackageManager( 1572):   Action: "android.intent.action.SENDTO"
I/PackageManager( 1572):   Category: "android.intent.category.DEFAULT"
I/PackageManager( 1572):   Scheme: "mmsto"
D/ConnectivityService( 1572): [CheckMp] isMobileOk: not connected ni=NetworkInfo: type: mobile_hipri[LTE], state: DISCONNECTED/IDLE, reason: (unspecified), extra: (none), roaming: false, failover: false, isAvailable: true, isConnectedToProvisioningNetwork: false
I/PackageManager( 1572): Adding preferred activity ComponentInfo{com.android.mms/com.android.mms.ui.ComposeMessageActivity} for user 0 :
I/Icing   ( 2080): Indexing com.google.android.gms-apps from com.google.android.gms
I/Auth    ( 1779): [AuthManaged,PasswordComplexityHelperImpl] Updating password complexity components state.
I/Auth    ( 1779): [AuthManaged,PasswordComplexityHelperImpl] Enabling com.google.android.gms.auth.managed.ui.SetNewPasswordActivity
I/Icing   ( 2080): IndexChimeraService.getServiceInterface callingPackage=com.google.android.googlequicksearchbox componentName=null serviceId=21
I/PackageManager( 1572):   Action: "android.intent.action.SENDTO"
I/PackageManager( 1572):   Category: "android.intent.category.DEFAULT"
I/PackageManager( 1572):   Scheme: "sms"
I/Icing   ( 2080): Indexing done com.google.android.gms-apps
I/PackageManager( 1572): Adding preferred activity ComponentInfo{com.android.mms/com.android.mms.ui.ComposeMessageActivity} for user 0 :
I/Fitness ( 1779): OnPackageChangedOperation got intent: Intent { act=android.intent.action.PACKAGE_CHANGED dat=package:com.google.android.syncadapters.contacts flg=0x4000010 cmp=com.google.android.gms/.chimera.PersistentIntentOperationService (has extras) } [CONTEXT service_id=17 ]
W/Launcher( 2346): setApplicationContext called twice! old=com.google.android.velvet.VelvetApplication@9d008960 new=com.google.android.velvet.VelvetApplication@9d008960
D/dalvikvm( 1800): GC_FOR_ALLOC freed 452K, 16% free 3603K/4256K, paused 3ms, total 3ms
I/PackageManager( 1572):   Action: "android.intent.action.SENDTO"
I/PackageManager( 1572):   Category: "android.intent.category.DEFAULT"
I/PackageManager( 1572):   Scheme: "smsto"
I/PackageManager( 1572): Adding preferred activity ComponentInfo{com.android.mms/com.android.mms.ui.ComposeMessageActivity} for user 0 :
I/PackageManager( 1572):   Action: "android.intent.action.SENDTO"
I/PackageManager( 1572):   Category: "android.intent.category.DEFAULT"
I/PackageManager( 1572):   Scheme: "mms"
I/PackageManager( 1572): Adding preferred activity ComponentInfo{com.android.mms/com.android.mms.ui.ComposeMessageActivity} for user 0 :
I/PackageManager( 1572):   Action: "android.intent.action.SENDTO"
I/PackageManager( 1572):   Category: "android.intent.category.DEFAULT"
I/PackageManager( 1572):   Scheme: "mmsto"
W/Icing.InternalIcingCorporaProvider( 2324): Application table change notification failed.
I/Icing.InternalIcingCorporaProvider( 2324): Updating corpora: A: com.google.android.syncadapters.contacts, C: MAYBE
I/PackageManager( 1572): Adding preferred activity ComponentInfo{com.android.mms/com.android.mms.ui.ComposeMessageActivity} for user 0 :
D/dalvikvm( 1872): GC_EXPLICIT freed 190K, 18% free 6269K/7560K, paused 1ms+0ms, total 17ms
I/PackageManager( 1572):   Action: "android.intent.action.SENDTO"
I/PackageManager( 1572):   Category: "android.intent.category.DEFAULT"
I/PackageManager( 1572):   Scheme: "sms"
D/dalvikvm( 1779): GC_FOR_ALLOC freed 2347K, 20% free 10135K/12608K, paused 39ms, total 39ms
I/Auth    ( 1779): [AuthManaged,PasswordComplexityHelperImpl] Updating password complexity components state.
I/Auth    ( 1779): [AuthManaged,PasswordComplexityHelperImpl] Enabling com.google.android.gms.auth.managed.ui.SetNewPasswordActivity
I/Fitness ( 1779): FitCleanupIntentOperation received Intent android.intent.action.PACKAGE_CHANGED [CONTEXT service_id=17 ]
I/PackageManager( 1572): Adding preferred activity ComponentInfo{com.android.mms/com.android.mms.ui.ComposeMessageActivity} for user 0 :
W/Icing   ( 2080): No valid account for uploading user actions
I/Icing   ( 2080): Usage reports ok 0, Failed Usage reports 0, indexed 0, rejected 0
D/dalvikvm( 1572): GC_FOR_ALLOC freed 1224K, 48% free 7765K/14696K, paused 18ms, total 18ms
D/dalvikvm( 1800): GC_FOR_ALLOC freed 382K, 14% free 3669K/4256K, paused 4ms, total 4ms
I/Icing   ( 2080): IndexChimeraService.getServiceInterface callingPackage=com.google.android.googlequicksearchbox componentName=null serviceId=21
I/PackageManager( 1572):   Action: "android.intent.action.SENDTO"
I/PackageManager( 1572):   Category: "android.intent.category.DEFAULT"
I/PackageManager( 1572):   Scheme: "smsto"
I/PackageManager( 1572): Adding preferred activity ComponentInfo{com.android.mms/com.android.mms.ui.ComposeMessageActivity} for user 0 :
I/Fitness ( 1779): OnPackageChangedOperation got intent: Intent { act=android.intent.action.PACKAGE_CHANGED dat=package:com.google.android.gms flg=0x4000010 cmp=com.google.android.gms/.chimera.PersistentIntentOperationService (has extras) } [CONTEXT service_id=17 ]
W/Launcher( 2346): setApplicationContext called twice! old=com.google.android.velvet.VelvetApplication@9d008960 new=com.google.android.velvet.VelvetApplication@9d008960
W/Icing.InternalIcingCorporaProvider( 2324): Application table change notification failed.
I/PackageManager( 1572):   Action: "android.intent.action.SENDTO"
I/PackageManager( 1572):   Category: "android.intent.category.DEFAULT"
I/PackageManager( 1572):   Scheme: "mms"
I/PackageManager( 1572): Adding preferred activity ComponentInfo{com.android.mms/com.android.mms.ui.ComposeMessageActivity} for user 0 :
I/Icing.InternalIcingCorporaProvider( 2324): Updating corpora: A: com.google.android.gms, C: MAYBE
I/PackageManager( 1572):   Action: "android.intent.action.SENDTO"
I/PackageManager( 1572):   Category: "android.intent.category.DEFAULT"
I/PackageManager( 1572):   Scheme: "mmsto"
I/PackageManager( 1572): Adding preferred activity ComponentInfo{com.android.mms/com.android.mms.ui.ComposeMessageActivity} for user 0 :
D/dalvikvm( 1800): GC_FOR_ALLOC freed 352K, 14% free 3665K/4256K, paused 3ms, total 4ms
I/Icing   ( 2080): Indexing com.google.android.gms-apps from com.google.android.gms
I/PackageManager( 1572):   Action: "android.intent.action.SENDTO"
I/PackageManager( 1572):   Category: "android.intent.category.DEFAULT"
I/PackageManager( 1572):   Scheme: "sms"
I/Icing   ( 2080): IndexChimeraService.getServiceInterface callingPackage=com.google.android.googlequicksearchbox componentName=null serviceId=21
I/Fitness ( 1779): FitCleanupIntentOperation received Intent android.intent.action.PACKAGE_CHANGED [CONTEXT service_id=17 ]
I/PackageManager( 1572):   Action: "android.intent.action.SENDTO"
I/PackageManager( 1572):   Category: "android.intent.category.DEFAULT"
I/PackageManager( 1572):   Scheme: "smsto"
I/PackageManager( 1572): Adding preferred activity ComponentInfo{com.android.mms/com.android.mms.ui.ComposeMessageActivity} for user 0 :
I/PackageManager( 1572): Adding preferred activity ComponentInfo{com.android.mms/com.android.mms.ui.ComposeMessageActivity} for user 0 :
I/PTCommittedOperation( 1779): Receive new configuration for com.google.android.gms.chromesync
I/PackageManager( 1572):   Action: "android.intent.action.SENDTO"
I/PackageManager( 1572):   Category: "android.intent.category.DEFAULT"
I/PackageManager( 1572):   Scheme: "mms"
I/PackageManager( 1572): Adding preferred activity ComponentInfo{com.android.mms/com.android.mms.ui.ComposeMessageActivity} for user 0 :
I/PTCommittedOperation( 1779): Receive new configuration for com.google.android.gms.games
I/PackageManager( 1572):   Action: "android.intent.action.SENDTO"
I/PackageManager( 1572):   Category: "android.intent.category.DEFAULT"
I/PackageManager( 1572):   Scheme: "mmsto"
I/PackageManager( 1572): Adding preferred activity ComponentInfo{com.android.mms/com.android.mms.ui.ComposeMessageActivity} for user 0 :
D/dalvikvm( 1572): GC_FOR_ALLOC freed 1209K, 48% free 7739K/14696K, paused 17ms, total 17ms
I/ChromeSync( 2080): [Sync,SyncIntentOperation] Handling the intent: Intent { act=com.google.android.gms.phenotype.COMMITTED flg=0x10 pkg=com.google.android.gms cmp=com.google.android.gms/.chimera.GmsIntentOperationService (has extras) }.
D/dalvikvm( 1800): GC_FOR_ALLOC freed 394K, 14% free 3666K/4256K, paused 3ms, total 3ms
I/PackageManager( 1572):   Action: "android.intent.action.SENDTO"
I/PackageManager( 1572):   Category: "android.intent.category.DEFAULT"
I/PackageManager( 1572):   Scheme: "sms"
I/PackageManager( 1572): Adding preferred activity ComponentInfo{com.android.mms/com.android.mms.ui.ComposeMessageActivity} for user 0 :
I/MdiSyncModule( 2080): flag handling is skipping irrelevant intent.
I/PackageManager( 1572):   Action: "android.intent.action.SENDTO"
I/PackageManager( 1572):   Category: "android.intent.category.DEFAULT"
I/PackageManager( 1572):   Scheme: "smsto"
I/PTCommittedOperation( 1779): Receive new configuration for com.google.android.gms
I/PTCommittedOperation( 1779): Running Fixer Framework for com.google.android.gms
I/PackageManager( 1572): Adding preferred activity ComponentInfo{com.android.mms/com.android.mms.ui.ComposeMessageActivity} for user 0 :
I/Auth    ( 1779): [AuthManaged,PasswordComplexityHelperImpl] Updating password complexity components state.
I/Auth    ( 1779): [AuthManaged,PasswordComplexityHelperImpl] Enabling com.google.android.gms.auth.managed.ui.SetNewPasswordActivity
I/PackageManager( 1572):   Action: "android.intent.action.SENDTO"
I/PackageManager( 1572):   Category: "android.intent.category.DEFAULT"
I/PackageManager( 1572):   Scheme: "mms"
I/PackageManager( 1572): Adding preferred activity ComponentInfo{com.android.mms/com.android.mms.ui.ComposeMessageActivity} for user 0 :
D/dalvikvm( 1800): GC_FOR_ALLOC freed 352K, 14% free 3667K/4256K, paused 3ms, total 3ms
I/PackageManager( 1572):   Action: "android.intent.action.SENDTO"
I/PackageManager( 1572):   Category: "android.intent.category.DEFAULT"
I/PackageManager( 1572):   Scheme: "mmsto"
I/PackageManager( 1572): Adding preferred activity ComponentInfo{com.android.mms/com.android.mms.ui.ComposeMessageActivity} for user 0 :
D/dalvikvm( 2080): GC_FOR_ALLOC freed 2141K, 16% free 20813K/24536K, paused 81ms, total 81ms
W/ModuleInitIntentOp( 2080): Dropping unexpected action com.google.android.gms.phenotype.COMMITTED
I/ChromeSync( 2080): [Sync,SyncIntentOperation] Handling the intent: Intent { act=com.google.android.gms.phenotype.COMMITTED flg=0x10 pkg=com.google.android.gms cmp=com.google.android.gms/.chimera.GmsIntentOperationService (has extras) }.
I/MdiSyncModule( 2080): flag handling is skipping irrelevant intent.
W/ModuleInitIntentOp( 2080): Dropping unexpected action com.google.android.gms.phenotype.COMMITTED
D/dalvikvm( 1779): GC_FOR_ALLOC freed 2005K, 20% free 10177K/12608K, paused 32ms, total 32ms
E/dalvikvm( 1779): JIT code cache full
E/GmsClient( 2080): unable to connect to service: com.google.android.gms.auth.key.retrieval.service.START on com.google.android.gms
W/Icing   ( 2080): No valid account for uploading user actions
W/ActivityManager( 1572): Unable to start service Intent { act=com.google.android.gms.auth.key.retrieval.service.START pkg=com.google.android.gms } U=0: not found
W/ActivityManager( 1572): Unbind failed: could not find connection for android.os.BinderProxy@9d44f2d0
I/Icing   ( 2080): Usage reports ok 0, Failed Usage reports 0, indexed 0, rejected 0
I/Icing   ( 2080): updateResources: need to parse wwx{com.google.android.gms}
W/Icing   ( 2080): No valid account for uploading user actions
I/Icing   ( 2080): Usage reports ok 0, Failed Usage reports 0, indexed 0, rejected 0
I/Icing   ( 2080): Indexing done com.google.android.gms-apps
I/Icing   ( 2080): Indexing com.google.android.gms-apps from com.google.android.gms
I/Icing   ( 2080): Indexing done com.google.android.gms-apps
I/Icing   ( 2080): Indexing com.google.android.googlequicksearchbox-applications from com.google.android.googlequicksearchbox
I/Icing   ( 2080): Indexing done com.google.android.googlequicksearchbox-applications
I/Icing   ( 2080): Indexing com.google.android.gms-internal.3p:MobileApplication from com.google.android.gms
I/Icing   ( 2080): Indexing done com.google.android.gms-internal.3p:MobileApplication
D/ConnectivityService( 1572): [CheckMp] isMobileOk: not connected ni=NetworkInfo: type: mobile_hipri[LTE], state: DISCONNECTED/IDLE, reason: (unspecified), extra: (none), roaming: false, failover: false, isAvailable: true, isConnectedToProvisioningNetwork: false
W/Nearby  ( 1779): Failed attempt #3 out of 3 for RestoreDeviceName [CONTEXT service_id=49 ]
W/Nearby  ( 1779): java.lang.IllegalStateException: BluetoothAdapter not ready yet!
W/Nearby  ( 1779): 	at adap.d(:com.google.android.gms@202414005@20.24.14 (000700-319035315):2)
W/Nearby  ( 1779): 	at adao.run(Unknown Source)
W/Nearby  ( 1779): 	at bksp.call(Unknown Source)
W/Nearby  ( 1779): 	at bksu.a(:com.google.android.gms@202414005@20.24.14 (000700-319035315):2)
W/Nearby  ( 1779): 	at bksu.a(:com.google.android.gms@202414005@20.24.14 (000700-319035315):9)
W/Nearby  ( 1779): 	at adan.run(Unknown Source)
W/Nearby  ( 1779): 	at java.lang.Thread.run(Thread.java:841)
W/Nearby  ( 1779): 	at nln.run(Unknown Source)
W/Nearby  ( 1779): 	at java.util.concurrent.ThreadPoolExecutor.runWorker(ThreadPoolExecutor.java:1112)
W/Nearby  ( 1779): 	at java.util.concurrent.ThreadPoolExecutor$Worker.run(ThreadPoolExecutor.java:587)
W/Nearby  ( 1779): 	at nrd.run(:com.google.android.gms@202414005@20.24.14 (000700-319035315):0)
W/Nearby  ( 1779): 	at java.lang.Thread.run(Thread.java:841)
D/ConnectivityService( 1572): [CheckMp] isMobileOk: not connected ni=NetworkInfo: type: mobile_hipri[LTE], state: DISCONNECTED/IDLE, reason: (unspecified), extra: (none), roaming: false, failover: false, isAvailable: true, isConnectedToProvisioningNetwork: false
I/NetworkScheduler.Stats( 1779): Task com.google.android.gms/com.google.android.gms.phenotype.service.sync.PhenotypeConfigurator started execution. cause:4 exec_start_elapsed_seconds: 44 [CONTEXT service_id=218 ]
I/ahkf    ( 1779): Removed 0 invalid users [CONTEXT service_id=51 ]
D/dalvikvm( 1779): JIT code cache reset in 0 ms (523184 bytes 2/0)
D/dalvikvm( 1779): GC_FOR_ALLOC freed 1620K, 17% free 10475K/12608K, paused 8ms, total 8ms
I/dalvikvm-heap( 1779): Grow heap (frag case) to 10.414MB for 65548-byte allocation
D/dalvikvm( 1779): GC_FOR_ALLOC freed 3K, 17% free 10535K/12676K, paused 11ms, total 11ms
D/dalvikvm( 1779): GC_FOR_ALLOC freed 430K, 21% free 10110K/12676K, paused 8ms, total 8ms
I/dalvikvm-heap( 1779): Grow heap (frag case) to 10.083MB for 93141-byte allocation
D/dalvikvm( 1779): GC_FOR_ALLOC freed <1K, 21% free 10201K/12768K, paused 10ms, total 10ms
I/PGAPhenotypeBroadcastRe( 2793): Received Phenotype update.
D/dalvikvm( 1779): GC_FOR_ALLOC freed 2068K, 21% free 10180K/12768K, paused 10ms, total 10ms
I/Auth    ( 1779): [AuthManaged,PasswordComplexityHelperImpl] Updating password complexity components state.
I/Auth    ( 1779): [AuthManaged,PasswordComplexityHelperImpl] Enabling com.google.android.gms.auth.managed.ui.SetNewPasswordActivity
I/ahju    ( 1779): Scheduling adaptive one off task with window [14400, 604800] in seconds [CONTEXT service_id=51 ]
D/dalvikvm( 1572): GC_FOR_ALLOC freed 1165K, 48% free 7765K/14696K, paused 8ms, total 8ms
I/ahlt    ( 1779): updateFromConfigurations using legacy put method [CONTEXT service_id=204 ]
D/ConnectivityService( 1572): [CheckMp] isMobileOk: not connected ni=NetworkInfo: type: mobile_hipri[LTE], state: DISCONNECTED/IDLE, reason: (unspecified), extra: (none), roaming: false, failover: false, isAvailable: true, isConnectedToProvisioningNetwork: false
D/dalvikvm( 1779): GC_FOR_ALLOC freed 1928K, 20% free 10246K/12768K, paused 9ms, total 9ms
I/Auth    ( 1779): [AuthManaged,PasswordComplexityHelperImpl] Updating password complexity components state.
I/Auth    ( 1779): [AuthManaged,PasswordComplexityHelperImpl] Enabling com.google.android.gms.auth.managed.ui.SetNewPasswordActivity
I/NetworkScheduler.Stats( 1779): Task com.google.android.gms/com.google.android.gms.phenotype.service.sync.PhenotypeConfigurator finished executing. cause:4 result: 1 elapsed_millis: 800 uptime_millis: 800 exec_start_elapsed_seconds: 44 [CONTEXT service_id=218 ]
I/Auth    ( 1779): [AuthManaged,PasswordComplexityHelperImpl] Updating password complexity components state.
I/Auth    ( 1779): [AuthManaged,PasswordComplexityHelperImpl] Enabling com.google.android.gms.auth.managed.ui.SetNewPasswordActivity
I/ChromeSync( 2080): [Sync,SyncIntentOperation] Handling the intent: Intent { act=com.google.android.gms.phenotype.COMMITTED flg=0x10 pkg=com.google.android.gms cmp=com.google.android.gms/.chimera.GmsIntentOperationService (has extras) }.
I/MdiSyncModule( 2080): flag handling is skipping irrelevant intent.
W/ModuleInitIntentOp( 2080): Dropping unexpected action com.google.android.gms.phenotype.COMMITTED
I/PTCommittedOperation( 1779): Receive new configuration for com.google.android.gms.people
I/PTCommittedOperation( 1779): Receive new configuration for com.google.android.gms.romanesco
I/FsaEntryPointSwitcher( 2080): setting component enabled=1 for com.google.android.gms.people.sync.focus.ContactsSyncAdapterService
I/FsaEntryPointSwitcher( 2080): Setting component enabled succeeds.
I/FsaEntryPointSwitcher( 2080): setting component enabled=2 for com.google.android.syncadapters.contacts.ContactsSyncAdapterService
I/FsaEntryPointSwitcher( 2080): Setting component enabled succeeds.
I/Auth    ( 1779): [AuthManaged,PasswordComplexityHelperImpl] Updating password complexity components state.
I/Auth    ( 1779): [AuthManaged,PasswordComplexityHelperImpl] Enabling com.google.android.gms.auth.managed.ui.SetNewPasswordActivity
I/ChromeSync( 2080): [Sync,SyncIntentOperation] Handling the intent: Intent { act=com.google.android.gms.phenotype.COMMITTED flg=0x10 pkg=com.google.android.gms cmp=com.google.android.gms/.chimera.GmsIntentOperationService (has extras) }.
I/MdiSyncModule( 2080): flag handling is skipping irrelevant intent.
W/ModuleInitIntentOp( 2080): Dropping unexpected action com.google.android.gms.phenotype.COMMITTED
D/dalvikvm( 1779): GC_FOR_ALLOC freed 2082K, 21% free 10211K/12768K, paused 9ms, total 9ms
I/Auth    ( 1779): [AuthManaged,PasswordComplexityHelperImpl] Updating password complexity components state.
I/Auth    ( 1779): [AuthManaged,PasswordComplexityHelperImpl] Enabling com.google.android.gms.auth.managed.ui.SetNewPasswordActivity
I/ChromeSync( 2080): [Sync,SyncIntentOperation] Handling the intent: Intent { act=com.google.android.gms.phenotype.COMMITTED flg=0x10 pkg=com.google.android.gms cmp=com.google.android.gms/.chimera.GmsIntentOperationService (has extras) }.
I/MdiSyncModule( 2080): flag handling is skipping irrelevant intent.
W/ModuleInitIntentOp( 2080): Dropping unexpected action com.google.android.gms.phenotype.COMMITTED
I/PTCommittedOperation( 1779): Receive new configuration for com.google.android.location
D/AndroidRuntime( 2901): 
D/AndroidRuntime( 2901): >>>>>> AndroidRuntime START com.android.internal.os.RuntimeInit <<<<<<
I/Auth    ( 1779): [AuthManaged,PasswordComplexityHelperImpl] Updating password complexity components state.
I/Auth    ( 1779): [AuthManaged,PasswordComplexityHelperImpl] Enabling com.google.android.gms.auth.managed.ui.SetNewPasswordActivity
I/ChromeSync( 2080): [Sync,SyncIntentOperation] Handling the intent: Intent { act=com.google.android.gms.phenotype.COMMITTED flg=0x10 pkg=com.google.android.gms cmp=com.google.android.gms/.chimera.GmsIntentOperationService (has extras) }.
I/MdiSyncModule( 2080): flag handling is skipping irrelevant intent.
W/ModuleInitIntentOp( 2080): Dropping unexpected action com.google.android.gms.phenotype.COMMITTED
W/linker  ( 2901): libdvm.so has text relocations. This is wasting memory and is a security risk. Please fix.
I/PTCommittedOperation( 1779): Receive new configuration for com.google.android.gms.auth_authzen
D/AndroidRuntime( 2901): CheckJNI is ON
D/dalvikvm( 2901): Trying to load lib libjavacore.so 0x0
D/dalvikvm( 2901): Added shared lib libjavacore.so 0x0
D/dalvikvm( 2901): Trying to load lib libnativehelper.so 0x0
D/dalvikvm( 2901): Added shared lib libnativehelper.so 0x0
D/dalvikvm( 2901): No JNI_OnLoad found in libnativehelper.so 0x0, skipping init
I/Auth    ( 1779): [AuthManaged,PasswordComplexityHelperImpl] Updating password complexity components state.
I/Auth    ( 1779): [AuthManaged,PasswordComplexityHelperImpl] Enabling com.google.android.gms.auth.managed.ui.SetNewPasswordActivity
V/EmulatedCamera_Camera( 1147): getCameraInfo
V/EmulatedCamera_BaseCamera( 1147): getCameraInfo
I/OcrModelUpStIntentOp( 2080): Updating ocr activity enabled=true (phenotypeFlag=true, lowRamDevice=false, prereqCheck=true)
W/DynamiteModule( 2080): Local module descriptor class for com.google.android.gms.vision.dynamite.ocr not found.
W/ProviderHelper( 2080): Unknown dynamite feature vision.dynamite.ocr
I/DynamiteModule( 2080): Considering local module com.google.android.gms.vision.dynamite.ocr:0 and remote module com.google.android.gms.vision.dynamite.ocr:0
W/ProviderHelper( 2080): Ignoring optional dynamite feature vision.ocr
W/DynamiteModule( 2080): Local module descriptor class for com.google.android.gms.vision.ocr not found.
I/DynamiteModule( 2080): Considering local module com.google.android.gms.vision.ocr:0 and remote module com.google.android.gms.vision.ocr:0
E/Vision  ( 2080): Error loading module com.google.android.gms.vision.ocr optional module true: qxb: No acceptable module found. Local version is 0 and remote version is 0.
W/TextNativeHandle( 2080): Native handle not yet available. Reverting to no-op handle.
W/DynamiteModule( 2080): Local module descriptor class for com.google.android.gms.vision.dynamite.ocr not found.
W/ProviderHelper( 2080): Unknown dynamite feature vision.dynamite.ocr
I/DynamiteModule( 2080): Considering local module com.google.android.gms.vision.dynamite.ocr:0 and remote module com.google.android.gms.vision.dynamite.ocr:0
I/Vision  ( 2080): Requesting optional module download of ocr.
I/Vision  ( 2080): Checking for download completion for 55829 -- ocr
W/ProviderHelper( 2080): Ignoring optional dynamite feature vision.ocr
W/DynamiteModule( 2080): Local module descriptor class for com.google.android.gms.vision.ocr not found.
I/DynamiteModule( 2080): Considering local module com.google.android.gms.vision.ocr:0 and remote module com.google.android.gms.vision.ocr:0
E/Vision  ( 2080): Error loading module com.google.android.gms.vision.ocr optional module true: qxb: No acceptable module found. Local version is 0 and remote version is 0.
I/OcrModelUpStIntentOp( 2080): Downloading text recognizer
D/dalvikvm( 2901): Note: class Landroid/app/ActivityManagerNative; has 179 unimplemented (abstract) methods
D/dalvikvm( 2080): GC_FOR_ALLOC freed 1916K, 15% free 20945K/24536K, paused 63ms, total 64ms
I/Vision  ( 2080): Requesting optional module download of ocr.
I/Vision  ( 2080): Checking for download completion for 55903 -- ocr
D/dalvikvm( 1779): GC_FOR_ALLOC freed 2049K, 21% free 10209K/12768K, paused 14ms, total 15ms
I/Auth    ( 1779): [AuthManaged,PasswordComplexityHelperImpl] Updating password complexity components state.
I/Auth    ( 1779): [AuthManaged,PasswordComplexityHelperImpl] Enabling com.google.android.gms.auth.managed.ui.SetNewPasswordActivity
E/memtrack( 2901): Couldn't load memtrack module (No such file or directory)
E/android.os.Debug( 2901): failed to load memtrack module: -2
D/AndroidRuntime( 2901): Calling main entry com.android.commands.pm.Pm
D/AndroidRuntime( 2901): Shutting down VM
D/jdwp    ( 2901): Got wake-up signal, bailing out of select
D/dalvikvm( 2901): Debugger has detached; object registry had 1 entries
I/Auth    ( 1779): [AuthManaged,PasswordComplexityHelperImpl] Updating password complexity components state.
I/Auth    ( 1779): [AuthManaged,PasswordComplexityHelperImpl] Enabling com.google.android.gms.auth.managed.ui.SetNewPasswordActivity
D/dalvikvm( 1779): GC_FOR_ALLOC freed 2006K, 20% free 10251K/12768K, paused 8ms, total 8ms
I/Auth    ( 1779): [AuthManaged,PasswordComplexityHelperImpl] Updating password complexity components state.
I/Auth    ( 1779): [AuthManaged,PasswordComplexityHelperImpl] Enabling com.google.android.gms.auth.managed.ui.SetNewPasswordActivity
I/PTCommittedOperation( 1779): Receive new configuration for com.google.android.gms.chromesync
I/Auth    ( 1779): [AuthManaged,PasswordComplexityHelperImpl] Updating password complexity components state.
I/Auth    ( 1779): [AuthManaged,PasswordComplexityHelperImpl] Enabling com.google.android.gms.auth.managed.ui.SetNewPasswordActivity
I/ChromeSync( 2080): [Sync,SyncIntentOperation] Handling the intent: Intent { act=com.google.android.gms.phenotype.COMMITTED flg=0x10 pkg=com.google.android.gms cmp=com.google.android.gms/.chimera.GmsIntentOperationService (has extras) }.
E/GmsClient( 2080): unable to connect to service: com.google.android.gms.auth.key.retrieval.service.START on com.google.android.gms
W/ActivityManager( 1572): Unable to start service Intent { act=com.google.android.gms.auth.key.retrieval.service.START pkg=com.google.android.gms } U=0: not found
W/ActivityManager( 1572): Unbind failed: could not find connection for android.os.BinderProxy@9d14bf98
I/MS_RegisterService( 2080): Tachyon host: instantmessaging-pa.googleapis.com, Tachyon port: 443
I/MdiSyncModule( 2080): flag handling is skipping irrelevant intent.
W/ModuleInitIntentOp( 2080): Dropping unexpected action com.google.android.gms.phenotype.COMMITTED
I/MS_RegisterService( 2080): RegisterService intent:Intent { act=com.google.android.gms.matchstick.register_intent_action cat=[targeted_intent_op_prefix:com.google.android.libraries.matchstick.net.SilentRegisterIntentOperation] cmp=com.google.android.gms/.chimera.GmsIntentOperationService } isPeriodic:false
W/DynamiteModule( 2080): Local module descriptor class for providerinstaller not found.
W/ProviderHelper( 2080): Unknown dynamite feature providerinstaller
I/DynamiteModule( 2080): Considering local module providerinstaller:0 and remote module providerinstaller:0
W/ProviderInstaller( 2080): Failed to load providerinstaller module: No acceptable module found. Local version is 0 and remote version is 0.
I/Auth    ( 1779): [AuthManaged,PasswordComplexityHelperImpl] Updating password complexity components state.
I/Auth    ( 1779): [AuthManaged,PasswordComplexityHelperImpl] Enabling com.google.android.gms.auth.managed.ui.SetNewPasswordActivity
I/PTCommittedOperation( 1779): Receive new configuration for com.google.android.gms.games
I/ChromeSync( 2080): [Sync,SyncIntentOperation] Handling the intent: Intent { act=com.google.android.gms.phenotype.COMMITTED flg=0x10 pkg=com.google.android.gms cmp=com.google.android.gms/.chimera.GmsIntentOperationService (has extras) }.
I/MdiSyncModule( 2080): flag handling is skipping irrelevant intent.
W/ModuleInitIntentOp( 2080): Dropping unexpected action com.google.android.gms.phenotype.COMMITTED
D/dalvikvm( 1779): GC_FOR_ALLOC freed 1983K, 20% free 10315K/12768K, paused 17ms, total 17ms
D/AndroidRuntime( 2914): 
D/AndroidRuntime( 2914): >>>>>> AndroidRuntime START com.android.internal.os.RuntimeInit <<<<<<
W/linker  ( 2914): libdvm.so has text relocations. This is wasting memory and is a security risk. Please fix.
D/AndroidRuntime( 2914): CheckJNI is ON
D/dalvikvm( 2914): Trying to load lib libjavacore.so 0x0
D/dalvikvm( 2914): Added shared lib libjavacore.so 0x0
D/dalvikvm( 2914): Trying to load lib libnativehelper.so 0x0
D/dalvikvm( 2914): Added shared lib libnativehelper.so 0x0
D/dalvikvm( 2914): No JNI_OnLoad found in libnativehelper.so 0x0, skipping init
D/dalvikvm( 2914): Note: class Landroid/app/ActivityManagerNative; has 179 unimplemented (abstract) methods
I/Auth    ( 1779): [AuthManaged,PasswordComplexityHelperImpl] Updating password complexity components state.
I/Auth    ( 1779): [AuthManaged,PasswordComplexityHelperImpl] Enabling com.google.android.gms.auth.managed.ui.SetNewPasswordActivity
I/Auth    ( 1779): [AuthManaged,PasswordComplexityHelperImpl] Updating password complexity components state.
I/Auth    ( 1779): [AuthManaged,PasswordComplexityHelperImpl] Enabling com.google.android.gms.auth.managed.ui.SetNewPasswordActivity
I/MobileDataHub( 2080): Scheduling periodic tasks
W/MobileDataHub( 2080): [Service] appsupload-periodic periodic task disabled
E/memtrack( 2914): Couldn't load memtrack module (No such file or directory)
E/android.os.Debug( 2914): failed to load memtrack module: -2
D/AndroidRuntime( 2914): Calling main entry com.android.commands.pm.Pm
D/AndroidRuntime( 2914): Shutting down VM
D/jdwp    ( 2914): Got wake-up signal, bailing out of select
D/dalvikvm( 2914): Debugger has detached; object registry had 1 entries
I/Auth    ( 1779): [AuthManaged,PasswordComplexityHelperImpl] Updating password complexity components state.
I/Auth    ( 1779): [AuthManaged,PasswordComplexityHelperImpl] Enabling com.google.android.gms.auth.managed.ui.SetNewPasswordActivity
I/PTCommittedOperation( 1779): Receive new configuration for com.google.android.gms
I/PTCommittedOperation( 1779): Running Fixer Framework for com.google.android.gms
D/dalvikvm( 1779): GC_FOR_ALLOC freed 1923K, 19% free 10440K/12768K, paused 10ms, total 10ms
I/Auth    ( 1779): [AuthManaged,PasswordComplexityHelperImpl] Updating password complexity components state.
I/Auth    ( 1779): [AuthManaged,PasswordComplexityHelperImpl] Enabling com.google.android.gms.auth.managed.ui.SetNewPasswordActivity
D/AndroidRuntime( 2925): 
D/AndroidRuntime( 2925): >>>>>> AndroidRuntime START com.android.internal.os.RuntimeInit <<<<<<
W/linker  ( 2925): libdvm.so has text relocations. This is wasting memory and is a security risk. Please fix.
D/AndroidRuntime( 2925): CheckJNI is ON
D/dalvikvm( 2925): Trying to load lib libjavacore.so 0x0
D/dalvikvm( 2925): Added shared lib libjavacore.so 0x0
D/ConnectivityService( 1572): [CheckMp] isMobileOk: not connected ni=NetworkInfo: type: mobile_hipri[LTE], state: DISCONNECTED/IDLE, reason: (unspecified), extra: (none), roaming: false, failover: false, isAvailable: true, isConnectedToProvisioningNetwork: false
D/dalvikvm( 2925): Trying to load lib libnativehelper.so 0x0
D/dalvikvm( 2925): Added shared lib libnativehelper.so 0x0
D/dalvikvm( 2925): No JNI_OnLoad found in libnativehelper.so 0x0, skipping init
D/dalvikvm( 2925): Note: class Landroid/app/ActivityManagerNative; has 179 unimplemented (abstract) methods
E/memtrack( 2925): Couldn't load memtrack module (No such file or directory)
E/android.os.Debug( 2925): failed to load memtrack module: -2
D/AndroidRuntime( 2925): Calling main entry com.android.commands.pm.Pm
D/AndroidRuntime( 2925): Shutting down VM
D/jdwp    ( 2925): Got wake-up signal, bailing out of select
D/dalvikvm( 2925): Debugger has detached; object registry had 1 entries
D/AndroidRuntime( 2941): 
D/AndroidRuntime( 2941): >>>>>> AndroidRuntime START com.android.internal.os.RuntimeInit <<<<<<
W/linker  ( 2941): libdvm.so has text relocations. This is wasting memory and is a security risk. Please fix.
D/AndroidRuntime( 2941): CheckJNI is ON
D/dalvikvm( 2941): Trying to load lib libjavacore.so 0x0
D/dalvikvm( 2941): Added shared lib libjavacore.so 0x0
D/dalvikvm( 2941): Trying to load lib libnativehelper.so 0x0
D/dalvikvm( 2941): Added shared lib libnativehelper.so 0x0
D/dalvikvm( 2941): No JNI_OnLoad found in libnativehelper.so 0x0, skipping init
D/dalvikvm( 2941): Note: class Landroid/app/ActivityManagerNative; has 179 unimplemented (abstract) methods
E/memtrack( 2941): Couldn't load memtrack module (No such file or directory)
E/android.os.Debug( 2941): failed to load memtrack module: -2
D/AndroidRuntime( 2941): Calling main entry com.android.commands.pm.Pm
I/ActivityManager( 1572): Start proc com.android.defcontainer for service com.android.defcontainer/.DefaultContainerService: pid=2951 uid=10003 gids={50003, 1028, 1015, 1023, 2001, 1035}
I/PackageManager( 1572): Running dexopt on: com.android.defcontainer
W/linker  ( 2964): libdvm.so has text relocations. This is wasting memory and is a security risk. Please fix.
D/dalvikvm( 2964): DexOpt: load 1ms, verify+opt 1ms, 201428 bytes
W/ActivityManager( 1572): No content provider found for permission revoke: file:///data/local/tmp/AndroidRipperService.apk
W/ActivityManager( 1572): No content provider found for permission revoke: file:///data/local/tmp/AndroidRipperService.apk
I/PackageManager( 1572): Copying native libraries to /data/app-lib/vmdl-1164837720
I/PackageParser( 1572): it.unina.android.ripper_service: compat added android.permission.WRITE_EXTERNAL_STORAGE android.permission.READ_PHONE_STATE
I/PackageManager( 1572): Running dexopt on: it.unina.android.ripper_service
W/linker  ( 2966): libdvm.so has text relocations. This is wasting memory and is a security risk. Please fix.
D/dalvikvm( 2966): DexOpt: load 6ms, verify+opt 23ms, 1117628 bytes
I/ActivityManager( 1572): Force stopping it.unina.android.ripper_service appid=10057 user=-1: update pkg
I/InputReader( 1572): Reconfiguring input devices.  changes=0x00000010
I/PackageManager( 1572):   Action: "android.intent.action.SENDTO"
I/PackageManager( 1572):   Category: "android.intent.category.DEFAULT"
I/PackageManager( 1572):   Scheme: "sms"
I/PackageManager( 1572): Adding preferred activity ComponentInfo{com.android.mms/com.android.mms.ui.ComposeMessageActivity} for user 0 :
W/Launcher.Model( 2346): Nobody to tell about the new app.  Launcher is probably loading.
D/dalvikvm( 1572): GC_FOR_ALLOC freed 1159K, 47% free 7803K/14696K, paused 12ms, total 13ms
D/BackupManagerService( 1572): Received broadcast Intent { act=android.intent.action.PACKAGE_ADDED dat=package:it.unina.android.ripper_service flg=0x4000010 (has extras) }
V/BackupManagerService( 1572): addPackageParticipantsLocked: #1
I/PackageManager( 1572):   Action: "android.intent.action.SENDTO"
I/PackageManager( 1572):   Category: "android.intent.category.DEFAULT"
I/PackageManager( 1572):   Scheme: "smsto"
I/PackageManager( 1572):   Action: "android.intent.action.SENDTO"
I/PackageManager( 1572):   Category: "android.intent.category.DEFAULT"
I/PackageManager( 1572):   Scheme: "mms"
I/PackageManager( 1572): Adding preferred activity ComponentInfo{com.android.mms/com.android.mms.ui.ComposeMessageActivity} for user 0 :
I/PackageManager( 1572): Adding preferred activity ComponentInfo{com.android.mms/com.android.mms.ui.ComposeMessageActivity} for user 0 :
D/dalvikvm( 1800): GC_FOR_ALLOC freed 393K, 15% free 3660K/4256K, paused 2ms, total 2ms
I/PackageManager( 1572):   Action: "android.intent.action.SENDTO"
I/PackageManager( 1572):   Category: "android.intent.category.DEFAULT"
I/PackageManager( 1572):   Scheme: "mmsto"
I/PackageManager( 1572): Adding preferred activity ComponentInfo{com.android.mms/com.android.mms.ui.ComposeMessageActivity} for user 0 :
W/GCM     ( 1779): Unexpected forwarded intent: Intent { act=android.intent.action.PACKAGE_ADDED dat=package:it.unina.android.ripper_service flg=0x4000010 cmp=com.google.android.gms/.chimera.PersistentIntentOperationService (has extras) }
W/GCM     ( 1779): Unexpected forwarded intent: Intent { act=android.intent.action.PACKAGE_ADDED dat=package:it.unina.android.ripper_service flg=0x4000010 cmp=com.google.android.gms/.chimera.PersistentIntentOperationService (has extras) }
I/PackageManager( 1572):   Action: "android.intent.action.SENDTO"
I/PackageManager( 1572):   Category: "android.intent.category.DEFAULT"
I/PackageManager( 1572):   Scheme: "sms"
I/Icing.InternalIcingCorporaProvider( 2324): Updating corpora: A: it.unina.android.ripper_service, C: MAYBE
I/PackageManager( 1572): Adding preferred activity ComponentInfo{com.android.mms/com.android.mms.ui.ComposeMessageActivity} for user 0 :
I/PackageManager( 1572):   Action: "android.intent.action.SENDTO"
I/PackageManager( 1572):   Category: "android.intent.category.DEFAULT"
I/PackageManager( 1572):   Scheme: "smsto"
I/PackageManager( 1572): Adding preferred activity ComponentInfo{com.android.mms/com.android.mms.ui.ComposeMessageActivity} for user 0 :
D/dalvikvm( 1572): GC_EXPLICIT freed 902K, 47% free 7846K/14696K, paused 5ms+4ms, total 56ms
D/AndroidRuntime( 2941): Shutting down VM
D/jdwp    ( 2941): Got wake-up signal, bailing out of select
D/dalvikvm( 2941): Debugger has detached; object registry had 1 entries
D/dalvikvm( 1800): GC_FOR_ALLOC freed 368K, 14% free 3664K/4256K, paused 3ms, total 6ms
I/ActivityManager( 1572): Start proc com.svox.pico for broadcast com.svox.pico/.VoiceDataInstallerReceiver: pid=2969 uid=10041 gids={50041, 1028, 1015}
I/PackageManager( 1572):   Action: "android.intent.action.SENDTO"
I/PackageManager( 1572):   Category: "android.intent.category.DEFAULT"
I/PackageManager( 1572):   Scheme: "mms"
I/Auth    ( 2080): [SupervisedAccountIntentOperation] onHandleIntent(): android.intent.action.PACKAGE_ADDED
I/PackageManager( 1572): Running dexopt on: com.svox.pico
I/ChromeSync( 2080): [Sync,SyncIntentOperation] Handling the intent: Intent { act=android.intent.action.PACKAGE_ADDED dat=package:it.unina.android.ripper_service flg=0x4000010 cmp=com.google.android.gms/.chimera.GmsIntentOperationService (has extras) }.
I/PackageManager( 1572): Adding preferred activity ComponentInfo{com.android.mms/com.android.mms.ui.ComposeMessageActivity} for user 0 :
I/PackageManager( 1572):   Action: "android.intent.action.SENDTO"
I/PackageManager( 1572):   Category: "android.intent.category.DEFAULT"
I/PackageManager( 1572):   Scheme: "mmsto"
W/linker  ( 2982): libdvm.so has text relocations. This is wasting memory and is a security risk. Please fix.
I/PackageManager( 1572): Adding preferred activity ComponentInfo{com.android.mms/com.android.mms.ui.ComposeMessageActivity} for user 0 :
I/ChromeSync( 2080): [Persistence,AffiliationManager] One of affiliation or grouping data for android://KSmUCdTXmQS-j9D_O8l1jvyu41Pjn2mc5cb0Gvx1e9H1Aj4JCzHs_uTW26nbtH65K-YfijtBsQxGp-8R6k6HFg==@it.unina.android.ripper_service/ was not found. Marking affiliation data as stale...
D/dalvikvm( 2982): DexOpt: load 1ms, verify+opt 1ms, 225028 bytes
I/FontLog ( 2080): Package it.unina.android.ripper_service has no metadata [CONTEXT service_id=132 ]
I/Icing   ( 2080): IndexChimeraService.getServiceInterface callingPackage=com.google.android.googlequicksearchbox componentName=null serviceId=21
I/Icing   ( 2080): Indexing com.google.android.googlequicksearchbox-applications from com.google.android.googlequicksearchbox
I/dalvikvm( 2080): Could not find method java.util.Locale.toLanguageTag, referenced from method wkb.a
W/dalvikvm( 2080): VFY: unable to resolve virtual method 19297: Ljava/util/Locale;.toLanguageTag ()Ljava/lang/String;
D/dalvikvm( 2080): VFY: replacing opcode 0x6e at 0x015f
D/dalvikvm( 2080): GC_FOR_ALLOC freed 1974K, 15% free 21018K/24536K, paused 24ms, total 24ms
W/Icing   ( 2080): No valid account for uploading user actions
I/Icing   ( 2080): Usage reports ok 0, Failed Usage reports 0, indexed 0, rejected 0
I/Icing   ( 2080): Indexing done com.google.android.googlequicksearchbox-applications
I/Icing   ( 2080): Indexing com.google.android.gms-apps from com.google.android.gms
I/Icing   ( 2080): Indexing done com.google.android.gms-apps
I/Icing   ( 2080): Indexing com.google.android.gms-internal.3p:MobileApplication from com.google.android.gms
I/Icing   ( 2080): Indexing done com.google.android.gms-internal.3p:MobileApplication
D/AndroidRuntime( 2991): 
D/AndroidRuntime( 2991): >>>>>> AndroidRuntime START com.android.internal.os.RuntimeInit <<<<<<
W/linker  ( 2991): libdvm.so has text relocations. This is wasting memory and is a security risk. Please fix.
D/AndroidRuntime( 2991): CheckJNI is ON
D/dalvikvm( 2991): Trying to load lib libjavacore.so 0x0
D/dalvikvm( 2991): Added shared lib libjavacore.so 0x0
D/dalvikvm( 2991): Trying to load lib libnativehelper.so 0x0
D/dalvikvm( 2991): Added shared lib libnativehelper.so 0x0
D/dalvikvm( 2991): No JNI_OnLoad found in libnativehelper.so 0x0, skipping init
D/dalvikvm( 2991): Note: class Landroid/app/ActivityManagerNative; has 179 unimplemented (abstract) methods
E/memtrack( 2991): Couldn't load memtrack module (No such file or directory)
E/android.os.Debug( 2991): failed to load memtrack module: -2
D/AndroidRuntime( 2991): Calling main entry com.android.commands.pm.Pm
D/AndroidRuntime( 2991): Shutting down VM
D/jdwp    ( 2991): Got wake-up signal, bailing out of select
D/dalvikvm( 2991): Debugger has detached; object registry had 1 entries
D/ConnectivityService( 1572): [CheckMp] isMobileOk: not connected ni=NetworkInfo: type: mobile_hipri[LTE], state: DISCONNECTED/IDLE, reason: (unspecified), extra: (none), roaming: false, failover: false, isAvailable: true, isConnectedToProvisioningNetwork: false
D/AndroidRuntime( 3002): 
D/AndroidRuntime( 3002): >>>>>> AndroidRuntime START com.android.internal.os.RuntimeInit <<<<<<
W/linker  ( 3002): libdvm.so has text relocations. This is wasting memory and is a security risk. Please fix.
D/AndroidRuntime( 3002): CheckJNI is ON
D/dalvikvm( 3002): Trying to load lib libjavacore.so 0x0
D/dalvikvm( 3002): Added shared lib libjavacore.so 0x0
D/dalvikvm( 3002): Trying to load lib libnativehelper.so 0x0
D/dalvikvm( 3002): Added shared lib libnativehelper.so 0x0
D/dalvikvm( 3002): No JNI_OnLoad found in libnativehelper.so 0x0, skipping init
D/dalvikvm( 3002): Note: class Landroid/app/ActivityManagerNative; has 179 unimplemented (abstract) methods
E/memtrack( 3002): Couldn't load memtrack module (No such file or directory)
E/android.os.Debug( 3002): failed to load memtrack module: -2
D/AndroidRuntime( 3002): Calling main entry com.android.commands.pm.Pm
D/AndroidRuntime( 3002): Shutting down VM
D/jdwp    ( 3002): Got wake-up signal, bailing out of select
D/dalvikvm( 3002): Debugger has detached; object registry had 1 entries
D/AndroidRuntime( 3013): 
D/AndroidRuntime( 3013): >>>>>> AndroidRuntime START com.android.internal.os.RuntimeInit <<<<<<
W/linker  ( 3013): libdvm.so has text relocations. This is wasting memory and is a security risk. Please fix.
D/AndroidRuntime( 3013): CheckJNI is ON
D/dalvikvm( 3013): Trying to load lib libjavacore.so 0x0
D/dalvikvm( 3013): Added shared lib libjavacore.so 0x0
D/dalvikvm( 3013): Trying to load lib libnativehelper.so 0x0
D/dalvikvm( 3013): Added shared lib libnativehelper.so 0x0
D/dalvikvm( 3013): No JNI_OnLoad found in libnativehelper.so 0x0, skipping init
D/dalvikvm( 3013): Note: class Landroid/app/ActivityManagerNative; has 179 unimplemented (abstract) methods
E/memtrack( 3013): Couldn't load memtrack module (No such file or directory)
E/android.os.Debug( 3013): failed to load memtrack module: -2
D/AndroidRuntime( 3013): Calling main entry com.android.commands.am.Am
D/AndroidRuntime( 3013): Shutting down VM
D/jdwp    ( 3013): Got wake-up signal, bailing out of select
D/dalvikvm( 3013): Debugger has detached; object registry had 1 entries
V/AndroidRipperService( 3024): onCreate()
V/SERVER  ( 3024): Starting ServerSocket on PORT 18888
V/SERVER  ( 3024): Started ServerSocket on PORT 18888
V/SERVER  ( 3024): Ready to accept connections on port: 18888
I/ActivityManager( 1572): Start proc it.unina.android.ripper_service:android_ripper_service_process for service it.unina.android.ripper_service/.AndroidRipperService: pid=3024 uid=10057 gids={50057, 3003, 1028, 1015}
D/ConnectivityService( 1572): [CheckMp] isMobileOk: not connected ni=NetworkInfo: type: mobile_hipri[LTE], state: DISCONNECTED/IDLE, reason: (unspecified), extra: (none), roaming: false, failover: false, isAvailable: true, isConnectedToProvisioningNetwork: false
D/ConnectivityService( 1572): [CheckMp] isMobileOk: not connected ni=NetworkInfo: type: mobile_hipri[LTE], state: DISCONNECTED/IDLE, reason: (unspecified), extra: (none), roaming: false, failover: false, isAvailable: true, isConnectedToProvisioningNetwork: false
D/ConnectivityService( 1572): [CheckMp] isMobileOk: not connected ni=NetworkInfo: type: mobile_hipri[LTE], state: DISCONNECTED/IDLE, reason: (unspecified), extra: (none), roaming: false, failover: false, isAvailable: true, isConnectedToProvisioningNetwork: false
D/AndroidRuntime( 3038): 
D/AndroidRuntime( 3038): >>>>>> AndroidRuntime START com.android.internal.os.RuntimeInit <<<<<<
W/linker  ( 3038): libdvm.so has text relocations. This is wasting memory and is a security risk. Please fix.
D/AndroidRuntime( 3038): CheckJNI is ON
D/dalvikvm( 3038): Trying to load lib libjavacore.so 0x0
D/dalvikvm( 3038): Added shared lib libjavacore.so 0x0
D/dalvikvm( 3038): Trying to load lib libnativehelper.so 0x0
D/dalvikvm( 3038): Added shared lib libnativehelper.so 0x0
D/dalvikvm( 3038): No JNI_OnLoad found in libnativehelper.so 0x0, skipping init
D/dalvikvm( 3038): Note: class Landroid/app/ActivityManagerNative; has 179 unimplemented (abstract) methods
E/memtrack( 3038): Couldn't load memtrack module (No such file or directory)
E/android.os.Debug( 3038): failed to load memtrack module: -2
D/AndroidRuntime( 3038): Calling main entry com.android.commands.input.Input
I/Input   ( 3038): injectKeyEvent: KeyEvent { action=ACTION_DOWN, keyCode=KEYCODE_MENU, scanCode=0, metaState=0, flags=0x0, repeatCount=0, eventTime=51022, downTime=51022, deviceId=-1, source=0x101 }
I/Input   ( 3038): injectKeyEvent: KeyEvent { action=ACTION_UP, keyCode=KEYCODE_MENU, scanCode=0, metaState=0, flags=0x0, repeatCount=0, eventTime=51022, downTime=51022, deviceId=-1, source=0x101 }
D/dalvikvm( 1960): GC_FOR_ALLOC freed 1683K, 28% free 22981K/31764K, paused 2ms, total 2ms
D/AndroidRuntime( 3038): Shutting down VM
D/jdwp    ( 3038): Got wake-up signal, bailing out of select
D/dalvikvm( 3038): Debugger has detached; object registry had 1 entries
E/SoundPool( 1572): error loading /system/media/audio/ui/Effect_Tick.ogg
W/AudioService( 1572): Soundpool could not load file: /system/media/audio/ui/Effect_Tick.ogg
E/SoundPool( 1572): error loading /system/media/audio/ui/Effect_Tick.ogg
W/AudioService( 1572): Soundpool could not load file: /system/media/audio/ui/Effect_Tick.ogg
E/SoundPool( 1572): error loading /system/media/audio/ui/Effect_Tick.ogg
W/AudioService( 1572): Soundpool could not load file: /system/media/audio/ui/Effect_Tick.ogg
E/SoundPool( 1572): error loading /system/media/audio/ui/Effect_Tick.ogg
W/AudioService( 1572): Soundpool could not load file: /system/media/audio/ui/Effect_Tick.ogg
E/SoundPool( 1572): error loading /system/media/audio/ui/Effect_Tick.ogg
W/AudioService( 1572): Soundpool could not load file: /system/media/audio/ui/Effect_Tick.ogg
E/SoundPool( 1572): error loading /system/media/audio/ui/KeypressStandard.ogg
W/AudioService( 1572): Soundpool could not load file: /system/media/audio/ui/KeypressStandard.ogg
E/SoundPool( 1572): error loading /system/media/audio/ui/KeypressSpacebar.ogg
W/AudioService( 1572): Soundpool could not load file: /system/media/audio/ui/KeypressSpacebar.ogg
E/SoundPool( 1572): error loading /system/media/audio/ui/KeypressDelete.ogg
W/AudioService( 1572): Soundpool could not load file: /system/media/audio/ui/KeypressDelete.ogg
E/SoundPool( 1572): error loading /system/media/audio/ui/KeypressReturn.ogg
W/AudioService( 1572): Soundpool could not load file: /system/media/audio/ui/KeypressReturn.ogg
E/SoundPool( 1572): error loading /system/media/audio/ui/KeypressInvalid.ogg
W/AudioService( 1572): Soundpool could not load file: /system/media/audio/ui/KeypressInvalid.ogg
W/AudioService( 1572): onLoadSoundEffects(), Error -1 while loading samples
D/dalvikvm( 1960): GC_FOR_ALLOC freed 19K, 22% free 25010K/31764K, paused 3ms, total 3ms
D/EGL_emulation( 1960): eglMakeCurrent: 0xb8dc6fd0: ver 3 0
E/EGL_emulation( 1960): tid 1960: eglSurfaceAttrib(1199): error 0x3009 (EGL_BAD_MATCH)
W/HardwareRenderer( 1960): Backbuffer cannot be preserved
D/EGL_emulation( 1960): eglMakeCurrent: 0xb8dc6fd0: ver 3 0
D/EGL_emulation( 1960): eglMakeCurrent: 0xb8dc6fd0: ver 3 0
D/AndroidRuntime( 3056): 
D/AndroidRuntime( 3056): >>>>>> AndroidRuntime START com.android.internal.os.RuntimeInit <<<<<<
W/linker  ( 3056): libdvm.so has text relocations. This is wasting memory and is a security risk. Please fix.
D/AndroidRuntime( 3056): CheckJNI is ON
D/dalvikvm( 3056): Trying to load lib libjavacore.so 0x0
D/dalvikvm( 3056): Added shared lib libjavacore.so 0x0
D/dalvikvm( 3056): Trying to load lib libnativehelper.so 0x0
D/dalvikvm( 3056): Added shared lib libnativehelper.so 0x0
D/dalvikvm( 3056): No JNI_OnLoad found in libnativehelper.so 0x0, skipping init
D/dalvikvm( 3056): Note: class Landroid/app/ActivityManagerNative; has 179 unimplemented (abstract) methods
E/memtrack( 3056): Couldn't load memtrack module (No such file or directory)
E/android.os.Debug( 3056): failed to load memtrack module: -2
D/AndroidRuntime( 3056): Calling main entry com.android.commands.pm.Pm
W/ActivityManager( 1572): No content provider found for permission revoke: file:///sdcard/aut.apk
W/ActivityManager( 1572): No content provider found for permission revoke: file:///sdcard/aut.apk
I/PackageManager( 1572): Copying native libraries to /data/app-lib/vmdl-1135942973
D/dalvikvm( 1572): GC_FOR_ALLOC freed 1004K, 46% free 8019K/14696K, paused 7ms, total 7ms
D/ConnectivityService( 1572): [CheckMp] isMobileOk: not connected ni=NetworkInfo: type: mobile_hipri[LTE], state: DISCONNECTED/IDLE, reason: (unspecified), extra: (none), roaming: false, failover: false, isAvailable: true, isConnectedToProvisioningNetwork: false
D/dalvikvm( 1572): GC_FOR_ALLOC freed 746K, 42% free 8534K/14696K, paused 6ms, total 6ms
D/dalvikvm( 1572): GC_FOR_ALLOC freed 1428K, 43% free 8495K/14696K, paused 7ms, total 7ms
D/dalvikvm( 1572): GC_FOR_ALLOC freed 1368K, 43% free 8505K/14696K, paused 6ms, total 6ms
D/dalvikvm( 1572): GC_FOR_ALLOC freed 1368K, 43% free 8514K/14696K, paused 7ms, total 7ms
D/dalvikvm( 1572): GC_FOR_ALLOC freed 1371K, 43% free 8522K/14696K, paused 6ms, total 7ms
