E/android.os.Debug(11478): failed to load memtrack module: -2
D/AndroidRuntime(11478): Calling main entry com.android.commands.pm.Pm
D/AndroidRuntime(11402): Shutting down VM
D/dalvikvm(11402): GC_CONCURRENT freed 96K, 15% free 557K/656K, paused 0ms+0ms, total 0ms
I/ActivityManager( 1568): Force stopping player.efis.data.zar.aus appid=10110 user=0: clear data
I/ActivityManager( 1568): Killing 11413:player.efis.data.zar.aus/u0a110 (adj 0): stop player.efis.data.zar.aus
W/ActivityManager( 1568): Crash of app player.efis.data.zar.aus running instrumentation ComponentInfo{it.unina.android.ripper/android.test.InstrumentationTestRunner}
I/GeofencerStateMachine( 1779): removeGeofences: removeRequest=RemoveGeofencingRequest[REMOVE_ALL packageName=player.efis.data.zar.aus]
D/Documents( 3202): Used cached roots for com.android.providers.downloads.documents
D/Documents( 3202): Used cached roots for com.android.externalstorage.documents
D/Documents( 3202): Used cached roots for com.android.providers.media.documents
D/Documents( 3202): Update found 6 roots in 1ms
D/keystore( 1148): calling clear_uid in state: 3
I/ActivityManager( 1568): Force stopping player.efis.data.zar.aus appid=10110 user=0: finished inst
D/AndroidRuntime(11478): Shutting down VM
D/dalvikvm(11478): GC_CONCURRENT freed 92K, 15% free 549K/644K, paused 0ms+0ms, total 0ms
I/Fitness ( 1779): FitCleanupIntentOperation received Intent android.intent.action.PACKAGE_DATA_CLEARED [CONTEXT service_id=17 ]
D/dalvikvm( 2087): GC_FOR_ALLOC freed 2166K, 13% free 21356K/24356K, paused 20ms, total 21ms
I/Icing   ( 2087): doRemovePackageData player.efis.data.zar.aus
D/AndroidRuntime(11503): 
D/AndroidRuntime(11503): >>>>>> AndroidRuntime START com.android.internal.os.RuntimeInit <<<<<<
W/linker  (11503): libdvm.so has text relocations. This is wasting memory and is a security risk. Please fix.
D/AndroidRuntime(11503): CheckJNI is ON
D/dalvikvm(11503): Trying to load lib libjavacore.so 0x0
D/dalvikvm(11503): Added shared lib libjavacore.so 0x0
D/dalvikvm(11503): Trying to load lib libnativehelper.so 0x0
D/dalvikvm(11503): Added shared lib libnativehelper.so 0x0
D/dalvikvm(11503): No JNI_OnLoad found in libnativehelper.so 0x0, skipping init
D/dalvikvm(11503): Note: class Landroid/app/ActivityManagerNative; has 179 unimplemented (abstract) methods
E/memtrack(11503): Couldn't load memtrack module (No such file or directory)
E/android.os.Debug(11503): failed to load memtrack module: -2
D/AndroidRuntime(11503): Calling main entry com.android.commands.pm.Pm
I/ActivityManager( 1568): Force stopping player.efis.data.zar.aus appid=10110 user=-1: uninstall pkg
W/PackageManager( 1568): Couldn't delete native library directory /data/app-lib/player.efis.data.zar.aus
D/dalvikvm( 1568): GC_FOR_ALLOC freed 1649K, 42% free 9865K/16748K, paused 7ms, total 7ms
D/keystore( 1148): calling clear_uid in state: 3
D/dalvikvm( 2214): GC_EXPLICIT freed 370K, 20% free 3445K/4284K, paused 0ms+0ms, total 2ms
D/dalvikvm( 2191): GC_EXPLICIT freed 215K, 19% free 3396K/4168K, paused 0ms+2ms, total 4ms
W/Launcher.Model( 2214): Nobody to tell about the new app.  Launcher is probably loading.
I/ActivityManager( 1568): Force stopping player.efis.data.zar.aus appid=10110 user=0: pkg removed
I/PackageManager( 1568):   Action: "android.intent.action.SENDTO"
I/PackageManager( 1568):   Category: "android.intent.category.DEFAULT"
I/PackageManager( 1568):   Scheme: "sms"
I/GeofencerStateMachine( 1779): removeGeofences: removeRequest=RemoveGeofencingRequest[REMOVE_ALL packageName=player.efis.data.zar.aus]
I/InputReader( 1568): Reconfiguring input devices.  changes=0x00000010
D/VoicemailCleanupService( 1861): Cleaning up data for package: player.efis.data.zar.aus
I/PackageManager( 1568): Adding preferred activity ComponentInfo{com.android.mms/com.android.mms.ui.ComposeMessageActivity} for user 0 :
D/dalvikvm( 1820): GC_FOR_ALLOC freed 469K, 18% free 3604K/4392K, paused 2ms, total 2ms
I/PackageManager( 1568):   Action: "android.intent.action.SENDTO"
I/PackageManager( 1568):   Category: "android.intent.category.DEFAULT"
I/PackageManager( 1568):   Scheme: "smsto"
D/Documents( 3202): Used cached roots for com.android.providers.downloads.documents
D/Documents( 3202): Used cached roots for com.android.externalstorage.documents
D/Documents( 3202): Used cached roots for com.android.providers.media.documents
D/Documents( 3202): Update found 6 roots in 10ms
D/dalvikvm( 1942): GC_EXPLICIT freed 248K, 52% free 23909K/48960K, paused 0ms+1ms, total 22ms
I/PackageManager( 1568): Adding preferred activity ComponentInfo{com.android.mms/com.android.mms.ui.ComposeMessageActivity} for user 0 :
I/PackageManager( 1568):   Action: "android.intent.action.SENDTO"
I/PackageManager( 1568):   Category: "android.intent.category.DEFAULT"
I/PackageManager( 1568):   Scheme: "mms"
I/PackageManager( 1568):   Action: "android.intent.action.SENDTO"
I/PackageManager( 1568):   Category: "android.intent.category.DEFAULT"
I/PackageManager( 1568):   Scheme: "mmsto"
D/BackupManagerService( 1568): Received broadcast Intent { act=android.intent.action.PACKAGE_REMOVED dat=package:player.efis.data.zar.aus flg=0x4000010 (has extras) }
V/BackupManagerService( 1568): removePackageParticipantsLocked: uid=10110 #1
I/PackageManager( 1568): Adding preferred activity ComponentInfo{com.android.mms/com.android.mms.ui.ComposeMessageActivity} for user 0 :
I/PackageManager( 1568): Adding preferred activity ComponentInfo{com.android.mms/com.android.mms.ui.ComposeMessageActivity} for user 0 :
I/PackageManager( 1568):   Action: "android.intent.action.SENDTO"
I/PackageManager( 1568):   Category: "android.intent.category.DEFAULT"
I/PackageManager( 1568):   Scheme: "sms"
I/PackageManager( 1568): Adding preferred activity ComponentInfo{com.android.mms/com.android.mms.ui.ComposeMessageActivity} for user 0 :
D/dalvikvm( 1820): GC_FOR_ALLOC freed 397K, 17% free 3669K/4392K, paused 2ms, total 2ms
I/PackageManager( 1568):   Action: "android.intent.action.SENDTO"
I/PackageManager( 1568):   Category: "android.intent.category.DEFAULT"
I/PackageManager( 1568):   Scheme: "smsto"
I/PackageManager( 1568): Adding preferred activity ComponentInfo{com.android.mms/com.android.mms.ui.ComposeMessageActivity} for user 0 :
I/PackageManager( 1568):   Action: "android.intent.action.SENDTO"
I/PackageManager( 1568):   Category: "android.intent.category.DEFAULT"
I/PackageManager( 1568):   Scheme: "mms"
I/PackageManager( 1568):   Action: "android.intent.action.SENDTO"
I/PackageManager( 1568):   Category: "android.intent.category.DEFAULT"
I/PackageManager( 1568):   Scheme: "mmsto"
I/PackageManager( 1568): Adding preferred activity ComponentInfo{com.android.mms/com.android.mms.ui.ComposeMessageActivity} for user 0 :
I/PackageManager( 1568): Adding preferred activity ComponentInfo{com.android.mms/com.android.mms.ui.ComposeMessageActivity} for user 0 :
D/dalvikvm( 1568): GC_EXPLICIT freed 1551K, 41% free 9905K/16748K, paused 7ms+3ms, total 75ms
I/LatinIME:LogUtils( 1765): Dictionary info: dictionary = main:en ; version = 42 ; date = 1381226516
D/AndroidRuntime(11503): Shutting down VM
D/dalvikvm(11503): GC_CONCURRENT freed 92K, 15% free 549K/644K, paused 0ms+0ms, total 0ms
I/DownloadManager( 1845): Download 58 starting
W/DownloadManager( 1845): Aborting request for download 58: TYPE_DISALLOWED_BY_REQUESTOR
W/Launcher( 2214): setApplicationContext called twice! old=com.google.android.velvet.VelvetApplication@9d068aa0 new=com.google.android.velvet.VelvetApplication@9d068aa0
I/Fitness ( 1779): FitCleanupIntentOperation received Intent android.intent.action.PACKAGE_REMOVED [CONTEXT service_id=17 ]
W/ContextImpl( 3255): Calling a method in the system process without a qualified user: android.app.ContextImpl.startService:1479 android.content.ContextWrapper.startService:494 android.content.ContextWrapper.startService:494 com.android.keychain.KeyChainBroadcastReceiver.onReceive:12 android.app.ActivityThread.handleReceiver:2419 
I/Icing.InternalIcingCorporaProvider( 2191): Updating corpora: A: player.efis.data.zar.aus, C: MAYBE
I/DownloadManager( 1845): Download 58 finished with status WAITING_FOR_NETWORK
D/dalvikvm( 3202): GC_FOR_ALLOC freed 504K, 19% free 3092K/3800K, paused 2ms, total 2ms
W/ContextImpl( 2191): Implicit intents with startService are not safe: Intent { act=com.google.android.gms.icing.INDEX_SERVICE } android.content.ContextWrapper.bindService:517 com.google.android.gms.internal.av.a:-1 com.google.android.gms.internal.au.connect:-1 
I/Icing   ( 2087): doRemovePackageData player.efis.data.zar.aus
I/Icing   ( 2087): IndexChimeraService.getServiceInterface callingPackage=com.google.android.googlequicksearchbox componentName=null serviceId=21
I/Icing   ( 2087): IndexChimeraService.getServiceInterface callingPackage=com.google.android.gms componentName=AppsCorpus serviceId=36
W/Icing   ( 2087): No valid account for uploading user actions
I/Icing   ( 2087): Usage reports ok 0, Failed Usage reports 0, indexed 0, rejected 0
W/Icing   ( 2087): No valid account for uploading user actions
I/Icing   ( 2087): Usage reports ok 0, Failed Usage reports 0, indexed 0, rejected 0
I/Icing   ( 2087): Indexing com.google.android.gms-internal.3p:MobileApplication from com.google.android.gms
I/Icing   ( 2087): Indexing com.google.android.googlequicksearchbox-applications from com.google.android.googlequicksearchbox
I/Icing   ( 2087): Indexing com.google.android.gms-apps from com.google.android.gms
I/Icing   ( 2087): Indexing done com.google.android.gms-internal.3p:MobileApplication
I/Icing   ( 2087): Indexing done com.google.android.googlequicksearchbox-applications
I/Icing   ( 2087): Indexing done com.google.android.gms-apps
D/AndroidRuntime(11528): 
D/AndroidRuntime(11528): >>>>>> AndroidRuntime START com.android.internal.os.RuntimeInit <<<<<<
W/linker  (11528): libdvm.so has text relocations. This is wasting memory and is a security risk. Please fix.
D/AndroidRuntime(11528): CheckJNI is ON
D/dalvikvm(11528): Trying to load lib libjavacore.so 0x0
D/dalvikvm(11528): Added shared lib libjavacore.so 0x0
D/dalvikvm(11528): Trying to load lib libnativehelper.so 0x0
D/dalvikvm(11528): Added shared lib libnativehelper.so 0x0
D/dalvikvm(11528): No JNI_OnLoad found in libnativehelper.so 0x0, skipping init
D/dalvikvm(11528): Note: class Landroid/app/ActivityManagerNative; has 179 unimplemented (abstract) methods
E/memtrack(11528): Couldn't load memtrack module (No such file or directory)
E/android.os.Debug(11528): failed to load memtrack module: -2
D/AndroidRuntime(11528): Calling main entry com.android.commands.pm.Pm
D/AndroidRuntime(11528): Shutting down VM
D/dalvikvm(11528): GC_CONCURRENT freed 93K, 15% free 557K/652K, paused 0ms+0ms, total 0ms
D/AndroidRuntime(11539): 
D/AndroidRuntime(11539): >>>>>> AndroidRuntime START com.android.internal.os.RuntimeInit <<<<<<
W/linker  (11539): libdvm.so has text relocations. This is wasting memory and is a security risk. Please fix.
D/AndroidRuntime(11539): CheckJNI is ON
D/dalvikvm(11539): Trying to load lib libjavacore.so 0x0
D/dalvikvm(11539): Added shared lib libjavacore.so 0x0
D/dalvikvm(11539): Trying to load lib libnativehelper.so 0x0
D/dalvikvm(11539): Added shared lib libnativehelper.so 0x0
D/dalvikvm(11539): No JNI_OnLoad found in libnativehelper.so 0x0, skipping init
D/dalvikvm(11539): Note: class Landroid/app/ActivityManagerNative; has 179 unimplemented (abstract) methods
E/memtrack(11539): Couldn't load memtrack module (No such file or directory)
E/android.os.Debug(11539): failed to load memtrack module: -2
D/AndroidRuntime(11539): Calling main entry com.android.commands.pm.Pm
D/keystore( 1148): calling clear_uid in state: 3
D/Documents( 3202): Used cached roots for com.android.providers.downloads.documents
D/Documents( 3202): Used cached roots for com.android.externalstorage.documents
D/Documents( 3202): Used cached roots for com.android.providers.media.documents
D/Documents( 3202): Update found 6 roots in 0ms
I/GeofencerStateMachine( 1779): removeGeofences: removeRequest=RemoveGeofencingRequest[REMOVE_ALL packageName=it.unina.android.ripper]
I/Fitness ( 1779): FitCleanupIntentOperation received Intent android.intent.action.PACKAGE_DATA_CLEARED [CONTEXT service_id=17 ]
I/ActivityManager( 1568): Force stopping it.unina.android.ripper appid=10111 user=0: clear data
I/Icing   ( 2087): doRemovePackageData it.unina.android.ripper
D/AndroidRuntime(11539): Shutting down VM
D/dalvikvm(11539): GC_CONCURRENT freed 92K, 15% free 549K/644K, paused 0ms+0ms, total 1ms
D/dalvikvm( 1779): GC_FOR_ALLOC freed 2047K, 26% free 9822K/13176K, paused 12ms, total 12ms
D/AndroidRuntime(11555): 
D/AndroidRuntime(11555): >>>>>> AndroidRuntime START com.android.internal.os.RuntimeInit <<<<<<
W/linker  (11555): libdvm.so has text relocations. This is wasting memory and is a security risk. Please fix.
D/AndroidRuntime(11555): CheckJNI is ON
D/dalvikvm(11555): Trying to load lib libjavacore.so 0x0
D/dalvikvm(11555): Added shared lib libjavacore.so 0x0
D/dalvikvm(11555): Trying to load lib libnativehelper.so 0x0
D/dalvikvm(11555): Added shared lib libnativehelper.so 0x0
D/dalvikvm(11555): No JNI_OnLoad found in libnativehelper.so 0x0, skipping init
D/dalvikvm(11555): Note: class Landroid/app/ActivityManagerNative; has 179 unimplemented (abstract) methods
E/memtrack(11555): Couldn't load memtrack module (No such file or directory)
E/android.os.Debug(11555): failed to load memtrack module: -2
D/AndroidRuntime(11555): Calling main entry com.android.commands.pm.Pm
I/ActivityManager( 1568): Force stopping it.unina.android.ripper appid=10111 user=-1: uninstall pkg
W/PackageManager( 1568): Couldn't delete native library directory /data/app-lib/it.unina.android.ripper
D/keystore( 1148): calling clear_uid in state: 3
I/ActivityManager( 1568): Force stopping it.unina.android.ripper appid=10111 user=0: pkg removed
W/Launcher.Model( 2214): Nobody to tell about the new app.  Launcher is probably loading.
I/GeofencerStateMachine( 1779): removeGeofences: removeRequest=RemoveGeofencingRequest[REMOVE_ALL packageName=it.unina.android.ripper]
I/PackageManager( 1568):   Action: "android.intent.action.SENDTO"
I/PackageManager( 1568):   Category: "android.intent.category.DEFAULT"
I/PackageManager( 1568):   Scheme: "sms"
I/PackageManager( 1568): Adding preferred activity ComponentInfo{com.android.mms/com.android.mms.ui.ComposeMessageActivity} for user 0 :
D/Documents( 3202): Used cached roots for com.android.providers.downloads.documents
D/Documents( 3202): Used cached roots for com.android.externalstorage.documents
D/Documents( 3202): Used cached roots for com.android.providers.media.documents
D/Documents( 3202): Update found 6 roots in 8ms
D/dalvikvm( 1820): GC_FOR_ALLOC freed 473K, 18% free 3604K/4392K, paused 2ms, total 4ms
I/InputReader( 1568): Reconfiguring input devices.  changes=0x00000010
I/PackageManager( 1568):   Action: "android.intent.action.SENDTO"
I/PackageManager( 1568):   Category: "android.intent.category.DEFAULT"
I/PackageManager( 1568):   Scheme: "smsto"
I/PackageManager( 1568): Adding preferred activity ComponentInfo{com.android.mms/com.android.mms.ui.ComposeMessageActivity} for user 0 :
D/VoicemailCleanupService( 1861): Cleaning up data for package: it.unina.android.ripper
I/PackageManager( 1568):   Action: "android.intent.action.SENDTO"
I/PackageManager( 1568):   Category: "android.intent.category.DEFAULT"
I/PackageManager( 1568):   Scheme: "mms"
I/PackageManager( 1568):   Action: "android.intent.action.SENDTO"
I/PackageManager( 1568):   Category: "android.intent.category.DEFAULT"
I/PackageManager( 1568):   Scheme: "mmsto"
I/PackageManager( 1568): Adding preferred activity ComponentInfo{com.android.mms/com.android.mms.ui.ComposeMessageActivity} for user 0 :
I/PackageManager( 1568): Adding preferred activity ComponentInfo{com.android.mms/com.android.mms.ui.ComposeMessageActivity} for user 0 :
I/PackageManager( 1568):   Action: "android.intent.action.SENDTO"
I/PackageManager( 1568):   Category: "android.intent.category.DEFAULT"
I/PackageManager( 1568):   Scheme: "sms"
D/BackupManagerService( 1568): Received broadcast Intent { act=android.intent.action.PACKAGE_REMOVED dat=package:it.unina.android.ripper flg=0x4000010 (has extras) }
V/BackupManagerService( 1568): removePackageParticipantsLocked: uid=10111 #1
I/PackageManager( 1568): Adding preferred activity ComponentInfo{com.android.mms/com.android.mms.ui.ComposeMessageActivity} for user 0 :
D/dalvikvm( 1820): GC_FOR_ALLOC freed 397K, 17% free 3669K/4392K, paused 3ms, total 3ms
I/PackageManager( 1568):   Action: "android.intent.action.SENDTO"
I/PackageManager( 1568):   Category: "android.intent.category.DEFAULT"
I/PackageManager( 1568):   Scheme: "smsto"
I/PackageManager( 1568): Adding preferred activity ComponentInfo{com.android.mms/com.android.mms.ui.ComposeMessageActivity} for user 0 :
D/dalvikvm( 1568): GC_EXPLICIT freed 1400K, 41% free 9933K/16748K, paused 1ms+2ms, total 54ms
D/AndroidRuntime(11555): Shutting down VM
D/dalvikvm(11555): GC_CONCURRENT freed 92K, 15% free 549K/644K, paused 0ms+0ms, total 1ms
I/PackageManager( 1568):   Action: "android.intent.action.SENDTO"
I/PackageManager( 1568):   Category: "android.intent.category.DEFAULT"
I/PackageManager( 1568):   Scheme: "mms"
I/PackageManager( 1568):   Action: "android.intent.action.SENDTO"
I/PackageManager( 1568):   Category: "android.intent.category.DEFAULT"
I/PackageManager( 1568):   Scheme: "mmsto"
I/PackageManager( 1568): Adding preferred activity ComponentInfo{com.android.mms/com.android.mms.ui.ComposeMessageActivity} for user 0 :
I/PackageManager( 1568): Adding preferred activity ComponentInfo{com.android.mms/com.android.mms.ui.ComposeMessageActivity} for user 0 :
D/dalvikvm( 1942): GC_FOR_ALLOC freed 7096K, 49% free 18861K/36836K, paused 5ms, total 7ms
I/LatinIME:LogUtils( 1765): Dictionary info: dictionary = main:en ; version = 42 ; date = 1381226516
I/DownloadManager( 1845): Download 59 starting
W/DownloadManager( 1845): Aborting request for download 59: TYPE_DISALLOWED_BY_REQUESTOR
I/DownloadManager( 1845): Download 59 finished with status WAITING_FOR_NETWORK
W/Launcher( 2214): setApplicationContext called twice! old=com.google.android.velvet.VelvetApplication@9d068aa0 new=com.google.android.velvet.VelvetApplication@9d068aa0
I/Fitness ( 1779): FitCleanupIntentOperation received Intent android.intent.action.PACKAGE_REMOVED [CONTEXT service_id=17 ]
W/ContextImpl( 3255): Calling a method in the system process without a qualified user: android.app.ContextImpl.startService:1479 android.content.ContextWrapper.startService:494 android.content.ContextWrapper.startService:494 com.android.keychain.KeyChainBroadcastReceiver.onReceive:12 android.app.ActivityThread.handleReceiver:2419 
I/Icing.InternalIcingCorporaProvider( 2191): Updating corpora: A: it.unina.android.ripper, C: MAYBE
I/Icing   ( 2087): doRemovePackageData it.unina.android.ripper
D/dalvikvm( 2087): GC_FOR_ALLOC freed 1968K, 12% free 21436K/24356K, paused 19ms, total 19ms
I/Icing   ( 2087): Indexing com.google.android.gms-apps from com.google.android.gms
I/Icing   ( 2087): IndexChimeraService.getServiceInterface callingPackage=com.google.android.googlequicksearchbox componentName=null serviceId=21
W/Icing.InternalIcingCorporaProvider( 2191): Application table change notification failed.
I/Icing   ( 2087): Indexing done com.google.android.gms-apps
W/Icing   ( 2087): No valid account for uploading user actions
I/Icing   ( 2087): Usage reports ok 0, Failed Usage reports 0, indexed 0, rejected 0
D/AndroidRuntime(11582): 
D/AndroidRuntime(11582): >>>>>> AndroidRuntime START com.android.internal.os.RuntimeInit <<<<<<
W/linker  (11582): libdvm.so has text relocations. This is wasting memory and is a security risk. Please fix.
D/AndroidRuntime(11582): CheckJNI is ON
D/dalvikvm(11582): Trying to load lib libjavacore.so 0x0
D/dalvikvm(11582): Added shared lib libjavacore.so 0x0
D/dalvikvm(11582): Trying to load lib libnativehelper.so 0x0
D/dalvikvm(11582): Added shared lib libnativehelper.so 0x0
D/dalvikvm(11582): No JNI_OnLoad found in libnativehelper.so 0x0, skipping init
D/dalvikvm(11582): Note: class Landroid/app/ActivityManagerNative; has 179 unimplemented (abstract) methods
E/memtrack(11582): Couldn't load memtrack module (No such file or directory)
E/android.os.Debug(11582): failed to load memtrack module: -2
D/AndroidRuntime(11582): Calling main entry com.android.commands.pm.Pm
W/ActivityManager( 1568): No content provider found for permission revoke: file:///sdcard/aut.apk
W/ActivityManager( 1568): No content provider found for permission revoke: file:///sdcard/aut.apk
I/PackageManager( 1568): Copying native libraries to /data/app-lib/vmdl-1335353562
D/dalvikvm( 1942): GC_FOR_ALLOC freed 1090K, 47% free 19666K/36836K, paused 3ms, total 4ms
D/dalvikvm( 1942): GC_FOR_ALLOC freed 124K, 42% free 21482K/36836K, paused 4ms, total 4ms
D/dalvikvm( 1942): GC_FOR_ALLOC freed 143K, 37% free 23368K/36836K, paused 2ms, total 2ms
I/PackageManager( 1568): Running dexopt on: player.efis.data.zar.aus
W/linker  (11594): libdvm.so has text relocations. This is wasting memory and is a security risk. Please fix.
D/dalvikvm(11594): DexOpt: load 0ms, verify+opt 2ms, 289596 bytes
I/ActivityManager( 1568): Force stopping player.efis.data.zar.aus appid=10112 user=-1: update pkg
I/InputReader( 1568): Reconfiguring input devices.  changes=0x00000010
W/Launcher.Model( 2214): Nobody to tell about the new app.  Launcher is probably loading.
I/PackageManager( 1568):   Action: "android.intent.action.SENDTO"
I/PackageManager( 1568):   Category: "android.intent.category.DEFAULT"
I/PackageManager( 1568):   Scheme: "sms"
I/PackageManager( 1568): Adding preferred activity ComponentInfo{com.android.mms/com.android.mms.ui.ComposeMessageActivity} for user 0 :
D/Documents( 3202): Used cached roots for com.android.providers.downloads.documents
D/dalvikvm( 1820): GC_FOR_ALLOC freed 464K, 18% free 3602K/4392K, paused 2ms, total 4ms
D/Documents( 3202): Used cached roots for com.android.externalstorage.documents
I/PackageManager( 1568):   Action: "android.intent.action.SENDTO"
I/PackageManager( 1568):   Category: "android.intent.category.DEFAULT"
I/PackageManager( 1568):   Scheme: "smsto"
I/PackageManager( 1568): Adding preferred activity ComponentInfo{com.android.mms/com.android.mms.ui.ComposeMessageActivity} for user 0 :
D/Documents( 3202): Used cached roots for com.android.providers.media.documents
D/Documents( 3202): Update found 6 roots in 18ms
W/GCM     ( 1779): Unexpected forwarded intent: Intent { act=android.intent.action.PACKAGE_ADDED dat=package:player.efis.data.zar.aus flg=0x4000010 cmp=com.google.android.gms/.chimera.PersistentIntentOperationService (has extras) }
I/Auth    ( 2087): [SupervisedAccountIntentOperation] onHandleIntent(): android.intent.action.PACKAGE_ADDED
D/BackupManagerService( 1568): Received broadcast Intent { act=android.intent.action.PACKAGE_ADDED dat=package:player.efis.data.zar.aus flg=0x4000010 (has extras) }
V/BackupManagerService( 1568): addPackageParticipantsLocked: #1
I/ChromeSync( 2087): [Sync,SyncIntentOperation] Handling the intent: Intent { act=android.intent.action.PACKAGE_ADDED dat=package:player.efis.data.zar.aus flg=0x4000010 cmp=com.google.android.gms/.chimera.GmsIntentOperationService (has extras) }.
I/PackageManager( 1568):   Action: "android.intent.action.SENDTO"
I/PackageManager( 1568):   Category: "android.intent.category.DEFAULT"
I/PackageManager( 1568):   Scheme: "mms"
W/GCM     ( 1779): Unexpected forwarded intent: Intent { act=android.intent.action.PACKAGE_ADDED dat=package:player.efis.data.zar.aus flg=0x4000010 cmp=com.google.android.gms/.chimera.PersistentIntentOperationService (has extras) }
I/PackageManager( 1568): Adding preferred activity ComponentInfo{com.android.mms/com.android.mms.ui.ComposeMessageActivity} for user 0 :
I/Icing.InternalIcingCorporaProvider( 2191): Updating corpora: A: player.efis.data.zar.aus, C: MAYBE
D/dalvikvm( 1568): GC_EXPLICIT freed 1693K, 41% free 9981K/16748K, paused 1ms+1ms, total 46ms
D/dalvikvm( 1568): WAIT_FOR_CONCURRENT_GC blocked 13ms
D/dalvikvm( 1568): WAIT_FOR_CONCURRENT_GC blocked 11ms
D/dalvikvm( 1568): WAIT_FOR_CONCURRENT_GC blocked 11ms
D/dalvikvm( 1568): WAIT_FOR_CONCURRENT_GC blocked 11ms
D/dalvikvm( 1568): WAIT_FOR_CONCURRENT_GC blocked 11ms
D/dalvikvm( 1568): WAIT_FOR_CONCURRENT_GC blocked 10ms
D/dalvikvm( 1568): WAIT_FOR_CONCURRENT_GC blocked 13ms
I/PackageManager( 1568):   Action: "android.intent.action.SENDTO"
I/PackageManager( 1568):   Category: "android.intent.category.DEFAULT"
I/PackageManager( 1568):   Scheme: "mmsto"
I/FontLog ( 2087): Package player.efis.data.zar.aus has no metadata [CONTEXT service_id=132 ]
E/GmsClient( 2087): unable to connect to service: com.google.android.gms.auth.key.retrieval.service.START on com.google.android.gms
W/ActivityManager( 1568): Unable to start service Intent { act=com.google.android.gms.auth.key.retrieval.service.START pkg=com.google.android.gms } U=0: not found
I/PackageManager( 1568): Adding preferred activity ComponentInfo{com.android.mms/com.android.mms.ui.ComposeMessageActivity} for user 0 :
W/ActivityManager( 1568): Unbind failed: could not find connection for android.os.BinderProxy@9db9c8d0
D/AndroidRuntime(11582): Shutting down VM
D/dalvikvm(11582): GC_CONCURRENT freed 93K, 15% free 552K/648K, paused 0ms+0ms, total 0ms
I/ChromeSync( 2087): [Persistence,AffiliationManager] One of affiliation or grouping data for android://KSmUCdTXmQS-j9D_O8l1jvyu41Pjn2mc5cb0Gvx1e9H1Aj4JCzHs_uTW26nbtH65K-YfijtBsQxGp-8R6k6HFg==@player.efis.data.zar.aus/ was not found. Marking affiliation data as stale...
I/PackageManager( 1568):   Action: "android.intent.action.SENDTO"
I/PackageManager( 1568):   Category: "android.intent.category.DEFAULT"
I/PackageManager( 1568):   Scheme: "sms"
I/PackageManager( 1568): Adding preferred activity ComponentInfo{com.android.mms/com.android.mms.ui.ComposeMessageActivity} for user 0 :
D/dalvikvm( 1820): GC_FOR_ALLOC freed 404K, 17% free 3669K/4392K, paused 2ms, total 3ms
I/PackageManager( 1568):   Action: "android.intent.action.SENDTO"
I/PackageManager( 1568):   Category: "android.intent.category.DEFAULT"
I/PackageManager( 1568):   Scheme: "smsto"
I/PackageManager( 1568): Adding preferred activity ComponentInfo{com.android.mms/com.android.mms.ui.ComposeMessageActivity} for user 0 :
I/PackageManager( 1568):   Action: "android.intent.action.SENDTO"
I/PackageManager( 1568):   Category: "android.intent.category.DEFAULT"
I/PackageManager( 1568):   Scheme: "mms"
I/PackageManager( 1568):   Action: "android.intent.action.SENDTO"
I/PackageManager( 1568):   Category: "android.intent.category.DEFAULT"
I/PackageManager( 1568):   Scheme: "mmsto"
I/PackageManager( 1568): Adding preferred activity ComponentInfo{com.android.mms/com.android.mms.ui.ComposeMessageActivity} for user 0 :
I/PackageManager( 1568): Adding preferred activity ComponentInfo{com.android.mms/com.android.mms.ui.ComposeMessageActivity} for user 0 :
I/Icing   ( 2087): IndexChimeraService.getServiceInterface callingPackage=com.google.android.googlequicksearchbox componentName=null serviceId=21
W/Icing   ( 2087): No valid account for uploading user actions
I/Icing   ( 2087): Usage reports ok 0, Failed Usage reports 0, indexed 0, rejected 0
I/Icing   ( 2087): Indexing com.google.android.gms-apps from com.google.android.gms
I/Icing   ( 2087): Indexing com.google.android.googlequicksearchbox-applications from com.google.android.googlequicksearchbox
I/Icing   ( 2087): Indexing done com.google.android.gms-apps
I/Icing   ( 2087): Indexing done com.google.android.googlequicksearchbox-applications
I/Icing   ( 2087): Indexing com.google.android.gms-internal.3p:MobileApplication from com.google.android.gms
I/Icing   ( 2087): Indexing done com.google.android.gms-internal.3p:MobileApplication
D/dalvikvm( 1942): GC_FOR_ALLOC freed 5573K, 47% free 19821K/36836K, paused 4ms, total 4ms
D/AndroidRuntime(11604): 
D/AndroidRuntime(11604): >>>>>> AndroidRuntime START com.android.internal.os.RuntimeInit <<<<<<
W/linker  (11604): libdvm.so has text relocations. This is wasting memory and is a security risk. Please fix.
D/AndroidRuntime(11604): CheckJNI is ON
D/dalvikvm(11604): Trying to load lib libjavacore.so 0x0
D/dalvikvm(11604): Added shared lib libjavacore.so 0x0
D/dalvikvm(11604): Trying to load lib libnativehelper.so 0x0
D/dalvikvm(11604): Added shared lib libnativehelper.so 0x0
D/dalvikvm(11604): No JNI_OnLoad found in libnativehelper.so 0x0, skipping init
D/dalvikvm(11604): Note: class Landroid/app/ActivityManagerNative; has 179 unimplemented (abstract) methods
E/memtrack(11604): Couldn't load memtrack module (No such file or directory)
E/android.os.Debug(11604): failed to load memtrack module: -2
D/AndroidRuntime(11604): Calling main entry com.android.commands.pm.Pm
W/ActivityManager( 1568): No content provider found for permission revoke: file:///sdcard/ripper.apk
W/ActivityManager( 1568): No content provider found for permission revoke: file:///sdcard/ripper.apk
I/PackageManager( 1568): Copying native libraries to /data/app-lib/vmdl88206096
I/PackageParser( 1568): it.unina.android.ripper: compat added android.permission.WRITE_EXTERNAL_STORAGE android.permission.READ_PHONE_STATE
I/PackageManager( 1568): Running dexopt on: it.unina.android.ripper
W/linker  (11615): libdvm.so has text relocations. This is wasting memory and is a security risk. Please fix.
D/dalvikvm(11615): DexOpt: load 2ms, verify+opt 16ms, 936700 bytes
I/ActivityManager( 1568): Force stopping it.unina.android.ripper appid=10113 user=-1: update pkg
W/Launcher.Model( 2214): Nobody to tell about the new app.  Launcher is probably loading.
D/Documents( 3202): Used cached roots for com.android.providers.downloads.documents
D/Documents( 3202): Used cached roots for com.android.externalstorage.documents
D/Documents( 3202): Used cached roots for com.android.providers.media.documents
D/Documents( 3202): Update found 6 roots in 1ms
I/InputReader( 1568): Reconfiguring input devices.  changes=0x00000010
D/BackupManagerService( 1568): Received broadcast Intent { act=android.intent.action.PACKAGE_ADDED dat=package:it.unina.android.ripper flg=0x4000010 (has extras) }
D/dalvikvm( 1568): GC_EXPLICIT freed 1794K, 41% free 9939K/16748K, paused 0ms+1ms, total 17ms
D/dalvikvm( 1568): WAIT_FOR_CONCURRENT_GC blocked 10ms
D/dalvikvm( 1568): WAIT_FOR_CONCURRENT_GC blocked 10ms
D/dalvikvm( 1568): WAIT_FOR_CONCURRENT_GC blocked 9ms
D/dalvikvm( 1568): WAIT_FOR_CONCURRENT_GC blocked 11ms
I/PackageManager( 1568):   Action: "android.intent.action.SENDTO"
I/PackageManager( 1568):   Category: "android.intent.category.DEFAULT"
I/PackageManager( 1568):   Scheme: "sms"
V/BackupManagerService( 1568): addPackageParticipantsLocked: #1
I/PackageManager( 1568): Adding preferred activity ComponentInfo{com.android.mms/com.android.mms.ui.ComposeMessageActivity} for user 0 :
D/AndroidRuntime(11604): Shutting down VM
D/dalvikvm( 1820): GC_FOR_ALLOC freed 464K, 18% free 3604K/4392K, paused 1ms, total 1ms
D/dalvikvm(11604): GC_CONCURRENT freed 93K, 15% free 552K/648K, paused 0ms+0ms, total 1ms
I/PackageManager( 1568):   Action: "android.intent.action.SENDTO"
I/PackageManager( 1568):   Category: "android.intent.category.DEFAULT"
I/PackageManager( 1568):   Scheme: "smsto"
I/PackageManager( 1568): Adding preferred activity ComponentInfo{com.android.mms/com.android.mms.ui.ComposeMessageActivity} for user 0 :
W/GCM     ( 1779): Unexpected forwarded intent: Intent { act=android.intent.action.PACKAGE_ADDED dat=package:it.unina.android.ripper flg=0x4000010 cmp=com.google.android.gms/.chimera.PersistentIntentOperationService (has extras) }
I/PackageManager( 1568):   Action: "android.intent.action.SENDTO"
I/PackageManager( 1568):   Category: "android.intent.category.DEFAULT"
I/PackageManager( 1568):   Scheme: "mms"
W/GCM     ( 1779): Unexpected forwarded intent: Intent { act=android.intent.action.PACKAGE_ADDED dat=package:it.unina.android.ripper flg=0x4000010 cmp=com.google.android.gms/.chimera.PersistentIntentOperationService (has extras) }
I/PackageManager( 1568): Adding preferred activity ComponentInfo{com.android.mms/com.android.mms.ui.ComposeMessageActivity} for user 0 :
I/Auth    ( 2087): [SupervisedAccountIntentOperation] onHandleIntent(): android.intent.action.PACKAGE_ADDED
I/ChromeSync( 2087): [Sync,SyncIntentOperation] Handling the intent: Intent { act=android.intent.action.PACKAGE_ADDED dat=package:it.unina.android.ripper flg=0x4000010 cmp=com.google.android.gms/.chimera.GmsIntentOperationService (has extras) }.
I/FontLog ( 2087): Package it.unina.android.ripper has no metadata [CONTEXT service_id=132 ]
I/PackageManager( 1568):   Action: "android.intent.action.SENDTO"
I/PackageManager( 1568):   Category: "android.intent.category.DEFAULT"
I/PackageManager( 1568):   Scheme: "mmsto"
I/PackageManager( 1568): Adding preferred activity ComponentInfo{com.android.mms/com.android.mms.ui.ComposeMessageActivity} for user 0 :
I/Icing.InternalIcingCorporaProvider( 2191): Updating corpora: A: it.unina.android.ripper, C: MAYBE
I/ChromeSync( 2087): [Persistence,AffiliationManager] One of affiliation or grouping data for android://KSmUCdTXmQS-j9D_O8l1jvyu41Pjn2mc5cb0Gvx1e9H1Aj4JCzHs_uTW26nbtH65K-YfijtBsQxGp-8R6k6HFg==@it.unina.android.ripper/ was not found. Marking affiliation data as stale...
I/PackageManager( 1568):   Action: "android.intent.action.SENDTO"
I/PackageManager( 1568):   Category: "android.intent.category.DEFAULT"
I/PackageManager( 1568):   Scheme: "sms"
I/PackageManager( 1568): Adding preferred activity ComponentInfo{com.android.mms/com.android.mms.ui.ComposeMessageActivity} for user 0 :
D/dalvikvm( 1820): GC_FOR_ALLOC freed 395K, 17% free 3669K/4392K, paused 2ms, total 2ms
I/PackageManager( 1568):   Action: "android.intent.action.SENDTO"
I/PackageManager( 1568):   Category: "android.intent.category.DEFAULT"
I/PackageManager( 1568):   Scheme: "smsto"
I/PackageManager( 1568): Adding preferred activity ComponentInfo{com.android.mms/com.android.mms.ui.ComposeMessageActivity} for user 0 :
I/PackageManager( 1568):   Action: "android.intent.action.SENDTO"
I/PackageManager( 1568):   Category: "android.intent.category.DEFAULT"
I/PackageManager( 1568):   Scheme: "mms"
I/PackageManager( 1568): Adding preferred activity ComponentInfo{com.android.mms/com.android.mms.ui.ComposeMessageActivity} for user 0 :
I/PackageManager( 1568):   Action: "android.intent.action.SENDTO"
I/PackageManager( 1568):   Category: "android.intent.category.DEFAULT"
I/PackageManager( 1568):   Scheme: "mmsto"
I/PackageManager( 1568): Adding preferred activity ComponentInfo{com.android.mms/com.android.mms.ui.ComposeMessageActivity} for user 0 :
D/dalvikvm( 2087): GC_FOR_ALLOC freed 1974K, 12% free 21509K/24356K, paused 40ms, total 40ms
I/Icing   ( 2087): IndexChimeraService.getServiceInterface callingPackage=com.google.android.googlequicksearchbox componentName=null serviceId=21
W/Icing.InternalIcingCorporaProvider( 2191): Application table change notification failed.
W/Icing   ( 2087): No valid account for uploading user actions
I/Icing   ( 2087): Usage reports ok 0, Failed Usage reports 0, indexed 0, rejected 0
I/Icing   ( 2087): Indexing com.google.android.gms-apps from com.google.android.gms
I/Icing   ( 2087): Indexing done com.google.android.gms-apps
D/AndroidRuntime(11622): 
D/AndroidRuntime(11622): >>>>>> AndroidRuntime START com.android.internal.os.RuntimeInit <<<<<<
W/linker  (11622): libdvm.so has text relocations. This is wasting memory and is a security risk. Please fix.
D/AndroidRuntime(11622): CheckJNI is ON
D/dalvikvm(11622): Trying to load lib libjavacore.so 0x0
D/dalvikvm(11622): Added shared lib libjavacore.so 0x0
D/dalvikvm(11622): Trying to load lib libnativehelper.so 0x0
D/dalvikvm(11622): Added shared lib libnativehelper.so 0x0
D/dalvikvm(11622): No JNI_OnLoad found in libnativehelper.so 0x0, skipping init
D/dalvikvm(11622): Note: class Landroid/app/ActivityManagerNative; has 179 unimplemented (abstract) methods
D/dalvikvm( 1942): GC_FOR_ALLOC freed 1351K, 46% free 20238K/36836K, paused 4ms, total 4ms
E/memtrack(11622): Couldn't load memtrack module (No such file or directory)
E/android.os.Debug(11622): failed to load memtrack module: -2
D/dalvikvm( 1942): GC_FOR_ALLOC freed 147K, 41% free 22058K/36836K, paused 2ms, total 3ms
D/AndroidRuntime(11622): Calling main entry com.android.commands.am.Am
I/ActivityManager( 1568): Force stopping player.efis.data.zar.aus appid=10112 user=0: start instr
I/dalvikvm(11633): CheckJNI enabled: not enabling JNI app bug workarounds.
I/ActivityManager( 1568): Start proc player.efis.data.zar.aus for added application player.efis.data.zar.aus: pid=11633 uid=10112 gids={50112, 1028, 1015}
I/TestRunner(11633): started: testApplication(it.unina.android.ripper.RipperTestCase)
V/AndroidRipperService( 2828): register()
I/ActivityManager( 1568): START u0 {act=android.intent.action.MAIN flg=0x10000000 cmp=player.efis.data.zar.aus/player.efis.data.lib.EFISDataPac} from pid 11633
D/dalvikvm( 1568): GC_FOR_ALLOC freed 1687K, 41% free 9915K/16748K, paused 13ms, total 14ms
D/gralloc_ranchu( 1143): gralloc_alloc: Creating ashmem region of size 7753728
V/PhoneStatusBar( 1656): setLightsOn(true)
D/dalvikvm(11633): GC_FOR_ALLOC freed 84K, 9% free 3054K/3328K, paused 2ms, total 2ms
I/dalvikvm-heap(11633): Grow heap (frag case) to 16.782MB for 14280828-byte allocation
D/dalvikvm(11633): GC_FOR_ALLOC freed 0K, 2% free 17000K/17276K, paused 1ms, total 1ms
D/dalvikvm(11633): GC_CONCURRENT freed <1K, 2% free 17000K/17276K, paused 0ms+0ms, total 5ms
D/dalvikvm(11633): GC_FOR_ALLOC freed <1K, 2% free 17000K/17276K, paused 2ms, total 2ms
I/dalvikvm-heap(11633): Grow heap (frag case) to 30.400MB for 14280828-byte allocation
D/dalvikvm(11633): GC_CONCURRENT freed <1K, 1% free 30946K/31224K, paused 3ms+0ms, total 5ms
D/gralloc_ranchu( 1143): gralloc_alloc: Creating ashmem region of size 7753728
D/        (11633): HostConnection::get() New Host Connection established 0xb8708660, tid 11633
I/ActivityManager( 1568): Displayed player.efis.data.zar.aus/player.efis.data.lib.EFISDataPac: +219ms
E/dalvikvm(11633): Could not find class 'android.support.v4.app.FragmentActivity', referenced from method a.a.a.ag.c
W/dalvikvm(11633): VFY: unable to resolve check-cast 122 (Landroid/support/v4/app/FragmentActivity;) in La/a/a/ag;
D/dalvikvm(11633): VFY: replacing opcode 0x1f at 0x0008
I/dalvikvm(11633): Could not find method android.support.v4.app.FragmentActivity.getSupportFragmentManager, referenced from method a.a.a.ag.c
W/dalvikvm(11633): VFY: unable to resolve virtual method 750: Landroid/support/v4/app/FragmentActivity;.getSupportFragmentManager ()Landroid/support/v4/app/FragmentManager;
D/dalvikvm(11633): VFY: replacing opcode 0x6e at 0x000e
I/dalvikvm(11633): Could not find method android.support.v4.app.FragmentActivity.getSupportFragmentManager, referenced from method a.a.a.ag.c
W/dalvikvm(11633): VFY: unable to resolve virtual method 750: Landroid/support/v4/app/FragmentActivity;.getSupportFragmentManager ()Landroid/support/v4/app/FragmentManager;
D/dalvikvm(11633): VFY: replacing opcode 0x6e at 0x001a
W/dalvikvm(11633): VFY: unable to find class referenced in signature (Landroid/support/v4/app/Fragment;)
W/dalvikvm(11633): VFY: unable to find class referenced in signature (Landroid/support/v4/app/Fragment;)
D/EGL_emulation( 1942): eglMakeCurrent: 0xb87644c0: ver 3 0
I/AndroidRipper(11633): [RipperTestCase] Ready to operate after restarting...
I/ContentMaintenance( 2087): Internal cache bytes used: 0; limit: 39526809; download size: 0
I/RealtimeCacheCleanup( 2087): Beginning Realtime garbage collection.
I/RealtimeCacheCleanup( 2087): Finished Realtime garbage collection.
V/RipperService( 2828): PING
V/AndroidRipperService( 2828): mHandler.handleMessage() RECIVED
V/AndroidRipperService( 2828): broadcast()
I/AndroidRipper(11633): Recived message: PING
V/AndroidRipperService( 2828): broadcast() done
V/        ( 2828): ready
V/AndroidRipperService( 2828): send()
D/dalvikvm( 2828): GC_FOR_ALLOC freed 513K, 19% free 3086K/3788K, paused 2ms, total 2ms
V/RipperService( 2828): PING
V/AndroidRipperService( 2828): mHandler.handleMessage() RECIVED
V/AndroidRipperService( 2828): broadcast()
I/AndroidRipper(11633): Recived message: PING
V/AndroidRipperService( 2828): send()
V/AndroidRipperService( 2828): broadcast() done
V/        ( 2828): ready
V/RipperService( 2828): DSC
V/AndroidRipperService( 2828): mHandler.handleMessage() RECIVED
V/AndroidRipperService( 2828): broadcast()
V/AndroidRipperService( 2828): broadcast() done
V/        ( 2828): ready
I/AndroidRipper(11633): Recived message: DSC
I/AndroidRipper(11633): [b] Found widget: id=-1 (android.widget.LinearLayout{9d0693c0 V.E..... ......I. 0,0-1080,1794})
I/AndroidRipper(11633): [b] Found widget: id=16909070 (android.view.ViewStub{9d0689d8 G.E..... ......I. 0,0-0,0 #102030e})
I/AndroidRipper(11633): [b] Found widget: id=-1 (android.widget.FrameLayout{9d0627e0 V.E..... ......I. 0,66-1080,132})
I/AndroidRipper(11633): [b] Found widget: id=16908310 (android.widget.TextView{9d0727f0 V.ED.... ......I. 11,1-1069,62 #1020016 android:id/title})
I/AndroidRipper(11633): [b] Found widget: id=16908290 (android.widget.FrameLayout{9d06a8b0 V.E..... ......I. 0,132-1080,1794 #1020002 android:id/content})
I/AndroidRipper(11633): [b] Found widget: id=-1 (android.widget.LinearLayout{9d072508 V.E..... ......I. 0,0-1080,1662})
I/AndroidRipper(11633): [b] Found widget: id=-1 (android.widget.TextView{9d0703f8 V.ED.... ......I. 0,0-1080,268})
I/AndroidRipper(11633): [b] Found widget: id=-1 (android.widget.ImageView{9d05f028 V.ED.... ......I. 0,268-1080,1489})
I/AndroidRipper(11633): [b] Found widget: id=-1 (com.android.internal.policy.impl.PhoneWindow$DecorView{9d07cc10 V.E..... R.....I. 0,0-1080,1794})
V/AndroidRipperService( 2828): send()
V/RipperService( 2828): EVT
V/AndroidRipperService( 2828): mHandler.handleMessage() RECIVED
V/AndroidRipperService( 2828): broadcast()
I/AndroidRipper(11633): Recived message: EVT
V/RipperTestCase(11633): START_EVENT[56|1629041371762]
V/AndroidRipperService( 2828): broadcast() done
V/        ( 2828): ready
E/SoundPool( 1568): error loading /system/media/audio/ui/Effect_Tick.ogg
W/AudioService( 1568): Soundpool could not load file: /system/media/audio/ui/Effect_Tick.ogg
E/SoundPool( 1568): error loading /system/media/audio/ui/Effect_Tick.ogg
W/AudioService( 1568): Soundpool could not load file: /system/media/audio/ui/Effect_Tick.ogg
E/SoundPool( 1568): error loading /system/media/audio/ui/Effect_Tick.ogg
W/AudioService( 1568): Soundpool could not load file: /system/media/audio/ui/Effect_Tick.ogg
E/SoundPool( 1568): error loading /system/media/audio/ui/Effect_Tick.ogg
W/AudioService( 1568): Soundpool could not load file: /system/media/audio/ui/Effect_Tick.ogg
E/SoundPool( 1568): error loading /system/media/audio/ui/Effect_Tick.ogg
W/AudioService( 1568): Soundpool could not load file: /system/media/audio/ui/Effect_Tick.ogg
E/SoundPool( 1568): error loading /system/media/audio/ui/KeypressStandard.ogg
W/AudioService( 1568): Soundpool could not load file: /system/media/audio/ui/KeypressStandard.ogg
E/SoundPool( 1568): error loading /system/media/audio/ui/KeypressSpacebar.ogg
W/AudioService( 1568): Soundpool could not load file: /system/media/audio/ui/KeypressSpacebar.ogg
E/SoundPool( 1568): error loading /system/media/audio/ui/KeypressDelete.ogg
W/AudioService( 1568): Soundpool could not load file: /system/media/audio/ui/KeypressDelete.ogg
E/SoundPool( 1568): error loading /system/media/audio/ui/KeypressReturn.ogg
W/AudioService( 1568): Soundpool could not load file: /system/media/audio/ui/KeypressReturn.ogg
E/SoundPool( 1568): error loading /system/media/audio/ui/KeypressInvalid.ogg
W/AudioService( 1568): Soundpool could not load file: /system/media/audio/ui/KeypressInvalid.ogg
W/AudioService( 1568): onLoadSoundEffects(), Error -1 while loading samples
D/dalvikvm( 1568): GC_FOR_ALLOC freed 2388K, 45% free 9262K/16748K, paused 9ms, total 9ms
V/AndroidRipperService( 2828): send()
V/RipperTestCase(11633): END_EVENT[56|1629041372772]
V/RipperService( 2828): PING
V/AndroidRipperService( 2828): mHandler.handleMessage() RECIVED
V/AndroidRipperService( 2828): broadcast()
I/AndroidRipper(11633): Recived message: PING
V/AndroidRipperService( 2828): send()
V/AndroidRipperService( 2828): broadcast() done
V/        ( 2828): ready
D/dalvikvm( 2828): GC_FOR_ALLOC freed 508K, 19% free 3089K/3788K, paused 2ms, total 2ms
V/RipperService( 2828): DSC
V/AndroidRipperService( 2828): mHandler.handleMessage() RECIVED
V/AndroidRipperService( 2828): broadcast()
V/AndroidRipperService( 2828): broadcast() done
V/        ( 2828): ready
I/AndroidRipper(11633): Recived message: DSC
I/AndroidRipper(11633): [b] Found widget: id=-1 (android.widget.LinearLayout{9d0693c0 V.E..... ......I. 0,0-1080,1794})
I/AndroidRipper(11633): [b] Found widget: id=16909070 (android.view.ViewStub{9d0689d8 G.E..... ......I. 0,0-0,0 #102030e})
I/AndroidRipper(11633): [b] Found widget: id=-1 (android.widget.FrameLayout{9d0627e0 V.E..... ......I. 0,66-1080,132})
I/AndroidRipper(11633): [b] Found widget: id=16908310 (android.widget.TextView{9d0727f0 V.ED.... ......I. 11,1-1069,62 #1020016 android:id/title})
I/AndroidRipper(11633): [b] Found widget: id=16908290 (android.widget.FrameLayout{9d06a8b0 V.E..... ......I. 0,132-1080,1794 #1020002 android:id/content})
I/AndroidRipper(11633): [b] Found widget: id=-1 (android.widget.LinearLayout{9d072508 V.E..... ......I. 0,0-1080,1662})
I/AndroidRipper(11633): [b] Found widget: id=-1 (android.widget.TextView{9d0703f8 V.ED.... ......I. 0,0-1080,268})
I/AndroidRipper(11633): [b] Found widget: id=-1 (android.widget.ImageView{9d05f028 V.ED.... ......I. 0,268-1080,1489})
I/AndroidRipper(11633): [b] Found widget: id=-1 (com.android.internal.policy.impl.PhoneWindow$DecorView{9d07cc10 V.E..... R.....I. 0,0-1080,1794})
V/AndroidRipperService( 2828): send()
V/RipperService( 2828): EVT
V/AndroidRipperService( 2828): mHandler.handleMessage() RECIVED
V/AndroidRipperService( 2828): broadcast()
V/AndroidRipperService( 2828): broadcast() done
V/        ( 2828): ready
I/AndroidRipper(11633): Recived message: EVT
V/RipperTestCase(11633): START_EVENT[57|1629041372863]
E/SoundPool( 1568): error loading /system/media/audio/ui/Effect_Tick.ogg
W/AudioService( 1568): Soundpool could not load file: /system/media/audio/ui/Effect_Tick.ogg
E/SoundPool( 1568): error loading /system/media/audio/ui/Effect_Tick.ogg
W/AudioService( 1568): Soundpool could not load file: /system/media/audio/ui/Effect_Tick.ogg
E/SoundPool( 1568): error loading /system/media/audio/ui/Effect_Tick.ogg
W/AudioService( 1568): Soundpool could not load file: /system/media/audio/ui/Effect_Tick.ogg
E/SoundPool( 1568): error loading /system/media/audio/ui/Effect_Tick.ogg
W/AudioService( 1568): Soundpool could not load file: /system/media/audio/ui/Effect_Tick.ogg
E/SoundPool( 1568): error loading /system/media/audio/ui/Effect_Tick.ogg
W/AudioService( 1568): Soundpool could not load file: /system/media/audio/ui/Effect_Tick.ogg
E/SoundPool( 1568): error loading /system/media/audio/ui/KeypressStandard.ogg
W/AudioService( 1568): Soundpool could not load file: /system/media/audio/ui/KeypressStandard.ogg
E/SoundPool( 1568): error loading /system/media/audio/ui/KeypressSpacebar.ogg
W/AudioService( 1568): Soundpool could not load file: /system/media/audio/ui/KeypressSpacebar.ogg
E/SoundPool( 1568): error loading /system/media/audio/ui/KeypressDelete.ogg
W/AudioService( 1568): Soundpool could not load file: /system/media/audio/ui/KeypressDelete.ogg
E/SoundPool( 1568): error loading /system/media/audio/ui/KeypressReturn.ogg
W/AudioService( 1568): Soundpool could not load file: /system/media/audio/ui/KeypressReturn.ogg
E/SoundPool( 1568): error loading /system/media/audio/ui/KeypressInvalid.ogg
W/AudioService( 1568): Soundpool could not load file: /system/media/audio/ui/KeypressInvalid.ogg
W/AudioService( 1568): onLoadSoundEffects(), Error -1 while loading samples
V/AndroidRipperService( 2828): send()
V/RipperTestCase(11633): END_EVENT[57|1629041373870]
V/RipperService( 2828): PING
V/AndroidRipperService( 2828): mHandler.handleMessage() RECIVED
V/AndroidRipperService( 2828): broadcast()
V/AndroidRipperService( 2828): broadcast() done
V/        ( 2828): ready
I/AndroidRipper(11633): Recived message: PING
V/AndroidRipperService( 2828): send()
V/RipperService( 2828): DSC
V/AndroidRipperService( 2828): mHandler.handleMessage() RECIVED
V/AndroidRipperService( 2828): broadcast()
V/AndroidRipperService( 2828): broadcast() done
V/        ( 2828): ready
I/AndroidRipper(11633): Recived message: DSC
V/AndroidRipperService( 2828): send()
D/dalvikvm( 1568): GC_FOR_ALLOC freed 1617K, 45% free 9216K/16748K, paused 7ms, total 7ms
V/RipperService( 2828): DSC
V/AndroidRipperService( 2828): mHandler.handleMessage() RECIVED
V/AndroidRipperService( 2828): broadcast()
I/AndroidRipper(11633): Recived message: DSC
V/AndroidRipperService( 2828): broadcast() done
V/        ( 2828): ready
V/AndroidRipperService( 2828): send()
D/dalvikvm( 2828): GC_FOR_ALLOC freed 513K, 19% free 3087K/3788K, paused 2ms, total 2ms
V/RipperService( 2828): DSC
V/AndroidRipperService( 2828): mHandler.handleMessage() RECIVED
V/AndroidRipperService( 2828): broadcast()
I/AndroidRipper(11633): Recived message: DSC
V/AndroidRipperService( 2828): broadcast() done
V/        ( 2828): ready
V/AndroidRipperService( 2828): send()
V/RipperService( 2828): DSC
V/AndroidRipperService( 2828): mHandler.handleMessage() RECIVED
V/AndroidRipperService( 2828): broadcast()
I/AndroidRipper(11633): Recived message: DSC
V/AndroidRipperService( 2828): broadcast() done
V/        ( 2828): ready
V/AndroidRipperService( 2828): send()
V/RipperService( 2828): DSC
V/AndroidRipperService( 2828): mHandler.handleMessage() RECIVED
V/AndroidRipperService( 2828): broadcast()
V/AndroidRipperService( 2828): broadcast() done
