I/dalvikvm( 2192): Could not find method android.content.ContextWrapper.createDeviceProtectedStorageContext, referenced from method com.google.android.chimera.ModuleContext.createDeviceProtectedStorageContext
W/dalvikvm( 2192): VFY: unable to resolve virtual method 2509: Landroid/content/ContextWrapper;.createDeviceProtectedStorageContext ()Landroid/content/Context;
D/dalvikvm( 2192): VFY: replacing opcode 0x6f at 0x0002
I/dalvikvm( 2192): Could not find method com.google.android.chimera.ContextThemeWrapper.sendBroadcastWithMultiplePermissions, referenced from method com.google.android.chimera.ModuleContext.sendBroadcastWithMultiplePermissions
W/dalvikvm( 2192): VFY: unable to resolve virtual method 13795: Lcom/google/android/chimera/ContextThemeWrapper;.sendBroadcastWithMultiplePermissions (Landroid/content/Intent;[Ljava/lang/String;)V
D/dalvikvm( 2192): VFY: replacing opcode 0x6f at 0x0009
I/MultiDex( 2192): VM with version 1.6.0 does not have multidex support
I/MultiDex( 2192): Installing application
I/MultiDex( 2192): MultiDexExtractor(/system/priv-app/PrebuiltGmsCore.apk, /data/data/com.google.android.gms/code_cache/secondary-dexes)
I/MultiDex( 2192): Blocking on lock /data/data/com.google.android.gms/code_cache/secondary-dexes/MultiDex.lock
I/MultiDex( 2192): /data/data/com.google.android.gms/code_cache/secondary-dexes/MultiDex.lock locked
I/MultiDex( 2192): MultiDexExtractor.load(/system/priv-app/PrebuiltGmsCore.apk, false, )
I/MultiDex( 2192): loading existing secondary dex files
I/MultiDex( 2192): load found 5 secondary dex files
D/dalvikvm( 1787): GC_FOR_ALLOC freed 309K, 37% free 3374K/5308K, paused 1ms, total 1ms
I/dalvikvm-heap( 1787): Grow heap (frag case) to 3.569MB for 228601-byte allocation
D/dalvikvm( 2192): GC_FOR_ALLOC freed 361K, 12% free 3144K/3568K, paused 1ms, total 1ms
D/dalvikvm( 1787): GC_FOR_ALLOC freed 0K, 35% free 3598K/5532K, paused 1ms, total 1ms
I/MultiDex( 2192): install done
I/dalvikvm( 2192): Could not find method android.content.ContentProvider.query, referenced from method brf.superQuery
W/dalvikvm( 2192): VFY: unable to resolve virtual method 2428: Landroid/content/ContentProvider;.query (Landroid/net/Uri;[Ljava/lang/String;Landroid/os/Bundle;Landroid/os/CancellationSignal;)Landroid/database/Cursor;
D/dalvikvm( 2192): VFY: replacing opcode 0x6f at 0x0000
I/dalvikvm( 2192): Could not find method android.app.Activity.registerActivityLifecycleCallbacks, referenced from method amh.onActivityPreCreated
W/dalvikvm( 2192): VFY: unable to resolve virtual method 2308: Landroid/app/Activity;.registerActivityLifecycleCallbacks (Landroid/app/Application$ActivityLifecycleCallbacks;)V
D/dalvikvm( 2192): VFY: replacing opcode 0x6e at 0x0005
I/dalvikvm( 2192): Could not find method android.content.Context.getExternalMediaDirs, referenced from method jm.a
W/dalvikvm( 2192): VFY: unable to resolve virtual method 2477: Landroid/content/Context;.getExternalMediaDirs ()[Ljava/io/File;
D/dalvikvm( 2192): VFY: replacing opcode 0x6e at 0x00a8
I/dalvikvm( 2192): Could not find method android.content.Context.getDrawable, referenced from method jk.a
W/dalvikvm( 2192): VFY: unable to resolve virtual method 2472: Landroid/content/Context;.getDrawable (I)Landroid/graphics/drawable/Drawable;
D/dalvikvm( 2192): VFY: replacing opcode 0x6e at 0x0006
I/dalvikvm( 2192): Could not find method android.content.Context.getNoBackupFilesDir, referenced from method jk.b
W/dalvikvm( 2192): VFY: unable to resolve virtual method 2480: Landroid/content/Context;.getNoBackupFilesDir ()Ljava/io/File;
D/dalvikvm( 2192): VFY: replacing opcode 0x6e at 0x0006
I/dalvikvm( 2192): Could not find method android.os.UserHandle.isOwner, referenced from method nmy.f
W/dalvikvm( 2192): VFY: unable to resolve virtual method 3081: Landroid/os/UserHandle;.isOwner ()Z
D/dalvikvm( 2192): VFY: replacing opcode 0x6e at 0x000a
D/dalvikvm( 2192): DexOpt: couldn't find field Landroid/content/pm/ApplicationInfo;.splitSourceDirs
W/dalvikvm( 2192): VFY: unable to resolve instance field 1475
D/dalvikvm( 2192): VFY: replacing opcode 0x54 at 0x0055
D/dalvikvm( 2192): DexOpt: couldn't find static field Landroid/os/Build;.SUPPORTED_ABIS
W/dalvikvm( 2192): VFY: unable to resolve static field 1540 (SUPPORTED_ABIS) in Landroid/os/Build;
D/dalvikvm( 2192): VFY: replacing opcode 0x62 at 0x00d1
I/dalvikvm( 2192): Could not find method android.system.Os.stat, referenced from method nop.a
W/dalvikvm( 2192): VFY: unable to resolve static method 3146: Landroid/system/Os;.stat (Ljava/lang/String;)Landroid/system/StructStat;
D/dalvikvm( 2192): VFY: replacing opcode 0x71 at 0x0182
I/dalvikvm( 2192): Could not find method android.content.pm.PackageManager.getPackageInstaller, referenced from method men.a
W/dalvikvm( 2192): VFY: unable to resolve virtual method 2608: Landroid/content/pm/PackageManager;.getPackageInstaller ()Landroid/content/pm/PackageInstaller;
D/dalvikvm( 2192): VFY: replacing opcode 0x6e at 0x001c
W/DynamiteModule( 2192): Local module descriptor class for providerinstaller not found.
E/ChimeraCfgMgr( 2192): Failed to read module config: java.io.FileNotFoundException: /data/data/com.google.android.gms/app_chimera/current_config.fb: open failed: ENOENT (No such file or directory)
I/dalvikvm( 2192): Could not find method android.system.Os.readlink, referenced from method bse.a
W/dalvikvm( 2192): VFY: unable to resolve static method 3145: Landroid/system/Os;.readlink (Ljava/lang/String;)Ljava/lang/String;
D/dalvikvm( 2192): VFY: replacing opcode 0x71 at 0x0044
I/dalvikvm( 2192): Could not find method android.system.Os.symlink, referenced from method bse.a
W/dalvikvm( 2192): VFY: unable to resolve static method 3147: Landroid/system/Os;.symlink (Ljava/lang/String;Ljava/lang/String;)V
D/dalvikvm( 2192): VFY: replacing opcode 0x71 at 0x00b0
I/dalvikvm( 2192): Could not find method android.system.Os.stat, referenced from method bse.a
W/dalvikvm( 2192): VFY: unable to resolve static method 3146: Landroid/system/Os;.stat (Ljava/lang/String;)Landroid/system/StructStat;
D/dalvikvm( 2192): VFY: replacing opcode 0x71 at 0x0005
W/dalvikvm( 2192): VFY: unable to resolve static field 1615 (S_IXUSR) in Landroid/system/OsConstants;
D/dalvikvm( 2192): VFY: replacing opcode 0x60 at 0x0007
I/dalvikvm( 2192): Could not find method android.system.Os.stat, referenced from method bse.b
W/dalvikvm( 2192): VFY: unable to resolve static method 3146: Landroid/system/Os;.stat (Ljava/lang/String;)Landroid/system/StructStat;
D/dalvikvm( 2192): VFY: replacing opcode 0x71 at 0x0040
W/dalvikvm( 2192): VFY: unable to resolve static field 1612 (S_IRUSR) in Landroid/system/OsConstants;
D/dalvikvm( 2192): VFY: replacing opcode 0x60 at 0x0007
W/FileUtils( 2192): Failed to set world readable: /data/data/com.google.android.gms/app_chimera/current_config.fb
E/ChimeraCfgMgr( 2192): Failed to read module config: java.io.FileNotFoundException: /data/data/com.google.android.gms/app_chimera/current_config.fb: open failed: ENOENT (No such file or directory)
D/dalvikvm( 2192): DexOpt: couldn't find static field Landroid/os/Build;.SUPPORTED_ABIS
W/dalvikvm( 2192): VFY: unable to resolve static field 1540 (SUPPORTED_ABIS) in Landroid/os/Build;
D/dalvikvm( 2192): VFY: replacing opcode 0x62 at 0x0307
D/dalvikvm( 2192): DexOpt: couldn't find static field Landroid/os/Build;.SUPPORTED_ABIS
W/dalvikvm( 2192): VFY: unable to resolve static field 1540 (SUPPORTED_ABIS) in Landroid/os/Build;
D/dalvikvm( 2192): VFY: replacing opcode 0x62 at 0x06eb
I/dalvikvm( 2192): Could not find method android.content.Context.isCredentialProtectedStorage, referenced from method bry.j
W/dalvikvm( 2192): VFY: unable to resolve virtual method 2490: Landroid/content/Context;.isCredentialProtectedStorage ()Z
D/dalvikvm( 2192): VFY: replacing opcode 0x6e at 0x0087
E/ConfigFileUtils( 2192): Failed to read config file: /data/data/com.google.android.gms/app_chimera/current_fileapks.pb: open failed: ENOENT (No such file or directory)
D/dalvikvm( 2192): GC_FOR_ALLOC freed 410K, 13% free 3246K/3720K, paused 1ms, total 1ms
D/dalvikvm( 1787): GC_FOR_ALLOC freed 41K, 27% free 4068K/5532K, paused 2ms, total 2ms
I/GmsModuleFndr( 2192): Beginning GMS chimera module scan
E/ChimeraCfgMgr( 2192): Failed to read module config: java.io.FileNotFoundException: /data/data/com.google.android.gms/app_chimera/current_config.fb: open failed: ENOENT (No such file or directory)
I/DynamiteModule( 2192): Considering local module com.google.android.gms.googlecertificates:4 and remote module com.google.android.gms.googlecertificates:0
I/DynamiteModule( 2192): Selected local version of com.google.android.gms.googlecertificates
I/dalvikvm( 2192): Could not find method android.app.Notification$Builder.setLocalOnly, referenced from method com.google.android.gms.common.GoogleCertificatesImpl.isGoogleOrPlatformSigned
W/dalvikvm( 2192): VFY: unable to resolve virtual method 2308: Landroid/app/Notification$Builder;.setLocalOnly (Z)Landroid/app/Notification$Builder;
D/dalvikvm( 2192): VFY: replacing opcode 0x6e at 0x00b1
E/ChimeraCfgMgr( 2192): Failed to read module config: java.io.FileNotFoundException: /data/data/com.google.android.gms/app_chimera/current_config.fb: open failed: ENOENT (No such file or directory)
I/dalvikvm( 2192): Could not find method com.google.android.chimera.ContextThemeWrapper.createAttributionContext, referenced from method mnu.createAttributionContext
W/dalvikvm( 2192): VFY: unable to resolve virtual method 13785: Lcom/google/android/chimera/ContextThemeWrapper;.createAttributionContext (Ljava/lang/String;)Landroid/content/Context;
D/dalvikvm( 2192): VFY: replacing opcode 0x6f at 0x0002
I/dalvikvm( 2192): Could not find method android.content.ContextWrapper.createCredentialProtectedStorageContext, referenced from method mnu.createCredentialProtectedStorageContext
W/dalvikvm( 2192): VFY: unable to resolve virtual method 2508: Landroid/content/ContextWrapper;.createCredentialProtectedStorageContext ()Landroid/content/Context;
D/dalvikvm( 2192): VFY: replacing opcode 0x6f at 0x0002
I/dalvikvm( 2192): Could not find method android.content.ContextWrapper.createDeviceProtectedStorageContext, referenced from method mnu.createDeviceProtectedStorageContext
W/dalvikvm( 2192): VFY: unable to resolve virtual method 2509: Landroid/content/ContextWrapper;.createDeviceProtectedStorageContext ()Landroid/content/Context;
D/dalvikvm( 2192): VFY: replacing opcode 0x6f at 0x0002
E/ConfigFileUtils( 2192): Failed to read config file: /data/data/com.google.android.gms/app_chimera/current_fileapks.pb: open failed: ENOENT (No such file or directory)
I/ModuleSetMgr( 2192): Computing pending module set with APKs: []
I/ModuleSetMgr( 2192): Pending container module APKs: []
I/ModuleSetMgr( 2192): Pending non-container module APKs: []
D/dalvikvm( 2192): GC_FOR_ALLOC freed 370K, 12% free 3388K/3820K, paused 2ms, total 2ms
E/ConfigFileUtils( 2192): Failed to read config file: /data/data/com.google.android.gms/app_chimera/current_fileapks.pb: open failed: ENOENT (No such file or directory)
E/ChimeraCfgMgr( 2192): Failed to read module config: java.io.FileNotFoundException: /data/data/com.google.android.gms/app_chimera/current_config.fb: open failed: ENOENT (No such file or directory)
W/IntentOperation( 2192): Failed to get Chimera config:com.google.android.chimera.config.InvalidConfigException: java.io.FileNotFoundException: /data/data/com.google.android.gms/app_chimera/current_config.fb: open failed: ENOENT (No such file or directory)
D/dalvikvm( 2192): GC_FOR_ALLOC freed 58K, 12% free 3388K/3820K, paused 1ms, total 1ms
I/dalvikvm-heap( 2192): Grow heap (frag case) to 3.585MB for 228601-byte allocation
D/dalvikvm( 2192): GC_FOR_ALLOC freed 0K, 11% free 3611K/4044K, paused 1ms, total 1ms
D/dalvikvm( 1787): GC_FOR_ALLOC freed 275K, 23% free 4305K/5532K, paused 2ms, total 2ms
D/dalvikvm( 2192): GC_FOR_ALLOC freed 28K, 3% free 4094K/4188K, paused 2ms, total 2ms
D/dalvikvm( 1787): GC_FOR_ALLOC freed 362K, 20% free 4454K/5532K, paused 2ms, total 2ms
D/AndroidRuntime( 2209): 
D/AndroidRuntime( 2209): >>>>>> AndroidRuntime START com.android.internal.os.RuntimeInit <<<<<<
W/linker  ( 2209): libdvm.so has text relocations. This is wasting memory and is a security risk. Please fix.
D/AndroidRuntime( 2209): CheckJNI is ON
D/dalvikvm( 2209): Trying to load lib libjavacore.so 0x0
D/dalvikvm( 2209): Added shared lib libjavacore.so 0x0
D/dalvikvm( 2192): GC_FOR_ALLOC freed 275K, 8% free 4330K/4668K, paused 4ms, total 4ms
D/dalvikvm( 2209): Trying to load lib libnativehelper.so 0x0
D/dalvikvm( 2209): Added shared lib libnativehelper.so 0x0
D/dalvikvm( 2209): No JNI_OnLoad found in libnativehelper.so 0x0, skipping init
D/dalvikvm( 1787): GC_FOR_ALLOC freed 587K, 21% free 4379K/5532K, paused 3ms, total 3ms
D/dalvikvm( 2192): GC_FOR_ALLOC freed 363K, 9% free 4479K/4904K, paused 2ms, total 2ms
D/dalvikvm( 2209): Note: class Landroid/app/ActivityManagerNative; has 179 unimplemented (abstract) methods
D/dalvikvm( 1787): GC_FOR_ALLOC freed 476K, 21% free 4414K/5532K, paused 3ms, total 3ms
D/dalvikvm( 1787): GC_FOR_ALLOC freed 477K, 20% free 4449K/5532K, paused 2ms, total 2ms
D/dalvikvm( 2192): GC_FOR_ALLOC freed 588K, 13% free 4403K/5056K, paused 2ms, total 2ms
E/memtrack( 2209): Couldn't load memtrack module (No such file or directory)
E/android.os.Debug( 2209): failed to load memtrack module: -2
D/dalvikvm( 1787): GC_FOR_ALLOC freed 480K, 20% free 4480K/5532K, paused 2ms, total 2ms
D/dalvikvm( 1787): GC_FOR_ALLOC freed 496K, 19% free 4495K/5532K, paused 2ms, total 2ms
D/AndroidRuntime( 2209): Calling main entry com.android.commands.am.Am
D/dalvikvm( 2192): GC_FOR_ALLOC freed 475K, 13% free 4439K/5056K, paused 2ms, total 2ms
D/dalvikvm( 1787): GC_FOR_ALLOC freed 719K, 28% free 4012K/5532K, paused 2ms, total 2ms
I/dalvikvm-heap( 1787): Grow heap (frag case) to 4.242MB for 281612-byte allocation
D/dalvikvm( 1787): GC_FOR_ALLOC freed 0K, 27% free 4287K/5808K, paused 2ms, total 2ms
D/dalvikvm( 2192): GC_FOR_ALLOC freed 477K, 12% free 4473K/5056K, paused 2ms, total 2ms
D/dalvikvm( 1567): GC_FOR_ALLOC freed 1042K, 53% free 7169K/15144K, paused 93ms, total 93ms
D/dalvikvm( 2192): GC_FOR_ALLOC freed 350K, 12% free 4491K/5056K, paused 8ms, total 8ms
D/AndroidRuntime( 2209): Shutting down VM
D/jdwp    ( 2209): Got wake-up signal, bailing out of select
D/dalvikvm( 2209): Debugger has detached; object registry had 1 entries
I/ActivityManager( 1567): Start proc it.unina.android.ripper_service:android_ripper_service_process for service it.unina.android.ripper_service/.AndroidRipperService: pid=2220 uid=10057 gids={50057, 3003, 1028, 1015}
D/dalvikvm( 2192): GC_FOR_ALLOC freed 349K, 11% free 4511K/5068K, paused 2ms, total 2ms
V/AndroidRipperService( 2220): onCreate()
V/SERVER  ( 2220): Starting ServerSocket on PORT 18888
V/SERVER  ( 2220): Started ServerSocket on PORT 18888
V/SERVER  ( 2220): Ready to accept connections on port: 18888
D/dalvikvm( 2192): GC_FOR_ALLOC freed 989K, 21% free 4037K/5088K, paused 2ms, total 2ms
D/dalvikvm( 2192): GC_FOR_ALLOC freed 1K, 21% free 4038K/5088K, paused 1ms, total 1ms
I/dalvikvm-heap( 2192): Grow heap (frag case) to 4.271MB for 281612-byte allocation
D/dalvikvm( 2192): GC_FOR_ALLOC freed 0K, 20% free 4313K/5364K, paused 2ms, total 2ms
I/ChimeraCfgMgr( 1787): Updating module config: <no config> -> container:2024149000700
D/dalvikvm( 1787): DexOpt: couldn't find static field Landroid/os/Build;.SUPPORTED_64_BIT_ABIS
W/dalvikvm( 1787): VFY: unable to resolve static field 1539 (SUPPORTED_64_BIT_ABIS) in Landroid/os/Build;
D/dalvikvm( 1787): VFY: replacing opcode 0x62 at 0x0214
W/ProviderHelper( 1787): Unknown dynamite feature providerinstaller
I/DynamiteModule( 1787): Considering local module providerinstaller:0 and remote module providerinstaller:0
W/ProviderInstaller( 1787): Failed to load providerinstaller module: No acceptable module found. Local version is 0 and remote version is 0.
I/dalvikvm( 1787): Could not find method android.content.ContextWrapper.createCredentialProtectedStorageContext, referenced from method nfr.createCredentialProtectedStorageContext
W/dalvikvm( 1787): VFY: unable to resolve virtual method 2508: Landroid/content/ContextWrapper;.createCredentialProtectedStorageContext ()Landroid/content/Context;
D/dalvikvm( 1787): VFY: replacing opcode 0x6f at 0x0002
I/dalvikvm( 1787): Could not find method android.content.ContextWrapper.createDeviceProtectedStorageContext, referenced from method nfr.createDeviceProtectedStorageContext
W/dalvikvm( 1787): VFY: unable to resolve virtual method 2509: Landroid/content/ContextWrapper;.createDeviceProtectedStorageContext ()Landroid/content/Context;
D/dalvikvm( 1787): VFY: replacing opcode 0x6f at 0x0002
D/dalvikvm( 1787): DexOpt: couldn't find static field Landroid/os/Build;.SUPPORTED_64_BIT_ABIS
W/dalvikvm( 1787): VFY: unable to resolve static field 1539 (SUPPORTED_64_BIT_ABIS) in Landroid/os/Build;
D/dalvikvm( 1787): VFY: replacing opcode 0x62 at 0x0080
D/dalvikvm( 1787): DexOpt: couldn't find static field Landroid/os/Build;.SUPPORTED_ABIS
W/dalvikvm( 1787): VFY: unable to resolve static field 1540 (SUPPORTED_ABIS) in Landroid/os/Build;
D/dalvikvm( 1787): VFY: replacing opcode 0x62 at 0x00d3
V/NativeCrypto( 1787): Registering com/google/android/gms/org/conscrypt/NativeCrypto's 286 native methods...
W/dalvikvm( 1787): Unable to resolve superclass of Lcom/google/android/gms/org/conscrypt/TrustManagerImpl; (5184)
W/dalvikvm( 1787): Link of class 'Lcom/google/android/gms/org/conscrypt/TrustManagerImpl;' failed
I/dalvikvm( 1787): Could not find method com.google.android.gms.org.conscrypt.TrustManagerImpl.getDefaultHostnameVerifier, referenced from method com.google.android.gms.org.conscrypt.Conscrypt.getDefaultHostnameVerifier
W/dalvikvm( 1787): VFY: unable to resolve static method 17870: Lcom/google/android/gms/org/conscrypt/TrustManagerImpl;.getDefaultHostnameVerifier ()Lcom/google/android/gms/org/conscrypt/ConscryptHostnameVerifier;
D/dalvikvm( 1787): VFY: replacing opcode 0x71 at 0x0003
W/dalvikvm( 1787): Unable to resolve superclass of Lcom/google/android/gms/org/conscrypt/TrustManagerImpl; (5184)
W/dalvikvm( 1787): Link of class 'Lcom/google/android/gms/org/conscrypt/TrustManagerImpl;' failed
W/dalvikvm( 1787): VFY: unable to find class referenced in signature (Lcom/google/android/gms/org/conscrypt/TrustManagerImpl;)
W/dalvikvm( 1787): Unable to resolve superclass of Lcom/google/android/gms/org/conscrypt/TrustManagerImpl; (5184)
W/dalvikvm( 1787): Link of class 'Lcom/google/android/gms/org/conscrypt/TrustManagerImpl;' failed
I/dalvikvm( 1787): Could not find method com.google.android.gms.org.conscrypt.TrustManagerImpl.getHostnameVerifier, referenced from method com.google.android.gms.org.conscrypt.Conscrypt.getHostnameVerifier
W/dalvikvm( 1787): VFY: unable to resolve virtual method 17872: Lcom/google/android/gms/org/conscrypt/TrustManagerImpl;.getHostnameVerifier ()Lcom/google/android/gms/org/conscrypt/ConscryptHostnameVerifier;
D/dalvikvm( 1787): VFY: replacing opcode 0x6e at 0x0004
W/dalvikvm( 1787): Unable to resolve superclass of Lcom/google/android/gms/org/conscrypt/TrustManagerImpl; (5184)
W/dalvikvm( 1787): Link of class 'Lcom/google/android/gms/org/conscrypt/TrustManagerImpl;' failed
E/dalvikvm( 1787): Could not find class 'com.google.android.gms.org.conscrypt.TrustManagerImpl', referenced from method com.google.android.gms.org.conscrypt.Conscrypt.isConscrypt
W/dalvikvm( 1787): VFY: unable to resolve instanceof 4452 (Lcom/google/android/gms/org/conscrypt/TrustManagerImpl;) in Lcom/google/android/gms/org/conscrypt/Conscrypt;
D/dalvikvm( 1787): VFY: replacing opcode 0x20 at 0x0000
W/dalvikvm( 1787): Unable to resolve superclass of Lcom/google/android/gms/org/conscrypt/TrustManagerImpl; (5184)
W/dalvikvm( 1787): Link of class 'Lcom/google/android/gms/org/conscrypt/TrustManagerImpl;' failed
I/dalvikvm( 1787): Could not find method com.google.android.gms.org.conscrypt.TrustManagerImpl.setDefaultHostnameVerifier, referenced from method com.google.android.gms.org.conscrypt.Conscrypt.setDefaultHostnameVerifier
W/dalvikvm( 1787): VFY: unable to resolve static method 17882: Lcom/google/android/gms/org/conscrypt/TrustManagerImpl;.setDefaultHostnameVerifier (Lcom/google/android/gms/org/conscrypt/ConscryptHostnameVerifier;)V
D/dalvikvm( 1787): VFY: replacing opcode 0x71 at 0x0003
W/dalvikvm( 1787): Unable to resolve superclass of Lcom/google/android/gms/org/conscrypt/TrustManagerImpl; (5184)
W/dalvikvm( 1787): Link of class 'Lcom/google/android/gms/org/conscrypt/TrustManagerImpl;' failed
W/dalvikvm( 1787): VFY: unable to find class referenced in signature (Lcom/google/android/gms/org/conscrypt/TrustManagerImpl;)
W/dalvikvm( 1787): Unable to resolve superclass of Lcom/google/android/gms/org/conscrypt/TrustManagerImpl; (5184)
W/dalvikvm( 1787): Link of class 'Lcom/google/android/gms/org/conscrypt/TrustManagerImpl;' failed
I/dalvikvm( 1787): Could not find method com.google.android.gms.org.conscrypt.TrustManagerImpl.setHostnameVerifier, referenced from method com.google.android.gms.org.conscrypt.Conscrypt.setHostnameVerifier
W/dalvikvm( 1787): VFY: unable to resolve virtual method 17883: Lcom/google/android/gms/org/conscrypt/TrustManagerImpl;.setHostnameVerifier (Lcom/google/android/gms/org/conscrypt/ConscryptHostnameVerifier;)V
D/dalvikvm( 1787): VFY: replacing opcode 0x6e at 0x0004
W/dalvikvm( 1787): Unable to resolve superclass of Lcom/google/android/gms/org/conscrypt/TrustManagerImpl; (5184)
W/dalvikvm( 1787): Link of class 'Lcom/google/android/gms/org/conscrypt/TrustManagerImpl;' failed
D/dalvikvm( 1787): GC_FOR_ALLOC freed 1106K, 37% free 3692K/5808K, paused 3ms, total 3ms
E/dalvikvm( 1787): Could not find class 'com.google.android.gms.org.conscrypt.TrustManagerImpl', referenced from method com.google.android.gms.org.conscrypt.Conscrypt.toConscrypt
W/dalvikvm( 1787): VFY: unable to resolve check-cast 4452 (Lcom/google/android/gms/org/conscrypt/TrustManagerImpl;) in Lcom/google/android/gms/org/conscrypt/Conscrypt;
D/dalvikvm( 1787): VFY: replacing opcode 0x1f at 0x002a
D/dalvikvm( 1787): GC_FOR_ALLOC freed 163K, 31% free 4040K/5808K, paused 4ms, total 4ms
I/ChimeraCfgMgr( 2192): Updating module config: <no config> -> container:2024149000700
E/ConfigFileUtils( 2192): Failed to read config file: /data/data/com.google.android.gms/app_chimera/current_modules_init.pb: open failed: ENOENT (No such file or directory)
D/dalvikvm( 1787): GC_FOR_ALLOC freed 143K, 25% free 4408K/5808K, paused 2ms, total 2ms
D/dalvikvm( 1787): GC_FOR_ALLOC freed 133K, 18% free 4787K/5808K, paused 2ms, total 2ms
D/dalvikvm( 1787): GC_FOR_ALLOC freed 183K, 11% free 5203K/5808K, paused 2ms, total 2ms
E/dalvikvm( 1787): Could not find class 'javax.net.ssl.SNIServerName', referenced from method com.google.android.gms.org.conscrypt.Platform.getSniHostnameFromParams
W/dalvikvm( 1787): VFY: unable to resolve check-cast 5160 (Ljavax/net/ssl/SNIServerName;) in Lcom/google/android/gms/org/conscrypt/Platform;
D/dalvikvm( 1787): VFY: replacing opcode 0x1f at 0x0025
E/dalvikvm( 1787): Could not find class 'javax.net.ssl.SNIHostName', referenced from method com.google.android.gms.org.conscrypt.Platform.setParametersSniHostname
W/dalvikvm( 1787): VFY: unable to resolve new-instance 5159 (Ljavax/net/ssl/SNIHostName;) in Lcom/google/android/gms/org/conscrypt/Platform;
D/dalvikvm( 1787): VFY: replacing opcode 0x22 at 0x0024
E/dalvikvm( 1787): Could not find class 'javax.net.ssl.SNIHostName', referenced from method com.google.android.gms.org.conscrypt.Platform.setParametersSniHostname
W/dalvikvm( 1787): VFY: unable to resolve new-instance 5159 (Ljavax/net/ssl/SNIHostName;) in Lcom/google/android/gms/org/conscrypt/Platform;
D/dalvikvm( 1787): VFY: replacing opcode 0x22 at 0x0024
D/dalvikvm( 1787): DexOpt: unable to opt direct call 0x52f9 at 0x2a in Lcom/google/android/gms/org/conscrypt/Platform;.setParametersSniHostname
D/dalvikvm( 1787): DexOpt: unable to opt direct call 0x52f9 at 0x2a in Lcom/google/android/gms/org/conscrypt/Platform;.setParametersSniHostname
D/dalvikvm( 1567): GC_FOR_ALLOC freed 1044K, 53% free 7174K/15144K, paused 67ms, total 67ms
I/ChimeraCfgMgr( 2192): Sending com.google.android.chimera.IntentOperation.NEW_MODULE Intents: 1,true,true
D/dalvikvm( 1787): GC_FOR_ALLOC freed 500K, 11% free 5398K/6000K, paused 3ms, total 3ms
I/ProviderInstaller( 1787): Installed default security provider GmsCore_OpenSSL
D/dalvikvm( 1567): GC_FOR_ALLOC freed 1042K, 53% free 7181K/15144K, paused 8ms, total 8ms
I/Safeboot( 1787): Checking safeboot...
D/dalvikvm( 1806): GC_EXPLICIT freed 457K, 14% free 3193K/3712K, paused 1ms+0ms, total 5ms
I/Safeboot Condition( 1787): No need to enter Safeboot.
E/dalvikvm( 1787): Could not find class 'com.google.common.flogger.backend.google.GooglePlatform', referenced from method beui.a
W/dalvikvm( 1787): VFY: unable to resolve const-class 4605 (Lcom/google/common/flogger/backend/google/GooglePlatform;) in Lbeui;
D/dalvikvm( 1787): VFY: replacing opcode 0x1c at 0x001b
I/DeviceDrDatabaseHelper( 1787): Creating databases!
I/ChmraDebugLogger( 2192): [46] 
D/dalvikvm( 2192): DexOpt: couldn't find static field Landroid/os/Build;.SUPPORTED_64_BIT_ABIS
W/dalvikvm( 2192): VFY: unable to resolve static field 1539 (SUPPORTED_64_BIT_ABIS) in Landroid/os/Build;
D/dalvikvm( 2192): VFY: replacing opcode 0x62 at 0x0214
W/ProviderHelper( 2192): Unknown dynamite feature providerinstaller
I/auxu    ( 1787): Primes not initialized, returning default (no-op) Primes instance which will ignore all calls. Please call Primes.initialize(...) before using any Primes API.
I/DynamiteModule( 2192): Considering local module providerinstaller:0 and remote module providerinstaller:0
W/ProviderInstaller( 2192): Failed to load providerinstaller module: No acceptable module found. Local version is 0 and remote version is 0.
I/dalvikvm( 2192): Could not find method android.content.ContextWrapper.createCredentialProtectedStorageContext, referenced from method nfr.createCredentialProtectedStorageContext
W/dalvikvm( 2192): VFY: unable to resolve virtual method 2508: Landroid/content/ContextWrapper;.createCredentialProtectedStorageContext ()Landroid/content/Context;
D/dalvikvm( 2192): VFY: replacing opcode 0x6f at 0x0002
I/dalvikvm( 2192): Could not find method android.content.ContextWrapper.createDeviceProtectedStorageContext, referenced from method nfr.createDeviceProtectedStorageContext
W/dalvikvm( 2192): VFY: unable to resolve virtual method 2509: Landroid/content/ContextWrapper;.createDeviceProtectedStorageContext ()Landroid/content/Context;
D/dalvikvm( 2192): VFY: replacing opcode 0x6f at 0x0002
D/dalvikvm( 2192): DexOpt: couldn't find static field Landroid/os/Build;.SUPPORTED_64_BIT_ABIS
W/dalvikvm( 2192): VFY: unable to resolve static field 1539 (SUPPORTED_64_BIT_ABIS) in Landroid/os/Build;
D/dalvikvm( 2192): VFY: replacing opcode 0x62 at 0x0080
D/dalvikvm( 2192): DexOpt: couldn't find static field Landroid/os/Build;.SUPPORTED_ABIS
W/dalvikvm( 2192): VFY: unable to resolve static field 1540 (SUPPORTED_ABIS) in Landroid/os/Build;
D/dalvikvm( 2192): VFY: replacing opcode 0x62 at 0x00d3
V/NativeCrypto( 2192): Registering com/google/android/gms/org/conscrypt/NativeCrypto's 286 native methods...
W/dalvikvm( 2192): Unable to resolve superclass of Lcom/google/android/gms/org/conscrypt/TrustManagerImpl; (5184)
W/dalvikvm( 2192): Link of class 'Lcom/google/android/gms/org/conscrypt/TrustManagerImpl;' failed
I/dalvikvm( 2192): Could not find method com.google.android.gms.org.conscrypt.TrustManagerImpl.getDefaultHostnameVerifier, referenced from method com.google.android.gms.org.conscrypt.Conscrypt.getDefaultHostnameVerifier
W/dalvikvm( 2192): VFY: unable to resolve static method 17870: Lcom/google/android/gms/org/conscrypt/TrustManagerImpl;.getDefaultHostnameVerifier ()Lcom/google/android/gms/org/conscrypt/ConscryptHostnameVerifier;
D/dalvikvm( 2192): VFY: replacing opcode 0x71 at 0x0003
D/dalvikvm( 2192): GC_FOR_ALLOC freed 1275K, 34% free 3549K/5364K, paused 3ms, total 3ms
W/dalvikvm( 2192): Unable to resolve superclass of Lcom/google/android/gms/org/conscrypt/TrustManagerImpl; (5184)
D/dalvikvm( 1787): GC_FOR_ALLOC freed 636K, 12% free 5541K/6260K, paused 4ms, total 4ms
W/dalvikvm( 2192): Link of class 'Lcom/google/android/gms/org/conscrypt/TrustManagerImpl;' failed
W/dalvikvm( 2192): VFY: unable to find class referenced in signature (Lcom/google/android/gms/org/conscrypt/TrustManagerImpl;)
W/dalvikvm( 2192): Unable to resolve superclass of Lcom/google/android/gms/org/conscrypt/TrustManagerImpl; (5184)
W/dalvikvm( 2192): Link of class 'Lcom/google/android/gms/org/conscrypt/TrustManagerImpl;' failed
I/dalvikvm( 2192): Could not find method com.google.android.gms.org.conscrypt.TrustManagerImpl.getHostnameVerifier, referenced from method com.google.android.gms.org.conscrypt.Conscrypt.getHostnameVerifier
W/dalvikvm( 2192): VFY: unable to resolve virtual method 17872: Lcom/google/android/gms/org/conscrypt/TrustManagerImpl;.getHostnameVerifier ()Lcom/google/android/gms/org/conscrypt/ConscryptHostnameVerifier;
D/dalvikvm( 2192): VFY: replacing opcode 0x6e at 0x0004
W/dalvikvm( 2192): Unable to resolve superclass of Lcom/google/android/gms/org/conscrypt/TrustManagerImpl; (5184)
W/dalvikvm( 2192): Link of class 'Lcom/google/android/gms/org/conscrypt/TrustManagerImpl;' failed
E/dalvikvm( 2192): Could not find class 'com.google.android.gms.org.conscrypt.TrustManagerImpl', referenced from method com.google.android.gms.org.conscrypt.Conscrypt.isConscrypt
W/dalvikvm( 2192): VFY: unable to resolve instanceof 4452 (Lcom/google/android/gms/org/conscrypt/TrustManagerImpl;) in Lcom/google/android/gms/org/conscrypt/Conscrypt;
D/dalvikvm( 2192): VFY: replacing opcode 0x20 at 0x0000
W/dalvikvm( 2192): Unable to resolve superclass of Lcom/google/android/gms/org/conscrypt/TrustManagerImpl; (5184)
W/dalvikvm( 2192): Link of class 'Lcom/google/android/gms/org/conscrypt/TrustManagerImpl;' failed
I/dalvikvm( 2192): Could not find method com.google.android.gms.org.conscrypt.TrustManagerImpl.setDefaultHostnameVerifier, referenced from method com.google.android.gms.org.conscrypt.Conscrypt.setDefaultHostnameVerifier
W/dalvikvm( 2192): VFY: unable to resolve static method 17882: Lcom/google/android/gms/org/conscrypt/TrustManagerImpl;.setDefaultHostnameVerifier (Lcom/google/android/gms/org/conscrypt/ConscryptHostnameVerifier;)V
D/dalvikvm( 2192): VFY: replacing opcode 0x71 at 0x0003
W/dalvikvm( 2192): Unable to resolve superclass of Lcom/google/android/gms/org/conscrypt/TrustManagerImpl; (5184)
W/dalvikvm( 2192): Link of class 'Lcom/google/android/gms/org/conscrypt/TrustManagerImpl;' failed
W/dalvikvm( 2192): VFY: unable to find class referenced in signature (Lcom/google/android/gms/org/conscrypt/TrustManagerImpl;)
W/dalvikvm( 2192): Unable to resolve superclass of Lcom/google/android/gms/org/conscrypt/TrustManagerImpl; (5184)
W/dalvikvm( 2192): Link of class 'Lcom/google/android/gms/org/conscrypt/TrustManagerImpl;' failed
I/dalvikvm( 2192): Could not find method com.google.android.gms.org.conscrypt.TrustManagerImpl.setHostnameVerifier, referenced from method com.google.android.gms.org.conscrypt.Conscrypt.setHostnameVerifier
W/dalvikvm( 2192): VFY: unable to resolve virtual method 17883: Lcom/google/android/gms/org/conscrypt/TrustManagerImpl;.setHostnameVerifier (Lcom/google/android/gms/org/conscrypt/ConscryptHostnameVerifier;)V
D/dalvikvm( 2192): VFY: replacing opcode 0x6e at 0x0004
W/dalvikvm( 2192): Unable to resolve superclass of Lcom/google/android/gms/org/conscrypt/TrustManagerImpl; (5184)
W/dalvikvm( 2192): Link of class 'Lcom/google/android/gms/org/conscrypt/TrustManagerImpl;' failed
E/dalvikvm( 2192): Could not find class 'com.google.android.gms.org.conscrypt.TrustManagerImpl', referenced from method com.google.android.gms.org.conscrypt.Conscrypt.toConscrypt
W/dalvikvm( 2192): VFY: unable to resolve check-cast 4452 (Lcom/google/android/gms/org/conscrypt/TrustManagerImpl;) in Lcom/google/android/gms/org/conscrypt/Conscrypt;
D/dalvikvm( 2192): VFY: replacing opcode 0x1f at 0x002a
I/dalvikvm( 1787): Could not find method android.content.Context.bindService, referenced from method uws.bindService
W/dalvikvm( 1787): VFY: unable to resolve virtual method 2453: Landroid/content/Context;.bindService (Landroid/content/Intent;ILjava/util/concurrent/Executor;Landroid/content/ServiceConnection;)Z
D/dalvikvm( 1787): VFY: replacing opcode 0x6e at 0x0018
I/dalvikvm( 1787): Could not find method android.content.Context.bindService, referenced from method uws.bindService
W/dalvikvm( 1787): VFY: unable to resolve virtual method 2453: Landroid/content/Context;.bindService (Landroid/content/Intent;ILjava/util/concurrent/Executor;Landroid/content/ServiceConnection;)Z
D/dalvikvm( 1787): VFY: replacing opcode 0x6e at 0x0030
I/dalvikvm( 1787): Could not find method android.content.Context.startForegroundService, referenced from method uws.startForegroundService
W/dalvikvm( 1787): VFY: unable to resolve virtual method 2501: Landroid/content/Context;.startForegroundService (Landroid/content/Intent;)Landroid/content/ComponentName;
D/dalvikvm( 1787): VFY: replacing opcode 0x6e at 0x001c
I/dalvikvm( 1787): Could not find method android.content.Context.startForegroundService, referenced from method uws.startForegroundService
W/dalvikvm( 1787): VFY: unable to resolve virtual method 2501: Landroid/content/Context;.startForegroundService (Landroid/content/Intent;)Landroid/content/ComponentName;
D/dalvikvm( 1787): VFY: replacing opcode 0x6e at 0x0028
I/dalvikvm( 1787): Could not find method android.os.PowerManager.isPowerSaveMode, referenced from method uwl.a
W/dalvikvm( 1787): VFY: unable to resolve virtual method 3047: Landroid/os/PowerManager;.isPowerSaveMode ()Z
D/dalvikvm( 1787): VFY: replacing opcode 0x6e at 0x0010
I/dalvikvm( 1787): Could not find method android.os.PowerManager.isPowerSaveMode, referenced from method ayli.c
D/dalvikvm( 2192): GC_FOR_ALLOC freed 387K, 32% free 3673K/5364K, paused 2ms, total 2ms
W/dalvikvm( 1787): VFY: unable to resolve virtual method 1679: Landroid/os/PowerManager;.isPowerSaveMode ()Z
D/dalvikvm( 1787): VFY: replacing opcode 0x6e at 0x000a
E/dalvikvm( 1787): Could not find class 'android.content.RestrictionsManager', referenced from method axpy.a
W/dalvikvm( 1787): VFY: unable to resolve check-cast 215 (Landroid/content/RestrictionsManager;) in Laxpy;
D/dalvikvm( 1787): VFY: replacing opcode 0x1f at 0x009b
D/dalvikvm( 1787): GC_FOR_ALLOC freed 285K, 7% free 6036K/6452K, paused 5ms, total 5ms
D/dalvikvm( 2192): GC_FOR_ALLOC freed 141K, 25% free 4043K/5364K, paused 3ms, total 3ms
D/dalvikvm( 1787): GC_FOR_ALLOC freed 249K, 6% free 6692K/7112K, paused 4ms, total 4ms
D/dalvikvm( 2192): GC_FOR_ALLOC freed 139K, 18% free 4415K/5364K, paused 2ms, total 2ms
D/dalvikvm( 2192): GC_FOR_ALLOC freed 129K, 11% free 4785K/5364K, paused 2ms, total 2ms
D/dalvikvm( 1567): GC_FOR_ALLOC freed 997K, 53% free 7235K/15144K, paused 60ms, total 60ms
I/NativeLibraryUtils( 1787): Extraction to /data/data/com.google.android.gms/app_extracted_libs/x86/libAppDataSearch.so true
D/dalvikvm( 1806): GC_FOR_ALLOC freed 521K, 17% free 3184K/3832K, paused 2ms, total 2ms
E/dalvikvm( 2192): Could not find class 'javax.net.ssl.SNIServerName', referenced from method com.google.android.gms.org.conscrypt.Platform.getSniHostnameFromParams
W/dalvikvm( 2192): VFY: unable to resolve check-cast 5160 (Ljavax/net/ssl/SNIServerName;) in Lcom/google/android/gms/org/conscrypt/Platform;
D/dalvikvm( 2192): VFY: replacing opcode 0x1f at 0x0025
E/dalvikvm( 2192): Could not find class 'javax.net.ssl.SNIHostName', referenced from method com.google.android.gms.org.conscrypt.Platform.setParametersSniHostname
W/dalvikvm( 2192): VFY: unable to resolve new-instance 5159 (Ljavax/net/ssl/SNIHostName;) in Lcom/google/android/gms/org/conscrypt/Platform;
D/dalvikvm( 2192): VFY: replacing opcode 0x22 at 0x0024
E/dalvikvm( 2192): Could not find class 'javax.net.ssl.SNIHostName', referenced from method com.google.android.gms.org.conscrypt.Platform.setParametersSniHostname
W/dalvikvm( 2192): VFY: unable to resolve new-instance 5159 (Ljavax/net/ssl/SNIHostName;) in Lcom/google/android/gms/org/conscrypt/Platform;
D/dalvikvm( 2192): VFY: replacing opcode 0x22 at 0x0024
I/NativeLibraryUtils( 1787): Extraction to /data/data/com.google.android.gms/app_extracted_libs/x86/libWhisper.so true
D/dalvikvm( 2192): GC_FOR_ALLOC freed 231K, 7% free 5068K/5448K, paused 12ms, total 12ms
D/dalvikvm( 2192): DexOpt: unable to opt direct call 0x52f9 at 0x2a in Lcom/google/android/gms/org/conscrypt/Platform;.setParametersSniHostname
D/dalvikvm( 2192): DexOpt: unable to opt direct call 0x52f9 at 0x2a in Lcom/google/android/gms/org/conscrypt/Platform;.setParametersSniHostname
I/ProviderInstaller( 2192): Installed default security provider GmsCore_OpenSSL
I/NativeLibraryUtils( 1787): Extraction to /data/data/com.google.android.gms/app_extracted_libs/x86/libconscrypt_gmscore_jni.so true
D/dalvikvm( 2192): GC_FOR_ALLOC freed 430K, 10% free 5278K/5824K, paused 5ms, total 5ms
I/Safeboot( 2192): Checking safeboot...
I/Safeboot( 2192): Not entering safeboot; wrong process.
E/dalvikvm( 2192): Could not find class 'com.google.common.flogger.backend.google.GooglePlatform', referenced from method beui.a
W/dalvikvm( 2192): VFY: unable to resolve const-class 4605 (Lcom/google/common/flogger/backend/google/GooglePlatform;) in Lbeui;
D/dalvikvm( 2192): VFY: replacing opcode 0x1c at 0x001b
I/NativeLibraryUtils( 1787): Extraction to /data/data/com.google.android.gms/app_extracted_libs/x86/libgcastv2_base.so true
I/NativeLibraryUtils( 1787): Extraction to /data/data/com.google.android.gms/app_extracted_libs/x86/libgcastv2_support.so true
I/auxu    ( 2192): Primes not initialized, returning default (no-op) Primes instance which will ignore all calls. Please call Primes.initialize(...) before using any Primes API.
I/NativeLibraryUtils( 1787): Extraction to /data/data/com.google.android.gms/app_extracted_libs/x86/libgmscore.so true
I/dalvikvm( 2192): Could not find method android.content.Context.bindService, referenced from method uws.bindService
W/dalvikvm( 2192): VFY: unable to resolve virtual method 2453: Landroid/content/Context;.bindService (Landroid/content/Intent;ILjava/util/concurrent/Executor;Landroid/content/ServiceConnection;)Z
D/dalvikvm( 2192): VFY: replacing opcode 0x6e at 0x0018
I/dalvikvm( 2192): Could not find method android.content.Context.bindService, referenced from method uws.bindService
W/dalvikvm( 2192): VFY: unable to resolve virtual method 2453: Landroid/content/Context;.bindService (Landroid/content/Intent;ILjava/util/concurrent/Executor;Landroid/content/ServiceConnection;)Z
D/dalvikvm( 2192): VFY: replacing opcode 0x6e at 0x0030
I/dalvikvm( 2192): Could not find method android.content.Context.startForegroundService, referenced from method uws.startForegroundService
W/dalvikvm( 2192): VFY: unable to resolve virtual method 2501: Landroid/content/Context;.startForegroundService (Landroid/content/Intent;)Landroid/content/ComponentName;
D/dalvikvm( 2192): VFY: replacing opcode 0x6e at 0x001c
I/dalvikvm( 2192): Could not find method android.content.Context.startForegroundService, referenced from method uws.startForegroundService
W/dalvikvm( 2192): VFY: unable to resolve virtual method 2501: Landroid/content/Context;.startForegroundService (Landroid/content/Intent;)Landroid/content/ComponentName;
D/dalvikvm( 2192): VFY: replacing opcode 0x6e at 0x0028
I/dalvikvm( 2192): Could not find method android.os.PowerManager.isPowerSaveMode, referenced from method uwl.a
W/dalvikvm( 2192): VFY: unable to resolve virtual method 3047: Landroid/os/PowerManager;.isPowerSaveMode ()Z
D/dalvikvm( 2192): VFY: replacing opcode 0x6e at 0x0010
I/NativeLibraryUtils( 1787): Extraction to /data/data/com.google.android.gms/app_extracted_libs/x86/libgoogle-ocrclient-v3.so true
D/dalvikvm( 1567): GC_FOR_ALLOC freed 1061K, 53% free 7240K/15144K, paused 10ms, total 10ms
I/NativeLibraryUtils( 1787): Extraction to /data/data/com.google.android.gms/app_extracted_libs/x86/libinertial-anchor-jni.so true
I/NativeLibraryUtils( 1787): Extraction to /data/data/com.google.android.gms/app_extracted_libs/x86/libjgcastservice.so true
D/dalvikvm( 1787): GC_FOR_ALLOC freed 791K, 13% free 7020K/7984K, paused 4ms, total 4ms
E/StrictMode( 1787): A resource was acquired at attached stack trace but never released. See java.io.Closeable for information on avoiding resource leaks.
E/StrictMode( 1787): java.lang.Throwable: Explicit termination method 'end' not called
E/StrictMode( 1787): 	at dalvik.system.CloseGuard.open(CloseGuard.java:184)
E/StrictMode( 1787): 	at java.util.zip.Inflater.<init>(Inflater.java:82)
E/StrictMode( 1787): 	at java.util.zip.ZipFile.getInputStream(ZipFile.java:310)
E/StrictMode( 1787): 	at npp.d(:com.google.android.gms@202414005@20.24.14 (000700-319035315):36)
E/StrictMode( 1787): 	at mob.run(:com.google.android.gms@202414005@20.24.14 (000700-319035315):0)
D/dalvikvm( 1567): GC_FOR_ALLOC freed 1063K, 53% free 7242K/15144K, paused 7ms, total 8ms
E/SQLiteLog( 1787): (1) no such table: Packages
E/ConfigFileUtils( 2192): Failed to read config file: /data/data/com.google.android.gms/app_chimera/current_fileapks.pb: open failed: ENOENT (No such file or directory)
I/GmsModuleFndr( 2192): Beginning GMS chimera module scan
E/ConfigFileUtils( 2192): Failed to read config file: /data/data/com.google.android.gms/app_chimera/current_fileapks.pb: open failed: ENOENT (No such file or directory)
I/ModuleSetMgr( 2192): Computing pending module set with APKs: []
I/ModuleSetMgr( 2192): Pending container module APKs: []
I/ModuleSetMgr( 2192): Pending non-container module APKs: []
E/ConfigFileUtils( 2192): Failed to read config file: /data/data/com.google.android.gms/app_chimera/current_fileapks.pb: open failed: ENOENT (No such file or directory)
I/dalvikvm( 1787): Could not find method android.content.ServiceConnection.onNullBinding, referenced from method uxb.onNullBinding
W/dalvikvm( 1787): VFY: unable to resolve interface method 2566: Landroid/content/ServiceConnection;.onNullBinding (Landroid/content/ComponentName;)V
D/dalvikvm( 1787): VFY: replacing opcode 0x72 at 0x000f
D/dalvikvm( 2192): GC_FOR_ALLOC freed 517K, 10% free 5507K/6096K, paused 10ms, total 10ms
E/ConfigFileUtils( 2192): Failed to read config file: /data/data/com.google.android.gms/app_chimera/current_fileapks.pb: open failed: ENOENT (No such file or directory)
I/GmsModuleFndr( 2192): Beginning GMS chimera module scan
E/ConfigFileUtils( 2192): Failed to read config file: /data/data/com.google.android.gms/app_chimera/current_fileapks.pb: open failed: ENOENT (No such file or directory)
I/ModuleSetMgr( 2192): Computing pending module set with APKs: []
I/ModuleSetMgr( 2192): Pending container module APKs: []
I/ModuleSetMgr( 2192): Pending non-container module APKs: []
E/ConfigFileUtils( 2192): Failed to read config file: /data/data/com.google.android.gms/app_chimera/current_fileapks.pb: open failed: ENOENT (No such file or directory)
I/dalvikvm( 2192): Could not find method android.accounts.AccountManager.removeAccount, referenced from method ymq.c
W/dalvikvm( 2192): VFY: unable to resolve virtual method 4165: Landroid/accounts/AccountManager;.removeAccount (Landroid/accounts/Account;Landroid/app/Activity;Landroid/accounts/AccountManagerCallback;Landroid/os/Handler;)Landroid/accounts/AccountManagerFuture;
D/dalvikvm( 2192): VFY: replacing opcode 0x6e at 0x0009
I/dalvikvm( 2192): Could not find method android.accounts.AccountManager.removeAccountExplicitly, referenced from method ymq.d
W/dalvikvm( 2192): VFY: unable to resolve virtual method 4166: Landroid/accounts/AccountManager;.removeAccountExplicitly (Landroid/accounts/Account;)Z
D/dalvikvm( 2192): VFY: replacing opcode 0x6e at 0x0008
D/dalvikvm( 1787): GC_FOR_ALLOC freed 1189K, 16% free 7115K/8424K, paused 9ms, total 9ms
I/NativeLibraryUtils( 1787): Extraction to /data/data/com.google.android.gms/app_extracted_libs/x86/libjingle_peerconnection_so.so true
E/ConfigFileUtils( 2192): Failed to read config file: /data/data/com.google.android.gms/app_chimera/current_fileapks.pb: open failed: ENOENT (No such file or directory)
I/GmsModuleFndr( 2192): Beginning GMS chimera module scan
D/dalvikvm( 1567): GC_FOR_ALLOC freed 908K, 52% free 7400K/15144K, paused 10ms, total 11ms
I/NativeLibraryUtils( 1787): Extraction to /data/data/com.google.android.gms/app_extracted_libs/x86/libleveldbjni.so true
E/ConfigFileUtils( 2192): Failed to read config file: /data/data/com.google.android.gms/app_chimera/current_fileapks.pb: open failed: ENOENT (No such file or directory)
I/ModuleSetMgr( 2192): Computing pending module set with APKs: []
I/ModuleSetMgr( 2192): Pending container module APKs: []
I/ModuleSetMgr( 2192): Pending non-container module APKs: []
E/ConfigFileUtils( 2192): Failed to read config file: /data/data/com.google.android.gms/app_chimera/current_fileapks.pb: open failed: ENOENT (No such file or directory)
I/NativeLibraryUtils( 1787): Extraction to /data/data/com.google.android.gms/app_extracted_libs/x86/libmatching.so true
D/dalvikvm( 2192): GC_FOR_ALLOC freed 791K, 14% free 5554K/6412K, paused 6ms, total 6ms
I/NativeLibraryUtils( 1787): Extraction to /data/data/com.google.android.gms/app_extracted_libs/x86/libvcdiffjni.so true
I/NativeLibraryUtils( 1787): Extraction to /data/data/com.google.android.gms/app_extracted_libs/x86/libwearable-selector.so true
D/dalvikvm( 1567): GC_FOR_ALLOC freed 1049K, 52% free 7402K/15144K, paused 18ms, total 18ms
W/ModuleManager( 1787): Unable to get current module's fulfilled APIs in ModuleManager created with non-module Context
I/dalvikvm( 1787): Could not find method android.system.Os.statvfs, referenced from method mbx.a
W/dalvikvm( 1787): VFY: unable to resolve static method 5777: Landroid/system/Os;.statvfs (Ljava/lang/String;)Landroid/system/StructStatVfs;
D/dalvikvm( 1787): VFY: replacing opcode 0x71 at 0x0029
I/dalvikvm( 1787): DexOpt: unable to optimize instance field ref 0x076d at 0x2d in Lmbx;.a
I/dalvikvm( 2192): Could not find method android.app.Activity.getMediaController, referenced from method com.google.android.chimera.ActivityBase.getMediaController
W/dalvikvm( 2192): VFY: unable to resolve virtual method 2155: Landroid/app/Activity;.getMediaController ()Landroid/media/session/MediaController;
D/dalvikvm( 2192): VFY: replacing opcode 0x6e at 0x0002
I/dalvikvm( 2192): Could not find method android.app.Activity.getSearchEvent, referenced from method com.google.android.chimera.ActivityBase.getSearchEvent
W/dalvikvm( 2192): VFY: unable to resolve virtual method 2160: Landroid/app/Activity;.getSearchEvent ()Landroid/view/SearchEvent;
D/dalvikvm( 2192): VFY: replacing opcode 0x6e at 0x0002
D/dalvikvm( 1787): GC_EXPLICIT freed 708K, 16% free 7078K/8424K, paused 0ms+3ms, total 16ms
W/dalvikvm( 2192): VFY: unable to find class referenced in signature (Landroid/app/VoiceInteractor;)
W/dalvikvm( 2192): VFY: unable to find class referenced in signature (Landroid/app/VoiceInteractor;)
W/dalvikvm( 2192): VFY: unable to find class referenced in signature (Landroid/os/PersistableBundle;)
W/dalvikvm( 2192): VFY: unable to find class referenced in signature (Landroid/os/PersistableBundle;)
W/dalvikvm( 2192): VFY: unable to find class referenced in signature (Landroid/os/PersistableBundle;)
W/dalvikvm( 2192): VFY: unable to find class referenced in signature (Landroid/os/PersistableBundle;)
W/dalvikvm( 2192): VFY: unable to find class referenced in signature (Landroid/app/assist/AssistContent;)
W/dalvikvm( 2192): VFY: unable to find class referenced in signature (Landroid/app/assist/AssistContent;)
W/dalvikvm( 2192): VFY: unable to find class referenced in signature (Landroid/os/PersistableBundle;)
W/dalvikvm( 2192): VFY: unable to find class referenced in signature (Landroid/os/PersistableBundle;)
W/dalvikvm( 2192): VFY: unable to find class referenced in signature (Landroid/os/PersistableBundle;)
W/dalvikvm( 2192): VFY: unable to find class referenced in signature (Landroid/os/PersistableBundle;)
W/dalvikvm( 2192): VFY: unable to find class referenced in signature (Landroid/view/SearchEvent;)
W/dalvikvm( 2192): VFY: unable to find class referenced in signature (Landroid/view/SearchEvent;)
I/dalvikvm( 2192): Could not find method android.app.Activity.requestPermissions, referenced from method com.google.android.chimera.ActivityBase.requestPermissions
W/dalvikvm( 2192): VFY: unable to resolve virtual method 2194: Landroid/app/Activity;.requestPermissions ([Ljava/lang/String;I)V
D/dalvikvm( 2192): VFY: replacing opcode 0x6e at 0x0002
D/dalvikvm( 1567): GC_FOR_ALLOC freed 1178K, 52% free 7331K/15144K, paused 19ms, total 19ms
D/dalvikvm( 2192): GC_FOR_ALLOC freed 818K, 14% free 5567K/6472K, paused 13ms, total 13ms
W/dalvikvm( 2192): VFY: unable to find class referenced in signature (Landroid/media/session/MediaController;)
I/dalvikvm( 2192): Could not find method android.app.Activity.setMediaController, referenced from method com.google.android.chimera.ActivityBase.setMediaController
W/dalvikvm( 2192): VFY: unable to resolve virtual method 2205: Landroid/app/Activity;.setMediaController (Landroid/media/session/MediaController;)V
D/dalvikvm( 2192): VFY: replacing opcode 0x6e at 0x0002
E/dalvikvm( 2192): Could not find class 'android.app.ActivityManager$TaskDescription', referenced from method com.google.android.gms.growth.ui.webview.GrowthWebViewChimeraActivity.onCreate
W/dalvikvm( 2192): VFY: unable to resolve new-instance 1205 (Landroid/app/ActivityManager$TaskDescription;) in Lcom/google/android/gms/growth/ui/webview/GrowthWebViewChimeraActivity;
D/dalvikvm( 2192): VFY: replacing opcode 0x22 at 0x00d9
D/dalvikvm( 2192): DexOpt: unable to opt direct call 0x1060 at 0xe6 in Lcom/google/android/gms/growth/ui/webview/GrowthWebViewChimeraActivity;.onCreate
E/BluetoothAdapter( 1841): Bluetooth binder is null
