W/PackageManager( 1567): Unknown permission android.permission.ALLOCATE_AGGRESSIVE in package com.google.android.gms
W/PackageManager( 1567): Unknown permission android.car.permission.CAR_POWER in package com.google.android.gms
W/PackageManager( 1567): Unknown permission android.permission.USE_FINGERPRINT in package com.google.android.gms
W/PackageManager( 1567): Unknown permission android.permission.USE_BIOMETRIC in package com.google.android.gms
W/PackageManager( 1567): Unknown permission android.permission.SEND_SMS_NO_CONFIRMATION in package com.google.android.gms
W/PackageManager( 1567): Unknown permission com.google.android.wearable.WRITE_SETTINGS in package com.google.android.gms
W/PackageManager( 1567): Unknown permission com.felicanetworks.mfc.permission.MFC_ACCESS in package com.google.android.gms
W/PackageManager( 1567): Unknown permission com.felicanetworks.mfc.mfi.permission.MFI_ACCESS in package com.google.android.gms
W/PackageManager( 1567): Unknown permission com.google.android.finsky.permission.INSTANT_APP_STATE in package com.google.android.gms
W/PackageManager( 1567): Unknown permission android.permission.ACCESS_BACKGROUND_LOCATION in package com.google.android.gms
W/PackageManager( 1567): Unknown permission android.permission.ACCESS_NOTIFICATION_POLICY in package com.google.android.gms
W/PackageManager( 1567): Unknown permission com.google.android.googlequicksearchbox.permission.PAUSE_HOTWORD in package com.google.android.gms
W/PackageManager( 1567): Unknown permission android.permission.MANAGE_VOICE_KEYPHRASES in package com.google.android.gms
W/PackageManager( 1567): Unknown permission android.permission.UWB in package com.google.android.gms
W/PackageManager( 1567): Unknown permission android.permission.USE_FULL_SCREEN_INTENT in package com.google.android.gms
W/PackageManager( 1567): Unknown permission android.permission.TETHER_PRIVILEGED in package com.google.android.gms
W/PackageManager( 1567): Unknown permission android.permission.CONTROL_DISPLAY_SATURATION in package com.google.android.gms
W/PackageManager( 1567): Unknown permission android.permission.REAL_GET_TASKS in package com.google.android.gms
W/PackageManager( 1567): Unknown permission com.google.android.finsky.permission.BIND_GET_INSTALL_REFERRER_SERVICE in package com.google.android.gms
W/PackageManager( 1567): Unknown permission com.google.android.hangouts.START_HANGOUT in package com.google.android.gms
W/PackageManager( 1567): Unknown permission android.permission.READ_OEM_UNLOCK_STATE in package com.google.android.gms
W/PackageManager( 1567): Unknown permission android.permission.SCORE_NETWORKS in package com.google.android.gms
W/PackageManager( 1567): Unknown permission android.permission.OVERRIDE_WIFI_CONFIG in package com.google.android.gms
W/PackageManager( 1567): Unknown permission android.car.permission.CAR_POWERTRAIN in package com.google.android.gms
W/PackageManager( 1567): Unknown permission android.car.permission.CAR_ENERGY in package com.google.android.gms
W/PackageManager( 1567): Unknown permission android.car.permission.CAR_ENERGY_PORTS in package com.google.android.gms
W/PackageManager( 1567): Unknown permission android.car.permission.CAR_EXTERIOR_LIGHTS in package com.google.android.gms
W/PackageManager( 1567): Unknown permission android.car.permission.CAR_INFO in package com.google.android.gms
W/PackageManager( 1567): Unknown permission android.car.permission.CAR_MILEAGE in package com.google.android.gms
W/PackageManager( 1567): Unknown permission android.car.permission.CAR_TIRES in package com.google.android.gms
W/PackageManager( 1567): Unknown permission android.car.permission.CONTROL_CAR_CLIMATE in package com.google.android.gms
W/PackageManager( 1567): Unknown permission android.car.permission.CONTROL_CAR_DOORS in package com.google.android.gms
W/PackageManager( 1567): Unknown permission android.car.permission.CONTROL_CAR_EXTERIOR_LIGHTS in package com.google.android.gms
W/PackageManager( 1567): Unknown permission android.car.permission.CONTROL_CAR_MIRRORS in package com.google.android.gms
W/PackageManager( 1567): Unknown permission android.car.permission.CONTROL_CAR_SEATS in package com.google.android.gms
W/PackageManager( 1567): Unknown permission android.car.permission.CONTROL_CAR_WINDOWS in package com.google.android.gms
W/PackageManager( 1567): Unknown permission android.car.permission.READ_CAR_DISPLAY_UNITS in package com.google.android.gms
W/PackageManager( 1567): Unknown permission android.permission.CONTROL_INCALL_EXPERIENCE in package com.google.android.gms
W/PackageManager( 1567): Unknown permission android.permission.USER_ACTIVITY in package com.google.android.gms
W/PackageManager( 1567): Unknown permission android.permission.MODIFY_AUDIO_ROUTING in package com.google.android.gms
W/PackageManager( 1567): Unknown permission android.permission.MODIFY_DAY_NIGHT_MODE in package com.google.android.gms
W/PackageManager( 1567): Unknown permission com.google.android.finsky.permission.GEARHEAD_SERVICE in package com.google.android.gms
W/PackageManager( 1567): Unknown permission com.google.android.permission.ACCESSIBILITY_SCAN_SERVICE in package com.google.android.gms
W/PackageManager( 1567): Unknown permission android.permission.START_TASKS_FROM_RECENTS in package com.google.android.gms
W/PackageManager( 1567): Not granting permission android.permission.MANAGE_ACTIVITY_STACKS to package com.google.android.gms (protectionLevel=2 flags=0x40c83e45)
W/PackageManager( 1567): Unknown permission android.permission.ACTIVITY_EMBEDDING in package com.google.android.gms
W/PackageManager( 1567): Unknown permission com.google.android.finsky.permission.ACCESS_INSTANT_APP_NOTIFICATION_ENFORCEMENT in package com.google.android.gms
W/PackageManager( 1567): Unknown permission android.permission.PROVIDE_RESOLVER_RANKER_SERVICE in package com.google.android.gms
W/PackageManager( 1567): Unknown permission com.google.android.clockwork.settings.SHOW_FACTORY_RESET_CONFIRMATION in package com.google.android.gms
W/PackageManager( 1567): Unknown permission com.google.android.wearable.READ_SETTINGS in package com.google.android.gms
W/PackageManager( 1567): Unknown permission android.permission.READ_MEDIA_AUDIO in package com.google.android.gms
W/PackageManager( 1567): Unknown permission android.permission.READ_MEDIA_IMAGES in package com.google.android.gms
W/PackageManager( 1567): Unknown permission android.permission.READ_MEDIA_VIDEO in package com.google.android.gms
W/PackageManager( 1567): Unknown permission android.permission.INTENT_FILTER_VERIFICATION_AGENT in package com.google.android.gms
W/PackageManager( 1567): Unknown permission android.permission.LOCAL_MAC_ADDRESS in package com.google.android.gms
W/PackageManager( 1567): Unknown permission android.permission.CHANGE_DEVICE_IDLE_TEMP_WHITELIST in package com.google.android.gms
W/PackageManager( 1567): Unknown permission android.permission.READ_WIFI_CREDENTIAL in package com.google.android.gms
W/PackageManager( 1567): Unknown permission android.permission.SUBSTITUTE_NOTIFICATION_APP_NAME in package com.google.android.gms
W/PackageManager( 1567): Unknown permission android.permission.SUBSTITUTE_SHARE_TARGET_APP_NAME_AND_ICON in package com.google.android.gms
W/PackageManager( 1567): Unknown permission android.permission.ACTIVITY_RECOGNITION in package com.google.android.gms
W/PackageManager( 1567): Unknown permission android.permission.MANAGE_SUBSCRIPTION_PLANS in package com.google.android.gms
W/PackageManager( 1567): Unknown permission android.permission.READ_DEVICE_CONFIG in package com.google.android.gms
W/PackageManager( 1567): Unknown permission android.permission.WRITE_DEVICE_CONFIG in package com.google.android.gms
W/PackageManager( 1567): Unknown permission com.google.android.apps.now.OPT_IN_WIZARD in package com.google.android.gms
W/PackageManager( 1567): Unknown permission com.google.android.setupwizard.SETUP_COMPAT_SERVICE in package com.google.android.gms
W/PackageManager( 1567): Unknown permission android.permission.MANAGE_ROLLBACKS in package com.google.android.gms
W/PackageManager( 1567): Unknown permission android.permission.REQUEST_DELETE_PACKAGES in package com.google.android.gms
W/PackageManager( 1567): Unknown permission android.permission.NOTIFY_PENDING_SYSTEM_UPDATE in package com.google.android.gms
W/PackageManager( 1567): Unknown permission android.permission.BODY_SENSORS in package com.google.android.gms
W/PackageManager( 1567): Unknown permission com.google.android.launcher.permission.RECEIVE_LAUNCH_BROADCASTS in package com.google.android.gms
W/PackageManager( 1567): Unknown permission com.google.android.vending.verifier.ACCESS_VERIFIER in package com.google.android.gms
W/PackageManager( 1567): Unknown permission android.permission.RESET_PASSWORD in package com.google.android.gms
W/PackageManager( 1567): Unknown permission android.permission.LOCK_DEVICE in package com.google.android.gms
W/PackageManager( 1567): Unknown permission android.permission.CONTROL_KEYGUARD_SECURE_NOTIFICATIONS in package com.google.android.gms
W/PackageManager( 1567): Unknown permission com.google.android.gm.permission.READ_GMAIL in package com.google.android.gms
W/PackageManager( 1567): Unknown permission com.android.voicemail.permission.READ_VOICEMAIL in package com.google.android.gms
D/dalvikvm( 1661): GC_FOR_ALLOC freed 36K, 6% free 3449K/3648K, paused 1ms, total 1ms
W/PackageManager( 1567): Unknown permission com.google.android.voicesearch.SHORTCUTS_ACCESS in package com.google.android.googlequicksearchbox
W/PackageManager( 1567): Unknown permission com.google.android.voicesearch.ACCESS_SETTINGS in package com.google.android.googlequicksearchbox
W/PackageManager( 1567): Unknown permission com.google.android.ears.permission.WRITE in package com.google.android.googlequicksearchbox
W/PackageManager( 1567): Unknown permission com.google.android.apps.googlevoice.permission.AUTO_SEND in package com.google.android.googlequicksearchbox
W/PackageManager( 1567): Unknown permission com.google.android.gm.permission.AUTO_SEND in package com.google.android.googlequicksearchbox
W/PackageManager( 1567): Unknown permission android.permission.REQUEST_DELETE_PACKAGES in package com.google.android.play.games
W/PackageManager( 1567): Unknown permission com.google.android.finsky.permission.BIND_GET_INSTALL_REFERRER_SERVICE in package com.google.android.play.games
W/PackageManager( 1567): Not granting permission android.permission.DELETE_PACKAGES to package com.svox.pico (protectionLevel=18 flags=0x88be45)
W/PackageManager( 1567): Not granting permission android.permission.DEVICE_POWER to package com.android.deskclock (protectionLevel=2 flags=0xc8be45)
W/PackageManager( 1567): Not granting permission android.permission.READ_DREAM_STATE to package com.google.android.gsf (protectionLevel=2 flags=0x40883e45)
D/dalvikvm( 1661): GC_FOR_ALLOC freed 4K, 6% free 3617K/3820K, paused 3ms, total 3ms
I/dalvikvm-heap( 1661): Grow heap (frag case) to 5.437MB for 1939932-byte allocation
D/dalvikvm( 1661): GC_FOR_ALLOC freed <1K, 4% free 5511K/5716K, paused 2ms, total 2ms
D/dalvikvm( 1661): GC_FOR_ALLOC freed 18K, 3% free 6083K/6236K, paused 2ms, total 2ms
W/AppWidgetServiceImpl( 1567): Failed to read state: java.io.FileNotFoundException: /data/system/users/0/appwidgets.xml: open failed: ENOENT (No such file or directory)
W/InputMethodManagerService( 1567): Ignoring setImeWindowStatus of uid 1000 token: null
W/InputMethodUtils( 1567): Found no subtypes in a system IME: com.android.inputmethod.pinyin
W/InputMethodManagerService( 1567): Reset the default IME as "Resource" is ready here.
W/InputMethodUtils( 1567): Found no subtypes in a system IME: com.android.inputmethod.pinyin
I/InputMethodManagerService( 1567): Selected default: com.google.android.inputmethod.latin/com.android.inputmethod.latin.LatinIME
V/PhoneStatusBar/NavigationBarView( 1661): touchEnabled:false
W/InputMethodUtils( 1567): NameNotFoundException: com.android.inputmethod.latin
W/InputMethodUtils( 1567): android.content.pm.PackageManager$NameNotFoundException: com.android.inputmethod.latin
W/InputMethodUtils( 1567): 	at android.app.ApplicationPackageManager.getApplicationInfo(ApplicationPackageManager.java:227)
W/InputMethodUtils( 1567): 	at com.android.internal.inputmethod.InputMethodUtils.setNonSelectedSystemImesDisabledUntilUsed(InputMethodUtils.java:441)
W/InputMethodUtils( 1567): 	at com.android.server.InputMethodManagerService.systemRunning(InputMethodManagerService.java:853)
W/InputMethodUtils( 1567): 	at com.android.server.ServerThread$2.run(SystemServer.java:1021)
W/InputMethodUtils( 1567): 	at com.android.server.am.ActivityManagerService.systemReady(ActivityManagerService.java:9363)
W/InputMethodUtils( 1567): 	at com.android.server.am.ActivityManagerService$13$1.run(ActivityManagerService.java:9258)
W/InputMethodUtils( 1567): 	at android.os.Handler.handleCallback(Handler.java:733)
W/InputMethodUtils( 1567): 	at android.os.Handler.dispatchMessage(Handler.java:95)
W/InputMethodUtils( 1567): 	at android.os.Looper.loop(Looper.java:136)
W/InputMethodUtils( 1567): 	at com.android.server.am.ActivityManagerService$AThread.run(ActivityManagerService.java:1870)
I/PackageManager( 1567): Running dexopt on: com.google.android.inputmethod.latin
W/linker  ( 1784): libdvm.so has text relocations. This is wasting memory and is a security risk. Please fix.
I/ActivityManager( 1567): Start proc com.google.android.inputmethod.latin for service com.google.android.inputmethod.latin/com.android.inputmethod.latin.LatinIME: pid=1771 uid=10031 gids={50031, 3003, 1028, 1015}
V/InputMethodManagerService( 1567): Adding window token: android.os.Binder@9d137b60
W/InputMethodManagerService( 1567): Illegal subtype state: old subtype = null, new subtype = android.view.inputmethod.InputMethodSubtype@c9194f98
D/dalvikvm( 1784): DexOpt: load 7ms, verify+opt 42ms, 1425476 bytes
W/GpsLocationProvider( 1567): Could not open GPS configuration file /etc/gps.conf
D/dalvikvm( 1661): GC_FOR_ALLOC freed 49K, 2% free 7069K/7176K, paused 2ms, total 2ms
I/PackageManager( 1567): Running dexopt on: com.google.android.gms
W/linker  ( 1800): libdvm.so has text relocations. This is wasting memory and is a security risk. Please fix.
I/ActivityManager( 1567): Start proc com.google.android.gms.persistent for service com.google.android.gms/com.google.android.location.network.NetworkLocationService: pid=1787 uid=10007 gids={50007, 3003, 1007, 1028, 1015, 3002, 3001, 3007, 2001, 3006}
D/dalvikvm( 1800): DexOpt: couldn't find static field Landroid/os/Build;.SUPPORTED_64_BIT_ABIS
D/dalvikvm( 1800): DexOpt: couldn't find static field Landroid/os/Build;.SUPPORTED_64_BIT_ABIS
D/dalvikvm( 1800): DexOpt: couldn't find static field Landroid/os/Build;.SUPPORTED_64_BIT_ABIS
D/dalvikvm( 1800): DexOpt: couldn't find field Landroid/content/pm/ApplicationInfo;.splitSourceDirs
D/dalvikvm( 1800): DexOpt: couldn't find static field Landroid/os/Build;.SUPPORTED_ABIS
D/dalvikvm( 1800): DexOpt: couldn't find static field Landroid/os/Build;.SUPPORTED_64_BIT_ABIS
D/dalvikvm( 1800): DexOpt: load 24ms, verify+opt 130ms, 3112180 bytes
I/PackageManager( 1567): Running dexopt on: com.android.location.fused
W/linker  ( 1801): libdvm.so has text relocations. This is wasting memory and is a security risk. Please fix.
I/LatinIME( 1771): Hardware accelerated drawing: true
D/dalvikvm( 1801): DexOpt: load 1ms, verify+opt 0ms, 150300 bytes
W/dalvikvm( 1787): VFY: unable to resolve static field 1608 (PR_SET_DUMPABLE) in Landroid/system/OsConstants;
D/dalvikvm( 1787): VFY: replacing opcode 0x60 at 0x0017
W/dalvikvm( 1787): VFY: unable to find class referenced in signature (Lyqx;)
W/dalvikvm( 1787): VFY: unable to find class referenced in signature (Lyro;)
E/FlpHardwareProvider( 1567): Error hw_get_module 'flp': -2
E/FlpHardwareProvider( 1567): Error hw_get_module 'flp': -2
D/dalvikvm( 1567): GC_FOR_ALLOC freed 825K, 55% free 6923K/15144K, paused 8ms, total 8ms
I/LatinIME:LogUtils( 1771): Dictionary info: dictionary = PersonalizationPredictionDictio ; version = ? ; date = 1629045220
I/LatinIME:LogUtils( 1771): Dictionary info: dictionary = personalization.en_US.dict ; version = ? ; date = 1629045220
I/PackageManager( 1567): Running dexopt on: com.google.android.syncadapters.contacts
W/linker  ( 1820): libdvm.so has text relocations. This is wasting memory and is a security risk. Please fix.
I/ActivityManager( 1567): Start proc com.google.process.gapps for content provider com.google.android.gsf/.gservices.GservicesProvider: pid=1806 uid=10007 gids={50007, 3003, 1007, 1028, 1015, 3002, 3001, 3007, 2001, 3006}
D/dalvikvm( 1820): DexOpt: load 3ms, verify+opt 19ms, 550756 bytes
E/BluetoothAdapter( 1661): Bluetooth binder is null
E/BluetoothAdapter( 1661): Bluetooth binder is null
I/CommonTimeManagementService( 1567): No common time service detected on this platform.  Common time services will be unavailable.
W/InputAttributes( 1771): No editor info for this field. Bug?
I/InputReader( 1567): Reconfiguring input devices.  changes=0x00000030
I/ResourceUtils( 1771): Found default value: resource=keypress_vibration_durations build=[HARDWARE=ranchu MODEL=Android SDK built for x86 BRAND=generic_x86 MANUFACTURER=unknown] default=-1
I/ResourceUtils( 1771): Found default value: resource=keypress_volumes build=[HARDWARE=ranchu MODEL=Android SDK built for x86 BRAND=generic_x86 MANUFACTURER=unknown] default=-1.0f
W/SocketClient( 1141): write error (Broken pipe)
I/dalvikvm( 1806): Could not find method android.content.ContentProvider.query, referenced from method brf.superQuery
W/dalvikvm( 1806): VFY: unable to resolve virtual method 2428: Landroid/content/ContentProvider;.query (Landroid/net/Uri;[Ljava/lang/String;Landroid/os/Bundle;Landroid/os/CancellationSignal;)Landroid/database/Cursor;
D/dalvikvm( 1806): VFY: replacing opcode 0x6f at 0x0000
I/ActivityManager( 1567): Start proc com.android.phone for added application com.android.phone: pid=1828 uid=1001 gids={41001, 3002, 3001, 3003, 1028, 1015}
I/ActivityManager( 1567): START u0 {act=android.intent.action.MAIN cat=[android.intent.category.HOME] flg=0x10000000 cmp=com.android.settings/.CryptKeeper} from pid 0
D/dalvikvm( 1145): GC_EXPLICIT freed 38K, 4% free 2993K/3092K, paused 0ms+0ms, total 2ms
D/dalvikvm( 1145): GC_EXPLICIT freed <1K, 4% free 2993K/3092K, paused 1ms+0ms, total 2ms
D/dalvikvm( 1145): GC_EXPLICIT freed <1K, 4% free 2993K/3092K, paused 1ms+1ms, total 3ms
D/gralloc_ranchu( 1144): gralloc_alloc: Creating ashmem region of size 8294400
D/dalvikvm( 1771): GC_FOR_ALLOC freed 279K, 10% free 3218K/3556K, paused 3ms, total 4ms
I/ActivityManager( 1567): Start proc com.android.settings for activity com.android.settings/.CryptKeeper: pid=1841 uid=1000 gids={41000, 1028, 1015, 3002, 3001, 3003}
I/PackageManager( 1567): Running dexopt on: com.android.providers.telephony
I/ActivityManager( 1567): Start proc android.process.acore for content provider com.android.providers.userdictionary/.UserDictionaryProvider: pid=1856 uid=10002 gids={50002, 3003, 1028, 1015}
W/linker  ( 1868): libdvm.so has text relocations. This is wasting memory and is a security risk. Please fix.
D/dalvikvm( 1868): DexOpt: load 1ms, verify+opt 14ms, 229852 bytes
I/PackageManager( 1567): Running dexopt on: com.android.phone
W/linker  ( 1870): libdvm.so has text relocations. This is wasting memory and is a security risk. Please fix.
I/GservicesProvider( 1806): Gservices pushing to system: true; secure/global: true
D/dalvikvm( 1771): GC_FOR_ALLOC freed 411K, 15% free 3232K/3776K, paused 2ms, total 2ms
D/dalvikvm( 1870): Note: class Landroid/app/ActivityManagerNative; has 179 unimplemented (abstract) methods
D/dalvikvm( 1870): DexOpt: load 12ms, verify+opt 46ms, 1187044 bytes
I/PackageManager( 1567): Running dexopt on: com.android.settings
W/linker  ( 1877): libdvm.so has text relocations. This is wasting memory and is a security risk. Please fix.
D/dalvikvm( 1877): Note: class Landroid/app/ActivityManagerNative; has 179 unimplemented (abstract) methods
D/dalvikvm( 1877): DexOpt: load 13ms, verify+opt 65ms, 2338852 bytes
I/PackageManager( 1567): Running dexopt on: com.android.providers.userdictionary
W/linker  ( 1891): libdvm.so has text relocations. This is wasting memory and is a security risk. Please fix.
I/ActivityManager( 1567): Start proc android.process.media for broadcast com.android.providers.downloads/.DownloadReceiver: pid=1878 uid=10005 gids={50005, 1028, 1015, 1023, 1024, 2001, 3003, 3007}
D/dalvikvm( 1891): DexOpt: load 0ms, verify+opt 1ms, 173356 bytes
D/dalvikvm( 1806): GC_FOR_ALLOC freed 270K, 10% free 3221K/3552K, paused 1ms, total 1ms
I/PackageManager( 1567): Running dexopt on: com.android.providers.downloads
W/linker  ( 1905): libdvm.so has text relocations. This is wasting memory and is a security risk. Please fix.
I/ActivityManager( 1567): Start proc com.android.printspooler for service com.android.printspooler/.PrintSpoolerService: pid=1892 uid=10044 gids={50044}
D/dalvikvm( 1856): GC_FOR_ALLOC freed 252K, 9% free 3253K/3568K, paused 2ms, total 2ms
D/dalvikvm( 1905): DexOpt: load 2ms, verify+opt 12ms, 540948 bytes
I/PackageManager( 1567): Running dexopt on: com.android.printspooler
W/linker  ( 1911): libdvm.so has text relocations. This is wasting memory and is a security risk. Please fix.
D/dalvikvm( 1911): DexOpt: load 4ms, verify+opt 9ms, 610380 bytes
E/BluetoothAdapter( 1661): Bluetooth binder is null
I/dalvikvm( 1787): Could not find method android.system.Os.readlink, referenced from method msk.a
W/dalvikvm( 1787): VFY: unable to resolve static method 3145: Landroid/system/Os;.readlink (Ljava/lang/String;)Ljava/lang/String;
D/dalvikvm( 1787): VFY: replacing opcode 0x71 at 0x00b0
I/dalvikvm( 1787): Could not find method android.os.PowerManager.isInteractive, referenced from method ndc.a
W/dalvikvm( 1787): VFY: unable to resolve virtual method 3046: Landroid/os/PowerManager;.isInteractive ()Z
D/dalvikvm( 1787): VFY: replacing opcode 0x6e at 0x0013
I/dalvikvm( 1787): Could not find method com.google.android.chimera.ModuleContext.getAttributionTag, referenced from method com.google.android.chimera.ModuleContext.createAttributionContext
W/dalvikvm( 1787): VFY: unable to resolve virtual method 14170: Lcom/google/android/chimera/ModuleContext;.getAttributionTag ()Ljava/lang/String;
D/dalvikvm( 1787): VFY: replacing opcode 0x6e at 0x0004
I/dalvikvm( 1787): Could not find method com.google.android.chimera.ContextThemeWrapper.createAttributionContext, referenced from method com.google.android.chimera.ModuleContext.createAttributionContext
W/dalvikvm( 1787): VFY: unable to resolve virtual method 13785: Lcom/google/android/chimera/ContextThemeWrapper;.createAttributionContext (Ljava/lang/String;)Landroid/content/Context;
D/dalvikvm( 1787): VFY: replacing opcode 0x6f at 0x0035
I/dalvikvm( 1787): Could not find method android.content.ContextWrapper.createCredentialProtectedStorageContext, referenced from method com.google.android.chimera.ModuleContext.createCredentialProtectedStorageContext
W/dalvikvm( 1787): VFY: unable to resolve virtual method 2508: Landroid/content/ContextWrapper;.createCredentialProtectedStorageContext ()Landroid/content/Context;
D/dalvikvm( 1787): VFY: replacing opcode 0x6f at 0x0002
I/dalvikvm( 1787): Could not find method android.content.ContextWrapper.createDeviceProtectedStorageContext, referenced from method com.google.android.chimera.ModuleContext.createDeviceProtectedStorageContext
I/PrintSpoolerService( 1892): No existing print spooler state.
W/dalvikvm( 1787): VFY: unable to resolve virtual method 2509: Landroid/content/ContextWrapper;.createDeviceProtectedStorageContext ()Landroid/content/Context;
D/dalvikvm( 1787): VFY: replacing opcode 0x6f at 0x0002
I/dalvikvm( 1787): Could not find method com.google.android.chimera.ContextThemeWrapper.sendBroadcastWithMultiplePermissions, referenced from method com.google.android.chimera.ModuleContext.sendBroadcastWithMultiplePermissions
W/dalvikvm( 1787): VFY: unable to resolve virtual method 13795: Lcom/google/android/chimera/ContextThemeWrapper;.sendBroadcastWithMultiplePermissions (Landroid/content/Intent;[Ljava/lang/String;)V
D/dalvikvm( 1787): VFY: replacing opcode 0x6f at 0x0009
I/MultiDex( 1787): VM with version 1.6.0 does not have multidex support
I/MultiDex( 1787): Installing application
I/MultiDex( 1787): MultiDexExtractor(/system/priv-app/PrebuiltGmsCore.apk, /data/data/com.google.android.gms/code_cache/secondary-dexes)
I/MultiDex( 1787): Blocking on lock /data/data/com.google.android.gms/code_cache/secondary-dexes/MultiDex.lock
I/MultiDex( 1787): /data/data/com.google.android.gms/code_cache/secondary-dexes/MultiDex.lock locked
I/MultiDex( 1787): MultiDexExtractor.load(/system/priv-app/PrebuiltGmsCore.apk, false, )
I/LatinIME:LogUtils( 1771): Dictionary info: dictionary = userunigram.en_US.dict ; version = ? ; date = ?
I/MultiDex( 1787): Detected that extraction must be performed.
I/MediaProvider( 1878): Upgrading media database from version 0 to 700, which will destroy all old data
I/LatinIME:LogUtils( 1771): Dictionary info: dictionary = personalization.en_US.dict ; version = ? ; date = 1629045220
I/LatinIME:LogUtils( 1771): Dictionary info: dictionary = UserHistoryDictionary.en_US.dic ; version = ? ; date = 1629045220
D/dalvikvm( 1787): GC_FOR_ALLOC freed 253K, 9% free 3245K/3556K, paused 3ms, total 3ms
E/BluetoothAdapter( 1661): Bluetooth binder is null
D/dalvikvm( 1567): GC_FOR_ALLOC freed 1014K, 55% free 6896K/15144K, paused 28ms, total 29ms
I/ActivityManager( 1567): START u0 {act=android.intent.action.MAIN cat=[android.intent.category.HOME] flg=0x10000000 cmp=com.android.sdksetup/.DefaultActivity} from pid 0
D/dalvikvm( 1771): GC_FOR_ALLOC freed 454K, 14% free 3292K/3804K, paused 2ms, total 7ms
D/dalvikvm( 1787): GC_FOR_ALLOC freed 141K, 6% free 3608K/3816K, paused 3ms, total 3ms
I/ActivityManager( 1567): Start proc com.android.sdksetup for activity com.android.sdksetup/.DefaultActivity: pid=1925 uid=10046 gids={50046}
E/SQLiteLog( 1878): (1) no such table: album_info
D/dalvikvm( 1787): GC_FOR_ALLOC freed 131K, 6% free 3959K/4180K, paused 5ms, total 5ms
I/PackageManager( 1567): Running dexopt on: com.android.sdksetup
I/FusedLocation( 1567): engine stopped (com.android.location.fused)
I/FusedLocation( 1567): engine started (com.android.location.fused)
W/linker  ( 1945): libdvm.so has text relocations. This is wasting memory and is a security risk. Please fix.
D/dalvikvm( 1945): DexOpt: load 2ms, verify+opt 0ms, 147076 bytes
D/dalvikvm( 1787): GC_FOR_ALLOC freed 119K, 6% free 4303K/4532K, paused 4ms, total 4ms
I/FusedLocation( 1567): engine started (com.android.location.fused)
D/PhoneStatusBar( 1661): disable: < expand icons alerts ticker system_info back home recent clock search >
I/DownloadManager( 1878): Upgrading downloads database from version 0 to version 109, which will destroy all old data
I/ActivityManager( 1567): Start proc com.android.externalstorage for broadcast com.android.externalstorage/.MountReceiver: pid=1955 uid=10006 gids={50006, 1028, 1015, 1023}
D/dalvikvm( 1787): GC_FOR_ALLOC freed 128K, 6% free 4614K/4876K, paused 3ms, total 3ms
I/MultiDex( 1787): Extraction is needed for file /data/data/com.google.android.gms/code_cache/secondary-dexes/PrebuiltGmsCore.apk.classes2.zip
I/MultiDex( 1787): Extracting /data/data/com.google.android.gms/code_cache/secondary-dexes/tmp-PrebuiltGmsCore.apk.classes1981678602.zip
D/dalvikvm( 1661): GC_FOR_ALLOC freed 162K, 3% free 8187K/8408K, paused 2ms, total 3ms
I/PackageManager( 1567): Running dexopt on: com.android.externalstorage
I/PackageManager( 1567):   Action: "android.intent.action.SENDTO"
I/PackageManager( 1567):   Category: "android.intent.category.DEFAULT"
I/PackageManager( 1567):   Scheme: "sms"
W/BackupManagerService( 1567): dataChanged but no participant pkg='com.android.providers.settings' uid=1001
I/PackageManager( 1567): Adding preferred activity ComponentInfo{com.android.mms/com.android.mms.ui.ComposeMessageActivity} for user 0 :
I/PackageManager( 1567):   Action: "android.intent.action.SENDTO"
I/PackageManager( 1567):   Category: "android.intent.category.DEFAULT"
I/PackageManager( 1567):   Scheme: "smsto"
W/linker  ( 1970): libdvm.so has text relocations. This is wasting memory and is a security risk. Please fix.
I/PackageManager( 1567): Adding preferred activity ComponentInfo{com.android.mms/com.android.mms.ui.ComposeMessageActivity} for user 0 :
I/PackageManager( 1567):   Action: "android.intent.action.SENDTO"
I/PackageManager( 1567):   Category: "android.intent.category.DEFAULT"
I/PackageManager( 1567):   Scheme: "mms"
I/PackageManager( 1567):   Action: "android.intent.action.SENDTO"
I/PackageManager( 1567):   Category: "android.intent.category.DEFAULT"
I/PackageManager( 1567):   Scheme: "mmsto"
I/PackageManager( 1567): Adding preferred activity ComponentInfo{com.android.mms/com.android.mms.ui.ComposeMessageActivity} for user 0 :
I/PackageManager( 1567): Adding preferred activity ComponentInfo{com.android.mms/com.android.mms.ui.ComposeMessageActivity} for user 0 :
D/dalvikvm( 1970): DexOpt: load 1ms, verify+opt 2ms, 224484 bytes
I/PackageManager( 1567):   Action: "android.intent.action.SENDTO"
I/PackageManager( 1567):   Category: "android.intent.category.DEFAULT"
I/PackageManager( 1567):   Scheme: "sms"
I/PackageManager( 1567): Adding preferred activity ComponentInfo{com.android.mms/com.android.mms.ui.ComposeMessageActivity} for user 0 :
I/PackageManager( 1567):   Action: "android.intent.action.SENDTO"
I/PackageManager( 1567):   Category: "android.intent.category.DEFAULT"
I/PackageManager( 1567):   Scheme: "smsto"
I/PackageManager( 1567):   Action: "android.intent.action.SENDTO"
I/PackageManager( 1567):   Category: "android.intent.category.DEFAULT"
I/PackageManager( 1567):   Scheme: "mms"
I/PackageManager( 1567): Adding preferred activity ComponentInfo{com.android.mms/com.android.mms.ui.ComposeMessageActivity} for user 0 :
I/ActivityManager( 1567): Force stopping com.android.sdksetup appid=10046 user=0: pkg changed
I/ActivityManager( 1567): Killing 1925:com.android.sdksetup/u0a46 (adj 0): stop com.android.sdksetup
I/ActivityManager( 1567):   Force finishing activity ActivityRecord{9d63e248 u0 com.android.sdksetup/.DefaultActivity t2}
I/ActivityManager( 1567): START u0 {act=android.intent.action.MAIN cat=[android.intent.category.HOME] flg=0x10000000 cmp=com.android.launcher/com.android.launcher2.Launcher} from pid 0
I/PackageManager( 1567): Adding preferred activity ComponentInfo{com.android.mms/com.android.mms.ui.ComposeMessageActivity} for user 0 :
I/PackageManager( 1567):   Action: "android.intent.action.SENDTO"
I/PackageManager( 1567):   Category: "android.intent.category.DEFAULT"
I/PackageManager( 1567):   Scheme: "mmsto"
D/ExternalStorage( 1955): After updating volumes, found 1 active roots
I/PackageManager( 1567): Adding preferred activity ComponentInfo{com.android.mms/com.android.mms.ui.ComposeMessageActivity} for user 0 :
I/ActivityManager( 1567): Start proc com.android.launcher for activity com.android.launcher/com.android.launcher2.Launcher: pid=1973 uid=10009 gids={50009}
E/BluetoothAdapter( 1661): Bluetooth binder is null
I/InputReader( 1567): Reconfiguring input devices.  changes=0x00000010
D/PhoneStatusBar( 1661): heads up is disabled
D/ExternalStorage( 1955): After updating volumes, found 1 active roots
D/PhoneStatusBar( 1661): mSettingsPanelGravity = 55
D/MediaScannerReceiver( 1878): action: android.intent.action.MEDIA_MOUNTED path: /storage/sdcard
I/Choreographer( 1661): Skipped 73 frames!  The application may be doing too much work on its main thread.
V/KeyguardTouchDelegate( 1661): Connected to keyguard
D/dalvikvm( 1828): GC_FOR_ALLOC freed 245K, 9% free 3253K/3556K, paused 4ms, total 4ms
I/LatinIME:LogUtils( 1771): Dictionary info: dictionary = main:en ; version = 42 ; date = 1381226516
E/BluetoothAdapter( 1828): Bluetooth binder is null
D/dalvikvm( 1567): GC_FOR_ALLOC freed 849K, 54% free 7011K/15144K, paused 9ms, total 9ms
E/BluetoothAdapter( 1828): Bluetooth binder is null
D/CallNotifier( 1828): CallNotifier: mSignalInfoToneGenerator created when toneplay
E/BluetoothAdapter( 1828): Bluetooth binder is null
I/PackageManager( 1567): Running dexopt on: com.android.launcher
D/        ( 1661): HostConnection::get() New Host Connection established 0xb85c3e60, tid 1661
W/linker  ( 1994): libdvm.so has text relocations. This is wasting memory and is a security risk. Please fix.
D/EGL_emulation( 1661): eglCreateContext: 0xb85c81d0: maj 3 min 0 rcv 3
D/EGL_emulation( 1661): eglMakeCurrent: 0xb85c81d0: ver 3 0
E/eglCodecCommon( 1661): glUtilsParamSize: unknow param 0x00008cdf
E/eglCodecCommon( 1661): glUtilsParamSize: unknow param 0x00008824
E/EGL_emulation( 1661): tid 1661: eglSurfaceAttrib(1199): error 0x3009 (EGL_BAD_MATCH)
W/HardwareRenderer( 1661): Backbuffer cannot be preserved
D/OpenGLRenderer( 1661): Enabling debug mode 0
I/DownloadManager( 1878): Download 1 starting
D/EGL_emulation( 1661): eglMakeCurrent: 0xb85c81d0: ver 3 0
E/EGL_emulation( 1661): tid 1661: eglSurfaceAttrib(1199): error 0x3009 (EGL_BAD_MATCH)
W/HardwareRenderer( 1661): Backbuffer cannot be preserved
D/dalvikvm( 1878): GC_FOR_ALLOC freed 289K, 10% free 3217K/3568K, paused 11ms, total 11ms
W/DownloadManager( 1878): Aborting request for download 1: NO_CONNECTION
I/DownloadManager( 1878): Download 1 finished with status WAITING_FOR_NETWORK
D/dalvikvm( 1994): DexOpt: load 9ms, verify+opt 39ms, 987780 bytes
D/AlarmManagerService( 1567): Kernel timezone updated to 240 minutes west of GMT
D/        ( 1828): Setting time of day to sec=1629045221
D/EGL_emulation( 1661): eglMakeCurrent: 0xb85c81d0: ver 3 0
D/MobileDataStateTracker( 1567): fota: Broadcast received: android.intent.action.ANY_DATA_STATE apnType=fota
D/MobileDataStateTracker( 1567): fota: Received state=DISCONNECTED, old=DISCONNECTED, reason=radioTurnedOff
D/MobileDataStateTracker( 1567): ia: Broadcast received: android.intent.action.ANY_DATA_STATE apnType=ia
D/MobileDataStateTracker( 1567): ia: Received state=DISCONNECTED, old=DISCONNECTED, reason=radioTurnedOff
D/MobileDataStateTracker( 1567): supl: Broadcast received: android.intent.action.ANY_DATA_STATE apnType=supl
D/MobileDataStateTracker( 1567): supl: Received state=DISCONNECTED, old=DISCONNECTED, reason=radioTurnedOff
D/MobileDataStateTracker( 1567): hipri: Broadcast received: android.intent.action.ANY_DATA_STATE apnType=hipri
D/MobileDataStateTracker( 1567): hipri: Received state=DISCONNECTED, old=DISCONNECTED, reason=radioTurnedOff
D/MobileDataStateTracker( 1567): ims: Broadcast received: android.intent.action.ANY_DATA_STATE apnType=ims
D/MobileDataStateTracker( 1567): ims: Received state=DISCONNECTED, old=DISCONNECTED, reason=radioTurnedOff
D/MobileDataStateTracker( 1567): default: Broadcast received: android.intent.action.ANY_DATA_STATE apnType=default
D/MobileDataStateTracker( 1567): default: Received state=DISCONNECTED, old=DISCONNECTED, reason=radioTurnedOff
D/MobileDataStateTracker( 1567): mms: Broadcast received: android.intent.action.ANY_DATA_STATE apnType=mms
D/MobileDataStateTracker( 1567): mms: Received state=DISCONNECTED, old=DISCONNECTED, reason=radioTurnedOff
D/MobileDataStateTracker( 1567): cbs: Broadcast received: android.intent.action.ANY_DATA_STATE apnType=cbs
D/MobileDataStateTracker( 1567): cbs: Received state=DISCONNECTED, old=DISCONNECTED, reason=radioTurnedOff
D/MobileDataStateTracker( 1567): fota: Broadcast received: android.intent.action.ANY_DATA_STATE apnType=fota
D/MobileDataStateTracker( 1567): fota: Received state=DISCONNECTED, old=DISCONNECTED, reason=radioTurnedOff
D/MobileDataStateTracker( 1567): ia: Broadcast received: android.intent.action.ANY_DATA_STATE apnType=ia
D/MobileDataStateTracker( 1567): ia: Received state=DISCONNECTED, old=DISCONNECTED, reason=radioTurnedOff
D/MobileDataStateTracker( 1567): supl: Broadcast received: android.intent.action.ANY_DATA_STATE apnType=supl
D/MobileDataStateTracker( 1567): supl: Received state=DISCONNECTED, old=DISCONNECTED, reason=radioTurnedOff
D/MobileDataStateTracker( 1567): hipri: Broadcast received: android.intent.action.ANY_DATA_STATE apnType=hipri
D/MobileDataStateTracker( 1567): hipri: Received state=DISCONNECTED, old=DISCONNECTED, reason=radioTurnedOff
D/MobileDataStateTracker( 1567): ims: Broadcast received: android.intent.action.ANY_DATA_STATE apnType=ims
D/MobileDataStateTracker( 1567): ims: Received state=DISCONNECTED, old=DISCONNECTED, reason=radioTurnedOff
D/MobileDataStateTracker( 1567): default: Broadcast received: android.intent.action.ANY_DATA_STATE apnType=default
D/EGL_emulation( 1661): eglMakeCurrent: 0xb85c81d0: ver 3 0
D/MobileDataStateTracker( 1567): default: Received state=DISCONNECTED, old=DISCONNECTED, reason=radioTurnedOff
D/MobileDataStateTracker( 1567): mms: Broadcast received: android.intent.action.ANY_DATA_STATE apnType=mms
D/MobileDataStateTracker( 1567): mms: Received state=DISCONNECTED, old=DISCONNECTED, reason=radioTurnedOff
D/MobileDataStateTracker( 1567): cbs: Broadcast received: android.intent.action.ANY_DATA_STATE apnType=cbs
D/MobileDataStateTracker( 1567): cbs: Received state=DISCONNECTED, old=DISCONNECTED, reason=radioTurnedOff
D/MobileDataStateTracker( 1567): fota: Broadcast received: android.intent.action.ANY_DATA_STATE apnType=fota
D/MobileDataStateTracker( 1567): fota: Received state=DISCONNECTED, old=DISCONNECTED, reason=dataDetached
D/MobileDataStateTracker( 1567): ia: Broadcast received: android.intent.action.ANY_DATA_STATE apnType=ia
D/MobileDataStateTracker( 1567): ia: Received state=DISCONNECTED, old=DISCONNECTED, reason=dataDetached
D/MobileDataStateTracker( 1567): supl: Broadcast received: android.intent.action.ANY_DATA_STATE apnType=supl
D/MobileDataStateTracker( 1567): supl: Received state=DISCONNECTED, old=DISCONNECTED, reason=dataDetached
D/MobileDataStateTracker( 1567): hipri: Broadcast received: android.intent.action.ANY_DATA_STATE apnType=hipri
D/MobileDataStateTracker( 1567): hipri: Received state=DISCONNECTED, old=DISCONNECTED, reason=dataDetached
D/MobileDataStateTracker( 1567): ims: Broadcast received: android.intent.action.ANY_DATA_STATE apnType=ims
D/MobileDataStateTracker( 1567): ims: Received state=DISCONNECTED, old=DISCONNECTED, reason=dataDetached
D/MobileDataStateTracker( 1567): default: Broadcast received: android.intent.action.ANY_DATA_STATE apnType=default
D/MobileDataStateTracker( 1567): default: Received state=DISCONNECTED, old=DISCONNECTED, reason=dataDetached
D/MobileDataStateTracker( 1567): mms: Broadcast received: android.intent.action.ANY_DATA_STATE apnType=mms
D/MobileDataStateTracker( 1567): mms: Received state=DISCONNECTED, old=DISCONNECTED, reason=dataDetached
D/MobileDataStateTracker( 1567): cbs: Broadcast received: android.intent.action.ANY_DATA_STATE apnType=cbs
I/LatinIME:LogUtils( 1771): Dictionary info: dictionary = main:en ; version = 42 ; date = 1381226516
D/MobileDataStateTracker( 1567): cbs: Received state=DISCONNECTED, old=DISCONNECTED, reason=dataDetached
D/MobileDataStateTracker( 1567): fota: Broadcast received: android.intent.action.ANY_DATA_STATE apnType=fota
D/MobileDataStateTracker( 1567): fota: Received state=DISCONNECTED, old=DISCONNECTED, reason=roamingOff
D/MobileDataStateTracker( 1567): ia: Broadcast received: android.intent.action.ANY_DATA_STATE apnType=ia
D/MobileDataStateTracker( 1567): ia: Received state=DISCONNECTED, old=DISCONNECTED, reason=roamingOff
D/MobileDataStateTracker( 1567): supl: Broadcast received: android.intent.action.ANY_DATA_STATE apnType=supl
D/MobileDataStateTracker( 1567): supl: Received state=DISCONNECTED, old=DISCONNECTED, reason=roamingOff
D/MobileDataStateTracker( 1567): hipri: Broadcast received: android.intent.action.ANY_DATA_STATE apnType=hipri
D/MobileDataStateTracker( 1567): hipri: Received state=DISCONNECTED, old=DISCONNECTED, reason=roamingOff
D/MobileDataStateTracker( 1567): ims: Broadcast received: android.intent.action.ANY_DATA_STATE apnType=ims
D/MobileDataStateTracker( 1567): ims: Received state=DISCONNECTED, old=DISCONNECTED, reason=roamingOff
D/MobileDataStateTracker( 1567): default: Broadcast received: android.intent.action.ANY_DATA_STATE apnType=default
D/MobileDataStateTracker( 1567): default: Received state=DISCONNECTED, old=DISCONNECTED, reason=roamingOff
D/MobileDataStateTracker( 1567): mms: Broadcast received: android.intent.action.ANY_DATA_STATE apnType=mms
D/MobileDataStateTracker( 1567): mms: Received state=DISCONNECTED, old=DISCONNECTED, reason=roamingOff
D/MobileDataStateTracker( 1567): cbs: Broadcast received: android.intent.action.ANY_DATA_STATE apnType=cbs
D/MobileDataStateTracker( 1567): cbs: Received state=DISCONNECTED, old=DISCONNECTED, reason=roamingOff
D/TelephonyDebugService( 1828): TelephonyDebugService()
D/MobileDataStateTracker( 1567): fota: Broadcast received: android.intent.action.ANY_DATA_STATE apnType=fota
D/MobileDataStateTracker( 1567): fota: Received state=DISCONNECTED, old=DISCONNECTED, reason=roamingOff
D/MobileDataStateTracker( 1567): ia: Broadcast received: android.intent.action.ANY_DATA_STATE apnType=ia
D/MobileDataStateTracker( 1567): ia: Received state=DISCONNECTED, old=DISCONNECTED, reason=roamingOff
D/MobileDataStateTracker( 1567): supl: Broadcast received: android.intent.action.ANY_DATA_STATE apnType=supl
D/MobileDataStateTracker( 1567): supl: Received state=DISCONNECTED, old=DISCONNECTED, reason=roamingOff
D/MobileDataStateTracker( 1567): hipri: Broadcast received: android.intent.action.ANY_DATA_STATE apnType=hipri
D/MobileDataStateTracker( 1567): hipri: Received state=DISCONNECTED, old=DISCONNECTED, reason=roamingOff
D/MobileDataStateTracker( 1567): ims: Broadcast received: android.intent.action.ANY_DATA_STATE apnType=ims
D/MobileDataStateTracker( 1567): ims: Received state=DISCONNECTED, old=DISCONNECTED, reason=roamingOff
D/MobileDataStateTracker( 1567): default: Broadcast received: android.intent.action.ANY_DATA_STATE apnType=default
D/MobileDataStateTracker( 1567): default: Received state=DISCONNECTED, old=DISCONNECTED, reason=roamingOff
D/MobileDataStateTracker( 1567): mms: Broadcast received: android.intent.action.ANY_DATA_STATE apnType=mms
D/MobileDataStateTracker( 1567): mms: Received state=DISCONNECTED, old=DISCONNECTED, reason=roamingOff
D/MobileDataStateTracker( 1567): cbs: Broadcast received: android.intent.action.ANY_DATA_STATE apnType=cbs
I/ContactLocale( 1856): AddressBook Labels [en_US]: [, A, B, C, D, E, F, G, H, I, J, K, L, M, N, O, P, Q, R, S, T, U, V, W, X, Y, Z, , , , , , , , , , , , , , , , , , , , , , , , , , , , , , , , , , , , , , , , , , , , , , , , , , , , , , , , , , , , , , , , , , , , , , , , , , , , , , , , , , , , , , , , , , , , , , , , , , , , , , , , , , , , , , , , , , , , , , , , , , , , , , , , , , , , , , , , , , , , , , , , , , , , , , , , , , , , , , , , , , , , , , , , , , , , , , , , , , , , , , #, ]
D/MobileDataStateTracker( 1567): cbs: Received state=DISCONNECTED, old=DISCONNECTED, reason=roamingOff
D/AlarmManagerService( 1567): Kernel timezone updated to 300 minutes west of GMT
D/dalvikvm( 1828): GC_FOR_ALLOC freed 333K, 11% free 3430K/3824K, paused 2ms, total 2ms
D/dalvikvm( 1973): GC_FOR_ALLOC freed 201K, 8% free 3279K/3548K, paused 7ms, total 7ms
D/EGL_emulation( 1661): eglMakeCurrent: 0xb85c81d0: ver 3 0
D/MobileDataStateTracker( 1567): fota: Broadcast received: android.intent.action.ANY_DATA_STATE apnType=fota
D/MobileDataStateTracker( 1567): fota: Received state=DISCONNECTED, old=DISCONNECTED, reason=dataAttached
D/MobileDataStateTracker( 1567): ia: Broadcast received: android.intent.action.ANY_DATA_STATE apnType=ia
D/MobileDataStateTracker( 1567): ia: Received state=DISCONNECTED, old=DISCONNECTED, reason=dataAttached
D/MobileDataStateTracker( 1567): supl: Broadcast received: android.intent.action.ANY_DATA_STATE apnType=supl
D/MobileDataStateTracker( 1567): supl: Received state=DISCONNECTED, old=DISCONNECTED, reason=dataAttached
D/MobileDataStateTracker( 1567): hipri: Broadcast received: android.intent.action.ANY_DATA_STATE apnType=hipri
D/MobileDataStateTracker( 1567): hipri: Received state=DISCONNECTED, old=DISCONNECTED, reason=dataAttached
D/MobileDataStateTracker( 1567): ims: Broadcast received: android.intent.action.ANY_DATA_STATE apnType=ims
D/MobileDataStateTracker( 1567): ims: Received state=DISCONNECTED, old=DISCONNECTED, reason=dataAttached
D/MobileDataStateTracker( 1567): mms: Broadcast received: android.intent.action.ANY_DATA_STATE apnType=mms
D/MobileDataStateTracker( 1567): mms: Received state=DISCONNECTED, old=DISCONNECTED, reason=dataAttached
D/MobileDataStateTracker( 1567): cbs: Broadcast received: android.intent.action.ANY_DATA_STATE apnType=cbs
D/MobileDataStateTracker( 1567): cbs: Received state=DISCONNECTED, old=DISCONNECTED, reason=dataAttached
D/MobileDataStateTracker( 1567): fota: Broadcast received: android.intent.action.ANY_DATA_STATE apnType=fota
D/MobileDataStateTracker( 1567): fota: Received state=DISCONNECTED, old=DISCONNECTED, reason=dataAttached
D/MobileDataStateTracker( 1567): ia: Broadcast received: android.intent.action.ANY_DATA_STATE apnType=ia
D/MobileDataStateTracker( 1567): ia: Received state=DISCONNECTED, old=DISCONNECTED, reason=dataAttached
D/MobileDataStateTracker( 1567): supl: Broadcast received: android.intent.action.ANY_DATA_STATE apnType=supl
D/MobileDataStateTracker( 1567): supl: Received state=DISCONNECTED, old=DISCONNECTED, reason=dataAttached
D/MobileDataStateTracker( 1567): hipri: Broadcast received: android.intent.action.ANY_DATA_STATE apnType=hipri
D/MobileDataStateTracker( 1567): hipri: Received state=DISCONNECTED, old=DISCONNECTED, reason=dataAttached
D/MobileDataStateTracker( 1567): ims: Broadcast received: android.intent.action.ANY_DATA_STATE apnType=ims
D/MobileDataStateTracker( 1567): ims: Received state=DISCONNECTED, old=DISCONNECTED, reason=dataAttached
D/MobileDataStateTracker( 1567): mms: Broadcast received: android.intent.action.ANY_DATA_STATE apnType=mms
D/MobileDataStateTracker( 1567): mms: Received state=DISCONNECTED, old=DISCONNECTED, reason=dataAttached
I/DownloadManager( 1878): Download 2 starting
D/MobileDataStateTracker( 1567): cbs: Broadcast received: android.intent.action.ANY_DATA_STATE apnType=cbs
D/MobileDataStateTracker( 1567): cbs: Received state=DISCONNECTED, old=DISCONNECTED, reason=dataAttached
D/dalvikvm( 1661): GC_FOR_ALLOC freed 158K, 3% free 8900K/9120K, paused 5ms, total 6ms
D/MccTable( 1828): updateMccMncConfiguration: mcc=310, mnc=260
D/MccTable( 1828): getLocaleFromMcc to en_us mcc=310
D/MccTable( 1828): getLocaleForLanguageCountry: got match
W/DownloadManager( 1878): Aborting request for download 2: NO_CONNECTION
W/MediaScanner( 1878): Error opening directory '/storage/sdcard/.android_secure/', skipping: Permission denied.
D/MccTable( 1828): getLocaleForLanguageCountry: X locale=en_US
D/MccTable( 1828): WIFI_COUNTRY_CODE set to us
I/WifiService( 1567): WifiService trying to set country code to us with persist set to true
D/MccTable( 1828): updateMccMncConfiguration updateConfig config={1.0 310mcc260mnc en_US ldltr ?swdp ?wdp ?hdp ?density ?lsize ?long ?orien ?uimode ?night ?touch ?keyb/?/? ?nav/?}
I/ActivityManager( 1567): Config changes=3 {1.0 310mcc260mnc en_US ldltr sw411dp w411dp h658dp 420dpi nrml port finger qwerty/v/v dpad/v s.5}
D/PermissionCache( 1144): checking android.permission.READ_FRAME_BUFFER for uid=1000 => granted (216 us)
I/DownloadManager( 1878): Download 2 finished with status WAITING_FOR_NETWORK
D/gralloc_ranchu( 1144): gralloc_alloc: Creating ashmem region of size 8294400
I/dalvikvm-heap( 1661): Grow heap (frag case) to 11.676MB for 3072012-byte allocation
D/dalvikvm( 1973): GC_FOR_ALLOC freed 51K, 4% free 3711K/3836K, paused 8ms, total 8ms
D/dalvikvm( 1661): GC_FOR_ALLOC freed 4K, 2% free 11895K/12124K, paused 4ms, total 4ms
D/dalvikvm( 1661): GC_FOR_ALLOC freed <1K, 2% free 11897K/12124K, paused 7ms, total 7ms
D/MccTable( 1828): updateMccMncConfiguration: mcc=310, mnc=260
D/MccTable( 1828): getLocaleFromMcc to en_us mcc=310
D/MccTable( 1828): getLocaleForLanguageCountry: skipping already persisted
D/MccTable( 1828): getLocaleForLanguageCountry: X locale=null
D/MccTable( 1828): WIFI_COUNTRY_CODE set to us
I/WifiService( 1567): WifiService trying to set country code to us with persist set to true
D/MccTable( 1828): updateMccMncConfiguration updateConfig config={1.0 310mcc260mnc ?locale ?layoutDir ?swdp ?wdp ?hdp ?density ?lsize ?long ?orien ?uimode ?night ?touch ?keyb/?/? ?nav/?}
D/dalvikvm( 1828): GC_FOR_ALLOC freed 398K, 12% free 3542K/4000K, paused 2ms, total 2ms
D/dalvikvm( 1973): GC_FOR_ALLOC freed 27K, 3% free 3876K/3968K, paused 7ms, total 7ms
I/dalvikvm-heap( 1661): Grow heap (frag case) to 25.736MB for 14745612-byte allocation
D/dalvikvm( 1567): GC_FOR_ALLOC freed 904K, 54% free 7115K/15144K, paused 6ms, total 10ms
D/dalvikvm( 1661): GC_FOR_ALLOC freed 0K, 1% free 26297K/26528K, paused 4ms, total 4ms
V/MediaScanner( 1878): pruneDeadThumbnailFiles... android.database.sqlite.SQLiteCursor@9d058398
V/MediaScanner( 1878): /pruneDeadThumbnailFiles... android.database.sqlite.SQLiteCursor@9d058398
I/dalvikvm-heap( 1973): Grow heap (frag case) to 8.050MB for 4410012-byte allocation
D/dalvikvm( 1828): GC_FOR_ALLOC freed 493K, 14% free 3559K/4112K, paused 2ms, total 2ms
D/dalvikvm( 1973): GC_FOR_ALLOC freed 2K, 2% free 8180K/8276K, paused 4ms, total 4ms
D/MobileDataStateTracker( 1567): fota: Broadcast received: android.intent.action.ANY_DATA_STATE apnType=fota
D/MobileDataStateTracker( 1567): fota: Received state=DISCONNECTED, old=DISCONNECTED, reason=simLoaded
D/MobileDataStateTracker( 1567): ia: Broadcast received: android.intent.action.ANY_DATA_STATE apnType=ia
D/MobileDataStateTracker( 1567): ia: Received state=DISCONNECTED, old=DISCONNECTED, reason=simLoaded
D/MobileDataStateTracker( 1567): supl: Broadcast received: android.intent.action.ANY_DATA_STATE apnType=supl
