D/MobileDataStateTracker( 1567): supl: Received state=DISCONNECTED, old=DISCONNECTED, reason=simLoaded
D/MobileDataStateTracker( 1567): hipri: Broadcast received: android.intent.action.ANY_DATA_STATE apnType=hipri
D/MobileDataStateTracker( 1567): hipri: Received state=DISCONNECTED, old=DISCONNECTED, reason=simLoaded
D/MobileDataStateTracker( 1567): ims: Broadcast received: android.intent.action.ANY_DATA_STATE apnType=ims
D/MobileDataStateTracker( 1567): ims: Received state=DISCONNECTED, old=DISCONNECTED, reason=simLoaded
D/MobileDataStateTracker( 1567): mms: Broadcast received: android.intent.action.ANY_DATA_STATE apnType=mms
D/MobileDataStateTracker( 1567): mms: Received state=DISCONNECTED, old=DISCONNECTED, reason=simLoaded
D/MobileDataStateTracker( 1567): cbs: Broadcast received: android.intent.action.ANY_DATA_STATE apnType=cbs
D/MobileDataStateTracker( 1567): cbs: Received state=DISCONNECTED, old=DISCONNECTED, reason=simLoaded
D/MobileDataStateTracker( 1567): default: Broadcast received: android.intent.action.ANY_DATA_STATE apnType=default
D/MobileDataStateTracker( 1567): default: Received state=CONNECTING, old=DISCONNECTED, reason=simLoaded
D/MobileDataStateTracker( 1567): default: setDetailed state, old =IDLE and new state=CONNECTING
D/MobileDataStateTracker( 1567): fota: Broadcast received: android.intent.action.ANY_DATA_STATE apnType=fota
D/MobileDataStateTracker( 1567): fota: Received state=DISCONNECTED, old=DISCONNECTED, reason=simLoaded
D/MobileDataStateTracker( 1567): ia: Broadcast received: android.intent.action.ANY_DATA_STATE apnType=ia
D/MobileDataStateTracker( 1567): ia: Received state=DISCONNECTED, old=DISCONNECTED, reason=simLoaded
D/MobileDataStateTracker( 1567): supl: Broadcast received: android.intent.action.ANY_DATA_STATE apnType=supl
D/MobileDataStateTracker( 1567): supl: Received state=DISCONNECTED, old=DISCONNECTED, reason=simLoaded
D/MobileDataStateTracker( 1567): hipri: Broadcast received: android.intent.action.ANY_DATA_STATE apnType=hipri
D/MobileDataStateTracker( 1567): hipri: Received state=DISCONNECTED, old=DISCONNECTED, reason=simLoaded
D/MobileDataStateTracker( 1567): ims: Broadcast received: android.intent.action.ANY_DATA_STATE apnType=ims
D/MobileDataStateTracker( 1567): ims: Received state=DISCONNECTED, old=DISCONNECTED, reason=simLoaded
D/MobileDataStateTracker( 1567): mms: Broadcast received: android.intent.action.ANY_DATA_STATE apnType=mms
D/MobileDataStateTracker( 1567): mms: Received state=DISCONNECTED, old=DISCONNECTED, reason=simLoaded
D/MobileDataStateTracker( 1567): cbs: Broadcast received: android.intent.action.ANY_DATA_STATE apnType=cbs
D/MobileDataStateTracker( 1567): cbs: Received state=DISCONNECTED, old=DISCONNECTED, reason=simLoaded
D/MobileDataStateTracker( 1567): default: Broadcast received: android.intent.action.ANY_DATA_STATE apnType=default
D/MobileDataStateTracker( 1567): default: Received state=CONNECTED, old=CONNECTING, reason=connected
D/MobileDataStateTracker( 1567): default: setDetailed state, old =CONNECTING and new state=CONNECTED
D/ConnectivityService( 1567): ConnectivityChange for mobile: CONNECTED/CONNECTED
D/ConnectivityService( 1567): ConnectivityChange checkMobileProvisioning for TYPE_MOBILE or ProvisioningNetwork
D/ConnectivityService( 1567): checkMobileProvisioning: E suggestedTimeOutMs=60000
D/ConnectivityService( 1567): setProvNotificationVisible: E visible=false networkType=5 extraInfo=null url=null
D/ConnectivityService( 1567): checkMobileProvisioning: params={ url=http://clients3.google.com/generate_204 mTimeOutMs=60000 mCb=com.android.server.ConnectivityService$5@9d77aa70}
D/gralloc_ranchu( 1144): gralloc_alloc: Creating ashmem region of size 14745600
D/        ( 1144): HostConnection::get() New Host Connection established 0xb81ec1d0, tid 2008
D/ConnectivityService( 1567): checkMobileProvisioning: X
D/Nat464Xlat( 1567): requiresClat: netType=0, hasIPv4Address=true
W/Resources( 1973): Converting to int: TypedValue{t=0x3/d=0x12 "4" a=-1}
W/Resources( 1973): Converting to int: TypedValue{t=0x3/d=0xf "1" a=-1}
D/MobileDataStateTracker( 1567): default: isProvisioningNetwork: retVal=false
D/ConnectivityService( 1567): [CheckMp] isMobileOk: isDefaultProvisioning=false
D/MobileDataStateTracker( 1567): hipri: isProvisioningNetwork: retVal=false
D/ConnectivityService( 1567): [CheckMp] isMobileOk: isHipriProvisioning=false
D/ConnectivityService( 1567): [CheckMp] isMobileOk: start hipri url=http://clients3.google.com/generate_204
W/Resources( 1973): Converting to int: TypedValue{t=0x3/d=0x15 "2" a=-1}
W/Resources( 1973): Converting to int: TypedValue{t=0x3/d=0x15 "2" a=-1}
D/ConnectivityService( 1567): startUsingNetworkFeature reconnecting to 0: enableHIPRI
D/dalvikvm( 1828): GC_FOR_ALLOC freed 501K, 14% free 3571K/4132K, paused 2ms, total 2ms
W/Launcher.LauncherProvider( 1973): Unable to add favorite: com.android.camera2/com.android.camera.CameraLauncher
W/Launcher.LauncherProvider( 1973): android.content.pm.PackageManager$NameNotFoundException: ComponentInfo{com.android.camera2/com.android.camera.CameraLauncher}
W/Launcher.LauncherProvider( 1973): 	at android.app.ApplicationPackageManager.getActivityInfo(ApplicationPackageManager.java:242)
W/Launcher.LauncherProvider( 1973): 	at com.android.launcher2.LauncherProvider$DatabaseHelper.addAppShortcut(LauncherProvider.java:939)
W/Launcher.LauncherProvider( 1973): 	at com.android.launcher2.LauncherProvider$DatabaseHelper.loadFavorites(LauncherProvider.java:843)
W/Launcher.LauncherProvider( 1973): 	at com.android.launcher2.LauncherProvider$DatabaseHelper.access$000(LauncherProvider.java:233)
W/Launcher.LauncherProvider( 1973): 	at com.android.launcher2.LauncherProvider.loadDefaultFavoritesIfNecessary(LauncherProvider.java:228)
W/Launcher.LauncherProvider( 1973): 	at com.android.launcher2.LauncherModel$LoaderTask.loadWorkspace(LauncherModel.java:1263)
W/Launcher.LauncherProvider( 1973): 	at com.android.launcher2.LauncherModel$LoaderTask.loadAndBindWorkspace(LauncherModel.java:1005)
W/Launcher.LauncherProvider( 1973): 	at com.android.launcher2.LauncherModel$LoaderTask.run(LauncherModel.java:1111)
W/Launcher.LauncherProvider( 1973): 	at android.os.Handler.handleCallback(Handler.java:733)
W/Launcher.LauncherProvider( 1973): 	at android.os.Handler.dispatchMessage(Handler.java:95)
W/Launcher.LauncherProvider( 1973): 	at android.os.Looper.loop(Looper.java:136)
W/Launcher.LauncherProvider( 1973): 	at android.os.HandlerThread.run(HandlerThread.java:61)
D/ConnectivityService( 1567): startUsingNetworkFeature X: return APN_REQUEST_STARTED
D/ConnectivityService( 1567): [CheckMp] isMobileOk: hipri started
D/ConnectivityService( 1567): [CheckMp] isMobileOk: not connected ni=NetworkInfo: type: mobile_hipri[LTE], state: DISCONNECTED/IDLE, reason: (unspecified), extra: (none), roaming: false, failover: false, isAvailable: true, isConnectedToProvisioningNetwork: false
D/MobileDataStateTracker( 1567): hipri: Broadcast received: android.intent.action.ANY_DATA_STATE apnType=hipri
D/MobileDataStateTracker( 1567): hipri: Received state=CONNECTING, old=DISCONNECTED, reason=dataEnabled
D/MobileDataStateTracker( 1567): hipri: setDetailed state, old =IDLE and new state=CONNECTING
D/MobileDataStateTracker( 1567): fota: Broadcast received: android.intent.action.ANY_DATA_STATE apnType=fota
D/MobileDataStateTracker( 1567): fota: Received state=DISCONNECTED, old=DISCONNECTED, reason=dataEnabled
D/MobileDataStateTracker( 1567): ia: Broadcast received: android.intent.action.ANY_DATA_STATE apnType=ia
D/MobileDataStateTracker( 1567): ia: Received state=DISCONNECTED, old=DISCONNECTED, reason=dataEnabled
D/MobileDataStateTracker( 1567): supl: Broadcast received: android.intent.action.ANY_DATA_STATE apnType=supl
W/Launcher.LauncherProvider( 1973): Unable to add favorite: com.android.gallery3d/com.android.gallery3d.app.Gallery
W/Launcher.LauncherProvider( 1973): android.content.pm.PackageManager$NameNotFoundException: ComponentInfo{com.android.gallery3d/com.android.gallery3d.app.Gallery}
W/Launcher.LauncherProvider( 1973): 	at android.app.ApplicationPackageManager.getActivityInfo(ApplicationPackageManager.java:242)
W/Launcher.LauncherProvider( 1973): 	at com.android.launcher2.LauncherProvider$DatabaseHelper.addAppShortcut(LauncherProvider.java:939)
W/Launcher.LauncherProvider( 1973): 	at com.android.launcher2.LauncherProvider$DatabaseHelper.loadFavorites(LauncherProvider.java:843)
W/Launcher.LauncherProvider( 1973): 	at com.android.launcher2.LauncherProvider$DatabaseHelper.access$000(LauncherProvider.java:233)
W/Launcher.LauncherProvider( 1973): 	at com.android.launcher2.LauncherProvider.loadDefaultFavoritesIfNecessary(LauncherProvider.java:228)
W/Launcher.LauncherProvider( 1973): 	at com.android.launcher2.LauncherModel$LoaderTask.loadWorkspace(LauncherModel.java:1263)
W/Launcher.LauncherProvider( 1973): 	at com.android.launcher2.LauncherModel$LoaderTask.loadAndBindWorkspace(LauncherModel.java:1005)
W/Launcher.LauncherProvider( 1973): 	at com.android.launcher2.LauncherModel$LoaderTask.run(LauncherModel.java:1111)
W/Launcher.LauncherProvider( 1973): 	at android.os.Handler.handleCallback(Handler.java:733)
W/Launcher.LauncherProvider( 1973): 	at android.os.Handler.dispatchMessage(Handler.java:95)
W/Launcher.LauncherProvider( 1973): 	at android.os.Looper.loop(Looper.java:136)
W/Launcher.LauncherProvider( 1973): 	at android.os.HandlerThread.run(HandlerThread.java:61)
D/MobileDataStateTracker( 1567): supl: Received state=DISCONNECTED, old=DISCONNECTED, reason=dataEnabled
D/MobileDataStateTracker( 1567): ims: Broadcast received: android.intent.action.ANY_DATA_STATE apnType=ims
D/MobileDataStateTracker( 1567): ims: Received state=DISCONNECTED, old=DISCONNECTED, reason=dataEnabled
D/MobileDataStateTracker( 1567): mms: Broadcast received: android.intent.action.ANY_DATA_STATE apnType=mms
D/MobileDataStateTracker( 1567): mms: Received state=DISCONNECTED, old=DISCONNECTED, reason=dataEnabled
D/MobileDataStateTracker( 1567): cbs: Broadcast received: android.intent.action.ANY_DATA_STATE apnType=cbs
D/MobileDataStateTracker( 1567): cbs: Received state=DISCONNECTED, old=DISCONNECTED, reason=dataEnabled
D/MobileDataStateTracker( 1567): hipri: Broadcast received: android.intent.action.ANY_DATA_STATE apnType=hipri
D/MobileDataStateTracker( 1567): hipri: Received state=CONNECTED, old=CONNECTING, reason=dataEnabled
D/MobileDataStateTracker( 1567): hipri: setDetailed state, old =CONNECTING and new state=CONNECTED
D/ConnectivityService( 1567): ConnectivityChange for mobile_hipri: CONNECTED/CONNECTED
W/Launcher.Model( 1973): Desktop items loading interrupted:
W/Launcher.Model( 1973): java.lang.NullPointerException
W/Launcher.Model( 1973): 	at com.android.launcher2.LauncherModel$LoaderTask.checkItemPlacement(LauncherModel.java:1211)
W/Launcher.Model( 1973): 	at com.android.launcher2.LauncherModel$LoaderTask.loadWorkspace(LauncherModel.java:1368)
W/Launcher.Model( 1973): 	at com.android.launcher2.LauncherModel$LoaderTask.loadAndBindWorkspace(LauncherModel.java:1005)
W/Launcher.Model( 1973): 	at com.android.launcher2.LauncherModel$LoaderTask.run(LauncherModel.java:1111)
W/Launcher.Model( 1973): 	at android.os.Handler.handleCallback(Handler.java:733)
W/Launcher.Model( 1973): 	at android.os.Handler.dispatchMessage(Handler.java:95)
W/Launcher.Model( 1973): 	at android.os.Looper.loop(Looper.java:136)
W/Launcher.Model( 1973): 	at android.os.HandlerThread.run(HandlerThread.java:61)
D/Launcher.Model( 1973): going to save icon bitmap for info=ShortcutInfo(title=Phoneintent=Intent { act=android.intent.action.MAIN cat=[android.intent.category.LAUNCHER] flg=0x10200000 cmp=com.android.dialer/.DialtactsActivity }id=6 type=0 container=-101 screen=0 cellX=0 cellY=0 spanX=1 spanY=1 dropPos=null)
D/Launcher.Model( 1973): going to save icon bitmap for info=ShortcutInfo(title=Settingsintent=Intent { act=android.intent.action.MAIN cat=[android.intent.category.LAUNCHER] flg=0x10200000 cmp=com.android.settings/.Settings }id=4 type=0 container=-100 screen=3 cellX=2 cellY=3 spanX=1 spanY=1 dropPos=null)
D/Nat464Xlat( 1567): requiresClat: netType=5, hasIPv4Address=true
I/Choreographer( 1661): Skipped 33 frames!  The application may be doing too much work on its main thread.
D/EGL_emulation( 1661): eglMakeCurrent: 0xb85c81d0: ver 3 0
I/PackageManager( 1567): Running dexopt on: com.android.exchange
I/ActivityManager( 1567): Start proc com.android.exchange for content provider com.android.exchange/.provider.ExchangeDirectoryProvider: pid=2030 uid=10027 gids={50027, 3003, 1028, 1015}
W/linker  ( 2045): libdvm.so has text relocations. This is wasting memory and is a security risk. Please fix.
D/EGL_emulation( 1661): eglMakeCurrent: 0xb85c81d0: ver 3 0
D/EGL_emulation( 1661): eglMakeCurrent: 0xb85c81d0: ver 3 0
D/PhoneStatusBar( 1661): mSettingsPanelGravity = 55
D/EGL_emulation( 1661): eglMakeCurrent: 0xb85c81d0: ver 3 0
D/dalvikvm( 2045): DexOpt: load 23ms, verify+opt 82ms, 2148036 bytes
D/EGL_emulation( 1661): eglMakeCurrent: 0xb85c81d0: ver 3 0
D/dalvikvm( 1973): GC_FOR_ALLOC freed 829K, 10% free 9033K/9928K, paused 3ms, total 3ms
D/EGL_emulation( 1661): eglMakeCurrent: 0xb85c81d0: ver 3 0
I/PackageManager( 1567): Running dexopt on: com.android.email
I/ActivityManager( 1567): Start proc com.android.email for content provider com.android.email/.provider.EmailProvider: pid=2050 uid=10026 gids={50026, 3003, 1028, 1015}
W/linker  ( 2063): libdvm.so has text relocations. This is wasting memory and is a security risk. Please fix.
D/dalvikvm( 1661): GC_FOR_ALLOC freed 17845K, 68% free 8766K/26672K, paused 5ms, total 7ms
I/dalvikvm-heap( 1661): Grow heap (frag case) to 11.545MB for 3072012-byte allocation
D/dalvikvm( 1661): GC_FOR_ALLOC freed 58K, 57% free 11708K/26672K, paused 4ms, total 4ms
D/dalvikvm( 1661): GC_FOR_ALLOC freed <1K, 57% free 11708K/26672K, paused 3ms, total 3ms
I/MultiDex( 1787): Renaming to /data/data/com.google.android.gms/code_cache/secondary-dexes/PrebuiltGmsCore.apk.classes2.zip
I/MultiDex( 1787): Extraction succeeded '/data/data/com.google.android.gms/code_cache/secondary-dexes/PrebuiltGmsCore.apk.classes2.zip': length 3623385 - crc: 3535609393
I/MultiDex( 1787): Extraction is needed for file /data/data/com.google.android.gms/code_cache/secondary-dexes/PrebuiltGmsCore.apk.classes3.zip
I/MultiDex( 1787): Extracting /data/data/com.google.android.gms/code_cache/secondary-dexes/tmp-PrebuiltGmsCore.apk.classes-277298635.zip
I/dalvikvm-heap( 1661): Grow heap (frag case) to 26.342MB for 15575052-byte allocation
D/dalvikvm( 1661): GC_FOR_ALLOC freed 0K, 36% free 26918K/41884K, paused 2ms, total 2ms
D/gralloc_ranchu( 1144): gralloc_alloc: Creating ashmem region of size 15577088
D/dalvikvm( 2063): DexOpt: load 76ms, verify+opt 146ms, 3355068 bytes
D/Launcher.Model( 1973): Reload apps on config change. curr_mcc:310 prevmcc:0
I/Choreographer( 1973): Skipped 43 frames!  The application may be doing too much work on its main thread.
I/ContactDirectoryManager( 1856): deleted 0 stale rows which don't have any relevant directory
D/Launcher.Model( 1973): going to save icon bitmap for info=ShortcutInfo(title=Peopleintent=Intent { act=android.intent.action.MAIN cat=[android.intent.category.LAUNCHER] flg=0x10200000 cmp=com.android.contacts/.activities.PeopleActivity }id=8 type=0 container=-101 screen=1 cellX=1 cellY=0 spanX=1 spanY=1 dropPos=null)
I/ContactDirectoryManager( 1856): Discovered 0 contact directories in 830ms
D/        ( 1973): HostConnection::get() New Host Connection established 0xb85e0410, tid 1973
I/ContactsProvider( 1856): Upgrading aggregation algorithm
D/EGL_emulation( 1973): eglCreateContext: 0xb85e0aa0: maj 3 min 0 rcv 3
D/Launcher.Model( 1973): going to save icon bitmap for info=ShortcutInfo(title=Messagingintent=Intent { act=android.intent.action.MAIN cat=[android.intent.category.LAUNCHER] flg=0x10200000 cmp=com.android.mms/.ui.ConversationList }id=10 type=0 container=-101 screen=3 cellX=3 cellY=0 spanX=1 spanY=1 dropPos=null)
D/EGL_emulation( 1973): eglMakeCurrent: 0xb85e0aa0: ver 3 0
E/eglCodecCommon( 1973): glUtilsParamSize: unknow param 0x00008cdf
E/eglCodecCommon( 1973): glUtilsParamSize: unknow param 0x00008824
E/EGL_emulation( 1973): tid 1973: eglSurfaceAttrib(1199): error 0x3009 (EGL_BAD_MATCH)
W/HardwareRenderer( 1973): Backbuffer cannot be preserved
I/ContactAggregator( 1856): Marked all visible contacts for aggregation: 0 raw contacts, 9 ms
D/OpenGLRenderer( 1973): Enabling debug mode 0
I/ContactsProvider( 1856): Aggregation algorithm upgraded for 0 raw contacts in 43ms
D/dalvikvm( 1973): GC_FOR_ALLOC freed 577K, 9% free 9404K/10312K, paused 2ms, total 2ms
I/dalvikvm-heap( 1973): Grow heap (frag case) to 16.362MB for 7464972-byte allocation
D/dalvikvm( 1973): GC_FOR_ALLOC freed 6K, 6% free 16687K/17604K, paused 4ms, total 4ms
D/Launcher.Model( 1973): going to save icon bitmap for info=ShortcutInfo(title=Browserintent=Intent { act=android.intent.action.MAIN cat=[android.intent.category.LAUNCHER] flg=0x10200000 cmp=com.android.browser/.BrowserActivity }id=12 type=0 container=-101 screen=4 cellX=4 cellY=0 spanX=1 spanY=1 dropPos=null)
I/ContactsFTS( 1856): Rebuild contact search index in 81ms, 0 contacts
V/RenderScript( 1973): 0xb8671b80 Launching thread(s), CPUs 2
D/MobileDataStateTracker( 1567): hipri: isProvisioningNetwork: retVal=false
D/ConnectivityService( 1567): [CheckMp] isMobileOk: isProvisioningNetwork is false, continue
I/SurfaceFlinger( 1144): Boot is finished (10264 ms)
I/ActivityManager( 1567): Displayed com.android.launcher/com.android.launcher2.Launcher: +1s696ms (total +2s452ms)
D/dalvikvm( 1973): GC_FOR_ALLOC freed 246K, 5% free 17021K/17892K, paused 5ms, total 5ms
I/WindowManager( 1567): Screen frozen for +1s306ms due to Window{9d84c7d0 u0 com.android.launcher/com.android.launcher2.Launcher}
D/ConnectivityService( 1567): [CheckMp] isMobileOk: addresses=clients3.google.com/172.217.13.110,clients3.google.com/2607:f8b0:4020:804::200e
D/ConnectivityService( 1567): [CheckMp] isMobileOk: linkHasIpv4=true linkHasIpv6=false
W/ActivityManager( 1567): Unable to start service Intent { cmp=com.android.email/.service.AttachmentDownloadService } U=0: not found
I/dalvikvm-heap( 1973): Grow heap (frag case) to 23.800MB for 7464972-byte allocation
D/dalvikvm( 1973): GC_FOR_ALLOC freed 2K, 4% free 24308K/25184K, paused 4ms, total 4ms
I/MultiDex( 1787): Renaming to /data/data/com.google.android.gms/code_cache/secondary-dexes/PrebuiltGmsCore.apk.classes3.zip
I/MultiDex( 1787): Extraction succeeded '/data/data/com.google.android.gms/code_cache/secondary-dexes/PrebuiltGmsCore.apk.classes3.zip': length 3069570 - crc: 1812373452
I/MultiDex( 1787): Extraction is needed for file /data/data/com.google.android.gms/code_cache/secondary-dexes/PrebuiltGmsCore.apk.classes4.zip
I/MultiDex( 1787): Extracting /data/data/com.google.android.gms/code_cache/secondary-dexes/tmp-PrebuiltGmsCore.apk.classes1094112037.zip
I/Email   ( 2050): Observing account changes for notifications
D/ConnectivityService( 1567): requestRouteToHostAddress ok=true
D/ConnectivityService( 1567): [CheckMp] isMobileOk: wait to establish route to hostAddr=clients3.google.com/172.217.13.110
D/dalvikvm( 1973): GC_FOR_ALLOC freed 7303K, 33% free 17062K/25184K, paused 2ms, total 2ms
D/dalvikvm( 1973): GC_FOR_ALLOC freed <1K, 27% free 18613K/25184K, paused 2ms, total 2ms
D/dalvikvm( 1973): GC_FOR_ALLOC freed <1K, 20% free 20164K/25184K, paused 4ms, total 4ms
D/dalvikvm( 1567): GC_FOR_ALLOC freed 870K, 52% free 7276K/15144K, paused 10ms, total 11ms
D/dalvikvm( 1973): GC_FOR_ALLOC freed 187K, 13% free 21965K/25184K, paused 2ms, total 2ms
D/dalvikvm( 1973): GC_FOR_ALLOC freed 1199K, 10% free 22768K/25184K, paused 2ms, total 2ms
I/MultiDex( 1787): Renaming to /data/data/com.google.android.gms/code_cache/secondary-dexes/PrebuiltGmsCore.apk.classes4.zip
I/MultiDex( 1787): Extraction succeeded '/data/data/com.google.android.gms/code_cache/secondary-dexes/PrebuiltGmsCore.apk.classes4.zip': length 3729559 - crc: 3858303340
I/MultiDex( 1787): Extraction is needed for file /data/data/com.google.android.gms/code_cache/secondary-dexes/PrebuiltGmsCore.apk.classes5.zip
I/MultiDex( 1787): Extracting /data/data/com.google.android.gms/code_cache/secondary-dexes/tmp-PrebuiltGmsCore.apk.classes-976831753.zip
I/MultiDex( 1787): Renaming to /data/data/com.google.android.gms/code_cache/secondary-dexes/PrebuiltGmsCore.apk.classes5.zip
I/MultiDex( 1787): Extraction succeeded '/data/data/com.google.android.gms/code_cache/secondary-dexes/PrebuiltGmsCore.apk.classes5.zip': length 3584837 - crc: 4123503416
I/MultiDex( 1787): Extraction is needed for file /data/data/com.google.android.gms/code_cache/secondary-dexes/PrebuiltGmsCore.apk.classes6.zip
I/MultiDex( 1787): Extracting /data/data/com.google.android.gms/code_cache/secondary-dexes/tmp-PrebuiltGmsCore.apk.classes-1811156063.zip
D/AndroidRuntime( 2086): 
D/AndroidRuntime( 2086): >>>>>> AndroidRuntime START com.android.internal.os.RuntimeInit <<<<<<
W/linker  ( 2086): libdvm.so has text relocations. This is wasting memory and is a security risk. Please fix.
D/AndroidRuntime( 2086): CheckJNI is ON
D/dalvikvm( 2086): Trying to load lib libjavacore.so 0x0
D/dalvikvm( 2086): Added shared lib libjavacore.so 0x0
D/dalvikvm( 2086): Trying to load lib libnativehelper.so 0x0
D/dalvikvm( 2086): Added shared lib libnativehelper.so 0x0
D/dalvikvm( 2086): No JNI_OnLoad found in libnativehelper.so 0x0, skipping init
D/dalvikvm( 2086): Note: class Landroid/app/ActivityManagerNative; has 179 unimplemented (abstract) methods
E/memtrack( 2086): Couldn't load memtrack module (No such file or directory)
E/android.os.Debug( 2086): failed to load memtrack module: -2
D/AndroidRuntime( 2086): Calling main entry com.android.commands.pm.Pm
D/AndroidRuntime( 2086): Shutting down VM
D/jdwp    ( 2086): Got wake-up signal, bailing out of select
D/dalvikvm( 2086): Debugger has detached; object registry had 1 entries
I/MultiDex( 1787): Renaming to /data/data/com.google.android.gms/code_cache/secondary-dexes/PrebuiltGmsCore.apk.classes6.zip
I/MultiDex( 1787): Extraction succeeded '/data/data/com.google.android.gms/code_cache/secondary-dexes/PrebuiltGmsCore.apk.classes6.zip': length 2190210 - crc: 2261963046
I/MultiDex( 1787): load found 5 secondary dex files
D/AndroidRuntime( 2097): 
D/AndroidRuntime( 2097): >>>>>> AndroidRuntime START com.android.internal.os.RuntimeInit <<<<<<
W/linker  ( 2097): libdvm.so has text relocations. This is wasting memory and is a security risk. Please fix.
D/AndroidRuntime( 2097): CheckJNI is ON
D/dalvikvm( 2097): Trying to load lib libjavacore.so 0x0
D/dalvikvm( 2097): Added shared lib libjavacore.so 0x0
D/dalvikvm( 2097): Trying to load lib libnativehelper.so 0x0
D/dalvikvm( 2097): Added shared lib libnativehelper.so 0x0
D/dalvikvm( 2097): No JNI_OnLoad found in libnativehelper.so 0x0, skipping init
D/dalvikvm( 2097): Note: class Landroid/app/ActivityManagerNative; has 179 unimplemented (abstract) methods
E/memtrack( 2097): Couldn't load memtrack module (No such file or directory)
E/android.os.Debug( 2097): failed to load memtrack module: -2
D/AndroidRuntime( 2097): Calling main entry com.android.commands.pm.Pm
D/AndroidRuntime( 2097): Shutting down VM
D/jdwp    ( 2097): Got wake-up signal, bailing out of select
D/dalvikvm( 2097): Debugger has detached; object registry had 1 entries
D/dalvikvm( 1787): DexOpt: --- BEGIN 'PrebuiltGmsCore.apk.classes2.zip' (bootstrap=0) ---
W/linker  ( 2109): libdvm.so has text relocations. This is wasting memory and is a security risk. Please fix.
D/Tethering( 1567): MasterInitialState.processMessage what=3
D/CaptivePortalTracker( 1567): NoActiveNetworkState{ when=0 what=1 obj=NetworkInfo: type: mobile[LTE], state: CONNECTED/CONNECTED, reason: connected, extra: epc.tmobile.com, roaming: false, failover: false, isAvailable: true, isConnectedToProvisioningNetwork: false target=com.android.internal.util.StateMachine$SmHandler }
D/CaptivePortalTracker( 1567): NoActiveNetworkState not a wifi connectivity change, ignore
E/cutils-trace( 2109): Error opening trace file: Permission denied (13)
D/dalvikvm( 2109): GC_FOR_ALLOC freed 842K, 42% free 1204K/2048K, paused 1ms, total 1ms
D/dalvikvm( 2109): DexOpt: couldn't find field Landroid/os/Message;.sendingUid
D/dalvikvm( 1567): GC_EXPLICIT freed 489K, 54% free 7091K/15144K, paused 0ms+1ms, total 8ms
D/AndroidRuntime( 2111): 
D/AndroidRuntime( 2111): >>>>>> AndroidRuntime START com.android.internal.os.RuntimeInit <<<<<<
W/linker  ( 2111): libdvm.so has text relocations. This is wasting memory and is a security risk. Please fix.
D/AndroidRuntime( 2111): CheckJNI is ON
D/dalvikvm( 2111): Trying to load lib libjavacore.so 0x0
D/dalvikvm( 2111): Added shared lib libjavacore.so 0x0
D/dalvikvm( 2111): Trying to load lib libnativehelper.so 0x0
D/dalvikvm( 2111): Added shared lib libnativehelper.so 0x0
D/dalvikvm( 2111): No JNI_OnLoad found in libnativehelper.so 0x0, skipping init
D/dalvikvm( 2111): Note: class Landroid/app/ActivityManagerNative; has 179 unimplemented (abstract) methods
D/Tethering( 1567): MasterInitialState.processMessage what=3
D/CaptivePortalTracker( 1567): NoActiveNetworkState{ when=-1ms what=1 obj=NetworkInfo: type: mobile_hipri[LTE], state: CONNECTED/CONNECTED, reason: dataEnabled, extra: epc.tmobile.com, roaming: false, failover: false, isAvailable: true, isConnectedToProvisioningNetwork: false target=com.android.internal.util.StateMachine$SmHandler }
D/CaptivePortalTracker( 1567): NoActiveNetworkState not a wifi connectivity change, ignore
E/memtrack( 2111): Couldn't load memtrack module (No such file or directory)
E/android.os.Debug( 2111): failed to load memtrack module: -2
D/AndroidRuntime( 2111): Calling main entry com.android.commands.pm.Pm
D/AndroidRuntime( 2111): Shutting down VM
D/jdwp    ( 2111): Got wake-up signal, bailing out of select
D/dalvikvm( 2111): Debugger has detached; object registry had 1 entries
I/AndroidRuntime( 2111): NOTE: attach of thread 'Binder_1' failed
D/dalvikvm( 2109): DexOpt: load 81ms, verify+opt 143ms, 9812300 bytes
D/dalvikvm( 1787): DexOpt: --- END 'PrebuiltGmsCore.apk.classes2.zip' (success) ---
D/dalvikvm( 1787): DEX prep '/data/data/com.google.android.gms/code_cache/secondary-dexes/PrebuiltGmsCore.apk.classes2.zip': unzip in 80ms, rewrite 306ms
D/dalvikvm( 1787): DexOpt: --- BEGIN 'PrebuiltGmsCore.apk.classes3.zip' (bootstrap=0) ---
W/linker  ( 2121): libdvm.so has text relocations. This is wasting memory and is a security risk. Please fix.
E/cutils-trace( 2121): Error opening trace file: Permission denied (13)
D/dalvikvm( 2121): GC_FOR_ALLOC freed 888K, 44% free 1158K/2048K, paused 1ms, total 1ms
D/dalvikvm( 2121): DexOpt: load 30ms, verify+opt 72ms, 4551068 bytes
D/GpsLocationProvider( 1567): NTP server returned: 1629045226244 (Sun Aug 15 11:33:46 CDT 2021) reference: 14111 certainty: 6 system time offset: 846
D/dalvikvm( 1787): DexOpt: --- END 'PrebuiltGmsCore.apk.classes3.zip' (success) ---
D/dalvikvm( 1787): DEX prep '/data/data/com.google.android.gms/code_cache/secondary-dexes/PrebuiltGmsCore.apk.classes3.zip': unzip in 43ms, rewrite 166ms
D/AndroidRuntime( 2127): 
D/AndroidRuntime( 2127): >>>>>> AndroidRuntime START com.android.internal.os.RuntimeInit <<<<<<
W/linker  ( 2127): libdvm.so has text relocations. This is wasting memory and is a security risk. Please fix.
D/AndroidRuntime( 2127): CheckJNI is ON
D/dalvikvm( 2127): Trying to load lib libjavacore.so 0x0
D/dalvikvm( 2127): Added shared lib libjavacore.so 0x0
D/dalvikvm( 2127): Trying to load lib libnativehelper.so 0x0
D/dalvikvm( 2127): Added shared lib libnativehelper.so 0x0
D/dalvikvm( 2127): No JNI_OnLoad found in libnativehelper.so 0x0, skipping init
D/dalvikvm( 2127): Note: class Landroid/app/ActivityManagerNative; has 179 unimplemented (abstract) methods
E/memtrack( 2127): Couldn't load memtrack module (No such file or directory)
E/android.os.Debug( 2127): failed to load memtrack module: -2
D/AndroidRuntime( 2127): Calling main entry com.android.commands.pm.Pm
D/dalvikvm( 1787): DexOpt: --- BEGIN 'PrebuiltGmsCore.apk.classes4.zip' (bootstrap=0) ---
W/linker  ( 2137): libdvm.so has text relocations. This is wasting memory and is a security risk. Please fix.
I/PackageManager( 1567): Running dexopt on: com.android.defcontainer
W/linker  ( 2151): libdvm.so has text relocations. This is wasting memory and is a security risk. Please fix.
I/ActivityManager( 1567): Start proc com.android.defcontainer for service com.android.defcontainer/.DefaultContainerService: pid=2138 uid=10003 gids={50003, 1028, 1015, 1023, 2001, 1035}
D/dalvikvm( 2151): DexOpt: load 1ms, verify+opt 2ms, 201428 bytes
W/ActivityManager( 1567): No content provider found for permission revoke: file:///data/local/tmp/AndroidRipperService.apk
W/ActivityManager( 1567): No content provider found for permission revoke: file:///data/local/tmp/AndroidRipperService.apk
I/PackageManager( 1567): Copying native libraries to /data/app-lib/vmdl-277298635
I/PackageParser( 1567): it.unina.android.ripper_service: compat added android.permission.WRITE_EXTERNAL_STORAGE android.permission.READ_PHONE_STATE
I/PackageManager( 1567): Running dexopt on: it.unina.android.ripper_service
W/linker  ( 2153): libdvm.so has text relocations. This is wasting memory and is a security risk. Please fix.
D/dalvikvm( 2153): DexOpt: load 7ms, verify+opt 25ms, 1117628 bytes
E/cutils-trace( 2137): Error opening trace file: Permission denied (13)
D/dalvikvm( 2137): GC_FOR_ALLOC freed 953K, 47% free 1093K/2048K, paused 2ms, total 2ms
I/ActivityManager( 1567): Force stopping it.unina.android.ripper_service appid=10057 user=-1: update pkg
I/PackageManager( 1567):   Action: "android.intent.action.SENDTO"
I/PackageManager( 1567):   Category: "android.intent.category.DEFAULT"
I/PackageManager( 1567):   Scheme: "sms"
I/PackageManager( 1567): Adding preferred activity ComponentInfo{com.android.mms/com.android.mms.ui.ComposeMessageActivity} for user 0 :
D/BackupManagerService( 1567): Received broadcast Intent { act=android.intent.action.PACKAGE_ADDED dat=package:it.unina.android.ripper_service flg=0x4000010 (has extras) }
I/InputReader( 1567): Reconfiguring input devices.  changes=0x00000010
I/PackageManager( 1567):   Action: "android.intent.action.SENDTO"
I/PackageManager( 1567):   Category: "android.intent.category.DEFAULT"
I/PackageManager( 1567):   Scheme: "smsto"
V/BackupManagerService( 1567): addPackageParticipantsLocked: #1
I/PackageManager( 1567): Adding preferred activity ComponentInfo{com.android.mms/com.android.mms.ui.ComposeMessageActivity} for user 0 :
D/dalvikvm( 1567): GC_EXPLICIT freed 839K, 52% free 7280K/15144K, paused 6ms+0ms, total 21ms
D/dalvikvm( 1567): WAIT_FOR_CONCURRENT_GC blocked 6ms
D/dalvikvm( 1567): WAIT_FOR_CONCURRENT_GC blocked 7ms
I/PackageManager( 1567):   Action: "android.intent.action.SENDTO"
I/PackageManager( 1567):   Category: "android.intent.category.DEFAULT"
I/PackageManager( 1567):   Scheme: "mms"
D/AndroidRuntime( 2127): Shutting down VM
D/jdwp    ( 2127): Got wake-up signal, bailing out of select
D/dalvikvm( 2127): Debugger has detached; object registry had 1 entries
I/PackageManager( 1567): Adding preferred activity ComponentInfo{com.android.mms/com.android.mms.ui.ComposeMessageActivity} for user 0 :
I/PackageManager( 1567):   Action: "android.intent.action.SENDTO"
I/PackageManager( 1567):   Category: "android.intent.category.DEFAULT"
I/PackageManager( 1567):   Scheme: "mmsto"
D/dalvikvm( 1828): GC_FOR_ALLOC freed 432K, 12% free 3648K/4144K, paused 2ms, total 2ms
I/PackageManager( 1567):   Action: "android.intent.action.SENDTO"
I/PackageManager( 1567):   Category: "android.intent.category.DEFAULT"
I/PackageManager( 1567):   Scheme: "sms"
I/PackageManager( 1567): Adding preferred activity ComponentInfo{com.android.mms/com.android.mms.ui.ComposeMessageActivity} for user 0 :
I/PackageManager( 1567): Adding preferred activity ComponentInfo{com.android.mms/com.android.mms.ui.ComposeMessageActivity} for user 0 :
I/PackageManager( 1567):   Action: "android.intent.action.SENDTO"
I/PackageManager( 1567):   Category: "android.intent.category.DEFAULT"
I/PackageManager( 1567):   Scheme: "smsto"
I/PackageManager( 1567):   Action: "android.intent.action.SENDTO"
I/PackageManager( 1567):   Category: "android.intent.category.DEFAULT"
I/PackageManager( 1567):   Scheme: "mms"
I/PackageManager( 1567): Adding preferred activity ComponentInfo{com.android.mms/com.android.mms.ui.ComposeMessageActivity} for user 0 :
I/PackageManager( 1567): Adding preferred activity ComponentInfo{com.android.mms/com.android.mms.ui.ComposeMessageActivity} for user 0 :
I/PackageManager( 1567):   Action: "android.intent.action.SENDTO"
I/PackageManager( 1567):   Category: "android.intent.category.DEFAULT"
I/PackageManager( 1567):   Scheme: "mmsto"
D/dalvikvm( 2137): DexOpt: load 65ms, verify+opt 106ms, 5853988 bytes
I/PackageManager( 1567): Adding preferred activity ComponentInfo{com.android.mms/com.android.mms.ui.ComposeMessageActivity} for user 0 :
D/dalvikvm( 1787): DexOpt: --- END 'PrebuiltGmsCore.apk.classes4.zip' (success) ---
D/dalvikvm( 1787): DEX prep '/data/data/com.google.android.gms/code_cache/secondary-dexes/PrebuiltGmsCore.apk.classes4.zip': unzip in 65ms, rewrite 280ms
D/dalvikvm( 1787): DexOpt: --- BEGIN 'PrebuiltGmsCore.apk.classes5.zip' (bootstrap=0) ---
W/linker  ( 2155): libdvm.so has text relocations. This is wasting memory and is a security risk. Please fix.
E/cutils-trace( 2155): Error opening trace file: Permission denied (13)
D/dalvikvm( 2155): GC_FOR_ALLOC freed 696K, 35% free 1350K/2048K, paused 1ms, total 1ms
D/AndroidRuntime( 2159): 
D/AndroidRuntime( 2159): >>>>>> AndroidRuntime START com.android.internal.os.RuntimeInit <<<<<<
W/linker  ( 2159): libdvm.so has text relocations. This is wasting memory and is a security risk. Please fix.
D/AndroidRuntime( 2159): CheckJNI is ON
D/dalvikvm( 2159): Trying to load lib libjavacore.so 0x0
D/dalvikvm( 2159): Added shared lib libjavacore.so 0x0
D/dalvikvm( 2159): Trying to load lib libnativehelper.so 0x0
D/dalvikvm( 2159): Added shared lib libnativehelper.so 0x0
D/dalvikvm( 2159): No JNI_OnLoad found in libnativehelper.so 0x0, skipping init
D/dalvikvm( 2159): Note: class Landroid/app/ActivityManagerNative; has 179 unimplemented (abstract) methods
E/memtrack( 2159): Couldn't load memtrack module (No such file or directory)
E/android.os.Debug( 2159): failed to load memtrack module: -2
D/AndroidRuntime( 2159): Calling main entry com.android.commands.pm.Pm
D/AndroidRuntime( 2159): Shutting down VM
D/jdwp    ( 2159): Got wake-up signal, bailing out of select
D/dalvikvm( 2159): Debugger has detached; object registry had 1 entries
I/AndroidRuntime( 2159): NOTE: attach of thread 'Binder_2' failed
D/dalvikvm( 2155): DexOpt: couldn't find static field Landroid/view/View;.TRANSLATION_Z
D/dalvikvm( 2155): DexOpt: load 47ms, verify+opt 128ms, 6002044 bytes
D/dalvikvm( 1787): DexOpt: --- END 'PrebuiltGmsCore.apk.classes5.zip' (success) ---
D/dalvikvm( 1787): DEX prep '/data/data/com.google.android.gms/code_cache/secondary-dexes/PrebuiltGmsCore.apk.classes5.zip': unzip in 50ms, rewrite 245ms
D/dalvikvm( 1787): DexOpt: --- BEGIN 'PrebuiltGmsCore.apk.classes6.zip' (bootstrap=0) ---
W/linker  ( 2170): libdvm.so has text relocations. This is wasting memory and is a security risk. Please fix.
D/dalvikvm( 1567): GC_FOR_ALLOC freed 1102K, 53% free 7253K/15144K, paused 6ms, total 6ms
D/ConnectivityService( 1567): [CheckMp] isMobileOk: newUrl=https://172.217.13.110/generate_204
W/ActivityThread( 1567): ClassLoader.loadClass: The class loader returned by Thread.getContextClassLoader() may fail for processes that host multiple applications. You should explicitly specify a context class loader. For example: Thread.setContextClassLoader(getClass().getClassLoader());
E/cutils-trace( 2170): Error opening trace file: Permission denied (13)
D/dalvikvm( 2170): GC_FOR_ALLOC freed 1274K, 63% free 772K/2048K, paused 1ms, total 1ms
D/AndroidRuntime( 2173): 
D/AndroidRuntime( 2173): >>>>>> AndroidRuntime START com.android.internal.os.RuntimeInit <<<<<<
W/linker  ( 2173): libdvm.so has text relocations. This is wasting memory and is a security risk. Please fix.
D/AndroidRuntime( 2173): CheckJNI is ON
D/dalvikvm( 2173): Trying to load lib libjavacore.so 0x0
D/dalvikvm( 2173): Added shared lib libjavacore.so 0x0
D/dalvikvm( 2173): Trying to load lib libnativehelper.so 0x0
D/dalvikvm( 2173): Added shared lib libnativehelper.so 0x0
D/dalvikvm( 2173): No JNI_OnLoad found in libnativehelper.so 0x0, skipping init
D/dalvikvm( 2173): Note: class Landroid/app/ActivityManagerNative; has 179 unimplemented (abstract) methods
D/dalvikvm( 2170): DexOpt: load 36ms, verify+opt 73ms, 4410764 bytes
D/ConnectivityService( 1567): [CheckMp] isMobileOk: hostnameVerify retVal=true hostname=172.217.13.110 orgUriHost=clients3.google.com
D/ConnectivityService( 1567): [CheckMp] isMobileOk: headers={null=[HTTP/1.1 204 No Content], Alt-Svc=[h3=":443"; ma=2592000,h3-29=":443"; ma=2592000,h3-T051=":443"; ma=2592000,h3-Q050=":443"; ma=2592000,h3-Q046=":443"; ma=2592000,h3-Q043=":443"; ma=2592000,quic=":443"; ma=2592000; v="46,43"], Connection=[close], Content-Length=[0], Date=[Sun, 15 Aug 2021 16:33:47 GMT], X-Android-Received-Millis=[1629045226260], X-Android-Response-Source=[NETWORK 204], X-Android-Selected-Transport=[http/1.1], X-Android-Sent-Millis=[1629045226245]}
D/ConnectivityService( 1567): [CheckMp] isMobileOk: X got expected responseCode=204 result=1
D/ConnectivityService( 1567): [CheckMp] isMobileOk: F stop hipri
D/MobileDataStateTracker( 1567): default: setEnableFailFastMobileData(enabled=0)
E/memtrack( 2173): Couldn't load memtrack module (No such file or directory)
E/android.os.Debug( 2173): failed to load memtrack module: -2
D/dalvikvm( 1787): DexOpt: --- END 'PrebuiltGmsCore.apk.classes6.zip' (success) ---
D/dalvikvm( 1787): DEX prep '/data/data/com.google.android.gms/code_cache/secondary-dexes/PrebuiltGmsCore.apk.classes6.zip': unzip in 30ms, rewrite 176ms
I/MultiDex( 1787): install done
I/dalvikvm( 1787): Could not find method android.content.ContentProvider.query, referenced from method brf.superQuery
W/dalvikvm( 1787): VFY: unable to resolve virtual method 2428: Landroid/content/ContentProvider;.query (Landroid/net/Uri;[Ljava/lang/String;Landroid/os/Bundle;Landroid/os/CancellationSignal;)Landroid/database/Cursor;
D/dalvikvm( 1787): VFY: replacing opcode 0x6f at 0x0000
D/ConnectivityService( 1567): stopUsingNetworkFeature: teardown net 0: enableHIPRI
D/MobileDataStateTracker( 1567): hipri: Broadcast received: android.intent.action.ANY_DATA_STATE apnType=hipri
D/MobileDataStateTracker( 1567): hipri: Received state=DISCONNECTED, old=CONNECTED, reason=dataDisabled
D/MobileDataStateTracker( 1567): hipri: setDetailed state, old =CONNECTED and new state=DISCONNECTED
D/ConnectivityService( 1567): ConnectivityChange for mobile_hipri: DISCONNECTED/DISCONNECTED
I/dalvikvm( 1787): Could not find method android.os.UserHandle.isOwner, referenced from method nmy.f
W/dalvikvm( 1787): VFY: unable to resolve virtual method 3081: Landroid/os/UserHandle;.isOwner ()Z
D/dalvikvm( 1787): VFY: replacing opcode 0x6e at 0x000a
D/dalvikvm( 1787): GC_FOR_ALLOC freed 377K, 11% free 4684K/5216K, paused 5ms, total 5ms
D/AndroidRuntime( 2173): Calling main entry com.android.commands.pm.Pm
D/dalvikvm( 1787): DexOpt: couldn't find field Landroid/content/pm/ApplicationInfo;.splitSourceDirs
W/dalvikvm( 1787): VFY: unable to resolve instance field 1475
D/dalvikvm( 1787): VFY: replacing opcode 0x54 at 0x0055
D/dalvikvm( 1787): DexOpt: couldn't find static field Landroid/os/Build;.SUPPORTED_ABIS
W/dalvikvm( 1787): VFY: unable to resolve static field 1540 (SUPPORTED_ABIS) in Landroid/os/Build;
D/dalvikvm( 1787): VFY: replacing opcode 0x62 at 0x00d1
D/AndroidRuntime( 2173): Shutting down VM
D/jdwp    ( 2173): Got wake-up signal, bailing out of select
D/dalvikvm( 2173): Debugger has detached; object registry had 1 entries
I/dalvikvm( 1787): Could not find method android.system.Os.stat, referenced from method nop.a
W/dalvikvm( 1787): VFY: unable to resolve static method 3146: Landroid/system/Os;.stat (Ljava/lang/String;)Landroid/system/StructStat;
D/dalvikvm( 1787): VFY: replacing opcode 0x71 at 0x0182
I/AndroidRuntime( 2173): NOTE: attach of thread 'Binder_1' failed
I/dalvikvm( 1787): Could not find method android.content.pm.PackageManager.getPackageInstaller, referenced from method men.a
W/dalvikvm( 1787): VFY: unable to resolve virtual method 2608: Landroid/content/pm/PackageManager;.getPackageInstaller ()Landroid/content/pm/PackageInstaller;
D/dalvikvm( 1787): VFY: replacing opcode 0x6e at 0x001c
W/DynamiteModule( 1787): Local module descriptor class for providerinstaller not found.
E/ChimeraCfgMgr( 1787): Failed to read module config: java.io.FileNotFoundException: /data/data/com.google.android.gms/app_chimera/current_config.fb: open failed: ENOENT (No such file or directory)
I/dalvikvm( 1787): Could not find method android.system.Os.readlink, referenced from method bse.a
W/dalvikvm( 1787): VFY: unable to resolve static method 3145: Landroid/system/Os;.readlink (Ljava/lang/String;)Ljava/lang/String;
D/dalvikvm( 1787): VFY: replacing opcode 0x71 at 0x0044
I/dalvikvm( 1787): Could not find method android.system.Os.symlink, referenced from method bse.a
W/dalvikvm( 1787): VFY: unable to resolve static method 3147: Landroid/system/Os;.symlink (Ljava/lang/String;Ljava/lang/String;)V
D/dalvikvm( 1787): VFY: replacing opcode 0x71 at 0x00b0
I/dalvikvm( 1787): Could not find method android.system.Os.stat, referenced from method bse.a
W/dalvikvm( 1787): VFY: unable to resolve static method 3146: Landroid/system/Os;.stat (Ljava/lang/String;)Landroid/system/StructStat;
D/dalvikvm( 1787): VFY: replacing opcode 0x71 at 0x0005
W/dalvikvm( 1787): VFY: unable to resolve static field 1615 (S_IXUSR) in Landroid/system/OsConstants;
D/dalvikvm( 1787): VFY: replacing opcode 0x60 at 0x0007
I/dalvikvm( 1787): Could not find method android.system.Os.stat, referenced from method bse.b
W/dalvikvm( 1787): VFY: unable to resolve static method 3146: Landroid/system/Os;.stat (Ljava/lang/String;)Landroid/system/StructStat;
D/dalvikvm( 1787): VFY: replacing opcode 0x71 at 0x0040
W/dalvikvm( 1787): VFY: unable to resolve static field 1612 (S_IRUSR) in Landroid/system/OsConstants;
D/dalvikvm( 1787): VFY: replacing opcode 0x60 at 0x0007
W/FileUtils( 1787): Failed to set world readable: /data/data/com.google.android.gms/app_chimera/current_config.fb
E/ChimeraCfgMgr( 1787): Failed to read module config: java.io.FileNotFoundException: /data/data/com.google.android.gms/app_chimera/current_config.fb: open failed: ENOENT (No such file or directory)
D/Nat464Xlat( 1567): requiresClat: netType=5, hasIPv4Address=true
D/dalvikvm( 1787): DexOpt: couldn't find static field Landroid/os/Build;.SUPPORTED_ABIS
W/dalvikvm( 1787): VFY: unable to resolve static field 1540 (SUPPORTED_ABIS) in Landroid/os/Build;
D/dalvikvm( 1787): VFY: replacing opcode 0x62 at 0x0307
D/dalvikvm( 1787): DexOpt: couldn't find static field Landroid/os/Build;.SUPPORTED_ABIS
W/dalvikvm( 1787): VFY: unable to resolve static field 1540 (SUPPORTED_ABIS) in Landroid/os/Build;
D/dalvikvm( 1787): VFY: replacing opcode 0x62 at 0x06eb
I/dalvikvm( 1787): Could not find method android.content.Context.isCredentialProtectedStorage, referenced from method bry.j
W/dalvikvm( 1787): VFY: unable to resolve virtual method 2490: Landroid/content/Context;.isCredentialProtectedStorage ()Z
D/dalvikvm( 1787): VFY: replacing opcode 0x6e at 0x0087
E/ConfigFileUtils( 1787): Failed to read config file: /data/data/com.google.android.gms/app_chimera/current_fileapks.pb: open failed: ENOENT (No such file or directory)
D/dalvikvm( 1787): GC_FOR_ALLOC freed 1933K, 40% free 3218K/5308K, paused 2ms, total 2ms
I/GmsModuleFndr( 1787): Beginning GMS chimera module scan
E/ChimeraCfgMgr( 1787): Failed to read module config: java.io.FileNotFoundException: /data/data/com.google.android.gms/app_chimera/current_config.fb: open failed: ENOENT (No such file or directory)
D/dalvikvm( 1145): GC_EXPLICIT freed 39K, 4% free 2993K/3096K, paused 0ms+0ms, total 2ms
D/dalvikvm( 1145): GC_EXPLICIT freed <1K, 4% free 2993K/3096K, paused 0ms+0ms, total 1ms
D/dalvikvm( 1145): GC_EXPLICIT freed <1K, 4% free 2993K/3096K, paused 0ms+0ms, total 2ms
D/dalvikvm( 1567): GC_FOR_ALLOC freed 1157K, 53% free 7165K/15144K, paused 8ms, total 8ms
I/DynamiteModule( 1787): Considering local module com.google.android.gms.googlecertificates:4 and remote module com.google.android.gms.googlecertificates:0
I/DynamiteModule( 1787): Selected local version of com.google.android.gms.googlecertificates
I/dalvikvm( 1787): Could not find method android.app.Notification$Builder.setLocalOnly, referenced from method com.google.android.gms.common.GoogleCertificatesImpl.isGoogleOrPlatformSigned
W/dalvikvm( 1787): VFY: unable to resolve virtual method 2308: Landroid/app/Notification$Builder;.setLocalOnly (Z)Landroid/app/Notification$Builder;
D/dalvikvm( 1787): VFY: replacing opcode 0x6e at 0x00b1
I/ActivityManager( 1567): Start proc com.google.android.gms for service com.google.android.gms/.chimera.GmsIntentOperationService: pid=2192 uid=10007 gids={50007, 3003, 1007, 1028, 1015, 3002, 3001, 3007, 2001, 3006}
W/dalvikvm( 2192): VFY: unable to resolve static field 1608 (PR_SET_DUMPABLE) in Landroid/system/OsConstants;
D/dalvikvm( 2192): VFY: replacing opcode 0x60 at 0x0017
E/ChimeraCfgMgr( 1787): Failed to read module config: java.io.FileNotFoundException: /data/data/com.google.android.gms/app_chimera/current_config.fb: open failed: ENOENT (No such file or directory)
W/dalvikvm( 2192): VFY: unable to find class referenced in signature (Lyqx;)
W/dalvikvm( 2192): VFY: unable to find class referenced in signature (Lyro;)
I/ModuleSetMgr( 1787): Config file doesn't exist, writing blank config.
I/dalvikvm( 1787): Could not find method com.google.android.chimera.ContextThemeWrapper.createAttributionContext, referenced from method mnu.createAttributionContext
W/dalvikvm( 1787): VFY: unable to resolve virtual method 13785: Lcom/google/android/chimera/ContextThemeWrapper;.createAttributionContext (Ljava/lang/String;)Landroid/content/Context;
D/dalvikvm( 1787): VFY: replacing opcode 0x6f at 0x0002
I/dalvikvm( 1787): Could not find method android.content.ContextWrapper.createCredentialProtectedStorageContext, referenced from method mnu.createCredentialProtectedStorageContext
W/dalvikvm( 1787): VFY: unable to resolve virtual method 2508: Landroid/content/ContextWrapper;.createCredentialProtectedStorageContext ()Landroid/content/Context;
D/dalvikvm( 1787): VFY: replacing opcode 0x6f at 0x0002
I/dalvikvm( 1787): Could not find method android.content.ContextWrapper.createDeviceProtectedStorageContext, referenced from method mnu.createDeviceProtectedStorageContext
W/dalvikvm( 1787): VFY: unable to resolve virtual method 2509: Landroid/content/ContextWrapper;.createDeviceProtectedStorageContext ()Landroid/content/Context;
D/dalvikvm( 1787): VFY: replacing opcode 0x6f at 0x0002
E/ConfigFileUtils( 1787): Failed to read config file: /data/data/com.google.android.gms/app_chimera/current_fileapks.pb: open failed: ENOENT (No such file or directory)
I/ModuleSetMgr( 1787): Computing pending module set with APKs: []
I/ModuleSetMgr( 1787): Pending container module APKs: []
I/ModuleSetMgr( 1787): Pending non-container module APKs: []
E/ConfigFileUtils( 1787): Failed to read config file: /data/data/com.google.android.gms/app_chimera/current_fileapks.pb: open failed: ENOENT (No such file or directory)
I/dalvikvm( 2192): Could not find method android.system.Os.readlink, referenced from method msk.a
W/dalvikvm( 2192): VFY: unable to resolve static method 3145: Landroid/system/Os;.readlink (Ljava/lang/String;)Ljava/lang/String;
D/dalvikvm( 2192): VFY: replacing opcode 0x71 at 0x00b0
I/dalvikvm( 2192): Could not find method android.os.PowerManager.isInteractive, referenced from method ndc.a
W/dalvikvm( 2192): VFY: unable to resolve virtual method 3046: Landroid/os/PowerManager;.isInteractive ()Z
D/dalvikvm( 2192): VFY: replacing opcode 0x6e at 0x0013
I/dalvikvm( 2192): Could not find method com.google.android.chimera.ModuleContext.getAttributionTag, referenced from method com.google.android.chimera.ModuleContext.createAttributionContext
W/dalvikvm( 2192): VFY: unable to resolve virtual method 14170: Lcom/google/android/chimera/ModuleContext;.getAttributionTag ()Ljava/lang/String;
D/dalvikvm( 2192): VFY: replacing opcode 0x6e at 0x0004
I/dalvikvm( 2192): Could not find method com.google.android.chimera.ContextThemeWrapper.createAttributionContext, referenced from method com.google.android.chimera.ModuleContext.createAttributionContext
W/dalvikvm( 2192): VFY: unable to resolve virtual method 13785: Lcom/google/android/chimera/ContextThemeWrapper;.createAttributionContext (Ljava/lang/String;)Landroid/content/Context;
D/dalvikvm( 2192): VFY: replacing opcode 0x6f at 0x0035
I/dalvikvm( 2192): Could not find method android.content.ContextWrapper.createCredentialProtectedStorageContext, referenced from method com.google.android.chimera.ModuleContext.createCredentialProtectedStorageContext
W/dalvikvm( 2192): VFY: unable to resolve virtual method 2508: Landroid/content/ContextWrapper;.createCredentialProtectedStorageContext ()Landroid/content/Context;
D/dalvikvm( 2192): VFY: replacing opcode 0x6f at 0x0002
E/ChimeraCfgMgr( 1787): Failed to read module config: java.io.FileNotFoundException: /data/data/com.google.android.gms/app_chimera/current_config.fb: open failed: ENOENT (No such file or directory)
W/IntentOperation( 1787): Failed to get Chimera config:com.google.android.chimera.config.InvalidConfigException: java.io.FileNotFoundException: /data/data/com.google.android.gms/app_chimera/current_config.fb: open failed: ENOENT (No such file or directory)
