I/PeopleASM( 2173): Rebuilding autocomplete index...
I/PeopleSearchIndexManage( 2173): Rebuilding index done.
D/dalvikvm( 1571): GC_FOR_ALLOC freed 1094K, 49% free 7500K/14704K, paused 10ms, total 10ms
I/PeopleInitIntentOp( 2173): Not initializing debuggability [CONTEXT service_id=5 ]
D/dalvikvm( 1788): GC_FOR_ALLOC freed 1031K, 14% free 7227K/8396K, paused 6ms, total 6ms
D/dalvikvm( 2173): GC_FOR_ALLOC freed 1274K, 16% free 7592K/8948K, paused 9ms, total 9ms
W/Nearby  ( 1788): Bind call too late - someone already tried to get: interface bkxn [CONTEXT service_id=49 ]
E/BluetoothAdapter( 1788): Bluetooth binder is null
D/dalvikvm( 1571): GC_FOR_ALLOC freed 1067K, 49% free 7507K/14704K, paused 9ms, total 9ms
I/dalvikvm( 1788): Could not find method java.util.Locale.toLanguageTag, referenced from method ablz.a
W/dalvikvm( 1788): VFY: unable to resolve virtual method 19297: Ljava/util/Locale;.toLanguageTag ()Ljava/lang/String;
D/dalvikvm( 1788): VFY: replacing opcode 0x6e at 0x0006
I/Icing   ( 2173): updateResources: need to parse wwx{com.google.android.gms}
E/BluetoothAdapter( 1861): Bluetooth binder is null
W/ActivityManager( 1571): Unable to start service Intent { act=com.google.android.gms.nearby.discovery:ACTION_PERMISSION_CHANGE cmp=com.google.android.gms/.nearby.discovery.service.DiscoveryService } U=0: not found
I/NearbyMessages( 1788): OfflineCache: old scanner cache is not enabled [CONTEXT service_id=62 ]
I/PackageManager( 1571): Running dexopt on: com.google.android.calendar
I/ActivityManager( 1571): Start proc com.google.android.calendar for broadcast com.google.android.calendar/com.android.calendar.widget.CalendarAppWidgetService$CalendarFactory: pid=2455 uid=10018 gids={50018, 3003}
W/linker  ( 2469): libdvm.so has text relocations. This is wasting memory and is a security risk. Please fix.
D/dalvikvm( 1571): GC_FOR_ALLOC freed 1109K, 49% free 7531K/14704K, paused 8ms, total 8ms
D/dalvikvm( 1571): GC_FOR_ALLOC freed 1148K, 49% free 7522K/14704K, paused 7ms, total 7ms
D/dalvikvm( 1571): GC_FOR_ALLOC freed 1137K, 49% free 7522K/14704K, paused 7ms, total 7ms
D/dalvikvm( 2469): DexOpt: load 17ms, verify+opt 72ms, 1896332 bytes
D/dalvikvm( 1571): GC_FOR_ALLOC freed 1136K, 49% free 7522K/14704K, paused 24ms, total 24ms
D/Tethering( 1571): MasterInitialState.processMessage what=3
D/CaptivePortalTracker( 1571): NoActiveNetworkState{ when=0 what=1 obj=NetworkInfo: type: mobile_hipri[LTE], state: DISCONNECTED/DISCONNECTED, reason: dataDisabled, extra: epc.tmobile.com, roaming: false, failover: false, isAvailable: true, isConnectedToProvisioningNetwork: false target=com.android.internal.util.StateMachine$SmHandler }
D/CaptivePortalTracker( 1571): NoActiveNetworkState not a wifi connectivity change, ignore
D/Tethering( 1571): MasterInitialState.processMessage what=3
D/CaptivePortalTracker( 1571): NoActiveNetworkState{ when=-1ms what=1 obj=NetworkInfo: type: mobile[LTE], state: CONNECTED/CONNECTED, reason: connected, extra: epc.tmobile.com, roaming: false, failover: false, isAvailable: true, isConnectedToProvisioningNetwork: false target=com.android.internal.util.StateMachine$SmHandler }
D/CaptivePortalTracker( 1571): NoActiveNetworkState not a wifi connectivity change, ignore
I/Wear_Controller( 2173): Wear requires a companion app to be installed.
I/Wear_Controller( 2173): onStartup - Wear is not available on this device.
D/dalvikvm( 2369): GC_FOR_ALLOC freed 284K, 11% free 3206K/3568K, paused 1ms, total 1ms
I/InputReader( 1571): Reconfiguring input devices.  changes=0x00000010
I/InputReader( 1571): Reconfiguring input devices.  changes=0x00000010
I/InputReader( 1571): Reconfiguring input devices.  changes=0x00000010
D/dalvikvm( 1830): GC_EXPLICIT freed 138K, 29% free 5375K/7512K, paused 1ms+0ms, total 15ms
I/InputReader( 1571): Reconfiguring input devices.  changes=0x00000010
D/dalvikvm( 2173): GC_FOR_ALLOC freed 1582K, 19% free 7530K/9196K, paused 5ms, total 6ms
W/Launcher.Model( 2369): Nobody to tell about the new app.  Launcher is probably loading.
D/AndroidRuntime( 2470): 
D/AndroidRuntime( 2470): >>>>>> AndroidRuntime START com.android.internal.os.RuntimeInit <<<<<<
W/linker  ( 2470): libdvm.so has text relocations. This is wasting memory and is a security risk. Please fix.
W/Launcher.Model( 2369): Nobody to tell about the new app.  Launcher is probably loading.
I/PackageManager( 1571):   Action: "android.intent.action.SENDTO"
I/PackageManager( 1571):   Category: "android.intent.category.DEFAULT"
I/PackageManager( 1571):   Scheme: "sms"
W/Launcher.Model( 2369): Nobody to tell about the new app.  Launcher is probably loading.
I/PackageManager( 1571): Adding preferred activity ComponentInfo{com.android.mms/com.android.mms.ui.ComposeMessageActivity} for user 0 :
D/dalvikvm( 2369): GC_FOR_ALLOC freed 158K, 12% free 3330K/3760K, paused 2ms, total 2ms
W/Launcher.Model( 2369): Nobody to tell about the new app.  Launcher is probably loading.
I/ahju    ( 1788): Scheduling Phenotype for a PhenotypeSyncImmediately(6, com.google.android.gms.people) one off with window [1, 2] in seconds [CONTEXT service_id=51 ]
D/dalvikvm( 1848): GC_FOR_ALLOC freed 558K, 16% free 3592K/4228K, paused 2ms, total 2ms
I/PackageManager( 1571):   Action: "android.intent.action.SENDTO"
I/PackageManager( 1571):   Category: "android.intent.category.DEFAULT"
I/PackageManager( 1571):   Scheme: "smsto"
I/PackageManager( 1571): Adding preferred activity ComponentInfo{com.android.mms/com.android.mms.ui.ComposeMessageActivity} for user 0 :
D/dalvikvm( 1964): GC_FOR_ALLOC freed 2019K, 9% free 22739K/24952K, paused 3ms, total 3ms
I/PackageManager( 1571):   Action: "android.intent.action.SENDTO"
I/PackageManager( 1571):   Category: "android.intent.category.DEFAULT"
I/PackageManager( 1571):   Scheme: "mms"
I/PackageManager( 1571): Adding preferred activity ComponentInfo{com.android.mms/com.android.mms.ui.ComposeMessageActivity} for user 0 :
D/AndroidRuntime( 2470): CheckJNI is ON
D/dalvikvm( 2470): Trying to load lib libjavacore.so 0x0
D/dalvikvm( 2470): Added shared lib libjavacore.so 0x0
D/dalvikvm( 2470): Trying to load lib libnativehelper.so 0x0
D/dalvikvm( 2470): Added shared lib libnativehelper.so 0x0
D/dalvikvm( 2470): No JNI_OnLoad found in libnativehelper.so 0x0, skipping init
I/PackageManager( 1571):   Action: "android.intent.action.SENDTO"
I/PackageManager( 1571):   Category: "android.intent.category.DEFAULT"
I/PackageManager( 1571):   Scheme: "mmsto"
I/PackageManager( 1571): Adding preferred activity ComponentInfo{com.android.mms/com.android.mms.ui.ComposeMessageActivity} for user 0 :
I/PackageManager( 1571):   Action: "android.intent.action.SENDTO"
I/PackageManager( 1571):   Category: "android.intent.category.DEFAULT"
I/PackageManager( 1571):   Scheme: "sms"
I/PackageManager( 1571): Adding preferred activity ComponentInfo{com.android.mms/com.android.mms.ui.ComposeMessageActivity} for user 0 :
D/dalvikvm( 2470): Note: class Landroid/app/ActivityManagerNative; has 179 unimplemented (abstract) methods
D/dalvikvm( 1571): GC_FOR_ALLOC freed 962K, 48% free 7697K/14704K, paused 12ms, total 12ms
I/ActivityManager( 1571): Start proc com.android.deskclock for broadcast com.android.deskclock/.AlarmInitReceiver: pid=2483 uid=10022 gids={50022, 1028}
E/memtrack( 2470): Couldn't load memtrack module (No such file or directory)
E/android.os.Debug( 2470): failed to load memtrack module: -2
D/dalvikvm( 1848): GC_FOR_ALLOC freed 367K, 14% free 3651K/4228K, paused 2ms, total 2ms
D/dalvikvm( 1571): GC_FOR_ALLOC freed 1217K, 48% free 7660K/14704K, paused 16ms, total 16ms
I/PackageManager( 1571):   Action: "android.intent.action.SENDTO"
I/PackageManager( 1571):   Category: "android.intent.category.DEFAULT"
I/PackageManager( 1571):   Scheme: "smsto"
D/AndroidRuntime( 2470): Calling main entry com.android.commands.input.Input
I/Input   ( 2470): injectKeyEvent: KeyEvent { action=ACTION_DOWN, keyCode=KEYCODE_MENU, scanCode=0, metaState=0, flags=0x0, repeatCount=0, eventTime=18687, downTime=18687, deviceId=-1, source=0x101 }
I/PackageManager( 1571):   Action: "android.intent.action.SENDTO"
I/PackageManager( 1571):   Category: "android.intent.category.DEFAULT"
I/PackageManager( 1571):   Scheme: "mms"
I/PackageManager( 1571): Adding preferred activity ComponentInfo{com.android.mms/com.android.mms.ui.ComposeMessageActivity} for user 0 :
I/PackageManager( 1571): Adding preferred activity ComponentInfo{com.android.mms/com.android.mms.ui.ComposeMessageActivity} for user 0 :
I/PackageManager( 1571):   Action: "android.intent.action.SENDTO"
I/PackageManager( 1571):   Category: "android.intent.category.DEFAULT"
I/PackageManager( 1571):   Scheme: "mmsto"
I/PackageManager( 1571): Running dexopt on: com.android.deskclock
I/PackageManager( 1571): Adding preferred activity ComponentInfo{com.android.mms/com.android.mms.ui.ComposeMessageActivity} for user 0 :
I/ActivityManager( 1571): Start proc com.android.providers.calendar for content provider com.android.providers.calendar/.CalendarProvider2: pid=2504 uid=10001 gids={50001, 3003, 1028, 1015}
W/linker  ( 2518): libdvm.so has text relocations. This is wasting memory and is a security risk. Please fix.
I/Input   ( 2470): injectKeyEvent: KeyEvent { action=ACTION_UP, keyCode=KEYCODE_MENU, scanCode=0, metaState=0, flags=0x0, repeatCount=0, eventTime=18687, downTime=18687, deviceId=-1, source=0x101 }
D/dalvikvm( 1964): GC_FOR_ALLOC freed 579K, 9% free 22882K/24952K, paused 3ms, total 3ms
I/dalvikvm-heap( 1964): Grow heap (frag case) to 24.266MB for 1939932-byte allocation
D/dalvikvm( 1964): GC_FOR_ALLOC freed 2K, 8% free 24774K/26848K, paused 4ms, total 4ms
D/dalvikvm( 2518): DexOpt: load 9ms, verify+opt 30ms, 1099492 bytes
D/dalvikvm( 1571): GC_FOR_ALLOC freed 1228K, 49% free 7603K/14704K, paused 9ms, total 10ms
W/AudioService( 1571): onLoadSoundEffects() called before boot complete
D/AndroidRuntime( 2470): Shutting down VM
D/jdwp    ( 2470): Got wake-up signal, bailing out of select
D/dalvikvm( 2470): Debugger has detached; object registry had 1 entries
V/AlarmClock( 2483): AlarmInitReceiver android.intent.action.TIMEZONE_CHANGED
D/EGL_emulation( 1964): eglMakeCurrent: 0xb8c10ac0: ver 3 0
E/EGL_emulation( 1964): tid 1964: eglSurfaceAttrib(1199): error 0x3009 (EGL_BAD_MATCH)
W/HardwareRenderer( 1964): Backbuffer cannot be preserved
I/CalendarDatabaseHelper( 2504): Bootstrapping database
I/GCoreUlr( 1788): WorldUpdater received intent Intent { act=com.google.android.location.reporting.ACTION_UPDATE_WORLD cmp=com.google.android.gms/com.google.android.location.reporting.service.DispatchingService (has extras) } with receiverAction android.location.PROVIDERS_CHANGED
E/dalvikvm( 2173): Could not find class 'android.app.usage.UsageStatsManager', referenced from method vha.a
W/dalvikvm( 2173): VFY: unable to resolve const-class 1242 (Landroid/app/usage/UsageStatsManager;) in Lvha;
D/dalvikvm( 2173): VFY: replacing opcode 0x1c at 0x0009
I/ahju    ( 1788): Scheduling Phenotype for a PhenotypeSyncImmediately(6, com.google.android.gms.people.ui) one off with window [1, 2] in seconds [CONTEXT service_id=51 ]
D/dalvikvm( 1571): GC_FOR_ALLOC freed 1245K, 49% free 7515K/14704K, paused 15ms, total 15ms
I/PackageManager( 1571):   Action: "android.intent.action.SENDTO"
I/PackageManager( 1571):   Category: "android.intent.category.DEFAULT"
I/PackageManager( 1571):   Scheme: "sms"
I/CalendarProvider2( 2504): Created com.android.providers.calendar.CalendarAlarmManager@9d01e690(com.android.providers.calendar.CalendarProvider2@9d00b440)
I/PackageManager( 1571): Adding preferred activity ComponentInfo{com.android.mms/com.android.mms.ui.ComposeMessageActivity} for user 0 :
I/AlarmClock( 2483): Alarms Table created
I/AlarmClock( 2483): Instance table created
I/AlarmClock( 2483): Cities table created
I/AlarmClock( 2483): Inserting default alarms
D/dalvikvm( 1848): GC_FOR_ALLOC freed 443K, 16% free 3592K/4240K, paused 2ms, total 2ms
I/dalvikvm( 1788): Could not find method android.content.Context.createDeviceProtectedStorageContext, referenced from method vhu.a
W/dalvikvm( 1788): VFY: unable to resolve virtual method 4497: Landroid/content/Context;.createDeviceProtectedStorageContext ()Landroid/content/Context;
D/dalvikvm( 1788): VFY: replacing opcode 0x6e at 0x001b
I/GCM-GMS ( 2173): Scheduling task to register GMS
I/PackageManager( 1571):   Action: "android.intent.action.SENDTO"
I/PackageManager( 1571):   Category: "android.intent.category.DEFAULT"
I/PackageManager( 1571):   Scheme: "smsto"
E/dalvikvm( 1788): Could not find class 'android.app.usage.UsageStatsManager', referenced from method vha.a
W/dalvikvm( 1788): VFY: unable to resolve const-class 1242 (Landroid/app/usage/UsageStatsManager;) in Lvha;
D/dalvikvm( 1788): VFY: replacing opcode 0x1c at 0x0009
I/AlarmClock( 2483): Displaying next alarm time: ''
I/Herrevad( 1788): [58] wkz.a: updateListenState
I/PackageManager( 1571): Adding preferred activity ComponentInfo{com.android.mms/com.android.mms.ui.ComposeMessageActivity} for user 0 :
V/AlarmClock( 2483): AlarmInitReceiver finished
I/PackageManager( 1571):   Action: "android.intent.action.SENDTO"
I/PackageManager( 1571):   Category: "android.intent.category.DEFAULT"
I/PackageManager( 1571):   Scheme: "mms"
W/BackupManagerService( 1571): dataChanged but no participant pkg='com.android.providers.settings' uid=10022
I/PackageManager( 1571): Adding preferred activity ComponentInfo{com.android.mms/com.android.mms.ui.ComposeMessageActivity} for user 0 :
I/PackageManager( 1571):   Action: "android.intent.action.SENDTO"
I/PackageManager( 1571):   Category: "android.intent.category.DEFAULT"
I/PackageManager( 1571):   Scheme: "mmsto"
I/PackageManager( 1571): Adding preferred activity ComponentInfo{com.android.mms/com.android.mms.ui.ComposeMessageActivity} for user 0 :
I/PackageManager( 1571):   Action: "android.intent.action.SENDTO"
I/PackageManager( 1571):   Category: "android.intent.category.DEFAULT"
I/PackageManager( 1571):   Scheme: "sms"
I/ActivityManager( 1571): Start proc com.google.android.play.games for broadcast com.google.android.play.games/com.google.android.libraries.notifications.entrypoints.timezonechanged.TimezoneChangedReceiver: pid=2530 uid=10043 gids={50043, 3003}
I/PackageManager( 1571): Adding preferred activity ComponentInfo{com.android.mms/com.android.mms.ui.ComposeMessageActivity} for user 0 :
D/dalvikvm( 1571): GC_FOR_ALLOC freed 1058K, 49% free 7592K/14704K, paused 14ms, total 14ms
D/dalvikvm( 1848): GC_FOR_ALLOC freed 386K, 14% free 3647K/4240K, paused 1ms, total 1ms
I/PackageManager( 1571):   Action: "android.intent.action.SENDTO"
I/PackageManager( 1571):   Category: "android.intent.category.DEFAULT"
I/PackageManager( 1571):   Scheme: "smsto"
I/PackageManager( 1571): Adding preferred activity ComponentInfo{com.android.mms/com.android.mms.ui.ComposeMessageActivity} for user 0 :
I/PackageManager( 1571):   Action: "android.intent.action.SENDTO"
I/PackageManager( 1571):   Category: "android.intent.category.DEFAULT"
I/PackageManager( 1571):   Scheme: "mms"
I/PackageManager( 1571): Running dexopt on: com.google.android.play.games
I/PackageManager( 1571):   Action: "android.intent.action.SENDTO"
I/PackageManager( 1571):   Category: "android.intent.category.DEFAULT"
I/PackageManager( 1571):   Scheme: "mmsto"
I/PackageManager( 1571): Adding preferred activity ComponentInfo{com.android.mms/com.android.mms.ui.ComposeMessageActivity} for user 0 :
I/ActivityManager( 1571): Start proc com.google.android.gms.ui for service com.google.android.gms/.chimera.UiIntentOperationService: pid=2543 uid=10007 gids={50007, 3003, 1007, 1028, 1015, 3002, 3001, 3007, 2001, 3006}
I/PackageManager( 1571): Adding preferred activity ComponentInfo{com.android.mms/com.android.mms.ui.ComposeMessageActivity} for user 0 :
W/linker  ( 2555): libdvm.so has text relocations. This is wasting memory and is a security risk. Please fix.
D/EGL_emulation( 1964): eglMakeCurrent: 0xb8c10ac0: ver 3 0
D/EGL_emulation( 1964): eglMakeCurrent: 0xb8c10ac0: ver 3 0
D/EGL_emulation( 1964): eglMakeCurrent: 0xb8c10ac0: ver 3 0
D/dalvikvm( 1571): GC_FOR_ALLOC freed 1190K, 49% free 7555K/14704K, paused 42ms, total 42ms
D/dalvikvm( 1571): GC_FOR_ALLOC freed 1153K, 49% free 7547K/14704K, paused 11ms, total 11ms
D/dalvikvm( 1571): GC_FOR_ALLOC freed 1144K, 49% free 7546K/14704K, paused 7ms, total 9ms
D/AndroidRuntime( 2561): 
D/AndroidRuntime( 2561): >>>>>> AndroidRuntime START com.android.internal.os.RuntimeInit <<<<<<
W/linker  ( 2561): libdvm.so has text relocations. This is wasting memory and is a security risk. Please fix.
E/cutils-trace( 2555): Error opening trace file: Permission denied (13)
D/dalvikvm( 2555): GC_FOR_ALLOC freed 16K, 1% free 2030K/2048K, paused 1ms, total 1ms
D/AndroidRuntime( 2561): CheckJNI is ON
D/dalvikvm( 2561): Trying to load lib libjavacore.so 0x0
D/dalvikvm( 2561): Added shared lib libjavacore.so 0x0
D/dalvikvm( 2561): Trying to load lib libnativehelper.so 0x0
D/dalvikvm( 2561): Added shared lib libnativehelper.so 0x0
D/dalvikvm( 2561): No JNI_OnLoad found in libnativehelper.so 0x0, skipping init
D/dalvikvm( 1571): GC_FOR_ALLOC freed 1143K, 49% free 7546K/14704K, paused 8ms, total 8ms
D/dalvikvm( 2555): DexOpt: couldn't find static field Landroid/view/View;.TRANSLATION_Z
D/dalvikvm( 2561): Note: class Landroid/app/ActivityManagerNative; has 179 unimplemented (abstract) methods
D/dalvikvm( 1571): GC_FOR_ALLOC freed 1142K, 49% free 7546K/14704K, paused 7ms, total 7ms
D/dalvikvm( 1571): GC_FOR_ALLOC freed 1142K, 49% free 7546K/14704K, paused 6ms, total 6ms
E/memtrack( 2561): Couldn't load memtrack module (No such file or directory)
E/android.os.Debug( 2561): failed to load memtrack module: -2
D/dalvikvm( 1571): GC_FOR_ALLOC freed 1142K, 49% free 7546K/14704K, paused 7ms, total 7ms
D/AndroidRuntime( 2561): Calling main entry com.android.commands.pm.Pm
D/dalvikvm( 2555): DexOpt: couldn't find static field Landroid/graphics/Bitmap$Config;.HARDWARE
D/dalvikvm( 2555): DexOpt: couldn't find static field Landroid/graphics/Bitmap$Config;.RGBA_F16
D/dalvikvm( 2555): DexOpt: couldn't find static field Landroid/graphics/Bitmap$Config;.HARDWARE
D/dalvikvm( 2555): DexOpt: couldn't find static field Landroid/graphics/Bitmap$Config;.RGBA_F16
D/dalvikvm( 2555): DexOpt: couldn't find static field Landroid/graphics/Bitmap$Config;.RGBA_F16
D/dalvikvm( 1571): GC_FOR_ALLOC freed 1141K, 49% free 7547K/14704K, paused 8ms, total 8ms
D/dalvikvm( 1571): GC_FOR_ALLOC freed 1143K, 49% free 7547K/14704K, paused 6ms, total 6ms
D/dalvikvm( 2555): DexOpt: couldn't find field Landroid/content/pm/ApplicationInfo;.category
D/dalvikvm( 2555): DexOpt: couldn't find field Landroid/content/pm/ResolveInfo;.isInstantAppAvailable
D/dalvikvm( 1571): GC_FOR_ALLOC freed 1142K, 49% free 7547K/14704K, paused 7ms, total 7ms
D/dalvikvm( 1571): GC_FOR_ALLOC freed 1179K, 49% free 7511K/14704K, paused 6ms, total 6ms
D/dalvikvm( 1571): GC_FOR_ALLOC freed 1134K, 49% free 7511K/14704K, paused 6ms, total 6ms
D/dalvikvm( 1571): GC_FOR_ALLOC freed 1133K, 49% free 7511K/14704K, paused 6ms, total 6ms
D/dalvikvm( 1571): GC_FOR_ALLOC freed 1134K, 49% free 7511K/14704K, paused 7ms, total 7ms
D/dalvikvm( 1571): GC_FOR_ALLOC freed 1135K, 49% free 7511K/14704K, paused 6ms, total 6ms
D/dalvikvm( 2555): DexOpt: couldn't find static field Landroid/hardware/camera2/CameraCharacteristics;.LENS_FACING
D/dalvikvm( 2555): DexOpt: couldn't find field Landroid/os/Message;.sendingUid
D/dalvikvm( 1571): GC_FOR_ALLOC freed 1134K, 49% free 7511K/14704K, paused 6ms, total 6ms
D/dalvikvm( 1571): GC_FOR_ALLOC freed 1133K, 49% free 7511K/14704K, paused 6ms, total 6ms
D/dalvikvm( 1571): GC_FOR_ALLOC freed 1135K, 49% free 7511K/14704K, paused 6ms, total 6ms
D/dalvikvm( 1571): GC_FOR_ALLOC freed 1133K, 49% free 7511K/14704K, paused 6ms, total 6ms
D/dalvikvm( 1571): GC_FOR_ALLOC freed 1135K, 49% free 7511K/14704K, paused 6ms, total 6ms
D/dalvikvm( 2555): DexOpt: load 90ms, verify+opt 495ms, 7544340 bytes
D/dalvikvm( 1571): GC_FOR_ALLOC freed 1133K, 49% free 7511K/14704K, paused 12ms, total 12ms
I/Choreographer( 1571): Skipped 49 frames!  The application may be doing too much work on its main thread.
E/dalvikvm( 2530): Could not find class 'android.app.NotificationChannel', referenced from method com.google.android.apps.play.games.core.PlayGamesApplication.onCreate
I/PackageManager( 1571):   Action: "android.intent.action.SENDTO"
I/PackageManager( 1571):   Category: "android.intent.category.DEFAULT"
I/PackageManager( 1571):   Scheme: "sms"
W/dalvikvm( 2543): VFY: unable to resolve static field 1608 (PR_SET_DUMPABLE) in Landroid/system/OsConstants;
D/dalvikvm( 2543): VFY: replacing opcode 0x60 at 0x0017
W/dalvikvm( 2530): VFY: unable to resolve new-instance 420 (Landroid/app/NotificationChannel;) in Lcom/google/android/apps/play/games/core/PlayGamesApplication;
D/dalvikvm( 2530): VFY: replacing opcode 0x22 at 0x008d
E/dalvikvm( 2530): Could not find class 'android.app.NotificationChannelGroup', referenced from method com.google.android.apps.play.games.core.PlayGamesApplication.onCreate
W/dalvikvm( 2530): VFY: unable to resolve new-instance 421 (Landroid/app/NotificationChannelGroup;) in Lcom/google/android/apps/play/games/core/PlayGamesApplication;
D/dalvikvm( 2530): VFY: replacing opcode 0x22 at 0x0131
D/dalvikvm( 2530): DexOpt: couldn't find static field Landroid/os/Build;.SUPPORTED_ABIS
W/dalvikvm( 2530): VFY: unable to resolve static field 1664 (SUPPORTED_ABIS) in Landroid/os/Build;
D/dalvikvm( 2530): VFY: replacing opcode 0x62 at 0x01a4
E/dalvikvm( 2530): Could not find class 'android.app.NotificationChannel', referenced from method com.google.android.apps.play.games.core.PlayGamesApplication.onCreate
W/dalvikvm( 2543): VFY: unable to find class referenced in signature (Lyqx;)
D/dalvikvm( 1788): GC_FOR_ALLOC freed 1103K, 15% free 7559K/8800K, paused 20ms, total 21ms
W/dalvikvm( 2530): VFY: unable to resolve new-instance 420 (Landroid/app/NotificationChannel;) in Lcom/google/android/apps/play/games/core/PlayGamesApplication;
D/dalvikvm( 2530): VFY: replacing opcode 0x22 at 0x03e6
D/dalvikvm( 2530): DexOpt: unable to opt direct call 0x0b8a at 0x98 in Lcom/google/android/apps/play/games/core/PlayGamesApplication;.onCreate
W/dalvikvm( 2543): VFY: unable to find class referenced in signature (Lyro;)
D/dalvikvm( 2530): DexOpt: unable to opt direct call 0x0b8a at 0xa9 in Lcom/google/android/apps/play/games/core/PlayGamesApplication;.onCreate
D/dalvikvm( 2530): DexOpt: unable to opt direct call 0x0b8a at 0xba in Lcom/google/android/apps/play/games/core/PlayGamesApplication;.onCreate
D/dalvikvm( 2530): DexOpt: unable to opt direct call 0x0b8a at 0xcb in Lcom/google/android/apps/play/games/core/PlayGamesApplication;.onCreate
D/dalvikvm( 2530): DexOpt: unable to opt direct call 0x0b8a at 0xdc in Lcom/google/android/apps/play/games/core/PlayGamesApplication;.onCreate
D/dalvikvm( 2530): DexOpt: unable to opt direct call 0x0b8a at 0xed in Lcom/google/android/apps/play/games/core/PlayGamesApplication;.onCreate
I/PackageManager( 1571): Adding preferred activity ComponentInfo{com.android.mms/com.android.mms.ui.ComposeMessageActivity} for user 0 :
D/dalvikvm( 2530): DexOpt: unable to opt direct call 0x0b8a at 0x107 in Lcom/google/android/apps/play/games/core/PlayGamesApplication;.onCreate
D/dalvikvm( 2530): DexOpt: unable to opt direct call 0x0b95 at 0x135 in Lcom/google/android/apps/play/games/core/PlayGamesApplication;.onCreate
D/dalvikvm( 2530): DexOpt: unable to opt direct call 0x0b8a at 0x144 in Lcom/google/android/apps/play/games/core/PlayGamesApplication;.onCreate
D/dalvikvm( 2530): DexOpt: unable to opt direct call 0x0b8a at 0x160 in Lcom/google/android/apps/play/games/core/PlayGamesApplication;.onCreate
D/dalvikvm( 2530): DexOpt: unable to opt direct call 0x0b8a at 0x3eb in Lcom/google/android/apps/play/games/core/PlayGamesApplication;.onCreate
D/dalvikvm( 1848): GC_FOR_ALLOC freed 442K, 15% free 3609K/4240K, paused 5ms, total 6ms
I/dalvikvm( 2530): Could not find method android.app.Notification.getChannelId, referenced from method keu.a
W/dalvikvm( 2530): VFY: unable to resolve virtual method 2951: Landroid/app/Notification;.getChannelId ()Ljava/lang/String;
D/dalvikvm( 2530): VFY: replacing opcode 0x6e at 0x0010
I/dalvikvm( 2530): Could not find method android.content.Context.createDeviceProtectedStorageContext, referenced from method hgf.a
W/dalvikvm( 2530): VFY: unable to resolve virtual method 3139: Landroid/content/Context;.createDeviceProtectedStorageContext ()Landroid/content/Context;
D/dalvikvm( 2530): VFY: replacing opcode 0x6e at 0x0029
I/dalvikvm( 2530): Could not find method android.content.Context.getSystemService, referenced from method hgf.a
W/dalvikvm( 2530): VFY: unable to resolve virtual method 3171: Landroid/content/Context;.getSystemService (Ljava/lang/Class;)Ljava/lang/Object;
D/dalvikvm( 2530): VFY: replacing opcode 0x6e at 0x0009
I/PackageManager( 1571):   Action: "android.intent.action.SENDTO"
I/PackageManager( 1571):   Category: "android.intent.category.DEFAULT"
I/PackageManager( 1571):   Scheme: "smsto"
I/dalvikvm( 2530): Could not find method android.content.Context.createDeviceProtectedStorageContext, referenced from method nzv.a
W/dalvikvm( 2530): VFY: unable to resolve virtual method 3139: Landroid/content/Context;.createDeviceProtectedStorageContext ()Landroid/content/Context;
D/dalvikvm( 2530): VFY: replacing opcode 0x6e at 0x0031
I/dalvikvm( 2530): Could not find method android.content.Context.isDeviceProtectedStorage, referenced from method mlu.a
W/dalvikvm( 2530): VFY: unable to resolve virtual method 3177: Landroid/content/Context;.isDeviceProtectedStorage ()Z
D/dalvikvm( 2530): VFY: replacing opcode 0x6e at 0x0018
E/dalvikvm( 2530): Could not find class 'android.app.NotificationChannel', referenced from method fsr.a
W/dalvikvm( 2530): VFY: unable to resolve new-instance 420 (Landroid/app/NotificationChannel;) in Lfsr;
D/dalvikvm( 2530): VFY: replacing opcode 0x22 at 0x0236
D/dalvikvm( 2530): DexOpt: unable to opt direct call 0x0b8a at 0x23d in Lfsr;.a
I/dalvikvm( 2530): Failed resolving Lnok; interface 1015 'Landroid/view/Window$OnFrameMetricsAvailableListener;'
W/dalvikvm( 2530): Link of class 'Lnok;' failed
I/dalvikvm( 2530): Failed resolving Lnok; interface 1015 'Landroid/view/Window$OnFrameMetricsAvailableListener;'
W/dalvikvm( 2530): Link of class 'Lnok;' failed
I/dalvikvm( 2530): Failed resolving Lnok; interface 1015 'Landroid/view/Window$OnFrameMetricsAvailableListener;'
I/PackageManager( 1571):   Action: "android.intent.action.SENDTO"
I/PackageManager( 1571):   Category: "android.intent.category.DEFAULT"
I/PackageManager( 1571):   Scheme: "mms"
W/dalvikvm( 2530): Link of class 'Lnok;' failed
W/dalvikvm( 2530): VFY: unable to resolve instance field 27376
D/dalvikvm( 2530): VFY: replacing opcode 0x5c at 0x06cf
I/dalvikvm( 2530): Failed resolving Lnok; interface 1015 'Landroid/view/Window$OnFrameMetricsAvailableListener;'
W/dalvikvm( 2530): Link of class 'Lnok;' failed
I/dalvikvm( 2530): Failed resolving Lnok; interface 1015 'Landroid/view/Window$OnFrameMetricsAvailableListener;'
W/dalvikvm( 2530): Link of class 'Lnok;' failed
I/PackageManager( 1571): Adding preferred activity ComponentInfo{com.android.mms/com.android.mms.ui.ComposeMessageActivity} for user 0 :
I/PackageManager( 1571): Adding preferred activity ComponentInfo{com.android.mms/com.android.mms.ui.ComposeMessageActivity} for user 0 :
W/PrimesInit( 2530): Primes instant initialization
D/dalvikvm( 2530): GC_FOR_ALLOC freed 370K, 13% free 3135K/3580K, paused 3ms, total 3ms
I/dalvikvm( 2530): Could not find method android.app.AppOpsManager.permissionToOp, referenced from method rr.a
W/Primes  ( 2530): background initialization
W/dalvikvm( 2530): VFY: unable to resolve static method 2785: Landroid/app/AppOpsManager;.permissionToOp (Ljava/lang/String;)Ljava/lang/String;
D/dalvikvm( 2530): VFY: replacing opcode 0x71 at 0x000e
I/dalvikvm( 2530): Could not find method android.content.Context.getSystemService, referenced from method rr.a
W/dalvikvm( 2530): VFY: unable to resolve virtual method 3171: Landroid/content/Context;.getSystemService (Ljava/lang/Class;)Ljava/lang/Object;
D/dalvikvm( 2530): VFY: replacing opcode 0x6e at 0x002b
D/dalvikvm( 1571): GC_FOR_ALLOC freed 1071K, 49% free 7574K/14704K, paused 8ms, total 8ms
I/PackageManager( 1571):   Action: "android.intent.action.SENDTO"
I/PackageManager( 1571):   Category: "android.intent.category.DEFAULT"
I/PackageManager( 1571):   Scheme: "mmsto"
I/PackageManager( 1571): Adding preferred activity ComponentInfo{com.android.mms/com.android.mms.ui.ComposeMessageActivity} for user 0 :
W/ActivityManager( 1571): No content provider found for permission revoke: file:///sdcard/aut.apk
I/PackageManager( 1571):   Action: "android.intent.action.SENDTO"
I/PackageManager( 1571):   Category: "android.intent.category.DEFAULT"
I/PackageManager( 1571):   Scheme: "sms"
I/GCoreUlr( 1788): WorldUpdater:android.location.PROVIDERS_CHANGED: Ensuring that reporting is stopped because of reasons: (no Google accounts)
I/PackageManager( 1571): Adding preferred activity ComponentInfo{com.android.mms/com.android.mms.ui.ComposeMessageActivity} for user 0 :
I/dalvikvm( 2530): Could not find method android.content.Context.getSystemService, referenced from method mry.a
W/dalvikvm( 2530): VFY: unable to resolve virtual method 3171: Landroid/content/Context;.getSystemService (Ljava/lang/Class;)Ljava/lang/Object;
D/dalvikvm( 2530): VFY: replacing opcode 0x6e at 0x001a
I/dalvikvm( 2530): Could not find method android.os.UserManager.isUserUnlocked, referenced from method mry.a
W/dalvikvm( 2530): VFY: unable to resolve virtual method 4621: Landroid/os/UserManager;.isUserUnlocked ()Z
D/dalvikvm( 2530): VFY: replacing opcode 0x6e at 0x0030
I/dalvikvm( 2530): Could not find method android.content.Context.isDeviceProtectedStorage, referenced from method mry.b
W/dalvikvm( 2530): VFY: unable to resolve virtual method 3177: Landroid/content/Context;.isDeviceProtectedStorage ()Z
D/dalvikvm( 2530): VFY: replacing opcode 0x6e at 0x0000
D/dalvikvm( 1848): GC_FOR_ALLOC freed 334K, 14% free 3665K/4240K, paused 2ms, total 2ms
I/dalvikvm( 2543): Could not find method android.system.Os.readlink, referenced from method msk.a
W/dalvikvm( 2543): VFY: unable to resolve static method 3145: Landroid/system/Os;.readlink (Ljava/lang/String;)Ljava/lang/String;
D/dalvikvm( 2543): VFY: replacing opcode 0x71 at 0x00b0
I/dalvikvm( 2543): Could not find method android.os.PowerManager.isInteractive, referenced from method ndc.a
W/dalvikvm( 2543): VFY: unable to resolve virtual method 3046: Landroid/os/PowerManager;.isInteractive ()Z
D/dalvikvm( 2543): VFY: replacing opcode 0x6e at 0x0013
I/CalendarProvider2( 2504): Sending notification intent: Intent { act=android.intent.action.PROVIDER_CHANGED dat=content://com.android.calendar }
W/ContentResolver( 2504): Failed to get type for: content://com.android.calendar (Unknown URL content://com.android.calendar)
I/dalvikvm( 2543): Could not find method com.google.android.chimera.ModuleContext.getAttributionTag, referenced from method com.google.android.chimera.ModuleContext.createAttributionContext
W/dalvikvm( 2543): VFY: unable to resolve virtual method 14170: Lcom/google/android/chimera/ModuleContext;.getAttributionTag ()Ljava/lang/String;
D/dalvikvm( 2543): VFY: replacing opcode 0x6e at 0x0004
I/dalvikvm( 2543): Could not find method com.google.android.chimera.ContextThemeWrapper.createAttributionContext, referenced from method com.google.android.chimera.ModuleContext.createAttributionContext
W/dalvikvm( 2543): VFY: unable to resolve virtual method 13785: Lcom/google/android/chimera/ContextThemeWrapper;.createAttributionContext (Ljava/lang/String;)Landroid/content/Context;
D/dalvikvm( 2543): VFY: replacing opcode 0x6f at 0x0035
I/dalvikvm( 2543): Could not find method android.content.ContextWrapper.createCredentialProtectedStorageContext, referenced from method com.google.android.chimera.ModuleContext.createCredentialProtectedStorageContext
W/dalvikvm( 2543): VFY: unable to resolve virtual method 2508: Landroid/content/ContextWrapper;.createCredentialProtectedStorageContext ()Landroid/content/Context;
D/dalvikvm( 2543): VFY: replacing opcode 0x6f at 0x0002
I/dalvikvm( 2543): Could not find method android.content.ContextWrapper.createDeviceProtectedStorageContext, referenced from method com.google.android.chimera.ModuleContext.createDeviceProtectedStorageContext
W/dalvikvm( 2543): VFY: unable to resolve virtual method 2509: Landroid/content/ContextWrapper;.createDeviceProtectedStorageContext ()Landroid/content/Context;
D/dalvikvm( 2543): VFY: replacing opcode 0x6f at 0x0002
I/dalvikvm( 2543): Could not find method com.google.android.chimera.ContextThemeWrapper.sendBroadcastWithMultiplePermissions, referenced from method com.google.android.chimera.ModuleContext.sendBroadcastWithMultiplePermissions
W/dalvikvm( 2543): VFY: unable to resolve virtual method 13795: Lcom/google/android/chimera/ContextThemeWrapper;.sendBroadcastWithMultiplePermissions (Landroid/content/Intent;[Ljava/lang/String;)V
D/dalvikvm( 2543): VFY: replacing opcode 0x6f at 0x0009
I/MultiDex( 2543): VM with version 1.6.0 does not have multidex support
I/MultiDex( 2543): Installing application
I/PackageManager( 1571):   Action: "android.intent.action.SENDTO"
I/PackageManager( 1571):   Category: "android.intent.category.DEFAULT"
I/PackageManager( 1571):   Scheme: "smsto"
I/MultiDex( 2543): MultiDexExtractor(/system/priv-app/PrebuiltGmsCore.apk, /data/data/com.google.android.gms/code_cache/secondary-dexes)
I/MultiDex( 2543): Blocking on lock /data/data/com.google.android.gms/code_cache/secondary-dexes/MultiDex.lock
I/MultiDex( 2543): /data/data/com.google.android.gms/code_cache/secondary-dexes/MultiDex.lock locked
I/MultiDex( 2543): MultiDexExtractor.load(/system/priv-app/PrebuiltGmsCore.apk, false, )
I/PackageManager( 1571): Adding preferred activity ComponentInfo{com.android.mms/com.android.mms.ui.ComposeMessageActivity} for user 0 :
I/PackageManager( 1571):   Action: "android.intent.action.SENDTO"
I/PackageManager( 1571):   Category: "android.intent.category.DEFAULT"
I/PackageManager( 1571):   Scheme: "mms"
I/dalvikvm( 2530): Could not find method android.content.pm.PackageManager.getPackageInstaller, referenced from method gzw.a
W/dalvikvm( 2530): VFY: unable to resolve virtual method 3338: Landroid/content/pm/PackageManager;.getPackageInstaller ()Landroid/content/pm/PackageInstaller;
D/dalvikvm( 2530): VFY: replacing opcode 0x6e at 0x0024
I/MultiDex( 2543): loading existing secondary dex files
I/MultiDex( 2543): load found 5 secondary dex files
I/MultiDex( 2543): install done
I/PackageManager( 1571): Adding preferred activity ComponentInfo{com.android.mms/com.android.mms.ui.ComposeMessageActivity} for user 0 :
I/PackageManager( 1571):   Action: "android.intent.action.SENDTO"
I/PackageManager( 1571):   Category: "android.intent.category.DEFAULT"
I/PackageManager( 1571):   Scheme: "mmsto"
D/EGL_emulation( 1964): eglMakeCurrent: 0xb8c10ac0: ver 3 0
I/PackageManager( 1571): Adding preferred activity ComponentInfo{com.android.mms/com.android.mms.ui.ComposeMessageActivity} for user 0 :
I/GAv4-SVC( 2530): Google Analytics 16.9.98 is starting up.
I/dalvikvm( 2543): Could not find method android.content.ContentProvider.query, referenced from method brf.superQuery
W/dalvikvm( 2543): VFY: unable to resolve virtual method 2428: Landroid/content/ContentProvider;.query (Landroid/net/Uri;[Ljava/lang/String;Landroid/os/Bundle;Landroid/os/CancellationSignal;)Landroid/database/Cursor;
D/dalvikvm( 2543): VFY: replacing opcode 0x6f at 0x0000
I/GCoreUlr( 1788): Unbound from all signal providers.
I/PackageManager( 1571):   Action: "android.intent.action.SENDTO"
I/PackageManager( 1571):   Category: "android.intent.category.DEFAULT"
I/PackageManager( 1571):   Scheme: "sms"
D/dalvikvm( 2543): GC_FOR_ALLOC freed 383K, 13% free 3122K/3580K, paused 2ms, total 2ms
D/dalvikvm( 1830): GC_EXPLICIT freed 142K, 29% free 5371K/7512K, paused 1ms+0ms, total 19ms
I/dalvikvm( 2543): Could not find method android.os.UserHandle.isOwner, referenced from method nmy.f
W/dalvikvm( 2543): VFY: unable to resolve virtual method 3081: Landroid/os/UserHandle;.isOwner ()Z
D/dalvikvm( 2543): VFY: replacing opcode 0x6e at 0x000a
I/PackageManager( 1571): Adding preferred activity ComponentInfo{com.android.mms/com.android.mms.ui.ComposeMessageActivity} for user 0 :
I/Icing   ( 2173): Internal init done: storage state 0
D/dalvikvm( 1571): GC_FOR_ALLOC freed 1153K, 49% free 7571K/14704K, paused 16ms, total 18ms
D/dalvikvm( 2173): GC_FOR_ALLOC freed 1385K, 17% free 7659K/9196K, paused 13ms, total 13ms
D/dalvikvm( 1848): GC_FOR_ALLOC freed 463K, 16% free 3583K/4248K, paused 2ms, total 2ms
E/dalvikvm( 2530): Could not find class 'android.app.job.JobScheduler', referenced from method gss.e
W/dalvikvm( 2530): VFY: unable to resolve check-cast 443 (Landroid/app/job/JobScheduler;) in Lgss;
D/dalvikvm( 2530): VFY: replacing opcode 0x1f at 0x00d7
I/PackageManager( 1571):   Action: "android.intent.action.SENDTO"
I/PackageManager( 1571):   Category: "android.intent.category.DEFAULT"
I/PackageManager( 1571):   Scheme: "smsto"
E/dalvikvm( 2530): Could not find class 'android.app.job.JobScheduler', referenced from method gss.b
W/dalvikvm( 2530): VFY: unable to resolve check-cast 443 (Landroid/app/job/JobScheduler;) in Lgss;
D/dalvikvm( 2530): VFY: replacing opcode 0x1f at 0x02b1
E/dalvikvm( 2530): Could not find class 'android.app.job.JobScheduler', referenced from method gss.b
W/dalvikvm( 2530): VFY: unable to resolve check-cast 443 (Landroid/app/job/JobScheduler;) in Lgss;
D/dalvikvm( 2530): VFY: replacing opcode 0x1f at 0x0672
E/dalvikvm( 2530): Could not find class 'android.app.job.JobScheduler', referenced from method gss.b
W/dalvikvm( 2530): VFY: unable to resolve check-cast 443 (Landroid/app/job/JobScheduler;) in Lgss;
D/dalvikvm( 2530): VFY: replacing opcode 0x1f at 0x0866
E/dalvikvm( 2530): Could not find class 'android.app.job.JobScheduler', referenced from method gss.b
W/dalvikvm( 2530): VFY: unable to resolve check-cast 443 (Landroid/app/job/JobScheduler;) in Lgss;
D/dalvikvm( 2530): VFY: replacing opcode 0x1f at 0x0906
E/dalvikvm( 2530): Could not find class 'android.app.job.JobScheduler', referenced from method gss.b
W/dalvikvm( 2530): VFY: unable to resolve check-cast 443 (Landroid/app/job/JobScheduler;) in Lgss;
D/dalvikvm( 2530): VFY: replacing opcode 0x1f at 0x095c
E/dalvikvm( 2530): Could not find class 'android.app.job.JobScheduler', referenced from method gss.b
W/dalvikvm( 2530): VFY: unable to resolve check-cast 443 (Landroid/app/job/JobScheduler;) in Lgss;
D/dalvikvm( 2530): VFY: replacing opcode 0x1f at 0x09fc
E/dalvikvm( 2530): Could not find class 'android.app.job.JobScheduler', referenced from method gss.b
W/dalvikvm( 2530): VFY: unable to resolve check-cast 443 (Landroid/app/job/JobScheduler;) in Lgss;
D/dalvikvm( 2530): VFY: replacing opcode 0x1f at 0x0a1e
E/dalvikvm( 2530): Could not find class 'android.app.job.JobScheduler', referenced from method gss.b
W/dalvikvm( 2530): VFY: unable to resolve check-cast 443 (Landroid/app/job/JobScheduler;) in Lgss;
D/dalvikvm( 2530): VFY: replacing opcode 0x1f at 0x0a40
E/dalvikvm( 2530): Could not find class 'android.app.job.JobScheduler', referenced from method gss.b
W/dalvikvm( 2530): VFY: unable to resolve check-cast 443 (Landroid/app/job/JobScheduler;) in Lgss;
D/dalvikvm( 2530): VFY: replacing opcode 0x1f at 0x0a62
E/dalvikvm( 2530): Could not find class 'android.app.job.JobScheduler', referenced from method gss.b
W/dalvikvm( 2530): VFY: unable to resolve check-cast 443 (Landroid/app/job/JobScheduler;) in Lgss;
D/dalvikvm( 2530): VFY: replacing opcode 0x1f at 0x0ae8
E/dalvikvm( 2530): Could not find class 'android.app.job.JobScheduler', referenced from method gss.b
W/dalvikvm( 2530): VFY: unable to resolve check-cast 443 (Landroid/app/job/JobScheduler;) in Lgss;
D/dalvikvm( 2530): VFY: replacing opcode 0x1f at 0x0b20
E/dalvikvm( 2530): Could not find class 'android.app.job.JobScheduler', referenced from method gss.c
W/dalvikvm( 2530): VFY: unable to resolve check-cast 443 (Landroid/app/job/JobScheduler;) in Lgss;
D/dalvikvm( 2530): VFY: replacing opcode 0x1f at 0x0077
E/dalvikvm( 2530): Could not find class 'android.app.job.JobScheduler', referenced from method gss.c
W/dalvikvm( 2530): VFY: unable to resolve check-cast 443 (Landroid/app/job/JobScheduler;) in Lgss;
D/dalvikvm( 2530): VFY: replacing opcode 0x1f at 0x012a
E/dalvikvm( 2530): Could not find class 'android.app.job.JobScheduler', referenced from method gss.c
W/dalvikvm( 2530): VFY: unable to resolve check-cast 443 (Landroid/app/job/JobScheduler;) in Lgss;
D/dalvikvm( 2530): VFY: replacing opcode 0x1f at 0x0327
I/PackageManager( 1571): Adding preferred activity ComponentInfo{com.android.mms/com.android.mms.ui.ComposeMessageActivity} for user 0 :
D/dalvikvm( 2543): DexOpt: couldn't find field Landroid/content/pm/ApplicationInfo;.splitSourceDirs
W/dalvikvm( 2543): VFY: unable to resolve instance field 1475
D/dalvikvm( 2543): VFY: replacing opcode 0x54 at 0x0055
D/dalvikvm( 2543): DexOpt: couldn't find static field Landroid/os/Build;.SUPPORTED_ABIS
W/dalvikvm( 2543): VFY: unable to resolve static field 1540 (SUPPORTED_ABIS) in Landroid/os/Build;
D/dalvikvm( 2543): VFY: replacing opcode 0x62 at 0x00d1
I/dalvikvm( 2543): Could not find method android.system.Os.stat, referenced from method nop.a
W/dalvikvm( 2543): VFY: unable to resolve static method 3146: Landroid/system/Os;.stat (Ljava/lang/String;)Landroid/system/StructStat;
D/dalvikvm( 2543): VFY: replacing opcode 0x71 at 0x0182
I/PackageManager( 1571):   Action: "android.intent.action.SENDTO"
I/PackageManager( 1571):   Category: "android.intent.category.DEFAULT"
I/PackageManager( 1571):   Scheme: "mms"
E/dalvikvm( 2530): Could not find class 'android.app.job.JobScheduler', referenced from method gtk.u_
W/dalvikvm( 2530): VFY: unable to resolve check-cast 443 (Landroid/app/job/JobScheduler;) in Lgtk;
D/dalvikvm( 2530): VFY: replacing opcode 0x1f at 0x0080
I/PackageManager( 1571): Adding preferred activity ComponentInfo{com.android.mms/com.android.mms.ui.ComposeMessageActivity} for user 0 :
I/Icing   ( 2173): Indexing com.google.android.gms-sms from com.google.android.gms
I/PackageManager( 1571):   Action: "android.intent.action.SENDTO"
I/PackageManager( 1571):   Category: "android.intent.category.DEFAULT"
I/PackageManager( 1571):   Scheme: "mmsto"
W/dalvikvm( 1788): VFY: unable to find class referenced in signature (Landroid/net/Network;)
W/dalvikvm( 1788): VFY: unable to find class referenced in signature (Landroid/net/Network;)
I/dalvikvm( 1788): Could not find method android.net.Network.openConnection, referenced from method wna.a
W/dalvikvm( 1788): VFY: unable to resolve virtual method 5072: Landroid/net/Network;.openConnection (Ljava/net/URL;)Ljava/net/URLConnection;
D/dalvikvm( 1788): VFY: replacing opcode 0x6e at 0x008f
I/dalvikvm( 2543): Could not find method android.content.pm.PackageManager.getPackageInstaller, referenced from method men.a
W/dalvikvm( 2543): VFY: unable to resolve virtual method 2608: Landroid/content/pm/PackageManager;.getPackageInstaller ()Landroid/content/pm/PackageInstaller;
D/dalvikvm( 2543): VFY: replacing opcode 0x6e at 0x001c
W/DynamiteModule( 2543): Local module descriptor class for providerinstaller not found.
I/dalvikvm( 2543): Could not find method android.system.Os.readlink, referenced from method bse.a
W/dalvikvm( 2543): VFY: unable to resolve static method 3145: Landroid/system/Os;.readlink (Ljava/lang/String;)Ljava/lang/String;
D/dalvikvm( 2543): VFY: replacing opcode 0x71 at 0x0044
I/dalvikvm( 2543): Could not find method android.system.Os.symlink, referenced from method bse.a
W/dalvikvm( 2543): VFY: unable to resolve static method 3147: Landroid/system/Os;.symlink (Ljava/lang/String;Ljava/lang/String;)V
D/dalvikvm( 2543): VFY: replacing opcode 0x71 at 0x00b0
I/dalvikvm( 2543): Could not find method android.system.Os.stat, referenced from method bse.a
W/dalvikvm( 2543): VFY: unable to resolve static method 3146: Landroid/system/Os;.stat (Ljava/lang/String;)Landroid/system/StructStat;
D/dalvikvm( 2543): VFY: replacing opcode 0x71 at 0x0005
W/dalvikvm( 2543): VFY: unable to resolve static field 1615 (S_IXUSR) in Landroid/system/OsConstants;
D/dalvikvm( 2543): VFY: replacing opcode 0x60 at 0x0007
I/dalvikvm( 2543): Could not find method android.system.Os.stat, referenced from method bse.b
W/dalvikvm( 2543): VFY: unable to resolve static method 3146: Landroid/system/Os;.stat (Ljava/lang/String;)Landroid/system/StructStat;
D/dalvikvm( 2543): VFY: replacing opcode 0x71 at 0x0040
W/dalvikvm( 2543): VFY: unable to resolve static field 1612 (S_IRUSR) in Landroid/system/OsConstants;
D/dalvikvm( 2543): VFY: replacing opcode 0x60 at 0x0007
I/PackageManager( 1571): Adding preferred activity ComponentInfo{com.android.mms/com.android.mms.ui.ComposeMessageActivity} for user 0 :
I/PackageManager( 1571):   Action: "android.intent.action.SENDTO"
I/PackageManager( 1571):   Category: "android.intent.category.DEFAULT"
I/PackageManager( 1571):   Scheme: "sms"
I/PackageManager( 1571): Adding preferred activity ComponentInfo{com.android.mms/com.android.mms.ui.ComposeMessageActivity} for user 0 :
D/dalvikvm( 2543): DexOpt: couldn't find static field Landroid/os/Build;.SUPPORTED_64_BIT_ABIS
W/dalvikvm( 2543): VFY: unable to resolve static field 1539 (SUPPORTED_64_BIT_ABIS) in Landroid/os/Build;
D/dalvikvm( 2543): VFY: replacing opcode 0x62 at 0x0214
D/dalvikvm( 1571): GC_FOR_ALLOC freed 1150K, 49% free 7570K/14704K, paused 34ms, total 35ms
D/dalvikvm( 1848): GC_FOR_ALLOC freed 392K, 15% free 3646K/4248K, paused 2ms, total 2ms
I/PackageManager( 1571):   Action: "android.intent.action.SENDTO"
I/PackageManager( 1571):   Category: "android.intent.category.DEFAULT"
I/PackageManager( 1571):   Scheme: "smsto"
I/PackageManager( 1571): Adding preferred activity ComponentInfo{com.android.mms/com.android.mms.ui.ComposeMessageActivity} for user 0 :
W/ProviderHelper( 2543): Unknown dynamite feature providerinstaller
I/PackageManager( 1571):   Action: "android.intent.action.SENDTO"
I/PackageManager( 1571):   Category: "android.intent.category.DEFAULT"
I/PackageManager( 1571):   Scheme: "mms"
I/PackageManager( 1571): Adding preferred activity ComponentInfo{com.android.mms/com.android.mms.ui.ComposeMessageActivity} for user 0 :
I/PrimesTesting( 2530): GserviceFlagsSupplier.get()
I/PackageManager( 1571):   Action: "android.intent.action.SENDTO"
I/PackageManager( 1571):   Category: "android.intent.category.DEFAULT"
I/PackageManager( 1571):   Scheme: "mmsto"
I/DynamiteModule( 2543): Considering local module providerinstaller:0 and remote module providerinstaller:0
W/ProviderInstaller( 2543): Failed to load providerinstaller module: No acceptable module found. Local version is 0 and remote version is 0.
I/dalvikvm( 2543): Could not find method android.content.ContextWrapper.createCredentialProtectedStorageContext, referenced from method nfr.createCredentialProtectedStorageContext
W/dalvikvm( 2543): VFY: unable to resolve virtual method 2508: Landroid/content/ContextWrapper;.createCredentialProtectedStorageContext ()Landroid/content/Context;
D/dalvikvm( 2543): VFY: replacing opcode 0x6f at 0x0002
I/dalvikvm( 2543): Could not find method android.content.ContextWrapper.createDeviceProtectedStorageContext, referenced from method nfr.createDeviceProtectedStorageContext
W/dalvikvm( 2543): VFY: unable to resolve virtual method 2509: Landroid/content/ContextWrapper;.createDeviceProtectedStorageContext ()Landroid/content/Context;
D/dalvikvm( 2543): VFY: replacing opcode 0x6f at 0x0002
I/PackageManager( 1571): Adding preferred activity ComponentInfo{com.android.mms/com.android.mms.ui.ComposeMessageActivity} for user 0 :
I/Icing   ( 2173): IndexChimeraService.getServiceInterface callingPackage=com.google.android.gms componentName=AppsCorpus serviceId=32
D/dalvikvm( 2543): DexOpt: couldn't find static field Landroid/os/Build;.SUPPORTED_64_BIT_ABIS
W/dalvikvm( 2543): VFY: unable to resolve static field 1539 (SUPPORTED_64_BIT_ABIS) in Landroid/os/Build;
D/dalvikvm( 2543): VFY: replacing opcode 0x62 at 0x0080
D/dalvikvm( 2543): DexOpt: couldn't find static field Landroid/os/Build;.SUPPORTED_ABIS
W/dalvikvm( 2543): VFY: unable to resolve static field 1540 (SUPPORTED_ABIS) in Landroid/os/Build;
D/dalvikvm( 2543): VFY: replacing opcode 0x62 at 0x00d3
V/NativeCrypto( 2543): Registering com/google/android/gms/org/conscrypt/NativeCrypto's 286 native methods...
W/dalvikvm( 2543): Unable to resolve superclass of Lcom/google/android/gms/org/conscrypt/TrustManagerImpl; (5184)
W/dalvikvm( 2543): Link of class 'Lcom/google/android/gms/org/conscrypt/TrustManagerImpl;' failed
I/dalvikvm( 2543): Could not find method com.google.android.gms.org.conscrypt.TrustManagerImpl.getDefaultHostnameVerifier, referenced from method com.google.android.gms.org.conscrypt.Conscrypt.getDefaultHostnameVerifier
W/dalvikvm( 2543): VFY: unable to resolve static method 17870: Lcom/google/android/gms/org/conscrypt/TrustManagerImpl;.getDefaultHostnameVerifier ()Lcom/google/android/gms/org/conscrypt/ConscryptHostnameVerifier;
D/dalvikvm( 2543): VFY: replacing opcode 0x71 at 0x0003
W/dalvikvm( 2543): Unable to resolve superclass of Lcom/google/android/gms/org/conscrypt/TrustManagerImpl; (5184)
W/dalvikvm( 2543): Link of class 'Lcom/google/android/gms/org/conscrypt/TrustManagerImpl;' failed
W/dalvikvm( 2543): VFY: unable to find class referenced in signature (Lcom/google/android/gms/org/conscrypt/TrustManagerImpl;)
W/dalvikvm( 2543): Unable to resolve superclass of Lcom/google/android/gms/org/conscrypt/TrustManagerImpl; (5184)
W/dalvikvm( 2543): Link of class 'Lcom/google/android/gms/org/conscrypt/TrustManagerImpl;' failed
