D/PermissionCache( 1144): checking android.permission.READ_FRAME_BUFFER for uid=1000 => granted (23 us)
D/gralloc_ranchu( 1144): gralloc_alloc: Creating ashmem region of size 8294400
I/dalvikvm-heap( 1664): Grow heap (frag case) to 25.720MB for 14745612-byte allocation
D/dalvikvm( 1664): GC_FOR_ALLOC freed 0K, 2% free 26269K/26540K, paused 6ms, total 6ms
I/dalvikvm-heap( 1964): Grow heap (frag case) to 8.060MB for 4410012-byte allocation
D/dalvikvm( 1964): GC_FOR_ALLOC freed 2K, 2% free 8179K/8284K, paused 2ms, total 2ms
D/gralloc_ranchu( 1144): gralloc_alloc: Creating ashmem region of size 14745600
D/        ( 1144): HostConnection::get() New Host Connection established 0xb8de1720, tid 2038
D/dalvikvm( 1571): GC_FOR_ALLOC freed 960K, 52% free 7147K/14704K, paused 49ms, total 52ms
D/MccTable( 1848): updateMccMncConfiguration: mcc=310, mnc=260
D/MccTable( 1848): getLocaleFromMcc to en_us mcc=310
D/MccTable( 1848): getLocaleForLanguageCountry: skipping already persisted
D/MccTable( 1848): getLocaleForLanguageCountry: X locale=null
D/MccTable( 1848): WIFI_COUNTRY_CODE set to us
I/WifiService( 1571): WifiService trying to set country code to us with persist set to true
D/MccTable( 1848): updateMccMncConfiguration updateConfig config={1.0 310mcc260mnc ?locale ?layoutDir ?swdp ?wdp ?hdp ?density ?lsize ?long ?orien ?uimode ?night ?touch ?keyb/?/? ?nav/?}
I/DownloadManager( 1876): Download 3 starting
W/DownloadManager( 1876): Aborting request for download 3: NO_CONNECTION
V/MediaScanner( 1876): pruneDeadThumbnailFiles... android.database.sqlite.SQLiteCursor@9d065450
V/MediaScanner( 1876): /pruneDeadThumbnailFiles... android.database.sqlite.SQLiteCursor@9d065450
D/dalvikvm( 1848): GC_FOR_ALLOC freed 403K, 12% free 3538K/4016K, paused 2ms, total 2ms
I/DownloadManager( 1876): Download 3 finished with status WAITING_FOR_NETWORK
W/Resources( 1964): Converting to int: TypedValue{t=0x3/d=0x12 "4" a=-1}
W/Resources( 1964): Converting to int: TypedValue{t=0x3/d=0xf "1" a=-1}
W/Resources( 1964): Converting to int: TypedValue{t=0x3/d=0x15 "2" a=-1}
W/Resources( 1964): Converting to int: TypedValue{t=0x3/d=0x15 "2" a=-1}
I/DownloadManager( 1876): Download 4 starting
W/DownloadManager( 1876): Aborting request for download 4: NO_CONNECTION
W/Launcher.LauncherProvider( 1964): Unable to add favorite: com.android.camera2/com.android.camera.CameraLauncher
W/Launcher.LauncherProvider( 1964): android.content.pm.PackageManager$NameNotFoundException: ComponentInfo{com.android.camera2/com.android.camera.CameraLauncher}
W/Launcher.LauncherProvider( 1964): 	at android.app.ApplicationPackageManager.getActivityInfo(ApplicationPackageManager.java:242)
W/Launcher.LauncherProvider( 1964): 	at com.android.launcher2.LauncherProvider$DatabaseHelper.addAppShortcut(LauncherProvider.java:939)
W/Launcher.LauncherProvider( 1964): 	at com.android.launcher2.LauncherProvider$DatabaseHelper.loadFavorites(LauncherProvider.java:843)
W/Launcher.LauncherProvider( 1964): 	at com.android.launcher2.LauncherProvider$DatabaseHelper.access$000(LauncherProvider.java:233)
W/Launcher.LauncherProvider( 1964): 	at com.android.launcher2.LauncherProvider.loadDefaultFavoritesIfNecessary(LauncherProvider.java:228)
W/Launcher.LauncherProvider( 1964): 	at com.android.launcher2.LauncherModel$LoaderTask.loadWorkspace(LauncherModel.java:1263)
W/Launcher.LauncherProvider( 1964): 	at com.android.launcher2.LauncherModel$LoaderTask.loadAndBindWorkspace(LauncherModel.java:1005)
W/Launcher.LauncherProvider( 1964): 	at com.android.launcher2.LauncherModel$LoaderTask.run(LauncherModel.java:1111)
W/Launcher.LauncherProvider( 1964): 	at android.os.Handler.handleCallback(Handler.java:733)
W/Launcher.LauncherProvider( 1964): 	at android.os.Handler.dispatchMessage(Handler.java:95)
W/Launcher.LauncherProvider( 1964): 	at android.os.Looper.loop(Looper.java:136)
W/Launcher.LauncherProvider( 1964): 	at android.os.HandlerThread.run(HandlerThread.java:61)
W/Launcher.LauncherProvider( 1964): Unable to add favorite: com.android.gallery3d/com.android.gallery3d.app.Gallery
W/Launcher.LauncherProvider( 1964): android.content.pm.PackageManager$NameNotFoundException: ComponentInfo{com.android.gallery3d/com.android.gallery3d.app.Gallery}
W/Launcher.LauncherProvider( 1964): 	at android.app.ApplicationPackageManager.getActivityInfo(ApplicationPackageManager.java:242)
W/Launcher.LauncherProvider( 1964): 	at com.android.launcher2.LauncherProvider$DatabaseHelper.addAppShortcut(LauncherProvider.java:939)
W/Launcher.LauncherProvider( 1964): 	at com.android.launcher2.LauncherProvider$DatabaseHelper.loadFavorites(LauncherProvider.java:843)
W/Launcher.LauncherProvider( 1964): 	at com.android.launcher2.LauncherProvider$DatabaseHelper.access$000(LauncherProvider.java:233)
W/Launcher.LauncherProvider( 1964): 	at com.android.launcher2.LauncherProvider.loadDefaultFavoritesIfNecessary(LauncherProvider.java:228)
W/Launcher.LauncherProvider( 1964): 	at com.android.launcher2.LauncherModel$LoaderTask.loadWorkspace(LauncherModel.java:1263)
W/Launcher.LauncherProvider( 1964): 	at com.android.launcher2.LauncherModel$LoaderTask.loadAndBindWorkspace(LauncherModel.java:1005)
W/Launcher.LauncherProvider( 1964): 	at com.android.launcher2.LauncherModel$LoaderTask.run(LauncherModel.java:1111)
W/Launcher.LauncherProvider( 1964): 	at android.os.Handler.handleCallback(Handler.java:733)
W/Launcher.LauncherProvider( 1964): 	at android.os.Handler.dispatchMessage(Handler.java:95)
W/Launcher.LauncherProvider( 1964): 	at android.os.Looper.loop(Looper.java:136)
W/Launcher.LauncherProvider( 1964): 	at android.os.HandlerThread.run(HandlerThread.java:61)
I/DownloadManager( 1876): Download 4 finished with status WAITING_FOR_NETWORK
D/dalvikvm( 1848): GC_FOR_ALLOC freed 507K, 15% free 3542K/4124K, paused 2ms, total 6ms
D/MobileDataStateTracker( 1571): fota: Broadcast received: android.intent.action.ANY_DATA_STATE apnType=fota
D/MobileDataStateTracker( 1571): fota: Received state=DISCONNECTED, old=DISCONNECTED, reason=simLoaded
D/MobileDataStateTracker( 1571): ia: Broadcast received: android.intent.action.ANY_DATA_STATE apnType=ia
D/MobileDataStateTracker( 1571): ia: Received state=DISCONNECTED, old=DISCONNECTED, reason=simLoaded
D/MobileDataStateTracker( 1571): supl: Broadcast received: android.intent.action.ANY_DATA_STATE apnType=supl
D/MobileDataStateTracker( 1571): supl: Received state=DISCONNECTED, old=DISCONNECTED, reason=simLoaded
D/MobileDataStateTracker( 1571): hipri: Broadcast received: android.intent.action.ANY_DATA_STATE apnType=hipri
D/MobileDataStateTracker( 1571): hipri: Received state=DISCONNECTED, old=DISCONNECTED, reason=simLoaded
D/MobileDataStateTracker( 1571): ims: Broadcast received: android.intent.action.ANY_DATA_STATE apnType=ims
D/MobileDataStateTracker( 1571): ims: Received state=DISCONNECTED, old=DISCONNECTED, reason=simLoaded
D/MobileDataStateTracker( 1571): mms: Broadcast received: android.intent.action.ANY_DATA_STATE apnType=mms
D/MobileDataStateTracker( 1571): mms: Received state=DISCONNECTED, old=DISCONNECTED, reason=simLoaded
D/MobileDataStateTracker( 1571): cbs: Broadcast received: android.intent.action.ANY_DATA_STATE apnType=cbs
D/MobileDataStateTracker( 1571): cbs: Received state=DISCONNECTED, old=DISCONNECTED, reason=simLoaded
D/MobileDataStateTracker( 1571): default: Broadcast received: android.intent.action.ANY_DATA_STATE apnType=default
D/MobileDataStateTracker( 1571): default: Received state=CONNECTING, old=DISCONNECTED, reason=simLoaded
D/MobileDataStateTracker( 1571): default: setDetailed state, old =IDLE and new state=CONNECTING
D/MobileDataStateTracker( 1571): fota: Broadcast received: android.intent.action.ANY_DATA_STATE apnType=fota
D/MobileDataStateTracker( 1571): fota: Received state=DISCONNECTED, old=DISCONNECTED, reason=simLoaded
D/MobileDataStateTracker( 1571): ia: Broadcast received: android.intent.action.ANY_DATA_STATE apnType=ia
D/MobileDataStateTracker( 1571): ia: Received state=DISCONNECTED, old=DISCONNECTED, reason=simLoaded
D/MobileDataStateTracker( 1571): supl: Broadcast received: android.intent.action.ANY_DATA_STATE apnType=supl
D/MobileDataStateTracker( 1571): supl: Received state=DISCONNECTED, old=DISCONNECTED, reason=simLoaded
D/MobileDataStateTracker( 1571): hipri: Broadcast received: android.intent.action.ANY_DATA_STATE apnType=hipri
D/MobileDataStateTracker( 1571): hipri: Received state=DISCONNECTED, old=DISCONNECTED, reason=simLoaded
D/MobileDataStateTracker( 1571): ims: Broadcast received: android.intent.action.ANY_DATA_STATE apnType=ims
D/MobileDataStateTracker( 1571): ims: Received state=DISCONNECTED, old=DISCONNECTED, reason=simLoaded
D/MobileDataStateTracker( 1571): mms: Broadcast received: android.intent.action.ANY_DATA_STATE apnType=mms
D/MobileDataStateTracker( 1571): mms: Received state=DISCONNECTED, old=DISCONNECTED, reason=simLoaded
D/MobileDataStateTracker( 1571): cbs: Broadcast received: android.intent.action.ANY_DATA_STATE apnType=cbs
D/MobileDataStateTracker( 1571): cbs: Received state=DISCONNECTED, old=DISCONNECTED, reason=simLoaded
D/MobileDataStateTracker( 1571): default: Broadcast received: android.intent.action.ANY_DATA_STATE apnType=default
D/MobileDataStateTracker( 1571): default: Received state=CONNECTED, old=CONNECTING, reason=connected
D/MobileDataStateTracker( 1571): default: setDetailed state, old =CONNECTING and new state=CONNECTED
D/ConnectivityService( 1571): ConnectivityChange for mobile: CONNECTED/CONNECTED
D/ConnectivityService( 1571): ConnectivityChange checkMobileProvisioning for TYPE_MOBILE or ProvisioningNetwork
D/ConnectivityService( 1571): checkMobileProvisioning: E suggestedTimeOutMs=60000
D/ConnectivityService( 1571): setProvNotificationVisible: E visible=false networkType=5 extraInfo=null url=null
D/ConnectivityService( 1571): checkMobileProvisioning: params={ url=http://clients3.google.com/generate_204 mTimeOutMs=60000 mCb=com.android.server.ConnectivityService$5@9dab1248}
D/ConnectivityService( 1571): checkMobileProvisioning: X
D/dalvikvm( 1571): GC_FOR_ALLOC freed 906K, 51% free 7283K/14704K, paused 12ms, total 13ms
I/Choreographer( 1664): Skipped 59 frames!  The application may be doing too much work on its main thread.
D/EGL_emulation( 1664): eglMakeCurrent: 0xb8bca2d0: ver 3 0
D/dalvikvm( 1848): GC_FOR_ALLOC freed 485K, 14% free 3568K/4128K, paused 2ms, total 2ms
D/MobileDataStateTracker( 1571): default: isProvisioningNetwork: retVal=false
D/ConnectivityService( 1571): [CheckMp] isMobileOk: isDefaultProvisioning=false
D/MobileDataStateTracker( 1571): hipri: isProvisioningNetwork: retVal=false
D/ConnectivityService( 1571): [CheckMp] isMobileOk: isHipriProvisioning=false
D/ConnectivityService( 1571): [CheckMp] isMobileOk: start hipri url=http://clients3.google.com/generate_204
D/Nat464Xlat( 1571): requiresClat: netType=0, hasIPv4Address=true
D/ConnectivityService( 1571): startUsingNetworkFeature reconnecting to 0: enableHIPRI
D/MobileDataStateTracker( 1571): hipri: Broadcast received: android.intent.action.ANY_DATA_STATE apnType=hipri
D/MobileDataStateTracker( 1571): hipri: Received state=CONNECTING, old=DISCONNECTED, reason=dataEnabled
D/MobileDataStateTracker( 1571): hipri: setDetailed state, old =IDLE and new state=CONNECTING
D/Launcher.Model( 1964): Reload apps on config change. curr_mcc:310 prevmcc:0
D/MobileDataStateTracker( 1571): fota: Broadcast received: android.intent.action.ANY_DATA_STATE apnType=fota
D/MobileDataStateTracker( 1571): fota: Received state=DISCONNECTED, old=DISCONNECTED, reason=dataEnabled
D/ConnectivityService( 1571): startUsingNetworkFeature X: return APN_REQUEST_STARTED
D/ConnectivityService( 1571): [CheckMp] isMobileOk: hipri started
D/ConnectivityService( 1571): [CheckMp] isMobileOk: not connected ni=NetworkInfo: type: mobile_hipri[LTE], state: DISCONNECTED/IDLE, reason: (unspecified), extra: (none), roaming: false, failover: false, isAvailable: true, isConnectedToProvisioningNetwork: false
D/MobileDataStateTracker( 1571): ia: Broadcast received: android.intent.action.ANY_DATA_STATE apnType=ia
D/MobileDataStateTracker( 1571): ia: Received state=DISCONNECTED, old=DISCONNECTED, reason=dataEnabled
D/MobileDataStateTracker( 1571): supl: Broadcast received: android.intent.action.ANY_DATA_STATE apnType=supl
D/MobileDataStateTracker( 1571): supl: Received state=DISCONNECTED, old=DISCONNECTED, reason=dataEnabled
D/MobileDataStateTracker( 1571): ims: Broadcast received: android.intent.action.ANY_DATA_STATE apnType=ims
D/MobileDataStateTracker( 1571): ims: Received state=DISCONNECTED, old=DISCONNECTED, reason=dataEnabled
D/MobileDataStateTracker( 1571): mms: Broadcast received: android.intent.action.ANY_DATA_STATE apnType=mms
D/MobileDataStateTracker( 1571): mms: Received state=DISCONNECTED, old=DISCONNECTED, reason=dataEnabled
D/MobileDataStateTracker( 1571): cbs: Broadcast received: android.intent.action.ANY_DATA_STATE apnType=cbs
D/MobileDataStateTracker( 1571): cbs: Received state=DISCONNECTED, old=DISCONNECTED, reason=dataEnabled
D/Launcher.Model( 1964): going to save icon bitmap for info=ShortcutInfo(title=Settingsintent=Intent { act=android.intent.action.MAIN cat=[android.intent.category.LAUNCHER] flg=0x10200000 cmp=com.android.settings/.Settings }id=4 type=0 container=-100 screen=3 cellX=2 cellY=3 spanX=1 spanY=1 dropPos=null)
D/MobileDataStateTracker( 1571): hipri: Broadcast received: android.intent.action.ANY_DATA_STATE apnType=hipri
D/MobileDataStateTracker( 1571): hipri: Received state=CONNECTED, old=CONNECTING, reason=dataEnabled
D/MobileDataStateTracker( 1571): hipri: setDetailed state, old =IDLE and new state=CONNECTED
D/ConnectivityService( 1571): ConnectivityChange for mobile_hipri: CONNECTED/CONNECTED
D/        ( 1964): HostConnection::get() New Host Connection established 0xb8c04020, tid 1964
D/Launcher.Model( 1964): going to save icon bitmap for info=ShortcutInfo(title=Phoneintent=Intent { act=android.intent.action.MAIN cat=[android.intent.category.LAUNCHER] flg=0x10200000 cmp=com.android.dialer/.DialtactsActivity }id=6 type=0 container=-101 screen=0 cellX=0 cellY=0 spanX=1 spanY=1 dropPos=null)
D/EGL_emulation( 1964): eglCreateContext: 0xb8c10ac0: maj 3 min 0 rcv 3
D/EGL_emulation( 1964): eglMakeCurrent: 0xb8c10ac0: ver 3 0
E/eglCodecCommon( 1964): glUtilsParamSize: unknow param 0x00008cdf
E/eglCodecCommon( 1964): glUtilsParamSize: unknow param 0x00008824
E/EGL_emulation( 1964): tid 1964: eglSurfaceAttrib(1199): error 0x3009 (EGL_BAD_MATCH)
W/HardwareRenderer( 1964): Backbuffer cannot be preserved
D/OpenGLRenderer( 1964): Enabling debug mode 0
D/dalvikvm( 1964): GC_FOR_ALLOC freed 781K, 9% free 9068K/9928K, paused 2ms, total 2ms
D/dalvikvm( 1964): GC_FOR_ALLOC freed 296K, 9% free 9191K/10080K, paused 2ms, total 7ms
D/Nat464Xlat( 1571): requiresClat: netType=5, hasIPv4Address=true
I/dalvikvm-heap( 1964): Grow heap (frag case) to 16.166MB for 7464972-byte allocation
D/dalvikvm( 1964): GC_FOR_ALLOC freed 11K, 6% free 16469K/17372K, paused 3ms, total 3ms
D/EGL_emulation( 1664): eglMakeCurrent: 0xb8bca2d0: ver 3 0
I/Email   ( 2008): Observing account changes for notifications
W/ActivityManager( 1571): Unable to start service Intent { cmp=com.android.email/.service.AttachmentDownloadService } U=0: not found
D/EGL_emulation( 1664): eglMakeCurrent: 0xb8bca2d0: ver 3 0
D/PhoneStatusBar( 1664): mSettingsPanelGravity = 55
D/EGL_emulation( 1664): eglMakeCurrent: 0xb8bca2d0: ver 3 0
D/EGL_emulation( 1664): eglMakeCurrent: 0xb8bca2d0: ver 3 0
D/EGL_emulation( 1664): eglMakeCurrent: 0xb8bca2d0: ver 3 0
V/RenderScript( 1964): 0xb8c40c20 Launching thread(s), CPUs 2
D/dalvikvm( 1664): GC_FOR_ALLOC freed 17815K, 68% free 8765K/26652K, paused 3ms, total 6ms
I/dalvikvm-heap( 1664): Grow heap (frag case) to 11.557MB for 3072012-byte allocation
D/dalvikvm( 1664): GC_FOR_ALLOC freed 7K, 56% free 11758K/26652K, paused 5ms, total 5ms
D/dalvikvm( 1664): GC_FOR_ALLOC freed <1K, 56% free 11758K/26652K, paused 3ms, total 3ms
I/ActivityManager( 1571): Displayed com.android.launcher/com.android.launcher2.Launcher: +1s698ms (total +2s272ms)
D/dalvikvm( 1964): GC_FOR_ALLOC freed 69K, 6% free 16762K/17660K, paused 3ms, total 3ms
I/dalvikvm-heap( 1664): Grow heap (frag case) to 26.403MB for 15575052-byte allocation
D/dalvikvm( 1664): GC_FOR_ALLOC freed 0K, 36% free 26968K/41864K, paused 3ms, total 3ms
I/dalvikvm-heap( 1964): Grow heap (frag case) to 23.559MB for 7464972-byte allocation
D/dalvikvm( 1964): GC_FOR_ALLOC freed 3K, 4% free 24049K/24952K, paused 5ms, total 5ms
D/gralloc_ranchu( 1144): gralloc_alloc: Creating ashmem region of size 15577088
I/MultiDex( 1788): Renaming to /data/data/com.google.android.gms/code_cache/secondary-dexes/PrebuiltGmsCore.apk.classes3.zip
I/MultiDex( 1788): Extraction succeeded '/data/data/com.google.android.gms/code_cache/secondary-dexes/PrebuiltGmsCore.apk.classes3.zip': length 3069570 - crc: 1812373452
I/MultiDex( 1788): Extraction is needed for file /data/data/com.google.android.gms/code_cache/secondary-dexes/PrebuiltGmsCore.apk.classes4.zip
I/MultiDex( 1788): Extracting /data/data/com.google.android.gms/code_cache/secondary-dexes/tmp-PrebuiltGmsCore.apk.classes764446208.zip
W/ActivityManager( 1571): Unable to start service Intent { cmp=com.android.email/.service.AttachmentDownloadService } U=0: not found
D/dalvikvm( 1964): GC_FOR_ALLOC freed 7301K, 33% free 16805K/24952K, paused 7ms, total 7ms
D/dalvikvm( 1964): GC_FOR_ALLOC freed <1K, 27% free 18355K/24952K, paused 2ms, total 9ms
D/dalvikvm( 1964): GC_FOR_ALLOC freed <1K, 21% free 19906K/24952K, paused 2ms, total 2ms
D/EGL_emulation( 1664): eglMakeCurrent: 0xb8bca2d0: ver 3 0
D/dalvikvm( 2008): GC_FOR_ALLOC freed 298K, 11% free 3194K/3568K, paused 3ms, total 3ms
I/WindowManager( 1571): Screen frozen for +962ms due to Window{9d1ca500 u0 com.android.systemui.ImageWallpaper}
I/SurfaceFlinger( 1144): Boot is finished (10308 ms)
D/dalvikvm( 1964): GC_FOR_ALLOC freed 187K, 14% free 21707K/24952K, paused 2ms, total 2ms
D/dalvikvm( 1964): GC_FOR_ALLOC freed 999K, 9% free 22710K/24952K, paused 2ms, total 4ms
D/Launcher.Model( 1964): going to save icon bitmap for info=ShortcutInfo(title=Messagingintent=Intent { act=android.intent.action.MAIN cat=[android.intent.category.LAUNCHER] flg=0x10200000 cmp=com.android.mms/.ui.ConversationList }id=10 type=0 container=-101 screen=3 cellX=3 cellY=0 spanX=1 spanY=1 dropPos=null)
D/Launcher.Model( 1964): going to save icon bitmap for info=ShortcutInfo(title=Peopleintent=Intent { act=android.intent.action.MAIN cat=[android.intent.category.LAUNCHER] flg=0x10200000 cmp=com.android.contacts/.activities.PeopleActivity }id=8 type=0 container=-101 screen=1 cellX=1 cellY=0 spanX=1 spanY=1 dropPos=null)
D/Launcher.Model( 1964): going to save icon bitmap for info=ShortcutInfo(title=Browserintent=Intent { act=android.intent.action.MAIN cat=[android.intent.category.LAUNCHER] flg=0x10200000 cmp=com.android.browser/.BrowserActivity }id=12 type=0 container=-101 screen=4 cellX=4 cellY=0 spanX=1 spanY=1 dropPos=null)
D/MobileDataStateTracker( 1571): hipri: isProvisioningNetwork: retVal=false
D/ConnectivityService( 1571): [CheckMp] isMobileOk: isProvisioningNetwork is false, continue
D/ConnectivityService( 1571): [CheckMp] isMobileOk: addresses=clients3.google.com/172.217.13.110,clients3.google.com/2607:f8b0:4020:804::200e
D/ConnectivityService( 1571): [CheckMp] isMobileOk: linkHasIpv4=true linkHasIpv6=false
D/ConnectivityService( 1571): requestRouteToHostAddress ok=true
D/ConnectivityService( 1571): [CheckMp] isMobileOk: wait to establish route to hostAddr=clients3.google.com/172.217.13.110
I/MultiDex( 1788): Renaming to /data/data/com.google.android.gms/code_cache/secondary-dexes/PrebuiltGmsCore.apk.classes4.zip
I/MultiDex( 1788): Extraction succeeded '/data/data/com.google.android.gms/code_cache/secondary-dexes/PrebuiltGmsCore.apk.classes4.zip': length 3729559 - crc: 3858303340
I/MultiDex( 1788): Extraction is needed for file /data/data/com.google.android.gms/code_cache/secondary-dexes/PrebuiltGmsCore.apk.classes5.zip
I/MultiDex( 1788): Extracting /data/data/com.google.android.gms/code_cache/secondary-dexes/tmp-PrebuiltGmsCore.apk.classes1439750863.zip
I/MultiDex( 1788): Renaming to /data/data/com.google.android.gms/code_cache/secondary-dexes/PrebuiltGmsCore.apk.classes5.zip
I/MultiDex( 1788): Extraction succeeded '/data/data/com.google.android.gms/code_cache/secondary-dexes/PrebuiltGmsCore.apk.classes5.zip': length 3584837 - crc: 4123503416
I/MultiDex( 1788): Extraction is needed for file /data/data/com.google.android.gms/code_cache/secondary-dexes/PrebuiltGmsCore.apk.classes6.zip
I/MultiDex( 1788): Extracting /data/data/com.google.android.gms/code_cache/secondary-dexes/tmp-PrebuiltGmsCore.apk.classes910724936.zip
I/MultiDex( 1788): Renaming to /data/data/com.google.android.gms/code_cache/secondary-dexes/PrebuiltGmsCore.apk.classes6.zip
I/MultiDex( 1788): Extraction succeeded '/data/data/com.google.android.gms/code_cache/secondary-dexes/PrebuiltGmsCore.apk.classes6.zip': length 2190210 - crc: 2261963046
I/MultiDex( 1788): load found 5 secondary dex files
D/AndroidRuntime( 2094): 
D/AndroidRuntime( 2094): >>>>>> AndroidRuntime START com.android.internal.os.RuntimeInit <<<<<<
W/linker  ( 2094): libdvm.so has text relocations. This is wasting memory and is a security risk. Please fix.
D/AndroidRuntime( 2094): CheckJNI is ON
D/dalvikvm( 2094): Trying to load lib libjavacore.so 0x0
D/dalvikvm( 2094): Added shared lib libjavacore.so 0x0
D/dalvikvm( 2094): Trying to load lib libnativehelper.so 0x0
D/dalvikvm( 2094): Added shared lib libnativehelper.so 0x0
D/dalvikvm( 2094): No JNI_OnLoad found in libnativehelper.so 0x0, skipping init
D/dalvikvm( 2094): Note: class Landroid/app/ActivityManagerNative; has 179 unimplemented (abstract) methods
D/dalvikvm( 1788): DexOpt: --- BEGIN 'PrebuiltGmsCore.apk.classes2.zip' (bootstrap=0) ---
W/linker  ( 2104): libdvm.so has text relocations. This is wasting memory and is a security risk. Please fix.
E/memtrack( 2094): Couldn't load memtrack module (No such file or directory)
E/android.os.Debug( 2094): failed to load memtrack module: -2
D/AndroidRuntime( 2094): Calling main entry com.android.commands.pm.Pm
D/AndroidRuntime( 2094): Shutting down VM
D/jdwp    ( 2094): Got wake-up signal, bailing out of select
D/dalvikvm( 2094): Debugger has detached; object registry had 1 entries
I/AndroidRuntime( 2094): NOTE: attach of thread 'Binder_2' failed
E/cutils-trace( 2104): Error opening trace file: Permission denied (13)
D/dalvikvm( 2104): GC_FOR_ALLOC freed 842K, 42% free 1204K/2048K, paused 1ms, total 1ms
D/dalvikvm( 2104): DexOpt: couldn't find field Landroid/os/Message;.sendingUid
D/dalvikvm( 2104): DexOpt: load 75ms, verify+opt 127ms, 9812300 bytes
D/AndroidRuntime( 2107): 
D/AndroidRuntime( 2107): >>>>>> AndroidRuntime START com.android.internal.os.RuntimeInit <<<<<<
W/linker  ( 2107): libdvm.so has text relocations. This is wasting memory and is a security risk. Please fix.
D/AndroidRuntime( 2107): CheckJNI is ON
D/dalvikvm( 2107): Trying to load lib libjavacore.so 0x0
D/dalvikvm( 2107): Added shared lib libjavacore.so 0x0
D/dalvikvm( 2107): Trying to load lib libnativehelper.so 0x0
D/dalvikvm( 2107): Added shared lib libnativehelper.so 0x0
D/dalvikvm( 2107): No JNI_OnLoad found in libnativehelper.so 0x0, skipping init
D/dalvikvm( 2107): Note: class Landroid/app/ActivityManagerNative; has 179 unimplemented (abstract) methods
D/dalvikvm( 1788): DexOpt: --- END 'PrebuiltGmsCore.apk.classes2.zip' (success) ---
D/dalvikvm( 1788): DEX prep '/data/data/com.google.android.gms/code_cache/secondary-dexes/PrebuiltGmsCore.apk.classes2.zip': unzip in 141ms, rewrite 288ms
E/memtrack( 2107): Couldn't load memtrack module (No such file or directory)
E/android.os.Debug( 2107): failed to load memtrack module: -2
D/AndroidRuntime( 2107): Calling main entry com.android.commands.pm.Pm
D/AndroidRuntime( 2107): Shutting down VM
D/jdwp    ( 2107): Got wake-up signal, bailing out of select
D/dalvikvm( 2107): Debugger has detached; object registry had 1 entries
D/dalvikvm( 1788): DexOpt: --- BEGIN 'PrebuiltGmsCore.apk.classes3.zip' (bootstrap=0) ---
W/linker  ( 2118): libdvm.so has text relocations. This is wasting memory and is a security risk. Please fix.
D/dalvikvm( 1571): GC_EXPLICIT freed 622K, 52% free 7095K/14704K, paused 0ms+0ms, total 8ms
E/cutils-trace( 2118): Error opening trace file: Permission denied (13)
D/dalvikvm( 2118): GC_FOR_ALLOC freed 888K, 44% free 1158K/2048K, paused 1ms, total 1ms
D/dalvikvm( 2118): DexOpt: load 33ms, verify+opt 63ms, 4551068 bytes
D/dalvikvm( 1788): DexOpt: --- END 'PrebuiltGmsCore.apk.classes3.zip' (success) ---
D/dalvikvm( 1788): DEX prep '/data/data/com.google.android.gms/code_cache/secondary-dexes/PrebuiltGmsCore.apk.classes3.zip': unzip in 47ms, rewrite 162ms
D/AndroidRuntime( 2119): 
D/AndroidRuntime( 2119): >>>>>> AndroidRuntime START com.android.internal.os.RuntimeInit <<<<<<
W/linker  ( 2119): libdvm.so has text relocations. This is wasting memory and is a security risk. Please fix.
D/AndroidRuntime( 2119): CheckJNI is ON
D/dalvikvm( 2119): Trying to load lib libjavacore.so 0x0
D/dalvikvm( 2119): Added shared lib libjavacore.so 0x0
D/dalvikvm( 2119): Trying to load lib libnativehelper.so 0x0
D/dalvikvm( 2119): Added shared lib libnativehelper.so 0x0
D/dalvikvm( 2119): No JNI_OnLoad found in libnativehelper.so 0x0, skipping init
D/dalvikvm( 1788): DexOpt: --- BEGIN 'PrebuiltGmsCore.apk.classes4.zip' (bootstrap=0) ---
W/linker  ( 2121): libdvm.so has text relocations. This is wasting memory and is a security risk. Please fix.
D/dalvikvm( 2119): Note: class Landroid/app/ActivityManagerNative; has 179 unimplemented (abstract) methods
E/memtrack( 2119): Couldn't load memtrack module (No such file or directory)
E/android.os.Debug( 2119): failed to load memtrack module: -2
D/AndroidRuntime( 2119): Calling main entry com.android.commands.pm.Pm
D/AndroidRuntime( 2119): Shutting down VM
D/jdwp    ( 2119): Got wake-up signal, bailing out of select
D/dalvikvm( 2119): Debugger has detached; object registry had 1 entries
I/AndroidRuntime( 2119): NOTE: attach of thread 'Binder_2' failed
E/cutils-trace( 2121): Error opening trace file: Permission denied (13)
D/dalvikvm( 2121): GC_FOR_ALLOC freed 953K, 47% free 1093K/2048K, paused 1ms, total 1ms
D/CaptivePortalTracker( 1571): NoActiveNetworkState{ when=-1ms what=1 obj=NetworkInfo: type: mobile[LTE], state: CONNECTED/CONNECTED, reason: connected, extra: epc.tmobile.com, roaming: false, failover: false, isAvailable: true, isConnectedToProvisioningNetwork: false target=com.android.internal.util.StateMachine$SmHandler }
D/CaptivePortalTracker( 1571): NoActiveNetworkState not a wifi connectivity change, ignore
D/Tethering( 1571): MasterInitialState.processMessage what=3
D/dalvikvm( 2121): DexOpt: load 57ms, verify+opt 77ms, 5853988 bytes
D/dalvikvm( 1788): DexOpt: --- END 'PrebuiltGmsCore.apk.classes4.zip' (success) ---
D/dalvikvm( 1788): DEX prep '/data/data/com.google.android.gms/code_cache/secondary-dexes/PrebuiltGmsCore.apk.classes4.zip': unzip in 57ms, rewrite 217ms
D/dalvikvm( 1788): DexOpt: --- BEGIN 'PrebuiltGmsCore.apk.classes5.zip' (bootstrap=0) ---
W/linker  ( 2137): libdvm.so has text relocations. This is wasting memory and is a security risk. Please fix.
D/AndroidRuntime( 2138): 
D/AndroidRuntime( 2138): >>>>>> AndroidRuntime START com.android.internal.os.RuntimeInit <<<<<<
W/linker  ( 2138): libdvm.so has text relocations. This is wasting memory and is a security risk. Please fix.
D/AndroidRuntime( 2138): CheckJNI is ON
D/dalvikvm( 2138): Trying to load lib libjavacore.so 0x0
D/dalvikvm( 2138): Added shared lib libjavacore.so 0x0
D/dalvikvm( 2138): Trying to load lib libnativehelper.so 0x0
D/dalvikvm( 2138): Added shared lib libnativehelper.so 0x0
D/dalvikvm( 2138): No JNI_OnLoad found in libnativehelper.so 0x0, skipping init
D/dalvikvm( 2138): Note: class Landroid/app/ActivityManagerNative; has 179 unimplemented (abstract) methods
D/CaptivePortalTracker( 1571): NoActiveNetworkState{ when=0 what=1 obj=NetworkInfo: type: mobile_hipri[LTE], state: CONNECTED/CONNECTED, reason: dataEnabled, extra: epc.tmobile.com, roaming: false, failover: false, isAvailable: true, isConnectedToProvisioningNetwork: false target=com.android.internal.util.StateMachine$SmHandler }
D/CaptivePortalTracker( 1571): NoActiveNetworkState not a wifi connectivity change, ignore
D/Tethering( 1571): MasterInitialState.processMessage what=3
E/memtrack( 2138): Couldn't load memtrack module (No such file or directory)
E/android.os.Debug( 2138): failed to load memtrack module: -2
D/AndroidRuntime( 2138): Calling main entry com.android.commands.pm.Pm
D/GpsLocationProvider( 1571): NTP server returned: 1629034481446 (Sun Aug 15 08:34:41 CDT 2021) reference: 14279 certainty: 51 system time offset: 814
I/PackageManager( 1571): Running dexopt on: com.android.defcontainer
W/linker  ( 2161): libdvm.so has text relocations. This is wasting memory and is a security risk. Please fix.
I/ActivityManager( 1571): Start proc com.android.defcontainer for service com.android.defcontainer/.DefaultContainerService: pid=2148 uid=10003 gids={50003, 1028, 1015, 1023, 2001, 1035}
D/dalvikvm( 2161): DexOpt: load 1ms, verify+opt 2ms, 201428 bytes
E/cutils-trace( 2137): Error opening trace file: Permission denied (13)
D/dalvikvm( 2137): GC_FOR_ALLOC freed 696K, 35% free 1350K/2048K, paused 1ms, total 1ms
W/ActivityManager( 1571): No content provider found for permission revoke: file:///data/local/tmp/AndroidRipperService.apk
W/ActivityManager( 1571): No content provider found for permission revoke: file:///data/local/tmp/AndroidRipperService.apk
I/PackageManager( 1571): Copying native libraries to /data/app-lib/vmdl-1569023700
I/PackageParser( 1571): it.unina.android.ripper_service: compat added android.permission.WRITE_EXTERNAL_STORAGE android.permission.READ_PHONE_STATE
I/PackageManager( 1571): Running dexopt on: it.unina.android.ripper_service
W/linker  ( 2163): libdvm.so has text relocations. This is wasting memory and is a security risk. Please fix.
D/dalvikvm( 2163): DexOpt: load 6ms, verify+opt 25ms, 1117628 bytes
I/ActivityManager( 1571): Force stopping it.unina.android.ripper_service appid=10057 user=-1: update pkg
D/dalvikvm( 2137): DexOpt: couldn't find static field Landroid/view/View;.TRANSLATION_Z
I/PackageManager( 1571):   Action: "android.intent.action.SENDTO"
I/PackageManager( 1571):   Category: "android.intent.category.DEFAULT"
I/PackageManager( 1571):   Scheme: "sms"
I/PackageManager( 1571): Adding preferred activity ComponentInfo{com.android.mms/com.android.mms.ui.ComposeMessageActivity} for user 0 :
I/InputReader( 1571): Reconfiguring input devices.  changes=0x00000010
I/PackageManager( 1571):   Action: "android.intent.action.SENDTO"
I/PackageManager( 1571):   Category: "android.intent.category.DEFAULT"
I/PackageManager( 1571):   Scheme: "smsto"
I/PackageManager( 1571): Adding preferred activity ComponentInfo{com.android.mms/com.android.mms.ui.ComposeMessageActivity} for user 0 :
D/dalvikvm( 1571): GC_FOR_ALLOC freed 890K, 51% free 7235K/14704K, paused 8ms, total 8ms
I/PackageManager( 1571):   Action: "android.intent.action.SENDTO"
I/PackageManager( 1571):   Category: "android.intent.category.DEFAULT"
I/PackageManager( 1571):   Scheme: "mms"
I/PackageManager( 1571): Adding preferred activity ComponentInfo{com.android.mms/com.android.mms.ui.ComposeMessageActivity} for user 0 :
D/dalvikvm( 2137): DexOpt: load 80ms, verify+opt 164ms, 6002044 bytes
I/PackageManager( 1571):   Action: "android.intent.action.SENDTO"
I/PackageManager( 1571):   Category: "android.intent.category.DEFAULT"
I/PackageManager( 1571):   Scheme: "mmsto"
I/PackageManager( 1571):   Action: "android.intent.action.SENDTO"
I/PackageManager( 1571):   Category: "android.intent.category.DEFAULT"
I/PackageManager( 1571):   Scheme: "sms"
I/PackageManager( 1571): Adding preferred activity ComponentInfo{com.android.mms/com.android.mms.ui.ComposeMessageActivity} for user 0 :
D/BackupManagerService( 1571): Received broadcast Intent { act=android.intent.action.PACKAGE_ADDED dat=package:it.unina.android.ripper_service flg=0x4000010 (has extras) }
V/BackupManagerService( 1571): addPackageParticipantsLocked: #1
I/PackageManager( 1571): Adding preferred activity ComponentInfo{com.android.mms/com.android.mms.ui.ComposeMessageActivity} for user 0 :
D/dalvikvm( 1848): GC_FOR_ALLOC freed 431K, 13% free 3642K/4152K, paused 3ms, total 3ms
I/PackageManager( 1571):   Action: "android.intent.action.SENDTO"
I/PackageManager( 1571):   Category: "android.intent.category.DEFAULT"
I/PackageManager( 1571):   Scheme: "smsto"
I/PackageManager( 1571): Adding preferred activity ComponentInfo{com.android.mms/com.android.mms.ui.ComposeMessageActivity} for user 0 :
I/PackageManager( 1571):   Action: "android.intent.action.SENDTO"
I/PackageManager( 1571):   Category: "android.intent.category.DEFAULT"
I/PackageManager( 1571):   Scheme: "mms"
I/PackageManager( 1571): Adding preferred activity ComponentInfo{com.android.mms/com.android.mms.ui.ComposeMessageActivity} for user 0 :
I/PackageManager( 1571):   Action: "android.intent.action.SENDTO"
I/PackageManager( 1571):   Category: "android.intent.category.DEFAULT"
I/PackageManager( 1571):   Scheme: "mmsto"
D/dalvikvm( 1571): GC_EXPLICIT freed 614K, 51% free 7325K/14704K, paused 5ms+6ms, total 47ms
D/dalvikvm( 1788): DexOpt: --- END 'PrebuiltGmsCore.apk.classes5.zip' (success) ---
D/dalvikvm( 1788): DEX prep '/data/data/com.google.android.gms/code_cache/secondary-dexes/PrebuiltGmsCore.apk.classes5.zip': unzip in 58ms, rewrite 330ms
D/AndroidRuntime( 2138): Shutting down VM
I/PackageManager( 1571): Adding preferred activity ComponentInfo{com.android.mms/com.android.mms.ui.ComposeMessageActivity} for user 0 :
D/jdwp    ( 2138): Got wake-up signal, bailing out of select
D/dalvikvm( 2138): Debugger has detached; object registry had 1 entries
D/dalvikvm( 1788): DexOpt: --- BEGIN 'PrebuiltGmsCore.apk.classes6.zip' (bootstrap=0) ---
W/linker  ( 2165): libdvm.so has text relocations. This is wasting memory and is a security risk. Please fix.
E/cutils-trace( 2165): Error opening trace file: Permission denied (13)
D/dalvikvm( 2165): GC_FOR_ALLOC freed 1274K, 63% free 772K/2048K, paused 1ms, total 1ms
D/dalvikvm( 2165): DexOpt: load 25ms, verify+opt 58ms, 4410764 bytes
D/dalvikvm( 1788): DexOpt: --- END 'PrebuiltGmsCore.apk.classes6.zip' (success) ---
D/dalvikvm( 1788): DEX prep '/data/data/com.google.android.gms/code_cache/secondary-dexes/PrebuiltGmsCore.apk.classes6.zip': unzip in 36ms, rewrite 145ms
I/MultiDex( 1788): install done
I/dalvikvm( 1788): Could not find method android.content.ContentProvider.query, referenced from method brf.superQuery
W/dalvikvm( 1788): VFY: unable to resolve virtual method 2428: Landroid/content/ContentProvider;.query (Landroid/net/Uri;[Ljava/lang/String;Landroid/os/Bundle;Landroid/os/CancellationSignal;)Landroid/database/Cursor;
D/dalvikvm( 1788): VFY: replacing opcode 0x6f at 0x0000
D/dalvikvm( 1788): GC_FOR_ALLOC freed 371K, 11% free 4681K/5220K, paused 2ms, total 2ms
I/dalvikvm( 1788): Could not find method android.os.UserHandle.isOwner, referenced from method nmy.f
W/dalvikvm( 1788): VFY: unable to resolve virtual method 3081: Landroid/os/UserHandle;.isOwner ()Z
D/dalvikvm( 1788): VFY: replacing opcode 0x6e at 0x000a
D/dalvikvm( 1788): DexOpt: couldn't find field Landroid/content/pm/ApplicationInfo;.splitSourceDirs
W/dalvikvm( 1788): VFY: unable to resolve instance field 1475
D/dalvikvm( 1788): VFY: replacing opcode 0x54 at 0x0055
D/dalvikvm( 1788): DexOpt: couldn't find static field Landroid/os/Build;.SUPPORTED_ABIS
W/dalvikvm( 1788): VFY: unable to resolve static field 1540 (SUPPORTED_ABIS) in Landroid/os/Build;
D/dalvikvm( 1788): VFY: replacing opcode 0x62 at 0x00d1
I/dalvikvm( 1788): Could not find method android.system.Os.stat, referenced from method nop.a
W/dalvikvm( 1788): VFY: unable to resolve static method 3146: Landroid/system/Os;.stat (Ljava/lang/String;)Landroid/system/StructStat;
D/dalvikvm( 1788): VFY: replacing opcode 0x71 at 0x0182
I/dalvikvm( 1788): Could not find method android.content.pm.PackageManager.getPackageInstaller, referenced from method men.a
W/dalvikvm( 1788): VFY: unable to resolve virtual method 2608: Landroid/content/pm/PackageManager;.getPackageInstaller ()Landroid/content/pm/PackageInstaller;
D/dalvikvm( 1788): VFY: replacing opcode 0x6e at 0x001c
W/DynamiteModule( 1788): Local module descriptor class for providerinstaller not found.
E/ChimeraCfgMgr( 1788): Failed to read module config: java.io.FileNotFoundException: /data/data/com.google.android.gms/app_chimera/current_config.fb: open failed: ENOENT (No such file or directory)
I/dalvikvm( 1788): Could not find method android.system.Os.readlink, referenced from method bse.a
W/dalvikvm( 1788): VFY: unable to resolve static method 3145: Landroid/system/Os;.readlink (Ljava/lang/String;)Ljava/lang/String;
D/dalvikvm( 1788): VFY: replacing opcode 0x71 at 0x0044
I/dalvikvm( 1788): Could not find method android.system.Os.symlink, referenced from method bse.a
W/dalvikvm( 1788): VFY: unable to resolve static method 3147: Landroid/system/Os;.symlink (Ljava/lang/String;Ljava/lang/String;)V
D/dalvikvm( 1788): VFY: replacing opcode 0x71 at 0x00b0
I/dalvikvm( 1788): Could not find method android.system.Os.stat, referenced from method bse.a
W/dalvikvm( 1788): VFY: unable to resolve static method 3146: Landroid/system/Os;.stat (Ljava/lang/String;)Landroid/system/StructStat;
D/dalvikvm( 1788): VFY: replacing opcode 0x71 at 0x0005
W/dalvikvm( 1788): VFY: unable to resolve static field 1615 (S_IXUSR) in Landroid/system/OsConstants;
D/dalvikvm( 1788): VFY: replacing opcode 0x60 at 0x0007
I/dalvikvm( 1788): Could not find method android.system.Os.stat, referenced from method bse.b
W/dalvikvm( 1788): VFY: unable to resolve static method 3146: Landroid/system/Os;.stat (Ljava/lang/String;)Landroid/system/StructStat;
D/dalvikvm( 1788): VFY: replacing opcode 0x71 at 0x0040
W/dalvikvm( 1788): VFY: unable to resolve static field 1612 (S_IRUSR) in Landroid/system/OsConstants;
D/dalvikvm( 1788): VFY: replacing opcode 0x60 at 0x0007
W/FileUtils( 1788): Failed to set world readable: /data/data/com.google.android.gms/app_chimera/current_config.fb
E/ChimeraCfgMgr( 1788): Failed to read module config: java.io.FileNotFoundException: /data/data/com.google.android.gms/app_chimera/current_config.fb: open failed: ENOENT (No such file or directory)
D/dalvikvm( 1788): DexOpt: couldn't find static field Landroid/os/Build;.SUPPORTED_ABIS
W/dalvikvm( 1788): VFY: unable to resolve static field 1540 (SUPPORTED_ABIS) in Landroid/os/Build;
D/dalvikvm( 1788): VFY: replacing opcode 0x62 at 0x0307
D/dalvikvm( 1788): DexOpt: couldn't find static field Landroid/os/Build;.SUPPORTED_ABIS
W/dalvikvm( 1788): VFY: unable to resolve static field 1540 (SUPPORTED_ABIS) in Landroid/os/Build;
D/dalvikvm( 1788): VFY: replacing opcode 0x62 at 0x06eb
I/dalvikvm( 1788): Could not find method android.content.Context.isCredentialProtectedStorage, referenced from method bry.j
W/dalvikvm( 1788): VFY: unable to resolve virtual method 2490: Landroid/content/Context;.isCredentialProtectedStorage ()Z
D/dalvikvm( 1788): VFY: replacing opcode 0x6e at 0x0087
E/ConfigFileUtils( 1788): Failed to read config file: /data/data/com.google.android.gms/app_chimera/current_fileapks.pb: open failed: ENOENT (No such file or directory)
D/dalvikvm( 1788): GC_FOR_ALLOC freed 1931K, 40% free 3218K/5316K, paused 2ms, total 2ms
I/GmsModuleFndr( 1788): Beginning GMS chimera module scan
E/ChimeraCfgMgr( 1788): Failed to read module config: java.io.FileNotFoundException: /data/data/com.google.android.gms/app_chimera/current_config.fb: open failed: ENOENT (No such file or directory)
D/AndroidRuntime( 2171): 
D/AndroidRuntime( 2171): >>>>>> AndroidRuntime START com.android.internal.os.RuntimeInit <<<<<<
W/linker  ( 2171): libdvm.so has text relocations. This is wasting memory and is a security risk. Please fix.
D/AndroidRuntime( 2171): CheckJNI is ON
D/dalvikvm( 1145): GC_EXPLICIT freed 39K, 4% free 2993K/3108K, paused 0ms+1ms, total 2ms
D/dalvikvm( 2171): Trying to load lib libjavacore.so 0x0
D/dalvikvm( 2171): Added shared lib libjavacore.so 0x0
D/dalvikvm( 2171): Trying to load lib libnativehelper.so 0x0
D/dalvikvm( 2171): Added shared lib libnativehelper.so 0x0
D/dalvikvm( 2171): No JNI_OnLoad found in libnativehelper.so 0x0, skipping init
D/dalvikvm( 1145): GC_EXPLICIT freed <1K, 4% free 2993K/3108K, paused 0ms+0ms, total 6ms
D/dalvikvm( 2171): Note: class Landroid/app/ActivityManagerNative; has 179 unimplemented (abstract) methods
D/dalvikvm( 1145): GC_EXPLICIT freed <1K, 4% free 2993K/3108K, paused 0ms+0ms, total 2ms
I/ActivityManager( 1571): Start proc com.google.android.gms for service com.google.android.gms/.chimera.GmsIntentOperationService: pid=2173 uid=10007 gids={50007, 3003, 1007, 1028, 1015, 3002, 3001, 3007, 2001, 3006}
I/DynamiteModule( 1788): Considering local module com.google.android.gms.googlecertificates:4 and remote module com.google.android.gms.googlecertificates:0
I/DynamiteModule( 1788): Selected local version of com.google.android.gms.googlecertificates
I/dalvikvm( 1788): Could not find method android.app.Notification$Builder.setLocalOnly, referenced from method com.google.android.gms.common.GoogleCertificatesImpl.isGoogleOrPlatformSigned
W/dalvikvm( 1788): VFY: unable to resolve virtual method 2308: Landroid/app/Notification$Builder;.setLocalOnly (Z)Landroid/app/Notification$Builder;
D/dalvikvm( 1788): VFY: replacing opcode 0x6e at 0x00b1
W/dalvikvm( 2173): VFY: unable to resolve static field 1608 (PR_SET_DUMPABLE) in Landroid/system/OsConstants;
D/dalvikvm( 2173): VFY: replacing opcode 0x60 at 0x0017
W/dalvikvm( 2173): VFY: unable to find class referenced in signature (Lyqx;)
W/dalvikvm( 2173): VFY: unable to find class referenced in signature (Lyro;)
E/ChimeraCfgMgr( 1788): Failed to read module config: java.io.FileNotFoundException: /data/data/com.google.android.gms/app_chimera/current_config.fb: open failed: ENOENT (No such file or directory)
E/memtrack( 2171): Couldn't load memtrack module (No such file or directory)
E/android.os.Debug( 2171): failed to load memtrack module: -2
I/ModuleSetMgr( 1788): Config file doesn't exist, writing blank config.
I/dalvikvm( 1788): Could not find method com.google.android.chimera.ContextThemeWrapper.createAttributionContext, referenced from method mnu.createAttributionContext
W/dalvikvm( 1788): VFY: unable to resolve virtual method 13785: Lcom/google/android/chimera/ContextThemeWrapper;.createAttributionContext (Ljava/lang/String;)Landroid/content/Context;
D/dalvikvm( 1788): VFY: replacing opcode 0x6f at 0x0002
I/dalvikvm( 1788): Could not find method android.content.ContextWrapper.createCredentialProtectedStorageContext, referenced from method mnu.createCredentialProtectedStorageContext
W/dalvikvm( 1788): VFY: unable to resolve virtual method 2508: Landroid/content/ContextWrapper;.createCredentialProtectedStorageContext ()Landroid/content/Context;
D/dalvikvm( 1788): VFY: replacing opcode 0x6f at 0x0002
I/dalvikvm( 1788): Could not find method android.content.ContextWrapper.createDeviceProtectedStorageContext, referenced from method mnu.createDeviceProtectedStorageContext
W/dalvikvm( 1788): VFY: unable to resolve virtual method 2509: Landroid/content/ContextWrapper;.createDeviceProtectedStorageContext ()Landroid/content/Context;
D/dalvikvm( 1788): VFY: replacing opcode 0x6f at 0x0002
E/ConfigFileUtils( 1788): Failed to read config file: /data/data/com.google.android.gms/app_chimera/current_fileapks.pb: open failed: ENOENT (No such file or directory)
I/ModuleSetMgr( 1788): Computing pending module set with APKs: []
I/ModuleSetMgr( 1788): Pending container module APKs: []
I/ModuleSetMgr( 1788): Pending non-container module APKs: []
E/ConfigFileUtils( 1788): Failed to read config file: /data/data/com.google.android.gms/app_chimera/current_fileapks.pb: open failed: ENOENT (No such file or directory)
I/dalvikvm( 2173): Could not find method android.system.Os.readlink, referenced from method msk.a
W/dalvikvm( 2173): VFY: unable to resolve static method 3145: Landroid/system/Os;.readlink (Ljava/lang/String;)Ljava/lang/String;
D/dalvikvm( 2173): VFY: replacing opcode 0x71 at 0x00b0
I/dalvikvm( 2173): Could not find method android.os.PowerManager.isInteractive, referenced from method ndc.a
W/dalvikvm( 2173): VFY: unable to resolve virtual method 3046: Landroid/os/PowerManager;.isInteractive ()Z
D/dalvikvm( 2173): VFY: replacing opcode 0x6e at 0x0013
I/dalvikvm( 2173): Could not find method com.google.android.chimera.ModuleContext.getAttributionTag, referenced from method com.google.android.chimera.ModuleContext.createAttributionContext
W/dalvikvm( 2173): VFY: unable to resolve virtual method 14170: Lcom/google/android/chimera/ModuleContext;.getAttributionTag ()Ljava/lang/String;
D/dalvikvm( 2173): VFY: replacing opcode 0x6e at 0x0004
I/dalvikvm( 2173): Could not find method com.google.android.chimera.ContextThemeWrapper.createAttributionContext, referenced from method com.google.android.chimera.ModuleContext.createAttributionContext
W/dalvikvm( 2173): VFY: unable to resolve virtual method 13785: Lcom/google/android/chimera/ContextThemeWrapper;.createAttributionContext (Ljava/lang/String;)Landroid/content/Context;
D/dalvikvm( 2173): VFY: replacing opcode 0x6f at 0x0035
I/dalvikvm( 2173): Could not find method android.content.ContextWrapper.createCredentialProtectedStorageContext, referenced from method com.google.android.chimera.ModuleContext.createCredentialProtectedStorageContext
W/dalvikvm( 2173): VFY: unable to resolve virtual method 2508: Landroid/content/ContextWrapper;.createCredentialProtectedStorageContext ()Landroid/content/Context;
D/dalvikvm( 2173): VFY: replacing opcode 0x6f at 0x0002
I/dalvikvm( 2173): Could not find method android.content.ContextWrapper.createDeviceProtectedStorageContext, referenced from method com.google.android.chimera.ModuleContext.createDeviceProtectedStorageContext
W/dalvikvm( 2173): VFY: unable to resolve virtual method 2509: Landroid/content/ContextWrapper;.createDeviceProtectedStorageContext ()Landroid/content/Context;
D/dalvikvm( 2173): VFY: replacing opcode 0x6f at 0x0002
I/dalvikvm( 2173): Could not find method com.google.android.chimera.ContextThemeWrapper.sendBroadcastWithMultiplePermissions, referenced from method com.google.android.chimera.ModuleContext.sendBroadcastWithMultiplePermissions
W/dalvikvm( 2173): VFY: unable to resolve virtual method 13795: Lcom/google/android/chimera/ContextThemeWrapper;.sendBroadcastWithMultiplePermissions (Landroid/content/Intent;[Ljava/lang/String;)V
D/dalvikvm( 2173): VFY: replacing opcode 0x6f at 0x0009
E/ChimeraCfgMgr( 1788): Failed to read module config: java.io.FileNotFoundException: /data/data/com.google.android.gms/app_chimera/current_config.fb: open failed: ENOENT (No such file or directory)
I/MultiDex( 2173): VM with version 1.6.0 does not have multidex support
I/MultiDex( 2173): Installing application
I/MultiDex( 2173): MultiDexExtractor(/system/priv-app/PrebuiltGmsCore.apk, /data/data/com.google.android.gms/code_cache/secondary-dexes)
W/IntentOperation( 1788): Failed to get Chimera config:com.google.android.chimera.config.InvalidConfigException: java.io.FileNotFoundException: /data/data/com.google.android.gms/app_chimera/current_config.fb: open failed: ENOENT (No such file or directory)
I/MultiDex( 2173): Blocking on lock /data/data/com.google.android.gms/code_cache/secondary-dexes/MultiDex.lock
I/MultiDex( 2173): /data/data/com.google.android.gms/code_cache/secondary-dexes/MultiDex.lock locked
I/MultiDex( 2173): MultiDexExtractor.load(/system/priv-app/PrebuiltGmsCore.apk, false, )
D/dalvikvm( 1788): GC_FOR_ALLOC freed 315K, 37% free 3374K/5316K, paused 2ms, total 2ms
D/AndroidRuntime( 2171): Calling main entry com.android.commands.pm.Pm
D/AndroidRuntime( 2171): Shutting down VM
D/jdwp    ( 2171): Got wake-up signal, bailing out of select
D/dalvikvm( 2171): Debugger has detached; object registry had 1 entries
I/MultiDex( 2173): loading existing secondary dex files
I/MultiDex( 2173): load found 5 secondary dex files
D/dalvikvm( 2173): GC_FOR_ALLOC freed 362K, 13% free 3144K/3580K, paused 1ms, total 1ms
I/MultiDex( 2173): install done
I/dalvikvm( 2173): Could not find method android.content.ContentProvider.query, referenced from method brf.superQuery
W/dalvikvm( 2173): VFY: unable to resolve virtual method 2428: Landroid/content/ContentProvider;.query (Landroid/net/Uri;[Ljava/lang/String;Landroid/os/Bundle;Landroid/os/CancellationSignal;)Landroid/database/Cursor;
D/dalvikvm( 2173): VFY: replacing opcode 0x6f at 0x0000
I/dalvikvm( 2173): Could not find method android.app.Activity.registerActivityLifecycleCallbacks, referenced from method amh.onActivityPreCreated
W/dalvikvm( 2173): VFY: unable to resolve virtual method 2308: Landroid/app/Activity;.registerActivityLifecycleCallbacks (Landroid/app/Application$ActivityLifecycleCallbacks;)V
D/dalvikvm( 2173): VFY: replacing opcode 0x6e at 0x0005
I/dalvikvm( 2173): Could not find method android.content.Context.getExternalMediaDirs, referenced from method jm.a
W/dalvikvm( 2173): VFY: unable to resolve virtual method 2477: Landroid/content/Context;.getExternalMediaDirs ()[Ljava/io/File;
D/dalvikvm( 2173): VFY: replacing opcode 0x6e at 0x00a8
I/dalvikvm( 2173): Could not find method android.content.Context.getDrawable, referenced from method jk.a
W/dalvikvm( 2173): VFY: unable to resolve virtual method 2472: Landroid/content/Context;.getDrawable (I)Landroid/graphics/drawable/Drawable;
D/dalvikvm( 2173): VFY: replacing opcode 0x6e at 0x0006
I/dalvikvm( 2173): Could not find method android.content.Context.getNoBackupFilesDir, referenced from method jk.b
W/dalvikvm( 2173): VFY: unable to resolve virtual method 2480: Landroid/content/Context;.getNoBackupFilesDir ()Ljava/io/File;
