I/ModuleSetMgr( 2086): Computing pending module set with APKs: [[AdsFdrDynamite.integ:21460000000], [Cronetdynamite:202414000700], [Dynamiteloader:202414000700], [Dynamitemodulesa:202414000000], [Dynamitemodulesc:202414000000], [Googlecertificates:202414000000], [Mapsdynamite:202414000000], [Measurementdynamite:202414000000]]
I/DynamiteModule( 2086): Considering local module providerinstaller:0 and remote module providerinstaller:0
W/ProviderInstaller( 2086): Failed to load providerinstaller module: No acceptable module found. Local version is 0 and remote version is 0.
I/ModuleSetMgr( 2086): Pending container module APKs: []
I/ModuleSetMgr( 2086): Pending non-container module APKs: []
D/dalvikvm( 2086): JIT code cache reset in 0 ms (523264 bytes 1/0)
D/dalvikvm( 2086): GC_FOR_ALLOC freed 2871K, 26% free 10993K/14760K, paused 10ms, total 10ms
D/dalvikvm( 2086): GC_FOR_ALLOC freed 50K, 26% free 11054K/14760K, paused 14ms, total 14ms
I/dalvikvm-heap( 2086): Grow heap (frag case) to 12.038MB for 1048588-byte allocation
D/AndroidRuntime( 2713): 
D/AndroidRuntime( 2713): >>>>>> AndroidRuntime START com.android.internal.os.RuntimeInit <<<<<<
W/linker  ( 2713): libdvm.so has text relocations. This is wasting memory and is a security risk. Please fix.
D/dalvikvm( 2086): GC_FOR_ALLOC freed <1K, 24% free 12078K/15788K, paused 12ms, total 12ms
D/dalvikvm( 2086): GC_FOR_ALLOC freed 1040K, 30% free 11054K/15788K, paused 9ms, total 9ms
D/AndroidRuntime( 2713): CheckJNI is ON
W/DynamiteModule( 2086): Local module descriptor class for providerinstaller not found.
I/DynamiteModule( 2086): Considering local module providerinstaller:0 and remote module providerinstaller:0
W/ProviderInstaller( 2086): Failed to load providerinstaller module: No acceptable module found. Local version is 0 and remote version is 0.
W/DynamiteModule( 2086): Local module descriptor class for providerinstaller not found.
I/DynamiteModule( 2086): Considering local module providerinstaller:0 and remote module providerinstaller:0
W/ProviderInstaller( 2086): Failed to load providerinstaller module: No acceptable module found. Local version is 0 and remote version is 0.
D/dalvikvm( 2713): Trying to load lib libjavacore.so 0x0
D/dalvikvm( 2713): Added shared lib libjavacore.so 0x0
D/dalvikvm( 2086): GC_FOR_ALLOC freed 1478K, 30% free 11061K/15788K, paused 9ms, total 9ms
D/dalvikvm( 2713): Trying to load lib libnativehelper.so 0x0
D/dalvikvm( 2713): Added shared lib libnativehelper.so 0x0
D/dalvikvm( 2713): No JNI_OnLoad found in libnativehelper.so 0x0, skipping init
W/DynamiteModule( 2086): Local module descriptor class for providerinstaller not found.
I/DynamiteModule( 2086): Considering local module providerinstaller:0 and remote module providerinstaller:0
W/ProviderInstaller( 2086): Failed to load providerinstaller module: No acceptable module found. Local version is 0 and remote version is 0.
I/ChimeraCfgMgr( 2086): Received com.google.android.chimera.IntentOperation.NEW_MODULE(1/0): 1,false
W/DynamiteModule( 2086): Local module descriptor class for providerinstaller not found.
I/DynamiteModule( 2086): Considering local module providerinstaller:0 and remote module providerinstaller:0
W/ProviderInstaller( 2086): Failed to load providerinstaller module: No acceptable module found. Local version is 0 and remote version is 0.
D/dalvikvm( 2086): GC_FOR_ALLOC freed 904K, 30% free 11059K/15788K, paused 8ms, total 9ms
I/dalvikvm-heap( 2086): Grow heap (frag case) to 12.042MB for 1048588-byte allocation
D/dalvikvm( 2713): Note: class Landroid/app/ActivityManagerNative; has 179 unimplemented (abstract) methods
D/dalvikvm( 2086): GC_FOR_ALLOC freed <1K, 29% free 12083K/16816K, paused 12ms, total 12ms
W/DynamiteModule( 2086): Local module descriptor class for providerinstaller not found.
I/DynamiteModule( 2086): Considering local module providerinstaller:0 and remote module providerinstaller:0
W/ProviderInstaller( 2086): Failed to load providerinstaller module: No acceptable module found. Local version is 0 and remote version is 0.
D/AlarmManagerService( 1567): Kernel timezone updated to 240 minutes west of GMT
D/        ( 1834): Setting time of day to sec=1629038231
D/dalvikvm( 2086): GC_EXPLICIT freed 281K, 33% free 10995K/16396K, paused 2ms+1ms, total 26ms
D/dalvikvm( 2086): GC_EXPLICIT freed 28K, 34% free 10973K/16396K, paused 1ms+1ms, total 10ms
E/memtrack( 2713): Couldn't load memtrack module (No such file or directory)
E/android.os.Debug( 2713): failed to load memtrack module: -2
D/dalvikvm( 2086): GC_EXPLICIT freed 6K, 34% free 10973K/16396K, paused 1ms+1ms, total 18ms
D/AndroidRuntime( 2713): Calling main entry com.android.commands.pm.Pm
D/AndroidRuntime( 2713): Shutting down VM
D/jdwp    ( 2713): Got wake-up signal, bailing out of select
D/dalvikvm( 2713): Debugger has detached; object registry had 1 entries
I/AndroidRuntime( 2713): NOTE: attach of thread 'Binder_2' failed
D/dalvikvm( 2086): GC_EXPLICIT freed 6K, 34% free 10973K/16396K, paused 0ms+1ms, total 11ms
D/dalvikvm( 2086): GC_EXPLICIT freed 6K, 34% free 10973K/16396K, paused 0ms+1ms, total 9ms
D/dalvikvm( 2086): GC_EXPLICIT freed 6K, 34% free 10973K/16396K, paused 1ms+1ms, total 9ms
D/dalvikvm( 2086): GC_EXPLICIT freed 6K, 34% free 10973K/16396K, paused 0ms+1ms, total 9ms
D/dalvikvm( 2086): GC_EXPLICIT freed 6K, 34% free 10973K/16396K, paused 0ms+0ms, total 8ms
I/GmsModuleFndr( 2086): Beginning GMS chimera module scan
I/ModuleSetMgr( 2086): Computing pending module set with APKs: [[AdsFdrDynamite.integ:21460000000], [Cronetdynamite:202414000700], [Dynamiteloader:202414000700], [Dynamitemodulesa:202414000000], [Dynamitemodulesc:202414000000], [Googlecertificates:202414000000], [Mapsdynamite:202414000000], [Measurementdynamite:202414000000]]
I/ModuleSetMgr( 2086): Pending container module APKs: []
I/ModuleSetMgr( 2086): Pending non-container module APKs: []
W/DynamiteModule( 2086): Local module descriptor class for providerinstaller not found.
I/DynamiteModule( 2086): Considering local module providerinstaller:0 and remote module providerinstaller:0
W/ProviderInstaller( 2086): Failed to load providerinstaller module: No acceptable module found. Local version is 0 and remote version is 0.
D/dalvikvm( 2086): GC_FOR_ALLOC freed 1288K, 33% free 11073K/16396K, paused 8ms, total 8ms
W/DynamiteModule( 2086): Local module descriptor class for providerinstaller not found.
I/DynamiteModule( 2086): Considering local module providerinstaller:0 and remote module providerinstaller:0
W/ProviderInstaller( 2086): Failed to load providerinstaller module: No acceptable module found. Local version is 0 and remote version is 0.
W/DynamiteModule( 2086): Local module descriptor class for providerinstaller not found.
I/DynamiteModule( 2086): Considering local module providerinstaller:0 and remote module providerinstaller:0
W/ProviderInstaller( 2086): Failed to load providerinstaller module: No acceptable module found. Local version is 0 and remote version is 0.
W/DynamiteModule( 2086): Local module descriptor class for providerinstaller not found.
I/DynamiteModule( 2086): Considering local module providerinstaller:0 and remote module providerinstaller:0
W/ProviderInstaller( 2086): Failed to load providerinstaller module: No acceptable module found. Local version is 0 and remote version is 0.
D/dalvikvm( 2086): GC_FOR_ALLOC freed 2056K, 33% free 11065K/16396K, paused 8ms, total 8ms
W/DynamiteModule( 2086): Local module descriptor class for providerinstaller not found.
I/DynamiteModule( 2086): Considering local module providerinstaller:0 and remote module providerinstaller:0
W/ProviderInstaller( 2086): Failed to load providerinstaller module: No acceptable module found. Local version is 0 and remote version is 0.
W/DynamiteModule( 2086): Local module descriptor class for providerinstaller not found.
I/DynamiteModule( 2086): Considering local module providerinstaller:0 and remote module providerinstaller:0
W/ProviderInstaller( 2086): Failed to load providerinstaller module: No acceptable module found. Local version is 0 and remote version is 0.
D/dalvikvm( 2086): GC_FOR_ALLOC freed 1492K, 33% free 11059K/16396K, paused 7ms, total 7ms
W/DynamiteModule( 2086): Local module descriptor class for providerinstaller not found.
I/DynamiteModule( 2086): Considering local module providerinstaller:0 and remote module providerinstaller:0
W/ProviderInstaller( 2086): Failed to load providerinstaller module: No acceptable module found. Local version is 0 and remote version is 0.
W/DynamiteModule( 2086): Local module descriptor class for providerinstaller not found.
I/DynamiteModule( 2086): Considering local module providerinstaller:0 and remote module providerinstaller:0
W/ProviderInstaller( 2086): Failed to load providerinstaller module: No acceptable module found. Local version is 0 and remote version is 0.
D/dalvikvm( 2086): GC_FOR_ALLOC freed 1448K, 33% free 11059K/16396K, paused 8ms, total 8ms
D/dalvikvm( 2086): GC_EXPLICIT freed 1078K, 34% free 10970K/16396K, paused 0ms+1ms, total 8ms
D/dalvikvm( 2086): GC_EXPLICIT freed 8K, 34% free 10969K/16396K, paused 0ms+0ms, total 8ms
D/dalvikvm( 2086): GC_EXPLICIT freed 6K, 34% free 10969K/16396K, paused 1ms+1ms, total 9ms
D/dalvikvm( 2086): GC_EXPLICIT freed 6K, 34% free 10969K/16396K, paused 1ms+1ms, total 9ms
D/dalvikvm( 2086): GC_EXPLICIT freed 6K, 34% free 10969K/16396K, paused 0ms+1ms, total 9ms
D/dalvikvm( 2086): GC_EXPLICIT freed 6K, 34% free 10969K/16396K, paused 1ms+1ms, total 9ms
D/dalvikvm( 2086): GC_EXPLICIT freed 6K, 34% free 10969K/16396K, paused 1ms+1ms, total 12ms
D/dalvikvm( 2086): GC_EXPLICIT freed 6K, 34% free 10969K/16396K, paused 1ms+1ms, total 12ms
I/GmsModuleFndr( 2086): Beginning GMS chimera module scan
I/ModuleSetMgr( 2086): Computing pending module set with APKs: [[AdsFdrDynamite.integ:21460000000], [Cronetdynamite:202414000700], [Dynamiteloader:202414000700], [Dynamitemodulesa:202414000000], [Dynamitemodulesc:202414000000], [Googlecertificates:202414000000], [Mapsdynamite:202414000000], [Measurementdynamite:202414000000]]
I/ModuleSetMgr( 2086): Pending container module APKs: []
I/ModuleSetMgr( 2086): Pending non-container module APKs: []
D/AndroidRuntime( 2726): 
D/AndroidRuntime( 2726): >>>>>> AndroidRuntime START com.android.internal.os.RuntimeInit <<<<<<
W/linker  ( 2726): libdvm.so has text relocations. This is wasting memory and is a security risk. Please fix.
D/AndroidRuntime( 2726): CheckJNI is ON
D/dalvikvm( 2726): Trying to load lib libjavacore.so 0x0
D/dalvikvm( 2726): Added shared lib libjavacore.so 0x0
D/dalvikvm( 2726): Trying to load lib libnativehelper.so 0x0
D/dalvikvm( 2726): Added shared lib libnativehelper.so 0x0
D/dalvikvm( 2726): No JNI_OnLoad found in libnativehelper.so 0x0, skipping init
D/dalvikvm( 2726): Note: class Landroid/app/ActivityManagerNative; has 179 unimplemented (abstract) methods
E/memtrack( 2726): Couldn't load memtrack module (No such file or directory)
E/android.os.Debug( 2726): failed to load memtrack module: -2
D/AndroidRuntime( 2726): Calling main entry com.android.commands.pm.Pm
D/AndroidRuntime( 2726): Shutting down VM
D/jdwp    ( 2726): Got wake-up signal, bailing out of select
D/dalvikvm( 2726): Debugger has detached; object registry had 1 entries
D/AndroidRuntime( 2737): 
D/AndroidRuntime( 2737): >>>>>> AndroidRuntime START com.android.internal.os.RuntimeInit <<<<<<
W/linker  ( 2737): libdvm.so has text relocations. This is wasting memory and is a security risk. Please fix.
D/AndroidRuntime( 2737): CheckJNI is ON
D/dalvikvm( 2737): Trying to load lib libjavacore.so 0x0
D/dalvikvm( 2737): Added shared lib libjavacore.so 0x0
D/dalvikvm( 2737): Trying to load lib libnativehelper.so 0x0
D/dalvikvm( 2737): Added shared lib libnativehelper.so 0x0
D/dalvikvm( 2737): No JNI_OnLoad found in libnativehelper.so 0x0, skipping init
D/dalvikvm( 2737): Note: class Landroid/app/ActivityManagerNative; has 179 unimplemented (abstract) methods
E/memtrack( 2737): Couldn't load memtrack module (No such file or directory)
E/android.os.Debug( 2737): failed to load memtrack module: -2
D/AndroidRuntime( 2737): Calling main entry com.android.commands.pm.Pm
D/AndroidRuntime( 2737): Shutting down VM
D/jdwp    ( 2737): Got wake-up signal, bailing out of select
D/dalvikvm( 2737): Debugger has detached; object registry had 1 entries
D/AndroidRuntime( 2753): 
D/AndroidRuntime( 2753): >>>>>> AndroidRuntime START com.android.internal.os.RuntimeInit <<<<<<
W/linker  ( 2753): libdvm.so has text relocations. This is wasting memory and is a security risk. Please fix.
D/AndroidRuntime( 2753): CheckJNI is ON
D/dalvikvm( 2753): Trying to load lib libjavacore.so 0x0
D/dalvikvm( 2753): Added shared lib libjavacore.so 0x0
D/dalvikvm( 2753): Trying to load lib libnativehelper.so 0x0
D/dalvikvm( 2753): Added shared lib libnativehelper.so 0x0
D/dalvikvm( 2753): No JNI_OnLoad found in libnativehelper.so 0x0, skipping init
D/dalvikvm( 2753): Note: class Landroid/app/ActivityManagerNative; has 179 unimplemented (abstract) methods
E/memtrack( 2753): Couldn't load memtrack module (No such file or directory)
E/android.os.Debug( 2753): failed to load memtrack module: -2
D/AndroidRuntime( 2753): Calling main entry com.android.commands.pm.Pm
D/dalvikvm( 1145): GC_EXPLICIT freed 40K, 8% free 2993K/3220K, paused 1ms+1ms, total 3ms
D/dalvikvm( 1145): GC_EXPLICIT freed <1K, 8% free 2993K/3220K, paused 0ms+0ms, total 2ms
D/dalvikvm( 1145): GC_EXPLICIT freed <1K, 8% free 2993K/3220K, paused 0ms+0ms, total 2ms
I/PackageManager( 1567): Running dexopt on: com.android.defcontainer
W/linker  ( 2776): libdvm.so has text relocations. This is wasting memory and is a security risk. Please fix.
I/ActivityManager( 1567): Start proc com.android.defcontainer for service com.android.defcontainer/.DefaultContainerService: pid=2763 uid=10003 gids={50003, 1028, 1015, 1023, 2001, 1035}
D/dalvikvm( 2776): DexOpt: load 1ms, verify+opt 1ms, 201428 bytes
W/ActivityManager( 1567): No content provider found for permission revoke: file:///data/local/tmp/AndroidRipperService.apk
W/ActivityManager( 1567): No content provider found for permission revoke: file:///data/local/tmp/AndroidRipperService.apk
I/PackageManager( 1567): Copying native libraries to /data/app-lib/vmdl1125628921
I/PackageParser( 1567): it.unina.android.ripper_service: compat added android.permission.WRITE_EXTERNAL_STORAGE android.permission.READ_PHONE_STATE
I/PackageManager( 1567): Running dexopt on: it.unina.android.ripper_service
W/linker  ( 2778): libdvm.so has text relocations. This is wasting memory and is a security risk. Please fix.
D/dalvikvm( 2778): DexOpt: load 6ms, verify+opt 24ms, 1117628 bytes
I/ActivityManager( 1567): Force stopping it.unina.android.ripper_service appid=10057 user=-1: update pkg
D/dalvikvm( 2207): GC_FOR_ALLOC freed 194K, 15% free 3333K/3884K, paused 1ms, total 1ms
I/PackageManager( 1567):   Action: "android.intent.action.SENDTO"
I/PackageManager( 1567):   Category: "android.intent.category.DEFAULT"
I/PackageManager( 1567):   Scheme: "sms"
I/PackageManager( 1567): Adding preferred activity ComponentInfo{com.android.mms/com.android.mms.ui.ComposeMessageActivity} for user 0 :
W/Launcher.Model( 2207): Nobody to tell about the new app.  Launcher is probably loading.
I/InputReader( 1567): Reconfiguring input devices.  changes=0x00000010
D/dalvikvm( 1945): GC_FOR_ALLOC freed 1688K, 12% free 22867K/25972K, paused 2ms, total 3ms
I/PackageManager( 1567):   Action: "android.intent.action.SENDTO"
I/PackageManager( 1567):   Category: "android.intent.category.DEFAULT"
I/PackageManager( 1567):   Scheme: "smsto"
I/PackageManager( 1567): Adding preferred activity ComponentInfo{com.android.mms/com.android.mms.ui.ComposeMessageActivity} for user 0 :
D/dalvikvm( 1567): GC_EXPLICIT freed 1164K, 47% free 7900K/14816K, paused 3ms+2ms, total 28ms
D/dalvikvm( 1567): WAIT_FOR_CONCURRENT_GC blocked 8ms
D/dalvikvm( 1567): WAIT_FOR_CONCURRENT_GC blocked 9ms
D/dalvikvm( 1567): WAIT_FOR_CONCURRENT_GC blocked 9ms
D/AndroidRuntime( 2753): Shutting down VM
D/jdwp    ( 2753): Got wake-up signal, bailing out of select
D/dalvikvm( 2753): Debugger has detached; object registry had 1 entries
D/dalvikvm( 1834): GC_FOR_ALLOC freed 420K, 17% free 3655K/4392K, paused 1ms, total 2ms
I/PackageManager( 1567):   Action: "android.intent.action.SENDTO"
I/PackageManager( 1567):   Category: "android.intent.category.DEFAULT"
I/PackageManager( 1567):   Scheme: "mms"
D/BackupManagerService( 1567): Received broadcast Intent { act=android.intent.action.PACKAGE_ADDED dat=package:it.unina.android.ripper_service flg=0x4000010 (has extras) }
I/PackageManager( 1567): Adding preferred activity ComponentInfo{com.android.mms/com.android.mms.ui.ComposeMessageActivity} for user 0 :
I/PackageManager( 1567):   Action: "android.intent.action.SENDTO"
I/PackageManager( 1567):   Category: "android.intent.category.DEFAULT"
I/PackageManager( 1567):   Scheme: "mmsto"
I/PackageManager( 1567):   Action: "android.intent.action.SENDTO"
I/PackageManager( 1567):   Category: "android.intent.category.DEFAULT"
I/PackageManager( 1567):   Scheme: "sms"
V/BackupManagerService( 1567): addPackageParticipantsLocked: #1
I/PackageManager( 1567): Adding preferred activity ComponentInfo{com.android.mms/com.android.mms.ui.ComposeMessageActivity} for user 0 :
I/PackageManager( 1567): Adding preferred activity ComponentInfo{com.android.mms/com.android.mms.ui.ComposeMessageActivity} for user 0 :
I/PackageManager( 1567):   Action: "android.intent.action.SENDTO"
I/PackageManager( 1567):   Category: "android.intent.category.DEFAULT"
I/PackageManager( 1567):   Scheme: "smsto"
I/PackageManager( 1567): Adding preferred activity ComponentInfo{com.android.mms/com.android.mms.ui.ComposeMessageActivity} for user 0 :
D/dalvikvm( 1834): GC_FOR_ALLOC freed 411K, 17% free 3658K/4392K, paused 2ms, total 2ms
I/PackageManager( 1567):   Action: "android.intent.action.SENDTO"
I/PackageManager( 1567):   Category: "android.intent.category.DEFAULT"
I/PackageManager( 1567):   Scheme: "mms"
I/PackageManager( 1567): Adding preferred activity ComponentInfo{com.android.mms/com.android.mms.ui.ComposeMessageActivity} for user 0 :
I/PackageManager( 1567):   Action: "android.intent.action.SENDTO"
I/PackageManager( 1567):   Category: "android.intent.category.DEFAULT"
I/PackageManager( 1567):   Scheme: "mmsto"
I/PackageManager( 1567): Adding preferred activity ComponentInfo{com.android.mms/com.android.mms.ui.ComposeMessageActivity} for user 0 :
D/dalvikvm( 1567): GC_FOR_ALLOC freed 1268K, 47% free 7864K/14816K, paused 11ms, total 11ms
D/AndroidRuntime( 2783): 
D/AndroidRuntime( 2783): >>>>>> AndroidRuntime START com.android.internal.os.RuntimeInit <<<<<<
W/linker  ( 2783): libdvm.so has text relocations. This is wasting memory and is a security risk. Please fix.
D/AndroidRuntime( 2783): CheckJNI is ON
D/dalvikvm( 2783): Trying to load lib libjavacore.so 0x0
D/dalvikvm( 2783): Added shared lib libjavacore.so 0x0
D/dalvikvm( 2783): Trying to load lib libnativehelper.so 0x0
D/dalvikvm( 2783): Added shared lib libnativehelper.so 0x0
D/dalvikvm( 2783): No JNI_OnLoad found in libnativehelper.so 0x0, skipping init
D/dalvikvm( 2783): Note: class Landroid/app/ActivityManagerNative; has 179 unimplemented (abstract) methods
E/memtrack( 2783): Couldn't load memtrack module (No such file or directory)
E/android.os.Debug( 2783): failed to load memtrack module: -2
D/AndroidRuntime( 2783): Calling main entry com.android.commands.pm.Pm
D/AndroidRuntime( 2783): Shutting down VM
D/jdwp    ( 2783): Got wake-up signal, bailing out of select
D/dalvikvm( 2783): Debugger has detached; object registry had 1 entries
D/AndroidRuntime( 2794): 
D/AndroidRuntime( 2794): >>>>>> AndroidRuntime START com.android.internal.os.RuntimeInit <<<<<<
W/linker  ( 2794): libdvm.so has text relocations. This is wasting memory and is a security risk. Please fix.
D/AndroidRuntime( 2794): CheckJNI is ON
D/dalvikvm( 2794): Trying to load lib libjavacore.so 0x0
D/dalvikvm( 2794): Added shared lib libjavacore.so 0x0
D/dalvikvm( 2794): Trying to load lib libnativehelper.so 0x0
D/dalvikvm( 2794): Added shared lib libnativehelper.so 0x0
D/dalvikvm( 2794): No JNI_OnLoad found in libnativehelper.so 0x0, skipping init
D/dalvikvm( 2794): Note: class Landroid/app/ActivityManagerNative; has 179 unimplemented (abstract) methods
E/memtrack( 2794): Couldn't load memtrack module (No such file or directory)
E/android.os.Debug( 2794): failed to load memtrack module: -2
D/AndroidRuntime( 2794): Calling main entry com.android.commands.pm.Pm
D/AndroidRuntime( 2794): Shutting down VM
D/jdwp    ( 2794): Got wake-up signal, bailing out of select
D/dalvikvm( 2794): Debugger has detached; object registry had 1 entries
I/ActivityManager( 1567): Waited long enough for: ServiceRecord{9d825408 u0 com.android.music/.MediaPlaybackService}
I/ActivityManager( 1567): Resuming delayed broadcast
E/BluetoothAdapter( 1847): Bluetooth binder is null
I/SystemUpdateService( 1796): cancelUpdate (empty URL)
D/dalvikvm( 1796): GC_EXPLICIT freed 164K, 21% free 6097K/7636K, paused 0ms+1ms, total 7ms
I/SystemUpdateService( 1796): cancelUpdate (empty URL)
I/GmsModuleFndr( 2086): Beginning GMS chimera module scan
I/dalvikvm( 1775): Could not find method android.app.admin.DevicePolicyManager.getProfileOwner, referenced from method com.google.android.gms.auth.managed.intentoperations.SetupWorkProfileSettingsIntentOperation.a
W/dalvikvm( 1775): VFY: unable to resolve virtual method 2591: Landroid/app/admin/DevicePolicyManager;.getProfileOwner ()Landroid/content/ComponentName;
D/dalvikvm( 1775): VFY: replacing opcode 0x6e at 0x0028
E/GmsClient( 2086): unable to connect to service: com.google.android.gms.auth.key.retrieval.service.START on com.google.android.gms
I/dalvikvm( 1775): Could not find method android.app.Activity.getMediaController, referenced from method com.google.android.chimera.ActivityBase.getMediaController
W/dalvikvm( 1775): VFY: unable to resolve virtual method 2155: Landroid/app/Activity;.getMediaController ()Landroid/media/session/MediaController;
D/dalvikvm( 1775): VFY: replacing opcode 0x6e at 0x0002
I/dalvikvm( 1775): Could not find method android.app.Activity.getSearchEvent, referenced from method com.google.android.chimera.ActivityBase.getSearchEvent
W/dalvikvm( 1775): VFY: unable to resolve virtual method 2160: Landroid/app/Activity;.getSearchEvent ()Landroid/view/SearchEvent;
D/dalvikvm( 1775): VFY: replacing opcode 0x6e at 0x0002
W/dalvikvm( 1775): VFY: unable to find class referenced in signature (Landroid/app/VoiceInteractor;)
W/dalvikvm( 1775): VFY: unable to find class referenced in signature (Landroid/app/VoiceInteractor;)
W/dalvikvm( 1775): VFY: unable to find class referenced in signature (Landroid/os/PersistableBundle;)
W/dalvikvm( 1775): VFY: unable to find class referenced in signature (Landroid/os/PersistableBundle;)
W/dalvikvm( 1775): VFY: unable to find class referenced in signature (Landroid/os/PersistableBundle;)
W/dalvikvm( 1775): VFY: unable to find class referenced in signature (Landroid/os/PersistableBundle;)
W/dalvikvm( 1775): VFY: unable to find class referenced in signature (Landroid/app/assist/AssistContent;)
W/dalvikvm( 1775): VFY: unable to find class referenced in signature (Landroid/app/assist/AssistContent;)
W/dalvikvm( 1775): VFY: unable to find class referenced in signature (Landroid/os/PersistableBundle;)
W/dalvikvm( 1775): VFY: unable to find class referenced in signature (Landroid/os/PersistableBundle;)
W/dalvikvm( 1775): VFY: unable to find class referenced in signature (Landroid/os/PersistableBundle;)
W/dalvikvm( 1775): VFY: unable to find class referenced in signature (Landroid/os/PersistableBundle;)
W/dalvikvm( 1775): VFY: unable to find class referenced in signature (Landroid/view/SearchEvent;)
W/dalvikvm( 1775): VFY: unable to find class referenced in signature (Landroid/view/SearchEvent;)
I/dalvikvm( 1775): Could not find method android.app.Activity.requestPermissions, referenced from method com.google.android.chimera.ActivityBase.requestPermissions
W/dalvikvm( 1775): VFY: unable to resolve virtual method 2194: Landroid/app/Activity;.requestPermissions ([Ljava/lang/String;I)V
D/dalvikvm( 1775): VFY: replacing opcode 0x6e at 0x0002
W/dalvikvm( 1775): VFY: unable to find class referenced in signature (Landroid/media/session/MediaController;)
I/dalvikvm( 1775): Could not find method android.app.Activity.setMediaController, referenced from method com.google.android.chimera.ActivityBase.setMediaController
W/dalvikvm( 1775): VFY: unable to resolve virtual method 2205: Landroid/app/Activity;.setMediaController (Landroid/media/session/MediaController;)V
D/dalvikvm( 1775): VFY: replacing opcode 0x6e at 0x0002
I/ModuleSetMgr( 2086): Computing pending module set with APKs: [[AdsFdrDynamite.integ:21460000000], [Cronetdynamite:202414000700], [Dynamiteloader:202414000700], [Dynamitemodulesa:202414000000], [Dynamitemodulesc:202414000000], [Googlecertificates:202414000000], [Mapsdynamite:202414000000], [Measurementdynamite:202414000000]]
I/Auth    ( 1775): [AuthManaged,PasswordComplexityHelperImpl] Updating password complexity components state.
W/ActivityManager( 1567): Unable to start service Intent { act=com.google.android.gms.auth.key.retrieval.service.START pkg=com.google.android.gms } U=0: not found
W/ActivityManager( 1567): Unbind failed: could not find connection for android.os.BinderProxy@9d1458f0
I/ActivityManager( 1567): Delay finish: com.android.mms/.transaction.SmsReceiver
I/ActivityManager( 1567): Delaying start of: ServiceRecord{9d9239d8 u0 com.google.android.googlequicksearchbox/com.google.android.velvet.VelvetBackgroundTasksImpl$Service}
I/Herrevad( 1775): [55] wkz.a: updateListenState
I/ModuleSetMgr( 2086): Pending container module APKs: []
I/ModuleSetMgr( 2086): Pending non-container module APKs: []
V/SmsReceiverService( 2490): onStart: #1 mResultCode: -1 = Activity.RESULT_OK
D/dalvikvm( 1775): GC_EXPLICIT freed 1965K, 23% free 8624K/11112K, paused 1ms+5ms, total 15ms
I/Auth    ( 1775): [AuthManaged,PasswordComplexityHelperImpl] Disabling com.google.android.gms.auth.managed.admin.DeviceAdminReceiver
I/Auth    ( 1775): [AuthManaged,PasswordComplexityHelperImpl] Disabling com.google.android.gms.auth.managed.ui.SetNewPasswordActivity
I/Search.GservicesUpdateTask( 2174): Updating Gservices keys
I/ChromeSync( 2086): [Sync,SyncIntentOperation] Handling the intent: Intent { act=com.google.gservices.intent.action.GSERVICES_CHANGED flg=0x10 cmp=com.google.android.gms/.chimera.GmsIntentOperationService$PersistentInternalReceiver }.
D/dalvikvm( 1796): GC_EXPLICIT freed 241K, 21% free 6091K/7636K, paused 1ms+1ms, total 13ms
D/AndroidRuntime( 2817): 
D/AndroidRuntime( 2817): >>>>>> AndroidRuntime START com.android.internal.os.RuntimeInit <<<<<<
W/linker  ( 2817): libdvm.so has text relocations. This is wasting memory and is a security risk. Please fix.
I/GStaticConfiguration( 2174): Ignore gservice update: no configuration
D/AndroidRuntime( 2817): CheckJNI is ON
I/MobileDataHub( 2086): Scheduling periodic tasks
I/dalvikvm( 2086): Could not find method android.location.SettingInjectorService.refreshSettings, referenced from method com.google.android.chimera.SettingInjectorService.refreshSettings
W/dalvikvm( 2086): VFY: unable to resolve static method 3755: Landroid/location/SettingInjectorService;.refreshSettings (Landroid/content/Context;)V
D/dalvikvm( 2086): VFY: replacing opcode 0x71 at 0x0000
E/dalvikvm( 1775): Could not find class 'android.app.usage.UsageStatsManager', referenced from method cme.j
W/dalvikvm( 1775): VFY: unable to resolve check-cast 613 (Landroid/app/usage/UsageStatsManager;) in Lcme;
D/dalvikvm( 1775): VFY: replacing opcode 0x1f at 0x001e
D/dalvikvm( 1775): DexOpt: unable to opt direct call 0x0a9d at 0x2e in Lcme;.j
I/dalvikvm( 1775): Could not find method android.os.PowerManager.isInteractive, referenced from method cmg.a
W/dalvikvm( 1775): VFY: unable to resolve virtual method 4227: Landroid/os/PowerManager;.isInteractive ()Z
D/dalvikvm( 1775): VFY: replacing opcode 0x6e at 0x0010
I/dalvikvm( 1775): Could not find method android.os.PowerManager.isInteractive, referenced from method clu.j
W/dalvikvm( 1775): VFY: unable to resolve virtual method 4227: Landroid/os/PowerManager;.isInteractive ()Z
D/dalvikvm( 1775): VFY: replacing opcode 0x6e at 0x0011
D/dalvikvm( 2817): Trying to load lib libjavacore.so 0x0
D/dalvikvm( 2817): Added shared lib libjavacore.so 0x0
D/dalvikvm( 2817): Trying to load lib libnativehelper.so 0x0
D/dalvikvm( 2817): Added shared lib libnativehelper.so 0x0
D/dalvikvm( 2817): No JNI_OnLoad found in libnativehelper.so 0x0, skipping init
I/ActivityManager( 1567): Resuming delayed broadcast
I/dalvikvm( 1775): Could not find method android.app.AlarmManager.getNextAlarmClock, referenced from method ckr.l
W/dalvikvm( 1775): VFY: unable to resolve virtual method 2380: Landroid/app/AlarmManager;.getNextAlarmClock ()Landroid/app/AlarmManager$AlarmClockInfo;
D/dalvikvm( 1775): VFY: replacing opcode 0x6e at 0x0004
D/dalvikvm( 1796): GC_EXPLICIT freed 147K, 21% free 6078K/7636K, paused 0ms+1ms, total 24ms
D/dalvikvm( 2817): Note: class Landroid/app/ActivityManagerNative; has 179 unimplemented (abstract) methods
I/GeofencerStateMachine( 1775): removeGeofences: removeRequest=RemoveGeofencingRequest[REMOVE_BY_PENDING_INTENT pendingIntent=PendingIntent[creatorPackage=com.google.android.gms], packageName=com.google.android.gms]
W/ctxmgr  ( 1775): [FencePendingIntentCache]Sending CONTEXT_MANAGER_RESTARTED broadcast to com.google.android.apps.wellbeing [CONTEXT service_id=47 ]
I/GeofencerStateMachine( 1775): removeGeofences: removeRequest=RemoveGeofencingRequest[REMOVE_BY_PENDING_INTENT pendingIntent=PendingIntent[creatorPackage=com.google.android.gms], packageName=com.google.android.gms]
E/memtrack( 2817): Couldn't load memtrack module (No such file or directory)
E/android.os.Debug( 2817): failed to load memtrack module: -2
I/GCoreUlr( 1775): WorldUpdater received intent Intent { act=com.google.android.location.reporting.ACTION_UPDATE_WORLD cmp=com.google.android.gms/com.google.android.location.reporting.service.DispatchingService (has extras) } with receiverAction com.google.gservices.intent.action.GSERVICES_CHANGED
D/dalvikvm( 2086): GC_EXPLICIT freed 792K, 32% free 11158K/16396K, paused 7ms+23ms, total 153ms
D/dalvikvm( 2086): WAIT_FOR_CONCURRENT_GC blocked 89ms
D/AndroidRuntime( 2817): Calling main entry com.android.commands.am.Am
D/dalvikvm( 2086): GC_EXPLICIT freed 144K, 33% free 11020K/16396K, paused 2ms+1ms, total 25ms
D/dalvikvm( 2086): WAIT_FOR_CONCURRENT_GC blocked 9ms
D/AndroidRuntime( 2817): Shutting down VM
D/jdwp    ( 2817): Got wake-up signal, bailing out of select
D/dalvikvm( 2817): Debugger has detached; object registry had 1 entries
I/ActivityManager( 1567): Start proc it.unina.android.ripper_service:android_ripper_service_process for service it.unina.android.ripper_service/.AndroidRipperService: pid=2836 uid=10057 gids={50057, 3003, 1028, 1015}
W/MobileDataHub( 2086): [Service] appsupload-periodic periodic task disabled
I/GCM-GMS ( 2086): Scheduling task to register GMS
I/dalvikvm( 2408): Could not find method android.app.admin.DeviceAdminReceiver.onChoosePrivateKeyAlias, referenced from method bpj.a
W/dalvikvm( 2408): VFY: unable to resolve virtual method 2571: Landroid/app/admin/DeviceAdminReceiver;.onChoosePrivateKeyAlias (Landroid/content/Context;Landroid/content/Intent;ILandroid/net/Uri;Ljava/lang/String;)Ljava/lang/String;
D/dalvikvm( 2408): VFY: replacing opcode 0x75 at 0x0000
I/dalvikvm( 2408): Could not find method android.app.admin.DeviceAdminReceiver.onSystemUpdatePending, referenced from method bpj.a
W/dalvikvm( 2408): VFY: unable to resolve virtual method 2583: Landroid/app/admin/DeviceAdminReceiver;.onSystemUpdatePending (Landroid/content/Context;Landroid/content/Intent;J)V
D/dalvikvm( 2408): VFY: replacing opcode 0x6f at 0x0000
I/dalvikvm( 2408): Could not find method android.app.admin.DeviceAdminReceiver.onLockTaskModeEntering, referenced from method bpj.a
W/dalvikvm( 2408): VFY: unable to resolve virtual method 2575: Landroid/app/admin/DeviceAdminReceiver;.onLockTaskModeEntering (Landroid/content/Context;Landroid/content/Intent;Ljava/lang/String;)V
D/dalvikvm( 2408): VFY: replacing opcode 0x6f at 0x0000
I/dalvikvm( 2408): Could not find method android.app.admin.DeviceAdminReceiver.onProfileProvisioningComplete, referenced from method bpj.h
W/dalvikvm( 2408): VFY: unable to resolve virtual method 2581: Landroid/app/admin/DeviceAdminReceiver;.onProfileProvisioningComplete (Landroid/content/Context;Landroid/content/Intent;)V
D/dalvikvm( 2408): VFY: replacing opcode 0x6f at 0x0000
I/dalvikvm( 2408): Could not find method android.app.admin.DeviceAdminReceiver.onReadyForUserInitialization, referenced from method bpj.i
W/dalvikvm( 2408): VFY: unable to resolve virtual method 2582: Landroid/app/admin/DeviceAdminReceiver;.onReadyForUserInitialization (Landroid/content/Context;Landroid/content/Intent;)V
D/dalvikvm( 2408): VFY: replacing opcode 0x6f at 0x0000
I/dalvikvm( 2408): Could not find method android.app.admin.DeviceAdminReceiver.onLockTaskModeExiting, referenced from method bpj.j
W/dalvikvm( 2408): VFY: unable to resolve virtual method 2576: Landroid/app/admin/DeviceAdminReceiver;.onLockTaskModeExiting (Landroid/content/Context;Landroid/content/Intent;)V
D/dalvikvm( 2408): VFY: replacing opcode 0x6f at 0x0000
I/dalvikvm( 2408): Could not find method android.app.NotificationManager.getCurrentInterruptionFilter, referenced from method nea.b
W/dalvikvm( 2408): VFY: unable to resolve virtual method 2504: Landroid/app/NotificationManager;.getCurrentInterruptionFilter ()I
D/dalvikvm( 2408): VFY: replacing opcode 0x6e at 0x0002
E/MDM     ( 2086): [170] aamr.a: No Google accounts; deferring server state update.
V/AndroidRipperService( 2836): onCreate()
V/SERVER  ( 2836): Starting ServerSocket on PORT 18888
V/SERVER  ( 2836): Started ServerSocket on PORT 18888
I/dalvikvm( 2408): Could not find method android.content.ServiceConnection.onNullBinding, referenced from method uxb.onNullBinding
W/dalvikvm( 2408): VFY: unable to resolve interface method 2566: Landroid/content/ServiceConnection;.onNullBinding (Landroid/content/ComponentName;)V
V/SERVER  ( 2836): Ready to accept connections on port: 18888
D/dalvikvm( 2408): VFY: replacing opcode 0x72 at 0x000f
D/dalvikvm( 1796): GC_EXPLICIT freed 241K, 21% free 6096K/7636K, paused 0ms+5ms, total 37ms
D/dalvikvm( 2086): GC_EXPLICIT freed 174K, 33% free 11083K/16396K, paused 0ms+8ms, total 78ms
I/MdiSyncModule( 2086): flag handling is skipping irrelevant intent.
D/dalvikvm( 1775): GC_FOR_ALLOC freed 1614K, 20% free 8910K/11112K, paused 40ms, total 40ms
D/dalvikvm( 2086): GC_EXPLICIT freed 206K, 33% free 11112K/16396K, paused 10ms+2ms, total 37ms
D/dalvikvm( 1796): GC_EXPLICIT freed 141K, 21% free 6086K/7636K, paused 1ms+1ms, total 9ms
I/ahju    ( 1775): Scheduling Phenotype for a PhenotypeSyncImmediately(6, com.google.android.gms.checkin.binary) one off with window [1, 2] in seconds [CONTEXT service_id=51 ]
I/SystemUpdate( 2086): [Installation,ReceiverIntentOperation] Received intent: Intent { act=com.google.gservices.intent.action.GSERVICES_CHANGED flg=0x10 cmp=com.google.android.gms/.chimera.GmsIntentOperationService$PersistentInternalReceiver }.
D/dalvikvm( 2086): GC_EXPLICIT freed 226K, 33% free 11113K/16396K, paused 4ms+1ms, total 50ms
I/SystemUpdate( 2086): [Execution,InstallationEventIntentOperation] Handling event of type 2.
I/SystemUpdate( 2086): [Execution,InstallationIntentOperation] Received intent: Intent { act=com.google.android.gms.update.INSTALL_UPDATE cat=[targeted_intent_op_prefix:.update.execution.InstallationIntentOperation] cmp=com.google.android.gms/.chimera.GmsIntentOperationService }.
I/SystemUpdate( 2086): [Execution,ExecutionManager] Action finished-execution executed for 0.00 seconds.
D/dalvikvm( 1796): GC_EXPLICIT freed 138K, 21% free 6083K/7636K, paused 0ms+1ms, total 5ms
I/GCoreUlr( 1775): WorldUpdater:com.google.gservices.intent.action.GSERVICES_CHANGED: Ensuring that reporting is stopped because of reasons: (no Google accounts)
V/EmulatedCamera_Camera( 1147): getCameraInfo
V/EmulatedCamera_BaseCamera( 1147): getCameraInfo
I/OcrModelUpStIntentOp( 2086): Updating ocr activity enabled=true (phenotypeFlag=true, lowRamDevice=false, prereqCheck=true)
I/OcrModelUpStIntentOp( 2086): Downloading text recognizer
I/GCoreUlr( 1775): Unbound from all signal providers.
D/dalvikvm( 1775): DexOpt: couldn't find field Landroid/os/Message;.sendingUid
W/dalvikvm( 1775): VFY: unable to resolve instance field 17858
D/dalvikvm( 1775): VFY: replacing opcode 0x52 at 0x0013
D/dalvikvm( 2086): newInstance failed: no <init>()
D/dalvikvm( 2086): GC_EXPLICIT freed 279K, 33% free 11132K/16396K, paused 1ms+1ms, total 54ms
I/GCoreUlr( 1775): Unbound from all signal providers.
I/GCoreUlr( 1775): Stopping handler for UlrDispSvcFast
I/ahju    ( 1775): Scheduling Phenotype for a PhenotypeSyncImmediately(6, com.google.android.gms.phenotype) one off with window [1, 2] in seconds [CONTEXT service_id=51 ]
D/dalvikvm( 2086): GC_EXPLICIT freed 138K, 33% free 11113K/16396K, paused 1ms+4ms, total 47ms
D/dalvikvm( 1567): GC_FOR_ALLOC freed 1193K, 47% free 7893K/14816K, paused 7ms, total 11ms
D/dalvikvm( 2086): GC_EXPLICIT freed 86K, 33% free 11111K/16396K, paused 6ms+3ms, total 32ms
D/dalvikvm( 1775): GC_FOR_ALLOC freed 1766K, 19% free 9140K/11156K, paused 32ms, total 32ms
I/DownloadManager( 1859): Download 6 starting
W/ActivityThread( 1859): ClassLoader.loadClass: The class loader returned by Thread.getContextClassLoader() may fail for processes that host multiple applications. You should explicitly specify a context class loader. For example: Thread.setContextClassLoader(getClass().getClassLoader());
I/GCM-GMS ( 2086): Scheduling task to register GMS
D/dalvikvm( 1859): GC_FOR_ALLOC freed 434K, 16% free 3452K/4072K, paused 1ms, total 1ms
I/GCM-GMS ( 2086): Scheduling task to register GMS
I/GCM-GMS ( 2086): Scheduling task to register GMS
I/ActivityManager( 1567): Delay finish: com.android.providers.calendar/.CalendarProviderBroadcastReceiver
I/ahju    ( 1775): Scheduling Phenotype for a PhenotypeSyncImmediately(6, com.google.android.games.app) one off with window [1, 2] in seconds [CONTEXT service_id=51 ]
D/dalvikvm( 2086): GC_EXPLICIT freed 117K, 32% free 11158K/16396K, paused 1ms+17ms, total 89ms
I/ActivityManager( 1567): Resuming delayed broadcast
I/GmsModuleFndr( 2086): Beginning GMS chimera module scan
D/dalvikvm( 1796): GC_EXPLICIT freed 254K, 21% free 6085K/7636K, paused 0ms+0ms, total 6ms
I/ActivityManager( 1567): Delay finish: com.google.android.googlequicksearchbox/com.google.android.searchcommon.summons.icing.InternalIcingCorporaProvider$CorporaChangedReceiver
I/Fitness ( 1775): FitCleanupIntentOperation received Intent android.intent.action.PACKAGE_CHANGED [CONTEXT service_id=17 ]
I/ModuleSetMgr( 2086): Computing pending module set with APKs: [[AdsFdrDynamite.integ:21460000000], [Cronetdynamite:202414000700], [Dynamiteloader:202414000700], [Dynamitemodulesa:202414000000], [Dynamitemodulesc:202414000000], [Googlecertificates:202414000000], [Mapsdynamite:202414000000], [Measurementdynamite:202414000000]]
I/Icing.InternalIcingCorporaProvider( 2174): Updating corpora: A: com.android.email, C: MAYBE
I/Fitness ( 1775): OnPackageChangedOperation got intent: Intent { act=android.intent.action.PACKAGE_CHANGED dat=package:com.android.email flg=0x4000010 cmp=com.google.android.gms/.chimera.PersistentIntentOperationService (has extras) } [CONTEXT service_id=17 ]
I/ModuleSetMgr( 2086): Pending container module APKs: []
I/ModuleSetMgr( 2086): Pending non-container module APKs: []
I/Icing   ( 2086): IndexChimeraService.getServiceInterface callingPackage=com.google.android.googlequicksearchbox componentName=null serviceId=21
W/Launcher( 2207): setApplicationContext called twice! old=com.google.android.velvet.VelvetApplication@9cfcda10 new=com.google.android.velvet.VelvetApplication@9cfcda10
I/ActivityManager( 1567): Resuming delayed broadcast
I/Fitness ( 1775): OnPackageChangedOperation got intent: Intent { act=android.intent.action.PACKAGE_CHANGED dat=package:com.google.android.gsf flg=0x4000010 cmp=com.google.android.gms/.chimera.PersistentIntentOperationService (has extras) } [CONTEXT service_id=17 ]
I/Fitness ( 1775): FitCleanupIntentOperation received Intent android.intent.action.PACKAGE_CHANGED [CONTEXT service_id=17 ]
I/ActivityManager( 1567): Delay finish: com.google.android.googlequicksearchbox/com.google.android.searchcommon.summons.icing.InternalIcingCorporaProvider$CorporaChangedReceiver
W/Icing   ( 2086): No valid account for uploading user actions
I/Icing.InternalIcingCorporaProvider( 2174): Updating corpora: A: com.google.android.gsf, C: MAYBE
I/Icing   ( 2086): Usage reports ok 0, Failed Usage reports 0, indexed 0, rejected 0
I/Icing   ( 2086): IndexChimeraService.getServiceInterface callingPackage=com.google.android.googlequicksearchbox componentName=null serviceId=21
W/Icing   ( 2086): No valid account for uploading user actions
I/Icing   ( 2086): Usage reports ok 0, Failed Usage reports 0, indexed 0, rejected 0
W/Launcher( 2207): setApplicationContext called twice! old=com.google.android.velvet.VelvetApplication@9cfcda10 new=com.google.android.velvet.VelvetApplication@9cfcda10
I/ActivityManager( 1567): Resuming delayed broadcast
I/Icing.InternalIcingCorporaProvider( 2174): Updating corpora: A: com.google.android.gms, C: MAYBE
I/ActivityManager( 1567): Delay finish: com.google.android.googlequicksearchbox/com.google.android.searchcommon.summons.icing.InternalIcingCorporaProvider$CorporaChangedReceiver
I/Fitness ( 1775): OnPackageChangedOperation got intent: Intent { act=android.intent.action.PACKAGE_CHANGED dat=package:com.google.android.gms flg=0x4000010 cmp=com.google.android.gms/.chimera.PersistentIntentOperationService (has extras) } [CONTEXT service_id=17 ]
I/Fitness ( 1775): FitCleanupIntentOperation received Intent android.intent.action.PACKAGE_CHANGED [CONTEXT service_id=17 ]
I/Icing   ( 2086): updateResources: need to parse wwx{com.google.android.gms}
I/Icing   ( 2086): IndexChimeraService.getServiceInterface callingPackage=com.google.android.googlequicksearchbox componentName=null serviceId=21
D/dalvikvm( 1775): GC_FOR_ALLOC freed 1854K, 19% free 9336K/11440K, paused 10ms, total 10ms
D/dalvikvm( 2086): GC_FOR_ALLOC freed 1816K, 31% free 11388K/16396K, paused 12ms, total 13ms
W/Icing   ( 2086): No valid account for uploading user actions
I/Icing   ( 2086): Usage reports ok 0, Failed Usage reports 0, indexed 0, rejected 0
I/ActivityManager( 1567): Resuming delayed broadcast
W/Launcher( 2207): setApplicationContext called twice! old=com.google.android.velvet.VelvetApplication@9cfcda10 new=com.google.android.velvet.VelvetApplication@9cfcda10
D/dalvikvm( 1796): GC_EXPLICIT freed 145K, 21% free 6076K/7636K, paused 0ms+4ms, total 10ms
I/Fitness ( 1775): OnPackageChangedOperation got intent: Intent { act=android.intent.action.PACKAGE_CHANGED dat=package:com.google.android.inputmethod.latin flg=0x4000010 cmp=com.google.android.gms/.chimera.PersistentIntentOperationService (has extras) } [CONTEXT service_id=17 ]
I/Icing.InternalIcingCorporaProvider( 2174): Updating corpora: A: com.google.android.inputmethod.latin, C: MAYBE
I/ActivityManager( 1567): Delay finish: com.google.android.googlequicksearchbox/com.google.android.searchcommon.summons.icing.InternalIcingCorporaProvider$CorporaChangedReceiver
I/Fitness ( 1775): FitCleanupIntentOperation received Intent android.intent.action.PACKAGE_CHANGED [CONTEXT service_id=17 ]
D/ConnectivityService( 1567): handleInetConditionHoldEnd: net=0, condition=100, published condition=0
I/Icing   ( 2086): IndexChimeraService.getServiceInterface callingPackage=com.google.android.googlequicksearchbox componentName=null serviceId=21
W/Icing   ( 2086): No valid account for uploading user actions
I/Icing   ( 2086): Usage reports ok 0, Failed Usage reports 0, indexed 0, rejected 0
W/Launcher( 2207): setApplicationContext called twice! old=com.google.android.velvet.VelvetApplication@9cfcda10 new=com.google.android.velvet.VelvetApplication@9cfcda10
I/ActivityManager( 1567): Resuming delayed broadcast
I/ActivityManager( 1567): Delay finish: com.google.android.gsf/.update.SystemUpdateService$Receiver
I/SystemUpdateService( 1796): cancelUpdate (empty URL)
D/dalvikvm( 1859): GC_FOR_ALLOC freed 560K, 19% free 3397K/4148K, paused 2ms, total 2ms
W/GoogleHttpServiceClient( 1775): Interrupted waiting for binder: java.lang.InterruptedException
I/SystemUpdateService( 1796): cancelUpdate (empty URL)
W/Conscrypt( 1775): Could not set socket write timeout: java.net.SocketException: Socket closed
W/Conscrypt( 1775): 	at com.google.android.gms.org.conscrypt.Platform.setSocketWriteTimeout(:com.google.android.gms@202414005@20.24.14 (000700-319035315):2)
W/Conscrypt( 1775): 	at com.google.android.gms.org.conscrypt.ConscryptFileDescriptorSocket.setSoWriteTimeout(:com.google.android.gms@202414005@20.24.14 (000700-319035315):0)
I/ActivityManager( 1567): Resuming delayed broadcast
W/DownloadManager( 1859): Aborting request for download 6: download canceled
I/DownloadManager( 1859): Download 6 finished with status CANCELED
I/ActivityManager( 1567): Delay finish: com.google.android.gms/.auth.account.be.channelid.ChannelBindingBroadcastReceiver
I/ActivityManager( 1567): Resuming delayed broadcast
W/ActivityManager( 1567): Unable to start service Intent { act=com.google.android.gms.auth.key.retrieval.service.START pkg=com.google.android.gms } U=0: not found
I/GmsModuleFndr( 2086): Beginning GMS chimera module scan
E/GmsClient( 2086): unable to connect to service: com.google.android.gms.auth.key.retrieval.service.START on com.google.android.gms
I/Auth    ( 1775): [AuthManaged,PasswordComplexityHelperImpl] Updating password complexity components state.
I/Auth    ( 1775): [AuthManaged,PasswordComplexityHelperImpl] Disabling com.google.android.gms.auth.managed.admin.DeviceAdminReceiver
I/Auth    ( 1775): [AuthManaged,PasswordComplexityHelperImpl] Disabling com.google.android.gms.auth.managed.ui.SetNewPasswordActivity
I/Herrevad( 1775): [55] wkz.a: updateListenState
W/ActivityManager( 1567): Unbind failed: could not find connection for android.os.BinderProxy@9d358c68
I/ModuleSetMgr( 2086): Computing pending module set with APKs: [[AdsFdrDynamite.integ:21460000000], [Cronetdynamite:202414000700], [Dynamiteloader:202414000700], [Dynamitemodulesa:202414000000], [Dynamitemodulesc:202414000000], [Googlecertificates:202414000000], [Mapsdynamite:202414000000], [Measurementdynamite:202414000000]]
I/ModuleSetMgr( 2086): Pending container module APKs: []
I/ModuleSetMgr( 2086): Pending non-container module APKs: []
W/Conscrypt( 1775): Could not set socket write timeout: java.net.SocketException: Socket closed
W/Conscrypt( 1775): 	at com.google.android.gms.org.conscrypt.Platform.setSocketWriteTimeout(:com.google.android.gms@202414005@20.24.14 (000700-319035315):2)
W/Conscrypt( 1775): 	at com.google.android.gms.org.conscrypt.ConscryptFileDescriptorSocket.setSoWriteTimeout(:com.google.android.gms@202414005@20.24.14 (000700-319035315):0)
I/ActivityManager( 1567): Delay finish: com.google.android.googlequicksearchbox/com.google.android.searchcommon.GservicesBroadcastReceiver
I/Search.GservicesUpdateTask( 2174): Updating Gservices keys
I/ChromeSync( 2086): [Sync,SyncIntentOperation] Handling the intent: Intent { act=com.google.gservices.intent.action.GSERVICES_CHANGED flg=0x10 cmp=com.google.android.gms/.chimera.GmsIntentOperationService$PersistentInternalReceiver }.
I/GStaticConfiguration( 2174): Ignore gservice update: no configuration
I/MobileDataHub( 2086): Scheduling periodic tasks
W/MobileDataHub( 2086): [Service] appsupload-periodic periodic task disabled
I/MdiSyncModule( 2086): flag handling is skipping irrelevant intent.
V/EmulatedCamera_Camera( 1147): getCameraInfo
V/EmulatedCamera_BaseCamera( 1147): getCameraInfo
I/OcrModelUpStIntentOp( 2086): Updating ocr activity enabled=true (phenotypeFlag=true, lowRamDevice=false, prereqCheck=true)
I/OcrModelUpStIntentOp( 2086): Downloading text recognizer
I/SystemUpdate( 2086): [Installation,ReceiverIntentOperation] Received intent: Intent { act=com.google.gservices.intent.action.GSERVICES_CHANGED flg=0x10 cmp=com.google.android.gms/.chimera.GmsIntentOperationService$PersistentInternalReceiver }.
I/SystemUpdate( 2086): [Execution,InstallationEventIntentOperation] Handling event of type 2.
I/SystemUpdate( 2086): [Execution,InstallationIntentOperation] Received intent: Intent { act=com.google.android.gms.update.INSTALL_UPDATE cat=[targeted_intent_op_prefix:.update.execution.InstallationIntentOperation] cmp=com.google.android.gms/.chimera.GmsIntentOperationService }.
I/ActivityManager( 1567): Resuming delayed broadcast
I/GCM-GMS ( 2086): Scheduling task to register GMS
I/SystemUpdate( 2086): [Execution,ExecutionManager] Action finished-execution executed for 0.00 seconds.
V/AlarmClock( 2315): AlarmInitReceiver android.intent.action.TIMEZONE_CHANGED
I/GCoreUlr( 1775): WorldUpdater received intent Intent { act=com.google.android.location.reporting.ACTION_UPDATE_WORLD cmp=com.google.android.gms/com.google.android.location.reporting.service.DispatchingService (has extras) } with receiverAction com.google.gservices.intent.action.GSERVICES_CHANGED
D/dalvikvm( 1567): GC_EXPLICIT freed 793K, 47% free 7861K/14816K, paused 1ms+6ms, total 30ms
I/AlarmClock( 2315): Displaying next alarm time: ''
V/AlarmClock( 2315): AlarmInitReceiver finished
I/Notifications( 2350): [ChimeBroadcastReceiver] Intent received for action [android.intent.action.TIMEZONE_CHANGED] package [com.google.android.play.games].
I/Notifications( 2350): [ChimeBroadcastReceiver] Validation OK for action [android.intent.action.TIMEZONE_CHANGED].
