I/MultiDex( 2153): loading existing secondary dex files
I/MultiDex( 2153): load found 5 secondary dex files
D/dalvikvm( 2153): GC_FOR_ALLOC freed 362K, 15% free 3144K/3692K, paused 1ms, total 1ms
I/MultiDex( 2153): install done
I/dalvikvm( 2153): Could not find method android.content.ContentProvider.query, referenced from method brf.superQuery
W/dalvikvm( 2153): VFY: unable to resolve virtual method 2428: Landroid/content/ContentProvider;.query (Landroid/net/Uri;[Ljava/lang/String;Landroid/os/Bundle;Landroid/os/CancellationSignal;)Landroid/database/Cursor;
D/dalvikvm( 2153): VFY: replacing opcode 0x6f at 0x0000
I/dalvikvm( 2153): Could not find method android.app.Activity.registerActivityLifecycleCallbacks, referenced from method amh.onActivityPreCreated
W/dalvikvm( 2153): VFY: unable to resolve virtual method 2308: Landroid/app/Activity;.registerActivityLifecycleCallbacks (Landroid/app/Application$ActivityLifecycleCallbacks;)V
D/dalvikvm( 2153): VFY: replacing opcode 0x6e at 0x0005
I/dalvikvm( 2153): Could not find method android.content.Context.getExternalMediaDirs, referenced from method jm.a
W/dalvikvm( 2153): VFY: unable to resolve virtual method 2477: Landroid/content/Context;.getExternalMediaDirs ()[Ljava/io/File;
D/dalvikvm( 2153): VFY: replacing opcode 0x6e at 0x00a8
I/dalvikvm( 2153): Could not find method android.content.Context.getDrawable, referenced from method jk.a
W/dalvikvm( 2153): VFY: unable to resolve virtual method 2472: Landroid/content/Context;.getDrawable (I)Landroid/graphics/drawable/Drawable;
D/dalvikvm( 2153): VFY: replacing opcode 0x6e at 0x0006
I/dalvikvm( 2153): Could not find method android.content.Context.getNoBackupFilesDir, referenced from method jk.b
W/dalvikvm( 2153): VFY: unable to resolve virtual method 2480: Landroid/content/Context;.getNoBackupFilesDir ()Ljava/io/File;
D/dalvikvm( 2153): VFY: replacing opcode 0x6e at 0x0006
I/dalvikvm( 2153): Could not find method android.os.UserHandle.isOwner, referenced from method nmy.f
W/dalvikvm( 2153): VFY: unable to resolve virtual method 3081: Landroid/os/UserHandle;.isOwner ()Z
D/dalvikvm( 2153): VFY: replacing opcode 0x6e at 0x000a
D/dalvikvm( 1778): GC_FOR_ALLOC freed 41K, 29% free 4069K/5652K, paused 2ms, total 2ms
D/dalvikvm( 2153): DexOpt: couldn't find field Landroid/content/pm/ApplicationInfo;.splitSourceDirs
W/dalvikvm( 2153): VFY: unable to resolve instance field 1475
D/dalvikvm( 2153): VFY: replacing opcode 0x54 at 0x0055
D/dalvikvm( 2153): DexOpt: couldn't find static field Landroid/os/Build;.SUPPORTED_ABIS
W/dalvikvm( 2153): VFY: unable to resolve static field 1540 (SUPPORTED_ABIS) in Landroid/os/Build;
D/dalvikvm( 2153): VFY: replacing opcode 0x62 at 0x00d1
I/dalvikvm( 2153): Could not find method android.system.Os.stat, referenced from method nop.a
W/dalvikvm( 2153): VFY: unable to resolve static method 3146: Landroid/system/Os;.stat (Ljava/lang/String;)Landroid/system/StructStat;
D/dalvikvm( 2153): VFY: replacing opcode 0x71 at 0x0182
I/dalvikvm( 2153): Could not find method android.content.pm.PackageManager.getPackageInstaller, referenced from method men.a
W/dalvikvm( 2153): VFY: unable to resolve virtual method 2608: Landroid/content/pm/PackageManager;.getPackageInstaller ()Landroid/content/pm/PackageInstaller;
D/dalvikvm( 2153): VFY: replacing opcode 0x6e at 0x001c
W/DynamiteModule( 2153): Local module descriptor class for providerinstaller not found.
E/ChimeraCfgMgr( 2153): Failed to read module config: java.io.FileNotFoundException: /data/data/com.google.android.gms/app_chimera/current_config.fb: open failed: ENOENT (No such file or directory)
I/dalvikvm( 2153): Could not find method android.system.Os.readlink, referenced from method bse.a
W/dalvikvm( 2153): VFY: unable to resolve static method 3145: Landroid/system/Os;.readlink (Ljava/lang/String;)Ljava/lang/String;
D/dalvikvm( 2153): VFY: replacing opcode 0x71 at 0x0044
I/dalvikvm( 2153): Could not find method android.system.Os.symlink, referenced from method bse.a
W/dalvikvm( 2153): VFY: unable to resolve static method 3147: Landroid/system/Os;.symlink (Ljava/lang/String;Ljava/lang/String;)V
D/dalvikvm( 2153): VFY: replacing opcode 0x71 at 0x00b0
I/dalvikvm( 2153): Could not find method android.system.Os.stat, referenced from method bse.a
W/dalvikvm( 2153): VFY: unable to resolve static method 3146: Landroid/system/Os;.stat (Ljava/lang/String;)Landroid/system/StructStat;
D/dalvikvm( 2153): VFY: replacing opcode 0x71 at 0x0005
W/dalvikvm( 2153): VFY: unable to resolve static field 1615 (S_IXUSR) in Landroid/system/OsConstants;
D/dalvikvm( 2153): VFY: replacing opcode 0x60 at 0x0007
I/dalvikvm( 2153): Could not find method android.system.Os.stat, referenced from method bse.b
W/dalvikvm( 2153): VFY: unable to resolve static method 3146: Landroid/system/Os;.stat (Ljava/lang/String;)Landroid/system/StructStat;
D/dalvikvm( 2153): VFY: replacing opcode 0x71 at 0x0040
W/dalvikvm( 2153): VFY: unable to resolve static field 1612 (S_IRUSR) in Landroid/system/OsConstants;
D/dalvikvm( 2153): VFY: replacing opcode 0x60 at 0x0007
W/FileUtils( 2153): Failed to set world readable: /data/data/com.google.android.gms/app_chimera/current_config.fb
E/ChimeraCfgMgr( 2153): Failed to read module config: java.io.FileNotFoundException: /data/data/com.google.android.gms/app_chimera/current_config.fb: open failed: ENOENT (No such file or directory)
D/dalvikvm( 2153): DexOpt: couldn't find static field Landroid/os/Build;.SUPPORTED_ABIS
W/dalvikvm( 2153): VFY: unable to resolve static field 1540 (SUPPORTED_ABIS) in Landroid/os/Build;
D/dalvikvm( 2153): VFY: replacing opcode 0x62 at 0x0307
D/dalvikvm( 2153): DexOpt: couldn't find static field Landroid/os/Build;.SUPPORTED_ABIS
W/dalvikvm( 2153): VFY: unable to resolve static field 1540 (SUPPORTED_ABIS) in Landroid/os/Build;
D/dalvikvm( 2153): VFY: replacing opcode 0x62 at 0x06eb
I/dalvikvm( 2153): Could not find method android.content.Context.isCredentialProtectedStorage, referenced from method bry.j
W/dalvikvm( 2153): VFY: unable to resolve virtual method 2490: Landroid/content/Context;.isCredentialProtectedStorage ()Z
D/dalvikvm( 2153): VFY: replacing opcode 0x6e at 0x0087
E/ConfigFileUtils( 2153): Failed to read config file: /data/data/com.google.android.gms/app_chimera/current_fileapks.pb: open failed: ENOENT (No such file or directory)
D/dalvikvm( 2153): GC_FOR_ALLOC freed 410K, 16% free 3246K/3844K, paused 2ms, total 2ms
I/GmsModuleFndr( 2153): Beginning GMS chimera module scan
E/ChimeraCfgMgr( 2153): Failed to read module config: java.io.FileNotFoundException: /data/data/com.google.android.gms/app_chimera/current_config.fb: open failed: ENOENT (No such file or directory)
I/DynamiteModule( 2153): Considering local module com.google.android.gms.googlecertificates:4 and remote module com.google.android.gms.googlecertificates:0
I/DynamiteModule( 2153): Selected local version of com.google.android.gms.googlecertificates
I/dalvikvm( 2153): Could not find method android.app.Notification$Builder.setLocalOnly, referenced from method com.google.android.gms.common.GoogleCertificatesImpl.isGoogleOrPlatformSigned
W/dalvikvm( 2153): VFY: unable to resolve virtual method 2308: Landroid/app/Notification$Builder;.setLocalOnly (Z)Landroid/app/Notification$Builder;
D/dalvikvm( 2153): VFY: replacing opcode 0x6e at 0x00b1
E/ChimeraCfgMgr( 2153): Failed to read module config: java.io.FileNotFoundException: /data/data/com.google.android.gms/app_chimera/current_config.fb: open failed: ENOENT (No such file or directory)
I/dalvikvm( 2153): Could not find method com.google.android.chimera.ContextThemeWrapper.createAttributionContext, referenced from method mnu.createAttributionContext
W/dalvikvm( 2153): VFY: unable to resolve virtual method 13785: Lcom/google/android/chimera/ContextThemeWrapper;.createAttributionContext (Ljava/lang/String;)Landroid/content/Context;
D/dalvikvm( 2153): VFY: replacing opcode 0x6f at 0x0002
I/dalvikvm( 2153): Could not find method android.content.ContextWrapper.createCredentialProtectedStorageContext, referenced from method mnu.createCredentialProtectedStorageContext
W/dalvikvm( 2153): VFY: unable to resolve virtual method 2508: Landroid/content/ContextWrapper;.createCredentialProtectedStorageContext ()Landroid/content/Context;
D/dalvikvm( 2153): VFY: replacing opcode 0x6f at 0x0002
I/dalvikvm( 2153): Could not find method android.content.ContextWrapper.createDeviceProtectedStorageContext, referenced from method mnu.createDeviceProtectedStorageContext
W/dalvikvm( 2153): VFY: unable to resolve virtual method 2509: Landroid/content/ContextWrapper;.createDeviceProtectedStorageContext ()Landroid/content/Context;
D/dalvikvm( 2153): VFY: replacing opcode 0x6f at 0x0002
D/dalvikvm( 1778): GC_FOR_ALLOC freed 275K, 24% free 4305K/5652K, paused 2ms, total 2ms
E/ConfigFileUtils( 2153): Failed to read config file: /data/data/com.google.android.gms/app_chimera/current_fileapks.pb: open failed: ENOENT (No such file or directory)
I/ModuleSetMgr( 2153): Computing pending module set with APKs: []
I/ModuleSetMgr( 2153): Pending container module APKs: []
I/ModuleSetMgr( 2153): Pending non-container module APKs: []
D/dalvikvm( 2153): GC_FOR_ALLOC freed 370K, 15% free 3388K/3944K, paused 1ms, total 1ms
E/ConfigFileUtils( 2153): Failed to read config file: /data/data/com.google.android.gms/app_chimera/current_fileapks.pb: open failed: ENOENT (No such file or directory)
E/ChimeraCfgMgr( 2153): Failed to read module config: java.io.FileNotFoundException: /data/data/com.google.android.gms/app_chimera/current_config.fb: open failed: ENOENT (No such file or directory)
W/IntentOperation( 2153): Failed to get Chimera config:com.google.android.chimera.config.InvalidConfigException: java.io.FileNotFoundException: /data/data/com.google.android.gms/app_chimera/current_config.fb: open failed: ENOENT (No such file or directory)
D/dalvikvm( 2153): GC_FOR_ALLOC freed 58K, 15% free 3388K/3944K, paused 2ms, total 2ms
I/dalvikvm-heap( 2153): Grow heap (frag case) to 3.707MB for 228601-byte allocation
D/dalvikvm( 2153): GC_FOR_ALLOC freed <1K, 14% free 3611K/4168K, paused 1ms, total 1ms
D/dalvikvm( 1778): GC_FOR_ALLOC freed 362K, 22% free 4454K/5652K, paused 2ms, total 2ms
D/dalvikvm( 2153): GC_FOR_ALLOC freed 28K, 6% free 4095K/4312K, paused 2ms, total 2ms
D/dalvikvm( 2153): GC_FOR_ALLOC freed 277K, 10% free 4331K/4796K, paused 2ms, total 2ms
D/dalvikvm( 1778): GC_FOR_ALLOC freed 588K, 23% free 4378K/5652K, paused 2ms, total 2ms
D/dalvikvm( 2153): GC_FOR_ALLOC freed 364K, 11% free 4481K/5032K, paused 2ms, total 2ms
D/dalvikvm( 1778): GC_FOR_ALLOC freed 474K, 22% free 4415K/5652K, paused 2ms, total 2ms
D/dalvikvm( 2153): GC_FOR_ALLOC freed 586K, 15% free 4405K/5180K, paused 2ms, total 2ms
D/dalvikvm( 1778): GC_FOR_ALLOC freed 477K, 22% free 4449K/5652K, paused 2ms, total 2ms
D/dalvikvm( 1778): GC_FOR_ALLOC freed 480K, 21% free 4480K/5652K, paused 2ms, total 2ms
D/AndroidRuntime( 2178): 
D/AndroidRuntime( 2178): >>>>>> AndroidRuntime START com.android.internal.os.RuntimeInit <<<<<<
W/linker  ( 2178): libdvm.so has text relocations. This is wasting memory and is a security risk. Please fix.
D/AndroidRuntime( 2178): CheckJNI is ON
D/dalvikvm( 2178): Trying to load lib libjavacore.so 0x0
D/dalvikvm( 2178): Added shared lib libjavacore.so 0x0
D/dalvikvm( 2178): Trying to load lib libnativehelper.so 0x0
D/dalvikvm( 2178): Added shared lib libnativehelper.so 0x0
D/dalvikvm( 2178): No JNI_OnLoad found in libnativehelper.so 0x0, skipping init
D/dalvikvm( 2153): GC_FOR_ALLOC freed 475K, 15% free 4441K/5180K, paused 2ms, total 2ms
D/dalvikvm( 1778): GC_FOR_ALLOC freed 495K, 21% free 4496K/5652K, paused 2ms, total 2ms
D/dalvikvm( 2153): GC_FOR_ALLOC freed 476K, 14% free 4476K/5180K, paused 2ms, total 2ms
D/dalvikvm( 1778): GC_FOR_ALLOC freed 718K, 30% free 4012K/5652K, paused 3ms, total 3ms
I/dalvikvm-heap( 1778): Grow heap (frag case) to 4.363MB for 281612-byte allocation
D/dalvikvm( 1778): GC_FOR_ALLOC freed 0K, 28% free 4287K/5928K, paused 2ms, total 2ms
D/dalvikvm( 2178): Note: class Landroid/app/ActivityManagerNative; has 179 unimplemented (abstract) methods
D/dalvikvm( 2153): GC_FOR_ALLOC freed 349K, 14% free 4492K/5180K, paused 2ms, total 2ms
D/dalvikvm( 2153): GC_FOR_ALLOC freed 349K, 14% free 4512K/5192K, paused 2ms, total 2ms
E/memtrack( 2178): Couldn't load memtrack module (No such file or directory)
E/android.os.Debug( 2178): failed to load memtrack module: -2
D/dalvikvm( 2153): GC_FOR_ALLOC freed 989K, 23% free 4037K/5212K, paused 3ms, total 3ms
D/dalvikvm( 2153): GC_FOR_ALLOC freed 1K, 23% free 4038K/5212K, paused 4ms, total 4ms
I/dalvikvm-heap( 2153): Grow heap (frag case) to 4.392MB for 281612-byte allocation
D/dalvikvm( 2153): GC_FOR_ALLOC freed 0K, 22% free 4313K/5488K, paused 3ms, total 3ms
D/AndroidRuntime( 2178): Calling main entry com.android.commands.pm.Pm
D/AndroidRuntime( 2178): Shutting down VM
D/jdwp    ( 2178): Got wake-up signal, bailing out of select
D/dalvikvm( 2178): Debugger has detached; object registry had 1 entries
I/AndroidRuntime( 2178): NOTE: attach of thread 'Binder_2' failed
I/ChimeraCfgMgr( 2153): Updating module config: <no config> -> container:2024149000700
E/ConfigFileUtils( 2153): Failed to read config file: /data/data/com.google.android.gms/app_chimera/current_modules_init.pb: open failed: ENOENT (No such file or directory)
I/ChimeraCfgMgr( 1778): Updating module config: <no config> -> container:2024149000700
D/dalvikvm( 1778): DexOpt: couldn't find static field Landroid/os/Build;.SUPPORTED_64_BIT_ABIS
W/dalvikvm( 1778): VFY: unable to resolve static field 1539 (SUPPORTED_64_BIT_ABIS) in Landroid/os/Build;
D/dalvikvm( 1778): VFY: replacing opcode 0x62 at 0x0214
W/ProviderHelper( 1778): Unknown dynamite feature providerinstaller
I/DynamiteModule( 1778): Considering local module providerinstaller:0 and remote module providerinstaller:0
W/ProviderInstaller( 1778): Failed to load providerinstaller module: No acceptable module found. Local version is 0 and remote version is 0.
I/dalvikvm( 1778): Could not find method android.content.ContextWrapper.createCredentialProtectedStorageContext, referenced from method nfr.createCredentialProtectedStorageContext
W/dalvikvm( 1778): VFY: unable to resolve virtual method 2508: Landroid/content/ContextWrapper;.createCredentialProtectedStorageContext ()Landroid/content/Context;
D/dalvikvm( 1778): VFY: replacing opcode 0x6f at 0x0002
I/dalvikvm( 1778): Could not find method android.content.ContextWrapper.createDeviceProtectedStorageContext, referenced from method nfr.createDeviceProtectedStorageContext
W/dalvikvm( 1778): VFY: unable to resolve virtual method 2509: Landroid/content/ContextWrapper;.createDeviceProtectedStorageContext ()Landroid/content/Context;
D/dalvikvm( 1778): VFY: replacing opcode 0x6f at 0x0002
D/dalvikvm( 1778): DexOpt: couldn't find static field Landroid/os/Build;.SUPPORTED_64_BIT_ABIS
W/dalvikvm( 1778): VFY: unable to resolve static field 1539 (SUPPORTED_64_BIT_ABIS) in Landroid/os/Build;
D/dalvikvm( 1778): VFY: replacing opcode 0x62 at 0x0080
D/dalvikvm( 1778): DexOpt: couldn't find static field Landroid/os/Build;.SUPPORTED_ABIS
W/dalvikvm( 1778): VFY: unable to resolve static field 1540 (SUPPORTED_ABIS) in Landroid/os/Build;
D/dalvikvm( 1778): VFY: replacing opcode 0x62 at 0x00d3
D/dalvikvm( 1568): GC_FOR_ALLOC freed 1086K, 53% free 7244K/15268K, paused 7ms, total 8ms
V/NativeCrypto( 1778): Registering com/google/android/gms/org/conscrypt/NativeCrypto's 286 native methods...
W/dalvikvm( 1778): Unable to resolve superclass of Lcom/google/android/gms/org/conscrypt/TrustManagerImpl; (5184)
W/dalvikvm( 1778): Link of class 'Lcom/google/android/gms/org/conscrypt/TrustManagerImpl;' failed
I/dalvikvm( 1778): Could not find method com.google.android.gms.org.conscrypt.TrustManagerImpl.getDefaultHostnameVerifier, referenced from method com.google.android.gms.org.conscrypt.Conscrypt.getDefaultHostnameVerifier
W/dalvikvm( 1778): VFY: unable to resolve static method 17870: Lcom/google/android/gms/org/conscrypt/TrustManagerImpl;.getDefaultHostnameVerifier ()Lcom/google/android/gms/org/conscrypt/ConscryptHostnameVerifier;
D/dalvikvm( 1778): VFY: replacing opcode 0x71 at 0x0003
W/dalvikvm( 1778): Unable to resolve superclass of Lcom/google/android/gms/org/conscrypt/TrustManagerImpl; (5184)
W/dalvikvm( 1778): Link of class 'Lcom/google/android/gms/org/conscrypt/TrustManagerImpl;' failed
W/dalvikvm( 1778): VFY: unable to find class referenced in signature (Lcom/google/android/gms/org/conscrypt/TrustManagerImpl;)
W/dalvikvm( 1778): Unable to resolve superclass of Lcom/google/android/gms/org/conscrypt/TrustManagerImpl; (5184)
W/dalvikvm( 1778): Link of class 'Lcom/google/android/gms/org/conscrypt/TrustManagerImpl;' failed
I/dalvikvm( 1778): Could not find method com.google.android.gms.org.conscrypt.TrustManagerImpl.getHostnameVerifier, referenced from method com.google.android.gms.org.conscrypt.Conscrypt.getHostnameVerifier
W/dalvikvm( 1778): VFY: unable to resolve virtual method 17872: Lcom/google/android/gms/org/conscrypt/TrustManagerImpl;.getHostnameVerifier ()Lcom/google/android/gms/org/conscrypt/ConscryptHostnameVerifier;
D/dalvikvm( 1778): VFY: replacing opcode 0x6e at 0x0004
W/dalvikvm( 1778): Unable to resolve superclass of Lcom/google/android/gms/org/conscrypt/TrustManagerImpl; (5184)
W/dalvikvm( 1778): Link of class 'Lcom/google/android/gms/org/conscrypt/TrustManagerImpl;' failed
E/dalvikvm( 1778): Could not find class 'com.google.android.gms.org.conscrypt.TrustManagerImpl', referenced from method com.google.android.gms.org.conscrypt.Conscrypt.isConscrypt
W/dalvikvm( 1778): VFY: unable to resolve instanceof 4452 (Lcom/google/android/gms/org/conscrypt/TrustManagerImpl;) in Lcom/google/android/gms/org/conscrypt/Conscrypt;
D/dalvikvm( 1778): VFY: replacing opcode 0x20 at 0x0000
W/dalvikvm( 1778): Unable to resolve superclass of Lcom/google/android/gms/org/conscrypt/TrustManagerImpl; (5184)
W/dalvikvm( 1778): Link of class 'Lcom/google/android/gms/org/conscrypt/TrustManagerImpl;' failed
I/dalvikvm( 1778): Could not find method com.google.android.gms.org.conscrypt.TrustManagerImpl.setDefaultHostnameVerifier, referenced from method com.google.android.gms.org.conscrypt.Conscrypt.setDefaultHostnameVerifier
W/dalvikvm( 1778): VFY: unable to resolve static method 17882: Lcom/google/android/gms/org/conscrypt/TrustManagerImpl;.setDefaultHostnameVerifier (Lcom/google/android/gms/org/conscrypt/ConscryptHostnameVerifier;)V
D/dalvikvm( 1778): VFY: replacing opcode 0x71 at 0x0003
W/dalvikvm( 1778): Unable to resolve superclass of Lcom/google/android/gms/org/conscrypt/TrustManagerImpl; (5184)
W/dalvikvm( 1778): Link of class 'Lcom/google/android/gms/org/conscrypt/TrustManagerImpl;' failed
W/dalvikvm( 1778): VFY: unable to find class referenced in signature (Lcom/google/android/gms/org/conscrypt/TrustManagerImpl;)
W/dalvikvm( 1778): Unable to resolve superclass of Lcom/google/android/gms/org/conscrypt/TrustManagerImpl; (5184)
W/dalvikvm( 1778): Link of class 'Lcom/google/android/gms/org/conscrypt/TrustManagerImpl;' failed
I/dalvikvm( 1778): Could not find method com.google.android.gms.org.conscrypt.TrustManagerImpl.setHostnameVerifier, referenced from method com.google.android.gms.org.conscrypt.Conscrypt.setHostnameVerifier
W/dalvikvm( 1778): VFY: unable to resolve virtual method 17883: Lcom/google/android/gms/org/conscrypt/TrustManagerImpl;.setHostnameVerifier (Lcom/google/android/gms/org/conscrypt/ConscryptHostnameVerifier;)V
D/dalvikvm( 1778): VFY: replacing opcode 0x6e at 0x0004
W/dalvikvm( 1778): Unable to resolve superclass of Lcom/google/android/gms/org/conscrypt/TrustManagerImpl; (5184)
W/dalvikvm( 1778): Link of class 'Lcom/google/android/gms/org/conscrypt/TrustManagerImpl;' failed
D/dalvikvm( 1778): GC_FOR_ALLOC freed 1106K, 38% free 3692K/5928K, paused 2ms, total 2ms
E/dalvikvm( 1778): Could not find class 'com.google.android.gms.org.conscrypt.TrustManagerImpl', referenced from method com.google.android.gms.org.conscrypt.Conscrypt.toConscrypt
W/dalvikvm( 1778): VFY: unable to resolve check-cast 4452 (Lcom/google/android/gms/org/conscrypt/TrustManagerImpl;) in Lcom/google/android/gms/org/conscrypt/Conscrypt;
D/dalvikvm( 1778): VFY: replacing opcode 0x1f at 0x002a
D/dalvikvm( 1778): GC_FOR_ALLOC freed 163K, 32% free 4040K/5928K, paused 2ms, total 2ms
D/dalvikvm( 1778): GC_FOR_ALLOC freed 143K, 26% free 4409K/5928K, paused 4ms, total 4ms
I/ChimeraCfgMgr( 2153): Sending com.google.android.chimera.IntentOperation.NEW_MODULE Intents: 1,true,true
D/dalvikvm( 1778): GC_FOR_ALLOC freed 133K, 20% free 4787K/5928K, paused 2ms, total 2ms
I/ChmraDebugLogger( 2153): [46] 
D/dalvikvm( 2153): DexOpt: couldn't find static field Landroid/os/Build;.SUPPORTED_64_BIT_ABIS
W/dalvikvm( 2153): VFY: unable to resolve static field 1539 (SUPPORTED_64_BIT_ABIS) in Landroid/os/Build;
D/dalvikvm( 2153): VFY: replacing opcode 0x62 at 0x0214
W/ProviderHelper( 2153): Unknown dynamite feature providerinstaller
I/DynamiteModule( 2153): Considering local module providerinstaller:0 and remote module providerinstaller:0
W/ProviderInstaller( 2153): Failed to load providerinstaller module: No acceptable module found. Local version is 0 and remote version is 0.
I/dalvikvm( 2153): Could not find method android.content.ContextWrapper.createCredentialProtectedStorageContext, referenced from method nfr.createCredentialProtectedStorageContext
W/dalvikvm( 2153): VFY: unable to resolve virtual method 2508: Landroid/content/ContextWrapper;.createCredentialProtectedStorageContext ()Landroid/content/Context;
D/dalvikvm( 2153): VFY: replacing opcode 0x6f at 0x0002
I/dalvikvm( 2153): Could not find method android.content.ContextWrapper.createDeviceProtectedStorageContext, referenced from method nfr.createDeviceProtectedStorageContext
W/dalvikvm( 2153): VFY: unable to resolve virtual method 2509: Landroid/content/ContextWrapper;.createDeviceProtectedStorageContext ()Landroid/content/Context;
D/dalvikvm( 2153): VFY: replacing opcode 0x6f at 0x0002
D/dalvikvm( 2153): DexOpt: couldn't find static field Landroid/os/Build;.SUPPORTED_64_BIT_ABIS
W/dalvikvm( 2153): VFY: unable to resolve static field 1539 (SUPPORTED_64_BIT_ABIS) in Landroid/os/Build;
D/dalvikvm( 2153): VFY: replacing opcode 0x62 at 0x0080
D/dalvikvm( 2153): DexOpt: couldn't find static field Landroid/os/Build;.SUPPORTED_ABIS
W/dalvikvm( 2153): VFY: unable to resolve static field 1540 (SUPPORTED_ABIS) in Landroid/os/Build;
D/dalvikvm( 2153): VFY: replacing opcode 0x62 at 0x00d3
V/NativeCrypto( 2153): Registering com/google/android/gms/org/conscrypt/NativeCrypto's 286 native methods...
W/dalvikvm( 2153): Unable to resolve superclass of Lcom/google/android/gms/org/conscrypt/TrustManagerImpl; (5184)
W/dalvikvm( 2153): Link of class 'Lcom/google/android/gms/org/conscrypt/TrustManagerImpl;' failed
I/dalvikvm( 2153): Could not find method com.google.android.gms.org.conscrypt.TrustManagerImpl.getDefaultHostnameVerifier, referenced from method com.google.android.gms.org.conscrypt.Conscrypt.getDefaultHostnameVerifier
W/dalvikvm( 2153): VFY: unable to resolve static method 17870: Lcom/google/android/gms/org/conscrypt/TrustManagerImpl;.getDefaultHostnameVerifier ()Lcom/google/android/gms/org/conscrypt/ConscryptHostnameVerifier;
D/dalvikvm( 2153): VFY: replacing opcode 0x71 at 0x0003
D/dalvikvm( 2153): GC_FOR_ALLOC freed 1275K, 36% free 3549K/5488K, paused 3ms, total 3ms
W/dalvikvm( 2153): Unable to resolve superclass of Lcom/google/android/gms/org/conscrypt/TrustManagerImpl; (5184)
W/dalvikvm( 2153): Link of class 'Lcom/google/android/gms/org/conscrypt/TrustManagerImpl;' failed
W/dalvikvm( 2153): VFY: unable to find class referenced in signature (Lcom/google/android/gms/org/conscrypt/TrustManagerImpl;)
W/dalvikvm( 2153): Unable to resolve superclass of Lcom/google/android/gms/org/conscrypt/TrustManagerImpl; (5184)
W/dalvikvm( 2153): Link of class 'Lcom/google/android/gms/org/conscrypt/TrustManagerImpl;' failed
I/dalvikvm( 2153): Could not find method com.google.android.gms.org.conscrypt.TrustManagerImpl.getHostnameVerifier, referenced from method com.google.android.gms.org.conscrypt.Conscrypt.getHostnameVerifier
D/dalvikvm( 1778): GC_FOR_ALLOC freed 183K, 13% free 5204K/5928K, paused 3ms, total 3ms
W/dalvikvm( 2153): VFY: unable to resolve virtual method 17872: Lcom/google/android/gms/org/conscrypt/TrustManagerImpl;.getHostnameVerifier ()Lcom/google/android/gms/org/conscrypt/ConscryptHostnameVerifier;
D/dalvikvm( 2153): VFY: replacing opcode 0x6e at 0x0004
W/dalvikvm( 2153): Unable to resolve superclass of Lcom/google/android/gms/org/conscrypt/TrustManagerImpl; (5184)
W/dalvikvm( 2153): Link of class 'Lcom/google/android/gms/org/conscrypt/TrustManagerImpl;' failed
E/dalvikvm( 2153): Could not find class 'com.google.android.gms.org.conscrypt.TrustManagerImpl', referenced from method com.google.android.gms.org.conscrypt.Conscrypt.isConscrypt
W/dalvikvm( 2153): VFY: unable to resolve instanceof 4452 (Lcom/google/android/gms/org/conscrypt/TrustManagerImpl;) in Lcom/google/android/gms/org/conscrypt/Conscrypt;
E/dalvikvm( 1778): Could not find class 'javax.net.ssl.SNIServerName', referenced from method com.google.android.gms.org.conscrypt.Platform.getSniHostnameFromParams
W/dalvikvm( 1778): VFY: unable to resolve check-cast 5160 (Ljavax/net/ssl/SNIServerName;) in Lcom/google/android/gms/org/conscrypt/Platform;
D/dalvikvm( 1778): VFY: replacing opcode 0x1f at 0x0025
D/dalvikvm( 2153): VFY: replacing opcode 0x20 at 0x0000
E/dalvikvm( 1778): Could not find class 'javax.net.ssl.SNIHostName', referenced from method com.google.android.gms.org.conscrypt.Platform.setParametersSniHostname
W/dalvikvm( 1778): VFY: unable to resolve new-instance 5159 (Ljavax/net/ssl/SNIHostName;) in Lcom/google/android/gms/org/conscrypt/Platform;
D/dalvikvm( 1778): VFY: replacing opcode 0x22 at 0x0024
E/dalvikvm( 1778): Could not find class 'javax.net.ssl.SNIHostName', referenced from method com.google.android.gms.org.conscrypt.Platform.setParametersSniHostname
W/dalvikvm( 1778): VFY: unable to resolve new-instance 5159 (Ljavax/net/ssl/SNIHostName;) in Lcom/google/android/gms/org/conscrypt/Platform;
D/dalvikvm( 1778): VFY: replacing opcode 0x22 at 0x0024
D/dalvikvm( 1778): DexOpt: unable to opt direct call 0x52f9 at 0x2a in Lcom/google/android/gms/org/conscrypt/Platform;.setParametersSniHostname
W/dalvikvm( 2153): Unable to resolve superclass of Lcom/google/android/gms/org/conscrypt/TrustManagerImpl; (5184)
W/dalvikvm( 2153): Link of class 'Lcom/google/android/gms/org/conscrypt/TrustManagerImpl;' failed
I/dalvikvm( 2153): Could not find method com.google.android.gms.org.conscrypt.TrustManagerImpl.setDefaultHostnameVerifier, referenced from method com.google.android.gms.org.conscrypt.Conscrypt.setDefaultHostnameVerifier
D/dalvikvm( 1778): DexOpt: unable to opt direct call 0x52f9 at 0x2a in Lcom/google/android/gms/org/conscrypt/Platform;.setParametersSniHostname
W/dalvikvm( 2153): VFY: unable to resolve static method 17882: Lcom/google/android/gms/org/conscrypt/TrustManagerImpl;.setDefaultHostnameVerifier (Lcom/google/android/gms/org/conscrypt/ConscryptHostnameVerifier;)V
D/dalvikvm( 2153): VFY: replacing opcode 0x71 at 0x0003
W/dalvikvm( 2153): Unable to resolve superclass of Lcom/google/android/gms/org/conscrypt/TrustManagerImpl; (5184)
W/dalvikvm( 2153): Link of class 'Lcom/google/android/gms/org/conscrypt/TrustManagerImpl;' failed
W/dalvikvm( 2153): VFY: unable to find class referenced in signature (Lcom/google/android/gms/org/conscrypt/TrustManagerImpl;)
W/dalvikvm( 2153): Unable to resolve superclass of Lcom/google/android/gms/org/conscrypt/TrustManagerImpl; (5184)
W/dalvikvm( 2153): Link of class 'Lcom/google/android/gms/org/conscrypt/TrustManagerImpl;' failed
I/dalvikvm( 2153): Could not find method com.google.android.gms.org.conscrypt.TrustManagerImpl.setHostnameVerifier, referenced from method com.google.android.gms.org.conscrypt.Conscrypt.setHostnameVerifier
W/dalvikvm( 2153): VFY: unable to resolve virtual method 17883: Lcom/google/android/gms/org/conscrypt/TrustManagerImpl;.setHostnameVerifier (Lcom/google/android/gms/org/conscrypt/ConscryptHostnameVerifier;)V
D/dalvikvm( 2153): VFY: replacing opcode 0x6e at 0x0004
W/dalvikvm( 2153): Unable to resolve superclass of Lcom/google/android/gms/org/conscrypt/TrustManagerImpl; (5184)
W/dalvikvm( 2153): Link of class 'Lcom/google/android/gms/org/conscrypt/TrustManagerImpl;' failed
E/dalvikvm( 2153): Could not find class 'com.google.android.gms.org.conscrypt.TrustManagerImpl', referenced from method com.google.android.gms.org.conscrypt.Conscrypt.toConscrypt
W/dalvikvm( 2153): VFY: unable to resolve check-cast 4452 (Lcom/google/android/gms/org/conscrypt/TrustManagerImpl;) in Lcom/google/android/gms/org/conscrypt/Conscrypt;
D/dalvikvm( 2153): VFY: replacing opcode 0x1f at 0x002a
D/dalvikvm( 2153): GC_FOR_ALLOC freed 384K, 33% free 3677K/5488K, paused 3ms, total 3ms
D/dalvikvm( 2153): GC_FOR_ALLOC freed 141K, 27% free 4048K/5488K, paused 2ms, total 2ms
D/AndroidRuntime( 2189): 
D/AndroidRuntime( 2189): >>>>>> AndroidRuntime START com.android.internal.os.RuntimeInit <<<<<<
D/dalvikvm( 2153): GC_FOR_ALLOC freed 139K, 20% free 4420K/5488K, paused 2ms, total 2ms
D/dalvikvm( 1778): GC_FOR_ALLOC freed 501K, 12% free 5398K/6124K, paused 6ms, total 6ms
I/ProviderInstaller( 1778): Installed default security provider GmsCore_OpenSSL
W/linker  ( 2189): libdvm.so has text relocations. This is wasting memory and is a security risk. Please fix.
D/AndroidRuntime( 2189): CheckJNI is ON
D/dalvikvm( 2189): Trying to load lib libjavacore.so 0x0
D/dalvikvm( 2189): Added shared lib libjavacore.so 0x0
D/dalvikvm( 2189): Trying to load lib libnativehelper.so 0x0
D/dalvikvm( 2189): Added shared lib libnativehelper.so 0x0
D/dalvikvm( 2189): No JNI_OnLoad found in libnativehelper.so 0x0, skipping init
I/Safeboot( 1778): Checking safeboot...
D/dalvikvm( 2153): GC_FOR_ALLOC freed 129K, 13% free 4789K/5488K, paused 3ms, total 3ms
D/dalvikvm( 1794): GC_EXPLICIT freed 457K, 17% free 3193K/3836K, paused 1ms+1ms, total 4ms
I/Safeboot Condition( 1778): No need to enter Safeboot.
E/dalvikvm( 1778): Could not find class 'com.google.common.flogger.backend.google.GooglePlatform', referenced from method beui.a
W/dalvikvm( 1778): VFY: unable to resolve const-class 4605 (Lcom/google/common/flogger/backend/google/GooglePlatform;) in Lbeui;
D/dalvikvm( 1778): VFY: replacing opcode 0x1c at 0x001b
E/dalvikvm( 2153): Could not find class 'javax.net.ssl.SNIServerName', referenced from method com.google.android.gms.org.conscrypt.Platform.getSniHostnameFromParams
W/dalvikvm( 2153): VFY: unable to resolve check-cast 5160 (Ljavax/net/ssl/SNIServerName;) in Lcom/google/android/gms/org/conscrypt/Platform;
D/dalvikvm( 2153): VFY: replacing opcode 0x1f at 0x0025
E/dalvikvm( 2153): Could not find class 'javax.net.ssl.SNIHostName', referenced from method com.google.android.gms.org.conscrypt.Platform.setParametersSniHostname
W/dalvikvm( 2153): VFY: unable to resolve new-instance 5159 (Ljavax/net/ssl/SNIHostName;) in Lcom/google/android/gms/org/conscrypt/Platform;
D/dalvikvm( 2153): VFY: replacing opcode 0x22 at 0x0024
E/dalvikvm( 2153): Could not find class 'javax.net.ssl.SNIHostName', referenced from method com.google.android.gms.org.conscrypt.Platform.setParametersSniHostname
W/dalvikvm( 2153): VFY: unable to resolve new-instance 5159 (Ljavax/net/ssl/SNIHostName;) in Lcom/google/android/gms/org/conscrypt/Platform;
D/dalvikvm( 2153): VFY: replacing opcode 0x22 at 0x0024
D/dalvikvm( 2153): GC_FOR_ALLOC freed 230K, 10% free 5072K/5576K, paused 4ms, total 4ms
D/dalvikvm( 2153): DexOpt: unable to opt direct call 0x52f9 at 0x2a in Lcom/google/android/gms/org/conscrypt/Platform;.setParametersSniHostname
D/dalvikvm( 2153): DexOpt: unable to opt direct call 0x52f9 at 0x2a in Lcom/google/android/gms/org/conscrypt/Platform;.setParametersSniHostname
D/dalvikvm( 2189): Note: class Landroid/app/ActivityManagerNative; has 179 unimplemented (abstract) methods
I/ProviderInstaller( 2153): Installed default security provider GmsCore_OpenSSL
E/memtrack( 2189): Couldn't load memtrack module (No such file or directory)
E/android.os.Debug( 2189): failed to load memtrack module: -2
I/DeviceDrDatabaseHelper( 1778): Creating databases!
I/Safeboot( 2153): Checking safeboot...
I/Safeboot( 2153): Not entering safeboot; wrong process.
I/auxu    ( 1778): Primes not initialized, returning default (no-op) Primes instance which will ignore all calls. Please call Primes.initialize(...) before using any Primes API.
D/dalvikvm( 2153): GC_FOR_ALLOC freed 436K, 12% free 5280K/5956K, paused 4ms, total 4ms
D/AndroidRuntime( 2189): Calling main entry com.android.commands.am.Am
D/dalvikvm( 1778): GC_FOR_ALLOC freed 340K, 9% free 5837K/6384K, paused 6ms, total 6ms
D/AndroidRuntime( 2189): Shutting down VM
I/ActivityManager( 1568): Start proc it.unina.android.ripper_service:android_ripper_service_process for service it.unina.android.ripper_service/.AndroidRipperService: pid=2204 uid=10057 gids={50057, 3003, 1028, 1015}
D/jdwp    ( 2189): Got wake-up signal, bailing out of select
D/dalvikvm( 2189): Debugger has detached; object registry had 1 entries
E/dalvikvm( 2153): Could not find class 'com.google.common.flogger.backend.google.GooglePlatform', referenced from method beui.a
W/dalvikvm( 2153): VFY: unable to resolve const-class 4605 (Lcom/google/common/flogger/backend/google/GooglePlatform;) in Lbeui;
D/dalvikvm( 2153): VFY: replacing opcode 0x1c at 0x001b
I/dalvikvm( 1778): Could not find method android.content.Context.bindService, referenced from method uws.bindService
W/dalvikvm( 1778): VFY: unable to resolve virtual method 2453: Landroid/content/Context;.bindService (Landroid/content/Intent;ILjava/util/concurrent/Executor;Landroid/content/ServiceConnection;)Z
D/dalvikvm( 1778): VFY: replacing opcode 0x6e at 0x0018
I/dalvikvm( 1778): Could not find method android.content.Context.bindService, referenced from method uws.bindService
W/dalvikvm( 1778): VFY: unable to resolve virtual method 2453: Landroid/content/Context;.bindService (Landroid/content/Intent;ILjava/util/concurrent/Executor;Landroid/content/ServiceConnection;)Z
D/dalvikvm( 1778): VFY: replacing opcode 0x6e at 0x0030
I/dalvikvm( 1778): Could not find method android.content.Context.startForegroundService, referenced from method uws.startForegroundService
W/dalvikvm( 1778): VFY: unable to resolve virtual method 2501: Landroid/content/Context;.startForegroundService (Landroid/content/Intent;)Landroid/content/ComponentName;
D/dalvikvm( 1778): VFY: replacing opcode 0x6e at 0x001c
I/dalvikvm( 1778): Could not find method android.content.Context.startForegroundService, referenced from method uws.startForegroundService
W/dalvikvm( 1778): VFY: unable to resolve virtual method 2501: Landroid/content/Context;.startForegroundService (Landroid/content/Intent;)Landroid/content/ComponentName;
D/dalvikvm( 1778): VFY: replacing opcode 0x6e at 0x0028
I/dalvikvm( 1778): Could not find method android.os.PowerManager.isPowerSaveMode, referenced from method uwl.a
W/dalvikvm( 1778): VFY: unable to resolve virtual method 3047: Landroid/os/PowerManager;.isPowerSaveMode ()Z
D/dalvikvm( 1778): VFY: replacing opcode 0x6e at 0x0010
I/dalvikvm( 1778): Could not find method android.os.PowerManager.isPowerSaveMode, referenced from method ayli.c
W/dalvikvm( 1778): VFY: unable to resolve virtual method 1679: Landroid/os/PowerManager;.isPowerSaveMode ()Z
D/dalvikvm( 1778): VFY: replacing opcode 0x6e at 0x000a
E/dalvikvm( 1778): Could not find class 'android.content.RestrictionsManager', referenced from method axpy.a
W/dalvikvm( 1778): VFY: unable to resolve check-cast 215 (Landroid/content/RestrictionsManager;) in Laxpy;
D/dalvikvm( 1778): VFY: replacing opcode 0x1f at 0x009b
I/auxu    ( 2153): Primes not initialized, returning default (no-op) Primes instance which will ignore all calls. Please call Primes.initialize(...) before using any Primes API.
I/dalvikvm( 2153): Could not find method android.content.Context.bindService, referenced from method uws.bindService
W/dalvikvm( 2153): VFY: unable to resolve virtual method 2453: Landroid/content/Context;.bindService (Landroid/content/Intent;ILjava/util/concurrent/Executor;Landroid/content/ServiceConnection;)Z
D/dalvikvm( 2153): VFY: replacing opcode 0x6e at 0x0018
I/dalvikvm( 2153): Could not find method android.content.Context.bindService, referenced from method uws.bindService
W/dalvikvm( 2153): VFY: unable to resolve virtual method 2453: Landroid/content/Context;.bindService (Landroid/content/Intent;ILjava/util/concurrent/Executor;Landroid/content/ServiceConnection;)Z
D/dalvikvm( 2153): VFY: replacing opcode 0x6e at 0x0030
I/dalvikvm( 2153): Could not find method android.content.Context.startForegroundService, referenced from method uws.startForegroundService
W/dalvikvm( 2153): VFY: unable to resolve virtual method 2501: Landroid/content/Context;.startForegroundService (Landroid/content/Intent;)Landroid/content/ComponentName;
D/dalvikvm( 2153): VFY: replacing opcode 0x6e at 0x001c
I/dalvikvm( 2153): Could not find method android.content.Context.startForegroundService, referenced from method uws.startForegroundService
W/dalvikvm( 2153): VFY: unable to resolve virtual method 2501: Landroid/content/Context;.startForegroundService (Landroid/content/Intent;)Landroid/content/ComponentName;
D/dalvikvm( 2153): VFY: replacing opcode 0x6e at 0x0028
I/dalvikvm( 2153): Could not find method android.os.PowerManager.isPowerSaveMode, referenced from method uwl.a
V/AndroidRipperService( 2204): onCreate()
W/dalvikvm( 2153): VFY: unable to resolve virtual method 3047: Landroid/os/PowerManager;.isPowerSaveMode ()Z
D/dalvikvm( 2153): VFY: replacing opcode 0x6e at 0x0010
V/SERVER  ( 2204): Starting ServerSocket on PORT 18888
V/SERVER  ( 2204): Started ServerSocket on PORT 18888
V/SERVER  ( 2204): Ready to accept connections on port: 18888
D/dalvikvm( 1778): GC_FOR_ALLOC freed 603K, 13% free 6111K/6972K, paused 14ms, total 14ms
D/dalvikvm( 1568): GC_FOR_ALLOC freed 1000K, 53% free 7312K/15268K, paused 9ms, total 9ms
D/dalvikvm( 1794): GC_FOR_ALLOC freed 508K, 20% free 3197K/3956K, paused 1ms, total 1ms
D/dalvikvm( 1778): GC_FOR_ALLOC freed 273K, 8% free 6767K/7336K, paused 3ms, total 3ms
D/dalvikvm( 1568): GC_FOR_ALLOC freed 1082K, 53% free 7314K/15268K, paused 7ms, total 7ms
I/NativeLibraryUtils( 1778): Extraction to /data/data/com.google.android.gms/app_extracted_libs/x86/libAppDataSearch.so true
D/dalvikvm( 1778): GC_FOR_ALLOC freed 920K, 15% free 6989K/8208K, paused 5ms, total 5ms
E/StrictMode( 1778): A resource was acquired at attached stack trace but never released. See java.io.Closeable for information on avoiding resource leaks.
E/StrictMode( 1778): java.lang.Throwable: Explicit termination method 'end' not called
E/StrictMode( 1778): 	at dalvik.system.CloseGuard.open(CloseGuard.java:184)
E/StrictMode( 1778): 	at java.util.zip.Inflater.<init>(Inflater.java:82)
E/StrictMode( 1778): 	at java.util.zip.ZipFile.getInputStream(ZipFile.java:310)
E/StrictMode( 1778): 	at npp.d(:com.google.android.gms@202414005@20.24.14 (000700-319035315):36)
E/StrictMode( 1778): 	at mob.run(:com.google.android.gms@202414005@20.24.14 (000700-319035315):0)
E/SQLiteLog( 1778): (1) no such table: Packages
D/dalvikvm( 1568): GC_FOR_ALLOC freed 1083K, 53% free 7314K/15268K, paused 12ms, total 12ms
I/NativeLibraryUtils( 1778): Extraction to /data/data/com.google.android.gms/app_extracted_libs/x86/libWhisper.so true
I/NativeLibraryUtils( 1778): Extraction to /data/data/com.google.android.gms/app_extracted_libs/x86/libconscrypt_gmscore_jni.so true
I/NativeLibraryUtils( 1778): Extraction to /data/data/com.google.android.gms/app_extracted_libs/x86/libgcastv2_base.so true
D/dalvikvm( 2153): GC_FOR_ALLOC freed 537K, 13% free 5482K/6232K, paused 5ms, total 5ms
I/dalvikvm( 1778): Could not find method android.content.ServiceConnection.onNullBinding, referenced from method uxb.onNullBinding
W/dalvikvm( 1778): VFY: unable to resolve interface method 2566: Landroid/content/ServiceConnection;.onNullBinding (Landroid/content/ComponentName;)V
D/dalvikvm( 1778): VFY: replacing opcode 0x72 at 0x000f
D/dalvikvm( 1568): GC_FOR_ALLOC freed 1134K, 53% free 7264K/15268K, paused 8ms, total 8ms
E/ConfigFileUtils( 2153): Failed to read config file: /data/data/com.google.android.gms/app_chimera/current_fileapks.pb: open failed: ENOENT (No such file or directory)
I/GmsModuleFndr( 2153): Beginning GMS chimera module scan
E/ConfigFileUtils( 2153): Failed to read config file: /data/data/com.google.android.gms/app_chimera/current_fileapks.pb: open failed: ENOENT (No such file or directory)
I/ModuleSetMgr( 2153): Computing pending module set with APKs: []
I/ModuleSetMgr( 2153): Pending container module APKs: []
I/ModuleSetMgr( 2153): Pending non-container module APKs: []
E/ConfigFileUtils( 2153): Failed to read config file: /data/data/com.google.android.gms/app_chimera/current_fileapks.pb: open failed: ENOENT (No such file or directory)
I/NativeLibraryUtils( 1778): Extraction to /data/data/com.google.android.gms/app_extracted_libs/x86/libgcastv2_support.so true
E/ConfigFileUtils( 2153): Failed to read config file: /data/data/com.google.android.gms/app_chimera/current_fileapks.pb: open failed: ENOENT (No such file or directory)
I/GmsModuleFndr( 2153): Beginning GMS chimera module scan
I/NativeLibraryUtils( 1778): Extraction to /data/data/com.google.android.gms/app_extracted_libs/x86/libgmscore.so true
E/ConfigFileUtils( 2153): Failed to read config file: /data/data/com.google.android.gms/app_chimera/current_fileapks.pb: open failed: ENOENT (No such file or directory)
I/ModuleSetMgr( 2153): Computing pending module set with APKs: []
I/ModuleSetMgr( 2153): Pending container module APKs: []
I/ModuleSetMgr( 2153): Pending non-container module APKs: []
E/ConfigFileUtils( 2153): Failed to read config file: /data/data/com.google.android.gms/app_chimera/current_fileapks.pb: open failed: ENOENT (No such file or directory)
W/ModuleManager( 1778): Unable to get current module's fulfilled APIs in ModuleManager created with non-module Context
I/NativeLibraryUtils( 1778): Extraction to /data/data/com.google.android.gms/app_extracted_libs/x86/libgoogle-ocrclient-v3.so true
I/dalvikvm( 2153): Could not find method android.accounts.AccountManager.removeAccount, referenced from method ymq.c
W/dalvikvm( 2153): VFY: unable to resolve virtual method 4165: Landroid/accounts/AccountManager;.removeAccount (Landroid/accounts/Account;Landroid/app/Activity;Landroid/accounts/AccountManagerCallback;Landroid/os/Handler;)Landroid/accounts/AccountManagerFuture;
D/dalvikvm( 2153): VFY: replacing opcode 0x6e at 0x0009
I/dalvikvm( 2153): Could not find method android.accounts.AccountManager.removeAccountExplicitly, referenced from method ymq.d
W/dalvikvm( 2153): VFY: unable to resolve virtual method 4166: Landroid/accounts/AccountManager;.removeAccountExplicitly (Landroid/accounts/Account;)Z
D/dalvikvm( 2153): VFY: replacing opcode 0x6e at 0x0008
I/dalvikvm( 1778): Could not find method android.system.Os.statvfs, referenced from method mbx.a
W/dalvikvm( 1778): VFY: unable to resolve static method 5777: Landroid/system/Os;.statvfs (Ljava/lang/String;)Landroid/system/StructStatVfs;
D/dalvikvm( 1778): VFY: replacing opcode 0x71 at 0x0029
D/dalvikvm( 1778): GC_FOR_ALLOC freed 1162K, 17% free 7097K/8504K, paused 9ms, total 9ms
I/dalvikvm( 1778): DexOpt: unable to optimize instance field ref 0x076d at 0x2d in Lmbx;.a
I/NativeLibraryUtils( 1778): Extraction to /data/data/com.google.android.gms/app_extracted_libs/x86/libinertial-anchor-jni.so true
I/NativeLibraryUtils( 1778): Extraction to /data/data/com.google.android.gms/app_extracted_libs/x86/libjgcastservice.so true
E/ConfigFileUtils( 2153): Failed to read config file: /data/data/com.google.android.gms/app_chimera/current_fileapks.pb: open failed: ENOENT (No such file or directory)
I/GmsModuleFndr( 2153): Beginning GMS chimera module scan
E/ConfigFileUtils( 2153): Failed to read config file: /data/data/com.google.android.gms/app_chimera/current_fileapks.pb: open failed: ENOENT (No such file or directory)
I/ModuleSetMgr( 2153): Computing pending module set with APKs: []
I/ModuleSetMgr( 2153): Pending container module APKs: []
I/ModuleSetMgr( 2153): Pending non-container module APKs: []
E/ConfigFileUtils( 2153): Failed to read config file: /data/data/com.google.android.gms/app_chimera/current_fileapks.pb: open failed: ENOENT (No such file or directory)
D/dalvikvm( 2153): GC_FOR_ALLOC freed 741K, 15% free 5560K/6500K, paused 5ms, total 5ms
D/dalvikvm( 1568): GC_FOR_ALLOC freed 1036K, 53% free 7300K/15268K, paused 13ms, total 13ms
D/dalvikvm( 1778): GC_EXPLICIT freed 772K, 16% free 7148K/8504K, paused 0ms+0ms, total 15ms
D/dalvikvm( 1568): GC_FOR_ALLOC freed 1033K, 52% free 7340K/15268K, paused 9ms, total 9ms
I/dalvikvm( 2153): Could not find method android.app.Activity.getMediaController, referenced from method com.google.android.chimera.ActivityBase.getMediaController
W/dalvikvm( 2153): VFY: unable to resolve virtual method 2155: Landroid/app/Activity;.getMediaController ()Landroid/media/session/MediaController;
D/dalvikvm( 2153): VFY: replacing opcode 0x6e at 0x0002
I/dalvikvm( 2153): Could not find method android.app.Activity.getSearchEvent, referenced from method com.google.android.chimera.ActivityBase.getSearchEvent
W/dalvikvm( 2153): VFY: unable to resolve virtual method 2160: Landroid/app/Activity;.getSearchEvent ()Landroid/view/SearchEvent;
D/dalvikvm( 2153): VFY: replacing opcode 0x6e at 0x0002
W/dalvikvm( 2153): VFY: unable to find class referenced in signature (Landroid/app/VoiceInteractor;)
W/dalvikvm( 2153): VFY: unable to find class referenced in signature (Landroid/app/VoiceInteractor;)
W/dalvikvm( 2153): VFY: unable to find class referenced in signature (Landroid/os/PersistableBundle;)
D/dalvikvm( 2153): GC_FOR_ALLOC freed 776K, 15% free 5639K/6604K, paused 9ms, total 9ms
W/dalvikvm( 2153): VFY: unable to find class referenced in signature (Landroid/os/PersistableBundle;)
I/NativeLibraryUtils( 1778): Extraction to /data/data/com.google.android.gms/app_extracted_libs/x86/libjingle_peerconnection_so.so true
W/dalvikvm( 2153): VFY: unable to find class referenced in signature (Landroid/os/PersistableBundle;)
W/dalvikvm( 2153): VFY: unable to find class referenced in signature (Landroid/os/PersistableBundle;)
W/dalvikvm( 2153): VFY: unable to find class referenced in signature (Landroid/app/assist/AssistContent;)
W/dalvikvm( 2153): VFY: unable to find class referenced in signature (Landroid/app/assist/AssistContent;)
W/dalvikvm( 2153): VFY: unable to find class referenced in signature (Landroid/os/PersistableBundle;)
W/dalvikvm( 2153): VFY: unable to find class referenced in signature (Landroid/os/PersistableBundle;)
W/dalvikvm( 2153): VFY: unable to find class referenced in signature (Landroid/os/PersistableBundle;)
W/dalvikvm( 2153): VFY: unable to find class referenced in signature (Landroid/os/PersistableBundle;)
W/dalvikvm( 2153): VFY: unable to find class referenced in signature (Landroid/view/SearchEvent;)
W/dalvikvm( 2153): VFY: unable to find class referenced in signature (Landroid/view/SearchEvent;)
I/dalvikvm( 2153): Could not find method android.app.Activity.requestPermissions, referenced from method com.google.android.chimera.ActivityBase.requestPermissions
W/dalvikvm( 2153): VFY: unable to resolve virtual method 2194: Landroid/app/Activity;.requestPermissions ([Ljava/lang/String;I)V
D/dalvikvm( 2153): VFY: replacing opcode 0x6e at 0x0002
W/dalvikvm( 2153): VFY: unable to find class referenced in signature (Landroid/media/session/MediaController;)
I/dalvikvm( 2153): Could not find method android.app.Activity.setMediaController, referenced from method com.google.android.chimera.ActivityBase.setMediaController
W/dalvikvm( 2153): VFY: unable to resolve virtual method 2205: Landroid/app/Activity;.setMediaController (Landroid/media/session/MediaController;)V
D/dalvikvm( 2153): VFY: replacing opcode 0x6e at 0x0002
I/dalvikvm( 1778): Could not find method android.os.UserHandle.isOwner, referenced from method ahls.a
W/dalvikvm( 1778): VFY: unable to resolve virtual method 29745: Landroid/os/UserHandle;.isOwner ()Z
D/dalvikvm( 1778): VFY: replacing opcode 0x6e at 0x000a
I/NativeLibraryUtils( 1778): Extraction to /data/data/com.google.android.gms/app_extracted_libs/x86/libleveldbjni.so true
E/dalvikvm( 2153): Could not find class 'android.app.ActivityManager$TaskDescription', referenced from method com.google.android.gms.growth.ui.webview.GrowthWebViewChimeraActivity.onCreate
W/dalvikvm( 2153): VFY: unable to resolve new-instance 1205 (Landroid/app/ActivityManager$TaskDescription;) in Lcom/google/android/gms/growth/ui/webview/GrowthWebViewChimeraActivity;
D/dalvikvm( 2153): VFY: replacing opcode 0x22 at 0x00d9
D/dalvikvm( 2153): DexOpt: unable to opt direct call 0x1060 at 0xe6 in Lcom/google/android/gms/growth/ui/webview/GrowthWebViewChimeraActivity;.onCreate
I/NativeLibraryUtils( 1778): Extraction to /data/data/com.google.android.gms/app_extracted_libs/x86/libmatching.so true
D/dalvikvm( 1568): GC_FOR_ALLOC freed 1045K, 52% free 7383K/15268K, paused 20ms, total 20ms
I/NativeLibraryUtils( 1778): Extraction to /data/data/com.google.android.gms/app_extracted_libs/x86/libvcdiffjni.so true
I/NativeLibraryUtils( 1778): Extraction to /data/data/com.google.android.gms/app_extracted_libs/x86/libwearable-selector.so true
I/NearbyDiscovery( 1778): DiscoveryService created [CONTEXT service_id=49 ]
D/dalvikvm( 1568): GC_FOR_ALLOC freed 1075K, 52% free 7410K/15268K, paused 10ms, total 10ms
E/BluetoothAdapter( 1830): Bluetooth binder is null
I/dalvikvm( 2258): CheckJNI enabled: not enabling JNI app bug workarounds.
I/ActivityManager( 1568): Start proc com.android.music for broadcast com.android.music/.MediaButtonIntentReceiver: pid=2258 uid=10036 gids={50036, 3003, 1028, 1015}
