I/GCoreUlr( 1778): Unbound from all signal providers.
I/GCoreUlr( 1778): Stopping handler for UlrDispSvcFast
W/Settings( 1778): Setting airplane_mode_on has moved from android.provider.Settings.System to android.provider.Settings.Global, returning read-only value.
W/Settings( 1778): Setting airplane_mode_on has moved from android.provider.Settings.System to android.provider.Settings.Global, returning read-only value.
D/dalvikvm( 2495): DexOpt: load 12ms, verify+opt 9ms, 522860 bytes
D/dalvikvm( 2153): GC_FOR_ALLOC freed 1250K, 16% free 7924K/9360K, paused 21ms, total 21ms
I/ActivityManager( 1568): Force stopping org.billthefarmer.editor appid=10058 user=-1: update pkg
I/Icing   ( 2153): Version not set, assuming clear data.
I/Icing   ( 2153): Clearing storage
I/Icing   ( 2153): Clearing CorpusMap, ClientRegistry, Setting
D/dalvikvm( 1568): GC_FOR_ALLOC freed 1143K, 50% free 7671K/15268K, paused 7ms, total 7ms
I/dalvikvm( 2153): Could not find method java.util.Locale.forLanguageTag, referenced from method arfv.a
W/dalvikvm( 2153): VFY: unable to resolve static method 57637: Ljava/util/Locale;.forLanguageTag (Ljava/lang/String;)Ljava/util/Locale;
D/dalvikvm( 2153): VFY: replacing opcode 0x71 at 0x0023
I/PackageManager( 1568):   Action: "android.intent.action.SENDTO"
I/PackageManager( 1568):   Category: "android.intent.category.DEFAULT"
I/PackageManager( 1568):   Scheme: "sms"
I/PackageManager( 1568): Adding preferred activity ComponentInfo{com.android.mms/com.android.mms.ui.ComposeMessageActivity} for user 0 :
I/constellation( 2153): [periodic_consent_checker] periodic consent checker is disabled.
I/PackageManager( 1568):   Action: "android.intent.action.SENDTO"
I/PackageManager( 1568):   Category: "android.intent.category.DEFAULT"
I/PackageManager( 1568):   Scheme: "smsto"
I/PackageManager( 1568): Adding preferred activity ComponentInfo{com.android.mms/com.android.mms.ui.ComposeMessageActivity} for user 0 :
D/dalvikvm( 1816): GC_FOR_ALLOC freed 429K, 17% free 3609K/4348K, paused 2ms, total 2ms
I/PackageManager( 1568):   Action: "android.intent.action.SENDTO"
I/PackageManager( 1568):   Category: "android.intent.category.DEFAULT"
I/PackageManager( 1568):   Scheme: "mms"
I/PackageManager( 1568): Adding preferred activity ComponentInfo{com.android.mms/com.android.mms.ui.ComposeMessageActivity} for user 0 :
D/dalvikvm( 1794): GC_EXPLICIT freed 144K, 30% free 5398K/7636K, paused 7ms+8ms, total 19ms
I/InputReader( 1568): Reconfiguring input devices.  changes=0x00000010
I/PackageManager( 1568):   Action: "android.intent.action.SENDTO"
I/PackageManager( 1568):   Category: "android.intent.category.DEFAULT"
I/PackageManager( 1568): Adding preferred activity ComponentInfo{com.android.mms/com.android.mms.ui.ComposeMessageActivity} for user 0 :
I/PackageManager( 1568):   Scheme: "mmsto"
I/PackageManager( 1568):   Action: "android.intent.action.SENDTO"
I/PackageManager( 1568):   Category: "android.intent.category.DEFAULT"
I/PackageManager( 1568):   Scheme: "sms"
D/BackupManagerService( 1568): Received broadcast Intent { act=android.intent.action.PACKAGE_ADDED dat=package:org.billthefarmer.editor flg=0x4000010 (has extras) }
I/PackageManager( 1568): Adding preferred activity ComponentInfo{com.android.mms/com.android.mms.ui.ComposeMessageActivity} for user 0 :
I/PackageManager( 1568):   Action: "android.intent.action.SENDTO"
I/PackageManager( 1568):   Category: "android.intent.category.DEFAULT"
I/PackageManager( 1568):   Scheme: "smsto"
V/BackupManagerService( 1568): addPackageParticipantsLocked: #1
I/PackageManager( 1568): Adding preferred activity ComponentInfo{com.android.mms/com.android.mms.ui.ComposeMessageActivity} for user 0 :
I/dalvikvm( 2153): Could not find method android.telephony.SubscriptionManager.from, referenced from method arew.a
W/dalvikvm( 2153): VFY: unable to resolve static method 1982: Landroid/telephony/SubscriptionManager;.from (Landroid/content/Context;)Landroid/telephony/SubscriptionManager;
D/dalvikvm( 2153): VFY: replacing opcode 0x71 at 0x006c
D/dalvikvm( 1568): GC_EXPLICIT freed 1196K, 50% free 7650K/15268K, paused 1ms+3ms, total 106ms
D/dalvikvm( 1568): WAIT_FOR_CONCURRENT_GC blocked 21ms
D/dalvikvm( 1568): WAIT_FOR_CONCURRENT_GC blocked 20ms
D/dalvikvm( 1568): WAIT_FOR_CONCURRENT_GC blocked 20ms
D/dalvikvm( 1568): WAIT_FOR_CONCURRENT_GC blocked 9ms
D/dalvikvm( 1816): GC_FOR_ALLOC freed 362K, 17% free 3648K/4348K, paused 1ms, total 1ms
I/PackageManager( 1568):   Action: "android.intent.action.SENDTO"
I/PackageManager( 1568):   Category: "android.intent.category.DEFAULT"
I/PackageManager( 1568):   Scheme: "mms"
I/PackageManager( 1568): Adding preferred activity ComponentInfo{com.android.mms/com.android.mms.ui.ComposeMessageActivity} for user 0 :
D/AndroidRuntime( 2456): Shutting down VM
D/jdwp    ( 2456): Got wake-up signal, bailing out of select
D/dalvikvm( 2456): Debugger has detached; object registry had 1 entries
I/PackageManager( 1568):   Action: "android.intent.action.SENDTO"
I/PackageManager( 1568):   Category: "android.intent.category.DEFAULT"
I/PackageManager( 1568):   Scheme: "mmsto"
I/PackageManager( 1568): Adding preferred activity ComponentInfo{com.android.mms/com.android.mms.ui.ComposeMessageActivity} for user 0 :
D/        ( 2153): HostConnection::get() New Host Connection established 0xb84209c0, tid 2399
D/dalvikvm( 1778): GC_EXPLICIT freed 1370K, 17% free 8348K/9968K, paused 7ms+2ms, total 29ms
D/dalvikvm( 1778): WAIT_FOR_CONCURRENT_GC blocked 22ms
D/dalvikvm( 1778): WAIT_FOR_CONCURRENT_GC blocked 16ms
D/EGL_emulation( 2153): eglCreateContext: 0xb8421850: maj 1 min 0 rcv 1
I/NearbySharing( 2153): Runtime state initialization complete. Sharing is disabled. [CONTEXT service_id=194 ]
D/EGL_emulation( 2153): eglMakeCurrent: 0xb8421850: ver 1 0
E/GCM     ( 1778): Missing checkin config file
W/GCM     ( 1778): GCM FAILED TO INITIALIZE - missing checkin
I/FusedLocation( 1568): engine stopped (com.android.location.fused)
D/EGL_emulation( 1940): eglMakeCurrent: 0xb81e4780: ver 3 0
D/EGL_emulation( 2153): eglCreateContext: 0xb842b1a0: maj 3 min 0 rcv 3
E/GCM     ( 1778): Missing checkin config file
W/GCM     ( 1778): GCM FAILED TO INITIALIZE - missing checkin
D/EGL_emulation( 2153): eglMakeCurrent: 0xb842b1a0: ver 3 0
E/eglCodecCommon( 2153): glUtilsParamSize: unknow param 0x00008cdf
E/eglCodecCommon( 2153): glUtilsParamSize: unknow param 0x00008824
E/WakeLock( 1778): GCM_HB_ALARM release without a matched acquire!
W/WakeLock( 1778): GCM_HB_ALARM counter does not exist
I/ActivityManager( 1568): Start proc com.google.android.gms.unstable for service com.google.android.gms/.droidguard.DroidGuardService: pid=2508 uid=10007 gids={50007, 3003, 1007, 1028, 1015, 3002, 3001, 3007, 2001, 3006}
W/dalvikvm( 2508): VFY: unable to resolve static field 1608 (PR_SET_DUMPABLE) in Landroid/system/OsConstants;
D/dalvikvm( 2508): VFY: replacing opcode 0x60 at 0x0017
W/dalvikvm( 2508): VFY: unable to find class referenced in signature (Lyqx;)
W/dalvikvm( 2508): VFY: unable to find class referenced in signature (Lyro;)
D/EGL_emulation( 1940): eglMakeCurrent: 0xb81e4780: ver 3 0
I/Icing   ( 2153): updateResources: need to parse wwx{com.google.android.gms}
I/dalvikvm( 2508): Could not find method android.system.Os.readlink, referenced from method msk.a
W/dalvikvm( 2508): VFY: unable to resolve static method 3145: Landroid/system/Os;.readlink (Ljava/lang/String;)Ljava/lang/String;
D/dalvikvm( 2508): VFY: replacing opcode 0x71 at 0x00b0
I/dalvikvm( 2508): Could not find method android.os.PowerManager.isInteractive, referenced from method ndc.a
W/dalvikvm( 2508): VFY: unable to resolve virtual method 3046: Landroid/os/PowerManager;.isInteractive ()Z
D/dalvikvm( 2508): VFY: replacing opcode 0x6e at 0x0013
I/dalvikvm( 2508): Could not find method com.google.android.chimera.ModuleContext.getAttributionTag, referenced from method com.google.android.chimera.ModuleContext.createAttributionContext
W/dalvikvm( 2508): VFY: unable to resolve virtual method 14170: Lcom/google/android/chimera/ModuleContext;.getAttributionTag ()Ljava/lang/String;
D/dalvikvm( 2508): VFY: replacing opcode 0x6e at 0x0004
I/dalvikvm( 2508): Could not find method com.google.android.chimera.ContextThemeWrapper.createAttributionContext, referenced from method com.google.android.chimera.ModuleContext.createAttributionContext
W/dalvikvm( 2508): VFY: unable to resolve virtual method 13785: Lcom/google/android/chimera/ContextThemeWrapper;.createAttributionContext (Ljava/lang/String;)Landroid/content/Context;
D/dalvikvm( 2508): VFY: replacing opcode 0x6f at 0x0035
I/dalvikvm( 2508): Could not find method android.content.ContextWrapper.createCredentialProtectedStorageContext, referenced from method com.google.android.chimera.ModuleContext.createCredentialProtectedStorageContext
W/dalvikvm( 2508): VFY: unable to resolve virtual method 2508: Landroid/content/ContextWrapper;.createCredentialProtectedStorageContext ()Landroid/content/Context;
D/dalvikvm( 2508): VFY: replacing opcode 0x6f at 0x0002
I/dalvikvm( 2508): Could not find method android.content.ContextWrapper.createDeviceProtectedStorageContext, referenced from method com.google.android.chimera.ModuleContext.createDeviceProtectedStorageContext
W/dalvikvm( 2508): VFY: unable to resolve virtual method 2509: Landroid/content/ContextWrapper;.createDeviceProtectedStorageContext ()Landroid/content/Context;
D/dalvikvm( 2508): VFY: replacing opcode 0x6f at 0x0002
I/dalvikvm( 2508): Could not find method com.google.android.chimera.ContextThemeWrapper.sendBroadcastWithMultiplePermissions, referenced from method com.google.android.chimera.ModuleContext.sendBroadcastWithMultiplePermissions
W/dalvikvm( 2508): VFY: unable to resolve virtual method 13795: Lcom/google/android/chimera/ContextThemeWrapper;.sendBroadcastWithMultiplePermissions (Landroid/content/Intent;[Ljava/lang/String;)V
D/dalvikvm( 2508): VFY: replacing opcode 0x6f at 0x0009
I/MultiDex( 2508): VM with version 1.6.0 does not have multidex support
I/MultiDex( 2508): Installing application
I/MultiDex( 2508): MultiDexExtractor(/system/priv-app/PrebuiltGmsCore.apk, /data/data/com.google.android.gms/code_cache/secondary-dexes)
I/MultiDex( 2508): Blocking on lock /data/data/com.google.android.gms/code_cache/secondary-dexes/MultiDex.lock
I/MultiDex( 2508): /data/data/com.google.android.gms/code_cache/secondary-dexes/MultiDex.lock locked
I/MultiDex( 2508): MultiDexExtractor.load(/system/priv-app/PrebuiltGmsCore.apk, false, )
I/MultiDex( 2508): loading existing secondary dex files
I/MultiDex( 2508): load found 5 secondary dex files
I/MultiDex( 2508): install done
I/dalvikvm( 2508): Could not find method android.os.UserHandle.isOwner, referenced from method nmy.f
W/dalvikvm( 2508): VFY: unable to resolve virtual method 3081: Landroid/os/UserHandle;.isOwner ()Z
D/dalvikvm( 2508): VFY: replacing opcode 0x6e at 0x000a
D/dalvikvm( 2508): GC_FOR_ALLOC freed 384K, 16% free 3118K/3688K, paused 2ms, total 2ms
I/dalvikvm( 2508): Could not find method android.content.pm.PackageManager.getPackageInstaller, referenced from method men.a
W/dalvikvm( 2508): VFY: unable to resolve virtual method 2608: Landroid/content/pm/PackageManager;.getPackageInstaller ()Landroid/content/pm/PackageInstaller;
D/dalvikvm( 2508): VFY: replacing opcode 0x6e at 0x001c
W/DynamiteModule( 2508): Local module descriptor class for providerinstaller not found.
I/dalvikvm( 2508): Could not find method android.system.Os.readlink, referenced from method bse.a
W/dalvikvm( 2508): VFY: unable to resolve static method 3145: Landroid/system/Os;.readlink (Ljava/lang/String;)Ljava/lang/String;
D/dalvikvm( 2508): VFY: replacing opcode 0x71 at 0x0044
I/dalvikvm( 2508): Could not find method android.system.Os.symlink, referenced from method bse.a
W/dalvikvm( 2508): VFY: unable to resolve static method 3147: Landroid/system/Os;.symlink (Ljava/lang/String;Ljava/lang/String;)V
D/dalvikvm( 2508): VFY: replacing opcode 0x71 at 0x00b0
I/dalvikvm( 2508): Could not find method android.system.Os.stat, referenced from method bse.a
W/dalvikvm( 2508): VFY: unable to resolve static method 3146: Landroid/system/Os;.stat (Ljava/lang/String;)Landroid/system/StructStat;
D/dalvikvm( 2508): VFY: replacing opcode 0x71 at 0x0005
W/dalvikvm( 2508): VFY: unable to resolve static field 1615 (S_IXUSR) in Landroid/system/OsConstants;
D/dalvikvm( 2508): VFY: replacing opcode 0x60 at 0x0007
I/dalvikvm( 2508): Could not find method android.system.Os.stat, referenced from method bse.b
W/dalvikvm( 2508): VFY: unable to resolve static method 3146: Landroid/system/Os;.stat (Ljava/lang/String;)Landroid/system/StructStat;
D/dalvikvm( 2508): VFY: replacing opcode 0x71 at 0x0040
W/dalvikvm( 2508): VFY: unable to resolve static field 1612 (S_IRUSR) in Landroid/system/OsConstants;
D/dalvikvm( 2508): VFY: replacing opcode 0x60 at 0x0007
D/dalvikvm( 2508): DexOpt: couldn't find static field Landroid/os/Build;.SUPPORTED_64_BIT_ABIS
W/dalvikvm( 2508): VFY: unable to resolve static field 1539 (SUPPORTED_64_BIT_ABIS) in Landroid/os/Build;
D/dalvikvm( 2508): VFY: replacing opcode 0x62 at 0x0214
W/ProviderHelper( 2508): Unknown dynamite feature providerinstaller
I/DynamiteModule( 2508): Considering local module providerinstaller:0 and remote module providerinstaller:0
W/ProviderInstaller( 2508): Failed to load providerinstaller module: No acceptable module found. Local version is 0 and remote version is 0.
I/dalvikvm( 2508): Could not find method android.content.ContextWrapper.createCredentialProtectedStorageContext, referenced from method nfr.createCredentialProtectedStorageContext
W/dalvikvm( 2508): VFY: unable to resolve virtual method 2508: Landroid/content/ContextWrapper;.createCredentialProtectedStorageContext ()Landroid/content/Context;
D/dalvikvm( 2508): VFY: replacing opcode 0x6f at 0x0002
I/dalvikvm( 2508): Could not find method android.content.ContextWrapper.createDeviceProtectedStorageContext, referenced from method nfr.createDeviceProtectedStorageContext
W/dalvikvm( 2508): VFY: unable to resolve virtual method 2509: Landroid/content/ContextWrapper;.createDeviceProtectedStorageContext ()Landroid/content/Context;
D/dalvikvm( 2508): VFY: replacing opcode 0x6f at 0x0002
D/dalvikvm( 2508): DexOpt: couldn't find static field Landroid/os/Build;.SUPPORTED_64_BIT_ABIS
W/dalvikvm( 2508): VFY: unable to resolve static field 1539 (SUPPORTED_64_BIT_ABIS) in Landroid/os/Build;
D/dalvikvm( 2508): VFY: replacing opcode 0x62 at 0x0080
D/dalvikvm( 2508): DexOpt: couldn't find static field Landroid/os/Build;.SUPPORTED_ABIS
W/dalvikvm( 2508): VFY: unable to resolve static field 1540 (SUPPORTED_ABIS) in Landroid/os/Build;
D/dalvikvm( 2508): VFY: replacing opcode 0x62 at 0x00d3
V/NativeCrypto( 2508): Registering com/google/android/gms/org/conscrypt/NativeCrypto's 286 native methods...
W/dalvikvm( 2508): Unable to resolve superclass of Lcom/google/android/gms/org/conscrypt/TrustManagerImpl; (5184)
W/dalvikvm( 2508): Link of class 'Lcom/google/android/gms/org/conscrypt/TrustManagerImpl;' failed
I/dalvikvm( 2508): Could not find method com.google.android.gms.org.conscrypt.TrustManagerImpl.getDefaultHostnameVerifier, referenced from method com.google.android.gms.org.conscrypt.Conscrypt.getDefaultHostnameVerifier
W/dalvikvm( 2508): VFY: unable to resolve static method 17870: Lcom/google/android/gms/org/conscrypt/TrustManagerImpl;.getDefaultHostnameVerifier ()Lcom/google/android/gms/org/conscrypt/ConscryptHostnameVerifier;
D/dalvikvm( 2508): VFY: replacing opcode 0x71 at 0x0003
W/dalvikvm( 2508): Unable to resolve superclass of Lcom/google/android/gms/org/conscrypt/TrustManagerImpl; (5184)
W/dalvikvm( 2508): Link of class 'Lcom/google/android/gms/org/conscrypt/TrustManagerImpl;' failed
W/dalvikvm( 2508): VFY: unable to find class referenced in signature (Lcom/google/android/gms/org/conscrypt/TrustManagerImpl;)
W/dalvikvm( 2508): Unable to resolve superclass of Lcom/google/android/gms/org/conscrypt/TrustManagerImpl; (5184)
W/dalvikvm( 2508): Link of class 'Lcom/google/android/gms/org/conscrypt/TrustManagerImpl;' failed
I/dalvikvm( 2508): Could not find method com.google.android.gms.org.conscrypt.TrustManagerImpl.getHostnameVerifier, referenced from method com.google.android.gms.org.conscrypt.Conscrypt.getHostnameVerifier
W/dalvikvm( 2508): VFY: unable to resolve virtual method 17872: Lcom/google/android/gms/org/conscrypt/TrustManagerImpl;.getHostnameVerifier ()Lcom/google/android/gms/org/conscrypt/ConscryptHostnameVerifier;
D/dalvikvm( 2508): VFY: replacing opcode 0x6e at 0x0004
W/dalvikvm( 2508): Unable to resolve superclass of Lcom/google/android/gms/org/conscrypt/TrustManagerImpl; (5184)
W/dalvikvm( 2508): Link of class 'Lcom/google/android/gms/org/conscrypt/TrustManagerImpl;' failed
E/dalvikvm( 2508): Could not find class 'com.google.android.gms.org.conscrypt.TrustManagerImpl', referenced from method com.google.android.gms.org.conscrypt.Conscrypt.isConscrypt
W/dalvikvm( 2508): VFY: unable to resolve instanceof 4452 (Lcom/google/android/gms/org/conscrypt/TrustManagerImpl;) in Lcom/google/android/gms/org/conscrypt/Conscrypt;
D/dalvikvm( 2508): VFY: replacing opcode 0x20 at 0x0000
D/dalvikvm( 2508): GC_FOR_ALLOC freed 476K, 18% free 3154K/3816K, paused 2ms, total 2ms
W/dalvikvm( 2508): Unable to resolve superclass of Lcom/google/android/gms/org/conscrypt/TrustManagerImpl; (5184)
W/dalvikvm( 2508): Link of class 'Lcom/google/android/gms/org/conscrypt/TrustManagerImpl;' failed
I/dalvikvm( 2508): Could not find method com.google.android.gms.org.conscrypt.TrustManagerImpl.setDefaultHostnameVerifier, referenced from method com.google.android.gms.org.conscrypt.Conscrypt.setDefaultHostnameVerifier
W/dalvikvm( 2508): VFY: unable to resolve static method 17882: Lcom/google/android/gms/org/conscrypt/TrustManagerImpl;.setDefaultHostnameVerifier (Lcom/google/android/gms/org/conscrypt/ConscryptHostnameVerifier;)V
D/dalvikvm( 2508): VFY: replacing opcode 0x71 at 0x0003
W/dalvikvm( 2508): Unable to resolve superclass of Lcom/google/android/gms/org/conscrypt/TrustManagerImpl; (5184)
W/dalvikvm( 2508): Link of class 'Lcom/google/android/gms/org/conscrypt/TrustManagerImpl;' failed
W/dalvikvm( 2508): VFY: unable to find class referenced in signature (Lcom/google/android/gms/org/conscrypt/TrustManagerImpl;)
W/dalvikvm( 2508): Unable to resolve superclass of Lcom/google/android/gms/org/conscrypt/TrustManagerImpl; (5184)
W/dalvikvm( 2508): Link of class 'Lcom/google/android/gms/org/conscrypt/TrustManagerImpl;' failed
I/dalvikvm( 2508): Could not find method com.google.android.gms.org.conscrypt.TrustManagerImpl.setHostnameVerifier, referenced from method com.google.android.gms.org.conscrypt.Conscrypt.setHostnameVerifier
W/dalvikvm( 2508): VFY: unable to resolve virtual method 17883: Lcom/google/android/gms/org/conscrypt/TrustManagerImpl;.setHostnameVerifier (Lcom/google/android/gms/org/conscrypt/ConscryptHostnameVerifier;)V
D/dalvikvm( 2508): VFY: replacing opcode 0x6e at 0x0004
W/dalvikvm( 2508): Unable to resolve superclass of Lcom/google/android/gms/org/conscrypt/TrustManagerImpl; (5184)
W/dalvikvm( 2508): Link of class 'Lcom/google/android/gms/org/conscrypt/TrustManagerImpl;' failed
E/dalvikvm( 2508): Could not find class 'com.google.android.gms.org.conscrypt.TrustManagerImpl', referenced from method com.google.android.gms.org.conscrypt.Conscrypt.toConscrypt
W/dalvikvm( 2508): VFY: unable to resolve check-cast 4452 (Lcom/google/android/gms/org/conscrypt/TrustManagerImpl;) in Lcom/google/android/gms/org/conscrypt/Conscrypt;
D/dalvikvm( 2508): VFY: replacing opcode 0x1f at 0x002a
D/dalvikvm( 2508): GC_FOR_ALLOC freed 277K, 13% free 3377K/3844K, paused 1ms, total 1ms
D/AndroidRuntime( 2528): 
D/AndroidRuntime( 2528): >>>>>> AndroidRuntime START com.android.internal.os.RuntimeInit <<<<<<
W/linker  ( 2528): libdvm.so has text relocations. This is wasting memory and is a security risk. Please fix.
D/AndroidRuntime( 2528): CheckJNI is ON
D/dalvikvm( 2528): Trying to load lib libjavacore.so 0x0
D/dalvikvm( 2528): Added shared lib libjavacore.so 0x0
D/dalvikvm( 2528): Trying to load lib libnativehelper.so 0x0
D/dalvikvm( 2528): Added shared lib libnativehelper.so 0x0
D/dalvikvm( 2528): No JNI_OnLoad found in libnativehelper.so 0x0, skipping init
D/dalvikvm( 2508): GC_FOR_ALLOC freed 134K, 9% free 3740K/4076K, paused 2ms, total 2ms
D/dalvikvm( 2528): Note: class Landroid/app/ActivityManagerNative; has 179 unimplemented (abstract) methods
D/dalvikvm( 2508): GC_FOR_ALLOC freed 130K, 8% free 4088K/4440K, paused 9ms, total 9ms
D/dalvikvm( 2508): GC_FOR_ALLOC freed 105K, 8% free 4387K/4732K, paused 4ms, total 4ms
E/memtrack( 2528): Couldn't load memtrack module (No such file or directory)
E/android.os.Debug( 2528): failed to load memtrack module: -2
W/DynamiteModule( 2153): Local module descriptor class for providerinstaller not found.
D/dalvikvm( 2508): GC_FOR_ALLOC freed 156K, 9% free 4667K/5084K, paused 3ms, total 3ms
W/ProviderHelper( 2153): Unknown dynamite feature providerinstaller
E/dalvikvm( 2508): Could not find class 'javax.net.ssl.SNIServerName', referenced from method com.google.android.gms.org.conscrypt.Platform.getSniHostnameFromParams
W/dalvikvm( 2508): VFY: unable to resolve check-cast 5160 (Ljavax/net/ssl/SNIServerName;) in Lcom/google/android/gms/org/conscrypt/Platform;
D/dalvikvm( 2508): VFY: replacing opcode 0x1f at 0x0025
E/dalvikvm( 2508): Could not find class 'javax.net.ssl.SNIHostName', referenced from method com.google.android.gms.org.conscrypt.Platform.setParametersSniHostname
W/dalvikvm( 2508): VFY: unable to resolve new-instance 5159 (Ljavax/net/ssl/SNIHostName;) in Lcom/google/android/gms/org/conscrypt/Platform;
D/dalvikvm( 2508): VFY: replacing opcode 0x22 at 0x0024
I/DynamiteModule( 2153): Considering local module providerinstaller:0 and remote module providerinstaller:0
E/dalvikvm( 2508): Could not find class 'javax.net.ssl.SNIHostName', referenced from method com.google.android.gms.org.conscrypt.Platform.setParametersSniHostname
W/dalvikvm( 2508): VFY: unable to resolve new-instance 5159 (Ljavax/net/ssl/SNIHostName;) in Lcom/google/android/gms/org/conscrypt/Platform;
D/dalvikvm( 2508): VFY: replacing opcode 0x22 at 0x0024
D/dalvikvm( 2508): DexOpt: unable to opt direct call 0x52f9 at 0x2a in Lcom/google/android/gms/org/conscrypt/Platform;.setParametersSniHostname
D/dalvikvm( 2508): DexOpt: unable to opt direct call 0x52f9 at 0x2a in Lcom/google/android/gms/org/conscrypt/Platform;.setParametersSniHostname
W/ProviderInstaller( 2153): Failed to load providerinstaller module: No acceptable module found. Local version is 0 and remote version is 0.
D/AndroidRuntime( 2528): Calling main entry com.android.commands.pm.Pm
D/dalvikvm( 2508): GC_FOR_ALLOC freed 305K, 11% free 4862K/5416K, paused 3ms, total 3ms
W/ActivityManager( 1568): No content provider found for permission revoke: file:///sdcard/ripper.apk
W/ActivityManager( 1568): No content provider found for permission revoke: file:///sdcard/ripper.apk
I/PackageManager( 1568): Copying native libraries to /data/app-lib/vmdl726779085
I/PackageParser( 1568): it.unina.android.ripper: compat added android.permission.WRITE_EXTERNAL_STORAGE android.permission.READ_PHONE_STATE
D/dalvikvm( 2153): GC_FOR_ALLOC freed 1298K, 16% free 8236K/9724K, paused 21ms, total 21ms
I/ProviderInstaller( 2508): Installed default security provider GmsCore_OpenSSL
I/Safeboot( 2508): Checking safeboot...
I/Safeboot( 2508): Not entering safeboot; wrong process.
E/dalvikvm( 2508): Could not find class 'com.google.common.flogger.backend.google.GooglePlatform', referenced from method beui.a
W/dalvikvm( 2508): VFY: unable to resolve const-class 4605 (Lcom/google/common/flogger/backend/google/GooglePlatform;) in Lbeui;
D/dalvikvm( 2508): VFY: replacing opcode 0x1c at 0x001b
D/dalvikvm( 2153): GC_FOR_ALLOC freed 55K, 16% free 8278K/9792K, paused 14ms, total 14ms
I/dalvikvm-heap( 2153): Grow heap (frag case) to 9.264MB for 1048588-byte allocation
I/PackageManager( 1568): Running dexopt on: it.unina.android.ripper
W/linker  ( 2542): libdvm.so has text relocations. This is wasting memory and is a security risk. Please fix.
D/dalvikvm( 2153): GC_FOR_ALLOC freed <1K, 15% free 9302K/10820K, paused 11ms, total 11ms
D/dalvikvm( 2508): DexOpt: couldn't find field Landroid/content/pm/ApplicationInfo;.splitSourceDirs
W/dalvikvm( 2508): VFY: unable to resolve instance field 1475
D/dalvikvm( 2508): VFY: replacing opcode 0x54 at 0x0055
D/dalvikvm( 2508): DexOpt: couldn't find static field Landroid/os/Build;.SUPPORTED_ABIS
W/dalvikvm( 2508): VFY: unable to resolve static field 1540 (SUPPORTED_ABIS) in Landroid/os/Build;
D/dalvikvm( 2508): VFY: replacing opcode 0x62 at 0x00d1
E/StrictMode( 2153): Finalizing a Cursor that has not been deactivated or closed. database = /data/data/com.google.android.gms/databases/matchstickv9.db, table = sharedPreference, query = SELECT * FROM sharedPreference WHERE key = ?
E/StrictMode( 2153): android.database.sqlite.DatabaseObjectNotClosedException: Application did not close the cursor or database object that was opened here
E/StrictMode( 2153): 	at android.database.sqlite.SQLiteCursor.<init>(SQLiteCursor.java:98)
E/StrictMode( 2153): 	at android.database.sqlite.SQLiteDirectCursorDriver.query(SQLiteDirectCursorDriver.java:50)
E/StrictMode( 2153): 	at android.database.sqlite.SQLiteDatabase.rawQueryWithFactory(SQLiteDatabase.java:1314)
E/StrictMode( 2153): 	at android.database.sqlite.SQLiteDatabase.queryWithFactory(SQLiteDatabase.java:1161)
E/StrictMode( 2153): 	at android.database.sqlite.SQLiteDatabase.query(SQLiteDatabase.java:1032)
E/StrictMode( 2153): 	at android.database.sqlite.SQLiteDatabase.query(SQLiteDatabase.java:1200)
E/StrictMode( 2153): 	at aqsg.a(:com.google.android.gms@202414005@20.24.14 (000700-319035315):7)
E/StrictMode( 2153): 	at aqsv.K(:com.google.android.gms@202414005@20.24.14 (000700-319035315):4)
E/StrictMode( 2153): 	at com.google.android.gms.matchstick.intent.MatchstickIntentHandler$OnModuleInitOperation.a(:com.google.android.gms@202414005@20.24.14 (000700-319035315):14)
E/StrictMode( 2153): 	at ljt.onHandleIntent(:com.google.android.gms@202414005@20.24.14 (000700-319035315):7)
E/StrictMode( 2153): 	at com.google.android.chimera.IntentOperation.onHandleIntent(:com.google.android.gms@202414005@20.24.14 (000700-319035315):2)
E/StrictMode( 2153): 	at ljm.onHandleIntent(:com.google.android.gms@202414005@20.24.14 (000700-319035315):4)
E/StrictMode( 2153): 	at bsh.run(:com.google.android.gms@202414005@20.24.14 (000700-319035315):5)
E/StrictMode( 2153): 	at bsg.run(:com.google.android.gms@202414005@20.24.14 (000700-319035315):10)
E/StrictMode( 2153): 	at java.util.concurrent.ThreadPoolExecutor.runWorker(ThreadPoolExecutor.java:1112)
E/StrictMode( 2153): 	at java.util.concurrent.ThreadPoolExecutor$Worker.run(ThreadPoolExecutor.java:587)
E/StrictMode( 2153): 	at java.lang.Thread.run(Thread.java:841)
D/dalvikvm( 2508): GC_FOR_ALLOC freed 345K, 10% free 5122K/5676K, paused 6ms, total 7ms
I/auxu    ( 2508): Primes not initialized, returning default (no-op) Primes instance which will ignore all calls. Please call Primes.initialize(...) before using any Primes API.
I/dalvikvm( 2508): Could not find method com.google.android.chimera.ContextThemeWrapper.createAttributionContext, referenced from method mnu.createAttributionContext
W/dalvikvm( 2508): VFY: unable to resolve virtual method 13785: Lcom/google/android/chimera/ContextThemeWrapper;.createAttributionContext (Ljava/lang/String;)Landroid/content/Context;
D/dalvikvm( 2508): VFY: replacing opcode 0x6f at 0x0002
I/dalvikvm( 2508): Could not find method android.content.ContextWrapper.createCredentialProtectedStorageContext, referenced from method mnu.createCredentialProtectedStorageContext
W/dalvikvm( 2508): VFY: unable to resolve virtual method 2508: Landroid/content/ContextWrapper;.createCredentialProtectedStorageContext ()Landroid/content/Context;
D/dalvikvm( 2508): VFY: replacing opcode 0x6f at 0x0002
I/dalvikvm( 2508): Could not find method android.content.ContextWrapper.createDeviceProtectedStorageContext, referenced from method mnu.createDeviceProtectedStorageContext
W/dalvikvm( 2508): VFY: unable to resolve virtual method 2509: Landroid/content/ContextWrapper;.createDeviceProtectedStorageContext ()Landroid/content/Context;
D/dalvikvm( 2508): VFY: replacing opcode 0x6f at 0x0002
I/dalvikvm( 2508): Could not find method android.content.Context.bindService, referenced from method uws.bindService
W/dalvikvm( 2508): VFY: unable to resolve virtual method 2453: Landroid/content/Context;.bindService (Landroid/content/Intent;ILjava/util/concurrent/Executor;Landroid/content/ServiceConnection;)Z
D/dalvikvm( 2508): VFY: replacing opcode 0x6e at 0x0018
I/dalvikvm( 2508): Could not find method android.content.Context.bindService, referenced from method uws.bindService
W/dalvikvm( 2508): VFY: unable to resolve virtual method 2453: Landroid/content/Context;.bindService (Landroid/content/Intent;ILjava/util/concurrent/Executor;Landroid/content/ServiceConnection;)Z
D/dalvikvm( 2508): VFY: replacing opcode 0x6e at 0x0030
I/dalvikvm( 2508): Could not find method android.content.Context.startForegroundService, referenced from method uws.startForegroundService
W/dalvikvm( 2508): VFY: unable to resolve virtual method 2501: Landroid/content/Context;.startForegroundService (Landroid/content/Intent;)Landroid/content/ComponentName;
D/dalvikvm( 2508): VFY: replacing opcode 0x6e at 0x001c
I/dalvikvm( 2508): Could not find method android.content.Context.startForegroundService, referenced from method uws.startForegroundService
W/dalvikvm( 2508): VFY: unable to resolve virtual method 2501: Landroid/content/Context;.startForegroundService (Landroid/content/Intent;)Landroid/content/ComponentName;
D/dalvikvm( 2508): VFY: replacing opcode 0x6e at 0x0028
I/dalvikvm( 2508): Could not find method android.os.PowerManager.isPowerSaveMode, referenced from method uwl.a
W/dalvikvm( 2508): VFY: unable to resolve virtual method 3047: Landroid/os/PowerManager;.isPowerSaveMode ()Z
D/dalvikvm( 2508): VFY: replacing opcode 0x6e at 0x0010
I/dalvikvm( 2153): Could not find method android.system.Os.stat, referenced from method brj.a
W/dalvikvm( 2153): VFY: unable to resolve static method 3146: Landroid/system/Os;.stat (Ljava/lang/String;)Landroid/system/StructStat;
D/dalvikvm( 2153): VFY: replacing opcode 0x71 at 0x00d7
D/dalvikvm( 2508): GC_FOR_ALLOC freed 398K, 11% free 5389K/6020K, paused 4ms, total 4ms
D/dalvikvm( 2542): DexOpt: load 4ms, verify+opt 31ms, 936700 bytes
I/dalvikvm( 2508): Could not find method android.content.ServiceConnection.onNullBinding, referenced from method uxb.onNullBinding
E/dalvikvm( 2508): Could not find class 'android.net.Network', referenced from method quq.a
W/dalvikvm( 2508): VFY: unable to resolve check-cast 1424 (Landroid/net/Network;) in Lquq;
D/dalvikvm( 2508): VFY: replacing opcode 0x1f at 0x0066
W/dalvikvm( 2508): VFY: unable to resolve interface method 2566: Landroid/content/ServiceConnection;.onNullBinding (Landroid/content/ComponentName;)V
D/dalvikvm( 2508): VFY: replacing opcode 0x72 at 0x000f
I/ActivityManager( 1568): Force stopping it.unina.android.ripper appid=10059 user=-1: update pkg
I/dalvikvm( 2508): Could not find method android.net.Network.openConnection, referenced from method qsu.a
W/dalvikvm( 2508): VFY: unable to resolve virtual method 5072: Landroid/net/Network;.openConnection (Ljava/net/URL;)Ljava/net/URLConnection;
D/dalvikvm( 2508): VFY: replacing opcode 0x6e at 0x000f
I/dalvikvm( 2153): Could not find method java.util.Locale.toLanguageTag, referenced from method com.google.android.libraries.matchstick.net.SilentRegisterIntentOperation.a
W/dalvikvm( 2153): VFY: unable to resolve virtual method 57646: Ljava/util/Locale;.toLanguageTag ()Ljava/lang/String;
D/dalvikvm( 2153): VFY: replacing opcode 0x6e at 0x0066
D/dalvikvm( 2508): GC_FOR_ALLOC freed 258K, 9% free 5830K/6352K, paused 4ms, total 4ms
D/dalvikvm( 2153): GC_EXPLICIT freed 1651K, 27% free 8173K/11052K, paused 19ms+8ms, total 44ms
D/dalvikvm( 2508): GC_FOR_ALLOC freed 228K, 8% free 6419K/6940K, paused 3ms, total 3ms
D/dalvikvm( 2153): DexOpt: --- BEGIN 'AdsDynamite.apk' (bootstrap=0) ---
I/dalvikvm( 2508): Could not find method android.system.Os.stat, referenced from method nop.a
W/dalvikvm( 2508): VFY: unable to resolve static method 3146: Landroid/system/Os;.stat (Ljava/lang/String;)Landroid/system/StructStat;
D/dalvikvm( 2508): VFY: replacing opcode 0x71 at 0x0182
W/linker  ( 2549): libdvm.so has text relocations. This is wasting memory and is a security risk. Please fix.
D/dalvikvm( 1568): GC_FOR_ALLOC freed 1152K, 50% free 7666K/15268K, paused 13ms, total 13ms
E/dalvikvm( 2508): Could not find class 'android.net.Network', referenced from method quf.a
W/dalvikvm( 2508): VFY: unable to resolve check-cast 1424 (Landroid/net/Network;) in Lquf;
D/dalvikvm( 2508): VFY: replacing opcode 0x1f at 0x0075
I/PackageManager( 1568):   Action: "android.intent.action.SENDTO"
I/PackageManager( 1568):   Category: "android.intent.category.DEFAULT"
I/PackageManager( 1568):   Scheme: "sms"
D/dalvikvm( 1794): GC_EXPLICIT freed 138K, 30% free 5396K/7636K, paused 0ms+1ms, total 16ms
I/PackageManager( 1568): Adding preferred activity ComponentInfo{com.android.mms/com.android.mms.ui.ComposeMessageActivity} for user 0 :
I/PackageManager( 1568):   Action: "android.intent.action.SENDTO"
I/PackageManager( 1568):   Category: "android.intent.category.DEFAULT"
I/PackageManager( 1568):   Scheme: "smsto"
I/InputReader( 1568): Reconfiguring input devices.  changes=0x00000010
I/PackageManager( 1568): Adding preferred activity ComponentInfo{com.android.mms/com.android.mms.ui.ComposeMessageActivity} for user 0 :
D/BackupManagerService( 1568): Received broadcast Intent { act=android.intent.action.PACKAGE_ADDED dat=package:it.unina.android.ripper flg=0x4000010 (has extras) }
D/dalvikvm( 1816): GC_FOR_ALLOC freed 391K, 17% free 3616K/4348K, paused 1ms, total 2ms
V/BackupManagerService( 1568): addPackageParticipantsLocked: #1
I/PackageManager( 1568):   Action: "android.intent.action.SENDTO"
I/PackageManager( 1568):   Category: "android.intent.category.DEFAULT"
I/PackageManager( 1568):   Scheme: "mms"
I/PackageManager( 1568): Adding preferred activity ComponentInfo{com.android.mms/com.android.mms.ui.ComposeMessageActivity} for user 0 :
I/PackageManager( 1568):   Action: "android.intent.action.SENDTO"
I/PackageManager( 1568):   Category: "android.intent.category.DEFAULT"
I/PackageManager( 1568):   Scheme: "mmsto"
I/PackageManager( 1568): Adding preferred activity ComponentInfo{com.android.mms/com.android.mms.ui.ComposeMessageActivity} for user 0 :
I/PackageManager( 1568):   Action: "android.intent.action.SENDTO"
I/PackageManager( 1568):   Category: "android.intent.category.DEFAULT"
I/PackageManager( 1568):   Scheme: "sms"
I/PackageManager( 1568): Adding preferred activity ComponentInfo{com.android.mms/com.android.mms.ui.ComposeMessageActivity} for user 0 :
I/PackageManager( 1568):   Action: "android.intent.action.SENDTO"
I/PackageManager( 1568):   Category: "android.intent.category.DEFAULT"
I/PackageManager( 1568):   Scheme: "smsto"
I/PackageManager( 1568): Adding preferred activity ComponentInfo{com.android.mms/com.android.mms.ui.ComposeMessageActivity} for user 0 :
D/EGL_emulation( 1940): eglMakeCurrent: 0xb81e4780: ver 3 0
D/dalvikvm( 1816): GC_FOR_ALLOC freed 351K, 17% free 3648K/4348K, paused 5ms, total 5ms
I/dalvikvm( 2508): Could not find method android.os.UserManager.isManagedProfile, referenced from method nmn.g
W/dalvikvm( 2508): VFY: unable to resolve virtual method 4277: Landroid/os/UserManager;.isManagedProfile ()Z
D/dalvikvm( 2508): VFY: replacing opcode 0x6e at 0x0012
I/dalvikvm( 2508): Could not find method android.app.admin.DevicePolicyManager.getAccountTypesWithManagementDisabled, referenced from method nmn.i
W/dalvikvm( 2508): VFY: unable to resolve virtual method 2586: Landroid/app/admin/DevicePolicyManager;.getAccountTypesWithManagementDisabled ()[Ljava/lang/String;
D/dalvikvm( 2508): VFY: replacing opcode 0x6e at 0x002b
I/dalvikvm( 2508): Could not find method android.accounts.AccountManager.removeAccount, referenced from method ymq.c
W/dalvikvm( 2508): VFY: unable to resolve virtual method 4165: Landroid/accounts/AccountManager;.removeAccount (Landroid/accounts/Account;Landroid/app/Activity;Landroid/accounts/AccountManagerCallback;Landroid/os/Handler;)Landroid/accounts/AccountManagerFuture;
D/dalvikvm( 2508): VFY: replacing opcode 0x6e at 0x0009
I/dalvikvm( 2508): Could not find method android.accounts.AccountManager.removeAccountExplicitly, referenced from method ymq.d
W/dalvikvm( 2508): VFY: unable to resolve virtual method 4166: Landroid/accounts/AccountManager;.removeAccountExplicitly (Landroid/accounts/Account;)Z
D/dalvikvm( 2508): VFY: replacing opcode 0x6e at 0x0008
I/PackageManager( 1568):   Action: "android.intent.action.SENDTO"
I/PackageManager( 1568):   Category: "android.intent.category.DEFAULT"
I/PackageManager( 1568):   Scheme: "mms"
I/PackageManager( 1568): Adding preferred activity ComponentInfo{com.android.mms/com.android.mms.ui.ComposeMessageActivity} for user 0 :
D/dalvikvm( 1568): GC_EXPLICIT freed 1137K, 50% free 7697K/15268K, paused 9ms+1ms, total 81ms
D/dalvikvm( 1568): WAIT_FOR_CONCURRENT_GC blocked 7ms
D/AndroidRuntime( 2528): Shutting down VM
D/jdwp    ( 2528): Got wake-up signal, bailing out of select
D/dalvikvm( 2528): Debugger has detached; object registry had 1 entries
I/PackageManager( 1568):   Action: "android.intent.action.SENDTO"
I/PackageManager( 1568):   Category: "android.intent.category.DEFAULT"
I/PackageManager( 1568):   Scheme: "mmsto"
I/PackageManager( 1568): Adding preferred activity ComponentInfo{com.android.mms/com.android.mms.ui.ComposeMessageActivity} for user 0 :
I/dalvikvm( 2508): Could not find method android.os.PowerManager.isInteractive, referenced from method nol.a
W/dalvikvm( 2508): VFY: unable to resolve virtual method 4227: Landroid/os/PowerManager;.isInteractive ()Z
D/dalvikvm( 2508): VFY: replacing opcode 0x6e at 0x0006
I/ahju    ( 2153): Cancel all previously scheduled polling [CONTEXT service_id=51 ]
I/ahju    ( 2153): Scheduling Phenotype for first execution 3982 seconds from now (1629115359153) [CONTEXT service_id=51 ]
I/Auth    ( 2153): [AuthManaged,AuthManagedModuleInitIntentOperation] enabling com.google.android.gms.auth.managed.ui.EmmActivity
I/Auth    ( 2153): [AuthManaged,AuthManagedModuleInitIntentOperation] enabling com.google.android.gms.auth.managed.ui.PhoneskyDpcInstallActivity
I/Auth    ( 2153): [AuthManaged,AuthManagedModuleInitIntentOperation] disabling com.google.android.gms.auth.managed.ui.SettingsSecurityDeviceOwnerActivity
I/dalvikvm( 2153): Could not find method android.app.admin.DevicePolicyManager.getProfileOwner, referenced from method com.google.android.gms.auth.managed.intentoperations.SetupWorkProfileSettingsIntentOperation.a
W/dalvikvm( 2153): VFY: unable to resolve virtual method 2591: Landroid/app/admin/DevicePolicyManager;.getProfileOwner ()Landroid/content/ComponentName;
D/dalvikvm( 2153): VFY: replacing opcode 0x6e at 0x0028
I/Auth    ( 2153): [AuthManaged,PasswordComplexityHelperImpl] Updating password complexity components state.
I/Auth    ( 2153): [AuthManaged,PasswordComplexityHelperImpl] Disabling com.google.android.gms.auth.managed.admin.DeviceAdminReceiver
I/Auth    ( 2153): [AuthManaged,PasswordComplexityHelperImpl] Disabling com.google.android.gms.auth.managed.ui.SetNewPasswordActivity
I/Icing   ( 2153): Internal init done: storage state 0
I/Icing   ( 2153): Indexing com.google.android.gms-sms from com.google.android.gms
I/Icing   ( 2153): IndexChimeraService.getServiceInterface callingPackage=com.google.android.gms componentName=AppsCorpus serviceId=32
I/Icing   ( 2153): IndexChimeraService.getServiceInterface callingPackage=com.google.android.gms componentName=AppsCorpus serviceId=36
I/Icing   ( 2153): IndexChimeraService.getServiceInterface callingPackage=com.google.android.googlequicksearchbox componentName=null serviceId=21
D/dalvikvm( 2508): GC_FOR_ALLOC freed 648K, 12% free 6847K/7752K, paused 6ms, total 7ms
I/Icing   ( 2153): IndexChimeraService.getServiceInterface callingPackage=com.google.android.gms componentName=null serviceId=30
I/Icing   ( 2153): Query from package: com.google.android.gms, component: IpaAppsCorpus, restrict package: com.google.android.gms, start: 0, num: 100 maxNumSlices: 2147483647
I/Icing   ( 2153): Query from package: com.google.android.gms, component: AppsCorpus, restrict package: com.google.android.gms, start: 0, num: 100 maxNumSlices: 2147483647
I/ChromeSync( 2153): [Sync,SyncIntentOperation] Handling the intent: Intent { act=com.google.android.chimera.IntentOperation.NEW_MODULE (has extras) }.
E/GmscoreIpa( 2153): Query failed: 8: Not authorized to read requested corpora [CONTEXT service_id=255 ]
I/AutofillModuleInitInten( 2153): AutofillModuleInitIntentOperation onInitRuntimeState(12) [CONTEXT service_id=177 ]
D/dalvikvm( 1568): GC_FOR_ALLOC freed 1298K, 51% free 7577K/15268K, paused 7ms, total 7ms
D/dalvikvm( 2153): GC_FOR_ALLOC freed 1484K, 24% free 8439K/11052K, paused 8ms, total 11ms
D/dalvikvm( 2549): DexOpt: couldn't find field Landroid/view/WindowManager$LayoutParams;.layoutInDisplayCutoutMode
D/dalvikvm( 2508): GC_FOR_ALLOC freed 2117K, 32% free 5691K/8316K, paused 3ms, total 3ms
D/dalvikvm( 1568): GC_FOR_ALLOC freed 1150K, 51% free 7577K/15268K, paused 7ms, total 7ms
D/dalvikvm( 2508): GC_FOR_ALLOC freed 154K, 31% free 5794K/8316K, paused 3ms, total 3ms
I/dalvikvm-heap( 2508): Grow heap (frag case) to 6.291MB for 475259-byte allocation
D/dalvikvm( 2508): GC_FOR_ALLOC freed <1K, 29% free 6258K/8784K, paused 4ms, total 4ms
D/dalvikvm( 2508): GC_FOR_ALLOC freed 0K, 29% free 6258K/8784K, paused 5ms, total 5ms
I/dalvikvm-heap( 2508): Grow heap (frag case) to 6.745MB for 475259-byte allocation
D/dalvikvm( 2508): GC_FOR_ALLOC freed 464K, 33% free 6258K/9252K, paused 3ms, total 3ms
D/dalvikvm( 2508): GC_FOR_ALLOC freed 476K, 33% free 6250K/9252K, paused 3ms, total 3ms
D/dalvikvm( 2508): GC_FOR_ALLOC freed 3K, 27% free 6762K/9252K, paused 18ms, total 18ms
I/dalvikvm-heap( 2508): Grow heap (frag case) to 7.191MB for 426603-byte allocation
D/dalvikvm( 2508): GC_FOR_ALLOC freed 0K, 26% free 7179K/9672K, paused 4ms, total 4ms
D/dalvikvm( 2508): GC_FOR_ALLOC freed 1848K, 44% free 5450K/9672K, paused 6ms, total 6ms
I/FA-SVC  ( 2153): App measurement initialized, version: 202414
D/dalvikvm( 2508): DexOpt: --- BEGIN 'the.apk' (bootstrap=0) ---
E/native  ( 2153): score-accumulator.cc:249 No scoring data for corpus [1]
I/Icing   ( 2153): Indexing done com.google.android.gms-sms
I/Icing   ( 2153): Indexing com.google.android.gms-apps from com.google.android.gms
W/linker  ( 2563): libdvm.so has text relocations. This is wasting memory and is a security risk. Please fix.
D/AndroidRuntime( 2560): 
D/AndroidRuntime( 2560): >>>>>> AndroidRuntime START com.android.internal.os.RuntimeInit <<<<<<
W/linker  ( 2560): libdvm.so has text relocations. This is wasting memory and is a security risk. Please fix.
D/AndroidRuntime( 2560): CheckJNI is ON
D/dalvikvm( 2563): DexOpt: load 1ms, verify+opt 3ms, 207932 bytes
D/dalvikvm( 2560): Trying to load lib libjavacore.so 0x0
D/dalvikvm( 2560): Added shared lib libjavacore.so 0x0
D/dalvikvm( 2560): Trying to load lib libnativehelper.so 0x0
D/dalvikvm( 2560): Added shared lib libnativehelper.so 0x0
D/dalvikvm( 2560): No JNI_OnLoad found in libnativehelper.so 0x0, skipping init
D/dalvikvm( 2508): DexOpt: --- END 'the.apk' (success) ---
D/dalvikvm( 2508): DEX prep '/data/data/com.google.android.gms/app_dg_cache/332DF7A96159CC0FFEB819779627D9C94920AA73/the.apk': unzip in 0ms, rewrite 41ms
D/dalvikvm( 2508): Trying to load lib /data/data/com.google.android.gms/app_dg_cache/332DF7A96159CC0FFEB819779627D9C94920AA73/libdCD96A5AB8310.so 0x9d27d988
D/dalvikvm( 2508): Added shared lib /data/data/com.google.android.gms/app_dg_cache/332DF7A96159CC0FFEB819779627D9C94920AA73/libdCD96A5AB8310.so 0x9d27d988
I/dalvikvm( 2153): Failed resolving Lnkj; interface 845 'Landroid/net/ConnectivityManager$OnNetworkActiveListener;'
W/dalvikvm( 2153): Link of class 'Lnkj;' failed
I/dalvikvm( 2153): Could not find method nkj.a, referenced from method com.google.android.gms.common.stats.GmsCoreStatsChimeraService.onCreate
W/dalvikvm( 2153): VFY: unable to resolve static method 54667: Lnkj;.a ()Lnkj;
D/dalvikvm( 2153): VFY: replacing opcode 0x71 at 0x0009
I/dalvikvm( 2153): Failed resolving Lnkj; interface 845 'Landroid/net/ConnectivityManager$OnNetworkActiveListener;'
W/dalvikvm( 2153): Link of class 'Lnkj;' failed
I/dalvikvm( 2153): Could not find method nkj.a, referenced from method com.google.android.gms.common.stats.GmsCoreStatsChimeraService.onDestroy
W/dalvikvm( 2153): VFY: unable to resolve static method 54667: Lnkj;.a ()Lnkj;
D/dalvikvm( 2153): VFY: replacing opcode 0x71 at 0x0009
I/dalvikvm( 1778): Failed resolving Lnkj; interface 845 'Landroid/net/ConnectivityManager$OnNetworkActiveListener;'
W/dalvikvm( 1778): Link of class 'Lnkj;' failed
I/dalvikvm( 1778): Could not find method nkj.a, referenced from method com.google.android.gms.common.stats.GmsCoreStatsChimeraService.onCreate
W/dalvikvm( 1778): VFY: unable to resolve static method 54667: Lnkj;.a ()Lnkj;
D/dalvikvm( 1778): VFY: replacing opcode 0x71 at 0x0009
I/dalvikvm( 1778): Failed resolving Lnkj; interface 845 'Landroid/net/ConnectivityManager$OnNetworkActiveListener;'
W/dalvikvm( 1778): Link of class 'Lnkj;' failed
I/dalvikvm( 1778): Could not find method nkj.a, referenced from method com.google