I/PackageManager( 1568): Running dexopt on: com.android.music
W/linker  ( 2271): libdvm.so has text relocations. This is wasting memory and is a security risk. Please fix.
D/dalvikvm( 1568): GC_FOR_ALLOC freed 1093K, 52% free 7425K/15268K, paused 12ms, total 13ms
D/dalvikvm( 2271): DexOpt: load 7ms, verify+opt 13ms, 753588 bytes
D/dalvikvm( 1568): GC_FOR_ALLOC freed 1120K, 52% free 7418K/15268K, paused 7ms, total 7ms
W/dalvikvm( 1794): VFY: unable to resolve static field 1608 (PR_SET_DUMPABLE) in Landroid/system/OsConstants;
D/dalvikvm( 1794): VFY: replacing opcode 0x60 at 0x0017
W/dalvikvm( 1794): VFY: unable to find class referenced in signature (Lyqx;)
W/dalvikvm( 1794): VFY: unable to find class referenced in signature (Lyro;)
I/Auth    ( 2153): [WorkAccount] update authenticator enabled for boot or update
D/dalvikvm( 1794): GC_FOR_ALLOC freed 500K, 19% free 3211K/3960K, paused 7ms, total 7ms
I/dalvikvm( 1778): Could not find method android.app.NotificationManager.getCurrentInterruptionFilter, referenced from method nea.b
W/dalvikvm( 1778): VFY: unable to resolve virtual method 2504: Landroid/app/NotificationManager;.getCurrentInterruptionFilter ()I
D/dalvikvm( 1778): VFY: replacing opcode 0x6e at 0x0002
I/dalvikvm( 1778): Could not find method android.os.PowerManager.isInteractive, referenced from method acej.a
W/dalvikvm( 1778): VFY: unable to resolve virtual method 29693: Landroid/os/PowerManager;.isInteractive ()Z
D/dalvikvm( 1778): VFY: replacing opcode 0x6e at 0x0103
I/MediaFocusControl( 1568):   Remote Control   registerMediaButtonIntent() for PendingIntent{9d18b188: PendingIntentRecord{9d223c68 com.android.music broadcastIntent}}
I/dalvikvm( 1794): Could not find method android.system.Os.readlink, referenced from method msk.a
W/dalvikvm( 1794): VFY: unable to resolve static method 3145: Landroid/system/Os;.readlink (Ljava/lang/String;)Ljava/lang/String;
D/dalvikvm( 1794): VFY: replacing opcode 0x71 at 0x00b0
I/dalvikvm( 1794): Could not find method android.os.PowerManager.isInteractive, referenced from method ndc.a
W/dalvikvm( 1794): VFY: unable to resolve virtual method 3046: Landroid/os/PowerManager;.isInteractive ()Z
D/dalvikvm( 1794): VFY: replacing opcode 0x6e at 0x0013
I/dalvikvm( 1794): Could not find method com.google.android.chimera.ModuleContext.getAttributionTag, referenced from method com.google.android.chimera.ModuleContext.createAttributionContext
W/dalvikvm( 1794): VFY: unable to resolve virtual method 14170: Lcom/google/android/chimera/ModuleContext;.getAttributionTag ()Ljava/lang/String;
D/dalvikvm( 1794): VFY: replacing opcode 0x6e at 0x0004
I/dalvikvm( 1794): Could not find method com.google.android.chimera.ContextThemeWrapper.createAttributionContext, referenced from method com.google.android.chimera.ModuleContext.createAttributionContext
W/dalvikvm( 1794): VFY: unable to resolve virtual method 13785: Lcom/google/android/chimera/ContextThemeWrapper;.createAttributionContext (Ljava/lang/String;)Landroid/content/Context;
D/dalvikvm( 1794): VFY: replacing opcode 0x6f at 0x0035
I/dalvikvm( 1794): Could not find method android.content.ContextWrapper.createCredentialProtectedStorageContext, referenced from method com.google.android.chimera.ModuleContext.createCredentialProtectedStorageContext
W/dalvikvm( 1794): VFY: unable to resolve virtual method 2508: Landroid/content/ContextWrapper;.createCredentialProtectedStorageContext ()Landroid/content/Context;
D/dalvikvm( 1794): VFY: replacing opcode 0x6f at 0x0002
I/dalvikvm( 1794): Could not find method android.content.ContextWrapper.createDeviceProtectedStorageContext, referenced from method com.google.android.chimera.ModuleContext.createDeviceProtectedStorageContext
W/dalvikvm( 1794): VFY: unable to resolve virtual method 2509: Landroid/content/ContextWrapper;.createDeviceProtectedStorageContext ()Landroid/content/Context;
D/dalvikvm( 1794): VFY: replacing opcode 0x6f at 0x0002
I/dalvikvm( 1794): Could not find method com.google.android.chimera.ContextThemeWrapper.sendBroadcastWithMultiplePermissions, referenced from method com.google.android.chimera.ModuleContext.sendBroadcastWithMultiplePermissions
W/dalvikvm( 1794): VFY: unable to resolve virtual method 13795: Lcom/google/android/chimera/ContextThemeWrapper;.sendBroadcastWithMultiplePermissions (Landroid/content/Intent;[Ljava/lang/String;)V
D/dalvikvm( 1794): VFY: replacing opcode 0x6f at 0x0009
I/MultiDex( 1794): VM with version 1.6.0 does not have multidex support
I/MultiDex( 1794): Installing application
I/MultiDex( 1794): MultiDexExtractor(/system/priv-app/PrebuiltGmsCore.apk, /data/data/com.google.android.gms/code_cache/secondary-dexes)
I/MultiDex( 1794): Blocking on lock /data/data/com.google.android.gms/code_cache/secondary-dexes/MultiDex.lock
I/MultiDex( 1794): /data/data/com.google.android.gms/code_cache/secondary-dexes/MultiDex.lock locked
I/MultiDex( 1794): MultiDexExtractor.load(/system/priv-app/PrebuiltGmsCore.apk, false, )
D/dalvikvm( 1794): GC_FOR_ALLOC freed 424K, 18% free 3272K/3960K, paused 2ms, total 2ms
I/MultiDex( 1794): loading existing secondary dex files
D/dalvikvm( 2153): GC_FOR_ALLOC freed 848K, 16% free 5660K/6712K, paused 6ms, total 6ms
I/dalvikvm( 2153): Could not find method android.content.ServiceConnection.onNullBinding, referenced from method uxb.onNullBinding
W/dalvikvm( 2153): VFY: unable to resolve interface method 2566: Landroid/content/ServiceConnection;.onNullBinding (Landroid/content/ComponentName;)V
D/dalvikvm( 2153): VFY: replacing opcode 0x72 at 0x000f
D/dalvikvm( 1794): GC_FOR_ALLOC freed 89K, 19% free 3276K/4020K, paused 5ms, total 6ms
I/MultiDex( 1794): load found 5 secondary dex files
I/MultiDex( 1794): install done
I/dalvikvm( 1794): Could not find method android.os.UserHandle.isOwner, referenced from method nmy.f
W/dalvikvm( 1794): VFY: unable to resolve virtual method 3081: Landroid/os/UserHandle;.isOwner ()Z
D/dalvikvm( 1794): VFY: replacing opcode 0x6e at 0x000a
E/dalvikvm( 1778): Could not find class 'android.app.NotificationChannel', referenced from method aciq.a
W/dalvikvm( 1778): VFY: unable to resolve new-instance 7732 (Landroid/app/NotificationChannel;) in Laciq;
D/dalvikvm( 1778): VFY: replacing opcode 0x22 at 0x00a8
D/dalvikvm( 1794): DexOpt: couldn't find field Landroid/content/pm/ApplicationInfo;.splitSourceDirs
W/dalvikvm( 1794): VFY: unable to resolve instance field 1475
D/dalvikvm( 1794): VFY: replacing opcode 0x54 at 0x0055
D/dalvikvm( 1794): DexOpt: couldn't find static field Landroid/os/Build;.SUPPORTED_ABIS
W/dalvikvm( 1794): VFY: unable to resolve static field 1540 (SUPPORTED_ABIS) in Landroid/os/Build;
D/dalvikvm( 1794): VFY: replacing opcode 0x62 at 0x00d1
D/dalvikvm( 1778): DexOpt: unable to opt direct call 0x6f0e at 0xad in Laciq;.a
I/dalvikvm( 1794): Could not find method android.system.Os.stat, referenced from method nop.a
W/dalvikvm( 1794): VFY: unable to resolve static method 3146: Landroid/system/Os;.stat (Ljava/lang/String;)Landroid/system/StructStat;
D/dalvikvm( 1794): VFY: replacing opcode 0x71 at 0x0182
I/dalvikvm( 1794): Could not find method android.content.pm.PackageManager.getPackageInstaller, referenced from method men.a
W/dalvikvm( 1794): VFY: unable to resolve virtual method 2608: Landroid/content/pm/PackageManager;.getPackageInstaller ()Landroid/content/pm/PackageInstaller;
D/dalvikvm( 1794): VFY: replacing opcode 0x6e at 0x001c
W/DynamiteModule( 1794): Local module descriptor class for providerinstaller not found.
E/BluetoothAdapter( 1778): Bluetooth binder is null
W/NearbyShared( 1778): BTConnStateMgr:BluetoothAdapter.getDefaultAdapter() return null!
W/dalvikvm( 1778): VFY: unable to find class referenced in signature (Landroid/bluetooth/le/ScanCallback;)
I/dalvikvm( 1778): Could not find method android.content.Context.getSystemService, referenced from method aclw.a
W/dalvikvm( 1778): VFY: unable to resolve virtual method 28695: Landroid/content/Context;.getSystemService (Ljava/lang/Class;)Ljava/lang/Object;
D/dalvikvm( 1778): VFY: replacing opcode 0x6e at 0x0006
I/dalvikvm( 1794): Could not find method android.system.Os.readlink, referenced from method bse.a
W/dalvikvm( 1794): VFY: unable to resolve static method 3145: Landroid/system/Os;.readlink (Ljava/lang/String;)Ljava/lang/String;
D/dalvikvm( 1794): VFY: replacing opcode 0x71 at 0x0044
I/dalvikvm( 1794): Could not find method android.system.Os.symlink, referenced from method bse.a
W/dalvikvm( 1794): VFY: unable to resolve static method 3147: Landroid/system/Os;.symlink (Ljava/lang/String;Ljava/lang/String;)V
D/dalvikvm( 1794): VFY: replacing opcode 0x71 at 0x00b0
I/dalvikvm( 1794): Could not find method android.system.Os.stat, referenced from method bse.a
W/dalvikvm( 1794): VFY: unable to resolve static method 3146: Landroid/system/Os;.stat (Ljava/lang/String;)Landroid/system/StructStat;
D/dalvikvm( 1794): VFY: replacing opcode 0x71 at 0x0005
W/dalvikvm( 1794): VFY: unable to resolve static field 1615 (S_IXUSR) in Landroid/system/OsConstants;
D/dalvikvm( 1794): VFY: replacing opcode 0x60 at 0x0007
I/dalvikvm( 1794): Could not find method android.system.Os.stat, referenced from method bse.b
W/dalvikvm( 1794): VFY: unable to resolve static method 3146: Landroid/system/Os;.stat (Ljava/lang/String;)Landroid/system/StructStat;
D/dalvikvm( 1794): VFY: replacing opcode 0x71 at 0x0040
W/dalvikvm( 1794): VFY: unable to resolve static field 1612 (S_IRUSR) in Landroid/system/OsConstants;
D/dalvikvm( 1794): VFY: replacing opcode 0x60 at 0x0007
D/dalvikvm( 1794): DexOpt: couldn't find static field Landroid/os/Build;.SUPPORTED_64_BIT_ABIS
W/dalvikvm( 1794): VFY: unable to resolve static field 1539 (SUPPORTED_64_BIT_ABIS) in Landroid/os/Build;
D/dalvikvm( 1794): VFY: replacing opcode 0x62 at 0x0214
W/ProviderHelper( 1794): Unknown dynamite feature providerinstaller
I/DynamiteModule( 1794): Considering local module providerinstaller:0 and remote module providerinstaller:0
W/ProviderInstaller( 1794): Failed to load providerinstaller module: No acceptable module found. Local version is 0 and remote version is 0.
I/dalvikvm( 1794): Could not find method android.content.ContextWrapper.createCredentialProtectedStorageContext, referenced from method nfr.createCredentialProtectedStorageContext
W/dalvikvm( 1794): VFY: unable to resolve virtual method 2508: Landroid/content/ContextWrapper;.createCredentialProtectedStorageContext ()Landroid/content/Context;
D/dalvikvm( 1794): VFY: replacing opcode 0x6f at 0x0002
I/dalvikvm( 1794): Could not find method android.content.ContextWrapper.createDeviceProtectedStorageContext, referenced from method nfr.createDeviceProtectedStorageContext
W/dalvikvm( 1794): VFY: unable to resolve virtual method 2509: Landroid/content/ContextWrapper;.createDeviceProtectedStorageContext ()Landroid/content/Context;
D/dalvikvm( 1794): VFY: replacing opcode 0x6f at 0x0002
D/dalvikvm( 1794): DexOpt: couldn't find static field Landroid/os/Build;.SUPPORTED_64_BIT_ABIS
W/dalvikvm( 1794): VFY: unable to resolve static field 1539 (SUPPORTED_64_BIT_ABIS) in Landroid/os/Build;
D/dalvikvm( 1794): VFY: replacing opcode 0x62 at 0x0080
D/dalvikvm( 1794): DexOpt: couldn't find static field Landroid/os/Build;.SUPPORTED_ABIS
W/dalvikvm( 1794): VFY: unable to resolve static field 1540 (SUPPORTED_ABIS) in Landroid/os/Build;
D/dalvikvm( 1794): VFY: replacing opcode 0x62 at 0x00d3
V/NativeCrypto( 1794): Registering com/google/android/gms/org/conscrypt/NativeCrypto's 286 native methods...
W/dalvikvm( 1794): Unable to resolve superclass of Lcom/google/android/gms/org/conscrypt/TrustManagerImpl; (5184)
W/dalvikvm( 1794): Link of class 'Lcom/google/android/gms/org/conscrypt/TrustManagerImpl;' failed
I/dalvikvm( 1794): Could not find method com.google.android.gms.org.conscrypt.TrustManagerImpl.getDefaultHostnameVerifier, referenced from method com.google.android.gms.org.conscrypt.Conscrypt.getDefaultHostnameVerifier
W/dalvikvm( 1794): VFY: unable to resolve static method 17870: Lcom/google/android/gms/org/conscrypt/TrustManagerImpl;.getDefaultHostnameVerifier ()Lcom/google/android/gms/org/conscrypt/ConscryptHostnameVerifier;
D/dalvikvm( 1794): VFY: replacing opcode 0x71 at 0x0003
D/dalvikvm( 1794): GC_FOR_ALLOC freed 445K, 18% free 3345K/4040K, paused 2ms, total 2ms
W/dalvikvm( 1794): Unable to resolve superclass of Lcom/google/android/gms/org/conscrypt/TrustManagerImpl; (5184)
W/dalvikvm( 1794): Link of class 'Lcom/google/android/gms/org/conscrypt/TrustManagerImpl;' failed
W/dalvikvm( 1794): VFY: unable to find class referenced in signature (Lcom/google/android/gms/org/conscrypt/TrustManagerImpl;)
W/dalvikvm( 1794): Unable to resolve superclass of Lcom/google/android/gms/org/conscrypt/TrustManagerImpl; (5184)
W/dalvikvm( 1794): Link of class 'Lcom/google/android/gms/org/conscrypt/TrustManagerImpl;' failed
I/dalvikvm( 1794): Could not find method com.google.android.gms.org.conscrypt.TrustManagerImpl.getHostnameVerifier, referenced from method com.google.android.gms.org.conscrypt.Conscrypt.getHostnameVerifier
W/dalvikvm( 1794): VFY: unable to resolve virtual method 17872: Lcom/google/android/gms/org/conscrypt/TrustManagerImpl;.getHostnameVerifier ()Lcom/google/android/gms/org/conscrypt/ConscryptHostnameVerifier;
D/dalvikvm( 1794): VFY: replacing opcode 0x6e at 0x0004
W/dalvikvm( 1794): Unable to resolve superclass of Lcom/google/android/gms/org/conscrypt/TrustManagerImpl; (5184)
W/dalvikvm( 1794): Link of class 'Lcom/google/android/gms/org/conscrypt/TrustManagerImpl;' failed
E/dalvikvm( 1794): Could not find class 'com.google.android.gms.org.conscrypt.TrustManagerImpl', referenced from method com.google.android.gms.org.conscrypt.Conscrypt.isConscrypt
W/dalvikvm( 1794): VFY: unable to resolve instanceof 4452 (Lcom/google/android/gms/org/conscrypt/TrustManagerImpl;) in Lcom/google/android/gms/org/conscrypt/Conscrypt;
D/dalvikvm( 1794): VFY: replacing opcode 0x20 at 0x0000
W/dalvikvm( 1794): Unable to resolve superclass of Lcom/google/android/gms/org/conscrypt/TrustManagerImpl; (5184)
W/dalvikvm( 1794): Link of class 'Lcom/google/android/gms/org/conscrypt/TrustManagerImpl;' failed
I/dalvikvm( 1794): Could not find method com.google.android.gms.org.conscrypt.TrustManagerImpl.setDefaultHostnameVerifier, referenced from method com.google.android.gms.org.conscrypt.Conscrypt.setDefaultHostnameVerifier
W/dalvikvm( 1794): VFY: unable to resolve static method 17882: Lcom/google/android/gms/org/conscrypt/TrustManagerImpl;.setDefaultHostnameVerifier (Lcom/google/android/gms/org/conscrypt/ConscryptHostnameVerifier;)V
D/dalvikvm( 1794): VFY: replacing opcode 0x71 at 0x0003
W/dalvikvm( 1794): Unable to resolve superclass of Lcom/google/android/gms/org/conscrypt/TrustManagerImpl; (5184)
W/dalvikvm( 1794): Link of class 'Lcom/google/android/gms/org/conscrypt/TrustManagerImpl;' failed
W/dalvikvm( 1794): VFY: unable to find class referenced in signature (Lcom/google/android/gms/org/conscrypt/TrustManagerImpl;)
W/dalvikvm( 1794): Unable to resolve superclass of Lcom/google/android/gms/org/conscrypt/TrustManagerImpl; (5184)
W/dalvikvm( 1794): Link of class 'Lcom/google/android/gms/org/conscrypt/TrustManagerImpl;' failed
I/dalvikvm( 1794): Could not find method com.google.android.gms.org.conscrypt.TrustManagerImpl.setHostnameVerifier, referenced from method com.google.android.gms.org.conscrypt.Conscrypt.setHostnameVerifier
W/dalvikvm( 1794): VFY: unable to resolve virtual method 17883: Lcom/google/android/gms/org/conscrypt/TrustManagerImpl;.setHostnameVerifier (Lcom/google/android/gms/org/conscrypt/ConscryptHostnameVerifier;)V
D/dalvikvm( 1794): VFY: replacing opcode 0x6e at 0x0004
W/dalvikvm( 1794): Unable to resolve superclass of Lcom/google/android/gms/org/conscrypt/TrustManagerImpl; (5184)
W/ModuleManager( 2153): Unable to get current module's fulfilled APIs in ModuleManager created with non-module Context
W/dalvikvm( 1794): Link of class 'Lcom/google/android/gms/org/conscrypt/TrustManagerImpl;' failed
E/dalvikvm( 1794): Could not find class 'com.google.android.gms.org.conscrypt.TrustManagerImpl', referenced from method com.google.android.gms.org.conscrypt.Conscrypt.toConscrypt
W/dalvikvm( 1794): VFY: unable to resolve check-cast 4452 (Lcom/google/android/gms/org/conscrypt/TrustManagerImpl;) in Lcom/google/android/gms/org/conscrypt/Conscrypt;
D/dalvikvm( 1794): VFY: replacing opcode 0x1f at 0x002a
D/dalvikvm( 1794): GC_FOR_ALLOC freed 398K, 16% free 3459K/4108K, paused 2ms, total 2ms
I/dalvikvm( 1778): Could not find method android.content.Context.getDrawable, referenced from method jk.a
W/dalvikvm( 1778): VFY: unable to resolve virtual method 2472: Landroid/content/Context;.getDrawable (I)Landroid/graphics/drawable/Drawable;
D/dalvikvm( 1778): VFY: replacing opcode 0x6e at 0x0006
I/dalvikvm( 1778): Could not find method android.content.Context.getNoBackupFilesDir, referenced from method jk.b
W/dalvikvm( 1778): VFY: unable to resolve virtual method 2480: Landroid/content/Context;.getNoBackupFilesDir ()Ljava/io/File;
D/dalvikvm( 1778): VFY: replacing opcode 0x6e at 0x0006
D/dalvikvm( 2153): GC_FOR_ALLOC freed 753K, 15% free 5791K/6740K, paused 6ms, total 6ms
I/dalvikvm( 1778): Could not find method android.os.PowerManager.isPowerSaveMode, referenced from method ayei.a
W/dalvikvm( 1778): VFY: unable to resolve virtual method 1679: Landroid/os/PowerManager;.isPowerSaveMode ()Z
D/dalvikvm( 1778): VFY: replacing opcode 0x6e at 0x0154
D/dalvikvm( 1794): GC_FOR_ALLOC freed 145K, 10% free 3813K/4220K, paused 2ms, total 2ms
D/dalvikvm( 1778): GC_FOR_ALLOC freed 1062K, 16% free 7481K/8808K, paused 7ms, total 7ms
D/dalvikvm( 1794): GC_FOR_ALLOC freed 135K, 10% free 4157K/4576K, paused 3ms, total 3ms
E/BluetoothAdapter( 1778): Bluetooth binder is null
I/NearbyDiscovery( 1778): FastPair: Skip backfill FastPairItem, adapter is null [CONTEXT service_id=49 ]
D/dalvikvm( 1794): GC_FOR_ALLOC freed 122K, 9% free 4495K/4920K, paused 2ms, total 2ms
I/NearbyDiscovery( 1778): FastPair: HeadsetPieceImage, grant permission files:0 [CONTEXT service_id=49 ]
D/dalvikvm( 1568): GC_FOR_ALLOC freed 1113K, 52% free 7416K/15268K, paused 11ms, total 12ms
D/dalvikvm( 1794): GC_FOR_ALLOC freed 140K, 9% free 4803K/5268K, paused 6ms, total 6ms
E/dalvikvm( 1794): Could not find class 'javax.net.ssl.SNIServerName', referenced from method com.google.android.gms.org.conscrypt.Platform.getSniHostnameFromParams
W/dalvikvm( 1794): VFY: unable to resolve check-cast 5160 (Ljavax/net/ssl/SNIServerName;) in Lcom/google/android/gms/org/conscrypt/Platform;
D/dalvikvm( 1794): VFY: replacing opcode 0x1f at 0x0025
E/dalvikvm( 1794): Could not find class 'javax.net.ssl.SNIHostName', referenced from method com.google.android.gms.org.conscrypt.Platform.setParametersSniHostname
W/dalvikvm( 1794): VFY: unable to resolve new-instance 5159 (Ljavax/net/ssl/SNIHostName;) in Lcom/google/android/gms/org/conscrypt/Platform;
D/dalvikvm( 1794): VFY: replacing opcode 0x22 at 0x0024
E/dalvikvm( 1794): Could not find class 'javax.net.ssl.SNIHostName', referenced from method com.google.android.gms.org.conscrypt.Platform.setParametersSniHostname
W/dalvikvm( 1794): VFY: unable to resolve new-instance 5159 (Ljavax/net/ssl/SNIHostName;) in Lcom/google/android/gms/org/conscrypt/Platform;
D/dalvikvm( 1794): VFY: replacing opcode 0x22 at 0x0024
D/dalvikvm( 1794): DexOpt: unable to opt direct call 0x52f9 at 0x2a in Lcom/google/android/gms/org/conscrypt/Platform;.setParametersSniHostname
D/dalvikvm( 1794): DexOpt: unable to opt direct call 0x52f9 at 0x2a in Lcom/google/android/gms/org/conscrypt/Platform;.setParametersSniHostname
D/dalvikvm( 1794): GC_FOR_ALLOC freed 389K, 13% free 4972K/5680K, paused 3ms, total 3ms
I/NearbyDiscovery( 1778): FastPairEventStream: Skip initialize event stream, adapter is null [CONTEXT service_id=49 ]
D/dalvikvm( 2153): GC_FOR_ALLOC freed 852K, 16% free 5832K/6912K, paused 8ms, total 8ms
I/ProviderInstaller( 1794): Installed default security provider GmsCore_OpenSSL
I/Safeboot( 1794): Checking safeboot...
I/Safeboot( 1794): Not entering safeboot; wrong process.
E/dalvikvm( 1794): Could not find class 'com.google.common.flogger.backend.google.GooglePlatform', referenced from method beui.a
W/dalvikvm( 1794): VFY: unable to resolve const-class 4605 (Lcom/google/common/flogger/backend/google/GooglePlatform;) in Lbeui;
D/dalvikvm( 1794): VFY: replacing opcode 0x1c at 0x001b
D/dalvikvm( 1794): GC_FOR_ALLOC freed 383K, 12% free 5241K/5904K, paused 3ms, total 3ms
I/auxu    ( 1794): Primes not initialized, returning default (no-op) Primes instance which will ignore all calls. Please call Primes.initialize(...) before using any Primes API.
I/dalvikvm( 2153): Could not find method android.app.AlarmManager.setExactAndAllowWhileIdle, referenced from method nio.a
W/dalvikvm( 2153): VFY: unable to resolve virtual method 2384: Landroid/app/AlarmManager;.setExactAndAllowWhileIdle (IJLandroid/app/PendingIntent;)V
D/dalvikvm( 2153): VFY: replacing opcode 0x6e at 0x000b
I/dalvikvm( 2153): Failed resolving Lnin; interface 549 'Landroid/app/AlarmManager$OnAlarmListener;'
W/dalvikvm( 2153): Link of class 'Lnin;' failed
W/dalvikvm( 2153): VFY: unable to find class referenced in signature (Lnin;)
I/dalvikvm( 2153): Could not find method android.app.AlarmManager.set, referenced from method nio.a
W/dalvikvm( 2153): VFY: unable to resolve virtual method 2381: Landroid/app/AlarmManager;.set (IJJJLandroid/app/AlarmManager$OnAlarmListener;Landroid/os/Handler;Landroid/os/WorkSource;)V
D/dalvikvm( 2153): VFY: replacing opcode 0x74 at 0x0024
I/dalvikvm( 2153): Failed resolving Lnin; interface 549 'Landroid/app/AlarmManager$OnAlarmListener;'
W/dalvikvm( 2153): Link of class 'Lnin;' failed
W/dalvikvm( 2153): VFY: unable to find class referenced in signature (Lnin;)
I/dalvikvm( 1794): Could not find method com.google.android.chimera.ContextThemeWrapper.createAttributionContext, referenced from method mnu.createAttributionContext
W/dalvikvm( 1794): VFY: unable to resolve virtual method 13785: Lcom/google/android/chimera/ContextThemeWrapper;.createAttributionContext (Ljava/lang/String;)Landroid/content/Context;
D/dalvikvm( 1794): VFY: replacing opcode 0x6f at 0x0002
I/dalvikvm( 1794): Could not find method android.content.ContextWrapper.createCredentialProtectedStorageContext, referenced from method mnu.createCredentialProtectedStorageContext
W/dalvikvm( 1794): VFY: unable to resolve virtual method 2508: Landroid/content/ContextWrapper;.createCredentialProtectedStorageContext ()Landroid/content/Context;
D/dalvikvm( 1794): VFY: replacing opcode 0x6f at 0x0002
I/dalvikvm( 1794): Could not find method android.content.ContextWrapper.createDeviceProtectedStorageContext, referenced from method mnu.createDeviceProtectedStorageContext
W/dalvikvm( 1794): VFY: unable to resolve virtual method 2509: Landroid/content/ContextWrapper;.createDeviceProtectedStorageContext ()Landroid/content/Context;
D/dalvikvm( 1794): VFY: replacing opcode 0x6f at 0x0002
I/dalvikvm( 1778): Could not find method android.accounts.AccountManager.getPreviousName, referenced from method ayhp.d
W/dalvikvm( 1778): VFY: unable to resolve virtual method 271: Landroid/accounts/AccountManager;.getPreviousName (Landroid/accounts/Account;)Ljava/lang/String;
D/dalvikvm( 1778): VFY: replacing opcode 0x6e at 0x0024
I/dalvikvm( 1794): Could not find method android.content.Context.bindService, referenced from method uws.bindService
W/dalvikvm( 1794): VFY: unable to resolve virtual method 2453: Landroid/content/Context;.bindService (Landroid/content/Intent;ILjava/util/concurrent/Executor;Landroid/content/ServiceConnection;)Z
D/dalvikvm( 1794): VFY: replacing opcode 0x6e at 0x0018
I/dalvikvm( 1794): Could not find method android.content.Context.bindService, referenced from method uws.bindService
W/dalvikvm( 1794): VFY: unable to resolve virtual method 2453: Landroid/content/Context;.bindService (Landroid/content/Intent;ILjava/util/concurrent/Executor;Landroid/content/ServiceConnection;)Z
D/dalvikvm( 1794): VFY: replacing opcode 0x6e at 0x0030
I/dalvikvm( 1794): Could not find method android.content.Context.startForegroundService, referenced from method uws.startForegroundService
W/dalvikvm( 1794): VFY: unable to resolve virtual method 2501: Landroid/content/Context;.startForegroundService (Landroid/content/Intent;)Landroid/content/ComponentName;
D/dalvikvm( 1794): VFY: replacing opcode 0x6e at 0x001c
I/dalvikvm( 1794): Could not find method android.content.Context.startForegroundService, referenced from method uws.startForegroundService
W/dalvikvm( 1794): VFY: unable to resolve virtual method 2501: Landroid/content/Context;.startForegroundService (Landroid/content/Intent;)Landroid/content/ComponentName;
D/dalvikvm( 1794): VFY: replacing opcode 0x6e at 0x0028
I/dalvikvm( 1778): Could not find method android.accounts.AccountManager.removeAccount, referenced from method ymq.c
W/dalvikvm( 1778): VFY: unable to resolve virtual method 4165: Landroid/accounts/AccountManager;.removeAccount (Landroid/accounts/Account;Landroid/app/Activity;Landroid/accounts/AccountManagerCallback;Landroid/os/Handler;)Landroid/accounts/AccountManagerFuture;
D/dalvikvm( 1778): VFY: replacing opcode 0x6e at 0x0009
I/dalvikvm( 1778): Could not find method android.accounts.AccountManager.removeAccountExplicitly, referenced from method ymq.d
W/dalvikvm( 1778): VFY: unable to resolve virtual method 4166: Landroid/accounts/AccountManager;.removeAccountExplicitly (Landroid/accounts/Account;)Z
D/dalvikvm( 1778): VFY: replacing opcode 0x6e at 0x0008
I/dalvikvm( 1794): Could not find method android.os.PowerManager.isPowerSaveMode, referenced from method uwl.a
W/dalvikvm( 1794): VFY: unable to resolve virtual method 3047: Landroid/os/PowerManager;.isPowerSaveMode ()Z
D/dalvikvm( 1794): VFY: replacing opcode 0x6e at 0x0010
I/dalvikvm( 2153): Could not find method android.app.AlarmManager.cancel, referenced from method nio.a
W/dalvikvm( 2153): VFY: unable to resolve virtual method 2378: Landroid/app/AlarmManager;.cancel (Landroid/app/AlarmManager$OnAlarmListener;)V
D/dalvikvm( 2153): VFY: replacing opcode 0x6e at 0x0002
I/ahju    ( 1778): Scheduling Phenotype for a PhenotypeSyncImmediately(6, com.google.android.gms.settings.platform) one off with window [1, 2] in seconds [CONTEXT service_id=51 ]
D/dalvikvm( 1794): GC_FOR_ALLOC freed 384K, 12% free 5561K/6264K, paused 3ms, total 3ms
E/BluetoothAdapter( 1778): Bluetooth binder is null
I/NearbyDiscovery( 1778): Show notifications: 0 total, no changes since last shown, no-op. [CONTEXT service_id=49 ]
I/dalvikvm( 1794): Could not find method android.app.admin.DevicePolicyManager.isProfileOwnerApp, referenced from method hbs.c
W/dalvikvm( 1794): VFY: unable to resolve virtual method 2595: Landroid/app/admin/DevicePolicyManager;.isProfileOwnerApp (Ljava/lang/String;)Z
D/dalvikvm( 1794): VFY: replacing opcode 0x6e at 0x0011
I/dalvikvm( 1794): Could not find method android.app.admin.DevicePolicyManager.getProfileOwner, referenced from method hbs.a
W/dalvikvm( 1794): VFY: unable to resolve virtual method 2591: Landroid/app/admin/DevicePolicyManager;.getProfileOwner ()Landroid/content/ComponentName;
D/dalvikvm( 1794): VFY: replacing opcode 0x6e at 0x0012
D/dalvikvm( 1568): GC_FOR_ALLOC freed 1069K, 52% free 7457K/15268K, paused 6ms, total 7ms
D/dalvikvm( 1794): GC_FOR_ALLOC freed 275K, 10% free 6072K/6692K, paused 4ms, total 4ms
W/ActivityManager( 1568): Unable to start service Intent { act=com.google.android.gms.auth.key.retrieval.service.START pkg=com.google.android.gms } U=0: not found
I/dalvikvm( 1794): Could not find method android.app.NotificationManager.getCurrentInterruptionFilter, referenced from method nea.b
W/dalvikvm( 1794): VFY: unable to resolve virtual method 2504: Landroid/app/NotificationManager;.getCurrentInterruptionFilter ()I
D/dalvikvm( 1794): VFY: replacing opcode 0x6e at 0x0002
D/dalvikvm( 2153): GC_FOR_ALLOC freed 814K, 15% free 5941K/6968K, paused 8ms, total 8ms
I/dalvikvm( 1794): Could not find method android.content.ServiceConnection.onNullBinding, referenced from method uxb.onNullBinding
W/dalvikvm( 1794): VFY: unable to resolve interface method 2566: Landroid/content/ServiceConnection;.onNullBinding (Landroid/content/ComponentName;)V
D/dalvikvm( 1794): VFY: replacing opcode 0x72 at 0x000f
E/GmsClient( 2153): unable to connect to service: com.google.android.gms.auth.key.retrieval.service.START on com.google.android.gms
W/ActivityManager( 1568): Unbind failed: could not find connection for android.os.BinderProxy@9d531198
I/dalvikvm( 1794): Could not find method android.accounts.AccountManager.removeAccount, referenced from method ymq.c
W/dalvikvm( 1794): VFY: unable to resolve virtual method 4165: Landroid/accounts/AccountManager;.removeAccount (Landroid/accounts/Account;Landroid/app/Activity;Landroid/accounts/AccountManagerCallback;Landroid/os/Handler;)Landroid/accounts/AccountManagerFuture;
D/dalvikvm( 1794): VFY: replacing opcode 0x6e at 0x0009
I/dalvikvm( 1794): Could not find method android.accounts.AccountManager.removeAccountExplicitly, referenced from method ymq.d
W/dalvikvm( 1794): VFY: unable to resolve virtual method 4166: Landroid/accounts/AccountManager;.removeAccountExplicitly (Landroid/accounts/Account;)Z
D/dalvikvm( 1794): VFY: replacing opcode 0x6e at 0x0008
D/dalvikvm( 1794): GC_FOR_ALLOC freed 310K, 10% free 6696K/7372K, paused 6ms, total 6ms
I/Auth    ( 1794): [Change,AccountsChange] First snapshot
W/WakefulBroadcastReceiv.( 1794): No active wake lock id #1
I/dalvikvm( 1778): Could not find method android.app.AlarmManager.setExactAndAllowWhileIdle, referenced from method nio.a
W/dalvikvm( 1778): VFY: unable to resolve virtual method 2384: Landroid/app/AlarmManager;.setExactAndAllowWhileIdle (IJLandroid/app/PendingIntent;)V
D/dalvikvm( 1778): VFY: replacing opcode 0x6e at 0x000b
I/dalvikvm( 1778): Failed resolving Lnin; interface 549 'Landroid/app/AlarmManager$OnAlarmListener;'
W/dalvikvm( 1778): Link of class 'Lnin;' failed
W/dalvikvm( 1778): VFY: unable to find class referenced in signature (Lnin;)
I/dalvikvm( 1778): Could not find method android.app.AlarmManager.set, referenced from method nio.a
W/dalvikvm( 1778): VFY: unable to resolve virtual method 2381: Landroid/app/AlarmManager;.set (IJJJLandroid/app/AlarmManager$OnAlarmListener;Landroid/os/Handler;Landroid/os/WorkSource;)V
D/dalvikvm( 1778): VFY: replacing opcode 0x74 at 0x0024
I/dalvikvm( 1778): Failed resolving Lnin; interface 549 'Landroid/app/AlarmManager$OnAlarmListener;'
W/dalvikvm( 1778): Link of class 'Lnin;' failed
W/dalvikvm( 1778): VFY: unable to find class referenced in signature (Lnin;)
I/dalvikvm( 1778): Could not find method android.app.AlarmManager.cancel, referenced from method nio.a
W/dalvikvm( 1778): VFY: unable to resolve virtual method 2378: Landroid/app/AlarmManager;.cancel (Landroid/app/AlarmManager$OnAlarmListener;)V
D/dalvikvm( 1778): VFY: replacing opcode 0x6e at 0x0002
I/dalvikvm( 1778): Could not find method android.os.UserManager.isManagedProfile, referenced from method ffl.a
W/dalvikvm( 1778): VFY: unable to resolve virtual method 4277: Landroid/os/UserManager;.isManagedProfile ()Z
D/dalvikvm( 1778): VFY: replacing opcode 0x6e at 0x0024
I/dalvikvm( 1778): Could not find method android.app.admin.DevicePolicyManager.isProfileOwnerApp, referenced from method hbs.c
W/dalvikvm( 1778): VFY: unable to resolve virtual method 2595: Landroid/app/admin/DevicePolicyManager;.isProfileOwnerApp (Ljava/lang/String;)Z
D/dalvikvm( 1778): VFY: replacing opcode 0x6e at 0x0011
I/dalvikvm( 1778): Could not find method android.app.admin.DevicePolicyManager.getProfileOwner, referenced from method hbs.a
W/dalvikvm( 1778): VFY: unable to resolve virtual method 2591: Landroid/app/admin/DevicePolicyManager;.getProfileOwner ()Landroid/content/ComponentName;
D/dalvikvm( 1778): VFY: replacing opcode 0x6e at 0x0012
I/NearbyDiscovery( 1778): DiscoveryService destroyed [CONTEXT service_id=49 ]
D/dalvikvm( 1778): GC_FOR_ALLOC freed 2541K, 31% free 6462K/9252K, paused 5ms, total 5ms
I/Auth    ( 1778): [WorkAccountServiceImpl] init work authenticator
D/dalvikvm( 1568): GC_FOR_ALLOC freed 1111K, 52% free 7465K/15268K, paused 6ms, total 6ms
I/Auth    ( 1778): [WorkAccountServiceImpl] updating authenticator enabled state to: false
I/ahju    ( 1778): Scheduling Phenotype for a PhenotypeSyncImmediately(6, com.google.android.gms.settings.platform.boot) one off with window [1, 2] in seconds [CONTEXT service_id=51 ]
D/dalvikvm( 2153): GC_FOR_ALLOC freed 832K, 15% free 6059K/7112K, paused 4ms, total 4ms
I/dalvikvm( 1778): Could not find method android.provider.DeviceConfig.getProperty, referenced from method ahlr.a
W/dalvikvm( 1778): VFY: unable to resolve static method 29770: Landroid/provider/DeviceConfig;.getProperty (Ljava/lang/String;Ljava/lang/String;)Ljava/lang/String;
D/dalvikvm( 1778): VFY: replacing opcode 0x71 at 0x0000
I/dalvikvm( 1778): Could not find method android.provider.DeviceConfig.setProperty, referenced from method ahlr.a
W/dalvikvm( 1778): VFY: unable to resolve static method 29771: Landroid/provider/DeviceConfig;.setProperty (Ljava/lang/String;Ljava/lang/String;Ljava/lang/String;Z)Z
D/dalvikvm( 1778): VFY: replacing opcode 0x71 at 0x0000
E/ConfigFileUtils( 2153): Failed to read config file: /data/data/com.google.android.gms/app_chimera/current_fileapks.pb: open failed: ENOENT (No such file or directory)
I/InputReader( 1568): Reconfiguring input devices.  changes=0x00000010
I/InputReader( 1568): Reconfiguring input devices.  changes=0x00000010
I/PackageManager( 1568):   Action: "android.intent.action.SENDTO"
I/PackageManager( 1568):   Category: "android.intent.category.DEFAULT"
I/PackageManager( 1568):   Scheme: "sms"
I/InputReader( 1568): Reconfiguring input devices.  changes=0x00000010
I/Auth    ( 2153): [SupervisedAccountIntentOperation] onHandleIntent(): com.google.android.chimera.IntentOperation.NEW_MODULE
I/PackageManager( 1568): Adding preferred activity ComponentInfo{com.android.mms/com.android.mms.ui.ComposeMessageActivity} for user 0 :
I/dalvikvm( 2153): Could not find method android.os.UserManager.isManagedProfile, referenced from method nmn.g
W/dalvikvm( 2153): VFY: unable to resolve virtual method 4277: Landroid/os/UserManager;.isManagedProfile ()Z
D/dalvikvm( 2153): VFY: replacing opcode 0x6e at 0x0012
I/dalvikvm( 2153): Could not find method android.app.admin.DevicePolicyManager.getAccountTypesWithManagementDisabled, referenced from method nmn.i
W/dalvikvm( 2153): VFY: unable to resolve virtual method 2586: Landroid/app/admin/DevicePolicyManager;.getAccountTypesWithManagementDisabled ()[Ljava/lang/String;
D/dalvikvm( 2153): VFY: replacing opcode 0x6e at 0x002b
D/dalvikvm( 1568): GC_FOR_ALLOC freed 1040K, 51% free 7547K/15268K, paused 9ms, total 9ms
I/InputReader( 1568): Reconfiguring input devices.  changes=0x00000010
I/PackageManager( 1568):   Action: "android.intent.action.SENDTO"
I/PackageManager( 1568):   Category: "android.intent.category.DEFAULT"
I/PackageManager( 1568):   Scheme: "smsto"
E/ConfigFileUtils( 2153): Failed to read config file: /data/data/com.google.android.gms/app_chimera/current_fileapks.pb: open failed: ENOENT (No such file or directory)
I/PackageManager( 1568):   Action: "android.intent.action.SENDTO"
I/PackageManager( 1568):   Category: "android.intent.category.DEFAULT"
I/PackageManager( 1568): Adding preferred activity ComponentInfo{com.android.mms/com.android.mms.ui.ComposeMessageActivity} for user 0 :
I/PackageManager( 1568): Adding preferred activity ComponentInfo{com.android.mms/com.android.mms.ui.ComposeMessageActivity} for user 0 :
I/PackageManager( 1568):   Scheme: "mms"
D/dalvikvm( 1816): GC_FOR_ALLOC freed 361K, 17% free 3634K/4336K, paused 1ms, total 1ms
I/Auth    ( 2153): [SupervisedAccountIntentOperation] This operation is disabled
I/PackageManager( 1568):   Action: "android.intent.action.SENDTO"
I/PackageManager( 1568):   Category: "android.intent.category.DEFAULT"
I/PackageManager( 1568):   Scheme: "mmsto"
D/dalvikvm( 1940): GC_FOR_ALLOC freed 1887K, 9% free 22852K/24956K, paused 2ms, total 2ms
I/PackageManager( 1568): Adding preferred activity ComponentInfo{com.android.mms/com.android.mms.ui.ComposeMessageActivity} for user 0 :
I/PackageManager( 1568):   Action: "android.intent.action.SENDTO"
I/PackageManager( 1568):   Category: "android.intent.category.DEFAULT"
I/PackageManager( 1568):   Scheme: "sms"
I/PackageManager( 1568): Adding preferred activity ComponentInfo{com.android.mms/com.android.mms.ui.ComposeMessageActivity} for user 0 :
D/dalvikvm( 1568): GC_FOR_ALLOC freed 1081K, 51% free 7609K/15268K, paused 9ms, total 9ms
D/Tethering( 1568): MasterInitialState.processMessage what=3
D/CaptivePortalTracker( 1568): NoActiveNetworkState{ when=0 what=1 obj=NetworkInfo: type: mobile_hipri[LTE], state: DISCONNECTED/DISCONNECTED, reason: dataDisabled, extra: epc.tmobile.com, roaming: false, failover: false, isAvailable: true, isConnectedToProvisioningNetwork: false target=com.android.internal.util.StateMachine$SmHandler }
D/CaptivePortalTracker( 1568): NoActiveNetworkState not a wifi connectivity change, ignore
I/PackageManager( 1568):   Action: "android.intent.action.SENDTO"
I/PackageManager( 1568):   Category: "android.intent.category.DEFAULT"
I/PackageManager( 1568):   Scheme: "smsto"
D/Tethering( 1568): MasterInitialState.processMessage what=3
D/CaptivePortalTracker( 1568): NoActiveNetworkState{ when=0 what=1 obj=NetworkInfo: type: mobile[LTE], state: CONNECTED/CONNECTED, reason: connected, extra: epc.tmobile.com, roaming: false, failover: false, isAvailable: true, isConnectedToProvisioningNetwork: false target=com.android.internal.util.StateMachine$SmHandler }
D/CaptivePortalTracker( 1568): NoActiveNetworkState not a wifi connectivity change, ignore
I/PackageManager( 1568): Adding preferred activity ComponentInfo{com.android.mms/com.android.mms.ui.ComposeMessageActivity} for user 0 :
I/PackageManager( 1568):   Action: "android.intent.action.SENDTO"
I/PackageManager( 1568):   Category: "android.intent.category.DEFAULT"
I/PackageManager( 1568):   Scheme: "mms"
I/PackageManager( 1568): Adding preferred activity ComponentInfo{com.android.mms/com.android.mms.ui.ComposeMessageActivity} for user 0 :
I/PackageManager( 1568):   Action: "android.intent.action.SENDTO"
I/PackageManager( 1568):   Category: "android.intent.category.DEFAULT"
I/PackageManager( 1568):   Scheme: "mmsto"
I/dalvikvm( 1778): Could not find method android.os.UserManager.isManagedProfile, referenced from method nmn.g
W/dalvikvm( 1778): VFY: unable to resolve virtual method 4277: Landroid/os/UserManager;.isManagedProfile ()Z
D/dalvikvm( 1778): VFY: replacing opcode 0x6e at 0x0012
I/dalvikvm( 1778): Could not find method android.app.admin.DevicePolicyManager.getAccountTypesWithManagementDisabled, referenced from method nmn.i
W/dalvikvm( 1778): VFY: unable to resolve virtual method 2586: Landroid/app/admin/DevicePolicyManager;.getAccountTypesWithManagementDisabled ()[Ljava/lang/String;
D/dalvikvm( 1778): VFY: replacing opcode 0x6e at 0x002b
D/dalvikvm( 1816): GC_FOR_ALLOC freed 357K, 16% free 3646K/4336K, paused 1ms, total 1ms
I/PackageManager( 1568): Adding preferred activity ComponentInfo{com.android.mms/com.android.mms.ui.ComposeMessageActivity} for user 0 :
I/SystemUpdate( 2153): [Installation,ReceiverIntentOperation] Received intent: Intent { act=com.google.android.gms.update.BASE_MODULE_INIT cat=[targeted_intent_op_prefix:.update.control.ReceiverIntentOperation] cmp=com.google.android.gms/.chimera.GmsIntentOperationService }.
I/dalvikvm( 2153): Could not find method android.app.NotificationManager.getCurrentInterruptionFilter, referenced from method nea.b
W/dalvikvm( 2153): VFY: unable to resolve virtual method 2504: Landroid/app/NotificationManager;.getCurrentInterruptionFilter ()I
D/dalvikvm( 2153): VFY: replacing opcode 0x6e at 0x0002
I/GCoreUlr( 1778): WorldUpdater received intent Intent { act=com.google.android.location.reporting.ACTION_UPDATE_WORLD cmp=com.google.android.gms/com.google.android.location.reporting.service.DispatchingService (has extras) } with receiverAction android.location.PROVIDERS_CHANGED
I/Icing   ( 2153): Using regular flags by method 2
D/dalvikvm( 1568): GC_FOR_ALLOC freed 1344K, 52% free 7408K/15268K, paused 10ms, total 10ms
I/dalvikvm( 2153): Could not find method android.app.admin.DevicePolicyManager.isProfileOwnerApp, referenced from method hbs.c
W/dalvikvm( 2153): VFY: unable to resolve virtual method 2595: Landroid/app/admin/DevicePolicyManager;.isProfileOwnerApp (Ljava/lang/String;)Z
D/dalvikvm( 2153): VFY: replacing opcode 0x6e at 0x0011
I/dalvikvm( 2153): Could not find method android.app.admin.DevicePolicyManager.getProfileOwner, referenced from method hbs.a
W/dalvikvm( 2153): VFY: unable to resolve virtual method 2591: Landroid/app/admin/DevicePolicyManager;.getProfileOwner ()Landroid/content/ComponentName;
D/dalvikvm( 2153): VFY: replacing opcode 0x6e at 0x0012
I/PackageManager( 1568):   Action: "android.intent.action.SENDTO"
I/PackageManager( 1568):   Category: "android.intent.category.DEFAULT"
I/PackageManager( 1568):   Scheme: "sms"
I/ahgs    ( 1778): No Heterodyne serving version in database [CONTEXT service_id=51 ]
I/PackageManager( 1568): Adding preferred activity ComponentInfo{com.android.mms/com.android.mms.ui.ComposeMessageActivity} for user 0 :
I/PackageManager( 1568):   Action: "android.intent.action.SENDTO"
I/PackageManager( 1568):   Category: "android.intent.category.DEFAULT"
I/PackageManager( 1568):   Scheme: "smsto"
I/PackageManager( 1568):   Action: "android.intent.action.SENDTO"
I/PackageManager( 1568):   Category: "android.intent.category.DEFAULT"
I/PackageManager( 1568):   Scheme: "mms"
D/dalvikvm( 2153): GC_FOR_ALLOC freed 745K, 13% free 6341K/7272K, paused 8ms, total 8ms
I/PackageManager( 1568): Adding preferred activity ComponentInfo{com.android.mms/com.android.mms.ui.ComposeMessageActivity} for user 0 :
I/PackageManager( 1568): Adding preferred activity ComponentInfo{com.android.mms/com.android.mms.ui.ComposeMessageActivity} for user 0 :
I/PackageManager( 1568):   Action: "android.intent.action.SENDTO"
I/PackageManager( 1568):   Category: "android.intent.category.DEFAULT"
I/PackageManager( 1568):   Scheme: "mmsto"
I/PackageManager( 1568): Adding preferred activity ComponentInfo{com.android.mms/com.android.mms.ui.ComposeMessageActivity} for user 0 :
D/dalvikvm( 1568): GC_FOR_ALLOC freed 1043K, 52% free 7473K/15268K, paused 9ms, total 9ms
I/PackageManager( 1568):   Action: "android.intent.action.SENDTO"
I/PackageManager( 1568):   Category: "android.intent.category.DEFAULT"
I/PackageManager( 1568):   Scheme: "sms"
D/dalvikvm( 1794): GC_EXPLICIT freed 391K, 10% free 6879K/7636K, paused 0ms+12ms, total 28ms
D/dalvikvm( 1816): GC_FOR_ALLOC freed 372K, 16% free 3651K/4340K, paused 1ms, total 2ms
I/PackageManager( 1568):   Action: "android.intent.action.SENDTO"
I/PackageManager( 1568):   Category: "android.intent.category.DEFAULT"
I/PackageManager( 1568):   Scheme: "smsto"
I/PackageManager( 1568): Adding preferred activity ComponentInfo{com.android.mms/com.android.mms.ui.ComposeMessageActivity} for user 0 :
I/PackageManager( 1568): Adding preferred activity ComponentInfo{com.android.mms/com.android.mms.ui.ComposeMessageActivity} for user 0 :
I/PackageManager( 1568):   Action: "android.intent.action.SENDTO"
I/PackageManager( 1568):   Category: "android.intent.category.DEFAULT"
I/PackageManager( 1568):   Scheme: "mms"
I/PackageManager( 1568): Adding preferred activity ComponentInfo{com.android.mms/com.android.mms.ui.ComposeMessageActivity} for user 0 :
I/PackageManager( 1568):   Action: "android.intent.action.SENDTO"
I/PackageManager( 1568):   Category: "android.intent.category.DEFAULT"
I/PackageManager( 1568):   Scheme: "mmsto"
I/PackageManager( 1568): Adding preferred activity ComponentInfo{com.android.mms/com.android.mms.ui.ComposeMessageActivity} for user 0 :
W/Settings( 2153): Setting device_provisioned has moved from android.provider.Settings.Secure to android.provider.Settings.Global.
E/dalvikvm( 2153): Could not find class 'android.net.Network', referenced from method anbj.a
W/dalvikvm( 2153): VFY: unable to resolve check-cast 7930 (Landroid/net/Network;) in Lanbj;
D/dalvikvm( 2153): VFY: replacing opcode 0x1f at 0x01c1
D/dalvikvm( 1568): GC_FOR_ALLOC freed 1163K, 52% free 7434K/15268K, paused 8ms, total 8ms
I/PackageManager( 1568):   Action: "android.intent.action.SENDTO"
I/PackageManager( 1568):   Category: "android.intent.category.DEFAULT"
I/PackageManager( 1568):   Scheme: "sms"
I/PackageManager( 1568): Adding preferred activity ComponentInfo{com.android.mms/com.android.mms.ui.ComposeMessageActivity} for user 0 :
I/PackageManager( 1568):   Action: "android.intent.action.SENDTO"
I/PackageManager( 1568):   Category: "android.intent.category.DEFAULT"
I/PackageManager( 1568):   Scheme: "smsto"
I/PackageManager( 1568): Adding preferred activity ComponentInfo{com.android.mms/com.android.mms.ui.ComposeMessageActivity} for user 0 :
D/dalvikvm( 1816): GC_FOR_ALLOC freed 417K, 17% free 3617K/4348K, paused 4ms, total 4ms
I/PackageManager( 1568):   Action: "android.intent.action.SENDTO"
I/PackageManager( 1568):   Category: "android.intent.category.DEFAULT"
I/PackageManager( 1568):   Scheme: "mms"
I/PackageManager( 1568): Adding preferred activity ComponentInfo{com.android.mms/com.android.mms.ui.ComposeMessageActivity} for user 0 :
I/PackageManager( 1568):   Action: "android.intent.action.SENDTO"
I/PackageManager( 1568):   Category: "android.intent.category.DEFAULT"
I/PackageManager( 1568):   Scheme: "mmsto"
I/GCoreUlr( 1778): WorldUpdater:android.location.PROVIDERS_CHANGED: Ensuring that reporting is stopped because of reasons: (no Google accounts)
I/PackageManager( 1568): Adding preferred activity ComponentInfo{com.android.mms/com.android.mms.ui.ComposeMessageActivity} for user 0 :
I/PackageManager( 1568):   Action: "android.intent.action.SENDTO"
I/PackageManager( 1568):   Category: "android.intent.category.DEFAULT"
I/PackageManager( 1568):   Scheme: "sms"
I/PackageManager( 1568):   Action: "android.intent.action.SENDTO"
I/PackageManager( 1568):   Category: "android.intent.category.DEFAULT"
I/PackageManager( 1568):   Scheme: "smsto"
I/PackageManager( 1568): Adding preferred activity ComponentInfo{com.android.mms/com.android.mms.ui.ComposeMessageActivity} for user 0 :
I/PackageManager( 1568): Adding preferred activity ComponentInfo{com.android.mms/com.android.mms.ui.ComposeMessageActivity} for user 0 :
D/dalvikvm( 1568): GC_FOR_ALLOC freed 1089K, 52% free 7461K/15268K, paused 6ms, total 6ms
I/PackageManager( 1568):   Action: "android.intent.action.SENDTO"
I/PackageManager( 1568):   Category: "android.intent.category.DEFAULT"
I/PackageManager( 1568):   Scheme: "mms"
I/PackageManager( 1568): Adding preferred activity ComponentInfo{com.android.mms/com.android.mms.ui.ComposeMessageActivity} for user 0 :
I/PackageManager( 1568):   Action: "android.intent.action.SENDTO"
I/PackageManager( 1568):   Category: "android.intent.category.DEFAULT"
I/PackageManager( 1568):   Scheme: "mmsto"
I/GCoreUlr( 1778): Unbound from all signal providers.
D/dalvikvm( 1816): GC_FOR_ALLOC freed 385K, 17% free 3650K/4348K, paused 2ms, total 2ms
I/PackageManager( 1568): Adding preferred activity ComponentInfo{com.android.mms/com.android.mms.ui.ComposeMessageActivity} for user 0 :
I/PackageManager( 1568):   Action: "android.intent.action.SENDTO"
I/PackageManager( 1568):   Category: "android.intent.category.DEFAULT"
I/PackageManager( 1568):   Scheme: "sms"
I/PackageManager( 1568): Adding preferred activity ComponentInfo{com.android.mms/com.android.mms.ui.ComposeMessageActivity} for user 0 :
D/dalvikvm( 2153): GC_FOR_ALLOC freed 961K, 16% free 6487K/7636K, paused 16ms, total 16ms
D/dalvikvm( 1568): GC_FOR_ALLOC freed 1155K, 52% free 7426K/15268K, paused 10ms, total 10ms
I/PackageManager( 1568):   Action: "android.intent.action.SENDTO"
I/PackageManager( 1568):   Category: "android.intent.category.DEFAULT"
I/PackageManager( 1568):   Scheme: "smsto"
I/PackageManager( 1568): Adding preferred activity ComponentInfo{com.android.mms/com.android.mms.ui.ComposeMessageActivity} for user 0 :
I/PackageManager( 1568):   Action: "android.intent.action.SENDTO"
I/PackageManager( 1568):   Category: "android.intent.category.DEFAULT"
I/PackageManager( 1568):   Scheme: "mms"
I/PackageManager( 1568): Adding preferred activity ComponentInfo{com.android.mms/com.android.mms.ui.ComposeMessageActivity} for user 0 :
I/PackageManager( 1568):   Action: "android.intent.action.SENDTO"
I/PackageManager( 1568):   Category: "android.intent.category.DEFAULT"
I/PackageManager( 1568):   Scheme: "mmsto"
I/SystemUpdate( 2153): [Execution,InstallationEventIntentOperation] Handling event of type 1.
I/PackageManager( 1568): Adding preferred activity ComponentInfo{com.android.mms/com.android.mms.ui.ComposeMessageActivity} for user 0 :
I/PackageManager( 1568):   Action: "android.intent.action.SENDTO"
I/PackageManager( 1568):   Category: "android.intent.category.DEFAULT"
I/PackageManager( 1568):   Scheme: "sms"
I/PackageManager( 1568): Adding preferred activity ComponentInfo{com.android.mms/com.android.mms.ui.ComposeMessageActivity} for user 0 :
D/dalvikvm( 1816): GC_FOR_ALLOC freed 395K, 17% free 3648K/4348K, paused 2ms, total 2ms
I/PackageManager( 1568):   Action: "android.intent.action.SENDTO"
I/PackageManager( 1568):   Category: "android.intent.category.DEFAULT"
I/PackageManager( 1568):   Scheme: "smsto"
I/PackageManager( 1568): Adding preferred activity ComponentInfo{com.android.mms/com.android.mms.ui.ComposeMessageActivity} for user 0 :
D/dalvikvm( 1568): GC_FOR_ALLOC freed 1108K, 52% free 7432K/15268K, paused 6ms, total 6ms
I/PackageManager( 1568):   Action: "android.intent.action.SENDTO"
I/PackageManager( 1568):   Category: "android.intent.category.DEFAULT"
I/PackageManager( 1568):   Scheme: "mms"
I/PackageManager( 1568):   Action: "android.intent.action.SENDTO"
