I/ActivityManager( 1567): Killing 1740:com.android.printspooler/u0a44 (adj 15): empty #17
I/Icing   ( 1949): Indexing com.google.android.googlequicksearchbox-applications from com.google.android.googlequicksearchbox
I/ContentMaintenance( 1949): Internal cache bytes used: 0; limit: 39526809; download size: 0
E/memtrack( 2633): Couldn't load memtrack module (No such file or directory)
E/android.os.Debug( 2633): failed to load memtrack module: -2
I/PinnedContentDownloader( 1949): Finished downloading pinned content.
I/RealtimeCacheCleanup( 1949): Beginning Realtime garbage collection.
I/RealtimeCacheCleanup( 1949): Finished Realtime garbage collection.
D/AndroidRuntime( 2633): Calling main entry com.android.commands.pm.Pm
I/Icing   ( 1949): Indexing com.google.android.gms-apps from com.google.android.gms
D/dalvikvm( 1789): GC_EXPLICIT freed 221K, 27% free 6239K/8528K, paused 0ms+0ms, total 10ms
I/Icing   ( 1949): Indexing done com.google.android.googlequicksearchbox-applications
W/ActivityManager( 1567): No content provider found for permission revoke: file:///data/local/tmp/AndroidRipperService.apk
W/ActivityManager( 1567): No content provider found for permission revoke: file:///data/local/tmp/AndroidRipperService.apk
I/PackageManager( 1567): Copying native libraries to /data/app-lib/vmdl-210762131
I/PackageParser( 1567): it.unina.android.ripper_service: compat added android.permission.WRITE_EXTERNAL_STORAGE android.permission.READ_PHONE_STATE
I/Icing   ( 1949): Indexing done com.google.android.gms-apps
I/PackageManager( 1567): Running dexopt on: it.unina.android.ripper_service
W/linker  ( 2650): libdvm.so has text relocations. This is wasting memory and is a security risk. Please fix.
D/dalvikvm( 2650): DexOpt: load 4ms, verify+opt 22ms, 1117628 bytes
I/ActivityManager( 1567): Force stopping it.unina.android.ripper_service appid=10058 user=-1: update pkg
D/Documents( 2542): Used cached roots for com.android.providers.downloads.documents
D/Documents( 2542): Used cached roots for com.android.externalstorage.documents
D/Documents( 2542): Used cached roots for com.android.providers.media.documents
D/Documents( 2542): Update found 6 roots in 1ms
I/InputReader( 1567): Reconfiguring input devices.  changes=0x00000010
W/Launcher.Model( 2459): Nobody to tell about the new app.  Launcher is probably loading.
I/PackageManager( 1567):   Action: "android.intent.action.SENDTO"
I/PackageManager( 1567):   Category: "android.intent.category.DEFAULT"
I/PackageManager( 1567):   Scheme: "sms"
I/PackageManager( 1567): Adding preferred activity ComponentInfo{com.android.mms/com.android.mms.ui.ComposeMessageActivity} for user 0 :
D/dalvikvm( 1717): GC_FOR_ALLOC freed 419K, 18% free 3582K/4352K, paused 2ms, total 2ms
I/PackageManager( 1567):   Action: "android.intent.action.SENDTO"
I/PackageManager( 1567):   Category: "android.intent.category.DEFAULT"
I/PackageManager( 1567):   Scheme: "smsto"
D/BackupManagerService( 1567): Received broadcast Intent { act=android.intent.action.PACKAGE_ADDED dat=package:it.unina.android.ripper_service flg=0x4000010 (has extras) }
I/PackageManager( 1567): Adding preferred activity ComponentInfo{com.android.mms/com.android.mms.ui.ComposeMessageActivity} for user 0 :
D/dalvikvm( 1567): GC_EXPLICIT freed 1246K, 18% free 7649K/9296K, paused 3ms+1ms, total 22ms
D/dalvikvm( 1567): WAIT_FOR_CONCURRENT_GC blocked 8ms
D/dalvikvm( 1567): WAIT_FOR_CONCURRENT_GC blocked 9ms
D/dalvikvm( 1567): WAIT_FOR_CONCURRENT_GC blocked 8ms
D/dalvikvm( 1567): WAIT_FOR_CONCURRENT_GC blocked 7ms
D/AndroidRuntime( 2633): Shutting down VM
D/jdwp    ( 2633): Got wake-up signal, bailing out of select
D/dalvikvm( 2633): Debugger has detached; object registry had 1 entries
I/PackageManager( 1567):   Action: "android.intent.action.SENDTO"
I/PackageManager( 1567):   Category: "android.intent.category.DEFAULT"
I/PackageManager( 1567):   Scheme: "mms"
V/BackupManagerService( 1567): addPackageParticipantsLocked: #1
I/PackageManager( 1567): Adding preferred activity ComponentInfo{com.android.mms/com.android.mms.ui.ComposeMessageActivity} for user 0 :
I/PackageManager( 1567):   Action: "android.intent.action.SENDTO"
I/PackageManager( 1567):   Category: "android.intent.category.DEFAULT"
I/PackageManager( 1567):   Scheme: "mmsto"
I/PackageManager( 1567): Adding preferred activity ComponentInfo{com.android.mms/com.android.mms.ui.ComposeMessageActivity} for user 0 :
I/PackageManager( 1567):   Action: "android.intent.action.SENDTO"
I/PackageManager( 1567):   Category: "android.intent.category.DEFAULT"
I/PackageManager( 1567):   Scheme: "sms"
W/GCM     ( 1689): Unexpected forwarded intent: Intent { act=android.intent.action.PACKAGE_ADDED dat=package:it.unina.android.ripper_service flg=0x4000010 cmp=com.google.android.gms/.chimera.PersistentIntentOperationService (has extras) }
I/PackageManager( 1567): Adding preferred activity ComponentInfo{com.android.mms/com.android.mms.ui.ComposeMessageActivity} for user 0 :
W/GCM     ( 1689): Unexpected forwarded intent: Intent { act=android.intent.action.PACKAGE_ADDED dat=package:it.unina.android.ripper_service flg=0x4000010 cmp=com.google.android.gms/.chimera.PersistentIntentOperationService (has extras) }
I/Auth    ( 1949): [SupervisedAccountIntentOperation] onHandleIntent(): android.intent.action.PACKAGE_ADDED
D/dalvikvm( 1717): GC_FOR_ALLOC freed 403K, 17% free 3624K/4352K, paused 2ms, total 2ms
I/Icing.InternalIcingCorporaProvider( 2212): Updating corpora: A: it.unina.android.ripper_service, C: MAYBE
I/PackageManager( 1567):   Action: "android.intent.action.SENDTO"
I/PackageManager( 1567):   Category: "android.intent.category.DEFAULT"
I/PackageManager( 1567):   Scheme: "smsto"
I/PackageManager( 1567): Adding preferred activity ComponentInfo{com.android.mms/com.android.mms.ui.ComposeMessageActivity} for user 0 :
I/ActivityManager( 1567): Start proc com.svox.pico for broadcast com.svox.pico/.VoiceDataInstallerReceiver: pid=2654 uid=10041 gids={50041, 1028, 1015}
I/PackageManager( 1567):   Action: "android.intent.action.SENDTO"
I/PackageManager( 1567):   Category: "android.intent.category.DEFAULT"
I/PackageManager( 1567):   Scheme: "mms"
I/PackageManager( 1567): Adding preferred activity ComponentInfo{com.android.mms/com.android.mms.ui.ComposeMessageActivity} for user 0 :
I/ChromeSync( 1949): [Sync,SyncIntentOperation] Handling the intent: Intent { act=android.intent.action.PACKAGE_ADDED dat=package:it.unina.android.ripper_service flg=0x4000010 cmp=com.google.android.gms/.chimera.GmsIntentOperationService (has extras) }.
W/ActivityManager( 1567): Unable to start service Intent { act=com.google.android.gms.auth.key.retrieval.service.START pkg=com.google.android.gms } U=0: not found
I/FontLog ( 1949): Package it.unina.android.ripper_service has no metadata [CONTEXT service_id=132 ]
E/GmsClient( 1949): unable to connect to service: com.google.android.gms.auth.key.retrieval.service.START on com.google.android.gms
I/PackageManager( 1567):   Action: "android.intent.action.SENDTO"
I/PackageManager( 1567):   Category: "android.intent.category.DEFAULT"
I/PackageManager( 1567):   Scheme: "mmsto"
W/ActivityManager( 1567): Unbind failed: could not find connection for android.os.BinderProxy@9d4b14f0
I/PackageManager( 1567): Adding preferred activity ComponentInfo{com.android.mms/com.android.mms.ui.ComposeMessageActivity} for user 0 :
I/dalvikvm( 1949): Could not find method java.util.Locale.toLanguageTag, referenced from method wkb.a
W/dalvikvm( 1949): VFY: unable to resolve virtual method 19297: Ljava/util/Locale;.toLanguageTag ()Ljava/lang/String;
D/dalvikvm( 1949): VFY: replacing opcode 0x6e at 0x015f
D/dalvikvm( 1567): GC_FOR_ALLOC freed 1194K, 19% free 7602K/9296K, paused 8ms, total 8ms
I/Icing   ( 1949): IndexChimeraService.getServiceInterface callingPackage=com.google.android.googlequicksearchbox componentName=null serviceId=21
I/ChromeSync( 1949): [Persistence,AffiliationManager] One of affiliation or grouping data for android://KSmUCdTXmQS-j9D_O8l1jvyu41Pjn2mc5cb0Gvx1e9H1Aj4JCzHs_uTW26nbtH65K-YfijtBsQxGp-8R6k6HFg==@it.unina.android.ripper_service/ was not found. Marking affiliation data as stale...
W/Icing   ( 1949): No valid account for uploading user actions
I/Icing   ( 1949): Usage reports ok 0, Failed Usage reports 0, indexed 0, rejected 0
I/Icing   ( 1949): Indexing com.google.android.gms-internal.3p:MobileApplication from com.google.android.gms using seqno 67
D/dalvikvm( 1949): GC_FOR_ALLOC freed 1711K, 15% free 11253K/13212K, paused 10ms, total 10ms
I/Icing   ( 1949): Indexing com.google.android.googlequicksearchbox-applications from com.google.android.googlequicksearchbox
I/Icing   ( 1949): Indexing com.google.android.gms-apps from com.google.android.gms
I/Icing   ( 1949): Indexing done com.google.android.googlequicksearchbox-applications
I/Icing   ( 1949): Indexing done com.google.android.gms-apps
D/AndroidRuntime( 2672): 
D/AndroidRuntime( 2672): >>>>>> AndroidRuntime START com.android.internal.os.RuntimeInit <<<<<<
W/linker  ( 2672): libdvm.so has text relocations. This is wasting memory and is a security risk. Please fix.
D/AndroidRuntime( 2672): CheckJNI is ON
D/dalvikvm( 2672): Trying to load lib libjavacore.so 0x0
D/dalvikvm( 2672): Added shared lib libjavacore.so 0x0
D/dalvikvm( 2672): Trying to load lib libnativehelper.so 0x0
D/dalvikvm( 2672): Added shared lib libnativehelper.so 0x0
D/dalvikvm( 2672): No JNI_OnLoad found in libnativehelper.so 0x0, skipping init
D/dalvikvm( 2672): Note: class Landroid/app/ActivityManagerNative; has 179 unimplemented (abstract) methods
I/Vision  ( 1949): Requesting optional module download of ocr.
I/Vision  ( 1949): Checking for download completion for 42443 -- ocr
E/memtrack( 2672): Couldn't load memtrack module (No such file or directory)
E/android.os.Debug( 2672): failed to load memtrack module: -2
D/dalvikvm( 1689): GC_FOR_ALLOC freed 1760K, 21% free 9289K/11640K, paused 9ms, total 9ms
D/AndroidRuntime( 2672): Calling main entry com.android.commands.pm.Pm
D/AndroidRuntime( 2672): Shutting down VM
D/jdwp    ( 2672): Got wake-up signal, bailing out of select
D/dalvikvm( 2672): Debugger has detached; object registry had 1 entries
D/AndroidRuntime( 2683): 
D/AndroidRuntime( 2683): >>>>>> AndroidRuntime START com.android.internal.os.RuntimeInit <<<<<<
W/linker  ( 2683): libdvm.so has text relocations. This is wasting memory and is a security risk. Please fix.
D/AndroidRuntime( 2683): CheckJNI is ON
D/dalvikvm( 2683): Trying to load lib libjavacore.so 0x0
D/dalvikvm( 2683): Added shared lib libjavacore.so 0x0
D/dalvikvm( 2683): Trying to load lib libnativehelper.so 0x0
D/dalvikvm( 2683): Added shared lib libnativehelper.so 0x0
D/dalvikvm( 2683): No JNI_OnLoad found in libnativehelper.so 0x0, skipping init
D/dalvikvm( 2683): Note: class Landroid/app/ActivityManagerNative; has 179 unimplemented (abstract) methods
E/memtrack( 2683): Couldn't load memtrack module (No such file or directory)
E/android.os.Debug( 2683): failed to load memtrack module: -2
D/AndroidRuntime( 2683): Calling main entry com.android.commands.pm.Pm
D/AndroidRuntime( 2683): Shutting down VM
D/jdwp    ( 2683): Got wake-up signal, bailing out of select
D/dalvikvm( 2683): Debugger has detached; object registry had 1 entries
D/AndroidRuntime( 2694): 
D/AndroidRuntime( 2694): >>>>>> AndroidRuntime START com.android.internal.os.RuntimeInit <<<<<<
W/linker  ( 2694): libdvm.so has text relocations. This is wasting memory and is a security risk. Please fix.
D/AndroidRuntime( 2694): CheckJNI is ON
D/dalvikvm( 2694): Trying to load lib libjavacore.so 0x0
D/dalvikvm( 2694): Added shared lib libjavacore.so 0x0
D/dalvikvm( 2694): Trying to load lib libnativehelper.so 0x0
D/dalvikvm( 2694): Added shared lib libnativehelper.so 0x0
D/dalvikvm( 2694): No JNI_OnLoad found in libnativehelper.so 0x0, skipping init
D/dalvikvm( 2694): Note: class Landroid/app/ActivityManagerNative; has 179 unimplemented (abstract) methods
E/memtrack( 2694): Couldn't load memtrack module (No such file or directory)
E/android.os.Debug( 2694): failed to load memtrack module: -2
D/AndroidRuntime( 2694): Calling main entry com.android.commands.am.Am
D/dalvikvm( 1144): GC_EXPLICIT freed 39K, 7% free 2995K/3220K, paused 0ms+1ms, total 2ms
D/dalvikvm( 1144): GC_EXPLICIT freed <1K, 7% free 2995K/3220K, paused 0ms+0ms, total 2ms
D/dalvikvm( 1144): GC_EXPLICIT freed <1K, 7% free 2995K/3220K, paused 1ms+0ms, total 3ms
D/AndroidRuntime( 2694): Shutting down VM
D/jdwp    ( 2694): Got wake-up signal, bailing out of select
D/dalvikvm( 2694): Debugger has detached; object registry had 1 entries
I/ActivityManager( 1567): Start proc it.unina.android.ripper_service:android_ripper_service_process for service it.unina.android.ripper_service/.AndroidRipperService: pid=2705 uid=10058 gids={50058, 3003, 1028, 1015}
V/AndroidRipperService( 2705): onCreate()
V/SERVER  ( 2705): Starting ServerSocket on PORT 18888
V/SERVER  ( 2705): Started ServerSocket on PORT 18888
V/SERVER  ( 2705): Ready to accept connections on port: 18888
D/AndroidRuntime( 2719): 
D/AndroidRuntime( 2719): >>>>>> AndroidRuntime START com.android.internal.os.RuntimeInit <<<<<<
W/linker  ( 2719): libdvm.so has text relocations. This is wasting memory and is a security risk. Please fix.
D/AndroidRuntime( 2719): CheckJNI is ON
D/dalvikvm( 2719): Trying to load lib libjavacore.so 0x0
D/dalvikvm( 2719): Added shared lib libjavacore.so 0x0
D/dalvikvm( 2719): Trying to load lib libnativehelper.so 0x0
D/dalvikvm( 2719): Added shared lib libnativehelper.so 0x0
D/dalvikvm( 2719): No JNI_OnLoad found in libnativehelper.so 0x0, skipping init
D/dalvikvm( 2719): Note: class Landroid/app/ActivityManagerNative; has 179 unimplemented (abstract) methods
E/memtrack( 2719): Couldn't load memtrack module (No such file or directory)
E/android.os.Debug( 2719): failed to load memtrack module: -2
D/AndroidRuntime( 2719): Calling main entry com.android.commands.input.Input
I/Input   ( 2719): injectKeyEvent: KeyEvent { action=ACTION_DOWN, keyCode=KEYCODE_MENU, scanCode=0, metaState=0, flags=0x0, repeatCount=0, eventTime=36082, downTime=36082, deviceId=-1, source=0x101 }
I/Input   ( 2719): injectKeyEvent: KeyEvent { action=ACTION_UP, keyCode=KEYCODE_MENU, scanCode=0, metaState=0, flags=0x0, repeatCount=0, eventTime=36082, downTime=36082, deviceId=-1, source=0x101 }
D/dalvikvm( 1730): GC_FOR_ALLOC freed 798K, 15% free 11047K/12948K, paused 2ms, total 2ms
I/dalvikvm-heap( 1730): Grow heap (frag case) to 12.818MB for 1939932-byte allocation
D/dalvikvm( 1730): GC_FOR_ALLOC freed 2K, 13% free 12939K/14844K, paused 4ms, total 4ms
D/AndroidRuntime( 2719): Shutting down VM
D/jdwp    ( 2719): Got wake-up signal, bailing out of select
E/SoundPool( 1567): error loading /system/media/audio/ui/Effect_Tick.ogg
W/AudioService( 1567): Soundpool could not load file: /system/media/audio/ui/Effect_Tick.ogg
E/SoundPool( 1567): error loading /system/media/audio/ui/Effect_Tick.ogg
W/AudioService( 1567): Soundpool could not load file: /system/media/audio/ui/Effect_Tick.ogg
E/SoundPool( 1567): error loading /system/media/audio/ui/Effect_Tick.ogg
W/AudioService( 1567): Soundpool could not load file: /system/media/audio/ui/Effect_Tick.ogg
E/SoundPool( 1567): error loading /system/media/audio/ui/Effect_Tick.ogg
W/AudioService( 1567): Soundpool could not load file: /system/media/audio/ui/Effect_Tick.ogg
E/SoundPool( 1567): error loading /system/media/audio/ui/Effect_Tick.ogg
W/AudioService( 1567): Soundpool could not load file: /system/media/audio/ui/Effect_Tick.ogg
E/SoundPool( 1567): error loading /system/media/audio/ui/KeypressStandard.ogg
W/AudioService( 1567): Soundpool could not load file: /system/media/audio/ui/KeypressStandard.ogg
E/SoundPool( 1567): error loading /system/media/audio/ui/KeypressSpacebar.ogg
W/AudioService( 1567): Soundpool could not load file: /system/media/audio/ui/KeypressSpacebar.ogg
E/SoundPool( 1567): error loading /system/media/audio/ui/KeypressDelete.ogg
W/AudioService( 1567): Soundpool could not load file: /system/media/audio/ui/KeypressDelete.ogg
E/SoundPool( 1567): error loading /system/media/audio/ui/KeypressReturn.ogg
W/AudioService( 1567): Soundpool could not load file: /system/media/audio/ui/KeypressReturn.ogg
E/SoundPool( 1567): error loading /system/media/audio/ui/KeypressInvalid.ogg
W/AudioService( 1567): Soundpool could not load file: /system/media/audio/ui/KeypressInvalid.ogg
W/AudioService( 1567): onLoadSoundEffects(), Error -1 while loading samples
D/dalvikvm( 2719): Debugger has detached; object registry had 1 entries
D/EGL_emulation( 1730): eglMakeCurrent: 0xb8dca5f0: ver 3 0
E/EGL_emulation( 1730): tid 1730: eglSurfaceAttrib(1199): error 0x3009 (EGL_BAD_MATCH)
W/HardwareRenderer( 1730): Backbuffer cannot be preserved
D/dalvikvm( 1567): GC_FOR_ALLOC freed 566K, 18% free 7632K/9296K, paused 12ms, total 12ms
D/AndroidRuntime( 2738): 
D/AndroidRuntime( 2738): >>>>>> AndroidRuntime START com.android.internal.os.RuntimeInit <<<<<<
W/linker  ( 2738): libdvm.so has text relocations. This is wasting memory and is a security risk. Please fix.
D/AndroidRuntime( 2738): CheckJNI is ON
D/dalvikvm( 2738): Trying to load lib libjavacore.so 0x0
D/dalvikvm( 2738): Added shared lib libjavacore.so 0x0
D/dalvikvm( 2738): Trying to load lib libnativehelper.so 0x0
D/dalvikvm( 2738): Added shared lib libnativehelper.so 0x0
D/dalvikvm( 2738): No JNI_OnLoad found in libnativehelper.so 0x0, skipping init
D/dalvikvm( 2738): Note: class Landroid/app/ActivityManagerNative; has 179 unimplemented (abstract) methods
E/memtrack( 2738): Couldn't load memtrack module (No such file or directory)
E/android.os.Debug( 2738): failed to load memtrack module: -2
D/AndroidRuntime( 2738): Calling main entry com.android.commands.pm.Pm
W/ActivityManager( 1567): No content provider found for permission revoke: file:///sdcard/aut.apk
W/ActivityManager( 1567): No content provider found for permission revoke: file:///sdcard/aut.apk
I/PackageManager( 1567): Copying native libraries to /data/app-lib/vmdl-922433701
D/dalvikvm( 1567): GC_FOR_ALLOC freed 518K, 16% free 7872K/9296K, paused 5ms, total 5ms
D/dalvikvm( 1567): GC_FOR_ALLOC freed 256K, 15% free 7952K/9296K, paused 5ms, total 5ms
D/dalvikvm( 1567): GC_FOR_ALLOC freed 182K, 15% free 7970K/9296K, paused 4ms, total 5ms
D/dalvikvm( 1567): GC_FOR_ALLOC freed 662K, 10% free 8559K/9412K, paused 6ms, total 6ms
D/dalvikvm( 1567): GC_FOR_ALLOC freed 1366K, 16% free 8580K/10144K, paused 6ms, total 6ms
D/dalvikvm( 1567): GC_FOR_ALLOC freed 1261K, 16% free 8592K/10168K, paused 6ms, total 6ms
D/dalvikvm( 1567): GC_FOR_ALLOC freed 1281K, 16% free 8598K/10180K, paused 5ms, total 5ms
D/dalvikvm( 1567): GC_FOR_ALLOC freed 1292K, 16% free 8607K/10192K, paused 6ms, total 6ms
D/dalvikvm( 1567): GC_FOR_ALLOC freed 1305K, 16% free 8615K/10204K, paused 5ms, total 5ms
D/dalvikvm( 1567): GC_FOR_ALLOC freed 1324K, 16% free 8623K/10216K, paused 5ms, total 5ms
I/PackageManager( 1567): Running dexopt on: de.hauke_stieler.geonotes
W/linker  ( 2749): libdvm.so has text relocations. This is wasting memory and is a security risk. Please fix.
W/dalvikvm( 2749): method Landroidx/appcompat/widget/DropDownListView;.lookForSelectablePosition incorrectly overrides package-private method with same name in Landroid/widget/ListView;
W/dalvikvm( 2749): method Lcom/google/android/material/progressindicator/BaseProgressIndicator;.getCurrentDrawable incorrectly overrides package-private method with same name in Landroid/widget/ProgressBar;
D/dalvikvm( 2749): DexOpt: couldn't find field Landroid/content/res/Configuration;.colorMode
D/dalvikvm( 2749): DexOpt: couldn't find field Landroid/view/inputmethod/EditorInfo;.contentMimeTypes
W/dalvikvm( 2749): DexOpt: method is in an interface
D/dalvikvm( 2749): DexOpt: couldn't find static field Landroid/view/View;.TRANSLATION_Z
I/dalvikvm( 2749): DexOpt: illegal method access (call Landroid/widget/TextView;.getTextDirectionHeuristic ()Landroid/text/TextDirectionHeuristic; from Landroidx/appcompat/widget/AppCompatTextViewAutoSizeHelper$Impl29;)
D/dalvikvm( 2749): DexOpt: load 49ms, verify+opt 166ms, 4355124 bytes
I/ActivityManager( 1567): Force stopping de.hauke_stieler.geonotes appid=10059 user=-1: update pkg
D/dalvikvm( 1567): GC_FOR_ALLOC freed 1388K, 16% free 8634K/10220K, paused 6ms, total 6ms
I/InputReader( 1567): Reconfiguring input devices.  changes=0x00000010
D/dalvikvm( 2459): GC_FOR_ALLOC freed 226K, 12% free 3254K/3668K, paused 1ms, total 1ms
D/Documents( 2542): Used cached roots for com.android.providers.downloads.documents
D/Documents( 2542): Used cached roots for com.android.externalstorage.documents
D/Documents( 2542): Used cached roots for com.android.providers.media.documents
D/Documents( 2542): Update found 6 roots in 13ms
I/PackageManager( 1567):   Action: "android.intent.action.SENDTO"
I/PackageManager( 1567):   Category: "android.intent.category.DEFAULT"
I/PackageManager( 1567):   Scheme: "sms"
I/PackageManager( 1567): Adding preferred activity ComponentInfo{com.android.mms/com.android.mms.ui.ComposeMessageActivity} for user 0 :
W/Launcher.Model( 2459): Nobody to tell about the new app.  Launcher is probably loading.
D/dalvikvm( 1717): GC_FOR_ALLOC freed 455K, 18% free 3577K/4352K, paused 2ms, total 4ms
D/BackupManagerService( 1567): Received broadcast Intent { act=android.intent.action.PACKAGE_ADDED dat=package:de.hauke_stieler.geonotes flg=0x4000010 (has extras) }
V/BackupManagerService( 1567): addPackageParticipantsLocked: #1
I/PackageManager( 1567):   Action: "android.intent.action.SENDTO"
I/PackageManager( 1567):   Category: "android.intent.category.DEFAULT"
I/PackageManager( 1567):   Scheme: "smsto"
I/PackageManager( 1567):   Action: "android.intent.action.SENDTO"
I/PackageManager( 1567):   Category: "android.intent.category.DEFAULT"
I/PackageManager( 1567):   Scheme: "mms"
I/PackageManager( 1567): Adding preferred activity ComponentInfo{com.android.mms/com.android.mms.ui.ComposeMessageActivity} for user 0 :
I/PackageManager( 1567): Adding preferred activity ComponentInfo{com.android.mms/com.android.mms.ui.ComposeMessageActivity} for user 0 :
W/GCM     ( 1689): Unexpected forwarded intent: Intent { act=android.intent.action.PACKAGE_ADDED dat=package:de.hauke_stieler.geonotes flg=0x4000010 cmp=com.google.android.gms/.chimera.PersistentIntentOperationService (has extras) }
W/GCM     ( 1689): Unexpected forwarded intent: Intent { act=android.intent.action.PACKAGE_ADDED dat=package:de.hauke_stieler.geonotes flg=0x4000010 cmp=com.google.android.gms/.chimera.PersistentIntentOperationService (has extras) }
I/Auth    ( 1949): [SupervisedAccountIntentOperation] onHandleIntent(): android.intent.action.PACKAGE_ADDED
I/ChromeSync( 1949): [Sync,SyncIntentOperation] Handling the intent: Intent { act=android.intent.action.PACKAGE_ADDED dat=package:de.hauke_stieler.geonotes flg=0x4000010 cmp=com.google.android.gms/.chimera.GmsIntentOperationService (has extras) }.
I/PackageManager( 1567):   Action: "android.intent.action.SENDTO"
I/PackageManager( 1567):   Category: "android.intent.category.DEFAULT"
I/PackageManager( 1567):   Scheme: "mmsto"
I/PackageManager( 1567): Adding preferred activity ComponentInfo{com.android.mms/com.android.mms.ui.ComposeMessageActivity} for user 0 :
D/dalvikvm( 1567): GC_EXPLICIT freed 1923K, 25% free 7665K/10220K, paused 17ms+4ms, total 52ms
D/AndroidRuntime( 2738): Shutting down VM
D/jdwp    ( 2738): Got wake-up signal, bailing out of select
D/dalvikvm( 2738): Debugger has detached; object registry had 1 entries
I/FontLog ( 1949): Package de.hauke_stieler.geonotes has no metadata [CONTEXT service_id=132 ]
I/PackageManager( 1567):   Action: "android.intent.action.SENDTO"
I/PackageManager( 1567):   Category: "android.intent.category.DEFAULT"
I/PackageManager( 1567):   Scheme: "sms"
I/PackageManager( 1567): Adding preferred activity ComponentInfo{com.android.mms/com.android.mms.ui.ComposeMessageActivity} for user 0 :
D/dalvikvm( 1717): GC_FOR_ALLOC freed 408K, 17% free 3625K/4352K, paused 3ms, total 7ms
I/ChromeSync( 1949): [Persistence,AffiliationManager] One of affiliation or grouping data for android://KSmUCdTXmQS-j9D_O8l1jvyu41Pjn2mc5cb0Gvx1e9H1Aj4JCzHs_uTW26nbtH65K-YfijtBsQxGp-8R6k6HFg==@de.hauke_stieler.geonotes/ was not found. Marking affiliation data as stale...
I/PackageManager( 1567):   Action: "android.intent.action.SENDTO"
I/PackageManager( 1567):   Category: "android.intent.category.DEFAULT"
I/PackageManager( 1567):   Scheme: "smsto"
I/PackageManager( 1567): Adding preferred activity ComponentInfo{com.android.mms/com.android.mms.ui.ComposeMessageActivity} for user 0 :
I/Icing.InternalIcingCorporaProvider( 2212): Updating corpora: A: de.hauke_stieler.geonotes, C: MAYBE
I/PackageManager( 1567):   Action: "android.intent.action.SENDTO"
I/PackageManager( 1567):   Category: "android.intent.category.DEFAULT"
I/PackageManager( 1567):   Scheme: "mms"
I/PackageManager( 1567): Adding preferred activity ComponentInfo{com.android.mms/com.android.mms.ui.ComposeMessageActivity} for user 0 :
I/PackageManager( 1567):   Action: "android.intent.action.SENDTO"
I/PackageManager( 1567):   Category: "android.intent.category.DEFAULT"
I/PackageManager( 1567):   Scheme: "mmsto"
I/PackageManager( 1567): Adding preferred activity ComponentInfo{com.android.mms/com.android.mms.ui.ComposeMessageActivity} for user 0 :
W/ContextImpl( 2212): Implicit intents with startService are not safe: Intent { act=com.google.android.gms.icing.INDEX_SERVICE } android.content.ContextWrapper.bindService:517 com.google.android.gms.internal.av.a:-1 com.google.android.gms.internal.au.connect:-1 
I/Icing   ( 1949): IndexChimeraService.getServiceInterface callingPackage=com.google.android.googlequicksearchbox componentName=null serviceId=21
W/Icing   ( 1949): No valid account for uploading user actions
I/Icing   ( 1949): Usage reports ok 0, Failed Usage reports 0, indexed 0, rejected 0
I/Icing   ( 1949): Indexing com.google.android.gms-internal.3p:MobileApplication from com.google.android.gms using seqno 67
I/Icing   ( 1949): Indexing com.google.android.gms-apps from com.google.android.gms
D/EGL_emulation( 1730): eglMakeCurrent: 0xb8dca5f0: ver 3 0
I/Icing   ( 1949): Indexing done com.google.android.gms-apps
I/Icing   ( 1949): Indexing com.google.android.googlequicksearchbox-applications from com.google.android.googlequicksearchbox
D/dalvikvm( 2212): GC_FOR_ALLOC freed 396K, 15% free 3356K/3936K, paused 5ms, total 5ms
D/EGL_emulation( 1730): eglMakeCurrent: 0xb8dca5f0: ver 3 0
I/Icing   ( 1949): Indexing done com.google.android.googlequicksearchbox-applications
D/AndroidRuntime( 2765): 
D/AndroidRuntime( 2765): >>>>>> AndroidRuntime START com.android.internal.os.RuntimeInit <<<<<<
W/linker  ( 2765): libdvm.so has text relocations. This is wasting memory and is a security risk. Please fix.
D/AndroidRuntime( 2765): CheckJNI is ON
D/dalvikvm( 2765): Trying to load lib libjavacore.so 0x0
D/dalvikvm( 2765): Added shared lib libjavacore.so 0x0
D/dalvikvm( 2765): Trying to load lib libnativehelper.so 0x0
D/dalvikvm( 2765): Added shared lib libnativehelper.so 0x0
D/dalvikvm( 2765): No JNI_OnLoad found in libnativehelper.so 0x0, skipping init
D/dalvikvm( 2765): Note: class Landroid/app/ActivityManagerNative; has 179 unimplemented (abstract) methods
E/memtrack( 2765): Couldn't load memtrack module (No such file or directory)
E/android.os.Debug( 2765): failed to load memtrack module: -2
D/AndroidRuntime( 2765): Calling main entry com.android.commands.pm.Pm
W/ActivityManager( 1567): No content provider found for permission revoke: file:///sdcard/ripper.apk
W/ActivityManager( 1567): No content provider found for permission revoke: file:///sdcard/ripper.apk
I/PackageManager( 1567): Copying native libraries to /data/app-lib/vmdl585597202
I/PackageParser( 1567): it.unina.android.ripper: compat added android.permission.WRITE_EXTERNAL_STORAGE android.permission.READ_PHONE_STATE
D/dalvikvm( 1567): GC_FOR_ALLOC freed 1201K, 26% free 7632K/10220K, paused 6ms, total 6ms
I/PackageManager( 1567): Running dexopt on: it.unina.android.ripper
W/linker  ( 2776): libdvm.so has text relocations. This is wasting memory and is a security risk. Please fix.
D/dalvikvm( 2776): DexOpt: load 2ms, verify+opt 17ms, 936700 bytes
I/ActivityManager( 1567): Force stopping it.unina.android.ripper appid=10060 user=-1: update pkg
W/Launcher.Model( 2459): Nobody to tell about the new app.  Launcher is probably loading.
I/PackageManager( 1567):   Action: "android.intent.action.SENDTO"
I/PackageManager( 1567):   Category: "android.intent.category.DEFAULT"
I/PackageManager( 1567):   Scheme: "sms"
I/InputReader( 1567): Reconfiguring input devices.  changes=0x00000010
D/Documents( 2542): Used cached roots for com.android.providers.downloads.documents
D/Documents( 2542): Used cached roots for com.android.externalstorage.documents
D/Documents( 2542): Used cached roots for com.android.providers.media.documents
D/Documents( 2542): Update found 6 roots in 5ms
I/PackageManager( 1567): Adding preferred activity ComponentInfo{com.android.mms/com.android.mms.ui.ComposeMessageActivity} for user 0 :
D/BackupManagerService( 1567): Received broadcast Intent { act=android.intent.action.PACKAGE_ADDED dat=package:it.unina.android.ripper flg=0x4000010 (has extras) }
D/dalvikvm( 1717): GC_FOR_ALLOC freed 457K, 18% free 3577K/4352K, paused 2ms, total 2ms
V/BackupManagerService( 1567): addPackageParticipantsLocked: #1
I/PackageManager( 1567):   Action: "android.intent.action.SENDTO"
I/PackageManager( 1567):   Category: "android.intent.category.DEFAULT"
I/PackageManager( 1567):   Scheme: "smsto"
I/PackageManager( 1567):   Action: "android.intent.action.SENDTO"
I/PackageManager( 1567):   Category: "android.intent.category.DEFAULT"
I/PackageManager( 1567):   Scheme: "mms"
I/PackageManager( 1567): Adding preferred activity ComponentInfo{com.android.mms/com.android.mms.ui.ComposeMessageActivity} for user 0 :
I/PackageManager( 1567): Adding preferred activity ComponentInfo{com.android.mms/com.android.mms.ui.ComposeMessageActivity} for user 0 :
I/Auth    ( 1949): [SupervisedAccountIntentOperation] onHandleIntent(): android.intent.action.PACKAGE_ADDED
I/ChromeSync( 1949): [Sync,SyncIntentOperation] Handling the intent: Intent { act=android.intent.action.PACKAGE_ADDED dat=package:it.unina.android.ripper flg=0x4000010 cmp=com.google.android.gms/.chimera.GmsIntentOperationService (has extras) }.
I/FontLog ( 1949): Package it.unina.android.ripper has no metadata [CONTEXT service_id=132 ]
W/GCM     ( 1689): Unexpected forwarded intent: Intent { act=android.intent.action.PACKAGE_ADDED dat=package:it.unina.android.ripper flg=0x4000010 cmp=com.google.android.gms/.chimera.PersistentIntentOperationService (has extras) }
I/PackageManager( 1567):   Action: "android.intent.action.SENDTO"
I/PackageManager( 1567):   Category: "android.intent.category.DEFAULT"
I/PackageManager( 1567):   Scheme: "mmsto"
W/GCM     ( 1689): Unexpected forwarded intent: Intent { act=android.intent.action.PACKAGE_ADDED dat=package:it.unina.android.ripper flg=0x4000010 cmp=com.google.android.gms/.chimera.PersistentIntentOperationService (has extras) }
I/PackageManager( 1567): Adding preferred activity ComponentInfo{com.android.mms/com.android.mms.ui.ComposeMessageActivity} for user 0 :
I/PackageManager( 1567):   Action: "android.intent.action.SENDTO"
I/PackageManager( 1567):   Category: "android.intent.category.DEFAULT"
I/PackageManager( 1567):   Scheme: "sms"
I/PackageManager( 1567): Adding preferred activity ComponentInfo{com.android.mms/com.android.mms.ui.ComposeMessageActivity} for user 0 :
D/dalvikvm( 1567): GC_EXPLICIT freed 1181K, 26% free 7614K/10220K, paused 1ms+1ms, total 51ms
D/dalvikvm( 1567): WAIT_FOR_CONCURRENT_GC blocked 8ms
D/dalvikvm( 1567): WAIT_FOR_CONCURRENT_GC blocked 7ms
D/dalvikvm( 1567): WAIT_FOR_CONCURRENT_GC blocked 6ms
D/dalvikvm( 1567): WAIT_FOR_CONCURRENT_GC blocked 6ms
I/Icing.InternalIcingCorporaProvider( 2212): Updating corpora: A: it.unina.android.ripper, C: MAYBE
D/dalvikvm( 1567): WAIT_FOR_CONCURRENT_GC blocked 5ms
D/dalvikvm( 1567): WAIT_FOR_CONCURRENT_GC blocked 8ms
D/AndroidRuntime( 2765): Shutting down VM
D/jdwp    ( 2765): Got wake-up signal, bailing out of select
D/dalvikvm( 2765): Debugger has detached; object registry had 1 entries
D/dalvikvm( 1567): WAIT_FOR_CONCURRENT_GC blocked 6ms
D/dalvikvm( 1567): WAIT_FOR_CONCURRENT_GC blocked 6ms
I/ChromeSync( 1949): [Persistence,AffiliationManager] One of affiliation or grouping data for android://KSmUCdTXmQS-j9D_O8l1jvyu41Pjn2mc5cb0Gvx1e9H1Aj4JCzHs_uTW26nbtH65K-YfijtBsQxGp-8R6k6HFg==@it.unina.android.ripper/ was not found. Marking affiliation data as stale...
D/dalvikvm( 1717): GC_FOR_ALLOC freed 402K, 17% free 3625K/4352K, paused 2ms, total 5ms
I/PackageManager( 1567):   Action: "android.intent.action.SENDTO"
I/PackageManager( 1567):   Category: "android.intent.category.DEFAULT"
I/PackageManager( 1567):   Scheme: "smsto"
I/PackageManager( 1567): Adding preferred activity ComponentInfo{com.android.mms/com.android.mms.ui.ComposeMessageActivity} for user 0 :
I/PackageManager( 1567):   Action: "android.intent.action.SENDTO"
I/PackageManager( 1567):   Category: "android.intent.category.DEFAULT"
I/PackageManager( 1567):   Scheme: "mms"
I/PackageManager( 1567): Adding preferred activity ComponentInfo{com.android.mms/com.android.mms.ui.ComposeMessageActivity} for user 0 :
I/PackageManager( 1567):   Action: "android.intent.action.SENDTO"
I/PackageManager( 1567):   Category: "android.intent.category.DEFAULT"
I/PackageManager( 1567):   Scheme: "mmsto"
D/dalvikvm( 1949): GC_FOR_ALLOC freed 2066K, 18% free 11238K/13552K, paused 12ms, total 12ms
I/PackageManager( 1567): Adding preferred activity ComponentInfo{com.android.mms/com.android.mms.ui.ComposeMessageActivity} for user 0 :
I/Icing   ( 1949): IndexChimeraService.getServiceInterface callingPackage=com.google.android.googlequicksearchbox componentName=null serviceId=21
I/Icing   ( 1949): Indexing com.google.android.gms-apps from com.google.android.gms
I/Icing   ( 1949): Indexing done com.google.android.gms-apps
W/Icing.InternalIcingCorporaProvider( 2212): Application table change notification failed.
W/Icing   ( 1949): No valid account for uploading user actions
I/Icing   ( 1949): Usage reports ok 0, Failed Usage reports 0, indexed 0, rejected 0
D/EGL_emulation( 1730): eglMakeCurrent: 0xb8dca5f0: ver 3 0
D/AndroidRuntime( 2786): 
D/AndroidRuntime( 2786): >>>>>> AndroidRuntime START com.android.internal.os.RuntimeInit <<<<<<
W/linker  ( 2786): libdvm.so has text relocations. This is wasting memory and is a security risk. Please fix.
D/AndroidRuntime( 2786): CheckJNI is ON
D/dalvikvm( 2786): Trying to load lib libjavacore.so 0x0
D/dalvikvm( 2786): Added shared lib libjavacore.so 0x0
D/dalvikvm( 2786): Trying to load lib libnativehelper.so 0x0
D/dalvikvm( 2786): Added shared lib libnativehelper.so 0x0
D/dalvikvm( 2786): No JNI_OnLoad found in libnativehelper.so 0x0, skipping init
D/dalvikvm( 2786): Note: class Landroid/app/ActivityManagerNative; has 179 unimplemented (abstract) methods
E/memtrack( 2786): Couldn't load memtrack module (No such file or directory)
E/android.os.Debug( 2786): failed to load memtrack module: -2
D/AndroidRuntime( 2786): Calling main entry com.android.commands.am.Am
I/ActivityManager( 1567): Force stopping de.hauke_stieler.geonotes appid=10059 user=0: start instr
I/ActivityManager( 1567): Start proc de.hauke_stieler.geonotes for added application de.hauke_stieler.geonotes: pid=2797 uid=10059 gids={50059, 3003, 1028, 1015}
I/dalvikvm( 2797): Could not find method android.content.Context.getExternalMediaDirs, referenced from method androidx.core.content.FileProvider.parsePathStrategy
W/dalvikvm( 2797): VFY: unable to resolve virtual method 643: Landroid/content/Context;.getExternalMediaDirs ()[Ljava/io/File;
D/dalvikvm( 2797): VFY: replacing opcode 0x6e at 0x009d
I/dalvikvm( 2797): Could not find method android.content.Context.createDeviceProtectedStorageContext, referenced from method androidx.core.content.ContextCompat.createDeviceProtectedStorageContext
W/dalvikvm( 2797): VFY: unable to resolve virtual method 625: Landroid/content/Context;.createDeviceProtectedStorageContext ()Landroid/content/Context;
D/dalvikvm( 2797): VFY: replacing opcode 0x6e at 0x0006
I/dalvikvm( 2797): Could not find method android.content.Context.getCodeCacheDir, referenced from method androidx.core.content.ContextCompat.getCodeCacheDir
W/dalvikvm( 2797): VFY: unable to resolve virtual method 632: Landroid/content/Context;.getCodeCacheDir ()Ljava/io/File;
D/dalvikvm( 2797): VFY: replacing opcode 0x6e at 0x0006
I/dalvikvm( 2797): Could not find method android.content.Context.getColor, referenced from method androidx.core.content.ContextCompat.getColor
W/dalvikvm( 2797): VFY: unable to resolve virtual method 633: Landroid/content/Context;.getColor (I)I
D/dalvikvm( 2797): VFY: replacing opcode 0x6e at 0x0006
I/dalvikvm( 2797): Could not find method android.content.Context.getColorStateList, referenced from method androidx.core.content.ContextCompat.getColorStateList
W/dalvikvm( 2797): VFY: unable to resolve virtual method 634: Landroid/content/Context;.getColorStateList (I)Landroid/content/res/ColorStateList;
D/dalvikvm( 2797): VFY: replacing opcode 0x6e at 0x0006
I/dalvikvm( 2797): Could not find method android.content.Context.getDataDir, referenced from method androidx.core.content.ContextCompat.getDataDir
W/dalvikvm( 2797): VFY: unable to resolve virtual method 636: Landroid/content/Context;.getDataDir ()Ljava/io/File;
D/dalvikvm( 2797): VFY: replacing opcode 0x6e at 0x0006
I/dalvikvm( 2797): Could not find method android.content.Context.getDrawable, referenced from method androidx.core.content.ContextCompat.getDrawable
W/dalvikvm( 2797): VFY: unable to resolve virtual method 638: Landroid/content/Context;.getDrawable (I)Landroid/graphics/drawable/Drawable;
D/dalvikvm( 2797): VFY: replacing opcode 0x6e at 0x0006
I/dalvikvm( 2797): Could not find method android.content.Context.getMainExecutor, referenced from method androidx.core.content.ContextCompat.getMainExecutor
W/dalvikvm( 2797): VFY: unable to resolve virtual method 645: Landroid/content/Context;.getMainExecutor ()Ljava/util/concurrent/Executor;
D/dalvikvm( 2797): VFY: replacing opcode 0x6e at 0x0006
I/dalvikvm( 2797): Could not find method android.content.Context.getNoBackupFilesDir, referenced from method androidx.core.content.ContextCompat.getNoBackupFilesDir
W/dalvikvm( 2797): VFY: unable to resolve virtual method 647: Landroid/content/Context;.getNoBackupFilesDir ()Ljava/io/File;
D/dalvikvm( 2797): VFY: replacing opcode 0x6e at 0x0006
I/dalvikvm( 2797): Could not find method android.content.Context.getSystemService, referenced from method androidx.core.content.ContextCompat.getSystemService
W/dalvikvm( 2797): VFY: unable to resolve virtual method 656: Landroid/content/Context;.getSystemService (Ljava/lang/Class;)Ljava/lang/Object;
D/dalvikvm( 2797): VFY: replacing opcode 0x6e at 0x0006
I/dalvikvm( 2797): Could not find method android.content.Context.getSystemServiceName, referenced from method androidx.core.content.ContextCompat.getSystemServiceName
W/dalvikvm( 2797): VFY: unable to resolve virtual method 658: Landroid/content/Context;.getSystemServiceName (Ljava/lang/Class;)Ljava/lang/String;
D/dalvikvm( 2797): VFY: replacing opcode 0x6e at 0x0006
I/dalvikvm( 2797): Could not find method android.content.Context.isDeviceProtectedStorage, referenced from method androidx.core.content.ContextCompat.isDeviceProtectedStorage
W/dalvikvm( 2797): VFY: unable to resolve virtual method 661: Landroid/content/Context;.isDeviceProtectedStorage ()Z
D/dalvikvm( 2797): VFY: replacing opcode 0x6e at 0x0006
I/dalvikvm( 2797): Could not find method android.content.Context.startForegroundService, referenced from method androidx.core.content.ContextCompat.startForegroundService
W/dalvikvm( 2797): VFY: unable to resolve virtual method 677: Landroid/content/Context;.startForegroundService (Landroid/content/Intent;)Landroid/content/ComponentName;
D/dalvikvm( 2797): VFY: replacing opcode 0x6e at 0x0006
I/dalvikvm( 2797): Could not find method androidx.core.app.ComponentActivity.onRequestPermissionsResult, referenced from method androidx.activity.ComponentActivity.onRequestPermissionsResult
W/dalvikvm( 2797): VFY: unable to resolve virtual method 13235: Landroidx/core/app/ComponentActivity;.onRequestPermissionsResult (I[Ljava/lang/String;[I)V
D/dalvikvm( 2797): VFY: replacing opcode 0x6f at 0x0020
I/TestRunner( 2797): started: testApplication(it.unina.android.ripper.RipperTestCase)
V/AndroidRipperService( 2705): onBind()
V/AndroidRipperService( 2705): onBind()
V/AndroidRipperService( 2705): register()
D/gralloc_ranchu( 1143): gralloc_alloc: Creating ashmem region of size 1323008
I/ActivityManager( 1567): START u0 {act=android.intent.action.MAIN flg=0x10000000 cmp=de.hauke_stieler.geonotes/.MainActivity} from pid 2797
D/        ( 1567): HostConnection::get() New Host Connection established 0xb8fd0980, tid 1774
D/dalvikvm( 1567): GC_FOR_ALLOC freed 1061K, 25% free 7688K/10220K, paused 10ms, total 10ms
I/dalvikvm-heap( 1567): Grow heap (frag case) to 8.319MB for 656856-byte allocation
D/dalvikvm( 1567): GC_FOR_ALLOC freed 17K, 24% free 8312K/10864K, paused 6ms, total 6ms
D/dalvikvm( 1567): GC_FOR_ALLOC freed 10K, 24% free 8308K/10864K, paused 8ms, total 8ms
I/dalvikvm-heap( 1567): Grow heap (frag case) to 8.923MB for 656856-byte allocation
D/dalvikvm( 1567): GC_FOR_ALLOC freed <1K, 23% free 8949K/11508K, paused 5ms, total 5ms
I/dalvikvm( 2797): Could not find method android.os.Handler.createAsync, referenced from method androidx.arch.core.executor.DefaultTaskExecutor.createAsync
W/dalvikvm( 2797): VFY: unable to resolve static method 1714: Landroid/os/Handler;.createAsync (Landroid/os/Looper;)Landroid/os/Handler;
D/dalvikvm( 2797): VFY: replacing opcode 0x71 at 0x0006
I/dalvikvm( 2797): Could not find method android.graphics.drawable.Drawable.inflate, referenced from method androidx.appcompat.widget.ResourceManagerInternal$DrawableDelegate.createFromXmlInner
W/dalvikvm( 2797): VFY: unable to resolve virtual method 1412: Landroid/graphics/drawable/Drawable;.inflate (Landroid/content/res/Resources;Lorg/xmlpull/v1/XmlPullParser;Landroid/util/AttributeSet;Landroid/content/res/Resources$Theme;)V
D/dalvikvm( 2797): VFY: replacing opcode 0x6e at 0x0030
D/gralloc_ranchu( 1143): gralloc_alloc: Creating ashmem region of size 7753728
I/dalvikvm( 2797): Could not find method android.view.Window$Callback.onPointerCaptureChanged, referenced from method androidx.appcompat.view.WindowCallbackWrapper.onPointerCaptureChanged
W/dalvikvm( 2797): VFY: unable to resolve interface method 3052: Landroid/view/Window$Callback;.onPointerCaptureChanged (Z)V
D/dalvikvm( 2797): VFY: replacing opcode 0x72 at 0x0002
I/dalvikvm( 2797): Could not find method android.view.Window$Callback.onProvideKeyboardShortcuts, referenced from method androidx.appcompat.view.WindowCallbackWrapper.onProvideKeyboardShortcuts
W/dalvikvm( 2797): VFY: unable to resolve interface method 3054: Landroid/view/Window$Callback;.onProvideKeyboardShortcuts (Ljava/util/List;Landroid/view/Menu;I)V
D/dalvikvm( 2797): VFY: replacing opcode 0x72 at 0x0002
W/dalvikvm( 2797): VFY: unable to find class referenced in signature (Landroid/view/SearchEvent;)
I/dalvikvm( 2797): Could not find method android.view.Window$Callback.onSearchRequested, referenced from method androidx.appcompat.view.WindowCallbackWrapper.onSearchRequested
W/dalvikvm( 2797): VFY: unable to resolve interface method 3056: Landroid/view/Window$Callback;.onSearchRequested (Landroid/view/SearchEvent;)Z
D/dalvikvm( 2797): VFY: replacing opcode 0x72 at 0x0002
I/dalvikvm( 2797): Could not find method android.view.Window$Callback.onWindowStartingActionMode, referenced from method androidx.appcompat.view.WindowCallbackWrapper.onWindowStartingActionMode
W/dalvikvm( 2797): VFY: unable to resolve interface method 3060: Landroid/view/Window$Callback;.onWindowStartingActionMode (Landroid/view/ActionMode$Callback;I)Landroid/view/ActionMode;
D/dalvikvm( 2797): VFY: replacing opcode 0x72 at 0x0002
I/dalvikvm( 2797): Could not find method android.content.res.TypedArray.getChangingConfigurations, referenced from method androidx.appcompat.widget.TintTypedArray.getChangingConfigurations
W/dalvikvm( 2797): VFY: unable to resolve virtual method 945: Landroid/content/res/TypedArray;.getChangingConfigurations ()I
D/dalvikvm( 2797): VFY: replacing opcode 0x6e at 0x0002
I/dalvikvm( 2797): Could not find method android.content.res.TypedArray.getType, referenced from method androidx.appcompat.widget.TintTypedArray.getType
W/dalvikvm( 2797): VFY: unable to resolve virtual method 967: Landroid/content/res/TypedArray;.getType (I)I
D/dalvikvm( 2797): VFY: replacing opcode 0x6e at 0x0008
I/dalvikvm( 2797): Could not find method android.view.View.addKeyboardNavigationClusters, referenced from method androidx.core.view.ViewCompat.addKeyboardNavigationClusters
W/dalvikvm( 2797): VFY: unable to resolve virtual method 2500: Landroid/view/View;.addKeyboardNavigationClusters (Ljava/util/Collection;I)V
D/dalvikvm( 2797): VFY: replacing opcode 0x6e at 0x0006
I/dalvikvm( 2797): Could not find method android.view.View.cancelDragAndDrop, referenced from method androidx.core.view.ViewCompat.cancelDragAndDrop
W/dalvikvm( 2797): VFY: unable to resolve virtual method 2509: Landroid/view/View;.cancelDragAndDrop ()V
D/dalvikvm( 2797): VFY: replacing opcode 0x6e at 0x0006
W/dalvikvm( 2797): VFY: unable to find class referenced in signature (Landroid/view/WindowInsets;)
I/dalvikvm( 2797): Could not find method android.view.View.dispatchApplyWindowInsets, referenced from method androidx.core.view.ViewCompat.dispatchApplyWindowInsets
W/dalvikvm( 2797): VFY: unable to resolve virtual method 2517: Landroid/view/View;.dispatchApplyWindowInsets (Landroid/view/WindowInsets;)Landroid/view/WindowInsets;
D/dalvikvm( 2797): VFY: replacing opcode 0x6e at 0x000c
I/dalvikvm( 2797): Could not find method android.view.View.dispatchNestedFling, referenced from method androidx.core.view.ViewCompat.dispatchNestedFling
W/dalvikvm( 2797): VFY: unable to resolve virtual method 2523: Landroid/view/View;.dispatchNestedFling (FFZ)Z
D/dalvikvm( 2797): VFY: replacing opcode 0x6e at 0x0006
I/dalvikvm( 2797): Could not find method android.view.View.dispatchNestedPreFling, referenced from method androidx.core.view.ViewCompat.dispatchNestedPreFling
W/dalvikvm( 2797): VFY: unable to resolve virtual method 2524: Landroid/view/View;.dispatchNestedPreFling (FF)Z
D/dalvikvm( 2797): VFY: replacing opcode 0x6e at 0x0006
I/dalvikvm( 2797): Could not find method android.view.View.dispatchNestedPreScroll, referenced from method androidx.core.view.ViewCompat.dispatchNestedPreScroll
W/dalvikvm( 2797): VFY: unable to resolve virtual method 2525: Landroid/view/View;.dispatchNestedPreScroll (II[I[I)Z
D/dalvikvm( 2797): VFY: replacing opcode 0x6e at 0x0006
I/dalvikvm( 2797): Could not find method android.view.View.dispatchNestedScroll, referenced from method androidx.core.view.ViewCompat.dispatchNestedScroll
W/dalvikvm( 2797): VFY: unable to resolve virtual method 2526: Landroid/view/View;.dispatchNestedScroll (IIII[I)Z
D/dalvikvm( 2797): VFY: replacing opcode 0x74 at 0x0006
I/dalvikvm( 2797): Could not find method android.view.View.getBackgroundTintList, referenced from method androidx.core.view.ViewCompat.getBackgroundTintList
W/dalvikvm( 2797): VFY: unable to resolve virtual method 2545: Landroid/view/View;.getBackgroundTintList ()Landroid/content/res/ColorStateList;
D/dalvikvm( 2797): VFY: replacing opcode 0x6e at 0x0006
I/dalvikvm( 2797): Could not find method android.view.View.getBackgroundTintMode, referenced from method androidx.core.view.ViewCompat.getBackgroundTintMode
W/dalvikvm( 2797): VFY: unable to resolve virtual method 2546: Landroid/view/View;.getBackgroundTintMode ()Landroid/graphics/PorterDuff$Mode;
D/dalvikvm( 2797): VFY: replacing opcode 0x6e at 0x0006
I/dalvikvm( 2797): Could not find method android.view.View.getElevation, referenced from method androidx.core.view.ViewCompat.getElevation
W/dalvikvm( 2797): VFY: unable to resolve virtual method 2555: Landroid/view/View;.getElevation ()F
D/dalvikvm( 2797): VFY: replacing opcode 0x6e at 0x0006
I/dalvikvm( 2797): Could not find method android.view.View.getImportantForAutofill, referenced from method androidx.core.view.ViewCompat.getImportantForAutofill
W/dalvikvm( 2797): VFY: unable to resolve virtual method 2562: Landroid/view/View;.getImportantForAutofill ()I
D/dalvikvm( 2797): VFY: replacing opcode 0x6e at 0x0006
I/dalvikvm( 2797): Could not find method android.view.View.getNextClusterForwardId, referenced from method androidx.core.view.ViewCompat.getNextClusterForwardId
W/dalvikvm( 2797): VFY: unable to resolve virtual method 2580: Landroid/view/View;.getNextClusterForwardId ()I
D/dalvikvm( 2797): VFY: replacing opcode 0x6e at 0x0006
I/dalvikvm( 2797): Could not find method android.view.View.getScrollIndicators, referenced from method androidx.core.view.ViewCompat.getScrollIndicators
W/dalvikvm( 2797): VFY: unable to resolve virtual method 2602: Landroid/view/View;.getScrollIndicators ()I
D/dalvikvm( 2797): VFY: replacing opcode 0x6e at 0x0006
I/dalvikvm( 2797): Could not find method android.view.View.getSystemGestureExclusionRects, referenced from method androidx.core.view.ViewCompat.getSystemGestureExclusionRects
W/dalvikvm( 2797): VFY: unable to resolve virtual method 2606: Landroid/view/View;.getSystemGestureExclusionRects ()Ljava/util/List;
D/dalvikvm( 2797): VFY: replacing opcode 0x6e at 0x0006
I/dalvikvm( 2797): Could not find method android.view.View.getTransitionName, referenced from method androidx.core.view.ViewCompat.getTransitionName
W/dalvikvm( 2797): VFY: unable to resolve virtual method 2612: Landroid/view/View;.getTransitionName ()Ljava/lang/String;
