D/dalvikvm( 2797): VFY: replacing opcode 0x6e at 0x0006
I/dalvikvm( 2797): Could not find method android.view.View.getTranslationZ, referenced from method androidx.core.view.ViewCompat.getTranslationZ
W/dalvikvm( 2797): VFY: unable to resolve virtual method 2615: Landroid/view/View;.getTranslationZ ()F
D/dalvikvm( 2797): VFY: replacing opcode 0x6e at 0x0006
I/dalvikvm( 2797): Could not find method android.view.View.getZ, referenced from method androidx.core.view.ViewCompat.getZ
W/dalvikvm( 2797): VFY: unable to resolve virtual method 2627: Landroid/view/View;.getZ ()F
D/dalvikvm( 2797): VFY: replacing opcode 0x6e at 0x0006
I/dalvikvm( 2797): Could not find method android.view.View.hasExplicitFocusable, referenced from method androidx.core.view.ViewCompat.hasExplicitFocusable
W/dalvikvm( 2797): VFY: unable to resolve virtual method 2628: Landroid/view/View;.hasExplicitFocusable ()Z
D/dalvikvm( 2797): VFY: replacing opcode 0x6e at 0x0006
I/dalvikvm( 2797): Could not find method android.view.View.hasNestedScrollingParent, referenced from method androidx.core.view.ViewCompat.hasNestedScrollingParent
W/dalvikvm( 2797): VFY: unable to resolve virtual method 2631: Landroid/view/View;.hasNestedScrollingParent ()Z
D/dalvikvm( 2797): VFY: replacing opcode 0x6e at 0x0006
I/dalvikvm( 2797): Could not find method android.view.View.isFocusedByDefault, referenced from method androidx.core.view.ViewCompat.isFocusedByDefault
W/dalvikvm( 2797): VFY: unable to resolve virtual method 2644: Landroid/view/View;.isFocusedByDefault ()Z
D/dalvikvm( 2797): VFY: replacing opcode 0x6e at 0x0006
I/dalvikvm( 2797): Could not find method android.view.View.isImportantForAutofill, referenced from method androidx.core.view.ViewCompat.isImportantForAutofill
W/dalvikvm( 2797): VFY: unable to resolve virtual method 2646: Landroid/view/View;.isImportantForAutofill ()Z
D/dalvikvm( 2797): VFY: replacing opcode 0x6e at 0x0006
I/dalvikvm( 2797): Could not find method android.view.View.isKeyboardNavigationCluster, referenced from method androidx.core.view.ViewCompat.isKeyboardNavigationCluster
W/dalvikvm( 2797): VFY: unable to resolve virtual method 2649: Landroid/view/View;.isKeyboardNavigationCluster ()Z
D/dalvikvm( 2797): VFY: replacing opcode 0x6e at 0x0006
I/dalvikvm( 2797): Could not find method android.view.View.isNestedScrollingEnabled, referenced from method androidx.core.view.ViewCompat.isNestedScrollingEnabled
W/dalvikvm( 2797): VFY: unable to resolve virtual method 2654: Landroid/view/View;.isNestedScrollingEnabled ()Z
D/dalvikvm( 2797): VFY: replacing opcode 0x6e at 0x0006
I/dalvikvm( 2797): Could not find method android.view.View.keyboardNavigationClusterSearch, referenced from method androidx.core.view.ViewCompat.keyboardNavigationClusterSearch
W/dalvikvm( 2797): VFY: unable to resolve virtual method 2662: Landroid/view/View;.keyboardNavigationClusterSearch (Landroid/view/View;I)Landroid/view/View;
D/dalvikvm( 2797): VFY: replacing opcode 0x6e at 0x0006
W/dalvikvm( 2797): VFY: unable to find class referenced in signature (Landroid/view/WindowInsets;)
I/dalvikvm( 2797): Could not find method android.view.View.onApplyWindowInsets, referenced from method androidx.core.view.ViewCompat.onApplyWindowInsets
W/dalvikvm( 2797): VFY: unable to resolve virtual method 2667: Landroid/view/View;.onApplyWindowInsets (Landroid/view/WindowInsets;)Landroid/view/WindowInsets;
D/dalvikvm( 2797): VFY: replacing opcode 0x6e at 0x000c
I/dalvikvm( 2797): Could not find method android.view.View.requestApplyInsets, referenced from method androidx.core.view.ViewCompat.requestApplyInsets
W/dalvikvm( 2797): VFY: unable to resolve virtual method 2700: Landroid/view/View;.requestApplyInsets ()V
D/dalvikvm( 2797): VFY: replacing opcode 0x6e at 0x0006
I/dalvikvm( 2797): Could not find method android.view.View.requireViewById, referenced from method androidx.core.view.ViewCompat.requireViewById
W/dalvikvm( 2797): VFY: unable to resolve virtual method 2706: Landroid/view/View;.requireViewById (I)Landroid/view/View;
D/dalvikvm( 2797): VFY: replacing opcode 0x6e at 0x0006
I/dalvikvm( 2797): Could not find method android.view.View.restoreDefaultFocus, referenced from method androidx.core.view.ViewCompat.restoreDefaultFocus
W/dalvikvm( 2797): VFY: unable to resolve virtual method 2708: Landroid/view/View;.restoreDefaultFocus ()Z
D/dalvikvm( 2797): VFY: replacing opcode 0x6e at 0x0006
I/dalvikvm( 2797): Could not find method android.view.View.setAutofillHints, referenced from method androidx.core.view.ViewCompat.setAutofillHints
W/dalvikvm( 2797): VFY: unable to resolve virtual method 2721: Landroid/view/View;.setAutofillHints ([Ljava/lang/String;)V
D/dalvikvm( 2797): VFY: replacing opcode 0x6e at 0x0006
I/dalvikvm( 2797): Could not find method android.view.View.setBackgroundTintList, referenced from method androidx.core.view.ViewCompat.setBackgroundTintList
W/dalvikvm( 2797): VFY: unable to resolve virtual method 2725: Landroid/view/View;.setBackgroundTintList (Landroid/content/res/ColorStateList;)V
D/dalvikvm( 2797): VFY: replacing opcode 0x6e at 0x0006
I/dalvikvm( 2797): Could not find method android.view.View.setBackgroundTintMode, referenced from method androidx.core.view.ViewCompat.setBackgroundTintMode
W/dalvikvm( 2797): VFY: unable to resolve virtual method 2726: Landroid/view/View;.setBackgroundTintMode (Landroid/graphics/PorterDuff$Mode;)V
D/dalvikvm( 2797): VFY: replacing opcode 0x6e at 0x0006
I/dalvikvm( 2797): Could not find method android.view.View.setElevation, referenced from method androidx.core.view.ViewCompat.setElevation
W/dalvikvm( 2797): VFY: unable to resolve virtual method 2730: Landroid/view/View;.setElevation (F)V
D/dalvikvm( 2797): VFY: replacing opcode 0x6e at 0x0006
I/dalvikvm( 2797): Could not find method android.view.View.setFocusedByDefault, referenced from method androidx.core.view.ViewCompat.setFocusedByDefault
W/dalvikvm( 2797): VFY: unable to resolve virtual method 2734: Landroid/view/View;.setFocusedByDefault (Z)V
D/dalvikvm( 2797): VFY: replacing opcode 0x6e at 0x0006
I/dalvikvm( 2797): Could not find method android.view.View.setImportantForAutofill, referenced from method androidx.core.view.ViewCompat.setImportantForAutofill
W/dalvikvm( 2797): VFY: unable to resolve virtual method 2738: Landroid/view/View;.setImportantForAutofill (I)V
D/dalvikvm( 2797): VFY: replacing opcode 0x6e at 0x0006
I/dalvikvm( 2797): Could not find method android.view.View.setKeyboardNavigationCluster, referenced from method androidx.core.view.ViewCompat.setKeyboardNavigationCluster
W/dalvikvm( 2797): VFY: unable to resolve virtual method 2739: Landroid/view/View;.setKeyboardNavigationCluster (Z)V
D/dalvikvm( 2797): VFY: replacing opcode 0x6e at 0x0006
I/dalvikvm( 2797): Could not find method android.view.View.setNestedScrollingEnabled, referenced from method androidx.core.view.ViewCompat.setNestedScrollingEnabled
W/dalvikvm( 2797): VFY: unable to resolve virtual method 2749: Landroid/view/View;.setNestedScrollingEnabled (Z)V
D/dalvikvm( 2797): VFY: replacing opcode 0x6e at 0x0006
I/dalvikvm( 2797): Could not find method android.view.View.setNextClusterForwardId, referenced from method androidx.core.view.ViewCompat.setNextClusterForwardId
W/dalvikvm( 2797): VFY: unable to resolve virtual method 2750: Landroid/view/View;.setNextClusterForwardId (I)V
D/dalvikvm( 2797): VFY: replacing opcode 0x6e at 0x0006
I/dalvikvm( 2797): Could not find method android.view.View.setPointerIcon, referenced from method androidx.core.view.ViewCompat.setPointerIcon
W/dalvikvm( 2797): VFY: unable to resolve virtual method 2764: Landroid/view/View;.setPointerIcon (Landroid/view/PointerIcon;)V
D/dalvikvm( 2797): VFY: replacing opcode 0x6e at 0x0010
I/dalvikvm( 2797): Could not find method android.view.View.setScrollIndicators, referenced from method androidx.core.view.ViewCompat.setScrollIndicators
W/dalvikvm( 2797): VFY: unable to resolve virtual method 2773: Landroid/view/View;.setScrollIndicators (I)V
D/dalvikvm( 2797): VFY: replacing opcode 0x6e at 0x0006
I/dalvikvm( 2797): Could not find method android.view.View.setScrollIndicators, referenced from method androidx.core.view.ViewCompat.setScrollIndicators
W/dalvikvm( 2797): VFY: unable to resolve virtual method 2774: Landroid/view/View;.setScrollIndicators (II)V
D/dalvikvm( 2797): VFY: replacing opcode 0x6e at 0x0006
I/dalvikvm( 2797): Could not find method android.view.View.setSystemGestureExclusionRects, referenced from method androidx.core.view.ViewCompat.setSystemGestureExclusionRects
W/dalvikvm( 2797): VFY: unable to resolve virtual method 2780: Landroid/view/View;.setSystemGestureExclusionRects (Ljava/util/List;)V
D/dalvikvm( 2797): VFY: replacing opcode 0x6e at 0x0006
I/dalvikvm( 2797): Could not find method android.view.View.setTooltipText, referenced from method androidx.core.view.ViewCompat.setTooltipText
W/dalvikvm( 2797): VFY: unable to resolve virtual method 2784: Landroid/view/View;.setTooltipText (Ljava/lang/CharSequence;)V
D/dalvikvm( 2797): VFY: replacing opcode 0x6e at 0x0006
I/dalvikvm( 2797): Could not find method android.view.View.setTransitionName, referenced from method androidx.core.view.ViewCompat.setTransitionName
W/dalvikvm( 2797): VFY: unable to resolve virtual method 2786: Landroid/view/View;.setTransitionName (Ljava/lang/String;)V
D/dalvikvm( 2797): VFY: replacing opcode 0x6e at 0x0006
I/dalvikvm( 2797): Could not find method android.view.View.setTranslationZ, referenced from method androidx.core.view.ViewCompat.setTranslationZ
W/dalvikvm( 2797): VFY: unable to resolve virtual method 2790: Landroid/view/View;.setTranslationZ (F)V
D/dalvikvm( 2797): VFY: replacing opcode 0x6e at 0x0006
I/dalvikvm( 2797): Could not find method android.view.View.setZ, referenced from method androidx.core.view.ViewCompat.setZ
W/dalvikvm( 2797): VFY: unable to resolve virtual method 2796: Landroid/view/View;.setZ (F)V
D/dalvikvm( 2797): VFY: replacing opcode 0x6e at 0x0006
I/dalvikvm( 2797): Could not find method android.view.View.startDragAndDrop, referenced from method androidx.core.view.ViewCompat.startDragAndDrop
W/dalvikvm( 2797): VFY: unable to resolve virtual method 2799: Landroid/view/View;.startDragAndDrop (Landroid/content/ClipData;Landroid/view/View$DragShadowBuilder;Ljava/lang/Object;I)Z
D/dalvikvm( 2797): VFY: replacing opcode 0x6e at 0x0006
I/dalvikvm( 2797): Could not find method android.view.View.startNestedScroll, referenced from method androidx.core.view.ViewCompat.startNestedScroll
W/dalvikvm( 2797): VFY: unable to resolve virtual method 2800: Landroid/view/View;.startNestedScroll (I)Z
D/dalvikvm( 2797): VFY: replacing opcode 0x6e at 0x0006
I/dalvikvm( 2797): Could not find method android.view.View.stopNestedScroll, referenced from method androidx.core.view.ViewCompat.stopNestedScroll
W/dalvikvm( 2797): VFY: unable to resolve virtual method 2801: Landroid/view/View;.stopNestedScroll ()V
D/dalvikvm( 2797): VFY: replacing opcode 0x6e at 0x0006
I/dalvikvm( 2797): Could not find method android.view.View.updateDragShadow, referenced from method androidx.core.view.ViewCompat.updateDragShadow
W/dalvikvm( 2797): VFY: unable to resolve virtual method 2804: Landroid/view/View;.updateDragShadow (Landroid/view/View$DragShadowBuilder;)V
D/dalvikvm( 2797): VFY: replacing opcode 0x6e at 0x0006
D/dalvikvm( 2797): GC_FOR_ALLOC freed 303K, 14% free 3200K/3688K, paused 4ms, total 5ms
I/dalvikvm( 2797): Could not find method android.content.Context.getColorStateList, referenced from method androidx.appcompat.content.res.AppCompatResources.getColorStateList
W/dalvikvm( 2797): VFY: unable to resolve virtual method 634: Landroid/content/Context;.getColorStateList (I)Landroid/content/res/ColorStateList;
D/dalvikvm( 2797): VFY: replacing opcode 0x6e at 0x0006
I/StorageUtils( 2797): /storage/sdcard is writable
D/StorageUtils( 2797): /proc/mounts
D/StorageUtils( 2797): rootfs / rootfs ro,relatime 0 0
D/StorageUtils( 2797): tmpfs /dev tmpfs rw,nosuid,relatime,mode=755 0 0
D/StorageUtils( 2797): devpts /dev/pts devpts rw,relatime,mode=600 0 0
D/StorageUtils( 2797): proc /proc proc rw,relatime 0 0
D/StorageUtils( 2797): sysfs /sys sysfs rw,relatime 0 0
D/StorageUtils( 2797): debugfs /sys/kernel/debug debugfs rw,relatime 0 0
D/StorageUtils( 2797): tmpfs /mnt/asec tmpfs rw,relatime,mode=755,gid=1000 0 0
D/StorageUtils( 2797): tmpfs /mnt/obb tmpfs rw,relatime,mode=755,gid=1000 0 0
D/StorageUtils( 2797): /dev/block/vda /system ext4 ro,nosuid,nodev,relatime,data=ordered 0 0
D/StorageUtils( 2797): /dev/block/vdb /cache ext4 rw,nosuid,nodev,noatime,errors=panic,data=ordered 0 0
D/StorageUtils( 2797): /dev/block/vdc /data ext4 rw,nosuid,nodev,noatime,errors=panic,data=ordered 0 0
D/StorageUtils( 2797): /dev/block/vold/253:48 /mnt/media_rw/sdcard vfat rw,dirsync,nosuid,nodev,noexec,relatime,uid=1023,gid=1023,fmask=0007,dmask=0007,allow_utime=0020,codepage=437,iocharset=iso8859-1,shortname=mixed,utf8,errors=remount-ro 0 0
D/StorageUtils( 2797): /dev/block/vold/253:48 /mnt/secure/asec vfat rw,dirsync,nosuid,nodev,noexec,relatime,uid=1023,gid=1023,fmask=0007,dmask=0007,allow_utime=0020,codepage=437,iocharset=iso8859-1,shortname=mixed,utf8,errors=remount-ro 0 0
D/StorageUtils( 2797): /dev/fuse /storage/sdcard fuse rw,nosuid,nodev,relatime,user_id=1023,group_id=1023,default_permissions,allow_other 0 0
I/StorageUtils( 2797): /storage/sdcard is writable
I/StorageUtils( 2797): /storage/sdcard is writable
D/EGL_emulation( 1730): eglMakeCurrent: 0xb8dca5f0: ver 3 0
I/StorageUtils( 2797): /mnt/sdcard is writable
I/StorageUtils( 2797): /mnt/sdcard is writable
I/StorageUtils( 2797): /data/data/de.hauke_stieler.geonotes/files is writable
I/StorageUtils( 2797): /storage/sdcard/Android/data/de.hauke_stieler.geonotes/files is writable
I/StorageUtils( 2797): /storage/sdcard is writable
I/StorageUtils( 2797): /mnt/sdcard is writable
I/StorageUtils( 2797): /data/data/de.hauke_stieler.geonotes/files is writable
I/StorageUtils( 2797): /storage/sdcard/Android/data/de.hauke_stieler.geonotes/files is writable
I/OsmDroid( 2797): Using tile source: Mapnik
I/OsmDroid( 2797): Tile cache increased from 0 to 9
I/dalvikvm( 2797): Could not find method android.widget.TextView.getAutoSizeMaxTextSize, referenced from method androidx.appcompat.widget.AppCompatTextView.getAutoSizeMaxTextSize
W/dalvikvm( 2797): VFY: unable to resolve virtual method 4213: Landroid/widget/TextView;.getAutoSizeMaxTextSize ()I
D/dalvikvm( 2797): VFY: replacing opcode 0x6f at 0x0004
I/dalvikvm( 2797): Could not find method android.widget.TextView.getAutoSizeMinTextSize, referenced from method androidx.appcompat.widget.AppCompatTextView.getAutoSizeMinTextSize
W/dalvikvm( 2797): VFY: unable to resolve virtual method 4214: Landroid/widget/TextView;.getAutoSizeMinTextSize ()I
D/dalvikvm( 2797): VFY: replacing opcode 0x6f at 0x0004
I/dalvikvm( 2797): Could not find method android.widget.TextView.getAutoSizeStepGranularity, referenced from method androidx.appcompat.widget.AppCompatTextView.getAutoSizeStepGranularity
W/dalvikvm( 2797): VFY: unable to resolve virtual method 4215: Landroid/widget/TextView;.getAutoSizeStepGranularity ()I
D/dalvikvm( 2797): VFY: replacing opcode 0x6f at 0x0004
I/dalvikvm( 2797): Could not find method android.widget.TextView.getAutoSizeTextAvailableSizes, referenced from method androidx.appcompat.widget.AppCompatTextView.getAutoSizeTextAvailableSizes
W/dalvikvm( 2797): VFY: unable to resolve virtual method 4216: Landroid/widget/TextView;.getAutoSizeTextAvailableSizes ()[I
D/dalvikvm( 2797): VFY: replacing opcode 0x6f at 0x0004
I/dalvikvm( 2797): Could not find method android.widget.TextView.getAutoSizeTextType, referenced from method androidx.appcompat.widget.AppCompatTextView.getAutoSizeTextType
W/dalvikvm( 2797): VFY: unable to resolve virtual method 4217: Landroid/widget/TextView;.getAutoSizeTextType ()I
D/dalvikvm( 2797): VFY: replacing opcode 0x6f at 0x0005
I/dalvikvm( 2797): Could not find method android.widget.TextView.getTextClassifier, referenced from method androidx.appcompat.widget.AppCompatTextView.getTextClassifier
W/dalvikvm( 2797): VFY: unable to resolve virtual method 4259: Landroid/widget/TextView;.getTextClassifier ()Landroid/view/textclassifier/TextClassifier;
D/dalvikvm( 2797): VFY: replacing opcode 0x6f at 0x0010
W/dalvikvm( 2797): VFY: unable to find class referenced in signature (Landroid/view/textclassifier/TextClassifier;)
W/dalvikvm( 2797): VFY: unable to find class referenced in signature (Landroid/view/textclassifier/TextClassifier;)
I/dalvikvm( 2797): Could not find method android.widget.TextView.setAutoSizeTextTypeUniformWithConfiguration, referenced from method androidx.appcompat.widget.AppCompatTextView.setAutoSizeTextTypeUniformWithConfiguration
W/dalvikvm( 2797): VFY: unable to resolve virtual method 4287: Landroid/widget/TextView;.setAutoSizeTextTypeUniformWithConfiguration (IIII)V
D/dalvikvm( 2797): VFY: replacing opcode 0x6f at 0x0004
I/dalvikvm( 2797): Could not find method android.widget.TextView.setAutoSizeTextTypeUniformWithPresetSizes, referenced from method androidx.appcompat.widget.AppCompatTextView.setAutoSizeTextTypeUniformWithPresetSizes
W/dalvikvm( 2797): VFY: unable to resolve virtual method 4288: Landroid/widget/TextView;.setAutoSizeTextTypeUniformWithPresetSizes ([II)V
D/dalvikvm( 2797): VFY: replacing opcode 0x6f at 0x0004
I/dalvikvm( 2797): Could not find method android.widget.TextView.setAutoSizeTextTypeWithDefaults, referenced from method androidx.appcompat.widget.AppCompatTextView.setAutoSizeTextTypeWithDefaults
W/dalvikvm( 2797): VFY: unable to resolve virtual method 4289: Landroid/widget/TextView;.setAutoSizeTextTypeWithDefaults (I)V
D/dalvikvm( 2797): VFY: replacing opcode 0x6f at 0x0004
I/dalvikvm( 2797): Could not find method android.widget.TextView.setFirstBaselineToTopHeight, referenced from method androidx.appcompat.widget.AppCompatTextView.setFirstBaselineToTopHeight
W/dalvikvm( 2797): VFY: unable to resolve virtual method 4305: Landroid/widget/TextView;.setFirstBaselineToTopHeight (I)V
D/dalvikvm( 2797): VFY: replacing opcode 0x6f at 0x0006
I/dalvikvm( 2797): Could not find method android.widget.TextView.setLastBaselineToBottomHeight, referenced from method androidx.appcompat.widget.AppCompatTextView.setLastBaselineToBottomHeight
W/dalvikvm( 2797): VFY: unable to resolve virtual method 4312: Landroid/widget/TextView;.setLastBaselineToBottomHeight (I)V
D/dalvikvm( 2797): VFY: replacing opcode 0x6f at 0x0006
W/dalvikvm( 2797): VFY: unable to find class referenced in signature (Landroid/view/textclassifier/TextClassifier;)
I/dalvikvm( 2797): Could not find method android.widget.TextView.setTextClassifier, referenced from method androidx.appcompat.widget.AppCompatTextView.setTextClassifier
W/dalvikvm( 2797): VFY: unable to resolve virtual method 4334: Landroid/widget/TextView;.setTextClassifier (Landroid/view/textclassifier/TextClassifier;)V
D/dalvikvm( 2797): VFY: replacing opcode 0x6f at 0x000f
W/dalvikvm( 2797): VFY: unable to find class referenced in signature (Landroid/view/textclassifier/TextClassifier;)
I/dalvikvm( 2797): Could not find method android.content.res.Resources.getDrawable, referenced from method androidx.appcompat.widget.ResourcesWrapper.getDrawable
W/dalvikvm( 2797): VFY: unable to resolve virtual method 908: Landroid/content/res/Resources;.getDrawable (ILandroid/content/res/Resources$Theme;)Landroid/graphics/drawable/Drawable;
D/dalvikvm( 2797): VFY: replacing opcode 0x6e at 0x0002
I/dalvikvm( 2797): Could not find method android.content.res.Resources.getDrawableForDensity, referenced from method androidx.appcompat.widget.ResourcesWrapper.getDrawableForDensity
W/dalvikvm( 2797): VFY: unable to resolve virtual method 910: Landroid/content/res/Resources;.getDrawableForDensity (IILandroid/content/res/Resources$Theme;)Landroid/graphics/drawable/Drawable;
D/dalvikvm( 2797): VFY: replacing opcode 0x6e at 0x0002
I/dalvikvm( 2797): Could not find method android.graphics.Typeface.create, referenced from method androidx.appcompat.widget.AppCompatTextHelper.updateTypefaceAndStyle
W/dalvikvm( 2797): VFY: unable to resolve static method 1337: Landroid/graphics/Typeface;.create (Landroid/graphics/Typeface;IZ)Landroid/graphics/Typeface;
D/dalvikvm( 2797): VFY: replacing opcode 0x71 at 0x00a0
I/dalvikvm( 2797): Could not find method android.graphics.Typeface.create, referenced from method androidx.appcompat.widget.AppCompatTextHelper.updateTypefaceAndStyle
W/dalvikvm( 2797): VFY: unable to resolve static method 1337: Landroid/graphics/Typeface;.create (Landroid/graphics/Typeface;IZ)Landroid/graphics/Typeface;
D/dalvikvm( 2797): VFY: replacing opcode 0x71 at 0x00d2
I/dalvikvm( 2797): Could not find method android.widget.TextView.setFontVariationSettings, referenced from method androidx.appcompat.widget.AppCompatTextHelper.loadFromAttributes
W/dalvikvm( 2797): VFY: unable to resolve virtual method 4307: Landroid/widget/TextView;.setFontVariationSettings (Ljava/lang/String;)Z
D/dalvikvm( 2797): VFY: replacing opcode 0x6e at 0x020b
I/dalvikvm( 2797): Could not find method android.os.LocaleList.forLanguageTags, referenced from method androidx.appcompat.widget.AppCompatTextHelper.loadFromAttributes
W/dalvikvm( 2797): VFY: unable to resolve static method 1746: Landroid/os/LocaleList;.forLanguageTags (Ljava/lang/String;)Landroid/os/LocaleList;
D/dalvikvm( 2797): VFY: replacing opcode 0x71 at 0x0218
I/dalvikvm( 2797): Could not find method java.util.Locale.forLanguageTag, referenced from method androidx.appcompat.widget.AppCompatTextHelper.loadFromAttributes
W/dalvikvm( 2797): VFY: unable to resolve static method 34135: Ljava/util/Locale;.forLanguageTag (Ljava/lang/String;)Ljava/util/Locale;
D/dalvikvm( 2797): VFY: replacing opcode 0x71 at 0x0232
I/dalvikvm( 2797): Could not find method android.widget.TextView.getAutoSizeStepGranularity, referenced from method androidx.appcompat.widget.AppCompatTextHelper.loadFromAttributes
W/dalvikvm( 2797): VFY: unable to resolve virtual method 4215: Landroid/widget/TextView;.getAutoSizeStepGranularity ()I
D/dalvikvm( 2797): VFY: replacing opcode 0x6e at 0x0255
I/dalvikvm( 2797): Could not find method android.widget.TextView.setFontVariationSettings, referenced from method androidx.appcompat.widget.AppCompatTextHelper.onSetTextAppearance
W/dalvikvm( 2797): VFY: unable to resolve virtual method 4307: Landroid/widget/TextView;.setFontVariationSettings (Ljava/lang/String;)Z
D/dalvikvm( 2797): VFY: replacing opcode 0x6e at 0x008f
I/dalvikvm( 2797): Could not find method android.text.StaticLayout$Builder.obtain, referenced from method androidx.appcompat.widget.AppCompatTextViewAutoSizeHelper.createStaticLayoutForMeasuring
W/dalvikvm( 2797): VFY: unable to resolve static method 2040: Landroid/text/StaticLayout$Builder;.obtain (Ljava/lang/CharSequence;IILandroid/text/TextPaint;I)Landroid/text/StaticLayout$Builder;
D/dalvikvm( 2797): VFY: replacing opcode 0x71 at 0x0007
E/dalvikvm( 2797): Could not find class 'android.view.textclassifier.TextClassificationManager', referenced from method androidx.appcompat.widget.AppCompatTextClassifierHelper.getTextClassifier
W/dalvikvm( 2797): VFY: unable to resolve const-class 576 (Landroid/view/textclassifier/TextClassificationManager;) in Landroidx/appcompat/widget/AppCompatTextClassifierHelper;
D/dalvikvm( 2797): VFY: replacing opcode 0x1c at 0x000a
W/dalvikvm( 2797): VFY: unable to find class referenced in signature (Landroid/view/textclassifier/TextClassifier;)
W/dalvikvm( 2797): VFY: unable to find class referenced in signature (Landroid/view/textclassifier/TextClassifier;)
D/dalvikvm( 2797): GC_FOR_ALLOC freed 354K, 14% free 3357K/3896K, paused 2ms, total 2ms
E/dalvikvm( 2797): Could not find class 'android.graphics.drawable.RippleDrawable', referenced from method androidx.appcompat.widget.AppCompatImageHelper.hasOverlappingRendering
W/dalvikvm( 2797): VFY: unable to resolve instanceof 235 (Landroid/graphics/drawable/RippleDrawable;) in Landroidx/appcompat/widget/AppCompatImageHelper;
D/dalvikvm( 2797): VFY: replacing opcode 0x20 at 0x000c
I/dalvikvm( 2797): Could not find method android.content.res.Resources.getColor, referenced from method androidx.core.content.res.ResourcesCompat.getColor
W/dalvikvm( 2797): VFY: unable to resolve virtual method 899: Landroid/content/res/Resources;.getColor (ILandroid/content/res/Resources$Theme;)I
D/dalvikvm( 2797): VFY: replacing opcode 0x6e at 0x0006
I/dalvikvm( 2797): Could not find method android.content.res.Resources.getColorStateList, referenced from method androidx.core.content.res.ResourcesCompat.getColorStateList
W/dalvikvm( 2797): VFY: unable to resolve virtual method 901: Landroid/content/res/Resources;.getColorStateList (ILandroid/content/res/Resources$Theme;)Landroid/content/res/ColorStateList;
D/dalvikvm( 2797): VFY: replacing opcode 0x6e at 0x0006
I/dalvikvm( 2797): Could not find method android.content.res.Resources.getDrawable, referenced from method androidx.core.content.res.ResourcesCompat.getDrawable
W/dalvikvm( 2797): VFY: unable to resolve virtual method 908: Landroid/content/res/Resources;.getDrawable (ILandroid/content/res/Resources$Theme;)Landroid/graphics/drawable/Drawable;
D/dalvikvm( 2797): VFY: replacing opcode 0x6e at 0x0006
I/dalvikvm( 2797): Could not find method android.content.res.Resources.getDrawableForDensity, referenced from method androidx.core.content.res.ResourcesCompat.getDrawableForDensity
W/dalvikvm( 2797): VFY: unable to resolve virtual method 910: Landroid/content/res/Resources;.getDrawableForDensity (IILandroid/content/res/Resources$Theme;)Landroid/graphics/drawable/Drawable;
D/dalvikvm( 2797): VFY: replacing opcode 0x6e at 0x0006
D/dalvikvm( 2797): GC_FOR_ALLOC freed 55K, 13% free 3524K/4008K, paused 1ms, total 1ms
D/dalvikvm( 2797): GC_FOR_ALLOC freed 2K, 12% free 3633K/4120K, paused 3ms, total 3ms
D/dalvikvm( 2797): GC_FOR_ALLOC freed <1K, 12% free 3744K/4232K, paused 2ms, total 2ms
D/dalvikvm( 2797): GC_FOR_ALLOC freed <1K, 12% free 3855K/4344K, paused 2ms, total 2ms
D/dalvikvm( 2797): GC_FOR_ALLOC freed 12K, 11% free 4051K/4520K, paused 3ms, total 3ms
I/dalvikvm( 2797): Could not find method android.widget.EditText.getTextClassifier, referenced from method androidx.appcompat.widget.AppCompatEditText.getTextClassifier
W/dalvikvm( 2797): VFY: unable to resolve virtual method 3647: Landroid/widget/EditText;.getTextClassifier ()Landroid/view/textclassifier/TextClassifier;
D/dalvikvm( 2797): VFY: replacing opcode 0x6f at 0x0010
W/dalvikvm( 2797): VFY: unable to find class referenced in signature (Landroid/view/textclassifier/TextClassifier;)
W/dalvikvm( 2797): VFY: unable to find class referenced in signature (Landroid/view/textclassifier/TextClassifier;)
W/dalvikvm( 2797): VFY: unable to find class referenced in signature (Landroid/view/textclassifier/TextClassifier;)
I/dalvikvm( 2797): Could not find method android.widget.EditText.setTextClassifier, referenced from method androidx.appcompat.widget.AppCompatEditText.setTextClassifier
W/dalvikvm( 2797): VFY: unable to resolve virtual method 3681: Landroid/widget/EditText;.setTextClassifier (Landroid/view/textclassifier/TextClassifier;)V
D/dalvikvm( 2797): VFY: replacing opcode 0x6f at 0x000f
W/dalvikvm( 2797): VFY: unable to find class referenced in signature (Landroid/view/textclassifier/TextClassifier;)
D/dalvikvm( 2797): GC_FOR_ALLOC freed 178K, 12% free 4166K/4720K, paused 4ms, total 4ms
I/dalvikvm( 2797): Could not find method android.graphics.Color.getModel, referenced from method androidx.core.graphics.ColorUtils.compositeColors
W/dalvikvm( 2797): VFY: unable to resolve virtual method 1127: Landroid/graphics/Color;.getModel ()Landroid/graphics/ColorSpace$Model;
D/dalvikvm( 2797): VFY: replacing opcode 0x6e at 0x0000
D/dalvikvm( 2797): GC_FOR_ALLOC freed 8K, 10% free 4273K/4720K, paused 2ms, total 2ms
D/dalvikvm( 2797): GC_FOR_ALLOC freed <1K, 10% free 4445K/4892K, paused 2ms, total 2ms
I/dalvikvm-heap( 2797): Grow heap (frag case) to 6.369MB for 1939932-byte allocation
D/dalvikvm( 2797): GC_FOR_ALLOC freed <1K, 7% free 6339K/6788K, paused 3ms, total 3ms
I/dalvikvm( 2797): Could not find method android.widget.Button.getAutoSizeMaxTextSize, referenced from method androidx.appcompat.widget.AppCompatButton.getAutoSizeMaxTextSize
W/dalvikvm( 2797): VFY: unable to resolve virtual method 3527: Landroid/widget/Button;.getAutoSizeMaxTextSize ()I
D/dalvikvm( 2797): VFY: replacing opcode 0x6f at 0x0004
I/dalvikvm( 2797): Could not find method android.widget.Button.getAutoSizeMinTextSize, referenced from method androidx.appcompat.widget.AppCompatButton.getAutoSizeMinTextSize
W/dalvikvm( 2797): VFY: unable to resolve virtual method 3528: Landroid/widget/Button;.getAutoSizeMinTextSize ()I
D/dalvikvm( 2797): VFY: replacing opcode 0x6f at 0x0004
I/dalvikvm( 2797): Could not find method android.widget.Button.getAutoSizeStepGranularity, referenced from method androidx.appcompat.widget.AppCompatButton.getAutoSizeStepGranularity
W/dalvikvm( 2797): VFY: unable to resolve virtual method 3529: Landroid/widget/Button;.getAutoSizeStepGranularity ()I
D/dalvikvm( 2797): VFY: replacing opcode 0x6f at 0x0004
I/dalvikvm( 2797): Could not find method android.widget.Button.getAutoSizeTextAvailableSizes, referenced from method androidx.appcompat.widget.AppCompatButton.getAutoSizeTextAvailableSizes
W/dalvikvm( 2797): VFY: unable to resolve virtual method 3530: Landroid/widget/Button;.getAutoSizeTextAvailableSizes ()[I
D/dalvikvm( 2797): VFY: replacing opcode 0x6f at 0x0004
I/dalvikvm( 2797): Could not find method android.widget.Button.getAutoSizeTextType, referenced from method androidx.appcompat.widget.AppCompatButton.getAutoSizeTextType
W/dalvikvm( 2797): VFY: unable to resolve virtual method 3531: Landroid/widget/Button;.getAutoSizeTextType ()I
D/dalvikvm( 2797): VFY: replacing opcode 0x6f at 0x0005
I/dalvikvm( 2797): Could not find method android.widget.Button.setAutoSizeTextTypeUniformWithConfiguration, referenced from method androidx.appcompat.widget.AppCompatButton.setAutoSizeTextTypeUniformWithConfiguration
W/dalvikvm( 2797): VFY: unable to resolve virtual method 3541: Landroid/widget/Button;.setAutoSizeTextTypeUniformWithConfiguration (IIII)V
D/dalvikvm( 2797): VFY: replacing opcode 0x6f at 0x0004
I/dalvikvm( 2797): Could not find method android.widget.Button.setAutoSizeTextTypeUniformWithPresetSizes, referenced from method androidx.appcompat.widget.AppCompatButton.setAutoSizeTextTypeUniformWithPresetSizes
W/dalvikvm( 2797): VFY: unable to resolve virtual method 3542: Landroid/widget/Button;.setAutoSizeTextTypeUniformWithPresetSizes ([II)V
D/dalvikvm( 2797): VFY: replacing opcode 0x6f at 0x0004
I/dalvikvm( 2797): Could not find method android.widget.Button.setAutoSizeTextTypeWithDefaults, referenced from method androidx.appcompat.widget.AppCompatButton.setAutoSizeTextTypeWithDefaults
W/dalvikvm( 2797): VFY: unable to resolve virtual method 3543: Landroid/widget/Button;.setAutoSizeTextTypeWithDefaults (I)V
D/dalvikvm( 2797): VFY: replacing opcode 0x6f at 0x0004
D/        ( 2797): HostConnection::get() New Host Connection established 0xb8dfcaa0, tid 2797
D/EGL_emulation( 2797): eglCreateContext: 0xb8dfe7c0: maj 3 min 0 rcv 3
D/EGL_emulation( 2797): eglMakeCurrent: 0xb8dfe7c0: ver 3 0
E/eglCodecCommon( 2797): glUtilsParamSize: unknow param 0x00008cdf
E/eglCodecCommon( 2797): glUtilsParamSize: unknow param 0x00008824
E/EGL_emulation( 2797): tid 2797: eglSurfaceAttrib(1199): error 0x3009 (EGL_BAD_MATCH)
W/HardwareRenderer( 2797): Backbuffer cannot be preserved
D/OpenGLRenderer( 2797): Enabling debug mode 0
I/dalvikvm( 2797): Could not find method android.view.ViewConfiguration.getScaledHorizontalScrollFactor, referenced from method androidx.core.view.ViewConfigurationCompat.getScaledHorizontalScrollFactor
W/dalvikvm( 2797): VFY: unable to resolve virtual method 2810: Landroid/view/ViewConfiguration;.getScaledHorizontalScrollFactor ()F
D/dalvikvm( 2797): VFY: replacing opcode 0x6e at 0x0006
I/dalvikvm( 2797): Could not find method android.view.ViewConfiguration.getScaledHoverSlop, referenced from method androidx.core.view.ViewConfigurationCompat.getScaledHoverSlop
W/dalvikvm( 2797): VFY: unable to resolve virtual method 2811: Landroid/view/ViewConfiguration;.getScaledHoverSlop ()I
D/dalvikvm( 2797): VFY: replacing opcode 0x6e at 0x0006
I/dalvikvm( 2797): Could not find method android.view.ViewConfiguration.getScaledVerticalScrollFactor, referenced from method androidx.core.view.ViewConfigurationCompat.getScaledVerticalScrollFactor
W/dalvikvm( 2797): VFY: unable to resolve virtual method 2816: Landroid/view/ViewConfiguration;.getScaledVerticalScrollFactor ()F
D/dalvikvm( 2797): VFY: replacing opcode 0x6e at 0x0006
I/dalvikvm( 2797): Could not find method android.view.ViewConfiguration.shouldShowMenuShortcutsWhenKeyboardPresent, referenced from method androidx.core.view.ViewConfigurationCompat.shouldShowMenuShortcutsWhenKeyboardPresent
W/dalvikvm( 2797): VFY: unable to resolve virtual method 2820: Landroid/view/ViewConfiguration;.shouldShowMenuShortcutsWhenKeyboardPresent ()Z
D/dalvikvm( 2797): VFY: replacing opcode 0x6e at 0x0006
I/dalvikvm( 2797): Could not find method android.view.View.setTooltipText, referenced from method androidx.appcompat.widget.TooltipCompat.setTooltipText
W/dalvikvm( 2797): VFY: unable to resolve virtual method 2784: Landroid/view/View;.setTooltipText (Ljava/lang/CharSequence;)V
D/dalvikvm( 2797): VFY: replacing opcode 0x6e at 0x0006
I/dalvikvm( 2797): Could not find method android.view.MenuItem.getAlphabeticModifiers, referenced from method androidx.core.view.MenuItemCompat.getAlphabeticModifiers
W/dalvikvm( 2797): VFY: unable to resolve interface method 2377: Landroid/view/MenuItem;.getAlphabeticModifiers ()I
D/dalvikvm( 2797): VFY: replacing opcode 0x72 at 0x0011
I/dalvikvm( 2797): Could not find method android.view.MenuItem.getContentDescription, referenced from method androidx.core.view.MenuItemCompat.getContentDescription
W/dalvikvm( 2797): VFY: unable to resolve interface method 2378: Landroid/view/MenuItem;.getContentDescription ()Ljava/lang/CharSequence;
D/dalvikvm( 2797): VFY: replacing opcode 0x72 at 0x0011
I/dalvikvm( 2797): Could not find method android.view.MenuItem.getIconTintList, referenced from method androidx.core.view.MenuItemCompat.getIconTintList
W/dalvikvm( 2797): VFY: unable to resolve interface method 2381: Landroid/view/MenuItem;.getIconTintList ()Landroid/content/res/ColorStateList;
D/dalvikvm( 2797): VFY: replacing opcode 0x72 at 0x0011
I/dalvikvm( 2797): Could not find method android.view.MenuItem.getIconTintMode, referenced from method androidx.core.view.MenuItemCompat.getIconTintMode
W/dalvikvm( 2797): VFY: unable to resolve interface method 2382: Landroid/view/MenuItem;.getIconTintMode ()Landroid/graphics/PorterDuff$Mode;
D/dalvikvm( 2797): VFY: replacing opcode 0x72 at 0x0011
I/dalvikvm( 2797): Could not find method android.view.MenuItem.getNumericModifiers, referenced from method androidx.core.view.MenuItemCompat.getNumericModifiers
W/dalvikvm( 2797): VFY: unable to resolve interface method 2385: Landroid/view/MenuItem;.getNumericModifiers ()I
D/dalvikvm( 2797): VFY: replacing opcode 0x72 at 0x0011
I/dalvikvm( 2797): Could not find method android.view.MenuItem.getTooltipText, referenced from method androidx.core.view.MenuItemCompat.getTooltipText
W/dalvikvm( 2797): VFY: unable to resolve interface method 2387: Landroid/view/MenuItem;.getTooltipText ()Ljava/lang/CharSequence;
D/dalvikvm( 2797): VFY: replacing opcode 0x72 at 0x0011
I/dalvikvm( 2797): Could not find method android.view.MenuItem.setAlphabeticShortcut, referenced from method androidx.core.view.MenuItemCompat.setAlphabeticShortcut
W/dalvikvm( 2797): VFY: unable to resolve interface method 2396: Landroid/view/MenuItem;.setAlphabeticShortcut (CI)Landroid/view/MenuItem;
D/dalvikvm( 2797): VFY: replacing opcode 0x72 at 0x0010
I/dalvikvm( 2797): Could not find method android.view.MenuItem.setContentDescription, referenced from method androidx.core.view.MenuItemCompat.setContentDescription
W/dalvikvm( 2797): VFY: unable to resolve interface method 2399: Landroid/view/MenuItem;.setContentDescription (Ljava/lang/CharSequence;)Landroid/view/MenuItem;
D/dalvikvm( 2797): VFY: replacing opcode 0x72 at 0x0010
I/dalvikvm( 2797): Could not find method android.view.MenuItem.setIconTintList, referenced from method androidx.core.view.MenuItemCompat.setIconTintList
W/dalvikvm( 2797): VFY: unable to resolve interface method 2403: Landroid/view/MenuItem;.setIconTintList (Landroid/content/res/ColorStateList;)Landroid/view/MenuItem;
D/dalvikvm( 2797): VFY: replacing opcode 0x72 at 0x0010
I/dalvikvm( 2797): Could not find method android.view.MenuItem.setIconTintMode, referenced from method androidx.core.view.MenuItemCompat.setIconTintMode
W/dalvikvm( 2797): VFY: unable to resolve interface method 2404: Landroid/view/MenuItem;.setIconTintMode (Landroid/graphics/PorterDuff$Mode;)Landroid/view/MenuItem;
D/dalvikvm( 2797): VFY: replacing opcode 0x72 at 0x0010
I/dalvikvm( 2797): Could not find method android.view.MenuItem.setNumericShortcut, referenced from method androidx.core.view.MenuItemCompat.setNumericShortcut
W/dalvikvm( 2797): VFY: unable to resolve interface method 2406: Landroid/view/MenuItem;.setNumericShortcut (CI)Landroid/view/MenuItem;
D/dalvikvm( 2797): VFY: replacing opcode 0x72 at 0x0010
I/dalvikvm( 2797): Could not find method android.view.MenuItem.setShortcut, referenced from method androidx.core.view.MenuItemCompat.setShortcut
W/dalvikvm( 2797): VFY: unable to resolve interface method 2409: Landroid/view/MenuItem;.setShortcut (CCII)Landroid/view/MenuItem;
D/dalvikvm( 2797): VFY: replacing opcode 0x72 at 0x0010
I/dalvikvm( 2797): Could not find method android.view.MenuItem.setTooltipText, referenced from method androidx.core.view.MenuItemCompat.setTooltipText
W/dalvikvm( 2797): VFY: unable to resolve interface method 2414: Landroid/view/MenuItem;.setTooltipText (Ljava/lang/CharSequence;)Landroid/view/MenuItem;
D/dalvikvm( 2797): VFY: replacing opcode 0x72 at 0x0010
I/dalvikvm( 2797): Could not find method android.graphics.drawable.Drawable.applyTheme, referenced from method androidx.core.graphics.drawable.DrawableCompat.applyTheme
W/dalvikvm( 2797): VFY: unable to resolve virtual method 1382: Landroid/graphics/drawable/Drawable;.applyTheme (Landroid/content/res/Resources$Theme;)V
D/dalvikvm( 2797): VFY: replacing opcode 0x6e at 0x0006
I/dalvikvm( 2797): Could not find method android.graphics.drawable.Drawable.canApplyTheme, referenced from method androidx.core.graphics.drawable.DrawableCompat.canApplyTheme
W/dalvikvm( 2797): VFY: unable to resolve virtual method 1383: Landroid/graphics/drawable/Drawable;.canApplyTheme ()Z
D/dalvikvm( 2797): VFY: replacing opcode 0x6e at 0x0006
I/dalvikvm( 2797): Could not find method android.graphics.drawable.Drawable.getColorFilter, referenced from method androidx.core.graphics.drawable.DrawableCompat.getColorFilter
W/dalvikvm( 2797): VFY: unable to resolve virtual method 1394: Landroid/graphics/drawable/Drawable;.getColorFilter ()Landroid/graphics/ColorFilter;
D/dalvikvm( 2797): VFY: replacing opcode 0x6e at 0x0006
I/dalvikvm( 2797): Could not find method android.graphics.drawable.Drawable.inflate, referenced from method androidx.core.graphics.drawable.DrawableCompat.inflate
W/dalvikvm( 2797): VFY: unable to resolve virtual method 1412: Landroid/graphics/drawable/Drawable;.inflate (Landroid/content/res/Resources;Lorg/xmlpull/v1/XmlPullParser;Landroid/util/AttributeSet;Landroid/content/res/Resources$Theme;)V
D/dalvikvm( 2797): VFY: replacing opcode 0x6e at 0x0006
I/dalvikvm( 2797): Could not find method android.graphics.drawable.Drawable.setHotspot, referenced from method androidx.core.graphics.drawable.DrawableCompat.setHotspot
W/dalvikvm( 2797): VFY: unable to resolve virtual method 1434: Landroid/graphics/drawable/Drawable;.setHotspot (FF)V
D/dalvikvm( 2797): VFY: replacing opcode 0x6e at 0x0006
I/dalvikvm( 2797): Could not find method android.graphics.drawable.Drawable.setHotspotBounds, referenced from method androidx.core.graphics.drawable.DrawableCompat.setHotspotBounds
W/dalvikvm( 2797): VFY: unable to resolve virtual method 1435: Landroid/graphics/drawable/Drawable;.setHotspotBounds (IIII)V
D/dalvikvm( 2797): VFY: replacing opcode 0x6e at 0x0006
I/dalvikvm( 2797): Could not find method android.graphics.drawable.Drawable.setLayoutDirection, referenced from method androidx.core.graphics.drawable.DrawableCompat.setLayoutDirection
W/dalvikvm( 2797): VFY: unable to resolve virtual method 1436: Landroid/graphics/drawable/Drawable;.setLayoutDirection (I)Z
D/dalvikvm( 2797): VFY: replacing opcode 0x6e at 0x0006
I/dalvikvm( 2797): Could not find method android.graphics.drawable.Drawable.setTint, referenced from method androidx.core.graphics.drawable.DrawableCompat.setTint
W/dalvikvm( 2797): VFY: unable to resolve virtual method 1439: Landroid/graphics/drawable/Drawable;.setTint (I)V
D/dalvikvm( 2797): VFY: replacing opcode 0x6e at 0x0006
I/dalvikvm( 2797): Could not find method android.graphics.drawable.Drawable.setTintList, referenced from method androidx.core.graphics.drawable.DrawableCompat.setTintList
W/dalvikvm( 2797): VFY: unable to resolve virtual method 1440: Landroid/graphics/drawable/Drawable;.setTintList (Landroid/content/res/ColorStateList;)V
D/dalvikvm( 2797): VFY: replacing opcode 0x6e at 0x0006
I/dalvikvm( 2797): Could not find method android.graphics.drawable.Drawable.setTintMode, referenced from method androidx.core.graphics.drawable.DrawableCompat.setTintMode
W/dalvikvm( 2797): VFY: unable to resolve virtual method 1441: Landroid/graphics/drawable/Drawable;.setTintMode (Landroid/graphics/PorterDuff$Mode;)V
D/dalvikvm( 2797): VFY: replacing opcode 0x6e at 0x0006
E/dalvikvm( 2797): Could not find class 'android.support.v4.app.FragmentActivity', referenced from method a.a.a.ag.c
W/dalvikvm( 2797): VFY: unable to resolve check-cast 122 (Landroid/support/v4/app/FragmentActivity;) in La/a/a/ag;
D/dalvikvm( 2797): VFY: replacing opcode 0x1f at 0x0008
I/dalvikvm( 2797): Could not find method android.support.v4.app.FragmentActivity.getSupportFragmentManager, referenced from method a.a.a.ag.c
W/dalvikvm( 2797): VFY: unable to resolve virtual method 750: Landroid/support/v4/app/FragmentActivity;.getSupportFragmentManager ()Landroid/support/v4/app/FragmentManager;
D/dalvikvm( 2797): VFY: replacing opcode 0x6e at 0x000e
I/dalvikvm( 2797): Could not find method android.support.v4.app.FragmentActivity.getSupportFragmentManager, referenced from method a.a.a.ag.c
W/dalvikvm( 2797): VFY: unable to resolve virtual method 750: Landroid/support/v4/app/FragmentActivity;.getSupportFragmentManager ()Landroid/support/v4/app/FragmentManager;
D/dalvikvm( 2797): VFY: replacing opcode 0x6e at 0x001a
W/dalvikvm( 2797): VFY: unable to find class referenced in signature (Landroid/support/v4/app/Fragment;)
W/dalvikvm( 2797): VFY: unable to find class referenced in signature (Landroid/support/v4/app/Fragment;)
I/ActivityManager( 1567): Displayed de.hauke_stieler.geonotes/.MainActivity: +523ms
D/EGL_emulation( 1730): eglMakeCurrent: 0xb8dca5f0: ver 3 0
D/EGL_emulation( 1730): eglMakeCurrent: 0xb8dca5f0: ver 3 0
D/dalvikvm( 2797): GC_FOR_ALLOC freed 582K, 11% free 6865K/7636K, paused 3ms, total 3ms
D/dalvikvm( 2797): GC_FOR_ALLOC freed 430K, 10% free 7434K/8216K, paused 3ms, total 4ms
D/dalvikvm( 2797): GC_FOR_ALLOC freed 384K, 9% free 8193K/8996K, paused 2ms, total 2ms
I/AndroidRipper( 2797): [RipperTestCase] Ready to operate after restarting...
D/InitAlarmsService( 1994): Clearing and rescheduling alarms.
I/ActivityManager( 1567): Killing 2383:com.google.android.gms.ui/u0a7 (adj 15): empty #17
I/ActivityManager( 1567): Killing 2296:com.android.exchange/u0a27 (adj 15): empty #18
D/dalvikvm( 1789): GC_EXPLICIT freed 158K, 27% free 6251K/8528K, paused 1ms+1ms, total 5ms
I/Vision  ( 1949): Requesting optional module download of ocr.
I/Vision  ( 1949): Checking for download completion for 55799 -- ocr
D/dalvikvm( 1567): GC_EXPLICIT freed 326K, 23% free 8939K/11508K, paused 1ms+1ms, total 10ms
I/ActivityManager( 1567): Killing 2103:com.google.android.gms.unstable/u0a7 (adj 15): empty #17
D/dalvikvm( 1689): GC_EXPLICIT freed 1161K, 23% free 8987K/11640K, paused 1ms+1ms, total 10ms
I/NetworkScheduler.Stats( 1689): Task com.google.android.gms/com.google.android.gms.icing.service.IcingGcmTaskService started execution. cause:4 exec_start_elapsed_seconds: 51 [CONTEXT service_id=218 ]
I/NetworkScheduler.Stats( 1689): Task com.google.android.gms/com.google.android.gms.icing.service.IcingGcmTaskService finished executing. cause:4 result: 1 elapsed_millis: 14 uptime_millis: 14 exec_start_elapsed_seconds: 51 [CONTEXT service_id=218 ]
I/dalvikvm( 1689): Could not find method android.net.ConnectivityManager.isDefaultNetworkActive, referenced from method com.google.android.gms.clearcut.uploader.QosUploaderChimeraService.a
W/dalvikvm( 1689): VFY: unable to resolve virtual method 3874: Landroid/net/ConnectivityManager;.isDefaultNetworkActive ()Z
D/dalvikvm( 1689): VFY: replacing opcode 0x6e at 0x00c6
I/NetworkScheduler.Stats( 1689): Task com.google.android.gms/com.google.android.gms.clearcut.uploader.QosUploaderService started execution. cause:5 exec_start_elapsed_seconds: 51 [CONTEXT service_id=218 ]
I/NetworkScheduler.Stats( 1689): Task com.google.android.gms/com.google.android.gms.auth.account.be.legacy.AuthCronService started execution. cause:5 exec_start_elapsed_seconds: 51 [CONTEXT service_id=218 ]
I/NetworkScheduler.Stats( 1689): Task com.google.android.gms/com.google.android.gms.auth.account.be.legacy.AuthCronService finished executing. cause:5 result: 3 elapsed_millis: 16 uptime_millis: 16 exec_start_elapsed_seconds: 51 [CONTEXT service_id=218 ]
I/NetworkScheduler.Stats( 1689): Task com.google.android.gms/com.google.android.gms.clearcut.uploader.QosUploaderService finished executing. cause:5 result: 1 elapsed_millis: 72 uptime_millis: 72 exec_start_elapsed_seconds: 51 [CONTEXT service_id=218 ]
D/dalvikvm( 1789): GC_EXPLICIT freed 210K, 27% free 6265K/8528K, paused 1ms+1ms, total 7ms
I/Vision  ( 1949): Requesting optional module download of ocr.
I/Vision  ( 1949): Checking for download completion for 65808 -- ocr
D/dalvikvm( 1567): GC_EXPLICIT freed 489K, 23% free 8907K/11508K, paused 0ms+1ms, total 7ms
D/dalvikvm( 1689): GC_EXPLICIT freed 1412K, 24% free 8898K/11640K, paused 1ms+1ms, total 10ms
V/        ( 2705): ready
V/RipperService( 2705): PING
V/AndroidRipperService( 2705): mHandler.handleMessage() RECIVED
V/AndroidRipperService( 2705): broadcast()
I/AndroidRipper( 2797): Recived message: PING
V/AndroidRipperService( 2705): send()
V/AndroidRipperService( 2705): broadcast() done
V/        ( 2705): ready
V/RipperService( 2705): PING
V/AndroidRipperService( 2705): mHandler.handleMessage() RECIVED
V/AndroidRipperService( 2705): broadcast()
V/AndroidRipperService( 2705): broadcast() done
V/        ( 2705): ready
I/AndroidRipper( 2797): Recived message: PING
V/AndroidRipperService( 2705): send()
D/dalvikvm( 2705): GC_FOR_ALLOC freed 420K, 17% free 3088K/3692K, paused 2ms, total 2ms
V/RipperService( 2705): DSC
V/AndroidRipperService( 2705): mHandler.handleMessage() RECIVED
V/AndroidRipperService( 2705): broadcast()
V/AndroidRipperService( 2705): broadcast() done
V/        ( 2705): ready
I/AndroidRipper( 2797): Recived message: DSC
I/AndroidRipper( 2797): [b] Found widget: id=-1 (android.widget.LinearLayout{9d084748 V.E..... ........ 0,0-1080,1794})
I/AndroidRipper( 2797): [b] Found widget: id=16909070 (android.view.ViewStub{9d088c68 G.E..... ......I. 0,0-0,0 #102030e})
I/AndroidRipper( 2797): [b] Found widget: id=-1 (android.widget.FrameLayout{9d0890f8 V.E..... ........ 0,66-1080,1794})
I/AndroidRipper( 2797): [b] Found widget: id=2131230771 (androidx.appcompat.widget.FitWindowsLinearLayout{9d08da98 V.E..... ........ 0,0-1080,1728 #7f080033 app:id/action_bar_root})
I/AndroidRipper( 2797): [b] Found widget: id=2131230782 (androidx.appcompat.widget.ViewStubCompat{9d08e190 G.E..... ......I. 0,0-0,0 #7f08003e app:id/action_mode_bar_stub})
I/AndroidRipper( 2797): [b] Found widget: id=16908290 (androidx.appcompat.widget.ContentFrameLayout{9d08e9c0 V.ED.... ........ 0,0-1080,1728 #1020002 android:id/content})
I/AndroidRipper( 2797): [b] Found widget: id=-1 (android.widget.LinearLayout{9d09e0d0 V.E..... ........ 0,0-1080,1728})
I/AndroidRipper( 2797): [b] Found widget: id=2131231139 (androidx.appcompat.widget.Toolbar{9d09e940 V.E..... ........ 0,0-1080,147 #7f0801a3 app:id/toolbar})
I/AndroidRipper( 2797): [b] Found widget: id=-1 (androidx.appcompat.widget.AppCompatTextView{9d03c600 V.ED.... ........ 42,38-277,109})
I/AndroidRipper( 2797): [b] Found widget: id=-1 (androidx.appcompat.widget.ActionMenuView{9d0b0980 V.E..... ........ 721,0-1080,147})
I/AndroidRipper( 2797): [b] Found widget: id=2131231141 (androidx.appcompat.view.menu.ActionMenuItemView{9d096e30 VFED..CL ........ 0,10-127,136 #7f0801a5 app:id/toolbar_btn_gps_follow})
D/dalvikvm( 2797): GC_FOR_ALLOC freed 987K, 12% free 8944K/10116K, paused 3ms, total 3ms
I/AndroidRipper( 2797): [b] Found widget: id=2131231140 (androidx.appcompat.view.menu.ActionMenuItemView{9d0322d0 VFED..CL ........ 127,10-254,136 #7f0801a4 app:id/toolbar_btn_export})
I/AndroidRipper( 2797): [b] Found widget: id=-1 (androidx.appcompat.widget.ActionMenuPresenter$OverflowMenuButton{9d087058 VFED..CL ........ 254,10-359,136})
I/AndroidRipper( 2797): [b] Found widget: id=-1 (android.widget.RelativeLayout{9d03b9e0 V.E..... ........ 0,147-1080,1728})
I/AndroidRipper( 2797): [b] Found widget: id=2131230934 (org.osmdroid.views.MapView{9d043bb8 V.E..... ........ 0,0-1080,1581 #7f0800d6 app:id/map})
I/AndroidRipper( 2797): [b] Found widget: id=2131230840 (androidx.appcompat.widget.AppCompatTextView{9d0c0f68 VFED..CL .F...... 0,1488-553,1581 #7f080078 app:id/copyright})
