E/dalvikvm( 2049): Could not find class 'com.google.common.flogger.backend.google.GooglePlatform', referenced from method plf.a
W/dalvikvm( 2049): VFY: unable to resolve const-class 3003 (Lcom/google/common/flogger/backend/google/GooglePlatform;) in Lplf;
D/dalvikvm( 2049): VFY: replacing opcode 0x1c at 0x0014
I/dalvikvm( 2049): Could not find method com.google.android.chimera.BoundService.getStartIntent, referenced from method hki.a
W/dalvikvm( 2049): VFY: unable to resolve static method 13682: Lcom/google/android/chimera/BoundService;.getStartIntent (Landroid/content/Context;Ljava/lang/String;)Landroid/content/Intent;
D/dalvikvm( 2049): VFY: replacing opcode 0x71 at 0x0024
E/GmsClient( 2049): unable to connect to service: com.google.android.gms.instantapps.START on com.google.android.gms
I/CastSocket( 1949): 19 >= 18. Adding new CastClientAuthKeyManager. [CONTEXT service_id=161 ]
W/ActivityManager( 1567): Unable to start service Intent { act=com.google.android.gms.instantapps.START pkg=com.google.android.gms } U=0: not found
W/ActivityManager( 1567): Unbind failed: could not find connection for android.os.BinderProxy@9d0d6908
I/dalvikvm( 1949): Could not find method android.os.PowerManager.isInteractive, referenced from method kjw.a
W/dalvikvm( 1949): VFY: unable to resolve virtual method 4227: Landroid/os/PowerManager;.isInteractive ()Z
D/dalvikvm( 1949): VFY: replacing opcode 0x6e at 0x0012
I/DiscoveryManager( 1949): WifiGuestModeDeviceScanner enabled.
E/BluetoothAdapter( 1949): Bluetooth binder is null
W/dalvikvm( 1949): VFY: unable to find class referenced in signature (Landroid/bluetooth/le/ScanResult;)
I/dalvikvm( 1949): Could not find method android.bluetooth.le.ScanResult.getScanRecord, referenced from method kjg.a
W/dalvikvm( 1949): VFY: unable to resolve virtual method 2766: Landroid/bluetooth/le/ScanResult;.getScanRecord ()Landroid/bluetooth/le/ScanRecord;
D/dalvikvm( 1949): VFY: replacing opcode 0x6e at 0x0005
I/dalvikvm( 1949): Could not find method android.bluetooth.le.BluetoothLeScanner.stopScan, referenced from method kjg.b
W/dalvikvm( 1949): VFY: unable to resolve virtual method 2749: Landroid/bluetooth/le/BluetoothLeScanner;.stopScan (Landroid/bluetooth/le/ScanCallback;)V
D/dalvikvm( 1949): VFY: replacing opcode 0x6e at 0x000f
I/dalvikvm( 1949): Could not find method android.bluetooth.BluetoothAdapter.getBluetoothLeScanner, referenced from method kjg.c
W/dalvikvm( 1949): VFY: unable to resolve virtual method 2729: Landroid/bluetooth/BluetoothAdapter;.getBluetoothLeScanner ()Landroid/bluetooth/le/BluetoothLeScanner;
D/dalvikvm( 1949): VFY: replacing opcode 0x6e at 0x0025
E/dalvikvm( 1949): Could not find class 'android.bluetooth.le.ScanFilter$Builder', referenced from method kjg.c
W/dalvikvm( 1949): VFY: unable to resolve new-instance 624 (Landroid/bluetooth/le/ScanFilter$Builder;) in Lkjg;
D/dalvikvm( 1949): VFY: replacing opcode 0x22 at 0x0035
D/dalvikvm( 1949): DexOpt: unable to opt direct call 0x0abf at 0x37 in Lkjg;.c
D/dalvikvm( 1949): DexOpt: unable to opt direct call 0x0ad0 at 0x49 in Lkjg;.c
W/dalvikvm( 1949): Unable to resolve superclass of Luxp; (1263)
W/dalvikvm( 1949): Link of class 'Luxp;' failed
W/dalvikvm( 1949): Unable to resolve superclass of Lcom/google/android/gms/cast/discovery/BleDeviceScanner$BleScanCallback; (16036)
W/dalvikvm( 1949): Link of class 'Lcom/google/android/gms/cast/discovery/BleDeviceScanner$BleScanCallback;' failed
I/dalvikvm( 2049): Could not find method android.content.Context.deleteSharedPreferences, referenced from method fya.c
W/dalvikvm( 2049): VFY: unable to resolve virtual method 3145: Landroid/content/Context;.deleteSharedPreferences (Ljava/lang/String;)Z
D/dalvikvm( 2049): VFY: replacing opcode 0x6e at 0x002a
D/dalvikvm( 1949): DexOpt: unable to opt direct call 0x63e6 at 0x62 in Lkjg;.c
D/dalvikvm( 1949): GC_FOR_ALLOC freed 2600K, 31% free 6345K/9140K, paused 11ms, total 11ms
I/dalvikvm( 2049): Could not find method java.util.Locale.toLanguageTag, referenced from method fvw.a
W/dalvikvm( 2049): VFY: unable to resolve virtual method 33842: Ljava/util/Locale;.toLanguageTag ()Ljava/lang/String;
D/dalvikvm( 2049): VFY: replacing opcode 0x6e at 0x000a
D/dalvikvm( 2049): GC_FOR_ALLOC freed 296K, 13% free 3471K/3952K, paused 3ms, total 3ms
W/ComponentDiscovery( 2049): Application info not found.
W/ComponentDiscovery( 2049): Could not retrieve metadata, returning empty list of registrars.
I/dalvikvm( 2049): Could not find method android.content.Context.getDrawable, referenced from method rj.a
W/dalvikvm( 2049): VFY: unable to resolve virtual method 3157: Landroid/content/Context;.getDrawable (I)Landroid/graphics/drawable/Drawable;
D/dalvikvm( 2049): VFY: replacing opcode 0x6e at 0x0006
I/dalvikvm( 2049): Could not find method android.content.Context.getDataDir, referenced from method rj.a
W/dalvikvm( 2049): VFY: unable to resolve virtual method 3154: Landroid/content/Context;.getDataDir ()Ljava/io/File;
D/dalvikvm( 2049): VFY: replacing opcode 0x6e at 0x0006
I/dalvikvm( 2049): Could not find method android.content.Context.getSystemServiceName, referenced from method rj.a
W/dalvikvm( 2049): VFY: unable to resolve virtual method 3173: Landroid/content/Context;.getSystemServiceName (Ljava/lang/Class;)Ljava/lang/String;
D/dalvikvm( 2049): VFY: replacing opcode 0x6e at 0x000a
I/dalvikvm( 2049): Could not find method android.content.Context.getSystemService, referenced from method rj.a
W/dalvikvm( 2049): VFY: unable to resolve virtual method 3171: Landroid/content/Context;.getSystemService (Ljava/lang/Class;)Ljava/lang/Object;
D/dalvikvm( 2049): VFY: replacing opcode 0x6e at 0x0020
I/dalvikvm( 2049): Could not find method android.content.Context.getColorStateList, referenced from method rj.b
W/dalvikvm( 2049): VFY: unable to resolve virtual method 3152: Landroid/content/Context;.getColorStateList (I)Landroid/content/res/ColorStateList;
D/dalvikvm( 2049): VFY: replacing opcode 0x6e at 0x0006
I/dalvikvm( 2049): Could not find method android.content.Context.getColor, referenced from method rj.c
W/dalvikvm( 2049): VFY: unable to resolve virtual method 3151: Landroid/content/Context;.getColor (I)I
D/dalvikvm( 2049): VFY: replacing opcode 0x6e at 0x0006
I/dalvikvm( 2049): Could not find method android.content.Context.getNoBackupFilesDir, referenced from method rj.d
W/dalvikvm( 2049): VFY: unable to resolve virtual method 3164: Landroid/content/Context;.getNoBackupFilesDir ()Ljava/io/File;
D/dalvikvm( 2049): VFY: replacing opcode 0x6e at 0x0006
I/dalvikvm( 2049): Could not find method android.content.Context.createDeviceProtectedStorageContext, referenced from method rj.e
W/dalvikvm( 2049): VFY: unable to resolve virtual method 3139: Landroid/content/Context;.createDeviceProtectedStorageContext ()Landroid/content/Context;
D/dalvikvm( 2049): VFY: replacing opcode 0x6e at 0x0008
I/dalvikvm( 2049): Could not find method android.content.Context.isDeviceProtectedStorage, referenced from method rj.f
W/dalvikvm( 2049): VFY: unable to resolve virtual method 3177: Landroid/content/Context;.isDeviceProtectedStorage ()Z
D/dalvikvm( 2049): VFY: replacing opcode 0x6e at 0x0008
I/Notifications( 2049): [ChimeBroadcastReceiver] Intent received for action [android.intent.action.TIMEZONE_CHANGED] package [com.google.android.play.games].
E/dalvikvm( 2049): Could not find class 'android.os.PersistableBundle', referenced from method nit.a
W/dalvikvm( 2049): VFY: unable to resolve new-instance 743 (Landroid/os/PersistableBundle;) in Lnit;
D/dalvikvm( 2049): VFY: replacing opcode 0x22 at 0x0001
D/dalvikvm( 2049): DexOpt: unable to opt direct call 0x11d2 at 0x0b in Lnit;.a
D/dalvikvm( 2049): DexOpt: unable to opt direct call 0x0bbb at 0xa1 in Lnit;.a
I/dalvikvm( 2049): Could not find method android.app.NotificationManager.getNotificationChannels, referenced from method nkj.b
W/dalvikvm( 2049): VFY: unable to resolve virtual method 2976: Landroid/app/NotificationManager;.getNotificationChannels ()Ljava/util/List;
D/dalvikvm( 2049): VFY: replacing opcode 0x6e at 0x0015
I/dalvikvm( 2049): Could not find method android.app.NotificationManager.getNotificationChannels, referenced from method nkj.a
W/dalvikvm( 2049): VFY: unable to resolve virtual method 2976: Landroid/app/NotificationManager;.getNotificationChannels ()Ljava/util/List;
D/dalvikvm( 2049): VFY: replacing opcode 0x6e at 0x0016
I/dalvikvm( 2049): Could not find method android.app.NotificationManager.getNotificationChannel, referenced from method nkj.a
W/dalvikvm( 2049): VFY: unable to resolve virtual method 2974: Landroid/app/NotificationManager;.getNotificationChannel (Ljava/lang/String;)Landroid/app/NotificationChannel;
D/dalvikvm( 2049): VFY: replacing opcode 0x6e at 0x0026
I/dalvikvm( 2049): Could not find method android.app.NotificationManager.getNotificationChannelGroups, referenced from method nkj.b
W/dalvikvm( 2049): VFY: unable to resolve virtual method 2975: Landroid/app/NotificationManager;.getNotificationChannelGroups ()Ljava/util/List;
D/dalvikvm( 2049): VFY: replacing opcode 0x6e at 0x0016
I/dalvikvm( 2049): Could not find method java.util.Locale.toLanguageTag, referenced from method nid.a
W/dalvikvm( 2049): VFY: unable to resolve virtual method 33842: Ljava/util/Locale;.toLanguageTag ()Ljava/lang/String;
D/dalvikvm( 2049): VFY: replacing opcode 0x6e at 0x0025
I/dalvikvm( 2049): Could not find method android.content.res.Configuration.getLocales, referenced from method nid.a
W/dalvikvm( 2049): VFY: unable to resolve virtual method 3393: Landroid/content/res/Configuration;.getLocales ()Landroid/os/LocaleList;
D/dalvikvm( 2049): VFY: replacing opcode 0x6e at 0x0032
I/Notifications( 2049): [ChimeBroadcastReceiver] Validation OK for action [android.intent.action.TIMEZONE_CHANGED].
I/ActivityManager( 1567): Delay finish: com.android.deskclock/com.android.alarmclock.AnalogAppWidgetProvider
W/PGAfap  ( 2049): ContentFiltersService is unavailable; not applying content filters.
I/ActivityManager( 1567): Delaying start of: ServiceRecord{9d347318 u0 com.google.android.play.games/com.google.android.libraries.notifications.executor.impl.basic.ChimeExecutorApiService}
I/Checkin ( 1949): [EventLogChimeraService] Opted in for usage reporting: false
I/CheckinCompat( 1949): Disabling old GoogleServicesFramework version [CONTEXT service_id=130 ]
I/Checkin ( 1949): [EventLogChimeraService] Accumulating logs since 1629016921270
D/dalvikvm( 1689): GC_FOR_ALLOC freed 1345K, 19% free 7378K/9088K, paused 9ms, total 9ms
W/dalvikvm( 1949): VFY: unable to find class referenced in signature (Landroid/net/NetworkRequest;)
D/dalvikvm( 1949): DexOpt: couldn't find static field Landroid/os/Build;.SUPPORTED_ABIS
W/dalvikvm( 1949): VFY: unable to resolve static field 1191 (SUPPORTED_ABIS) in Landroid/os/Build;
D/dalvikvm( 1949): VFY: replacing opcode 0x62 at 0x02f8
I/Checkin ( 1949): [CheckinOperation] Starting Checkin: Default Task Reason : 8 Force : false UserId : 0 Start time : 8168
W/dalvikvm( 1949): VFY: unable to find class referenced in signature (Landroid/net/Network;)
W/dalvikvm( 1949): VFY: unable to find class referenced in signature (Landroid/net/Network;)
I/dalvikvm( 1949): Could not find method android.net.Network.openConnection, referenced from method wna.a
W/dalvikvm( 1949): VFY: unable to resolve virtual method 5072: Landroid/net/Network;.openConnection (Ljava/net/URL;)Ljava/net/URLConnection;
D/dalvikvm( 1949): VFY: replacing opcode 0x6e at 0x008f
I/dalvikvm( 1949): Could not find method android.os.UserManager.isManagedProfile, referenced from method lbq.a
W/dalvikvm( 1949): VFY: unable to resolve virtual method 4277: Landroid/os/UserManager;.isManagedProfile ()Z
D/dalvikvm( 1949): VFY: replacing opcode 0x6e at 0x007c
I/dalvikvm( 1949): Could not find method java.util.Locale.toLanguageTag, referenced from method lhi.a
W/dalvikvm( 1949): VFY: unable to resolve virtual method 43769: Ljava/util/Locale;.toLanguageTag ()Ljava/lang/String;
D/dalvikvm( 1949): VFY: replacing opcode 0x6e at 0x000e
I/CheckinUtil( 1949): Classify the device as Phone. [CONTEXT service_id=130 ]
E/dalvikvm( 1949): Could not find class 'android.telephony.SubscriptionManager', referenced from method lgr.d
W/dalvikvm( 1949): VFY: unable to resolve check-cast 1109 (Landroid/telephony/SubscriptionManager;) in Llgr;
D/dalvikvm( 1949): VFY: replacing opcode 0x1f at 0x001f
I/Checkin ( 1949): [AndroidCheckinProtoModule] Checkin reason type: 8 attempt count: 1.
D/dalvikvm( 1949): GC_FOR_ALLOC freed 854K, 28% free 6610K/9140K, paused 5ms, total 5ms
D/dalvikvm( 1789): GC_EXPLICIT freed 140K, 31% free 5898K/8528K, paused 0ms+1ms, total 4ms
I/ActivityManager( 1567): Start proc com.google.android.gms.unstable for service com.google.android.gms/.droidguard.DroidGuardService: pid=2103 uid=10007 gids={50007, 3003, 1007, 1028, 1015, 3002, 3001, 3007, 2001, 3006}
W/dalvikvm( 2103): VFY: unable to resolve static field 1608 (PR_SET_DUMPABLE) in Landroid/system/OsConstants;
D/dalvikvm( 2103): VFY: replacing opcode 0x60 at 0x0017
W/dalvikvm( 2103): VFY: unable to find class referenced in signature (Lyqx;)
W/dalvikvm( 2103): VFY: unable to find class referenced in signature (Lyro;)
I/dalvikvm( 2103): Could not find method android.system.Os.readlink, referenced from method msk.a
W/dalvikvm( 2103): VFY: unable to resolve static method 3145: Landroid/system/Os;.readlink (Ljava/lang/String;)Ljava/lang/String;
D/dalvikvm( 2103): VFY: replacing opcode 0x71 at 0x00b0
D/Tethering( 1567): MasterInitialState.processMessage what=3
D/CaptivePortalTracker( 1567): NoActiveNetworkState{ when=0 what=1 obj=NetworkInfo: type: mobile[LTE], state: CONNECTED/CONNECTED, reason: connected, extra: epc.tmobile.com, roaming: false, failover: false, isAvailable: true, isConnectedToProvisioningNetwork: false target=com.android.internal.util.StateMachine$SmHandler }
D/CaptivePortalTracker( 1567): NoActiveNetworkState not a wifi connectivity change, ignore
I/dalvikvm( 2103): Could not find method android.os.PowerManager.isInteractive, referenced from method ndc.a
W/dalvikvm( 2103): VFY: unable to resolve virtual method 3046: Landroid/os/PowerManager;.isInteractive ()Z
D/dalvikvm( 2103): VFY: replacing opcode 0x6e at 0x0013
I/dalvikvm( 2103): Could not find method com.google.android.chimera.ModuleContext.getAttributionTag, referenced from method com.google.android.chimera.ModuleContext.createAttributionContext
W/dalvikvm( 2103): VFY: unable to resolve virtual method 14170: Lcom/google/android/chimera/ModuleContext;.getAttributionTag ()Ljava/lang/String;
D/dalvikvm( 2103): VFY: replacing opcode 0x6e at 0x0004
I/dalvikvm( 2103): Could not find method com.google.android.chimera.ContextThemeWrapper.createAttributionContext, referenced from method com.google.android.chimera.ModuleContext.createAttributionContext
W/dalvikvm( 2103): VFY: unable to resolve virtual method 13785: Lcom/google/android/chimera/ContextThemeWrapper;.createAttributionContext (Ljava/lang/String;)Landroid/content/Context;
D/dalvikvm( 2103): VFY: replacing opcode 0x6f at 0x0035
I/dalvikvm( 2103): Could not find method android.content.ContextWrapper.createCredentialProtectedStorageContext, referenced from method com.google.android.chimera.ModuleContext.createCredentialProtectedStorageContext
W/dalvikvm( 2103): VFY: unable to resolve virtual method 2508: Landroid/content/ContextWrapper;.createCredentialProtectedStorageContext ()Landroid/content/Context;
D/dalvikvm( 2103): VFY: replacing opcode 0x6f at 0x0002
I/dalvikvm( 2103): Could not find method android.content.ContextWrapper.createDeviceProtectedStorageContext, referenced from method com.google.android.chimera.ModuleContext.createDeviceProtectedStorageContext
W/dalvikvm( 2103): VFY: unable to resolve virtual method 2509: Landroid/content/ContextWrapper;.createDeviceProtectedStorageContext ()Landroid/content/Context;
D/dalvikvm( 2103): VFY: replacing opcode 0x6f at 0x0002
I/dalvikvm( 2103): Could not find method com.google.android.chimera.ContextThemeWrapper.sendBroadcastWithMultiplePermissions, referenced from method com.google.android.chimera.ModuleContext.sendBroadcastWithMultiplePermissions
W/dalvikvm( 2103): VFY: unable to resolve virtual method 13795: Lcom/google/android/chimera/ContextThemeWrapper;.sendBroadcastWithMultiplePermissions (Landroid/content/Intent;[Ljava/lang/String;)V
D/dalvikvm( 2103): VFY: replacing opcode 0x6f at 0x0009
I/MultiDex( 2103): VM with version 1.6.0 does not have multidex support
I/MultiDex( 2103): Installing application
I/MultiDex( 2103): MultiDexExtractor(/system/priv-app/PrebuiltGmsCore.apk, /data/data/com.google.android.gms/code_cache/secondary-dexes)
I/MultiDex( 2103): Blocking on lock /data/data/com.google.android.gms/code_cache/secondary-dexes/MultiDex.lock
I/MultiDex( 2103): /data/data/com.google.android.gms/code_cache/secondary-dexes/MultiDex.lock locked
I/MultiDex( 2103): MultiDexExtractor.load(/system/priv-app/PrebuiltGmsCore.apk, false, )
D/dalvikvm( 2103): GC_FOR_ALLOC freed 281K, 13% free 3211K/3684K, paused 2ms, total 2ms
I/MultiDex( 2103): loading existing secondary dex files
I/MultiDex( 2103): load found 5 secondary dex files
I/MultiDex( 2103): install done
I/dalvikvm( 2103): Could not find method android.os.UserHandle.isOwner, referenced from method nmy.f
W/dalvikvm( 2103): VFY: unable to resolve virtual method 3081: Landroid/os/UserHandle;.isOwner ()Z
D/dalvikvm( 2103): VFY: replacing opcode 0x6e at 0x000a
I/dalvikvm( 2103): Could not find method android.content.pm.PackageManager.getPackageInstaller, referenced from method men.a
W/dalvikvm( 2103): VFY: unable to resolve virtual method 2608: Landroid/content/pm/PackageManager;.getPackageInstaller ()Landroid/content/pm/PackageInstaller;
D/dalvikvm( 2103): VFY: replacing opcode 0x6e at 0x001c
W/DynamiteModule( 2103): Local module descriptor class for providerinstaller not found.
I/dalvikvm( 2103): Could not find method android.system.Os.readlink, referenced from method bse.a
W/dalvikvm( 2103): VFY: unable to resolve static method 3145: Landroid/system/Os;.readlink (Ljava/lang/String;)Ljava/lang/String;
D/dalvikvm( 2103): VFY: replacing opcode 0x71 at 0x0044
I/dalvikvm( 2103): Could not find method android.system.Os.symlink, referenced from method bse.a
W/dalvikvm( 2103): VFY: unable to resolve static method 3147: Landroid/system/Os;.symlink (Ljava/lang/String;Ljava/lang/String;)V
D/dalvikvm( 2103): VFY: replacing opcode 0x71 at 0x00b0
I/dalvikvm( 2103): Could not find method android.system.Os.stat, referenced from method bse.a
W/dalvikvm( 2103): VFY: unable to resolve static method 3146: Landroid/system/Os;.stat (Ljava/lang/String;)Landroid/system/StructStat;
D/dalvikvm( 2103): VFY: replacing opcode 0x71 at 0x0005
W/dalvikvm( 2103): VFY: unable to resolve static field 1615 (S_IXUSR) in Landroid/system/OsConstants;
D/dalvikvm( 2103): VFY: replacing opcode 0x60 at 0x0007
I/dalvikvm( 2103): Could not find method android.system.Os.stat, referenced from method bse.b
W/dalvikvm( 2103): VFY: unable to resolve static method 3146: Landroid/system/Os;.stat (Ljava/lang/String;)Landroid/system/StructStat;
D/dalvikvm( 2103): VFY: replacing opcode 0x71 at 0x0040
W/dalvikvm( 2103): VFY: unable to resolve static field 1612 (S_IRUSR) in Landroid/system/OsConstants;
D/dalvikvm( 2103): VFY: replacing opcode 0x60 at 0x0007
D/dalvikvm( 2103): DexOpt: couldn't find static field Landroid/os/Build;.SUPPORTED_64_BIT_ABIS
W/dalvikvm( 2103): VFY: unable to resolve static field 1539 (SUPPORTED_64_BIT_ABIS) in Landroid/os/Build;
D/dalvikvm( 2103): VFY: replacing opcode 0x62 at 0x0214
W/ProviderHelper( 2103): Unknown dynamite feature providerinstaller
I/DynamiteModule( 2103): Considering local module providerinstaller:0 and remote module providerinstaller:0
W/ProviderInstaller( 2103): Failed to load providerinstaller module: No acceptable module found. Local version is 0 and remote version is 0.
I/dalvikvm( 2103): Could not find method android.content.ContextWrapper.createCredentialProtectedStorageContext, referenced from method nfr.createCredentialProtectedStorageContext
W/dalvikvm( 2103): VFY: unable to resolve virtual method 2508: Landroid/content/ContextWrapper;.createCredentialProtectedStorageContext ()Landroid/content/Context;
D/dalvikvm( 2103): VFY: replacing opcode 0x6f at 0x0002
I/dalvikvm( 2103): Could not find method android.content.ContextWrapper.createDeviceProtectedStorageContext, referenced from method nfr.createDeviceProtectedStorageContext
W/dalvikvm( 2103): VFY: unable to resolve virtual method 2509: Landroid/content/ContextWrapper;.createDeviceProtectedStorageContext ()Landroid/content/Context;
D/dalvikvm( 2103): VFY: replacing opcode 0x6f at 0x0002
D/dalvikvm( 2103): DexOpt: couldn't find static field Landroid/os/Build;.SUPPORTED_64_BIT_ABIS
W/dalvikvm( 2103): VFY: unable to resolve static field 1539 (SUPPORTED_64_BIT_ABIS) in Landroid/os/Build;
D/dalvikvm( 2103): VFY: replacing opcode 0x62 at 0x0080
D/dalvikvm( 2103): DexOpt: couldn't find static field Landroid/os/Build;.SUPPORTED_ABIS
W/dalvikvm( 2103): VFY: unable to resolve static field 1540 (SUPPORTED_ABIS) in Landroid/os/Build;
D/dalvikvm( 2103): VFY: replacing opcode 0x62 at 0x00d3
V/NativeCrypto( 2103): Registering com/google/android/gms/org/conscrypt/NativeCrypto's 286 native methods...
W/dalvikvm( 2103): Unable to resolve superclass of Lcom/google/android/gms/org/conscrypt/TrustManagerImpl; (5184)
W/dalvikvm( 2103): Link of class 'Lcom/google/android/gms/org/conscrypt/TrustManagerImpl;' failed
D/dalvikvm( 2103): GC_FOR_ALLOC freed 492K, 18% free 3231K/3908K, paused 1ms, total 1ms
I/dalvikvm( 2103): Could not find method com.google.android.gms.org.conscrypt.TrustManagerImpl.getDefaultHostnameVerifier, referenced from method com.google.android.gms.org.conscrypt.Conscrypt.getDefaultHostnameVerifier
W/dalvikvm( 2103): VFY: unable to resolve static method 17870: Lcom/google/android/gms/org/conscrypt/TrustManagerImpl;.getDefaultHostnameVerifier ()Lcom/google/android/gms/org/conscrypt/ConscryptHostnameVerifier;
D/dalvikvm( 2103): VFY: replacing opcode 0x71 at 0x0003
W/dalvikvm( 2103): Unable to resolve superclass of Lcom/google/android/gms/org/conscrypt/TrustManagerImpl; (5184)
W/dalvikvm( 2103): Link of class 'Lcom/google/android/gms/org/conscrypt/TrustManagerImpl;' failed
W/dalvikvm( 2103): VFY: unable to find class referenced in signature (Lcom/google/android/gms/org/conscrypt/TrustManagerImpl;)
W/dalvikvm( 2103): Unable to resolve superclass of Lcom/google/android/gms/org/conscrypt/TrustManagerImpl; (5184)
W/dalvikvm( 2103): Link of class 'Lcom/google/android/gms/org/conscrypt/TrustManagerImpl;' failed
I/dalvikvm( 2103): Could not find method com.google.android.gms.org.conscrypt.TrustManagerImpl.getHostnameVerifier, referenced from method com.google.android.gms.org.conscrypt.Conscrypt.getHostnameVerifier
W/dalvikvm( 2103): VFY: unable to resolve virtual method 17872: Lcom/google/android/gms/org/conscrypt/TrustManagerImpl;.getHostnameVerifier ()Lcom/google/android/gms/org/conscrypt/ConscryptHostnameVerifier;
D/dalvikvm( 2103): VFY: replacing opcode 0x6e at 0x0004
W/dalvikvm( 2103): Unable to resolve superclass of Lcom/google/android/gms/org/conscrypt/TrustManagerImpl; (5184)
W/dalvikvm( 2103): Link of class 'Lcom/google/android/gms/org/conscrypt/TrustManagerImpl;' failed
E/dalvikvm( 2103): Could not find class 'com.google.android.gms.org.conscrypt.TrustManagerImpl', referenced from method com.google.android.gms.org.conscrypt.Conscrypt.isConscrypt
W/dalvikvm( 2103): VFY: unable to resolve instanceof 4452 (Lcom/google/android/gms/org/conscrypt/TrustManagerImpl;) in Lcom/google/android/gms/org/conscrypt/Conscrypt;
D/dalvikvm( 2103): VFY: replacing opcode 0x20 at 0x0000
W/dalvikvm( 2103): Unable to resolve superclass of Lcom/google/android/gms/org/conscrypt/TrustManagerImpl; (5184)
W/dalvikvm( 2103): Link of class 'Lcom/google/android/gms/org/conscrypt/TrustManagerImpl;' failed
I/dalvikvm( 2103): Could not find method com.google.android.gms.org.conscrypt.TrustManagerImpl.setDefaultHostnameVerifier, referenced from method com.google.android.gms.org.conscrypt.Conscrypt.setDefaultHostnameVerifier
W/dalvikvm( 2103): VFY: unable to resolve static method 17882: Lcom/google/android/gms/org/conscrypt/TrustManagerImpl;.setDefaultHostnameVerifier (Lcom/google/android/gms/org/conscrypt/ConscryptHostnameVerifier;)V
D/dalvikvm( 2103): VFY: replacing opcode 0x71 at 0x0003
W/dalvikvm( 2103): Unable to resolve superclass of Lcom/google/android/gms/org/conscrypt/TrustManagerImpl; (5184)
W/dalvikvm( 2103): Link of class 'Lcom/google/android/gms/org/conscrypt/TrustManagerImpl;' failed
W/dalvikvm( 2103): VFY: unable to find class referenced in signature (Lcom/google/android/gms/org/conscrypt/TrustManagerImpl;)
W/dalvikvm( 2103): Unable to resolve superclass of Lcom/google/android/gms/org/conscrypt/TrustManagerImpl; (5184)
W/dalvikvm( 2103): Link of class 'Lcom/google/android/gms/org/conscrypt/TrustManagerImpl;' failed
I/dalvikvm( 2103): Could not find method com.google.android.gms.org.conscrypt.TrustManagerImpl.setHostnameVerifier, referenced from method com.google.android.gms.org.conscrypt.Conscrypt.setHostnameVerifier
W/dalvikvm( 2103): VFY: unable to resolve virtual method 17883: Lcom/google/android/gms/org/conscrypt/TrustManagerImpl;.setHostnameVerifier (Lcom/google/android/gms/org/conscrypt/ConscryptHostnameVerifier;)V
D/dalvikvm( 2103): VFY: replacing opcode 0x6e at 0x0004
W/dalvikvm( 2103): Unable to resolve superclass of Lcom/google/android/gms/org/conscrypt/TrustManagerImpl; (5184)
W/dalvikvm( 2103): Link of class 'Lcom/google/android/gms/org/conscrypt/TrustManagerImpl;' failed
E/dalvikvm( 2103): Could not find class 'com.google.android.gms.org.conscrypt.TrustManagerImpl', referenced from method com.google.android.gms.org.conscrypt.Conscrypt.toConscrypt
W/dalvikvm( 2103): VFY: unable to resolve check-cast 4452 (Lcom/google/android/gms/org/conscrypt/TrustManagerImpl;) in Lcom/google/android/gms/org/conscrypt/Conscrypt;
D/dalvikvm( 2103): VFY: replacing opcode 0x1f at 0x002a
D/dalvikvm( 2103): GC_FOR_ALLOC freed 405K, 16% free 3337K/3928K, paused 1ms, total 1ms
D/Tethering( 1567): MasterInitialState.processMessage what=3
D/CaptivePortalTracker( 1567): NoActiveNetworkState{ when=0 what=1 obj=NetworkInfo: type: mobile_hipri[LTE], state: CONNECTED/CONNECTED, reason: dataEnabled, extra: epc.tmobile.com, roaming: false, failover: false, isAvailable: true, isConnectedToProvisioningNetwork: false target=com.android.internal.util.StateMachine$SmHandler }
D/CaptivePortalTracker( 1567): NoActiveNetworkState not a wifi connectivity change, ignore
D/dalvikvm( 2103): GC_FOR_ALLOC freed 142K, 9% free 3702K/4036K, paused 3ms, total 3ms
D/dalvikvm( 2103): GC_FOR_ALLOC freed 131K, 8% free 4051K/4400K, paused 2ms, total 2ms
D/ConnectivityService( 1567): [CheckMp] isMobileOk: newUrl=https://172.217.13.110/generate_204
W/ActivityThread( 1567): ClassLoader.loadClass: The class loader returned by Thread.getContextClassLoader() may fail for processes that host multiple applications. You should explicitly specify a context class loader. For example: Thread.setContextClassLoader(getClass().getClassLoader());
D/dalvikvm( 2103): GC_FOR_ALLOC freed 119K, 8% free 4391K/4748K, paused 2ms, total 2ms
D/dalvikvm( 2103): GC_FOR_ALLOC freed 127K, 8% free 4699K/5088K, paused 2ms, total 2ms
E/dalvikvm( 2103): Could not find class 'javax.net.ssl.SNIServerName', referenced from method com.google.android.gms.org.conscrypt.Platform.getSniHostnameFromParams
W/dalvikvm( 2103): VFY: unable to resolve check-cast 5160 (Ljavax/net/ssl/SNIServerName;) in Lcom/google/android/gms/org/conscrypt/Platform;
D/dalvikvm( 2103): VFY: replacing opcode 0x1f at 0x0025
E/dalvikvm( 2103): Could not find class 'javax.net.ssl.SNIHostName', referenced from method com.google.android.gms.org.conscrypt.Platform.setParametersSniHostname
W/dalvikvm( 2103): VFY: unable to resolve new-instance 5159 (Ljavax/net/ssl/SNIHostName;) in Lcom/google/android/gms/org/conscrypt/Platform;
D/dalvikvm( 2103): VFY: replacing opcode 0x22 at 0x0024
E/dalvikvm( 2103): Could not find class 'javax.net.ssl.SNIHostName', referenced from method com.google.android.gms.org.conscrypt.Platform.setParametersSniHostname
W/dalvikvm( 2103): VFY: unable to resolve new-instance 5159 (Ljavax/net/ssl/SNIHostName;) in Lcom/google/android/gms/org/conscrypt/Platform;
D/dalvikvm( 2103): VFY: replacing opcode 0x22 at 0x0024
D/dalvikvm( 2103): DexOpt: unable to opt direct call 0x52f9 at 0x2a in Lcom/google/android/gms/org/conscrypt/Platform;.setParametersSniHostname
D/dalvikvm( 2103): DexOpt: unable to opt direct call 0x52f9 at 0x2a in Lcom/google/android/gms/org/conscrypt/Platform;.setParametersSniHostname
D/dalvikvm( 2103): GC_FOR_ALLOC freed 290K, 11% free 4908K/5456K, paused 3ms, total 3ms
I/ProviderInstaller( 2103): Installed default security provider GmsCore_OpenSSL
I/Safeboot( 2103): Checking safeboot...
I/Safeboot( 2103): Not entering safeboot; wrong process.
E/dalvikvm( 2103): Could not find class 'com.google.common.flogger.backend.google.GooglePlatform', referenced from method beui.a
W/dalvikvm( 2103): VFY: unable to resolve const-class 4605 (Lcom/google/common/flogger/backend/google/GooglePlatform;) in Lbeui;
D/dalvikvm( 2103): VFY: replacing opcode 0x1c at 0x001b
D/dalvikvm( 2103): DexOpt: couldn't find field Landroid/content/pm/ApplicationInfo;.splitSourceDirs
W/dalvikvm( 2103): VFY: unable to resolve instance field 1475
D/dalvikvm( 2103): VFY: replacing opcode 0x54 at 0x0055
D/dalvikvm( 2103): DexOpt: couldn't find static field Landroid/os/Build;.SUPPORTED_ABIS
W/dalvikvm( 2103): VFY: unable to resolve static field 1540 (SUPPORTED_ABIS) in Landroid/os/Build;
D/dalvikvm( 2103): VFY: replacing opcode 0x62 at 0x00d1
D/dalvikvm( 1567): GC_FOR_ALLOC freed 1093K, 16% free 7225K/8508K, paused 6ms, total 7ms
D/GpsLocationProvider( 1567): NTP server returned: 1629017529945 (Sun Aug 15 03:52:09 CDT 2021) reference: 8516 certainty: 11 system time offset: 273
D/dalvikvm( 2103): GC_FOR_ALLOC freed 375K, 11% free 5142K/5732K, paused 4ms, total 4ms
I/Watchcat( 2103): Started
I/auxu    ( 2103): Primes not initialized, returning default (no-op) Primes instance which will ignore all calls. Please call Primes.initialize(...) before using any Primes API.
D/ConnectivityService( 1567): [CheckMp] isMobileOk: hostnameVerify retVal=true hostname=172.217.13.110 orgUriHost=clients3.google.com
I/dalvikvm( 2103): Could not find method com.google.android.chimera.ContextThemeWrapper.createAttributionContext, referenced from method mnu.createAttributionContext
W/dalvikvm( 2103): VFY: unable to resolve virtual method 13785: Lcom/google/android/chimera/ContextThemeWrapper;.createAttributionContext (Ljava/lang/String;)Landroid/content/Context;
D/dalvikvm( 2103): VFY: replacing opcode 0x6f at 0x0002
I/dalvikvm( 2103): Could not find method android.content.ContextWrapper.createCredentialProtectedStorageContext, referenced from method mnu.createCredentialProtectedStorageContext
W/dalvikvm( 2103): VFY: unable to resolve virtual method 2508: Landroid/content/ContextWrapper;.createCredentialProtectedStorageContext ()Landroid/content/Context;
D/dalvikvm( 2103): VFY: replacing opcode 0x6f at 0x0002
I/dalvikvm( 2103): Could not find method android.content.ContextWrapper.createDeviceProtectedStorageContext, referenced from method mnu.createDeviceProtectedStorageContext
W/dalvikvm( 2103): VFY: unable to resolve virtual method 2509: Landroid/content/ContextWrapper;.createDeviceProtectedStorageContext ()Landroid/content/Context;
D/dalvikvm( 2103): VFY: replacing opcode 0x6f at 0x0002
D/ConnectivityService( 1567): [CheckMp] isMobileOk: headers={null=[HTTP/1.1 204 No Content], Alt-Svc=[h3=":443"; ma=2592000,h3-29=":443"; ma=2592000,h3-T051=":443"; ma=2592000,h3-Q050=":443"; ma=2592000,h3-Q046=":443"; ma=2592000,h3-Q043=":443"; ma=2592000,quic=":443"; ma=2592000; v="46,43"], Connection=[close], Content-Length=[0], Date=[Sun, 15 Aug 2021 08:52:09 GMT], X-Android-Received-Millis=[1629017529703], X-Android-Response-Source=[NETWORK 204], X-Android-Selected-Transport=[http/1.1], X-Android-Sent-Millis=[1629017529691]}
D/ConnectivityService( 1567): [CheckMp] isMobileOk: X got expected responseCode=204 result=1
D/ConnectivityService( 1567): [CheckMp] isMobileOk: F stop hipri
D/dalvikvm( 1717): GC_FOR_ALLOC freed 511K, 17% free 3527K/4220K, paused 2ms, total 2ms
D/dalvikvm( 2103): GC_FOR_ALLOC freed 260K, 9% free 5539K/6048K, paused 4ms, total 4ms
D/MobileDataStateTracker( 1567): default: setEnableFailFastMobileData(enabled=0)
D/ConnectivityService( 1567): stopUsingNetworkFeature: teardown net 0: enableHIPRI
D/MobileDataStateTracker( 1567): hipri: Broadcast received: android.intent.action.ANY_DATA_STATE apnType=hipri
D/MobileDataStateTracker( 1567): hipri: Received state=DISCONNECTED, old=CONNECTED, reason=dataDisabled
D/MobileDataStateTracker( 1567): hipri: setDetailed state, old =CONNECTED and new state=DISCONNECTED
D/ConnectivityService( 1567): ConnectivityChange for mobile_hipri: DISCONNECTED/DISCONNECTED
I/dalvikvm( 2103): Could not find method android.content.Context.bindService, referenced from method uws.bindService
W/dalvikvm( 2103): VFY: unable to resolve virtual method 2453: Landroid/content/Context;.bindService (Landroid/content/Intent;ILjava/util/concurrent/Executor;Landroid/content/ServiceConnection;)Z
D/dalvikvm( 2103): VFY: replacing opcode 0x6e at 0x0018
I/dalvikvm( 2103): Could not find method android.content.Context.bindService, referenced from method uws.bindService
W/dalvikvm( 2103): VFY: unable to resolve virtual method 2453: Landroid/content/Context;.bindService (Landroid/content/Intent;ILjava/util/concurrent/Executor;Landroid/content/ServiceConnection;)Z
D/dalvikvm( 2103): VFY: replacing opcode 0x6e at 0x0030
I/dalvikvm( 2103): Could not find method android.content.Context.startForegroundService, referenced from method uws.startForegroundService
W/dalvikvm( 2103): VFY: unable to resolve virtual method 2501: Landroid/content/Context;.startForegroundService (Landroid/content/Intent;)Landroid/content/ComponentName;
D/dalvikvm( 2103): VFY: replacing opcode 0x6e at 0x001c
I/dalvikvm( 2103): Could not find method android.content.Context.startForegroundService, referenced from method uws.startForegroundService
W/dalvikvm( 2103): VFY: unable to resolve virtual method 2501: Landroid/content/Context;.startForegroundService (Landroid/content/Intent;)Landroid/content/ComponentName;
D/dalvikvm( 2103): VFY: replacing opcode 0x6e at 0x0028
I/dalvikvm( 2103): Could not find method android.os.PowerManager.isPowerSaveMode, referenced from method uwl.a
W/dalvikvm( 2103): VFY: unable to resolve virtual method 3047: Landroid/os/PowerManager;.isPowerSaveMode ()Z
D/dalvikvm( 2103): VFY: replacing opcode 0x6e at 0x0010
D/dalvikvm( 2103): GC_FOR_ALLOC freed 373K, 10% free 5926K/6576K, paused 3ms, total 3ms
E/dalvikvm( 2103): Could not find class 'android.net.Network', referenced from method quq.a
W/dalvikvm( 2103): VFY: unable to resolve check-cast 1424 (Landroid/net/Network;) in Lquq;
D/dalvikvm( 2103): VFY: replacing opcode 0x1f at 0x0066
I/dalvikvm( 2103): Could not find method android.content.ServiceConnection.onNullBinding, referenced from method uxb.onNullBinding
D/dalvikvm( 1567): GC_FOR_ALLOC freed 1091K, 16% free 7196K/8508K, paused 5ms, total 5ms
W/dalvikvm( 2103): VFY: unable to resolve interface method 2566: Landroid/content/ServiceConnection;.onNullBinding (Landroid/content/ComponentName;)V
D/dalvikvm( 2103): VFY: replacing opcode 0x72 at 0x000f
D/dalvikvm( 2103): GC_FOR_ALLOC freed 268K, 9% free 6523K/7092K, paused 4ms, total 4ms
D/Nat464Xlat( 1567): requiresClat: netType=5, hasIPv4Address=true
I/dalvikvm( 2103): Could not find method android.system.Os.stat, referenced from method nop.a
W/dalvikvm( 2103): VFY: unable to resolve static method 3146: Landroid/system/Os;.stat (Ljava/lang/String;)Landroid/system/StructStat;
D/dalvikvm( 2103): VFY: replacing opcode 0x71 at 0x0182
I/dalvikvm( 2103): Could not find method android.net.Network.openConnection, referenced from method qsu.a
W/dalvikvm( 2103): VFY: unable to resolve virtual method 5072: Landroid/net/Network;.openConnection (Ljava/net/URL;)Ljava/net/URLConnection;
D/dalvikvm( 2103): VFY: replacing opcode 0x6e at 0x000f
D/dalvikvm( 1567): GC_FOR_ALLOC freed 1057K, 16% free 7194K/8508K, paused 6ms, total 7ms
E/dalvikvm( 2103): Could not find class 'android.net.Network', referenced from method quf.a
W/dalvikvm( 2103): VFY: unable to resolve check-cast 1424 (Landroid/net/Network;) in Lquf;
D/dalvikvm( 2103): VFY: replacing opcode 0x1f at 0x0075
I/CalendarProvider2( 2024): Sending notification intent: Intent { act=android.intent.action.PROVIDER_CHANGED dat=content://com.android.calendar }
W/ContentResolver( 2024): Failed to get type for: content://com.android.calendar (Unknown URL content://com.android.calendar)
D/dalvikvm( 1567): GC_FOR_ALLOC freed 1054K, 16% free 7194K/8508K, paused 7ms, total 7ms
I/Notifications( 2049): [ChimeBroadcastReceiver] Executing action in Service [android.intent.action.TIMEZONE_CHANGED].
D/dalvikvm( 2049): GC_FOR_ALLOC freed 357K, 13% free 3626K/4168K, paused 2ms, total 2ms
D/dalvikvm( 2103): GC_FOR_ALLOC freed 448K, 10% free 7030K/7784K, paused 5ms, total 5ms
E/BluetoothAdapter( 1900): Bluetooth binder is null
I/ActivityManager( 1567): Resuming delayed broadcast
I/ActivityManager( 1567): Start proc com.android.dialer for broadcast com.android.dialer/.calllog.CallLogReceiver: pid=2141 uid=10004 gids={50004, 3003, 1028, 1015}
D/dalvikvm( 2103): Trying to load lib /data/data/com.google.android.gms/app_dg_cache/332DF7A96159CC0FFEB819779627D9C94920AA73/libdCD96A5AB8310.so 0x9d3d4dc0
D/dalvikvm( 1567): GC_FOR_ALLOC freed 1051K, 16% free 7196K/8508K, paused 6ms, total 6ms
D/dalvikvm( 2103): Added shared lib /data/data/com.google.android.gms/app_dg_cache/332DF7A96159CC0FFEB819779627D9C94920AA73/libdCD96A5AB8310.so 0x9d3d4dc0
D/ExtensionsFactory( 2141): No custom extensions.
I/ActivityManager( 1567): Delay finish: com.android.dialer/.calllog.CallLogReceiver
E/BluetoothAdapter( 1567): Bluetooth binder is null
E/BluetoothAdapter( 1567): Bluetooth binder is null
E/SoundPool( 1567): error loading /system/media/audio/ui/Effect_Tick.ogg
W/AudioService( 1567): Soundpool could not load file: /system/media/audio/ui/Effect_Tick.ogg
E/SoundPool( 1567): error loading /system/media/audio/ui/Effect_Tick.ogg
W/AudioService( 1567): Soundpool could not load file: /system/media/audio/ui/Effect_Tick.ogg
E/SoundPool( 1567): error loading /system/media/audio/ui/Effect_Tick.ogg
W/AudioService( 1567): Soundpool could not load file: /system/media/audio/ui/Effect_Tick.ogg
E/SoundPool( 1567): error loading /system/media/audio/ui/Effect_Tick.ogg
W/AudioService( 1567): Soundpool could not load file: /system/media/audio/ui/Effect_Tick.ogg
E/SoundPool( 1567): error loading /system/media/audio/ui/Effect_Tick.ogg
W/AudioService( 1567): Soundpool could not load file: /system/media/audio/ui/Effect_Tick.ogg
E/SoundPool( 1567): error loading /system/media/audio/ui/KeypressStandard.ogg
W/AudioService( 1567): Soundpool could not load file: /system/media/audio/ui/KeypressStandard.ogg
E/SoundPool( 1567): error loading /system/media/audio/ui/KeypressSpacebar.ogg
W/AudioService( 1567): Soundpool could not load file: /system/media/audio/ui/KeypressSpacebar.ogg
E/SoundPool( 1567): error loading /system/media/audio/ui/KeypressDelete.ogg
I/ActivityManager( 1567): Resuming delayed broadcast
V/WiredAccessoryManager( 1567): init()
I/PowerManagerService( 1567): Boot animation finished.
W/AudioService( 1567): Soundpool could not load file: /system/media/audio/ui/KeypressDelete.ogg
E/SoundPool( 1567): error loading /system/media/audio/ui/KeypressReturn.ogg
W/AudioService( 1567): Soundpool could not load file: /system/media/audio/ui/KeypressReturn.ogg
E/SoundPool( 1567): error loading /system/media/audio/ui/KeypressInvalid.ogg
W/AudioService( 1567): Soundpool could not load file: /system/media/audio/ui/KeypressInvalid.ogg
W/AudioService( 1567): onLoadSoundEffects(), Error -1 while loading samples
I/RecoverySystem( 1567): No recovery log file
I/BootReceiver( 1567): Copying audit failures to DropBox
I/BootReceiver( 1567): Checking for fsck errors
D/dalvikvm( 1567): GC_FOR_ALLOC freed 951K, 15% free 7232K/8508K, paused 8ms, total 8ms
I/ActivityManager( 1567): Delay finish: com.android.providers.media/.MediaScannerReceiver
D/        ( 2103): HostConnection::get() New Host Connection established 0xb8d89810, tid 2115
D/dalvikvm( 1567): GC_FOR_ALLOC freed 1066K, 16% free 7229K/8508K, paused 6ms, total 7ms
D/EGL_emulation( 2103): eglCreateContext: 0xb8db3cc0: maj 3 min 0 rcv 3
D/EGL_emulation( 2103): eglMakeCurrent: 0xb8db3cc0: ver 3 0
E/eglCodecCommon( 2103): glUtilsParamSize: unknow param 0x00008cdf
E/eglCodecCommon( 2103): glUtilsParamSize: unknow param 0x00008824
D/dalvikvm( 1567): GC_FOR_ALLOC freed 1064K, 16% free 7228K/8508K, paused 6ms, total 6ms
D/EGL_emulation( 2103): eglCreateContext: 0xb8db3cc0: maj 3 min 0 rcv 3
D/EGL_emulation( 2103): eglMakeCurrent: 0xb8db3cc0: ver 3 0
E/eglCodecCommon( 2103): glUtilsParamSize: unknow param 0x00008cdf
E/eglCodecCommon( 2103): glUtilsParamSize: unknow param 0x00008824
D/dalvikvm( 1567): GC_FOR_ALLOC freed 1062K, 16% free 7228K/8508K, paused 6ms, total 6ms
D/dalvikvm( 2103): GC_FOR_ALLOC freed 2732K, 36% free 5521K/8564K, paused 4ms, total 4ms
D/dalvikvm( 1567): GC_FOR_ALLOC freed 1061K, 16% free 7229K/8508K, paused 9ms, total 9ms
D/dalvikvm( 1567): GC_FOR_ALLOC freed 1063K, 16% free 7229K/8508K, paused 7ms, total 7ms
W/MediaScanner( 1660): Error opening directory '/storage/sdcard/.android_secure/', skipping: Permission denied.
D/dalvikvm( 1567): GC_FOR_ALLOC freed 1063K, 16% free 7229K/8508K, paused 5ms, total 6ms
V/MediaScanner( 1660): pruneDeadThumbnailFiles... android.database.sqlite.SQLiteCursor@9d0aea80
V/MediaScanner( 1660): /pruneDeadThumbnailFiles... android.database.sqlite.SQLiteCursor@9d0aea80
E/dalvikvm( 1949): Could not find class 'android.telephony.SubscriptionManager', referenced from method lbk.a
W/dalvikvm( 1949): VFY: unable to resolve check-cast 1109 (Landroid/telephony/SubscriptionManager;) in Llbk;
D/dalvikvm( 1949): VFY: replacing opcode 0x1f at 0x0236
I/dalvikvm( 1949): Could not find method java.util.Locale.toLanguageTag, referenced from method lbk.a
W/dalvikvm( 1949): VFY: unable to resolve virtual method 43769: Ljava/util/Locale;.toLanguageTag ()Ljava/lang/String;
D/dalvikvm( 1949): VFY: replacing opcode 0x6e at 0x0025
W/dalvikvm( 1949): VFY: unable to find class referenced in signature (Landroid/telephony/SubscriptionManager;)
I/dalvikvm( 1949): Could not find method android.telephony.SubscriptionManager.getActiveSubscriptionInfoList, referenced from method lbk.a
W/dalvikvm( 1949): VFY: unable to resolve virtual method 5833: Landroid/telephony/SubscriptionManager;.getActiveSubscriptionInfoList ()Ljava/util/List;
D/dalvikvm( 1949): VFY: replacing opcode 0x74 at 0x0004
I/dalvikvm( 1949): Could not find method android.os.PowerManager.isInteractive, referenced from method nol.a
W/dalvikvm( 1949): VFY: unable to resolve virtual method 4227: Landroid/os/PowerManager;.isInteractive ()Z
D/dalvikvm( 1949): VFY: replacing opcode 0x6e at 0x0006
I/ActivityManager( 1567): Resuming delayed broadcast
I/ActivityManager( 1567): Start proc com.android.mms for broadcast com.android.mms/.transaction.MmsSystemEventReceiver: pid=2169 uid=10010 gids={50010, 3003, 1028, 1015}
D/dalvikvm( 1144): GC_EXPLICIT freed 40K, 7% free 2995K/3220K, paused 1ms+1ms, total 5ms
D/dalvikvm( 1144): GC_EXPLICIT freed <1K, 7% free 2995K/3220K, paused 1ms+0ms, total 3ms
D/dalvikvm( 1144): GC_EXPLICIT freed <1K, 7% free 2995K/3220K, paused 0ms+0ms, total 2ms
D/dalvikvm( 1567): GC_FOR_ALLOC freed 1062K, 16% free 7230K/8508K, paused 9ms, total 9ms
D/CountryDetector( 1567): The first listener is added
D/dalvikvm( 1567): GC_FOR_ALLOC freed 1057K, 15% free 7236K/8508K, paused 7ms, total 7ms
V/MmsConfig( 2169): mnc/mcc: 310260
V/MmsConfig( 2169): tag: bool value: enabledMMS - true
V/MmsConfig( 2169): tag: int value: maxMessageSize - 307200
V/MmsConfig( 2169): tag: int value: maxImageHeight - 480
V/MmsConfig( 2169): tag: int value: maxImageWidth - 640
V/MmsConfig( 2169): tag: int value: defaultSMSMessagesPerThread - 10000
V/MmsConfig( 2169): tag: int value: defaultMMSMessagesPerThread - 1000
V/MmsConfig( 2169): tag: int value: minMessageCountPerThread - 10
V/MmsConfig( 2169): tag: int value: maxMessageCountPerThread - 5000
V/MmsConfig( 2169): tag: string value: uaProfUrl - http://www.google.com/oha/rdf/ua-profile-kila.xml
V/MmsConfig( 2169): tag: int value: recipientLimit - -1
V/MmsConfig( 2169): tag: bool value: enableMultipartSMS - true
V/MmsConfig( 2169): tag: int value: smsToMmsTextThreshold - -1
V/MmsConfig( 2169): tag: bool value: enableSlideDuration - true
V/MmsConfig( 2169): tag: int value: maxMessageTextSize - -1
D/dalvikvm( 1567): GC_FOR_ALLOC freed 1067K, 15% free 7234K/8508K, paused 6ms, total 6ms
W/ProviderHelper( 1949): Unknown dynamite feature providerinstaller
I/DynamiteModule( 1949): Considering local module providerinstaller:0 and remote module providerinstaller:0
I/DynamiteModule( 1949): Considering local module providerinstaller:0 and remote module providerinstaller:0
W/Conscrypt( 1949): Could not set socket write timeout: java.net.SocketException: Socket closed
W/Conscrypt( 1949): 	at com.google.android.gms.org.conscrypt.Platform.setSocketWriteTimeout(:com.google.android.gms@202414005@20.24.14 (000700-319035315):2)
W/Conscrypt( 1949): 	at com.google.android.gms.org.conscrypt.ConscryptFileDescriptorSocket.setSoWriteTimeout(:com.google.android.gms@202414005@20.24.14 (000700-319035315):0)
D/dalvikvm( 1567): GC_FOR_ALLOC freed 1062K, 15% free 7235K/8508K, paused 9ms, total 9ms
I/ActivityManager( 1567): Delay finish: com.android.mms/.transaction.MmsSystemEventReceiver
D/Mms:app ( 2169): cancelNotification
D/dalvikvm( 1567): GC_FOR_ALLOC freed 1059K, 15% free 7241K/8508K, paused 7ms, total 7ms
W/Conscrypt( 1949): Could not set socket write timeout: java.net.SocketException: Socket closed
W/Conscrypt( 1949): 	at com.google.android.gms.org.conscrypt.Platform.setSocketWriteTimeout(:com.google.android.gms@202414005@20.24.14 (000700-319035315):2)
W/Conscrypt( 1949): 	at com.google.android.gms.org.conscrypt.ConscryptFileDescriptorSocket.setSoWriteTimeout(:com.google.android.gms@202414005@20.24.14 (000700-319035315):0)
I/ActivityManager( 1567): Resuming delayed broadcast
I/ActivityManager( 1567): Delay finish: com.android.mms/.transaction.SmsReceiver
D/dalvikvm( 1567): GC_FOR_ALLOC freed 1064K, 15% free 7242K/8508K, paused 6ms, total 6ms
D/MmsSmsDatabaseHelper( 1717): [MmsSmsDb] tableName: threads hasAutoIncrement: CREATE TABLE threads (_id INTEGER PRIMARY KEY AUTOINCREMENT,date INTEGER DEFAULT 0,message_count INTEGER DEFAULT 0,recipient_ids TEXT,snippet TEXT,snippet_cs INTEGER DEFAULT 0,read INTEGER DEFAULT 1,type INTEGER DEFAULT 0,error INTEGER DEFAULT 0,has_attachment INTEGER DEFAULT 0) result: true
D/MmsSmsDatabaseHelper( 1717): [MmsSmsDb] tableName: canonical_addresses hasAutoIncrement: CREATE TABLE canonical_addresses (_id INTEGER PRIMARY KEY AUTOINCREMENT,address TEXT) result: true
D/MmsSmsDatabaseHelper( 1717): [MmsSmsDb] tableName: part hasAutoIncrement: CREATE TABLE part (_id INTEGER PRIMARY KEY AUTOINCREMENT,mid INTEGER,seq INTEGER DEFAULT 0,ct TEXT,name TEXT,chset INTEGER,cd TEXT,fn TEXT,cid TEXT,cl TEXT,ctt_s INTEGER,ctt_t TEXT,_data TEXT,text TEXT) result: true
D/MmsSmsDatabaseHelper( 1717): [MmsSmsDb] tableName: pdu hasAutoIncrement: CREATE TABLE pdu (_id INTEGER PRIMARY KEY AUTOINCREMENT,thread_id INTEGER,date INTEGER,date_sent INTEGER DEFAULT 0,msg_box INTEGER,read INTEGER DEFAULT 0,m_id TEXT,sub TEXT,sub_cs INTEGER,ct_t TEXT,ct_l TEXT,exp INTEGER,m_cls TEXT,m_type INTEGER,v INTEGER,m_size INTEGER,pri INTEGER,rr INTEGER,rpt_a INTEGER,resp_st INTEGER,st INTEGER,tr_id TEXT,retr_st INTEGER,retr_txt TEXT,retr_txt_cs INTEGER,read_status INTEGER,ct_cls INTEGER,resp_txt TEXT,d_tm INTEGER,d_rpt INTEGER,locked INTEGER DEFAULT 0,seen INTEGER DEFAULT 0,text_only INTEGER DEFAULT 0) result: true
D/MmsSmsDatabaseHelper( 1717): [getWritableDatabase] hasAutoIncrementThreads: true hasAutoIncrementAddresses: true hasAutoIncrementPart: true hasAutoIncrementPdu: true
D/dalvikvm( 2169): GC_FOR_ALLOC freed 265K, 13% free 3243K/3692K, paused 2ms, total 2ms
D/Mms:app ( 2169): cancelNotification
I/ActivityManager( 1567): Resuming delayed broadcast
D/dalvikvm( 1567): GC_FOR_ALLOC freed 1066K, 15% free 7242K/8508K, paused 6ms, total 6ms
I/dalvikvm( 1949): Could not find method android.content.Context.getSystemService, referenced from method com.google.android.gms.chimera.GmsModuleInitializer.initializeModuleV0
W/dalvikvm( 1949): VFY: unable to resolve virtual method 3171: Landroid/content/Context;.getSystemService (Ljava/lang/Class;)Ljava/lang/Object;
D/dalvikvm( 1949): VFY: replacing opcode 0x6e at 0x0018
I/dalvikvm( 1949): Failed resolving Lhne; interface 505 'Landroid/content/pm/PackageManager$OnPermissionsChangedListener;'
W/dalvikvm( 1949): Link of class 'Lhne;' failed
I/dalvikvm( 1949): Failed resolving Lhne; interface 505 'Landroid/content/pm/PackageManager$OnPermissionsChangedListener;'
W/dalvikvm( 1949): Link of class 'Lhne;' failed
E/dalvikvm( 1949): Could not find class 'hne', referenced from method com.google.android.gms.chimera.GmsModuleInitializer.initializeModuleV0
W/dalvikvm( 1949): VFY: unable to resolve new-instance 6487 (Lhne;) in Lcom/google/android/gms/chimera/GmsModuleInitializer;
D/dalvikvm( 1949): VFY: replacing opcode 0x22 at 0x0101
I/dalvikvm( 1949): Failed resolving Lhne; interface 505 'Landroid/content/pm/PackageManager$OnPermissionsChangedListener;'
W/dalvikvm( 1949): Link of class 'Lhne;' failed
I/dalvikvm( 1949): Failed resolving Lhne; interface 505 'Landroid/content/pm/PackageManager$OnPermissionsChangedListener;'
W/dalvikvm( 1949): Link of class 'Lhne;' failed
