--------- beginning of /dev/log/system
I/PackageManager( 1566): Adding preferred activity ComponentInfo{com.android.mms/com.android.mms.ui.ComposeMessageActivity} for user 0 :
I/PackageManager( 1566): Adding preferred activity ComponentInfo{com.android.mms/com.android.mms.ui.ComposeMessageActivity} for user 0 :
I/PackageManager( 1566): Adding preferred activity ComponentInfo{com.android.mms/com.android.mms.ui.ComposeMessageActivity} for user 0 :
I/ActivityManager( 1566): Resuming delayed broadcast
I/ActivityManager( 1566): Start proc com.google.android.googlequicksearchbox:launcher for broadcast com.google.android.googlequicksearchbox/com.google.android.gel.GelStubAppWatcher: pid=2461 uid=10013 gids={50013, 3003, 1028, 3002, 1015}
I/ActivityManager( 1566): Force stopping it.unina.android.ripper_service appid=10057 user=0: clear data
I/ActivityManager( 1566): Start proc com.android.defcontainer for service com.android.defcontainer/.DefaultContainerService: pid=2522 uid=10003 gids={50003, 1028, 1015, 1023, 2001, 1035}
I/ActivityManager( 1566): Waited long enough for: ServiceRecord{9d2e7fa8 u0 com.android.music/.MediaPlaybackService}
I/ActivityManager( 1566): Start proc com.android.documentsui for broadcast com.android.documentsui/.PackageReceiver: pid=2537 uid=10025 gids={50025}
I/ActivityManager( 1566): Killing 1777:com.android.externalstorage/u0a6 (adj 15): empty #17
I/ActivityManager( 1566): Start proc com.android.externalstorage for content provider com.android.externalstorage/.ExternalStorageProvider: pid=2555 uid=10006 gids={50006, 1028, 1015, 1023}
I/ActivityManager( 1566): Killing 2132:com.android.dialer/u0a4 (adj 15): empty #17
I/ActivityManager( 1566): Force stopping it.unina.android.ripper_service appid=10057 user=-1: uninstall pkg
W/PackageManager( 1566): Couldn't delete native library directory /data/app-lib/it.unina.android.ripper_service
I/ActivityManager( 1566): Force stopping it.unina.android.ripper_service appid=10057 user=0: pkg removed
I/PackageManager( 1566): Adding preferred activity ComponentInfo{com.android.mms/com.android.mms.ui.ComposeMessageActivity} for user 0 :
I/PackageManager( 1566): Adding preferred activity ComponentInfo{com.android.mms/com.android.mms.ui.ComposeMessageActivity} for user 0 :
I/PackageManager( 1566): Adding preferred activity ComponentInfo{com.android.mms/com.android.mms.ui.ComposeMessageActivity} for user 0 :
D/BackupManagerService( 1566): Received broadcast Intent { act=android.intent.action.PACKAGE_REMOVED dat=package:it.unina.android.ripper_service flg=0x4000010 (has extras) }
V/BackupManagerService( 1566): removePackageParticipantsLocked: uid=10057 #1
I/PackageManager( 1566): Adding preferred activity ComponentInfo{com.android.mms/com.android.mms.ui.ComposeMessageActivity} for user 0 :
I/PackageManager( 1566): Adding preferred activity ComponentInfo{com.android.mms/com.android.mms.ui.ComposeMessageActivity} for user 0 :
I/PackageManager( 1566): Adding preferred activity ComponentInfo{com.android.mms/com.android.mms.ui.ComposeMessageActivity} for user 0 :
I/PackageManager( 1566): Adding preferred activity ComponentInfo{com.android.mms/com.android.mms.ui.ComposeMessageActivity} for user 0 :
I/ActivityManager( 1566): Start proc com.android.keychain for broadcast com.android.keychain/.KeyChainBroadcastReceiver: pid=2593 uid=1000 gids={41000, 1028, 1015, 3002, 3001, 3003}
I/PackageManager( 1566): Adding preferred activity ComponentInfo{com.android.mms/com.android.mms.ui.ComposeMessageActivity} for user 0 :
W/ContextImpl( 2593): Calling a method in the system process without a qualified user: android.app.ContextImpl.startService:1479 android.content.ContextWrapper.startService:494 android.content.ContextWrapper.startService:494 com.android.keychain.KeyChainBroadcastReceiver.onReceive:12 android.app.ActivityThread.handleReceiver:2419 
I/ActivityManager( 1566): Delay finish: com.android.keychain/.KeyChainBroadcastReceiver
I/ActivityManager( 1566): Resuming delayed broadcast
I/ActivityManager( 1566): Killing 1735:com.android.printspooler/u0a44 (adj 15): empty #17
W/ActivityManager( 1566): No content provider found for permission revoke: file:///data/local/tmp/AndroidRipperService.apk
W/ActivityManager( 1566): No content provider found for permission revoke: file:///data/local/tmp/AndroidRipperService.apk
I/PackageManager( 1566): Copying native libraries to /data/app-lib/vmdl29941651
I/PackageParser( 1566): it.unina.android.ripper_service: compat added android.permission.WRITE_EXTERNAL_STORAGE android.permission.READ_PHONE_STATE
I/ActivityManager( 1566): Force stopping it.unina.android.ripper_service appid=10058 user=-1: update pkg
I/PackageManager( 1566): Adding preferred activity ComponentInfo{com.android.mms/com.android.mms.ui.ComposeMessageActivity} for user 0 :
I/PackageManager( 1566): Adding preferred activity ComponentInfo{com.android.mms/com.android.mms.ui.ComposeMessageActivity} for user 0 :
I/PackageManager( 1566): Adding preferred activity ComponentInfo{com.android.mms/com.android.mms.ui.ComposeMessageActivity} for user 0 :
I/PackageManager( 1566): Adding preferred activity ComponentInfo{com.android.mms/com.android.mms.ui.ComposeMessageActivity} for user 0 :
I/PackageManager( 1566): Adding preferred activity ComponentInfo{com.android.mms/com.android.mms.ui.ComposeMessageActivity} for user 0 :
D/BackupManagerService( 1566): Received broadcast Intent { act=android.intent.action.PACKAGE_ADDED dat=package:it.unina.android.ripper_service flg=0x4000010 (has extras) }
V/BackupManagerService( 1566): addPackageParticipantsLocked: #1
I/PackageManager( 1566): Adding preferred activity ComponentInfo{com.android.mms/com.android.mms.ui.ComposeMessageActivity} for user 0 :
I/PackageManager( 1566): Adding preferred activity ComponentInfo{com.android.mms/com.android.mms.ui.ComposeMessageActivity} for user 0 :
I/ActivityManager( 1566): Start proc com.svox.pico for broadcast com.svox.pico/.VoiceDataInstallerReceiver: pid=2644 uid=10041 gids={50041, 1028, 1015}
I/PackageManager( 1566): Adding preferred activity ComponentInfo{com.android.mms/com.android.mms.ui.ComposeMessageActivity} for user 0 :
W/ActivityManager( 1566): Unable to start service Intent { act=com.google.android.gms.auth.key.retrieval.service.START pkg=com.google.android.gms } U=0: not found
W/ActivityManager( 1566): Unbind failed: could not find connection for android.os.BinderProxy@9d541950
I/ActivityManager( 1566): Start proc it.unina.android.ripper_service:android_ripper_service_process for service it.unina.android.ripper_service/.AndroidRipperService: pid=2701 uid=10058 gids={50058, 3003, 1028, 1015}
I/ActivityManager( 1566): Waited long enough for: ServiceRecord{9d4c7e60 u0 com.google.android.calendar/com.android.calendar.alerts.InitAlarmsService}
W/ActivityManager( 1566): No content provider found for permission revoke: file:///sdcard/aut.apk
W/ActivityManager( 1566): No content provider found for permission revoke: file:///sdcard/aut.apk
I/PackageManager( 1566): Copying native libraries to /data/app-lib/vmdl2096290450
W/PackageParser( 1566): Unknown element under <manifest>: queries at /data/app/vmdl2096290450.tmp Binary XML file line #18
W/PackageManager( 1566): Package me.ccrama.redditslide desires unavailable shared library com.sec.android.app.multiwindow; ignoring!
I/ActivityManager( 1566): Force stopping me.ccrama.redditslide appid=10059 user=-1: update pkg
W/PackageManager( 1566): Unknown permission com.android.vending.BILLING in package me.ccrama.redditslide
I/PackageManager( 1566): Adding preferred activity ComponentInfo{com.android.mms/com.android.mms.ui.ComposeMessageActivity} for user 0 :
I/PackageManager( 1566): Adding preferred activity ComponentInfo{com.android.mms/com.android.mms.ui.ComposeMessageActivity} for user 0 :
I/PackageManager( 1566): Adding preferred activity ComponentInfo{com.android.mms/com.android.mms.ui.ComposeMessageActivity} for user 0 :
D/BackupManagerService( 1566): Received broadcast Intent { act=android.intent.action.PACKAGE_ADDED dat=package:me.ccrama.redditslide flg=0x4000010 (has extras) }
I/PackageManager( 1566): Adding preferred activity ComponentInfo{com.android.mms/com.android.mms.ui.ComposeMessageActivity} for user 0 :
V/BackupManagerService( 1566): addPackageParticipantsLocked: #1
W/ActivityManager( 1566): Unable to start service Intent { act=com.google.android.gms.auth.key.retrieval.service.START pkg=com.google.android.gms } U=0: not found
W/ActivityManager( 1566): Unbind failed: could not find connection for android.os.BinderProxy@9d77e9d0
I/PackageManager( 1566): Adding preferred activity ComponentInfo{com.android.mms/com.android.mms.ui.ComposeMessageActivity} for user 0 :
I/PackageManager( 1566): Adding preferred activity ComponentInfo{com.android.mms/com.android.mms.ui.ComposeMessageActivity} for user 0 :
I/PackageManager( 1566): Adding preferred activity ComponentInfo{com.android.mms/com.android.mms.ui.ComposeMessageActivity} for user 0 :
I/PackageManager( 1566): Adding preferred activity ComponentInfo{com.android.mms/com.android.mms.ui.ComposeMessageActivity} for user 0 :
W/ActivityManager( 1566): No content provider found for permission revoke: file:///sdcard/ripper.apk
W/ActivityManager( 1566): No content provider found for permission revoke: file:///sdcard/ripper.apk
I/PackageManager( 1566): Copying native libraries to /data/app-lib/vmdl2003080039
I/PackageParser( 1566): it.unina.android.ripper: compat added android.permission.WRITE_EXTERNAL_STORAGE android.permission.READ_PHONE_STATE
I/ActivityManager( 1566): Force stopping it.unina.android.ripper appid=10060 user=-1: update pkg
I/PackageManager( 1566): Adding preferred activity ComponentInfo{com.android.mms/com.android.mms.ui.ComposeMessageActivity} for user 0 :
I/PackageManager( 1566): Adding preferred activity ComponentInfo{com.android.mms/com.android.mms.ui.ComposeMessageActivity} for user 0 :
I/PackageManager( 1566): Adding preferred activity ComponentInfo{com.android.mms/com.android.mms.ui.ComposeMessageActivity} for user 0 :
D/BackupManagerService( 1566): Received broadcast Intent { act=android.intent.action.PACKAGE_ADDED dat=package:it.unina.android.ripper flg=0x4000010 (has extras) }
V/BackupManagerService( 1566): addPackageParticipantsLocked: #1
I/PackageManager( 1566): Adding preferred activity ComponentInfo{com.android.mms/com.android.mms.ui.ComposeMessageActivity} for user 0 :
I/PackageManager( 1566): Adding preferred activity ComponentInfo{com.android.mms/com.android.mms.ui.ComposeMessageActivity} for user 0 :
I/PackageManager( 1566): Adding preferred activity ComponentInfo{com.android.mms/com.android.mms.ui.ComposeMessageActivity} for user 0 :
I/PackageManager( 1566): Adding preferred activity ComponentInfo{com.android.mms/com.android.mms.ui.ComposeMessageActivity} for user 0 :
I/PackageManager( 1566): Adding preferred activity ComponentInfo{com.android.mms/com.android.mms.ui.ComposeMessageActivity} for user 0 :
I/ActivityManager( 1566): Force stopping me.ccrama.redditslide appid=10059 user=0: start instr
I/ActivityManager( 1566): Start proc me.ccrama.redditslide for added application me.ccrama.redditslide: pid=2793 uid=10059 gids={50059, 3003, 1028, 1015}
I/ActivityManager( 1566): START u0 {act=android.intent.action.MAIN flg=0x10000000 cmp=me.ccrama.redditslide/.Activities.Slide} from pid 2793
I/ActivityManager( 1566): START u0 {cmp=me.ccrama.redditslide/.Activities.MainActivity} from pid 2793
I/ActivityManager( 1566): START u0 {cmp=me.ccrama.redditslide/.Activities.Tutorial} from pid 2793
I/ActivityManager( 1566): Killing 2297:com.android.exchange/u0a27 (adj 15): empty #17
W/InputMethodManagerService( 1566): Window already focused, ignoring focus gain of: com.android.internal.view.IInputMethodClient$Stub$Proxy@9d4840a0 attribute=android.view.inputmethod.EditorInfo@9d47b468, token = android.os.BinderProxy@9d449f90
I/ActivityManager( 1566): Killing 2102:com.google.android.gms.unstable/u0a7 (adj 15): empty #17
I/ActivityManager( 1566): Killing 2387:com.google.android.gms.ui/u0a7 (adj 15): empty #18
W/InputMethodManagerService( 1566): Window already focused, ignoring focus gain of: com.android.internal.view.IInputMethodClient$Stub$Proxy@9d53b3f8 attribute=null, token = android.os.BinderProxy@9d449f90
W/InputMethodManagerService( 1566): Window already focused, ignoring focus gain of: com.android.internal.view.IInputMethodClient$Stub$Proxy@9d4661e0 attribute=null, token = android.os.BinderProxy@9d449f90
I/ActivityManager( 1566): START u0 {flg=0x10000 cmp=me.ccrama.redditslide/.Activities.Tutorial (has extras)} from pid 2793
I/ActivityManager( 1566): START u0 {flg=0x10000000 cmp=me.ccrama.redditslide/com.jakewharton.processphoenix.ProcessPhoenix (has extras)} from pid 2793
I/WindowState( 1566): WIN DEATH: Window{9d5623b0 u0 me.ccrama.redditslide/me.ccrama.redditslide.Activities.MainActivity}
I/ActivityManager( 1566): Process me.ccrama.redditslide (pid 2793) has died.
I/WindowState( 1566): WIN DEATH: Window{9d519ec8 u0 me.ccrama.redditslide/me.ccrama.redditslide.Activities.MainActivity}
I/WindowState( 1566): WIN DEATH: Window{9d450b38 u0 me.ccrama.redditslide/me.ccrama.redditslide.Activities.MainActivity}
I/WindowState( 1566): WIN DEATH: Window{9d512250 u0 me.ccrama.redditslide/me.ccrama.redditslide.Activities.Tutorial}
I/WindowState( 1566): WIN DEATH: Window{9d5395d0 u0 me.ccrama.redditslide/me.ccrama.redditslide.Activities.Tutorial}
W/ActivityManager( 1566): Crash of app me.ccrama.redditslide running instrumentation ComponentInfo{it.unina.android.ripper/android.test.InstrumentationTestRunner}
I/ActivityManager( 1566): Force stopping me.ccrama.redditslide appid=10059 user=0: finished inst
I/ActivityManager( 1566):   Force finishing activity ActivityRecord{9d0887c8 u0 me.ccrama.redditslide/.Activities.MainActivity t2}
I/ActivityManager( 1566): Start proc me.ccrama.redditslide:phoenix for activity me.ccrama.redditslide/com.jakewharton.processphoenix.ProcessPhoenix: pid=2929 uid=10059 gids={50059, 3003, 1028, 1015}
I/ActivityManager( 1566):   Force finishing activity ActivityRecord{9d6a7ab0 u0 me.ccrama.redditslide/com.jakewharton.processphoenix.ProcessPhoenix t2}
I/ActivityManager( 1566): Killing 1901:com.android.settings/1000 (adj 15): empty #17
I/ActivityManager( 1566): Force stopping me.ccrama.redditslide appid=10059 user=0: clear data
I/ActivityManager( 1566): Killing 2929:me.ccrama.redditslide:phoenix/u0a59 (adj 9): stop me.ccrama.redditslide
I/ActivityManager( 1566): Force stopping me.ccrama.redditslide appid=10059 user=-1: uninstall pkg
W/PackageManager( 1566): Couldn't delete native library directory /data/app-lib/me.ccrama.redditslide
I/ActivityManager( 1566): Force stopping me.ccrama.redditslide appid=10059 user=0: pkg removed
I/PackageManager( 1566): Adding preferred activity ComponentInfo{com.android.mms/com.android.mms.ui.ComposeMessageActivity} for user 0 :
D/BackupManagerService( 1566): Received broadcast Intent { act=android.intent.action.PACKAGE_REMOVED dat=package:me.ccrama.redditslide flg=0x4000010 (has extras) }
V/BackupManagerService( 1566): removePackageParticipantsLocked: uid=10059 #1
I/PackageManager( 1566): Adding preferred activity ComponentInfo{com.android.mms/com.android.mms.ui.ComposeMessageActivity} for user 0 :
I/PackageManager( 1566): Adding preferred activity ComponentInfo{com.android.mms/com.android.mms.ui.ComposeMessageActivity} for user 0 :
I/PackageManager( 1566): Adding preferred activity ComponentInfo{com.android.mms/com.android.mms.ui.ComposeMessageActivity} for user 0 :
I/PackageManager( 1566): Adding preferred activity ComponentInfo{com.android.mms/com.android.mms.ui.ComposeMessageActivity} for user 0 :
I/PackageManager( 1566): Adding preferred activity ComponentInfo{com.android.mms/com.android.mms.ui.ComposeMessageActivity} for user 0 :
I/PackageManager( 1566): Adding preferred activity ComponentInfo{com.android.mms/com.android.mms.ui.ComposeMessageActivity} for user 0 :
I/PackageManager( 1566): Adding preferred activity ComponentInfo{com.android.mms/com.android.mms.ui.ComposeMessageActivity} for user 0 :
W/ContextImpl( 2593): Calling a method in the system process without a qualified user: android.app.ContextImpl.startService:1479 android.content.ContextWrapper.startService:494 android.content.ContextWrapper.startService:494 com.android.keychain.KeyChainBroadcastReceiver.onReceive:12 android.app.ActivityThread.handleReceiver:2419 
I/ActivityManager( 1566): Force stopping it.unina.android.ripper appid=10060 user=0: clear data
I/ActivityManager( 1566): Force stopping it.unina.android.ripper appid=10060 user=-1: uninstall pkg
W/PackageManager( 1566): Couldn't delete native library directory /data/app-lib/it.unina.android.ripper
I/ActivityManager( 1566): Force stopping it.unina.android.ripper appid=10060 user=0: pkg removed
I/PackageManager( 1566): Adding preferred activity ComponentInfo{com.android.mms/com.android.mms.ui.ComposeMessageActivity} for user 0 :
D/BackupManagerService( 1566): Received broadcast Intent { act=android.intent.action.PACKAGE_REMOVED dat=package:it.unina.android.ripper flg=0x4000010 (has extras) }
V/BackupManagerService( 1566): removePackageParticipantsLocked: uid=10060 #1
I/PackageManager( 1566): Adding preferred activity ComponentInfo{com.android.mms/com.android.mms.ui.ComposeMessageActivity} for user 0 :
I/PackageManager( 1566): Adding preferred activity ComponentInfo{com.android.mms/com.android.mms.ui.ComposeMessageActivity} for user 0 :
I/PackageManager( 1566): Adding preferred activity ComponentInfo{com.android.mms/com.android.mms.ui.ComposeMessageActivity} for user 0 :
I/PackageManager( 1566): Adding preferred activity ComponentInfo{com.android.mms/com.android.mms.ui.ComposeMessageActivity} for user 0 :
I/PackageManager( 1566): Adding preferred activity ComponentInfo{com.android.mms/com.android.mms.ui.ComposeMessageActivity} for user 0 :
I/PackageManager( 1566): Adding preferred activity ComponentInfo{com.android.mms/com.android.mms.ui.ComposeMessageActivity} for user 0 :
W/ContextImpl( 2593): Calling a method in the system process without a qualified user: android.app.ContextImpl.startService:1479 android.content.ContextWrapper.startService:494 android.content.ContextWrapper.startService:494 com.android.keychain.KeyChainBroadcastReceiver.onReceive:12 android.app.ActivityThread.handleReceiver:2419 
I/PackageManager( 1566): Adding preferred activity ComponentInfo{com.android.mms/com.android.mms.ui.ComposeMessageActivity} for user 0 :
W/ActivityManager( 1566): No content provider found for permission revoke: file:///sdcard/aut.apk
W/ActivityManager( 1566): No content provider found for permission revoke: file:///sdcard/aut.apk
I/PackageManager( 1566): Copying native libraries to /data/app-lib/vmdl1354046363
W/PackageParser( 1566): Unknown element under <manifest>: queries at /data/app/vmdl1354046363.tmp Binary XML file line #18
W/PackageManager( 1566): Package me.ccrama.redditslide desires unavailable shared library com.sec.android.app.multiwindow; ignoring!
I/ActivityManager( 1566): Force stopping me.ccrama.redditslide appid=10061 user=-1: update pkg
W/PackageManager( 1566): Unknown permission com.android.vending.BILLING in package me.ccrama.redditslide
I/PackageManager( 1566): Adding preferred activity ComponentInfo{com.android.mms/com.android.mms.ui.ComposeMessageActivity} for user 0 :
I/PackageManager( 1566): Adding preferred activity ComponentInfo{com.android.mms/com.android.mms.ui.ComposeMessageActivity} for user 0 :
D/BackupManagerService( 1566): Received broadcast Intent { act=android.intent.action.PACKAGE_ADDED dat=package:me.ccrama.redditslide flg=0x4000010 (has extras) }
V/BackupManagerService( 1566): addPackageParticipantsLocked: #1
I/PackageManager( 1566): Adding preferred activity ComponentInfo{com.android.mms/com.android.mms.ui.ComposeMessageActivity} for user 0 :
I/PackageManager( 1566): Adding preferred activity ComponentInfo{com.android.mms/com.android.mms.ui.ComposeMessageActivity} for user 0 :
I/PackageManager( 1566): Adding preferred activity ComponentInfo{com.android.mms/com.android.mms.ui.ComposeMessageActivity} for user 0 :
I/PackageManager( 1566): Adding preferred activity ComponentInfo{com.android.mms/com.android.mms.ui.ComposeMessageActivity} for user 0 :
I/PackageManager( 1566): Adding preferred activity ComponentInfo{com.android.mms/com.android.mms.ui.ComposeMessageActivity} for user 0 :
I/PackageManager( 1566): Adding preferred activity ComponentInfo{com.android.mms/com.android.mms.ui.ComposeMessageActivity} for user 0 :
W/ActivityManager( 1566): Unable to start service Intent { act=com.google.android.gms.auth.key.retrieval.service.START pkg=com.google.android.gms } U=0: not found
W/ActivityManager( 1566): Unbind failed: could not find connection for android.os.BinderProxy@9d313aa0
W/ActivityManager( 1566): No content provider found for permission revoke: file:///sdcard/ripper.apk
W/ActivityManager( 1566): No content provider found for permission revoke: file:///sdcard/ripper.apk
I/PackageManager( 1566): Copying native libraries to /data/app-lib/vmdl-1326105860
I/PackageParser( 1566): it.unina.android.ripper: compat added android.permission.WRITE_EXTERNAL_STORAGE android.permission.READ_PHONE_STATE
I/ActivityManager( 1566): Force stopping it.unina.android.ripper appid=10062 user=-1: update pkg
I/PackageManager( 1566): Adding preferred activity ComponentInfo{com.android.mms/com.android.mms.ui.ComposeMessageActivity} for user 0 :
D/BackupManagerService( 1566): Received broadcast Intent { act=android.intent.action.PACKAGE_ADDED dat=package:it.unina.android.ripper flg=0x4000010 (has extras) }
V/BackupManagerService( 1566): addPackageParticipantsLocked: #1
I/PackageManager( 1566): Adding preferred activity ComponentInfo{com.android.mms/com.android.mms.ui.ComposeMessageActivity} for user 0 :
I/PackageManager( 1566): Adding preferred activity ComponentInfo{com.android.mms/com.android.mms.ui.ComposeMessageActivity} for user 0 :
I/PackageManager( 1566): Adding preferred activity ComponentInfo{com.android.mms/com.android.mms.ui.ComposeMessageActivity} for user 0 :
I/PackageManager( 1566): Adding preferred activity ComponentInfo{com.android.mms/com.android.mms.ui.ComposeMessageActivity} for user 0 :
I/PackageManager( 1566): Adding preferred activity ComponentInfo{com.android.mms/com.android.mms.ui.ComposeMessageActivity} for user 0 :
I/PackageManager( 1566): Adding preferred activity ComponentInfo{com.android.mms/com.android.mms.ui.ComposeMessageActivity} for user 0 :
I/PackageManager( 1566): Adding preferred activity ComponentInfo{com.android.mms/com.android.mms.ui.ComposeMessageActivity} for user 0 :
I/ActivityManager( 1566): Force stopping me.ccrama.redditslide appid=10061 user=0: start instr
I/ActivityManager( 1566): Start proc me.ccrama.redditslide for added application me.ccrama.redditslide: pid=3114 uid=10061 gids={50061, 3003, 1028, 1015}
I/ActivityManager( 1566): START u0 {act=android.intent.action.MAIN flg=0x10000000 cmp=me.ccrama.redditslide/.Activities.Slide} from pid 3114
I/ActivityManager( 1566): START u0 {cmp=me.ccrama.redditslide/.Activities.MainActivity} from pid 3114
I/ActivityManager( 1566): START u0 {cmp=me.ccrama.redditslide/.Activities.Tutorial} from pid 3114
W/InputMethodManagerService( 1566): Got RemoteException sending setActive(false) notification to pid 2793 uid 10059
D/ConnectivityService( 1566): Sampling interval elapsed, updating statistics ..
D/ConnectivityService( 1566): Done.
D/ConnectivityService( 1566): Setting timer for 720seconds
W/InputMethodManagerService( 1566): Window already focused, ignoring focus gain of: com.android.internal.view.IInputMethodClient$Stub$Proxy@9d6ff2f8 attribute=null, token = android.os.BinderProxy@9d41fd38
W/InputManager( 1566): Input event injection from pid 3114 failed.
W/InputManager( 1566): Input event injection from pid 3114 failed.
W/InputManager( 1566): Input event injection from pid 3114 failed.
W/InputManager( 1566): Input event injection from pid 3114 failed.
I/ActivityManager( 1566): START u0 {flg=0x10000000 cmp=me.ccrama.redditslide/com.jakewharton.processphoenix.ProcessPhoenix (has extras)} from pid 3114
I/WindowState( 1566): WIN DEATH: Window{9d4cdf58 u0 me.ccrama.redditslide/me.ccrama.redditslide.Activities.Tutorial}
I/ActivityManager( 1566): Process me.ccrama.redditslide (pid 3114) has died.
I/WindowState( 1566): WIN DEATH: Window{9d4c9900 u0 me.ccrama.redditslide/me.ccrama.redditslide.Activities.MainActivity}
W/ActivityManager( 1566): Crash of app me.ccrama.redditslide running instrumentation ComponentInfo{it.unina.android.ripper/android.test.InstrumentationTestRunner}
I/WindowState( 1566): WIN DEATH: Window{9d3cc008 u0 me.ccrama.redditslide/me.ccrama.redditslide.Activities.MainActivity}
I/WindowState( 1566): WIN DEATH: Window{9d4ead18 u0 me.ccrama.redditslide/me.ccrama.redditslide.Activities.MainActivity}
I/ActivityManager( 1566): Force stopping me.ccrama.redditslide appid=10061 user=0: finished inst
I/ActivityManager( 1566):   Force finishing activity ActivityRecord{9d0887c8 u0 me.ccrama.redditslide/.Activities.MainActivity t3}
I/ActivityManager( 1566): Start proc me.ccrama.redditslide:phoenix for activity me.ccrama.redditslide/com.jakewharton.processphoenix.ProcessPhoenix: pid=3389 uid=10061 gids={50061, 3003, 1028, 1015}
I/ActivityManager( 1566):   Force finishing activity ActivityRecord{9d4a1070 u0 me.ccrama.redditslide/com.jakewharton.processphoenix.ProcessPhoenix t3}
I/ActivityManager( 1566): Killing 1963:com.android.music/u0a36 (adj 15): empty #17
I/ActivityManager( 1566): Force stopping me.ccrama.redditslide appid=10061 user=0: clear data
I/ActivityManager( 1566): Killing 3389:me.ccrama.redditslide:phoenix/u0a61 (adj 9): stop me.ccrama.redditslide
I/ActivityManager( 1566): Force stopping me.ccrama.redditslide appid=10061 user=-1: uninstall pkg
W/PackageManager( 1566): Couldn't delete native library directory /data/app-lib/me.ccrama.redditslide
I/ActivityManager( 1566): Force stopping me.ccrama.redditslide appid=10061 user=0: pkg removed
I/PackageManager( 1566): Adding preferred activity ComponentInfo{com.android.mms/com.android.mms.ui.ComposeMessageActivity} for user 0 :
D/BackupManagerService( 1566): Received broadcast Intent { act=android.intent.action.PACKAGE_REMOVED dat=package:me.ccrama.redditslide flg=0x4000010 (has extras) }
V/BackupManagerService( 1566): removePackageParticipantsLocked: uid=10061 #1
I/PackageManager( 1566): Adding preferred activity ComponentInfo{com.android.mms/com.android.mms.ui.ComposeMessageActivity} for user 0 :
I/PackageManager( 1566): Adding preferred activity ComponentInfo{com.android.mms/com.android.mms.ui.ComposeMessageActivity} for user 0 :
I/PackageManager( 1566): Adding preferred activity ComponentInfo{com.android.mms/com.android.mms.ui.ComposeMessageActivity} for user 0 :
I/PackageManager( 1566): Adding preferred activity ComponentInfo{com.android.mms/com.android.mms.ui.ComposeMessageActivity} for user 0 :
I/PackageManager( 1566): Adding preferred activity ComponentInfo{com.android.mms/com.android.mms.ui.ComposeMessageActivity} for user 0 :
I/PackageManager( 1566): Adding preferred activity ComponentInfo{com.android.mms/com.android.mms.ui.ComposeMessageActivity} for user 0 :
I/PackageManager( 1566): Adding preferred activity ComponentInfo{com.android.mms/com.android.mms.ui.ComposeMessageActivity} for user 0 :
W/ContextImpl( 2593): Calling a method in the system process without a qualified user: android.app.ContextImpl.startService:1479 android.content.ContextWrapper.startService:494 android.content.ContextWrapper.startService:494 com.android.keychain.KeyChainBroadcastReceiver.onReceive:12 android.app.ActivityThread.handleReceiver:2419 
I/ActivityManager( 1566): Force stopping it.unina.android.ripper appid=10062 user=0: clear data
I/ActivityManager( 1566): Force stopping it.unina.android.ripper appid=10062 user=-1: uninstall pkg
W/PackageManager( 1566): Couldn't delete native library directory /data/app-lib/it.unina.android.ripper
I/ActivityManager( 1566): Force stopping it.unina.android.ripper appid=10062 user=0: pkg removed
I/PackageManager( 1566): Adding preferred activity ComponentInfo{com.android.mms/com.android.mms.ui.ComposeMessageActivity} for user 0 :
I/PackageManager( 1566): Adding preferred activity ComponentInfo{com.android.mms/com.android.mms.ui.ComposeMessageActivity} for user 0 :
D/BackupManagerService( 1566): Received broadcast Intent { act=android.intent.action.PACKAGE_REMOVED dat=package:it.unina.android.ripper flg=0x4000010 (has extras) }
V/BackupManagerService( 1566): removePackageParticipantsLocked: uid=10062 #1
I/PackageManager( 1566): Adding preferred activity ComponentInfo{com.android.mms/com.android.mms.ui.ComposeMessageActivity} for user 0 :
I/PackageManager( 1566): Adding preferred activity ComponentInfo{com.android.mms/com.android.mms.ui.ComposeMessageActivity} for user 0 :
I/PackageManager( 1566): Adding preferred activity ComponentInfo{com.android.mms/com.android.mms.ui.ComposeMessageActivity} for user 0 :
W/ContextImpl( 2593): Calling a method in the system process without a qualified user: android.app.ContextImpl.startService:1479 android.content.ContextWrapper.startService:494 android.content.ContextWrapper.startService:494 com.android.keychain.KeyChainBroadcastReceiver.onReceive:12 android.app.ActivityThread.handleReceiver:2419 
I/PackageManager( 1566): Adding preferred activity ComponentInfo{com.android.mms/com.android.mms.ui.ComposeMessageActivity} for user 0 :
I/PackageManager( 1566): Adding preferred activity ComponentInfo{com.android.mms/com.android.mms.ui.ComposeMessageActivity} for user 0 :
I/PackageManager( 1566): Adding preferred activity ComponentInfo{com.android.mms/com.android.mms.ui.ComposeMessageActivity} for user 0 :
W/ActivityManager( 1566): No content provider found for permission revoke: file:///sdcard/aut.apk
W/ActivityManager( 1566): No content provider found for permission revoke: file:///sdcard/aut.apk
I/PackageManager( 1566): Copying native libraries to /data/app-lib/vmdl373690395
W/PackageParser( 1566): Unknown element under <manifest>: queries at /data/app/vmdl373690395.tmp Binary XML file line #18
W/PackageManager( 1566): Package me.ccrama.redditslide desires unavailable shared library com.sec.android.app.multiwindow; ignoring!
I/ActivityManager( 1566): Force stopping me.ccrama.redditslide appid=10063 user=-1: update pkg
W/PackageManager( 1566): Unknown permission com.android.vending.BILLING in package me.ccrama.redditslide
I/PackageManager( 1566): Adding preferred activity ComponentInfo{com.android.mms/com.android.mms.ui.ComposeMessageActivity} for user 0 :
I/PackageManager( 1566): Adding preferred activity ComponentInfo{com.android.mms/com.android.mms.ui.ComposeMessageActivity} for user 0 :
I/PackageManager( 1566): Adding preferred activity ComponentInfo{com.android.mms/com.android.mms.ui.ComposeMessageActivity} for user 0 :
D/BackupManagerService( 1566): Received broadcast Intent { act=android.intent.action.PACKAGE_ADDED dat=package:me.ccrama.redditslide flg=0x4000010 (has extras) }
V/BackupManagerService( 1566): addPackageParticipantsLocked: #1
I/PackageManager( 1566): Adding preferred activity ComponentInfo{com.android.mms/com.android.mms.ui.ComposeMessageActivity} for user 0 :
I/PackageManager( 1566): Adding preferred activity ComponentInfo{com.android.mms/com.android.mms.ui.ComposeMessageActivity} for user 0 :
I/PackageManager( 1566): Adding preferred activity ComponentInfo{com.android.mms/com.android.mms.ui.ComposeMessageActivity} for user 0 :
W/ActivityManager( 1566): Unable to start service Intent { act=com.google.android.gms.auth.key.retrieval.service.START pkg=com.google.android.gms } U=0: not found
I/PackageManager( 1566): Adding preferred activity ComponentInfo{com.android.mms/com.android.mms.ui.ComposeMessageActivity} for user 0 :
I/PackageManager( 1566): Adding preferred activity ComponentInfo{com.android.mms/com.android.mms.ui.ComposeMessageActivity} for user 0 :
W/ActivityManager( 1566): Unbind failed: could not find connection for android.os.BinderProxy@9d394470
W/ActivityManager( 1566): No content provider found for permission revoke: file:///sdcard/ripper.apk
W/ActivityManager( 1566): No content provider found for permission revoke: file:///sdcard/ripper.apk
I/PackageManager( 1566): Copying native libraries to /data/app-lib/vmdl173291753
I/PackageParser( 1566): it.unina.android.ripper: compat added android.permission.WRITE_EXTERNAL_STORAGE android.permission.READ_PHONE_STATE
I/ActivityManager( 1566): Force stopping it.unina.android.ripper appid=10064 user=-1: update pkg
I/PackageManager( 1566): Adding preferred activity ComponentInfo{com.android.mms/com.android.mms.ui.ComposeMessageActivity} for user 0 :
I/PackageManager( 1566): Adding preferred activity ComponentInfo{com.android.mms/com.android.mms.ui.ComposeMessageActivity} for user 0 :
D/BackupManagerService( 1566): Received broadcast Intent { act=android.intent.action.PACKAGE_ADDED dat=package:it.unina.android.ripper flg=0x4000010 (has extras) }
V/BackupManagerService( 1566): addPackageParticipantsLocked: #1
I/PackageManager( 1566): Adding preferred activity ComponentInfo{com.android.mms/com.android.mms.ui.ComposeMessageActivity} for user 0 :
I/PackageManager( 1566): Adding preferred activity ComponentInfo{com.android.mms/com.android.mms.ui.ComposeMessageActivity} for user 0 :
I/PackageManager( 1566): Adding preferred activity ComponentInfo{com.android.mms/com.android.mms.ui.ComposeMessageActivity} for user 0 :
I/PackageManager( 1566): Adding preferred activity ComponentInfo{com.android.mms/com.android.mms.ui.ComposeMessageActivity} for user 0 :
I/PackageManager( 1566): Adding preferred activity ComponentInfo{com.android.mms/com.android.mms.ui.ComposeMessageActivity} for user 0 :
I/PackageManager( 1566): Adding preferred activity ComponentInfo{com.android.mms/com.android.mms.ui.ComposeMessageActivity} for user 0 :
I/ActivityManager( 1566): Force stopping me.ccrama.redditslide appid=10063 user=0: start instr
I/ActivityManager( 1566): Start proc me.ccrama.redditslide for added application me.ccrama.redditslide: pid=3578 uid=10063 gids={50063, 3003, 1028, 1015}
I/ActivityManager( 1566): START u0 {act=android.intent.action.MAIN flg=0x10000000 cmp=me.ccrama.redditslide/.Activities.Slide} from pid 3578
I/ActivityManager( 1566): START u0 {cmp=me.ccrama.redditslide/.Activities.MainActivity} from pid 3578
I/ActivityManager( 1566): START u0 {cmp=me.ccrama.redditslide/.Activities.Tutorial} from pid 3578
W/InputMethodManagerService( 1566): Got RemoteException sending setActive(false) notification to pid 3114 uid 10061
I/ActivityManager( 1566): START u0 {flg=0x10000000 cmp=me.ccrama.redditslide/com.jakewharton.processphoenix.ProcessPhoenix (has extras)} from pid 3578
I/ActivityManager( 1566): Process me.ccrama.redditslide (pid 3578) has died.
I/WindowState( 1566): WIN DEATH: Window{9d763560 u0 me.ccrama.redditslide/me.ccrama.redditslide.Activities.MainActivity}
W/ActivityManager( 1566): Crash of app me.ccrama.redditslide running instrumentation ComponentInfo{it.unina.android.ripper/android.test.InstrumentationTestRunner}
I/WindowState( 1566): WIN DEATH: Window{9d450b38 u0 me.ccrama.redditslide/me.ccrama.redditslide.Activities.Tutorial}
I/WindowState( 1566): WIN DEATH: Window{9d446000 u0 me.ccrama.redditslide/me.ccrama.redditslide.Activities.MainActivity}
I/WindowState( 1566): WIN DEATH: Window{9d4b4540 u0 me.ccrama.redditslide/me.ccrama.redditslide.Activities.MainActivity}
I/WindowState( 1566): WIN DEATH: Window{9d4c4838 u0 me.ccrama.redditslide/me.ccrama.redditslide.Activities.Tutorial}
I/ActivityManager( 1566): Force stopping me.ccrama.redditslide appid=10063 user=0: finished inst
I/ActivityManager( 1566):   Force finishing activity ActivityRecord{9d50f260 u0 me.ccrama.redditslide/.Activities.MainActivity t4}
I/ActivityManager( 1566): Start proc me.ccrama.redditslide:phoenix for activity me.ccrama.redditslide/com.jakewharton.processphoenix.ProcessPhoenix: pid=3651 uid=10063 gids={50063, 3003, 1028, 1015}
I/ActivityManager( 1566):   Force finishing activity ActivityRecord{9d5ac240 u0 me.ccrama.redditslide/com.jakewharton.processphoenix.ProcessPhoenix t4}
I/ActivityManager( 1566): Force stopping me.ccrama.redditslide appid=10063 user=0: clear data
I/ActivityManager( 1566): Killing 3651:me.ccrama.redditslide:phoenix/u0a63 (adj 9): stop me.ccrama.redditslide
I/ActivityManager( 1566): Force stopping me.ccrama.redditslide appid=10063 user=-1: uninstall pkg
W/PackageManager( 1566): Couldn't delete native library directory /data/app-lib/me.ccrama.redditslide
I/ActivityManager( 1566): Force stopping me.ccrama.redditslide appid=10063 user=0: pkg removed
I/PackageManager( 1566): Adding preferred activity ComponentInfo{com.android.mms/com.android.mms.ui.ComposeMessageActivity} for user 0 :
I/PackageManager( 1566): Adding preferred activity ComponentInfo{com.android.mms/com.android.mms.ui.ComposeMessageActivity} for user 0 :
I/PackageManager( 1566): Adding preferred activity ComponentInfo{com.android.mms/com.android.mms.ui.ComposeMessageActivity} for user 0 :
D/BackupManagerService( 1566): Received broadcast Intent { act=android.intent.action.PACKAGE_REMOVED dat=package:me.ccrama.redditslide flg=0x4000010 (has extras) }
V/BackupManagerService( 1566): removePackageParticipantsLocked: uid=10063 #1
I/PackageManager( 1566): Adding preferred activity ComponentInfo{com.android.mms/com.android.mms.ui.ComposeMessageActivity} for user 0 :
I/PackageManager( 1566): Adding preferred activity ComponentInfo{com.android.mms/com.android.mms.ui.ComposeMessageActivity} for user 0 :
I/PackageManager( 1566): Adding preferred activity ComponentInfo{com.android.mms/com.android.mms.ui.ComposeMessageActivity} for user 0 :
I/PackageManager( 1566): Adding preferred activity ComponentInfo{com.android.mms/com.android.mms.ui.ComposeMessageActivity} for user 0 :
I/PackageManager( 1566): Adding preferred activity ComponentInfo{com.android.mms/com.android.mms.ui.ComposeMessageActivity} for user 0 :
W/ContextImpl( 2593): Calling a method in the system process without a qualified user: android.app.ContextImpl.startService:1479 android.content.ContextWrapper.startService:494 android.content.ContextWrapper.startService:494 com.android.keychain.KeyChainBroadcastReceiver.onReceive:12 android.app.ActivityThread.handleReceiver:2419 
I/ActivityManager( 1566): Force stopping it.unina.android.ripper appid=10064 user=0: clear data
I/ActivityManager( 1566): Force stopping it.unina.android.ripper appid=10064 user=-1: uninstall pkg
W/PackageManager( 1566): Couldn't delete native library directory /data/app-lib/it.unina.android.ripper
I/ActivityManager( 1566): Force stopping it.unina.android.ripper appid=10064 user=0: pkg removed
I/PackageManager( 1566): Adding preferred activity ComponentInfo{com.android.mms/com.android.mms.ui.ComposeMessageActivity} for user 0 :
I/PackageManager( 1566): Adding preferred activity ComponentInfo{com.android.mms/com.android.mms.ui.ComposeMessageActivity} for user 0 :
I/PackageManager( 1566): Adding preferred activity ComponentInfo{com.android.mms/com.android.mms.ui.ComposeMessageActivity} for user 0 :
I/PackageManager( 1566): Adding preferred activity ComponentInfo{com.android.mms/com.android.mms.ui.ComposeMessageActivity} for user 0 :
D/BackupManagerService( 1566): Received broadcast Intent { act=android.intent.action.PACKAGE_REMOVED dat=package:it.unina.android.ripper flg=0x4000010 (has extras) }
V/BackupManagerService( 1566): removePackageParticipantsLocked: uid=10064 #1
I/PackageManager( 1566): Adding preferred activity ComponentInfo{com.android.mms/com.android.mms.ui.ComposeMessageActivity} for user 0 :
I/PackageManager( 1566): Adding preferred activity ComponentInfo{com.android.mms/com.android.mms.ui.ComposeMessageActivity} for user 0 :
I/PackageManager( 1566): Adding preferred activity ComponentInfo{com.android.mms/com.android.mms.ui.ComposeMessageActivity} for user 0 :
W/ContextImpl( 2593): Calling a method in the system process without a qualified user: android.app.ContextImpl.startService:1479 android.content.ContextWrapper.startService:494 android.content.ContextWrapper.startService:494 com.android.keychain.KeyChainBroadcastReceiver.onReceive:12 android.app.ActivityThread.handleReceiver:2419 
I/PackageManager( 1566): Adding preferred activity ComponentInfo{com.android.mms/com.android.mms.ui.ComposeMessageActivity} for user 0 :
W/ActivityManager( 1566): No content provider found for permission revoke: file:///sdcard/aut.apk
W/ActivityManager( 1566): No content provider found for permission revoke: file:///sdcard/aut.apk
I/PackageManager( 1566): Copying native libraries to /data/app-lib/vmdl-1935867088
W/PackageParser( 1566): Unknown element under <manifest>: queries at /data/app/vmdl-1935867088.tmp Binary XML file line #18
W/PackageManager( 1566): Package me.ccrama.redditslide desires unavailable shared library com.sec.android.app.multiwindow; ignoring!
I/ActivityManager( 1566): Force stopping me.ccrama.redditslide appid=10065 user=-1: update pkg
W/PackageManager( 1566): Unknown permission com.android.vending.BILLING in package me.ccrama.redditslide
I/PackageManager( 1566): Adding preferred activity ComponentInfo{com.android.mms/com.android.mms.ui.ComposeMessageActivity} for user 0 :
D/BackupManagerService( 1566): Received broadcast Intent { act=android.intent.action.PACKAGE_ADDED dat=package:me.ccrama.redditslide flg=0x4000010 (has extras) }
V/BackupManagerService( 1566): addPackageParticipantsLocked: #1
I/PackageManager( 1566): Adding preferred activity ComponentInfo{com.android.mms/com.android.mms.ui.ComposeMessageActivity} for user 0 :
I/PackageManager( 1566): Adding preferred activity ComponentInfo{com.android.mms/com.android.mms.ui.ComposeMessageActivity} for user 0 :
I/PackageManager( 1566): Adding preferred activity ComponentInfo{com.android.mms/com.android.mms.ui.ComposeMessageActivity} for user 0 :
I/PackageManager( 1566): Adding preferred activity ComponentInfo{com.android.mms/com.android.mms.ui.ComposeMessageActivity} for user 0 :
W/ActivityManager( 1566): Unable to start service Intent { act=com.google.android.gms.auth.key.retrieval.service.START pkg=com.google.android.gms } U=0: not found
W/ActivityManager( 1566): Unbind failed: could not find connection for android.os.BinderProxy@9d7bc068
I/PackageManager( 1566): Adding preferred activity ComponentInfo{com.android.mms/com.android.mms.ui.ComposeMessageActivity} for user 0 :
I/PackageManager( 1566): Adding preferred activity ComponentInfo{com.android.mms/com.android.mms.ui.ComposeMessageActivity} for user 0 :
I/PackageManager( 1566): Adding preferred activity ComponentInfo{com.android.mms/com.android.mms.ui.ComposeMessageActivity} for user 0 :
W/ActivityManager( 1566): No content provider found for permission revoke: file:///sdcard/ripper.apk
W/ActivityManager( 1566): No content provider found for permission revoke: file:///sdcard/ripper.apk
I/PackageManager( 1566): Copying native libraries to /data/app-lib/vmdl442795924
I/PackageParser( 1566): it.unina.android.ripper: compat added android.permission.WRITE_EXTERNAL_STORAGE android.permission.READ_PHONE_STATE
I/ActivityManager( 1566): Force stopping it.unina.android.ripper appid=10066 user=-1: update pkg
I/PackageManager( 1566): Adding preferred activity ComponentInfo{com.android.mms/com.android.mms.ui.ComposeMessageActivity} for user 0 :
I/PackageManager( 1566): Adding preferred activity ComponentInfo{com.android.mms/com.android.mms.ui.ComposeMessageActivity} for user 0 :
D/BackupManagerService( 1566): Received broadcast Intent { act=android.intent.action.PACKAGE_ADDED dat=package:it.unina.android.ripper flg=0x4000010 (has extras) }
V/BackupManagerService( 1566): addPackageParticipantsLocked: #1
I/PackageManager( 1566): Adding preferred activity ComponentInfo{com.android.mms/com.android.mms.ui.ComposeMessageActivity} for user 0 :
I/PackageManager( 1566): Adding preferred activity ComponentInfo{com.android.mms/com.android.mms.ui.ComposeMessageActivity} for user 0 :
I/PackageManager( 1566): Adding preferred activity ComponentInfo{com.android.mms/com.android.mms.ui.ComposeMessageActivity} for user 0 :
I/PackageManager( 1566): Adding preferred activity ComponentInfo{com.android.mms/com.android.mms.ui.ComposeMessageActivity} for user 0 :
I/PackageManager( 1566): Adding preferred activity ComponentInfo{com.android.mms/com.android.mms.ui.ComposeMessageActivity} for user 0 :
I/PackageManager( 1566): Adding preferred activity ComponentInfo{com.android.mms/com.android.mms.ui.ComposeMessageActivity} for user 0 :
I/ActivityManager( 1566): Force stopping me.ccrama.redditslide appid=10065 user=0: start instr
I/ActivityManager( 1566): Start proc me.ccrama.redditslide for added application me.ccrama.redditslide: pid=3839 uid=10065 gids={50065, 3003, 1028, 1015}
W/ActivityManager( 1566): Unable to start service Intent { act=com.google.android.gms.drive.ApiService.RESET_AFTER_BOOT flg=0x4 cmp=com.google.android.gms/.drive.api.ApiService (has extras) } U=0: not found
I/ActivityManager( 1566): Start proc com.google.android.gms.unstable for service com.google.android.gms/.droidguard.DroidGuardService: pid=3855 uid=10007 gids={50007, 3003, 1007, 1028, 1015, 3002, 3001, 3007, 2001, 3006}
I/ActivityManager( 1566): START u0 {act=android.intent.action.MAIN flg=0x10000000 cmp=me.ccrama.redditslide/.Activities.Slide} from pid 3839
I/ActivityManager( 1566): START u0 {cmp=me.ccrama.redditslide/.Activities.MainActivity} from pid 3839
I/ActivityManager( 1566): START u0 {cmp=me.ccrama.redditslide/.Activities.Tutorial} from pid 3839
W/InputMethodManagerService( 1566): Got RemoteException sending setActive(false) notification to pid 3578 uid 10063
W/InputMethodManagerService( 1566): Window already focused, ignoring focus gain of: com.android.internal.view.IInputMethodClient$Stub$Proxy@9d411560 attribute=android.view.inputmethod.EditorInfo@9d4fb080, token = android.os.BinderProxy@9d4ebad8
W/InputMethodManagerService( 1566): Window already focused, ignoring focus gain of: com.android.internal.view.IInputMethodClient$Stub$Proxy@9d7906b8 attribute=null, token = android.os.BinderProxy@9d4ebad8
W/InputManager( 1566): Input event injection from pid 3839 failed.
W/InputManager( 1566): Input event injection from pid 3839 failed.
I/ActivityManager( 1566): START u0 {flg=0x10000 cmp=me.ccrama.redditslide/.Activities.Tutorial (has extras)} from pid 3839
W/InputMethodManagerService( 1566): Window already focused, ignoring focus gain of: com.android.internal.view.IInputMethodClient$Stub$Proxy@9d50bcd8 attribute=null, token = android.os.BinderProxy@9d6076a8
I/ActivityManager( 1566): START u0 {flg=0x10000000 cmp=me.ccrama.redditslide/com.jakewharton.processphoenix.ProcessPhoenix (has extras)} from pid 3839
I/ActivityManager( 1566): Process me.ccrama.redditslide (pid 3839) has died.
I/WindowState( 1566): WIN DEATH: Window{9d476380 u0 me.ccrama.redditslide/me.ccrama.redditslide.Activities.MainActivity}
W/ActivityManager( 1566): Crash of app me.ccrama.redditslide running instrumentation ComponentInfo{it.unina.android.ripper/android.test.InstrumentationTestRunner}
I/WindowState( 1566): WIN DEATH: Window{9d4c9ed8 u0 me.ccrama.redditslide/me.ccrama.redditslide.Activities.MainActivity}
I/WindowState( 1566): WIN DEATH: Window{9d50aee8 u0 me.ccrama.redditslide/me.ccrama.redditslide.Activities.MainActivity}
I/WindowState( 1566): WIN DEATH: Window{9d550030 u0 me.ccrama.redditslide/me.ccrama.redditslide.Activities.Tutorial}
I/WindowState( 1566): WIN DEATH: Window{9d607908 u0 me.ccrama.redditslide/me.ccrama.redditslide.Activities.Tutorial}
I/ActivityManager( 1566): Force stopping me.ccrama.redditslide appid=10065 user=0: finished inst
I/ActivityManager( 1566):   Force finishing activity ActivityRecord{9d48d750 u0 me.ccrama.redditslide/.Activities.MainActivity t5}
I/ActivityManager( 1566): Start proc me.ccrama.redditslide:phoenix for activity me.ccrama.redditslide/com.jakewharton.processphoenix.ProcessPhoenix: pid=4208 uid=10065 gids={50065, 3003, 1028, 1015}
I/ActivityManager( 1566):   Force finishing activity ActivityRecord{9d406020 u0 me.ccrama.redditslide/com.jakewharton.processphoenix.ProcessPhoenix t5}
I/ActivityManager( 1566): Killing 2259:com.android.email/u0a26 (adj 15): empty #17
I/ActivityManager( 1566): Force stopping me.ccrama.redditslide appid=10065 user=0: clear data
I/ActivityManager( 1566): Killing 4208:me.ccrama.redditslide:phoenix/u0a65 (adj 9): stop me.ccrama.redditslide
I/ActivityManager( 1566): Force stopping me.ccrama.redditslide appid=10065 user=-1: uninstall pkg
W/PackageManager( 1566): Couldn't delete native library directory /data/app-lib/me.ccrama.redditslide
I/ActivityManager( 1566): Force stopping me.ccrama.redditslide appid=10065 user=0: pkg removed
I/PackageManager( 1566): Adding preferred activity ComponentInfo{com.android.mms/com.android.mms.ui.ComposeMessageActivity} for user 0 :
I/PackageManager( 1566): Adding preferred activity ComponentInfo{com.android.mms/com.android.mms.ui.ComposeMessageActivity} for user 0 :
D/BackupManagerService( 1566): Received broadcast Intent { act=android.intent.action.PACKAGE_REMOVED dat=package:me.ccrama.redditslide flg=0x4000010 (has extras) }
V/BackupManagerService( 1566): removePackageParticipantsLocked: uid=10065 #1
I/PackageManager( 1566): Adding preferred activity ComponentInfo{com.android.mms/com.android.mms.ui.ComposeMessageActivity} for user 0 :
I/PackageManager( 1566): Adding preferred activity ComponentInfo{com.android.mms/com.android.mms.ui.ComposeMessageActivity} for user 0 :
I/PackageManager( 1566): Adding preferred activity ComponentInfo{com.android.mms/com.android.mms.ui.ComposeMessageActivity} for user 0 :
