E/AndroidRuntime( 6867): Process: nl.viter.glider, PID: 6867
E/AndroidRuntime( 6867): java.lang.IllegalAccessError: Class ref in pre-verified class resolved to unexpected implementation
E/AndroidRuntime( 6867): 	at androidx.lifecycle.g.<init>()
E/AndroidRuntime( 6867): 	at io.flutter.embedding.android.e.<init>()
E/AndroidRuntime( 6867): 	at nl.viter.glider.MainActivity.<init>()
E/AndroidRuntime( 6867): 	at java.lang.Class.newInstanceImpl(Native Method)
E/AndroidRuntime( 6867): 	at java.lang.Class.newInstance(Class.java:1208)
E/AndroidRuntime( 6867): 	at android.app.Instrumentation.newActivity(Instrumentation.java:1061)
E/AndroidRuntime( 6867): 	at android.app.ActivityThread.performLaunchActivity(ActivityThread.java:2112)
E/AndroidRuntime( 6867): 	at android.app.ActivityThread.handleLaunchActivity(ActivityThread.java:2245)
E/AndroidRuntime( 6867): 	at android.app.ActivityThread.access$800(ActivityThread.java:135)
E/AndroidRuntime( 6867): 	at android.app.ActivityThread$H.handleMessage(ActivityThread.java:1196)
E/AndroidRuntime( 6867): 	at android.os.Handler.dispatchMessage(Handler.java:102)
E/AndroidRuntime( 6867): 	at android.os.Looper.loop(Looper.java:136)
E/AndroidRuntime( 6867): 	at android.app.ActivityThread.main(ActivityThread.java:5017)
E/AndroidRuntime( 6867): 	at java.lang.reflect.Method.invokeNative(Native Method)
E/AndroidRuntime( 6867): 	at java.lang.reflect.Method.invoke(Method.java:515)
E/AndroidRuntime( 6867): 	at com.android.internal.os.ZygoteInit$MethodAndArgsCaller.run(ZygoteInit.java:779)
E/AndroidRuntime( 6867): 	at com.android.internal.os.ZygoteInit.main(ZygoteInit.java:595)
E/AndroidRuntime( 6867): 	at dalvik.system.NativeStart.main(Native Method)
W/ActivityManager( 1566): Error in app nl.viter.glider running instrumentation ComponentInfo{it.unina.android.ripper/android.test.InstrumentationTestRunner}:
W/ActivityManager( 1566):   java.lang.IllegalAccessError
W/ActivityManager( 1566):   java.lang.IllegalAccessError: Class ref in pre-verified class resolved to unexpected implementation
I/ActivityManager( 1566): Force stopping nl.viter.glider appid=10083 user=0: finished inst
I/ActivityManager( 1566): Killing 6867:nl.viter.glider/u0a83 (adj 0): stop nl.viter.glider
I/ActivityManager( 1566):   Force finishing activity ActivityRecord{9d6a2728 u0 nl.viter.glider/.MainActivity t13}
W/InputMethodManagerService( 1566): Window already focused, ignoring focus gain of: com.android.internal.view.IInputMethodClient$Stub$Proxy@9d479f40 attribute=null, token = android.os.BinderProxy@9d39be10
D/ConnectivityService( 1566): Sampling interval elapsed, updating statistics ..
D/ConnectivityService( 1566): Done.
D/ConnectivityService( 1566): Setting timer for 720seconds
I/ActivityManager( 1566): Force stopping it.unina.android.ripper appid=10084 user=0: clear data
I/ActivityManager( 1566): Force stopping it.unina.android.ripper appid=10084 user=-1: uninstall pkg
W/PackageManager( 1566): Couldn't delete native library directory /data/app-lib/it.unina.android.ripper
I/ActivityManager( 1566): Force stopping it.unina.android.ripper appid=10084 user=0: pkg removed
I/PackageManager( 1566): Adding preferred activity ComponentInfo{com.android.mms/com.android.mms.ui.ComposeMessageActivity} for user 0 :
I/ActivityManager( 1566): Delay finish: com.google.android.gms/.games.chimera.GamesSystemBroadcastReceiverProxy
I/PackageManager( 1566): Adding preferred activity ComponentInfo{com.android.mms/com.android.mms.ui.ComposeMessageActivity} for user 0 :
I/PackageManager( 1566): Adding preferred activity ComponentInfo{com.android.mms/com.android.mms.ui.ComposeMessageActivity} for user 0 :
D/BackupManagerService( 1566): Received broadcast Intent { act=android.intent.action.PACKAGE_REMOVED dat=package:it.unina.android.ripper flg=0x4000010 (has extras) }
V/BackupManagerService( 1566): removePackageParticipantsLocked: uid=10084 #1
I/PackageManager( 1566): Adding preferred activity ComponentInfo{com.android.mms/com.android.mms.ui.ComposeMessageActivity} for user 0 :
I/PackageManager( 1566): Adding preferred activity ComponentInfo{com.android.mms/com.android.mms.ui.ComposeMessageActivity} for user 0 :
I/ActivityManager( 1566): Resuming delayed broadcast
I/PackageManager( 1566): Adding preferred activity ComponentInfo{com.android.mms/com.android.mms.ui.ComposeMessageActivity} for user 0 :
I/ActivityManager( 1566): Delay finish: com.google.android.googlequicksearchbox/com.google.android.searchcommon.summons.icing.InternalIcingCorporaProvider$CorporaChangedReceiver
I/PackageManager( 1566): Adding preferred activity ComponentInfo{com.android.mms/com.android.mms.ui.ComposeMessageActivity} for user 0 :
I/PackageManager( 1566): Adding preferred activity ComponentInfo{com.android.mms/com.android.mms.ui.ComposeMessageActivity} for user 0 :
I/ActivityManager( 1566): Force stopping it.unina.android.ripper_service appid=10082 user=0: clear data
I/ActivityManager( 1566): Killing 6781:it.unina.android.ripper_service:android_ripper_service_process/u0a82 (adj 8): stop it.unina.android.ripper_service
I/ActivityManager( 1566):   Force stopping service ServiceRecord{9d4ff4b0 u0 it.unina.android.ripper_service/.AndroidRipperService}
I/ActivityManager( 1566): Resuming delayed broadcast
W/ContextImpl( 2593): Calling a method in the system process without a qualified user: android.app.ContextImpl.startService:1479 android.content.ContextWrapper.startService:494 android.content.ContextWrapper.startService:494 com.android.keychain.KeyChainBroadcastReceiver.onReceive:12 android.app.ActivityThread.handleReceiver:2419 
I/ActivityManager( 1566): Delay finish: com.android.keychain/.KeyChainBroadcastReceiver
I/ActivityManager( 1566): Resuming delayed broadcast
I/ActivityManager( 1566): Force stopping it.unina.android.ripper_service appid=10082 user=-1: uninstall pkg
W/PackageManager( 1566): Couldn't delete native library directory /data/app-lib/it.unina.android.ripper_service
I/ActivityManager( 1566): Force stopping it.unina.android.ripper_service appid=10082 user=0: pkg removed
I/PackageManager( 1566): Adding preferred activity ComponentInfo{com.android.mms/com.android.mms.ui.ComposeMessageActivity} for user 0 :
I/PackageManager( 1566): Adding preferred activity ComponentInfo{com.android.mms/com.android.mms.ui.ComposeMessageActivity} for user 0 :
I/PackageManager( 1566): Adding preferred activity ComponentInfo{com.android.mms/com.android.mms.ui.ComposeMessageActivity} for user 0 :
D/BackupManagerService( 1566): Received broadcast Intent { act=android.intent.action.PACKAGE_REMOVED dat=package:it.unina.android.ripper_service flg=0x4000010 (has extras) }
V/BackupManagerService( 1566): removePackageParticipantsLocked: uid=10082 #1
I/PackageManager( 1566): Adding preferred activity ComponentInfo{com.android.mms/com.android.mms.ui.ComposeMessageActivity} for user 0 :
I/PackageManager( 1566): Adding preferred activity ComponentInfo{com.android.mms/com.android.mms.ui.ComposeMessageActivity} for user 0 :
I/PackageManager( 1566): Adding preferred activity ComponentInfo{com.android.mms/com.android.mms.ui.ComposeMessageActivity} for user 0 :
I/PackageManager( 1566): Adding preferred activity ComponentInfo{com.android.mms/com.android.mms.ui.ComposeMessageActivity} for user 0 :
I/PackageManager( 1566): Adding preferred activity ComponentInfo{com.android.mms/com.android.mms.ui.ComposeMessageActivity} for user 0 :
W/ContextImpl( 2593): Calling a method in the system process without a qualified user: android.app.ContextImpl.startService:1479 android.content.ContextWrapper.startService:494 android.content.ContextWrapper.startService:494 com.android.keychain.KeyChainBroadcastReceiver.onReceive:12 android.app.ActivityThread.handleReceiver:2419 
I/ActivityManager( 1566): Delay finish: com.android.keychain/.KeyChainBroadcastReceiver
I/ActivityManager( 1566): Resuming delayed broadcast
W/ActivityManager( 1566): No content provider found for permission revoke: file:///data/local/tmp/AndroidRipperService.apk
W/ActivityManager( 1566): No content provider found for permission revoke: file:///data/local/tmp/AndroidRipperService.apk
I/PackageManager( 1566): Copying native libraries to /data/app-lib/vmdl1168617257
I/PackageParser( 1566): it.unina.android.ripper_service: compat added android.permission.WRITE_EXTERNAL_STORAGE android.permission.READ_PHONE_STATE
I/ActivityManager( 1566): Force stopping it.unina.android.ripper_service appid=10085 user=-1: update pkg
I/PackageManager( 1566): Adding preferred activity ComponentInfo{com.android.mms/com.android.mms.ui.ComposeMessageActivity} for user 0 :
I/PackageManager( 1566): Adding preferred activity ComponentInfo{com.android.mms/com.android.mms.ui.ComposeMessageActivity} for user 0 :
I/PackageManager( 1566): Adding preferred activity ComponentInfo{com.android.mms/com.android.mms.ui.ComposeMessageActivity} for user 0 :
D/BackupManagerService( 1566): Received broadcast Intent { act=android.intent.action.PACKAGE_ADDED dat=package:it.unina.android.ripper_service flg=0x4000010 (has extras) }
V/BackupManagerService( 1566): addPackageParticipantsLocked: #1
I/PackageManager( 1566): Adding preferred activity ComponentInfo{com.android.mms/com.android.mms.ui.ComposeMessageActivity} for user 0 :
I/PackageManager( 1566): Adding preferred activity ComponentInfo{com.android.mms/com.android.mms.ui.ComposeMessageActivity} for user 0 :
W/ActivityManager( 1566): Unable to start service Intent { act=com.google.android.gms.auth.key.retrieval.service.START pkg=com.google.android.gms } U=0: not found
W/ActivityManager( 1566): Unbind failed: could not find connection for android.os.BinderProxy@9d447ef0
I/PackageManager( 1566): Adding preferred activity ComponentInfo{com.android.mms/com.android.mms.ui.ComposeMessageActivity} for user 0 :
I/PackageManager( 1566): Adding preferred activity ComponentInfo{com.android.mms/com.android.mms.ui.ComposeMessageActivity} for user 0 :
I/PackageManager( 1566): Adding preferred activity ComponentInfo{com.android.mms/com.android.mms.ui.ComposeMessageActivity} for user 0 :
I/ActivityManager( 1566): Start proc it.unina.android.ripper_service:android_ripper_service_process for service it.unina.android.ripper_service/.AndroidRipperService: pid=7702 uid=10085 gids={50085, 3003, 1028, 1015}
W/ActivityManager( 1566): No content provider found for permission revoke: file:///sdcard/aut.apk
W/ActivityManager( 1566): No content provider found for permission revoke: file:///sdcard/aut.apk
I/PackageManager( 1566): Copying native libraries to /data/app-lib/vmdl-1995596941
I/ActivityManager( 1566): Force stopping org.hlwd.bible_multi_the_life appid=10086 user=-1: update pkg
I/PackageManager( 1566): Adding preferred activity ComponentInfo{com.android.mms/com.android.mms.ui.ComposeMessageActivity} for user 0 :
I/PackageManager( 1566): Adding preferred activity ComponentInfo{com.android.mms/com.android.mms.ui.ComposeMessageActivity} for user 0 :
I/PackageManager( 1566): Adding preferred activity ComponentInfo{com.android.mms/com.android.mms.ui.ComposeMessageActivity} for user 0 :
D/BackupManagerService( 1566): Received broadcast Intent { act=android.intent.action.PACKAGE_ADDED dat=package:org.hlwd.bible_multi_the_life flg=0x4000010 (has extras) }
V/BackupManagerService( 1566): addPackageParticipantsLocked: #1
I/PackageManager( 1566): Adding preferred activity ComponentInfo{com.android.mms/com.android.mms.ui.ComposeMessageActivity} for user 0 :
I/PackageManager( 1566): Adding preferred activity ComponentInfo{com.android.mms/com.android.mms.ui.ComposeMessageActivity} for user 0 :
I/PackageManager( 1566): Adding preferred activity ComponentInfo{com.android.mms/com.android.mms.ui.ComposeMessageActivity} for user 0 :
I/PackageManager( 1566): Adding preferred activity ComponentInfo{com.android.mms/com.android.mms.ui.ComposeMessageActivity} for user 0 :
I/PackageManager( 1566): Adding preferred activity ComponentInfo{com.android.mms/com.android.mms.ui.ComposeMessageActivity} for user 0 :
W/ActivityManager( 1566): No content provider found for permission revoke: file:///sdcard/ripper.apk
W/ActivityManager( 1566): No content provider found for permission revoke: file:///sdcard/ripper.apk
I/PackageManager( 1566): Copying native libraries to /data/app-lib/vmdl267356054
I/PackageParser( 1566): it.unina.android.ripper: compat added android.permission.WRITE_EXTERNAL_STORAGE android.permission.READ_PHONE_STATE
I/ActivityManager( 1566): Force stopping it.unina.android.ripper appid=10087 user=-1: update pkg
I/PackageManager( 1566): Adding preferred activity ComponentInfo{com.android.mms/com.android.mms.ui.ComposeMessageActivity} for user 0 :
I/PackageManager( 1566): Adding preferred activity ComponentInfo{com.android.mms/com.android.mms.ui.ComposeMessageActivity} for user 0 :
I/PackageManager( 1566): Adding preferred activity ComponentInfo{com.android.mms/com.android.mms.ui.ComposeMessageActivity} for user 0 :
D/BackupManagerService( 1566): Received broadcast Intent { act=android.intent.action.PACKAGE_ADDED dat=package:it.unina.android.ripper flg=0x4000010 (has extras) }
V/BackupManagerService( 1566): addPackageParticipantsLocked: #1
I/PackageManager( 1566): Adding preferred activity ComponentInfo{com.android.mms/com.android.mms.ui.ComposeMessageActivity} for user 0 :
I/PackageManager( 1566): Adding preferred activity ComponentInfo{com.android.mms/com.android.mms.ui.ComposeMessageActivity} for user 0 :
I/PackageManager( 1566): Adding preferred activity ComponentInfo{com.android.mms/com.android.mms.ui.ComposeMessageActivity} for user 0 :
I/PackageManager( 1566): Adding preferred activity ComponentInfo{com.android.mms/com.android.mms.ui.ComposeMessageActivity} for user 0 :
I/PackageManager( 1566): Adding preferred activity ComponentInfo{com.android.mms/com.android.mms.ui.ComposeMessageActivity} for user 0 :
I/ActivityManager( 1566): Force stopping org.hlwd.bible_multi_the_life appid=10086 user=0: start instr
I/ActivityManager( 1566): Start proc org.hlwd.bible_multi_the_life for added application org.hlwd.bible_multi_the_life: pid=7791 uid=10086 gids={50086}
E/AndroidRuntime( 7791): FATAL EXCEPTION: main
E/AndroidRuntime( 7791): Process: org.hlwd.bible_multi_the_life, PID: 7791
E/AndroidRuntime( 7791): java.lang.UnsatisfiedLinkError: Couldn't load flutter from loader dalvik.system.PathClassLoader[DexPathList[[zip file "/system/framework/android.test.runner.jar", zip file "/data/app/it.unina.android.ripper-1.apk", zip file "/data/app/org.hlwd.bible_multi_the_life-1.apk"],nativeLibraryDirectories=[/data/app-lib/it.unina.android.ripper-1, /data/app-lib/org.hlwd.bible_multi_the_life-1, /vendor/lib, /system/lib]]]: findLibrary returned null
E/AndroidRuntime( 7791): 	at java.lang.Runtime.loadLibrary(Runtime.java:358)
E/AndroidRuntime( 7791): 	at java.lang.System.loadLibrary(System.java:526)
E/AndroidRuntime( 7791): 	at io.flutter.embedding.engine.f.a.a()
E/AndroidRuntime( 7791): 	at io.flutter.embedding.engine.f.a.a()
E/AndroidRuntime( 7791): 	at io.flutter.view.d.a()
E/AndroidRuntime( 7791): 	at io.flutter.app.FlutterApplication.onCreate()
E/AndroidRuntime( 7791): 	at android.app.Instrumentation.callApplicationOnCreate(Instrumentation.java:1007)
E/AndroidRuntime( 7791): 	at android.app.ActivityThread.handleBindApplication(ActivityThread.java:4344)
E/AndroidRuntime( 7791): 	at android.app.ActivityThread.access$1500(ActivityThread.java:135)
E/AndroidRuntime( 7791): 	at android.app.ActivityThread$H.handleMessage(ActivityThread.java:1256)
E/AndroidRuntime( 7791): 	at android.os.Handler.dispatchMessage(Handler.java:102)
E/AndroidRuntime( 7791): 	at android.os.Looper.loop(Looper.java:136)
E/AndroidRuntime( 7791): 	at android.app.ActivityThread.main(ActivityThread.java:5017)
E/AndroidRuntime( 7791): 	at java.lang.reflect.Method.invokeNative(Native Method)
E/AndroidRuntime( 7791): 	at java.lang.reflect.Method.invoke(Method.java:515)
E/AndroidRuntime( 7791): 	at com.android.internal.os.ZygoteInit$MethodAndArgsCaller.run(ZygoteInit.java:779)
E/AndroidRuntime( 7791): 	at com.android.internal.os.ZygoteInit.main(ZygoteInit.java:595)
E/AndroidRuntime( 7791): 	at dalvik.system.NativeStart.main(Native Method)
W/ActivityManager( 1566): Error in app org.hlwd.bible_multi_the_life running instrumentation ComponentInfo{it.unina.android.ripper/android.test.InstrumentationTestRunner}:
W/ActivityManager( 1566):   java.lang.UnsatisfiedLinkError
W/ActivityManager( 1566):   java.lang.UnsatisfiedLinkError: Couldn't load flutter from loader dalvik.system.PathClassLoader[DexPathList[[zip file "/system/framework/android.test.runner.jar", zip file "/data/app/it.unina.android.ripper-1.apk", zip file "/data/app/org.hlwd.bible_multi_the_life-1.apk"],nativeLibraryDirectories=[/data/app-lib/it.unina.android.ripper-1, /data/app-lib/org.hlwd.bible_multi_the_life-1, /vendor/lib, /system/lib]]]: findLibrary returned null
I/ActivityManager( 1566): Force stopping org.hlwd.bible_multi_the_life appid=10086 user=0: finished inst
I/ActivityManager( 1566): Killing 7791:org.hlwd.bible_multi_the_life/u0a86 (adj 0): stop org.hlwd.bible_multi_the_life
W/ActivityManager( 1566): Unable to find app for caller android.app.ApplicationThreadProxy@9d778f20 (pid=-1) when starting: Intent { act=android.intent.action.MAIN flg=0x10000000 cmp=org.hlwd.bible_multi_the_life/.MainActivity }
I/ActivityManager( 1566): Waited long enough for: ServiceRecord{9d549678 u0 com.google.android.gms/.chimera.GmsIntentOperationService}
I/ActivityManager( 1566): Force stopping it.unina.android.ripper appid=10087 user=0: clear data
I/ActivityManager( 1566): Force stopping it.unina.android.ripper appid=10087 user=-1: uninstall pkg
W/PackageManager( 1566): Couldn't delete native library directory /data/app-lib/it.unina.android.ripper
I/ActivityManager( 1566): Force stopping it.unina.android.ripper appid=10087 user=0: pkg removed
I/PackageManager( 1566): Adding preferred activity ComponentInfo{com.android.mms/com.android.mms.ui.ComposeMessageActivity} for user 0 :
I/PackageManager( 1566): Adding preferred activity ComponentInfo{com.android.mms/com.android.mms.ui.ComposeMessageActivity} for user 0 :
D/BackupManagerService( 1566): Received broadcast Intent { act=android.intent.action.PACKAGE_REMOVED dat=package:it.unina.android.ripper flg=0x4000010 (has extras) }
V/BackupManagerService( 1566): removePackageParticipantsLocked: uid=10087 #1
I/PackageManager( 1566): Adding preferred activity ComponentInfo{com.android.mms/com.android.mms.ui.ComposeMessageActivity} for user 0 :
I/PackageManager( 1566): Adding preferred activity ComponentInfo{com.android.mms/com.android.mms.ui.ComposeMessageActivity} for user 0 :
I/PackageManager( 1566): Adding preferred activity ComponentInfo{com.android.mms/com.android.mms.ui.ComposeMessageActivity} for user 0 :
W/ContextImpl( 2593): Calling a method in the system process without a qualified user: android.app.ContextImpl.startService:1479 android.content.ContextWrapper.startService:494 android.content.ContextWrapper.startService:494 com.android.keychain.KeyChainBroadcastReceiver.onReceive:12 android.app.ActivityThread.handleReceiver:2419 
I/PackageManager( 1566): Adding preferred activity ComponentInfo{com.android.mms/com.android.mms.ui.ComposeMessageActivity} for user 0 :
I/PackageManager( 1566): Adding preferred activity ComponentInfo{com.android.mms/com.android.mms.ui.ComposeMessageActivity} for user 0 :
I/PackageManager( 1566): Adding preferred activity ComponentInfo{com.android.mms/com.android.mms.ui.ComposeMessageActivity} for user 0 :
I/ActivityManager( 1566): Force stopping it.unina.android.ripper_service appid=10085 user=0: clear data
I/ActivityManager( 1566): Killing 7702:it.unina.android.ripper_service:android_ripper_service_process/u0a85 (adj 5): stop it.unina.android.ripper_service
I/ActivityManager( 1566):   Force stopping service ServiceRecord{9d4d4f80 u0 it.unina.android.ripper_service/.AndroidRipperService}
I/ActivityManager( 1566): Force stopping it.unina.android.ripper_service appid=10085 user=-1: uninstall pkg
W/PackageManager( 1566): Couldn't delete native library directory /data/app-lib/it.unina.android.ripper_service
I/ActivityManager( 1566): Force stopping it.unina.android.ripper_service appid=10085 user=0: pkg removed
I/PackageManager( 1566): Adding preferred activity ComponentInfo{com.android.mms/com.android.mms.ui.ComposeMessageActivity} for user 0 :
I/PackageManager( 1566): Adding preferred activity ComponentInfo{com.android.mms/com.android.mms.ui.ComposeMessageActivity} for user 0 :
I/PackageManager( 1566): Adding preferred activity ComponentInfo{com.android.mms/com.android.mms.ui.ComposeMessageActivity} for user 0 :
I/PackageManager( 1566): Adding preferred activity ComponentInfo{com.android.mms/com.android.mms.ui.ComposeMessageActivity} for user 0 :
I/PackageManager( 1566): Adding preferred activity ComponentInfo{com.android.mms/com.android.mms.ui.ComposeMessageActivity} for user 0 :
D/BackupManagerService( 1566): Received broadcast Intent { act=android.intent.action.PACKAGE_REMOVED dat=package:it.unina.android.ripper_service flg=0x4000010 (has extras) }
V/BackupManagerService( 1566): removePackageParticipantsLocked: uid=10085 #1
I/PackageManager( 1566): Adding preferred activity ComponentInfo{com.android.mms/com.android.mms.ui.ComposeMessageActivity} for user 0 :
I/PackageManager( 1566): Adding preferred activity ComponentInfo{com.android.mms/com.android.mms.ui.ComposeMessageActivity} for user 0 :
I/PackageManager( 1566): Adding preferred activity ComponentInfo{com.android.mms/com.android.mms.ui.ComposeMessageActivity} for user 0 :
W/ContextImpl( 2593): Calling a method in the system process without a qualified user: android.app.ContextImpl.startService:1479 android.content.ContextWrapper.startService:494 android.content.ContextWrapper.startService:494 com.android.keychain.KeyChainBroadcastReceiver.onReceive:12 android.app.ActivityThread.handleReceiver:2419 
W/ActivityManager( 1566): No content provider found for permission revoke: file:///data/local/tmp/AndroidRipperService.apk
W/ActivityManager( 1566): No content provider found for permission revoke: file:///data/local/tmp/AndroidRipperService.apk
I/PackageManager( 1566): Copying native libraries to /data/app-lib/vmdl-394911471
I/PackageParser( 1566): it.unina.android.ripper_service: compat added android.permission.WRITE_EXTERNAL_STORAGE android.permission.READ_PHONE_STATE
I/ActivityManager( 1566): Force stopping it.unina.android.ripper_service appid=10088 user=-1: update pkg
I/PackageManager( 1566): Adding preferred activity ComponentInfo{com.android.mms/com.android.mms.ui.ComposeMessageActivity} for user 0 :
D/BackupManagerService( 1566): Received broadcast Intent { act=android.intent.action.PACKAGE_ADDED dat=package:it.unina.android.ripper_service flg=0x4000010 (has extras) }
V/BackupManagerService( 1566): addPackageParticipantsLocked: #1
I/PackageManager( 1566): Adding preferred activity ComponentInfo{com.android.mms/com.android.mms.ui.ComposeMessageActivity} for user 0 :
I/PackageManager( 1566): Adding preferred activity ComponentInfo{com.android.mms/com.android.mms.ui.ComposeMessageActivity} for user 0 :
W/ActivityManager( 1566): Unable to start service Intent { act=com.google.android.gms.auth.key.retrieval.service.START pkg=com.google.android.gms } U=0: not found
I/PackageManager( 1566): Adding preferred activity ComponentInfo{com.android.mms/com.android.mms.ui.ComposeMessageActivity} for user 0 :
I/PackageManager( 1566): Adding preferred activity ComponentInfo{com.android.mms/com.android.mms.ui.ComposeMessageActivity} for user 0 :
W/ActivityManager( 1566): Unbind failed: could not find connection for android.os.BinderProxy@9d542da0
I/PackageManager( 1566): Adding preferred activity ComponentInfo{com.android.mms/com.android.mms.ui.ComposeMessageActivity} for user 0 :
I/PackageManager( 1566): Adding preferred activity ComponentInfo{com.android.mms/com.android.mms.ui.ComposeMessageActivity} for user 0 :
I/PackageManager( 1566): Adding preferred activity ComponentInfo{com.android.mms/com.android.mms.ui.ComposeMessageActivity} for user 0 :
I/ActivityManager( 1566): Start proc it.unina.android.ripper_service:android_ripper_service_process for service it.unina.android.ripper_service/.AndroidRipperService: pid=8012 uid=10088 gids={50088, 3003, 1028, 1015}
W/InputMethodManagerService( 1566): Window already focused, ignoring focus gain of: com.android.internal.view.IInputMethodClient$Stub$Proxy@9d7dea20 attribute=null, token = android.os.BinderProxy@9d39be10
W/ActivityManager( 1566): No content provider found for permission revoke: file:///sdcard/aut.apk
W/ActivityManager( 1566): No content provider found for permission revoke: file:///sdcard/aut.apk
I/PackageManager( 1566): Copying native libraries to /data/app-lib/vmdl1850598535
I/ActivityManager( 1566): Force stopping ru.yanus171.feedexfork appid=10089 user=-1: update pkg
W/PackageManager( 1566): Unknown permission com.android.smspush.WAPPUSH_MANAGER_BIND in package com.android.phone
W/PackageManager( 1566): Unknown permission com.android.vending.billing.BILLING_ACCOUNT_SERVICE in package com.google.android.gsf.login
W/PackageManager( 1566): Unknown permission com.android.vending.billing.ADD_CREDIT_CARD in package com.google.android.gsf.login
W/PackageManager( 1566): Unknown permission com.android.vending.billing.IBillingAccountService.BIND2 in package com.google.android.gsf.login
W/PackageManager( 1566): Unknown permission com.android.vending.TOS_ACKED in package com.google.android.gsf.login
W/PackageManager( 1566): Unknown permission com.android.chrome.TOS_ACKED in package com.google.android.gsf.login
W/PackageManager( 1566): Not granting permission android.permission.ACCESS_DOWNLOAD_MANAGER to package com.android.browser (protectionLevel=18 flags=0x89be45)
W/PackageManager( 1566): Not granting permission android.permission.SEND_DOWNLOAD_COMPLETED_INTENTS to package com.android.browser (protectionLevel=2 flags=0x89be45)
W/PackageManager( 1566): Not granting permission android.permission.BIND_APPWIDGET to package com.android.widgetpreview (protectionLevel=18 flags=0x8be44)
W/PackageManager( 1566): Unknown permission android.permission.INSTALL_DRM in package com.android.mms
W/PackageManager( 1566): Unknown permission android.permission.OBSERVE_GRANT_REVOKE_PERMISSIONS in package com.google.android.gms
W/PackageManager( 1566): Unknown permission android.permission.MANAGE_SOUND_TRIGGER in package com.google.android.gms
W/PackageManager( 1566): Unknown permission android.permission.FOREGROUND_SERVICE in package com.google.android.gms
W/PackageManager( 1566): Unknown permission android.permission.START_ACTIVITIES_FROM_BACKGROUND in package com.google.android.gms
W/PackageManager( 1566): Unknown permission android.permission.QUERY_ALL_PACKAGES in package com.google.android.gms
W/PackageManager( 1566): Unknown permission android.permission.REMOTE_DISPLAY_PROVIDER in package com.google.android.gms
W/PackageManager( 1566): Unknown permission android.permission.RECOVERY in package com.google.android.gms
W/PackageManager( 1566): Not granting permission android.permission.READ_DREAM_STATE to package com.google.android.gms (protectionLevel=2 flags=0x40c83e45)
W/PackageManager( 1566): Unknown permission android.permission.PROVIDE_TRUST_AGENT in package com.google.android.gms
W/PackageManager( 1566): Unknown permission android.permission.DISPATCH_PROVISIONING_MESSAGE in package com.google.android.gms
W/PackageManager( 1566): Unknown permission android.permission.RECOVER_KEYSTORE in package com.google.android.gms
W/PackageManager( 1566): Unknown permission android.permission.PRE_FACTORY_RESET in package com.google.android.gms
W/PackageManager( 1566): Unknown permission android.permission.MANAGE_FACTORY_RESET_PROTECTION in package com.google.android.gms
W/PackageManager( 1566): Unknown permission com.google.android.apps.enterprise.dmagent.permission.AutoSyncPermission in package com.google.android.gms
W/PackageManager( 1566): Unknown permission android.permission.CONNECTIVITY_USE_RESTRICTED_NETWORKS in package com.google.android.gms
W/PackageManager( 1566): Unknown permission android.permission.ALLOCATE_AGGRESSIVE in package com.google.android.gms
W/PackageManager( 1566): Unknown permission android.car.permission.CAR_POWER in package com.google.android.gms
W/PackageManager( 1566): Unknown permission android.permission.USE_FINGERPRINT in package com.google.android.gms
W/PackageManager( 1566): Unknown permission android.permission.USE_BIOMETRIC in package com.google.android.gms
W/PackageManager( 1566): Unknown permission android.permission.SEND_SMS_NO_CONFIRMATION in package com.google.android.gms
W/PackageManager( 1566): Unknown permission com.google.android.wearable.WRITE_SETTINGS in package com.google.android.gms
W/PackageManager( 1566): Unknown permission com.felicanetworks.mfc.permission.MFC_ACCESS in package com.google.android.gms
W/PackageManager( 1566): Unknown permission com.felicanetworks.mfc.mfi.permission.MFI_ACCESS in package com.google.android.gms
W/PackageManager( 1566): Unknown permission com.google.android.finsky.permission.INSTANT_APP_STATE in package com.google.android.gms
W/PackageManager( 1566): Unknown permission android.permission.ACCESS_BACKGROUND_LOCATION in package com.google.android.gms
W/PackageManager( 1566): Unknown permission android.permission.ACCESS_NOTIFICATION_POLICY in package com.google.android.gms
W/PackageManager( 1566): Unknown permission com.google.android.googlequicksearchbox.permission.PAUSE_HOTWORD in package com.google.android.gms
W/PackageManager( 1566): Unknown permission android.permission.MANAGE_VOICE_KEYPHRASES in package com.google.android.gms
W/PackageManager( 1566): Unknown permission android.permission.UWB in package com.google.android.gms
W/PackageManager( 1566): Unknown permission android.permission.USE_FULL_SCREEN_INTENT in package com.google.android.gms
W/PackageManager( 1566): Unknown permission android.permission.TETHER_PRIVILEGED in package com.google.android.gms
W/PackageManager( 1566): Unknown permission android.permission.CONTROL_DISPLAY_SATURATION in package com.google.android.gms
W/PackageManager( 1566): Unknown permission android.permission.REAL_GET_TASKS in package com.google.android.gms
W/PackageManager( 1566): Unknown permission com.google.android.finsky.permission.BIND_GET_INSTALL_REFERRER_SERVICE in package com.google.android.gms
W/PackageManager( 1566): Unknown permission com.google.android.hangouts.START_HANGOUT in package com.google.android.gms
W/PackageManager( 1566): Unknown permission android.permission.READ_OEM_UNLOCK_STATE in package com.google.android.gms
W/PackageManager( 1566): Unknown permission android.permission.SCORE_NETWORKS in package com.google.android.gms
W/PackageManager( 1566): Unknown permission android.permission.OVERRIDE_WIFI_CONFIG in package com.google.android.gms
W/PackageManager( 1566): Unknown permission android.car.permission.CAR_POWERTRAIN in package com.google.android.gms
W/PackageManager( 1566): Unknown permission android.car.permission.CAR_ENERGY in package com.google.android.gms
W/PackageManager( 1566): Unknown permission android.car.permission.CAR_ENERGY_PORTS in package com.google.android.gms
W/PackageManager( 1566): Unknown permission android.car.permission.CAR_EXTERIOR_LIGHTS in package com.google.android.gms
W/PackageManager( 1566): Unknown permission android.car.permission.CAR_INFO in package com.google.android.gms
W/PackageManager( 1566): Unknown permission android.car.permission.CAR_MILEAGE in package com.google.android.gms
W/PackageManager( 1566): Unknown permission android.car.permission.CAR_TIRES in package com.google.android.gms
W/PackageManager( 1566): Unknown permission android.car.permission.CONTROL_CAR_CLIMATE in package com.google.android.gms
W/PackageManager( 1566): Unknown permission android.car.permission.CONTROL_CAR_DOORS in package com.google.android.gms
W/PackageManager( 1566): Unknown permission android.car.permission.CONTROL_CAR_EXTERIOR_LIGHTS in package com.google.android.gms
W/PackageManager( 1566): Unknown permission android.car.permission.CONTROL_CAR_MIRRORS in package com.google.android.gms
W/PackageManager( 1566): Unknown permission android.car.permission.CONTROL_CAR_SEATS in package com.google.android.gms
W/PackageManager( 1566): Unknown permission android.car.permission.CONTROL_CAR_WINDOWS in package com.google.android.gms
W/PackageManager( 1566): Unknown permission android.car.permission.READ_CAR_DISPLAY_UNITS in package com.google.android.gms
W/PackageManager( 1566): Unknown permission android.permission.CONTROL_INCALL_EXPERIENCE in package com.google.android.gms
W/PackageManager( 1566): Unknown permission android.permission.USER_ACTIVITY in package com.google.android.gms
W/PackageManager( 1566): Unknown permission android.permission.MODIFY_AUDIO_ROUTING in package com.google.android.gms
W/PackageManager( 1566): Unknown permission android.permission.MODIFY_DAY_NIGHT_MODE in package com.google.android.gms
W/PackageManager( 1566): Unknown permission com.google.android.finsky.permission.GEARHEAD_SERVICE in package com.google.android.gms
W/PackageManager( 1566): Unknown permission com.google.android.permission.ACCESSIBILITY_SCAN_SERVICE in package com.google.android.gms
W/PackageManager( 1566): Unknown permission android.permission.START_TASKS_FROM_RECENTS in package com.google.android.gms
W/PackageManager( 1566): Not granting permission android.permission.MANAGE_ACTIVITY_STACKS to package com.google.android.gms (protectionLevel=2 flags=0x40c83e45)
W/PackageManager( 1566): Unknown permission android.permission.ACTIVITY_EMBEDDING in package com.google.android.gms
W/PackageManager( 1566): Unknown permission com.google.android.finsky.permission.ACCESS_INSTANT_APP_NOTIFICATION_ENFORCEMENT in package com.google.android.gms
W/PackageManager( 1566): Unknown permission android.permission.PROVIDE_RESOLVER_RANKER_SERVICE in package com.google.android.gms
W/PackageManager( 1566): Unknown permission com.google.android.clockwork.settings.SHOW_FACTORY_RESET_CONFIRMATION in package com.google.android.gms
W/PackageManager( 1566): Unknown permission com.google.android.wearable.READ_SETTINGS in package com.google.android.gms
W/PackageManager( 1566): Unknown permission android.permission.READ_MEDIA_AUDIO in package com.google.android.gms
W/PackageManager( 1566): Unknown permission android.permission.READ_MEDIA_IMAGES in package com.google.android.gms
W/PackageManager( 1566): Unknown permission android.permission.READ_MEDIA_VIDEO in package com.google.android.gms
W/PackageManager( 1566): Unknown permission android.permission.INTENT_FILTER_VERIFICATION_AGENT in package com.google.android.gms
W/PackageManager( 1566): Unknown permission android.permission.LOCAL_MAC_ADDRESS in package com.google.android.gms
W/PackageManager( 1566): Unknown permission android.permission.CHANGE_DEVICE_IDLE_TEMP_WHITELIST in package com.google.android.gms
W/PackageManager( 1566): Unknown permission android.permission.READ_WIFI_CREDENTIAL in package com.google.android.gms
W/PackageManager( 1566): Unknown permission android.permission.SUBSTITUTE_NOTIFICATION_APP_NAME in package com.google.android.gms
W/PackageManager( 1566): Unknown permission android.permission.SUBSTITUTE_SHARE_TARGET_APP_NAME_AND_ICON in package com.google.android.gms
W/PackageManager( 1566): Unknown permission android.permission.ACTIVITY_RECOGNITION in package com.google.android.gms
W/PackageManager( 1566): Unknown permission android.permission.MANAGE_SUBSCRIPTION_PLANS in package com.google.android.gms
W/PackageManager( 1566): Unknown permission android.permission.READ_DEVICE_CONFIG in package com.google.android.gms
W/PackageManager( 1566): Unknown permission android.permission.WRITE_DEVICE_CONFIG in package com.google.android.gms
W/PackageManager( 1566): Unknown permission com.google.android.apps.now.OPT_IN_WIZARD in package com.google.android.gms
W/PackageManager( 1566): Unknown permission com.google.android.setupwizard.SETUP_COMPAT_SERVICE in package com.google.android.gms
W/PackageManager( 1566): Unknown permission android.permission.MANAGE_ROLLBACKS in package com.google.android.gms
W/PackageManager( 1566): Unknown permission android.permission.REQUEST_DELETE_PACKAGES in package com.google.android.gms
W/PackageManager( 1566): Unknown permission android.permission.NOTIFY_PENDING_SYSTEM_UPDATE in package com.google.android.gms
W/PackageManager( 1566): Unknown permission android.permission.BODY_SENSORS in package com.google.android.gms
W/PackageManager( 1566): Unknown permission com.google.android.launcher.permission.RECEIVE_LAUNCH_BROADCASTS in package com.google.android.gms
W/PackageManager( 1566): Unknown permission com.google.android.vending.verifier.ACCESS_VERIFIER in package com.google.android.gms
W/PackageManager( 1566): Unknown permission android.permission.RESET_PASSWORD in package com.google.android.gms
W/PackageManager( 1566): Unknown permission android.permission.LOCK_DEVICE in package com.google.android.gms
W/PackageManager( 1566): Unknown permission android.permission.CONTROL_KEYGUARD_SECURE_NOTIFICATIONS in package com.google.android.gms
W/PackageManager( 1566): Unknown permission com.google.android.gm.permission.READ_GMAIL in package com.google.android.gms
W/PackageManager( 1566): Unknown permission com.android.voicemail.permission.READ_VOICEMAIL in package com.google.android.gms
W/PackageManager( 1566): Unknown permission com.google.android.voicesearch.SHORTCUTS_ACCESS in package com.google.android.googlequicksearchbox
W/PackageManager( 1566): Unknown permission com.google.android.voicesearch.ACCESS_SETTINGS in package com.google.android.googlequicksearchbox
W/PackageManager( 1566): Unknown permission com.google.android.ears.permission.WRITE in package com.google.android.googlequicksearchbox
W/PackageManager( 1566): Unknown permission com.google.android.apps.googlevoice.permission.AUTO_SEND in package com.google.android.googlequicksearchbox
W/PackageManager( 1566): Unknown permission com.google.android.gm.permission.AUTO_SEND in package com.google.android.googlequicksearchbox
W/PackageManager( 1566): Unknown permission android.permission.REQUEST_DELETE_PACKAGES in package com.google.android.play.games
W/PackageManager( 1566): Unknown permission com.google.android.finsky.permission.BIND_GET_INSTALL_REFERRER_SERVICE in package com.google.android.play.games
W/PackageManager( 1566): Unknown permission com.android.vending.BILLING in package me.ccrama.redditslide
W/PackageManager( 1566): Not granting permission android.permission.DELETE_PACKAGES to package com.svox.pico (protectionLevel=18 flags=0x88be45)
W/PackageManager( 1566): Not granting permission android.permission.DEVICE_POWER to package com.android.deskclock (protectionLevel=2 flags=0xc8be45)
W/PackageManager( 1566): Not granting permission android.permission.READ_DREAM_STATE to package com.google.android.gsf (protectionLevel=2 flags=0x40883e45)
W/PackageManager( 1566): Unknown permission android.permission.FOREGROUND_SERVICE in package ru.yanus171.feedexfork
I/PackageManager( 1566): Adding preferred activity ComponentInfo{com.android.mms/com.android.mms.ui.ComposeMessageActivity} for user 0 :
I/PackageManager( 1566): Adding preferred activity ComponentInfo{com.android.mms/com.android.mms.ui.ComposeMessageActivity} for user 0 :
I/PackageManager( 1566): Adding preferred activity ComponentInfo{com.android.mms/com.android.mms.ui.ComposeMessageActivity} for user 0 :
D/BackupManagerService( 1566): Received broadcast Intent { act=android.intent.action.PACKAGE_ADDED dat=package:ru.yanus171.feedexfork flg=0x4000010 (has extras) }
V/BackupManagerService( 1566): addPackageParticipantsLocked: #1
I/PackageManager( 1566): Adding preferred activity ComponentInfo{com.android.mms/com.android.mms.ui.ComposeMessageActivity} for user 0 :
--------- beginning of /dev/log/main
I/PackageManager( 1566):   Action: "android.intent.action.SENDTO"
I/PackageManager( 1566):   Category: "android.intent.category.DEFAULT"
I/PackageManager( 1566):   Scheme: "smsto"
D/dalvikvm( 1946): GC_FOR_ALLOC freed 2037K, 19% free 11232K/13856K, paused 14ms, total 14ms
I/PackageManager( 1566): Adding preferred activity ComponentInfo{com.android.mms/com.android.mms.ui.ComposeMessageActivity} for user 0 :
I/PackageManager( 1566): Adding preferred activity ComponentInfo{com.android.mms/com.android.mms.ui.ComposeMessageActivity} for user 0 :
D/dalvikvm( 1705): GC_FOR_ALLOC freed 338K, 15% free 3624K/4216K, paused 2ms, total 2ms
I/PackageManager( 1566):   Action: "android.intent.action.SENDTO"
I/PackageManager( 1566):   Category: "android.intent.category.DEFAULT"
I/PackageManager( 1566):   Scheme: "mms"
I/PackageManager( 1566): Adding preferred activity ComponentInfo{com.android.mms/com.android.mms.ui.ComposeMessageActivity} for user 0 :
I/PackageManager( 1566):   Action: "android.intent.action.SENDTO"
I/PackageManager( 1566):   Category: "android.intent.category.DEFAULT"
I/PackageManager( 1566):   Scheme: "mmsto"
I/PackageManager( 1566): Adding preferred activity ComponentInfo{com.android.mms/com.android.mms.ui.ComposeMessageActivity} for user 0 :
D/dalvikvm( 1566): GC_EXPLICIT freed 3553K, 39% free 8547K/13836K, paused 0ms+2ms, total 74ms
D/dalvikvm( 1566): WAIT_FOR_CONCURRENT_GC blocked 17ms
D/dalvikvm( 1566): WAIT_FOR_CONCURRENT_GC blocked 14ms
D/dalvikvm( 1566): WAIT_FOR_CONCURRENT_GC blocked 14ms
W/GCM     ( 1688): Unexpected forwarded intent: Intent { act=android.intent.action.PACKAGE_ADDED dat=package:ru.yanus171.feedexfork flg=0x4000010 cmp=com.google.android.gms/.chimera.PersistentIntentOperationService (has extras) }
W/GCM     ( 1688): Unexpected forwarded intent: Intent { act=android.intent.action.PACKAGE_ADDED dat=package:ru.yanus171.feedexfork flg=0x4000010 cmp=com.google.android.gms/.chimera.PersistentIntentOperationService (has extras) }
D/AndroidRuntime( 8044): Shutting down VM
D/dalvikvm( 8044): GC_CONCURRENT freed 93K, 15% free 552K/648K, paused 0ms+0ms, total 0ms
E/GmsClient( 1946): unable to connect to service: com.google.android.gms.auth.key.retrieval.service.START on com.google.android.gms
I/Icing.InternalIcingCorporaProvider( 2209): Updating corpora: A: ru.yanus171.feedexfork, C: MAYBE
W/ActivityManager( 1566): Unable to start service Intent { act=com.google.android.gms.auth.key.retrieval.service.START pkg=com.google.android.gms } U=0: not found
W/ActivityManager( 1566): Unbind failed: could not find connection for android.os.BinderProxy@9d566538
I/Auth    ( 1946): [SupervisedAccountIntentOperation] onHandleIntent(): android.intent.action.PACKAGE_ADDED
I/FontLog ( 1946): Package ru.yanus171.feedexfork has no metadata [CONTEXT service_id=132 ]
I/ChromeSync( 1946): [Sync,SyncIntentOperation] Handling the intent: Intent { act=android.intent.action.PACKAGE_ADDED dat=package:ru.yanus171.feedexfork flg=0x4000010 cmp=com.google.android.gms/.chimera.GmsIntentOperationService (has extras) }.
D/EGL_emulation( 1720): eglMakeCurrent: 0xb7c2f9d0: ver 3 0
W/ContextImpl( 2209): Implicit intents with startService are not safe: Intent { act=com.google.android.gms.icing.INDEX_SERVICE } android.content.ContextWrapper.bindService:517 com.google.android.gms.internal.av.a:-1 com.google.android.gms.internal.au.connect:-1 
I/Icing   ( 1946): IndexChimeraService.getServiceInterface callingPackage=com.google.android.googlequicksearchbox componentName=null serviceId=21
I/ChromeSync( 1946): [Persistence,AffiliationManager] One of affiliation or grouping data for android://KSmUCdTXmQS-j9D_O8l1jvyu41Pjn2mc5cb0Gvx1e9H1Aj4JCzHs_uTW26nbtH65K-YfijtBsQxGp-8R6k6HFg==@ru.yanus171.feedexfork/ was not found. Marking affiliation data as stale...
W/Icing   ( 1946): No valid account for uploading user actions
I/Icing   ( 1946): Usage reports ok 0, Failed Usage reports 0, indexed 0, rejected 0
I/Icing   ( 1946): Indexing com.google.android.gms-internal.3p:MobileApplication from com.google.android.gms using seqno 76
I/Icing   ( 1946): Indexing com.google.android.googlequicksearchbox-applications from com.google.android.googlequicksearchbox
I/Icing   ( 1946): Indexing com.google.android.gms-apps from com.google.android.gms
I/Icing   ( 1946): Indexing done com.google.android.googlequicksearchbox-applications
I/Icing   ( 1946): Indexing done com.google.android.gms-apps
D/AndroidRuntime( 8073): 
D/AndroidRuntime( 8073): >>>>>> AndroidRuntime START com.android.internal.os.RuntimeInit <<<<<<
W/linker  ( 8073): libdvm.so has text relocations. This is wasting memory and is a security risk. Please fix.
D/AndroidRuntime( 8073): CheckJNI is ON
D/dalvikvm( 8073): Trying to load lib libjavacore.so 0x0
D/dalvikvm( 8073): Added shared lib libjavacore.so 0x0
D/dalvikvm( 8073): Trying to load lib libnativehelper.so 0x0
D/dalvikvm( 8073): Added shared lib libnativehelper.so 0x0
D/dalvikvm( 8073): No JNI_OnLoad found in libnativehelper.so 0x0, skipping init
D/dalvikvm( 8073): Note: class Landroid/app/ActivityManagerNative; has 179 unimplemented (abstract) methods
E/memtrack( 8073): Couldn't load memtrack module (No such file or directory)
E/android.os.Debug( 8073): failed to load memtrack module: -2
D/AndroidRuntime( 8073): Calling main entry com.android.commands.pm.Pm
W/ActivityManager( 1566): No content provider found for permission revoke: file:///sdcard/ripper.apk
W/ActivityManager( 1566): No content provider found for permission revoke: file:///sdcard/ripper.apk
I/PackageManager( 1566): Copying native libraries to /data/app-lib/vmdl-1059090236
I/PackageParser( 1566): it.unina.android.ripper: compat added android.permission.WRITE_EXTERNAL_STORAGE android.permission.READ_PHONE_STATE
I/PackageManager( 1566): Running dexopt on: it.unina.android.ripper
W/linker  ( 8084): libdvm.so has text relocations. This is wasting memory and is a security risk. Please fix.
D/dalvikvm( 8084): DexOpt: load 2ms, verify+opt 17ms, 936700 bytes
I/ActivityManager( 1566): Force stopping it.unina.android.ripper appid=10090 user=-1: update pkg
W/Launcher.Model( 2461): Nobody to tell about the new app.  Launcher is probably loading.
I/InputReader( 1566): Reconfiguring input devices.  changes=0x00000010
D/Documents( 2537): Used cached roots for com.android.providers.downloads.documents
D/Documents( 2537): Used cached roots for com.android.externalstorage.documents
D/Documents( 2537): Used cached roots for com.android.providers.media.documents
D/Documents( 2537): Update found 6 roots in 6ms
I/PackageManager( 1566):   Action: "android.intent.action.SENDTO"
I/PackageManager( 1566):   Category: "android.intent.category.DEFAULT"
I/PackageManager( 1566):   Scheme: "sms"
I/PackageManager( 1566): Adding preferred activity ComponentInfo{com.android.mms/com.android.mms.ui.ComposeMessageActivity} for user 0 :
D/dalvikvm( 1705): GC_FOR_ALLOC freed 382K, 15% free 3588K/4216K, paused 2ms, total 2ms
I/PackageManager( 1566):   Action: "android.intent.action.SENDTO"
I/PackageManager( 1566):   Category: "android.intent.category.DEFAULT"
I/PackageManager( 1566):   Scheme: "smsto"
D/BackupManagerService( 1566): Received broadcast Intent { act=android.intent.action.PACKAGE_ADDED dat=package:it.unina.android.ripper flg=0x4000010 (has extras) }
V/BackupManagerService( 1566): addPackageParticipantsLocked: #1
I/PackageManager( 1566): Adding preferred activity ComponentInfo{com.android.mms/com.android.mms.ui.ComposeMessageActivity} for user 0 :
I/PackageManager( 1566):   Action: "android.intent.action.SENDTO"
I/PackageManager( 1566):   Category: "android.intent.category.DEFAULT"
I/PackageManager( 1566):   Scheme: "mms"
I/PackageManager( 1566): Adding preferred activity ComponentInfo{com.android.mms/com.android.mms.ui.ComposeMessageActivity} for user 0 :
D/dalvikvm( 1566): GC_EXPLICIT freed 1315K, 38% free 8625K/13836K, paused 4ms+1ms, total 29ms
D/dalvikvm( 1566): WAIT_FOR_CONCURRENT_GC blocked 10ms
D/dalvikvm( 1566): WAIT_FOR_CONCURRENT_GC blocked 11ms
D/dalvikvm( 1566): WAIT_FOR_CONCURRENT_GC blocked 5ms
D/dalvikvm( 1566): WAIT_FOR_CONCURRENT_GC blocked 12ms
D/AndroidRuntime( 8073): Shutting down VM
D/dalvikvm( 1566): WAIT_FOR_CONCURRENT_GC blocked 14ms
D/dalvikvm( 8073): GC_CONCURRENT freed 93K, 15% free 552K/648K, paused 0ms+0ms, total 0ms
W/GCM     ( 1688): Unexpected forwarded intent: Intent { act=android.intent.action.PACKAGE_ADDED dat=package:it.unina.android.ripper flg=0x4000010 cmp=com.google.android.gms/.chimera.PersistentIntentOperationService (has extras) }
W/GCM     ( 1688): Unexpected forwarded intent: Intent { act=android.intent.action.PACKAGE_ADDED dat=package:it.unina.android.ripper flg=0x4000010 cmp=com.google.android.gms/.chimera.PersistentIntentOperationService (has extras) }
I/Auth    ( 1946): [SupervisedAccountIntentOperation] onHandleIntent(): android.intent.action.PACKAGE_ADDED
I/ChromeSync( 1946): [Sync,SyncIntentOperation] Handling the intent: Intent { act=android.intent.action.PACKAGE_ADDED dat=package:it.unina.android.ripper flg=0x4000010 cmp=com.google.android.gms/.chimera.GmsIntentOperationService (has extras) }.
I/FontLog ( 1946): Package it.unina.android.ripper has no metadata [CONTEXT service_id=132 ]
I/PackageManager( 1566):   Action: "android.intent.action.SENDTO"
I/PackageManager( 1566):   Category: "android.intent.category.DEFAULT"
I/PackageManager( 1566):   Scheme: "mmsto"
I/Icing.InternalIcingCorporaProvider( 2209): Updating corpora: A: it.unina.android.ripper, C: MAYBE
I/PackageManager( 1566):   Action: "android.intent.action.SENDTO"
I/PackageManager( 1566):   Category: "android.intent.category.DEFAULT"
I/PackageManager( 1566):   Scheme: "sms"
I/PackageManager( 1566): Adding preferred activity ComponentInfo{com.android.mms/com.android.mms.ui.ComposeMessageActivity} for user 0 :
I/PackageManager( 1566): Adding preferred activity ComponentInfo{com.android.mms/com.android.mms.ui.ComposeMessageActivity} for user 0 :
