W/dalvikvm( 8101): VFY: unable to resolve virtual method 4613: Landroid/widget/TextView;.setFirstBaselineToTopHeight (I)V
D/dalvikvm( 8101): VFY: replacing opcode 0x6f at 0x0006
I/dalvikvm( 8101): Could not find method android.widget.TextView.setLastBaselineToBottomHeight, referenced from method androidx.appcompat.widget.AppCompatTextView.setLastBaselineToBottomHeight
W/dalvikvm( 8101): VFY: unable to resolve virtual method 4622: Landroid/widget/TextView;.setLastBaselineToBottomHeight (I)V
D/dalvikvm( 8101): VFY: replacing opcode 0x6f at 0x0006
W/dalvikvm( 8101): VFY: unable to find class referenced in signature (Landroid/view/textclassifier/TextClassifier;)
I/dalvikvm( 8101): Could not find method android.widget.TextView.setTextClassifier, referenced from method androidx.appcompat.widget.AppCompatTextView.setTextClassifier
W/dalvikvm( 8101): VFY: unable to resolve virtual method 4647: Landroid/widget/TextView;.setTextClassifier (Landroid/view/textclassifier/TextClassifier;)V
D/dalvikvm( 8101): VFY: replacing opcode 0x6f at 0x000f
W/dalvikvm( 8101): VFY: unable to find class referenced in signature (Landroid/view/textclassifier/TextClassifier;)
E/dalvikvm( 8101): Could not find class 'android.view.textclassifier.TextClassificationManager', referenced from method androidx.appcompat.widget.AppCompatTextClassifierHelper.getTextClassifier
W/dalvikvm( 8101): VFY: unable to resolve const-class 612 (Landroid/view/textclassifier/TextClassificationManager;) in Landroidx/appcompat/widget/AppCompatTextClassifierHelper;
D/dalvikvm( 8101): VFY: replacing opcode 0x1c at 0x000a
W/dalvikvm( 8101): VFY: unable to find class referenced in signature (Landroid/view/textclassifier/TextClassifier;)
W/dalvikvm( 8101): VFY: unable to find class referenced in signature (Landroid/view/textclassifier/TextClassifier;)
D/dalvikvm( 8101): GC_FOR_ALLOC freed 132K, 10% free 3464K/3808K, paused 2ms, total 2ms
I/dalvikvm-heap( 8101): Grow heap (frag case) to 3.699MB for 267300-byte allocation
D/dalvikvm( 8101): GC_FOR_ALLOC freed <1K, 9% free 3724K/4072K, paused 3ms, total 3ms
D/dalvikvm( 8101): GC_FOR_ALLOC freed 3K, 9% free 3722K/4072K, paused 2ms, total 2ms
I/dalvikvm-heap( 8101): Grow heap (frag case) to 3.950MB for 267300-byte allocation
D/dalvikvm( 8101): GC_FOR_ALLOC freed <1K, 9% free 3983K/4336K, paused 2ms, total 2ms
D/dalvikvm( 8101): GC_FOR_ALLOC freed <1K, 9% free 3983K/4336K, paused 2ms, total 3ms
I/dalvikvm-heap( 8101): Grow heap (frag case) to 4.206MB for 267300-byte allocation
D/dalvikvm( 8101): GC_FOR_ALLOC freed <1K, 8% free 4244K/4600K, paused 1ms, total 1ms
D/dalvikvm( 8101): GC_FOR_ALLOC freed <1K, 8% free 4245K/4600K, paused 1ms, total 1ms
I/dalvikvm-heap( 8101): Grow heap (frag case) to 4.460MB for 267300-byte allocation
D/dalvikvm( 8101): GC_FOR_ALLOC freed <1K, 8% free 4506K/4864K, paused 2ms, total 2ms
D/dalvikvm( 8101): GC_FOR_ALLOC freed <1K, 8% free 4506K/4864K, paused 1ms, total 2ms
I/dalvikvm-heap( 8101): Grow heap (frag case) to 4.716MB for 267300-byte allocation
D/dalvikvm( 8101): GC_FOR_ALLOC freed <1K, 8% free 4767K/5128K, paused 3ms, total 3ms
D/dalvikvm( 8101): GC_FOR_ALLOC freed <1K, 7% free 5029K/5392K, paused 1ms, total 1ms
D/dalvikvm( 8101): GC_FOR_ALLOC freed <1K, 7% free 5291K/5656K, paused 2ms, total 2ms
I/dalvikvm( 8101): Could not find method androidx.coordinatorlayout.widget.CoordinatorLayout.saveAttributeDataForStyleable, referenced from method androidx.coordinatorlayout.widget.CoordinatorLayout.<init>
W/dalvikvm( 8101): VFY: unable to resolve virtual method 13373: Landroidx/coordinatorlayout/widget/CoordinatorLayout;.saveAttributeDataForStyleable (Landroid/content/Context;[ILandroid/util/AttributeSet;Landroid/content/res/TypedArray;II)V
D/dalvikvm( 8101): VFY: replacing opcode 0x74 at 0x0052
I/dalvikvm( 8101): Could not find method androidx.coordinatorlayout.widget.CoordinatorLayout.saveAttributeDataForStyleable, referenced from method androidx.coordinatorlayout.widget.CoordinatorLayout.<init>
W/dalvikvm( 8101): VFY: unable to resolve virtual method 13373: Landroidx/coordinatorlayout/widget/CoordinatorLayout;.saveAttributeDataForStyleable (Landroid/content/Context;[ILandroid/util/AttributeSet;Landroid/content/res/TypedArray;II)V
D/dalvikvm( 8101): VFY: replacing opcode 0x74 at 0x005e
I/dalvikvm( 8101): Could not find method com.google.android.material.appbar.AppBarLayout.setKeyboardNavigationCluster, referenced from method com.google.android.material.appbar.AppBarLayout.<init>
W/dalvikvm( 8101): VFY: unable to resolve virtual method 28201: Lcom/google/android/material/appbar/AppBarLayout;.setKeyboardNavigationCluster (Z)V
D/dalvikvm( 8101): VFY: replacing opcode 0x6e at 0x009a
I/dalvikvm( 8101): Could not find method com.google.android.material.appbar.AppBarLayout.setTouchscreenBlocksFocus, referenced from method com.google.android.material.appbar.AppBarLayout.<init>
W/dalvikvm( 8101): VFY: unable to resolve virtual method 28214: Lcom/google/android/material/appbar/AppBarLayout;.setTouchscreenBlocksFocus (Z)V
D/dalvikvm( 8101): VFY: replacing opcode 0x6e at 0x00ab
I/dalvikvm( 8101): Could not find method android.widget.LinearLayout.setElevation, referenced from method com.google.android.material.appbar.AppBarLayout.setElevation
W/dalvikvm( 8101): VFY: unable to resolve virtual method 4169: Landroid/widget/LinearLayout;.setElevation (F)V
D/dalvikvm( 8101): VFY: replacing opcode 0x6f at 0x0000
W/dalvikvm( 8101): VFY: unable to find class referenced in signature (Landroid/graphics/Outline;)
I/dalvikvm( 8101): Could not find method android.graphics.Outline.setRoundRect, referenced from method com.google.android.material.shape.MaterialShapeDrawable.getOutline
W/dalvikvm( 8101): VFY: unable to resolve virtual method 1300: Landroid/graphics/Outline;.setRoundRect (Landroid/graphics/Rect;F)V
D/dalvikvm( 8101): VFY: replacing opcode 0x6e at 0x001c
I/dalvikvm( 8101): Could not find method android.graphics.Path.isConvex, referenced from method com.google.android.material.shape.MaterialShapeDrawable.getOutline
W/dalvikvm( 8101): VFY: unable to resolve virtual method 1353: Landroid/graphics/Path;.isConvex ()Z
D/dalvikvm( 8101): VFY: replacing opcode 0x6e at 0x002b
I/dalvikvm( 8101): Could not find method android.graphics.Path.isConvex, referenced from method com.google.android.material.shape.MaterialShapeDrawable.requiresCompatShadow
W/dalvikvm( 8101): VFY: unable to resolve virtual method 1353: Landroid/graphics/Path;.isConvex ()Z
D/dalvikvm( 8101): VFY: replacing opcode 0x6e at 0x000e
I/dalvikvm( 8101): Could not find method android.graphics.Color.getModel, referenced from method androidx.core.graphics.ColorUtils.compositeColors
W/dalvikvm( 8101): VFY: unable to resolve virtual method 1241: Landroid/graphics/Color;.getModel ()Landroid/graphics/ColorSpace$Model;
D/dalvikvm( 8101): VFY: replacing opcode 0x6e at 0x0000
I/AppCompatViewInflater( 8101): app:theme is now deprecated. Please move to using android:theme instead.
D/dalvikvm( 8101): GC_FOR_ALLOC freed 94K, 5% free 5699K/5972K, paused 3ms, total 3ms
D/dalvikvm( 8101): GC_FOR_ALLOC freed 5K, 5% free 5866K/6144K, paused 2ms, total 2ms
I/dalvikvm-heap( 8101): Grow heap (frag case) to 7.639MB for 1939932-byte allocation
D/dalvikvm( 8101): GC_FOR_ALLOC freed <1K, 4% free 7760K/8040K, paused 3ms, total 3ms
D/dalvikvm( 8101): GC_CONCURRENT freed <1K, 4% free 7760K/8040K, paused 0ms+0ms, total 2ms
E/dalvikvm( 8101): Could not find class 'android.graphics.drawable.RippleDrawable', referenced from method androidx.appcompat.widget.AppCompatImageHelper.hasOverlappingRendering
W/dalvikvm( 8101): VFY: unable to resolve instanceof 249 (Landroid/graphics/drawable/RippleDrawable;) in Landroidx/appcompat/widget/AppCompatImageHelper;
D/dalvikvm( 8101): VFY: replacing opcode 0x20 at 0x000c
I/dalvikvm( 8101): Could not find method com.google.android.material.internal.VisibilityAwareImageButton.setElevation, referenced from method com.google.android.material.floatingactionbutton.FloatingActionButton.setElevation
W/dalvikvm( 8101): VFY: unable to resolve virtual method 31928: Lcom/google/android/material/internal/VisibilityAwareImageButton;.setElevation (F)V
D/dalvikvm( 8101): VFY: replacing opcode 0x6f at 0x0000
I/dalvikvm( 8101): Could not find method com.google.android.material.internal.VisibilityAwareImageButton.setTranslationZ, referenced from method com.google.android.material.floatingactionbutton.FloatingActionButton.setTranslationZ
W/dalvikvm( 8101): VFY: unable to resolve virtual method 31934: Lcom/google/android/material/internal/VisibilityAwareImageButton;.setTranslationZ (F)V
D/dalvikvm( 8101): VFY: replacing opcode 0x6f at 0x0000
I/dalvikvm( 8101): Could not find method android.graphics.drawable.Drawable.applyTheme, referenced from method androidx.core.graphics.drawable.DrawableCompat.applyTheme
W/dalvikvm( 8101): VFY: unable to resolve virtual method 1498: Landroid/graphics/drawable/Drawable;.applyTheme (Landroid/content/res/Resources$Theme;)V
D/dalvikvm( 8101): VFY: replacing opcode 0x6e at 0x0006
I/dalvikvm( 8101): Could not find method android.graphics.drawable.Drawable.canApplyTheme, referenced from method androidx.core.graphics.drawable.DrawableCompat.canApplyTheme
W/dalvikvm( 8101): VFY: unable to resolve virtual method 1499: Landroid/graphics/drawable/Drawable;.canApplyTheme ()Z
D/dalvikvm( 8101): VFY: replacing opcode 0x6e at 0x0006
I/dalvikvm( 8101): Could not find method android.graphics.drawable.Drawable.getColorFilter, referenced from method androidx.core.graphics.drawable.DrawableCompat.getColorFilter
W/dalvikvm( 8101): VFY: unable to resolve virtual method 1510: Landroid/graphics/drawable/Drawable;.getColorFilter ()Landroid/graphics/ColorFilter;
D/dalvikvm( 8101): VFY: replacing opcode 0x6e at 0x0006
I/dalvikvm( 8101): Could not find method android.graphics.drawable.Drawable.inflate, referenced from method androidx.core.graphics.drawable.DrawableCompat.inflate
W/dalvikvm( 8101): VFY: unable to resolve virtual method 1528: Landroid/graphics/drawable/Drawable;.inflate (Landroid/content/res/Resources;Lorg/xmlpull/v1/XmlPullParser;Landroid/util/AttributeSet;Landroid/content/res/Resources$Theme;)V
D/dalvikvm( 8101): VFY: replacing opcode 0x6e at 0x0006
I/dalvikvm( 8101): Could not find method android.graphics.drawable.Drawable.setHotspot, referenced from method androidx.core.graphics.drawable.DrawableCompat.setHotspot
W/dalvikvm( 8101): VFY: unable to resolve virtual method 1550: Landroid/graphics/drawable/Drawable;.setHotspot (FF)V
D/dalvikvm( 8101): VFY: replacing opcode 0x6e at 0x0006
I/dalvikvm( 8101): Could not find method android.graphics.drawable.Drawable.setHotspotBounds, referenced from method androidx.core.graphics.drawable.DrawableCompat.setHotspotBounds
W/dalvikvm( 8101): VFY: unable to resolve virtual method 1551: Landroid/graphics/drawable/Drawable;.setHotspotBounds (IIII)V
D/dalvikvm( 8101): VFY: replacing opcode 0x6e at 0x0006
I/dalvikvm( 8101): Could not find method android.graphics.drawable.Drawable.setLayoutDirection, referenced from method androidx.core.graphics.drawable.DrawableCompat.setLayoutDirection
W/dalvikvm( 8101): VFY: unable to resolve virtual method 1552: Landroid/graphics/drawable/Drawable;.setLayoutDirection (I)Z
D/dalvikvm( 8101): VFY: replacing opcode 0x6e at 0x0006
I/dalvikvm( 8101): Could not find method android.graphics.drawable.Drawable.setTint, referenced from method androidx.core.graphics.drawable.DrawableCompat.setTint
W/dalvikvm( 8101): VFY: unable to resolve virtual method 1555: Landroid/graphics/drawable/Drawable;.setTint (I)V
D/dalvikvm( 8101): VFY: replacing opcode 0x6e at 0x0006
I/dalvikvm( 8101): Could not find method android.graphics.drawable.Drawable.setTintList, referenced from method androidx.core.graphics.drawable.DrawableCompat.setTintList
W/dalvikvm( 8101): VFY: unable to resolve virtual method 1556: Landroid/graphics/drawable/Drawable;.setTintList (Landroid/content/res/ColorStateList;)V
D/dalvikvm( 8101): VFY: replacing opcode 0x6e at 0x0006
I/dalvikvm( 8101): Could not find method android.graphics.drawable.Drawable.setTintMode, referenced from method androidx.core.graphics.drawable.DrawableCompat.setTintMode
W/dalvikvm( 8101): VFY: unable to resolve virtual method 1557: Landroid/graphics/drawable/Drawable;.setTintMode (Landroid/graphics/PorterDuff$Mode;)V
D/dalvikvm( 8101): VFY: replacing opcode 0x6e at 0x0006
D/FFTimer ( 8101): 253 msec: HomeActivity.onCreate
D/        ( 8101): HostConnection::get() New Host Connection established 0xb7c20f50, tid 8101
D/EGL_emulation( 8101): eglCreateContext: 0xb7c21100: maj 3 min 0 rcv 3
D/EGL_emulation( 8101): eglMakeCurrent: 0xb7c21100: ver 3 0
E/eglCodecCommon( 8101): glUtilsParamSize: unknow param 0x00008cdf
E/eglCodecCommon( 8101): glUtilsParamSize: unknow param 0x00008824
E/EGL_emulation( 8101): tid 8101: eglSurfaceAttrib(1199): error 0x3009 (EGL_BAD_MATCH)
W/HardwareRenderer( 8101): Backbuffer cannot be preserved
D/OpenGLRenderer( 8101): Enabling debug mode 0
W/dalvikvm( 8101): VFY: unable to resolve static field 339 (ACTION_SHOW_ON_SCREEN) in Landroid/view/accessibility/AccessibilityNodeInfo$AccessibilityAction;
D/dalvikvm( 8101): VFY: replacing opcode 0x62 at 0x00d9
W/dalvikvm( 8101): VFY: unable to resolve static field 336 (ACTION_SCROLL_TO_POSITION) in Landroid/view/accessibility/AccessibilityNodeInfo$AccessibilityAction;
D/dalvikvm( 8101): VFY: replacing opcode 0x62 at 0x00f0
W/dalvikvm( 8101): VFY: unable to resolve static field 337 (ACTION_SCROLL_UP) in Landroid/view/accessibility/AccessibilityNodeInfo$AccessibilityAction;
D/dalvikvm( 8101): VFY: replacing opcode 0x62 at 0x0108
W/dalvikvm( 8101): VFY: unable to resolve static field 334 (ACTION_SCROLL_LEFT) in Landroid/view/accessibility/AccessibilityNodeInfo$AccessibilityAction;
D/dalvikvm( 8101): VFY: replacing opcode 0x62 at 0x011f
W/dalvikvm( 8101): VFY: unable to resolve static field 333 (ACTION_SCROLL_DOWN) in Landroid/view/accessibility/AccessibilityNodeInfo$AccessibilityAction;
D/dalvikvm( 8101): VFY: replacing opcode 0x62 at 0x0136
W/dalvikvm( 8101): VFY: unable to resolve static field 335 (ACTION_SCROLL_RIGHT) in Landroid/view/accessibility/AccessibilityNodeInfo$AccessibilityAction;
D/dalvikvm( 8101): VFY: replacing opcode 0x62 at 0x014d
W/dalvikvm( 8101): VFY: unable to resolve static field 331 (ACTION_PAGE_UP) in Landroid/view/accessibility/AccessibilityNodeInfo$AccessibilityAction;
D/dalvikvm( 8101): VFY: replacing opcode 0x62 at 0x0166
W/dalvikvm( 8101): VFY: unable to resolve static field 328 (ACTION_PAGE_DOWN) in Landroid/view/accessibility/AccessibilityNodeInfo$AccessibilityAction;
D/dalvikvm( 8101): VFY: replacing opcode 0x62 at 0x017d
W/dalvikvm( 8101): VFY: unable to resolve static field 329 (ACTION_PAGE_LEFT) in Landroid/view/accessibility/AccessibilityNodeInfo$AccessibilityAction;
D/dalvikvm( 8101): VFY: replacing opcode 0x62 at 0x0195
W/dalvikvm( 8101): VFY: unable to resolve static field 330 (ACTION_PAGE_RIGHT) in Landroid/view/accessibility/AccessibilityNodeInfo$AccessibilityAction;
D/dalvikvm( 8101): VFY: replacing opcode 0x62 at 0x01ac
W/dalvikvm( 8101): VFY: unable to resolve static field 324 (ACTION_CONTEXT_CLICK) in Landroid/view/accessibility/AccessibilityNodeInfo$AccessibilityAction;
D/dalvikvm( 8101): VFY: replacing opcode 0x62 at 0x01c4
W/dalvikvm( 8101): VFY: unable to resolve static field 338 (ACTION_SET_PROGRESS) in Landroid/view/accessibility/AccessibilityNodeInfo$AccessibilityAction;
D/dalvikvm( 8101): VFY: replacing opcode 0x62 at 0x01dd
W/dalvikvm( 8101): VFY: unable to resolve static field 327 (ACTION_MOVE_WINDOW) in Landroid/view/accessibility/AccessibilityNodeInfo$AccessibilityAction;
D/dalvikvm( 8101): VFY: replacing opcode 0x62 at 0x01f7
W/dalvikvm( 8101): VFY: unable to resolve static field 340 (ACTION_SHOW_TOOLTIP) in Landroid/view/accessibility/AccessibilityNodeInfo$AccessibilityAction;
D/dalvikvm( 8101): VFY: replacing opcode 0x62 at 0x0211
W/dalvikvm( 8101): VFY: unable to resolve static field 325 (ACTION_HIDE_TOOLTIP) in Landroid/view/accessibility/AccessibilityNodeInfo$AccessibilityAction;
D/dalvikvm( 8101): VFY: replacing opcode 0x62 at 0x0228
W/dalvikvm( 8101): VFY: unable to resolve static field 332 (ACTION_PRESS_AND_HOLD) in Landroid/view/accessibility/AccessibilityNodeInfo$AccessibilityAction;
D/dalvikvm( 8101): VFY: replacing opcode 0x62 at 0x0241
W/dalvikvm( 8101): VFY: unable to resolve static field 326 (ACTION_IME_ENTER) in Landroid/view/accessibility/AccessibilityNodeInfo$AccessibilityAction;
D/dalvikvm( 8101): VFY: replacing opcode 0x62 at 0x0258
E/dalvikvm( 8101): Could not find class 'android.view.accessibility.AccessibilityNodeInfo$AccessibilityAction', referenced from method androidx.core.view.accessibility.AccessibilityNodeInfoCompat$AccessibilityActionCompat.<init>
W/dalvikvm( 8101): VFY: unable to resolve new-instance 580 (Landroid/view/accessibility/AccessibilityNodeInfo$AccessibilityAction;) in Landroidx/core/view/accessibility/AccessibilityNodeInfoCompat$AccessibilityActionCompat;
D/dalvikvm( 8101): VFY: replacing opcode 0x22 at 0x000f
E/dalvikvm( 8101): Could not find class 'android.view.accessibility.AccessibilityNodeInfo$AccessibilityAction', referenced from method androidx.core.view.accessibility.AccessibilityNodeInfoCompat$AccessibilityActionCompat.getId
W/dalvikvm( 8101): VFY: unable to resolve check-cast 580 (Landroid/view/accessibility/AccessibilityNodeInfo$AccessibilityAction;) in Landroidx/core/view/accessibility/AccessibilityNodeInfoCompat$AccessibilityActionCompat;
D/dalvikvm( 8101): VFY: replacing opcode 0x1f at 0x0008
E/dalvikvm( 8101): Could not find class 'android.view.accessibility.AccessibilityNodeInfo$AccessibilityAction', referenced from method androidx.core.view.accessibility.AccessibilityNodeInfoCompat$AccessibilityActionCompat.getLabel
W/dalvikvm( 8101): VFY: unable to resolve check-cast 580 (Landroid/view/accessibility/AccessibilityNodeInfo$AccessibilityAction;) in Landroidx/core/view/accessibility/AccessibilityNodeInfoCompat$AccessibilityActionCompat;
D/dalvikvm( 8101): VFY: replacing opcode 0x1f at 0x0008
D/dalvikvm( 8101): DexOpt: unable to opt direct call 0x0d4e at 0x11 in Landroidx/core/view/accessibility/AccessibilityNodeInfoCompat$AccessibilityActionCompat;.<init>
E/SQLiteLog( 8101): (1) no such table: entrylabel
D/AndroidRuntime( 8101): Shutting down VM
W/dalvikvm( 8101): threadid=1: thread exiting with uncaught exception (group=0x9cd1fb20)
E/SQLiteLog( 8101): (1) no such table: entrylabel
W/dalvikvm( 8101): threadid=14: thread exiting with uncaught exception (group=0x9cd1fb20)
E/HandyNewsLog( 8101): UNCAUGHT EXCEPTION
E/HandyNewsLog( 8101): -------------------
E/HandyNewsLog( 8101): Stacktrace:
E/HandyNewsLog( 8101): android.database.sqlite.SQLiteException: no such table: entrylabel (code 1): , while compiling: SELECT label_id, COUNT(entry_id) FROM ( SELECT * FROM entrylabel AS el LEFT JOIN ( SELECT _id, images_size, isread, images_size FROM entries WHERE (isread IS NULL OR isread=0)) AS e  ON (el.entry_id = e._id)  WHERE e._id IS NOT NULL) AS f1 GROUP BY label_id
E/HandyNewsLog( 8101): 	at android.database.sqlite.SQLiteConnection.nativePrepareStatement(Native Method)
E/HandyNewsLog( 8101): 	at android.database.sqlite.SQLiteConnection.acquirePreparedStatement(SQLiteConnection.java:889)
E/HandyNewsLog( 8101): 	at android.database.sqlite.SQLiteConnection.prepare(SQLiteConnection.java:500)
E/HandyNewsLog( 8101): 	at android.database.sqlite.SQLiteSession.prepare(SQLiteSession.java:588)
E/HandyNewsLog( 8101): 	at android.database.sqlite.SQLiteProgram.<init>(SQLiteProgram.java:58)
E/HandyNewsLog( 8101): 	at android.database.sqlite.SQLiteQuery.<init>(SQLiteQuery.java:37)
E/HandyNewsLog( 8101): 	at android.database.sqlite.SQLiteDirectCursorDriver.query(SQLiteDirectCursorDriver.java:44)
E/HandyNewsLog( 8101): 	at android.database.sqlite.SQLiteDatabase.rawQueryWithFactory(SQLiteDatabase.java:1314)
E/HandyNewsLog( 8101): 	at android.database.sqlite.SQLiteQueryBuilder.query(SQLiteQueryBuilder.java:400)
E/HandyNewsLog( 8101): 	at android.database.sqlite.SQLiteQueryBuilder.query(SQLiteQueryBuilder.java:294)
E/HandyNewsLog( 8101): 	at ru.yanus171.feedexfork.provider.FeedDataContentProvider.query(FeedDataContentProvider.java:405)
E/HandyNewsLog( 8101): 	at android.content.ContentProvider.query(ContentProvider.java:857)
E/HandyNewsLog( 8101): 	at ru.yanus171.feedexfork.provider.FeedDataContentProvider.query(FeedDataContentProvider.java:103)
E/HandyNewsLog( 8101): 	at android.content.ContentProvider$Transport.query(ContentProvider.java:200)
E/HandyNewsLog( 8101): 	at android.content.ContentResolver.query(ContentResolver.java:461)
E/HandyNewsLog( 8101): 	at android.content.ContentResolver.query(ContentResolver.java:404)
E/HandyNewsLog( 8101): 	at ru.yanus171.feedexfork.adapter.DrawerAdapter.SetLabelsNumber(DrawerAdapter.java:495)
E/HandyNewsLog( 8101): 	at ru.yanus171.feedexfork.adapter.DrawerAdapter.updateNumbers(DrawerAdapter.java:469)
E/HandyNewsLog( 8101): 	at ru.yanus171.feedexfork.adapter.DrawerAdapter.<init>(DrawerAdapter.java:112)
E/HandyNewsLog( 8101): 	at ru.yanus171.feedexfork.activity.HomeActivity.onLoadFinished(HomeActivity.java:532)
E/HandyNewsLog( 8101): 	at ru.yanus171.feedexfork.activity.HomeActivity.onLoadFinished(HomeActivity.java:104)
E/HandyNewsLog( 8101): 	at android.app.LoaderManagerImpl$LoaderInfo.callOnLoadFinished(LoaderManager.java:483)
E/HandyNewsLog( 8101): 	at android.app.LoaderManagerImpl$LoaderInfo.onLoadComplete(LoaderManager.java:451)
E/HandyNewsLog( 8101): 	at android.content.Loader.deliverResult(Loader.java:144)
E/HandyNewsLog( 8101): 	at android.content.CursorLoader.deliverResult(CursorLoader.java:110)
E/HandyNewsLog( 8101): 	at android.content.CursorLoader.deliverResult(CursorLoader.java:43)
E/HandyNewsLog( 8101): 	at android.content.AsyncTaskLoader.dispatchOnLoadComplete(AsyncTaskLoader.java:265)
E/HandyNewsLog( 8101): 	at android.content.AsyncTaskLoader$LoadTask.onPostExecute(AsyncTaskLoader.java:92)
E/HandyNewsLog( 8101): 	at android.os.AsyncTask.finish(AsyncTask.java:632)
E/HandyNewsLog( 8101): 	at android.os.AsyncTask.access$600(AsyncTask.java:177)
E/HandyNewsLog( 8101): 	at android.os.AsyncTask$InternalHandler.handleMessage(AsyncTask.java:645)
E/HandyNewsLog( 8101): 	at android.os.Handler.dispatchMessage(Handler.java:102)
E/HandyNewsLog( 8101): 	at android.os.Looper.loop(Looper.java:136)
E/HandyNewsLog( 8101): 	at android.app.ActivityThread.main(ActivityThread.java:5017)
E/HandyNewsLog( 8101): 	at java.lang.reflect.Method.invokeNative(Native Method)
E/HandyNewsLog( 8101): 	at java.lang.reflect.Method.invoke(Method.java:515)
E/HandyNewsLog( 8101): 	at com.android.internal.os.ZygoteInit$MethodAndArgsCaller.run(ZygoteInit.java:779)
E/HandyNewsLog( 8101): 	at com.android.internal.os.ZygoteInit.main(ZygoteInit.java:595)
E/HandyNewsLog( 8101): 	at dalvik.system.NativeStart.main(Native Method)
E/HandyNewsLog( 8101): 
E/HandyNewsLog( 8101): -------------------
E/HandyNewsLog( 8101): Version : 0.16.1
E/HandyNewsLog( 8101): Version Code: 235
E/HandyNewsLog( 8101): Package : ru.yanus171.feedexfork
E/HandyNewsLog( 8101): FilePath : /data/data/ru.yanus171.feedexfork/files
E/HandyNewsLog( 8101): Phone Model: Android SDK built for x86
E/HandyNewsLog( 8101): Android Version : 4.4.2
E/HandyNewsLog( 8101): User : android-build
E/HandyNewsLog( 8101): Total Internal memory : 790536192
E/HandyNewsLog( 8101): Available Internal memory : 509030400
E/HandyNewsLog( 8101): -------------------
W/System.err( 8101): android.database.sqlite.SQLiteException: no such table: entrylabel (code 1): , while compiling: SELECT label_id, COUNT(entry_id) FROM ( SELECT * FROM entrylabel AS el LEFT JOIN ( SELECT _id, images_size, isread, images_size FROM entries WHERE (isread IS NULL OR isread=0)) AS e  ON (el.entry_id = e._id)  WHERE e._id IS NOT NULL) AS f1 GROUP BY label_id
D/dalvikvm( 8101): GC_CONCURRENT freed 718K, 9% free 8534K/9320K, paused 2ms+1ms, total 5ms
W/System.err( 8101): 	at android.database.sqlite.SQLiteConnection.nativePrepareStatement(Native Method)
W/System.err( 8101): 	at android.database.sqlite.SQLiteConnection.acquirePreparedStatement(SQLiteConnection.java:889)
W/System.err( 8101): 	at android.database.sqlite.SQLiteConnection.prepare(SQLiteConnection.java:500)
W/System.err( 8101): 	at android.database.sqlite.SQLiteSession.prepare(SQLiteSession.java:588)
W/System.err( 8101): 	at android.database.sqlite.SQLiteProgram.<init>(SQLiteProgram.java:58)
W/System.err( 8101): 	at android.database.sqlite.SQLiteQuery.<init>(SQLiteQuery.java:37)
W/System.err( 8101): 	at android.database.sqlite.SQLiteDirectCursorDriver.query(SQLiteDirectCursorDriver.java:44)
W/System.err( 8101): 	at android.database.sqlite.SQLiteDatabase.rawQueryWithFactory(SQLiteDatabase.java:1314)
W/System.err( 8101): 	at android.database.sqlite.SQLiteQueryBuilder.query(SQLiteQueryBuilder.java:400)
W/System.err( 8101): 	at android.database.sqlite.SQLiteQueryBuilder.query(SQLiteQueryBuilder.java:294)
W/System.err( 8101): 	at ru.yanus171.feedexfork.provider.FeedDataContentProvider.query(FeedDataContentProvider.java:405)
W/System.err( 8101): 	at android.content.ContentProvider.query(ContentProvider.java:857)
W/System.err( 8101): 	at ru.yanus171.feedexfork.provider.FeedDataContentProvider.query(FeedDataContentProvider.java:103)
W/System.err( 8101): 	at android.content.ContentProvider$Transport.query(ContentProvider.java:200)
W/System.err( 8101): 	at android.content.ContentResolver.query(ContentResolver.java:461)
W/System.err( 8101): 	at android.content.ContentResolver.query(ContentResolver.java:404)
W/System.err( 8101): 	at ru.yanus171.feedexfork.adapter.DrawerAdapter.SetLabelsNumber(DrawerAdapter.java:495)
W/System.err( 8101): 	at ru.yanus171.feedexfork.adapter.DrawerAdapter.updateNumbers(DrawerAdapter.java:469)
W/System.err( 8101): 	at ru.yanus171.feedexfork.adapter.DrawerAdapter.<init>(DrawerAdapter.java:112)
W/System.err( 8101): 	at ru.yanus171.feedexfork.activity.HomeActivity.onLoadFinished(HomeActivity.java:532)
W/System.err( 8101): 	at ru.yanus171.feedexfork.activity.HomeActivity.onLoadFinished(HomeActivity.java:104)
W/System.err( 8101): 	at android.app.LoaderManagerImpl$LoaderInfo.callOnLoadFinished(LoaderManager.java:483)
W/System.err( 8101): 	at android.app.LoaderManagerImpl$LoaderInfo.onLoadComplete(LoaderManager.java:451)
E/HandyNewsLog( 8101): UNCAUGHT EXCEPTION
E/HandyNewsLog( 8101): -------------------
E/HandyNewsLog( 8101): Stacktrace:
E/HandyNewsLog( 8101): android.database.sqlite.SQLiteException: no such table: entrylabel (code 1): , while compiling: SELECT entry_id, label_id FROM entrylabel
E/HandyNewsLog( 8101): 	at android.database.sqlite.SQLiteConnection.nativePrepareStatement(Native Method)
E/HandyNewsLog( 8101): 	at android.database.sqlite.SQLiteConnection.acquirePreparedStatement(SQLiteConnection.java:889)
E/HandyNewsLog( 8101): 	at android.database.sqlite.SQLiteConnection.prepare(SQLiteConnection.java:500)
E/HandyNewsLog( 8101): 	at android.database.sqlite.SQLiteSession.prepare(SQLiteSession.java:588)
E/HandyNewsLog( 8101): 	at android.database.sqlite.SQLiteProgram.<init>(SQLiteProgram.java:58)
E/HandyNewsLog( 8101): 	at android.database.sqlite.SQLiteQuery.<init>(SQLiteQuery.java:37)
E/HandyNewsLog( 8101): 	at android.database.sqlite.SQLiteDirectCursorDriver.query(SQLiteDirectCursorDriver.java:44)
E/HandyNewsLog( 8101): 	at android.database.sqlite.SQLiteDatabase.rawQueryWithFactory(SQLiteDatabase.java:1314)
E/HandyNewsLog( 8101): 	at android.database.sqlite.SQLiteQueryBuilder.query(SQLiteQueryBuilder.java:400)
E/HandyNewsLog( 8101): 	at android.database.sqlite.SQLiteQueryBuilder.query(SQLiteQueryBuilder.java:294)
E/HandyNewsLog( 8101): 	at ru.yanus171.feedexfork.provider.FeedDataContentProvider.query(FeedDataContentProvider.java:414)
E/HandyNewsLog( 8101): 	at android.content.ContentProvider.query(ContentProvider.java:857)
E/HandyNewsLog( 8101): 	at ru.yanus171.feedexfork.provider.FeedDataContentProvider.query(FeedDataContentProvider.java:103)
E/HandyNewsLog( 8101): 	at android.content.ContentProvider$Transport.query(ContentProvider.java:200)
E/HandyNewsLog( 8101): 	at android.content.ContentResolver.query(ContentResolver.java:461)
E/HandyNewsLog( 8101): 	at android.content.ContentResolver.query(ContentResolver.java:404)
E/HandyNewsLog( 8101): 	at ru.yanus171.feedexfork.utils.LabelVoc.init_(LabelVoc.kt:90)
E/HandyNewsLog( 8101): 	at ru.yanus171.feedexfork.utils.LabelVoc.access$init_(LabelVoc.kt:63)
E/HandyNewsLog( 8101): 	at ru.yanus171.feedexfork.utils.LabelVoc$initInThread$2.run(LabelVoc.kt:194)
E/HandyNewsLog( 8101): 	at java.lang.Thread.run(Thread.java:841)
E/HandyNewsLog( 8101): 
E/HandyNewsLog( 8101): -------------------
E/HandyNewsLog( 8101): Version : 0.16.1
E/HandyNewsLog( 8101): Version Code: 235
E/HandyNewsLog( 8101): Package : ru.yanus171.feedexfork
E/HandyNewsLog( 8101): FilePath : /data/data/ru.yanus171.feedexfork/files
E/HandyNewsLog( 8101): Phone Model: Android SDK built for x86
E/HandyNewsLog( 8101): Android Version : 4.4.2
E/HandyNewsLog( 8101): User : android-build
E/HandyNewsLog( 8101): Total Internal memory : 790536192
E/HandyNewsLog( 8101): Available Internal memory : 509026304
E/HandyNewsLog( 8101): -------------------
W/System.err( 8101): 	at android.content.Loader.deliverResult(Loader.java:144)
W/System.err( 8101): 	at android.content.CursorLoader.deliverResult(CursorLoader.java:110)
W/System.err( 8101): 	at android.content.CursorLoader.deliverResult(CursorLoader.java:43)
W/System.err( 8101): 	at android.content.AsyncTaskLoader.dispatchOnLoadComplete(AsyncTaskLoader.java:265)
W/System.err( 8101): 	at android.content.AsyncTaskLoader$LoadTask.onPostExecute(AsyncTaskLoader.java:92)
W/System.err( 8101): 	at android.os.AsyncTask.finish(AsyncTask.java:632)
W/System.err( 8101): 	at android.os.AsyncTask.access$600(AsyncTask.java:177)
W/System.err( 8101): 	at android.os.AsyncTask$InternalHandler.handleMessage(AsyncTask.java:645)
W/System.err( 8101): 	at android.os.Handler.dispatchMessage(Handler.java:102)
W/System.err( 8101): 	at android.os.Looper.loop(Looper.java:136)
W/System.err( 8101): 	at android.app.ActivityThread.main(ActivityThread.java:5017)
W/System.err( 8101): 	at java.lang.reflect.Method.invokeNative(Native Method)
W/System.err( 8101): 	at java.lang.reflect.Method.invoke(Method.java:515)
W/System.err( 8101): 	at com.android.internal.os.ZygoteInit$MethodAndArgsCaller.run(ZygoteInit.java:779)
W/System.err( 8101): 	at com.android.internal.os.ZygoteInit.main(ZygoteInit.java:595)
W/System.err( 8101): 	at dalvik.system.NativeStart.main(Native Method)
W/System.err( 8101): android.database.sqlite.SQLiteException: no such table: entrylabel (code 1): , while compiling: SELECT entry_id, label_id FROM entrylabel
W/System.err( 8101): 	at android.database.sqlite.SQLiteConnection.nativePrepareStatement(Native Method)
W/System.err( 8101): 	at android.database.sqlite.SQLiteConnection.acquirePreparedStatement(SQLiteConnection.java:889)
W/System.err( 8101): 	at android.database.sqlite.SQLiteConnection.prepare(SQLiteConnection.java:500)
W/System.err( 8101): 	at android.database.sqlite.SQLiteSession.prepare(SQLiteSession.java:588)
W/System.err( 8101): 	at android.database.sqlite.SQLiteProgram.<init>(SQLiteProgram.java:58)
W/System.err( 8101): 	at android.database.sqlite.SQLiteQuery.<init>(SQLiteQuery.java:37)
W/System.err( 8101): 	at android.database.sqlite.SQLiteDirectCursorDriver.query(SQLiteDirectCursorDriver.java:44)
W/System.err( 8101): 	at android.database.sqlite.SQLiteDatabase.rawQueryWithFactory(SQLiteDatabase.java:1314)
W/System.err( 8101): 	at android.database.sqlite.SQLiteQueryBuilder.query(SQLiteQueryBuilder.java:400)
W/System.err( 8101): 	at android.database.sqlite.SQLiteQueryBuilder.query(SQLiteQueryBuilder.java:294)
W/System.err( 8101): 	at ru.yanus171.feedexfork.provider.FeedDataContentProvider.query(FeedDataContentProvider.java:414)
W/System.err( 8101): 	at android.content.ContentProvider.query(ContentProvider.java:857)
W/System.err( 8101): 	at ru.yanus171.feedexfork.provider.FeedDataContentProvider.query(FeedDataContentProvider.java:103)
W/System.err( 8101): 	at android.content.ContentProvider$Transport.query(ContentProvider.java:200)
W/System.err( 8101): 	at android.content.ContentResolver.query(ContentResolver.java:461)
W/System.err( 8101): 	at android.content.ContentResolver.query(ContentResolver.java:404)
W/System.err( 8101): 	at ru.yanus171.feedexfork.utils.LabelVoc.init_(LabelVoc.kt:90)
W/System.err( 8101): 	at ru.yanus171.feedexfork.utils.LabelVoc.access$init_(LabelVoc.kt:63)
W/System.err( 8101): 	at ru.yanus171.feedexfork.utils.LabelVoc$initInThread$2.run(LabelVoc.kt:194)
W/System.err( 8101): 	at java.lang.Thread.run(Thread.java:841)
D/gralloc_ranchu( 1143): gralloc_alloc: Creating ashmem region of size 1323008
I/ActivityManager( 1566): START u0 {act=android.intent.action.CHOOSER flg=0x10000001 cmp=android/com.android.internal.app.ChooserActivity (has clip) (has extras)} from pid 8101
D/        ( 1566): HostConnection::get() New Host Connection established 0xb7d43490, tid 1702
D/dalvikvm( 1566): GC_FOR_ALLOC freed 118K, 30% free 9796K/13836K, paused 8ms, total 9ms
I/dalvikvm-heap( 1566): Grow heap (frag case) to 10.258MB for 656856-byte allocation
D/dalvikvm( 1566): GC_FOR_ALLOC freed 8K, 28% free 10429K/14480K, paused 8ms, total 8ms
I/AndroidRuntime( 8101): VM exiting with result code 1, cleanup skipped.
I/ActivityManager( 1566): START u0 {act=android.intent.action.CHOOSER flg=0x10000001 cmp=android/com.android.internal.app.ChooserActivity (has clip) (has extras)} from pid 8101
D/Zygote  ( 1144): Process 8101 exited cleanly (1)
W/InputDispatcher( 1566): channel '9d55d7f0 ru.yanus171.feedexfork/ru.yanus171.feedexfork.activity.HomeActivity (server)' ~ Consumer closed input channel or an error occurred.  events=0x9
E/InputDispatcher( 1566): channel '9d55d7f0 ru.yanus171.feedexfork/ru.yanus171.feedexfork.activity.HomeActivity (server)' ~ Channel is unrecoverably broken and will be disposed!
W/InputDispatcher( 1566): Attempted to unregister already unregistered input channel '9d55d7f0 ru.yanus171.feedexfork/ru.yanus171.feedexfork.activity.HomeActivity (server)'
D/AndroidRuntime( 8090): Shutting down VM
D/dalvikvm( 8090): GC_CONCURRENT freed 96K, 15% free 557K/656K, paused 0ms+0ms, total 1ms
I/ActivityManager( 1566): Process ru.yanus171.feedexfork (pid 8101) has died.
I/WindowState( 1566): WIN DEATH: Window{9d55d7f0 u0 ru.yanus171.feedexfork/ru.yanus171.feedexfork.activity.HomeActivity}
W/ActivityManager( 1566): Force removing ActivityRecord{9d4c2668 u0 ru.yanus171.feedexfork/.activity.HomeActivity t14}: app died, no saved state
W/ActivityManager( 1566): Crash of app ru.yanus171.feedexfork running instrumentation ComponentInfo{it.unina.android.ripper/android.test.InstrumentationTestRunner}
I/ActivityManager( 1566): Force stopping ru.yanus171.feedexfork appid=10089 user=0: finished inst
D/EGL_emulation( 1720): eglMakeCurrent: 0xb7c2f9d0: ver 3 0
I/ActivityManager( 1566): Start proc ru.yanus171.feedexfork for activity android/com.android.internal.app.ChooserActivity: pid=8125 uid=1000 gids={41000, 1028, 1015, 3002, 3001, 3003}
I/ActivityManager( 1566): START u0 {act=android.intent.action.SEND typ=plain/text flg=0x3000001 cmp=com.android.email/.activity.ComposeActivityEmail (has clip) (has extras)} from pid 8125
I/ActivityManager( 1566): Start proc com.android.email for activity com.android.email/.activity.ComposeActivityEmail: pid=8139 uid=10026 gids={50026, 3003, 1028, 1015}
D/EGL_emulation( 1720): eglMakeCurrent: 0xb7c2f9d0: ver 3 0
E/EGL_emulation( 1720): tid 1720: eglSurfaceAttrib(1199): error 0x3009 (EGL_BAD_MATCH)
W/HardwareRenderer( 1720): Backbuffer cannot be preserved
D/EGL_emulation( 1720): eglMakeCurrent: 0xb7c2f9d0: ver 3 0
D/gralloc_ranchu( 1143): gralloc_alloc: Creating ashmem region of size 7753728
D/EGL_emulation( 1720): eglMakeCurrent: 0xb7c2f9d0: ver 3 0
D/gralloc_ranchu( 1143): gralloc_alloc: Creating ashmem region of size 7753728
D/dalvikvm( 8139): GC_CONCURRENT freed 213K, 8% free 3194K/3472K, paused 2ms+1ms, total 9ms
D/dalvikvm( 8139): GC_CONCURRENT freed 55K, 5% free 3562K/3740K, paused 1ms+0ms, total 3ms
D/dalvikvm( 8139): GC_FOR_ALLOC freed 17K, 5% free 3565K/3740K, paused 4ms, total 4ms
W/ActivityManager( 1566): Unable to start service Intent { cmp=com.android.email/.service.AttachmentDownloadService } U=0: not found
I/dalvikvm-heap( 8139): Grow heap (frag case) to 5.392MB for 1939932-byte allocation
D/dalvikvm( 8139): GC_FOR_ALLOC freed 5K, 4% free 5454K/5636K, paused 4ms, total 4ms
D/dalvikvm( 8139): GC_CONCURRENT freed 6K, 4% free 5458K/5636K, paused 1ms+0ms, total 2ms
I/Email   ( 8139): Observing account changes for notifications
D/EGL_emulation( 1720): eglMakeCurrent: 0xb7c2f9d0: ver 3 0
D/dalvikvm( 8139): GC_CONCURRENT freed 53K, 2% free 6156K/6276K, paused 0ms+2ms, total 4ms
D/dalvikvm( 8139): WAIT_FOR_CONCURRENT_GC blocked 1ms
V/WebViewChromium( 8139): Binding Chromium to the background looper Looper (main, tid 1) {9d018110}
I/chromium( 8139): [INFO:library_loader_hooks.cc(112)] Chromium logging enabled: level = 0, default verbosity = 0
I/BrowserProcessMain( 8139): Initializing chromium process, renderers=0
W/chromium( 8139): [WARNING:proxy_service.cc(888)] PAC support disabled because there is no system implementation
D/        ( 8139): HostConnection::get() New Host Connection established 0xb7c37410, tid 8139
D/EGL_emulation( 8139): eglCreateContext: 0xb7c38130: maj 3 min 0 rcv 3
D/EGL_emulation( 8139): eglMakeCurrent: 0xb7c38130: ver 3 0
E/eglCodecCommon( 8139): glUtilsParamSize: unknow param 0x00008cdf
E/eglCodecCommon( 8139): glUtilsParamSize: unknow param 0x00008824
I/ActivityManager( 1566): START u0 {act=android.intent.action.EDIT dat=content://ui.email.android.com/settings cmp=com.android.email/.activity.setup.AccountSettings (has extras)} from pid 8139
I/ActivityManager( 1566): START u0 {flg=0x2000000 cmp=com.android.email/.activity.setup.AccountSetupBasics (has extras)} from pid 8139
D/dalvikvm( 8139): GC_CONCURRENT freed 242K, 5% free 6882K/7188K, paused 0ms+0ms, total 4ms
D/EGL_emulation( 8139): eglCreateContext: 0xb7c79780: maj 3 min 0 rcv 3
D/EGL_emulation( 8139): eglMakeCurrent: 0xb7c79780: ver 3 0
E/eglCodecCommon( 8139): glUtilsParamSize: unknow param 0x00008cdf
E/eglCodecCommon( 8139): glUtilsParamSize: unknow param 0x00008824
E/EGL_emulation( 8139): tid 8139: eglSurfaceAttrib(1199): error 0x3009 (EGL_BAD_MATCH)
W/HardwareRenderer( 8139): Backbuffer cannot be preserved
D/OpenGLRenderer( 8139): Enabling debug mode 0
I/ActivityManager( 1566): Displayed com.android.email/.activity.setup.AccountSetupBasics: +132ms (total +1s91ms)
D/dalvikvm( 1566): GC_FOR_ALLOC freed 1555K, 26% free 10733K/14480K, paused 8ms, total 9ms
I/ContentMaintenance( 1946): Internal cache bytes used: 0; limit: 39526809; download size: 0
I/RealtimeCacheCleanup( 1946): Beginning Realtime garbage collection.
I/RealtimeCacheCleanup( 1946): Finished Realtime garbage collection.
D/dalvikvm( 1566): GC_FOR_ALLOC freed 2210K, 28% free 10462K/14480K, paused 7ms, total 7ms
I/NetworkScheduler.Stats( 1688): Task com.google.android.gms/com.google.android.gms.icing.service.IcingGcmTaskService started execution. cause:4 exec_start_elapsed_seconds: 977 [CONTEXT service_id=218 ]
I/NetworkScheduler.Stats( 1688): Task com.google.android.gms/com.google.android.gms.icing.service.IcingGcmTaskService finished executing. cause:4 result: 1 elapsed_millis: 11 uptime_millis: 11 exec_start_elapsed_seconds: 977 [CONTEXT service_id=218 ]
I/NetworkScheduler.Stats( 1688): Task com.google.android.gms/com.google.android.gms.checkin.EventLogService started execution. cause:5 exec_start_elapsed_seconds: 977 [CONTEXT service_id=218 ]
I/Checkin ( 1946): [EventLogChimeraService] Opted in for usage reporting: false
I/Checkin ( 1946): [EventLogChimeraService] Aggregate from 1629045534602 (log), 0 (data)
D/dalvikvm( 1946): GC_FOR_ALLOC freed 2101K, 20% free 11179K/13856K, paused 10ms, total 10ms
I/NetworkScheduler.Stats( 1688): Task com.google.android.gms/com.google.android.gms.checkin.EventLogService finished executing. cause:5 result: 1 elapsed_millis: 54 uptime_millis: 54 exec_start_elapsed_seconds: 977 [CONTEXT service_id=218 ]
D/dalvikvm( 1566): GC_FOR_ALLOC freed 1860K, 28% free 10475K/14480K, paused 7ms, total 7ms
D/AndroidRuntime( 8275): 
D/AndroidRuntime( 8275): >>>>>> AndroidRuntime START com.android.internal.os.RuntimeInit <<<<<<
W/linker  ( 8275): libdvm.so has text relocations. This is wasting memory and is a security risk. Please fix.
D/AndroidRuntime( 8275): CheckJNI is ON
D/dalvikvm( 8275): Trying to load lib libjavacore.so 0x0
D/dalvikvm( 8275): Added shared lib libjavacore.so 0x0
D/dalvikvm( 8275): Trying to load lib libnativehelper.so 0x0
D/dalvikvm( 8275): Added shared lib libnativehelper.so 0x0
D/dalvikvm( 8275): No JNI_OnLoad found in libnativehelper.so 0x0, skipping init
D/dalvikvm( 8275): Note: class Landroid/app/ActivityManagerNative; has 179 unimplemented (abstract) methods
E/memtrack( 8275): Couldn't load memtrack module (No such file or directory)
E/android.os.Debug( 8275): failed to load memtrack module: -2
D/AndroidRuntime( 8275): Calling main entry com.android.commands.pm.Pm
D/AndroidRuntime( 8275): Shutting down VM
D/dalvikvm( 8275): GC_CONCURRENT freed 93K, 15% free 557K/652K, paused 0ms+1ms, total 1ms
D/AndroidRuntime( 8288): 
D/AndroidRuntime( 8288): >>>>>> AndroidRuntime START com.android.internal.os.RuntimeInit <<<<<<
W/linker  ( 8288): libdvm.so has text relocations. This is wasting memory and is a security risk. Please fix.
D/AndroidRuntime( 8288): CheckJNI is ON
D/dalvikvm( 8288): Trying to load lib libjavacore.so 0x0
D/dalvikvm( 8288): Added shared lib libjavacore.so 0x0
D/dalvikvm( 8288): Trying to load lib libnativehelper.so 0x0
D/dalvikvm( 8288): Added shared lib libnativehelper.so 0x0
D/dalvikvm( 8288): No JNI_OnLoad found in libnativehelper.so 0x0, skipping init
D/dalvikvm( 8288): Note: class Landroid/app/ActivityManagerNative; has 179 unimplemented (abstract) methods
E/memtrack( 8288): Couldn't load memtrack module (No such file or directory)
E/android.os.Debug( 8288): failed to load memtrack module: -2
D/AndroidRuntime( 8288): Calling main entry com.android.commands.pm.Pm
I/GeofencerStateMachine( 1688): removeGeofences: removeRequest=RemoveGeofencingRequest[REMOVE_ALL packageName=ru.yanus171.feedexfork]
D/Documents( 2537): Used cached roots for com.android.providers.downloads.documents
D/Documents( 2537): Used cached roots for com.android.externalstorage.documents
D/Documents( 2537): Used cached roots for com.android.providers.media.documents
D/Documents( 2537): Update found 6 roots in 2ms
D/keystore( 1148): calling clear_uid in state: 3
I/ActivityManager( 1566): Force stopping ru.yanus171.feedexfork appid=10089 user=0: clear data
D/AndroidRuntime( 8288): Shutting down VM
D/dalvikvm( 8288): GC_CONCURRENT freed 92K, 15% free 549K/644K, paused 0ms+0ms, total 0ms
I/Fitness ( 1688): FitCleanupIntentOperation received Intent android.intent.action.PACKAGE_DATA_CLEARED [CONTEXT service_id=17 ]
I/Icing   ( 1946): doRemovePackageData ru.yanus171.feedexfork
D/AndroidRuntime( 8315): 
D/AndroidRuntime( 8315): >>>>>> AndroidRuntime START com.android.internal.os.RuntimeInit <<<<<<
W/linker  ( 8315): libdvm.so has text relocations. This is wasting memory and is a security risk. Please fix.
D/AndroidRuntime( 8315): CheckJNI is ON
D/dalvikvm( 8315): Trying to load lib libjavacore.so 0x0
D/dalvikvm( 8315): Added shared lib libjavacore.so 0x0
D/dalvikvm( 8315): Trying to load lib libnativehelper.so 0x0
D/dalvikvm( 8315): Added shared lib libnativehelper.so 0x0
D/dalvikvm( 8315): No JNI_OnLoad found in libnativehelper.so 0x0, skipping init
D/dalvikvm( 8315): Note: class Landroid/app/ActivityManagerNative; has 179 unimplemented (abstract) methods
E/memtrack( 8315): Couldn't load memtrack module (No such file or directory)
E/android.os.Debug( 8315): failed to load memtrack module: -2
D/AndroidRuntime( 8315): Calling main entry com.android.commands.pm.Pm
I/ActivityManager( 1566): Force stopping ru.yanus171.feedexfork appid=10089 user=-1: uninstall pkg
W/PackageManager( 1566): Couldn't delete native library directory /data/app-lib/ru.yanus171.feedexfork
I/PackageManager( 1566): Removing old permission: ru.yanus171.feedexfork.provider.WRITE_PERMISSION from package ru.yanus171.feedexfork
W/PackageManager( 1566): Unknown permission com.android.smspush.WAPPUSH_MANAGER_BIND in package com.android.phone
W/PackageManager( 1566): Unknown permission com.android.vending.billing.BILLING_ACCOUNT_SERVICE in package com.google.android.gsf.login
W/PackageManager( 1566): Unknown permission com.android.vending.billing.ADD_CREDIT_CARD in package com.google.android.gsf.login
W/PackageManager( 1566): Unknown permission com.android.vending.billing.IBillingAccountService.BIND2 in package com.google.android.gsf.login
W/PackageManager( 1566): Unknown permission com.android.vending.TOS_ACKED in package com.google.android.gsf.login
W/PackageManager( 1566): Unknown permission com.android.chrome.TOS_ACKED in package com.google.android.gsf.login
W/PackageManager( 1566): Not granting permission android.permission.ACCESS_DOWNLOAD_MANAGER to package com.android.browser (protectionLevel=18 flags=0x89be45)
W/PackageManager( 1566): Not granting permission android.permission.SEND_DOWNLOAD_COMPLETED_INTENTS to package com.android.browser (protectionLevel=2 flags=0x89be45)
W/PackageManager( 1566): Not granting permission android.permission.BIND_APPWIDGET to package com.android.widgetpreview (protectionLevel=18 flags=0x8be44)
W/PackageManager( 1566): Unknown permission android.permission.INSTALL_DRM in package com.android.mms
W/PackageManager( 1566): Unknown permission android.permission.OBSERVE_GRANT_REVOKE_PERMISSIONS in package com.google.android.gms
W/PackageManager( 1566): Unknown permission android.permission.MANAGE_SOUND_TRIGGER in package com.google.android.gms
W/PackageManager( 1566): Unknown permission android.permission.FOREGROUND_SERVICE in package com.google.android.gms
W/PackageManager( 1566): Unknown permission android.permission.START_ACTIVITIES_FROM_BACKGROUND in package com.google.android.gms
W/PackageManager( 1566): Unknown permission android.permission.QUERY_ALL_PACKAGES in package com.google.android.gms
W/PackageManager( 1566): Unknown permission android.permission.REMOTE_DISPLAY_PROVIDER in package com.google.android.gms
W/PackageManager( 1566): Unknown permission android.permission.RECOVERY in package com.google.android.gms
W/PackageManager( 1566): Not granting permission android.permission.READ_DREAM_STATE to package com.google.android.gms (protectionLevel=2 flags=0x40c83e45)
W/PackageManager( 1566): Unknown permission android.permission.PROVIDE_TRUST_AGENT in package com.google.android.gms
W/PackageManager( 1566): Unknown permission android.permission.DISPATCH_PROVISIONING_MESSAGE in package com.google.android.gms
W/PackageManager( 1566): Unknown permission android.permission.RECOVER_KEYSTORE in package com.google.android.gms
W/PackageManager( 1566): Unknown permission android.permission.PRE_FACTORY_RESET in package com.google.android.gms
W/PackageManager( 1566): Unknown permission android.permission.MANAGE_FACTORY_RESET_PROTECTION in package com.google.android.gms
W/PackageManager( 1566): Unknown permission com.google.android.apps.enterprise.dmagent.permission.AutoSyncPermission in package com.google.android.gms
W/PackageManager( 1566): Unknown permission android.permission.CONNECTIVITY_USE_RESTRICTED_NETWORKS in package com.google.android.gms
W/PackageManager( 1566): Unknown permission android.permission.ALLOCATE_AGGRESSIVE in package com.google.android.gms
W/PackageManager( 1566): Unknown permission android.car.permission.CAR_POWER in package com.google.android.gms
W/PackageManager( 1566): Unknown permission android.permission.USE_FINGERPRINT in package com.google.android.gms
W/PackageManager( 1566): Unknown permission android.permission.USE_BIOMETRIC in package com.google.android.gms
W/PackageManager( 1566): Unknown permission android.permission.SEND_SMS_NO_CONFIRMATION in package com.google.android.gms
W/PackageManager( 1566): Unknown permission com.google.android.wearable.WRITE_SETTINGS in package com.google.android.gms
W/PackageManager( 1566): Unknown permission com.felicanetworks.mfc.permission.MFC_ACCESS in package com.google.android.gms
W/PackageManager( 1566): Unknown permission com.felicanetworks.mfc.mfi.permission.MFI_ACCESS in package com.google.android.gms
W/PackageManager( 1566): Unknown permission com.google.android.finsky.permission.INSTANT_APP_STATE in package com.google.android.gms
W/PackageManager( 1566): Unknown permission android.permission.ACCESS_BACKGROUND_LOCATION in package com.google.android.gms
W/PackageManager( 1566): Unknown permission android.permission.ACCESS_NOTIFICATION_POLICY in package com.google.android.gms
W/PackageManager( 1566): Unknown permission com.google.android.googlequicksearchbox.permission.PAUSE_HOTWORD in package com.google.android.gms
W/PackageManager( 1566): Unknown permission android.permission.MANAGE_VOICE_KEYPHRASES in package com.google.android.gms
W/PackageManager( 1566): Unknown permission android.permission.UWB in package com.google.android.gms
W/PackageManager( 1566): Unknown permission android.permission.USE_FULL_SCREEN_INTENT in package com.google.android.gms
W/PackageManager( 1566): Unknown permission android.permission.TETHER_PRIVILEGED in package com.google.android.gms
W/PackageManager( 1566): Unknown permission android.permission.CONTROL_DISPLAY_SATURATION in package com.google.android.gms
W/PackageManager( 1566): Unknown permission android.permission.REAL_GET_TASKS in package com.google.android.gms
W/PackageManager( 1566): Unknown permission com.google.android.finsky.permission.BIND_GET_INSTALL_REFERRER_SERVICE in package com.google.android.gms
