D/ConnectivityService( 1572): [CheckMp] isMobileOk: linkHasIpv4=true linkHasIpv6=false
D/ConnectivityService( 1572): requestRouteToHostAddress ok=true
D/ConnectivityService( 1572): [CheckMp] isMobileOk: wait to establish route to hostAddr=clients3.google.com/172.217.13.110
I/ActivityManager( 1572): Start proc com.google.android.gms for service com.google.android.gms/.chimera.GmsIntentOperationService: pid=2089 uid=10007 gids={50007, 3003, 1007, 1028, 1015, 3002, 3001, 3007, 2001, 3006}
D/ConnectivityService( 1572): [CheckMp] isMobileOk: newUrl=https://172.217.13.110/generate_204
W/ActivityThread( 1572): ClassLoader.loadClass: The class loader returned by Thread.getContextClassLoader() may fail for processes that host multiple applications. You should explicitly specify a context class loader. For example: Thread.setContextClassLoader(getClass().getClassLoader());
D/ConnectivityService( 1572): [CheckMp] isMobileOk: hostnameVerify retVal=true hostname=172.217.13.110 orgUriHost=clients3.google.com
D/ConnectivityService( 1572): [CheckMp] isMobileOk: headers={null=[HTTP/1.1 204 No Content], Alt-Svc=[h3=":443"; ma=2592000,h3-29=":443"; ma=2592000,h3-T051=":443"; ma=2592000,h3-Q050=":443"; ma=2592000,h3-Q046=":443"; ma=2592000,h3-Q043=":443"; ma=2592000,quic=":443"; ma=2592000; v="46,43"], Connection=[close], Content-Length=[0], Date=[Sun, 15 Aug 2021 08:12:16 GMT], X-Android-Received-Millis=[1629015135573], X-Android-Response-Source=[NETWORK 204], X-Android-Selected-Transport=[http/1.1], X-Android-Sent-Millis=[1629015135559]}
D/ConnectivityService( 1572): [CheckMp] isMobileOk: X got expected responseCode=204 result=1
D/ConnectivityService( 1572): [CheckMp] isMobileOk: F stop hipri
D/ConnectivityService( 1572): stopUsingNetworkFeature: teardown net 0: enableHIPRI
D/MobileDataStateTracker( 1572): default: setEnableFailFastMobileData(enabled=0)
D/MobileDataStateTracker( 1572): hipri: Broadcast received: android.intent.action.ANY_DATA_STATE apnType=hipri
D/MobileDataStateTracker( 1572): hipri: Received state=DISCONNECTED, old=CONNECTED, reason=dataDisabled
D/MobileDataStateTracker( 1572): hipri: setDetailed state, old =CONNECTED and new state=DISCONNECTED
D/ConnectivityService( 1572): ConnectivityChange for mobile_hipri: DISCONNECTED/DISCONNECTED
D/Nat464Xlat( 1572): requiresClat: netType=5, hasIPv4Address=true
I/ActivityManager( 1572): Start proc com.android.music for broadcast com.android.music/.MediaButtonIntentReceiver: pid=2154 uid=10036 gids={50036, 3003, 1028, 1015}
W/ActivityManager( 1572): Unable to start service Intent { act=com.google.android.gms.auth.key.retrieval.service.START pkg=com.google.android.gms } U=0: not found
W/ActivityManager( 1572): Unbind failed: could not find connection for android.os.BinderProxy@9d0a82c0
W/ActivityManager( 1572): Unable to start service Intent { act=com.google.android.gms.nearby.discovery:ACTION_INIT_MESSAGES_PATH cmp=com.google.android.gms/.nearby.discovery.service.DiscoveryService } U=0: not found
I/ActivityManager( 1572): Start proc com.google.android.gms.ui for service com.google.android.gms/.chimera.UiIntentOperationService: pid=2250 uid=10007 gids={50007, 3003, 1007, 1028, 1015, 3002, 3001, 3007, 2001, 3006}
I/PackageManager( 1572): Adding preferred activity ComponentInfo{com.android.mms/com.android.mms.ui.ComposeMessageActivity} for user 0 :
I/PackageManager( 1572): Adding preferred activity ComponentInfo{com.android.mms/com.android.mms.ui.ComposeMessageActivity} for user 0 :
I/PackageManager( 1572): Adding preferred activity ComponentInfo{com.android.mms/com.android.mms.ui.ComposeMessageActivity} for user 0 :
I/PackageManager( 1572): Adding preferred activity ComponentInfo{com.android.mms/com.android.mms.ui.ComposeMessageActivity} for user 0 :
I/PackageManager( 1572): Adding preferred activity ComponentInfo{com.android.mms/com.android.mms.ui.ComposeMessageActivity} for user 0 :
I/PackageManager( 1572): Adding preferred activity ComponentInfo{com.android.mms/com.android.mms.ui.ComposeMessageActivity} for user 0 :
I/PackageManager( 1572): Adding preferred activity ComponentInfo{com.android.mms/com.android.mms.ui.ComposeMessageActivity} for user 0 :
I/PackageManager( 1572): Adding preferred activity ComponentInfo{com.android.mms/com.android.mms.ui.ComposeMessageActivity} for user 0 :
I/PackageManager( 1572): Adding preferred activity ComponentInfo{com.android.mms/com.android.mms.ui.ComposeMessageActivity} for user 0 :
I/PackageManager( 1572): Adding preferred activity ComponentInfo{com.android.mms/com.android.mms.ui.ComposeMessageActivity} for user 0 :
I/PackageManager( 1572): Adding preferred activity ComponentInfo{com.android.mms/com.android.mms.ui.ComposeMessageActivity} for user 0 :
I/PackageManager( 1572): Adding preferred activity ComponentInfo{com.android.mms/com.android.mms.ui.ComposeMessageActivity} for user 0 :
I/PackageManager( 1572): Adding preferred activity ComponentInfo{com.android.mms/com.android.mms.ui.ComposeMessageActivity} for user 0 :
I/PackageManager( 1572): Adding preferred activity ComponentInfo{com.android.mms/com.android.mms.ui.ComposeMessageActivity} for user 0 :
I/PackageManager( 1572): Adding preferred activity ComponentInfo{com.android.mms/com.android.mms.ui.ComposeMessageActivity} for user 0 :
I/PackageManager( 1572): Adding preferred activity ComponentInfo{com.android.mms/com.android.mms.ui.ComposeMessageActivity} for user 0 :
I/PackageManager( 1572): Adding preferred activity ComponentInfo{com.android.mms/com.android.mms.ui.ComposeMessageActivity} for user 0 :
I/PackageManager( 1572): Adding preferred activity ComponentInfo{com.android.mms/com.android.mms.ui.ComposeMessageActivity} for user 0 :
I/PackageManager( 1572): Adding preferred activity ComponentInfo{com.android.mms/com.android.mms.ui.ComposeMessageActivity} for user 0 :
I/PackageManager( 1572): Adding preferred activity ComponentInfo{com.android.mms/com.android.mms.ui.ComposeMessageActivity} for user 0 :
I/PackageManager( 1572): Adding preferred activity ComponentInfo{com.android.mms/com.android.mms.ui.ComposeMessageActivity} for user 0 :
I/PackageManager( 1572): Adding preferred activity ComponentInfo{com.android.mms/com.android.mms.ui.ComposeMessageActivity} for user 0 :
I/PackageManager( 1572): Adding preferred activity ComponentInfo{com.android.mms/com.android.mms.ui.ComposeMessageActivity} for user 0 :
I/PackageManager( 1572): Adding preferred activity ComponentInfo{com.android.mms/com.android.mms.ui.ComposeMessageActivity} for user 0 :
I/PackageManager( 1572): Adding preferred activity ComponentInfo{com.android.mms/com.android.mms.ui.ComposeMessageActivity} for user 0 :
I/PackageManager( 1572): Adding preferred activity ComponentInfo{com.android.mms/com.android.mms.ui.ComposeMessageActivity} for user 0 :
I/PackageManager( 1572): Adding preferred activity ComponentInfo{com.android.mms/com.android.mms.ui.ComposeMessageActivity} for user 0 :
I/PackageManager( 1572): Adding preferred activity ComponentInfo{com.android.mms/com.android.mms.ui.ComposeMessageActivity} for user 0 :
I/PackageManager( 1572): Adding preferred activity ComponentInfo{com.android.mms/com.android.mms.ui.ComposeMessageActivity} for user 0 :
I/PackageManager( 1572): Adding preferred activity ComponentInfo{com.android.mms/com.android.mms.ui.ComposeMessageActivity} for user 0 :
I/PackageManager( 1572): Adding preferred activity ComponentInfo{com.android.mms/com.android.mms.ui.ComposeMessageActivity} for user 0 :
I/PackageManager( 1572): Adding preferred activity ComponentInfo{com.android.mms/com.android.mms.ui.ComposeMessageActivity} for user 0 :
W/ActivityManager( 1572): Unable to start service Intent { act=com.google.android.gms.nearby.discovery:ACTION_PERMISSION_CHANGE cmp=com.google.android.gms/.nearby.discovery.service.DiscoveryService } U=0: not found
I/ActivityManager( 1572): Delay finish: com.android.providers.contacts/.PackageIntentReceiver
I/ActivityManager( 1572): Start proc com.google.android.gms.unstable for service com.google.android.gms/.droidguard.DroidGuardService: pid=2344 uid=10007 gids={50007, 3003, 1007, 1028, 1015, 3002, 3001, 3007, 2001, 3006}
D/ConnectivityService( 1572): [CheckMp] isMobileOk: X result=1
D/ConnectivityService( 1572): [CheckMp] onPostExecute: result=1
D/ConnectivityService( 1572): CheckMp.onComplete: result=1
D/ConnectivityService( 1572): CheckMp.onComplete: ignore, connected or no connection
D/ConnectivityService( 1572): handleInetConditionHoldEnd: net=0, condition=0, published condition=0
I/CertBlacklister( 1572): Certificate blacklist changed, updating...
I/CertBlacklister( 1572): Certificate blacklist updated
I/CertBlacklister( 1572): Certificate blacklist changed, updating...
I/CertBlacklister( 1572): Certificate blacklist updated
I/ActivityManager( 1572): Resuming delayed broadcast
I/ActivityManager( 1572): Start proc com.google.android.googlequicksearchbox for broadcast com.google.android.googlequicksearchbox/com.google.android.searchcommon.summons.icing.InternalIcingCorporaProvider$CorporaChangedReceiver: pid=2447 uid=10013 gids={50013, 3003, 1028, 3002, 1015}
I/ActivityManager( 1572): Delay finish: com.google.android.googlequicksearchbox/com.google.android.searchcommon.summons.icing.InternalIcingCorporaProvider$CorporaChangedReceiver
E/ActivityThread( 2447): Failed to find provider info for com.google.android.voicesearch
E/ActivityThread( 2447): Failed to find provider info for com.google.android.partnersetup.rlzappprovider
I/ActivityManager( 1572): Resuming delayed broadcast
I/ActivityManager( 1572): Start proc com.google.android.googlequicksearchbox:launcher for broadcast com.google.android.googlequicksearchbox/com.google.android.gel.GelStubAppWatcher: pid=2478 uid=10013 gids={50013, 3003, 1028, 3002, 1015}
I/ActivityManager( 1572): Start proc com.google.android.calendar for broadcast com.google.android.calendar/com.android.calendar.widget.CalendarAppWidgetService$CalendarFactory: pid=2494 uid=10018 gids={50018, 3003}
I/ActivityManager( 1572): Start proc com.android.providers.calendar for content provider com.android.providers.calendar/.CalendarProvider2: pid=2514 uid=10001 gids={50001, 3003, 1028, 1015}
I/ActivityManager( 1572): Start proc com.android.deskclock for broadcast com.android.deskclock/.AlarmInitReceiver: pid=2527 uid=10022 gids={50022, 1028}
W/BackupManagerService( 1572): dataChanged but no participant pkg='com.android.providers.settings' uid=10022
I/ActivityManager( 1572): Start proc com.google.android.play.games for broadcast com.google.android.play.games/com.google.android.libraries.notifications.entrypoints.timezonechanged.TimezoneChangedReceiver: pid=2547 uid=10043 gids={50043, 3003}
W/ActivityManager( 1572): Unable to start service Intent { act=com.google.android.gms.instantapps.START pkg=com.google.android.gms } U=0: not found
W/ActivityManager( 1572): Unbind failed: could not find connection for android.os.BinderProxy@9d33d168
I/ActivityManager( 1572): Delaying start of: ServiceRecord{9daf9438 u0 com.google.android.play.games/com.google.android.libraries.notifications.executor.impl.basic.ChimeExecutorApiService}
I/ActivityManager( 1572): Delay finish: com.android.settings/.widget.SettingsAppWidgetProvider
I/CertBlacklister( 1572): Certificate blacklist changed, updating...
I/CertBlacklister( 1572): Certificate blacklist updated
I/PackageManager( 1572): Adding preferred activity ComponentInfo{com.android.mms/com.android.mms.ui.ComposeMessageActivity} for user 0 :
I/PackageManager( 1572): Adding preferred activity ComponentInfo{com.android.mms/com.android.mms.ui.ComposeMessageActivity} for user 0 :
I/PackageManager( 1572): Adding preferred activity ComponentInfo{com.android.mms/com.android.mms.ui.ComposeMessageActivity} for user 0 :
I/PackageManager( 1572): Adding preferred activity ComponentInfo{com.android.mms/com.android.mms.ui.ComposeMessageActivity} for user 0 :
I/PackageManager( 1572): Adding preferred activity ComponentInfo{com.android.mms/com.android.mms.ui.ComposeMessageActivity} for user 0 :
I/PackageManager( 1572): Adding preferred activity ComponentInfo{com.android.mms/com.android.mms.ui.ComposeMessageActivity} for user 0 :
I/PackageManager( 1572): Adding preferred activity ComponentInfo{com.android.mms/com.android.mms.ui.ComposeMessageActivity} for user 0 :
I/PackageManager( 1572): Adding preferred activity ComponentInfo{com.android.mms/com.android.mms.ui.ComposeMessageActivity} for user 0 :
I/PackageManager( 1572): Adding preferred activity ComponentInfo{com.android.mms/com.android.mms.ui.ComposeMessageActivity} for user 0 :
I/PackageManager( 1572): Adding preferred activity ComponentInfo{com.android.mms/com.android.mms.ui.ComposeMessageActivity} for user 0 :
I/PackageManager( 1572): Adding preferred activity ComponentInfo{com.android.mms/com.android.mms.ui.ComposeMessageActivity} for user 0 :
I/PackageManager( 1572): Adding preferred activity ComponentInfo{com.android.mms/com.android.mms.ui.ComposeMessageActivity} for user 0 :
I/PackageManager( 1572): Adding preferred activity ComponentInfo{com.android.mms/com.android.mms.ui.ComposeMessageActivity} for user 0 :
I/PackageManager( 1572): Adding preferred activity ComponentInfo{com.android.mms/com.android.mms.ui.ComposeMessageActivity} for user 0 :
I/PackageManager( 1572): Adding preferred activity ComponentInfo{com.android.mms/com.android.mms.ui.ComposeMessageActivity} for user 0 :
I/PackageManager( 1572): Adding preferred activity ComponentInfo{com.android.mms/com.android.mms.ui.ComposeMessageActivity} for user 0 :
I/ActivityManager( 1572): Resuming delayed broadcast
I/ActivityManager( 1572): Start proc com.android.dialer for broadcast com.android.dialer/.calllog.CallLogReceiver: pid=2593 uid=10004 gids={50004, 3003, 1028, 1015}
V/WiredAccessoryManager( 1572): init()
I/PowerManagerService( 1572): Boot animation finished.
I/BootReceiver( 1572): Copying audit failures to DropBox
I/BootReceiver( 1572): Checking for fsck errors
W/ActivityManager( 1572): Unable to start service Intent { cmp=com.google.android.gsf/.checkin.CheckinService } U=0: not found
I/SystemUpdateService( 1850): cancelUpdate (empty URL)
I/SystemUpdateService( 1850): cancelUpdate (empty URL)
I/ActivityManager( 1572): Start proc com.android.mms for broadcast com.android.mms/.transaction.MmsSystemEventReceiver: pid=2623 uid=10010 gids={50010, 3003, 1028, 1015}
D/CountryDetector( 1572): The first listener is added
I/ActivityManager( 1572): Delay finish: com.android.mms/.transaction.MmsSystemEventReceiver
I/ActivityManager( 1572): Resuming delayed broadcast
I/ActivityManager( 1572): Delay finish: com.android.mms/.transaction.SmsReceiver
I/ActivityManager( 1572): Resuming delayed broadcast
I/ActivityManager( 1572): Killing 1968:com.android.externalstorage/u0a6 (adj 15): empty #17
I/ActivityManager( 1572): Delay finish: com.google.android.calendar/com.android.calendar.alerts.AlertReceiver
W/ActivityManager( 1572): Unable to start service Intent { act=com.google.android.gms.auth.key.retrieval.service.START pkg=com.google.android.gms } U=0: not found
W/ActivityManager( 1572): Unbind failed: could not find connection for android.os.BinderProxy@9d302410
I/ActivityManager( 1572): Resuming delayed broadcast
I/ActivityManager( 1572): Delay finish: com.android.email/.service.EmailUpgradeBroadcastReceiver
I/ActivityManager( 1572): Resuming delayed broadcast
I/ActivityManager( 1572): Delay finish: com.android.email/.service.EmailBroadcastReceiver
I/ActivityManager( 1572): Delaying start of: ServiceRecord{9d6ff648 u0 com.android.exchange/.service.EmailSyncAdapterService}
I/ActivityManager( 1572): Resuming delayed broadcast
I/ActivityManager( 1572): Delay finish: com.google.android.syncadapters.contacts/.ContactsSyncAdapterBroadcastReceiver
I/ActivityManager( 1572): Resuming delayed broadcast
I/ActivityManager( 1572): Delay finish: com.android.deskclock/com.android.alarmclock.AnalogAppWidgetProvider
I/ActivityManager( 1572): Resuming delayed broadcast
W/BroadcastQueue( 1572): Permission Denial: broadcasting Intent { act=android.appwidget.action.APPWIDGET_UPDATE_OPTIONS flg=0x10 cmp=com.android.settings/.widget.SettingsAppWidgetProvider (has extras) } from android (pid=1944, uid=10009) is not exported from uid 1000 due to receiver com.android.settings/.widget.SettingsAppWidgetProvider
W/ActivityManager( 1572): Unable to start service Intent { cmp=com.google.android.gsf/.checkin.CheckinService } U=0: not found
W/ActivityManager( 1572): Unable to start service Intent { cmp=com.google.android.gsf/.checkin.CheckinService } U=0: not found
I/ActivityManager( 1572): Delay finish: com.google.android.gms/.chimera.GmsIntentOperationService$PersistentInternalReceiver
I/ActivityManager( 1572): Resuming delayed broadcast
--------- beginning of /dev/log/main
I/Fitness ( 1779): FitCleanupIntentOperation received Intent android.intent.action.PACKAGE_CHANGED [CONTEXT service_id=17 ]
I/ActivityManager( 1572): Delay finish: com.google.android.googlequicksearchbox/com.google.android.searchcommon.summons.icing.InternalIcingCorporaProvider$CorporaChangedReceiver
I/Icing.InternalIcingCorporaProvider( 2447): Updating corpora: A: com.android.email, C: MAYBE
I/Icing   ( 2089): IndexChimeraService.getServiceInterface callingPackage=com.google.android.googlequicksearchbox componentName=null serviceId=21
D/dalvikvm( 2089): GC_EXPLICIT freed 147K, 27% free 11043K/14956K, paused 3ms+5ms, total 26ms
W/Icing   ( 2089): No valid account for uploading user actions
I/Icing   ( 2089): Usage reports ok 0, Failed Usage reports 0, indexed 0, rejected 0
W/Launcher( 2478): setApplicationContext called twice! old=com.google.android.velvet.VelvetApplication@9d04a920 new=com.google.android.velvet.VelvetApplication@9d04a920
I/ActivityManager( 1572): Resuming delayed broadcast
I/Fitness ( 1779): OnPackageChangedOperation got intent: Intent { act=android.intent.action.PACKAGE_CHANGED dat=package:com.google.android.gsf flg=0x4000010 cmp=com.google.android.gms/.chimera.PersistentIntentOperationService (has extras) } [CONTEXT service_id=17 ]
D/dalvikvm( 1837): GC_FOR_ALLOC freed 381K, 15% free 3388K/3956K, paused 19ms, total 19ms
D/dalvikvm( 1572): GC_EXPLICIT freed 1167K, 48% free 7757K/14816K, paused 1ms+1ms, total 12ms
I/Icing.InternalIcingCorporaProvider( 2447): Updating corpora: A: com.google.android.gsf, C: MAYBE
I/ActivityManager( 1572): Delay finish: com.google.android.googlequicksearchbox/com.google.android.searchcommon.summons.icing.InternalIcingCorporaProvider$CorporaChangedReceiver
I/Fitness ( 1779): FitCleanupIntentOperation received Intent android.intent.action.PACKAGE_CHANGED [CONTEXT service_id=17 ]
D/dalvikvm( 2089): GC_EXPLICIT freed 625K, 28% free 10826K/14956K, paused 0ms+3ms, total 43ms
I/Icing   ( 2089): IndexChimeraService.getServiceInterface callingPackage=com.google.android.googlequicksearchbox componentName=null serviceId=21
D/dalvikvm( 2089): GC_EXPLICIT freed 76K, 28% free 10810K/14956K, paused 0ms+1ms, total 16ms
D/dalvikvm( 1779): GC_EXPLICIT freed 1660K, 18% free 8724K/10636K, paused 1ms+3ms, total 11ms
W/Icing   ( 2089): No valid account for uploading user actions
I/GmsModuleFndr( 2089): Beginning GMS chimera module scan
I/Icing   ( 2089): Usage reports ok 0, Failed Usage reports 0, indexed 0, rejected 0
W/Launcher( 2478): setApplicationContext called twice! old=com.google.android.velvet.VelvetApplication@9d04a920 new=com.google.android.velvet.VelvetApplication@9d04a920
I/ModuleSetMgr( 2089): Computing pending module set with APKs: [[AdsFdrDynamite.integ:21460000000], [Cronetdynamite:202414000700], [Dynamiteloader:202414000700], [Dynamitemodulesa:202414000000], [Dynamitemodulesc:202414000000], [Googlecertificates:202414000000], [Mapsdynamite:202414000000], [Measurementdynamite:202414000000]]
I/ActivityManager( 1572): Resuming delayed broadcast
I/Fitness ( 1779): OnPackageChangedOperation got intent: Intent { act=android.intent.action.PACKAGE_CHANGED dat=package:com.google.android.gms flg=0x4000010 cmp=com.google.android.gms/.chimera.PersistentIntentOperationService (has extras) } [CONTEXT service_id=17 ]
D/dalvikvm( 2447): GC_FOR_ALLOC freed 498K, 17% free 3464K/4148K, paused 2ms, total 2ms
I/ModuleSetMgr( 2089): Pending container module APKs: []
I/ModuleSetMgr( 2089): Pending non-container module APKs: []
I/Fitness ( 1779): FitCleanupIntentOperation received Intent android.intent.action.PACKAGE_CHANGED [CONTEXT service_id=17 ]
I/ActivityManager( 1572): Delay finish: com.google.android.googlequicksearchbox/com.google.android.searchcommon.summons.icing.InternalIcingCorporaProvider$CorporaChangedReceiver
I/Icing   ( 2089): updateResources: need to parse wwx{com.google.android.gms}
I/Icing.InternalIcingCorporaProvider( 2447): Updating corpora: A: com.google.android.gms, C: MAYBE
D/dalvikvm( 1850): GC_EXPLICIT freed 141K, 26% free 5925K/7928K, paused 1ms+0ms, total 14ms
I/Icing   ( 2089): IndexChimeraService.getServiceInterface callingPackage=com.google.android.googlequicksearchbox componentName=null serviceId=21
E/dalvikvm( 2089): JIT code cache full
W/Icing   ( 2089): No valid account for uploading user actions
I/Icing   ( 2089): Usage reports ok 0, Failed Usage reports 0, indexed 0, rejected 0
I/ActivityManager( 1572): Resuming delayed broadcast
W/Launcher( 2478): setApplicationContext called twice! old=com.google.android.velvet.VelvetApplication@9d04a920 new=com.google.android.velvet.VelvetApplication@9d04a920
I/Fitness ( 1779): OnPackageChangedOperation got intent: Intent { act=android.intent.action.PACKAGE_CHANGED dat=package:com.android.settings flg=0x4000010 cmp=com.google.android.gms/.chimera.PersistentIntentOperationService (has extras) } [CONTEXT service_id=17 ]
I/Fitness ( 1779): FitCleanupIntentOperation received Intent android.intent.action.PACKAGE_CHANGED [CONTEXT service_id=17 ]
I/Icing.InternalIcingCorporaProvider( 2447): Updating corpora: A: com.android.settings, C: MAYBE
I/ActivityManager( 1572): Delay finish: com.google.android.googlequicksearchbox/com.google.android.searchcommon.summons.icing.InternalIcingCorporaProvider$CorporaChangedReceiver
I/ahju    ( 1779): Scheduling Phenotype for a PhenotypeSyncImmediately(6, org.chromium.net.cronet) one off with window [1, 2] in seconds [CONTEXT service_id=51 ]
I/SystemUpdate( 2089): [Installation,ReceiverIntentOperation] Received intent: Intent { act=com.google.android.gms.update.BASE_MODULE_INIT cat=[targeted_intent_op_prefix:.update.control.ReceiverIntentOperation] cmp=com.google.android.gms/.chimera.GmsIntentOperationService }.
I/Icing   ( 2089): IndexChimeraService.getServiceInterface callingPackage=com.google.android.googlequicksearchbox componentName=null serviceId=21
W/dalvikvm( 2089): VFY: unable to find class referenced in signature (Landroid/service/persistentdata/PersistentDataBlockManager;)
E/dalvikvm( 2089): Could not find class 'android.service.persistentdata.PersistentDataBlockManager', referenced from method eyr.a
W/dalvikvm( 2089): VFY: unable to resolve check-cast 972 (Landroid/service/persistentdata/PersistentDataBlockManager;) in Leyr;
D/dalvikvm( 2089): VFY: replacing opcode 0x1f at 0x0022
W/dalvikvm( 2089): VFY: unable to find class referenced in signature (Landroid/service/persistentdata/PersistentDataBlockManager;)
I/dalvikvm( 2089): Could not find method android.service.persistentdata.PersistentDataBlockManager.getMaximumDataBlockSize, referenced from method eyr.a
W/dalvikvm( 2089): VFY: unable to resolve virtual method 4350: Landroid/service/persistentdata/PersistentDataBlockManager;.getMaximumDataBlockSize ()J
D/dalvikvm( 2089): VFY: replacing opcode 0x6e at 0x001e
I/dalvikvm( 2089): Could not find method android.service.persistentdata.PersistentDataBlockManager.read, referenced from method eyr.b
W/dalvikvm( 2089): VFY: unable to resolve virtual method 4351: Landroid/service/persistentdata/PersistentDataBlockManager;.read ()[B
D/dalvikvm( 2089): VFY: replacing opcode 0x6e at 0x000d
I/Auth    ( 2089): [WorkAccount] update authenticator enabled for boot or update
W/Icing   ( 2089): No valid account for uploading user actions
I/Auth    ( 1779): [WorkAccountServiceImpl] init work authenticator
I/Icing   ( 2089): Usage reports ok 0, Failed Usage reports 0, indexed 0, rejected 0
W/WakefulBroadcastReceiv.( 1850): No active wake lock id #3
D/dalvikvm( 2089): JIT code cache reset in 0 ms (523164 bytes 1/0)
D/dalvikvm( 2089): GC_FOR_ALLOC freed 1976K, 28% free 10882K/14956K, paused 14ms, total 15ms
I/Auth    ( 2089): [SupervisedAccountIntentOperation] onHandleIntent(): android.intent.action.BOOT_COMPLETED
I/Auth    ( 2089): [SupervisedAccountIntentOperation] This operation is disabled
I/Auth    ( 2089): [AuthManaged,PasswordComplexityHelperImpl] Updating password complexity components state.
I/Auth    ( 2089): [AuthManaged,PasswordComplexityHelperImpl] Disabling com.google.android.gms.auth.managed.admin.DeviceAdminReceiver
I/Auth    ( 2089): [AuthManaged,PasswordComplexityHelperImpl] Disabling com.google.android.gms.auth.managed.ui.SetNewPasswordActivity
I/AutofillModuleInitInten( 2089): AutofillModuleInitIntentOperation onInitRuntimeState(3) [CONTEXT service_id=177 ]
W/Launcher( 2478): setApplicationContext called twice! old=com.google.android.velvet.VelvetApplication@9d04a920 new=com.google.android.velvet.VelvetApplication@9d04a920
I/BackupPreLmp( 2089): [ComponentEnabler] Enabling pre-L components
I/SystemUpdate( 2089): [Execution,InstallationEventIntentOperation] Handling event of type 1.
I/Authzen ( 2089): [AuthZenEventHandler] Handling event: android.intent.action.BOOT_COMPLETED
I/Authzen ( 2089): [TransactionCache] Clearing transaction cache
I/ActivityManager( 1572): Resuming delayed broadcast
E/BluetoothAdapter( 1820): Bluetooth binder is null
D/dalvikvm( 1850): GC_EXPLICIT freed 407K, 25% free 5970K/7928K, paused 0ms+0ms, total 6ms
V/BackupPreLmp( 2089): [ComponentEnabler] Enabling Component: com.google.android.gms.backup.component.D2dPreLSourceActivity
I/SystemUpdate( 2089): [Execution,InstallationIntentOperation] Received intent: Intent { act=com.google.android.gms.update.INSTALL_UPDATE cat=[targeted_intent_op_prefix:.update.execution.InstallationIntentOperation] cmp=com.google.android.gms/.chimera.GmsIntentOperationService }.
W/ActivityManager( 1572): Unable to start service Intent { cmp=com.google.android.gsf/.checkin.CheckinService } U=0: not found
I/Checkin ( 2089): [CheckinChimeraService] onStartCommand
I/ChromeSync( 2089): [Sync,SyncIntentOperation] Handling the intent: Intent { act=android.intent.action.BOOT_COMPLETED flg=0x8000010 cmp=com.google.android.gms/.chimera.GmsIntentOperationService (has extras) }.
I/CCTBootCount( 1779): (BOOT_COMPLETE intent)Device boot count in Clearcut increased.
I/Checkin ( 2089): [CheckinChimeraService] runCheckinOnNewThread
I/Checkin ( 2089): [CheckinChimeraService] Check queued to run. Is task waiting: false
I/SystemUpdate( 2089): [Execution,ExecutionManager] Action finished-execution executed for 0.00 seconds.
W/ActivityManager( 1572): Unable to start service Intent { cmp=com.google.android.gsf/.checkin.CheckinService } U=0: not found
E/JavaBinder( 2089): !!! FAILED BINDER TRANSACTION !!!
I/Checkin ( 2089): [CheckinChimeraService] Run checkin on new thread return:1
I/Checkin ( 2089): [CheckinChimeraService] Starting Checkin Task: CheckinNowTaskTag Reason : 1 Force : false UserId: 0
D/dalvikvm( 1850): GC_EXPLICIT freed 147K, 25% free 5970K/7928K, paused 0ms+1ms, total 4ms
I/constellation( 2089): [intent_handler] Received onBootCompleted intent
I/constellation( 2089): [reboot_checker] Reboot checker check status.
I/constellation( 2089): [reboot_checker] reboot checker is disabled.
I/constellation( 2089): [intent_handler] on init with intent Intent { act=android.intent.action.BOOT_COMPLETED flg=0x8000010 cmp=com.google.android.gms/.chimera.GmsIntentOperationService (has extras) }
D/dalvikvm( 2089): GC_EXPLICIT freed 765K, 26% free 11096K/14956K, paused 1ms+10ms, total 35ms
I/dalvikvm( 2250): Could not find method android.app.admin.DeviceAdminReceiver.onChoosePrivateKeyAlias, referenced from method bpj.a
W/dalvikvm( 2250): VFY: unable to resolve virtual method 2571: Landroid/app/admin/DeviceAdminReceiver;.onChoosePrivateKeyAlias (Landroid/content/Context;Landroid/content/Intent;ILandroid/net/Uri;Ljava/lang/String;)Ljava/lang/String;
D/dalvikvm( 2250): VFY: replacing opcode 0x75 at 0x0000
I/dalvikvm( 2250): Could not find method android.app.admin.DeviceAdminReceiver.onSystemUpdatePending, referenced from method bpj.a
W/dalvikvm( 2250): VFY: unable to resolve virtual method 2583: Landroid/app/admin/DeviceAdminReceiver;.onSystemUpdatePending (Landroid/content/Context;Landroid/content/Intent;J)V
D/dalvikvm( 2250): VFY: replacing opcode 0x6f at 0x0000
I/dalvikvm( 2250): Could not find method android.app.admin.DeviceAdminReceiver.onLockTaskModeEntering, referenced from method bpj.a
W/dalvikvm( 2250): VFY: unable to resolve virtual method 2575: Landroid/app/admin/DeviceAdminReceiver;.onLockTaskModeEntering (Landroid/content/Context;Landroid/content/Intent;Ljava/lang/String;)V
D/dalvikvm( 2250): VFY: replacing opcode 0x6f at 0x0000
I/dalvikvm( 2250): Could not find method android.app.admin.DeviceAdminReceiver.onProfileProvisioningComplete, referenced from method bpj.h
W/dalvikvm( 2250): VFY: unable to resolve virtual method 2581: Landroid/app/admin/DeviceAdminReceiver;.onProfileProvisioningComplete (Landroid/content/Context;Landroid/content/Intent;)V
D/dalvikvm( 2250): VFY: replacing opcode 0x6f at 0x0000
I/dalvikvm( 2250): Could not find method android.app.admin.DeviceAdminReceiver.onReadyForUserInitialization, referenced from method bpj.i
W/dalvikvm( 2250): VFY: unable to resolve virtual method 2582: Landroid/app/admin/DeviceAdminReceiver;.onReadyForUserInitialization (Landroid/content/Context;Landroid/content/Intent;)V
D/dalvikvm( 2250): VFY: replacing opcode 0x6f at 0x0000
I/dalvikvm( 2250): Could not find method android.app.admin.DeviceAdminReceiver.onLockTaskModeExiting, referenced from method bpj.j
W/dalvikvm( 2250): VFY: unable to resolve virtual method 2576: Landroid/app/admin/DeviceAdminReceiver;.onLockTaskModeExiting (Landroid/content/Context;Landroid/content/Intent;)V
D/dalvikvm( 2250): VFY: replacing opcode 0x6f at 0x0000
I/dalvikvm( 2250): Could not find method android.app.NotificationManager.getCurrentInterruptionFilter, referenced from method nea.b
W/dalvikvm( 2250): VFY: unable to resolve virtual method 2504: Landroid/app/NotificationManager;.getCurrentInterruptionFilter ()I
D/dalvikvm( 2250): VFY: replacing opcode 0x6e at 0x0002
I/Fido    ( 2089): [FidoInitIntentOperation] Initializing Fido module, InitRuntimeState=3
I/Ads     ( 2089): Initialized AdMob in container 20.24.14 (000700-319035315)
E/MDM     ( 2089): [88] aamr.a: No Google accounts; deferring server state update.
E/PhenotypeRegOp( 2089): Attempting to overwrite config package for com.google.android.gms.games [CONTEXT service_id=231 ]
E/PhenotypeRegOp( 2089): Attempting to overwrite config package for com.google.android.gms.mobile_data_plan [CONTEXT service_id=231 ]
E/PhenotypeRegOp( 2089): Attempting to overwrite config package for com.google.android.gms.signin [CONTEXT service_id=231 ]
I/dalvikvm( 2250): Could not find method android.content.ServiceConnection.onNullBinding, referenced from method uxb.onNullBinding
W/dalvikvm( 2250): VFY: unable to resolve interface method 2566: Landroid/content/ServiceConnection;.onNullBinding (Landroid/content/ComponentName;)V
D/dalvikvm( 2250): VFY: replacing opcode 0x72 at 0x000f
E/PhenotypeRegOp( 2089): Attempting to overwrite config package for com.google.android.gms.udc [CONTEXT service_id=231 ]
I/Checkin ( 2089): [EventLogChimeraService] Opted in for usage reporting: false
I/GCM-GMS ( 2089): Scheduling task to register GMS
I/MobileDataHub( 2089): Scheduling periodic tasks
I/Herrevad( 1779): [58] wkz.a: updateListenState
W/MobileDataHub( 2089): [Service] appsupload-periodic periodic task disabled
D/dalvikvm( 1850): GC_EXPLICIT freed 126K, 25% free 6006K/7928K, paused 0ms+0ms, total 10ms
I/NewModuleOp( 2089): Schedule LanguageProfileGcmTaskChimeraService tasks. [CONTEXT service_id=167 ]
I/LPGcmTaskChimeraService( 2089): Unscheduling sync tasks. [CONTEXT service_id=167 ]
I/Checkin ( 2089): [EventLogChimeraService] Opted in for usage reporting: false
I/Checkin ( 2089): [EventLogChimeraService] Accumulating logs since 1629015139114
D/dalvikvm( 1779): GC_FOR_ALLOC freed 1806K, 19% free 8852K/10908K, paused 17ms, total 18ms
W/GCoreFlp( 1779): No location to return for getLastLocation()
D/dalvikvm( 2089): GC_EXPLICIT freed 899K, 27% free 11032K/14956K, paused 1ms+3ms, total 21ms
E/StrictMode( 2089): Finalizing a Cursor that has not been deactivated or closed. database = /data/data/com.google.android.gms/databases/matchstickv9.db, table = sharedPreference, query = SELECT * FROM sharedPreference WHERE key = ?
E/StrictMode( 2089): android.database.sqlite.DatabaseObjectNotClosedException: Application did not close the cursor or database object that was opened here
E/StrictMode( 2089): 	at android.database.sqlite.SQLiteCursor.<init>(SQLiteCursor.java:98)
E/StrictMode( 2089): 	at android.database.sqlite.SQLiteDirectCursorDriver.query(SQLiteDirectCursorDriver.java:50)
E/StrictMode( 2089): 	at android.database.sqlite.SQLiteDatabase.rawQueryWithFactory(SQLiteDatabase.java:1314)
E/StrictMode( 2089): 	at android.database.sqlite.SQLiteDatabase.queryWithFactory(SQLiteDatabase.java:1161)
E/StrictMode( 2089): 	at android.database.sqlite.SQLiteDatabase.query(SQLiteDatabase.java:1032)
E/StrictMode( 2089): 	at android.database.sqlite.SQLiteDatabase.query(SQLiteDatabase.java:1200)
E/StrictMode( 2089): 	at aqsg.a(:com.google.android.gms@202414005@20.24.14 (000700-319035315):7)
E/StrictMode( 2089): 	at aqsv.K(:com.google.android.gms@202414005@20.24.14 (000700-319035315):4)
E/StrictMode( 2089): 	at com.google.android.gms.matchstick.intent.MatchstickIntentHandler$OnModuleInitOperation.a(:com.google.android.gms@202414005@20.24.14 (000700-319035315):14)
E/StrictMode( 2089): 	at ljt.onHandleIntent(:com.google.android.gms@202414005@20.24.14 (000700-319035315):12)
E/StrictMode( 2089): 	at com.google.android.chimera.IntentOperation.onHandleIntent(:com.google.android.gms@202414005@20.24.14 (000700-319035315):2)
E/StrictMode( 2089): 	at ljm.onHandleIntent(:com.google.android.gms@202414005@20.24.14 (000700-319035315):4)
E/StrictMode( 2089): 	at bsh.run(:com.google.android.gms@202414005@20.24.14 (000700-319035315):5)
E/StrictMode( 2089): 	at bsg.run(:com.google.android.gms@202414005@20.24.14 (000700-319035315):10)
E/StrictMode( 2089): 	at java.util.concurrent.ThreadPoolExecutor.runWorker(ThreadPoolExecutor.java:1112)
E/StrictMode( 2089): 	at java.util.concurrent.ThreadPoolExecutor$Worker.run(ThreadPoolExecutor.java:587)
E/StrictMode( 2089): 	at java.lang.Thread.run(Thread.java:841)
I/MdiSyncModule( 2089): initializing module...
I/GmsSyncPolicyEngine( 2089): Periodic sync 3 disabled
I/MdiSyncModule( 2089): module initialization completed
I/SystemUpdateService( 1850): cancelUpdate (empty URL)
D/dalvikvm( 1850): GC_EXPLICIT freed 188K, 25% free 6007K/7928K, paused 0ms+0ms, total 14ms
I/LockboxService( 1779): Completed task: true [CONTEXT service_id=26 ]
I/GmsModuleFndr( 2089): Beginning GMS chimera module scan
I/Icing   ( 2089): Indexing com.google.android.googlequicksearchbox-applications from com.google.android.googlequicksearchbox
I/ModuleSetMgr( 2089): Computing pending module set with APKs: [[AdsFdrDynamite.integ:21460000000], [Cronetdynamite:202414000700], [Dynamiteloader:202414000700], [Dynamitemodulesa:202414000000], [Dynamitemodulesc:202414000000], [Googlecertificates:202414000000], [Mapsdynamite:202414000000], [Measurementdynamite:202414000000]]
I/ModuleSetMgr( 2089): Pending container module APKs: []
I/ModuleSetMgr( 2089): Pending non-container module APKs: []
D/dalvikvm( 1572): GC_EXPLICIT freed 1035K, 48% free 7848K/14816K, paused 1ms+1ms, total 18ms
I/SystemUpdateService( 1850): cancelUpdate (empty URL)
W/ActivityManager( 1572): Unable to start service Intent { act=com.google.android.gms.auth.key.retrieval.service.START pkg=com.google.android.gms } U=0: not found
E/GmsClient( 2089): unable to connect to service: com.google.android.gms.auth.key.retrieval.service.START on com.google.android.gms
I/dalvikvm( 1779): Could not find method android.app.admin.DevicePolicyManager.getProfileOwner, referenced from method com.google.android.gms.auth.managed.intentoperations.SetupWorkProfileSettingsIntentOperation.a
W/dalvikvm( 1779): VFY: unable to resolve virtual method 2591: Landroid/app/admin/DevicePolicyManager;.getProfileOwner ()Landroid/content/ComponentName;
D/dalvikvm( 1779): VFY: replacing opcode 0x6e at 0x0028
I/Herrevad( 1779): [58] wkz.a: updateListenState
W/ActivityManager( 1572): Unbind failed: could not find connection for android.os.BinderProxy@9db1c698
I/dalvikvm( 1779): Could not find method android.app.Activity.getMediaController, referenced from method com.google.android.chimera.ActivityBase.getMediaController
W/dalvikvm( 1779): VFY: unable to resolve virtual method 2155: Landroid/app/Activity;.getMediaController ()Landroid/media/session/MediaController;
D/dalvikvm( 1779): VFY: replacing opcode 0x6e at 0x0002
I/dalvikvm( 1779): Could not find method android.app.Activity.getSearchEvent, referenced from method com.google.android.chimera.ActivityBase.getSearchEvent
W/dalvikvm( 1779): VFY: unable to resolve virtual method 2160: Landroid/app/Activity;.getSearchEvent ()Landroid/view/SearchEvent;
D/dalvikvm( 1779): VFY: replacing opcode 0x6e at 0x0002
W/dalvikvm( 1779): VFY: unable to find class referenced in signature (Landroid/app/VoiceInteractor;)
W/dalvikvm( 1779): VFY: unable to find class referenced in signature (Landroid/app/VoiceInteractor;)
W/dalvikvm( 1779): VFY: unable to find class referenced in signature (Landroid/os/PersistableBundle;)
W/dalvikvm( 1779): VFY: unable to find class referenced in signature (Landroid/os/PersistableBundle;)
W/dalvikvm( 1779): VFY: unable to find class referenced in signature (Landroid/os/PersistableBundle;)
W/dalvikvm( 1779): VFY: unable to find class referenced in signature (Landroid/os/PersistableBundle;)
W/dalvikvm( 1779): VFY: unable to find class referenced in signature (Landroid/app/assist/AssistContent;)
W/dalvikvm( 1779): VFY: unable to find class referenced in signature (Landroid/app/assist/AssistContent;)
W/dalvikvm( 1779): VFY: unable to find class referenced in signature (Landroid/os/PersistableBundle;)
W/dalvikvm( 1779): VFY: unable to find class referenced in signature (Landroid/os/PersistableBundle;)
W/dalvikvm( 1779): VFY: unable to find class referenced in signature (Landroid/os/PersistableBundle;)
W/dalvikvm( 1779): VFY: unable to find class referenced in signature (Landroid/os/PersistableBundle;)
W/dalvikvm( 1779): VFY: unable to find class referenced in signature (Landroid/view/SearchEvent;)
W/dalvikvm( 1779): VFY: unable to find class referenced in signature (Landroid/view/SearchEvent;)
I/dalvikvm( 1779): Could not find method android.app.Activity.requestPermissions, referenced from method com.google.android.chimera.ActivityBase.requestPermissions
W/dalvikvm( 1779): VFY: unable to resolve virtual method 2194: Landroid/app/Activity;.requestPermissions ([Ljava/lang/String;I)V
D/dalvikvm( 1779): VFY: replacing opcode 0x6e at 0x0002
W/dalvikvm( 1779): VFY: unable to find class referenced in signature (Landroid/media/session/MediaController;)
I/dalvikvm( 1779): Could not find method android.app.Activity.setMediaController, referenced from method com.google.android.chimera.ActivityBase.setMediaController
W/dalvikvm( 1779): VFY: unable to resolve virtual method 2205: Landroid/app/Activity;.setMediaController (Landroid/media/session/MediaController;)V
D/dalvikvm( 1779): VFY: replacing opcode 0x6e at 0x0002
I/ChromeSync( 2089): [Sync,SyncIntentOperation] Handling the intent: Intent { act=com.google.gservices.intent.action.GSERVICES_CHANGED flg=0x10 cmp=com.google.android.gms/.chimera.GmsIntentOperationService$PersistentInternalReceiver }.
I/Auth    ( 1779): [AuthManaged,PasswordComplexityHelperImpl] Updating password complexity components state.
I/NearbySharing( 2089): Runtime state initialization complete. Sharing is disabled. [CONTEXT service_id=194 ]
W/ActivityManager( 1572): Unable to start service Intent { act=com.google.android.gms.nearby.discovery:ACTION_INIT_MESSAGES_PATH cmp=com.google.android.gms/.nearby.discovery.service.DiscoveryService } U=0: not found
I/NearbyDiscovery( 2089): FastPair: HeadsetPieceImage, grant permission files:0 [CONTEXT service_id=49 ]
I/Search.GservicesUpdateTask( 2447): Updating Gservices keys
I/DeletedNullContactsCleanup( 2089): Scheduling the service.
I/GStaticConfiguration( 2447): Ignore gservice update: no configuration
D/dalvikvm( 1850): GC_EXPLICIT freed 342K, 25% free 5990K/7928K, paused 2ms+1ms, total 8ms
I/MobileDataHub( 2089): Scheduling periodic tasks
W/MobileDataHub( 2089): [Service] appsupload-periodic periodic task disabled
D/dalvikvm( 1779): GC_FOR_ALLOC freed 1817K, 19% free 9012K/11080K, paused 49ms, total 49ms
I/dalvikvm( 2089): Could not find method android.location.SettingInjectorService.refreshSettings, referenced from method com.google.android.chimera.SettingInjectorService.refreshSettings
W/dalvikvm( 2089): VFY: unable to resolve static method 3755: Landroid/location/SettingInjectorService;.refreshSettings (Landroid/content/Context;)V
D/dalvikvm( 2089): VFY: replacing opcode 0x71 at 0x0000
I/Auth    ( 1779): [AuthManaged,PasswordComplexityHelperImpl] Disabling com.google.android.gms.auth.managed.admin.DeviceAdminReceiver
I/MdiSyncModule( 2089): flag handling is skipping irrelevant intent.
I/Auth    ( 1779): [AuthManaged,PasswordComplexityHelperImpl] Disabling com.google.android.gms.auth.managed.ui.SetNewPasswordActivity
I/GCM-GMS ( 2089): Scheduling task to register GMS
I/BackupAndSyncValidation( 2089): Scheduling the service.
D/AlertReceiver( 2494): onReceive: a=android.intent.action.PROVIDER_CHANGED Intent { act=android.intent.action.PROVIDER_CHANGED dat=content://com.android.calendar flg=0x10 cmp=com.google.android.calendar/com.android.calendar.alerts.AlertReceiver }
I/ActivityManager( 1572): Delay finish: com.google.android.calendar/com.android.calendar.alerts.AlertReceiver
D/dalvikvm( 1850): GC_EXPLICIT freed 137K, 25% free 5989K/7928K, paused 0ms+0ms, total 5ms
D/AlertService( 2494): 0 Action = android.intent.action.PROVIDER_CHANGED
E/dalvikvm( 1779): Could not find class 'android.app.usage.UsageStatsManager', referenced from method cme.j
W/dalvikvm( 1779): VFY: unable to resolve check-cast 613 (Landroid/app/usage/UsageStatsManager;) in Lcme;
D/dalvikvm( 1779): VFY: replacing opcode 0x1f at 0x001e
D/dalvikvm( 1779): DexOpt: unable to opt direct call 0x0a9d at 0x2e in Lcme;.j
D/dalvikvm( 2089): GC_EXPLICIT freed 1528K, 25% free 11366K/14956K, paused 7ms+3ms, total 97ms
D/dalvikvm( 2089): WAIT_FOR_CONCURRENT_GC blocked 90ms
I/dalvikvm( 1779): Could not find method android.os.PowerManager.isInteractive, referenced from method cmg.a
W/dalvikvm( 1779): VFY: unable to resolve virtual method 4227: Landroid/os/PowerManager;.isInteractive ()Z
D/dalvikvm( 1779): VFY: replacing opcode 0x6e at 0x0010
I/dalvikvm( 1779): Could not find method android.os.PowerManager.isInteractive, referenced from method clu.j
W/dalvikvm( 1779): VFY: unable to resolve virtual method 4227: Landroid/os/PowerManager;.isInteractive ()Z
D/dalvikvm( 1779): VFY: replacing opcode 0x6e at 0x0011
I/dalvikvm( 1779): Could not find method android.app.AlarmManager.getNextAlarmClock, referenced from method ckr.l
W/dalvikvm( 1779): VFY: unable to resolve virtual method 2380: Landroid/app/AlarmManager;.getNextAlarmClock ()Landroid/app/AlarmManager$AlarmClockInfo;
D/dalvikvm( 1779): VFY: replacing opcode 0x6e at 0x0004
W/MDM     ( 2089): [242] aamr.c: Device admin action is a no-op. Action: true
I/SystemUpdate( 2089): [Installation,ReceiverIntentOperation] Received intent: Intent { act=com.google.gservices.intent.action.GSERVICES_CHANGED flg=0x10 cmp=com.google.android.gms/.chimera.GmsIntentOperationService$PersistentInternalReceiver }.
I/PeopleInitIntentOp( 2089): Not initializing debuggability [CONTEXT service_id=5 ]
D/dalvikvm( 2089): GC_EXPLICIT freed 31K, 23% free 11566K/14956K, paused 2ms+5ms, total 31ms
D/dalvikvm( 2089): WAIT_FOR_CONCURRENT_GC blocked 10ms
I/CheckinRequestBuilder( 2089): Checkin reason type: 1 attempt count: 1 [CONTEXT service_id=130 ]
I/GeofencerStateMachine( 1779): removeGeofences: removeRequest=RemoveGeofencingRequest[REMOVE_BY_PENDING_INTENT pendingIntent=PendingIntent[creatorPackage=com.google.android.gms], packageName=com.google.android.gms]
V/SmartDevice( 2089): [service,SmartDeviceIntentHandlers] OnUpgradeOrBootOperation got intent: Intent { act=android.intent.action.BOOT_COMPLETED flg=0x8000010 cmp=com.google.android.gms/.chimera.GmsIntentOperationService (has extras) } with flag 3
I/SystemUpdate( 2089): [Execution,InstallationEventIntentOperation] Handling event of type 2.
I/TelephonySpam( 2089): TelephonySpamInit - On boot completed TelephonySpam module initialized
I/TelephonySpam( 2089): TelephonySpamInit - onModuleUpdated TelephonySpam module initialized
I/TelephonySpam( 2089): SpamListSync - scheduleSyncTasks
I/TelephonySpam( 2089): SpamListSync - schedulePeriodicTask
I/SystemUpdate( 2089): [Execution,InstallationIntentOperation] Received intent: Intent { act=com.google.android.gms.update.INSTALL_UPDATE cat=[targeted_intent_op_prefix:.update.execution.InstallationIntentOperation] cmp=com.google.android.gms/.chimera.GmsIntentOperationService }.
I/SystemUpdate( 2089): [Execution,ExecutionManager] Action finished-execution executed for 0.00 seconds.
D/dalvikvm( 2089): GC_EXPLICIT freed 796K, 25% free 11279K/14956K, paused 4ms+10ms, total 72ms
D/dalvikvm( 1850): GC_EXPLICIT freed 144K, 25% free 6004K/7928K, paused 0ms+0ms, total 15ms
W/ctxmgr  ( 1779): [FencePendingIntentCache]Sending CONTEXT_MANAGER_RESTARTED broadcast to com.google.android.apps.wellbeing [CONTEXT service_id=47 ]
V/EmulatedCamera_Camera( 1148): getCameraInfo
V/EmulatedCamera_BaseCamera( 1148): getCameraInfo
D/dalvikvm( 1779): DexOpt: couldn't find field Landroid/os/Message;.sendingUid
I/TelephonySpam( 2089): SpamListSync - scheduleOneTimeTask
I/OcrModelUpStIntentOp( 2089): Updating ocr activity enabled=true (phenotypeFlag=true, lowRamDevice=false, prereqCheck=true)
W/dalvikvm( 1779): VFY: unable to resolve instance field 17858
D/dalvikvm( 1779): VFY: replacing opcode 0x52 at 0x0013
D/dalvikvm( 2089): GC_EXPLICIT freed 231K, 25% free 11228K/14956K, paused 2ms+8ms, total 41ms
I/OcrModelUpStIntentOp( 2089): Downloading text recognizer
D/dalvikvm( 2089): newInstance failed: no <init>()
D/dalvikvm( 1779): GC_FOR_ALLOC freed 1792K, 19% free 9250K/11292K, paused 18ms, total 18ms
I/GeofencerStateMachine( 1779): removeGeofences: removeRequest=RemoveGeofencingRequest[REMOVE_BY_PENDING_INTENT pendingIntent=PendingIntent[creatorPackage=com.google.android.gms], packageName=com.google.android.gms]
I/GCoreUlr( 1779): WorldUpdater received intent Intent { act=com.google.android.location.reporting.ACTION_UPDATE_WORLD cmp=com.google.android.gms/com.google.android.location.reporting.service.DispatchingService (has extras) } with receiverAction com.google.gservices.intent.action.GSERVICES_CHANGED
I/Wear_Controller( 2089): Wear requires a companion app to be installed.
I/Wear_Controller( 2089): onStartup - Wear is not available on this device.
D/dalvikvm( 1850): GC_EXPLICIT freed 155K, 25% free 5994K/7928K, paused 0ms+0ms, total 7ms
I/GCoreUlr( 1779): WorldUpdater:com.google.gservices.intent.action.GSERVICES_CHANGED: Ensuring that reporting is stopped because of reasons: (no Google accounts)
I/GCoreUlr( 1779): Unbound from all signal providers.
D/dalvikvm( 2089): GC_EXPLICIT freed 86K, 25% free 11299K/14956K, paused 1ms+20ms, total 46ms
D/dalvikvm( 2089): GC_EXPLICIT freed 303K, 25% free 11272K/14956K, paused 23ms+21ms, total 127ms
D/AlarmManagerService( 1572): Kernel timezone updated to 240 minutes west of GMT
D/dalvikvm( 1572): GC_EXPLICIT freed 1031K, 47% free 7872K/14816K, paused 0ms+1ms, total 11ms
D/        ( 1802): Setting time of day to sec=1629015151
I/Icing   ( 2089): Indexing done com.google.android.googlequicksearchbox-applications
I/GCoreUlr( 1779): WorldUpdater received intent Intent { act=com.google.android.location.reporting.ACTION_UPDATE_WORLD cmp=com.google.android.gms/com.google.android.location.reporting.service.DispatchingService (has extras) } with receiverAction init
I/Icing   ( 2089): Indexing com.google.android.gms-apps from com.google.android.gms
I/DownloadManager( 1867): Download 7 starting
D/dalvikvm( 1867): GC_FOR_ALLOC freed 477K, 17% free 3421K/4084K, paused 2ms, total 2ms
I/dalvikvm( 1779): Could not find method android.os.PowerManager.isInteractive, referenced from method ayde.a
W/dalvikvm( 1779): VFY: unable to resolve virtual method 1678: Landroid/os/PowerManager;.isInteractive ()Z
D/dalvikvm( 1779): VFY: replacing opcode 0x6e at 0x003d
W/ActivityThread( 1867): ClassLoader.loadClass: The class loader returned by Thread.getContextClassLoader() may fail for processes that host multiple applications. You should explicitly specify a context class loader. For example: Thread.setContextClassLoader(getClass().getClassLoader());
D/dalvikvm( 2089): GC_EXPLICIT freed 211K, 24% free 11384K/14956K, paused 21ms+17ms, total 92ms
D/        ( 2344): HostConnection::get() New Host Connection established 0xb9049680, tid 2386
D/EGL_emulation( 2344): eglCreateContext: 0xb8ff1410: maj 3 min 0 rcv 3
D/EGL_emulation( 2344): eglMakeCurrent: 0xb8ff1410: ver 3 0
E/eglCodecCommon( 2344): glUtilsParamSize: unknow param 0x00008cdf
E/eglCodecCommon( 2344): glUtilsParamSize: unknow param 0x00008824
I/GCoreUlr( 1779): WorldUpdater:init: Ensuring that reporting is stopped because of reasons: (no Google accounts)
I/GCoreUlr( 1779): Unbound from all signal providers.
