I/Auth    ( 1779): [AuthManaged,PasswordComplexityHelperImpl] Updating password complexity components state.
I/Auth    ( 1779): [AuthManaged,PasswordComplexityHelperImpl] Enabling com.google.android.gms.auth.managed.ui.SetNewPasswordActivity
I/MobileDataHub( 2089): Scheduling periodic tasks
W/MobileDataHub( 2089): [Service] appsupload-periodic periodic task disabled
I/Auth    ( 1779): [AuthManaged,PasswordComplexityHelperImpl] Updating password complexity components state.
I/Auth    ( 1779): [AuthManaged,PasswordComplexityHelperImpl] Enabling com.google.android.gms.auth.managed.ui.SetNewPasswordActivity
I/PTCommittedOperation( 1779): Receive new configuration for com.google.android.gms
I/PTCommittedOperation( 1779): Running Fixer Framework for com.google.android.gms
D/dalvikvm( 1779): GC_FOR_ALLOC freed 1979K, 21% free 10291K/12972K, paused 11ms, total 11ms
I/Auth    ( 1779): [AuthManaged,PasswordComplexityHelperImpl] Updating password complexity components state.
I/Auth    ( 1779): [AuthManaged,PasswordComplexityHelperImpl] Enabling com.google.android.gms.auth.managed.ui.SetNewPasswordActivity
I/ActivityManager( 1572): Waited long enough for: ServiceRecord{9d9bac30 u0 com.google.android.calendar/com.android.calendar.alerts.InitAlarmsService}
I/ChmraDebugLogger( 2089): [78] null
E/ConfigFileUtils( 2089): Failed to read config file: /data/data/com.google.android.gms/app_chimera/next_container.pb: open failed: ENOENT (No such file or directory)
I/DynamiteModule( 2089): Considering local module com.google.android.gms.cronet_dynamite:0 and remote module com.google.android.gms.cronet_dynamite:1311
I/DynamiteModule( 2089): Selected remote version of com.google.android.gms.cronet_dynamite, version >= 1311
I/dalvikvm( 2089): Could not find method android.content.ContextWrapper.createCredentialProtectedStorageContext, referenced from method lkh.createCredentialProtectedStorageContext
W/dalvikvm( 2089): VFY: unable to resolve virtual method 2508: Landroid/content/ContextWrapper;.createCredentialProtectedStorageContext ()Landroid/content/Context;
D/dalvikvm( 2089): VFY: replacing opcode 0x6f at 0x0002
I/dalvikvm( 2089): Could not find method android.content.ContextWrapper.createDeviceProtectedStorageContext, referenced from method lkh.createDeviceProtectedStorageContext
W/dalvikvm( 2089): VFY: unable to resolve virtual method 2509: Landroid/content/ContextWrapper;.createDeviceProtectedStorageContext ()Landroid/content/Context;
D/dalvikvm( 2089): VFY: replacing opcode 0x6f at 0x0002
D/dalvikvm( 2089): GC_FOR_ALLOC freed 2008K, 13% free 20839K/23752K, paused 18ms, total 18ms
D/dalvikvm( 2089): Trying to load lib /data/data/com.google.android.gms/app_chimera/m/00000001/n/x86/libcronet.83.0.4103.60.so 0x9e3472b0
I/dalvikvm( 2089): Could not find method android.net.ConnectivityManager.getProcessDefaultNetwork, referenced from method org.chromium.net.NetworkChangeNotifier.isProcessBoundToNetwork
W/dalvikvm( 2089): VFY: unable to resolve static method 225: Landroid/net/ConnectivityManager;.getProcessDefaultNetwork ()Landroid/net/Network;
D/dalvikvm( 2089): VFY: replacing opcode 0x71 at 0x0009
W/dalvikvm( 2089): Unable to resolve superclass of Lcr; (44)
W/dalvikvm( 2089): Link of class 'Lcr;' failed
W/dalvikvm( 2089): Unable to resolve superclass of Lcr; (44)
W/dalvikvm( 2089): Link of class 'Lcr;' failed
I/dalvikvm( 2089): Could not find method android.net.ConnectivityManager.unregisterNetworkCallback, referenced from method org.chromium.net.NetworkChangeNotifier.a
W/dalvikvm( 2089): VFY: unable to resolve virtual method 227: Landroid/net/ConnectivityManager;.unregisterNetworkCallback (Landroid/net/ConnectivityManager$NetworkCallback;)V
D/dalvikvm( 2089): VFY: replacing opcode 0x6e at 0x003e
D/dalvikvm( 2089): Added shared lib /data/data/com.google.android.gms/app_chimera/m/00000001/n/x86/libcronet.83.0.4103.60.so 0x9e3472b0
W/dalvikvm( 2089): VFY: unable to find class referenced in signature (Landroid/net/Network;)
W/dalvikvm( 2089): VFY: unable to find class referenced in signature (Landroid/net/Network;)
W/dalvikvm( 2089): VFY: unable to find class referenced in signature ([Landroid/net/Network;)
I/cr_CronetLibraryLoader( 2089): Cronet version: 83.0.4103.60, arch: i686
W/dalvikvm( 2089): VFY: unable to find class referenced in signature (Landroid/net/Network;)
W/dalvikvm( 2089): VFY: unable to find class referenced in signature (Landroid/net/Network;)
W/dalvikvm( 2089): VFY: unable to find class referenced in signature (Landroid/net/Network;)
W/dalvikvm( 2089): VFY: unable to find class referenced in signature (Landroid/net/Network;)
W/dalvikvm( 2089): VFY: unable to find class referenced in signature ([Landroid/net/Network;)
W/dalvikvm( 2089): VFY: unable to find class referenced in signature (Landroid/net/Network;)
W/dalvikvm( 2089): VFY: unable to find class referenced in signature (Landroid/net/Network;)
W/dalvikvm( 2089): VFY: unable to find class referenced in signature (Landroid/net/Network;)
W/dalvikvm( 2089): VFY: unable to find class referenced in signature (Landroid/net/Network;)
W/dalvikvm( 2089): Unable to resolve superclass of Lcl; (44)
W/dalvikvm( 2089): Link of class 'Lcl;' failed
W/dalvikvm( 2089): Unable to resolve superclass of Lcl; (44)
W/dalvikvm( 2089): Link of class 'Lcl;' failed
W/dalvikvm( 2089): Unable to resolve superclass of Lcr; (44)
W/dalvikvm( 2089): Link of class 'Lcr;' failed
W/dalvikvm( 2089): Unable to resolve superclass of Lcr; (44)
W/dalvikvm( 2089): Link of class 'Lcr;' failed
W/dalvikvm( 2089): Unable to resolve superclass of Lcr; (44)
W/dalvikvm( 2089): Link of class 'Lcr;' failed
W/dalvikvm( 2089): Unable to resolve superclass of Lcr; (44)
W/dalvikvm( 2089): Link of class 'Lcr;' failed
W/dalvikvm( 2089): VFY: unable to resolve instance field 189
D/dalvikvm( 2089): VFY: replacing opcode 0x54 at 0x002c
W/dalvikvm( 2089): Unable to resolve superclass of Lcr; (44)
W/dalvikvm( 2089): Link of class 'Lcr;' failed
W/dalvikvm( 2089): Unable to resolve superclass of Lcr; (44)
W/dalvikvm( 2089): Link of class 'Lcr;' failed
W/dalvikvm( 2089): Unable to resolve superclass of Lcr; (44)
W/dalvikvm( 2089): Link of class 'Lcr;' failed
W/dalvikvm( 2089): Unable to resolve superclass of Lcr; (44)
W/dalvikvm( 2089): Link of class 'Lcr;' failed
E/dalvikvm( 2089): Could not find class 'cr', referenced from method cv.<init>
W/dalvikvm( 2089): VFY: unable to resolve new-instance 183 (Lcr;) in Lcv;
D/dalvikvm( 2089): VFY: replacing opcode 0x22 at 0x002d
W/dalvikvm( 2089): Unable to resolve superclass of Lcr; (44)
W/dalvikvm( 2089): Link of class 'Lcr;' failed
W/dalvikvm( 2089): Unable to resolve superclass of Lcr; (44)
W/dalvikvm( 2089): Link of class 'Lcr;' failed
W/dalvikvm( 2089): Unable to resolve superclass of Lcl; (44)
W/dalvikvm( 2089): Link of class 'Lcl;' failed
W/dalvikvm( 2089): Unable to resolve superclass of Lcl; (44)
W/dalvikvm( 2089): Link of class 'Lcl;' failed
W/dalvikvm( 2089): VFY: unable to find class referenced in signature (Landroid/net/Network;)
I/dalvikvm( 2089): Could not find method android.net.Network.toString, referenced from method cv.a
W/dalvikvm( 2089): VFY: unable to resolve virtual method 231: Landroid/net/Network;.toString ()Ljava/lang/String;
D/dalvikvm( 2089): VFY: replacing opcode 0x6e at 0x0002
W/dalvikvm( 2089): VFY: unable to find class referenced in signature (Landroid/net/Network;)
I/dalvikvm( 2089): Could not find method android.net.ConnectivityManager.getAllNetworks, referenced from method cv.a
W/dalvikvm( 2089): VFY: unable to resolve virtual method 221: Landroid/net/ConnectivityManager;.getAllNetworks ()[Landroid/net/Network;
D/dalvikvm( 2089): VFY: replacing opcode 0x6e at 0x0002
W/dalvikvm( 2089): Unable to resolve superclass of Lcr; (44)
W/dalvikvm( 2089): Link of class 'Lcr;' failed
W/dalvikvm( 2089): Unable to resolve superclass of Lcr; (44)
W/dalvikvm( 2089): Link of class 'Lcr;' failed
D/dalvikvm( 2089): DexOpt: unable to opt direct call 0x0243 at 0x2f in Lcv;.<init>
D/dalvikvm( 2089): DexOpt: unable to opt direct call 0x00f0 at 0x36 in Lcv;.<init>
W/dalvikvm( 2089): VFY: unable to find class referenced in signature (Landroid/net/Network;)
I/dalvikvm( 2089): Could not find method android.net.Network.bindSocket, referenced from method ck.d
W/dalvikvm( 2089): VFY: unable to resolve virtual method 229: Landroid/net/Network;.bindSocket (Ljava/net/Socket;)V
D/dalvikvm( 2089): VFY: replacing opcode 0x6e at 0x0014
W/dalvikvm( 2089): VFY: unable to find class referenced in signature (Landroid/net/Network;)
I/dalvikvm( 2089): Could not find method android.net.ConnectivityManager.getNetworkInfo, referenced from method ck.a
W/dalvikvm( 2089): VFY: unable to resolve virtual method 224: Landroid/net/ConnectivityManager;.getNetworkInfo (Landroid/net/Network;)Landroid/net/NetworkInfo;
D/dalvikvm( 2089): VFY: replacing opcode 0x6e at 0x0002
I/dalvikvm( 2089): Could not find method android.net.ConnectivityManager.getNetworkInfo, referenced from method ck.a
W/dalvikvm( 2089): VFY: unable to resolve virtual method 224: Landroid/net/ConnectivityManager;.getNetworkInfo (Landroid/net/Network;)Landroid/net/NetworkInfo;
D/dalvikvm( 2089): VFY: replacing opcode 0x6e at 0x000a
W/dalvikvm( 2089): VFY: unable to find class referenced in signature (Landroid/net/Network;)
W/dalvikvm( 2089): VFY: unable to find class referenced in signature (Landroid/net/Network;)
W/dalvikvm( 2089): VFY: unable to find class referenced in signature (Landroid/net/Network;)
I/dalvikvm( 2089): Could not find method android.net.ConnectivityManager.getNetworkCapabilities, referenced from method ck.c
W/dalvikvm( 2089): VFY: unable to resolve virtual method 223: Landroid/net/ConnectivityManager;.getNetworkCapabilities (Landroid/net/Network;)Landroid/net/NetworkCapabilities;
D/dalvikvm( 2089): VFY: replacing opcode 0x6e at 0x0002
D/dalvikvm( 2089): DexOpt: couldn't find static field Landroid/os/Build;.SUPPORTED_ABIS
W/dalvikvm( 2089): VFY: unable to resolve static field 37 (SUPPORTED_ABIS) in Landroid/os/Build;
D/dalvikvm( 2089): VFY: replacing opcode 0x62 at 0x006d
I/ChmraDebugLogger( 2089): [73] 1801
I/ChmraDebugLogger( 2089): [30] [VisionOcr.optional:202414000700] permitMetered=true,
I/ChimeraConfigService( 2089): Scheduling checkin for one-off execution between [3300,43200] seconds from now (1629015164625)
I/ChimeraConfigurator( 2089): Update complete: success
I/GmsModuleFndr( 2089): Beginning GMS chimera module scan
I/ModuleSetMgr( 2089): Computing pending module set with APKs: [[AdsFdrDynamite.integ:21460000000], [Cronetdynamite:202414000700], [Dynamiteloader:202414000700], [Dynamitemodulesa:202414000000], [Dynamitemodulesc:202414000000], [Googlecertificates:202414000000], [Mapsdynamite:202414000000], [Measurementdynamite:202414000000]]
I/ModuleSetMgr( 2089): Pending container module APKs: []
I/ModuleSetMgr( 2089): Pending non-container module APKs: []
D/dalvikvm( 2089): GC_FOR_ALLOC freed 1466K, 10% free 21421K/23752K, paused 17ms, total 17ms
D/dalvikvm( 2089): GC_FOR_ALLOC freed 1667K, 9% free 21802K/23752K, paused 18ms, total 18ms
D/dalvikvm( 2089): GC_FOR_ALLOC freed 1942K, 10% free 21908K/24100K, paused 19ms, total 19ms
D/dalvikvm( 2089): GC_FOR_ALLOC freed 540K, 12% free 21394K/24100K, paused 16ms, total 16ms
I/dalvikvm-heap( 2089): Grow heap (frag case) to 21.402MB for 279784-byte allocation
D/dalvikvm( 2089): GC_FOR_ALLOC freed 0K, 12% free 21667K/24376K, paused 17ms, total 17ms
E/dalvikvm( 2089): JIT code cache full
I/ChimeraCfgMgr( 2089): Updating module config: container:2024149000700 -> container:2024149000700
E/DowngradeHelper( 2089): isModuleDowngradeRequired false
E/ConfigFileUtils( 2089): Failed to read config file: /data/data/com.google.android.gms/app_chimera/current_modules_init.pb: open failed: ENOENT (No such file or directory)
I/ChimeraCfgMgr( 2089): Sending com.google.android.chimera.IntentOperation.NEW_MODULE Intents: 1,false,true
I/ChmraDebugLogger( 2089): [46] container:2024149000700
I/ChimeraConfigurator( 2089): Starting update, reason: 4 urgentFeatures: vision.ocr:-1
E/ConfigFileUtils( 2089): Failed to read config file: /data/data/com.google.android.gms/app_chimera/next_container.pb: open failed: ENOENT (No such file or directory)
I/ChimeraCfgMgr( 2089): Received com.google.android.chimera.IntentOperation.NEW_MODULE(1/0): 1,false
D/dalvikvm( 2089): JIT code cache reset in 0 ms (523200 bytes 2/0)
D/dalvikvm( 2089): GC_FOR_ALLOC freed 2957K, 15% free 20758K/24376K, paused 21ms, total 21ms
I/ChmraDebugLogger( 2089): [73] 1801
I/ChmraDebugLogger( 2089): [30] [VisionOcr.optional:202414000700] permitMetered=true,
W/ChimeraConfigService( 2089): Retry attempt was throttled.
E/PhenotypeRegOp( 2089): Attempting to overwrite config package for com.google.android.gms.games [CONTEXT service_id=231 ]
E/PhenotypeRegOp( 2089): Attempting to overwrite config package for com.google.android.gms.mobile_data_plan [CONTEXT service_id=231 ]
E/PhenotypeRegOp( 2089): Attempting to overwrite config package for com.google.android.gms.signin [CONTEXT service_id=231 ]
E/PhenotypeRegOp( 2089): Attempting to overwrite config package for com.google.android.gms.udc [CONTEXT service_id=231 ]
D/dalvikvm( 1779): GC_FOR_ALLOC freed 1976K, 21% free 10362K/12972K, paused 9ms, total 10ms
W/Nearby  ( 1779): Failed attempt #3 out of 3 for RestoreDeviceName [CONTEXT service_id=49 ]
W/Nearby  ( 1779): java.lang.IllegalStateException: BluetoothAdapter not ready yet!
W/Nearby  ( 1779): 	at adap.d(:com.google.android.gms@202414005@20.24.14 (000700-319035315):2)
W/Nearby  ( 1779): 	at adao.run(Unknown Source)
W/Nearby  ( 1779): 	at bksp.call(Unknown Source)
W/Nearby  ( 1779): 	at bksu.a(:com.google.android.gms@202414005@20.24.14 (000700-319035315):2)
W/Nearby  ( 1779): 	at bksu.a(:com.google.android.gms@202414005@20.24.14 (000700-319035315):9)
W/Nearby  ( 1779): 	at adan.run(Unknown Source)
W/Nearby  ( 1779): 	at java.lang.Thread.run(Thread.java:841)
W/Nearby  ( 1779): 	at nln.run(Unknown Source)
W/Nearby  ( 1779): 	at java.util.concurrent.ThreadPoolExecutor.runWorker(ThreadPoolExecutor.java:1112)
W/Nearby  ( 1779): 	at java.util.concurrent.ThreadPoolExecutor$Worker.run(ThreadPoolExecutor.java:587)
W/Nearby  ( 1779): 	at nrd.run(:com.google.android.gms@202414005@20.24.14 (000700-319035315):0)
W/Nearby  ( 1779): 	at java.lang.Thread.run(Thread.java:841)
I/Vision  ( 2089): Requesting optional module download of ocr.
I/Vision  ( 2089): Checking for download completion for 63171 -- ocr
W/Nearby  ( 1779): Failed attempt #3 out of 3 for RestoreDeviceName [CONTEXT service_id=49 ]
W/Nearby  ( 1779): java.lang.IllegalStateException: BluetoothAdapter not ready yet!
W/Nearby  ( 1779): 	at adap.d(:com.google.android.gms@202414005@20.24.14 (000700-319035315):2)
W/Nearby  ( 1779): 	at adao.run(Unknown Source)
W/Nearby  ( 1779): 	at bksp.call(Unknown Source)
W/Nearby  ( 1779): 	at bksu.a(:com.google.android.gms@202414005@20.24.14 (000700-319035315):2)
W/Nearby  ( 1779): 	at bksu.a(:com.google.android.gms@202414005@20.24.14 (000700-319035315):9)
W/Nearby  ( 1779): 	at adan.run(Unknown Source)
W/Nearby  ( 1779): 	at java.lang.Thread.run(Thread.java:841)
W/Nearby  ( 1779): 	at nln.run(Unknown Source)
W/Nearby  ( 1779): 	at java.util.concurrent.ThreadPoolExecutor.runWorker(ThreadPoolExecutor.java:1112)
W/Nearby  ( 1779): 	at java.util.concurrent.ThreadPoolExecutor$Worker.run(ThreadPoolExecutor.java:587)
W/Nearby  ( 1779): 	at nrd.run(:com.google.android.gms@202414005@20.24.14 (000700-319035315):0)
W/Nearby  ( 1779): 	at java.lang.Thread.run(Thread.java:841)
D/InitAlarmsService( 2494): Clearing and rescheduling alarms.
I/ActivityManager( 1572): Killing 1884:com.android.printspooler/u0a44 (adj 15): empty #17
D/AndroidRuntime( 2919): 
D/AndroidRuntime( 2919): >>>>>> AndroidRuntime START com.android.internal.os.RuntimeInit <<<<<<
W/linker  ( 2919): libdvm.so has text relocations. This is wasting memory and is a security risk. Please fix.
D/AndroidRuntime( 2919): CheckJNI is ON
D/dalvikvm( 2919): Trying to load lib libjavacore.so 0x0
D/dalvikvm( 2919): Added shared lib libjavacore.so 0x0
D/dalvikvm( 2919): Trying to load lib libnativehelper.so 0x0
D/dalvikvm( 2919): Added shared lib libnativehelper.so 0x0
D/dalvikvm( 2919): No JNI_OnLoad found in libnativehelper.so 0x0, skipping init
D/dalvikvm( 2919): Note: class Landroid/app/ActivityManagerNative; has 179 unimplemented (abstract) methods
E/memtrack( 2919): Couldn't load memtrack module (No such file or directory)
E/android.os.Debug( 2919): failed to load memtrack module: -2
D/AndroidRuntime( 2919): Calling main entry com.android.commands.pm.Pm
D/AndroidRuntime( 2919): Shutting down VM
D/jdwp    ( 2919): Got wake-up signal, bailing out of select
D/dalvikvm( 2919): Debugger has detached; object registry had 1 entries
I/Vision  ( 2089): Requesting optional module download of ocr.
I/Vision  ( 2089): Checking for download completion for 76552 -- ocr
I/NetworkScheduler.Stats( 1779): Task com.google.android.gms/com.google.android.gms.checkin.CheckinService started execution. cause:4 exec_start_elapsed_seconds: 66 [CONTEXT service_id=218 ]
I/NetworkScheduler.Stats( 1779): Task com.google.android.gms/com.google.android.gms.checkin.CheckinService finished executing. cause:4 result: 3 elapsed_millis: 18 uptime_millis: 18 exec_start_elapsed_seconds: 66 [CONTEXT service_id=218 ]
D/dalvikvm( 1850): GC_EXPLICIT freed 243K, 22% free 6201K/7928K, paused 1ms+1ms, total 7ms
I/NetworkScheduler.Stats( 1779): Task com.google.android.gms/com.google.android.gms.auth.account.be.legacy.AuthCronService started execution. cause:5 exec_start_elapsed_seconds: 66 [CONTEXT service_id=218 ]
D/dalvikvm( 1779): GC_FOR_ALLOC freed 2235K, 22% free 10174K/12972K, paused 9ms, total 9ms
I/dalvikvm( 1850): Could not find method android.content.Context.getDrawable, referenced from method jk.a
W/dalvikvm( 1850): VFY: unable to resolve virtual method 2472: Landroid/content/Context;.getDrawable (I)Landroid/graphics/drawable/Drawable;
D/dalvikvm( 1850): VFY: replacing opcode 0x6e at 0x0006
I/dalvikvm( 1850): Could not find method android.content.Context.getNoBackupFilesDir, referenced from method jk.b
W/dalvikvm( 1850): VFY: unable to resolve virtual method 2480: Landroid/content/Context;.getNoBackupFilesDir ()Ljava/io/File;
D/dalvikvm( 1850): VFY: replacing opcode 0x6e at 0x0006
D/AndroidRuntime( 2940): 
D/AndroidRuntime( 2940): >>>>>> AndroidRuntime START com.android.internal.os.RuntimeInit <<<<<<
W/linker  ( 2940): libdvm.so has text relocations. This is wasting memory and is a security risk. Please fix.
D/AndroidRuntime( 2940): CheckJNI is ON
D/dalvikvm( 2940): Trying to load lib libjavacore.so 0x0
D/dalvikvm( 2940): Added shared lib libjavacore.so 0x0
D/dalvikvm( 2940): Trying to load lib libnativehelper.so 0x0
D/dalvikvm( 2940): Added shared lib libnativehelper.so 0x0
D/dalvikvm( 2940): No JNI_OnLoad found in libnativehelper.so 0x0, skipping init
D/dalvikvm( 2940): Note: class Landroid/app/ActivityManagerNative; has 179 unimplemented (abstract) methods
E/memtrack( 2940): Couldn't load memtrack module (No such file or directory)
E/android.os.Debug( 2940): failed to load memtrack module: -2
D/AndroidRuntime( 2940): Calling main entry com.android.commands.pm.Pm
D/AndroidRuntime( 2940): Shutting down VM
D/jdwp    ( 2940): Got wake-up signal, bailing out of select
D/dalvikvm( 2940): Debugger has detached; object registry had 1 entries
W/dalvikvm( 1850): VFY: unable to find class referenced in signature (Landroid/net/Network;)
W/dalvikvm( 1850): VFY: unable to find class referenced in signature (Landroid/net/Network;)
I/dalvikvm( 1850): Could not find method android.net.Network.openConnection, referenced from method wna.a
W/dalvikvm( 1850): VFY: unable to resolve virtual method 5072: Landroid/net/Network;.openConnection (Ljava/net/URL;)Ljava/net/URLConnection;
D/dalvikvm( 1850): VFY: replacing opcode 0x6e at 0x008f
I/Auth    ( 1850): [ReflectiveChannelBinder] Successfully bound channel!
I/dalvikvm( 1850): Could not find method android.os.PowerManager.isInteractive, referenced from method nol.a
W/dalvikvm( 1850): VFY: unable to resolve virtual method 4227: Landroid/os/PowerManager;.isInteractive ()Z
D/dalvikvm( 1850): VFY: replacing opcode 0x6e at 0x0006
W/ProviderHelper( 1850): Unknown dynamite feature providerinstaller
I/DynamiteModule( 1850): Considering local module providerinstaller:0 and remote module providerinstaller:0
D/AndroidRuntime( 2954): 
D/AndroidRuntime( 2954): >>>>>> AndroidRuntime START com.android.internal.os.RuntimeInit <<<<<<
I/DynamiteModule( 1850): Considering local module providerinstaller:0 and remote module providerinstaller:0
W/linker  ( 2954): libdvm.so has text relocations. This is wasting memory and is a security risk. Please fix.
D/AndroidRuntime( 2954): CheckJNI is ON
W/Conscrypt( 1850): Could not set socket write timeout: java.net.SocketException: Socket closed
W/Conscrypt( 1850): 	at com.google.android.gms.org.conscrypt.Platform.setSocketWriteTimeout(:com.google.android.gms@202414005@20.24.14 (000700-319035315):2)
W/Conscrypt( 1850): 	at com.google.android.gms.org.conscrypt.ConscryptFileDescriptorSocket.setSoWriteTimeout(:com.google.android.gms@202414005@20.24.14 (000700-319035315):0)
D/dalvikvm( 2954): Trying to load lib libjavacore.so 0x0
D/dalvikvm( 2954): Added shared lib libjavacore.so 0x0
D/dalvikvm( 2954): Trying to load lib libnativehelper.so 0x0
D/dalvikvm( 2954): Added shared lib libnativehelper.so 0x0
D/dalvikvm( 2954): No JNI_OnLoad found in libnativehelper.so 0x0, skipping init
D/dalvikvm( 2954): Note: class Landroid/app/ActivityManagerNative; has 179 unimplemented (abstract) methods
E/memtrack( 2954): Couldn't load memtrack module (No such file or directory)
E/android.os.Debug( 2954): failed to load memtrack module: -2
W/Conscrypt( 1850): Could not set socket write timeout: java.net.SocketException: Socket closed
W/Conscrypt( 1850): 	at com.google.android.gms.org.conscrypt.Platform.setSocketWriteTimeout(:com.google.android.gms@202414005@20.24.14 (000700-319035315):2)
W/Conscrypt( 1850): 	at com.google.android.gms.org.conscrypt.ConscryptFileDescriptorSocket.setSoWriteTimeout(:com.google.android.gms@202414005@20.24.14 (000700-319035315):0)
D/AndroidRuntime( 2954): Calling main entry com.android.commands.pm.Pm
D/AndroidRuntime( 2954): Shutting down VM
D/jdwp    ( 2954): Got wake-up signal, bailing out of select
D/dalvikvm( 2954): Debugger has detached; object registry had 1 entries
D/dalvikvm( 1850): GC_FOR_ALLOC freed 900K, 20% free 6391K/7928K, paused 7ms, total 7ms
W/GLSUser ( 1850): [AppCertManager] IOException while requesting key: 
W/GLSUser ( 1850): java.io.IOException: Invalid device key response.
W/GLSUser ( 1850): 	at gtl.a(:com.google.android.gms@202414005@20.24.14 (000700-319035315):49)
W/GLSUser ( 1850): 	at gtj.b(:com.google.android.gms@202414005@20.24.14 (000700-319035315):2)
W/GLSUser ( 1850): 	at gte.a(:com.google.android.gms@202414005@20.24.14 (000700-319035315):0)
W/GLSUser ( 1850): 	at gth.a(:com.google.android.gms@202414005@20.24.14 (000700-319035315):10)
W/GLSUser ( 1850): 	at eyt.call(:com.google.android.gms@202414005@20.24.14 (000700-319035315):0)
W/GLSUser ( 1850): 	at java.util.concurrent.FutureTask.run(FutureTask.java:237)
W/GLSUser ( 1850): 	at nlp.b(:com.google.android.gms@202414005@20.24.14 (000700-319035315):12)
W/GLSUser ( 1850): 	at nlp.run(:com.google.android.gms@202414005@20.24.14 (000700-319035315):7)
W/GLSUser ( 1850): 	at java.util.concurrent.ThreadPoolExecutor.runWorker(ThreadPoolExecutor.java:1112)
W/GLSUser ( 1850): 	at java.util.concurrent.ThreadPoolExecutor$Worker.run(ThreadPoolExecutor.java:587)
W/GLSUser ( 1850): 	at nrd.run(:com.google.android.gms@202414005@20.24.14 (000700-319035315):0)
W/GLSUser ( 1850): 	at java.lang.Thread.run(Thread.java:841)
I/NetworkScheduler.Stats( 1779): Task com.google.android.gms/com.google.android.gms.auth.account.be.legacy.AuthCronService finished executing. cause:5 result: 3 elapsed_millis: 584 uptime_millis: 584 exec_start_elapsed_seconds: 66 [CONTEXT service_id=218 ]
D/AndroidRuntime( 2972): 
D/AndroidRuntime( 2972): >>>>>> AndroidRuntime START com.android.internal.os.RuntimeInit <<<<<<
W/linker  ( 2972): libdvm.so has text relocations. This is wasting memory and is a security risk. Please fix.
D/AndroidRuntime( 2972): CheckJNI is ON
D/dalvikvm( 2972): Trying to load lib libjavacore.so 0x0
D/dalvikvm( 2972): Added shared lib libjavacore.so 0x0
D/dalvikvm( 2972): Trying to load lib libnativehelper.so 0x0
D/dalvikvm( 2972): Added shared lib libnativehelper.so 0x0
D/dalvikvm( 2972): No JNI_OnLoad found in libnativehelper.so 0x0, skipping init
D/dalvikvm( 2972): Note: class Landroid/app/ActivityManagerNative; has 179 unimplemented (abstract) methods
E/memtrack( 2972): Couldn't load memtrack module (No such file or directory)
E/android.os.Debug( 2972): failed to load memtrack module: -2
D/AndroidRuntime( 2972): Calling main entry com.android.commands.pm.Pm
I/ActivityManager( 1572): Start proc com.android.defcontainer for service com.android.defcontainer/.DefaultContainerService: pid=2982 uid=10003 gids={50003, 1028, 1015, 1023, 2001, 1035}
I/PackageManager( 1572): Running dexopt on: com.android.defcontainer
W/linker  ( 2995): libdvm.so has text relocations. This is wasting memory and is a security risk. Please fix.
D/dalvikvm( 2995): DexOpt: load 1ms, verify+opt 1ms, 201428 bytes
W/ActivityManager( 1572): No content provider found for permission revoke: file:///data/local/tmp/AndroidRipperService.apk
W/ActivityManager( 1572): No content provider found for permission revoke: file:///data/local/tmp/AndroidRipperService.apk
I/PackageManager( 1572): Copying native libraries to /data/app-lib/vmdl695428778
I/PackageParser( 1572): it.unina.android.ripper_service: compat added android.permission.WRITE_EXTERNAL_STORAGE android.permission.READ_PHONE_STATE
I/PackageManager( 1572): Running dexopt on: it.unina.android.ripper_service
W/linker  ( 2997): libdvm.so has text relocations. This is wasting memory and is a security risk. Please fix.
D/dalvikvm( 2997): DexOpt: load 6ms, verify+opt 23ms, 1117628 bytes
I/ActivityManager( 1572): Force stopping it.unina.android.ripper_service appid=10057 user=-1: update pkg
D/dalvikvm( 1572): GC_FOR_ALLOC freed 1090K, 47% free 7909K/14816K, paused 7ms, total 7ms
I/InputReader( 1572): Reconfiguring input devices.  changes=0x00000010
W/Launcher.Model( 2478): Nobody to tell about the new app.  Launcher is probably loading.
I/PackageManager( 1572):   Action: "android.intent.action.SENDTO"
I/PackageManager( 1572):   Category: "android.intent.category.DEFAULT"
I/PackageManager( 1572):   Scheme: "sms"
D/BackupManagerService( 1572): Received broadcast Intent { act=android.intent.action.PACKAGE_ADDED dat=package:it.unina.android.ripper_service flg=0x4000010 (has extras) }
I/PackageManager( 1572): Adding preferred activity ComponentInfo{com.android.mms/com.android.mms.ui.ComposeMessageActivity} for user 0 :
D/dalvikvm( 1802): GC_FOR_ALLOC freed 459K, 18% free 3616K/4388K, paused 2ms, total 2ms
I/PackageManager( 1572):   Action: "android.intent.action.SENDTO"
I/PackageManager( 1572):   Category: "android.intent.category.DEFAULT"
I/PackageManager( 1572):   Scheme: "smsto"
V/BackupManagerService( 1572): addPackageParticipantsLocked: #1
I/PackageManager( 1572): Adding preferred activity ComponentInfo{com.android.mms/com.android.mms.ui.ComposeMessageActivity} for user 0 :
I/PackageManager( 1572):   Action: "android.intent.action.SENDTO"
I/PackageManager( 1572):   Category: "android.intent.category.DEFAULT"
I/PackageManager( 1572):   Scheme: "mms"
I/PackageManager( 1572):   Action: "android.intent.action.SENDTO"
I/PackageManager( 1572):   Category: "android.intent.category.DEFAULT"
I/PackageManager( 1572):   Scheme: "mmsto"
I/PackageManager( 1572): Adding preferred activity ComponentInfo{com.android.mms/com.android.mms.ui.ComposeMessageActivity} for user 0 :
I/PackageManager( 1572): Adding preferred activity ComponentInfo{com.android.mms/com.android.mms.ui.ComposeMessageActivity} for user 0 :
I/PackageManager( 1572):   Action: "android.intent.action.SENDTO"
I/PackageManager( 1572):   Category: "android.intent.category.DEFAULT"
I/PackageManager( 1572):   Scheme: "sms"
I/PackageManager( 1572): Adding preferred activity ComponentInfo{com.android.mms/com.android.mms.ui.ComposeMessageActivity} for user 0 :
D/dalvikvm( 1572): GC_EXPLICIT freed 1202K, 47% free 7896K/14816K, paused 13ms+5ms, total 48ms
D/AndroidRuntime( 2972): Shutting down VM
D/jdwp    ( 2972): Got wake-up signal, bailing out of select
D/dalvikvm( 2972): Debugger has detached; object registry had 1 entries
D/dalvikvm( 1802): GC_FOR_ALLOC freed 401K, 17% free 3667K/4388K, paused 1ms, total 1ms
I/PackageManager( 1572):   Action: "android.intent.action.SENDTO"
I/PackageManager( 1572):   Category: "android.intent.category.DEFAULT"
I/PackageManager( 1572):   Scheme: "smsto"
I/PackageManager( 1572): Adding preferred activity ComponentInfo{com.android.mms/com.android.mms.ui.ComposeMessageActivity} for user 0 :
I/PackageManager( 1572):   Action: "android.intent.action.SENDTO"
I/PackageManager( 1572):   Category: "android.intent.category.DEFAULT"
I/PackageManager( 1572):   Scheme: "mms"
I/PackageManager( 1572): Adding preferred activity ComponentInfo{com.android.mms/com.android.mms.ui.ComposeMessageActivity} for user 0 :
I/PackageManager( 1572):   Action: "android.intent.action.SENDTO"
I/PackageManager( 1572):   Category: "android.intent.category.DEFAULT"
I/PackageManager( 1572):   Scheme: "mmsto"
I/Icing.InternalIcingCorporaProvider( 2447): Updating corpora: A: it.unina.android.ripper_service, C: MAYBE
I/PackageManager( 1572): Adding preferred activity ComponentInfo{com.android.mms/com.android.mms.ui.ComposeMessageActivity} for user 0 :
I/PackageManager( 1572): Running dexopt on: com.svox.pico
W/linker  ( 3015): libdvm.so has text relocations. This is wasting memory and is a security risk. Please fix.
W/ContextImpl( 2447): Implicit intents with startService are not safe: Intent { act=com.google.android.gms.icing.INDEX_SERVICE } android.content.ContextWrapper.bindService:517 com.google.android.gms.internal.av.a:-1 com.google.android.gms.internal.au.connect:-1 
I/ActivityManager( 1572): Start proc com.svox.pico for broadcast com.svox.pico/.VoiceDataInstallerReceiver: pid=3001 uid=10041 gids={50041, 1028, 1015}
D/dalvikvm( 3015): DexOpt: load 1ms, verify+opt 0ms, 225028 bytes
I/Icing   ( 2089): IndexChimeraService.getServiceInterface callingPackage=com.google.android.googlequicksearchbox componentName=null serviceId=21
I/Auth    ( 2089): [SupervisedAccountIntentOperation] onHandleIntent(): android.intent.action.PACKAGE_ADDED
I/ChromeSync( 2089): [Sync,SyncIntentOperation] Handling the intent: Intent { act=android.intent.action.PACKAGE_ADDED dat=package:it.unina.android.ripper_service flg=0x4000010 cmp=com.google.android.gms/.chimera.GmsIntentOperationService (has extras) }.
W/ActivityManager( 1572): Unable to start service Intent { act=com.google.android.gms.auth.key.retrieval.service.START pkg=com.google.android.gms } U=0: not found
I/FontLog ( 2089): Package it.unina.android.ripper_service has no metadata [CONTEXT service_id=132 ]
E/GmsClient( 2089): unable to connect to service: com.google.android.gms.auth.key.retrieval.service.START on com.google.android.gms
W/ActivityManager( 1572): Unbind failed: could not find connection for android.os.BinderProxy@9d90a5f0
W/GCM     ( 1779): Unexpected forwarded intent: Intent { act=android.intent.action.PACKAGE_ADDED dat=package:it.unina.android.ripper_service flg=0x4000010 cmp=com.google.android.gms/.chimera.PersistentIntentOperationService (has extras) }
I/ChromeSync( 2089): [Persistence,AffiliationManager] One of affiliation or grouping data for android://KSmUCdTXmQS-j9D_O8l1jvyu41Pjn2mc5cb0Gvx1e9H1Aj4JCzHs_uTW26nbtH65K-YfijtBsQxGp-8R6k6HFg==@it.unina.android.ripper_service/ was not found. Marking affiliation data as stale...
W/GCM     ( 1779): Unexpected forwarded intent: Intent { act=android.intent.action.PACKAGE_ADDED dat=package:it.unina.android.ripper_service flg=0x4000010 cmp=com.google.android.gms/.chimera.PersistentIntentOperationService (has extras) }
W/Icing   ( 2089): No valid account for uploading user actions
I/dalvikvm( 2089): Could not find method java.util.Locale.toLanguageTag, referenced from method wkb.a
W/dalvikvm( 2089): VFY: unable to resolve virtual method 19297: Ljava/util/Locale;.toLanguageTag ()Ljava/lang/String;
D/dalvikvm( 2089): VFY: replacing opcode 0x6e at 0x015f
I/Icing   ( 2089): Usage reports ok 0, Failed Usage reports 0, indexed 0, rejected 0
D/dalvikvm( 2089): GC_FOR_ALLOC freed 1835K, 14% free 20970K/24376K, paused 18ms, total 18ms
I/Icing   ( 2089): Indexing com.google.android.googlequicksearchbox-applications from com.google.android.googlequicksearchbox
I/Icing   ( 2089): IndexChimeraService.getServiceInterface callingPackage=com.google.android.gms componentName=AppsCorpus serviceId=36
W/Icing   ( 2089): No valid account for uploading user actions
I/Icing   ( 2089): Usage reports ok 0, Failed Usage reports 0, indexed 0, rejected 0
I/Icing   ( 2089): Indexing done com.google.android.googlequicksearchbox-applications
I/Icing   ( 2089): Indexing com.google.android.gms-apps from com.google.android.gms
I/Icing   ( 2089): Indexing done com.google.android.gms-apps
I/Icing   ( 2089): Indexing com.google.android.gms-internal.3p:MobileApplication from com.google.android.gms
I/Icing   ( 2089): Indexing done com.google.android.gms-internal.3p:MobileApplication
D/AndroidRuntime( 3032): 
D/AndroidRuntime( 3032): >>>>>> AndroidRuntime START com.android.internal.os.RuntimeInit <<<<<<
W/linker  ( 3032): libdvm.so has text relocations. This is wasting memory and is a security risk. Please fix.
D/AndroidRuntime( 3032): CheckJNI is ON
D/dalvikvm( 3032): Trying to load lib libjavacore.so 0x0
D/dalvikvm( 3032): Added shared lib libjavacore.so 0x0
D/dalvikvm( 3032): Trying to load lib libnativehelper.so 0x0
D/dalvikvm( 3032): Added shared lib libnativehelper.so 0x0
D/dalvikvm( 3032): No JNI_OnLoad found in libnativehelper.so 0x0, skipping init
D/dalvikvm( 3032): Note: class Landroid/app/ActivityManagerNative; has 179 unimplemented (abstract) methods
E/memtrack( 3032): Couldn't load memtrack module (No such file or directory)
E/android.os.Debug( 3032): failed to load memtrack module: -2
D/AndroidRuntime( 3032): Calling main entry com.android.commands.pm.Pm
D/AndroidRuntime( 3032): Shutting down VM
D/jdwp    ( 3032): Got wake-up signal, bailing out of select
D/dalvikvm( 3032): Debugger has detached; object registry had 1 entries
D/AndroidRuntime( 3043): 
D/AndroidRuntime( 3043): >>>>>> AndroidRuntime START com.android.internal.os.RuntimeInit <<<<<<
W/linker  ( 3043): libdvm.so has text relocations. This is wasting memory and is a security risk. Please fix.
D/AndroidRuntime( 3043): CheckJNI is ON
D/dalvikvm( 3043): Trying to load lib libjavacore.so 0x0
D/dalvikvm( 3043): Added shared lib libjavacore.so 0x0
D/dalvikvm( 3043): Trying to load lib libnativehelper.so 0x0
D/dalvikvm( 3043): Added shared lib libnativehelper.so 0x0
D/dalvikvm( 3043): No JNI_OnLoad found in libnativehelper.so 0x0, skipping init
D/dalvikvm( 3043): Note: class Landroid/app/ActivityManagerNative; has 179 unimplemented (abstract) methods
E/memtrack( 3043): Couldn't load memtrack module (No such file or directory)
E/android.os.Debug( 3043): failed to load memtrack module: -2
D/AndroidRuntime( 3043): Calling main entry com.android.commands.pm.Pm
D/AndroidRuntime( 3043): Shutting down VM
D/jdwp    ( 3043): Got wake-up signal, bailing out of select
D/dalvikvm( 3043): Debugger has detached; object registry had 1 entries
D/AndroidRuntime( 3054): 
D/AndroidRuntime( 3054): >>>>>> AndroidRuntime START com.android.internal.os.RuntimeInit <<<<<<
W/linker  ( 3054): libdvm.so has text relocations. This is wasting memory and is a security risk. Please fix.
D/AndroidRuntime( 3054): CheckJNI is ON
D/dalvikvm( 3054): Trying to load lib libjavacore.so 0x0
D/dalvikvm( 3054): Added shared lib libjavacore.so 0x0
D/dalvikvm( 3054): Trying to load lib libnativehelper.so 0x0
D/dalvikvm( 3054): Added shared lib libnativehelper.so 0x0
D/dalvikvm( 3054): No JNI_OnLoad found in libnativehelper.so 0x0, skipping init
D/dalvikvm( 3054): Note: class Landroid/app/ActivityManagerNative; has 179 unimplemented (abstract) methods
E/memtrack( 3054): Couldn't load memtrack module (No such file or directory)
E/android.os.Debug( 3054): failed to load memtrack module: -2
D/AndroidRuntime( 3054): Calling main entry com.android.commands.am.Am
D/AndroidRuntime( 3054): Shutting down VM
D/jdwp    ( 3054): Got wake-up signal, bailing out of select
D/dalvikvm( 3054): Debugger has detached; object registry had 1 entries
I/ActivityManager( 1572): Start proc it.unina.android.ripper_service:android_ripper_service_process for service it.unina.android.ripper_service/.AndroidRipperService: pid=3065 uid=10057 gids={50057, 3003, 1028, 1015}
V/AndroidRipperService( 3065): onCreate()
V/SERVER  ( 3065): Starting ServerSocket on PORT 18888
V/SERVER  ( 3065): Started ServerSocket on PORT 18888
V/SERVER  ( 3065): Ready to accept connections on port: 18888
D/ConnectivityService( 1572): Sampling interval elapsed, updating statistics ..
D/ConnectivityService( 1572): Done.
D/ConnectivityService( 1572): Setting timer for 720seconds
D/AndroidRuntime( 3079): 
D/AndroidRuntime( 3079): >>>>>> AndroidRuntime START com.android.internal.os.RuntimeInit <<<<<<
W/linker  ( 3079): libdvm.so has text relocations. This is wasting memory and is a security risk. Please fix.
D/AndroidRuntime( 3079): CheckJNI is ON
D/dalvikvm( 3079): Trying to load lib libjavacore.so 0x0
D/dalvikvm( 3079): Added shared lib libjavacore.so 0x0
D/dalvikvm( 3079): Trying to load lib libnativehelper.so 0x0
D/dalvikvm( 3079): Added shared lib libnativehelper.so 0x0
D/dalvikvm( 3079): No JNI_OnLoad found in libnativehelper.so 0x0, skipping init
D/dalvikvm( 3079): Note: class Landroid/app/ActivityManagerNative; has 179 unimplemented (abstract) methods
E/memtrack( 3079): Couldn't load memtrack module (No such file or directory)
E/android.os.Debug( 3079): failed to load memtrack module: -2
D/AndroidRuntime( 3079): Calling main entry com.android.commands.input.Input
I/Input   ( 3079): injectKeyEvent: KeyEvent { action=ACTION_DOWN, keyCode=KEYCODE_MENU, scanCode=0, metaState=0, flags=0x0, repeatCount=0, eventTime=71614, downTime=71614, deviceId=-1, source=0x101 }
I/Input   ( 3079): injectKeyEvent: KeyEvent { action=ACTION_UP, keyCode=KEYCODE_MENU, scanCode=0, metaState=0, flags=0x0, repeatCount=0, eventTime=71614, downTime=71614, deviceId=-1, source=0x101 }
D/dalvikvm( 1944): GC_FOR_ALLOC freed 1396K, 12% free 22980K/26088K, paused 2ms, total 2ms
I/dalvikvm-heap( 1944): Grow heap (frag case) to 24.472MB for 1939932-byte allocation
D/dalvikvm( 1944): GC_FOR_ALLOC freed 2K, 12% free 24872K/27984K, paused 13ms, total 13ms
D/AndroidRuntime( 3079): Shutting down VM
E/SoundPool( 1572): error loading /system/media/audio/ui/Effect_Tick.ogg
W/AudioService( 1572): Soundpool could not load file: /system/media/audio/ui/Effect_Tick.ogg
E/SoundPool( 1572): error loading /system/media/audio/ui/Effect_Tick.ogg
W/AudioService( 1572): Soundpool could not load file: /system/media/audio/ui/Effect_Tick.ogg
E/SoundPool( 1572): error loading /system/media/audio/ui/Effect_Tick.ogg
W/AudioService( 1572): Soundpool could not load file: /system/media/audio/ui/Effect_Tick.ogg
E/SoundPool( 1572): error loading /system/media/audio/ui/Effect_Tick.ogg
W/AudioService( 1572): Soundpool could not load file: /system/media/audio/ui/Effect_Tick.ogg
E/SoundPool( 1572): error loading /system/media/audio/ui/Effect_Tick.ogg
W/AudioService( 1572): Soundpool could not load file: /system/media/audio/ui/Effect_Tick.ogg
E/SoundPool( 1572): error loading /system/media/audio/ui/KeypressStandard.ogg
W/AudioService( 1572): Soundpool could not load file: /system/media/audio/ui/KeypressStandard.ogg
E/SoundPool( 1572): error loading /system/media/audio/ui/KeypressSpacebar.ogg
W/AudioService( 1572): Soundpool could not load file: /system/media/audio/ui/KeypressSpacebar.ogg
E/SoundPool( 1572): error loading /system/media/audio/ui/KeypressDelete.ogg
W/AudioService( 1572): Soundpool could not load file: /system/media/audio/ui/KeypressDelete.ogg
E/SoundPool( 1572): error loading /system/media/audio/ui/KeypressReturn.ogg
W/AudioService( 1572): Soundpool could not load file: /system/media/audio/ui/KeypressReturn.ogg
E/SoundPool( 1572): error loading /system/media/audio/ui/KeypressInvalid.ogg
W/AudioService( 1572): Soundpool could not load file: /system/media/audio/ui/KeypressInvalid.ogg
W/AudioService( 1572): onLoadSoundEffects(), Error -1 while loading samples
D/jdwp    ( 3079): Got wake-up signal, bailing out of select
D/dalvikvm( 3079): Debugger has detached; object registry had 1 entries
D/EGL_emulation( 1944): eglMakeCurrent: 0xb9061a80: ver 3 0
E/EGL_emulation( 1944): tid 1944: eglSurfaceAttrib(1199): error 0x3009 (EGL_BAD_MATCH)
W/HardwareRenderer( 1944): Backbuffer cannot be preserved
I/ActivityManager( 1572): Killing 2593:com.android.dialer/u0a4 (adj 15): empty #17
D/AndroidRuntime( 3097): 
D/AndroidRuntime( 3097): >>>>>> AndroidRuntime START com.android.internal.os.RuntimeInit <<<<<<
W/linker  ( 3097): libdvm.so has text relocations. This is wasting memory and is a security risk. Please fix.
D/AndroidRuntime( 3097): CheckJNI is ON
D/dalvikvm( 3097): Trying to load lib libjavacore.so 0x0
D/dalvikvm( 3097): Added shared lib libjavacore.so 0x0
D/dalvikvm( 3097): Trying to load lib libnativehelper.so 0x0
D/dalvikvm( 3097): Added shared lib libnativehelper.so 0x0
D/dalvikvm( 3097): No JNI_OnLoad found in libnativehelper.so 0x0, skipping init
D/dalvikvm( 3097): Note: class Landroid/app/ActivityManagerNative; has 179 unimplemented (abstract) methods
E/memtrack( 3097): Couldn't load memtrack module (No such file or directory)
E/android.os.Debug( 3097): failed to load memtrack module: -2
D/AndroidRuntime( 3097): Calling main entry com.android.commands.pm.Pm
W/ActivityManager( 1572): No content provider found for permission revoke: file:///sdcard/aut.apk
W/ActivityManager( 1572): No content provider found for permission revoke: file:///sdcard/aut.apk
I/PackageManager( 1572): Copying native libraries to /data/app-lib/vmdl-1101565772
D/dalvikvm( 1572): GC_FOR_ALLOC freed 1109K, 46% free 8017K/14816K, paused 7ms, total 7ms
D/dalvikvm( 1572): GC_FOR_ALLOC freed 824K, 44% free 8410K/14816K, paused 6ms, total 6ms
E/dalvikvm( 1572): JIT code cache full
D/dalvikvm( 1572): JIT code cache reset delayed (523196 bytes 0/1)
D/dalvikvm( 1572): GC_FOR_ALLOC freed 693K, 39% free 9076K/14816K, paused 6ms, total 6ms
D/dalvikvm( 1572): JIT code cache reset delayed (523196 bytes 0/2)
D/dalvikvm( 1572): GC_FOR_ALLOC freed 1516K, 39% free 9079K/14816K, paused 7ms, total 7ms
D/dalvikvm( 1572): JIT code cache reset delayed (523196 bytes 0/3)
D/dalvikvm( 1572): GC_FOR_ALLOC freed 1505K, 39% free 9095K/14816K, paused 7ms, total 7ms
D/dalvikvm( 1572): JIT code cache reset delayed (523196 bytes 0/4)
D/dalvikvm( 1572): GC_FOR_ALLOC freed 1515K, 39% free 9104K/14816K, paused 7ms, total 7ms
D/dalvikvm( 1572): JIT code cache reset delayed (523196 bytes 0/5)
D/dalvikvm( 1572): GC_FOR_ALLOC freed 1524K, 39% free 9113K/14816K, paused 7ms, total 7ms
D/dalvikvm( 1572): JIT code cache reset delayed (523196 bytes 0/6)
D/dalvikvm( 1572): GC_FOR_ALLOC freed 1520K, 39% free 9122K/14816K, paused 7ms, total 7ms
D/dalvikvm( 1572): JIT code cache reset delayed (523196 bytes 0/7)
D/dalvikvm( 1572): GC_FOR_ALLOC freed 1520K, 39% free 9134K/14816K, paused 6ms, total 6ms
D/dalvikvm( 1572): JIT code cache reset delayed (523196 bytes 0/8)
D/dalvikvm( 1572): GC_FOR_ALLOC freed 1531K, 39% free 9143K/14816K, paused 7ms, total 7ms
I/PackageManager( 1572): Running dexopt on: com.stypox.mastercom_workbook
W/linker  ( 3108): libdvm.so has text relocations. This is wasting memory and is a security risk. Please fix.
I/dalvikvm( 3108): DexOpt: illegal method access (call Landroid/widget/TextView;.getTextDirectionHeuristic ()Landroid/text/TextDirectionHeuristic; from Ld/b/i/c0$b;)
D/dalvikvm( 3108): DexOpt: load 24ms, verify+opt 83ms, 2517444 bytes
I/ActivityManager( 1572): Force stopping com.stypox.mastercom_workbook appid=10058 user=-1: update pkg
I/PackageManager( 1572):   Action: "android.intent.action.SENDTO"
I/PackageManager( 1572):   Category: "android.intent.category.DEFAULT"
I/PackageManager( 1572):   Scheme: "sms"
D/dalvikvm( 2478): GC_FOR_ALLOC freed 250K, 16% free 3460K/4076K, paused 1ms, total 1ms
W/Launcher.Model( 2478): Nobody to tell about the new app.  Launcher is probably loading.
I/InputReader( 1572): Reconfiguring input devices.  changes=0x00000010
I/PackageManager( 1572): Adding preferred activity ComponentInfo{com.android.mms/com.android.mms.ui.ComposeMessageActivity} for user 0 :
D/dalvikvm( 1802): GC_FOR_ALLOC freed 460K, 18% free 3611K/4388K, paused 2ms, total 2ms
D/BackupManagerService( 1572): Received broadcast Intent { act=android.intent.action.PACKAGE_ADDED dat=package:com.stypox.mastercom_workbook flg=0x4000010 (has extras) }
V/BackupManagerService( 1572): addPackageParticipantsLocked: #1
I/PackageManager( 1572):   Action: "android.intent.action.SENDTO"
I/PackageManager( 1572):   Category: "android.intent.category.DEFAULT"
I/PackageManager( 1572):   Scheme: "smsto"
I/PackageManager( 1572): Adding preferred activity ComponentInfo{com.android.mms/com.android.mms.ui.ComposeMessageActivity} for user 0 :
I/PackageManager( 1572):   Action: "android.intent.action.SENDTO"
I/PackageManager( 1572):   Category: "android.intent.category.DEFAULT"
I/PackageManager( 1572):   Scheme: "mms"
I/PackageManager( 1572): Adding preferred activity ComponentInfo{com.android.mms/com.android.mms.ui.ComposeMessageActivity} for user 0 :
I/PackageManager( 1572):   Action: "android.intent.action.SENDTO"
I/PackageManager( 1572):   Category: "android.intent.category.DEFAULT"
I/PackageManager( 1572):   Scheme: "mmsto"
W/GCM     ( 1779): Unexpected forwarded intent: Intent { act=android.intent.action.PACKAGE_ADDED dat=package:com.stypox.mastercom_workbook flg=0x4000010 cmp=com.google.android.gms/.chimera.PersistentIntentOperationService (has extras) }
W/GCM     ( 1779): Unexpected forwarded intent: Intent { act=android.intent.action.PACKAGE_ADDED dat=package:com.stypox.mastercom_workbook flg=0x4000010 cmp=com.google.android.gms/.chimera.PersistentIntentOperationService (has extras) }
I/PackageManager( 1572): Adding preferred activity ComponentInfo{com.android.mms/com.android.mms.ui.ComposeMessageActivity} for user 0 :
I/PackageManager( 1572):   Action: "android.intent.action.SENDTO"
I/PackageManager( 1572):   Category: "android.intent.category.DEFAULT"
I/PackageManager( 1572):   Scheme: "sms"
I/Icing.InternalIcingCorporaProvider( 2447): Updating corpora: A: com.stypox.mastercom_workbook, C: MAYBE
I/PackageManager( 1572): Adding preferred activity ComponentInfo{com.android.mms/com.android.mms.ui.ComposeMessageActivity} for user 0 :
I/Auth    ( 2089): [SupervisedAccountIntentOperation] onHandleIntent(): android.intent.action.PACKAGE_ADDED
D/dalvikvm( 1572): JIT code cache reset in 0 ms (523196 bytes 1/8)
D/dalvikvm( 1572): GC_EXPLICIT freed 1505K, 39% free 9181K/14816K, paused 3ms+3ms, total 54ms
D/dalvikvm( 1572): WAIT_FOR_CONCURRENT_GC blocked 6ms
D/AndroidRuntime( 3097): Shutting down VM
I/ChromeSync( 2089): [Sync,SyncIntentOperation] Handling the intent: Intent { act=android.intent.action.PACKAGE_ADDED dat=package:com.stypox.mastercom_workbook flg=0x4000010 cmp=com.google.android.gms/.chimera.GmsIntentOperationService (has extras) }.
D/jdwp    ( 3097): Got wake-up signal, bailing out of select
D/dalvikvm( 3097): Debugger has detached; object registry had 1 entries
I/FontLog ( 2089): Package com.stypox.mastercom_workbook has no metadata [CONTEXT service_id=132 ]
W/ActivityManager( 1572): Unable to start service Intent { act=com.google.android.gms.auth.key.retrieval.service.START pkg=com.google.android.gms } U=0: not found
I/ChromeSync( 2089): [Persistence,AffiliationManager] One of affiliation or grouping data for android://KSmUCdTXmQS-j9D_O8l1jvyu41Pjn2mc5cb0Gvx1e9H1Aj4JCzHs_uTW26nbtH65K-YfijtBsQxGp-8R6k6HFg==@com.stypox.mastercom_workbook/ was not found. Marking affiliation data as stale...
E/GmsClient( 2089): unable to connect to service: com.google.android.gms.auth.key.retrieval.service.START on com.google.android.gms
D/dalvikvm( 1802): GC_FOR_ALLOC freed 405K, 17% free 3667K/4388K, paused 2ms, total 3ms
I/PackageManager( 1572):   Action: "android.intent.action.SENDTO"
I/PackageManager( 1572):   Category: "android.intent.category.DEFAULT"
I/PackageManager( 1572):   Scheme: "smsto"
W/ActivityManager( 1572): Unbind failed: could not find connection for android.os.BinderProxy@9d6466a8
I/PackageManager( 1572): Adding preferred activity ComponentInfo{com.android.mms/com.android.mms.ui.ComposeMessageActivity} for user 0 :
W/ContextImpl( 2447): Implicit intents with startService are not safe: Intent { act=com.google.android.gms.icing.INDEX_SERVICE } android.content.ContextWrapper.bindService:517 com.google.android.gms.internal.av.a:-1 com.google.android.gms.internal.au.connect:-1 
I/PackageManager( 1572):   Action: "android.intent.action.SENDTO"
I/PackageManager( 1572):   Category: "android.intent.category.DEFAULT"
I/PackageManager( 1572):   Scheme: "mms"
I/PackageManager( 1572):   Action: "android.intent.action.SENDTO"
I/PackageManager( 1572):   Category: "android.intent.category.DEFAULT"
I/PackageManager( 1572):   Scheme: "mmsto"
I/PackageManager( 1572): Adding preferred activity ComponentInfo{com.android.mms/com.android.mms.ui.ComposeMessageActivity} for user 0 :
I/PackageManager( 1572): Adding preferred activity ComponentInfo{com.android.mms/com.android.mms.ui.ComposeMessageActivity} for user 0 :
