D/dalvikvm( 3157): VFY: replacing opcode 0x6f at 0x0004
I/dalvikvm( 3157): Could not find method android.widget.Button.getAutoSizeStepGranularity, referenced from method d.b.i.f.getAutoSizeStepGranularity
W/dalvikvm( 3157): VFY: unable to resolve virtual method 2259: Landroid/widget/Button;.getAutoSizeStepGranularity ()I
D/dalvikvm( 3157): VFY: replacing opcode 0x6f at 0x0004
I/dalvikvm( 3157): Could not find method android.widget.Button.getAutoSizeTextAvailableSizes, referenced from method d.b.i.f.getAutoSizeTextAvailableSizes
W/dalvikvm( 3157): VFY: unable to resolve virtual method 2260: Landroid/widget/Button;.getAutoSizeTextAvailableSizes ()[I
D/dalvikvm( 3157): VFY: replacing opcode 0x6f at 0x0004
I/dalvikvm( 3157): Could not find method android.widget.Button.getAutoSizeTextType, referenced from method d.b.i.f.getAutoSizeTextType
W/dalvikvm( 3157): VFY: unable to resolve virtual method 2261: Landroid/widget/Button;.getAutoSizeTextType ()I
D/dalvikvm( 3157): VFY: replacing opcode 0x6f at 0x0005
I/dalvikvm( 3157): Could not find method android.widget.Button.setAutoSizeTextTypeUniformWithConfiguration, referenced from method d.b.i.f.setAutoSizeTextTypeUniformWithConfiguration
W/dalvikvm( 3157): VFY: unable to resolve virtual method 2295: Landroid/widget/Button;.setAutoSizeTextTypeUniformWithConfiguration (IIII)V
D/dalvikvm( 3157): VFY: replacing opcode 0x6f at 0x0004
I/dalvikvm( 3157): Could not find method android.widget.Button.setAutoSizeTextTypeUniformWithPresetSizes, referenced from method d.b.i.f.setAutoSizeTextTypeUniformWithPresetSizes
W/dalvikvm( 3157): VFY: unable to resolve virtual method 2296: Landroid/widget/Button;.setAutoSizeTextTypeUniformWithPresetSizes ([II)V
D/dalvikvm( 3157): VFY: replacing opcode 0x6f at 0x0004
I/dalvikvm( 3157): Could not find method android.widget.Button.setAutoSizeTextTypeWithDefaults, referenced from method d.b.i.f.setAutoSizeTextTypeWithDefaults
W/dalvikvm( 3157): VFY: unable to resolve virtual method 2297: Landroid/widget/Button;.setAutoSizeTextTypeWithDefaults (I)V
D/dalvikvm( 3157): VFY: replacing opcode 0x6f at 0x0004
I/dalvikvm( 3157): Could not find method android.widget.FrameLayout.setElevation, referenced from method com.google.android.material.navigation.NavigationView.setElevation
W/dalvikvm( 3157): VFY: unable to resolve virtual method 2644: Landroid/widget/FrameLayout;.setElevation (F)V
D/dalvikvm( 3157): VFY: replacing opcode 0x6f at 0x0006
I/dalvikvm( 3157): Could not find method android.view.ViewConfiguration.shouldShowMenuShortcutsWhenKeyboardPresent, referenced from method d.b.h.i.g.<init>
W/dalvikvm( 3157): VFY: unable to resolve virtual method 1697: Landroid/view/ViewConfiguration;.shouldShowMenuShortcutsWhenKeyboardPresent ()Z
D/dalvikvm( 3157): VFY: replacing opcode 0x6e at 0x005b
I/dalvikvm( 3157): Could not find method android.view.MenuItem.setContentDescription, referenced from method d.b.h.f$b.c
W/dalvikvm( 3157): VFY: unable to resolve interface method 1375: Landroid/view/MenuItem;.setContentDescription (Ljava/lang/CharSequence;)Landroid/view/MenuItem;
D/dalvikvm( 3157): VFY: replacing opcode 0x72 at 0x00f5
I/dalvikvm( 3157): Could not find method android.view.MenuItem.setTooltipText, referenced from method d.b.h.f$b.c
W/dalvikvm( 3157): VFY: unable to resolve interface method 1391: Landroid/view/MenuItem;.setTooltipText (Ljava/lang/CharSequence;)Landroid/view/MenuItem;
D/dalvikvm( 3157): VFY: replacing opcode 0x72 at 0x0105
I/dalvikvm( 3157): Could not find method android.view.MenuItem.setAlphabeticShortcut, referenced from method d.b.h.f$b.c
W/dalvikvm( 3157): VFY: unable to resolve interface method 1372: Landroid/view/MenuItem;.setAlphabeticShortcut (CI)Landroid/view/MenuItem;
D/dalvikvm( 3157): VFY: replacing opcode 0x72 at 0x0117
I/dalvikvm( 3157): Could not find method android.view.MenuItem.setNumericShortcut, referenced from method d.b.h.f$b.c
W/dalvikvm( 3157): VFY: unable to resolve interface method 1383: Landroid/view/MenuItem;.setNumericShortcut (CI)Landroid/view/MenuItem;
D/dalvikvm( 3157): VFY: replacing opcode 0x72 at 0x0129
I/dalvikvm( 3157): Could not find method android.view.MenuItem.setIconTintMode, referenced from method d.b.h.f$b.c
W/dalvikvm( 3157): VFY: unable to resolve interface method 1380: Landroid/view/MenuItem;.setIconTintMode (Landroid/graphics/PorterDuff$Mode;)Landroid/view/MenuItem;
D/dalvikvm( 3157): VFY: replacing opcode 0x72 at 0x013b
I/dalvikvm( 3157): Could not find method android.view.MenuItem.setIconTintList, referenced from method d.b.h.f$b.c
W/dalvikvm( 3157): VFY: unable to resolve interface method 1379: Landroid/view/MenuItem;.setIconTintList (Landroid/content/res/ColorStateList;)Landroid/view/MenuItem;
D/dalvikvm( 3157): VFY: replacing opcode 0x72 at 0x014c
D/dalvikvm( 3157): GC_FOR_ALLOC freed 314K, 14% free 3316K/3820K, paused 3ms, total 3ms
I/dalvikvm-heap( 3157): Grow heap (frag case) to 10.583MB for 7512972-byte allocation
D/dalvikvm( 3157): GC_FOR_ALLOC freed <1K, 5% free 10652K/11160K, paused 3ms, total 3ms
I/dalvikvm( 3157): Could not find method android.view.Window.getNavigationBarColor, referenced from method e.c.a.a.s.b.onGlobalLayout
W/dalvikvm( 3157): VFY: unable to resolve virtual method 1966: Landroid/view/Window;.getNavigationBarColor ()I
D/dalvikvm( 3157): VFY: replacing opcode 0x6e at 0x005f
I/dalvikvm( 3157): Could not find method android.widget.ImageView.getImageTintList, referenced from method d.b.i.m.a
W/dalvikvm( 3157): VFY: unable to resolve virtual method 2787: Landroid/widget/ImageView;.getImageTintList ()Landroid/content/res/ColorStateList;
D/dalvikvm( 3157): VFY: replacing opcode 0x6e at 0x0036
I/dalvikvm( 3157): Could not find method android.widget.ImageView.getImageTintMode, referenced from method d.b.i.m.a
W/dalvikvm( 3157): VFY: unable to resolve virtual method 2788: Landroid/widget/ImageView;.getImageTintMode ()Landroid/graphics/PorterDuff$Mode;
D/dalvikvm( 3157): VFY: replacing opcode 0x6e at 0x0051
E/dalvikvm( 3157): Could not find class 'android.graphics.drawable.RippleDrawable', referenced from method d.b.i.m.b
W/dalvikvm( 3157): VFY: unable to resolve instanceof 151 (Landroid/graphics/drawable/RippleDrawable;) in Ld/b/i/m;
D/dalvikvm( 3157): VFY: replacing opcode 0x20 at 0x000c
I/dalvikvm( 3157): Could not find method android.widget.ImageView.setImageTintList, referenced from method d.b.i.m.c
W/dalvikvm( 3157): VFY: unable to resolve virtual method 2820: Landroid/widget/ImageView;.setImageTintList (Landroid/content/res/ColorStateList;)V
D/dalvikvm( 3157): VFY: replacing opcode 0x6e at 0x0054
I/dalvikvm( 3157): Could not find method android.widget.ImageView.setImageTintMode, referenced from method d.b.i.m.c
W/dalvikvm( 3157): VFY: unable to resolve virtual method 2821: Landroid/widget/ImageView;.setImageTintMode (Landroid/graphics/PorterDuff$Mode;)V
D/dalvikvm( 3157): VFY: replacing opcode 0x6e at 0x0096
I/ActivityManager( 1572): START u0 {cmp=com.stypox.mastercom_workbook/.login.LoginActivity} from pid 3157
D/dalvikvm( 3157): GC_FOR_ALLOC freed 207K, 4% free 10994K/11388K, paused 1ms, total 1ms
I/dalvikvm-heap( 3157): Grow heap (frag case) to 12.766MB for 1939932-byte allocation
D/dalvikvm( 3157): GC_FOR_ALLOC freed 1K, 3% free 12886K/13284K, paused 4ms, total 4ms
I/dalvikvm( 3157): Could not find method android.widget.EditText.getTextClassifier, referenced from method d.b.i.k.getTextClassifier
W/dalvikvm( 3157): VFY: unable to resolve virtual method 2495: Landroid/widget/EditText;.getTextClassifier ()Landroid/view/textclassifier/TextClassifier;
D/dalvikvm( 3157): VFY: replacing opcode 0x6f at 0x0010
W/dalvikvm( 3157): VFY: unable to find class referenced in signature (Landroid/view/textclassifier/TextClassifier;)
W/dalvikvm( 3157): VFY: unable to find class referenced in signature (Landroid/view/textclassifier/TextClassifier;)
D/dalvikvm( 3157): DexOpt: couldn't find field Landroid/view/inputmethod/EditorInfo;.contentMimeTypes
W/dalvikvm( 3157): VFY: unable to resolve instance field 185
D/dalvikvm( 3157): VFY: replacing opcode 0x5b at 0x0025
D/dalvikvm( 3157): DexOpt: couldn't find field Landroid/view/inputmethod/EditorInfo;.contentMimeTypes
W/dalvikvm( 3157): VFY: unable to resolve instance field 185
D/dalvikvm( 3157): VFY: replacing opcode 0x54 at 0x0052
I/dalvikvm( 3157): Could not find method android.app.Activity.requestDragAndDropPermissions, referenced from method d.b.i.k.onDragEvent
W/dalvikvm( 3157): VFY: unable to resolve virtual method 178: Landroid/app/Activity;.requestDragAndDropPermissions (Landroid/view/DragEvent;)Landroid/view/DragAndDropPermissions;
D/dalvikvm( 3157): VFY: replacing opcode 0x6e at 0x005b
W/dalvikvm( 3157): VFY: unable to find class referenced in signature (Landroid/view/textclassifier/TextClassifier;)
I/dalvikvm( 3157): Could not find method android.widget.EditText.setTextClassifier, referenced from method d.b.i.k.setTextClassifier
W/dalvikvm( 3157): VFY: unable to resolve virtual method 2529: Landroid/widget/EditText;.setTextClassifier (Landroid/view/textclassifier/TextClassifier;)V
D/dalvikvm( 3157): VFY: replacing opcode 0x6f at 0x000e
I/dalvikvm( 3157): Could not find method android.view.View.setTooltipText, referenced from method d.b.a.f
W/dalvikvm( 3157): VFY: unable to resolve virtual method 1669: Landroid/view/View;.setTooltipText (Ljava/lang/CharSequence;)V
D/dalvikvm( 3157): VFY: replacing opcode 0x6e at 0x0006
D/        ( 3157): HostConnection::get() New Host Connection established 0xb906af40, tid 3157
D/EGL_emulation( 3157): eglCreateContext: 0xb906dba0: maj 3 min 0 rcv 3
D/EGL_emulation( 3157): eglMakeCurrent: 0xb906dba0: ver 3 0
E/eglCodecCommon( 3157): glUtilsParamSize: unknow param 0x00008cdf
E/eglCodecCommon( 3157): glUtilsParamSize: unknow param 0x00008824
E/EGL_emulation( 3157): tid 3157: eglSurfaceAttrib(1199): error 0x3009 (EGL_BAD_MATCH)
W/HardwareRenderer( 3157): Backbuffer cannot be preserved
D/OpenGLRenderer( 3157): Enabling debug mode 0
I/dalvikvm( 3157): Could not find method android.view.ViewConfiguration.getScaledHoverSlop, referenced from method d.b.i.c1.<init>
W/dalvikvm( 3157): VFY: unable to resolve virtual method 1688: Landroid/view/ViewConfiguration;.getScaledHoverSlop ()I
D/dalvikvm( 3157): VFY: replacing opcode 0x6e at 0x0025
I/ActivityManager( 1572): Displayed com.stypox.mastercom_workbook/.login.LoginActivity: +258ms (total +516ms)
D/EGL_emulation( 1944): eglMakeCurrent: 0xb9061a80: ver 3 0
D/EGL_emulation( 1944): eglMakeCurrent: 0xb9061a80: ver 3 0
E/dalvikvm( 3157): Could not find class 'android.support.v4.app.FragmentActivity', referenced from method a.a.a.ag.c
W/dalvikvm( 3157): VFY: unable to resolve check-cast 122 (Landroid/support/v4/app/FragmentActivity;) in La/a/a/ag;
D/dalvikvm( 3157): VFY: replacing opcode 0x1f at 0x0008
I/dalvikvm( 3157): Could not find method android.support.v4.app.FragmentActivity.getSupportFragmentManager, referenced from method a.a.a.ag.c
W/dalvikvm( 3157): VFY: unable to resolve virtual method 750: Landroid/support/v4/app/FragmentActivity;.getSupportFragmentManager ()Landroid/support/v4/app/FragmentManager;
D/dalvikvm( 3157): VFY: replacing opcode 0x6e at 0x000e
I/dalvikvm( 3157): Could not find method android.support.v4.app.FragmentActivity.getSupportFragmentManager, referenced from method a.a.a.ag.c
W/dalvikvm( 3157): VFY: unable to resolve virtual method 750: Landroid/support/v4/app/FragmentActivity;.getSupportFragmentManager ()Landroid/support/v4/app/FragmentManager;
D/dalvikvm( 3157): VFY: replacing opcode 0x6e at 0x001a
W/dalvikvm( 3157): VFY: unable to find class referenced in signature (Landroid/support/v4/app/Fragment;)
W/dalvikvm( 3157): VFY: unable to find class referenced in signature (Landroid/support/v4/app/Fragment;)
I/AndroidRipper( 3157): [RipperTestCase] Ready to operate after restarting...
I/Vision  ( 2089): Requesting optional module download of ocr.
I/Vision  ( 2089): Checking for download completion for 86559 -- ocr
I/MediaFocusControl( 1572):  AudioFocus  abandonAudioFocus() from android.media.AudioManager@9d0530c8com.android.music.MediaPlaybackService$3@9d051fc8
W/MediaFocusControl( 1572):   RemoteControlClient died
I/ActivityManager( 1572): Killing 2154:com.android.music/u0a36 (adj 15): empty #17
I/ActivityManager( 1572): Killing 2010:com.android.email/u0a26 (adj 15): empty #17
I/Vision  ( 2089): Requesting optional module download of ocr.
I/Vision  ( 2089): Exceeded maximum feature download tries for ocr
W/Vision  ( 2089): Request of optional module download of ocr failed.
I/Vision  ( 2089): Checking for download completion for 96572 -- ocr
D/dalvikvm( 1779): GC_FOR_ALLOC freed 2191K, 23% free 10030K/12972K, paused 9ms, total 9ms
V/        ( 3065): ready
V/RipperService( 3065): PING
V/AndroidRipperService( 3065): mHandler.handleMessage() RECIVED
V/AndroidRipperService( 3065): broadcast()
I/AndroidRipper( 3157): Recived message: PING
V/AndroidRipperService( 3065): send()
V/AndroidRipperService( 3065): broadcast() done
V/        ( 3065): ready
V/RipperService( 3065): PING
V/AndroidRipperService( 3065): mHandler.handleMessage() RECIVED
V/AndroidRipperService( 3065): broadcast()
I/AndroidRipper( 3157): Recived message: PING
V/AndroidRipperService( 3065): send()
V/AndroidRipperService( 3065): broadcast() done
V/        ( 3065): ready
V/RipperService( 3065): DSC
V/AndroidRipperService( 3065): mHandler.handleMessage() RECIVED
V/AndroidRipperService( 3065): broadcast()
V/AndroidRipperService( 3065): broadcast() done
V/        ( 3065): ready
I/AndroidRipper( 3157): Recived message: DSC
I/AndroidRipper( 3157): [b] Found widget: id=-1 (android.widget.LinearLayout{9d810ef0 V.E..... ........ 0,0-1080,1794})
I/AndroidRipper( 3157): [b] Found widget: id=16909070 (android.view.ViewStub{9d8119f0 G.E..... ......I. 0,0-0,0 #102030e})
I/AndroidRipper( 3157): [b] Found widget: id=-1 (android.widget.FrameLayout{9d811cc8 V.E..... ........ 0,66-1080,1794})
I/AndroidRipper( 3157): [b] Found widget: id=2131296314 (androidx.appcompat.widget.FitWindowsLinearLayout{9d813300 V.E..... ........ 0,0-1080,1728 #7f09003a app:id/action_bar_root})
I/AndroidRipper( 3157): [b] Found widget: id=2131296325 (androidx.appcompat.widget.ViewStubCompat{9d813690 G.E..... ......I. 0,0-0,0 #7f090045 app:id/action_mode_bar_stub})
I/AndroidRipper( 3157): [b] Found widget: id=16908290 (androidx.appcompat.widget.ContentFrameLayout{9d813b48 V.ED.... ........ 0,0-1080,1728 #1020002 android:id/content})
D/dalvikvm( 3065): GC_FOR_ALLOC freed 435K, 17% free 3056K/3680K, paused 4ms, total 4ms
I/AndroidRipper( 3157): [b] Found widget: id=-1 (android.widget.ScrollView{9d8146c0 VFED.V.. ........ 0,0-1080,1728})
I/AndroidRipper( 3157): [b] Found widget: id=-1 (androidx.constraintlayout.widget.ConstraintLayout{9d0c4d28 V.E..... ........ 0,0-1080,1728})
I/AndroidRipper( 3157): [b] Found widget: id=2131296785 (d.b.i.b0{9d076b90 V.ED.... ........ 84,400-996,471 #7f090211 app:id/titleView})
I/AndroidRipper( 3157): [b] Found widget: id=2131296260 (d.b.i.b0{9d0cf7e0 V.ED.... ........ 42,547-166,598 #7f090004 app:id/APIUrlLabel})
I/AndroidRipper( 3157): [b] Found widget: id=2131296258 (com.stypox.mastercom_workbook.util.APIUrlEdit{9d0b0a58 VFED..CL .F...... 187,513-1038,631 #7f090002 app:id/APIUrlEdit})
I/AndroidRipper( 3157): [b] Found widget: id=2131296259 (d.b.i.b0{9d809310 V.ED.... ........ 42,631-1038,750 #7f090003 app:id/APIUrlExplanation})
I/AndroidRipper( 3157): [b] Found widget: id=2131296257 (android.view.View{9d091628 V.ED.... ........ 84,792-996,795 #7f090001 app:id/APIUrlDivider})
I/AndroidRipper( 3157): [b] Found widget: id=2131296810 (d.b.i.b0{9d0c9038 V.ED.... ........ 42,871-128,922 #7f09022a app:id/userLabel})
I/AndroidRipper( 3157): [b] Found widget: id=2131296809 (d.b.i.k{9d80ee88 VFED..CL ........ 149,837-1038,955 #7f090229 app:id/userEdit})
I/AndroidRipper( 3157): [b] Found widget: id=2131296635 (d.b.i.b0{9d0a06e8 V.ED.... ........ 42,1031-216,1082 #7f09017b app:id/passwordLabel})
I/AndroidRipper( 3157): [b] Found widget: id=2131296634 (d.b.i.k{9d0a09b0 VFED..CL ........ 237,997-1038,1115 #7f09017a app:id/passwordEdit})
I/AndroidRipper( 3157): [b] Found widget: id=2131296811 (android.view.View{9d05f3a0 V.ED.... ........ 84,1157-996,1160 #7f09022b app:id/userPasswordDivider})
I/AndroidRipper( 3157): [b] Found widget: id=2131296529 (d.b.i.f{9d0cb748 VFED..C. ........ 488,1202-719,1328 #7f090111 app:id/loginButton})
I/AndroidRipper( 3157): [b] Found widget: id=2131296690 (d.b.i.n{9d096be0 V.ED..C. ........ 362,1223-446,1307 #7f0901b2 app:id/settingsButton})
I/AndroidRipper( 3157): [b] Found widget: id=-1 (com.android.internal.policy.impl.PhoneWindow$DecorView{9d80f880 V.E..... R....... 0,0-1080,1794})
V/AndroidRipperService( 3065): send()
V/RipperService( 3065): INP
V/AndroidRipperService( 3065): mHandler.handleMessage() RECIVED
V/AndroidRipperService( 3065): broadcast()
I/AndroidRipper( 3157): Recived message: INP
V/RipperTestCase( 3157): START_INPUT[0|0+|1629015213911]
V/AndroidRipperService( 3065): broadcast() done
V/        ( 3065): ready
I/AndroidRipper( 3157): [b] Retrieving widgets
I/AndroidRipper( 3157): [b] Found widget: id=-1 (android.widget.LinearLayout{9d810ef0 V.E..... ........ 0,0-1080,1794})
I/AndroidRipper( 3157): [b] Found widget: id=16909070 (android.view.ViewStub{9d8119f0 G.E..... ......I. 0,0-0,0 #102030e})
I/AndroidRipper( 3157): [b] Found widget: id=-1 (android.widget.FrameLayout{9d811cc8 V.E..... ........ 0,66-1080,1794})
I/AndroidRipper( 3157): [b] Found widget: id=2131296314 (androidx.appcompat.widget.FitWindowsLinearLayout{9d813300 V.E..... ........ 0,0-1080,1728 #7f09003a app:id/action_bar_root})
I/AndroidRipper( 3157): [b] Found widget: id=2131296325 (androidx.appcompat.widget.ViewStubCompat{9d813690 G.E..... ......I. 0,0-0,0 #7f090045 app:id/action_mode_bar_stub})
I/AndroidRipper( 3157): [b] Found widget: id=16908290 (androidx.appcompat.widget.ContentFrameLayout{9d813b48 V.ED.... ........ 0,0-1080,1728 #1020002 android:id/content})
I/AndroidRipper( 3157): [b] Found widget: id=-1 (android.widget.ScrollView{9d8146c0 VFED.V.. ........ 0,0-1080,1728})
I/AndroidRipper( 3157): [b] Found widget: id=-1 (androidx.constraintlayout.widget.ConstraintLayout{9d0c4d28 V.E..... ........ 0,0-1080,1728})
I/AndroidRipper( 3157): [b] Found widget: id=2131296785 (d.b.i.b0{9d076b90 V.ED.... ........ 84,400-996,471 #7f090211 app:id/titleView}): Login to Mastercom workbook
I/AndroidRipper( 3157): [b] Found widget: id=2131296260 (d.b.i.b0{9d0cf7e0 V.ED.... ........ 42,547-166,598 #7f090004 app:id/APIUrlLabel}): School:
I/AndroidRipper( 3157): [b] Found widget: id=2131296258 (com.stypox.mastercom_workbook.util.APIUrlEdit{9d0b0a58 VFED..CL .F...... 187,513-1038,631 #7f090002 app:id/APIUrlEdit}): 
I/AndroidRipper( 3157): [b] Found widget: id=2131296259 (d.b.i.b0{9d809310 V.ED.... ........ 42,631-1038,750 #7f090003 app:id/APIUrlExplanation}): Insert in the field above here the first piece of the url assigned to your school's Mastercom workbook. For example, for https://davinci-tn.registroelettronico.com you should insert davinci-tn
I/AndroidRipper( 3157): [b] Found widget: id=2131296257 (android.view.View{9d091628 V.ED.... ........ 84,792-996,795 #7f090001 app:id/APIUrlDivider})
I/AndroidRipper( 3157): [b] Found widget: id=2131296810 (d.b.i.b0{9d0c9038 V.ED.... ........ 42,871-128,922 #7f09022a app:id/userLabel}): User:
I/AndroidRipper( 3157): [b] Found widget: id=2131296809 (d.b.i.k{9d80ee88 VFED..CL ........ 149,837-1038,955 #7f090229 app:id/userEdit}): 
I/AndroidRipper( 3157): [b] Found widget: id=2131296635 (d.b.i.b0{9d0a06e8 V.ED.... ........ 42,1031-216,1082 #7f09017b app:id/passwordLabel}): Password:
I/AndroidRipper( 3157): [b] Found widget: id=2131296634 (d.b.i.k{9d0a09b0 VFED..CL ........ 237,997-1038,1115 #7f09017a app:id/passwordEdit}): 
I/AndroidRipper( 3157): [b] Found widget: id=2131296811 (android.view.View{9d05f3a0 V.ED.... ........ 84,1157-996,1160 #7f09022b app:id/userPasswordDivider})
I/AndroidRipper( 3157): [b] Found widget: id=2131296529 (d.b.i.f{9d0cb748 VFED..C. ........ 488,1202-719,1328 #7f090111 app:id/loginButton}): LOGIN
I/AndroidRipper( 3157): [b] Found widget: id=2131296690 (d.b.i.n{9d096be0 V.ED..C. ........ 362,1223-446,1307 #7f0901b2 app:id/settingsButton})
I/AndroidRipper( 3157): [b] Found widget: id=-1 (com.android.internal.policy.impl.PhoneWindow$DecorView{9d80f880 V.E..... R....... 0,0-1080,1794})
V/RipperService( 3065): INP
V/AndroidRipperService( 3065): mHandler.handleMessage() RECIVED
V/AndroidRipperService( 3065): broadcast()
V/AndroidRipperService( 3065): broadcast() done
V/        ( 3065): ready
V/RipperService( 3065): EVT
V/AndroidRipperService( 3065): mHandler.handleMessage() RECIVED
V/AndroidRipperService( 3065): broadcast()
V/AndroidRipperService( 3065): broadcast() done
V/        ( 3065): ready
V/AndroidRipperService( 3065): send()
V/RipperTestCase( 3157): END_INPUT[0|0|1629015213950]
I/AndroidRipper( 3157): Recived message: INP
V/RipperTestCase( 3157): START_INPUT[0|1+|1629015213950]
I/AndroidRipper( 3157): [b] Retrieving widgets
I/AndroidRipper( 3157): [b] Found widget: id=-1 (android.widget.LinearLayout{9d810ef0 V.E..... .......D 0,0-1080,1794})
I/AndroidRipper( 3157): [b] Found widget: id=16909070 (android.view.ViewStub{9d8119f0 G.E..... ......I. 0,0-0,0 #102030e})
I/AndroidRipper( 3157): [b] Found widget: id=-1 (android.widget.FrameLayout{9d811cc8 V.E..... .......D 0,66-1080,1794})
I/AndroidRipper( 3157): [b] Found widget: id=2131296314 (androidx.appcompat.widget.FitWindowsLinearLayout{9d813300 V.E..... .......D 0,0-1080,1728 #7f09003a app:id/action_bar_root})
I/AndroidRipper( 3157): [b] Found widget: id=2131296325 (androidx.appcompat.widget.ViewStubCompat{9d813690 G.E..... ......I. 0,0-0,0 #7f090045 app:id/action_mode_bar_stub})
I/AndroidRipper( 3157): [b] Found widget: id=16908290 (androidx.appcompat.widget.ContentFrameLayout{9d813b48 V.ED.... .......D 0,0-1080,1728 #1020002 android:id/content})
I/AndroidRipper( 3157): [b] Found widget: id=-1 (android.widget.ScrollView{9d8146c0 VFED.V.. .......D 0,0-1080,1728})
I/AndroidRipper( 3157): [b] Found widget: id=-1 (androidx.constraintlayout.widget.ConstraintLayout{9d0c4d28 V.E..... .......D 0,0-1080,1728})
I/AndroidRipper( 3157): [b] Found widget: id=2131296785 (d.b.i.b0{9d076b90 V.ED.... ........ 84,400-996,471 #7f090211 app:id/titleView}): Login to Mastercom workbook
I/AndroidRipper( 3157): [b] Found widget: id=2131296260 (d.b.i.b0{9d0cf7e0 V.ED.... ........ 42,547-166,598 #7f090004 app:id/APIUrlLabel}): School:
I/AndroidRipper( 3157): [b] Found widget: id=2131296258 (com.stypox.mastercom_workbook.util.APIUrlEdit{9d0b0a58 VFED..CL ........ 187,513-1038,631 #7f090002 app:id/APIUrlEdit}): 
I/AndroidRipper( 3157): [b] Found widget: id=2131296259 (d.b.i.b0{9d809310 V.ED.... ........ 42,631-1038,750 #7f090003 app:id/APIUrlExplanation}): Insert in the field above here the first piece of the url assigned to your school's Mastercom workbook. For example, for https://davinci-tn.registroelettronico.com you should insert davinci-tn
I/AndroidRipper( 3157): [b] Found widget: id=2131296257 (android.view.View{9d091628 V.ED.... ........ 84,792-996,795 #7f090001 app:id/APIUrlDivider})
I/AndroidRipper( 3157): [b] Found widget: id=2131296810 (d.b.i.b0{9d0c9038 V.ED.... ........ 42,871-128,922 #7f09022a app:id/userLabel}): User:
I/AndroidRipper( 3157): [b] Found widget: id=2131296809 (d.b.i.k{9d80ee88 VFED..CL .F....ID 149,837-1038,955 #7f090229 app:id/userEdit}): 73
I/AndroidRipper( 3157): [b] Found widget: id=2131296635 (d.b.i.b0{9d0a06e8 V.ED.... ........ 42,1031-216,1082 #7f09017b app:id/passwordLabel}): Password:
I/AndroidRipper( 3157): [b] Found widget: id=2131296634 (d.b.i.k{9d0a09b0 VFED..CL ........ 237,997-1038,1115 #7f09017a app:id/passwordEdit}): 
I/AndroidRipper( 3157): [b] Found widget: id=2131296811 (android.view.View{9d05f3a0 V.ED.... ........ 84,1157-996,1160 #7f09022b app:id/userPasswordDivider})
I/AndroidRipper( 3157): [b] Found widget: id=2131296529 (d.b.i.f{9d0cb748 VFED..C. ........ 488,1202-719,1328 #7f090111 app:id/loginButton}): LOGIN
I/AndroidRipper( 3157): [b] Found widget: id=2131296690 (d.b.i.n{9d096be0 V.ED..C. ........ 362,1223-446,1307 #7f0901b2 app:id/settingsButton})
I/AndroidRipper( 3157): [b] Found widget: id=-1 (com.android.internal.policy.impl.PhoneWindow$DecorView{9d80f880 V.E..... R......D 0,0-1080,1794})
V/RipperService( 3065): PING
V/AndroidRipperService( 3065): mHandler.handleMessage() RECIVED
V/AndroidRipperService( 3065): broadcast()
V/AndroidRipperService( 3065): broadcast() done
V/        ( 3065): ready
D/dalvikvm( 3065): GC_FOR_ALLOC freed 498K, 19% free 3056K/3744K, paused 6ms, total 6ms
V/AndroidRipperService( 3065): send()
V/RipperTestCase( 3157): END_INPUT[0|1|1629015214022]
I/AndroidRipper( 3157): Recived message: EVT
V/RipperTestCase( 3157): START_EVENT[0|1629015214022]
I/AndroidRipper( 3157): [b] Retrieved from return list id=2131296529
I/AndroidRipper( 3157): [b] Testing for type (d.b.i.f) against the original (button)
I/AndroidRipper( 3157): [b] Testing for name (LOGIN) against the original (LOGIN)
D/dalvikvm( 1572): GC_FOR_ALLOC freed 1517K, 41% free 9189K/15460K, paused 9ms, total 10ms
V/RipperService( 3065): DSC
V/AndroidRipperService( 3065): mHandler.handleMessage() RECIVED
V/AndroidRipperService( 3065): broadcast()
V/AndroidRipperService( 3065): broadcast() done
V/        ( 3065): ready
I/Vision  ( 2089): Requesting optional module download of ocr.
E/SoundPool( 1572): error loading /system/media/audio/ui/Effect_Tick.ogg
W/AudioService( 1572): Soundpool could not load file: /system/media/audio/ui/Effect_Tick.ogg
E/SoundPool( 1572): error loading /system/media/audio/ui/Effect_Tick.ogg
W/AudioService( 1572): Soundpool could not load file: /system/media/audio/ui/Effect_Tick.ogg
E/SoundPool( 1572): error loading /system/media/audio/ui/Effect_Tick.ogg
W/AudioService( 1572): Soundpool could not load file: /system/media/audio/ui/Effect_Tick.ogg
E/SoundPool( 1572): error loading /system/media/audio/ui/Effect_Tick.ogg
W/AudioService( 1572): Soundpool could not load file: /system/media/audio/ui/Effect_Tick.ogg
E/SoundPool( 1572): error loading /system/media/audio/ui/Effect_Tick.ogg
W/AudioService( 1572): Soundpool could not load file: /system/media/audio/ui/Effect_Tick.ogg
E/SoundPool( 1572): error loading /system/media/audio/ui/KeypressStandard.ogg
W/AudioService( 1572): Soundpool could not load file: /system/media/audio/ui/KeypressStandard.ogg
E/SoundPool( 1572): error loading /system/media/audio/ui/KeypressSpacebar.ogg
W/AudioService( 1572): Soundpool could not load file: /system/media/audio/ui/KeypressSpacebar.ogg
E/SoundPool( 1572): error loading /system/media/audio/ui/KeypressDelete.ogg
W/AudioService( 1572): Soundpool could not load file: /system/media/audio/ui/KeypressDelete.ogg
E/SoundPool( 1572): error loading /system/media/audio/ui/KeypressReturn.ogg
W/AudioService( 1572): Soundpool could not load file: /system/media/audio/ui/KeypressReturn.ogg
E/SoundPool( 1572): error loading /system/media/audio/ui/KeypressInvalid.ogg
W/AudioService( 1572): Soundpool could not load file: /system/media/audio/ui/KeypressInvalid.ogg
W/AudioService( 1572): onLoadSoundEffects(), Error -1 while loading samples
I/Vision  ( 2089): Checking for download completion for 106593 -- ocr
I/ChimeraConfigurator( 2089): Starting update, reason: 4 urgentFeatures: vision.ocr:-1
E/ConfigFileUtils( 2089): Failed to read config file: /data/data/com.google.android.gms/app_chimera/next_container.pb: open failed: ENOENT (No such file or directory)
W/SocketClient( 1142): write error (Broken pipe)
I/ChmraDebugLogger( 2089): [73] 1801
D/        ( 1145): HostConnection::get() New Host Connection established 0xb7d3d8a0, tid 3176
I/ChmraDebugLogger( 2089): [30] [VisionOcr.optional:202414000700] permitMetered=true,
D/EGL_emulation( 3157): eglMakeCurrent: 0xb906dba0: ver 3 0
E/EGL_emulation( 3157): tid 3157: eglSurfaceAttrib(1199): error 0x3009 (EGL_BAD_MATCH)
W/HardwareRenderer( 3157): Backbuffer cannot be preserved
W/ChimeraConfigService( 2089): Retry attempt was throttled.
E/dalvikvm( 3157): Could not find class 'android.view.accessibility.AccessibilityNodeInfo$AccessibilityAction', referenced from method d.h.j.c0.b$a.<clinit>
W/dalvikvm( 3157): VFY: unable to resolve new-instance 329 (Landroid/view/accessibility/AccessibilityNodeInfo$AccessibilityAction;) in Ld/h/j/c0/b$a;
D/dalvikvm( 3157): VFY: replacing opcode 0x22 at 0x0017
E/dalvikvm( 3157): Could not find class 'android.view.accessibility.AccessibilityNodeInfo$AccessibilityAction', referenced from method d.h.j.c0.b$a.<clinit>
W/dalvikvm( 3157): VFY: unable to resolve new-instance 329 (Landroid/view/accessibility/AccessibilityNodeInfo$AccessibilityAction;) in Ld/h/j/c0/b$a;
D/dalvikvm( 3157): VFY: replacing opcode 0x22 at 0x0021
E/dalvikvm( 3157): Could not find class 'android.view.accessibility.AccessibilityNodeInfo$AccessibilityAction', referenced from method d.h.j.c0.b$a.<clinit>
W/dalvikvm( 3157): VFY: unable to resolve new-instance 329 (Landroid/view/accessibility/AccessibilityNodeInfo$AccessibilityAction;) in Ld/h/j/c0/b$a;
D/dalvikvm( 3157): VFY: replacing opcode 0x22 at 0x0033
E/dalvikvm( 3157): Could not find class 'android.view.accessibility.AccessibilityNodeInfo$AccessibilityAction', referenced from method d.h.j.c0.b$a.<clinit>
W/dalvikvm( 3157): VFY: unable to resolve new-instance 329 (Landroid/view/accessibility/AccessibilityNodeInfo$AccessibilityAction;) in Ld/h/j/c0/b$a;
D/dalvikvm( 3157): VFY: replacing opcode 0x22 at 0x003c
E/dalvikvm( 3157): Could not find class 'android.view.accessibility.AccessibilityNodeInfo$AccessibilityAction', referenced from method d.h.j.c0.b$a.<clinit>
W/dalvikvm( 3157): VFY: unable to resolve new-instance 329 (Landroid/view/accessibility/AccessibilityNodeInfo$AccessibilityAction;) in Ld/h/j/c0/b$a;
D/dalvikvm( 3157): VFY: replacing opcode 0x22 at 0x0045
E/dalvikvm( 3157): Could not find class 'android.view.accessibility.AccessibilityNodeInfo$AccessibilityAction', referenced from method d.h.j.c0.b$a.<clinit>
W/dalvikvm( 3157): VFY: unable to resolve new-instance 329 (Landroid/view/accessibility/AccessibilityNodeInfo$AccessibilityAction;) in Ld/h/j/c0/b$a;
D/dalvikvm( 3157): VFY: replacing opcode 0x22 at 0x004e
E/dalvikvm( 3157): Could not find class 'android.view.accessibility.AccessibilityNodeInfo$AccessibilityAction', referenced from method d.h.j.c0.b$a.<clinit>
W/dalvikvm( 3157): VFY: unable to resolve new-instance 329 (Landroid/view/accessibility/AccessibilityNodeInfo$AccessibilityAction;) in Ld/h/j/c0/b$a;
D/dalvikvm( 3157): VFY: replacing opcode 0x22 at 0x0057
E/dalvikvm( 3157): Could not find class 'android.view.accessibility.AccessibilityNodeInfo$AccessibilityAction', referenced from method d.h.j.c0.b$a.<clinit>
W/dalvikvm( 3157): VFY: unable to resolve new-instance 329 (Landroid/view/accessibility/AccessibilityNodeInfo$AccessibilityAction;) in Ld/h/j/c0/b$a;
D/dalvikvm( 3157): VFY: replacing opcode 0x22 at 0x0060
E/dalvikvm( 3157): Could not find class 'android.view.accessibility.AccessibilityNodeInfo$AccessibilityAction', referenced from method d.h.j.c0.b$a.<clinit>
W/dalvikvm( 3157): VFY: unable to resolve new-instance 329 (Landroid/view/accessibility/AccessibilityNodeInfo$AccessibilityAction;) in Ld/h/j/c0/b$a;
D/dalvikvm( 3157): VFY: replacing opcode 0x22 at 0x0069
E/dalvikvm( 3157): Could not find class 'android.view.accessibility.AccessibilityNodeInfo$AccessibilityAction', referenced from method d.h.j.c0.b$a.<clinit>
W/dalvikvm( 3157): VFY: unable to resolve new-instance 329 (Landroid/view/accessibility/AccessibilityNodeInfo$AccessibilityAction;) in Ld/h/j/c0/b$a;
D/dalvikvm( 3157): VFY: replacing opcode 0x22 at 0x0084
E/dalvikvm( 3157): Could not find class 'android.view.accessibility.AccessibilityNodeInfo$AccessibilityAction', referenced from method d.h.j.c0.b$a.<clinit>
W/dalvikvm( 3157): VFY: unable to resolve new-instance 329 (Landroid/view/accessibility/AccessibilityNodeInfo$AccessibilityAction;) in Ld/h/j/c0/b$a;
D/dalvikvm( 3157): VFY: replacing opcode 0x22 at 0x008e
E/dalvikvm( 3157): Could not find class 'android.view.accessibility.AccessibilityNodeInfo$AccessibilityAction', referenced from method d.h.j.c0.b$a.<clinit>
W/dalvikvm( 3157): VFY: unable to resolve new-instance 329 (Landroid/view/accessibility/AccessibilityNodeInfo$AccessibilityAction;) in Ld/h/j/c0/b$a;
D/dalvikvm( 3157): VFY: replacing opcode 0x22 at 0x0097
E/dalvikvm( 3157): Could not find class 'android.view.accessibility.AccessibilityNodeInfo$AccessibilityAction', referenced from method d.h.j.c0.b$a.<clinit>
W/dalvikvm( 3157): VFY: unable to resolve new-instance 329 (Landroid/view/accessibility/AccessibilityNodeInfo$AccessibilityAction;) in Ld/h/j/c0/b$a;
D/dalvikvm( 3157): VFY: replacing opcode 0x22 at 0x00a0
E/dalvikvm( 3157): Could not find class 'android.view.accessibility.AccessibilityNodeInfo$AccessibilityAction', referenced from method d.h.j.c0.b$a.<clinit>
W/dalvikvm( 3157): VFY: unable to resolve new-instance 329 (Landroid/view/accessibility/AccessibilityNodeInfo$AccessibilityAction;) in Ld/h/j/c0/b$a;
D/dalvikvm( 3157): VFY: replacing opcode 0x22 at 0x00c4
W/dalvikvm( 3157): VFY: unable to resolve static field 183 (ACTION_SHOW_ON_SCREEN) in Landroid/view/accessibility/AccessibilityNodeInfo$AccessibilityAction;
D/dalvikvm( 3157): VFY: replacing opcode 0x62 at 0x00cd
E/dalvikvm( 3157): Could not find class 'android.view.accessibility.AccessibilityNodeInfo$AccessibilityAction', referenced from method d.h.j.c0.b$a.<clinit>
W/dalvikvm( 3157): VFY: unable to resolve new-instance 329 (Landroid/view/accessibility/AccessibilityNodeInfo$AccessibilityAction;) in Ld/h/j/c0/b$a;
D/dalvikvm( 3157): VFY: replacing opcode 0x22 at 0x00d8
W/dalvikvm( 3157): VFY: unable to resolve static field 180 (ACTION_SCROLL_TO_POSITION) in Landroid/view/accessibility/AccessibilityNodeInfo$AccessibilityAction;
D/dalvikvm( 3157): VFY: replacing opcode 0x62 at 0x00df
E/dalvikvm( 3157): Could not find class 'android.view.accessibility.AccessibilityNodeInfo$AccessibilityAction', referenced from method d.h.j.c0.b$a.<clinit>
W/dalvikvm( 3157): VFY: unable to resolve new-instance 329 (Landroid/view/accessibility/AccessibilityNodeInfo$AccessibilityAction;) in Ld/h/j/c0/b$a;
D/dalvikvm( 3157): VFY: replacing opcode 0x22 at 0x00ea
W/dalvikvm( 3157): VFY: unable to resolve static field 181 (ACTION_SCROLL_UP) in Landroid/view/accessibility/AccessibilityNodeInfo$AccessibilityAction;
D/dalvikvm( 3157): VFY: replacing opcode 0x62 at 0x00f3
W/dalvikvm( 3157): VFY: unable to resolve static field 178 (ACTION_SCROLL_LEFT) in Landroid/view/accessibility/AccessibilityNodeInfo$AccessibilityAction;
D/dalvikvm( 3157): VFY: replacing opcode 0x62 at 0x0106
E/dalvikvm( 3157): Could not find class 'android.view.accessibility.AccessibilityNodeInfo$AccessibilityAction', referenced from method d.h.j.c0.b$a.<clinit>
W/dalvikvm( 3157): VFY: unable to resolve new-instance 329 (Landroid/view/accessibility/AccessibilityNodeInfo$AccessibilityAction;) in Ld/h/j/c0/b$a;
D/dalvikvm( 3157): VFY: replacing opcode 0x22 at 0x0111
W/dalvikvm( 3157): VFY: unable to resolve static field 177 (ACTION_SCROLL_DOWN) in Landroid/view/accessibility/AccessibilityNodeInfo$AccessibilityAction;
D/dalvikvm( 3157): VFY: replacing opcode 0x62 at 0x011a
W/dalvikvm( 3157): VFY: unable to resolve static field 179 (ACTION_SCROLL_RIGHT) in Landroid/view/accessibility/AccessibilityNodeInfo$AccessibilityAction;
D/dalvikvm( 3157): VFY: replacing opcode 0x62 at 0x012d
E/dalvikvm( 3157): Could not find class 'android.view.accessibility.AccessibilityNodeInfo$AccessibilityAction', referenced from method d.h.j.c0.b$a.<clinit>
W/dalvikvm( 3157): VFY: unable to resolve new-instance 329 (Landroid/view/accessibility/AccessibilityNodeInfo$AccessibilityAction;) in Ld/h/j/c0/b$a;
D/dalvikvm( 3157): VFY: replacing opcode 0x22 at 0x0138
W/dalvikvm( 3157): VFY: unable to resolve static field 175 (ACTION_PAGE_UP) in Landroid/view/accessibility/AccessibilityNodeInfo$AccessibilityAction;
D/dalvikvm( 3157): VFY: replacing opcode 0x62 at 0x0141
E/dalvikvm( 3157): Could not find class 'android.view.accessibility.AccessibilityNodeInfo$AccessibilityAction', referenced from method d.h.j.c0.b$a.<clinit>
W/dalvikvm( 3157): VFY: unable to resolve new-instance 329 (Landroid/view/accessibility/AccessibilityNodeInfo$AccessibilityAction;) in Ld/h/j/c0/b$a;
D/dalvikvm( 3157): VFY: replacing opcode 0x22 at 0x014c
W/dalvikvm( 3157): VFY: unable to resolve static field 172 (ACTION_PAGE_DOWN) in Landroid/view/accessibility/AccessibilityNodeInfo$AccessibilityAction;
D/dalvikvm( 3157): VFY: replacing opcode 0x62 at 0x0153
E/dalvikvm( 3157): Could not find class 'android.view.accessibility.AccessibilityNodeInfo$AccessibilityAction', referenced from method d.h.j.c0.b$a.<clinit>
W/dalvikvm( 3157): VFY: unable to resolve new-instance 329 (Landroid/view/accessibility/AccessibilityNodeInfo$AccessibilityAction;) in Ld/h/j/c0/b$a;
D/dalvikvm( 3157): VFY: replacing opcode 0x22 at 0x015e
W/dalvikvm( 3157): VFY: unable to resolve static field 173 (ACTION_PAGE_LEFT) in Landroid/view/accessibility/AccessibilityNodeInfo$AccessibilityAction;
D/dalvikvm( 3157): VFY: replacing opcode 0x62 at 0x0165
E/dalvikvm( 3157): Could not find class 'android.view.accessibility.AccessibilityNodeInfo$AccessibilityAction', referenced from method d.h.j.c0.b$a.<clinit>
W/dalvikvm( 3157): VFY: unable to resolve new-instance 329 (Landroid/view/accessibility/AccessibilityNodeInfo$AccessibilityAction;) in Ld/h/j/c0/b$a;
D/dalvikvm( 3157): VFY: replacing opcode 0x22 at 0x0170
W/dalvikvm( 3157): VFY: unable to resolve static field 174 (ACTION_PAGE_RIGHT) in Landroid/view/accessibility/AccessibilityNodeInfo$AccessibilityAction;
D/dalvikvm( 3157): VFY: replacing opcode 0x62 at 0x0177
E/dalvikvm( 3157): Could not find class 'android.view.accessibility.AccessibilityNodeInfo$AccessibilityAction', referenced from method d.h.j.c0.b$a.<clinit>
W/dalvikvm( 3157): VFY: unable to resolve new-instance 329 (Landroid/view/accessibility/AccessibilityNodeInfo$AccessibilityAction;) in Ld/h/j/c0/b$a;
D/dalvikvm( 3157): VFY: replacing opcode 0x22 at 0x0182
W/dalvikvm( 3157): VFY: unable to resolve static field 168 (ACTION_CONTEXT_CLICK) in Landroid/view/accessibility/AccessibilityNodeInfo$AccessibilityAction;
D/dalvikvm( 3157): VFY: replacing opcode 0x62 at 0x0189
E/dalvikvm( 3157): Could not find class 'android.view.accessibility.AccessibilityNodeInfo$AccessibilityAction', referenced from method d.h.j.c0.b$a.<clinit>
W/dalvikvm( 3157): VFY: unable to resolve new-instance 329 (Landroid/view/accessibility/AccessibilityNodeInfo$AccessibilityAction;) in Ld/h/j/c0/b$a;
D/dalvikvm( 3157): VFY: replacing opcode 0x22 at 0x0194
W/dalvikvm( 3157): VFY: unable to resolve static field 182 (ACTION_SET_PROGRESS) in Landroid/view/accessibility/AccessibilityNodeInfo$AccessibilityAction;
D/dalvikvm( 3157): VFY: replacing opcode 0x62 at 0x019d
E/dalvikvm( 3157): Could not find class 'android.view.accessibility.AccessibilityNodeInfo$AccessibilityAction', referenced from method d.h.j.c0.b$a.<clinit>
W/dalvikvm( 3157): VFY: unable to resolve new-instance 329 (Landroid/view/accessibility/AccessibilityNodeInfo$AccessibilityAction;) in Ld/h/j/c0/b$a;
D/dalvikvm( 3157): VFY: replacing opcode 0x22 at 0x01a8
W/dalvikvm( 3157): VFY: unable to resolve static field 171 (ACTION_MOVE_WINDOW) in Landroid/view/accessibility/AccessibilityNodeInfo$AccessibilityAction;
D/dalvikvm( 3157): VFY: replacing opcode 0x62 at 0x01b1
E/dalvikvm( 3157): Could not find class 'android.view.accessibility.AccessibilityNodeInfo$AccessibilityAction', referenced from method d.h.j.c0.b$a.<clinit>
W/dalvikvm( 3157): VFY: unable to resolve new-instance 329 (Landroid/view/accessibility/AccessibilityNodeInfo$AccessibilityAction;) in Ld/h/j/c0/b$a;
D/dalvikvm( 3157): VFY: replacing opcode 0x22 at 0x01bc
W/dalvikvm( 3157): VFY: unable to resolve static field 184 (ACTION_SHOW_TOOLTIP) in Landroid/view/accessibility/AccessibilityNodeInfo$AccessibilityAction;
D/dalvikvm( 3157): VFY: replacing opcode 0x62 at 0x01c5
E/dalvikvm( 3157): Could not find class 'android.view.accessibility.AccessibilityNodeInfo$AccessibilityAction', referenced from method d.h.j.c0.b$a.<clinit>
W/dalvikvm( 3157): VFY: unable to resolve new-instance 329 (Landroid/view/accessibility/AccessibilityNodeInfo$AccessibilityAction;) in Ld/h/j/c0/b$a;
D/dalvikvm( 3157): VFY: replacing opcode 0x22 at 0x01d0
W/dalvikvm( 3157): VFY: unable to resolve static field 169 (ACTION_HIDE_TOOLTIP) in Landroid/view/accessibility/AccessibilityNodeInfo$AccessibilityAction;
D/dalvikvm( 3157): VFY: replacing opcode 0x62 at 0x01d7
E/dalvikvm( 3157): Could not find class 'android.view.accessibility.AccessibilityNodeInfo$AccessibilityAction', referenced from method d.h.j.c0.b$a.<clinit>
W/dalvikvm( 3157): VFY: unable to resolve new-instance 329 (Landroid/view/accessibility/AccessibilityNodeInfo$AccessibilityAction;) in Ld/h/j/c0/b$a;
D/dalvikvm( 3157): VFY: replacing opcode 0x22 at 0x01e2
W/dalvikvm( 3157): VFY: unable to resolve static field 176 (ACTION_PRESS_AND_HOLD) in Landroid/view/accessibility/AccessibilityNodeInfo$AccessibilityAction;
D/dalvikvm( 3157): VFY: replacing opcode 0x62 at 0x01eb
E/dalvikvm( 3157): Could not find class 'android.view.accessibility.AccessibilityNodeInfo$AccessibilityAction', referenced from method d.h.j.c0.b$a.<clinit>
W/dalvikvm( 3157): VFY: unable to resolve new-instance 329 (Landroid/view/accessibility/AccessibilityNodeInfo$AccessibilityAction;) in Ld/h/j/c0/b$a;
D/dalvikvm( 3157): VFY: replacing opcode 0x22 at 0x01f6
W/dalvikvm( 3157): VFY: unable to resolve static field 170 (ACTION_IME_ENTER) in Landroid/view/accessibility/AccessibilityNodeInfo$AccessibilityAction;
D/dalvikvm( 3157): VFY: replacing opcode 0x62 at 0x01fd
E/dalvikvm( 3157): Could not find class 'android.view.accessibility.AccessibilityNodeInfo$AccessibilityAction', referenced from method d.h.j.c0.b$a.<clinit>
W/dalvikvm( 3157): VFY: unable to resolve new-instance 329 (Landroid/view/accessibility/AccessibilityNodeInfo$AccessibilityAction;) in Ld/h/j/c0/b$a;
D/dalvikvm( 3157): VFY: replacing opcode 0x22 at 0x0208
E/dalvikvm( 3157): Could not find class 'android.view.accessibility.AccessibilityNodeInfo$AccessibilityAction', referenced from method d.h.j.c0.b$a.<init>
W/dalvikvm( 3157): VFY: unable to resolve new-instance 329 (Landroid/view/accessibility/AccessibilityNodeInfo$AccessibilityAction;) in Ld/h/j/c0/b$a;
D/dalvikvm( 3157): VFY: replacing opcode 0x22 at 0x000f
E/dalvikvm( 3157): Could not find class 'android.view.accessibility.AccessibilityNodeInfo$AccessibilityAction', referenced from method d.h.j.c0.b$a.a
W/dalvikvm( 3157): VFY: unable to resolve check-cast 329 (Landroid/view/accessibility/AccessibilityNodeInfo$AccessibilityAction;) in Ld/h/j/c0/b$a;
D/dalvikvm( 3157): VFY: replacing opcode 0x1f at 0x0008
D/dalvikvm( 3157): DexOpt: unable to opt direct call 0x07f4 at 0x1a in Ld/h/j/c0/b$a;.<clinit>
D/dalvikvm( 3157): DexOpt: unable to opt direct call 0x07f4 at 0x23 in Ld/h/j/c0/b$a;.<clinit>
D/dalvikvm( 3157): DexOpt: unable to opt direct call 0x07f4 at 0x35 in Ld/h/j/c0/b$a;.<clinit>
D/dalvikvm( 3157): DexOpt: unable to opt direct call 0x07f4 at 0x3e in Ld/h/j/c0/b$a;.<clinit>
D/dalvikvm( 3157): DexOpt: unable to opt direct call 0x07f4 at 0x47 in Ld/h/j/c0/b$a;.<clinit>
D/dalvikvm( 3157): GC_FOR_ALLOC freed 1551K, 12% free 13382K/15120K, paused 5ms, total 6ms
D/dalvikvm( 3157): DexOpt: unable to opt direct call 0x07f4 at 0x50 in Ld/h/j/c0/b$a;.<clinit>
D/dalvikvm( 3157): DexOpt: unable to opt direct call 0x07f4 at 0x59 in Ld/h/j/c0/b$a;.<clinit>
D/dalvikvm( 3157): DexOpt: unable to opt direct call 0x07f4 at 0x62 in Ld/h/j/c0/b$a;.<clinit>
D/dalvikvm( 3157): DexOpt: unable to opt direct call 0x07f4 at 0x6b in Ld/h/j/c0/b$a;.<clinit>
D/dalvikvm( 3157): DexOpt: unable to opt direct call 0x07f4 at 0x86 in Ld/h/j/c0/b$a;.<clinit>
D/dalvikvm( 3157): DexOpt: unable to opt direct call 0x07f4 at 0x90 in Ld/h/j/c0/b$a;.<clinit>
D/dalvikvm( 3157): DexOpt: unable to opt direct call 0x07f4 at 0x99 in Ld/h/j/c0/b$a;.<clinit>
D/dalvikvm( 3157): DexOpt: unable to opt direct call 0x07f4 at 0xa2 in Ld/h/j/c0/b$a;.<clinit>
D/dalvikvm( 3157): DexOpt: unable to opt direct call 0x07f4 at 0xc6 in Ld/h/j/c0/b$a;.<clinit>
D/dalvikvm( 3157): DexOpt: unable to opt direct call 0x07f4 at 0xda in Ld/h/j/c0/b$a;.<clinit>
D/dalvikvm( 3157): DexOpt: unable to opt direct call 0x07f4 at 0xec in Ld/h/j/c0/b$a;.<clinit>
D/dalvikvm( 3157): DexOpt: unable to opt direct call 0x07f4 at 0x113 in Ld/h/j/c0/b$a;.<clinit>
D/dalvikvm( 3157): DexOpt: unable to opt direct call 0x07f4 at 0x13a in Ld/h/j/c0/b$a;.<clinit>
D/dalvikvm( 3157): DexOpt: unable to opt direct call 0x07f4 at 0x14e in Ld/h/j/c0/b$a;.<clinit>
D/dalvikvm( 3157): DexOpt: unable to opt direct call 0x07f4 at 0x160 in Ld/h/j/c0/b$a;.<clinit>
D/dalvikvm( 3157): DexOpt: unable to opt direct call 0x07f4 at 0x172 in Ld/h/j/c0/b$a;.<clinit>
D/dalvikvm( 3157): DexOpt: unable to opt direct call 0x07f4 at 0x184 in Ld/h/j/c0/b$a;.<clinit>
D/dalvikvm( 3157): DexOpt: unable to opt direct call 0x07f4 at 0x196 in Ld/h/j/c0/b$a;.<clinit>
D/dalvikvm( 3157): DexOpt: unable to opt direct call 0x07f4 at 0x1aa in Ld/h/j/c0/b$a;.<clinit>
D/dalvikvm( 3157): DexOpt: unable to opt direct call 0x07f4 at 0x1be in Ld/h/j/c0/b$a;.<clinit>
D/dalvikvm( 3157): DexOpt: unable to opt direct call 0x07f4 at 0x1d2 in Ld/h/j/c0/b$a;.<clinit>
D/dalvikvm( 3157): DexOpt: unable to opt direct call 0x07f4 at 0x1e4 in Ld/h/j/c0/b$a;.<clinit>
D/dalvikvm( 3157): DexOpt: unable to opt direct call 0x07f4 at 0x1f8 in Ld/h/j/c0/b$a;.<clinit>
D/dalvikvm( 3157): DexOpt: unable to opt direct call 0x07f4 at 0x20a in Ld/h/j/c0/b$a;.<clinit>
D/dalvikvm( 3157): DexOpt: unable to opt direct call 0x07f4 at 0x11 in Ld/h/j/c0/b$a;.<init>
I/dalvikvm( 3157): Could not find m