D/EGL_emulation( 2344): eglCreateContext: 0xb9047cf0: maj 3 min 0 rcv 3
D/EGL_emulation( 2344): eglMakeCurrent: 0xb9047cf0: ver 3 0
E/eglCodecCommon( 2344): glUtilsParamSize: unknow param 0x00008cdf
E/eglCodecCommon( 2344): glUtilsParamSize: unknow param 0x00008824
D/dalvikvm( 1779): GC_FOR_ALLOC freed 2004K, 20% free 9280K/11540K, paused 15ms, total 15ms
I/Icing   ( 2089): Indexing done com.google.android.gms-apps
I/Icing   ( 2089): Indexing com.google.android.gms-internal.3p:MobileApplication from com.google.android.gms
I/GCoreUlr( 1779): Unbound from all signal providers.
I/GCoreUlr( 1779): Stopping handler for UlrDispSvcFast
D/dalvikvm( 2089): GC_EXPLICIT freed 295K, 24% free 11457K/14956K, paused 23ms+51ms, total 133ms
I/GCM-GMS ( 2089): Registering GMS 745476177629
I/ahju    ( 1779): Scheduling Phenotype for a PhenotypeSyncImmediately(16, com.google.android.gms.icing.mdd) one off with window [1, 2] in seconds [CONTEXT service_id=51 ]
D/dalvikvm( 2344): GC_FOR_ALLOC freed 723K, 43% free 5645K/9772K, paused 5ms, total 7ms
I/ahju    ( 1779): Scheduling Phenotype for a PhenotypeSyncImmediately(6, com.google.android.gms.checkin.binary) one off with window [1, 2] in seconds [CONTEXT service_id=51 ]
E/AsyncOperation( 1779): serviceID=51, operation=GetExperimentTokensOperationCall
E/AsyncOperation( 1779): OperationException[Status{statusCode=No config packages for log source, or config package not registered, resolution=null}]
E/AsyncOperation( 1779): 	at ahif.a(:com.google.android.gms@202414005@20.24.14 (000700-319035315):87)
E/AsyncOperation( 1779): 	at ahif.a(:com.google.android.gms@202414005@20.24.14 (000700-319035315):80)
E/AsyncOperation( 1779): 	at uun.run(:com.google.android.gms@202414005@20.24.14 (000700-319035315):9)
E/AsyncOperation( 1779): 	at bcny.run(:com.google.android.gms@202414005@20.24.14 (000700-319035315):2)
E/AsyncOperation( 1779): 	at nlp.b(:com.google.android.gms@202414005@20.24.14 (000700-319035315):12)
E/AsyncOperation( 1779): 	at nlp.run(:com.google.android.gms@202414005@20.24.14 (000700-319035315):8)
E/AsyncOperation( 1779): 	at java.util.concurrent.ThreadPoolExecutor.runWorker(ThreadPoolExecutor.java:1112)
E/AsyncOperation( 1779): 	at java.util.concurrent.ThreadPoolExecutor$Worker.run(ThreadPoolExecutor.java:587)
E/AsyncOperation( 1779): 	at nrd.run(:com.google.android.gms@202414005@20.24.14 (000700-319035315):0)
E/AsyncOperation( 1779): 	at java.lang.Thread.run(Thread.java:841)
D/dalvikvm( 1850): GC_EXPLICIT freed 156K, 25% free 5986K/7928K, paused 1ms+1ms, total 5ms
D/ConnectivityService( 1572): handleInetConditionHoldEnd: net=0, condition=100, published condition=0
E/PhenotypeRegOp( 2089): Attempting to overwrite config package for com.google.android.gms.games [CONTEXT service_id=231 ]
E/PhenotypeRegOp( 2089): Attempting to overwrite config package for com.google.android.gms.mobile_data_plan [CONTEXT service_id=231 ]
E/PhenotypeRegOp( 2089): Attempting to overwrite config package for com.google.android.gms.signin [CONTEXT service_id=231 ]
E/PhenotypeRegOp( 2089): Attempting to overwrite config package for com.google.android.gms.udc [CONTEXT service_id=231 ]
I/Icing   ( 2089): Indexing com.google.android.googlequicksearchbox-applications from com.google.android.googlequicksearchbox
I/ahlt    ( 1779): updateFromConfigurations using legacy put method [CONTEXT service_id=204 ]
E/DG      ( 2344): FSC error [CONTEXT service_id=25 ]
E/DG      ( 2344): java.lang.NullPointerException
E/DG      ( 2344): 	at bnwi.a(:com.google.android.gms@202414005@20.24.14 (000700-319035315):16)
E/DG      ( 2344): 	at com.google.android.gms.droidguard.DroidGuardChimeraService.a(:com.google.android.gms@202414005@20.24.14 (000700-319035315):39)
E/DG      ( 2344): 	at com.google.android.gms.droidguard.DroidGuardChimeraService.a(:com.google.android.gms@202414005@20.24.14 (000700-319035315):71)
E/DG      ( 2344): 	at com.google.android.gms.framework.tracing.wrapper.TracingIntentService.onHandleIntent(:com.google.android.gms@202414005@20.24.14 (000700-319035315):1)
E/DG      ( 2344): 	at bpq.handleMessage(:com.google.android.gms@202414005@20.24.14 (000700-319035315):0)
E/DG      ( 2344): 	at android.os.Handler.dispatchMessage(Handler.java:102)
E/DG      ( 2344): 	at android.os.Looper.loop(Looper.java:136)
E/DG      ( 2344): 	at android.os.HandlerThread.run(HandlerThread.java:61)
I/ActivityManager( 1572): Waited long enough for: ServiceRecord{9d90a358 u0 com.android.music/.MediaPlaybackService}
I/ActivityManager( 1572): Resuming delayed broadcast
I/Icing   ( 2089): Indexing done com.google.android.googlequicksearchbox-applications
I/Icing   ( 2089): Indexing done com.google.android.gms-internal.3p:MobileApplication
D/dalvikvm( 1867): GC_FOR_ALLOC freed 559K, 19% free 3371K/4120K, paused 2ms, total 2ms
I/SystemUpdateService( 1850): cancelUpdate (empty URL)
I/CheckinUtil( 2089): Classify the device as Phone. [CONTEXT service_id=130 ]
D/dalvikvm( 2089): GC_EXPLICIT freed 367K, 24% free 11456K/14956K, paused 44ms+3ms, total 143ms
I/ActivityManager( 1572): Delay finish: com.google.android.gms/.auth.account.be.channelid.ChannelBindingBroadcastReceiver
I/GmsModuleFndr( 2089): Beginning GMS chimera module scan
I/ActivityManager( 1572): Resuming delayed broadcast
I/GmsModuleFndr( 2089): Beginning GMS chimera module scan
I/Auth    ( 1779): [AuthManaged,PasswordComplexityHelperImpl] Updating password complexity components state.
I/Auth    ( 1779): [AuthManaged,PasswordComplexityHelperImpl] Disabling com.google.android.gms.auth.managed.admin.DeviceAdminReceiver
I/Auth    ( 1779): [AuthManaged,PasswordComplexityHelperImpl] Disabling com.google.android.gms.auth.managed.ui.SetNewPasswordActivity
I/Herrevad( 1779): [125] wkz.a: updateListenState
E/GmsClient( 2089): unable to connect to service: com.google.android.gms.auth.key.retrieval.service.START on com.google.android.gms
I/ModuleSetMgr( 2089): Computing pending module set with APKs: [[AdsFdrDynamite.integ:21460000000], [Cronetdynamite:202414000700], [Dynamiteloader:202414000700], [Dynamitemodulesa:202414000000], [Dynamitemodulesc:202414000000], [Googlecertificates:202414000000], [Mapsdynamite:202414000000], [Measurementdynamite:202414000000]]
W/ActivityManager( 1572): Unable to start service Intent { act=com.google.android.gms.auth.key.retrieval.service.START pkg=com.google.android.gms } U=0: not found
W/ActivityManager( 1572): Unbind failed: could not find connection for android.os.BinderProxy@9d3a02c8
I/ModuleSetMgr( 2089): Pending container module APKs: []
I/ModuleSetMgr( 2089): Pending non-container module APKs: []
I/SystemUpdateService( 1850): cancelUpdate (empty URL)
I/ActivityManager( 1572): Delay finish: com.android.providers.contacts/.PackageIntentReceiver
I/Search.GservicesUpdateTask( 2447): Updating Gservices keys
I/ChromeSync( 2089): [Sync,SyncIntentOperation] Handling the intent: Intent { act=com.google.gservices.intent.action.GSERVICES_CHANGED flg=0x10 cmp=com.google.android.gms/.chimera.GmsIntentOperationService$PersistentInternalReceiver }.
I/ModuleSetMgr( 2089): Computing pending module set with APKs: [[AdsFdrDynamite.integ:21460000000], [Cronetdynamite:202414000700], [Dynamiteloader:202414000700], [Dynamitemodulesa:202414000000], [Dynamitemodulesc:202414000000], [Googlecertificates:202414000000], [Mapsdynamite:202414000000], [Measurementdynamite:202414000000]]
I/ModuleSetMgr( 2089): Pending container module APKs: []
I/ModuleSetMgr( 2089): Pending non-container module APKs: []
I/MobileDataHub( 2089): Scheduling periodic tasks
W/MobileDataHub( 2089): [Service] appsupload-periodic periodic task disabled
I/GStaticConfiguration( 2447): Ignore gservice update: no configuration
I/MdiSyncModule( 2089): flag handling is skipping irrelevant intent.
V/EmulatedCamera_Camera( 1148): getCameraInfo
V/EmulatedCamera_BaseCamera( 1148): getCameraInfo
I/OcrModelUpStIntentOp( 2089): Updating ocr activity enabled=true (phenotypeFlag=true, lowRamDevice=false, prereqCheck=true)
I/ActivityManager( 1572): Resuming delayed broadcast
I/OcrModelUpStIntentOp( 2089): Downloading text recognizer
I/Fitness ( 1779): OnPackageChangedOperation got intent: Intent { act=android.intent.action.PACKAGE_CHANGED dat=package:com.google.android.gsf flg=0x4000010 cmp=com.google.android.gms/.chimera.PersistentIntentOperationService (has extras) } [CONTEXT service_id=17 ]
I/ActivityManager( 1572): Delay finish: com.google.android.googlequicksearchbox/com.google.android.searchcommon.summons.icing.InternalIcingCorporaProvider$CorporaChangedReceiver
I/SystemUpdate( 2089): [Installation,ReceiverIntentOperation] Received intent: Intent { act=com.google.gservices.intent.action.GSERVICES_CHANGED flg=0x10 cmp=com.google.android.gms/.chimera.GmsIntentOperationService$PersistentInternalReceiver }.
I/Fitness ( 1779): FitCleanupIntentOperation received Intent android.intent.action.PACKAGE_CHANGED [CONTEXT service_id=17 ]
I/Icing.InternalIcingCorporaProvider( 2447): Updating corpora: A: com.google.android.gsf, C: MAYBE
I/SystemUpdate( 2089): [Execution,InstallationEventIntentOperation] Handling event of type 2.
I/Icing   ( 2089): IndexChimeraService.getServiceInterface callingPackage=com.google.android.googlequicksearchbox componentName=null serviceId=21
I/SystemUpdate( 2089): [Execution,InstallationIntentOperation] Received intent: Intent { act=com.google.android.gms.update.INSTALL_UPDATE cat=[targeted_intent_op_prefix:.update.execution.InstallationIntentOperation] cmp=com.google.android.gms/.chimera.GmsIntentOperationService }.
I/SystemUpdate( 2089): [Execution,ExecutionManager] Action finished-execution executed for 0.00 seconds.
W/Icing.InternalIcingCorporaProvider( 2447): Application table change notification failed.
W/Launcher( 2478): setApplicationContext called twice! old=com.google.android.velvet.VelvetApplication@9d04a920 new=com.google.android.velvet.VelvetApplication@9d04a920
I/ActivityManager( 1572): Resuming delayed broadcast
D/dalvikvm( 1779): GC_FOR_ALLOC freed 2168K, 21% free 9161K/11580K, paused 9ms, total 9ms
I/GCoreUlr( 1779): WorldUpdater received intent Intent { act=com.google.android.location.reporting.ACTION_UPDATE_WORLD cmp=com.google.android.gms/com.google.android.location.reporting.service.DispatchingService (has extras) } with receiverAction com.google.gservices.intent.action.GSERVICES_CHANGED
W/Icing   ( 2089): No valid account for uploading user actions
I/ActivityManager( 1572): Delay finish: com.google.android.googlequicksearchbox/com.google.android.searchcommon.summons.icing.InternalIcingCorporaProvider$CorporaChangedReceiver
I/Fitness ( 1779): OnPackageChangedOperation got intent: Intent { act=android.intent.action.PACKAGE_CHANGED dat=package:com.google.android.gms flg=0x4000010 cmp=com.google.android.gms/.chimera.PersistentIntentOperationService (has extras) } [CONTEXT service_id=17 ]
I/Icing.InternalIcingCorporaProvider( 2447): Updating corpora: A: com.google.android.gms, C: MAYBE
I/Fitness ( 1779): FitCleanupIntentOperation received Intent android.intent.action.PACKAGE_CHANGED [CONTEXT service_id=17 ]
I/Icing   ( 2089): Usage reports ok 0, Failed Usage reports 0, indexed 0, rejected 0
I/Icing   ( 2089): updateResources: need to parse wwx{com.google.android.gms}
D/dalvikvm( 2089): GC_FOR_ALLOC freed 1764K, 22% free 11740K/14956K, paused 13ms, total 13ms
I/GCoreUlr( 1779): WorldUpdater:com.google.gservices.intent.action.GSERVICES_CHANGED: Ensuring that reporting is stopped because of reasons: (no Google accounts)
W/Conscrypt( 2089): Could not set socket write timeout: java.net.SocketException: Socket closed
W/Conscrypt( 2089): 	at com.google.android.gms.org.conscrypt.Platform.setSocketWriteTimeout(:com.google.android.gms@202414005@20.24.14 (000700-319035315):2)
W/Conscrypt( 2089): 	at com.google.android.gms.org.conscrypt.ConscryptFileDescriptorSocket.setSoWriteTimeout(:com.google.android.gms@202414005@20.24.14 (000700-319035315):0)
I/Icing   ( 2089): IndexChimeraService.getServiceInterface callingPackage=com.google.android.googlequicksearchbox componentName=null serviceId=21
D/dalvikvm( 1572): GC_EXPLICIT freed 890K, 48% free 7808K/14816K, paused 1ms+9ms, total 20ms
W/DownloadManager( 1867): Aborting request for download 7: download canceled
I/GCoreUlr( 1779): Unbound from all signal providers.
I/DownloadManager( 1867): Download 7 finished with status CANCELED
I/GCoreUlr( 1779): Unbound from all signal providers.
I/GCoreUlr( 1779): Stopping handler for UlrDispSvcFast
D/dalvikvm( 2089): GC_EXPLICIT freed 601K, 24% free 11477K/14956K, paused 3ms+10ms, total 58ms
W/Conscrypt( 2089): Could not set socket write timeout: java.net.SocketException: Socket closed
W/Conscrypt( 2089): 	at com.google.android.gms.org.conscrypt.Platform.setSocketWriteTimeout(:com.google.android.gms@202414005@20.24.14 (000700-319035315):2)
W/Conscrypt( 2089): 	at com.google.android.gms.org.conscrypt.ConscryptFileDescriptorSocket.setSoWriteTimeout(:com.google.android.gms@202414005@20.24.14 (000700-319035315):0)
D/dalvikvm( 2089): GC_EXPLICIT freed 340K, 24% free 11501K/14956K, paused 4ms+1ms, total 40ms
W/Icing   ( 2089): No valid account for uploading user actions
I/Icing   ( 2089): Usage reports ok 0, Failed Usage reports 0, indexed 0, rejected 0
D/dalvikvm( 2089): GC_EXPLICIT freed 80K, 24% free 11470K/14956K, paused 1ms+1ms, total 14ms
I/ActivityManager( 1572): Resuming delayed broadcast
W/Launcher( 2478): setApplicationContext called twice! old=com.google.android.velvet.VelvetApplication@9d04a920 new=com.google.android.velvet.VelvetApplication@9d04a920
I/GCM-GMS ( 2089): Scheduling task to register GMS
E/BluetoothAdapter( 1820): Bluetooth binder is null
D/dalvikvm( 2089): GC_EXPLICIT freed 68K, 24% free 11466K/14956K, paused 1ms+1ms, total 23ms
V/SmsReceiverService( 2623): onStart: #1 mResultCode: -1 = Activity.RESULT_OK
I/ActivityManager( 1572): Delay finish: com.android.mms/.transaction.SmsReceiver
D/dalvikvm( 2089): GC_EXPLICIT freed 101K, 24% free 11486K/14956K, paused 1ms+3ms, total 26ms
I/ActivityManager( 1572): Resuming delayed broadcast
D/dalvikvm( 1850): GC_EXPLICIT freed 280K, 25% free 5981K/7928K, paused 0ms+2ms, total 19ms
D/dalvikvm( 2089): GC_EXPLICIT freed 34K, 24% free 11477K/14956K, paused 1ms+1ms, total 23ms
D/dalvikvm( 2089): GC_EXPLICIT freed 9K, 24% free 11475K/14956K, paused 1ms+1ms, total 16ms
D/dalvikvm( 2344): GC_FOR_ALLOC freed 921K, 43% free 5599K/9772K, paused 4ms, total 4ms
D/dalvikvm( 1779): GC_FOR_ALLOC freed 1932K, 20% free 9277K/11580K, paused 10ms, total 10ms
D/dalvikvm( 2089): GC_EXPLICIT freed 50K, 23% free 11638K/14956K, paused 3ms+36ms, total 89ms
D/dalvikvm( 2089): DexOpt: couldn't find static field Landroid/os/Build;.SUPPORTED_ABIS
W/dalvikvm( 2089): VFY: unable to resolve static field 17846 (SUPPORTED_ABIS) in Landroid/os/Build;
D/dalvikvm( 2089): VFY: replacing opcode 0x62 at 0x0006
I/Vision  ( 2089): Supported ABIS: [x86]
I/Vision  ( 2089): Requesting optional module download of ocr.
I/ChmraDebugLogger( 1779): [53] +vision.ocr:-1
V/AlarmClock( 2527): AlarmInitReceiver android.intent.action.TIMEZONE_CHANGED
I/Vision  ( 2089): Checking for download completion for 44196 -- ocr
I/ChimeraConfigurator( 2089): Starting update, reason: 4 urgentFeatures: vision.ocr:-1
I/GmsModuleFndr( 2089): Beginning GMS chimera module scan
I/AlarmClock( 2527): Displaying next alarm time: ''
V/AlarmClock( 2527): AlarmInitReceiver finished
I/Notifications( 2547): [ChimeBroadcastReceiver] Intent received for action [android.intent.action.TIMEZONE_CHANGED] package [com.google.android.play.games].
I/Notifications( 2547): [ChimeBroadcastReceiver] Validation OK for action [android.intent.action.TIMEZONE_CHANGED].
I/Notifications( 2547): [ChimeBroadcastReceiver] Executing action in Service [android.intent.action.TIMEZONE_CHANGED].
I/SystemUpdate( 2089): [Installation,ReceiverIntentOperation] Received intent: Intent { act=android.intent.action.TIME_SET flg=0x24000010 cmp=com.google.android.gms/.chimera.GmsIntentOperationService$PersistentTrustedReceiver }.
V/AlarmClock( 2527): AlarmInitReceiver android.intent.action.TIME_SET
I/SystemUpdate( 2089): [Execution,InstallationEventIntentOperation] Handling event of type 6.
I/SystemUpdate( 2089): [Execution,InstallationIntentOperation] Received intent: Intent { act=com.google.android.gms.update.INSTALL_UPDATE cat=[targeted_intent_op_prefix:.update.execution.InstallationIntentOperation] cmp=com.google.android.gms/.chimera.GmsIntentOperationService }.
I/ModuleSetMgr( 2089): Computing pending module set with APKs: [[AdsFdrDynamite.integ:21460000000], [Cronetdynamite:202414000700], [Dynamiteloader:202414000700], [Dynamitemodulesa:202414000000], [Dynamitemodulesc:202414000000], [Googlecertificates:202414000000], [Mapsdynamite:202414000000], [Measurementdynamite:202414000000]]
I/ModuleSetMgr( 2089): Pending container module APKs: []
I/ModuleSetMgr( 2089): Pending non-container module APKs: []
I/AlarmClock( 2527): Displaying next alarm time: ''
V/AlarmClock( 2527): AlarmInitReceiver finished
I/SystemUpdate( 2089): [Execution,ExecutionManager] Action finished-execution executed for 0.00 seconds.
I/ahlt    ( 1779): updateFromConfigurations using legacy put method [CONTEXT service_id=204 ]
I/Vision  ( 2089): Requesting optional module download of ocr.
I/Vision  ( 2089): Checking for download completion for 44307 -- ocr
I/Vision  ( 2089): Requesting optional module download of ocr.
I/Vision  ( 2089): Checking for download completion for 44317 -- ocr
W/DownloadServiceState( 2089): Failed to clear DownloadManager of id [CONTEXT service_id=43 ]
D/dalvikvm( 2344): GC_FOR_ALLOC freed 723K, 42% free 5709K/9772K, paused 3ms, total 3ms
D/EGL_emulation( 2344): eglCreateContext: 0xb9049e50: maj 3 min 0 rcv 3
D/EGL_emulation( 2344): eglMakeCurrent: 0xb9049e50: ver 3 0
E/eglCodecCommon( 2344): glUtilsParamSize: unknow param 0x00008cdf
E/eglCodecCommon( 2344): glUtilsParamSize: unknow param 0x00008824
D/EGL_emulation( 2344): eglCreateContext: 0xb9049e50: maj 3 min 0 rcv 3
D/EGL_emulation( 2344): eglMakeCurrent: 0xb9049e50: ver 3 0
E/eglCodecCommon( 2344): glUtilsParamSize: unknow param 0x00008cdf
E/eglCodecCommon( 2344): glUtilsParamSize: unknow param 0x00008824
I/CheckinResponseProcess( 2089): From server: 1526 gservices [full] [CONTEXT service_id=130 ]
D/dalvikvm( 1779): GC_FOR_ALLOC freed 2141K, 21% free 9183K/11580K, paused 16ms, total 16ms
D/        ( 2344): HostConnection::get() New Host Connection established 0xb9030130, tid 2762
W/Conscrypt( 2089): Could not set socket write timeout: java.net.SocketException: Socket closed
D/EGL_emulation( 2344): eglCreateContext: 0xb9049a60: maj 3 min 0 rcv 3
D/EGL_emulation( 2344): eglMakeCurrent: 0xb9049a60: ver 3 0
E/eglCodecCommon( 2344): glUtilsParamSize: unknow param 0x00008cdf
E/eglCodecCommon( 2344): glUtilsParamSize: unknow param 0x00008824
W/Conscrypt( 2089): 	at com.google.android.gms.org.conscrypt.Platform.setSocketWriteTimeout(:com.google.android.gms@202414005@20.24.14 (000700-319035315):2)
W/Conscrypt( 2089): 	at com.google.android.gms.org.conscrypt.ConscryptFileDescriptorSocket.setSoWriteTimeout(:com.google.android.gms@202414005@20.24.14 (000700-319035315):0)
D/EGL_emulation( 2344): eglCreateContext: 0xb9047110: maj 3 min 0 rcv 3
D/EGL_emulation( 2344): eglMakeCurrent: 0xb9047110: ver 3 0
E/eglCodecCommon( 2344): glUtilsParamSize: unknow param 0x00008cdf
E/eglCodecCommon( 2344): glUtilsParamSize: unknow param 0x00008824
D/dalvikvm( 2089): GC_FOR_ALLOC freed 1303K, 18% free 12383K/14956K, paused 52ms, total 67ms
W/Conscrypt( 1779): Could not set socket write timeout: java.net.SocketException: Socket closed
W/Conscrypt( 1779): 	at com.google.android.gms.org.conscrypt.Platform.setSocketWriteTimeout(:com.google.android.gms@202414005@20.24.14 (000700-319035315):2)
W/Conscrypt( 1779): 	at com.google.android.gms.org.conscrypt.ConscryptFileDescriptorSocket.setSoWriteTimeout(:com.google.android.gms@202414005@20.24.14 (000700-319035315):0)
W/Conscrypt( 2089): Could not set socket write timeout: java.net.SocketException: Socket closed
W/Conscrypt( 2089): 	at com.google.android.gms.org.conscrypt.Platform.setSocketWriteTimeout(:com.google.android.gms@202414005@20.24.14 (000700-319035315):2)
W/Conscrypt( 2089): 	at com.google.android.gms.org.conscrypt.ConscryptFileDescriptorSocket.setSoWriteTimeout(:com.google.android.gms@202414005@20.24.14 (000700-319035315):0)
W/Conscrypt( 1779): Could not set socket write timeout: java.net.SocketException: Socket closed
D/dalvikvm( 1850): GC_FOR_ALLOC freed 283K, 16% free 6717K/7928K, paused 4ms, total 10ms
W/Conscrypt( 1779): 	at com.google.android.gms.org.conscrypt.Platform.setSocketWriteTimeout(:com.google.android.gms@202414005@20.24.14 (000700-319035315):2)
W/Conscrypt( 1779): 	at com.google.android.gms.org.conscrypt.ConscryptFileDescriptorSocket.setSoWriteTimeout(:com.google.android.gms@202414005@20.24.14 (000700-319035315):0)
D/dalvikvm( 2344): GC_FOR_ALLOC freed 938K, 42% free 5679K/9772K, paused 4ms, total 4ms
I/Icing   ( 2089): Indexing com.google.android.gms-apps from com.google.android.gms
I/GservicesProvider( 1850): main update completed
I/CertBlacklister( 1572): Certificate blacklist changed, updating...
I/CertBlacklister( 1572): Certificate blacklist updated
I/Checkin ( 2089): [CheckinRequestProcessor] CheckinNowTaskTag : Checkin Succeeded: https://android.googleapis.com/checkin (fragment #1).
I/Auth    ( 1779): [AuthManaged,PasswordComplexityHelperImpl] Updating password complexity components state.
I/Auth    ( 1779): [AuthManaged,PasswordComplexityHelperImpl] Disabling com.google.android.gms.auth.managed.admin.DeviceAdminReceiver
I/Auth    ( 1779): [AuthManaged,PasswordComplexityHelperImpl] Disabling com.google.android.gms.auth.managed.ui.SetNewPasswordActivity
I/Search.GservicesUpdateTask( 2447): Updating Gservices keys
I/Herrevad( 1779): [58] wkz.a: updateListenState
I/ActivityManager( 1572): Delay finish: com.google.android.gms/.gcm.nts.SchedulerReceiver
D/dalvikvm( 1850): GC_EXPLICIT freed 1140K, 23% free 6112K/7928K, paused 0ms+1ms, total 7ms
I/GStaticConfiguration( 2447): Ignore gservice update: no configuration
I/ActivityManager( 1572): Resuming delayed broadcast
I/Icing   ( 2089): Indexing done com.google.android.gms-apps
D/dalvikvm( 1850): GC_EXPLICIT freed 218K, 23% free 6135K/7928K, paused 0ms+1ms, total 20ms
D/dalvikvm( 1779): GC_EXPLICIT freed 1870K, 20% free 9288K/11580K, paused 1ms+1ms, total 17ms
I/GCoreUlr( 1779): WorldUpdater received intent Intent { act=com.google.android.location.reporting.ACTION_UPDATE_WORLD cmp=com.google.android.gms/com.google.android.location.reporting.service.DispatchingService (has extras) } with receiverAction com.google.gservices.intent.action.GSERVICES_CHANGED
D/dalvikvm( 2089): GC_EXPLICIT freed 1786K, 24% free 11498K/14956K, paused 1ms+2ms, total 19ms
I/Icing   ( 2089): Indexing com.google.android.gms-apps from com.google.android.gms
I/Icing   ( 2089): Indexing done com.google.android.gms-apps
I/Icing   ( 2089): Indexing com.google.android.gms-internal.3p:MobileApplication from com.google.android.gms
D/dalvikvm( 1779): GC_FOR_ALLOC freed 489K, 22% free 9045K/11580K, paused 11ms, total 12ms
I/dalvikvm-heap( 1779): Grow heap (frag case) to 9.138MB for 65548-byte allocation
D/dalvikvm( 1850): GC_EXPLICIT freed 160K, 23% free 6116K/7928K, paused 0ms+0ms, total 5ms
D/dalvikvm( 1779): GC_FOR_ALLOC freed 2K, 22% free 9107K/11648K, paused 11ms, total 11ms
W/ActivityManager( 1572): Unable to start service Intent { act=com.google.android.gms.auth.key.retrieval.service.START pkg=com.google.android.gms } U=0: not found
I/GmsModuleFndr( 2089): Beginning GMS chimera module scan
I/ModuleSetMgr( 2089): Computing pending module set with APKs: [[AdsFdrDynamite.integ:21460000000], [Cronetdynamite:202414000700], [Dynamiteloader:202414000700], [Dynamitemodulesa:202414000000], [Dynamitemodulesc:202414000000], [Googlecertificates:202414000000], [Mapsdynamite:202414000000], [Measurementdynamite:202414000000]]
E/GmsClient( 2089): unable to connect to service: com.google.android.gms.auth.key.retrieval.service.START on com.google.android.gms
I/GCM-GMS ( 2089): Scheduling task to register GMS
W/ActivityManager( 1572): Unbind failed: could not find connection for android.os.BinderProxy@9d56b090
I/ModuleSetMgr( 2089): Pending container module APKs: []
I/ModuleSetMgr( 2089): Pending non-container module APKs: []
D/dalvikvm( 1779): GC_FOR_ALLOC freed 130K, 22% free 9108K/11648K, paused 7ms, total 7ms
I/dalvikvm-heap( 1779): Grow heap (frag case) to 9.261MB for 131084-byte allocation
I/Icing   ( 2089): Indexing done com.google.android.gms-internal.3p:MobileApplication
D/dalvikvm( 1779): GC_FOR_ALLOC freed 6K, 22% free 9229K/11780K, paused 9ms, total 10ms
D/dalvikvm( 1572): GC_EXPLICIT freed 814K, 48% free 7809K/14816K, paused 1ms+10ms, total 20ms
I/Icing   ( 2089): Indexing com.google.android.googlequicksearchbox-applications from com.google.android.googlequicksearchbox
I/GCoreUlr( 1779): WorldUpdater:com.google.gservices.intent.action.GSERVICES_CHANGED: Ensuring that reporting is stopped because of reasons: (no Google accounts)
I/ChromeSync( 2089): [Sync,SyncIntentOperation] Handling the intent: Intent { act=com.google.gservices.intent.action.GSERVICES_CHANGED flg=0x10 cmp=com.google.android.gms/.chimera.GmsIntentOperationService$PersistentInternalReceiver }.
D/dalvikvm( 1850): GC_EXPLICIT freed 152K, 24% free 6102K/7928K, paused 0ms+1ms, total 4ms
D/dalvikvm( 1779): GC_FOR_ALLOC freed 133K, 22% free 9228K/11780K, paused 25ms, total 25ms
I/dalvikvm-heap( 1779): Grow heap (frag case) to 9.504MB for 262156-byte allocation
D/dalvikvm( 1779): GC_FOR_ALLOC freed 3K, 22% free 9480K/12040K, paused 8ms, total 8ms
D/dalvikvm( 2089): GC_EXPLICIT freed 830K, 23% free 11572K/14956K, paused 3ms+2ms, total 14ms
D/dalvikvm( 1779): GC_FOR_ALLOC freed 19K, 22% free 9480K/12040K, paused 13ms, total 13ms
I/dalvikvm-heap( 1779): Grow heap (frag case) to 9.866MB for 383239-byte allocation
I/MobileDataHub( 2089): Scheduling periodic tasks
D/dalvikvm( 1779): GC_FOR_ALLOC freed 0K, 21% free 9854K/12416K, paused 10ms, total 10ms
I/GCoreUlr( 1779): Unbound from all signal providers.
W/MobileDataHub( 2089): [Service] appsupload-periodic periodic task disabled
D/dalvikvm( 1850): GC_EXPLICIT freed 147K, 23% free 6115K/7928K, paused 0ms+0ms, total 7ms
I/GCoreUlr( 1779): Unbound from all signal providers.
I/GCoreUlr( 1779): Stopping handler for UlrDispSvcFast
I/MdiSyncModule( 2089): flag handling is skipping irrelevant intent.
D/dalvikvm( 2089): GC_EXPLICIT freed 268K, 23% free 11601K/14956K, paused 1ms+2ms, total 55ms
D/dalvikvm( 2089): GC_EXPLICIT freed 177K, 24% free 11477K/14956K, paused 3ms+2ms, total 19ms
D/dalvikvm( 2089): WAIT_FOR_CONCURRENT_GC blocked 10ms
D/dalvikvm( 1850): GC_EXPLICIT freed 149K, 23% free 6106K/7928K, paused 1ms+2ms, total 7ms
W/Conscrypt( 1779): Could not set socket write timeout: java.net.SocketException: Socket closed
W/Conscrypt( 1779): 	at com.google.android.gms.org.conscrypt.Platform.setSocketWriteTimeout(:com.google.android.gms@202414005@20.24.14 (000700-319035315):2)
I/SystemUpdate( 2089): [Installation,ReceiverIntentOperation] Received intent: Intent { act=com.google.gservices.intent.action.GSERVICES_CHANGED flg=0x10 cmp=com.google.android.gms/.chimera.GmsIntentOperationService$PersistentInternalReceiver }.
W/Conscrypt( 1779): 	at com.google.android.gms.org.conscrypt.ConscryptFileDescriptorSocket.setSoWriteTimeout(:com.google.android.gms@202414005@20.24.14 (000700-319035315):0)
D/dalvikvm( 2447): GC_FOR_ALLOC freed 497K, 17% free 3481K/4164K, paused 23ms, total 23ms
I/SystemUpdate( 2089): [Execution,InstallationEventIntentOperation] Handling event of type 2.
I/SystemUpdate( 2089): [Execution,InstallationIntentOperation] Received intent: Intent { act=com.google.android.gms.update.INSTALL_UPDATE cat=[targeted_intent_op_prefix:.update.execution.InstallationIntentOperation] cmp=com.google.android.gms/.chimera.GmsIntentOperationService }.
I/SystemUpdate( 2089): [Execution,ExecutionManager] Action finished-execution executed for 0.00 seconds.
D/dalvikvm( 2089): GC_EXPLICIT freed 339K, 23% free 11629K/14956K, paused 2ms+2ms, total 56ms
I/Icing   ( 2089): Indexing done com.google.android.googlequicksearchbox-applications
D/dalvikvm( 1850): GC_EXPLICIT freed 144K, 24% free 6097K/7928K, paused 0ms+0ms, total 5ms
V/EmulatedCamera_Camera( 1148): getCameraInfo
V/EmulatedCamera_BaseCamera( 1148): getCameraInfo
I/OcrModelUpStIntentOp( 2089): Updating ocr activity enabled=true (phenotypeFlag=true, lowRamDevice=false, prereqCheck=true)
I/OcrModelUpStIntentOp( 2089): Downloading text recognizer
D/dalvikvm( 1779): GC_FOR_ALLOC freed 930K, 23% free 9655K/12416K, paused 40ms, total 40ms
I/Vision  ( 2089): Requesting optional module download of ocr.
D/dalvikvm( 2089): GC_EXPLICIT freed 300K, 24% free 11491K/14956K, paused 5ms+1ms, total 39ms
W/Conscrypt( 1779): Could not set socket write timeout: java.net.SocketException: Socket closed
W/Conscrypt( 1779): 	at com.google.android.gms.org.conscrypt.Platform.setSocketWriteTimeout(:com.google.android.gms@202414005@20.24.14 (000700-319035315):2)
W/Conscrypt( 1779): 	at com.google.android.gms.org.conscrypt.ConscryptFileDescriptorSocket.setSoWriteTimeout(:com.google.android.gms@202414005@20.24.14 (000700-319035315):0)
D/dalvikvm( 2089): GC_EXPLICIT freed 69K, 24% free 11442K/14956K, paused 1ms+1ms, total 11ms
I/Vision  ( 2089): Checking for download completion for 45277 -- ocr
D/dalvikvm( 2089): GC_EXPLICIT freed 11K, 24% free 11448K/14956K, paused 1ms+1ms, total 13ms
D/dalvikvm( 2089): GC_EXPLICIT freed 52K, 24% free 11439K/14956K, paused 1ms+2ms, total 25ms
D/dalvikvm( 2089): GC_EXPLICIT freed 20K, 24% free 11425K/14956K, paused 0ms+2ms, total 12ms
D/dalvikvm( 2089): GC_EXPLICIT freed 9K, 24% free 11423K/14956K, paused 0ms+2ms, total 25ms
I/GmsModuleFndr( 2089): Beginning GMS chimera module scan
I/ModuleSetMgr( 2089): Computing pending module set with APKs: [[AdsFdrDynamite.integ:21460000000], [Cronetdynamite:202414000700], [Dynamiteloader:202414000700], [Dynamitemodulesa:202414000000], [Dynamitemodulesc:202414000000], [Googlecertificates:202414000000], [Mapsdynamite:202414000000], [Measurementdynamite:202414000000]]
I/ModuleSetMgr( 2089): Pending container module APKs: []
I/ModuleSetMgr( 2089): Pending non-container module APKs: []
D/dalvikvm( 1779): GC_FOR_ALLOC freed 1375K, 17% free 10328K/12416K, paused 9ms, total 9ms
I/NetworkScheduler( 1779): ignoring stale queue check message
D/dalvikvm( 1779): GC_FOR_ALLOC freed 1828K, 17% free 10547K/12628K, paused 8ms, total 8ms
I/GCM-GMS ( 2089): Got GMS registration
I/Authzen ( 2089): [AuthZenEventHandler] Handling event: com.google.android.gms.gcm.REGISTERED
I/GCoreUlr( 1779): GCM registration ID changed: Intent { act=com.google.android.gms.gcm.REGISTERED flg=0x10 pkg=com.google.android.gms cmp=com.google.android.gms/com.google.android.location.reporting.service.GcmRegistrationReceiver }
E/MDM     ( 2089): [223] aamr.a: No Google accounts; deferring server state update.
I/GCoreUlr( 1779): Unbound from all signal providers.
I/GCoreUlr( 1779): Stopping handler for UlrDispSvcFast
I/GCM-GMS ( 2089): Registering GMS 745476177629
I/GCM-GMS ( 2089): Got GMS registration
D/dalvikvm( 1850): GC_EXPLICIT freed 138K, 24% free 6097K/7928K, paused 0ms+0ms, total 4ms
I/ahju    ( 1779): Scheduling Phenotype for a PhenotypeSyncImmediately(6, com.google.android.gms.phenotype) one off with window [1, 2] in seconds [CONTEXT service_id=51 ]
D/dalvikvm( 1779): GC_FOR_ALLOC freed 3397K, 29% free 9200K/12848K, paused 8ms, total 8ms
I/DynamiteModule( 1850): Considering local module com.google.android.gms.googlecertificates:4 and remote module com.google.android.gms.googlecertificates:4
I/DynamiteModule( 1850): Selected local version of com.google.android.gms.googlecertificates
I/dalvikvm( 1850): Could not find method android.app.Notification$Builder.setLocalOnly, referenced from method com.google.android.gms.common.GoogleCertificatesImpl.isGoogleOrPlatformSigned
W/dalvikvm( 1850): VFY: unable to resolve virtual method 2308: Landroid/app/Notification$Builder;.setLocalOnly (Z)Landroid/app/Notification$Builder;
D/dalvikvm( 1850): VFY: replacing opcode 0x6e at 0x00b1
I/ahju    ( 1779): Scheduling Phenotype for a PhenotypeSyncImmediately(6, com.google.android.games.app) one off with window [1, 2] in seconds [CONTEXT service_id=51 ]
I/Auth    ( 1779): [AuthManaged,PasswordComplexityHelperImpl] Updating password complexity components state.
I/Auth    ( 1779): [AuthManaged,PasswordComplexityHelperImpl] Disabling com.google.android.gms.auth.managed.admin.DeviceAdminReceiver
I/Auth    ( 1779): [AuthManaged,PasswordComplexityHelperImpl] Disabling com.google.android.gms.auth.managed.ui.SetNewPasswordActivity
D/dalvikvm( 1779): GC_FOR_ALLOC freed 1752K, 27% free 9496K/12848K, paused 10ms, total 11ms
I/ahlt    ( 1779): updateFromConfigurations using legacy put method [CONTEXT service_id=204 ]
I/ActivityManager( 1572): Delay finish: com.android.providers.calendar/.CalendarProviderBroadcastReceiver
D/dalvikvm( 1572): GC_EXPLICIT freed 928K, 48% free 7828K/14816K, paused 1ms+1ms, total 11ms
I/ActivityManager( 1572): Resuming delayed broadcast
D/dalvikvm( 1779): GC_FOR_ALLOC freed 1989K, 26% free 9555K/12848K, paused 8ms, total 8ms
I/ChromeSync( 2089): [Sync,SyncIntentOperation] Handling the intent: Intent { act=com.google.android.gms.phenotype.COMMITTED flg=0x10 pkg=com.google.android.gms cmp=com.google.android.gms/.chimera.GmsIntentOperationService (has extras) }.
I/MdiSyncModule( 2089): flag handling is skipping irrelevant intent.
E/GmsClient( 2089): unable to connect to service: com.google.android.gms.auth.key.retrieval.service.START on com.google.android.gms
I/PTCommittedOperation( 1779): Receive new configuration for com.google.android.gms.people
W/ActivityManager( 1572): Unable to start service Intent { act=com.google.android.gms.auth.key.retrieval.service.START pkg=com.google.android.gms } U=0: not found
W/ActivityManager( 1572): Unbind failed: could not find connection for android.os.BinderProxy@9d3a5d88
I/Auth    ( 1779): [AuthManaged,PasswordComplexityHelperImpl] Updating password complexity components state.
I/Auth    ( 1779): [AuthManaged,PasswordComplexityHelperImpl] Disabling com.google.android.gms.auth.managed.admin.DeviceAdminReceiver
W/ModuleInitIntentOp( 2089): Dropping unexpected action com.google.android.gms.phenotype.COMMITTED
I/Auth    ( 1779): [AuthManaged,PasswordComplexityHelperImpl] Disabling com.google.android.gms.auth.managed.ui.SetNewPasswordActivity
D/dalvikvm( 1850): GC_EXPLICIT freed 271K, 22% free 6197K/7928K, paused 1ms+0ms, total 14ms
W/FsaEntryPointSwitcher( 2089): getServiceInfo failed for com.google.android.gms.people.sync.focus.ContactsSyncAdapterService
W/Conscrypt( 1779): Could not set socket write timeout: java.net.SocketException: Socket closed
W/Conscrypt( 1779): 	at com.google.android.gms.org.conscrypt.Platform.setSocketWriteTimeout(:com.google.android.gms@202414005@20.24.14 (000700-319035315):2)
W/Conscrypt( 1779): 	at com.google.android.gms.org.conscrypt.ConscryptFileDescriptorSocket.setSoWriteTimeout(:com.google.android.gms@202414005@20.24.14 (000700-319035315):0)
I/FsaEntryPointSwitcher( 2089): setting component enabled=1 for com.google.android.gms.people.sync.focus.ContactsSyncAdapterService
I/ahlt    ( 1779): updateFromConfigurations using legacy put method [CONTEXT service_id=204 ]
I/FsaEntryPointSwitcher( 2089): Setting component enabled succeeds.
I/FsaEntryPointSwitcher( 2089): setting component enabled=2 for com.google.android.syncadapters.contacts.ContactsSyncAdapterService
I/FsaEntryPointSwitcher( 2089): Setting component enabled succeeds.
I/Auth    ( 1779): [AuthManaged,PasswordComplexityHelperImpl] Updating password complexity components state.
I/Auth    ( 1779): [AuthManaged,PasswordComplexityHelperImpl] Disabling com.google.android.gms.auth.managed.admin.DeviceAdminReceiver
I/Auth    ( 1779): [AuthManaged,PasswordComplexityHelperImpl] Disabling com.google.android.gms.auth.managed.ui.SetNewPasswordActivity
I/Auth    ( 1779): [AuthManaged,PasswordComplexityHelperImpl] Updating password complexity components state.
I/Auth    ( 1779): [AuthManaged,PasswordComplexityHelperImpl] Disabling com.google.android.gms.auth.managed.admin.DeviceAdminReceiver
I/Auth    ( 1779): [AuthManaged,PasswordComplexityHelperImpl] Disabling com.google.android.gms.auth.managed.ui.SetNewPasswordActivity
W/Conscrypt( 1779): Could not set socket write timeout: java.net.SocketException: Socket closed
W/Conscrypt( 1779): 	at com.google.android.gms.org.conscrypt.Platform.setSocketWriteTimeout(:com.google.android.gms@202414005@20.24.14 (000700-319035315):2)
W/Conscrypt( 1779): 	at com.google.android.gms.org.conscrypt.ConscryptFileDescriptorSocket.setSoWriteTimeout(:com.google.android.gms@202414005@20.24.14 (000700-319035315):0)
I/Auth    ( 1779): [AuthManaged,PasswordComplexityHelperImpl] Updating password complexity components state.
I/Auth    ( 1779): [AuthManaged,PasswordComplexityHelperImpl] Disabling com.google.android.gms.auth.managed.admin.DeviceAdminReceiver
I/Auth    ( 1779): [AuthManaged,PasswordComplexityHelperImpl] Disabling com.google.android.gms.auth.managed.ui.SetNewPasswordActivity
I/Auth    ( 1779): [AuthManaged,PasswordComplexityHelperImpl] Updating password complexity components state.
I/Auth    ( 1779): [AuthManaged,PasswordComplexityHelperImpl] Disabling com.google.android.gms.auth.managed.admin.DeviceAdminReceiver
I/Auth    ( 1779): [AuthManaged,PasswordComplexityHelperImpl] Disabling com.google.android.gms.auth.managed.ui.SetNewPasswordActivity
I/ChromeSync( 2089): [Sync,SyncIntentOperation] Handling the intent: Intent { act=com.google.android.gms.phenotype.COMMITTED flg=0x10 pkg=com.google.android.gms cmp=com.google.android.gms/.chimera.GmsIntentOperationService (has extras) }.
I/MdiSyncModule( 2089): flag handling is skipping irrelevant intent.
W/ModuleInitIntentOp( 2089): Dropping unexpected action com.google.android.gms.phenotype.COMMITTED
I/PTCommittedOperation( 1779): Receive new configuration for org.chromium.net.cronet
D/dalvikvm( 1779): GC_FOR_ALLOC freed 2186K, 27% free 9416K/12848K, paused 11ms, total 11ms
I/Auth    ( 1779): [AuthManaged,PasswordComplexityHelperImpl] Updating password complexity components state.
I/Auth    ( 1779): [AuthManaged,PasswordComplexityHelperImpl] Disabling com.google.android.gms.auth.managed.admin.DeviceAdminReceiver
I/Auth    ( 1779): [AuthManaged,PasswordComplexityHelperImpl] Disabling com.google.android.gms.auth.managed.ui.SetNewPasswordActivity
I/ChromeSync( 2089): [Sync,SyncIntentOperation] Handling the intent: Intent { act=com.google.android.gms.phenotype.COMMITTED flg=0x10 pkg=com.google.android.gms cmp=com.google.android.gms/.chimera.GmsIntentOperationService (has extras) }.
I/MdiSyncModule( 2089): flag handling is skipping irrelevant intent.
I/PTCommittedOperation( 1779): Receive new configuration for com.google.android.gms.auth_api_phone
W/ModuleInitIntentOp( 2089): Dropping unexpected action com.google.android.gms.phenotype.COMMITTED
I/Auth    ( 1779): [AuthManaged,PasswordComplexityHelperImpl] Updating password complexity components state.
I/Auth    ( 1779): [AuthManaged,PasswordComplexityHelperImpl] Disabling com.google.android.gms.auth.managed.admin.DeviceAdminReceiver
I/Auth    ( 1779): [AuthManaged,PasswordComplexityHelperImpl] Disabling com.google.android.gms.auth.managed.ui.SetNewPasswordActivity
I/PTCommittedOperation( 1779): Receive new configuration for com.google.android.gms.auth_api_proxy
I/dalvikvm( 1779): JIT code cache full after ChainingCell (trace uses 96B)
I/ChromeSync( 2089): [Sync,SyncIntentOperation] Handling the intent: Intent { act=com.google.android.gms.phenotype.COMMITTED flg=0x10 pkg=com.google.android.gms cmp=com.google.android.gms/.chimera.GmsIntentOperationService (has extras) }.
I/MdiSyncModule( 2089): flag handling is skipping irrelevant intent.
W/ModuleInitIntentOp( 2089): Dropping unexpected action com.google.android.gms.phenotype.COMMITTED
D/dalvikvm( 2089): GC_FOR_ALLOC freed 1729K, 22% free 11741K/14956K, paused 16ms, total 16ms
D/dalvikvm( 1850): GC_EXPLICIT freed 148K, 22% free 6187K/7928K, paused 0ms+19ms, total 53ms
I/PTCommittedOperation( 1779): Receive new configuration for com.google.android.gms.reminders
I/ChromeSync( 2089): [Sync,SyncIntentOperation] Handling the intent: Intent { act=com.google.android.gms.phenotype.COMMITTED flg=0x10 pkg=com.google.android.gms cmp=com.google.android.gms/.chimera.GmsIntentOperationService (has extras) }.
I/MdiSyncModule( 2089): flag handling is skipping irrelevant intent.
W/ModuleInitIntentOp( 2089): Dropping unexpected action com.google.android.gms.phenotype.COMMITTED
E/GmsClient( 2089): unable to connect to service: com.google.android.gms.auth.key.retrieval.service.START on com.google.android.gms
W/ActivityManager( 1572): Unable to start service Intent { act=com.google.android.gms.auth.key.retrieval.service.START pkg=com.google.android.gms } U=0: not found
W/ActivityManager( 1572): Unbind failed: could not find connection for android.os.BinderProxy@9db0b2e8
D/dalvikvm( 1779): JIT code cache reset in 0 ms (523172 bytes 1/0)
D/dalvikvm( 1779): GC_FOR_ALLOC freed 1856K, 26% free 9607K/12848K, paused 11ms, total 11ms
D/dalvikvm( 2250): GC_FOR_ALLOC freed 1089K, 16% free 6745K/8020K, paused 3ms, total 4ms
I/ahju    ( 1779): Scheduling Phenotype for a PhenotypeSyncImmediately(12, com.google.android.gms) one off with window [1, 2] in seconds [CONTEXT service_id=51 ]
I/Auth    ( 1779): [AuthManaged,PasswordComplexityHelperImpl] Updating password complexity components state.
I/Auth    ( 1779): [AuthManaged,PasswordComplexityHelperImpl] Disabling com.google.android.gms.auth.managed.admin.DeviceAdminReceiver
I/Auth    ( 1779): [AuthManaged,PasswordComplexityHelperImpl] Disabling com.google.android.gms.auth.managed.ui.SetNewPasswordActivity
I/PTCommittedOperation( 1779): Receive new configuration for com.google.android.client_error_logging
I/ChromeSync( 2089): [Sync,SyncIntentOperation] Handling the intent: Intent { act=com.google.android.gms.phenotype.COMMITTED flg=0x10 pkg=com.google.android.gms cmp=com.google.android.gms/.chimera.GmsIntentOperationService (has extras) }.
I/MdiSyncModule( 2089): flag handling is skipping irrelevant intent.
W/ModuleInitIntentOp( 2089): Dropping unexpected action com.google.android.gms.phenotype.COMMITTED
D/dalvikvm( 1779): GC_FOR_ALLOC freed 2310K, 28% free 9345K/12848K, paused 13ms, total 13ms
D/dalvikvm( 1146): GC_EXPLICIT freed 40K, 8% free 2993K/3220K, paused 0ms+0ms, total 2ms
I/ActivityManager( 1572): Start proc com.google.android.play.games.ui for broadcast com.google.android.play.games/com.google.android.apps.play.games.features.experiments.PhenotypeBroadcastReceiver: pid=2840 uid=10043 gids={50043, 3003}
D/dalvikvm( 1146): GC_EXPLICIT freed <1K, 8% free 2993K/3220K, paused 0ms+0ms, total 2ms
I/Auth    ( 1779): [AuthManaged,PasswordComplexityHelperImpl] Updating password complexity components state.
I/Auth    ( 1779): [AuthManaged,PasswordComplexityHelperImpl] Disabling com.google.android.gms.auth.managed.admin.DeviceAdminReceiver
I/Auth    ( 1779): [AuthManaged,PasswordComplexityHelperImpl] Disabling com.google.android.gms.auth.managed.ui.SetNewPasswordActivity
D/dalvikvm( 1146): GC_EXPLICIT freed <1K, 8% free 2993K/3220K, paused 0ms+1ms, total 2ms
E/dalvikvm( 2840): Could not find class 'android.app.NotificationChannel', referenced from method com.google.android.apps.play.games.core.PlayGamesApplication.onCreate
W/dalvikvm( 2840): VFY: unable to resolve new-instance 420 (Landroid/app/NotificationChannel;) in Lcom/google/android/apps/play/games/core/PlayGamesApplication;
D/dalvikvm( 2840): VFY: replacing opcode 0x22 at 0x008d
E/dalvikvm( 2840): Could not find class 'android.app.NotificationChannelGroup', referenced from method com.google.android.apps.play.games.core.PlayGamesApplication.onCreate
W/dalvikvm( 2840): VFY: unable to resolve new-instance 421 (Landroid/app/NotificationChannelGroup;) in Lcom/google/android/apps/play/games/core/PlayGamesApplication;
D/dalvikvm( 2840): VFY: replacing opcode 0x22 at 0x0131
D/dalvikvm( 2840): DexOpt: couldn't find static field Landroid/os/Build;.SUPPORTED_ABIS
W/dalvikvm( 2840): VFY: unable to resolve static field 1664 (SUPPORTED_ABIS) in Landroid/os/Build;
D/dalvikvm( 2840): VFY: replacing opcode 0x62 at 0x01a4
E/dalvikvm( 2840): Could not find class 'android.app.NotificationChannel', referenced from method com.google.android.apps.play.games.core.PlayGamesApplication.onCreate
W/dalvikvm( 2840): VFY: unable to resolve new-instance 420 (Landroid/app/NotificationChannel;) in Lcom/google/android/apps/play/games/core/PlayGamesApplication;
D/dalvikvm( 2840): VFY: replacing opcode 0x22 at 0x03e6
D/dalvikvm( 2840): DexOpt: unable to opt direct call 0x0b8a at 0x98 in Lcom/google/android/apps/play/games/core/PlayGamesApplication;.onCreate
D/dalvikvm( 2840): DexOpt: unable to opt direct call 0x0b8a at 0xa9 in Lcom/google/android/apps/play/games/core/PlayGamesApplication;.onCreate
D/dalvikvm( 2840): DexOpt: unable to opt direct call 0x0b8a at 0xba in Lcom/google/android/apps/play/games/core/PlayGamesApplication;.onCreate
I/Auth    ( 1779): [AuthManaged,PasswordComplexityHelperImpl] Updating password complexity components state.
D/dalvikvm( 2840): DexOpt: unable to opt direct call 0x0b8a at 0xcb in Lcom/google/android/apps/play/games/core/PlayGamesApplication;.onCreate
I/Auth    ( 1779): [AuthManaged,PasswordComplexityHelperImpl] Disabling com.google.android.gms.auth.managed.admin.DeviceAdminReceiver
D/dalvikvm( 2840): DexOpt: unable to opt direct call 0x0b8a at 0xdc in Lcom/google/android/apps/play/games/core/PlayGamesApplication;.onCreate
I/Auth    ( 1779): [AuthManaged,PasswordComplexityHelperImpl] Disabling com.google.android.gms.auth.managed.ui.SetNewPasswordActivity
D/dalvikvm( 2840): DexOpt: unable to opt direct call 0x0b8a at 0xed in Lcom/google/android/apps/play/games/core/PlayGamesApplication;.onCreate
D/dalvikvm( 2840): DexOpt: unable to opt direct call 0x0b8a at 0x107 in Lcom/google/android/apps/play/games/core/PlayGamesApplication;.onCreate
D/dalvikvm( 2840): DexOpt: unable to opt direct call 0x0b95 at 0x135 in Lcom/google/android/apps/play/games/core/PlayGamesApplication;.onCreate
D/dalvikvm( 2840): DexOpt: unable to opt direct call 0x0b8a at 0x144 in Lcom/google/android/apps/play/games/core/PlayGamesApplication;.onCreate
D/dalvikvm( 2840): DexOpt: unable to opt direct call 0x0b8a at 0x160 in Lcom/google/android/apps/play/games/core/PlayGamesApplication;.onCreate
I/ahju    ( 1779): Scheduling a periodic sync task every 14400 seconds, with flex of 1800 seconds [CONTEXT service_id=51 ]
D/dalvikvm( 2840): DexOpt: unable to opt direct call 0x0b8a at 0x3eb in Lcom/google/android/apps/play/games/core/PlayGamesApplication;.onCreate
I/dalvikvm( 2840): Could not find method android.app.Notification.getChannelId, referenced from method keu.a
W/dalvikvm( 2840): VFY: unable to resolve virtual method 2951: Landroid/app/Notification;.getChannelId ()Ljava/lang/String;
D/dalvikvm( 2840): VFY: replacing opcode 0x6e at 0x0010
I/dalvikvm( 2840): Could not find method android.content.Context.createDeviceProtectedStorageContext, referenced from method hgf.a
W/dalvikvm( 2840): VFY: unable to resolve virtual method 3139: Landroid/content/Context;.createDeviceProtectedStorageContext ()Landroid/content/Context;
D/dalvikvm( 2840): VFY: replacing opcode 0x6e at 0x0029
I/dalvikvm( 2840): Could not find method android.content.Context.getSystemService, referenced from method hgf.a
W/dalvikvm( 2840): VFY: unable to resolve virtual method 3171: Landroid/content/Context;.getSystemService (Ljava/lang/Class;)Ljava/lang/Object;
D/dalvikvm( 2840): VFY: replacing opcode 0x6e at 0x0009
I/dalvikvm( 2840): Could not find method android.content.Context.createDeviceProtectedStorageContext, referenced from method nzv.a
W/dalvikvm( 2840): VFY: unable to resolve virtual method 3139: Landroid/content/Context;.createDeviceProtectedStorageContext ()Landroid/content/Context;
D/dalvikvm( 2840): VFY: replacing opcode 0x6e at 0x0031
I/dalvikvm( 2840): Could not find method android.content.Context.isDeviceProtectedStorage, referenced from method mlu.a
W/dalvikvm( 2840): VFY: unable to resolve virtual method 3177: Landroid/content/Context;.isDeviceProtectedStorage ()Z
D/dalvikvm( 2840): VFY: replacing opcode 0x6e at 0x0018
E/dalvikvm( 2840): Could not find class 'android.app.NotificationChannel', referenced from method fsr.a
I/ahju    ( 1779): Scheduling adaptive one off task with window [14400, 604800] in seconds [CONTEXT service_id=51 ]
W/dalvikvm( 2840): VFY: unable to resolve new-instance 420 (Landroid/app/NotificationChannel;) in Lfsr;
D/dalvikvm( 2840): VFY: replacing opcode 0x22 at 0x0236
D/dalvikvm( 2840): DexOpt: unable to opt direct call 0x0b8a at 0x23d in Lfsr;.a
I/dalvikvm( 2840): Failed resolving Lnok; interface 1015 'Landroid/view/Window$OnFrameMetricsAvailableListener;'
W/dalvikvm( 2840): Link of class 'Lnok;' failed
I/dalvikvm( 2840): Failed resolving Lnok; interface 1015 'Landroid/view/Window$OnFrameMetricsAvailableListener;'
W/dalvikvm( 2840): Link of class 'Lnok;' failed
I/dalvikvm( 2840): Failed resolving Lnok; interface 1015 'Landroid/view/Window$OnFrameMetricsAvailableListener;'
W/dalvikvm( 2840): Link of class 'Lnok;' failed
W/dalvikvm( 2840): VFY: unable to resolve instance field 27376
D/dalvikvm( 2840): VFY: replacing opcode 0x5c at 0x06cf
I/dalvikvm( 2840): Failed resolving Lnok; interface 1015 'Landroid/view/Window$OnFrameMetricsAvailableListener;'
W/dalvikvm( 2840): Link of class 'Lnok;' failed
I/dalvikvm( 2840): Failed resolving Lnok; interface 1015 'Landroid/view/Window$OnFrameMetricsAvailableListener;'
W/dalvikvm( 2840): Link of class 'Lnok;' failed
D/dalvikvm( 2840): GC_FOR_ALLOC freed 360K, 15% free 3145K/3692K, paused 2ms, total 2ms
W/PrimesInit( 2840): Primes instant initialization
